D/InputEventConsistencyVerifier(  425):   4: sent at 162994000000, (unhandled) KeyEvent { action=ACTION_UP, keyCode=KEYCODE_DPAD_UP, scanCode=0, metaState=0, flags=0x400, repeatCount=0, eventTime=162994, downTime=162994, deviceId=-1, source=0x101 }
D/InputEventConsistencyVerifier(  425):   5: sent at 162994000000, (unhandled) KeyEvent { action=ACTION_DOWN, keyCode=KEYCODE_DPAD_UP, scanCode=0, metaState=0, flags=0x400, repeatCount=0, eventTime=162994, downTime=162994, deviceId=-1, source=0x101 }
W/dalvikvm(  425): DroidBox: { "FdAccess": { "path": "2f70726f632f6d656d696e666f", "id": "1900465927" } }
W/DroidBox(  425): DroidBox: { "FileRW": { "operation": "read", "data": "4d656d546f74616c3a202020202020202020373438393634206b420a4d656d467265653a20202020202020202020343432373430206b420a427566666572733a20202020202020202020202035353030206b420a4361636865643a202020202020202020", "id": "1900465927" } }
D/InputEventConsistencyVerifier(  425): TouchEvent: ACTION_DOWN but pointers are already down.  Probably missing ACTION_UP from previous gesture.
D/InputEventConsistencyVerifier(  425):   in android.view.ScaleGestureDetector@b3efc968
D/InputEventConsistencyVerifier(  425):   0: sent at 163413000000, MotionEvent { action=ACTION_DOWN, id[0]=0, x[0]=442.0, y[0]=618.0, toolType[0]=TOOL_TYPE_UNKNOWN, buttonState=0, metaState=0, flags=0x0, edgeFlags=0x0, pointerCount=1, historySize=0, eventTime=163413, downTime=163413, deviceId=0, source=0x1002 }
D/InputEventConsistencyVerifier(  425):   -- recent events --
D/InputEventConsistencyVerifier(  425):   1: sent at 163347000000, MotionEvent { action=ACTION_DOWN, id[0]=0, x[0]=402.0, y[0]=181.0, toolType[0]=TOOL_TYPE_UNKNOWN, buttonState=0, metaState=0, flags=0x0, edgeFlags=0x0, pointerCount=1, historySize=0, eventTime=163347, downTime=163346, deviceId=0, source=0x1002 }
D/InputEventConsistencyVerifier(  425):   2: sent at 162712000000, MotionEvent { action=ACTION_UP, id[0]=0, x[0]=436.0, y[0]=19.0, toolType[0]=TOOL_TYPE_UNKNOWN, buttonState=0, metaState=0, flags=0x0, edgeFlags=0x0, pointerCount=1, historySize=0, eventTime=162712, downTime=162657, deviceId=0, source=0x1002 }
D/InputEventConsistencyVerifier(  425):   3: sent at 162657000000, MotionEvent { action=ACTION_DOWN, id[0]=0, x[0]=437.0, y[0]=19.0, toolType[0]=TOOL_TYPE_UNKNOWN, buttonState=0, metaState=0, flags=0x80000000, edgeFlags=0x0, pointerCount=1, historySize=0, eventTime=162657, downTime=162657, deviceId=0, source=0x1002 }
D/InputEventConsistencyVerifier(  425):   4: sent at 159147000000, MotionEvent { action=ACTION_DOWN, id[0]=0, x[0]=1.0, y[0]=186.0, toolType[0]=TOOL_TYPE_UNKNOWN, buttonState=0, metaState=0, flags=0x80000000, edgeFlags=0x0, pointerCount=1, historySize=0, eventTime=159147, downTime=159146, deviceId=0, source=0x1002 }
D/InputEventConsistencyVerifier(  425):   5: sent at 159099000000, MotionEvent { action=ACTION_DOWN, id[0]=0, x[0]=9.0, y[0]=725.0, toolType[0]=TOOL_TYPE_UNKNOWN, buttonState=0, metaState=0, flags=0x0, edgeFlags=0x0, pointerCount=1, historySize=0, eventTime=159099, downTime=159099, deviceId=0, source=0x1002 }
I/Choreographer(  425): Skipped 62 frames!  The application may be doing too much work on its main thread.
D/PhoneStatusBar(  425): disable: < expand icons alerts ticker* system_info back home recent clock >
V/PhoneStatusBar(  425): setLightsOn(true)
D/InputEventConsistencyVerifier(  970): KeyEvent: ACTION_UP but key was not down.
D/InputEventConsistencyVerifier(  970):   in android.view.ViewRootImpl@b3edf360
D/InputEventConsistencyVerifier(  970):   0: sent at 163601000000, KeyEvent { action=ACTION_UP, keyCode=KEYCODE_NUMPAD_MULTIPLY, scanCode=0, metaState=0, flags=0x8, repeatCount=0, eventTime=163601, downTime=163601, deviceId=-1, source=0x101 }
I/ActivityManager(  230): START {act=android.intent.action.MAIN cat=[android.intent.category.LAUNCHER] flg=0x10000000 cmp=com.android.calendar/.AllInOneActivity sel={act=android.intent.action.MAIN cat=[android.intent.category.APP_CALENDAR]} u=0} from pid 230
D/InputEventConsistencyVerifier(  970): KeyEvent: ACTION_UP but key was not down.
D/InputEventConsistencyVerifier(  970):   in android.view.ViewRootImpl@b3edf360
D/InputEventConsistencyVerifier(  970):   0: sent at 163927000000, KeyEvent { action=ACTION_UP, keyCode=KEYCODE_CALENDAR, scanCode=0, metaState=0, flags=0x8, repeatCount=0, eventTime=163927, downTime=163927, deviceId=-1, source=0x101 }
D/InputEventConsistencyVerifier(  970):   -- recent events --
D/InputEventConsistencyVerifier(  970):   1: sent at 163601000000, KeyEvent { action=ACTION_UP, keyCode=KEYCODE_NUMPAD_MULTIPLY, scanCode=0, metaState=0, flags=0x80000008, repeatCount=0, eventTime=163601, downTime=163601, deviceId=-1, source=0x101 }
W/ProcessStats(  230): Skipping unknown process pid 1097
W/InputManager(  230): Input event injection from pid 949 failed.
I/ActivityManager(  230): START {act=android.intent.action.MAIN cat=[android.intent.category.LAUNCHER] flg=0x10200000 cmp=com.tutusw.fingerscanner/.SettingsActivity u=0} from pid 949
W/InputMethodManagerService(  230): Window already focused, ignoring focus gain of: com.android.internal.view.IInputMethodClient$Stub$Proxy@b41dda58 attribute=null
E/WVMExtractor(   61): Failed to open libwvm.so
E/NetdConnector(  230): NDC Command {11 bandwidth setiquota eth0 9223372036854775807} took too long (1393ms)
I/Choreographer(  970): Skipped 39 frames!  The application may be doing too much work on its main thread.
D/InputEventConsistencyVerifier(  970): TrackballEvent: Trackball is down but pressure is not greater than 0.
D/InputEventConsistencyVerifier(  970):   in android.view.ViewRootImpl@b3f02c78
D/InputEventConsistencyVerifier(  970):   0: sent at 165174000000, MotionEvent { action=ACTION_DOWN, id[0]=0, x[0]=0.0, y[0]=0.0, toolType[0]=TOOL_TYPE_UNKNOWN, buttonState=0, metaState=0, flags=0x0, edgeFlags=0x0, pointerCount=1, historySize=0, eventTime=165174, downTime=164984, deviceId=0, source=0x10004 }
D/InputEventConsistencyVerifier(  970):   -- recent events --
D/InputEventConsistencyVerifier(  970):   1: sent at 165242000000, KeyEvent { action=ACTION_UP, keyCode=KEYCODE_DPAD_DOWN, scanCode=0, metaState=0, flags=0x400, repeatCount=0, eventTime=165242, downTime=165242, deviceId=-1, source=0x101 }
D/InputEventConsistencyVerifier(  970):   2: sent at 165242000000, KeyEvent { action=ACTION_DOWN, keyCode=KEYCODE_DPAD_DOWN, scanCode=0, metaState=0, flags=0x400, repeatCount=0, eventTime=165242, downTime=165242, deviceId=-1, source=0x101 }
D/InputEventConsistencyVerifier(  970):   3: sent at 165239000000, KeyEvent { action=ACTION_UP, keyCode=KEYCODE_DPAD_DOWN, scanCode=0, metaState=0, flags=0x400, repeatCount=0, eventTime=165239, downTime=165239, deviceId=-1, source=0x101 }
D/InputEventConsistencyVerifier(  970):   4: sent at 165239000000, KeyEvent { action=ACTION_DOWN, keyCode=KEYCODE_DPAD_DOWN, scanCode=0, metaState=0, flags=0x400, repeatCount=0, eventTime=165239, downTime=165239, deviceId=-1, source=0x101 }
D/InputEventConsistencyVerifier(  970):   5: sent at 165172000000, MotionEvent { action=ACTION_MOVE, id[0]=0, x[0]=-2.0, y[0]=2.0, toolType[0]=TOOL_TYPE_UNKNOWN, buttonState=0, metaState=0, flags=0x0, edgeFlags=0x0, pointerCount=1, historySize=9, eventTime=165172, downTime=-1, deviceId=0, source=0x10004 }
I/Choreographer(  970): Skipped 115 frames!  The application may be doing too much work on its main thread.
E/NetdConnector(  230): NDC Command {12 bandwidth removeiquota eth0} took too long (727ms)
I/Choreographer(  970): Skipped 58 frames!  The application may be doing too much work on its main thread.
W/InputMethodManagerService(  230): Window already focused, ignoring focus gain of: com.android.internal.view.IInputMethodClient$Stub$Proxy@b41ff380 attribute=null
E/WVMExtractor(   61): Failed to open libwvm.so
E/WVMExtractor(   61): Failed to open libwvm.so
E/NetdConnector(  230): NDC Command {13 bandwidth setiquota eth0 9223372036854775807} took too long (1174ms)
E/WVMExtractor(   61): Failed to open libwvm.so
E/WVMExtractor(   61): Failed to open libwvm.so
W/InputMethodManagerService(  230): Window already focused, ignoring focus gain of: com.android.internal.view.IInputMethodClient$Stub$Proxy@b3ec74b8 attribute=null
I/Choreographer(  970): Skipped 32 frames!  The application may be doing too much work on its main thread.
E/WVMExtractor(   61): Failed to open libwvm.so
E/WVMExtractor(   61): Failed to open libwvm.so
E/WVMExtractor(   61): Failed to open libwvm.so
I/Choreographer(  970): Skipped 31 frames!  The application may be doing too much work on its main thread.
I/Choreographer(  970): Skipped 41 frames!  The application may be doing too much work on its main thread.
E/WVMExtractor(   61): Failed to open libwvm.so
D/InputEventConsistencyVerifier(  970): TrackballEvent: Trackball is down but pressure is not greater than 0.
D/InputEventConsistencyVerifier(  970):   in android.view.ViewRootImpl@b3ea65f0
D/InputEventConsistencyVerifier(  970):   0: sent at 168914000000, MotionEvent { action=ACTION_DOWN, id[0]=0, x[0]=0.0, y[0]=0.0, toolType[0]=TOOL_TYPE_UNKNOWN, buttonState=0, metaState=0, flags=0x0, edgeFlags=0x0, pointerCount=1, historySize=0, eventTime=168914, downTime=168858, deviceId=0, source=0x10004 }
D/InputEventConsistencyVerifier(  970):   -- recent events --
D/InputEventConsistencyVerifier(  970):   1: sent at 168999000000, KeyEvent { action=ACTION_UP, keyCode=KEYCODE_DPAD_DOWN, scanCode=0, metaState=0, flags=0x400, repeatCount=0, eventTime=168999, downTime=168999, deviceId=-1, source=0x101 }
D/InputEventConsistencyVerifier(  970):   2: sent at 168999000000, KeyEvent { action=ACTION_DOWN, keyCode=KEYCODE_DPAD_DOWN, scanCode=0, metaState=0, flags=0x400, repeatCount=0, eventTime=168999, downTime=168999, deviceId=-1, source=0x101 }
D/InputEventConsistencyVerifier(  970):   3: sent at 168998000000, KeyEvent { action=ACTION_UP, keyCode=KEYCODE_DPAD_DOWN, scanCode=0, metaState=0, flags=0x400, repeatCount=0, eventTime=168998, downTime=168998, deviceId=-1, source=0x101 }
D/InputEventConsistencyVerifier(  970):   4: sent at 168998000000, KeyEvent { action=ACTION_DOWN, keyCode=KEYCODE_DPAD_DOWN, scanCode=0, metaState=0, flags=0x400, repeatCount=0, eventTime=168998, downTime=168998, deviceId=-1, source=0x101 }
D/InputEventConsistencyVerifier(  970):   5: sent at 168997000000, KeyEvent { action=ACTION_UP, keyCode=KEYCODE_DPAD_DOWN, scanCode=0, metaState=0, flags=0x400, repeatCount=0, eventTime=168997, downTime=168997, deviceId=-1, source=0x101 }
E/WVMExtractor(   61): Failed to open libwvm.so
E/WVMExtractor(   61): Failed to open libwvm.so
E/WVMExtractor(   61): Failed to open libwvm.so
E/WVMExtractor(   61): Failed to open libwvm.so
E/WVMExtractor(   61): Failed to open libwvm.so
E/WVMExtractor(   61): Failed to open libwvm.so
E/WVMExtractor(   61): Failed to open libwvm.so
E/WVMExtractor(   61): Failed to open libwvm.so
E/WVMExtractor(   61): Failed to open libwvm.so
E/WVMExtractor(   61): Failed to open libwvm.so
E/WVMExtractor(   61): Failed to open libwvm.so
E/WVMExtractor(   61): Failed to open libwvm.so
E/WVMExtractor(   61): Failed to open libwvm.so
I/Choreographer(  970): Skipped 33 frames!  The application may be doing too much work on its main thread.
W/InputMethodManagerService(  230): Window already focused, ignoring focus gain of: com.android.internal.view.IInputMethodClient$Stub$Proxy@b40117a0 attribute=null
I/Choreographer(  970): Skipped 81 frames!  The application may be doing too much work on its main thread.
E/WVMExtractor(   61): Failed to open libwvm.so
D/InputEventConsistencyVerifier(  970): TrackballEvent: Trackball is down but pressure is not greater than 0.
D/InputEventConsistencyVerifier(  970):   in android.view.ViewRootImpl@b3f1c950
D/InputEventConsistencyVerifier(  970):   0: sent at 175300000000, MotionEvent { action=ACTION_DOWN, id[0]=0, x[0]=0.0, y[0]=0.0, toolType[0]=TOOL_TYPE_UNKNOWN, buttonState=0, metaState=0, flags=0x0, edgeFlags=0x0, pointerCount=1, historySize=0, eventTime=175300, downTime=175168, deviceId=0, source=0x10004 }
D/InputEventConsistencyVerifier(  970):   -- recent events --
D/InputEventConsistencyVerifier(  970):   1: sent at 175414000000, KeyEvent { action=ACTION_UP, keyCode=KEYCODE_DPAD_DOWN, scanCode=0, metaState=0, flags=0x400, repeatCount=0, eventTime=175414, downTime=175414, deviceId=-1, source=0x101 }
D/InputEventConsistencyVerifier(  970):   2: sent at 175414000000, KeyEvent { action=ACTION_DOWN, keyCode=KEYCODE_DPAD_DOWN, scanCode=0, metaState=0, flags=0x400, repeatCount=0, eventTime=175414, downTime=175414, deviceId=-1, source=0x101 }
D/InputEventConsistencyVerifier(  970):   3: sent at 175412000000, KeyEvent { action=ACTION_UP, keyCode=KEYCODE_DPAD_DOWN, scanCode=0, metaState=0, flags=0x400, repeatCount=0, eventTime=175412, downTime=175412, deviceId=-1, source=0x101 }
D/InputEventConsistencyVerifier(  970):   4: sent at 175412000000, KeyEvent { action=ACTION_DOWN, keyCode=KEYCODE_DPAD_DOWN, scanCode=0, metaState=0, flags=0x400, repeatCount=0, eventTime=175412, downTime=175412, deviceId=-1, source=0x101 }
D/InputEventConsistencyVerifier(  970):   5: sent at 175297000000, MotionEvent { action=ACTION_MOVE, id[0]=0, x[0]=-2.0, y[0]=2.0, toolType[0]=TOOL_TYPE_UNKNOWN, buttonState=0, metaState=0, flags=0x0, edgeFlags=0x0, pointerCount=1, historySize=13, eventTime=175297, downTime=-1, deviceId=0, source=0x10004 }
I/Choreographer(  970): Skipped 181 frames!  The application may be doing too much work on its main thread.
W/InputMethodManagerService(  230): Window already focused, ignoring focus gain of: com.android.internal.view.IInputMethodClient$Stub$Proxy@b408d670 attribute=null
E/WVMExtractor(   61): Failed to open libwvm.so
I/ActivityManager(  230): START {act=android.intent.action.MAIN cat=[android.intent.category.LAUNCHER] flg=0x10200000 cmp=com.tutusw.fingerscanner/.SettingsActivity u=0} from pid 949
E/WVMExtractor(   61): Failed to open libwvm.so
E/WVMExtractor(   61): Failed to open libwvm.so
E/WVMExtractor(   61): Failed to open libwvm.so
E/WVMExtractor(   61): Failed to open libwvm.so
W/WindowManager(  230): Failure taking screenshot for (246x410) to layer 21015
E/WVMExtractor(   61): Failed to open libwvm.so
W/DroidBox(  970): DroidBox: { "ServiceStart": { "name": "com.tutusw.fingerscanner.SleepService" } }
V/PhoneStatusBar(  425): setLightsOn(true)
D/InputEventConsistencyVerifier(  970): KeyEvent: ACTION_UP but key was not down.
D/InputEventConsistencyVerifier(  970):   in android.view.ViewRootImpl@b3e67ac0
D/InputEventConsistencyVerifier(  970):   0: sent at 178169000000, KeyEvent { action=ACTION_UP, keyCode=KEYCODE_DPAD_LEFT, scanCode=0, metaState=0, flags=0x8, repeatCount=0, eventTime=178169, downTime=178169, deviceId=-1, source=0x101 }
D/InputEventConsistencyVerifier(  970):   -- recent events --
D/InputEventConsistencyVerifier(  970):   1: sent at 108513000000, MotionEvent { action=ACTION_UP, id[0]=0, x[0]=432.0, y[0]=722.0, toolType[0]=TOOL_TYPE_UNKNOWN, buttonState=0, metaState=0, flags=0x1, edgeFlags=0x0, pointerCount=1, historySize=0, eventTime=108513, downTime=107476, deviceId=0, source=0x1002 }
D/InputEventConsistencyVerifier(  970):   2: sent at 107477000000, MotionEvent { action=ACTION_DOWN, id[0]=0, x[0]=427.0, y[0]=724.0, toolType[0]=TOOL_TYPE_UNKNOWN, buttonState=0, metaState=0, flags=0x1, edgeFlags=0x0, pointerCount=1, historySize=0, eventTime=107477, downTime=107476, deviceId=0, source=0x1002 }
D/InputEventConsistencyVerifier(  970):   3: sent at 105267000000, KeyEvent { action=ACTION_UP, keyCode=KEYCODE_MENU, scanCode=0, metaState=0, flags=0x8, repeatCount=0, eventTime=105267, downTime=105267, deviceId=-1, source=0x101 }
D/InputEventConsistencyVerifier(  970):   4: sent at 102078000000, KeyEvent { action=ACTION_DOWN, keyCode=KEYCODE_MENU, scanCode=0, metaState=0, flags=0x8, repeatCount=0, eventTime=102078, downTime=102078, deviceId=-1, source=0x101 }
E/WVMExtractor(   61): Failed to open libwvm.so
I/Choreographer(  970): Skipped 109 frames!  The application may be doing too much work on its main thread.
E/WVMExtractor(   61): Failed to open libwvm.so
I/Choreographer(  970): Skipped 98 frames!  The application may be doing too much work on its main thread.
E/WVMExtractor(   61): Failed to open libwvm.so
E/WVMExtractor(   61): Failed to open libwvm.so
E/WVMExtractor(   61): Failed to open libwvm.so
I/Choreographer(  970): Skipped 102 frames!  The application may be doing too much work on its main thread.
E/ActivityThread(  482): Failed to find provider info for com.android.inputmethod.latin.dictionarypack
E/BinaryDictionaryGetter(  482): Could not find a dictionary pack
E/WVMExtractor(   61): Failed to open libwvm.so
D/InputEventConsistencyVerifier(  425): TouchEvent: ACTION_DOWN but pointers are already down.  Probably missing ACTION_UP from previous gesture.
D/InputEventConsistencyVerifier(  425):   in android.view.ScaleGestureDetector@b3efc968
D/InputEventConsistencyVerifier(  425):   0: sent at 181440000000, MotionEvent { action=ACTION_DOWN, id[0]=0, x[0]=274.0, y[0]=2.0, toolType[0]=TOOL_TYPE_UNKNOWN, buttonState=0, metaState=0, flags=0x0, edgeFlags=0x0, pointerCount=1, historySize=0, eventTime=181440, downTime=181440, deviceId=0, source=0x1002 }
D/InputEventConsistencyVerifier(  425):   -- recent events --
D/InputEventConsistencyVerifier(  425):   1: sent at 163413000000, MotionEvent { action=ACTION_DOWN, id[0]=0, x[0]=442.0, y[0]=618.0, toolType[0]=TOOL_TYPE_UNKNOWN, buttonState=0, metaState=0, flags=0x80000000, edgeFlags=0x0, pointerCount=1, historySize=0, eventTime=163413, downTime=163413, deviceId=0, source=0x1002 }
D/InputEventConsistencyVerifier(  425):   2: sent at 163347000000, MotionEvent { action=ACTION_DOWN, id[0]=0, x[0]=402.0, y[0]=181.0, toolType[0]=TOOL_TYPE_UNKNOWN, buttonState=0, metaState=0, flags=0x0, edgeFlags=0x0, pointerCount=1, historySize=0, eventTime=163347, downTime=163346, deviceId=0, source=0x1002 }
D/InputEventConsistencyVerifier(  425):   3: sent at 162712000000, MotionEvent { action=ACTION_UP, id[0]=0, x[0]=436.0, y[0]=19.0, toolType[0]=TOOL_TYPE_UNKNOWN, buttonState=0, metaState=0, flags=0x0, edgeFlags=0x0, pointerCount=1, historySize=0, eventTime=162712, downTime=162657, deviceId=0, source=0x1002 }
D/InputEventConsistencyVerifier(  425):   4: sent at 162657000000, MotionEvent { action=ACTION_DOWN, id[0]=0, x[0]=437.0, y[0]=19.0, toolType[0]=TOOL_TYPE_UNKNOWN, buttonState=0, metaState=0, flags=0x80000000, edgeFlags=0x0, pointerCount=1, historySize=0, eventTime=162657, downTime=162657, deviceId=0, source=0x1002 }
D/InputEventConsistencyVerifier(  425):   5: sent at 159147000000, MotionEvent { action=ACTION_DOWN, id[0]=0, x[0]=1.0, y[0]=186.0, toolType[0]=TOOL_TYPE_UNKNOWN, buttonState=0, metaState=0, flags=0x80000000, edgeFlags=0x0, pointerCount=1, historySize=0, eventTime=159147, downTime=159146, deviceId=0, source=0x1002 }
D/InputEventConsistencyVerifier(  425): KeyEvent: ACTION_UP but key was not down.
D/InputEventConsistencyVerifier(  425):   in com.android.systemui.statusbar.phone.StatusBarWindowView@b3e5c290
D/InputEventConsistencyVerifier(  425):   0: sent at 181547000000, KeyEvent { action=ACTION_UP, keyCode=KEYCODE_DPAD_CENTER, scanCode=0, metaState=0, flags=0x8, repeatCount=0, eventTime=181547, downTime=181547, deviceId=-1, source=0x101 }
D/InputEventConsistencyVerifier(  425):   -- recent events --
D/InputEventConsistencyVerifier(  425):   1: sent at 181454000000, MotionEvent { action=ACTION_UP, id[0]=0, x[0]=269.0, y[0]=6.0, toolType[0]=TOOL_TYPE_UNKNOWN, buttonState=0, metaState=0, flags=0x0, edgeFlags=0x0, pointerCount=1, historySize=0, eventTime=181454, downTime=181440, deviceId=0, source=0x1002 }
D/InputEventConsistencyVerifier(  425):   2: sent at 181440000000, MotionEvent { action=ACTION_DOWN, id[0]=0, x[0]=274.0, y[0]=2.0, toolType[0]=TOOL_TYPE_UNKNOWN, buttonState=0, metaState=0, flags=0x0, edgeFlags=0x0, pointerCount=1, historySize=0, eventTime=181440, downTime=181440, deviceId=0, source=0x1002 }
D/InputEventConsistencyVerifier(  425):   3: sent at 163686000000, (unhandled) KeyEvent { action=ACTION_UP, keyCode=KEYCODE_NUMPAD_MULTIPLY, scanCode=0, metaState=0, flags=0x28, repeatCount=0, eventTime=163686, downTime=163430, deviceId=-1, source=0x101 }
D/InputEventConsistencyVerifier(  425):   4: sent at 163430000000, (unhandled) KeyEvent { action=ACTION_DOWN, keyCode=KEYCODE_NUMPAD_MULTIPLY, scanCode=0, metaState=0, flags=0x8, repeatCount=0, eventTime=163430, downTime=163430, deviceId=-1, source=0x101 }
D/InputEventConsistencyVerifier(  425):   5: sent at 163424000000, MotionEvent { action=ACTION_UP, id[0]=0, x[0]=454.0, y[0]=618.0, toolType[0]=TOOL_TYPE_UNKNOWN, buttonState=0, metaState=0, flags=0x0, edgeFlags=0x0, pointerCount=1, historySize=0, eventTime=163424, downTime=163413, deviceId=0, source=0x1002 }
W/dalvikvm(  425): DroidBox: { "FdAccess": { "path": "2f70726f632f6d656d696e666f", "id": "1949310466" } }
W/DroidBox(  425): DroidBox: { "FileRW": { "operation": "read", "data": "4d656d546f74616c3a202020202020202020373438393634206b420a4d656d467265653a20202020202020202020343430393936206b420a427566666572733a20202020202020202020202035353136206b420a4361636865643a202020202020202020", "id": "1949310466" } }
I/Choreographer(  970): Skipped 226 frames!  The application may be doing too much work on its main thread.
D/InputEventConsistencyVerifier(  425): TouchEvent: ACTION_DOWN but pointers are already down.  Probably missing ACTION_UP from previous gesture.
D/InputEventConsistencyVerifier(  425):   in android.view.ScaleGestureDetector@b3efc968
D/InputEventConsistencyVerifier(  425):   0: sent at 181699000000, MotionEvent { action=ACTION_DOWN, id[0]=0, x[0]=42.0, y[0]=271.0, toolType[0]=TOOL_TYPE_UNKNOWN, buttonState=0, metaState=0, flags=0x0, edgeFlags=0x0, pointerCount=1, historySize=0, eventTime=181699, downTime=181698, deviceId=0, source=0x1002 }
D/InputEventConsistencyVerifier(  425):   -- recent events --
D/InputEventConsistencyVerifier(  425):   1: sent at 181642000000, MotionEvent { action=ACTION_DOWN, id[0]=0, x[0]=30.0, y[0]=630.0, toolType[0]=TOOL_TYPE_UNKNOWN, buttonState=0, metaState=0, flags=0x0, edgeFlags=0x0, pointerCount=1, historySize=0, eventTime=181642, downTime=181642, deviceId=0, source=0x1002 }
D/InputEventConsistencyVerifier(  425):   2: sent at 181454000000, MotionEvent { action=ACTION_UP, id[0]=0, x[0]=269.0, y[0]=6.0, toolType[0]=TOOL_TYPE_UNKNOWN, buttonState=0, metaState=0, flags=0x0, edgeFlags=0x0, pointerCount=1, historySize=0, eventTime=181454, downTime=181440, deviceId=0, source=0x1002 }
D/InputEventConsistencyVerifier(  425):   3: sent at 181440000000, MotionEvent { action=ACTION_DOWN, id[0]=0, x[0]=274.0, y[0]=2.0, toolType[0]=TOOL_TYPE_UNKNOWN, buttonState=0, metaState=0, flags=0x80000000, edgeFlags=0x0, pointerCount=1, historySize=0, eventTime=181440, downTime=181440, deviceId=0, source=0x1002 }
D/InputEventConsistencyVerifier(  425):   4: sent at 163413000000, MotionEvent { action=ACTION_DOWN, id[0]=0, x[0]=442.0, y[0]=618.0, toolType[0]=TOOL_TYPE_UNKNOWN, buttonState=0, metaState=0, flags=0x80000000, edgeFlags=0x0, pointerCount=1, historySize=0, eventTime=163413, downTime=163413, deviceId=0, source=0x1002 }
D/InputEventConsistencyVerifier(  425):   5: sent at 163347000000, MotionEvent { action=ACTION_DOWN, id[0]=0, x[0]=402.0, y[0]=181.0, toolType[0]=TOOL_TYPE_UNKNOWN, buttonState=0, metaState=0, flags=0x0, edgeFlags=0x0, pointerCount=1, historySize=0, eventTime=163347, downTime=163346, deviceId=0, source=0x1002 }
I/Choreographer(  425): Skipped 100 frames!  The application may be doing too much work on its main thread.
D/InputEventConsistencyVerifier(  425): KeyEvent: ACTION_UP but key was not down.
D/InputEventConsistencyVerifier(  425):   in com.android.systemui.statusbar.phone.StatusBarWindowView@b3e5c290
D/InputEventConsistencyVerifier(  425):   0: sent at 181903000000, KeyEvent { action=ACTION_UP, keyCode=KEYCODE_DPAD_UP, scanCode=0, metaState=0, flags=0x400, repeatCount=0, eventTime=181903, downTime=181903, deviceId=-1, source=0x101 }
D/InputEventConsistencyVerifier(  425):   -- recent events --
D/InputEventConsistencyVerifier(  425):   1: sent at 181896000000, (unhandled) MotionEvent { action=ACTION_MOVE, id[0]=0, x[0]=1.0, y[0]=-3.0, toolType[0]=TOOL_TYPE_UNKNOWN, buttonState=0, metaState=0, flags=0x0, edgeFlags=0x0, pointerCount=1, historySize=3, eventTime=181896, downTime=-1, deviceId=0, source=0x10004 }
D/InputEventConsistencyVerifier(  425):   2: sent at 181849000000, (unhandled) KeyEvent { action=ACTION_UP, keyCode=KEYCODE_MENU, scanCode=0, metaState=0, flags=0x8, repeatCount=0, eventTime=181849, downTime=181849, deviceId=-1, source=0x101 }
D/InputEventConsistencyVerifier(  425):   3: sent at 181842000000, (unhandled) KeyEvent { action=ACTION_DOWN, keyCode=KEYCODE_MENU, scanCode=0, metaState=0, flags=0x8, repeatCount=0, eventTime=181842, downTime=181842, deviceId=-1, source=0x101 }
D/InputEventConsistencyVerifier(  425):   4: sent at 181803000000, (unhandled) KeyEvent { action=ACTION_UP, keyCode=KEYCODE_MEDIA_PREVIOUS, scanCode=0, metaState=0, flags=0x8, repeatCount=0, eventTime=181803, downTime=181803, deviceId=-1, source=0x101 }
D/InputEventConsistencyVerifier(  425):   5: sent at 181710000000, (unhandled) KeyEvent { action=ACTION_DOWN, keyCode=KEYCODE_MEDIA_PREVIOUS, scanCode=0, metaState=0, flags=0x8, repeatCount=0, eventTime=181710, downTime=181710, deviceId=-1, source=0x101 }
W/dalvikvm(  425): DroidBox: { "FdAccess": { "path": "2f70726f632f6d656d696e666f", "id": "2086397471" } }
W/DroidBox(  425): DroidBox: { "FileRW": { "operation": "read", "data": "4d656d546f74616c3a202020202020202020373438393634206b420a4d656d467265653a20202020202020202020343430303034206b420a427566666572733a20202020202020202020202035353136206b420a4361636865643a202020202020202020", "id": "2086397471" } }
V/PhoneStatusBar(  425): setLightsOn(true)
I/Choreographer(  425): Skipped 52 frames!  The application may be doing too much work on its main thread.
D/PhoneStatusBar(  425): disable: < expand icons alerts TICKER* system_info back home recent clock >
I/ARMAssembler(   58): generated scanline__00000077:03515104_00009001_00000000 [131 ipp] (153 ins) at [0xb5d69710:0xb5d69974] in 0 ns
D/InputEventConsistencyVerifier(  425): KeyEvent: ACTION_UP but key was not down.
D/InputEventConsistencyVerifier(  425):   in com.android.systemui.statusbar.phone.StatusBarWindowView@b3e5c290
D/InputEventConsistencyVerifier(  425):   0: sent at 182222000000, KeyEvent { action=ACTION_UP, keyCode=KEYCODE_DPAD_DOWN, scanCode=0, metaState=0, flags=0x400, repeatCount=0, eventTime=182222, downTime=182222, deviceId=-1, source=0x101 }
D/InputEventConsistencyVerifier(  425):   -- recent events --
D/InputEventConsistencyVerifier(  425):   1: sent at 181976000000, (unhandled) MotionEvent { action=ACTION_MOVE, id[0]=0, x[0]=1.0, y[0]=4.0, toolType[0]=TOOL_TYPE_UNKNOWN, buttonState=0, metaState=0, flags=0x0, edgeFlags=0x0, pointerCount=1, historySize=15, eventTime=181976, downTime=-1, deviceId=0, source=0x10004 }
D/InputEventConsistencyVerifier(  425):   2: sent at 181903000000, (unhandled) KeyEvent { action=ACTION_UP, keyCode=KEYCODE_DPAD_UP, scanCode=0, metaState=0, flags=0x400, repeatCount=0, eventTime=181903, downTime=181903, deviceId=-1, source=0x101 }
D/InputEventConsistencyVerifier(  425):   3: sent at 181903000000, (unhandled) KeyEvent { action=ACTION_DOWN, keyCode=KEYCODE_DPAD_UP, scanCode=0, metaState=0, flags=0x400, repeatCount=0, eventTime=181903, downTime=181903, deviceId=-1, source=0x101 }
D/InputEventConsistencyVerifier(  425):   4: sent at 181903000000, (unhandled) KeyEvent { action=ACTION_UP, keyCode=KEYCODE_DPAD_UP, scanCode=0, metaState=0, flags=0x400, repeatCount=0, eventTime=181903, downTime=181903, deviceId=-1, source=0x101 }
D/InputEventConsistencyVerifier(  425):   5: sent at 181903000000, (unhandled) KeyEvent { action=ACTION_DOWN, keyCode=KEYCODE_DPAD_UP, scanCode=0, metaState=0, flags=0x400, repeatCount=0, eventTime=181903, downTime=181903, deviceId=-1, source=0x101 }
W/dalvikvm(  425): DroidBox: { "FdAccess": { "path": "2f70726f632f6d656d696e666f", "id": "1692090272" } }
W/DroidBox(  425): DroidBox: { "FileRW": { "operation": "read", "data": "4d656d546f74616c3a202020202020202020373438393634206b420a4d656d467265653a20202020202020202020343338353136206b420a427566666572733a20202020202020202020202035353136206b420a4361636865643a202020202020202020", "id": "1692090272" } }
I/Choreographer(  970): Skipped 196 frames!  The application may be doing too much work on its main thread.
D/InputEventConsistencyVerifier(  425): TouchEvent: ACTION_DOWN but pointers are already down.  Probably missing ACTION_UP from previous gesture.
D/InputEventConsistencyVerifier(  425):   in android.view.ScaleGestureDetector@b3efc968
D/InputEventConsistencyVerifier(  425):   0: sent at 182528000000, MotionEvent { action=ACTION_DOWN, id[0]=0, x[0]=409.0, y[0]=502.0, toolType[0]=TOOL_TYPE_UNKNOWN, buttonState=0, metaState=0, flags=0x0, edgeFlags=0x0, pointerCount=1, historySize=0, eventTime=182528, downTime=182526, deviceId=0, source=0x1002 }
D/InputEventConsistencyVerifier(  425):   -- recent events --
D/InputEventConsistencyVerifier(  425):   1: sent at 181699000000, MotionEvent { action=ACTION_DOWN, id[0]=0, x[0]=42.0, y[0]=271.0, toolType[0]=TOOL_TYPE_UNKNOWN, buttonState=0, metaState=0, flags=0x80000000, edgeFlags=0x0, pointerCount=1, historySize=0, eventTime=181699, downTime=181698, deviceId=0, source=0x1002 }
D/InputEventConsistencyVerifier(  425):   2: sent at 181642000000, MotionEvent { action=ACTION_DOWN, id[0]=0, x[0]=30.0, y[0]=630.0, toolType[0]=TOOL_TYPE_UNKNOWN, buttonState=0, metaState=0, flags=0x0, edgeFlags=0x0, pointerCount=1, historySize=0, eventTime=181642, downTime=181642, deviceId=0, source=0x1002 }
D/InputEventConsistencyVerifier(  425):   3: sent at 181454000000, MotionEvent { action=ACTION_UP, id[0]=0, x[0]=269.0, y[0]=6.0, toolType[0]=TOOL_TYPE_UNKNOWN, buttonState=0, metaState=0, flags=0x0, edgeFlags=0x0, pointerCount=1, historySize=0, eventTime=181454, downTime=181440, deviceId=0, source=0x1002 }
D/InputEventConsistencyVerifier(  425):   4: sent at 181440000000, MotionEvent { action=ACTION_DOWN, id[0]=0, x[0]=274.0, y[0]=2.0, toolType[0]=TOOL_TYPE_UNKNOWN, buttonState=0, metaState=0, flags=0x80000000, edgeFlags=0x0, pointerCount=1, historySize=0, eventTime=181440, downTime=181440, deviceId=0, source=0x1002 }
D/InputEventConsistencyVerifier(  425):   5: sent at 163413000000, MotionEvent { action=ACTION_DOWN, id[0]=0, x[0]=442.0, y[0]=618.0, toolType[0]=TOOL_TYPE_UNKNOWN, buttonState=0, metaState=0, flags=0x80000000, edgeFlags=0x0, pointerCount=1, historySize=0, eventTime=163413, downTime=163413, deviceId=0, source=0x1002 }
I/Choreographer(  425): Skipped 71 frames!  The application may be doing too much work on its main thread.
I/ActivityManager(  230): START {act=android.intent.action.CALL_BUTTON flg=0x10000000 cmp=com.android.contacts/.activities.DialtactsActivity u=0} from pid 425
I/Choreographer(  425): Skipped 57 frames!  The application may be doing too much work on its main thread.
V/PhoneStatusBar(  425): setLightsOn(true)
D/PhoneStatusBar(  425): disable: < expand icons alerts ticker* system_info back home recent clock >
I/Choreographer(  970): Skipped 163 frames!  The application may be doing too much work on its main thread.
W/InputMethodManagerService(  230): Window already focused, ignoring focus gain of: com.android.internal.view.IInputMethodClient$Stub$Proxy@b420fd88 attribute=null
I/Choreographer(  970): Skipped 46 frames!  The application may be doing too much work on its main thread.
W/DroidBox( 1061): DroidBox: { "ServiceStart": { "name": "com.android.music.MediaPlaybackService" } }
W/DroidBox( 1061): DroidBox: { "ServiceStart": { "name": "com.android.music.MediaPlaybackService" } }
I/AudioService(  230):  AudioFocus  requestAudioFocus() from android.media.AudioManager@b3e3b5e8com.android.music.MediaPlaybackService$3@b3e39e20
D/gralloc_goldfish(  482): Emulator without GPU emulation detected.
I/dalvikvm-heap(  482): Grow heap (frag case) to 10.225MB for 591376-byte allocation
I/Choreographer(  970): Skipped 44 frames!  The application may be doing too much work on its main thread.
I/Choreographer(  482): Skipped 283 frames!  The application may be doing too much work on its main thread.
I/AudioService(  230):   Remote Control   registerMediaButtonIntent() for PendingIntent{b410a3c8: PendingIntentRecord{b4235360 com.android.music broadcastIntent}}
I/Choreographer(  482): Skipped 52 frames!  The application may be doing too much work on its main thread.
I/Choreographer(  970): Skipped 31 frames!  The application may be doing too much work on its main thread.
I/Choreographer(  482): Skipped 77 frames!  The application may be doing too much work on its main thread.
E/WVMExtractor(   61): Failed to open libwvm.so
I/Choreographer(  970): Skipped 44 frames!  The application may be doing too much work on its main thread.
E/WVMExtractor(   61): Failed to open libwvm.so
I/Choreographer(  970): Skipped 102 frames!  The application may be doing too much work on its main thread.
E/WVMExtractor(   61): Failed to open libwvm.so
E/WVMExtractor(   61): Failed to open libwvm.so
E/WVMExtractor(   61): Failed to open libwvm.so
E/WVMExtractor(   61): Failed to open libwvm.so
E/WVMExtractor(   61): Failed to open libwvm.so
I/Choreographer(  970): Skipped 33 frames!  The application may be doing too much work on its main thread.
D/InputEventConsistencyVerifier(  970): KeyEvent: ACTION_UP but key was not down.
D/InputEventConsistencyVerifier(  970):   in android.widget.LinearLayout@b3f19408
D/InputEventConsistencyVerifier(  970):   0: sent at 192221000000, KeyEvent { action=ACTION_UP, keyCode=KEYCODE_DPAD_DOWN, scanCode=0, metaState=0, flags=0x400, repeatCount=0, eventTime=192221, downTime=192221, deviceId=-1, source=0x101 }
E/WVMExtractor(   61): Failed to open libwvm.so
E/WVMExtractor(   61): Failed to open libwvm.so
E/WVMExtractor(   61): Failed to open libwvm.so
D/InputEventConsistencyVerifier(  970): KeyEvent: ACTION_UP but key was not down.
D/InputEventConsistencyVerifier(  970):   in android.widget.FrameLayout@b3f0a360
D/InputEventConsistencyVerifier(  970):   0: sent at 192938000000, KeyEvent { action=ACTION_UP, keyCode=KEYCODE_DPAD_UP, scanCode=0, metaState=0, flags=0x8, repeatCount=0, eventTime=192938, downTime=192938, deviceId=-1, source=0x101 }
D/InputEventConsistencyVerifier(  970):   -- recent events --
D/InputEventConsistencyVerifier(  970):   1: sent at 192221000000, (unhandled) KeyEvent { action=ACTION_DOWN, keyCode=KEYCODE_DPAD_DOWN, scanCode=0, metaState=0, flags=0x400, repeatCount=0, eventTime=192221, downTime=192221, deviceId=-1, source=0x101 }
D/InputEventConsistencyVerifier(  970):   2: sent at 192206000000, (unhandled) MotionEvent { action=ACTION_MOVE, id[0]=0, x[0]=-4.0, y[0]=4.0, toolType[0]=TOOL_TYPE_UNKNOWN, buttonState=0, metaState=0, flags=0x0, edgeFlags=0x0, pointerCount=1, historySize=4, eventTime=192206, downTime=-1, deviceId=0, source=0x10004 }
D/InputEventConsistencyVerifier(  970):   3: sent at 190182000000, (unhandled) KeyEvent { action=ACTION_UP, keyCode=KEYCODE_MENU, scanCode=0, metaState=0, flags=0x8, repeatCount=0, eventTime=190182, downTime=190182, deviceId=-1, source=0x101 }
D/InputEventConsistencyVerifier(  970):   4: sent at 189404000000, (unhandled) KeyEvent { action=ACTION_DOWN, keyCode=KEYCODE_MENU, scanCode=0, metaState=0, flags=0x8, repeatCount=0, eventTime=189404, downTime=189404, deviceId=-1, source=0x101 }
D/InputEventConsistencyVerifier(  970):   5: sent at 190165000000, (unhandled) KeyEvent { action=ACTION_UP, keyCode=KEYCODE_DPAD_UP, scanCode=0, metaState=0, flags=0x400, repeatCount=0, eventTime=190165, downTime=190165, deviceId=-1, source=0x101 }
I/Choreographer(  970): Skipped 32 frames!  The application may be doing too much work on its main thread.
E/WVMExtractor(   61): Failed to open libwvm.so
I/Choreographer(  970): Skipped 51 frames!  The application may be doing too much work on its main thread.
E/WVMExtractor(   61): Failed to open libwvm.so
I/Choreographer(  970): Skipped 36 frames!  The application may be doing too much work on its main thread.
W/dalvikvm(  949): DroidBox: { "FdAccess": { "path": "2f6465762f696e7075742f6576656e7430", "id": "1551586635" } }
W/DroidBox(  949): DroidBox: { "FileRW": { "operation": "write", "data": "7f060000efbfbd3901000500000001000000", "id": "1551586635" } }
E/WVMExtractor(   61): Failed to open libwvm.so
I/Choreographer(  970): Skipped 39 frames!  The application may be doing too much work on its main thread.
I/Choreographer(  970): Skipped 34 frames!  The application may be doing too much work on its main thread.
E/WVMExtractor(   61): Failed to open libwvm.so
I/Choreographer(  970): Skipped 31 frames!  The application may be doing too much work on its main thread.
E/WVMExtractor(   61): Failed to open libwvm.so
I/Choreographer(  970): Skipped 67 frames!  The application may be doing too much work on its main thread.
I/Choreographer(  970): Skipped 72 frames!  The application may be doing too much work on its main thread.
I/Choreographer(  482): Skipped 167 frames!  The application may be doing too much work on its main thread.
I/InputAttributes(  482): InputType.TYPE_NULL is specified
E/WVMExtractor(   61): Failed to open libwvm.so
I/Choreographer(  482): Skipped 249 frames!  The application may be doing too much work on its main thread.
D/InputEventConsistencyVerifier(  970): KeyEvent: ACTION_UP but key was not down.
D/InputEventConsistencyVerifier(  970):   in android.widget.LinearLayout@b3f19408
D/InputEventConsistencyVerifier(  970):   0: sent at 195887000000, KeyEvent { action=ACTION_UP, keyCode=KEYCODE_DPAD_DOWN, scanCode=0, metaState=0, flags=0x8, repeatCount=0, eventTime=195887, downTime=195887, deviceId=-1, source=0x101 }
D/InputEventConsistencyVerifier(  970):   -- recent events --
D/InputEventConsistencyVerifier(  970):   1: sent at 192364000000, (unhandled) KeyEvent { action=ACTION_DOWN, keyCode=KEYCODE_DPAD_UP, scanCode=0, metaState=0, flags=0x8, repeatCount=0, eventTime=192364, downTime=192364, deviceId=-1, source=0x101 }
D/InputEventConsistencyVerifier(  970):   2: sent at 192896000000, (unhandled) KeyEvent { action=ACTION_UP, keyCode=KEYCODE_DPAD_LEFT, scanCode=0, metaState=0, flags=0x400, repeatCount=0, eventTime=192896, downTime=192896, deviceId=-1, source=0x101 }
D/InputEventConsistencyVerifier(  970):   3: sent at 192896000000, (unhandled) KeyEvent { action=ACTION_DOWN, keyCode=KEYCODE_DPAD_LEFT, scanCode=0, metaState=0, flags=0x400, repeatCount=0, eventTime=192896, downTime=192896, deviceId=-1, source=0x101 }
D/InputEventConsistencyVerifier(  970):   4: sent at 192895000000, (unhandled) KeyEvent { action=ACTION_UP, keyCode=KEYCODE_DPAD_LEFT, scanCode=0, metaState=0, flags=0x400, repeatCount=0, eventTime=192895, downTime=192895, deviceId=-1, source=0x101 }
D/InputEventConsistencyVerifier(  970):   5: sent at 192895000000, (unhandled) KeyEvent { action=ACTION_DOWN, keyCode=KEYCODE_DPAD_LEFT, scanCode=0, metaState=0, flags=0x400, repeatCount=0, eventTime=192895, downTime=192895, deviceId=-1, source=0x101 }
E/WVMExtractor(   61): Failed to open libwvm.so
I/Choreographer(  482): Skipped 33 frames!  The application may be doing too much work on its main thread.
I/Choreographer(  970): Skipped 37 frames!  The application may be doing too much work on its main thread.
D/InputEventConsistencyVerifier(  970): KeyEvent: ACTION_UP but key was not down.
D/InputEventConsistencyVerifier(  970):   in android.widget.FrameLayout@b3ee8118
D/InputEventConsistencyVerifier(  970):   0: sent at 199644000000, KeyEvent { action=ACTION_UP, keyCode=KEYCODE_CAPS_LOCK, scanCode=0, metaState=0, flags=0x8, repeatCount=0, eventTime=199644, downTime=199644, deviceId=-1, source=0x101 }
D/InputEventConsistencyVerifier(  970):   -- recent events --
D/InputEventConsistencyVerifier(  970):   1: sent at 199778000000, (unhandled) KeyEvent { action=ACTION_UP, keyCode=KEYCODE_J, scanCode=0, metaState=0, flags=0x0, repeatCount=0, eventTime=199778, downTime=199778, deviceId=-1, source=0x101 }
D/InputEventConsistencyVerifier(  970):   2: sent at 199778000000, KeyEvent { action=ACTION_DOWN, keyCode=KEYCODE_J, scanCode=0, metaState=0, flags=0x0, repeatCount=0, eventTime=199778, downTime=199778, deviceId=-1, source=0x101 }
D/InputEventConsistencyVerifier(  970):   3: sent at 198497000000, (unhandled) KeyEvent { action=ACTION_UP, keyCode=KEYCODE_MENU, scanCode=0, metaState=0, flags=0x8, repeatCount=0, eventTime=198497, downTime=198497, deviceId=-1, source=0x101 }
D/InputEventConsistencyVerifier(  970):   4: sent at 196700000000, (unhandled) KeyEvent { action=ACTION_DOWN, keyCode=KEYCODE_MENU, scanCode=0, metaState=0, flags=0x8, repeatCount=0, eventTime=196700, downTime=196700, deviceId=-1, source=0x101 }
D/InputEventConsistencyVerifier(  970):   5: sent at 195887000000, (unhandled) KeyEvent { action=ACTION_UP, keyCode=KEYCODE_DPAD_DOWN, scanCode=0, metaState=0, flags=0x8, repeatCount=0, eventTime=195887, downTime=195887, deviceId=-1, source=0x101 }
I/Choreographer(  482): Skipped 122 frames!  The application may be doing too much work on its main thread.
E/WVMExtractor(   61): Failed to open libwvm.so
I/Choreographer(  970): Skipped 52 frames!  The application may be doing too much work on its main thread.
E/WVMExtractor(   61): Failed to open libwvm.so
I/Choreographer(  482): Skipped 236 frames!  The application may be doing too much work on its main thread.
E/WVMExtractor(   61): Failed to open libwvm.so
I/Choreographer(  482): Skipped 31 frames!  The application may be doing too much work on its main thread.
E/WVMExtractor(   61): Failed to open libwvm.so
I/InputAttributes(  482): InputType.TYPE_NULL is specified
D/InputEventConsistencyVerifier(  970): KeyEvent: ACTION_UP but key was not down.
D/InputEventConsistencyVerifier(  970):   in android.widget.LinearLayout@b3f19408
D/InputEventConsistencyVerifier(  970):   0: sent at 204252000000, KeyEvent { action=ACTION_UP, keyCode=KEYCODE_DPAD_DOWN, scanCode=0, metaState=0, flags=0x400, repeatCount=0, eventTime=204252, downTime=204252, deviceId=-1, source=0x101 }
D/InputEventConsistencyVerifier(  970):   -- recent events --
D/InputEventConsistencyVerifier(  970):   1: sent at 202020000000, MotionEvent { action=ACTION_UP, id[0]=0, x[0]=115.66667, y[0]=119.66667, toolType[0]=TOOL_TYPE_UNKNOWN, buttonState=0, metaState=0, flags=0x0, edgeFlags=0x0, pointerCount=1, historySize=0, eventTime=202020, downTime=201864, deviceId=0, source=0x1002 }
D/InputEventConsistencyVerifier(  970):   2: sent at 202017000000, MotionEvent { action=ACTION_MOVE, id[0]=0, x[0]=111.0, y[0]=109.000015, toolType[0]=TOOL_TYPE_UNKNOWN, buttonState=0, metaState=0, flags=0x0, edgeFlags=0x0, pointerCount=1, historySize=8, eventTime=202017, downTime=201864, deviceId=0, source=0x1002 }
D/InputEventConsistencyVerifier(  970):   3: sent at 201868000000, MotionEvent { action=ACTION_DOWN, id[0]=0, x[0]=66.333336, y[0]=50.33336, toolType[0]=TOOL_TYPE_UNKNOWN, buttonState=0, metaState=0, flags=0x0, edgeFlags=0x0, pointerCount=1, historySize=0, eventTime=201868, downTime=201864, deviceId=0, source=0x1002 }
D/InputEventConsistencyVerifier(  970):   4: sent at 198497000000, (unhandled) KeyEvent { action=ACTION_UP, keyCode=KEYCODE_MENU, scanCode=0, metaState=0, flags=0x8, repeatCount=0, eventTime=198497, downTime=198497, deviceId=-1, source=0x101 }
D/InputEventConsistencyVerifier(  970):   5: sent at 196700000000, (unhandled) KeyEvent { action=ACTION_DOWN, keyCode=KEYCODE_MENU, scanCode=0, metaState=0, flags=0x8, repeatCount=0, eventTime=196700, downTime=196700, deviceId=-1, source=0x101 }
I/Choreographer(  482): Skipped 71 frames!  The application may be doing too much work on its main thread.
E/WVMExtractor(   61): Failed to open libwvm.so
I/Choreographer(  970): Skipped 50 frames!  The application may be doing too much work on its main thread.
I/Choreographer(  970): Skipped 59 frames!  The application may be doing too much work on its main thread.
E/WVMExtractor(   61): Failed to open libwvm.so
I/InputDispatcher(  230): Window 'Window{b41c44e0 com.tutusw.fingerscanner/com.tutusw.fingerscanner.SettingsActivity paused=false}' spent 2169.5ms processing the last input event: KeyEvent(action=0, deviceId=-1, source=0x00000101)
E/WVMExtractor(   61): Failed to open libwvm.so
E/WVMExtractor(   61): Failed to open libwvm.so
D/InputEventConsistencyVerifier(  970): KeyEvent: ACTION_UP but key was not down.
D/InputEventConsistencyVerifier(  970):   in android.widget.FrameLayout@b3f0a360
D/InputEventConsistencyVerifier(  970):   0: sent at 206688000000, KeyEvent { action=ACTION_UP, keyCode=KEYCODE_DPAD_UP, scanCode=0, metaState=0, flags=0x400, repeatCount=0, eventTime=206688, downTime=206688, deviceId=-1, source=0x101 }
D/InputEventConsistencyVerifier(  970):   -- recent events --
D/InputEventConsistencyVerifier(  970):   1: sent at 204252000000, (unhandled) KeyEvent { action=ACTION_DOWN, keyCode=KEYCODE_DPAD_DOWN, scanCode=0, metaState=0, flags=0x400, repeatCount=0, eventTime=204252, downTime=204252, deviceId=-1, source=0x101 }
D/InputEventConsistencyVerifier(  970):   2: sent at 204209000000, (unhandled) MotionEvent { action=ACTION_MOVE, id[0]=0, x[0]=2.0, y[0]=4.0, toolType[0]=TOOL_TYPE_UNKNOWN, buttonState=0, metaState=0, flags=0x0, edgeFlags=0x0, pointerCount=1, historySize=9, eventTime=204209, downTime=-1, deviceId=0, source=0x10004 }
D/InputEventConsistencyVerifier(  970):   3: sent at 202607000000, (unhandled) KeyEvent { action=ACTION_UP, keyCode=KEYCODE_DPAD_LEFT, scanCode=0, metaState=0, flags=0x8, repeatCount=0, eventTime=202607, downTime=202607, deviceId=-1, source=0x101 }
D/InputEventConsistencyVerifier(  970):   4: sent at 202214000000, (unhandled) KeyEvent { action=ACTION_UP, keyCode=KEYCODE_DEL, scanCode=0, metaState=0, flags=0x6, repeatCount=0, eventTime=202214, downTime=202215, deviceId=-1, source=0x0 }
D/InputEventConsistencyVerifier(  970):   5: sent at 202214000000, (unhandled) KeyEvent { action=ACTION_DOWN, keyCode=KEYCODE_DEL, scanCode=0, metaState=0, flags=0x6, repeatCount=0, eventTime=202214, downTime=202214, deviceId=-1, source=0x0 }
I/Choreographer(  482): Skipped 160 frames!  The application may be doing too much work on its main thread.
I/Choreographer(  970): Skipped 37 frames!  The application may be doing too much work on its main thread.
I/Choreographer(  970): Skipped 49 frames!  The application may be doing too much work on its main thread.
E/WVMExtractor(   61): Failed to open libwvm.so
I/Choreographer(  970): Skipped 41 frames!  The application may be doing too much work on its main thread.
E/WVMExtractor(   61): Failed to open libwvm.so
I/InputDispatcher(  230): Window 'Window{b41c44e0 com.tutusw.fingerscanner/com.tutusw.fingerscanner.SettingsActivity paused=false}' spent 2615.6ms processing the last input event: KeyEvent(action=0, deviceId=-1, source=0x00000101)
I/Choreographer(  970): Skipped 32 frames!  The application may be doing too much work on its main thread.
W/BackupManagerService(  230): dataChanged but no participant pkg='com.android.providers.settings' uid=10011
E/WVMExtractor(   61): Failed to open libwvm.so
I/ActivityManager(  230): START {act=android.intent.action.MAIN cat=[android.intent.category.LAUNCHER] flg=0x10200000 cmp=com.tutusw.fingerscanner/.SettingsActivity u=0} from pid 949
I/Choreographer(  970): Skipped 36 frames!  The application may be doing too much work on its main thread.
E/WVMExtractor(   61): Failed to open libwvm.so
I/Choreographer(  970): Skipped 35 frames!  The application may be doing too much work on its main thread.
E/MetadataRetrieverClient(   61): failed to extract an album art
I/Choreographer(  482): Skipped 30 frames!  The application may be doing too much work on its main thread.
E/WVMExtractor(   61): Failed to open libwvm.so
I/Choreographer(  970): Skipped 36 frames!  The application may be doing too much work on its main thread.
E/WVMExtractor(   61): Failed to open libwvm.so
I/Choreographer(  970): Skipped 36 frames!  The application may be doing too much work on its main thread.
E/WVMExtractor(   61): Failed to open libwvm.so
E/WVMExtractor(   61): Failed to open libwvm.so
I/Choreographer(  970): Skipped 53 frames!  The application may be doing too much work on its main thread.
I/InputAttributes(  482): InputType.TYPE_NULL is specified
D/InputEventConsistencyVerifier(  970): KeyEvent: ACTION_UP but key was not down.
D/InputEventConsistencyVerifier(  970):   in android.widget.LinearLayout@b3f19408
D/InputEventConsistencyVerifier(  970):   0: sent at 213606000000, KeyEvent { action=ACTION_UP, keyCode=KEYCODE_DPAD_DOWN, scanCode=0, metaState=0, flags=0x400, repeatCount=0, eventTime=213606, downTime=213606, deviceId=-1, source=0x101 }
D/InputEventConsistencyVerifier(  970):   -- recent events --
D/InputEventConsistencyVerifier(  970):   1: sent at 206688000000, (unhandled) KeyEvent { action=ACTION_DOWN, keyCode=KEYCODE_DPAD_UP, scanCode=0, metaState=0, flags=0x400, repeatCount=0, eventTime=206688, downTime=206688, deviceId=-1, source=0x101 }
D/InputEventConsistencyVerifier(  970):   2: sent at 206623000000, (unhandled) MotionEvent { action=ACTION_MOVE, id[0]=0, x[0]=-4.0, y[0]=-4.0, toolType[0]=TOOL_TYPE_UNKNOWN, buttonState=0, metaState=0, flags=0x0, edgeFlags=0x0, pointerCount=1, historySize=9, eventTime=206623, downTime=-1, deviceId=0, source=0x10004 }
D/InputEventConsistencyVerifier(  970):   3: sent at 204281000000, (unhandled) KeyEvent { action=ACTION_UP, keyCode=KEYCODE_DPAD_LEFT, scanCode=0, metaState=0, flags=0x8, repeatCount=0, eventTime=204281, downTime=204281, deviceId=-1, source=0x101 }
D/InputEventConsistencyVerifier(  970):   4: sent at 204225000000, (unhandled) KeyEvent { action=ACTION_DOWN, keyCode=KEYCODE_DPAD_LEFT, scanCode=0, metaState=0, flags=0x8, repeatCount=0, eventTime=204225, downTime=204225, deviceId=-1, source=0x101 }
