W/dalvikvm(  980): DroidBox: { "FdAccess": { "path": "2f646174612f646174612f63782e6d616b6176656c692e706f776572706f696e74766f69636572656d6f74652f7368617265645f70726566732f6169727075736854696d65507265662e786d6c", "id": "741725972" } }
W/DroidBox(  980): DroidBox: { "FileRW": { "operation": "write", "data": "3c3f786d6c2076657273696f6e3d27312e302720656e636f64696e673d277574662d3827207374616e64616c6f6e653d2779657327203f3e0a3c6d61703e0a3c6c6f6e67206e616d653d22737461727454696d65222076616c75653d2231373430333439", "id": "741725972" } }
E/WVMExtractor(   62): Failed to open libwvm.so
I/Choreographer(  625): Skipped 69 frames!  The application may be doing too much work on its main thread.
I/Choreographer(  980): Skipped 401 frames!  The application may be doing too much work on its main thread.
D/gralloc_goldfish(  980): Emulator without GPU emulation detected.
I/ActivityManager(  231): Displayed cx.makaveli.powerpointvoiceremote/.PowerPointVoiceRemote: +16s92ms
E/WVMExtractor(   62): Failed to open libwvm.so
I/Choreographer(  231): Skipped 46 frames!  The application may be doing too much work on its main thread.
D/PackageManager(  231): generateServicesMap(android.accounts.AccountAuthenticator): 2 services unchanged
I/InputReader(  231): Reconfiguring input devices.  changes=0x00000010
D/PackageManager(  231): generateServicesMap(android.content.SyncAdapter): 4 services unchanged
I/AccountTypeManager(  689): Loaded meta-data for 1 account types, 0 accounts in 110ms(wall) 0ms(cpu)
I/AirpushSDK(  980): Sending User Info....
I/Choreographer(  980): Skipped 287 frames!  The application may be doing too much work on its main thread.
I/Choreographer(  980): Skipped 144 frames!  The application may be doing too much work on its main thread.
W/dalvikvm(  874): DroidBox: { "FdAccess": { "path": "2f646174612f646174612f636f6d2e616e64726f69642e67616c6c65727933642f7368617265645f70726566732f636f6d2e616e64726f69642e67616c6c65727933645f707265666572656e6365732e786d6c", "id": "991073910" } }
W/DroidBox(  874): DroidBox: { "FileRW": { "operation": "write", "data": "3c3f786d6c2076657273696f6e3d27312e302720656e636f64696e673d277574662d3827207374616e64616c6f6e653d2779657327203f3e0a3c6d61703e0a3c696e74206e616d653d227061636b616765732d76657273696f6e222076616c75653d2238", "id": "991073910" } }
I/AirpushSDK(  980): Service Finished
E/WVMExtractor(   62): Failed to open libwvm.so
E/WVMExtractor(   62): Failed to open libwvm.so
E/WVMExtractor(   62): Failed to open libwvm.so
E/WVMExtractor(   62): Failed to open libwvm.so
E/WVMExtractor(   62): Failed to open libwvm.so
E/WVMExtractor(   62): Failed to open libwvm.so
E/WVMExtractor(   62): Failed to open libwvm.so
E/WVMExtractor(   62): Failed to open libwvm.so
E/WVMExtractor(   62): Failed to open libwvm.so
E/WVMExtractor(   62): Failed to open libwvm.so
E/WVMExtractor(   62): Failed to open libwvm.so
E/WVMExtractor(   62): Failed to open libwvm.so
E/WVMExtractor(   62): Failed to open libwvm.so
E/WVMExtractor(   62): Failed to open libwvm.so
E/WVMExtractor(   62): Failed to open libwvm.so
E/WVMExtractor(   62): Failed to open libwvm.so
E/WVMExtractor(   62): Failed to open libwvm.so
W/dalvikvm(  954): DroidBox: { "FdAccess": { "path": "706970653a5b343933305d", "id": "1754732777" } }
W/DroidBox(  954): DroidBox: { "FileRW": { "operation": "read", "data": "20205049442020202020205673732020202020205273732020202020205073732020202020205573732020636d646c696e650a202035373020202035383239364b20202035383230384b20202032333735354b20202031383934384b2020616e64726f69", "id": "1754732777" } }
W/dalvikvm(  954): DroidBox: { "FdAccess": { "path": "706970653a5b343933305d", "id": "1613133955" } }
E/WVMExtractor(   62): Failed to open libwvm.so
W/DroidBox(  954): DroidBox: { "FileRW": { "operation": "read", "data": "00000000000000000000000000000000000000000000000000000000000000000000000000000000000000000000000000000000000000000000000000000000000000000000000000000000000000000000000000000000000000000000000000000000", "id": "1613133955" } }
E/WVMExtractor(   62): Failed to open libwvm.so
E/WVMExtractor(   62): Failed to open libwvm.so
E/WVMExtractor(   62): Failed to open libwvm.so
E/WVMExtractor(   62): Failed to open libwvm.so
E/WVMExtractor(   62): Failed to open libwvm.so
E/WVMExtractor(   62): Failed to open libwvm.so
E/WVMExtractor(   62): Failed to open libwvm.so
E/WVMExtractor(   62): Failed to open libwvm.so
E/WVMExtractor(   62): Failed to open libwvm.so
E/WVMExtractor(   62): Failed to open libwvm.so
E/WVMExtractor(   62): Failed to open libwvm.so
E/WVMExtractor(   62): Failed to open libwvm.so
E/WVMExtractor(   62): Failed to open libwvm.so
E/WVMExtractor(   62): Failed to open libwvm.so
E/WVMExtractor(   62): Failed to open libwvm.so
E/WVMExtractor(   62): Failed to open libwvm.so
E/WVMExtractor(   62): Failed to open libwvm.so
E/WVMExtractor(   62): Failed to open libwvm.so
E/WVMExtractor(   62): Failed to open libwvm.so
E/WVMExtractor(   62): Failed to open libwvm.so
E/WVMExtractor(   62): Failed to open libwvm.so
E/WVMExtractor(   62): Failed to open libwvm.so
E/WVMExtractor(   62): Failed to open libwvm.so
E/WVMExtractor(   62): Failed to open libwvm.so
E/WVMExtractor(   62): Failed to open libwvm.so
E/WVMExtractor(   62): Failed to open libwvm.so
E/WVMExtractor(   62): Failed to open libwvm.so
E/WVMExtractor(   62): Failed to open libwvm.so
E/WVMExtractor(   62): Failed to open libwvm.so
E/WVMExtractor(   62): Failed to open libwvm.so
E/WVMExtractor(   62): Failed to open libwvm.so
E/WVMExtractor(   62): Failed to open libwvm.so
E/WVMExtractor(   62): Failed to open libwvm.so
E/WVMExtractor(   62): Failed to open libwvm.so
E/WVMExtractor(   62): Failed to open libwvm.so
E/WVMExtractor(   62): Failed to open libwvm.so
E/WVMExtractor(   62): Failed to open libwvm.so
E/WVMExtractor(   62): Failed to open libwvm.so
W/dalvikvm(  954): DroidBox: { "FdAccess": { "path": "706970653a5b353139385d", "id": "1985195692" } }
W/DroidBox(  954): DroidBox: { "FileRW": { "operation": "read", "data": "0a0a2d2d2d2d2d207069642032333120617420323032352d30322d32332032323a31383a3138202d2d2d2d2d0a436d64206c696e653a2073797374656d5f7365727665720a0a44414c56494b20544852454144533a0a286d7574657865733a20746c6c3d", "id": "1985195692" } }
W/dalvikvm(  954): DroidBox: { "FdAccess": { "path": "706970653a5b353139385d", "id": "346597989" } }
W/DroidBox(  954): DroidBox: { "FileRW": { "operation": "read", "data": "20202330372020706320303030313264623020202f73797374656d2f6c69622f6c6962632e736f20285f5f7468726561645f656e7472792b3438290a20202330382020706320303030313235313420202f73797374656d2f6c69622f6c6962632e736f20", "id": "346597989" } }
E/WVMExtractor(   62): Failed to open libwvm.so
E/WVMExtractor(   62): Failed to open libwvm.so
E/WVMExtractor(   62): Failed to open libwvm.so
E/WVMExtractor(   62): Failed to open libwvm.so
W/BackupManagerService(  231): dataChanged but no participant pkg='com.android.providers.settings' uid=1001
W/dalvikvm(  954): DroidBox: { "FdAccess": { "path": "706970653a5b353139385d", "id": "1228193663" } }
W/DroidBox(  954): DroidBox: { "FileRW": { "operation": "read", "data": "544956450a20207c2067726f75703d226d61696e222073436f756e743d31206473436f756e743d30206f626a3d307862336630386639382073656c663d307862383430643335300a20207c207379735469643d353831206e6963653d302073636865643d", "id": "1228193663" } }
E/WVMExtractor(   62): Failed to open libwvm.so
E/WVMExtractor(   62): Failed to open libwvm.so
W/dalvikvm(  954): DroidBox: { "FdAccess": { "path": "706970653a5b353139385d", "id": "997874916" } }
W/DroidBox(  954): DroidBox: { "FileRW": { "operation": "read", "data": "28756e7369676e656420696e7420636f6e73742a2c204a56616c75652a2c204d6574686f6420636f6e73742a2c205468726561642a292b343132290a20202330362020706320303030336366663120202f73797374656d2f6c69622f6c696264766d2e73", "id": "997874916" } }
E/WVMExtractor(   62): Failed to open libwvm.so
E/WVMExtractor(   62): Failed to open libwvm.so
W/dalvikvm(  954): DroidBox: { "FdAccess": { "path": "706970653a5b353139385d", "id": "1672908877" } }
W/DroidBox(  954): DroidBox: { "FileRW": { "operation": "read", "data": "706f6c6c4f6e6365285f4a4e49456e762a2c20696e74292b3232290a20202330342020706320303030316630623020202f73797374656d2f6c69622f6c696264766d2e736f202864766d506c6174666f726d496e766f6b652b313132290a202023303520", "id": "1672908877" } }
E/WVMExtractor(   62): Failed to open libwvm.so
E/WVMExtractor(   62): Failed to open libwvm.so
E/WVMExtractor(   62): Failed to open libwvm.so
W/dalvikvm(  954): DroidBox: { "FdAccess": { "path": "706970653a5b353139385d", "id": "354027934" } }
W/DroidBox(  954): DroidBox: { "FileRW": { "operation": "read", "data": "6169742b3132290a20202330312020706320303030313437353120202f73797374656d2f6c69622f6c69627574696c732e736f2028616e64726f69643a3a4c6f6f7065723a3a706f6c6c496e6e657228696e74292b3936290a2020233032202070632030", "id": "354027934" } }
E/WVMExtractor(   62): Failed to open libwvm.so
E/WVMExtractor(   62): Failed to open libwvm.so
W/dalvikvm(  954): DroidBox: { "FdAccess": { "path": "706970653a5b353139385d", "id": "620374761" } }
W/DroidBox(  954): DroidBox: { "FileRW": { "operation": "read", "data": "6f75703d226d61696e222073436f756e743d31206473436f756e743d30206f626a3d307862336566363938302073656c663d307862383361396133380a20207c207379735469643d333634206e6963653d302073636865643d302f3020636772703d6170", "id": "620374761" } }
E/WVMExtractor(   62): Failed to open libwvm.so
E/WVMExtractor(   62): Failed to open libwvm.so
E/WVMExtractor(   62): Failed to open libwvm.so
W/dalvikvm(  954): DroidBox: { "FdAccess": { "path": "706970653a5b353139385d", "id": "1267400446" } }
W/DroidBox(  954): DroidBox: { "FileRW": { "operation": "read", "data": "3030333130323420202f73797374656d2f6c69622f6c696264766d2e736f202864766d496e74657270726574506f727461626c65285468726561642a292b31323238290a20202330372020706320303030326531653420202f73797374656d2f6c69622f", "id": "1267400446" } }
E/WVMExtractor(   62): Failed to open libwvm.so
E/WVMExtractor(   62): Failed to open libwvm.so
E/WVMExtractor(   62): Failed to open libwvm.so
W/dalvikvm(  954): DroidBox: { "FdAccess": { "path": "706970653a5b353139385d", "id": "1912534452" } }
W/DroidBox(  954): DroidBox: { "FileRW": { "operation": "read", "data": "3d307862343066393461302073656c663d307862383339316336300a20207c207379735469643d333431206e6963653d2d382073636865643d302f3020636772703d617070732068616e646c653d2d313230343535353732380a20207c20736368656473", "id": "1912534452" } }
W/BackupManagerService(  231): dataChanged but no participant pkg='com.android.providers.settings' uid=10011
E/WVMExtractor(   62): Failed to open libwvm.so
E/WVMExtractor(   62): Failed to open libwvm.so
W/dalvikvm(  954): DroidBox: { "FdAccess": { "path": "706970653a5b353139385d", "id": "894051247" } }
W/DroidBox(  954): DroidBox: { "FileRW": { "operation": "read", "data": "64290a2020617420636f6d2e616e64726f69642e7365727665722e416c61726d4d616e61676572536572766963652e6163636573732431303028416c61726d4d616e61676572536572766963652e6a6176613a3537290a2020617420636f6d2e616e6472", "id": "894051247" } }
E/MetadataRetrieverClient(   62): failed to extract an album art
W/dalvikvm(  231): DroidBox: { "FdAccess": { "path": "2f70726f632f313036382f636d646c696e65", "id": "1905161320" } }
W/DroidBox(  231): DroidBox: { "FileRW": { "operation": "read", "data": "636174002f646174612f616e722f7472616365732e7478740078000000000000000000000000000000000000000000000000000000000000000000000000000000000000000000000000000033666430386436346663363561363461386334622e61706b", "id": "1905161320" } }
E/WVMExtractor(   62): Failed to open libwvm.so
W/dalvikvm(  954): DroidBox: { "FdAccess": { "path": "706970653a5b353139385d", "id": "348272722" } }
W/DroidBox(  954): DroidBox: { "FileRW": { "operation": "read", "data": "69622f6c6962632e736f2028707468726561645f6372656174652b313732290a2020617420616e64726f69642e6f732e4d65737361676551756575652e6e6174697665506f6c6c4f6e6365284e6174697665204d6574686f64290a2020617420616e6472", "id": "348272722" } }
E/WVMExtractor(   62): Failed to open libwvm.so
E/WVMExtractor(   62): Failed to open libwvm.so
W/dalvikvm(  954): DroidBox: { "FdAccess": { "path": "706970653a5b353139385d", "id": "1521250107" } }
W/DroidBox(  954): DroidBox: { "FileRW": { "operation": "read", "data": "30352020706320303030306439383520202f73797374656d2f6c69622f6c696273656e736f72736572766963652e736f2028616e64726f69643a3a53656e736f724465766963653a3a706f6c6c2873656e736f72735f6576656e745f742a2c20756e7369", "id": "1521250107" } }
E/WVMExtractor(   62): Failed to open libwvm.so
E/WVMExtractor(   62): Failed to open libwvm.so
E/WVMExtractor(   62): Failed to open libwvm.so
W/dalvikvm(  954): DroidBox: { "FdAccess": { "path": "706970653a5b353139385d", "id": "1941008637" } }
W/DroidBox(  954): DroidBox: { "FileRW": { "operation": "read", "data": "736f20285f5f7468726561645f656e7472792b3438290a20202330392020706320303030313235313420202f73797374656d2f6c69622f6c6962632e736f2028707468726561645f6372656174652b313732290a202061742064616c76696b2e73797374", "id": "1941008637" } }
E/WVMExtractor(   62): Failed to open libwvm.so
E/WVMExtractor(   62): Failed to open libwvm.so
W/dalvikvm(  954): DroidBox: { "FdAccess": { "path": "706970653a5b353139385d", "id": "1130734946" } }
W/DroidBox(  954): DroidBox: { "FileRW": { "operation": "read", "data": "7374656d2f6c69622f6c696262696e6465722e736f2028616e64726f69643a3a49504354687265616453746174653a3a74616c6b5769746844726976657228626f6f6c292b313234290a20202330332020706320303030313734316220202f7379737465", "id": "1130734946" } }
E/WVMExtractor(   62): Failed to open libwvm.so
E/WVMExtractor(   62): Failed to open libwvm.so
W/dalvikvm(  954): DroidBox: { "FdAccess": { "path": "706970653a5b353139385d", "id": "1639962392" } }
W/DroidBox(  954): DroidBox: { "FileRW": { "operation": "read", "data": "2865706f6c6c5f776169742b3132290a20202330312020706320303030313437353120202f73797374656d2f6c69622f6c69627574696c732e736f2028616e64726f69643a3a4c6f6f7065723a3a706f6c6c496e6e657228696e74292b3936290a202023", "id": "1639962392" } }
E/WVMExtractor(   62): Failed to open libwvm.so
E/WVMExtractor(   62): Failed to open libwvm.so
W/dalvikvm(  954): DroidBox: { "FdAccess": { "path": "706970653a5b353139385d", "id": "988534421" } }
W/DroidBox(  954): DroidBox: { "FileRW": { "operation": "read", "data": "3536290a0a2252494c53656e64657222207072696f3d35207469643d3130204e41544956450a20207c2067726f75703d226d61696e222073436f756e743d31206473436f756e743d30206f626a3d307862336465393961382073656c663d307862383333", "id": "988534421" } }
E/WVMExtractor(   62): Failed to open libwvm.so
E/WVMExtractor(   62): Failed to open libwvm.so
E/WVMExtractor(   62): Failed to open libwvm.so
W/dalvikvm(  954): DroidBox: { "FdAccess": { "path": "706970653a5b353139385d", "id": "1229018808" } }
W/DroidBox(  954): DroidBox: { "FileRW": { "operation": "read", "data": "652e6f6e43726561746528506f776572506f696e74566f69636552656d6f74652e6a6176613a3533290a2020617420616e64726f69642e6170702e41637469766974792e706572666f726d4372656174652841637469766974792e6a6176613a35303137", "id": "1229018808" } }
E/WVMExtractor(   62): Failed to open libwvm.so
E/WVMExtractor(   62): Failed to open libwvm.so
E/WVMExtractor(   62): Failed to open libwvm.so
W/dalvikvm(  954): DroidBox: { "FdAccess": { "path": "706970653a5b353139385d", "id": "644226747" } }
W/DroidBox(  954): DroidBox: { "FileRW": { "operation": "read", "data": "62696e6465722e736f2028616e64726f69643a3a49504354687265616453746174653a3a6a6f696e546872656164506f6f6c28626f6f6c292b313534290a20202330342020706320303030316232363920202f73797374656d2f6c69622f6c696262696e", "id": "644226747" } }
E/WVMExtractor(   62): Failed to open libwvm.so
E/WVMExtractor(   62): Failed to open libwvm.so
W/dalvikvm(  954): DroidBox: { "FdAccess": { "path": "706970653a5b353139385d", "id": "1478235512" } }
W/DroidBox(  954): DroidBox: { "FileRW": { "operation": "read", "data": "3d307862336466326639302073656c663d307862383333626438300a20207c207379735469643d363530206e6963653d302073636865643d302f3020636772703d617070732068616e646c653d2d313230343638313833320a20207c2073636865647374", "id": "1478235512" } }
E/WVMExtractor(   62): Failed to open libwvm.so
E/WVMExtractor(   62): Failed to open libwvm.so
W/dalvikvm(  954): DroidBox: { "FdAccess": { "path": "706970653a5b353139385d", "id": "2038954886" } }
W/DroidBox(  954): DroidBox: { "FileRW": { "operation": "read", "data": "6c65722e64697370617463684d6573736167652848616e646c65722e6a6176613a3939290a2020617420616e64726f69642e6f732e4c6f6f7065722e6c6f6f70284c6f6f7065722e6a6176613a313337290a2020617420616e64726f69642e6f732e4861", "id": "2038954886" } }
E/WVMExtractor(   62): Failed to open libwvm.so
E/WVMExtractor(   62): Failed to open libwvm.so
E/WVMExtractor(   62): Failed to open libwvm.so
W/dalvikvm(  954): DroidBox: { "FdAccess": { "path": "706970653a5b353139385d", "id": "1445227942" } }
W/DroidBox(  954): DroidBox: { "FileRW": { "operation": "read", "data": "646c653d2d313230343930323935320a20207c207363686564737461743d2820302031323030303030303020353820292075746d3d302073746d3d3020636f72653d300a20202330302020706320303030306362363020202f73797374656d2f6c69622f", "id": "1445227942" } }
E/WVMExtractor(   62): Failed to open libwvm.so
E/WVMExtractor(   62): Failed to open libwvm.so
W/dalvikvm(  954): DroidBox: { "FdAccess": { "path": "706970653a5b353139385d", "id": "536034160" } }
W/DroidBox(  954): DroidBox: { "FileRW": { "operation": "read", "data": "696d6564776169742b3630290a20202330332020706320303030373337333720202f73797374656d2f6c69622f6c696264766d2e736f0a20202330342020706320303030353762616620202f73797374656d2f6c69622f6c696264766d2e736f0a202023", "id": "536034160" } }
E/WVMExtractor(   62): Failed to open libwvm.so
W/dalvikvm(  231): DroidBox: { "FdAccess": { "path": "706970653a5b353237355d", "id": "1775896198" } }
W/DroidBox(  231): DroidBox: { "FileRW": { "operation": "write", "data": "4170706c69636174696f6e73204d656d6f727920557361676520286b42293a0a557074696d653a20313533363432205265616c74696d653a203135333634320a0a546f74616c205053532062792070726f636573733a0a202020203236393430206b423a", "id": "1775896198" } }
W/dalvikvm(  954): DroidBox: { "FdAccess": { "path": "706970653a5b353237355d", "id": "551414167" } }
W/DroidBox(  954): DroidBox: { "FileRW": { "operation": "read", "data": "4170706c69636174696f6e73204d656d6f727920557361676520286b42293a0a557074696d653a20313533363432205265616c74696d653a203135333634320a0a546f74616c205053532062792070726f636573733a0a202020203236393430206b423a", "id": "551414167" } }
E/WVMExtractor(   62): Failed to open libwvm.so
E/WVMExtractor(   62): Failed to open libwvm.so
W/dalvikvm(  954): DroidBox: { "FdAccess": { "path": "706970653a5b353237355d", "id": "1428570591" } }
W/DroidBox(  954): DroidBox: { "FileRW": { "operation": "read", "data": "00000000000000000000000000000000000000000000000000000000000000000000000000000000000000000000000000000000000000000000000000000000000000000000000000000000000000000000000000000000000000000000000000000000", "id": "1428570591" } }
I/AndroidRuntime(  954): VM exiting with result code 11.
E/WVMExtractor(   62): Failed to open libwvm.so
E/WVMExtractor(   62): Failed to open libwvm.so
E/WVMExtractor(   62): Failed to open libwvm.so
E/WVMExtractor(   62): Failed to open libwvm.so
E/WVMExtractor(   62): Failed to open libwvm.so
E/WVMExtractor(   62): Failed to open libwvm.so
E/WVMExtractor(   62): Failed to open libwvm.so
E/WVMExtractor(   62): Failed to open libwvm.so
E/WVMExtractor(   62): Failed to open libwvm.so
E/WVMExtractor(   62): Failed to open libwvm.so
E/WVMExtractor(   62): Failed to open libwvm.so
E/WVMExtractor(   62): Failed to open libwvm.so
E/WVMExtractor(   62): Failed to open libwvm.so
E/WVMExtractor(   62): Failed to open libwvm.so
E/WVMExtractor(   62): Failed to open libwvm.so
E/WVMExtractor(   62): Failed to open libwvm.so
E/WVMExtractor(   62): Failed to open libwvm.so
E/WVMExtractor(   62): Failed to open libwvm.so
E/WVMExtractor(   62): Failed to open libwvm.so
E/WVMExtractor(   62): Failed to open libwvm.so
E/WVMExtractor(   62): Failed to open libwvm.so
E/WVMExtractor(   62): Failed to open libwvm.so
E/WVMExtractor(   62): Failed to open libwvm.so
E/WVMExtractor(   62): Failed to open libwvm.so
E/WVMExtractor(   62): Failed to open libwvm.so
E/WVMExtractor(   62): Failed to open libwvm.so
E/WVMExtractor(   62): Failed to open libwvm.so
E/WVMExtractor(   62): Failed to open libwvm.so
E/WVMExtractor(   62): Failed to open libwvm.so
E/WVMExtractor(   62): Failed to open libwvm.so
E/WVMExtractor(   62): Failed to open libwvm.so
E/WVMExtractor(   62): Failed to open libwvm.so
E/WVMExtractor(   62): Failed to open libwvm.so
E/WVMExtractor(   62): Failed to open libwvm.so
E/WVMExtractor(   62): Failed to open libwvm.so
E/WVMExtractor(   62): Failed to open libwvm.so
E/WVMExtractor(   62): Failed to open libwvm.so
E/WVMExtractor(   62): Failed to open libwvm.so
E/WVMExtractor(   62): Failed to open libwvm.so
E/WVMExtractor(   62): Failed to open libwvm.so
E/WVMExtractor(   62): Failed to open libwvm.so
I/NetworkPolicy(  231): no policy for active mobile network; generating default policy
E/WVMExtractor(   62): Failed to open libwvm.so
E/WVMExtractor(   62): Failed to open libwvm.so
W/BackupManagerService(  231): dataChanged but no participant pkg='com.android.providers.settings' uid=10011
E/WVMExtractor(   62): Failed to open libwvm.so
E/NetdConnector(  231): NDC Command {11 bandwidth setiquota eth0 9223372036854775807} took too long (1018ms)
E/WVMExtractor(   62): Failed to open libwvm.so
E/MetadataRetrieverClient(   62): failed to extract an album art
E/WVMExtractor(   62): Failed to open libwvm.so
E/NetdConnector(  231): NDC Command {12 bandwidth removeiquota eth0} took too long (674ms)
E/WVMExtractor(   62): Failed to open libwvm.so
E/WVMExtractor(   62): Failed to open libwvm.so
E/WVMExtractor(   62): Failed to open libwvm.so
E/NetdConnector(  231): NDC Command {13 bandwidth setiquota eth0 9223372036854775807} took too long (897ms)
E/WVMExtractor(   62): Failed to open libwvm.so
E/WVMExtractor(   62): Failed to open libwvm.so
E/WVMExtractor(   62): Failed to open libwvm.so
E/WVMExtractor(   62): Failed to open libwvm.so
E/WVMExtractor(   62): Failed to open libwvm.so
E/WVMExtractor(   62): Failed to open libwvm.so
E/WVMExtractor(   62): Failed to open libwvm.so
E/WVMExtractor(   62): Failed to open libwvm.so
E/WVMExtractor(   62): Failed to open libwvm.so
E/WVMExtractor(   62): Failed to open libwvm.so
E/WVMExtractor(   62): Failed to open libwvm.so
E/WVMExtractor(   62): Failed to open libwvm.so
E/WVMExtractor(   62): Failed to open libwvm.so
E/WVMExtractor(   62): Failed to open libwvm.so
E/WVMExtractor(   62): Failed to open libwvm.so
E/WVMExtractor(   62): Failed to open libwvm.so
E/WVMExtractor(   62): Failed to open libwvm.so
E/WVMExtractor(   62): Failed to open libwvm.so
E/WVMExtractor(   62): Failed to open libwvm.so
E/WVMExtractor(   62): Failed to open libwvm.so
E/WVMExtractor(   62): Failed to open libwvm.so
E/WVMExtractor(   62): Failed to open libwvm.so
E/WVMExtractor(   62): Failed to open libwvm.so
E/WVMExtractor(   62): Failed to open libwvm.so
E/WVMExtractor(   62): Failed to open libwvm.so
E/WVMExtractor(   62): Failed to open libwvm.so
E/WVMExtractor(   62): Failed to open libwvm.so
E/WVMExtractor(   62): Failed to open libwvm.so
E/WVMExtractor(   62): Failed to open libwvm.so
E/WVMExtractor(   62): Failed to open libwvm.so
E/WVMExtractor(   62): Failed to open libwvm.so
E/WVMExtractor(   62): Failed to open libwvm.so
E/WVMExtractor(   62): Failed to open libwvm.so
E/WVMExtractor(   62): Failed to open libwvm.so
E/MetadataRetrieverClient(   62): failed to extract an album art
E/WVMExtractor(   62): Failed to open libwvm.so
E/MetadataRetrieverClient(   62): failed to extract an album art
I/ActivityManager(  231): No longer want com.android.contacts (pid 689): hidden #16
E/b       (  980): Unexpected error!!!
E/b       (  980): Exception!!! 
D/b       (  980): After executing commands
W/dalvikvm(  980): DroidBox: { "FdAccess": { "path": "2f646174612f646174612f63782e6d616b6176656c692e706f776572706f696e74766f69636572656d6f74652f7368617265645f70726566732f636f6d2e617070657268616e642e706172616d65746572732e786d6c", "id": "1296753747" } }
W/DroidBox(  980): DroidBox: { "FileRW": { "operation": "write", "data": "3c3f786d6c2076657273696f6e3d27312e302720656e636f64696e673d277574662d3827207374616e64616c6f6e653d2779657327203f3e0a3c6d6170202f3e0a", "id": "1296753747" } }
W/dalvikvm(  980): DroidBox: { "FdAccess": { "path": "2f646174612f646174612f63782e6d616b6176656c692e706f776572706f696e74766f69636572656d6f74652f7368617265645f70726566732f636f6d2e617070657268616e642e676c6f62616c2e786d6c", "id": "93659946" } }
W/DroidBox(  980): DroidBox: { "FileRW": { "operation": "write", "data": "3c3f786d6c2076657273696f6e3d27312e302720656e636f64696e673d277574662d3827207374616e64616c6f6e653d2779657327203f3e0a3c6d61703e0a3c6c6f6e67206e616d653d224e4558545f52554e222076616c75653d223137343033343932", "id": "93659946" } }
D/b       (  980): Next command is on [60] seconds
I/AirpushSDK(  980): SDK will restart in 1800000 ms.
D/IOException Thrown(  980): java.net.UnknownHostException: Unable to resolve host "api.airpush.com": No address associated with hostname
W/System.err(  980): java.lang.NullPointerException
W/System.err(  980): 	at com.airpush.android.PushService.sendUserInfo(PushService.java:564)
W/System.err(  980): 	at com.airpush.android.PushService.access$5(PushService.java:552)
W/System.err(  980): 	at com.airpush.android.PushService$UserInfoTask.doInBackground(PushService.java:527)
W/System.err(  980): 	at com.airpush.android.PushService$UserInfoTask.doInBackground(PushService.java:1)
W/System.err(  980): 	at android.os.AsyncTask$2.call(AsyncTask.java:287)
W/System.err(  980): 	at java.util.concurrent.FutureTask$Sync.innerRun(FutureTask.java:305)
W/System.err(  980): 	at java.util.concurrent.FutureTask.run(FutureTask.java:137)
W/System.err(  980): 	at java.util.concurrent.ThreadPoolExecutor.runWorker(ThreadPoolExecutor.java:1076)
W/System.err(  980): 	at java.util.concurrent.ThreadPoolExecutor$Worker.run(ThreadPoolExecutor.java:569)
W/System.err(  980): 	at java.lang.Thread.run(Thread.java:856)
I/Activitymanager(  980): User Info Sending Failed.....
I/Activitymanager(  980): java.lang.NullPointerException
I/AirpushSDK(  980): SDK will restart in 1800000 ms.
W/dalvikvm(  231): DroidBox: { "FdAccess": { "path": "2f70726f632f3233312f6e65742f78745f717461677569642f69666163655f737461745f616c6c", "id": "1818039531" } }
W/DroidBox(  231): DroidBox: { "FileRW": { "operation": "read", "data": "65746830203120302030203020302037383530313620323538372033313834303020323134370a6c6f20312030203020302030203234323420333720323432342033370a0000000000000000000000000000000000000000000000000000000000000000", "id": "1818039531" } }
W/dalvikvm(  231): DroidBox: { "FdAccess": { "path": "2f70726f632f3233312f6e65742f78745f717461677569642f69666163655f737461745f616c6c", "id": "59704703" } }
W/DroidBox(  231): DroidBox: { "FileRW": { "operation": "read", "data": "33370a342033370a33370a342033370a370a370a370a370a370a33370a342033370a3432342033370a342033370a3432342033370a370a370a370a370a370a342033370a0000000000000000000000000000000000000000000000000000000000000000", "id": "59704703" } }
W/ThrottleService(  231): unable to find stats for iface rmnet0
E/ThrottleService(  231): Error reading data file
I/qtaguid (  231): Failed write_ctrl(s 1 10050) res=-1 errno=1
W/NetworkManagementSocketTagger(  231): setKernelCountSet(10050, 1) failed with errno -1
I/qtaguid (  231): Failed write_ctrl(s 0 10019) res=-1 errno=1
W/NetworkManagementSocketTagger(  231): setKernelCountSet(10019, 0) failed with errno -1
I/AND.Provider(  980): onCreate
D/b       (  980): Apperhand service was started successfully
D/webviewglue(  980): nativeDestroy view: 0xb83c2078
D/webviewglue(  980): nativeDestroy view: 0xb839b150
E/b       (  980): Unexpected error!!!
E/b       (  980): Exception!!! 
D/b       (  980): After executing commands
W/dalvikvm(  980): DroidBox: { "FdAccess": { "path": "2f646174612f646174612f63782e6d616b6176656c692e706f776572706f696e74766f69636572656d6f74652f7368617265645f70726566732f636f6d2e617070657268616e642e676c6f62616c2e786d6c", "id": "632422765" } }
W/DroidBox(  980): DroidBox: { "FileRW": { "operation": "write", "data": "3c3f786d6c2076657273696f6e3d27312e302720656e636f64696e673d277574662d3827207374616e64616c6f6e653d2779657327203f3e0a3c6d61703e0a3c6c6f6e67206e616d653d224e4558545f52554e222076616c75653d223137343033343933", "id": "632422765" } }
D/b       (  980): Next command is on [60] seconds
I/AND.Provider(  980): onCreate
D/b       (  980): Apperhand service was started successfully
