D/InputEventConsistencyVerifier(  416):   4: sent at 147421000000, (unhandled) KeyEvent { action=ACTION_DOWN, keyCode=KEYCODE_DPAD_DOWN, scanCode=0, metaState=0, flags=0x8, repeatCount=0, eventTime=147421, downTime=147421, deviceId=-1, source=0x101 }
D/InputEventConsistencyVerifier(  416):   5: sent at 147379000000, (unhandled) KeyEvent { action=ACTION_UP, keyCode=KEYCODE_EISU, scanCode=0, metaState=0, flags=0x8, repeatCount=0, eventTime=147379, downTime=147379, deviceId=-1, source=0x101 }
I/Choreographer(  416): Skipped 149 frames!  The application may be doing too much work on its main thread.
D/InputEventConsistencyVerifier(  416): KeyEvent: ACTION_UP but key was not down.
D/InputEventConsistencyVerifier(  416):   in android.widget.FrameLayout@b3da8258
D/InputEventConsistencyVerifier(  416):   0: sent at 151835000000, KeyEvent { action=ACTION_UP, keyCode=KEYCODE_DPAD_DOWN, scanCode=0, metaState=0, flags=0x400, repeatCount=0, eventTime=151835, downTime=151835, deviceId=-1, source=0x101 }
D/InputEventConsistencyVerifier(  416):   -- recent events --
D/InputEventConsistencyVerifier(  416):   1: sent at 123506000000, (unhandled) KeyEvent { action=ACTION_UP, keyCode=KEYCODE_DPAD_DOWN, scanCode=0, metaState=0, flags=0x28, repeatCount=0, eventTime=123506, downTime=123339, deviceId=-1, source=0x101 }
D/InputEventConsistencyVerifier(  416):   2: sent at 123339000000, (unhandled) KeyEvent { action=ACTION_DOWN, keyCode=KEYCODE_DPAD_DOWN, scanCode=0, metaState=0, flags=0x8, repeatCount=0, eventTime=123339, downTime=123339, deviceId=-1, source=0x101 }
D/InputEventConsistencyVerifier(  416):   3: sent at 123172000000, (unhandled) KeyEvent { action=ACTION_UP, keyCode=KEYCODE_VOLUME_DOWN, scanCode=0, metaState=0, flags=0x8, repeatCount=0, eventTime=123172, downTime=123172, deviceId=-1, source=0x101 }
D/InputEventConsistencyVerifier(  416):   4: sent at 123018000000, (unhandled) KeyEvent { action=ACTION_DOWN, keyCode=KEYCODE_VOLUME_DOWN, scanCode=0, metaState=0, flags=0x8, repeatCount=0, eventTime=123018, downTime=123018, deviceId=-1, source=0x101 }
D/InputEventConsistencyVerifier(  416):   5: sent at 123034000000, (unhandled) KeyEvent { action=ACTION_UP, keyCode=KEYCODE_DPAD_LEFT, scanCode=0, metaState=0, flags=0x400, repeatCount=0, eventTime=123034, downTime=123034, deviceId=-1, source=0x101 }
W/dalvikvm(  416): DroidBox: { "FdAccess": { "path": "2f70726f632f6d656d696e666f", "id": "1872107375" } }
W/DroidBox(  416): DroidBox: { "FileRW": { "operation": "read", "data": "4d656d546f74616c3a202020202020202020373438393634206b420a4d656d467265653a20202020202020202020343535373034206b420a427566666572733a20202020202020202020202035343830206b420a4361636865643a202020202020202020", "id": "1872107375" } }
V/PhoneStatusBar(  416): setLightsOn(true)
I/Choreographer(  416): Skipped 37 frames!  The application may be doing too much work on its main thread.
D/PhoneStatusBar(  416): disable: < expand icons alerts TICKER* system_info back home recent clock >
D/InputEventConsistencyVerifier(  416): KeyEvent: ACTION_UP but key was not down.
D/InputEventConsistencyVerifier(  416):   in com.android.systemui.statusbar.phone.StatusBarWindowView@b3dd81d8
D/InputEventConsistencyVerifier(  416):   0: sent at 152096000000, KeyEvent { action=ACTION_UP, keyCode=KEYCODE_DPAD_LEFT, scanCode=0, metaState=0, flags=0x400, repeatCount=0, eventTime=152096, downTime=152096, deviceId=-1, source=0x101 }
D/InputEventConsistencyVerifier(  416):   -- recent events --
D/InputEventConsistencyVerifier(  416):   1: sent at 151902000000, (unhandled) MotionEvent { action=ACTION_MOVE, id[0]=0, x[0]=-3.0, y[0]=-1.0, toolType[0]=TOOL_TYPE_UNKNOWN, buttonState=0, metaState=0, flags=0x0, edgeFlags=0x0, pointerCount=1, historySize=7, eventTime=151902, downTime=-1, deviceId=0, source=0x10004 }
D/InputEventConsistencyVerifier(  416):   2: sent at 151835000000, (unhandled) KeyEvent { action=ACTION_UP, keyCode=KEYCODE_DPAD_DOWN, scanCode=0, metaState=0, flags=0x400, repeatCount=0, eventTime=151835, downTime=151835, deviceId=-1, source=0x101 }
D/InputEventConsistencyVerifier(  416):   3: sent at 151835000000, (unhandled) KeyEvent { action=ACTION_DOWN, keyCode=KEYCODE_DPAD_DOWN, scanCode=0, metaState=0, flags=0x400, repeatCount=0, eventTime=151835, downTime=151835, deviceId=-1, source=0x101 }
D/InputEventConsistencyVerifier(  416):   4: sent at 151835000000, (unhandled) KeyEvent { action=ACTION_UP, keyCode=KEYCODE_DPAD_DOWN, scanCode=0, metaState=0, flags=0x400, repeatCount=0, eventTime=151835, downTime=151835, deviceId=-1, source=0x101 }
D/InputEventConsistencyVerifier(  416):   5: sent at 151835000000, (unhandled) KeyEvent { action=ACTION_DOWN, keyCode=KEYCODE_DPAD_DOWN, scanCode=0, metaState=0, flags=0x400, repeatCount=0, eventTime=151835, downTime=151835, deviceId=-1, source=0x101 }
W/dalvikvm(  416): DroidBox: { "FdAccess": { "path": "2f70726f632f6d656d696e666f", "id": "774683761" } }
W/DroidBox(  416): DroidBox: { "FileRW": { "operation": "read", "data": "4d656d546f74616c3a202020202020202020373438393634206b420a4d656d467265653a20202020202020202020343535373034206b420a427566666572733a20202020202020202020202035343830206b420a4361636865643a202020202020202020", "id": "774683761" } }
D/InputEventConsistencyVerifier(  416): TouchEvent: ACTION_DOWN but pointers are already down.  Probably missing ACTION_UP from previous gesture.
D/InputEventConsistencyVerifier(  416):   in android.view.ScaleGestureDetector@b3e77e78
D/InputEventConsistencyVerifier(  416):   0: sent at 152253000000, MotionEvent { action=ACTION_DOWN, id[0]=0, x[0]=442.0, y[0]=618.0, toolType[0]=TOOL_TYPE_UNKNOWN, buttonState=0, metaState=0, flags=0x0, edgeFlags=0x0, pointerCount=1, historySize=0, eventTime=152253, downTime=152253, deviceId=0, source=0x1002 }
D/InputEventConsistencyVerifier(  416):   -- recent events --
D/InputEventConsistencyVerifier(  416):   1: sent at 152228000000, MotionEvent { action=ACTION_DOWN, id[0]=0, x[0]=402.0, y[0]=181.0, toolType[0]=TOOL_TYPE_UNKNOWN, buttonState=0, metaState=0, flags=0x0, edgeFlags=0x0, pointerCount=1, historySize=0, eventTime=152228, downTime=152228, deviceId=0, source=0x1002 }
D/InputEventConsistencyVerifier(  416):   2: sent at 151220000000, MotionEvent { action=ACTION_UP, id[0]=0, x[0]=436.0, y[0]=19.0, toolType[0]=TOOL_TYPE_UNKNOWN, buttonState=0, metaState=0, flags=0x0, edgeFlags=0x0, pointerCount=1, historySize=0, eventTime=151220, downTime=151194, deviceId=0, source=0x1002 }
D/InputEventConsistencyVerifier(  416):   3: sent at 151194000000, MotionEvent { action=ACTION_DOWN, id[0]=0, x[0]=437.0, y[0]=19.0, toolType[0]=TOOL_TYPE_UNKNOWN, buttonState=0, metaState=0, flags=0x0, edgeFlags=0x0, pointerCount=1, historySize=0, eventTime=151194, downTime=151194, deviceId=0, source=0x1002 }
D/InputEventConsistencyVerifier(  416):   4: sent at 147217000000, MotionEvent { action=ACTION_UP, id[0]=0, x[0]=86.0, y[0]=5.0, toolType[0]=TOOL_TYPE_UNKNOWN, buttonState=0, metaState=0, flags=0x0, edgeFlags=0x0, pointerCount=1, historySize=0, eventTime=147217, downTime=147211, deviceId=0, source=0x1002 }
D/InputEventConsistencyVerifier(  416):   5: sent at 147212000000, MotionEvent { action=ACTION_DOWN, id[0]=0, x[0]=78.0, y[0]=13.0, toolType[0]=TOOL_TYPE_UNKNOWN, buttonState=0, metaState=0, flags=0x0, edgeFlags=0x0, pointerCount=1, historySize=0, eventTime=147212, downTime=147211, deviceId=0, source=0x1002 }
I/ActivityManager(  221): START {act=android.intent.action.MAIN cat=[android.intent.category.LAUNCHER] flg=0x10000000 cmp=com.android.calendar/.AllInOneActivity sel={act=android.intent.action.MAIN cat=[android.intent.category.APP_CALENDAR]} u=0} from pid 221
I/Choreographer(  416): Skipped 40 frames!  The application may be doing too much work on its main thread.
W/dalvikvm(  416): DroidBox: { "FdAccess": { "path": "2f70726f632f6d656d696e666f", "id": "1847136798" } }
W/DroidBox(  416): DroidBox: { "FileRW": { "operation": "read", "data": "4d656d546f74616c3a202020202020202020373438393634206b420a4d656d467265653a20202020202020202020343534353838206b420a427566666572733a20202020202020202020202035343830206b420a4361636865643a202020202020202020", "id": "1847136798" } }
D/InputEventConsistencyVerifier(  416): KeyEvent: ACTION_UP but key was not down.
D/InputEventConsistencyVerifier(  416):   in android.view.ViewRootImpl@b3e699f0
D/InputEventConsistencyVerifier(  416):   0: sent at 152377000000, KeyEvent { action=ACTION_UP, keyCode=KEYCODE_CALENDAR, scanCode=0, metaState=0, flags=0x8, repeatCount=0, eventTime=152377, downTime=152377, deviceId=-1, source=0x101 }
D/InputEventConsistencyVerifier(  416):   -- recent events --
D/InputEventConsistencyVerifier(  416):   1: sent at 152342000000, KeyEvent { action=ACTION_UP, keyCode=KEYCODE_NUMPAD_MULTIPLY, scanCode=0, metaState=0, flags=0x8, repeatCount=0, eventTime=152342, downTime=152342, deviceId=-1, source=0x101 }
D/InputEventConsistencyVerifier(  416):   2: sent at 152274000000, KeyEvent { action=ACTION_DOWN, keyCode=KEYCODE_NUMPAD_MULTIPLY, scanCode=0, metaState=0, flags=0x8, repeatCount=0, eventTime=152274, downTime=152274, deviceId=-1, source=0x101 }
D/InputEventConsistencyVerifier(  416):   3: sent at 152259000000, MotionEvent { action=ACTION_UP, id[0]=0, x[0]=454.0, y[0]=618.0, toolType[0]=TOOL_TYPE_UNKNOWN, buttonState=0, metaState=0, flags=0x0, edgeFlags=0x0, pointerCount=1, historySize=0, eventTime=152259, downTime=152253, deviceId=0, source=0x1002 }
D/InputEventConsistencyVerifier(  416):   4: sent at 152253000000, MotionEvent { action=ACTION_DOWN, id[0]=0, x[0]=442.0, y[0]=618.0, toolType[0]=TOOL_TYPE_UNKNOWN, buttonState=0, metaState=0, flags=0x0, edgeFlags=0x0, pointerCount=1, historySize=0, eventTime=152253, downTime=152253, deviceId=0, source=0x1002 }
D/InputEventConsistencyVerifier(  416):   5: sent at 152244000000, MotionEvent { action=ACTION_UP, id[0]=0, x[0]=385.0, y[0]=166.0, toolType[0]=TOOL_TYPE_UNKNOWN, buttonState=0, metaState=0, flags=0x0, edgeFlags=0x0, pointerCount=1, historySize=0, eventTime=152244, downTime=152228, deviceId=0, source=0x1002 }
I/Choreographer(  416): Skipped 40 frames!  The application may be doing too much work on its main thread.
V/PhoneStatusBar(  416): setLightsOn(true)
D/PhoneStatusBar(  416): disable: < expand icons alerts ticker* system_info back home recent clock >
D/InputEventConsistencyVerifier( 1043): TouchEvent: ACTION_DOWN but pointers are already down.  Probably missing ACTION_UP from previous gesture.
D/InputEventConsistencyVerifier( 1043):   in com.android.internal.policy.impl.PhoneWindow$DecorView@b3e429f0
D/InputEventConsistencyVerifier( 1043):   0: sent at 152519000000, MotionEvent { action=ACTION_DOWN, id[0]=0, x[0]=389.0, y[0]=-588.0, toolType[0]=TOOL_TYPE_UNKNOWN, buttonState=0, metaState=0, flags=0x0, edgeFlags=0x0, pointerCount=1, historySize=0, eventTime=152519, downTime=152518, deviceId=0, source=0x1002 }
D/InputEventConsistencyVerifier( 1043):   -- recent events --
D/InputEventConsistencyVerifier( 1043):   1: sent at 152501000000, (unhandled) KeyEvent { action=ACTION_UP, keyCode=KEYCODE_DPAD_CENTER, scanCode=0, metaState=0, flags=0x8, repeatCount=0, eventTime=152501, downTime=152501, deviceId=-1, source=0x101 }
D/InputEventConsistencyVerifier( 1043):   2: sent at 152501000000, (unhandled) KeyEvent { action=ACTION_UP, keyCode=KEYCODE_BUTTON_3, scanCode=0, metaState=0, flags=0x8, repeatCount=0, eventTime=152501, downTime=152501, deviceId=-1, source=0x101 }
D/InputEventConsistencyVerifier( 1043):   3: sent at 152469000000, (unhandled) KeyEvent { action=ACTION_DOWN, keyCode=KEYCODE_DPAD_CENTER, scanCode=0, metaState=0, flags=0x8, repeatCount=0, eventTime=152469, downTime=152469, deviceId=-1, source=0x101 }
D/InputEventConsistencyVerifier( 1043):   4: sent at 152469000000, (unhandled) KeyEvent { action=ACTION_DOWN, keyCode=KEYCODE_BUTTON_3, scanCode=0, metaState=0, flags=0x8, repeatCount=0, eventTime=152469, downTime=152469, deviceId=-1, source=0x101 }
D/InputEventConsistencyVerifier( 1043):   5: sent at 150263000000, MotionEvent { action=ACTION_DOWN, id[0]=0, x[0]=89.0, y[0]=-264.0, toolType[0]=TOOL_TYPE_UNKNOWN, buttonState=0, metaState=0, flags=0x0, edgeFlags=0x0, pointerCount=1, historySize=0, eventTime=150263, downTime=150262, deviceId=0, source=0x1002 }
E/WVMExtractor(   61): Failed to open libwvm.so
W/InputMethodManagerService(  221): Window already focused, ignoring focus gain of: com.android.internal.view.IInputMethodClient$Stub$Proxy@b40317f0 attribute=null
D/InputEventConsistencyVerifier( 1043): KeyEvent: ACTION_UP but key was not down.
D/InputEventConsistencyVerifier( 1043):   in android.view.ViewRootImpl@b3dcb8a8
D/InputEventConsistencyVerifier( 1043):   0: sent at 152748000000, KeyEvent { action=ACTION_UP, keyCode=KEYCODE_DPAD_UP, scanCode=0, metaState=0, flags=0x8, repeatCount=0, eventTime=152748, downTime=152748, deviceId=-1, source=0x101 }
D/InputEventConsistencyVerifier( 1043):   -- recent events --
D/InputEventConsistencyVerifier( 1043):   1: sent at 151134000000, KeyEvent { action=ACTION_UP, keyCode=KEYCODE_MENU, scanCode=0, metaState=0, flags=0x8, repeatCount=0, eventTime=151134, downTime=151134, deviceId=-1, source=0x101 }
D/InputEventConsistencyVerifier( 1043):   2: sent at 151104000000, KeyEvent { action=ACTION_DOWN, keyCode=KEYCODE_MENU, scanCode=0, metaState=0, flags=0x8, repeatCount=0, eventTime=151104, downTime=151104, deviceId=-1, source=0x101 }
D/InputEventConsistencyVerifier( 1043):   3: sent at 151043000000, KeyEvent { action=ACTION_UP, keyCode=KEYCODE_DPAD_CENTER, scanCode=0, metaState=0, flags=0x8, repeatCount=0, eventTime=151043, downTime=151043, deviceId=-1, source=0x101 }
D/InputEventConsistencyVerifier( 1043):   4: sent at 151038000000, KeyEvent { action=ACTION_DOWN, keyCode=KEYCODE_DPAD_CENTER, scanCode=0, metaState=0, flags=0x8, repeatCount=0, eventTime=151038, downTime=151038, deviceId=-1, source=0x101 }
D/InputEventConsistencyVerifier( 1043):   5: sent at 150517000000, KeyEvent { action=ACTION_UP, keyCode=KEYCODE_DPAD_UP, scanCode=0, metaState=0, flags=0x8, repeatCount=0, eventTime=150517, downTime=150517, deviceId=-1, source=0x101 }
I/ActivityManager(  221): START {act=android.intent.action.MAIN cat=[android.intent.category.LAUNCHER] flg=0x10200000 cmp=com.jx.theme.n191148435/com.jx.MainActivity u=0} from pid 1012
E/WVMExtractor(   61): Failed to open libwvm.so
E/WVMExtractor(   61): Failed to open libwvm.so
D/InputEventConsistencyVerifier( 1043): TrackballEvent: Trackball is down but pressure is not greater than 0.
D/InputEventConsistencyVerifier( 1043):   in android.view.ViewRootImpl@b3e46080
D/InputEventConsistencyVerifier( 1043):   0: sent at 153491000000, MotionEvent { action=ACTION_DOWN, id[0]=0, x[0]=0.0, y[0]=0.0, toolType[0]=TOOL_TYPE_UNKNOWN, buttonState=0, metaState=0, flags=0x0, edgeFlags=0x0, pointerCount=1, historySize=0, eventTime=153491, downTime=153452, deviceId=0, source=0x10004 }
D/InputEventConsistencyVerifier( 1043):   -- recent events --
D/InputEventConsistencyVerifier( 1043):   1: sent at 153637000000, KeyEvent { action=ACTION_UP, keyCode=KEYCODE_DPAD_DOWN, scanCode=0, metaState=0, flags=0x400, repeatCount=0, eventTime=153637, downTime=153637, deviceId=-1, source=0x101 }
D/InputEventConsistencyVerifier( 1043):   2: sent at 153637000000, KeyEvent { action=ACTION_DOWN, keyCode=KEYCODE_DPAD_DOWN, scanCode=0, metaState=0, flags=0x400, repeatCount=0, eventTime=153637, downTime=153637, deviceId=-1, source=0x101 }
D/InputEventConsistencyVerifier( 1043):   3: sent at 153635000000, KeyEvent { action=ACTION_UP, keyCode=KEYCODE_DPAD_DOWN, scanCode=0, metaState=0, flags=0x400, repeatCount=0, eventTime=153635, downTime=153635, deviceId=-1, source=0x101 }
D/InputEventConsistencyVerifier( 1043):   4: sent at 153635000000, KeyEvent { action=ACTION_DOWN, keyCode=KEYCODE_DPAD_DOWN, scanCode=0, metaState=0, flags=0x400, repeatCount=0, eventTime=153635, downTime=153635, deviceId=-1, source=0x101 }
D/InputEventConsistencyVerifier( 1043):   5: sent at 153489000000, MotionEvent { action=ACTION_MOVE, id[0]=0, x[0]=-2.0, y[0]=2.0, toolType[0]=TOOL_TYPE_UNKNOWN, buttonState=0, metaState=0, flags=0x0, edgeFlags=0x0, pointerCount=1, historySize=9, eventTime=153489, downTime=-1, deviceId=0, source=0x10004 }
E/WVMExtractor(   61): Failed to open libwvm.so
I/Choreographer( 1043): Skipped 99 frames!  The application may be doing too much work on its main thread.
E/WVMExtractor(   61): Failed to open libwvm.so
I/Choreographer( 1043): Skipped 51 frames!  The application may be doing too much work on its main thread.
E/WVMExtractor(   61): Failed to open libwvm.so
I/Choreographer( 1043): Skipped 52 frames!  The application may be doing too much work on its main thread.
W/InputMethodManagerService(  221): Window already focused, ignoring focus gain of: com.android.internal.view.IInputMethodClient$Stub$Proxy@b3fa8f90 attribute=null
E/WVMExtractor(   61): Failed to open libwvm.so
W/BackupManagerService(  221): dataChanged but no participant pkg='com.android.providers.settings' uid=10011
E/WVMExtractor(   61): Failed to open libwvm.so
I/Choreographer( 1043): Skipped 42 frames!  The application may be doing too much work on its main thread.
E/MetadataRetrieverClient(   61): failed to extract an album art
D/InputEventConsistencyVerifier( 1043): TrackballEvent: Trackball is down but pressure is not greater than 0.
D/InputEventConsistencyVerifier( 1043):   in android.view.ViewRootImpl@b3dcb8a8
D/InputEventConsistencyVerifier( 1043):   0: sent at 155521000000, MotionEvent { action=ACTION_DOWN, id[0]=0, x[0]=0.0, y[0]=0.0, toolType[0]=TOOL_TYPE_UNKNOWN, buttonState=0, metaState=0, flags=0x0, edgeFlags=0x0, pointerCount=1, historySize=0, eventTime=155521, downTime=155395, deviceId=0, source=0x10004 }
D/InputEventConsistencyVerifier( 1043):   -- recent events --
D/InputEventConsistencyVerifier( 1043):   1: sent at 155519000000, MotionEvent { action=ACTION_MOVE, id[0]=0, x[0]=-2.0, y[0]=4.0, toolType[0]=TOOL_TYPE_UNKNOWN, buttonState=0, metaState=0, flags=0x0, edgeFlags=0x0, pointerCount=1, historySize=8, eventTime=155519, downTime=-1, deviceId=0, source=0x10004 }
D/InputEventConsistencyVerifier( 1043):   2: sent at 155463000000, KeyEvent { action=ACTION_UP, keyCode=KEYCODE_DPAD_RIGHT, scanCode=0, metaState=0, flags=0x400, repeatCount=0, eventTime=155463, downTime=155463, deviceId=-1, source=0x101 }
D/InputEventConsistencyVerifier( 1043):   3: sent at 155463000000, KeyEvent { action=ACTION_DOWN, keyCode=KEYCODE_DPAD_RIGHT, scanCode=0, metaState=0, flags=0x400, repeatCount=0, eventTime=155463, downTime=155463, deviceId=-1, source=0x101 }
D/InputEventConsistencyVerifier( 1043):   4: sent at 155461000000, KeyEvent { action=ACTION_UP, keyCode=KEYCODE_DPAD_RIGHT, scanCode=0, metaState=0, flags=0x400, repeatCount=0, eventTime=155461, downTime=155461, deviceId=-1, source=0x101 }
D/InputEventConsistencyVerifier( 1043):   5: sent at 155461000000, KeyEvent { action=ACTION_DOWN, keyCode=KEYCODE_DPAD_RIGHT, scanCode=0, metaState=0, flags=0x400, repeatCount=0, eventTime=155461, downTime=155461, deviceId=-1, source=0x101 }
E/WVMExtractor(   61): Failed to open libwvm.so
E/WVMExtractor(   61): Failed to open libwvm.so
I/Choreographer( 1043): Skipped 31 frames!  The application may be doing too much work on its main thread.
E/WVMExtractor(   61): Failed to open libwvm.so
E/WVMExtractor(   61): Failed to open libwvm.so
E/WVMExtractor(   61): Failed to open libwvm.so
E/WVMExtractor(   61): Failed to open libwvm.so
E/WVMExtractor(   61): Failed to open libwvm.so
E/WVMExtractor(   61): Failed to open libwvm.so
E/WVMExtractor(   61): Failed to open libwvm.so
E/WVMExtractor(   61): Failed to open libwvm.so
E/WVMExtractor(   61): Failed to open libwvm.so
I/Choreographer( 1043): Skipped 34 frames!  The application may be doing too much work on its main thread.
E/WVMExtractor(   61): Failed to open libwvm.so
I/Choreographer( 1043): Skipped 51 frames!  The application may be doing too much work on its main thread.
W/InputMethodManagerService(  221): Window already focused, ignoring focus gain of: com.android.internal.view.IInputMethodClient$Stub$Proxy@b40b70a8 attribute=null
I/Choreographer( 1043): Skipped 33 frames!  The application may be doing too much work on its main thread.
E/WVMExtractor(   61): Failed to open libwvm.so
W/InputMethodManagerService(  221): Window already focused, ignoring focus gain of: com.android.internal.view.IInputMethodClient$Stub$Proxy@b4107a18 attribute=null
D/InputEventConsistencyVerifier( 1043): TrackballEvent: Trackball is down but pressure is not greater than 0.
D/InputEventConsistencyVerifier( 1043):   in android.view.ViewRootImpl@b3dcb8a8
D/InputEventConsistencyVerifier( 1043):   0: sent at 161131000000, MotionEvent { action=ACTION_DOWN, id[0]=0, x[0]=0.0, y[0]=0.0, toolType[0]=TOOL_TYPE_UNKNOWN, buttonState=0, metaState=0, flags=0x0, edgeFlags=0x0, pointerCount=1, historySize=0, eventTime=161131, downTime=161014, deviceId=0, source=0x10004 }
D/InputEventConsistencyVerifier( 1043):   -- recent events --
D/InputEventConsistencyVerifier( 1043):   1: sent at 161193000000, KeyEvent { action=ACTION_UP, keyCode=KEYCODE_DPAD_DOWN, scanCode=0, metaState=0, flags=0x400, repeatCount=0, eventTime=161193, downTime=161193, deviceId=-1, source=0x101 }
D/InputEventConsistencyVerifier( 1043):   2: sent at 161193000000, KeyEvent { action=ACTION_DOWN, keyCode=KEYCODE_DPAD_DOWN, scanCode=0, metaState=0, flags=0x400, repeatCount=0, eventTime=161193, downTime=161193, deviceId=-1, source=0x101 }
D/InputEventConsistencyVerifier( 1043):   3: sent at 161192000000, KeyEvent { action=ACTION_UP, keyCode=KEYCODE_DPAD_DOWN, scanCode=0, metaState=0, flags=0x400, repeatCount=0, eventTime=161192, downTime=161192, deviceId=-1, source=0x101 }
D/InputEventConsistencyVerifier( 1043):   4: sent at 161192000000, KeyEvent { action=ACTION_DOWN, keyCode=KEYCODE_DPAD_DOWN, scanCode=0, metaState=0, flags=0x400, repeatCount=0, eventTime=161192, downTime=161192, deviceId=-1, source=0x101 }
D/InputEventConsistencyVerifier( 1043):   5: sent at 161127000000, MotionEvent { action=ACTION_MOVE, id[0]=0, x[0]=-2.0, y[0]=2.0, toolType[0]=TOOL_TYPE_UNKNOWN, buttonState=0, metaState=0, flags=0x0, edgeFlags=0x0, pointerCount=1, historySize=8, eventTime=161127, downTime=-1, deviceId=0, source=0x10004 }
E/WVMExtractor(   61): Failed to open libwvm.so
I/Choreographer( 1043): Skipped 32 frames!  The application may be doing too much work on its main thread.
E/WVMExtractor(   61): Failed to open libwvm.so
I/ActivityManager(  221): START {act=android.intent.action.MAIN cat=[android.intent.category.LAUNCHER] flg=0x10200000 cmp=com.jx.theme.n191148435/com.jx.MainActivity u=0} from pid 1012
E/WVMExtractor(   61): Failed to open libwvm.so
I/Choreographer( 1043): Skipped 41 frames!  The application may be doing too much work on its main thread.
I/Choreographer( 1043): Skipped 68 frames!  The application may be doing too much work on its main thread.
W/InputMethodManagerService(  221): Window already focused, ignoring focus gain of: com.android.internal.view.IInputMethodClient$Stub$Proxy@b3d9d6b0 attribute=null
E/WVMExtractor(   61): Failed to open libwvm.so
E/WVMExtractor(   61): Failed to open libwvm.so
E/WVMExtractor(   61): Failed to open libwvm.so
E/WVMExtractor(   61): Failed to open libwvm.so
D/InputEventConsistencyVerifier(  416): TouchEvent: ACTION_DOWN but pointers are already down.  Probably missing ACTION_UP from previous gesture.
D/InputEventConsistencyVerifier(  416):   in android.view.ScaleGestureDetector@b3e77e78
D/InputEventConsistencyVerifier(  416):   0: sent at 164660000000, MotionEvent { action=ACTION_DOWN, id[0]=0, x[0]=274.0, y[0]=2.0, toolType[0]=TOOL_TYPE_UNKNOWN, buttonState=0, metaState=0, flags=0x0, edgeFlags=0x0, pointerCount=1, historySize=0, eventTime=164660, downTime=164658, deviceId=0, source=0x1002 }
D/InputEventConsistencyVerifier(  416):   -- recent events --
D/InputEventConsistencyVerifier(  416):   1: sent at 152253000000, MotionEvent { action=ACTION_DOWN, id[0]=0, x[0]=442.0, y[0]=618.0, toolType[0]=TOOL_TYPE_UNKNOWN, buttonState=0, metaState=0, flags=0x80000000, edgeFlags=0x0, pointerCount=1, historySize=0, eventTime=152253, downTime=152253, deviceId=0, source=0x1002 }
D/InputEventConsistencyVerifier(  416):   2: sent at 152228000000, MotionEvent { action=ACTION_DOWN, id[0]=0, x[0]=402.0, y[0]=181.0, toolType[0]=TOOL_TYPE_UNKNOWN, buttonState=0, metaState=0, flags=0x0, edgeFlags=0x0, pointerCount=1, historySize=0, eventTime=152228, downTime=152228, deviceId=0, source=0x1002 }
D/InputEventConsistencyVerifier(  416):   3: sent at 151220000000, MotionEvent { action=ACTION_UP, id[0]=0, x[0]=436.0, y[0]=19.0, toolType[0]=TOOL_TYPE_UNKNOWN, buttonState=0, metaState=0, flags=0x0, edgeFlags=0x0, pointerCount=1, historySize=0, eventTime=151220, downTime=151194, deviceId=0, source=0x1002 }
D/InputEventConsistencyVerifier(  416):   4: sent at 151194000000, MotionEvent { action=ACTION_DOWN, id[0]=0, x[0]=437.0, y[0]=19.0, toolType[0]=TOOL_TYPE_UNKNOWN, buttonState=0, metaState=0, flags=0x0, edgeFlags=0x0, pointerCount=1, historySize=0, eventTime=151194, downTime=151194, deviceId=0, source=0x1002 }
D/InputEventConsistencyVerifier(  416):   5: sent at 147217000000, MotionEvent { action=ACTION_UP, id[0]=0, x[0]=86.0, y[0]=5.0, toolType[0]=TOOL_TYPE_UNKNOWN, buttonState=0, metaState=0, flags=0x0, edgeFlags=0x0, pointerCount=1, historySize=0, eventTime=147217, downTime=147211, deviceId=0, source=0x1002 }
D/InputEventConsistencyVerifier(  416): KeyEvent: ACTION_UP but key was not down.
D/InputEventConsistencyVerifier(  416):   in android.view.ViewRootImpl@b3e699f0
D/InputEventConsistencyVerifier(  416):   0: sent at 164797000000, KeyEvent { action=ACTION_UP, keyCode=KEYCODE_DPAD_CENTER, scanCode=0, metaState=0, flags=0x8, repeatCount=0, eventTime=164797, downTime=164797, deviceId=-1, source=0x101 }
D/InputEventConsistencyVerifier(  416):   -- recent events --
D/InputEventConsistencyVerifier(  416):   1: sent at 164693000000, MotionEvent { action=ACTION_UP, id[0]=0, x[0]=269.0, y[0]=6.0, toolType[0]=TOOL_TYPE_UNKNOWN, buttonState=0, metaState=0, flags=0x0, edgeFlags=0x0, pointerCount=1, historySize=0, eventTime=164693, downTime=164658, deviceId=0, source=0x1002 }
D/InputEventConsistencyVerifier(  416):   2: sent at 164660000000, MotionEvent { action=ACTION_DOWN, id[0]=0, x[0]=274.0, y[0]=2.0, toolType[0]=TOOL_TYPE_UNKNOWN, buttonState=0, metaState=0, flags=0x0, edgeFlags=0x0, pointerCount=1, historySize=0, eventTime=164660, downTime=164658, deviceId=0, source=0x1002 }
D/InputEventConsistencyVerifier(  416):   3: sent at 152377000000, KeyEvent { action=ACTION_UP, keyCode=KEYCODE_CALENDAR, scanCode=0, metaState=0, flags=0x80000008, repeatCount=0, eventTime=152377, downTime=152377, deviceId=-1, source=0x101 }
D/InputEventConsistencyVerifier(  416):   4: sent at 152342000000, KeyEvent { action=ACTION_UP, keyCode=KEYCODE_NUMPAD_MULTIPLY, scanCode=0, metaState=0, flags=0x8, repeatCount=0, eventTime=152342, downTime=152342, deviceId=-1, source=0x101 }
D/InputEventConsistencyVerifier(  416):   5: sent at 152274000000, KeyEvent { action=ACTION_DOWN, keyCode=KEYCODE_NUMPAD_MULTIPLY, scanCode=0, metaState=0, flags=0x8, repeatCount=0, eventTime=152274, downTime=152274, deviceId=-1, source=0x101 }
W/dalvikvm(  416): DroidBox: { "FdAccess": { "path": "2f70726f632f6d656d696e666f", "id": "1589864439" } }
W/DroidBox(  416): DroidBox: { "FileRW": { "operation": "read", "data": "4d656d546f74616c3a202020202020202020373438393634206b420a4d656d467265653a20202020202020202020343539313736206b420a427566666572733a20202020202020202020202035343932206b420a4361636865643a202020202020202020", "id": "1589864439" } }
I/Choreographer(  416): Skipped 33 frames!  The application may be doing too much work on its main thread.
W/dalvikvm(  416): DroidBox: { "FdAccess": { "path": "2f70726f632f6d656d696e666f", "id": "1954094729" } }
I/Choreographer( 1043): Skipped 46 frames!  The application may be doing too much work on its main thread.
W/DroidBox(  416): DroidBox: { "FileRW": { "operation": "read", "data": "4d656d546f74616c3a202020202020202020373438393634206b420a4d656d467265653a20202020202020202020343539313736206b420a427566666572733a20202020202020202020202035343932206b420a4361636865643a202020202020202020", "id": "1954094729" } }
D/InputEventConsistencyVerifier(  416): TouchEvent: ACTION_DOWN but pointers are already down.  Probably missing ACTION_UP from previous gesture.
D/InputEventConsistencyVerifier(  416):   in android.view.ScaleGestureDetector@b3e77e78
D/InputEventConsistencyVerifier(  416):   0: sent at 164947000000, MotionEvent { action=ACTION_DOWN, id[0]=0, x[0]=42.0, y[0]=271.0, toolType[0]=TOOL_TYPE_UNKNOWN, buttonState=0, metaState=0, flags=0x0, edgeFlags=0x0, pointerCount=1, historySize=0, eventTime=164947, downTime=164947, deviceId=0, source=0x1002 }
D/InputEventConsistencyVerifier(  416):   -- recent events --
D/InputEventConsistencyVerifier(  416):   1: sent at 164871000000, MotionEvent { action=ACTION_DOWN, id[0]=0, x[0]=30.0, y[0]=630.0, toolType[0]=TOOL_TYPE_UNKNOWN, buttonState=0, metaState=0, flags=0x0, edgeFlags=0x0, pointerCount=1, historySize=0, eventTime=164871, downTime=164871, deviceId=0, source=0x1002 }
D/InputEventConsistencyVerifier(  416):   2: sent at 164693000000, MotionEvent { action=ACTION_UP, id[0]=0, x[0]=269.0, y[0]=6.0, toolType[0]=TOOL_TYPE_UNKNOWN, buttonState=0, metaState=0, flags=0x0, edgeFlags=0x0, pointerCount=1, historySize=0, eventTime=164693, downTime=164658, deviceId=0, source=0x1002 }
D/InputEventConsistencyVerifier(  416):   3: sent at 164660000000, MotionEvent { action=ACTION_DOWN, id[0]=0, x[0]=274.0, y[0]=2.0, toolType[0]=TOOL_TYPE_UNKNOWN, buttonState=0, metaState=0, flags=0x80000000, edgeFlags=0x0, pointerCount=1, historySize=0, eventTime=164660, downTime=164658, deviceId=0, source=0x1002 }
D/InputEventConsistencyVerifier(  416):   4: sent at 152253000000, MotionEvent { action=ACTION_DOWN, id[0]=0, x[0]=442.0, y[0]=618.0, toolType[0]=TOOL_TYPE_UNKNOWN, buttonState=0, metaState=0, flags=0x80000000, edgeFlags=0x0, pointerCount=1, historySize=0, eventTime=152253, downTime=152253, deviceId=0, source=0x1002 }
D/InputEventConsistencyVerifier(  416):   5: sent at 152228000000, MotionEvent { action=ACTION_DOWN, id[0]=0, x[0]=402.0, y[0]=181.0, toolType[0]=TOOL_TYPE_UNKNOWN, buttonState=0, metaState=0, flags=0x0, edgeFlags=0x0, pointerCount=1, historySize=0, eventTime=152228, downTime=152228, deviceId=0, source=0x1002 }
V/PhoneStatusBar(  416): setLightsOn(true)
I/Choreographer(  416): Skipped 76 frames!  The application may be doing too much work on its main thread.
D/PhoneStatusBar(  416): disable: < expand icons alerts TICKER* system_info back home recent clock >
W/dalvikvm(  416): DroidBox: { "FdAccess": { "path": "2f70726f632f6d656d696e666f", "id": "956493835" } }
W/DroidBox(  416): DroidBox: { "FileRW": { "operation": "read", "data": "4d656d546f74616c3a202020202020202020373438393634206b420a4d656d467265653a20202020202020202020343538303630206b420a427566666572733a20202020202020202020202035343932206b420a4361636865643a202020202020202020", "id": "956493835" } }
I/Choreographer(  416): Skipped 68 frames!  The application may be doing too much work on its main thread.
D/InputEventConsistencyVerifier(  416): KeyEvent: ACTION_UP but key was not down.
D/InputEventConsistencyVerifier(  416):   in com.android.systemui.statusbar.phone.StatusBarWindowView@b3dd81d8
D/InputEventConsistencyVerifier(  416):   0: sent at 165465000000, KeyEvent { action=ACTION_UP, keyCode=KEYCODE_DPAD_DOWN, scanCode=0, metaState=0, flags=0x400, repeatCount=0, eventTime=165465, downTime=165465, deviceId=-1, source=0x101 }
D/InputEventConsistencyVerifier(  416):   -- recent events --
D/InputEventConsistencyVerifier(  416):   1: sent at 165456000000, (unhandled) MotionEvent { action=ACTION_MOVE, id[0]=0, x[0]=1.0, y[0]=4.0, toolType[0]=TOOL_TYPE_UNKNOWN, buttonState=0, metaState=0, flags=0x0, edgeFlags=0x0, pointerCount=1, historySize=6, eventTime=165456, downTime=-1, deviceId=0, source=0x10004 }
D/InputEventConsistencyVerifier(  416):   2: sent at 165324000000, (unhandled) KeyEvent { action=ACTION_UP, keyCode=KEYCODE_MENU, scanCode=0, metaState=0, flags=0x8, repeatCount=0, eventTime=165324, downTime=165324, deviceId=-1, source=0x101 }
D/InputEventConsistencyVerifier(  416):   3: sent at 165169000000, (unhandled) KeyEvent { action=ACTION_DOWN, keyCode=KEYCODE_MENU, scanCode=0, metaState=0, flags=0x8, repeatCount=0, eventTime=165169, downTime=165169, deviceId=-1, source=0x101 }
D/InputEventConsistencyVerifier(  416):   4: sent at 165137000000, (unhandled) KeyEvent { action=ACTION_UP, keyCode=KEYCODE_MEDIA_PREVIOUS, scanCode=0, metaState=0, flags=0x8, repeatCount=0, eventTime=165137, downTime=165137, deviceId=-1, source=0x101 }
D/InputEventConsistencyVerifier(  416):   5: sent at 165001000000, (unhandled) KeyEvent { action=ACTION_DOWN, keyCode=KEYCODE_MEDIA_PREVIOUS, scanCode=0, metaState=0, flags=0x8, repeatCount=0, eventTime=165001, downTime=165001, deviceId=-1, source=0x101 }
D/InputEventConsistencyVerifier(  416): KeyEvent: ACTION_UP but key was not down.
D/InputEventConsistencyVerifier(  416):   in android.widget.FrameLayout@b3da8258
D/InputEventConsistencyVerifier(  416):   0: sent at 165465000000, KeyEvent { action=ACTION_UP, keyCode=KEYCODE_DPAD_DOWN, scanCode=0, metaState=0, flags=0x400, repeatCount=0, eventTime=165465, downTime=165465, deviceId=-1, source=0x101 }
D/InputEventConsistencyVerifier(  416):   -- recent events --
D/InputEventConsistencyVerifier(  416):   1: sent at 151835000000, (unhandled) KeyEvent { action=ACTION_UP, keyCode=KEYCODE_DPAD_DOWN, scanCode=0, metaState=0, flags=0x400, repeatCount=0, eventTime=151835, downTime=151835, deviceId=-1, source=0x101 }
D/InputEventConsistencyVerifier(  416):   2: sent at 151835000000, (unhandled) KeyEvent { action=ACTION_DOWN, keyCode=KEYCODE_DPAD_DOWN, scanCode=0, metaState=0, flags=0x400, repeatCount=0, eventTime=151835, downTime=151835, deviceId=-1, source=0x101 }
D/InputEventConsistencyVerifier(  416):   3: sent at 151835000000, (unhandled) KeyEvent { action=ACTION_UP, keyCode=KEYCODE_DPAD_DOWN, scanCode=0, metaState=0, flags=0x400, repeatCount=0, eventTime=151835, downTime=151835, deviceId=-1, source=0x101 }
D/InputEventConsistencyVerifier(  416):   4: sent at 151835000000, (unhandled) KeyEvent { action=ACTION_DOWN, keyCode=KEYCODE_DPAD_DOWN, scanCode=0, metaState=0, flags=0x400, repeatCount=0, eventTime=151835, downTime=151835, deviceId=-1, source=0x101 }
D/InputEventConsistencyVerifier(  416):   5: sent at 151835000000, (unhandled) KeyEvent { action=ACTION_UP, keyCode=KEYCODE_DPAD_DOWN, scanCode=0, metaState=0, flags=0x80000400, repeatCount=0, eventTime=151835, downTime=151835, deviceId=-1, source=0x101 }
I/Choreographer(  416): Skipped 57 frames!  The application may be doing too much work on its main thread.
V/PhoneStatusBar(  416): setLightsOn(true)
D/PhoneStatusBar(  416): disable: < expand icons alerts ticker* system_info back home recent clock >
W/DroidBox( 1090): DroidBox: { "ServiceStart": { "name": "com.android.music.MediaPlaybackService" } }
W/DroidBox( 1090): DroidBox: { "ServiceStart": { "name": "com.android.music.MediaPlaybackService" } }
I/ActivityManager(  221): START {act=android.intent.action.CALL_BUTTON flg=0x10000000 cmp=com.android.contacts/.activities.DialtactsActivity u=0} from pid 1043
E/WVMExtractor(   61): Failed to open libwvm.so
W/InputMethodManagerService(  221): Window already focused, ignoring focus gain of: com.android.internal.view.IInputMethodClient$Stub$Proxy@b4032820 attribute=null
I/AudioService(  221):  AudioFocus  requestAudioFocus() from android.media.AudioManager@b3db7f00com.android.music.MediaPlaybackService$3@b3db6738
I/AudioService(  221):   Remote Control   registerMediaButtonIntent() for PendingIntent{b40e7a78: PendingIntentRecord{b400fea0 com.android.music broadcastIntent}}
E/WVMExtractor(   61): Failed to open libwvm.so
E/WVMExtractor(   61): Failed to open libwvm.so
E/WVMExtractor(   61): Failed to open libwvm.so
E/WVMExtractor(   61): Failed to open libwvm.so
E/WVMExtractor(   61): Failed to open libwvm.so
E/WVMExtractor(   61): Failed to open libwvm.so
I/Choreographer( 1043): Skipped 42 frames!  The application may be doing too much work on its main thread.
E/WVMExtractor(   61): Failed to open libwvm.so
I/Choreographer( 1043): Skipped 51 frames!  The application may be doing too much work on its main thread.
W/InputManager(  221): Input event injection from pid 1012 failed.
W/InputManager(  221): Input event injection from pid 1012 failed.
W/InputMethodManagerService(  221): Window already focused, ignoring focus gain of: com.android.internal.view.IInputMethodClient$Stub$Proxy@b40841a8 attribute=null
W/InputManager(  221): Input event injection from pid 1012 failed.
W/InputManager(  221): Input event injection from pid 1012 failed.
W/InputManager(  221): Input event injection from pid 1012 failed.
W/InputManager(  221): Input event injection from pid 1012 failed.
W/dalvikvm( 1012): DroidBox: { "FdAccess": { "path": "2f6465762f696e7075742f6576656e7430", "id": "1602347416" } }
W/DroidBox( 1012): DroidBox: { "FileRW": { "operation": "write", "data": "7f060000efbfbd3901000500000001000000", "id": "1602347416" } }
E/WVMExtractor(   61): Failed to open libwvm.so
E/WVMExtractor(   61): Failed to open libwvm.so
I/Choreographer( 1043): Skipped 61 frames!  The application may be doing too much work on its main thread.
I/Choreographer( 1043): Skipped 49 frames!  The application may be doing too much work on its main thread.
E/WVMExtractor(   61): Failed to open libwvm.so
D/InputEventConsistencyVerifier( 1043): KeyEvent: ACTION_UP but key was not down.
D/InputEventConsistencyVerifier( 1043):   in android.view.ViewRootImpl@b3dcb8a8
D/InputEventConsistencyVerifier( 1043):   0: sent at 170421000000, KeyEvent { action=ACTION_UP, keyCode=KEYCODE_DPAD_LEFT, scanCode=0, metaState=0, flags=0x8, repeatCount=0, eventTime=170421, downTime=170421, deviceId=-1, source=0x101 }
D/InputEventConsistencyVerifier( 1043):   -- recent events --
D/InputEventConsistencyVerifier( 1043):   1: sent at 169836000000, MotionEvent { action=ACTION_UP, id[0]=0, x[0]=178.0, y[0]=492.0, toolType[0]=TOOL_TYPE_UNKNOWN, buttonState=0, metaState=0, flags=0x0, edgeFlags=0x0, pointerCount=1, historySize=0, eventTime=169836, downTime=169757, deviceId=0, source=0x1002 }
D/InputEventConsistencyVerifier( 1043):   2: sent at 169833000000, MotionEvent { action=ACTION_MOVE, id[0]=0, x[0]=171.0, y[0]=476.0, toolType[0]=TOOL_TYPE_UNKNOWN, buttonState=0, metaState=0, flags=0x0, edgeFlags=0x0, pointerCount=1, historySize=8, eventTime=169833, downTime=169757, deviceId=0, source=0x1002 }
D/InputEventConsistencyVerifier( 1043):   3: sent at 169773000000, MotionEvent { action=ACTION_DOWN, id[0]=0, x[0]=104.0, y[0]=388.0, toolType[0]=TOOL_TYPE_UNKNOWN, buttonState=0, metaState=0, flags=0x0, edgeFlags=0x0, pointerCount=1, historySize=0, eventTime=169773, downTime=169757, deviceId=0, source=0x1002 }
D/InputEventConsistencyVerifier( 1043):   4: sent at 169525000000, MotionEvent { action=ACTION_UP, id[0]=0, x[0]=332.0, y[0]=675.0, toolType[0]=TOOL_TYPE_UNKNOWN, buttonState=0, metaState=0, flags=0x0, edgeFlags=0x0, pointerCount=1, historySize=0, eventTime=169525, downTime=169446, deviceId=0, source=0x1002 }
D/InputEventConsistencyVerifier( 1043):   5: sent at 169521000000, MotionEvent { action=ACTION_POINTER_UP(1), id[0]=0, x[0]=332.0, y[0]=668.0, toolType[0]=TOOL_TYPE_UNKNOWN, id[1]=1, x[1]=140.0, y[1]=381.0, toolType[1]=TOOL_TYPE_UNKNOWN, buttonState=0, metaState=0, flags=0x0, edgeFlags=0x0, pointerCount=2, historySize=0, eventTime=169521, downTime=169446, deviceId=0, source=0x1002 }
W/InputMethodManagerService(  221): Window already focused, ignoring focus gain of: com.android.internal.view.IInputMethodClient$Stub$Proxy@b3f51550 attribute=null
E/WVMExtractor(   61): Failed to open libwvm.so
E/WVMExtractor(   61): Failed to open libwvm.so
E/WVMExtractor(   61): Failed to open libwvm.so
E/WVMExtractor(   61): Failed to open libwvm.so
E/WVMExtractor(   61): Failed to open libwvm.so
E/WVMExtractor(   61): Failed to open libwvm.so
I/ActivityManager(  221): START {act=android.intent.action.MAIN cat=[android.intent.category.LAUNCHER] flg=0x10200000 cmp=com.jx.theme.n191148435/com.jx.MainActivity u=0} from pid 1012
E/WVMExtractor(   61): Failed to open libwvm.so
E/WVMExtractor(   61): Failed to open libwvm.so
I/Choreographer( 1043): Skipped 41 frames!  The application may be doing too much work on its main thread.
E/WVMExtractor(   61): Failed to open libwvm.so
I/Choreographer( 1043): Skipped 34 frames!  The application may be doing too much work on its main thread.
W/InputMethodManagerService(  221): Window already focused, ignoring focus gain of: com.android.internal.view.IInputMethodClient$Stub$Proxy@b41c32c0 attribute=null
E/WVMExtractor(   61): Failed to open libwvm.so
W/InputManager(  221): Input event injection from pid 1012 failed.
W/InputManager(  221): Input event injection from pid 1012 failed.
W/InputMethodManagerService(  221): Window already focused, ignoring focus gain of: com.android.internal.view.IInputMethodClient$Stub$Proxy@b3fe4a90 attribute=null
E/WVMExtractor(   61): Failed to open libwvm.so
E/WVMExtractor(   61): Failed to open libwvm.so
E/WVMExtractor(   61): Failed to open libwvm.so
E/WVMExtractor(   61): Failed to open libwvm.so
D/InputEventConsistencyVerifier(  416): TouchEvent: ACTION_DOWN but pointers are already down.  Probably missing ACTION_UP from previous gesture.
D/InputEventConsistencyVerifier(  416):   in android.view.ScaleGestureDetector@b3e77e78
D/InputEventConsistencyVerifier(  416):   0: sent at 176068000000, MotionEvent { action=ACTION_DOWN, id[0]=0, x[0]=374.0, y[0]=20.0, toolType[0]=TOOL_TYPE_UNKNOWN, buttonState=0, metaState=0, flags=0x0, edgeFlags=0x0, pointerCount=1, historySize=0, eventTime=176068, downTime=176065, deviceId=0, source=0x1002 }
D/InputEventConsistencyVerifier(  416):   -- recent events --
D/InputEventConsistencyVerifier(  416):   1: sent at 164947000000, MotionEvent { action=ACTION_DOWN, id[0]=0, x[0]=42.0, y[0]=271.0, toolType[0]=TOOL_TYPE_UNKNOWN, buttonState=0, metaState=0, flags=0x80000000, edgeFlags=0x0, pointerCount=1, historySize=0, eventTime=164947, downTime=164947, deviceId=0, source=0x1002 }
D/InputEventConsistencyVerifier(  416):   2: sent at 164871000000, MotionEvent { action=ACTION_DOWN, id[0]=0, x[0]=30.0, y[0]=630.0, toolType[0]=TOOL_TYPE_UNKNOWN, buttonState=0, metaState=0, flags=0x0, edgeFlags=0x0, pointerCount=1, historySize=0, eventTime=164871, downTime=164871, deviceId=0, source=0x1002 }
D/InputEventConsistencyVerifier(  416):   3: sent at 164693000000, MotionEvent { action=ACTION_UP, id[0]=0, x[0]=269.0, y[0]=6.0, toolType[0]=TOOL_TYPE_UNKNOWN, buttonState=0, metaState=0, flags=0x0, edgeFlags=0x0, pointerCount=1, historySize=0, eventTime=164693, downTime=164658, deviceId=0, source=0x1002 }
D/InputEventConsistencyVerifier(  416):   4: sent at 164660000000, MotionEvent { action=ACTION_DOWN, id[0]=0, x[0]=274.0, y[0]=2.0, toolType[0]=TOOL_TYPE_UNKNOWN, buttonState=0, metaState=0, flags=0x80000000, edgeFlags=0x0, pointerCount=1, historySize=0, eventTime=164660, downTime=164658, deviceId=0, source=0x1002 }
D/InputEventConsistencyVerifier(  416):   5: sent at 152253000000, MotionEvent { action=ACTION_DOWN, id[0]=0, x[0]=442.0, y[0]=618.0, toolType[0]=TOOL_TYPE_UNKNOWN, buttonState=0, metaState=0, flags=0x80000000, edgeFlags=0x0, pointerCount=1, historySize=0, eventTime=152253, downTime=152253, deviceId=0, source=0x1002 }
W/dalvikvm(  416): DroidBox: { "FdAccess": { "path": "2f70726f632f6d656d696e666f", "id": "1640330245" } }
W/DroidBox(  416): DroidBox: { "FileRW": { "operation": "read", "data": "4d656d546f74616c3a202020202020202020373438393634206b420a4d656d467265653a20202020202020202020343537363732206b420a427566666572733a20202020202020202020202035343936206b420a4361636865643a202020202020202020", "id": "1640330245" } }
D/InputEventConsistencyVerifier(  416): KeyEvent: ACTION_UP but key was not down.
D/InputEventConsistencyVerifier(  416):   in android.view.ViewRootImpl@b3e699f0
D/InputEventConsistencyVerifier(  416):   0: sent at 176169000000, KeyEvent { action=ACTION_UP, keyCode=KEYCODE_DPAD_UP, scanCode=0, metaState=0, flags=0x8, repeatCount=0, eventTime=176169, downTime=176169, deviceId=-1, source=0x101 }
D/InputEventConsistencyVerifier(  416):   -- recent events --
D/InputEventConsistencyVerifier(  416):   1: sent at 176138000000, MotionEvent { action=ACTION_UP, id[0]=0, x[0]=302.0, y[0]=0.0, toolType[0]=TOOL_TYPE_UNKNOWN, buttonState=0, metaState=0, flags=0x0, edgeFlags=0x0, pointerCount=1, historySize=0, eventTime=176138, downTime=176065, deviceId=0, source=0x1002 }
D/InputEventConsistencyVerifier(  416):   2: sent at 176099000000, MotionEvent { action=ACTION_MOVE, id[0]=0, x[0]=308.0, y[0]=0.0, toolType[0]=TOOL_TYPE_UNKNOWN, buttonState=0, metaState=0, flags=0x0, edgeFlags=0x0, pointerCount=1, historySize=4, eventTime=176099, downTime=176065, deviceId=0, source=0x1002 }
D/InputEventConsistencyVerifier(  416):   3: sent at 176068000000, MotionEvent { action=ACTION_DOWN, id[0]=0, x[0]=374.0, y[0]=20.0, toolType[0]=TOOL_TYPE_UNKNOWN, buttonState=0, metaState=0, flags=0x0, edgeFlags=0x0, pointerCount=1, historySize=0, eventTime=176068, downTime=176065, deviceId=0, source=0x1002 }
D/InputEventConsistencyVerifier(  416):   4: sent at 165754000000, KeyEvent { action=ACTION_UP, keyCode=KEYCODE_DPAD_DOWN, scanCode=0, metaState=0, flags=0x400, repeatCount=0, eventTime=165754, downTime=165754, deviceId=-1, source=0x101 }
D/InputEventConsistencyVerifier(  416):   5: sent at 165754000000, KeyEvent { action=ACTION_DOWN, keyCode=KEYCODE_DPAD_DOWN, scanCode=0, metaState=0, flags=0x400, repeatCount=0, eventTime=165754, downTime=165754, deviceId=-1, source=0x101 }
D/InputEventConsistencyVerifier(  416): KeyEvent: ACTION_UP but key was not down.
D/InputEventConsistencyVerifier(  416):   in com.android.systemui.statusbar.phone.StatusBarWindowView@b3dd81d8
D/InputEventConsistencyVerifier(  416):   0: sent at 176312000000, KeyEvent { action=ACTION_UP, keyCode=KEYCODE_DPAD_UP, scanCode=0, metaState=0, flags=0x8, repeatCount=0, eventTime=176312, downTime=176312, deviceId=-1, source=0x101 }
D/InputEventConsistencyVerifier(  416):   -- recent events --
D/InputEventConsistencyVerifier(  416):   1: sent at 176169000000, (unhandled) KeyEvent { action=ACTION_UP, keyCode=KEYCODE_DPAD_UP, scanCode=0, metaState=0, flags=0x80000008, repeatCount=0, eventTime=176169, downTime=176169, deviceId=-1, source=0x101 }
D/InputEventConsistencyVerifier(  416):   2: sent at 176138000000, MotionEvent { action=ACTION_UP, id[0]=0, x[0]=302.0, y[0]=0.0, toolType[0]=TOOL_TYPE_UNKNOWN, buttonState=0, metaState=0, flags=0x0, edgeFlags=0x0, pointerCount=1, historySize=0, eventTime=176138, downTime=176065, deviceId=0, source=0x1002 }
D/InputEventConsistencyVerifier(  416):   3: sent at 176099000000, MotionEvent { action=ACTION_MOVE, id[0]=0, x[0]=308.0, y[0]=0.0, toolType[0]=TOOL_TYPE_UNKNOWN, buttonState=0, metaState=0, flags=0x0, edgeFlags=0x0, pointerCount=1, historySize=4, eventTime=176099, downTime=176065, deviceId=0, source=0x1002 }
D/InputEventConsistencyVerifier(  416):   4: sent at 176068000000, MotionEvent { action=ACTION_DOWN, id[0]=0, x[0]=374.0, y[0]=20.0, toolType[0]=TOOL_TYPE_UNKNOWN, buttonState=0, metaState=0, flags=0x0, edgeFlags=0x0, pointerCount=1, historySize=0, eventTime=176068, downTime=176065, deviceId=0, source=0x1002 }
D/InputEventConsistencyVerifier(  416):   5: sent at 165754000000, (unhandled) KeyEvent { action=ACTION_UP, keyCode=KEYCODE_DPAD_DOWN, scanCode=0, metaState=0, flags=0x400, repeatCount=0, eventTime=165754, downTime=165754, deviceId=-1, source=0x101 }
W/dalvikvm(  416): DroidBox: { "FdAccess": { "path": "2f70726f632f6d656d696e666f", "id": "606520530" } }
W/DroidBox(  416): DroidBox: { "FileRW": { "operation": "read", "data": "4d656d546f74616c3a202020202020202020373438393634206b420a4d656d467265653a20202020202020202020343537363732206b420a427566666572733a20202020202020202020202035343936206b420a4361636865643a202020202020202020", "id": "606520530" } }
I/Choreographer(  416): Skipped 48 frames!  The application may be doing too much work on its main thread.
W/dalvikvm(  416): DroidBox: { "FdAccess": { "path": "2f70726f632f6d656d696e666f", "id": "1847932254" } }
W/DroidBox(  416): DroidBox: { "FileRW": { "operation": "read", "data": "4d656d546f74616c3a202020202020202020373438393634206b420a4d656d467265653a20202020202020202020343537363732206b420a427566666572733a20202020202020202020202035343936206b420a4361636865643a202020202020202020", "id": "1847932254" } }
D/PhoneStatusBar(  416): disable: < expand icons alerts TICKER* system_info back home recent clock >
V/PhoneStatusBar(  416): setLightsOn(true)
I/Choreographer(  416): Skipped 34 frames!  The application may be doing too much work on its main thread.
W/dalvikvm(  416): DroidBox: { "FdAccess": { "path": "2f70726f632f6d656d696e666f", "id": "864326954" } }
W/DroidBox(  416): DroidBox: { "FileRW": { "operation": "read", "data": "4d656d546f74616c3a202020202020202020373438393634206b420a4d656d467265653a20202020202020202020343537363732206b420a427566666572733a20202020202020202020202035343936206b420a4361636865643a202020202020202020", "id": "864326954" } }
D/InputEventConsistencyVerifier(  416): KeyEvent: ACTION_UP but key was not down.
D/InputEventConsistencyVerifier(  416):   in com.android.systemui.statusbar.phone.StatusBarWindowView@b3dd81d8
D/InputEventConsistencyVerifier(  416):   0: sent at 176629000000, KeyEvent { action=ACTION_UP, keyCode=KEYCODE_DPAD_CENTER, scanCode=0, metaState=0, flags=0x8, repeatCount=0, eventTime=176629, downTime=176629, deviceId=-1, source=0x101 }
D/InputEventConsistencyVerifier(  416):   -- recent events --
