D/InputEventConsistencyVerifier( 1030):   1: sent at 292787000000, (unhandled) KeyEvent { action=ACTION_UP, keyCode=KEYCODE_MENU, scanCode=0, metaState=0, flags=0x8, repeatCount=0, eventTime=292787, downTime=292787, deviceId=-1, source=0x101 }
D/InputEventConsistencyVerifier( 1030):   2: sent at 292784000000, (unhandled) KeyEvent { action=ACTION_DOWN, keyCode=KEYCODE_MENU, scanCode=0, metaState=0, flags=0x8, repeatCount=0, eventTime=292784, downTime=292784, deviceId=-1, source=0x101 }
D/InputEventConsistencyVerifier( 1030):   3: sent at 292751000000, (unhandled) KeyEvent { action=ACTION_UP, keyCode=KEYCODE_DPAD_CENTER, scanCode=0, metaState=0, flags=0x8, repeatCount=0, eventTime=292751, downTime=292751, deviceId=-1, source=0x101 }
D/InputEventConsistencyVerifier( 1030):   4: sent at 292662000000, (unhandled) KeyEvent { action=ACTION_DOWN, keyCode=KEYCODE_DPAD_CENTER, scanCode=0, metaState=0, flags=0x8, repeatCount=0, eventTime=292662, downTime=292662, deviceId=-1, source=0x101 }
D/InputEventConsistencyVerifier( 1030):   5: sent at 291613000000, MotionEvent { action=ACTION_DOWN, id[0]=0, x[0]=268.0, y[0]=-410.0, toolType[0]=TOOL_TYPE_UNKNOWN, buttonState=0, metaState=0, flags=0x0, edgeFlags=0x0, pointerCount=1, historySize=0, eventTime=291613, downTime=291612, deviceId=0, source=0x1002 }
I/Choreographer( 1030): Skipped 60 frames!  The application may be doing too much work on its main thread.
I/Choreographer( 1030): Skipped 200 frames!  The application may be doing too much work on its main thread.
W/InputMethodManagerService(  223): Window already focused, ignoring focus gain of: com.android.internal.view.IInputMethodClient$Stub$Proxy@b430fcd8 attribute=null
I/Choreographer( 1030): Skipped 38 frames!  The application may be doing too much work on its main thread.
W/dalvikvm(  993): DroidBox: { "FdAccess": { "path": "2f6465762f696e7075742f6576656e7430", "id": "1034099985" } }
W/DroidBox(  993): DroidBox: { "FileRW": { "operation": "write", "data": "7f060000efbfbd3901000500000001000000", "id": "1034099985" } }
I/Choreographer( 1030): Skipped 46 frames!  The application may be doing too much work on its main thread.
I/Choreographer( 1030): Skipped 46 frames!  The application may be doing too much work on its main thread.
I/ActivityManager(  223): START {act=android.intent.action.VIEW typ=vnd.android-dir/mms-sms cmp=com.android.mms/.ui.ComposeMessageActivity (has extras) u=0} from pid 1030
I/Choreographer( 1030): Skipped 42 frames!  The application may be doing too much work on its main thread.
W/InputMethodManagerService(  223): Window already focused, ignoring focus gain of: com.android.internal.view.IInputMethodClient$Stub$Proxy@b3f6acd8 attribute=null
I/Choreographer( 1030): Skipped 45 frames!  The application may be doing too much work on its main thread.
D/InputEventConsistencyVerifier( 1030): KeyEvent: ACTION_UP but key was not down.
D/InputEventConsistencyVerifier( 1030):   in android.view.ViewRootImpl@b3fcb280
D/InputEventConsistencyVerifier( 1030):   0: sent at 298247000000, KeyEvent { action=ACTION_UP, keyCode=KEYCODE_DPAD_DOWN, scanCode=0, metaState=0, flags=0x8, repeatCount=0, eventTime=298247, downTime=298247, deviceId=-1, source=0x101 }
D/InputEventConsistencyVerifier( 1030):   -- recent events --
D/InputEventConsistencyVerifier( 1030):   1: sent at 297992000000, MotionEvent { action=ACTION_UP, id[0]=0, x[0]=253.0, y[0]=145.0, toolType[0]=TOOL_TYPE_UNKNOWN, buttonState=0, metaState=0, flags=0x0, edgeFlags=0x0, pointerCount=1, historySize=0, eventTime=297992, downTime=297933, deviceId=0, source=0x1002 }
D/InputEventConsistencyVerifier( 1030):   2: sent at 297989000000, MotionEvent { action=ACTION_MOVE, id[0]=0, x[0]=259.0, y[0]=147.0, toolType[0]=TOOL_TYPE_UNKNOWN, buttonState=0, metaState=0, flags=0x0, edgeFlags=0x0, pointerCount=1, historySize=7, eventTime=297989, downTime=297933, deviceId=0, source=0x1002 }
D/InputEventConsistencyVerifier( 1030):   3: sent at 297940000000, MotionEvent { action=ACTION_DOWN, id[0]=0, x[0]=317.0, y[0]=261.0, toolType[0]=TOOL_TYPE_UNKNOWN, buttonState=0, metaState=0, flags=0x0, edgeFlags=0x0, pointerCount=1, historySize=0, eventTime=297940, downTime=297933, deviceId=0, source=0x1002 }
D/InputEventConsistencyVerifier( 1030):   4: sent at 297609000000, KeyEvent { action=ACTION_UP, keyCode=KEYCODE_MENU, scanCode=0, metaState=0, flags=0x8, repeatCount=0, eventTime=297609, downTime=297609, deviceId=-1, source=0x101 }
D/InputEventConsistencyVerifier( 1030):   5: sent at 297554000000, KeyEvent { action=ACTION_DOWN, keyCode=KEYCODE_MENU, scanCode=0, metaState=0, flags=0x8, repeatCount=0, eventTime=297554, downTime=297554, deviceId=-1, source=0x101 }
I/Choreographer(  223): Skipped 36 frames!  The application may be doing too much work on its main thread.
I/Choreographer( 1030): Skipped 57 frames!  The application may be doing too much work on its main thread.
W/InputMethodManagerService(  223): Window already focused, ignoring focus gain of: com.android.internal.view.IInputMethodClient$Stub$Proxy@b41099f0 attribute=null
W/InputMethodManagerService(  223): Window already focused, ignoring focus gain of: com.android.internal.view.IInputMethodClient$Stub$Proxy@b40208e0 attribute=null
W/InputManager(  223): Input event injection from pid 993 failed.
I/Choreographer( 1030): Skipped 36 frames!  The application may be doing too much work on its main thread.
W/InputManager(  223): Input event injection from pid 993 failed.
W/InputManager(  223): Input event injection from pid 993 failed.
W/InputManager(  223): Input event injection from pid 993 failed.
I/Choreographer(  223): Skipped 35 frames!  The application may be doing too much work on its main thread.
W/InputManager(  223): Input event injection from pid 993 failed.
W/InputManager(  223): Input event injection from pid 993 failed.
W/InputManager(  223): Input event injection from pid 993 failed.
I/ActivityManager(  223): START {act=android.intent.action.MAIN cat=[android.intent.category.LAUNCHER] flg=0x10200000 cmp=com.mass.sms/.SplashActivity u=0} from pid 993
I/Choreographer(  223): Skipped 46 frames!  The application may be doing too much work on its main thread.
I/Choreographer( 1030): Skipped 54 frames!  The application may be doing too much work on its main thread.
I/Choreographer( 1030): Skipped 63 frames!  The application may be doing too much work on its main thread.
I/Choreographer( 1030): Skipped 79 frames!  The application may be doing too much work on its main thread.
I/ActivityManager(  223): START {act=android.intent.action.MAIN cat=[android.intent.category.LAUNCHER] flg=0x10000000 cmp=com.android.contacts/.activities.PeopleActivity sel={act=android.intent.action.MAIN cat=[android.intent.category.APP_CONTACTS]} u=0} from pid 223
D/InputEventConsistencyVerifier( 1030): KeyEvent: ACTION_UP but key was not down.
D/InputEventConsistencyVerifier( 1030):   in android.view.ViewRootImpl@b3fcb280
D/InputEventConsistencyVerifier( 1030):   0: sent at 304329000000, KeyEvent { action=ACTION_UP, keyCode=KEYCODE_CONTACTS, scanCode=0, metaState=0, flags=0x8, repeatCount=0, eventTime=304329, downTime=304329, deviceId=-1, source=0x101 }
D/InputEventConsistencyVerifier( 1030):   -- recent events --
D/InputEventConsistencyVerifier( 1030):   1: sent at 304432000000, KeyEvent { action=ACTION_UP, keyCode=KEYCODE_DPAD_UP, scanCode=0, metaState=0, flags=0x400, repeatCount=0, eventTime=304432, downTime=304432, deviceId=-1, source=0x101 }
D/InputEventConsistencyVerifier( 1030):   2: sent at 304432000000, KeyEvent { action=ACTION_DOWN, keyCode=KEYCODE_DPAD_UP, scanCode=0, metaState=0, flags=0x400, repeatCount=0, eventTime=304432, downTime=304432, deviceId=-1, source=0x101 }
D/InputEventConsistencyVerifier( 1030):   3: sent at 304432000000, KeyEvent { action=ACTION_UP, keyCode=KEYCODE_DPAD_UP, scanCode=0, metaState=0, flags=0x400, repeatCount=0, eventTime=304432, downTime=304432, deviceId=-1, source=0x101 }
D/InputEventConsistencyVerifier( 1030):   4: sent at 304432000000, KeyEvent { action=ACTION_DOWN, keyCode=KEYCODE_DPAD_UP, scanCode=0, metaState=0, flags=0x400, repeatCount=0, eventTime=304432, downTime=304432, deviceId=-1, source=0x101 }
D/InputEventConsistencyVerifier( 1030):   5: sent at 304431000000, KeyEvent { action=ACTION_UP, keyCode=KEYCODE_DPAD_UP, scanCode=0, metaState=0, flags=0x400, repeatCount=0, eventTime=304431, downTime=304431, deviceId=-1, source=0x101 }
D/InputEventConsistencyVerifier( 1030): TouchEvent: ACTION_DOWN but pointers are already down.  Probably missing ACTION_UP from previous gesture.
D/InputEventConsistencyVerifier( 1030):   in com.android.internal.policy.impl.PhoneWindow$DecorView@b4004990
D/InputEventConsistencyVerifier( 1030):   0: sent at 306608000000, MotionEvent { action=ACTION_DOWN, id[0]=0, x[0]=159.0, y[0]=-738.0, toolType[0]=TOOL_TYPE_UNKNOWN, buttonState=0, metaState=0, flags=0x0, edgeFlags=0x0, pointerCount=1, historySize=0, eventTime=306608, downTime=306607, deviceId=0, source=0x1002 }
D/InputEventConsistencyVerifier( 1030):   -- recent events --
D/InputEventConsistencyVerifier( 1030):   1: sent at 306549000000, (unhandled) KeyEvent { action=ACTION_UP, keyCode=KEYCODE_DPAD_UP, scanCode=0, metaState=0, flags=0x8, repeatCount=0, eventTime=306549, downTime=306549, deviceId=-1, source=0x101 }
D/InputEventConsistencyVerifier( 1030):   2: sent at 306540000000, (unhandled) KeyEvent { action=ACTION_DOWN, keyCode=KEYCODE_DPAD_UP, scanCode=0, metaState=0, flags=0x8, repeatCount=0, eventTime=306540, downTime=306540, deviceId=-1, source=0x101 }
D/InputEventConsistencyVerifier( 1030):   3: sent at 306534000000, (unhandled) KeyEvent { action=ACTION_UP, keyCode=KEYCODE_DPAD_CENTER, scanCode=0, metaState=0, flags=0x8, repeatCount=0, eventTime=306534, downTime=306534, deviceId=-1, source=0x101 }
D/InputEventConsistencyVerifier( 1030):   4: sent at 306527000000, (unhandled) KeyEvent { action=ACTION_DOWN, keyCode=KEYCODE_DPAD_CENTER, scanCode=0, metaState=0, flags=0x8, repeatCount=0, eventTime=306527, downTime=306527, deviceId=-1, source=0x101 }
D/InputEventConsistencyVerifier( 1030):   5: sent at 306327000000, (unhandled) KeyEvent { action=ACTION_UP, keyCode=KEYCODE_DPAD_UP, scanCode=0, metaState=0, flags=0x8, repeatCount=0, eventTime=306327, downTime=306327, deviceId=-1, source=0x101 }
D/InputEventConsistencyVerifier( 1030): KeyEvent: ACTION_UP but key was not down.
D/InputEventConsistencyVerifier( 1030):   in android.view.ViewRootImpl@b3fcb280
D/InputEventConsistencyVerifier( 1030):   0: sent at 307057000000, KeyEvent { action=ACTION_UP, keyCode=KEYCODE_DPAD_DOWN, scanCode=0, metaState=0, flags=0x8, repeatCount=0, eventTime=307057, downTime=307057, deviceId=-1, source=0x101 }
D/InputEventConsistencyVerifier( 1030):   -- recent events --
D/InputEventConsistencyVerifier( 1030):   1: sent at 306190000000, MotionEvent { action=ACTION_UP, id[0]=0, x[0]=312.0, y[0]=244.0, toolType[0]=TOOL_TYPE_UNKNOWN, buttonState=0, metaState=0, flags=0x0, edgeFlags=0x0, pointerCount=1, historySize=0, eventTime=306190, downTime=306184, deviceId=0, source=0x1002 }
D/InputEventConsistencyVerifier( 1030):   2: sent at 306185000000, MotionEvent { action=ACTION_DOWN, id[0]=0, x[0]=309.0, y[0]=241.0, toolType[0]=TOOL_TYPE_UNKNOWN, buttonState=0, metaState=0, flags=0x0, edgeFlags=0x0, pointerCount=1, historySize=0, eventTime=306185, downTime=306184, deviceId=0, source=0x1002 }
D/InputEventConsistencyVerifier( 1030):   3: sent at 306142000000, KeyEvent { action=ACTION_UP, keyCode=KEYCODE_MENU, scanCode=0, metaState=0, flags=0x8, repeatCount=0, eventTime=306142, downTime=306142, deviceId=-1, source=0x101 }
D/InputEventConsistencyVerifier( 1030):   4: sent at 306123000000, KeyEvent { action=ACTION_DOWN, keyCode=KEYCODE_MENU, scanCode=0, metaState=0, flags=0x8, repeatCount=0, eventTime=306123, downTime=306123, deviceId=-1, source=0x101 }
D/InputEventConsistencyVerifier( 1030):   5: sent at 306092000000, MotionEvent { action=ACTION_UP, id[0]=0, x[0]=296.0, y[0]=342.0, toolType[0]=TOOL_TYPE_UNKNOWN, buttonState=0, metaState=0, flags=0x0, edgeFlags=0x0, pointerCount=1, historySize=0, eventTime=306092, downTime=306087, deviceId=0, source=0x1002 }
I/Choreographer( 1030): Skipped 179 frames!  The application may be doing too much work on its main thread.
W/InputMethodManagerService(  223): Window already focused, ignoring focus gain of: com.android.internal.view.IInputMethodClient$Stub$Proxy@b4084da8 attribute=null
I/Choreographer( 1030): Skipped 62 frames!  The application may be doing too much work on its main thread.
W/InputMethodManagerService(  223): Window already focused, ignoring focus gain of: com.android.internal.view.IInputMethodClient$Stub$Proxy@b3f30e28 attribute=null
W/DroidBox( 1106): DroidBox: { "ServiceStart": { "name": "com.android.music.MediaPlaybackService" } }
W/DroidBox( 1106): DroidBox: { "ServiceStart": { "name": "com.android.music.MediaPlaybackService" } }
I/AudioService(  223):  AudioFocus  requestAudioFocus() from android.media.AudioManager@b3df5118com.android.music.MediaPlaybackService$3@b3df3950
I/AudioService(  223):   Remote Control   registerMediaButtonIntent() for PendingIntent{b3ef5470: PendingIntentRecord{b3fb7820 com.android.music broadcastIntent}}
D/InputEventConsistencyVerifier( 1030): KeyEvent: ACTION_UP but key was not down.
D/InputEventConsistencyVerifier( 1030):   in android.view.ViewRootImpl@b3fcb280
D/InputEventConsistencyVerifier( 1030):   0: sent at 308672000000, KeyEvent { action=ACTION_UP, keyCode=KEYCODE_DPAD_DOWN, scanCode=0, metaState=0, flags=0x8, repeatCount=0, eventTime=308672, downTime=308672, deviceId=-1, source=0x101 }
D/InputEventConsistencyVerifier( 1030):   -- recent events --
D/InputEventConsistencyVerifier( 1030):   1: sent at 308113000000, KeyEvent { action=ACTION_UP, keyCode=KEYCODE_MENU, scanCode=0, metaState=0, flags=0x8, repeatCount=0, eventTime=308113, downTime=308113, deviceId=-1, source=0x101 }
D/InputEventConsistencyVerifier( 1030):   2: sent at 307933000000, KeyEvent { action=ACTION_DOWN, keyCode=KEYCODE_MENU, scanCode=0, metaState=0, flags=0x8, repeatCount=0, eventTime=307933, downTime=307933, deviceId=-1, source=0x101 }
D/InputEventConsistencyVerifier( 1030):   3: sent at 307928000000, MotionEvent { action=ACTION_UP, id[0]=0, x[0]=68.0, y[0]=244.0, toolType[0]=TOOL_TYPE_UNKNOWN, buttonState=0, metaState=0, flags=0x0, edgeFlags=0x0, pointerCount=1, historySize=0, eventTime=307928, downTime=307923, deviceId=0, source=0x1002 }
D/InputEventConsistencyVerifier( 1030):   4: sent at 307923000000, MotionEvent { action=ACTION_DOWN, id[0]=0, x[0]=64.0, y[0]=247.0, toolType[0]=TOOL_TYPE_UNKNOWN, buttonState=0, metaState=0, flags=0x0, edgeFlags=0x0, pointerCount=1, historySize=0, eventTime=307923, downTime=307923, deviceId=0, source=0x1002 }
D/InputEventConsistencyVerifier( 1030):   5: sent at 307915000000, MotionEvent { action=ACTION_UP, id[0]=0, x[0]=387.0, y[0]=164.0, toolType[0]=TOOL_TYPE_UNKNOWN, buttonState=0, metaState=0, flags=0x0, edgeFlags=0x0, pointerCount=1, historySize=0, eventTime=307915, downTime=307836, deviceId=0, source=0x1002 }
I/Choreographer( 1030): Skipped 44 frames!  The application may be doing too much work on its main thread.
W/InputMethodManagerService(  223): Window already focused, ignoring focus gain of: com.android.internal.view.IInputMethodClient$Stub$Proxy@b3f00350 attribute=null
I/Choreographer( 1030): Skipped 35 frames!  The application may be doing too much work on its main thread.
I/Choreographer(  223): Skipped 44 frames!  The application may be doing too much work on its main thread.
I/Choreographer( 1030): Skipped 46 frames!  The application may be doing too much work on its main thread.
I/Choreographer( 1030): Skipped 104 frames!  The application may be doing too much work on its main thread.
I/Choreographer( 1030): Skipped 50 frames!  The application may be doing too much work on its main thread.
W/InputMethodManagerService(  223): Window already focused, ignoring focus gain of: com.android.internal.view.IInputMethodClient$Stub$Proxy@b4074550 attribute=null
I/Choreographer(  223): Skipped 34 frames!  The application may be doing too much work on its main thread.
I/Choreographer( 1030): Skipped 41 frames!  The application may be doing too much work on its main thread.
I/Choreographer(  223): Skipped 69 frames!  The application may be doing too much work on its main thread.
W/InputMethodManagerService(  223): Window already focused, ignoring focus gain of: com.android.internal.view.IInputMethodClient$Stub$Proxy@b3f5f4e0 attribute=null
I/Choreographer( 1030): Skipped 65 frames!  The application may be doing too much work on its main thread.
I/Choreographer(  223): Skipped 46 frames!  The application may be doing too much work on its main thread.
I/Choreographer( 1030): Skipped 55 frames!  The application may be doing too much work on its main thread.
D/InputEventConsistencyVerifier(  420): KeyEvent: ACTION_UP but key was not down.
D/InputEventConsistencyVerifier(  420):   in android.view.ViewRootImpl@b3ea7cd0
D/InputEventConsistencyVerifier(  420):   0: sent at 313483000000, KeyEvent { action=ACTION_UP, keyCode=KEYCODE_DPAD_CENTER, scanCode=0, metaState=0, flags=0x8, repeatCount=0, eventTime=313483, downTime=313483, deviceId=-1, source=0x101 }
D/InputEventConsistencyVerifier(  420):   -- recent events --
D/InputEventConsistencyVerifier(  420):   1: sent at 313460000000, MotionEvent { action=ACTION_UP, id[0]=0, x[0]=12.0, y[0]=21.0, toolType[0]=TOOL_TYPE_UNKNOWN, buttonState=0, metaState=0, flags=0x0, edgeFlags=0x0, pointerCount=1, historySize=0, eventTime=313460, downTime=313369, deviceId=0, source=0x1002 }
D/InputEventConsistencyVerifier(  420):   2: sent at 313370000000, MotionEvent { action=ACTION_DOWN, id[0]=0, x[0]=24.0, y[0]=10.0, toolType[0]=TOOL_TYPE_UNKNOWN, buttonState=0, metaState=0, flags=0x0, edgeFlags=0x0, pointerCount=1, historySize=0, eventTime=313370, downTime=313369, deviceId=0, source=0x1002 }
D/InputEventConsistencyVerifier(  420):   3: sent at 264755000000, KeyEvent { action=ACTION_UP, keyCode=KEYCODE_DPAD_CENTER, scanCode=0, metaState=0, flags=0x400, repeatCount=0, eventTime=264755, downTime=264755, deviceId=-1, source=0x101 }
D/InputEventConsistencyVerifier(  420):   4: sent at 264676000000, MotionEvent { action=ACTION_UP, id[0]=0, x[0]=0.0, y[0]=0.0, toolType[0]=TOOL_TYPE_UNKNOWN, buttonState=0, metaState=0, flags=0x0, edgeFlags=0x0, pointerCount=1, historySize=0, eventTime=264676, downTime=264457, deviceId=0, source=0x10004 }
D/InputEventConsistencyVerifier(  420):   5: sent at 264754000000, KeyEvent { action=ACTION_DOWN, keyCode=KEYCODE_DPAD_CENTER, scanCode=0, metaState=0, flags=0x400, repeatCount=0, eventTime=264754, downTime=264754, deviceId=-1, source=0x101 }
D/InputEventConsistencyVerifier(  420): KeyEvent: ACTION_UP but key was not down.
D/InputEventConsistencyVerifier(  420):   in com.android.systemui.statusbar.phone.StatusBarWindowView@b3e161d8
D/InputEventConsistencyVerifier(  420):   0: sent at 313858000000, KeyEvent { action=ACTION_UP, keyCode=KEYCODE_DPAD_CENTER, scanCode=0, metaState=0, flags=0x8, repeatCount=0, eventTime=313858, downTime=313858, deviceId=-1, source=0x101 }
D/InputEventConsistencyVerifier(  420):   -- recent events --
D/InputEventConsistencyVerifier(  420):   1: sent at 313483000000, (unhandled) KeyEvent { action=ACTION_UP, keyCode=KEYCODE_DPAD_CENTER, scanCode=0, metaState=0, flags=0x80000008, repeatCount=0, eventTime=313483, downTime=313483, deviceId=-1, source=0x101 }
D/InputEventConsistencyVerifier(  420):   2: sent at 313460000000, MotionEvent { action=ACTION_UP, id[0]=0, x[0]=12.0, y[0]=21.0, toolType[0]=TOOL_TYPE_UNKNOWN, buttonState=0, metaState=0, flags=0x0, edgeFlags=0x0, pointerCount=1, historySize=0, eventTime=313460, downTime=313369, deviceId=0, source=0x1002 }
D/InputEventConsistencyVerifier(  420):   3: sent at 313370000000, MotionEvent { action=ACTION_DOWN, id[0]=0, x[0]=24.0, y[0]=10.0, toolType[0]=TOOL_TYPE_UNKNOWN, buttonState=0, metaState=0, flags=0x0, edgeFlags=0x0, pointerCount=1, historySize=0, eventTime=313370, downTime=313369, deviceId=0, source=0x1002 }
D/InputEventConsistencyVerifier(  420):   4: sent at 264755000000, (unhandled) KeyEvent { action=ACTION_UP, keyCode=KEYCODE_DPAD_CENTER, scanCode=0, metaState=0, flags=0x400, repeatCount=0, eventTime=264755, downTime=264755, deviceId=-1, source=0x101 }
D/InputEventConsistencyVerifier(  420):   5: sent at 264676000000, (unhandled) MotionEvent { action=ACTION_UP, id[0]=0, x[0]=0.0, y[0]=0.0, toolType[0]=TOOL_TYPE_UNKNOWN, buttonState=0, metaState=0, flags=0x0, edgeFlags=0x0, pointerCount=1, historySize=0, eventTime=264676, downTime=264457, deviceId=0, source=0x10004 }
W/dalvikvm(  420): DroidBox: { "FdAccess": { "path": "2f70726f632f6d656d696e666f", "id": "1299551629" } }
W/DroidBox(  420): DroidBox: { "FileRW": { "operation": "read", "data": "4d656d546f74616c3a202020202020202020373438393634206b420a4d656d467265653a20202020202020202020343438353532206b420a427566666572733a20202020202020202020202035363030206b420a4361636865643a202020202020202020", "id": "1299551629" } }
I/Choreographer(  420): Skipped 186 frames!  The application may be doing too much work on its main thread.
W/dalvikvm(  420): DroidBox: { "FdAccess": { "path": "2f70726f632f6d656d696e666f", "id": "1685908637" } }
W/DroidBox(  420): DroidBox: { "FileRW": { "operation": "read", "data": "4d656d546f74616c3a202020202020202020373438393634206b420a4d656d467265653a20202020202020202020343438353532206b420a427566666572733a20202020202020202020202035363030206b420a4361636865643a202020202020202020", "id": "1685908637" } }
V/PhoneStatusBar(  420): setLightsOn(true)
I/Choreographer(  420): Skipped 47 frames!  The application may be doing too much work on its main thread.
D/PhoneStatusBar(  420): disable: < expand icons alerts TICKER* system_info back home recent clock >
W/dalvikvm(  420): DroidBox: { "FdAccess": { "path": "2f70726f632f6d656d696e666f", "id": "449707058" } }
W/DroidBox(  420): DroidBox: { "FileRW": { "operation": "read", "data": "4d656d546f74616c3a202020202020202020373438393634206b420a4d656d467265653a20202020202020202020343437313838206b420a427566666572733a20202020202020202020202035363030206b420a4361636865643a202020202020202020", "id": "449707058" } }
I/Choreographer(  420): Skipped 65 frames!  The application may be doing too much work on its main thread.
D/InputEventConsistencyVerifier(  420): KeyEvent: ACTION_UP but key was not down.
D/InputEventConsistencyVerifier(  420):   in com.android.systemui.statusbar.phone.StatusBarWindowView@b3e161d8
D/InputEventConsistencyVerifier(  420):   0: sent at 314435000000, KeyEvent { action=ACTION_UP, keyCode=KEYCODE_DPAD_LEFT, scanCode=0, metaState=0, flags=0x8, repeatCount=0, eventTime=314435, downTime=314435, deviceId=-1, source=0x101 }
D/InputEventConsistencyVerifier(  420):   -- recent events --
D/InputEventConsistencyVerifier(  420):   1: sent at 314326000000, (unhandled) KeyEvent { action=ACTION_UP, keyCode=KEYCODE_MENU, scanCode=0, metaState=0, flags=0x8, repeatCount=0, eventTime=314326, downTime=314326, deviceId=-1, source=0x101 }
D/InputEventConsistencyVerifier(  420):   2: sent at 314255000000, (unhandled) KeyEvent { action=ACTION_DOWN, keyCode=KEYCODE_MENU, scanCode=0, metaState=0, flags=0x8, repeatCount=0, eventTime=314255, downTime=314255, deviceId=-1, source=0x101 }
D/InputEventConsistencyVerifier(  420):   3: sent at 314239000000, MotionEvent { action=ACTION_UP, id[0]=0, x[0]=296.0, y[0]=507.0, toolType[0]=TOOL_TYPE_UNKNOWN, buttonState=0, metaState=0, flags=0x0, edgeFlags=0x0, pointerCount=1, historySize=0, eventTime=314239, downTime=313973, deviceId=0, source=0x1002 }
D/InputEventConsistencyVerifier(  420):   4: sent at 314236000000, MotionEvent { action=ACTION_POINTER_UP(1), id[0]=0, x[0]=286.0, y[0]=508.0, toolType[0]=TOOL_TYPE_UNKNOWN, id[1]=1, x[1]=460.0, y[1]=800.0, toolType[1]=TOOL_TYPE_UNKNOWN, buttonState=0, metaState=0, flags=0x0, edgeFlags=0x0, pointerCount=2, historySize=0, eventTime=314236, downTime=313973, deviceId=0, source=0x1002 }
D/InputEventConsistencyVerifier(  420):   5: sent at 314233000000, MotionEvent { action=ACTION_MOVE, id[0]=0, x[0]=273.0, y[0]=515.0, toolType[0]=TOOL_TYPE_UNKNOWN, id[1]=1, x[1]=460.0, y[1]=800.0, toolType[1]=TOOL_TYPE_UNKNOWN, buttonState=0, metaState=0, flags=0x0, edgeFlags=0x0, pointerCount=2, historySize=0, eventTime=314233, downTime=313973, deviceId=0, source=0x1002 }
D/InputEventConsistencyVerifier( 1030): KeyEvent: ACTION_UP but key was not down.
D/InputEventConsistencyVerifier( 1030):   in android.view.ViewRootImpl@b4081270
D/InputEventConsistencyVerifier( 1030):   0: sent at 314677000000, KeyEvent { action=ACTION_UP, keyCode=KEYCODE_SWITCH_CHARSET, scanCode=0, metaState=0, flags=0x8, repeatCount=0, eventTime=314677, downTime=314677, deviceId=-1, source=0x101 }
D/InputEventConsistencyVerifier( 1030):   -- recent events --
D/InputEventConsistencyVerifier( 1030):   1: sent at 313520000000, KeyEvent { action=ACTION_UP, keyCode=KEYCODE_DPAD_CENTER, scanCode=0, metaState=0, flags=0x28, repeatCount=0, eventTime=313520, downTime=313472, deviceId=-1, source=0x101 }
D/InputEventConsistencyVerifier( 1030):   2: sent at 313472000000, KeyEvent { action=ACTION_DOWN, keyCode=KEYCODE_DPAD_CENTER, scanCode=0, metaState=0, flags=0x8, repeatCount=0, eventTime=313472, downTime=313472, deviceId=-1, source=0x101 }
D/InputEventConsistencyVerifier( 1030):   3: sent at 313334000000, KeyEvent { action=ACTION_UP, keyCode=KEYCODE_MOVE_END, scanCode=0, metaState=0, flags=0x8, repeatCount=0, eventTime=313334, downTime=313334, deviceId=-1, source=0x101 }
D/InputEventConsistencyVerifier( 1030):   4: sent at 313043000000, KeyEvent { action=ACTION_DOWN, keyCode=KEYCODE_MOVE_END, scanCode=0, metaState=0, flags=0x8, repeatCount=0, eventTime=313043, downTime=313043, deviceId=-1, source=0x101 }
V/PhoneStatusBar(  420): setLightsOn(true)
D/PhoneStatusBar(  420): disable: < expand icons alerts ticker* system_info back home recent clock >
D/InputEventConsistencyVerifier( 1030): KeyEvent: ACTION_UP but key was not down.
D/InputEventConsistencyVerifier( 1030):   in android.view.ViewRootImpl@b3fcb280
D/InputEventConsistencyVerifier( 1030):   0: sent at 314971000000, KeyEvent { action=ACTION_UP, keyCode=KEYCODE_DPAD_CENTER, scanCode=0, metaState=0, flags=0x8, repeatCount=0, eventTime=314971, downTime=314971, deviceId=-1, source=0x101 }
D/InputEventConsistencyVerifier( 1030):   -- recent events --
D/InputEventConsistencyVerifier( 1030):   1: sent at 313392000000, KeyEvent { action=ACTION_UP, keyCode=KEYCODE_DPAD_UP, scanCode=0, metaState=0, flags=0x400, repeatCount=0, eventTime=313392, downTime=313392, deviceId=-1, source=0x101 }
D/InputEventConsistencyVerifier( 1030):   2: sent at 313392000000, KeyEvent { action=ACTION_DOWN, keyCode=KEYCODE_DPAD_UP, scanCode=0, metaState=0, flags=0x400, repeatCount=0, eventTime=313392, downTime=313392, deviceId=-1, source=0x101 }
D/InputEventConsistencyVerifier( 1030):   3: sent at 313391000000, KeyEvent { action=ACTION_UP, keyCode=KEYCODE_DPAD_UP, scanCode=0, metaState=0, flags=0x400, repeatCount=0, eventTime=313391, downTime=313391, deviceId=-1, source=0x101 }
D/InputEventConsistencyVerifier( 1030):   4: sent at 313391000000, KeyEvent { action=ACTION_DOWN, keyCode=KEYCODE_DPAD_UP, scanCode=0, metaState=0, flags=0x400, repeatCount=0, eventTime=313391, downTime=313391, deviceId=-1, source=0x101 }
D/InputEventConsistencyVerifier( 1030):   5: sent at 313390000000, KeyEvent { action=ACTION_UP, keyCode=KEYCODE_DPAD_UP, scanCode=0, metaState=0, flags=0x400, repeatCount=0, eventTime=313390, downTime=313390, deviceId=-1, source=0x101 }
I/ActivityManager(  223): START {act=android.intent.action.MAIN cat=[android.intent.category.LAUNCHER] flg=0x10200000 cmp=com.mass.sms/.SplashActivity u=0} from pid 993
W/InputMethodManagerService(  223): Window already focused, ignoring focus gain of: com.android.internal.view.IInputMethodClient$Stub$Proxy@b4159b90 attribute=null
I/Choreographer( 1030): Skipped 30 frames!  The application may be doing too much work on its main thread.
I/ActivityManager(  223): START {act=android.intent.action.MAIN cat=[android.intent.category.HOME] flg=0x10200000 cmp=com.android.launcher/com.android.launcher2.Launcher u=0} from pid 223
W/dalvikvm(  993): DroidBox: { "FdAccess": { "path": "2f6465762f696e7075742f6576656e7430", "id": "1557378818" } }
W/DroidBox(  993): DroidBox: { "FileRW": { "operation": "write", "data": "efbfbd060000efbfbdefbfbd0c000500000000000000", "id": "1557378818" } }
W/dalvikvm(  993): DroidBox: { "FdAccess": { "path": "2f6465762f696e7075742f6576656e7430", "id": "908442263" } }
W/DroidBox(  993): DroidBox: { "FileRW": { "operation": "write", "data": "7f060000efbfbd3901000500000001000000", "id": "908442263" } }
I/InputDispatcher(  223): Dropped event because of pending overdue app switch.
W/InputManager(  223): Input event injection from pid 993 failed.
I/ActivityManager(  223): START {act=android.intent.action.MAIN cat=[android.intent.category.LAUNCHER] flg=0x10200000 cmp=com.mass.sms/.SplashActivity u=0} from pid 993
I/ActivityManager(  223): START {act=android.intent.action.MAIN cat=[android.intent.category.LAUNCHER] flg=0x10200000 cmp=com.mass.sms/.SplashActivity u=0} from pid 993
I/Choreographer( 1030): Skipped 35 frames!  The application may be doing too much work on its main thread.
D/InputEventConsistencyVerifier(  420): TouchEvent: ACTION_DOWN but pointers are already down.  Probably missing ACTION_UP from previous gesture.
D/InputEventConsistencyVerifier(  420):   in android.view.ScaleGestureDetector@b3eb5f20
D/InputEventConsistencyVerifier(  420):   0: sent at 319357000000, MotionEvent { action=ACTION_DOWN, id[0]=0, x[0]=276.0, y[0]=24.0, toolType[0]=TOOL_TYPE_UNKNOWN, buttonState=0, metaState=0, flags=0x0, edgeFlags=0x0, pointerCount=1, historySize=0, eventTime=319357, downTime=319357, deviceId=0, source=0x1002 }
D/InputEventConsistencyVerifier(  420):   -- recent events --
D/InputEventConsistencyVerifier(  420):   1: sent at 313979000000, MotionEvent { action=ACTION_DOWN, id[0]=0, x[0]=217.0, y[0]=548.0, toolType[0]=TOOL_TYPE_UNKNOWN, buttonState=0, metaState=0, flags=0x0, edgeFlags=0x0, pointerCount=1, historySize=0, eventTime=313979, downTime=313973, deviceId=0, source=0x1002 }
D/InputEventConsistencyVerifier(  420):   2: sent at 313460000000, MotionEvent { action=ACTION_UP, id[0]=0, x[0]=12.0, y[0]=21.0, toolType[0]=TOOL_TYPE_UNKNOWN, buttonState=0, metaState=0, flags=0x0, edgeFlags=0x0, pointerCount=1, historySize=0, eventTime=313460, downTime=313369, deviceId=0, source=0x1002 }
D/InputEventConsistencyVerifier(  420):   3: sent at 313370000000, MotionEvent { action=ACTION_DOWN, id[0]=0, x[0]=24.0, y[0]=10.0, toolType[0]=TOOL_TYPE_UNKNOWN, buttonState=0, metaState=0, flags=0x0, edgeFlags=0x0, pointerCount=1, historySize=0, eventTime=313370, downTime=313369, deviceId=0, source=0x1002 }
D/InputEventConsistencyVerifier(  420):   4: sent at 263799000000, MotionEvent { action=ACTION_UP, id[0]=0, x[0]=313.0, y[0]=8.0, toolType[0]=TOOL_TYPE_UNKNOWN, buttonState=0, metaState=0, flags=0x0, edgeFlags=0x0, pointerCount=1, historySize=0, eventTime=263799, downTime=263783, deviceId=0, source=0x1002 }
D/InputEventConsistencyVerifier(  420):   5: sent at 263783000000, MotionEvent { action=ACTION_DOWN, id[0]=0, x[0]=314.0, y[0]=10.0, toolType[0]=TOOL_TYPE_UNKNOWN, buttonState=0, metaState=0, flags=0x80000000, edgeFlags=0x0, pointerCount=1, historySize=0, eventTime=263783, downTime=263783, deviceId=0, source=0x1002 }
D/InputEventConsistencyVerifier( 1030): KeyEvent: ACTION_UP but key was not down.
D/InputEventConsistencyVerifier( 1030):   in android.view.ViewRootImpl@b3fcb280
D/InputEventConsistencyVerifier( 1030):   0: sent at 319271000000, KeyEvent { action=ACTION_UP, keyCode=KEYCODE_DPAD_CENTER, scanCode=0, metaState=0, flags=0x8, repeatCount=0, eventTime=319271, downTime=319271, deviceId=-1, source=0x101 }
D/InputEventConsistencyVerifier( 1030):   -- recent events --
D/InputEventConsistencyVerifier( 1030):   1: sent at 318856000000, KeyEvent { action=ACTION_UP, keyCode=KEYCODE_MENU, scanCode=0, metaState=0, flags=0x8, repeatCount=0, eventTime=318856, downTime=318856, deviceId=-1, source=0x101 }
D/InputEventConsistencyVerifier( 1030):   2: sent at 318896000000, MotionEvent { action=ACTION_UP, id[0]=0, x[0]=454.0, y[0]=610.0, toolType[0]=TOOL_TYPE_UNKNOWN, buttonState=0, metaState=0, flags=0x0, edgeFlags=0x0, pointerCount=1, historySize=0, eventTime=318896, downTime=318890, deviceId=0, source=0x1002 }
D/InputEventConsistencyVerifier( 1030):   3: sent at 318891000000, MotionEvent { action=ACTION_DOWN, id[0]=0, x[0]=453.0, y[0]=621.0, toolType[0]=TOOL_TYPE_UNKNOWN, buttonState=0, metaState=0, flags=0x0, edgeFlags=0x0, pointerCount=1, historySize=0, eventTime=318891, downTime=318890, deviceId=0, source=0x1002 }
D/InputEventConsistencyVerifier( 1030):   4: sent at 318856000000, KeyEvent { action=ACTION_UP, keyCode=KEYCODE_BUTTON_MODE, scanCode=0, metaState=0, flags=0x8, repeatCount=0, eventTime=318856, downTime=318856, deviceId=-1, source=0x101 }
D/InputEventConsistencyVerifier( 1030):   5: sent at 318834000000, KeyEvent { action=ACTION_DOWN, keyCode=KEYCODE_MENU, scanCode=0, metaState=0, flags=0x8, repeatCount=0, eventTime=318834, downTime=318834, deviceId=-1, source=0x101 }
I/Choreographer( 1030): Skipped 59 frames!  The application may be doing too much work on its main thread.
W/dalvikvm(  420): DroidBox: { "FdAccess": { "path": "2f70726f632f6d656d696e666f", "id": "397911825" } }
W/DroidBox(  420): DroidBox: { "FileRW": { "operation": "read", "data": "4d656d546f74616c3a202020202020202020373438393634206b420a4d656d467265653a20202020202020202020343436363638206b420a427566666572733a20202020202020202020202035363030206b420a4361636865643a202020202020202020", "id": "397911825" } }
W/dalvikvm(  420): DroidBox: { "FdAccess": { "path": "2f70726f632f6d656d696e666f", "id": "1604410152" } }
W/DroidBox(  420): DroidBox: { "FileRW": { "operation": "read", "data": "4d656d546f74616c3a202020202020202020373438393634206b420a4d656d467265653a20202020202020202020343436363638206b420a427566666572733a20202020202020202020202035363030206b420a4361636865643a202020202020202020", "id": "1604410152" } }
V/PhoneStatusBar(  420): setLightsOn(true)
W/dalvikvm(  420): DroidBox: { "FdAccess": { "path": "2f70726f632f6d656d696e666f", "id": "226389261" } }
D/PhoneStatusBar(  420): disable: < expand icons alerts TICKER* system_info back home recent clock >
W/InputMethodManagerService(  223): Window already focused, ignoring focus gain of: com.android.internal.view.IInputMethodClient$Stub$Proxy@b4174e40 attribute=null
W/DroidBox(  420): DroidBox: { "FileRW": { "operation": "read", "data": "4d656d546f74616c3a202020202020202020373438393634206b420a4d656d467265653a20202020202020202020343436363638206b420a427566666572733a20202020202020202020202035363030206b420a4361636865643a202020202020202020", "id": "226389261" } }
D/InputEventConsistencyVerifier(  420): TouchEvent: ACTION_DOWN but pointers are already down.  Probably missing ACTION_UP from previous gesture.
D/InputEventConsistencyVerifier(  420):   in android.view.ScaleGestureDetector@b3eb5f20
D/InputEventConsistencyVerifier(  420):   0: sent at 319661000000, MotionEvent { action=ACTION_DOWN, id[0]=0, x[0]=285.0, y[0]=233.0, toolType[0]=TOOL_TYPE_UNKNOWN, buttonState=0, metaState=0, flags=0x0, edgeFlags=0x0, pointerCount=1, historySize=0, eventTime=319661, downTime=319660, deviceId=0, source=0x1002 }
D/InputEventConsistencyVerifier(  420):   -- recent events --
D/InputEventConsistencyVerifier(  420):   1: sent at 319518000000, MotionEvent { action=ACTION_DOWN, id[0]=0, x[0]=193.0, y[0]=60.0, toolType[0]=TOOL_TYPE_UNKNOWN, buttonState=0, metaState=0, flags=0x0, edgeFlags=0x0, pointerCount=1, historySize=0, eventTime=319518, downTime=319515, deviceId=0, source=0x1002 }
D/InputEventConsistencyVerifier(  420):   2: sent at 319392000000, MotionEvent { action=ACTION_UP, id[0]=0, x[0]=269.0, y[0]=29.0, toolType[0]=TOOL_TYPE_UNKNOWN, buttonState=0, metaState=0, flags=0x0, edgeFlags=0x0, pointerCount=1, historySize=0, eventTime=319392, downTime=319357, deviceId=0, source=0x1002 }
D/InputEventConsistencyVerifier(  420):   3: sent at 319357000000, MotionEvent { action=ACTION_DOWN, id[0]=0, x[0]=276.0, y[0]=24.0, toolType[0]=TOOL_TYPE_UNKNOWN, buttonState=0, metaState=0, flags=0x80000000, edgeFlags=0x0, pointerCount=1, historySize=0, eventTime=319357, downTime=319357, deviceId=0, source=0x1002 }
D/InputEventConsistencyVerifier(  420):   4: sent at 313979000000, MotionEvent { action=ACTION_DOWN, id[0]=0, x[0]=217.0, y[0]=548.0, toolType[0]=TOOL_TYPE_UNKNOWN, buttonState=0, metaState=0, flags=0x0, edgeFlags=0x0, pointerCount=1, historySize=0, eventTime=313979, downTime=313973, deviceId=0, source=0x1002 }
D/InputEventConsistencyVerifier(  420):   5: sent at 313460000000, MotionEvent { action=ACTION_UP, id[0]=0, x[0]=12.0, y[0]=21.0, toolType[0]=TOOL_TYPE_UNKNOWN, buttonState=0, metaState=0, flags=0x0, edgeFlags=0x0, pointerCount=1, historySize=0, eventTime=313460, downTime=313369, deviceId=0, source=0x1002 }
D/InputEventConsistencyVerifier(  420): TouchEvent: ACTION_DOWN but pointers are already down.  Probably missing ACTION_UP from previous gesture.
D/InputEventConsistencyVerifier(  420):   in android.view.ScaleGestureDetector@b3eb5f20
D/InputEventConsistencyVerifier(  420):   0: sent at 319835000000, MotionEvent { action=ACTION_DOWN, id[0]=0, x[0]=200.0, y[0]=72.0, toolType[0]=TOOL_TYPE_UNKNOWN, buttonState=0, metaState=0, flags=0x0, edgeFlags=0x0, pointerCount=1, historySize=0, eventTime=319835, downTime=319821, deviceId=0, source=0x1002 }
D/InputEventConsistencyVerifier(  420):   -- recent events --
D/InputEventConsistencyVerifier(  420):   1: sent at 319661000000, MotionEvent { action=ACTION_DOWN, id[0]=0, x[0]=285.0, y[0]=233.0, toolType[0]=TOOL_TYPE_UNKNOWN, buttonState=0, metaState=0, flags=0x80000000, edgeFlags=0x0, pointerCount=1, historySize=0, eventTime=319661, downTime=319660, deviceId=0, source=0x1002 }
D/InputEventConsistencyVerifier(  420):   2: sent at 319518000000, MotionEvent { action=ACTION_DOWN, id[0]=0, x[0]=193.0, y[0]=60.0, toolType[0]=TOOL_TYPE_UNKNOWN, buttonState=0, metaState=0, flags=0x0, edgeFlags=0x0, pointerCount=1, historySize=0, eventTime=319518, downTime=319515, deviceId=0, source=0x1002 }
D/InputEventConsistencyVerifier(  420):   3: sent at 319392000000, MotionEvent { action=ACTION_UP, id[0]=0, x[0]=269.0, y[0]=29.0, toolType[0]=TOOL_TYPE_UNKNOWN, buttonState=0, metaState=0, flags=0x0, edgeFlags=0x0, pointerCount=1, historySize=0, eventTime=319392, downTime=319357, deviceId=0, source=0x1002 }
D/InputEventConsistencyVerifier(  420):   4: sent at 319357000000, MotionEvent { action=ACTION_DOWN, id[0]=0, x[0]=276.0, y[0]=24.0, toolType[0]=TOOL_TYPE_UNKNOWN, buttonState=0, metaState=0, flags=0x80000000, edgeFlags=0x0, pointerCount=1, historySize=0, eventTime=319357, downTime=319357, deviceId=0, source=0x1002 }
D/InputEventConsistencyVerifier(  420):   5: sent at 313979000000, MotionEvent { action=ACTION_DOWN, id[0]=0, x[0]=217.0, y[0]=548.0, toolType[0]=TOOL_TYPE_UNKNOWN, buttonState=0, metaState=0, flags=0x0, edgeFlags=0x0, pointerCount=1, historySize=0, eventTime=313979, downTime=313973, deviceId=0, source=0x1002 }
D/InputEventConsistencyVerifier(  420): KeyEvent: ACTION_UP but key was not down.
D/InputEventConsistencyVerifier(  420):   in com.android.systemui.statusbar.phone.StatusBarWindowView@b3e161d8
D/InputEventConsistencyVerifier(  420):   0: sent at 320023000000, KeyEvent { action=ACTION_UP, keyCode=KEYCODE_DPAD_RIGHT, scanCode=0, metaState=0, flags=0x8, repeatCount=0, eventTime=320023, downTime=320023, deviceId=-1, source=0x101 }
D/InputEventConsistencyVerifier(  420):   -- recent events --
D/InputEventConsistencyVerifier(  420):   1: sent at 319843000000, MotionEvent { action=ACTION_UP, id[0]=0, x[0]=187.0, y[0]=75.0, toolType[0]=TOOL_TYPE_UNKNOWN, buttonState=0, metaState=0, flags=0x0, edgeFlags=0x0, pointerCount=1, historySize=0, eventTime=319843, downTime=319821, deviceId=0, source=0x1002 }
D/InputEventConsistencyVerifier(  420):   2: sent at 319835000000, MotionEvent { action=ACTION_DOWN, id[0]=0, x[0]=200.0, y[0]=72.0, toolType[0]=TOOL_TYPE_UNKNOWN, buttonState=0, metaState=0, flags=0x0, edgeFlags=0x0, pointerCount=1, historySize=0, eventTime=319835, downTime=319821, deviceId=0, source=0x1002 }
D/InputEventConsistencyVerifier(  420):   3: sent at 319760000000, MotionEvent { action=ACTION_UP, id[0]=0, x[0]=267.0, y[0]=204.0, toolType[0]=TOOL_TYPE_UNKNOWN, buttonState=0, metaState=0, flags=0x0, edgeFlags=0x0, pointerCount=1, historySize=0, eventTime=319760, downTime=319660, deviceId=0, source=0x1002 }
D/InputEventConsistencyVerifier(  420):   4: sent at 319667000000, MotionEvent { action=ACTION_MOVE, id[0]=0, x[0]=279.0, y[0]=216.0, toolType[0]=TOOL_TYPE_UNKNOWN, buttonState=0, metaState=0, flags=0x0, edgeFlags=0x0, pointerCount=1, historySize=0, eventTime=319667, downTime=319660, deviceId=0, source=0x1002 }
D/InputEventConsistencyVerifier(  420):   5: sent at 319661000000, MotionEvent { action=ACTION_DOWN, id[0]=0, x[0]=285.0, y[0]=233.0, toolType[0]=TOOL_TYPE_UNKNOWN, buttonState=0, metaState=0, flags=0x0, edgeFlags=0x0, pointerCount=1, historySize=0, eventTime=319661, downTime=319660, deviceId=0, source=0x1002 }
I/Choreographer(  420): Skipped 131 frames!  The application may be doing too much work on its main thread.
W/dalvikvm(  420): DroidBox: { "FdAccess": { "path": "2f70726f632f6d656d696e666f", "id": "1026445255" } }
W/DroidBox(  420): DroidBox: { "FileRW": { "operation": "read", "data": "4d656d546f74616c3a202020202020202020373438393634206b420a4d656d467265653a20202020202020202020343435363736206b420a427566666572733a20202020202020202020202035363030206b420a4361636865643a202020202020202020", "id": "1026445255" } }
D/InputEventConsistencyVerifier(  420): KeyEvent: ACTION_UP but key was not down.
D/InputEventConsistencyVerifier(  420):   in android.widget.FrameLayout@b3de6258
D/InputEventConsistencyVerifier(  420):   0: sent at 320164000000, KeyEvent { action=ACTION_UP, keyCode=KEYCODE_DPAD_DOWN, scanCode=0, metaState=0, flags=0x8, repeatCount=0, eventTime=320164, downTime=320164, deviceId=-1, source=0x101 }
D/InputEventConsistencyVerifier(  420):   -- recent events --
D/InputEventConsistencyVerifier(  420):   1: sent at 263000000000, (unhandled) KeyEvent { action=ACTION_UP, keyCode=KEYCODE_DPAD_DOWN, scanCode=0, metaState=0, flags=0x80000008, repeatCount=0, eventTime=263000, downTime=263000, deviceId=-1, source=0x101 }
D/InputEventConsistencyVerifier(  420):   2: sent at 246906000000, (unhandled) KeyEvent { action=ACTION_UP, keyCode=KEYCODE_DPAD_DOWN, scanCode=0, metaState=0, flags=0x400, repeatCount=0, eventTime=246906, downTime=246906, deviceId=-1, source=0x101 }
D/InputEventConsistencyVerifier(  420):   3: sent at 246906000000, (unhandled) KeyEvent { action=ACTION_DOWN, keyCode=KEYCODE_DPAD_DOWN, scanCode=0, metaState=0, flags=0x400, repeatCount=0, eventTime=246906, downTime=246906, deviceId=-1, source=0x101 }
D/InputEventConsistencyVerifier(  420):   4: sent at 246906000000, (unhandled) KeyEvent { action=ACTION_UP, keyCode=KEYCODE_DPAD_DOWN, scanCode=0, metaState=0, flags=0x400, repeatCount=0, eventTime=246906, downTime=246906, deviceId=-1, source=0x101 }
D/InputEventConsistencyVerifier(  420):   5: sent at 246906000000, (unhandled) KeyEvent { action=ACTION_DOWN, keyCode=KEYCODE_DPAD_DOWN, scanCode=0, metaState=0, flags=0x400, repeatCount=0, eventTime=246906, downTime=246906, deviceId=-1, source=0x101 }
W/dalvikvm(  993): DroidBox: { "FdAccess": { "path": "2f6465762f696e7075742f6576656e7430", "id": "398164800" } }
W/DroidBox(  993): DroidBox: { "FileRW": { "operation": "write", "data": "efbfbd060000efbfbdefbfbd0c000500000000000000", "id": "398164800" } }
V/PhoneStatusBar(  420): setLightsOn(true)
D/PhoneStatusBar(  420): disable: < expand icons alerts ticker* system_info back home recent clock >
W/InputMethodManagerService(  223): Window already focused, ignoring focus gain of: com.android.internal.view.IInputMethodClient$Stub$Proxy@b40d7530 attribute=null
I/Choreographer( 1030): Skipped 44 frames!  The application may be doing too much work on its main thread.
I/ActivityManager(  223): START {act=android.intent.action.MAIN cat=[android.intent.category.HOME] flg=0x10200000 cmp=com.android.launcher/com.android.launcher2.Launcher u=0} from pid 223
I/Choreographer( 1030): Skipped 37 frames!  The application may be doing too much work on its main thread.
W/dalvikvm(  993): DroidBox: { "FdAccess": { "path": "2f6465762f696e7075742f6576656e7430", "id": "1563593578" } }
W/DroidBox(  993): DroidBox: { "FileRW": { "operation": "write", "data": "7f060000efbfbd3901000500000001000000", "id": "1563593578" } }
D/InputEventConsistencyVerifier( 1030): TrackballEvent: Trackball is down but pressure is not greater than 0.
D/InputEventConsistencyVerifier( 1030):   in android.view.ViewRootImpl@b404b730
D/InputEventConsistencyVerifier( 1030):   0: sent at 322117000000, MotionEvent { action=ACTION_DOWN, id[0]=0, x[0]=0.0, y[0]=0.0, toolType[0]=TOOL_TYPE_UNKNOWN, buttonState=0, metaState=0, flags=0x0, edgeFlags=0x0, pointerCount=1, historySize=0, eventTime=322117, downTime=322076, deviceId=0, source=0x10004 }
D/InputEventConsistencyVerifier( 1030):   -- recent events --
D/InputEventConsistencyVerifier( 1030):   1: sent at 322138000000, KeyEvent { action=ACTION_UP, keyCode=KEYCODE_DPAD_UP, scanCode=0, metaState=0, flags=0x400, repeatCount=0, eventTime=322138, downTime=322138, deviceId=-1, source=0x101 }
D/InputEventConsistencyVerifier( 1030):   2: sent at 322138000000, KeyEvent { action=ACTION_DOWN, keyCode=KEYCODE_DPAD_UP, scanCode=0, metaState=0, flags=0x400, repeatCount=0, eventTime=322138, downTime=322138, deviceId=-1, source=0x101 }
D/InputEventConsistencyVerifier( 1030):   3: sent at 322137000000, KeyEvent { action=ACTION_UP, keyCode=KEYCODE_DPAD_UP, scanCode=0, metaState=0, flags=0x400, repeatCount=0, eventTime=322137, downTime=322137, deviceId=-1, source=0x101 }
D/InputEventConsistencyVerifier( 1030):   4: sent at 322137000000, KeyEvent { action=ACTION_DOWN, keyCode=KEYCODE_DPAD_UP, scanCode=0, metaState=0, flags=0x400, repeatCount=0, eventTime=322137, downTime=322137, deviceId=-1, source=0x101 }
D/InputEventConsistencyVerifier( 1030):   5: sent at 322136000000, KeyEvent { action=ACTION_UP, keyCode=KEYCODE_DPAD_UP, scanCode=0, metaState=0, flags=0x400, repeatCount=0, eventTime=322136, downTime=322136, deviceId=-1, source=0x101 }
I/ActivityManager(  223): START {act=android.intent.action.MAIN cat=[android.intent.category.LAUNCHER] flg=0x10200000 cmp=com.mass.sms/.SplashActivity u=0} from pid 993
I/Choreographer( 1030): Skipped 54 frames!  The application may be doing too much work on its main thread.
D/InputEventConsistencyVerifier(  420): TouchEvent: ACTION_DOWN but pointers are already down.  Probably missing ACTION_UP from previous gesture.
D/InputEventConsistencyVerifier(  420):   in android.view.ScaleGestureDetector@b3eb5f20
D/InputEventConsistencyVerifier(  420):   0: sent at 322278000000, MotionEvent { action=ACTION_DOWN, id[0]=0, x[0]=357.0, y[0]=10.0, toolType[0]=TOOL_TYPE_UNKNOWN, buttonState=0, metaState=0, flags=0x0, edgeFlags=0x0, pointerCount=1, historySize=0, eventTime=322278, downTime=322276, deviceId=0, source=0x1002 }
D/InputEventConsistencyVerifier(  420):   -- recent events --
D/InputEventConsistencyVerifier(  420):   1: sent at 319835000000, MotionEvent { action=ACTION_DOWN, id[0]=0, x[0]=200.0, y[0]=72.0, toolType[0]=TOOL_TYPE_UNKNOWN, buttonState=0, metaState=0, flags=0x80000000, edgeFlags=0x0, pointerCount=1, historySize=0, eventTime=319835, downTime=319821, deviceId=0, source=0x1002 }
D/InputEventConsistencyVerifier(  420):   2: sent at 319661000000, MotionEvent { action=ACTION_DOWN, id[0]=0, x[0]=285.0, y[0]=233.0, toolType[0]=TOOL_TYPE_UNKNOWN, buttonState=0, metaState=0, flags=0x80000000, edgeFlags=0x0, pointerCount=1, historySize=0, eventTime=319661, downTime=319660, deviceId=0, source=0x1002 }
D/InputEventConsistencyVerifier(  420):   3: sent at 319518000000, MotionEvent { action=ACTION_DOWN, id[0]=0, x[0]=193.0, y[0]=60.0, toolType[0]=TOOL_TYPE_UNKNOWN, buttonState=0, metaState=0, flags=0x0, edgeFlags=0x0, pointerCount=1, historySize=0, eventTime=319518, downTime=319515, deviceId=0, source=0x1002 }
D/InputEventConsistencyVerifier(  420):   4: sent at 319392000000, MotionEvent { action=ACTION_UP, id