D/InputEventConsistencyVerifier(  615): KeyEvent: ACTION_UP but key was not down.
D/InputEventConsistencyVerifier(  615):   in com.android.internal.policy.impl.PhoneWindow$DecorView@b40f0200
D/InputEventConsistencyVerifier(  615):   0: sent at 94621000000, KeyEvent { action=ACTION_UP, keyCode=KEYCODE_DPAD_RIGHT, scanCode=0, metaState=0, flags=0x8, repeatCount=0, eventTime=94621, downTime=94621, deviceId=-1, source=0x101 }
W/dalvikvm(  972): DroidBox: { "FdAccess": { "path": "2f6465762f696e7075742f6576656e7430", "id": "858580699" } }
W/DroidBox(  972): DroidBox: { "FileRW": { "operation": "write", "data": "efbfbd060000efbfbdefbfbd0c000500000000000000", "id": "858580699" } }
I/ActivityManager(  222): START {act=android.search.action.GLOBAL_SEARCH flg=0x10000000 cmp=com.android.quicksearchbox/.SearchActivity bnds=[5,43][475,103] (has extras) u=0} from pid 615
I/Choreographer(  615): Skipped 31 frames!  The application may be doing too much work on its main thread.
I/Choreographer(  615): Skipped 36 frames!  The application may be doing too much work on its main thread.
I/qtaguid (  222): Failed write_ctrl(s 1 10050) res=-1 errno=1
W/NetworkManagementSocketTagger(  222): setKernelCountSet(10050, 1) failed with errno -1
I/ARMAssembler(   59): generated scanline__00000077:03515104_00009002_00000000 [127 ipp] (149 ins) at [0xb59f75c8:0xb59f781c] in 0 ns
E/Trace   (  990): error opening trace file: No such file or directory (2)
W/dalvikvm(  222): DroidBox: { "FdAccess": { "path": "2f70726f632f3937322f636d646c696e65", "id": "1131438070" } }
W/DroidBox(  222): DroidBox: { "FileRW": { "operation": "read", "data": "636f6d2e616e64726f69642e636f6d6d616e64732e6d6f6e6b657900000000000000000000000000000000000000000000000000000000000000000000000000000000000000000000000000000000000000000000000000000000000000000000000000", "id": "1131438070" } }
W/dalvikvm(  222): DroidBox: { "FdAccess": { "path": "2f70726f632f3937332f636d646c696e65", "id": "649546900" } }
W/DroidBox(  222): DroidBox: { "FileRW": { "operation": "read", "data": "6c6f676361740044726f6964426f783a570064616c76696b766d3a570041637469766974794d616e616765723a49000000000000000000000000000000000000000000000000000000000000000000000000000000000000000000000000000000000000", "id": "649546900" } }
W/dalvikvm(  222): DroidBox: { "FdAccess": { "path": "2f70726f632f3937352f636d646c696e65", "id": "29640795" } }
W/DroidBox(  222): DroidBox: { "FileRW": { "operation": "read", "data": "2f73797374656d2f62696e2f7368002d63007368202e2f7364636172642f65786563757465537472616365496e2e736800000000000000000000000000000000000000000000000000000000000000000000000000000000000000000000000000000000", "id": "29640795" } }
W/dalvikvm(  222): DroidBox: { "FdAccess": { "path": "2f70726f632f3937382f636d646c696e65", "id": "221514624" } }
W/DroidBox(  990): DroidBox: { "DexClassLoader": { "path": "/data/app/com.crdscnw.irawf.thctgndh.etoi_dvducf_b-1.apk" } }
W/DroidBox(  222): DroidBox: { "FileRW": { "operation": "read", "data": "7368002e2f7364636172642f65786563757465537472616365496e2e736800786563757465537472616365496e2e736800000000000000000000000000000000000000000000000000000000000000000000000000000000000000000000000000000000", "id": "221514624" } }
W/dalvikvm(  222): DroidBox: { "FdAccess": { "path": "2f70726f632f3937392f636d646c696e65", "id": "1830868720" } }
W/DroidBox(  222): DroidBox: { "FileRW": { "operation": "read", "data": "737472616365002d70003630002d66002d747446002d6f002f7364636172642f316366393761316437343461643133633362373339323634323538316266343034623931373834306266303065353336663064333366633837306635623737352e61706b", "id": "1830868720" } }
W/dalvikvm(  222): DroidBox: { "FdAccess": { "path": "2f70726f632f3939302f636d646c696e65", "id": "1812471865" } }
W/DroidBox(  222): DroidBox: { "FileRW": { "operation": "read", "data": "636f6d2e63726473636e772e69726177662e74686374676e64682e65746f695f6476647563665f6200000000000000000000000000000000000000000000000000000000000000000000000065353336663064333366633837306635623737352e61706b", "id": "1812471865" } }
I/dalvikvm-heap(  615): Grow heap (frag case) to 15.066MB for 1463056-byte allocation
D/InputEventConsistencyVerifier(  615): KeyEvent: ACTION_UP but key was not down.
D/InputEventConsistencyVerifier(  615):   in com.android.launcher2.Cling@b413d200
D/InputEventConsistencyVerifier(  615):   0: sent at 95025000000, KeyEvent { action=ACTION_UP, keyCode=KEYCODE_DPAD_DOWN, scanCode=0, metaState=0, flags=0x8, repeatCount=0, eventTime=95025, downTime=95025, deviceId=-1, source=0x101 }
W/InputMethodManagerService(  222): Starting input on non-focused client com.android.internal.view.IInputMethodClient$Stub$Proxy@b4256278 (uid=10019 pid=615)
W/DroidBox(  990): DroidBox: { "ServiceStart": { "name": "com.LUFsE.MyAppService" } }
I/Choreographer(  615): Skipped 31 frames!  The application may be doing too much work on its main thread.
W/dalvikvm(  990): DroidBox: { "FdAccess": { "path": "2f70726f632f637075696e666f", "id": "1767664619" } }
I/Choreographer(  615): Skipped 34 frames!  The application may be doing too much work on its main thread.
W/DroidBox(  990): DroidBox: { "FileRW": { "operation": "read", "data": "50726f636573736f72093a2041524d76372050726f636573736f72207265762030202876376c290a426f676f4d495053093a203338382e33300a4665617475726573093a207377702068616c66207468756d6220666173746d756c742076667020656473", "id": "1767664619" } }
E/WVMExtractor(   62): Failed to open libwvm.so
W/BackupManagerService(  222): dataChanged but no participant pkg='com.android.providers.settings' uid=10011
W/System.err(  990): java.net.UnknownHostException: Unable to resolve host "c.thisisapk.info": No address associated with hostname
W/System.err(  990): 	at java.net.InetAddress.lookupHostByName(InetAddress.java:394)
W/System.err(  990): 	at java.net.InetAddress.getAllByNameImpl(InetAddress.java:236)
E/WVMExtractor(   62): Failed to open libwvm.so
W/System.err(  990): 	at java.net.InetAddress.getByName(InetAddress.java:289)
W/System.err(  990): 	at com.LUFsE.bb.c(Unknown Source)
W/System.err(  990): 	at com.LUFsE.bb.a(Unknown Source)
W/System.err(  990): 	at com.LUFsE.bg.run(Unknown Source)
W/System.err(  990): 	at java.lang.Thread.run(Thread.java:856)
E/MetadataRetrieverClient(   62): failed to extract an album art
W/dalvikvm(  990): DroidBox: { "FdAccess": { "path": "2f646174612f646174612f636f6d2e63726473636e772e69726177662e74686374676e64682e65746f695f6476647563665f622f7368617265645f70726566732f444e532e786d6c", "id": "1388175483" } }
W/DroidBox(  990): DroidBox: { "FileRW": { "operation": "write", "data": "3c3f786d6c2076657273696f6e3d27312e302720656e636f64696e673d277574662d3827207374616e64616c6f6e653d2779657327203f3e0a3c6d61703e0a3c6c6f6e67206e616d653d2274696d65222076616c75653d22313732353231313135353436", "id": "1388175483" } }
W/System.err(  990): java.net.UnknownHostException: Unable to resolve host "c.thisisapk.info": No address associated with hostname
W/System.err(  990): 	at java.net.InetAddress.lookupHostByName(InetAddress.java:424)
W/System.err(  990): 	at java.net.InetAddress.getAllByNameImpl(InetAddress.java:236)
W/System.err(  990): 	at java.net.InetAddress.getAllByName(InetAddress.java:214)
W/System.err(  990): 	at libcore.net.http.HttpConnection.<init>(HttpConnection.java:70)
W/System.err(  990): 	at libcore.net.http.HttpConnection.<init>(HttpConnection.java:50)
W/System.err(  990): 	at libcore.net.http.HttpConnection$Address.connect(HttpConnection.java:341)
W/System.err(  990): 	at libcore.net.http.HttpConnectionPool.get(HttpConnectionPool.java:87)
W/System.err(  990): 	at libcore.net.http.HttpConnection.connect(HttpConnection.java:128)
W/System.err(  990): 	at libcore.net.http.HttpEngine.openSocketConnection(HttpEngine.java:315)
W/System.err(  990): 	at libcore.net.http.HttpEngine.connect(HttpEngine.java:310)
W/System.err(  990): 	at libcore.net.http.HttpEngine.sendSocketRequest(HttpEngine.java:289)
W/System.err(  990): 	at libcore.net.http.HttpEngine.sendRequest(HttpEngine.java:239)
W/System.err(  990): 	at libcore.net.http.HttpURLConnectionImpl.connect(HttpURLConnectionImpl.java:80)
W/System.err(  990): 	at libcore.net.http.HttpURLConnectionImpl.getOutputStream(HttpURLConnectionImpl.java:188)
W/System.err(  990): 	at com.LUFsE.bb.a(Unknown Source)
W/System.err(  990): 	at com.LUFsE.bg.run(Unknown Source)
W/System.err(  990): 	at java.lang.Thread.run(Thread.java:856)
W/System.err(  990): Caused by: libcore.io.GaiException: getaddrinfo failed: EAI_NODATA (No address associated with hostname)
W/System.err(  990): 	at libcore.io.Posix.getaddrinfo(Native Method)
W/System.err(  990): 	at libcore.io.ForwardingOs.getaddrinfo(ForwardingOs.java:55)
W/System.err(  990): 	at java.net.InetAddress.lookupHostByName(InetAddress.java:405)
W/System.err(  990): 	... 16 more
W/dalvikvm(  990): DroidBox: { "FdAccess": { "path": "2f646174612f646174612f636f6d2e63726473636e772e69726177662e74686374676e64682e65746f695f6476647563665f622f7368617265645f70726566732f732e786d6c", "id": "1158612617" } }
E/WVMExtractor(   62): Failed to open libwvm.so
W/DroidBox(  990): DroidBox: { "FileRW": { "operation": "write", "data": "3c3f786d6c2076657273696f6e3d27312e302720656e636f64696e673d277574662d3827207374616e64616c6f6e653d2779657327203f3e0a3c6d61703e0a3c737472696e67206e616d653d226e6574776f726b74797065223e6570632e746d6f62696c", "id": "1158612617" } }
W/dalvikvm(  990): DroidBox: { "FdAccess": { "path": "2f70726f632f637075696e666f", "id": "1590478721" } }
I/ContactsDatabaseHelper(  561): Locale change completed in 5444ms
I/ContactsDatabaseHelper(  561): Switching to locale en_US
W/DroidBox(  990): DroidBox: { "FileRW": { "operation": "read", "data": "50726f636573736f72093a2041524d76372050726f636573736f72207265762030202876376c290a426f676f4d495053093a203338382e33300a4665617475726573093a207377702068616c66207468756d6220666173746d756c742076667020656473", "id": "1590478721" } }
W/dalvikvm(  990): DroidBox: { "FdAccess": { "path": "2f646174612f646174612f636f6d2e63726473636e772e69726177662e74686374676e64682e65746f695f6476647563665f622f7368617265645f70726566732f732e786d6c", "id": "1882865115" } }
W/DroidBox(  990): DroidBox: { "DataLeak": { "sink": "File", "operation": "write", "tag": "0x1c08", "data": "3c3f786d6c2076657273696f6e3d27312e302720656e636f64696e673d277574662d3827207374616e64616c6f6e653d2779657327203f3e0a3c6d61703e0a3c737472696e67206e616d653d2273696d6e756d223e383930313431303332313131313835", "id": "1882865115" } }
W/dalvikvm(  990): DroidBox: { "FdAccess": { "path": "2f646174612f646174612f636f6d2e63726473636e772e69726177662e74686374676e64682e65746f695f6476647563665f622f7368617265645f70726566732f732e786d6c", "id": "2127200927" } }
W/DroidBox(  990): DroidBox: { "DataLeak": { "sink": "File", "operation": "write", "tag": "0x1c08", "data": "3c3f786d6c2076657273696f6e3d27312e302720656e636f64696e673d277574662d3827207374616e64616c6f6e653d2779657327203f3e0a3c6d61703e0a3c737472696e67206e616d653d2273696d6e756d223e383930313431303332313131313835", "id": "2127200927" } }
W/dalvikvm(  871): DroidBox: { "FdAccess": { "path": "2f646174612f646174612f636f6d2e616e64726f69642e67616c6c65727933642f7368617265645f70726566732f636f6d2e616e64726f69642e67616c6c65727933645f707265666572656e6365732e786d6c", "id": "1957196150" } }
W/DroidBox(  871): DroidBox: { "FileRW": { "operation": "write", "data": "3c3f786d6c2076657273696f6e3d27312e302720656e636f64696e673d277574662d3827207374616e64616c6f6e653d2779657327203f3e0a3c6d61703e0a3c696e74206e616d653d227061636b616765732d76657273696f6e222076616c75653d2232", "id": "1957196150" } }
I/InputDispatcher(  222): Application is not responding: AppWindowToken{b4296c68 token=Token{b42952e8 ActivityRecord{b4295070 com.crdscnw.irawf.thctgndh.etoi_dvducf_b/com.LUFsE.baHLOeFpUsdKp}}}.  It has been 5095.6ms since event, 5009.2ms since wait started.  Reason: Waiting because there is no touchable window that can handle the event but there is focused application that may eventually add a new window when it finishes starting up.
I/WindowManager(  222): Input event dispatching timed out sending to application AppWindowToken{b4296c68 token=Token{b42952e8 ActivityRecord{b4295070 com.crdscnw.irawf.thctgndh.etoi_dvducf_b/com.LUFsE.baHLOeFpUsdKp}}}
I/Process (  222): Sending signal. PID: 990 SIG: 3
W/dalvikvm(  871): DroidBox: { "FdAccess": { "path": "2f646174612f646174612f636f6d2e616e64726f69642e67616c6c65727933642f7368617265645f70726566732f636f6d2e616e64726f69642e67616c6c65727933645f707265666572656e6365732e786d6c", "id": "545569736" } }
W/DroidBox(  871): DroidBox: { "FileRW": { "operation": "write", "data": "3c3f786d6c2076657273696f6e3d27312e302720656e636f64696e673d277574662d3827207374616e64616c6f6e653d2779657327203f3e0a3c6d61703e0a3c696e74206e616d653d227061636b616765732d76657273696f6e222076616c75653d2233", "id": "545569736" } }
W/dalvikvm(  990): DroidBox: { "FdAccess": { "path": "2f646174612f646174612f636f6d2e63726473636e772e69726177662e74686374676e64682e65746f695f6476647563665f622f7368617265645f70726566732f732e786d6c", "id": "536371706" } }
I/Process (  222): Sending signal. PID: 222 SIG: 3
I/Process (  222): Sending signal. PID: 416 SIG: 3
I/Process (  222): Sending signal. PID: 488 SIG: 3
W/dalvikvm(  222): DroidBox: { "FdAccess": { "path": "2f70726f632f312f636d646c696e65", "id": "650552569" } }
W/DroidBox(  222): DroidBox: { "FileRW": { "operation": "read", "data": "2f696e69740000000000000000000000000000000000000000000000000000000000000000000000000000000000000000000000000000000000000000000000000000000000000000000000000000000000000000000000000000000000000000000000", "id": "650552569" } }
W/dalvikvm(  222): DroidBox: { "FdAccess": { "path": "2f70726f632f322f636d646c696e65", "id": "154525873" } }
W/DroidBox(  222): DroidBox: { "FileRW": { "operation": "read", "data": "2f696e69740000000000000000000000000000000000000000000000000000000000000000000000000000000000000000000000000000000000000000000000000000000000000000000000000000000000000000000000000000000000000000000000", "id": "154525873" } }
W/dalvikvm(  222): DroidBox: { "FdAccess": { "path": "2f70726f632f332f636d646c696e65", "id": "1828872290" } }
W/DroidBox(  222): DroidBox: { "FileRW": { "operation": "read", "data": "2f696e69740000000000000000000000000000000000000000000000000000000000000000000000000000000000000000000000000000000000000000000000000000000000000000000000000000000000000000000000000000000000000000000000", "id": "1828872290" } }
W/dalvikvm(  222): DroidBox: { "FdAccess": { "path": "2f70726f632f342f636d646c696e65", "id": "119776100" } }
W/DroidBox(  222): DroidBox: { "FileRW": { "operation": "read", "data": "2f696e69740000000000000000000000000000000000000000000000000000000000000000000000000000000000000000000000000000000000000000000000000000000000000000000000000000000000000000000000000000000000000000000000", "id": "119776100" } }
W/dalvikvm(  222): DroidBox: { "FdAccess": { "path": "2f70726f632f352f636d646c696e65", "id": "540525733" } }
W/DroidBox(  222): DroidBox: { "FileRW": { "operation": "read", "data": "2f696e69740000000000000000000000000000000000000000000000000000000000000000000000000000000000000000000000000000000000000000000000000000000000000000000000000000000000000000000000000000000000000000000000", "id": "540525733" } }
W/dalvikvm(  222): DroidBox: { "FdAccess": { "path": "2f70726f632f362f636d646c696e65", "id": "175242399" } }
W/DroidBox(  222): DroidBox: { "FileRW": { "operation": "read", "data": "2f696e69740000000000000000000000000000000000000000000000000000000000000000000000000000000000000000000000000000000000000000000000000000000000000000000000000000000000000000000000000000000000000000000000", "id": "175242399" } }
W/dalvikvm(  222): DroidBox: { "FdAccess": { "path": "2f70726f632f372f636d646c696e65", "id": "1746509878" } }
W/DroidBox(  222): DroidBox: { "FileRW": { "operation": "read", "data": "2f696e69740000000000000000000000000000000000000000000000000000000000000000000000000000000000000000000000000000000000000000000000000000000000000000000000000000000000000000000000000000000000000000000000", "id": "1746509878" } }
W/dalvikvm(  222): DroidBox: { "FdAccess": { "path": "2f70726f632f382f636d646c696e65", "id": "352969510" } }
W/DroidBox(  222): DroidBox: { "FileRW": { "operation": "read", "data": "2f696e69740000000000000000000000000000000000000000000000000000000000000000000000000000000000000000000000000000000000000000000000000000000000000000000000000000000000000000000000000000000000000000000000", "id": "352969510" } }
W/dalvikvm(  222): DroidBox: { "FdAccess": { "path": "2f70726f632f392f636d646c696e65", "id": "975008499" } }
W/DroidBox(  222): DroidBox: { "FileRW": { "operation": "read", "data": "2f696e69740000000000000000000000000000000000000000000000000000000000000000000000000000000000000000000000000000000000000000000000000000000000000000000000000000000000000000000000000000000000000000000000", "id": "975008499" } }
W/dalvikvm(  222): DroidBox: { "FdAccess": { "path": "2f70726f632f31302f636d646c696e65", "id": "2079546405" } }
W/DroidBox(  222): DroidBox: { "FileRW": { "operation": "read", "data": "2f696e69740000000000000000000000000000000000000000000000000000000000000000000000000000000000000000000000000000000000000000000000000000000000000000000000000000000000000000000000000000000000000000000000", "id": "2079546405" } }
W/dalvikvm(  222): DroidBox: { "FdAccess": { "path": "2f70726f632f31312f636d646c696e65", "id": "103305790" } }
W/DroidBox(  222): DroidBox: { "FileRW": { "operation": "read", "data": "2f696e69740000000000000000000000000000000000000000000000000000000000000000000000000000000000000000000000000000000000000000000000000000000000000000000000000000000000000000000000000000000000000000000000", "id": "103305790" } }
W/dalvikvm(  222): DroidBox: { "FdAccess": { "path": "2f70726f632f31322f636d646c696e65", "id": "1585468484" } }
W/DroidBox(  222): DroidBox: { "FileRW": { "operation": "read", "data": "2f696e69740000000000000000000000000000000000000000000000000000000000000000000000000000000000000000000000000000000000000000000000000000000000000000000000000000000000000000000000000000000000000000000000", "id": "1585468484" } }
W/dalvikvm(  222): DroidBox: { "FdAccess": { "path": "2f70726f632f31332f636d646c696e65", "id": "1092360705" } }
W/DroidBox(  222): DroidBox: { "FileRW": { "operation": "read", "data": "2f696e69740000000000000000000000000000000000000000000000000000000000000000000000000000000000000000000000000000000000000000000000000000000000000000000000000000000000000000000000000000000000000000000000", "id": "1092360705" } }
W/dalvikvm(  222): DroidBox: { "FdAccess": { "path": "2f70726f632f31342f636d646c696e65", "id": "572546937" } }
W/DroidBox(  222): DroidBox: { "FileRW": { "operation": "read", "data": "2f696e69740000000000000000000000000000000000000000000000000000000000000000000000000000000000000000000000000000000000000000000000000000000000000000000000000000000000000000000000000000000000000000000000", "id": "572546937" } }
W/dalvikvm(  222): DroidBox: { "FdAccess": { "path": "2f70726f632f32352f636d646c696e65", "id": "1848208859" } }
W/DroidBox(  222): DroidBox: { "FileRW": { "operation": "read", "data": "2f696e69740000000000000000000000000000000000000000000000000000000000000000000000000000000000000000000000000000000000000000000000000000000000000000000000000000000000000000000000000000000000000000000000", "id": "1848208859" } }
W/dalvikvm(  222): DroidBox: { "FdAccess": { "path": "2f70726f632f32362f636d646c696e65", "id": "1615576315" } }
W/DroidBox(  222): DroidBox: { "FileRW": { "operation": "read", "data": "2f696e69740000000000000000000000000000000000000000000000000000000000000000000000000000000000000000000000000000000000000000000000000000000000000000000000000000000000000000000000000000000000000000000000", "id": "1615576315" } }
W/dalvikvm(  222): DroidBox: { "FdAccess": { "path": "2f70726f632f32372f636d646c696e65", "id": "301738995" } }
W/DroidBox(  222): DroidBox: { "FileRW": { "operation": "read", "data": "2f696e69740000000000000000000000000000000000000000000000000000000000000000000000000000000000000000000000000000000000000000000000000000000000000000000000000000000000000000000000000000000000000000000000", "id": "301738995" } }
W/dalvikvm(  222): DroidBox: { "FdAccess": { "path": "2f70726f632f32382f636d646c696e65", "id": "588487922" } }
W/DroidBox(  222): DroidBox: { "FileRW": { "operation": "read", "data": "2f696e69740000000000000000000000000000000000000000000000000000000000000000000000000000000000000000000000000000000000000000000000000000000000000000000000000000000000000000000000000000000000000000000000", "id": "588487922" } }
W/dalvikvm(  222): DroidBox: { "FdAccess": { "path": "2f70726f632f32392f636d646c696e65", "id": "332842551" } }
W/DroidBox(  222): DroidBox: { "FileRW": { "operation": "read", "data": "2f696e69740000000000000000000000000000000000000000000000000000000000000000000000000000000000000000000000000000000000000000000000000000000000000000000000000000000000000000000000000000000000000000000000", "id": "332842551" } }
W/dalvikvm(  222): DroidBox: { "FdAccess": { "path": "2f70726f632f33302f636d646c696e65", "id": "1363412673" } }
W/DroidBox(  222): DroidBox: { "FileRW": { "operation": "read", "data": "2f696e69740000000000000000000000000000000000000000000000000000000000000000000000000000000000000000000000000000000000000000000000000000000000000000000000000000000000000000000000000000000000000000000000", "id": "1363412673" } }
W/dalvikvm(  222): DroidBox: { "FdAccess": { "path": "2f70726f632f33312f636d646c696e65", "id": "141026722" } }
W/DroidBox(  222): DroidBox: { "FileRW": { "operation": "read", "data": "2f7362696e2f756576656e7464000000000000000000000000000000000000000000000000000000000000000000000000000000000000000000000000000000000000000000000000000000000000000000000000000000000000000000000000000000", "id": "141026722" } }
W/dalvikvm(  222): DroidBox: { "FdAccess": { "path": "2f70726f632f33332f636d646c696e65", "id": "148866738" } }
W/DroidBox(  222): DroidBox: { "FileRW": { "operation": "read", "data": "2f7362696e2f756576656e7464000000000000000000000000000000000000000000000000000000000000000000000000000000000000000000000000000000000000000000000000000000000000000000000000000000000000000000000000000000", "id": "148866738" } }
W/dalvikvm(  222): DroidBox: { "FdAccess": { "path": "2f70726f632f33342f636d646c696e65", "id": "136613880" } }
W/DroidBox(  222): DroidBox: { "FileRW": { "operation": "read", "data": "2f7362696e2f756576656e7464000000000000000000000000000000000000000000000000000000000000000000000000000000000000000000000000000000000000000000000000000000000000000000000000000000000000000000000000000000", "id": "136613880" } }
W/dalvikvm(  222): DroidBox: { "FdAccess": { "path": "2f70726f632f33382f636d646c696e65", "id": "786931773" } }
W/DroidBox(  222): DroidBox: { "FileRW": { "operation": "read", "data": "2f7362696e2f756576656e7464000000000000000000000000000000000000000000000000000000000000000000000000000000000000000000000000000000000000000000000000000000000000000000000000000000000000000000000000000000", "id": "786931773" } }
W/dalvikvm(  222): DroidBox: { "FdAccess": { "path": "2f70726f632f34302f636d646c696e65", "id": "560942618" } }
W/DroidBox(  222): DroidBox: { "FileRW": { "operation": "read", "data": "2f7362696e2f756576656e7464000000000000000000000000000000000000000000000000000000000000000000000000000000000000000000000000000000000000000000000000000000000000000000000000000000000000000000000000000000", "id": "560942618" } }
W/dalvikvm(  222): DroidBox: { "FdAccess": { "path": "2f70726f632f34312f636d646c696e65", "id": "909520971" } }
W/DroidBox(  222): DroidBox: { "FileRW": { "operation": "read", "data": "2f7362696e2f756576656e7464000000000000000000000000000000000000000000000000000000000000000000000000000000000000000000000000000000000000000000000000000000000000000000000000000000000000000000000000000000", "id": "909520971" } }
W/dalvikvm(  222): DroidBox: { "FdAccess": { "path": "2f70726f632f34342f636d646c696e65", "id": "420325761" } }
W/DroidBox(  222): DroidBox: { "FileRW": { "operation": "read", "data": "2f7362696e2f756576656e7464000000000000000000000000000000000000000000000000000000000000000000000000000000000000000000000000000000000000000000000000000000000000000000000000000000000000000000000000000000", "id": "420325761" } }
W/dalvikvm(  222): DroidBox: { "FdAccess": { "path": "2f70726f632f34362f636d646c696e65", "id": "1397950513" } }
W/DroidBox(  222): DroidBox: { "FileRW": { "operation": "read", "data": "2f7362696e2f756576656e7464000000000000000000000000000000000000000000000000000000000000000000000000000000000000000000000000000000000000000000000000000000000000000000000000000000000000000000000000000000", "id": "1397950513" } }
W/dalvikvm(  222): DroidBox: { "FdAccess": { "path": "2f70726f632f34372f636d646c696e65", "id": "438482589" } }
W/DroidBox(  222): DroidBox: { "FileRW": { "operation": "read", "data": "2f7362696e2f756576656e7464000000000000000000000000000000000000000000000000000000000000000000000000000000000000000000000000000000000000000000000000000000000000000000000000000000000000000000000000000000", "id": "438482589" } }
W/dalvikvm(  222): DroidBox: { "FdAccess": { "path": "2f70726f632f34382f636d646c696e65", "id": "406131468" } }
W/DroidBox(  222): DroidBox: { "FileRW": { "operation": "read", "data": "2f73797374656d2f62696e2f71656d75640000000000000000000000000000000000000000000000000000000000000000000000000000000000000000000000000000000000000000000000000000000000000000000000000000000000000000000000", "id": "406131468" } }
W/dalvikvm(  222): DroidBox: { "FdAccess": { "path": "2f70726f632f35312f636d646c696e65", "id": "566761840" } }
W/DroidBox(  222): DroidBox: { "FileRW": { "operation": "read", "data": "2f73797374656d2f62696e2f71656d75640000000000000000000000000000000000000000000000000000000000000000000000000000000000000000000000000000000000000000000000000000000000000000000000000000000000000000000000", "id": "566761840" } }
W/dalvikvm(  222): DroidBox: { "FdAccess": { "path": "2f70726f632f35332f636d646c696e65", "id": "301196448" } }
W/DroidBox(  222): DroidBox: { "FileRW": { "operation": "read", "data": "2f73797374656d2f62696e2f736572766963656d616e616765720000000000000000000000000000000000000000000000000000000000000000000000000000000000000000000000000000000000000000000000000000000000000000000000000000", "id": "301196448" } }
W/dalvikvm(  222): DroidBox: { "FdAccess": { "path": "2f70726f632f35342f636d646c696e65", "id": "2067578630" } }
W/DroidBox(  222): DroidBox: { "FileRW": { "operation": "read", "data": "2f73797374656d2f62696e2f766f6c640063656d616e616765720000000000000000000000000000000000000000000000000000000000000000000000000000000000000000000000000000000000000000000000000000000000000000000000000000", "id": "2067578630" } }
W/dalvikvm(  222): DroidBox: { "FdAccess": { "path": "2f70726f632f35362f636d646c696e65", "id": "1648947713" } }
W/DroidBox(  990): DroidBox: { "DataLeak": { "sink": "File", "operation": "write", "tag": "0x1c08", "data": "3c3f786d6c2076657273696f6e3d27312e302720656e636f64696e673d277574662d3827207374616e64616c6f6e653d2779657327203f3e0a3c6d61703e0a3c737472696e67206e616d653d2273696d6e756d223e383930313431303332313131313835", "id": "536371706" } }
W/DroidBox(  222): DroidBox: { "FileRW": { "operation": "read", "data": "2f73797374656d2f62696e2f6e6574640063656d616e616765720000000000000000000000000000000000000000000000000000000000000000000000000000000000000000000000000000000000000000000000000000000000000000000000000000", "id": "1648947713" } }
W/dalvikvm(  222): DroidBox: { "FdAccess": { "path": "2f70726f632f35372f636d646c696e65", "id": "1423114662" } }
W/DroidBox(  222): DroidBox: { "FileRW": { "operation": "read", "data": "2f73797374656d2f62696e2f64656275676765726400616765720000000000000000000000000000000000000000000000000000000000000000000000000000000000000000000000000000000000000000000000000000000000000000000000000000", "id": "1423114662" } }
W/dalvikvm(  222): DroidBox: { "FdAccess": { "path": "2f70726f632f35382f636d646c696e65", "id": "675419930" } }
W/DroidBox(  222): DroidBox: { "FileRW": { "operation": "read", "data": "2f73797374656d2f62696e2f72696c64006765726400616765720000000000000000000000000000000000000000000000000000000000000000000000000000000000000000000000000000000000000000000000000000000000000000000000000000", "id": "675419930" } }
W/dalvikvm(  222): DroidBox: { "FdAccess": { "path": "2f70726f632f35392f636d646c696e65", "id": "1043290853" } }
W/dalvikvm(  990): DroidBox: { "FdAccess": { "path": "2f646174612f646174612f636f6d2e63726473636e772e69726177662e74686374676e64682e65746f695f6476647563665f622f7368617265645f70726566732f732e786d6c", "id": "1696526489" } }
W/DroidBox(  990): DroidBox: { "DataLeak": { "sink": "File", "operation": "write", "tag": "0x1c08", "data": "3c3f786d6c2076657273696f6e3d27312e302720656e636f64696e673d277574662d3827207374616e64616c6f6e653d2779657327203f3e0a3c6d61703e0a3c6c6f6e67206e616d653d2267736c74222076616c75653d22313732353231313135393339", "id": "1696526489" } }
W/dalvikvm(  990): DroidBox: { "FdAccess": { "path": "2f646174612f646174612f636f6d2e63726473636e772e69726177662e74686374676e64682e65746f695f6476647563665f622f7368617265645f70726566732f732e786d6c", "id": "2078280312" } }
W/DroidBox(  990): DroidBox: { "DataLeak": { "sink": "File", "operation": "write", "tag": "0x1c08", "data": "3c3f786d6c2076657273696f6e3d27312e302720656e636f64696e673d277574662d3827207374616e64616c6f6e653d2779657327203f3e0a3c6d61703e0a3c6c6f6e67206e616d653d2267736c74222076616c75653d22313732353231313135393339", "id": "2078280312" } }
W/DroidBox(  222): DroidBox: { "FileRW": { "operation": "read", "data": "2f73797374656d2f62696e2f73757266616365666c696e6765720000000000000000000000000000000000000000000000000000000000000000000000000000000000000000000000000000000000000000000000000000000000000000000000000000", "id": "1043290853" } }
W/dalvikvm(  222): DroidBox: { "FdAccess": { "path": "2f70726f632f36302f636d646c696e65", "id": "301624100" } }
W/DroidBox(  222): DroidBox: { "FileRW": { "operation": "read", "data": "7a79676f7465002f62696e2f6170705f70726f63657373002d587a79676f7465002f73797374656d2f62696e002d2d7a79676f7465002d2d73746172742d73797374656d2d73657276657200000000000000000000000000000000000000000000000000", "id": "301624100" } }
W/dalvikvm(  222): DroidBox: { "FdAccess": { "path": "2f70726f632f36312f636d646c696e65", "id": "288399835" } }
W/DroidBox(  222): DroidBox: { "FileRW": { "operation": "read", "data": "2f73797374656d2f62696e2f64726d7365727665720073002d587a79676f7465002f73797374656d2f62696e002d2d7a79676f7465002d2d73746172742d73797374656d2d73657276657200000000000000000000000000000000000000000000000000", "id": "288399835" } }
W/dalvikvm(  222): DroidBox: { "FdAccess": { "path": "2f70726f632f36322f636d646c696e65", "id": "1080778373" } }
W/DroidBox(  222): DroidBox: { "FileRW": { "operation": "read", "data": "2f73797374656d2f62696e2f6d65646961736572766572002d587a79676f7465002f73797374656d2f62696e002d2d7a79676f7465002d2d73746172742d73797374656d2d73657276657200000000000000000000000000000000000000000000000000", "id": "1080778373" } }
W/dalvikvm(  222): DroidBox: { "FdAccess": { "path": "2f70726f632f36332f636d646c696e65", "id": "1033168746" } }
W/DroidBox(  222): DroidBox: { "FileRW": { "operation": "read", "data": "2f73797374656d2f62696e2f646275732d6461656d6f6e002d2d73797374656d002d2d6e6f666f726b00696e002d2d7a79676f7465002d2d73746172742d73797374656d2d73657276657200000000000000000000000000000000000000000000000000", "id": "1033168746" } }
W/dalvikvm(  222): DroidBox: { "FdAccess": { "path": "2f70726f632f36342f636d646c696e65", "id": "426005656" } }
W/DroidBox(  222): DroidBox: { "FileRW": { "operation": "read", "data": "2f73797374656d2f62696e2f696e7374616c6c64006f6e002d2d73797374656d002d2d6e6f666f726b00696e002d2d7a79676f7465002d2d73746172742d73797374656d2d73657276657200000000000000000000000000000000000000000000000000", "id": "426005656" } }
W/dalvikvm(  222): DroidBox: { "FdAccess": { "path": "2f70726f632f36352f636d646c696e65", "id": "1639805910" } }
W/DroidBox(  222): DroidBox: { "FileRW": { "operation": "read", "data": "2f73797374656d2f62696e2f6b657973746f7265002f646174612f6d6973632f6b657973746f72650000696e002d2d7a79676f7465002d2d73746172742d73797374656d2d73657276657200000000000000000000000000000000000000000000000000", "id": "1639805910" } }
W/dalvikvm(  222): DroidBox: { "FdAccess": { "path": "2f70726f632f36362f636d646c696e65", "id": "365449000" } }
W/DroidBox(  222): DroidBox: { "FileRW": { "operation": "read", "data": "2f73797374656d2f62696e2f73680073746f7265002f646174612f6d6973632f6b657973746f72650000696e002d2d7a79676f7465002d2d73746172742d73797374656d2d73657276657200000000000000000000000000000000000000000000000000", "id": "365449000" } }
W/dalvikvm(  222): DroidBox: { "FdAccess": { "path": "2f70726f632f36372f636d646c696e65", "id": "719009738" } }
W/DroidBox(  222): DroidBox: { "FileRW": { "operation": "read", "data": "2f7362696e2f61646264002f73680073746f7265002f646174612f6d6973632f6b657973746f72650000696e002d2d7a79676f7465002d2d73746172742d73797374656d2d73657276657200000000000000000000000000000000000000000000000000", "id": "719009738" } }
W/dalvikvm(  222): DroidBox: { "FdAccess": { "path": "2f70726f632f3232322f636d646c696e65", "id": "1014680069" } }
W/DroidBox(  222): DroidBox: { "FileRW": { "operation": "read", "data": "73797374656d5f736572766572000000000000000000000000000000000000000000000000000000000000000000000000000000000000000000000000000000000000000000000000000000000000000000000000000000000000000000000000000000", "id": "1014680069" } }
W/dalvikvm(  222): DroidBox: { "FdAccess": { "path": "2f70726f632f3431362f636d646c696e65", "id": "36930955" } }
W/DroidBox(  222): DroidBox: { "FileRW": { "operation": "read", "data": "636f6d2e616e64726f69642e73797374656d75690000000000000000000000000000000000000000000000000000000000000000000000000000000000000000000000000000000000000000000000000000000000000000000000000000000000000000", "id": "36930955" } }
W/dalvikvm(  222): DroidBox: { "FdAccess": { "path": "2f70726f632f3436392f636d646c696e65", "id": "1688360568" } }
W/DroidBox(  222): DroidBox: { "FileRW": { "operation": "read", "data": "636f6d2e616e64726f69642e696e7075746d6574686f642e6c6174696e0000000000000000000000000000000000000000000000000000000000000000000000000000000000000000000000000000000000000000000000000000000000000000000000", "id": "1688360568" } }
W/dalvikvm(  222): DroidBox: { "FdAccess": { "path": "2f70726f632f3438382f636d646c696e65", "id": "1798058097" } }
W/DroidBox(  222): DroidBox: { "FileRW": { "operation": "read", "data": "636f6d2e616e64726f69642e70686f6e650000000000000000000000000000000000000000000000000000000000000000000000000000000000000000000000000000000000000000000000000000000000000000000000000000000000000000000000", "id": "1798058097" } }
W/dalvikvm(  222): DroidBox: { "FdAccess": { "path": "2f70726f632f3530362f636d646c696e65", "id": "1932353290" } }
W/DroidBox(  222): DroidBox: { "FileRW": { "operation": "read", "data": "636f6d2e616e64726f69642e73657474696e67730000000000000000000000000000000000000000000000000000000000000000000000000000000000000000000000000000000000000000000000000000000000000000000000000000000000000000", "id": "1932353290" } }
W/dalvikvm(  222): DroidBox: { "FdAccess": { "path": "2f70726f632f3533372f636d646c696e65", "id": "411077593" } }
W/DroidBox(  222): DroidBox: { "FileRW": { "operation": "read", "data": "636f6d2e616e64726f69642e736d7370757368000000000000000000000000000000000000000000000000000000000000000000000000000000000000000000000000000000000000000000000000000000000000000000000000000000000000000000", "id": "411077593" } }
W/dalvikvm(  222): DroidBox: { "FdAccess": { "path": "2f70726f632f3536312f636d646c696e65", "id": "94555482" } }
W/DroidBox(  222): DroidBox: { "FileRW": { "operation": "read", "data": "616e64726f69642e70726f636573732e61636f726500000000000000000000000000000000000000000000000000000000000000000000000000000000000000000000000000000000000000000000000000000000000000000000000000000000000000", "id": "94555482" } }
I/Choreographer(  990): Skipped 1579 frames!  The application may be doing too much work on its main thread.
W/dalvikvm(  222): DroidBox: { "FdAccess": { "path": "2f70726f632f3537312f636d646c696e65", "id": "1626463807" } }
W/DroidBox(  222): DroidBox: { "FileRW": { "operation": "read", "data": "636f6d2e616e64726f69642e70726f766973696f6e00000000000000000000000000000000000000000000000000000000000000000000000000000000000000000000000000000000000000000000000000000000000000000000000000000000000000", "id": "1626463807" } }
W/dalvikvm(  222): DroidBox: { "FdAccess": { "path": "2f70726f632f3539352f636d646c696e65", "id": "2094386348" } }
I/Choreographer(  615): Skipped 563 frames!  The application may be doing too much work on its main thread.
W/DroidBox(  222): DroidBox: { "FileRW": { "operation": "read", "data": "636f6d2e616e64726f69642e63616c656e6461720000000000000000000000000000000000000000000000000000000000000000000000000000000000000000000000000000000000000000000000000000000000000000000000000000000000000000", "id": "2094386348" } }
W/dalvikvm(  222): DroidBox: { "FdAccess": { "path": "2f70726f632f3631352f636d646c696e65", "id": "1838265362" } }
W/DroidBox(  222): DroidBox: { "FileRW": { "operation": "read", "data": "636f6d2e616e64726f69642e6c61756e636865720000000000000000000000000000000000000000000000000000000000000000000000000000000000000000000000000000000000000000000000000000000000000000000000000000000000000000", "id": "1838265362" } }
W/dalvikvm(  222): DroidBox: { "FdAccess": { "path": "2f70726f632f3633342f636d646c696e65", "id": "1347654739" } }
W/DroidBox(  222): DroidBox: { "FileRW": { "operation": "read", "data": "636f6d2e616e64726f69642e6465736b636c6f636b00000000000000000000000000000000000000000000000000000000000000000000000000000000000000000000000000000000000000000000000000000000000000000000000000000000000000", "id": "1347654739" } }
W/dalvikvm(  222): DroidBox: { "FdAccess": { "path": "2f70726f632f3732382f636d646c696e65", "id": "76456861" } }
W/DroidBox(  222): DroidBox: { "FileRW": { "operation": "read", "data": "636f6d2e616e64726f69642e70726f7669646572732e63616c656e64617200000000000000000000000000000000000000000000000000000000000000000000000000000000000000000000000000000000000000000000000000000000000000000000", "id": "76456861" } }
W/dalvikvm(  222): DroidBox: { "FdAccess": { "path": "2f70726f632f3734312f636d646c696e65", "id": "1112234684" } }
W/DroidBox(  222): DroidBox: { "FileRW": { "operation": "read", "data": "636f6d2e616e64726f69642e636f6e74616374730000000000000000000000000000000000000000000000000000000000000000000000000000000000000000000000000000000000000000000000000000000000000000000000000000000000000000", "id": "1112234684" } }
W/dalvikvm(  222): DroidBox: { "FdAccess": { "path": "2f70726f632f3738362f636d646c696e65", "id": "1864731733" } }
W/DroidBox(  222): DroidBox: { "FileRW": { "operation": "read", "data": "616e64726f69642e70726f636573732e6d6564696100000000000000000000000000000000000000000000000000000000000000000000000000000000000000000000000000000000000000000000000000000000000000000000000000000000000000", "id": "1864731733" } }
W/dalvikvm(  222): DroidBox: { "FdAccess": { "path": "2f70726f632f3833322f636d646c696e65", "id": "1728693122" } }
W/DroidBox(  222): DroidBox: { "FileRW": { "operation": "read", "data": "636f6d2e616e64726f69642e656d61696c0000000000000000000000000000000000000000000000000000000000000000000000000000000000000000000000000000000000000000000000000000000000000000000000000000000000000000000000", "id": "1728693122" } }
W/dalvikvm(  222): DroidBox: { "FdAccess": { "path": "2f70726f632f3835312f636d646c696e65", "id": "1318533166" } }
W/DroidBox(  222): DroidBox: { "FileRW": { "operation": "read", "data": "636f6d2e616e64726f69642e65786368616e67650000000000000000000000000000000000000000000000000000000000000000000000000000000000000000000000000000000000000000000000000000000000000000000000000000000000000000", "id": "1318533166" } }
W/dalvikvm(  222): DroidBox: { "FdAccess": { "path": "2f70726f632f3837312f636d646c696e65", "id": "301911387" } }
W/DroidBox(  222): DroidBox: { "FileRW": { "operation": "read", "data": "636f6d2e616e64726f69642e67616c6c657279336400000000000000000000000000000000000000000000000000000000000000000000000000000000000000000000000000000000000000000000000000000000000000000000000000000000000000", "id": "301911387" } }
W/dalvikvm(  222): DroidBox: { "FdAccess": { "path": "2f70726f632f3839372f636d646c696e65", "id": "464788765" } }
W/DroidBox(  222): DroidBox: { "FileRW": { "operation": "read", "data": "636f6d2e616e64726f69642e646566636f6e7461696e657200000000000000000000000000000000000000000000000000000000000000000000000000000000000000000000000000000000000000000000000000000000000000000000000000000000", "id": "464788765" } }
W/dalvikvm(  222): DroidBox: { "FdAccess": { "path": "2f70726f632f3932332f636d646c696e65", "id": "2054505655" } }
W/DroidBox(  222): DroidBox: { "FileRW": { "operation": "read", "data": "636f6d2e616e64726f69642e6d6d7300000000000000000000000000000000000000000000000000000000000000000000000000000000000000000000000000000000000000000000000000000000000000000000000000000000000000000000000000", "id": "2054505655" } }
W/dalvikvm(  222): DroidBox: { "FdAccess": { "path": "2f70726f632f3935302f636d646c696e65", "id": "422182854" } }
V/PhoneStatusBar(  416): setLightsOn(true)
W/DroidBox(  222): DroidBox: { "FileRW": { "operation": "read", "data": "636f6d2e616e64726f69642e766f6963656469616c65720000000000000000000000000000000000000000000000000000000000000000000000000000000000000000000000000000000000000000000000000000000000000000000000000000000000", "id": "422182854" } }
W/dalvikvm(  222): DroidBox: { "FdAccess": { "path": "2f70726f632f3937322f636d646c696e65", "id": "792758082" } }
W/DroidBox(  222): DroidBox: { "FileRW": { "operation": "read", "data": "636f6d2e616e64726f69642e636f6d6d616e64732e6d6f6e6b657900000000000000000000000000000000000000000000000000000000000000000000000000000000000000000000000000000000000000000000000000000000000000000000000000", "id": "792758082" } }
W/dalvikvm(  222): DroidBox: { "FdAccess": { "path": "2f70726f632f3937332f636d646c696e65", "id": "1663316788" } }
W/DroidBox(  222): DroidBox: { "FileRW": { "operation": "read", "data": "6c6f676361740044726f6964426f783a570064616c76696b766d3a570041637469766974794d616e616765723a49000000000000000000000000000000000000000000000000000000000000000000000000000000000000000000000000000000000000", "id": "1663316788" } }
W/dalvikvm(  222): DroidBox: { "FdAccess": { "path": "2f70726f632f3937352f636d646c696e65", "id": "369656630" } }
W/DroidBox(  222): DroidBox: { "FileRW": { "operation": "read", "data": "2f73797374656d2f62696e2f7368002d63007368202e2f7364636172642f65786563757465537472616365496e2e736800000000000000000000000000000000000000000000000000000000000000000000000000000000000000000000000000000000", "id": "369656630" } }
W/dalvikvm(  222): DroidBox: { "FdAccess": { "path": "2f70726f632f3937382f636d646c696e65", "id": "2019361953" } }
W/DroidBox(  222): DroidBox: { "FileRW": { "operation": "read", "data": "7368002e2f7364636172642f65786563757465537472616365496e2e736800786563757465537472616365496e2e736800000000000000000000000000000000000000000000000000000000000000000000000000000000000000000000000000000000", "id": "2019361953" } }
W/dalvikvm(  222): DroidBox: { "FdAccess": { "path": "2f70726f632f3937392f636d646c696e65", "id": "1265307482" } }
W/DroidBox(  222): DroidBox: { "FileRW": { "operation": "read", "data": "737472616365002d70003630002d66002d747446002d6f002f7364636172642f316366393761316437343461643133633362373339323634323538316266343034623931373834306266303065353336663064333366633837306635623737352e61706b", "id": "1265307482" } }
W/dalvikvm(  222): DroidBox: { "FdAccess": { "path": "2f70726f632f3939302f636d646c696e65", "id": "1853671342" } }
W/DroidBox(  222): DroidBox: { "FileRW": { "operation": "read", "data": "636f6d2e63726473636e772e69726177662e74686374676e64682e65746f695f6476647563665f6200000000000000000000000000000000000000000000000000000000000000000000000065353336663064333366633837306635623737352e61706b", "id": "1853671342" } }
W/DroidBox(  786): DroidBox: { "ServiceStart": { "name": "com.android.providers.downloads.DownloadService" } }
W/DroidBox(  786): DroidBox: { "ServiceStart": { "name": "com.android.providers.downloads.DownloadService" } }
W/dalvikvm(  990): DroidBox: { "FdAccess": { "path": "2f646174612f646174612f636f6d2e63726473636e772e69726177662e74686374676e64682e65746f695f6476647563665f622f7368617265645f70726566732f732e786d6c", "id": "1386472997" } }
W/DroidBox(  990): DroidBox: { "DataLeak": { "sink": "File", "operation": "write", "tag": "0x1c08", "data": "3c3f786d6c2076657273696f6e3d27312e302720656e636f64696e673d277574662d3827207374616e64616c6f6e653d2779657327203f3e0a3c6d61703e0a3c6c6f6e67206e616d653d2267736c74222076616c75653d22313732353231313135393339", "id": "1386472997" } }
W/dalvikvm(  990): DroidBox: { "FdAccess": { "path": "2f646174612f646174612f636f6d2e63726473636e772e69726177662e74686374676e64682e65746f695f6476647563665f622f7368617265645f70726566732f732e786d6c", "id": "2010960988" } }
W/DroidBox(  990): DroidBox: { "DataLeak": { "sink": "File", "operation": "write", "tag": "0x1c08", "data": "3c3f786d6c2076657273696f6e3d27312e302720656e636f64696e673d277574662d3827207374616e64616c6f6e653d2779657327203f3e0a3c6d61703e0a3c6c6f6e67206e616d653d2267736c74222076616c75653d22313732353231313136313436", "id": "2010960988" } }
I/Choreographer(  990): Skipped 204 frames!  The application may be doing too much work on its main thread.
I/Process (  222): Sending signal. PID: 786 SIG: 3
W/ActivityManager(  222): Launch timeout has expired, giving up wake lock!
W/ActivityManager(  222): Permission denied: checkComponentPermission() owningUid=1000
W/BroadcastQueue(  222): Permission Denial: broadcasting Intent { act=android.appwidget.action.APPWIDGET_UPDATE_OPTIONS flg=0x10 cmp=com.android.settings/.widget.SettingsAppWidgetProvider (has extras) } from android (pid=615, uid=10019) is not exported from uid 1000 due to receiver com.android.settings/com.android.settings.widget.SettingsAppWidgetProvider
D/gralloc_goldfish(  990): Emulator without GPU emulation detected.
I/Process (  222): Sending signal. PID: 728 SIG: 3
E/ActivityManager(  222): ANR in com.crdscnw.irawf.thctgndh.etoi_dvducf_b (com.crdscnw.irawf.thctgndh.etoi_dvducf_b/com.LUFsE.baHLOeFpUsdKp)
E/ActivityManager(  222): Reason: keyDispatchingTimedOut
E/ActivityManager(  222): Load: 12.85 / 3.38 / 1.14
E/ActivityManager(  222): CPU usage from 4733ms to -2910ms ago:
E/ActivityManager(  222):   28% 979/strace: 9.4% user + 19% kernel / faults: 1 minor
E/ActivityManager(  222):   21% 222/system_server: 18% user + 2.8% kernel / faults: 622 minor 1 major
E/ActivityManager(  222):   10% 990/com.crdscnw.irawf.thctgndh.etoi_dvducf_b: 5.8% user + 4.9% kernel / faults: 3607 minor
E/ActivityManager(  222):   9.1% 62/mediaserver: 2.5% user + 6.5% kernel / faults: 2 minor
E/ActivityManager(  222):   8.3% 561/android.process.acore: 6.5% user + 1.8% kernel / faults: 1778 minor
E/ActivityManager(  222):   7.4% 67/adbd: 0.1% user + 7.3% kernel / faults: 894 minor
E/ActivityManager(  222):   2.9% 973/logcat: 0.5% user + 2.4% kernel
E/ActivityManager(  222):   2.5% 615/com.android.launcher: 2.3% user + 0.2% kernel / faults: 556 minor
E/ActivityManager(  222):   1.6% 59/surfaceflinger: 1% user + 0.6% kernel / faults: 375 minor
E/ActivityManager(  222):   1.5% 488/com.android.phone: 0.5% user + 1% kernel / faults: 158 minor
E/ActivityManager(  222):   1.2% 786/android.process.media: 0.6% user + 0.6% kernel / faults: 145 minor
E/ActivityManager(  222):   0.1% 506/com.android.settings: 0.1% user + 0% kernel / faults: 64 minor 1 major
E/ActivityManager(  222):   0.5% 4/kworker/0:0: 0% user + 0.5% kernel
E/ActivityManager(  222):   0.3% 416/com.android.systemui: 0% user + 0.3% kernel / faults: 82 minor
E/ActivityManager(  222):   0.1% 634/com.android.deskclock: 0.1% user + 0% kernel / faults: 58 minor
E/ActivityManager(  222):   0.1% 871/com.android.gallery3d: 0.1% user + 0% kernel / faults: 103 minor
E/ActivityManager(  222):   0.1% 950/com.android.voicedialer: 0.1% user + 0% kernel / faults: 15 minor
E/ActivityManager(  222):   0% 7/sync_supers: 0% user + 0% kernel
E/ActivityManager(  222):   0.1% 26/mtdblock1: 0% user + 0.1% kernel
E/ActivityManager(  222):   0.1% 40/jbd2/mtdblock1-: 0% user + 0.1% kernel
E/ActivityManager(  222):   0.1% 53/servicemanager: 0% user + 0.1% kernel
E/ActivityManager(  222):   0.1% 972/com.android.commands.monkey: 0.1% user + 0% kernel
E/ActivityManager(  222): 100% TOTAL: 52% user + 47% kernel + 0.7% softirq
E/ActivityManager(  222): CPU usage from 3370ms to 3950ms later:
E/ActivityManager(  222):   41% 222/system_server: 36% user + 5.4% kernel / faults: 34 minor
E/ActivityManager(  222):     25% 222/system_server: 23% user + 1.8% kernel
E/ActivityManager(  222):     5.4% 332/InputDispatcher: 1.8% user + 3.6% kernel
E/ActivityManager(  222):     3.6% 232/Binder_1: 3.6% user + 0% kernel
E/ActivityManager(  222):     3.6% 233/Binder_2: 3.6% user + 0% kernel
E/ActivityManager(  222):     3.6% 609/Binder_9: 3.6% user + 0% kernel
E/ActivityManager(  222):     1.8% 238/ActivityManager: 0% user + 1.8% kernel
E/ActivityManager(  222):   29% 990/com.crdscnw.irawf.thctgndh.etoi_dvducf_b: 22% user + 6.4% kernel / faults: 66 minor
E/ActivityManager(  222):     17% 1018/Thread-96: 16% user + 1.6% kernel
E/ActivityManager(  222):     6.4% 990/h.etoi_dvducf_b: 4.8% user + 1.6% kernel
E/ActivityManager(  222):    +0% 1027/Thread-97: 0% user + 0% kernel
E/ActivityManager(  222):   17% 979/strace: 4.8% user + 12% kernel
E/ActivityManager(  222):   6.8% 67/adbd: 0% user + 6.8% kernel / faults: 22 minor
E/ActivityManager(  222):     6.8% 236/adbd: 0% user + 6.8% kernel
E/ActivityManager(  222):   1.7% 786/android.process.media: 1.7% user + 0% kernel / faults: 21 minor
E/ActivityManager(  222):     0.8% 786/d.process.media: 0.8% user + 0% kernel
E/ActivityManager(  222):     0.8% 809/Binder_1: 0.8% user + 0% kernel
