D/InputEventConsistencyVerifier(  612): KeyEvent: ACTION_UP but key was not down.
D/InputEventConsistencyVerifier(  612):   in com.android.internal.policy.impl.PhoneWindow$DecorView@b4102940
D/InputEventConsistencyVerifier(  612):   0: sent at 104384000000, KeyEvent { action=ACTION_UP, keyCode=KEYCODE_DPAD_RIGHT, scanCode=0, metaState=0, flags=0x8, repeatCount=0, eventTime=104384, downTime=104384, deviceId=-1, source=0x101 }
W/dalvikvm( 1034): DroidBox: { "FdAccess": { "path": "2f6465762f696e7075742f6576656e7430", "id": "781846742" } }
W/DroidBox( 1034): DroidBox: { "FileRW": { "operation": "write", "data": "efbfbd060000efbfbdefbfbd0c000500000000000000", "id": "781846742" } }
I/ActivityManager(  227): START {act=android.search.action.GLOBAL_SEARCH flg=0x10000000 cmp=com.android.quicksearchbox/.SearchActivity bnds=[5,43][475,103] (has extras) u=0} from pid 612
I/Choreographer(  612): Skipped 65 frames!  The application may be doing too much work on its main thread.
I/qtaguid (  227): Failed write_ctrl(s 1 10050) res=-1 errno=1
W/NetworkManagementSocketTagger(  227): setKernelCountSet(10050, 1) failed with errno -1
E/Trace   ( 1052): error opening trace file: No such file or directory (2)
I/ARMAssembler(   58): generated scanline__00000077:03010104_00008002_00000000 [ 89 ipp] (110 ins) at [0xb5d60710:0xb5d608c8] in 0 ns
W/DroidBox( 1052): DroidBox: { "DexClassLoader": { "path": "/data/app/com.lion.dabikeridersuperone-1.apk" } }
I/dalvikvm-heap(  612): Grow heap (frag case) to 15.121MB for 1463056-byte allocation
I/PushNotification( 1052): startNotifications
D/InputEventConsistencyVerifier(  612): KeyEvent: ACTION_UP but key was not down.
D/InputEventConsistencyVerifier(  612):   in com.android.launcher2.Cling@b413d298
D/InputEventConsistencyVerifier(  612):   0: sent at 104697000000, KeyEvent { action=ACTION_UP, keyCode=KEYCODE_DPAD_DOWN, scanCode=0, metaState=0, flags=0x8, repeatCount=0, eventTime=104697, downTime=104697, deviceId=-1, source=0x101 }
I/Choreographer(  612): Skipped 270 frames!  The application may be doing too much work on its main thread.
W/InputMethodManagerService(  227): Starting input on non-focused client com.android.internal.view.IInputMethodClient$Stub$Proxy@b3f15ca0 (uid=10019 pid=612)
E/WVMExtractor(   61): Failed to open libwvm.so
E/WVMExtractor(   61): Failed to open libwvm.so
W/DroidBox( 1052): DroidBox: { "ServiceStart": { "name": "com.apperhand.device.android.AndroidSDKProvider" } }
E/WVMExtractor(   61): Failed to open libwvm.so
I/AND.Provider( 1052): onCreate
E/WVMExtractor(   61): Failed to open libwvm.so
I/Choreographer( 1052): Skipped 119 frames!  The application may be doing too much work on its main thread.
E/WVMExtractor(   61): Failed to open libwvm.so
E/WVMExtractor(   61): Failed to open libwvm.so
V/PhoneStatusBar(  420): setLightsOn(true)
D/b       ( 1052): Apperhand service was started successfully
E/WVMExtractor(   61): Failed to open libwvm.so
W/dalvikvm( 1052): DroidBox: { "FdAccess": { "path": "2f646174612f646174612f636f6d2e6c696f6e2e646162696b65726964657273757065726f6e652f7368617265645f70726566732f636f6d2e617070657268616e642e676c6f62616c2e786d6c", "id": "1114265431" } }
W/DroidBox( 1052): DroidBox: { "FileRW": { "operation": "write", "data": "3c3f786d6c2076657273696f6e3d27312e302720656e636f64696e673d277574662d3827207374616e64616c6f6e653d2779657327203f3e0a3c6d61703e0a3c737472696e67206e616d653d22454e435f44554d4d595f4944223e66366458426464554e", "id": "1114265431" } }
W/dalvikvm(  227): DroidBox: { "FdAccess": { "path": "2f70726f632f313030322f636d646c696e65", "id": "865823028" } }
W/DroidBox(  227): DroidBox: { "FileRW": { "operation": "read", "data": "636f6d2e616e64726f69642e6d757369636678000000000000000000000000000000000000000000000000000000000000000000000000000000000000000000000000000000000000000000702f31636264313532393933363933623132653533663334", "id": "865823028" } }
W/dalvikvm(  227): DroidBox: { "FdAccess": { "path": "2f70726f632f313031342f636d646c696e65", "id": "669385439" } }
W/DroidBox(  227): DroidBox: { "FileRW": { "operation": "read", "data": "636f6d2e73766f782e7069636f000000000000000000000000000000000000000000000000000000000000000000000000000000000000000000000000000000000000000000000000000000702f31636264313532393933363933623132653533663334", "id": "669385439" } }
W/dalvikvm(  227): DroidBox: { "FdAccess": { "path": "2f70726f632f313033342f636d646c696e65", "id": "195394085" } }
W/DroidBox(  227): DroidBox: { "FileRW": { "operation": "read", "data": "636f6d2e616e64726f69642e636f6d6d616e64732e6d6f6e6b657900000000000000000000000000000000000000000000000000000000000000000000000000000000000000000000000000000000000000000000000000000000000000000000000000", "id": "195394085" } }
W/dalvikvm(  227): DroidBox: { "FdAccess": { "path": "2f70726f632f313033362f636d646c696e65", "id": "323304876" } }
W/DroidBox(  227): DroidBox: { "FileRW": { "operation": "read", "data": "6c6f676361740044726f6964426f783a570064616c76696b766d3a570041637469766974794d616e616765723a49000000000000000000000000000000000000000000000000000000000000000000000000000000000000000000000000000000000000", "id": "323304876" } }
W/dalvikvm(  227): DroidBox: { "FdAccess": { "path": "2f70726f632f313033382f636d646c696e65", "id": "1693316508" } }
W/DroidBox(  227): DroidBox: { "FileRW": { "operation": "read", "data": "2f73797374656d2f62696e2f7368002d63007368202e2f7364636172642f65786563757465537472616365496e2e736800000000000000000000000000000000000000000000000000000000000000000000000000000000000000000000000000000000", "id": "1693316508" } }
W/dalvikvm(  227): DroidBox: { "FdAccess": { "path": "2f70726f632f313034302f636d646c696e65", "id": "794561565" } }
W/DroidBox(  227): DroidBox: { "FileRW": { "operation": "read", "data": "7368002e2f7364636172642f65786563757465537472616365496e2e736800786563757465537472616365496e2e736800000000000000000000000000000000000000000000000000000000000000000000000000000000000000000000000000000000", "id": "794561565" } }
W/dalvikvm(  227): DroidBox: { "FdAccess": { "path": "2f70726f632f313034312f636d646c696e65", "id": "1190106393" } }
W/DroidBox(  227): DroidBox: { "FileRW": { "operation": "read", "data": "737472616365002d70003539002d66002d747446002d6f002f7364636172642f316362643135323939333639336231326535336633343539623032646631343730396139363335363965313565643234363563623566343632303931323765322e61706b", "id": "1190106393" } }
W/dalvikvm(  227): DroidBox: { "FdAccess": { "path": "2f70726f632f313035322f636d646c696e65", "id": "1782171116" } }
W/DroidBox(  227): DroidBox: { "FileRW": { "operation": "read", "data": "636f6d2e6c696f6e2e646162696b65726964657273757065726f6e6500000000000000000000000000000000000000000000000000000000000000000000000000000000000000000000000065643234363563623566343632303931323765322e61706b", "id": "1782171116" } }
I/Choreographer( 1052): Skipped 297 frames!  The application may be doing too much work on its main thread.
E/WVMExtractor(   61): Failed to open libwvm.so
D/PackageManager(  227): generateServicesMap(android.accounts.AccountAuthenticator): 2 services unchanged
I/InputReader(  227): Reconfiguring input devices.  changes=0x00000010
D/PackageManager(  227): generateServicesMap(android.content.SyncAdapter): 4 services unchanged
D/gralloc_goldfish( 1052): Emulator without GPU emulation detected.
I/AccountTypeManager(  701): Loaded meta-data for 1 account types, 0 accounts in 659ms(wall) 0ms(cpu)
W/dalvikvm(  889): DroidBox: { "FdAccess": { "path": "2f646174612f646174612f636f6d2e616e64726f69642e67616c6c65727933642f7368617265645f70726566732f636f6d2e616e64726f69642e67616c6c65727933645f707265666572656e6365732e786d6c", "id": "317699057" } }
W/DroidBox(  889): DroidBox: { "FileRW": { "operation": "write", "data": "3c3f786d6c2076657273696f6e3d27312e302720656e636f64696e673d277574662d3827207374616e64616c6f6e653d2779657327203f3e0a3c6d61703e0a3c696e74206e616d653d227061636b616765732d76657273696f6e222076616c75653d2238", "id": "317699057" } }
I/ActivityManager(  227): Displayed com.lion.dabikeridersuperone/com.snow.cristmas.Main: +6s267ms
W/dalvikvm( 1052): DroidBox: { "FdAccess": { "path": "2f70726f632f6d656d696e666f", "id": "1919210686" } }
W/DroidBox( 1052): DroidBox: { "FileRW": { "operation": "read", "data": "4d656d546f74616c3a202020202020202020373438393634206b420a4d656d467265653a20202020202020202020343538383630206b420a427566666572733a20202020202020202020202035343430206b420a4361636865643a202020202020202020", "id": "1919210686" } }
I/qtaguid (  227): Failed write_ctrl(s 0 10019) res=-1 errno=1
W/NetworkManagementSocketTagger(  227): setKernelCountSet(10019, 0) failed with errno -1
W/DroidBox( 1052): DroidBox: { "OpenNet": { "desthost": "217.65.36.152", "destport": "80", "fd": "21" } }
W/dalvikvm( 1052): DroidBox: { "FdAccess": { "path": "2f7379732f646576696365732f7669727475616c2f6e65742f736974302f6966696e646578", "id": "1665247469" } }
W/DroidBox( 1052): DroidBox: { "FileRW": { "operation": "read", "data": "330a0000000000000000000000000000000000000000000000000000000000000000000000000000000000000000000000000000000000000000000000000000000000000000000000000000000000000000000000000000000000000000000000000000", "id": "1665247469" } }
W/dalvikvm( 1052): DroidBox: { "FdAccess": { "path": "2f7379732f646576696365732f7669727475616c2f6e65742f736974302f6966696e646578", "id": "1686375093" } }
W/DroidBox( 1052): DroidBox: { "FileRW": { "operation": "read", "data": "330a0000000000000000000000000000000000000000000000000000000000000000000000000000000000000000000000000000000000000000000000000000000000000000000000000000000000000000000000000000000000000000000000000000", "id": "1686375093" } }
E/WVMExtractor(   61): Failed to open libwvm.so
W/dalvikvm( 1052): DroidBox: { "FdAccess": { "path": "2f7379732f646576696365732f7669727475616c2f6e65742f736974302f6966696e646578", "id": "359499363" } }
W/DroidBox( 1052): DroidBox: { "FileRW": { "operation": "read", "data": "330a0000000000000000000000000000000000000000000000000000000000000000000000000000000000000000000000000000000000000000000000000000000000000000000000000000000000000000000000000000000000000000000000000000", "id": "359499363" } }
W/dalvikvm( 1052): DroidBox: { "FdAccess": { "path": "2f70726f632f313035322f6e65742f69665f696e657436", "id": "1000406700" } }
W/DroidBox( 1052): DroidBox: { "FileRW": { "operation": "read", "data": "66653830303030303030303030303030353035343030666666653132333435362030322034302032302038302020202020657468300a30303030303030303030303030303030303030303030303030303030303030312030312038302031302038302020", "id": "1000406700" } }
W/dalvikvm( 1052): DroidBox: { "FdAccess": { "path": "2f7379732f646576696365732f7669727475616c2f6e65742f736974302f6966696e646578", "id": "1290672972" } }
D/webviewglue( 1052): nativeDestroy view: 0xb8d362f0
W/DroidBox( 1052): DroidBox: { "FileRW": { "operation": "read", "data": "330a0000000000000000000000000000000000000000000000000000000000000000000000000000000000000000000000000000000000000000000000000000000000000000000000000000000000000000000000000000000000000000000000000000", "id": "1290672972" } }
W/dalvikvm( 1052): DroidBox: { "FdAccess": { "path": "2f70726f632f313035322f6e65742f69665f696e657436", "id": "1080342617" } }
W/dalvikvm( 1052): DroidBox: { "FdAccess": { "path": "2f70726f632f313035322f6e65742f69665f696e657436", "id": "1516855775" } }
W/DroidBox( 1052): DroidBox: { "FileRW": { "operation": "read", "data": "66653830303030303030303030303030353035343030666666653132333435362030322034302032302038302020202020657468300a30303030303030303030303030303030303030303030303030303030303030312030312038302031302038302020", "id": "1516855775" } }
W/dalvikvm( 1052): DroidBox: { "FdAccess": { "path": "2f70726f632f313035322f6e65742f69665f696e657436", "id": "201165625" } }
W/DroidBox( 1052): DroidBox: { "FileRW": { "operation": "read", "data": "00000000000000000000000000000000000000000000000000000000000000000000000000000000000000000000000000000000000000000000000000000000000000000000000000000000000000000000000000000000000000000000000000000000", "id": "201165625" } }
W/DroidBox( 1052): DroidBox: { "FileRW": { "operation": "read", "data": "00000000000000000000000000000000000000000000000000000000000000000000000000000000000000000000000000000000000000000000000000000000000000000000000000000000000000000000000000000000000000000000000000000000", "id": "1080342617" } }
I/ActivityManager(  227): START {act=android.intent.action.MAIN cat=[android.intent.category.HOME] flg=0x10200000 cmp=com.android.launcher/com.android.launcher2.Launcher u=0} from pid 227
D/InputEventConsistencyVerifier( 1052): TrackballEvent: Trackball is down but pressure is not greater than 0.
D/InputEventConsistencyVerifier( 1052):   in android.view.ViewRootImpl@b3e25c98
D/InputEventConsistencyVerifier( 1052):   0: sent at 112563000000, MotionEvent { action=ACTION_DOWN, id[0]=0, x[0]=0.0, y[0]=0.0, toolType[0]=TOOL_TYPE_UNKNOWN, buttonState=0, metaState=0, flags=0x0, edgeFlags=0x0, pointerCount=1, historySize=0, eventTime=112563, downTime=112346, deviceId=0, source=0x10004 }
D/InputEventConsistencyVerifier( 1052):   -- recent events --
D/InputEventConsistencyVerifier( 1052):   1: sent at 112713000000, KeyEvent { action=ACTION_UP, keyCode=KEYCODE_DPAD_DOWN, scanCode=0, metaState=0, flags=0x400, repeatCount=0, eventTime=112713, downTime=112713, deviceId=-1, source=0x101 }
D/InputEventConsistencyVerifier( 1052):   2: sent at 112713000000, KeyEvent { action=ACTION_DOWN, keyCode=KEYCODE_DPAD_DOWN, scanCode=0, metaState=0, flags=0x400, repeatCount=0, eventTime=112713, downTime=112713, deviceId=-1, source=0x101 }
D/InputEventConsistencyVerifier( 1052):   3: sent at 112712000000, KeyEvent { action=ACTION_UP, keyCode=KEYCODE_DPAD_DOWN, scanCode=0, metaState=0, flags=0x400, repeatCount=0, eventTime=112712, downTime=112712, deviceId=-1, source=0x101 }
D/InputEventConsistencyVerifier( 1052):   4: sent at 112712000000, KeyEvent { action=ACTION_DOWN, keyCode=KEYCODE_DPAD_DOWN, scanCode=0, metaState=0, flags=0x400, repeatCount=0, eventTime=112712, downTime=112712, deviceId=-1, source=0x101 }
D/InputEventConsistencyVerifier( 1052):   5: sent at 112712000000, KeyEvent { action=ACTION_UP, keyCode=KEYCODE_DPAD_DOWN, scanCode=0, metaState=0, flags=0x400, repeatCount=0, eventTime=112712, downTime=112712, deviceId=-1, source=0x101 }
I/InputDispatcher(  227): Dropped event because of pending overdue app switch.
I/ActivityManager(  227): START {cmp=com.lion.dabikeridersuperone/com.snow.cristmas.Ads u=0} from pid 1052
W/InputManager(  227): Input event injection from pid 1034 failed.
W/WindowManager(  227): Failure taking screenshot for (246x410) to layer 21015
E/WVMExtractor(   61): Failed to open libwvm.so
W/dalvikvm( 1052): DroidBox: { "FdAccess": { "path": "2f7379732f646576696365732f706c6174666f726d2f736d633931782e302f6e65742f657468302f6966696e646578", "id": "2089090350" } }
V/PhoneStatusBar(  420): setLightsOn(true)
D/InputEventConsistencyVerifier( 1052): KeyEvent: ACTION_UP but key was not down.
D/InputEventConsistencyVerifier( 1052):   in android.view.ViewRootImpl@b3ea5548
D/InputEventConsistencyVerifier( 1052):   0: sent at 113084000000, KeyEvent { action=ACTION_UP, keyCode=KEYCODE_DPAD_LEFT, scanCode=0, metaState=0, flags=0x8, repeatCount=0, eventTime=113084, downTime=113084, deviceId=-1, source=0x101 }
W/DroidBox( 1052): DroidBox: { "FileRW": { "operation": "read", "data": "320a0000000000000000000000000000000000000000000000000000000000000000000000000000000000000000000000000000000000000000000000000000000000000000000000000000000000000000000000000000000000000000000000000000", "id": "2089090350" } }
W/dalvikvm( 1052): DroidBox: { "FdAccess": { "path": "2f7379732f646576696365732f706c6174666f726d2f736d633931782e302f6e65742f657468302f6966696e646578", "id": "2091083483" } }
W/DroidBox( 1052): DroidBox: { "FileRW": { "operation": "read", "data": "320a0000000000000000000000000000000000000000000000000000000000000000000000000000000000000000000000000000000000000000000000000000000000000000000000000000000000000000000000000000000000000000000000000000", "id": "2091083483" } }
W/dalvikvm( 1052): DroidBox: { "FdAccess": { "path": "2f7379732f646576696365732f706c6174666f726d2f736d633931782e302f6e65742f657468302f6966696e646578", "id": "1174048493" } }
I/Choreographer(  612): Skipped 111 frames!  The application may be doing too much work on its main thread.
W/DroidBox( 1052): DroidBox: { "FileRW": { "operation": "read", "data": "320a0000000000000000000000000000000000000000000000000000000000000000000000000000000000000000000000000000000000000000000000000000000000000000000000000000000000000000000000000000000000000000000000000000", "id": "1174048493" } }
E/WVMExtractor(   61): Failed to open libwvm.so
E/WVMExtractor(   61): Failed to open libwvm.so
I/Choreographer( 1052): Skipped 220 frames!  The application may be doing too much work on its main thread.
W/dalvikvm( 1052): DroidBox: { "FdAccess": { "path": "2f7379732f646576696365732f706c6174666f726d2f736d633931782e302f6e65742f657468302f6966696e646578", "id": "2088702368" } }
W/DroidBox( 1052): DroidBox: { "FileRW": { "operation": "read", "data": "320a0000000000000000000000000000000000000000000000000000000000000000000000000000000000000000000000000000000000000000000000000000000000000000000000000000000000000000000000000000000000000000000000000000", "id": "2088702368" } }
W/dalvikvm( 1052): DroidBox: { "FdAccess": { "path": "2f70726f632f313035322f6e65742f69665f696e657436", "id": "49736335" } }
W/DroidBox( 1052): DroidBox: { "FileRW": { "operation": "read", "data": "66653830303030303030303030303030353035343030666666653132333435362030322034302032302038302020202020657468300a30303030303030303030303030303030303030303030303030303030303030312030312038302031302038302020", "id": "49736335" } }
I/ActivityManager(  227): Displayed com.lion.dabikeridersuperone/com.snow.cristmas.Ads: +1s405ms
W/dalvikvm( 1052): DroidBox: { "FdAccess": { "path": "2f70726f632f6d656d696e666f", "id": "1872260208" } }
W/DroidBox( 1052): DroidBox: { "FileRW": { "operation": "read", "data": "4d656d546f74616c3a202020202020202020373438393634206b420a4d656d467265653a20202020202020202020343533323830206b420a427566666572733a20202020202020202020202035343638206b420a4361636865643a202020202020202020", "id": "1872260208" } }
I/Choreographer( 1052): Skipped 103 frames!  The application may be doing too much work on its main thread.
E/WVMExtractor(   61): Failed to open libwvm.so
W/dalvikvm( 1052): DroidBox: { "FdAccess": { "path": "2f70726f632f313035322f6e65742f69665f696e657436", "id": "1425966446" } }
W/dalvikvm( 1052): DroidBox: { "FdAccess": { "path": "2f70726f632f313035322f6e65742f69665f696e657436", "id": "136693397" } }
W/DroidBox( 1052): DroidBox: { "FileRW": { "operation": "read", "data": "66653830303030303030303030303030353035343030666666653132333435362030322034302032302038302020202020657468300a30303030303030303030303030303030303030303030303030303030303030312030312038302031302038302020", "id": "1425966446" } }
W/DroidBox( 1052): DroidBox: { "FileRW": { "operation": "read", "data": "00000000000000000000000000000000000000000000000000000000000000000000000000000000000000000000000000000000000000000000000000000000000000000000000000000000000000000000000000000000000000000000000000000000", "id": "136693397" } }
E/WVMExtractor(   61): Failed to open libwvm.so
W/dalvikvm( 1052): DroidBox: { "FdAccess": { "path": "2f70726f632f313035322f6e65742f69665f696e657436", "id": "486002397" } }
E/WVMExtractor(   61): Failed to open libwvm.so
I/MoolahMessageReceiver( 1052): onReceive
W/DroidBox( 1052): DroidBox: { "ServiceStart": { "name": "com.moolah.NotificationService" } }
W/DroidBox( 1052): DroidBox: { "ServiceStart": { "name": "com.moolah.NotificationService" } }
W/DroidBox( 1052): DroidBox: { "FileRW": { "operation": "read", "data": "00000000000000000000000000000000000000000000000000000000000000000000000000000000000000000000000000000000000000000000000000000000000000000000000000000000000000000000000000000000000000000000000000000000", "id": "486002397" } }
I/ActivityManager(  227): Start proc com.lion.dabikeridersuperone:com.moolah.pushnotification for service com.lion.dabikeridersuperone/com.moolah.NotificationService: pid=1096 uid=10050 gids={3003, 1028}
E/WVMExtractor(   61): Failed to open libwvm.so
W/dalvikvm( 1052): DroidBox: { "FdAccess": { "path": "2f7379732f646576696365732f7669727475616c2f6e65742f6c6f2f6966696e646578", "id": "909600162" } }
W/dalvikvm( 1052): DroidBox: { "FdAccess": { "path": "2f7379732f646576696365732f7669727475616c2f6e65742f6c6f2f6966696e646578", "id": "380799275" } }
E/WVMExtractor(   61): Failed to open libwvm.so
I/ActivityManager(  227): START {act=android.intent.action.MAIN cat=[android.intent.category.LAUNCHER] flg=0x10000000 cmp=com.android.browser/.BrowserActivity sel={act=android.intent.action.MAIN cat=[android.intent.category.APP_BROWSER]} u=0} from pid 227
W/DroidBox( 1052): DroidBox: { "FileRW": { "operation": "read", "data": "310a0000000000000000000000000000000000000000000000000000000000000000000000000000000000000000000000000000000000000000000000000000000000000000000000000000000000000000000000000000000000000000000000000000", "id": "380799275" } }
W/DroidBox( 1052): DroidBox: { "FileRW": { "operation": "read", "data": "310a0000000000000000000000000000000000000000000000000000000000000000000000000000000000000000000000000000000000000000000000000000000000000000000000000000000000000000000000000000000000000000000000000000", "id": "909600162" } }
W/dalvikvm( 1052): DroidBox: { "FdAccess": { "path": "2f7379732f646576696365732f7669727475616c2f6e65742f736974302f6966696e646578", "id": "337002656" } }
W/dalvikvm( 1052): DroidBox: { "FdAccess": { "path": "2f7379732f646576696365732f7669727475616c2f6e65742f6c6f2f6966696e646578", "id": "274253722" } }
W/dalvikvm( 1052): DroidBox: { "FdAccess": { "path": "2f7379732f646576696365732f7669727475616c2f6e65742f6c6f2f6966696e646578", "id": "1439283675" } }
D/InputEventConsistencyVerifier( 1052): KeyEvent: ACTION_UP but key was not down.
D/InputEventConsistencyVerifier( 1052):   in android.view.ViewRootImpl@b3ea5548
D/InputEventConsistencyVerifier( 1052):   0: sent at 116996000000, KeyEvent { action=ACTION_UP, keyCode=KEYCODE_EXPLORER, scanCode=0, metaState=0, flags=0x8, repeatCount=0, eventTime=116996, downTime=116996, deviceId=-1, source=0x101 }
D/InputEventConsistencyVerifier( 1052):   -- recent events --
D/InputEventConsistencyVerifier( 1052):   1: sent at 116879000000, MotionEvent { action=ACTION_UP, id[0]=0, x[0]=292.0, y[0]=426.0, toolType[0]=TOOL_TYPE_UNKNOWN, buttonState=0, metaState=0, flags=0x0, edgeFlags=0x0, pointerCount=1, historySize=0, eventTime=116879, downTime=116870, deviceId=0, source=0x1002 }
D/InputEventConsistencyVerifier( 1052):   2: sent at 116876000000, MotionEvent { action=ACTION_MOVE, id[0]=0, x[0]=277.0, y[0]=417.0, toolType[0]=TOOL_TYPE_UNKNOWN, buttonState=0, metaState=0, flags=0x0, edgeFlags=0x0, pointerCount=1, historySize=0, eventTime=116876, downTime=116870, deviceId=0, source=0x1002 }
D/InputEventConsistencyVerifier( 1052):   3: sent at 116871000000, MotionEvent { action=ACTION_DOWN, id[0]=0, x[0]=270.0, y[0]=402.0, toolType[0]=TOOL_TYPE_UNKNOWN, buttonState=0, metaState=0, flags=0x0, edgeFlags=0x0, pointerCount=1, historySize=0, eventTime=116871, downTime=116870, deviceId=0, source=0x1002 }
D/InputEventConsistencyVerifier( 1052):   4: sent at 116862000000, MotionEvent { action=ACTION_UP, id[0]=0, x[0]=311.0, y[0]=682.0, toolType[0]=TOOL_TYPE_UNKNOWN, buttonState=0, metaState=0, flags=0x0, edgeFlags=0x0, pointerCount=1, historySize=0, eventTime=116862, downTime=116855, deviceId=0, source=0x1002 }
D/InputEventConsistencyVerifier( 1052):   5: sent at 116856000000, MotionEvent { action=ACTION_DOWN, id[0]=0, x[0]=314.0, y[0]=689.0, toolType[0]=TOOL_TYPE_UNKNOWN, buttonState=0, metaState=0, flags=0x0, edgeFlags=0x0, pointerCount=1, historySize=0, eventTime=116856, downTime=116855, deviceId=0, source=0x1002 }
W/DroidBox( 1052): DroidBox: { "FileRW": { "operation": "read", "data": "330a0000000000000000000000000000000000000000000000000000000000000000000000000000000000000000000000000000000000000000000000000000000000000000000000000000000000000000000000000000000000000000000000000000", "id": "337002656" } }
W/DroidBox( 1052): DroidBox: { "FileRW": { "operation": "read", "data": "310a0000000000000000000000000000000000000000000000000000000000000000000000000000000000000000000000000000000000000000000000000000000000000000000000000000000000000000000000000000000000000000000000000000", "id": "274253722" } }
E/Trace   ( 1096): error opening trace file: No such file or directory (2)
I/Choreographer( 1052): Skipped 35 frames!  The application may be doing too much work on its main thread.
W/DroidBox( 1052): DroidBox: { "FileRW": { "operation": "read", "data": "310a0000000000000000000000000000000000000000000000000000000000000000000000000000000000000000000000000000000000000000000000000000000000000000000000000000000000000000000000000000000000000000000000000000", "id": "1439283675" } }
E/WVMExtractor(   61): Failed to open libwvm.so
W/dalvikvm( 1052): DroidBox: { "FdAccess": { "path": "2f7379732f646576696365732f7669727475616c2f6e65742f736974302f6966696e646578", "id": "770956251" } }
W/DroidBox( 1096): DroidBox: { "DexClassLoader": { "path": "/data/app/com.lion.dabikeridersuperone-1.apk" } }
W/DroidBox( 1052): DroidBox: { "FileRW": { "operation": "read", "data": "330a0000000000000000000000000000000000000000000000000000000000000000000000000000000000000000000000000000000000000000000000000000000000000000000000000000000000000000000000000000000000000000000000000000", "id": "770956251" } }
E/WVMExtractor(   61): Failed to open libwvm.so
E/WVMExtractor(   61): Failed to open libwvm.so
I/MoolahNotificationService( 1096): onStart
E/WVMExtractor(   61): Failed to open libwvm.so
W/dalvikvm( 1052): DroidBox: { "FdAccess": { "path": "2f70726f632f313035322f6e65742f69665f696e657436", "id": "1037206197" } }
W/DroidBox( 1052): DroidBox: { "FileRW": { "operation": "read", "data": "66653830303030303030303030303030353035343030666666653132333435362030322034302032302038302020202020657468300a30303030303030303030303030303030303030303030303030303030303030312030312038302031302038302020", "id": "1037206197" } }
E/WVMExtractor(   61): Failed to open libwvm.so
W/dalvikvm( 1052): DroidBox: { "FdAccess": { "path": "2f70726f632f313035322f6e65742f69665f696e657436", "id": "337522117" } }
W/dalvikvm( 1052): DroidBox: { "FdAccess": { "path": "2f70726f632f313035322f6e65742f69665f696e657436", "id": "272071281" } }
W/DroidBox( 1052): DroidBox: { "FileRW": { "operation": "read", "data": "66653830303030303030303030303030353035343030666666653132333435362030322034302032302038302020202020657468300a30303030303030303030303030303030303030303030303030303030303030312030312038302031302038302020", "id": "337522117" } }
W/DroidBox( 1052): DroidBox: { "FileRW": { "operation": "read", "data": "66653830303030303030303030303030353035343030666666653132333435362030322034302032302038302020202020657468300a30303030303030303030303030303030303030303030303030303030303030312030312038302031302038302020", "id": "272071281" } }
W/dalvikvm( 1052): DroidBox: { "FdAccess": { "path": "2f70726f632f313035322f6e65742f69665f696e657436", "id": "478099723" } }
W/DroidBox( 1052): DroidBox: { "FileRW": { "operation": "read", "data": "00000000000000000000000000000000000000000000000000000000000000000000000000000000000000000000000000000000000000000000000000000000000000000000000000000000000000000000000000000000000000000000000000000000", "id": "478099723" } }
E/WVMExtractor(   61): Failed to open libwvm.so
W/dalvikvm( 1052): DroidBox: { "FdAccess": { "path": "2f70726f632f313035322f6e65742f69665f696e657436", "id": "162105786" } }
W/dalvikvm( 1052): DroidBox: { "FdAccess": { "path": "2f70726f632f313035322f6e65742f69665f696e657436", "id": "480189961" } }
I/MoolahNotificationService( 1096): register
W/DroidBox( 1052): DroidBox: { "FileRW": { "operation": "read", "data": "00000000000000000000000000000000000000000000000000000000000000000000000000000000000000000000000000000000000000000000000000000000000000000000000000000000000000000000000000000000000000000000000000000000", "id": "162105786" } }
W/DroidBox( 1052): DroidBox: { "FileRW": { "operation": "read", "data": "00000000000000000000000000000000000000000000000000000000000000000000000000000000000000000000000000000000000000000000000000000000000000000000000000000000000000000000000000000000000000000000000000000000", "id": "480189961" } }
I/Choreographer( 1052): Skipped 36 frames!  The application may be doing too much work on its main thread.
E/WVMExtractor(   61): Failed to open libwvm.so
W/dalvikvm( 1052): DroidBox: { "FdAccess": { "path": "2f7379732f646576696365732f706c6174666f726d2f736d633931782e302f6e65742f657468302f6966696e646578", "id": "811330466" } }
W/DroidBox( 1052): DroidBox: { "FileRW": { "operation": "read", "data": "320a0000000000000000000000000000000000000000000000000000000000000000000000000000000000000000000000000000000000000000000000000000000000000000000000000000000000000000000000000000000000000000000000000000", "id": "811330466" } }
I/Choreographer( 1052): Skipped 71 frames!  The application may be doing too much work on its main thread.
W/dalvikvm( 1052): DroidBox: { "FdAccess": { "path": "2f7379732f646576696365732f706c6174666f726d2f736d633931782e302f6e65742f657468302f6966696e646578", "id": "437299369" } }
W/DroidBox( 1052): DroidBox: { "FileRW": { "operation": "read", "data": "320a0000000000000000000000000000000000000000000000000000000000000000000000000000000000000000000000000000000000000000000000000000000000000000000000000000000000000000000000000000000000000000000000000000", "id": "437299369" } }
E/WVMExtractor(   61): Failed to open libwvm.so
W/InputMethodManagerService(  227): Window already focused, ignoring focus gain of: com.android.internal.view.IInputMethodClient$Stub$Proxy@b4081fa8 attribute=null
I/Choreographer(  227): Skipped 30 frames!  The application may be doing too much work on its main thread.
E/WVMExtractor(   61): Failed to open libwvm.so
W/dalvikvm( 1052): DroidBox: { "FdAccess": { "path": "2f70726f632f313035322f6e65742f69665f696e657436", "id": "1634848712" } }
W/DroidBox( 1052): DroidBox: { "FileRW": { "operation": "read", "data": "66653830303030303030303030303030353035343030666666653132333435362030322034302032302038302020202020657468300a30303030303030303030303030303030303030303030303030303030303030312030312038302031302038302020", "id": "1634848712" } }
E/WVMExtractor(   61): Failed to open libwvm.so
W/dalvikvm( 1052): DroidBox: { "FdAccess": { "path": "2f70726f632f313035322f6e65742f69665f696e657436", "id": "220962966" } }
W/DroidBox( 1052): DroidBox: { "FileRW": { "operation": "read", "data": "00000000000000000000000000000000000000000000000000000000000000000000000000000000000000000000000000000000000000000000000000000000000000000000000000000000000000000000000000000000000000000000000000000000", "id": "220962966" } }
W/dalvikvm( 1052): DroidBox: { "FdAccess": { "path": "2f7379732f646576696365732f7669727475616c2f6e65742f6c6f2f6966696e646578", "id": "1165981710" } }
W/DroidBox( 1052): DroidBox: { "FileRW": { "operation": "read", "data": "310a0000000000000000000000000000000000000000000000000000000000000000000000000000000000000000000000000000000000000000000000000000000000000000000000000000000000000000000000000000000000000000000000000000", "id": "1165981710" } }
E/WVMExtractor(   61): Failed to open libwvm.so
W/dalvikvm(  227): DroidBox: { "FdAccess": { "path": "2f70726f632f313039362f636d646c696e65", "id": "696178086" } }
W/DroidBox(  227): DroidBox: { "FileRW": { "operation": "read", "data": "636f6d2e6c696f6e2e646162696b65726964657273757065726f6e653a636f6d2e6d6f6f6c61682e707573686e6f74696669636174696f6e000000000000000000000000000000000000000065643234363563623566343632303931323765322e61706b", "id": "696178086" } }
W/dalvikvm( 1052): DroidBox: { "FdAccess": { "path": "2f7379732f646576696365732f7669727475616c2f6e65742f6c6f2f6966696e646578", "id": "1424578914" } }
W/DroidBox( 1052): DroidBox: { "OpenNet": { "desthost": "172.234.222.138", "destport": "80", "fd": "49" } }
W/DroidBox( 1052): DroidBox: { "OpenNet": { "desthost": "172.234.222.138", "destport": "80", "fd": "49" } }
W/DroidBox( 1052): DroidBox: { "FileRW": { "operation": "read", "data": "310a0000000000000000000000000000000000000000000000000000000000000000000000000000000000000000000000000000000000000000000000000000000000000000000000000000000000000000000000000000000000000000000000000000", "id": "1424578914" } }
E/WVMExtractor(   61): Failed to open libwvm.so
E/WVMExtractor(   61): Failed to open libwvm.so
I/Choreographer( 1052): Skipped 44 frames!  The application may be doing too much work on its main thread.
W/dalvikvm( 1052): DroidBox: { "FdAccess": { "path": "2f70726f632f313035322f6e65742f69665f696e657436", "id": "652085937" } }
E/WVMExtractor(   61): Failed to open libwvm.so
W/DroidBox( 1052): DroidBox: { "FileRW": { "operation": "read", "data": "66653830303030303030303030303030353035343030666666653132333435362030322034302032302038302020202020657468300a30303030303030303030303030303030303030303030303030303030303030312030312038302031302038302020", "id": "652085937" } }
W/DroidBox( 1052): DroidBox: { "SendNet": { "operation": "send", "data": "504f5354202f73686f775f6170705f69636f6e2e636f6e663f2673656374696f6e5f69643d383438353639353431266170705f69643d6e756c6c2669636f6e5f646973706c617965645f636f756e743d3020485454502f312e310d0a436f6e74656e742d", "desthost": "172.234.222.138", "destport": "80" , "fd": "50"} }
W/DroidBox( 1052): DroidBox: { "SendNet": { "operation": "send", "data": "504f5354202f73686f775f6e6f74696669636174696f6e3f2673656374696f6e5f69643d333938313035363632266170705f69643d6e756c6c26697465726174696f6e5f636f756e7465723d30266c61756e63685f747970653d417070266e6f74696669", "desthost": "172.234.222.138", "destport": "80" , "fd": "50"} }
W/DroidBox( 1052): DroidBox: { "DataLeak": { "sink": "Network", "operation": "send", "tag": "0x408", "data": "726566313d3632616633313232643937653365343526726566323d342e312e3126726566333d416e64726f696426726566343d6665383025334125334135303534253341666625334166653132253341333435362532356574683026726566353d302672", "desthost": "172.234.222.138", "destport": "80" , "fd": "50"} }
W/DroidBox( 1052): DroidBox: { "DataLeak": { "sink": "Network", "operation": "send", "tag": "0x408", "data": "726566313d3632616633313232643937653365343526726566323d342e312e3126726566333d416e64726f696426726566343d6665383025334125334135303534253341666625334166653132253341333435362532356574683026726566353d302672", "desthost": "172.234.222.138", "destport": "80" , "fd": "50"} }
W/dalvikvm( 1052): DroidBox: { "FdAccess": { "path": "2f70726f632f313035322f6e65742f69665f696e657436", "id": "1953435425" } }
I/Choreographer( 1052): Skipped 60 frames!  The application may be doing too much work on its main thread.
W/DroidBox( 1052): DroidBox: { "FileRW": { "operation": "read", "data": "00000000000000000000000000000000000000000000000000000000000000000000000000000000000000000000000000000000000000000000000000000000000000000000000000000000000000000000000000000000000000000000000000000000", "id": "1953435425" } }
E/WVMExtractor(   61): Failed to open libwvm.so
W/DroidBox( 1052): DroidBox: { "OpenNet": { "desthost": "172.234.222.138", "destport": "80", "fd": "56" } }
W/dalvikvm( 1034): DroidBox: { "FdAccess": { "path": "2f6465762f696e7075742f6576656e7430", "id": "2079921388" } }
W/DroidBox( 1034): DroidBox: { "FileRW": { "operation": "write", "data": "7f060000efbfbd3901000500000001000000", "id": "2079921388" } }
W/DroidBox( 1052): DroidBox: { "OpenNet": { "desthost": "172.234.222.138", "destport": "80", "fd": "57" } }
I/ActivityManager(  227): START {act=android.intent.action.MAIN cat=[android.intent.category.LAUNCHER] flg=0x10200000 cmp=com.lion.dabikeridersuperone/com.snow.cristmas.Main u=0} from pid 1034
W/DroidBox( 1052): DroidBox: { "SendNet": { "operation": "send", "data": "504f5354202f73686f775f6170705f69636f6e2e636f6e663f2673656374696f6e5f69643d383438353639353431266170705f69643d6e756c6c2669636f6e5f646973706c617965645f636f756e743d3020485454502f312e310d0a436f6e74656e742d", "desthost": "172.234.222.138", "destport": "80" , "fd": "57"} }
W/DroidBox( 1052): DroidBox: { "DataLeak": { "sink": "Network", "operation": "send", "tag": "0x408", "data": "726566313d3632616633313232643937653365343526726566323d342e312e3126726566333d416e64726f696426726566343d6665383025334125334135303534253341666625334166653132253341333435362532356574683026726566353d302672", "desthost": "172.234.222.138", "destport": "80" , "fd": "57"} }
I/System.out( 1096): java.net.UnknownHostException: Unable to resolve host "appnotify.forehandmedia.com": No address associated with hostname
I/MoolahNotificationService( 1096): registration failed
E/WVMExtractor(   61): Failed to open libwvm.so
I/Choreographer( 1052): Skipped 194 frames!  The application may be doing too much work on its main thread.
W/DroidBox( 1052): DroidBox: { "SendNet": { "operation": "send", "data": "504f5354202f73686f775f6e6f74696669636174696f6e3f2673656374696f6e5f69643d333938313035363632266170705f69643d6e756c6c26697465726174696f6e5f636f756e7465723d30266c61756e63685f747970653d417070266e6f74696669", "desthost": "172.234.222.138", "destport": "80" , "fd": "57"} }
I/Choreographer( 1052): Skipped 121 frames!  The application may be doing too much work on its main thread.
W/InputMethodManagerService(  227): Window already focused, ignoring focus gain of: com.android.internal.view.IInputMethodClient$Stub$Proxy@b42b6bb8 attribute=null
W/DroidBox( 1052): DroidBox: { "DataLeak": { "sink": "Network", "operation": "send", "tag": "0x408", "data": "726566313d3632616633313232643937653365343526726566323d342e312e3126726566333d416e64726f696426726566343d6665383025334125334135303534253341666625334166653132253341333435362532356574683026726566353d302672", "desthost": "172.234.222.138", "destport": "80" , "fd": "58"} }
E/WVMExtractor(   61): Failed to open libwvm.so
E/WVMExtractor(   61): Failed to open libwvm.so
I/InputDispatcher(  227): Window 'Window{b416f558 com.lion.dabikeridersuperone/com.snow.cristmas.Ads paused=false}' spent 2421.5ms processing the last input event: MotionEvent(action=0, deviceId=0, source=0x00001002)
I/InputDispatcher(  227): Window 'Window{b416f558 com.lion.dabikeridersuperone/com.snow.cristmas.Ads paused=false}' spent 2421.0ms processing the last input event: MotionEvent(action=1, deviceId=0, source=0x00001002)
I/InputDispatcher(  227): Window 'Window{b416f558 com.lion.dabikeridersuperone/com.snow.cristmas.Ads paused=false}' spent 2395.5ms processing the last input event: MotionEvent(action=0, deviceId=0, source=0x00001002)
I/InputDispatcher(  227): Window 'Window{b416f558 com.lion.dabikeridersuperone/com.snow.cristmas.Ads paused=false}' spent 2353.9ms processing the last input event: MotionEvent(action=1, deviceId=0, source=0x00001002)
W/DroidBox( 1052): DroidBox: { "OpenNet": { "desthost": "172.234.222.138", "destport": "80", "fd": "63" } }
W/dalvikvm( 1096): DroidBox: { "FdAccess": { "path": "2f646174612f646174612f636f6d2e6c696f6e2e646162696b65726964657273757065726f6e652f7368617265645f70726566732f6e6f7469665f70726566732e786d6c", "id": "1419624617" } }
W/DroidBox( 1052): DroidBox: { "OpenNet": { "desthost": "172.234.222.138", "destport": "80", "fd": "65" } }
W/DroidBox( 1096): DroidBox: { "FileRW": { "operation": "write", "data": "3c3f786d6c2076657273696f6e3d27312e302720656e636f64696e673d277574662d3827207374616e64616c6f6e653d2779657327203f3e0a3c6d61703e0a3c737472696e67206e616d653d226e6f7469665f736967223e363565656434656137386431", "id": "1419624617" } }
W/DroidBox( 1052): DroidBox: { "OpenNet": { "desthost": "172.234.222.138", "destport": "80", "fd": "65" } }
I/ActivityManager(  227): No longer want com.android.contacts (pid 701): hidden #16
E/WVMExtractor(   61): Failed to open libwvm.so
W/DroidBox( 1052): DroidBox: { "SendNet": { "operation": "send", "data": "504f5354202f73686f775f6170702e636f6e663f2673656374696f6e5f69643d333830393935303237266170705f69643d6e756c6c20485454502f312e310d0a436f6e74656e742d4c656e6774683a203330350d0a436f6e74656e742d547970653a2061", "desthost": "172.234.222.138", "destport": "80" , "fd": "65"} }
E/WVMExtractor(   61): Failed to open libwvm.so
W/DroidBox( 1052): DroidBox: { "SendNet": { "operation": "send", "data": "504f5354202f73686f775f6170705f69636f6e2e636f6e663f2673656374696f6e5f69643d383438353639353431266170705f69643d6e756c6c2669636f6e5f646973706c617965645f636f756e743d3020485454502f312e310d0a436f6e74656e742d", "desthost": "172.234.222.138", "destport": "80" , "fd": "65"} }
W/DroidBox( 1052): DroidBox: { "DataLeak": { "sink": "Network", "operation": "send", "tag": "0x408", "data": "726566313d3632616633313232643937653365343526726566323d342e312e3126726566333d416e64726f696426726566343d6665383025334125334135303534253341666625334166653132253341333435362532356574683026726566353d302672", "desthost": "172.234.222.138", "destport": "80" , "fd": "65"} }
W/DroidBox( 1052): DroidBox: { "DataLeak": { "sink": "Network", "operation": "send", "tag": "0x408", "data": "726566313d3632616633313232643937653365343526726566323d342e312e3126726566333d416e64726f696426726566343d6665383025334125334135303534253341666625334166653132253341333435362532356574683026726566353d302672", "desthost": "172.234.222.138", "destport": "80" , "fd": "65"} }
W/DroidBox( 1052): DroidBox: { "SendNet": { "operation": "send", "data": "504f5354202f73686f775f6e6f74696669636174696f6e3f2673656374696f6e5f69643d333938313035363632266170705f69643d6e756c6c26697465726174696f6e5f636f756e7465723d30266c61756e63685f747970653d417070266e6f74696669", "desthost": "172.234.222.138", "destport": "80" , "fd": "65"} }
W/DroidBox( 1052): DroidBox: { "DataLeak": { "sink": "Network", "operation": "send", "tag": "0x408", "data": "726566313d3632616633313232643937653365343526726566323d342e312e3126726566333d416e64726f696426726566343d6665383025334125334135303534253341666625334166653132253341333435362532356574683026726566353d302672", "desthost": "172.234.222.138", "destport": "80" , "fd": "65"} }
E/WVMExtractor(   61): Failed to open libwvm.so
D/InputEventConsistencyVerifier( 1052): TrackballEvent: Trackball is down but pressure is not greater than 0.
D/InputEventConsistencyVerifier( 1052):   in android.view.ViewRootImpl@b3e25c98
D/InputEventConsistencyVerifier( 1052):   0: sent at 126248000000, MotionEvent { action=ACTION_DOWN, id[0]=0, x[0]=0.0, y[0]=0.0, toolType[0]=TOOL_TYPE_UNKNOWN, buttonState=0, metaState=0, flags=0x0, edgeFlags=0x0, pointerCount=1, historySize=0, eventTime=126248, downTime=126063, deviceId=0, source=0x10004 }
D/InputEventConsistencyVerifier( 1052):   -- recent events --
D/InputEventConsistencyVerifier( 1052):   1: sent at 126387000000, KeyEvent { action=ACTION_UP, keyCode=KEYCODE_DPAD_LEFT, scanCode=0, metaState=0, flags=0x400, repeatCount=0, eventTime=126387, downTime=126387, deviceId=-1, source=0x101 }
D/InputEventConsistencyVerifier( 1052):   2: sent at 126387000000, KeyEvent { action=ACTION_DOWN, keyCode=KEYCODE_DPAD_LEFT, scanCode=0, metaState=0, flags=0x400, repeatCount=0, eventTime=126387, downTime=126387, deviceId=-1, source=0x101 }
D/InputEventConsistencyVerifier( 1052):   3: sent at 126382000000, KeyEvent { action=ACTION_UP, keyCode=KEYCODE_DPAD_LEFT, scanCode=0, metaState=0, flags=0x400, repeatCount=0, eventTime=126382, downTime=126382, deviceId=-1, source=0x101 }
D/InputEventConsistencyVerifier( 1052):   4: sent at 126382000000, KeyEvent { action=ACTION_DOWN, keyCode=KEYCODE_DPAD_LEFT, scanCode=0, metaState=0, flags=0x400, repeatCount=0, eventTime=126382, downTime=126382, deviceId=-1, source=0x101 }
D/InputEventConsistencyVerifier( 1052):   5: sent at 126211000000, MotionEvent { action=ACTION_MOVE, id[0]=0, x[0]=-2.0, y[0]=0.0, toolType[0]=TOOL_TYPE_UNKNOWN, buttonState=0, metaState=0, flags=0x0, edgeFlags=0x0, pointerCount=1, historySize=19, eventTime=126211, downTime=-1, deviceId=0, source=0x10004 }
W/dalvikvm(  420): DroidBox: { "FdAccess": { "path": "2f70726f632f6d656d696e666f", "id": "1580473551" } }
W/DroidBox(  420): DroidBox: { "FileRW": { "operation": "read", "data": "4d656d546f74616c3a202020202020202020373438393634206b420a4d656d467265653a20202020202020202020343535363238206b420a427566666572733a20202020202020202020202035343834206b420a4361636865643a202020202020202020", "id": "1580473551" } }
W/dalvikvm(  420): DroidBox: { "FdAccess": { "path": "2f70726f632f6d656d696e666f", "id": "148338711" } }
W/DroidBox(  420): DroidBox: { "FileRW": { "operation": "read", "data": "4d656d546f74616c3a202020202020202020373438393634206b420a4d656d467265653a20202020202020202020343535363238206b420a427566666572733a20202020202020202020202035343834206b420a4361636865643a202020202020202020", "id": "148338711" } }
I/Choreographer( 1052): Skipped 32 frames!  The application may be doing too much work on its main thread.
D/InputEventConsistencyVerifier(  420): KeyEvent: ACTION_UP but key was not down.
D/InputEventConsistencyVerifier(  420):   in android.widget.FrameLayout@b3e313d0
D/InputEventConsistencyVerifier(  420):   0: sent at 126803000000, KeyEvent { action=ACTION_UP, keyCode=KEYCODE_DPAD_DOWN, scanCode=0, metaState=0, flags=0x8, repeatCount=0, eventTime=126803, downTime=126803, deviceId=-1, source=0x101 }
W/dalvikvm(  420): DroidBox: { "FdAccess": { "path": "2f70726f632f6d656d696e666f", "id": "1376248513" } }
W/DroidBox(  420): DroidBox: { "FileRW": { "operation": "read", "data": "4d656d546f74616c3a202020202020202020373438393634206b420a4d656d467265653a20202020202020202020343534303136206b420a427566666572733a20202020202020202020202035343834206b420a4361636865643a202020202020202020", "id": "1376248513" } }
I/Choreographer(  420): Skipped 165 frames!  The application may be doing too much work on its main thread.
W/dalvikvm(  420): DroidBox: { "FdAccess": { "path": "2f70726f632f6d656d696e666f", "id": "1904009168" } }
W/DroidBox(  420): DroidBox: { "FileRW": { "operation": "read", "data": "4d656d546f74616c3a202020202020202020373438393634206b420a4d656d467265653a20202020202020202020343533373638206b420a427566666572733a20202020202020202020202035343834206b420a4361636865643a202020202020202020", "id": "1904009168" } }
D/InputEventConsistencyVerifier(  420): KeyEvent: ACTION_UP but key was not down.
D/InputEventConsistencyVerifier(  420):   in com.android.systemui.statusbar.phone.StatusBarWindowView@b3e62248
D/InputEventConsistencyVerifier(  420):   0: sent at 127442000000, KeyEvent { action=ACTION_UP, keyCode=KEYCODE_DPAD_UP, scanCode=0, metaState=0, flags=0x8, repeatCount=0, eventTime=127442, downTime=127442, deviceId=-1, source=0x101 }
D/InputEventConsistencyVerifier(  420):   -- recent events --
D/InputEventConsistencyVerifier(  420):   1: sent at 127379000000, (unhandled) KeyEvent { action=ACTION_UP, keyCode=KEYCODE_CAMERA, scanCode=0, metaState=0, flags=0x8, repeatCount=0, eventTime=127379, downTime=127379, deviceId=-1, source=0x101 }
D/InputEventConsistencyVerifier(  420):   2: sent at 127370000000, (unhandled) KeyEvent { action=ACTION_DOWN, keyCode=KEYCODE_CAMERA, scanCode=0, metaState=0, flags=0x8, repeatCount=0, eventTime=127370, downTime=127370, deviceId=-1, source=0x101 }
D/InputEventConsistencyVerifier(  420):   3: sent at 127365000000, MotionEvent { action=ACTION_UP, id[0]=0, x[0]=249.0, y[0]=401.0, toolType[0]=TOOL_TYPE_UNKNOWN, buttonState=0, metaState=0, flags=0x0, edgeFlags=0x0, pointerCount=1, historySize=0, eventTime=127365, downTime=127357, deviceId=0, source=0x1002 }
D/InputEventConsistencyVerifier(  420):   4: sent at 127358000000, MotionEvent { action=ACTION_DOWN, id[0]=0, x[0]=252.0, y[0]=407.0, toolType[0]=TOOL_TYPE_UNKNOWN, buttonState=0, metaState=0, flags=0x0, edgeFlags=0x0, pointerCount=1, historySize=0, eventTime=127358, downTime=127357, deviceId=0, source=0x1002 }
D/InputEventConsistencyVerifier(  420):   5: sent at 127349000000, (unhandled) KeyEvent { action=ACTION_UP, keyCode=KEYCODE_DPAD_LEFT, scanCode=0, metaState=0, flags=0x8, repeatCount=0, eventTime=127349, downTime=127349, deviceId=-1, source=0x101 }
V/PhoneStatusBar(  420): setLightsOn(true)
I/Choreographer(  420): Skipped 34 frames!  The application may be doing too much work on its main thread.
W/dalvikvm(  420): DroidBox: { "FdAccess": { "path": "2f70726f632f6d656d696e666f", "id": "1480022943" } }
D/PhoneStatusBar(  420): disable: < expand icons alerts TICKER* system_info back home recent clock >
W/DroidBox(  420): DroidBox: { "FileRW": { "operation": "read", "data": "4d656d546f74616c3a202020202020202020373438393634206b420a4d656d467265653a20202020202020202020343532303332206b420a427566666572733a20202020202020202020202035353030206b420a4361636865643a202020202020202020", "id": "1480022943" } }
W/dalvikvm(  420): DroidBox: { "FdAccess": { "path": "2f70726f632f6d656d696e666f", "id": "1730842754" } }
W/DroidBox(  420): DroidBox: { "FileRW": { "operation": "read", "data": "4d656d546f74616c3a202020202020202020373438393634206b420a4d656d467265653a20202020202020202020343530353434206b420a427566666572733a20202020202020202020202035353030206b420a4361636865643a202020202020202020", "id": "1730842754" } }
D/InputEventConsistencyVerifier(  420): TouchEvent: ACTION_DOWN but pointers are already down.  Probably missing ACTION_UP from previous gesture.
D/InputEventConsistencyVerifier(  420):   in android.view.ScaleGestureDetector@b3f01e78
D/InputEventConsistencyVerifier(  420):   0: sent at 127587000000, MotionEvent { action=ACTION_DOWN, id[0]=0, x[0]=162.0, y[0]=700.0, toolType[0]=TOOL_TYPE_UNKNOWN, buttonState=0, metaState=0, flags=0x0, edgeFlags=0x0, pointerCount=1, historySize=0, eventTime=127587, downTime=127540, deviceId=0, source=0x1002 }
D/InputEventConsistencyVerifier(  420):   -- recent events --
D/InputEventConsistencyVerifier(  420):   1: sent at 127358000000, MotionEvent { action=ACTION_DOWN, id[0]=0, x[0]=252.0, y[0]=407.0, toolType[0]=TOOL_TYPE_UNKNOWN, buttonState=0, metaState=0, flags=0x0, edgeFlags=0x0, pointerCount=1, historySize=0, eventTime=127358, downTime=127357, deviceId=0, source=0x1002 }
