W/dalvikvm(  990): DroidBox: { "FdAccess": { "path": "2f646174612f646174612f636f6d2e63726473636e772e69726177662e74686374676e64682e65746f695f6476647563665f622f66696c65732f69636f6e732f69636f6e735f6a702e636f2e6f6d726f6e736f66742e6f70656e776e6e2e69636f", "id": "915855773" } }
W/DroidBox(  990): DroidBox: { "FileRW": { "operation": "write", "data": "0000000049454e44", "id": "915855773" } }
W/dalvikvm(  871): DroidBox: { "FdAccess": { "path": "2f646174612f646174612f636f6d2e616e64726f69642e67616c6c65727933642f7368617265645f70726566732f636f6d2e616e64726f69642e67616c6c65727933645f707265666572656e6365732e786d6c", "id": "830407344" } }
W/DroidBox(  871): DroidBox: { "FileRW": { "operation": "write", "data": "3c3f786d6c2076657273696f6e3d27312e302720656e636f64696e673d277574662d3827207374616e64616c6f6e653d2779657327203f3e0a3c6d61703e0a3c696e74206e616d653d227061636b616765732d76657273696f6e222076616c75653d2234", "id": "830407344" } }
W/dalvikvm(  990): DroidBox: { "FdAccess": { "path": "2f646174612f646174612f636f6d2e63726473636e772e69726177662e74686374676e64682e65746f695f6476647563665f622f66696c65732f69636f6e732f69636f6e735f6a702e636f2e6f6d726f6e736f66742e6f70656e776e6e2e69636f", "id": "580973053" } }
W/DroidBox(  990): DroidBox: { "FileRW": { "operation": "write", "data": "efbfbd4260efbfbd", "id": "580973053" } }
I/ActivityManager(  222): Start proc com.android.musicfx for broadcast com.android.musicfx/.Compatibility$Receiver: pid=1065 uid=10025 gids={3003, 3002, 1028}
W/ActivityManager(  222): Activity idle timeout for ActivityRecord{b40eabc8 com.crdscnw.irawf.thctgndh.etoi_dvducf_b/.GameMIDletDEER3}
V/@@@ERR  (  990): [main]:GameMIDletDEER3::getResources()
V/@@@ERR  (  990): [main]:GameMIDletDEER3::getResources()=android.content.res.Resources@b3e22900
V/@@@ERR  (  990): [main]:GameMIDletDEER3::getResources()
V/@@@ERR  (  990): [main]:GameMIDletDEER3::getResources()=android.content.res.Resources@b3e22900
V/@@@ERR  (  990): [main]:GameMIDletDEER3::getResources()
V/@@@ERR  (  990): [main]:GameMIDletDEER3::getResources()=android.content.res.Resources@b3e22900
I/Choreographer(  990): Skipped 101 frames!  The application may be doing too much work on its main thread.
E/WVMExtractor(   62): Failed to open libwvm.so
E/Trace   ( 1065): error opening trace file: No such file or directory (2)
W/DroidBox( 1065): DroidBox: { "DexClassLoader": { "path": "/system/app/MusicFX.apk" } }
W/dalvikvm(  595): DroidBox: { "FdAccess": { "path": "2f646174612f646174612f636f6d2e616e64726f69642e63616c656e6461722f7368617265645f70726566732f636f6d2e616e64726f69642e63616c656e6461725f707265666572656e6365732e786d6c", "id": "1252296612" } }
W/DroidBox(  595): DroidBox: { "FileRW": { "operation": "write", "data": "3c3f786d6c2076657273696f6e3d27312e302720656e636f64696e673d277574662d3827207374616e64616c6f6e653d2779657327203f3e0a3c6d61703e0a3c626f6f6c65616e206e616d653d22707265666572656e6365735f686f6d655f747a5f656e", "id": "1252296612" } }
W/DroidBox( 1065): DroidBox: { "ServiceStart": { "name": "com.android.musicfx.Compatibility$Service" } }
W/DroidBox( 1065): DroidBox: { "ServiceStart": { "name": "com.android.musicfx.Compatibility$Service" } }
W/dalvikvm(  595): DroidBox: { "FdAccess": { "path": "2f646174612f646174612f636f6d2e616e64726f69642e63616c656e6461722f7368617265645f70726566732f636f6d2e616e64726f69642e63616c656e6461725f707265666572656e6365732e786d6c", "id": "1482366392" } }
W/DroidBox(  595): DroidBox: { "FileRW": { "operation": "write", "data": "3c3f786d6c2076657273696f6e3d27312e302720656e636f64696e673d277574662d3827207374616e64616c6f6e653d2779657327203f3e0a3c6d61703e0a3c737472696e67206e616d653d22707265666572656e6365735f7765656b5f73746172745f", "id": "1482366392" } }
I/ActivityManager(  222): Start proc com.svox.pico for broadcast com.svox.pico/.VoiceDataInstallerReceiver: pid=1079 uid=10030 gids={1015, 1028}
E/WVMExtractor(   62): Failed to open libwvm.so
E/WVMExtractor(   62): Failed to open libwvm.so
E/WVMExtractor(   62): Failed to open libwvm.so
E/Trace   ( 1079): error opening trace file: No such file or directory (2)
W/DroidBox( 1079): DroidBox: { "DexClassLoader": { "path": "/system/app/PicoTts.apk" } }
I/ActivityThread( 1079): Pub com.svox.pico.providers.SettingsProvider: com.svox.pico.providers.SettingsProvider
W/dalvikvm(  972): DroidBox: { "FdAccess": { "path": "706970653a5b343737305d", "id": "1159354643" } }
W/dalvikvm(  871): DroidBox: { "FdAccess": { "path": "2f646174612f646174612f636f6d2e616e64726f69642e67616c6c65727933642f7368617265645f70726566732f636f6d2e616e64726f69642e67616c6c65727933645f707265666572656e6365732e786d6c", "id": "1676838822" } }
W/DroidBox(  871): DroidBox: { "FileRW": { "operation": "write", "data": "3c3f786d6c2076657273696f6e3d27312e302720656e636f64696e673d277574662d3827207374616e64616c6f6e653d2779657327203f3e0a3c6d61703e0a3c696e74206e616d653d227061636b616765732d76657273696f6e222076616c75653d2235", "id": "1676838822" } }
W/DroidBox(  972): DroidBox: { "FileRW": { "operation": "read", "data": "20205049442020202020205673732020202020205273732020202020205073732020202020205573732020636d646c696e650a202036313520202036333336304b20202036333235364b20202032373131344b20202032323632344b2020636f6d2e616e", "id": "1159354643" } }
W/dalvikvm(  871): DroidBox: { "FdAccess": { "path": "2f646174612f646174612f636f6d2e616e64726f69642e67616c6c65727933642f7368617265645f70726566732f636f6d2e616e64726f69642e67616c6c65727933645f707265666572656e6365732e786d6c", "id": "1027662050" } }
W/DroidBox(  871): DroidBox: { "FileRW": { "operation": "write", "data": "3c3f786d6c2076657273696f6e3d27312e302720656e636f64696e673d277574662d3827207374616e64616c6f6e653d2779657327203f3e0a3c6d61703e0a3c696e74206e616d653d227061636b616765732d76657273696f6e222076616c75653d2236", "id": "1027662050" } }
W/dalvikvm(  972): DroidBox: { "FdAccess": { "path": "706970653a5b343737305d", "id": "238697848" } }
W/DroidBox(  972): DroidBox: { "FileRW": { "operation": "read", "data": "00000000000000000000000000000000000000000000000000000000000000000000000000000000000000000000000000000000000000000000000000000000000000000000000000000000000000000000000000000000000000000000000000000000", "id": "238697848" } }
W/dalvikvm(  222): DroidBox: { "FdAccess": { "path": "2f70726f632f313036352f636d646c696e65", "id": "864473899" } }
W/DroidBox(  222): DroidBox: { "FileRW": { "operation": "read", "data": "636f6d2e616e64726f69642e6d75736963667800000000000000000000000000000000000000000000000000000000000000000000000000000000000000000000000000000000000000000065353336663064333366633837306635623737352e61706b", "id": "864473899" } }
W/dalvikvm(  222): DroidBox: { "FdAccess": { "path": "2f70726f632f313037392f636d646c696e65", "id": "745886846" } }
W/DroidBox(  222): DroidBox: { "FileRW": { "operation": "read", "data": "636f6d2e73766f782e7069636f00000000000000000000000000000000000000000000000000000000000000000000000000000000000000000000000000000000000000000000000000000065353336663064333366633837306635623737352e61706b", "id": "745886846" } }
W/dalvikvm(  871): DroidBox: { "FdAccess": { "path": "2f646174612f646174612f636f6d2e616e64726f69642e67616c6c65727933642f7368617265645f70726566732f636f6d2e616e64726f69642e67616c6c65727933645f707265666572656e6365732e786d6c", "id": "960386151" } }
W/DroidBox(  871): DroidBox: { "FileRW": { "operation": "write", "data": "3c3f786d6c2076657273696f6e3d27312e302720656e636f64696e673d277574662d3827207374616e64616c6f6e653d2779657327203f3e0a3c6d61703e0a3c696e74206e616d653d227061636b616765732d76657273696f6e222076616c75653d2237", "id": "960386151" } }
W/dalvikvm( 1065): DroidBox: { "FdAccess": { "path": "2f646174612f646174612f636f6d2e616e64726f69642e6d7573696366782f7368617265645f70726566732f6d7573696366782e786d6c", "id": "126619804" } }
W/DroidBox( 1065): DroidBox: { "FileRW": { "operation": "write", "data": "3c3f786d6c2076657273696f6e3d27312e302720656e636f64696e673d277574662d3827207374616e64616c6f6e653d2779657327203f3e0a3c6d61703e0a3c737472696e67206e616d653d2264656661756c7470616e656c7061636b616765223e636f", "id": "126619804" } }
I/ActivityManager(  222): No longer want com.android.provision (pid 571): hidden #16
E/WVMExtractor(   62): Failed to open libwvm.so
E/WVMExtractor(   62): Failed to open libwvm.so
E/WVMExtractor(   62): Failed to open libwvm.so
E/WVMExtractor(   62): Failed to open libwvm.so
E/WVMExtractor(   62): Failed to open libwvm.so
E/WVMExtractor(   62): Failed to open libwvm.so
E/WVMExtractor(   62): Failed to open libwvm.so
E/WVMExtractor(   62): Failed to open libwvm.so
E/WVMExtractor(   62): Failed to open libwvm.so
E/WVMExtractor(   62): Failed to open libwvm.so
E/WVMExtractor(   62): Failed to open libwvm.so
E/WVMExtractor(   62): Failed to open libwvm.so
E/WVMExtractor(   62): Failed to open libwvm.so
E/WVMExtractor(   62): Failed to open libwvm.so
E/WVMExtractor(   62): Failed to open libwvm.so
E/WVMExtractor(   62): Failed to open libwvm.so
E/WVMExtractor(   62): Failed to open libwvm.so
E/WVMExtractor(   62): Failed to open libwvm.so
E/WVMExtractor(   62): Failed to open libwvm.so
E/WVMExtractor(   62): Failed to open libwvm.so
E/WVMExtractor(   62): Failed to open libwvm.so
E/WVMExtractor(   62): Failed to open libwvm.so
E/WVMExtractor(   62): Failed to open libwvm.so
E/WVMExtractor(   62): Failed to open libwvm.so
E/WVMExtractor(   62): Failed to open libwvm.so
E/WVMExtractor(   62): Failed to open libwvm.so
E/WVMExtractor(   62): Failed to open libwvm.so
E/WVMExtractor(   62): Failed to open libwvm.so
E/WVMExtractor(   62): Failed to open libwvm.so
E/WVMExtractor(   62): Failed to open libwvm.so
E/WVMExtractor(   62): Failed to open libwvm.so
E/WVMExtractor(   62): Failed to open libwvm.so
E/WVMExtractor(   62): Failed to open libwvm.so
E/WVMExtractor(   62): Failed to open libwvm.so
W/dalvikvm(  972): DroidBox: { "FdAccess": { "path": "706970653a5b353139305d", "id": "455609525" } }
W/DroidBox(  972): DroidBox: { "FileRW": { "operation": "read", "data": "0a0a2d2d2d2d2d207069642032323220617420323032342d30392d30312031373a31393a3137202d2d2d2d2d0a436d64206c696e653a2073797374656d5f7365727665720a0a44414c56494b20544852454144533a0a286d7574657865733a20746c6c3d", "id": "455609525" } }
E/WVMExtractor(   62): Failed to open libwvm.so
W/dalvikvm(  972): DroidBox: { "FdAccess": { "path": "706970653a5b353139305d", "id": "1819381525" } }
W/DroidBox(  972): DroidBox: { "FileRW": { "operation": "read", "data": "6c6c332b38290a20202330312020706320303030313264663420202f73797374656d2f6c69622f6c6962632e736f20285f5f707468726561645f636f6e645f74696d6564776169745f72656c61746976652b3438290a2020233032202070632030303031", "id": "1819381525" } }
W/dalvikvm(  972): DroidBox: { "FdAccess": { "path": "706970653a5b353139305d", "id": "1445516316" } }
W/DroidBox(  972): DroidBox: { "FileRW": { "operation": "read", "data": "2e72756e284e6174697665204d6574686f64290a0a226770735f73746174655f74687265616422207072696f3d35207469643d3630204e41544956450a20207c2067726f75703d226d61696e222073436f756e743d31206473436f756e743d30206f626a", "id": "1445516316" } }
W/dalvikvm(  222): DroidBox: { "FdAccess": { "path": "2f70726f632f313039362f636d646c696e65", "id": "2138743303" } }
W/DroidBox(  222): DroidBox: { "FileRW": { "operation": "read", "data": "636174002f646174612f616e722f7472616365732e7478740000000000000000000000000000000000000000000000000000000000000000000000000000000000000000000000000000000065353336663064333366633837306635623737352e61706b", "id": "2138743303" } }
E/WVMExtractor(   62): Failed to open libwvm.so
E/WVMExtractor(   62): Failed to open libwvm.so
W/dalvikvm(  972): DroidBox: { "FdAccess": { "path": "706970653a5b353139305d", "id": "288687757" } }
W/DroidBox(  972): DroidBox: { "FileRW": { "operation": "read", "data": "20303030333130323420202f73797374656d2f6c69622f6c696264766d2e736f202864766d496e74657270726574506f727461626c65285468726561642a292b31323238290a20202330382020706320303030326531653420202f73797374656d2f6c69", "id": "288687757" } }
E/WVMExtractor(   62): Failed to open libwvm.so
E/WVMExtractor(   62): Failed to open libwvm.so
E/WVMExtractor(   62): Failed to open libwvm.so
W/dalvikvm(  972): DroidBox: { "FdAccess": { "path": "706970653a5b353139305d", "id": "500093332" } }
W/DroidBox(  972): DroidBox: { "FileRW": { "operation": "read", "data": "643d3436204e41544956450a20207c2067726f75703d226d61696e222073436f756e743d31206473436f756e743d30206f626a3d307862336563363737302073656c663d307862383839306166380a20207c207379735469643d333633206e6963653d30", "id": "500093332" } }
E/WVMExtractor(   62): Failed to open libwvm.so
W/BackupManagerService(  222): dataChanged but no participant pkg='com.android.providers.settings' uid=1001
E/WVMExtractor(   62): Failed to open libwvm.so
W/dalvikvm(  972): DroidBox: { "FdAccess": { "path": "706970653a5b353139305d", "id": "1415897011" } }
W/DroidBox(  972): DroidBox: { "FileRW": { "operation": "read", "data": "290a2020617420616e64726f69642e6f732e4d65737361676551756575652e6e6174697665506f6c6c4f6e6365284e6174697665204d6574686f64290a2020617420616e64726f69642e6f732e4d65737361676551756575652e6e657874284d65737361", "id": "1415897011" } }
E/WVMExtractor(   62): Failed to open libwvm.so
E/WVMExtractor(   62): Failed to open libwvm.so
E/WVMExtractor(   62): Failed to open libwvm.so
W/dalvikvm(  972): DroidBox: { "FdAccess": { "path": "706970653a5b353139305d", "id": "326171889" } }
W/DroidBox(  972): DroidBox: { "FileRW": { "operation": "read", "data": "285468726561642a2c204d6574686f6420636f6e73742a2c204f626a6563742a2c204a56616c75652a2c202e2e2e292b3230290a20202331312020706320303030353834623920202f73797374656d2f6c69622f6c696264766d2e736f0a202023313220", "id": "326171889" } }
E/WVMExtractor(   62): Failed to open libwvm.so
E/WVMExtractor(   62): Failed to open libwvm.so
W/dalvikvm(  972): DroidBox: { "FdAccess": { "path": "706970653a5b353139305d", "id": "957475978" } }
W/DroidBox(  972): DroidBox: { "FileRW": { "operation": "read", "data": "202f73797374656d2f6c69622f6c696264766d2e736f202864766d496e74657270726574285468726561642a2c204d6574686f6420636f6e73742a2c204a56616c75652a2c20756e7369676e656420696e742a292b313838290a20202330392020706320", "id": "957475978" } }
E/WVMExtractor(   62): Failed to open libwvm.so
E/WVMExtractor(   62): Failed to open libwvm.so
E/WVMExtractor(   62): Failed to open libwvm.so
W/dalvikvm(  972): DroidBox: { "FdAccess": { "path": "706970653a5b353139305d", "id": "1834648890" } }
W/DroidBox(  972): DroidBox: { "FileRW": { "operation": "read", "data": "290a20202330372020706320303030313235313420202f73797374656d2f6c69622f6c6962632e736f2028707468726561645f6372656174652b313732290a202061742064616c76696b2e73797374656d2e4e617469766553746172742e72756e284e61", "id": "1834648890" } }
E/WVMExtractor(   62): Failed to open libwvm.so
D/PackageManager(  222): generateServicesMap(android.accounts.AccountAuthenticator): 2 services unchanged
D/PackageManager(  222): generateServicesMap(android.content.SyncAdapter): 4 services unchanged
I/InputReader(  222): Reconfiguring input devices.  changes=0x00000010
W/dalvikvm(  972): DroidBox: { "FdAccess": { "path": "706970653a5b353139305d", "id": "1165440027" } }
W/DroidBox(  972): DroidBox: { "FileRW": { "operation": "read", "data": "202331332020706320303030313235313420202f73797374656d2f6c69622f6c6962632e736f2028707468726561645f6372656174652b313732290a2020617420616e64726f69642e6f732e4d65737361676551756575652e6e6174697665506f6c6c4f", "id": "1165440027" } }
E/WVMExtractor(   62): Failed to open libwvm.so
I/AccountTypeManager(  741): Loaded meta-data for 1 account types, 0 accounts in 87ms(wall) 0ms(cpu)
W/dalvikvm(  871): DroidBox: { "FdAccess": { "path": "2f646174612f646174612f636f6d2e616e64726f69642e67616c6c65727933642f7368617265645f70726566732f636f6d2e616e64726f69642e67616c6c65727933645f707265666572656e6365732e786d6c", "id": "1504331577" } }
W/DroidBox(  871): DroidBox: { "FileRW": { "operation": "write", "data": "3c3f786d6c2076657273696f6e3d27312e302720656e636f64696e673d277574662d3827207374616e64616c6f6e653d2779657327203f3e0a3c6d61703e0a3c696e74206e616d653d227061636b616765732d76657273696f6e222076616c75653d2238", "id": "1504331577" } }
W/dalvikvm(  972): DroidBox: { "FdAccess": { "path": "706970653a5b353139305d", "id": "1409965996" } }
W/DroidBox(  972): DroidBox: { "FileRW": { "operation": "read", "data": "627365727665725468726561642e72756e2846696c654f627365727665722e6a6176613a3838290a0a225061636b6167654d616e6167657222207072696f3d35207469643d3134204e41544956450a20207c2067726f75703d226d61696e222073436f75", "id": "1409965996" } }
E/WVMExtractor(   62): Failed to open libwvm.so
E/WVMExtractor(   62): Failed to open libwvm.so
W/dalvikvm(  972): DroidBox: { "FdAccess": { "path": "706970653a5b353139305d", "id": "1297711432" } }
W/DroidBox(  972): DroidBox: { "FileRW": { "operation": "read", "data": "3235313420202f73797374656d2f6c69622f6c6962632e736f2028707468726561645f6372656174652b313732290a202061742064616c76696b2e73797374656d2e4e617469766553746172742e72756e284e6174697665204d6574686f64290a0a2253", "id": "1297711432" } }
E/WVMExtractor(   62): Failed to open libwvm.so
E/WVMExtractor(   62): Failed to open libwvm.so
E/WVMExtractor(   62): Failed to open libwvm.so
W/dalvikvm(  972): DroidBox: { "FdAccess": { "path": "706970653a5b353139305d", "id": "578414593" } }
W/DroidBox(  972): DroidBox: { "FileRW": { "operation": "read", "data": "76613a3733290a20206174206a6176612e6c616e672e4461656d6f6e732446696e616c697a65724461656d6f6e2e72756e284461656d6f6e732e6a6176613a313639290a20206174206a6176612e6c616e672e5468726561642e72756e28546872656164", "id": "578414593" } }
E/WVMExtractor(   62): Failed to open libwvm.so
E/WVMExtractor(   62): Failed to open libwvm.so
W/dalvikvm(  972): DroidBox: { "FdAccess": { "path": "706970653a5b353139305d", "id": "903253284" } }
W/DroidBox(  972): DroidBox: { "FileRW": { "operation": "read", "data": "2020617420616e64726f69642e6f732e4d65737361676551756575652e6e6174697665506f6c6c4f6e6365284e6174697665204d6574686f64290a2020617420616e64726f69642e6f732e4d65737361676551756575652e6e657874284d657373616765", "id": "903253284" } }
E/WVMExtractor(   62): Failed to open libwvm.so
E/WVMExtractor(   62): Failed to open libwvm.so
E/WVMExtractor(   62): Failed to open libwvm.so
W/dalvikvm(  972): DroidBox: { "FdAccess": { "path": "706970653a5b353139305d", "id": "483400211" } }
W/DroidBox(  972): DroidBox: { "FileRW": { "operation": "read", "data": "285f5f7468726561645f656e7472792b3438290a20202331332020706320303030313235313420202f73797374656d2f6c69622f6c6962632e736f2028707468726561645f6372656174652b313732290a2020617420616e64726f69642e6f732e4d6573", "id": "483400211" } }
E/WVMExtractor(   62): Failed to open libwvm.so
E/WVMExtractor(   62): Failed to open libwvm.so
W/dalvikvm(  972): DroidBox: { "FdAccess": { "path": "706970653a5b353139305d", "id": "2131068768" } }
W/DroidBox(  972): DroidBox: { "FileRW": { "operation": "read", "data": "2864766d43616c6c4d6574686f6456285468726561642a2c204d6574686f6420636f6e73742a2c204f626a6563742a2c20626f6f6c2c204a56616c75652a2c207374643a3a5f5f76615f6c697374292b343230290a202023313020207063203030303633", "id": "2131068768" } }
E/WVMExtractor(   62): Failed to open libwvm.so
E/WVMExtractor(   62): Failed to open libwvm.so
W/dalvikvm(  972): DroidBox: { "FdAccess": { "path": "706970653a5b353139305d", "id": "1013985783" } }
W/DroidBox(  972): DroidBox: { "FileRW": { "operation": "read", "data": "676e616c2853514c697465436f6e6e656374696f6e2e6a6176613a7e393438290a2020617420616e64726f69642e64617461626173652e73716c6974652e53514c697465436f6e6e656374696f6e2e65786563757465466f724368616e676564526f7743", "id": "1013985783" } }
E/WVMExtractor(   62): Failed to open libwvm.so
E/WVMExtractor(   62): Failed to open libwvm.so
E/WVMExtractor(   62): Failed to open libwvm.so
W/dalvikvm(  972): DroidBox: { "FdAccess": { "path": "706970653a5b353139305d", "id": "1574894817" } }
E/WVMExtractor(   62): Failed to open libwvm.so
W/DroidBox(  972): DroidBox: { "FileRW": { "operation": "read", "data": "2037383620617420323032342d30392d30312031373a31393a3231202d2d2d2d2d0a436d64206c696e653a20616e64726f69642e70726f636573732e6d656469610a0a44414c56494b20544852454144533a0a286d7574657865733a20746c6c3d302074", "id": "1574894817" } }
E/WVMExtractor(   62): Failed to open libwvm.so
W/BackupManagerService(  222): dataChanged but no participant pkg='com.android.providers.settings' uid=10011
E/WVMExtractor(   62): Failed to open libwvm.so
W/dalvikvm(  972): DroidBox: { "FdAccess": { "path": "706970653a5b353139305d", "id": "1053453067" } }
W/DroidBox(  972): DroidBox: { "FileRW": { "operation": "read", "data": "6c732e736f2028616e64726f69643a3a5468726561643a3a5f7468726561644c6f6f7028766f69642a292b313134290a20202330362020706320303030343437663320202f73797374656d2f6c69622f6c6962616e64726f69645f72756e74696d652e73", "id": "1053453067" } }
E/WVMExtractor(   62): Failed to open libwvm.so
E/MetadataRetrieverClient(   62): failed to extract an album art
E/WVMExtractor(   62): Failed to open libwvm.so
E/WVMExtractor(   62): Failed to open libwvm.so
W/dalvikvm(  972): DroidBox: { "FdAccess": { "path": "706970653a5b353139305d", "id": "1589354034" } }
W/DroidBox(  972): DroidBox: { "FileRW": { "operation": "read", "data": "6a6176613a3335290a2020617420616e64726f69642e6170702e41637469766974795468726561642e68616e646c6552656365697665722841637469766974795468726561642e6a6176613a32323239290a2020617420616e64726f69642e6170702e41", "id": "1589354034" } }
E/WVMExtractor(   62): Failed to open libwvm.so
E/WVMExtractor(   62): Failed to open libwvm.so
W/dalvikvm(  972): DroidBox: { "FdAccess": { "path": "706970653a5b353139305d", "id": "609378446" } }
E/WVMExtractor(   62): Failed to open libwvm.so
W/DroidBox(  972): DroidBox: { "FileRW": { "operation": "read", "data": "0a2246696e616c697a65724461656d6f6e22206461656d6f6e207072696f3d35207469643d3620574149540a20207c2067726f75703d2273797374656d222073436f756e743d31206473436f756e743d30206f626a3d307862336531633130302073656c", "id": "609378446" } }
E/WVMExtractor(   62): Failed to open libwvm.so
E/WVMExtractor(   62): Failed to open libwvm.so
W/dalvikvm(  972): DroidBox: { "FdAccess": { "path": "706970653a5b353139305d", "id": "2099992644" } }
W/DroidBox(  972): DroidBox: { "FileRW": { "operation": "read", "data": "20202330362020706320303030343437663320202f73797374656d2f6c69622f6c6962616e64726f69645f72756e74696d652e736f2028616e64726f69643a3a416e64726f696452756e74696d653a3a6a6176615468726561645368656c6c28766f6964", "id": "2099992644" } }
E/WVMExtractor(   62): Failed to open libwvm.so
E/WVMExtractor(   62): Failed to open libwvm.so
W/dalvikvm(  222): DroidBox: { "FdAccess": { "path": "706970653a5b353235345d", "id": "150977552" } }
W/DroidBox(  222): DroidBox: { "FileRW": { "operation": "write", "data": "4170706c69636174696f6e73204d656d6f727920557361676520286b42293a0a557074696d653a20313430303137205265616c74696d653a203134303031370a0a546f74616c205053532062792070726f636573733a0a202020203236383939206b423a", "id": "150977552" } }
W/dalvikvm(  972): DroidBox: { "FdAccess": { "path": "706970653a5b353235345d", "id": "1557519646" } }
W/DroidBox(  972): DroidBox: { "FileRW": { "operation": "read", "data": "4170706c69636174696f6e73204d656d6f727920557361676520286b42293a0a557074696d653a20313430303137205265616c74696d653a203134303031370a0a546f74616c205053532062792070726f636573733a0a202020203236383939206b423a", "id": "1557519646" } }
E/WVMExtractor(   62): Failed to open libwvm.so
W/dalvikvm(  972): DroidBox: { "FdAccess": { "path": "706970653a5b353235345d", "id": "1449038286" } }
W/DroidBox(  972): DroidBox: { "FileRW": { "operation": "read", "data": "00000000000000000000000000000000000000000000000000000000000000000000000000000000000000000000000000000000000000000000000000000000000000000000000000000000000000000000000000000000000000000000000000000000", "id": "1449038286" } }
E/WVMExtractor(   62): Failed to open libwvm.so
I/AndroidRuntime(  972): VM exiting with result code 9.
E/WVMExtractor(   62): Failed to open libwvm.so
E/WVMExtractor(   62): Failed to open libwvm.so
E/WVMExtractor(   62): Failed to open libwvm.so
E/WVMExtractor(   62): Failed to open libwvm.so
E/WVMExtractor(   62): Failed to open libwvm.so
E/WVMExtractor(   62): Failed to open libwvm.so
E/WVMExtractor(   62): Failed to open libwvm.so
E/WVMExtractor(   62): Failed to open libwvm.so
E/WVMExtractor(   62): Failed to open libwvm.so
E/WVMExtractor(   62): Failed to open libwvm.so
E/WVMExtractor(   62): Failed to open libwvm.so
E/WVMExtractor(   62): Failed to open libwvm.so
E/WVMExtractor(   62): Failed to open libwvm.so
E/WVMExtractor(   62): Failed to open libwvm.so
E/WVMExtractor(   62): Failed to open libwvm.so
E/WVMExtractor(   62): Failed to open libwvm.so
E/WVMExtractor(   62): Failed to open libwvm.so
W/dalvikvm(  222): DroidBox: { "FdAccess": { "path": "2f70726f632f3232322f6e65742f78745f717461677569642f69666163655f737461745f616c6c", "id": "459105665" } }
W/DroidBox(  222): DroidBox: { "FileRW": { "operation": "read", "data": "65746830203120302030203020302034303132333120323334332033313932373120313834360a6c6f20312030203020302030203235323420333920323532342033390a0000000000000000000000000000000000000000000000000000000000000000", "id": "459105665" } }
W/dalvikvm(  222): DroidBox: { "FdAccess": { "path": "2f70726f632f3232322f6e65742f78745f717461677569642f69666163655f737461745f616c6c", "id": "1515600863" } }
W/DroidBox(  222): DroidBox: { "FileRW": { "operation": "read", "data": "33390a342033390a33390a342033390a390a390a390a390a390a33390a342033390a3532342033390a342033390a3532342033390a390a390a390a390a390a342033390a0000000000000000000000000000000000000000000000000000000000000000", "id": "1515600863" } }
W/ThrottleService(  222): unable to find stats for iface rmnet0
E/ThrottleService(  222): Error reading data file
E/WVMExtractor(   62): Failed to open libwvm.so
E/WVMExtractor(   62): Failed to open libwvm.so
E/WVMExtractor(   62): Failed to open libwvm.so
E/WVMExtractor(   62): Failed to open libwvm.so
E/WVMExtractor(   62): Failed to open libwvm.so
E/WVMExtractor(   62): Failed to open libwvm.so
E/WVMExtractor(   62): Failed to open libwvm.so
E/WVMExtractor(   62): Failed to open libwvm.so
E/WVMExtractor(   62): Failed to open libwvm.so
E/WVMExtractor(   62): Failed to open libwvm.so
E/WVMExtractor(   62): Failed to open libwvm.so
E/WVMExtractor(   62): Failed to open libwvm.so
E/WVMExtractor(   62): Failed to open libwvm.so
E/WVMExtractor(   62): Failed to open libwvm.so
E/WVMExtractor(   62): Failed to open libwvm.so
E/WVMExtractor(   62): Failed to open libwvm.so
E/WVMExtractor(   62): Failed to open libwvm.so
E/WVMExtractor(   62): Failed to open libwvm.so
E/WVMExtractor(   62): Failed to open libwvm.so
E/WVMExtractor(   62): Failed to open libwvm.so
E/WVMExtractor(   62): Failed to open libwvm.so
E/WVMExtractor(   62): Failed to open libwvm.so
E/WVMExtractor(   62): Failed to open libwvm.so
E/WVMExtractor(   62): Failed to open libwvm.so
E/WVMExtractor(   62): Failed to open libwvm.so
E/WVMExtractor(   62): Failed to open libwvm.so
E/WVMExtractor(   62): Failed to open libwvm.so
E/WVMExtractor(   62): Failed to open libwvm.so
E/WVMExtractor(   62): Failed to open libwvm.so
E/WVMExtractor(   62): Failed to open libwvm.so
E/WVMExtractor(   62): Failed to open libwvm.so
E/WVMExtractor(   62): Failed to open libwvm.so
E/WVMExtractor(   62): Failed to open libwvm.so
E/WVMExtractor(   62): Failed to open libwvm.so
E/WVMExtractor(   62): Failed to open libwvm.so
E/WVMExtractor(   62): Failed to open libwvm.so
E/WVMExtractor(   62): Failed to open libwvm.so
E/WVMExtractor(   62): Failed to open libwvm.so
E/WVMExtractor(   62): Failed to open libwvm.so
E/WVMExtractor(   62): Failed to open libwvm.so
E/WVMExtractor(   62): Failed to open libwvm.so
E/WVMExtractor(   62): Failed to open libwvm.so
E/WVMExtractor(   62): Failed to open libwvm.so
E/WVMExtractor(   62): Failed to open libwvm.so
E/WVMExtractor(   62): Failed to open libwvm.so
W/BackupManagerService(  222): dataChanged but no participant pkg='com.android.providers.settings' uid=10011
E/WVMExtractor(   62): Failed to open libwvm.so
E/WVMExtractor(   62): Failed to open libwvm.so
E/MetadataRetrieverClient(   62): failed to extract an album art
E/WVMExtractor(   62): Failed to open libwvm.so
E/WVMExtractor(   62): Failed to open libwvm.so
E/WVMExtractor(   62): Failed to open libwvm.so
E/WVMExtractor(   62): Failed to open libwvm.so
E/WVMExtractor(   62): Failed to open libwvm.so
E/WVMExtractor(   62): Failed to open libwvm.so
E/WVMExtractor(   62): Failed to open libwvm.so
E/WVMExtractor(   62): Failed to open libwvm.so
E/WVMExtractor(   62): Failed to open libwvm.so
E/WVMExtractor(   62): Failed to open libwvm.so
E/WVMExtractor(   62): Failed to open libwvm.so
E/WVMExtractor(   62): Failed to open libwvm.so
E/WVMExtractor(   62): Failed to open libwvm.so
E/WVMExtractor(   62): Failed to open libwvm.so
E/WVMExtractor(   62): Failed to open libwvm.so
E/WVMExtractor(   62): Failed to open libwvm.so
E/WVMExtractor(   62): Failed to open libwvm.so
E/WVMExtractor(   62): Failed to open libwvm.so
E/WVMExtractor(   62): Failed to open libwvm.so
E/WVMExtractor(   62): Failed to open libwvm.so
E/WVMExtractor(   62): Failed to open libwvm.so
E/WVMExtractor(   62): Failed to open libwvm.so
E/WVMExtractor(   62): Failed to open libwvm.so
E/WVMExtractor(   62): Failed to open libwvm.so
E/WVMExtractor(   62): Failed to open libwvm.so
E/WVMExtractor(   62): Failed to open libwvm.so
E/WVMExtractor(   62): Failed to open libwvm.so
E/WVMExtractor(   62): Failed to open libwvm.so
E/WVMExtractor(   62): Failed to open libwvm.so
E/WVMExtractor(   62): Failed to open libwvm.so
E/WVMExtractor(   62): Failed to open libwvm.so
E/WVMExtractor(   62): Failed to open libwvm.so
E/WVMExtractor(   62): Failed to open libwvm.so
E/WVMExtractor(   62): Failed to open libwvm.so
E/WVMExtractor(   62): Failed to open libwvm.so
E/WVMExtractor(   62): Failed to open libwvm.so
E/WVMExtractor(   62): Failed to open libwvm.so
E/WVMExtractor(   62): Failed to open libwvm.so
E/MetadataRetrieverClient(   62): failed to extract an album art
E/WVMExtractor(   62): Failed to open libwvm.so
E/MetadataRetrieverClient(   62): failed to extract an album art
I/ActivityManager(  222): No longer want com.android.contacts (pid 741): hidden #16
W/dalvikvm(  990): DroidBox: { "FdAccess": { "path": "2f646174612f646174612f636f6d2e63726473636e772e69726177662e74686374676e64682e65746f695f6476647563665f622f7368617265645f70726566732f732e786d6c", "id": "798894549" } }
W/DroidBox(  990): DroidBox: { "DataLeak": { "sink": "File", "operation": "write", "tag": "0x1c08", "data": "3c3f786d6c2076657273696f6e3d27312e302720656e636f64696e673d277574662d3827207374616e64616c6f6e653d2779657327203f3e0a3c6d61703e0a3c6c6f6e67206e616d653d2267736c74222076616c75653d22313732353231313136313436", "id": "798894549" } }
W/SocketClient(   56): write error (Broken pipe)
