D/InputEventConsistencyVerifier(  230):   0: sent at 249575000000, KeyEvent { action=ACTION_UP, keyCode=KEYCODE_DPAD_DOWN, scanCode=0, metaState=0, flags=0x8, repeatCount=0, eventTime=249575, downTime=249575, deviceId=-1, source=0x101 }
D/InputEventConsistencyVerifier(  230):   -- recent events --
D/InputEventConsistencyVerifier(  230):   1: sent at 249216000000, (unhandled) KeyEvent { action=ACTION_UP, keyCode=KEYCODE_DPAD_CENTER, scanCode=0, metaState=0, flags=0x80000008, repeatCount=0, eventTime=249216, downTime=249216, deviceId=-1, source=0x101 }
D/InputEventConsistencyVerifier(  230):   2: sent at 249121000000, (unhandled) KeyEvent { action=ACTION_UP, keyCode=KEYCODE_BUTTON_6, scanCode=0, metaState=0, flags=0x80000008, repeatCount=0, eventTime=249121, downTime=249121, deviceId=-1, source=0x101 }
I/Choreographer(  230): Skipped 66 frames!  The application may be doing too much work on its main thread.
I/Choreographer(  230): Skipped 33 frames!  The application may be doing too much work on its main thread.
I/Choreographer( 1029): Skipped 45 frames!  The application may be doing too much work on its main thread.
D/InputEventConsistencyVerifier(  230): KeyEvent: ACTION_UP but key was not down.
D/InputEventConsistencyVerifier(  230):   in com.android.internal.policy.impl.PhoneWindow$DecorView@b4095588
D/InputEventConsistencyVerifier(  230):   0: sent at 250636000000, KeyEvent { action=ACTION_UP, keyCode=KEYCODE_DPAD_DOWN, scanCode=0, metaState=0, flags=0x400, repeatCount=0, eventTime=250636, downTime=250636, deviceId=-1, source=0x101 }
D/InputEventConsistencyVerifier(  230):   -- recent events --
D/InputEventConsistencyVerifier(  230):   1: sent at 250618000000, (unhandled) MotionEvent { action=ACTION_MOVE, id[0]=0, x[0]=-4.0, y[0]=4.0, toolType[0]=TOOL_TYPE_UNKNOWN, buttonState=0, metaState=0, flags=0x0, edgeFlags=0x0, pointerCount=1, historySize=1, eventTime=250618, downTime=-1, deviceId=0, source=0x10004 }
D/InputEventConsistencyVerifier(  230):   2: sent at 250586000000, (unhandled) KeyEvent { action=ACTION_UP, keyCode=KEYCODE_MENU, scanCode=0, metaState=0, flags=0x8, repeatCount=0, eventTime=250586, downTime=250586, deviceId=-1, source=0x101 }
D/InputEventConsistencyVerifier(  230):   3: sent at 250583000000, (unhandled) KeyEvent { action=ACTION_DOWN, keyCode=KEYCODE_MENU, scanCode=0, metaState=0, flags=0x8, repeatCount=0, eventTime=250583, downTime=250583, deviceId=-1, source=0x101 }
D/InputEventConsistencyVerifier(  230):   4: sent at 250566000000, (unhandled) KeyEvent { action=ACTION_UP, keyCode=KEYCODE_MENU, scanCode=0, metaState=0, flags=0x8, repeatCount=0, eventTime=250566, downTime=250566, deviceId=-1, source=0x101 }
D/InputEventConsistencyVerifier(  230):   5: sent at 250531000000, (unhandled) KeyEvent { action=ACTION_DOWN, keyCode=KEYCODE_MENU, scanCode=0, metaState=0, flags=0x8, repeatCount=0, eventTime=250531, downTime=250531, deviceId=-1, source=0x101 }
W/WindowManager(  230): Failure taking screenshot for (246x410) to layer 21010
D/PhoneStatusBar(  437): disable: < expand* icons alerts ticker system_info back home recent clock >
V/PhoneStatusBar(  437): setLightsOn(true)
W/InputMethodManagerService(  230): Window already focused, ignoring focus gain of: com.android.internal.view.IInputMethodClient$Stub$Proxy@b4226148 attribute=null
I/Choreographer( 1029): Skipped 46 frames!  The application may be doing too much work on its main thread.
I/Choreographer( 1029): Skipped 30 frames!  The application may be doing too much work on its main thread.
D/InputEventConsistencyVerifier( 1029): TrackballEvent: Trackball is down but pressure is not greater than 0.
D/InputEventConsistencyVerifier( 1029):   in android.view.ViewRootImpl@b3f2aaf0
D/InputEventConsistencyVerifier( 1029):   0: sent at 251537000000, MotionEvent { action=ACTION_DOWN, id[0]=0, x[0]=0.0, y[0]=0.0, toolType[0]=TOOL_TYPE_UNKNOWN, buttonState=0, metaState=0, flags=0x0, edgeFlags=0x0, pointerCount=1, historySize=0, eventTime=251537, downTime=251472, deviceId=0, source=0x10004 }
D/InputEventConsistencyVerifier( 1029):   -- recent events --
D/InputEventConsistencyVerifier( 1029):   1: sent at 251533000000, MotionEvent { action=ACTION_MOVE, id[0]=0, x[0]=-4.0, y[0]=2.0, toolType[0]=TOOL_TYPE_UNKNOWN, buttonState=0, metaState=0, flags=0x0, edgeFlags=0x0, pointerCount=1, historySize=14, eventTime=251533, downTime=-1, deviceId=0, source=0x10004 }
D/InputEventConsistencyVerifier( 1029):   2: sent at 251453000000, MotionEvent { action=ACTION_UP, id[0]=0, x[0]=333.0, y[0]=738.0, toolType[0]=TOOL_TYPE_UNKNOWN, buttonState=0, metaState=0, flags=0x0, edgeFlags=0x0, pointerCount=1, historySize=0, eventTime=251453, downTime=251442, deviceId=0, source=0x1002 }
D/InputEventConsistencyVerifier( 1029):   3: sent at 251442000000, MotionEvent { action=ACTION_DOWN, id[0]=0, x[0]=344.0, y[0]=725.0, toolType[0]=TOOL_TYPE_UNKNOWN, buttonState=0, metaState=0, flags=0x0, edgeFlags=0x0, pointerCount=1, historySize=0, eventTime=251442, downTime=251442, deviceId=0, source=0x1002 }
D/InputEventConsistencyVerifier( 1029):   4: sent at 251422000000, MotionEvent { action=ACTION_UP, id[0]=0, x[0]=190.0, y[0]=430.0, toolType[0]=TOOL_TYPE_UNKNOWN, buttonState=0, metaState=0, flags=0x0, edgeFlags=0x0, pointerCount=1, historySize=0, eventTime=251422, downTime=251366, deviceId=0, source=0x1002 }
D/InputEventConsistencyVerifier( 1029):   5: sent at 251408000000, MotionEvent { action=ACTION_MOVE, id[0]=0, x[0]=175.0, y[0]=434.0, toolType[0]=TOOL_TYPE_UNKNOWN, buttonState=0, metaState=0, flags=0x0, edgeFlags=0x0, pointerCount=1, historySize=4, eventTime=251408, downTime=251366, deviceId=0, source=0x1002 }
I/Choreographer( 1029): Skipped 38 frames!  The application may be doing too much work on its main thread.
I/Choreographer( 1029): Skipped 32 frames!  The application may be doing too much work on its main thread.
D/InputEventConsistencyVerifier( 1029): TrackballEvent: Trackball is down but pressure is not greater than 0.
D/InputEventConsistencyVerifier( 1029):   in android.view.ViewRootImpl@b3f2aaf0
D/InputEventConsistencyVerifier( 1029):   0: sent at 254869000000, MotionEvent { action=ACTION_DOWN, id[0]=0, x[0]=0.0, y[0]=0.0, toolType[0]=TOOL_TYPE_UNKNOWN, buttonState=0, metaState=0, flags=0x0, edgeFlags=0x0, pointerCount=1, historySize=0, eventTime=254869, downTime=254782, deviceId=0, source=0x10004 }
D/InputEventConsistencyVerifier( 1029):   -- recent events --
D/InputEventConsistencyVerifier( 1029):   1: sent at 254932000000, KeyEvent { action=ACTION_UP, keyCode=KEYCODE_DPAD_RIGHT, scanCode=0, metaState=0, flags=0x400, repeatCount=0, eventTime=254932, downTime=254932, deviceId=-1, source=0x101 }
D/InputEventConsistencyVerifier( 1029):   2: sent at 254932000000, KeyEvent { action=ACTION_DOWN, keyCode=KEYCODE_DPAD_RIGHT, scanCode=0, metaState=0, flags=0x400, repeatCount=0, eventTime=254932, downTime=254932, deviceId=-1, source=0x101 }
D/InputEventConsistencyVerifier( 1029):   3: sent at 254930000000, KeyEvent { action=ACTION_UP, keyCode=KEYCODE_DPAD_RIGHT, scanCode=0, metaState=0, flags=0x400, repeatCount=0, eventTime=254930, downTime=254930, deviceId=-1, source=0x101 }
D/InputEventConsistencyVerifier( 1029):   4: sent at 254930000000, KeyEvent { action=ACTION_DOWN, keyCode=KEYCODE_DPAD_RIGHT, scanCode=0, metaState=0, flags=0x400, repeatCount=0, eventTime=254930, downTime=254930, deviceId=-1, source=0x101 }
D/InputEventConsistencyVerifier( 1029):   5: sent at 254867000000, MotionEvent { action=ACTION_MOVE, id[0]=0, x[0]=2.0, y[0]=-1.0, toolType[0]=TOOL_TYPE_UNKNOWN, buttonState=0, metaState=0, flags=0x0, edgeFlags=0x0, pointerCount=1, historySize=9, eventTime=254867, downTime=-1, deviceId=0, source=0x10004 }
I/qtaguid (  230): Failed write_ctrl(s 1 10050) res=-1 errno=1
W/NetworkManagementSocketTagger(  230): setKernelCountSet(10050, 1) failed with errno -1
I/qtaguid (  230): Failed write_ctrl(s 0 10019) res=-1 errno=1
W/NetworkManagementSocketTagger(  230): setKernelCountSet(10019, 0) failed with errno -1
I/Choreographer( 1029): Skipped 40 frames!  The application may be doing too much work on its main thread.
I/ActivityManager(  230): START {act=android.intent.action.MAIN cat=[android.intent.category.LAUNCHER] flg=0x10200000 cmp=com.wimolife.wallpaper.flamefree/.LWActivity u=0} from pid 1010
I/ActivityManager(  230): START {act=android.intent.action.MAIN cat=[android.intent.category.LAUNCHER] flg=0x10200000 cmp=com.wimolife.wallpaper.flamefree/.LWActivity u=0} from pid 1010
I/Choreographer( 1029): Skipped 48 frames!  The application may be doing too much work on its main thread.
I/Choreographer( 1029): Skipped 32 frames!  The application may be doing too much work on its main thread.
I/ActivityManager(  230): START {act=android.intent.action.MAIN cat=[android.intent.category.LAUNCHER] flg=0x10200000 cmp=com.wimolife.wallpaper.flamefree/.LWActivity u=0} from pid 1010
D/InputEventConsistencyVerifier( 1029): TrackballEvent: Trackball is down but pressure is not greater than 0.
D/InputEventConsistencyVerifier( 1029):   in android.view.ViewRootImpl@b3f2d9b8
D/InputEventConsistencyVerifier( 1029):   0: sent at 257371000000, MotionEvent { action=ACTION_DOWN, id[0]=0, x[0]=0.0, y[0]=0.0, toolType[0]=TOOL_TYPE_UNKNOWN, buttonState=0, metaState=0, flags=0x0, edgeFlags=0x0, pointerCount=1, historySize=0, eventTime=257371, downTime=257313, deviceId=0, source=0x10004 }
D/InputEventConsistencyVerifier( 1029):   -- recent events --
D/InputEventConsistencyVerifier( 1029):   1: sent at 257660000000, KeyEvent { action=ACTION_UP, keyCode=KEYCODE_DPAD_DOWN, scanCode=0, metaState=0, flags=0x400, repeatCount=0, eventTime=257660, downTime=257660, deviceId=-1, source=0x101 }
D/InputEventConsistencyVerifier( 1029):   2: sent at 257660000000, KeyEvent { action=ACTION_DOWN, keyCode=KEYCODE_DPAD_DOWN, scanCode=0, metaState=0, flags=0x400, repeatCount=0, eventTime=257660, downTime=257660, deviceId=-1, source=0x101 }
D/InputEventConsistencyVerifier( 1029):   3: sent at 257658000000, KeyEvent { action=ACTION_UP, keyCode=KEYCODE_DPAD_DOWN, scanCode=0, metaState=0, flags=0x400, repeatCount=0, eventTime=257658, downTime=257658, deviceId=-1, source=0x101 }
D/InputEventConsistencyVerifier( 1029):   4: sent at 257658000000, KeyEvent { action=ACTION_DOWN, keyCode=KEYCODE_DPAD_DOWN, scanCode=0, metaState=0, flags=0x400, repeatCount=0, eventTime=257658, downTime=257658, deviceId=-1, source=0x101 }
D/InputEventConsistencyVerifier( 1029):   5: sent at 257656000000, KeyEvent { action=ACTION_UP, keyCode=KEYCODE_DPAD_DOWN, scanCode=0, metaState=0, flags=0x400, repeatCount=0, eventTime=257656, downTime=257656, deviceId=-1, source=0x101 }
I/Choreographer( 1029): Skipped 136 frames!  The application may be doing too much work on its main thread.
I/Choreographer( 1029): Skipped 52 frames!  The application may be doing too much work on its main thread.
W/InputMethodManagerService(  230): Window already focused, ignoring focus gain of: com.android.internal.view.IInputMethodClient$Stub$Proxy@b3f7f890 attribute=null
I/Choreographer( 1029): Skipped 109 frames!  The application may be doing too much work on its main thread.
W/AudioTrack(   61): stepServer() could not lock cblk
I/ActivityManager(  230): START {act=android.intent.action.MAIN cat=[android.intent.category.LAUNCHER] flg=0x10000000 cmp=com.android.email/.activity.Welcome sel={act=android.intent.action.MAIN cat=[android.intent.category.APP_EMAIL]} u=0} from pid 230
D/InputEventConsistencyVerifier( 1029): KeyEvent: ACTION_UP but key was not down.
D/InputEventConsistencyVerifier( 1029):   in android.view.ViewRootImpl@b3f2aaf0
D/InputEventConsistencyVerifier( 1029):   0: sent at 260967000000, KeyEvent { action=ACTION_UP, keyCode=KEYCODE_ENVELOPE, scanCode=0, metaState=0, flags=0x8, repeatCount=0, eventTime=260967, downTime=260967, deviceId=-1, source=0x101 }
D/InputEventConsistencyVerifier( 1029):   -- recent events --
D/InputEventConsistencyVerifier( 1029):   1: sent at 260882000000, KeyEvent { action=ACTION_UP, keyCode=KEYCODE_DPAD_DOWN, scanCode=0, metaState=0, flags=0x8, repeatCount=0, eventTime=260882, downTime=260882, deviceId=-1, source=0x101 }
D/InputEventConsistencyVerifier( 1029):   2: sent at 260861000000, KeyEvent { action=ACTION_DOWN, keyCode=KEYCODE_DPAD_DOWN, scanCode=0, metaState=0, flags=0x8, repeatCount=0, eventTime=260861, downTime=260861, deviceId=-1, source=0x101 }
D/InputEventConsistencyVerifier( 1029):   3: sent at 260854000000, MotionEvent { action=ACTION_UP, id[0]=0, x[0]=77.0, y[0]=597.0, toolType[0]=TOOL_TYPE_UNKNOWN, buttonState=0, metaState=0, flags=0x0, edgeFlags=0x0, pointerCount=1, historySize=0, eventTime=260854, downTime=260774, deviceId=0, source=0x1002 }
D/InputEventConsistencyVerifier( 1029):   4: sent at 260840000000, MotionEvent { action=ACTION_MOVE, id[0]=0, x[0]=74.0, y[0]=595.0, toolType[0]=TOOL_TYPE_UNKNOWN, buttonState=0, metaState=0, flags=0x0, edgeFlags=0x0, pointerCount=1, historySize=2, eventTime=260840, downTime=260774, deviceId=0, source=0x1002 }
D/InputEventConsistencyVerifier( 1029):   5: sent at 260776000000, MotionEvent { action=ACTION_DOWN, id[0]=0, x[0]=67.0, y[0]=582.0, toolType[0]=TOOL_TYPE_UNKNOWN, buttonState=0, metaState=0, flags=0x0, edgeFlags=0x0, pointerCount=1, historySize=0, eventTime=260776, downTime=260774, deviceId=0, source=0x1002 }
W/dalvikvm( 1010): DroidBox: { "FdAccess": { "path": "2f6465762f696e7075742f6576656e7430", "id": "350209610" } }
W/DroidBox( 1010): DroidBox: { "FileRW": { "operation": "write", "data": "efbfbd060000efbfbdefbfbd0c000500000000000000", "id": "350209610" } }
I/ActivityManager(  230): START {act=android.intent.action.CALL_BUTTON flg=0x10000000 cmp=com.android.contacts/.activities.DialtactsActivity u=0} from pid 437
W/dalvikvm(  437): DroidBox: { "FdAccess": { "path": "2f70726f632f6d656d696e666f", "id": "1711919953" } }
W/DroidBox(  437): DroidBox: { "FileRW": { "operation": "read", "data": "4d656d546f74616c3a202020202020202020373438393634206b420a4d656d467265653a20202020202020202020343337323834206b420a427566666572733a20202020202020202020202035363932206b420a4361636865643a202020202020202020", "id": "1711919953" } }
I/Choreographer(  437): Skipped 79 frames!  The application may be doing too much work on its main thread.
I/ActivityManager(  230): START {act=android.intent.action.CALL_BUTTON flg=0x10000000 cmp=com.android.contacts/.activities.DialtactsActivity u=0} from pid 437
D/InputEventConsistencyVerifier(  437): KeyEvent: ACTION_UP but key was not down.
D/InputEventConsistencyVerifier(  437):   in com.android.systemui.statusbar.phone.StatusBarWindowView@b3df8290
D/InputEventConsistencyVerifier(  437):   0: sent at 262210000000, KeyEvent { action=ACTION_UP, keyCode=KEYCODE_DPAD_DOWN, scanCode=0, metaState=0, flags=0x8, repeatCount=0, eventTime=262210, downTime=262210, deviceId=-1, source=0x101 }
D/InputEventConsistencyVerifier(  437):   -- recent events --
D/InputEventConsistencyVerifier(  437):   1: sent at 262122000000, MotionEvent { action=ACTION_UP, id[0]=0, x[0]=368.0, y[0]=124.0, toolType[0]=TOOL_TYPE_UNKNOWN, buttonState=0, metaState=0, flags=0x0, edgeFlags=0x0, pointerCount=1, historySize=0, eventTime=262122, downTime=262037, deviceId=0, source=0x1002 }
D/InputEventConsistencyVerifier(  437):   2: sent at 262089000000, MotionEvent { action=ACTION_MOVE, id[0]=0, x[0]=359.0, y[0]=130.0, toolType[0]=TOOL_TYPE_UNKNOWN, buttonState=0, metaState=0, flags=0x0, edgeFlags=0x0, pointerCount=1, historySize=4, eventTime=262089, downTime=262037, deviceId=0, source=0x1002 }
D/InputEventConsistencyVerifier(  437):   3: sent at 262039000000, MotionEvent { action=ACTION_DOWN, id[0]=0, x[0]=343.0, y[0]=172.0, toolType[0]=TOOL_TYPE_UNKNOWN, buttonState=0, metaState=0, flags=0x0, edgeFlags=0x0, pointerCount=1, historySize=0, eventTime=262039, downTime=262037, deviceId=0, source=0x1002 }
D/InputEventConsistencyVerifier(  437):   4: sent at 262011000000, (unhandled) KeyEvent { action=ACTION_UP, keyCode=KEYCODE_CALL, scanCode=0, metaState=0, flags=0x8, repeatCount=0, eventTime=262011, downTime=262011, deviceId=-1, source=0x101 }
D/InputEventConsistencyVerifier(  437):   5: sent at 261962000000, (unhandled) KeyEvent { action=ACTION_DOWN, keyCode=KEYCODE_CALL, scanCode=0, metaState=0, flags=0x8, repeatCount=0, eventTime=261962, downTime=261962, deviceId=-1, source=0x101 }
V/PhoneStatusBar(  437): setLightsOn(true)
D/PhoneStatusBar(  437): disable: < expand icons alerts TICKER* system_info back home recent clock >
W/dalvikvm(  437): DroidBox: { "FdAccess": { "path": "2f70726f632f6d656d696e666f", "id": "964310504" } }
W/DroidBox(  437): DroidBox: { "FileRW": { "operation": "read", "data": "4d656d546f74616c3a202020202020202020373438393634206b420a4d656d467265653a20202020202020202020343335363536206b420a427566666572733a20202020202020202020202035363932206b420a4361636865643a202020202020202020", "id": "964310504" } }
D/InputEventConsistencyVerifier(  437): TouchEvent: ACTION_DOWN but pointers are already down.  Probably missing ACTION_UP from previous gesture.
D/InputEventConsistencyVerifier(  437):   in android.view.ScaleGestureDetector@b3e988b0
D/InputEventConsistencyVerifier(  437):   0: sent at 262332000000, MotionEvent { action=ACTION_DOWN, id[0]=0, x[0]=459.0, y[0]=550.0, toolType[0]=TOOL_TYPE_UNKNOWN, buttonState=0, metaState=0, flags=0x0, edgeFlags=0x0, pointerCount=1, historySize=0, eventTime=262332, downTime=262332, deviceId=0, source=0x1002 }
D/InputEventConsistencyVerifier(  437):   -- recent events --
D/InputEventConsistencyVerifier(  437):   1: sent at 262039000000, MotionEvent { action=ACTION_DOWN, id[0]=0, x[0]=343.0, y[0]=172.0, toolType[0]=TOOL_TYPE_UNKNOWN, buttonState=0, metaState=0, flags=0x0, edgeFlags=0x0, pointerCount=1, historySize=0, eventTime=262039, downTime=262037, deviceId=0, source=0x1002 }
D/InputEventConsistencyVerifier(  437):   2: sent at 261713000000, MotionEvent { action=ACTION_UP, id[0]=0, x[0]=320.0, y[0]=30.0, toolType[0]=TOOL_TYPE_UNKNOWN, buttonState=0, metaState=0, flags=0x0, edgeFlags=0x0, pointerCount=1, historySize=0, eventTime=261713, downTime=261694, deviceId=0, source=0x1002 }
D/InputEventConsistencyVerifier(  437):   3: sent at 261694000000, MotionEvent { action=ACTION_DOWN, id[0]=0, x[0]=316.0, y[0]=29.0, toolType[0]=TOOL_TYPE_UNKNOWN, buttonState=0, metaState=0, flags=0x0, edgeFlags=0x0, pointerCount=1, historySize=0, eventTime=261694, downTime=261694, deviceId=0, source=0x1002 }
D/InputEventConsistencyVerifier(  437):   4: sent at 243051000000, MotionEvent { action=ACTION_UP, id[0]=0, x[0]=78.0, y[0]=4.0, toolType[0]=TOOL_TYPE_UNKNOWN, buttonState=0, metaState=0, flags=0x0, edgeFlags=0x0, pointerCount=1, historySize=0, eventTime=243051, downTime=243044, deviceId=0, source=0x1002 }
D/InputEventConsistencyVerifier(  437):   5: sent at 243045000000, MotionEvent { action=ACTION_DOWN, id[0]=0, x[0]=78.0, y[0]=8.0, toolType[0]=TOOL_TYPE_UNKNOWN, buttonState=0, metaState=0, flags=0x80000000, edgeFlags=0x0, pointerCount=1, historySize=0, eventTime=243045, downTime=243044, deviceId=0, source=0x1002 }
I/Choreographer(  437): Skipped 86 frames!  The application may be doing too much work on its main thread.
D/InputEventConsistencyVerifier(  437): KeyEvent: ACTION_UP but key was not down.
D/InputEventConsistencyVerifier(  437):   in com.android.systemui.statusbar.phone.StatusBarWindowView@b3df8290
D/InputEventConsistencyVerifier(  437):   0: sent at 262441000000, KeyEvent { action=ACTION_UP, keyCode=KEYCODE_DPAD_UP, scanCode=0, metaState=0, flags=0x400, repeatCount=0, eventTime=262441, downTime=262441, deviceId=-1, source=0x101 }
D/InputEventConsistencyVerifier(  437):   -- recent events --
D/InputEventConsistencyVerifier(  437):   1: sent at 262398000000, (unhandled) MotionEvent { action=ACTION_MOVE, id[0]=0, x[0]=-4.0, y[0]=-4.0, toolType[0]=TOOL_TYPE_UNKNOWN, buttonState=0, metaState=0, flags=0x0, edgeFlags=0x0, pointerCount=1, historySize=7, eventTime=262398, downTime=-1, deviceId=0, source=0x10004 }
D/InputEventConsistencyVerifier(  437):   2: sent at 262341000000, MotionEvent { action=ACTION_UP, id[0]=0, x[0]=453.0, y[0]=549.0, toolType[0]=TOOL_TYPE_UNKNOWN, buttonState=0, metaState=0, flags=0x0, edgeFlags=0x0, pointerCount=1, historySize=0, eventTime=262341, downTime=262332, deviceId=0, source=0x1002 }
D/InputEventConsistencyVerifier(  437):   3: sent at 262332000000, MotionEvent { action=ACTION_DOWN, id[0]=0, x[0]=459.0, y[0]=550.0, toolType[0]=TOOL_TYPE_UNKNOWN, buttonState=0, metaState=0, flags=0x0, edgeFlags=0x0, pointerCount=1, historySize=0, eventTime=262332, downTime=262332, deviceId=0, source=0x1002 }
D/InputEventConsistencyVerifier(  437):   4: sent at 262315000000, (unhandled) KeyEvent { action=ACTION_UP, keyCode=KEYCODE_MENU, scanCode=0, metaState=0, flags=0x8, repeatCount=0, eventTime=262315, downTime=262315, deviceId=-1, source=0x101 }
D/InputEventConsistencyVerifier(  437):   5: sent at 262277000000, (unhandled) KeyEvent { action=ACTION_DOWN, keyCode=KEYCODE_MENU, scanCode=0, metaState=0, flags=0x8, repeatCount=0, eventTime=262277, downTime=262277, deviceId=-1, source=0x101 }
D/InputEventConsistencyVerifier(  437): TouchEvent: ACTION_DOWN but pointers are already down.  Probably missing ACTION_UP from previous gesture.
D/InputEventConsistencyVerifier(  437):   in android.view.ScaleGestureDetector@b3e988b0
D/InputEventConsistencyVerifier(  437):   0: sent at 262439000000, MotionEvent { action=ACTION_DOWN, id[0]=0, x[0]=188.0, y[0]=386.0, toolType[0]=TOOL_TYPE_UNKNOWN, buttonState=0, metaState=0, flags=0x0, edgeFlags=0x0, pointerCount=1, historySize=0, eventTime=262439, downTime=262439, deviceId=0, source=0x1002 }
D/InputEventConsistencyVerifier(  437):   -- recent events --
D/InputEventConsistencyVerifier(  437):   1: sent at 262332000000, MotionEvent { action=ACTION_DOWN, id[0]=0, x[0]=459.0, y[0]=550.0, toolType[0]=TOOL_TYPE_UNKNOWN, buttonState=0, metaState=0, flags=0x80000000, edgeFlags=0x0, pointerCount=1, historySize=0, eventTime=262332, downTime=262332, deviceId=0, source=0x1002 }
D/InputEventConsistencyVerifier(  437):   2: sent at 262039000000, MotionEvent { action=ACTION_DOWN, id[0]=0, x[0]=343.0, y[0]=172.0, toolType[0]=TOOL_TYPE_UNKNOWN, buttonState=0, metaState=0, flags=0x0, edgeFlags=0x0, pointerCount=1, historySize=0, eventTime=262039, downTime=262037, deviceId=0, source=0x1002 }
D/InputEventConsistencyVerifier(  437):   3: sent at 261713000000, MotionEvent { action=ACTION_UP, id[0]=0, x[0]=320.0, y[0]=30.0, toolType[0]=TOOL_TYPE_UNKNOWN, buttonState=0, metaState=0, flags=0x0, edgeFlags=0x0, pointerCount=1, historySize=0, eventTime=261713, downTime=261694, deviceId=0, source=0x1002 }
D/InputEventConsistencyVerifier(  437):   4: sent at 261694000000, MotionEvent { action=ACTION_DOWN, id[0]=0, x[0]=316.0, y[0]=29.0, toolType[0]=TOOL_TYPE_UNKNOWN, buttonState=0, metaState=0, flags=0x0, edgeFlags=0x0, pointerCount=1, historySize=0, eventTime=261694, downTime=261694, deviceId=0, source=0x1002 }
D/InputEventConsistencyVerifier(  437):   5: sent at 243051000000, MotionEvent { action=ACTION_UP, id[0]=0, x[0]=78.0, y[0]=4.0, toolType[0]=TOOL_TYPE_UNKNOWN, buttonState=0, metaState=0, flags=0x0, edgeFlags=0x0, pointerCount=1, historySize=0, eventTime=243051, downTime=243044, deviceId=0, source=0x1002 }
W/dalvikvm(  437): DroidBox: { "FdAccess": { "path": "2f70726f632f6d656d696e666f", "id": "646555046" } }
W/DroidBox(  437): DroidBox: { "FileRW": { "operation": "read", "data": "4d656d546f74616c3a202020202020202020373438393634206b420a4d656d467265653a20202020202020202020343335343038206b420a427566666572733a20202020202020202020202035363932206b420a4361636865643a202020202020202020", "id": "646555046" } }
I/Choreographer(  437): Skipped 51 frames!  The application may be doing too much work on its main thread.
D/InputEventConsistencyVerifier(  437): KeyEvent: ACTION_UP but key was not down.
D/InputEventConsistencyVerifier(  437):   in com.android.systemui.statusbar.phone.StatusBarWindowView@b3df8290
D/InputEventConsistencyVerifier(  437):   0: sent at 262706000000, KeyEvent { action=ACTION_UP, keyCode=KEYCODE_DPAD_UP, scanCode=0, metaState=0, flags=0x400, repeatCount=0, eventTime=262706, downTime=262706, deviceId=-1, source=0x101 }
D/InputEventConsistencyVerifier(  437):   -- recent events --
D/InputEventConsistencyVerifier(  437):   1: sent at 262434000000, (unhandled) MotionEvent { action=ACTION_MOVE, id[0]=0, x[0]=4.0, y[0]=-4.0, toolType[0]=TOOL_TYPE_UNKNOWN, buttonState=0, metaState=0, flags=0x0, edgeFlags=0x0, pointerCount=1, historySize=1, eventTime=262434, downTime=-1, deviceId=0, source=0x10004 }
D/InputEventConsistencyVerifier(  437):   2: sent at 262461000000, MotionEvent { action=ACTION_UP, id[0]=0, x[0]=196.0, y[0]=383.0, toolType[0]=TOOL_TYPE_UNKNOWN, buttonState=0, metaState=0, flags=0x0, edgeFlags=0x0, pointerCount=1, historySize=0, eventTime=262461, downTime=262439, deviceId=0, source=0x1002 }
D/InputEventConsistencyVerifier(  437):   3: sent at 262439000000, MotionEvent { action=ACTION_DOWN, id[0]=0, x[0]=188.0, y[0]=386.0, toolType[0]=TOOL_TYPE_UNKNOWN, buttonState=0, metaState=0, flags=0x0, edgeFlags=0x0, pointerCount=1, historySize=0, eventTime=262439, downTime=262439, deviceId=0, source=0x1002 }
D/InputEventConsistencyVerifier(  437):   4: sent at 262441000000, (unhandled) KeyEvent { action=ACTION_UP, keyCode=KEYCODE_DPAD_UP, scanCode=0, metaState=0, flags=0x400, repeatCount=0, eventTime=262441, downTime=262441, deviceId=-1, source=0x101 }
D/InputEventConsistencyVerifier(  437):   5: sent at 262441000000, (unhandled) KeyEvent { action=ACTION_DOWN, keyCode=KEYCODE_DPAD_UP, scanCode=0, metaState=0, flags=0x400, repeatCount=0, eventTime=262441, downTime=262441, deviceId=-1, source=0x101 }
W/dalvikvm(  437): DroidBox: { "FdAccess": { "path": "2f70726f632f6d656d696e666f", "id": "1881984063" } }
W/DroidBox(  437): DroidBox: { "FileRW": { "operation": "read", "data": "4d656d546f74616c3a202020202020202020373438393634206b420a4d656d467265653a20202020202020202020343333393230206b420a427566666572733a20202020202020202020202035363932206b420a4361636865643a202020202020202020", "id": "1881984063" } }
D/InputEventConsistencyVerifier(  437): KeyEvent: ACTION_UP but key was not down.
D/InputEventConsistencyVerifier(  437):   in android.widget.FrameLayout@b3df7018
D/InputEventConsistencyVerifier(  437):   0: sent at 262708000000, KeyEvent { action=ACTION_UP, keyCode=KEYCODE_DPAD_DOWN, scanCode=0, metaState=0, flags=0x8, repeatCount=0, eventTime=262708, downTime=262708, deviceId=-1, source=0x101 }
D/InputEventConsistencyVerifier(  437):   -- recent events --
D/InputEventConsistencyVerifier(  437):   1: sent at 243698000000, (unhandled) KeyEvent { action=ACTION_UP, keyCode=KEYCODE_DPAD_DOWN, scanCode=0, metaState=0, flags=0x400, repeatCount=0, eventTime=243698, downTime=243698, deviceId=-1, source=0x101 }
D/InputEventConsistencyVerifier(  437):   2: sent at 243698000000, (unhandled) KeyEvent { action=ACTION_DOWN, keyCode=KEYCODE_DPAD_DOWN, scanCode=0, metaState=0, flags=0x400, repeatCount=0, eventTime=243698, downTime=243698, deviceId=-1, source=0x101 }
D/InputEventConsistencyVerifier(  437):   3: sent at 243697000000, (unhandled) KeyEvent { action=ACTION_MULTIPLE, keyCode=KEYCODE_DPAD_DOWN, scanCode=0, metaState=0, flags=0x400, repeatCount=4, eventTime=243697, downTime=243697, deviceId=-1, source=0x101 }
D/InputEventConsistencyVerifier(  437):   4: sent at 243618000000, (unhandled) MotionEvent { action=ACTION_MOVE, id[0]=0, x[0]=-2.0, y[0]=2.0, toolType[0]=TOOL_TYPE_UNKNOWN, buttonState=0, metaState=0, flags=0x0, edgeFlags=0x0, pointerCount=1, historySize=18, eventTime=243618, downTime=-1, deviceId=0, source=0x10004 }
D/InputEventConsistencyVerifier(  437):   5: sent at 243516000000, (unhandled) KeyEvent { action=ACTION_UP, keyCode=KEYCODE_DPAD_RIGHT, scanCode=0, metaState=0, flags=0x8, repeatCount=0, eventTime=243516, downTime=243516, deviceId=-1, source=0x101 }
I/Choreographer(  437): Skipped 34 frames!  The application may be doing too much work on its main thread.
I/Choreographer(  437): Skipped 30 frames!  The application may be doing too much work on its main thread.
V/PhoneStatusBar(  437): setLightsOn(true)
D/PhoneStatusBar(  437): disable: < expand icons alerts ticker* system_info back home recent clock >
W/InputMethodManagerService(  230): Window already focused, ignoring focus gain of: com.android.internal.view.IInputMethodClient$Stub$Proxy@b3f51678 attribute=null
D/InputEventConsistencyVerifier(  437): TouchEvent: ACTION_DOWN but pointers are already down.  Probably missing ACTION_UP from previous gesture.
D/InputEventConsistencyVerifier(  437):   in android.view.ScaleGestureDetector@b3e988b0
D/InputEventConsistencyVerifier(  437):   0: sent at 263223000000, MotionEvent { action=ACTION_DOWN, id[0]=0, x[0]=396.0, y[0]=22.0, toolType[0]=TOOL_TYPE_UNKNOWN, buttonState=0, metaState=0, flags=0x0, edgeFlags=0x0, pointerCount=1, historySize=0, eventTime=263223, downTime=263222, deviceId=0, source=0x1002 }
D/InputEventConsistencyVerifier(  437):   -- recent events --
D/InputEventConsistencyVerifier(  437):   1: sent at 262439000000, MotionEvent { action=ACTION_DOWN, id[0]=0, x[0]=188.0, y[0]=386.0, toolType[0]=TOOL_TYPE_UNKNOWN, buttonState=0, metaState=0, flags=0x80000000, edgeFlags=0x0, pointerCount=1, historySize=0, eventTime=262439, downTime=262439, deviceId=0, source=0x1002 }
D/InputEventConsistencyVerifier(  437):   2: sent at 262332000000, MotionEvent { action=ACTION_DOWN, id[0]=0, x[0]=459.0, y[0]=550.0, toolType[0]=TOOL_TYPE_UNKNOWN, buttonState=0, metaState=0, flags=0x80000000, edgeFlags=0x0, pointerCount=1, historySize=0, eventTime=262332, downTime=262332, deviceId=0, source=0x1002 }
D/InputEventConsistencyVerifier(  437):   3: sent at 262039000000, MotionEvent { action=ACTION_DOWN, id[0]=0, x[0]=343.0, y[0]=172.0, toolType[0]=TOOL_TYPE_UNKNOWN, buttonState=0, metaState=0, flags=0x0, edgeFlags=0x0, pointerCount=1, historySize=0, eventTime=262039, downTime=262037, deviceId=0, source=0x1002 }
D/InputEventConsistencyVerifier(  437):   4: sent at 261713000000, MotionEvent { action=ACTION_UP, id[0]=0, x[0]=320.0, y[0]=30.0, toolType[0]=TOOL_TYPE_UNKNOWN, buttonState=0, metaState=0, flags=0x0, edgeFlags=0x0, pointerCount=1, historySize=0, eventTime=261713, downTime=261694, deviceId=0, source=0x1002 }
D/InputEventConsistencyVerifier(  437):   5: sent at 261694000000, MotionEvent { action=ACTION_DOWN, id[0]=0, x[0]=316.0, y[0]=29.0, toolType[0]=TOOL_TYPE_UNKNOWN, buttonState=0, metaState=0, flags=0x0, edgeFlags=0x0, pointerCount=1, historySize=0, eventTime=261694, downTime=261694, deviceId=0, source=0x1002 }
D/InputEventConsistencyVerifier(  437): KeyEvent: ACTION_UP but key was not down.
D/InputEventConsistencyVerifier(  437):   in android.view.ViewRootImpl@b3e89c40
D/InputEventConsistencyVerifier(  437):   0: sent at 263302000000, KeyEvent { action=ACTION_UP, keyCode=KEYCODE_MENU, scanCode=0, metaState=0, flags=0x8, repeatCount=0, eventTime=263302, downTime=263302, deviceId=-1, source=0x101 }
D/InputEventConsistencyVerifier(  437):   -- recent events --
D/InputEventConsistencyVerifier(  437):   1: sent at 263251000000, MotionEvent { action=ACTION_UP, id[0]=0, x[0]=401.0, y[0]=37.0, toolType[0]=TOOL_TYPE_UNKNOWN, buttonState=0, metaState=0, flags=0x0, edgeFlags=0x0, pointerCount=1, historySize=0, eventTime=263251, downTime=263222, deviceId=0, source=0x1002 }
D/InputEventConsistencyVerifier(  437):   2: sent at 263223000000, MotionEvent { action=ACTION_DOWN, id[0]=0, x[0]=396.0, y[0]=22.0, toolType[0]=TOOL_TYPE_UNKNOWN, buttonState=0, metaState=0, flags=0x0, edgeFlags=0x0, pointerCount=1, historySize=0, eventTime=263223, downTime=263222, deviceId=0, source=0x1002 }
D/InputEventConsistencyVerifier(  437):   3: sent at 262849000000, KeyEvent { action=ACTION_UP, keyCode=KEYCODE_DPAD_CENTER, scanCode=0, metaState=0, flags=0x8, repeatCount=0, eventTime=262849, downTime=262849, deviceId=-1, source=0x101 }
D/InputEventConsistencyVerifier(  437):   4: sent at 262822000000, KeyEvent { action=ACTION_DOWN, keyCode=KEYCODE_DPAD_CENTER, scanCode=0, metaState=0, flags=0x8, repeatCount=0, eventTime=262822, downTime=262822, deviceId=-1, source=0x101 }
D/InputEventConsistencyVerifier(  437):   5: sent at 262708000000, KeyEvent { action=ACTION_UP, keyCode=KEYCODE_DPAD_DOWN, scanCode=0, metaState=0, flags=0x8, repeatCount=0, eventTime=262708, downTime=262708, deviceId=-1, source=0x101 }
W/dalvikvm(  437): DroidBox: { "FdAccess": { "path": "2f70726f632f6d656d696e666f", "id": "1428503973" } }
W/DroidBox(  437): DroidBox: { "FileRW": { "operation": "read", "data": "4d656d546f74616c3a202020202020202020373438393634206b420a4d656d467265653a20202020202020202020343335313630206b420a427566666572733a20202020202020202020202035363932206b420a4361636865643a202020202020202020", "id": "1428503973" } }
I/Choreographer(  437): Skipped 66 frames!  The application may be doing too much work on its main thread.
W/dalvikvm(  437): DroidBox: { "FdAccess": { "path": "2f70726f632f6d656d696e666f", "id": "1118545879" } }
W/DroidBox(  437): DroidBox: { "FileRW": { "operation": "read", "data": "4d656d546f74616c3a202020202020202020373438393634206b420a4d656d467265653a20202020202020202020343335313630206b420a427566666572733a20202020202020202020202035363932206b420a4361636865643a202020202020202020", "id": "1118545879" } }
D/InputEventConsistencyVerifier(  437): KeyEvent: ACTION_UP but key was not down.
D/InputEventConsistencyVerifier(  437):   in com.android.systemui.statusbar.phone.PhoneStatusBarView@b3dfa228
D/InputEventConsistencyVerifier(  437):   0: sent at 263675000000, KeyEvent { action=ACTION_UP, keyCode=KEYCODE_NUMPAD_2, scanCode=0, metaState=0, flags=0x8, repeatCount=0, eventTime=263675, downTime=263675, deviceId=-1, source=0x101 }
D/InputEventConsistencyVerifier(  437):   -- recent events --
D/InputEventConsistencyVerifier(  437):   1: sent at 263523000000, (unhandled) KeyEvent { action=ACTION_UP, keyCode=KEYCODE_DPAD_UP, scanCode=0, metaState=0, flags=0x8, repeatCount=0, eventTime=263523, downTime=263523, deviceId=-1, source=0x101 }
D/InputEventConsistencyVerifier(  437):   2: sent at 263519000000, (unhandled) KeyEvent { action=ACTION_DOWN, keyCode=KEYCODE_DPAD_UP, scanCode=0, metaState=0, flags=0x8, repeatCount=0, eventTime=263519, downTime=263519, deviceId=-1, source=0x101 }
D/InputEventConsistencyVerifier(  437):   3: sent at 263513000000, (unhandled) KeyEvent { action=ACTION_UP, keyCode=KEYCODE_DPAD_UP, scanCode=0, metaState=0, flags=0x8, repeatCount=0, eventTime=263513, downTime=263513, deviceId=-1, source=0x101 }
D/InputEventConsistencyVerifier(  437):   4: sent at 263479000000, (unhandled) KeyEvent { action=ACTION_DOWN, keyCode=KEYCODE_DPAD_UP, scanCode=0, metaState=0, flags=0x8, repeatCount=0, eventTime=263479, downTime=263479, deviceId=-1, source=0x101 }
D/InputEventConsistencyVerifier(  437):   5: sent at 263475000000, (unhandled) KeyEvent { action=ACTION_UP, keyCode=KEYCODE_L, scanCode=0, metaState=0, flags=0x8, repeatCount=0, eventTime=263475, downTime=263475, deviceId=-1, source=0x101 }
D/InputEventConsistencyVerifier(  437): KeyEvent: ACTION_UP but key was not down.
D/InputEventConsistencyVerifier(  437):   in com.android.systemui.statusbar.phone.StatusBarWindowView@b3df8290
D/InputEventConsistencyVerifier(  437):   0: sent at 263675000000, KeyEvent { action=ACTION_UP, keyCode=KEYCODE_DPAD_DOWN, scanCode=0, metaState=0, flags=0x8, repeatCount=0, eventTime=263675, downTime=263675, deviceId=-1, source=0x101 }
D/InputEventConsistencyVerifier(  437):   -- recent events --
D/InputEventConsistencyVerifier(  437):   1: sent at 263675000000, (unhandled) KeyEvent { action=ACTION_UP, keyCode=KEYCODE_NUMPAD_2, scanCode=0, metaState=0, flags=0x8, repeatCount=0, eventTime=263675, downTime=263675, deviceId=-1, source=0x101 }
D/InputEventConsistencyVerifier(  437):   2: sent at 263663000000, (unhandled) KeyEvent { action=ACTION_DOWN, keyCode=KEYCODE_NUMPAD_2, scanCode=0, metaState=0, flags=0x8, repeatCount=0, eventTime=263663, downTime=263663, deviceId=-1, source=0x101 }
D/InputEventConsistencyVerifier(  437):   3: sent at 263657000000, MotionEvent { action=ACTION_UP, id[0]=0, x[0]=248.0, y[0]=706.0, toolType[0]=TOOL_TYPE_UNKNOWN, buttonState=0, metaState=0, flags=0x0, edgeFlags=0x0, pointerCount=1, historySize=0, eventTime=263657, downTime=263530, deviceId=0, source=0x1002 }
D/InputEventConsistencyVerifier(  437):   4: sent at 263654000000, MotionEvent { action=ACTION_MOVE, id[0]=0, x[0]=244.0, y[0]=704.0, toolType[0]=TOOL_TYPE_UNKNOWN, buttonState=0, metaState=0, flags=0x0, edgeFlags=0x0, pointerCount=1, historySize=8, eventTime=263654, downTime=263530, deviceId=0, source=0x1002 }
D/InputEventConsistencyVerifier(  437):   5: sent at 263547000000, MotionEvent { action=ACTION_DOWN, id[0]=0, x[0]=227.0, y[0]=649.0, toolType[0]=TOOL_TYPE_UNKNOWN, buttonState=0, metaState=0, flags=0x0, edgeFlags=0x0, pointerCount=1, historySize=0, eventTime=263547, downTime=263530, deviceId=0, source=0x1002 }
V/PhoneStatusBar(  437): setLightsOn(true)
I/Choreographer(  437): Skipped 39 frames!  The application may be doing too much work on its main thread.
W/dalvikvm(  437): DroidBox: { "FdAccess": { "path": "2f70726f632f6d656d696e666f", "id": "69802108" } }
W/DroidBox(  437): DroidBox: { "FileRW": { "operation": "read", "data": "4d656d546f74616c3a202020202020202020373438393634206b420a4d656d467265653a20202020202020202020343335313630206b420a427566666572733a20202020202020202020202035363932206b420a4361636865643a202020202020202020", "id": "69802108" } }
D/PhoneStatusBar(  437): disable: < expand icons alerts TICKER* system_info back home recent clock >
D/InputEventConsistencyVerifier(  437): KeyEvent: ACTION_UP but key was not down.
D/InputEventConsistencyVerifier(  437):   in com.android.systemui.statusbar.phone.StatusBarWindowView@b3df8290
D/InputEventConsistencyVerifier(  437):   0: sent at 263807000000, KeyEvent { action=ACTION_UP, keyCode=KEYCODE_DPAD_LEFT, scanCode=0, metaState=0, flags=0x400, repeatCount=0, eventTime=263807, downTime=263807, deviceId=-1, source=0x101 }
D/InputEventConsistencyVerifier(  437):   -- recent events --
D/InputEventConsistencyVerifier(  437):   1: sent at 263795000000, (unhandled) MotionEvent { action=ACTION_MOVE, id[0]=0, x[0]=-2.0, y[0]=1.0, toolType[0]=TOOL_TYPE_UNKNOWN, buttonState=0, metaState=0, flags=0x0, edgeFlags=0x0, pointerCount=1, historySize=9, eventTime=263795, downTime=-1, deviceId=0, source=0x10004 }
D/InputEventConsistencyVerifier(  437):   2: sent at 263699000000, (unhandled) KeyEvent { action=ACTION_UP, keyCode=KEYCODE_DPAD_CENTER, scanCode=0, metaState=0, flags=0x8, repeatCount=0, eventTime=263699, downTime=263699, deviceId=-1, source=0x101 }
D/InputEventConsistencyVerifier(  437):   3: sent at 263683000000, (unhandled) KeyEvent { action=ACTION_DOWN, keyCode=KEYCODE_DPAD_CENTER, scanCode=0, metaState=0, flags=0x8, repeatCount=0, eventTime=263683, downTime=263683, deviceId=-1, source=0x101 }
D/InputEventConsistencyVerifier(  437):   4: sent at 263675000000, (unhandled) KeyEvent { action=ACTION_UP, keyCode=KEYCODE_DPAD_DOWN, scanCode=0, metaState=0, flags=0x80000008, repeatCount=0, eventTime=263675, downTime=263675, deviceId=-1, source=0x101 }
D/InputEventConsistencyVerifier(  437):   5: sent at 263675000000, (unhandled) KeyEvent { action=ACTION_UP, keyCode=KEYCODE_NUMPAD_2, scanCode=0, metaState=0, flags=0x8, repeatCount=0, eventTime=263675, downTime=263675, deviceId=-1, source=0x101 }
D/InputEventConsistencyVerifier(  437): TouchEvent: ACTION_DOWN but pointers are already down.  Probably missing ACTION_UP from previous gesture.
D/InputEventConsistencyVerifier(  437):   in android.view.ScaleGestureDetector@b3e988b0
D/InputEventConsistencyVerifier(  437):   0: sent at 263800000000, MotionEvent { action=ACTION_DOWN, id[0]=0, x[0]=87.0, y[0]=201.0, toolType[0]=TOOL_TYPE_UNKNOWN, buttonState=0, metaState=0, flags=0x0, edgeFlags=0x0, pointerCount=1, historySize=0, eventTime=263800, downTime=263799, deviceId=0, source=0x1002 }
D/InputEventConsistencyVerifier(  437):   -- recent events --
D/InputEventConsistencyVerifier(  437):   1: sent at 263547000000, MotionEvent { action=ACTION_DOWN, id[0]=0, x[0]=227.0, y[0]=649.0, toolType[0]=TOOL_TYPE_UNKNOWN, buttonState=0, metaState=0, flags=0x0, edgeFlags=0x0, pointerCount=1, historySize=0, eventTime=263547, downTime=263530, deviceId=0, source=0x1002 }
D/InputEventConsistencyVerifier(  437):   2: sent at 263251000000, MotionEvent { action=ACTION_UP, id[0]=0, x[0]=401.0, y[0]=37.0, toolType[0]=TOOL_TYPE_UNKNOWN, buttonState=0, metaState=0, flags=0x0, edgeFlags=0x0, pointerCount=1, historySize=0, eventTime=263251, downTime=263222, deviceId=0, source=0x1002 }
D/InputEventConsistencyVerifier(  437):   3: sent at 263223000000, MotionEvent { action=ACTION_DOWN, id[0]=0, x[0]=396.0, y[0]=22.0, toolType[0]=TOOL_TYPE_UNKNOWN, buttonState=0, metaState=0, flags=0x80000000, edgeFlags=0x0, pointerCount=1, historySize=0, eventTime=263223, downTime=263222, deviceId=0, source=0x1002 }
D/InputEventConsistencyVerifier(  437):   4: sent at 262439000000, MotionEvent { action=ACTION_DOWN, id[0]=0, x[0]=188.0, y[0]=386.0, toolType[0]=TOOL_TYPE_UNKNOWN, buttonState=0, metaState=0, flags=0x80000000, edgeFlags=0x0, pointerCount=1, historySize=0, eventTime=262439, downTime=262439, deviceId=0, source=0x1002 }
D/InputEventConsistencyVerifier(  437):   5: sent at 262332000000, MotionEvent { action=ACTION_DOWN, id[0]=0, x[0]=459.0, y[0]=550.0, toolType[0]=TOOL_TYPE_UNKNOWN, buttonState=0, metaState=0, flags=0x80000000, edgeFlags=0x0, pointerCount=1, historySize=0, eventTime=262332, downTime=262332, deviceId=0, source=0x1002 }
D/InputEventConsistencyVerifier(  437): TouchEvent: ACTION_DOWN but pointers are already down.  Probably missing ACTION_UP from previous gesture.
D/InputEventConsistencyVerifier(  437):   in android.view.ScaleGestureDetector@b3e988b0
D/InputEventConsistencyVerifier(  437):   0: sent at 263921000000, MotionEvent { action=ACTION_DOWN, id[0]=0, x[0]=131.0, y[0]=443.0, toolType[0]=TOOL_TYPE_UNKNOWN, buttonState=0, metaState=0, flags=0x0, edgeFlags=0x0, pointerCount=1, historySize=0, eventTime=263921, downTime=263905, deviceId=0, source=0x1002 }
D/InputEventConsistencyVerifier(  437):   -- recent events --
D/InputEventConsistencyVerifier(  437):   1: sent at 263800000000, MotionEvent { action=ACTION_DOWN, id[0]=0, x[0]=87.0, y[0]=201.0, toolType[0]=TOOL_TYPE_UNKNOWN, buttonState=0, metaState=0, flags=0x80000000, edgeFlags=0x0, pointerCount=1, historySize=0, eventTime=263800, downTime=263799, deviceId=0, source=0x1002 }
D/InputEventConsistencyVerifier(  437):   2: sent at 263547000000, MotionEvent { action=ACTION_DOWN, id[0]=0, x[0]=227.0, y[0]=649.0, toolType[0]=TOOL_TYPE_UNKNOWN, buttonState=0, metaState=0, flags=0x0, edgeFlags=0x0, pointerCount=1, historySize=0, eventTime=263547, downTime=263530, deviceId=0, source=0x1002 }
D/InputEventConsistencyVerifier(  437):   3: sent at 263251000000, MotionEvent { action=ACTION_UP, id[0]=0, x[0]=401.0, y[0]=37.0, toolType[0]=TOOL_TYPE_UNKNOWN, buttonState=0, metaState=0, flags=0x0, edgeFlags=0x0, pointerCount=1, historySize=0, eventTime=263251, downTime=263222, deviceId=0, source=0x1002 }
D/InputEventConsistencyVerifier(  437):   4: sent at 263223000000, MotionEvent { action=ACTION_DOWN, id[0]=0, x[0]=396.0, y[0]=22.0, toolType[0]=TOOL_TYPE_UNKNOWN, buttonState=0, metaState=0, flags=0x80000000, edgeFlags=0x0, pointerCount=1, historySize=0, eventTime=263223, downTime=263222, deviceId=0, source=0x1002 }
D/InputEventConsistencyVerifier(  437):   5: sent at 262439000000, MotionEvent { action=ACTION_DOWN, id[0]=0, x[0]=188.0, y[0]=386.0, toolType[0]=TOOL_TYPE_UNKNOWN, buttonState=0, metaState=0, flags=0x80000000, edgeFlags=0x0, pointerCount=1, historySize=0, eventTime=262439, downTime=262439, deviceId=0, source=0x1002 }
W/InputMethodManagerService(  230): Window already focused, ignoring focus gain of: com.android.internal.view.IInputMethodClient$Stub$Proxy@b3ed6390 attribute=null
I/Choreographer(  437): Skipped 69 frames!  The application may be doing too much work on its main thread.
V/PhoneStatusBar(  437): setLightsOn(true)
D/PhoneStatusBar(  437): disable: < expand icons alerts ticker* system_info back home recent clock >
I/Choreographer( 1029): Skipped 35 frames!  The application may be doing too much work on its main thread.
D/InputEventConsistencyVerifier(  437): TouchEvent: ACTION_DOWN but pointers are already down.  Probably missing ACTION_UP from previous gesture.
D/InputEventConsistencyVerifier(  437):   in android.view.ScaleGestureDetector@b3e988b0
D/InputEventConsistencyVerifier(  437):   0: sent at 264470000000, MotionEvent { action=ACTION_DOWN, id[0]=0, x[0]=266.0, y[0]=26.0, toolType[0]=TOOL_TYPE_UNKNOWN, buttonState=0, metaState=0, flags=0x0, edgeFlags=0x0, pointerCount=1, historySize=0, eventTime=264470, downTime=264470, deviceId=0, source=0x1002 }
D/InputEventConsistencyVerifier(  437):   -- recent events --
D/InputEventConsistencyVerifier(  437):   1: sent at 263921000000, MotionEvent { action=ACTION_DOWN, id[0]=0, x[0]=131.0, y[0]=443.0, toolType[0]=TOOL_TYPE_UNKNOWN, buttonState=0, metaState=0, flags=0x80000000, edgeFlags=0x0, pointerCount=1, historySize=0, eventTime=263921, downTime=263905, deviceId=0, source=0x1002 }
D/InputEventConsistencyVerifier(  437):   2: sent at 263800000000, MotionEvent { action=ACTION_DOWN, id[0]=0, x[0]=87.0, y[0]=201.0, toolType[0]=TOOL_TYPE_UNKNOWN, buttonState=0, metaState=0, flags=0x80000000, edgeFlags=0x0, pointerCount=1, historySize=0, eventTime=263800, downTime=263799, deviceId=0, source=0x1002 }
D/InputEventConsistencyVerifier(  437):   3: sent at 263547000000, MotionEvent { action=ACTION_DOWN, id[0]=0, x[0]=227.0, y[0]=649.0, toolType[0]=TOOL_TYPE_UNKNOWN, buttonState=0, metaState=0, flags=0x0, edgeFlags=0x0, pointerCount=1, historySize=0, eventTime=263547, downTime=263530, deviceId=0, source=0x1002 }
D/InputEventConsistencyVerifier(  437):   4: sent at 263251000000, MotionEvent { action=ACTION_UP, id[0]=0, x[0]=401.0, y[0]=37.0, toolType[0]=TOOL_TYPE_UNKNOWN, buttonState=0, metaState=0, flags=0x0, edgeFlags=0x0, pointerCount=1, historySize=0, eventTime=263251, downTime=263222, deviceId=0, source=0x1002 }
D/InputEventConsistencyVerifier(  437):   5: sent at 263223000000, MotionEvent { action=ACTION_DOWN, id[0]=0, x[0]=396.0, y[0]=22.0, toolType[0]=TOOL_TYPE_UNKNOWN, buttonState=0, metaState=0, flags=0x80000000, edgeFlags=0x0, pointerCount=1, historySize=0, eventTime=263223, downTime=263222, deviceId=0, source=0x1002 }
W/dalvikvm(  437): DroidBox: { "FdAccess": { "path": "2f70726f632f6d656d696e666f", "id": "194067189" } }
W/DroidBox(  437): DroidBox: { "FileRW": { "operation": "read", "data": "4d656d546f74616c3a202020202020202020373438393634206b420a4d656d467265653a20202020202020202020343336343030206b420a427566666572733a20202020202020202020202035363932206b420a4361636865643a202020202020202020", "id": "194067189" } }
I/Choreographer(  437): Skipped 41 frames!  The application may be doing too much work on its main thread.
W/dalvikvm(  437): DroidBox: { "FdAccess": { "path": "2f70726f632f6d656d696e666f", "id": "490856313" } }
W/DroidBox(  437): DroidBox: { "FileRW": { "operation": "read", "data": "4d656d546f74616c3a202020202020202020373438393634206b420a4d656d467265653a20202020202020202020343336343030206b420a427566666572733a20202020202020202020202035363932206b420a4361636865643a202020202020202020", "id": "490856313" } }
V/PhoneStatusBar(  437): setLightsOn(true)
D/PhoneStatusBar(  437): disable: < expand icons alerts TICKER* system_info back home recent clock >
I/Choreographer( 1029): Skipped 31 frames!  The application may be doing too much work on its main thread.
W/DroidBox( 1106): DroidBox: { "ServiceStart": { "name": "com.android.music.MediaPlaybackService" } }
W/DroidBox( 1106): DroidBox: { "ServiceStart": { "name": "com.android.music.MediaPlaybackService" } }
I/Choreographer(  437): Skipped 42 frames!  The application may be doing too much work on its main thread.
V/PhoneStatusBar(  437): setLightsOn(true)
D/PhoneStatusBar(  437): disable: < expand icons alerts ticker* system_info back home recent clock >
I/AudioService(  230):  AudioFocus  requestAudioFocus() from android.media.AudioManager@b3dd7288com.android.music.MediaPlaybackService$3@b3dd5ac0
I/AudioService(  230):   Remote Control   registerMediaButtonIntent() for PendingIntent{b4027c00: PendingIntentRecord{b3fc17f0 com.android.music broadcastIntent}}
I/Choreographer( 1029): Skipped 99 frames!  The application may be doing too much work on its main thread.
W/InputMethodManagerService(  230): Window already focused, ignoring focus gain of: com.android.internal.view.IInputMethodClient$Stub$Proxy@b3f6fbd0 attribute=null
D/InputEventConsistencyVerifier( 1029): TrackballEvent: Trackball is down but pressure is not greater than 0.
D/InputEventConsistencyVerifier( 1029):   in android.view.ViewRootImpl@b3f2aaf0
D/InputEventConsistencyVerifier( 1029):   0: sent at 266066000000, MotionEvent { action=ACTION_DOWN, id[0]=0, x[0]=0.0, y[0]=0.0, toolType[0]=TOOL_TYPE_UNKNOWN, buttonState=0, metaState=0, flags=0x0, edgeFlags=0x0, pointerCount=1, historySize=0, eventTime=266066, downTime=266025, deviceId=0, source=0x10004 }
D/InputEventConsistencyVerifier( 1029):   -- recent events --
D/InputEventConsistencyVerifier( 1029):   1: sent at 266063000000, MotionEvent { action=ACTION_MOVE, id[0]=0, x[0]=-3.0, y[0]=4.0, toolType[0]=TOOL_TYPE_UNKNOWN, buttonState=0, metaState=0, flags=0x0, edgeFlags=0x0, pointerCount=1, historySize=9, eventTime=266063, downTime=-1, deviceId=0, source=0x10004 }
D/InputEventConsistencyVerifier( 1029):   2: sent at 265982000000, KeyEvent { action=ACTION_UP, keyCode=KEYCODE_DPAD_RIGHT, scanCode=0, metaState=0, flags=0x8, repeatCount=0, eventTime=265982, downTime=265982, deviceId=-1, source=0x101 }
