D/InputEventConsistencyVerifier(  633): KeyEvent: ACTION_UP but key was not down.
D/InputEventConsistencyVerifier(  633):   in com.android.internal.policy.impl.PhoneWindow$DecorView@b41500f0
D/InputEventConsistencyVerifier(  633):   0: sent at 116007000000, KeyEvent { action=ACTION_UP, keyCode=KEYCODE_DPAD_RIGHT, scanCode=0, metaState=0, flags=0x8, repeatCount=0, eventTime=116007, downTime=116007, deviceId=-1, source=0x101 }
W/dalvikvm( 1010): DroidBox: { "FdAccess": { "path": "2f6465762f696e7075742f6576656e7430", "id": "1694314169" } }
W/DroidBox( 1010): DroidBox: { "FileRW": { "operation": "write", "data": "efbfbd060000efbfbdefbfbd0c000500000000000000", "id": "1694314169" } }
I/ActivityManager(  230): START {act=android.search.action.GLOBAL_SEARCH flg=0x10000000 cmp=com.android.quicksearchbox/.SearchActivity bnds=[5,43][475,103] (has extras) u=0} from pid 633
E/Trace   ( 1029): error opening trace file: No such file or directory (2)
I/ARMAssembler(   59): generated scanline__00000077:03010104_00008002_00000000 [ 89 ipp] (110 ins) at [0xb5c15710:0xb5c158c8] in 10000000 ns
I/dalvikvm-heap(  633): Grow heap (frag case) to 15.148MB for 1463056-byte allocation
W/DroidBox( 1029): DroidBox: { "DexClassLoader": { "path": "/data/app/watch.tv.free.live-1.apk" } }
E/WVMExtractor(   62): Failed to open libwvm.so
W/InputMethodManagerService(  230): Starting input on non-focused client com.android.internal.view.IInputMethodClient$Stub$Proxy@b433c8f8 (uid=10019 pid=633)
D/InputEventConsistencyVerifier(  633): KeyEvent: ACTION_UP but key was not down.
D/InputEventConsistencyVerifier(  633):   in com.android.launcher2.Cling@b418aa48
D/InputEventConsistencyVerifier(  633):   0: sent at 116308000000, KeyEvent { action=ACTION_UP, keyCode=KEYCODE_DPAD_DOWN, scanCode=0, metaState=0, flags=0x8, repeatCount=0, eventTime=116308, downTime=116308, deviceId=-1, source=0x101 }
I/Choreographer(  633): Skipped 283 frames!  The application may be doing too much work on its main thread.
W/dalvikvm( 1029): DroidBox: { "FdAccess": { "path": "2f646174612f646174612f77617463682e74762e667265652e6c6976652f7368617265645f70726566732f776174636874765f73657474696e67732e786d6c", "id": "1018927279" } }
W/DroidBox( 1029): DroidBox: { "FileRW": { "operation": "write", "data": "3c3f786d6c2076657273696f6e3d27312e302720656e636f64696e673d277574662d3827207374616e64616c6f6e653d2779657327203f3e0a3c6d61703e0a3c6c6f6e67206e616d653d226c6173745f74696d655f73686f7765645f6e6577222076616c", "id": "1018927279" } }
E/WVMExtractor(   62): Failed to open libwvm.so
E/WVMExtractor(   62): Failed to open libwvm.so
D/RevMob  ( 1029): Fetching Ad with SDK version 3.2.5
D/RevMob  ( 1029): url: https://android.bcfads.com/api/v4/mobile_apps/50076b25f87bce000b00002f/fullscreens/fetch.json
D/RevMob  ( 1029): POST: {"device":{"connection_speed":"wwan","identities":{"mobile_id":"357242043237511","android_id":"7e8c94b2e4ef6d76"},"model":"Full Android on Emulator","manufacturer":"unknown","locale":"en-US","os_version":"4.1.1"},"sdk":{"version":"3.2.5"}}
E/WVMExtractor(   62): Failed to open libwvm.so
E/WVMExtractor(   62): Failed to open libwvm.so
E/WVMExtractor(   62): Failed to open libwvm.so
W/dalvikvm( 1029): DroidBox: { "FdAccess": { "path": "2f646174612f646174612f77617463682e74762e667265652e6c6976652f7368617265645f70726566732f4d61696e537065632e786d6c", "id": "305241208" } }
W/DroidBox( 1029): DroidBox: { "FileRW": { "operation": "write", "data": "3c3f786d6c2076657273696f6e3d27312e302720656e636f64696e673d277574662d3827207374616e64616c6f6e653d2779657327203f3e0a3c6d6170202f3e0a", "id": "305241208" } }
D/PackageManager(  230): generateServicesMap(android.accounts.AccountAuthenticator): 2 services unchanged
D/PackageManager(  230): generateServicesMap(android.content.SyncAdapter): 4 services unchanged
I/InputReader(  230): Reconfiguring input devices.  changes=0x00000010
I/AirpushSDK( 1029): Push else showToast....true
W/dalvikvm(  230): DroidBox: { "FdAccess": { "path": "2f70726f632f313031302f636d646c696e65", "id": "2044390822" } }
W/DroidBox(  230): DroidBox: { "FileRW": { "operation": "read", "data": "636f6d2e616e64726f69642e636f6d6d616e64732e6d6f6e6b65790000000000000000000000000000000000000000000000000000000000000000000000000000000000000000000000000000000000000000000000000000003935343734652e61706b", "id": "2044390822" } }
W/dalvikvm(  230): DroidBox: { "FdAccess": { "path": "2f70726f632f313032392f636d646c696e65", "id": "345089659" } }
W/DroidBox(  230): DroidBox: { "FileRW": { "operation": "read", "data": "77617463682e74762e667265652e6c6976650000000000000000000000000000000000000000000000000000000000000000000000000000000000000000000000000000000000000000000000000000000000000000000000003935343734652e61706b", "id": "345089659" } }
I/AccountTypeManager(  730): Loaded meta-data for 1 account types, 0 accounts in 11ms(wall) 0ms(cpu)
W/dalvikvm(  872): DroidBox: { "FdAccess": { "path": "2f646174612f646174612f636f6d2e616e64726f69642e67616c6c65727933642f7368617265645f70726566732f636f6d2e616e64726f69642e67616c6c65727933645f707265666572656e6365732e786d6c", "id": "1059763005" } }
W/DroidBox(  872): DroidBox: { "FileRW": { "operation": "write", "data": "3c3f786d6c2076657273696f6e3d27312e302720656e636f64696e673d277574662d3827207374616e64616c6f6e653d2779657327203f3e0a3c6d61703e0a3c696e74206e616d653d227061636b616765732d76657273696f6e222076616c75653d2238", "id": "1059763005" } }
W/dalvikvm( 1029): DroidBox: { "FdAccess": { "path": "2f646174612f646174612f77617463682e74762e667265652e6c6976652f7368617265645f70726566732f55736572436f6e6669672e786d6c", "id": "1975904288" } }
W/DroidBox( 1029): DroidBox: { "FileRW": { "operation": "write", "data": "3c3f786d6c2076657273696f6e3d27312e302720656e636f64696e673d277574662d3827207374616e64616c6f6e653d2779657327203f3e0a3c6d61703e0a3c6c6f6e67206e616d653d226c61737453796e635370656354696d65222076616c75653d22", "id": "1975904288" } }
I/InputDispatcher(  230): Application is not responding: AppWindowToken{b3fd7790 token=Token{b3f9f620 ActivityRecord{b3f9f3a8 watch.tv.free.live/.TabWidgetActivity}}}.  It has been 5244.6ms since event, 5002.0ms since wait started.  Reason: Waiting because no window has focus but there is a focused application that may eventually add a window when it finishes starting up.
I/WindowManager(  230): Input event dispatching timed out sending to application AppWindowToken{b3fd7790 token=Token{b3f9f620 ActivityRecord{b3f9f3a8 watch.tv.free.live/.TabWidgetActivity}}}
I/Process (  230): Sending signal. PID: 1029 SIG: 3
I/Process (  230): Sending signal. PID: 230 SIG: 3
E/WVMExtractor(   62): Failed to open libwvm.so
I/Process (  230): Sending signal. PID: 431 SIG: 3
I/Process (  230): Sending signal. PID: 499 SIG: 3
W/dalvikvm(  230): DroidBox: { "FdAccess": { "path": "2f70726f632f312f636d646c696e65", "id": "1913668908" } }
W/DroidBox(  230): DroidBox: { "FileRW": { "operation": "read", "data": "2f696e69740000000000000000000000000000000000000000000000000000000000000000000000000000000000000000000000000000000000000000000000000000000000000000000000000000000000000000000000000000000000000000000000", "id": "1913668908" } }
W/dalvikvm(  230): DroidBox: { "FdAccess": { "path": "2f70726f632f322f636d646c696e65", "id": "1466204015" } }
W/DroidBox(  230): DroidBox: { "FileRW": { "operation": "read", "data": "2f696e69740000000000000000000000000000000000000000000000000000000000000000000000000000000000000000000000000000000000000000000000000000000000000000000000000000000000000000000000000000000000000000000000", "id": "1466204015" } }
W/dalvikvm(  230): DroidBox: { "FdAccess": { "path": "2f70726f632f332f636d646c696e65", "id": "1391347332" } }
W/DroidBox(  230): DroidBox: { "FileRW": { "operation": "read", "data": "2f696e69740000000000000000000000000000000000000000000000000000000000000000000000000000000000000000000000000000000000000000000000000000000000000000000000000000000000000000000000000000000000000000000000", "id": "1391347332" } }
W/dalvikvm(  230): DroidBox: { "FdAccess": { "path": "2f70726f632f342f636d646c696e65", "id": "1356405590" } }
W/DroidBox(  230): DroidBox: { "FileRW": { "operation": "read", "data": "2f696e69740000000000000000000000000000000000000000000000000000000000000000000000000000000000000000000000000000000000000000000000000000000000000000000000000000000000000000000000000000000000000000000000", "id": "1356405590" } }
W/dalvikvm(  230): DroidBox: { "FdAccess": { "path": "2f70726f632f352f636d646c696e65", "id": "1943511017" } }
W/DroidBox(  230): DroidBox: { "FileRW": { "operation": "read", "data": "2f696e69740000000000000000000000000000000000000000000000000000000000000000000000000000000000000000000000000000000000000000000000000000000000000000000000000000000000000000000000000000000000000000000000", "id": "1943511017" } }
W/dalvikvm(  230): DroidBox: { "FdAccess": { "path": "2f70726f632f362f636d646c696e65", "id": "1167035332" } }
W/DroidBox(  230): DroidBox: { "FileRW": { "operation": "read", "data": "2f696e69740000000000000000000000000000000000000000000000000000000000000000000000000000000000000000000000000000000000000000000000000000000000000000000000000000000000000000000000000000000000000000000000", "id": "1167035332" } }
W/dalvikvm(  230): DroidBox: { "FdAccess": { "path": "2f70726f632f372f636d646c696e65", "id": "2117048602" } }
W/DroidBox(  230): DroidBox: { "FileRW": { "operation": "read", "data": "2f696e69740000000000000000000000000000000000000000000000000000000000000000000000000000000000000000000000000000000000000000000000000000000000000000000000000000000000000000000000000000000000000000000000", "id": "2117048602" } }
W/dalvikvm(  230): DroidBox: { "FdAccess": { "path": "2f70726f632f382f636d646c696e65", "id": "626108486" } }
W/DroidBox(  230): DroidBox: { "FileRW": { "operation": "read", "data": "2f696e69740000000000000000000000000000000000000000000000000000000000000000000000000000000000000000000000000000000000000000000000000000000000000000000000000000000000000000000000000000000000000000000000", "id": "626108486" } }
W/dalvikvm(  230): DroidBox: { "FdAccess": { "path": "2f70726f632f392f636d646c696e65", "id": "359989789" } }
W/DroidBox(  230): DroidBox: { "FileRW": { "operation": "read", "data": "2f696e69740000000000000000000000000000000000000000000000000000000000000000000000000000000000000000000000000000000000000000000000000000000000000000000000000000000000000000000000000000000000000000000000", "id": "359989789" } }
W/dalvikvm(  230): DroidBox: { "FdAccess": { "path": "2f70726f632f31302f636d646c696e65", "id": "457420200" } }
W/DroidBox(  230): DroidBox: { "FileRW": { "operation": "read", "data": "2f696e69740000000000000000000000000000000000000000000000000000000000000000000000000000000000000000000000000000000000000000000000000000000000000000000000000000000000000000000000000000000000000000000000", "id": "457420200" } }
W/dalvikvm(  230): DroidBox: { "FdAccess": { "path": "2f70726f632f31312f636d646c696e65", "id": "794635760" } }
W/DroidBox(  230): DroidBox: { "FileRW": { "operation": "read", "data": "2f696e69740000000000000000000000000000000000000000000000000000000000000000000000000000000000000000000000000000000000000000000000000000000000000000000000000000000000000000000000000000000000000000000000", "id": "794635760" } }
W/dalvikvm(  230): DroidBox: { "FdAccess": { "path": "2f70726f632f31322f636d646c696e65", "id": "1173865310" } }
W/DroidBox(  230): DroidBox: { "FileRW": { "operation": "read", "data": "2f696e69740000000000000000000000000000000000000000000000000000000000000000000000000000000000000000000000000000000000000000000000000000000000000000000000000000000000000000000000000000000000000000000000", "id": "1173865310" } }
W/dalvikvm(  230): DroidBox: { "FdAccess": { "path": "2f70726f632f31332f636d646c696e65", "id": "1621969613" } }
W/DroidBox(  230): DroidBox: { "FileRW": { "operation": "read", "data": "2f696e69740000000000000000000000000000000000000000000000000000000000000000000000000000000000000000000000000000000000000000000000000000000000000000000000000000000000000000000000000000000000000000000000", "id": "1621969613" } }
W/dalvikvm(  230): DroidBox: { "FdAccess": { "path": "2f70726f632f31342f636d646c696e65", "id": "1713151101" } }
W/DroidBox(  230): DroidBox: { "FileRW": { "operation": "read", "data": "2f696e69740000000000000000000000000000000000000000000000000000000000000000000000000000000000000000000000000000000000000000000000000000000000000000000000000000000000000000000000000000000000000000000000", "id": "1713151101" } }
W/dalvikvm(  230): DroidBox: { "FdAccess": { "path": "2f70726f632f32352f636d646c696e65", "id": "425159449" } }
W/DroidBox(  230): DroidBox: { "FileRW": { "operation": "read", "data": "2f696e69740000000000000000000000000000000000000000000000000000000000000000000000000000000000000000000000000000000000000000000000000000000000000000000000000000000000000000000000000000000000000000000000", "id": "425159449" } }
W/dalvikvm(  230): DroidBox: { "FdAccess": { "path": "2f70726f632f32362f636d646c696e65", "id": "1450234362" } }
W/DroidBox(  230): DroidBox: { "FileRW": { "operation": "read", "data": "2f696e69740000000000000000000000000000000000000000000000000000000000000000000000000000000000000000000000000000000000000000000000000000000000000000000000000000000000000000000000000000000000000000000000", "id": "1450234362" } }
W/dalvikvm(  230): DroidBox: { "FdAccess": { "path": "2f70726f632f32372f636d646c696e65", "id": "633447686" } }
W/DroidBox(  230): DroidBox: { "FileRW": { "operation": "read", "data": "2f696e69740000000000000000000000000000000000000000000000000000000000000000000000000000000000000000000000000000000000000000000000000000000000000000000000000000000000000000000000000000000000000000000000", "id": "633447686" } }
W/dalvikvm(  230): DroidBox: { "FdAccess": { "path": "2f70726f632f32382f636d646c696e65", "id": "233830623" } }
W/DroidBox(  230): DroidBox: { "FileRW": { "operation": "read", "data": "2f696e69740000000000000000000000000000000000000000000000000000000000000000000000000000000000000000000000000000000000000000000000000000000000000000000000000000000000000000000000000000000000000000000000", "id": "233830623" } }
W/dalvikvm(  230): DroidBox: { "FdAccess": { "path": "2f70726f632f32392f636d646c696e65", "id": "574712515" } }
W/DroidBox(  230): DroidBox: { "FileRW": { "operation": "read", "data": "2f696e69740000000000000000000000000000000000000000000000000000000000000000000000000000000000000000000000000000000000000000000000000000000000000000000000000000000000000000000000000000000000000000000000", "id": "574712515" } }
W/dalvikvm(  230): DroidBox: { "FdAccess": { "path": "2f70726f632f33302f636d646c696e65", "id": "2081121927" } }
W/DroidBox(  230): DroidBox: { "FileRW": { "operation": "read", "data": "2f696e69740000000000000000000000000000000000000000000000000000000000000000000000000000000000000000000000000000000000000000000000000000000000000000000000000000000000000000000000000000000000000000000000", "id": "2081121927" } }
W/dalvikvm(  230): DroidBox: { "FdAccess": { "path": "2f70726f632f33312f636d646c696e65", "id": "1665308917" } }
W/DroidBox(  230): DroidBox: { "FileRW": { "operation": "read", "data": "2f7362696e2f756576656e7464000000000000000000000000000000000000000000000000000000000000000000000000000000000000000000000000000000000000000000000000000000000000000000000000000000000000000000000000000000", "id": "1665308917" } }
W/dalvikvm(  230): DroidBox: { "FdAccess": { "path": "2f70726f632f33332f636d646c696e65", "id": "1639050860" } }
W/DroidBox(  230): DroidBox: { "FileRW": { "operation": "read", "data": "2f7362696e2f756576656e7464000000000000000000000000000000000000000000000000000000000000000000000000000000000000000000000000000000000000000000000000000000000000000000000000000000000000000000000000000000", "id": "1639050860" } }
W/dalvikvm(  230): DroidBox: { "FdAccess": { "path": "2f70726f632f33342f636d646c696e65", "id": "375750779" } }
W/DroidBox(  230): DroidBox: { "FileRW": { "operation": "read", "data": "2f7362696e2f756576656e7464000000000000000000000000000000000000000000000000000000000000000000000000000000000000000000000000000000000000000000000000000000000000000000000000000000000000000000000000000000", "id": "375750779" } }
W/dalvikvm(  230): DroidBox: { "FdAccess": { "path": "2f70726f632f33382f636d646c696e65", "id": "1355514522" } }
W/DroidBox(  230): DroidBox: { "FileRW": { "operation": "read", "data": "2f7362696e2f756576656e7464000000000000000000000000000000000000000000000000000000000000000000000000000000000000000000000000000000000000000000000000000000000000000000000000000000000000000000000000000000", "id": "1355514522" } }
W/dalvikvm(  230): DroidBox: { "FdAccess": { "path": "2f70726f632f34302f636d646c696e65", "id": "448236623" } }
W/DroidBox(  230): DroidBox: { "FileRW": { "operation": "read", "data": "2f7362696e2f756576656e7464000000000000000000000000000000000000000000000000000000000000000000000000000000000000000000000000000000000000000000000000000000000000000000000000000000000000000000000000000000", "id": "448236623" } }
W/dalvikvm(  230): DroidBox: { "FdAccess": { "path": "2f70726f632f34312f636d646c696e65", "id": "1374001248" } }
W/DroidBox(  230): DroidBox: { "FileRW": { "operation": "read", "data": "2f7362696e2f756576656e7464000000000000000000000000000000000000000000000000000000000000000000000000000000000000000000000000000000000000000000000000000000000000000000000000000000000000000000000000000000", "id": "1374001248" } }
W/dalvikvm(  230): DroidBox: { "FdAccess": { "path": "2f70726f632f34342f636d646c696e65", "id": "1451381576" } }
W/DroidBox(  230): DroidBox: { "FileRW": { "operation": "read", "data": "2f7362696e2f756576656e7464000000000000000000000000000000000000000000000000000000000000000000000000000000000000000000000000000000000000000000000000000000000000000000000000000000000000000000000000000000", "id": "1451381576" } }
W/dalvikvm(  230): DroidBox: { "FdAccess": { "path": "2f70726f632f34362f636d646c696e65", "id": "76983365" } }
W/DroidBox(  230): DroidBox: { "FileRW": { "operation": "read", "data": "2f7362696e2f756576656e7464000000000000000000000000000000000000000000000000000000000000000000000000000000000000000000000000000000000000000000000000000000000000000000000000000000000000000000000000000000", "id": "76983365" } }
W/dalvikvm(  230): DroidBox: { "FdAccess": { "path": "2f70726f632f34372f636d646c696e65", "id": "1802971214" } }
W/DroidBox(  230): DroidBox: { "FileRW": { "operation": "read", "data": "2f7362696e2f756576656e7464000000000000000000000000000000000000000000000000000000000000000000000000000000000000000000000000000000000000000000000000000000000000000000000000000000000000000000000000000000", "id": "1802971214" } }
W/dalvikvm(  230): DroidBox: { "FdAccess": { "path": "2f70726f632f34382f636d646c696e65", "id": "1810627049" } }
W/DroidBox(  230): DroidBox: { "FileRW": { "operation": "read", "data": "2f73797374656d2f62696e2f71656d75640000000000000000000000000000000000000000000000000000000000000000000000000000000000000000000000000000000000000000000000000000000000000000000000000000000000000000000000", "id": "1810627049" } }
W/dalvikvm(  230): DroidBox: { "FdAccess": { "path": "2f70726f632f35332f636d646c696e65", "id": "1821429338" } }
W/DroidBox(  230): DroidBox: { "FileRW": { "operation": "read", "data": "2f73797374656d2f62696e2f736572766963656d616e616765720000000000000000000000000000000000000000000000000000000000000000000000000000000000000000000000000000000000000000000000000000000000000000000000000000", "id": "1821429338" } }
W/dalvikvm(  230): DroidBox: { "FdAccess": { "path": "2f70726f632f35342f636d646c696e65", "id": "2132376070" } }
W/DroidBox(  230): DroidBox: { "FileRW": { "operation": "read", "data": "2f73797374656d2f62696e2f766f6c640063656d616e616765720000000000000000000000000000000000000000000000000000000000000000000000000000000000000000000000000000000000000000000000000000000000000000000000000000", "id": "2132376070" } }
W/dalvikvm(  230): DroidBox: { "FdAccess": { "path": "2f70726f632f35362f636d646c696e65", "id": "776477173" } }
W/DroidBox(  230): DroidBox: { "FileRW": { "operation": "read", "data": "2f73797374656d2f62696e2f6e6574640063656d616e616765720000000000000000000000000000000000000000000000000000000000000000000000000000000000000000000000000000000000000000000000000000000000000000000000000000", "id": "776477173" } }
W/dalvikvm(  230): DroidBox: { "FdAccess": { "path": "2f70726f632f35372f636d646c696e65", "id": "1644787821" } }
W/DroidBox(  230): DroidBox: { "FileRW": { "operation": "read", "data": "2f73797374656d2f62696e2f64656275676765726400616765720000000000000000000000000000000000000000000000000000000000000000000000000000000000000000000000000000000000000000000000000000000000000000000000000000", "id": "1644787821" } }
W/dalvikvm(  230): DroidBox: { "FdAccess": { "path": "2f70726f632f35382f636d646c696e65", "id": "1694414255" } }
W/DroidBox(  230): DroidBox: { "FileRW": { "operation": "read", "data": "2f73797374656d2f62696e2f72696c64006765726400616765720000000000000000000000000000000000000000000000000000000000000000000000000000000000000000000000000000000000000000000000000000000000000000000000000000", "id": "1694414255" } }
W/dalvikvm(  230): DroidBox: { "FdAccess": { "path": "2f70726f632f35392f636d646c696e65", "id": "991888350" } }
W/DroidBox(  230): DroidBox: { "FileRW": { "operation": "read", "data": "2f73797374656d2f62696e2f73757266616365666c696e6765720000000000000000000000000000000000000000000000000000000000000000000000000000000000000000000000000000000000000000000000000000000000000000000000000000", "id": "991888350" } }
W/dalvikvm(  230): DroidBox: { "FdAccess": { "path": "2f70726f632f36302f636d646c696e65", "id": "1740672629" } }
W/DroidBox(  230): DroidBox: { "FileRW": { "operation": "read", "data": "7a79676f7465002f62696e2f6170705f70726f63657373002d587a79676f7465002f73797374656d2f62696e002d2d7a79676f7465002d2d73746172742d73797374656d2d73657276657200000000000000000000000000000000000000000000000000", "id": "1740672629" } }
W/dalvikvm(  230): DroidBox: { "FdAccess": { "path": "2f70726f632f36312f636d646c696e65", "id": "646731185" } }
W/DroidBox(  230): DroidBox: { "FileRW": { "operation": "read", "data": "2f73797374656d2f62696e2f64726d7365727665720073002d587a79676f7465002f73797374656d2f62696e002d2d7a79676f7465002d2d73746172742d73797374656d2d73657276657200000000000000000000000000000000000000000000000000", "id": "646731185" } }
W/dalvikvm(  230): DroidBox: { "FdAccess": { "path": "2f70726f632f36322f636d646c696e65", "id": "1298390547" } }
W/DroidBox(  230): DroidBox: { "FileRW": { "operation": "read", "data": "2f73797374656d2f62696e2f6d65646961736572766572002d587a79676f7465002f73797374656d2f62696e002d2d7a79676f7465002d2d73746172742d73797374656d2d73657276657200000000000000000000000000000000000000000000000000", "id": "1298390547" } }
W/dalvikvm(  230): DroidBox: { "FdAccess": { "path": "2f70726f632f36332f636d646c696e65", "id": "1206008775" } }
W/DroidBox(  230): DroidBox: { "FileRW": { "operation": "read", "data": "2f73797374656d2f62696e2f646275732d6461656d6f6e002d2d73797374656d002d2d6e6f666f726b00696e002d2d7a79676f7465002d2d73746172742d73797374656d2d73657276657200000000000000000000000000000000000000000000000000", "id": "1206008775" } }
W/dalvikvm(  230): DroidBox: { "FdAccess": { "path": "2f70726f632f36342f636d646c696e65", "id": "1971666325" } }
W/DroidBox(  230): DroidBox: { "FileRW": { "operation": "read", "data": "2f73797374656d2f62696e2f696e7374616c6c64006f6e002d2d73797374656d002d2d6e6f666f726b00696e002d2d7a79676f7465002d2d73746172742d73797374656d2d73657276657200000000000000000000000000000000000000000000000000", "id": "1971666325" } }
W/dalvikvm(  230): DroidBox: { "FdAccess": { "path": "2f70726f632f36352f636d646c696e65", "id": "140321903" } }
W/DroidBox(  230): DroidBox: { "FileRW": { "operation": "read", "data": "2f73797374656d2f62696e2f6b657973746f7265002f646174612f6d6973632f6b657973746f72650000696e002d2d7a79676f7465002d2d73746172742d73797374656d2d73657276657200000000000000000000000000000000000000000000000000", "id": "140321903" } }
W/dalvikvm(  230): DroidBox: { "FdAccess": { "path": "2f70726f632f36362f636d646c696e65", "id": "51617749" } }
W/DroidBox(  230): DroidBox: { "FileRW": { "operation": "read", "data": "2f73797374656d2f62696e2f73680073746f7265002f646174612f6d6973632f6b657973746f72650000696e002d2d7a79676f7465002d2d73746172742d73797374656d2d73657276657200000000000000000000000000000000000000000000000000", "id": "51617749" } }
W/dalvikvm(  230): DroidBox: { "FdAccess": { "path": "2f70726f632f36372f636d646c696e65", "id": "269026199" } }
W/DroidBox(  230): DroidBox: { "FileRW": { "operation": "read", "data": "2f7362696e2f61646264002f73680073746f7265002f646174612f6d6973632f6b657973746f72650000696e002d2d7a79676f7465002d2d73746172742d73797374656d2d73657276657200000000000000000000000000000000000000000000000000", "id": "269026199" } }
W/dalvikvm(  230): DroidBox: { "FdAccess": { "path": "2f70726f632f3132362f636d646c696e65", "id": "1885477339" } }
W/DroidBox(  230): DroidBox: { "FileRW": { "operation": "read", "data": "2f7362696e2f61646264002f73680073746f7265002f646174612f6d6973632f6b657973746f72650000696e002d2d7a79676f7465002d2d73746172742d73797374656d2d73657276657200000000000000000000000000000000000000000000000000", "id": "1885477339" } }
W/dalvikvm(  230): DroidBox: { "FdAccess": { "path": "2f70726f632f3233302f636d646c696e65", "id": "623298456" } }
W/DroidBox(  230): DroidBox: { "FileRW": { "operation": "read", "data": "73797374656d5f736572766572000000000000000000000000000000000000000000000000000000000000000000000000000000000000000000000000000000000000000000000000000000000000000000000000000000000000000000000000000000", "id": "623298456" } }
W/dalvikvm(  230): DroidBox: { "FdAccess": { "path": "2f70726f632f3433312f636d646c696e65", "id": "759293682" } }
W/DroidBox(  230): DroidBox: { "FileRW": { "operation": "read", "data": "636f6d2e616e64726f69642e73797374656d75690000000000000000000000000000000000000000000000000000000000000000000000000000000000000000000000000000000000000000000000000000000000000000000000000000000000000000", "id": "759293682" } }
W/dalvikvm(  230): DroidBox: { "FdAccess": { "path": "2f70726f632f3438342f636d646c696e65", "id": "1930147843" } }
W/DroidBox(  230): DroidBox: { "FileRW": { "operation": "read", "data": "636f6d2e616e64726f69642e696e7075746d6574686f642e6c6174696e0000000000000000000000000000000000000000000000000000000000000000000000000000000000000000000000000000000000000000000000000000000000000000000000", "id": "1930147843" } }
W/dalvikvm(  230): DroidBox: { "FdAccess": { "path": "2f70726f632f3439392f636d646c696e65", "id": "1666389742" } }
W/DroidBox(  230): DroidBox: { "FileRW": { "operation": "read", "data": "636f6d2e616e64726f69642e70686f6e650000000000000000000000000000000000000000000000000000000000000000000000000000000000000000000000000000000000000000000000000000000000000000000000000000000000000000000000", "id": "1666389742" } }
W/dalvikvm(  230): DroidBox: { "FdAccess": { "path": "2f70726f632f3531352f636d646c696e65", "id": "948451063" } }
W/DroidBox(  230): DroidBox: { "FileRW": { "operation": "read", "data": "636f6d2e616e64726f69642e73657474696e67730000000000000000000000000000000000000000000000000000000000000000000000000000000000000000000000000000000000000000000000000000000000000000000000000000000000000000", "id": "948451063" } }
W/dalvikvm(  230): DroidBox: { "FdAccess": { "path": "2f70726f632f3535382f636d646c696e65", "id": "1678690471" } }
W/DroidBox(  230): DroidBox: { "FileRW": { "operation": "read", "data": "636f6d2e616e64726f69642e736d7370757368000000000000000000000000000000000000000000000000000000000000000000000000000000000000000000000000000000000000000000000000000000000000000000000000000000000000000000", "id": "1678690471" } }
W/dalvikvm(  230): DroidBox: { "FdAccess": { "path": "2f70726f632f3537322f636d646c696e65", "id": "1590392126" } }
W/DroidBox(  230): DroidBox: { "FileRW": { "operation": "read", "data": "616e64726f69642e70726f636573732e61636f726500000000000000000000000000000000000000000000000000000000000000000000000000000000000000000000000000000000000000000000000000000000000000000000000000000000000000", "id": "1590392126" } }
W/dalvikvm(  230): DroidBox: { "FdAccess": { "path": "2f70726f632f3630382f636d646c696e65", "id": "1979764915" } }
W/DroidBox(  230): DroidBox: { "FileRW": { "operation": "read", "data": "636f6d2e616e64726f69642e63616c656e6461720000000000000000000000000000000000000000000000000000000000000000000000000000000000000000000000000000000000000000000000000000000000000000000000000000000000000000", "id": "1979764915" } }
W/dalvikvm(  230): DroidBox: { "FdAccess": { "path": "2f70726f632f3633332f636d646c696e65", "id": "1126749707" } }
W/DroidBox(  230): DroidBox: { "FileRW": { "operation": "read", "data": "636f6d2e616e64726f69642e6c61756e636865720000000000000000000000000000000000000000000000000000000000000000000000000000000000000000000000000000000000000000000000000000000000000000000000000000000000000000", "id": "1126749707" } }
W/dalvikvm(  230): DroidBox: { "FdAccess": { "path": "2f70726f632f3636322f636d646c696e65", "id": "194652833" } }
W/DroidBox(  230): DroidBox: { "FileRW": { "operation": "read", "data": "636f6d2e616e64726f69642e6465736b636c6f636b00000000000000000000000000000000000000000000000000000000000000000000000000000000000000000000000000000000000000000000000000000000000000000000000000000000000000", "id": "194652833" } }
W/dalvikvm(  230): DroidBox: { "FdAccess": { "path": "2f70726f632f3637392f636d646c696e65", "id": "138124275" } }
W/DroidBox(  230): DroidBox: { "FileRW": { "operation": "read", "data": "636f6d2e616e64726f69642e70726f7669646572732e63616c656e64617200000000000000000000000000000000000000000000000000000000000000000000000000000000000000000000000000000000000000000000000000000000000000000000", "id": "138124275" } }
W/dalvikvm(  230): DroidBox: { "FdAccess": { "path": "2f70726f632f3733302f636d646c696e65", "id": "1248539651" } }
W/DroidBox(  230): DroidBox: { "FileRW": { "operation": "read", "data": "636f6d2e616e64726f69642e636f6e74616374730000000000000000000000000000000000000000000000000000000000000000000000000000000000000000000000000000000000000000000000000000000000000000000000000000000000000000", "id": "1248539651" } }
W/dalvikvm(  230): DroidBox: { "FdAccess": { "path": "2f70726f632f3738382f636d646c696e65", "id": "65328677" } }
W/DroidBox(  230): DroidBox: { "FileRW": { "operation": "read", "data": "616e64726f69642e70726f636573732e6d6564696100000000000000000000000000000000000000000000000000000000000000000000000000000000000000000000000000000000000000000000000000000000000000000000000000000000000000", "id": "65328677" } }
W/dalvikvm(  230): DroidBox: { "FdAccess": { "path": "2f70726f632f3831392f636d646c696e65", "id": "549828060" } }
W/DroidBox(  230): DroidBox: { "FileRW": { "operation": "read", "data": "636f6d2e616e64726f69642e646566636f6e7461696e657200000000000000000000000000000000000000000000000000000000000000000000000000000000000000000000000000000000000000000000000000000000000000000000000000000000", "id": "549828060" } }
W/dalvikvm(  230): DroidBox: { "FdAccess": { "path": "2f70726f632f3833372f636d646c696e65", "id": "585149065" } }
W/DroidBox(  230): DroidBox: { "FileRW": { "operation": "read", "data": "636f6d2e616e64726f69642e656d61696c0000000000000000000000000000000000000000000000000000000000000000000000000000000000000000000000000000000000000000000000000000000000000000000000000000000000000000000000", "id": "585149065" } }
W/dalvikvm(  230): DroidBox: { "FdAccess": { "path": "2f70726f632f3835352f636d646c696e65", "id": "2142686626" } }
W/DroidBox(  230): DroidBox: { "FileRW": { "operation": "read", "data": "636f6d2e616e64726f69642e65786368616e67650000000000000000000000000000000000000000000000000000000000000000000000000000000000000000000000000000000000000000000000000000000000000000000000000000000000000000", "id": "2142686626" } }
W/dalvikvm(  230): DroidBox: { "FdAccess": { "path": "2f70726f632f3837322f636d646c696e65", "id": "767321860" } }
W/DroidBox(  230): DroidBox: { "FileRW": { "operation": "read", "data": "636f6d2e616e64726f69642e67616c6c657279336400000000000000000000000000000000000000000000000000000000000000000000000000000000000000000000000000000000000000000000000000000000000000000000000000000000000000", "id": "767321860" } }
W/dalvikvm(  230): DroidBox: { "FdAccess": { "path": "2f70726f632f3838372f636d646c696e65", "id": "1573615457" } }
W/DroidBox(  230): DroidBox: { "FileRW": { "operation": "read", "data": "636f6d2e616e64726f69642e6d6d7300000000000000000000000000000000000000000000000000000000000000000000000000000000000000000000000000000000000000000000000000000000000000000000000000000000000000000000000000", "id": "1573615457" } }
W/dalvikvm(  230): DroidBox: { "FdAccess": { "path": "2f70726f632f3931322f636d646c696e65", "id": "808778705" } }
W/DroidBox(  230): DroidBox: { "FileRW": { "operation": "read", "data": "636f6d2e616e64726f69642e766f6963656469616c65720000000000000000000000000000000000000000000000000000000000000000000000000000000000000000000000000000000000000000000000000000000000000000000000000000000000", "id": "808778705" } }
W/dalvikvm(  230): DroidBox: { "FdAccess": { "path": "2f70726f632f3936362f636d646c696e65", "id": "1886613573" } }
W/DroidBox(  230): DroidBox: { "FileRW": { "operation": "read", "data": "636f6d2e616e64726f69642e6d757369636678000000000000000000000000000000000000000000000000000000000000000000000000000000000000000000000000000000000000000000000000000000000000000000000000000000000000000000", "id": "1886613573" } }
W/dalvikvm(  230): DroidBox: { "FdAccess": { "path": "2f70726f632f3937392f636d646c696e65", "id": "266551295" } }
W/DroidBox(  230): DroidBox: { "FileRW": { "operation": "read", "data": "636f6d2e73766f782e7069636f000000000000000000000000000000000000000000000000000000000000000000000000000000000000000000000000000000000000000000000000000000000000000000000000000000000000000000000000000000", "id": "266551295" } }
W/dalvikvm(  230): DroidBox: { "FdAccess": { "path": "2f70726f632f3939332f636d646c696e65", "id": "1988664020" } }
W/DroidBox(  230): DroidBox: { "FileRW": { "operation": "read", "data": "636f6d2e616e64726f69642e717569636b736561726368626f780000000000000000000000000000000000000000000000000000000000000000000000000000000000000000000000000000000000000000000000000000000000000000000000000000", "id": "1988664020" } }
W/dalvikvm(  230): DroidBox: { "FdAccess": { "path": "2f70726f632f313031302f636d646c696e65", "id": "8768050" } }
W/DroidBox(  230): DroidBox: { "FileRW": { "operation": "read", "data": "636f6d2e616e64726f69642e636f6d6d616e64732e6d6f6e6b657900000000000000000000000000000000000000000000000000000000000000000000000000000000000000000000000000000000000000000000000000000000000000000000000000", "id": "8768050" } }
W/dalvikvm(  230): DroidBox: { "FdAccess": { "path": "2f70726f632f313031312f636d646c696e65", "id": "1602530352" } }
W/DroidBox(  230): DroidBox: { "FileRW": { "operation": "read", "data": "6c6f676361740044726f6964426f783a570064616c76696b766d3a570041637469766974794d616e616765723a49000000000000000000000000000000000000000000000000000000000000000000000000000000000000000000000000000000000000", "id": "1602530352" } }
W/dalvikvm(  230): DroidBox: { "FdAccess": { "path": "2f70726f632f313031332f636d646c696e65", "id": "1514613465" } }
W/DroidBox(  230): DroidBox: { "FileRW": { "operation": "read", "data": "2f73797374656d2f62696e2f7368002d63007368202e2f7364636172642f65786563757465537472616365496e2e736800000000000000000000000000000000000000000000000000000000000000000000000000000000000000000000000000000000", "id": "1514613465" } }
W/dalvikvm(  230): DroidBox: { "FdAccess": { "path": "2f70726f632f313031352f636d646c696e65", "id": "1474869362" } }
W/DroidBox(  230): DroidBox: { "FileRW": { "operation": "read", "data": "7368002e2f7364636172642f65786563757465537472616365496e2e736800786563757465537472616365496e2e736800000000000000000000000000000000000000000000000000000000000000000000000000000000000000000000000000000000", "id": "1474869362" } }
W/dalvikvm(  230): DroidBox: { "FdAccess": { "path": "2f70726f632f313031372f636d646c696e65", "id": "2082200244" } }
W/DroidBox(  230): DroidBox: { "FileRW": { "operation": "read", "data": "737472616365002d70003630002d66002d747446002d6f002f7364636172642f313162363338626435353064353031323034623933346664383034343361353738303936336563346333343838316261363235633536626134383935343734652e61706b", "id": "2082200244" } }
W/dalvikvm(  230): DroidBox: { "FdAccess": { "path": "2f70726f632f313032392f636d646c696e65", "id": "958911245" } }
W/DroidBox(  230): DroidBox: { "FileRW": { "operation": "read", "data": "77617463682e74762e667265652e6c6976650000000000000000000000000000000000000000000000000000000000000000000000000000000000000000000000000000000000000000000038316261363235633536626134383935343734652e61706b", "id": "958911245" } }
W/dalvikvm( 1029): DroidBox: { "FdAccess": { "path": "2f646174612f646174612f77617463682e74762e667265652e6c6976652f7368617265645f70726566732f4c6f63616c436f6e6669672e786d6c", "id": "40441258" } }
W/DroidBox( 1029): DroidBox: { "FileRW": { "operation": "write", "data": "3c3f786d6c2076657273696f6e3d27312e302720656e636f64696e673d277574662d3827207374616e64616c6f6e653d2779657327203f3e0a3c6d61703e0a3c737472696e67206e616d653d22757365725f726571756573745f696e666f223e7b267175", "id": "40441258" } }
W/dalvikvm( 1029): DroidBox: { "FdAccess": { "path": "2f646174612f646174612f77617463682e74762e667265652e6c6976652f7368617265645f70726566732f746f61737450726566732e786d6c", "id": "384998176" } }
W/DroidBox( 1029): DroidBox: { "FileRW": { "operation": "write", "data": "3c3f786d6c2076657273696f6e3d27312e302720656e636f64696e673d277574662d3827207374616e64616c6f6e653d2779657327203f3e0a3c6d61703e0a3c626f6f6c65616e206e616d653d2273686f77546f617374222076616c75653d2266616c73", "id": "384998176" } }
I/AirpushSDK( 1029): Push Service doPush....true
I/AirpushSDK( 1029): Push Service doSearch....true
I/User Agent( 1029): User Agent : true
I/LocationManagerService(  230): request gps (pid 1029) 0 0
W/dalvikvm( 1029): DroidBox: { "FdAccess": { "path": "2f646174612f646174612f77617463682e74762e667265652e6c6976652f7368617265645f70726566732f6461746150726566732e786d6c", "id": "1550963626" } }
W/DroidBox( 1029): DroidBox: { "DataLeak": { "sink": "File", "operation": "write", "tag": "0x400", "data": "3c3f786d6c2076657273696f6e3d27312e302720656e636f64696e673d277574662d3827207374616e64616c6f6e653d2779657327203f3e0a3c6d61703e0a3c737472696e67206e616d653d226170704964223e36313233323c2f737472696e673e0a3c", "id": "1550963626" } }
W/ActivityManager(  230): Launch timeout has expired, giving up wake lock!
I/Process (  230): Sending signal. PID: 633 SIG: 3
W/dalvikvm( 1029): DroidBox: { "FdAccess": { "path": "2f646174612f646174612f77617463682e74762e667265652e6c6976652f7368617265645f70726566732f6469616c6f67507265662e786d6c", "id": "1926818821" } }
W/DroidBox( 1029): DroidBox: { "FileRW": { "operation": "write", "data": "3c3f786d6c2076657273696f6e3d27312e302720656e636f64696e673d277574662d3827207374616e64616c6f6e653d2779657327203f3e0a3c6d61703e0a3c626f6f6c65616e206e616d653d2253686f774164222076616c75653d227472756522202f", "id": "1926818821" } }
I/AirpushSDK( 1029): Initialising.....
E/ActivityManager(  230): ANR in watch.tv.free.live (watch.tv.free.live/.TabWidgetActivity)
E/ActivityManager(  230): Reason: keyDispatchingTimedOut
E/ActivityManager(  230): Load: 7.32 / 2.39 / 0.84
E/ActivityManager(  230): CPU usage from 8495ms to 579ms ago:
E/ActivityManager(  230):   18% 1017/strace: 6.9% user + 11% kernel / faults: 12 minor
E/ActivityManager(  230):   16% 230/system_server: 13% user + 2.8% kernel / faults: 1196 minor
E/ActivityManager(  230):   15% 62/mediaserver: 5% user + 10% kernel / faults: 11 minor
E/ActivityManager(  230):   11% 1010/com.android.commands.monkey: 10% user + 1% kernel / faults: 1494 minor
E/ActivityManager(  230):   9.2% 59/surfaceflinger: 7.5% user + 1.7% kernel / faults: 734 minor
E/ActivityManager(  230):   5.5% 633/com.android.launcher: 5.4% user + 0.1% kernel / faults: 665 minor
E/ActivityManager(  230):   3.8% 572/android.process.acore: 2% user + 1.7% kernel / faults: 3027 minor
E/ActivityManager(  230):   1.7% 67/adbd: 0.1% user + 1.6% kernel / faults: 431 minor
E/ActivityManager(  230):   1.6% 788/android.process.media: 0.5% user + 1.1% kernel / faults: 126 minor
E/ActivityManager(  230):   1.2% 25/mtdblock0: 0% user + 1.2% kernel
E/ActivityManager(  230):   0.6% 431/com.android.systemui: 0.6% user + 0% kernel / faults: 12 minor
E/ActivityManager(  230):   0.5% 60/zygote: 0.1% user + 0.3% kernel / faults: 71 minor
E/ActivityManager(  230):   0.5% 1011/logcat: 0.2% user + 0.2% kernel
E/ActivityManager(  230):   0.2% 40/jbd2/mtdblock1-: 0% user + 0.2% kernel
E/ActivityManager(  230):   0.2% 499/com.android.phone: 0.2% user + 0% kernel / faults: 14 minor
E/ActivityManager(  230):   0.2% 993/com.android.quicksearchbox: 0.1% user + 0.1% kernel / faults: 5 minor
E/ActivityManager(  230):   0.1% 11/kworker/0:1: 0% user + 0.1% kernel
E/ActivityManager(  230):   0% 484/com.android.inputmethod.latin: 0% user + 0% kernel / faults: 5 minor
E/ActivityManager(  230):  +0% 1029/watch.tv.free.live: 0% user + 0% kernel
E/ActivityManager(  230): 100% TOTAL: 62% user + 37% kernel + 0.3% softirq
E/ActivityManager(  230): CPU usage from 3278ms to 3830ms later:
E/ActivityManager(  230):   22% 1017/strace: 5.9% user + 16% kernel
E/ActivityManager(  230):   24% 230/system_server: 20% user + 3.4% kernel / faults: 36 minor
E/ActivityManager(  230):     10% 345/InputDispatcher: 6.8% user + 3.4% kernel
E/ActivityManager(  230):     5.1% 534/Binder_5: 5.1% user + 0% kernel
E/ActivityManager(  230):     3.4% 587/Binder_7: 3.4% user + 0% kernel
E/ActivityManager(  230):     3.4% 623/Binder_8: 3.4% user + 0% kernel
E/ActivityManager(  230):     1.7% 241/Binder_2: 1.7% user + 0% kernel
E/ActivityManager(  230):     1.7% 247/ActivityManager: 1.7% user + 0% kernel
E/ActivityManager(  230):     1.7% 330/PackageMonitor: 1.7% user + 0% kernel
E/ActivityManager(  230):     1.7% 571/Binder_6: 1.7% user + 0% kernel
E/ActivityManager(  230):   13% 1029/watch.tv.free.live: 6% user + 7.2% kernel / faults: 101 minor
E/ActivityManager(  230):     7.2% 1029/ch.tv.free.live: 2.4% user + 4.8% kernel
E/ActivityManager(  230):     3.6% 1047/WebViewCoreThre: 2.4% user + 1.2% kernel
E/ActivityManager(  230):     1.2% 1055/AsyncTask #2: 1.2% user + 0% kernel
E/ActivityManager(  230):   11% 633/com.android.launcher: 11% user + 0% kernel
E/ActivityManager(  230):     11% 633/ndroid.launcher: 11% user + 0% kernel
E/ActivityManager(  230):   7% 62/mediaserver: 1.7% user + 5.2% kernel
E/ActivityManager(  230):     7% 62/mediaserver: 1.7% user + 5.2% kernel
E/ActivityManager(  230):   3.4% 67/adbd: 1.7% user + 1.7% kernel / faults: 68 minor
E/ActivityManager(  230):     3.4% 67/adbd: 1.7% user + 1.7% kernel
E/ActivityManager(  230):   0.6% 499/com.android.phone: 0.6% user + 0% kernel / faults: 4 minor
E/ActivityManager(  230):     0.6% 775/SyncHandler-0: 0.6% user + 0% kernel
E/ActivityManager(  230): 100% TOTAL: 60% user + 40% kernel
W/InputManager(  230): Input event injection from pid 1010 timed out.
W/dalvikvm(  230): DroidBox: { "FdAccess": { "path": "2f646174612f616e722f7472616365732e747874", "id": "974475563" } }
W/DroidBox(  230): DroidBox: { "FileRW": { "operation": "read", "data": "0a0a2d2d2d2d2d207069642032333020617420323032352d30322d32372031373a32333a3031202d2d2d2d2d0a436d64206c696e653a2073797374656d5f7365727665720a0a44414c56494b20544852454144533a0a286d7574657865733a20746c6c3d", "id": "974475563" } }
W/dalvikvm( 1029): DroidBox: { "FdAccess": { "path": "2f646174612f646174612f77617463682e74762e667265652e6c6976652f7368617265645f70726566732f77617463682e74762e667265652e6c6976655f707265666572656e6365732e786d6c", "id": "1993520845" } }
W/DroidBox( 1029): DroidBox: { "FileRW": { "operation": "write", "data": "3c3f786d6c2076657273696f6e3d27312e302720656e636f64696e673d277574662d3827207374616e64616c6f6e653d2779657327203f3e0a3c6d61703e0a3c737472696e67206e616d653d226170705f6964223e77617463682e74762e667265652e6c", "id": "1993520845" } }
I/dalvikvm-heap(  230): Grow heap (frag case) to 12.719MB for 393236-byte allocation
E/WVMExtractor(   62): Failed to open libwvm.so
W/dalvikvm( 1029): DroidBox: { "FdAccess": { "path": "2f646174612f646174612f77617463682e74762e667265652e6c6976652f7368617265645f70726566732f73656e6444726f696453657474696e67732e786d6c", "id": "82429767" } }
W/DroidBox( 1029): DroidBox: { "FileRW": { "operation": "write", "data": "3c3f786d6c2076657273696f6e3d27312e302720656e636f64696e673d277574662d3827207374616e64616c6f6e653d2779657327203f3e0a3c6d61703e0a3c6c6f6e67206e616d653d2277617463682e74762e667265652e6c697665206c6173744163", "id": "82429767" } }
W/ActivityManager(  230): Activity idle timeout for ActivityRecord{b3f9f3a8 watch.tv.free.live/.TabWidgetActivity}
W/dalvikvm( 1029): DroidBox: { "FdAccess": { "path": "2f646174612f646174612f77617463682e74762e667265652e6c6976652f7368617265645f70726566732f73656e6444726f696453657474696e67732e786d6c", "id": "1231554172" } }
W/DroidBox( 1029): DroidBox: { "FileRW": { "operation": "write", "data": "3c3f786d6c2076657273696f6e3d27312e302720656e636f64696e673d277574662d3827207374616e64616c6f6e653d2779657327203f3e0a3c6d61703e0a3c6c6f6e67206e616d653d226c6173745f7363686564756c696e67222076616c75653d2231", "id": "1231554172" } }
W/dalvikvm( 1029): DroidBox: { "FdAccess": { "path": "2f646174612f646174612f77617463682e74762e667265652e6c6976652f7368617265645f70726566732f77617463682e74762e667265652e6c6976655f707265666572656e6365732e786d6c", "id": "670892952" } }
W/DroidBox( 1029): DroidBox: { "FileRW": { "operation": "write", "data": "3c3f786d6c2076657273696f6e3d27312e302720656e636f64696e673d277574662d3827207374616e64616c6f6e653d2779657327203f3e0a3c6d61703e0a3c626f6f6c65616e206e616d653d226e6f7469665f6164765f656e61626c6564222076616c", "id": "670892952" } }
W/DroidBox( 1029): DroidBox: { "ServiceStart": { "name": "com.apperhand.device.android.AndroidSDKProvider" } }
I/Choreographer(  633): Skipped 49 frames!  The application may be doing too much work on its main thread.
W/dalvikvm( 1029): DroidBox: { "FdAccess": { "path": "2f6465762f7572616e646f6d", "id": "900952340" } }
W/DroidBox( 1029): DroidBox: { "FileRW": { "operation": "read", "data": "efbfbdee968f203defbfbdefbfbd74efbfbd32efbfbd0d1965421befbfbddf80", "id": "900952340" } }
W/dalvikvm( 1029): DroidBox: { "FdAccess": { "path": "2f646174612f646174612f77617463682e74762e667265652e6c6976652f7368617265645f70726566732f4368617274426f6f73742e63622e786d6c", "id": "1462453458" } }
W/DroidBox( 1029): DroidBox: { "FileRW": { "operation": "write", "data": "3c3f786d6c2076657273696f6e3d27312e302720656e636f64696e673d277574662d3827207374616e64616c6f6e653d2779657327203f3e0a3c6d61703e0a3c737472696e67206e616d653d2263625f61756964223e616e64726f69642d326632323234", "id": "1462453458" } }
I/STRING  ( 1029): controller:api;action:install;auid:android-2f222405a4bc4d05a2946c8e3b7529ff;bundle:0.40.30797;country:US;h:800;imei:357242043237511;language:English;model:Full Android on Emulator;os:Android 4.1.1;scale:1.5;sdk:2.0.1;uuid:7e8c94b2e4ef6d76;w:480;app:50076aac2284bb146300006f;signature:bbd98cb967548eb7926af02fb037b4618d11e971;
E/WVMExtractor(   62): Failed to open libwvm.so
W/dalvikvm( 1029): DroidBox: { "FdAccess": { "path": "2f70726f632f6d656d696e666f", "id": "471962748" } }
W/DroidBox( 1029): DroidBox: { "FileRW": { "operation": "read", "data": "4d656d546f74616c3a202020202020202020373438393634206b420a4d656d467265653a20202020202020202020343531373230206b420a427566666572733a20202020202020202020202035353634206b420a4361636865643a202020202020202020", "id": "471962748" } }
W/dalvikvm( 1029): DroidBox: { "FdAccess": { "path": "2f70726f632f6d656d696e666f", "id": "292867916" } }
W/DroidBox( 1029): DroidBox: { "FileRW": { "operation": "read", "data": "4d656d546f74616c3a202020202020202020373438393634206b420a4d656d467265653a20202020202020202020343531373230206b420a427566666572733a20202020202020202020202035353634206b420a4361636865643a202020202020202020", "id": "292867916" } }
W/dalvikvm( 1029): DroidBox: { "FdAccess": { "path": "2f70726f632f6d656d696e666f", "id": "1893560172" } }
W/DroidBox( 1029): DroidBox: { "FileRW": { "operation": "read", "data": "4d656d546f74616c3a202020202020202020373438393634206b420a4d656d467265653a20202020202020202020343531373230206b420a427566666572733a20202020202020202020202035353634206b420a4361636865643a202020202020202020", "id": "1893560172" } }
I/AND.Provider( 1029): onCreate
I/Choreographer( 1029): Skipped 220 frames!  The application may be doing too much work on its main thread.
E/WVMExtractor(   62): Failed to open libwvm.so
D/b       ( 1029): Apperhand service was started successfully
W/dalvikvm( 1029): DroidBox: { "FdAccess": { "path": "2f7379732f646576696365732f7669727475616c2f6e65742f736974302f6966696e646578", "id": "1839725733" } }
W/dalvikvm(  230): DroidBox: { "FdAccess": { "path": "2f70726f632f313037302f636d646c696e65", "id": "1460757716" } }
W/DroidBox(  230): DroidBox: { "FileRW": { "operation": "read", "data": "70726f6372616e6b00667265652e6c6976650000000000000000000000000000000000000000000000000000000000000000000000000000000000000000000000000000000000000000000000000000000000000000000000003935343734652e61706b", "id": "1460757716" } }
W/dalvikvm( 1029): DroidBox: { "FdAccess": { "path": "2f646174612f646174612f77617463682e74762e667265652e6c6976652f7368617265645f70726566732f636f6d2e617070657268616e642e676c6f62616c2e786d6c", "id": "1620482407" } }
W/DroidBox( 1029): DroidBox: { "FileRW": { "operation": "write", "data": "3c3f786d6c2076657273696f6e3d27312e302720656e636f64696e673d277574662d3827207374616e64616c6f6e653d2779657327203f3e0a3c6d61703e0a3c737472696e67206e616d653d22454e435f44554d4d595f4944223e66366458426464554e", "id": "1620482407" } }
V/PhoneStatusBar(  431): setLightsOn(true)
