I/Choreographer( 1041): Skipped 81 frames!  The application may be doing too much work on its main thread.
I/AudioService(  232):  AudioFocus  requestAudioFocus() from android.media.AudioManager@b3e760a0com.android.music.MediaPlaybackService$3@b3e748d8
D/InputEventConsistencyVerifier( 1041): TrackballEvent: Trackball is down but pressure is not greater than 0.
D/InputEventConsistencyVerifier( 1041):   in android.view.ViewRootImpl@b3ef6908
D/InputEventConsistencyVerifier( 1041):   0: sent at 242627000000, MotionEvent { action=ACTION_DOWN, id[0]=0, x[0]=0.0, y[0]=0.0, toolType[0]=TOOL_TYPE_UNKNOWN, buttonState=0, metaState=0, flags=0x0, edgeFlags=0x0, pointerCount=1, historySize=0, eventTime=242627, downTime=242446, deviceId=0, source=0x10004 }
D/InputEventConsistencyVerifier( 1041):   -- recent events --
D/InputEventConsistencyVerifier( 1041):   1: sent at 242736000000, KeyEvent { action=ACTION_UP, keyCode=KEYCODE_DPAD_DOWN, scanCode=0, metaState=0, flags=0x400, repeatCount=0, eventTime=242736, downTime=242736, deviceId=-1, source=0x101 }
D/InputEventConsistencyVerifier( 1041):   2: sent at 242736000000, KeyEvent { action=ACTION_DOWN, keyCode=KEYCODE_DPAD_DOWN, scanCode=0, metaState=0, flags=0x400, repeatCount=0, eventTime=242736, downTime=242736, deviceId=-1, source=0x101 }
D/InputEventConsistencyVerifier( 1041):   3: sent at 242735000000, KeyEvent { action=ACTION_UP, keyCode=KEYCODE_DPAD_DOWN, scanCode=0, metaState=0, flags=0x400, repeatCount=0, eventTime=242735, downTime=242735, deviceId=-1, source=0x101 }
D/InputEventConsistencyVerifier( 1041):   4: sent at 242735000000, KeyEvent { action=ACTION_DOWN, keyCode=KEYCODE_DPAD_DOWN, scanCode=0, metaState=0, flags=0x400, repeatCount=0, eventTime=242735, downTime=242735, deviceId=-1, source=0x101 }
D/InputEventConsistencyVerifier( 1041):   5: sent at 242733000000, KeyEvent { action=ACTION_UP, keyCode=KEYCODE_DPAD_DOWN, scanCode=0, metaState=0, flags=0x400, repeatCount=0, eventTime=242733, downTime=242733, deviceId=-1, source=0x101 }
W/InputMethodManagerService(  232): Window already focused, ignoring focus gain of: com.android.internal.view.IInputMethodClient$Stub$Proxy@b40a5160 attribute=android.view.inputmethod.EditorInfo@b41cb610
I/Choreographer( 1041): Skipped 58 frames!  The application may be doing too much work on its main thread.
I/AudioService(  232):   Remote Control   registerMediaButtonIntent() for PendingIntent{b40c5c30: PendingIntentRecord{b41bd238 com.android.music broadcastIntent}}
I/Choreographer( 1041): Skipped 39 frames!  The application may be doing too much work on its main thread.
I/ActivityManager(  232): START {act=android.intent.action.VIEW dat=http://android-minecraft.ru/Minecraft_Pocket_Edition_v0.2.0.apk cmp=com.android.browser/.BrowserActivity (has extras) u=0} from pid 1041
I/Choreographer( 1041): Skipped 116 frames!  The application may be doing too much work on its main thread.
W/InputMethodManagerService(  232): Window already focused, ignoring focus gain of: com.android.internal.view.IInputMethodClient$Stub$Proxy@b4150b30 attribute=android.view.inputmethod.EditorInfo@b419edc8
D/InputEventConsistencyVerifier( 1041): KeyEvent: ACTION_UP but key was not down.
D/InputEventConsistencyVerifier( 1041):   in com.android.internal.policy.impl.PhoneWindow$DecorView@b3e5d138
D/InputEventConsistencyVerifier( 1041):   0: sent at 245043000000, KeyEvent { action=ACTION_UP, keyCode=KEYCODE_DPAD_RIGHT, scanCode=0, metaState=0, flags=0x400, repeatCount=0, eventTime=245043, downTime=245043, deviceId=-1, source=0x101 }
D/InputEventConsistencyVerifier( 1041):   -- recent events --
D/InputEventConsistencyVerifier( 1041):   1: sent at 244756000000, (unhandled) MotionEvent { action=ACTION_MOVE, id[0]=0, x[0]=3.0, y[0]=0.0, toolType[0]=TOOL_TYPE_UNKNOWN, buttonState=0, metaState=0, flags=0x0, edgeFlags=0x0, pointerCount=1, historySize=1, eventTime=244756, downTime=-1, deviceId=0, source=0x10004 }
D/InputEventConsistencyVerifier( 1041):   2: sent at 244798000000, MotionEvent { action=ACTION_UP, id[0]=0, x[0]=217.33334, y[0]=101.333336, toolType[0]=TOOL_TYPE_UNKNOWN, buttonState=0, metaState=0, flags=0x0, edgeFlags=0x0, pointerCount=1, historySize=0, eventTime=244798, downTime=244784, deviceId=0, source=0x1002 }
D/InputEventConsistencyVerifier( 1041):   3: sent at 244794000000, MotionEvent { action=ACTION_MOVE, id[0]=0, x[0]=222.66667, y[0]=111.333336, toolType[0]=TOOL_TYPE_UNKNOWN, buttonState=0, metaState=0, flags=0x0, edgeFlags=0x0, pointerCount=1, historySize=0, eventTime=244794, downTime=244784, deviceId=0, source=0x1002 }
D/InputEventConsistencyVerifier( 1041):   4: sent at 244785000000, MotionEvent { action=ACTION_DOWN, id[0]=0, x[0]=235.33334, y[0]=115.333336, toolType[0]=TOOL_TYPE_UNKNOWN, buttonState=0, metaState=0, flags=0x0, edgeFlags=0x0, pointerCount=1, historySize=0, eventTime=244785, downTime=244784, deviceId=0, source=0x1002 }
D/InputEventConsistencyVerifier( 1041):   5: sent at 244167000000, (unhandled) MotionEvent { action=ACTION_UP, id[0]=0, x[0]=266.0, y[0]=232.0, toolType[0]=TOOL_TYPE_UNKNOWN, buttonState=0, metaState=0, flags=0x0, edgeFlags=0x0, pointerCount=1, historySize=0, eventTime=244167, downTime=244027, deviceId=0, source=0x1002 }
D/InputEventConsistencyVerifier( 1041): KeyEvent: ACTION_DOWN but key is already down and this event is not a key repeat.
D/InputEventConsistencyVerifier( 1041):   in android.widget.LinearLayout@b3ea98e8
D/InputEventConsistencyVerifier( 1041):   0: sent at 244827000000, KeyEvent { action=ACTION_DOWN, keyCode=KEYCODE_DPAD_CENTER, scanCode=0, metaState=0, flags=0x8, repeatCount=0, eventTime=244827, downTime=244827, deviceId=-1, source=0x101 }
D/InputEventConsistencyVerifier( 1041):   -- recent events --
D/InputEventConsistencyVerifier( 1041):   1: sent at 245046000000, (unhandled) KeyEvent { action=ACTION_UP, keyCode=KEYCODE_DPAD_RIGHT, scanCode=0, metaState=0, flags=0x400, repeatCount=0, eventTime=245046, downTime=245046, deviceId=-1, source=0x101 }
D/InputEventConsistencyVerifier( 1041):   2: sent at 245046000000, (unhandled) KeyEvent { action=ACTION_DOWN, keyCode=KEYCODE_DPAD_RIGHT, scanCode=0, metaState=0, flags=0x400, repeatCount=0, eventTime=245046, downTime=245046, deviceId=-1, source=0x101 }
D/InputEventConsistencyVerifier( 1041):   3: sent at 245045000000, (unhandled) KeyEvent { action=ACTION_UP, keyCode=KEYCODE_DPAD_RIGHT, scanCode=0, metaState=0, flags=0x400, repeatCount=0, eventTime=245045, downTime=245045, deviceId=-1, source=0x101 }
D/InputEventConsistencyVerifier( 1041):   4: sent at 245045000000, (unhandled) KeyEvent { action=ACTION_DOWN, keyCode=KEYCODE_DPAD_RIGHT, scanCode=0, metaState=0, flags=0x400, repeatCount=0, eventTime=245045, downTime=245045, deviceId=-1, source=0x101 }
D/InputEventConsistencyVerifier( 1041):   5: sent at 245043000000, (unhandled) KeyEvent { action=ACTION_UP, keyCode=KEYCODE_DPAD_RIGHT, scanCode=0, metaState=0, flags=0x80000400, repeatCount=0, eventTime=245043, downTime=245043, deviceId=-1, source=0x101 }
I/ActivityManager(  232): START {act=android.intent.action.VIEW dat=http://android-minecraft.ru/Minecraft_Pocket_Edition_v0.2.0.apk cmp=com.android.browser/.BrowserActivity (has extras) u=0} from pid 1041
D/InputEventConsistencyVerifier(  444): TouchEvent: ACTION_DOWN but pointers are already down.  Probably missing ACTION_UP from previous gesture.
D/InputEventConsistencyVerifier(  444):   in android.view.ScaleGestureDetector@b3f36028
D/InputEventConsistencyVerifier(  444):   0: sent at 245538000000, MotionEvent { action=ACTION_DOWN, id[0]=0, x[0]=72.0, y[0]=27.0, toolType[0]=TOOL_TYPE_UNKNOWN, buttonState=0, metaState=0, flags=0x0, edgeFlags=0x0, pointerCount=1, historySize=0, eventTime=245538, downTime=245538, deviceId=0, source=0x1002 }
D/InputEventConsistencyVerifier(  444):   -- recent events --
D/InputEventConsistencyVerifier(  444):   1: sent at 241171000000, MotionEvent { action=ACTION_DOWN, id[0]=0, x[0]=222.0, y[0]=616.0, toolType[0]=TOOL_TYPE_UNKNOWN, buttonState=0, metaState=0, flags=0x80000000, edgeFlags=0x0, pointerCount=1, historySize=0, eventTime=241171, downTime=241140, deviceId=0, source=0x1002 }
D/InputEventConsistencyVerifier(  444):   2: sent at 240957000000, MotionEvent { action=ACTION_DOWN, id[0]=0, x[0]=421.0, y[0]=290.0, toolType[0]=TOOL_TYPE_UNKNOWN, buttonState=0, metaState=0, flags=0x0, edgeFlags=0x0, pointerCount=1, historySize=0, eventTime=240957, downTime=240956, deviceId=0, source=0x1002 }
D/InputEventConsistencyVerifier(  444):   3: sent at 240823000000, MotionEvent { action=ACTION_UP, id[0]=0, x[0]=259.0, y[0]=24.0, toolType[0]=TOOL_TYPE_UNKNOWN, buttonState=0, metaState=0, flags=0x0, edgeFlags=0x0, pointerCount=1, historySize=0, eventTime=240823, downTime=240795, deviceId=0, source=0x1002 }
D/InputEventConsistencyVerifier(  444):   4: sent at 240796000000, MotionEvent { action=ACTION_DOWN, id[0]=0, x[0]=266.0, y[0]=26.0, toolType[0]=TOOL_TYPE_UNKNOWN, buttonState=0, metaState=0, flags=0x80000000, edgeFlags=0x0, pointerCount=1, historySize=0, eventTime=240796, downTime=240795, deviceId=0, source=0x1002 }
D/InputEventConsistencyVerifier(  444):   5: sent at 239731000000, MotionEvent { action=ACTION_DOWN, id[0]=0, x[0]=87.0, y[0]=201.0, toolType[0]=TOOL_TYPE_UNKNOWN, buttonState=0, metaState=0, flags=0x80000000, edgeFlags=0x0, pointerCount=1, historySize=0, eventTime=239731, downTime=239720, deviceId=0, source=0x1002 }
W/dalvikvm(  444): DroidBox: { "FdAccess": { "path": "2f70726f632f6d656d696e666f", "id": "682472551" } }
W/DroidBox(  444): DroidBox: { "FileRW": { "operation": "read", "data": "4d656d546f74616c3a202020202020202020373438393634206b420a4d656d467265653a20202020202020202020343433383136206b420a427566666572733a20202020202020202020202035343736206b420a4361636865643a202020202020202020", "id": "682472551" } }
I/Choreographer(  444): Skipped 46 frames!  The application may be doing too much work on its main thread.
V/PhoneStatusBar(  444): setLightsOn(true)
D/PhoneStatusBar(  444): disable: < expand icons alerts TICKER* system_info back home recent clock >
W/dalvikvm(  444): DroidBox: { "FdAccess": { "path": "2f70726f632f6d656d696e666f", "id": "1664702829" } }
W/DroidBox(  444): DroidBox: { "FileRW": { "operation": "read", "data": "4d656d546f74616c3a202020202020202020373438393634206b420a4d656d467265653a20202020202020202020343432353736206b420a427566666572733a20202020202020202020202035343736206b420a4361636865643a202020202020202020", "id": "1664702829" } }
D/InputEventConsistencyVerifier(  444): KeyEvent: ACTION_UP but key was not down.
D/InputEventConsistencyVerifier(  444):   in com.android.systemui.statusbar.phone.StatusBarWindowView@b3e96248
D/InputEventConsistencyVerifier(  444):   0: sent at 245963000000, KeyEvent { action=ACTION_UP, keyCode=KEYCODE_DPAD_LEFT, scanCode=0, metaState=0, flags=0x8, repeatCount=0, eventTime=245963, downTime=245963, deviceId=-1, source=0x101 }
D/InputEventConsistencyVerifier(  444):   -- recent events --
D/InputEventConsistencyVerifier(  444):   1: sent at 245894000000, MotionEvent { action=ACTION_UP, id[0]=0, x[0]=448.0, y[0]=620.0, toolType[0]=TOOL_TYPE_UNKNOWN, buttonState=0, metaState=0, flags=0x0, edgeFlags=0x0, pointerCount=1, historySize=0, eventTime=245894, downTime=245873, deviceId=0, source=0x1002 }
D/InputEventConsistencyVerifier(  444):   2: sent at 245874000000, MotionEvent { action=ACTION_DOWN, id[0]=0, x[0]=437.0, y[0]=615.0, toolType[0]=TOOL_TYPE_UNKNOWN, buttonState=0, metaState=0, flags=0x0, edgeFlags=0x0, pointerCount=1, historySize=0, eventTime=245874, downTime=245873, deviceId=0, source=0x1002 }
D/InputEventConsistencyVerifier(  444):   3: sent at 245854000000, (unhandled) KeyEvent { action=ACTION_UP, keyCode=KEYCODE_DPAD_CENTER, scanCode=0, metaState=0, flags=0x8, repeatCount=0, eventTime=245854, downTime=245854, deviceId=-1, source=0x101 }
D/InputEventConsistencyVerifier(  444):   4: sent at 245774000000, (unhandled) KeyEvent { action=ACTION_DOWN, keyCode=KEYCODE_DPAD_CENTER, scanCode=0, metaState=0, flags=0x8, repeatCount=0, eventTime=245774, downTime=245774, deviceId=-1, source=0x101 }
D/InputEventConsistencyVerifier(  444):   5: sent at 245820000000, (unhandled) KeyEvent { action=ACTION_UP, keyCode=KEYCODE_DPAD_LEFT, scanCode=0, metaState=0, flags=0x400, repeatCount=0, eventTime=245820, downTime=245820, deviceId=-1, source=0x101 }
W/InputMethodManagerService(  232): Window already focused, ignoring focus gain of: com.android.internal.view.IInputMethodClient$Stub$Proxy@b417abe8 attribute=null
D/InputEventConsistencyVerifier(  444): TouchEvent: ACTION_DOWN but pointers are already down.  Probably missing ACTION_UP from previous gesture.
D/InputEventConsistencyVerifier(  444):   in android.view.ScaleGestureDetector@b3f36028
D/InputEventConsistencyVerifier(  444):   0: sent at 246026000000, MotionEvent { action=ACTION_DOWN, id[0]=0, x[0]=32.0, y[0]=5.0, toolType[0]=TOOL_TYPE_UNKNOWN, buttonState=0, metaState=0, flags=0x0, edgeFlags=0x0, pointerCount=1, historySize=0, eventTime=246026, downTime=246013, deviceId=0, source=0x1002 }
D/InputEventConsistencyVerifier(  444):   -- recent events --
D/InputEventConsistencyVerifier(  444):   1: sent at 245874000000, MotionEvent { action=ACTION_DOWN, id[0]=0, x[0]=437.0, y[0]=615.0, toolType[0]=TOOL_TYPE_UNKNOWN, buttonState=0, metaState=0, flags=0x0, edgeFlags=0x0, pointerCount=1, historySize=0, eventTime=245874, downTime=245873, deviceId=0, source=0x1002 }
D/InputEventConsistencyVerifier(  444):   2: sent at 245557000000, MotionEvent { action=ACTION_UP, id[0]=0, x[0]=81.0, y[0]=10.0, toolType[0]=TOOL_TYPE_UNKNOWN, buttonState=0, metaState=0, flags=0x0, edgeFlags=0x0, pointerCount=1, historySize=0, eventTime=245557, downTime=245538, deviceId=0, source=0x1002 }
D/InputEventConsistencyVerifier(  444):   3: sent at 245538000000, MotionEvent { action=ACTION_DOWN, id[0]=0, x[0]=72.0, y[0]=27.0, toolType[0]=TOOL_TYPE_UNKNOWN, buttonState=0, metaState=0, flags=0x80000000, edgeFlags=0x0, pointerCount=1, historySize=0, eventTime=245538, downTime=245538, deviceId=0, source=0x1002 }
D/InputEventConsistencyVerifier(  444):   4: sent at 241171000000, MotionEvent { action=ACTION_DOWN, id[0]=0, x[0]=222.0, y[0]=616.0, toolType[0]=TOOL_TYPE_UNKNOWN, buttonState=0, metaState=0, flags=0x80000000, edgeFlags=0x0, pointerCount=1, historySize=0, eventTime=241171, downTime=241140, deviceId=0, source=0x1002 }
D/InputEventConsistencyVerifier(  444):   5: sent at 240957000000, MotionEvent { action=ACTION_DOWN, id[0]=0, x[0]=421.0, y[0]=290.0, toolType[0]=TOOL_TYPE_UNKNOWN, buttonState=0, metaState=0, flags=0x0, edgeFlags=0x0, pointerCount=1, historySize=0, eventTime=240957, downTime=240956, deviceId=0, source=0x1002 }
W/dalvikvm(  444): DroidBox: { "FdAccess": { "path": "2f70726f632f6d656d696e666f", "id": "534467562" } }
W/DroidBox(  444): DroidBox: { "FileRW": { "operation": "read", "data": "4d656d546f74616c3a202020202020202020373438393634206b420a4d656d467265653a20202020202020202020343432323034206b420a427566666572733a20202020202020202020202035343736206b420a4361636865643a202020202020202020", "id": "534467562" } }
D/PhoneStatusBar(  444): disable: < expand icons alerts ticker* system_info back home recent clock >
V/PhoneStatusBar(  444): setLightsOn(true)
W/dalvikvm(  444): DroidBox: { "FdAccess": { "path": "2f70726f632f6d656d696e666f", "id": "1970474601" } }
W/DroidBox(  444): DroidBox: { "FileRW": { "operation": "read", "data": "4d656d546f74616c3a202020202020202020373438393634206b420a4d656d467265653a20202020202020202020343432323034206b420a427566666572733a20202020202020202020202035343736206b420a4361636865643a202020202020202020", "id": "1970474601" } }
I/Choreographer(  444): Skipped 52 frames!  The application may be doing too much work on its main thread.
W/dalvikvm(  444): DroidBox: { "FdAccess": { "path": "2f70726f632f6d656d696e666f", "id": "1068735825" } }
W/DroidBox(  444): DroidBox: { "FileRW": { "operation": "read", "data": "4d656d546f74616c3a202020202020202020373438393634206b420a4d656d467265653a20202020202020202020343432323034206b420a427566666572733a20202020202020202020202035343736206b420a4361636865643a202020202020202020", "id": "1068735825" } }
D/PhoneStatusBar(  444): disable: < expand icons alerts TICKER* system_info back home recent clock >
D/InputEventConsistencyVerifier(  444): KeyEvent: ACTION_UP but key was not down.
D/InputEventConsistencyVerifier(  444):   in android.view.ViewRootImpl@b3f27dd8
D/InputEventConsistencyVerifier(  444):   0: sent at 246550000000, KeyEvent { action=ACTION_UP, keyCode=KEYCODE_LANGUAGE_SWITCH, scanCode=0, metaState=0, flags=0x8, repeatCount=0, eventTime=246550, downTime=246550, deviceId=-1, source=0x101 }
D/InputEventConsistencyVerifier(  444):   -- recent events --
D/InputEventConsistencyVerifier(  444):   1: sent at 246509000000, KeyEvent { action=ACTION_UP, keyCode=KEYCODE_DVR, scanCode=0, metaState=0, flags=0x8, repeatCount=0, eventTime=246509, downTime=246509, deviceId=-1, source=0x101 }
D/InputEventConsistencyVerifier(  444):   2: sent at 246469000000, KeyEvent { action=ACTION_DOWN, keyCode=KEYCODE_DVR, scanCode=0, metaState=0, flags=0x8, repeatCount=0, eventTime=246469, downTime=246469, deviceId=-1, source=0x101 }
D/InputEventConsistencyVerifier(  444):   3: sent at 246462000000, KeyEvent { action=ACTION_UP, keyCode=KEYCODE_L, scanCode=0, metaState=0, flags=0x8, repeatCount=0, eventTime=246462, downTime=246462, deviceId=-1, source=0x101 }
D/InputEventConsistencyVerifier(  444):   4: sent at 246397000000, KeyEvent { action=ACTION_DOWN, keyCode=KEYCODE_L, scanCode=0, metaState=0, flags=0x8, repeatCount=0, eventTime=246397, downTime=246397, deviceId=-1, source=0x101 }
D/InputEventConsistencyVerifier(  444):   5: sent at 246391000000, MotionEvent { action=ACTION_UP, id[0]=0, x[0]=256.0, y[0]=305.0, toolType[0]=TOOL_TYPE_UNKNOWN, buttonState=0, metaState=0, flags=0x0, edgeFlags=0x0, pointerCount=1, historySize=0, eventTime=246391, downTime=246355, deviceId=0, source=0x1002 }
I/ActivityManager(  232): START {act=android.intent.action.VIEW dat=http://android-minecraft.ru/Minecraft_Pocket_Edition_v0.2.0.apk cmp=com.android.browser/.BrowserActivity (has extras) u=0} from pid 1041
V/PhoneStatusBar(  444): setLightsOn(true)
I/Choreographer(  444): Skipped 39 frames!  The application may be doing too much work on its main thread.
W/dalvikvm(  444): DroidBox: { "FdAccess": { "path": "2f70726f632f6d656d696e666f", "id": "276807199" } }
W/DroidBox(  444): DroidBox: { "FileRW": { "operation": "read", "data": "4d656d546f74616c3a202020202020202020373438393634206b420a4d656d467265653a20202020202020202020343432333238206b420a427566666572733a20202020202020202020202035343736206b420a4361636865643a202020202020202020", "id": "276807199" } }
I/Choreographer( 1041): Skipped 89 frames!  The application may be doing too much work on its main thread.
I/Choreographer(  444): Skipped 31 frames!  The application may be doing too much work on its main thread.
W/dalvikvm(  444): DroidBox: { "FdAccess": { "path": "2f70726f632f6d656d696e666f", "id": "1231751091" } }
W/DroidBox(  444): DroidBox: { "FileRW": { "operation": "read", "data": "4d656d546f74616c3a202020202020202020373438393634206b420a4d656d467265653a20202020202020202020343431333336206b420a427566666572733a20202020202020202020202035343736206b420a4361636865643a202020202020202020", "id": "1231751091" } }
D/InputEventConsistencyVerifier(  444): KeyEvent: ACTION_UP but key was not down.
D/InputEventConsistencyVerifier(  444):   in android.widget.FrameLayout@b3e94fd0
D/InputEventConsistencyVerifier(  444):   0: sent at 246922000000, KeyEvent { action=ACTION_UP, keyCode=KEYCODE_DPAD_DOWN, scanCode=0, metaState=0, flags=0x400, repeatCount=0, eventTime=246922, downTime=246922, deviceId=-1, source=0x101 }
D/InputEventConsistencyVerifier(  444):   -- recent events --
D/InputEventConsistencyVerifier(  444):   1: sent at 239708000000, (unhandled) KeyEvent { action=ACTION_UP, keyCode=KEYCODE_DPAD_DOWN, scanCode=0, metaState=0, flags=0x400, repeatCount=0, eventTime=239708, downTime=239708, deviceId=-1, source=0x101 }
D/InputEventConsistencyVerifier(  444):   2: sent at 239708000000, (unhandled) KeyEvent { action=ACTION_DOWN, keyCode=KEYCODE_DPAD_DOWN, scanCode=0, metaState=0, flags=0x400, repeatCount=0, eventTime=239708, downTime=239708, deviceId=-1, source=0x101 }
D/InputEventConsistencyVerifier(  444):   3: sent at 239707000000, (unhandled) KeyEvent { action=ACTION_UP, keyCode=KEYCODE_DPAD_DOWN, scanCode=0, metaState=0, flags=0x400, repeatCount=0, eventTime=239707, downTime=239707, deviceId=-1, source=0x101 }
D/InputEventConsistencyVerifier(  444):   4: sent at 239707000000, (unhandled) KeyEvent { action=ACTION_DOWN, keyCode=KEYCODE_DPAD_DOWN, scanCode=0, metaState=0, flags=0x400, repeatCount=0, eventTime=239707, downTime=239707, deviceId=-1, source=0x101 }
D/InputEventConsistencyVerifier(  444):   5: sent at 239707000000, (unhandled) KeyEvent { action=ACTION_UP, keyCode=KEYCODE_DPAD_DOWN, scanCode=0, metaState=0, flags=0x400, repeatCount=0, eventTime=239707, downTime=239707, deviceId=-1, source=0x101 }
W/dalvikvm(  444): DroidBox: { "FdAccess": { "path": "2f70726f632f6d656d696e666f", "id": "185031550" } }
W/DroidBox(  444): DroidBox: { "FileRW": { "operation": "read", "data": "4d656d546f74616c3a202020202020202020373438393634206b420a4d656d467265653a20202020202020202020343431323034206b420a427566666572733a20202020202020202020202035343736206b420a4361636865643a202020202020202020", "id": "185031550" } }
D/InputEventConsistencyVerifier(  444): TouchEvent: ACTION_DOWN but pointers are already down.  Probably missing ACTION_UP from previous gesture.
D/InputEventConsistencyVerifier(  444):   in android.view.ScaleGestureDetector@b3f36028
D/InputEventConsistencyVerifier(  444):   0: sent at 247052000000, MotionEvent { action=ACTION_DOWN, id[0]=0, x[0]=260.0, y[0]=377.0, toolType[0]=TOOL_TYPE_UNKNOWN, buttonState=0, metaState=0, flags=0x0, edgeFlags=0x0, pointerCount=1, historySize=0, eventTime=247052, downTime=247052, deviceId=0, source=0x1002 }
D/InputEventConsistencyVerifier(  444):   -- recent events --
D/InputEventConsistencyVerifier(  444):   1: sent at 246356000000, MotionEvent { action=ACTION_DOWN, id[0]=0, x[0]=237.0, y[0]=293.0, toolType[0]=TOOL_TYPE_UNKNOWN, buttonState=0, metaState=0, flags=0x0, edgeFlags=0x0, pointerCount=1, historySize=0, eventTime=246356, downTime=246355, deviceId=0, source=0x1002 }
D/InputEventConsistencyVerifier(  444):   2: sent at 246141000000, MotionEvent { action=ACTION_UP, id[0]=0, x[0]=157.0, y[0]=0.0, toolType[0]=TOOL_TYPE_UNKNOWN, buttonState=0, metaState=0, flags=0x0, edgeFlags=0x0, pointerCount=1, historySize=0, eventTime=246141, downTime=246013, deviceId=0, source=0x1002 }
D/InputEventConsistencyVerifier(  444):   3: sent at 246133000000, MotionEvent { action=ACTION_POINTER_UP(1), id[0]=0, x[0]=147.0, y[0]=0.0, toolType[0]=TOOL_TYPE_UNKNOWN, id[1]=1, x[1]=137.0, y[1]=0.0, toolType[1]=TOOL_TYPE_UNKNOWN, buttonState=0, metaState=0, flags=0x0, edgeFlags=0x0, pointerCount=2, historySize=0, eventTime=246133, downTime=246013, deviceId=0, source=0x1002 }
D/InputEventConsistencyVerifier(  444):   4: sent at 246119000000, MotionEvent { action=ACTION_MOVE, id[0]=0, x[0]=146.0, y[0]=0.0, toolType[0]=TOOL_TYPE_UNKNOWN, id[1]=1, x[1]=134.0, y[1]=0.0, toolType[1]=TOOL_TYPE_UNKNOWN, buttonState=0, metaState=0, flags=0x0, edgeFlags=0x0, pointerCount=2, historySize=6, eventTime=246119, downTime=246013, deviceId=0, source=0x1002 }
D/InputEventConsistencyVerifier(  444):   5: sent at 246040000000, MotionEvent { action=ACTION_POINTER_DOWN(1), id[0]=0, x[0]=52.0, y[0]=4.0, toolType[0]=TOOL_TYPE_UNKNOWN, id[1]=1, x[1]=92.0, y[1]=2.0, toolType[1]=TOOL_TYPE_UNKNOWN, buttonState=0, metaState=0, flags=0x0, edgeFlags=0x0, pointerCount=2, historySize=0, eventTime=246040, downTime=246013, deviceId=0, source=0x1002 }
I/Choreographer(  444): Skipped 71 frames!  The application may be doing too much work on its main thread.
D/InputEventConsistencyVerifier(  444): KeyEvent: ACTION_UP but key was not down.
D/InputEventConsistencyVerifier(  444):   in com.android.systemui.statusbar.phone.StatusBarWindowView@b3e96248
D/InputEventConsistencyVerifier(  444):   0: sent at 247235000000, KeyEvent { action=ACTION_UP, keyCode=KEYCODE_DPAD_DOWN, scanCode=0, metaState=0, flags=0x400, repeatCount=0, eventTime=247235, downTime=247235, deviceId=-1, source=0x101 }
D/InputEventConsistencyVerifier(  444):   -- recent events --
D/InputEventConsistencyVerifier(  444):   1: sent at 247037000000, (unhandled) MotionEvent { action=ACTION_MOVE, id[0]=0, x[0]=-1.0, y[0]=4.0, toolType[0]=TOOL_TYPE_UNKNOWN, buttonState=0, metaState=0, flags=0x0, edgeFlags=0x0, pointerCount=1, historySize=9, eventTime=247037, downTime=-1, deviceId=0, source=0x10004 }
D/InputEventConsistencyVerifier(  444):   2: sent at 247083000000, MotionEvent { action=ACTION_UP, id[0]=0, x[0]=328.0, y[0]=185.0, toolType[0]=TOOL_TYPE_UNKNOWN, buttonState=0, metaState=0, flags=0x0, edgeFlags=0x0, pointerCount=1, historySize=0, eventTime=247083, downTime=247076, deviceId=0, source=0x1002 }
D/InputEventConsistencyVerifier(  444):   3: sent at 247076000000, MotionEvent { action=ACTION_DOWN, id[0]=0, x[0]=344.0, y[0]=208.0, toolType[0]=TOOL_TYPE_UNKNOWN, buttonState=0, metaState=0, flags=0x0, edgeFlags=0x0, pointerCount=1, historySize=0, eventTime=247076, downTime=247076, deviceId=0, source=0x1002 }
D/InputEventConsistencyVerifier(  444):   4: sent at 247058000000, MotionEvent { action=ACTION_UP, id[0]=0, x[0]=257.0, y[0]=377.0, toolType[0]=TOOL_TYPE_UNKNOWN, buttonState=0, metaState=0, flags=0x0, edgeFlags=0x0, pointerCount=1, historySize=0, eventTime=247058, downTime=247052, deviceId=0, source=0x1002 }
D/InputEventConsistencyVerifier(  444):   5: sent at 247052000000, MotionEvent { action=ACTION_DOWN, id[0]=0, x[0]=260.0, y[0]=377.0, toolType[0]=TOOL_TYPE_UNKNOWN, buttonState=0, metaState=0, flags=0x0, edgeFlags=0x0, pointerCount=1, historySize=0, eventTime=247052, downTime=247052, deviceId=0, source=0x1002 }
D/InputEventConsistencyVerifier(  444): KeyEvent: ACTION_UP but key was not down.
D/InputEventConsistencyVerifier(  444):   in android.widget.FrameLayout@b3e94fd0
D/InputEventConsistencyVerifier(  444):   0: sent at 247236000000, KeyEvent { action=ACTION_UP, keyCode=KEYCODE_DPAD_DOWN, scanCode=0, metaState=0, flags=0x400, repeatCount=0, eventTime=247236, downTime=247236, deviceId=-1, source=0x101 }
D/InputEventConsistencyVerifier(  444):   -- recent events --
D/InputEventConsistencyVerifier(  444):   1: sent at 247083000000, MotionEvent { action=ACTION_UP, id[0]=0, x[0]=328.0, y[0]=185.0, toolType[0]=TOOL_TYPE_UNKNOWN, buttonState=0, metaState=0, flags=0x0, edgeFlags=0x0, pointerCount=1, historySize=0, eventTime=247083, downTime=247076, deviceId=0, source=0x1002 }
D/InputEventConsistencyVerifier(  444):   2: sent at 247076000000, MotionEvent { action=ACTION_DOWN, id[0]=0, x[0]=344.0, y[0]=208.0, toolType[0]=TOOL_TYPE_UNKNOWN, buttonState=0, metaState=0, flags=0x0, edgeFlags=0x0, pointerCount=1, historySize=0, eventTime=247076, downTime=247076, deviceId=0, source=0x1002 }
D/InputEventConsistencyVerifier(  444):   3: sent at 247058000000, MotionEvent { action=ACTION_UP, id[0]=0, x[0]=257.0, y[0]=377.0, toolType[0]=TOOL_TYPE_UNKNOWN, buttonState=0, metaState=0, flags=0x0, edgeFlags=0x0, pointerCount=1, historySize=0, eventTime=247058, downTime=247052, deviceId=0, source=0x1002 }
D/InputEventConsistencyVerifier(  444):   4: sent at 247052000000, MotionEvent { action=ACTION_DOWN, id[0]=0, x[0]=260.0, y[0]=377.0, toolType[0]=TOOL_TYPE_UNKNOWN, buttonState=0, metaState=0, flags=0x80000000, edgeFlags=0x0, pointerCount=1, historySize=0, eventTime=247052, downTime=247052, deviceId=0, source=0x1002 }
D/InputEventConsistencyVerifier(  444):   5: sent at 246953000000, (unhandled) KeyEvent { action=ACTION_UP, keyCode=KEYCODE_DPAD_LEFT, scanCode=0, metaState=0, flags=0x8, repeatCount=0, eventTime=246953, downTime=246953, deviceId=-1, source=0x101 }
D/InputEventConsistencyVerifier(  444): KeyEvent: ACTION_UP but key was not down.
D/InputEventConsistencyVerifier(  444):   in com.android.systemui.statusbar.phone.PhoneStatusBarView@b3e981e0
D/InputEventConsistencyVerifier(  444):   0: sent at 247240000000, KeyEvent { action=ACTION_UP, keyCode=KEYCODE_DPAD_UP, scanCode=0, metaState=0, flags=0x8, repeatCount=0, eventTime=247240, downTime=247240, deviceId=-1, source=0x101 }
D/InputEventConsistencyVerifier(  444):   -- recent events --
D/InputEventConsistencyVerifier(  444):   1: sent at 247236000000, (unhandled) KeyEvent { action=ACTION_DOWN, keyCode=KEYCODE_DPAD_DOWN, scanCode=0, metaState=0, flags=0x400, repeatCount=0, eventTime=247236, downTime=247236, deviceId=-1, source=0x101 }
D/InputEventConsistencyVerifier(  444):   2: sent at 247235000000, (unhandled) KeyEvent { action=ACTION_UP, keyCode=KEYCODE_DPAD_DOWN, scanCode=0, metaState=0, flags=0x80000400, repeatCount=0, eventTime=247235, downTime=247235, deviceId=-1, source=0x101 }
D/InputEventConsistencyVerifier(  444):   3: sent at 246922000000, (unhandled) KeyEvent { action=ACTION_DOWN, keyCode=KEYCODE_DPAD_DOWN, scanCode=0, metaState=0, flags=0x400, repeatCount=0, eventTime=246922, downTime=246922, deviceId=-1, source=0x101 }
D/InputEventConsistencyVerifier(  444):   4: sent at 246922000000, (unhandled) KeyEvent { action=ACTION_MULTIPLE, keyCode=KEYCODE_DPAD_DOWN, scanCode=0, metaState=0, flags=0x400, repeatCount=2, eventTime=246922, downTime=246922, deviceId=-1, source=0x101 }
D/InputEventConsistencyVerifier(  444):   5: sent at 246914000000, (unhandled) MotionEvent { action=ACTION_MOVE, id[0]=0, x[0]=0.0, y[0]=4.0, toolType[0]=TOOL_TYPE_UNKNOWN, buttonState=0, metaState=0, flags=0x0, edgeFlags=0x0, pointerCount=1, historySize=9, eventTime=246914, downTime=-1, deviceId=0, source=0x10004 }
W/dalvikvm(  444): DroidBox: { "FdAccess": { "path": "2f70726f632f6d656d696e666f", "id": "509713788" } }
W/DroidBox(  444): DroidBox: { "FileRW": { "operation": "read", "data": "4d656d546f74616c3a202020202020202020373438393634206b420a4d656d467265653a20202020202020202020343431303838206b420a427566666572733a20202020202020202020202035343736206b420a4361636865643a202020202020202020", "id": "509713788" } }
D/InputEventConsistencyVerifier(  444): KeyEvent: ACTION_UP but key was not down.
D/InputEventConsistencyVerifier(  444):   in com.android.systemui.statusbar.phone.StatusBarWindowView@b3e96248
D/InputEventConsistencyVerifier(  444):   0: sent at 247498000000, KeyEvent { action=ACTION_UP, keyCode=KEYCODE_PAGE_DOWN, scanCode=0, metaState=0, flags=0x8, repeatCount=0, eventTime=247498, downTime=247498, deviceId=-1, source=0x101 }
D/InputEventConsistencyVerifier(  444):   -- recent events --
D/InputEventConsistencyVerifier(  444):   1: sent at 247422000000, (unhandled) KeyEvent { action=ACTION_UP, keyCode=KEYCODE_VOLUME_UP, scanCode=0, metaState=0, flags=0x8, repeatCount=0, eventTime=247422, downTime=247422, deviceId=-1, source=0x101 }
D/InputEventConsistencyVerifier(  444):   2: sent at 247398000000, (unhandled) KeyEvent { action=ACTION_DOWN, keyCode=KEYCODE_VOLUME_UP, scanCode=0, metaState=0, flags=0x8, repeatCount=0, eventTime=247398, downTime=247398, deviceId=-1, source=0x101 }
D/InputEventConsistencyVerifier(  444):   3: sent at 247377000000, MotionEvent { action=ACTION_UP, id[0]=0, x[0]=471.0, y[0]=706.0, toolType[0]=TOOL_TYPE_UNKNOWN, buttonState=0, metaState=0, flags=0x0, edgeFlags=0x0, pointerCount=1, historySize=0, eventTime=247377, downTime=247359, deviceId=0, source=0x1002 }
D/InputEventConsistencyVerifier(  444):   4: sent at 247360000000, MotionEvent { action=ACTION_DOWN, id[0]=0, x[0]=459.0, y[0]=714.0, toolType[0]=TOOL_TYPE_UNKNOWN, buttonState=0, metaState=0, flags=0x0, edgeFlags=0x0, pointerCount=1, historySize=0, eventTime=247360, downTime=247359, deviceId=0, source=0x1002 }
D/InputEventConsistencyVerifier(  444):   5: sent at 247296000000, (unhandled) KeyEvent { action=ACTION_UP, keyCode=KEYCODE_DPAD_RIGHT, scanCode=0, metaState=0, flags=0x8, repeatCount=0, eventTime=247296, downTime=247296, deviceId=-1, source=0x101 }
I/Choreographer(  444): Skipped 126 frames!  The application may be doing too much work on its main thread.
D/InputEventConsistencyVerifier(  444): KeyEvent: ACTION_UP but key was not down.
D/InputEventConsistencyVerifier(  444):   in com.android.systemui.statusbar.phone.StatusBarWindowView@b3e96248
D/InputEventConsistencyVerifier(  444):   0: sent at 247776000000, KeyEvent { action=ACTION_UP, keyCode=KEYCODE_DPAD_UP, scanCode=0, metaState=0, flags=0x400, repeatCount=0, eventTime=247776, downTime=247776, deviceId=-1, source=0x101 }
D/InputEventConsistencyVerifier(  444):   -- recent events --
D/InputEventConsistencyVerifier(  444):   1: sent at 247727000000, (unhandled) MotionEvent { action=ACTION_MOVE, id[0]=0, x[0]=-1.0, y[0]=-2.0, toolType[0]=TOOL_TYPE_UNKNOWN, buttonState=0, metaState=0, flags=0x0, edgeFlags=0x0, pointerCount=1, historySize=3, eventTime=247727, downTime=-1, deviceId=0, source=0x10004 }
D/InputEventConsistencyVerifier(  444):   2: sent at 247644000000, MotionEvent { action=ACTION_UP, id[0]=0, x[0]=157.0, y[0]=493.0, toolType[0]=TOOL_TYPE_UNKNOWN, buttonState=0, metaState=0, flags=0x0, edgeFlags=0x0, pointerCount=1, historySize=0, eventTime=247644, downTime=247559, deviceId=0, source=0x1002 }
D/InputEventConsistencyVerifier(  444):   3: sent at 247641000000, MotionEvent { action=ACTION_MOVE, id[0]=0, x[0]=165.0, y[0]=486.0, toolType[0]=TOOL_TYPE_UNKNOWN, buttonState=0, metaState=0, flags=0x0, edgeFlags=0x0, pointerCount=1, historySize=5, eventTime=247641, downTime=247559, deviceId=0, source=0x1002 }
D/InputEventConsistencyVerifier(  444):   4: sent at 247577000000, MotionEvent { action=ACTION_DOWN, id[0]=0, x[0]=219.0, y[0]=450.0, toolType[0]=TOOL_TYPE_UNKNOWN, buttonState=0, metaState=0, flags=0x0, edgeFlags=0x0, pointerCount=1, historySize=0, eventTime=247577, downTime=247559, deviceId=0, source=0x1002 }
D/InputEventConsistencyVerifier(  444):   5: sent at 247498000000, (unhandled) KeyEvent { action=ACTION_UP, keyCode=KEYCODE_PAGE_DOWN, scanCode=0, metaState=0, flags=0x80000008, repeatCount=0, eventTime=247498, downTime=247498, deviceId=-1, source=0x101 }
D/InputEventConsistencyVerifier(  444): TrackballEvent: Trackball is down but pressure is not greater than 0.
D/InputEventConsistencyVerifier(  444):   in android.view.ViewRootImpl@b3f27dd8
D/InputEventConsistencyVerifier(  444):   0: sent at 247849000000, MotionEvent { action=ACTION_DOWN, id[0]=0, x[0]=0.0, y[0]=0.0, toolType[0]=TOOL_TYPE_UNKNOWN, buttonState=0, metaState=0, flags=0x0, edgeFlags=0x0, pointerCount=1, historySize=0, eventTime=247849, downTime=247665, deviceId=0, source=0x10004 }
D/InputEventConsistencyVerifier(  444):   -- recent events --
D/InputEventConsistencyVerifier(  444):   1: sent at 247855000000, KeyEvent { action=ACTION_UP, keyCode=KEYCODE_DPAD_LEFT, scanCode=0, metaState=0, flags=0x400, repeatCount=0, eventTime=247855, downTime=247855, deviceId=-1, source=0x101 }
D/InputEventConsistencyVerifier(  444):   2: sent at 247855000000, KeyEvent { action=ACTION_DOWN, keyCode=KEYCODE_DPAD_LEFT, scanCode=0, metaState=0, flags=0x400, repeatCount=0, eventTime=247855, downTime=247855, deviceId=-1, source=0x101 }
D/InputEventConsistencyVerifier(  444):   3: sent at 247855000000, KeyEvent { action=ACTION_UP, keyCode=KEYCODE_DPAD_LEFT, scanCode=0, metaState=0, flags=0x400, repeatCount=0, eventTime=247855, downTime=247855, deviceId=-1, source=0x101 }
D/InputEventConsistencyVerifier(  444):   4: sent at 247855000000, KeyEvent { action=ACTION_DOWN, keyCode=KEYCODE_DPAD_LEFT, scanCode=0, metaState=0, flags=0x400, repeatCount=0, eventTime=247855, downTime=247855, deviceId=-1, source=0x101 }
D/InputEventConsistencyVerifier(  444):   5: sent at 247846000000, MotionEvent { action=ACTION_MOVE, id[0]=0, x[0]=-2.0, y[0]=0.0, toolType[0]=TOOL_TYPE_UNKNOWN, buttonState=0, metaState=0, flags=0x0, edgeFlags=0x0, pointerCount=1, historySize=5, eventTime=247846, downTime=-1, deviceId=0, source=0x10004 }
D/InputEventConsistencyVerifier(  444): TouchEvent: ACTION_DOWN but pointers are already down.  Probably missing ACTION_UP from previous gesture.
D/InputEventConsistencyVerifier(  444):   in android.view.ScaleGestureDetector@b3f36028
D/InputEventConsistencyVerifier(  444):   0: sent at 248090000000, MotionEvent { action=ACTION_DOWN, id[0]=0, x[0]=206.0, y[0]=659.0, toolType[0]=TOOL_TYPE_UNKNOWN, buttonState=0, metaState=0, flags=0x0, edgeFlags=0x0, pointerCount=1, historySize=0, eventTime=248090, downTime=248089, deviceId=0, source=0x1002 }
D/InputEventConsistencyVerifier(  444):   -- recent events --
D/InputEventConsistencyVerifier(  444):   1: sent at 247641000000, MotionEvent { action=ACTION_MOVE, id[0]=0, x[0]=165.0, y[0]=486.0, toolType[0]=TOOL_TYPE_UNKNOWN, buttonState=0, metaState=0, flags=0x0, edgeFlags=0x0, pointerCount=1, historySize=5, eventTime=247641, downTime=247559, deviceId=0, source=0x1002 }
D/InputEventConsistencyVerifier(  444):   2: sent at 247577000000, MotionEvent { action=ACTION_DOWN, id[0]=0, x[0]=219.0, y[0]=450.0, toolType[0]=TOOL_TYPE_UNKNOWN, buttonState=0, metaState=0, flags=0x0, edgeFlags=0x0, pointerCount=1, historySize=0, eventTime=247577, downTime=247559, deviceId=0, source=0x1002 }
D/InputEventConsistencyVerifier(  444):   3: sent at 247377000000, MotionEvent { action=ACTION_UP, id[0]=0, x[0]=471.0, y[0]=706.0, toolType[0]=TOOL_TYPE_UNKNOWN, buttonState=0, metaState=0, flags=0x0, edgeFlags=0x0, pointerCount=1, historySize=0, eventTime=247377, downTime=247359, deviceId=0, source=0x1002 }
D/InputEventConsistencyVerifier(  444):   4: sent at 247360000000, MotionEvent { action=ACTION_DOWN, id[0]=0, x[0]=459.0, y[0]=714.0, toolType[0]=TOOL_TYPE_UNKNOWN, buttonState=0, metaState=0, flags=0x0, edgeFlags=0x0, pointerCount=1, historySize=0, eventTime=247360, downTime=247359, deviceId=0, source=0x1002 }
D/InputEventConsistencyVerifier(  444):   5: sent at 247083000000, MotionEvent { action=ACTION_UP, id[0]=0, x[0]=328.0, y[0]=185.0, toolType[0]=TOOL_TYPE_UNKNOWN, buttonState=0, metaState=0, flags=0x0, edgeFlags=0x0, pointerCount=1, historySize=0, eventTime=247083, downTime=247076, deviceId=0, source=0x1002 }
D/InputEventConsistencyVerifier(  444): KeyEvent: ACTION_UP but key was not down.
D/InputEventConsistencyVerifier(  444):   in com.android.systemui.statusbar.phone.StatusBarWindowView@b3e96248
D/InputEventConsistencyVerifier(  444):   0: sent at 248552000000, KeyEvent { action=ACTION_UP, keyCode=KEYCODE_DPAD_RIGHT, scanCode=0, metaState=0, flags=0x8, repeatCount=0, eventTime=248552, downTime=248552, deviceId=-1, source=0x101 }
D/InputEventConsistencyVerifier(  444):   -- recent events --
D/InputEventConsistencyVerifier(  444):   1: sent at 248261000000, MotionEvent { action=ACTION_UP, id[0]=0, x[0]=387.0, y[0]=705.0, toolType[0]=TOOL_TYPE_UNKNOWN, buttonState=0, metaState=0, flags=0x0, edgeFlags=0x0, pointerCount=1, historySize=0, eventTime=248261, downTime=248197, deviceId=0, source=0x1002 }
D/InputEventConsistencyVerifier(  444):   2: sent at 248198000000, MotionEvent { action=ACTION_DOWN, id[0]=0, x[0]=401.0, y[0]=691.0, toolType[0]=TOOL_TYPE_UNKNOWN, buttonState=0, metaState=0, flags=0x0, edgeFlags=0x0, pointerCount=1, historySize=0, eventTime=248198, downTime=248197, deviceId=0, source=0x1002 }
D/InputEventConsistencyVerifier(  444):   3: sent at 248111000000, MotionEvent { action=ACTION_UP, id[0]=0, x[0]=216.0, y[0]=651.0, toolType[0]=TOOL_TYPE_UNKNOWN, buttonState=0, metaState=0, flags=0x0, edgeFlags=0x0, pointerCount=1, historySize=0, eventTime=248111, downTime=248089, deviceId=0, source=0x1002 }
D/InputEventConsistencyVerifier(  444):   4: sent at 248090000000, MotionEvent { action=ACTION_DOWN, id[0]=0, x[0]=206.0, y[0]=659.0, toolType[0]=TOOL_TYPE_UNKNOWN, buttonState=0, metaState=0, flags=0x0, edgeFlags=0x0, pointerCount=1, historySize=0, eventTime=248090, downTime=248089, deviceId=0, source=0x1002 }
D/InputEventConsistencyVerifier(  444):   5: sent at 248083000000, (unhandled) KeyEvent { action=ACTION_UP, keyCode=KEYCODE_DPAD_RIGHT, scanCode=0, metaState=0, flags=0x8, repeatCount=0, eventTime=248083, downTime=248083, deviceId=-1, source=0x101 }
I/Choreographer(  444): Skipped 125 frames!  The application may be doing too much work on its main thread.
D/InputEventConsistencyVerifier(  444): KeyEvent: ACTION_UP but key was not down.
D/InputEventConsistencyVerifier(  444):   in com.android.systemui.statusbar.phone.StatusBarWindowView@b3e96248
D/InputEventConsistencyVerifier(  444):   0: sent at 248718000000, KeyEvent { action=ACTION_UP, keyCode=KEYCODE_DPAD_UP, scanCode=0, metaState=0, flags=0x8, repeatCount=0, eventTime=248718, downTime=248718, deviceId=-1, source=0x101 }
D/InputEventConsistencyVerifier(  444):   -- recent events --
D/InputEventConsistencyVerifier(  444):   1: sent at 248638000000, MotionEvent { action=ACTION_UP, id[0]=0, x[0]=0.0, y[0]=618.0, toolType[0]=TOOL_TYPE_UNKNOWN, buttonState=0, metaState=0, flags=0x0, edgeFlags=0x0, pointerCount=1, historySize=0, eventTime=248638, downTime=248619, deviceId=0, source=0x1002 }
D/InputEventConsistencyVerifier(  444):   2: sent at 248620000000, MotionEvent { action=ACTION_DOWN, id[0]=0, x[0]=1.0, y[0]=616.0, toolType[0]=TOOL_TYPE_UNKNOWN, buttonState=0, metaState=0, flags=0x0, edgeFlags=0x0, pointerCount=1, historySize=0, eventTime=248620, downTime=248619, deviceId=0, source=0x1002 }
D/InputEventConsistencyVerifier(  444):   3: sent at 248552000000, (unhandled) KeyEvent { action=ACTION_UP, keyCode=KEYCODE_DPAD_RIGHT, scanCode=0, metaState=0, flags=0x80000008, repeatCount=0, eventTime=248552, downTime=248552, deviceId=-1, source=0x101 }
D/InputEventConsistencyVerifier(  444):   4: sent at 248261000000, MotionEvent { action=ACTION_UP, id[0]=0, x[0]=387.0, y[0]=705.0, toolType[0]=TOOL_TYPE_UNKNOWN, buttonState=0, metaState=0, flags=0x0, edgeFlags=0x0, pointerCount=1, historySize=0, eventTime=248261, downTime=248197, deviceId=0, source=0x1002 }
D/InputEventConsistencyVerifier(  444):   5: sent at 248198000000, MotionEvent { action=ACTION_DOWN, id[0]=0, x[0]=401.0, y[0]=691.0, toolType[0]=TOOL_TYPE_UNKNOWN, buttonState=0, metaState=0, flags=0x0, edgeFlags=0x0, pointerCount=1, historySize=0, eventTime=248198, downTime=248197, deviceId=0, source=0x1002 }
D/InputEventConsistencyVerifier(  444): TouchEvent: ACTION_DOWN but pointers are already down.  Probably missing ACTION_UP from previous gesture.
D/InputEventConsistencyVerifier(  444):   in android.view.ScaleGestureDetector@b3f36028
D/InputEventConsistencyVerifier(  444):   0: sent at 248808000000, MotionEvent { action=ACTION_DOWN, id[0]=0, x[0]=197.0, y[0]=223.0, toolType[0]=TOOL_TYPE_UNKNOWN, buttonState=0, metaState=0, flags=0x0, edgeFlags=0x0, pointerCount=1, historySize=0, eventTime=248808, downTime=248806, deviceId=0, source=0x1002 }
D/InputEventConsistencyVerifier(  444):   -- recent events --
D/InputEventConsistencyVerifier(  444):   1: sent at 248770000000, MotionEvent { action=ACTION_MOVE, id[0]=0, x[0]=196.5, y[0]=201.0, toolType[0]=TOOL_TYPE_UNKNOWN, buttonState=0, metaState=0, flags=0x0, edgeFlags=0x0, pointerCount=1, historySize=4, eventTime=248770, downTime=248727, deviceId=0, source=0x1002 }
D/InputEventConsistencyVerifier(  444):   2: sent at 248741000000, MotionEvent { action=ACTION_DOWN, id[0]=0, x[0]=224.0, y[0]=154.0, toolType[0]=TOOL_TYPE_UNKNOWN, buttonState=0, metaState=0, flags=0x0, edgeFlags=0x0, pointerCount=1, historySize=0, eventTime=248741, downTime=248727, deviceId=0, source=0x1002 }
D/InputEventConsistencyVerifier(  444):   3: sent at 248638000000, MotionEvent { action=ACTION_UP, id[0]=0, x[0]=0.0, y[0]=618.0, toolType[0]=TOOL_TYPE_UNKNOWN, buttonState=0, metaState=0, flags=0x0, edgeFlags=0x0, pointerCount=1, historySize=0, eventTime=248638, downTime=248619, deviceId=0, source=0x1002 }
D/InputEventConsistencyVerifier(  444):   4: sent at 248620000000, MotionEvent { action=ACTION_DOWN, id[0]=0, x[0]=1.0, y[0]=616.0, toolType[0]=TOOL_TYPE_UNKNOWN, buttonState=0, metaState=0, flags=0x0, edgeFlags=0x0, pointerCount=1, historySize=0, eventTime=248620, downTime=248619, deviceId=0, source=0x1002 }
D/InputEventConsistencyVerifier(  444):   5: sent at 248261000000, MotionEvent { action=ACTION_UP, id[0]=0, x[0]=387.0, y[0]=705.0, toolType[0]=TOOL_TYPE_UNKNOWN, buttonState=0, metaState=0, flags=0x0, edgeFlags=0x0, pointerCount=1, historySize=0, eventTime=248261, downTime=248197, deviceId=0, source=0x1002 }
D/InputEventConsistencyVerifier(  444): KeyEvent: ACTION_UP but key was not down.
D/InputEventConsistencyVerifier(  444):   in com.android.systemui.statusbar.phone.StatusBarWindowView@b3e96248
D/InputEventConsistencyVerifier(  444):   0: sent at 248929000000, KeyEvent { action=ACTION_UP, keyCode=KEYCODE_DPAD_DOWN, scanCode=0, metaState=0, flags=0x400, repeatCount=0, eventTime=248929, downTime=248929, deviceId=-1, source=0x101 }
D/InputEventConsistencyVerifier(  444):   -- recent events --
D/InputEventConsistencyVerifier(  444):   1: sent at 248911000000, (unhandled) MotionEvent { action=ACTION_MOVE, id[0]=0, x[0]=-3.0, y[0]=3.0, toolType[0]=TOOL_TYPE_UNKNOWN, buttonState=0, metaState=0, flags=0x0, edgeFlags=0x0, pointerCount=1, historySize=8, eventTime=248911, downTime=-1, deviceId=0, source=0x10004 }
D/InputEventConsistencyVerifier(  444):   2: sent at 248829000000, MotionEvent { action=ACTION_UP, id[0]=0, x[0]=169.0, y[0]=236.0, toolType[0]=TOOL_TYPE_UNKNOWN, buttonState=0, metaState=0, flags=0x0, edgeFlags=0x0, pointerCount=1, historySize=0, eventTime=248829, downTime=248806, deviceId=0, source=0x1002 }
D/InputEventConsistencyVerifier(  444):   3: sent at 248826000000, MotionEvent { action=ACTION_MOVE, id[0]=0, x[0]=177.0, y[0]=234.0, toolType[0]=TOOL_TYPE_UNKNOWN, buttonState=0, metaState=0, flags=0x0, edgeFlags=0x0, pointerCount=1, historySize=2, eventTime=248826, downTime=248806, deviceId=0, source=0x1002 }
D/InputEventConsistencyVerifier(  444):   4: sent at 248808000000, MotionEvent { action=ACTION_DOWN, id[0]=0, x[0]=197.0, y[0]=223.0, toolType[0]=TOOL_TYPE_UNKNOWN, buttonState=0, metaState=0, flags=0x0, edgeFlags=0x0, pointerCount=1, historySize=0, eventTime=248808, downTime=248806, deviceId=0, source=0x1002 }
D/InputEventConsistencyVerifier(  444):   5: sent at 248788000000, MotionEvent { action=ACTION_UP, id[0]=0, x[0]=176.0, y[0]=233.0, toolType[0]=TOOL_TYPE_UNKNOWN, buttonState=0, metaState=0, flags=0x0, edgeFlags=0x0, pointerCount=1, historySize=0, eventTime=248788, downTime=248727, deviceId=0, source=0x1002 }
D/InputEventConsistencyVerifier(  444): KeyEvent: ACTION_UP but key was not down.
D/InputEventConsistencyVerifier(  444):   in android.widget.FrameLayout@b3e94fd0
D/InputEventConsistencyVerifier(  444):   0: sent at 248929000000, KeyEvent { action=ACTION_UP, keyCode=KEYCODE_DPAD_DOWN, scanCode=0, metaState=0, flags=0x400, repeatCount=0, eventTime=248929, downTime=248929, deviceId=-1, source=0x101 }
D/InputEventConsistencyVerifier(  444):   -- recent events --
D/InputEventConsistencyVerifier(  444):   1: sent at 248829000000, MotionEvent { action=ACTION_UP, id[0]=0, x[0]=169.0, y[0]=236.0, toolType[0]=TOOL_TYPE_UNKNOWN, buttonState=0, metaState=0, flags=0x0, edgeFlags=0x0, pointerCount=1, historySize=0, eventTime=248829, downTime=248806, deviceId=0, source=0x1002 }
D/InputEventConsistencyVerifier(  444):   2: sent at 248826000000, MotionEvent { action=ACTION_MOVE, id[0]=0, x[0]=177.0, y[0]=234.0, toolType[0]=TOOL_TYPE_UNKNOWN, buttonState=0, metaState=0, flags=0x0, edgeFlags=0x0, pointerCount=1, historySize=2, eventTime=248826, downTime=248806, deviceId=0, source=0x1002 }
D/InputEventConsistencyVerifier(  444):   3: sent at 248808000000, MotionEvent { action=ACTION_DOWN, id[0]=0, x[0]=197.0, y[0]=223.0, toolType[0]=TOOL_TYPE_UNKNOWN, buttonState=0, metaState=0, flags=0x80000000, edgeFlags=0x0, pointerCount=1, historySize=0, eventTime=248808, downTime=248806, deviceId=0, source=0x1002 }
D/InputEventConsistencyVerifier(  444):   4: sent at 248788000000, MotionEvent { action=ACTION_UP, id[0]=0, x[0]=176.0, y[0]=233.0, toolType[0]=TOOL_TYPE_UNKNOWN, buttonState=0, metaState=0, flags=0x0, edgeFlags=0x0, pointerCount=1, historySize=0, eventTime=248788, downTime=248727, deviceId=0, source=0x1002 }
D/InputEventConsistencyVerifier(  444):   5: sent at 248786000000, MotionEvent { action=ACTION_MOVE, id[0]=0, x[0]=184.0, y[0]=228.0, toolType[0]=TOOL_TYPE_UNKNOWN, buttonState=0, metaState=0, flags=0x0, edgeFlags=0x0, pointerCount=1, historySize=2, eventTime=248786, downTime=248727, deviceId=0, source=0x1002 }
D/InputEventConsistencyVerifier(  444): KeyEvent: ACTION_UP but key was not down.
D/InputEventConsistencyVerifier(  444):   in com.android.systemui.statusbar.phone.Ph