D/InputEventConsistencyVerifier(  419):   in android.view.ScaleGestureDetector@b3e525b0
D/InputEventConsistencyVerifier(  419):   0: sent at 257238000000, MotionEvent { action=ACTION_DOWN, id[0]=0, x[0]=302.0, y[0]=143.0, toolType[0]=TOOL_TYPE_UNKNOWN, buttonState=0, metaState=0, flags=0x0, edgeFlags=0x0, pointerCount=1, historySize=0, eventTime=257238, downTime=257237, deviceId=0, source=0x1002 }
D/InputEventConsistencyVerifier(  419):   -- recent events --
D/InputEventConsistencyVerifier(  419):   1: sent at 257215000000, MotionEvent { action=ACTION_MOVE, id[0]=0, x[0]=246.0, y[0]=158.0, toolType[0]=TOOL_TYPE_UNKNOWN, id[1]=1, x[1]=208.0, y[1]=263.0, toolType[1]=TOOL_TYPE_UNKNOWN, buttonState=0, metaState=0, flags=0x0, edgeFlags=0x0, pointerCount=2, historySize=0, eventTime=257215, downTime=257186, deviceId=0, source=0x1002 }
D/InputEventConsistencyVerifier(  419):   2: sent at 257213000000, MotionEvent { action=ACTION_POINTER_DOWN(1), id[0]=0, x[0]=259.0, y[0]=149.0, toolType[0]=TOOL_TYPE_UNKNOWN, id[1]=1, x[1]=211.0, y[1]=249.0, toolType[1]=TOOL_TYPE_UNKNOWN, buttonState=0, metaState=0, flags=0x0, edgeFlags=0x0, pointerCount=2, historySize=0, eventTime=257213, downTime=257186, deviceId=0, source=0x1002 }
D/InputEventConsistencyVerifier(  419):   3: sent at 257188000000, MotionEvent { action=ACTION_DOWN, id[0]=0, x[0]=272.0, y[0]=146.0, toolType[0]=TOOL_TYPE_UNKNOWN, buttonState=0, metaState=0, flags=0x0, edgeFlags=0x0, pointerCount=1, historySize=0, eventTime=257188, downTime=257186, deviceId=0, source=0x1002 }
D/InputEventConsistencyVerifier(  419):   4: sent at 257007000000, MotionEvent { action=ACTION_UP, id[0]=0, x[0]=134.0, y[0]=736.0, toolType[0]=TOOL_TYPE_UNKNOWN, buttonState=0, metaState=0, flags=0x0, edgeFlags=0x0, pointerCount=1, historySize=0, eventTime=257007, downTime=256975, deviceId=0, source=0x1002 }
D/InputEventConsistencyVerifier(  419):   5: sent at 256975000000, MotionEvent { action=ACTION_DOWN, id[0]=0, x[0]=141.0, y[0]=720.0, toolType[0]=TOOL_TYPE_UNKNOWN, buttonState=0, metaState=0, flags=0x0, edgeFlags=0x0, pointerCount=1, historySize=0, eventTime=256975, downTime=256975, deviceId=0, source=0x1002 }
D/InputEventConsistencyVerifier(  419): KeyEvent: ACTION_UP but key was not down.
D/InputEventConsistencyVerifier(  419):   in com.android.systemui.statusbar.phone.StatusBarWindowView@b3db1350
D/InputEventConsistencyVerifier(  419):   0: sent at 257445000000, KeyEvent { action=ACTION_UP, keyCode=KEYCODE_DPAD_LEFT, scanCode=0, metaState=0, flags=0x8, repeatCount=0, eventTime=257445, downTime=257445, deviceId=-1, source=0x101 }
D/InputEventConsistencyVerifier(  419):   -- recent events --
D/InputEventConsistencyVerifier(  419):   1: sent at 257408000000, MotionEvent { action=ACTION_UP, id[0]=0, x[0]=351.0, y[0]=740.0, toolType[0]=TOOL_TYPE_UNKNOWN, buttonState=0, metaState=0, flags=0x0, edgeFlags=0x0, pointerCount=1, historySize=0, eventTime=257408, downTime=257381, deviceId=0, source=0x1002 }
D/InputEventConsistencyVerifier(  419):   2: sent at 257381000000, MotionEvent { action=ACTION_DOWN, id[0]=0, x[0]=344.0, y[0]=747.0, toolType[0]=TOOL_TYPE_UNKNOWN, buttonState=0, metaState=0, flags=0x0, edgeFlags=0x0, pointerCount=1, historySize=0, eventTime=257381, downTime=257381, deviceId=0, source=0x1002 }
D/InputEventConsistencyVerifier(  419):   3: sent at 257396000000, (unhandled) KeyEvent { action=ACTION_UP, keyCode=KEYCODE_DPAD_LEFT, scanCode=0, metaState=0, flags=0x400, repeatCount=0, eventTime=257396, downTime=257396, deviceId=-1, source=0x101 }
D/InputEventConsistencyVerifier(  419):   4: sent at 257396000000, (unhandled) KeyEvent { action=ACTION_DOWN, keyCode=KEYCODE_DPAD_LEFT, scanCode=0, metaState=0, flags=0x400, repeatCount=0, eventTime=257396, downTime=257396, deviceId=-1, source=0x101 }
D/InputEventConsistencyVerifier(  419):   5: sent at 257395000000, (unhandled) KeyEvent { action=ACTION_UP, keyCode=KEYCODE_DPAD_LEFT, scanCode=0, metaState=0, flags=0x400, repeatCount=0, eventTime=257395, downTime=257395, deviceId=-1, source=0x101 }
D/InputEventConsistencyVerifier(  419): KeyEvent: ACTION_UP but key was not down.
D/InputEventConsistencyVerifier(  419):   in com.android.systemui.statusbar.phone.StatusBarWindowView@b3db1350
D/InputEventConsistencyVerifier(  419):   0: sent at 257599000000, KeyEvent { action=ACTION_UP, keyCode=KEYCODE_DPAD_UP, scanCode=0, metaState=0, flags=0x8, repeatCount=0, eventTime=257599, downTime=257599, deviceId=-1, source=0x101 }
D/InputEventConsistencyVerifier(  419):   -- recent events --
D/InputEventConsistencyVerifier(  419):   1: sent at 257497000000, MotionEvent { action=ACTION_UP, id[0]=0, x[0]=436.0, y[0]=653.0, toolType[0]=TOOL_TYPE_UNKNOWN, buttonState=0, metaState=0, flags=0x0, edgeFlags=0x0, pointerCount=1, historySize=0, eventTime=257497, downTime=257491, deviceId=0, source=0x1002 }
D/InputEventConsistencyVerifier(  419):   2: sent at 257492000000, MotionEvent { action=ACTION_DOWN, id[0]=0, x[0]=436.0, y[0]=639.0, toolType[0]=TOOL_TYPE_UNKNOWN, buttonState=0, metaState=0, flags=0x0, edgeFlags=0x0, pointerCount=1, historySize=0, eventTime=257492, downTime=257491, deviceId=0, source=0x1002 }
D/InputEventConsistencyVerifier(  419):   3: sent at 257445000000, (unhandled) KeyEvent { action=ACTION_UP, keyCode=KEYCODE_DPAD_LEFT, scanCode=0, metaState=0, flags=0x80000008, repeatCount=0, eventTime=257445, downTime=257445, deviceId=-1, source=0x101 }
D/InputEventConsistencyVerifier(  419):   4: sent at 257408000000, MotionEvent { action=ACTION_UP, id[0]=0, x[0]=351.0, y[0]=740.0, toolType[0]=TOOL_TYPE_UNKNOWN, buttonState=0, metaState=0, flags=0x0, edgeFlags=0x0, pointerCount=1, historySize=0, eventTime=257408, downTime=257381, deviceId=0, source=0x1002 }
D/InputEventConsistencyVerifier(  419):   5: sent at 257381000000, MotionEvent { action=ACTION_DOWN, id[0]=0, x[0]=344.0, y[0]=747.0, toolType[0]=TOOL_TYPE_UNKNOWN, buttonState=0, metaState=0, flags=0x0, edgeFlags=0x0, pointerCount=1, historySize=0, eventTime=257381, downTime=257381, deviceId=0, source=0x1002 }
I/Choreographer(  965): Skipped 50 frames!  The application may be doing too much work on its main thread.
D/InputEventConsistencyVerifier(  419): KeyEvent: ACTION_UP but key was not down.
D/InputEventConsistencyVerifier(  419):   in android.widget.FrameLayout@b3d813d0
D/InputEventConsistencyVerifier(  419):   0: sent at 257807000000, KeyEvent { action=ACTION_UP, keyCode=KEYCODE_DPAD_DOWN, scanCode=0, metaState=0, flags=0x400, repeatCount=0, eventTime=257807, downTime=257807, deviceId=-1, source=0x101 }
D/InputEventConsistencyVerifier(  419):   -- recent events --
D/InputEventConsistencyVerifier(  419):   1: sent at 257497000000, MotionEvent { action=ACTION_UP, id[0]=0, x[0]=436.0, y[0]=653.0, toolType[0]=TOOL_TYPE_UNKNOWN, buttonState=0, metaState=0, flags=0x0, edgeFlags=0x0, pointerCount=1, historySize=0, eventTime=257497, downTime=257491, deviceId=0, source=0x1002 }
D/InputEventConsistencyVerifier(  419):   2: sent at 257492000000, MotionEvent { action=ACTION_DOWN, id[0]=0, x[0]=436.0, y[0]=639.0, toolType[0]=TOOL_TYPE_UNKNOWN, buttonState=0, metaState=0, flags=0x0, edgeFlags=0x0, pointerCount=1, historySize=0, eventTime=257492, downTime=257491, deviceId=0, source=0x1002 }
D/InputEventConsistencyVerifier(  419):   3: sent at 257408000000, MotionEvent { action=ACTION_UP, id[0]=0, x[0]=351.0, y[0]=740.0, toolType[0]=TOOL_TYPE_UNKNOWN, buttonState=0, metaState=0, flags=0x0, edgeFlags=0x0, pointerCount=1, historySize=0, eventTime=257408, downTime=257381, deviceId=0, source=0x1002 }
D/InputEventConsistencyVerifier(  419):   4: sent at 257381000000, MotionEvent { action=ACTION_DOWN, id[0]=0, x[0]=344.0, y[0]=747.0, toolType[0]=TOOL_TYPE_UNKNOWN, buttonState=0, metaState=0, flags=0x0, edgeFlags=0x0, pointerCount=1, historySize=0, eventTime=257381, downTime=257381, deviceId=0, source=0x1002 }
D/InputEventConsistencyVerifier(  419):   5: sent at 257242000000, MotionEvent { action=ACTION_UP, id[0]=0, x[0]=298.0, y[0]=138.0, toolType[0]=TOOL_TYPE_UNKNOWN, buttonState=0, metaState=0, flags=0x0, edgeFlags=0x0, pointerCount=1, historySize=0, eventTime=257242, downTime=257237, deviceId=0, source=0x1002 }
I/Choreographer(  419): Skipped 50 frames!  The application may be doing too much work on its main thread.
I/Choreographer(  965): Skipped 35 frames!  The application may be doing too much work on its main thread.
D/InputEventConsistencyVerifier(  419): KeyEvent: ACTION_UP but key was not down.
D/InputEventConsistencyVerifier(  419):   in com.android.systemui.statusbar.phone.PhoneStatusBarView@b3db32e8
D/InputEventConsistencyVerifier(  419):   0: sent at 258305000000, KeyEvent { action=ACTION_UP, keyCode=KEYCODE_BUTTON_Z, scanCode=0, metaState=0, flags=0x8, repeatCount=0, eventTime=258305, downTime=258305, deviceId=-1, source=0x101 }
D/InputEventConsistencyVerifier(  419):   -- recent events --
D/InputEventConsistencyVerifier(  419):   1: sent at 257807000000, (unhandled) KeyEvent { action=ACTION_DOWN, keyCode=KEYCODE_DPAD_DOWN, scanCode=0, metaState=0, flags=0x400, repeatCount=0, eventTime=257807, downTime=257807, deviceId=-1, source=0x101 }
D/InputEventConsistencyVerifier(  419):   2: sent at 257797000000, (unhandled) MotionEvent { action=ACTION_MOVE, id[0]=0, x[0]=-1.0, y[0]=2.0, toolType[0]=TOOL_TYPE_UNKNOWN, buttonState=0, metaState=0, flags=0x0, edgeFlags=0x0, pointerCount=1, historySize=0, eventTime=257797, downTime=-1, deviceId=0, source=0x10004 }
D/InputEventConsistencyVerifier(  419):   3: sent at 257802000000, (unhandled) KeyEvent { action=ACTION_UP, keyCode=KEYCODE_DPAD_RIGHT, scanCode=0, metaState=0, flags=0x400, repeatCount=0, eventTime=257802, downTime=257802, deviceId=-1, source=0x101 }
D/InputEventConsistencyVerifier(  419):   4: sent at 257802000000, (unhandled) KeyEvent { action=ACTION_DOWN, keyCode=KEYCODE_DPAD_RIGHT, scanCode=0, metaState=0, flags=0x400, repeatCount=0, eventTime=257802, downTime=257802, deviceId=-1, source=0x101 }
D/InputEventConsistencyVerifier(  419):   5: sent at 257802000000, (unhandled) KeyEvent { action=ACTION_UP, keyCode=KEYCODE_DPAD_RIGHT, scanCode=0, metaState=0, flags=0x400, repeatCount=0, eventTime=257802, downTime=257802, deviceId=-1, source=0x101 }
I/Choreographer(  965): Skipped 42 frames!  The application may be doing too much work on its main thread.
D/InputEventConsistencyVerifier(  419): KeyEvent: ACTION_UP but key was not down.
D/InputEventConsistencyVerifier(  419):   in com.android.systemui.statusbar.phone.StatusBarWindowView@b3db1350
D/InputEventConsistencyVerifier(  419):   0: sent at 258305000000, KeyEvent { action=ACTION_UP, keyCode=KEYCODE_DPAD_CENTER, scanCode=0, metaState=0, flags=0x8, repeatCount=0, eventTime=258305, downTime=258305, deviceId=-1, source=0x101 }
D/InputEventConsistencyVerifier(  419):   -- recent events --
D/InputEventConsistencyVerifier(  419):   1: sent at 258305000000, (unhandled) KeyEvent { action=ACTION_UP, keyCode=KEYCODE_BUTTON_Z, scanCode=0, metaState=0, flags=0x8, repeatCount=0, eventTime=258305, downTime=258305, deviceId=-1, source=0x101 }
D/InputEventConsistencyVerifier(  419):   2: sent at 258301000000, (unhandled) KeyEvent { action=ACTION_DOWN, keyCode=KEYCODE_BUTTON_Z, scanCode=0, metaState=0, flags=0x8, repeatCount=0, eventTime=258301, downTime=258301, deviceId=-1, source=0x101 }
D/InputEventConsistencyVerifier(  419):   3: sent at 258293000000, MotionEvent { action=ACTION_UP, id[0]=0, x[0]=360.0, y[0]=466.0, toolType[0]=TOOL_TYPE_UNKNOWN, buttonState=0, metaState=0, flags=0x0, edgeFlags=0x0, pointerCount=1, historySize=0, eventTime=258293, downTime=258154, deviceId=0, source=0x1002 }
D/InputEventConsistencyVerifier(  419):   4: sent at 258290000000, MotionEvent { action=ACTION_MOVE, id[0]=0, x[0]=359.0, y[0]=466.0, toolType[0]=TOOL_TYPE_UNKNOWN, buttonState=0, metaState=0, flags=0x0, edgeFlags=0x0, pointerCount=1, historySize=0, eventTime=258290, downTime=258154, deviceId=0, source=0x1002 }
D/InputEventConsistencyVerifier(  419):   5: sent at 258240500000, MotionEvent { action=ACTION_MOVE, id[0]=0, x[0]=358.5, y[0]=469.0, toolType[0]=TOOL_TYPE_UNKNOWN, buttonState=0, metaState=0, flags=0x0, edgeFlags=0x0, pointerCount=1, historySize=1, eventTime=258240, downTime=258154, deviceId=0, source=0x1002 }
D/InputEventConsistencyVerifier(  419): KeyEvent: ACTION_UP but key was not down.
D/InputEventConsistencyVerifier(  419):   in android.widget.FrameLayout@b3d813d0
D/InputEventConsistencyVerifier(  419):   0: sent at 258495000000, KeyEvent { action=ACTION_UP, keyCode=KEYCODE_DPAD_DOWN, scanCode=0, metaState=0, flags=0x400, repeatCount=0, eventTime=258495, downTime=258495, deviceId=-1, source=0x101 }
D/InputEventConsistencyVerifier(  419):   -- recent events --
D/InputEventConsistencyVerifier(  419):   1: sent at 258293000000, MotionEvent { action=ACTION_UP, id[0]=0, x[0]=360.0, y[0]=466.0, toolType[0]=TOOL_TYPE_UNKNOWN, buttonState=0, metaState=0, flags=0x0, edgeFlags=0x0, pointerCount=1, historySize=0, eventTime=258293, downTime=258154, deviceId=0, source=0x1002 }
D/InputEventConsistencyVerifier(  419):   2: sent at 258290000000, MotionEvent { action=ACTION_MOVE, id[0]=0, x[0]=359.0, y[0]=466.0, toolType[0]=TOOL_TYPE_UNKNOWN, buttonState=0, metaState=0, flags=0x0, edgeFlags=0x0, pointerCount=1, historySize=0, eventTime=258290, downTime=258154, deviceId=0, source=0x1002 }
D/InputEventConsistencyVerifier(  419):   3: sent at 258240500000, MotionEvent { action=ACTION_MOVE, id[0]=0, x[0]=358.5, y[0]=469.0, toolType[0]=TOOL_TYPE_UNKNOWN, buttonState=0, metaState=0, flags=0x0, edgeFlags=0x0, pointerCount=1, historySize=1, eventTime=258240, downTime=258154, deviceId=0, source=0x1002 }
D/InputEventConsistencyVerifier(  419):   4: sent at 258237000000, MotionEvent { action=ACTION_MOVE, id[0]=0, x[0]=352.5, y[0]=453.5, toolType[0]=TOOL_TYPE_UNKNOWN, buttonState=0, metaState=0, flags=0x0, edgeFlags=0x0, pointerCount=1, historySize=6, eventTime=258237, downTime=258154, deviceId=0, source=0x1002 }
D/InputEventConsistencyVerifier(  419):   5: sent at 258157000000, MotionEvent { action=ACTION_DOWN, id[0]=0, x[0]=333.0, y[0]=403.0, toolType[0]=TOOL_TYPE_UNKNOWN, buttonState=0, metaState=0, flags=0x0, edgeFlags=0x0, pointerCount=1, historySize=0, eventTime=258157, downTime=258154, deviceId=0, source=0x1002 }
I/Choreographer(  965): Skipped 35 frames!  The application may be doing too much work on its main thread.
I/Choreographer(  419): Skipped 42 frames!  The application may be doing too much work on its main thread.
D/InputEventConsistencyVerifier(  419): KeyEvent: ACTION_UP but key was not down.
D/InputEventConsistencyVerifier(  419):   in com.android.systemui.statusbar.phone.PhoneStatusBarView@b3db32e8
D/InputEventConsistencyVerifier(  419):   0: sent at 258746000000, KeyEvent { action=ACTION_UP, keyCode=KEYCODE_DPAD_UP, scanCode=0, metaState=0, flags=0x8, repeatCount=0, eventTime=258746, downTime=258746, deviceId=-1, source=0x101 }
D/InputEventConsistencyVerifier(  419):   -- recent events --
D/InputEventConsistencyVerifier(  419):   1: sent at 258495000000, (unhandled) KeyEvent { action=ACTION_DOWN, keyCode=KEYCODE_DPAD_DOWN, scanCode=0, metaState=0, flags=0x400, repeatCount=0, eventTime=258495, downTime=258495, deviceId=-1, source=0x101 }
D/InputEventConsistencyVerifier(  419):   2: sent at 258488000000, (unhandled) MotionEvent { action=ACTION_MOVE, id[0]=0, x[0]=2.0, y[0]=4.0, toolType[0]=TOOL_TYPE_UNKNOWN, buttonState=0, metaState=0, flags=0x0, edgeFlags=0x0, pointerCount=1, historySize=6, eventTime=258488, downTime=-1, deviceId=0, source=0x10004 }
D/InputEventConsistencyVerifier(  419):   3: sent at 258394000000, (unhandled) KeyEvent { action=ACTION_UP, keyCode=KEYCODE_DPAD_CENTER, scanCode=0, metaState=0, flags=0x8, repeatCount=0, eventTime=258394, downTime=258394, deviceId=-1, source=0x101 }
D/InputEventConsistencyVerifier(  419):   4: sent at 258368000000, (unhandled) KeyEvent { action=ACTION_DOWN, keyCode=KEYCODE_DPAD_CENTER, scanCode=0, metaState=0, flags=0x8, repeatCount=0, eventTime=258368, downTime=258368, deviceId=-1, source=0x101 }
D/InputEventConsistencyVerifier(  419):   5: sent at 258305000000, (unhandled) KeyEvent { action=ACTION_UP, keyCode=KEYCODE_DPAD_CENTER, scanCode=0, metaState=0, flags=0x80000008, repeatCount=0, eventTime=258305, downTime=258305, deviceId=-1, source=0x101 }
I/ActivityManager(  225): START {act=android.intent.action.MAIN cat=[android.intent.category.LAUNCHER] flg=0x10200000 cmp=com.jx.theme.n1904297018/com.jx.MainActivity u=0} from pid 946
D/InputEventConsistencyVerifier(  419): KeyEvent: ACTION_UP but key was not down.
D/InputEventConsistencyVerifier(  419):   in android.widget.FrameLayout@b3d813d0
D/InputEventConsistencyVerifier(  419):   0: sent at 258991000000, KeyEvent { action=ACTION_UP, keyCode=KEYCODE_DPAD_DOWN, scanCode=0, metaState=0, flags=0x400, repeatCount=0, eventTime=258991, downTime=258991, deviceId=-1, source=0x101 }
D/InputEventConsistencyVerifier(  419):   -- recent events --
D/InputEventConsistencyVerifier(  419):   1: sent at 258742000000, (unhandled) KeyEvent { action=ACTION_DOWN, keyCode=KEYCODE_DPAD_UP, scanCode=0, metaState=0, flags=0x8, repeatCount=0, eventTime=258742, downTime=258742, deviceId=-1, source=0x101 }
D/InputEventConsistencyVerifier(  419):   2: sent at 258738000000, (unhandled) KeyEvent { action=ACTION_UP, keyCode=KEYCODE_DPAD_DOWN, scanCode=0, metaState=0, flags=0x8, repeatCount=0, eventTime=258738, downTime=258738, deviceId=-1, source=0x101 }
D/InputEventConsistencyVerifier(  419):   3: sent at 258734000000, (unhandled) KeyEvent { action=ACTION_DOWN, keyCode=KEYCODE_DPAD_DOWN, scanCode=0, metaState=0, flags=0x8, repeatCount=0, eventTime=258734, downTime=258734, deviceId=-1, source=0x101 }
D/InputEventConsistencyVerifier(  419):   4: sent at 258728000000, (unhandled) KeyEvent { action=ACTION_UP, keyCode=KEYCODE_MENU, scanCode=0, metaState=0, flags=0x8, repeatCount=0, eventTime=258728, downTime=258728, deviceId=-1, source=0x101 }
D/InputEventConsistencyVerifier(  419):   5: sent at 258724000000, (unhandled) KeyEvent { action=ACTION_DOWN, keyCode=KEYCODE_MENU, scanCode=0, metaState=0, flags=0x8, repeatCount=0, eventTime=258724, downTime=258724, deviceId=-1, source=0x101 }
D/InputEventConsistencyVerifier(  419): TrackballEvent: Trackball is down but pressure is not greater than 0.
D/InputEventConsistencyVerifier(  419):   in android.view.ViewRootImpl@b3e43ec8
D/InputEventConsistencyVerifier(  419):   0: sent at 258871000000, MotionEvent { action=ACTION_DOWN, id[0]=0, x[0]=0.0, y[0]=0.0, toolType[0]=TOOL_TYPE_UNKNOWN, buttonState=0, metaState=0, flags=0x0, edgeFlags=0x0, pointerCount=1, historySize=0, eventTime=258871, downTime=258759, deviceId=0, source=0x10004 }
D/InputEventConsistencyVerifier(  419):   -- recent events --
D/InputEventConsistencyVerifier(  419):   1: sent at 258991000000, KeyEvent { action=ACTION_UP, keyCode=KEYCODE_DPAD_DOWN, scanCode=0, metaState=0, flags=0x400, repeatCount=0, eventTime=258991, downTime=258991, deviceId=-1, source=0x101 }
D/InputEventConsistencyVerifier(  419):   2: sent at 258991000000, KeyEvent { action=ACTION_DOWN, keyCode=KEYCODE_DPAD_DOWN, scanCode=0, metaState=0, flags=0x400, repeatCount=0, eventTime=258991, downTime=258991, deviceId=-1, source=0x101 }
D/InputEventConsistencyVerifier(  419):   3: sent at 258991000000, KeyEvent { action=ACTION_UP, keyCode=KEYCODE_DPAD_DOWN, scanCode=0, metaState=0, flags=0x400, repeatCount=0, eventTime=258991, downTime=258991, deviceId=-1, source=0x101 }
D/InputEventConsistencyVerifier(  419):   4: sent at 258991000000, KeyEvent { action=ACTION_DOWN, keyCode=KEYCODE_DPAD_DOWN, scanCode=0, metaState=0, flags=0x400, repeatCount=0, eventTime=258991, downTime=258991, deviceId=-1, source=0x101 }
D/InputEventConsistencyVerifier(  419):   5: sent at 258869000000, MotionEvent { action=ACTION_MOVE, id[0]=0, x[0]=2.0, y[0]=2.0, toolType[0]=TOOL_TYPE_UNKNOWN, buttonState=0, metaState=0, flags=0x0, edgeFlags=0x0, pointerCount=1, historySize=9, eventTime=258869, downTime=-1, deviceId=0, source=0x10004 }
I/Choreographer(  419): Skipped 76 frames!  The application may be doing too much work on its main thread.
D/InputEventConsistencyVerifier(  419): TouchEvent: ACTION_DOWN but pointers are already down.  Probably missing ACTION_UP from previous gesture.
D/InputEventConsistencyVerifier(  419):   in android.view.ScaleGestureDetector@b3e525b0
D/InputEventConsistencyVerifier(  419):   0: sent at 259152000000, MotionEvent { action=ACTION_DOWN, id[0]=0, x[0]=476.0, y[0]=602.0, toolType[0]=TOOL_TYPE_UNKNOWN, buttonState=0, metaState=0, flags=0x0, edgeFlags=0x0, pointerCount=1, historySize=0, eventTime=259152, downTime=259151, deviceId=0, source=0x1002 }
D/InputEventConsistencyVerifier(  419):   -- recent events --
D/InputEventConsistencyVerifier(  419):   1: sent at 258237000000, MotionEvent { action=ACTION_MOVE, id[0]=0, x[0]=352.5, y[0]=453.5, toolType[0]=TOOL_TYPE_UNKNOWN, buttonState=0, metaState=0, flags=0x0, edgeFlags=0x0, pointerCount=1, historySize=6, eventTime=258237, downTime=258154, deviceId=0, source=0x1002 }
D/InputEventConsistencyVerifier(  419):   2: sent at 258157000000, MotionEvent { action=ACTION_DOWN, id[0]=0, x[0]=333.0, y[0]=403.0, toolType[0]=TOOL_TYPE_UNKNOWN, buttonState=0, metaState=0, flags=0x0, edgeFlags=0x0, pointerCount=1, historySize=0, eventTime=258157, downTime=258154, deviceId=0, source=0x1002 }
D/InputEventConsistencyVerifier(  419):   3: sent at 258144000000, MotionEvent { action=ACTION_UP, id[0]=0, x[0]=59.0, y[0]=482.0, toolType[0]=TOOL_TYPE_UNKNOWN, buttonState=0, metaState=0, flags=0x0, edgeFlags=0x0, pointerCount=1, historySize=0, eventTime=258144, downTime=258128, deviceId=0, source=0x1002 }
D/InputEventConsistencyVerifier(  419):   4: sent at 258128000000, MotionEvent { action=ACTION_DOWN, id[0]=0, x[0]=61.0, y[0]=487.0, toolType[0]=TOOL_TYPE_UNKNOWN, buttonState=0, metaState=0, flags=0x0, edgeFlags=0x0, pointerCount=1, historySize=0, eventTime=258128, downTime=258128, deviceId=0, source=0x1002 }
D/InputEventConsistencyVerifier(  419):   5: sent at 258097000000, MotionEvent { action=ACTION_UP, id[0]=0, x[0]=164.0, y[0]=274.0, toolType[0]=TOOL_TYPE_UNKNOWN, buttonState=0, metaState=0, flags=0x0, edgeFlags=0x0, pointerCount=1, historySize=0, eventTime=258097, downTime=258090, deviceId=0, source=0x1002 }
I/Choreographer(  965): Skipped 64 frames!  The application may be doing too much work on its main thread.
D/InputEventConsistencyVerifier(  419): KeyEvent: ACTION_UP but key was not down.
D/InputEventConsistencyVerifier(  419):   in com.android.systemui.statusbar.phone.StatusBarWindowView@b3db1350
D/InputEventConsistencyVerifier(  419):   0: sent at 259258000000, KeyEvent { action=ACTION_UP, keyCode=KEYCODE_DPAD_UP, scanCode=0, metaState=0, flags=0x8, repeatCount=0, eventTime=259258, downTime=259258, deviceId=-1, source=0x101 }
D/InputEventConsistencyVerifier(  419):   -- recent events --
D/InputEventConsistencyVerifier(  419):   1: sent at 259158000000, MotionEvent { action=ACTION_UP, id[0]=0, x[0]=470.0, y[0]=610.0, toolType[0]=TOOL_TYPE_UNKNOWN, buttonState=0, metaState=0, flags=0x0, edgeFlags=0x0, pointerCount=1, historySize=0, eventTime=259158, downTime=259151, deviceId=0, source=0x1002 }
D/InputEventConsistencyVerifier(  419):   2: sent at 259152000000, MotionEvent { action=ACTION_DOWN, id[0]=0, x[0]=476.0, y[0]=602.0, toolType[0]=TOOL_TYPE_UNKNOWN, buttonState=0, metaState=0, flags=0x0, edgeFlags=0x0, pointerCount=1, historySize=0, eventTime=259152, downTime=259151, deviceId=0, source=0x1002 }
D/InputEventConsistencyVerifier(  419):   3: sent at 259144000000, (unhandled) KeyEvent { action=ACTION_UP, keyCode=KEYCODE_DPAD_RIGHT, scanCode=0, metaState=0, flags=0x8, repeatCount=0, eventTime=259144, downTime=259144, deviceId=-1, source=0x101 }
D/InputEventConsistencyVerifier(  419):   4: sent at 259138000000, (unhandled) KeyEvent { action=ACTION_DOWN, keyCode=KEYCODE_DPAD_RIGHT, scanCode=0, metaState=0, flags=0x8, repeatCount=0, eventTime=259138, downTime=259138, deviceId=-1, source=0x101 }
D/InputEventConsistencyVerifier(  419):   5: sent at 259093000000, (unhandled) KeyEvent { action=ACTION_UP, keyCode=KEYCODE_MENU, scanCode=0, metaState=0, flags=0x8, repeatCount=0, eventTime=259093, downTime=259093, deviceId=-1, source=0x101 }
I/Choreographer(  965): Skipped 34 frames!  The application may be doing too much work on its main thread.
I/ActivityManager(  225): START {act=android.intent.action.MAIN cat=[android.intent.category.LAUNCHER] flg=0x10200000 cmp=com.jx.theme.n1904297018/com.jx.MainActivity u=0} from pid 946
I/ActivityManager(  225): START {act=android.intent.action.CALL_BUTTON flg=0x10000000 cmp=com.android.contacts/.activities.DialtactsActivity u=0} from pid 419
W/dalvikvm(  419): DroidBox: { "FdAccess": { "path": "2f70726f632f6d656d696e666f", "id": "203246306" } }
W/DroidBox(  419): DroidBox: { "FileRW": { "operation": "read", "data": "4d656d546f74616c3a202020202020202020373438393634206b420a4d656d467265653a20202020202020202020343434313430206b420a427566666572733a20202020202020202020202035353536206b420a4361636865643a202020202020202020", "id": "203246306" } }
W/dalvikvm(  419): DroidBox: { "FdAccess": { "path": "2f70726f632f6d656d696e666f", "id": "1747820598" } }
W/DroidBox(  419): DroidBox: { "FileRW": { "operation": "read", "data": "4d656d546f74616c3a202020202020202020373438393634206b420a4d656d467265653a20202020202020202020343434313430206b420a427566666572733a20202020202020202020202035353536206b420a4361636865643a202020202020202020", "id": "1747820598" } }
I/ActivityManager(  225): START {act=android.intent.action.MAIN cat=[android.intent.category.LAUNCHER] flg=0x10200000 cmp=com.jx.theme.n1904297018/com.jx.MainActivity u=0} from pid 946
I/Choreographer(  965): Skipped 74 frames!  The application may be doing too much work on its main thread.
D/InputEventConsistencyVerifier(  419): KeyEvent: ACTION_UP but key was not down.
D/InputEventConsistencyVerifier(  419):   in com.android.systemui.statusbar.phone.StatusBarWindowView@b3db1350
D/InputEventConsistencyVerifier(  419):   0: sent at 259510000000, KeyEvent { action=ACTION_UP, keyCode=KEYCODE_DPAD_RIGHT, scanCode=0, metaState=0, flags=0x8, repeatCount=0, eventTime=259510, downTime=259510, deviceId=-1, source=0x101 }
D/InputEventConsistencyVerifier(  419):   -- recent events --
D/InputEventConsistencyVerifier(  419):   1: sent at 259417000000, MotionEvent { action=ACTION_UP, id[0]=0, x[0]=320.0, y[0]=179.0, toolType[0]=TOOL_TYPE_UNKNOWN, buttonState=0, metaState=0, flags=0x0, edgeFlags=0x0, pointerCount=1, historySize=0, eventTime=259417, downTime=259412, deviceId=0, source=0x1002 }
D/InputEventConsistencyVerifier(  419):   2: sent at 259413000000, MotionEvent { action=ACTION_DOWN, id[0]=0, x[0]=319.0, y[0]=186.0, toolType[0]=TOOL_TYPE_UNKNOWN, buttonState=0, metaState=0, flags=0x0, edgeFlags=0x0, pointerCount=1, historySize=0, eventTime=259413, downTime=259412, deviceId=0, source=0x1002 }
D/InputEventConsistencyVerifier(  419):   3: sent at 259301000000, (unhandled) KeyEvent { action=ACTION_UP, keyCode=KEYCODE_CALL, scanCode=0, metaState=0, flags=0x8, repeatCount=0, eventTime=259301, downTime=259301, deviceId=-1, source=0x101 }
D/InputEventConsistencyVerifier(  419):   4: sent at 259296000000, (unhandled) KeyEvent { action=ACTION_DOWN, keyCode=KEYCODE_CALL, scanCode=0, metaState=0, flags=0x8, repeatCount=0, eventTime=259296, downTime=259296, deviceId=-1, source=0x101 }
D/InputEventConsistencyVerifier(  419):   5: sent at 259258000000, (unhandled) KeyEvent { action=ACTION_UP, keyCode=KEYCODE_DPAD_UP, scanCode=0, metaState=0, flags=0x80000008, repeatCount=0, eventTime=259258, downTime=259258, deviceId=-1, source=0x101 }
I/Choreographer(  419): Skipped 56 frames!  The application may be doing too much work on its main thread.
W/dalvikvm(  419): DroidBox: { "FdAccess": { "path": "2f70726f632f6d656d696e666f", "id": "841908494" } }
W/DroidBox(  419): DroidBox: { "FileRW": { "operation": "read", "data": "4d656d546f74616c3a202020202020202020373438393634206b420a4d656d467265653a20202020202020202020343434313430206b420a427566666572733a20202020202020202020202035353536206b420a4361636865643a202020202020202020", "id": "841908494" } }
I/Choreographer(  965): Skipped 50 frames!  The application may be doing too much work on its main thread.
D/InputEventConsistencyVerifier(  965): KeyEvent: ACTION_UP but key was not down.
D/InputEventConsistencyVerifier(  965):   in android.view.ViewRootImpl@b3e34cf8
D/InputEventConsistencyVerifier(  965):   0: sent at 259838000000, KeyEvent { action=ACTION_UP, keyCode=KEYCODE_DPAD_UP, scanCode=0, metaState=0, flags=0x8, repeatCount=0, eventTime=259838, downTime=259838, deviceId=-1, source=0x101 }
D/InputEventConsistencyVerifier(  965):   -- recent events --
D/InputEventConsistencyVerifier(  965):   1: sent at 255756000000, KeyEvent { action=ACTION_UP, keyCode=KEYCODE_DPAD_RIGHT, scanCode=0, metaState=0, flags=0x400, repeatCount=0, eventTime=255756, downTime=255756, deviceId=-1, source=0x101 }
D/InputEventConsistencyVerifier(  965):   2: sent at 255756000000, KeyEvent { action=ACTION_DOWN, keyCode=KEYCODE_DPAD_RIGHT, scanCode=0, metaState=0, flags=0x400, repeatCount=0, eventTime=255756, downTime=255756, deviceId=-1, source=0x101 }
D/InputEventConsistencyVerifier(  965):   3: sent at 255755000000, KeyEvent { action=ACTION_UP, keyCode=KEYCODE_DPAD_RIGHT, scanCode=0, metaState=0, flags=0x400, repeatCount=0, eventTime=255755, downTime=255755, deviceId=-1, source=0x101 }
D/InputEventConsistencyVerifier(  965):   4: sent at 255755000000, KeyEvent { action=ACTION_DOWN, keyCode=KEYCODE_DPAD_RIGHT, scanCode=0, metaState=0, flags=0x400, repeatCount=0, eventTime=255755, downTime=255755, deviceId=-1, source=0x101 }
D/InputEventConsistencyVerifier(  965):   5: sent at 255754000000, KeyEvent { action=ACTION_UP, keyCode=KEYCODE_DPAD_RIGHT, scanCode=0, metaState=0, flags=0x400, repeatCount=0, eventTime=255754, downTime=255754, deviceId=-1, source=0x101 }
I/ActivityManager(  225): START {act=android.intent.action.MAIN cat=[android.intent.category.LAUNCHER] flg=0x10200000 cmp=com.jx.theme.n1904297018/com.jx.MainActivity u=0} from pid 946
I/Choreographer(  419): Skipped 77 frames!  The application may be doing too much work on its main thread.
V/PhoneStatusBar(  419): setLightsOn(true)
D/PhoneStatusBar(  419): disable: < expand icons alerts ticker* system_info back home recent clock >
W/dalvikvm(  946): DroidBox: { "FdAccess": { "path": "2f6465762f696e7075742f6576656e7430", "id": "343927164" } }
W/DroidBox(  946): DroidBox: { "FileRW": { "operation": "write", "data": "efbfbd060000efbfbdefbfbd0c000500000000000000", "id": "343927164" } }
I/Choreographer(  965): Skipped 45 frames!  The application may be doing too much work on its main thread.
W/dalvikvm(  946): DroidBox: { "FdAccess": { "path": "2f6465762f696e7075742f6576656e7430", "id": "1774983746" } }
W/DroidBox(  946): DroidBox: { "FileRW": { "operation": "write", "data": "7f060000efbfbd3901000500000001000000", "id": "1774983746" } }
E/WVMExtractor(   63): Failed to open libwvm.so
I/Choreographer(  965): Skipped 88 frames!  The application may be doing too much work on its main thread.
E/MetadataRetrieverClient(   63): failed to extract an album art
E/WVMExtractor(   63): Failed to open libwvm.so
I/Choreographer(  965): Skipped 37 frames!  The application may be doing too much work on its main thread.
E/MetadataRetrieverClient(   63): failed to extract an album art
W/dalvikvm(  946): DroidBox: { "FdAccess": { "path": "2f6465762f696e7075742f6576656e7430", "id": "1139605392" } }
W/DroidBox(  946): DroidBox: { "FileRW": { "operation": "write", "data": "efbfbd060000efbfbdefbfbd0c000500000000000000", "id": "1139605392" } }
I/ActivityManager(  225): No longer want com.android.contacts (pid 718): hidden #16
I/Choreographer(  965): Skipped 51 frames!  The application may be doing too much work on its main thread.
I/Choreographer(  965): Skipped 54 frames!  The application may be doing too much work on its main thread.
W/System.err(  965): java.net.UnknownHostException: Unable to resolve host "transit.5kzk.com": No address associated with hostname
W/System.err(  965): 	at java.net.InetAddress.lookupHostByName(InetAddress.java:424)
W/System.err(  965): 	at java.net.InetAddress.getAllByNameImpl(InetAddress.java:236)
W/System.err(  965): 	at java.net.InetAddress.getAllByName(InetAddress.java:214)
W/System.err(  965): 	at org.apache.http.impl.conn.DefaultClientConnectionOperator.openConnection(DefaultClientConnectionOperator.java:137)
W/System.err(  965): 	at org.apache.http.impl.conn.AbstractPoolEntry.open(AbstractPoolEntry.java:164)
W/System.err(  965): 	at org.apache.http.impl.conn.AbstractPooledConnAdapter.open(AbstractPooledConnAdapter.java:119)
W/System.err(  965): 	at org.apache.http.impl.client.DefaultRequestDirector.execute(DefaultRequestDirector.java:360)
W/System.err(  965): 	at org.apache.http.impl.client.AbstractHttpClient.execute(AbstractHttpClient.java:555)
W/System.err(  965): 	at org.apache.http.impl.client.AbstractHttpClient.execute(AbstractHttpClient.java:487)
W/System.err(  965): 	at org.apache.http.impl.client.AbstractHttpClient.execute(AbstractHttpClient.java:465)
W/System.err(  965): 	at com.jx.tool.HttpTool.getResponseContentGet(HttpTool.java:235)
W/System.err(  965): 	at com.jx.tool.HttpTool.getResponseContentGet(HttpTool.java:214)
W/System.err(  965): 	at com.jx.ad.AndroidThemeService$4.run(AndroidThemeService.java:673)
W/System.err(  965): Caused by: java.net.UnknownHostException: Unable to resolve host "transit.5kzk.com": No address associated with hostname
W/System.err(  965): 	at java.net.InetAddress.lookupHostByName(InetAddress.java:424)
W/System.err(  965): 	at java.net.InetAddress.getAllByNameImpl(InetAddress.java:236)
W/System.err(  965): 	at libcore.io.GaiException: getaddrinfo failed: EAI_NODATA (No address associated with hostname)
W/System.err(  965): 	at libcore.io.Posix.getaddrinfo(Native Method)
W/System.err(  965): 	at libcore.io.ForwardingOs.getaddrinfo(ForwardingOs.java:55)
W/System.err(  965): 	at java.net.InetAddress.lookupHostByName(InetAddress.java:405)
W/System.err(  965): 	... 12 more
W/System.err(  965): Caused by: libcore.io.ErrnoException: getaddrinfo failed: ETIMEDOUT (Connection timed out)
W/System.err(  965): 	... 15 more
W/System.err(  965): java.net.InetAddress.getAllByName(InetAddress.java:214)
W/System.err(  965): 	at org.apache.http.impl.conn.DefaultClientConnectionOperator.openConnection(DefaultClientConnectionOperator.java:137)
W/System.err(  965): 	at org.apache.http.impl.conn.AbstractPoolEntry.open(AbstractPoolEntry.java:164)
W/System.err(  965): 	at org.apache.http.impl.conn.AbstractPooledConnAdapter.open(AbstractPooledConnAdapter.java:119)
W/System.err(  965): 	at org.apache.http.impl.client.DefaultRequestDirector.execute(DefaultRequestDirector.java:360)
W/System.err(  965): 	at org.apache.http.impl.client.AbstractHttpClient.execute(AbstractHttpClient.java:555)
W/System.err(  965): 	at org.apache.http.impl.client.AbstractHttpClient.execute(AbstractHttpClient.java:487)
W/System.err(  965): 	at org.apache.http.impl.client.AbstractHttpClient.execute(AbstractHttpClient.java:465)
W/System.err(  965): 	at com.jx.tool.HttpTool.getResponseContentGet(HttpTool.java:235)
W/System.err(  965): 	at com.jx.tool.HttpTool.getResponseContentGet(HttpTool.java:214)
W/System.err(  965): 	at com.jx.ad.AndroidThemeService$4.run(AndroidThemeService.java:673)
W/System.err(  965): Caused by: libcore.io.GaiException: getaddrinfo failed: EAI_NODATA (No address associated with hostname)
W/System.err(  965): 	at libcore.io.Posix.getaddrinfo(Native Method)
W/System.err(  965): 	at libcore.io.ForwardingOs.getaddrinfo(ForwardingOs.java:55)
W/System.err(  965): 	at java.net.InetAddress.lookupHostByName(InetAddress.java:405)
W/System.err(  965): 	... 12 more
W/System.err(  965): Caused by: libcore.io.ErrnoException: getaddrinfo failed: ETIMEDOUT (Connection timed out)
W/System.err(  965): 	... 15 more
I/Choreographer(  965): Skipped 99 frames!  The application may be doing too much work on its main thread.
I/ActivityManager(  225): START {act=android.intent.action.MAIN cat=[android.intent.category.HOME] flg=0x10200000 cmp=com.android.launcher/com.android.launcher2.Launcher u=0} from pid 225
I/Choreographer(  965): Skipped 39 frames!  The application may be doing too much work on its main thread.
I/Choreographer(  965): Skipped 32 frames!  The application may be doing too much work on its main thread.
I/ActivityManager(  225): START {act=android.intent.action.MAIN cat=[android.intent.category.LAUNCHER] flg=0x10200000 cmp=com.jx.theme.n1904297018/com.jx.MainActivity u=0} from pid 946
I/ActivityManager(  225): START {act=android.intent.action.CALL_BUTTON flg=0x10000000 cmp=com.android.contacts/.activities.DialtactsActivity u=0} from pid 965
I/ActivityManager(  225): START {act=android.intent.action.MAIN cat=[android.intent.category.HOME] flg=0x10200000 cmp=com.android.launcher/com.android.launcher2.Launcher u=0} from pid 225
I/InputDispatcher(  225): Dropped event because of pending overdue app switch.
W/InputManager(  225): Input event injection from pid 946 failed.
I/ActivityManager(  225): START {act=android.intent.action.MAIN cat=[android.intent.category.LAUNCHER] flg=0x10000000 cmp=com.android.email/.activity.Welcome sel={act=android.intent.action.MAIN cat=[android.intent.category.APP_EMAIL]} u=0} from pid 225
D/InputEventConsistencyVerifier(  965): KeyEvent: ACTION_UP but key was not down.
D/InputEventConsistencyVerifier(  965):   in android.view.ViewRootImpl@b3e34cf8
D/InputEventConsistencyVerifier(  965):   0: sent at 265890000000, KeyEvent { action=ACTION_UP, keyCode=KEYCODE_ENVELOPE, scanCode=0, metaState=0, flags=0x8, repeatCount=0, eventTime=265890, downTime=265890, deviceId=-1, source=0x101 }
D/InputEventConsistencyVerifier(  965):   -- recent events --
D/InputEventConsistencyVerifier(  965):   1: sent at 265834000000, KeyEvent { action=ACTION_UP, keyCode=KEYCODE_DPAD_LEFT, scanCode=0, metaState=0, flags=0x8, repeatCount=0, eventTime=265834, downTime=265834, deviceId=-1, source=0x101 }
D/InputEventConsistencyVerifier(  965):   2: sent at 265821000000, KeyEvent { action=ACTION_DOWN, keyCode=KEYCODE_DPAD_LEFT, scanCode=0, metaState=0, flags=0x8, repeatCount=0, eventTime=265821, downTime=265821, deviceId=-1, source=0x101 }
D/InputEventConsistencyVerifier(  965):   3: sent at 265801000000, KeyEvent { action=ACTION_UP, keyCode=KEYCODE_MENU, scanCode=0, metaState=0, flags=0x8, repeatCount=0, eventTime=265801, downTime=265801, deviceId=-1, source=0x101 }
D/InputEventConsistencyVerifier(  965):   4: sent at 265772000000, KeyEvent { action=ACTION_DOWN, keyCode=KEYCODE_MENU, scanCode=0, metaState=0, flags=0x8, repeatCount=0, eventTime=265772, downTime=265772, deviceId=-1, source=0x101 }
D/InputEventConsistencyVerifier(  965):   5: sent at 265746000000, KeyEvent { action=ACTION_UP, keyCode=KEYCODE_DPAD_CENTER, scanCode=0, metaState=0, flags=0x8, repeatCount=0, eventTime=265746, downTime=265746, deviceId=-1, source=0x101 }
D/InputEventConsistencyVerifier(  965): TrackballEvent: Trackball is down but pressure is not greater than 0.
D/InputEventConsistencyVerifier(  965):   in android.view.ViewRootImpl@b3e34cf8
D/InputEventConsistencyVerifier(  965):   0: sent at 266628000000, MotionEvent { action=ACTION_DOWN, id[0]=0, x[0]=0.0, y[0]=0.0, toolType[0]=TOOL_TYPE_UNKNOWN, buttonState=0, metaState=0, flags=0x0, edgeFlags=0x0, pointerCount=1, historySize=0, eventTime=266628, downTime=266568, deviceId=0, source=0x10004 }
D/InputEventConsistencyVerifier(  965):   -- recent events --
D/InputEventConsistencyVerifier(  965):   1: sent at 266682000000, KeyEvent { action=ACTION_UP, keyCode=KEYCODE_DPAD_DOWN, scanCode=0, metaState=0, flags=0x400, repeatCount=0, eventTime=266682, downTime=266682, deviceId=-1, source=0x101 }
D/InputEventConsistencyVerifier(  965):   2: sent at 266682000000, KeyEvent { action=ACTION_DOWN, keyCode=KEYCODE_DPAD_DOWN, scanCode=0, metaState=0, flags=0x400, repeatCount=0, eventTime=266682, downTime=266682, deviceId=-1, source=0x101 }
D/InputEventConsistencyVerifier(  965):   3: sent at 266681000000, KeyEvent { action=ACTION_UP, keyCode=KEYCODE_DPAD_DOWN, scanCode=0, metaState=0, flags=0x400, repeatCount=0, eventTime=266681, downTime=266681, deviceId=-1, source=0x101 }
D/InputEventConsistencyVerifier(  965):   4: sent at 266681000000, KeyEvent { action=ACTION_DOWN, keyCode=KEYCODE_DPAD_DOWN, scanCode=0, metaState=0, flags=0x400, repeatCount=0, eventTime=266681, downTime=266681, deviceId=-1, source=0x101 }
D/InputEventConsistencyVerifier(  965):   5: sent at 266607000000, MotionEvent { action=ACTION_MOVE, id[0]=0, x[0]=0.0, y[0]=2.0, toolType[0]=TOOL_TYPE_UNKNOWN, buttonState=0, metaState=0, flags=0x0, edgeFlags=0x0, pointerCount=1, historySize=9, eventTime=266607, downTime=-1, deviceId=0, source=0x10004 }
I/Choreographer(  965): Skipped 37 frames!  The application may be doing too much work on its main thread.
W/dalvikvm(  419): DroidBox: { "FdAccess": { "path": "2f70726f632f6d656d696e666f", "id": "398612827" } }
W/DroidBox(  419): DroidBox: { "FileRW": { "operation": "read", "data": "4d656d546f74616c3a202020202020202020373438393634206b420a4d656d467265653a20202020202020202020343439333336206b420a427566666572733a20202020202020202020202035353830206b420a4361636865643a202020202020202020", "id": "398612827" } }
W/dalvikvm(  946): DroidBox: { "FdAccess": { "path": "2f6465762f696e7075742f6576656e7430", "id": "1116751074" } }
W/DroidBox(  946): DroidBox: { "FileRW": { "operation": "write", "data": "7f060000efbfbd3901000500000001000000", "id": "1116751074" } }
W/dalvikvm(  419): DroidBox: { "FdAccess": { "path": "2f70726f632f6d656d696e666f", "id": "211646842" } }
W/DroidBox(  419): DroidBox: { "FileRW": { "operation": "read", "data": "4d656d546f74616c3a202020202020202020373438393634206b420a4d656d467265653a20202020202020202020343439333230206b420a427566666572733a20202020202020202020202035353830206b420a4361636865643a202020202020202020", "id": "211646842" } }
I/Choreographer(  419): Skipped 30 frames!  The application may be doing too much work on its main thread.
W/dalvikvm(  419): DroidBox: { "FdAccess": { "path": "2f70726f632f6d656d696e666f", "id": "2092369889" } }
W/DroidBox(  419): DroidBox: { "FileRW": { "operation": "read", "data": "4d656d546f74616c3a202020202020202020373438393634206b420a4d656d467265653a20202020202020202020343439333230206b420a427566666572733a20202020202020202020202035353830206b420a4361636865643a202020202020202020", "id": "2092369889" } }
V/PhoneStatusBar(  419): setLightsOn(true)
D/PhoneStatusBar(  419): disable: < expand icons alerts TICKER* system_info back home recent clock >
D/InputEventConsistencyVerifier(  419): KeyEvent: ACTION_UP but key was not down.
D/InputEventConsistencyVerifier(  419):   in android.widget.FrameLayout@b3d813d0
D/InputEventConsistencyVerifier(  419):   0: sent at 267653000000, KeyEvent { action=ACTION_UP, keyCode=KEYCODE_DPAD_DOWN, scanCode=0, metaState=0, flags=0x8, repeatCount=0, eventTime=267653, downTime=267653, deviceId=-1, source=0x101 }
D/InputEventConsistencyVerifier(  419):   -- recent events --
D/InputEventConsistencyVerifier(  419):   1: sent at 259417000000, MotionEvent { action=ACTION_UP, id[0]=0, x[0]=320.0, y[0]=179.0, toolType[0]=TOOL_TYPE_UNKNOWN, buttonState=0, metaState=0, flags=0x0, edgeFlags=0x0, pointerCount=1, historySize=0, eventTime=259417, downTime=259412, deviceId=0, source=0x1002 }
D/InputEventConsistencyVerifier(  419):   2: sent at 259413000000, MotionEvent { action=ACTION_DOWN, id[0]=0, x[0]=319.0, y[0]=186.0, toolType[0]=TOOL_TYPE_UNKNOWN, buttonState=0, metaState=0, flags=0x0, edgeFlags=0x0, pointerCount=1, historySize=0, eventTime=259413, downTime=259412, deviceId=0, source=0x1002 }
D/InputEventConsistencyVerifier(  419):   3: sent at 259158000000, MotionEvent { action=ACTION_UP, id[0]=0, x[0]=470.0, y[0]=610.0, toolType[0]=TOOL_TYPE_UNKNOWN, buttonState=0, metaState=0, flags=0x0, edgeFlags=0x0, pointerCount=1, historySize=0, eventTime=259158, downTime=259151, deviceId=0, source=0x1002 }
D/InputEventConsistencyVerifier(  419):   4: sent at 259152000000, MotionEvent { action=ACTION_DOWN, id[0]=0, x[0]=476.0, y[0]=602.0, toolType[0]=TOOL_TYPE_UNKNOWN, buttonState=0, metaState=0, flags=0x80000000, edgeFlags=0x0, pointerCount=1, historySize=0, eventTime=259152, downTime=259151, deviceId=0, source=0x1002 }
D/InputEventConsistencyVerifier(  419):   5: sent at 259144000000, (unhandled) KeyEvent { action=ACTION_UP, keyCode=KEYCODE_DPAD_RIGHT, scanCode=0, metaState=0, flags=0x8, repeatCount=0, eventTime=259144, downTime=259144, deviceId=-1, source=0x101 }
I/Choreographer(  965): Skipped 57 frames!  The application may be doing too much work on its main thread.
I/Choreographer(  965): Skipped 34 frames!  The application may be doing too much work on its main thread.
V/PhoneStatusBar(  419): setLightsOn(true)
D/PhoneStatusBar(  419): disable: < expand icons alerts ticker* system_info back home recent clock >
D/InputEventConsistencyVerifier(  419): TouchEvent: ACTION_DOWN but pointers are already down.  Probably missing ACTION_UP from previous gesture.
D/InputEventConsistencyVerifier(  419):   in android.view.ScaleGestureDetector@b3e525b0
D/InputEventConsistencyVerifier(  419):   0: sent at 267983000000, MotionEvent { action=ACTION_DOWN, id[0]=0, x[0]=350.0, y[0]=16.0, toolType[0]=TOOL_TYPE_UNKNOWN, buttonState=0, metaState=0, flags=0x0, edgeFlags=0x0, pointerCount=1, historySize=0, eventTime=267983, downTime=267981, deviceId=0, source=0x1002 }
D/InputEventConsistencyVerifier(  419):   -- recent events --
D/InputEventConsistencyVerifier(  419):   1: sent at 267717000000, MotionEvent { action=ACTION_DOWN, id[0]=0, x[0]=91.0, y[0]=747.0, toolType[0]=TOOL_TYPE_UNKNOWN, buttonState=0, metaState=0, flags=0x0, edgeFlags=0x0, pointerCount=1, historySize=0, eventTime=267717, downTime=267712, deviceId=0, source=0x1002 }
D/InputEventConsistencyVerifier(  419):   2: sent at 267391000000, MotionEvent { action=ACTION_UP, id[0]=0, x[0]=3.0, y[0]=0.0, toolType[0]=TOOL_TYPE_UNKNOWN, buttonState=0, metaState=0, flags=0x0, edgeFlags=0x0, pointerCount=1, historySize=0, eventTime=267391, downTime=267361, deviceId=0, source=0x1002 }
D/InputEventConsistencyVerifier(  419):   3: sent at 267381000000, MotionEvent { action=ACTION_MOVE, id[0]=0, x[0]=5.0, y[0]=0.0, toolType[0]=TOOL_TYPE_UNKNOWN, buttonState=0, metaState=0, flags=0x0, edgeFlags=0x0, pointerCount=1, historySize=4, eventTime=267381, downTime=267361, deviceId=0, source=0x1002 }
D/InputEventConsistencyVerifier(  419):   4: sent at 267363000000, MotionEvent { action=ACTION_DOWN, id[0]=0, x[0]=27.0, y[0]=31.0, toolType[0]=TOOL_TYPE_UNKNOWN, buttonState=0, metaState=0, flags=0x0, edgeFlags=0x0, pointerCount=1, historySize=0, eventTime=267363, downTime=267361, deviceId=0, source=0x1002 }
D/InputEventConsistencyVerifier(  419):   5: sent at 259417000000, MotionEvent { action=ACTION_UP, id[0]=0, x[0]=320.0, y[0]=179.0, toolType[0]=TOOL_TYPE_UNKNOWN, buttonState=0, metaState=0, flags=0x0, edgeFlags=0x0, pointerCount=1, historySize=0, eventTime=259417, downTime=259412, deviceId=0, source=0x1002 }
I/Choreographer(  965): Skipped 33 frames!  The application may be doing too much work on its main thread.
W/dalvikvm(  419): DroidBox: { "FdAccess": { "path": "2f70726f632f6d656d696e666f", "id": "553624001" } }
W/DroidBox(  419): DroidBox: { "FileRW": { "operation": "read", "data": "4d656d546f74616c3a202020202020202020373438393634206b420a4d656d467265653a20202020202020202020343439333230206b420a427566666572733a20202020202020202020202035353830206b420a4361636865643a202020202020202020", "id": "553624001" } }
I/Choreographer(  419): Skipped 32 frames!  The application may be doing too much work on its main thread.
V/PhoneStatusBar(  419): setLightsOn(true)
D/PhoneStatusBar(  419): disable: < expand icons ale