D/InputEventConsistencyVerifier(  623):   1: sent at 192308000000, KeyEvent { action=ACTION_UP, keyCode=KEYCODE_DPAD_RIGHT, scanCode=0, metaState=0, flags=0x400, repeatCount=0, eventTime=192308, downTime=192308, deviceId=-1, source=0x101 }
D/InputEventConsistencyVerifier(  623):   2: sent at 192308000000, KeyEvent { action=ACTION_DOWN, keyCode=KEYCODE_DPAD_RIGHT, scanCode=0, metaState=0, flags=0x400, repeatCount=0, eventTime=192308, downTime=192308, deviceId=-1, source=0x101 }
D/InputEventConsistencyVerifier(  623):   3: sent at 192308000000, KeyEvent { action=ACTION_UP, keyCode=KEYCODE_DPAD_RIGHT, scanCode=0, metaState=0, flags=0x400, repeatCount=0, eventTime=192308, downTime=192308, deviceId=-1, source=0x101 }
D/InputEventConsistencyVerifier(  623):   4: sent at 192308000000, KeyEvent { action=ACTION_DOWN, keyCode=KEYCODE_DPAD_RIGHT, scanCode=0, metaState=0, flags=0x400, repeatCount=0, eventTime=192308, downTime=192308, deviceId=-1, source=0x101 }
D/InputEventConsistencyVerifier(  623):   5: sent at 191649000000, MotionEvent { action=ACTION_MOVE, id[0]=0, x[0]=2.0, y[0]=0.0, toolType[0]=TOOL_TYPE_UNKNOWN, buttonState=0, metaState=0, flags=0x0, edgeFlags=0x0, pointerCount=1, historySize=8, eventTime=191649, downTime=-1, deviceId=0, source=0x10004 }
W/InputMethodManagerService(  231): Window already focused, ignoring focus gain of: com.android.internal.view.IInputMethodClient$Stub$Proxy@b4112b30 attribute=android.view.inputmethod.EditorInfo@b406fd20
I/Choreographer(  623): Skipped 36 frames!  The application may be doing too much work on its main thread.
D/InputEventConsistencyVerifier(  623): KeyEvent: ACTION_UP but key was not down.
D/InputEventConsistencyVerifier(  623):   in android.widget.FrameLayout@b414eb58
D/InputEventConsistencyVerifier(  623):   0: sent at 192900000000, KeyEvent { action=ACTION_UP, keyCode=KEYCODE_DPAD_DOWN, scanCode=0, metaState=0, flags=0x400, repeatCount=0, eventTime=192900, downTime=192900, deviceId=-1, source=0x101 }
D/InputEventConsistencyVerifier(  623):   -- recent events --
D/InputEventConsistencyVerifier(  623):   1: sent at 190181000000, KeyEvent { action=ACTION_DOWN, keyCode=KEYCODE_DPAD_UP, scanCode=0, metaState=0, flags=0x80000400, repeatCount=0, eventTime=190181, downTime=190181, deviceId=-1, source=0x101 }
D/InputEventConsistencyVerifier(  623):   2: sent at 190168000000, (unhandled) MotionEvent { action=ACTION_MOVE, id[0]=0, x[0]=1.0, y[0]=-4.0, toolType[0]=TOOL_TYPE_UNKNOWN, buttonState=0, metaState=0, flags=0x0, edgeFlags=0x0, pointerCount=1, historySize=9, eventTime=190168, downTime=-1, deviceId=0, source=0x10004 }
D/InputEventConsistencyVerifier(  623):   3: sent at 190117000000, (unhandled) KeyEvent { action=ACTION_UP, keyCode=KEYCODE_MENU, scanCode=0, metaState=0, flags=0x8, repeatCount=0, eventTime=190117, downTime=190117, deviceId=-1, source=0x101 }
D/InputEventConsistencyVerifier(  623):   4: sent at 190030000000, (unhandled) KeyEvent { action=ACTION_DOWN, keyCode=KEYCODE_MENU, scanCode=0, metaState=0, flags=0x8, repeatCount=0, eventTime=190030, downTime=190030, deviceId=-1, source=0x101 }
D/InputEventConsistencyVerifier(  623):   5: sent at 190008000000, KeyEvent { action=ACTION_UP, keyCode=KEYCODE_DPAD_DOWN, scanCode=0, metaState=0, flags=0x80000008, repeatCount=0, eventTime=190008, downTime=190008, deviceId=-1, source=0x101 }
I/Choreographer(  623): Skipped 30 frames!  The application may be doing too much work on its main thread.
I/Choreographer(  623): Skipped 33 frames!  The application may be doing too much work on its main thread.
E/WVMExtractor(   62): Failed to open libwvm.so
I/Choreographer(  623): Skipped 49 frames!  The application may be doing too much work on its main thread.
I/ActivityManager(  231): START {act=android.search.action.GLOBAL_SEARCH flg=0x10000000 cmp=com.android.quicksearchbox/.SearchActivity bnds=[5,43][475,103] (has extras) u=0} from pid 623
I/Choreographer(  623): Skipped 31 frames!  The application may be doing too much work on its main thread.
I/Choreographer(  623): Skipped 31 frames!  The application may be doing too much work on its main thread.
D/InputEventConsistencyVerifier(  623): KeyEvent: ACTION_DOWN but key is already down and this event is not a key repeat.
D/InputEventConsistencyVerifier(  623):   in com.android.launcher2.PagedViewIcon@b43d7850
D/InputEventConsistencyVerifier(  623):   0: sent at 194328000000, KeyEvent { action=ACTION_DOWN, keyCode=KEYCODE_DPAD_DOWN, scanCode=0, metaState=0, flags=0x8, repeatCount=0, eventTime=194328, downTime=194328, deviceId=-1, source=0x101 }
D/InputEventConsistencyVerifier(  623):   -- recent events --
D/InputEventConsistencyVerifier(  623):   1: sent at 194106000000, KeyEvent { action=ACTION_UP, keyCode=KEYCODE_DPAD_CENTER, scanCode=0, metaState=0, flags=0x8, repeatCount=0, eventTime=194106, downTime=194106, deviceId=-1, source=0x101 }
D/InputEventConsistencyVerifier(  623):   2: sent at 193987000000, KeyEvent { action=ACTION_DOWN, keyCode=KEYCODE_DPAD_CENTER, scanCode=0, metaState=0, flags=0x8, repeatCount=0, eventTime=193987, downTime=193987, deviceId=-1, source=0x101 }
D/InputEventConsistencyVerifier(  623):   3: sent at 193859000000, (unhandled) KeyEvent { action=ACTION_UP, keyCode=KEYCODE_NUMPAD_SUBTRACT, scanCode=0, metaState=0, flags=0x8, repeatCount=0, eventTime=193859, downTime=193859, deviceId=-1, source=0x101 }
D/InputEventConsistencyVerifier(  623):   4: sent at 193807000000, (unhandled) KeyEvent { action=ACTION_DOWN, keyCode=KEYCODE_NUMPAD_SUBTRACT, scanCode=0, metaState=0, flags=0x8, repeatCount=0, eventTime=193807, downTime=193807, deviceId=-1, source=0x101 }
D/InputEventConsistencyVerifier(  623):   5: sent at 192900000000, KeyEvent { action=ACTION_DOWN, keyCode=KEYCODE_DPAD_DOWN, scanCode=0, metaState=0, flags=0x400, repeatCount=0, eventTime=192900, downTime=192900, deviceId=-1, source=0x101 }
D/InputEventConsistencyVerifier(  623): KeyEvent: ACTION_UP but key was not down.
D/InputEventConsistencyVerifier(  623):   in com.android.launcher2.PagedViewIcon@b40eb808
D/InputEventConsistencyVerifier(  623):   0: sent at 194366000000, KeyEvent { action=ACTION_UP, keyCode=KEYCODE_DPAD_DOWN, scanCode=0, metaState=0, flags=0x8, repeatCount=0, eventTime=194366, downTime=194366, deviceId=-1, source=0x101 }
D/InputEventConsistencyVerifier(  623):   -- recent events --
D/InputEventConsistencyVerifier(  623):   1: sent at 192873000000, KeyEvent { action=ACTION_DOWN, keyCode=KEYCODE_DPAD_LEFT, scanCode=0, metaState=0, flags=0x8, repeatCount=0, eventTime=192873, downTime=192873, deviceId=-1, source=0x101 }
D/InputEventConsistencyVerifier(  623):   2: sent at 192900000000, KeyEvent { action=ACTION_UP, keyCode=KEYCODE_DPAD_DOWN, scanCode=0, metaState=0, flags=0x400, repeatCount=0, eventTime=192900, downTime=192900, deviceId=-1, source=0x101 }
D/InputEventConsistencyVerifier(  623):   3: sent at 185090000000, KeyEvent { action=ACTION_UP, keyCode=KEYCODE_DPAD_LEFT, scanCode=0, metaState=0, flags=0x400, repeatCount=0, eventTime=185090, downTime=185090, deviceId=-1, source=0x101 }
D/InputEventConsistencyVerifier(  623):   4: sent at 185088000000, KeyEvent { action=ACTION_DOWN, keyCode=KEYCODE_DPAD_DOWN, scanCode=0, metaState=0, flags=0x400, repeatCount=0, eventTime=185088, downTime=185088, deviceId=-1, source=0x101 }
D/InputEventConsistencyVerifier(  623):   5: sent at 185088000000, KeyEvent { action=ACTION_UP, keyCode=KEYCODE_DPAD_DOWN, scanCode=0, metaState=0, flags=0x400, repeatCount=0, eventTime=185088, downTime=185088, deviceId=-1, source=0x101 }
D/InputEventConsistencyVerifier(  623): KeyEvent: ACTION_DOWN but key is already down and this event is not a key repeat.
D/InputEventConsistencyVerifier(  623):   in android.widget.FrameLayout@b414eb58
D/InputEventConsistencyVerifier(  623):   0: sent at 194531000000, KeyEvent { action=ACTION_DOWN, keyCode=KEYCODE_DPAD_UP, scanCode=0, metaState=0, flags=0x8, repeatCount=0, eventTime=194531, downTime=194531, deviceId=-1, source=0x101 }
D/InputEventConsistencyVerifier(  623):   -- recent events --
D/InputEventConsistencyVerifier(  623):   1: sent at 194366000000, KeyEvent { action=ACTION_UP, keyCode=KEYCODE_DPAD_DOWN, scanCode=0, metaState=0, flags=0x8, repeatCount=0, eventTime=194366, downTime=194366, deviceId=-1, source=0x101 }
D/InputEventConsistencyVerifier(  623):   2: sent at 194328000000, KeyEvent { action=ACTION_DOWN, keyCode=KEYCODE_DPAD_DOWN, scanCode=0, metaState=0, flags=0x8, repeatCount=0, eventTime=194328, downTime=194328, deviceId=-1, source=0x101 }
D/InputEventConsistencyVerifier(  623):   3: sent at 194106000000, KeyEvent { action=ACTION_UP, keyCode=KEYCODE_DPAD_CENTER, scanCode=0, metaState=0, flags=0x8, repeatCount=0, eventTime=194106, downTime=194106, deviceId=-1, source=0x101 }
D/InputEventConsistencyVerifier(  623):   4: sent at 193987000000, KeyEvent { action=ACTION_DOWN, keyCode=KEYCODE_DPAD_CENTER, scanCode=0, metaState=0, flags=0x8, repeatCount=0, eventTime=193987, downTime=193987, deviceId=-1, source=0x101 }
D/InputEventConsistencyVerifier(  623):   5: sent at 193859000000, (unhandled) KeyEvent { action=ACTION_UP, keyCode=KEYCODE_NUMPAD_SUBTRACT, scanCode=0, metaState=0, flags=0x8, repeatCount=0, eventTime=193859, downTime=193859, deviceId=-1, source=0x101 }
D/InputEventConsistencyVerifier(  429): TouchEvent: ACTION_DOWN but pointers are already down.  Probably missing ACTION_UP from previous gesture.
D/InputEventConsistencyVerifier(  429):   in android.view.ScaleGestureDetector@b3ed6c30
D/InputEventConsistencyVerifier(  429):   0: sent at 195157000000, MotionEvent { action=ACTION_DOWN, id[0]=0, x[0]=274.0, y[0]=2.0, toolType[0]=TOOL_TYPE_UNKNOWN, buttonState=0, metaState=0, flags=0x0, edgeFlags=0x0, pointerCount=1, historySize=0, eventTime=195157, downTime=195157, deviceId=0, source=0x1002 }
D/InputEventConsistencyVerifier(  429):   -- recent events --
D/InputEventConsistencyVerifier(  429):   1: sent at 177625000000, MotionEvent { action=ACTION_DOWN, id[0]=0, x[0]=442.0, y[0]=618.0, toolType[0]=TOOL_TYPE_UNKNOWN, buttonState=0, metaState=0, flags=0x80000000, edgeFlags=0x0, pointerCount=1, historySize=0, eventTime=177625, downTime=177625, deviceId=0, source=0x1002 }
D/InputEventConsistencyVerifier(  429):   2: sent at 177583000000, MotionEvent { action=ACTION_DOWN, id[0]=0, x[0]=402.0, y[0]=181.0, toolType[0]=TOOL_TYPE_UNKNOWN, buttonState=0, metaState=0, flags=0x0, edgeFlags=0x0, pointerCount=1, historySize=0, eventTime=177583, downTime=177583, deviceId=0, source=0x1002 }
D/InputEventConsistencyVerifier(  429):   3: sent at 177014000000, MotionEvent { action=ACTION_UP, id[0]=0, x[0]=436.0, y[0]=19.0, toolType[0]=TOOL_TYPE_UNKNOWN, buttonState=0, metaState=0, flags=0x0, edgeFlags=0x0, pointerCount=1, historySize=0, eventTime=177014, downTime=176993, deviceId=0, source=0x1002 }
D/InputEventConsistencyVerifier(  429):   4: sent at 176993000000, MotionEvent { action=ACTION_DOWN, id[0]=0, x[0]=437.0, y[0]=19.0, toolType[0]=TOOL_TYPE_UNKNOWN, buttonState=0, metaState=0, flags=0x0, edgeFlags=0x0, pointerCount=1, historySize=0, eventTime=176993, downTime=176993, deviceId=0, source=0x1002 }
D/InputEventConsistencyVerifier(  429):   5: sent at 172623000000, MotionEvent { action=ACTION_UP, id[0]=0, x[0]=86.0, y[0]=5.0, toolType[0]=TOOL_TYPE_UNKNOWN, buttonState=0, metaState=0, flags=0x0, edgeFlags=0x0, pointerCount=1, historySize=0, eventTime=172623, downTime=172617, deviceId=0, source=0x1002 }
I/Choreographer(  429): Skipped 52 frames!  The application may be doing too much work on its main thread.
D/InputEventConsistencyVerifier(  429): KeyEvent: ACTION_UP but key was not down.
D/InputEventConsistencyVerifier(  429):   in android.view.ViewRootImpl@b3ec8a50
D/InputEventConsistencyVerifier(  429):   0: sent at 195402000000, KeyEvent { action=ACTION_UP, keyCode=KEYCODE_DPAD_CENTER, scanCode=0, metaState=0, flags=0x8, repeatCount=0, eventTime=195402, downTime=195402, deviceId=-1, source=0x101 }
D/InputEventConsistencyVerifier(  429):   -- recent events --
D/InputEventConsistencyVerifier(  429):   1: sent at 195190000000, MotionEvent { action=ACTION_UP, id[0]=0, x[0]=269.0, y[0]=6.0, toolType[0]=TOOL_TYPE_UNKNOWN, buttonState=0, metaState=0, flags=0x0, edgeFlags=0x0, pointerCount=1, historySize=0, eventTime=195190, downTime=195157, deviceId=0, source=0x1002 }
D/InputEventConsistencyVerifier(  429):   2: sent at 195157000000, MotionEvent { action=ACTION_DOWN, id[0]=0, x[0]=274.0, y[0]=2.0, toolType[0]=TOOL_TYPE_UNKNOWN, buttonState=0, metaState=0, flags=0x0, edgeFlags=0x0, pointerCount=1, historySize=0, eventTime=195157, downTime=195157, deviceId=0, source=0x1002 }
D/InputEventConsistencyVerifier(  429):   3: sent at 177851000000, KeyEvent { action=ACTION_UP, keyCode=KEYCODE_CALENDAR, scanCode=0, metaState=0, flags=0x80000008, repeatCount=0, eventTime=177851, downTime=177851, deviceId=-1, source=0x101 }
D/InputEventConsistencyVerifier(  429):   4: sent at 177796000000, KeyEvent { action=ACTION_UP, keyCode=KEYCODE_NUMPAD_MULTIPLY, scanCode=0, metaState=0, flags=0x8, repeatCount=0, eventTime=177796, downTime=177796, deviceId=-1, source=0x101 }
D/InputEventConsistencyVerifier(  429):   5: sent at 177659000000, KeyEvent { action=ACTION_DOWN, keyCode=KEYCODE_NUMPAD_MULTIPLY, scanCode=0, metaState=0, flags=0x8, repeatCount=0, eventTime=177659, downTime=177659, deviceId=-1, source=0x101 }
D/InputEventConsistencyVerifier(  429): TouchEvent: ACTION_DOWN but pointers are already down.  Probably missing ACTION_UP from previous gesture.
D/InputEventConsistencyVerifier(  429):   in android.view.ScaleGestureDetector@b3ed6c30
D/InputEventConsistencyVerifier(  429):   0: sent at 195511000000, MotionEvent { action=ACTION_DOWN, id[0]=0, x[0]=42.0, y[0]=271.0, toolType[0]=TOOL_TYPE_UNKNOWN, buttonState=0, metaState=0, flags=0x0, edgeFlags=0x0, pointerCount=1, historySize=0, eventTime=195511, downTime=195510, deviceId=0, source=0x1002 }
D/InputEventConsistencyVerifier(  429):   -- recent events --
D/InputEventConsistencyVerifier(  429):   1: sent at 195477000000, MotionEvent { action=ACTION_DOWN, id[0]=0, x[0]=30.0, y[0]=630.0, toolType[0]=TOOL_TYPE_UNKNOWN, buttonState=0, metaState=0, flags=0x0, edgeFlags=0x0, pointerCount=1, historySize=0, eventTime=195477, downTime=195476, deviceId=0, source=0x1002 }
D/InputEventConsistencyVerifier(  429):   2: sent at 195190000000, MotionEvent { action=ACTION_UP, id[0]=0, x[0]=269.0, y[0]=6.0, toolType[0]=TOOL_TYPE_UNKNOWN, buttonState=0, metaState=0, flags=0x0, edgeFlags=0x0, pointerCount=1, historySize=0, eventTime=195190, downTime=195157, deviceId=0, source=0x1002 }
D/InputEventConsistencyVerifier(  429):   3: sent at 195157000000, MotionEvent { action=ACTION_DOWN, id[0]=0, x[0]=274.0, y[0]=2.0, toolType[0]=TOOL_TYPE_UNKNOWN, buttonState=0, metaState=0, flags=0x80000000, edgeFlags=0x0, pointerCount=1, historySize=0, eventTime=195157, downTime=195157, deviceId=0, source=0x1002 }
D/InputEventConsistencyVerifier(  429):   4: sent at 177625000000, MotionEvent { action=ACTION_DOWN, id[0]=0, x[0]=442.0, y[0]=618.0, toolType[0]=TOOL_TYPE_UNKNOWN, buttonState=0, metaState=0, flags=0x80000000, edgeFlags=0x0, pointerCount=1, historySize=0, eventTime=177625, downTime=177625, deviceId=0, source=0x1002 }
D/InputEventConsistencyVerifier(  429):   5: sent at 177583000000, MotionEvent { action=ACTION_DOWN, id[0]=0, x[0]=402.0, y[0]=181.0, toolType[0]=TOOL_TYPE_UNKNOWN, buttonState=0, metaState=0, flags=0x0, edgeFlags=0x0, pointerCount=1, historySize=0, eventTime=177583, downTime=177583, deviceId=0, source=0x1002 }
W/dalvikvm(  429): DroidBox: { "FdAccess": { "path": "2f70726f632f6d656d696e666f", "id": "1941746326" } }
W/DroidBox(  429): DroidBox: { "FileRW": { "operation": "read", "data": "4d656d546f74616c3a202020202020202020373438393634206b420a4d656d467265653a20202020202020202020343630393132206b420a427566666572733a20202020202020202020202035343136206b420a4361636865643a202020202020202020", "id": "1941746326" } }
I/Choreographer(  429): Skipped 36 frames!  The application may be doing too much work on its main thread.
W/dalvikvm(  429): DroidBox: { "FdAccess": { "path": "2f70726f632f6d656d696e666f", "id": "1251818516" } }
W/DroidBox(  429): DroidBox: { "FileRW": { "operation": "read", "data": "4d656d546f74616c3a202020202020202020373438393634206b420a4d656d467265653a20202020202020202020343630393132206b420a427566666572733a20202020202020202020202035343136206b420a4361636865643a202020202020202020", "id": "1251818516" } }
I/Choreographer(  623): Skipped 88 frames!  The application may be doing too much work on its main thread.
I/Choreographer(  429): Skipped 86 frames!  The application may be doing too much work on its main thread.
D/InputEventConsistencyVerifier(  429): KeyEvent: ACTION_UP but key was not down.
D/InputEventConsistencyVerifier(  429):   in com.android.systemui.statusbar.phone.StatusBarWindowView@b3e37248
D/InputEventConsistencyVerifier(  429):   0: sent at 195881000000, KeyEvent { action=ACTION_UP, keyCode=KEYCODE_DPAD_DOWN, scanCode=0, metaState=0, flags=0x400, repeatCount=0, eventTime=195881, downTime=195881, deviceId=-1, source=0x101 }
D/InputEventConsistencyVerifier(  429):   -- recent events --
D/InputEventConsistencyVerifier(  429):   1: sent at 195869000000, (unhandled) MotionEvent { action=ACTION_MOVE, id[0]=0, x[0]=-3.0, y[0]=3.0, toolType[0]=TOOL_TYPE_UNKNOWN, buttonState=0, metaState=0, flags=0x0, edgeFlags=0x0, pointerCount=1, historySize=0, eventTime=195869, downTime=-1, deviceId=0, source=0x10004 }
D/InputEventConsistencyVerifier(  429):   2: sent at 195862000000, (unhandled) KeyEvent { action=ACTION_UP, keyCode=KEYCODE_MENU, scanCode=0, metaState=0, flags=0x8, repeatCount=0, eventTime=195862, downTime=195862, deviceId=-1, source=0x101 }
D/InputEventConsistencyVerifier(  429):   3: sent at 195854000000, (unhandled) KeyEvent { action=ACTION_DOWN, keyCode=KEYCODE_MENU, scanCode=0, metaState=0, flags=0x8, repeatCount=0, eventTime=195854, downTime=195854, deviceId=-1, source=0x101 }
D/InputEventConsistencyVerifier(  429):   4: sent at 195713000000, (unhandled) KeyEvent { action=ACTION_UP, keyCode=KEYCODE_MEDIA_PREVIOUS, scanCode=0, metaState=0, flags=0x8, repeatCount=0, eventTime=195713, downTime=195713, deviceId=-1, source=0x101 }
D/InputEventConsistencyVerifier(  429):   5: sent at 195650000000, (unhandled) KeyEvent { action=ACTION_DOWN, keyCode=KEYCODE_MEDIA_PREVIOUS, scanCode=0, metaState=0, flags=0x8, repeatCount=0, eventTime=195650, downTime=195650, deviceId=-1, source=0x101 }
D/PhoneStatusBar(  429): disable: < expand icons alerts TICKER* system_info back home recent clock >
D/InputEventConsistencyVerifier(  429): KeyEvent: ACTION_UP but key was not down.
D/InputEventConsistencyVerifier(  429):   in android.widget.FrameLayout@b3e56d98
D/InputEventConsistencyVerifier(  429):   0: sent at 195881000000, KeyEvent { action=ACTION_UP, keyCode=KEYCODE_DPAD_DOWN, scanCode=0, metaState=0, flags=0x400, repeatCount=0, eventTime=195881, downTime=195881, deviceId=-1, source=0x101 }
D/InputEventConsistencyVerifier(  429):   -- recent events --
D/InputEventConsistencyVerifier(  429):   1: sent at 173078000000, (unhandled) KeyEvent { action=ACTION_UP, keyCode=KEYCODE_DPAD_DOWN, scanCode=0, metaState=0, flags=0x80000028, repeatCount=0, eventTime=173078, downTime=172979, deviceId=-1, source=0x101 }
D/InputEventConsistencyVerifier(  429):   2: sent at 129946000000, (unhandled) KeyEvent { action=ACTION_UP, keyCode=KEYCODE_DPAD_RIGHT, scanCode=0, metaState=0, flags=0x28, repeatCount=0, eventTime=129946, downTime=129813, deviceId=-1, source=0x101 }
D/InputEventConsistencyVerifier(  429):   3: sent at 129813000000, (unhandled) KeyEvent { action=ACTION_DOWN, keyCode=KEYCODE_DPAD_RIGHT, scanCode=0, metaState=0, flags=0x8, repeatCount=0, eventTime=129813, downTime=129813, deviceId=-1, source=0x101 }
D/InputEventConsistencyVerifier(  429):   4: sent at 129609000000, (unhandled) KeyEvent { action=ACTION_UP, keyCode=KEYCODE_DPAD_DOWN, scanCode=0, metaState=0, flags=0x80000008, repeatCount=0, eventTime=129609, downTime=129609, deviceId=-1, source=0x101 }
D/InputEventConsistencyVerifier(  429):   5: sent at 127146000000, (unhandled) KeyEvent { action=ACTION_UP, keyCode=KEYCODE_DPAD_DOWN, scanCode=0, metaState=0, flags=0x400, repeatCount=0, eventTime=127146, downTime=127146, deviceId=-1, source=0x101 }
W/dalvikvm(  429): DroidBox: { "FdAccess": { "path": "2f70726f632f6d656d696e666f", "id": "1336318346" } }
W/DroidBox(  429): DroidBox: { "FileRW": { "operation": "read", "data": "4d656d546f74616c3a202020202020202020373438393634206b420a4d656d467265653a20202020202020202020343539363732206b420a427566666572733a20202020202020202020202035343136206b420a4361636865643a202020202020202020", "id": "1336318346" } }
I/Choreographer(  623): Skipped 117 frames!  The application may be doing too much work on its main thread.
I/Choreographer(  429): Skipped 57 frames!  The application may be doing too much work on its main thread.
D/InputEventConsistencyVerifier(  429): TouchEvent: ACTION_DOWN but pointers are already down.  Probably missing ACTION_UP from previous gesture.
D/InputEventConsistencyVerifier(  429):   in android.view.ScaleGestureDetector@b3ed6c30
D/InputEventConsistencyVerifier(  429):   0: sent at 196266000000, MotionEvent { action=ACTION_DOWN, id[0]=0, x[0]=409.0, y[0]=502.0, toolType[0]=TOOL_TYPE_UNKNOWN, buttonState=0, metaState=0, flags=0x0, edgeFlags=0x0, pointerCount=1, historySize=0, eventTime=196266, downTime=196264, deviceId=0, source=0x1002 }
D/InputEventConsistencyVerifier(  429):   -- recent events --
D/InputEventConsistencyVerifier(  429):   1: sent at 195511000000, MotionEvent { action=ACTION_DOWN, id[0]=0, x[0]=42.0, y[0]=271.0, toolType[0]=TOOL_TYPE_UNKNOWN, buttonState=0, metaState=0, flags=0x80000000, edgeFlags=0x0, pointerCount=1, historySize=0, eventTime=195511, downTime=195510, deviceId=0, source=0x1002 }
D/InputEventConsistencyVerifier(  429):   2: sent at 195477000000, MotionEvent { action=ACTION_DOWN, id[0]=0, x[0]=30.0, y[0]=630.0, toolType[0]=TOOL_TYPE_UNKNOWN, buttonState=0, metaState=0, flags=0x0, edgeFlags=0x0, pointerCount=1, historySize=0, eventTime=195477, downTime=195476, deviceId=0, source=0x1002 }
D/InputEventConsistencyVerifier(  429):   3: sent at 195190000000, MotionEvent { action=ACTION_UP, id[0]=0, x[0]=269.0, y[0]=6.0, toolType[0]=TOOL_TYPE_UNKNOWN, buttonState=0, metaState=0, flags=0x0, edgeFlags=0x0, pointerCount=1, historySize=0, eventTime=195190, downTime=195157, deviceId=0, source=0x1002 }
D/InputEventConsistencyVerifier(  429):   4: sent at 195157000000, MotionEvent { action=ACTION_DOWN, id[0]=0, x[0]=274.0, y[0]=2.0, toolType[0]=TOOL_TYPE_UNKNOWN, buttonState=0, metaState=0, flags=0x80000000, edgeFlags=0x0, pointerCount=1, historySize=0, eventTime=195157, downTime=195157, deviceId=0, source=0x1002 }
D/InputEventConsistencyVerifier(  429):   5: sent at 177625000000, MotionEvent { action=ACTION_DOWN, id[0]=0, x[0]=442.0, y[0]=618.0, toolType[0]=TOOL_TYPE_UNKNOWN, buttonState=0, metaState=0, flags=0x80000000, edgeFlags=0x0, pointerCount=1, historySize=0, eventTime=177625, downTime=177625, deviceId=0, source=0x1002 }
I/Choreographer(  429): Skipped 39 frames!  The application may be doing too much work on its main thread.
D/PhoneStatusBar(  429): disable: < expand icons alerts ticker* system_info back home recent clock >
W/DroidBox( 1083): DroidBox: { "ServiceStart": { "name": "com.android.music.MediaPlaybackService" } }
W/DroidBox( 1083): DroidBox: { "ServiceStart": { "name": "com.android.music.MediaPlaybackService" } }
I/ActivityManager(  231): START {act=android.intent.action.CALL_BUTTON flg=0x10000000 cmp=com.android.contacts/.activities.DialtactsActivity u=0} from pid 623
W/InputMethodManagerService(  231): Window already focused, ignoring focus gain of: com.android.internal.view.IInputMethodClient$Stub$Proxy@b40b4838 attribute=android.view.inputmethod.EditorInfo@b40ba2d0
D/InputEventConsistencyVerifier(  623): KeyEvent: ACTION_UP but key was not down.
D/InputEventConsistencyVerifier(  623):   in com.android.internal.policy.impl.PhoneWindow$DecorView@b41412f0
D/InputEventConsistencyVerifier(  623):   0: sent at 197281000000, KeyEvent { action=ACTION_UP, keyCode=KEYCODE_DPAD_UP, scanCode=0, metaState=0, flags=0x400, repeatCount=0, eventTime=197281, downTime=197281, deviceId=-1, source=0x101 }
D/InputEventConsistencyVerifier(  623):   -- recent events --
D/InputEventConsistencyVerifier(  623):   1: sent at 197261000000, (unhandled) MotionEvent { action=ACTION_MOVE, id[0]=0, x[0]=-2.0, y[0]=-3.0, toolType[0]=TOOL_TYPE_UNKNOWN, buttonState=0, metaState=0, flags=0x0, edgeFlags=0x0, pointerCount=1, historySize=9, eventTime=197261, downTime=-1, deviceId=0, source=0x10004 }
D/InputEventConsistencyVerifier(  623):   2: sent at 197093000000, MotionEvent { action=ACTION_UP, id[0]=0, x[0]=371.0, y[0]=403.0, toolType[0]=TOOL_TYPE_UNKNOWN, buttonState=0, metaState=0, flags=0x0, edgeFlags=0x0, pointerCount=1, historySize=0, eventTime=197093, downTime=197082, deviceId=0, source=0x1002 }
D/InputEventConsistencyVerifier(  623):   3: sent at 197083000000, MotionEvent { action=ACTION_DOWN, id[0]=0, x[0]=366.0, y[0]=407.0, toolType[0]=TOOL_TYPE_UNKNOWN, buttonState=0, metaState=0, flags=0x0, edgeFlags=0x0, pointerCount=1, historySize=0, eventTime=197083, downTime=197082, deviceId=0, source=0x1002 }
D/InputEventConsistencyVerifier(  623):   4: sent at 197071000000, MotionEvent { action=ACTION_UP, id[0]=0, x[0]=406.0, y[0]=336.0, toolType[0]=TOOL_TYPE_UNKNOWN, buttonState=0, metaState=0, flags=0x0, edgeFlags=0x0, pointerCount=1, historySize=0, eventTime=197071, downTime=197023, deviceId=0, source=0x1002 }
D/InputEventConsistencyVerifier(  623):   5: sent at 197023000000, MotionEvent { action=ACTION_DOWN, id[0]=0, x[0]=404.0, y[0]=337.0, toolType[0]=TOOL_TYPE_UNKNOWN, buttonState=0, metaState=0, flags=0x0, edgeFlags=0x0, pointerCount=1, historySize=0, eventTime=197023, downTime=197023, deviceId=0, source=0x1002 }
I/ActivityManager(  231): START {flg=0x10000000 cmp=com.android.deskclock/.AlarmClock bnds=[132,117][348,393] u=0} from pid -1
W/dalvikvm( 1005): DroidBox: { "FdAccess": { "path": "2f6465762f696e7075742f6576656e7430", "id": "1500639518" } }
W/DroidBox( 1005): DroidBox: { "FileRW": { "operation": "write", "data": "7f060000efbfbd3901000500000001000000", "id": "1500639518" } }
D/InputEventConsistencyVerifier(  623): KeyEvent: ACTION_UP but key was not down.
D/InputEventConsistencyVerifier(  623):   in com.android.internal.policy.impl.PhoneWindow$DecorView@b41412f0
D/InputEventConsistencyVerifier(  623):   0: sent at 197572000000, KeyEvent { action=ACTION_UP, keyCode=KEYCODE_DPAD_DOWN, scanCode=0, metaState=0, flags=0x400, repeatCount=0, eventTime=197572, downTime=197572, deviceId=-1, source=0x101 }
D/InputEventConsistencyVerifier(  623):   -- recent events --
D/InputEventConsistencyVerifier(  623):   1: sent at 197543000000, (unhandled) MotionEvent { action=ACTION_MOVE, id[0]=0, x[0]=-4.0, y[0]=4.0, toolType[0]=TOOL_TYPE_UNKNOWN, buttonState=0, metaState=0, flags=0x0, edgeFlags=0x0, pointerCount=1, historySize=4, eventTime=197543, downTime=-1, deviceId=0, source=0x10004 }
D/InputEventConsistencyVerifier(  623):   2: sent at 197463000000, (unhandled) KeyEvent { action=ACTION_UP, keyCode=KEYCODE_MENU, scanCode=0, metaState=0, flags=0x8, repeatCount=0, eventTime=197463, downTime=197463, deviceId=-1, source=0x101 }
D/InputEventConsistencyVerifier(  623):   3: sent at 197310000000, (unhandled) KeyEvent { action=ACTION_DOWN, keyCode=KEYCODE_MENU, scanCode=0, metaState=0, flags=0x8, repeatCount=0, eventTime=197310, downTime=197310, deviceId=-1, source=0x101 }
D/InputEventConsistencyVerifier(  623):   4: sent at 197297000000, MotionEvent { action=ACTION_UP, id[0]=0, x[0]=196.0, y[0]=282.0, toolType[0]=TOOL_TYPE_UNKNOWN, buttonState=0, metaState=0, flags=0x0, edgeFlags=0x0, pointerCount=1, historySize=0, eventTime=197297, downTime=197268, deviceId=0, source=0x1002 }
D/InputEventConsistencyVerifier(  623):   5: sent at 197293000000, MotionEvent { action=ACTION_MOVE, id[0]=0, x[0]=179.0, y[0]=283.0, toolType[0]=TOOL_TYPE_UNKNOWN, buttonState=0, metaState=0, flags=0x0, edgeFlags=0x0, pointerCount=1, historySize=0, eventTime=197293, downTime=197268, deviceId=0, source=0x1002 }
W/InputManager(  231): Input event injection from pid 1005 failed.
W/InputMethodManagerService(  231): Window already focused, ignoring focus gain of: com.android.internal.view.IInputMethodClient$Stub$Proxy@b40e4120 attribute=android.view.inputmethod.EditorInfo@b40e4730
I/Choreographer(  623): Skipped 61 frames!  The application may be doing too much work on its main thread.
D/InputEventConsistencyVerifier(  623): KeyEvent: ACTION_UP but key was not down.
D/InputEventConsistencyVerifier(  623):   in com.android.internal.policy.impl.PhoneWindow$DecorView@b41412f0
D/InputEventConsistencyVerifier(  623):   0: sent at 197572000000, KeyEvent { action=ACTION_UP, keyCode=KEYCODE_DPAD_DOWN, scanCode=0, metaState=0, flags=0x400, repeatCount=0, eventTime=197572, downTime=197572, deviceId=-1, source=0x101 }
D/InputEventConsistencyVerifier(  623):   -- recent events --
D/InputEventConsistencyVerifier(  623):   1: sent at 197572000000, (unhandled) KeyEvent { action=ACTION_UP, keyCode=KEYCODE_DPAD_DOWN, scanCode=0, metaState=0, flags=0x80000400, repeatCount=0, eventTime=197572, downTime=197572, deviceId=-1, source=0x101 }
D/InputEventConsistencyVerifier(  623):   2: sent at 197543000000, (unhandled) MotionEvent { action=ACTION_MOVE, id[0]=0, x[0]=-4.0, y[0]=4.0, toolType[0]=TOOL_TYPE_UNKNOWN, buttonState=0, metaState=0, flags=0x0, edgeFlags=0x0, pointerCount=1, historySize=4, eventTime=197543, downTime=-1, deviceId=0, source=0x10004 }
D/InputEventConsistencyVerifier(  623):   3: sent at 197463000000, (unhandled) KeyEvent { action=ACTION_UP, keyCode=KEYCODE_MENU, scanCode=0, metaState=0, flags=0x8, repeatCount=0, eventTime=197463, downTime=197463, deviceId=-1, source=0x101 }
D/InputEventConsistencyVerifier(  623):   4: sent at 197310000000, (unhandled) KeyEvent { action=ACTION_DOWN, keyCode=KEYCODE_MENU, scanCode=0, metaState=0, flags=0x8, repeatCount=0, eventTime=197310, downTime=197310, deviceId=-1, source=0x101 }
D/InputEventConsistencyVerifier(  623):   5: sent at 197297000000, MotionEvent { action=ACTION_UP, id[0]=0, x[0]=196.0, y[0]=282.0, toolType[0]=TOOL_TYPE_UNKNOWN, buttonState=0, metaState=0, flags=0x0, edgeFlags=0x0, pointerCount=1, historySize=0, eventTime=197297, downTime=197268, deviceId=0, source=0x1002 }
D/InputEventConsistencyVerifier(  623): KeyEvent: ACTION_UP but key was not down.
D/InputEventConsistencyVerifier(  623):   in com.android.launcher2.Hotseat@b415ca90
D/InputEventConsistencyVerifier(  623):   0: sent at 197572000000, KeyEvent { action=ACTION_UP, keyCode=KEYCODE_DPAD_DOWN, scanCode=0, metaState=0, flags=0x400, repeatCount=0, eventTime=197572, downTime=197572, deviceId=-1, source=0x101 }
D/InputEventConsistencyVerifier(  623):   -- recent events --
D/InputEventConsistencyVerifier(  623):   1: sent at 195100000000, (unhandled) KeyEvent { action=ACTION_UP, keyCode=KEYCODE_MENU, scanCode=0, metaState=0, flags=0x8, repeatCount=0, eventTime=195100, downTime=195100, deviceId=-1, source=0x101 }
D/InputEventConsistencyVerifier(  623):   2: sent at 194993000000, (unhandled) KeyEvent { action=ACTION_DOWN, keyCode=KEYCODE_MENU, scanCode=0, metaState=0, flags=0x8, repeatCount=0, eventTime=194993, downTime=194993, deviceId=-1, source=0x101 }
D/InputEventConsistencyVerifier(  623):   3: sent at 194847000000, (unhandled) KeyEvent { action=ACTION_UP, keyCode=KEYCODE_DPAD_LEFT, scanCode=0, metaState=0, flags=0x8, repeatCount=0, eventTime=194847, downTime=194847, deviceId=-1, source=0x101 }
D/InputEventConsistencyVerifier(  623):   4: sent at 194782000000, (unhandled) KeyEvent { action=ACTION_DOWN, keyCode=KEYCODE_DPAD_LEFT, scanCode=0, metaState=0, flags=0x8, repeatCount=0, eventTime=194782, downTime=194782, deviceId=-1, source=0x101 }
D/InputEventConsistencyVerifier(  623):   5: sent at 194669000000, (unhandled) KeyEvent { action=ACTION_UP, keyCode=KEYCODE_DPAD_UP, scanCode=0, metaState=0, flags=0x8, repeatCount=0, eventTime=194669, downTime=194669, deviceId=-1, source=0x101 }
D/InputEventConsistencyVerifier(  623): KeyEvent: ACTION_UP but key was not down.
D/InputEventConsistencyVerifier(  623):   in com.android.internal.policy.impl.PhoneWindow$DecorView@b41412f0
D/InputEventConsistencyVerifier(  623):   0: sent at 198831000000, KeyEvent { action=ACTION_UP, keyCode=KEYCODE_DPAD_LEFT, scanCode=0, metaState=0, flags=0x8, repeatCount=0, eventTime=198831, downTime=198831, deviceId=-1, source=0x101 }
D/InputEventConsistencyVerifier(  623):   -- recent events --
D/InputEventConsistencyVerifier(  623):   1: sent at 198772000000, (unhandled) KeyEvent { action=ACTION_UP, keyCode=KEYCODE_CAPS_LOCK, scanCode=0, metaState=0, flags=0x8, repeatCount=0, eventTime=198772, downTime=198772, deviceId=-1, source=0x101 }
D/InputEventConsistencyVerifier(  623):   2: sent at 198423000000, (unhandled) KeyEvent { action=ACTION_DOWN, keyCode=KEYCODE_CAPS_LOCK, scanCode=0, metaState=0, flags=0x8, repeatCount=0, eventTime=198423, downTime=198423, deviceId=-1, source=0x101 }
D/InputEventConsistencyVerifier(  623):   3: sent at 198366000000, MotionEvent { action=ACTION_UP, id[0]=0, x[0]=332.0, y[0]=675.0, toolType[0]=TOOL_TYPE_UNKNOWN, buttonState=0, metaState=0, flags=0x0, edgeFlags=0x0, pointerCount=1, historySize=0, eventTime=198366, downTime=198288, deviceId=0, source=0x1002 }
D/InputEventConsistencyVerifier(  623):   4: sent at 198363000000, MotionEvent { action=ACTION_POINTER_UP(1), id[0]=0, x[0]=332.0, y[0]=668.0, toolType[0]=TOOL_TYPE_UNKNOWN, id[1]=1, x[1]=140.0, y[1]=381.0, toolType[1]=TOOL_TYPE_UNKNOWN, buttonState=0, metaState=0, flags=0x0, edgeFlags=0x0, pointerCount=2, historySize=0, eventTime=198363, downTime=198288, deviceId=0, source=0x1002 }
D/InputEventConsistencyVerifier(  623):   5: sent at 198359000000, MotionEvent { action=ACTION_MOVE, id[0]=0, x[0]=332.0, y[0]=659.0, toolType[0]=TOOL_TYPE_UNKNOWN, id[1]=1, x[1]=141.0, y[1]=377.0, toolType[1]=TOOL_TYPE_UNKNOWN, buttonState=0, metaState=0, flags=0x0, edgeFlags=0x0, pointerCount=2, historySize=2, eventTime=198359, downTime=198288, deviceId=0, source=0x1002 }
I/ActivityManager(  231): START {act=android.search.action.GLOBAL_SEARCH flg=0x10000000 cmp=com.android.quicksearchbox/.SearchActivity bnds=[5,43][475,103] (has extras) u=0} from pid 623
I/AudioService(  231):  AudioFocus  requestAudioFocus() from android.media.AudioManager@b3e174f0com.android.music.MediaPlaybackService$3@b3e15d28
I/AudioService(  231):   Remote Control   registerMediaButtonIntent() for PendingIntent{b3f44f88: PendingIntentRecord{b3f11548 com.android.music broadcastIntent}}
I/Choreographer(  623): Skipped 118 frames!  The application may be doing too much work on its main thread.
I/Choreographer(  623): Skipped 32 frames!  The application may be doing too much work on its main thread.
I/ActivityManager(  231): START {flg=0x10000000 cmp=com.android.deskclock/.AlarmClock bnds=[17,117][233,393] u=0} from pid -1
D/InputEventConsistencyVerifier(  623): KeyEvent: ACTION_UP but key was not down.
D/InputEventConsistencyVerifier(  623):   in com.android.internal.policy.impl.PhoneWindow$DecorView@b41412f0
D/InputEventConsistencyVerifier(  623):   0: sent at 199398000000, KeyEvent { action=ACTION_UP, keyCode=KEYCODE_DPAD_RIGHT, scanCode=0, metaState=0, flags=0x400, repeatCount=0, eventTime=199398, downTime=199398, deviceId=-1, source=0x101 }
D/InputEventConsistencyVerifier(  623):   -- recent events --
D/InputEventConsistencyVerifier(  623):   1: sent at 199343000000, (unhandled) MotionEvent { action=ACTION_MOVE, id[0]=0, x[0]=4.0, y[0]=2.0, toolType[0]=TOOL_TYPE_UNKNOWN, buttonState=0, metaState=0, flags=0x0, edgeFlags=0x0, pointerCount=1, historySize=9, eventTime=199343, downTime=-1, deviceId=0, source=0x10004 }
D/InputEventConsistencyVerifier(  623):   2: sent at 199245000000, MotionEvent { action=ACTION_UP, id[0]=0, x[0]=66.0, y[0]=186.0, toolType[0]=TOOL_TYPE_UNKNOWN, buttonState=0, metaState=0, flags=0x0, edgeFlags=0x0, pointerCount=1, historySize=0, eventTime=199245, downTime=199210, deviceId=0, source=0x1002 }
D/InputEventConsistencyVerifier(  623):   3: sent at 199210000000, MotionEvent { action=ACTION_DOWN, id[0]=0, x[0]=80.0, y[0]=184.0, toolType[0]=TOOL_TYPE_UNKNOWN, buttonState=0, metaState=0, flags=0x0, edgeFlags=0x0, pointerCount=1, historySize=0, eventTime=199210, downTime=199210, deviceId=0, source=0x1002 }
D/InputEventConsistencyVerifier(  623):   4: sent at 199201000000, MotionEvent { action=ACTION_UP, id[0]=0, x[0]=366.0, y[0]=534.0, toolType[0]=TOOL_TYPE_UNKNOWN, buttonState=0, metaState=0, flags=0x0, edgeFlags=0x0, pointerCount=1, historySize=0, eventTime=199201, downTime=199195, deviceId=0, source=0x1002 }
D/InputEventConsistencyVerifier(  623):   5: sent at 199195000000, MotionEvent { action=ACTION_DOWN, id[0]=0, x[0]=368.0, y[0]=536.0, toolType[0]=TOOL_TYPE_UNKNOWN, buttonState=0, metaState=0, flags=0x0, edgeFlags=0x0, pointerCount=1, historySize=0, eventTime=199195, downTime=199195, deviceId=0, source=0x1002 }
D/InputEventConsistencyVerifier(  623): KeyEvent: ACTION_UP but key was not down.
D/InputEventConsistencyVerifier(  623):   in com.android.launcher2.Workspace@b4145988
D/InputEventConsistencyVerifier(  623):   0: sent at 199398000000, KeyEvent { action=ACTION_UP, keyCode=KEYCODE_DPAD_RIGHT, scanCode=0, metaState=0, flags=0x400, repeatCount=0, eventTime=199398, downTime=199398, deviceId=-1, source=0x101 }
D/InputEventConsistencyVerifier(  623):   -- recent events --
D/InputEventConsistencyVerifier(  623):   1: sent at 199245000000, MotionEvent { action=ACTION_UP, id[0]=0, x[0]=66.0, y[0]=148.0, toolType[0]=TOOL_TYPE_UNKNOWN, buttonState=0, metaState=0, flags=0x0, edgeFlags=0x0, pointerCount=1, historySize=0, eventTime=199245, downTime=199210, deviceId=0, source=0x1002 }
D/InputEventConsistencyVerifier(  623):   2: sent at 199210000000, MotionEvent { action=ACTION_DOWN, id[0]=0, x[0]=80.0, y[0]=146.0, toolType[0]=TOOL_TYPE_UNKNOWN, buttonState=0, metaState=0, flags=0x0, edgeFlags=0x0, pointerCount=1, historySize=0, eventTime=199210, downTime=199210, deviceId=0, source=0x1002 }
D/InputEventConsistencyVerifier(  623):   3: sent at 199201000000, MotionEvent { action=ACTION_UP, id[0]=0, x[0]=366.0, y[0]=496.0, toolType[0]=TOOL_TYPE_UNKNOWN, buttonState=0, metaState=0, flags=0x0, edgeFlags=0x0, pointerCount=1, historySize=0, eventTime=199201, downTime=199195, deviceId=0, source=0x1002 }
D/InputEventConsistencyVerifier(  623):   4: sent at 199195000000, MotionEvent { action=ACTION_DOWN, id[0]=0, x[0]=368.0, y[0]=498.0, toolType[0]=TOOL_TYPE_UNKNOWN, buttonState=0, metaState=0, flags=0x0, edgeFlags=0x0, pointerCount=1, historySize=0, eventTime=199195, downTime=199195, deviceId=0, source=0x1002 }
D/InputEventConsistencyVerifier(  623):   5: sent at 199186000000, MotionEvent { action=ACTION_UP, id[0]=0, x[0]=436.0, y[0]=638.0, toolType[0]=TOOL_TYPE_UNKNOWN, buttonState=0, metaState=0, flags=0x0, edgeFlags=0x0, pointerCount=1, historySize=0, eventTime=199186, downTime=199157, deviceId=0, source=0x1002 }
D/InputEventConsistencyVerifier(  623): KeyEvent: ACTION_UP but key was not down.
D/InputEventConsistencyVerifier(  623):   in com.android.launcher2.BubbleTextView@b410fdb0
D/InputEventConsistencyVerifier(  623):   0: sent at 199399000000, KeyEvent { action=ACTION_UP, keyCode=KEYCODE_DPAD_RIGHT, scanCode=0, metaState=0, flags=0x400, repeatCount=0, eventTime=199399, downTime=199399, deviceId=-1, source=0x101 }
D/InputEventConsistencyVerifier(  623):   -- recent events --
D/InputEventConsistencyVerifier(  623):   1: sent at 161117000000, KeyEvent { action=ACTION_UP, keyCode=KEYCODE_DPAD_RIGHT, scanCode=0, metaState=0, flags=0x400, repeatCount=0, eventTime=161117, downTime=161117, deviceId=-1, source=0x101 }
D/InputEventConsistencyVerifier(  623):   2: sent at 161117000000, KeyEvent { action=ACTION_DOWN, keyCode=KEYCODE_DPAD_RIGHT, scanCode=0, metaState=0, flags=0x400, repeatCount=0, eventTime=161117, downTime=161117, deviceId=-1, source=0x101 }
D/InputEventConsistencyVerifier(  623):   3: sent at 161117000000, KeyEvent { action=ACTION_UP, keyCode=KEYCODE_DPAD_RIGHT, scanCode=0, metaState=0, flags=0x80000400, repeatCount=0, eventTime=161117, downTime=161117, deviceId=-1, source=0x101 }
D/InputEventConsistencyVerifier(  623):   4: sent at 130173000000, KeyEvent { action=ACTION_DOWN, keyCode=KEYCODE_DPAD_LEFT, scanCode=0, metaState=0, flags=0x400, repeatCount=0, eventTime=130173, downTime=130173, deviceId=-1, source=0x101 }
D/InputEventConsistencyVerifier(  623):   5: sent at 130173000000, KeyEvent { action=ACTION_UP, keyCode=KEYCODE_DPAD_LEFT, scanCode=0, metaState=0, flags=0x80000400, repeatCount=0, eventTime=130173, downTime=130173, deviceId=-1, source=0x101 }
D/InputEventConsistencyVerifier(  623): KeyEvent: ACTION_UP but key was not down.
D/InputEventConsistencyVerifier(  623):   in com.android.launcher2.Hotseat@b415ca90
D/InputEventConsistencyVerifier(  623):   0: sent at 199399000000, KeyEvent { action=ACTION_UP, keyCode=KEYCODE_DPAD_RIGHT, scanCode=0, metaState=0, flags=0x400, repeatCount=0, eventTime=199399, downTime=199399, deviceId=-1, source=0x101 }
D/InputEventConsistencyVerifier(  623):   -- recent events --
D/InputEventConsistencyVerifier(  623):   1: sent at 197572000000, (unhandled) KeyEvent { action=ACTION_UP, keyCode=KEYCODE_DPAD_DOWN, scanCode=0, metaState=0, flags=0x400, repeatCount=0, eventTime=197572, downTime=197572, deviceId=-1, source=0x101 }
D/InputEventConsistencyVerifier(  623):   2: sent at 197572000000, (unhandled) KeyEvent { action=ACTION_DOWN, keyCode=KEYCODE_DPAD_DOWN, scanCode=0, metaState=0, flags=0x400, repeatCount=0, eventTime=197572, downTime=197572, deviceId=-1, source=0x101 }
D/InputEventConsistencyVerifier(  623):   3: sent at 197572000000, (unhandled) KeyEvent { action=ACTION_UP, keyCode=KEYCODE_DPAD_DOWN, scanCode=0, metaState=0, flags=0x80000400, repeatCount=0, eventTime=197572, downTime=197572, deviceId=-1, source=0x101 }
D/InputEventConsistencyVerifier(  623):   4: sent at 195100000000, (unhandled) KeyEvent { action=ACTION_UP, keyCode=KEYCODE_MENU, scanCode=0, metaState=0, flags=0x8, repeatCount=0, eventTime=195100, downTime=195100, deviceId=-1, source=0x101 }
D/InputEventConsistencyVerifier(  623):   5: sent at 194993000000, (unhandled) KeyEvent { action=ACTION_DOWN, keyCode=KEYCODE_MENU, scanCode=0, metaState=0, flags=0x8, repeatCount=0, eventTime=194993, downTime=194993, deviceId=-1, source=0x101 }
D/InputEventConsistencyVerifier(  623): KeyEvent: ACTION_UP but key was not down.
D/InputEventConsistencyVerifier(  623):   in com.android.launcher2.BubbleTextView@b409ac60
D/InputEventConsistencyVerifier(  623):   0: sent at 199407000000, KeyEvent { action=ACTION_UP, keyCode=KEYCODE_DPAD_LEFT, scanCode=0, metaState=0, flags=0x8, repeatCount=0, eventTime=199407, downTime=199407, deviceId=-1, source=0x101 }
D/InputEventConsistencyVerifier(  623):   -- recent events --
D/InputEventConsistencyVerifier(  623):   1: sent at 195100000000, (unhandled) KeyEvent { action=ACTION_UP, keyCode=KEYCODE_MENU, scanCode=0, metaState=0, flags=0x8, repeatCount=0, eventTime=195100, downTime=195100, deviceId=-1, source=0x101 }
D/InputEventConsistencyVerifier(  623):   2: sent at 194993000000, (unhandled) KeyEvent { action=ACTION_DOWN, keyCode=KEYCODE_MENU, scanCode=0, metaState=0, flags=0x8, repeatCount=0, eventTime=194993, downTime=194993, deviceId=-1, source=0x101 }
D/InputEventConsistencyVerifier(  623):   3: sent at 194847000000, (unhandled) KeyEvent { action=ACTION_UP, keyCode=KEYCODE_DPAD_LEFT, scanCode=0, metaState=0, flags=0x8, repeatCount=0, eventTime=194847, downTime=194847, deviceId=-1, source=0x101 }
D/InputEventConsistencyVerifier(  623):   4: sent at 157014000000, (unhandled) KeyEvent { action=ACTION_DOWN, keyCode=KEYCODE_DPAD_LEFT, scanCode=0, metaState=0, flags=0x400, repeatCount=0, eventTime=157014, downTime=157014, deviceId=-1, source=0x101 }
D/InputEventConsistencyVerifier(  623):   5: sent at 157003000000, MotionEvent { action=ACTION_MOVE, id[0]=0, x[0]=-3.0, y[0]=-2.0, toolType[0]=TOOL_TYPE_UNKNOWN, buttonState=0, metaState=0, flags=0x0, edgeFlags=0x0, pointerCount=1, historySize=9, eventTime=157003, downTime=-1, deviceId=0, source=0x10004 }
E/WVMExtractor(   62): Failed to open libwvm.so
I/Choreographer(  623): Skipped 33 frames!  The application may be doing too much work on its main thread.
D/InputEventConsistencyVerifier(  623): KeyEvent: ACTION_UP but key was not down.
D/InputEventConsistencyVerifier(  623):   in com.android.launcher2.BubbleTextView@b40e11f0
D/InputEventConsistencyVerifier(  623):   0: sent at 200512000000, KeyEvent { action=ACTION_UP, keyCode=KEYCODE_DPAD_LEFT, scanCode=0, metaState=0, flags=0x8, repeatCount=0, eventTime=200512, downTime=200512, deviceId=-1, source=0x101 }
D/InputEventConsistencyVerifier(  623):   -- recent events --
D/InputEventConsistencyVerifier(  623):   1: sent at 185076000000, MotionEvent { action=ACTION_MOVE, id[0]=0, x[0]=-4.0, y[0]=2.0, toolType[0]=TOOL_TYPE_UNKNOWN, buttonState=0, metaState=0, flags=0x0, edgeFlags=0x0, pointerCount=1, historySize=7, eventTime=185076, downTime=-1, deviceId=0, source=0x10004 }
D/InputEventConsistencyVerifier(  623):   2: sent at 185001000000, MotionEvent { action=ACTION_MOVE, id[0]=0, x[0]=-2.0, y[0]=3.0, toolType[0]=TOOL_TYPE_UNKNOWN, buttonState=0, metaState=0, flags=0x0, edgeFlags=0x0, pointerCount=1, historySize=1, eventTime=185001, downTime=-1, deviceId=0, source=0x10004 }
D/InputEventConsistencyVerifier(  623):   3: sent at 184882000000, (unhandled) KeyEvent { action=ACTION_UP, keyCode=KEYCODE_DPAD_DOWN, scanCode=0, metaState=0, flags=0x8, repeatCount=0, eventTime=184882, downTime=184882, deviceId=-1, source=0x101 }
D/InputEventConsistencyVerifier(  623):   4: sent at 184735000000, (unhandled) KeyEvent { action=ACTION_DOWN, keyCode=KEYCODE_DPAD_DOWN, scanCode=0, metaState=0, flags=0x8, repeatCount=0, eventTime=184735, downTime=184735, deviceId=-1, source=0x101 }
D/InputEventConsistencyVerifier(  623):   5: sent at 184667000000, KeyEvent { action=ACTION_UP, keyCode=KEYCODE_DPAD_CENTER, scanCode=0, metaState=0, flags=0x8, repeatCount=0, eventTime=184667, downTime=184667, deviceId=-1, source=0x101 }
D/InputEventConsistencyVerifier(  623): KeyEvent: ACTION_UP but key was not down.
D/InputEventConsistencyVerifier(  623):   in com.android.launcher2.SearchDropTargetBar@b40b7d60
D/InputEventConsistencyVerifier(  623):   0: sent at 201729000000, KeyEvent { action=ACTION_UP, keyCode=KEYCODE_DPAD_UP, scanCode=0, metaState=0, flags=0x400, repeatCount=0, eventTime=201729, downTime=201729, deviceId=-1, source=0x101 }
D/InputEventConsistencyVerifier(  623):   -- recent events --
D/InputEventConsistencyVerifier(  623):   1: sent at 199398000000, (unhandled) KeyEvent { action=ACTION_DOWN, keyCode=KEYCODE_DPAD_RIGHT, scanCode=0, metaState=0, flags=0x400, repeatCount=0, eventTime=199398, downTime=199398, deviceId=-1, source=0x101 }
D/InputEventConsistencyVerifier(  623):   2: sent at 199398000000, (unhandled) KeyEvent { action=ACTION_UP, keyCode=KEYCODE_DPAD_RIGHT, scanCode=0, metaState=0, flags=0x80000400, repeatCount=0, eventTime=199398, downTime=199398, deviceId=-1, source=0x101 }
D/InputEventConsistencyVerifier(  623):   3: sent at 198893000000, KeyEvent { action=ACTION_UP, keyCode=KEYCODE_DPAD_CENTER, scanCode=0, metaState=0, flags=0x8, repeatCount=0, eventTime=198893, downTime=198893, deviceId=-1, source=0x101 }
D/InputEventConsistencyVerifier(  623):   4: sent at 198886000000, KeyEvent { action=ACTION_DOWN, keyCode=KEYCODE_DPAD_CENTER, scanCode=0, metaState=0, flags=0x8, repeatCount=0, eventTime=198886, downTime=198886, deviceId=-1, source=0x101 }
D/InputEventConsistencyVerifier(  623):   5: sent at 198831000000, (unhandled) KeyEvent { action=ACTION_UP, keyCode=KEYCODE_DPAD_LEFT, scanCode=0, metaState=0, flags=0x80000008, repeatCount=0, eventTime=198831, downTime=198831, deviceId=-1, source=0x101 }
E/WVMExtractor(   62): Failed to open libwvm.so
I/ActivityManager(  231): START {act=android.intent.action.MAIN cat=[android.intent.category.LAUNCHER] flg=0x10200000 cmp=com.agewap.soft/.ProgressBarActivity u=0} from pid 1005
W/WindowManager(  231): Failure taking screenshot for (246x410) to layer 21005
W/dalvikvm(  231): DroidBox: { "FdAccess": { "path": "2f70726f632f313337382f636d646c696e65", "id": "1600052008" } }
D/InputEventConsistencyVerifier(  623): KeyEvent: ACTION_UP but key was not down.
D/InputEventConsistencyVerifier(  623):   in com.android.internal.policy.impl.PhoneWindow$DecorView@b41412f0
D/InputEventConsistencyVerifier(  623):   0: sent at 202542000000, KeyEvent { action=ACTION_UP, keyCode=KEYCODE_DPAD_CENTER, scanCode=0, metaState=0, flags=0x8, repeatCount=0, eventTime=202542, downTime=202542, deviceId=-1, source=0x101 }
D/InputEventConsistencyVerifier(  623):   -- recent events --
D/InputEventConsistencyVerifier(  623):   1: sent at 202492000000, MotionEvent { action=ACTION_UP, id[0]=0, x[0]=368.0, y[0]=112.0, toolType[0]=TOOL_TYPE_UNKNOWN, buttonState=0, metaState=0, flags=0x0, edgeFlags=0x0, pointerCount=1, historySize=0, eventTime=202492, downTime=202437, deviceId=0, source=0x1002 }
D/InputEventConsistencyVerifier(  623):   2: sent at 202483000000, MotionEvent { action=ACTION_MOVE, id[0]=0, x[0]=369.0, y[0]=110.0, toolType[0]=TOOL_TYPE_UNKNOWN, buttonState=0, metaState=0, flags=0x0, edgeFlags=0x0, pointerCount=1, historySize=3, eventTime=202483, downTime=202437, deviceId=0, source=0x1002 }
D/InputEventConsistencyVerifier(  623):   3: sent at 202459527250, MotionEvent { action=ACTION_MOVE, id[0]=0, x[0]=370.8596, y[0]=99.54443, toolType[0]=TOOL_TYPE_UNKNOWN, buttonState=0, metaState=0, flags=0x0, edgeFlags=0x0, pointerCount=1, historySize=1, eventTime=202459, downTime=202437, deviceId=0, source=0x1002 }
