E/WVMExtractor(   62): Failed to open libwvm.so
E/WVMExtractor(   62): Failed to open libwvm.so
E/WVMExtractor(   62): Failed to open libwvm.so
E/WVMExtractor(   62): Failed to open libwvm.so
E/WVMExtractor(   62): Failed to open libwvm.so
E/WVMExtractor(   62): Failed to open libwvm.so
E/WVMExtractor(   62): Failed to open libwvm.so
E/WVMExtractor(   62): Failed to open libwvm.so
E/WVMExtractor(   62): Failed to open libwvm.so
E/WVMExtractor(   62): Failed to open libwvm.so
W/dalvikvm(  967): DroidBox: { "FdAccess": { "path": "706970653a5b353134365d", "id": "1944704354" } }
E/WVMExtractor(   62): Failed to open libwvm.so
W/DroidBox(  967): DroidBox: { "FileRW": { "operation": "read", "data": "0a0a2d2d2d2d2d207069642032323220617420323032342d31322d32332030303a31313a3339202d2d2d2d2d0a436d64206c696e653a2073797374656d5f7365727665720a0a44414c56494b20544852454144533a0a286d7574657865733a20746c6c3d", "id": "1944704354" } }
W/dalvikvm(  967): DroidBox: { "FdAccess": { "path": "706970653a5b353134365d", "id": "2007108180" } }
W/DroidBox(  967): DroidBox: { "FileRW": { "operation": "read", "data": "623020202f73797374656d2f6c69622f6c696264766d2e736f202864766d506c6174666f726d496e766f6b652b313132290a20202330352020706320303030353131323120202f73797374656d2f6c69622f6c696264766d2e736f202864766d43616c6c", "id": "2007108180" } }
E/WVMExtractor(   62): Failed to open libwvm.so
E/WVMExtractor(   62): Failed to open libwvm.so
W/dalvikvm(  967): DroidBox: { "FdAccess": { "path": "706970653a5b353134365d", "id": "2146890716" } }
W/DroidBox(  967): DroidBox: { "FileRW": { "operation": "read", "data": "6c6962632e736f20285f5f707468726561645f636f6e645f74696d6564776169742b3630290a20202330332020706320303030353063363120202f73797374656d2f6c69622f6c69626d656469612e736f2028616e64726f69643a3a536f756e64506f6f", "id": "2146890716" } }
E/WVMExtractor(   62): Failed to open libwvm.so
W/BackupManagerService(  222): dataChanged but no participant pkg='com.android.providers.settings' uid=10011
E/WVMExtractor(   62): Failed to open libwvm.so
W/BackupManagerService(  222): dataChanged but no participant pkg='com.android.providers.settings' uid=1001
W/dalvikvm(  967): DroidBox: { "FdAccess": { "path": "706970653a5b353134365d", "id": "605997204" } }
W/DroidBox(  967): DroidBox: { "FileRW": { "operation": "read", "data": "2e6a6176613a3630290a0a225468726f74746c655365727669636522207072696f3d35207469643d3533204e41544956450a20207c2067726f75703d226d61696e222073436f756e743d31206473436f756e743d30206f626a3d30786233656139613430", "id": "605997204" } }
E/MetadataRetrieverClient(   62): failed to extract an album art
W/dalvikvm(  222): DroidBox: { "FdAccess": { "path": "2f70726f632f313035382f636d646c696e65", "id": "682022220" } }
W/DroidBox(  222): DroidBox: { "FileRW": { "operation": "read", "data": "636174002f646174612f616e722f7472616365732e7478740078000000000000000000000000000000000000000000000000000000000000000000000000000000000000000000000000000037323436643365653062386237323961643961612e61706b", "id": "682022220" } }
E/WVMExtractor(   62): Failed to open libwvm.so
E/WVMExtractor(   62): Failed to open libwvm.so
W/dalvikvm(  967): DroidBox: { "FdAccess": { "path": "706970653a5b353134365d", "id": "228875814" } }
W/DroidBox(  967): DroidBox: { "FileRW": { "operation": "read", "data": "6551756575653a3a706f6c6c4f6e6365285f4a4e49456e762a2c20696e74292b3232290a20202330342020706320303030316630623020202f73797374656d2f6c69622f6c696264766d2e736f202864766d506c6174666f726d496e766f6b652b313132", "id": "228875814" } }
E/WVMExtractor(   62): Failed to open libwvm.so
E/WVMExtractor(   62): Failed to open libwvm.so
W/dalvikvm(  967): DroidBox: { "FdAccess": { "path": "706970653a5b353134365d", "id": "2068550001" } }
E/WVMExtractor(   62): Failed to open libwvm.so
W/DroidBox(  967): DroidBox: { "FileRW": { "operation": "read", "data": "30313437353120202f73797374656d2f6c69622f6c69627574696c732e736f2028616e64726f69643a3a4c6f6f7065723a3a706f6c6c496e6e657228696e74292b3936290a20202330322020706320303030313439616420202f73797374656d2f6c6962", "id": "2068550001" } }
E/WVMExtractor(   62): Failed to open libwvm.so
E/WVMExtractor(   62): Failed to open libwvm.so
E/WVMExtractor(   62): Failed to open libwvm.so
W/dalvikvm(  967): DroidBox: { "FdAccess": { "path": "706970653a5b353134365d", "id": "238742400" } }
W/DroidBox(  967): DroidBox: { "FileRW": { "operation": "read", "data": "222073436f756e743d31206473436f756e743d30206f626a3d307862343135623939382073656c663d307862376466366230380a20207c207379735469643d333836206e6963653d302073636865643d302f3020636772703d617070732068616e646c65", "id": "238742400" } }
E/WVMExtractor(   62): Failed to open libwvm.so
E/WVMExtractor(   62): Failed to open libwvm.so
E/WVMExtractor(   62): Failed to open libwvm.so
W/dalvikvm(  967): DroidBox: { "FdAccess": { "path": "706970653a5b353134365d", "id": "1083532483" } }
W/DroidBox(  967): DroidBox: { "FileRW": { "operation": "read", "data": "7420636f6e73742a2c204a56616c75652a2c204d6574686f6420636f6e73742a2c205468726561642a292b343132290a20202330362020706320303030336366663120202f73797374656d2f6c69622f6c696264766d2e736f202864766d436865636b43", "id": "1083532483" } }
E/WVMExtractor(   62): Failed to open libwvm.so
W/dalvikvm(  967): DroidBox: { "FdAccess": { "path": "706970653a5b353134365d", "id": "2121114122" } }
W/DroidBox(  967): DroidBox: { "FileRW": { "operation": "read", "data": "63653362380a20207c207379735469643d333539206e6963653d2d382073636865643d302f3020636772703d617070732068616e646c653d2d313231303235393434300a20207c207363686564737461743d282030203530303030303030203930202920", "id": "2121114122" } }
E/WVMExtractor(   62): Failed to open libwvm.so
E/WVMExtractor(   62): Failed to open libwvm.so
E/WVMExtractor(   62): Failed to open libwvm.so
W/dalvikvm(  967): DroidBox: { "FdAccess": { "path": "706970653a5b353134365d", "id": "1457742494" } }
W/DroidBox(  967): DroidBox: { "FileRW": { "operation": "read", "data": "2c204d6574686f6420636f6e73742a2c204f626a6563742a2c20626f6f6c2c204a56616c75652a2c207374643a3a5f5f76615f6c697374292b343230290a20202331302020706320303030363339663920202f73797374656d2f6c69622f6c696264766d", "id": "1457742494" } }
E/WVMExtractor(   62): Failed to open libwvm.so
E/WVMExtractor(   62): Failed to open libwvm.so
W/dalvikvm(  967): DroidBox: { "FdAccess": { "path": "706970653a5b353134365d", "id": "1610427869" } }
W/DroidBox(  967): DroidBox: { "FileRW": { "operation": "read", "data": "616c75652a2c20756e7369676e656420696e742a292b313838290a20202330392020706320303030363339643520202f73797374656d2f6c69622f6c696264766d2e736f202864766d43616c6c4d6574686f6456285468726561642a2c204d6574686f64", "id": "1610427869" } }
E/WVMExtractor(   62): Failed to open libwvm.so
E/WVMExtractor(   62): Failed to open libwvm.so
W/dalvikvm(  967): DroidBox: { "FdAccess": { "path": "706970653a5b353134365d", "id": "293007757" } }
W/DroidBox(  967): DroidBox: { "FileRW": { "operation": "read", "data": "3320202f73797374656d2f6c69622f6c6962616e64726f69645f72756e74696d652e736f2028616e64726f69643a3a416e64726f696452756e74696d653a3a6a6176615468726561645368656c6c28766f69642a292b3636290a20202330372020706320", "id": "293007757" } }
E/WVMExtractor(   62): Failed to open libwvm.so
E/WVMExtractor(   62): Failed to open libwvm.so
E/WVMExtractor(   62): Failed to open libwvm.so
W/dalvikvm(  967): DroidBox: { "FdAccess": { "path": "706970653a5b353134365d", "id": "858392734" } }
W/DroidBox(  967): DroidBox: { "FileRW": { "operation": "read", "data": "303030356230336620202f73797374656d2f6c69622f6c6962616e64726f69645f72756e74696d652e736f2028616e64726f69643a3a4e61746976654d65737361676551756575653a3a706f6c6c4f6e6365285f4a4e49456e762a2c20696e74292b3232", "id": "858392734" } }
E/WVMExtractor(   62): Failed to open libwvm.so
E/WVMExtractor(   62): Failed to open libwvm.so
E/WVMExtractor(   62): Failed to open libwvm.so
W/dalvikvm(  967): DroidBox: { "FdAccess": { "path": "706970653a5b353134365d", "id": "1353118257" } }
W/DroidBox(  967): DroidBox: { "FileRW": { "operation": "read", "data": "74686f64290a0a2242696e6465725f3522207072696f3d35207469643d3233204e41544956450a20207c2067726f75703d226d61696e222073436f756e743d31206473436f756e743d30206f626a3d307862336563373832302073656c663d3078623764", "id": "1353118257" } }
E/WVMExtractor(   62): Failed to open libwvm.so
E/WVMExtractor(   62): Failed to open libwvm.so
E/WVMExtractor(   62): Failed to open libwvm.so
W/dalvikvm(  967): DroidBox: { "FdAccess": { "path": "706970653a5b353134365d", "id": "428707470" } }
W/DroidBox(  967): DroidBox: { "FileRW": { "operation": "read", "data": "7469766553746172742e72756e284e6174697665204d6574686f64290a0a224173796e635461736b20233122207072696f3d35207469643d313620574149540a20207c2067726f75703d226d61696e222073436f756e743d31206473436f756e743d3020", "id": "428707470" } }
E/WVMExtractor(   62): Failed to open libwvm.so
E/WVMExtractor(   62): Failed to open libwvm.so
E/WVMExtractor(   62): Failed to open libwvm.so
W/dalvikvm(  967): DroidBox: { "FdAccess": { "path": "706970653a5b353134365d", "id": "1890637270" } }
W/DroidBox(  967): DroidBox: { "FileRW": { "operation": "read", "data": "6d2e736f202864766d506c6174666f726d496e766f6b652b313132290a20202330342020706320303030353131323120202f73797374656d2f6c69622f6c696264766d2e736f202864766d43616c6c4a4e494d6574686f6428756e7369676e656420696e", "id": "1890637270" } }
E/WVMExtractor(   62): Failed to open libwvm.so
E/WVMExtractor(   62): Failed to open libwvm.so
E/WVMExtractor(   62): Failed to open libwvm.so
W/dalvikvm(  967): DroidBox: { "FdAccess": { "path": "706970653a5b353134365d", "id": "482512026" } }
W/DroidBox(  967): DroidBox: { "FileRW": { "operation": "read", "data": "696f6e0a0a44414c56494b20544852454144533a0a286d7574657865733a20746c6c3d302074736c3d30207473636c3d302067686c3d30290a0a226d61696e22207072696f3d35207469643d312053555350454e4445440a20207c2067726f75703d226d", "id": "482512026" } }
E/WVMExtractor(   62): Failed to open libwvm.so
E/WVMExtractor(   62): Failed to open libwvm.so
W/dalvikvm(  967): DroidBox: { "FdAccess": { "path": "706970653a5b353134365d", "id": "1064647575" } }
W/DroidBox(  967): DroidBox: { "FileRW": { "operation": "read", "data": "6c696264766d2e736f0a20202330352020706320303030313264623020202f73797374656d2f6c69622f6c6962632e736f20285f5f7468726561645f656e7472792b3438290a20202330362020706320303030313235313420202f73797374656d2f6c69", "id": "1064647575" } }
E/WVMExtractor(   62): Failed to open libwvm.so
E/WVMExtractor(   62): Failed to open libwvm.so
W/dalvikvm(  967): DroidBox: { "FdAccess": { "path": "706970653a5b353134365d", "id": "817425783" } }
W/DroidBox(  967): DroidBox: { "FileRW": { "operation": "read", "data": "69646572732e6d656469612e4d656469615363616e6e657253657276696365245365727669636548616e646c65722e68616e646c654d657373616765284d656469615363616e6e6572536572766963652e6a6176613a323631290a2020617420616e6472", "id": "817425783" } }
E/WVMExtractor(   62): Failed to open libwvm.so
E/WVMExtractor(   62): Failed to open libwvm.so
W/dalvikvm(  967): DroidBox: { "FdAccess": { "path": "706970653a5b353134365d", "id": "1808563260" } }
W/DroidBox(  967): DroidBox: { "FileRW": { "operation": "read", "data": "2c204d6574686f6420636f6e73742a2c205468726561642a292b38290a2020617420616e64726f69642e6d656469612e4d656469615363616e6e65722e70726f6365737346696c65284e6174697665204d6574686f64290a2020617420616e64726f6964", "id": "1808563260" } }
E/WVMExtractor(   62): Failed to open libwvm.so
W/dalvikvm(  222): DroidBox: { "FdAccess": { "path": "706970653a5b353231355d", "id": "1722960322" } }
W/DroidBox(  222): DroidBox: { "FileRW": { "operation": "write", "data": "4170706c69636174696f6e73204d656d6f727920557361676520286b42293a0a557074696d653a20313539343338205265616c74696d653a203135393433380a0a546f74616c205053532062792070726f636573733a0a202020203237303336206b423a", "id": "1722960322" } }
W/dalvikvm(  967): DroidBox: { "FdAccess": { "path": "706970653a5b353231355d", "id": "1080652196" } }
W/DroidBox(  967): DroidBox: { "FileRW": { "operation": "read", "data": "4170706c69636174696f6e73204d656d6f727920557361676520286b42293a0a557074696d653a20313539343338205265616c74696d653a203135393433380a0a546f74616c205053532062792070726f636573733a0a202020203237303336206b423a", "id": "1080652196" } }
E/WVMExtractor(   62): Failed to open libwvm.so
W/dalvikvm(  967): DroidBox: { "FdAccess": { "path": "706970653a5b353231355d", "id": "1125131827" } }
W/DroidBox(  967): DroidBox: { "FileRW": { "operation": "read", "data": "00000000000000000000000000000000000000000000000000000000000000000000000000000000000000000000000000000000000000000000000000000000000000000000000000000000000000000000000000000000000000000000000000000000", "id": "1125131827" } }
E/WVMExtractor(   62): Failed to open libwvm.so
I/AndroidRuntime(  967): VM exiting with result code 11.
E/WVMExtractor(   62): Failed to open libwvm.so
E/WVMExtractor(   62): Failed to open libwvm.so
E/WVMExtractor(   62): Failed to open libwvm.so
E/WVMExtractor(   62): Failed to open libwvm.so
E/WVMExtractor(   62): Failed to open libwvm.so
E/WVMExtractor(   62): Failed to open libwvm.so
E/WVMExtractor(   62): Failed to open libwvm.so
E/WVMExtractor(   62): Failed to open libwvm.so
E/WVMExtractor(   62): Failed to open libwvm.so
E/WVMExtractor(   62): Failed to open libwvm.so
E/WVMExtractor(   62): Failed to open libwvm.so
E/WVMExtractor(   62): Failed to open libwvm.so
E/WVMExtractor(   62): Failed to open libwvm.so
E/WVMExtractor(   62): Failed to open libwvm.so
E/WVMExtractor(   62): Failed to open libwvm.so
E/WVMExtractor(   62): Failed to open libwvm.so
E/WVMExtractor(   62): Failed to open libwvm.so
E/WVMExtractor(   62): Failed to open libwvm.so
E/WVMExtractor(   62): Failed to open libwvm.so
E/WVMExtractor(   62): Failed to open libwvm.so
E/WVMExtractor(   62): Failed to open libwvm.so
E/WVMExtractor(   62): Failed to open libwvm.so
E/WVMExtractor(   62): Failed to open libwvm.so
E/WVMExtractor(   62): Failed to open libwvm.so
E/WVMExtractor(   62): Failed to open libwvm.so
E/WVMExtractor(   62): Failed to open libwvm.so
E/WVMExtractor(   62): Failed to open libwvm.so
E/WVMExtractor(   62): Failed to open libwvm.so
E/WVMExtractor(   62): Failed to open libwvm.so
E/WVMExtractor(   62): Failed to open libwvm.so
W/BackupManagerService(  222): dataChanged but no participant pkg='com.android.providers.settings' uid=10011
E/WVMExtractor(   62): Failed to open libwvm.so
E/MetadataRetrieverClient(   62): failed to extract an album art
E/WVMExtractor(   62): Failed to open libwvm.so
E/WVMExtractor(   62): Failed to open libwvm.so
E/WVMExtractor(   62): Failed to open libwvm.so
E/WVMExtractor(   62): Failed to open libwvm.so
E/WVMExtractor(   62): Failed to open libwvm.so
E/WVMExtractor(   62): Failed to open libwvm.so
E/WVMExtractor(   62): Failed to open libwvm.so
E/WVMExtractor(   62): Failed to open libwvm.so
E/WVMExtractor(   62): Failed to open libwvm.so
E/WVMExtractor(   62): Failed to open libwvm.so
E/WVMExtractor(   62): Failed to open libwvm.so
E/WVMExtractor(   62): Failed to open libwvm.so
I/NetworkPolicy(  222): no policy for active mobile network; generating default policy
E/WVMExtractor(   62): Failed to open libwvm.so
E/WVMExtractor(   62): Failed to open libwvm.so
E/WVMExtractor(   62): Failed to open libwvm.so
E/WVMExtractor(   62): Failed to open libwvm.so
E/NetdConnector(  222): NDC Command {11 bandwidth setiquota eth0 9223372036854775807} took too long (1033ms)
E/WVMExtractor(   62): Failed to open libwvm.so
E/WVMExtractor(   62): Failed to open libwvm.so
E/WVMExtractor(   62): Failed to open libwvm.so
E/NetdConnector(  222): NDC Command {12 bandwidth removeiquota eth0} took too long (607ms)
E/WVMExtractor(   62): Failed to open libwvm.so
E/WVMExtractor(   62): Failed to open libwvm.so
E/WVMExtractor(   62): Failed to open libwvm.so
E/NetdConnector(  222): NDC Command {13 bandwidth setiquota eth0 9223372036854775807} took too long (968ms)
E/WVMExtractor(   62): Failed to open libwvm.so
E/WVMExtractor(   62): Failed to open libwvm.so
E/WVMExtractor(   62): Failed to open libwvm.so
E/WVMExtractor(   62): Failed to open libwvm.so
E/WVMExtractor(   62): Failed to open libwvm.so
E/WVMExtractor(   62): Failed to open libwvm.so
E/WVMExtractor(   62): Failed to open libwvm.so
E/WVMExtractor(   62): Failed to open libwvm.so
E/WVMExtractor(   62): Failed to open libwvm.so
E/WVMExtractor(   62): Failed to open libwvm.so
E/WVMExtractor(   62): Failed to open libwvm.so
E/WVMExtractor(   62): Failed to open libwvm.so
E/WVMExtractor(   62): Failed to open libwvm.so
E/WVMExtractor(   62): Failed to open libwvm.so
E/WVMExtractor(   62): Failed to open libwvm.so
E/WVMExtractor(   62): Failed to open libwvm.so
E/WVMExtractor(   62): Failed to open libwvm.so
E/MetadataRetrieverClient(   62): failed to extract an album art
E/WVMExtractor(   62): Failed to open libwvm.so
I/ActivityManager(  222): No longer want com.android.contacts (pid 767): hidden #16
E/MetadataRetrieverClient(   62): failed to extract an album art
I/Choreographer(  451): Skipped 32 frames!  The application may be doing too much work on its main thread.
W/dalvikvm(  222): DroidBox: { "FdAccess": { "path": "2f70726f632f3232322f6e65742f78745f717461677569642f69666163655f737461745f616c6c", "id": "242618760" } }
W/DroidBox(  222): DroidBox: { "FileRW": { "operation": "read", "data": "6574683020312030203020302030203131343338363020323636362033313239333320323037310a6c6f20312030203020302030203234323420333720323432342033370a00000000000000000000000000000000000000000000000000000000000000", "id": "242618760" } }
W/dalvikvm(  222): DroidBox: { "FdAccess": { "path": "2f70726f632f3232322f6e65742f78745f717461677569642f69666163655f737461745f616c6c", "id": "471241577" } }
W/DroidBox(  222): DroidBox: { "FileRW": { "operation": "read", "data": "33370a342033370a33370a342033370a370a370a370a370a370a33370a342033370a3432342033370a342033370a323432342033370a370a370a370a370a370a342033370a00000000000000000000000000000000000000000000000000000000000000", "id": "471241577" } }
W/ThrottleService(  222): unable to find stats for iface rmnet0
E/ThrottleService(  222): Error reading data file
I/qtaguid (  222): Failed write_ctrl(s 1 10050) res=-1 errno=1
W/NetworkManagementSocketTagger(  222): setKernelCountSet(10050, 1) failed with errno -1
I/qtaguid (  222): Failed write_ctrl(s 0 10019) res=-1 errno=1
W/NetworkManagementSocketTagger(  222): setKernelCountSet(10019, 0) failed with errno -1
