D/InputEventConsistencyVerifier(  421):   0: sent at 154769000000, MotionEvent { action=ACTION_DOWN, id[0]=0, x[0]=119.0, y[0]=332.0, toolType[0]=TOOL_TYPE_UNKNOWN, buttonState=0, metaState=0, flags=0x0, edgeFlags=0x0, pointerCount=1, historySize=0, eventTime=154769, downTime=154768, deviceId=0, source=0x1002 }
D/InputEventConsistencyVerifier(  421):   -- recent events --
D/InputEventConsistencyVerifier(  421):   1: sent at 154316000000, MotionEvent { action=ACTION_MOVE, id[0]=0, x[0]=400.0, y[0]=319.0, toolType[0]=TOOL_TYPE_UNKNOWN, id[1]=1, x[1]=540.0, y[1]=458.0, toolType[1]=TOOL_TYPE_UNKNOWN, buttonState=0, metaState=0, flags=0x0, edgeFlags=0x0, pointerCount=2, historySize=0, eventTime=154316, downTime=154274, deviceId=0, source=0x1002 }
D/InputEventConsistencyVerifier(  421):   2: sent at 154314000000, MotionEvent { action=ACTION_POINTER_DOWN(1), id[0]=0, x[0]=399.0, y[0]=331.0, toolType[0]=TOOL_TYPE_UNKNOWN, id[1]=1, x[1]=551.0, y[1]=472.0, toolType[1]=TOOL_TYPE_UNKNOWN, buttonState=0, metaState=0, flags=0x0, edgeFlags=0x0, pointerCount=2, historySize=0, eventTime=154314, downTime=154274, deviceId=0, source=0x1002 }
D/InputEventConsistencyVerifier(  421):   3: sent at 154277000000, MotionEvent { action=ACTION_DOWN, id[0]=0, x[0]=397.0, y[0]=336.0, toolType[0]=TOOL_TYPE_UNKNOWN, buttonState=0, metaState=0, flags=0x80000000, edgeFlags=0x0, pointerCount=1, historySize=0, eventTime=154277, downTime=154274, deviceId=0, source=0x1002 }
D/InputEventConsistencyVerifier(  421):   4: sent at 154193000000, MotionEvent { action=ACTION_MOVE, id[0]=0, x[0]=696.5, y[0]=259.0, toolType[0]=TOOL_TYPE_UNKNOWN, buttonState=0, metaState=0, flags=0x0, edgeFlags=0x0, pointerCount=1, historySize=4, eventTime=154193, downTime=154176, deviceId=0, source=0x1002 }
D/InputEventConsistencyVerifier(  421):   5: sent at 154178000000, MotionEvent { action=ACTION_DOWN, id[0]=0, x[0]=745.0, y[0]=304.0, toolType[0]=TOOL_TYPE_UNKNOWN, buttonState=0, metaState=0, flags=0x0, edgeFlags=0x0, pointerCount=1, historySize=0, eventTime=154178, downTime=154176, deviceId=0, source=0x1002 }
I/Choreographer(  421): Skipped 107 frames!  The application may be doing too much work on its main thread.
D/InputEventConsistencyVerifier(  421): KeyEvent: ACTION_UP but key was not down.
D/InputEventConsistencyVerifier(  421):   in com.android.systemui.statusbar.phone.StatusBarWindowView@b3df0248
D/InputEventConsistencyVerifier(  421):   0: sent at 154988000000, KeyEvent { action=ACTION_UP, keyCode=KEYCODE_DPAD_RIGHT, scanCode=0, metaState=0, flags=0x400, repeatCount=0, eventTime=154988, downTime=154988, deviceId=-1, source=0x101 }
D/InputEventConsistencyVerifier(  421):   -- recent events --
D/InputEventConsistencyVerifier(  421):   1: sent at 154930000000, (unhandled) MotionEvent { action=ACTION_MOVE, id[0]=0, x[0]=3.0, y[0]=1.0, toolType[0]=TOOL_TYPE_UNKNOWN, buttonState=0, metaState=0, flags=0x0, edgeFlags=0x0, pointerCount=1, historySize=9, eventTime=154930, downTime=-1, deviceId=0, source=0x10004 }
D/InputEventConsistencyVerifier(  421):   2: sent at 154850000000, MotionEvent { action=ACTION_UP, id[0]=0, x[0]=149.0, y[0]=354.0, toolType[0]=TOOL_TYPE_UNKNOWN, buttonState=0, metaState=0, flags=0x0, edgeFlags=0x0, pointerCount=1, historySize=0, eventTime=154850, downTime=154842, deviceId=0, source=0x1002 }
D/InputEventConsistencyVerifier(  421):   3: sent at 154848000000, MotionEvent { action=ACTION_MOVE, id[0]=0, x[0]=143.0, y[0]=358.0, toolType[0]=TOOL_TYPE_UNKNOWN, buttonState=0, metaState=0, flags=0x0, edgeFlags=0x0, pointerCount=1, historySize=0, eventTime=154848, downTime=154842, deviceId=0, source=0x1002 }
D/InputEventConsistencyVerifier(  421):   4: sent at 154843000000, MotionEvent { action=ACTION_DOWN, id[0]=0, x[0]=134.0, y[0]=362.0, toolType[0]=TOOL_TYPE_UNKNOWN, buttonState=0, metaState=0, flags=0x0, edgeFlags=0x0, pointerCount=1, historySize=0, eventTime=154843, downTime=154842, deviceId=0, source=0x1002 }
D/InputEventConsistencyVerifier(  421):   5: sent at 154827000000, MotionEvent { action=ACTION_UP, id[0]=0, x[0]=3.0, y[0]=229.0, toolType[0]=TOOL_TYPE_UNKNOWN, buttonState=0, metaState=0, flags=0x0, edgeFlags=0x0, pointerCount=1, historySize=0, eventTime=154827, downTime=154802, deviceId=0, source=0x1002 }
W/dalvikvm(  421): DroidBox: { "FdAccess": { "path": "2f70726f632f6d656d696e666f", "id": "1180071697" } }
W/DroidBox(  421): DroidBox: { "FileRW": { "operation": "read", "data": "4d656d546f74616c3a202020202020202020373438393634206b420a4d656d467265653a20202020202020202020343135373532206b420a427566666572733a20202020202020202020202035363434206b420a4361636865643a202020202020202020", "id": "1180071697" } }
I/Choreographer(  421): Skipped 39 frames!  The application may be doing too much work on its main thread.
D/InputEventConsistencyVerifier(  421): KeyEvent: ACTION_UP but key was not down.
D/InputEventConsistencyVerifier(  421):   in android.widget.FrameLayout@b3deefd0
D/InputEventConsistencyVerifier(  421):   0: sent at 155276000000, KeyEvent { action=ACTION_UP, keyCode=KEYCODE_DPAD_DOWN, scanCode=0, metaState=0, flags=0x8, repeatCount=0, eventTime=155276, downTime=155276, deviceId=-1, source=0x101 }
D/InputEventConsistencyVerifier(  421):   -- recent events --
D/InputEventConsistencyVerifier(  421):   1: sent at 154850000000, MotionEvent { action=ACTION_UP, id[0]=0, x[0]=149.0, y[0]=354.0, toolType[0]=TOOL_TYPE_UNKNOWN, buttonState=0, metaState=0, flags=0x0, edgeFlags=0x0, pointerCount=1, historySize=0, eventTime=154850, downTime=154842, deviceId=0, source=0x1002 }
D/InputEventConsistencyVerifier(  421):   2: sent at 154848000000, MotionEvent { action=ACTION_MOVE, id[0]=0, x[0]=143.0, y[0]=358.0, toolType[0]=TOOL_TYPE_UNKNOWN, buttonState=0, metaState=0, flags=0x0, edgeFlags=0x0, pointerCount=1, historySize=0, eventTime=154848, downTime=154842, deviceId=0, source=0x1002 }
D/InputEventConsistencyVerifier(  421):   3: sent at 154843000000, MotionEvent { action=ACTION_DOWN, id[0]=0, x[0]=134.0, y[0]=362.0, toolType[0]=TOOL_TYPE_UNKNOWN, buttonState=0, metaState=0, flags=0x0, edgeFlags=0x0, pointerCount=1, historySize=0, eventTime=154843, downTime=154842, deviceId=0, source=0x1002 }
D/InputEventConsistencyVerifier(  421):   4: sent at 154827000000, MotionEvent { action=ACTION_UP, id[0]=0, x[0]=3.0, y[0]=229.0, toolType[0]=TOOL_TYPE_UNKNOWN, buttonState=0, metaState=0, flags=0x0, edgeFlags=0x0, pointerCount=1, historySize=0, eventTime=154827, downTime=154802, deviceId=0, source=0x1002 }
D/InputEventConsistencyVerifier(  421):   5: sent at 154802000000, MotionEvent { action=ACTION_DOWN, id[0]=0, x[0]=0.0, y[0]=239.0, toolType[0]=TOOL_TYPE_UNKNOWN, buttonState=0, metaState=0, flags=0x0, edgeFlags=0x0, pointerCount=1, historySize=0, eventTime=154802, downTime=154802, deviceId=0, source=0x1002 }
D/InputEventConsistencyVerifier(  421): KeyEvent: ACTION_UP but key was not down.
D/InputEventConsistencyVerifier(  421):   in com.android.systemui.statusbar.phone.PhoneStatusBarView@b3df21e0
D/InputEventConsistencyVerifier(  421):   0: sent at 155373000000, KeyEvent { action=ACTION_UP, keyCode=KEYCODE_DPAD_UP, scanCode=0, metaState=0, flags=0x8, repeatCount=0, eventTime=155373, downTime=155373, deviceId=-1, source=0x101 }
D/InputEventConsistencyVerifier(  421):   -- recent events --
D/InputEventConsistencyVerifier(  421):   1: sent at 155272000000, (unhandled) KeyEvent { action=ACTION_DOWN, keyCode=KEYCODE_DPAD_DOWN, scanCode=0, metaState=0, flags=0x8, repeatCount=0, eventTime=155272, downTime=155272, deviceId=-1, source=0x101 }
D/InputEventConsistencyVerifier(  421):   2: sent at 155237000000, (unhandled) KeyEvent { action=ACTION_UP, keyCode=KEYCODE_KANA, scanCode=0, metaState=0, flags=0x8, repeatCount=0, eventTime=155237, downTime=155237, deviceId=-1, source=0x101 }
D/InputEventConsistencyVerifier(  421):   3: sent at 155159000000, (unhandled) KeyEvent { action=ACTION_DOWN, keyCode=KEYCODE_KANA, scanCode=0, metaState=0, flags=0x8, repeatCount=0, eventTime=155159, downTime=155159, deviceId=-1, source=0x101 }
D/InputEventConsistencyVerifier(  421):   4: sent at 155173000000, (unhandled) KeyEvent { action=ACTION_UP, keyCode=KEYCODE_DPAD_RIGHT, scanCode=0, metaState=0, flags=0x400, repeatCount=0, eventTime=155173, downTime=155173, deviceId=-1, source=0x101 }
D/InputEventConsistencyVerifier(  421):   5: sent at 155173000000, (unhandled) KeyEvent { action=ACTION_DOWN, keyCode=KEYCODE_DPAD_RIGHT, scanCode=0, metaState=0, flags=0x400, repeatCount=0, eventTime=155173, downTime=155173, deviceId=-1, source=0x101 }
I/Choreographer(  421): Skipped 54 frames!  The application may be doing too much work on its main thread.
D/InputEventConsistencyVerifier(  421): KeyEvent: ACTION_UP but key was not down.
D/InputEventConsistencyVerifier(  421):   in com.android.systemui.statusbar.phone.StatusBarWindowView@b3df0248
D/InputEventConsistencyVerifier(  421):   0: sent at 155583000000, KeyEvent { action=ACTION_UP, keyCode=KEYCODE_DPAD_RIGHT, scanCode=0, metaState=0, flags=0x8, repeatCount=0, eventTime=155583, downTime=155583, deviceId=-1, source=0x101 }
D/InputEventConsistencyVerifier(  421):   -- recent events --
D/InputEventConsistencyVerifier(  421):   1: sent at 155398000000, MotionEvent { action=ACTION_UP, id[0]=0, x[0]=675.0, y[0]=3.0, toolType[0]=TOOL_TYPE_UNKNOWN, buttonState=0, metaState=0, flags=0x0, edgeFlags=0x0, pointerCount=1, historySize=0, eventTime=155398, downTime=155386, deviceId=0, source=0x1002 }
D/InputEventConsistencyVerifier(  421):   2: sent at 155386000000, MotionEvent { action=ACTION_DOWN, id[0]=0, x[0]=680.0, y[0]=6.0, toolType[0]=TOOL_TYPE_UNKNOWN, buttonState=0, metaState=0, flags=0x0, edgeFlags=0x0, pointerCount=1, historySize=0, eventTime=155386, downTime=155386, deviceId=0, source=0x1002 }
D/InputEventConsistencyVerifier(  421):   3: sent at 155373000000, (unhandled) KeyEvent { action=ACTION_UP, keyCode=KEYCODE_DPAD_UP, scanCode=0, metaState=0, flags=0x8, repeatCount=0, eventTime=155373, downTime=155373, deviceId=-1, source=0x101 }
D/InputEventConsistencyVerifier(  421):   4: sent at 155340000000, (unhandled) KeyEvent { action=ACTION_DOWN, keyCode=KEYCODE_DPAD_UP, scanCode=0, metaState=0, flags=0x8, repeatCount=0, eventTime=155340, downTime=155340, deviceId=-1, source=0x101 }
D/InputEventConsistencyVerifier(  421):   5: sent at 155290000000, (unhandled) KeyEvent { action=ACTION_UP, keyCode=KEYCODE_MENU, scanCode=0, metaState=0, flags=0x8, repeatCount=0, eventTime=155290, downTime=155290, deviceId=-1, source=0x101 }
D/InputEventConsistencyVerifier(  421): KeyEvent: ACTION_UP but key was not down.
D/InputEventConsistencyVerifier(  421):   in com.android.systemui.statusbar.phone.StatusBarWindowView@b3df0248
D/InputEventConsistencyVerifier(  421):   0: sent at 155742000000, KeyEvent { action=ACTION_UP, keyCode=KEYCODE_DPAD_DOWN, scanCode=0, metaState=0, flags=0x8, repeatCount=0, eventTime=155742, downTime=155742, deviceId=-1, source=0x101 }
D/InputEventConsistencyVerifier(  421):   -- recent events --
D/InputEventConsistencyVerifier(  421):   1: sent at 155730000000, MotionEvent { action=ACTION_UP, id[0]=0, x[0]=309.0, y[0]=281.0, toolType[0]=TOOL_TYPE_UNKNOWN, buttonState=0, metaState=0, flags=0x0, edgeFlags=0x0, pointerCount=1, historySize=0, eventTime=155730, downTime=155698, deviceId=0, source=0x1002 }
D/InputEventConsistencyVerifier(  421):   2: sent at 155727000000, MotionEvent { action=ACTION_MOVE, id[0]=0, x[0]=315.0, y[0]=268.0, toolType[0]=TOOL_TYPE_UNKNOWN, buttonState=0, metaState=0, flags=0x0, edgeFlags=0x0, pointerCount=1, historySize=2, eventTime=155727, downTime=155698, deviceId=0, source=0x1002 }
D/InputEventConsistencyVerifier(  421):   3: sent at 155700000000, MotionEvent { action=ACTION_DOWN, id[0]=0, x[0]=333.0, y[0]=252.0, toolType[0]=TOOL_TYPE_UNKNOWN, buttonState=0, metaState=0, flags=0x0, edgeFlags=0x0, pointerCount=1, historySize=0, eventTime=155700, downTime=155698, deviceId=0, source=0x1002 }
D/InputEventConsistencyVerifier(  421):   4: sent at 155692000000, (unhandled) KeyEvent { action=ACTION_UP, keyCode=KEYCODE_MENU, scanCode=0, metaState=0, flags=0x8, repeatCount=0, eventTime=155692, downTime=155692, deviceId=-1, source=0x101 }
D/InputEventConsistencyVerifier(  421):   5: sent at 155688000000, (unhandled) KeyEvent { action=ACTION_DOWN, keyCode=KEYCODE_MENU, scanCode=0, metaState=0, flags=0x8, repeatCount=0, eventTime=155688, downTime=155688, deviceId=-1, source=0x101 }
D/InputEventConsistencyVerifier(  421): TouchEvent: ACTION_DOWN but pointers are already down.  Probably missing ACTION_UP from previous gesture.
D/InputEventConsistencyVerifier(  421):   in android.view.ScaleGestureDetector@b3e906c0
D/InputEventConsistencyVerifier(  421):   0: sent at 155750000000, MotionEvent { action=ACTION_DOWN, id[0]=0, x[0]=523.0, y[0]=329.0, toolType[0]=TOOL_TYPE_UNKNOWN, buttonState=0, metaState=0, flags=0x0, edgeFlags=0x0, pointerCount=1, historySize=0, eventTime=155750, downTime=155749, deviceId=0, source=0x1002 }
D/InputEventConsistencyVerifier(  421):   -- recent events --
D/InputEventConsistencyVerifier(  421):   1: sent at 155727000000, MotionEvent { action=ACTION_MOVE, id[0]=0, x[0]=315.0, y[0]=268.0, toolType[0]=TOOL_TYPE_UNKNOWN, buttonState=0, metaState=0, flags=0x0, edgeFlags=0x0, pointerCount=1, historySize=2, eventTime=155727, downTime=155698, deviceId=0, source=0x1002 }
D/InputEventConsistencyVerifier(  421):   2: sent at 155700000000, MotionEvent { action=ACTION_DOWN, id[0]=0, x[0]=333.0, y[0]=252.0, toolType[0]=TOOL_TYPE_UNKNOWN, buttonState=0, metaState=0, flags=0x0, edgeFlags=0x0, pointerCount=1, historySize=0, eventTime=155700, downTime=155698, deviceId=0, source=0x1002 }
D/InputEventConsistencyVerifier(  421):   3: sent at 155398000000, MotionEvent { action=ACTION_UP, id[0]=0, x[0]=675.0, y[0]=3.0, toolType[0]=TOOL_TYPE_UNKNOWN, buttonState=0, metaState=0, flags=0x0, edgeFlags=0x0, pointerCount=1, historySize=0, eventTime=155398, downTime=155386, deviceId=0, source=0x1002 }
D/InputEventConsistencyVerifier(  421):   4: sent at 155386000000, MotionEvent { action=ACTION_DOWN, id[0]=0, x[0]=680.0, y[0]=6.0, toolType[0]=TOOL_TYPE_UNKNOWN, buttonState=0, metaState=0, flags=0x0, edgeFlags=0x0, pointerCount=1, historySize=0, eventTime=155386, downTime=155386, deviceId=0, source=0x1002 }
D/InputEventConsistencyVerifier(  421):   5: sent at 154850000000, MotionEvent { action=ACTION_UP, id[0]=0, x[0]=149.0, y[0]=354.0, toolType[0]=TOOL_TYPE_UNKNOWN, buttonState=0, metaState=0, flags=0x0, edgeFlags=0x0, pointerCount=1, historySize=0, eventTime=154850, downTime=154842, deviceId=0, source=0x1002 }
I/Choreographer(  421): Skipped 38 frames!  The application may be doing too much work on its main thread.
D/InputEventConsistencyVerifier(  421): KeyEvent: ACTION_UP but key was not down.
D/InputEventConsistencyVerifier(  421):   in com.android.systemui.statusbar.phone.StatusBarWindowView@b3df0248
D/InputEventConsistencyVerifier(  421):   0: sent at 156031000000, KeyEvent { action=ACTION_UP, keyCode=KEYCODE_DPAD_LEFT, scanCode=0, metaState=0, flags=0x8, repeatCount=0, eventTime=156031, downTime=156031, deviceId=-1, source=0x101 }
D/InputEventConsistencyVerifier(  421):   -- recent events --
D/InputEventConsistencyVerifier(  421):   1: sent at 156002000000, MotionEvent { action=ACTION_UP, id[0]=0, x[0]=20.0, y[0]=361.0, toolType[0]=TOOL_TYPE_UNKNOWN, buttonState=0, metaState=0, flags=0x0, edgeFlags=0x0, pointerCount=1, historySize=0, eventTime=156002, downTime=155997, deviceId=0, source=0x1002 }
D/InputEventConsistencyVerifier(  421):   2: sent at 155997000000, MotionEvent { action=ACTION_DOWN, id[0]=0, x[0]=29.0, y[0]=360.0, toolType[0]=TOOL_TYPE_UNKNOWN, buttonState=0, metaState=0, flags=0x0, edgeFlags=0x0, pointerCount=1, historySize=0, eventTime=155997, downTime=155997, deviceId=0, source=0x1002 }
D/InputEventConsistencyVerifier(  421):   3: sent at 155990000000, MotionEvent { action=ACTION_UP, id[0]=0, x[0]=467.0, y[0]=28.0, toolType[0]=TOOL_TYPE_UNKNOWN, buttonState=0, metaState=0, flags=0x0, edgeFlags=0x0, pointerCount=1, historySize=0, eventTime=155990, downTime=155983, deviceId=0, source=0x1002 }
D/InputEventConsistencyVerifier(  421):   4: sent at 155984000000, MotionEvent { action=ACTION_DOWN, id[0]=0, x[0]=455.0, y[0]=32.0, toolType[0]=TOOL_TYPE_UNKNOWN, buttonState=0, metaState=0, flags=0x0, edgeFlags=0x0, pointerCount=1, historySize=0, eventTime=155984, downTime=155983, deviceId=0, source=0x1002 }
D/InputEventConsistencyVerifier(  421):   5: sent at 155849000000, MotionEvent { action=ACTION_UP, id[0]=0, x[0]=522.0, y[0]=329.0, toolType[0]=TOOL_TYPE_UNKNOWN, buttonState=0, metaState=0, flags=0x0, edgeFlags=0x0, pointerCount=1, historySize=0, eventTime=155849, downTime=155749, deviceId=0, source=0x1002 }
D/InputEventConsistencyVerifier(  421): KeyEvent: ACTION_UP but key was not down.
D/InputEventConsistencyVerifier(  421):   in android.widget.FrameLayout@b3deefd0
D/InputEventConsistencyVerifier(  421):   0: sent at 156143000000, KeyEvent { action=ACTION_UP, keyCode=KEYCODE_DPAD_DOWN, scanCode=0, metaState=0, flags=0x400, repeatCount=0, eventTime=156143, downTime=156143, deviceId=-1, source=0x101 }
D/InputEventConsistencyVerifier(  421):   -- recent events --
D/InputEventConsistencyVerifier(  421):   1: sent at 156002000000, MotionEvent { action=ACTION_UP, id[0]=0, x[0]=20.0, y[0]=361.0, toolType[0]=TOOL_TYPE_UNKNOWN, buttonState=0, metaState=0, flags=0x0, edgeFlags=0x0, pointerCount=1, historySize=0, eventTime=156002, downTime=155997, deviceId=0, source=0x1002 }
D/InputEventConsistencyVerifier(  421):   2: sent at 155997000000, MotionEvent { action=ACTION_DOWN, id[0]=0, x[0]=29.0, y[0]=360.0, toolType[0]=TOOL_TYPE_UNKNOWN, buttonState=0, metaState=0, flags=0x0, edgeFlags=0x0, pointerCount=1, historySize=0, eventTime=155997, downTime=155997, deviceId=0, source=0x1002 }
D/InputEventConsistencyVerifier(  421):   3: sent at 155990000000, MotionEvent { action=ACTION_UP, id[0]=0, x[0]=467.0, y[0]=28.0, toolType[0]=TOOL_TYPE_UNKNOWN, buttonState=0, metaState=0, flags=0x0, edgeFlags=0x0, pointerCount=1, historySize=0, eventTime=155990, downTime=155983, deviceId=0, source=0x1002 }
D/InputEventConsistencyVerifier(  421):   4: sent at 155984000000, MotionEvent { action=ACTION_DOWN, id[0]=0, x[0]=455.0, y[0]=32.0, toolType[0]=TOOL_TYPE_UNKNOWN, buttonState=0, metaState=0, flags=0x0, edgeFlags=0x0, pointerCount=1, historySize=0, eventTime=155984, downTime=155983, deviceId=0, source=0x1002 }
D/InputEventConsistencyVerifier(  421):   5: sent at 155849000000, MotionEvent { action=ACTION_UP, id[0]=0, x[0]=522.0, y[0]=329.0, toolType[0]=TOOL_TYPE_UNKNOWN, buttonState=0, metaState=0, flags=0x0, edgeFlags=0x0, pointerCount=1, historySize=0, eventTime=155849, downTime=155749, deviceId=0, source=0x1002 }
D/InputEventConsistencyVerifier(  421): KeyEvent: ACTION_UP but key was not down.
D/InputEventConsistencyVerifier(  421):   in com.android.systemui.statusbar.phone.PhoneStatusBarView@b3df21e0
D/InputEventConsistencyVerifier(  421):   0: sent at 156306000000, KeyEvent { action=ACTION_UP, keyCode=KEYCODE_DPAD_UP, scanCode=0, metaState=0, flags=0x400, repeatCount=0, eventTime=156306, downTime=156306, deviceId=-1, source=0x101 }
D/InputEventConsistencyVerifier(  421):   -- recent events --
D/InputEventConsistencyVerifier(  421):   1: sent at 156143000000, (unhandled) KeyEvent { action=ACTION_DOWN, keyCode=KEYCODE_DPAD_DOWN, scanCode=0, metaState=0, flags=0x400, repeatCount=0, eventTime=156143, downTime=156143, deviceId=-1, source=0x101 }
D/InputEventConsistencyVerifier(  421):   2: sent at 156096000000, (unhandled) MotionEvent { action=ACTION_MOVE, id[0]=0, x[0]=2.0, y[0]=3.0, toolType[0]=TOOL_TYPE_UNKNOWN, buttonState=0, metaState=0, flags=0x0, edgeFlags=0x0, pointerCount=1, historySize=0, eventTime=156096, downTime=-1, deviceId=0, source=0x10004 }
D/InputEventConsistencyVerifier(  421):   3: sent at 156102000000, (unhandled) KeyEvent { action=ACTION_UP, keyCode=KEYCODE_DPAD_LEFT, scanCode=0, metaState=0, flags=0x400, repeatCount=0, eventTime=156102, downTime=156102, deviceId=-1, source=0x101 }
D/InputEventConsistencyVerifier(  421):   4: sent at 156102000000, (unhandled) KeyEvent { action=ACTION_DOWN, keyCode=KEYCODE_DPAD_LEFT, scanCode=0, metaState=0, flags=0x400, repeatCount=0, eventTime=156102, downTime=156102, deviceId=-1, source=0x101 }
D/InputEventConsistencyVerifier(  421):   5: sent at 156102000000, (unhandled) KeyEvent { action=ACTION_UP, keyCode=KEYCODE_DPAD_LEFT, scanCode=0, metaState=0, flags=0x400, repeatCount=0, eventTime=156102, downTime=156102, deviceId=-1, source=0x101 }
I/Choreographer(  421): Skipped 55 frames!  The application may be doing too much work on its main thread.
D/InputEventConsistencyVerifier(  421): KeyEvent: ACTION_UP but key was not down.
D/InputEventConsistencyVerifier(  421):   in android.widget.FrameLayout@b3deefd0
D/InputEventConsistencyVerifier(  421):   0: sent at 156449000000, KeyEvent { action=ACTION_UP, keyCode=KEYCODE_DPAD_DOWN, scanCode=0, metaState=0, flags=0x8, repeatCount=0, eventTime=156449, downTime=156449, deviceId=-1, source=0x101 }
D/InputEventConsistencyVerifier(  421):   -- recent events --
D/InputEventConsistencyVerifier(  421):   1: sent at 156306000000, (unhandled) KeyEvent { action=ACTION_DOWN, keyCode=KEYCODE_DPAD_UP, scanCode=0, metaState=0, flags=0x400, repeatCount=0, eventTime=156306, downTime=156306, deviceId=-1, source=0x101 }
D/InputEventConsistencyVerifier(  421):   2: sent at 156099000000, (unhandled) MotionEvent { action=ACTION_MOVE, id[0]=0, x[0]=-1.0, y[0]=-3.0, toolType[0]=TOOL_TYPE_UNKNOWN, buttonState=0, metaState=0, flags=0x0, edgeFlags=0x0, pointerCount=1, historySize=0, eventTime=156099, downTime=-1, deviceId=0, source=0x10004 }
D/InputEventConsistencyVerifier(  421):   3: sent at 156143000000, (unhandled) KeyEvent { action=ACTION_UP, keyCode=KEYCODE_DPAD_DOWN, scanCode=0, metaState=0, flags=0x400, repeatCount=0, eventTime=156143, downTime=156143, deviceId=-1, source=0x101 }
D/InputEventConsistencyVerifier(  421):   4: sent at 156143000000, (unhandled) KeyEvent { action=ACTION_DOWN, keyCode=KEYCODE_DPAD_DOWN, scanCode=0, metaState=0, flags=0x400, repeatCount=0, eventTime=156143, downTime=156143, deviceId=-1, source=0x101 }
D/InputEventConsistencyVerifier(  421):   5: sent at 156143000000, (unhandled) KeyEvent { action=ACTION_UP, keyCode=KEYCODE_DPAD_DOWN, scanCode=0, metaState=0, flags=0x400, repeatCount=0, eventTime=156143, downTime=156143, deviceId=-1, source=0x101 }
D/InputEventConsistencyVerifier(  421): KeyEvent: ACTION_UP but key was not down.
D/InputEventConsistencyVerifier(  421):   in com.android.systemui.statusbar.phone.PhoneStatusBarView@b3df21e0
D/InputEventConsistencyVerifier(  421):   0: sent at 156594000000, KeyEvent { action=ACTION_UP, keyCode=KEYCODE_DPAD_UP, scanCode=0, metaState=0, flags=0x8, repeatCount=0, eventTime=156594, downTime=156594, deviceId=-1, source=0x101 }
D/InputEventConsistencyVerifier(  421):   -- recent events --
D/InputEventConsistencyVerifier(  421):   1: sent at 156445000000, (unhandled) KeyEvent { action=ACTION_DOWN, keyCode=KEYCODE_DPAD_DOWN, scanCode=0, metaState=0, flags=0x8, repeatCount=0, eventTime=156445, downTime=156445, deviceId=-1, source=0x101 }
D/InputEventConsistencyVerifier(  421):   2: sent at 156440000000, (unhandled) KeyEvent { action=ACTION_UP, keyCode=KEYCODE_DPAD_CENTER, scanCode=0, metaState=0, flags=0x8, repeatCount=0, eventTime=156440, downTime=156440, deviceId=-1, source=0x101 }
D/InputEventConsistencyVerifier(  421):   3: sent at 156436000000, (unhandled) KeyEvent { action=ACTION_DOWN, keyCode=KEYCODE_DPAD_CENTER, scanCode=0, metaState=0, flags=0x8, repeatCount=0, eventTime=156436, downTime=156436, deviceId=-1, source=0x101 }
D/InputEventConsistencyVerifier(  421):   4: sent at 156432000000, (unhandled) KeyEvent { action=ACTION_UP, keyCode=KEYCODE_MENU, scanCode=0, metaState=0, flags=0x8, repeatCount=0, eventTime=156432, downTime=156432, deviceId=-1, source=0x101 }
D/InputEventConsistencyVerifier(  421):   5: sent at 156272000000, (unhandled) KeyEvent { action=ACTION_DOWN, keyCode=KEYCODE_MENU, scanCode=0, metaState=0, flags=0x8, repeatCount=0, eventTime=156272, downTime=156272, deviceId=-1, source=0x101 }
D/InputEventConsistencyVerifier(  421): KeyEvent: ACTION_UP but key was not down.
D/InputEventConsistencyVerifier(  421):   in com.android.systemui.statusbar.phone.StatusBarWindowView@b3df0248
D/InputEventConsistencyVerifier(  421):   0: sent at 156966000000, KeyEvent { action=ACTION_UP, keyCode=KEYCODE_DPAD_RIGHT, scanCode=0, metaState=0, flags=0x8, repeatCount=0, eventTime=156966, downTime=156966, deviceId=-1, source=0x101 }
D/InputEventConsistencyVerifier(  421):   -- recent events --
D/InputEventConsistencyVerifier(  421):   1: sent at 156957000000, (unhandled) KeyEvent { action=ACTION_UP, keyCode=KEYCODE_MENU, scanCode=0, metaState=0, flags=0x8, repeatCount=0, eventTime=156957, downTime=156957, deviceId=-1, source=0x101 }
D/InputEventConsistencyVerifier(  421):   2: sent at 156848000000, (unhandled) KeyEvent { action=ACTION_DOWN, keyCode=KEYCODE_MENU, scanCode=0, metaState=0, flags=0x8, repeatCount=0, eventTime=156848, downTime=156848, deviceId=-1, source=0x101 }
D/InputEventConsistencyVerifier(  421):   3: sent at 156810000000, MotionEvent { action=ACTION_UP, id[0]=0, x[0]=701.0, y[0]=70.0, toolType[0]=TOOL_TYPE_UNKNOWN, buttonState=0, metaState=0, flags=0x0, edgeFlags=0x0, pointerCount=1, historySize=0, eventTime=156810, downTime=156805, deviceId=0, source=0x1002 }
D/InputEventConsistencyVerifier(  421):   4: sent at 156805000000, MotionEvent { action=ACTION_DOWN, id[0]=0, x[0]=688.0, y[0]=78.0, toolType[0]=TOOL_TYPE_UNKNOWN, buttonState=0, metaState=0, flags=0x0, edgeFlags=0x0, pointerCount=1, historySize=0, eventTime=156805, downTime=156805, deviceId=0, source=0x1002 }
D/InputEventConsistencyVerifier(  421):   5: sent at 156798000000, MotionEvent { action=ACTION_UP, id[0]=0, x[0]=689.0, y[0]=234.0, toolType[0]=TOOL_TYPE_UNKNOWN, buttonState=0, metaState=0, flags=0x0, edgeFlags=0x0, pointerCount=1, historySize=0, eventTime=156798, downTime=156792, deviceId=0, source=0x1002 }
E/WVMExtractor(   62): Failed to open libwvm.so
D/InputEventConsistencyVerifier(  421): KeyEvent: ACTION_UP but key was not down.
D/InputEventConsistencyVerifier(  421):   in com.android.systemui.statusbar.phone.StatusBarWindowView@b3df0248
D/InputEventConsistencyVerifier(  421):   0: sent at 157161000000, KeyEvent { action=ACTION_UP, keyCode=KEYCODE_DPAD_DOWN, scanCode=0, metaState=0, flags=0x8, repeatCount=0, eventTime=157161, downTime=157161, deviceId=-1, source=0x101 }
D/InputEventConsistencyVerifier(  421):   -- recent events --
D/InputEventConsistencyVerifier(  421):   1: sent at 157085000000, MotionEvent { action=ACTION_UP, id[0]=0, x[0]=10.0, y[0]=383.0, toolType[0]=TOOL_TYPE_UNKNOWN, buttonState=0, metaState=0, flags=0x0, edgeFlags=0x0, pointerCount=1, historySize=0, eventTime=157085, downTime=156983, deviceId=0, source=0x1002 }
D/InputEventConsistencyVerifier(  421):   2: sent at 157083000000, MotionEvent { action=ACTION_MOVE, id[0]=0, x[0]=17.0, y[0]=384.0, toolType[0]=TOOL_TYPE_UNKNOWN, buttonState=0, metaState=0, flags=0x0, edgeFlags=0x0, pointerCount=1, historySize=5, eventTime=157083, downTime=156983, deviceId=0, source=0x1002 }
D/InputEventConsistencyVerifier(  421):   3: sent at 157052000000, MotionEvent { action=ACTION_DOWN, id[0]=0, x[0]=34.0, y[0]=387.0, toolType[0]=TOOL_TYPE_UNKNOWN, buttonState=0, metaState=0, flags=0x0, edgeFlags=0x0, pointerCount=1, historySize=0, eventTime=157052, downTime=156983, deviceId=0, source=0x1002 }
D/InputEventConsistencyVerifier(  421):   4: sent at 156978000000, (unhandled) KeyEvent { action=ACTION_UP, keyCode=KEYCODE_DPAD_CENTER, scanCode=0, metaState=0, flags=0x8, repeatCount=0, eventTime=156978, downTime=156978, deviceId=-1, source=0x101 }
D/InputEventConsistencyVerifier(  421):   5: sent at 156971000000, (unhandled) KeyEvent { action=ACTION_DOWN, keyCode=KEYCODE_DPAD_CENTER, scanCode=0, metaState=0, flags=0x8, repeatCount=0, eventTime=156971, downTime=156971, deviceId=-1, source=0x101 }
D/InputEventConsistencyVerifier(  421): KeyEvent: ACTION_UP but key was not down.
D/InputEventConsistencyVerifier(  421):   in com.android.systemui.statusbar.phone.StatusBarWindowView@b3df0248
D/InputEventConsistencyVerifier(  421):   0: sent at 157286000000, KeyEvent { action=ACTION_UP, keyCode=KEYCODE_DPAD_UP, scanCode=0, metaState=0, flags=0x400, repeatCount=0, eventTime=157286, downTime=157286, deviceId=-1, source=0x101 }
D/InputEventConsistencyVerifier(  421):   -- recent events --
D/InputEventConsistencyVerifier(  421):   1: sent at 157277000000, (unhandled) MotionEvent { action=ACTION_MOVE, id[0]=0, x[0]=-2.0, y[0]=-3.0, toolType[0]=TOOL_TYPE_UNKNOWN, buttonState=0, metaState=0, flags=0x0, edgeFlags=0x0, pointerCount=1, historySize=7, eventTime=157277, downTime=-1, deviceId=0, source=0x10004 }
D/InputEventConsistencyVerifier(  421):   2: sent at 157200000000, MotionEvent { action=ACTION_UP, id[0]=0, x[0]=395.0, y[0]=374.0, toolType[0]=TOOL_TYPE_UNKNOWN, buttonState=0, metaState=0, flags=0x0, edgeFlags=0x0, pointerCount=1, historySize=0, eventTime=157200, downTime=157182, deviceId=0, source=0x1002 }
D/InputEventConsistencyVerifier(  421):   3: sent at 157191000000, MotionEvent { action=ACTION_DOWN, id[0]=0, x[0]=395.0, y[0]=374.0, toolType[0]=TOOL_TYPE_UNKNOWN, buttonState=0, metaState=0, flags=0x0, edgeFlags=0x0, pointerCount=1, historySize=0, eventTime=157191, downTime=157182, deviceId=0, source=0x1002 }
D/InputEventConsistencyVerifier(  421):   4: sent at 157161000000, (unhandled) KeyEvent { action=ACTION_UP, keyCode=KEYCODE_DPAD_DOWN, scanCode=0, metaState=0, flags=0x80000008, repeatCount=0, eventTime=157161, downTime=157161, deviceId=-1, source=0x101 }
D/InputEventConsistencyVerifier(  421):   5: sent at 157085000000, MotionEvent { action=ACTION_UP, id[0]=0, x[0]=10.0, y[0]=383.0, toolType[0]=TOOL_TYPE_UNKNOWN, buttonState=0, metaState=0, flags=0x0, edgeFlags=0x0, pointerCount=1, historySize=0, eventTime=157085, downTime=156983, deviceId=0, source=0x1002 }
I/Choreographer(  421): Skipped 57 frames!  The application may be doing too much work on its main thread.
D/InputEventConsistencyVerifier(  421): KeyEvent: ACTION_UP but key was not down.
D/InputEventConsistencyVerifier(  421):   in com.android.systemui.statusbar.phone.StatusBarWindowView@b3df0248
D/InputEventConsistencyVerifier(  421):   0: sent at 157515000000, KeyEvent { action=ACTION_UP, keyCode=KEYCODE_DPAD_RIGHT, scanCode=0, metaState=0, flags=0x400, repeatCount=0, eventTime=157515, downTime=157515, deviceId=-1, source=0x101 }
D/InputEventConsistencyVerifier(  421):   -- recent events --
D/InputEventConsistencyVerifier(  421):   1: sent at 157281000000, (unhandled) MotionEvent { action=ACTION_MOVE, id[0]=0, x[0]=3.0, y[0]=0.0, toolType[0]=TOOL_TYPE_UNKNOWN, buttonState=0, metaState=0, flags=0x0, edgeFlags=0x0, pointerCount=1, historySize=1, eventTime=157281, downTime=-1, deviceId=0, source=0x10004 }
D/InputEventConsistencyVerifier(  421):   2: sent at 157359000000, MotionEvent { action=ACTION_UP, id[0]=0, x[0]=454.0, y[0]=130.0, toolType[0]=TOOL_TYPE_UNKNOWN, buttonState=0, metaState=0, flags=0x0, edgeFlags=0x0, pointerCount=1, historySize=0, eventTime=157359, downTime=157338, deviceId=0, source=0x1002 }
D/InputEventConsistencyVerifier(  421):   3: sent at 157338000000, MotionEvent { action=ACTION_DOWN, id[0]=0, x[0]=452.0, y[0]=148.0, toolType[0]=TOOL_TYPE_UNKNOWN, buttonState=0, metaState=0, flags=0x0, edgeFlags=0x0, pointerCount=1, historySize=0, eventTime=157338, downTime=157338, deviceId=0, source=0x1002 }
D/InputEventConsistencyVerifier(  421):   4: sent at 157331000000, MotionEvent { action=ACTION_UP, id[0]=0, x[0]=218.0, y[0]=126.0, toolType[0]=TOOL_TYPE_UNKNOWN, buttonState=0, metaState=0, flags=0x0, edgeFlags=0x0, pointerCount=1, historySize=0, eventTime=157331, downTime=157326, deviceId=0, source=0x1002 }
D/InputEventConsistencyVerifier(  421):   5: sent at 157326000000, MotionEvent { action=ACTION_DOWN, id[0]=0, x[0]=208.0, y[0]=126.0, toolType[0]=TOOL_TYPE_UNKNOWN, buttonState=0, metaState=0, flags=0x0, edgeFlags=0x0, pointerCount=1, historySize=0, eventTime=157326, downTime=157326, deviceId=0, source=0x1002 }
I/NetworkPolicy(  229): no policy for active mobile network; generating default policy
I/Choreographer(  421): Skipped 81 frames!  The application may be doing too much work on its main thread.
I/ActivityManager(  229): START {act=android.intent.action.CALL_BUTTON flg=0x10000000 cmp=com.android.contacts/.activities.DialtactsActivity u=0} from pid 421
I/Choreographer(  421): Skipped 33 frames!  The application may be doing too much work on its main thread.
W/dalvikvm(  421): DroidBox: { "FdAccess": { "path": "2f70726f632f6d656d696e666f", "id": "1429878471" } }
W/DroidBox(  421): DroidBox: { "FileRW": { "operation": "read", "data": "4d656d546f74616c3a202020202020202020373438393634206b420a4d656d467265653a20202020202020202020343135313136206b420a427566666572733a20202020202020202020202035363434206b420a4361636865643a202020202020202020", "id": "1429878471" } }
I/ActivityManager(  229): Start proc com.android.music for broadcast com.android.music/.MediaButtonIntentReceiver: pid=1100 uid=10024 gids={3003, 1015, 1028}
D/InputEventConsistencyVerifier(  421): TouchEvent: ACTION_DOWN but pointers are already down.  Probably missing ACTION_UP from previous gesture.
D/InputEventConsistencyVerifier(  421):   in android.view.ScaleGestureDetector@b3e906c0
D/InputEventConsistencyVerifier(  421):   0: sent at 158485000000, MotionEvent { action=ACTION_DOWN, id[0]=0, x[0]=374.0, y[0]=31.0, toolType[0]=TOOL_TYPE_UNKNOWN, buttonState=0, metaState=0, flags=0x0, edgeFlags=0x0, pointerCount=1, historySize=0, eventTime=158485, downTime=158350, deviceId=0, source=0x1002 }
D/InputEventConsistencyVerifier(  421):   -- recent events --
D/InputEventConsistencyVerifier(  421):   1: sent at 158336000000, MotionEvent { action=ACTION_DOWN, id[0]=0, x[0]=62.0, y[0]=402.0, toolType[0]=TOOL_TYPE_UNKNOWN, buttonState=0, metaState=0, flags=0x0, edgeFlags=0x0, pointerCount=1, historySize=0, eventTime=158336, downTime=158335, deviceId=0, source=0x1002 }
D/InputEventConsistencyVerifier(  421):   2: sent at 157359000000, MotionEvent { action=ACTION_UP, id[0]=0, x[0]=454.0, y[0]=130.0, toolType[0]=TOOL_TYPE_UNKNOWN, buttonState=0, metaState=0, flags=0x0, edgeFlags=0x0, pointerCount=1, historySize=0, eventTime=157359, downTime=157338, deviceId=0, source=0x1002 }
D/InputEventConsistencyVerifier(  421):   3: sent at 157338000000, MotionEvent { action=ACTION_DOWN, id[0]=0, x[0]=452.0, y[0]=148.0, toolType[0]=TOOL_TYPE_UNKNOWN, buttonState=0, metaState=0, flags=0x0, edgeFlags=0x0, pointerCount=1, historySize=0, eventTime=157338, downTime=157338, deviceId=0, source=0x1002 }
D/InputEventConsistencyVerifier(  421):   4: sent at 157331000000, MotionEvent { action=ACTION_UP, id[0]=0, x[0]=218.0, y[0]=126.0, toolType[0]=TOOL_TYPE_UNKNOWN, buttonState=0, metaState=0, flags=0x0, edgeFlags=0x0, pointerCount=1, historySize=0, eventTime=157331, downTime=157326, deviceId=0, source=0x1002 }
D/InputEventConsistencyVerifier(  421):   5: sent at 157326000000, MotionEvent { action=ACTION_DOWN, id[0]=0, x[0]=208.0, y[0]=126.0, toolType[0]=TOOL_TYPE_UNKNOWN, buttonState=0, metaState=0, flags=0x0, edgeFlags=0x0, pointerCount=1, historySize=0, eventTime=157326, downTime=157326, deviceId=0, source=0x1002 }
I/Choreographer(  421): Skipped 90 frames!  The application may be doing too much work on its main thread.
D/InputEventConsistencyVerifier( 1020): KeyEvent: ACTION_UP but key was not down.
D/InputEventConsistencyVerifier( 1020):   in android.view.ViewRootImpl@b45a70d8
D/InputEventConsistencyVerifier( 1020):   0: sent at 158974000000, KeyEvent { action=ACTION_UP, keyCode=KEYCODE_DPAD_UP, scanCode=0, metaState=0, flags=0x8, repeatCount=0, eventTime=158974, downTime=158974, deviceId=-1, source=0x101 }
D/InputEventConsistencyVerifier( 1020):   -- recent events --
D/InputEventConsistencyVerifier( 1020):   1: sent at 151517000000, KeyEvent { action=ACTION_UP, keyCode=KEYCODE_DPAD_UP, scanCode=0, metaState=0, flags=0x400, repeatCount=0, eventTime=151517, downTime=151517, deviceId=-1, source=0x101 }
D/InputEventConsistencyVerifier( 1020):   2: sent at 151517000000, KeyEvent { action=ACTION_DOWN, keyCode=KEYCODE_DPAD_UP, scanCode=0, metaState=0, flags=0x400, repeatCount=0, eventTime=151517, downTime=151517, deviceId=-1, source=0x101 }
D/InputEventConsistencyVerifier( 1020):   3: sent at 151516000000, KeyEvent { action=ACTION_UP, keyCode=KEYCODE_DPAD_UP, scanCode=0, metaState=0, flags=0x400, repeatCount=0, eventTime=151516, downTime=151516, deviceId=-1, source=0x101 }
D/InputEventConsistencyVerifier( 1020):   4: sent at 151516000000, KeyEvent { action=ACTION_DOWN, keyCode=KEYCODE_DPAD_UP, scanCode=0, metaState=0, flags=0x400, repeatCount=0, eventTime=151516, downTime=151516, deviceId=-1, source=0x101 }
D/InputEventConsistencyVerifier( 1020):   5: sent at 151515000000, KeyEvent { action=ACTION_UP, keyCode=KEYCODE_DPAD_UP, scanCode=0, metaState=0, flags=0x400, repeatCount=0, eventTime=151515, downTime=151515, deviceId=-1, source=0x101 }
E/NetdConnector(  229): NDC Command {11 bandwidth setiquota eth0 9223372036854775807} took too long (1326ms)
W/dalvikvm(  229): DroidBox: { "FdAccess": { "path": "2f70726f632f3232392f6e65742f78745f717461677569642f7374617473", "id": "2129057591" } }
W/DroidBox(  229): DroidBox: { "FileRW": { "operation": "read", "data": "69647820696661636520616363745f7461675f686578207569645f7461675f696e7420636e745f7365742072785f62797465732072785f7061636b6574732074785f62797465732074785f7061636b6574732072785f7463705f62797465732072785f74", "id": "2129057591" } }
W/dalvikvm(  229): DroidBox: { "FdAccess": { "path": "2f70726f632f3232392f6e65742f78745f717461677569642f7374617473", "id": "1325410649" } }
W/DroidBox(  229): DroidBox: { "FileRW": { "operation": "read", "data": "30203020302030203020302030203020302030203020300a300a300a300a300a300a203020300a3020300a203020300a300a3020302030203020302030203020302030203020302030203020300a20300a203020300a300a300a300a203020300a302030", "id": "1325410649" } }
W/dalvikvm(  229): DroidBox: { "FdAccess": { "path": "2f70726f632f3232392f6e65742f78745f717461677569642f69666163655f737461745f666d74", "id": "1731290185" } }
W/DroidBox(  229): DroidBox: { "FileRW": { "operation": "read", "data": "69666e616d6520746f74616c5f736b625f72785f627974657320746f74616c5f736b625f72785f7061636b65747320746f74616c5f736b625f74785f627974657320746f74616c5f736b625f74785f7061636b6574732072785f7463705f627974657320", "id": "1731290185" } }
W/dalvikvm(  229): DroidBox: { "FdAccess": { "path": "2f70726f632f3232392f6e65742f78745f717461677569642f69666163655f737461745f666d74", "id": "1248406537" } }
W/DroidBox(  229): DroidBox: { "FileRW": { "operation": "read", "data": "30203020302030203020302030203020302030203020300a300a300a300a300a20300a333720373520353620310a6c6f20302030203020302030203020302030203020302030203020302030203020300a203020300a2030203020300a203020300a3020", "id": "1248406537" } }
W/dalvikvm(  229): DroidBox: { "FdAccess": { "path": "2f70726f632f3232392f6e65742f78745f717461677569642f69666163655f737461745f616c6c", "id": "477812763" } }
W/DroidBox(  229): DroidBox: { "FileRW": { "operation": "read", "data": "6574683020312030203020302030203734313838333120373938382037323232303420343736320a6c6f20312030203020302030203336333620353120333633362035310a00000000000000000000000000000000000000000000000000000000000000", "id": "477812763" } }
W/dalvikvm(  229): DroidBox: { "FdAccess": { "path": "2f70726f632f3232392f6e65742f78745f717461677569642f69666163655f737461745f616c6c", "id": "1762902675" } }
W/DroidBox(  229): DroidBox: { "FileRW": { "operation": "read", "data": "35310a362035310a35310a362035310a310a310a310a310a310a35310a362035310a3633362035310a362035310a333633362035310a310a310a310a310a310a362035310a00000000000000000000000000000000000000000000000000000000000000", "id": "1762902675" } }
W/InputMethodManagerService(  229): Window already focused, ignoring focus gain of: com.android.internal.view.IInputMethodClient$Stub$Proxy@b40a0018 attribute=null
V/PhoneStatusBar(  421): setLightsOn(true)
D/PhoneStatusBar(  421): disable: < expand icons alerts ticker* system_info back home recent clock >
I/ActivityManager(  229): START {act=android.intent.action.CALL_BUTTON flg=0x10000000 cmp=com.android.contacts/.activities.DialtactsActivity u=0} from pid 1020
E/Trace   ( 1100): error opening trace file: No such file or directory (2)
E/WVMExtractor(   62): Failed to open libwvm.so
E/NetdConnector(  229): NDC Command {13 bandwidth removeiquota eth0} took too long (611ms)
E/WVMExtractor(   62): Failed to open libwvm.so
W/DroidBox( 1100): DroidBox: { "DexClassLoader": { "path": "/system/app/Music.apk" } }
E/WVMExtractor(   62): Failed to open libwvm.so
E/NetdConnector(  229): NDC Command {14 bandwidth setiquota eth0 9223372036854775807} took too long (1140ms)
W/DroidBox( 1100): DroidBox: { "ServiceStart": { "name": "com.android.music.MediaPlaybackService" } }
W/DroidBox( 1100): DroidBox: { "ServiceStart": { "name": "com.android.music.MediaPlaybackService" } }
D/InputEventConsistencyVerifier( 1020): TrackballEvent: Trackball is down but pressure is not greater than 0.
D/InputEventConsistencyVerifier( 1020):   in android.view.ViewRootImpl@b45a70d8
D/InputEventConsistencyVerifier( 1020):   0: sent at 161724000000, MotionEvent { action=ACTION_DOWN, id[0]=0, x[0]=0.0, y[0]=0.0, toolType[0]=TOOL_TYPE_UNKNOWN, buttonState=0, metaState=0, flags=0x0, edgeFlags=0x0, pointerCount=1, historySize=0, eventTime=161724, downTime=161689, deviceId=0, source=0x10004 }
D/InputEventConsistencyVerifier( 1020):   -- recent events --
D/InputEventConsistencyVerifier( 1020):   1: sent at 161722000000, MotionEvent { action=ACTION_MOVE, id[0]=0, x[0]=-1.0, y[0]=-1.0, toolType[0]=TOOL_TYPE_UNKNOWN, buttonState=0, metaState=0, flags=0x0, edgeFlags=0x0, pointerCount=1, historySize=9, eventTime=161722, downTime=-1, deviceId=0, source=0x10004 }
D/InputEventConsistencyVerifier( 1020):   2: sent at 161681000000, MotionEvent { action=ACTION_UP, id[0]=0, x[0]=277.0, y[0]=152.0, toolType[0]=TOOL_TYPE_UNKNOWN, buttonState=0, metaState=0, flags=0x0, edgeFlags=0x0, pointerCount=1, historySize=0, eventTime=161681, downTime=161650, deviceId=0, source=0x1002 }
D/InputEventConsistencyVerifier( 1020):   3: sent at 161673000000, MotionEvent { action=ACTION_DOWN, id[0]=0, x[0]=280.0, y[0]=161.0, toolType[0]=TOOL_TYPE_UNKNOWN, buttonState=0, metaState=0, flags=0x0, edgeFlags=0x0, pointerCount=1, historySize=0, eventTime=161673, downTime=161650, deviceId=0, source=0x1002 }
D/InputEventConsistencyVerifier( 1020):   4: sent at 161610000000, MotionEvent { action=ACTION_UP, id[0]=0, x[0]=376.0, y[0]=368.0, toolType[0]=TOOL_TYPE_UNKNOWN, buttonState=0, metaState=0, flags=0x0, edgeFlags=0x0, pointerCount=1, historySize=0, eventTime=161610, downTime=161596, deviceId=0, source=0x1002 }
D/InputEventConsistencyVerifier( 1020):   5: sent at 161608000000, MotionEvent { action=ACTION_POINTER_UP(1), id[0]=0, x[0]=358.0, y[0]=359.0, toolType[0]=TOOL_TYPE_UNKNOWN, id[1]=1, x[1]=776.0, y[1]=203.0, toolType[1]=TOOL_TYPE_UNKNOWN, buttonState=0, metaState=0, flags=0x0, edgeFlags=0x0, pointerCount=2, historySize=0, eventTime=161608, downTime=161596, deviceId=0, source=0x1002 }
E/WVMExtractor(   62): Failed to open libwvm.so
I/Choreographer( 1020): Skipped 33 frames!  The application may be doing too much work on its main thread.
I/AudioService(  229):   Remote Control   registerMediaButtonIntent() for PendingIntent{b3fcce28: PendingIntentRecord{b3e8e688 com.android.music broadcastIntent}}
E/WVMExtractor(   62): Failed to open libwvm.so
E/WVMExtractor(   62): Failed to open libwvm.so
E/WVMExtractor(   62): Failed to open libwvm.so
I/ActivityManager(  229): START {act=android.intent.action.MAIN cat=[android.intent.category.HOME] flg=0x10200000 cmp=com.android.launcher/com.android.launcher2.Launcher u=0} from pid 229
E/WVMExtractor(   62): Failed to open libwvm.so
I/InputDispatcher(  229): Dropped event because of pending overdue app switch.
W/InputManager(  229): Input event injection from pid 1002 failed.
I/ActivityManager(  229): START {act=android.intent.action.MAIN cat=[android.intent.category.LAUNCHER] flg=0x10200000 cmp=com.ooxx.jackdroid.bao/.Menu u=0} from pid 1002
I/Choreographer(  229): Skipped 33 frames!  The application may be doing too much work on its main thread.
E/WVMExtractor(   62): Failed to open libwvm.so
W/dalvikvm(  229): DroidBox: { "FdAccess": { "path": "2f70726f632f313130302f636d646c696e65", "id": "879666013" } }
W/DroidBox(  229): DroidBox: { "FileRW": { "operation": "read", "data": "636f6d2e616e64726f69642e6d75736963000000000000000000000000000000000000000000000000000000000000000000000000000000000000000000000000000000000000000000000036343638626631356565333432336662326535302e61706b", "id": "879666013" } }
E/WVMExtractor(   62): Failed to open libwvm.so
W/dalvikvm( 1100): DroidBox: { "FdAccess": { "path": "2f646174612f646174612f636f6d2e616e64726f69642e6d757369632f7368617265645f70726566732f4d757369632e786d6c", "id": "244652801" } }
W/DroidBox( 1100): DroidBox: { "FileRW": { "operation": "write", "data": "3c3f786d6c2076657273696f6e3d27312e302720656e636f64696e673d277574662d3827207374616e64616c6f6e653d2779657327203f3e0a3c6d61703e0a3c737472696e67206e616d653d227175657565223e3c2f737472696e673e0a3c696e74206e", "id": "244652801" } }
E/WVMExtractor(   62): Failed to open libwvm.so
I/ActivityManager(  229): START {act=android.intent.action.CALL_BUTTON flg=0x10000000 cmp=com.android.contacts/.activities.DialtactsActivity u=0} from pid 1020
E/WVMExtractor(   62): Failed to open libwvm.so
E/WVMExtractor(   62): Failed to open libwvm.so
E/WVMExtractor(   62): Failed to open libwvm.so
D/InputEventConsistencyVerifier( 1020): TrackballEvent: Trackball is down but pressure is not greater than 0.
D/InputEventConsistencyVerifier( 1020):   in android.view.ViewRootImpl@b45a70d8
D/InputEventConsistencyVerifier( 1020):   0: sent at 165975000000, MotionEvent { action=ACTION_DOWN, id[0]=0, x[0]=0.0, y[0]=0.0, toolType[0]=TOOL_TYPE_UNKNOWN, buttonState=0, metaState=0, flags=0x0, edgeFlags=0x0, pointerCount=1, historySize=0, eventTime=165975, downTime=165803, deviceId=0, source=0x10004 }
D/InputEventConsistencyVerifier( 1020):   -- recent events --
D/InputEventConsistencyVerifier( 1020):   1: sent at 165925000000, MotionEvent { action=ACTION_MOVE, id[0]=0, x[0]=-3.0, y[0]=0.0, toolType[0]=TOOL_TYPE_UNKNOWN, buttonState=0, metaState=0, flags=0x0, edgeFlags=0x0, pointerCount=1, historySize=0, eventTime=165925, downTime=-1, deviceId=0, source=0x10004 }
D/InputEventConsistencyVerifier( 1020):   2: sent at 165955000000, KeyEvent { action=ACTION_UP, keyCode=KEYCODE_DPAD_DOWN, scanCode=0, metaState=0, flags=0x400, repeatCount=0, eventTime=165955, downTime=165955, deviceId=-1, source=0x101 }
D/InputEventConsistencyVerifier( 1020):   3: sent at 165955000000, KeyEvent { action=ACTION_DOWN, keyCode=KEYCODE_DPAD_DOWN, scanCode=0, metaState=0, flags=0x400, repeatCount=0, eventTime=165955, downTime=165955, deviceId=-1, source=0x101 }
D/InputEventConsistencyVerifier( 1020):   4: sent at 165954000000, KeyEvent { action=ACTION_UP, keyCode=KEYCODE_DPAD_DOWN, scanCode=0, metaState=0, flags=0x400, repeatCount=0, eventTime=165954, downTime=165954, deviceId=-1, source=0x101 }
D/InputEventConsistencyVerifier( 1020):   5: sent at 165954000000, KeyEvent { action=ACTION_DOWN, keyCode=KEYCODE_DPAD_DOWN, scanCode=0, metaState=0, flags=0x400, repeatCount=0, eventTime=165954, downTime=165954, deviceId=-1, source=0x101 }
E/WVMExtractor(   62): Failed to open libwvm.so
E/WVMExtractor(   62): Failed to open libwvm.so
E/WVMExtractor(   62): Failed to open libwvm.so
I/ActivityManager(  229): START {act=android.intent.action.MAIN cat=[android.intent.category.LAUNCHER] flg=0x10200000 cmp=com.ooxx.jackdroid.bao/.Menu u=0} from pid 1002
E/WVMExtractor(   62): Failed to open libwvm.so
E/WVMExtractor(   62): Failed to open libwvm.so
E/WVMExtractor(   62): Failed to open libwvm.so
E/WVMExtractor(   62): Failed to open libwvm.so
E/WVMExtractor(   62): Failed to open libwvm.so
E/WVMExtractor(   62): Failed to open libwvm.so
I/ActivityManager(  229): START {act=android.intent.action.MAIN cat=[android.intent.category.HOME] flg=0x10200000 cmp=com.android.launcher/com.android.launcher2.Launcher u=0} from pid 229
E/WVMExtractor(   62): Failed to open libwvm.so
I/ActivityManager(  229): START {act=android.intent.action.MAIN cat=[android.intent.category.LAUNCHER] flg=0x10200000 cmp=com.ooxx.jackdroid.bao/.Menu u=0} from pid 1002
I/InputDispatcher(  229): Dropped event because of pending overdue app switch.
W/InputManager(  229): Input event injection from pid 1002 failed.
I/ActivityManager(  229): START {act=android.intent.action.MAIN cat=[android.intent.category.LAUNCHER] flg=0x10200000 cmp=com.ooxx.jackdroid.bao/.Menu u=0} from pid 1002
E/WVMExtractor(   62): Failed to open libwvm.so
E/WVMExtractor(   62): Failed to open libwvm.so
E/WVMExtractor(   62): Failed to open libwvm.so
E/WVMExtractor(   62): Failed to open libwvm.so
W/DroidBox( 1100): DroidBox: { "ServiceStart": { "name": "com.android.music.MediaPlaybackService" } }
W/DroidBox( 1100): DroidBox: { "ServiceStart": { "name": "com.android.music.MediaPlaybackService" } }
E/WVMExtractor(   62): Failed to open libwvm.so
I/Choreographer( 1020): Skipped 34 frames!  The application may be doing too much work on its main thread.
I/Choreographer( 1020): Skipped 88 frames!  The application may be doing too much work on its main thread.
E/WVMExtractor(   62): Failed to open libwvm.so
I/Choreographer( 1020): Skipped 32 frames!  The application may be doing too much work on its main thread.
I/ActivityManager(  229): START {act=android.intent.action.MAIN cat=[android.intent.category.HOME] flg=0x10200000 cmp=com.android.launcher/com.android.launcher2.Launcher u=0} from pid 229
