D/InputEventConsistencyVerifier( 1012):   0: sent at 147607000000, KeyEvent { action=ACTION_UP, keyCode=KEYCODE_DPAD_RIGHT, scanCode=0, metaState=0, flags=0x8, repeatCount=0, eventTime=147607, downTime=147607, deviceId=-1, source=0x101 }
D/InputEventConsistencyVerifier( 1012):   -- recent events --
D/InputEventConsistencyVerifier( 1012):   1: sent at 147479000000, (unhandled) KeyEvent { action=ACTION_UP, keyCode=KEYCODE_DPAD_UP, scanCode=0, metaState=0, flags=0x80000008, repeatCount=0, eventTime=147479, downTime=147479, deviceId=-1, source=0x101 }
D/InputEventConsistencyVerifier( 1012):   2: sent at 147454000000, MotionEvent { action=ACTION_UP, id[0]=0, x[0]=268.0, y[0]=507.0, toolType[0]=TOOL_TYPE_UNKNOWN, buttonState=0, metaState=0, flags=0x0, edgeFlags=0x0, pointerCount=1, historySize=0, eventTime=147454, downTime=147448, deviceId=0, source=0x1002 }
D/InputEventConsistencyVerifier( 1012):   3: sent at 147449000000, MotionEvent { action=ACTION_DOWN, id[0]=0, x[0]=274.0, y[0]=502.0, toolType[0]=TOOL_TYPE_UNKNOWN, buttonState=0, metaState=0, flags=0x0, edgeFlags=0x0, pointerCount=1, historySize=0, eventTime=147449, downTime=147448, deviceId=0, source=0x1002 }
D/InputEventConsistencyVerifier( 1012):   4: sent at 147392000000, (unhandled) KeyEvent { action=ACTION_UP, keyCode=KEYCODE_DPAD_LEFT, scanCode=0, metaState=0, flags=0x8, repeatCount=0, eventTime=147392, downTime=147392, deviceId=-1, source=0x101 }
D/InputEventConsistencyVerifier( 1012):   5: sent at 147348000000, (unhandled) KeyEvent { action=ACTION_DOWN, keyCode=KEYCODE_DPAD_LEFT, scanCode=0, metaState=0, flags=0x8, repeatCount=0, eventTime=147348, downTime=147348, deviceId=-1, source=0x101 }
E/WVMExtractor(   63): Failed to open libwvm.so
E/WVMExtractor(   63): Failed to open libwvm.so
I/Choreographer( 1012): Skipped 33 frames!  The application may be doing too much work on its main thread.
E/WVMExtractor(   63): Failed to open libwvm.so
D/InputEventConsistencyVerifier( 1012): KeyEvent: ACTION_UP but key was not down.
D/InputEventConsistencyVerifier( 1012):   in android.view.ViewRootImpl@b3dc4d08
D/InputEventConsistencyVerifier( 1012):   0: sent at 148919000000, KeyEvent { action=ACTION_UP, keyCode=KEYCODE_DPAD_DOWN, scanCode=0, metaState=0, flags=0x8, repeatCount=0, eventTime=148919, downTime=148919, deviceId=-1, source=0x101 }
D/InputEventConsistencyVerifier( 1012):   -- recent events --
D/InputEventConsistencyVerifier( 1012):   1: sent at 147866000000, KeyEvent { action=ACTION_UP, keyCode=KEYCODE_MENU, scanCode=0, metaState=0, flags=0x8, repeatCount=0, eventTime=147866, downTime=147866, deviceId=-1, source=0x101 }
D/InputEventConsistencyVerifier( 1012):   2: sent at 147741000000, KeyEvent { action=ACTION_DOWN, keyCode=KEYCODE_MENU, scanCode=0, metaState=0, flags=0x8, repeatCount=0, eventTime=147741, downTime=147741, deviceId=-1, source=0x101 }
D/InputEventConsistencyVerifier( 1012):   3: sent at 147845000000, KeyEvent { action=ACTION_UP, keyCode=KEYCODE_DPAD_DOWN, scanCode=0, metaState=0, flags=0x400, repeatCount=0, eventTime=147845, downTime=147845, deviceId=-1, source=0x101 }
D/InputEventConsistencyVerifier( 1012):   4: sent at 147845000000, KeyEvent { action=ACTION_DOWN, keyCode=KEYCODE_DPAD_DOWN, scanCode=0, metaState=0, flags=0x400, repeatCount=0, eventTime=147845, downTime=147845, deviceId=-1, source=0x101 }
D/InputEventConsistencyVerifier( 1012):   5: sent at 147844000000, KeyEvent { action=ACTION_UP, keyCode=KEYCODE_DPAD_DOWN, scanCode=0, metaState=0, flags=0x400, repeatCount=0, eventTime=147844, downTime=147844, deviceId=-1, source=0x101 }
I/Choreographer( 1012): Skipped 83 frames!  The application may be doing too much work on its main thread.
W/InputMethodManagerService(  232): Window already focused, ignoring focus gain of: com.android.internal.view.IInputMethodClient$Stub$Proxy@b4045048 attribute=null
I/Choreographer( 1012): Skipped 39 frames!  The application may be doing too much work on its main thread.
E/WVMExtractor(   63): Failed to open libwvm.so
I/ActivityManager(  232): START {act=android.intent.action.MAIN cat=[android.intent.category.LAUNCHER] flg=0x10200000 cmp=net.mwkekdsf/.Main u=0} from pid 994
E/WVMExtractor(   63): Failed to open libwvm.so
I/ActivityManager(  232): START {act=android.intent.action.MAIN cat=[android.intent.category.LAUNCHER] flg=0x10200000 cmp=net.mwkekdsf/.Main u=0} from pid 994
I/Choreographer( 1012): Skipped 38 frames!  The application may be doing too much work on its main thread.
E/WVMExtractor(   63): Failed to open libwvm.so
E/WVMExtractor(   63): Failed to open libwvm.so
E/WVMExtractor(   63): Failed to open libwvm.so
I/Choreographer( 1012): Skipped 30 frames!  The application may be doing too much work on its main thread.
D/InputEventConsistencyVerifier( 1012): KeyEvent: ACTION_UP but key was not down.
D/InputEventConsistencyVerifier( 1012):   in com.android.internal.policy.impl.PhoneWindow$DecorView@b3dd9468
D/InputEventConsistencyVerifier( 1012):   0: sent at 150233000000, KeyEvent { action=ACTION_UP, keyCode=KEYCODE_DPAD_UP, scanCode=0, metaState=0, flags=0x400, repeatCount=0, eventTime=150233, downTime=150233, deviceId=-1, source=0x101 }
D/InputEventConsistencyVerifier( 1012):   -- recent events --
D/InputEventConsistencyVerifier( 1012):   1: sent at 150154000000, (unhandled) MotionEvent { action=ACTION_MOVE, id[0]=0, x[0]=4.0, y[0]=-4.0, toolType[0]=TOOL_TYPE_UNKNOWN, buttonState=0, metaState=0, flags=0x0, edgeFlags=0x0, pointerCount=1, historySize=0, eventTime=150154, downTime=-1, deviceId=0, source=0x10004 }
D/InputEventConsistencyVerifier( 1012):   2: sent at 150143000000, MotionEvent { action=ACTION_UP, id[0]=0, x[0]=52.0, y[0]=86.0, toolType[0]=TOOL_TYPE_UNKNOWN, buttonState=0, metaState=0, flags=0x0, edgeFlags=0x0, pointerCount=1, historySize=0, eventTime=150143, downTime=150128, deviceId=0, source=0x1002 }
D/InputEventConsistencyVerifier( 1012):   3: sent at 150128000000, MotionEvent { action=ACTION_DOWN, id[0]=0, x[0]=51.0, y[0]=80.0, toolType[0]=TOOL_TYPE_UNKNOWN, buttonState=0, metaState=0, flags=0x0, edgeFlags=0x0, pointerCount=1, historySize=0, eventTime=150128, downTime=150128, deviceId=0, source=0x1002 }
D/InputEventConsistencyVerifier( 1012):   4: sent at 150096000000, MotionEvent { action=ACTION_UP, id[0]=0, x[0]=412.0, y[0]=167.0, toolType[0]=TOOL_TYPE_UNKNOWN, buttonState=0, metaState=0, flags=0x0, edgeFlags=0x0, pointerCount=1, historySize=0, eventTime=150096, downTime=150089, deviceId=0, source=0x1002 }
D/InputEventConsistencyVerifier( 1012):   5: sent at 150090000000, MotionEvent { action=ACTION_DOWN, id[0]=0, x[0]=404.0, y[0]=186.0, toolType[0]=TOOL_TYPE_UNKNOWN, buttonState=0, metaState=0, flags=0x0, edgeFlags=0x0, pointerCount=1, historySize=0, eventTime=150090, downTime=150089, deviceId=0, source=0x1002 }
E/WVMExtractor(   63): Failed to open libwvm.so
E/WVMExtractor(   63): Failed to open libwvm.so
E/WVMExtractor(   63): Failed to open libwvm.so
E/WVMExtractor(   63): Failed to open libwvm.so
W/InputMethodManagerService(  232): Window already focused, ignoring focus gain of: com.android.internal.view.IInputMethodClient$Stub$Proxy@b409b168 attribute=android.view.inputmethod.EditorInfo@b409b180
E/WVMExtractor(   63): Failed to open libwvm.so
D/InputEventConsistencyVerifier( 1012): KeyEvent: ACTION_UP but key was not down.
D/InputEventConsistencyVerifier( 1012):   in com.android.internal.policy.impl.PhoneWindow$DecorView@b3dd9468
D/InputEventConsistencyVerifier( 1012):   0: sent at 151347000000, KeyEvent { action=ACTION_UP, keyCode=KEYCODE_DPAD_LEFT, scanCode=0, metaState=0, flags=0x400, repeatCount=0, eventTime=151347, downTime=151347, deviceId=-1, source=0x101 }
D/InputEventConsistencyVerifier( 1012):   -- recent events --
D/InputEventConsistencyVerifier( 1012):   1: sent at 151346000000, (unhandled) KeyEvent { action=ACTION_UP, keyCode=KEYCODE_DPAD_LEFT, scanCode=0, metaState=0, flags=0x400, repeatCount=0, eventTime=151346, downTime=151346, deviceId=-1, source=0x101 }
D/InputEventConsistencyVerifier( 1012):   2: sent at 151346000000, (unhandled) KeyEvent { action=ACTION_DOWN, keyCode=KEYCODE_DPAD_LEFT, scanCode=0, metaState=0, flags=0x400, repeatCount=0, eventTime=151346, downTime=151346, deviceId=-1, source=0x101 }
D/InputEventConsistencyVerifier( 1012):   3: sent at 151345000000, (unhandled) KeyEvent { action=ACTION_UP, keyCode=KEYCODE_DPAD_LEFT, scanCode=0, metaState=0, flags=0x400, repeatCount=0, eventTime=151345, downTime=151345, deviceId=-1, source=0x101 }
D/InputEventConsistencyVerifier( 1012):   4: sent at 151345000000, (unhandled) KeyEvent { action=ACTION_DOWN, keyCode=KEYCODE_DPAD_LEFT, scanCode=0, metaState=0, flags=0x400, repeatCount=0, eventTime=151345, downTime=151345, deviceId=-1, source=0x101 }
D/InputEventConsistencyVerifier( 1012):   5: sent at 151233000000, (unhandled) MotionEvent { action=ACTION_MOVE, id[0]=0, x[0]=-4.0, y[0]=-1.0, toolType[0]=TOOL_TYPE_UNKNOWN, buttonState=0, metaState=0, flags=0x0, edgeFlags=0x0, pointerCount=1, historySize=6, eventTime=151233, downTime=-1, deviceId=0, source=0x10004 }
D/InputEventConsistencyVerifier( 1012): KeyEvent: ACTION_UP but key was not down.
D/InputEventConsistencyVerifier( 1012):   in android.view.ViewRootImpl@b3dc4d08
D/InputEventConsistencyVerifier( 1012):   0: sent at 152071000000, KeyEvent { action=ACTION_UP, keyCode=KEYCODE_DPAD_CENTER, scanCode=0, metaState=0, flags=0x8, repeatCount=0, eventTime=152071, downTime=152071, deviceId=-1, source=0x101 }
D/InputEventConsistencyVerifier( 1012):   -- recent events --
D/InputEventConsistencyVerifier( 1012):   1: sent at 151348000000, KeyEvent { action=ACTION_UP, keyCode=KEYCODE_DPAD_LEFT, scanCode=0, metaState=0, flags=0x400, repeatCount=0, eventTime=151348, downTime=151348, deviceId=-1, source=0x101 }
D/InputEventConsistencyVerifier( 1012):   2: sent at 151348000000, KeyEvent { action=ACTION_DOWN, keyCode=KEYCODE_DPAD_LEFT, scanCode=0, metaState=0, flags=0x400, repeatCount=0, eventTime=151348, downTime=151348, deviceId=-1, source=0x101 }
D/InputEventConsistencyVerifier( 1012):   3: sent at 151347000000, KeyEvent { action=ACTION_UP, keyCode=KEYCODE_DPAD_LEFT, scanCode=0, metaState=0, flags=0x400, repeatCount=0, eventTime=151347, downTime=151347, deviceId=-1, source=0x101 }
D/InputEventConsistencyVerifier( 1012):   4: sent at 151347000000, KeyEvent { action=ACTION_DOWN, keyCode=KEYCODE_DPAD_LEFT, scanCode=0, metaState=0, flags=0x400, repeatCount=0, eventTime=151347, downTime=151347, deviceId=-1, source=0x101 }
D/InputEventConsistencyVerifier( 1012):   5: sent at 151346000000, KeyEvent { action=ACTION_UP, keyCode=KEYCODE_DPAD_LEFT, scanCode=0, metaState=0, flags=0x400, repeatCount=0, eventTime=151346, downTime=151346, deviceId=-1, source=0x101 }
D/InputEventConsistencyVerifier( 1012): KeyEvent: ACTION_UP but key was not down.
D/InputEventConsistencyVerifier( 1012):   in com.android.internal.policy.impl.PhoneWindow$DecorView@b3dd9468
D/InputEventConsistencyVerifier( 1012):   0: sent at 153010000000, KeyEvent { action=ACTION_UP, keyCode=KEYCODE_DPAD_UP, scanCode=0, metaState=0, flags=0x400, repeatCount=0, eventTime=153010, downTime=153010, deviceId=-1, source=0x101 }
D/InputEventConsistencyVerifier( 1012):   -- recent events --
D/InputEventConsistencyVerifier( 1012):   1: sent at 152868000000, (unhandled) MotionEvent { action=ACTION_MOVE, id[0]=0, x[0]=2.0, y[0]=3.0, toolType[0]=TOOL_TYPE_UNKNOWN, buttonState=0, metaState=0, flags=0x0, edgeFlags=0x0, pointerCount=1, historySize=0, eventTime=152868, downTime=-1, deviceId=0, source=0x10004 }
D/InputEventConsistencyVerifier( 1012):   2: sent at 152941000000, MotionEvent { action=ACTION_UP, id[0]=0, x[0]=63.0, y[0]=330.0, toolType[0]=TOOL_TYPE_UNKNOWN, buttonState=0, metaState=0, flags=0x0, edgeFlags=0x0, pointerCount=1, historySize=0, eventTime=152941, downTime=152906, deviceId=0, source=0x1002 }
D/InputEventConsistencyVerifier( 1012):   3: sent at 152906000000, MotionEvent { action=ACTION_DOWN, id[0]=0, x[0]=67.0, y[0]=327.0, toolType[0]=TOOL_TYPE_UNKNOWN, buttonState=0, metaState=0, flags=0x0, edgeFlags=0x0, pointerCount=1, historySize=0, eventTime=152906, downTime=152906, deviceId=0, source=0x1002 }
D/InputEventConsistencyVerifier( 1012):   4: sent at 152866000000, (unhandled) MotionEvent { action=ACTION_MOVE, id[0]=0, x[0]=3.0, y[0]=-3.0, toolType[0]=TOOL_TYPE_UNKNOWN, buttonState=0, metaState=0, flags=0x0, edgeFlags=0x0, pointerCount=1, historySize=8, eventTime=152866, downTime=-1, deviceId=0, source=0x10004 }
D/InputEventConsistencyVerifier( 1012):   5: sent at 152814000000, (unhandled) KeyEvent { action=ACTION_UP, keyCode=KEYCODE_DPAD_UP, scanCode=0, metaState=0, flags=0x8, repeatCount=0, eventTime=152814, downTime=152814, deviceId=-1, source=0x101 }
E/WVMExtractor(   63): Failed to open libwvm.so
E/WVMExtractor(   63): Failed to open libwvm.so
E/WVMExtractor(   63): Failed to open libwvm.so
E/WVMExtractor(   63): Failed to open libwvm.so
E/WVMExtractor(   63): Failed to open libwvm.so
E/WVMExtractor(   63): Failed to open libwvm.so
E/WVMExtractor(   63): Failed to open libwvm.so
W/DroidBox( 1050): DroidBox: { "ServiceStart": { "name": "com.android.music.MediaPlaybackService" } }
W/DroidBox( 1050): DroidBox: { "ServiceStart": { "name": "com.android.music.MediaPlaybackService" } }
I/AudioService(  232):  AudioFocus  requestAudioFocus() from android.media.AudioManager@b3de31d8com.android.music.MediaPlaybackService$3@b3de1a10
D/InputEventConsistencyVerifier( 1012): KeyEvent: ACTION_UP but key was not down.
D/InputEventConsistencyVerifier( 1012):   in com.android.internal.policy.impl.PhoneWindow$DecorView@b3dd9468
D/InputEventConsistencyVerifier( 1012):   0: sent at 154822000000, KeyEvent { action=ACTION_UP, keyCode=KEYCODE_DPAD_CENTER, scanCode=0, metaState=0, flags=0x8, repeatCount=0, eventTime=154822, downTime=154822, deviceId=-1, source=0x101 }
D/InputEventConsistencyVerifier( 1012):   -- recent events --
D/InputEventConsistencyVerifier( 1012):   1: sent at 154737000000, (unhandled) KeyEvent { action=ACTION_UP, keyCode=KEYCODE_META_RIGHT, scanCode=0, metaState=0, flags=0x8, repeatCount=0, eventTime=154737, downTime=154737, deviceId=-1, source=0x101 }
D/InputEventConsistencyVerifier( 1012):   2: sent at 154665000000, (unhandled) KeyEvent { action=ACTION_DOWN, keyCode=KEYCODE_META_RIGHT, scanCode=0, metaState=0, flags=0x8, repeatCount=0, eventTime=154665, downTime=154665, deviceId=-1, source=0x101 }
D/InputEventConsistencyVerifier( 1012):   3: sent at 154592000000, (unhandled) KeyEvent { action=ACTION_UP, keyCode=KEYCODE_MEDIA_PREVIOUS, scanCode=0, metaState=0, flags=0x8, repeatCount=0, eventTime=154592, downTime=154592, deviceId=-1, source=0x101 }
D/InputEventConsistencyVerifier( 1012):   4: sent at 154529000000, (unhandled) KeyEvent { action=ACTION_DOWN, keyCode=KEYCODE_MEDIA_PREVIOUS, scanCode=0, metaState=0, flags=0x8, repeatCount=0, eventTime=154529, downTime=154529, deviceId=-1, source=0x101 }
D/InputEventConsistencyVerifier( 1012):   5: sent at 154522000000, MotionEvent { action=ACTION_UP, id[0]=0, x[0]=0.0, y[0]=351.0, toolType[0]=TOOL_TYPE_UNKNOWN, buttonState=0, metaState=0, flags=0x0, edgeFlags=0x0, pointerCount=1, historySize=0, eventTime=154522, downTime=154355, deviceId=0, source=0x1002 }
I/AudioService(  232):   Remote Control   registerMediaButtonIntent() for PendingIntent{b41fce00: PendingIntentRecord{b4100460 com.android.music broadcastIntent}}
I/Choreographer( 1012): Skipped 47 frames!  The application may be doing too much work on its main thread.
E/WVMExtractor(   63): Failed to open libwvm.so
D/InputEventConsistencyVerifier( 1012): KeyEvent: ACTION_UP but key was not down.
D/InputEventConsistencyVerifier( 1012):   in com.android.internal.policy.impl.PhoneWindow$DecorView@b3dd9468
D/InputEventConsistencyVerifier( 1012):   0: sent at 155358000000, KeyEvent { action=ACTION_UP, keyCode=KEYCODE_DPAD_CENTER, scanCode=0, metaState=0, flags=0x8, repeatCount=0, eventTime=155358, downTime=155358, deviceId=-1, source=0x101 }
D/InputEventConsistencyVerifier( 1012):   -- recent events --
D/InputEventConsistencyVerifier( 1012):   1: sent at 155208000000, (unhandled) KeyEvent { action=ACTION_UP, keyCode=KEYCODE_MEDIA_RECORD, scanCode=0, metaState=0, flags=0x8, repeatCount=0, eventTime=155208, downTime=155208, deviceId=-1, source=0x101 }
D/InputEventConsistencyVerifier( 1012):   2: sent at 154953000000, (unhandled) KeyEvent { action=ACTION_DOWN, keyCode=KEYCODE_MEDIA_RECORD, scanCode=0, metaState=0, flags=0x8, repeatCount=0, eventTime=154953, downTime=154953, deviceId=-1, source=0x101 }
D/InputEventConsistencyVerifier( 1012):   3: sent at 154937000000, MotionEvent { action=ACTION_UP, id[0]=0, x[0]=27.0, y[0]=399.0, toolType[0]=TOOL_TYPE_UNKNOWN, buttonState=0, metaState=0, flags=0x0, edgeFlags=0x0, pointerCount=1, historySize=0, eventTime=154937, downTime=154889, deviceId=0, source=0x1002 }
D/InputEventConsistencyVerifier( 1012):   4: sent at 154934000000, MotionEvent { action=ACTION_MOVE, id[0]=0, x[0]=27.0, y[0]=406.0, toolType[0]=TOOL_TYPE_UNKNOWN, buttonState=0, metaState=0, flags=0x0, edgeFlags=0x0, pointerCount=1, historySize=7, eventTime=154934, downTime=154889, deviceId=0, source=0x1002 }
D/InputEventConsistencyVerifier( 1012):   5: sent at 154901000000, MotionEvent { action=ACTION_DOWN, id[0]=0, x[0]=24.0, y[0]=441.0, toolType[0]=TOOL_TYPE_UNKNOWN, buttonState=0, metaState=0, flags=0x0, edgeFlags=0x0, pointerCount=1, historySize=0, eventTime=154901, downTime=154889, deviceId=0, source=0x1002 }
E/WVMExtractor(   63): Failed to open libwvm.so
I/ActivityManager(  232): START {act=android.intent.action.MAIN cat=[android.intent.category.HOME] flg=0x10200000 cmp=com.android.launcher/com.android.launcher2.Launcher u=0} from pid 232
E/WVMExtractor(   63): Failed to open libwvm.so
E/WVMExtractor(   63): Failed to open libwvm.so
I/InputDispatcher(  232): Dropped event because of pending overdue app switch.
W/InputManager(  232): Input event injection from pid 994 failed.
D/InputEventConsistencyVerifier( 1012): KeyEvent: ACTION_UP but key was not down.
D/InputEventConsistencyVerifier( 1012):   in com.android.internal.policy.impl.PhoneWindow$DecorView@b3dd9468
D/InputEventConsistencyVerifier( 1012):   0: sent at 156773000000, KeyEvent { action=ACTION_UP, keyCode=KEYCODE_DPAD_DOWN, scanCode=0, metaState=0, flags=0x400, repeatCount=0, eventTime=156773, downTime=156773, deviceId=-1, source=0x101 }
D/InputEventConsistencyVerifier( 1012):   -- recent events --
D/InputEventConsistencyVerifier( 1012):   1: sent at 156352000000, (unhandled) MotionEvent { action=ACTION_MOVE, id[0]=0, x[0]=4.0, y[0]=-3.0, toolType[0]=TOOL_TYPE_UNKNOWN, buttonState=0, metaState=0, flags=0x0, edgeFlags=0x0, pointerCount=1, historySize=3, eventTime=156352, downTime=-1, deviceId=0, source=0x10004 }
D/InputEventConsistencyVerifier( 1012):   2: sent at 156369000000, MotionEvent { action=ACTION_UP, id[0]=0, x[0]=473.0, y[0]=405.0, toolType[0]=TOOL_TYPE_UNKNOWN, buttonState=0, metaState=0, flags=0x0, edgeFlags=0x0, pointerCount=1, historySize=0, eventTime=156369, downTime=156355, deviceId=0, source=0x1002 }
D/InputEventConsistencyVerifier( 1012):   3: sent at 156367000000, MotionEvent { action=ACTION_MOVE, id[0]=0, x[0]=472.0, y[0]=398.0, toolType[0]=TOOL_TYPE_UNKNOWN, buttonState=0, metaState=0, flags=0x0, edgeFlags=0x0, pointerCount=1, historySize=2, eventTime=156367, downTime=156355, deviceId=0, source=0x1002 }
D/InputEventConsistencyVerifier( 1012):   4: sent at 156316000000, (unhandled) MotionEvent { action=ACTION_MOVE, id[0]=0, x[0]=4.0, y[0]=4.0, toolType[0]=TOOL_TYPE_UNKNOWN, buttonState=0, metaState=0, flags=0x0, edgeFlags=0x0, pointerCount=1, historySize=0, eventTime=156316, downTime=-1, deviceId=0, source=0x10004 }
D/InputEventConsistencyVerifier( 1012):   5: sent at 156357000000, MotionEvent { action=ACTION_DOWN, id[0]=0, x[0]=460.0, y[0]=390.0, toolType[0]=TOOL_TYPE_UNKNOWN, buttonState=0, metaState=0, flags=0x0, edgeFlags=0x0, pointerCount=1, historySize=0, eventTime=156357, downTime=156355, deviceId=0, source=0x1002 }
E/WVMExtractor(   63): Failed to open libwvm.so
E/WVMExtractor(   63): Failed to open libwvm.so
E/WVMExtractor(   63): Failed to open libwvm.so
D/InputEventConsistencyVerifier( 1012): KeyEvent: ACTION_UP but key was not down.
D/InputEventConsistencyVerifier( 1012):   in com.android.internal.policy.impl.PhoneWindow$DecorView@b3dd9468
D/InputEventConsistencyVerifier( 1012):   0: sent at 157717000000, KeyEvent { action=ACTION_UP, keyCode=KEYCODE_DPAD_DOWN, scanCode=0, metaState=0, flags=0x8, repeatCount=0, eventTime=157717, downTime=157717, deviceId=-1, source=0x101 }
D/InputEventConsistencyVerifier( 1012):   -- recent events --
D/InputEventConsistencyVerifier( 1012):   1: sent at 157685000000, MotionEvent { action=ACTION_UP, id[0]=0, x[0]=309.0, y[0]=522.0, toolType[0]=TOOL_TYPE_UNKNOWN, buttonState=0, metaState=0, flags=0x0, edgeFlags=0x0, pointerCount=1, historySize=0, eventTime=157685, downTime=156989, deviceId=0, source=0x1002 }
D/InputEventConsistencyVerifier( 1012):   2: sent at 156989000000, MotionEvent { action=ACTION_DOWN, id[0]=0, x[0]=305.0, y[0]=509.0, toolType[0]=TOOL_TYPE_UNKNOWN, buttonState=0, metaState=0, flags=0x0, edgeFlags=0x0, pointerCount=1, historySize=0, eventTime=156989, downTime=156989, deviceId=0, source=0x1002 }
D/InputEventConsistencyVerifier( 1012):   3: sent at 156981000000, MotionEvent { action=ACTION_UP, id[0]=0, x[0]=189.0, y[0]=558.0, toolType[0]=TOOL_TYPE_UNKNOWN, buttonState=0, metaState=0, flags=0x0, edgeFlags=0x0, pointerCount=1, historySize=0, eventTime=156981, downTime=156933, deviceId=0, source=0x1002 }
D/InputEventConsistencyVerifier( 1012):   4: sent at 156976000000, MotionEvent { action=ACTION_MOVE, id[0]=0, x[0]=185.0, y[0]=557.0, toolType[0]=TOOL_TYPE_UNKNOWN, buttonState=0, metaState=0, flags=0x0, edgeFlags=0x0, pointerCount=1, historySize=4, eventTime=156976, downTime=156933, deviceId=0, source=0x1002 }
D/InputEventConsistencyVerifier( 1012):   5: sent at 156935000000, MotionEvent { action=ACTION_DOWN, id[0]=0, x[0]=156.0, y[0]=542.0, toolType[0]=TOOL_TYPE_UNKNOWN, buttonState=0, metaState=0, flags=0x0, edgeFlags=0x0, pointerCount=1, historySize=0, eventTime=156935, downTime=156933, deviceId=0, source=0x1002 }
E/WVMExtractor(   63): Failed to open libwvm.so
W/DroidBox( 1050): DroidBox: { "ServiceStart": { "name": "com.android.music.MediaPlaybackService" } }
W/DroidBox( 1050): DroidBox: { "ServiceStart": { "name": "com.android.music.MediaPlaybackService" } }
D/InputEventConsistencyVerifier( 1012): KeyEvent: ACTION_UP but key was not down.
D/InputEventConsistencyVerifier( 1012):   in com.android.internal.policy.impl.PhoneWindow$DecorView@b3dd9468
D/InputEventConsistencyVerifier( 1012):   0: sent at 158206000000, KeyEvent { action=ACTION_UP, keyCode=KEYCODE_DPAD_CENTER, scanCode=0, metaState=0, flags=0x8, repeatCount=0, eventTime=158206, downTime=158206, deviceId=-1, source=0x101 }
D/InputEventConsistencyVerifier( 1012):   -- recent events --
D/InputEventConsistencyVerifier( 1012):   1: sent at 157978000000, (unhandled) KeyEvent { action=ACTION_UP, keyCode=KEYCODE_MEDIA_PLAY, scanCode=0, metaState=0, flags=0x8, repeatCount=0, eventTime=157978, downTime=157978, deviceId=-1, source=0x101 }
D/InputEventConsistencyVerifier( 1012):   2: sent at 157826000000, (unhandled) KeyEvent { action=ACTION_DOWN, keyCode=KEYCODE_MEDIA_PLAY, scanCode=0, metaState=0, flags=0x8, repeatCount=0, eventTime=157826, downTime=157826, deviceId=-1, source=0x101 }
D/InputEventConsistencyVerifier( 1012):   3: sent at 157817000000, MotionEvent { action=ACTION_UP, id[0]=0, x[0]=436.0, y[0]=614.0, toolType[0]=TOOL_TYPE_UNKNOWN, buttonState=0, metaState=0, flags=0x0, edgeFlags=0x0, pointerCount=1, historySize=0, eventTime=157817, downTime=157782, deviceId=0, source=0x1002 }
D/InputEventConsistencyVerifier( 1012):   4: sent at 157782000000, MotionEvent { action=ACTION_DOWN, id[0]=0, x[0]=449.0, y[0]=614.0, toolType[0]=TOOL_TYPE_UNKNOWN, buttonState=0, metaState=0, flags=0x0, edgeFlags=0x0, pointerCount=1, historySize=0, eventTime=157782, downTime=157782, deviceId=0, source=0x1002 }
D/InputEventConsistencyVerifier( 1012):   5: sent at 157717000000, (unhandled) KeyEvent { action=ACTION_UP, keyCode=KEYCODE_DPAD_DOWN, scanCode=0, metaState=0, flags=0x80000008, repeatCount=0, eventTime=157717, downTime=157717, deviceId=-1, source=0x101 }
I/AudioService(  232):  AudioFocus  requestAudioFocus() from android.media.AudioManager@b3de31d8com.android.music.MediaPlaybackService$3@b3de1a10
E/WVMExtractor(   63): Failed to open libwvm.so
I/Choreographer( 1012): Skipped 31 frames!  The application may be doing too much work on its main thread.
E/WVMExtractor(   63): Failed to open libwvm.so
I/AudioService(  232):   Remote Control   registerMediaButtonIntent() for PendingIntent{b3e77430: PendingIntentRecord{b4100460 com.android.music broadcastIntent}}
I/Choreographer( 1012): Skipped 50 frames!  The application may be doing too much work on its main thread.
E/WVMExtractor(   63): Failed to open libwvm.so
I/NetworkPolicy(  232): no policy for active mobile network; generating default policy
I/Choreographer( 1012): Skipped 58 frames!  The application may be doing too much work on its main thread.
W/dalvikvm(  232): DroidBox: { "FdAccess": { "path": "2f70726f632f3233322f6e65742f78745f717461677569642f7374617473", "id": "491859665" } }
W/DroidBox(  232): DroidBox: { "FileRW": { "operation": "read", "data": "69647820696661636520616363745f7461675f686578207569645f7461675f696e7420636e745f7365742072785f62797465732072785f7061636b6574732074785f62797465732074785f7061636b6574732072785f7463705f62797465732072785f74", "id": "491859665" } }
W/dalvikvm(  232): DroidBox: { "FdAccess": { "path": "2f70726f632f3233322f6e65742f78745f717461677569642f7374617473", "id": "132610368" } }
W/DroidBox(  232): DroidBox: { "FileRW": { "operation": "read", "data": "30203020302030203020302030203020302030203020300a300a300a300a300a300a203020300a3020300a203020300a300a3020302030203020302030203020302030203020302030203020300a20300a203020300a300a300a300a203020300a302030", "id": "132610368" } }
W/dalvikvm(  232): DroidBox: { "FdAccess": { "path": "2f70726f632f3233322f6e65742f78745f717461677569642f69666163655f737461745f666d74", "id": "1507732837" } }
W/DroidBox(  232): DroidBox: { "FileRW": { "operation": "read", "data": "69666e616d6520746f74616c5f736b625f72785f627974657320746f74616c5f736b625f72785f7061636b65747320746f74616c5f736b625f74785f627974657320746f74616c5f736b625f74785f7061636b6574732072785f7463705f627974657320", "id": "1507732837" } }
E/WVMExtractor(   63): Failed to open libwvm.so
W/dalvikvm(  232): DroidBox: { "FdAccess": { "path": "2f70726f632f3233322f6e65742f78745f717461677569642f69666163655f737461745f666d74", "id": "1294618231" } }
W/DroidBox(  232): DroidBox: { "FileRW": { "operation": "read", "data": "32343130373231203337303520302030203020302034363239363820323530382033343638203531203020300a203020300a3531203020300a203020300a203531203020300a203020300a34363239363820323530382033343638203531203020300a30", "id": "1294618231" } }
W/dalvikvm(  232): DroidBox: { "FdAccess": { "path": "2f70726f632f3233322f6e65742f78745f717461677569642f69666163655f737461745f616c6c", "id": "1596518028" } }
W/DroidBox(  232): DroidBox: { "FileRW": { "operation": "read", "data": "6c6f20312030203020302030203234323420333720323432342033370a6574683020312030203020302030203234373639303620333732332035303530363420323538340a00000000000000000000000000000000000000000000000000000000000000", "id": "1596518028" } }
W/dalvikvm(  232): DroidBox: { "FdAccess": { "path": "2f70726f632f3233322f6e65742f78745f717461677569642f69666163655f737461745f616c6c", "id": "1360657673" } }
W/DroidBox(  232): DroidBox: { "FileRW": { "operation": "read", "data": "323538340a3420323538340a323538340a363420323538340a340a340a340a340a340a323538340a38340a323538340a38340a323538340a340a340a340a340a340a38340a00000000000000000000000000000000000000000000000000000000000000", "id": "1360657673" } }
I/Choreographer( 1012): Skipped 66 frames!  The application may be doing too much work on its main thread.
I/Choreographer(  232): Skipped 47 frames!  The application may be doing too much work on its main thread.
W/dalvikvm(  994): DroidBox: { "FdAccess": { "path": "2f6465762f696e7075742f6576656e7430", "id": "1738562979" } }
W/DroidBox(  994): DroidBox: { "FileRW": { "operation": "write", "data": "efbfbd060000efbfbdefbfbd0c000500000000000000", "id": "1738562979" } }
E/NetdConnector(  232): NDC Command {11 bandwidth setiquota eth0 9223372036854775807} took too long (1145ms)
E/NetdConnector(  232): NDC Command {12 bandwidth setglobalalert 2097152} took too long (654ms)
E/WVMExtractor(   63): Failed to open libwvm.so
I/Choreographer( 1012): Skipped 158 frames!  The application may be doing too much work on its main thread.
E/WVMExtractor(   63): Failed to open libwvm.so
D/InputEventConsistencyVerifier( 1012): KeyEvent: ACTION_UP but key was not down.
D/InputEventConsistencyVerifier( 1012):   in android.view.ViewRootImpl@b3dc4d08
D/InputEventConsistencyVerifier( 1012):   0: sent at 161644000000, KeyEvent { action=ACTION_UP, keyCode=KEYCODE_NUMPAD_DIVIDE, scanCode=0, metaState=0, flags=0x8, repeatCount=0, eventTime=161644, downTime=161644, deviceId=-1, source=0x101 }
D/InputEventConsistencyVerifier( 1012):   -- recent events --
D/InputEventConsistencyVerifier( 1012):   1: sent at 160756000000, MotionEvent { action=ACTION_UP, id[0]=0, x[0]=401.0, y[0]=438.0, toolType[0]=TOOL_TYPE_UNKNOWN, buttonState=0, metaState=0, flags=0x0, edgeFlags=0x0, pointerCount=1, historySize=0, eventTime=160756, downTime=160684, deviceId=0, source=0x1002 }
D/InputEventConsistencyVerifier( 1012):   2: sent at 160754000000, MotionEvent { action=ACTION_MOVE, id[0]=0, x[0]=403.0, y[0]=421.0, toolType[0]=TOOL_TYPE_UNKNOWN, buttonState=0, metaState=0, flags=0x0, edgeFlags=0x0, pointerCount=1, historySize=5, eventTime=160754, downTime=160684, deviceId=0, source=0x1002 }
D/InputEventConsistencyVerifier( 1012):   3: sent at 160686000000, MotionEvent { action=ACTION_DOWN, id[0]=0, x[0]=418.0, y[0]=343.0, toolType[0]=TOOL_TYPE_UNKNOWN, buttonState=0, metaState=0, flags=0x0, edgeFlags=0x0, pointerCount=1, historySize=0, eventTime=160686, downTime=160684, deviceId=0, source=0x1002 }
D/InputEventConsistencyVerifier( 1012):   4: sent at 159647000000, MotionEvent { action=ACTION_UP, id[0]=0, x[0]=203.0, y[0]=151.0, toolType[0]=TOOL_TYPE_UNKNOWN, buttonState=0, metaState=0, flags=0x0, edgeFlags=0x0, pointerCount=1, historySize=0, eventTime=159647, downTime=159632, deviceId=0, source=0x1002 }
D/InputEventConsistencyVerifier( 1012):   5: sent at 159633000000, MotionEvent { action=ACTION_DOWN, id[0]=0, x[0]=190.0, y[0]=138.0, toolType[0]=TOOL_TYPE_UNKNOWN, buttonState=0, metaState=0, flags=0x0, edgeFlags=0x0, pointerCount=1, historySize=0, eventTime=159633, downTime=159632, deviceId=0, source=0x1002 }
I/Choreographer( 1012): Skipped 108 frames!  The application may be doing too much work on its main thread.
W/InputMethodManagerService(  232): Window already focused, ignoring focus gain of: com.android.internal.view.IInputMethodClient$Stub$Proxy@b40083f8 attribute=null
I/Choreographer( 1012): Skipped 44 frames!  The application may be doing too much work on its main thread.
I/ActivityManager(  232): START {act=android.intent.action.MAIN cat=[android.intent.category.HOME] flg=0x10200000 cmp=com.android.launcher/com.android.launcher2.Launcher u=0} from pid 232
E/WVMExtractor(   63): Failed to open libwvm.so
I/Choreographer( 1012): Skipped 64 frames!  The application may be doing too much work on its main thread.
I/Choreographer( 1012): Skipped 31 frames!  The application may be doing too much work on its main thread.
E/NetdConnector(  232): NDC Command {14 bandwidth setiquota eth0 9223372036854775807} took too long (1342ms)
I/InputDispatcher(  232): Dropped event because of pending overdue app switch.
W/InputManager(  232): Input event injection from pid 994 failed.
I/ActivityManager(  232): START {act=android.intent.action.MAIN cat=[android.intent.category.LAUNCHER] flg=0x10200000 cmp=net.mwkekdsf/.Main u=0} from pid 994
E/WVMExtractor(   63): Failed to open libwvm.so
E/WVMExtractor(   63): Failed to open libwvm.so
E/WVMExtractor(   63): Failed to open libwvm.so
D/InputEventConsistencyVerifier( 1012): KeyEvent: ACTION_UP but key was not down.
D/InputEventConsistencyVerifier( 1012):   in com.android.internal.policy.impl.PhoneWindow$DecorView@b3dd9468
D/InputEventConsistencyVerifier( 1012):   0: sent at 163861000000, KeyEvent { action=ACTION_UP, keyCode=KEYCODE_DPAD_RIGHT, scanCode=0, metaState=0, flags=0x8, repeatCount=0, eventTime=163861, downTime=163861, deviceId=-1, source=0x101 }
D/InputEventConsistencyVerifier( 1012):   -- recent events --
D/InputEventConsistencyVerifier( 1012):   1: sent at 163752000000, MotionEvent { action=ACTION_UP, id[0]=0, x[0]=415.0, y[0]=230.0, toolType[0]=TOOL_TYPE_UNKNOWN, buttonState=0, metaState=0, flags=0x0, edgeFlags=0x0, pointerCount=1, historySize=0, eventTime=163752, downTime=163746, deviceId=0, source=0x1002 }
D/InputEventConsistencyVerifier( 1012):   2: sent at 163746000000, MotionEvent { action=ACTION_DOWN, id[0]=0, x[0]=415.0, y[0]=245.0, toolType[0]=TOOL_TYPE_UNKNOWN, buttonState=0, metaState=0, flags=0x0, edgeFlags=0x0, pointerCount=1, historySize=0, eventTime=163746, downTime=163746, deviceId=0, source=0x1002 }
D/InputEventConsistencyVerifier( 1012):   3: sent at 163716000000, (unhandled) KeyEvent { action=ACTION_UP, keyCode=KEYCODE_DPAD_CENTER, scanCode=0, metaState=0, flags=0x8, repeatCount=0, eventTime=163716, downTime=163716, deviceId=-1, source=0x101 }
D/InputEventConsistencyVerifier( 1012):   4: sent at 163667000000, (unhandled) KeyEvent { action=ACTION_DOWN, keyCode=KEYCODE_DPAD_CENTER, scanCode=0, metaState=0, flags=0x8, repeatCount=0, eventTime=163667, downTime=163667, deviceId=-1, source=0x101 }
D/InputEventConsistencyVerifier( 1012):   5: sent at 163633000000, (unhandled) KeyEvent { action=ACTION_UP, keyCode=KEYCODE_DPAD_RIGHT, scanCode=0, metaState=0, flags=0x8, repeatCount=0, eventTime=163633, downTime=163633, deviceId=-1, source=0x101 }
E/WVMExtractor(   63): Failed to open libwvm.so
E/WVMExtractor(   63): Failed to open libwvm.so
E/WVMExtractor(   63): Failed to open libwvm.so
I/Choreographer( 1012): Skipped 41 frames!  The application may be doing too much work on its main thread.
E/WVMExtractor(   63): Failed to open libwvm.so
I/Choreographer( 1012): Skipped 34 frames!  The application may be doing too much work on its main thread.
E/WVMExtractor(   63): Failed to open libwvm.so
W/InputMethodManagerService(  232): Window already focused, ignoring focus gain of: com.android.internal.view.IInputMethodClient$Stub$Proxy@b3e7bb28 attribute=android.view.inputmethod.EditorInfo@b3e7bb40
I/Choreographer( 1012): Skipped 40 frames!  The application may be doing too much work on its main thread.
E/WVMExtractor(   63): Failed to open libwvm.so
D/InputEventConsistencyVerifier( 1012): KeyEvent: ACTION_UP but key was not down.
D/InputEventConsistencyVerifier( 1012):   in com.android.internal.policy.impl.PhoneWindow$DecorView@b3dd9468
D/InputEventConsistencyVerifier( 1012):   0: sent at 165635000000, KeyEvent { action=ACTION_UP, keyCode=KEYCODE_DPAD_RIGHT, scanCode=0, metaState=0, flags=0x8, repeatCount=0, eventTime=165635, downTime=165635, deviceId=-1, source=0x101 }
D/InputEventConsistencyVerifier( 1012):   -- recent events --
D/InputEventConsistencyVerifier( 1012):   1: sent at 164746000000, MotionEvent { action=ACTION_UP, id[0]=0, x[0]=189.0, y[0]=548.0, toolType[0]=TOOL_TYPE_UNKNOWN, buttonState=0, metaState=0, flags=0x0, edgeFlags=0x0, pointerCount=1, historySize=0, eventTime=164746, downTime=164738, deviceId=0, source=0x1002 }
D/InputEventConsistencyVerifier( 1012):   2: sent at 164738000000, MotionEvent { action=ACTION_DOWN, id[0]=0, x[0]=204.0, y[0]=556.0, toolType[0]=TOOL_TYPE_UNKNOWN, buttonState=0, metaState=0, flags=0x0, edgeFlags=0x0, pointerCount=1, historySize=0, eventTime=164738, downTime=164738, deviceId=0, source=0x1002 }
D/InputEventConsistencyVerifier( 1012):   3: sent at 164695000000, (unhandled) KeyEvent { action=ACTION_UP, keyCode=KEYCODE_MENU, scanCode=0, metaState=0, flags=0x8, repeatCount=0, eventTime=164695, downTime=164695, deviceId=-1, source=0x101 }
D/InputEventConsistencyVerifier( 1012):   4: sent at 164674000000, (unhandled) KeyEvent { action=ACTION_DOWN, keyCode=KEYCODE_MENU, scanCode=0, metaState=0, flags=0x8, repeatCount=0, eventTime=164674, downTime=164674, deviceId=-1, source=0x101 }
D/InputEventConsistencyVerifier( 1012):   5: sent at 164607000000, (unhandled) KeyEvent { action=ACTION_UP, keyCode=KEYCODE_DPAD_LEFT, scanCode=0, metaState=0, flags=0x8, repeatCount=0, eventTime=164607, downTime=164607, deviceId=-1, source=0x101 }
E/WVMExtractor(   63): Failed to open libwvm.so
D/InputEventConsistencyVerifier( 1012): KeyEvent: ACTION_UP but key was not down.
D/InputEventConsistencyVerifier( 1012):   in com.android.internal.policy.impl.PhoneWindow$DecorView@b3dd9468
D/InputEventConsistencyVerifier( 1012):   0: sent at 166280000000, KeyEvent { action=ACTION_UP, keyCode=KEYCODE_DPAD_DOWN, scanCode=0, metaState=0, flags=0x400, repeatCount=0, eventTime=166280, downTime=166280, deviceId=-1, source=0x101 }
D/InputEventConsistencyVerifier( 1012):   -- recent events --
D/InputEventConsistencyVerifier( 1012):   1: sent at 166148000000, (unhandled) MotionEvent { action=ACTION_MOVE, id[0]=0, x[0]=2.0, y[0]=3.0, toolType[0]=TOOL_TYPE_UNKNOWN, buttonState=0, metaState=0, flags=0x0, edgeFlags=0x0, pointerCount=1, historySize=9, eventTime=166148, downTime=-1, deviceId=0, source=0x10004 }
D/InputEventConsistencyVerifier( 1012):   2: sent at 166181000000, MotionEvent { action=ACTION_UP, id[0]=0, x[0]=470.0, y[0]=627.0, toolType[0]=TOOL_TYPE_UNKNOWN, buttonState=0, metaState=0, flags=0x0, edgeFlags=0x0, pointerCount=1, historySize=0, eventTime=166181, downTime=166174, deviceId=0, source=0x1002 }
D/InputEventConsistencyVerifier( 1012):   3: sent at 166175000000, MotionEvent { action=ACTION_DOWN, id[0]=0, x[0]=458.0, y[0]=621.0, toolType[0]=TOOL_TYPE_UNKNOWN, buttonState=0, metaState=0, flags=0x0, edgeFlags=0x0, pointerCount=1, historySize=0, eventTime=166175, downTime=166174, deviceId=0, source=0x1002 }
D/InputEventConsistencyVerifier( 1012):   4: sent at 166090000000, (unhandled) KeyEvent { action=ACTION_UP, keyCode=KEYCODE_DPAD_DOWN, scanCode=0, metaState=0, flags=0x8, repeatCount=0, eventTime=166090, downTime=166090, deviceId=-1, source=0x101 }
D/InputEventConsistencyVerifier( 1012):   5: sent at 165866000000, (unhandled) KeyEvent { action=ACTION_DOWN, keyCode=KEYCODE_DPAD_DOWN, scanCode=0, metaState=0, flags=0x8, repeatCount=0, eventTime=165866, downTime=165866, deviceId=-1, source=0x101 }
E/WVMExtractor(   63): Failed to open libwvm.so
E/WVMExtractor(   63): Failed to open libwvm.so
E/WVMExtractor(   63): Failed to open libwvm.so
E/WVMExtractor(   63): Failed to open libwvm.so
D/InputEventConsistencyVerifier(  425): TouchEvent: ACTION_DOWN but pointers are already down.  Probably missing ACTION_UP from previous gesture.
D/InputEventConsistencyVerifier(  425):   in android.view.ScaleGestureDetector@b3ea2e18
D/InputEventConsistencyVerifier(  425):   0: sent at 167831000000, MotionEvent { action=ACTION_DOWN, id[0]=0, x[0]=78.0, y[0]=13.0, toolType[0]=TOOL_TYPE_UNKNOWN, buttonState=0, metaState=0, flags=0x0, edgeFlags=0x0, pointerCount=1, historySize=0, eventTime=167831, downTime=167830, deviceId=0, source=0x1002 }
D/InputEventConsistencyVerifier(  425):   -- recent events --
D/InputEventConsistencyVerifier(  425):   1: sent at 132818000000, MotionEvent { action=ACTION_DOWN, id[0]=0, x[0]=280.0, y[0]=321.0, toolType[0]=TOOL_TYPE_UNKNOWN, buttonState=0, metaState=0, flags=0x0, edgeFlags=0x0, pointerCount=1, historySize=0, eventTime=132818, downTime=132818, deviceId=0, source=0x1002 }
D/InputEventConsistencyVerifier(  425):   2: sent at 132780000000, MotionEvent { action=ACTION_UP, id[0]=0, x[0]=350.6316, y[0]=44.31579, toolType[0]=TOOL_TYPE_UNKNOWN, buttonState=0, metaState=0, flags=0x0, edgeFlags=0x0, pointerCount=1, historySize=0, eventTime=132780, downTime=132645, deviceId=0, source=0x1002 }
D/InputEventConsistencyVerifier(  425):   3: sent at 132747000000, MotionEvent { action=ACTION_POINTER_UP(1), id[0]=0, x[0]=350.6316, y[0]=44.31579, toolType[0]=TOOL_TYPE_UNKNOWN, id[1]=1, x[1]=451.0, y[1]=45.0, toolType[1]=TOOL_TYPE_UNKNOWN, buttonState=0, metaState=0, flags=0x0, edgeFlags=0x0, pointerCount=2, historySize=0, eventTime=132747, downTime=132645, deviceId=0, source=0x1002 }
D/InputEventConsistencyVerifier(  425):   4: sent at 132673000000, MotionEvent { action=ACTION_MOVE, id[0]=0, x[0]=350.6316, y[0]=44.31579, toolType[0]=TOOL_TYPE_UNKNOWN, id[1]=1, x[1]=451.0, y[1]=45.0, toolType[1]=TOOL_TYPE_UNKNOWN, buttonState=0, metaState=0, flags=0x0, edgeFlags=0x0, pointerCount=2, historySize=1, eventTime=132673, downTime=132645, deviceId=0, source=0x1002 }
D/InputEventConsistencyVerifier(  425):   5: sent at 132655000000, MotionEvent { action=ACTION_POINTER_DOWN(1), id[0]=0, x[0]=344.0, y[0]=31.0, toolType[0]=TOOL_TYPE_UNKNOWN, id[1]=1, x[1]=437.0, y[1]=46.0, toolType[1]=TOOL_TYPE_UNKNOWN, buttonState=0, metaState=0, flags=0x0, edgeFlags=0x0, pointerCount=2, historySize=0, eventTime=132655, downTime=132645, deviceId=0, source=0x1002 }
E/WVMExtractor(   63): Failed to open libwvm.so
D/InputEventConsistencyVerifier(  425): KeyEvent: ACTION_UP but key was not down.
D/InputEventConsistencyVerifier(  425):   in com.android.systemui.statusbar.phone.StatusBarWindowView@b3e031d8
D/InputEventConsistencyVerifier(  425):   0: sent at 167933000000, KeyEvent { action=ACTION_UP, keyCode=KEYCODE_DPAD_DOWN, scanCode=0, metaState=0, flags=0x8, repeatCount=0, eventTime=167933, downTime=167933, deviceId=-1, source=0x101 }
D/InputEventConsistencyVerifier(  425):   -- recent events --
D/InputEventConsistencyVerifier(  425):   1: sent at 167839000000, MotionEvent { action=ACTION_UP, id[0]=0, x[0]=86.0, y[0]=5.0, toolType[0]=TOOL_TYPE_UNKNOWN, buttonState=0, metaState=0, flags=0x0, edgeFlags=0x0, pointerCount=1, historySize=0, eventTime=167839, downTime=167830, deviceId=0, source=0x1002 }
D/InputEventConsistencyVerifier(  425):   2: sent at 167831000000, MotionEvent { action=ACTION_DOWN, id[0]=0, x[0]=78.0, y[0]=13.0, toolType[0]=TOOL_TYPE_UNKNOWN, buttonState=0, metaState=0, flags=0x0, edgeFlags=0x0, pointerCount=1, historySize=0, eventTime=167831, downTime=167830, deviceId=0, source=0x1002 }
D/InputEventConsistencyVerifier(  425):   3: sent at 134019000000, (unhandled) KeyEvent { action=ACTION_UP, keyCode=KEYCODE_DPAD_CENTER, scanCode=0, metaState=0, flags=0x28, repeatCount=0, eventTime=134019, downTime=133949, deviceId=-1, source=0x101 }
D/InputEventConsistencyVerifier(  425):   4: sent at 133949000000, (unhandled) KeyEvent { action=ACTION_DOWN, keyCode=KEYCODE_DPAD_CENTER, scanCode=0, metaState=0, flags=0x8, repeatCount=0, eventTime=133949, downTime=133949, deviceId=-1, source=0x101 }
D/InputEventConsistencyVerifier(  425):   5: sent at 133836000000, (unhandled) KeyEvent { action=ACTION_UP, keyCode=KEYCODE_DPAD_DOWN, scanCode=0, metaState=0, flags=0x80000008, repeatCount=0, eventTime=133836, downTime=133836, deviceId=-1, source=0x101 }
D/InputEventConsistencyVerifier(  425): KeyEvent: ACTION_UP but key was not down.
D/InputEventConsistencyVerifier(  425):   in android.widget.FrameLayout@b3e22d28
D/InputEventConsistencyVerifier(  425):   0: sent at 167998000000, KeyEvent { action=ACTION_UP, keyCode=KEYCODE_DPAD_DOWN, scanCode=0, metaState=0, flags=0x8, repeatCount=0, eventTime=167998, downTime=167998, deviceId=-1, source=0x101 }
D/InputEventConsistencyVerifier(  425):   -- recent events --
D/InputEventConsistencyVerifier(  425):   1: sent at 134019000000, (unhandled) KeyEvent { action=ACTION_UP, keyCode=KEYCODE_DPAD_CENTER, scanCode=0, metaState=0, flags=0x28, repeatCount=0, eventTime=134019, downTime=133949, deviceId=-1, source=0x101 }
D/InputEventConsistencyVerifier(  425):   2: sent at 133949000000, (unhandled) KeyEvent { action=ACTION_DOWN, keyCode=KEYCODE_DPAD_CENTER, scanCode=0, metaState=0, flags=0x8, repeatCount=0, eventTime=133949, downTime=133949, deviceId=-1, source=0x101 }
D/InputEventConsistencyVerifier(  425):   3: sent at 133836000000, (unhandled) KeyEvent { action=ACTION_UP, keyCode=KEYCODE_DPAD_DOWN, scanCode=0, metaState=0, flags=0x80000008, repeatCount=0, eventTime=133836, downTime=133836, deviceId=-1, source=0x101 }
D/InputEventConsistencyVerifier(  425):   4: sent at 133677000000, (unhandled) KeyEvent { action=ACTION_UP, keyCode=KEYCODE_VOLUME_DOWN, scanCode=0, metaState=0, flags=0x8, repeatCount=0, eventTime=133677, downTime=133677, deviceId=-1, source=0x101 }
D/InputEventConsistencyVerifier(  425):   5: sent at 133492000000, (unhandled) KeyEvent { action=ACTION_DOWN, keyCode=KEYCODE_VOLUME_DOWN, scanCode=0, metaState=0, flags=0x8, repeatCount=0, eventTime=133492, downTime=133492, deviceId=-1, source=0x101 }
W/dalvikvm(  425): DroidBox: { "FdAccess": { "path": "2f70726f632f6d656d696e666f", "id": "1609542483" } }
W/DroidBox(  425): DroidBox: { "FileRW": { "operation": "read", "data": "4d656d546f74616c3a202020202020202020373438393634206b420a4d656d467265653a20202020202020202020343436343034206b420a427566666572733a20202020202020202020202035333830206b420a4361636865643a202020202020202020", "id": "1609542483" } }
I/Choreographer(  425): Skipped 41 frames!  The application may be doing too much work on its main thread.
W/dalvikvm(  425): DroidBox: { "FdAccess": { "path": "2f70726f632f6d656d696e666f", "id": "627907323" } }
W/DroidBox(  425): DroidBox: { "FileRW": { "operation": "read", "data": "4d656d546f74616c3a202020202020202020373438393634206b420a4d656d467265653a20202020202020202020343436343034206b420a427566666572733a20202020202020202020202035333830206b420a4361636865643a202020202020202020", "id": "627907323" } }
I/Choreographer( 1012): Skipped 83 frames!  The application may be doing too much work on its main thread.
D/InputEventConsistencyVerifier( 1012): KeyEvent: ACTION_UP but key was not down.
D/InputEventConsistencyVerifier( 1012):   in com.android.internal.policy.impl.PhoneWindow$DecorView@b3dd9468
D/InputEventConsistencyVerifier( 1012):   0: sent at 167904000000, KeyEvent { action=ACTION_UP, keyCode=KEYCODE_DPAD_DOWN, scanCode=0, metaState=0, flags=0x400, repeatCount=0, eventTime=167904, downTime=167904, deviceId=-1, source=0x101 }
D/InputEventConsistencyVerifier( 1012):   -- recent events --
D/InputEventConsistencyVerifier( 1012):   1: sent at 167641000000, (unhandled) MotionEvent { action=ACTION_MOVE, id[0]=0, x[0]=1.0, y[0]=2.0, toolType[0]=TOOL_TYPE_UNKNOWN, buttonState=0, metaState=0, flags=0x0, edgeFlags=0x0, pointerCount=1, historySize=9, eventTime=167641, downTime=-1, deviceId=0, source=0x10004 }
D/InputEventConsistencyVerifier( 1012):   2: sent at 167813000000, MotionEvent { action=ACTION_UP, id[0]=0, x[0]=315.0, y[0]=550.0, toolType[0]=TOOL_TYPE_UNKNOWN, buttonState=0, metaState=0, flags=0x0, edgeFlags=0x0, pointerCount=1, historySize=0, eventTime=167813, downTime=167685, deviceId=0, source=0x1002 }
D/InputEventConsistencyVerifier( 1012):   3: sent at 167810000000, MotionEvent { action=ACTION_MOVE, id[0]=0, x[0]=316.0, y[0]=551.0, toolType[0]=TOOL_TYPE_UNKNOWN, buttonState=0, metaState=0, flags=0x0, edgeFlags=0x0, pointerCount=1, historySize=7, eventTime=167810, downTime=167685, deviceId=0, source=0x1002 }
D/InputEventConsistencyVerifier( 1012):   4: sent at 167687000000, MotionEvent { action=ACTION_DOWN, id[0]=0, x[0]=319.0, y[0]=616.0, toolType[0]=TOOL_TYPE_UNKNOWN, buttonState=0, metaState=0, flags=0x0, edgeFlags=0x0, pointerCount=1, historySize=0, eventTime=167687, downTime=167685, deviceId=0, source=0x1002 }
D/InputEventConsistencyVerifier( 1012):   5: sent at 167601000000, MotionEvent { action=ACTION_UP, id[0]=0, x[0]=289.0, y[0]=430.0, toolType[0]=TOOL_TYPE_UNKNOWN, buttonState=0, metaState=0, flags=0x0, edgeFlags=0x0, pointerCount=1, historySize=0, eventTime=167601, downTime=167593, deviceId=0, source=0x1002 }
D/InputEventConsistencyVerifier(  425): TouchEvent: ACTION_DOWN but pointers are already down.  Probably missing ACTION_UP from previous gesture.
D/InputEventConsistencyVerifier(  425):   in android.view.ScaleGestureDetector@b3ea2e18
D/InputEventConsistencyVerifier(  425):   0: sent at 168130000000, MotionEvent { action=ACTION_DOWN, id[0]=0, x[0]=1.0, y[0]=186.0, toolType[0]=TOOL_TYPE_UNKNOWN, buttonState=0, metaState=0, flags=0x0, edgeFlags=0x0, pointerCount=1, historySize=0, eventTime=168130, downTime=168129, deviceId=0, source=0x1002 }
D/InputEventConsistencyVerifier(  425):   -- recent events --
D/InputEventConsistencyVerifier(  425):   1: sent at 168040000000, MotionEvent { action=ACTION_DOWN, id[0]=0, x[0]=9.0, y[0]=725.0, toolType[0]=TOOL_TYPE_UNKNOWN, buttonState=0, metaState=0, flags=0x0, edgeFlags=0x0, pointerCount=1, historySize=0, eventTime=168040, downTime=168040, deviceId=0, source=0x1002 }
D/InputEventConsistencyVerifier(  425):   2: sent at 167839000000, MotionEvent { action=ACTION_UP, id[0]=0, x[0]=86.0, y[0]=5.0, toolType[0]=TOOL_TYPE_UNKNOWN, buttonState=0, metaState=0, flags=0x0, edgeFlags=0x0, pointerCount=1, historySize=0, eventTime=167839, downTime=167830, deviceId=0, source=0x1002 }
D/InputEventConsistencyVerifier(  425):   3: sent at 167831000000, MotionEvent { action=ACTION_DOWN, id[0]=0, x[0]=78.0, y[0]=13.0, toolType[0]=TOOL_TYPE_UNKNOWN, buttonState=0, metaState=0, flags=0x80000000, edgeFlags=0x0, pointerCount=1, historySize=0, eventTime=167831, downTime=167830, deviceId=0, source=0x1002 }
D/InputEventConsistencyVerifier(  425):   4: sent at 132818000000, MotionEvent { action=ACTION_DOWN, id[0]=0, x[0]=280.0, y[0]=321.0, toolType[0]=TOOL_TYPE_UNKNOWN, buttonState=0, metaState=0, flags=0x0, edgeFlags=0x0, pointerCount=1, historySize=0, eventTime=132818, downTime=132818, deviceId=0, source=0x1002 }
