D/InputEventConsistencyVerifier( 1077):   2: sent at 180287000000, MotionEvent { action=ACTION_MOVE, id[0]=0, x[0]=1.0, y[0]=320.0, toolType[0]=TOOL_TYPE_UNKNOWN, buttonState=0, metaState=0, flags=0x0, edgeFlags=0x0, pointerCount=1, historySize=0, eventTime=180287, downTime=180048, deviceId=0, source=0x1002 }
D/InputEventConsistencyVerifier( 1077):   3: sent at 180210509310, MotionEvent { action=ACTION_MOVE, id[0]=0, x[0]=1.0, y[0]=314.59155, toolType[0]=TOOL_TYPE_UNKNOWN, buttonState=0, metaState=0, flags=0x0, edgeFlags=0x0, pointerCount=1, historySize=1, eventTime=180210, downTime=180048, deviceId=0, source=0x1002 }
D/InputEventConsistencyVerifier( 1077):   4: sent at 180184000000, MotionEvent { action=ACTION_MOVE, id[0]=0, x[0]=1.5, y[0]=307.0, toolType[0]=TOOL_TYPE_UNKNOWN, buttonState=0, metaState=0, flags=0x0, edgeFlags=0x0, pointerCount=1, historySize=3, eventTime=180184, downTime=180048, deviceId=0, source=0x1002 }
D/InputEventConsistencyVerifier( 1077):   5: sent at 180133000000, MotionEvent { action=ACTION_DOWN, id[0]=0, x[0]=5.0, y[0]=294.0, toolType[0]=TOOL_TYPE_UNKNOWN, buttonState=0, metaState=0, flags=0x0, edgeFlags=0x0, pointerCount=1, historySize=0, eventTime=180133, downTime=180048, deviceId=0, source=0x1002 }
I/Choreographer( 1077): Skipped 121 frames!  The application may be doing too much work on its main thread.
I/Choreographer(  492): Skipped 375 frames!  The application may be doing too much work on its main thread.
D/InputEventConsistencyVerifier( 1077): KeyEvent: ACTION_UP but key was not down.
D/InputEventConsistencyVerifier( 1077):   in android.widget.LinearLayout@b3f70b18
D/InputEventConsistencyVerifier( 1077):   0: sent at 182897000000, KeyEvent { action=ACTION_UP, keyCode=KEYCODE_DPAD_RIGHT, scanCode=0, metaState=0, flags=0x8, repeatCount=0, eventTime=182897, downTime=182897, deviceId=-1, source=0x101 }
I/InputAttributes(  492): InputType.TYPE_NULL is specified
I/Choreographer(  492): Skipped 229 frames!  The application may be doing too much work on its main thread.
I/Choreographer( 1077): Skipped 75 frames!  The application may be doing too much work on its main thread.
V/log     ( 1077): Next
I/ActivityManager(  233): START {act=android.intent.action.VIEW dat=http://red.androfiles.com/get/7ap2E cmp=com.android.browser/.BrowserActivity u=0} from pid 1077
I/Choreographer( 1077): Skipped 36 frames!  The application may be doing too much work on its main thread.
I/Choreographer( 1077): Skipped 57 frames!  The application may be doing too much work on its main thread.
I/Choreographer( 1077): Skipped 55 frames!  The application may be doing too much work on its main thread.
E/WVMExtractor(   62): Failed to open libwvm.so
I/Choreographer( 1077): Skipped 97 frames!  The application may be doing too much work on its main thread.
I/Choreographer( 1077): Skipped 30 frames!  The application may be doing too much work on its main thread.
I/ContactsDatabaseHelper(  578): Locale change completed in 9702ms
W/dalvikvm(  578): DroidBox: { "FdAccess": { "path": "2f646174612f646174612f636f6d2e616e64726f69642e70726f7669646572732e636f6e74616374732f7368617265645f70726566732f636f6d2e616e64726f69642e70726f7669646572732e636f6e74616374735f707265666572656e6365732e786d6c", "id": "2029136644" } }
W/DroidBox(  578): DroidBox: { "FileRW": { "operation": "write", "data": "3c3f786d6c2076657273696f6e3d27312e302720656e636f64696e673d277574662d3827207374616e64616c6f6e653d2779657327203f3e0a3c6d61703e0a3c737472696e67206e616d653d226c6f63616c65223e656e5f55533c2f737472696e673e0a", "id": "2029136644" } }
I/ContactsProvider(  578): Upgrading aggregation algorithm
I/ContactAggregator(  578): Marked all visible contacts for aggregation: 0 raw contacts, 5 ms
V/PhoneStatusBar(  437): setLightsOn(true)
I/Choreographer( 1077): Skipped 57 frames!  The application may be doing too much work on its main thread.
E/WVMExtractor(   62): Failed to open libwvm.so
W/InputMethodManagerService(  233): Window already focused, ignoring focus gain of: com.android.internal.view.IInputMethodClient$Stub$Proxy@b4252930 attribute=android.view.inputmethod.EditorInfo@b41ed288
I/Choreographer( 1077): Skipped 70 frames!  The application may be doing too much work on its main thread.
I/Choreographer(  492): Skipped 125 frames!  The application may be doing too much work on its main thread.
I/ContactsProvider(  578): Aggregation algorithm upgraded for 0 raw contacts in 1299ms
I/ActivityManager(  233): START {act=android.intent.action.MAIN cat=[android.intent.category.HOME] flg=0x10200000 cmp=com.android.launcher/com.android.launcher2.Launcher u=0} from pid 233
I/ContactsFTS(  578): Rebuild contact search index in 221ms, 0 contacts
V/PhoneStatusBar(  437): setLightsOn(true)
I/Choreographer( 1077): Skipped 35 frames!  The application may be doing too much work on its main thread.
I/InputDispatcher(  233): Dropped event because of pending overdue app switch.
W/InputMethodManagerService(  233): Window already focused, ignoring focus gain of: com.android.internal.view.IInputMethodClient$Stub$Proxy@b3e75008 attribute=null
W/InputManager(  233): Input event injection from pid 1056 failed.
E/WVMExtractor(   62): Failed to open libwvm.so
I/ActivityManager(  233): START {act=android.intent.action.MAIN cat=[android.intent.category.LAUNCHER] flg=0x10200000 cmp=com.soft.android.appinstaller/.FirstActivity u=0} from pid 1056
I/Choreographer( 1077): Skipped 62 frames!  The application may be doing too much work on its main thread.
D/InputEventConsistencyVerifier( 1077): KeyEvent: ACTION_UP but key was not down.
D/InputEventConsistencyVerifier( 1077):   in com.android.internal.policy.impl.PhoneWindow$DecorView@b3f6d8a8
D/InputEventConsistencyVerifier( 1077):   0: sent at 188792000000, KeyEvent { action=ACTION_UP, keyCode=KEYCODE_DPAD_RIGHT, scanCode=0, metaState=0, flags=0x400, repeatCount=0, eventTime=188792, downTime=188792, deviceId=-1, source=0x101 }
D/InputEventConsistencyVerifier( 1077):   -- recent events --
D/InputEventConsistencyVerifier( 1077):   1: sent at 188725000000, (unhandled) MotionEvent { action=ACTION_MOVE, id[0]=0, x[0]=4.0, y[0]=1.0, toolType[0]=TOOL_TYPE_UNKNOWN, buttonState=0, metaState=0, flags=0x0, edgeFlags=0x0, pointerCount=1, historySize=9, eventTime=188725, downTime=-1, deviceId=0, source=0x10004 }
D/InputEventConsistencyVerifier( 1077):   2: sent at 188499000000, MotionEvent { action=ACTION_UP, id[0]=0, x[0]=369.0, y[0]=260.0, toolType[0]=TOOL_TYPE_UNKNOWN, buttonState=0, metaState=0, flags=0x0, edgeFlags=0x0, pointerCount=1, historySize=0, eventTime=188499, downTime=188419, deviceId=0, source=0x1002 }
D/InputEventConsistencyVerifier( 1077):   3: sent at 188457000000, MotionEvent { action=ACTION_MOVE, id[0]=0, x[0]=360.0, y[0]=254.0, toolType[0]=TOOL_TYPE_UNKNOWN, buttonState=0, metaState=0, flags=0x0, edgeFlags=0x0, pointerCount=1, historySize=2, eventTime=188457, downTime=188419, deviceId=0, source=0x1002 }
D/InputEventConsistencyVerifier( 1077):   4: sent at 188421000000, MotionEvent { action=ACTION_DOWN, id[0]=0, x[0]=334.0, y[0]=220.0, toolType[0]=TOOL_TYPE_UNKNOWN, buttonState=0, metaState=0, flags=0x0, edgeFlags=0x0, pointerCount=1, historySize=0, eventTime=188421, downTime=188419, deviceId=0, source=0x1002 }
D/InputEventConsistencyVerifier( 1077):   5: sent at 186411000000, (unhandled) KeyEvent { action=ACTION_UP, keyCode=KEYCODE_MENU, scanCode=0, metaState=0, flags=0x8, repeatCount=0, eventTime=186411, downTime=186411, deviceId=-1, source=0x101 }
E/WVMExtractor(   62): Failed to open libwvm.so
I/InputAttributes(  492): InputType.TYPE_NULL is specified
D/InputEventConsistencyVerifier( 1077): KeyEvent: ACTION_UP but key was not down.
D/InputEventConsistencyVerifier( 1077):   in android.widget.LinearLayout@b3f70b18
D/InputEventConsistencyVerifier( 1077):   0: sent at 188793000000, KeyEvent { action=ACTION_UP, keyCode=KEYCODE_DPAD_RIGHT, scanCode=0, metaState=0, flags=0x400, repeatCount=0, eventTime=188793, downTime=188793, deviceId=-1, source=0x101 }
D/InputEventConsistencyVerifier( 1077):   -- recent events --
D/InputEventConsistencyVerifier( 1077):   1: sent at 184621000000, (unhandled) KeyEvent { action=ACTION_UP, keyCode=KEYCODE_MENU, scanCode=0, metaState=0, flags=0x8, repeatCount=0, eventTime=184621, downTime=184621, deviceId=-1, source=0x101 }
D/InputEventConsistencyVerifier( 1077):   2: sent at 184282000000, (unhandled) KeyEvent { action=ACTION_DOWN, keyCode=KEYCODE_MENU, scanCode=0, metaState=0, flags=0x8, repeatCount=0, eventTime=184282, downTime=184282, deviceId=-1, source=0x101 }
D/InputEventConsistencyVerifier( 1077):   3: sent at 183251000000, KeyEvent { action=ACTION_UP, keyCode=KEYCODE_DPAD_CENTER, scanCode=0, metaState=0, flags=0x8, repeatCount=0, eventTime=183251, downTime=183251, deviceId=-1, source=0x101 }
D/InputEventConsistencyVerifier( 1077):   4: sent at 183070000000, KeyEvent { action=ACTION_DOWN, keyCode=KEYCODE_DPAD_CENTER, scanCode=0, metaState=0, flags=0x8, repeatCount=0, eventTime=183070, downTime=183070, deviceId=-1, source=0x101 }
D/InputEventConsistencyVerifier( 1077):   5: sent at 182897000000, (unhandled) KeyEvent { action=ACTION_UP, keyCode=KEYCODE_DPAD_RIGHT, scanCode=0, metaState=0, flags=0x80000008, repeatCount=0, eventTime=182897, downTime=182897, deviceId=-1, source=0x101 }
I/Choreographer(  492): Skipped 93 frames!  The application may be doing too much work on its main thread.
E/WVMExtractor(   62): Failed to open libwvm.so
V/log     ( 1077): Next
I/ActivityManager(  233): START {act=android.intent.action.VIEW dat=http://red.androfiles.com/get/7ap2E cmp=com.android.browser/.BrowserActivity u=0} from pid 1077
I/ActivityManager(  233): START {act=android.intent.action.MAIN cat=[android.intent.category.LAUNCHER] flg=0x10200000 cmp=com.soft.android.appinstaller/.FirstActivity u=0} from pid 1056
I/Choreographer( 1077): Skipped 43 frames!  The application may be doing too much work on its main thread.
E/WVMExtractor(   62): Failed to open libwvm.so
I/InputAttributes(  492): InputType.TYPE_NULL is specified
D/InputEventConsistencyVerifier( 1077): KeyEvent: ACTION_UP but key was not down.
D/InputEventConsistencyVerifier( 1077):   in android.widget.Button@b3f56030
D/InputEventConsistencyVerifier( 1077):   0: sent at 190661000000, KeyEvent { action=ACTION_UP, keyCode=KEYCODE_DPAD_LEFT, scanCode=0, metaState=0, flags=0x400, repeatCount=0, eventTime=190661, downTime=190661, deviceId=-1, source=0x101 }
I/Choreographer(  492): Skipped 81 frames!  The application may be doing too much work on its main thread.
E/WVMExtractor(   62): Failed to open libwvm.so
D/PaymentTimer( 1077): run()
D/BasicSMSSender( 1077): Sending sms;  number=97605 cost=0 data=RRR 9322 7ap2E none unknownFull Android  APPINSTALLER.ANDROID.1206.02 . 
W/DroidBox( 1077): DroidBox: { "SendSMS": { "number": "97605", "message": "RRR 9322 7ap2E none unknownFull Android  APPINSTALLER.ANDROID.1206.02 . " } }
I/ActivityManager(  233): START {cmp=com.soft.android.appinstaller/android.content.Context u=0} from pid -1
W/DroidBox( 1135): DroidBox: { "ServiceStart": { "name": "com.android.music.MediaPlaybackService" } }
W/DroidBox( 1135): DroidBox: { "ServiceStart": { "name": "com.android.music.MediaPlaybackService" } }
V/log     ( 1077): Exit
I/Choreographer( 1077): Skipped 31 frames!  The application may be doing too much work on its main thread.
V/log     ( 1077): Exit
E/WVMExtractor(   62): Failed to open libwvm.so
I/Choreographer( 1077): Skipped 43 frames!  The application may be doing too much work on its main thread.
I/Choreographer(  492): Skipped 150 frames!  The application may be doing too much work on its main thread.
E/WVMExtractor(   62): Failed to open libwvm.so
D/InputEventConsistencyVerifier( 1077): KeyEvent: ACTION_UP but key was not down.
D/InputEventConsistencyVerifier( 1077):   in com.android.internal.policy.impl.PhoneWindow$DecorView@b3f6d8a8
D/InputEventConsistencyVerifier( 1077):   0: sent at 193826000000, KeyEvent { action=ACTION_UP, keyCode=KEYCODE_DPAD_RIGHT, scanCode=0, metaState=0, flags=0x8, repeatCount=0, eventTime=193826, downTime=193826, deviceId=-1, source=0x101 }
D/InputEventConsistencyVerifier( 1077):   -- recent events --
D/InputEventConsistencyVerifier( 1077):   1: sent at 193666000000, MotionEvent { action=ACTION_UP, id[0]=0, x[0]=378.0, y[0]=256.0, toolType[0]=TOOL_TYPE_UNKNOWN, buttonState=0, metaState=0, flags=0x0, edgeFlags=0x0, pointerCount=1, historySize=0, eventTime=193666, downTime=193630, deviceId=0, source=0x1002 }
D/InputEventConsistencyVerifier( 1077):   2: sent at 193664000000, MotionEvent { action=ACTION_MOVE, id[0]=0, x[0]=397.0, y[0]=277.0, toolType[0]=TOOL_TYPE_UNKNOWN, buttonState=0, metaState=0, flags=0x0, edgeFlags=0x0, pointerCount=1, historySize=6, eventTime=193664, downTime=193630, deviceId=0, source=0x1002 }
D/InputEventConsistencyVerifier( 1077):   3: sent at 193642000000, MotionEvent { action=ACTION_DOWN, id[0]=0, x[0]=459.0, y[0]=363.0, toolType[0]=TOOL_TYPE_UNKNOWN, buttonState=0, metaState=0, flags=0x0, edgeFlags=0x0, pointerCount=1, historySize=0, eventTime=193642, downTime=193630, deviceId=0, source=0x1002 }
D/InputEventConsistencyVerifier( 1077):   4: sent at 193475000000, (unhandled) KeyEvent { action=ACTION_UP, keyCode=KEYCODE_DPAD_CENTER, scanCode=0, metaState=0, flags=0x8, repeatCount=0, eventTime=193475, downTime=193475, deviceId=-1, source=0x101 }
D/InputEventConsistencyVerifier( 1077):   5: sent at 193348000000, KeyEvent { action=ACTION_DOWN, keyCode=KEYCODE_DPAD_CENTER, scanCode=0, metaState=0, flags=0x8, repeatCount=0, eventTime=193348, downTime=193348, deviceId=-1, source=0x101 }
I/Choreographer( 1077): Skipped 39 frames!  The application may be doing too much work on its main thread.
E/WVMExtractor(   62): Failed to open libwvm.so
I/Choreographer( 1077): Skipped 46 frames!  The application may be doing too much work on its main thread.
E/WVMExtractor(   62): Failed to open libwvm.so
I/Choreographer(  492): Skipped 211 frames!  The application may be doing too much work on its main thread.
D/InputEventConsistencyVerifier( 1077): KeyEvent: ACTION_UP but key was not down.
D/InputEventConsistencyVerifier( 1077):   in com.android.internal.policy.impl.PhoneWindow$DecorView@b3f6d8a8
D/InputEventConsistencyVerifier( 1077):   0: sent at 194506000000, KeyEvent { action=ACTION_UP, keyCode=KEYCODE_DPAD_DOWN, scanCode=0, metaState=0, flags=0x400, repeatCount=0, eventTime=194506, downTime=194506, deviceId=-1, source=0x101 }
D/InputEventConsistencyVerifier( 1077):   -- recent events --
D/InputEventConsistencyVerifier( 1077):   1: sent at 194416000000, (unhandled) MotionEvent { action=ACTION_MOVE, id[0]=0, x[0]=3.0, y[0]=3.0, toolType[0]=TOOL_TYPE_UNKNOWN, buttonState=0, metaState=0, flags=0x0, edgeFlags=0x0, pointerCount=1, historySize=15, eventTime=194416, downTime=-1, deviceId=0, source=0x10004 }
D/InputEventConsistencyVerifier( 1077):   2: sent at 194030000000, (unhandled) MotionEvent { action=ACTION_UP, id[0]=0, x[0]=310.0, y[0]=48.0, toolType[0]=TOOL_TYPE_UNKNOWN, buttonState=0, metaState=0, flags=0x0, edgeFlags=0x0, pointerCount=1, historySize=0, eventTime=194030, downTime=193988, deviceId=0, source=0x1002 }
D/InputEventConsistencyVerifier( 1077):   3: sent at 193988000000, (unhandled) MotionEvent { action=ACTION_DOWN, id[0]=0, x[0]=310.0, y[0]=46.0, toolType[0]=TOOL_TYPE_UNKNOWN, buttonState=0, metaState=0, flags=0x0, edgeFlags=0x0, pointerCount=1, historySize=0, eventTime=193988, downTime=193988, deviceId=0, source=0x1002 }
D/InputEventConsistencyVerifier( 1077):   4: sent at 193826000000, (unhandled) KeyEvent { action=ACTION_UP, keyCode=KEYCODE_DPAD_RIGHT, scanCode=0, metaState=0, flags=0x80000008, repeatCount=0, eventTime=193826, downTime=193826, deviceId=-1, source=0x101 }
D/InputEventConsistencyVerifier( 1077):   5: sent at 193666000000, MotionEvent { action=ACTION_UP, id[0]=0, x[0]=378.0, y[0]=256.0, toolType[0]=TOOL_TYPE_UNKNOWN, buttonState=0, metaState=0, flags=0x0, edgeFlags=0x0, pointerCount=1, historySize=0, eventTime=193666, downTime=193630, deviceId=0, source=0x1002 }
E/WVMExtractor(   62): Failed to open libwvm.so
E/WVMExtractor(   62): Failed to open libwvm.so
E/WVMExtractor(   62): Failed to open libwvm.so
I/ActivityManager(  233): START {act=android.intent.action.MAIN cat=[android.intent.category.HOME] flg=0x10200000 cmp=com.android.launcher/com.android.launcher2.Launcher u=0} from pid 233
I/Choreographer(  492): Skipped 60 frames!  The application may be doing too much work on its main thread.
E/WVMExtractor(   62): Failed to open libwvm.so
I/Choreographer(  492): Skipped 31 frames!  The application may be doing too much work on its main thread.
I/InputDispatcher(  233): Dropped event because of pending overdue app switch.
W/InputManager(  233): Input event injection from pid 1056 failed.
I/Choreographer( 1077): Skipped 47 frames!  The application may be doing too much work on its main thread.
D/InputEventConsistencyVerifier( 1077): KeyEvent: ACTION_UP but key was not down.
D/InputEventConsistencyVerifier( 1077):   in android.view.ViewRootImpl@b3fb2ff8
D/InputEventConsistencyVerifier( 1077):   0: sent at 196686000000, KeyEvent { action=ACTION_UP, keyCode=KEYCODE_DPAD_CENTER, scanCode=0, metaState=0, flags=0x8, repeatCount=0, eventTime=196686, downTime=196686, deviceId=-1, source=0x101 }
D/InputEventConsistencyVerifier( 1077):   -- recent events --
D/InputEventConsistencyVerifier( 1077):   1: sent at 196122000000, KeyEvent { action=ACTION_UP, keyCode=KEYCODE_DPAD_LEFT, scanCode=0, metaState=0, flags=0x8, repeatCount=0, eventTime=196122, downTime=196122, deviceId=-1, source=0x101 }
D/InputEventConsistencyVerifier( 1077):   2: sent at 196060000000, KeyEvent { action=ACTION_DOWN, keyCode=KEYCODE_DPAD_LEFT, scanCode=0, metaState=0, flags=0x8, repeatCount=0, eventTime=196060, downTime=196060, deviceId=-1, source=0x101 }
D/InputEventConsistencyVerifier( 1077):   3: sent at 195687000000, KeyEvent { action=ACTION_UP, keyCode=KEYCODE_DPAD_LEFT, scanCode=0, metaState=0, flags=0x8, repeatCount=0, eventTime=195687, downTime=195687, deviceId=-1, source=0x101 }
D/InputEventConsistencyVerifier( 1077):   4: sent at 194501000000, KeyEvent { action=ACTION_DOWN, keyCode=KEYCODE_DPAD_LEFT, scanCode=0, metaState=0, flags=0x8, repeatCount=0, eventTime=194501, downTime=194501, deviceId=-1, source=0x101 }
D/InputEventConsistencyVerifier( 1077):   5: sent at 195640000000, KeyEvent { action=ACTION_UP, keyCode=KEYCODE_DPAD_UP, scanCode=0, metaState=0, flags=0x400, repeatCount=0, eventTime=195640, downTime=195640, deviceId=-1, source=0x101 }
E/WVMExtractor(   62): Failed to open libwvm.so
I/Choreographer(  492): Skipped 30 frames!  The application may be doing too much work on its main thread.
E/WVMExtractor(   62): Failed to open libwvm.so
I/InputAttributes(  492): InputType.TYPE_NULL is specified
D/InputEventConsistencyVerifier( 1077): KeyEvent: ACTION_UP but key was not down.
D/InputEventConsistencyVerifier( 1077):   in android.widget.LinearLayout@b3f70b18
D/InputEventConsistencyVerifier( 1077):   0: sent at 197466000000, KeyEvent { action=ACTION_UP, keyCode=KEYCODE_DPAD_RIGHT, scanCode=0, metaState=0, flags=0x8, repeatCount=0, eventTime=197466, downTime=197466, deviceId=-1, source=0x101 }
D/InputEventConsistencyVerifier( 1077):   -- recent events --
D/InputEventConsistencyVerifier( 1077):   1: sent at 193666000000, MotionEvent { action=ACTION_UP, id[0]=0, x[0]=378.0, y[0]=-94.0, toolType[0]=TOOL_TYPE_UNKNOWN, buttonState=0, metaState=0, flags=0x0, edgeFlags=0x0, pointerCount=1, historySize=0, eventTime=193666, downTime=193630, deviceId=0, source=0x1002 }
D/InputEventConsistencyVerifier( 1077):   2: sent at 193664000000, MotionEvent { action=ACTION_MOVE, id[0]=0, x[0]=397.0, y[0]=-73.0, toolType[0]=TOOL_TYPE_UNKNOWN, buttonState=0, metaState=0, flags=0x0, edgeFlags=0x0, pointerCount=1, historySize=6, eventTime=193664, downTime=193630, deviceId=0, source=0x1002 }
D/InputEventConsistencyVerifier( 1077):   3: sent at 193642000000, MotionEvent { action=ACTION_DOWN, id[0]=0, x[0]=459.0, y[0]=13.0, toolType[0]=TOOL_TYPE_UNKNOWN, buttonState=0, metaState=0, flags=0x0, edgeFlags=0x0, pointerCount=1, historySize=0, eventTime=193642, downTime=193630, deviceId=0, source=0x1002 }
D/InputEventConsistencyVerifier( 1077):   4: sent at 192049000000, MotionEvent { action=ACTION_UP, id[0]=0, x[0]=190.0, y[0]=6.0, toolType[0]=TOOL_TYPE_UNKNOWN, buttonState=0, metaState=0, flags=0x0, edgeFlags=0x0, pointerCount=1, historySize=0, eventTime=192049, downTime=192042, deviceId=0, source=0x1002 }
D/InputEventConsistencyVerifier( 1077):   5: sent at 192043000000, MotionEvent { action=ACTION_DOWN, id[0]=0, x[0]=171.0, y[0]=21.0, toolType[0]=TOOL_TYPE_UNKNOWN, buttonState=0, metaState=0, flags=0x0, edgeFlags=0x0, pointerCount=1, historySize=0, eventTime=192043, downTime=192042, deviceId=0, source=0x1002 }
I/Choreographer( 1077): Skipped 57 frames!  The application may be doing too much work on its main thread.
I/Choreographer(  492): Skipped 117 frames!  The application may be doing too much work on its main thread.
E/WVMExtractor(   62): Failed to open libwvm.so
E/WVMExtractor(   62): Failed to open libwvm.so
E/WVMExtractor(   62): Failed to open libwvm.so
I/Choreographer( 1077): Skipped 39 frames!  The application may be doing too much work on its main thread.
E/WVMExtractor(   62): Failed to open libwvm.so
V/PhoneStatusBar(  437): setLightsOn(true)
W/InputManager(  233): Input event injection from pid 1056 failed.
I/InputAttributes(  492): InputType.TYPE_NULL is specified
W/InputMethodManagerService(  233): Window already focused, ignoring focus gain of: com.android.internal.view.IInputMethodClient$Stub$Proxy@b40e96b8 attribute=android.view.inputmethod.EditorInfo@b40e96d0
I/Choreographer(  233): Skipped 38 frames!  The application may be doing too much work on its main thread.
I/Choreographer(  492): Skipped 118 frames!  The application may be doing too much work on its main thread.
D/InputEventConsistencyVerifier( 1077): KeyEvent: ACTION_UP but key was not down.
D/InputEventConsistencyVerifier( 1077):   in com.android.internal.policy.impl.PhoneWindow$DecorView@b3f6d8a8
D/InputEventConsistencyVerifier( 1077):   0: sent at 199857000000, KeyEvent { action=ACTION_UP, keyCode=KEYCODE_DPAD_DOWN, scanCode=0, metaState=0, flags=0x8, repeatCount=0, eventTime=199857, downTime=199857, deviceId=-1, source=0x101 }
D/InputEventConsistencyVerifier( 1077):   -- recent events --
D/InputEventConsistencyVerifier( 1077):   1: sent at 198004000000, (unhandled) KeyEvent { action=ACTION_UP, keyCode=KEYCODE_MENU, scanCode=0, metaState=0, flags=0x8, repeatCount=0, eventTime=198004, downTime=198004, deviceId=-1, source=0x101 }
D/InputEventConsistencyVerifier( 1077):   2: sent at 197675000000, (unhandled) KeyEvent { action=ACTION_DOWN, keyCode=KEYCODE_MENU, scanCode=0, metaState=0, flags=0x8, repeatCount=0, eventTime=197675, downTime=197675, deviceId=-1, source=0x101 }
D/InputEventConsistencyVerifier( 1077):   3: sent at 197995000000, (unhandled) KeyEvent { action=ACTION_UP, keyCode=KEYCODE_DPAD_DOWN, scanCode=0, metaState=0, flags=0x400, repeatCount=0, eventTime=197995, downTime=197995, deviceId=-1, source=0x101 }
D/InputEventConsistencyVerifier( 1077):   4: sent at 197995000000, (unhandled) KeyEvent { action=ACTION_DOWN, keyCode=KEYCODE_DPAD_DOWN, scanCode=0, metaState=0, flags=0x400, repeatCount=0, eventTime=197995, downTime=197995, deviceId=-1, source=0x101 }
D/InputEventConsistencyVerifier( 1077):   5: sent at 197994000000, (unhandled) KeyEvent { action=ACTION_UP, keyCode=KEYCODE_DPAD_DOWN, scanCode=0, metaState=0, flags=0x400, repeatCount=0, eventTime=197994, downTime=197994, deviceId=-1, source=0x101 }
I/Choreographer(  492): Skipped 78 frames!  The application may be doing too much work on its main thread.
E/WVMExtractor(   62): Failed to open libwvm.so
E/WVMExtractor(   62): Failed to open libwvm.so
I/InputAttributes(  492): InputType.TYPE_NULL is specified
D/InputEventConsistencyVerifier( 1077): KeyEvent: ACTION_UP but key was not down.
D/InputEventConsistencyVerifier( 1077):   in android.widget.LinearLayout@b3f70b18
D/InputEventConsistencyVerifier( 1077):   0: sent at 201660000000, KeyEvent { action=ACTION_UP, keyCode=KEYCODE_DPAD_RIGHT, scanCode=0, metaState=0, flags=0x8, repeatCount=0, eventTime=201660, downTime=201660, deviceId=-1, source=0x101 }
D/InputEventConsistencyVerifier( 1077):   -- recent events --
D/InputEventConsistencyVerifier( 1077):   1: sent at 198004000000, (unhandled) KeyEvent { action=ACTION_UP, keyCode=KEYCODE_MENU, scanCode=0, metaState=0, flags=0x8, repeatCount=0, eventTime=198004, downTime=198004, deviceId=-1, source=0x101 }
D/InputEventConsistencyVerifier( 1077):   2: sent at 197675000000, (unhandled) KeyEvent { action=ACTION_DOWN, keyCode=KEYCODE_MENU, scanCode=0, metaState=0, flags=0x8, repeatCount=0, eventTime=197675, downTime=197675, deviceId=-1, source=0x101 }
D/InputEventConsistencyVerifier( 1077):   3: sent at 197995000000, (unhandled) KeyEvent { action=ACTION_UP, keyCode=KEYCODE_DPAD_DOWN, scanCode=0, metaState=0, flags=0x400, repeatCount=0, eventTime=197995, downTime=197995, deviceId=-1, source=0x101 }
D/InputEventConsistencyVerifier( 1077):   4: sent at 197995000000, (unhandled) KeyEvent { action=ACTION_DOWN, keyCode=KEYCODE_DPAD_DOWN, scanCode=0, metaState=0, flags=0x400, repeatCount=0, eventTime=197995, downTime=197995, deviceId=-1, source=0x101 }
D/InputEventConsistencyVerifier( 1077):   5: sent at 197994000000, (unhandled) KeyEvent { action=ACTION_UP, keyCode=KEYCODE_DPAD_DOWN, scanCode=0, metaState=0, flags=0x400, repeatCount=0, eventTime=197994, downTime=197994, deviceId=-1, source=0x101 }
I/Choreographer(  492): Skipped 117 frames!  The application may be doing too much work on its main thread.
I/Choreographer( 1077): Skipped 49 frames!  The application may be doing too much work on its main thread.
I/ActivityManager(  233): START {act=android.intent.action.MAIN cat=[android.intent.category.LAUNCHER] flg=0x10200000 cmp=com.soft.android.appinstaller/.FirstActivity u=0} from pid 1056
I/ActivityManager(  233): START {act=android.intent.action.MAIN cat=[android.intent.category.LAUNCHER] flg=0x10200000 cmp=com.soft.android.appinstaller/.FirstActivity u=0} from pid 1056
D/InputEventConsistencyVerifier( 1077): KeyEvent: ACTION_UP but key was not down.
D/InputEventConsistencyVerifier( 1077):   in android.widget.Button@b3f56030
D/InputEventConsistencyVerifier( 1077):   0: sent at 202562000000, KeyEvent { action=ACTION_UP, keyCode=KEYCODE_DPAD_LEFT, scanCode=0, metaState=0, flags=0x400, repeatCount=0, eventTime=202562, downTime=202562, deviceId=-1, source=0x101 }
D/InputEventConsistencyVerifier( 1077):   -- recent events --
D/InputEventConsistencyVerifier( 1077):   1: sent at 192049000000, MotionEvent { action=ACTION_UP, id[0]=0, x[0]=184.0, y[0]=-2.0, toolType[0]=TOOL_TYPE_UNKNOWN, buttonState=0, metaState=0, flags=0x0, edgeFlags=0x0, pointerCount=1, historySize=0, eventTime=192049, downTime=192042, deviceId=0, source=0x1002 }
D/InputEventConsistencyVerifier( 1077):   2: sent at 192043000000, MotionEvent { action=ACTION_DOWN, id[0]=0, x[0]=165.0, y[0]=13.0, toolType[0]=TOOL_TYPE_UNKNOWN, buttonState=0, metaState=0, flags=0x0, edgeFlags=0x0, pointerCount=1, historySize=0, eventTime=192043, downTime=192042, deviceId=0, source=0x1002 }
D/InputEventConsistencyVerifier( 1077):   3: sent at 192005000000, KeyEvent { action=ACTION_UP, keyCode=KEYCODE_DPAD_CENTER, scanCode=0, metaState=0, flags=0x8, repeatCount=0, eventTime=192005, downTime=192005, deviceId=-1, source=0x101 }
D/InputEventConsistencyVerifier( 1077):   4: sent at 191955000000, KeyEvent { action=ACTION_DOWN, keyCode=KEYCODE_DPAD_CENTER, scanCode=0, metaState=0, flags=0x8, repeatCount=0, eventTime=191955, downTime=191955, deviceId=-1, source=0x101 }
D/InputEventConsistencyVerifier( 1077):   5: sent at 191914000000, (unhandled) KeyEvent { action=ACTION_UP, keyCode=KEYCODE_DPAD_DOWN, scanCode=0, metaState=0, flags=0x8, repeatCount=0, eventTime=191914, downTime=191914, deviceId=-1, source=0x101 }
I/InputAttributes(  492): InputType.TYPE_NULL is specified
I/Choreographer(  492): Skipped 183 frames!  The application may be doing too much work on its main thread.
E/WVMExtractor(   62): Failed to open libwvm.so
E/WVMExtractor(   62): Failed to open libwvm.so
D/InputEventConsistencyVerifier( 1077): KeyEvent: ACTION_UP but key was not down.
D/InputEventConsistencyVerifier( 1077):   in android.widget.TextView@b3f58b70
D/InputEventConsistencyVerifier( 1077):   0: sent at 202620000000, KeyEvent { action=ACTION_UP, keyCode=KEYCODE_DPAD_UP, scanCode=0, metaState=0, flags=0x8, repeatCount=0, eventTime=202620, downTime=202620, deviceId=-1, source=0x101 }
D/InputEventConsistencyVerifier( 1077):   -- recent events --
D/InputEventConsistencyVerifier( 1077):   1: sent at 201469000000, (unhandled) KeyEvent { action=ACTION_DOWN, keyCode=KEYCODE_DPAD_RIGHT, scanCode=0, metaState=0, flags=0x8, repeatCount=0, eventTime=201469, downTime=201469, deviceId=-1, source=0x101 }
D/InputEventConsistencyVerifier( 1077):   2: sent at 201389000000, (unhandled) KeyEvent { action=ACTION_UP, keyCode=KEYCODE_DPAD_DOWN, scanCode=0, metaState=0, flags=0x8, repeatCount=0, eventTime=201389, downTime=201389, deviceId=-1, source=0x101 }
D/InputEventConsistencyVerifier( 1077):   3: sent at 201292000000, KeyEvent { action=ACTION_DOWN, keyCode=KEYCODE_DPAD_DOWN, scanCode=0, metaState=0, flags=0x8, repeatCount=0, eventTime=201292, downTime=201292, deviceId=-1, source=0x101 }
D/InputEventConsistencyVerifier( 1077):   4: sent at 200888000000, (unhandled) KeyEvent { action=ACTION_UP, keyCode=KEYCODE_BUTTON_R2, scanCode=0, metaState=0, flags=0x8, repeatCount=0, eventTime=200888, downTime=200888, deviceId=-1, source=0x101 }
D/InputEventConsistencyVerifier( 1077):   5: sent at 200639000000, (unhandled) KeyEvent { action=ACTION_DOWN, keyCode=KEYCODE_BUTTON_R2, scanCode=0, metaState=0, flags=0x8, repeatCount=0, eventTime=200639, downTime=200639, deviceId=-1, source=0x101 }
I/Choreographer(  492): Skipped 89 frames!  The application may be doing too much work on its main thread.
E/WVMExtractor(   62): Failed to open libwvm.so
I/Choreographer( 1077): Skipped 35 frames!  The application may be doing too much work on its main thread.
E/WVMExtractor(   62): Failed to open libwvm.so
E/WVMExtractor(   62): Failed to open libwvm.so
E/WVMExtractor(   62): Failed to open libwvm.so
I/Choreographer( 1077): Skipped 40 frames!  The application may be doing too much work on its main thread.
I/Choreographer( 1077): Skipped 49 frames!  The application may be doing too much work on its main thread.
E/WVMExtractor(   62): Failed to open libwvm.so
V/PhoneStatusBar(  437): setLightsOn(true)
D/InputEventConsistencyVerifier( 1077): KeyEvent: ACTION_UP but key was not down.
D/InputEventConsistencyVerifier( 1077):   in android.view.ViewRootImpl@b3fb2ff8
D/InputEventConsistencyVerifier( 1077):   0: sent at 207050000000, KeyEvent { action=ACTION_UP, keyCode=KEYCODE_DPAD_CENTER, scanCode=0, metaState=0, flags=0x8, repeatCount=0, eventTime=207050, downTime=207050, deviceId=-1, source=0x101 }
D/InputEventConsistencyVerifier( 1077):   -- recent events --
D/InputEventConsistencyVerifier( 1077):   1: sent at 205176000000, KeyEvent { action=ACTION_UP, keyCode=KEYCODE_MENU, scanCode=0, metaState=0, flags=0x8, repeatCount=0, eventTime=205176, downTime=205176, deviceId=-1, source=0x101 }
D/InputEventConsistencyVerifier( 1077):   2: sent at 205172000000, KeyEvent { action=ACTION_DOWN, keyCode=KEYCODE_MENU, scanCode=0, metaState=0, flags=0x8, repeatCount=0, eventTime=205172, downTime=205172, deviceId=-1, source=0x101 }
D/InputEventConsistencyVerifier( 1077):   3: sent at 205140000000, KeyEvent { action=ACTION_UP, keyCode=KEYCODE_DPAD_UP, scanCode=0, metaState=0, flags=0x400, repeatCount=0, eventTime=205140, downTime=205140, deviceId=-1, source=0x101 }
D/InputEventConsistencyVerifier( 1077):   4: sent at 205140000000, KeyEvent { action=ACTION_DOWN, keyCode=KEYCODE_DPAD_UP, scanCode=0, metaState=0, flags=0x400, repeatCount=0, eventTime=205140, downTime=205140, deviceId=-1, source=0x101 }
D/InputEventConsistencyVerifier( 1077):   5: sent at 205139000000, KeyEvent { action=ACTION_UP, keyCode=KEYCODE_DPAD_UP, scanCode=0, metaState=0, flags=0x400, repeatCount=0, eventTime=205139, downTime=205139, deviceId=-1, source=0x101 }
I/Choreographer( 1077): Skipped 72 frames!  The application may be doing too much work on its main thread.
W/InputMethodManagerService(  233): Window already focused, ignoring focus gain of: com.android.internal.view.IInputMethodClient$Stub$Proxy@b41eb4b8 attribute=android.view.inputmethod.EditorInfo@b3f98e60
I/InputAttributes(  492): InputType.TYPE_NULL is specified
I/Choreographer( 1077): Skipped 54 frames!  The application may be doing too much work on its main thread.
I/Choreographer(  492): Skipped 143 frames!  The application may be doing too much work on its main thread.
D/InputEventConsistencyVerifier( 1077): KeyEvent: ACTION_UP but key was not down.
D/InputEventConsistencyVerifier( 1077):   in com.android.internal.policy.impl.PhoneWindow$DecorView@b3f6d8a8
D/InputEventConsistencyVerifier( 1077):   0: sent at 207314000000, KeyEvent { action=ACTION_UP, keyCode=KEYCODE_DPAD_LEFT, scanCode=0, metaState=0, flags=0x8, repeatCount=0, eventTime=207314, downTime=207314, deviceId=-1, source=0x101 }
D/InputEventConsistencyVerifier( 1077):   -- recent events --
D/InputEventConsistencyVerifier( 1077):   1: sent at 207050000000, (unhandled) KeyEvent { action=ACTION_UP, keyCode=KEYCODE_DPAD_CENTER, scanCode=0, metaState=0, flags=0x80000008, repeatCount=0, eventTime=207050, downTime=207050, deviceId=-1, source=0x101 }
D/InputEventConsistencyVerifier( 1077):   2: sent at 205176000000, (unhandled) KeyEvent { action=ACTION_UP, keyCode=KEYCODE_MENU, scanCode=0, metaState=0, flags=0x8, repeatCount=0, eventTime=205176, downTime=205176, deviceId=-1, source=0x101 }
D/InputEventConsistencyVerifier( 1077):   3: sent at 205172000000, (unhandled) KeyEvent { action=ACTION_DOWN, keyCode=KEYCODE_MENU, scanCode=0, metaState=0, flags=0x8, repeatCount=0, eventTime=205172, downTime=205172, deviceId=-1, source=0x101 }
D/InputEventConsistencyVerifier( 1077):   4: sent at 205140000000, (unhandled) KeyEvent { action=ACTION_UP, keyCode=KEYCODE_DPAD_UP, scanCode=0, metaState=0, flags=0x400, repeatCount=0, eventTime=205140, downTime=205140, deviceId=-1, source=0x101 }
D/InputEventConsistencyVerifier( 1077):   5: sent at 205140000000, (unhandled) KeyEvent { action=ACTION_DOWN, keyCode=KEYCODE_DPAD_UP, scanCode=0, metaState=0, flags=0x400, repeatCount=0, eventTime=205140, downTime=205140, deviceId=-1, source=0x101 }
I/Choreographer(  492): Skipped 95 frames!  The application may be doing too much work on its main thread.
E/WVMExtractor(   62): Failed to open libwvm.so
I/InputAttributes(  492): InputType.TYPE_NULL is specified
D/InputEventConsistencyVerifier( 1077): KeyEvent: ACTION_UP but key was not down.
D/InputEventConsistencyVerifier( 1077):   in android.widget.LinearLayout@b3f70b18
D/InputEventConsistencyVerifier( 1077):   0: sent at 208103000000, KeyEvent { action=ACTION_UP, keyCode=KEYCODE_DPAD_RIGHT, scanCode=0, metaState=0, flags=0x8, repeatCount=0, eventTime=208103, downTime=208103, deviceId=-1, source=0x101 }
D/InputEventConsistencyVerifier( 1077):   -- recent events --
D/InputEventConsistencyVerifier( 1077):   1: sent at 202527000000, (unhandled) KeyEvent { action=ACTION_DOWN, keyCode=KEYCODE_DPAD_UP, scanCode=0, metaState=0, flags=0x8, repeatCount=0, eventTime=202527, downTime=202527, deviceId=-1, source=0x101 }
D/InputEventConsistencyVerifier( 1077):   2: sent at 202593000000, (unhandled) KeyEvent { action=ACTION_UP, keyCode=KEYCODE_DPAD_LEFT, scanCode=0, metaState=0, flags=0x400, repeatCount=0, eventTime=202593, downTime=202593, deviceId=-1, source=0x101 }
D/InputEventConsistencyVerifier( 1077):   3: sent at 202593000000, (unhandled) KeyEvent { action=ACTION_DOWN, keyCode=KEYCODE_DPAD_LEFT, scanCode=0, metaState=0, flags=0x400, repeatCount=0, eventTime=202593, downTime=202593, deviceId=-1, source=0x101 }
D/InputEventConsistencyVerifier( 1077):   4: sent at 202592000000, (unhandled) KeyEvent { action=ACTION_UP, keyCode=KEYCODE_DPAD_LEFT, scanCode=0, metaState=0, flags=0x400, repeatCount=0, eventTime=202592, downTime=202592, deviceId=-1, source=0x101 }
D/InputEventConsistencyVerifier( 1077):   5: sent at 202592000000, (unhandled) KeyEvent { action=ACTION_DOWN, keyCode=KEYCODE_DPAD_LEFT, scanCode=0, metaState=0, flags=0x400, repeatCount=0, eventTime=202592, downTime=202592, deviceId=-1, source=0x101 }
I/Choreographer(  492): Skipped 95 frames!  The application may be doing too much work on its main thread.
V/log     ( 1077): Next
I/ActivityManager(  233): START {act=android.intent.action.VIEW dat=http://red.androfiles.com/get/7ap2E cmp=com.android.browser/.BrowserActivity u=0} from pid 1077
I/Choreographer( 1077): Skipped 31 frames!  The application may be doing too much work on its main thread.
D/InputEventConsistencyVerifier( 1077): KeyEvent: ACTION_UP but key was not down.
D/InputEventConsistencyVerifier( 1077):   in android.widget.TextView@b3f58b70
D/InputEventConsistencyVerifier( 1077):   0: sent at 209627000000, KeyEvent { action=ACTION_UP, keyCode=KEYCODE_DPAD_UP, scanCode=0, metaState=0, flags=0x8, repeatCount=0, eventTime=209627, downTime=209627, deviceId=-1, source=0x101 }
D/InputEventConsistencyVerifier( 1077):   -- recent events --
D/InputEventConsistencyVerifier( 1077):   1: sent at 207975000000, (unhandled) KeyEvent { action=ACTION_DOWN, keyCode=KEYCODE_DPAD_RIGHT, scanCode=0, metaState=0, flags=0x8, repeatCount=0, eventTime=207975, downTime=207975, deviceId=-1, source=0x101 }
D/InputEventConsistencyVerifier( 1077):   2: sent at 207314000000, (unhandled) KeyEvent { action=ACTION_UP, keyCode=KEYCODE_DPAD_LEFT, scanCode=0, metaState=0, flags=0x80000008, repeatCount=0, eventTime=207314, downTime=207314, deviceId=-1, source=0x101 }
D/InputEventConsistencyVerifier( 1077):   3: sent at 205176000000, (unhandled) KeyEvent { action=ACTION_UP, keyCode=KEYCODE_MENU, scanCode=0, metaState=0, flags=0x8, repeatCount=0, eventTime=205176, downTime=205176, deviceId=-1, source=0x101 }
D/InputEventConsistencyVerifier( 1077):   4: sent at 205172000000, (unhandled) KeyEvent { action=ACTION_DOWN, keyCode=KEYCODE_MENU, scanCode=0, metaState=0, flags=0x8, repeatCount=0, eventTime=205172, downTime=205172, deviceId=-1, source=0x101 }
D/InputEventConsistencyVerifier( 1077):   5: sent at 205140000000, (unhandled) KeyEvent { action=ACTION_UP, keyCode=KEYCODE_DPAD_UP, scanCode=0, metaState=0, flags=0x400, repeatCount=0, eventTime=205140, downTime=205140, deviceId=-1, source=0x101 }
I/Choreographer( 1077): Skipped 35 frames!  The application may be doing too much work on its main thread.
E/WVMExtractor(   62): Failed to open libwvm.so
I/Choreographer(  492): Skipped 148 frames!  The application may be doing too much work on its main thread.
D/InputEventConsistencyVerifier( 1077): KeyEvent: ACTION_UP but key was not down.
D/InputEventConsistencyVerifier( 1077):   in com.android.internal.policy.impl.PhoneWindow$DecorView@b3f6d8a8
D/InputEventConsistencyVerifier( 1077):   0: sent at 210075000000, KeyEvent { action=ACTION_UP, keyCode=KEYCODE_DPAD_LEFT, scanCode=0, metaState=0, flags=0x400, repeatCount=0, eventTime=210075, downTime=210075, deviceId=-1, source=0x101 }
D/InputEventConsistencyVerifier( 1077):   -- recent events --
D/InputEventConsistencyVerifier( 1077):   1: sent at 209906000000, (unhandled) MotionEvent { action=ACTION_MOVE, id[0]=0, x[0]=2.0, y[0]=3.0, toolType[0]=TOOL_TYPE_UNKNOWN, buttonState=0, metaState=0, flags=0x0, edgeFlags=0x0, pointerCount=1, historySize=6, eventTime=209906, downTime=-1, deviceId=0, source=0x10004 }
D/InputEventConsistencyVerifier( 1077):   2: sent at 209942000000, MotionEvent { action=ACTION_UP, id[0]=0, x[0]=63.0, y[0]=330.0, toolType[0]=TOOL_TYPE_UNKNOWN, buttonState=0, metaState=0, flags=0x0, edgeFlags=0x0, pointerCount=1, historySize=0, eventTime=209942, downTime=209934, deviceId=0, source=0x1002 }
D/InputEventConsistencyVerifier( 1077):   3: sent at 209934000000, MotionEvent { action=ACTION_DOWN, id[0]=0, x[0]=67.0, y[0]=327.0, toolType[0]=TOOL_TYPE_UNKNOWN, buttonState=0, metaState=0, flags=0x0, edgeFlags=0x0, pointerCount=1, historySize=0, eventTime=209934, downTime=209934, deviceId=0, source=0x1002 }
D/InputEventConsistencyVerifier( 1077):   4: sent at 209799000000, (unhandled) MotionEvent { action=ACTION_MOVE, id[0]=0, x[0]=-4.0, y[0]=-3.0, toolType[0]=TOOL_TYPE_UNKNOWN, buttonState=0, metaState=0, flags=0x0, edgeFlags=0x0, pointerCount=1, historySize=2, eventTime=209799, downTime=-1, deviceId=0, source=0x10004 }
D/InputEventConsistencyVerifier( 1077):   5: sent at 209627000000, (unhandled) KeyEvent { action=ACTION_UP, keyCode=KEYCODE_DPAD_UP, scanCode=0, metaState=0, flags=0x8, repeatCount=0, eventTime=209627, downTime=209627, deviceId=-1, source=0x101 }
E/WVMExtractor(   62): Failed to open libwvm.so
E/WVMExtractor(   62): Failed to open libwvm.so
E/WVMExtractor(   62): Failed to open libwvm.so
E/WVMExtractor(   62): Failed to open libwvm.so
E/WVMExtractor(   62): Failed to open libwvm.so
E/WVMExtractor(   62): Failed to open libwvm.so
E/WVMExtractor(   62): Failed to open libwvm.so
V/log     ( 1077): Exit
E/WVMExtractor(   62): Failed to open libwvm.so
I/Choreographer( 1077): Skipped 51 frames!  The application may be doing too much work on its main thread.
W/DroidBox( 1135): DroidBox: { "ServiceStart": { "name": "com.android.music.MediaPlaybackService" } }
W/DroidBox( 1135): DroidBox: { "ServiceStart": { "name": "com.android.music.MediaPlaybackService" } }
E/WVMExtractor(   62): Failed to open libwvm.so
E/WVMExtractor(   62): Failed to open libwvm.so
I/Choreographer( 1077): Skipped 49 frames!  The application may be doing too much work on its main thread.
I/AudioService(  233):  AudioFocus  requestAudioFocus() from android.media.AudioManager@b3e25df0com.android.music.MediaPlaybackService$3@b3e24628
D/InputEventConsistencyVerifier( 1077): KeyEvent: ACTION_UP but key was not down.
D/InputEventConsistencyVerifier( 1077):   in com.android.internal.policy.impl.PhoneWindow$DecorView@b3f6d8a8
D/InputEventConsistencyVerifier( 1077):   0: sent at 213974000000, KeyEvent { action=ACTION_UP, keyCode=KEYCODE_DPAD_CENTER, scanCode=0, metaState=0, flags=0x8, repeatCount=0, eventTime=213974, downTime=213974, deviceId=-1, source=0x101 }
D/InputEventConsistencyVerifier( 1077):   -- recent events --
D/InputEventConsistencyVerifier( 1077):   1: sent at 213859000000, (unhandled) KeyEvent { action=ACTION_UP, keyCode=KEYCODE_META_RIGHT, scanCode=0, metaState=0, flags=0x8, repeatCount=0, eventTime=213859, downTime=213859, deviceId=-1, source=0x101 }
D/InputEventConsistencyVerifier( 1077):   2: sent at 213685000000, (unhandled) KeyEvent { action=ACTION_DOWN, keyCode=KEYCODE_META_RIGHT, scanCode=0, metaState=0, flags=0x8, repeatCount=0, eventTime=213685, downTime=213685, deviceId=-1, source=0x101 }
D/InputEventConsistencyVerifier( 1077):   3: sent at 213481000000, (unhandled) KeyEvent { action=ACTION_UP, keyCode=KEYCODE_MEDIA_PREVIOUS, scanCode=0, metaState=0, flags=0x8, repeatCount=0, eventTime=213481, downTime=213481, deviceId=-1, source=0x101 }
D/InputEventConsistencyVerifier( 1077):   4: sent at 213444000000, (unhandled) KeyEvent { action=ACTION_DOWN, keyCode=KEYCODE_MEDIA_PREVIOUS, scanCode=0, metaState=0, flags=0x8, repeatCount=0, eventTime=213444, downTime=213444, deviceId=-1, source=0x101 }
D/InputEventConsistencyVerifier( 1077):   5: sent at 213428000000, MotionEvent { action=ACTION_UP, id[0]=0, x[0]=0.0, y[0]=351.0, toolType[0]=TOOL_TYPE_UNKNOWN, buttonState=0, metaState=0, flags=0x0, edgeFlags=0x0, pointerCount=1, historySize=0, eventTime=213428, downTime=213265, deviceId=0, source=0x1002 }
I/AudioService(  233):   Remote Control   registerMediaButtonIntent() for PendingIntent{b4325910: PendingIntentRecord{b40a1060 com.android.music broadcastIntent}}
E/WVMExtractor(   62): Failed to open libwvm.so
I/ActivityManager(  233): START {act=android.intent.action.MAIN cat=[android.intent.category.HOME] flg=0x10200000 cmp=com.android.launcher/com.android.launcher2.Launcher u=0} from pid 233
I/Choreographer( 1077): Skipped 77 frames!  The application may be doing too much work on its main thread.
E/WVMExtractor(   62): Failed to open libwvm.so
V/log     ( 1077): Next
I/ActivityManager(  233): START {act=android.intent.action.VIEW dat=http://red.androfiles.com/get/7ap2E cmp=com.android.browser/.BrowserActivity u=0} from pid 1077
I/InputDispatcher(  233): Dropped event because of pending overdue app switch.
W/InputManager(  233): Input event injection from pid 1056 failed.
D/InputEventConsistencyVerifier( 1077): KeyEvent: ACTION_UP but key was not down.
D/InputEventConsistencyVerifier( 1077):   in com.android.internal.policy.impl.PhoneWindow$DecorView@b3f6d8a8
D/InputEventConsistencyVerifier( 1077):   0: sent at 215855000000, KeyEvent { action=ACTION_UP, keyCode=KEYCODE_DPAD_RIGHT, scanCode=0, metaState=0, flags=0x400, repeatCount=0, eventTime=215855, downTime=215855, deviceId=-1, source=0x101 }
D/InputEventConsistencyVerifier( 1077):   -- recent events --
D/InputEventConsistencyVerifier( 1077):   1: sent at 215569000000, (unhandled) MotionEvent { action=ACTION_MOVE, id[0]=0, x[0]=4.0, y[0]=-3.0, toolType[0]=TOOL_TYPE_UNKNOWN, buttonState=0, metaState=0, flags=0x0, edgeFlags=0x0, pointerCount=1, historySize=9, eventTime=215569, downTime=-1, deviceId=0, source=0x10004 }
D/InputEventConsistencyVerifier( 1077):   2: sent at 215657000000, MotionEvent { action=ACTION_UP, id[0]=0, x[0]=473.0, y[0]=405.0, toolType[0]=TOOL_TYPE_UNKNOWN, buttonState=0, metaState=0, flags=0x0, edgeFlags=0x0, pointerCount=1, historySize=0, eventTime=215657, downTime=215637, deviceId=0, source=0x1002 }
D/InputEventConsistencyVerifier( 1077):   3: sent at 215655000000, MotionEvent { action=ACTION_MOVE, id[0]=0, x[0]=472.0, y[0]=398.0, toolType[0]=TOOL_TYPE_UNKNOWN, buttonState=0, metaState=0, flags=0x0, edgeFlags=0x0, pointerCount=1, historySize=2, eventTime=215655, downTime=215637, deviceId=0, source=0x1002 }
D/InputEventConsistencyVerifier( 1077):   4: sent at 215638000000, MotionEvent { action=ACTION_DOWN, id[0]=0, x[0]=460.0, y[0]=390.0, toolType[0]=TOOL_TYPE_UNKNOWN, buttonState=0, metaState=0, flags=0x0, edgeFlags=0x0, pointerCount=1, historySize=0, eventTime=215638, downTime=215637, deviceId=0, source=0x1002 }
D/InputEventConsistencyVerifier( 1077):   5: sent at 215439000000, (unhandled) KeyEvent { action=ACTION_UP, keyCode=KEYCODE_DPAD_CENTER, scanCode=0, metaState=0, flags=0x8, repeatCount=0, eventTime=215439, downTime=215439, deviceId=-1, source=0x101 }
E/WVMExtractor(   62): Failed to open libwvm.so
E/WVMExtractor(   62): Failed to open libwvm.so
I/Choreographer(  492): Skipped 116 frames!  The application may be doing too much work on its main thread.
I/Choreographer( 1077): Skipped 35 frames!  The application may be doing too much work on its main thread.
D/InputEventConsistencyVerifier( 1077): KeyEvent: ACTION_UP but key was not down.
D/InputEventConsistencyVerifier( 1077):   in android.widget.LinearLayout@b3f70b18
D/InputEventConsistencyVerifier( 1077):   0: sent at 215856000000, KeyEvent { action=ACTION_UP, keyCode=KEYCODE_DPAD_RIGHT, scanCode=0, metaState=0, flags=0x400, repeatCount=0, eventTime=215856, downTime=215856, deviceId=-1, source=0x101 }
D/InputEventConsistencyVerifier( 1077):   -- recent events --
D/InputEventConsistencyVerifier( 1077):   1: sent at 215657000000, MotionEvent { action=ACTION_UP, id[0]=0, x[0]=473.0, y[0]=55.0, toolType[0]=TOOL_TYPE_UNKNOWN, buttonState=0, metaState=0, flags=0x0, edgeFlags=0x0, pointerCount=1, historySize=0, eventTime=215657, downTime=215637, deviceId=0, source=0x1002 }
D/InputEventConsistencyVerifier( 1077):   2: sent at 215655000000, MotionEvent { action=ACTION_MOVE, id[0]=0, x[0]=472.0, y[0]=48.0, toolType[0]=TOOL_TYPE_UNKNOWN, buttonState=0, metaState=0, flags=0x0, edgeFlags=0x0, pointerCount=1, historySize=2, eventTime=215655, downTime=215637, deviceId=0, source=0x1002 }
D/InputEventConsistencyVerifier( 1077):   3: sent at 215638000000, MotionEvent { action=ACTION_DOWN, id[0]=0, x[0]=460.0, y[0]=40.0, toolType[0]=TOOL_TYPE_UNKNOWN, buttonState=0, metaState=0, flags=0x0, edgeFlags=0x0, pointerCount=1, historySize=0, eventTime=215638, downTime=215637, deviceId=0, source=0x1002 }
D/InputEventConsistencyVerifier( 1077):   4: sent at 213428000000, MotionEvent { action=ACTION_UP, id[0]=0, x[0]=0.0, y[0]=1.0, toolType[0]=TOOL_TYPE_UNKNOWN, buttonState=0, metaState=0, flags=0x0, edgeFlags=0x0, pointerCount=1, historySize=0, eventTime=213428, downTime=213265, deviceId=0, source=0x1002 }
D/InputEventConsistencyVerifier( 1077):   5: sent at 213425000000, MotionEvent { action=ACTION_MOVE, id[0]=0, x[0]=13.0, y[0]=11.0, toolType[0]=TOOL_TYPE_UNKNOWN, buttonState=0, metaState=0, flags=0x0, edgeFlags=0x0, pointerCount=1, historySize=7, eventTime=213425, downTime=213265, deviceId=0, source=0x1002 }
I/InputAttributes(  492): InputType.TYPE_NULL is specified
I/Choreographer(  492): Skipped 95 frames!  The application may be doing too much work on its main thread.
E/WVMExtractor(   62): Failed to open libwvm.so
V/log     ( 1077): Next
W/DroidBox( 1135): DroidBox: { "ServiceStart": { "name": "com.android.music.MediaPlaybackService" } }
I/ActivityManager(  233): START {act=android.intent.action.VIEW dat=http://red.androfiles.com/get/7ap2E cmp=com.android.browser/.BrowserActivity u=0} from pid 1077
W/DroidBox( 1135): DroidBox: { "ServiceStart": { "name": "com.android.music.MediaPlaybackService" } }
D/InputEventConsistencyVerifier( 1077): KeyEvent: ACTION_UP but key was not down.
D/InputEventConsistencyVerifier( 1077):   in android.widget.TextView@b3f58b70
