D/InputEventConsistencyVerifier(  612): KeyEvent: ACTION_UP but key was not down.
D/InputEventConsistencyVerifier(  612):   in com.android.internal.policy.impl.PhoneWindow$DecorView@b40df448
D/InputEventConsistencyVerifier(  612):   0: sent at 134309000000, KeyEvent { action=ACTION_UP, keyCode=KEYCODE_DPAD_RIGHT, scanCode=0, metaState=0, flags=0x8, repeatCount=0, eventTime=134309, downTime=134309, deviceId=-1, source=0x101 }
W/dalvikvm( 1043): DroidBox: { "FdAccess": { "path": "2f6465762f696e7075742f6576656e7430", "id": "1911527175" } }
W/DroidBox( 1043): DroidBox: { "FileRW": { "operation": "write", "data": "efbfbd060000efbfbdefbfbd0c000500000000000000", "id": "1911527175" } }
I/ActivityManager(  230): START {act=android.search.action.GLOBAL_SEARCH flg=0x10000000 cmp=com.android.quicksearchbox/.SearchActivity bnds=[5,43][475,103] (has extras) u=0} from pid 612
I/Choreographer(  612): Skipped 34 frames!  The application may be doing too much work on its main thread.
I/qtaguid (  230): Failed write_ctrl(s 1 10050) res=-1 errno=1
W/NetworkManagementSocketTagger(  230): setKernelCountSet(10050, 1) failed with errno -1
E/Trace   ( 1061): error opening trace file: No such file or directory (2)
W/DroidBox( 1061): DroidBox: { "DexClassLoader": { "path": "/data/app/com.androidbox.shwsnet8-1.apk" } }
I/dalvikvm-heap(  612): Grow heap (frag case) to 15.326MB for 1463056-byte allocation
W/InputMethodManagerService(  230): Starting input on non-focused client com.android.internal.view.IInputMethodClient$Stub$Proxy@b40045f8 (uid=10019 pid=612)
I/Choreographer(  612): Skipped 285 frames!  The application may be doing too much work on its main thread.
I/Process ( 1061): Sending signal. PID: 987 SIG: 9
D/InputEventConsistencyVerifier(  612): KeyEvent: ACTION_UP but key was not down.
D/InputEventConsistencyVerifier(  612):   in com.android.launcher2.Cling@b40735c0
D/InputEventConsistencyVerifier(  612):   0: sent at 134643000000, KeyEvent { action=ACTION_UP, keyCode=KEYCODE_DPAD_DOWN, scanCode=0, metaState=0, flags=0x8, repeatCount=0, eventTime=134643, downTime=134643, deviceId=-1, source=0x101 }
I/Choreographer(  612): Skipped 31 frames!  The application may be doing too much work on its main thread.
I/Process ( 1061): Sending signal. PID: 1025 SIG: 9
I/Process ( 1061): Sending signal. PID: 908 SIG: 9
I/Process ( 1061): Sending signal. PID: 955 SIG: 9
I/Process ( 1061): Sending signal. PID: 1011 SIG: 9
I/Process ( 1061): Sending signal. PID: 568 SIG: 9
I/Process ( 1061): Sending signal. PID: 522 SIG: 9
I/Process ( 1061): Sending signal. PID: 864 SIG: 9
I/Process ( 1061): Sending signal. PID: 662 SIG: 9
I/Process ( 1061): Sending signal. PID: 748 SIG: 9
I/Process ( 1061): Sending signal. PID: 629 SIG: 9
I/Process ( 1061): Sending signal. PID: 930 SIG: 9
I/Process ( 1061): Sending signal. PID: 884 SIG: 9
I/Process ( 1061): Sending signal. PID: 838 SIG: 9
I/Process ( 1061): Sending signal. PID: 763 SIG: 9
E/WVMExtractor(   61): Failed to open libwvm.so
V/Guohead SDK( 1061): java.lang.NullPointerException
I/Guohead SDK( 1061): Creating guoheAdManager...
I/System.out( 1061):  &&&&&&&&&&&&&&&&&&&&&&&&&&&&&&&&&&&&&&&&&  startservice diao yong service 
W/DroidBox( 1061): DroidBox: { "ServiceStart": { "name": "com.network.app.service.AppManagerService" } }
V/Guohead SDK( 1061): java.lang.NullPointerException
I/Choreographer(  612): Skipped 45 frames!  The application may be doing too much work on its main thread.
E/WVMExtractor(   61): Failed to open libwvm.so
D/Guohead SDK( 1061): http://mob.guohead.com/getInfo.php?appid=f3b31870f4cd00ebcb760aac02174c18&uuid=ab28af2b763185982388a2e7508042c6&client=2&model=Full+Android+on+Emulator&sdk=4.1.1&network=epc.tmobile.com&ghver=v1.6.2
E/WVMExtractor(   61): Failed to open libwvm.so
E/WVMExtractor(   61): Failed to open libwvm.so
E/Guohead SDK( 1061): java.net.UnknownHostException: Unable to resolve host "mob.guohead.com": No address associated with hostname
D/Guohead SDK( 1061): Received jsonString: 
E/Guohead SDK( 1061): Unable to parse response from JSON. This may or may not be fatal.
E/Guohead SDK( 1061): org.json.JSONException: End of input at character 0 of 
E/Guohead SDK( 1061): 	at org.json.JSONTokener.syntaxError(JSONTokener.java:450)
E/Guohead SDK( 1061): 	at org.json.JSONTokener.nextValue(JSONTokener.java:97)
E/Guohead SDK( 1061): 	at org.json.JSONObject.<init>(JSONObject.java:154)
E/Guohead SDK( 1061): 	at org.json.JSONObject.<init>(JSONObject.java:171)
E/Guohead SDK( 1061): 	at com.guohead.sdk.GuoheAdManager.parseConfigurationString(Unknown Source)
E/Guohead SDK( 1061): 	at com.guohead.sdk.GuoheAdManager.HttpfetchConfig(Unknown Source)
E/Guohead SDK( 1061): 	at com.guohead.sdk.GuoheAdManager.<init>(Unknown Source)
E/Guohead SDK( 1061): 	at com.guohead.sdk.GuoheAdLayout$3.run(Unknown Source)
W/dalvikvm( 1061): DroidBox: { "FdAccess": { "path": "2f646174612f646174612f636f6d2e616e64726f6964626f782e736877736e6574382f7368617265645f70726566732f4748446174612e786d6c", "id": "1065916963" } }
W/DroidBox( 1061): DroidBox: { "FileRW": { "operation": "write", "data": "3c3f786d6c2076657273696f6e3d27312e302720656e636f64696e673d277574662d3827207374616e64616c6f6e653d2779657327203f3e0a3c6d61703e0a3c737472696e67206e616d653d224748436f6e666967223e3c2f737472696e673e0a3c2f6d", "id": "1065916963" } }
E/WVMExtractor(   61): Failed to open libwvm.so
I/Guohead SDK( 1061): Finished creating guoheAdManager
I/Guohead SDK( 1061): Sum of ration weights is 0 - no ads to be shown
E/Guohead SDK( 1061): Unable to get configuration info or bad info, exiting GuoheAd
D/PackageManager(  230): generateServicesMap(android.accounts.AccountAuthenticator): 2 services unchanged
I/InputReader(  230): Reconfiguring input devices.  changes=0x00000010
D/PackageManager(  230): generateServicesMap(android.content.SyncAdapter): 4 services unchanged
W/dalvikvm(  908): DroidBox: { "FdAccess": { "path": "2f646174612f646174612f636f6d2e616e64726f69642e67616c6c65727933642f7368617265645f70726566732f636f6d2e616e64726f69642e67616c6c65727933645f707265666572656e6365732e786d6c", "id": "432054628" } }
W/DroidBox(  908): DroidBox: { "FileRW": { "operation": "write", "data": "3c3f786d6c2076657273696f6e3d27312e302720656e636f64696e673d277574662d3827207374616e64616c6f6e653d2779657327203f3e0a3c6d61703e0a3c696e74206e616d653d227061636b616765732d76657273696f6e222076616c75653d2238", "id": "432054628" } }
I/AccountTypeManager(  763): Loaded meta-data for 1 account types, 0 accounts in 202ms(wall) 10ms(cpu)
E/WVMExtractor(   61): Failed to open libwvm.so
W/dalvikvm(  230): DroidBox: { "FdAccess": { "path": "2f70726f632f313034332f636d646c696e65", "id": "762189260" } }
W/DroidBox(  230): DroidBox: { "FileRW": { "operation": "read", "data": "636f6d2e616e64726f69642e636f6d6d616e64732e6d6f6e6b65790000000000000000000000000000000000000000000000000000000000000000000000000000000000000000000000000000000000000000000000000000000000000000352e61706b", "id": "762189260" } }
W/dalvikvm(  230): DroidBox: { "FdAccess": { "path": "2f70726f632f313036312f636d646c696e65", "id": "1381543107" } }
W/DroidBox(  230): DroidBox: { "FileRW": { "operation": "read", "data": "636f6d2e616e64726f6964626f782e736877736e657438000000000000000000000000000000000000000000000000000000000000000000000000000000000000000000000000000000000000000000000000000000000000000000000000352e61706b", "id": "1381543107" } }
I/Choreographer(  612): Skipped 113 frames!  The application may be doing too much work on its main thread.
E/ResourceUtils( 1061): Bitmap string couldn't be null.
E/ResourceUtils( 1061): Bitmap string couldn't be null.
E/WVMExtractor(   61): Failed to open libwvm.so
I/InputDispatcher(  230): Application is not responding: AppWindowToken{b42632a8 token=Token{b414a628 ActivityRecord{b3e5ac38 com.androidbox.shwsnet8/.AppActivity}}}.  It has been 5282.6ms since event, 5006.2ms since wait started.  Reason: Waiting because no window has focus but there is a focused application that may eventually add a window when it finishes starting up.
I/WindowManager(  230): Input event dispatching timed out sending to application AppWindowToken{b42632a8 token=Token{b414a628 ActivityRecord{b3e5ac38 com.androidbox.shwsnet8/.AppActivity}}}
I/Process (  230): Sending signal. PID: 1061 SIG: 3
I/Process (  230): Sending signal. PID: 230 SIG: 3
E/WVMExtractor(   61): Failed to open libwvm.so
I/Process (  230): Sending signal. PID: 430 SIG: 3
I/Process (  230): Sending signal. PID: 503 SIG: 3
W/dalvikvm(  230): DroidBox: { "FdAccess": { "path": "2f70726f632f312f636d646c696e65", "id": "2097168455" } }
W/DroidBox(  230): DroidBox: { "FileRW": { "operation": "read", "data": "2f696e69740000000000000000000000000000000000000000000000000000000000000000000000000000000000000000000000000000000000000000000000000000000000000000000000000000000000000000000000000000000000000000000000", "id": "2097168455" } }
W/dalvikvm(  230): DroidBox: { "FdAccess": { "path": "2f70726f632f322f636d646c696e65", "id": "544150745" } }
W/DroidBox(  230): DroidBox: { "FileRW": { "operation": "read", "data": "2f696e69740000000000000000000000000000000000000000000000000000000000000000000000000000000000000000000000000000000000000000000000000000000000000000000000000000000000000000000000000000000000000000000000", "id": "544150745" } }
W/dalvikvm(  230): DroidBox: { "FdAccess": { "path": "2f70726f632f332f636d646c696e65", "id": "177589785" } }
W/DroidBox(  230): DroidBox: { "FileRW": { "operation": "read", "data": "2f696e69740000000000000000000000000000000000000000000000000000000000000000000000000000000000000000000000000000000000000000000000000000000000000000000000000000000000000000000000000000000000000000000000", "id": "177589785" } }
W/dalvikvm(  230): DroidBox: { "FdAccess": { "path": "2f70726f632f342f636d646c696e65", "id": "1191528338" } }
W/DroidBox(  230): DroidBox: { "FileRW": { "operation": "read", "data": "2f696e69740000000000000000000000000000000000000000000000000000000000000000000000000000000000000000000000000000000000000000000000000000000000000000000000000000000000000000000000000000000000000000000000", "id": "1191528338" } }
W/dalvikvm(  230): DroidBox: { "FdAccess": { "path": "2f70726f632f352f636d646c696e65", "id": "1861887833" } }
W/DroidBox(  230): DroidBox: { "FileRW": { "operation": "read", "data": "2f696e69740000000000000000000000000000000000000000000000000000000000000000000000000000000000000000000000000000000000000000000000000000000000000000000000000000000000000000000000000000000000000000000000", "id": "1861887833" } }
W/dalvikvm(  230): DroidBox: { "FdAccess": { "path": "2f70726f632f362f636d646c696e65", "id": "422736305" } }
W/DroidBox(  230): DroidBox: { "FileRW": { "operation": "read", "data": "2f696e69740000000000000000000000000000000000000000000000000000000000000000000000000000000000000000000000000000000000000000000000000000000000000000000000000000000000000000000000000000000000000000000000", "id": "422736305" } }
W/dalvikvm(  230): DroidBox: { "FdAccess": { "path": "2f70726f632f372f636d646c696e65", "id": "157511301" } }
W/DroidBox(  230): DroidBox: { "FileRW": { "operation": "read", "data": "2f696e69740000000000000000000000000000000000000000000000000000000000000000000000000000000000000000000000000000000000000000000000000000000000000000000000000000000000000000000000000000000000000000000000", "id": "157511301" } }
W/dalvikvm(  230): DroidBox: { "FdAccess": { "path": "2f70726f632f382f636d646c696e65", "id": "908691739" } }
W/DroidBox(  230): DroidBox: { "FileRW": { "operation": "read", "data": "2f696e69740000000000000000000000000000000000000000000000000000000000000000000000000000000000000000000000000000000000000000000000000000000000000000000000000000000000000000000000000000000000000000000000", "id": "908691739" } }
W/dalvikvm(  230): DroidBox: { "FdAccess": { "path": "2f70726f632f392f636d646c696e65", "id": "1801548625" } }
W/DroidBox(  230): DroidBox: { "FileRW": { "operation": "read", "data": "2f696e69740000000000000000000000000000000000000000000000000000000000000000000000000000000000000000000000000000000000000000000000000000000000000000000000000000000000000000000000000000000000000000000000", "id": "1801548625" } }
W/dalvikvm(  230): DroidBox: { "FdAccess": { "path": "2f70726f632f31302f636d646c696e65", "id": "1692353641" } }
W/DroidBox(  230): DroidBox: { "FileRW": { "operation": "read", "data": "2f696e69740000000000000000000000000000000000000000000000000000000000000000000000000000000000000000000000000000000000000000000000000000000000000000000000000000000000000000000000000000000000000000000000", "id": "1692353641" } }
W/dalvikvm(  230): DroidBox: { "FdAccess": { "path": "2f70726f632f31312f636d646c696e65", "id": "989583782" } }
W/DroidBox(  230): DroidBox: { "FileRW": { "operation": "read", "data": "2f696e69740000000000000000000000000000000000000000000000000000000000000000000000000000000000000000000000000000000000000000000000000000000000000000000000000000000000000000000000000000000000000000000000", "id": "989583782" } }
W/dalvikvm(  230): DroidBox: { "FdAccess": { "path": "2f70726f632f31322f636d646c696e65", "id": "659098079" } }
W/DroidBox(  230): DroidBox: { "FileRW": { "operation": "read", "data": "2f696e69740000000000000000000000000000000000000000000000000000000000000000000000000000000000000000000000000000000000000000000000000000000000000000000000000000000000000000000000000000000000000000000000", "id": "659098079" } }
W/dalvikvm(  230): DroidBox: { "FdAccess": { "path": "2f70726f632f31332f636d646c696e65", "id": "272160760" } }
W/DroidBox(  230): DroidBox: { "FileRW": { "operation": "read", "data": "2f696e69740000000000000000000000000000000000000000000000000000000000000000000000000000000000000000000000000000000000000000000000000000000000000000000000000000000000000000000000000000000000000000000000", "id": "272160760" } }
W/dalvikvm(  230): DroidBox: { "FdAccess": { "path": "2f70726f632f31342f636d646c696e65", "id": "882409194" } }
W/DroidBox(  230): DroidBox: { "FileRW": { "operation": "read", "data": "2f696e69740000000000000000000000000000000000000000000000000000000000000000000000000000000000000000000000000000000000000000000000000000000000000000000000000000000000000000000000000000000000000000000000", "id": "882409194" } }
W/dalvikvm(  230): DroidBox: { "FdAccess": { "path": "2f70726f632f32352f636d646c696e65", "id": "449824692" } }
W/DroidBox(  230): DroidBox: { "FileRW": { "operation": "read", "data": "2f696e69740000000000000000000000000000000000000000000000000000000000000000000000000000000000000000000000000000000000000000000000000000000000000000000000000000000000000000000000000000000000000000000000", "id": "449824692" } }
W/dalvikvm(  230): DroidBox: { "FdAccess": { "path": "2f70726f632f32362f636d646c696e65", "id": "766709692" } }
W/DroidBox(  230): DroidBox: { "FileRW": { "operation": "read", "data": "2f696e69740000000000000000000000000000000000000000000000000000000000000000000000000000000000000000000000000000000000000000000000000000000000000000000000000000000000000000000000000000000000000000000000", "id": "766709692" } }
W/dalvikvm(  230): DroidBox: { "FdAccess": { "path": "2f70726f632f32372f636d646c696e65", "id": "1364126752" } }
W/DroidBox(  230): DroidBox: { "FileRW": { "operation": "read", "data": "2f696e69740000000000000000000000000000000000000000000000000000000000000000000000000000000000000000000000000000000000000000000000000000000000000000000000000000000000000000000000000000000000000000000000", "id": "1364126752" } }
W/dalvikvm(  230): DroidBox: { "FdAccess": { "path": "2f70726f632f32382f636d646c696e65", "id": "1338248909" } }
W/DroidBox(  230): DroidBox: { "FileRW": { "operation": "read", "data": "2f696e69740000000000000000000000000000000000000000000000000000000000000000000000000000000000000000000000000000000000000000000000000000000000000000000000000000000000000000000000000000000000000000000000", "id": "1338248909" } }
W/dalvikvm(  230): DroidBox: { "FdAccess": { "path": "2f70726f632f32392f636d646c696e65", "id": "1388624327" } }
W/DroidBox(  230): DroidBox: { "FileRW": { "operation": "read", "data": "2f696e69740000000000000000000000000000000000000000000000000000000000000000000000000000000000000000000000000000000000000000000000000000000000000000000000000000000000000000000000000000000000000000000000", "id": "1388624327" } }
W/dalvikvm(  230): DroidBox: { "FdAccess": { "path": "2f70726f632f33302f636d646c696e65", "id": "1161379937" } }
W/DroidBox(  230): DroidBox: { "FileRW": { "operation": "read", "data": "2f696e69740000000000000000000000000000000000000000000000000000000000000000000000000000000000000000000000000000000000000000000000000000000000000000000000000000000000000000000000000000000000000000000000", "id": "1161379937" } }
W/dalvikvm(  230): DroidBox: { "FdAccess": { "path": "2f70726f632f33312f636d646c696e65", "id": "2132738953" } }
W/DroidBox(  230): DroidBox: { "FileRW": { "operation": "read", "data": "2f7362696e2f756576656e7464000000000000000000000000000000000000000000000000000000000000000000000000000000000000000000000000000000000000000000000000000000000000000000000000000000000000000000000000000000", "id": "2132738953" } }
W/dalvikvm(  230): DroidBox: { "FdAccess": { "path": "2f70726f632f33332f636d646c696e65", "id": "1242074134" } }
W/DroidBox(  230): DroidBox: { "FileRW": { "operation": "read", "data": "2f7362696e2f756576656e7464000000000000000000000000000000000000000000000000000000000000000000000000000000000000000000000000000000000000000000000000000000000000000000000000000000000000000000000000000000", "id": "1242074134" } }
W/dalvikvm(  230): DroidBox: { "FdAccess": { "path": "2f70726f632f33342f636d646c696e65", "id": "518338564" } }
W/MessageDispatchManager( 1061): There is a message[MSG_SYSTEM_LOG_EVENT] which no consumer could deal with it.
W/DroidBox(  230): DroidBox: { "FileRW": { "operation": "read", "data": "2f7362696e2f756576656e7464000000000000000000000000000000000000000000000000000000000000000000000000000000000000000000000000000000000000000000000000000000000000000000000000000000000000000000000000000000", "id": "518338564" } }
W/dalvikvm(  230): DroidBox: { "FdAccess": { "path": "2f70726f632f33382f636d646c696e65", "id": "945351181" } }
W/DroidBox(  230): DroidBox: { "FileRW": { "operation": "read", "data": "2f7362696e2f756576656e7464000000000000000000000000000000000000000000000000000000000000000000000000000000000000000000000000000000000000000000000000000000000000000000000000000000000000000000000000000000", "id": "945351181" } }
W/dalvikvm(  230): DroidBox: { "FdAccess": { "path": "2f70726f632f34302f636d646c696e65", "id": "1180806116" } }
W/DroidBox(  230): DroidBox: { "FileRW": { "operation": "read", "data": "2f7362696e2f756576656e7464000000000000000000000000000000000000000000000000000000000000000000000000000000000000000000000000000000000000000000000000000000000000000000000000000000000000000000000000000000", "id": "1180806116" } }
W/dalvikvm(  230): DroidBox: { "FdAccess": { "path": "2f70726f632f34312f636d646c696e65", "id": "1066926518" } }
W/DroidBox(  230): DroidBox: { "FileRW": { "operation": "read", "data": "2f7362696e2f756576656e7464000000000000000000000000000000000000000000000000000000000000000000000000000000000000000000000000000000000000000000000000000000000000000000000000000000000000000000000000000000", "id": "1066926518" } }
W/dalvikvm(  230): DroidBox: { "FdAccess": { "path": "2f70726f632f34342f636d646c696e65", "id": "732788665" } }
W/DroidBox(  230): DroidBox: { "FileRW": { "operation": "read", "data": "2f7362696e2f756576656e7464000000000000000000000000000000000000000000000000000000000000000000000000000000000000000000000000000000000000000000000000000000000000000000000000000000000000000000000000000000", "id": "732788665" } }
W/dalvikvm(  230): DroidBox: { "FdAccess": { "path": "2f70726f632f34362f636d646c696e65", "id": "726775682" } }
W/DroidBox(  230): DroidBox: { "FileRW": { "operation": "read", "data": "2f7362696e2f756576656e7464000000000000000000000000000000000000000000000000000000000000000000000000000000000000000000000000000000000000000000000000000000000000000000000000000000000000000000000000000000", "id": "726775682" } }
W/dalvikvm(  230): DroidBox: { "FdAccess": { "path": "2f70726f632f34372f636d646c696e65", "id": "1712602709" } }
W/DroidBox(  230): DroidBox: { "FileRW": { "operation": "read", "data": "2f7362696e2f756576656e7464000000000000000000000000000000000000000000000000000000000000000000000000000000000000000000000000000000000000000000000000000000000000000000000000000000000000000000000000000000", "id": "1712602709" } }
W/dalvikvm(  230): DroidBox: { "FdAccess": { "path": "2f70726f632f34382f636d646c696e65", "id": "86872966" } }
W/DroidBox(  230): DroidBox: { "FileRW": { "operation": "read", "data": "2f73797374656d2f62696e2f71656d75640000000000000000000000000000000000000000000000000000000000000000000000000000000000000000000000000000000000000000000000000000000000000000000000000000000000000000000000", "id": "86872966" } }
W/dalvikvm(  230): DroidBox: { "FdAccess": { "path": "2f70726f632f35322f636d646c696e65", "id": "586462649" } }
W/DroidBox(  230): DroidBox: { "FileRW": { "operation": "read", "data": "2f73797374656d2f62696e2f736572766963656d616e616765720000000000000000000000000000000000000000000000000000000000000000000000000000000000000000000000000000000000000000000000000000000000000000000000000000", "id": "586462649" } }
W/dalvikvm(  230): DroidBox: { "FdAccess": { "path": "2f70726f632f35332f636d646c696e65", "id": "1808346428" } }
W/DroidBox(  230): DroidBox: { "FileRW": { "operation": "read", "data": "2f73797374656d2f62696e2f766f6c640063656d616e616765720000000000000000000000000000000000000000000000000000000000000000000000000000000000000000000000000000000000000000000000000000000000000000000000000000", "id": "1808346428" } }
W/dalvikvm(  230): DroidBox: { "FdAccess": { "path": "2f70726f632f35352f636d646c696e65", "id": "1078344349" } }
W/DroidBox(  230): DroidBox: { "FileRW": { "operation": "read", "data": "2f73797374656d2f62696e2f6e6574640063656d616e616765720000000000000000000000000000000000000000000000000000000000000000000000000000000000000000000000000000000000000000000000000000000000000000000000000000", "id": "1078344349" } }
W/dalvikvm(  230): DroidBox: { "FdAccess": { "path": "2f70726f632f35372f636d646c696e65", "id": "466064943" } }
W/DroidBox(  230): DroidBox: { "FileRW": { "operation": "read", "data": "2f73797374656d2f62696e2f72696c640063656d616e616765720000000000000000000000000000000000000000000000000000000000000000000000000000000000000000000000000000000000000000000000000000000000000000000000000000", "id": "466064943" } }
W/dalvikvm(  230): DroidBox: { "FdAccess": { "path": "2f70726f632f35382f636d646c696e65", "id": "1848620631" } }
W/DroidBox(  230): DroidBox: { "FileRW": { "operation": "read", "data": "2f73797374656d2f62696e2f73757266616365666c696e6765720000000000000000000000000000000000000000000000000000000000000000000000000000000000000000000000000000000000000000000000000000000000000000000000000000", "id": "1848620631" } }
W/dalvikvm(  230): DroidBox: { "FdAccess": { "path": "2f70726f632f35392f636d646c696e65", "id": "202401198" } }
W/DroidBox(  230): DroidBox: { "FileRW": { "operation": "read", "data": "7a79676f7465002f62696e2f6170705f70726f63657373002d587a79676f7465002f73797374656d2f62696e002d2d7a79676f7465002d2d73746172742d73797374656d2d73657276657200000000000000000000000000000000000000000000000000", "id": "202401198" } }
W/dalvikvm(  230): DroidBox: { "FdAccess": { "path": "2f70726f632f36302f636d646c696e65", "id": "1033369335" } }
W/DroidBox(  230): DroidBox: { "FileRW": { "operation": "read", "data": "2f73797374656d2f62696e2f64726d7365727665720073002d587a79676f7465002f73797374656d2f62696e002d2d7a79676f7465002d2d73746172742d73797374656d2d73657276657200000000000000000000000000000000000000000000000000", "id": "1033369335" } }
W/dalvikvm(  230): DroidBox: { "FdAccess": { "path": "2f70726f632f36312f636d646c696e65", "id": "875377159" } }
W/DroidBox(  230): DroidBox: { "FileRW": { "operation": "read", "data": "2f73797374656d2f62696e2f6d65646961736572766572002d587a79676f7465002f73797374656d2f62696e002d2d7a79676f7465002d2d73746172742d73797374656d2d73657276657200000000000000000000000000000000000000000000000000", "id": "875377159" } }
W/dalvikvm(  230): DroidBox: { "FdAccess": { "path": "2f70726f632f36322f636d646c696e65", "id": "715222159" } }
W/DroidBox(  230): DroidBox: { "FileRW": { "operation": "read", "data": "2f73797374656d2f62696e2f646275732d6461656d6f6e002d2d73797374656d002d2d6e6f666f726b00696e002d2d7a79676f7465002d2d73746172742d73797374656d2d73657276657200000000000000000000000000000000000000000000000000", "id": "715222159" } }
W/dalvikvm(  230): DroidBox: { "FdAccess": { "path": "2f70726f632f36332f636d646c696e65", "id": "136002097" } }
W/DroidBox(  230): DroidBox: { "FileRW": { "operation": "read", "data": "2f73797374656d2f62696e2f696e7374616c6c64006f6e002d2d73797374656d002d2d6e6f666f726b00696e002d2d7a79676f7465002d2d73746172742d73797374656d2d73657276657200000000000000000000000000000000000000000000000000", "id": "136002097" } }
W/dalvikvm(  230): DroidBox: { "FdAccess": { "path": "2f70726f632f36342f636d646c696e65", "id": "667296496" } }
W/DroidBox(  230): DroidBox: { "FileRW": { "operation": "read", "data": "2f73797374656d2f62696e2f6b657973746f7265002f646174612f6d6973632f6b657973746f72650000696e002d2d7a79676f7465002d2d73746172742d73797374656d2d73657276657200000000000000000000000000000000000000000000000000", "id": "667296496" } }
W/dalvikvm(  230): DroidBox: { "FdAccess": { "path": "2f70726f632f36352f636d646c696e65", "id": "949044678" } }
W/DroidBox(  230): DroidBox: { "FileRW": { "operation": "read", "data": "2f73797374656d2f62696e2f73680073746f7265002f646174612f6d6973632f6b657973746f72650000696e002d2d7a79676f7465002d2d73746172742d73797374656d2d73657276657200000000000000000000000000000000000000000000000000", "id": "949044678" } }
W/dalvikvm(  230): DroidBox: { "FdAccess": { "path": "2f70726f632f36372f636d646c696e65", "id": "1849125366" } }
W/DroidBox(  230): DroidBox: { "FileRW": { "operation": "read", "data": "2f7362696e2f61646264002f73680073746f7265002f646174612f6d6973632f6b657973746f72650000696e002d2d7a79676f7465002d2d73746172742d73797374656d2d73657276657200000000000000000000000000000000000000000000000000", "id": "1849125366" } }
W/dalvikvm(  230): DroidBox: { "FdAccess": { "path": "2f70726f632f39372f636d646c696e65", "id": "1744830980" } }
W/DroidBox(  230): DroidBox: { "FileRW": { "operation": "read", "data": "2f7362696e2f61646264002f73680073746f7265002f646174612f6d6973632f6b657973746f72650000696e002d2d7a79676f7465002d2d73746172742d73797374656d2d73657276657200000000000000000000000000000000000000000000000000", "id": "1744830980" } }
W/dalvikvm(  230): DroidBox: { "FdAccess": { "path": "2f70726f632f3233302f636d646c696e65", "id": "983235394" } }
W/DroidBox(  230): DroidBox: { "FileRW": { "operation": "read", "data": "73797374656d5f736572766572000000000000000000000000000000000000000000000000000000000000000000000000000000000000000000000000000000000000000000000000000000000000000000000000000000000000000000000000000000", "id": "983235394" } }
W/dalvikvm(  230): DroidBox: { "FdAccess": { "path": "2f70726f632f3433302f636d646c696e65", "id": "1770134601" } }
W/DroidBox(  230): DroidBox: { "FileRW": { "operation": "read", "data": "636f6d2e616e64726f69642e73797374656d75690000000000000000000000000000000000000000000000000000000000000000000000000000000000000000000000000000000000000000000000000000000000000000000000000000000000000000", "id": "1770134601" } }
W/dalvikvm( 1061): DroidBox: { "FdAccess": { "path": "2f646174612f646174612f636f6d2e616e64726f6964626f782e736877736e6574382f66696c65732f726d735f717368312e646174", "id": "943363957" } }
W/DroidBox( 1061): DroidBox: { "FileRW": { "operation": "write", "data": "00000001", "id": "943363957" } }
W/dalvikvm( 1061): DroidBox: { "FdAccess": { "path": "2f646174612f646174612f636f6d2e616e64726f6964626f782e736877736e6574382f66696c65732f726d735f717368312e646174", "id": "764148633" } }
W/DroidBox( 1061): DroidBox: { "FileRW": { "operation": "write", "data": "000001efbfbdefbfbdefbfbd2a", "id": "764148633" } }
W/dalvikvm( 1061): DroidBox: { "FdAccess": { "path": "2f646174612f646174612f636f6d2e616e64726f6964626f782e736877736e6574382f66696c65732f726d735f717368312e646174", "id": "492436169" } }
W/DroidBox( 1061): DroidBox: { "FileRW": { "operation": "write", "data": "00000000", "id": "492436169" } }
W/dalvikvm( 1061): DroidBox: { "FdAccess": { "path": "2f646174612f646174612f636f6d2e616e64726f6964626f782e736877736e6574382f66696c65732f726d735f717368312e646174", "id": "134095908" } }
W/DroidBox( 1061): DroidBox: { "FileRW": { "operation": "write", "data": "00000000", "id": "134095908" } }
W/dalvikvm( 1061): DroidBox: { "FdAccess": { "path": "2f646174612f646174612f636f6d2e616e64726f6964626f782e736877736e6574382f66696c65732f726d735f717368312e646174", "id": "1801498046" } }
W/DroidBox( 1061): DroidBox: { "FileRW": { "operation": "read", "data": "00000001", "id": "1801498046" } }
W/dalvikvm( 1061): DroidBox: { "FdAccess": { "path": "2f646174612f646174612f636f6d2e616e64726f6964626f782e736877736e6574382f66696c65732f726d735f717368312e646174", "id": "1411452480" } }
W/DroidBox( 1061): DroidBox: { "FileRW": { "operation": "read", "data": "00000001", "id": "1411452480" } }
W/dalvikvm(  230): DroidBox: { "FdAccess": { "path": "2f70726f632f3438352f636d646c696e65", "id": "816152215" } }
W/DroidBox(  230): DroidBox: { "FileRW": { "operation": "read", "data": "636f6d2e616e64726f69642e696e7075746d6574686f642e6c6174696e0000000000000000000000000000000000000000000000000000000000000000000000000000000000000000000000000000000000000000000000000000000000000000000000", "id": "816152215" } }
W/dalvikvm( 1061): DroidBox: { "FdAccess": { "path": "2f646174612f646174612f636f6d2e616e64726f6964626f782e736877736e6574382f66696c65732f726d735f717368312e646174", "id": "866871132" } }
W/DroidBox( 1061): DroidBox: { "FileRW": { "operation": "read", "data": "00000001", "id": "866871132" } }
W/dalvikvm(  230): DroidBox: { "FdAccess": { "path": "2f70726f632f3530332f636d646c696e65", "id": "888999128" } }
W/DroidBox(  230): DroidBox: { "FileRW": { "operation": "read", "data": "636f6d2e616e64726f69642e70686f6e650000000000000000000000000000000000000000000000000000000000000000000000000000000000000000000000000000000000000000000000000000000000000000000000000000000000000000000000", "id": "888999128" } }
W/dalvikvm(  230): DroidBox: { "FdAccess": { "path": "2f70726f632f3532322f636d646c696e65", "id": "2121184991" } }
W/DroidBox(  230): DroidBox: { "FileRW": { "operation": "read", "data": "636f6d2e616e64726f69642e73657474696e67730000000000000000000000000000000000000000000000000000000000000000000000000000000000000000000000000000000000000000000000000000000000000000000000000000000000000000", "id": "2121184991" } }
W/dalvikvm( 1061): DroidBox: { "FdAccess": { "path": "2f646174612f646174612f636f6d2e616e64726f6964626f782e736877736e6574382f66696c65732f726d735f717368312e646174", "id": "63168943" } }
W/DroidBox( 1061): DroidBox: { "FileRW": { "operation": "read", "data": "000001efbfbdefbfbdefbfbd2a", "id": "63168943" } }
W/dalvikvm(  230): DroidBox: { "FdAccess": { "path": "2f70726f632f3536382f636d646c696e65", "id": "1059623284" } }
W/DroidBox(  230): DroidBox: { "FileRW": { "operation": "read", "data": "616e64726f69642e70726f636573732e61636f726500000000000000000000000000000000000000000000000000000000000000000000000000000000000000000000000000000000000000000000000000000000000000000000000000000000000000", "id": "1059623284" } }
W/dalvikvm(  230): DroidBox: { "FdAccess": { "path": "2f70726f632f3538392f636d646c696e65", "id": "448336790" } }
W/DroidBox(  230): DroidBox: { "FileRW": { "operation": "read", "data": "636f6d2e616e64726f69642e736d7370757368000000000000000000000000000000000000000000000000000000000000000000000000000000000000000000000000000000000000000000000000000000000000000000000000000000000000000000", "id": "448336790" } }
W/dalvikvm(  230): DroidBox: { "FdAccess": { "path": "2f70726f632f3631322f636d646c696e65", "id": "712292134" } }
W/dalvikvm( 1061): DroidBox: { "FdAccess": { "path": "2f646174612f646174612f636f6d2e616e64726f6964626f782e736877736e6574382f66696c65732f726d735f717368312e646174", "id": "231978331" } }
W/DroidBox( 1061): DroidBox: { "FileRW": { "operation": "read", "data": "00000000", "id": "231978331" } }
W/DroidBox(  230): DroidBox: { "FileRW": { "operation": "read", "data": "636f6d2e616e64726f69642e6c61756e636865720000000000000000000000000000000000000000000000000000000000000000000000000000000000000000000000000000000000000000000000000000000000000000000000000000000000000000", "id": "712292134" } }
W/dalvikvm(  230): DroidBox: { "FdAccess": { "path": "2f70726f632f3632392f636d646c696e65", "id": "514389502" } }
W/DroidBox(  230): DroidBox: { "FileRW": { "operation": "read", "data": "636f6d2e616e64726f69642e63616c656e6461720000000000000000000000000000000000000000000000000000000000000000000000000000000000000000000000000000000000000000000000000000000000000000000000000000000000000000", "id": "514389502" } }
I/System.out( 1061):  ff   fffffffffffffffffffffffff   fffff  handl init  
W/dalvikvm(  230): DroidBox: { "FdAccess": { "path": "2f70726f632f3636322f636d646c696e65", "id": "1759013645" } }
W/DroidBox(  230): DroidBox: { "FileRW": { "operation": "read", "data": "636f6d2e616e64726f69642e6465736b636c6f636b00000000000000000000000000000000000000000000000000000000000000000000000000000000000000000000000000000000000000000000000000000000000000000000000000000000000000", "id": "1759013645" } }
W/dalvikvm(  230): DroidBox: { "FdAccess": { "path": "2f70726f632f3639332f636d646c696e65", "id": "736673321" } }
W/DroidBox(  230): DroidBox: { "FileRW": { "operation": "read", "data": "2f73797374656d2f62696e2f64656275676765726400000000000000000000000000000000000000000000000000000000000000000000000000000000000000000000000000000000000000000000000000000000000000000000000000000000000000", "id": "736673321" } }
W/dalvikvm(  230): DroidBox: { "FdAccess": { "path": "2f70726f632f3734382f636d646c696e65", "id": "938552185" } }
W/DroidBox(  230): DroidBox: { "FileRW": { "operation": "read", "data": "636f6d2e616e64726f69642e70726f7669646572732e63616c656e64617200000000000000000000000000000000000000000000000000000000000000000000000000000000000000000000000000000000000000000000000000000000000000000000", "id": "938552185" } }
W/dalvikvm(  230): DroidBox: { "FdAccess": { "path": "2f70726f632f3736332f636d646c696e65", "id": "1136644173" } }
W/DroidBox(  230): DroidBox: { "FileRW": { "operation": "read", "data": "636f6d2e616e64726f69642e636f6e74616374730000000000000000000000000000000000000000000000000000000000000000000000000000000000000000000000000000000000000000000000000000000000000000000000000000000000000000", "id": "1136644173" } }
I/Choreographer( 1061): Skipped 303 frames!  The application may be doing too much work on its main thread.
W/dalvikvm( 1061): DroidBox: { "FdAccess": { "path": "2f646174612f646174612f636f6d2e616e64726f6964626f782e736877736e6574382f66696c65732f726d735f717368312e646174", "id": "1857790939" } }
W/DroidBox( 1061): DroidBox: { "FileRW": { "operation": "read", "data": "00000000", "id": "1857790939" } }
W/dalvikvm( 1061): DroidBox: { "FdAccess": { "path": "2f646174612f646174612f636f6d2e616e64726f6964626f782e736877736e6574382f66696c65732f726d735f717368312e646174", "id": "1102908366" } }
W/DroidBox( 1061): DroidBox: { "FileRW": { "operation": "read", "data": "00000001", "id": "1102908366" } }
V/PhoneStatusBar(  430): setLightsOn(true)
W/dalvikvm(  230): DroidBox: { "FdAccess": { "path": "2f70726f632f3739342f636d646c696e65", "id": "233365538" } }
W/DroidBox(  230): DroidBox: { "FileRW": { "operation": "read", "data": "616e64726f69642e70726f636573732e6d6564696100000000000000000000000000000000000000000000000000000000000000000000000000000000000000000000000000000000000000000000000000000000000000000000000000000000000000", "id": "233365538" } }
W/dalvikvm( 1061): DroidBox: { "FdAccess": { "path": "2f646174612f646174612f636f6d2e616e64726f6964626f782e736877736e6574382f66696c65732f726d735f717368312e646174", "id": "1237093404" } }
W/DroidBox( 1061): DroidBox: { "FileRW": { "operation": "read", "data": "00000001", "id": "1237093404" } }
W/dalvikvm(  230): DroidBox: { "FdAccess": { "path": "2f70726f632f3833382f636d646c696e65", "id": "2074126730" } }
W/DroidBox(  230): DroidBox: { "FileRW": { "operation": "read", "data": "636f6d2e616e64726f69642e656d61696c0000000000000000000000000000000000000000000000000000000000000000000000000000000000000000000000000000000000000000000000000000000000000000000000000000000000000000000000", "id": "2074126730" } }
W/dalvikvm(  230): DroidBox: { "FdAccess": { "path": "2f70726f632f3836342f636d646c696e65", "id": "322244642" } }
W/DroidBox(  230): DroidBox: { "FileRW": { "operation": "read", "data": "636f6d2e616e64726f69642e646566636f6e7461696e657200000000000000000000000000000000000000000000000000000000000000000000000000000000000000000000000000000000000000000000000000000000000000000000000000000000", "id": "322244642" } }
W/dalvikvm(  230): DroidBox: { "FdAccess": { "path": "2f70726f632f3838342f636d646c696e65", "id": "1079082772" } }
W/DroidBox(  230): DroidBox: { "FileRW": { "operation": "read", "data": "636f6d2e616e64726f69642e65786368616e67650000000000000000000000000000000000000000000000000000000000000000000000000000000000000000000000000000000000000000000000000000000000000000000000000000000000000000", "id": "1079082772" } }
W/dalvikvm(  230): DroidBox: { "FdAccess": { "path": "2f70726f632f3930382f636d646c696e65", "id": "1117265385" } }
W/DroidBox(  230): DroidBox: { "FileRW": { "operation": "read", "data": "636f6d2e616e64726f69642e67616c6c657279336400000000000000000000000000000000000000000000000000000000000000000000000000000000000000000000000000000000000000000000000000000000000000000000000000000000000000", "id": "1117265385" } }
W/dalvikvm(  230): DroidBox: { "FdAccess": { "path": "2f70726f632f3933302f636d646c696e65", "id": "1538806056" } }
W/DroidBox(  230): DroidBox: { "FileRW": { "operation": "read", "data": "636f6d2e616e64726f69642e6d6d7300000000000000000000000000000000000000000000000000000000000000000000000000000000000000000000000000000000000000000000000000000000000000000000000000000000000000000000000000", "id": "1538806056" } }
W/dalvikvm(  230): DroidBox: { "FdAccess": { "path": "2f70726f632f3935352f636d646c696e65", "id": "2063069754" } }
W/DroidBox(  230): DroidBox: { "FileRW": { "operation": "read", "data": "636f6d2e616e64726f69642e766f6963656469616c65720000000000000000000000000000000000000000000000000000000000000000000000000000000000000000000000000000000000000000000000000000000000000000000000000000000000", "id": "2063069754" } }
W/dalvikvm( 1061): DroidBox: { "FdAccess": { "path": "2f646174612f646174612f636f6d2e616e64726f6964626f782e736877736e6574382f66696c65732f726d735f717368312e646174", "id": "327382093" } }
W/DroidBox( 1061): DroidBox: { "FileRW": { "operation": "read", "data": "00000001", "id": "327382093" } }
W/dalvikvm( 1061): DroidBox: { "FdAccess": { "path": "2f646174612f646174612f636f6d2e616e64726f6964626f782e736877736e6574382f66696c65732f726d735f717368312e646174", "id": "1954100977" } }
W/DroidBox( 1061): DroidBox: { "FileRW": { "operation": "read", "data": "000001efbfbdefbfbdefbfbd2a", "id": "1954100977" } }
W/dalvikvm( 1061): DroidBox: { "FdAccess": { "path": "2f646174612f646174612f636f6d2e616e64726f6964626f782e736877736e6574382f66696c65732f726d735f717368312e646174", "id": "1823331932" } }
W/dalvikvm(  230): DroidBox: { "FdAccess": { "path": "2f70726f632f3938372f636d646c696e65", "id": "1845586249" } }
W/DroidBox( 1061): DroidBox: { "FileRW": { "operation": "read", "data": "00000000", "id": "1823331932" } }
W/dalvikvm( 1061): DroidBox: { "FdAccess": { "path": "2f646174612f646174612f636f6d2e616e64726f6964626f782e736877736e6574382f66696c65732f726d735f717368312e646174", "id": "978307267" } }
W/DroidBox( 1061): DroidBox: { "FileRW": { "operation": "read", "data": "00000000", "id": "978307267" } }
E/WVMExtractor(   61): Failed to open libwvm.so
W/dalvikvm( 1061): DroidBox: { "FdAccess": { "path": "2f646174612f646174612f636f6d2e616e64726f6964626f782e736877736e6574382f66696c65732f726d735f717368312e646174", "id": "2096184345" } }
W/DroidBox( 1061): DroidBox: { "FileRW": { "operation": "write", "data": "00000002", "id": "2096184345" } }
W/dalvikvm( 1061): DroidBox: { "FdAccess": { "path": "2f646174612f646174612f636f6d2e616e64726f6964626f782e736877736e6574382f66696c65732f726d735f717368312e646174", "id": "141092277" } }
W/DroidBox( 1061): DroidBox: { "FileRW": { "operation": "write", "data": "000001efbfbdefbfbdefbfbd54", "id": "141092277" } }
W/dalvikvm( 1061): DroidBox: { "FdAccess": { "path": "2f646174612f646174612f636f6d2e616e64726f6964626f782e736877736e6574382f66696c65732f726d735f717368312e646174", "id": "1329084201" } }
W/DroidBox( 1061): DroidBox: { "FileRW": { "operation": "write", "data": "00000001", "id": "1329084201" } }
W/dalvikvm( 1061): DroidBox: { "FdAccess": { "path": "2f646174612f646174612f636f6d2e616e64726f6964626f782e736877736e6574382f66696c65732f726d735f717368312e646174", "id": "991631374" } }
W/DroidBox( 1061): DroidBox: { "FileRW": { "operation": "write", "data": "00000001", "id": "991631374" } }
W/dalvikvm( 1061): DroidBox: { "FdAccess": { "path": "2f646174612f646174612f636f6d2e616e64726f6964626f782e736877736e6574382f66696c65732f726d735f717368312e646174", "id": "49742191" } }
W/DroidBox( 1061): DroidBox: { "FileRW": { "operation": "write", "data": "00000001", "id": "49742191" } }
W/dalvikvm( 1061): DroidBox: { "FdAccess": { "path": "2f646174612f646174612f636f6d2e616e64726f6964626f782e736877736e6574382f66696c65732f726d735f717368312e646174", "id": "1738249136" } }
W/DroidBox( 1061): DroidBox: { "FileRW": { "operation": "write", "data": "00000010", "id": "1738249136" } }
W/dalvikvm( 1061): DroidBox: { "FdAccess": { "path": "2f646174612f646174612f636f6d2e616e64726f6964626f782e736877736e6574382f66696c65732f726d735f717368312e646174", "id": "1562059557" } }
W/DroidBox( 1061): DroidBox: { "FileRW": { "operation": "write", "data": "00000000000000000000000000000005", "id": "1562059557" } }
W/ActivityManager(  230): Launch timeout has expired, giving up wake lock!
W/DroidBox(  230): DroidBox: { "FileRW": { "operation": "read", "data": "636f6d2e616e64726f69642e717569636b736561726368626f780000000000000000000000000000000000000000000000000000000000000000000000000000000000000000000000000000000000000000000000000000000000000000000000000000", "id": "1845586249" } }
I/Choreographer( 1061): Skipped 52 frames!  The application may be doing too much work on its main thread.
W/dalvikvm(  230): DroidBox: { "FdAccess": { "path": "2f70726f632f313031312f636d646c696e65", "id": "32149636" } }
W/DroidBox(  230): DroidBox: { "FileRW": { "operation": "read", "data": "636f6d2e616e64726f69642e6d757369636678000000000000000000000000000000000000000000000000000000000000000000000000000000000000000000000000000000000000000000000000000000000000000000000000000000000000000000", "id": "32149636" } }
W/dalvikvm(  230): DroidBox: { "FdAccess": { "path": "2f70726f632f313032352f636d646c696e65", "id": "1613449584" } }
W/DroidBox(  230): DroidBox: { "FileRW": { "operation": "read", "data": "636f6d2e73766f782e7069636f000000000000000000000000000000000000000000000000000000000000000000000000000000000000000000000000000000000000000000000000000000000000000000000000000000000000000000000000000000", "id": "1613449584" } }
W/dalvikvm(  230): DroidBox: { "FdAccess": { "path": "2f70726f632f313034332f636d646c696e65", "id": "1616006981" } }
W/DroidBox(  230): DroidBox: { "FileRW": { "operation": "read", "data": "636f6d2e616e64726f69642e636f6d6d616e64732e6d6f6e6b657900000000000000000000000000000000000000000000000000000000000000000000000000000000000000000000000000000000000000000000000000000000000000000000000000", "id": "1616006981" } }
W/dalvikvm(  230): DroidBox: { "FdAccess": { "path": "2f70726f632f313034352f636d646c696e65", "id": "491320465" } }
W/DroidBox(  230): DroidBox: { "FileRW": { "operation": "read", "data": "6c6f676361740044726f6964426f783a570064616c76696b766d3a570041637469766974794d616e616765723a49000000000000000000000000000000000000000000000000000000000000000000000000000000000000000000000000000000000000", "id": "491320465" } }
W/dalvikvm(  230): DroidBox: { "FdAccess": { "path": "2f70726f632f313034372f636d646c696e65", "id": "796869786" } }
W/dalvikvm( 1061): DroidBox: { "FdAccess": { "path": "2f646174612f646174612f636f6d2e616e64726f6964626f782e736877736e6574382f66696c65732f726d735f717368312e646174", "id": "1149350484" } }
W/DroidBox( 1061): DroidBox: { "FileRW": { "operation": "read", "data": "00000002", "id": "1149350484" } }
W/DroidBox(  230): DroidBox: { "FileRW": { "operation": "read", "data": "2f73797374656d2f62696e2f7368002d63007368202e2f7364636172642f65786563757465537472616365496e2e736800000000000000000000000000000000000000000000000000000000000000000000000000000000000000000000000000000000", "id": "796869786" } }
W/dalvikvm(  230): DroidBox: { "FdAccess": { "path": "2f70726f632f313034392f636d646c696e65", "id": "698011598" } }
W/DroidBox(  230): DroidBox: { "FileRW": { "operation": "read", "data": "7368002e2f7364636172642f65786563757465537472616365496e2e736800786563757465537472616365496e2e736800000000000000000000000000000000000000000000000000000000000000000000000000000000000000000000000000000000", "id": "698011598" } }
W/dalvikvm(  230): DroidBox: { "FdAccess": { "path": "2f70726f632f313035302f636d646c696e65", "id": "1806219719" } }
W/DroidBox(  230): DroidBox: { "FileRW": { "operation": "read", "data": "737472616365002d70003539002d66002d747446002d6f002f7364636172642f326334316139306536623939663033386134396534366136663264383465626536366136346330653932653566376132623038366365656466356562663433352e61706b", "id": "1806219719" } }
W/dalvikvm(  230): DroidBox: { "FdAccess": { "path": "2f70726f632f313036312f636d646c696e65", "id": "1174703507" } }
W/DroidBox(  230): DroidBox: { "FileRW": { "operation": "read", "data": "636f6d2e616e64726f6964626f782e736877736e657438000000000000000000000000000000000000000000000000000000000000000000000000000000000000000000000000000000000066376132623038366365656466356562663433352e61706b", "id": "1174703507" } }
D/gralloc_goldfish( 1061): Emulator without GPU emulation detected.
I/ActivityManager(  230): Displayed com.androidbox.shwsnet8/.AppActivity: +10s563ms
D/DirectUtils( 1061): Create a new Nokia DirectUtils.
W/MessageDispatchManager( 1061): There is a message[MSG_ACTIVITY_START] which no consumer could deal with it.
W/MessageDispatchManager( 1061): There is a message[MSG_ACTIVITY_RESUME] which no consumer could deal with it.
W/MessageDispatchManager( 1061): There is a message[MSG_APPLICATION_LAUNCH] which no consumer could deal with it.
W/MessageDispatchManager( 1061): There is a message[MSG_APPLICATION_START] which no consumer could deal with it.
W/MessageDispatchManager( 1061): There is a message[MSG_VIEW_CHANGED] which no consumer could deal with it.
I/Process (  230): Sending signal. PID: 612 SIG: 3
W/BackupManagerService(  230): dataChanged but no participant pkg='com.android.providers.settings' uid=1001
E/ActivityManager(  230): ANR in com.androidbox.shwsnet8 (com.androidbox.shwsnet8/.AppActivity)
E/ActivityManager(  230): Reason: keyDispatchingTimedOut
E/ActivityManager(  230): Load: 7.65 / 3.13 / 1.15
E/ActivityManager(  230): CPU usage from 1254ms to -5686ms ago:
E/ActivityManager(  230):   36% 230/system_server: 30% user + 6.1% kernel / faults: 637 minor 1 major
E/ActivityManager(  230):   23% 1050/strace: 9.1% user + 14% kernel
E/ActivityManager(  230):   13% 1061/com.androidbox.shwsnet8: 7.9% user + 5.9% kernel / faults: 1542 minor 3 major
E/ActivityManager(  230):   8.3% 67/adbd: 0.5% user + 7.7% kernel / faults: 928 minor
E/ActivityManager(  230):   5.1% 1045/logcat: 2.2% user + 2.8% kernel
E/ActivityManager(  230):   4.5% 58/surfaceflinger: 3.8% user + 0.7% kernel / faults: 392 minor
E/ActivityManager(  230):   3.2% 61/mediaserver: 1% user + 2.2% kernel
E/ActivityManager(  230):   2% 503/com.android.phone: 0.8% user + 1.1% kernel / faults: 165 minor
E/ActivityManager(  230):   1.5% 612/com.android.launcher: 1.2% user + 0.2% kernel / faults: 227 minor
E/ActivityManager(  230):   0.5% 794/android.process.media: 0.1% user + 0.4% kernel / faults: 76 minor
E/ActivityManager(  230):   0.2% 11/kworker/0:1: 0% user + 0.2% kernel
E/ActivityManager(  230):   0.2% 430/com.android.systemui: 0.1% user + 0.1% kernel / faults: 88 minor
E/ActivityManager(  230):   0% 38/flush-31:1: 0% user + 0% kernel
E/ActivityManager(  230):   0.1% 568/android.process.acore: 0.1% user + 0% kernel / faults: 1 minor
E/ActivityManager(  230):   0.1% 1043/com.android.commands.monkey: 0.1% user + 0% kernel
E/ActivityManager(  230): 100% TOTAL: 59% user + 39% kernel + 0.8% softirq
E/ActivityManager(  230): CPU usage from 4588ms to 5224ms later:
E/ActivityManager(  230):   27% 230/system_server: 21% user + 5.7% kernel / faults: 3 minor
E/ActivityManager(  230):     10% 344/InputDispatcher: 2.8% user + 7.1% kernel
E/ActivityManager(  230):     7.1% 339/WindowManager: 7.1% user + 0% kernel
E/ActivityManager(  230):     2.8% 587/Binder_7: 2.8% user + 0% kernel
E/ActivityManager(  230):     1.4% 240/Binder_1: 0% user + 1.4% kernel
E/ActivityManager(  230):     1.4% 241/Binder_2: 1.4% user + 0% kernel
E/ActivityManager(  230):     1.4% 244/ActivityManager: 1.4% user + 0% kernel
E/ActivityManager(  230):     1.4% 250/PackageManager: 1.4% user + 0% kernel
E/ActivityManager(  230):     1.4% 516/Binder_4: 1.4% user + 0% kernel
E/ActivityManager(  230):     1.4% 552/Binder_5: 1.4% user + 0% kernel
E/ActivityManager(  230):   22% 1050/strace: 11% user + 10% kernel
E/ActivityManager(  230):   17% 58/surfaceflinger: 14% user + 2.8% kernel
E/ActivityManager(  230):     11% 105/SurfaceFlinger: 10% user + 1.4% kernel
E/ActivityManager(  230):     5.7% 108/VSyncThread: 1.4% user + 4.2% kernel
E/ActivityManager(  230):   15% 1061/com.androidbox.shwsnet8: 9% user + 6.4% kernel / faults: 106 minor
