W/DroidBox( 1001): DroidBox: { "FileRW": { "operation": "read", "data": "6e74696d653a3a6a6176615468726561645368656c6c28766f69642a292b3636290a20202330372020706320303030313061373520202f73797374656d2f6c69622f6c69627574696c732e736f0a20202330382020706320303030313264623020202f73", "id": "1863889798" } }
E/WVMExtractor(   62): Failed to open libwvm.so
E/WVMExtractor(   62): Failed to open libwvm.so
W/dalvikvm( 1001): DroidBox: { "FdAccess": { "path": "706970653a5b353139355d", "id": "96118840" } }
W/DroidBox( 1001): DroidBox: { "FileRW": { "operation": "read", "data": "3d35207469643d34392054494d45445f574149540a20207c2067726f75703d226d61696e222073436f756e743d31206473436f756e743d30206f626a3d307862336437646435302073656c663d307862376536376565300a20207c207379735469643d34", "id": "96118840" } }
E/WVMExtractor(   62): Failed to open libwvm.so
E/WVMExtractor(   62): Failed to open libwvm.so
E/WVMExtractor(   62): Failed to open libwvm.so
W/dalvikvm( 1001): DroidBox: { "FdAccess": { "path": "706970653a5b353139355d", "id": "1333123935" } }
W/DroidBox( 1001): DroidBox: { "FileRW": { "operation": "read", "data": "6574686f6420636f6e73742a2c204a56616c75652a2c20756e7369676e656420696e742a292b313838290a20202330392020706320303030363339643520202f73797374656d2f6c69622f6c696264766d2e736f202864766d43616c6c4d6574686f6456", "id": "1333123935" } }
E/WVMExtractor(   62): Failed to open libwvm.so
E/WVMExtractor(   62): Failed to open libwvm.so
W/dalvikvm( 1001): DroidBox: { "FdAccess": { "path": "706970653a5b353139355d", "id": "647698469" } }
W/DroidBox( 1001): DroidBox: { "FileRW": { "operation": "read", "data": "766d436865636b43616c6c4a4e494d6574686f6428756e7369676e656420696e7420636f6e73742a2c204a56616c75652a2c204d6574686f6420636f6e73742a2c205468726561642a292b38290a20202330372020706320303030333130323420202f73", "id": "647698469" } }
E/WVMExtractor(   62): Failed to open libwvm.so
E/WVMExtractor(   62): Failed to open libwvm.so
W/dalvikvm( 1001): DroidBox: { "FdAccess": { "path": "706970653a5b353139355d", "id": "29148534" } }
W/DroidBox( 1001): DroidBox: { "FileRW": { "operation": "read", "data": "3732290a2020617420616e64726f69642e6f732e4d65737361676551756575652e6e6174697665506f6c6c4f6e6365284e6174697665204d6574686f64290a2020617420616e64726f69642e6f732e4d65737361676551756575652e6e657874284d6573", "id": "29148534" } }
E/WVMExtractor(   62): Failed to open libwvm.so
E/WVMExtractor(   62): Failed to open libwvm.so
E/WVMExtractor(   62): Failed to open libwvm.so
W/dalvikvm( 1001): DroidBox: { "FdAccess": { "path": "706970653a5b353139355d", "id": "86089976" } }
W/DroidBox( 1001): DroidBox: { "FileRW": { "operation": "read", "data": "342073746d3d3420636f72653d300a20206174206a6176612e6c616e672e4f626a6563742e77616974284e6174697665204d6574686f64290a20206174206a6176612e6c616e672e4f626a6563742e77616974284f626a6563742e6a6176613a34303129", "id": "86089976" } }
E/WVMExtractor(   62): Failed to open libwvm.so
W/dalvikvm( 1001): DroidBox: { "FdAccess": { "path": "706970653a5b353139355d", "id": "1292395855" } }
W/DroidBox( 1001): DroidBox: { "FileRW": { "operation": "read", "data": "282039303030303030302033363030303030303020353820292075746d3d382073746d3d3120636f72653d300a20202330302020706320303030306461343020202f73797374656d2f6c69622f6c6962632e736f202865706f6c6c5f776169742b313229", "id": "1292395855" } }
E/WVMExtractor(   62): Failed to open libwvm.so
E/WVMExtractor(   62): Failed to open libwvm.so
W/dalvikvm( 1001): DroidBox: { "FdAccess": { "path": "706970653a5b353139355d", "id": "1504620603" } }
W/DroidBox( 1001): DroidBox: { "FileRW": { "operation": "read", "data": "3d30206f626a3d307862343165316135302073656c663d307862376634316163380a20207c207379735469643d333237206e6963653d302073636865643d302f3020636772703d617070732068616e646c653d2d313230383631353133360a20207c2073", "id": "1504620603" } }
E/WVMExtractor(   62): Failed to open libwvm.so
E/WVMExtractor(   62): Failed to open libwvm.so
W/dalvikvm( 1001): DroidBox: { "FdAccess": { "path": "706970653a5b353139355d", "id": "111099714" } }
W/DroidBox( 1001): DroidBox: { "FileRW": { "operation": "read", "data": "20207c207363686564737461743d28203137343630303030303030203134333330303030303030203337343020292075746d3d313632312073746d3d31323520636f72653d300a2020617420616e64726f69642e6f732e4d65737361676551756575652e", "id": "111099714" } }
E/WVMExtractor(   62): Failed to open libwvm.so
E/WVMExtractor(   62): Failed to open libwvm.so
E/WVMExtractor(   62): Failed to open libwvm.so
W/dalvikvm( 1001): DroidBox: { "FdAccess": { "path": "706970653a5b353139355d", "id": "1721987664" } }
W/DroidBox( 1001): DroidBox: { "FileRW": { "operation": "read", "data": "20202f73797374656d2f6c69622f6c6962616e64726f69645f72756e74696d652e736f2028616e64726f69643a3a4e61746976654d65737361676551756575653a3a706f6c6c4f6e6365285f4a4e49456e762a2c20696e74292b3232290a202023303420", "id": "1721987664" } }
E/WVMExtractor(   62): Failed to open libwvm.so
E/WVMExtractor(   62): Failed to open libwvm.so
W/dalvikvm( 1001): DroidBox: { "FdAccess": { "path": "706970653a5b353139355d", "id": "1100488040" } }
W/DroidBox( 1001): DroidBox: { "FileRW": { "operation": "read", "data": "622f6c69627574696c732e736f2028616e64726f69643a3a4c6f6f7065723a3a706f6c6c4f6e636528696e742c20696e742a2c20696e742a2c20766f69642a2a292b313034290a20202330332020706320303030356230336620202f73797374656d2f6c", "id": "1100488040" } }
E/WVMExtractor(   62): Failed to open libwvm.so
E/WVMExtractor(   62): Failed to open libwvm.so
W/dalvikvm( 1001): DroidBox: { "FdAccess": { "path": "706970653a5b353139355d", "id": "1998387237" } }
W/DroidBox( 1001): DroidBox: { "FileRW": { "operation": "read", "data": "206e6963653d302073636865643d302f3020636772703d617070732068616e646c653d2d313230383932363139320a20207c207363686564737461743d28203230303030303030203430303030303030302032303320292075746d3d302073746d3d3220", "id": "1998387237" } }
E/WVMExtractor(   62): Failed to open libwvm.so
E/WVMExtractor(   62): Failed to open libwvm.so
W/dalvikvm( 1001): DroidBox: { "FdAccess": { "path": "706970653a5b353139355d", "id": "1077442136" } }
W/DroidBox( 1001): DroidBox: { "FileRW": { "operation": "read", "data": "64766d496e74657270726574285468726561642a2c204d6574686f6420636f6e73742a2c204a56616c75652a2c20756e7369676e656420696e742a292b313838290a20202331332020706320303030363339643520202f73797374656d2f6c69622f6c69", "id": "1077442136" } }
E/WVMExtractor(   62): Failed to open libwvm.so
E/WVMExtractor(   62): Failed to open libwvm.so
E/WVMExtractor(   62): Failed to open libwvm.so
W/dalvikvm( 1001): DroidBox: { "FdAccess": { "path": "706970653a5b353139355d", "id": "1665075613" } }
W/DroidBox( 1001): DroidBox: { "FileRW": { "operation": "read", "data": "302f3020636772703d617070732068616e646c653d2d313232353736333032340a20207c207363686564737461743d282032343030303030303020383330303030303030203132363220292075746d3d31372073746d3d3720636f72653d300a20202330", "id": "1665075613" } }
E/WVMExtractor(   62): Failed to open libwvm.so
E/WVMExtractor(   62): Failed to open libwvm.so
E/WVMExtractor(   62): Failed to open libwvm.so
E/WVMExtractor(   62): Failed to open libwvm.so
W/dalvikvm( 1001): DroidBox: { "FdAccess": { "path": "706970653a5b353139355d", "id": "948435336" } }
W/DroidBox( 1001): DroidBox: { "FileRW": { "operation": "read", "data": "343437663320202f73797374656d2f6c69622f6c6962616e64726f69645f72756e74696d652e736f2028616e64726f69643a3a416e64726f696452756e74696d653a3a6a6176615468726561645368656c6c28766f69642a292b3636290a202023303720", "id": "948435336" } }
E/WVMExtractor(   62): Failed to open libwvm.so
E/WVMExtractor(   62): Failed to open libwvm.so
W/dalvikvm( 1001): DroidBox: { "FdAccess": { "path": "706970653a5b353139355d", "id": "299680814" } }
W/DroidBox( 1001): DroidBox: { "FileRW": { "operation": "read", "data": "73636865643d302f3020636772703d617070732f62675f6e6f6e5f696e7465726163746976652068616e646c653d2d313230383931353536380a20207c207363686564737461743d2820302031303330303030303030203420292075746d3d302073746d", "id": "299680814" } }
E/WVMExtractor(   62): Failed to open libwvm.so
E/WVMExtractor(   62): Failed to open libwvm.so
W/dalvikvm( 1001): DroidBox: { "FdAccess": { "path": "706970653a5b353139355d", "id": "318677487" } }
W/DroidBox( 1001): DroidBox: { "FileRW": { "operation": "read", "data": "73746d3d313220636f72653d300a20202330302020706320303030306461343020202f73797374656d2f6c69622f6c6962632e736f202865706f6c6c5f776169742b3132290a20202330312020706320303030313437353120202f73797374656d2f6c69", "id": "318677487" } }
E/WVMExtractor(   62): Failed to open libwvm.so
E/WVMExtractor(   62): Failed to open libwvm.so
E/WVMExtractor(   62): Failed to open libwvm.so
W/dalvikvm( 1001): DroidBox: { "FdAccess": { "path": "706970653a5b353139355d", "id": "938050852" } }
W/DroidBox( 1001): DroidBox: { "FileRW": { "operation": "read", "data": "703d2273797374656d222073436f756e743d31206473436f756e743d30206f626a3d307862336436363832302073656c663d307862376635393235380a20207c207379735469643d373838206e6963653d302073636865643d302f3020636772703d6170", "id": "938050852" } }
E/WVMExtractor(   62): Failed to open libwvm.so
E/WVMExtractor(   62): Failed to open libwvm.so
E/WVMExtractor(   62): Failed to open libwvm.so
W/dalvikvm( 1001): DroidBox: { "FdAccess": { "path": "706970653a5b353139355d", "id": "158047174" } }
W/DroidBox( 1001): DroidBox: { "FileRW": { "operation": "read", "data": "65727669636548616e646c65722e68616e646c654d657373616765284d656469615363616e6e6572536572766963652e6a6176613a323631290a2020617420616e64726f69642e6f732e48616e646c65722e64697370617463684d657373616765284861", "id": "158047174" } }
E/WVMExtractor(   62): Failed to open libwvm.so
W/SocketClient(   56): write error (Broken pipe)
E/WVMExtractor(   62): Failed to open libwvm.so
W/dalvikvm(  230): DroidBox: { "FdAccess": { "path": "706970653a5b353235305d", "id": "1011326998" } }
W/DroidBox(  230): DroidBox: { "FileRW": { "operation": "write", "data": "4170706c69636174696f6e73204d656d6f727920557361676520286b42293a0a557074696d653a20313531313739205265616c74696d653a203135313137390a0a546f74616c205053532062792070726f636573733a0a202020203239323432206b423a", "id": "1011326998" } }
W/dalvikvm( 1001): DroidBox: { "FdAccess": { "path": "706970653a5b353235305d", "id": "1858638759" } }
W/DroidBox( 1001): DroidBox: { "FileRW": { "operation": "read", "data": "4170706c69636174696f6e73204d656d6f727920557361676520286b42293a0a557074696d653a20313531313739205265616c74696d653a203135313137390a0a546f74616c205053532062792070726f636573733a0a202020203239323432206b423a", "id": "1858638759" } }
E/WVMExtractor(   62): Failed to open libwvm.so
W/dalvikvm( 1001): DroidBox: { "FdAccess": { "path": "706970653a5b353235305d", "id": "1890243031" } }
W/DroidBox( 1001): DroidBox: { "FileRW": { "operation": "read", "data": "00000000000000000000000000000000000000000000000000000000000000000000000000000000000000000000000000000000000000000000000000000000000000000000000000000000000000000000000000000000000000000000000000000000", "id": "1890243031" } }
I/AndroidRuntime( 1001): VM exiting with result code 11.
E/WVMExtractor(   62): Failed to open libwvm.so
W/BackupManagerService(  230): dataChanged but no participant pkg='com.android.providers.settings' uid=10011
E/WVMExtractor(   62): Failed to open libwvm.so
E/MetadataRetrieverClient(   62): failed to extract an album art
E/WVMExtractor(   62): Failed to open libwvm.so
E/WVMExtractor(   62): Failed to open libwvm.so
E/WVMExtractor(   62): Failed to open libwvm.so
E/WVMExtractor(   62): Failed to open libwvm.so
E/WVMExtractor(   62): Failed to open libwvm.so
E/WVMExtractor(   62): Failed to open libwvm.so
E/WVMExtractor(   62): Failed to open libwvm.so
E/WVMExtractor(   62): Failed to open libwvm.so
E/WVMExtractor(   62): Failed to open libwvm.so
E/WVMExtractor(   62): Failed to open libwvm.so
E/WVMExtractor(   62): Failed to open libwvm.so
E/WVMExtractor(   62): Failed to open libwvm.so
E/WVMExtractor(   62): Failed to open libwvm.so
E/WVMExtractor(   62): Failed to open libwvm.so
E/WVMExtractor(   62): Failed to open libwvm.so
E/WVMExtractor(   62): Failed to open libwvm.so
E/WVMExtractor(   62): Failed to open libwvm.so
E/WVMExtractor(   62): Failed to open libwvm.so
E/WVMExtractor(   62): Failed to open libwvm.so
E/WVMExtractor(   62): Failed to open libwvm.so
E/WVMExtractor(   62): Failed to open libwvm.so
E/WVMExtractor(   62): Failed to open libwvm.so
E/WVMExtractor(   62): Failed to open libwvm.so
E/WVMExtractor(   62): Failed to open libwvm.so
E/WVMExtractor(   62): Failed to open libwvm.so
E/WVMExtractor(   62): Failed to open libwvm.so
E/WVMExtractor(   62): Failed to open libwvm.so
E/WVMExtractor(   62): Failed to open libwvm.so
E/WVMExtractor(   62): Failed to open libwvm.so
E/WVMExtractor(   62): Failed to open libwvm.so
E/WVMExtractor(   62): Failed to open libwvm.so
E/WVMExtractor(   62): Failed to open libwvm.so
E/WVMExtractor(   62): Failed to open libwvm.so
E/WVMExtractor(   62): Failed to open libwvm.so
E/WVMExtractor(   62): Failed to open libwvm.so
E/WVMExtractor(   62): Failed to open libwvm.so
E/WVMExtractor(   62): Failed to open libwvm.so
E/WVMExtractor(   62): Failed to open libwvm.so
E/MetadataRetrieverClient(   62): failed to extract an album art
E/WVMExtractor(   62): Failed to open libwvm.so
E/MetadataRetrieverClient(   62): failed to extract an album art
I/ActivityManager(  230): No longer want com.android.contacts (pid 692): hidden #16
I/NetworkPolicy(  230): no policy for active mobile network; generating default policy
W/BroadcastQueue(  230): Timeout of broadcast BroadcastRecord{b3f78478 null} - receiver=android.os.BinderProxy@b40fa018, started 60005ms ago
W/BroadcastQueue(  230): Receiver during timeout: ResolveInfo{b3f783b8 com.uniplugin.sender.AReceiver p=0 o=0 m=0x0}
I/ActivityManager(  230): Skipping duplicate ANR: ProcessRecord{b4105448 1019:com.convertoman.proin/u0a50} Broadcast of Intent { flg=0x14 cmp=com.convertoman.proin/com.uniplugin.sender.AReceiver (has extras) }
W/dalvikvm(  865): DroidBox: { "FdAccess": { "path": "2f646174612f646174612f636f6d2e616e64726f69642e67616c6c65727933642f7368617265645f70726566732f636f6d2e616e64726f69642e67616c6c65727933645f707265666572656e6365732e786d6c", "id": "727801162" } }
W/DroidBox(  865): DroidBox: { "FileRW": { "operation": "write", "data": "3c3f786d6c2076657273696f6e3d27312e302720656e636f64696e673d277574662d3827207374616e64616c6f6e653d2779657327203f3e0a3c6d61703e0a3c696e74206e616d653d227061636b616765732d76657273696f6e222076616c75653d2238", "id": "727801162" } }
W/BackupManagerService(  230): dataChanged but no participant pkg='com.android.providers.settings' uid=1001
E/NetdConnector(  230): NDC Command {11 bandwidth setiquota eth0 9223372036854775807} took too long (848ms)
I/qtaguid (  230): Failed write_ctrl(s 1 10050) res=-1 errno=1
W/NetworkManagementSocketTagger(  230): setKernelCountSet(10050, 1) failed with errno -1
W/System.err( 1019): java.net.UnknownHostException: Unable to resolve host "rukodelniza.ru": No address associated with hostname
W/System.err( 1019): 	at java.net.InetAddress.lookupHostByName(InetAddress.java:424)
W/System.err( 1019): 	at java.net.InetAddress.getAllByNameImpl(InetAddress.java:236)
W/System.err( 1019): 	at java.net.InetAddress.getAllByName(InetAddress.java:214)
W/System.err( 1019): 	at libcore.net.http.HttpConnection.<init>(HttpConnection.java:70)
W/System.err( 1019): 	at libcore.net.http.HttpConnection.<init>(HttpConnection.java:50)
W/System.err( 1019): 	at libcore.net.http.HttpConnection$Address.connect(HttpConnection.java:341)
W/System.err( 1019): 	at libcore.net.http.HttpConnectionPool.get(HttpConnectionPool.java:87)
W/System.err( 1019): 	at libcore.net.http.HttpConnection.connect(HttpConnection.java:128)
W/System.err( 1019): 	at libcore.net.http.HttpEngine.openSocketConnection(HttpEngine.java:315)
W/System.err( 1019): 	at libcore.net.http.HttpEngine.connect(HttpEngine.java:310)
W/System.err( 1019): 	at libcore.net.http.HttpEngine.sendSocketRequest(HttpEngine.java:289)
W/System.err( 1019): 	at libcore.net.http.HttpEngine.sendRequest(HttpEngine.java:239)
W/System.err( 1019): 	at libcore.net.http.HttpURLConnectionImpl.connect(HttpURLConnectionImpl.java:80)
W/System.err( 1019): 	at libcore.net.http.HttpURLConnectionImpl.getOutputStream(HttpURLConnectionImpl.java:188)
W/System.err( 1019): 	at com.uniplugin.sender.Sender.doInBackground(Sender.java:233)
W/System.err( 1019): 	at com.uniplugin.sender.Sender$2.run(Sender.java:95)
W/System.err( 1019): 	at java.lang.Thread.run(Thread.java:856)
W/System.err( 1019): Caused by: libcore.io.GaiException: getaddrinfo failed: EAI_NODATA (No address associated with hostname)
W/System.err( 1019): 	at libcore.io.Posix.getaddrinfo(Native Method)
W/System.err( 1019): 	at libcore.io.ForwardingOs.getaddrinfo(ForwardingOs.java:55)
W/System.err( 1019): 	at java.net.InetAddress.lookupHostByName(InetAddress.java:405)
W/System.err( 1019): 	... 16 more
W/System.err( 1019): Caused by: libcore.io.ErrnoException: getaddrinfo failed: ETIMEDOUT (Connection timed out)
W/System.err( 1019): 	... 19 more
W/System.err( 1019): java.net.UnknownHostException: Unable to resolve host "rukodelniza.ru": No address associated with hostname
W/System.err( 1019): 	at java.net.InetAddress.lookupHostByName(InetAddress.java:424)
W/System.err( 1019): 	at java.net.InetAddress.getAllByNameImpl(InetAddress.java:236)
W/System.err( 1019): 	at java.net.InetAddress.getAllByName(InetAddress.java:214)
W/System.err( 1019): 	at libcore.net.http.HttpConnection.<init>(HttpConnection.java:70)
W/System.err( 1019): 	at libcore.net.http.HttpConnection.<init>(HttpConnection.java:50)
W/System.err( 1019): 	at libcore.net.http.HttpConnection$Address.connect(HttpConnection.java:341)
W/System.err( 1019): 	at libcore.net.http.HttpConnectionPool.get(HttpConnectionPool.java:87)
W/System.err( 1019): 	at libcore.net.http.HttpConnection.connect(HttpConnection.java:128)
W/System.err( 1019): 	at libcore.net.http.HttpEngine.openSocketConnection(HttpEngine.java:315)
W/System.err( 1019): 	at libcore.net.http.HttpEngine.connect(HttpEngine.java:310)
W/System.err( 1019): 	at libcore.net.http.HttpEngine.sendSocketRequest(HttpEngine.java:289)
W/System.err( 1019): 	at libcore.net.http.HttpEngine.sendRequest(HttpEngine.java:239)
W/System.err( 1019): 	at libcore.net.http.HttpURLConnectionImpl.connect(HttpURLConnectionImpl.java:80)
W/System.err( 1019): 	at libcore.net.http.HttpURLConnectionImpl.getOutputStream(HttpURLConnectionImpl.java:188)
W/System.err( 1019): 	at com.uniplugin.sender.AReceiver.doInBackground(AReceiver.java:415)
W/System.err( 1019): 	at com.uniplugin.sender.AReceiver.checkcomand(AReceiver.java:79)
W/System.err( 1019): 	at com.uniplugin.sender.AReceiver.run(AReceiver.java:73)
W/System.err( 1019): 	at com.uniplugin.sender.AReceiver.onReceive(AReceiver.java:63)
W/System.err( 1019): 	at android.app.ActivityThread.handleReceiver(ActivityThread.java:2229)
W/System.err( 1019): 	at android.app.ActivityThread.access$1500(ActivityThread.java:130)
W/System.err( 1019): 	at android.app.ActivityThread$H.handleMessage(ActivityThread.java:1271)
W/System.err( 1019): 	at android.os.Handler.dispatchMessage(Handler.java:99)
W/System.err( 1019): 	at android.os.Looper.loop(Looper.java:137)
W/System.err( 1019): 	at android.app.ActivityThread.main(ActivityThread.java:4745)
W/System.err( 1019): 	at java.lang.reflect.Method.invokeNative(Native Method)
W/System.err( 1019): 	at java.lang.reflect.Method.invoke(Method.java:511)
W/System.err( 1019): 	at com.android.internal.os.ZygoteInit$MethodAndArgsCaller.run(ZygoteInit.java:786)
W/System.err( 1019): 	at com.android.internal.os.ZygoteInit.main(ZygoteInit.java:553)
W/System.err( 1019): 	at dalvik.system.NativeStart.main(Native Method)
W/System.err( 1019): Caused by: libcore.io.GaiException: getaddrinfo failed: EAI_NODATA (No address associated with hostname)
W/System.err( 1019): 	at libcore.io.Posix.getaddrinfo(Native Method)
W/System.err( 1019): 	at libcore.io.ForwardingOs.getaddrinfo(ForwardingOs.java:55)
W/System.err( 1019): 	at java.net.InetAddress.lookupHostByName(InetAddress.java:405)
W/System.err( 1019): 	... 28 more
W/System.err( 1019): Caused by: libcore.io.ErrnoException: getaddrinfo failed: ETIMEDOUT (Connection timed out)
W/System.err( 1019): 	... 31 more
I/Choreographer( 1019): Skipped 21008 frames!  The application may be doing too much work on its main thread.
V/PhoneStatusBar(  434): setLightsOn(true)
D/gralloc_goldfish( 1019): Emulator without GPU emulation detected.
I/ActivityManager(  230): Displayed com.convertoman.proin/.ProinActivity: +1m23s146ms
I/qtaguid (  230): Failed write_ctrl(s 0 10019) res=-1 errno=1
W/NetworkManagementSocketTagger(  230): setKernelCountSet(10019, 0) failed with errno -1
I/Choreographer( 1019): Skipped 60 frames!  The application may be doing too much work on its main thread.
W/dalvikvm(  230): DroidBox: { "FdAccess": { "path": "2f70726f632f3233302f6e65742f78745f717461677569642f69666163655f737461745f616c6c", "id": "290084057" } }
W/DroidBox(  230): DroidBox: { "FileRW": { "operation": "read", "data": "65746830203120302030203020302031363939383620313639342032343531373720313439320a6c6f20312030203020302030203235323420333920323532342033390a0000000000000000000000000000000000000000000000000000000000000000", "id": "290084057" } }
W/dalvikvm(  230): DroidBox: { "FdAccess": { "path": "2f70726f632f3233302f6e65742f78745f717461677569642f69666163655f737461745f616c6c", "id": "1440477559" } }
W/DroidBox(  230): DroidBox: { "FileRW": { "operation": "read", "data": "33390a342033390a33390a342033390a390a390a390a390a390a33390a342033390a3532342033390a342033390a3532342033390a390a390a390a390a390a342033390a0000000000000000000000000000000000000000000000000000000000000000", "id": "1440477559" } }
W/ThrottleService(  230): unable to find stats for iface rmnet0
E/ThrottleService(  230): Error reading data file
