W/DroidBox( 1597): DroidBox: { "FileRW": { "operation": "read", "data": "3c3f786d6c2076657273696f6e3d27312e302720656e636f64696e673d277574662d3827207374616e64616c6f6e653d2779657327203f3e0a3c6d61703e0a3c626f6f6c65616e206e616d653d225f6861735f7365745f64656661756c745f76616c7565", "id": "793748950" } }
D/CountryDetector( 1202): The first listener is added
V/MmsConfig( 1597): mnc/mcc: 310260
V/MmsConfig( 1597): tag: bool value: enabledMMS - true
V/MmsConfig( 1597): tag: int value: maxMessageSize - 307200
V/MmsConfig( 1597): tag: int value: maxImageHeight - 480
V/MmsConfig( 1597): tag: int value: maxImageWidth - 640
V/MmsConfig( 1597): tag: int value: defaultSMSMessagesPerThread - 500
V/MmsConfig( 1597): tag: int value: defaultMMSMessagesPerThread - 50
V/MmsConfig( 1597): tag: int value: minMessageCountPerThread - 10
V/MmsConfig( 1597): tag: int value: maxMessageCountPerThread - 5000
V/MmsConfig( 1597): tag: string value: uaProfUrl - http://www.google.com/oha/rdf/ua-profile-kila.xml
V/MmsConfig( 1597): tag: int value: recipientLimit - -1
V/MmsConfig( 1597): tag: bool value: enableMultipartSMS - true
V/MmsConfig( 1597): tag: int value: smsToMmsTextThreshold - -1
V/MmsConfig( 1597): tag: bool value: enableSlideDuration - true
V/MmsConfig( 1597): tag: int value: maxMessageTextSize - -1
W/DroidBox( 1579): DroidBox: { "ServiceStart": { "name": "com.android.exchange.ExchangeService" } }
W/dalvikvm( 1597): DroidBox: { "FdAccess": { "path": "2f646174612f646174612f636f6d2e616e64726f69642e6d6d732f7368617265645f70726566732f636f6d2e616e64726f69642e6d6d735f707265666572656e6365732e786d6c", "id": "1334589011" } }
W/DroidBox( 1597): DroidBox: { "FileRW": { "operation": "read", "data": "3c3f786d6c2076657273696f6e3d27312e302720656e636f64696e673d277574662d3827207374616e64616c6f6e653d2779657327203f3e0a3c6d61703e0a3c626f6f6c65616e206e616d653d22707265665f6b65795f6d6d735f6175746f5f72657472", "id": "1334589011" } }
D/ExchangeService( 1579): !!! EAS ExchangeService, onStartCommand, startingUp = true, running = false
W/DroidBox( 1597): DroidBox: { "ServiceStart": { "name": "com.android.mms.transaction.SmsReceiverService" } }
W/DroidBox( 1597): DroidBox: { "ServiceStart": { "name": "com.android.mms.transaction.SmsReceiverService" } }
D/ExchangeService( 1579): Received deviceId from Email app: androidc1412937439
D/ExchangeService( 1579): Reconciling accounts...
I/ActivityManager( 1202): Start proc com.android.voicedialer for broadcast com.android.voicedialer/.VoiceDialerReceiver: pid=1626 uid=10040 gids={3002, 1028}
D/ExchangeService( 1579): !!! EAS ExchangeService, onStartCommand, startingUp = true, running = false
E/Trace   ( 1626): error opening trace file: No such file or directory (2)
W/DroidBox( 1626): DroidBox: { "DexClassLoader": { "path": "/system/app/VoiceDialer.apk" } }
W/DroidBox( 1534): DroidBox: { "ServiceStart": { "name": "com.android.providers.downloads.DownloadService" } }
W/DroidBox( 1534): DroidBox: { "ServiceStart": { "name": "com.android.providers.downloads.DownloadService" } }
W/ActivityManager( 1202): Permission denied: checkComponentPermission() owningUid=1000
W/BroadcastQueue( 1202): Permission Denial: broadcasting Intent { act=android.appwidget.action.APPWIDGET_UPDATE_OPTIONS flg=0x10 cmp=com.android.settings/.widget.SettingsAppWidgetProvider (has extras) } from android (pid=1348, uid=10019) is not exported from uid 1000 due to receiver com.android.settings/com.android.settings.widget.SettingsAppWidgetProvider
D/AlertReceiver( 1375): onReceive: a=android.intent.action.PROVIDER_CHANGED Intent { act=android.intent.action.PROVIDER_CHANGED dat=content://com.android.calendar flg=0x10 cmp=com.android.calendar/.alerts.AlertReceiver }
W/DroidBox( 1375): DroidBox: { "ServiceStart": { "name": "com.android.calendar.alerts.AlertService" } }
W/DroidBox( 1375): DroidBox: { "ServiceStart": { "name": "com.android.calendar.alerts.AlertService" } }
D/Eas Debug( 1579): Logging: 
D/AlertService( 1375): 0 Action = android.intent.action.PROVIDER_CHANGED
D/AlertService( 1375): Beginning updateAlertNotification
D/MmsSmsDatabaseHelper( 1338): [MmsSmsDb] tableName: threads hasAutoIncrement: CREATE TABLE threads (_id INTEGER PRIMARY KEY AUTOINCREMENT,date INTEGER DEFAULT 0,message_count INTEGER DEFAULT 0,recipient_ids TEXT,snippet TEXT,snippet_cs INTEGER DEFAULT 0,read INTEGER DEFAULT 1,type INTEGER DEFAULT 0,error INTEGER DEFAULT 0,has_attachment INTEGER DEFAULT 0) result: true
D/MmsSmsDatabaseHelper( 1338): [MmsSmsDb] tableName: canonical_addresses hasAutoIncrement: CREATE TABLE canonical_addresses (_id INTEGER PRIMARY KEY AUTOINCREMENT,address TEXT) result: true
D/MmsSmsDatabaseHelper( 1338): [getWritableDatabase] hasAutoIncrementThreads: true hasAutoIncrementAddresses: true
W/dalvikvm( 1202): DroidBox: { "FdAccess": { "path": "2f70726f632f313536312f636d646c696e65", "id": "391546862" } }
W/DroidBox( 1202): DroidBox: { "FileRW": { "operation": "read", "data": "636f6d2e616e64726f69642e656d61696c0000000000000000000000000000000000000000000000000000000000000000000000000000000000000000000000000000000000000000000000000000000000000000000000000000000000000000000000", "id": "391546862" } }
W/dalvikvm( 1202): DroidBox: { "FdAccess": { "path": "2f70726f632f313537392f636d646c696e65", "id": "1005356118" } }
W/DroidBox( 1202): DroidBox: { "FileRW": { "operation": "read", "data": "636f6d2e616e64726f69642e65786368616e67650000000000000000000000000000000000000000000000000000000000000000000000000000000000000000000000000000000000000000000000000000000000000000000000000000000000000000", "id": "1005356118" } }
W/dalvikvm( 1202): DroidBox: { "FdAccess": { "path": "2f70726f632f313539372f636d646c696e65", "id": "128999575" } }
W/DroidBox( 1202): DroidBox: { "FileRW": { "operation": "read", "data": "636f6d2e616e64726f69642e6d6d7300000000000000000000000000000000000000000000000000000000000000000000000000000000000000000000000000000000000000000000000000000000000000000000000000000000000000000000000000", "id": "128999575" } }
W/dalvikvm( 1202): DroidBox: { "FdAccess": { "path": "2f70726f632f313632362f636d646c696e65", "id": "100995577" } }
W/DroidBox( 1202): DroidBox: { "FileRW": { "operation": "read", "data": "636f6d2e616e64726f69642e766f6963656469616c65720000000000000000000000000000000000000000000000000000000000000000000000000000000000000000000000000000000000000000000000000000000000000000000000000000000000", "id": "100995577" } }
D/EmailProvider( 1561): fromDatabase accounts: 0
D/EmailProvider( 1561): ending toDatabase transaction; copyCount = 0
D/EmailProvider( 1561): ending fromDatabase transaction; copyCount = 0
E/WVMExtractor( 1073): Failed to open libwvm.so
W/dalvikvm( 1429): DroidBox: { "FdAccess": { "path": "2f70726f632f6d656d696e666f", "id": "1739076562" } }
W/DroidBox( 1429): DroidBox: { "FileRW": { "operation": "read", "data": "4d656d546f74616c3a202020202020202020373438393634206b420a4d656d467265653a20202020202020202020343839323630206b420a427566666572733a20202020202020202020202035363736206b420a4361636865643a202020202020202020", "id": "1739076562" } }
W/DroidBox( 1448): DroidBox: { "ServiceStart": { "name": "com.android.providers.calendar.CalendarProviderIntentService" } }
W/DroidBox( 1448): DroidBox: { "ServiceStart": { "name": "com.android.providers.calendar.CalendarProviderIntentService" } }
E/WVMExtractor( 1073): Failed to open libwvm.so
E/WVMExtractor( 1073): Failed to open libwvm.so
D/Eas Debug( 1579): Logging: 
D/ExchangeService( 1579): !!! EAS ExchangeService, onStartCommand, startingUp = false, running = false
D/ExchangeService( 1579): Reconciling accounts...
E/WVMExtractor( 1073): Failed to open libwvm.so
D/AlertService( 1375): No fired or scheduled alerts
E/WVMExtractor( 1073): Failed to open libwvm.so
E/WVMExtractor( 1073): Failed to open libwvm.so
E/WVMExtractor( 1073): Failed to open libwvm.so
E/WVMExtractor( 1073): Failed to open libwvm.so
E/WVMExtractor( 1073): Failed to open libwvm.so
E/WVMExtractor( 1073): Failed to open libwvm.so
E/WVMExtractor( 1073): Failed to open libwvm.so
E/WVMExtractor( 1073): Failed to open libwvm.so
E/WVMExtractor( 1073): Failed to open libwvm.so
E/WVMExtractor( 1073): Failed to open libwvm.so
E/WVMExtractor( 1073): Failed to open libwvm.so
E/WVMExtractor( 1073): Failed to open libwvm.so
E/WVMExtractor( 1073): Failed to open libwvm.so
E/WVMExtractor( 1073): Failed to open libwvm.so
E/WVMExtractor( 1073): Failed to open libwvm.so
E/WVMExtractor( 1073): Failed to open libwvm.so
E/WVMExtractor( 1073): Failed to open libwvm.so
E/WVMExtractor( 1073): Failed to open libwvm.so
E/WVMExtractor( 1073): Failed to open libwvm.so
E/WVMExtractor( 1073): Failed to open libwvm.so
E/WVMExtractor( 1073): Failed to open libwvm.so
E/WVMExtractor( 1073): Failed to open libwvm.so
E/WVMExtractor( 1073): Failed to open libwvm.so
E/WVMExtractor( 1073): Failed to open libwvm.so
E/WVMExtractor( 1073): Failed to open libwvm.so
E/WVMExtractor( 1073): Failed to open libwvm.so
E/WVMExtractor( 1073): Failed to open libwvm.so
E/WVMExtractor( 1073): Failed to open libwvm.so
E/WVMExtractor( 1073): Failed to open libwvm.so
E/WVMExtractor( 1073): Failed to open libwvm.so
E/WVMExtractor( 1073): Failed to open libwvm.so
E/WVMExtractor( 1073): Failed to open libwvm.so
E/WVMExtractor( 1073): Failed to open libwvm.so
E/WVMExtractor( 1073): Failed to open libwvm.so
E/WVMExtractor( 1073): Failed to open libwvm.so
E/WVMExtractor( 1073): Failed to open libwvm.so
E/WVMExtractor( 1073): Failed to open libwvm.so
E/WVMExtractor( 1073): Failed to open libwvm.so
E/WVMExtractor( 1073): Failed to open libwvm.so
E/WVMExtractor( 1073): Failed to open libwvm.so
E/WVMExtractor( 1073): Failed to open libwvm.so
E/WVMExtractor( 1073): Failed to open libwvm.so
E/WVMExtractor( 1073): Failed to open libwvm.so
E/WVMExtractor( 1073): Failed to open libwvm.so
E/WVMExtractor( 1073): Failed to open libwvm.so
E/WVMExtractor( 1073): Failed to open libwvm.so
E/WVMExtractor( 1073): Failed to open libwvm.so
E/WVMExtractor( 1073): Failed to open libwvm.so
E/WVMExtractor( 1073): Failed to open libwvm.so
E/WVMExtractor( 1073): Failed to open libwvm.so
E/WVMExtractor( 1073): Failed to open libwvm.so
E/WVMExtractor( 1073): Failed to open libwvm.so
E/WVMExtractor( 1073): Failed to open libwvm.so
E/WVMExtractor( 1073): Failed to open libwvm.so
E/WVMExtractor( 1073): Failed to open libwvm.so
E/WVMExtractor( 1073): Failed to open libwvm.so
E/WVMExtractor( 1073): Failed to open libwvm.so
E/WVMExtractor( 1073): Failed to open libwvm.so
E/WVMExtractor( 1073): Failed to open libwvm.so
E/WVMExtractor( 1073): Failed to open libwvm.so
E/WVMExtractor( 1073): Failed to open libwvm.so
E/WVMExtractor( 1073): Failed to open libwvm.so
E/WVMExtractor( 1073): Failed to open libwvm.so
E/WVMExtractor( 1073): Failed to open libwvm.so
E/WVMExtractor( 1073): Failed to open libwvm.so
E/WVMExtractor( 1073): Failed to open libwvm.so
E/WVMExtractor( 1073): Failed to open libwvm.so
E/WVMExtractor( 1073): Failed to open libwvm.so
E/WVMExtractor( 1073): Failed to open libwvm.so
E/WVMExtractor( 1073): Failed to open libwvm.so
E/WVMExtractor( 1073): Failed to open libwvm.so
E/WVMExtractor( 1073): Failed to open libwvm.so
E/WVMExtractor( 1073): Failed to open libwvm.so
E/WVMExtractor( 1073): Failed to open libwvm.so
E/WVMExtractor( 1073): Failed to open libwvm.so
E/WVMExtractor( 1073): Failed to open libwvm.so
E/WVMExtractor( 1073): Failed to open libwvm.so
E/WVMExtractor( 1073): Failed to open libwvm.so
E/WVMExtractor( 1073): Failed to open libwvm.so
E/WVMExtractor( 1073): Failed to open libwvm.so
E/WVMExtractor( 1073): Failed to open libwvm.so
E/WVMExtractor( 1073): Failed to open libwvm.so
E/WVMExtractor( 1073): Failed to open libwvm.so
E/WVMExtractor( 1073): Failed to open libwvm.so
E/WVMExtractor( 1073): Failed to open libwvm.so
E/WVMExtractor( 1073): Failed to open libwvm.so
E/WVMExtractor( 1073): Failed to open libwvm.so
E/WVMExtractor( 1073): Failed to open libwvm.so
E/WVMExtractor( 1073): Failed to open libwvm.so
E/WVMExtractor( 1073): Failed to open libwvm.so
E/WVMExtractor( 1073): Failed to open libwvm.so
E/WVMExtractor( 1073): Failed to open libwvm.so
E/WVMExtractor( 1073): Failed to open libwvm.so
E/WVMExtractor( 1073): Failed to open libwvm.so
E/WVMExtractor( 1073): Failed to open libwvm.so
E/WVMExtractor( 1073): Failed to open libwvm.so
E/WVMExtractor( 1073): Failed to open libwvm.so
E/WVMExtractor( 1073): Failed to open libwvm.so
E/WVMExtractor( 1073): Failed to open libwvm.so
E/WVMExtractor( 1073): Failed to open libwvm.so
E/WVMExtractor( 1073): Failed to open libwvm.so
E/WVMExtractor( 1073): Failed to open libwvm.so
E/WVMExtractor( 1073): Failed to open libwvm.so
E/WVMExtractor( 1073): Failed to open libwvm.so
E/WVMExtractor( 1073): Failed to open libwvm.so
E/WVMExtractor( 1073): Failed to open libwvm.so
E/WVMExtractor( 1073): Failed to open libwvm.so
E/WVMExtractor( 1073): Failed to open libwvm.so
E/WVMExtractor( 1073): Failed to open libwvm.so
E/WVMExtractor( 1073): Failed to open libwvm.so
E/WVMExtractor( 1073): Failed to open libwvm.so
E/WVMExtractor( 1073): Failed to open libwvm.so
E/WVMExtractor( 1073): Failed to open libwvm.so
E/WVMExtractor( 1073): Failed to open libwvm.so
E/WVMExtractor( 1073): Failed to open libwvm.so
E/WVMExtractor( 1073): Failed to open libwvm.so
E/WVMExtractor( 1073): Failed to open libwvm.so
E/WVMExtractor( 1073): Failed to open libwvm.so
E/WVMExtractor( 1073): Failed to open libwvm.so
E/WVMExtractor( 1073): Failed to open libwvm.so
E/WVMExtractor( 1073): Failed to open libwvm.so
E/WVMExtractor( 1073): Failed to open libwvm.so
E/WVMExtractor( 1073): Failed to open libwvm.so
E/WVMExtractor( 1073): Failed to open libwvm.so
E/WVMExtractor( 1073): Failed to open libwvm.so
E/WVMExtractor( 1073): Failed to open libwvm.so
E/WVMExtractor( 1073): Failed to open libwvm.so
E/WVMExtractor( 1073): Failed to open libwvm.so
E/WVMExtractor( 1073): Failed to open libwvm.so
E/WVMExtractor( 1073): Failed to open libwvm.so
E/WVMExtractor( 1073): Failed to open libwvm.so
E/WVMExtractor( 1073): Failed to open libwvm.so
E/WVMExtractor( 1073): Failed to open libwvm.so
E/WVMExtractor( 1073): Failed to open libwvm.so
E/WVMExtractor( 1073): Failed to open libwvm.so
E/WVMExtractor( 1073): Failed to open libwvm.so
E/WVMExtractor( 1073): Failed to open libwvm.so
E/WVMExtractor( 1073): Failed to open libwvm.so
E/WVMExtractor( 1073): Failed to open libwvm.so
E/WVMExtractor( 1073): Failed to open libwvm.so
E/WVMExtractor( 1073): Failed to open libwvm.so
E/WVMExtractor( 1073): Failed to open libwvm.so
E/WVMExtractor( 1073): Failed to open libwvm.so
E/WVMExtractor( 1073): Failed to open libwvm.so
E/WVMExtractor( 1073): Failed to open libwvm.so
E/WVMExtractor( 1073): Failed to open libwvm.so
E/WVMExtractor( 1073): Failed to open libwvm.so
E/WVMExtractor( 1073): Failed to open libwvm.so
E/WVMExtractor( 1073): Failed to open libwvm.so
E/WVMExtractor( 1073): Failed to open libwvm.so
E/WVMExtractor( 1073): Failed to open libwvm.so
E/WVMExtractor( 1073): Failed to open libwvm.so
E/WVMExtractor( 1073): Failed to open libwvm.so
E/WVMExtractor( 1073): Failed to open libwvm.so
E/WVMExtractor( 1073): Failed to open libwvm.so
E/WVMExtractor( 1073): Failed to open libwvm.so
E/WVMExtractor( 1073): Failed to open libwvm.so
E/WVMExtractor( 1073): Failed to open libwvm.so
E/WVMExtractor( 1073): Failed to open libwvm.so
E/WVMExtractor( 1073): Failed to open libwvm.so
E/WVMExtractor( 1073): Failed to open libwvm.so
E/WVMExtractor( 1073): Failed to open libwvm.so
E/WVMExtractor( 1073): Failed to open libwvm.so
E/WVMExtractor( 1073): Failed to open libwvm.so
E/WVMExtractor( 1073): Failed to open libwvm.so
E/WVMExtractor( 1073): Failed to open libwvm.so
E/WVMExtractor( 1073): Failed to open libwvm.so
E/WVMExtractor( 1073): Failed to open libwvm.so
E/WVMExtractor( 1073): Failed to open libwvm.so
E/WVMExtractor( 1073): Failed to open libwvm.so
E/WVMExtractor( 1073): Failed to open libwvm.so
E/WVMExtractor( 1073): Failed to open libwvm.so
E/WVMExtractor( 1073): Failed to open libwvm.so
E/WVMExtractor( 1073): Failed to open libwvm.so
E/WVMExtractor( 1073): Failed to open libwvm.so
E/WVMExtractor( 1073): Failed to open libwvm.so
E/WVMExtractor( 1073): Failed to open libwvm.so
E/WVMExtractor( 1073): Failed to open libwvm.so
E/WVMExtractor( 1073): Failed to open libwvm.so
E/WVMExtractor( 1073): Failed to open libwvm.so
E/WVMExtractor( 1073): Failed to open libwvm.so
E/WVMExtractor( 1073): Failed to open libwvm.so
E/WVMExtractor( 1073): Failed to open libwvm.so
E/WVMExtractor( 1073): Failed to open libwvm.so
E/WVMExtractor( 1073): Failed to open libwvm.so
E/WVMExtractor( 1073): Failed to open libwvm.so
E/WVMExtractor( 1073): Failed to open libwvm.so
E/WVMExtractor( 1073): Failed to open libwvm.so
E/WVMExtractor( 1073): Failed to open libwvm.so
E/WVMExtractor( 1073): Failed to open libwvm.so
E/WVMExtractor( 1073): Failed to open libwvm.so
E/WVMExtractor( 1073): Failed to open libwvm.so
E/WVMExtractor( 1073): Failed to open libwvm.so
E/MetadataRetrieverClient( 1073): failed to extract an album art
E/WVMExtractor( 1073): Failed to open libwvm.so
E/MetadataRetrieverClient( 1073): failed to extract an album art
E/WVMExtractor( 1073): Failed to open libwvm.so
E/MetadataRetrieverClient( 1073): failed to extract an album art
E/WVMExtractor( 1073): Failed to open libwvm.so
E/MetadataRetrieverClient( 1073): failed to extract an album art
W/BackupManagerService( 1202): dataChanged but no participant pkg='com.android.providers.settings' uid=1001
W/dalvikvm( 1202): DroidBox: { "FdAccess": { "path": "2f70726f632f313230322f6e65742f78745f717461677569642f69666163655f737461745f616c6c", "id": "149569428" } }
W/DroidBox( 1202): DroidBox: { "FileRW": { "operation": "read", "data": "6c6f20312030203020302030203232373220333420323237322033340a6574683020312030203020302030203130373634353820343032382035383138373120333035390a00000000000000000000000000000000000000000000000000000000000000", "id": "149569428" } }
W/dalvikvm( 1202): DroidBox: { "FdAccess": { "path": "2f70726f632f313230322f6e65742f78745f717461677569642f69666163655f737461745f616c6c", "id": "2031437343" } }
W/DroidBox( 1202): DroidBox: { "FileRW": { "operation": "read", "data": "333035390a3120333035390a333035390a373120333035390a390a390a390a390a390a333035390a35390a333035390a35390a333035390a390a390a390a390a390a35390a00000000000000000000000000000000000000000000000000000000000000", "id": "2031437343" } }
W/ThrottleService( 1202): unable to find stats for iface rmnet0
E/ThrottleService( 1202): Error reading data file
