D/InputEventConsistencyVerifier(  991):   1: sent at 218617000000, KeyEvent { action=ACTION_UP, keyCode=KEYCODE_DPAD_LEFT, scanCode=0, metaState=0, flags=0x400, repeatCount=0, eventTime=218617, downTime=218617, deviceId=-1, source=0x101 }
D/InputEventConsistencyVerifier(  991):   2: sent at 218617000000, KeyEvent { action=ACTION_DOWN, keyCode=KEYCODE_DPAD_LEFT, scanCode=0, metaState=0, flags=0x400, repeatCount=0, eventTime=218617, downTime=218617, deviceId=-1, source=0x101 }
D/InputEventConsistencyVerifier(  991):   3: sent at 218614000000, KeyEvent { action=ACTION_UP, keyCode=KEYCODE_DPAD_LEFT, scanCode=0, metaState=0, flags=0x400, repeatCount=0, eventTime=218614, downTime=218614, deviceId=-1, source=0x101 }
D/InputEventConsistencyVerifier(  991):   4: sent at 218614000000, KeyEvent { action=ACTION_DOWN, keyCode=KEYCODE_DPAD_LEFT, scanCode=0, metaState=0, flags=0x400, repeatCount=0, eventTime=218614, downTime=218614, deviceId=-1, source=0x101 }
D/InputEventConsistencyVerifier(  991):   5: sent at 218577000000, MotionEvent { action=ACTION_MOVE, id[0]=0, x[0]=-2.0, y[0]=0.0, toolType[0]=TOOL_TYPE_UNKNOWN, buttonState=0, metaState=0, flags=0x0, edgeFlags=0x0, pointerCount=1, historySize=9, eventTime=218577, downTime=-1, deviceId=0, source=0x10004 }
I/Choreographer(  222): Skipped 45 frames!  The application may be doing too much work on its main thread.
D/InputEventConsistencyVerifier(  415): TouchEvent: ACTION_DOWN but pointers are already down.  Probably missing ACTION_UP from previous gesture.
D/InputEventConsistencyVerifier(  415):   in android.view.ScaleGestureDetector@b3e5fed8
D/InputEventConsistencyVerifier(  415):   0: sent at 220297000000, MotionEvent { action=ACTION_DOWN, id[0]=0, x[0]=350.0, y[0]=22.0, toolType[0]=TOOL_TYPE_UNKNOWN, buttonState=0, metaState=0, flags=0x0, edgeFlags=0x0, pointerCount=1, historySize=0, eventTime=220297, downTime=220296, deviceId=0, source=0x1002 }
D/InputEventConsistencyVerifier(  415):   -- recent events --
D/InputEventConsistencyVerifier(  415):   1: sent at 217106000000, MotionEvent { action=ACTION_DOWN, id[0]=0, x[0]=237.0, y[0]=293.0, toolType[0]=TOOL_TYPE_UNKNOWN, buttonState=0, metaState=0, flags=0x80000000, edgeFlags=0x0, pointerCount=1, historySize=0, eventTime=217106, downTime=217101, deviceId=0, source=0x1002 }
D/InputEventConsistencyVerifier(  415):   2: sent at 217053000000, MotionEvent { action=ACTION_DOWN, id[0]=0, x[0]=230.0, y[0]=235.0, toolType[0]=TOOL_TYPE_UNKNOWN, buttonState=0, metaState=0, flags=0x0, edgeFlags=0x0, pointerCount=1, historySize=0, eventTime=217053, downTime=217049, deviceId=0, source=0x1002 }
D/InputEventConsistencyVerifier(  415):   3: sent at 216943000000, MotionEvent { action=ACTION_UP, id[0]=0, x[0]=157.0, y[0]=0.0, toolType[0]=TOOL_TYPE_UNKNOWN, buttonState=0, metaState=0, flags=0x0, edgeFlags=0x0, pointerCount=1, historySize=0, eventTime=216943, downTime=216742, deviceId=0, source=0x1002 }
D/InputEventConsistencyVerifier(  415):   4: sent at 216940000000, MotionEvent { action=ACTION_POINTER_UP(1), id[0]=0, x[0]=147.0, y[0]=0.0, toolType[0]=TOOL_TYPE_UNKNOWN, id[1]=1, x[1]=137.0, y[1]=0.0, toolType[1]=TOOL_TYPE_UNKNOWN, buttonState=0, metaState=0, flags=0x0, edgeFlags=0x0, pointerCount=2, historySize=0, eventTime=216940, downTime=216742, deviceId=0, source=0x1002 }
D/InputEventConsistencyVerifier(  415):   5: sent at 216927000000, MotionEvent { action=ACTION_MOVE, id[0]=0, x[0]=146.0, y[0]=0.0, toolType[0]=TOOL_TYPE_UNKNOWN, id[1]=1, x[1]=134.0, y[1]=0.0, toolType[1]=TOOL_TYPE_UNKNOWN, buttonState=0, metaState=0, flags=0x0, edgeFlags=0x0, pointerCount=2, historySize=4, eventTime=216927, downTime=216742, deviceId=0, source=0x1002 }
W/dalvikvm(  415): DroidBox: { "FdAccess": { "path": "2f70726f632f6d656d696e666f", "id": "2071734586" } }
W/DroidBox(  415): DroidBox: { "FileRW": { "operation": "read", "data": "4d656d546f74616c3a202020202020202020373438393634206b420a4d656d467265653a20202020202020202020343436323834206b420a427566666572733a20202020202020202020202035353732206b420a4361636865643a202020202020202020", "id": "2071734586" } }
V/PhoneStatusBar(  415): setLightsOn(true)
I/Choreographer(  415): Skipped 46 frames!  The application may be doing too much work on its main thread.
D/PhoneStatusBar(  415): disable: < expand icons alerts TICKER* system_info back home recent clock >
W/dalvikvm(  415): DroidBox: { "FdAccess": { "path": "2f70726f632f6d656d696e666f", "id": "1113615977" } }
W/DroidBox(  415): DroidBox: { "FileRW": { "operation": "read", "data": "4d656d546f74616c3a202020202020202020373438393634206b420a4d656d467265653a20202020202020202020343435323932206b420a427566666572733a20202020202020202020202035353732206b420a4361636865643a202020202020202020", "id": "1113615977" } }
I/ActivityManager(  222): START {act=android.intent.action.MAIN cat=[android.intent.category.HOME] flg=0x10200000 cmp=com.android.launcher/com.android.launcher2.Launcher u=0} from pid 222
W/dalvikvm(  415): DroidBox: { "FdAccess": { "path": "2f70726f632f6d656d696e666f", "id": "772706286" } }
W/DroidBox(  415): DroidBox: { "FileRW": { "operation": "read", "data": "4d656d546f74616c3a202020202020202020373438393634206b420a4d656d467265653a20202020202020202020343433383034206b420a427566666572733a20202020202020202020202035353732206b420a4361636865643a202020202020202020", "id": "772706286" } }
W/dalvikvm(  415): DroidBox: { "FdAccess": { "path": "2f70726f632f6d656d696e666f", "id": "638685785" } }
W/DroidBox(  415): DroidBox: { "FileRW": { "operation": "read", "data": "4d656d546f74616c3a202020202020202020373438393634206b420a4d656d467265653a20202020202020202020343433383034206b420a427566666572733a20202020202020202020202035353732206b420a4361636865643a202020202020202020", "id": "638685785" } }
D/InputEventConsistencyVerifier(  415): KeyEvent: ACTION_UP but key was not down.
D/InputEventConsistencyVerifier(  415):   in com.android.systemui.statusbar.phone.StatusBarWindowView@b3dc0248
D/InputEventConsistencyVerifier(  415):   0: sent at 220666000000, KeyEvent { action=ACTION_UP, keyCode=KEYCODE_DPAD_DOWN, scanCode=0, metaState=0, flags=0x8, repeatCount=0, eventTime=220666, downTime=220666, deviceId=-1, source=0x101 }
D/InputEventConsistencyVerifier(  415):   -- recent events --
D/InputEventConsistencyVerifier(  415):   1: sent at 220581000000, (unhandled) KeyEvent { action=ACTION_UP, keyCode=KEYCODE_MENU, scanCode=0, metaState=0, flags=0x8, repeatCount=0, eventTime=220581, downTime=220581, deviceId=-1, source=0x101 }
D/InputEventConsistencyVerifier(  415):   2: sent at 220430000000, (unhandled) KeyEvent { action=ACTION_DOWN, keyCode=KEYCODE_MENU, scanCode=0, metaState=0, flags=0x8, repeatCount=0, eventTime=220430, downTime=220430, deviceId=-1, source=0x101 }
D/InputEventConsistencyVerifier(  415):   3: sent at 220422000000, (unhandled) KeyEvent { action=ACTION_UP, keyCode=KEYCODE_BUTTON_START, scanCode=0, metaState=0, flags=0x8, repeatCount=0, eventTime=220422, downTime=220422, deviceId=-1, source=0x101 }
D/InputEventConsistencyVerifier(  415):   4: sent at 220351000000, (unhandled) KeyEvent { action=ACTION_DOWN, keyCode=KEYCODE_BUTTON_START, scanCode=0, metaState=0, flags=0x8, repeatCount=0, eventTime=220351, downTime=220351, deviceId=-1, source=0x101 }
D/InputEventConsistencyVerifier(  415):   5: sent at 220346000000, MotionEvent { action=ACTION_UP, id[0]=0, x[0]=363.0, y[0]=5.0, toolType[0]=TOOL_TYPE_UNKNOWN, buttonState=0, metaState=0, flags=0x0, edgeFlags=0x0, pointerCount=1, historySize=0, eventTime=220346, downTime=220296, deviceId=0, source=0x1002 }
D/InputEventConsistencyVerifier(  415): TouchEvent: ACTION_DOWN but pointers are already down.  Probably missing ACTION_UP from previous gesture.
D/InputEventConsistencyVerifier(  415):   in android.view.ScaleGestureDetector@b3e5fed8
D/InputEventConsistencyVerifier(  415):   0: sent at 220748000000, MotionEvent { action=ACTION_DOWN, id[0]=0, x[0]=177.0, y[0]=82.0, toolType[0]=TOOL_TYPE_UNKNOWN, buttonState=0, metaState=0, flags=0x0, edgeFlags=0x0, pointerCount=1, historySize=0, eventTime=220748, downTime=220747, deviceId=0, source=0x1002 }
D/InputEventConsistencyVerifier(  415):   -- recent events --
D/InputEventConsistencyVerifier(  415):   1: sent at 220726000000, MotionEvent { action=ACTION_DOWN, id[0]=0, x[0]=175.0, y[0]=71.0, toolType[0]=TOOL_TYPE_UNKNOWN, buttonState=0, metaState=0, flags=0x0, edgeFlags=0x0, pointerCount=1, historySize=0, eventTime=220726, downTime=220724, deviceId=0, source=0x1002 }
D/InputEventConsistencyVerifier(  415):   2: sent at 220346000000, MotionEvent { action=ACTION_UP, id[0]=0, x[0]=363.0, y[0]=5.0, toolType[0]=TOOL_TYPE_UNKNOWN, buttonState=0, metaState=0, flags=0x0, edgeFlags=0x0, pointerCount=1, historySize=0, eventTime=220346, downTime=220296, deviceId=0, source=0x1002 }
D/InputEventConsistencyVerifier(  415):   3: sent at 220297000000, MotionEvent { action=ACTION_DOWN, id[0]=0, x[0]=350.0, y[0]=22.0, toolType[0]=TOOL_TYPE_UNKNOWN, buttonState=0, metaState=0, flags=0x80000000, edgeFlags=0x0, pointerCount=1, historySize=0, eventTime=220297, downTime=220296, deviceId=0, source=0x1002 }
D/InputEventConsistencyVerifier(  415):   4: sent at 217106000000, MotionEvent { action=ACTION_DOWN, id[0]=0, x[0]=237.0, y[0]=293.0, toolType[0]=TOOL_TYPE_UNKNOWN, buttonState=0, metaState=0, flags=0x80000000, edgeFlags=0x0, pointerCount=1, historySize=0, eventTime=217106, downTime=217101, deviceId=0, source=0x1002 }
D/InputEventConsistencyVerifier(  415):   5: sent at 217053000000, MotionEvent { action=ACTION_DOWN, id[0]=0, x[0]=230.0, y[0]=235.0, toolType[0]=TOOL_TYPE_UNKNOWN, buttonState=0, metaState=0, flags=0x0, edgeFlags=0x0, pointerCount=1, historySize=0, eventTime=217053, downTime=217049, deviceId=0, source=0x1002 }
I/Choreographer(  415): Skipped 40 frames!  The application may be doing too much work on its main thread.
W/InputMethodManagerService(  222): Window already focused, ignoring focus gain of: com.android.internal.view.IInputMethodClient$Stub$Proxy@b4119f10 attribute=null
V/PhoneStatusBar(  415): setLightsOn(true)
D/PhoneStatusBar(  415): disable: < expand icons alerts ticker* system_info back home recent clock >
I/Choreographer(  991): Skipped 49 frames!  The application may be doing too much work on its main thread.
D/InputEventConsistencyVerifier(  991): KeyEvent: ACTION_UP but key was not down.
D/InputEventConsistencyVerifier(  991):   in android.view.ViewRootImpl@b3d88ec0
D/InputEventConsistencyVerifier(  991):   0: sent at 222703000000, KeyEvent { action=ACTION_UP, keyCode=KEYCODE_DPAD_CENTER, scanCode=0, metaState=0, flags=0x8, repeatCount=0, eventTime=222703, downTime=222703, deviceId=-1, source=0x101 }
D/InputEventConsistencyVerifier(  991):   -- recent events --
D/InputEventConsistencyVerifier(  991):   1: sent at 221600000000, KeyEvent { action=ACTION_UP, keyCode=KEYCODE_MENU, scanCode=0, metaState=0, flags=0x8, repeatCount=0, eventTime=221600, downTime=221600, deviceId=-1, source=0x101 }
D/InputEventConsistencyVerifier(  991):   2: sent at 221569000000, KeyEvent { action=ACTION_DOWN, keyCode=KEYCODE_MENU, scanCode=0, metaState=0, flags=0x8, repeatCount=0, eventTime=221569, downTime=221569, deviceId=-1, source=0x101 }
D/InputEventConsistencyVerifier(  991):   3: sent at 221564000000, MotionEvent { action=ACTION_UP, id[0]=0, x[0]=210.0, y[0]=144.0, toolType[0]=TOOL_TYPE_UNKNOWN, buttonState=0, metaState=0, flags=0x0, edgeFlags=0x0, pointerCount=1, historySize=0, eventTime=221564, downTime=221508, deviceId=0, source=0x1002 }
D/InputEventConsistencyVerifier(  991):   4: sent at 221561000000, MotionEvent { action=ACTION_MOVE, id[0]=0, x[0]=206.0, y[0]=146.0, toolType[0]=TOOL_TYPE_UNKNOWN, buttonState=0, metaState=0, flags=0x0, edgeFlags=0x0, pointerCount=1, historySize=4, eventTime=221561, downTime=221508, deviceId=0, source=0x1002 }
D/InputEventConsistencyVerifier(  991):   5: sent at 221510000000, MotionEvent { action=ACTION_DOWN, id[0]=0, x[0]=165.0, y[0]=186.0, toolType[0]=TOOL_TYPE_UNKNOWN, buttonState=0, metaState=0, flags=0x0, edgeFlags=0x0, pointerCount=1, historySize=0, eventTime=221510, downTime=221508, deviceId=0, source=0x1002 }
I/Choreographer(  991): Skipped 38 frames!  The application may be doing too much work on its main thread.
W/InputMethodManagerService(  222): Window already focused, ignoring focus gain of: com.android.internal.view.IInputMethodClient$Stub$Proxy@b4123798 attribute=null
I/ActivityManager(  222): START {act=android.intent.action.MAIN cat=[android.intent.category.LAUNCHER] flg=0x10000000 cmp=com.android.contacts/.activities.PeopleActivity sel={act=android.intent.action.MAIN cat=[android.intent.category.APP_CONTACTS]} u=0} from pid 222
D/InputEventConsistencyVerifier(  991): KeyEvent: ACTION_UP but key was not down.
D/InputEventConsistencyVerifier(  991):   in android.view.ViewRootImpl@b3d88ec0
D/InputEventConsistencyVerifier(  991):   0: sent at 223147000000, KeyEvent { action=ACTION_UP, keyCode=KEYCODE_CONTACTS, scanCode=0, metaState=0, flags=0x8, repeatCount=0, eventTime=223147, downTime=223147, deviceId=-1, source=0x101 }
D/InputEventConsistencyVerifier(  991):   -- recent events --
D/InputEventConsistencyVerifier(  991):   1: sent at 223091000000, MotionEvent { action=ACTION_UP, id[0]=0, x[0]=167.0, y[0]=501.0, toolType[0]=TOOL_TYPE_UNKNOWN, buttonState=0, metaState=0, flags=0x0, edgeFlags=0x0, pointerCount=1, historySize=0, eventTime=223091, downTime=223063, deviceId=0, source=0x1002 }
D/InputEventConsistencyVerifier(  991):   2: sent at 223088000000, MotionEvent { action=ACTION_POINTER_UP(1), id[0]=0, x[0]=164.0, y[0]=498.0, toolType[0]=TOOL_TYPE_UNKNOWN, id[1]=1, x[1]=41.0, y[1]=237.0, toolType[1]=TOOL_TYPE_UNKNOWN, buttonState=0, metaState=0, flags=0x0, edgeFlags=0x0, pointerCount=2, historySize=0, eventTime=223088, downTime=223063, deviceId=0, source=0x1002 }
D/InputEventConsistencyVerifier(  991):   3: sent at 223086000000, MotionEvent { action=ACTION_MOVE, id[0]=0, x[0]=164.0, y[0]=496.0, toolType[0]=TOOL_TYPE_UNKNOWN, id[1]=1, x[1]=40.0, y[1]=237.0, toolType[1]=TOOL_TYPE_UNKNOWN, buttonState=0, metaState=0, flags=0x0, edgeFlags=0x0, pointerCount=2, historySize=4, eventTime=223086, downTime=223063, deviceId=0, source=0x1002 }
D/InputEventConsistencyVerifier(  991):   4: sent at 223072000000, MotionEvent { action=ACTION_POINTER_DOWN(1), id[0]=0, x[0]=151.0, y[0]=480.0, toolType[0]=TOOL_TYPE_UNKNOWN, id[1]=1, x[1]=35.0, y[1]=235.0, toolType[1]=TOOL_TYPE_UNKNOWN, buttonState=0, metaState=0, flags=0x0, edgeFlags=0x0, pointerCount=2, historySize=0, eventTime=223072, downTime=223063, deviceId=0, source=0x1002 }
D/InputEventConsistencyVerifier(  991):   5: sent at 223067000000, MotionEvent { action=ACTION_DOWN, id[0]=0, x[0]=149.0, y[0]=478.0, toolType[0]=TOOL_TYPE_UNKNOWN, buttonState=0, metaState=0, flags=0x0, edgeFlags=0x0, pointerCount=1, historySize=0, eventTime=223067, downTime=223063, deviceId=0, source=0x1002 }
I/Choreographer(  991): Skipped 54 frames!  The application may be doing too much work on its main thread.
D/InputEventConsistencyVerifier(  991): TrackballEvent: Trackball is down but pressure is not greater than 0.
D/InputEventConsistencyVerifier(  991):   in android.view.ViewRootImpl@b3d88ec0
D/InputEventConsistencyVerifier(  991):   0: sent at 223950000000, MotionEvent { action=ACTION_DOWN, id[0]=0, x[0]=0.0, y[0]=0.0, toolType[0]=TOOL_TYPE_UNKNOWN, buttonState=0, metaState=0, flags=0x0, edgeFlags=0x0, pointerCount=1, historySize=0, eventTime=223950, downTime=223887, deviceId=0, source=0x10004 }
D/InputEventConsistencyVerifier(  991):   -- recent events --
D/InputEventConsistencyVerifier(  991):   1: sent at 223948000000, MotionEvent { action=ACTION_MOVE, id[0]=0, x[0]=-2.0, y[0]=4.0, toolType[0]=TOOL_TYPE_UNKNOWN, buttonState=0, metaState=0, flags=0x0, edgeFlags=0x0, pointerCount=1, historySize=6, eventTime=223948, downTime=-1, deviceId=0, source=0x10004 }
D/InputEventConsistencyVerifier(  991):   2: sent at 223959000000, KeyEvent { action=ACTION_UP, keyCode=KEYCODE_DPAD_UP, scanCode=0, metaState=0, flags=0x400, repeatCount=0, eventTime=223959, downTime=223959, deviceId=-1, source=0x101 }
D/InputEventConsistencyVerifier(  991):   3: sent at 223959000000, KeyEvent { action=ACTION_DOWN, keyCode=KEYCODE_DPAD_UP, scanCode=0, metaState=0, flags=0x400, repeatCount=0, eventTime=223959, downTime=223959, deviceId=-1, source=0x101 }
D/InputEventConsistencyVerifier(  991):   4: sent at 223933000000, KeyEvent { action=ACTION_UP, keyCode=KEYCODE_DPAD_UP, scanCode=0, metaState=0, flags=0x400, repeatCount=0, eventTime=223933, downTime=223933, deviceId=-1, source=0x101 }
D/InputEventConsistencyVerifier(  991):   5: sent at 223933000000, KeyEvent { action=ACTION_DOWN, keyCode=KEYCODE_DPAD_UP, scanCode=0, metaState=0, flags=0x400, repeatCount=0, eventTime=223933, downTime=223933, deviceId=-1, source=0x101 }
D/InputEventConsistencyVerifier(  991): KeyEvent: ACTION_UP but key was not down.
D/InputEventConsistencyVerifier(  991):   in android.view.ViewRootImpl@b3d88ec0
D/InputEventConsistencyVerifier(  991):   0: sent at 224747000000, KeyEvent { action=ACTION_UP, keyCode=KEYCODE_MENU, scanCode=0, metaState=0, flags=0x8, repeatCount=0, eventTime=224747, downTime=224747, deviceId=-1, source=0x101 }
D/InputEventConsistencyVerifier(  991):   -- recent events --
D/InputEventConsistencyVerifier(  991):   1: sent at 224187000000, KeyEvent { action=ACTION_UP, keyCode=KEYCODE_MENU, scanCode=0, metaState=0, flags=0x8, repeatCount=0, eventTime=224187, downTime=224187, deviceId=-1, source=0x101 }
D/InputEventConsistencyVerifier(  991):   2: sent at 223957000000, KeyEvent { action=ACTION_DOWN, keyCode=KEYCODE_MENU, scanCode=0, metaState=0, flags=0x8, repeatCount=0, eventTime=223957, downTime=223957, deviceId=-1, source=0x101 }
D/InputEventConsistencyVerifier(  991):   3: sent at 224184000000, KeyEvent { action=ACTION_UP, keyCode=KEYCODE_DPAD_CENTER, scanCode=0, metaState=0, flags=0x400, repeatCount=0, eventTime=224184, downTime=224184, deviceId=-1, source=0x101 }
D/InputEventConsistencyVerifier(  991):   4: sent at 224182000000, KeyEvent { action=ACTION_DOWN, keyCode=KEYCODE_DPAD_CENTER, scanCode=0, metaState=0, flags=0x400, repeatCount=0, eventTime=224182, downTime=224182, deviceId=-1, source=0x101 }
D/InputEventConsistencyVerifier(  991):   5: sent at 224169000000, KeyEvent { action=ACTION_UP, keyCode=KEYCODE_DPAD_DOWN, scanCode=0, metaState=0, flags=0x400, repeatCount=0, eventTime=224169, downTime=224169, deviceId=-1, source=0x101 }
W/InputMethodManagerService(  222): Window already focused, ignoring focus gain of: com.android.internal.view.IInputMethodClient$Stub$Proxy@b4130338 attribute=null
I/Choreographer(  991): Skipped 38 frames!  The application may be doing too much work on its main thread.
D/InputEventConsistencyVerifier(  991): KeyEvent: ACTION_UP but key was not down.
D/InputEventConsistencyVerifier(  991):   in android.view.ViewRootImpl@b3d88ec0
D/InputEventConsistencyVerifier(  991):   0: sent at 224994000000, KeyEvent { action=ACTION_UP, keyCode=KEYCODE_LANGUAGE_SWITCH, scanCode=0, metaState=0, flags=0x8, repeatCount=0, eventTime=224994, downTime=224994, deviceId=-1, source=0x101 }
D/InputEventConsistencyVerifier(  991):   -- recent events --
D/InputEventConsistencyVerifier(  991):   1: sent at 224982000000, MotionEvent { action=ACTION_UP, id[0]=0, x[0]=20.0, y[0]=56.0, toolType[0]=TOOL_TYPE_UNKNOWN, buttonState=0, metaState=0, flags=0x0, edgeFlags=0x0, pointerCount=1, historySize=0, eventTime=224982, downTime=224972, deviceId=0, source=0x1002 }
D/InputEventConsistencyVerifier(  991):   2: sent at 224972000000, MotionEvent { action=ACTION_DOWN, id[0]=0, x[0]=34.0, y[0]=60.0, toolType[0]=TOOL_TYPE_UNKNOWN, buttonState=0, metaState=0, flags=0x0, edgeFlags=0x0, pointerCount=1, historySize=0, eventTime=224972, downTime=224972, deviceId=0, source=0x1002 }
D/InputEventConsistencyVerifier(  991):   3: sent at 224890000000, KeyEvent { action=ACTION_UP, keyCode=KEYCODE_DPAD_CENTER, scanCode=0, metaState=0, flags=0x8, repeatCount=0, eventTime=224890, downTime=224890, deviceId=-1, source=0x101 }
D/InputEventConsistencyVerifier(  991):   4: sent at 224753000000, KeyEvent { action=ACTION_DOWN, keyCode=KEYCODE_DPAD_CENTER, scanCode=0, metaState=0, flags=0x8, repeatCount=0, eventTime=224753, downTime=224753, deviceId=-1, source=0x101 }
D/InputEventConsistencyVerifier(  991):   5: sent at 224747000000, KeyEvent { action=ACTION_UP, keyCode=KEYCODE_MENU, scanCode=0, metaState=0, flags=0x80000008, repeatCount=0, eventTime=224747, downTime=224747, deviceId=-1, source=0x101 }
I/ActivityManager(  222): START {act=android.intent.action.MAIN cat=[android.intent.category.LAUNCHER] flg=0x10200000 cmp=com.jx.theme.n509993111/com.jx.MainActivity u=0} from pid 943
I/Choreographer(  991): Skipped 44 frames!  The application may be doing too much work on its main thread.
D/InputEventConsistencyVerifier(  991): TrackballEvent: Trackball is down but pressure is not greater than 0.
D/InputEventConsistencyVerifier(  991):   in android.view.ViewRootImpl@b3dc9c10
D/InputEventConsistencyVerifier(  991):   0: sent at 225894000000, MotionEvent { action=ACTION_DOWN, id[0]=0, x[0]=0.0, y[0]=0.0, toolType[0]=TOOL_TYPE_UNKNOWN, buttonState=0, metaState=0, flags=0x0, edgeFlags=0x0, pointerCount=1, historySize=0, eventTime=225894, downTime=225846, deviceId=0, source=0x10004 }
D/InputEventConsistencyVerifier(  991):   -- recent events --
D/InputEventConsistencyVerifier(  991):   1: sent at 225930000000, KeyEvent { action=ACTION_UP, keyCode=KEYCODE_DPAD_LEFT, scanCode=0, metaState=0, flags=0x400, repeatCount=0, eventTime=225930, downTime=225930, deviceId=-1, source=0x101 }
D/InputEventConsistencyVerifier(  991):   2: sent at 225930000000, KeyEvent { action=ACTION_DOWN, keyCode=KEYCODE_DPAD_LEFT, scanCode=0, metaState=0, flags=0x400, repeatCount=0, eventTime=225930, downTime=225930, deviceId=-1, source=0x101 }
D/InputEventConsistencyVerifier(  991):   3: sent at 225929000000, KeyEvent { action=ACTION_UP, keyCode=KEYCODE_DPAD_LEFT, scanCode=0, metaState=0, flags=0x400, repeatCount=0, eventTime=225929, downTime=225929, deviceId=-1, source=0x101 }
D/InputEventConsistencyVerifier(  991):   4: sent at 225929000000, KeyEvent { action=ACTION_DOWN, keyCode=KEYCODE_DPAD_LEFT, scanCode=0, metaState=0, flags=0x400, repeatCount=0, eventTime=225929, downTime=225929, deviceId=-1, source=0x101 }
D/InputEventConsistencyVerifier(  991):   5: sent at 225892000000, MotionEvent { action=ACTION_MOVE, id[0]=0, x[0]=-2.0, y[0]=1.0, toolType[0]=TOOL_TYPE_UNKNOWN, buttonState=0, metaState=0, flags=0x0, edgeFlags=0x0, pointerCount=1, historySize=9, eventTime=225892, downTime=-1, deviceId=0, source=0x10004 }
I/Choreographer(  222): Skipped 46 frames!  The application may be doing too much work on its main thread.
D/InputEventConsistencyVerifier(  991): KeyEvent: ACTION_UP but key was not down.
D/InputEventConsistencyVerifier(  991):   in android.view.ViewRootImpl@b3d88ec0
D/InputEventConsistencyVerifier(  991):   0: sent at 226028000000, KeyEvent { action=ACTION_UP, keyCode=KEYCODE_DPAD_LEFT, scanCode=0, metaState=0, flags=0x8, repeatCount=0, eventTime=226028, downTime=226028, deviceId=-1, source=0x101 }
D/InputEventConsistencyVerifier(  991):   -- recent events --
D/InputEventConsistencyVerifier(  991):   1: sent at 225320000000, MotionEvent { action=ACTION_UP, id[0]=0, x[0]=166.0, y[0]=799.0, toolType[0]=TOOL_TYPE_UNKNOWN, buttonState=0, metaState=0, flags=0x0, edgeFlags=0x0, pointerCount=1, historySize=0, eventTime=225320, downTime=225315, deviceId=0, source=0x1002 }
D/InputEventConsistencyVerifier(  991):   2: sent at 225315000000, MotionEvent { action=ACTION_DOWN, id[0]=0, x[0]=173.0, y[0]=799.0, toolType[0]=TOOL_TYPE_UNKNOWN, buttonState=0, metaState=0, flags=0x0, edgeFlags=0x0, pointerCount=1, historySize=0, eventTime=225315, downTime=225315, deviceId=0, source=0x1002 }
D/InputEventConsistencyVerifier(  991):   3: sent at 225307000000, MotionEvent { action=ACTION_UP, id[0]=0, x[0]=347.0, y[0]=54.0, toolType[0]=TOOL_TYPE_UNKNOWN, buttonState=0, metaState=0, flags=0x0, edgeFlags=0x0, pointerCount=1, historySize=0, eventTime=225307, downTime=225301, deviceId=0, source=0x1002 }
D/InputEventConsistencyVerifier(  991):   4: sent at 225301000000, MotionEvent { action=ACTION_DOWN, id[0]=0, x[0]=343.0, y[0]=47.0, toolType[0]=TOOL_TYPE_UNKNOWN, buttonState=0, metaState=0, flags=0x0, edgeFlags=0x0, pointerCount=1, historySize=0, eventTime=225301, downTime=225301, deviceId=0, source=0x1002 }
D/InputEventConsistencyVerifier(  991):   5: sent at 225194000000, MotionEvent { action=ACTION_UP, id[0]=0, x[0]=177.0, y[0]=74.0, toolType[0]=TOOL_TYPE_UNKNOWN, buttonState=0, metaState=0, flags=0x0, edgeFlags=0x0, pointerCount=1, historySize=0, eventTime=225194, downTime=225186, deviceId=0, source=0x1002 }
I/Choreographer(  991): Skipped 88 frames!  The application may be doing too much work on its main thread.
W/InputMethodManagerService(  222): Window already focused, ignoring focus gain of: com.android.internal.view.IInputMethodClient$Stub$Proxy@b413aaa8 attribute=null
I/Choreographer(  991): Skipped 31 frames!  The application may be doing too much work on its main thread.
I/ActivityManager(  222): START {act=android.intent.action.MAIN cat=[android.intent.category.LAUNCHER] flg=0x10200000 cmp=com.jx.theme.n509993111/com.jx.MainActivity u=0} from pid 943
I/Choreographer(  991): Skipped 40 frames!  The application may be doing too much work on its main thread.
W/InputMethodManagerService(  222): Window already focused, ignoring focus gain of: com.android.internal.view.IInputMethodClient$Stub$Proxy@b3f99600 attribute=null
I/Choreographer(  991): Skipped 76 frames!  The application may be doing too much work on its main thread.
W/DroidBox( 1096): DroidBox: { "ServiceStart": { "name": "com.android.music.MediaPlaybackService" } }
W/DroidBox( 1096): DroidBox: { "ServiceStart": { "name": "com.android.music.MediaPlaybackService" } }
I/Choreographer(  222): Skipped 39 frames!  The application may be doing too much work on its main thread.
I/AudioService(  222):  AudioFocus  requestAudioFocus() from android.media.AudioManager@b3d9f5e8com.android.music.MediaPlaybackService$3@b3d9de20
W/InputManager(  222): Input event injection from pid 943 failed.
I/Choreographer(  991): Skipped 100 frames!  The application may be doing too much work on its main thread.
I/AudioService(  222):   Remote Control   registerMediaButtonIntent() for PendingIntent{b4142bb8: PendingIntentRecord{b3e8c858 com.android.music broadcastIntent}}
W/InputMethodManagerService(  222): Window already focused, ignoring focus gain of: com.android.internal.view.IInputMethodClient$Stub$Proxy@b4144260 attribute=null
I/ActivityManager(  222): START {act=android.intent.action.MAIN cat=[android.intent.category.LAUNCHER] flg=0x10200000 cmp=com.jx.theme.n509993111/com.jx.MainActivity u=0} from pid 943
I/Choreographer(  991): Skipped 32 frames!  The application may be doing too much work on its main thread.
W/InputMethodManagerService(  222): Window already focused, ignoring focus gain of: com.android.internal.view.IInputMethodClient$Stub$Proxy@b4147f38 attribute=null
W/InputManager(  222): Input event injection from pid 943 failed.
W/InputManager(  222): Input event injection from pid 943 failed.
I/Choreographer(  991): Skipped 56 frames!  The application may be doing too much work on its main thread.
I/ActivityManager(  222): START {act=android.intent.action.MAIN cat=[android.intent.category.LAUNCHER] flg=0x10000000 cmp=com.android.contacts/.activities.PeopleActivity sel={act=android.intent.action.MAIN cat=[android.intent.category.APP_CONTACTS]} u=0} from pid 222
D/InputEventConsistencyVerifier(  991): KeyEvent: ACTION_UP but key was not down.
D/InputEventConsistencyVerifier(  991):   in android.view.ViewRootImpl@b3d88ec0
D/InputEventConsistencyVerifier(  991):   0: sent at 230337000000, KeyEvent { action=ACTION_UP, keyCode=KEYCODE_CONTACTS, scanCode=0, metaState=0, flags=0x8, repeatCount=0, eventTime=230337, downTime=230337, deviceId=-1, source=0x101 }
D/InputEventConsistencyVerifier(  991):   -- recent events --
D/InputEventConsistencyVerifier(  991):   1: sent at 230089000000, KeyEvent { action=ACTION_UP, keyCode=KEYCODE_DPAD_UP, scanCode=0, metaState=0, flags=0x8, repeatCount=0, eventTime=230089, downTime=230089, deviceId=-1, source=0x101 }
D/InputEventConsistencyVerifier(  991):   2: sent at 230083000000, KeyEvent { action=ACTION_DOWN, keyCode=KEYCODE_DPAD_UP, scanCode=0, metaState=0, flags=0x8, repeatCount=0, eventTime=230083, downTime=230083, deviceId=-1, source=0x101 }
D/InputEventConsistencyVerifier(  991):   3: sent at 229533000000, KeyEvent { action=ACTION_UP, keyCode=KEYCODE_MENU, scanCode=0, metaState=0, flags=0x8, repeatCount=0, eventTime=229533, downTime=229533, deviceId=-1, source=0x101 }
D/InputEventConsistencyVerifier(  991):   4: sent at 229515000000, KeyEvent { action=ACTION_DOWN, keyCode=KEYCODE_MENU, scanCode=0, metaState=0, flags=0x8, repeatCount=0, eventTime=229515, downTime=229515, deviceId=-1, source=0x101 }
D/InputEventConsistencyVerifier(  991):   5: sent at 229494000000, KeyEvent { action=ACTION_UP, keyCode=KEYCODE_EQUALS, scanCode=0, metaState=0, flags=0x8, repeatCount=0, eventTime=229494, downTime=229494, deviceId=-1, source=0x101 }
D/InputEventConsistencyVerifier(  991): TrackballEvent: Trackball is down but pressure is not greater than 0.
D/InputEventConsistencyVerifier(  991):   in android.view.ViewRootImpl@b3d88ec0
D/InputEventConsistencyVerifier(  991):   0: sent at 230441000000, MotionEvent { action=ACTION_DOWN, id[0]=0, x[0]=0.0, y[0]=0.0, toolType[0]=TOOL_TYPE_UNKNOWN, buttonState=0, metaState=0, flags=0x0, edgeFlags=0x0, pointerCount=1, historySize=0, eventTime=230441, downTime=230399, deviceId=0, source=0x10004 }
D/InputEventConsistencyVerifier(  991):   -- recent events --
D/InputEventConsistencyVerifier(  991):   1: sent at 230438000000, MotionEvent { action=ACTION_MOVE, id[0]=0, x[0]=4.0, y[0]=0.0, toolType[0]=TOOL_TYPE_UNKNOWN, buttonState=0, metaState=0, flags=0x0, edgeFlags=0x0, pointerCount=1, historySize=9, eventTime=230438, downTime=-1, deviceId=0, source=0x10004 }
D/InputEventConsistencyVerifier(  991):   2: sent at 230337000000, KeyEvent { action=ACTION_UP, keyCode=KEYCODE_CONTACTS, scanCode=0, metaState=0, flags=0x80000008, repeatCount=0, eventTime=230337, downTime=230337, deviceId=-1, source=0x101 }
D/InputEventConsistencyVerifier(  991):   3: sent at 230089000000, KeyEvent { action=ACTION_UP, keyCode=KEYCODE_DPAD_UP, scanCode=0, metaState=0, flags=0x8, repeatCount=0, eventTime=230089, downTime=230089, deviceId=-1, source=0x101 }
D/InputEventConsistencyVerifier(  991):   4: sent at 230083000000, KeyEvent { action=ACTION_DOWN, keyCode=KEYCODE_DPAD_UP, scanCode=0, metaState=0, flags=0x8, repeatCount=0, eventTime=230083, downTime=230083, deviceId=-1, source=0x101 }
D/InputEventConsistencyVerifier(  991):   5: sent at 229533000000, KeyEvent { action=ACTION_UP, keyCode=KEYCODE_MENU, scanCode=0, metaState=0, flags=0x8, repeatCount=0, eventTime=229533, downTime=229533, deviceId=-1, source=0x101 }
D/InputEventConsistencyVerifier(  991): TouchEvent: ACTION_DOWN but pointers are already down.  Probably missing ACTION_UP from previous gesture.
D/InputEventConsistencyVerifier(  991):   in com.android.internal.policy.impl.PhoneWindow$DecorView@b3dc37a0
D/InputEventConsistencyVerifier(  991):   0: sent at 231776000000, MotionEvent { action=ACTION_DOWN, id[0]=0, x[0]=98.0, y[0]=-628.0, toolType[0]=TOOL_TYPE_UNKNOWN, buttonState=0, metaState=0, flags=0x0, edgeFlags=0x0, pointerCount=1, historySize=0, eventTime=231776, downTime=231776, deviceId=0, source=0x1002 }
D/InputEventConsistencyVerifier(  991):   -- recent events --
D/InputEventConsistencyVerifier(  991):   1: sent at 231763000000, (unhandled) KeyEvent { action=ACTION_UP, keyCode=KEYCODE_NUMPAD_0, scanCode=0, metaState=0, flags=0x8, repeatCount=0, eventTime=231763, downTime=231763, deviceId=-1, source=0x101 }
D/InputEventConsistencyVerifier(  991):   2: sent at 231701000000, (unhandled) KeyEvent { action=ACTION_DOWN, keyCode=KEYCODE_INSERT, scanCode=0, metaState=0, flags=0x8, repeatCount=0, eventTime=231701, downTime=231701, deviceId=-1, source=0x101 }
D/InputEventConsistencyVerifier(  991):   3: sent at 231701000000, (unhandled) KeyEvent { action=ACTION_DOWN, keyCode=KEYCODE_NUMPAD_0, scanCode=0, metaState=0, flags=0x8, repeatCount=0, eventTime=231701, downTime=231701, deviceId=-1, source=0x101 }
D/InputEventConsistencyVerifier(  991):   4: sent at 231678000000, (unhandled) KeyEvent { action=ACTION_UP, keyCode=KEYCODE_DPAD_UP, scanCode=0, metaState=0, flags=0x8, repeatCount=0, eventTime=231678, downTime=231678, deviceId=-1, source=0x101 }
D/InputEventConsistencyVerifier(  991):   5: sent at 231666000000, (unhandled) KeyEvent { action=ACTION_DOWN, keyCode=KEYCODE_DPAD_UP, scanCode=0, metaState=0, flags=0x8, repeatCount=0, eventTime=231666, downTime=231666, deviceId=-1, source=0x101 }
I/Choreographer(  991): Skipped 42 frames!  The application may be doing too much work on its main thread.
I/Choreographer(  222): Skipped 34 frames!  The application may be doing too much work on its main thread.
I/Choreographer(  991): Skipped 64 frames!  The application may be doing too much work on its main thread.
I/Choreographer(  222): Skipped 36 frames!  The application may be doing too much work on its main thread.
D/InputEventConsistencyVerifier(  991): KeyEvent: ACTION_UP but key was not down.
D/InputEventConsistencyVerifier(  991):   in android.view.ViewRootImpl@b3d88ec0
D/InputEventConsistencyVerifier(  991):   0: sent at 232719000000, KeyEvent { action=ACTION_UP, keyCode=KEYCODE_DPAD_UP, scanCode=0, metaState=0, flags=0x8, repeatCount=0, eventTime=232719, downTime=232719, deviceId=-1, source=0x101 }
D/InputEventConsistencyVerifier(  991):   -- recent events --
D/InputEventConsistencyVerifier(  991):   1: sent at 232256000000, MotionEvent { action=ACTION_UP, id[0]=0, x[0]=299.0, y[0]=716.0, toolType[0]=TOOL_TYPE_UNKNOWN, buttonState=0, metaState=0, flags=0x0, edgeFlags=0x0, pointerCount=1, historySize=0, eventTime=232256, downTime=232251, deviceId=0, source=0x1002 }
D/InputEventConsistencyVerifier(  991):   2: sent at 232251000000, MotionEvent { action=ACTION_DOWN, id[0]=0, x[0]=290.0, y[0]=716.0, toolType[0]=TOOL_TYPE_UNKNOWN, buttonState=0, metaState=0, flags=0x0, edgeFlags=0x0, pointerCount=1, historySize=0, eventTime=232251, downTime=232251, deviceId=0, source=0x1002 }
D/InputEventConsistencyVerifier(  991):   3: sent at 232244000000, MotionEvent { action=ACTION_UP, id[0]=0, x[0]=205.0, y[0]=419.0, toolType[0]=TOOL_TYPE_UNKNOWN, buttonState=0, metaState=0, flags=0x0, edgeFlags=0x0, pointerCount=1, historySize=0, eventTime=232244, downTime=232239, deviceId=0, source=0x1002 }
D/InputEventConsistencyVerifier(  991):   4: sent at 232239000000, MotionEvent { action=ACTION_DOWN, id[0]=0, x[0]=214.0, y[0]=436.0, toolType[0]=TOOL_TYPE_UNKNOWN, buttonState=0, metaState=0, flags=0x0, edgeFlags=0x0, pointerCount=1, historySize=0, eventTime=232239, downTime=232239, deviceId=0, source=0x1002 }
D/InputEventConsistencyVerifier(  991):   5: sent at 231549000000, KeyEvent { action=ACTION_UP, keyCode=KEYCODE_MENU, scanCode=0, metaState=0, flags=0x8, repeatCount=0, eventTime=231549, downTime=231549, deviceId=-1, source=0x101 }
W/InputMethodManagerService(  222): Window already focused, ignoring focus gain of: com.android.internal.view.IInputMethodClient$Stub$Proxy@b4154e20 attribute=null
I/Choreographer(  222): Skipped 58 frames!  The application may be doing too much work on its main thread.
W/DroidBox( 1096): DroidBox: { "ServiceStart": { "name": "com.android.music.MediaPlaybackService" } }
W/DroidBox( 1096): DroidBox: { "ServiceStart": { "name": "com.android.music.MediaPlaybackService" } }
D/InputEventConsistencyVerifier(  415): TouchEvent: ACTION_DOWN but pointers are already down.  Probably missing ACTION_UP from previous gesture.
D/InputEventConsistencyVerifier(  415):   in android.view.ScaleGestureDetector@b3e5fed8
D/InputEventConsistencyVerifier(  415):   0: sent at 234216000000, MotionEvent { action=ACTION_DOWN, id[0]=0, x[0]=119.0, y[0]=10.0, toolType[0]=TOOL_TYPE_UNKNOWN, buttonState=0, metaState=0, flags=0x0, edgeFlags=0x0, pointerCount=1, historySize=0, eventTime=234216, downTime=234215, deviceId=0, source=0x1002 }
D/InputEventConsistencyVerifier(  415):   -- recent events --
D/InputEventConsistencyVerifier(  415):   1: sent at 220748000000, MotionEvent { action=ACTION_DOWN, id[0]=0, x[0]=177.0, y[0]=82.0, toolType[0]=TOOL_TYPE_UNKNOWN, buttonState=0, metaState=0, flags=0x80000000, edgeFlags=0x0, pointerCount=1, historySize=0, eventTime=220748, downTime=220747, deviceId=0, source=0x1002 }
D/InputEventConsistencyVerifier(  415):   2: sent at 220726000000, MotionEvent { action=ACTION_DOWN, id[0]=0, x[0]=175.0, y[0]=71.0, toolType[0]=TOOL_TYPE_UNKNOWN, buttonState=0, metaState=0, flags=0x0, edgeFlags=0x0, pointerCount=1, historySize=0, eventTime=220726, downTime=220724, deviceId=0, source=0x1002 }
D/InputEventConsistencyVerifier(  415):   3: sent at 220346000000, MotionEvent { action=ACTION_UP, id[0]=0, x[0]=363.0, y[0]=5.0, toolType[0]=TOOL_TYPE_UNKNOWN, buttonState=0, metaState=0, flags=0x0, edgeFlags=0x0, pointerCount=1, historySize=0, eventTime=220346, downTime=220296, deviceId=0, source=0x1002 }
D/InputEventConsistencyVerifier(  415):   4: sent at 220297000000, MotionEvent { action=ACTION_DOWN, id[0]=0, x[0]=350.0, y[0]=22.0, toolType[0]=TOOL_TYPE_UNKNOWN, buttonState=0, metaState=0, flags=0x80000000, edgeFlags=0x0, pointerCount=1, historySize=0, eventTime=220297, downTime=220296, deviceId=0, source=0x1002 }
D/InputEventConsistencyVerifier(  415):   5: sent at 217106000000, MotionEvent { action=ACTION_DOWN, id[0]=0, x[0]=237.0, y[0]=293.0, toolType[0]=TOOL_TYPE_UNKNOWN, buttonState=0, metaState=0, flags=0x80000000, edgeFlags=0x0, pointerCount=1, historySize=0, eventTime=217106, downTime=217101, deviceId=0, source=0x1002 }
I/Choreographer(  991): Skipped 32 frames!  The application may be doing too much work on its main thread.
W/dalvikvm(  415): DroidBox: { "FdAccess": { "path": "2f70726f632f6d656d696e666f", "id": "627717007" } }
W/DroidBox(  415): DroidBox: { "FileRW": { "operation": "read", "data": "4d656d546f74616c3a202020202020202020373438393634206b420a4d656d467265653a20202020202020202020343434353438206b420a427566666572733a20202020202020202020202035353838206b420a4361636865643a202020202020202020", "id": "627717007" } }
I/Choreographer(  415): Skipped 34 frames!  The application may be doing too much work on its main thread.
W/dalvikvm(  415): DroidBox: { "FdAccess": { "path": "2f70726f632f6d656d696e666f", "id": "1967248208" } }
W/DroidBox(  415): DroidBox: { "FileRW": { "operation": "read", "data": "4d656d546f74616c3a202020202020202020373438393634206b420a4d656d467265653a20202020202020202020343434353438206b420a427566666572733a20202020202020202020202035353838206b420a4361636865643a202020202020202020", "id": "1967248208" } }
D/InputEventConsistencyVerifier(  415): KeyEvent: ACTION_UP but key was not down.
D/InputEventConsistencyVerifier(  415):   in android.view.ViewRootImpl@b3e51c88
D/InputEventConsistencyVerifier(  415):   0: sent at 234351000000, KeyEvent { action=ACTION_UP, keyCode=KEYCODE_DPAD_UP, scanCode=0, metaState=0, flags=0x8, repeatCount=0, eventTime=234351, downTime=234351, deviceId=-1, source=0x101 }
D/InputEventConsistencyVerifier(  415):   -- recent events --
D/InputEventConsistencyVerifier(  415):   1: sent at 234271000000, MotionEvent { action=ACTION_UP, id[0]=0, x[0]=25.0, y[0]=2.0, toolType[0]=TOOL_TYPE_UNKNOWN, buttonState=0, metaState=0, flags=0x0, edgeFlags=0x0, pointerCount=1, historySize=0, eventTime=234271, downTime=234265, deviceId=0, source=0x1002 }
D/InputEventConsistencyVerifier(  415):   2: sent at 234266000000, MotionEvent { action=ACTION_DOWN, id[0]=0, x[0]=15.0, y[0]=15.0, toolType[0]=TOOL_TYPE_UNKNOWN, buttonState=0, metaState=0, flags=0x0, edgeFlags=0x0, pointerCount=1, historySize=0, eventTime=234266, downTime=234265, deviceId=0, source=0x1002 }
D/InputEventConsistencyVerifier(  415):   3: sent at 234251000000, MotionEvent { action=ACTION_UP, id[0]=0, x[0]=118.0, y[0]=9.0, toolType[0]=TOOL_TYPE_UNKNOWN, buttonState=0, metaState=0, flags=0x0, edgeFlags=0x0, pointerCount=1, historySize=0, eventTime=234251, downTime=234215, deviceId=0, source=0x1002 }
D/InputEventConsistencyVerifier(  415):   4: sent at 234216000000, MotionEvent { action=ACTION_DOWN, id[0]=0, x[0]=119.0, y[0]=10.0, toolType[0]=TOOL_TYPE_UNKNOWN, buttonState=0, metaState=0, flags=0x0, edgeFlags=0x0, pointerCount=1, historySize=0, eventTime=234216, downTime=234215, deviceId=0, source=0x1002 }
D/InputEventConsistencyVerifier(  415):   5: sent at 220788000000, MotionEvent { action=ACTION_UP, id[0]=0, x[0]=163.0, y[0]=77.0, toolType[0]=TOOL_TYPE_UNKNOWN, buttonState=0, metaState=0, flags=0x0, edgeFlags=0x0, pointerCount=1, historySize=0, eventTime=220788, downTime=220747, deviceId=0, source=0x1002 }
V/PhoneStatusBar(  415): setLightsOn(true)
D/PhoneStatusBar(  415): disable: < expand icons alerts TICKER* system_info back home recent clock >
I/ActivityManager(  222): START {act=android.intent.action.MAIN cat=[android.intent.category.LAUNCHER] flg=0x10200000 cmp=com.jx.theme.n509993111/com.jx.MainActivity u=0} from pid 943
D/InputEventConsistencyVerifier(  415): KeyEvent: ACTION_UP but key was not down.
D/InputEventConsistencyVerifier(  415):   in android.widget.FrameLayout@b3dbefd0
D/InputEventConsistencyVerifier(  415):   0: sent at 234540000000, KeyEvent { action=ACTION_UP, keyCode=KEYCODE_DPAD_DOWN, scanCode=0, metaState=0, flags=0x28, repeatCount=0, eventTime=234540, downTime=234418, deviceId=-1, source=0x101 }
D/InputEventConsistencyVerifier(  415):   -- recent events --
D/InputEventConsistencyVerifier(  415):   1: sent at 201426000000, (unhandled) KeyEvent { action=ACTION_UP, keyCode=KEYCODE_DPAD_DOWN, scanCode=0, metaState=0, flags=0x400, repeatCount=0, eventTime=201426, downTime=201426, deviceId=-1, source=0x101 }
D/InputEventConsistencyVerifier(  415):   2: sent at 201426000000, (unhandled) KeyEvent { action=ACTION_DOWN, keyCode=KEYCODE_DPAD_DOWN, scanCode=0, metaState=0, flags=0x400, repeatCount=0, eventTime=201426, downTime=201426, deviceId=-1, source=0x101 }
D/InputEventConsistencyVerifier(  415):   3: sent at 201425000000, (unhandled) KeyEvent { action=ACTION_UP, keyCode=KEYCODE_DPAD_DOWN, scanCode=0, metaState=0, flags=0x400, repeatCount=0, eventTime=201425, downTime=201425, deviceId=-1, source=0x101 }
D/InputEventConsistencyVerifier(  415):   4: sent at 201425000000, (unhandled) KeyEvent { action=ACTION_DOWN, keyCode=KEYCODE_DPAD_DOWN, scanCode=0, metaState=0, flags=0x400, repeatCount=0, eventTime=201425, downTime=201425, deviceId=-1, source=0x101 }
D/InputEventConsistencyVerifier(  415):   5: sent at 201425000000, (unhandled) KeyEvent { action=ACTION_UP, keyCode=KEYCODE_DPAD_DOWN, scanCode=0, metaState=0, flags=0x400, repeatCount=0, eventTime=201425, downTime=201425, deviceId=-1, source=0x101 }
I/Choreographer(  415): Skipped 42 frames!  The application may be doing too much work on its main thread.
D/InputEventConsistencyVerifier(  991): KeyEvent: ACTION_UP but key was not down.
D/InputEventConsistencyVerifier(  991):   in android.view.ViewRootImpl@b3d88ec0
D/InputEventConsistencyVerifier(  991):   0: sent at 234509000000, KeyEvent { action=ACTION_UP, keyCode=KEYCODE_DPAD_DOWN, scanCode=0, metaState=0, flags=0x8, repeatCount=0, eventTime=234509, downTime=234509, deviceId=-1, source=0x101 }
D/InputEventConsistencyVerifier(  991):   -- recent events --
D/InputEventConsistencyVerifier(  991):   1: sent at 234378000000, KeyEvent { action=ACTION_UP, keyCode=KEYCODE_DPAD_UP, scanCode=0, metaState=0, flags=0x28, repeatCount=0, eventTime=234378, downTime=234307, deviceId=-1, source=0x101 }
D/InputEventConsistencyVerifier(  991):   2: sent at 234307000000, KeyEvent { action=ACTION_DOWN, keyCode=KEYCODE_DPAD_UP, scanCode=0, metaState=0, flags=0x8, repeatCount=0, eventTime=234307, downTime=234307, deviceId=-1, source=0x101 }
D/InputEventConsistencyVerifier(  991):   3: sent at 234302000000, MotionEvent { action=ACTION_UP, id[0]=0, x[0]=266.0, y[0]=416.0, toolType[0]=TOOL_TYPE_UNKNOWN, buttonState=0, metaState=0, flags=0x0, edgeFlags=0x0, pointerCount=1, historySize=0, eventTime=234302, downTime=234297, deviceId=0, source=0x1002 }
D/InputEventConsistencyVerifier(  991):   4: sent at 234297000000, MotionEvent { action=ACTION_DOWN, id[0]=0, x[0]=267.0, y[0]=417.0, toolType[0]=TOOL_TYPE_UNKNOWN, buttonState=0, metaState=0, flags=0x0, edgeFlags=0x0, pointerCount=1, historySize=0, eventTime=234297, downTime=234297, deviceId=0, source=0x1002 }
D/InputEventConsistencyVerifier(  991):   5: sent at 234290000000, MotionEvent { action=ACTION_UP, id[0]=0, x[0]=152.0, y[0]=712.0, toolType[0]=TOOL_TYPE_UNKNOWN, buttonState=0, metaState=0, flags=0x0, edgeFlags=0x0, pointerCount=1, historySize=0, eventTime=234290, downTime=234285, deviceId=0, source=0x1002 }
D/PhoneStatusBar(  415): disable: < expand icons alerts ticker* system_info back home recent clock >
V/PhoneStatusBar(  415): setLightsOn(true)
W/InputMethodManagerService(  222): Window already focused, ignoring focus gain of: com.android.internal.view.IInputMethodClient$Stub$Proxy@b415dfc8 attribute=null
I/Choreographer(  991): Skipped 44 frames!  The application may be doing too much work on its main thread.
W/InputMethodManagerService(  222): Window already focused, ignoring focus gain of: com.android.internal.view.IInputMethodClient$Stub$Proxy@b4161490 attribute=null
W/dalvikvm(  415): DroidBox: { "FdAccess": { "path": "2f70726f632f6d656d696e666f", "id": "983071958" } }
W/DroidBox(  415): DroidBox: { "FileRW": { "operation": "read", "data": "4d656d546f74616c3a202020202020202020373438393634206b420a4d656d467265653a20202020202020202020343435353430206b420a427566666572733a20202020202020202020202035353838206b420a4361636865643a202020202020202020", "id": "983071958" } }
D/InputEventConsistencyVerifier(  415): KeyEvent: ACTION_UP but key was not down.
D/InputEventConsistencyVerifier(  415):   in com.android.systemui.statusbar.phone.StatusBarWindowView@b3dc0248
D/InputEventConsistencyVerifier(  415):   0: sent at 235298000000, KeyEvent { action=ACTION_UP, keyCode=KEYCODE_DPAD_CENTER, scanCode=0, metaState=0, flags=0x8, repeatCount=0, eventTime=235298, downTime=235298, deviceId=-1, source=0x101 }
D/InputEventConsistencyVerifier(  415):   -- recent events --
D/InputEventConsistencyVerifier(  415):   1: sent at 235163000000, (unhandled) KeyEvent { action=ACTION_UP, keyCode=KEYCODE_MEDIA_NEXT, scanCode=0, metaState=0, flags=0x8, repeatCount=0, eventTime=235163, downTime=235163, deviceId=-1, source=0x101 }
D/InputEventConsistencyVerifier(  415):   2: sent at 235100000000, (unhandled) KeyEvent { action=ACTION_DOWN, keyCode=KEYCODE_MEDIA_NEXT, scanCode=0, metaState=0, flags=0x8, repeatCount=0, eventTime=235100, downTime=235100, deviceId=-1, source=0x101 }
D/InputEventConsistencyVerifier(  415):   3: sent at 235092000000, MotionEvent { action=ACTION_UP, id[0]=0, x[0]=313.0, y[0]=8.0, toolType[0]=TOOL_TYPE_UNKNOWN, buttonState=0, metaState=0, flags=0x0, edgeFlags=0x0, pointerCount=1, historySize=0, eventTime=235092, downTime=235077, deviceId=0, source=0x1002 }
D/InputEventConsistencyVerifier(  415):   4: sent at 235077000000, MotionEvent { action=ACTION_DOWN, id[0]=0, x[0]=314.0, y[0]=10.0, toolType[0]=TOOL_TYPE_UNKNOWN, buttonState=0, metaState=0, flags=0x0, edgeFlags=0x0, pointerCount=1, historySize=0, eventTime=235077, downTime=235077, deviceId=0, source=0x1002 }
D/InputEventConsistencyVerifier(  415):   5: sent at 234540000000, (unhandled) KeyEvent { action=ACTION_UP, keyCode=KEYCODE_DPAD_DOWN, scanCode=0, metaState=0, flags=0x28, repeatCount=0, eventTime=234540, downTime=234418, deviceId=-1, source=0x101 }
I/Choreographer(  415): Skipped 49 frames!  The application may be doing too much work on its main thread.
W/dalvikvm(  415): DroidBox: { "FdAccess": { "path": "2f70726f632f6d656d696e666f", "id": "1282587723" } }
W/DroidBox(  415): DroidBox: { "FileRW": { "operation": "read", "data": "4d656d546f74616c3a202020202020202020373438393634206b420a4d656d467265653a20202020202020202020343435353430206b420a427566666572733a20202020202020202020202035353838206b420a4361636865643a202020202020202020", "id": "1282587723" } }
V/PhoneStatusBar(  415): setLightsOn(true)
I/Choreographer(  415): Skipped 41 frames!  The application may be doing too much work on its main thread.
D/InputEventConsistencyVerifier(  415): KeyEvent: ACTION_UP but key was not down.
D/InputEventConsistencyVerifier(  415):   in com.android.systemui.statusbar.phone.StatusBarWindowView@b3dc0248
D/InputEventConsistencyVerifier(  415):   0: sent at 235486000000, KeyEvent { action=ACTION_UP, keyCode=KEYCODE_DPAD_RIGHT, scanCode=0, metaState=0, flags=0x400, repeatCount=0, eventTime=235486, downTime=235486, deviceId=-1, source=0x101 }
D/InputEventConsistencyVerifier(  415):   -- recent events --
D/InputEventConsistencyVerifier(  415):   1: sent at 235411000000, (unhandled) MotionEvent { action=ACTION_MOVE, id[0]=0, x[0]=3.0, y[0]=-2.0, toolType[0]=TOOL_TYPE_UNKNOWN, buttonState=0, metaState=0, flags=0x0, edgeFlags=0x0, pointerCount=1, historySize=8, eventTime=235411, downTime=-1, deviceId=0, source=0x10004 }
D/InputEventConsistencyVerifier(  415):   2: sent at 235345000000, (unhandled) KeyEvent { action=ACTION_UP, keyCode=KEYCODE_K, scanCode=0, metaState=0, flags=0x8, repeatCount=0, eventTime=235345, downTime=235345, deviceId=-1, source=0x101 }
D/InputEventConsistencyVerifier(  415):   3: sent at 235314000000, (unhandled) KeyEvent { action=ACTION_DOWN, keyCode=KEYCODE_K, scanCode=0, metaState=0, flags=0x8, repeatCount=0, eventTime=235314, downTime=235314, deviceId=-1, source=0x101 }
