D/InputEventConsistencyVerifier(  413):   in android.view.ScaleGestureDetector@b3e62e58
D/InputEventConsistencyVerifier(  413):   0: sent at 249103000000, MotionEvent { action=ACTION_DOWN, id[0]=0, x[0]=112.0, y[0]=795.0, toolType[0]=TOOL_TYPE_UNKNOWN, buttonState=0, metaState=0, flags=0x0, edgeFlags=0x0, pointerCount=1, historySize=0, eventTime=249103, downTime=249102, deviceId=0, source=0x1002 }
D/InputEventConsistencyVerifier(  413):   -- recent events --
D/InputEventConsistencyVerifier(  413):   1: sent at 249017500000, MotionEvent { action=ACTION_MOVE, id[0]=0, x[0]=444.0, y[0]=637.5, toolType[0]=TOOL_TYPE_UNKNOWN, buttonState=0, metaState=0, flags=0x0, edgeFlags=0x0, pointerCount=1, historySize=5, eventTime=249017, downTime=248977, deviceId=0, source=0x1002 }
D/InputEventConsistencyVerifier(  413):   2: sent at 248979000000, MotionEvent { action=ACTION_DOWN, id[0]=0, x[0]=439.0, y[0]=575.0, toolType[0]=TOOL_TYPE_UNKNOWN, buttonState=0, metaState=0, flags=0x80000000, edgeFlags=0x0, pointerCount=1, historySize=0, eventTime=248979, downTime=248977, deviceId=0, source=0x1002 }
D/InputEventConsistencyVerifier(  413):   3: sent at 248878000000, MotionEvent { action=ACTION_MOVE, id[0]=0, x[0]=120.0, y[0]=584.0, toolType[0]=TOOL_TYPE_UNKNOWN, buttonState=0, metaState=0, flags=0x0, edgeFlags=0x0, pointerCount=1, historySize=3, eventTime=248878, downTime=248854, deviceId=0, source=0x1002 }
D/InputEventConsistencyVerifier(  413):   4: sent at 248856000000, MotionEvent { action=ACTION_DOWN, id[0]=0, x[0]=106.0, y[0]=567.0, toolType[0]=TOOL_TYPE_UNKNOWN, buttonState=0, metaState=0, flags=0x0, edgeFlags=0x0, pointerCount=1, historySize=0, eventTime=248856, downTime=248854, deviceId=0, source=0x1002 }
D/InputEventConsistencyVerifier(  413):   5: sent at 248846000000, MotionEvent { action=ACTION_UP, id[0]=0, x[0]=312.0, y[0]=341.0, toolType[0]=TOOL_TYPE_UNKNOWN, buttonState=0, metaState=0, flags=0x0, edgeFlags=0x0, pointerCount=1, historySize=0, eventTime=248846, downTime=248829, deviceId=0, source=0x1002 }
W/dalvikvm(  413): DroidBox: { "FdAccess": { "path": "2f70726f632f6d656d696e666f", "id": "1331675960" } }
W/DroidBox(  413): DroidBox: { "FileRW": { "operation": "read", "data": "4d656d546f74616c3a202020202020202020373438393634206b420a4d656d467265653a20202020202020202020343332303736206b420a427566666572733a20202020202020202020202035353536206b420a4361636865643a202020202020202020", "id": "1331675960" } }
D/InputEventConsistencyVerifier(  413): KeyEvent: ACTION_UP but key was not down.
D/InputEventConsistencyVerifier(  413):   in com.android.systemui.statusbar.phone.StatusBarWindowView@b3dc3300
D/InputEventConsistencyVerifier(  413):   0: sent at 249241000000, KeyEvent { action=ACTION_UP, keyCode=KEYCODE_DPAD_CENTER, scanCode=0, metaState=0, flags=0x8, repeatCount=0, eventTime=249241, downTime=249241, deviceId=-1, source=0x101 }
D/InputEventConsistencyVerifier(  413):   -- recent events --
D/InputEventConsistencyVerifier(  413):   1: sent at 249139000000, MotionEvent { action=ACTION_UP, id[0]=0, x[0]=102.0, y[0]=763.0, toolType[0]=TOOL_TYPE_UNKNOWN, buttonState=0, metaState=0, flags=0x0, edgeFlags=0x0, pointerCount=1, historySize=0, eventTime=249139, downTime=249102, deviceId=0, source=0x1002 }
D/InputEventConsistencyVerifier(  413):   2: sent at 249135000000, MotionEvent { action=ACTION_MOVE, id[0]=0, x[0]=109.0, y[0]=768.0, toolType[0]=TOOL_TYPE_UNKNOWN, buttonState=0, metaState=0, flags=0x0, edgeFlags=0x0, pointerCount=1, historySize=3, eventTime=249135, downTime=249102, deviceId=0, source=0x1002 }
D/InputEventConsistencyVerifier(  413):   3: sent at 249103000000, MotionEvent { action=ACTION_DOWN, id[0]=0, x[0]=112.0, y[0]=795.0, toolType[0]=TOOL_TYPE_UNKNOWN, buttonState=0, metaState=0, flags=0x0, edgeFlags=0x0, pointerCount=1, historySize=0, eventTime=249103, downTime=249102, deviceId=0, source=0x1002 }
D/InputEventConsistencyVerifier(  413):   4: sent at 249094000000, (unhandled) KeyEvent { action=ACTION_UP, keyCode=KEYCODE_DPAD_UP, scanCode=0, metaState=0, flags=0x80000008, repeatCount=0, eventTime=249094, downTime=249094, deviceId=-1, source=0x101 }
D/InputEventConsistencyVerifier(  413):   5: sent at 249077000000, MotionEvent { action=ACTION_UP, id[0]=0, x[0]=446.0, y[0]=686.0, toolType[0]=TOOL_TYPE_UNKNOWN, buttonState=0, metaState=0, flags=0x0, edgeFlags=0x0, pointerCount=1, historySize=0, eventTime=249077, downTime=248977, deviceId=0, source=0x1002 }
W/dalvikvm(  413): DroidBox: { "FdAccess": { "path": "2f70726f632f6d656d696e666f", "id": "1422467760" } }
W/DroidBox(  413): DroidBox: { "FileRW": { "operation": "read", "data": "4d656d546f74616c3a202020202020202020373438393634206b420a4d656d467265653a20202020202020202020343332303736206b420a427566666572733a20202020202020202020202035353536206b420a4361636865643a202020202020202020", "id": "1422467760" } }
W/dalvikvm(  413): DroidBox: { "FdAccess": { "path": "2f70726f632f6d656d696e666f", "id": "1676262985" } }
W/DroidBox(  413): DroidBox: { "FileRW": { "operation": "read", "data": "4d656d546f74616c3a202020202020202020373438393634206b420a4d656d467265653a20202020202020202020343332303736206b420a427566666572733a20202020202020202020202035353536206b420a4361636865643a202020202020202020", "id": "1676262985" } }
D/InputEventConsistencyVerifier(  413): KeyEvent: ACTION_UP but key was not down.
D/InputEventConsistencyVerifier(  413):   in com.android.systemui.statusbar.phone.StatusBarWindowView@b3dc3300
D/InputEventConsistencyVerifier(  413):   0: sent at 249458000000, KeyEvent { action=ACTION_UP, keyCode=KEYCODE_DPAD_CENTER, scanCode=0, metaState=0, flags=0x8, repeatCount=0, eventTime=249458, downTime=249458, deviceId=-1, source=0x101 }
D/InputEventConsistencyVerifier(  413):   -- recent events --
D/InputEventConsistencyVerifier(  413):   1: sent at 249395000000, MotionEvent { action=ACTION_UP, id[0]=0, x[0]=186.0, y[0]=703.0, toolType[0]=TOOL_TYPE_UNKNOWN, buttonState=0, metaState=0, flags=0x0, edgeFlags=0x0, pointerCount=1, historySize=0, eventTime=249395, downTime=249255, deviceId=0, source=0x1002 }
D/InputEventConsistencyVerifier(  413):   2: sent at 249392000000, MotionEvent { action=ACTION_MOVE, id[0]=0, x[0]=184.0, y[0]=695.0, toolType[0]=TOOL_TYPE_UNKNOWN, buttonState=0, metaState=0, flags=0x0, edgeFlags=0x0, pointerCount=1, historySize=5, eventTime=249392, downTime=249255, deviceId=0, source=0x1002 }
D/InputEventConsistencyVerifier(  413):   3: sent at 249287000000, MotionEvent { action=ACTION_MOVE, id[0]=0, x[0]=132.0, y[0]=658.5, toolType[0]=TOOL_TYPE_UNKNOWN, buttonState=0, metaState=0, flags=0x0, edgeFlags=0x0, pointerCount=1, historySize=2, eventTime=249287, downTime=249255, deviceId=0, source=0x1002 }
D/InputEventConsistencyVerifier(  413):   4: sent at 249258000000, MotionEvent { action=ACTION_DOWN, id[0]=0, x[0]=126.0, y[0]=643.0, toolType[0]=TOOL_TYPE_UNKNOWN, buttonState=0, metaState=0, flags=0x0, edgeFlags=0x0, pointerCount=1, historySize=0, eventTime=249258, downTime=249255, deviceId=0, source=0x1002 }
D/InputEventConsistencyVerifier(  413):   5: sent at 249241000000, (unhandled) KeyEvent { action=ACTION_UP, keyCode=KEYCODE_DPAD_CENTER, scanCode=0, metaState=0, flags=0x80000008, repeatCount=0, eventTime=249241, downTime=249241, deviceId=-1, source=0x101 }
W/dalvikvm(  413): DroidBox: { "FdAccess": { "path": "2f70726f632f6d656d696e666f", "id": "712589790" } }
W/DroidBox(  413): DroidBox: { "FileRW": { "operation": "read", "data": "4d656d546f74616c3a202020202020202020373438393634206b420a4d656d467265653a20202020202020202020343332303736206b420a427566666572733a20202020202020202020202035353536206b420a4361636865643a202020202020202020", "id": "712589790" } }
D/InputEventConsistencyVerifier(  413): TouchEvent: ACTION_DOWN but pointers are already down.  Probably missing ACTION_UP from previous gesture.
D/InputEventConsistencyVerifier(  413):   in android.view.ScaleGestureDetector@b3e62e58
D/InputEventConsistencyVerifier(  413):   0: sent at 249801000000, MotionEvent { action=ACTION_DOWN, id[0]=0, x[0]=463.0, y[0]=438.0, toolType[0]=TOOL_TYPE_UNKNOWN, buttonState=0, metaState=0, flags=0x0, edgeFlags=0x0, pointerCount=1, historySize=0, eventTime=249801, downTime=249799, deviceId=0, source=0x1002 }
D/InputEventConsistencyVerifier(  413):   -- recent events --
D/InputEventConsistencyVerifier(  413):   1: sent at 249287000000, MotionEvent { action=ACTION_MOVE, id[0]=0, x[0]=132.0, y[0]=658.5, toolType[0]=TOOL_TYPE_UNKNOWN, buttonState=0, metaState=0, flags=0x0, edgeFlags=0x0, pointerCount=1, historySize=2, eventTime=249287, downTime=249255, deviceId=0, source=0x1002 }
D/InputEventConsistencyVerifier(  413):   2: sent at 249258000000, MotionEvent { action=ACTION_DOWN, id[0]=0, x[0]=126.0, y[0]=643.0, toolType[0]=TOOL_TYPE_UNKNOWN, buttonState=0, metaState=0, flags=0x0, edgeFlags=0x0, pointerCount=1, historySize=0, eventTime=249258, downTime=249255, deviceId=0, source=0x1002 }
D/InputEventConsistencyVerifier(  413):   3: sent at 249139000000, MotionEvent { action=ACTION_UP, id[0]=0, x[0]=102.0, y[0]=763.0, toolType[0]=TOOL_TYPE_UNKNOWN, buttonState=0, metaState=0, flags=0x0, edgeFlags=0x0, pointerCount=1, historySize=0, eventTime=249139, downTime=249102, deviceId=0, source=0x1002 }
D/InputEventConsistencyVerifier(  413):   4: sent at 249135000000, MotionEvent { action=ACTION_MOVE, id[0]=0, x[0]=109.0, y[0]=768.0, toolType[0]=TOOL_TYPE_UNKNOWN, buttonState=0, metaState=0, flags=0x0, edgeFlags=0x0, pointerCount=1, historySize=3, eventTime=249135, downTime=249102, deviceId=0, source=0x1002 }
D/InputEventConsistencyVerifier(  413):   5: sent at 249103000000, MotionEvent { action=ACTION_DOWN, id[0]=0, x[0]=112.0, y[0]=795.0, toolType[0]=TOOL_TYPE_UNKNOWN, buttonState=0, metaState=0, flags=0x80000000, edgeFlags=0x0, pointerCount=1, historySize=0, eventTime=249103, downTime=249102, deviceId=0, source=0x1002 }
I/ActivityManager(  221): START {act=android.intent.action.CALL_BUTTON flg=0x10000000 cmp=com.android.contacts/.activities.DialtactsActivity u=0} from pid 413
D/InputEventConsistencyVerifier(  413): KeyEvent: ACTION_UP but key was not down.
D/InputEventConsistencyVerifier(  413):   in com.android.systemui.statusbar.phone.StatusBarWindowView@b3dc3300
D/InputEventConsistencyVerifier(  413):   0: sent at 249987000000, KeyEvent { action=ACTION_UP, keyCode=KEYCODE_DPAD_DOWN, scanCode=0, metaState=0, flags=0x400, repeatCount=0, eventTime=249987, downTime=249987, deviceId=-1, source=0x101 }
D/InputEventConsistencyVerifier(  413):   -- recent events --
D/InputEventConsistencyVerifier(  413):   1: sent at 249952000000, (unhandled) MotionEvent { action=ACTION_MOVE, id[0]=0, x[0]=2.0, y[0]=3.0, toolType[0]=TOOL_TYPE_UNKNOWN, buttonState=0, metaState=0, flags=0x0, edgeFlags=0x0, pointerCount=1, historySize=0, eventTime=249952, downTime=-1, deviceId=0, source=0x10004 }
D/InputEventConsistencyVerifier(  413):   2: sent at 249906000000, (unhandled) KeyEvent { action=ACTION_UP, keyCode=KEYCODE_CALL, scanCode=0, metaState=0, flags=0x8, repeatCount=0, eventTime=249906, downTime=249906, deviceId=-1, source=0x101 }
D/InputEventConsistencyVerifier(  413):   3: sent at 249876000000, (unhandled) KeyEvent { action=ACTION_DOWN, keyCode=KEYCODE_CALL, scanCode=0, metaState=0, flags=0x8, repeatCount=0, eventTime=249876, downTime=249876, deviceId=-1, source=0x101 }
D/InputEventConsistencyVerifier(  413):   4: sent at 249858000000, MotionEvent { action=ACTION_UP, id[0]=0, x[0]=401.0, y[0]=496.5, toolType[0]=TOOL_TYPE_UNKNOWN, buttonState=0, metaState=0, flags=0x0, edgeFlags=0x0, pointerCount=1, historySize=0, eventTime=249858, downTime=249799, deviceId=0, source=0x1002 }
D/InputEventConsistencyVerifier(  413):   5: sent at 249856500000, MotionEvent { action=ACTION_MOVE, id[0]=0, x[0]=401.0, y[0]=496.5, toolType[0]=TOOL_TYPE_UNKNOWN, buttonState=0, metaState=0, flags=0x0, edgeFlags=0x0, pointerCount=1, historySize=7, eventTime=249856, downTime=249799, deviceId=0, source=0x1002 }
D/InputEventConsistencyVerifier(  413): KeyEvent: ACTION_UP but key was not down.
D/InputEventConsistencyVerifier(  413):   in android.widget.FrameLayout@b3de2e50
D/InputEventConsistencyVerifier(  413):   0: sent at 249987000000, KeyEvent { action=ACTION_UP, keyCode=KEYCODE_DPAD_DOWN, scanCode=0, metaState=0, flags=0x400, repeatCount=0, eventTime=249987, downTime=249987, deviceId=-1, source=0x101 }
D/InputEventConsistencyVerifier(  413):   -- recent events --
D/InputEventConsistencyVerifier(  413):   1: sent at 249858000000, MotionEvent { action=ACTION_UP, id[0]=0, x[0]=401.0, y[0]=496.5, toolType[0]=TOOL_TYPE_UNKNOWN, buttonState=0, metaState=0, flags=0x0, edgeFlags=0x0, pointerCount=1, historySize=0, eventTime=249858, downTime=249799, deviceId=0, source=0x1002 }
D/InputEventConsistencyVerifier(  413):   2: sent at 249856500000, MotionEvent { action=ACTION_MOVE, id[0]=0, x[0]=401.0, y[0]=496.5, toolType[0]=TOOL_TYPE_UNKNOWN, buttonState=0, metaState=0, flags=0x0, edgeFlags=0x0, pointerCount=1, historySize=7, eventTime=249856, downTime=249799, deviceId=0, source=0x1002 }
D/InputEventConsistencyVerifier(  413):   3: sent at 249801000000, MotionEvent { action=ACTION_DOWN, id[0]=0, x[0]=463.0, y[0]=438.0, toolType[0]=TOOL_TYPE_UNKNOWN, buttonState=0, metaState=0, flags=0x80000000, edgeFlags=0x0, pointerCount=1, historySize=0, eventTime=249801, downTime=249799, deviceId=0, source=0x1002 }
D/InputEventConsistencyVerifier(  413):   4: sent at 249395000000, MotionEvent { action=ACTION_UP, id[0]=0, x[0]=186.0, y[0]=703.0, toolType[0]=TOOL_TYPE_UNKNOWN, buttonState=0, metaState=0, flags=0x0, edgeFlags=0x0, pointerCount=1, historySize=0, eventTime=249395, downTime=249255, deviceId=0, source=0x1002 }
D/InputEventConsistencyVerifier(  413):   5: sent at 249392000000, MotionEvent { action=ACTION_MOVE, id[0]=0, x[0]=184.0, y[0]=695.0, toolType[0]=TOOL_TYPE_UNKNOWN, buttonState=0, metaState=0, flags=0x0, edgeFlags=0x0, pointerCount=1, historySize=5, eventTime=249392, downTime=249255, deviceId=0, source=0x1002 }
W/dalvikvm(  413): DroidBox: { "FdAccess": { "path": "2f70726f632f6d656d696e666f", "id": "149684563" } }
W/DroidBox(  413): DroidBox: { "FileRW": { "operation": "read", "data": "4d656d546f74616c3a202020202020202020373438393634206b420a4d656d467265653a20202020202020202020343331383238206b420a427566666572733a20202020202020202020202035353536206b420a4361636865643a202020202020202020", "id": "149684563" } }
D/InputEventConsistencyVerifier(  413): KeyEvent: ACTION_UP but key was not down.
D/InputEventConsistencyVerifier(  413):   in com.android.systemui.statusbar.phone.PhoneStatusBarView@b3dc5298
D/InputEventConsistencyVerifier(  413):   0: sent at 250138000000, KeyEvent { action=ACTION_UP, keyCode=KEYCODE_DPAD_UP, scanCode=0, metaState=0, flags=0x8, repeatCount=0, eventTime=250138, downTime=250138, deviceId=-1, source=0x101 }
D/InputEventConsistencyVerifier(  413):   -- recent events --
D/InputEventConsistencyVerifier(  413):   1: sent at 249987000000, (unhandled) KeyEvent { action=ACTION_DOWN, keyCode=KEYCODE_DPAD_DOWN, scanCode=0, metaState=0, flags=0x400, repeatCount=0, eventTime=249987, downTime=249987, deviceId=-1, source=0x101 }
D/InputEventConsistencyVerifier(  413):   2: sent at 249987000000, (unhandled) KeyEvent { action=ACTION_UP, keyCode=KEYCODE_DPAD_DOWN, scanCode=0, metaState=0, flags=0x80000400, repeatCount=0, eventTime=249987, downTime=249987, deviceId=-1, source=0x101 }
D/InputEventConsistencyVerifier(  413):   3: sent at 249778000000, (unhandled) KeyEvent { action=ACTION_UP, keyCode=KEYCODE_DPAD_RIGHT, scanCode=0, metaState=0, flags=0x8, repeatCount=0, eventTime=249778, downTime=249778, deviceId=-1, source=0x101 }
D/InputEventConsistencyVerifier(  413):   4: sent at 249635000000, (unhandled) KeyEvent { action=ACTION_DOWN, keyCode=KEYCODE_DPAD_RIGHT, scanCode=0, metaState=0, flags=0x8, repeatCount=0, eventTime=249635, downTime=249635, deviceId=-1, source=0x101 }
D/InputEventConsistencyVerifier(  413):   5: sent at 249700000000, (unhandled) KeyEvent { action=ACTION_UP, keyCode=KEYCODE_DPAD_UP, scanCode=0, metaState=0, flags=0x400, repeatCount=0, eventTime=249700, downTime=249700, deviceId=-1, source=0x101 }
W/dalvikvm(  413): DroidBox: { "FdAccess": { "path": "2f70726f632f6d656d696e666f", "id": "559271398" } }
W/DroidBox(  413): DroidBox: { "FileRW": { "operation": "read", "data": "4d656d546f74616c3a202020202020202020373438393634206b420a4d656d467265653a20202020202020202020343331383238206b420a427566666572733a20202020202020202020202035353536206b420a4361636865643a202020202020202020", "id": "559271398" } }
D/InputEventConsistencyVerifier(  413): TouchEvent: ACTION_DOWN but pointers are already down.  Probably missing ACTION_UP from previous gesture.
D/InputEventConsistencyVerifier(  413):   in android.view.ScaleGestureDetector@b3e62e58
D/InputEventConsistencyVerifier(  413):   0: sent at 250257000000, MotionEvent { action=ACTION_DOWN, id[0]=0, x[0]=217.0, y[0]=713.0, toolType[0]=TOOL_TYPE_UNKNOWN, buttonState=0, metaState=0, flags=0x0, edgeFlags=0x0, pointerCount=1, historySize=0, eventTime=250257, downTime=250257, deviceId=0, source=0x1002 }
D/InputEventConsistencyVerifier(  413):   -- recent events --
D/InputEventConsistencyVerifier(  413):   1: sent at 249856500000, MotionEvent { action=ACTION_MOVE, id[0]=0, x[0]=401.0, y[0]=496.5, toolType[0]=TOOL_TYPE_UNKNOWN, buttonState=0, metaState=0, flags=0x0, edgeFlags=0x0, pointerCount=1, historySize=7, eventTime=249856, downTime=249799, deviceId=0, source=0x1002 }
D/InputEventConsistencyVerifier(  413):   2: sent at 249801000000, MotionEvent { action=ACTION_DOWN, id[0]=0, x[0]=463.0, y[0]=438.0, toolType[0]=TOOL_TYPE_UNKNOWN, buttonState=0, metaState=0, flags=0x80000000, edgeFlags=0x0, pointerCount=1, historySize=0, eventTime=249801, downTime=249799, deviceId=0, source=0x1002 }
D/InputEventConsistencyVerifier(  413):   3: sent at 249287000000, MotionEvent { action=ACTION_MOVE, id[0]=0, x[0]=132.0, y[0]=658.5, toolType[0]=TOOL_TYPE_UNKNOWN, buttonState=0, metaState=0, flags=0x0, edgeFlags=0x0, pointerCount=1, historySize=2, eventTime=249287, downTime=249255, deviceId=0, source=0x1002 }
D/InputEventConsistencyVerifier(  413):   4: sent at 249258000000, MotionEvent { action=ACTION_DOWN, id[0]=0, x[0]=126.0, y[0]=643.0, toolType[0]=TOOL_TYPE_UNKNOWN, buttonState=0, metaState=0, flags=0x0, edgeFlags=0x0, pointerCount=1, historySize=0, eventTime=249258, downTime=249255, deviceId=0, source=0x1002 }
D/InputEventConsistencyVerifier(  413):   5: sent at 249139000000, MotionEvent { action=ACTION_UP, id[0]=0, x[0]=102.0, y[0]=763.0, toolType[0]=TOOL_TYPE_UNKNOWN, buttonState=0, metaState=0, flags=0x0, edgeFlags=0x0, pointerCount=1, historySize=0, eventTime=249139, downTime=249102, deviceId=0, source=0x1002 }
W/dalvikvm(  413): DroidBox: { "FdAccess": { "path": "2f70726f632f6d656d696e666f", "id": "2103630930" } }
W/DroidBox(  413): DroidBox: { "FileRW": { "operation": "read", "data": "4d656d546f74616c3a202020202020202020373438393634206b420a4d656d467265653a20202020202020202020343331383238206b420a427566666572733a20202020202020202020202035353536206b420a4361636865643a202020202020202020", "id": "2103630930" } }
D/InputEventConsistencyVerifier(  413): KeyEvent: ACTION_UP but key was not down.
D/InputEventConsistencyVerifier(  413):   in android.widget.FrameLayout@b3de2e50
D/InputEventConsistencyVerifier(  413):   0: sent at 250344000000, KeyEvent { action=ACTION_UP, keyCode=KEYCODE_DPAD_DOWN, scanCode=0, metaState=0, flags=0x400, repeatCount=0, eventTime=250344, downTime=250344, deviceId=-1, source=0x101 }
D/InputEventConsistencyVerifier(  413):   -- recent events --
D/InputEventConsistencyVerifier(  413):   1: sent at 250134000000, (unhandled) KeyEvent { action=ACTION_DOWN, keyCode=KEYCODE_DPAD_UP, scanCode=0, metaState=0, flags=0x8, repeatCount=0, eventTime=250134, downTime=250134, deviceId=-1, source=0x101 }
D/InputEventConsistencyVerifier(  413):   2: sent at 250126000000, (unhandled) KeyEvent { action=ACTION_UP, keyCode=KEYCODE_MENU, scanCode=0, metaState=0, flags=0x8, repeatCount=0, eventTime=250126, downTime=250126, deviceId=-1, source=0x101 }
D/InputEventConsistencyVerifier(  413):   3: sent at 250073000000, (unhandled) KeyEvent { action=ACTION_DOWN, keyCode=KEYCODE_MENU, scanCode=0, metaState=0, flags=0x8, repeatCount=0, eventTime=250073, downTime=250073, deviceId=-1, source=0x101 }
D/InputEventConsistencyVerifier(  413):   4: sent at 250093000000, (unhandled) KeyEvent { action=ACTION_UP, keyCode=KEYCODE_DPAD_RIGHT, scanCode=0, metaState=0, flags=0x400, repeatCount=0, eventTime=250093, downTime=250093, deviceId=-1, source=0x101 }
D/InputEventConsistencyVerifier(  413):   5: sent at 250093000000, (unhandled) KeyEvent { action=ACTION_DOWN, keyCode=KEYCODE_DPAD_RIGHT, scanCode=0, metaState=0, flags=0x400, repeatCount=0, eventTime=250093, downTime=250093, deviceId=-1, source=0x101 }
D/InputEventConsistencyVerifier( 1003): KeyEvent: ACTION_UP but key was not down.
D/InputEventConsistencyVerifier( 1003):   in android.view.ViewRootImpl@b42be630
D/InputEventConsistencyVerifier( 1003):   0: sent at 250405000000, KeyEvent { action=ACTION_UP, keyCode=KEYCODE_MENU, scanCode=0, metaState=0, flags=0x8, repeatCount=0, eventTime=250405, downTime=250405, deviceId=-1, source=0x101 }
D/InputEventConsistencyVerifier( 1003):   -- recent events --
D/InputEventConsistencyVerifier( 1003):   1: sent at 245672000000, KeyEvent { action=ACTION_UP, keyCode=KEYCODE_DPAD_DOWN, scanCode=0, metaState=0, flags=0x400, repeatCount=0, eventTime=245672, downTime=245672, deviceId=-1, source=0x101 }
D/InputEventConsistencyVerifier( 1003):   2: sent at 245672000000, KeyEvent { action=ACTION_DOWN, keyCode=KEYCODE_DPAD_DOWN, scanCode=0, metaState=0, flags=0x400, repeatCount=0, eventTime=245672, downTime=245672, deviceId=-1, source=0x101 }
D/InputEventConsistencyVerifier( 1003):   3: sent at 245671000000, KeyEvent { action=ACTION_UP, keyCode=KEYCODE_DPAD_DOWN, scanCode=0, metaState=0, flags=0x400, repeatCount=0, eventTime=245671, downTime=245671, deviceId=-1, source=0x101 }
D/InputEventConsistencyVerifier( 1003):   4: sent at 245671000000, KeyEvent { action=ACTION_DOWN, keyCode=KEYCODE_DPAD_DOWN, scanCode=0, metaState=0, flags=0x400, repeatCount=0, eventTime=245671, downTime=245671, deviceId=-1, source=0x101 }
D/InputEventConsistencyVerifier( 1003):   5: sent at 245652000000, KeyEvent { action=ACTION_UP, keyCode=KEYCODE_DPAD_LEFT, scanCode=0, metaState=0, flags=0x400, repeatCount=0, eventTime=245652, downTime=245652, deviceId=-1, source=0x101 }
I/Choreographer(  413): Skipped 57 frames!  The application may be doing too much work on its main thread.
V/PhoneStatusBar(  413): setLightsOn(true)
D/PhoneStatusBar(  413): disable: < expand icons alerts ticker* system_info back home recent clock >
W/InputMethodManagerService(  221): Window already focused, ignoring focus gain of: com.android.internal.view.IInputMethodClient$Stub$Proxy@b3f04c10 attribute=android.view.inputmethod.EditorInfo@b3f04c28
I/Choreographer( 1003): Skipped 69 frames!  The application may be doing too much work on its main thread.
I/Choreographer( 1003): Skipped 30 frames!  The application may be doing too much work on its main thread.
D/InputEventConsistencyVerifier( 1003): KeyEvent: ACTION_UP but key was not down.
D/InputEventConsistencyVerifier( 1003):   in com.android.internal.policy.impl.PhoneWindow$DecorView@b3ec6340
D/InputEventConsistencyVerifier( 1003):   0: sent at 250800000000, KeyEvent { action=ACTION_UP, keyCode=KEYCODE_DPAD_UP, scanCode=0, metaState=0, flags=0x400, repeatCount=0, eventTime=250800, downTime=250800, deviceId=-1, source=0x101 }
D/InputEventConsistencyVerifier( 1003):   -- recent events --
D/InputEventConsistencyVerifier( 1003):   1: sent at 250713000000, (unhandled) MotionEvent { action=ACTION_MOVE, id[0]=0, x[0]=3.0, y[0]=-4.0, toolType[0]=TOOL_TYPE_UNKNOWN, buttonState=0, metaState=0, flags=0x0, edgeFlags=0x0, pointerCount=1, historySize=9, eventTime=250713, downTime=-1, deviceId=0, source=0x10004 }
D/InputEventConsistencyVerifier( 1003):   2: sent at 250724000000, (unhandled) MotionEvent { action=ACTION_UP, id[0]=0, x[0]=82.0, y[0]=56.000008, toolType[0]=TOOL_TYPE_UNKNOWN, buttonState=0, metaState=0, flags=0x0, edgeFlags=0x0, pointerCount=1, historySize=0, eventTime=250724, downTime=250718, deviceId=0, source=0x1002 }
D/InputEventConsistencyVerifier( 1003):   3: sent at 250718000000, (unhandled) MotionEvent { action=ACTION_DOWN, id[0]=0, x[0]=83.333336, y[0]=56.666664, toolType[0]=TOOL_TYPE_UNKNOWN, buttonState=0, metaState=0, flags=0x0, edgeFlags=0x0, pointerCount=1, historySize=0, eventTime=250718, downTime=250718, deviceId=0, source=0x1002 }
D/InputEventConsistencyVerifier( 1003):   4: sent at 250630000000, MotionEvent { action=ACTION_UP, id[0]=0, x[0]=38.666668, y[0]=103.333336, toolType[0]=TOOL_TYPE_UNKNOWN, buttonState=0, metaState=0, flags=0x0, edgeFlags=0x0, pointerCount=1, historySize=0, eventTime=250630, downTime=250624, deviceId=0, source=0x1002 }
D/InputEventConsistencyVerifier( 1003):   5: sent at 250625000000, MotionEvent { action=ACTION_DOWN, id[0]=0, x[0]=36.0, y[0]=102.666664, toolType[0]=TOOL_TYPE_UNKNOWN, buttonState=0, metaState=0, flags=0x0, edgeFlags=0x0, pointerCount=1, historySize=0, eventTime=250625, downTime=250624, deviceId=0, source=0x1002 }
D/InputEventConsistencyVerifier( 1003): KeyEvent: ACTION_UP but key was not down.
D/InputEventConsistencyVerifier( 1003):   in android.widget.LinearLayout@b3ed2ab8
D/InputEventConsistencyVerifier( 1003):   0: sent at 251354000000, KeyEvent { action=ACTION_UP, keyCode=KEYCODE_DPAD_DOWN, scanCode=0, metaState=0, flags=0x400, repeatCount=0, eventTime=251354, downTime=251354, deviceId=-1, source=0x101 }
D/InputEventConsistencyVerifier( 1003):   -- recent events --
D/InputEventConsistencyVerifier( 1003):   1: sent at 250479000000, (unhandled) MotionEvent { action=ACTION_DOWN, id[0]=0, x[0]=244.0, y[0]=14.0, toolType[0]=TOOL_TYPE_UNKNOWN, buttonState=0, metaState=0, flags=0x0, edgeFlags=0x0, pointerCount=1, historySize=0, eventTime=250479, downTime=250473, deviceId=0, source=0x1002 }
D/InputEventConsistencyVerifier( 1003):   2: sent at 250405000000, (unhandled) KeyEvent { action=ACTION_UP, keyCode=KEYCODE_MENU, scanCode=0, metaState=0, flags=0x80000008, repeatCount=0, eventTime=250405, downTime=250405, deviceId=-1, source=0x101 }
D/InputEventConsistencyVerifier( 1003):   3: sent at 245672000000, (unhandled) KeyEvent { action=ACTION_UP, keyCode=KEYCODE_DPAD_DOWN, scanCode=0, metaState=0, flags=0x80000400, repeatCount=0, eventTime=245672, downTime=245672, deviceId=-1, source=0x101 }
D/InputEventConsistencyVerifier( 1003):   4: sent at 243695000000, (unhandled) KeyEvent { action=ACTION_UP, keyCode=KEYCODE_MENU, scanCode=0, metaState=0, flags=0x8, repeatCount=0, eventTime=243695, downTime=243695, deviceId=-1, source=0x101 }
D/InputEventConsistencyVerifier( 1003):   5: sent at 243523000000, (unhandled) KeyEvent { action=ACTION_DOWN, keyCode=KEYCODE_MENU, scanCode=0, metaState=0, flags=0x8, repeatCount=0, eventTime=243523, downTime=243523, deviceId=-1, source=0x101 }
D/InputEventConsistencyVerifier( 1003): KeyEvent: ACTION_UP but key was not down.
D/InputEventConsistencyVerifier( 1003):   in com.android.internal.policy.impl.PhoneWindow$DecorView@b3ec6340
D/InputEventConsistencyVerifier( 1003):   0: sent at 252247000000, KeyEvent { action=ACTION_UP, keyCode=KEYCODE_DPAD_LEFT, scanCode=0, metaState=0, flags=0x8, repeatCount=0, eventTime=252247, downTime=252247, deviceId=-1, source=0x101 }
D/InputEventConsistencyVerifier( 1003):   -- recent events --
D/InputEventConsistencyVerifier( 1003):   1: sent at 252206000000, (unhandled) MotionEvent { action=ACTION_UP, id[0]=0, x[0]=64.0, y[0]=-56.0, toolType[0]=TOOL_TYPE_UNKNOWN, buttonState=0, metaState=0, flags=0x0, edgeFlags=0x0, pointerCount=1, historySize=0, eventTime=252206, downTime=252145, deviceId=0, source=0x1002 }
D/InputEventConsistencyVerifier( 1003):   2: sent at 252146000000, (unhandled) MotionEvent { action=ACTION_DOWN, id[0]=0, x[0]=72.0, y[0]=-52.0, toolType[0]=TOOL_TYPE_UNKNOWN, buttonState=0, metaState=0, flags=0x0, edgeFlags=0x0, pointerCount=1, historySize=0, eventTime=252146, downTime=252145, deviceId=0, source=0x1002 }
D/InputEventConsistencyVerifier( 1003):   3: sent at 251366000000, (unhandled) KeyEvent { action=ACTION_UP, keyCode=KEYCODE_MENU, scanCode=0, metaState=0, flags=0x8, repeatCount=0, eventTime=251366, downTime=251366, deviceId=-1, source=0x101 }
D/InputEventConsistencyVerifier( 1003):   4: sent at 250870000000, (unhandled) KeyEvent { action=ACTION_DOWN, keyCode=KEYCODE_MENU, scanCode=0, metaState=0, flags=0x8, repeatCount=0, eventTime=250870, downTime=250870, deviceId=-1, source=0x101 }
D/InputEventConsistencyVerifier( 1003):   5: sent at 251355000000, (unhandled) KeyEvent { action=ACTION_UP, keyCode=KEYCODE_DPAD_DOWN, scanCode=0, metaState=0, flags=0x400, repeatCount=0, eventTime=251355, downTime=251355, deviceId=-1, source=0x101 }
D/PhoneStatusBar(  413): disable: < EXPAND* icons alerts ticker system_info back home recent clock >
D/InputEventConsistencyVerifier(  221): KeyEvent: ACTION_UP but key was not down.
D/InputEventConsistencyVerifier(  221):   in android.view.ViewRootImpl@b40598f0
D/InputEventConsistencyVerifier(  221):   0: sent at 252763000000, KeyEvent { action=ACTION_UP, keyCode=KEYCODE_DPAD_UP, scanCode=0, metaState=0, flags=0x8, repeatCount=0, eventTime=252763, downTime=252763, deviceId=-1, source=0x101 }
I/Choreographer( 1003): Skipped 35 frames!  The application may be doing too much work on its main thread.
W/WindowManager(  221): Failure taking screenshot for (246x410) to layer 21015
D/PhoneStatusBar(  413): disable: < expand* icons alerts ticker system_info back home recent clock >
I/Choreographer(  221): Skipped 54 frames!  The application may be doing too much work on its main thread.
V/Yaniv   ( 1003): OnPause
W/dalvikvm( 1003): DroidBox: { "FdAccess": { "path": "2f646174612f646174612f636f6d2e67702e6765656b61646f6f2f66696c65732f79616e69765361766546696c65", "id": "1908158110" } }
W/DroidBox( 1003): DroidBox: { "FileRW": { "operation": "write", "data": "efbfbdefbfbd", "id": "1908158110" } }
W/dalvikvm( 1003): DroidBox: { "FdAccess": { "path": "2f646174612f646174612f636f6d2e67702e6765656b61646f6f2f66696c65732f79616e69765361766546696c65", "id": "432755788" } }
W/DroidBox( 1003): DroidBox: { "FileRW": { "operation": "write", "data": "0005", "id": "432755788" } }
W/dalvikvm( 1003): DroidBox: { "FdAccess": { "path": "2f646174612f646174612f636f6d2e67702e6765656b61646f6f2f66696c65732f79616e69765361766546696c65", "id": "1660178232" } }
W/DroidBox( 1003): DroidBox: { "FileRW": { "operation": "write", "data": "73", "id": "1660178232" } }
W/dalvikvm( 1003): DroidBox: { "FdAccess": { "path": "2f646174612f646174612f636f6d2e67702e6765656b61646f6f2f66696c65732f79616e69765361766546696c65", "id": "1656084607" } }
W/DroidBox( 1003): DroidBox: { "FileRW": { "operation": "write", "data": "72", "id": "1656084607" } }
W/dalvikvm( 1003): DroidBox: { "FdAccess": { "path": "2f646174612f646174612f636f6d2e67702e6765656b61646f6f2f66696c65732f79616e69765361766546696c65", "id": "293595829" } }
W/DroidBox( 1003): DroidBox: { "FileRW": { "operation": "write", "data": "001e636f6d2e67702e6765656b61646f6f2e6c6f6769632e47616d6544617461", "id": "293595829" } }
W/dalvikvm( 1003): DroidBox: { "FdAccess": { "path": "2f646174612f646174612f636f6d2e67702e6765656b61646f6f2f66696c65732f79616e69765361766546696c65", "id": "870759159" } }
W/DroidBox( 1003): DroidBox: { "FileRW": { "operation": "write", "data": "efbfbdefbfbdefbfbd7defbfbdefbfbd6b", "id": "870759159" } }
W/dalvikvm( 1003): DroidBox: { "FdAccess": { "path": "2f646174612f646174612f636f6d2e67702e6765656b61646f6f2f66696c65732f79616e69765361766546696c65", "id": "1927570978" } }
W/DroidBox( 1003): DroidBox: { "FileRW": { "operation": "write", "data": "02", "id": "1927570978" } }
W/dalvikvm( 1003): DroidBox: { "FdAccess": { "path": "2f646174612f646174612f636f6d2e67702e6765656b61646f6f2f66696c65732f79616e69765361766546696c65", "id": "209850517" } }
W/DroidBox( 1003): DroidBox: { "FileRW": { "operation": "write", "data": "000c", "id": "209850517" } }
W/dalvikvm( 1003): DroidBox: { "FdAccess": { "path": "2f646174612f646174612f636f6d2e67702e6765656b61646f6f2f66696c65732f79616e69765361766546696c65", "id": "995619475" } }
W/DroidBox( 1003): DroidBox: { "FileRW": { "operation": "write", "data": "49", "id": "995619475" } }
W/ActivityManager(  221): Activity pause timeout for ActivityRecord{b3e169b8 com.gp.geekadoo/.ui.Yaniv}
W/dalvikvm( 1003): DroidBox: { "FdAccess": { "path": "2f646174612f646174612f636f6d2e67702e6765656b61646f6f2f66696c65732f79616e69765361766546696c65", "id": "365626701" } }
I/Choreographer(  221): Skipped 106 frames!  The application may be doing too much work on its main thread.
V/PhoneStatusBar(  413): setLightsOn(true)
W/DroidBox( 1003): DroidBox: { "FileRW": { "operation": "write", "data": "001163757272656e7447616d654e756d626572", "id": "365626701" } }
W/dalvikvm( 1003): DroidBox: { "FdAccess": { "path": "2f646174612f646174612f636f6d2e67702e6765656b61646f6f2f66696c65732f79616e69765361766546696c65", "id": "139063168" } }
W/DroidBox( 1003): DroidBox: { "FileRW": { "operation": "write", "data": "5a", "id": "139063168" } }
W/dalvikvm( 1003): DroidBox: { "FdAccess": { "path": "2f646174612f646174612f636f6d2e67702e6765656b61646f6f2f66696c65732f79616e69765361766546696c65", "id": "95523727" } }
W/DroidBox( 1003): DroidBox: { "FileRW": { "operation": "write", "data": "001c64697361626c654f70706f6e656e747359616e69764162696c697479", "id": "95523727" } }
I/Choreographer(  221): Skipped 31 frames!  The application may be doing too much work on its main thread.
W/dalvikvm( 1003): DroidBox: { "FdAccess": { "path": "2f646174612f646174612f636f6d2e67702e6765656b61646f6f2f66696c65732f79616e69765361766546696c65", "id": "838375020" } }
W/DroidBox( 1003): DroidBox: { "FileRW": { "operation": "write", "data": "5a", "id": "838375020" } }
W/dalvikvm( 1003): DroidBox: { "FdAccess": { "path": "2f646174612f646174612f636f6d2e67702e6765656b61646f6f2f66696c65732f79616e69765361766546696c65", "id": "52462645" } }
W/DroidBox( 1003): DroidBox: { "FileRW": { "operation": "write", "data": "000966697273744465616c", "id": "52462645" } }
W/dalvikvm( 1003): DroidBox: { "FdAccess": { "path": "2f646174612f646174612f636f6d2e67702e6765656b61646f6f2f66696c65732f79616e69765361766546696c65", "id": "2091376478" } }
W/DroidBox( 1003): DroidBox: { "FileRW": { "operation": "write", "data": "4c", "id": "2091376478" } }
W/dalvikvm( 1003): DroidBox: { "FdAccess": { "path": "2f646174612f646174612f636f6d2e67702e6765656b61646f6f2f66696c65732f79616e69765361766546696c65", "id": "300944858" } }
W/DroidBox( 1003): DroidBox: { "FileRW": { "operation": "write", "data": "00046465636b", "id": "300944858" } }
W/dalvikvm( 1003): DroidBox: { "FdAccess": { "path": "2f646174612f646174612f636f6d2e67702e6765656b61646f6f2f66696c65732f79616e69765361766546696c65", "id": "1284978285" } }
W/DroidBox( 1003): DroidBox: { "FileRW": { "operation": "write", "data": "7400224c636f6d2f67702f6765656b61646f6f2f6c6f6769632f53696e676c654465636b3b", "id": "1284978285" } }
W/dalvikvm( 1003): DroidBox: { "FdAccess": { "path": "2f646174612f646174612f636f6d2e67702e6765656b61646f6f2f66696c65732f79616e69765361766546696c65", "id": "285418917" } }
W/DroidBox( 1003): DroidBox: { "FileRW": { "operation": "write", "data": "4c", "id": "285418917" } }
W/dalvikvm( 1003): DroidBox: { "FdAccess": { "path": "2f646174612f646174612f636f6d2e67702e6765656b61646f6f2f66696c65732f79616e69765361766546696c65", "id": "578713842" } }
W/DroidBox( 1003): DroidBox: { "FileRW": { "operation": "write", "data": "00046d6f6465", "id": "578713842" } }
W/dalvikvm( 1003): DroidBox: { "FdAccess": { "path": "2f646174612f646174612f636f6d2e67702e6765656b61646f6f2f66696c65732f79616e69765361766546696c65", "id": "1055197947" } }
W/DroidBox( 1003): DroidBox: { "FileRW": { "operation": "write", "data": "7400304c636f6d2f67702f6765656b61646f6f2f6c6f6769632f47616d65446174612447414d455f494e5055545f4d4f44453b", "id": "1055197947" } }
W/dalvikvm( 1003): DroidBox: { "FdAccess": { "path": "2f646174612f646174612f636f6d2e67702e6765656b61646f6f2f66696c65732f79616e69765361766546696c65", "id": "21205756" } }
W/DroidBox( 1003): DroidBox: { "FileRW": { "operation": "write", "data": "4c", "id": "21205756" } }
W/dalvikvm( 1003): DroidBox: { "FdAccess": { "path": "2f646174612f646174612f636f6d2e67702e6765656b61646f6f2f66696c65732f79616e69765361766546696c65", "id": "444115342" } }
W/DroidBox( 1003): DroidBox: { "FileRW": { "operation": "write", "data": "00066f3148616e64", "id": "444115342" } }
W/dalvikvm( 1003): DroidBox: { "FdAccess": { "path": "2f646174612f646174612f636f6d2e67702e6765656b61646f6f2f66696c65732f79616e69765361766546696c65", "id": "657786357" } }
W/DroidBox( 1003): DroidBox: { "FileRW": { "operation": "write", "data": "7400244c636f6d2f67702f6765656b61646f6f2f6c6f6769632f4f70706f6e656e7448616e643b", "id": "657786357" } }
W/dalvikvm( 1003): DroidBox: { "FdAccess": { "path": "2f646174612f646174612f636f6d2e67702e6765656b61646f6f2f66696c65732f79616e69765361766546696c65", "id": "1245733756" } }
W/DroidBox( 1003): DroidBox: { "FileRW": { "operation": "write", "data": "4c", "id": "1245733756" } }
W/dalvikvm( 1003): DroidBox: { "FdAccess": { "path": "2f646174612f646174612f636f6d2e67702e6765656b61646f6f2f66696c65732f79616e69765361766546696c65", "id": "775982474" } }
W/DroidBox( 1003): DroidBox: { "FileRW": { "operation": "write", "data": "00066f3248616e64", "id": "775982474" } }
W/dalvikvm( 1003): DroidBox: { "FdAccess": { "path": "2f646174612f646174612f636f6d2e67702e6765656b61646f6f2f66696c65732f79616e69765361766546696c65", "id": "765660333" } }
W/DroidBox( 1003): DroidBox: { "FileRW": { "operation": "write", "data": "71", "id": "765660333" } }
W/dalvikvm( 1003): DroidBox: { "FdAccess": { "path": "2f646174612f646174612f636f6d2e67702e6765656b61646f6f2f66696c65732f79616e69765361766546696c65", "id": "1398587559" } }
W/DroidBox( 1003): DroidBox: { "FileRW": { "operation": "write", "data": "007e0003", "id": "1398587559" } }
W/dalvikvm( 1003): DroidBox: { "FdAccess": { "path": "2f646174612f646174612f636f6d2e67702e6765656b61646f6f2f66696c65732f79616e69765361766546696c65", "id": "709613704" } }
W/DroidBox( 1003): DroidBox: { "FileRW": { "operation": "write", "data": "4c", "id": "709613704" } }
W/dalvikvm( 1003): DroidBox: { "FdAccess": { "path": "2f646174612f646174612f636f6d2e67702e6765656b61646f6f2f66696c65732f79616e69765361766546696c65", "id": "830126379" } }
W/DroidBox( 1003): DroidBox: { "FileRW": { "operation": "write", "data": "00066f3348616e64", "id": "830126379" } }
W/dalvikvm( 1003): DroidBox: { "FdAccess": { "path": "2f646174612f646174612f636f6d2e67702e6765656b61646f6f2f66696c65732f79616e69765361766546696c65", "id": "1822535840" } }
W/DroidBox( 1003): DroidBox: { "FileRW": { "operation": "write", "data": "71", "id": "1822535840" } }
W/dalvikvm( 1003): DroidBox: { "FdAccess": { "path": "2f646174612f646174612f636f6d2e67702e6765656b61646f6f2f66696c65732f79616e69765361766546696c65", "id": "1187736165" } }
W/DroidBox( 1003): DroidBox: { "FileRW": { "operation": "write", "data": "007e0003", "id": "1187736165" } }
W/dalvikvm( 1003): DroidBox: { "FdAccess": { "path": "2f646174612f646174612f636f6d2e67702e6765656b61646f6f2f66696c65732f79616e69765361766546696c65", "id": "870181819" } }
W/DroidBox( 1003): DroidBox: { "FileRW": { "operation": "write", "data": "4c", "id": "870181819" } }
W/dalvikvm( 1003): DroidBox: { "FdAccess": { "path": "2f646174612f646174612f636f6d2e67702e6765656b61646f6f2f66696c65732f79616e69765361766546696c65", "id": "1438360771" } }
W/DroidBox( 1003): DroidBox: { "FileRW": { "operation": "write", "data": "0006703148616e64", "id": "1438360771" } }
W/dalvikvm( 1003): DroidBox: { "FdAccess": { "path": "2f646174612f646174612f636f6d2e67702e6765656b61646f6f2f66696c65732f79616e69765361766546696c65", "id": "1938150724" } }
W/DroidBox( 1003): DroidBox: { "FileRW": { "operation": "write", "data": "7400224c636f6d2f67702f6765656b61646f6f2f6c6f6769632f506c6179657248616e643b", "id": "1938150724" } }
W/dalvikvm( 1003): DroidBox: { "FdAccess": { "path": "2f646174612f646174612f636f6d2e67702e6765656b61646f6f2f66696c65732f79616e69765361766546696c65", "id": "304572546" } }
W/DroidBox( 1003): DroidBox: { "FileRW": { "operation": "write", "data": "4c", "id": "304572546" } }
W/dalvikvm( 1003): DroidBox: { "FdAccess": { "path": "2f646174612f646174612f636f6d2e67702e6765656b61646f6f2f66696c65732f79616e69765361766546696c65", "id": "376564535" } }
W/DroidBox( 1003): DroidBox: { "FileRW": { "operation": "write", "data": "000e706c6179657273496e4f72646572", "id": "376564535" } }
W/dalvikvm( 1003): DroidBox: { "FdAccess": { "path": "2f646174612f646174612f636f6d2e67702e6765656b61646f6f2f66696c65732f79616e69765361766546696c65", "id": "407480843" } }
W/DroidBox( 1003): DroidBox: { "FileRW": { "operation": "write", "data": "7400154c6a6176612f7574696c2f41727261794c6973743b", "id": "407480843" } }
W/dalvikvm( 1003): DroidBox: { "FdAccess": { "path": "2f646174612f646174612f636f6d2e67702e6765656b61646f6f2f66696c65732f79616e69765361766546696c65", "id": "487594201" } }
W/DroidBox( 1003): DroidBox: { "FileRW": { "operation": "write", "data": "4c", "id": "487594201" } }
W/dalvikvm( 1003): DroidBox: { "FdAccess": { "path": "2f646174612f646174612f636f6d2e67702e6765656b61646f6f2f66696c65732f79616e69765361766546696c65", "id": "44888951" } }
W/DroidBox( 1003): DroidBox: { "FileRW": { "operation": "write", "data": "000b7468726f776e4361726473", "id": "44888951" } }
W/dalvikvm( 1003): DroidBox: { "FdAccess": { "path": "2f646174612f646174612f636f6d2e67702e6765656b61646f6f2f66696c65732f79616e69765361766546696c65", "id": "500576354" } }
W/DroidBox( 1003): DroidBox: { "FileRW": { "operation": "write", "data": "7400234c636f6d2f67702f6765656b61646f6f2f6c6f6769632f5468726f776e43617264733b", "id": "500576354" } }
W/dalvikvm( 1003): DroidBox: { "FdAccess": { "path": "2f646174612f646174612f636f6d2e67702e6765656b61646f6f2f66696c65732f79616e69765361766546696c65", "id": "240384011" } }
W/DroidBox( 1003): DroidBox: { "FileRW": { "operation": "write", "data": "4c", "id": "240384011" } }
W/dalvikvm( 1003): DroidBox: { "FdAccess": { "path": "2f646174612f646174612f636f6d2e67702e6765656b61646f6f2f66696c65732f79616e69765361766546696c65", "id": "1051118339" } }
W/DroidBox( 1003): DroidBox: { "FileRW": { "operation": "write", "data": "00047475726e", "id": "1051118339" } }
W/dalvikvm( 1003): DroidBox: { "FdAccess": { "path": "2f646174612f646174612f636f6d2e67702e6765656b61646f6f2f66696c65732f79616e69765361766546696c65", "id": "1088784513" } }
W/DroidBox( 1003): DroidBox: { "FileRW": { "operation": "write", "data": "74001c4c636f6d2f67702f6765656b61646f6f2f6c6f6769632f5475726e3b", "id": "1088784513" } }
W/dalvikvm( 1003): DroidBox: { "FdAccess": { "path": "2f646174612f646174612f636f6d2e67702e6765656b61646f6f2f66696c65732f79616e69765361766546696c65", "id": "777663307" } }
W/DroidBox( 1003): DroidBox: { "FileRW": { "operation": "write", "data": "78", "id": "777663307" } }
W/dalvikvm( 1003): DroidBox: { "FdAccess": { "path": "2f646174612f646174612f636f6d2e67702e6765656b61646f6f2f66696c65732f79616e69765361766546696c65", "id": "1778849292" } }
W/DroidBox( 1003): DroidBox: { "FileRW": { "operation": "write", "data": "70", "id": "1778849292" } }
W/dalvikvm( 1003): DroidBox: { "FdAccess": { "path": "2f646174612f646174612f636f6d2e67702e6765656b61646f6f2f66696c65732f79616e69765361766546696c65", "id": "405324231" } }
W/DroidBox( 1003): DroidBox: { "FileRW": { "operation": "write", "data": "00000000", "id": "405324231" } }
W/dalvikvm( 1003): DroidBox: { "FdAccess": { "path": "2f646174612f646174612f636f6d2e67702e6765656b61646f6f2f66696c65732f79616e69765361766546696c65", "id": "99229925" } }
W/DroidBox( 1003): DroidBox: { "FileRW": { "operation": "write", "data": "00", "id": "99229925" } }
W/dalvikvm( 1003): DroidBox: { "FdAccess": { "path": "2f646174612f646174612f636f6d2e67702e6765656b61646f6f2f66696c65732f79616e69765361766546696c65", "id": "549981622" } }
W/DroidBox( 1003): DroidBox: { "FileRW": { "operation": "write", "data": "00", "id": "549981622" } }
W/dalvikvm( 1003): DroidBox: { "FdAccess": { "path": "2f646174612f646174612f636f6d2e67702e6765656b61646f6f2f66696c65732f79616e69765361766546696c65", "id": "480909088" } }
W/DroidBox( 1003): DroidBox: { "FileRW": { "operation": "write", "data": "73", "id": "480909088" } }
W/dalvikvm( 1003): DroidBox: { "FdAccess": { "path": "2f646174612f646174612f636f6d2e67702e6765656b61646f6f2f66696c65732f79616e69765361766546696c65", "id": "1555190636" } }
W/DroidBox( 1003): DroidBox: { "FileRW": { "operation": "write", "data": "72", "id": "1555190636" } }
W/dalvikvm( 1003): DroidBox: { "FdAccess": { "path": "2f646174612f646174612f636f6d2e67702e6765656b61646f6f2f66696c65732f79616e69765361766546696c65", "id": "568250452" } }
W/DroidBox( 1003): DroidBox: { "FileRW": { "operation": "write", "data": "0020636f6d2e67702e6765656b61646f6f2e6c6f6769632e53696e676c654465636b", "id": "568250452" } }
W/dalvikvm( 1003): DroidBox: { "FdAccess": { "path": "2f646174612f646174612f636f6d2e67702e6765656b61646f6f2f66696c65732f79616e69765361766546696c65", "id": "888810252" } }
W/DroidBox( 1003): DroidBox: { "FileRW": { "operation": "write", "data": "0000000000000001", "id": "888810252" } }
W/dalvikvm( 1003): DroidBox: { "FdAccess": { "path": "2f646174612f646174612f636f6d2e67702e6765656b61646f6f2f66696c65732f79616e69765361766546696c65", "id": "1630015984" } }
W/DroidBox( 1003): DroidBox: { "FileRW": { "operation": "write", "data": "02", "id": "1630015984" } }
W/dalvikvm( 1003): DroidBox: { "FdAccess": { "path": "2f646174612f646174612f636f6d2e67702e6765656b61646f6f2f66696c65732f79616e69765361766546696c65", "id": "437181386" } }
W/DroidBox( 1003): DroidBox: { "FileRW": { "operation": "write", "data": "0000", "id": "437181386" } }
W/dalvikvm( 1003): DroidBox: { "FdAccess": { "path": "2f646174612f646174612f636f6d2e67702e6765656b61646f6f2f66696c65732f79616e69765361766546696c65", "id": "1793143328" } }
W/DroidBox( 1003): DroidBox: { "FileRW": { "operation": "write", "data": "78", "id": "1793143328" } }
W/dalvikvm( 1003): DroidBox: { "FdAccess": { "path": "2f646174612f646174612f636f6d2e67702e6765656b61646f6f2f66696c65732f79616e69765361766546696c65", "id": "1394985568" } }
W/DroidBox( 1003): DroidBox: { "FileRW": { "operation": "write", "data": "72", "id": "1394985568" } }
W/dalvikvm( 1003): DroidBox: { "FdAccess": { "path": "2f646174612f646174612f636f6d2e67702e6765656b61646f6f2f66696c65732f79616e69765361766546696c65", "id": "1598421662" } }
W/DroidBox( 1003): DroidBox: { "FileRW": { "operation": "write", "data": "002c636f6d2e67702e6765656b61646f6f2e6c6f6769632e506c6179696e674361726473436f6c6c656374696f6e", "id": "1598421662" } }
W/dalvikvm( 1003): DroidBox: { "FdAccess": { "path": "2f646174612f646174612f636f6d2e67702e6765656b61646f6f2f66696c65732f79616e69765361766546696c65", "id": "1801553552" } }
W/DroidBox( 1003): DroidBox: { "FileRW": { "operation": "write", "data": "0000000000000001", "id": "1801553552" } }
W/dalvikvm( 1003): DroidBox: { "FdAccess": { "path": "2f646174612f646174612f636f6d2e67702e6765656b61646f6f2f66696c65732f79616e69765361766546696c65", "id": "853359660" } }
W/DroidBox( 1003): DroidBox: { "FileRW": { "operation": "write", "data": "02", "id": "853359660" } }
W/dalvikvm( 1003): DroidBox: { "FdAccess": { "path": "2f646174612f646174612f636f6d2e67702e6765656b61646f6f2f66696c65732f79616e69765361766546696c65", "id": "1210599538" } }
W/DroidBox( 1003): DroidBox: { "FileRW": { "operation": "write", "data": "0003", "id": "1210599538" } }
W/dalvikvm( 1003): DroidBox: { "FdAccess": { "path": "2f646174612f646174612f636f6d2e67702e6765656b61646f6f2f66696c65732f79616e69765361766546696c65", "id": "559530192" } }
W/DroidBox( 1003): DroidBox: { "FileRW": { "operation": "write", "data": "4c", "id": "559530192" } }
W/dalvikvm( 1003): DroidBox: { "FdAccess": { "path": "2f646174612f646174612f636f6d2e67702e6765656b61646f6f2f66696c65732f79616e69765361766546696c65", "id": "1676760202" } }
W/DroidBox( 1003): DroidBox: { "FileRW": { "operation": "write", "data": "00056361726473", "id": "1676760202" } }
W/dalvikvm( 1003): DroidBox: { "FdAccess": { "path": "2f646174612f646174612f636f6d2e67702e6765656b61646f6f2f66696c65732f79616e69765361766546696c65", "id": "793703429" } }
W/DroidBox( 1003): DroidBox: { "FileRW": { "operation": "write", "data": "7400114c6a6176612f7574696c2f537461636b3b", "id": "793703429" } }
W/dalvikvm( 1003): DroidBox: { "FdAccess": { "path": "2f646174612f646174612f636f6d2e67702e6765656b61646f6f2f66696c65732f79616e69765361766546696c65", "id": "230590183" } }
W/DroidBox( 1003): DroidBox: { "FileRW": { "operation": "write", "data": "5b", "id": "230590183" } }
W/dalvikvm( 1003): DroidBox: { "FdAccess": { "path": "2f646174612f646174612f636f6d2e67702e6765656b61646f6f2f66696c65732f79616e69765361766546696c65", "id": "1489939228" } }
W/DroidBox( 1003): DroidBox: { "FileRW": { "operation": "write", "data": "00057375697473", "id": "1489939228" } }
W/dalvikvm( 1003): DroidBox: { "FdAccess": { "path": "2f646174612f646174612f636f6d2e67702e6765656b61646f6f2f66696c65732f79616e69765361766546696c65", "id": "11902024" } }
W/DroidBox( 1003): DroidBox: { "FileRW": { "operation": "write", "data": "7400025b43", "id": "11902024" } }
W/dalvikvm( 1003): DroidBox: { "FdAccess": { "path": "2f646174612f646174612f636f6d2e67702e6765656b61646f6f2f66696c65732f79616e69765361766546696c65", "id": "2106910276" } }
W/DroidBox( 1003): DroidBox: { "FileRW": { "operation": "write", "data": "5b", "id": "2106910276" } }
W/dalvikvm( 1003): DroidBox: { "FdAccess": { "path": "2f646174612f646174612f636f6d2e67702e6765656b61646f6f2f66696c65732f79616e69765361766546696c65", "id": "203843309" } }
W/DroidBox( 1003): DroidBox: { "FileRW": { "operation": "write", "data": "000676616c756573", "id": "203843309" } }
