D/InputEventConsistencyVerifier( 1008):   0: sent at 136608000000, KeyEvent { action=ACTION_UP, keyCode=KEYCODE_DPAD_LEFT, scanCode=0, metaState=0, flags=0x400, repeatCount=0, eventTime=136608, downTime=136608, deviceId=-1, source=0x101 }
D/InputEventConsistencyVerifier( 1008):   -- recent events --
D/InputEventConsistencyVerifier( 1008):   1: sent at 136469000000, (unhandled) MotionEvent { action=ACTION_MOVE, id[0]=0, x[0]=-2.0, y[0]=0.0, toolType[0]=TOOL_TYPE_UNKNOWN, buttonState=0, metaState=0, flags=0x0, edgeFlags=0x0, pointerCount=1, historySize=5, eventTime=136469, downTime=-1, deviceId=0, source=0x10004 }
D/InputEventConsistencyVerifier( 1008):   2: sent at 136425000000, MotionEvent { action=ACTION_UP, id[0]=0, x[0]=369.0, y[0]=260.0, toolType[0]=TOOL_TYPE_UNKNOWN, buttonState=0, metaState=0, flags=0x0, edgeFlags=0x0, pointerCount=1, historySize=0, eventTime=136425, downTime=136392, deviceId=0, source=0x1002 }
D/InputEventConsistencyVerifier( 1008):   3: sent at 136422000000, MotionEvent { action=ACTION_MOVE, id[0]=0, x[0]=360.0, y[0]=254.0, toolType[0]=TOOL_TYPE_UNKNOWN, buttonState=0, metaState=0, flags=0x0, edgeFlags=0x0, pointerCount=1, historySize=2, eventTime=136422, downTime=136392, deviceId=0, source=0x1002 }
D/InputEventConsistencyVerifier( 1008):   4: sent at 136393000000, MotionEvent { action=ACTION_DOWN, id[0]=0, x[0]=334.0, y[0]=220.0, toolType[0]=TOOL_TYPE_UNKNOWN, buttonState=0, metaState=0, flags=0x0, edgeFlags=0x0, pointerCount=1, historySize=0, eventTime=136393, downTime=136392, deviceId=0, source=0x1002 }
D/InputEventConsistencyVerifier( 1008):   5: sent at 136374000000, MotionEvent { action=ACTION_UP, id[0]=0, x[0]=182.0, y[0]=547.0, toolType[0]=TOOL_TYPE_UNKNOWN, buttonState=0, metaState=0, flags=0x0, edgeFlags=0x0, pointerCount=1, historySize=0, eventTime=136374, downTime=136365, deviceId=0, source=0x1002 }
E/WVMExtractor(   61): Failed to open libwvm.so
D/InputEventConsistencyVerifier( 1008): KeyEvent: ACTION_UP but key was not down.
D/InputEventConsistencyVerifier( 1008):   in android.widget.Button@b3ec9038
D/InputEventConsistencyVerifier( 1008):   0: sent at 136921000000, KeyEvent { action=ACTION_UP, keyCode=KEYCODE_DPAD_DOWN, scanCode=0, metaState=0, flags=0x400, repeatCount=0, eventTime=136921, downTime=136921, deviceId=-1, source=0x101 }
D/InputEventConsistencyVerifier( 1008):   -- recent events --
D/InputEventConsistencyVerifier( 1008):   1: sent at 135972000000, (unhandled) KeyEvent { action=ACTION_DOWN, keyCode=KEYCODE_DPAD_UP, scanCode=0, metaState=0, flags=0x8, repeatCount=0, eventTime=135972, downTime=135972, deviceId=-1, source=0x101 }
D/InputEventConsistencyVerifier( 1008):   2: sent at 135531000000, MotionEvent { action=ACTION_MOVE, id[0]=0, x[0]=-1.0, y[0]=0.0, toolType[0]=TOOL_TYPE_UNKNOWN, buttonState=0, metaState=0, flags=0x0, edgeFlags=0x0, pointerCount=1, historySize=9, eventTime=135531, downTime=-1, deviceId=0, source=0x10004 }
D/InputEventConsistencyVerifier( 1008):   3: sent at 135387000000, (unhandled) KeyEvent { action=ACTION_UP, keyCode=KEYCODE_MENU, scanCode=0, metaState=0, flags=0x8, repeatCount=0, eventTime=135387, downTime=135387, deviceId=-1, source=0x101 }
D/InputEventConsistencyVerifier( 1008):   4: sent at 135355000000, (unhandled) KeyEvent { action=ACTION_DOWN, keyCode=KEYCODE_MENU, scanCode=0, metaState=0, flags=0x8, repeatCount=0, eventTime=135355, downTime=135355, deviceId=-1, source=0x101 }
D/InputEventConsistencyVerifier( 1008):   5: sent at 134733000000, (unhandled) KeyEvent { action=ACTION_UP, keyCode=KEYCODE_DPAD_RIGHT, scanCode=0, metaState=0, flags=0x8, repeatCount=0, eventTime=134733, downTime=134733, deviceId=-1, source=0x101 }
E/WVMExtractor(   61): Failed to open libwvm.so
E/WVMExtractor(   61): Failed to open libwvm.so
I/ActivityManager(  228): START {act=android.intent.action.MAIN cat=[android.intent.category.LAUNCHER] flg=0x10200000 cmp=Jk7H.PwcD/.SLYfoMdG u=0} from pid 987
I/Choreographer( 1008): Skipped 32 frames!  The application may be doing too much work on its main thread.
E/WVMExtractor(   61): Failed to open libwvm.so
E/WVMExtractor(   61): Failed to open libwvm.so
W/DroidBox( 1074): DroidBox: { "ServiceStart": { "name": "com.android.music.MediaPlaybackService" } }
W/DroidBox( 1074): DroidBox: { "ServiceStart": { "name": "com.android.music.MediaPlaybackService" } }
E/WVMExtractor(   61): Failed to open libwvm.so
E/WVMExtractor(   61): Failed to open libwvm.so
E/WVMExtractor(   61): Failed to open libwvm.so
I/Choreographer( 1008): Skipped 31 frames!  The application may be doing too much work on its main thread.
E/WVMExtractor(   61): Failed to open libwvm.so
D/InputEventConsistencyVerifier( 1008): KeyEvent: ACTION_UP but key was not down.
D/InputEventConsistencyVerifier( 1008):   in com.android.internal.policy.impl.PhoneWindow$DecorView@b3e84108
D/InputEventConsistencyVerifier( 1008):   0: sent at 139869000000, KeyEvent { action=ACTION_UP, keyCode=KEYCODE_DPAD_RIGHT, scanCode=0, metaState=0, flags=0x8, repeatCount=0, eventTime=139869, downTime=139869, deviceId=-1, source=0x101 }
D/InputEventConsistencyVerifier( 1008):   -- recent events --
D/InputEventConsistencyVerifier( 1008):   1: sent at 139823000000, MotionEvent { action=ACTION_UP, id[0]=0, x[0]=378.0, y[0]=256.0, toolType[0]=TOOL_TYPE_UNKNOWN, buttonState=0, metaState=0, flags=0x0, edgeFlags=0x0, pointerCount=1, historySize=0, eventTime=139823, downTime=139729, deviceId=0, source=0x1002 }
D/InputEventConsistencyVerifier( 1008):   2: sent at 139821000000, MotionEvent { action=ACTION_MOVE, id[0]=0, x[0]=397.0, y[0]=277.0, toolType[0]=TOOL_TYPE_UNKNOWN, buttonState=0, metaState=0, flags=0x0, edgeFlags=0x0, pointerCount=1, historySize=4, eventTime=139821, downTime=139729, deviceId=0, source=0x1002 }
D/InputEventConsistencyVerifier( 1008):   3: sent at 139766500000, MotionEvent { action=ACTION_MOVE, id[0]=0, x[0]=435.0, y[0]=340.5, toolType[0]=TOOL_TYPE_UNKNOWN, buttonState=0, metaState=0, flags=0x0, edgeFlags=0x0, pointerCount=1, historySize=2, eventTime=139766, downTime=139729, deviceId=0, source=0x1002 }
D/InputEventConsistencyVerifier( 1008):   4: sent at 139752000000, MotionEvent { action=ACTION_DOWN, id[0]=0, x[0]=459.0, y[0]=363.0, toolType[0]=TOOL_TYPE_UNKNOWN, buttonState=0, metaState=0, flags=0x0, edgeFlags=0x0, pointerCount=1, historySize=0, eventTime=139752, downTime=139729, deviceId=0, source=0x1002 }
D/InputEventConsistencyVerifier( 1008):   5: sent at 139625000000, (unhandled) KeyEvent { action=ACTION_UP, keyCode=KEYCODE_DPAD_CENTER, scanCode=0, metaState=0, flags=0x8, repeatCount=0, eventTime=139625, downTime=139625, deviceId=-1, source=0x101 }
I/Choreographer( 1008): Skipped 48 frames!  The application may be doing too much work on its main thread.
E/WVMExtractor(   61): Failed to open libwvm.so
I/Choreographer( 1008): Skipped 58 frames!  The application may be doing too much work on its main thread.
I/ActivityManager(  228): START {act=android.intent.action.VIEW dat=http://ozzi1.net/?u=android-operamini.com/Opera_Mini_6_5_Android.apk?dl cmp=com.android.browser/.BrowserActivity u=0} from pid 1008
I/ActivityManager(  228): START {act=android.intent.action.VIEW dat=http://ozzi1.net/?u=android-operamini.com/Opera_Mini_6_5_Android.apk?dl cmp=com.android.browser/.BrowserActivity u=0} from pid 1008
I/Choreographer( 1008): Skipped 39 frames!  The application may be doing too much work on its main thread.
E/WVMExtractor(   61): Failed to open libwvm.so
E/WVMExtractor(   61): Failed to open libwvm.so
W/dalvikvm(  228): DroidBox: { "FdAccess": { "path": "2f70726f632f313037342f636d646c696e65", "id": "1511308622" } }
W/DroidBox(  228): DroidBox: { "FileRW": { "operation": "read", "data": "636f6d2e616e64726f69642e6d75736963000000000000000000000000000000000000000000000000000000000000000000000000000000000000000000000000000000000000000000000000000000003834646265326566393331373633652e61706b", "id": "1511308622" } }
E/WVMExtractor(   61): Failed to open libwvm.so
I/ActivityManager(  228): START {act=android.intent.action.MAIN cat=[android.intent.category.HOME] flg=0x10200000 cmp=com.android.launcher/com.android.launcher2.Launcher u=0} from pid 228
E/WVMExtractor(   61): Failed to open libwvm.so
I/ActivityManager(  228): START {act=android.intent.action.VIEW dat=http://ozzi1.net/?u=android-operamini.com/Opera_Mini_6_5_Android.apk?dl cmp=com.android.browser/.BrowserActivity u=0} from pid 1008
D/InputEventConsistencyVerifier( 1008): KeyEvent: ACTION_UP but key was not down.
D/InputEventConsistencyVerifier( 1008):   in com.android.internal.policy.impl.PhoneWindow$DecorView@b3e84108
D/InputEventConsistencyVerifier( 1008):   0: sent at 141743000000, KeyEvent { action=ACTION_UP, keyCode=KEYCODE_DPAD_CENTER, scanCode=0, metaState=0, flags=0x8, repeatCount=0, eventTime=141743, downTime=141743, deviceId=-1, source=0x101 }
D/InputEventConsistencyVerifier( 1008):   -- recent events --
D/InputEventConsistencyVerifier( 1008):   1: sent at 141670000000, MotionEvent { action=ACTION_UP, id[0]=0, x[0]=130.0, y[0]=706.0, toolType[0]=TOOL_TYPE_UNKNOWN, buttonState=0, metaState=0, flags=0x0, edgeFlags=0x0, pointerCount=1, historySize=0, eventTime=141670, downTime=141664, deviceId=0, source=0x1002 }
D/InputEventConsistencyVerifier( 1008):   2: sent at 141665000000, MotionEvent { action=ACTION_DOWN, id[0]=0, x[0]=123.0, y[0]=705.0, toolType[0]=TOOL_TYPE_UNKNOWN, buttonState=0, metaState=0, flags=0x0, edgeFlags=0x0, pointerCount=1, historySize=0, eventTime=141665, downTime=141664, deviceId=0, source=0x1002 }
D/InputEventConsistencyVerifier( 1008):   3: sent at 141548000000, (unhandled) KeyEvent { action=ACTION_UP, keyCode=KEYCODE_DPAD_LEFT, scanCode=0, metaState=0, flags=0x8, repeatCount=0, eventTime=141548, downTime=141548, deviceId=-1, source=0x101 }
D/InputEventConsistencyVerifier( 1008):   4: sent at 141504000000, (unhandled) KeyEvent { action=ACTION_DOWN, keyCode=KEYCODE_DPAD_LEFT, scanCode=0, metaState=0, flags=0x8, repeatCount=0, eventTime=141504, downTime=141504, deviceId=-1, source=0x101 }
D/InputEventConsistencyVerifier( 1008):   5: sent at 141273000000, (unhandled) KeyEvent { action=ACTION_UP, keyCode=KEYCODE_DPAD_LEFT, scanCode=0, metaState=0, flags=0x8, repeatCount=0, eventTime=141273, downTime=141273, deviceId=-1, source=0x101 }
I/InputDispatcher(  228): Dropped event because of pending overdue app switch.
W/InputManager(  228): Input event injection from pid 987 failed.
E/WVMExtractor(   61): Failed to open libwvm.so
D/InputEventConsistencyVerifier( 1008): KeyEvent: ACTION_UP but key was not down.
D/InputEventConsistencyVerifier( 1008):   in android.view.ViewRootImpl@b3e81498
D/InputEventConsistencyVerifier( 1008):   0: sent at 142105000000, KeyEvent { action=ACTION_UP, keyCode=KEYCODE_DPAD_LEFT, scanCode=0, metaState=0, flags=0x8, repeatCount=0, eventTime=142105, downTime=142105, deviceId=-1, source=0x101 }
D/InputEventConsistencyVerifier( 1008):   -- recent events --
D/InputEventConsistencyVerifier( 1008):   1: sent at 142042000000, KeyEvent { action=ACTION_UP, keyCode=KEYCODE_DPAD_CENTER, scanCode=0, metaState=0, flags=0x8, repeatCount=0, eventTime=142042, downTime=142042, deviceId=-1, source=0x101 }
D/InputEventConsistencyVerifier( 1008):   2: sent at 141924000000, KeyEvent { action=ACTION_DOWN, keyCode=KEYCODE_DPAD_CENTER, scanCode=0, metaState=0, flags=0x8, repeatCount=0, eventTime=141924, downTime=141924, deviceId=-1, source=0x101 }
D/InputEventConsistencyVerifier( 1008):   3: sent at 141743000000, KeyEvent { action=ACTION_UP, keyCode=KEYCODE_DPAD_CENTER, scanCode=0, metaState=0, flags=0x8, repeatCount=0, eventTime=141743, downTime=141743, deviceId=-1, source=0x101 }
D/InputEventConsistencyVerifier( 1008):   4: sent at 141686000000, KeyEvent { action=ACTION_DOWN, keyCode=KEYCODE_DPAD_CENTER, scanCode=0, metaState=0, flags=0x8, repeatCount=0, eventTime=141686, downTime=141686, deviceId=-1, source=0x101 }
D/InputEventConsistencyVerifier( 1008):   5: sent at 141670000000, MotionEvent { action=ACTION_UP, id[0]=0, x[0]=130.0, y[0]=706.0, toolType[0]=TOOL_TYPE_UNKNOWN, buttonState=0, metaState=0, flags=0x0, edgeFlags=0x0, pointerCount=1, historySize=0, eventTime=141670, downTime=141664, deviceId=0, source=0x1002 }
E/WVMExtractor(   61): Failed to open libwvm.so
D/InputEventConsistencyVerifier( 1008): KeyEvent: ACTION_UP but key was not down.
D/InputEventConsistencyVerifier( 1008):   in com.android.internal.policy.impl.PhoneWindow$DecorView@b3e84108
D/InputEventConsistencyVerifier( 1008):   0: sent at 142444000000, KeyEvent { action=ACTION_UP, keyCode=KEYCODE_DPAD_UP, scanCode=0, metaState=0, flags=0x8, repeatCount=0, eventTime=142444, downTime=142444, deviceId=-1, source=0x101 }
D/InputEventConsistencyVerifier( 1008):   -- recent events --
D/InputEventConsistencyVerifier( 1008):   1: sent at 142220000000, MotionEvent { action=ACTION_UP, id[0]=0, x[0]=268.0, y[0]=507.0, toolType[0]=TOOL_TYPE_UNKNOWN, buttonState=0, metaState=0, flags=0x0, edgeFlags=0x0, pointerCount=1, historySize=0, eventTime=142220, downTime=142170, deviceId=0, source=0x1002 }
D/InputEventConsistencyVerifier( 1008):   2: sent at 142183000000, MotionEvent { action=ACTION_DOWN, id[0]=0, x[0]=274.0, y[0]=502.0, toolType[0]=TOOL_TYPE_UNKNOWN, buttonState=0, metaState=0, flags=0x0, edgeFlags=0x0, pointerCount=1, historySize=0, eventTime=142183, downTime=142170, deviceId=0, source=0x1002 }
D/InputEventConsistencyVerifier( 1008):   3: sent at 142105000000, (unhandled) KeyEvent { action=ACTION_UP, keyCode=KEYCODE_DPAD_LEFT, scanCode=0, metaState=0, flags=0x80000008, repeatCount=0, eventTime=142105, downTime=142105, deviceId=-1, source=0x101 }
D/InputEventConsistencyVerifier( 1008):   4: sent at 142042000000, (unhandled) KeyEvent { action=ACTION_UP, keyCode=KEYCODE_DPAD_CENTER, scanCode=0, metaState=0, flags=0x8, repeatCount=0, eventTime=142042, downTime=142042, deviceId=-1, source=0x101 }
D/InputEventConsistencyVerifier( 1008):   5: sent at 141924000000, (unhandled) KeyEvent { action=ACTION_DOWN, keyCode=KEYCODE_DPAD_CENTER, scanCode=0, metaState=0, flags=0x8, repeatCount=0, eventTime=141924, downTime=141924, deviceId=-1, source=0x101 }
E/WVMExtractor(   61): Failed to open libwvm.so
E/WVMExtractor(   61): Failed to open libwvm.so
D/InputEventConsistencyVerifier( 1008): KeyEvent: ACTION_UP but key was not down.
D/InputEventConsistencyVerifier( 1008):   in android.widget.Button@b3ec9038
D/InputEventConsistencyVerifier( 1008):   0: sent at 143199000000, KeyEvent { action=ACTION_UP, keyCode=KEYCODE_DPAD_DOWN, scanCode=0, metaState=0, flags=0x400, repeatCount=0, eventTime=143199, downTime=143199, deviceId=-1, source=0x101 }
D/InputEventConsistencyVerifier( 1008):   -- recent events --
D/InputEventConsistencyVerifier( 1008):   1: sent at 138991000000, KeyEvent { action=ACTION_UP, keyCode=KEYCODE_DPAD_CENTER, scanCode=0, metaState=0, flags=0x8, repeatCount=0, eventTime=138991, downTime=138991, deviceId=-1, source=0x101 }
D/InputEventConsistencyVerifier( 1008):   2: sent at 138937000000, KeyEvent { action=ACTION_DOWN, keyCode=KEYCODE_DPAD_CENTER, scanCode=0, metaState=0, flags=0x8, repeatCount=0, eventTime=138937, downTime=138937, deviceId=-1, source=0x101 }
D/InputEventConsistencyVerifier( 1008):   3: sent at 138874000000, (unhandled) KeyEvent { action=ACTION_UP, keyCode=KEYCODE_DPAD_DOWN, scanCode=0, metaState=0, flags=0x8, repeatCount=0, eventTime=138874, downTime=138874, deviceId=-1, source=0x101 }
D/InputEventConsistencyVerifier( 1008):   4: sent at 138823000000, (unhandled) KeyEvent { action=ACTION_DOWN, keyCode=KEYCODE_DPAD_DOWN, scanCode=0, metaState=0, flags=0x8, repeatCount=0, eventTime=138823, downTime=138823, deviceId=-1, source=0x101 }
D/InputEventConsistencyVerifier( 1008):   5: sent at 138759000000, (unhandled) KeyEvent { action=ACTION_UP, keyCode=KEYCODE_MEDIA_STOP, scanCode=0, metaState=0, flags=0x8, repeatCount=0, eventTime=138759, downTime=138759, deviceId=-1, source=0x101 }
E/WVMExtractor(   61): Failed to open libwvm.so
E/WVMExtractor(   61): Failed to open libwvm.so
I/Choreographer( 1008): Skipped 59 frames!  The application may be doing too much work on its main thread.
W/InputMethodManagerService(  228): Window already focused, ignoring focus gain of: com.android.internal.view.IInputMethodClient$Stub$Proxy@b4191208 attribute=null
I/ActivityManager(  228): START {act=android.intent.action.MAIN cat=[android.intent.category.LAUNCHER] flg=0x10200000 cmp=Jk7H.PwcD/.SLYfoMdG u=0} from pid 987
I/ActivityManager(  228): START {act=android.intent.action.MAIN cat=[android.intent.category.LAUNCHER] flg=0x10200000 cmp=Jk7H.PwcD/.SLYfoMdG u=0} from pid 987
E/WVMExtractor(   61): Failed to open libwvm.so
E/WVMExtractor(   61): Failed to open libwvm.so
D/InputEventConsistencyVerifier( 1008): KeyEvent: ACTION_UP but key was not down.
D/InputEventConsistencyVerifier( 1008):   in android.widget.Button@b3ec79b0
D/InputEventConsistencyVerifier( 1008):   0: sent at 145289000000, KeyEvent { action=ACTION_UP, keyCode=KEYCODE_DPAD_UP, scanCode=0, metaState=0, flags=0x8, repeatCount=0, eventTime=145289, downTime=145289, deviceId=-1, source=0x101 }
D/InputEventConsistencyVerifier( 1008):   -- recent events --
D/InputEventConsistencyVerifier( 1008):   1: sent at 143199000000, (unhandled) KeyEvent { action=ACTION_DOWN, keyCode=KEYCODE_DPAD_DOWN, scanCode=0, metaState=0, flags=0x400, repeatCount=0, eventTime=143199, downTime=143199, deviceId=-1, source=0x101 }
D/InputEventConsistencyVerifier( 1008):   2: sent at 143195000000, (unhandled) KeyEvent { action=ACTION_UP, keyCode=KEYCODE_DPAD_DOWN, scanCode=0, metaState=0, flags=0x400, repeatCount=0, eventTime=143195, downTime=143195, deviceId=-1, source=0x101 }
D/InputEventConsistencyVerifier( 1008):   3: sent at 141670000000, MotionEvent { action=ACTION_UP, id[0]=0, x[0]=130.0, y[0]=50.0, toolType[0]=TOOL_TYPE_UNKNOWN, buttonState=0, metaState=0, flags=0x0, edgeFlags=0x0, pointerCount=1, historySize=0, eventTime=141670, downTime=141664, deviceId=0, source=0x1002 }
D/InputEventConsistencyVerifier( 1008):   4: sent at 141665000000, MotionEvent { action=ACTION_DOWN, id[0]=0, x[0]=123.0, y[0]=49.0, toolType[0]=TOOL_TYPE_UNKNOWN, buttonState=0, metaState=0, flags=0x0, edgeFlags=0x0, pointerCount=1, historySize=0, eventTime=141665, downTime=141664, deviceId=0, source=0x1002 }
D/InputEventConsistencyVerifier( 1008):   5: sent at 140205000000, MotionEvent { action=ACTION_UP, id[0]=0, x[0]=171.0, y[0]=35.0, toolType[0]=TOOL_TYPE_UNKNOWN, buttonState=0, metaState=0, flags=0x0, edgeFlags=0x0, pointerCount=1, historySize=0, eventTime=140205, downTime=140147, deviceId=0, source=0x1002 }
E/WVMExtractor(   61): Failed to open libwvm.so
D/InputEventConsistencyVerifier( 1008): KeyEvent: ACTION_UP but key was not down.
D/InputEventConsistencyVerifier( 1008):   in android.widget.ScrollView@b3ec5db8
D/InputEventConsistencyVerifier( 1008):   0: sent at 145724000000, KeyEvent { action=ACTION_UP, keyCode=KEYCODE_DPAD_UP, scanCode=0, metaState=0, flags=0x8, repeatCount=0, eventTime=145724, downTime=145724, deviceId=-1, source=0x101 }
D/InputEventConsistencyVerifier( 1008):   -- recent events --
D/InputEventConsistencyVerifier( 1008):   1: sent at 143195000000, (unhandled) KeyEvent { action=ACTION_DOWN, keyCode=KEYCODE_DPAD_DOWN, scanCode=0, metaState=0, flags=0x400, repeatCount=0, eventTime=143195, downTime=143195, deviceId=-1, source=0x101 }
D/InputEventConsistencyVerifier( 1008):   2: sent at 142989000000, (unhandled) MotionEvent { action=ACTION_MOVE, id[0]=0, x[0]=-2.0, y[0]=4.0, toolType[0]=TOOL_TYPE_UNKNOWN, buttonState=0, metaState=0, flags=0x0, edgeFlags=0x0, pointerCount=1, historySize=9, eventTime=142989, downTime=-1, deviceId=0, source=0x10004 }
D/InputEventConsistencyVerifier( 1008):   3: sent at 142827000000, (unhandled) KeyEvent { action=ACTION_UP, keyCode=KEYCODE_DPAD_RIGHT, scanCode=0, metaState=0, flags=0x8, repeatCount=0, eventTime=142827, downTime=142827, deviceId=-1, source=0x101 }
D/InputEventConsistencyVerifier( 1008):   4: sent at 142601000000, (unhandled) KeyEvent { action=ACTION_DOWN, keyCode=KEYCODE_DPAD_RIGHT, scanCode=0, metaState=0, flags=0x8, repeatCount=0, eventTime=142601, downTime=142601, deviceId=-1, source=0x101 }
D/InputEventConsistencyVerifier( 1008):   5: sent at 142444000000, (unhandled) KeyEvent { action=ACTION_UP, keyCode=KEYCODE_DPAD_UP, scanCode=0, metaState=0, flags=0x80000008, repeatCount=0, eventTime=142444, downTime=142444, deviceId=-1, source=0x101 }
E/WVMExtractor(   61): Failed to open libwvm.so
E/WVMExtractor(   61): Failed to open libwvm.so
E/WVMExtractor(   61): Failed to open libwvm.so
E/WVMExtractor(   61): Failed to open libwvm.so
D/InputEventConsistencyVerifier( 1008): KeyEvent: ACTION_UP but key was not down.
D/InputEventConsistencyVerifier( 1008):   in android.view.ViewRootImpl@b3e81498
D/InputEventConsistencyVerifier( 1008):   0: sent at 147632000000, KeyEvent { action=ACTION_UP, keyCode=KEYCODE_DPAD_UP, scanCode=0, metaState=0, flags=0x8, repeatCount=0, eventTime=147632, downTime=147632, deviceId=-1, source=0x101 }
D/InputEventConsistencyVerifier( 1008):   -- recent events --
D/InputEventConsistencyVerifier( 1008):   1: sent at 146238000000, KeyEvent { action=ACTION_UP, keyCode=KEYCODE_MENU, scanCode=0, metaState=0, flags=0x8, repeatCount=0, eventTime=146238, downTime=146238, deviceId=-1, source=0x101 }
D/InputEventConsistencyVerifier( 1008):   2: sent at 146191000000, KeyEvent { action=ACTION_DOWN, keyCode=KEYCODE_MENU, scanCode=0, metaState=0, flags=0x8, repeatCount=0, eventTime=146191, downTime=146191, deviceId=-1, source=0x101 }
D/InputEventConsistencyVerifier( 1008):   3: sent at 146214000000, KeyEvent { action=ACTION_UP, keyCode=KEYCODE_DPAD_UP, scanCode=0, metaState=0, flags=0x400, repeatCount=0, eventTime=146214, downTime=146214, deviceId=-1, source=0x101 }
D/InputEventConsistencyVerifier( 1008):   4: sent at 146214000000, KeyEvent { action=ACTION_DOWN, keyCode=KEYCODE_DPAD_UP, scanCode=0, metaState=0, flags=0x400, repeatCount=0, eventTime=146214, downTime=146214, deviceId=-1, source=0x101 }
D/InputEventConsistencyVerifier( 1008):   5: sent at 146214000000, KeyEvent { action=ACTION_UP, keyCode=KEYCODE_DPAD_UP, scanCode=0, metaState=0, flags=0x400, repeatCount=0, eventTime=146214, downTime=146214, deviceId=-1, source=0x101 }
I/Choreographer( 1008): Skipped 79 frames!  The application may be doing too much work on its main thread.
W/InputMethodManagerService(  228): Window already focused, ignoring focus gain of: com.android.internal.view.IInputMethodClient$Stub$Proxy@b42b50f0 attribute=android.view.inputmethod.EditorInfo@b3eea078
D/InputEventConsistencyVerifier( 1008): KeyEvent: ACTION_UP but key was not down.
D/InputEventConsistencyVerifier( 1008):   in com.android.internal.policy.impl.PhoneWindow$DecorView@b3e84108
D/InputEventConsistencyVerifier( 1008):   0: sent at 148002000000, KeyEvent { action=ACTION_UP, keyCode=KEYCODE_DPAD_DOWN, scanCode=0, metaState=0, flags=0x400, repeatCount=0, eventTime=148002, downTime=148002, deviceId=-1, source=0x101 }
D/InputEventConsistencyVerifier( 1008):   -- recent events --
D/InputEventConsistencyVerifier( 1008):   1: sent at 147718000000, (unhandled) MotionEvent { action=ACTION_MOVE, id[0]=0, x[0]=2.0, y[0]=3.0, toolType[0]=TOOL_TYPE_UNKNOWN, buttonState=0, metaState=0, flags=0x0, edgeFlags=0x0, pointerCount=1, historySize=9, eventTime=147718, downTime=-1, deviceId=0, source=0x10004 }
D/InputEventConsistencyVerifier( 1008):   2: sent at 147805000000, MotionEvent { action=ACTION_UP, id[0]=0, x[0]=63.0, y[0]=330.0, toolType[0]=TOOL_TYPE_UNKNOWN, buttonState=0, metaState=0, flags=0x0, edgeFlags=0x0, pointerCount=1, historySize=0, eventTime=147805, downTime=147769, deviceId=0, source=0x1002 }
D/InputEventConsistencyVerifier( 1008):   3: sent at 147770000000, MotionEvent { action=ACTION_DOWN, id[0]=0, x[0]=67.0, y[0]=327.0, toolType[0]=TOOL_TYPE_UNKNOWN, buttonState=0, metaState=0, flags=0x0, edgeFlags=0x0, pointerCount=1, historySize=0, eventTime=147770, downTime=147769, deviceId=0, source=0x1002 }
D/InputEventConsistencyVerifier( 1008):   4: sent at 147632000000, (unhandled) KeyEvent { action=ACTION_UP, keyCode=KEYCODE_DPAD_UP, scanCode=0, metaState=0, flags=0x80000008, repeatCount=0, eventTime=147632, downTime=147632, deviceId=-1, source=0x101 }
D/InputEventConsistencyVerifier( 1008):   5: sent at 146238000000, (unhandled) KeyEvent { action=ACTION_UP, keyCode=KEYCODE_MENU, scanCode=0, metaState=0, flags=0x8, repeatCount=0, eventTime=146238, downTime=146238, deviceId=-1, source=0x101 }
E/WVMExtractor(   61): Failed to open libwvm.so
D/InputEventConsistencyVerifier( 1008): KeyEvent: ACTION_UP but key was not down.
D/InputEventConsistencyVerifier( 1008):   in android.widget.Button@b3ec9038
D/InputEventConsistencyVerifier( 1008):   0: sent at 148004000000, KeyEvent { action=ACTION_UP, keyCode=KEYCODE_DPAD_DOWN, scanCode=0, metaState=0, flags=0x400, repeatCount=0, eventTime=148004, downTime=148004, deviceId=-1, source=0x101 }
D/InputEventConsistencyVerifier( 1008):   -- recent events --
D/InputEventConsistencyVerifier( 1008):   1: sent at 145209000000, (unhandled) KeyEvent { action=ACTION_DOWN, keyCode=KEYCODE_DPAD_UP, scanCode=0, metaState=0, flags=0x8, repeatCount=0, eventTime=145209, downTime=145209, deviceId=-1, source=0x101 }
D/InputEventConsistencyVerifier( 1008):   2: sent at 145250000000, (unhandled) KeyEvent { action=ACTION_UP, keyCode=KEYCODE_DPAD_LEFT, scanCode=0, metaState=0, flags=0x400, repeatCount=0, eventTime=145250, downTime=145250, deviceId=-1, source=0x101 }
D/InputEventConsistencyVerifier( 1008):   3: sent at 145250000000, (unhandled) KeyEvent { action=ACTION_DOWN, keyCode=KEYCODE_DPAD_LEFT, scanCode=0, metaState=0, flags=0x400, repeatCount=0, eventTime=145250, downTime=145250, deviceId=-1, source=0x101 }
D/InputEventConsistencyVerifier( 1008):   4: sent at 145249000000, (unhandled) KeyEvent { action=ACTION_UP, keyCode=KEYCODE_DPAD_LEFT, scanCode=0, metaState=0, flags=0x400, repeatCount=0, eventTime=145249, downTime=145249, deviceId=-1, source=0x101 }
D/InputEventConsistencyVerifier( 1008):   5: sent at 145249000000, (unhandled) KeyEvent { action=ACTION_DOWN, keyCode=KEYCODE_DPAD_LEFT, scanCode=0, metaState=0, flags=0x400, repeatCount=0, eventTime=145249, downTime=145249, deviceId=-1, source=0x101 }
E/WVMExtractor(   61): Failed to open libwvm.so
E/WVMExtractor(   61): Failed to open libwvm.so
D/InputEventConsistencyVerifier( 1008): KeyEvent: ACTION_UP but key was not down.
D/InputEventConsistencyVerifier( 1008):   in android.widget.ScrollView@b3ec5db8
D/InputEventConsistencyVerifier( 1008):   0: sent at 148793000000, KeyEvent { action=ACTION_UP, keyCode=KEYCODE_DPAD_UP, scanCode=0, metaState=0, flags=0x400, repeatCount=0, eventTime=148793, downTime=148793, deviceId=-1, source=0x101 }
D/InputEventConsistencyVerifier( 1008):   -- recent events --
D/InputEventConsistencyVerifier( 1008):   1: sent at 148003000000, (unhandled) KeyEvent { action=ACTION_DOWN, keyCode=KEYCODE_DPAD_DOWN, scanCode=0, metaState=0, flags=0x400, repeatCount=0, eventTime=148003, downTime=148003, deviceId=-1, source=0x101 }
D/InputEventConsistencyVerifier( 1008):   2: sent at 148002000000, (unhandled) KeyEvent { action=ACTION_UP, keyCode=KEYCODE_DPAD_DOWN, scanCode=0, metaState=0, flags=0x80000400, repeatCount=0, eventTime=148002, downTime=148002, deviceId=-1, source=0x101 }
D/InputEventConsistencyVerifier( 1008):   3: sent at 147805000000, MotionEvent { action=ACTION_UP, id[0]=0, x[0]=63.0, y[0]=254.0, toolType[0]=TOOL_TYPE_UNKNOWN, buttonState=0, metaState=0, flags=0x0, edgeFlags=0x0, pointerCount=1, historySize=0, eventTime=147805, downTime=147769, deviceId=0, source=0x1002 }
D/InputEventConsistencyVerifier( 1008):   4: sent at 147770000000, MotionEvent { action=ACTION_DOWN, id[0]=0, x[0]=67.0, y[0]=251.0, toolType[0]=TOOL_TYPE_UNKNOWN, buttonState=0, metaState=0, flags=0x0, edgeFlags=0x0, pointerCount=1, historySize=0, eventTime=147770, downTime=147769, deviceId=0, source=0x1002 }
D/InputEventConsistencyVerifier( 1008):   5: sent at 146238000000, (unhandled) KeyEvent { action=ACTION_UP, keyCode=KEYCODE_MENU, scanCode=0, metaState=0, flags=0x8, repeatCount=0, eventTime=146238, downTime=146238, deviceId=-1, source=0x101 }
E/WVMExtractor(   61): Failed to open libwvm.so
E/WVMExtractor(   61): Failed to open libwvm.so
E/WVMExtractor(   61): Failed to open libwvm.so
E/WVMExtractor(   61): Failed to open libwvm.so
W/DroidBox( 1074): DroidBox: { "ServiceStart": { "name": "com.android.music.MediaPlaybackService" } }
W/DroidBox( 1074): DroidBox: { "ServiceStart": { "name": "com.android.music.MediaPlaybackService" } }
D/InputEventConsistencyVerifier( 1008): KeyEvent: ACTION_UP but key was not down.
D/InputEventConsistencyVerifier( 1008):   in com.android.internal.policy.impl.PhoneWindow$DecorView@b3e84108
D/InputEventConsistencyVerifier( 1008):   0: sent at 150165000000, KeyEvent { action=ACTION_UP, keyCode=KEYCODE_DPAD_CENTER, scanCode=0, metaState=0, flags=0x8, repeatCount=0, eventTime=150165, downTime=150165, deviceId=-1, source=0x101 }
D/InputEventConsistencyVerifier( 1008):   -- recent events --
D/InputEventConsistencyVerifier( 1008):   1: sent at 150075000000, (unhandled) KeyEvent { action=ACTION_UP, keyCode=KEYCODE_META_RIGHT, scanCode=0, metaState=0, flags=0x8, repeatCount=0, eventTime=150075, downTime=150075, deviceId=-1, source=0x101 }
D/InputEventConsistencyVerifier( 1008):   2: sent at 150003000000, (unhandled) KeyEvent { action=ACTION_DOWN, keyCode=KEYCODE_META_RIGHT, scanCode=0, metaState=0, flags=0x8, repeatCount=0, eventTime=150003, downTime=150003, deviceId=-1, source=0x101 }
D/InputEventConsistencyVerifier( 1008):   3: sent at 149907000000, (unhandled) KeyEvent { action=ACTION_UP, keyCode=KEYCODE_MEDIA_PREVIOUS, scanCode=0, metaState=0, flags=0x8, repeatCount=0, eventTime=149907, downTime=149907, deviceId=-1, source=0x101 }
D/InputEventConsistencyVerifier( 1008):   4: sent at 149749000000, (unhandled) KeyEvent { action=ACTION_DOWN, keyCode=KEYCODE_MEDIA_PREVIOUS, scanCode=0, metaState=0, flags=0x8, repeatCount=0, eventTime=149749, downTime=149749, deviceId=-1, source=0x101 }
D/InputEventConsistencyVerifier( 1008):   5: sent at 149742000000, MotionEvent { action=ACTION_UP, id[0]=0, x[0]=0.0, y[0]=351.0, toolType[0]=TOOL_TYPE_UNKNOWN, buttonState=0, metaState=0, flags=0x0, edgeFlags=0x0, pointerCount=1, historySize=0, eventTime=149742, downTime=149677, deviceId=0, source=0x1002 }
I/AudioService(  228):  AudioFocus  requestAudioFocus() from android.media.AudioManager@b3e67ef8com.android.music.MediaPlaybackService$3@b3e66370
I/Choreographer( 1008): Skipped 31 frames!  The application may be doing too much work on its main thread.
E/WVMExtractor(   61): Failed to open libwvm.so
I/AudioService(  228):   Remote Control   registerMediaButtonIntent() for PendingIntent{b402cf30: PendingIntentRecord{b410fd58 com.android.music broadcastIntent}}
D/InputEventConsistencyVerifier( 1008): KeyEvent: ACTION_UP but key was not down.
D/InputEventConsistencyVerifier( 1008):   in com.android.internal.policy.impl.PhoneWindow$DecorView@b3e84108
D/InputEventConsistencyVerifier( 1008):   0: sent at 150735000000, KeyEvent { action=ACTION_UP, keyCode=KEYCODE_DPAD_CENTER, scanCode=0, metaState=0, flags=0x8, repeatCount=0, eventTime=150735, downTime=150735, deviceId=-1, source=0x101 }
D/InputEventConsistencyVerifier( 1008):   -- recent events --
D/InputEventConsistencyVerifier( 1008):   1: sent at 150556000000, (unhandled) KeyEvent { action=ACTION_UP, keyCode=KEYCODE_MEDIA_RECORD, scanCode=0, metaState=0, flags=0x8, repeatCount=0, eventTime=150556, downTime=150556, deviceId=-1, source=0x101 }
D/InputEventConsistencyVerifier( 1008):   2: sent at 150440000000, (unhandled) KeyEvent { action=ACTION_DOWN, keyCode=KEYCODE_MEDIA_RECORD, scanCode=0, metaState=0, flags=0x8, repeatCount=0, eventTime=150440, downTime=150440, deviceId=-1, source=0x101 }
D/InputEventConsistencyVerifier( 1008):   3: sent at 150374000000, MotionEvent { action=ACTION_UP, id[0]=0, x[0]=27.0, y[0]=399.0, toolType[0]=TOOL_TYPE_UNKNOWN, buttonState=0, metaState=0, flags=0x0, edgeFlags=0x0, pointerCount=1, historySize=0, eventTime=150374, downTime=150296, deviceId=0, source=0x1002 }
D/InputEventConsistencyVerifier( 1008):   4: sent at 150372000000, MotionEvent { action=ACTION_MOVE, id[0]=0, x[0]=27.0, y[0]=406.0, toolType[0]=TOOL_TYPE_UNKNOWN, buttonState=0, metaState=0, flags=0x0, edgeFlags=0x0, pointerCount=1, historySize=2, eventTime=150372, downTime=150296, deviceId=0, source=0x1002 }
D/InputEventConsistencyVerifier( 1008):   5: sent at 150331391500, MotionEvent { action=ACTION_MOVE, id[0]=0, x[0]=25.141312, y[0]=420.15213, toolType[0]=TOOL_TYPE_UNKNOWN, buttonState=0, metaState=0, flags=0x0, edgeFlags=0x0, pointerCount=1, historySize=5, eventTime=150331, downTime=150296, deviceId=0, source=0x1002 }
D/InputEventConsistencyVerifier( 1008): KeyEvent: ACTION_UP but key was not down.
D/InputEventConsistencyVerifier( 1008):   in android.widget.Button@b3ec79b0
D/InputEventConsistencyVerifier( 1008):   0: sent at 150971000000, KeyEvent { action=ACTION_UP, keyCode=KEYCODE_DPAD_DOWN, scanCode=0, metaState=0, flags=0x400, repeatCount=0, eventTime=150971, downTime=150971, deviceId=-1, source=0x101 }
D/InputEventConsistencyVerifier( 1008):   -- recent events --
D/InputEventConsistencyVerifier( 1008):   1: sent at 149365000000, (unhandled) KeyEvent { action=ACTION_UP, keyCode=KEYCODE_DPAD_DOWN, scanCode=0, metaState=0, flags=0x8, repeatCount=0, eventTime=149365, downTime=149365, deviceId=-1, source=0x101 }
D/InputEventConsistencyVerifier( 1008):   2: sent at 148793000000, (unhandled) KeyEvent { action=ACTION_DOWN, keyCode=KEYCODE_DPAD_UP, scanCode=0, metaState=0, flags=0x400, repeatCount=0, eventTime=148793, downTime=148793, deviceId=-1, source=0x101 }
D/InputEventConsistencyVerifier( 1008):   3: sent at 148779000000, (unhandled) KeyEvent { action=ACTION_UP, keyCode=KEYCODE_DPAD_UP, scanCode=0, metaState=0, flags=0x400, repeatCount=0, eventTime=148779, downTime=148779, deviceId=-1, source=0x101 }
D/InputEventConsistencyVerifier( 1008):   4: sent at 148004000000, (unhandled) KeyEvent { action=ACTION_DOWN, keyCode=KEYCODE_DPAD_DOWN, scanCode=0, metaState=0, flags=0x400, repeatCount=0, eventTime=148004, downTime=148004, deviceId=-1, source=0x101 }
D/InputEventConsistencyVerifier( 1008):   5: sent at 148003000000, (unhandled) KeyEvent { action=ACTION_UP, keyCode=KEYCODE_DPAD_DOWN, scanCode=0, metaState=0, flags=0x400, repeatCount=0, eventTime=148003, downTime=148003, deviceId=-1, source=0x101 }
E/WVMExtractor(   61): Failed to open libwvm.so
D/InputEventConsistencyVerifier( 1008): KeyEvent: ACTION_UP but key was not down.
D/InputEventConsistencyVerifier( 1008):   in android.widget.Button@b3ec9038
D/InputEventConsistencyVerifier( 1008):   0: sent at 150981000000, KeyEvent { action=ACTION_UP, keyCode=KEYCODE_DPAD_DOWN, scanCode=0, metaState=0, flags=0x400, repeatCount=0, eventTime=150981, downTime=150981, deviceId=-1, source=0x101 }
D/InputEventConsistencyVerifier( 1008):   -- recent events --
D/InputEventConsistencyVerifier( 1008):   1: sent at 148779000000, (unhandled) KeyEvent { action=ACTION_DOWN, keyCode=KEYCODE_DPAD_UP, scanCode=0, metaState=0, flags=0x400, repeatCount=0, eventTime=148779, downTime=148779, deviceId=-1, source=0x101 }
D/InputEventConsistencyVerifier( 1008):   2: sent at 148761000000, MotionEvent { action=ACTION_MOVE, id[0]=0, x[0]=0.0, y[0]=-4.0, toolType[0]=TOOL_TYPE_UNKNOWN, buttonState=0, metaState=0, flags=0x0, edgeFlags=0x0, pointerCount=1, historySize=6, eventTime=148761, downTime=-1, deviceId=0, source=0x10004 }
D/InputEventConsistencyVerifier( 1008):   3: sent at 148030000000, (unhandled) KeyEvent { action=ACTION_UP, keyCode=KEYCODE_DPAD_LEFT, scanCode=0, metaState=0, flags=0x8, repeatCount=0, eventTime=148030, downTime=148030, deviceId=-1, source=0x101 }
D/InputEventConsistencyVerifier( 1008):   4: sent at 147823000000, (unhandled) KeyEvent { action=ACTION_DOWN, keyCode=KEYCODE_DPAD_LEFT, scanCode=0, metaState=0, flags=0x8, repeatCount=0, eventTime=147823, downTime=147823, deviceId=-1, source=0x101 }
D/InputEventConsistencyVerifier( 1008):   5: sent at 148004000000, (unhandled) KeyEvent { action=ACTION_UP, keyCode=KEYCODE_DPAD_DOWN, scanCode=0, metaState=0, flags=0x80000400, repeatCount=0, eventTime=148004, downTime=148004, deviceId=-1, source=0x101 }
E/WVMExtractor(   61): Failed to open libwvm.so
D/InputEventConsistencyVerifier( 1008): KeyEvent: ACTION_UP but key was not down.
D/InputEventConsistencyVerifier( 1008):   in android.widget.ScrollView@b3ec5db8
D/InputEventConsistencyVerifier( 1008):   0: sent at 150988000000, KeyEvent { action=ACTION_UP, keyCode=KEYCODE_DPAD_UP, scanCode=0, metaState=0, flags=0x400, repeatCount=0, eventTime=150988, downTime=150988, deviceId=-1, source=0x101 }
D/InputEventConsistencyVerifier( 1008):   -- recent events --
D/InputEventConsistencyVerifier( 1008):   1: sent at 150971000000, (unhandled) KeyEvent { action=ACTION_DOWN, keyCode=KEYCODE_DPAD_DOWN, scanCode=0, metaState=0, flags=0x400, repeatCount=0, eventTime=150971, downTime=150971, deviceId=-1, source=0x101 }
D/InputEventConsistencyVerifier( 1008):   2: sent at 150868000000, (unhandled) MotionEvent { action=ACTION_MOVE, id[0]=0, x[0]=-3.0, y[0]=-4.0, toolType[0]=TOOL_TYPE_UNKNOWN, buttonState=0, metaState=0, flags=0x0, edgeFlags=0x0, pointerCount=1, historySize=7, eventTime=150868, downTime=-1, deviceId=0, source=0x10004 }
D/InputEventConsistencyVerifier( 1008):   3: sent at 150812000000, (unhandled) MotionEvent { action=ACTION_MOVE, id[0]=0, x[0]=-2.0, y[0]=3.0, toolType[0]=TOOL_TYPE_UNKNOWN, buttonState=0, metaState=0, flags=0x0, edgeFlags=0x0, pointerCount=1, historySize=1, eventTime=150812, downTime=-1, deviceId=0, source=0x10004 }
D/InputEventConsistencyVerifier( 1008):   4: sent at 150735000000, (unhandled) KeyEvent { action=ACTION_UP, keyCode=KEYCODE_DPAD_CENTER, scanCode=0, metaState=0, flags=0x80000008, repeatCount=0, eventTime=150735, downTime=150735, deviceId=-1, source=0x101 }
D/InputEventConsistencyVerifier( 1008):   5: sent at 150374000000, MotionEvent { action=ACTION_UP, id[0]=0, x[0]=27.0, y[0]=323.0, toolType[0]=TOOL_TYPE_UNKNOWN, buttonState=0, metaState=0, flags=0x0, edgeFlags=0x0, pointerCount=1, historySize=0, eventTime=150374, downTime=150296, deviceId=0, source=0x1002 }
E/WVMExtractor(   61): Failed to open libwvm.so
I/ActivityManager(  228): START {act=android.intent.action.MAIN cat=[android.intent.category.HOME] flg=0x10200000 cmp=com.android.launcher/com.android.launcher2.Launcher u=0} from pid 228
E/WVMExtractor(   61): Failed to open libwvm.so
E/WVMExtractor(   61): Failed to open libwvm.so
D/InputEventConsistencyVerifier( 1008): KeyEvent: ACTION_UP but key was not down.
D/InputEventConsistencyVerifier( 1008):   in com.android.internal.policy.impl.PhoneWindow$DecorView@b3e84108
D/InputEventConsistencyVerifier( 1008):   0: sent at 153162000000, KeyEvent { action=ACTION_UP, keyCode=KEYCODE_DPAD_DOWN, scanCode=0, metaState=0, flags=0x8, repeatCount=0, eventTime=153162, downTime=153162, deviceId=-1, source=0x101 }
D/InputEventConsistencyVerifier( 1008):   -- recent events --
D/InputEventConsistencyVerifier( 1008):   1: sent at 153129000000, MotionEvent { action=ACTION_UP, id[0]=0, x[0]=309.0, y[0]=522.0, toolType[0]=TOOL_TYPE_UNKNOWN, buttonState=0, metaState=0, flags=0x0, edgeFlags=0x0, pointerCount=1, historySize=0, eventTime=153129, downTime=153109, deviceId=0, source=0x1002 }
D/InputEventConsistencyVerifier( 1008):   2: sent at 153121000000, MotionEvent { action=ACTION_DOWN, id[0]=0, x[0]=305.0, y[0]=509.0, toolType[0]=TOOL_TYPE_UNKNOWN, buttonState=0, metaState=0, flags=0x0, edgeFlags=0x0, pointerCount=1, historySize=0, eventTime=153121, downTime=153109, deviceId=0, source=0x1002 }
D/InputEventConsistencyVerifier( 1008):   3: sent at 153101000000, MotionEvent { action=ACTION_UP, id[0]=0, x[0]=188.0, y[0]=558.5, toolType[0]=TOOL_TYPE_UNKNOWN, buttonState=0, metaState=0, flags=0x0, edgeFlags=0x0, pointerCount=1, historySize=0, eventTime=153101, downTime=152995, deviceId=0, source=0x1002 }
D/InputEventConsistencyVerifier( 1008):   4: sent at 153044000000, MotionEvent { action=ACTION_MOVE, id[0]=0, x[0]=188.0, y[0]=558.5, toolType[0]=TOOL_TYPE_UNKNOWN, buttonState=0, metaState=0, flags=0x0, edgeFlags=0x0, pointerCount=1, historySize=5, eventTime=153044, downTime=152995, deviceId=0, source=0x1002 }
D/InputEventConsistencyVerifier( 1008):   5: sent at 152997000000, MotionEvent { action=ACTION_DOWN, id[0]=0, x[0]=156.0, y[0]=542.0, toolType[0]=TOOL_TYPE_UNKNOWN, buttonState=0, metaState=0, flags=0x0, edgeFlags=0x0, pointerCount=1, historySize=0, eventTime=152997, downTime=152995, deviceId=0, source=0x1002 }
E/WVMExtractor(   61): Failed to open libwvm.so
D/InputEventConsistencyVerifier( 1008): KeyEvent: ACTION_UP but key was not down.
D/InputEventConsistencyVerifier( 1008):   in com.android.internal.policy.impl.PhoneWindow$DecorView@b3e84108
D/InputEventConsistencyVerifier( 1008):   0: sent at 153594000000, KeyEvent { action=ACTION_UP, keyCode=KEYCODE_DPAD_CENTER, scanCode=0, metaState=0, flags=0x8, repeatCount=0, eventTime=153594, downTime=153594, deviceId=-1, source=0x101 }
D/InputEventConsistencyVerifier( 1008):   -- recent events --
D/InputEventConsistencyVerifier( 1008):   1: sent at 153422000000, (unhandled) KeyEvent { action=ACTION_UP, keyCode=KEYCODE_MEDIA_PLAY, scanCode=0, metaState=0, flags=0x8, repeatCount=0, eventTime=153422, downTime=153422, deviceId=-1, source=0x101 }
D/InputEventConsistencyVerifier( 1008):   2: sent at 153259000000, (unhandled) KeyEvent { action=ACTION_DOWN, keyCode=KEYCODE_MEDIA_PLAY, scanCode=0, metaState=0, flags=0x8, repeatCount=0, eventTime=153259, downTime=153259, deviceId=-1, source=0x101 }
D/InputEventConsistencyVerifier( 1008):   3: sent at 153252000000, MotionEvent { action=ACTION_UP, id[0]=0, x[0]=436.0, y[0]=614.0, toolType[0]=TOOL_TYPE_UNKNOWN, buttonState=0, metaState=0, flags=0x0, edgeFlags=0x0, pointerCount=1, historySize=0, eventTime=153252, downTime=153235, deviceId=0, source=0x1002 }
D/InputEventConsistencyVerifier( 1008):   4: sent at 153235000000, MotionEvent { action=ACTION_DOWN, id[0]=0, x[0]=449.0, y[0]=614.0, toolType[0]=TOOL_TYPE_UNKNOWN, buttonState=0, metaState=0, flags=0x0, edgeFlags=0x0, pointerCount=1, historySize=0, eventTime=153235, downTime=153235, deviceId=0, source=0x1002 }
D/InputEventConsistencyVerifier( 1008):   5: sent at 153162000000, (unhandled) KeyEvent { action=ACTION_UP, keyCode=KEYCODE_DPAD_DOWN, scanCode=0, metaState=0, flags=0x80000008, repeatCount=0, eventTime=153162, downTime=153162, deviceId=-1, source=0x101 }
W/DroidBox( 1074): DroidBox: { "ServiceStart": { "name": "com.android.music.MediaPlaybackService" } }
W/DroidBox( 1074): DroidBox: { "ServiceStart": { "name": "com.android.music.MediaPlaybackService" } }
I/AudioService(  228):  AudioFocus  requestAudioFocus() from android.media.AudioManager@b3e67ef8com.android.music.MediaPlaybackService$3@b3e66370
I/ActivityManager(  228): START {act=android.intent.action.VIEW dat=http://ozzi1.net/?u=android-operamini.com/Opera_Mini_6_5_Android.apk?dl cmp=com.android.browser/.BrowserActivity u=0} from pid 1008
E/WVMExtractor(   61): Failed to open libwvm.so
I/Choreographer( 1008): Skipped 38 frames!  The application may be doing too much work on its main thread.
I/AudioService(  228):   Remote Control   registerMediaButtonIntent() for PendingIntent{b4249998: PendingIntentRecord{b410fd58 com.android.music broadcastIntent}}
E/WVMExtractor(   61): Failed to open libwvm.so
D/InputEventConsistencyVerifier( 1008): KeyEvent: ACTION_UP but key was not down.
D/InputEventConsistencyVerifier( 1008):   in android.view.ViewRootImpl@b3e81498
D/InputEventConsistencyVerifier( 1008):   0: sent at 155327000000, KeyEvent { action=ACTION_UP, keyCode=KEYCODE_DPAD_CENTER, scanCode=0, metaState=0, flags=0x8, repeatCount=0, eventTime=155327, downTime=155327, deviceId=-1, source=0x101 }
D/InputEventConsistencyVerifier( 1008):   -- recent events --
D/InputEventConsistencyVerifier( 1008):   1: sent at 154241000000, KeyEvent { action=ACTION_UP, keyCode=KEYCODE_MENU, scanCode=0, metaState=0, flags=0x8, repeatCount=0, eventTime=154241, downTime=154241, deviceId=-1, source=0x101 }
D/InputEventConsistencyVerifier( 1008):   2: sent at 154179000000, KeyEvent { action=ACTION_DOWN, keyCode=KEYCODE_MENU, scanCode=0, metaState=0, flags=0x8, repeatCount=0, eventTime=154179, downTime=154179, deviceId=-1, source=0x101 }
D/InputEventConsistencyVerifier( 1008):   3: sent at 154173000000, MotionEvent { action=ACTION_UP, id[0]=0, x[0]=430.0, y[0]=717.0, toolType[0]=TOOL_TYPE_UNKNOWN, buttonState=0, metaState=0, flags=0x0, edgeFlags=0x0, pointerCount=1, historySize=0, eventTime=154173, downTime=153911, deviceId=0, source=0x1002 }
D/InputEventConsistencyVerifier( 1008):   4: sent at 154100000000, MotionEvent { action=ACTION_MOVE, id[0]=0, x[0]=421.0, y[0]=717.0, toolType[0]=TOOL_TYPE_UNKNOWN, buttonState=0, metaState=0, flags=0x0, edgeFlags=0x0, pointerCount=1, historySize=5, eventTime=154100, downTime=153911, deviceId=0, source=0x1002 }
D/InputEventConsistencyVerifier( 1008):   5: sent at 153915000000, MotionEvent { action=ACTION_DOWN, id[0]=0, x[0]=393.0, y[0]=686.0, toolType[0]=TOOL_TYPE_UNKNOWN, buttonState=0, metaState=0, flags=0x0, edgeFlags=0x0, pointerCount=1, historySize=0, eventTime=153915, downTime=153911, deviceId=0, source=0x1002 }
W/InputMethodManagerService(  228): Window already focused, ignoring focus gain of: com.android.internal.view.IInputMethodClient$Stub$Proxy@b4188960 attribute=null
W/dalvikvm(  987): DroidBox: { "FdAccess": { "path": "2f6465762f696e7075742f6576656e7430", "id": "1007593124" } }
W/DroidBox(  987): DroidBox: { "FileRW": { "operation": "write", "data": "efbfbd060000efbfbdefbfbd0c000500000000000000", "id": "1007593124" } }
I/Choreographer( 1008): Skipped 38 frames!  The application may be doing too much work on its main thread.
E/WVMExtractor(   61): Failed to open libwvm.so
E/WVMExtractor(   61): Failed to open libwvm.so
I/Choreographer( 1008): Skipped 35 frames!  The application may be doing too much work on its main thread.
I/ActivityManager(  228): START {act=android.intent.action.VIEW dat=http://ozzi1.net/?u=android-operamini.com/Opera_Mini_6_5_Android.apk?dl cmp=com.android.browser/.BrowserActivity u=0} from pid 1008
D/InputEventConsistencyVerifier( 1008): KeyEvent: ACTION_UP but key was not down.
D/InputEventConsistencyVerifier( 1008):   in com.android.internal.policy.impl.PhoneWindow$DecorView@b3e84108
D/InputEventConsistencyVerifier( 1008):   0: sent at 156300000000, KeyEvent { action=ACTION_UP, keyCode=KEYCODE_DPAD_DOWN, scanCode=0, metaState=0, flags=0x400, repeatCount=0, eventTime=156300, downTime=156300, deviceId=-1, source=0x101 }
D/InputEventConsistencyVerifier( 1008):   -- recent events --
D/InputEventConsistencyVerifier( 1008):   1: sent at 155858000000, (unhandled) MotionEvent { action=ACTION_MOVE, id[0]=0, x[0]=1.0, y[0]=1.0, toolType[0]=TOOL_TYPE_UNKNOWN, buttonState=0, metaState=0, flags=0x0, edgeFlags=0x0, pointerCount=1, historySize=1, eventTime=155858, downTime=-1, deviceId=0, source=0x10004 }
D/InputEventConsistencyVerifier( 1008):   2: sent at 155852000000, (unhandled) MotionEvent { action=ACTION_MOVE, id[0]=0, x[0]=1.0, y[0]=2.0, toolType[0]=TOOL_TYPE_UNKNOWN, buttonState=0, metaState=0, flags=0x0, edgeFlags=0x0, pointerCount=1, historySize=14, eventTime=155852, downTime=-1, deviceId=0, source=0x10004 }
D/InputEventConsistencyVerifier( 1008):   3: sent at 155880000000, MotionEvent { action=ACTION_UP, id[0]=0, x[0]=306.0, y[0]=699.0, toolType[0]=TOOL_TYPE_UNKNOWN, buttonState=0, metaState=0, flags=0x0, edgeFlags=0x0, pointerCount=1, historySize=0, eventTime=155880, downTime=155874, deviceId=0, source=0x1002 }
D/InputEventConsistencyVerifier( 1008):   4: sent at 155874000000, MotionEvent { action=ACTION_DOWN, id[0]=0, x[0]=307.0, y[0]=706.0, toolType[0]=TOOL_TYPE_UNKNOWN, buttonState=0, metaState=0, flags=0x0, edgeFlags=0x0, pointerCount=1, historySize=0, eventTime=155874, downTime=155874, deviceId=0, source=0x1002 }
D/InputEventConsistencyVerifier( 1008):   5: sent at 155598000000, MotionEvent { action=ACTION_UP, id[0]=0, x[0]=401.0, y[0]=438.0, toolType[0]=TOOL_TYPE_UNKNOWN, buttonState=0, metaState=0, flags=0x0, edgeFlags=0x0, pointerCount=1, historySize=0, eventTime=155598, downTime=155552, deviceId=0, source=0x1002 }
E/WVMExtractor(   61): Failed to open libwvm.so
E/WVMExtractor(   61): Failed to open libwvm.so
I/ActivityManager(  228): START {act=android.intent.action.MAIN cat=[android.intent.category.HOME] flg=0x10200000 cmp=com.android.launcher/com.android.launcher2.Launcher u=0} from pid 228
I/NetworkPolicy(  228): no policy for active mobile network; generating default policy
I/ActivityManager(  228): START {act=android.intent.action.VIEW dat=http://ozzi1.net/?u=android-operamini.com/Opera_Mini_6_5_Android.apk?dl cmp=com.android.browser/.BrowserActivity u=0} from pid 1008
I/Choreographer( 1008): Skipped 63 frames!  The application may be doing too much work on its main thread.
I/InputDispatcher(  228): Dropped event because of pending overdue app switch.
W/InputManager(  228): Input event injection from pid 987 failed.
I/ActivityManager(  228): START {act=android.intent.action.MAIN cat=[android.intent.category.LAUNCHER] flg=0x10200000 cmp=Jk7H.PwcD/.SLYfoMdG u=0} from pid 987
W/BackupManagerService(  228): dataChanged but no participant pkg='com.android.providers.settings' uid=10011
E/NetdConnector(  228): NDC Command {11 bandwidth setiquota eth0 9223372036854775807} took too long (1357ms)
E/WVMExtractor(   61): Failed to open libwvm.so
I/ActivityManager(  228): START {act=android.intent.action.VIEW dat=http://ozzi1.net/?u=android-operamini.com/Opera_Mini_6_5_Android.apk?dl cmp=com.android.browser/.BrowserActivity u=0} from pid 1008
I/Choreographer( 1008): Skipped 41 frames!  The application may be doing too much work on its main thread.
E/WVMExtractor(   61): Failed to open libwvm.so
