W/DroidBox(  968): DroidBox: { "FileRW": { "operation": "read", "data": "20205049442020202020205673732020202020205273732020202020205073732020202020205573732020636d646c696e650a202036323520202036323632384b20202036323533324b20202032363938394b20202032313733324b2020636f6d2e616e", "id": "1429504509" } }
W/dalvikvm(  968): DroidBox: { "FdAccess": { "path": "706970653a5b343932335d", "id": "90895042" } }
W/DroidBox(  968): DroidBox: { "FileRW": { "operation": "read", "data": "00000000000000000000000000000000000000000000000000000000000000000000000000000000000000000000000000000000000000000000000000000000000000000000000000000000000000000000000000000000000000000000000000000000", "id": "90895042" } }
E/WVMExtractor(   62): Failed to open libwvm.so
E/WVMExtractor(   62): Failed to open libwvm.so
E/WVMExtractor(   62): Failed to open libwvm.so
E/WVMExtractor(   62): Failed to open libwvm.so
E/WVMExtractor(   62): Failed to open libwvm.so
E/WVMExtractor(   62): Failed to open libwvm.so
E/WVMExtractor(   62): Failed to open libwvm.so
E/WVMExtractor(   62): Failed to open libwvm.so
E/WVMExtractor(   62): Failed to open libwvm.so
E/WVMExtractor(   62): Failed to open libwvm.so
E/WVMExtractor(   62): Failed to open libwvm.so
E/WVMExtractor(   62): Failed to open libwvm.so
E/WVMExtractor(   62): Failed to open libwvm.so
E/WVMExtractor(   62): Failed to open libwvm.so
E/WVMExtractor(   62): Failed to open libwvm.so
E/WVMExtractor(   62): Failed to open libwvm.so
E/WVMExtractor(   62): Failed to open libwvm.so
E/WVMExtractor(   62): Failed to open libwvm.so
E/WVMExtractor(   62): Failed to open libwvm.so
E/WVMExtractor(   62): Failed to open libwvm.so
E/WVMExtractor(   62): Failed to open libwvm.so
E/WVMExtractor(   62): Failed to open libwvm.so
E/WVMExtractor(   62): Failed to open libwvm.so
E/WVMExtractor(   62): Failed to open libwvm.so
E/WVMExtractor(   62): Failed to open libwvm.so
E/WVMExtractor(   62): Failed to open libwvm.so
E/WVMExtractor(   62): Failed to open libwvm.so
E/WVMExtractor(   62): Failed to open libwvm.so
E/WVMExtractor(   62): Failed to open libwvm.so
E/WVMExtractor(   62): Failed to open libwvm.so
E/WVMExtractor(   62): Failed to open libwvm.so
E/WVMExtractor(   62): Failed to open libwvm.so
E/WVMExtractor(   62): Failed to open libwvm.so
E/WVMExtractor(   62): Failed to open libwvm.so
E/WVMExtractor(   62): Failed to open libwvm.so
E/WVMExtractor(   62): Failed to open libwvm.so
E/WVMExtractor(   62): Failed to open libwvm.so
E/WVMExtractor(   62): Failed to open libwvm.so
E/WVMExtractor(   62): Failed to open libwvm.so
E/WVMExtractor(   62): Failed to open libwvm.so
E/WVMExtractor(   62): Failed to open libwvm.so
E/WVMExtractor(   62): Failed to open libwvm.so
W/dalvikvm(  968): DroidBox: { "FdAccess": { "path": "706970653a5b353137395d", "id": "1136040260" } }
W/DroidBox(  968): DroidBox: { "FileRW": { "operation": "read", "data": "0a0a2d2d2d2d2d207069642032333220617420323032342d30392d33302031333a31323a3237202d2d2d2d2d0a436d64206c696e653a2073797374656d5f7365727665720a0a44414c56494b20544852454144533a0a286d7574657865733a20746c6c3d", "id": "1136040260" } }
W/BackupManagerService(  232): dataChanged but no participant pkg='com.android.providers.settings' uid=10011
W/dalvikvm(  968): DroidBox: { "FdAccess": { "path": "706970653a5b353137395d", "id": "739268482" } }
W/DroidBox(  968): DroidBox: { "FileRW": { "operation": "read", "data": "20202330362020706320303030313264623020202f73797374656d2f6c69622f6c6962632e736f20285f5f7468726561645f656e7472792b3438290a20202330372020706320303030313235313420202f73797374656d2f6c69622f6c6962632e736f20", "id": "739268482" } }
W/dalvikvm(  968): DroidBox: { "FdAccess": { "path": "706970653a5b353137395d", "id": "2109254962" } }
W/DroidBox(  968): DroidBox: { "FileRW": { "operation": "read", "data": "61743d282033343030303030303020313331303030303030302034383420292075746d3d33332073746d3d3120636f72653d300a20202330302020706320303030306362363020202f73797374656d2f6c69622f6c6962632e736f20285f5f696f63746c", "id": "2109254962" } }
E/WVMExtractor(   62): Failed to open libwvm.so
E/WVMExtractor(   62): Failed to open libwvm.so
E/MetadataRetrieverClient(   62): failed to extract an album art
E/WVMExtractor(   62): Failed to open libwvm.so
W/dalvikvm(  968): DroidBox: { "FdAccess": { "path": "706970653a5b353137395d", "id": "1978184614" } }
W/DroidBox(  968): DroidBox: { "FileRW": { "operation": "read", "data": "7065723a3a706f6c6c4f6e636528696e742c20696e742a2c20696e742a2c20766f69642a2a292b313034290a20202330332020706320303030356230336620202f73797374656d2f6c69622f6c6962616e64726f69645f72756e74696d652e736f202861", "id": "1978184614" } }
E/WVMExtractor(   62): Failed to open libwvm.so
E/WVMExtractor(   62): Failed to open libwvm.so
W/dalvikvm(  968): DroidBox: { "FdAccess": { "path": "706970653a5b353137395d", "id": "1442253696" } }
W/DroidBox(  968): DroidBox: { "FileRW": { "operation": "read", "data": "62632e736f202865706f6c6c5f776169742b3132290a20202330312020706320303030313437353120202f73797374656d2f6c69622f6c69627574696c732e736f2028616e64726f69643a3a4c6f6f7065723a3a706f6c6c496e6e657228696e74292b39", "id": "1442253696" } }
E/WVMExtractor(   62): Failed to open libwvm.so
E/WVMExtractor(   62): Failed to open libwvm.so
E/WVMExtractor(   62): Failed to open libwvm.so
W/dalvikvm(  968): DroidBox: { "FdAccess": { "path": "706970653a5b353137395d", "id": "2017676191" } }
W/DroidBox(  968): DroidBox: { "FileRW": { "operation": "read", "data": "30290a0a22546574686572696e6722207072696f3d35207469643d3333204e41544956450a20207c2067726f75703d226d61696e222073436f756e743d31206473436f756e743d30206f626a3d307862336636633161382073656c663d30786237333935", "id": "2017676191" } }
E/WVMExtractor(   62): Failed to open libwvm.so
E/WVMExtractor(   62): Failed to open libwvm.so
W/dalvikvm(  968): DroidBox: { "FdAccess": { "path": "706970653a5b353137395d", "id": "749000931" } }
W/DroidBox(  968): DroidBox: { "FileRW": { "operation": "read", "data": "313732290a2020617420616e64726f69642e6f732e4d65737361676551756575652e6e6174697665506f6c6c4f6e6365284e6174697665204d6574686f64290a2020617420616e64726f69642e6f732e4d65737361676551756575652e6e657874284d65", "id": "749000931" } }
E/WVMExtractor(   62): Failed to open libwvm.so
E/WVMExtractor(   62): Failed to open libwvm.so
W/dalvikvm(  968): DroidBox: { "FdAccess": { "path": "706970653a5b353137395d", "id": "1207717392" } }
W/DroidBox(  968): DroidBox: { "FileRW": { "operation": "read", "data": "202330302020706320303030306461343020202f73797374656d2f6c69622f6c6962632e736f202865706f6c6c5f776169742b3132290a20202330312020706320303030313437353120202f73797374656d2f6c69622f6c69627574696c732e736f2028", "id": "1207717392" } }
E/WVMExtractor(   62): Failed to open libwvm.so
E/WVMExtractor(   62): Failed to open libwvm.so
W/dalvikvm(  968): DroidBox: { "FdAccess": { "path": "706970653a5b353137395d", "id": "1041465493" } }
W/DroidBox(  968): DroidBox: { "FileRW": { "operation": "read", "data": "4f626a6563742a2c204a56616c75652a2c202e2e2e292b3230290a20202331322020706320303030353834623920202f73797374656d2f6c69622f6c696264766d2e736f0a20202331332020706320303030313264623020202f73797374656d2f6c6962", "id": "1041465493" } }
E/WVMExtractor(   62): Failed to open libwvm.so
E/WVMExtractor(   62): Failed to open libwvm.so
W/dalvikvm(  968): DroidBox: { "FdAccess": { "path": "706970653a5b353137395d", "id": "313957504" } }
W/DroidBox(  968): DroidBox: { "FileRW": { "operation": "read", "data": "6c696264766d2e736f202864766d506c6174666f726d496e766f6b652b313132290a20202330352020706320303030353131323120202f73797374656d2f6c69622f6c696264766d2e736f202864766d43616c6c4a4e494d6574686f6428756e7369676e", "id": "313957504" } }
E/WVMExtractor(   62): Failed to open libwvm.so
E/WVMExtractor(   62): Failed to open libwvm.so
W/dalvikvm(  968): DroidBox: { "FdAccess": { "path": "706970653a5b353137395d", "id": "2122110622" } }
W/DroidBox(  968): DroidBox: { "FileRW": { "operation": "read", "data": "3030336366663120202f73797374656d2f6c69622f6c696264766d2e736f202864766d436865636b43616c6c4a4e494d6574686f6428756e7369676e656420696e7420636f6e73742a2c204a56616c75652a2c204d6574686f6420636f6e73742a2c2054", "id": "2122110622" } }
E/WVMExtractor(   62): Failed to open libwvm.so
E/WVMExtractor(   62): Failed to open libwvm.so
E/WVMExtractor(   62): Failed to open libwvm.so
W/dalvikvm(  968): DroidBox: { "FdAccess": { "path": "706970653a5b353137395d", "id": "83816888" } }
W/DroidBox(  968): DroidBox: { "FileRW": { "operation": "read", "data": "2330392020706320303030313235313420202f73797374656d2f6c69622f6c6962632e736f2028707468726561645f6372656174652b313732290a202061742064616c76696b2e73797374656d2e4e617469766553746172742e72756e284e6174697665", "id": "83816888" } }
E/WVMExtractor(   62): Failed to open libwvm.so
E/WVMExtractor(   62): Failed to open libwvm.so
W/dalvikvm(  968): DroidBox: { "FdAccess": { "path": "706970653a5b353137395d", "id": "1240213445" } }
W/DroidBox(  968): DroidBox: { "FileRW": { "operation": "read", "data": "6f202864766d496e74657270726574506f727461626c65285468726561642a292b31323238290a20202330382020706320303030326531653420202f73797374656d2f6c69622f6c696264766d2e736f202864766d496e74657270726574285468726561", "id": "1240213445" } }
E/WVMExtractor(   62): Failed to open libwvm.so
E/WVMExtractor(   62): Failed to open libwvm.so
W/dalvikvm(  968): DroidBox: { "FdAccess": { "path": "706970653a5b353137395d", "id": "1494795090" } }
E/WVMExtractor(   62): Failed to open libwvm.so
W/DroidBox(  968): DroidBox: { "FileRW": { "operation": "read", "data": "206174206a6176612e6c616e672e7265666c6563742e4d6574686f642e696e766f6b654e6174697665284e6174697665204d6574686f64290a20206174206a6176612e6c616e672e7265666c6563742e4d6574686f642e696e766f6b65284d6574686f64", "id": "1494795090" } }
E/WVMExtractor(   62): Failed to open libwvm.so
E/WVMExtractor(   62): Failed to open libwvm.so
E/WVMExtractor(   62): Failed to open libwvm.so
W/dalvikvm(  968): DroidBox: { "FdAccess": { "path": "706970653a5b353137395d", "id": "632124700" } }
W/DroidBox(  968): DroidBox: { "FileRW": { "operation": "read", "data": "61643a3a5f7468726561644c6f6f7028766f69642a292b313134290a20202330352020706320303030343437663320202f73797374656d2f6c69622f6c6962616e64726f69645f72756e74696d652e736f2028616e64726f69643a3a416e64726f696452", "id": "632124700" } }
E/WVMExtractor(   62): Failed to open libwvm.so
W/dalvikvm(  968): DroidBox: { "FdAccess": { "path": "706970653a5b353137395d", "id": "863719415" } }
W/DroidBox(  968): DroidBox: { "FileRW": { "operation": "read", "data": "382073656c663d307862373262303665380a20207c207379735469643d353437206e6963653d302073636865643d302f3020636772703d617070732068616e646c653d2d313232313736383638380a20207c207363686564737461743d28203830303030", "id": "863719415" } }
E/WVMExtractor(   62): Failed to open libwvm.so
E/WVMExtractor(   62): Failed to open libwvm.so
W/dalvikvm(  968): DroidBox: { "FdAccess": { "path": "706970653a5b353137395d", "id": "658223833" } }
W/DroidBox(  968): DroidBox: { "FileRW": { "operation": "read", "data": "696264766d2e736f0a20202330342020706320303030353762616620202f73797374656d2f6c69622f6c696264766d2e736f0a20202330352020706320303030313264623020202f73797374656d2f6c69622f6c6962632e736f20285f5f746872656164", "id": "658223833" } }
E/WVMExtractor(   62): Failed to open libwvm.so
E/WVMExtractor(   62): Failed to open libwvm.so
E/WVMExtractor(   62): Failed to open libwvm.so
W/dalvikvm(  968): DroidBox: { "FdAccess": { "path": "706970653a5b353137395d", "id": "1900150111" } }
W/DroidBox(  968): DroidBox: { "FileRW": { "operation": "read", "data": "37290a20206174206a6176612e6c616e672e5468726561642e72756e285468726561642e6a6176613a383536290a0a2242696e6465725f3222207072696f3d35207469643d39204e41544956450a20207c2067726f75703d226d61696e222073436f756e", "id": "1900150111" } }
E/WVMExtractor(   62): Failed to open libwvm.so
E/WVMExtractor(   62): Failed to open libwvm.so
W/dalvikvm(  968): DroidBox: { "FdAccess": { "path": "706970653a5b353137395d", "id": "1108330045" } }
W/DroidBox(  968): DroidBox: { "FileRW": { "operation": "read", "data": "307862336536373665303e202861206a6176612e6c616e672e564d546872656164292068656c64206279207469643d313120284173796e635461736b202331290a20206174206a6176612e6c616e672e5468726561642e7061726b466f72285468726561", "id": "1108330045" } }
E/WVMExtractor(   62): Failed to open libwvm.so
E/WVMExtractor(   62): Failed to open libwvm.so
E/WVMExtractor(   62): Failed to open libwvm.so
E/WVMExtractor(   62): Failed to open libwvm.so
W/dalvikvm(  968): DroidBox: { "FdAccess": { "path": "706970653a5b353137395d", "id": "1337852942" } }
W/DroidBox(  968): DroidBox: { "FileRW": { "operation": "read", "data": "746f722e6a6176613a31303039290a20206174206a6176612e7574696c2e636f6e63757272656e742e546872656164506f6f6c4578656375746f722e72756e576f726b657228546872656164506f6f6c4578656375746f722e6a6176613a31303639290a", "id": "1337852942" } }
E/WVMExtractor(   62): Failed to open libwvm.so
W/dalvikvm(  232): DroidBox: { "FdAccess": { "path": "2f70726f632f313036382f636d646c696e65", "id": "822261460" } }
W/DroidBox(  232): DroidBox: { "FileRW": { "operation": "read", "data": "64756d70737973006d656d696e666f0000000000000000000000000000000000000000000000000000000000000000000000000000000000000000000000000000000000000000000000000034613765663132623333336534336261366138362e61706b", "id": "822261460" } }
W/dalvikvm(  232): DroidBox: { "FdAccess": { "path": "706970653a5b353234305d", "id": "752865034" } }
W/DroidBox(  232): DroidBox: { "FileRW": { "operation": "write", "data": "4170706c69636174696f6e73204d656d6f727920557361676520286b42293a0a557074696d653a20313535373735205265616c74696d653a203135353737350a0a546f74616c205053532062792070726f636573733a0a202020203236393638206b423a", "id": "752865034" } }
W/dalvikvm(  968): DroidBox: { "FdAccess": { "path": "706970653a5b353234305d", "id": "1264779607" } }
W/DroidBox(  968): DroidBox: { "FileRW": { "operation": "read", "data": "4170706c69636174696f6e73204d656d6f727920557361676520286b42293a0a557074696d653a20313535373735205265616c74696d653a203135353737350a0a546f74616c205053532062792070726f636573733a0a202020203236393638206b423a", "id": "1264779607" } }
E/WVMExtractor(   62): Failed to open libwvm.so
E/WVMExtractor(   62): Failed to open libwvm.so
W/dalvikvm(  968): DroidBox: { "FdAccess": { "path": "706970653a5b353234305d", "id": "1291681802" } }
W/DroidBox(  968): DroidBox: { "FileRW": { "operation": "read", "data": "00000000000000000000000000000000000000000000000000000000000000000000000000000000000000000000000000000000000000000000000000000000000000000000000000000000000000000000000000000000000000000000000000000000", "id": "1291681802" } }
I/AndroidRuntime(  968): VM exiting with result code 8.
I/NetworkPolicy(  232): no policy for active mobile network; generating default policy
E/WVMExtractor(   62): Failed to open libwvm.so
E/NetdConnector(  232): NDC Command {11 bandwidth setiquota eth0 9223372036854775807} took too long (894ms)
E/WVMExtractor(   62): Failed to open libwvm.so
E/WVMExtractor(   62): Failed to open libwvm.so
E/WVMExtractor(   62): Failed to open libwvm.so
E/WVMExtractor(   62): Failed to open libwvm.so
E/WVMExtractor(   62): Failed to open libwvm.so
E/WVMExtractor(   62): Failed to open libwvm.so
E/NetdConnector(  232): NDC Command {13 bandwidth setiquota eth0 9223372036854775807} took too long (1002ms)
E/WVMExtractor(   62): Failed to open libwvm.so
E/WVMExtractor(   62): Failed to open libwvm.so
E/WVMExtractor(   62): Failed to open libwvm.so
E/WVMExtractor(   62): Failed to open libwvm.so
E/WVMExtractor(   62): Failed to open libwvm.so
E/WVMExtractor(   62): Failed to open libwvm.so
E/WVMExtractor(   62): Failed to open libwvm.so
E/WVMExtractor(   62): Failed to open libwvm.so
E/WVMExtractor(   62): Failed to open libwvm.so
E/WVMExtractor(   62): Failed to open libwvm.so
E/WVMExtractor(   62): Failed to open libwvm.so
E/WVMExtractor(   62): Failed to open libwvm.so
E/WVMExtractor(   62): Failed to open libwvm.so
E/WVMExtractor(   62): Failed to open libwvm.so
E/WVMExtractor(   62): Failed to open libwvm.so
E/WVMExtractor(   62): Failed to open libwvm.so
E/WVMExtractor(   62): Failed to open libwvm.so
E/WVMExtractor(   62): Failed to open libwvm.so
E/WVMExtractor(   62): Failed to open libwvm.so
E/WVMExtractor(   62): Failed to open libwvm.so
E/WVMExtractor(   62): Failed to open libwvm.so
E/WVMExtractor(   62): Failed to open libwvm.so
E/WVMExtractor(   62): Failed to open libwvm.so
E/WVMExtractor(   62): Failed to open libwvm.so
W/BackupManagerService(  232): dataChanged but no participant pkg='com.android.providers.settings' uid=10011
D/SettingsProvider(  232): external modification to /data/data/com.android.providers.settings/databases/settings.db; event=2
D/SettingsProvider(  232): updating our caches for /data/data/com.android.providers.settings/databases/settings.db
D/SettingsProvider(  232): cache for settings table 'secure' rows=38; fullycached=true
D/SettingsProvider(  232): cache for settings table 'system' rows=52; fullycached=true
D/SettingsProvider(  232): external modification to /data/data/com.android.providers.settings/databases/settings.db; event=2
D/SettingsProvider(  232): updating our caches for /data/data/com.android.providers.settings/databases/settings.db
D/SettingsProvider(  232): cache for settings table 'secure' rows=38; fullycached=true
D/SettingsProvider(  232): cache for settings table 'system' rows=52; fullycached=true
E/WVMExtractor(   62): Failed to open libwvm.so
E/WVMExtractor(   62): Failed to open libwvm.so
E/MetadataRetrieverClient(   62): failed to extract an album art
E/WVMExtractor(   62): Failed to open libwvm.so
E/WVMExtractor(   62): Failed to open libwvm.so
E/WVMExtractor(   62): Failed to open libwvm.so
E/WVMExtractor(   62): Failed to open libwvm.so
E/WVMExtractor(   62): Failed to open libwvm.so
E/WVMExtractor(   62): Failed to open libwvm.so
E/WVMExtractor(   62): Failed to open libwvm.so
E/WVMExtractor(   62): Failed to open libwvm.so
E/WVMExtractor(   62): Failed to open libwvm.so
E/WVMExtractor(   62): Failed to open libwvm.so
E/WVMExtractor(   62): Failed to open libwvm.so
E/WVMExtractor(   62): Failed to open libwvm.so
E/WVMExtractor(   62): Failed to open libwvm.so
E/WVMExtractor(   62): Failed to open libwvm.so
E/WVMExtractor(   62): Failed to open libwvm.so
E/WVMExtractor(   62): Failed to open libwvm.so
E/WVMExtractor(   62): Failed to open libwvm.so
E/WVMExtractor(   62): Failed to open libwvm.so
E/WVMExtractor(   62): Failed to open libwvm.so
E/WVMExtractor(   62): Failed to open libwvm.so
E/WVMExtractor(   62): Failed to open libwvm.so
E/WVMExtractor(   62): Failed to open libwvm.so
E/WVMExtractor(   62): Failed to open libwvm.so
E/WVMExtractor(   62): Failed to open libwvm.so
E/WVMExtractor(   62): Failed to open libwvm.so
E/WVMExtractor(   62): Failed to open libwvm.so
E/WVMExtractor(   62): Failed to open libwvm.so
E/WVMExtractor(   62): Failed to open libwvm.so
E/WVMExtractor(   62): Failed to open libwvm.so
E/WVMExtractor(   62): Failed to open libwvm.so
E/WVMExtractor(   62): Failed to open libwvm.so
E/WVMExtractor(   62): Failed to open libwvm.so
E/WVMExtractor(   62): Failed to open libwvm.so
E/WVMExtractor(   62): Failed to open libwvm.so
E/WVMExtractor(   62): Failed to open libwvm.so
E/WVMExtractor(   62): Failed to open libwvm.so
E/WVMExtractor(   62): Failed to open libwvm.so
E/WVMExtractor(   62): Failed to open libwvm.so
E/MetadataRetrieverClient(   62): failed to extract an album art
E/WVMExtractor(   62): Failed to open libwvm.so
E/MetadataRetrieverClient(   62): failed to extract an album art
I/ActivityManager(  232): No longer want com.android.contacts (pid 729): hidden #16
W/System.err( 1007): java.lang.reflect.InvocationTargetException
W/System.err( 1007): 	at java.lang.reflect.Method.invokeNative(Native Method)
W/System.err( 1007): 	at java.lang.reflect.Method.invoke(Method.java:511)
W/System.err( 1007): 	at vbkoxh.cswnpr.cjbmtfwdy.nlrskgblc(Unknown Source)
W/System.err( 1007): 	at vbkoxh.cswnpr.vmbatqef.onCreate(Unknown Source)
W/System.err( 1007): 	at android.app.Activity.performCreate(Activity.java:5017)
W/System.err( 1007): 	at android.app.Instrumentation.callActivityOnCreate(Instrumentation.java:1079)
W/System.err( 1007): 	at android.app.ActivityThread.performLaunchActivity(ActivityThread.java:2023)
W/System.err( 1007): 	at android.app.ActivityThread.handleLaunchActivity(ActivityThread.java:2084)
W/System.err( 1007): 	at android.app.ActivityThread.access$600(ActivityThread.java:130)
W/System.err( 1007): 	at android.app.ActivityThread$H.handleMessage(ActivityThread.java:1195)
W/System.err( 1007): 	at android.os.Handler.dispatchMessage(Handler.java:99)
W/System.err( 1007): 	at android.os.Looper.loop(Looper.java:137)
W/System.err( 1007): 	at android.app.ActivityThread.main(ActivityThread.java:4745)
W/System.err( 1007): 	at java.lang.reflect.Method.invokeNative(Native Method)
W/System.err( 1007): 	at java.lang.reflect.Method.invoke(Method.java:511)
W/System.err( 1007): 	at com.android.internal.os.ZygoteInit$MethodAndArgsCaller.run(ZygoteInit.java:786)
W/System.err( 1007): 	at com.android.internal.os.ZygoteInit.main(ZygoteInit.java:553)
W/System.err( 1007): 	at dalvik.system.NativeStart.main(Native Method)
W/System.err( 1007): Caused by: java.net.UnknownHostException: Unable to resolve host "gaga01.net": No address associated with hostname
W/System.err( 1007): 	at java.net.InetAddress.lookupHostByName(InetAddress.java:424)
W/System.err( 1007): 	at java.net.InetAddress.getAllByNameImpl(InetAddress.java:236)
W/System.err( 1007): 	at java.net.InetAddress.getAllByName(InetAddress.java:214)
W/System.err( 1007): 	at org.apache.http.impl.conn.DefaultClientConnectionOperator.openConnection(DefaultClientConnectionOperator.java:137)
W/System.err( 1007): 	at org.apache.http.impl.conn.AbstractPoolEntry.open(AbstractPoolEntry.java:164)
W/System.err( 1007): 	at org.apache.http.impl.conn.AbstractPooledConnAdapter.open(AbstractPooledConnAdapter.java:119)
W/System.err( 1007): 	at org.apache.http.impl.client.DefaultRequestDirector.execute(DefaultRequestDirector.java:360)
W/System.err( 1007): 	at org.apache.http.impl.client.AbstractHttpClient.execute(AbstractHttpClient.java:555)
W/System.err( 1007): 	at org.apache.http.impl.client.AbstractHttpClient.execute(AbstractHttpClient.java:653)
W/System.err( 1007): 	at org.apache.http.impl.client.AbstractHttpClient.execute(AbstractHttpClient.java:627)
W/System.err( 1007): 	at org.apache.http.impl.client.AbstractHttpClient.execute(AbstractHttpClient.java:616)
W/System.err( 1007): 	... 18 more
W/System.err( 1007): Caused by: libcore.io.GaiException: getaddrinfo failed: EAI_NODATA (No address associated with hostname)
W/System.err( 1007): 	at libcore.io.Posix.getaddrinfo(Native Method)
W/System.err( 1007): 	at libcore.io.ForwardingOs.getaddrinfo(ForwardingOs.java:55)
W/System.err( 1007): 	at java.net.InetAddress.lookupHostByName(InetAddress.java:405)
W/System.err( 1007): 	... 28 more
W/System.err( 1007): Caused by: libcore.io.ErrnoException: getaddrinfo failed: ETIMEDOUT (Connection timed out)
W/System.err( 1007): 	... 31 more
W/DroidBox( 1007): DroidBox: { "CryptoUsage": { "operation": "keyalgo", "key": "107, 103, 117, 116, 54, 102, 104, 110, 99, 56, 107, 114, 51, 104, 56, 55", "algorithm": "AES" } }
W/DroidBox( 1007): DroidBox: { "CryptoUsage": { "operation": "decryption", "algorithm": "AES", "data": "359616040020430;359616040020431;359616040020433;359616040020433;359616040020434" } }
W/DroidBox( 1007): DroidBox: { "CryptoUsage": { "operation": "keyalgo", "key": "107, 103, 117, 116, 54, 102, 104, 110, 99, 56, 107, 114, 51, 104, 56, 55", "algorithm": "AES" } }
W/DroidBox( 1007): DroidBox: { "CryptoUsage": { "operation": "decryption", "algorithm": "AES", "data": "359616040020430;359616040020431;359616040020433;359616040020433;359616040020434;352085050116552" } }
E/jui     ( 1007): AAAAA Alpha start
W/dalvikvm( 1007): DroidBox: { "FdAccess": { "path": "2f646174612f646174612f76626b6f78682e6373776e70722f7368617265645f70726566732f73657474696e67732e786d6c", "id": "738385125" } }
W/DroidBox( 1007): DroidBox: { "FileRW": { "operation": "write", "data": "3c3f786d6c2076657273696f6e3d27312e302720656e636f64696e673d277574662d3827207374616e64616c6f6e653d2779657327203f3e0a3c6d61703e0a3c737472696e67206e616d653d2272656365697665534d5354657874223e3c2f737472696e", "id": "738385125" } }
W/dalvikvm( 1007): DroidBox: { "FdAccess": { "path": "2f646174612f646174612f76626b6f78682e6373776e70722f7368617265645f70726566732f73657474696e67732e786d6c", "id": "2050161300" } }
W/DroidBox( 1007): DroidBox: { "FileRW": { "operation": "write", "data": "3c3f786d6c2076657273696f6e3d27312e302720656e636f64696e673d277574662d3827207374616e64616c6f6e653d2779657327203f3e0a3c6d61703e0a3c737472696e67206e616d653d2272656365697665534d5354657874223e3c2f737472696e", "id": "2050161300" } }
W/dalvikvm( 1007): DroidBox: { "FdAccess": { "path": "2f646174612f646174612f76626b6f78682e6373776e70722f7368617265645f70726566732f73657474696e67732e786d6c", "id": "1801483603" } }
W/DroidBox( 1007): DroidBox: { "FileRW": { "operation": "write", "data": "3c3f786d6c2076657273696f6e3d27312e302720656e636f64696e673d277574662d3827207374616e64616c6f6e653d2779657327203f3e0a3c6d61703e0a3c737472696e67206e616d653d2266697273745374617274223e66616c73653c2f73747269", "id": "1801483603" } }
W/dalvikvm( 1007): DroidBox: { "FdAccess": { "path": "2f646174612f646174612f76626b6f78682e6373776e70722f7368617265645f70726566732f73657474696e67732e786d6c", "id": "1909901830" } }
W/DroidBox( 1007): DroidBox: { "FileRW": { "operation": "write", "data": "3c3f786d6c2076657273696f6e3d27312e302720656e636f64696e673d277574662d3827207374616e64616c6f6e653d2779657327203f3e0a3c6d61703e0a3c737472696e67206e616d653d2266697273745374617274223e66616c73653c2f73747269", "id": "1909901830" } }
W/dalvikvm(  625): DroidBox: { "FdAccess": { "path": "2f646174612f646174612f636f6d2e616e64726f69642e6c61756e636865722f7368617265645f70726566732f636f6d2e616e64726f69642e6c61756e63686572322e70726566732e786d6c", "id": "541992677" } }
W/DroidBox(  625): DroidBox: { "FileRW": { "operation": "write", "data": "3c3f786d6c2076657273696f6e3d27312e302720656e636f64696e673d277574662d3827207374616e64616c6f6e653d2779657327203f3e0a3c6d61703e0a3c696e74206e616d653d22617070732e6e65772e70616765222076616c75653d223222202f", "id": "541992677" } }
I/Launcher(  625): setLoadOnResume
W/dalvikvm( 1007): DroidBox: { "FdAccess": { "path": "2f70726f632f6d656d696e666f", "id": "1446279872" } }
W/DroidBox( 1007): DroidBox: { "FileRW": { "operation": "read", "data": "4d656d546f74616c3a202020202020202020373438393634206b420a4d656d467265653a20202020202020202020343535303030206b420a427566666572733a20202020202020202020202035363430206b420a4361636865643a202020202020202020", "id": "1446279872" } }
I/Choreographer( 1007): Skipped 54 frames!  The application may be doing too much work on its main thread.
V/PhoneStatusBar(  430): setLightsOn(true)
I/Choreographer( 1007): Skipped 72 frames!  The application may be doing too much work on its main thread.
D/gralloc_goldfish( 1007): Emulator without GPU emulation detected.
I/ActivityManager(  232): Displayed vbkoxh.cswnpr/.vmbatqef: +1m42s336ms
W/dalvikvm(  232): DroidBox: { "FdAccess": { "path": "2f70726f632f3233322f6e65742f78745f717461677569642f69666163655f737461745f616c6c", "id": "1351175985" } }
W/DroidBox(  232): DroidBox: { "FileRW": { "operation": "read", "data": "6c6f20312030203020302030203338333620353520333833362035350a6574683020312030203020302030203132313831383920323930302033343234343020323236330a00000000000000000000000000000000000000000000000000000000000000", "id": "1351175985" } }
W/dalvikvm(  232): DroidBox: { "FdAccess": { "path": "2f70726f632f3233322f6e65742f78745f717461677569642f69666163655f737461745f616c6c", "id": "1353088599" } }
W/DroidBox(  232): DroidBox: { "FileRW": { "operation": "read", "data": "323236330a3020323236330a323236330a343020323236330a330a330a330a330a330a323236330a36330a323236330a36330a323236330a330a330a330a330a330a36330a00000000000000000000000000000000000000000000000000000000000000", "id": "1353088599" } }
W/ThrottleService(  232): unable to find stats for iface rmnet0
E/ThrottleService(  232): Error reading data file
I/qtaguid (  232): Failed write_ctrl(s 1 10050) res=-1 errno=1
W/NetworkManagementSocketTagger(  232): setKernelCountSet(10050, 1) failed with errno -1
I/qtaguid (  232): Failed write_ctrl(s 0 10019) res=-1 errno=1
W/NetworkManagementSocketTagger(  232): setKernelCountSet(10019, 0) failed with errno -1
E/jui     ( 1007):  
E/jui     ( 1007): AAAAA Aplha send request
E/jui     ( 1007):  
W/System.err( 1007): java.lang.reflect.InvocationTargetException
W/System.err( 1007): 	at java.lang.reflect.Method.invokeNative(Native Method)
W/System.err( 1007): 	at java.lang.reflect.Method.invoke(Method.java:511)
W/System.err( 1007): 	at dsrhki.yjgfqjejkjh.gturacw.nlrskgblc(Unknown Source)
W/System.err( 1007): 	at dsrhki.yjgfqjejkjh.jposxdp.run(Unknown Source)
W/System.err( 1007): 	at java.lang.Thread.run(Thread.java:856)
W/System.err( 1007): Caused by: java.net.UnknownHostException: Unable to resolve host "gaga01.net": No address associated with hostname
W/System.err( 1007): 	at java.net.InetAddress.lookupHostByName(InetAddress.java:424)
W/System.err( 1007): 	at java.net.InetAddress.getAllByNameImpl(InetAddress.java:236)
W/System.err( 1007): 	at java.net.InetAddress.getAllByName(InetAddress.java:214)
W/System.err( 1007): 	at libcore.net.http.HttpConnection.<init>(HttpConnection.java:70)
W/System.err( 1007): 	at libcore.net.http.HttpConnection.<init>(HttpConnection.java:50)
W/System.err( 1007): 	at libcore.net.http.HttpConnection$Address.connect(HttpConnection.java:341)
W/System.err( 1007): 	at libcore.net.http.HttpConnectionPool.get(HttpConnectionPool.java:87)
W/System.err( 1007): 	at libcore.net.http.HttpConnection.connect(HttpConnection.java:128)
W/System.err( 1007): 	at libcore.net.http.HttpEngine.openSocketConnection(HttpEngine.java:315)
W/System.err( 1007): 	at libcore.net.http.HttpEngine.connect(HttpEngine.java:310)
W/System.err( 1007): 	at libcore.net.http.HttpEngine.sendSocketRequest(HttpEngine.java:289)
W/System.err( 1007): 	at libcore.net.http.HttpEngine.sendRequest(HttpEngine.java:239)
W/System.err( 1007): 	at libcore.net.http.HttpURLConnectionImpl.connect(HttpURLConnectionImpl.java:80)
W/System.err( 1007): 	at libcore.net.http.HttpURLConnectionImpl.getOutputStream(HttpURLConnectionImpl.java:188)
W/System.err( 1007): 	... 5 more
W/System.err( 1007): Caused by: libcore.io.GaiException: getaddrinfo failed: EAI_NODATA (No address associated with hostname)
W/System.err( 1007): 	at libcore.io.Posix.getaddrinfo(Native Method)
W/System.err( 1007): 	at libcore.io.ForwardingOs.getaddrinfo(ForwardingOs.java:55)
W/System.err( 1007): 	at java.net.InetAddress.lookupHostByName(InetAddress.java:405)
W/System.err( 1007): 	... 18 more
W/System.err( 1007): Caused by: libcore.io.ErrnoException: getaddrinfo failed: ETIMEDOUT (Connection timed out)
W/System.err( 1007): 	... 21 more
E/jui     ( 1007):  
W/dalvikvm( 1007): DroidBox: { "FdAccess": { "path": "2f646174612f646174612f76626b6f78682e6373776e70722f7368617265645f70726566732f73657474696e67732e786d6c", "id": "1790647265" } }
W/DroidBox( 1007): DroidBox: { "FileRW": { "operation": "write", "data": "3c3f786d6c2076657273696f6e3d27312e302720656e636f64696e673d277574662d3827207374616e64616c6f6e653d2779657327203f3e0a3c6d61703e0a3c737472696e67206e616d653d2266697273745374617274223e66616c73653c2f73747269", "id": "1790647265" } }
E/jui     ( 1007):  
E/jui     ( 1007): AAAAA Aplha send request
E/jui     ( 1007):  
