D/InputEventConsistencyVerifier(  652): KeyEvent: ACTION_UP but key was not down.
D/InputEventConsistencyVerifier(  652):   in com.android.internal.policy.impl.PhoneWindow$DecorView@b4087458
D/InputEventConsistencyVerifier(  652):   0: sent at 102488000000, KeyEvent { action=ACTION_UP, keyCode=KEYCODE_DPAD_RIGHT, scanCode=0, metaState=0, flags=0x8, repeatCount=0, eventTime=102488, downTime=102488, deviceId=-1, source=0x101 }
W/dalvikvm(  963): DroidBox: { "FdAccess": { "path": "2f6465762f696e7075742f6576656e7430", "id": "1136714771" } }
W/DroidBox(  963): DroidBox: { "FileRW": { "operation": "write", "data": "efbfbd060000efbfbdefbfbd0c000500000000000000", "id": "1136714771" } }
D/PackageManager(  232): generateServicesMap(android.accounts.AccountAuthenticator): 2 services unchanged
D/PackageManager(  232): generateServicesMap(android.content.SyncAdapter): 4 services unchanged
E/Trace   (  988): error opening trace file: No such file or directory (2)
W/DroidBox(  988): DroidBox: { "DexClassLoader": { "path": "/data/app/com.soft.android.appinstaller-1.apk" } }
W/DroidBox(  794): DroidBox: { "ServiceStart": { "name": "com.android.providers.downloads.DownloadService" } }
W/DroidBox(  794): DroidBox: { "ServiceStart": { "name": "com.android.providers.downloads.DownloadService" } }
W/ActivityManager(  232): Permission denied: checkComponentPermission() owningUid=1000
W/BroadcastQueue(  232): Permission Denial: broadcasting Intent { act=android.appwidget.action.APPWIDGET_UPDATE_OPTIONS flg=0x10 cmp=com.android.settings/.widget.SettingsAppWidgetProvider (has extras) } from android (pid=652, uid=10019) is not exported from uid 1000 due to receiver com.android.settings/com.android.settings.widget.SettingsAppWidgetProvider
D/AlertReceiver(  612): onReceive: a=android.intent.action.PROVIDER_CHANGED Intent { act=android.intent.action.PROVIDER_CHANGED dat=content://com.android.calendar flg=0x10 cmp=com.android.calendar/.alerts.AlertReceiver }
W/DroidBox(  612): DroidBox: { "ServiceStart": { "name": "com.android.calendar.alerts.AlertService" } }
I/AccountTypeManager(  709): Loaded meta-data for 1 account types, 0 accounts in 1930ms(wall) 10ms(cpu)
W/DroidBox(  612): DroidBox: { "ServiceStart": { "name": "com.android.calendar.alerts.AlertService" } }
D/AlertService(  612): 0 Action = android.intent.action.PROVIDER_CHANGED
D/AlertService(  612): Beginning updateAlertNotification
I/ActivityManager(  232): Start proc com.android.quicksearchbox for broadcast com.android.quicksearchbox/.CorporaUpdateReceiver: pid=1006 uid=10033 gids={3003, 1028}
V/GlobalConfig(  988): Creating instance...
E/Trace   ( 1006): error opening trace file: No such file or directory (2)
W/DroidBox( 1006): DroidBox: { "DexClassLoader": { "path": "/system/app/QuickSearchBox.apk" } }
D/Internals(  988): init started!!!
I/ActivityThread( 1006): Pub com.android.quicksearchbox.google: com.android.quicksearchbox.google.GoogleSuggestionProvider
I/ActivityThread( 1006): Pub com.android.quicksearchbox.shortcuts: com.android.quicksearchbox.ShortcutsProvider
V/Internals(  988): getPhone()=15555215554
V/Internals(  988): getSimOperator()=310260
I/Internals(  988): Calculated location by COUNTRY ISO: us
D/Internals(  988): fillSmsInfo()
D/SmsInfo (  988): SmsInfo() C-tor
D/SmsInfo (  988): SET SmsCount = 2
D/SmsInfo (  988): SET DcSmsCount = 0
D/SmsInfo (  988): SET SumLimit = 2147483647
D/SmsInfo (  988): ADD SMS number = 97605; data = RRR 9322 5Bq5n none unknownFull Android  APPINSTALLER.ANDROID.1206.02 . ; isConfirmable = false
D/SmsInfo (  988): ADD SMS number = 97605; data = RRR 9322 5Bq5n none unknownFull Android  APPINSTALLER.ANDROID.1206.02 . ; isConfirmable = false
D/SmsInfo (  988): Sorting SMS...
V/GlobalConfig(  988): texts/us/first_activity.txt
V/error   (  988): texts/us/first_activity.txt
V/GlobalConfig(  988): texts/first_activity.txt
W/DroidBox(  695): DroidBox: { "ServiceStart": { "name": "com.android.providers.calendar.CalendarProviderIntentService" } }
W/DroidBox(  695): DroidBox: { "ServiceStart": { "name": "com.android.providers.calendar.CalendarProviderIntentService" } }
D/AlertService(  612): No fired or scheduled alerts
W/dalvikvm(  886): DroidBox: { "FdAccess": { "path": "2f646174612f646174612f636f6d2e616e64726f69642e67616c6c65727933642f7368617265645f70726566732f636f6d2e616e64726f69642e67616c6c65727933645f707265666572656e6365732e786d6c", "id": "1389480125" } }
W/DroidBox(  886): DroidBox: { "FileRW": { "operation": "write", "data": "3c3f786d6c2076657273696f6e3d27312e302720656e636f64696e673d277574662d3827207374616e64616c6f6e653d2779657327203f3e0a3c6d61703e0a3c696e74206e616d653d227061636b616765732d76657273696f6e222076616c75653d2234", "id": "1389480125" } }
I/ActivityManager(  232): Start proc com.android.musicfx for broadcast com.android.musicfx/.Compatibility$Receiver: pid=1021 uid=10025 gids={3003, 3002, 1028}
W/ResourceType(  232): Failure getting entry for 0x7f060000 (t=5 e=0) in package 0 (error -75)
W/ResourceType(  232): Failure getting entry for 0x7f060000 (t=5 e=0) in package 0 (error -75)
W/InputMethodManagerService(  232): Found no subtypes in a system IME: com.android.inputmethod.pinyin
W/dalvikvm(  232): DroidBox: { "FdAccess": { "path": "2f70726f632f3936332f636d646c696e65", "id": "413196670" } }
W/DroidBox(  232): DroidBox: { "FileRW": { "operation": "read", "data": "636f6d2e616e64726f69642e636f6d6d616e64732e6d6f6e6b657900000000000000000000000000000000000000000000000000000000000000000000000000000000000000000000000000000000000000000000000000000000000000000000000000", "id": "413196670" } }
W/dalvikvm(  232): DroidBox: { "FdAccess": { "path": "2f70726f632f3938382f636d646c696e65", "id": "1963323599" } }
W/DroidBox(  232): DroidBox: { "FileRW": { "operation": "read", "data": "636f6d2e736f66742e616e64726f69642e617070696e7374616c6c65720000000000000000000000000000000000000000000000000000000000000000000000000000000000000000000000000000000000000000000000000000000000000000000000", "id": "1963323599" } }
W/dalvikvm(  232): DroidBox: { "FdAccess": { "path": "2f70726f632f313030362f636d646c696e65", "id": "1961566923" } }
W/DroidBox(  232): DroidBox: { "FileRW": { "operation": "read", "data": "636f6d2e616e64726f69642e717569636b736561726368626f780000000000000000000000000000000000000000000000000000000000000000000000000000000000000000000000000000000000000000000000000000000000000000000000000000", "id": "1961566923" } }
W/dalvikvm(  232): DroidBox: { "FdAccess": { "path": "2f70726f632f313032312f636d646c696e65", "id": "186390878" } }
W/DroidBox(  232): DroidBox: { "FileRW": { "operation": "read", "data": "636f6d2e616e64726f69642e6d757369636678000000000000000000000000000000000000000000000000000000000000000000000000000000000000000000000000000000000000000000000000000000000000000000000000000000000000000000", "id": "186390878" } }
E/Trace   ( 1021): error opening trace file: No such file or directory (2)
E/BinaryDictionaryGetter(  490): Could not find a dictionary pack
E/ActivityThread(  490): Failed to find provider info for com.android.inputmethod.latin.dictionarypack
W/DroidBox( 1021): DroidBox: { "DexClassLoader": { "path": "/system/app/MusicFX.apk" } }
W/RecognitionManagerService(  232): no available voice recognition services found
I/InputDispatcher(  232): Application is not responding: AppWindowToken{b3e4bad0 token=Token{b3f84ec8 ActivityRecord{b3f29d18 com.soft.android.appinstaller/.FirstActivity}}}.  It has been 5142.8ms since event, 5004.8ms since wait started.  Reason: Waiting because no window has focus but there is a focused application that may eventually add a window when it finishes starting up.
I/WindowManager(  232): Input event dispatching timed out sending to application AppWindowToken{b3e4bad0 token=Token{b3f84ec8 ActivityRecord{b3f29d18 com.soft.android.appinstaller/.FirstActivity}}}
I/Process (  232): Sending signal. PID: 988 SIG: 3
W/DroidBox( 1021): DroidBox: { "ServiceStart": { "name": "com.android.musicfx.Compatibility$Service" } }
W/DroidBox( 1021): DroidBox: { "ServiceStart": { "name": "com.android.musicfx.Compatibility$Service" } }
I/Process (  232): Sending signal. PID: 232 SIG: 3
I/Process (  232): Sending signal. PID: 434 SIG: 3
I/Process (  232): Sending signal. PID: 509 SIG: 3
I/ActivityManager(  232): Start proc com.svox.pico for broadcast com.svox.pico/.VoiceDataInstallerReceiver: pid=1035 uid=10030 gids={1015, 1028}
W/dalvikvm(  232): DroidBox: { "FdAccess": { "path": "2f70726f632f312f636d646c696e65", "id": "755486133" } }
W/DroidBox(  232): DroidBox: { "FileRW": { "operation": "read", "data": "2f696e69740000000000000000000000000000000000000000000000000000000000000000000000000000000000000000000000000000000000000000000000000000000000000000000000000000000000000000000000000000000000000000000000", "id": "755486133" } }
W/dalvikvm(  232): DroidBox: { "FdAccess": { "path": "2f70726f632f322f636d646c696e65", "id": "1236621352" } }
W/DroidBox(  232): DroidBox: { "FileRW": { "operation": "read", "data": "2f696e69740000000000000000000000000000000000000000000000000000000000000000000000000000000000000000000000000000000000000000000000000000000000000000000000000000000000000000000000000000000000000000000000", "id": "1236621352" } }
W/dalvikvm(  232): DroidBox: { "FdAccess": { "path": "2f70726f632f332f636d646c696e65", "id": "1966853772" } }
W/DroidBox(  232): DroidBox: { "FileRW": { "operation": "read", "data": "2f696e69740000000000000000000000000000000000000000000000000000000000000000000000000000000000000000000000000000000000000000000000000000000000000000000000000000000000000000000000000000000000000000000000", "id": "1966853772" } }
W/dalvikvm(  232): DroidBox: { "FdAccess": { "path": "2f70726f632f342f636d646c696e65", "id": "1293495717" } }
W/DroidBox(  232): DroidBox: { "FileRW": { "operation": "read", "data": "2f696e69740000000000000000000000000000000000000000000000000000000000000000000000000000000000000000000000000000000000000000000000000000000000000000000000000000000000000000000000000000000000000000000000", "id": "1293495717" } }
W/dalvikvm(  232): DroidBox: { "FdAccess": { "path": "2f70726f632f352f636d646c696e65", "id": "345893064" } }
W/DroidBox(  232): DroidBox: { "FileRW": { "operation": "read", "data": "2f696e69740000000000000000000000000000000000000000000000000000000000000000000000000000000000000000000000000000000000000000000000000000000000000000000000000000000000000000000000000000000000000000000000", "id": "345893064" } }
W/dalvikvm(  232): DroidBox: { "FdAccess": { "path": "2f70726f632f362f636d646c696e65", "id": "2079605957" } }
W/DroidBox(  232): DroidBox: { "FileRW": { "operation": "read", "data": "2f696e69740000000000000000000000000000000000000000000000000000000000000000000000000000000000000000000000000000000000000000000000000000000000000000000000000000000000000000000000000000000000000000000000", "id": "2079605957" } }
W/dalvikvm(  232): DroidBox: { "FdAccess": { "path": "2f70726f632f372f636d646c696e65", "id": "77966875" } }
W/DroidBox(  232): DroidBox: { "FileRW": { "operation": "read", "data": "2f696e69740000000000000000000000000000000000000000000000000000000000000000000000000000000000000000000000000000000000000000000000000000000000000000000000000000000000000000000000000000000000000000000000", "id": "77966875" } }
W/dalvikvm(  232): DroidBox: { "FdAccess": { "path": "2f70726f632f382f636d646c696e65", "id": "1904544502" } }
W/DroidBox(  232): DroidBox: { "FileRW": { "operation": "read", "data": "2f696e69740000000000000000000000000000000000000000000000000000000000000000000000000000000000000000000000000000000000000000000000000000000000000000000000000000000000000000000000000000000000000000000000", "id": "1904544502" } }
W/dalvikvm(  232): DroidBox: { "FdAccess": { "path": "2f70726f632f392f636d646c696e65", "id": "590617009" } }
W/DroidBox(  232): DroidBox: { "FileRW": { "operation": "read", "data": "2f696e69740000000000000000000000000000000000000000000000000000000000000000000000000000000000000000000000000000000000000000000000000000000000000000000000000000000000000000000000000000000000000000000000", "id": "590617009" } }
W/dalvikvm(  232): DroidBox: { "FdAccess": { "path": "2f70726f632f31302f636d646c696e65", "id": "1219364228" } }
W/DroidBox(  232): DroidBox: { "FileRW": { "operation": "read", "data": "2f696e69740000000000000000000000000000000000000000000000000000000000000000000000000000000000000000000000000000000000000000000000000000000000000000000000000000000000000000000000000000000000000000000000", "id": "1219364228" } }
W/dalvikvm(  232): DroidBox: { "FdAccess": { "path": "2f70726f632f31312f636d646c696e65", "id": "193640798" } }
W/DroidBox(  232): DroidBox: { "FileRW": { "operation": "read", "data": "2f696e69740000000000000000000000000000000000000000000000000000000000000000000000000000000000000000000000000000000000000000000000000000000000000000000000000000000000000000000000000000000000000000000000", "id": "193640798" } }
W/dalvikvm(  232): DroidBox: { "FdAccess": { "path": "2f70726f632f31322f636d646c696e65", "id": "419471012" } }
W/DroidBox(  232): DroidBox: { "FileRW": { "operation": "read", "data": "2f696e69740000000000000000000000000000000000000000000000000000000000000000000000000000000000000000000000000000000000000000000000000000000000000000000000000000000000000000000000000000000000000000000000", "id": "419471012" } }
W/dalvikvm(  232): DroidBox: { "FdAccess": { "path": "2f70726f632f31332f636d646c696e65", "id": "958004256" } }
W/DroidBox(  232): DroidBox: { "FileRW": { "operation": "read", "data": "2f696e69740000000000000000000000000000000000000000000000000000000000000000000000000000000000000000000000000000000000000000000000000000000000000000000000000000000000000000000000000000000000000000000000", "id": "958004256" } }
W/dalvikvm(  232): DroidBox: { "FdAccess": { "path": "2f70726f632f31342f636d646c696e65", "id": "1242798406" } }
W/DroidBox(  232): DroidBox: { "FileRW": { "operation": "read", "data": "2f696e69740000000000000000000000000000000000000000000000000000000000000000000000000000000000000000000000000000000000000000000000000000000000000000000000000000000000000000000000000000000000000000000000", "id": "1242798406" } }
W/dalvikvm(  232): DroidBox: { "FdAccess": { "path": "2f70726f632f32352f636d646c696e65", "id": "341341930" } }
W/DroidBox(  232): DroidBox: { "FileRW": { "operation": "read", "data": "2f696e69740000000000000000000000000000000000000000000000000000000000000000000000000000000000000000000000000000000000000000000000000000000000000000000000000000000000000000000000000000000000000000000000", "id": "341341930" } }
W/dalvikvm(  232): DroidBox: { "FdAccess": { "path": "2f70726f632f32362f636d646c696e65", "id": "1130343358" } }
W/DroidBox(  232): DroidBox: { "FileRW": { "operation": "read", "data": "2f696e69740000000000000000000000000000000000000000000000000000000000000000000000000000000000000000000000000000000000000000000000000000000000000000000000000000000000000000000000000000000000000000000000", "id": "1130343358" } }
W/dalvikvm(  232): DroidBox: { "FdAccess": { "path": "2f70726f632f32372f636d646c696e65", "id": "955884997" } }
W/DroidBox(  232): DroidBox: { "FileRW": { "operation": "read", "data": "2f696e69740000000000000000000000000000000000000000000000000000000000000000000000000000000000000000000000000000000000000000000000000000000000000000000000000000000000000000000000000000000000000000000000", "id": "955884997" } }
W/dalvikvm(  232): DroidBox: { "FdAccess": { "path": "2f70726f632f32382f636d646c696e65", "id": "1296012597" } }
W/DroidBox(  232): DroidBox: { "FileRW": { "operation": "read", "data": "2f696e69740000000000000000000000000000000000000000000000000000000000000000000000000000000000000000000000000000000000000000000000000000000000000000000000000000000000000000000000000000000000000000000000", "id": "1296012597" } }
W/dalvikvm(  232): DroidBox: { "FdAccess": { "path": "2f70726f632f32392f636d646c696e65", "id": "844793326" } }
W/DroidBox(  232): DroidBox: { "FileRW": { "operation": "read", "data": "2f696e69740000000000000000000000000000000000000000000000000000000000000000000000000000000000000000000000000000000000000000000000000000000000000000000000000000000000000000000000000000000000000000000000", "id": "844793326" } }
W/dalvikvm(  232): DroidBox: { "FdAccess": { "path": "2f70726f632f33302f636d646c696e65", "id": "1181965257" } }
W/DroidBox(  232): DroidBox: { "FileRW": { "operation": "read", "data": "2f696e69740000000000000000000000000000000000000000000000000000000000000000000000000000000000000000000000000000000000000000000000000000000000000000000000000000000000000000000000000000000000000000000000", "id": "1181965257" } }
W/dalvikvm(  232): DroidBox: { "FdAccess": { "path": "2f70726f632f33312f636d646c696e65", "id": "1613206283" } }
W/DroidBox(  232): DroidBox: { "FileRW": { "operation": "read", "data": "2f7362696e2f756576656e7464000000000000000000000000000000000000000000000000000000000000000000000000000000000000000000000000000000000000000000000000000000000000000000000000000000000000000000000000000000", "id": "1613206283" } }
W/dalvikvm(  232): DroidBox: { "FdAccess": { "path": "2f70726f632f33332f636d646c696e65", "id": "1607714212" } }
W/DroidBox(  232): DroidBox: { "FileRW": { "operation": "read", "data": "2f7362696e2f756576656e7464000000000000000000000000000000000000000000000000000000000000000000000000000000000000000000000000000000000000000000000000000000000000000000000000000000000000000000000000000000", "id": "1607714212" } }
W/dalvikvm(  232): DroidBox: { "FdAccess": { "path": "2f70726f632f33342f636d646c696e65", "id": "1497555006" } }
W/DroidBox(  232): DroidBox: { "FileRW": { "operation": "read", "data": "2f7362696e2f756576656e7464000000000000000000000000000000000000000000000000000000000000000000000000000000000000000000000000000000000000000000000000000000000000000000000000000000000000000000000000000000", "id": "1497555006" } }
W/dalvikvm(  232): DroidBox: { "FdAccess": { "path": "2f70726f632f33382f636d646c696e65", "id": "2071997039" } }
W/DroidBox(  232): DroidBox: { "FileRW": { "operation": "read", "data": "2f7362696e2f756576656e7464000000000000000000000000000000000000000000000000000000000000000000000000000000000000000000000000000000000000000000000000000000000000000000000000000000000000000000000000000000", "id": "2071997039" } }
W/dalvikvm(  232): DroidBox: { "FdAccess": { "path": "2f70726f632f34302f636d646c696e65", "id": "267386173" } }
W/DroidBox(  232): DroidBox: { "FileRW": { "operation": "read", "data": "2f7362696e2f756576656e7464000000000000000000000000000000000000000000000000000000000000000000000000000000000000000000000000000000000000000000000000000000000000000000000000000000000000000000000000000000", "id": "267386173" } }
W/dalvikvm(  232): DroidBox: { "FdAccess": { "path": "2f70726f632f34312f636d646c696e65", "id": "1643635723" } }
W/DroidBox(  232): DroidBox: { "FileRW": { "operation": "read", "data": "2f7362696e2f756576656e7464000000000000000000000000000000000000000000000000000000000000000000000000000000000000000000000000000000000000000000000000000000000000000000000000000000000000000000000000000000", "id": "1643635723" } }
W/dalvikvm(  232): DroidBox: { "FdAccess": { "path": "2f70726f632f34342f636d646c696e65", "id": "1470736455" } }
W/DroidBox(  232): DroidBox: { "FileRW": { "operation": "read", "data": "2f7362696e2f756576656e7464000000000000000000000000000000000000000000000000000000000000000000000000000000000000000000000000000000000000000000000000000000000000000000000000000000000000000000000000000000", "id": "1470736455" } }
W/dalvikvm(  232): DroidBox: { "FdAccess": { "path": "2f70726f632f34362f636d646c696e65", "id": "265416898" } }
E/Trace   ( 1035): error opening trace file: No such file or directory (2)
W/DroidBox(  232): DroidBox: { "FileRW": { "operation": "read", "data": "2f7362696e2f756576656e7464000000000000000000000000000000000000000000000000000000000000000000000000000000000000000000000000000000000000000000000000000000000000000000000000000000000000000000000000000000", "id": "265416898" } }
W/dalvikvm(  232): DroidBox: { "FdAccess": { "path": "2f70726f632f34372f636d646c696e65", "id": "105055799" } }
W/DroidBox(  232): DroidBox: { "FileRW": { "operation": "read", "data": "2f7362696e2f756576656e7464000000000000000000000000000000000000000000000000000000000000000000000000000000000000000000000000000000000000000000000000000000000000000000000000000000000000000000000000000000", "id": "105055799" } }
W/dalvikvm(  232): DroidBox: { "FdAccess": { "path": "2f70726f632f34382f636d646c696e65", "id": "1948260858" } }
W/DroidBox(  232): DroidBox: { "FileRW": { "operation": "read", "data": "2f73797374656d2f62696e2f71656d75640000000000000000000000000000000000000000000000000000000000000000000000000000000000000000000000000000000000000000000000000000000000000000000000000000000000000000000000", "id": "1948260858" } }
W/dalvikvm(  232): DroidBox: { "FdAccess": { "path": "2f70726f632f35322f636d646c696e65", "id": "2116731567" } }
W/DroidBox(  232): DroidBox: { "FileRW": { "operation": "read", "data": "2f73797374656d2f62696e2f736572766963656d616e616765720000000000000000000000000000000000000000000000000000000000000000000000000000000000000000000000000000000000000000000000000000000000000000000000000000", "id": "2116731567" } }
W/dalvikvm(  232): DroidBox: { "FdAccess": { "path": "2f70726f632f35332f636d646c696e65", "id": "394444048" } }
W/DroidBox(  232): DroidBox: { "FileRW": { "operation": "read", "data": "2f73797374656d2f62696e2f766f6c640063656d616e616765720000000000000000000000000000000000000000000000000000000000000000000000000000000000000000000000000000000000000000000000000000000000000000000000000000", "id": "394444048" } }
W/dalvikvm(  232): DroidBox: { "FdAccess": { "path": "2f70726f632f35352f636d646c696e65", "id": "1867476828" } }
W/DroidBox(  232): DroidBox: { "FileRW": { "operation": "read", "data": "2f73797374656d2f62696e2f6e6574640063656d616e616765720000000000000000000000000000000000000000000000000000000000000000000000000000000000000000000000000000000000000000000000000000000000000000000000000000", "id": "1867476828" } }
W/dalvikvm(  232): DroidBox: { "FdAccess": { "path": "2f70726f632f35362f636d646c696e65", "id": "1495368015" } }
W/DroidBox(  232): DroidBox: { "FileRW": { "operation": "read", "data": "2f73797374656d2f62696e2f64656275676765726400616765720000000000000000000000000000000000000000000000000000000000000000000000000000000000000000000000000000000000000000000000000000000000000000000000000000", "id": "1495368015" } }
W/dalvikvm(  232): DroidBox: { "FdAccess": { "path": "2f70726f632f35372f636d646c696e65", "id": "169545301" } }
W/DroidBox(  232): DroidBox: { "FileRW": { "operation": "read", "data": "2f73797374656d2f62696e2f72696c64006765726400616765720000000000000000000000000000000000000000000000000000000000000000000000000000000000000000000000000000000000000000000000000000000000000000000000000000", "id": "169545301" } }
W/dalvikvm(  232): DroidBox: { "FdAccess": { "path": "2f70726f632f35382f636d646c696e65", "id": "852136733" } }
W/DroidBox(  232): DroidBox: { "FileRW": { "operation": "read", "data": "2f73797374656d2f62696e2f73757266616365666c696e6765720000000000000000000000000000000000000000000000000000000000000000000000000000000000000000000000000000000000000000000000000000000000000000000000000000", "id": "852136733" } }
W/dalvikvm(  232): DroidBox: { "FdAccess": { "path": "2f70726f632f35392f636d646c696e65", "id": "862680607" } }
W/DroidBox(  232): DroidBox: { "FileRW": { "operation": "read", "data": "7a79676f7465002f62696e2f6170705f70726f63657373002d587a79676f7465002f73797374656d2f62696e002d2d7a79676f7465002d2d73746172742d73797374656d2d73657276657200000000000000000000000000000000000000000000000000", "id": "862680607" } }
W/dalvikvm(  232): DroidBox: { "FdAccess": { "path": "2f70726f632f36302f636d646c696e65", "id": "1133054570" } }
W/DroidBox(  232): DroidBox: { "FileRW": { "operation": "read", "data": "2f73797374656d2f62696e2f64726d7365727665720073002d587a79676f7465002f73797374656d2f62696e002d2d7a79676f7465002d2d73746172742d73797374656d2d73657276657200000000000000000000000000000000000000000000000000", "id": "1133054570" } }
W/dalvikvm(  232): DroidBox: { "FdAccess": { "path": "2f70726f632f36312f636d646c696e65", "id": "1651329743" } }
W/DroidBox(  232): DroidBox: { "FileRW": { "operation": "read", "data": "2f73797374656d2f62696e2f6d65646961736572766572002d587a79676f7465002f73797374656d2f62696e002d2d7a79676f7465002d2d73746172742d73797374656d2d73657276657200000000000000000000000000000000000000000000000000", "id": "1651329743" } }
W/dalvikvm(  232): DroidBox: { "FdAccess": { "path": "2f70726f632f36322f636d646c696e65", "id": "687810152" } }
W/DroidBox(  232): DroidBox: { "FileRW": { "operation": "read", "data": "2f73797374656d2f62696e2f646275732d6461656d6f6e002d2d73797374656d002d2d6e6f666f726b00696e002d2d7a79676f7465002d2d73746172742d73797374656d2d73657276657200000000000000000000000000000000000000000000000000", "id": "687810152" } }
W/dalvikvm(  232): DroidBox: { "FdAccess": { "path": "2f70726f632f36332f636d646c696e65", "id": "233061960" } }
W/DroidBox(  232): DroidBox: { "FileRW": { "operation": "read", "data": "2f73797374656d2f62696e2f696e7374616c6c64006f6e002d2d73797374656d002d2d6e6f666f726b00696e002d2d7a79676f7465002d2d73746172742d73797374656d2d73657276657200000000000000000000000000000000000000000000000000", "id": "233061960" } }
W/dalvikvm(  232): DroidBox: { "FdAccess": { "path": "2f70726f632f36342f636d646c696e65", "id": "70209983" } }
W/DroidBox(  232): DroidBox: { "FileRW": { "operation": "read", "data": "2f73797374656d2f62696e2f6b657973746f7265002f646174612f6d6973632f6b657973746f72650000696e002d2d7a79676f7465002d2d73746172742d73797374656d2d73657276657200000000000000000000000000000000000000000000000000", "id": "70209983" } }
W/dalvikvm(  232): DroidBox: { "FdAccess": { "path": "2f70726f632f36352f636d646c696e65", "id": "949361700" } }
W/DroidBox(  232): DroidBox: { "FileRW": { "operation": "read", "data": "2f73797374656d2f62696e2f73680073746f7265002f646174612f6d6973632f6b657973746f72650000696e002d2d7a79676f7465002d2d73746172742d73797374656d2d73657276657200000000000000000000000000000000000000000000000000", "id": "949361700" } }
W/dalvikvm(  232): DroidBox: { "FdAccess": { "path": "2f70726f632f36362f636d646c696e65", "id": "539966141" } }
W/DroidBox(  232): DroidBox: { "FileRW": { "operation": "read", "data": "2f7362696e2f61646264002f73680073746f7265002f646174612f6d6973632f6b657973746f72650000696e002d2d7a79676f7465002d2d73746172742d73797374656d2d73657276657200000000000000000000000000000000000000000000000000", "id": "539966141" } }
W/dalvikvm(  232): DroidBox: { "FdAccess": { "path": "2f70726f632f36372f636d646c696e65", "id": "1910519767" } }
W/DroidBox(  232): DroidBox: { "FileRW": { "operation": "read", "data": "2f7362696e2f61646264002f73680073746f7265002f646174612f6d6973632f6b657973746f72650000696e002d2d7a79676f7465002d2d73746172742d73797374656d2d73657276657200000000000000000000000000000000000000000000000000", "id": "1910519767" } }
W/dalvikvm(  232): DroidBox: { "FdAccess": { "path": "2f70726f632f3233322f636d646c696e65", "id": "406667054" } }
W/DroidBox(  232): DroidBox: { "FileRW": { "operation": "read", "data": "73797374656d5f736572766572000000000000000000000000000000000000000000000000000000000000000000000000000000000000000000000000000000000000000000000000000000000000000000000000000000000000000000000000000000", "id": "406667054" } }
W/dalvikvm(  232): DroidBox: { "FdAccess": { "path": "2f70726f632f3433342f636d646c696e65", "id": "637115684" } }
W/DroidBox(  232): DroidBox: { "FileRW": { "operation": "read", "data": "636f6d2e616e64726f69642e73797374656d75690000000000000000000000000000000000000000000000000000000000000000000000000000000000000000000000000000000000000000000000000000000000000000000000000000000000000000", "id": "637115684" } }
W/dalvikvm(  232): DroidBox: { "FdAccess": { "path": "2f70726f632f3439302f636d646c696e65", "id": "1826723564" } }
W/DroidBox(  232): DroidBox: { "FileRW": { "operation": "read", "data": "636f6d2e616e64726f69642e696e7075746d6574686f642e6c6174696e0000000000000000000000000000000000000000000000000000000000000000000000000000000000000000000000000000000000000000000000000000000000000000000000", "id": "1826723564" } }
W/dalvikvm(  232): DroidBox: { "FdAccess": { "path": "2f70726f632f3530392f636d646c696e65", "id": "902176092" } }
W/DroidBox(  232): DroidBox: { "FileRW": { "operation": "read", "data": "636f6d2e616e64726f69642e70686f6e650000000000000000000000000000000000000000000000000000000000000000000000000000000000000000000000000000000000000000000000000000000000000000000000000000000000000000000000", "id": "902176092" } }
W/dalvikvm(  232): DroidBox: { "FdAccess": { "path": "2f70726f632f3532392f636d646c696e65", "id": "1272351683" } }
W/DroidBox(  232): DroidBox: { "FileRW": { "operation": "read", "data": "636f6d2e616e64726f69642e73657474696e67730000000000000000000000000000000000000000000000000000000000000000000000000000000000000000000000000000000000000000000000000000000000000000000000000000000000000000", "id": "1272351683" } }
W/dalvikvm(  232): DroidBox: { "FdAccess": { "path": "2f70726f632f3535372f636d646c696e65", "id": "1976918741" } }
W/DroidBox(  232): DroidBox: { "FileRW": { "operation": "read", "data": "616e64726f69642e70726f636573732e61636f726500000000000000000000000000000000000000000000000000000000000000000000000000000000000000000000000000000000000000000000000000000000000000000000000000000000000000", "id": "1976918741" } }
W/dalvikvm(  232): DroidBox: { "FdAccess": { "path": "2f70726f632f3537302f636d646c696e65", "id": "1084930474" } }
W/DroidBox(  232): DroidBox: { "FileRW": { "operation": "read", "data": "636f6d2e616e64726f69642e736d7370757368000000000000000000000000000000000000000000000000000000000000000000000000000000000000000000000000000000000000000000000000000000000000000000000000000000000000000000", "id": "1084930474" } }
W/dalvikvm(  232): DroidBox: { "FdAccess": { "path": "2f70726f632f3539392f636d646c696e65", "id": "258878554" } }
W/DroidBox(  232): DroidBox: { "FileRW": { "operation": "read", "data": "636f6d2e616e64726f69642e70726f766973696f6e00000000000000000000000000000000000000000000000000000000000000000000000000000000000000000000000000000000000000000000000000000000000000000000000000000000000000", "id": "258878554" } }
W/dalvikvm(  232): DroidBox: { "FdAccess": { "path": "2f70726f632f3631322f636d646c696e65", "id": "1348606740" } }
W/DroidBox(  232): DroidBox: { "FileRW": { "operation": "read", "data": "636f6d2e616e64726f69642e63616c656e6461720000000000000000000000000000000000000000000000000000000000000000000000000000000000000000000000000000000000000000000000000000000000000000000000000000000000000000", "id": "1348606740" } }
W/dalvikvm(  232): DroidBox: { "FdAccess": { "path": "2f70726f632f3633392f636d646c696e65", "id": "175906191" } }
W/DroidBox(  232): DroidBox: { "FileRW": { "operation": "read", "data": "636f6d2e616e64726f69642e6465736b636c6f636b00000000000000000000000000000000000000000000000000000000000000000000000000000000000000000000000000000000000000000000000000000000000000000000000000000000000000", "id": "175906191" } }
W/dalvikvm(  232): DroidBox: { "FdAccess": { "path": "2f70726f632f3635322f636d646c696e65", "id": "863743384" } }
W/DroidBox(  232): DroidBox: { "FileRW": { "operation": "read", "data": "636f6d2e616e64726f69642e6c61756e636865720000000000000000000000000000000000000000000000000000000000000000000000000000000000000000000000000000000000000000000000000000000000000000000000000000000000000000", "id": "863743384" } }
W/dalvikvm(  232): DroidBox: { "FdAccess": { "path": "2f70726f632f3639352f636d646c696e65", "id": "1177413246" } }
W/DroidBox(  232): DroidBox: { "FileRW": { "operation": "read", "data": "636f6d2e616e64726f69642e70726f7669646572732e63616c656e64617200000000000000000000000000000000000000000000000000000000000000000000000000000000000000000000000000000000000000000000000000000000000000000000", "id": "1177413246" } }
W/dalvikvm(  232): DroidBox: { "FdAccess": { "path": "2f70726f632f3730392f636d646c696e65", "id": "1576908316" } }
W/DroidBox(  232): DroidBox: { "FileRW": { "operation": "read", "data": "636f6d2e616e64726f69642e636f6e74616374730000000000000000000000000000000000000000000000000000000000000000000000000000000000000000000000000000000000000000000000000000000000000000000000000000000000000000", "id": "1576908316" } }
W/dalvikvm(  232): DroidBox: { "FdAccess": { "path": "2f70726f632f3739342f636d646c696e65", "id": "193986853" } }
W/DroidBox(  232): DroidBox: { "FileRW": { "operation": "read", "data": "616e64726f69642e70726f636573732e6d6564696100000000000000000000000000000000000000000000000000000000000000000000000000000000000000000000000000000000000000000000000000000000000000000000000000000000000000", "id": "193986853" } }
W/dalvikvm(  232): DroidBox: { "FdAccess": { "path": "2f70726f632f3833332f636d646c696e65", "id": "1251842831" } }
W/DroidBox(  232): DroidBox: { "FileRW": { "operation": "read", "data": "636f6d2e616e64726f69642e646566636f6e7461696e657200000000000000000000000000000000000000000000000000000000000000000000000000000000000000000000000000000000000000000000000000000000000000000000000000000000", "id": "1251842831" } }
W/dalvikvm(  232): DroidBox: { "FdAccess": { "path": "2f70726f632f3835322f636d646c696e65", "id": "232990374" } }
W/DroidBox(  232): DroidBox: { "FileRW": { "operation": "read", "data": "636f6d2e616e64726f69642e656d61696c0000000000000000000000000000000000000000000000000000000000000000000000000000000000000000000000000000000000000000000000000000000000000000000000000000000000000000000000", "id": "232990374" } }
W/dalvikvm(  232): DroidBox: { "FdAccess": { "path": "2f70726f632f3836382f636d646c696e65", "id": "391856086" } }
W/DroidBox(  232): DroidBox: { "FileRW": { "operation": "read", "data": "636f6d2e616e64726f69642e65786368616e67650000000000000000000000000000000000000000000000000000000000000000000000000000000000000000000000000000000000000000000000000000000000000000000000000000000000000000", "id": "391856086" } }
W/dalvikvm(  232): DroidBox: { "FdAccess": { "path": "2f70726f632f3838362f636d646c696e65", "id": "140694310" } }
W/DroidBox(  232): DroidBox: { "FileRW": { "operation": "read", "data": "636f6d2e616e64726f69642e67616c6c657279336400000000000000000000000000000000000000000000000000000000000000000000000000000000000000000000000000000000000000000000000000000000000000000000000000000000000000", "id": "140694310" } }
W/dalvikvm(  232): DroidBox: { "FdAccess": { "path": "2f70726f632f3931302f636d646c696e65", "id": "841990672" } }
W/DroidBox(  232): DroidBox: { "FileRW": { "operation": "read", "data": "636f6d2e616e64726f69642e6d6d7300000000000000000000000000000000000000000000000000000000000000000000000000000000000000000000000000000000000000000000000000000000000000000000000000000000000000000000000000", "id": "841990672" } }
W/dalvikvm(  232): DroidBox: { "FdAccess": { "path": "2f70726f632f3934362f636d646c696e65", "id": "1860919989" } }
W/DroidBox(  232): DroidBox: { "FileRW": { "operation": "read", "data": "636f6d2e616e64726f69642e766f6963656469616c65720000000000000000000000000000000000000000000000000000000000000000000000000000000000000000000000000000000000000000000000000000000000000000000000000000000000", "id": "1860919989" } }
W/dalvikvm(  232): DroidBox: { "FdAccess": { "path": "2f70726f632f3936332f636d646c696e65", "id": "1483029660" } }
W/DroidBox(  232): DroidBox: { "FileRW": { "operation": "read", "data": "636f6d2e616e64726f69642e636f6d6d616e64732e6d6f6e6b657900000000000000000000000000000000000000000000000000000000000000000000000000000000000000000000000000000000000000000000000000000000000000000000000000", "id": "1483029660" } }
W/dalvikvm(  232): DroidBox: { "FdAccess": { "path": "2f70726f632f3936342f636d646c696e65", "id": "2116297290" } }
W/DroidBox(  232): DroidBox: { "FileRW": { "operation": "read", "data": "6c6f676361740044726f6964426f783a570064616c76696b766d3a570041637469766974794d616e616765723a49000000000000000000000000000000000000000000000000000000000000000000000000000000000000000000000000000000000000", "id": "2116297290" } }
W/dalvikvm(  232): DroidBox: { "FdAccess": { "path": "2f70726f632f3936362f636d646c696e65", "id": "1123643706" } }
W/DroidBox(  232): DroidBox: { "FileRW": { "operation": "read", "data": "2f73797374656d2f62696e2f7368002d63007368202e2f7364636172642f65786563757465537472616365496e2e736800000000000000000000000000000000000000000000000000000000000000000000000000000000000000000000000000000000", "id": "1123643706" } }
W/dalvikvm(  232): DroidBox: { "FdAccess": { "path": "2f70726f632f3936392f636d646c696e65", "id": "744634415" } }
W/DroidBox(  232): DroidBox: { "FileRW": { "operation": "read", "data": "7368002e2f7364636172642f65786563757465537472616365496e2e736800786563757465537472616365496e2e736800000000000000000000000000000000000000000000000000000000000000000000000000000000000000000000000000000000", "id": "744634415" } }
W/dalvikvm(  232): DroidBox: { "FdAccess": { "path": "2f70726f632f3937302f636d646c696e65", "id": "623950297" } }
W/DroidBox(  232): DroidBox: { "FileRW": { "operation": "read", "data": "737472616365002d70003539002d66002d747446002d6f002f7364636172642f366139656365333966626361366666396535626236316437623539373262363530393361396433303238313435373065356630333038616266353266396163622e61706b", "id": "623950297" } }
W/dalvikvm(  232): DroidBox: { "FdAccess": { "path": "2f70726f632f3938382f636d646c696e65", "id": "993898860" } }
W/DroidBox(  232): DroidBox: { "FileRW": { "operation": "read", "data": "636f6d2e736f66742e616e64726f69642e617070696e7374616c6c6572000000000000000000000000000000000000000000000000000000000000000000000000000000000000000000000035373065356630333038616266353266396163622e61706b", "id": "993898860" } }
W/dalvikvm(  232): DroidBox: { "FdAccess": { "path": "2f70726f632f313030362f636d646c696e65", "id": "1969004970" } }
W/DroidBox(  232): DroidBox: { "FileRW": { "operation": "read", "data": "636f6d2e616e64726f69642e717569636b736561726368626f78000000000000000000000000000000000000000000000000000000000000000000000000000000000000000000000000000035373065356630333038616266353266396163622e61706b", "id": "1969004970" } }
W/dalvikvm(  232): DroidBox: { "FdAccess": { "path": "2f70726f632f313032312f636d646c696e65", "id": "1024346195" } }
W/DroidBox(  232): DroidBox: { "FileRW": { "operation": "read", "data": "636f6d2e616e64726f69642e6d75736963667800000000000000000000000000000000000000000000000000000000000000000000000000000000000000000000000000000000000000000035373065356630333038616266353266396163622e61706b", "id": "1024346195" } }
W/dalvikvm(  232): DroidBox: { "FdAccess": { "path": "2f70726f632f313033352f636d646c696e65", "id": "635893544" } }
W/DroidBox(  232): DroidBox: { "FileRW": { "operation": "read", "data": "636f6d2e73766f782e7069636f00000000000000000000000000000000000000000000000000000000000000000000000000000000000000000000000000000000000000000000000000000035373065356630333038616266353266396163622e61706b", "id": "635893544" } }
W/DroidBox( 1035): DroidBox: { "DexClassLoader": { "path": "/system/app/PicoTts.apk" } }
I/Choreographer(  652): Skipped 992 frames!  The application may be doing too much work on its main thread.
W/ActivityManager(  232): Launch timeout has expired, giving up wake lock!
I/ActivityThread( 1035): Pub com.svox.pico.providers.SettingsProvider: com.svox.pico.providers.SettingsProvider
I/Process (  232): Sending signal. PID: 557 SIG: 3
V/PhoneStatusBar(  434): setLightsOn(true)
W/dalvikvm(  886): DroidBox: { "FdAccess": { "path": "2f646174612f646174612f636f6d2e616e64726f69642e67616c6c65727933642f7368617265645f70726566732f636f6d2e616e64726f69642e67616c6c65727933645f707265666572656e6365732e786d6c", "id": "681219416" } }
W/DroidBox(  886): DroidBox: { "FileRW": { "operation": "write", "data": "3c3f786d6c2076657273696f6e3d27312e302720656e636f64696e673d277574662d3827207374616e64616c6f6e653d2779657327203f3e0a3c6d61703e0a3c696e74206e616d653d227061636b616765732d76657273696f6e222076616c75653d2235", "id": "681219416" } }
I/Process (  232): Sending signal. PID: 652 SIG: 3
I/Process (  232): Sending signal. PID: 794 SIG: 3
D/gralloc_goldfish(  988): Emulator without GPU emulation detected.
W/ActivityManager(  232): Activity idle timeout for ActivityRecord{b3f29d18 com.soft.android.appinstaller/.FirstActivity}
I/Process (  232): Sending signal. PID: 1021 SIG: 3
I/ActivityManager(  232): Displayed com.soft.android.appinstaller/.FirstActivity: +11s45ms
W/dalvikvm(  232): DroidBox: { "FdAccess": { "path": "2f70726f632f313033352f636d646c696e65", "id": "729213479" } }
W/DroidBox(  232): DroidBox: { "FileRW": { "operation": "read", "data": "636f6d2e73766f782e7069636f000000000000000000000000000000000000000000000000000000000000000000000000000000000000000000000000000000000000000000000000000000000000000000000000000000000000000000000000000000", "id": "729213479" } }
E/ActivityManager(  232): ANR in com.soft.android.appinstaller (com.soft.android.appinstaller/.FirstActivity)
E/ActivityManager(  232): Reason: keyDispatchingTimedOut
E/ActivityManager(  232): Load: 10.05 / 2.87 / 0.99
E/ActivityManager(  232): CPU usage from 923ms to -5186ms ago:
E/ActivityManager(  232):   32% 232/system_server: 26% user + 5.6% kernel / faults: 1147 minor 3 major
E/ActivityManager(  232):   25% 970/strace: 5.9% user + 19% kernel
E/ActivityManager(  232):   7.9% 988/com.soft.android.appinstaller: 3.4% user + 4.4% kernel / faults: 1265 minor 8 major
E/ActivityManager(  232):   6.9% 66/adbd: 0.8% user + 6% kernel / faults: 840 minor
E/ActivityManager(  232):   5.7% 490/com.android.inputmethod.latin: 5.2% user + 0.4% kernel / faults: 578 minor 1 major
E/ActivityManager(  232):   3.6% 964/logcat: 1.3% user + 2.3% kernel
E/ActivityManager(  232):   3.3% 652/com.android.launcher: 2.6% user + 0.6% kernel / faults: 37 minor
E/ActivityManager(  232):   2.1% 794/android.process.media: 1.9% user + 0.1% kernel / faults: 53 minor
E/ActivityManager(  232):   2% 1021/com.android.musicfx: 0.8% user + 1.1% kernel / faults: 2066 minor 1 major
E/ActivityManager(  232):   1.8% 58/surfaceflinger: 1.4% user + 0.3% kernel
E/ActivityManager(  232):   1.4% 557/android.process.acore: 1.1% user + 0.3% kernel / faults: 104 minor
E/ActivityManager(  232):   1.1% 509/com.android.phone: 0.4% user + 0.6% kernel / faults: 163 minor
E/ActivityManager(  232):   0.3% 434/com.android.systemui: 0.1% user + 0.2% kernel / faults: 86 minor
E/ActivityManager(  232):   0.3% 59/zygote: 0% user + 0.3% kernel / faults: 69 minor
E/ActivityManager(  232):   0.3% 886/com.android.gallery3d: 0.1% user + 0.1% kernel / faults: 10 minor
E/ActivityManager(  232):   0.3% 946/com.android.voicedialer: 0.3% user + 0% kernel / faults: 6 minor
E/ActivityManager(  232):   0.1% 25/mtdblock0: 0% user + 0.1% kernel
E/ActivityManager(  232):   0% 55/netd: 0% user + 0% kernel
E/ActivityManager(  232):   0% 57/rild: 0% user + 0% kernel / faults: 1 minor
E/ActivityManager(  232):   0% 67/kworker/0:2: 0% user + 0% kernel
E/ActivityManager(  232):   0.1% 910/com.android.mms: 0.1% user + 0% kernel / faults: 1 minor
E/ActivityManager(  232):  +0% 1035/com.svox.pico: 0% user + 0% kernel
E/ActivityManager(  232): 100% TOTAL: 55% user + 44% kernel
E/ActivityManager(  232): CPU usage from 3683ms to 4244ms later:
E/ActivityManager(  232):   34% 970/strace: 4.7% user + 30% kernel
E/ActivityManager(  232):   19% 232/system_server: 10% user + 8.7% kernel / faults: 291 minor
E/ActivityManager(  232):     8.7% 349/InputDispatcher: 5.2% user + 3.5% kernel
E/ActivityManager(  232):     5.2% 335/PackageMonitor: 0% user + 5.2% kernel
E/ActivityManager(  232):     1.7% 242/Binder_1: 1.7% user + 0% kernel
E/ActivityManager(  232):     1.7% 411/Binder_4: 0% user + 1.7% kernel
E/ActivityManager(  232):     1.7% 926/Binder_C: 1.7% user + 0% kernel
E/ActivityManager(  232):     1.7% 930/Binder_F: 1.7% user + 0% kernel
E/ActivityManager(  232):   9.5% 988/com.soft.android.appinstaller: 3.1% user + 6.3% kernel / faults: 30 minor
E/ActivityManager(  232):     6.3% 993/Signal Catcher: 0% user + 6.3% kernel
E/ActivityManager(  232):     1.5% 992/GC: 1.5% user + 0% kernel
E/ActivityManager(  232):     1.5% 999/Binder_1: 1.5% user + 0% kernel
E/ActivityManager(  232):   2.8% 557/android.process.acore: 2.1% user + 0.7% kernel / faults: 1 minor
E/ActivityManager(  232):     2.8% 622/ApplicationsPro: 2.8% user + 0% kernel
E/ActivityManager(  232):   3.1% 652/com.android.launcher: 3.1% user + 0% kernel / faults: 3 minor
E/ActivityManager(  232):     3.1% 652/ndroid.launcher: 3.1% user + 0% kernel
E/ActivityManager(  232):   3.6% 794/android.process.media: 2.7% user + 0.9% kernel / faults: 23 minor
E/ActivityManager(  232):     3.6% 909/MediaScannerSer: 2.7% user + 0.9% kernel
E/ActivityManager(  232):   3.5% 1035/com.svox.pico: 0% user + 3.5% kernel / faults: 288 minor
E/ActivityManager(  232):     3.5% 1035/com.svox.pico: 0% user + 3.5% kernel
E/ActivityManager(  232):   1% 58/surfaceflinger: 1% user + 0% kernel
E/ActivityManager(  232):     0.5% 95/SurfaceFlinger: 0.5% user + 0% kernel
E/ActivityManager(  232):     0.5% 103/Binder_1: 0% user + 0.5% kernel
E/ActivityManager(  232):   3.5% 66/adbd: 0% user + 3.5% kernel / faults: 32 minor
E/ActivityManager(  232):     1.7% 66/adbd: 0% user + 1.7% kernel
E/ActivityManager(  232):     1.7% 224/adbd: 0% user + 1.7% kernel
E/ActivityManager(  232):   0.5% 57/rild: 0% user + 0.5% kernel
E/ActivityManager(  232):     0.5% 85/rild: 0% user + 0.5% kernel
E/ActivityManager(  232):   1.6% 964/logcat: 1.6% user + 0% kernel
E/ActivityManager(  232):   1.1% 1021/com.android.musicfx: 0% user + 1.1% kernel / faults: 46 minor
E/ActivityManager(  232):     1.1% 1040/IntentService[C: 0% user + 1.1% kernel
E/ActivityManager(  232): 100% TOTAL: 32% user + 68% kernel
I/InputDispatcher(  232): Window 'Window{b3fbf2a0 com.android.launcher/com.android.launcher2.Launcher paused=false}' spent 10589.5ms processing the last input event: KeyEvent(action=1, deviceId=-1, source=0x00000101)
I/InputDispatcher(  232): Dropped event because it is stale.
W/InputManager(  232): Input event injection from pid 963 failed.
W/dalvikvm(  232): DroidBox: { "FdAccess": { "path": "2f646174612f616e722f7472616365732e747874", "id": "1875556383" } }
W/DroidBox(  232): DroidBox: { "FileRW": { "operation": "read", "data": "0a0a2d2d2d2d2d207069642032333220617420323032342d31322d32302031393a32303a3337202d2d2d2d2d0a436d64206c696e653a2073797374656d5f7365727665720a0a44414c56494b20544852454144533a0a286d7574657865733a20746c6c3d", "id": "1875556383" } }
W/dalvikvm(  557): threadid=3: spin on suspend #1 threadid=10 (pcf=0)
W/dalvikvm(  557): threadid=3: spin on suspend resolved in 1375 msec
I/Choreographer(  232): Skipped 223 frames!  The application may be doing too much work on its main thread.
I/dalvikvm-heap(  232): Grow heap (frag case) to 12.748MB for 393236-byte allocation
I/Choreographer(  490): Skipped 902 frames!  The application may be doing too much work on its main thread.
D/gralloc_goldfish(  490): Emulator without GPU emulation detected.
I/dalvikvm-heap(  490): Grow heap (frag case) to 10.240MB for 591376-byte allocation
W/dalvikvm( 1021): DroidBox: { "FdAccess": { "path": "2f646174612f646174612f636f6d2e616e64726f69642e6d7573696366782f7368617265645f70726566732f6d7573696366782e786d6c", "id": "1167237884" } }
W/DroidBox( 1021): DroidBox: { "FileRW": { "operation": "write", "data": "3c3f786d6c2076657273696f6e3d27312e302720656e636f64696e673d277574662d3827207374616e64616c6f6e653d2779657327203f3e0a3c6d61703e0a3c737472696e67206e616d653d2264656661756c7470616e656c7061636b616765223e636f", "id": "1167237884" } }
I/Choreographer(  652): Skipped 35 frames!  The application may be doing too much work on its main thread.
W/dalvikvm(  886): DroidBox: { "FdAccess": { "path": "2f646174612f646174612f636f6d2e616e64726f69642e67616c6c65727933642f7368617265645f70726566732f636f6d2e616e64726f69642e67616c6c65727933645f707265666572656e6365732e786d6c", "id": "1597262687" } }
W/DroidBox(  886): DroidBox: { "FileRW": { "operation": "write", "data": "3c3f786d6c2076657273696f6e3d27312e302720656e636f64696e673d277574662d3827207374616e64616c6f6e653d2779657327203f3e0a3c6d61703e0a3c696e74206e616d653d227061636b616765732d76657273696f6e222076616c75653d2236", "id": "1597262687" } }
I/ContactDirectoryManager(  557): deleted 0 stale rows which don't have any relevant directory
W/dalvikvm(  886): DroidBox: { "FdAccess": { "path": "2f646174612f646174612f636f6d2e616e64726f69642e67616c6c65727933642f7368617265645f70726566732f636f6d2e616e64726f69642e67616c6c65727933645f707265666572656e6365732e786d6c", "id": "1444067072" } }
W/DroidBox(  886): DroidBox: { "FileRW": { "operation": "write", "data": "3c3f786d6c2076657273696f6e3d27312e302720656e636f64696e673d277574662d3827207374616e64616c6f6e653d2779657327203f3e0a3c6d61703e0a3c696e74206e616d653d227061636b616765732d76657273696f6e222076616c75653d2237", "id": "1444067072" } }
I/ActivityManager(  232): No longer want com.android.provision (pid 599): hidden #16
I/ContactDirectoryManager(  557): Discovered 0 contact directories in 24168ms
I/ContactsDatabaseHelper(  557): Switching to locale en_US
E/SQLiteLog(  794): (1) no such table: files
E/WVMExtractor(   61): Failed to open libwvm.so
I/ContactsDatabaseHelper(  557): Locale change completed in 2143ms
I/ContactsDatabaseHelper(  557): Switching to locale en_US
E/WVMExtractor(   61): Failed to open libwvm.so
E/WVMExtractor(   61): Failed to open libwvm.so
W/dalvikvm(  232): DroidBox: { "FdAccess": { "path": "2f70726f632f313035322f636d646c696e65", "id": "1128003856" } }
W/DroidBox(  232): DroidBox: { "FileRW": { "operation": "read", "data": "70726f6372616e6b007069636f000000000000000000000000000000000000000000000000000000000000000000000000000000000000000000000000000000000000000000000000000000000000000000000000000000000000000000000000000000", "id": "1128003856" } }
E/WVMExtractor(   61): Failed to open libwvm.so
I/ContactsDatabaseHelper(  557): Locale change completed in 1790ms
I/ContactsProvider(  557): Upgrading aggregation algorithm
I/ContactAggregator(  557): Marked all visible contacts for aggregation: 0 raw contacts, 9 ms
