D/InputEventConsistencyVerifier(  627): KeyEvent: ACTION_UP but key was not down.
D/InputEventConsistencyVerifier(  627):   in com.android.internal.policy.impl.PhoneWindow$DecorView@b413fe38
D/InputEventConsistencyVerifier(  627):   0: sent at 108091000000, KeyEvent { action=ACTION_UP, keyCode=KEYCODE_DPAD_RIGHT, scanCode=0, metaState=0, flags=0x8, repeatCount=0, eventTime=108091, downTime=108091, deviceId=-1, source=0x101 }
W/dalvikvm(  998): DroidBox: { "FdAccess": { "path": "2f6465762f696e7075742f6576656e7430", "id": "1314642534" } }
W/DroidBox(  998): DroidBox: { "FileRW": { "operation": "write", "data": "efbfbd060000efbfbdefbfbd0c000500000000000000", "id": "1314642534" } }
I/ActivityManager(  230): START {act=android.search.action.GLOBAL_SEARCH flg=0x10000000 cmp=com.android.quicksearchbox/.SearchActivity bnds=[5,43][475,103] (has extras) u=0} from pid 627
I/Choreographer(  627): Skipped 45 frames!  The application may be doing too much work on its main thread.
E/Trace   ( 1017): error opening trace file: No such file or directory (2)
D/ExchangeService(  849): !!! EAS ExchangeService, onStartCommand, startingUp = false, running = false
W/DroidBox( 1017): DroidBox: { "DexClassLoader": { "path": "/data/app/vbkoxh.cswnpr-1.apk" } }
D/ExchangeService(  849): Reconciling accounts...
I/dalvikvm-heap(  627): Grow heap (frag case) to 15.121MB for 1463056-byte allocation
E/WVMExtractor(   63): Failed to open libwvm.so
W/InputMethodManagerService(  230): Starting input on non-focused client com.android.internal.view.IInputMethodClient$Stub$Proxy@b40b04b8 (uid=10019 pid=627)
I/Choreographer(  627): Skipped 381 frames!  The application may be doing too much work on its main thread.
D/InputEventConsistencyVerifier(  627): KeyEvent: ACTION_UP but key was not down.
D/InputEventConsistencyVerifier(  627):   in com.android.launcher2.Cling@b4183d20
D/InputEventConsistencyVerifier(  627):   0: sent at 108399000000, KeyEvent { action=ACTION_UP, keyCode=KEYCODE_DPAD_DOWN, scanCode=0, metaState=0, flags=0x8, repeatCount=0, eventTime=108399, downTime=108399, deviceId=-1, source=0x101 }
I/ActivityManager(  230): No longer want com.android.provision (pid 586): hidden #16
E/WVMExtractor(   63): Failed to open libwvm.so
E/WVMExtractor(   63): Failed to open libwvm.so
E/WVMExtractor(   63): Failed to open libwvm.so
I/InputReader(  230): Reconfiguring input devices.  changes=0x00000010
D/PackageManager(  230): generateServicesMap(android.accounts.AccountAuthenticator): 2 services unchanged
D/PackageManager(  230): generateServicesMap(android.content.SyncAdapter): 4 services unchanged
W/dalvikvm(  868): DroidBox: { "FdAccess": { "path": "2f646174612f646174612f636f6d2e616e64726f69642e67616c6c65727933642f7368617265645f70726566732f636f6d2e616e64726f69642e67616c6c65727933645f707265666572656e6365732e786d6c", "id": "1301855926" } }
W/DroidBox(  868): DroidBox: { "FileRW": { "operation": "write", "data": "3c3f786d6c2076657273696f6e3d27312e302720656e636f64696e673d277574662d3827207374616e64616c6f6e653d2779657327203f3e0a3c6d61703e0a3c696e74206e616d653d227061636b616765732d76657273696f6e222076616c75653d2238", "id": "1301855926" } }
I/AccountTypeManager(  696): Loaded meta-data for 1 account types, 0 accounts in 205ms(wall) 0ms(cpu)
E/WVMExtractor(   63): Failed to open libwvm.so
W/dalvikvm(  230): DroidBox: { "FdAccess": { "path": "2f70726f632f3935322f636d646c696e65", "id": "325943466" } }
W/DroidBox(  230): DroidBox: { "FileRW": { "operation": "read", "data": "636f6d2e616e64726f69642e6d757369636678000000000000000000000000000000000000000000000000000000000000000000000000000000000000000000000000000000000000000000702f36613435623466333362666439666634333631613138", "id": "325943466" } }
W/dalvikvm(  230): DroidBox: { "FdAccess": { "path": "2f70726f632f3936352f636d646c696e65", "id": "635211458" } }
W/DroidBox(  230): DroidBox: { "FileRW": { "operation": "read", "data": "636f6d2e73766f782e7069636f000000000000000000000000000000000000000000000000000000000000000000000000000000000000000000000000000000000000000000000000000000702f36613435623466333362666439666634333631613138", "id": "635211458" } }
W/dalvikvm(  230): DroidBox: { "FdAccess": { "path": "2f70726f632f3937392f636d646c696e65", "id": "1732776" } }
W/DroidBox(  230): DroidBox: { "FileRW": { "operation": "read", "data": "636f6d2e616e64726f69642e717569636b736561726368626f780000000000000000000000000000000000000000000000000000000000000000000000000000000000000000000000000000702f36613435623466333362666439666634333631613138", "id": "1732776" } }
W/dalvikvm(  230): DroidBox: { "FdAccess": { "path": "2f70726f632f3939382f636d646c696e65", "id": "399237377" } }
W/DroidBox(  230): DroidBox: { "FileRW": { "operation": "read", "data": "636f6d2e616e64726f69642e636f6d6d616e64732e6d6f6e6b657900000000000000000000000000000000000000000000000000000000000000000000000000000000000000000000000000000000000000000000333362666439666634333631613138", "id": "399237377" } }
W/dalvikvm(  230): DroidBox: { "FdAccess": { "path": "2f70726f632f313030302f636d646c696e65", "id": "1447518650" } }
W/DroidBox(  230): DroidBox: { "FileRW": { "operation": "read", "data": "6c6f676361740044726f6964426f783a570064616c76696b766d3a570041637469766974794d616e616765723a49000000000000000000000000000000000000000000000000000000000000000000000000000000333362666439666634333631613138", "id": "1447518650" } }
W/dalvikvm(  230): DroidBox: { "FdAccess": { "path": "2f70726f632f313030322f636d646c696e65", "id": "277160408" } }
W/DroidBox(  230): DroidBox: { "FileRW": { "operation": "read", "data": "2f73797374656d2f62696e2f7368002d63007368202e2f7364636172642f65786563757465537472616365496e2e736800000000000000000000000000000000000000000000000000000000000000000000000000333362666439666634333631613138", "id": "277160408" } }
W/dalvikvm(  230): DroidBox: { "FdAccess": { "path": "2f70726f632f313030342f636d646c696e65", "id": "1770655060" } }
W/DroidBox(  230): DroidBox: { "FileRW": { "operation": "read", "data": "7368002e2f7364636172642f65786563757465537472616365496e2e736800786563757465537472616365496e2e736800000000000000000000000000000000000000000000000000000000000000000000000000333362666439666634333631613138", "id": "1770655060" } }
W/dalvikvm(  230): DroidBox: { "FdAccess": { "path": "2f70726f632f313030352f636d646c696e65", "id": "1155823413" } }
W/DroidBox(  230): DroidBox: { "FileRW": { "operation": "read", "data": "737472616365002d70003631002d66002d747446002d6f002f7364636172642f366134356234663333626664396666343336316131383236306531396230386465346662313636333761313465636562626235343463393538626133646564382e61706b", "id": "1155823413" } }
W/dalvikvm(  230): DroidBox: { "FdAccess": { "path": "2f70726f632f313031372f636d646c696e65", "id": "278921842" } }
W/DroidBox(  230): DroidBox: { "FileRW": { "operation": "read", "data": "76626b6f78682e6373776e707200000000000000000000000000000000000000000000000000000000000000000000000000000000000000000000000000000000000000000000000000000065636562626235343463393538626133646564382e61706b", "id": "278921842" } }
E/WVMExtractor(   63): Failed to open libwvm.so
E/WVMExtractor(   63): Failed to open libwvm.so
I/InputDispatcher(  230): Application is not responding: AppWindowToken{b3f22658 token=Token{b4115850 ActivityRecord{b423d688 vbkoxh.cswnpr/.vmbatqef}}}.  It has been 5080.0ms since event, 5015.5ms since wait started.  Reason: Waiting because no window has focus but there is a focused application that may eventually add a window when it finishes starting up.
I/WindowManager(  230): Input event dispatching timed out sending to application AppWindowToken{b3f22658 token=Token{b4115850 ActivityRecord{b423d688 vbkoxh.cswnpr/.vmbatqef}}}
I/Process (  230): Sending signal. PID: 1017 SIG: 3
I/Process (  230): Sending signal. PID: 230 SIG: 3
I/Process (  230): Sending signal. PID: 426 SIG: 3
I/Process (  230): Sending signal. PID: 497 SIG: 3
W/dalvikvm(  230): DroidBox: { "FdAccess": { "path": "2f70726f632f312f636d646c696e65", "id": "702573709" } }
W/DroidBox(  230): DroidBox: { "FileRW": { "operation": "read", "data": "2f696e69740000000000000000000000000000000000000000000000000000000000000000000000000000000000000000000000000000000000000000000000000000000000000000000000000000000000000000000000000000000000000000000000", "id": "702573709" } }
W/dalvikvm(  230): DroidBox: { "FdAccess": { "path": "2f70726f632f322f636d646c696e65", "id": "814233233" } }
W/DroidBox(  230): DroidBox: { "FileRW": { "operation": "read", "data": "2f696e69740000000000000000000000000000000000000000000000000000000000000000000000000000000000000000000000000000000000000000000000000000000000000000000000000000000000000000000000000000000000000000000000", "id": "814233233" } }
W/dalvikvm(  230): DroidBox: { "FdAccess": { "path": "2f70726f632f332f636d646c696e65", "id": "138282516" } }
W/DroidBox(  230): DroidBox: { "FileRW": { "operation": "read", "data": "2f696e69740000000000000000000000000000000000000000000000000000000000000000000000000000000000000000000000000000000000000000000000000000000000000000000000000000000000000000000000000000000000000000000000", "id": "138282516" } }
W/dalvikvm(  230): DroidBox: { "FdAccess": { "path": "2f70726f632f342f636d646c696e65", "id": "1957238861" } }
W/DroidBox(  230): DroidBox: { "FileRW": { "operation": "read", "data": "2f696e69740000000000000000000000000000000000000000000000000000000000000000000000000000000000000000000000000000000000000000000000000000000000000000000000000000000000000000000000000000000000000000000000", "id": "1957238861" } }
W/dalvikvm(  230): DroidBox: { "FdAccess": { "path": "2f70726f632f352f636d646c696e65", "id": "501808188" } }
W/DroidBox(  230): DroidBox: { "FileRW": { "operation": "read", "data": "2f696e69740000000000000000000000000000000000000000000000000000000000000000000000000000000000000000000000000000000000000000000000000000000000000000000000000000000000000000000000000000000000000000000000", "id": "501808188" } }
W/dalvikvm(  230): DroidBox: { "FdAccess": { "path": "2f70726f632f362f636d646c696e65", "id": "198293246" } }
W/DroidBox(  230): DroidBox: { "FileRW": { "operation": "read", "data": "2f696e69740000000000000000000000000000000000000000000000000000000000000000000000000000000000000000000000000000000000000000000000000000000000000000000000000000000000000000000000000000000000000000000000", "id": "198293246" } }
W/dalvikvm(  230): DroidBox: { "FdAccess": { "path": "2f70726f632f372f636d646c696e65", "id": "1141192800" } }
W/DroidBox(  230): DroidBox: { "FileRW": { "operation": "read", "data": "2f696e69740000000000000000000000000000000000000000000000000000000000000000000000000000000000000000000000000000000000000000000000000000000000000000000000000000000000000000000000000000000000000000000000", "id": "1141192800" } }
W/dalvikvm(  230): DroidBox: { "FdAccess": { "path": "2f70726f632f382f636d646c696e65", "id": "746765823" } }
W/DroidBox(  230): DroidBox: { "FileRW": { "operation": "read", "data": "2f696e69740000000000000000000000000000000000000000000000000000000000000000000000000000000000000000000000000000000000000000000000000000000000000000000000000000000000000000000000000000000000000000000000", "id": "746765823" } }
W/dalvikvm(  230): DroidBox: { "FdAccess": { "path": "2f70726f632f392f636d646c696e65", "id": "214459581" } }
W/DroidBox(  230): DroidBox: { "FileRW": { "operation": "read", "data": "2f696e69740000000000000000000000000000000000000000000000000000000000000000000000000000000000000000000000000000000000000000000000000000000000000000000000000000000000000000000000000000000000000000000000", "id": "214459581" } }
W/dalvikvm(  230): DroidBox: { "FdAccess": { "path": "2f70726f632f31302f636d646c696e65", "id": "395674943" } }
W/DroidBox(  230): DroidBox: { "FileRW": { "operation": "read", "data": "2f696e69740000000000000000000000000000000000000000000000000000000000000000000000000000000000000000000000000000000000000000000000000000000000000000000000000000000000000000000000000000000000000000000000", "id": "395674943" } }
W/dalvikvm(  230): DroidBox: { "FdAccess": { "path": "2f70726f632f31312f636d646c696e65", "id": "1188149963" } }
W/DroidBox(  230): DroidBox: { "FileRW": { "operation": "read", "data": "2f696e69740000000000000000000000000000000000000000000000000000000000000000000000000000000000000000000000000000000000000000000000000000000000000000000000000000000000000000000000000000000000000000000000", "id": "1188149963" } }
W/dalvikvm(  230): DroidBox: { "FdAccess": { "path": "2f70726f632f31322f636d646c696e65", "id": "2078063288" } }
W/DroidBox(  230): DroidBox: { "FileRW": { "operation": "read", "data": "2f696e69740000000000000000000000000000000000000000000000000000000000000000000000000000000000000000000000000000000000000000000000000000000000000000000000000000000000000000000000000000000000000000000000", "id": "2078063288" } }
W/dalvikvm(  230): DroidBox: { "FdAccess": { "path": "2f70726f632f31332f636d646c696e65", "id": "8247342" } }
W/DroidBox(  230): DroidBox: { "FileRW": { "operation": "read", "data": "2f696e69740000000000000000000000000000000000000000000000000000000000000000000000000000000000000000000000000000000000000000000000000000000000000000000000000000000000000000000000000000000000000000000000", "id": "8247342" } }
W/dalvikvm(  230): DroidBox: { "FdAccess": { "path": "2f70726f632f31342f636d646c696e65", "id": "7744383" } }
W/DroidBox(  230): DroidBox: { "FileRW": { "operation": "read", "data": "2f696e69740000000000000000000000000000000000000000000000000000000000000000000000000000000000000000000000000000000000000000000000000000000000000000000000000000000000000000000000000000000000000000000000", "id": "7744383" } }
W/dalvikvm(  230): DroidBox: { "FdAccess": { "path": "2f70726f632f32352f636d646c696e65", "id": "1258037228" } }
W/DroidBox(  230): DroidBox: { "FileRW": { "operation": "read", "data": "2f696e69740000000000000000000000000000000000000000000000000000000000000000000000000000000000000000000000000000000000000000000000000000000000000000000000000000000000000000000000000000000000000000000000", "id": "1258037228" } }
W/dalvikvm(  230): DroidBox: { "FdAccess": { "path": "2f70726f632f32362f636d646c696e65", "id": "1539966076" } }
W/DroidBox(  230): DroidBox: { "FileRW": { "operation": "read", "data": "2f696e69740000000000000000000000000000000000000000000000000000000000000000000000000000000000000000000000000000000000000000000000000000000000000000000000000000000000000000000000000000000000000000000000", "id": "1539966076" } }
W/dalvikvm(  230): DroidBox: { "FdAccess": { "path": "2f70726f632f32372f636d646c696e65", "id": "1895380804" } }
W/DroidBox(  230): DroidBox: { "FileRW": { "operation": "read", "data": "2f696e69740000000000000000000000000000000000000000000000000000000000000000000000000000000000000000000000000000000000000000000000000000000000000000000000000000000000000000000000000000000000000000000000", "id": "1895380804" } }
W/dalvikvm(  230): DroidBox: { "FdAccess": { "path": "2f70726f632f32382f636d646c696e65", "id": "2114987661" } }
W/DroidBox(  230): DroidBox: { "FileRW": { "operation": "read", "data": "2f696e69740000000000000000000000000000000000000000000000000000000000000000000000000000000000000000000000000000000000000000000000000000000000000000000000000000000000000000000000000000000000000000000000", "id": "2114987661" } }
W/dalvikvm(  230): DroidBox: { "FdAccess": { "path": "2f70726f632f32392f636d646c696e65", "id": "1369934223" } }
W/DroidBox(  230): DroidBox: { "FileRW": { "operation": "read", "data": "2f696e69740000000000000000000000000000000000000000000000000000000000000000000000000000000000000000000000000000000000000000000000000000000000000000000000000000000000000000000000000000000000000000000000", "id": "1369934223" } }
W/dalvikvm(  230): DroidBox: { "FdAccess": { "path": "2f70726f632f33302f636d646c696e65", "id": "698235120" } }
W/DroidBox(  230): DroidBox: { "FileRW": { "operation": "read", "data": "2f696e69740000000000000000000000000000000000000000000000000000000000000000000000000000000000000000000000000000000000000000000000000000000000000000000000000000000000000000000000000000000000000000000000", "id": "698235120" } }
W/dalvikvm(  230): DroidBox: { "FdAccess": { "path": "2f70726f632f33312f636d646c696e65", "id": "1744063048" } }
W/DroidBox(  230): DroidBox: { "FileRW": { "operation": "read", "data": "2f7362696e2f756576656e7464000000000000000000000000000000000000000000000000000000000000000000000000000000000000000000000000000000000000000000000000000000000000000000000000000000000000000000000000000000", "id": "1744063048" } }
W/dalvikvm(  230): DroidBox: { "FdAccess": { "path": "2f70726f632f33332f636d646c696e65", "id": "59747036" } }
W/DroidBox(  230): DroidBox: { "FileRW": { "operation": "read", "data": "2f7362696e2f756576656e7464000000000000000000000000000000000000000000000000000000000000000000000000000000000000000000000000000000000000000000000000000000000000000000000000000000000000000000000000000000", "id": "59747036" } }
W/dalvikvm(  230): DroidBox: { "FdAccess": { "path": "2f70726f632f33342f636d646c696e65", "id": "1779249138" } }
W/DroidBox(  230): DroidBox: { "FileRW": { "operation": "read", "data": "2f7362696e2f756576656e7464000000000000000000000000000000000000000000000000000000000000000000000000000000000000000000000000000000000000000000000000000000000000000000000000000000000000000000000000000000", "id": "1779249138" } }
W/dalvikvm(  230): DroidBox: { "FdAccess": { "path": "2f70726f632f33382f636d646c696e65", "id": "1681892191" } }
W/DroidBox(  230): DroidBox: { "FileRW": { "operation": "read", "data": "2f7362696e2f756576656e7464000000000000000000000000000000000000000000000000000000000000000000000000000000000000000000000000000000000000000000000000000000000000000000000000000000000000000000000000000000", "id": "1681892191" } }
W/dalvikvm(  230): DroidBox: { "FdAccess": { "path": "2f70726f632f34302f636d646c696e65", "id": "722974147" } }
W/DroidBox(  230): DroidBox: { "FileRW": { "operation": "read", "data": "2f7362696e2f756576656e7464000000000000000000000000000000000000000000000000000000000000000000000000000000000000000000000000000000000000000000000000000000000000000000000000000000000000000000000000000000", "id": "722974147" } }
W/dalvikvm(  230): DroidBox: { "FdAccess": { "path": "2f70726f632f34312f636d646c696e65", "id": "599511235" } }
W/DroidBox(  230): DroidBox: { "FileRW": { "operation": "read", "data": "2f7362696e2f756576656e7464000000000000000000000000000000000000000000000000000000000000000000000000000000000000000000000000000000000000000000000000000000000000000000000000000000000000000000000000000000", "id": "599511235" } }
W/dalvikvm(  230): DroidBox: { "FdAccess": { "path": "2f70726f632f34342f636d646c696e65", "id": "666744473" } }
W/DroidBox(  230): DroidBox: { "FileRW": { "operation": "read", "data": "2f7362696e2f756576656e7464000000000000000000000000000000000000000000000000000000000000000000000000000000000000000000000000000000000000000000000000000000000000000000000000000000000000000000000000000000", "id": "666744473" } }
W/dalvikvm(  230): DroidBox: { "FdAccess": { "path": "2f70726f632f34362f636d646c696e65", "id": "1954136903" } }
W/DroidBox(  230): DroidBox: { "FileRW": { "operation": "read", "data": "2f7362696e2f756576656e7464000000000000000000000000000000000000000000000000000000000000000000000000000000000000000000000000000000000000000000000000000000000000000000000000000000000000000000000000000000", "id": "1954136903" } }
W/dalvikvm(  230): DroidBox: { "FdAccess": { "path": "2f70726f632f34372f636d646c696e65", "id": "1994724967" } }
W/DroidBox(  230): DroidBox: { "FileRW": { "operation": "read", "data": "2f7362696e2f756576656e7464000000000000000000000000000000000000000000000000000000000000000000000000000000000000000000000000000000000000000000000000000000000000000000000000000000000000000000000000000000", "id": "1994724967" } }
W/dalvikvm(  230): DroidBox: { "FdAccess": { "path": "2f70726f632f34382f636d646c696e65", "id": "1166856211" } }
W/DroidBox(  230): DroidBox: { "FileRW": { "operation": "read", "data": "2f73797374656d2f62696e2f71656d75640000000000000000000000000000000000000000000000000000000000000000000000000000000000000000000000000000000000000000000000000000000000000000000000000000000000000000000000", "id": "1166856211" } }
W/dalvikvm(  230): DroidBox: { "FdAccess": { "path": "2f70726f632f35312f636d646c696e65", "id": "1914636257" } }
W/DroidBox(  230): DroidBox: { "FileRW": { "operation": "read", "data": "2f73797374656d2f62696e2f71656d75640000000000000000000000000000000000000000000000000000000000000000000000000000000000000000000000000000000000000000000000000000000000000000000000000000000000000000000000", "id": "1914636257" } }
W/dalvikvm(  230): DroidBox: { "FdAccess": { "path": "2f70726f632f35342f636d646c696e65", "id": "1629632373" } }
W/DroidBox(  230): DroidBox: { "FileRW": { "operation": "read", "data": "2f73797374656d2f62696e2f736572766963656d616e616765720000000000000000000000000000000000000000000000000000000000000000000000000000000000000000000000000000000000000000000000000000000000000000000000000000", "id": "1629632373" } }
W/dalvikvm(  230): DroidBox: { "FdAccess": { "path": "2f70726f632f35352f636d646c696e65", "id": "374542215" } }
W/DroidBox(  230): DroidBox: { "FileRW": { "operation": "read", "data": "2f73797374656d2f62696e2f766f6c640063656d616e616765720000000000000000000000000000000000000000000000000000000000000000000000000000000000000000000000000000000000000000000000000000000000000000000000000000", "id": "374542215" } }
W/dalvikvm(  230): DroidBox: { "FdAccess": { "path": "2f70726f632f35372f636d646c696e65", "id": "678731276" } }
W/DroidBox(  230): DroidBox: { "FileRW": { "operation": "read", "data": "2f73797374656d2f62696e2f6e6574640063656d616e616765720000000000000000000000000000000000000000000000000000000000000000000000000000000000000000000000000000000000000000000000000000000000000000000000000000", "id": "678731276" } }
W/dalvikvm(  230): DroidBox: { "FdAccess": { "path": "2f70726f632f35382f636d646c696e65", "id": "954962310" } }
W/DroidBox(  230): DroidBox: { "FileRW": { "operation": "read", "data": "2f73797374656d2f62696e2f64656275676765726400616765720000000000000000000000000000000000000000000000000000000000000000000000000000000000000000000000000000000000000000000000000000000000000000000000000000", "id": "954962310" } }
W/dalvikvm(  230): DroidBox: { "FdAccess": { "path": "2f70726f632f35392f636d646c696e65", "id": "1659025153" } }
W/DroidBox(  230): DroidBox: { "FileRW": { "operation": "read", "data": "2f73797374656d2f62696e2f72696c64006765726400616765720000000000000000000000000000000000000000000000000000000000000000000000000000000000000000000000000000000000000000000000000000000000000000000000000000", "id": "1659025153" } }
W/dalvikvm(  230): DroidBox: { "FdAccess": { "path": "2f70726f632f36302f636d646c696e65", "id": "2026484045" } }
W/DroidBox(  230): DroidBox: { "FileRW": { "operation": "read", "data": "2f73797374656d2f62696e2f73757266616365666c696e6765720000000000000000000000000000000000000000000000000000000000000000000000000000000000000000000000000000000000000000000000000000000000000000000000000000", "id": "2026484045" } }
W/dalvikvm(  230): DroidBox: { "FdAccess": { "path": "2f70726f632f36312f636d646c696e65", "id": "1889226508" } }
W/DroidBox(  230): DroidBox: { "FileRW": { "operation": "read", "data": "7a79676f7465002f62696e2f6170705f70726f63657373002d587a79676f7465002f73797374656d2f62696e002d2d7a79676f7465002d2d73746172742d73797374656d2d73657276657200000000000000000000000000000000000000000000000000", "id": "1889226508" } }
W/dalvikvm(  230): DroidBox: { "FdAccess": { "path": "2f70726f632f36322f636d646c696e65", "id": "3514094" } }
W/DroidBox(  230): DroidBox: { "FileRW": { "operation": "read", "data": "2f73797374656d2f62696e2f64726d7365727665720073002d587a79676f7465002f73797374656d2f62696e002d2d7a79676f7465002d2d73746172742d73797374656d2d73657276657200000000000000000000000000000000000000000000000000", "id": "3514094" } }
W/dalvikvm(  230): DroidBox: { "FdAccess": { "path": "2f70726f632f36332f636d646c696e65", "id": "1797054317" } }
W/DroidBox(  230): DroidBox: { "FileRW": { "operation": "read", "data": "2f73797374656d2f62696e2f6d65646961736572766572002d587a79676f7465002f73797374656d2f62696e002d2d7a79676f7465002d2d73746172742d73797374656d2d73657276657200000000000000000000000000000000000000000000000000", "id": "1797054317" } }
W/dalvikvm(  230): DroidBox: { "FdAccess": { "path": "2f70726f632f36342f636d646c696e65", "id": "1115197266" } }
W/DroidBox(  230): DroidBox: { "FileRW": { "operation": "read", "data": "2f73797374656d2f62696e2f646275732d6461656d6f6e002d2d73797374656d002d2d6e6f666f726b00696e002d2d7a79676f7465002d2d73746172742d73797374656d2d73657276657200000000000000000000000000000000000000000000000000", "id": "1115197266" } }
W/dalvikvm(  230): DroidBox: { "FdAccess": { "path": "2f70726f632f36352f636d646c696e65", "id": "1607302185" } }
W/DroidBox(  230): DroidBox: { "FileRW": { "operation": "read", "data": "2f73797374656d2f62696e2f696e7374616c6c64006f6e002d2d73797374656d002d2d6e6f666f726b00696e002d2d7a79676f7465002d2d73746172742d73797374656d2d73657276657200000000000000000000000000000000000000000000000000", "id": "1607302185" } }
W/dalvikvm(  230): DroidBox: { "FdAccess": { "path": "2f70726f632f36362f636d646c696e65", "id": "1292480924" } }
W/DroidBox(  230): DroidBox: { "FileRW": { "operation": "read", "data": "2f73797374656d2f62696e2f6b657973746f7265002f646174612f6d6973632f6b657973746f72650000696e002d2d7a79676f7465002d2d73746172742d73797374656d2d73657276657200000000000000000000000000000000000000000000000000", "id": "1292480924" } }
W/dalvikvm(  230): DroidBox: { "FdAccess": { "path": "2f70726f632f36372f636d646c696e65", "id": "2090498262" } }
W/DroidBox(  230): DroidBox: { "FileRW": { "operation": "read", "data": "2f73797374656d2f62696e2f73680073746f7265002f646174612f6d6973632f6b657973746f72650000696e002d2d7a79676f7465002d2d73746172742d73797374656d2d73657276657200000000000000000000000000000000000000000000000000", "id": "2090498262" } }
W/dalvikvm(  230): DroidBox: { "FdAccess": { "path": "2f70726f632f36392f636d646c696e65", "id": "767183384" } }
W/DroidBox(  230): DroidBox: { "FileRW": { "operation": "read", "data": "2f7362696e2f61646264002f73680073746f7265002f646174612f6d6973632f6b657973746f72650000696e002d2d7a79676f7465002d2d73746172742d73797374656d2d73657276657200000000000000000000000000000000000000000000000000", "id": "767183384" } }
W/dalvikvm(  230): DroidBox: { "FdAccess": { "path": "2f70726f632f3233302f636d646c696e65", "id": "830492130" } }
W/DroidBox(  230): DroidBox: { "FileRW": { "operation": "read", "data": "73797374656d5f736572766572000000000000000000000000000000000000000000000000000000000000000000000000000000000000000000000000000000000000000000000000000000000000000000000000000000000000000000000000000000", "id": "830492130" } }
W/dalvikvm(  230): DroidBox: { "FdAccess": { "path": "2f70726f632f3432362f636d646c696e65", "id": "298427777" } }
W/DroidBox(  230): DroidBox: { "FileRW": { "operation": "read", "data": "636f6d2e616e64726f69642e73797374656d75690000000000000000000000000000000000000000000000000000000000000000000000000000000000000000000000000000000000000000000000000000000000000000000000000000000000000000", "id": "298427777" } }
W/dalvikvm(  230): DroidBox: { "FdAccess": { "path": "2f70726f632f3438342f636d646c696e65", "id": "80925363" } }
W/DroidBox(  230): DroidBox: { "FileRW": { "operation": "read", "data": "636f6d2e616e64726f69642e696e7075746d6574686f642e6c6174696e0000000000000000000000000000000000000000000000000000000000000000000000000000000000000000000000000000000000000000000000000000000000000000000000", "id": "80925363" } }
W/dalvikvm(  230): DroidBox: { "FdAccess": { "path": "2f70726f632f3439372f636d646c696e65", "id": "1336903866" } }
W/DroidBox(  230): DroidBox: { "FileRW": { "operation": "read", "data": "636f6d2e616e64726f69642e70686f6e650000000000000000000000000000000000000000000000000000000000000000000000000000000000000000000000000000000000000000000000000000000000000000000000000000000000000000000000", "id": "1336903866" } }
W/dalvikvm(  230): DroidBox: { "FdAccess": { "path": "2f70726f632f3531372f636d646c696e65", "id": "1372606188" } }
W/DroidBox(  230): DroidBox: { "FileRW": { "operation": "read", "data": "636f6d2e616e64726f69642e73657474696e67730000000000000000000000000000000000000000000000000000000000000000000000000000000000000000000000000000000000000000000000000000000000000000000000000000000000000000", "id": "1372606188" } }
W/dalvikvm(  230): DroidBox: { "FdAccess": { "path": "2f70726f632f3535342f636d646c696e65", "id": "540303608" } }
W/DroidBox(  230): DroidBox: { "FileRW": { "operation": "read", "data": "636f6d2e616e64726f69642e736d7370757368000000000000000000000000000000000000000000000000000000000000000000000000000000000000000000000000000000000000000000000000000000000000000000000000000000000000000000", "id": "540303608" } }
W/dalvikvm(  230): DroidBox: { "FdAccess": { "path": "2f70726f632f3537302f636d646c696e65", "id": "1038941088" } }
W/DroidBox(  230): DroidBox: { "FileRW": { "operation": "read", "data": "616e64726f69642e70726f636573732e61636f726500000000000000000000000000000000000000000000000000000000000000000000000000000000000000000000000000000000000000000000000000000000000000000000000000000000000000", "id": "1038941088" } }
W/dalvikvm(  230): DroidBox: { "FdAccess": { "path": "2f70726f632f3630372f636d646c696e65", "id": "401077715" } }
W/DroidBox(  230): DroidBox: { "FileRW": { "operation": "read", "data": "636f6d2e616e64726f69642e63616c656e6461720000000000000000000000000000000000000000000000000000000000000000000000000000000000000000000000000000000000000000000000000000000000000000000000000000000000000000", "id": "401077715" } }
W/dalvikvm(  230): DroidBox: { "FdAccess": { "path": "2f70726f632f3632372f636d646c696e65", "id": "1541023342" } }
W/DroidBox(  230): DroidBox: { "FileRW": { "operation": "read", "data": "636f6d2e616e64726f69642e6c61756e636865720000000000000000000000000000000000000000000000000000000000000000000000000000000000000000000000000000000000000000000000000000000000000000000000000000000000000000", "id": "1541023342" } }
W/dalvikvm(  230): DroidBox: { "FdAccess": { "path": "2f70726f632f3635352f636d646c696e65", "id": "1189456389" } }
W/DroidBox(  230): DroidBox: { "FileRW": { "operation": "read", "data": "636f6d2e616e64726f69642e6465736b636c6f636b00000000000000000000000000000000000000000000000000000000000000000000000000000000000000000000000000000000000000000000000000000000000000000000000000000000000000", "id": "1189456389" } }
W/dalvikvm(  230): DroidBox: { "FdAccess": { "path": "2f70726f632f3637302f636d646c696e65", "id": "1158494348" } }
W/DroidBox(  230): DroidBox: { "FileRW": { "operation": "read", "data": "636f6d2e616e64726f69642e70726f7669646572732e63616c656e64617200000000000000000000000000000000000000000000000000000000000000000000000000000000000000000000000000000000000000000000000000000000000000000000", "id": "1158494348" } }
W/dalvikvm(  230): DroidBox: { "FdAccess": { "path": "2f70726f632f3639362f636d646c696e65", "id": "1204750347" } }
W/DroidBox(  230): DroidBox: { "FileRW": { "operation": "read", "data": "636f6d2e616e64726f69642e636f6e74616374730000000000000000000000000000000000000000000000000000000000000000000000000000000000000000000000000000000000000000000000000000000000000000000000000000000000000000", "id": "1204750347" } }
W/dalvikvm(  230): DroidBox: { "FdAccess": { "path": "2f70726f632f3738312f636d646c696e65", "id": "1025139536" } }
W/DroidBox(  230): DroidBox: { "FileRW": { "operation": "read", "data": "616e64726f69642e70726f636573732e6d6564696100000000000000000000000000000000000000000000000000000000000000000000000000000000000000000000000000000000000000000000000000000000000000000000000000000000000000", "id": "1025139536" } }
W/dalvikvm(  230): DroidBox: { "FdAccess": { "path": "2f70726f632f3831362f636d646c696e65", "id": "1973832114" } }
W/DroidBox(  230): DroidBox: { "FileRW": { "operation": "read", "data": "636f6d2e616e64726f69642e646566636f6e7461696e657200000000000000000000000000000000000000000000000000000000000000000000000000000000000000000000000000000000000000000000000000000000000000000000000000000000", "id": "1973832114" } }
W/dalvikvm(  230): DroidBox: { "FdAccess": { "path": "2f70726f632f3833322f636d646c696e65", "id": "1419829349" } }
W/DroidBox(  230): DroidBox: { "FileRW": { "operation": "read", "data": "636f6d2e616e64726f69642e656d61696c0000000000000000000000000000000000000000000000000000000000000000000000000000000000000000000000000000000000000000000000000000000000000000000000000000000000000000000000", "id": "1419829349" } }
W/dalvikvm(  230): DroidBox: { "FdAccess": { "path": "2f70726f632f3834392f636d646c696e65", "id": "1268487561" } }
W/DroidBox(  230): DroidBox: { "FileRW": { "operation": "read", "data": "636f6d2e616e64726f69642e65786368616e67650000000000000000000000000000000000000000000000000000000000000000000000000000000000000000000000000000000000000000000000000000000000000000000000000000000000000000", "id": "1268487561" } }
W/dalvikvm(  230): DroidBox: { "FdAccess": { "path": "2f70726f632f3836382f636d646c696e65", "id": "558346559" } }
W/DroidBox(  230): DroidBox: { "FileRW": { "operation": "read", "data": "636f6d2e616e64726f69642e67616c6c657279336400000000000000000000000000000000000000000000000000000000000000000000000000000000000000000000000000000000000000000000000000000000000000000000000000000000000000", "id": "558346559" } }
W/dalvikvm(  230): DroidBox: { "FdAccess": { "path": "2f70726f632f3838332f636d646c696e65", "id": "1380134631" } }
W/DroidBox(  230): DroidBox: { "FileRW": { "operation": "read", "data": "636f6d2e616e64726f69642e6d6d7300000000000000000000000000000000000000000000000000000000000000000000000000000000000000000000000000000000000000000000000000000000000000000000000000000000000000000000000000", "id": "1380134631" } }
W/dalvikvm(  230): DroidBox: { "FdAccess": { "path": "2f70726f632f3930382f636d646c696e65", "id": "307392768" } }
W/DroidBox(  230): DroidBox: { "FileRW": { "operation": "read", "data": "636f6d2e616e64726f69642e766f6963656469616c65720000000000000000000000000000000000000000000000000000000000000000000000000000000000000000000000000000000000000000000000000000000000000000000000000000000000", "id": "307392768" } }
W/dalvikvm(  230): DroidBox: { "FdAccess": { "path": "2f70726f632f3935322f636d646c696e65", "id": "1391644240" } }
W/DroidBox(  230): DroidBox: { "FileRW": { "operation": "read", "data": "636f6d2e616e64726f69642e6d757369636678000000000000000000000000000000000000000000000000000000000000000000000000000000000000000000000000000000000000000000000000000000000000000000000000000000000000000000", "id": "1391644240" } }
W/dalvikvm(  230): DroidBox: { "FdAccess": { "path": "2f70726f632f3936352f636d646c696e65", "id": "1414429455" } }
W/DroidBox(  230): DroidBox: { "FileRW": { "operation": "read", "data": "636f6d2e73766f782e7069636f000000000000000000000000000000000000000000000000000000000000000000000000000000000000000000000000000000000000000000000000000000000000000000000000000000000000000000000000000000", "id": "1414429455" } }
W/dalvikvm(  230): DroidBox: { "FdAccess": { "path": "2f70726f632f3937392f636d646c696e65", "id": "462742914" } }
W/DroidBox(  230): DroidBox: { "FileRW": { "operation": "read", "data": "636f6d2e616e64726f69642e717569636b736561726368626f780000000000000000000000000000000000000000000000000000000000000000000000000000000000000000000000000000000000000000000000000000000000000000000000000000", "id": "462742914" } }
W/dalvikvm(  230): DroidBox: { "FdAccess": { "path": "2f70726f632f3939382f636d646c696e65", "id": "1767659666" } }
W/DroidBox(  230): DroidBox: { "FileRW": { "operation": "read", "data": "636f6d2e616e64726f69642e636f6d6d616e64732e6d6f6e6b657900000000000000000000000000000000000000000000000000000000000000000000000000000000000000000000000000000000000000000000000000000000000000000000000000", "id": "1767659666" } }
W/dalvikvm(  230): DroidBox: { "FdAccess": { "path": "2f70726f632f313030302f636d646c696e65", "id": "1324093082" } }
W/DroidBox(  230): DroidBox: { "FileRW": { "operation": "read", "data": "6c6f676361740044726f6964426f783a570064616c76696b766d3a570041637469766974794d616e616765723a49000000000000000000000000000000000000000000000000000000000000000000000000000000000000000000000000000000000000", "id": "1324093082" } }
W/dalvikvm(  230): DroidBox: { "FdAccess": { "path": "2f70726f632f313030322f636d646c696e65", "id": "2085524447" } }
W/DroidBox(  230): DroidBox: { "FileRW": { "operation": "read", "data": "2f73797374656d2f62696e2f7368002d63007368202e2f7364636172642f65786563757465537472616365496e2e736800000000000000000000000000000000000000000000000000000000000000000000000000000000000000000000000000000000", "id": "2085524447" } }
W/dalvikvm(  230): DroidBox: { "FdAccess": { "path": "2f70726f632f313030342f636d646c696e65", "id": "1005783981" } }
W/DroidBox(  230): DroidBox: { "FileRW": { "operation": "read", "data": "7368002e2f7364636172642f65786563757465537472616365496e2e736800786563757465537472616365496e2e736800000000000000000000000000000000000000000000000000000000000000000000000000000000000000000000000000000000", "id": "1005783981" } }
W/dalvikvm(  230): DroidBox: { "FdAccess": { "path": "2f70726f632f313030352f636d646c696e65", "id": "1264648414" } }
W/DroidBox(  230): DroidBox: { "FileRW": { "operation": "read", "data": "737472616365002d70003631002d66002d747446002d6f002f7364636172642f366134356234663333626664396666343336316131383236306531396230386465346662313636333761313465636562626235343463393538626133646564382e61706b", "id": "1264648414" } }
W/dalvikvm(  230): DroidBox: { "FdAccess": { "path": "2f70726f632f313031372f636d646c696e65", "id": "890841083" } }
W/DroidBox(  230): DroidBox: { "FileRW": { "operation": "read", "data": "76626b6f78682e6373776e707200000000000000000000000000000000000000000000000000000000000000000000000000000000000000000000000000000000000000000000000000000065636562626235343463393538626133646564382e61706b", "id": "890841083" } }
E/WVMExtractor(   63): Failed to open libwvm.so
I/Process (  230): Sending signal. PID: 627 SIG: 3
E/ActivityManager(  230): ANR in vbkoxh.cswnpr (vbkoxh.cswnpr/.vmbatqef)
E/ActivityManager(  230): Reason: keyDispatchingTimedOut
E/ActivityManager(  230): Load: 8.35 / 2.63 / 0.92
E/ActivityManager(  230): CPU usage from 1015ms to -4174ms ago:
E/ActivityManager(  230):   36% 230/system_server: 31% user + 5% kernel / faults: 761 minor 2 major
E/ActivityManager(  230):   25% 1005/strace: 7.4% user + 18% kernel
E/ActivityManager(  230):   12% 1017/vbkoxh.cswnpr: 7.8% user + 4.2% kernel / faults: 190 minor 1 major
E/ActivityManager(  230):   6.9% 69/adbd: 0.1% user + 6.7% kernel / faults: 636 minor
E/ActivityManager(  230):   6.7% 63/mediaserver: 3.6% user + 3% kernel
E/ActivityManager(  230):   4.5% 1000/logcat: 0.5% user + 3.9% kernel
E/ActivityManager(  230):   3.8% 627/com.android.launcher: 3% user + 0.7% kernel / faults: 1709 minor
E/ActivityManager(  230):   1.5% 497/com.android.phone: 0.9% user + 0.5% kernel / faults: 153 minor
E/ActivityManager(  230):   0.9% 426/com.android.systemui: 0.7% user + 0.1% kernel / faults: 87 minor
E/ActivityManager(  230):   0.7% 25/mtdblock0: 0% user + 0.7% kernel
E/ActivityManager(  230):   0.3% 570/android.process.acore: 0.3% user + 0% kernel / faults: 1 minor
E/ActivityManager(  230):   0.1% 57/netd: 0% user + 0.1% kernel
E/ActivityManager(  230):   0.1% 781/android.process.media: 0% user + 0.1% kernel / faults: 51 minor
E/ActivityManager(  230): 100% TOTAL: 57% user + 41% kernel + 0.6% softirq
E/ActivityManager(  230): CPU usage from 3446ms to 4007ms later:
E/ActivityManager(  230):   22% 1005/strace: 3.7% user + 18% kernel
E/ActivityManager(  230):   17% 230/system_server: 10% user + 7.1% kernel
E/ActivityManager(  230):     7.1% 341/InputDispatcher: 1.7% user + 5.3% kernel
E/ActivityManager(  230):     3.5% 584/Binder_7: 3.5% user + 0% kernel
E/ActivityManager(  230):     1.7% 230/system_server: 1.7% user + 0% kernel
E/ActivityManager(  230):     1.7% 583/Binder_6: 1.7% user + 0% kernel
E/ActivityManager(  230):   7% 627/com.android.launcher: 4.9% user + 2.1% kernel / faults: 1622 minor
E/ActivityManager(  230):     7% 627/ndroid.launcher: 4.9% user + 2.1% kernel
E/ActivityManager(  230):   16% 1017/vbkoxh.cswnpr: 7.1% user + 8.9% kernel
E/ActivityManager(  230):     16% 1017/vbkoxh.cswnpr: 8.9% user + 7.1% kernel
E/ActivityManager(  230):   14% 63/mediaserver: 14% user + 0% kernel
E/ActivityManager(  230):     14% 63/mediaserver: 10% user + 3.5% kernel
E/ActivityManager(  230):   0.3% 25/mtdblock0: 0% user + 0.3% kernel
E/ActivityManager(  230): 100% TOTAL: 48% user + 51% kernel
W/ActivityManager(  230): Launch timeout has expired, giving up wake lock!
W/InputManager(  230): Input event injection from pid 998 timed out.
W/dalvikvm(  230): DroidBox: { "FdAccess": { "path": "2f646174612f616e722f7472616365732e747874", "id": "1113532193" } }
W/DroidBox(  230): DroidBox: { "FileRW": { "operation": "read", "data": "0a0a2d2d2d2d2d207069642032333020617420323032342d31322d32302031393a32373a3335202d2d2d2d2d0a436d64206c696e653a2073797374656d5f7365727665720a0a44414c56494b20544852454144533a0a286d7574657865733a20746c6c3d", "id": "1113532193" } }
I/dalvikvm-heap(  230): Grow heap (frag case) to 12.714MB for 393236-byte allocation
W/ActivityManager(  230): Activity idle timeout for ActivityRecord{b423d688 vbkoxh.cswnpr/.vmbatqef}
E/WVMExtractor(   63): Failed to open libwvm.so
E/WVMExtractor(   63): Failed to open libwvm.so
E/WVMExtractor(   63): Failed to open libwvm.so
E/WVMExtractor(   63): Failed to open libwvm.so
E/WVMExtractor(   63): Failed to open libwvm.so
E/WVMExtractor(   63): Failed to open libwvm.so
W/dalvikvm(  230): DroidBox: { "FdAccess": { "path": "2f70726f632f313035302f636d646c696e65", "id": "290912885" } }
W/DroidBox(  230): DroidBox: { "FileRW": { "operation": "read", "data": "70726f6372616e6b00776e707200000000000000000000000000000000000000000000000000000000000000000000000000000000000000000000000000000000000000000000000000000065636562626235343463393538626133646564382e61706b", "id": "290912885" } }
E/WVMExtractor(   63): Failed to open libwvm.so
E/WVMExtractor(   63): Failed to open libwvm.so
E/WVMExtractor(   63): Failed to open libwvm.so
E/WVMExtractor(   63): Failed to open libwvm.so
E/WVMExtractor(   63): Failed to open libwvm.so
E/WVMExtractor(   63): Failed to open libwvm.so
E/WVMExtractor(   63): Failed to open libwvm.so
E/WVMExtractor(   63): Failed to open libwvm.so
E/WVMExtractor(   63): Failed to open libwvm.so
E/WVMExtractor(   63): Failed to open libwvm.so
E/WVMExtractor(   63): Failed to open libwvm.so
E/WVMExtractor(   63): Failed to open libwvm.so
E/WVMExtractor(   63): Failed to open libwvm.so
E/WVMExtractor(   63): Failed to open libwvm.so
E/WVMExtractor(   63): Failed to open libwvm.so
E/WVMExtractor(   63): Failed to open libwvm.so
E/WVMExtractor(   63): Failed to open libwvm.so
E/WVMExtractor(   63): Failed to open libwvm.so
E/WVMExtractor(   63): Failed to open libwvm.so
E/WVMExtractor(   63): Failed to open libwvm.so
E/WVMExtractor(   63): Failed to open libwvm.so
E/WVMExtractor(   63): Failed to open libwvm.so
E/WVMExtractor(   63): Failed to open libwvm.so
E/WVMExtractor(   63): Failed to open libwvm.so
E/WVMExtractor(   63): Failed to open libwvm.so
E/WVMExtractor(   63): Failed to open libwvm.so
E/WVMExtractor(   63): Failed to open libwvm.so
E/WVMExtractor(   63): Failed to open libwvm.so
W/dalvikvm(  998): DroidBox: { "FdAccess": { "path": "706970653a5b343931315d", "id": "1103307016" } }
W/DroidBox(  998): DroidBox: { "FileRW": { "operation": "read", "data": "20205049442020202020205673732020202020205273732020202020205073732020202020205573732020636d646c696e650a202036323720202036313139324b20202036313039364b20202032363334384b20202032313436384b2020636f6d2e616e", "id": "1103307016" } }
E/WVMExtractor(   63): Failed to open libwvm.so
W/dalvikvm(  998): DroidBox: { "FdAccess": { "path": "706970653a5b343931315d", "id": "1760838471" } }
W/DroidBox(  998): DroidBox: { "FileRW": { "operation": "read", "data": "00000000000000000000000000000000000000000000000000000000000000000000000000000000000000000000000000000000000000000000000000000000000000000000000000000000000000000000000000000000000000000000000000000000", "id": "1760838471" } }
E/WVMExtractor(   63): Failed to open libwvm.so
E/WVMExtractor(   63): Failed to open libwvm.so
E/WVMExtractor(   63): Failed to open libwvm.so
E/WVMExtractor(   63): Failed to open libwvm.so
E/WVMExtractor(   63): Failed to open libwvm.so
E/WVMExtractor(   63): Failed to open libwvm.so
E/WVMExtractor(   63): Failed to open libwvm.so
E/WVMExtractor(   63): Failed to open libwvm.so
E/WVMExtractor(   63): Failed to open libwvm.so
E/WVMExtractor(   63): Failed to open libwvm.so
E/WVMExtractor(   63): Failed to open libwvm.so
E/WVMExtractor(   63): Failed to open libwvm.so
E/WVMExtractor(   63): Failed to open libwvm.so
W/BackupManagerService(  230): dataChanged but no participant pkg='com.android.providers.settings' uid=1001
E/WVMExtractor(   63): Failed to open libwvm.so
E/WVMExtractor(   63): Failed to open libwvm.so
E/WVMExtractor(   63): Failed to open libwvm.so
E/WVMExtractor(   63): Failed to open libwvm.so
E/WVMExtractor(   63): Failed to open libwvm.so
E/WVMExtractor(   63): Failed to open libwvm.so
E/WVMExtractor(   63): Failed to open libwvm.so
W/dalvikvm(  998): DroidBox: { "FdAccess": { "path": "706970653a5b353132395d", "id": "241668184" } }
W/DroidBox(  998): DroidBox: { "FileRW": { "operation": "read", "data": "0a0a2d2d2d2d2d207069642032333020617420323032342d31322d32302031393a32373a3335202d2d2d2d2d0a436d64206c696e653a2073797374656d5f7365727665720a0a44414c56494b20544852454144533a0a286d7574657865733a20746c6c3d", "id": "241668184" } }
W/dalvikvm(  998): DroidBox: { "FdAccess": { "path": "706970653a5b353132395d", "id": "1984501931" } }
W/DroidBox(  998): DroidBox: { "FileRW": { "operation": "read", "data": "0a20202330372020706320303030313264623020202f73797374656d2f6c69622f6c6962632e736f20285f5f7468726561645f656e7472792b3438290a20202330382020706320303030313235313420202f73797374656d2f6c69622f6c6962632e736f", "id": "1984501931" } }
E/WVMExtractor(   63): Failed to open libwvm.so
E/WVMExtractor(   63): Failed to open libwvm.so
W/dalvikvm(  998): DroidBox: { "FdAccess": { "path": "706970653a5b353132395d", "id": "413861970" } }
W/DroidBox(  998): DroidBox: { "FileRW": { "operation": "read", "data": "737461743d282033393030303030303020313734303030303030302035323020292075746d3d33372073746d3d3220636f72653d300a20202330302020706320303030306362363020202f73797374656d2f6c69622f6c6962632e736f20285f5f696f63", "id": "413861970" } }
E/WVMExtractor(   63): Failed to open libwvm.so
E/WVMExtractor(   63): Failed to open libwvm.so
W/dalvikvm(  998): DroidBox: { "FdAccess": { "path": "706970653a5b353132395d", "id": "1318684745" } }
W/DroidBox(  998): DroidBox: { "FileRW": { "operation": "read", "data": "5f656e7472792b3438290a20202331332020706320303030313235313420202f73797374656d2f6c69622f6c6962632e736f2028707468726561645f6372656174652b313732290a2020617420616e64726f69642e6f732e4d6573736167655175657565", "id": "1318684745" } }
E/WVMExtractor(   63): Failed to open libwvm.so
E/WVMExtractor(   63): Failed to open libwvm.so
W/dalvikvm(  998): DroidBox: { "FdAccess": { "path": "706970653a5b353132395d", "id": "284750906" } }
W/DroidBox(  998): DroidBox: { "FileRW": { "operation": "read", "data": "5468726561642a2c204d6574686f6420636f6e73742a2c204f626a6563742a2c204a56616c75652a2c202e2e2e292b3230290a20202331312020706320303030353834623920202f73797374656d2f6c69622f6c696264766d2e736f0a20202331322020", "id": "284750906" } }
E/WVMExtractor(   63): Failed to open libwvm.so
E/WVMExtractor(   63): Failed to open libwvm.so
W/dalvikvm(  998): DroidBox: { "FdAccess": { "path": "706970653a5b353132395d", "id": "1474581373" } }
W/DroidBox(  998): DroidBox: { "FileRW": { "operation": "read", "data": "622f6c696264766d2e736f202864766d496e74657270726574285468726561642a2c204d6574686f6420636f6e73742a2c204a56616c75652a2c20756e7369676e656420696e742a292b313838290a20202330392020706320303030363339643520202f", "id": "1474581373" } }
E/WVMExtractor(   63): Failed to open libwvm.so
W/dalvikvm(  230): DroidBox: { "FdAccess": { "path": "2f70726f632f313035322f636d646c696e65", "id": "436171016" } }
W/DroidBox(  230): DroidBox: { "FileRW": { "operation": "read", "data": "636174002f646174612f616e722f7472616365732e7478740000000000000000000000000000000000000000000000000000000000000000000000000000000000000000000000000000000065636562626235343463393538626133646564382e61706b", "id": "436171016" } }
W/dalvikvm(  998): DroidBox: { "FdAccess": { "path": "706970653a5b353132395d", "id": "2141381785" } }
W/DroidBox(  998): DroidBox: { "FileRW": { "operation": "read", "data": "65636b43616c6c4a4e494d6574686f6428756e7369676e656420696e7420636f6e73742a2c204a56616c75652a2c204d6574686f6420636f6e73742a2c205468726561642a292b38290a20202330392020706320303030333130323420202f7379737465", "id": "2141381785" } }
E/WVMExtractor(   63): Failed to open libwvm.so
E/WVMExtractor(   63): Failed to open libwvm.so
W/dalvikvm(  998): DroidBox: { "FdAccess": { "path": "706970653a5b353132395d", "id": "1156376735" } }
W/DroidBox(  998): DroidBox: { "FileRW": { "operation": "read", "data": "645f656e7472792b3438290a20202331332020706320303030313235313420202f73797374656d2f6c69622f6c6962632e736f2028707468726561645f6372656174652b313732290a2020617420616e64726f69642e6f732e4d65737361676551756575", "id": "1156376735" } }
E/WVMExtractor(   63): Failed to open libwvm.so
E/WVMExtractor(   63): Failed to open libwvm.so
W/dalvikvm(  998): DroidBox: { "FdAccess": { "path": "706970653a5b353132395d", "id": "858265938" } }
W/DroidBox(  998): DroidBox: { "FileRW": { "operation": "read", "data": "726561645f6372656174652b313732290a202061742064616c76696b2e73797374656d2e4e617469766553746172742e72756e284e6174697665204d6574686f64290a0a22536f756e64506f6f6c54687265616422207072696f3d35207469643d323520", "id": "858265938" } }
E/WVMExtractor(   63): Failed to open libwvm.so
E/WVMExtractor(   63): Failed to open libwvm.so
E/WVMExtractor(   63): Failed to open libwvm.so
