D/InputEventConsistencyVerifier( 1067):   3: sent at 192636000000, (unhandled) MotionEvent { action=ACTION_UP, id[0]=0, x[0]=189.0, y[0]=548.0, toolType[0]=TOOL_TYPE_UNKNOWN, buttonState=0, metaState=0, flags=0x0, edgeFlags=0x0, pointerCount=1, historySize=0, eventTime=192636, downTime=192630, deviceId=0, source=0x1002 }
D/InputEventConsistencyVerifier( 1067):   4: sent at 192630000000, (unhandled) MotionEvent { action=ACTION_DOWN, id[0]=0, x[0]=204.0, y[0]=556.0, toolType[0]=TOOL_TYPE_UNKNOWN, buttonState=0, metaState=0, flags=0x0, edgeFlags=0x0, pointerCount=1, historySize=0, eventTime=192630, downTime=192630, deviceId=0, source=0x1002 }
D/InputEventConsistencyVerifier( 1067):   5: sent at 192590000000, (unhandled) KeyEvent { action=ACTION_UP, keyCode=KEYCODE_MENU, scanCode=0, metaState=0, flags=0x8, repeatCount=0, eventTime=192590, downTime=192590, deviceId=-1, source=0x101 }
I/Choreographer( 1067): Skipped 92 frames!  The application may be doing too much work on its main thread.
E/WVMExtractor(   61): Failed to open libwvm.so
E/WVMExtractor(   61): Failed to open libwvm.so
I/ActivityManager(  232): START {act=android.intent.action.CALL_BUTTON flg=0x10000000 cmp=com.android.contacts/.activities.DialtactsActivity u=0} from pid 1067
E/WVMExtractor(   61): Failed to open libwvm.so
D/InputEventConsistencyVerifier( 1067): KeyEvent: ACTION_UP but key was not down.
D/InputEventConsistencyVerifier( 1067):   in com.android.internal.policy.impl.PhoneWindow$DecorView@b3e6a228
D/InputEventConsistencyVerifier( 1067):   0: sent at 198657000000, KeyEvent { action=ACTION_UP, keyCode=KEYCODE_DPAD_RIGHT, scanCode=0, metaState=0, flags=0x8, repeatCount=0, eventTime=198657, downTime=198657, deviceId=-1, source=0x101 }
D/InputEventConsistencyVerifier( 1067):   -- recent events --
D/InputEventConsistencyVerifier( 1067):   1: sent at 198464000000, (unhandled) KeyEvent { action=ACTION_UP, keyCode=KEYCODE_CALL, scanCode=0, metaState=0, flags=0x8, repeatCount=0, eventTime=198464, downTime=198464, deviceId=-1, source=0x101 }
D/InputEventConsistencyVerifier( 1067):   2: sent at 198424000000, (unhandled) KeyEvent { action=ACTION_DOWN, keyCode=KEYCODE_CALL, scanCode=0, metaState=0, flags=0x8, repeatCount=0, eventTime=198424, downTime=198424, deviceId=-1, source=0x101 }
D/InputEventConsistencyVerifier( 1067):   3: sent at 196971000000, MotionEvent { action=ACTION_UP, id[0]=0, x[0]=104.0, y[0]=370.0, toolType[0]=TOOL_TYPE_UNKNOWN, buttonState=0, metaState=0, flags=0x0, edgeFlags=0x0, pointerCount=1, historySize=0, eventTime=196971, downTime=194914, deviceId=0, source=0x1002 }
D/InputEventConsistencyVerifier( 1067):   4: sent at 194915000000, MotionEvent { action=ACTION_DOWN, id[0]=0, x[0]=99.0, y[0]=386.0, toolType[0]=TOOL_TYPE_UNKNOWN, buttonState=0, metaState=0, flags=0x0, edgeFlags=0x0, pointerCount=1, historySize=0, eventTime=194915, downTime=194914, deviceId=0, source=0x1002 }
D/InputEventConsistencyVerifier( 1067):   5: sent at 196904000000, (unhandled) KeyEvent { action=ACTION_UP, keyCode=KEYCODE_DPAD_UP, scanCode=0, metaState=0, flags=0x400, repeatCount=0, eventTime=196904, downTime=196904, deviceId=-1, source=0x101 }
E/WVMExtractor(   61): Failed to open libwvm.so
I/Choreographer( 1067): Skipped 32 frames!  The application may be doing too much work on its main thread.
D/InputEventConsistencyVerifier( 1067): KeyEvent: ACTION_UP but key was not down.
D/InputEventConsistencyVerifier( 1067):   in com.android.internal.policy.impl.PhoneWindow$DecorView@b3e6a228
D/InputEventConsistencyVerifier( 1067):   0: sent at 199098000000, KeyEvent { action=ACTION_UP, keyCode=KEYCODE_DPAD_LEFT, scanCode=0, metaState=0, flags=0x400, repeatCount=0, eventTime=199098, downTime=199098, deviceId=-1, source=0x101 }
D/InputEventConsistencyVerifier( 1067):   -- recent events --
D/InputEventConsistencyVerifier( 1067):   1: sent at 198938000000, (unhandled) MotionEvent { action=ACTION_MOVE, id[0]=0, x[0]=2.0, y[0]=3.0, toolType[0]=TOOL_TYPE_UNKNOWN, buttonState=0, metaState=0, flags=0x0, edgeFlags=0x0, pointerCount=1, historySize=8, eventTime=198938, downTime=-1, deviceId=0, source=0x10004 }
D/InputEventConsistencyVerifier( 1067):   2: sent at 198949000000, MotionEvent { action=ACTION_UP, id[0]=0, x[0]=470.0, y[0]=627.0, toolType[0]=TOOL_TYPE_UNKNOWN, buttonState=0, metaState=0, flags=0x0, edgeFlags=0x0, pointerCount=1, historySize=0, eventTime=198949, downTime=198943, deviceId=0, source=0x1002 }
D/InputEventConsistencyVerifier( 1067):   3: sent at 198943000000, MotionEvent { action=ACTION_DOWN, id[0]=0, x[0]=458.0, y[0]=621.0, toolType[0]=TOOL_TYPE_UNKNOWN, buttonState=0, metaState=0, flags=0x0, edgeFlags=0x0, pointerCount=1, historySize=0, eventTime=198943, downTime=198943, deviceId=0, source=0x1002 }
D/InputEventConsistencyVerifier( 1067):   4: sent at 198887000000, (unhandled) MotionEvent { action=ACTION_MOVE, id[0]=0, x[0]=-4.0, y[0]=2.0, toolType[0]=TOOL_TYPE_UNKNOWN, buttonState=0, metaState=0, flags=0x0, edgeFlags=0x0, pointerCount=1, historySize=0, eventTime=198887, downTime=-1, deviceId=0, source=0x10004 }
D/InputEventConsistencyVerifier( 1067):   5: sent at 198861000000, (unhandled) KeyEvent { action=ACTION_UP, keyCode=KEYCODE_DPAD_DOWN, scanCode=0, metaState=0, flags=0x8, repeatCount=0, eventTime=198861, downTime=198861, deviceId=-1, source=0x101 }
E/WVMExtractor(   61): Failed to open libwvm.so
E/WVMExtractor(   61): Failed to open libwvm.so
E/WVMExtractor(   61): Failed to open libwvm.so
E/WVMExtractor(   61): Failed to open libwvm.so
E/WVMExtractor(   61): Failed to open libwvm.so
E/WVMExtractor(   61): Failed to open libwvm.so
I/Choreographer( 1067): Skipped 35 frames!  The application may be doing too much work on its main thread.
E/WVMExtractor(   61): Failed to open libwvm.so
E/WVMExtractor(   61): Failed to open libwvm.so
E/WVMExtractor(   61): Failed to open libwvm.so
I/Choreographer( 1067): Skipped 33 frames!  The application may be doing too much work on its main thread.
D/InputEventConsistencyVerifier(  437): KeyEvent: ACTION_UP but key was not down.
D/InputEventConsistencyVerifier(  437):   in com.android.systemui.statusbar.phone.StatusBarWindowView@b3ea03b8
D/InputEventConsistencyVerifier(  437):   0: sent at 202553000000, KeyEvent { action=ACTION_UP, keyCode=KEYCODE_DPAD_DOWN, scanCode=0, metaState=0, flags=0x8, repeatCount=0, eventTime=202553, downTime=202553, deviceId=-1, source=0x101 }
D/InputEventConsistencyVerifier(  437):   -- recent events --
D/InputEventConsistencyVerifier(  437):   1: sent at 202483000000, MotionEvent { action=ACTION_UP, id[0]=0, x[0]=86.0, y[0]=5.0, toolType[0]=TOOL_TYPE_UNKNOWN, buttonState=0, metaState=0, flags=0x0, edgeFlags=0x0, pointerCount=1, historySize=0, eventTime=202483, downTime=202477, deviceId=0, source=0x1002 }
D/InputEventConsistencyVerifier(  437):   2: sent at 202477000000, MotionEvent { action=ACTION_DOWN, id[0]=0, x[0]=78.0, y[0]=13.0, toolType[0]=TOOL_TYPE_UNKNOWN, buttonState=0, metaState=0, flags=0x0, edgeFlags=0x0, pointerCount=1, historySize=0, eventTime=202477, downTime=202477, deviceId=0, source=0x1002 }
D/InputEventConsistencyVerifier(  437):   3: sent at 150069000000, (unhandled) KeyEvent { action=ACTION_UP, keyCode=KEYCODE_DPAD_DOWN, scanCode=0, metaState=0, flags=0x80000028, repeatCount=0, eventTime=150069, downTime=149985, deviceId=-1, source=0x101 }
D/InputEventConsistencyVerifier(  437):   4: sent at 149725000000, (unhandled) KeyEvent { action=ACTION_UP, keyCode=KEYCODE_VOLUME_DOWN, scanCode=0, metaState=0, flags=0x8, repeatCount=0, eventTime=149725, downTime=149725, deviceId=-1, source=0x101 }
D/InputEventConsistencyVerifier(  437):   5: sent at 149571000000, (unhandled) KeyEvent { action=ACTION_DOWN, keyCode=KEYCODE_VOLUME_DOWN, scanCode=0, metaState=0, flags=0x8, repeatCount=0, eventTime=149571, downTime=149571, deviceId=-1, source=0x101 }
D/InputEventConsistencyVerifier(  437): KeyEvent: ACTION_UP but key was not down.
D/InputEventConsistencyVerifier(  437):   in android.widget.FrameLayout@b3e70438
D/InputEventConsistencyVerifier(  437):   0: sent at 202733000000, KeyEvent { action=ACTION_UP, keyCode=KEYCODE_DPAD_DOWN, scanCode=0, metaState=0, flags=0x8, repeatCount=0, eventTime=202733, downTime=202733, deviceId=-1, source=0x101 }
D/InputEventConsistencyVerifier(  437):   -- recent events --
D/InputEventConsistencyVerifier(  437):   1: sent at 149585000000, (unhandled) KeyEvent { action=ACTION_DOWN, keyCode=KEYCODE_DPAD_UP, scanCode=0, metaState=0, flags=0x400, repeatCount=0, eventTime=149585, downTime=149585, deviceId=-1, source=0x101 }
D/InputEventConsistencyVerifier(  437):   2: sent at 149585000000, (unhandled) KeyEvent { action=ACTION_MULTIPLE, keyCode=KEYCODE_DPAD_UP, scanCode=0, metaState=0, flags=0x400, repeatCount=2, eventTime=149585, downTime=149585, deviceId=-1, source=0x101 }
D/InputEventConsistencyVerifier(  437):   3: sent at 149388000000, (unhandled) MotionEvent { action=ACTION_MOVE, id[0]=0, x[0]=-1.0, y[0]=-5.0, toolType[0]=TOOL_TYPE_UNKNOWN, buttonState=0, metaState=0, flags=0x0, edgeFlags=0x0, pointerCount=1, historySize=0, eventTime=149388, downTime=-1, deviceId=0, source=0x10004 }
D/InputEventConsistencyVerifier(  437):   4: sent at 149358000000, (unhandled) KeyEvent { action=ACTION_UP, keyCode=KEYCODE_DPAD_RIGHT, scanCode=0, metaState=0, flags=0x8, repeatCount=0, eventTime=149358, downTime=149358, deviceId=-1, source=0x101 }
D/InputEventConsistencyVerifier(  437):   5: sent at 149355000000, (unhandled) KeyEvent { action=ACTION_DOWN, keyCode=KEYCODE_DPAD_RIGHT, scanCode=0, metaState=0, flags=0x8, repeatCount=0, eventTime=149355, downTime=149355, deviceId=-1, source=0x101 }
W/dalvikvm(  437): DroidBox: { "FdAccess": { "path": "2f70726f632f6d656d696e666f", "id": "812054747" } }
W/DroidBox(  437): DroidBox: { "FileRW": { "operation": "read", "data": "4d656d546f74616c3a202020202020202020373438393634206b420a4d656d467265653a20202020202020202020343535383132206b420a427566666572733a20202020202020202020202035323630206b420a4361636865643a202020202020202020", "id": "812054747" } }
I/Choreographer(  437): Skipped 70 frames!  The application may be doing too much work on its main thread.
W/dalvikvm(  437): DroidBox: { "FdAccess": { "path": "2f70726f632f6d656d696e666f", "id": "1214806874" } }
W/DroidBox(  437): DroidBox: { "FileRW": { "operation": "read", "data": "4d656d546f74616c3a202020202020202020373438393634206b420a4d656d467265653a20202020202020202020343535383132206b420a427566666572733a20202020202020202020202035323630206b420a4361636865643a202020202020202020", "id": "1214806874" } }
D/InputEventConsistencyVerifier(  437): TouchEvent: ACTION_DOWN but pointers are already down.  Probably missing ACTION_UP from previous gesture.
D/InputEventConsistencyVerifier(  437):   in android.view.ScaleGestureDetector@b3f3ff00
D/InputEventConsistencyVerifier(  437):   0: sent at 202899000000, MotionEvent { action=ACTION_DOWN, id[0]=0, x[0]=1.0, y[0]=186.0, toolType[0]=TOOL_TYPE_UNKNOWN, buttonState=0, metaState=0, flags=0x0, edgeFlags=0x0, pointerCount=1, historySize=0, eventTime=202899, downTime=202897, deviceId=0, source=0x1002 }
D/InputEventConsistencyVerifier(  437):   -- recent events --
D/InputEventConsistencyVerifier(  437):   1: sent at 202863000000, MotionEvent { action=ACTION_DOWN, id[0]=0, x[0]=9.0, y[0]=725.0, toolType[0]=TOOL_TYPE_UNKNOWN, buttonState=0, metaState=0, flags=0x0, edgeFlags=0x0, pointerCount=1, historySize=0, eventTime=202863, downTime=202862, deviceId=0, source=0x1002 }
D/InputEventConsistencyVerifier(  437):   2: sent at 202483000000, MotionEvent { action=ACTION_UP, id[0]=0, x[0]=86.0, y[0]=5.0, toolType[0]=TOOL_TYPE_UNKNOWN, buttonState=0, metaState=0, flags=0x0, edgeFlags=0x0, pointerCount=1, historySize=0, eventTime=202483, downTime=202477, deviceId=0, source=0x1002 }
D/InputEventConsistencyVerifier(  437):   3: sent at 202477000000, MotionEvent { action=ACTION_DOWN, id[0]=0, x[0]=78.0, y[0]=13.0, toolType[0]=TOOL_TYPE_UNKNOWN, buttonState=0, metaState=0, flags=0x0, edgeFlags=0x0, pointerCount=1, historySize=0, eventTime=202477, downTime=202477, deviceId=0, source=0x1002 }
D/InputEventConsistencyVerifier(  437):   4: sent at 148698000000, MotionEvent { action=ACTION_UP, id[0]=0, x[0]=376.0, y[0]=48.0, toolType[0]=TOOL_TYPE_UNKNOWN, buttonState=0, metaState=0, flags=0x0, edgeFlags=0x0, pointerCount=1, historySize=0, eventTime=148698, downTime=148663, deviceId=0, source=0x1002 }
D/InputEventConsistencyVerifier(  437):   5: sent at 148696000000, MotionEvent { action=ACTION_POINTER_UP(1), id[0]=0, x[0]=358.0, y[0]=39.0, toolType[0]=TOOL_TYPE_UNKNOWN, id[1]=1, x[1]=456.0, y[1]=43.0, toolType[1]=TOOL_TYPE_UNKNOWN, buttonState=0, metaState=0, flags=0x0, edgeFlags=0x0, pointerCount=2, historySize=0, eventTime=148696, downTime=148663, deviceId=0, source=0x1002 }
V/PhoneStatusBar(  437): setLightsOn(true)
I/Choreographer(  437): Skipped 41 frames!  The application may be doing too much work on its main thread.
D/PhoneStatusBar(  437): disable: < expand icons alerts TICKER* system_info back home recent clock >
I/Choreographer( 1067): Skipped 81 frames!  The application may be doing too much work on its main thread.
I/Choreographer(  437): Skipped 30 frames!  The application may be doing too much work on its main thread.
V/PhoneStatusBar(  437): setLightsOn(true)
D/PhoneStatusBar(  437): disable: < expand icons alerts ticker* system_info back home recent clock >
E/WVMExtractor(   61): Failed to open libwvm.so
D/InputEventConsistencyVerifier( 1067): KeyEvent: ACTION_UP but key was not down.
D/InputEventConsistencyVerifier( 1067):   in com.android.internal.policy.impl.PhoneWindow$DecorView@b3e6a228
D/InputEventConsistencyVerifier( 1067):   0: sent at 202695000000, KeyEvent { action=ACTION_UP, keyCode=KEYCODE_DPAD_DOWN, scanCode=0, metaState=0, flags=0x400, repeatCount=0, eventTime=202695, downTime=202695, deviceId=-1, source=0x101 }
D/InputEventConsistencyVerifier( 1067):   -- recent events --
D/InputEventConsistencyVerifier( 1067):   1: sent at 202373000000, (unhandled) MotionEvent { action=ACTION_MOVE, id[0]=0, x[0]=1.0, y[0]=2.0, toolType[0]=TOOL_TYPE_UNKNOWN, buttonState=0, metaState=0, flags=0x0, edgeFlags=0x0, pointerCount=1, historySize=9, eventTime=202373, downTime=-1, deviceId=0, source=0x10004 }
D/InputEventConsistencyVerifier( 1067):   2: sent at 202436000000, MotionEvent { action=ACTION_UP, id[0]=0, x[0]=315.0, y[0]=550.0, toolType[0]=TOOL_TYPE_UNKNOWN, buttonState=0, metaState=0, flags=0x0, edgeFlags=0x0, pointerCount=1, historySize=0, eventTime=202436, downTime=202377, deviceId=0, source=0x1002 }
D/InputEventConsistencyVerifier( 1067):   3: sent at 202433000000, MotionEvent { action=ACTION_MOVE, id[0]=0, x[0]=316.0, y[0]=551.0, toolType[0]=TOOL_TYPE_UNKNOWN, buttonState=0, metaState=0, flags=0x0, edgeFlags=0x0, pointerCount=1, historySize=7, eventTime=202433, downTime=202377, deviceId=0, source=0x1002 }
D/InputEventConsistencyVerifier( 1067):   4: sent at 202379000000, MotionEvent { action=ACTION_DOWN, id[0]=0, x[0]=319.0, y[0]=616.0, toolType[0]=TOOL_TYPE_UNKNOWN, buttonState=0, metaState=0, flags=0x0, edgeFlags=0x0, pointerCount=1, historySize=0, eventTime=202379, downTime=202377, deviceId=0, source=0x1002 }
D/InputEventConsistencyVerifier( 1067):   5: sent at 202310000000, MotionEvent { action=ACTION_UP, id[0]=0, x[0]=289.0, y[0]=430.0, toolType[0]=TOOL_TYPE_UNKNOWN, buttonState=0, metaState=0, flags=0x0, edgeFlags=0x0, pointerCount=1, historySize=0, eventTime=202310, downTime=202291, deviceId=0, source=0x1002 }
W/InputMethodManagerService(  232): Window already focused, ignoring focus gain of: com.android.internal.view.IInputMethodClient$Stub$Proxy@b41ca470 attribute=android.view.inputmethod.EditorInfo@b42b9470
I/Choreographer( 1067): Skipped 61 frames!  The application may be doing too much work on its main thread.
D/InputEventConsistencyVerifier( 1067): KeyEvent: ACTION_UP but key was not down.
D/InputEventConsistencyVerifier( 1067):   in com.android.internal.policy.impl.PhoneWindow$DecorView@b3e6a228
D/InputEventConsistencyVerifier( 1067):   0: sent at 202696000000, KeyEvent { action=ACTION_UP, keyCode=KEYCODE_DPAD_DOWN, scanCode=0, metaState=0, flags=0x400, repeatCount=0, eventTime=202696, downTime=202696, deviceId=-1, source=0x101 }
D/InputEventConsistencyVerifier( 1067):   -- recent events --
D/InputEventConsistencyVerifier( 1067):   1: sent at 202695000000, (unhandled) KeyEvent { action=ACTION_UP, keyCode=KEYCODE_DPAD_DOWN, scanCode=0, metaState=0, flags=0x80000400, repeatCount=0, eventTime=202695, downTime=202695, deviceId=-1, source=0x101 }
D/InputEventConsistencyVerifier( 1067):   2: sent at 202373000000, (unhandled) MotionEvent { action=ACTION_MOVE, id[0]=0, x[0]=1.0, y[0]=2.0, toolType[0]=TOOL_TYPE_UNKNOWN, buttonState=0, metaState=0, flags=0x0, edgeFlags=0x0, pointerCount=1, historySize=9, eventTime=202373, downTime=-1, deviceId=0, source=0x10004 }
D/InputEventConsistencyVerifier( 1067):   3: sent at 202436000000, MotionEvent { action=ACTION_UP, id[0]=0, x[0]=315.0, y[0]=550.0, toolType[0]=TOOL_TYPE_UNKNOWN, buttonState=0, metaState=0, flags=0x0, edgeFlags=0x0, pointerCount=1, historySize=0, eventTime=202436, downTime=202377, deviceId=0, source=0x1002 }
D/InputEventConsistencyVerifier( 1067):   4: sent at 202433000000, MotionEvent { action=ACTION_MOVE, id[0]=0, x[0]=316.0, y[0]=551.0, toolType[0]=TOOL_TYPE_UNKNOWN, buttonState=0, metaState=0, flags=0x0, edgeFlags=0x0, pointerCount=1, historySize=7, eventTime=202433, downTime=202377, deviceId=0, source=0x1002 }
D/InputEventConsistencyVerifier( 1067):   5: sent at 202379000000, MotionEvent { action=ACTION_DOWN, id[0]=0, x[0]=319.0, y[0]=616.0, toolType[0]=TOOL_TYPE_UNKNOWN, buttonState=0, metaState=0, flags=0x0, edgeFlags=0x0, pointerCount=1, historySize=0, eventTime=202379, downTime=202377, deviceId=0, source=0x1002 }
E/WVMExtractor(   61): Failed to open libwvm.so
E/WVMExtractor(   61): Failed to open libwvm.so
E/WVMExtractor(   61): Failed to open libwvm.so
E/WVMExtractor(   61): Failed to open libwvm.so
E/WVMExtractor(   61): Failed to open libwvm.so
I/Choreographer( 1067): Skipped 39 frames!  The application may be doing too much work on its main thread.
E/WVMExtractor(   61): Failed to open libwvm.so
I/Choreographer( 1067): Skipped 37 frames!  The application may be doing too much work on its main thread.
E/WVMExtractor(   61): Failed to open libwvm.so
I/Choreographer( 1067): Skipped 33 frames!  The application may be doing too much work on its main thread.
E/WVMExtractor(   61): Failed to open libwvm.so
D/InputEventConsistencyVerifier( 1067): KeyEvent: ACTION_UP but key was not down.
D/InputEventConsistencyVerifier( 1067):   in com.android.internal.policy.impl.PhoneWindow$DecorView@b3e9df18
D/InputEventConsistencyVerifier( 1067):   0: sent at 207417000000, KeyEvent { action=ACTION_UP, keyCode=KEYCODE_DPAD_LEFT, scanCode=0, metaState=0, flags=0x400, repeatCount=0, eventTime=207417, downTime=207417, deviceId=-1, source=0x101 }
D/InputEventConsistencyVerifier( 1067):   -- recent events --
D/InputEventConsistencyVerifier( 1067):   1: sent at 207236000000, (unhandled) MotionEvent { action=ACTION_MOVE, id[0]=0, x[0]=-4.0, y[0]=0.0, toolType[0]=TOOL_TYPE_UNKNOWN, buttonState=0, metaState=0, flags=0x0, edgeFlags=0x0, pointerCount=1, historySize=9, eventTime=207236, downTime=-1, deviceId=0, source=0x10004 }
D/InputEventConsistencyVerifier( 1067):   2: sent at 207131000000, (unhandled) MotionEvent { action=ACTION_UP, id[0]=0, x[0]=70.0, y[0]=-142.0, toolType[0]=TOOL_TYPE_UNKNOWN, buttonState=0, metaState=0, flags=0x0, edgeFlags=0x0, pointerCount=1, historySize=0, eventTime=207131, downTime=207096, deviceId=0, source=0x1002 }
D/InputEventConsistencyVerifier( 1067):   3: sent at 207097000000, MotionEvent { action=ACTION_DOWN, id[0]=0, x[0]=89.0, y[0]=-147.0, toolType[0]=TOOL_TYPE_UNKNOWN, buttonState=0, metaState=0, flags=0x0, edgeFlags=0x0, pointerCount=1, historySize=0, eventTime=207097, downTime=207096, deviceId=0, source=0x1002 }
D/InputEventConsistencyVerifier( 1067):   4: sent at 207086000000, (unhandled) KeyEvent { action=ACTION_UP, keyCode=KEYCODE_DPAD_LEFT, scanCode=0, metaState=0, flags=0x8, repeatCount=0, eventTime=207086, downTime=207086, deviceId=-1, source=0x101 }
D/InputEventConsistencyVerifier( 1067):   5: sent at 206988000000, (unhandled) KeyEvent { action=ACTION_DOWN, keyCode=KEYCODE_DPAD_LEFT, scanCode=0, metaState=0, flags=0x8, repeatCount=0, eventTime=206988, downTime=206988, deviceId=-1, source=0x101 }
D/InputEventConsistencyVerifier( 1067): KeyEvent: ACTION_UP but key was not down.
D/InputEventConsistencyVerifier( 1067):   in android.view.ViewRootImpl@b3e95f58
D/InputEventConsistencyVerifier( 1067):   0: sent at 207665000000, KeyEvent { action=ACTION_UP, keyCode=KEYCODE_MENU, scanCode=0, metaState=0, flags=0x8, repeatCount=0, eventTime=207665, downTime=207665, deviceId=-1, source=0x101 }
D/InputEventConsistencyVerifier( 1067):   -- recent events --
D/InputEventConsistencyVerifier( 1067):   1: sent at 204924000000, KeyEvent { action=ACTION_UP, keyCode=KEYCODE_MENU, scanCode=0, metaState=0, flags=0x8, repeatCount=0, eventTime=204924, downTime=204924, deviceId=-1, source=0x101 }
D/InputEventConsistencyVerifier( 1067):   2: sent at 204765000000, KeyEvent { action=ACTION_DOWN, keyCode=KEYCODE_MENU, scanCode=0, metaState=0, flags=0x8, repeatCount=0, eventTime=204765, downTime=204765, deviceId=-1, source=0x101 }
D/InputEventConsistencyVerifier( 1067):   3: sent at 204911000000, KeyEvent { action=ACTION_UP, keyCode=KEYCODE_DPAD_UP, scanCode=0, metaState=0, flags=0x400, repeatCount=0, eventTime=204911, downTime=204911, deviceId=-1, source=0x101 }
D/InputEventConsistencyVerifier( 1067):   4: sent at 204911000000, KeyEvent { action=ACTION_DOWN, keyCode=KEYCODE_DPAD_UP, scanCode=0, metaState=0, flags=0x400, repeatCount=0, eventTime=204911, downTime=204911, deviceId=-1, source=0x101 }
D/InputEventConsistencyVerifier( 1067):   5: sent at 204910000000, KeyEvent { action=ACTION_UP, keyCode=KEYCODE_DPAD_UP, scanCode=0, metaState=0, flags=0x400, repeatCount=0, eventTime=204910, downTime=204910, deviceId=-1, source=0x101 }
W/InputMethodManagerService(  232): Window already focused, ignoring focus gain of: com.android.internal.view.IInputMethodClient$Stub$Proxy@b41cfd90 attribute=null
D/InputEventConsistencyVerifier(  437): TouchEvent: ACTION_DOWN but pointers are already down.  Probably missing ACTION_UP from previous gesture.
D/InputEventConsistencyVerifier(  437):   in android.view.ScaleGestureDetector@b3f3ff00
D/InputEventConsistencyVerifier(  437):   0: sent at 207687000000, MotionEvent { action=ACTION_DOWN, id[0]=0, x[0]=437.0, y[0]=19.0, toolType[0]=TOOL_TYPE_UNKNOWN, buttonState=0, metaState=0, flags=0x0, edgeFlags=0x0, pointerCount=1, historySize=0, eventTime=207687, downTime=207687, deviceId=0, source=0x1002 }
D/InputEventConsistencyVerifier(  437):   -- recent events --
D/InputEventConsistencyVerifier(  437):   1: sent at 202899000000, MotionEvent { action=ACTION_DOWN, id[0]=0, x[0]=1.0, y[0]=186.0, toolType[0]=TOOL_TYPE_UNKNOWN, buttonState=0, metaState=0, flags=0x80000000, edgeFlags=0x0, pointerCount=1, historySize=0, eventTime=202899, downTime=202897, deviceId=0, source=0x1002 }
D/InputEventConsistencyVerifier(  437):   2: sent at 202863000000, MotionEvent { action=ACTION_DOWN, id[0]=0, x[0]=9.0, y[0]=725.0, toolType[0]=TOOL_TYPE_UNKNOWN, buttonState=0, metaState=0, flags=0x0, edgeFlags=0x0, pointerCount=1, historySize=0, eventTime=202863, downTime=202862, deviceId=0, source=0x1002 }
D/InputEventConsistencyVerifier(  437):   3: sent at 202483000000, MotionEvent { action=ACTION_UP, id[0]=0, x[0]=86.0, y[0]=5.0, toolType[0]=TOOL_TYPE_UNKNOWN, buttonState=0, metaState=0, flags=0x0, edgeFlags=0x0, pointerCount=1, historySize=0, eventTime=202483, downTime=202477, deviceId=0, source=0x1002 }
D/InputEventConsistencyVerifier(  437):   4: sent at 202477000000, MotionEvent { action=ACTION_DOWN, id[0]=0, x[0]=78.0, y[0]=13.0, toolType[0]=TOOL_TYPE_UNKNOWN, buttonState=0, metaState=0, flags=0x0, edgeFlags=0x0, pointerCount=1, historySize=0, eventTime=202477, downTime=202477, deviceId=0, source=0x1002 }
D/InputEventConsistencyVerifier(  437):   5: sent at 148698000000, MotionEvent { action=ACTION_UP, id[0]=0, x[0]=376.0, y[0]=48.0, toolType[0]=TOOL_TYPE_UNKNOWN, buttonState=0, metaState=0, flags=0x0, edgeFlags=0x0, pointerCount=1, historySize=0, eventTime=148698, downTime=148663, deviceId=0, source=0x1002 }
W/dalvikvm(  437): DroidBox: { "FdAccess": { "path": "2f70726f632f6d656d696e666f", "id": "1001165492" } }
W/DroidBox(  437): DroidBox: { "FileRW": { "operation": "read", "data": "4d656d546f74616c3a202020202020202020373438393634206b420a4d656d467265653a20202020202020202020343533343634206b420a427566666572733a20202020202020202020202035323630206b420a4361636865643a202020202020202020", "id": "1001165492" } }
I/Choreographer(  437): Skipped 96 frames!  The application may be doing too much work on its main thread.
V/PhoneStatusBar(  437): setLightsOn(true)
D/PhoneStatusBar(  437): disable: < expand icons alerts TICKER* system_info back home recent clock >
D/InputEventConsistencyVerifier(  437): TouchEvent: ACTION_DOWN but pointers are already down.  Probably missing ACTION_UP from previous gesture.
D/InputEventConsistencyVerifier(  437):   in android.view.ScaleGestureDetector@b3f3ff00
D/InputEventConsistencyVerifier(  437):   0: sent at 208265000000, MotionEvent { action=ACTION_DOWN, id[0]=0, x[0]=442.0, y[0]=618.0, toolType[0]=TOOL_TYPE_UNKNOWN, buttonState=0, metaState=0, flags=0x0, edgeFlags=0x0, pointerCount=1, historySize=0, eventTime=208265, downTime=208265, deviceId=0, source=0x1002 }
D/InputEventConsistencyVerifier(  437):   -- recent events --
D/InputEventConsistencyVerifier(  437):   1: sent at 208226000000, MotionEvent { action=ACTION_DOWN, id[0]=0, x[0]=402.0, y[0]=181.0, toolType[0]=TOOL_TYPE_UNKNOWN, buttonState=0, metaState=0, flags=0x0, edgeFlags=0x0, pointerCount=1, historySize=0, eventTime=208226, downTime=208226, deviceId=0, source=0x1002 }
D/InputEventConsistencyVerifier(  437):   2: sent at 207711000000, MotionEvent { action=ACTION_UP, id[0]=0, x[0]=436.0, y[0]=19.0, toolType[0]=TOOL_TYPE_UNKNOWN, buttonState=0, metaState=0, flags=0x0, edgeFlags=0x0, pointerCount=1, historySize=0, eventTime=207711, downTime=207687, deviceId=0, source=0x1002 }
D/InputEventConsistencyVerifier(  437):   3: sent at 207687000000, MotionEvent { action=ACTION_DOWN, id[0]=0, x[0]=437.0, y[0]=19.0, toolType[0]=TOOL_TYPE_UNKNOWN, buttonState=0, metaState=0, flags=0x80000000, edgeFlags=0x0, pointerCount=1, historySize=0, eventTime=207687, downTime=207687, deviceId=0, source=0x1002 }
D/InputEventConsistencyVerifier(  437):   4: sent at 202899000000, MotionEvent { action=ACTION_DOWN, id[0]=0, x[0]=1.0, y[0]=186.0, toolType[0]=TOOL_TYPE_UNKNOWN, buttonState=0, metaState=0, flags=0x80000000, edgeFlags=0x0, pointerCount=1, historySize=0, eventTime=202899, downTime=202897, deviceId=0, source=0x1002 }
D/InputEventConsistencyVerifier(  437):   5: sent at 202863000000, MotionEvent { action=ACTION_DOWN, id[0]=0, x[0]=9.0, y[0]=725.0, toolType[0]=TOOL_TYPE_UNKNOWN, buttonState=0, metaState=0, flags=0x0, edgeFlags=0x0, pointerCount=1, historySize=0, eventTime=202863, downTime=202862, deviceId=0, source=0x1002 }
I/Choreographer( 1067): Skipped 77 frames!  The application may be doing too much work on its main thread.
I/ActivityManager(  232): START {act=android.intent.action.MAIN cat=[android.intent.category.LAUNCHER] flg=0x10000000 cmp=com.android.calendar/.AllInOneActivity sel={act=android.intent.action.MAIN cat=[android.intent.category.APP_CALENDAR]} u=0} from pid 232
I/Choreographer(  437): Skipped 45 frames!  The application may be doing too much work on its main thread.
W/dalvikvm(  437): DroidBox: { "FdAccess": { "path": "2f70726f632f6d656d696e666f", "id": "1471610700" } }
W/DroidBox(  437): DroidBox: { "FileRW": { "operation": "read", "data": "4d656d546f74616c3a202020202020202020373438393634206b420a4d656d467265653a20202020202020202020343533343634206b420a427566666572733a20202020202020202020202035323630206b420a4361636865643a202020202020202020", "id": "1471610700" } }
D/InputEventConsistencyVerifier(  437): KeyEvent: ACTION_UP but key was not down.
D/InputEventConsistencyVerifier(  437):   in android.view.ViewRootImpl@b3f31cb0
D/InputEventConsistencyVerifier(  437):   0: sent at 208370000000, KeyEvent { action=ACTION_UP, keyCode=KEYCODE_CALENDAR, scanCode=0, metaState=0, flags=0x8, repeatCount=0, eventTime=208370, downTime=208370, deviceId=-1, source=0x101 }
D/InputEventConsistencyVerifier(  437):   -- recent events --
D/InputEventConsistencyVerifier(  437):   1: sent at 208308000000, KeyEvent { action=ACTION_UP, keyCode=KEYCODE_NUMPAD_MULTIPLY, scanCode=0, metaState=0, flags=0x8, repeatCount=0, eventTime=208308, downTime=208308, deviceId=-1, source=0x101 }
D/InputEventConsistencyVerifier(  437):   2: sent at 208276000000, KeyEvent { action=ACTION_DOWN, keyCode=KEYCODE_NUMPAD_MULTIPLY, scanCode=0, metaState=0, flags=0x8, repeatCount=0, eventTime=208276, downTime=208276, deviceId=-1, source=0x101 }
D/InputEventConsistencyVerifier(  437):   3: sent at 208271000000, MotionEvent { action=ACTION_UP, id[0]=0, x[0]=454.0, y[0]=618.0, toolType[0]=TOOL_TYPE_UNKNOWN, buttonState=0, metaState=0, flags=0x0, edgeFlags=0x0, pointerCount=1, historySize=0, eventTime=208271, downTime=208265, deviceId=0, source=0x1002 }
D/InputEventConsistencyVerifier(  437):   4: sent at 208265000000, MotionEvent { action=ACTION_DOWN, id[0]=0, x[0]=442.0, y[0]=618.0, toolType[0]=TOOL_TYPE_UNKNOWN, buttonState=0, metaState=0, flags=0x0, edgeFlags=0x0, pointerCount=1, historySize=0, eventTime=208265, downTime=208265, deviceId=0, source=0x1002 }
D/InputEventConsistencyVerifier(  437):   5: sent at 208245000000, MotionEvent { action=ACTION_UP, id[0]=0, x[0]=385.0, y[0]=166.0, toolType[0]=TOOL_TYPE_UNKNOWN, buttonState=0, metaState=0, flags=0x0, edgeFlags=0x0, pointerCount=1, historySize=0, eventTime=208245, downTime=208226, deviceId=0, source=0x1002 }
I/Choreographer(  437): Skipped 32 frames!  The application may be doing too much work on its main thread.
V/PhoneStatusBar(  437): setLightsOn(true)
D/PhoneStatusBar(  437): disable: < expand icons alerts ticker* system_info back home recent clock >
W/InputMethodManagerService(  232): Window already focused, ignoring focus gain of: com.android.internal.view.IInputMethodClient$Stub$Proxy@b416cce0 attribute=null
E/WVMExtractor(   61): Failed to open libwvm.so
E/WVMExtractor(   61): Failed to open libwvm.so
W/BackupManagerService(  232): dataChanged but no participant pkg='com.android.providers.settings' uid=10011
I/Choreographer( 1067): Skipped 35 frames!  The application may be doing too much work on its main thread.
E/MetadataRetrieverClient(   61): failed to extract an album art
E/WVMExtractor(   61): Failed to open libwvm.so
D/InputEventConsistencyVerifier( 1067): KeyEvent: ACTION_UP but key was not down.
D/InputEventConsistencyVerifier( 1067):   in android.view.ViewRootImpl@b3e95f58
D/InputEventConsistencyVerifier( 1067):   0: sent at 208506000000, KeyEvent { action=ACTION_UP, keyCode=KEYCODE_BUTTON_3, scanCode=0, metaState=0, flags=0x8, repeatCount=0, eventTime=208506, downTime=208506, deviceId=-1, source=0x101 }
D/InputEventConsistencyVerifier( 1067):   -- recent events --
D/InputEventConsistencyVerifier( 1067):   1: sent at 208683000000, KeyEvent { action=ACTION_UP, keyCode=KEYCODE_DPAD_LEFT, scanCode=0, metaState=0, flags=0x400, repeatCount=0, eventTime=208683, downTime=208683, deviceId=-1, source=0x101 }
D/InputEventConsistencyVerifier( 1067):   2: sent at 208683000000, KeyEvent { action=ACTION_DOWN, keyCode=KEYCODE_DPAD_LEFT, scanCode=0, metaState=0, flags=0x400, repeatCount=0, eventTime=208683, downTime=208683, deviceId=-1, source=0x101 }
D/InputEventConsistencyVerifier( 1067):   3: sent at 208683000000, KeyEvent { action=ACTION_UP, keyCode=KEYCODE_DPAD_LEFT, scanCode=0, metaState=0, flags=0x400, repeatCount=0, eventTime=208683, downTime=208683, deviceId=-1, source=0x101 }
D/InputEventConsistencyVerifier( 1067):   4: sent at 208683000000, KeyEvent { action=ACTION_DOWN, keyCode=KEYCODE_DPAD_LEFT, scanCode=0, metaState=0, flags=0x400, repeatCount=0, eventTime=208683, downTime=208683, deviceId=-1, source=0x101 }
D/InputEventConsistencyVerifier( 1067):   5: sent at 208682000000, KeyEvent { action=ACTION_UP, keyCode=KEYCODE_DPAD_LEFT, scanCode=0, metaState=0, flags=0x400, repeatCount=0, eventTime=208682, downTime=208682, deviceId=-1, source=0x101 }
E/WVMExtractor(   61): Failed to open libwvm.so
D/InputEventConsistencyVerifier( 1067): KeyEvent: ACTION_UP but key was not down.
D/InputEventConsistencyVerifier( 1067):   in com.android.internal.policy.impl.PhoneWindow$DecorView@b3e6a228
D/InputEventConsistencyVerifier( 1067):   0: sent at 210025000000, KeyEvent { action=ACTION_UP, keyCode=KEYCODE_DPAD_UP, scanCode=0, metaState=0, flags=0x8, repeatCount=0, eventTime=210025, downTime=210025, deviceId=-1, source=0x101 }
D/InputEventConsistencyVerifier( 1067):   -- recent events --
D/InputEventConsistencyVerifier( 1067):   1: sent at 208735000000, MotionEvent { action=ACTION_UP, id[0]=0, x[0]=388.0, y[0]=202.0, toolType[0]=TOOL_TYPE_UNKNOWN, buttonState=0, metaState=0, flags=0x0, edgeFlags=0x0, pointerCount=1, historySize=0, eventTime=208735, downTime=208710, deviceId=0, source=0x1002 }
D/InputEventConsistencyVerifier( 1067):   2: sent at 208710000000, MotionEvent { action=ACTION_DOWN, id[0]=0, x[0]=389.0, y[0]=212.0, toolType[0]=TOOL_TYPE_UNKNOWN, buttonState=0, metaState=0, flags=0x0, edgeFlags=0x0, pointerCount=1, historySize=0, eventTime=208710, downTime=208710, deviceId=0, source=0x1002 }
D/InputEventConsistencyVerifier( 1067):   3: sent at 208506000000, (unhandled) KeyEvent { action=ACTION_UP, keyCode=KEYCODE_BUTTON_3, scanCode=0, metaState=0, flags=0x80000008, repeatCount=0, eventTime=208506, downTime=208506, deviceId=-1, source=0x101 }
D/InputEventConsistencyVerifier( 1067):   4: sent at 208683000000, (unhandled) KeyEvent { action=ACTION_UP, keyCode=KEYCODE_DPAD_LEFT, scanCode=0, metaState=0, flags=0x400, repeatCount=0, eventTime=208683, downTime=208683, deviceId=-1, source=0x101 }
D/InputEventConsistencyVerifier( 1067):   5: sent at 208683000000, (unhandled) KeyEvent { action=ACTION_DOWN, keyCode=KEYCODE_DPAD_LEFT, scanCode=0, metaState=0, flags=0x400, repeatCount=0, eventTime=208683, downTime=208683, deviceId=-1, source=0x101 }
E/WVMExtractor(   61): Failed to open libwvm.so
I/Choreographer( 1067): Skipped 41 frames!  The application may be doing too much work on its main thread.
I/Choreographer( 1067): Skipped 31 frames!  The application may be doing too much work on its main thread.
I/ActivityManager(  232): START {act=android.intent.action.MAIN cat=[android.intent.category.LAUNCHER] flg=0x10200000 cmp=com.convertoman.proin/.ProinActivity u=0} from pid 1045
E/WVMExtractor(   61): Failed to open libwvm.so
D/InputEventConsistencyVerifier( 1067): KeyEvent: ACTION_UP but key was not down.
D/InputEventConsistencyVerifier( 1067):   in com.android.internal.policy.impl.PhoneWindow$DecorView@b3e6a228
D/InputEventConsistencyVerifier( 1067):   0: sent at 210913000000, KeyEvent { action=ACTION_UP, keyCode=KEYCODE_DPAD_DOWN, scanCode=0, metaState=0, flags=0x8, repeatCount=0, eventTime=210913, downTime=210913, deviceId=-1, source=0x101 }
D/InputEventConsistencyVerifier( 1067):   -- recent events --
D/InputEventConsistencyVerifier( 1067):   1: sent at 210639000000, MotionEvent { action=ACTION_UP, id[0]=0, x[0]=362.0, y[0]=551.0, toolType[0]=TOOL_TYPE_UNKNOWN, buttonState=0, metaState=0, flags=0x0, edgeFlags=0x0, pointerCount=1, historySize=0, eventTime=210639, downTime=210631, deviceId=0, source=0x1002 }
D/InputEventConsistencyVerifier( 1067):   2: sent at 210631000000, MotionEvent { action=ACTION_DOWN, id[0]=0, x[0]=383.0, y[0]=555.0, toolType[0]=TOOL_TYPE_UNKNOWN, buttonState=0, metaState=0, flags=0x0, edgeFlags=0x0, pointerCount=1, historySize=0, eventTime=210631, downTime=210631, deviceId=0, source=0x1002 }
D/InputEventConsistencyVerifier( 1067):   3: sent at 210488000000, (unhandled) KeyEvent { action=ACTION_UP, keyCode=KEYCODE_DPAD_UP, scanCode=0, metaState=0, flags=0x8, repeatCount=0, eventTime=210488, downTime=210488, deviceId=-1, source=0x101 }
D/InputEventConsistencyVerifier( 1067):   4: sent at 210311000000, KeyEvent { action=ACTION_DOWN, keyCode=KEYCODE_DPAD_UP, scanCode=0, metaState=0, flags=0x8, repeatCount=0, eventTime=210311, downTime=210311, deviceId=-1, source=0x101 }
D/InputEventConsistencyVerifier( 1067):   5: sent at 210278000000, (unhandled) KeyEvent { action=ACTION_UP, keyCode=KEYCODE_DPAD_DOWN, scanCode=0, metaState=0, flags=0x8, repeatCount=0, eventTime=210278, downTime=210278, deviceId=-1, source=0x101 }
E/WVMExtractor(   61): Failed to open libwvm.so
I/Choreographer( 1067): Skipped 31 frames!  The application may be doing too much work on its main thread.
D/InputEventConsistencyVerifier( 1067): TrackballEvent: Trackball is down but pressure is not greater than 0.
D/InputEventConsistencyVerifier( 1067):   in android.view.ViewRootImpl@b3f020a8
D/InputEventConsistencyVerifier( 1067):   0: sent at 211523000000, MotionEvent { action=ACTION_DOWN, id[0]=0, x[0]=0.0, y[0]=0.0, toolType[0]=TOOL_TYPE_UNKNOWN, buttonState=0, metaState=0, flags=0x0, edgeFlags=0x0, pointerCount=1, historySize=0, eventTime=211523, downTime=211457, deviceId=0, source=0x10004 }
D/InputEventConsistencyVerifier( 1067):   -- recent events --
D/InputEventConsistencyVerifier( 1067):   1: sent at 211596000000, KeyEvent { action=ACTION_UP, keyCode=KEYCODE_DPAD_DOWN, scanCode=0, metaState=0, flags=0x400, repeatCount=0, eventTime=211596, downTime=211596, deviceId=-1, source=0x101 }
D/InputEventConsistencyVerifier( 1067):   2: sent at 211596000000, KeyEvent { action=ACTION_DOWN, keyCode=KEYCODE_DPAD_DOWN, scanCode=0, metaState=0, flags=0x400, repeatCount=0, eventTime=211596, downTime=211596, deviceId=-1, source=0x101 }
D/InputEventConsistencyVerifier( 1067):   3: sent at 211572000000, KeyEvent { action=ACTION_UP, keyCode=KEYCODE_DPAD_DOWN, scanCode=0, metaState=0, flags=0x400, repeatCount=0, eventTime=211572, downTime=211572, deviceId=-1, source=0x101 }
D/InputEventConsistencyVerifier( 1067):   4: sent at 211572000000, KeyEvent { action=ACTION_DOWN, keyCode=KEYCODE_DPAD_DOWN, scanCode=0, metaState=0, flags=0x400, repeatCount=0, eventTime=211572, downTime=211572, deviceId=-1, source=0x101 }
D/InputEventConsistencyVerifier( 1067):   5: sent at 211511000000, MotionEvent { action=ACTION_MOVE, id[0]=0, x[0]=-2.0, y[0]=2.0, toolType[0]=TOOL_TYPE_UNKNOWN, buttonState=0, metaState=0, flags=0x0, edgeFlags=0x0, pointerCount=1, historySize=9, eventTime=211511, downTime=-1, deviceId=0, source=0x10004 }
E/WVMExtractor(   61): Failed to open libwvm.so
I/InputDispatcher(  232): Window 'Window{b41d7f30 AtchDlg:com.convertoman.proin/com.convertoman.proin.ProinActivity paused=false}' spent 2072.3ms processing the last input event: KeyEvent(action=0, deviceId=-1, source=0x00000101)
E/WVMExtractor(   61): Failed to open libwvm.so
E/WVMExtractor(   61): Failed to open libwvm.so
I/Choreographer( 1067): Skipped 691 frames!  The application may be doing too much work on its main thread.
D/InputEventConsistencyVerifier( 1067): KeyEvent: ACTION_UP but key was not down.
D/InputEventConsistencyVerifier( 1067):   in com.android.internal.policy.impl.PhoneWindow$DecorView@b3e9df18
D/InputEventConsistencyVerifier( 1067):   0: sent at 214397000000, KeyEvent { action=ACTION_UP, keyCode=KEYCODE_DPAD_UP, scanCode=0, metaState=0, flags=0x400, repeatCount=0, eventTime=214397, downTime=214397, deviceId=-1, source=0x101 }
D/InputEventConsistencyVerifier( 1067):   -- recent events --
D/InputEventConsistencyVerifier( 1067):   1: sent at 214361000000, (unhandled) MotionEvent { action=ACTION_MOVE, id[0]=0, x[0]=-2.0, y[0]=-4.0, toolType[0]=TOOL_TYPE_UNKNOWN, buttonState=0, metaState=0, flags=0x0, edgeFlags=0x0, pointerCount=1, historySize=0, eventTime=214361, downTime=-1, deviceId=0, source=0x10004 }
D/InputEventConsistencyVerifier( 1067):   2: sent at 213805000000, (unhandled) KeyEvent { action=ACTION_UP, keyCode=KEYCODE_ALT_LEFT, scanCode=0, metaState=0, flags=0x8, repeatCount=0, eventTime=213805, downTime=213805, deviceId=-1, source=0x101 }
D/InputEventConsistencyVerifier( 1067):   3: sent at 213753000000, (unhandled) KeyEvent { action=ACTION_DOWN, keyCode=KEYCODE_ALT_LEFT, scanCode=0, metaState=0, flags=0x8, repeatCount=0, eventTime=213753, downTime=213753, deviceId=-1, source=0x101 }
D/InputEventConsistencyVerifier( 1067):   4: sent at 211681000000, (unhandled) KeyEvent { action=ACTION_UP, keyCode=KEYCODE_MENU, scanCode=0, metaState=0, flags=0x8, repeatCount=0, eventTime=211681, downTime=211681, deviceId=-1, source=0x101 }
D/InputEventConsistencyVerifier( 1067):   5: sent at 211541000000, (unhandled) KeyEvent { action=ACTION_DOWN, keyCode=KEYCODE_MENU, scanCode=0, metaState=0, flags=0x8, repeatCount=0, eventTime=211541, downTime=211541, deviceId=-1, source=0x101 }
I/Choreographer( 1067): Skipped 109 frames!  The application may be doing too much work on its main thread.
E/WVMExtractor(   61): Failed to open libwvm.so
D/InputEventConsistencyVerifier( 1067): KeyEvent: ACTION_UP but key was not down.
D/InputEventConsistencyVerifier( 1067):   in com.android.internal.policy.impl.PhoneWindow$DecorView@b3e6a228
D/InputEventConsistencyVerifier( 1067):   0: sent at 211514000000, KeyEvent { action=ACTION_UP, keyCode=KEYCODE_DPAD_DOWN, scanCode=0, metaState=0, flags=0x400, repeatCount=0, eventTime=211514, downTime=211514, deviceId=-1, source=0x101 }
D/InputEventConsistencyVerifier( 1067):   -- recent events --
D/InputEventConsistencyVerifier( 1067):   1: sent at 211433000000, MotionEvent { action=ACTION_DOWN, id[0]=0, x[0]=297.0, y[0]=375.0, toolType[0]=TOOL_TYPE_UNKNOWN, buttonState=0, metaState=0, flags=0x0, edgeFlags=0x0, pointerCount=1, historySize=0, eventTime=211433, downTime=211433, deviceId=0, source=0x1002 }
D/InputEventConsistencyVerifier( 1067):   2: sent at 211260000000, (unhandled) MotionEvent { action=ACTION_MOVE, id[0]=0, x[0]=-1.0, y[0]=2.0, toolType[0]=TOOL_TYPE_UNKNOWN, buttonState=0, metaState=0, flags=0x0, edgeFlags=0x0, pointerCount=1, historySize=4, eventTime=211260, downTime=-1, deviceId=0, source=0x10004 }
D/InputEventConsistencyVerifier( 1067):   3: sent at 211169000000, (unhandled) KeyEvent { action=ACTION_UP, keyCode=KEYCODE_MENU, scanCode=0, metaState=0, flags=0x8, repeatCount=0, eventTime=211169, downTime=211169, deviceId=-1, source=0x101 }
D/InputEventConsistencyVerifier( 1067):   4: sent at 211034000000, (unhandled) KeyEvent { action=ACTION_DOWN, keyCode=KEYCODE_MENU, scanCode=0, metaState=0, flags=0x8, repeatCount=0, eventTime=211034, downTime=211034, deviceId=-1, source=0x101 }
D/InputEventConsistencyVerifier( 1067):   5: sent at 210913000000, (unhandled) KeyEvent { action=ACTION_UP, keyCode=KEYCODE_DPAD_DOWN, scanCode=0, metaState=0, flags=0x80000008, repeatCount=0, eventTime=210913, downTime=210913, deviceId=-1, source=0x101 }
I/Choreographer( 1067): Skipped 65 frames!  The application may be doing too much work on its main thread.
W/InputMethodManagerService(  232): Window already focused, ignoring focus gain of: com.android.internal.view.IInputMethodClient$Stub$Proxy@b416e060 attribute=android.view.inputmethod.EditorInfo@b416e078
E/WVMExtractor(   61): Failed to open libwvm.so
I/InputDispatcher(  232): Window 'Window{b4145c58 com.convertoman.proin/com.convertoman.proin.ProinActivity paused=false}' spent 4290.9ms processing the last input event: MotionEvent(action=1, deviceId=0, source=0x00001002)
I/InputDispatcher(  232): Window 'Window{b4145c58 com.convertoman.proin/com.convertoman.proin.ProinActivity paused=false}' spent 4472.4ms processing the last input event: MotionEvent(action=2, deviceId=0, source=0x00010004)
I/InputDispatcher(  232): Window 'Window{b4145c58 com.convertoman.proin/com.convertoman.proin.ProinActivity paused=false}' spent 4471.5ms processing the last input event: MotionEvent(action=2, deviceId=0, source=0x00010004)
I/InputDispatcher(  232): Window 'Window{b4145c58 com.convertoman.proin/com.convertoman.proin.ProinActivity paused=false}' spent 4473.0ms processing the last input event: MotionEvent(action=2, deviceId=0, source=0x00010004)
I/InputDispatcher(  232): Window 'Window{b4145c58 com.convertoman.proin/com.convertoman.proin.ProinActivity paused=false}' spent 4473.8ms processing the last input event: MotionEvent(action=2, deviceId=0, source=0x00010004)
I/InputDispatcher(  232): Window 'Window{b4145c58 com.convertoman.proin/com.convertoman.proin.ProinActivity paused=false}' spent 4473.5ms processing the last input event: MotionEvent(action=2, deviceId=0, source=0x00010004)
E/WVMExtractor(   61): Failed to open libwvm.so
E/WVMExtractor(   61): Failed to open libwvm.so
E/WVMExtractor(   61): Failed to open libwvm.so
E/WVMExtractor(   61): Failed to open libwvm.so
E/WVMExtractor(   61): Failed to open libwvm.so
D/InputEventConsistencyVerifier( 1067): KeyEvent: ACTION_UP but key was not down.
D/InputEventConsistencyVerifier( 1067):   in com.android.internal.policy.impl.PhoneWindow$DecorView@b3e6a228
D/InputEventConsistencyVerifier( 1067):   0: sent at 217380000000, KeyEvent { action=ACTION_UP, keyCode=KEYCODE_DPAD_RIGHT, scanCode=0, metaState=0, flags=0x8, repeatCount=0, eventTime=217380, downTime=217380, deviceId=-1, source=0x101 }
D/InputEventConsistencyVerifier( 1067):   -- recent events --
D/InputEventConsistencyVerifier( 1067):   1: sent at 217360000000, MotionEvent { action=ACTION_UP, id[0]=0, x[0]=406.0, y[0]=506.0, toolType[0]=TOOL_TYPE_UNKNOWN, buttonState=0, metaState=0, flags=0x0, edgeFlags=0x0, pointerCount=1, historySize=0, eventTime=217360, downTime=217351, deviceId=0, source=0x1002 }
D/InputEventConsistencyVerifier( 1067):   2: sent at 217351000000, MotionEvent { action=ACTION_DOWN, id[0]=0, x[0]=410.0, y[0]=521.0, toolType[0]=TOOL_TYPE_UNKNOWN, buttonState=0, metaState=0, flags=0x0, edgeFlags=0x0, pointerCount=1, historySize=0, eventTime=217351, downTime=217351, deviceId=0, source=0x1002 }
D/InputEventConsistencyVerifier( 1067):   3: sent at 217320000000, MotionEvent { action=ACTION_UP, id[0]=0, x[0]=182.0, y[0]=304.0, toolType[0]=TOOL_TYPE_UNKNOWN, buttonState=0, metaState=0, flags=0x0, edgeFlags=0x0, pointerCount=1, historySize=0, eventTime=217320, downTime=217314, deviceId=0, source=0x1002 }
D/InputEventConsistencyVerifier( 1067):   4: sent at 217315000000, MotionEvent { action=ACTION_DOWN, id[0]=0, x[0]=180.0, y[0]=309.0, toolType[0]=TOOL_TYPE_UNKNOWN, buttonState=0, metaState=0, flags=0x0, edgeFlags=0x0, pointerCount=1, historySize=0, eventTime=217315, downTime=217314, deviceId=0, source=0x1002 }
D/InputEventConsistencyVerifier( 1067):   5: sent at 217193000000, (unhandled) KeyEvent { action=ACTION_UP, keyCode=KEYCODE_MANNER_MODE, scanCode=0, metaState=0, flags=0x8, repeatCount=0, eventTime=217193, downTime=217193, deviceId=-1, source=0x101 }
E/WVMExtractor(   61): Failed to open libwvm.so
I/Choreographer( 1067): Skipped 36 frames!  The application may be doing too much work on its main thread.
D/InputEventConsistencyVerifier( 1067): KeyEvent: ACTION_UP but key was not down.
D/InputEventConsistencyVerifier( 1067):   in com.android.internal.policy.impl.PhoneWindow$DecorView@b3e6a228
D/InputEventConsistencyVerifier( 1067):   0: sent at 217874000000, KeyEvent { action=ACTION_UP, keyCode=KEYCODE_DPAD_DOWN, scanCode=0, metaState=0, flags=0x400, repeatCount=0, eventTime=217874, downTime=217874, deviceId=-1, source=0x101 }
D/InputEventConsistencyVerifier( 1067):   -- recent events --
D/InputEventConsistencyVerifier( 1067):   1: sent at 217840000000, (unhandled) MotionEvent { action=ACTION_MOVE, id[0]=0, x[0]=-2.0, y[0]=4.0, toolType[0]=TOOL_TYPE_UNKNOWN, buttonState=0, metaState=0, flags=0x0, edgeFlags=0x0, pointerCount=1, historySize=9, eventTime=217840, downTime=-1, deviceId=0, source=0x10004 }
D/InputEventConsistencyVerifier( 1067):   2: sent at 217693000000, (unhandled) KeyEvent { action=ACTION_UP, keyCode=KEYCODE_SCROLL_LOCK, scanCode=0, metaState=0, flags=0x8, repeatCount=0, eventTime=217693, downTime=217693, deviceId=-1, source=0x101 }
D/InputEventConsistencyVerifier( 1067):   3: sent at 217527000000, (unhandled) KeyEvent { action=ACTION_DOWN, keyCode=KEYCODE_SCROLL_LOCK, scanCode=0, metaState=0, flags=0x8, repeatCount=0, eventTime=217527, downTime=217527, deviceId=-1, source=0x101 }
D/InputEventConsistencyVerifier( 1067):   4: sent at 217498000000, MotionEvent { action=ACTION_UP, id[0]=0, x[0]=354.0, y[0]=468.0, toolType[0]=TOOL_TYPE_UNKNOWN, buttonState=0, metaState=0, flags=0x0, edgeFlags=0x0, pointerCount=1, historySize=0, eventTime=217498, downTime=217479, deviceId=0, source=0x1002 }
D/InputEventConsistencyVerifier( 1067):   5: sent at 217495000000, MotionEvent { action=ACTION_MOVE, id[0]=0, x[0]=355.0, y[0]=465.0, toolType[0]=TOOL_TYPE_UNKNOWN, buttonState=0, metaState=0, flags=0x0, edgeFlags=0x0, pointerCount=1, historySize=2, eventTime=217495, downTime=217479, deviceId=0, source=0x1002 }
E/WVMExtractor(   61): Failed to open libwvm.so
I/Choreographer( 1067): Skipped 50 frames!  The application may be doing too much work on its main thread.
E/WVMExtractor(   61): Failed to open libwvm.so
D/InputEventConsistencyVerifier( 1067): TrackballEvent: Trackball is down but pressure is not greater than 0.
D/InputEventConsistencyVerifier( 1067):   in android.view.ViewRootImpl@b3e95f58
D/InputEventConsistencyVerifier( 1067):   0: sent at 217844000000, MotionEvent { action=ACTION_DOWN, id[0]=0, x[0]=0.0, y[0]=0.0, toolType[0]=TOOL_TYPE_UNKNOWN, buttonState=0, metaState=0, flags=0x0, edgeFlags=0x0, pointerCount=1, historySize=0, eventTime=217844, downTime=217793, deviceId=0, source=0x10004 }
D/InputEventConsistencyVerifier( 1067):   -- recent events --
