I/Choreographer( 1008): Skipped 31 frames!  The application may be doing too much work on its main thread.
I/AudioService(  223):   Remote Control   registerMediaButtonIntent() for PendingIntent{b4129ab0: PendingIntentRecord{b3e2ed30 com.android.music broadcastIntent}}
E/WVMExtractor(   61): Failed to open libwvm.so
I/Choreographer( 1008): Skipped 31 frames!  The application may be doing too much work on its main thread.
E/WVMExtractor(   61): Failed to open libwvm.so
I/Choreographer( 1008): Skipped 58 frames!  The application may be doing too much work on its main thread.
D/InputEventConsistencyVerifier( 1008): KeyEvent: ACTION_UP but key was not down.
D/InputEventConsistencyVerifier( 1008):   in com.android.internal.policy.impl.PhoneWindow$DecorView@b3d778c8
D/InputEventConsistencyVerifier( 1008):   0: sent at 175279000000, KeyEvent { action=ACTION_UP, keyCode=KEYCODE_DPAD_CENTER, scanCode=0, metaState=0, flags=0x8, repeatCount=0, eventTime=175279, downTime=175279, deviceId=-1, source=0x101 }
D/InputEventConsistencyVerifier( 1008):   -- recent events --
D/InputEventConsistencyVerifier( 1008):   1: sent at 174764000000, (unhandled) KeyEvent { action=ACTION_UP, keyCode=KEYCODE_MEDIA_RECORD, scanCode=0, metaState=0, flags=0x8, repeatCount=0, eventTime=174764, downTime=174764, deviceId=-1, source=0x101 }
D/InputEventConsistencyVerifier( 1008):   2: sent at 174492000000, (unhandled) KeyEvent { action=ACTION_DOWN, keyCode=KEYCODE_MEDIA_RECORD, scanCode=0, metaState=0, flags=0x8, repeatCount=0, eventTime=174492, downTime=174492, deviceId=-1, source=0x101 }
D/InputEventConsistencyVerifier( 1008):   3: sent at 174485000000, MotionEvent { action=ACTION_UP, id[0]=0, x[0]=27.0, y[0]=399.0, toolType[0]=TOOL_TYPE_UNKNOWN, buttonState=0, metaState=0, flags=0x0, edgeFlags=0x0, pointerCount=1, historySize=0, eventTime=174485, downTime=174198, deviceId=0, source=0x1002 }
D/InputEventConsistencyVerifier( 1008):   4: sent at 174482000000, MotionEvent { action=ACTION_MOVE, id[0]=0, x[0]=27.0, y[0]=406.0, toolType[0]=TOOL_TYPE_UNKNOWN, buttonState=0, metaState=0, flags=0x0, edgeFlags=0x0, pointerCount=1, historySize=7, eventTime=174482, downTime=174198, deviceId=0, source=0x1002 }
D/InputEventConsistencyVerifier( 1008):   5: sent at 174200000000, MotionEvent { action=ACTION_DOWN, id[0]=0, x[0]=24.0, y[0]=441.0, toolType[0]=TOOL_TYPE_UNKNOWN, buttonState=0, metaState=0, flags=0x0, edgeFlags=0x0, pointerCount=1, historySize=0, eventTime=174200, downTime=174198, deviceId=0, source=0x1002 }
I/Choreographer( 1008): Skipped 35 frames!  The application may be doing too much work on its main thread.
E/WVMExtractor(   61): Failed to open libwvm.so
I/ActivityManager(  223): START {act=android.intent.action.MAIN cat=[android.intent.category.HOME] flg=0x10200000 cmp=com.android.launcher/com.android.launcher2.Launcher u=0} from pid 223
E/WVMExtractor(   61): Failed to open libwvm.so
E/WVMExtractor(   61): Failed to open libwvm.so
D/InputEventConsistencyVerifier( 1008): KeyEvent: ACTION_UP but key was not down.
D/InputEventConsistencyVerifier( 1008):   in com.android.internal.policy.impl.PhoneWindow$DecorView@b3d778c8
D/InputEventConsistencyVerifier( 1008):   0: sent at 176810000000, KeyEvent { action=ACTION_UP, keyCode=KEYCODE_DPAD_UP, scanCode=0, metaState=0, flags=0x400, repeatCount=0, eventTime=176810, downTime=176810, deviceId=-1, source=0x101 }
D/InputEventConsistencyVerifier( 1008):   -- recent events --
D/InputEventConsistencyVerifier( 1008):   1: sent at 176660000000, (unhandled) MotionEvent { action=ACTION_MOVE, id[0]=0, x[0]=4.0, y[0]=-3.0, toolType[0]=TOOL_TYPE_UNKNOWN, buttonState=0, metaState=0, flags=0x0, edgeFlags=0x0, pointerCount=1, historySize=8, eventTime=176660, downTime=-1, deviceId=0, source=0x10004 }
D/InputEventConsistencyVerifier( 1008):   2: sent at 176714000000, MotionEvent { action=ACTION_UP, id[0]=0, x[0]=473.0, y[0]=405.0, toolType[0]=TOOL_TYPE_UNKNOWN, buttonState=0, metaState=0, flags=0x0, edgeFlags=0x0, pointerCount=1, historySize=0, eventTime=176714, downTime=176663, deviceId=0, source=0x1002 }
D/InputEventConsistencyVerifier( 1008):   3: sent at 176712000000, MotionEvent { action=ACTION_MOVE, id[0]=0, x[0]=472.0, y[0]=398.0, toolType[0]=TOOL_TYPE_UNKNOWN, buttonState=0, metaState=0, flags=0x0, edgeFlags=0x0, pointerCount=1, historySize=2, eventTime=176712, downTime=176663, deviceId=0, source=0x1002 }
D/InputEventConsistencyVerifier( 1008):   4: sent at 176665000000, MotionEvent { action=ACTION_DOWN, id[0]=0, x[0]=460.0, y[0]=390.0, toolType[0]=TOOL_TYPE_UNKNOWN, buttonState=0, metaState=0, flags=0x0, edgeFlags=0x0, pointerCount=1, historySize=0, eventTime=176665, downTime=176663, deviceId=0, source=0x1002 }
D/InputEventConsistencyVerifier( 1008):   5: sent at 176598000000, (unhandled) MotionEvent { action=ACTION_MOVE, id[0]=0, x[0]=-4.0, y[0]=-4.0, toolType[0]=TOOL_TYPE_UNKNOWN, buttonState=0, metaState=0, flags=0x0, edgeFlags=0x0, pointerCount=1, historySize=0, eventTime=176598, downTime=-1, deviceId=0, source=0x10004 }
I/InputDispatcher(  223): Dropped event because of pending overdue app switch.
I/InputDispatcher(  223): Dropped event because of pending overdue app switch.
W/InputManager(  223): Input event injection from pid 985 failed.
W/InputManager(  223): Input event injection from pid 985 failed.
W/InputManager(  223): Input event injection from pid 985 failed.
W/InputManager(  223): Input event injection from pid 985 failed.
W/InputManager(  223): Input event injection from pid 985 failed.
W/InputManager(  223): Input event injection from pid 985 failed.
W/InputManager(  223): Input event injection from pid 985 failed.
W/InputManager(  223): Input event injection from pid 985 failed.
E/WVMExtractor(   61): Failed to open libwvm.so
E/WVMExtractor(   61): Failed to open libwvm.so
E/WVMExtractor(   61): Failed to open libwvm.so
E/WVMExtractor(   61): Failed to open libwvm.so
E/WVMExtractor(   61): Failed to open libwvm.so
D/InputEventConsistencyVerifier( 1008): KeyEvent: ACTION_UP but key was not down.
D/InputEventConsistencyVerifier( 1008):   in com.android.internal.policy.impl.PhoneWindow$DecorView@b3d778c8
D/InputEventConsistencyVerifier( 1008):   0: sent at 177968000000, KeyEvent { action=ACTION_UP, keyCode=KEYCODE_DPAD_DOWN, scanCode=0, metaState=0, flags=0x8, repeatCount=0, eventTime=177968, downTime=177968, deviceId=-1, source=0x101 }
D/InputEventConsistencyVerifier( 1008):   -- recent events --
D/InputEventConsistencyVerifier( 1008):   1: sent at 177913000000, MotionEvent { action=ACTION_UP, id[0]=0, x[0]=309.0, y[0]=522.0, toolType[0]=TOOL_TYPE_UNKNOWN, buttonState=0, metaState=0, flags=0x0, edgeFlags=0x0, pointerCount=1, historySize=0, eventTime=177913, downTime=177332, deviceId=0, source=0x1002 }
D/InputEventConsistencyVerifier( 1008):   2: sent at 177333000000, MotionEvent { action=ACTION_DOWN, id[0]=0, x[0]=305.0, y[0]=509.0, toolType[0]=TOOL_TYPE_UNKNOWN, buttonState=0, metaState=0, flags=0x0, edgeFlags=0x0, pointerCount=1, historySize=0, eventTime=177333, downTime=177332, deviceId=0, source=0x1002 }
D/InputEventConsistencyVerifier( 1008):   3: sent at 177280000000, (unhandled) KeyEvent { action=ACTION_UP, keyCode=KEYCODE_DPAD_RIGHT, scanCode=0, metaState=0, flags=0x28, repeatCount=0, eventTime=177280, downTime=176759, deviceId=-1, source=0x101 }
D/InputEventConsistencyVerifier( 1008):   4: sent at 176759000000, (unhandled) KeyEvent { action=ACTION_DOWN, keyCode=KEYCODE_DPAD_RIGHT, scanCode=0, metaState=0, flags=0x8, repeatCount=0, eventTime=176759, downTime=176759, deviceId=-1, source=0x101 }
D/InputEventConsistencyVerifier( 1008):   5: sent at 176880000000, (unhandled) KeyEvent { action=ACTION_UP, keyCode=KEYCODE_DPAD_RIGHT, scanCode=0, metaState=0, flags=0x400, repeatCount=0, eventTime=176880, downTime=176880, deviceId=-1, source=0x101 }
W/DroidBox( 1103): DroidBox: { "ServiceStart": { "name": "com.android.music.MediaPlaybackService" } }
W/DroidBox( 1103): DroidBox: { "ServiceStart": { "name": "com.android.music.MediaPlaybackService" } }
E/WVMExtractor(   61): Failed to open libwvm.so
I/AudioService(  223):  AudioFocus  requestAudioFocus() from android.media.AudioManager@b3d90690com.android.music.MediaPlaybackService$3@b3d8eec8
I/AudioService(  223):   Remote Control   registerMediaButtonIntent() for PendingIntent{b3fb2a40: PendingIntentRecord{b3e2ed30 com.android.music broadcastIntent}}
E/WVMExtractor(   61): Failed to open libwvm.so
D/InputEventConsistencyVerifier( 1008): KeyEvent: ACTION_UP but key was not down.
D/InputEventConsistencyVerifier( 1008):   in com.android.internal.policy.impl.PhoneWindow$DecorView@b3d778c8
D/InputEventConsistencyVerifier( 1008):   0: sent at 178864000000, KeyEvent { action=ACTION_UP, keyCode=KEYCODE_DPAD_CENTER, scanCode=0, metaState=0, flags=0x8, repeatCount=0, eventTime=178864, downTime=178864, deviceId=-1, source=0x101 }
D/InputEventConsistencyVerifier( 1008):   -- recent events --
D/InputEventConsistencyVerifier( 1008):   1: sent at 178394000000, (unhandled) KeyEvent { action=ACTION_UP, keyCode=KEYCODE_MEDIA_PLAY, scanCode=0, metaState=0, flags=0x8, repeatCount=0, eventTime=178394, downTime=178394, deviceId=-1, source=0x101 }
D/InputEventConsistencyVerifier( 1008):   2: sent at 178077000000, (unhandled) KeyEvent { action=ACTION_DOWN, keyCode=KEYCODE_MEDIA_PLAY, scanCode=0, metaState=0, flags=0x8, repeatCount=0, eventTime=178077, downTime=178077, deviceId=-1, source=0x101 }
D/InputEventConsistencyVerifier( 1008):   3: sent at 178071000000, MotionEvent { action=ACTION_UP, id[0]=0, x[0]=436.0, y[0]=614.0, toolType[0]=TOOL_TYPE_UNKNOWN, buttonState=0, metaState=0, flags=0x0, edgeFlags=0x0, pointerCount=1, historySize=0, eventTime=178071, downTime=178022, deviceId=0, source=0x1002 }
D/InputEventConsistencyVerifier( 1008):   4: sent at 178022000000, MotionEvent { action=ACTION_DOWN, id[0]=0, x[0]=449.0, y[0]=614.0, toolType[0]=TOOL_TYPE_UNKNOWN, buttonState=0, metaState=0, flags=0x0, edgeFlags=0x0, pointerCount=1, historySize=0, eventTime=178022, downTime=178022, deviceId=0, source=0x1002 }
D/InputEventConsistencyVerifier( 1008):   5: sent at 177968000000, (unhandled) KeyEvent { action=ACTION_UP, keyCode=KEYCODE_DPAD_DOWN, scanCode=0, metaState=0, flags=0x80000008, repeatCount=0, eventTime=177968, downTime=177968, deviceId=-1, source=0x101 }
E/WVMExtractor(   61): Failed to open libwvm.so
I/Choreographer( 1008): Skipped 49 frames!  The application may be doing too much work on its main thread.
I/Choreographer( 1008): Skipped 52 frames!  The application may be doing too much work on its main thread.
E/WVMExtractor(   61): Failed to open libwvm.so
E/WVMExtractor(   61): Failed to open libwvm.so
E/WVMExtractor(   61): Failed to open libwvm.so
D/InputEventConsistencyVerifier( 1008): KeyEvent: ACTION_UP but key was not down.
D/InputEventConsistencyVerifier( 1008):   in com.android.internal.policy.impl.PhoneWindow$DecorView@b3db2730
D/InputEventConsistencyVerifier( 1008):   0: sent at 179911000000, KeyEvent { action=ACTION_UP, keyCode=KEYCODE_DPAD_UP, scanCode=0, metaState=0, flags=0x8, repeatCount=0, eventTime=179911, downTime=179911, deviceId=-1, source=0x101 }
D/InputEventConsistencyVerifier( 1008):   -- recent events --
D/InputEventConsistencyVerifier( 1008):   1: sent at 179757000000, (unhandled) MotionEvent { action=ACTION_UP, id[0]=0, x[0]=203.0, y[0]=-532.0, toolType[0]=TOOL_TYPE_UNKNOWN, buttonState=0, metaState=0, flags=0x0, edgeFlags=0x0, pointerCount=1, historySize=0, eventTime=179757, downTime=179749, deviceId=0, source=0x1002 }
D/InputEventConsistencyVerifier( 1008):   2: sent at 179749000000, MotionEvent { action=ACTION_DOWN, id[0]=0, x[0]=190.0, y[0]=-545.0, toolType[0]=TOOL_TYPE_UNKNOWN, buttonState=0, metaState=0, flags=0x0, edgeFlags=0x0, pointerCount=1, historySize=0, eventTime=179749, downTime=179749, deviceId=0, source=0x1002 }
D/InputEventConsistencyVerifier( 1008):   3: sent at 179611000000, (unhandled) KeyEvent { action=ACTION_UP, keyCode=KEYCODE_DPAD_LEFT, scanCode=0, metaState=0, flags=0x8, repeatCount=0, eventTime=179611, downTime=179611, deviceId=-1, source=0x101 }
D/InputEventConsistencyVerifier( 1008):   4: sent at 179604000000, (unhandled) KeyEvent { action=ACTION_DOWN, keyCode=KEYCODE_DPAD_LEFT, scanCode=0, metaState=0, flags=0x8, repeatCount=0, eventTime=179604, downTime=179604, deviceId=-1, source=0x101 }
D/InputEventConsistencyVerifier( 1008):   5: sent at 179551000000, (unhandled) KeyEvent { action=ACTION_UP, keyCode=KEYCODE_NUM_LOCK, scanCode=0, metaState=0, flags=0x8, repeatCount=0, eventTime=179551, downTime=179551, deviceId=-1, source=0x101 }
E/WVMExtractor(   61): Failed to open libwvm.so
D/InputEventConsistencyVerifier( 1008): KeyEvent: ACTION_UP but key was not down.
D/InputEventConsistencyVerifier( 1008):   in com.android.internal.policy.impl.PhoneWindow$DecorView@b3db2730
D/InputEventConsistencyVerifier( 1008):   0: sent at 180281000000, KeyEvent { action=ACTION_UP, keyCode=KEYCODE_DPAD_LEFT, scanCode=0, metaState=0, flags=0x8, repeatCount=0, eventTime=180281, downTime=180281, deviceId=-1, source=0x101 }
D/InputEventConsistencyVerifier( 1008):   -- recent events --
D/InputEventConsistencyVerifier( 1008):   1: sent at 180014000000, (unhandled) MotionEvent { action=ACTION_UP, id[0]=0, x[0]=85.0, y[0]=-194.0, toolType[0]=TOOL_TYPE_UNKNOWN, buttonState=0, metaState=0, flags=0x0, edgeFlags=0x0, pointerCount=1, historySize=0, eventTime=180014, downTime=179947, deviceId=0, source=0x1002 }
D/InputEventConsistencyVerifier( 1008):   2: sent at 180011000000, (unhandled) MotionEvent { action=ACTION_POINTER_UP(1), id[0]=0, x[0]=92.0, y[0]=-194.0, toolType[0]=TOOL_TYPE_UNKNOWN, id[1]=1, x[1]=329.0, y[1]=-417.0, toolType[1]=TOOL_TYPE_UNKNOWN, buttonState=0, metaState=0, flags=0x0, edgeFlags=0x0, pointerCount=2, historySize=0, eventTime=180011, downTime=179947, deviceId=0, source=0x1002 }
D/InputEventConsistencyVerifier( 1008):   3: sent at 180009000000, (unhandled) MotionEvent { action=ACTION_MOVE, id[0]=0, x[0]=93.0, y[0]=-194.0, toolType[0]=TOOL_TYPE_UNKNOWN, id[1]=1, x[1]=311.0, y[1]=-428.0, toolType[1]=TOOL_TYPE_UNKNOWN, buttonState=0, metaState=0, flags=0x0, edgeFlags=0x0, pointerCount=2, historySize=6, eventTime=180009, downTime=179947, deviceId=0, source=0x1002 }
D/InputEventConsistencyVerifier( 1008):   4: sent at 179992000000, (unhandled) MotionEvent { action=ACTION_POINTER_DOWN(1), id[0]=0, x[0]=168.0, y[0]=-194.0, toolType[0]=TOOL_TYPE_UNKNOWN, id[1]=1, x[1]=231.0, y[1]=-487.0, toolType[1]=TOOL_TYPE_UNKNOWN, buttonState=0, metaState=0, flags=0x0, edgeFlags=0x0, pointerCount=2, historySize=0, eventTime=179992, downTime=179947, deviceId=0, source=0x1002 }
D/InputEventConsistencyVerifier( 1008):   5: sent at 179987000000, MotionEvent { action=ACTION_DOWN, id[0]=0, x[0]=177.0, y[0]=-194.0, toolType[0]=TOOL_TYPE_UNKNOWN, buttonState=0, metaState=0, flags=0x0, edgeFlags=0x0, pointerCount=1, historySize=0, eventTime=179987, downTime=179947, deviceId=0, source=0x1002 }
I/Choreographer( 1008): Skipped 233 frames!  The application may be doing too much work on its main thread.
W/dalvikvm(  985): DroidBox: { "FdAccess": { "path": "2f6465762f696e7075742f6576656e7430", "id": "1595637303" } }
E/WVMExtractor(   61): Failed to open libwvm.so
W/DroidBox(  985): DroidBox: { "FileRW": { "operation": "write", "data": "efbfbd060000efbfbdefbfbd0c000500000000000000", "id": "1595637303" } }
E/WVMExtractor(   61): Failed to open libwvm.so
E/WVMExtractor(   61): Failed to open libwvm.so
I/Choreographer( 1008): Skipped 273 frames!  The application may be doing too much work on its main thread.
E/WVMExtractor(   61): Failed to open libwvm.so
I/ActivityManager(  223): START {act=android.intent.action.MAIN cat=[android.intent.category.HOME] flg=0x10200000 cmp=com.android.launcher/com.android.launcher2.Launcher u=0} from pid 223
E/WVMExtractor(   61): Failed to open libwvm.so
I/ActivityManager(  223): START {act=android.intent.action.MAIN cat=[android.intent.category.LAUNCHER] flg=0x10200000 cmp=com.convertoman.proin/.ProinActivity u=0} from pid 985
I/Choreographer( 1008): Skipped 645 frames!  The application may be doing too much work on its main thread.
W/InputMethodManagerService(  223): Window already focused, ignoring focus gain of: com.android.internal.view.IInputMethodClient$Stub$Proxy@b3dfce90 attribute=android.view.inputmethod.EditorInfo@b3ed4b28
E/WVMExtractor(   61): Failed to open libwvm.so
E/WVMExtractor(   61): Failed to open libwvm.so
I/Choreographer( 1008): Skipped 36 frames!  The application may be doing too much work on its main thread.
D/InputEventConsistencyVerifier( 1008): KeyEvent: ACTION_UP but key was not down.
D/InputEventConsistencyVerifier( 1008):   in com.android.internal.policy.impl.PhoneWindow$DecorView@b3d778c8
D/InputEventConsistencyVerifier( 1008):   0: sent at 185095000000, KeyEvent { action=ACTION_UP, keyCode=KEYCODE_DPAD_RIGHT, scanCode=0, metaState=0, flags=0x8, repeatCount=0, eventTime=185095, downTime=185095, deviceId=-1, source=0x101 }
D/InputEventConsistencyVerifier( 1008):   -- recent events --
D/InputEventConsistencyVerifier( 1008):   1: sent at 184954000000, MotionEvent { action=ACTION_UP, id[0]=0, x[0]=415.0, y[0]=230.0, toolType[0]=TOOL_TYPE_UNKNOWN, buttonState=0, metaState=0, flags=0x0, edgeFlags=0x0, pointerCount=1, historySize=0, eventTime=184954, downTime=184944, deviceId=0, source=0x1002 }
D/InputEventConsistencyVerifier( 1008):   2: sent at 184944000000, MotionEvent { action=ACTION_DOWN, id[0]=0, x[0]=415.0, y[0]=245.0, toolType[0]=TOOL_TYPE_UNKNOWN, buttonState=0, metaState=0, flags=0x0, edgeFlags=0x0, pointerCount=1, historySize=0, eventTime=184944, downTime=184944, deviceId=0, source=0x1002 }
D/InputEventConsistencyVerifier( 1008):   3: sent at 184762000000, (unhandled) KeyEvent { action=ACTION_UP, keyCode=KEYCODE_DPAD_CENTER, scanCode=0, metaState=0, flags=0x8, repeatCount=0, eventTime=184762, downTime=184762, deviceId=-1, source=0x101 }
D/InputEventConsistencyVerifier( 1008):   4: sent at 184650000000, (unhandled) KeyEvent { action=ACTION_DOWN, keyCode=KEYCODE_DPAD_CENTER, scanCode=0, metaState=0, flags=0x8, repeatCount=0, eventTime=184650, downTime=184650, deviceId=-1, source=0x101 }
D/InputEventConsistencyVerifier( 1008):   5: sent at 184500000000, (unhandled) KeyEvent { action=ACTION_UP, keyCode=KEYCODE_DPAD_RIGHT, scanCode=0, metaState=0, flags=0x8, repeatCount=0, eventTime=184500, downTime=184500, deviceId=-1, source=0x101 }
E/WVMExtractor(   61): Failed to open libwvm.so
E/WVMExtractor(   61): Failed to open libwvm.so
E/WVMExtractor(   61): Failed to open libwvm.so
I/Choreographer( 1008): Skipped 40 frames!  The application may be doing too much work on its main thread.
E/WVMExtractor(   61): Failed to open libwvm.so
E/WVMExtractor(   61): Failed to open libwvm.so
E/WVMExtractor(   61): Failed to open libwvm.so
I/ActivityManager(  223): START {act=android.intent.action.CALL_BUTTON flg=0x10000000 cmp=com.android.contacts/.activities.DialtactsActivity u=0} from pid 1008
D/InputEventConsistencyVerifier( 1008): KeyEvent: ACTION_UP but key was not down.
D/InputEventConsistencyVerifier( 1008):   in com.android.internal.policy.impl.PhoneWindow$DecorView@b3db2730
D/InputEventConsistencyVerifier( 1008):   0: sent at 190513000000, KeyEvent { action=ACTION_UP, keyCode=KEYCODE_DPAD_RIGHT, scanCode=0, metaState=0, flags=0x8, repeatCount=0, eventTime=190513, downTime=190513, deviceId=-1, source=0x101 }
D/InputEventConsistencyVerifier( 1008):   -- recent events --
D/InputEventConsistencyVerifier( 1008):   1: sent at 190374000000, (unhandled) KeyEvent { action=ACTION_UP, keyCode=KEYCODE_CALL, scanCode=0, metaState=0, flags=0x8, repeatCount=0, eventTime=190374, downTime=190374, deviceId=-1, source=0x101 }
D/InputEventConsistencyVerifier( 1008):   2: sent at 188457000000, (unhandled) KeyEvent { action=ACTION_DOWN, keyCode=KEYCODE_CALL, scanCode=0, metaState=0, flags=0x8, repeatCount=0, eventTime=188457, downTime=188457, deviceId=-1, source=0x101 }
D/InputEventConsistencyVerifier( 1008):   3: sent at 188442000000, (unhandled) MotionEvent { action=ACTION_UP, id[0]=0, x[0]=104.0, y[0]=-313.0, toolType[0]=TOOL_TYPE_UNKNOWN, buttonState=0, metaState=0, flags=0x0, edgeFlags=0x0, pointerCount=1, historySize=0, eventTime=188442, downTime=188433, deviceId=0, source=0x1002 }
D/InputEventConsistencyVerifier( 1008):   4: sent at 188434000000, MotionEvent { action=ACTION_DOWN, id[0]=0, x[0]=99.0, y[0]=-297.0, toolType[0]=TOOL_TYPE_UNKNOWN, buttonState=0, metaState=0, flags=0x0, edgeFlags=0x0, pointerCount=1, historySize=0, eventTime=188434, downTime=188433, deviceId=0, source=0x1002 }
D/InputEventConsistencyVerifier( 1008):   5: sent at 188401000000, KeyEvent { action=ACTION_UP, keyCode=KEYCODE_DPAD_CENTER, scanCode=0, metaState=0, flags=0x8, repeatCount=0, eventTime=188401, downTime=188401, deviceId=-1, source=0x101 }
E/WVMExtractor(   61): Failed to open libwvm.so
E/WVMExtractor(   61): Failed to open libwvm.so
I/Choreographer( 1008): Skipped 1181 frames!  The application may be doing too much work on its main thread.
D/InputEventConsistencyVerifier( 1008): KeyEvent: ACTION_UP but key was not down.
D/InputEventConsistencyVerifier( 1008):   in com.android.internal.policy.impl.PhoneWindow$DecorView@b3db2730
D/InputEventConsistencyVerifier( 1008):   0: sent at 191285000000, KeyEvent { action=ACTION_UP, keyCode=KEYCODE_DPAD_DOWN, scanCode=0, metaState=0, flags=0x400, repeatCount=0, eventTime=191285, downTime=191285, deviceId=-1, source=0x101 }
D/InputEventConsistencyVerifier( 1008):   -- recent events --
D/InputEventConsistencyVerifier( 1008):   1: sent at 191060000000, (unhandled) MotionEvent { action=ACTION_MOVE, id[0]=0, x[0]=2.0, y[0]=3.0, toolType[0]=TOOL_TYPE_UNKNOWN, buttonState=0, metaState=0, flags=0x0, edgeFlags=0x0, pointerCount=1, historySize=9, eventTime=191060, downTime=-1, deviceId=0, source=0x10004 }
D/InputEventConsistencyVerifier( 1008):   2: sent at 191070000000, (unhandled) MotionEvent { action=ACTION_UP, id[0]=0, x[0]=470.0, y[0]=-56.0, toolType[0]=TOOL_TYPE_UNKNOWN, buttonState=0, metaState=0, flags=0x0, edgeFlags=0x0, pointerCount=1, historySize=0, eventTime=191070, downTime=191064, deviceId=0, source=0x1002 }
D/InputEventConsistencyVerifier( 1008):   3: sent at 191065000000, MotionEvent { action=ACTION_DOWN, id[0]=0, x[0]=458.0, y[0]=-62.0, toolType[0]=TOOL_TYPE_UNKNOWN, buttonState=0, metaState=0, flags=0x0, edgeFlags=0x0, pointerCount=1, historySize=0, eventTime=191065, downTime=191064, deviceId=0, source=0x1002 }
D/InputEventConsistencyVerifier( 1008):   4: sent at 191028000000, (unhandled) KeyEvent { action=ACTION_UP, keyCode=KEYCODE_DPAD_DOWN, scanCode=0, metaState=0, flags=0x8, repeatCount=0, eventTime=191028, downTime=191028, deviceId=-1, source=0x101 }
D/InputEventConsistencyVerifier( 1008):   5: sent at 190585000000, (unhandled) KeyEvent { action=ACTION_DOWN, keyCode=KEYCODE_DPAD_DOWN, scanCode=0, metaState=0, flags=0x8, repeatCount=0, eventTime=190585, downTime=190585, deviceId=-1, source=0x101 }
E/WVMExtractor(   61): Failed to open libwvm.so
E/WVMExtractor(   61): Failed to open libwvm.so
D/InputEventConsistencyVerifier( 1008): KeyEvent: ACTION_UP but key was not down.
D/InputEventConsistencyVerifier( 1008):   in com.android.internal.policy.impl.PhoneWindow$DecorView@b3d778c8
D/InputEventConsistencyVerifier( 1008):   0: sent at 186376000000, KeyEvent { action=ACTION_UP, keyCode=KEYCODE_DPAD_UP, scanCode=0, metaState=0, flags=0x400, repeatCount=0, eventTime=186376, downTime=186376, deviceId=-1, source=0x101 }
D/InputEventConsistencyVerifier( 1008):   -- recent events --
D/InputEventConsistencyVerifier( 1008):   1: sent at 186178000000, (unhandled) MotionEvent { action=ACTION_MOVE, id[0]=0, x[0]=2.0, y[0]=-3.0, toolType[0]=TOOL_TYPE_UNKNOWN, buttonState=0, metaState=0, flags=0x0, edgeFlags=0x0, pointerCount=1, historySize=2, eventTime=186178, downTime=-1, deviceId=0, source=0x10004 }
D/InputEventConsistencyVerifier( 1008):   2: sent at 186119000000, MotionEvent { action=ACTION_UP, id[0]=0, x[0]=189.0, y[0]=548.0, toolType[0]=TOOL_TYPE_UNKNOWN, buttonState=0, metaState=0, flags=0x0, edgeFlags=0x0, pointerCount=1, historySize=0, eventTime=186119, downTime=186112, deviceId=0, source=0x1002 }
D/InputEventConsistencyVerifier( 1008):   3: sent at 186112000000, MotionEvent { action=ACTION_DOWN, id[0]=0, x[0]=204.0, y[0]=556.0, toolType[0]=TOOL_TYPE_UNKNOWN, buttonState=0, metaState=0, flags=0x0, edgeFlags=0x0, pointerCount=1, historySize=0, eventTime=186112, downTime=186112, deviceId=0, source=0x1002 }
D/InputEventConsistencyVerifier( 1008):   4: sent at 186072000000, (unhandled) KeyEvent { action=ACTION_UP, keyCode=KEYCODE_MENU, scanCode=0, metaState=0, flags=0x8, repeatCount=0, eventTime=186072, downTime=186072, deviceId=-1, source=0x101 }
D/InputEventConsistencyVerifier( 1008):   5: sent at 186028000000, (unhandled) KeyEvent { action=ACTION_DOWN, keyCode=KEYCODE_MENU, scanCode=0, metaState=0, flags=0x8, repeatCount=0, eventTime=186028, downTime=186028, deviceId=-1, source=0x101 }
E/WVMExtractor(   61): Failed to open libwvm.so
I/Choreographer( 1008): Skipped 671 frames!  The application may be doing too much work on its main thread.
E/WVMExtractor(   61): Failed to open libwvm.so
W/InputMethodManagerService(  223): Window already focused, ignoring focus gain of: com.android.internal.view.IInputMethodClient$Stub$Proxy@b4027fd8 attribute=android.view.inputmethod.EditorInfo@b4027ff0
I/Choreographer( 1008): Skipped 39 frames!  The application may be doing too much work on its main thread.
E/WVMExtractor(   61): Failed to open libwvm.so
I/Choreographer( 1008): Skipped 45 frames!  The application may be doing too much work on its main thread.
D/InputEventConsistencyVerifier( 1008): KeyEvent: ACTION_UP but key was not down.
D/InputEventConsistencyVerifier( 1008):   in android.view.ViewRootImpl@b3da2bb8
D/InputEventConsistencyVerifier( 1008):   0: sent at 193669000000, KeyEvent { action=ACTION_UP, keyCode=KEYCODE_DPAD_LEFT, scanCode=0, metaState=0, flags=0x8, repeatCount=0, eventTime=193669, downTime=193669, deviceId=-1, source=0x101 }
D/InputEventConsistencyVerifier( 1008):   -- recent events --
D/InputEventConsistencyVerifier( 1008):   1: sent at 186379000000, KeyEvent { action=ACTION_UP, keyCode=KEYCODE_DPAD_UP, scanCode=0, metaState=0, flags=0x400, repeatCount=0, eventTime=186379, downTime=186379, deviceId=-1, source=0x101 }
D/InputEventConsistencyVerifier( 1008):   2: sent at 186379000000, KeyEvent { action=ACTION_DOWN, keyCode=KEYCODE_DPAD_UP, scanCode=0, metaState=0, flags=0x400, repeatCount=0, eventTime=186379, downTime=186379, deviceId=-1, source=0x101 }
D/InputEventConsistencyVerifier( 1008):   3: sent at 186378000000, KeyEvent { action=ACTION_UP, keyCode=KEYCODE_DPAD_UP, scanCode=0, metaState=0, flags=0x400, repeatCount=0, eventTime=186378, downTime=186378, deviceId=-1, source=0x101 }
D/InputEventConsistencyVerifier( 1008):   4: sent at 186378000000, KeyEvent { action=ACTION_DOWN, keyCode=KEYCODE_DPAD_UP, scanCode=0, metaState=0, flags=0x400, repeatCount=0, eventTime=186378, downTime=186378, deviceId=-1, source=0x101 }
D/InputEventConsistencyVerifier( 1008):   5: sent at 186376000000, KeyEvent { action=ACTION_UP, keyCode=KEYCODE_DPAD_UP, scanCode=0, metaState=0, flags=0x400, repeatCount=0, eventTime=186376, downTime=186376, deviceId=-1, source=0x101 }
E/WVMExtractor(   61): Failed to open libwvm.so
I/Choreographer( 1008): Skipped 31 frames!  The application may be doing too much work on its main thread.
D/InputEventConsistencyVerifier(  419): KeyEvent: ACTION_UP but key was not down.
D/InputEventConsistencyVerifier(  419):   in com.android.systemui.statusbar.phone.StatusBarWindowView@b3db1348
D/InputEventConsistencyVerifier(  419):   0: sent at 195142000000, KeyEvent { action=ACTION_UP, keyCode=KEYCODE_DPAD_DOWN, scanCode=0, metaState=0, flags=0x8, repeatCount=0, eventTime=195142, downTime=195142, deviceId=-1, source=0x101 }
D/InputEventConsistencyVerifier(  419):   -- recent events --
D/InputEventConsistencyVerifier(  419):   1: sent at 195089000000, MotionEvent { action=ACTION_UP, id[0]=0, x[0]=86.0, y[0]=5.0, toolType[0]=TOOL_TYPE_UNKNOWN, buttonState=0, metaState=0, flags=0x0, edgeFlags=0x0, pointerCount=1, historySize=0, eventTime=195089, downTime=195082, deviceId=0, source=0x1002 }
D/InputEventConsistencyVerifier(  419):   2: sent at 195083000000, MotionEvent { action=ACTION_DOWN, id[0]=0, x[0]=78.0, y[0]=13.0, toolType[0]=TOOL_TYPE_UNKNOWN, buttonState=0, metaState=0, flags=0x0, edgeFlags=0x0, pointerCount=1, historySize=0, eventTime=195083, downTime=195082, deviceId=0, source=0x1002 }
D/InputEventConsistencyVerifier(  419):   3: sent at 142054000000, (unhandled) KeyEvent { action=ACTION_UP, keyCode=KEYCODE_DPAD_DOWN, scanCode=0, metaState=0, flags=0x28, repeatCount=0, eventTime=142054, downTime=141642, deviceId=-1, source=0x101 }
D/InputEventConsistencyVerifier(  419):   4: sent at 141642000000, (unhandled) KeyEvent { action=ACTION_DOWN, keyCode=KEYCODE_DPAD_DOWN, scanCode=0, metaState=0, flags=0x8, repeatCount=0, eventTime=141642, downTime=141642, deviceId=-1, source=0x101 }
D/InputEventConsistencyVerifier(  419):   5: sent at 141597000000, (unhandled) KeyEvent { action=ACTION_UP, keyCode=KEYCODE_VOLUME_DOWN, scanCode=0, metaState=0, flags=0x8, repeatCount=0, eventTime=141597, downTime=141597, deviceId=-1, source=0x101 }
D/InputEventConsistencyVerifier(  419): KeyEvent: ACTION_UP but key was not down.
D/InputEventConsistencyVerifier(  419):   in android.widget.FrameLayout@b3db00d0
D/InputEventConsistencyVerifier(  419):   0: sent at 195302000000, KeyEvent { action=ACTION_UP, keyCode=KEYCODE_DPAD_DOWN, scanCode=0, metaState=0, flags=0x8, repeatCount=0, eventTime=195302, downTime=195302, deviceId=-1, source=0x101 }
D/InputEventConsistencyVerifier(  419):   -- recent events --
D/InputEventConsistencyVerifier(  419):   1: sent at 142054000000, (unhandled) KeyEvent { action=ACTION_UP, keyCode=KEYCODE_DPAD_DOWN, scanCode=0, metaState=0, flags=0x80000028, repeatCount=0, eventTime=142054, downTime=141642, deviceId=-1, source=0x101 }
D/InputEventConsistencyVerifier(  419):   2: sent at 141382000000, (unhandled) KeyEvent { action=ACTION_UP, keyCode=KEYCODE_DPAD_RIGHT, scanCode=0, metaState=0, flags=0x8, repeatCount=0, eventTime=141382, downTime=141382, deviceId=-1, source=0x101 }
D/InputEventConsistencyVerifier(  419):   3: sent at 141377000000, (unhandled) KeyEvent { action=ACTION_DOWN, keyCode=KEYCODE_DPAD_RIGHT, scanCode=0, metaState=0, flags=0x8, repeatCount=0, eventTime=141377, downTime=141377, deviceId=-1, source=0x101 }
D/InputEventConsistencyVerifier(  419):   4: sent at 141270000000, (unhandled) KeyEvent { action=ACTION_UP, keyCode=KEYCODE_DPAD_DOWN, scanCode=0, metaState=0, flags=0x80000008, repeatCount=0, eventTime=141270, downTime=141270, deviceId=-1, source=0x101 }
D/InputEventConsistencyVerifier(  419):   5: sent at 138535000000, MotionEvent { action=ACTION_UP, id[0]=0, x[0]=70.88078, y[0]=705.50714, toolType[0]=TOOL_TYPE_UNKNOWN, buttonState=0, metaState=0, flags=0x0, edgeFlags=0x0, pointerCount=1, historySize=0, eventTime=138535, downTime=138526, deviceId=0, source=0x1002 }
W/dalvikvm(  419): DroidBox: { "FdAccess": { "path": "2f70726f632f6d656d696e666f", "id": "1789814525" } }
W/DroidBox(  419): DroidBox: { "FileRW": { "operation": "read", "data": "4d656d546f74616c3a202020202020202020373438393634206b420a4d656d467265653a20202020202020202020343535353936206b420a427566666572733a20202020202020202020202035343736206b420a4361636865643a202020202020202020", "id": "1789814525" } }
I/Choreographer(  419): Skipped 61 frames!  The application may be doing too much work on its main thread.
D/InputEventConsistencyVerifier( 1008): KeyEvent: ACTION_UP but key was not down.
D/InputEventConsistencyVerifier( 1008):   in com.android.internal.policy.impl.PhoneWindow$DecorView@b3d778c8
D/InputEventConsistencyVerifier( 1008):   0: sent at 194937000000, KeyEvent { action=ACTION_UP, keyCode=KEYCODE_DPAD_DOWN, scanCode=0, metaState=0, flags=0x400, repeatCount=0, eventTime=194937, downTime=194937, deviceId=-1, source=0x101 }
D/InputEventConsistencyVerifier( 1008):   -- recent events --
D/InputEventConsistencyVerifier( 1008):   1: sent at 194865000000, (unhandled) MotionEvent { action=ACTION_MOVE, id[0]=0, x[0]=1.0, y[0]=2.0, toolType[0]=TOOL_TYPE_UNKNOWN, buttonState=0, metaState=0, flags=0x0, edgeFlags=0x0, pointerCount=1, historySize=9, eventTime=194865, downTime=-1, deviceId=0, source=0x10004 }
D/InputEventConsistencyVerifier( 1008):   2: sent at 194899500000, MotionEvent { action=ACTION_MOVE, id[0]=0, x[0]=317.0, y[0]=574.0, toolType[0]=TOOL_TYPE_UNKNOWN, buttonState=0, metaState=0, flags=0x0, edgeFlags=0x0, pointerCount=1, historySize=4, eventTime=194899, downTime=194871, deviceId=0, source=0x1002 }
D/InputEventConsistencyVerifier( 1008):   3: sent at 194874000000, MotionEvent { action=ACTION_DOWN, id[0]=0, x[0]=319.0, y[0]=616.0, toolType[0]=TOOL_TYPE_UNKNOWN, buttonState=0, metaState=0, flags=0x0, edgeFlags=0x0, pointerCount=1, historySize=0, eventTime=194874, downTime=194871, deviceId=0, source=0x1002 }
D/InputEventConsistencyVerifier( 1008):   4: sent at 194812000000, MotionEvent { action=ACTION_UP, id[0]=0, x[0]=289.0, y[0]=430.0, toolType[0]=TOOL_TYPE_UNKNOWN, buttonState=0, metaState=0, flags=0x0, edgeFlags=0x0, pointerCount=1, historySize=0, eventTime=194812, downTime=194798, deviceId=0, source=0x1002 }
D/InputEventConsistencyVerifier( 1008):   5: sent at 194807000000, MotionEvent { action=ACTION_MOVE, id[0]=0, x[0]=296.0, y[0]=419.0, toolType[0]=TOOL_TYPE_UNKNOWN, buttonState=0, metaState=0, flags=0x0, edgeFlags=0x0, pointerCount=1, historySize=0, eventTime=194807, downTime=194798, deviceId=0, source=0x1002 }
W/dalvikvm(  419): DroidBox: { "FdAccess": { "path": "2f70726f632f6d656d696e666f", "id": "372963173" } }
W/DroidBox(  419): DroidBox: { "FileRW": { "operation": "read", "data": "4d656d546f74616c3a202020202020202020373438393634206b420a4d656d467265653a20202020202020202020343535353936206b420a427566666572733a20202020202020202020202035343736206b420a4361636865643a202020202020202020", "id": "372963173" } }
D/InputEventConsistencyVerifier(  419): TouchEvent: ACTION_DOWN but pointers are already down.  Probably missing ACTION_UP from previous gesture.
D/InputEventConsistencyVerifier(  419):   in android.view.ScaleGestureDetector@b3e51b78
D/InputEventConsistencyVerifier(  419):   0: sent at 195465000000, MotionEvent { action=ACTION_DOWN, id[0]=0, x[0]=1.0, y[0]=186.0, toolType[0]=TOOL_TYPE_UNKNOWN, buttonState=0, metaState=0, flags=0x0, edgeFlags=0x0, pointerCount=1, historySize=0, eventTime=195465, downTime=195463, deviceId=0, source=0x1002 }
D/InputEventConsistencyVerifier(  419):   -- recent events --
D/InputEventConsistencyVerifier(  419):   1: sent at 195451000000, MotionEvent { action=ACTION_DOWN, id[0]=0, x[0]=9.0, y[0]=725.0, toolType[0]=TOOL_TYPE_UNKNOWN, buttonState=0, metaState=0, flags=0x0, edgeFlags=0x0, pointerCount=1, historySize=0, eventTime=195451, downTime=195450, deviceId=0, source=0x1002 }
D/InputEventConsistencyVerifier(  419):   2: sent at 195089000000, MotionEvent { action=ACTION_UP, id[0]=0, x[0]=86.0, y[0]=5.0, toolType[0]=TOOL_TYPE_UNKNOWN, buttonState=0, metaState=0, flags=0x0, edgeFlags=0x0, pointerCount=1, historySize=0, eventTime=195089, downTime=195082, deviceId=0, source=0x1002 }
D/InputEventConsistencyVerifier(  419):   3: sent at 195083000000, MotionEvent { action=ACTION_DOWN, id[0]=0, x[0]=78.0, y[0]=13.0, toolType[0]=TOOL_TYPE_UNKNOWN, buttonState=0, metaState=0, flags=0x0, edgeFlags=0x0, pointerCount=1, historySize=0, eventTime=195083, downTime=195082, deviceId=0, source=0x1002 }
D/InputEventConsistencyVerifier(  419):   4: sent at 140887000000, MotionEvent { action=ACTION_UP, id[0]=0, x[0]=376.0, y[0]=48.0, toolType[0]=TOOL_TYPE_UNKNOWN, buttonState=0, metaState=0, flags=0x0, edgeFlags=0x0, pointerCount=1, historySize=0, eventTime=140887, downTime=140811, deviceId=0, source=0x1002 }
D/InputEventConsistencyVerifier(  419):   5: sent at 140885000000, MotionEvent { action=ACTION_POINTER_UP(1), id[0]=0, x[0]=358.0, y[0]=39.0, toolType[0]=TOOL_TYPE_UNKNOWN, id[1]=1, x[1]=456.0, y[1]=43.0, toolType[1]=TOOL_TYPE_UNKNOWN, buttonState=0, metaState=0, flags=0x0, edgeFlags=0x0, pointerCount=2, historySize=0, eventTime=140885, downTime=140811, deviceId=0, source=0x1002 }
I/Choreographer( 1008): Skipped 56 frames!  The application may be doing too much work on its main thread.
V/PhoneStatusBar(  419): setLightsOn(true)
I/Choreographer(  419): Skipped 87 frames!  The application may be doing too much work on its main thread.
D/PhoneStatusBar(  419): disable: < expand icons alerts TICKER* system_info back home recent clock >
I/Choreographer( 1008): Skipped 41 frames!  The application may be doing too much work on its main thread.
V/PhoneStatusBar(  419): setLightsOn(true)
D/PhoneStatusBar(  419): disable: < expand icons alerts ticker* system_info back home recent clock >
W/InputMethodManagerService(  223): Window already focused, ignoring focus gain of: com.android.internal.view.IInputMethodClient$Stub$Proxy@b3e879c0 attribute=android.view.inputmethod.EditorInfo@b3e879d8
I/Choreographer( 1008): Skipped 45 frames!  The application may be doing too much work on its main thread.
E/WVMExtractor(   61): Failed to open libwvm.so
I/Choreographer(  223): Skipped 34 frames!  The application may be doing too much work on its main thread.
I/Choreographer(  223): Skipped 34 frames!  The application may be doing too much work on its main thread.
I/Choreographer( 1008): Skipped 75 frames!  The application may be doing too much work on its main thread.
I/Choreographer( 1008): Skipped 43 frames!  The application may be doing too much work on its main thread.
E/WVMExtractor(   61): Failed to open libwvm.so
I/Choreographer( 1008): Skipped 47 frames!  The application may be doing too much work on its main thread.
E/WVMExtractor(   61): Failed to open libwvm.so
I/Choreographer( 1008): Skipped 32 frames!  The application may be doing too much work on its main thread.
E/WVMExtractor(   61): Failed to open libwvm.so
E/WVMExtractor(   61): Failed to open libwvm.so
E/WVMExtractor(   61): Failed to open libwvm.so
I/Choreographer( 1008): Skipped 53 frames!  The application may be doing too much work on its main thread.
E/WVMExtractor(   61): Failed to open libwvm.so
I/Choreographer( 1008): Skipped 31 frames!  The application may be doing too much work on its main thread.
E/WVMExtractor(   61): Failed to open libwvm.so
E/WVMExtractor(   61): Failed to open libwvm.so
I/Choreographer( 1008): Skipped 32 frames!  The application may be doing too much work on its main thread.
E/WVMExtractor(   61): Failed to open libwvm.so
I/Choreographer( 1008): Skipped 32 frames!  The application may be doing too much work on its main thread.
I/InputDispatcher(  223): Window 'Window{b3ee9888 com.convertoman.proin/com.convertoman.proin.ProinActivity paused=false}' spent 2016.6ms processing the last input event: MotionEvent(action=2, deviceId=0, source=0x00010004)
I/InputDispatcher(  223): Window 'Window{b3ee9888 com.convertoman.proin/com.convertoman.proin.ProinActivity paused=false}' spent 2030.1ms processing the last input event: MotionEvent(action=2, deviceId=0, source=0x00010004)
I/InputDispatcher(  223): Window 'Window{b3ee9888 com.convertoman.proin/com.convertoman.proin.ProinActivity paused=false}' spent 2029.4ms processing the last input event: MotionEvent(action=2, deviceId=0, source=0x00010004)
I/InputDispatcher(  223): Window 'Window{b3ee9888 com.convertoman.proin/com.convertoman.proin.ProinActivity paused=false}' spent 2041.1ms processing the last input event: MotionEvent(action=2, deviceId=0, source=0x00010004)
I/InputDispatcher(  223): Window 'Window{b3ee9888 com.convertoman.proin/com.convertoman.proin.ProinActivity paused=false}' spent 2040.3ms processing the last input event: MotionEvent(action=2, deviceId=0, source=0x00010004)
E/WVMExtractor(   61): Failed to open libwvm.so
I/Choreographer( 1008): Skipped 45 frames!  The application may be doing too much work on its main thread.
E/WVMExtractor(   61): Failed to open libwvm.so
I/Choreographer( 1008): Skipped 62 frames!  The application may be doing too much work on its main thread.
I/Choreographer( 1008): Skipped 31 frames!  The application may be doing too much work on its main thread.
E/WVMExtractor(   61): Failed to open libwvm.so
I/Choreographer( 1008): Skipped 120 frames!  The application may be doing too much work on its main thread.
E/WVMExtractor(   61): Failed to open libwvm.so
E/WVMExtractor(   61): Failed to open libwvm.so
I/Choreographer( 1008): Skipped 37 frames!  The application may be doing too much work on its main thread.
E/WVMExtractor(   61): Failed to open libwvm.so
I/Choreographer( 1008): Skipped 30 frames!  The application may be doing too much work on its main thread.
E/WVMExtractor(   61): Failed to open libwvm.so
E/WVMExtractor(   61): Failed to open libwvm.so
I/Choreographer( 1008): Skipped 32 frames!  The application may be doing too much work on its main thread.
E/WVMExtractor(   61): Failed to open libwvm.so
E/WVMExtractor(   61): Failed to open libwvm.so
I/Choreographer( 1008): Skipped 53 frames!  The application may be doing too much work on its main thread.
W/InputMethodManagerService(  223): Window already focused, ignoring focus gain of: com.android.internal.view.IInputMethodClient$Stub$Proxy@b42c4da0 attribute=android.view.inputmethod.EditorInfo@b42c4db8
D/InputEventConsistencyVerifier( 1008): KeyEvent: ACTION_UP but key was not down.
D/InputEventConsistencyVerifier( 1008):   in com.android.internal.policy.impl.PhoneWindow$DecorView@b3d778c8
D/InputEventConsistencyVerifier( 1008):   0: sent at 202480000000, KeyEvent { action=ACTION_UP, keyCode=KEYCODE_DPAD_CENTER, scanCode=0, metaState=0, flags=0x8, repeatCount=0, eventTime=202480, downTime=202480, deviceId=-1, source=0x101 }
D/InputEventConsistencyVerifier( 1008):   -- recent events --
D/InputEventConsistencyVerifier( 1008):   1: sent at 202407000000, MotionEvent { action=ACTION_UP, id[0]=0, x[0]=427.0, y[0]=270.0, toolType[0]=TOOL_TYPE_UNKNOWN, buttonState=0, metaState=0, flags=0x0, edgeFlags=0x0, pointerCount=1, historySize=0, eventTime=202407, downTime=202320, deviceId=0, source=0x1002 }
D/InputEventConsistencyVerifier( 1008):   2: sent at 202401000000, MotionEvent { action=ACTION_DOWN, id[0]=0, x[0]=423.0, y[0]=272.0, toolType[0]=TOOL_TYPE_UNKNOWN, buttonState=0, metaState=0, flags=0x0, edgeFlags=0x0, pointerCount=1, historySize=0, eventTime=202401, downTime=202320, deviceId=0, source=0x1002 }
D/InputEventConsistencyVerifier( 1008):   3: sent at 200259000000, (unhandled) KeyEvent { action=ACTION_UP, keyCode=KEYCODE_MENU, scanCode=0, metaState=0, flags=0x8, repeatCount=0, eventTime=200259, downTime=200259, deviceId=-1, source=0x101 }
D/InputEventConsistencyVerifier( 1008):   4: sent at 199645000000, (unhandled) KeyEvent { action=ACTION_DOWN, keyCode=KEYCODE_MENU, scanCode=0, metaState=0, flags=0x8, repeatCount=0, eventTime=199645, downTime=199645, deviceId=-1, source=0x101 }
D/InputEventConsistencyVerifier( 1008):   5: sent at 200111000000, (unhandled) KeyEvent { action=ACTION_UP, keyCode=KEYCODE_DPAD_UP, scanCode=0, metaState=0, flags=0x400, repeatCount=0, eventTime=200111, downTime=200111, deviceId=-1, source=0x101 }
D/InputEventConsistencyVerifier(  419): TouchEvent: ACTION_DOWN but pointers are already down.  Probably missing ACTION_UP from previous gesture.
D/InputEventConsistencyVerifier(  419):   in android.view.ScaleGestureDetector@b3e51b78
D/InputEventConsistencyVerifier(  419):   0: sent at 202812000000, MotionEvent { action=ACTION_DOWN, id[0]=0, x[0]=437.0, y[0]=19.0, toolType[0]=TOOL_TYPE_UNKNOWN, buttonState=0, metaState=0, flags=0x0, edgeFlags=0x0, pointerCount=1, historySize=0, eventTime=202812, downTime=202812, deviceId=0, source=0x1002 }
D/InputEventConsistencyVerifier(  419):   -- recent events --
D/InputEventConsistencyVerifier(  419):   1: sent at 195465000000, MotionEvent { action=ACTION_DOWN, id[0]=0, x[0]=1.0, y[0]=186.0, toolType[0]=TOOL_TYPE_UNKNOWN, buttonState=0, metaState=0, flags=0x80000000, edgeFlags=0x0, pointerCount=1, historySize=0, eventTime=195465, downTime=195463, deviceId=0, source=0x1002 }
D/InputEventConsistencyVerifier(  419):   2: sent at 195451000000, MotionEvent { action=ACTION_DOWN, id[0]=0, x[0]=9.0, y[0]=725.0, toolType[0]=TOOL_TYPE_UNKNOWN, buttonState=0, metaState=0, flags=0x0, edgeFlags=0x0, pointerCount=1, historySize=0, eventTime=195451, downTime=195450, deviceId=0, source=0x1002 }
D/InputEventConsistencyVerifier(  419):   3: sent at 195089000000, MotionEvent { action=ACTION_UP, id[0]=0, x[0]=86.0, y[0]=5.0, toolType[0]=TOOL_TYPE_UNKNOWN, buttonState=0, metaState=0, flags=0x0, edgeFlags=0x0, pointerCount=1, historySize=0, eventTime=195089, downTime=195082, deviceId=0, source=0x1002 }
D/InputEventConsistencyVerifier(  419):   4: sent at 195083000000, MotionEvent { action=ACTION_DOWN, id[0]=0, x[0]=78.0, y[0]=13.0, toolType[0]=TOOL_TYPE_UNKNOWN, buttonState=0, metaState=0, flags=0x0, edgeFlags=0x0, pointerCount=1, historySize=0, eventTime=195083, downTime=195082, deviceId=0, source=0x1002 }
D/InputEventConsistencyVerifier(  419):   5: sent at 140887000000, MotionEvent { action=ACTION_UP, id[0]=0, x[0]=376.0, y[0]=48.0, toolType[0]=TOOL_TYPE_UNKNOWN, buttonState=0, metaState=0, flags=0x0, edgeFlags=0x0, pointerCount=1, historySize=0, eventTime=140887, downTime=140811, deviceId=0, source=0x1002 }
I/Choreographer( 1008): Skipped 39 frames!  The application may be doing too much work on its main thread.
D/InputEventConsistencyVerifier(  419): KeyEvent: ACTION_UP but key was not down.
D/InputEventConsistencyVerifier(  419):   in android.view.ViewRootImpl@b3e42e98
D/InputEventConsistencyVerifier(  419):   0: sent at 202900000000, KeyEvent { action=ACTION_UP, keyCode=KEYCODE_DPAD_LEFT, scanCode=0, metaState=0, flags=0x8, repeatCount=0, eventTime=202900, downTime=202900, deviceId=-1, source=0x101 }
D/InputEventConsistencyVerifier(  419):   -- recent events --
D/InputEventConsistencyVerifier(  419):   1: sent at 202866000000, MotionEvent { action=ACTION_UP, id[0]=0, x[0]=436.0, y[0]=19.0, toolType[0]=TOOL_TYPE_UNKNOWN, buttonState=0, metaState=0, flags=0x0, edgeFlags=0x0, pointerCount=1, historySize=0, eventTime=202866, downTime=202812, deviceId=0, source=0x1002 }
D/InputEventConsistencyVerifier(  419):   2: sent at 202812000000, MotionEvent { action=ACTION_DOWN, id[0]=0, x[0]=437.0, y[0]=19.0, toolType[0]=TOOL_TYPE_UNKNOWN, buttonState=0, metaState=0, flags=0x0, edgeFlags=0x0, pointerCount=1, historySize=0, eventTime=202812, downTime=202812, deviceId=0, source=0x1002 }
D/InputEventConsistencyVerifier(  419):   3: sent at 195687000000, KeyEvent { action=ACTION_UP, keyCode=KEYCODE_AVR_POWER, scanCode=0, metaState=0, flags=0x8, repeatCount=0, eventTime=195687, downTime=195687, deviceId=-1, source=0x101 }
D/InputEventConsistencyVerifier(  419):   4: sent at 195505000000, KeyEvent { action=ACTION_DOWN, keyCode=KEYCODE_AVR_POWER, scanCode=0, metaState=0, flags=0x8, repeatCount=0, eventTime=195505, downTime=195505, deviceId=-1, source=0x101 }
D/InputEventConsistencyVerifier(  419):   5: sent at 195486000000, MotionEvent { action=ACTION_UP, id[0]=0, x[0]=0.0, y[0]=231.0, toolType[0]=TOOL_TYPE_UNKNOWN, buttonState=0, metaState=0, flags=0x0, edgeFlags=0x0, pointerCount=1, historySize=0, eventTime=195486, downTime=195463, deviceId=0, source=0x1002 }
W/dalvikvm(  419): DroidBox: { "FdAccess": { "path": "2f70726f632f6d656d696e666f", "id": "916996247" } }
W/DroidBox(  419): DroidBox: { "FileRW": { "operation": "read", "data": "4d656d546f74616c3a202020202020202020373438393634206b420a4d656d467265653a20202020202020202020343536333430206b420a427566666572733a20202020202020202020202035343834206b420a4361636865643a202020202020202020", "id": "916996247" } }
I/Choreographer(  419): Skipped 56 frames!  The application may be doing too much work on its main thread.
I/Choreographer( 1008): Skipped 70 frames!  The application may be doing too much work on its main thread.
D/InputEventConsistencyVerifier(  419): TouchEvent: ACTION_DOWN but pointers are already down.  Probably missing ACTION_UP from previous gesture.
D/InputEventConsistencyVerifier(  419):   in android.view.ScaleGestureDetector@b3e51b78
D/InputEventConsistencyVerifier(  419):   0: sent at 203224000000, MotionEvent { action=ACTION_DOWN, id[0]=0, x[0]=442.0, y[0]=618.0, toolType[0]=TOOL_TYPE_UNKNOWN, buttonState=0, metaState=0, flags=0x0, edgeFlags=0x0, pointerCount=1, historySize=0, eventTime=203224, downTime=203224, deviceId=0, source=0x1002 }
D/InputEventConsistencyVerifier(  419):   -- recent events --
D/InputEventConsistencyVerifier(  419):   1: sent at 203189000000, MotionEvent { action=ACTION_DOWN, id[0]=0, x[0]=402.0, y[0]=181.0, toolType[0]=TOOL_TYPE_UNKNOWN, buttonState=0, metaState=0, flags=0x0, edgeFlags=0x0, pointerCount=1, historySize=0, eventTime=203189, downTime=203188, deviceId=0, source=0x1002 }
D/InputEventConsistencyVerifier(  419):   2: sent at 202866000000, MotionEvent { action=ACTION_UP, id[0]=0, x[0]=436.0, y[0]=19.0, toolType[0]=TOOL_TYPE_UNKNOWN, buttonState=0, metaState=0, flags=0x0, edgeFlags=0x0, pointerCount=1, historySize=0, eventTime=202866, downTime=202812, deviceId=0, source=0x1002 }
D/InputEventConsistencyVerifier(  419):   3: sent at 202812000000, MotionEvent { action=ACTION_DOWN, id[0]=0, x[0]=437.0, y[0]=19.0, toolType[0]=TOOL_TYPE_UNKNOWN, buttonState=0, metaState=0, flags=0x80000000, edgeFlags=0x0, pointerCount=1, historySize=0, eventTime=202812, downTime=202812, deviceId=0, source=0x1002 }
D/InputEventConsistencyVerifier(  419):   4: sent at 195465000000, MotionEvent { action=ACTION_DOWN, id[0]=0, x[0]=1.0, y[0]=186.0, toolType[0]=TOOL_TYPE_UNKNOWN, buttonState=0, metaState=0, flags=0x80000000, edgeFlags=0x0, pointerCount=1, historySize=0, eventTime=195465, downTime=195463, deviceId=0, source=0x1002 }
