I/InputDispatcher(  223): Window 'Window{b41edd90 AtchDlg:com.convertoman.proin/com.convertoman.proin.ProinActivity paused=false}' spent 2107.1ms processing the last input event: MotionEvent(action=0, deviceId=0, source=0x00001002)
I/InputDispatcher(  223): Window 'Window{b41edd90 AtchDlg:com.convertoman.proin/com.convertoman.proin.ProinActivity paused=false}' spent 2099.9ms processing the last input event: MotionEvent(action=1, deviceId=0, source=0x00001002)
E/WVMExtractor(   61): Failed to open libwvm.so
D/InputEventConsistencyVerifier( 1008): KeyEvent: ACTION_UP but key was not down.
D/InputEventConsistencyVerifier( 1008):   in com.android.internal.policy.impl.PhoneWindow$DecorView@b3db2730
D/InputEventConsistencyVerifier( 1008):   0: sent at 124167000000, KeyEvent { action=ACTION_UP, keyCode=KEYCODE_DPAD_CENTER, scanCode=0, metaState=0, flags=0x8, repeatCount=0, eventTime=124167, downTime=124167, deviceId=-1, source=0x101 }
D/InputEventConsistencyVerifier( 1008):   -- recent events --
D/InputEventConsistencyVerifier( 1008):   1: sent at 122053000000, (unhandled) MotionEvent { action=ACTION_UP, id[0]=0, x[0]=139.0, y[0]=-524.0, toolType[0]=TOOL_TYPE_UNKNOWN, buttonState=0, metaState=0, flags=0x0, edgeFlags=0x0, pointerCount=1, historySize=0, eventTime=122053, downTime=122048, deviceId=0, source=0x1002 }
D/InputEventConsistencyVerifier( 1008):   2: sent at 122048000000, MotionEvent { action=ACTION_DOWN, id[0]=0, x[0]=133.0, y[0]=-514.0, toolType[0]=TOOL_TYPE_UNKNOWN, buttonState=0, metaState=0, flags=0x0, edgeFlags=0x0, pointerCount=1, historySize=0, eventTime=122048, downTime=122048, deviceId=0, source=0x1002 }
D/InputEventConsistencyVerifier( 1008):   3: sent at 122017000000, MotionEvent { action=ACTION_UP, id[0]=0, x[0]=336.0, y[0]=38.0, toolType[0]=TOOL_TYPE_UNKNOWN, buttonState=0, metaState=0, flags=0x0, edgeFlags=0x0, pointerCount=1, historySize=0, eventTime=122017, downTime=122006, deviceId=0, source=0x1002 }
D/InputEventConsistencyVerifier( 1008):   4: sent at 122007000000, MotionEvent { action=ACTION_DOWN, id[0]=0, x[0]=329.0, y[0]=46.0, toolType[0]=TOOL_TYPE_UNKNOWN, buttonState=0, metaState=0, flags=0x0, edgeFlags=0x0, pointerCount=1, historySize=0, eventTime=122007, downTime=122006, deviceId=0, source=0x1002 }
D/InputEventConsistencyVerifier( 1008):   5: sent at 121802000000, (unhandled) MotionEvent { action=ACTION_POINTER_UP(1), id[0]=0, x[0]=89.0, y[0]=-239.0, toolType[0]=TOOL_TYPE_UNKNOWN, id[1]=1, x[1]=103.0, y[1]=-482.0, toolType[1]=TOOL_TYPE_UNKNOWN, buttonState=0, metaState=0, flags=0x0, edgeFlags=0x0, pointerCount=2, historySize=0, eventTime=121802, downTime=121767, deviceId=0, source=0x1002 }
I/ContactsDatabaseHelper(  556): Locale change completed in 5102ms
I/ContactsProvider(  556): Upgrading aggregation algorithm
I/ContactAggregator(  556): Marked all visible contacts for aggregation: 0 raw contacts, 4 ms
W/dalvikvm(  556): DroidBox: { "FdAccess": { "path": "2f646174612f646174612f636f6d2e616e64726f69642e70726f7669646572732e636f6e74616374732f7368617265645f70726566732f636f6d2e616e64726f69642e70726f7669646572732e636f6e74616374735f707265666572656e6365732e786d6c", "id": "508146837" } }
W/DroidBox(  556): DroidBox: { "FileRW": { "operation": "write", "data": "3c3f786d6c2076657273696f6e3d27312e302720656e636f64696e673d277574662d3827207374616e64616c6f6e653d2779657327203f3e0a3c6d61703e0a3c737472696e67206e616d653d226c6f63616c65223e656e5f55533c2f737472696e673e0a", "id": "508146837" } }
I/ContactsProvider(  556): Aggregation algorithm upgraded for 0 raw contacts in 252ms
I/InputDispatcher(  223): Window 'Window{b41edd90 AtchDlg:com.convertoman.proin/com.convertoman.proin.ProinActivity paused=false}' spent 2063.3ms processing the last input event: MotionEvent(action=2, deviceId=0, source=0x00001002)
I/InputDispatcher(  223): Window 'Window{b41edd90 AtchDlg:com.convertoman.proin/com.convertoman.proin.ProinActivity paused=false}' spent 2071.2ms processing the last input event: MotionEvent(action=2, deviceId=0, source=0x00001002)
I/InputDispatcher(  223): Window 'Window{b41edd90 AtchDlg:com.convertoman.proin/com.convertoman.proin.ProinActivity paused=false}' spent 2060.3ms processing the last input event: MotionEvent(action=2, deviceId=0, source=0x00001002)
I/InputDispatcher(  223): Window 'Window{b41edd90 AtchDlg:com.convertoman.proin/com.convertoman.proin.ProinActivity paused=false}' spent 2057.4ms processing the last input event: MotionEvent(action=2, deviceId=0, source=0x00001002)
I/InputDispatcher(  223): Window 'Window{b41edd90 AtchDlg:com.convertoman.proin/com.convertoman.proin.ProinActivity paused=false}' spent 2055.0ms processing the last input event: MotionEvent(action=2, deviceId=0, source=0x00001002)
I/InputDispatcher(  223): Window 'Window{b41edd90 AtchDlg:com.convertoman.proin/com.convertoman.proin.ProinActivity paused=false}' spent 2041.2ms processing the last input event: MotionEvent(action=1, deviceId=0, source=0x00001002)
I/InputDispatcher(  223): Window 'Window{b41edd90 AtchDlg:com.convertoman.proin/com.convertoman.proin.ProinActivity paused=false}' spent 2033.6ms processing the last input event: MotionEvent(action=0, deviceId=0, source=0x00001002)
I/InputDispatcher(  223): Window 'Window{b41edd90 AtchDlg:com.convertoman.proin/com.convertoman.proin.ProinActivity paused=false}' spent 2045.1ms processing the last input event: MotionEvent(action=1, deviceId=0, source=0x00001002)
I/InputDispatcher(  223): Window 'Window{b41edd90 AtchDlg:com.convertoman.proin/com.convertoman.proin.ProinActivity paused=false}' spent 2032.4ms processing the last input event: MotionEvent(action=0, deviceId=0, source=0x00001002)
I/InputDispatcher(  223): Window 'Window{b41edd90 AtchDlg:com.convertoman.proin/com.convertoman.proin.ProinActivity paused=false}' spent 2009.1ms processing the last input event: MotionEvent(action=1, deviceId=0, source=0x00001002)
I/ContactsFTS(  556): Rebuild contact search index in 458ms, 0 contacts
I/Choreographer( 1008): Skipped 1211 frames!  The application may be doing too much work on its main thread.
E/WVMExtractor(   61): Failed to open libwvm.so
D/InputEventConsistencyVerifier( 1008): KeyEvent: ACTION_UP but key was not down.
D/InputEventConsistencyVerifier( 1008):   in com.android.internal.policy.impl.PhoneWindow$DecorView@b3db2730
D/InputEventConsistencyVerifier( 1008):   0: sent at 126440000000, KeyEvent { action=ACTION_UP, keyCode=KEYCODE_DPAD_UP, scanCode=0, metaState=0, flags=0x8, repeatCount=0, eventTime=126440, downTime=126440, deviceId=-1, source=0x101 }
D/InputEventConsistencyVerifier( 1008):   -- recent events --
D/InputEventConsistencyVerifier( 1008):   1: sent at 126405000000, (unhandled) KeyEvent { action=ACTION_UP, keyCode=KEYCODE_BREAK, scanCode=0, metaState=0, flags=0x8, repeatCount=0, eventTime=126405, downTime=126405, deviceId=-1, source=0x101 }
D/InputEventConsistencyVerifier( 1008):   2: sent at 124395000000, (unhandled) KeyEvent { action=ACTION_DOWN, keyCode=KEYCODE_BREAK, scanCode=0, metaState=0, flags=0x8, repeatCount=0, eventTime=124395, downTime=124395, deviceId=-1, source=0x101 }
D/InputEventConsistencyVerifier( 1008):   3: sent at 124367000000, (unhandled) MotionEvent { action=ACTION_UP, id[0]=0, x[0]=238.0, y[0]=-425.0, toolType[0]=TOOL_TYPE_UNKNOWN, buttonState=0, metaState=0, flags=0x0, edgeFlags=0x0, pointerCount=1, historySize=0, eventTime=124367, downTime=124361, deviceId=0, source=0x1002 }
D/InputEventConsistencyVerifier( 1008):   4: sent at 124361000000, MotionEvent { action=ACTION_DOWN, id[0]=0, x[0]=247.0, y[0]=-419.0, toolType[0]=TOOL_TYPE_UNKNOWN, buttonState=0, metaState=0, flags=0x0, edgeFlags=0x0, pointerCount=1, historySize=0, eventTime=124361, downTime=124361, deviceId=0, source=0x1002 }
D/InputEventConsistencyVerifier( 1008):   5: sent at 124329000000, MotionEvent { action=ACTION_UP, id[0]=0, x[0]=107.0, y[0]=97.0, toolType[0]=TOOL_TYPE_UNKNOWN, buttonState=0, metaState=0, flags=0x0, edgeFlags=0x0, pointerCount=1, historySize=0, eventTime=124329, downTime=124323, deviceId=0, source=0x1002 }
E/WVMExtractor(   61): Failed to open libwvm.so
E/WVMExtractor(   61): Failed to open libwvm.so
E/WVMExtractor(   61): Failed to open libwvm.so
I/Choreographer( 1008): Skipped 1116 frames!  The application may be doing too much work on its main thread.
I/InputDispatcher(  223): Window 'Window{b4116010 AtchDlg:com.convertoman.proin/com.convertoman.proin.ProinActivity paused=false}' spent 4302.9ms processing the last input event: MotionEvent(action=2, deviceId=0, source=0x00010004)
I/InputDispatcher(  223): Window 'Window{b4116010 AtchDlg:com.convertoman.proin/com.convertoman.proin.ProinActivity paused=false}' spent 4298.5ms processing the last input event: MotionEvent(action=2, deviceId=0, source=0x00010004)
I/InputDispatcher(  223): Window 'Window{b4116010 AtchDlg:com.convertoman.proin/com.convertoman.proin.ProinActivity paused=false}' spent 4295.5ms processing the last input event: MotionEvent(action=2, deviceId=0, source=0x00010004)
I/InputDispatcher(  223): Window 'Window{b4116010 AtchDlg:com.convertoman.proin/com.convertoman.proin.ProinActivity paused=false}' spent 4292.1ms processing the last input event: MotionEvent(action=2, deviceId=0, source=0x00010004)
I/InputDispatcher(  223): Window 'Window{b4116010 AtchDlg:com.convertoman.proin/com.convertoman.proin.ProinActivity paused=false}' spent 4239.4ms processing the last input event: MotionEvent(action=2, deviceId=0, source=0x00010004)
I/InputDispatcher(  223): Window 'Window{b4116010 AtchDlg:com.convertoman.proin/com.convertoman.proin.ProinActivity paused=false}' spent 4239.4ms processing the last input event: MotionEvent(action=2, deviceId=0, source=0x00010004)
I/InputDispatcher(  223): Window 'Window{b4116010 AtchDlg:com.convertoman.proin/com.convertoman.proin.ProinActivity paused=false}' spent 4239.9ms processing the last input event: MotionEvent(action=2, deviceId=0, source=0x00010004)
I/InputDispatcher(  223): Window 'Window{b4116010 AtchDlg:com.convertoman.proin/com.convertoman.proin.ProinActivity paused=false}' spent 4234.6ms processing the last input event: MotionEvent(action=2, deviceId=0, source=0x00010004)
I/InputDispatcher(  223): Window 'Window{b4116010 AtchDlg:com.convertoman.proin/com.convertoman.proin.ProinActivity paused=false}' spent 4229.8ms processing the last input event: MotionEvent(action=2, deviceId=0, source=0x00010004)
I/InputDispatcher(  223): Window 'Window{b4116010 AtchDlg:com.convertoman.proin/com.convertoman.proin.ProinActivity paused=false}' spent 4229.0ms processing the last input event: MotionEvent(action=2, deviceId=0, source=0x00010004)
D/InputEventConsistencyVerifier( 1008): KeyEvent: ACTION_UP but key was not down.
D/InputEventConsistencyVerifier( 1008):   in android.view.ViewRootImpl@b3da2bb8
D/InputEventConsistencyVerifier( 1008):   0: sent at 132046000000, KeyEvent { action=ACTION_UP, keyCode=KEYCODE_DPAD_RIGHT, scanCode=0, metaState=0, flags=0x8, repeatCount=0, eventTime=132046, downTime=132046, deviceId=-1, source=0x101 }
D/InputEventConsistencyVerifier( 1008):   -- recent events --
D/InputEventConsistencyVerifier( 1008):   1: sent at 119896000000, MotionEvent { action=ACTION_UP, id[0]=0, x[0]=267.0, y[0]=603.0, toolType[0]=TOOL_TYPE_UNKNOWN, buttonState=0, metaState=0, flags=0x0, edgeFlags=0x0, pointerCount=1, historySize=0, eventTime=119896, downTime=119891, deviceId=0, source=0x1002 }
D/InputEventConsistencyVerifier( 1008):   2: sent at 119891000000, MotionEvent { action=ACTION_DOWN, id[0]=0, x[0]=268.0, y[0]=617.0, toolType[0]=TOOL_TYPE_UNKNOWN, buttonState=0, metaState=0, flags=0x0, edgeFlags=0x0, pointerCount=1, historySize=0, eventTime=119891, downTime=119891, deviceId=0, source=0x1002 }
D/InputEventConsistencyVerifier( 1008):   3: sent at 119833000000, MotionEvent { action=ACTION_UP, id[0]=0, x[0]=408.0, y[0]=775.0, toolType[0]=TOOL_TYPE_UNKNOWN, buttonState=0, metaState=0, flags=0x0, edgeFlags=0x0, pointerCount=1, historySize=0, eventTime=119833, downTime=119825, deviceId=0, source=0x1002 }
D/InputEventConsistencyVerifier( 1008):   4: sent at 119825000000, MotionEvent { action=ACTION_DOWN, id[0]=0, x[0]=412.0, y[0]=777.0, toolType[0]=TOOL_TYPE_UNKNOWN, buttonState=0, metaState=0, flags=0x0, edgeFlags=0x0, pointerCount=1, historySize=0, eventTime=119825, downTime=119825, deviceId=0, source=0x1002 }
D/InputEventConsistencyVerifier( 1008):   5: sent at 119793000000, MotionEvent { action=ACTION_UP, id[0]=0, x[0]=70.0, y[0]=528.0, toolType[0]=TOOL_TYPE_UNKNOWN, buttonState=0, metaState=0, flags=0x0, edgeFlags=0x0, pointerCount=1, historySize=0, eventTime=119793, downTime=119727, deviceId=0, source=0x1002 }
I/Choreographer( 1008): Skipped 121 frames!  The application may be doing too much work on its main thread.
W/InputMethodManagerService(  223): Window already focused, ignoring focus gain of: com.android.internal.view.IInputMethodClient$Stub$Proxy@b410f350 attribute=android.view.inputmethod.EditorInfo@b410f368
I/Choreographer( 1008): Skipped 33 frames!  The application may be doing too much work on its main thread.
E/WVMExtractor(   61): Failed to open libwvm.so
D/InputEventConsistencyVerifier( 1008): TrackballEvent: Trackball is down but pressure is not greater than 0.
D/InputEventConsistencyVerifier( 1008):   in android.view.ViewRootImpl@b3da2bb8
D/InputEventConsistencyVerifier( 1008):   0: sent at 132305000000, MotionEvent { action=ACTION_DOWN, id[0]=0, x[0]=0.0, y[0]=0.0, toolType[0]=TOOL_TYPE_UNKNOWN, buttonState=0, metaState=0, flags=0x0, edgeFlags=0x0, pointerCount=1, historySize=0, eventTime=132305, downTime=132132, deviceId=0, source=0x10004 }
D/InputEventConsistencyVerifier( 1008):   -- recent events --
D/InputEventConsistencyVerifier( 1008):   1: sent at 132302000000, MotionEvent { action=ACTION_MOVE, id[0]=0, x[0]=-2.0, y[0]=0.0, toolType[0]=TOOL_TYPE_UNKNOWN, buttonState=0, metaState=0, flags=0x0, edgeFlags=0x0, pointerCount=1, historySize=9, eventTime=132302, downTime=-1, deviceId=0, source=0x10004 }
D/InputEventConsistencyVerifier( 1008):   2: sent at 132126000000, MotionEvent { action=ACTION_MOVE, id[0]=0, x[0]=-4.0, y[0]=-2.0, toolType[0]=TOOL_TYPE_UNKNOWN, buttonState=0, metaState=0, flags=0x0, edgeFlags=0x0, pointerCount=1, historySize=9, eventTime=132126, downTime=-1, deviceId=0, source=0x10004 }
D/InputEventConsistencyVerifier( 1008):   3: sent at 132046000000, KeyEvent { action=ACTION_UP, keyCode=KEYCODE_DPAD_RIGHT, scanCode=0, metaState=0, flags=0x80000008, repeatCount=0, eventTime=132046, downTime=132046, deviceId=-1, source=0x101 }
D/InputEventConsistencyVerifier( 1008):   4: sent at 119896000000, MotionEvent { action=ACTION_UP, id[0]=0, x[0]=267.0, y[0]=603.0, toolType[0]=TOOL_TYPE_UNKNOWN, buttonState=0, metaState=0, flags=0x0, edgeFlags=0x0, pointerCount=1, historySize=0, eventTime=119896, downTime=119891, deviceId=0, source=0x1002 }
D/InputEventConsistencyVerifier( 1008):   5: sent at 119891000000, MotionEvent { action=ACTION_DOWN, id[0]=0, x[0]=268.0, y[0]=617.0, toolType[0]=TOOL_TYPE_UNKNOWN, buttonState=0, metaState=0, flags=0x0, edgeFlags=0x0, pointerCount=1, historySize=0, eventTime=119891, downTime=119891, deviceId=0, source=0x1002 }
D/InputEventConsistencyVerifier( 1008): KeyEvent: ACTION_UP but key was not down.
D/InputEventConsistencyVerifier( 1008):   in com.android.internal.policy.impl.PhoneWindow$DecorView@b3d778c8
D/InputEventConsistencyVerifier( 1008):   0: sent at 132345000000, KeyEvent { action=ACTION_UP, keyCode=KEYCODE_DPAD_LEFT, scanCode=0, metaState=0, flags=0x400, repeatCount=0, eventTime=132345, downTime=132345, deviceId=-1, source=0x101 }
D/InputEventConsistencyVerifier( 1008):   -- recent events --
D/InputEventConsistencyVerifier( 1008):   1: sent at 132307000000, (unhandled) MotionEvent { action=ACTION_UP, id[0]=0, x[0]=0.0, y[0]=0.0, toolType[0]=TOOL_TYPE_UNKNOWN, buttonState=0, metaState=0, flags=0x0, edgeFlags=0x0, pointerCount=1, historySize=0, eventTime=132307, downTime=132132, deviceId=0, source=0x10004 }
D/InputEventConsistencyVerifier( 1008):   2: sent at 132305000000, (unhandled) MotionEvent { action=ACTION_DOWN, id[0]=0, x[0]=0.0, y[0]=0.0, toolType[0]=TOOL_TYPE_UNKNOWN, buttonState=0, metaState=0, flags=0x80000000, edgeFlags=0x0, pointerCount=1, historySize=0, eventTime=132305, downTime=132132, deviceId=0, source=0x10004 }
D/InputEventConsistencyVerifier( 1008):   3: sent at 132302000000, (unhandled) MotionEvent { action=ACTION_MOVE, id[0]=0, x[0]=-2.0, y[0]=0.0, toolType[0]=TOOL_TYPE_UNKNOWN, buttonState=0, metaState=0, flags=0x0, edgeFlags=0x0, pointerCount=1, historySize=9, eventTime=132302, downTime=-1, deviceId=0, source=0x10004 }
D/InputEventConsistencyVerifier( 1008):   4: sent at 132126000000, (unhandled) MotionEvent { action=ACTION_MOVE, id[0]=0, x[0]=-4.0, y[0]=-2.0, toolType[0]=TOOL_TYPE_UNKNOWN, buttonState=0, metaState=0, flags=0x0, edgeFlags=0x0, pointerCount=1, historySize=9, eventTime=132126, downTime=-1, deviceId=0, source=0x10004 }
D/InputEventConsistencyVerifier( 1008):   5: sent at 132046000000, (unhandled) KeyEvent { action=ACTION_UP, keyCode=KEYCODE_DPAD_RIGHT, scanCode=0, metaState=0, flags=0x80000008, repeatCount=0, eventTime=132046, downTime=132046, deviceId=-1, source=0x101 }
E/WVMExtractor(   61): Failed to open libwvm.so
E/WVMExtractor(   61): Failed to open libwvm.so
E/WVMExtractor(   61): Failed to open libwvm.so
W/BackupManagerService(  223): dataChanged but no participant pkg='com.android.providers.settings' uid=1001
W/dalvikvm(  419): DroidBox: { "FdAccess": { "path": "2f70726f632f6d656d696e666f", "id": "731609720" } }
W/DroidBox(  419): DroidBox: { "FileRW": { "operation": "read", "data": "4d656d546f74616c3a202020202020202020373438393634206b420a4d656d467265653a20202020202020202020343638333430206b420a427566666572733a20202020202020202020202035333932206b420a4361636865643a202020202020202020", "id": "731609720" } }
W/dalvikvm(  419): DroidBox: { "FdAccess": { "path": "2f70726f632f6d656d696e666f", "id": "784103517" } }
W/DroidBox(  419): DroidBox: { "FileRW": { "operation": "read", "data": "4d656d546f74616c3a202020202020202020373438393634206b420a4d656d467265653a20202020202020202020343638333430206b420a427566666572733a20202020202020202020202035333932206b420a4361636865643a202020202020202020", "id": "784103517" } }
I/Choreographer(  419): Skipped 31 frames!  The application may be doing too much work on its main thread.
W/dalvikvm(  419): DroidBox: { "FdAccess": { "path": "2f70726f632f6d656d696e666f", "id": "1259763165" } }
W/DroidBox(  419): DroidBox: { "FileRW": { "operation": "read", "data": "4d656d546f74616c3a202020202020202020373438393634206b420a4d656d467265653a20202020202020202020343636383532206b420a427566666572733a20202020202020202020202035333932206b420a4361636865643a202020202020202020", "id": "1259763165" } }
I/Choreographer(  419): Skipped 60 frames!  The application may be doing too much work on its main thread.
D/InputEventConsistencyVerifier(  419): KeyEvent: ACTION_UP but key was not down.
D/InputEventConsistencyVerifier(  419):   in com.android.systemui.statusbar.phone.StatusBarWindowView@b3db1348
D/InputEventConsistencyVerifier(  419):   0: sent at 134051000000, KeyEvent { action=ACTION_UP, keyCode=KEYCODE_DPAD_LEFT, scanCode=0, metaState=0, flags=0x400, repeatCount=0, eventTime=134051, downTime=134051, deviceId=-1, source=0x101 }
D/InputEventConsistencyVerifier(  419):   -- recent events --
D/InputEventConsistencyVerifier(  419):   1: sent at 133878000000, (unhandled) MotionEvent { action=ACTION_MOVE, id[0]=0, x[0]=-4.0, y[0]=-2.0, toolType[0]=TOOL_TYPE_UNKNOWN, buttonState=0, metaState=0, flags=0x0, edgeFlags=0x0, pointerCount=1, historySize=2, eventTime=133878, downTime=-1, deviceId=0, source=0x10004 }
D/InputEventConsistencyVerifier(  419):   2: sent at 133895000000, MotionEvent { action=ACTION_UP, id[0]=0, x[0]=353.0, y[0]=440.0, toolType[0]=TOOL_TYPE_UNKNOWN, buttonState=0, metaState=0, flags=0x0, edgeFlags=0x0, pointerCount=1, historySize=0, eventTime=133895, downTime=133882, deviceId=0, source=0x1002 }
D/InputEventConsistencyVerifier(  419):   3: sent at 133883000000, MotionEvent { action=ACTION_DOWN, id[0]=0, x[0]=365.0, y[0]=455.0, toolType[0]=TOOL_TYPE_UNKNOWN, buttonState=0, metaState=0, flags=0x0, edgeFlags=0x0, pointerCount=1, historySize=0, eventTime=133883, downTime=133882, deviceId=0, source=0x1002 }
D/InputEventConsistencyVerifier(  419):   4: sent at 133746000000, MotionEvent { action=ACTION_UP, id[0]=0, x[0]=480.0, y[0]=74.0, toolType[0]=TOOL_TYPE_UNKNOWN, buttonState=0, metaState=0, flags=0x0, edgeFlags=0x0, pointerCount=1, historySize=0, eventTime=133746, downTime=133663, deviceId=0, source=0x1002 }
D/InputEventConsistencyVerifier(  419):   5: sent at 133744000000, MotionEvent { action=ACTION_MOVE, id[0]=0, x[0]=480.0, y[0]=67.0, toolType[0]=TOOL_TYPE_UNKNOWN, buttonState=0, metaState=0, flags=0x0, edgeFlags=0x0, pointerCount=1, historySize=5, eventTime=133744, downTime=133663, deviceId=0, source=0x1002 }
D/InputEventConsistencyVerifier(  419): KeyEvent: ACTION_UP but key was not down.
D/InputEventConsistencyVerifier(  419):   in android.widget.FrameLayout@b3db00d0
D/InputEventConsistencyVerifier(  419):   0: sent at 134100000000, KeyEvent { action=ACTION_UP, keyCode=KEYCODE_DPAD_DOWN, scanCode=0, metaState=0, flags=0x8, repeatCount=0, eventTime=134100, downTime=134100, deviceId=-1, source=0x101 }
W/dalvikvm(  419): DroidBox: { "FdAccess": { "path": "2f70726f632f6d656d696e666f", "id": "989283921" } }
W/DroidBox(  419): DroidBox: { "FileRW": { "operation": "read", "data": "4d656d546f74616c3a202020202020202020373438393634206b420a4d656d467265653a20202020202020202020343636383434206b420a427566666572733a20202020202020202020202035333932206b420a4361636865643a202020202020202020", "id": "989283921" } }
D/PhoneStatusBar(  419): disable: < expand icons alerts TICKER* system_info back home recent clock >
V/PhoneStatusBar(  419): setLightsOn(true)
I/Choreographer(  419): Skipped 95 frames!  The application may be doing too much work on its main thread.
W/dalvikvm(  419): DroidBox: { "FdAccess": { "path": "2f70726f632f6d656d696e666f", "id": "892067633" } }
W/DroidBox(  419): DroidBox: { "FileRW": { "operation": "read", "data": "4d656d546f74616c3a202020202020202020373438393634206b420a4d656d467265653a20202020202020202020343635323430206b420a427566666572733a20202020202020202020202035333932206b420a4361636865643a202020202020202020", "id": "892067633" } }
D/InputEventConsistencyVerifier(  419): TouchEvent: ACTION_DOWN but pointers are already down.  Probably missing ACTION_UP from previous gesture.
D/InputEventConsistencyVerifier(  419):   in android.view.ScaleGestureDetector@b3e51b78
D/InputEventConsistencyVerifier(  419):   0: sent at 134709000000, MotionEvent { action=ACTION_DOWN, id[0]=0, x[0]=252.0, y[0]=407.0, toolType[0]=TOOL_TYPE_UNKNOWN, buttonState=0, metaState=0, flags=0x0, edgeFlags=0x0, pointerCount=1, historySize=0, eventTime=134709, downTime=134709, deviceId=0, source=0x1002 }
D/InputEventConsistencyVerifier(  419):   -- recent events --
D/InputEventConsistencyVerifier(  419):   1: sent at 133883000000, MotionEvent { action=ACTION_DOWN, id[0]=0, x[0]=365.0, y[0]=455.0, toolType[0]=TOOL_TYPE_UNKNOWN, buttonState=0, metaState=0, flags=0x0, edgeFlags=0x0, pointerCount=1, historySize=0, eventTime=133883, downTime=133882, deviceId=0, source=0x1002 }
D/InputEventConsistencyVerifier(  419):   2: sent at 133746000000, MotionEvent { action=ACTION_UP, id[0]=0, x[0]=480.0, y[0]=74.0, toolType[0]=TOOL_TYPE_UNKNOWN, buttonState=0, metaState=0, flags=0x0, edgeFlags=0x0, pointerCount=1, historySize=0, eventTime=133746, downTime=133663, deviceId=0, source=0x1002 }
D/InputEventConsistencyVerifier(  419):   3: sent at 133744000000, MotionEvent { action=ACTION_MOVE, id[0]=0, x[0]=480.0, y[0]=67.0, toolType[0]=TOOL_TYPE_UNKNOWN, buttonState=0, metaState=0, flags=0x0, edgeFlags=0x0, pointerCount=1, historySize=5, eventTime=133744, downTime=133663, deviceId=0, source=0x1002 }
D/InputEventConsistencyVerifier(  419):   4: sent at 133665000000, MotionEvent { action=ACTION_DOWN, id[0]=0, x[0]=452.0, y[0]=11.0, toolType[0]=TOOL_TYPE_UNKNOWN, buttonState=0, metaState=0, flags=0x0, edgeFlags=0x0, pointerCount=1, historySize=0, eventTime=133665, downTime=133663, deviceId=0, source=0x1002 }
I/Choreographer(  419): Skipped 115 frames!  The application may be doing too much work on its main thread.
D/InputEventConsistencyVerifier(  419): KeyEvent: ACTION_UP but key was not down.
D/InputEventConsistencyVerifier(  419):   in com.android.systemui.statusbar.phone.StatusBarWindowView@b3db1348
D/InputEventConsistencyVerifier(  419):   0: sent at 134972000000, KeyEvent { action=ACTION_UP, keyCode=KEYCODE_DPAD_UP, scanCode=0, metaState=0, flags=0x8, repeatCount=0, eventTime=134972, downTime=134972, deviceId=-1, source=0x101 }
D/InputEventConsistencyVerifier(  419):   -- recent events --
D/InputEventConsistencyVerifier(  419):   1: sent at 134851000000, (unhandled) KeyEvent { action=ACTION_UP, keyCode=KEYCODE_CAMERA, scanCode=0, metaState=0, flags=0x8, repeatCount=0, eventTime=134851, downTime=134851, deviceId=-1, source=0x101 }
D/InputEventConsistencyVerifier(  419):   2: sent at 134751000000, (unhandled) KeyEvent { action=ACTION_DOWN, keyCode=KEYCODE_CAMERA, scanCode=0, metaState=0, flags=0x8, repeatCount=0, eventTime=134751, downTime=134751, deviceId=-1, source=0x101 }
D/InputEventConsistencyVerifier(  419):   3: sent at 134745000000, MotionEvent { action=ACTION_UP, id[0]=0, x[0]=249.0, y[0]=401.0, toolType[0]=TOOL_TYPE_UNKNOWN, buttonState=0, metaState=0, flags=0x0, edgeFlags=0x0, pointerCount=1, historySize=0, eventTime=134745, downTime=134709, deviceId=0, source=0x1002 }
D/InputEventConsistencyVerifier(  419):   4: sent at 134709000000, MotionEvent { action=ACTION_DOWN, id[0]=0, x[0]=252.0, y[0]=407.0, toolType[0]=TOOL_TYPE_UNKNOWN, buttonState=0, metaState=0, flags=0x0, edgeFlags=0x0, pointerCount=1, historySize=0, eventTime=134709, downTime=134709, deviceId=0, source=0x1002 }
D/InputEventConsistencyVerifier(  419):   5: sent at 134524000000, (unhandled) KeyEvent { action=ACTION_UP, keyCode=KEYCODE_DPAD_LEFT, scanCode=0, metaState=0, flags=0x8, repeatCount=0, eventTime=134524, downTime=134524, deviceId=-1, source=0x101 }
D/InputEventConsistencyVerifier(  419): KeyEvent: ACTION_UP but key was not down.
D/InputEventConsistencyVerifier(  419):   in com.android.systemui.statusbar.phone.StatusBarWindowView@b3db1348
D/InputEventConsistencyVerifier(  419):   0: sent at 135263000000, KeyEvent { action=ACTION_UP, keyCode=KEYCODE_DPAD_DOWN, scanCode=0, metaState=0, flags=0x400, repeatCount=0, eventTime=135263, downTime=135263, deviceId=-1, source=0x101 }
D/InputEventConsistencyVerifier(  419):   -- recent events --
D/InputEventConsistencyVerifier(  419):   1: sent at 135212000000, (unhandled) MotionEvent { action=ACTION_MOVE, id[0]=0, x[0]=2.0, y[0]=3.0, toolType[0]=TOOL_TYPE_UNKNOWN, buttonState=0, metaState=0, flags=0x0, edgeFlags=0x0, pointerCount=1, historySize=6, eventTime=135212, downTime=-1, deviceId=0, source=0x10004 }
D/InputEventConsistencyVerifier(  419):   2: sent at 135145000000, MotionEvent { action=ACTION_UP, id[0]=0, x[0]=140.0, y[0]=726.0, toolType[0]=TOOL_TYPE_UNKNOWN, buttonState=0, metaState=0, flags=0x0, edgeFlags=0x0, pointerCount=1, historySize=0, eventTime=135145, downTime=135134, deviceId=0, source=0x1002 }
D/InputEventConsistencyVerifier(  419):   3: sent at 135143000000, MotionEvent { action=ACTION_MOVE, id[0]=0, x[0]=147.0, y[0]=715.0, toolType[0]=TOOL_TYPE_UNKNOWN, buttonState=0, metaState=0, flags=0x0, edgeFlags=0x0, pointerCount=1, historySize=1, eventTime=135143, downTime=135134, deviceId=0, source=0x1002 }
D/InputEventConsistencyVerifier(  419):   4: sent at 135135000000, MotionEvent { action=ACTION_DOWN, id[0]=0, x[0]=162.0, y[0]=700.0, toolType[0]=TOOL_TYPE_UNKNOWN, buttonState=0, metaState=0, flags=0x0, edgeFlags=0x0, pointerCount=1, historySize=0, eventTime=135135, downTime=135134, deviceId=0, source=0x1002 }
D/InputEventConsistencyVerifier(  419):   5: sent at 135102000000, (unhandled) KeyEvent { action=ACTION_UP, keyCode=KEYCODE_DPAD_CENTER, scanCode=0, metaState=0, flags=0x8, repeatCount=0, eventTime=135102, downTime=135102, deviceId=-1, source=0x101 }
D/InputEventConsistencyVerifier(  419): KeyEvent: ACTION_UP but key was not down.
D/InputEventConsistencyVerifier(  419):   in android.widget.FrameLayout@b3db00d0
D/InputEventConsistencyVerifier(  419):   0: sent at 135263000000, KeyEvent { action=ACTION_UP, keyCode=KEYCODE_DPAD_DOWN, scanCode=0, metaState=0, flags=0x400, repeatCount=0, eventTime=135263, downTime=135263, deviceId=-1, source=0x101 }
D/InputEventConsistencyVerifier(  419):   -- recent events --
D/InputEventConsistencyVerifier(  419):   1: sent at 135145000000, MotionEvent { action=ACTION_UP, id[0]=0, x[0]=140.0, y[0]=726.0, toolType[0]=TOOL_TYPE_UNKNOWN, buttonState=0, metaState=0, flags=0x0, edgeFlags=0x0, pointerCount=1, historySize=0, eventTime=135145, downTime=135134, deviceId=0, source=0x1002 }
D/InputEventConsistencyVerifier(  419):   2: sent at 135143000000, MotionEvent { action=ACTION_MOVE, id[0]=0, x[0]=147.0, y[0]=715.0, toolType[0]=TOOL_TYPE_UNKNOWN, buttonState=0, metaState=0, flags=0x0, edgeFlags=0x0, pointerCount=1, historySize=1, eventTime=135143, downTime=135134, deviceId=0, source=0x1002 }
D/InputEventConsistencyVerifier(  419):   3: sent at 135135000000, MotionEvent { action=ACTION_DOWN, id[0]=0, x[0]=162.0, y[0]=700.0, toolType[0]=TOOL_TYPE_UNKNOWN, buttonState=0, metaState=0, flags=0x0, edgeFlags=0x0, pointerCount=1, historySize=0, eventTime=135135, downTime=135134, deviceId=0, source=0x1002 }
D/InputEventConsistencyVerifier(  419):   4: sent at 134745000000, MotionEvent { action=ACTION_UP, id[0]=0, x[0]=249.0, y[0]=401.0, toolType[0]=TOOL_TYPE_UNKNOWN, buttonState=0, metaState=0, flags=0x0, edgeFlags=0x0, pointerCount=1, historySize=0, eventTime=134745, downTime=134709, deviceId=0, source=0x1002 }
D/InputEventConsistencyVerifier(  419):   5: sent at 134709000000, MotionEvent { action=ACTION_DOWN, id[0]=0, x[0]=252.0, y[0]=407.0, toolType[0]=TOOL_TYPE_UNKNOWN, buttonState=0, metaState=0, flags=0x80000000, edgeFlags=0x0, pointerCount=1, historySize=0, eventTime=134709, downTime=134709, deviceId=0, source=0x1002 }
D/InputEventConsistencyVerifier(  419): TouchEvent: ACTION_DOWN but pointers are already down.  Probably missing ACTION_UP from previous gesture.
D/InputEventConsistencyVerifier(  419):   in android.view.ScaleGestureDetector@b3e51b78
D/InputEventConsistencyVerifier(  419):   0: sent at 135416000000, MotionEvent { action=ACTION_DOWN, id[0]=0, x[0]=316.0, y[0]=446.0, toolType[0]=TOOL_TYPE_UNKNOWN, buttonState=0, metaState=0, flags=0x0, edgeFlags=0x0, pointerCount=1, historySize=0, eventTime=135416, downTime=135416, deviceId=0, source=0x1002 }
D/InputEventConsistencyVerifier(  419):   -- recent events --
D/InputEventConsistencyVerifier(  419):   1: sent at 135143000000, MotionEvent { action=ACTION_MOVE, id[0]=0, x[0]=147.0, y[0]=715.0, toolType[0]=TOOL_TYPE_UNKNOWN, buttonState=0, metaState=0, flags=0x0, edgeFlags=0x0, pointerCount=1, historySize=1, eventTime=135143, downTime=135134, deviceId=0, source=0x1002 }
D/InputEventConsistencyVerifier(  419):   2: sent at 135135000000, MotionEvent { action=ACTION_DOWN, id[0]=0, x[0]=162.0, y[0]=700.0, toolType[0]=TOOL_TYPE_UNKNOWN, buttonState=0, metaState=0, flags=0x0, edgeFlags=0x0, pointerCount=1, historySize=0, eventTime=135135, downTime=135134, deviceId=0, source=0x1002 }
D/InputEventConsistencyVerifier(  419):   3: sent at 134745000000, MotionEvent { action=ACTION_UP, id[0]=0, x[0]=249.0, y[0]=401.0, toolType[0]=TOOL_TYPE_UNKNOWN, buttonState=0, metaState=0, flags=0x0, edgeFlags=0x0, pointerCount=1, historySize=0, eventTime=134745, downTime=134709, deviceId=0, source=0x1002 }
D/InputEventConsistencyVerifier(  419):   4: sent at 134709000000, MotionEvent { action=ACTION_DOWN, id[0]=0, x[0]=252.0, y[0]=407.0, toolType[0]=TOOL_TYPE_UNKNOWN, buttonState=0, metaState=0, flags=0x80000000, edgeFlags=0x0, pointerCount=1, historySize=0, eventTime=134709, downTime=134709, deviceId=0, source=0x1002 }
D/InputEventConsistencyVerifier(  419):   5: sent at 133883000000, MotionEvent { action=ACTION_DOWN, id[0]=0, x[0]=365.0, y[0]=455.0, toolType[0]=TOOL_TYPE_UNKNOWN, buttonState=0, metaState=0, flags=0x0, edgeFlags=0x0, pointerCount=1, historySize=0, eventTime=133883, downTime=133882, deviceId=0, source=0x1002 }
D/InputEventConsistencyVerifier(  419): KeyEvent: ACTION_UP but key was not down.
D/InputEventConsistencyVerifier(  419):   in com.android.systemui.statusbar.phone.StatusBarWindowView@b3db1348
D/InputEventConsistencyVerifier(  419):   0: sent at 135557000000, KeyEvent { action=ACTION_UP, keyCode=KEYCODE_DPAD_UP, scanCode=0, metaState=0, flags=0x400, repeatCount=0, eventTime=135557, downTime=135557, deviceId=-1, source=0x101 }
D/InputEventConsistencyVerifier(  419):   -- recent events --
D/InputEventConsistencyVerifier(  419):   1: sent at 135511000000, (unhandled) MotionEvent { action=ACTION_MOVE, id[0]=0, x[0]=1.0, y[0]=-2.0, toolType[0]=TOOL_TYPE_UNKNOWN, buttonState=0, metaState=0, flags=0x0, edgeFlags=0x0, pointerCount=1, historySize=9, eventTime=135511, downTime=-1, deviceId=0, source=0x10004 }
D/InputEventConsistencyVerifier(  419):   2: sent at 135529000000, MotionEvent { action=ACTION_UP, id[0]=0, x[0]=259.0, y[0]=292.0, toolType[0]=TOOL_TYPE_UNKNOWN, buttonState=0, metaState=0, flags=0x0, edgeFlags=0x0, pointerCount=1, historySize=0, eventTime=135529, downTime=135523, deviceId=0, source=0x1002 }
D/InputEventConsistencyVerifier(  419):   3: sent at 135524000000, MotionEvent { action=ACTION_DOWN, id[0]=0, x[0]=262.0, y[0]=294.0, toolType[0]=TOOL_TYPE_UNKNOWN, buttonState=0, metaState=0, flags=0x0, edgeFlags=0x0, pointerCount=1, historySize=0, eventTime=135524, downTime=135523, deviceId=0, source=0x1002 }
D/InputEventConsistencyVerifier(  419):   4: sent at 135461000000, MotionEvent { action=ACTION_UP, id[0]=0, x[0]=102.0, y[0]=290.0, toolType[0]=TOOL_TYPE_UNKNOWN, buttonState=0, metaState=0, flags=0x0, edgeFlags=0x0, pointerCount=1, historySize=0, eventTime=135461, downTime=135441, deviceId=0, source=0x1002 }
D/InputEventConsistencyVerifier(  419):   5: sent at 135441000000, MotionEvent { action=ACTION_DOWN, id[0]=0, x[0]=94.0, y[0]=290.0, toolType[0]=TOOL_TYPE_UNKNOWN, buttonState=0, metaState=0, flags=0x0, edgeFlags=0x0, pointerCount=1, historySize=0, eventTime=135441, downTime=135441, deviceId=0, source=0x1002 }
D/InputEventConsistencyVerifier(  419): KeyEvent: ACTION_UP but key was not down.
D/InputEventConsistencyVerifier(  419):   in android.widget.FrameLayout@b3db00d0
D/InputEventConsistencyVerifier(  419):   0: sent at 135577000000, KeyEvent { action=ACTION_UP, keyCode=KEYCODE_DPAD_DOWN, scanCode=0, metaState=0, flags=0x8, repeatCount=0, eventTime=135577, downTime=135577, deviceId=-1, source=0x101 }
D/InputEventConsistencyVerifier(  419):   -- recent events --
D/InputEventConsistencyVerifier(  419):   1: sent at 135529000000, MotionEvent { action=ACTION_UP, id[0]=0, x[0]=259.0, y[0]=292.0, toolType[0]=TOOL_TYPE_UNKNOWN, buttonState=0, metaState=0, flags=0x0, edgeFlags=0x0, pointerCount=1, historySize=0, eventTime=135529, downTime=135523, deviceId=0, source=0x1002 }
D/InputEventConsistencyVerifier(  419):   2: sent at 135524000000, MotionEvent { action=ACTION_DOWN, id[0]=0, x[0]=262.0, y[0]=294.0, toolType[0]=TOOL_TYPE_UNKNOWN, buttonState=0, metaState=0, flags=0x0, edgeFlags=0x0, pointerCount=1, historySize=0, eventTime=135524, downTime=135523, deviceId=0, source=0x1002 }
D/InputEventConsistencyVerifier(  419):   3: sent at 135461000000, MotionEvent { action=ACTION_UP, id[0]=0, x[0]=102.0, y[0]=290.0, toolType[0]=TOOL_TYPE_UNKNOWN, buttonState=0, metaState=0, flags=0x0, edgeFlags=0x0, pointerCount=1, historySize=0, eventTime=135461, downTime=135441, deviceId=0, source=0x1002 }
D/InputEventConsistencyVerifier(  419):   4: sent at 135441000000, MotionEvent { action=ACTION_DOWN, id[0]=0, x[0]=94.0, y[0]=290.0, toolType[0]=TOOL_TYPE_UNKNOWN, buttonState=0, metaState=0, flags=0x0, edgeFlags=0x0, pointerCount=1, historySize=0, eventTime=135441, downTime=135441, deviceId=0, source=0x1002 }
D/InputEventConsistencyVerifier(  419):   5: sent at 135426000000, MotionEvent { action=ACTION_UP, id[0]=0, x[0]=330.0, y[0]=445.0, toolType[0]=TOOL_TYPE_UNKNOWN, buttonState=0, metaState=0, flags=0x0, edgeFlags=0x0, pointerCount=1, historySize=0, eventTime=135426, downTime=135416, deviceId=0, source=0x1002 }
D/InputEventConsistencyVerifier(  419): TouchEvent: ACTION_DOWN but pointers are already down.  Probably missing ACTION_UP from previous gesture.
D/InputEventConsistencyVerifier(  419):   in android.view.ScaleGestureDetector@b3e51b78
D/InputEventConsistencyVerifier(  419):   0: sent at 135720000000, MotionEvent { action=ACTION_DOWN, id[0]=0, x[0]=44.0, y[0]=625.0, toolType[0]=TOOL_TYPE_UNKNOWN, buttonState=0, metaState=0, flags=0x0, edgeFlags=0x0, pointerCount=1, historySize=0, eventTime=135720, downTime=135720, deviceId=0, source=0x1002 }
D/InputEventConsistencyVerifier(  419):   -- recent events --
D/InputEventConsistencyVerifier(  419):   1: sent at 135647193260, MotionEvent { action=ACTION_MOVE, id[0]=0, x[0]=186.13446, y[0]=586.61346, toolType[0]=TOOL_TYPE_UNKNOWN, buttonState=0, metaState=0, flags=0x0, edgeFlags=0x0, pointerCount=1, historySize=1, eventTime=135647, downTime=135602, deviceId=0, source=0x1002 }
D/InputEventConsistencyVerifier(  419):   2: sent at 135604000000, MotionEvent { action=ACTION_DOWN, id[0]=0, x[0]=188.0, y[0]=602.0, toolType[0]=TOOL_TYPE_UNKNOWN, buttonState=0, metaState=0, flags=0x0, edgeFlags=0x0, pointerCount=1, historySize=0, eventTime=135604, downTime=135602, deviceId=0, source=0x1002 }
D/InputEventConsistencyVerifier(  419):   3: sent at 135529000000, MotionEvent { action=ACTION_UP, id[0]=0, x[0]=259.0, y[0]=292.0, toolType[0]=TOOL_TYPE_UNKNOWN, buttonState=0, metaState=0, flags=0x0, edgeFlags=0x0, pointerCount=1, historySize=0, eventTime=135529, downTime=135523, deviceId=0, source=0x1002 }
D/InputEventConsistencyVerifier(  419):   4: sent at 135524000000, MotionEvent { action=ACTION_DOWN, id[0]=0, x[0]=262.0, y[0]=294.0, toolType[0]=TOOL_TYPE_UNKNOWN, buttonState=0, metaState=0, flags=0x0, edgeFlags=0x0, pointerCount=1, historySize=0, eventTime=135524, downTime=135523, deviceId=0, source=0x1002 }
D/InputEventConsistencyVerifier(  419):   5: sent at 135461000000, MotionEvent { action=ACTION_UP, id[0]=0, x[0]=102.0, y[0]=290.0, toolType[0]=TOOL_TYPE_UNKNOWN, buttonState=0, metaState=0, flags=0x0, edgeFlags=0x0, pointerCount=1, historySize=0, eventTime=135461, downTime=135441, deviceId=0, source=0x1002 }
I/ActivityManager(  223): START {act=android.intent.action.MAIN cat=[android.intent.category.LAUNCHER] flg=0x10200000 cmp=com.convertoman.proin/.ProinActivity u=0} from pid 985
I/Choreographer(  419): Skipped 35 frames!  The application may be doing too much work on its main thread.
D/InputEventConsistencyVerifier(  419): TouchEvent: ACTION_DOWN but pointers are already down.  Probably missing ACTION_UP from previous gesture.
D/InputEventConsistencyVerifier(  419):   in android.view.ScaleGestureDetector@b3e51b78
D/InputEventConsistencyVerifier(  419):   0: sent at 135878000000, MotionEvent { action=ACTION_DOWN, id[0]=0, x[0]=77.0, y[0]=176.0, toolType[0]=TOOL_TYPE_UNKNOWN, buttonState=0, metaState=0, flags=0x0, edgeFlags=0x0, pointerCount=1, historySize=0, eventTime=135878, downTime=135876, deviceId=0, source=0x1002 }
D/InputEventConsistencyVerifier(  419):   -- recent events --
D/InputEventConsistencyVerifier(  419):   1: sent at 135863000000, MotionEvent { action=ACTION_MOVE, id[0]=0, x[0]=386.0, y[0]=422.0, toolType[0]=TOOL_TYPE_UNKNOWN, buttonState=0, metaState=0, flags=0x0, edgeFlags=0x0, pointerCount=1, historySize=3, eventTime=135863, downTime=135846, deviceId=0, source=0x1002 }
D/InputEventConsistencyVerifier(  419):   2: sent at 135847000000, MotionEvent { action=ACTION_DOWN, id[0]=0, x[0]=425.0, y[0]=464.0, toolType[0]=TOOL_TYPE_UNKNOWN, buttonState=0, metaState=0, flags=0x0, edgeFlags=0x0, pointerCount=1, historySize=0, eventTime=135847, downTime=135846, deviceId=0, source=0x1002 }
D/InputEventConsistencyVerifier(  419):   3: sent at 135835000000, MotionEvent { action=ACTION_UP, id[0]=0, x[0]=41.0, y[0]=696.0, toolType[0]=TOOL_TYPE_UNKNOWN, buttonState=0, metaState=0, flags=0x0, edgeFlags=0x0, pointerCount=1, historySize=0, eventTime=135835, downTime=135812, deviceId=0, source=0x1002 }
D/InputEventConsistencyVerifier(  419):   4: sent at 135812000000, MotionEvent { action=ACTION_DOWN, id[0]=0, x[0]=42.0, y[0]=693.0, toolType[0]=TOOL_TYPE_UNKNOWN, buttonState=0, metaState=0, flags=0x0, edgeFlags=0x0, pointerCount=1, historySize=0, eventTime=135812, downTime=135812, deviceId=0, source=0x1002 }
D/InputEventConsistencyVerifier(  419):   5: sent at 135725000000, MotionEvent { action=ACTION_UP, id[0]=0, x[0]=47.0, y[0]=601.0, toolType[0]=TOOL_TYPE_UNKNOWN, buttonState=0, metaState=0, flags=0x0, edgeFlags=0x0, pointerCount=1, historySize=0, eventTime=135725, downTime=135720, deviceId=0, source=0x1002 }
D/InputEventConsistencyVerifier(  419): KeyEvent: ACTION_UP but key was not down.
D/InputEventConsistencyVerifier(  419):   in com.android.systemui.statusbar.phone.StatusBarWindowView@b3db1348
D/InputEventConsistencyVerifier(  419):   0: sent at 135930000000, KeyEvent { action=ACTION_UP, keyCode=KEYCODE_DPAD_DOWN, scanCode=0, metaState=0, flags=0x8, repeatCount=0, eventTime=135930, downTime=135930, deviceId=-1, source=0x101 }
D/InputEventConsistencyVerifier(  419):   -- recent events --
D/InputEventConsistencyVerifier(  419):   1: sent at 135905000000, MotionEvent { action=ACTION_UP, id[0]=0, x[0]=90.0, y[0]=143.0, toolType[0]=TOOL_TYPE_UNKNOWN, buttonState=0, metaState=0, flags=0x0, edgeFlags=0x0, pointerCount=1, historySize=0, eventTime=135905, downTime=135876, deviceId=0, source=0x1002 }
D/InputEventConsistencyVerifier(  419):   2: sent at 135903000000, MotionEvent { action=ACTION_POINTER_UP(1), id[0]=0, x[0]=86.0, y[0]=143.0, toolType[0]=TOOL_TYPE_UNKNOWN, id[1]=1, x[1]=373.0, y[1]=451.0, toolType[1]=TOOL_TYPE_UNKNOWN, buttonState=0, metaState=0, flags=0x0, edgeFlags=0x0, pointerCount=2, historySize=0, eventTime=135903, downTime=135876, deviceId=0, source=0x1002 }
D/InputEventConsistencyVerifier(  419):   3: sent at 135890000000, MotionEvent { action=ACTION_MOVE, id[0]=0, x[0]=80.0, y[0]=159.0, toolType[0]=TOOL_TYPE_UNKNOWN, id[1]=1, x[1]=380.0, y[1]=458.0, toolType[1]=TOOL_TYPE_UNKNOWN, buttonState=0, metaState=0, flags=0x0, edgeFlags=0x0, pointerCount=2, historySize=0, eventTime=135890, downTime=135876, deviceId=0, source=0x1002 }
D/InputEventConsistencyVerifier(  419):   4: sent at 135885000000, MotionEvent { action=ACTION_POINTER_DOWN(1), id[0]=0, x[0]=79.0, y[0]=171.0, toolType[0]=TOOL_TYPE_UNKNOWN, id[1]=1, x[1]=391.0, y[1]=472.0, toolType[1]=TOOL_TYPE_UNKNOWN, buttonState=0, metaState=0, flags=0x0, edgeFlags=0x0, pointerCount=2, historySize=0, eventTime=135885, downTime=135876, deviceId=0, source=0x1002 }
D/InputEventConsistencyVerifier(  419):   5: sent at 135878000000, MotionEvent { action=ACTION_DOWN, id[0]=0, x[0]=77.0, y[0]=176.0, toolType[0]=TOOL_TYPE_UNKNOWN, buttonState=0, metaState=0, flags=0x0, edgeFlags=0x0, pointerCount=1, historySize=0, eventTime=135878, downTime=135876, deviceId=0, source=0x1002 }
E/WVMExtractor(   61): Failed to open libwvm.so
D/InputEventConsistencyVerifier(  419): KeyEvent: ACTION_UP but key was not down.
D/InputEventConsistencyVerifier(  419):   in android.widget.FrameLayout@b3db00d0
D/InputEventConsistencyVerifier(  419):   0: sent at 136094000000, KeyEvent { action=ACTION_UP, keyCode=KEYCODE_DPAD_DOWN, scanCode=0, metaState=0, flags=0x400, repeatCount=0, eventTime=136094, downTime=136094, deviceId=-1, source=0x101 }
D/InputEventConsistencyVerifier(  419):   -- recent events --
D/InputEventConsistencyVerifier(  419):   1: sent at 135905000000, MotionEvent { action=ACTION_UP, id[0]=0, x[0]=90.0, y[0]=143.0, toolType[0]=TOOL_TYPE_UNKNOWN, buttonState=0, metaState=0, flags=0x0, edgeFlags=0x0, pointerCount=1, historySize=0, eventTime=135905, downTime=135876, deviceId=0, source=0x1002 }
D/InputEventConsistencyVerifier(  419):   2: sent at 135903000000, MotionEvent { action=ACTION_POINTER_UP(1), id[0]=0, x[0]=86.0, y[0]=143.0, toolType[0]=TOOL_TYPE_UNKNOWN, id[1]=1, x[1]=373.0, y[1]=451.0, toolType[1]=TOOL_TYPE_UNKNOWN, buttonState=0, metaState=0, flags=0x0, edgeFlags=0x0, pointerCount=2, historySize=0, eventTime=135903, downTime=135876, deviceId=0, source=0x1002 }
D/InputEventConsistencyVerifier(  419):   3: sent at 135890000000, MotionEvent { action=ACTION_MOVE, id[0]=0, x[0]=80.0, y[0]=159.0, toolType[0]=TOOL_TYPE_UNKNOWN, id[1]=1, x[1]=380.0, y[1]=458.0, toolType[1]=TOOL_TYPE_UNKNOWN, buttonState=0, metaState=0, flags=0x0, edgeFlags=0x0, pointerCount=2, historySize=0, eventTime=135890, downTime=135876, deviceId=0, source=0x1002 }
D/InputEventConsistencyVerifier(  419):   4: sent at 135885000000, MotionEvent { action=ACTION_POINTER_DOWN(1), id[0]=0, x[0]=79.0, y[0]=171.0, toolType[0]=TOOL_TYPE_UNKNOWN, id[1]=1, x[1]=391.0, y[1]=472.0, toolType[1]=TOOL_TYPE_UNKNOWN, buttonState=0, metaState=0, flags=0x0, edgeFlags=0x0, pointerCount=2, historySize=0, eventTime=135885, downTime=135876, deviceId=0, source=0x1002 }
D/InputEventConsistencyVerifier(  419):   5: sent at 135878000000, MotionEvent { action=ACTION_DOWN, id[0]=0, x[0]=77.0, y[0]=176.0, toolType[0]=TOOL_TYPE_UNKNOWN, buttonState=0, metaState=0, flags=0x80000000, edgeFlags=0x0, pointerCount=1, historySize=0, eventTime=135878, downTime=135876, deviceId=0, source=0x1002 }
D/InputEventConsistencyVerifier(  419): TouchEvent: ACTION_DOWN but pointers are already down.  Probably missing ACTION_UP from previous gesture.
D/InputEventConsistencyVerifier(  419):   in android.view.ScaleGestureDetector@b3e51b78
D/InputEventConsistencyVerifier(  419):   0: sent at 136144000000, MotionEvent { action=ACTION_DOWN, id[0]=0, x[0]=279.0, y[0]=172.0, toolType[0]=TOOL_TYPE_UNKNOWN, buttonState=0, metaState=0, flags=0x0, edgeFlags=0x0, pointerCount=1, historySize=0, eventTime=136144, downTime=136143, deviceId=0, source=0x1002 }
D/InputEventConsistencyVerifier(  419):   -- recent events --
D/InputEventConsistencyVerifier(  419):   1: sent at 135890000000, MotionEvent { action=ACTION_MOVE, id[0]=0, x[0]=80.0, y[0]=159.0, toolType[0]=TOOL_TYPE_UNKNOWN, id[1]=1, x[1]=380.0, y[1]=458.0, toolType[1]=TOOL_TYPE_UNKNOWN, buttonState=0, metaState=0, flags=0x0, edgeFlags=0x0, pointerCount=2, historySize=0, eventTime=135890, downTime=135876, deviceId=0, source=0x1002 }
D/InputEventConsistencyVerifier(  419):   2: sent at 135885000000, MotionEvent { action=ACTION_POINTER_DOWN(1), id[0]=0, x[0]=79.0, y[0]=171.0, toolType[0]=TOOL_TYPE_UNKNOWN, id[1]=1, x[1]=391.0, y[1]=472.0, toolType[1]=TOOL_TYPE_UNKNOWN, buttonState=0, metaState=0, flags=0x0, edgeFlags=0x0, pointerCount=2, historySize=0, eventTime=135885, downTime=135876, deviceId=0, source=0x1002 }
D/InputEventConsistencyVerifier(  419):   3: sent at 135878000000, MotionEvent { action=ACTION_DOWN, id[0]=0, x[0]=77.0, y[0]=176.0, toolType[0]=TOOL_TYPE_UNKNOWN, buttonState=0, metaState=0, flags=0x80000000, edgeFlags=0x0, pointerCount=1, historySize=0, eventTime=135878, downTime=135876, deviceId=0, source=0x1002 }
D/InputEventConsistencyVerifier(  419):   4: sent at 135863000000, MotionEvent { action=ACTION_MOVE, id[0]=0, x[0]=386.0, y[0]=422.0, toolType[0]=TOOL_TYPE_UNKNOWN, buttonState=0, metaState=0, flags=0x0, edgeFlags=0x0, pointerCount=1, historySize=3, eventTime=135863, downTime=135846, deviceId=0, source=0x1002 }
D/InputEventConsistencyVerifier(  419):   5: sent at 135847000000, MotionEvent { action=ACTION_DOWN, id[0]=0, x[0]=425.0, y[0]=464.0, toolType[0]=TOOL_TYPE_UNKNOWN, buttonState=0, metaState=0, flags=0x0, edgeFlags=0x0, pointerCount=1, historySize=0, eventTime=135847, downTime=135846, deviceId=0, source=0x1002 }
I/Choreographer(  419): Skipped 53 frames!  The application may be doing too much work on its main thread.
D/InputEventConsistencyVerifier(  419): KeyEvent: ACTION_UP but key was not down.
D/InputEventConsistencyVerifier(  419):   in android.widget.FrameLayout@b3db00d0
D/InputEventConsistencyVerifier(  419):   0: sent at 136300000000, KeyEvent { action=ACTION_UP, keyCode=KEYCODE_DPAD_DOWN, scanCode=0, metaState=0, flags=0x400, repeatCount=0, eventTime=136300, downTime=136300, deviceId=-1, source=0x101 }
D/InputEventConsistencyVerifier(  419):   -- recent events --
D/InputEventConsistencyVerifier(  419):   1: sent at 136240000000, MotionEvent { action=ACTION_UP, id[0]=0, x[0]=309.0, y[0]=674.0, toolType[0]=TOOL_TYPE_UNKNOWN, buttonState=0, metaState=0, flags=0x0, edgeFlags=0x0, pointerCount=1, historySize=0, eventTime=136240, downTime=136218, deviceId=0, source=0x1002 }
D/InputEventConsistencyVerifier(  419):   2: sent at 136236000000, MotionEvent { action=ACTION_MOVE, id[0]=0, x[0]=303.0, y[0]=678.0, toolType[0]=TOOL_TYPE_UNKNOWN, buttonState=0, metaState=0, flags=0x0, edgeFlags=0x0, pointerCount=1, historySize=0, eventTime=136236, downTime=136218, deviceId=0, source=0x1002 }
D/InputEventConsistencyVerifier(  419):   3: sent at 136219000000, MotionEvent { action=ACTION_DOWN, id[0]=0, x[0]=294.0, y[0]=682.0, toolType[0]=TOOL_TYPE_UNKNOWN, buttonState=0, metaState=0, flags=0x0, edgeFlags=0x0, pointerCount=1, historySize=0, eventTime=136219, downTime=136218, deviceId=0, source=0x1002 }
D/InputEventConsistencyVerifier(  419):   4: sent at 136198000000, MotionEvent { action=ACTION_UP, id[0]=0, x[0]=3.0, y[0]=709.0, toolType[0]=TOOL_TYPE_UNKNOWN, buttonState=0, metaState=0, flags=0x0, edgeFlags=0x0, pointerCount=1, historySize=0, eventTime=136198, downTime=136193, deviceId=0, source=0x1002 }
