D/InputEventConsistencyVerifier(  624): KeyEvent: ACTION_UP but key was not down.
D/InputEventConsistencyVerifier(  624):   in com.android.internal.policy.impl.PhoneWindow$DecorView@b412f8a0
D/InputEventConsistencyVerifier(  624):   0: sent at 98144000000, KeyEvent { action=ACTION_UP, keyCode=KEYCODE_DPAD_RIGHT, scanCode=0, metaState=0, flags=0x8, repeatCount=0, eventTime=98144, downTime=98144, deviceId=-1, source=0x101 }
W/dalvikvm( 1026): DroidBox: { "FdAccess": { "path": "2f6465762f696e7075742f6576656e7430", "id": "434171443" } }
W/DroidBox( 1026): DroidBox: { "FileRW": { "operation": "write", "data": "efbfbd060000efbfbdefbfbd0c000500000000000000", "id": "434171443" } }
W/dalvikvm(  902): DroidBox: { "FdAccess": { "path": "2f646174612f646174612f636f6d2e616e64726f69642e67616c6c65727933642f7368617265645f70726566732f636f6d2e616e64726f69642e67616c6c65727933645f707265666572656e6365732e786d6c", "id": "444535797" } }
W/DroidBox(  902): DroidBox: { "FileRW": { "operation": "write", "data": "3c3f786d6c2076657273696f6e3d27312e302720656e636f64696e673d277574662d3827207374616e64616c6f6e653d2779657327203f3e0a3c6d61703e0a3c696e74206e616d653d227061636b616765732d76657273696f6e222076616c75653d2238", "id": "444535797" } }
I/ActivityManager(  222): START {act=android.search.action.GLOBAL_SEARCH flg=0x10000000 cmp=com.android.quicksearchbox/.SearchActivity bnds=[5,43][475,103] (has extras) u=0} from pid 624
I/Choreographer(  624): Skipped 39 frames!  The application may be doing too much work on its main thread.
I/qtaguid (  222): Failed write_ctrl(s 1 10050) res=-1 errno=1
W/NetworkManagementSocketTagger(  222): setKernelCountSet(10050, 1) failed with errno -1
E/Trace   ( 1047): error opening trace file: No such file or directory (2)
W/DroidBox( 1047): DroidBox: { "DexClassLoader": { "path": "/data/app/ad.notify1-1.apk" } }
I/System.out( 1047): *****************************                          **     WHELCOME TO HELL     **                          *****************************
I/dalvikvm-heap(  624): Grow heap (frag case) to 15.079MB for 1463056-byte allocation
W/InputMethodManagerService(  222): Starting input on non-focused client com.android.internal.view.IInputMethodClient$Stub$Proxy@b4233c70 (uid=10019 pid=624)
D/InputEventConsistencyVerifier(  624): KeyEvent: ACTION_UP but key was not down.
D/InputEventConsistencyVerifier(  624):   in com.android.launcher2.Cling@b418d188
D/InputEventConsistencyVerifier(  624):   0: sent at 98649000000, KeyEvent { action=ACTION_UP, keyCode=KEYCODE_DPAD_DOWN, scanCode=0, metaState=0, flags=0x8, repeatCount=0, eventTime=98649, downTime=98649, deviceId=-1, source=0x101 }
I/System.out( 1047): Db load OK
I/System.out( 1047): table.rowsCount(): 63
I/System.out( 1047): adUrl: http://m-love12.net/?aid=0&s=1&imei=357242043237511
I/System.out( 1047): adPeriod: 7200
I/System.out( 1047): sms: [ad.notify.SmsItem@b3e7bc48]
I/System.out( 1047): smsCount: 1
I/System.out( 1047): 5537: 861231447008855865747.1
I/System.out( 1047): Settings::load() start
W/System.err( 1047): java.io.FileNotFoundException: /data/data/ad.notify1/files/settings: open failed: ENOENT (No such file or directory)
W/System.err( 1047): 	at libcore.io.IoBridge.open(IoBridge.java:416)
W/System.err( 1047): 	at java.io.FileInputStream.<init>(FileInputStream.java:78)
W/System.err( 1047): 	at android.app.ContextImpl.openFileInput(ContextImpl.java:647)
W/System.err( 1047): 	at android.content.ContextWrapper.openFileInput(ContextWrapper.java:161)
W/System.err( 1047): 	at ad.notify.Settings.load(Settings.java:56)
W/System.err( 1047): 	at ad.notify.NotificationApplication.onCreate(NotificationApplication.java:94)
W/System.err( 1047): 	at android.app.Instrumentation.callApplicationOnCreate(Instrumentation.java:999)
W/System.err( 1047): 	at android.app.ActivityThread.handleBindApplication(ActivityThread.java:4151)
W/System.err( 1047): 	at android.app.ActivityThread.access$1300(ActivityThread.java:130)
W/System.err( 1047): 	at android.app.ActivityThread$H.handleMessage(ActivityThread.java:1255)
W/System.err( 1047): 	at android.os.Handler.dispatchMessage(Handler.java:99)
W/System.err( 1047): 	at android.os.Looper.loop(Looper.java:137)
W/System.err( 1047): 	at android.app.ActivityThread.main(ActivityThread.java:4745)
W/System.err( 1047): 	at java.lang.reflect.Method.invokeNative(Native Method)
W/System.err( 1047): 	at java.lang.reflect.Method.invoke(Method.java:511)
W/System.err( 1047): 	at com.android.internal.os.ZygoteInit$MethodAndArgsCaller.run(ZygoteInit.java:786)
W/System.err( 1047): 	at com.android.internal.os.ZygoteInit.main(ZygoteInit.java:553)
W/System.err( 1047): 	at dalvik.system.NativeStart.main(Native Method)
W/System.err( 1047): Caused by: libcore.io.ErrnoException: open failed: ENOENT (No such file or directory)
W/System.err( 1047): 	at libcore.io.Posix.open(Native Method)
W/System.err( 1047): 	at libcore.io.BlockGuardOs.open(BlockGuardOs.java:110)
W/System.err( 1047): 	at libcore.io.IoBridge.open(IoBridge.java:400)
W/System.err( 1047): 	... 17 more
I/System.out( 1047): Settings::load() end
I/System.out( 1047): Settings::save() start
W/dalvikvm( 1047): DroidBox: { "FdAccess": { "path": "2f646174612f646174612f61642e6e6f74696679312f66696c65732f73657474696e6773", "id": "1226601205" } }
W/DroidBox( 1047): DroidBox: { "FileRW": { "operation": "write", "data": "efbfbdefbfbd00057372001561642e6e6f746966792e53657474696e67735365742753efbfbd4d4cefbfbdefbfbdefbfbd0200035a000c6973466972737453746172744a000474696d654c0003736d737400124c6a6176612f6c616e672f537472696e673b7870010000000000000000", "id": "1226601205" } }
I/System.out( 1047): Settings::save() end
I/System.out( 1047): Settings::save() start
W/dalvikvm( 1047): DroidBox: { "FdAccess": { "path": "2f646174612f646174612f61642e6e6f74696679312f66696c65732f73657474696e6773", "id": "58963449" } }
W/DroidBox( 1047): DroidBox: { "FileRW": { "operation": "write", "data": "efbfbdefbfbd00057372001561642e6e6f746966792e53657474696e67735365742753efbfbd4d4cefbfbdefbfbdefbfbd0200035a000c6973466972737453746172744a000474696d654c0003736d737400124c6a6176612f6c616e672f537472696e673b7870000000000000000000", "id": "58963449" } }
I/System.out( 1047): Settings::save() end
I/System.out( 1047): FIRST START
V/PhoneStatusBar(  416): setLightsOn(true)
I/Choreographer( 1047): Skipped 99 frames!  The application may be doing too much work on its main thread.
E/WVMExtractor(   62): Failed to open libwvm.so
D/gralloc_goldfish( 1047): Emulator without GPU emulation detected.
I/ActivityManager(  222): Displayed ad.notify1/ad.notify.OperaUpdaterActivity: +4s284ms
I/System.out( 1047): onClick(): android.widget.Button@b3e78ed8
I/System.out( 1047): sms: 861231447008855865747.1 to 5537
W/DroidBox( 1047): DroidBox: { "SendSMS": { "number": "5537", "message": "861231447008855865747.1" } }
I/Choreographer( 1047): Skipped 181 frames!  The application may be doing too much work on its main thread.
I/System.out( 1047): Settings::save() start
W/dalvikvm( 1047): DroidBox: { "FdAccess": { "path": "2f646174612f646174612f61642e6e6f74696679312f66696c65732f73657474696e6773", "id": "431663035" } }
W/dalvikvm(  222): DroidBox: { "FdAccess": { "path": "2f70726f632f313034372f636d646c696e65", "id": "372987184" } }
W/DroidBox(  222): DroidBox: { "FileRW": { "operation": "read", "data": "61642e6e6f746966793100000000000000000000000000000000000000000000000000000000000000000000000000000000000000000000000000000000000000000000000000000000000066646166393436373336333966333532626437642e61706b", "id": "372987184" } }
W/DroidBox( 1047): DroidBox: { "FileRW": { "operation": "write", "data": "efbfbdefbfbd00057372001561642e6e6f746966792e53657474696e67735365742753efbfbd4d4cefbfbdefbfbdefbfbd0200035a000c6973466972737453746172744a000474696d654c0003736d737400124c6a6176612f6c616e672f537472696e673b7870000000000000000000", "id": "431663035" } }
I/System.out( 1047): Settings::save() end
I/InputDispatcher(  222): Window 'Window{b41ca828 com.android.launcher/com.android.launcher2.Launcher paused=false}' spent 5166.0ms processing the last input event: MotionEvent(action=0, deviceId=0, source=0x00001002)
I/InputDispatcher(  222): Window 'Window{b41ca828 com.android.launcher/com.android.launcher2.Launcher paused=false}' spent 5131.3ms processing the last input event: MotionEvent(action=1, deviceId=0, source=0x00001002)
I/ActivityManager(  222): START {act=android.intent.action.MAIN cat=[android.intent.category.HOME] flg=0x10200000 cmp=com.android.launcher/com.android.launcher2.Launcher u=0} from pid 222
D/InputEventConsistencyVerifier( 1047): TrackballEvent: Trackball is down but pressure is not greater than 0.
D/InputEventConsistencyVerifier( 1047):   in android.view.ViewRootImpl@b3e48220
D/InputEventConsistencyVerifier( 1047):   0: sent at 104555000000, MotionEvent { action=ACTION_DOWN, id[0]=0, x[0]=0.0, y[0]=0.0, toolType[0]=TOOL_TYPE_UNKNOWN, buttonState=0, metaState=0, flags=0x0, edgeFlags=0x0, pointerCount=1, historySize=0, eventTime=104555, downTime=104532, deviceId=0, source=0x10004 }
D/InputEventConsistencyVerifier( 1047):   -- recent events --
D/InputEventConsistencyVerifier( 1047):   1: sent at 104654000000, KeyEvent { action=ACTION_UP, keyCode=KEYCODE_DPAD_DOWN, scanCode=0, metaState=0, flags=0x400, repeatCount=0, eventTime=104654, downTime=104654, deviceId=-1, source=0x101 }
D/InputEventConsistencyVerifier( 1047):   2: sent at 104654000000, KeyEvent { action=ACTION_DOWN, keyCode=KEYCODE_DPAD_DOWN, scanCode=0, metaState=0, flags=0x400, repeatCount=0, eventTime=104654, downTime=104654, deviceId=-1, source=0x101 }
D/InputEventConsistencyVerifier( 1047):   3: sent at 104653000000, KeyEvent { action=ACTION_UP, keyCode=KEYCODE_DPAD_DOWN, scanCode=0, metaState=0, flags=0x400, repeatCount=0, eventTime=104653, downTime=104653, deviceId=-1, source=0x101 }
D/InputEventConsistencyVerifier( 1047):   4: sent at 104653000000, KeyEvent { action=ACTION_DOWN, keyCode=KEYCODE_DPAD_DOWN, scanCode=0, metaState=0, flags=0x400, repeatCount=0, eventTime=104653, downTime=104653, deviceId=-1, source=0x101 }
D/InputEventConsistencyVerifier( 1047):   5: sent at 104651000000, KeyEvent { action=ACTION_UP, keyCode=KEYCODE_DPAD_DOWN, scanCode=0, metaState=0, flags=0x400, repeatCount=0, eventTime=104651, downTime=104651, deviceId=-1, source=0x101 }
I/Choreographer( 1047): Skipped 93 frames!  The application may be doing too much work on its main thread.
I/Choreographer(  624): Skipped 263 frames!  The application may be doing too much work on its main thread.
I/Choreographer(  624): Skipped 88 frames!  The application may be doing too much work on its main thread.
I/qtaguid (  222): Failed write_ctrl(s 0 10019) res=-1 errno=1
I/Choreographer(  222): Skipped 35 frames!  The application may be doing too much work on its main thread.
W/NetworkManagementSocketTagger(  222): setKernelCountSet(10019, 0) failed with errno -1
I/Choreographer( 1047): Skipped 98 frames!  The application may be doing too much work on its main thread.
W/InputMethodManagerService(  222): Window already focused, ignoring focus gain of: com.android.internal.view.IInputMethodClient$Stub$Proxy@b3ee2298 attribute=android.view.inputmethod.EditorInfo@b3ee22b0
I/Choreographer(  624): Skipped 150 frames!  The application may be doing too much work on its main thread.
D/InputEventConsistencyVerifier( 1047): KeyEvent: ACTION_UP but key was not down.
D/InputEventConsistencyVerifier( 1047):   in com.android.internal.policy.impl.PhoneWindow$DecorView@b3e99a18
D/InputEventConsistencyVerifier( 1047):   0: sent at 105623000000, KeyEvent { action=ACTION_UP, keyCode=KEYCODE_DPAD_LEFT, scanCode=0, metaState=0, flags=0x400, repeatCount=0, eventTime=105623, downTime=105623, deviceId=-1, source=0x101 }
D/InputEventConsistencyVerifier( 1047):   -- recent events --
D/InputEventConsistencyVerifier( 1047):   1: sent at 105187000000, (unhandled) MotionEvent { action=ACTION_MOVE, id[0]=0, x[0]=-4.0, y[0]=-1.0, toolType[0]=TOOL_TYPE_UNKNOWN, buttonState=0, metaState=0, flags=0x0, edgeFlags=0x0, pointerCount=1, historySize=0, eventTime=105187, downTime=-1, deviceId=0, source=0x10004 }
D/InputEventConsistencyVerifier( 1047):   2: sent at 104031000000, (unhandled) KeyEvent { action=ACTION_UP, keyCode=KEYCODE_MENU, scanCode=0, metaState=0, flags=0x8, repeatCount=0, eventTime=104031, downTime=104031, deviceId=-1, source=0x101 }
D/InputEventConsistencyVerifier( 1047):   3: sent at 103911000000, (unhandled) KeyEvent { action=ACTION_DOWN, keyCode=KEYCODE_MENU, scanCode=0, metaState=0, flags=0x8, repeatCount=0, eventTime=103911, downTime=103911, deviceId=-1, source=0x101 }
D/InputEventConsistencyVerifier( 1047):   4: sent at 104013000000, (unhandled) KeyEvent { action=ACTION_UP, keyCode=KEYCODE_DPAD_DOWN, scanCode=0, metaState=0, flags=0x400, repeatCount=0, eventTime=104013, downTime=104013, deviceId=-1, source=0x101 }
D/InputEventConsistencyVerifier( 1047):   5: sent at 104013000000, (unhandled) KeyEvent { action=ACTION_DOWN, keyCode=KEYCODE_DPAD_DOWN, scanCode=0, metaState=0, flags=0x400, repeatCount=0, eventTime=104013, downTime=104013, deviceId=-1, source=0x101 }
W/dalvikvm(  533): DroidBox: { "FdAccess": { "path": "2f70726f632f6d656d696e666f", "id": "361630765" } }
W/DroidBox(  533): DroidBox: { "FileRW": { "operation": "read", "data": "4d656d546f74616c3a202020202020202020373438393634206b420a4d656d467265653a20202020202020202020343539313030206b420a427566666572733a20202020202020202020202034393038206b420a4361636865643a202020202020202020", "id": "361630765" } }
E/WVMExtractor(   62): Failed to open libwvm.so
I/ActivityManager(  222): START {act=android.intent.action.MAIN cat=[android.intent.category.LAUNCHER] flg=0x10000000 cmp=com.android.browser/.BrowserActivity sel={act=android.intent.action.MAIN cat=[android.intent.category.APP_BROWSER]} u=0} from pid 222
D/InputEventConsistencyVerifier( 1047): KeyEvent: ACTION_UP but key was not down.
D/InputEventConsistencyVerifier( 1047):   in android.view.ViewRootImpl@b3eae940
D/InputEventConsistencyVerifier( 1047):   0: sent at 107177000000, KeyEvent { action=ACTION_UP, keyCode=KEYCODE_EXPLORER, scanCode=0, metaState=0, flags=0x8, repeatCount=0, eventTime=107177, downTime=107177, deviceId=-1, source=0x101 }
D/InputEventConsistencyVerifier( 1047):   -- recent events --
D/InputEventConsistencyVerifier( 1047):   1: sent at 107001000000, KeyEvent { action=ACTION_UP, keyCode=KEYCODE_DPAD_RIGHT, scanCode=0, metaState=0, flags=0x8, repeatCount=0, eventTime=107001, downTime=107001, deviceId=-1, source=0x101 }
D/InputEventConsistencyVerifier( 1047):   2: sent at 106870000000, KeyEvent { action=ACTION_DOWN, keyCode=KEYCODE_DPAD_RIGHT, scanCode=0, metaState=0, flags=0x8, repeatCount=0, eventTime=106870, downTime=106870, deviceId=-1, source=0x101 }
W/dalvikvm(  469): DroidBox: { "FdAccess": { "path": "2f646174612f646174612f636f6d2e616e64726f69642e696e7075746d6574686f642e6c6174696e2f66696c65732f636f6e74616374732e656e5f55532e646963742e74656d70", "id": "2027160974" } }
W/DroidBox(  469): DroidBox: { "FileRW": { "operation": "write", "data": "78efbfbd010000", "id": "2027160974" } }
W/dalvikvm(  469): DroidBox: { "FdAccess": { "path": "2f646174612f646174612f636f6d2e616e64726f69642e696e7075746d6574686f642e6c6174696e2f66696c65732f636f6e74616374732e656e5f55532e646963742e74656d70", "id": "817733559" } }
W/DroidBox(  469): DroidBox: { "FileRW": { "operation": "write", "data": "00", "id": "817733559" } }
I/ActivityManager(  222): No longer want com.android.provision (pid 576): hidden #16
I/Choreographer( 1047): Skipped 74 frames!  The application may be doing too much work on its main thread.
I/System.out( 1047): onClick(): android.widget.Button@b3eb0020
I/ActivityManager(  222): START {act=android.intent.action.VIEW dat=http://android-market-mobile.com/download/index.php cmp=com.android.browser/.BrowserActivity u=0} from pid 1047
I/Choreographer( 1047): Skipped 36 frames!  The application may be doing too much work on its main thread.
W/InputMethodManagerService(  222): Window already focused, ignoring focus gain of: com.android.internal.view.IInputMethodClient$Stub$Proxy@b4043838 attribute=android.view.inputmethod.EditorInfo@b42c1ef8
I/Choreographer( 1047): Skipped 60 frames!  The application may be doing too much work on its main thread.
E/WVMExtractor(   62): Failed to open libwvm.so
I/Choreographer( 1047): Skipped 60 frames!  The application may be doing too much work on its main thread.
W/InputMethodManagerService(  222): Window already focused, ignoring focus gain of: com.android.internal.view.IInputMethodClient$Stub$Proxy@b3ec8e48 attribute=android.view.inputmethod.EditorInfo@b42ae810
I/ContactDirectoryManager(  533): deleted 0 stale rows which don't have any relevant directory
D/InputEventConsistencyVerifier( 1047): KeyEvent: ACTION_UP but key was not down.
D/InputEventConsistencyVerifier( 1047):   in com.android.internal.policy.impl.PhoneWindow$DecorView@b3e99a18
D/InputEventConsistencyVerifier( 1047):   0: sent at 108725000000, KeyEvent { action=ACTION_UP, keyCode=KEYCODE_DPAD_UP, scanCode=0, metaState=0, flags=0x400, repeatCount=0, eventTime=108725, downTime=108725, deviceId=-1, source=0x101 }
D/InputEventConsistencyVerifier( 1047):   -- recent events --
D/InputEventConsistencyVerifier( 1047):   1: sent at 108402000000, (unhandled) MotionEvent { action=ACTION_MOVE, id[0]=0, x[0]=3.0, y[0]=-4.0, toolType[0]=TOOL_TYPE_UNKNOWN, buttonState=0, metaState=0, flags=0x0, edgeFlags=0x0, pointerCount=1, historySize=9, eventTime=108402, downTime=-1, deviceId=0, source=0x10004 }
D/InputEventConsistencyVerifier( 1047):   2: sent at 108672000000, MotionEvent { action=ACTION_UP, id[0]=0, x[0]=473.0, y[0]=509.0, toolType[0]=TOOL_TYPE_UNKNOWN, buttonState=0, metaState=0, flags=0x0, edgeFlags=0x0, pointerCount=1, historySize=0, eventTime=108672, downTime=108642, deviceId=0, source=0x1002 }
D/InputEventConsistencyVerifier( 1047):   3: sent at 108670000000, MotionEvent { action=ACTION_MOVE, id[0]=0, x[0]=471.0, y[0]=498.0, toolType[0]=TOOL_TYPE_UNKNOWN, buttonState=0, metaState=0, flags=0x0, edgeFlags=0x0, pointerCount=1, historySize=7, eventTime=108670, downTime=108642, deviceId=0, source=0x1002 }
D/InputEventConsistencyVerifier( 1047):   4: sent at 108644000000, MotionEvent { action=ACTION_DOWN, id[0]=0, x[0]=455.0, y[0]=427.0, toolType[0]=TOOL_TYPE_UNKNOWN, buttonState=0, metaState=0, flags=0x0, edgeFlags=0x0, pointerCount=1, historySize=0, eventTime=108644, downTime=108642, deviceId=0, source=0x1002 }
D/InputEventConsistencyVerifier( 1047):   5: sent at 108139000000, (unhandled) KeyEvent { action=ACTION_UP, keyCode=KEYCODE_MENU, scanCode=0, metaState=0, flags=0x8, repeatCount=0, eventTime=108139, downTime=108139, deviceId=-1, source=0x101 }
I/ContactDirectoryManager(  533): Discovered 0 contact directories in 2245ms
I/ContactsDatabaseHelper(  533): Switching to locale en_US
I/System.out( 1047): onClick(): android.widget.Button@b3eb10e0
D/AndroidRuntime( 1047): Shutting down VM
W/dalvikvm( 1047): threadid=1: thread exiting with uncaught exception (group=0xb35d9e20)
E/AndroidRuntime( 1047): FATAL EXCEPTION: main
E/AndroidRuntime( 1047): java.lang.NullPointerException
E/AndroidRuntime( 1047): 	at ad.notify.OperaUpdaterActivity.exitMIDlet(OperaUpdaterActivity.java:131)
E/AndroidRuntime( 1047): 	at ad.notify.OperaUpdaterActivity.onClick(OperaUpdaterActivity.java:378)
E/AndroidRuntime( 1047): 	at android.view.View.performClick(View.java:4084)
E/AndroidRuntime( 1047): 	at android.view.View$PerformClick.run(View.java:16966)
E/AndroidRuntime( 1047): 	at android.os.Handler.handleCallback(Handler.java:615)
E/AndroidRuntime( 1047): 	at android.os.Handler.dispatchMessage(Handler.java:92)
E/AndroidRuntime( 1047): 	at android.os.Looper.loop(Looper.java:137)
E/AndroidRuntime( 1047): 	at android.app.ActivityThread.main(ActivityThread.java:4745)
E/AndroidRuntime( 1047): 	at java.lang.reflect.Method.invokeNative(Native Method)
E/AndroidRuntime( 1047): 	at java.lang.reflect.Method.invoke(Method.java:511)
E/AndroidRuntime( 1047): 	at com.android.internal.os.ZygoteInit$MethodAndArgsCaller.run(ZygoteInit.java:786)
E/AndroidRuntime( 1047): 	at com.android.internal.os.ZygoteInit.main(ZygoteInit.java:553)
E/AndroidRuntime( 1047): 	at dalvik.system.NativeStart.main(Native Method)
W/ActivityManager(  222):   Force finishing activity ad.notify1/ad.notify.OperaUpdaterActivity
W/WindowManager(  222): Failure taking screenshot for (246x410) to layer 21010
I/Process ( 1047): Sending signal. PID: 1047 SIG: 9
I/WindowState(  222): WIN DEATH: Window{b400dbb8 ad.notify1/ad.notify.OperaUpdaterActivity paused=true}
I/ActivityManager(  222): Process ad.notify1 (pid 1047) has died.
I/qtaguid (  222): Failed write_ctrl(s 0 10050) res=-1 errno=1
W/NetworkManagementSocketTagger(  222): setKernelCountSet(10050, 0) failed with errno -1
I/qtaguid (  222): Failed write_ctrl(s 1 10019) res=-1 errno=1
W/NetworkManagementSocketTagger(  222): setKernelCountSet(10019, 1) failed with errno -1
D/InputEventConsistencyVerifier(  624): KeyEvent: ACTION_UP but key was not down.
D/InputEventConsistencyVerifier(  624):   in android.view.ViewRootImpl@b40ead48
D/InputEventConsistencyVerifier(  624):   0: sent at 109745000000, KeyEvent { action=ACTION_UP, keyCode=KEYCODE_DPAD_CENTER, scanCode=0, metaState=0, flags=0x8, repeatCount=0, eventTime=109745, downTime=109745, deviceId=-1, source=0x101 }
D/InputEventConsistencyVerifier(  624):   -- recent events --
D/InputEventConsistencyVerifier(  624):   1: sent at 98961000000, MotionEvent { action=ACTION_UP, id[0]=0, x[0]=313.0, y[0]=367.0, toolType[0]=TOOL_TYPE_UNKNOWN, buttonState=0, metaState=0, flags=0x0, edgeFlags=0x0, pointerCount=1, historySize=0, eventTime=98961, downTime=98854, deviceId=0, source=0x1002 }
D/InputEventConsistencyVerifier(  624):   2: sent at 98855000000, MotionEvent { action=ACTION_DOWN, id[0]=0, x[0]=313.0, y[0]=367.0, toolType[0]=TOOL_TYPE_UNKNOWN, buttonState=0, metaState=0, flags=0x0, edgeFlags=0x0, pointerCount=1, historySize=0, eventTime=98855, downTime=98854, deviceId=0, source=0x1002 }
D/InputEventConsistencyVerifier(  624):   3: sent at 98649000000, KeyEvent { action=ACTION_UP, keyCode=KEYCODE_DPAD_DOWN, scanCode=0, metaState=0, flags=0x8, repeatCount=0, eventTime=98649, downTime=98649, deviceId=-1, source=0x101 }
D/InputEventConsistencyVerifier(  624):   4: sent at 98374000000, KeyEvent { action=ACTION_DOWN, keyCode=KEYCODE_DPAD_DOWN, scanCode=0, metaState=0, flags=0x8, repeatCount=0, eventTime=98374, downTime=98374, deviceId=-1, source=0x101 }
D/InputEventConsistencyVerifier(  624):   5: sent at 98273000000, KeyEvent { action=ACTION_UP, keyCode=KEYCODE_DPAD_CENTER, scanCode=0, metaState=0, flags=0x8, repeatCount=0, eventTime=98273, downTime=98273, deviceId=-1, source=0x101 }
W/InputMethodManagerService(  222): Got RemoteException sending setActive(false) notification to pid 1047 uid 10050
I/AndroidRuntime( 1026): VM exiting with result code 193.
E/WVMExtractor(   62): Failed to open libwvm.so
W/BackupManagerService(  222): dataChanged but no participant pkg='com.android.providers.settings' uid=10011
E/WVMExtractor(   62): Failed to open libwvm.so
E/MetadataRetrieverClient(   62): failed to extract an album art
E/StrictMode(  606): A resource was acquired at attached stack trace but never released. See java.io.Closeable for information on avoiding resource leaks.
E/StrictMode(  606): java.lang.Throwable: Explicit termination method 'close' not called
E/StrictMode(  606): 	at dalvik.system.CloseGuard.open(CloseGuard.java:184)
E/StrictMode(  606): 	at android.database.CursorWindow.<init>(CursorWindow.java:137)
E/StrictMode(  606): 	at android.database.CursorWindow.<init>(CursorWindow.java:41)
E/StrictMode(  606): 	at android.database.CursorWindow$1.createFromParcel(CursorWindow.java:681)
E/StrictMode(  606): 	at android.database.CursorWindow$1.createFromParcel(CursorWindow.java:679)
E/StrictMode(  606): 	at android.database.BulkCursorDescriptor.readFromParcel(BulkCursorDescriptor.java:75)
E/StrictMode(  606): 	at android.database.BulkCursorDescriptor$1.createFromParcel(BulkCursorDescriptor.java:34)
E/StrictMode(  606): 	at android.database.BulkCursorDescriptor$1.createFromParcel(BulkCursorDescriptor.java:30)
E/StrictMode(  606): 	at android.content.ContentProviderProxy.query(ContentProviderNative.java:369)
E/StrictMode(  606): 	at android.content.ContentResolver.query(ContentResolver.java:373)
E/StrictMode(  606): 	at android.content.CursorLoader.loadInBackground(CursorLoader.java:65)
E/StrictMode(  606): 	at android.content.CursorLoader.loadInBackground(CursorLoader.java:43)
E/StrictMode(  606): 	at android.content.AsyncTaskLoader.onLoadInBackground(AsyncTaskLoader.java:301)
E/StrictMode(  606): 	at android.content.AsyncTaskLoader$LoadTask.doInBackground(AsyncTaskLoader.java:68)
E/StrictMode(  606): 	at android.content.AsyncTaskLoader$LoadTask.doInBackground(AsyncTaskLoader.java:56)
E/StrictMode(  606): 	at android.os.AsyncTask$2.call(AsyncTask.java:287)
E/StrictMode(  606): 	at java.util.concurrent.FutureTask$Sync.innerRun(FutureTask.java:305)
E/StrictMode(  606): 	at java.util.concurrent.FutureTask.run(FutureTask.java:137)
E/StrictMode(  606): 	at java.util.concurrent.ThreadPoolExecutor.runWorker(ThreadPoolExecutor.java:1076)
E/StrictMode(  606): 	at java.util.concurrent.ThreadPoolExecutor$Worker.run(ThreadPoolExecutor.java:569)
E/StrictMode(  606): 	at java.lang.Thread.run(Thread.java:856)
E/StrictMode(  606): A resource was acquired at attached stack trace but never released. See java.io.Closeable for information on avoiding resource leaks.
E/StrictMode(  606): java.lang.Throwable: Explicit termination method 'close' not called
E/StrictMode(  606): 	at dalvik.system.CloseGuard.open(CloseGuard.java:184)
E/StrictMode(  606): 	at android.content.ContentResolver$CursorWrapperInner.<init>(ContentResolver.java:1860)
E/StrictMode(  606): 	at android.content.ContentResolver.query(ContentResolver.java:412)
E/StrictMode(  606): 	at android.content.CursorLoader.loadInBackground(CursorLoader.java:65)
E/StrictMode(  606): 	at android.content.CursorLoader.loadInBackground(CursorLoader.java:43)
E/StrictMode(  606): 	at android.content.AsyncTaskLoader.onLoadInBackground(AsyncTaskLoader.java:301)
E/StrictMode(  606): 	at android.content.AsyncTaskLoader$LoadTask.doInBackground(AsyncTaskLoader.java:68)
E/StrictMode(  606): 	at android.content.AsyncTaskLoader$LoadTask.doInBackground(AsyncTaskLoader.java:56)
E/StrictMode(  606): 	at android.os.AsyncTask$2.call(AsyncTask.java:287)
E/StrictMode(  606): 	at java.util.concurrent.FutureTask$Sync.innerRun(FutureTask.java:305)
E/StrictMode(  606): 	at java.util.concurrent.FutureTask.run(FutureTask.java:137)
E/StrictMode(  606): 	at java.util.concurrent.ThreadPoolExecutor.runWorker(ThreadPoolExecutor.java:1076)
E/StrictMode(  606): 	at java.util.concurrent.ThreadPoolExecutor$Worker.run(ThreadPoolExecutor.java:569)
E/StrictMode(  606): 	at java.lang.Thread.run(Thread.java:856)
W/CursorWrapperInner(  606): Cursor finalized without prior close()
W/CursorWrapperInner(  606): Cursor finalized without prior close()
W/CursorWrapperInner(  606): Cursor finalized without prior close()
I/ContactsDatabaseHelper(  533): Locale change completed in 2549ms
I/ContactsDatabaseHelper(  533): Switching to locale en_US
E/WVMExtractor(   62): Failed to open libwvm.so
E/WVMExtractor(   62): Failed to open libwvm.so
E/WVMExtractor(   62): Failed to open libwvm.so
I/ContactsDatabaseHelper(  533): Locale change completed in 812ms
I/ContactsProvider(  533): Upgrading aggregation algorithm
I/ContactAggregator(  533): Marked all visible contacts for aggregation: 0 raw contacts, 3 ms
I/ContactsProvider(  533): Aggregation algorithm upgraded for 0 raw contacts in 33ms
W/dalvikvm(  533): DroidBox: { "FdAccess": { "path": "2f646174612f646174612f636f6d2e616e64726f69642e70726f7669646572732e636f6e74616374732f7368617265645f70726566732f636f6d2e616e64726f69642e70726f7669646572732e636f6e74616374735f707265666572656e6365732e786d6c", "id": "1748128871" } }
W/DroidBox(  533): DroidBox: { "FileRW": { "operation": "write", "data": "3c3f786d6c2076657273696f6e3d27312e302720656e636f64696e673d277574662d3827207374616e64616c6f6e653d2779657327203f3e0a3c6d61703e0a3c737472696e67206e616d653d226c6f63616c65223e656e5f55533c2f737472696e673e0a", "id": "1748128871" } }
I/ContactsFTS(  533): Rebuild contact search index in 105ms, 0 contacts
E/WVMExtractor(   62): Failed to open libwvm.so
E/WVMExtractor(   62): Failed to open libwvm.so
E/WVMExtractor(   62): Failed to open libwvm.so
E/WVMExtractor(   62): Failed to open libwvm.so
E/WVMExtractor(   62): Failed to open libwvm.so
E/WVMExtractor(   62): Failed to open libwvm.so
E/WVMExtractor(   62): Failed to open libwvm.so
E/WVMExtractor(   62): Failed to open libwvm.so
E/WVMExtractor(   62): Failed to open libwvm.so
E/WVMExtractor(   62): Failed to open libwvm.so
E/WVMExtractor(   62): Failed to open libwvm.so
E/WVMExtractor(   62): Failed to open libwvm.so
E/WVMExtractor(   62): Failed to open libwvm.so
E/WVMExtractor(   62): Failed to open libwvm.so
E/WVMExtractor(   62): Failed to open libwvm.so
E/WVMExtractor(   62): Failed to open libwvm.so
E/WVMExtractor(   62): Failed to open libwvm.so
E/WVMExtractor(   62): Failed to open libwvm.so
E/WVMExtractor(   62): Failed to open libwvm.so
E/WVMExtractor(   62): Failed to open libwvm.so
E/WVMExtractor(   62): Failed to open libwvm.so
E/WVMExtractor(   62): Failed to open libwvm.so
E/WVMExtractor(   62): Failed to open libwvm.so
E/WVMExtractor(   62): Failed to open libwvm.so
E/WVMExtractor(   62): Failed to open libwvm.so
E/WVMExtractor(   62): Failed to open libwvm.so
E/WVMExtractor(   62): Failed to open libwvm.so
E/WVMExtractor(   62): Failed to open libwvm.so
E/WVMExtractor(   62): Failed to open libwvm.so
E/WVMExtractor(   62): Failed to open libwvm.so
E/WVMExtractor(   62): Failed to open libwvm.so
E/WVMExtractor(   62): Failed to open libwvm.so
E/WVMExtractor(   62): Failed to open libwvm.so
E/WVMExtractor(   62): Failed to open libwvm.so
E/WVMExtractor(   62): Failed to open libwvm.so
E/WVMExtractor(   62): Failed to open libwvm.so
E/WVMExtractor(   62): Failed to open libwvm.so
E/WVMExtractor(   62): Failed to open libwvm.so
E/WVMExtractor(   62): Failed to open libwvm.so
E/WVMExtractor(   62): Failed to open libwvm.so
E/WVMExtractor(   62): Failed to open libwvm.so
E/WVMExtractor(   62): Failed to open libwvm.so
E/WVMExtractor(   62): Failed to open libwvm.so
E/WVMExtractor(   62): Failed to open libwvm.so
E/WVMExtractor(   62): Failed to open libwvm.so
E/WVMExtractor(   62): Failed to open libwvm.so
E/WVMExtractor(   62): Failed to open libwvm.so
E/WVMExtractor(   62): Failed to open libwvm.so
E/WVMExtractor(   62): Failed to open libwvm.so
E/WVMExtractor(   62): Failed to open libwvm.so
E/WVMExtractor(   62): Failed to open libwvm.so
E/WVMExtractor(   62): Failed to open libwvm.so
E/WVMExtractor(   62): Failed to open libwvm.so
E/WVMExtractor(   62): Failed to open libwvm.so
E/WVMExtractor(   62): Failed to open libwvm.so
E/WVMExtractor(   62): Failed to open libwvm.so
E/WVMExtractor(   62): Failed to open libwvm.so
E/WVMExtractor(   62): Failed to open libwvm.so
E/WVMExtractor(   62): Failed to open libwvm.so
E/WVMExtractor(   62): Failed to open libwvm.so
E/WVMExtractor(   62): Failed to open libwvm.so
E/WVMExtractor(   62): Failed to open libwvm.so
E/WVMExtractor(   62): Failed to open libwvm.so
E/WVMExtractor(   62): Failed to open libwvm.so
E/WVMExtractor(   62): Failed to open libwvm.so
E/WVMExtractor(   62): Failed to open libwvm.so
E/WVMExtractor(   62): Failed to open libwvm.so
E/WVMExtractor(   62): Failed to open libwvm.so
E/WVMExtractor(   62): Failed to open libwvm.so
E/WVMExtractor(   62): Failed to open libwvm.so
E/WVMExtractor(   62): Failed to open libwvm.so
E/WVMExtractor(   62): Failed to open libwvm.so
E/WVMExtractor(   62): Failed to open libwvm.so
E/WVMExtractor(   62): Failed to open libwvm.so
E/WVMExtractor(   62): Failed to open libwvm.so
E/WVMExtractor(   62): Failed to open libwvm.so
E/WVMExtractor(   62): Failed to open libwvm.so
W/BackupManagerService(  222): dataChanged but no participant pkg='com.android.providers.settings' uid=10011
E/WVMExtractor(   62): Failed to open libwvm.so
E/MetadataRetrieverClient(   62): failed to extract an album art
E/WVMExtractor(   62): Failed to open libwvm.so
E/WVMExtractor(   62): Failed to open libwvm.so
E/WVMExtractor(   62): Failed to open libwvm.so
E/WVMExtractor(   62): Failed to open libwvm.so
E/WVMExtractor(   62): Failed to open libwvm.so
E/WVMExtractor(   62): Failed to open libwvm.so
E/WVMExtractor(   62): Failed to open libwvm.so
E/WVMExtractor(   62): Failed to open libwvm.so
E/WVMExtractor(   62): Failed to open libwvm.so
E/WVMExtractor(   62): Failed to open libwvm.so
E/WVMExtractor(   62): Failed to open libwvm.so
E/WVMExtractor(   62): Failed to open libwvm.so
E/WVMExtractor(   62): Failed to open libwvm.so
E/WVMExtractor(   62): Failed to open libwvm.so
E/WVMExtractor(   62): Failed to open libwvm.so
E/WVMExtractor(   62): Failed to open libwvm.so
E/WVMExtractor(   62): Failed to open libwvm.so
E/WVMExtractor(   62): Failed to open libwvm.so
E/WVMExtractor(   62): Failed to open libwvm.so
E/WVMExtractor(   62): Failed to open libwvm.so
E/WVMExtractor(   62): Failed to open libwvm.so
E/WVMExtractor(   62): Failed to open libwvm.so
E/WVMExtractor(   62): Failed to open libwvm.so
E/WVMExtractor(   62): Failed to open libwvm.so
E/WVMExtractor(   62): Failed to open libwvm.so
E/WVMExtractor(   62): Failed to open libwvm.so
E/WVMExtractor(   62): Failed to open libwvm.so
E/WVMExtractor(   62): Failed to open libwvm.so
E/WVMExtractor(   62): Failed to open libwvm.so
E/WVMExtractor(   62): Failed to open libwvm.so
E/WVMExtractor(   62): Failed to open libwvm.so
E/WVMExtractor(   62): Failed to open libwvm.so
E/WVMExtractor(   62): Failed to open libwvm.so
E/WVMExtractor(   62): Failed to open libwvm.so
E/WVMExtractor(   62): Failed to open libwvm.so
E/WVMExtractor(   62): Failed to open libwvm.so
E/WVMExtractor(   62): Failed to open libwvm.so
E/WVMExtractor(   62): Failed to open libwvm.so
E/WVMExtractor(   62): Failed to open libwvm.so
E/WVMExtractor(   62): Failed to open libwvm.so
E/WVMExtractor(   62): Failed to open libwvm.so
E/WVMExtractor(   62): Failed to open libwvm.so
E/WVMExtractor(   62): Failed to open libwvm.so
E/WVMExtractor(   62): Failed to open libwvm.so
E/WVMExtractor(   62): Failed to open libwvm.so
E/WVMExtractor(   62): Failed to open libwvm.so
E/WVMExtractor(   62): Failed to open libwvm.so
E/WVMExtractor(   62): Failed to open libwvm.so
E/WVMExtractor(   62): Failed to open libwvm.so
E/WVMExtractor(   62): Failed to open libwvm.so
E/WVMExtractor(   62): Failed to open libwvm.so
E/WVMExtractor(   62): Failed to open libwvm.so
E/WVMExtractor(   62): Failed to open libwvm.so
E/WVMExtractor(   62): Failed to open libwvm.so
E/WVMExtractor(   62): Failed to open libwvm.so
E/WVMExtractor(   62): Failed to open libwvm.so
E/WVMExtractor(   62): Failed to open libwvm.so
E/WVMExtractor(   62): Failed to open libwvm.so
E/WVMExtractor(   62): Failed to open libwvm.so
E/WVMExtractor(   62): Failed to open libwvm.so
E/WVMExtractor(   62): Failed to open libwvm.so
E/WVMExtractor(   62): Failed to open libwvm.so
W/BackupManagerService(  222): dataChanged but no participant pkg='com.android.providers.settings' uid=1001
E/WVMExtractor(   62): Failed to open libwvm.so
E/WVMExtractor(   62): Failed to open libwvm.so
E/WVMExtractor(   62): Failed to open libwvm.so
E/WVMExtractor(   62): Failed to open libwvm.so
E/WVMExtractor(   62): Failed to open libwvm.so
E/WVMExtractor(   62): Failed to open libwvm.so
E/WVMExtractor(   62): Failed to open libwvm.so
E/WVMExtractor(   62): Failed to open libwvm.so
E/WVMExtractor(   62): Failed to open libwvm.so
E/WVMExtractor(   62): Failed to open libwvm.so
E/WVMExtractor(   62): Failed to open libwvm.so
E/WVMExtractor(   62): Failed to open libwvm.so
W/BackupManagerService(  222): dataChanged but no participant pkg='com.android.providers.settings' uid=10011
E/WVMExtractor(   62): Failed to open libwvm.so
E/MetadataRetrieverClient(   62): failed to extract an album art
E/WVMExtractor(   62): Failed to open libwvm.so
E/WVMExtractor(   62): Failed to open libwvm.so
E/WVMExtractor(   62): Failed to open libwvm.so
E/WVMExtractor(   62): Failed to open libwvm.so
E/WVMExtractor(   62): Failed to open libwvm.so
E/WVMExtractor(   62): Failed to open libwvm.so
E/WVMExtractor(   62): Failed to open libwvm.so
E/WVMExtractor(   62): Failed to open libwvm.so
E/WVMExtractor(   62): Failed to open libwvm.so
E/WVMExtractor(   62): Failed to open libwvm.so
E/WVMExtractor(   62): Failed to open libwvm.so
E/WVMExtractor(   62): Failed to open libwvm.so
E/WVMExtractor(   62): Failed to open libwvm.so
E/WVMExtractor(   62): Failed to open libwvm.so
E/WVMExtractor(   62): Failed to open libwvm.so
E/WVMExtractor(   62): Failed to open libwvm.so
E/WVMExtractor(   62): Failed to open libwvm.so
E/WVMExtractor(   62): Failed to open libwvm.so
E/WVMExtractor(   62): Failed to open libwvm.so
E/WVMExtractor(   62): Failed to open libwvm.so
E/WVMExtractor(   62): Failed to open libwvm.so
E/WVMExtractor(   62): Failed to open libwvm.so
E/WVMExtractor(   62): Failed to open libwvm.so
E/WVMExtractor(   62): Failed to open libwvm.so
E/WVMExtractor(   62): Failed to open libwvm.so
E/WVMExtractor(   62): Failed to open libwvm.so
E/WVMExtractor(   62): Failed to open libwvm.so
E/WVMExtractor(   62): Failed to open libwvm.so
E/WVMExtractor(   62): Failed to open libwvm.so
E/WVMExtractor(   62): Failed to open libwvm.so
E/WVMExtractor(   62): Failed to open libwvm.so
E/WVMExtractor(   62): Failed to open libwvm.so
E/WVMExtractor(   62): Failed to open libwvm.so
E/WVMExtractor(   62): Failed to open libwvm.so
E/WVMExtractor(   62): Failed to open libwvm.so
E/WVMExtractor(   62): Failed to open libwvm.so
E/WVMExtractor(   62): Failed to open libwvm.so
E/WVMExtractor(   62): Failed to open libwvm.so
E/MetadataRetrieverClient(   62): failed to extract an album art
E/WVMExtractor(   62): Failed to open libwvm.so
E/MetadataRetrieverClient(   62): failed to extract an album art
I/ActivityManager(  222): No longer want com.android.contacts (pid 709): hidden #16
W/dalvikvm(  222): DroidBox: { "FdAccess": { "path": "2f70726f632f3232322f6e65742f78745f717461677569642f69666163655f737461745f616c6c", "id": "589200068" } }
W/DroidBox(  222): DroidBox: { "FileRW": { "operation": "read", "data": "6c6f20312030203020302030203337333620353320333733362035330a65746830203120302030203020302032333035383620313536382031393636323820313334330a0000000000000000000000000000000000000000000000000000000000000000", "id": "589200068" } }
W/dalvikvm(  222): DroidBox: { "FdAccess": { "path": "2f70726f632f3232322f6e65742f78745f717461677569642f69666163655f737461745f616c6c", "id": "225480370" } }
W/DroidBox(  222): DroidBox: { "FileRW": { "operation": "read", "data": "313334330a3820313334330a313334330a3820313334330a330a330a330a330a330a313334330a34330a313334330a34330a313334330a330a330a330a330a330a34330a0000000000000000000000000000000000000000000000000000000000000000", "id": "225480370" } }
W/ThrottleService(  222): unable to find stats for iface rmnet0
E/ThrottleService(  222): Error reading data file
