D/InputEventConsistencyVerifier(  630): KeyEvent: ACTION_UP but key was not down.
D/InputEventConsistencyVerifier(  630):   in com.android.internal.policy.impl.PhoneWindow$DecorView@b416c1c8
D/InputEventConsistencyVerifier(  630):   0: sent at 153679000000, KeyEvent { action=ACTION_UP, keyCode=KEYCODE_DPAD_RIGHT, scanCode=0, metaState=0, flags=0x8, repeatCount=0, eventTime=153679, downTime=153679, deviceId=-1, source=0x101 }
E/WVMExtractor(   62): Failed to open libwvm.so
W/dalvikvm( 1062): DroidBox: { "FdAccess": { "path": "2f6465762f696e7075742f6576656e7430", "id": "913682298" } }
W/DroidBox( 1062): DroidBox: { "FileRW": { "operation": "write", "data": "efbfbd060000efbfbdefbfbd0c000500000000000000", "id": "913682298" } }
I/ActivityManager(  226): START {act=android.search.action.GLOBAL_SEARCH flg=0x10000000 cmp=com.android.quicksearchbox/.SearchActivity bnds=[5,43][475,103] (has extras) u=0} from pid 630
I/Choreographer(  630): Skipped 34 frames!  The application may be doing too much work on its main thread.
E/Trace   ( 1081): error opening trace file: No such file or directory (2)
W/DroidBox( 1081): DroidBox: { "DexClassLoader": { "path": "/data/app/canadaday.iconosys.fre-1.apk" } }
I/dalvikvm-heap(  630): Grow heap (frag case) to 15.327MB for 1463056-byte allocation
I/dalvikvm-heap( 1081): Grow heap (frag case) to 10.064MB for 1639696-byte allocation
W/InputMethodManagerService(  226): Starting input on non-focused client com.android.internal.view.IInputMethodClient$Stub$Proxy@b3fa03d0 (uid=10019 pid=630)
I/dalvikvm-heap( 1081): Grow heap (frag case) to 13.580MB for 3689296-byte allocation
D/InputEventConsistencyVerifier(  630): KeyEvent: ACTION_UP but key was not down.
D/InputEventConsistencyVerifier(  630):   in com.android.launcher2.Cling@b40ffa98
D/InputEventConsistencyVerifier(  630):   0: sent at 154145000000, KeyEvent { action=ACTION_UP, keyCode=KEYCODE_DPAD_DOWN, scanCode=0, metaState=0, flags=0x8, repeatCount=0, eventTime=154145, downTime=154145, deviceId=-1, source=0x101 }
I/Choreographer(  630): Skipped 388 frames!  The application may be doing too much work on its main thread.
I/Choreographer(  630): Skipped 37 frames!  The application may be doing too much work on its main thread.
I/dalvikvm-heap( 1081): Grow heap (frag case) to 14.242MB for 1614356-byte allocation
I/Choreographer(  630): Skipped 36 frames!  The application may be doing too much work on its main thread.
I/Choreographer(  630): Skipped 38 frames!  The application may be doing too much work on its main thread.
E/WVMExtractor(   62): Failed to open libwvm.so
E/WVMExtractor(   62): Failed to open libwvm.so
I/dalvikvm-heap( 1081): Grow heap (frag case) to 19.366MB for 934096-byte allocation
I/dalvikvm-heap( 1081): Grow heap (frag case) to 20.260MB for 934096-byte allocation
I/dalvikvm-heap( 1081): Grow heap (frag case) to 21.152MB for 934096-byte allocation
E/WVMExtractor(   62): Failed to open libwvm.so
E/WVMExtractor(   62): Failed to open libwvm.so
W/DroidBox( 1081): DroidBox: { "ServiceStart": { "name": "canadaday.iconosys.fre.ValentineSvc" } }
W/BackupManagerService(  226): dataChanged but no participant pkg='com.android.providers.settings' uid=10011
W/dalvikvm(  226): DroidBox: { "FdAccess": { "path": "2f70726f632f313033312f636d646c696e65", "id": "1246074293" } }
W/DroidBox(  226): DroidBox: { "FileRW": { "operation": "read", "data": "636f6d2e616e64726f69642e6d757369636678000000000000000000000000000000000000000000000000000000000000000000000000000000000000000000000000000000000000000000702f31356165333139646438646261396334363364653937", "id": "1246074293" } }
W/dalvikvm(  226): DroidBox: { "FdAccess": { "path": "2f70726f632f313034342f636d646c696e65", "id": "590480675" } }
W/DroidBox(  226): DroidBox: { "FileRW": { "operation": "read", "data": "636f6d2e73766f782e7069636f000000000000000000000000000000000000000000000000000000000000000000000000000000000000000000000000000000000000000000000000000000702f31356165333139646438646261396334363364653937", "id": "590480675" } }
W/dalvikvm(  226): DroidBox: { "FdAccess": { "path": "2f70726f632f313036322f636d646c696e65", "id": "1186137492" } }
W/DroidBox(  226): DroidBox: { "FileRW": { "operation": "read", "data": "636f6d2e616e64726f69642e636f6d6d616e64732e6d6f6e6b657900000000000000000000000000000000000000000000000000000000000000000000000000000000000000000000000000000000000000000000000000000000000000363364653937", "id": "1186137492" } }
W/dalvikvm(  226): DroidBox: { "FdAccess": { "path": "2f70726f632f313036342f636d646c696e65", "id": "1449498320" } }
W/DroidBox(  226): DroidBox: { "FileRW": { "operation": "read", "data": "6c6f676361740044726f6964426f783a570064616c76696b766d3a570041637469766974794d616e616765723a49000000000000000000000000000000000000000000000000000000000000000000000000000000000000000000000000363364653937", "id": "1449498320" } }
W/dalvikvm(  226): DroidBox: { "FdAccess": { "path": "2f70726f632f313036362f636d646c696e65", "id": "514106364" } }
W/DroidBox(  226): DroidBox: { "FileRW": { "operation": "read", "data": "2f73797374656d2f62696e2f7368002d63007368202e2f7364636172642f65786563757465537472616365496e2e736800000000000000000000000000000000000000000000000000000000000000000000000000000000000000000000363364653937", "id": "514106364" } }
W/dalvikvm(  226): DroidBox: { "FdAccess": { "path": "2f70726f632f313036382f636d646c696e65", "id": "1893862755" } }
W/DroidBox(  226): DroidBox: { "FileRW": { "operation": "read", "data": "7368002e2f7364636172642f65786563757465537472616365496e2e736800786563757465537472616365496e2e736800000000000000000000000000000000000000000000000000000000000000000000000000000000000000000000363364653937", "id": "1893862755" } }
W/dalvikvm(  226): DroidBox: { "FdAccess": { "path": "2f70726f632f313036392f636d646c696e65", "id": "1337047082" } }
W/DroidBox(  226): DroidBox: { "FileRW": { "operation": "read", "data": "737472616365002d70003630002d66002d747446002d6f002f7364636172642f313561653331396464386462613963343633646539376562303237393666653062383265386535323336346132656561306133313331376639343532313433662e61706b", "id": "1337047082" } }
W/dalvikvm(  226): DroidBox: { "FdAccess": { "path": "2f70726f632f313038312f636d646c696e65", "id": "2141647210" } }
W/DroidBox(  226): DroidBox: { "FileRW": { "operation": "read", "data": "63616e6164616461792e69636f6e6f7379732e66726500000000000000000000000000000000000000000000000000000000000000000000000000000000000000000000000000000000000032656561306133313331376639343532313433662e61706b", "id": "2141647210" } }
I/ActivityManager(  226): START {cmp=canadaday.iconosys.fre/.RegistrationScreen u=0} from pid 1081
E/WVMExtractor(   62): Failed to open libwvm.so
W/Buzzer  ( 1081): Bind Success
I/Choreographer( 1081): Skipped 116 frames!  The application may be doing too much work on its main thread.
E/MetadataRetrieverClient(   62): failed to extract an album art
E/WVMExtractor(   62): Failed to open libwvm.so
E/WVMExtractor(   62): Failed to open libwvm.so
E/WVMExtractor(   62): Failed to open libwvm.so
I/Choreographer( 1081): Skipped 297 frames!  The application may be doing too much work on its main thread.
E/WVMExtractor(   62): Failed to open libwvm.so
V/PhoneStatusBar(  439): setLightsOn(true)
E/WVMExtractor(   62): Failed to open libwvm.so
I/Choreographer( 1081): Skipped 157 frames!  The application may be doing too much work on its main thread.
D/InputEventConsistencyVerifier( 1081): KeyEvent: ACTION_UP but key was not down.
D/InputEventConsistencyVerifier( 1081):   in android.widget.EditText@b453a028
D/InputEventConsistencyVerifier( 1081):   0: sent at 161186000000, KeyEvent { action=ACTION_UP, keyCode=KEYCODE_DPAD_DOWN, scanCode=0, metaState=0, flags=0x8, repeatCount=0, eventTime=161186, downTime=161186, deviceId=-1, source=0x101 }
D/PackageManager(  226): generateServicesMap(android.accounts.AccountAuthenticator): 2 services unchanged
I/InputReader(  226): Reconfiguring input devices.  changes=0x00000010
D/PackageManager(  226): generateServicesMap(android.content.SyncAdapter): 4 services unchanged
D/gralloc_goldfish( 1081): Emulator without GPU emulation detected.
W/dalvikvm(  885): DroidBox: { "FdAccess": { "path": "2f646174612f646174612f636f6d2e616e64726f69642e67616c6c65727933642f7368617265645f70726566732f636f6d2e616e64726f69642e67616c6c65727933645f707265666572656e6365732e786d6c", "id": "1407315787" } }
W/DroidBox(  885): DroidBox: { "FileRW": { "operation": "write", "data": "3c3f786d6c2076657273696f6e3d27312e302720656e636f64696e673d277574662d3827207374616e64616c6f6e653d2779657327203f3e0a3c6d61703e0a3c696e74206e616d653d227061636b616765732d76657273696f6e222076616c75653d2238", "id": "1407315787" } }
I/AccountTypeManager(  766): Loaded meta-data for 1 account types, 0 accounts in 181ms(wall) 0ms(cpu)
I/ActivityManager(  226): Displayed canadaday.iconosys.fre/.RegistrationScreen: +3s491ms (total +8s938ms)
I/Choreographer( 1081): Skipped 97 frames!  The application may be doing too much work on its main thread.
E/WVMExtractor(   62): Failed to open libwvm.so
I/Choreographer( 1081): Skipped 60 frames!  The application may be doing too much work on its main thread.
W/ActivityManager(  226): Launch timeout has expired, giving up wake lock!
I/Choreographer(  494): Skipped 521 frames!  The application may be doing too much work on its main thread.
D/gralloc_goldfish(  494): Emulator without GPU emulation detected.
I/dalvikvm-heap(  494): Grow heap (frag case) to 10.129MB for 591376-byte allocation
D/InputEventConsistencyVerifier( 1081): KeyEvent: ACTION_UP but key was not down.
D/InputEventConsistencyVerifier( 1081):   in android.widget.EditText@b453bca0
D/InputEventConsistencyVerifier( 1081):   0: sent at 163440000000, KeyEvent { action=ACTION_UP, keyCode=KEYCODE_DPAD_DOWN, scanCode=0, metaState=0, flags=0x400, repeatCount=0, eventTime=163440, downTime=163440, deviceId=-1, source=0x101 }
I/Choreographer(  494): Skipped 156 frames!  The application may be doing too much work on its main thread.
D/InputEventConsistencyVerifier( 1081): KeyEvent: ACTION_UP but key was not down.
D/InputEventConsistencyVerifier( 1081):   in android.widget.LinearLayout@b453d588
D/InputEventConsistencyVerifier( 1081):   0: sent at 163441000000, KeyEvent { action=ACTION_UP, keyCode=KEYCODE_DPAD_DOWN, scanCode=0, metaState=0, flags=0x400, repeatCount=0, eventTime=163441, downTime=163441, deviceId=-1, source=0x101 }
I/InputAttributes(  494): InputType.TYPE_NULL is specified
I/Choreographer(  494): Skipped 147 frames!  The application may be doing too much work on its main thread.
I/InputAttributes(  494): InputType.TYPE_NULL is specified
D/InputEventConsistencyVerifier( 1081): KeyEvent: ACTION_UP but key was not down.
D/InputEventConsistencyVerifier( 1081):   in android.widget.LinearLayout@b4432cf0
D/InputEventConsistencyVerifier( 1081):   0: sent at 163442000000, KeyEvent { action=ACTION_UP, keyCode=KEYCODE_DPAD_DOWN, scanCode=0, metaState=0, flags=0x400, repeatCount=0, eventTime=163442, downTime=163442, deviceId=-1, source=0x101 }
I/Choreographer( 1081): Skipped 30 frames!  The application may be doing too much work on its main thread.
I/Choreographer( 1081): Skipped 34 frames!  The application may be doing too much work on its main thread.
I/Choreographer( 1081): Skipped 40 frames!  The application may be doing too much work on its main thread.
I/Choreographer(  494): Skipped 211 frames!  The application may be doing too much work on its main thread.
I/InputDispatcher(  226): Window 'Window{b3fa7238 canadaday.iconosys.fre/canadaday.iconosys.fre.RegistrationScreen paused=false}' spent 4801.9ms processing the last input event: KeyEvent(action=0, deviceId=-1, source=0x00000101)
I/ActivityManager(  226): START {act=android.intent.action.MAIN cat=[android.intent.category.HOME] flg=0x10200000 cmp=com.android.launcher/com.android.launcher2.Launcher u=0} from pid 226
D/InputEventConsistencyVerifier( 1081): TrackballEvent: Trackball is down but pressure is not greater than 0.
D/InputEventConsistencyVerifier( 1081):   in android.view.ViewRootImpl@b4863478
D/InputEventConsistencyVerifier( 1081):   0: sent at 168468000000, MotionEvent { action=ACTION_DOWN, id[0]=0, x[0]=0.0, y[0]=0.0, toolType[0]=TOOL_TYPE_UNKNOWN, buttonState=0, metaState=0, flags=0x0, edgeFlags=0x0, pointerCount=1, historySize=0, eventTime=168468, downTime=168393, deviceId=0, source=0x10004 }
D/InputEventConsistencyVerifier( 1081):   -- recent events --
D/InputEventConsistencyVerifier( 1081):   1: sent at 168647000000, KeyEvent { action=ACTION_UP, keyCode=KEYCODE_DPAD_DOWN, scanCode=0, metaState=0, flags=0x400, repeatCount=0, eventTime=168647, downTime=168647, deviceId=-1, source=0x101 }
D/InputEventConsistencyVerifier( 1081):   2: sent at 168647000000, KeyEvent { action=ACTION_DOWN, keyCode=KEYCODE_DPAD_DOWN, scanCode=0, metaState=0, flags=0x400, repeatCount=0, eventTime=168647, downTime=168647, deviceId=-1, source=0x101 }
D/InputEventConsistencyVerifier( 1081):   3: sent at 168647000000, KeyEvent { action=ACTION_UP, keyCode=KEYCODE_DPAD_DOWN, scanCode=0, metaState=0, flags=0x400, repeatCount=0, eventTime=168647, downTime=168647, deviceId=-1, source=0x101 }
D/InputEventConsistencyVerifier( 1081):   4: sent at 168647000000, KeyEvent { action=ACTION_DOWN, keyCode=KEYCODE_DPAD_DOWN, scanCode=0, metaState=0, flags=0x400, repeatCount=0, eventTime=168647, downTime=168647, deviceId=-1, source=0x101 }
D/InputEventConsistencyVerifier( 1081):   5: sent at 168646000000, KeyEvent { action=ACTION_UP, keyCode=KEYCODE_DPAD_DOWN, scanCode=0, metaState=0, flags=0x400, repeatCount=0, eventTime=168646, downTime=168646, deviceId=-1, source=0x101 }
I/Choreographer( 1081): Skipped 72 frames!  The application may be doing too much work on its main thread.
V/PhoneStatusBar(  439): setLightsOn(true)
I/Choreographer( 1081): Skipped 121 frames!  The application may be doing too much work on its main thread.
W/InputMethodManagerService(  226): Window already focused, ignoring focus gain of: com.android.internal.view.IInputMethodClient$Stub$Proxy@b43582e8 attribute=android.view.inputmethod.EditorInfo@b4359208
I/InputAttributes(  494): InputType.TYPE_NULL is specified
I/ActivityManager(  226): START {act=android.intent.action.MAIN cat=[android.intent.category.LAUNCHER] flg=0x10000000 cmp=com.android.browser/.BrowserActivity sel={act=android.intent.action.MAIN cat=[android.intent.category.APP_BROWSER]} u=0} from pid 226
I/Choreographer(  494): Skipped 115 frames!  The application may be doing too much work on its main thread.
D/InputEventConsistencyVerifier( 1081): KeyEvent: ACTION_UP but key was not down.
D/InputEventConsistencyVerifier( 1081):   in com.android.internal.policy.impl.PhoneWindow$DecorView@b451add8
D/InputEventConsistencyVerifier( 1081):   0: sent at 169888000000, KeyEvent { action=ACTION_UP, keyCode=KEYCODE_DPAD_RIGHT, scanCode=0, metaState=0, flags=0x8, repeatCount=0, eventTime=169888, downTime=169888, deviceId=-1, source=0x101 }
D/InputEventConsistencyVerifier( 1081):   -- recent events --
D/InputEventConsistencyVerifier( 1081):   1: sent at 169794000000, MotionEvent { action=ACTION_UP, id[0]=0, x[0]=37.0, y[0]=292.0, toolType[0]=TOOL_TYPE_UNKNOWN, buttonState=0, metaState=0, flags=0x0, edgeFlags=0x0, pointerCount=1, historySize=0, eventTime=169794, downTime=169714, deviceId=0, source=0x1002 }
D/InputEventConsistencyVerifier( 1081):   2: sent at 169728000000, MotionEvent { action=ACTION_MOVE, id[0]=0, x[0]=43.0, y[0]=295.0, toolType[0]=TOOL_TYPE_UNKNOWN, buttonState=0, metaState=0, flags=0x0, edgeFlags=0x0, pointerCount=1, historySize=2, eventTime=169728, downTime=169714, deviceId=0, source=0x1002 }
D/InputEventConsistencyVerifier( 1081):   3: sent at 169715000000, MotionEvent { action=ACTION_DOWN, id[0]=0, x[0]=57.0, y[0]=301.0, toolType[0]=TOOL_TYPE_UNKNOWN, buttonState=0, metaState=0, flags=0x0, edgeFlags=0x0, pointerCount=1, historySize=0, eventTime=169715, downTime=169714, deviceId=0, source=0x1002 }
D/InputEventConsistencyVerifier( 1081):   4: sent at 163464000000, (unhandled) KeyEvent { action=ACTION_UP, keyCode=KEYCODE_MENU, scanCode=0, metaState=0, flags=0x8, repeatCount=0, eventTime=163464, downTime=163464, deviceId=-1, source=0x101 }
D/InputEventConsistencyVerifier( 1081):   5: sent at 162733000000, (unhandled) KeyEvent { action=ACTION_DOWN, keyCode=KEYCODE_MENU, scanCode=0, metaState=0, flags=0x8, repeatCount=0, eventTime=162733, downTime=162733, deviceId=-1, source=0x101 }
D/InputEventConsistencyVerifier( 1081): KeyEvent: ACTION_UP but key was not down.
D/InputEventConsistencyVerifier( 1081):   in android.view.ViewRootImpl@b4842440
D/InputEventConsistencyVerifier( 1081):   0: sent at 170403000000, KeyEvent { action=ACTION_UP, keyCode=KEYCODE_EXPLORER, scanCode=0, metaState=0, flags=0x8, repeatCount=0, eventTime=170403, downTime=170403, deviceId=-1, source=0x101 }
D/InputEventConsistencyVerifier( 1081):   -- recent events --
D/InputEventConsistencyVerifier( 1081):   1: sent at 170718000000, KeyEvent { action=ACTION_UP, keyCode=KEYCODE_N, scanCode=0, metaState=0, flags=0x0, repeatCount=0, eventTime=170718, downTime=170718, deviceId=-1, source=0x101 }
D/InputEventConsistencyVerifier( 1081):   2: sent at 170718000000, KeyEvent { action=ACTION_DOWN, keyCode=KEYCODE_N, scanCode=0, metaState=0, flags=0x0, repeatCount=0, eventTime=170718, downTime=170718, deviceId=-1, source=0x101 }
D/InputEventConsistencyVerifier( 1081):   3: sent at 170333000000, MotionEvent { action=ACTION_UP, id[0]=0, x[0]=292.0, y[0]=426.0, toolType[0]=TOOL_TYPE_UNKNOWN, buttonState=0, metaState=0, flags=0x0, edgeFlags=0x0, pointerCount=1, historySize=0, eventTime=170333, downTime=170321, deviceId=0, source=0x1002 }
D/InputEventConsistencyVerifier( 1081):   4: sent at 170329000000, MotionEvent { action=ACTION_MOVE, id[0]=0, x[0]=277.0, y[0]=417.0, toolType[0]=TOOL_TYPE_UNKNOWN, buttonState=0, metaState=0, flags=0x0, edgeFlags=0x0, pointerCount=1, historySize=0, eventTime=170329, downTime=170321, deviceId=0, source=0x1002 }
D/InputEventConsistencyVerifier( 1081):   5: sent at 170322000000, MotionEvent { action=ACTION_DOWN, id[0]=0, x[0]=270.0, y[0]=402.0, toolType[0]=TOOL_TYPE_UNKNOWN, buttonState=0, metaState=0, flags=0x0, edgeFlags=0x0, pointerCount=1, historySize=0, eventTime=170322, downTime=170321, deviceId=0, source=0x1002 }
I/Choreographer(  494): Skipped 321 frames!  The application may be doing too much work on its main thread.
I/Choreographer(  494): Skipped 43 frames!  The application may be doing too much work on its main thread.
I/InputAttributes(  494): InputType.TYPE_NULL is specified
D/InputEventConsistencyVerifier( 1081): KeyEvent: ACTION_UP but key was not down.
D/InputEventConsistencyVerifier( 1081):   in android.widget.LinearLayout@b4520d38
D/InputEventConsistencyVerifier( 1081):   0: sent at 172349000000, KeyEvent { action=ACTION_UP, keyCode=KEYCODE_DPAD_UP, scanCode=0, metaState=0, flags=0x400, repeatCount=0, eventTime=172349, downTime=172349, deviceId=-1, source=0x101 }
I/Choreographer(  494): Skipped 108 frames!  The application may be doing too much work on its main thread.
I/Choreographer(  630): Skipped 31 frames!  The application may be doing too much work on its main thread.
D/InputEventConsistencyVerifier( 1081): KeyEvent: ACTION_UP but key was not down.
D/InputEventConsistencyVerifier( 1081):   in com.android.internal.policy.impl.PhoneWindow$DecorView@b451add8
D/InputEventConsistencyVerifier( 1081):   0: sent at 173594000000, KeyEvent { action=ACTION_UP, keyCode=KEYCODE_DPAD_RIGHT, scanCode=0, metaState=0, flags=0x400, repeatCount=0, eventTime=173594, downTime=173594, deviceId=-1, source=0x101 }
D/InputEventConsistencyVerifier( 1081):   -- recent events --
D/InputEventConsistencyVerifier( 1081):   1: sent at 172449000000, (unhandled) MotionEvent { action=ACTION_MOVE, id[0]=0, x[0]=4.0, y[0]=-4.0, toolType[0]=TOOL_TYPE_UNKNOWN, buttonState=0, metaState=0, flags=0x0, edgeFlags=0x0, pointerCount=1, historySize=4, eventTime=172449, downTime=-1, deviceId=0, source=0x10004 }
D/InputEventConsistencyVerifier( 1081):   2: sent at 172493000000, MotionEvent { action=ACTION_UP, id[0]=0, x[0]=86.0, y[0]=362.0, toolType[0]=TOOL_TYPE_UNKNOWN, buttonState=0, metaState=0, flags=0x0, edgeFlags=0x0, pointerCount=1, historySize=0, eventTime=172493, downTime=172477, deviceId=0, source=0x1002 }
D/InputEventConsistencyVerifier( 1081):   3: sent at 172477000000, MotionEvent { action=ACTION_DOWN, id[0]=0, x[0]=87.0, y[0]=357.0, toolType[0]=TOOL_TYPE_UNKNOWN, buttonState=0, metaState=0, flags=0x0, edgeFlags=0x0, pointerCount=1, historySize=0, eventTime=172477, downTime=172477, deviceId=0, source=0x1002 }
D/InputEventConsistencyVerifier( 1081):   4: sent at 172350000000, (unhandled) MotionEvent { action=ACTION_MOVE, id[0]=0, x[0]=4.0, y[0]=1.0, toolType[0]=TOOL_TYPE_UNKNOWN, buttonState=0, metaState=0, flags=0x0, edgeFlags=0x0, pointerCount=1, historySize=2, eventTime=172350, downTime=-1, deviceId=0, source=0x10004 }
D/InputEventConsistencyVerifier( 1081):   5: sent at 172354000000, (unhandled) KeyEvent { action=ACTION_UP, keyCode=KEYCODE_DPAD_UP, scanCode=0, metaState=0, flags=0x400, repeatCount=0, eventTime=172354, downTime=172354, deviceId=-1, source=0x101 }
E/WVMExtractor(   62): Failed to open libwvm.so
E/WVMExtractor(   62): Failed to open libwvm.so
E/WVMExtractor(   62): Failed to open libwvm.so
D/InputEventConsistencyVerifier( 1081): KeyEvent: ACTION_UP but key was not down.
D/InputEventConsistencyVerifier( 1081):   in android.widget.LinearLayout@b4528460
D/InputEventConsistencyVerifier( 1081):   0: sent at 174810000000, KeyEvent { action=ACTION_UP, keyCode=KEYCODE_DPAD_DOWN, scanCode=0, metaState=0, flags=0x8, repeatCount=0, eventTime=174810, downTime=174810, deviceId=-1, source=0x101 }
D/InputEventConsistencyVerifier( 1081):   -- recent events --
D/InputEventConsistencyVerifier( 1081):   1: sent at 172493000000, MotionEvent { action=ACTION_UP, id[0]=0, x[0]=86.0, y[0]=272.0, toolType[0]=TOOL_TYPE_UNKNOWN, buttonState=0, metaState=0, flags=0x0, edgeFlags=0x0, pointerCount=1, historySize=0, eventTime=172493, downTime=172477, deviceId=0, source=0x1002 }
D/InputEventConsistencyVerifier( 1081):   2: sent at 172477000000, MotionEvent { action=ACTION_DOWN, id[0]=0, x[0]=87.0, y[0]=267.0, toolType[0]=TOOL_TYPE_UNKNOWN, buttonState=0, metaState=0, flags=0x0, edgeFlags=0x0, pointerCount=1, historySize=0, eventTime=172477, downTime=172477, deviceId=0, source=0x1002 }
D/InputEventConsistencyVerifier( 1081):   3: sent at 172349000000, (unhandled) KeyEvent { action=ACTION_DOWN, keyCode=KEYCODE_DPAD_UP, scanCode=0, metaState=0, flags=0x400, repeatCount=0, eventTime=172349, downTime=172349, deviceId=-1, source=0x101 }
D/InputEventConsistencyVerifier( 1081):   4: sent at 172344000000, (unhandled) KeyEvent { action=ACTION_MULTIPLE, keyCode=KEYCODE_DPAD_UP, scanCode=0, metaState=0, flags=0x400, repeatCount=3, eventTime=172344, downTime=172344, deviceId=-1, source=0x101 }
D/InputEventConsistencyVerifier( 1081):   5: sent at 172289000000, (unhandled) MotionEvent { action=ACTION_MOVE, id[0]=0, x[0]=-3.0, y[0]=-5.0, toolType[0]=TOOL_TYPE_UNKNOWN, buttonState=0, metaState=0, flags=0x0, edgeFlags=0x0, pointerCount=1, historySize=0, eventTime=172289, downTime=-1, deviceId=0, source=0x10004 }
I/Choreographer( 1081): Skipped 34 frames!  The application may be doing too much work on its main thread.
I/Choreographer(  494): Skipped 195 frames!  The application may be doing too much work on its main thread.
E/WVMExtractor(   62): Failed to open libwvm.so
I/Choreographer(  494): Skipped 203 frames!  The application may be doing too much work on its main thread.
I/Choreographer(  494): Skipped 55 frames!  The application may be doing too much work on its main thread.
I/Choreographer( 1081): Skipped 31 frames!  The application may be doing too much work on its main thread.
I/Choreographer( 1081): Skipped 44 frames!  The application may be doing too much work on its main thread.
E/WVMExtractor(   62): Failed to open libwvm.so
V/PhoneStatusBar(  439): setLightsOn(true)
W/InputManager(  226): Input event injection from pid 1062 failed.
I/Choreographer( 1081): Skipped 123 frames!  The application may be doing too much work on its main thread.
W/InputMethodManagerService(  226): Window already focused, ignoring focus gain of: com.android.internal.view.IInputMethodClient$Stub$Proxy@b4115e90 attribute=null
E/WVMExtractor(   62): Failed to open libwvm.so
I/InputAttributes(  494): InputType.TYPE_NULL is specified
I/qtaguid (  226): Failed write_ctrl(s 1 10050) res=-1 errno=1
W/NetworkManagementSocketTagger(  226): setKernelCountSet(10050, 1) failed with errno -1
I/qtaguid (  226): Failed write_ctrl(s 0 10019) res=-1 errno=1
W/NetworkManagementSocketTagger(  226): setKernelCountSet(10019, 0) failed with errno -1
I/Choreographer( 1081): Skipped 40 frames!  The application may be doing too much work on its main thread.
I/Choreographer(  494): Skipped 199 frames!  The application may be doing too much work on its main thread.
I/InputAttributes(  494): InputType.TYPE_NULL is specified
I/Choreographer(  494): Skipped 69 frames!  The application may be doing too much work on its main thread.
D/InputEventConsistencyVerifier( 1081): KeyEvent: ACTION_UP but key was not down.
D/InputEventConsistencyVerifier( 1081):   in com.android.internal.policy.impl.PhoneWindow$DecorView@b451add8
D/InputEventConsistencyVerifier( 1081):   0: sent at 179119000000, KeyEvent { action=ACTION_UP, keyCode=KEYCODE_DPAD_DOWN, scanCode=0, metaState=0, flags=0x400, repeatCount=0, eventTime=179119, downTime=179119, deviceId=-1, source=0x101 }
D/InputEventConsistencyVerifier( 1081):   -- recent events --
D/InputEventConsistencyVerifier( 1081):   1: sent at 178948000000, (unhandled) MotionEvent { action=ACTION_MOVE, id[0]=0, x[0]=-3.0, y[0]=3.0, toolType[0]=TOOL_TYPE_UNKNOWN, buttonState=0, metaState=0, flags=0x0, edgeFlags=0x0, pointerCount=1, historySize=8, eventTime=178948, downTime=-1, deviceId=0, source=0x10004 }
D/InputEventConsistencyVerifier( 1081):   2: sent at 178856000000, MotionEvent { action=ACTION_UP, id[0]=0, x[0]=0.0, y[0]=365.0, toolType[0]=TOOL_TYPE_UNKNOWN, buttonState=0, metaState=0, flags=0x0, edgeFlags=0x0, pointerCount=1, historySize=0, eventTime=178856, downTime=178797, deviceId=0, source=0x1002 }
D/InputEventConsistencyVerifier( 1081):   3: sent at 178853000000, MotionEvent { action=ACTION_MOVE, id[0]=0, x[0]=0.0, y[0]=367.0, toolType[0]=TOOL_TYPE_UNKNOWN, buttonState=0, metaState=0, flags=0x0, edgeFlags=0x0, pointerCount=1, historySize=3, eventTime=178853, downTime=178797, deviceId=0, source=0x1002 }
D/InputEventConsistencyVerifier( 1081):   4: sent at 178799000000, MotionEvent { action=ACTION_DOWN, id[0]=0, x[0]=17.0, y[0]=377.0, toolType[0]=TOOL_TYPE_UNKNOWN, buttonState=0, metaState=0, flags=0x0, edgeFlags=0x0, pointerCount=1, historySize=0, eventTime=178799, downTime=178797, deviceId=0, source=0x1002 }
D/InputEventConsistencyVerifier( 1081):   5: sent at 178773000000, MotionEvent { action=ACTION_UP, id[0]=0, x[0]=59.0, y[0]=492.0, toolType[0]=TOOL_TYPE_UNKNOWN, buttonState=0, metaState=0, flags=0x0, edgeFlags=0x0, pointerCount=1, historySize=0, eventTime=178773, downTime=178761, deviceId=0, source=0x1002 }
D/InputEventConsistencyVerifier( 1081): KeyEvent: ACTION_UP but key was not down.
D/InputEventConsistencyVerifier( 1081):   in android.widget.LinearLayout@b4528460
D/InputEventConsistencyVerifier( 1081):   0: sent at 179120000000, KeyEvent { action=ACTION_UP, keyCode=KEYCODE_DPAD_DOWN, scanCode=0, metaState=0, flags=0x400, repeatCount=0, eventTime=179120, downTime=179120, deviceId=-1, source=0x101 }
D/InputEventConsistencyVerifier( 1081):   -- recent events --
D/InputEventConsistencyVerifier( 1081):   1: sent at 178799000000, (unhandled) MotionEvent { action=ACTION_DOWN, id[0]=0, x[0]=17.0, y[0]=287.0, toolType[0]=TOOL_TYPE_UNKNOWN, buttonState=0, metaState=0, flags=0x0, edgeFlags=0x0, pointerCount=1, historySize=0, eventTime=178799, downTime=178797, deviceId=0, source=0x1002 }
D/InputEventConsistencyVerifier( 1081):   2: sent at 178773000000, MotionEvent { action=ACTION_UP, id[0]=0, x[0]=59.0, y[0]=402.0, toolType[0]=TOOL_TYPE_UNKNOWN, buttonState=0, metaState=0, flags=0x0, edgeFlags=0x0, pointerCount=1, historySize=0, eventTime=178773, downTime=178761, deviceId=0, source=0x1002 }
D/InputEventConsistencyVerifier( 1081):   3: sent at 178765000000, MotionEvent { action=ACTION_DOWN, id[0]=0, x[0]=60.0, y[0]=398.0, toolType[0]=TOOL_TYPE_UNKNOWN, buttonState=0, metaState=0, flags=0x0, edgeFlags=0x0, pointerCount=1, historySize=0, eventTime=178765, downTime=178761, deviceId=0, source=0x1002 }
D/InputEventConsistencyVerifier( 1081):   4: sent at 178678000000, (unhandled) KeyEvent { action=ACTION_UP, keyCode=KEYCODE_DPAD_DOWN, scanCode=0, metaState=0, flags=0x8, repeatCount=0, eventTime=178678, downTime=178678, deviceId=-1, source=0x101 }
D/InputEventConsistencyVerifier( 1081):   5: sent at 178592000000, (unhandled) KeyEvent { action=ACTION_DOWN, keyCode=KEYCODE_DPAD_DOWN, scanCode=0, metaState=0, flags=0x8, repeatCount=0, eventTime=178592, downTime=178592, deviceId=-1, source=0x101 }
I/Choreographer(  494): Skipped 169 frames!  The application may be doing too much work on its main thread.
I/InputDispatcher(  226): Window 'Window{b3fa7238 canadaday.iconosys.fre/canadaday.iconosys.fre.RegistrationScreen paused=false}' spent 2453.0ms processing the last input event: MotionEvent(action=2, deviceId=0, source=0x00010004)
I/Choreographer(  494): Skipped 79 frames!  The application may be doing too much work on its main thread.
E/WVMExtractor(   62): Failed to open libwvm.so
I/Choreographer(  494): Skipped 112 frames!  The application may be doing too much work on its main thread.
D/InputEventConsistencyVerifier( 1081): KeyEvent: ACTION_UP but key was not down.
D/InputEventConsistencyVerifier( 1081):   in android.widget.LinearLayout@b453d588
D/InputEventConsistencyVerifier( 1081):   0: sent at 181497000000, KeyEvent { action=ACTION_UP, keyCode=KEYCODE_DPAD_DOWN, scanCode=0, metaState=0, flags=0x400, repeatCount=0, eventTime=181497, downTime=181497, deviceId=-1, source=0x101 }
D/InputEventConsistencyVerifier( 1081):   -- recent events --
D/InputEventConsistencyVerifier( 1081):   1: sent at 178799000000, (unhandled) MotionEvent { action=ACTION_DOWN, id[0]=0, x[0]=14.0, y[0]=60.0, toolType[0]=TOOL_TYPE_UNKNOWN, buttonState=0, metaState=0, flags=0x0, edgeFlags=0x0, pointerCount=1, historySize=0, eventTime=178799, downTime=178797, deviceId=0, source=0x1002 }
D/InputEventConsistencyVerifier( 1081):   2: sent at 178678000000, (unhandled) KeyEvent { action=ACTION_UP, keyCode=KEYCODE_DPAD_DOWN, scanCode=0, metaState=0, flags=0x8, repeatCount=0, eventTime=178678, downTime=178678, deviceId=-1, source=0x101 }
D/InputEventConsistencyVerifier( 1081):   3: sent at 172493000000, MotionEvent { action=ACTION_UP, id[0]=0, x[0]=83.0, y[0]=45.0, toolType[0]=TOOL_TYPE_UNKNOWN, buttonState=0, metaState=0, flags=0x0, edgeFlags=0x0, pointerCount=1, historySize=0, eventTime=172493, downTime=172477, deviceId=0, source=0x1002 }
D/InputEventConsistencyVerifier( 1081):   4: sent at 172477000000, MotionEvent { action=ACTION_DOWN, id[0]=0, x[0]=84.0, y[0]=40.0, toolType[0]=TOOL_TYPE_UNKNOWN, buttonState=0, metaState=0, flags=0x0, edgeFlags=0x0, pointerCount=1, historySize=0, eventTime=172477, downTime=172477, deviceId=0, source=0x1002 }
D/InputEventConsistencyVerifier( 1081):   5: sent at 169715000000, (unhandled) MotionEvent { action=ACTION_DOWN, id[0]=0, x[0]=54.0, y[0]=53.0, toolType[0]=TOOL_TYPE_UNKNOWN, buttonState=0, metaState=0, flags=0x0, edgeFlags=0x0, pointerCount=1, historySize=0, eventTime=169715, downTime=169714, deviceId=0, source=0x1002 }
I/InputAttributes(  494): InputType.TYPE_NULL is specified
I/Choreographer(  494): Skipped 123 frames!  The application may be doing too much work on its main thread.
E/WVMExtractor(   62): Failed to open libwvm.so
I/Choreographer( 1081): Skipped 59 frames!  The application may be doing too much work on its main thread.
I/Choreographer(  494): Skipped 36 frames!  The application may be doing too much work on its main thread.
I/Choreographer(  494): Skipped 45 frames!  The application may be doing too much work on its main thread.
I/Choreographer( 1081): Skipped 86 frames!  The application may be doing too much work on its main thread.
W/dalvikvm( 1062): DroidBox: { "FdAccess": { "path": "2f6465762f696e7075742f6576656e7430", "id": "108792984" } }
W/DroidBox( 1062): DroidBox: { "FileRW": { "operation": "write", "data": "7f060000efbfbd3901000500000001000000", "id": "108792984" } }
I/Choreographer( 1081): Skipped 131 frames!  The application may be doing too much work on its main thread.
I/ActivityManager(  226): START {act=android.intent.action.MAIN cat=[android.intent.category.LAUNCHER] flg=0x10200000 cmp=canadaday.iconosys.fre/.Mother u=0} from pid 1062
E/WVMExtractor(   62): Failed to open libwvm.so
I/Choreographer( 1081): Skipped 174 frames!  The application may be doing too much work on its main thread.
V/PhoneStatusBar(  439): setLightsOn(true)
W/InputManager(  226): Input event injection from pid 1062 failed.
W/InputMethodManagerService(  226): Window already focused, ignoring focus gain of: com.android.internal.view.IInputMethodClient$Stub$Proxy@b3f21ea8 attribute=null
I/Choreographer( 1081): Skipped 41 frames!  The application may be doing too much work on its main thread.
I/Choreographer(  494): Skipped 33 frames!  The application may be doing too much work on its main thread.
I/Choreographer( 1081): Skipped 35 frames!  The application may be doing too much work on its main thread.
E/WVMExtractor(   62): Failed to open libwvm.so
I/Choreographer( 1081): Skipped 49 frames!  The application may be doing too much work on its main thread.
D/InputEventConsistencyVerifier( 1081): TrackballEvent: Trackball is down but pressure is not greater than 0.
D/InputEventConsistencyVerifier( 1081):   in android.view.ViewRootImpl@b4c59c60
D/InputEventConsistencyVerifier( 1081):   0: sent at 187561000000, MotionEvent { action=ACTION_DOWN, id[0]=0, x[0]=0.0, y[0]=0.0, toolType[0]=TOOL_TYPE_UNKNOWN, buttonState=0, metaState=0, flags=0x0, edgeFlags=0x0, pointerCount=1, historySize=0, eventTime=187561, downTime=187463, deviceId=0, source=0x10004 }
D/InputEventConsistencyVerifier( 1081):   -- recent events --
D/InputEventConsistencyVerifier( 1081):   1: sent at 187967000000, KeyEvent { action=ACTION_UP, keyCode=KEYCODE_DPAD_LEFT, scanCode=0, metaState=0, flags=0x400, repeatCount=0, eventTime=187967, downTime=187967, deviceId=-1, source=0x101 }
D/InputEventConsistencyVerifier( 1081):   2: sent at 187967000000, KeyEvent { action=ACTION_DOWN, keyCode=KEYCODE_DPAD_LEFT, scanCode=0, metaState=0, flags=0x400, repeatCount=0, eventTime=187967, downTime=187967, deviceId=-1, source=0x101 }
D/InputEventConsistencyVerifier( 1081):   3: sent at 187966000000, KeyEvent { action=ACTION_UP, keyCode=KEYCODE_DPAD_LEFT, scanCode=0, metaState=0, flags=0x400, repeatCount=0, eventTime=187966, downTime=187966, deviceId=-1, source=0x101 }
D/InputEventConsistencyVerifier( 1081):   4: sent at 187966000000, KeyEvent { action=ACTION_DOWN, keyCode=KEYCODE_DPAD_LEFT, scanCode=0, metaState=0, flags=0x400, repeatCount=0, eventTime=187966, downTime=187966, deviceId=-1, source=0x101 }
D/InputEventConsistencyVerifier( 1081):   5: sent at 187528000000, MotionEvent { action=ACTION_MOVE, id[0]=0, x[0]=-2.0, y[0]=0.0, toolType[0]=TOOL_TYPE_UNKNOWN, buttonState=0, metaState=0, flags=0x0, edgeFlags=0x0, pointerCount=1, historySize=19, eventTime=187528, downTime=-1, deviceId=0, source=0x10004 }
W/dalvikvm(  439): DroidBox: { "FdAccess": { "path": "2f70726f632f6d656d696e666f", "id": "233915792" } }
W/DroidBox(  439): DroidBox: { "FileRW": { "operation": "read", "data": "4d656d546f74616c3a202020202020202020373438393634206b420a4d656d467265653a20202020202020202020343232393038206b420a427566666572733a20202020202020202020202035343638206b420a4361636865643a202020202020202020", "id": "233915792" } }
D/InputEventConsistencyVerifier( 1081): KeyEvent: ACTION_UP but key was not down.
D/InputEventConsistencyVerifier( 1081):   in android.widget.EditText@b453bca0
D/InputEventConsistencyVerifier( 1081):   0: sent at 187041000000, KeyEvent { action=ACTION_UP, keyCode=KEYCODE_DPAD_UP, scanCode=0, metaState=0, flags=0x400, repeatCount=0, eventTime=187041, downTime=187041, deviceId=-1, source=0x101 }
D/InputEventConsistencyVerifier( 1081):   -- recent events --
D/InputEventConsistencyVerifier( 1081):   1: sent at 181497000000, (unhandled) KeyEvent { action=ACTION_DOWN, keyCode=KEYCODE_DPAD_DOWN, scanCode=0, metaState=0, flags=0x400, repeatCount=0, eventTime=181497, downTime=181497, deviceId=-1, source=0x101 }
D/InputEventConsistencyVerifier( 1081):   2: sent at 181495000000, (unhandled) KeyEvent { action=ACTION_UP, keyCode=KEYCODE_DPAD_DOWN, scanCode=0, metaState=0, flags=0x400, repeatCount=0, eventTime=181495, downTime=181495, deviceId=-1, source=0x101 }
D/InputEventConsistencyVerifier( 1081):   3: sent at 178592000000, (unhandled) KeyEvent { action=ACTION_DOWN, keyCode=KEYCODE_DPAD_DOWN, scanCode=0, metaState=0, flags=0x8, repeatCount=0, eventTime=178592, downTime=178592, deviceId=-1, source=0x101 }
D/InputEventConsistencyVerifier( 1081):   4: sent at 178542000000, (unhandled) KeyEvent { action=ACTION_UP, keyCode=KEYCODE_DPAD_LEFT, scanCode=0, metaState=0, flags=0x8, repeatCount=0, eventTime=178542, downTime=178542, deviceId=-1, source=0x101 }
D/InputEventConsistencyVerifier( 1081):   5: sent at 178419000000, KeyEvent { action=ACTION_DOWN, keyCode=KEYCODE_DPAD_LEFT, scanCode=0, metaState=0, flags=0x8, repeatCount=0, eventTime=178419, downTime=178419, deviceId=-1, source=0x101 }
I/Choreographer( 1081): Skipped 53 frames!  The application may be doing too much work on its main thread.
W/dalvikvm(  439): DroidBox: { "FdAccess": { "path": "2f70726f632f6d656d696e666f", "id": "1006435727" } }
W/DroidBox(  439): DroidBox: { "FileRW": { "operation": "read", "data": "4d656d546f74616c3a202020202020202020373438393634206b420a4d656d467265653a20202020202020202020343231373932206b420a427566666572733a20202020202020202020202035343638206b420a4361636865643a202020202020202020", "id": "1006435727" } }
W/dalvikvm(  439): DroidBox: { "FdAccess": { "path": "2f70726f632f6d656d696e666f", "id": "820645909" } }
W/DroidBox(  439): DroidBox: { "FileRW": { "operation": "read", "data": "4d656d546f74616c3a202020202020202020373438393634206b420a4d656d467265653a20202020202020202020343231373932206b420a427566666572733a20202020202020202020202035343638206b420a4361636865643a202020202020202020", "id": "820645909" } }
I/Choreographer(  439): Skipped 117 frames!  The application may be doing too much work on its main thread.
D/PhoneStatusBar(  439): disable: < expand icons alerts TICKER* system_info back home recent clock >
D/InputEventConsistencyVerifier(  439): KeyEvent: ACTION_UP but key was not down.
D/InputEventConsistencyVerifier(  439):   in com.android.systemui.statusbar.phone.StatusBarWindowView@b3e7f3a8
D/InputEventConsistencyVerifier(  439):   0: sent at 188605000000, KeyEvent { action=ACTION_UP, keyCode=KEYCODE_DPAD_LEFT, scanCode=0, metaState=0, flags=0x400, repeatCount=0, eventTime=188605, downTime=188605, deviceId=-1, source=0x101 }
D/InputEventConsistencyVerifier(  439):   -- recent events --
D/InputEventConsistencyVerifier(  439):   1: sent at 188365000000, (unhandled) MotionEvent { action=ACTION_MOVE, id[0]=0, x[0]=-4.0, y[0]=-2.0, toolType[0]=TOOL_TYPE_UNKNOWN, buttonState=0, metaState=0, flags=0x0, edgeFlags=0x0, pointerCount=1, historySize=9, eventTime=188365, downTime=-1, deviceId=0, source=0x10004 }
D/InputEventConsistencyVerifier(  439):   2: sent at 188420000000, MotionEvent { action=ACTION_UP, id[0]=0, x[0]=353.0, y[0]=440.0, toolType[0]=TOOL_TYPE_UNKNOWN, buttonState=0, metaState=0, flags=0x0, edgeFlags=0x0, pointerCount=1, historySize=0, eventTime=188420, downTime=188369, deviceId=0, source=0x1002 }
D/InputEventConsistencyVerifier(  439):   3: sent at 188370000000, MotionEvent { action=ACTION_DOWN, id[0]=0, x[0]=365.0, y[0]=455.0, toolType[0]=TOOL_TYPE_UNKNOWN, buttonState=0, metaState=0, flags=0x0, edgeFlags=0x0, pointerCount=1, historySize=0, eventTime=188370, downTime=188369, deviceId=0, source=0x1002 }
D/InputEventConsistencyVerifier(  439):   4: sent at 188206000000, MotionEvent { action=ACTION_UP, id[0]=0, x[0]=480.0, y[0]=74.0, toolType[0]=TOOL_TYPE_UNKNOWN, buttonState=0, metaState=0, flags=0x0, edgeFlags=0x0, pointerCount=1, historySize=0, eventTime=188206, downTime=188088, deviceId=0, source=0x1002 }
D/InputEventConsistencyVerifier(  439):   5: sent at 188202000000, MotionEvent { action=ACTION_MOVE, id[0]=0, x[0]=480.0, y[0]=67.0, toolType[0]=TOOL_TYPE_UNKNOWN, buttonState=0, metaState=0, flags=0x0, edgeFlags=0x0, pointerCount=1, historySize=5, eventTime=188202, downTime=188088, deviceId=0, source=0x1002 }
D/InputEventConsistencyVerifier(  439): KeyEvent: ACTION_UP but key was not down.
D/InputEventConsistencyVerifier(  439):   in android.widget.FrameLayout@b3e4f428
D/InputEventConsistencyVerifier(  439):   0: sent at 188652000000, KeyEvent { action=ACTION_UP, keyCode=KEYCODE_DPAD_DOWN, scanCode=0, metaState=0, flags=0x8, repeatCount=0, eventTime=188652, downTime=188652, deviceId=-1, source=0x101 }
I/Choreographer(  494): Skipped 251 frames!  The application may be doing too much work on its main thread.
D/InputEventConsistencyVerifier( 1081): KeyEvent: ACTION_UP but key was not down.
D/InputEventConsistencyVerifier( 1081):   in android.widget.EditText@b453a028
D/InputEventConsistencyVerifier( 1081):   0: sent at 187043000000, KeyEvent { action=ACTION_UP, keyCode=KEYCODE_DPAD_UP, scanCode=0, metaState=0, flags=0x400, repeatCount=0, eventTime=187043, downTime=187043, deviceId=-1, source=0x101 }
D/InputEventConsistencyVerifier( 1081):   -- recent events --
D/InputEventConsistencyVerifier( 1081):   1: sent at 181495000000, (unhandled) KeyEvent { action=ACTION_DOWN, keyCode=KEYCODE_DPAD_DOWN, scanCode=0, metaState=0, flags=0x400, repeatCount=0, eventTime=181495, downTime=181495, deviceId=-1, source=0x101 }
D/InputEventConsistencyVerifier( 1081):   2: sent at 179042000000, MotionEvent { action=ACTION_MOVE, id[0]=0, x[0]=-1.0, y[0]=2.0, toolType[0]=TOOL_TYPE_UNKNOWN, buttonState=0, metaState=0, flags=0x0, edgeFlags=0x0, pointerCount=1, historySize=0, eventTime=179042, downTime=-1, deviceId=0, source=0x10004 }
D/InputEventConsistencyVerifier( 1081):   3: sent at 179131000000, (unhandled) KeyEvent { action=ACTION_UP, keyCode=KEYCODE_DPAD_DOWN, scanCode=0, metaState=0, flags=0x400, repeatCount=0, eventTime=179131, downTime=179131, deviceId=-1, source=0x101 }
D/InputEventConsistencyVerifier( 1081):   4: sent at 163440000000, (unhandled) KeyEvent { action=ACTION_DOWN, keyCode=KEYCODE_DPAD_DOWN, scanCode=0, metaState=0, flags=0x400, repeatCount=0, eventTime=163440, downTime=163440, deviceId=-1, source=0x101 }
D/InputEventConsistencyVerifier( 1081):   5: sent at 162708000000, MotionEvent { action=ACTION_MOVE, id[0]=0, x[0]=1.0, y[0]=3.0, toolType[0]=TOOL_TYPE_UNKNOWN, buttonState=0, metaState=0, flags=0x0, edgeFlags=0x0, pointerCount=1, historySize=9, eventTime=162708, downTime=-1, deviceId=0, source=0x10004 }
I/Choreographer(  439): Skipped 82 frames!  The application may be doing too much work on its main thread.
W/dalvikvm(  439): DroidBox: { "FdAccess": { "path": "2f70726f632f6d656d696e666f", "id": "1400350522" } }
W/DroidBox(  439): DroidBox: { "FileRW": { "operation": "read", "data": "4d656d546f74616c3a202020202020202020373438393634206b420a4d656d467265653a20202020202020202020343139383234206b420a427566666572733a20202020202020202020202035343834206b420a4361636865643a202020202020202020", "id": "1400350522" } }
D/InputEventConsistencyVerifier( 1081): KeyEvent: ACTION_UP but key was not down.
D/InputEventConsistencyVerifier( 1081):   in android.widget.LinearLayout@b4520d38
D/InputEventConsistencyVerifier( 1081):   0: sent at 187045000000, KeyEvent { action=ACTION_UP, keyCode=KEYCODE_DPAD_UP, scanCode=0, metaState=0, flags=0x400, repeatCount=0, eventTime=187045, downTime=187045, deviceId=-1, source=0x101 }
D/InputEventConsistencyVerifier( 1081):   -- recent events --
D/InputEventConsistencyVerifier( 1081):   1: sent at 179120000000, (unhandled) KeyEvent { action=ACTION_DOWN, keyCode=KEYCODE_DPAD_DOWN, scanCode=0, metaState=0, flags=0x400, repeatCount=0, eventTime=179120, downTime=179120, deviceId=-1, source=0x101 }
D/InputEventConsistencyVerifier( 1081):   2: sent at 179119000000, (unhandled) KeyEvent { action=ACTION_UP, keyCode=KEYCODE_DPAD_DOWN, scanCode=0, metaState=0, flags=0x80000400, repeatCount=0, eventTime=179119, downTime=179119, deviceId=-1, source=0x101 }
D/InputEventConsistencyVerifier( 1081):   3: sent at 174742000000, (unhandled) KeyEvent { action=ACTION_DOWN, keyCode=KEYCODE_DPAD_DOWN, scanCode=0, metaState=0, flags=0x8, repeatCount=0, eventTime=174742, downTime=174742, deviceId=-1, source=0x101 }
D/InputEventConsistencyVerifier( 1081):   4: sent at 174629000000, (unhandled) KeyEvent { action=ACTION_UP, keyCode=KEYCODE_DPAD_CENTER, scanCode=0, metaState=0, flags=0x8, repeatCount=0, eventTime=174629, downTime=174629, deviceId=-1, source=0x101 }
D/InputEventConsistencyVerifier( 1081):   5: sent at 174680000000, (unhandled) KeyEvent { action=ACTION_UP, keyCode=KEYCODE_F, scanCode=0, metaState=0, flags=0x0, repeatCount=0, eventTime=174680, downTime=174680, deviceId=-1, source=0x101 }
D/InputEventConsistencyVerifier(  439): TouchEvent: ACTION_DOWN but pointers are already down.  Probably missing ACTION_UP from previous gesture.
D/InputEventConsistencyVerifier(  439):   in android.view.ScaleGestureDetector@b3f0e4b8
D/InputEventConsistencyVerifier(  439):   0: sent at 189726000000, MotionEvent { action=ACTION_DOWN, id[0]=0, x[0]=252.0, y[0]=407.0, toolType[0]=TOOL_TYPE_UNKNOWN, buttonState=0, metaState=0, flags=0x0, edgeFlags=0x0, pointerCount=1, historySize=0, eventTime=189726, downTime=189726, deviceId=0, source=0x1002 }
D/InputEventConsistencyVerifier(  439):   -- recent events --
D/InputEventConsistencyVerifier(  439):   1: sent at 188370000000, MotionEvent { action=ACTION_DOWN, id[0]=0, x[0]=365.0, y[0]=455.0, toolType[0]=TOOL_TYPE_UNKNOWN, buttonState=0, metaState=0, flags=0x0, edgeFlags=0x0, pointerCount=1, historySize=0, eventTime=188370, downTime=188369, deviceId=0, source=0x1002 }
D/InputEventConsistencyVerifier(  439):   2: sent at 188206000000, MotionEvent { action=ACTION_UP, id[0]=0, x[0]=480.0, y[0]=74.0, toolType[0]=TOOL_TYPE_UNKNOWN, buttonState=0, metaState=0, flags=0x0, edgeFlags=0x0, pointerCount=1, historySize=0, eventTime=188206, downTime=188088, deviceId=0, source=0x1002 }
D/InputEventConsistencyVerifier(  439):   3: sent at 188202000000, MotionEvent { action=ACTION_MOVE, id[0]=0, x[0]=480.0, y[0]=67.0, toolType[0]=TOOL_TYPE_UNKNOWN, buttonState=0, metaState=0, flags=0x0, edgeFlags=0x0, pointerCount=1, historySize=5, eventTime=188202, downTime=188088, deviceId=0, source=0x1002 }
D/InputEventConsistencyVerifier(  439):   4: sent at 188090000000, MotionEvent { action=ACTION_DOWN, id[0]=0, x[0]=452.0, y[0]=11.0, toolType[0]=TOOL_TYPE_UNKNOWN, buttonState=0, metaState=0, flags=0x0, edgeFlags=0x0, pointerCount=1, historySize=0, eventTime=188090, downTime=188088, deviceId=0, source=0x1002 }
D/InputEventConsistencyVerifier(  439): KeyEvent: ACTION_UP but key was not down.
D/InputEventConsistencyVerifier(  439):   in com.android.systemui.statusbar.phone.StatusBarWindowView@b3e7f3a8
D/InputEventConsistencyVerifier(  439):   0: sent at 189955000000, KeyEvent { action=ACTION_UP, keyCode=KEYCODE_DPAD_UP, scanCode=0, metaState=0, flags=0x8, repeatCount=0, eventTime=189955, downTime=189955, deviceId=-1, source=0x101 }
D/InputEventConsistencyVerifier(  439):   -- recent events --
D/InputEventConsistencyVerifier(  439):   1: sent at 189846000000, (unhandled) KeyEvent { action=ACTION_UP, keyCode=KEYCODE_CAMERA, scanCode=0, metaState=0, flags=0x8, repeatCount=0, eventTime=189846, downTime=189846, deviceId=-1, source=0x101 }
D/InputEventConsistencyVerifier(  439):   2: sent at 189757000000, (unhandled) KeyEvent { action=ACTION_DOWN, keyCode=KEYCODE_CAMERA, scanCode=0, metaState=0, flags=0x8, repeatCount=0, eventTime=189757, downTime=189757, deviceId=-1, source=0x101 }
D/InputEventConsistencyVerifier(  439):   3: sent at 189739000000, MotionEvent { action=ACTION_UP, id[0]=0, x[0]=249.0, y[0]=401.0, toolType[0]=TOOL_TYPE_UNKNOWN, buttonState=0, metaState=0, flags=0x0, edgeFlags=0x0, pointerCount=1, historySize=0, eventTime=189739, downTime=189726, deviceId=0, source=0x1002 }
D/InputEventConsistencyVerifier(  439):   4: sent at 189726000000, MotionEvent { action=ACTION_DOWN, id[0]=0, x[0]=252.0, y[0]=407.0, toolType[0]=TOOL_TYPE_UNKNOWN, buttonState=0, metaState=0, flags=0x0, edgeFlags=0x0, pointerCount=1, historySize=0, eventTime=189726, downTime=189726, deviceId=0, source=0x1002 }
D/InputEventConsistencyVerifier(  439):   5: sent at 189628000000, (unhandled) KeyEvent { action=ACTION_UP, keyCode=KEYCODE_DPAD_LEFT, scanCode=0, metaState=0, flags=0x8, repeatCount=0, eventTime=189628, downTime=189628, deviceId=-1, source=0x101 }
I/Choreographer(  439): Skipped 142 frames!  The application may be doing too much work on its main thread.
W/dalvikvm(  439): DroidBox: { "FdAccess": { "path": "2f70726f632f6d656d696e666f", "id": "434049134" } }
W/DroidBox(  439): DroidBox: { "FileRW": { "operation": "read", "data": "4d656d546f74616c3a202020202020202020373438393634206b420a4d656d467265653a20202020202020202020343138333336206b420a427566666572733a20202020202020202020202035343834206b420a4361636865643a202020202020202020", "id": "434049134" } }
D/InputEventConsistencyVerifier(  439): TouchEvent: ACTION_DOWN but pointers are already down.  Probably missing ACTION_UP from previous gesture.
D/InputEventConsistencyVerifier(  439):   in android.view.ScaleGestureDetector@b3f0e4b8
