D/InputEventConsistencyVerifier(  968):   2: sent at 244927000000, (unhandled) MotionEvent { action=ACTION_UP, id[0]=0, x[0]=0.0, y[0]=0.0, toolType[0]=TOOL_TYPE_UNKNOWN, buttonState=0, metaState=0, flags=0x0, edgeFlags=0x0, pointerCount=1, historySize=0, eventTime=244927, downTime=244766, deviceId=0, source=0x10004 }
D/InputEventConsistencyVerifier(  968):   3: sent at 245153000000, (unhandled) KeyEvent { action=ACTION_DOWN, keyCode=KEYCODE_DPAD_CENTER, scanCode=0, metaState=0, flags=0x400, repeatCount=0, eventTime=245153, downTime=245153, deviceId=-1, source=0x101 }
D/InputEventConsistencyVerifier(  968):   4: sent at 244892000000, (unhandled) MotionEvent { action=ACTION_DOWN, id[0]=0, x[0]=0.0, y[0]=0.0, toolType[0]=TOOL_TYPE_UNKNOWN, buttonState=0, metaState=0, flags=0x80000000, edgeFlags=0x0, pointerCount=1, historySize=0, eventTime=244892, downTime=244766, deviceId=0, source=0x10004 }
D/InputEventConsistencyVerifier(  968):   5: sent at 245075000000, (unhandled) KeyEvent { action=ACTION_UP, keyCode=KEYCODE_DPAD_DOWN, scanCode=0, metaState=0, flags=0x400, repeatCount=0, eventTime=245075, downTime=245075, deviceId=-1, source=0x101 }
I/Choreographer(  968): Skipped 103 frames!  The application may be doing too much work on its main thread.
I/Choreographer(  968): Skipped 79 frames!  The application may be doing too much work on its main thread.
W/InputMethodManagerService(  227): Window already focused, ignoring focus gain of: com.android.internal.view.IInputMethodClient$Stub$Proxy@b3f62a98 attribute=null
I/ActivityManager(  227): START {act=android.intent.action.MAIN cat=[android.intent.category.LAUNCHER] flg=0x10000000 cmp=com.android.email/.activity.Welcome sel={act=android.intent.action.MAIN cat=[android.intent.category.APP_EMAIL]} u=0} from pid 227
I/Choreographer(  968): Skipped 61 frames!  The application may be doing too much work on its main thread.
D/InputEventConsistencyVerifier(  968): KeyEvent: ACTION_UP but key was not down.
D/InputEventConsistencyVerifier(  968):   in android.view.ViewRootImpl@b3ee2868
D/InputEventConsistencyVerifier(  968):   0: sent at 248005000000, KeyEvent { action=ACTION_UP, keyCode=KEYCODE_ENVELOPE, scanCode=0, metaState=0, flags=0x8, repeatCount=0, eventTime=248005, downTime=248005, deviceId=-1, source=0x101 }
D/InputEventConsistencyVerifier(  968):   -- recent events --
D/InputEventConsistencyVerifier(  968):   1: sent at 247635000000, KeyEvent { action=ACTION_UP, keyCode=KEYCODE_DPAD_DOWN, scanCode=0, metaState=0, flags=0x8, repeatCount=0, eventTime=247635, downTime=247635, deviceId=-1, source=0x101 }
D/InputEventConsistencyVerifier(  968):   2: sent at 247532000000, KeyEvent { action=ACTION_DOWN, keyCode=KEYCODE_DPAD_DOWN, scanCode=0, metaState=0, flags=0x8, repeatCount=0, eventTime=247532, downTime=247532, deviceId=-1, source=0x101 }
D/InputEventConsistencyVerifier(  968):   3: sent at 247523000000, MotionEvent { action=ACTION_UP, id[0]=0, x[0]=77.0, y[0]=597.0, toolType[0]=TOOL_TYPE_UNKNOWN, buttonState=0, metaState=0, flags=0x0, edgeFlags=0x0, pointerCount=1, historySize=0, eventTime=247523, downTime=247348, deviceId=0, source=0x1002 }
D/InputEventConsistencyVerifier(  968):   4: sent at 247517000000, MotionEvent { action=ACTION_MOVE, id[0]=0, x[0]=74.0, y[0]=595.0, toolType[0]=TOOL_TYPE_UNKNOWN, buttonState=0, metaState=0, flags=0x0, edgeFlags=0x0, pointerCount=1, historySize=2, eventTime=247517, downTime=247348, deviceId=0, source=0x1002 }
D/InputEventConsistencyVerifier(  968):   5: sent at 247349000000, MotionEvent { action=ACTION_DOWN, id[0]=0, x[0]=67.0, y[0]=582.0, toolType[0]=TOOL_TYPE_UNKNOWN, buttonState=0, metaState=0, flags=0x0, edgeFlags=0x0, pointerCount=1, historySize=0, eventTime=247349, downTime=247348, deviceId=0, source=0x1002 }
W/dalvikvm(  949): DroidBox: { "FdAccess": { "path": "2f6465762f696e7075742f6576656e7430", "id": "1662524708" } }
D/InputEventConsistencyVerifier(  426): TouchEvent: ACTION_DOWN but pointers are already down.  Probably missing ACTION_UP from previous gesture.
D/InputEventConsistencyVerifier(  426):   in android.view.ScaleGestureDetector@b3eeb6a0
D/InputEventConsistencyVerifier(  426):   0: sent at 248391000000, MotionEvent { action=ACTION_DOWN, id[0]=0, x[0]=316.0, y[0]=29.0, toolType[0]=TOOL_TYPE_UNKNOWN, buttonState=0, metaState=0, flags=0x0, edgeFlags=0x0, pointerCount=1, historySize=0, eventTime=248391, downTime=248391, deviceId=0, source=0x1002 }
D/InputEventConsistencyVerifier(  426):   -- recent events --
D/InputEventConsistencyVerifier(  426):   1: sent at 235541000000, MotionEvent { action=ACTION_DOWN, id[0]=0, x[0]=463.0, y[0]=438.0, toolType[0]=TOOL_TYPE_UNKNOWN, buttonState=0, metaState=0, flags=0x80000000, edgeFlags=0x0, pointerCount=1, historySize=0, eventTime=235541, downTime=235539, deviceId=0, source=0x1002 }
D/InputEventConsistencyVerifier(  426):   2: sent at 235141852360, MotionEvent { action=ACTION_MOVE, id[0]=0, x[0]=170.93736, y[0]=675.991, toolType[0]=TOOL_TYPE_UNKNOWN, buttonState=0, metaState=0, flags=0x0, edgeFlags=0x0, pointerCount=1, historySize=5, eventTime=235141, downTime=235056, deviceId=0, source=0x1002 }
D/InputEventConsistencyVerifier(  426):   3: sent at 235058000000, MotionEvent { action=ACTION_DOWN, id[0]=0, x[0]=126.0, y[0]=643.0, toolType[0]=TOOL_TYPE_UNKNOWN, buttonState=0, metaState=0, flags=0x0, edgeFlags=0x0, pointerCount=1, historySize=0, eventTime=235058, downTime=235056, deviceId=0, source=0x1002 }
D/InputEventConsistencyVerifier(  426):   4: sent at 235017000000, MotionEvent { action=ACTION_UP, id[0]=0, x[0]=102.0, y[0]=763.0, toolType[0]=TOOL_TYPE_UNKNOWN, buttonState=0, metaState=0, flags=0x0, edgeFlags=0x0, pointerCount=1, historySize=0, eventTime=235017, downTime=234939, deviceId=0, source=0x1002 }
D/InputEventConsistencyVerifier(  426):   5: sent at 234993000000, MotionEvent { action=ACTION_MOVE, id[0]=0, x[0]=109.0, y[0]=768.0, toolType[0]=TOOL_TYPE_UNKNOWN, buttonState=0, metaState=0, flags=0x0, edgeFlags=0x0, pointerCount=1, historySize=3, eventTime=234993, downTime=234939, deviceId=0, source=0x1002 }
W/DroidBox(  949): DroidBox: { "FileRW": { "operation": "write", "data": "efbfbd060000efbfbdefbfbd0c000500000000000000", "id": "1662524708" } }
I/ActivityManager(  227): START {act=android.intent.action.CALL_BUTTON flg=0x10000000 cmp=com.android.contacts/.activities.DialtactsActivity u=0} from pid 426
I/ActivityManager(  227): START {act=android.intent.action.CALL_BUTTON flg=0x10000000 cmp=com.android.contacts/.activities.DialtactsActivity u=0} from pid 426
W/dalvikvm(  426): DroidBox: { "FdAccess": { "path": "2f70726f632f6d656d696e666f", "id": "1846452649" } }
W/DroidBox(  426): DroidBox: { "FileRW": { "operation": "read", "data": "4d656d546f74616c3a202020202020202020373438393634206b420a4d656d467265653a20202020202020202020343432323936206b420a427566666572733a20202020202020202020202035373034206b420a4361636865643a202020202020202020", "id": "1846452649" } }
D/InputEventConsistencyVerifier(  426): KeyEvent: ACTION_UP but key was not down.
D/InputEventConsistencyVerifier(  426):   in com.android.systemui.statusbar.phone.StatusBarWindowView@b3e3b1d8
D/InputEventConsistencyVerifier(  426):   0: sent at 248842000000, KeyEvent { action=ACTION_UP, keyCode=KEYCODE_DPAD_DOWN, scanCode=0, metaState=0, flags=0x8, repeatCount=0, eventTime=248842, downTime=248842, deviceId=-1, source=0x101 }
D/InputEventConsistencyVerifier(  426):   -- recent events --
D/InputEventConsistencyVerifier(  426):   1: sent at 248792000000, MotionEvent { action=ACTION_UP, id[0]=0, x[0]=368.0, y[0]=124.0, toolType[0]=TOOL_TYPE_UNKNOWN, buttonState=0, metaState=0, flags=0x0, edgeFlags=0x0, pointerCount=1, historySize=0, eventTime=248792, downTime=248752, deviceId=0, source=0x1002 }
D/InputEventConsistencyVerifier(  426):   2: sent at 248789000000, MotionEvent { action=ACTION_MOVE, id[0]=0, x[0]=359.0, y[0]=130.0, toolType[0]=TOOL_TYPE_UNKNOWN, buttonState=0, metaState=0, flags=0x0, edgeFlags=0x0, pointerCount=1, historySize=4, eventTime=248789, downTime=248752, deviceId=0, source=0x1002 }
D/InputEventConsistencyVerifier(  426):   3: sent at 248763000000, MotionEvent { action=ACTION_DOWN, id[0]=0, x[0]=343.0, y[0]=172.0, toolType[0]=TOOL_TYPE_UNKNOWN, buttonState=0, metaState=0, flags=0x0, edgeFlags=0x0, pointerCount=1, historySize=0, eventTime=248763, downTime=248752, deviceId=0, source=0x1002 }
D/InputEventConsistencyVerifier(  426):   4: sent at 248744000000, (unhandled) KeyEvent { action=ACTION_UP, keyCode=KEYCODE_CALL, scanCode=0, metaState=0, flags=0x8, repeatCount=0, eventTime=248744, downTime=248744, deviceId=-1, source=0x101 }
D/InputEventConsistencyVerifier(  426):   5: sent at 248694000000, (unhandled) KeyEvent { action=ACTION_DOWN, keyCode=KEYCODE_CALL, scanCode=0, metaState=0, flags=0x8, repeatCount=0, eventTime=248694, downTime=248694, deviceId=-1, source=0x101 }
D/InputEventConsistencyVerifier(  426): TouchEvent: ACTION_DOWN but pointers are already down.  Probably missing ACTION_UP from previous gesture.
D/InputEventConsistencyVerifier(  426):   in android.view.ScaleGestureDetector@b3eeb6a0
D/InputEventConsistencyVerifier(  426):   0: sent at 248864000000, MotionEvent { action=ACTION_DOWN, id[0]=0, x[0]=459.0, y[0]=550.0, toolType[0]=TOOL_TYPE_UNKNOWN, buttonState=0, metaState=0, flags=0x0, edgeFlags=0x0, pointerCount=1, historySize=0, eventTime=248864, downTime=248863, deviceId=0, source=0x1002 }
D/InputEventConsistencyVerifier(  426):   -- recent events --
D/InputEventConsistencyVerifier(  426):   1: sent at 248763000000, MotionEvent { action=ACTION_DOWN, id[0]=0, x[0]=343.0, y[0]=172.0, toolType[0]=TOOL_TYPE_UNKNOWN, buttonState=0, metaState=0, flags=0x0, edgeFlags=0x0, pointerCount=1, historySize=0, eventTime=248763, downTime=248752, deviceId=0, source=0x1002 }
D/InputEventConsistencyVerifier(  426):   2: sent at 248399000000, MotionEvent { action=ACTION_UP, id[0]=0, x[0]=320.0, y[0]=30.0, toolType[0]=TOOL_TYPE_UNKNOWN, buttonState=0, metaState=0, flags=0x0, edgeFlags=0x0, pointerCount=1, historySize=0, eventTime=248399, downTime=248391, deviceId=0, source=0x1002 }
D/InputEventConsistencyVerifier(  426):   3: sent at 248391000000, MotionEvent { action=ACTION_DOWN, id[0]=0, x[0]=316.0, y[0]=29.0, toolType[0]=TOOL_TYPE_UNKNOWN, buttonState=0, metaState=0, flags=0x80000000, edgeFlags=0x0, pointerCount=1, historySize=0, eventTime=248391, downTime=248391, deviceId=0, source=0x1002 }
D/InputEventConsistencyVerifier(  426):   4: sent at 235541000000, MotionEvent { action=ACTION_DOWN, id[0]=0, x[0]=463.0, y[0]=438.0, toolType[0]=TOOL_TYPE_UNKNOWN, buttonState=0, metaState=0, flags=0x80000000, edgeFlags=0x0, pointerCount=1, historySize=0, eventTime=235541, downTime=235539, deviceId=0, source=0x1002 }
D/InputEventConsistencyVerifier(  426):   5: sent at 235141852360, MotionEvent { action=ACTION_MOVE, id[0]=0, x[0]=170.93736, y[0]=675.991, toolType[0]=TOOL_TYPE_UNKNOWN, buttonState=0, metaState=0, flags=0x0, edgeFlags=0x0, pointerCount=1, historySize=5, eventTime=235141, downTime=235056, deviceId=0, source=0x1002 }
I/Choreographer(  426): Skipped 130 frames!  The application may be doing too much work on its main thread.
D/InputEventConsistencyVerifier(  426): KeyEvent: ACTION_UP but key was not down.
D/InputEventConsistencyVerifier(  426):   in com.android.systemui.statusbar.phone.StatusBarWindowView@b3e3b1d8
D/InputEventConsistencyVerifier(  426):   0: sent at 248979000000, KeyEvent { action=ACTION_UP, keyCode=KEYCODE_DPAD_DOWN, scanCode=0, metaState=0, flags=0x400, repeatCount=0, eventTime=248979, downTime=248979, deviceId=-1, source=0x101 }
D/InputEventConsistencyVerifier(  426):   -- recent events --
D/InputEventConsistencyVerifier(  426):   1: sent at 248944000000, (unhandled) MotionEvent { action=ACTION_MOVE, id[0]=0, x[0]=-2.0, y[0]=3.0, toolType[0]=TOOL_TYPE_UNKNOWN, buttonState=0, metaState=0, flags=0x0, edgeFlags=0x0, pointerCount=1, historySize=2, eventTime=248944, downTime=-1, deviceId=0, source=0x10004 }
D/InputEventConsistencyVerifier(  426):   2: sent at 248869000000, MotionEvent { action=ACTION_UP, id[0]=0, x[0]=453.0, y[0]=549.0, toolType[0]=TOOL_TYPE_UNKNOWN, buttonState=0, metaState=0, flags=0x0, edgeFlags=0x0, pointerCount=1, historySize=0, eventTime=248869, downTime=248863, deviceId=0, source=0x1002 }
D/InputEventConsistencyVerifier(  426):   3: sent at 248864000000, MotionEvent { action=ACTION_DOWN, id[0]=0, x[0]=459.0, y[0]=550.0, toolType[0]=TOOL_TYPE_UNKNOWN, buttonState=0, metaState=0, flags=0x0, edgeFlags=0x0, pointerCount=1, historySize=0, eventTime=248864, downTime=248863, deviceId=0, source=0x1002 }
D/InputEventConsistencyVerifier(  426):   4: sent at 248857000000, (unhandled) KeyEvent { action=ACTION_UP, keyCode=KEYCODE_MENU, scanCode=0, metaState=0, flags=0x8, repeatCount=0, eventTime=248857, downTime=248857, deviceId=-1, source=0x101 }
D/InputEventConsistencyVerifier(  426):   5: sent at 248847000000, (unhandled) KeyEvent { action=ACTION_DOWN, keyCode=KEYCODE_MENU, scanCode=0, metaState=0, flags=0x8, repeatCount=0, eventTime=248847, downTime=248847, deviceId=-1, source=0x101 }
D/InputEventConsistencyVerifier(  426): KeyEvent: ACTION_UP but key was not down.
D/InputEventConsistencyVerifier(  426):   in android.widget.FrameLayout@b3e0b258
D/InputEventConsistencyVerifier(  426):   0: sent at 248979000000, KeyEvent { action=ACTION_UP, keyCode=KEYCODE_DPAD_DOWN, scanCode=0, metaState=0, flags=0x400, repeatCount=0, eventTime=248979, downTime=248979, deviceId=-1, source=0x101 }
D/InputEventConsistencyVerifier(  426):   -- recent events --
D/InputEventConsistencyVerifier(  426):   1: sent at 235439000000, (unhandled) KeyEvent { action=ACTION_DOWN, keyCode=KEYCODE_DPAD_UP, scanCode=0, metaState=0, flags=0x400, repeatCount=0, eventTime=235439, downTime=235439, deviceId=-1, source=0x101 }
D/InputEventConsistencyVerifier(  426):   2: sent at 235399000000, (unhandled) MotionEvent { action=ACTION_MOVE, id[0]=0, x[0]=-2.0, y[0]=-4.0, toolType[0]=TOOL_TYPE_UNKNOWN, buttonState=0, metaState=0, flags=0x0, edgeFlags=0x0, pointerCount=1, historySize=15, eventTime=235399, downTime=-1, deviceId=0, source=0x10004 }
D/InputEventConsistencyVerifier(  426):   3: sent at 235365000000, (unhandled) KeyEvent { action=ACTION_UP, keyCode=KEYCODE_DPAD_DOWN, scanCode=0, metaState=0, flags=0x400, repeatCount=0, eventTime=235365, downTime=235365, deviceId=-1, source=0x101 }
D/InputEventConsistencyVerifier(  426):   4: sent at 235365000000, (unhandled) KeyEvent { action=ACTION_DOWN, keyCode=KEYCODE_DPAD_DOWN, scanCode=0, metaState=0, flags=0x400, repeatCount=0, eventTime=235365, downTime=235365, deviceId=-1, source=0x101 }
D/InputEventConsistencyVerifier(  426):   5: sent at 235365000000, (unhandled) KeyEvent { action=ACTION_UP, keyCode=KEYCODE_DPAD_DOWN, scanCode=0, metaState=0, flags=0x400, repeatCount=0, eventTime=235365, downTime=235365, deviceId=-1, source=0x101 }
W/dalvikvm(  426): DroidBox: { "FdAccess": { "path": "2f70726f632f6d656d696e666f", "id": "1651515418" } }
W/DroidBox(  426): DroidBox: { "FileRW": { "operation": "read", "data": "4d656d546f74616c3a202020202020202020373438393634206b420a4d656d467265653a20202020202020202020343432313732206b420a427566666572733a20202020202020202020202035373034206b420a4361636865643a202020202020202020", "id": "1651515418" } }
D/InputEventConsistencyVerifier(  426): TouchEvent: ACTION_DOWN but pointers are already down.  Probably missing ACTION_UP from previous gesture.
D/InputEventConsistencyVerifier(  426):   in android.view.ScaleGestureDetector@b3eeb6a0
D/InputEventConsistencyVerifier(  426):   0: sent at 249070000000, MotionEvent { action=ACTION_DOWN, id[0]=0, x[0]=188.0, y[0]=386.0, toolType[0]=TOOL_TYPE_UNKNOWN, buttonState=0, metaState=0, flags=0x0, edgeFlags=0x0, pointerCount=1, historySize=0, eventTime=249070, downTime=249070, deviceId=0, source=0x1002 }
D/InputEventConsistencyVerifier(  426):   -- recent events --
D/InputEventConsistencyVerifier(  426):   1: sent at 248864000000, MotionEvent { action=ACTION_DOWN, id[0]=0, x[0]=459.0, y[0]=550.0, toolType[0]=TOOL_TYPE_UNKNOWN, buttonState=0, metaState=0, flags=0x80000000, edgeFlags=0x0, pointerCount=1, historySize=0, eventTime=248864, downTime=248863, deviceId=0, source=0x1002 }
D/InputEventConsistencyVerifier(  426):   2: sent at 248763000000, MotionEvent { action=ACTION_DOWN, id[0]=0, x[0]=343.0, y[0]=172.0, toolType[0]=TOOL_TYPE_UNKNOWN, buttonState=0, metaState=0, flags=0x0, edgeFlags=0x0, pointerCount=1, historySize=0, eventTime=248763, downTime=248752, deviceId=0, source=0x1002 }
D/InputEventConsistencyVerifier(  426):   3: sent at 248399000000, MotionEvent { action=ACTION_UP, id[0]=0, x[0]=320.0, y[0]=30.0, toolType[0]=TOOL_TYPE_UNKNOWN, buttonState=0, metaState=0, flags=0x0, edgeFlags=0x0, pointerCount=1, historySize=0, eventTime=248399, downTime=248391, deviceId=0, source=0x1002 }
D/InputEventConsistencyVerifier(  426):   4: sent at 248391000000, MotionEvent { action=ACTION_DOWN, id[0]=0, x[0]=316.0, y[0]=29.0, toolType[0]=TOOL_TYPE_UNKNOWN, buttonState=0, metaState=0, flags=0x80000000, edgeFlags=0x0, pointerCount=1, historySize=0, eventTime=248391, downTime=248391, deviceId=0, source=0x1002 }
D/InputEventConsistencyVerifier(  426):   5: sent at 235541000000, MotionEvent { action=ACTION_DOWN, id[0]=0, x[0]=463.0, y[0]=438.0, toolType[0]=TOOL_TYPE_UNKNOWN, buttonState=0, metaState=0, flags=0x80000000, edgeFlags=0x0, pointerCount=1, historySize=0, eventTime=235541, downTime=235539, deviceId=0, source=0x1002 }
V/PhoneStatusBar(  426): setLightsOn(true)
W/dalvikvm(  426): DroidBox: { "FdAccess": { "path": "2f70726f632f6d656d696e666f", "id": "1206101814" } }
D/PhoneStatusBar(  426): disable: < expand icons alerts TICKER* system_info back home recent clock >
W/DroidBox(  426): DroidBox: { "FileRW": { "operation": "read", "data": "4d656d546f74616c3a202020202020202020373438393634206b420a4d656d467265653a20202020202020202020343430353630206b420a427566666572733a20202020202020202020202035373034206b420a4361636865643a202020202020202020", "id": "1206101814" } }
I/Choreographer(  426): Skipped 70 frames!  The application may be doing too much work on its main thread.
D/InputEventConsistencyVerifier(  426): KeyEvent: ACTION_UP but key was not down.
D/InputEventConsistencyVerifier(  426):   in android.widget.FrameLayout@b3e0b258
D/InputEventConsistencyVerifier(  426):   0: sent at 249370000000, KeyEvent { action=ACTION_UP, keyCode=KEYCODE_DPAD_DOWN, scanCode=0, metaState=0, flags=0x8, repeatCount=0, eventTime=249370, downTime=249370, deviceId=-1, source=0x101 }
D/InputEventConsistencyVerifier(  426):   -- recent events --
D/InputEventConsistencyVerifier(  426):   1: sent at 248979000000, (unhandled) KeyEvent { action=ACTION_UP, keyCode=KEYCODE_DPAD_DOWN, scanCode=0, metaState=0, flags=0x400, repeatCount=0, eventTime=248979, downTime=248979, deviceId=-1, source=0x101 }
D/InputEventConsistencyVerifier(  426):   2: sent at 248979000000, (unhandled) KeyEvent { action=ACTION_DOWN, keyCode=KEYCODE_DPAD_DOWN, scanCode=0, metaState=0, flags=0x400, repeatCount=0, eventTime=248979, downTime=248979, deviceId=-1, source=0x101 }
D/InputEventConsistencyVerifier(  426):   3: sent at 248979000000, (unhandled) KeyEvent { action=ACTION_UP, keyCode=KEYCODE_DPAD_DOWN, scanCode=0, metaState=0, flags=0x80000400, repeatCount=0, eventTime=248979, downTime=248979, deviceId=-1, source=0x101 }
D/InputEventConsistencyVerifier(  426):   4: sent at 235439000000, (unhandled) KeyEvent { action=ACTION_DOWN, keyCode=KEYCODE_DPAD_UP, scanCode=0, metaState=0, flags=0x400, repeatCount=0, eventTime=235439, downTime=235439, deviceId=-1, source=0x101 }
D/InputEventConsistencyVerifier(  426):   5: sent at 235399000000, (unhandled) MotionEvent { action=ACTION_MOVE, id[0]=0, x[0]=-2.0, y[0]=-4.0, toolType[0]=TOOL_TYPE_UNKNOWN, buttonState=0, metaState=0, flags=0x0, edgeFlags=0x0, pointerCount=1, historySize=15, eventTime=235399, downTime=-1, deviceId=0, source=0x10004 }
W/dalvikvm(  426): DroidBox: { "FdAccess": { "path": "2f70726f632f6d656d696e666f", "id": "1317386807" } }
W/DroidBox(  426): DroidBox: { "FileRW": { "operation": "read", "data": "4d656d546f74616c3a202020202020202020373438393634206b420a4d656d467265653a20202020202020202020343430353630206b420a427566666572733a20202020202020202020202035373034206b420a4361636865643a202020202020202020", "id": "1317386807" } }
I/Choreographer(  968): Skipped 37 frames!  The application may be doing too much work on its main thread.
D/InputEventConsistencyVerifier(  426): KeyEvent: ACTION_UP but key was not down.
D/InputEventConsistencyVerifier(  426):   in com.android.systemui.statusbar.phone.PhoneStatusBarView@b3e3d170
D/InputEventConsistencyVerifier(  426):   0: sent at 249542000000, KeyEvent { action=ACTION_UP, keyCode=KEYCODE_DPAD_UP, scanCode=0, metaState=0, flags=0x8, repeatCount=0, eventTime=249542, downTime=249542, deviceId=-1, source=0x101 }
D/InputEventConsistencyVerifier(  426):   -- recent events --
D/InputEventConsistencyVerifier(  426):   1: sent at 249101000000, (unhandled) KeyEvent { action=ACTION_DOWN, keyCode=KEYCODE_DPAD_DOWN, scanCode=0, metaState=0, flags=0x8, repeatCount=0, eventTime=249101, downTime=249101, deviceId=-1, source=0x101 }
D/InputEventConsistencyVerifier(  426):   2: sent at 249367000000, (unhandled) KeyEvent { action=ACTION_UP, keyCode=KEYCODE_DPAD_UP, scanCode=0, metaState=0, flags=0x400, repeatCount=0, eventTime=249367, downTime=249367, deviceId=-1, source=0x101 }
D/InputEventConsistencyVerifier(  426):   3: sent at 249367000000, (unhandled) KeyEvent { action=ACTION_DOWN, keyCode=KEYCODE_DPAD_UP, scanCode=0, metaState=0, flags=0x400, repeatCount=0, eventTime=249367, downTime=249367, deviceId=-1, source=0x101 }
D/InputEventConsistencyVerifier(  426):   4: sent at 249367000000, (unhandled) KeyEvent { action=ACTION_UP, keyCode=KEYCODE_DPAD_UP, scanCode=0, metaState=0, flags=0x400, repeatCount=0, eventTime=249367, downTime=249367, deviceId=-1, source=0x101 }
D/InputEventConsistencyVerifier(  426):   5: sent at 249367000000, (unhandled) KeyEvent { action=ACTION_DOWN, keyCode=KEYCODE_DPAD_UP, scanCode=0, metaState=0, flags=0x400, repeatCount=0, eventTime=249367, downTime=249367, deviceId=-1, source=0x101 }
I/Choreographer(  426): Skipped 37 frames!  The application may be doing too much work on its main thread.
D/InputEventConsistencyVerifier(  426): TouchEvent: ACTION_DOWN but pointers are already down.  Probably missing ACTION_UP from previous gesture.
D/InputEventConsistencyVerifier(  426):   in android.view.ScaleGestureDetector@b3eeb6a0
D/InputEventConsistencyVerifier(  426):   0: sent at 249559000000, MotionEvent { action=ACTION_DOWN, id[0]=0, x[0]=396.0, y[0]=22.0, toolType[0]=TOOL_TYPE_UNKNOWN, buttonState=0, metaState=0, flags=0x0, edgeFlags=0x0, pointerCount=1, historySize=0, eventTime=249559, downTime=249558, deviceId=0, source=0x1002 }
D/InputEventConsistencyVerifier(  426):   -- recent events --
D/InputEventConsistencyVerifier(  426):   1: sent at 249070000000, MotionEvent { action=ACTION_DOWN, id[0]=0, x[0]=188.0, y[0]=386.0, toolType[0]=TOOL_TYPE_UNKNOWN, buttonState=0, metaState=0, flags=0x80000000, edgeFlags=0x0, pointerCount=1, historySize=0, eventTime=249070, downTime=249070, deviceId=0, source=0x1002 }
D/InputEventConsistencyVerifier(  426):   2: sent at 248864000000, MotionEvent { action=ACTION_DOWN, id[0]=0, x[0]=459.0, y[0]=550.0, toolType[0]=TOOL_TYPE_UNKNOWN, buttonState=0, metaState=0, flags=0x80000000, edgeFlags=0x0, pointerCount=1, historySize=0, eventTime=248864, downTime=248863, deviceId=0, source=0x1002 }
D/InputEventConsistencyVerifier(  426):   3: sent at 248763000000, MotionEvent { action=ACTION_DOWN, id[0]=0, x[0]=343.0, y[0]=172.0, toolType[0]=TOOL_TYPE_UNKNOWN, buttonState=0, metaState=0, flags=0x0, edgeFlags=0x0, pointerCount=1, historySize=0, eventTime=248763, downTime=248752, deviceId=0, source=0x1002 }
D/InputEventConsistencyVerifier(  426):   4: sent at 248399000000, MotionEvent { action=ACTION_UP, id[0]=0, x[0]=320.0, y[0]=30.0, toolType[0]=TOOL_TYPE_UNKNOWN, buttonState=0, metaState=0, flags=0x0, edgeFlags=0x0, pointerCount=1, historySize=0, eventTime=248399, downTime=248391, deviceId=0, source=0x1002 }
D/InputEventConsistencyVerifier(  426):   5: sent at 248391000000, MotionEvent { action=ACTION_DOWN, id[0]=0, x[0]=316.0, y[0]=29.0, toolType[0]=TOOL_TYPE_UNKNOWN, buttonState=0, metaState=0, flags=0x80000000, edgeFlags=0x0, pointerCount=1, historySize=0, eventTime=248391, downTime=248391, deviceId=0, source=0x1002 }
W/InputMethodManagerService(  227): Window already focused, ignoring focus gain of: com.android.internal.view.IInputMethodClient$Stub$Proxy@b40d82d0 attribute=null
V/PhoneStatusBar(  426): setLightsOn(true)
D/PhoneStatusBar(  426): disable: < expand icons alerts ticker* system_info back home recent clock >
I/Choreographer(  968): Skipped 30 frames!  The application may be doing too much work on its main thread.
W/dalvikvm(  426): DroidBox: { "FdAccess": { "path": "2f70726f632f6d656d696e666f", "id": "316369640" } }
W/DroidBox(  426): DroidBox: { "FileRW": { "operation": "read", "data": "4d656d546f74616c3a202020202020202020373438393634206b420a4d656d467265653a20202020202020202020343430333132206b420a427566666572733a20202020202020202020202035373034206b420a4361636865643a202020202020202020", "id": "316369640" } }
I/Choreographer(  426): Skipped 43 frames!  The application may be doing too much work on its main thread.
W/dalvikvm(  426): DroidBox: { "FdAccess": { "path": "2f70726f632f6d656d696e666f", "id": "1027379148" } }
W/DroidBox(  426): DroidBox: { "FileRW": { "operation": "read", "data": "4d656d546f74616c3a202020202020202020373438393634206b420a4d656d467265653a20202020202020202020343430333132206b420a427566666572733a20202020202020202020202035373034206b420a4361636865643a202020202020202020", "id": "1027379148" } }
V/PhoneStatusBar(  426): setLightsOn(true)
D/PhoneStatusBar(  426): disable: < expand icons alerts TICKER* system_info back home recent clock >
I/Choreographer(  426): Skipped 36 frames!  The application may be doing too much work on its main thread.
W/dalvikvm(  426): DroidBox: { "FdAccess": { "path": "2f70726f632f6d656d696e666f", "id": "1152787131" } }
W/DroidBox(  426): DroidBox: { "FileRW": { "operation": "read", "data": "4d656d546f74616c3a202020202020202020373438393634206b420a4d656d467265653a20202020202020202020343430333132206b420a427566666572733a20202020202020202020202035373034206b420a4361636865643a202020202020202020", "id": "1152787131" } }
I/Choreographer(  968): Skipped 60 frames!  The application may be doing too much work on its main thread.
V/PhoneStatusBar(  426): setLightsOn(true)
D/PhoneStatusBar(  426): disable: < expand icons alerts ticker* system_info back home recent clock >
W/InputMethodManagerService(  227): Window already focused, ignoring focus gain of: com.android.internal.view.IInputMethodClient$Stub$Proxy@b3f379d8 attribute=null
I/Choreographer(  968): Skipped 54 frames!  The application may be doing too much work on its main thread.
D/InputEventConsistencyVerifier(  426): TouchEvent: ACTION_DOWN but pointers are already down.  Probably missing ACTION_UP from previous gesture.
D/InputEventConsistencyVerifier(  426):   in android.view.ScaleGestureDetector@b3eeb6a0
D/InputEventConsistencyVerifier(  426):   0: sent at 251820000000, MotionEvent { action=ACTION_DOWN, id[0]=0, x[0]=266.0, y[0]=26.0, toolType[0]=TOOL_TYPE_UNKNOWN, buttonState=0, metaState=0, flags=0x0, edgeFlags=0x0, pointerCount=1, historySize=0, eventTime=251820, downTime=251820, deviceId=0, source=0x1002 }
D/InputEventConsistencyVerifier(  426):   -- recent events --
D/InputEventConsistencyVerifier(  426):   1: sent at 250094000000, MotionEvent { action=ACTION_DOWN, id[0]=0, x[0]=227.0, y[0]=649.0, toolType[0]=TOOL_TYPE_UNKNOWN, buttonState=0, metaState=0, flags=0x0, edgeFlags=0x0, pointerCount=1, historySize=0, eventTime=250094, downTime=250086, deviceId=0, source=0x1002 }
D/InputEventConsistencyVerifier(  426):   2: sent at 249592000000, MotionEvent { action=ACTION_UP, id[0]=0, x[0]=401.0, y[0]=37.0, toolType[0]=TOOL_TYPE_UNKNOWN, buttonState=0, metaState=0, flags=0x0, edgeFlags=0x0, pointerCount=1, historySize=0, eventTime=249592, downTime=249558, deviceId=0, source=0x1002 }
D/InputEventConsistencyVerifier(  426):   3: sent at 249559000000, MotionEvent { action=ACTION_DOWN, id[0]=0, x[0]=396.0, y[0]=22.0, toolType[0]=TOOL_TYPE_UNKNOWN, buttonState=0, metaState=0, flags=0x80000000, edgeFlags=0x0, pointerCount=1, historySize=0, eventTime=249559, downTime=249558, deviceId=0, source=0x1002 }
D/InputEventConsistencyVerifier(  426):   4: sent at 249070000000, MotionEvent { action=ACTION_DOWN, id[0]=0, x[0]=188.0, y[0]=386.0, toolType[0]=TOOL_TYPE_UNKNOWN, buttonState=0, metaState=0, flags=0x80000000, edgeFlags=0x0, pointerCount=1, historySize=0, eventTime=249070, downTime=249070, deviceId=0, source=0x1002 }
D/InputEventConsistencyVerifier(  426):   5: sent at 248864000000, MotionEvent { action=ACTION_DOWN, id[0]=0, x[0]=459.0, y[0]=550.0, toolType[0]=TOOL_TYPE_UNKNOWN, buttonState=0, metaState=0, flags=0x80000000, edgeFlags=0x0, pointerCount=1, historySize=0, eventTime=248864, downTime=248863, deviceId=0, source=0x1002 }
W/dalvikvm(  426): DroidBox: { "FdAccess": { "path": "2f70726f632f6d656d696e666f", "id": "2095878412" } }
W/DroidBox(  426): DroidBox: { "FileRW": { "operation": "read", "data": "4d656d546f74616c3a202020202020202020373438393634206b420a4d656d467265653a20202020202020202020343430313838206b420a427566666572733a20202020202020202020202035373132206b420a4361636865643a202020202020202020", "id": "2095878412" } }
D/InputEventConsistencyVerifier(  426): KeyEvent: ACTION_UP but key was not down.
D/InputEventConsistencyVerifier(  426):   in com.android.systemui.statusbar.phone.StatusBarWindowView@b3e3b1d8
D/InputEventConsistencyVerifier(  426):   0: sent at 252107000000, KeyEvent { action=ACTION_UP, keyCode=KEYCODE_DPAD_DOWN, scanCode=0, metaState=0, flags=0x8, repeatCount=0, eventTime=252107, downTime=252107, deviceId=-1, source=0x101 }
D/InputEventConsistencyVerifier(  426):   -- recent events --
D/InputEventConsistencyVerifier(  426):   1: sent at 251844000000, MotionEvent { action=ACTION_UP, id[0]=0, x[0]=259.0, y[0]=24.0, toolType[0]=TOOL_TYPE_UNKNOWN, buttonState=0, metaState=0, flags=0x0, edgeFlags=0x0, pointerCount=1, historySize=0, eventTime=251844, downTime=251820, deviceId=0, source=0x1002 }
D/InputEventConsistencyVerifier(  426):   2: sent at 251820000000, MotionEvent { action=ACTION_DOWN, id[0]=0, x[0]=266.0, y[0]=26.0, toolType[0]=TOOL_TYPE_UNKNOWN, buttonState=0, metaState=0, flags=0x0, edgeFlags=0x0, pointerCount=1, historySize=0, eventTime=251820, downTime=251820, deviceId=0, source=0x1002 }
D/InputEventConsistencyVerifier(  426):   3: sent at 250275000000, MotionEvent { action=ACTION_UP, id[0]=0, x[0]=248.0, y[0]=706.0, toolType[0]=TOOL_TYPE_UNKNOWN, buttonState=0, metaState=0, flags=0x0, edgeFlags=0x0, pointerCount=1, historySize=0, eventTime=250275, downTime=250086, deviceId=0, source=0x1002 }
D/InputEventConsistencyVerifier(  426):   4: sent at 250265000000, MotionEvent { action=ACTION_MOVE, id[0]=0, x[0]=244.0, y[0]=704.0, toolType[0]=TOOL_TYPE_UNKNOWN, buttonState=0, metaState=0, flags=0x0, edgeFlags=0x0, pointerCount=1, historySize=0, eventTime=250265, downTime=250086, deviceId=0, source=0x1002 }
D/InputEventConsistencyVerifier(  426):   5: sent at 250122500000, MotionEvent { action=ACTION_MOVE, id[0]=0, x[0]=242.0, y[0]=703.0, toolType[0]=TOOL_TYPE_UNKNOWN, buttonState=0, metaState=0, flags=0x0, edgeFlags=0x0, pointerCount=1, historySize=8, eventTime=250122, downTime=250086, deviceId=0, source=0x1002 }
I/Choreographer(  426): Skipped 55 frames!  The application may be doing too much work on its main thread.
W/dalvikvm(  426): DroidBox: { "FdAccess": { "path": "2f70726f632f6d656d696e666f", "id": "1825685805" } }
W/DroidBox(  426): DroidBox: { "FileRW": { "operation": "read", "data": "4d656d546f74616c3a202020202020202020373438393634206b420a4d656d467265653a20202020202020202020343430313838206b420a427566666572733a20202020202020202020202035373132206b420a4361636865643a202020202020202020", "id": "1825685805" } }
D/PhoneStatusBar(  426): disable: < expand icons alerts TICKER* system_info back home recent clock >
V/PhoneStatusBar(  426): setLightsOn(true)
I/Choreographer(  227): Skipped 33 frames!  The application may be doing too much work on its main thread.
I/Choreographer(  968): Skipped 68 frames!  The application may be doing too much work on its main thread.
D/PhoneStatusBar(  426): disable: < expand icons alerts ticker* system_info back home recent clock >
W/DroidBox( 1144): DroidBox: { "ServiceStart": { "name": "com.android.music.MediaPlaybackService" } }
W/DroidBox( 1144): DroidBox: { "ServiceStart": { "name": "com.android.music.MediaPlaybackService" } }
V/PhoneStatusBar(  426): setLightsOn(true)
I/Choreographer(  426): Skipped 92 frames!  The application may be doing too much work on its main thread.
W/InputManager(  227): Input event injection from pid 949 failed.
W/InputManager(  227): Input event injection from pid 949 failed.
I/AudioService(  227):  AudioFocus  requestAudioFocus() from android.media.AudioManager@b3e1b060com.android.music.MediaPlaybackService$3@b3e19898
I/AudioService(  227):   Remote Control   registerMediaButtonIntent() for PendingIntent{b3f67ad8: PendingIntentRecord{b423e4b0 com.android.music broadcastIntent}}
I/Choreographer(  968): Skipped 169 frames!  The application may be doing too much work on its main thread.
W/InputMethodManagerService(  227): Window already focused, ignoring focus gain of: com.android.internal.view.IInputMethodClient$Stub$Proxy@b4215490 attribute=null
D/InputEventConsistencyVerifier(  968): TrackballEvent: Trackball is down but pressure is not greater than 0.
D/InputEventConsistencyVerifier(  968):   in android.view.ViewRootImpl@b3ee2868
D/InputEventConsistencyVerifier(  968):   0: sent at 254004000000, MotionEvent { action=ACTION_DOWN, id[0]=0, x[0]=0.0, y[0]=0.0, toolType[0]=TOOL_TYPE_UNKNOWN, buttonState=0, metaState=0, flags=0x0, edgeFlags=0x0, pointerCount=1, historySize=0, eventTime=254004, downTime=253962, deviceId=0, source=0x10004 }
D/InputEventConsistencyVerifier(  968):   -- recent events --
D/InputEventConsistencyVerifier(  968):   1: sent at 254066000000, KeyEvent { action=ACTION_UP, keyCode=KEYCODE_DPAD_DOWN, scanCode=0, metaState=0, flags=0x400, repeatCount=0, eventTime=254066, downTime=254066, deviceId=-1, source=0x101 }
D/InputEventConsistencyVerifier(  968):   2: sent at 254066000000, KeyEvent { action=ACTION_DOWN, keyCode=KEYCODE_DPAD_DOWN, scanCode=0, metaState=0, flags=0x400, repeatCount=0, eventTime=254066, downTime=254066, deviceId=-1, source=0x101 }
D/InputEventConsistencyVerifier(  968):   3: sent at 254065000000, KeyEvent { action=ACTION_UP, keyCode=KEYCODE_DPAD_DOWN, scanCode=0, metaState=0, flags=0x400, repeatCount=0, eventTime=254065, downTime=254065, deviceId=-1, source=0x101 }
D/InputEventConsistencyVerifier(  968):   4: sent at 254065000000, KeyEvent { action=ACTION_DOWN, keyCode=KEYCODE_DPAD_DOWN, scanCode=0, metaState=0, flags=0x400, repeatCount=0, eventTime=254065, downTime=254065, deviceId=-1, source=0x101 }
D/InputEventConsistencyVerifier(  968):   5: sent at 254065000000, KeyEvent { action=ACTION_UP, keyCode=KEYCODE_DPAD_DOWN, scanCode=0, metaState=0, flags=0x400, repeatCount=0, eventTime=254065, downTime=254065, deviceId=-1, source=0x101 }
I/Choreographer(  968): Skipped 88 frames!  The application may be doing too much work on its main thread.
W/InputMethodManagerService(  227): Window already focused, ignoring focus gain of: com.android.internal.view.IInputMethodClient$Stub$Proxy@b3fcfe60 attribute=null
I/Choreographer(  968): Skipped 53 frames!  The application may be doing too much work on its main thread.
I/Choreographer(  968): Skipped 30 frames!  The application may be doing too much work on its main thread.
D/InputEventConsistencyVerifier(  426): KeyEvent: ACTION_UP but key was not down.
D/InputEventConsistencyVerifier(  426):   in android.view.ViewRootImpl@b3ecdea8
D/InputEventConsistencyVerifier(  426):   0: sent at 256102000000, KeyEvent { action=ACTION_UP, keyCode=KEYCODE_DPAD_LEFT, scanCode=0, metaState=0, flags=0x8, repeatCount=0, eventTime=256102, downTime=256102, deviceId=-1, source=0x101 }
D/InputEventConsistencyVerifier(  426):   -- recent events --
D/InputEventConsistencyVerifier(  426):   1: sent at 255991000000, MotionEvent { action=ACTION_UP, id[0]=0, x[0]=81.0, y[0]=10.0, toolType[0]=TOOL_TYPE_UNKNOWN, buttonState=0, metaState=0, flags=0x0, edgeFlags=0x0, pointerCount=1, historySize=0, eventTime=255991, downTime=255985, deviceId=0, source=0x1002 }
D/InputEventConsistencyVerifier(  426):   2: sent at 255985000000, MotionEvent { action=ACTION_DOWN, id[0]=0, x[0]=72.0, y[0]=27.0, toolType[0]=TOOL_TYPE_UNKNOWN, buttonState=0, metaState=0, flags=0x0, edgeFlags=0x0, pointerCount=1, historySize=0, eventTime=255985, downTime=255985, deviceId=0, source=0x1002 }
D/InputEventConsistencyVerifier(  426):   3: sent at 252179000000, KeyEvent { action=ACTION_UP, keyCode=KEYCODE_MENU, scanCode=0, metaState=0, flags=0x8, repeatCount=0, eventTime=252179, downTime=252179, deviceId=-1, source=0x101 }
D/InputEventConsistencyVerifier(  426):   4: sent at 252162000000, KeyEvent { action=ACTION_DOWN, keyCode=KEYCODE_MENU, scanCode=0, metaState=0, flags=0x8, repeatCount=0, eventTime=252162, downTime=252162, deviceId=-1, source=0x101 }
D/InputEventConsistencyVerifier(  426):   5: sent at 252107000000, KeyEvent { action=ACTION_UP, keyCode=KEYCODE_DPAD_DOWN, scanCode=0, metaState=0, flags=0x8, repeatCount=0, eventTime=252107, downTime=252107, deviceId=-1, source=0x101 }
W/dalvikvm(  426): DroidBox: { "FdAccess": { "path": "2f70726f632f6d656d696e666f", "id": "1670888604" } }
W/DroidBox(  426): DroidBox: { "FileRW": { "operation": "read", "data": "4d656d546f74616c3a202020202020202020373438393634206b420a4d656d467265653a20202020202020202020343430333238206b420a427566666572733a20202020202020202020202035373132206b420a4361636865643a202020202020202020", "id": "1670888604" } }
I/Choreographer(  426): Skipped 114 frames!  The application may be doing too much work on its main thread.
D/InputEventConsistencyVerifier(  426): KeyEvent: ACTION_UP but key was not down.
D/InputEventConsistencyVerifier(  426):   in com.android.systemui.statusbar.phone.StatusBarWindowView@b3e3b1d8
D/InputEventConsistencyVerifier(  426):   0: sent at 256486000000, KeyEvent { action=ACTION_UP, keyCode=KEYCODE_DPAD_CENTER, scanCode=0, metaState=0, flags=0x8, repeatCount=0, eventTime=256486, downTime=256486, deviceId=-1, source=0x101 }
D/InputEventConsistencyVerifier(  426):   -- recent events --
D/InputEventConsistencyVerifier(  426):   1: sent at 256295000000, (unhandled) MotionEvent { action=ACTION_MOVE, id[0]=0, x[0]=-1.0, y[0]=0.0, toolType[0]=TOOL_TYPE_UNKNOWN, buttonState=0, metaState=0, flags=0x0, edgeFlags=0x0, pointerCount=1, historySize=9, eventTime=256295, downTime=-1, deviceId=0, source=0x10004 }
D/InputEventConsistencyVerifier(  426):   2: sent at 256102000000, (unhandled) KeyEvent { action=ACTION_UP, keyCode=KEYCODE_DPAD_LEFT, scanCode=0, metaState=0, flags=0x80000008, repeatCount=0, eventTime=256102, downTime=256102, deviceId=-1, source=0x101 }
D/InputEventConsistencyVerifier(  426):   3: sent at 255991000000, MotionEvent { action=ACTION_UP, id[0]=0, x[0]=81.0, y[0]=10.0, toolType[0]=TOOL_TYPE_UNKNOWN, buttonState=0, metaState=0, flags=0x0, edgeFlags=0x0, pointerCount=1, historySize=0, eventTime=255991, downTime=255985, deviceId=0, source=0x1002 }
D/InputEventConsistencyVerifier(  426):   4: sent at 255985000000, MotionEvent { action=ACTION_DOWN, id[0]=0, x[0]=72.0, y[0]=27.0, toolType[0]=TOOL_TYPE_UNKNOWN, buttonState=0, metaState=0, flags=0x0, edgeFlags=0x0, pointerCount=1, historySize=0, eventTime=255985, downTime=255985, deviceId=0, source=0x1002 }
D/InputEventConsistencyVerifier(  426):   5: sent at 252179000000, (unhandled) KeyEvent { action=ACTION_UP, keyCode=KEYCODE_MENU, scanCode=0, metaState=0, flags=0x8, repeatCount=0, eventTime=252179, downTime=252179, deviceId=-1, source=0x101 }
W/dalvikvm(  426): DroidBox: { "FdAccess": { "path": "2f70726f632f6d656d696e666f", "id": "1307367692" } }
W/DroidBox(  426): DroidBox: { "FileRW": { "operation": "read", "data": "4d656d546f74616c3a202020202020202020373438393634206b420a4d656d467265653a20202020202020202020343430333238206b420a427566666572733a20202020202020202020202035373132206b420a4361636865643a202020202020202020", "id": "1307367692" } }
D/InputEventConsistencyVerifier(  426): KeyEvent: ACTION_UP but key was not down.
D/InputEventConsistencyVerifier(  426):   in com.android.systemui.statusbar.phone.StatusBarWindowView@b3e3b1d8
D/InputEventConsistencyVerifier(  426):   0: sent at 256677000000, KeyEvent { action=ACTION_UP, keyCode=KEYCODE_DPAD_LEFT, scanCode=0, metaState=0, flags=0x8, repeatCount=0, eventTime=256677, downTime=256677, deviceId=-1, source=0x101 }
D/InputEventConsistencyVerifier(  426):   -- recent events --
D/InputEventConsistencyVerifier(  426):   1: sent at 256521000000, MotionEvent { action=ACTION_UP, id[0]=0, x[0]=448.0, y[0]=620.0, toolType[0]=TOOL_TYPE_UNKNOWN, buttonState=0, metaState=0, flags=0x0, edgeFlags=0x0, pointerCount=1, historySize=0, eventTime=256521, downTime=256493, deviceId=0, source=0x1002 }
D/InputEventConsistencyVerifier(  426):   2: sent at 256494000000, MotionEvent { action=ACTION_DOWN, id[0]=0, x[0]=437.0, y[0]=615.0, toolType[0]=TOOL_TYPE_UNKNOWN, buttonState=0, metaState=0, flags=0x0, edgeFlags=0x0, pointerCount=1, historySize=0, eventTime=256494, downTime=256493, deviceId=0, source=0x1002 }
D/InputEventConsistencyVerifier(  426):   3: sent at 256486000000, (unhandled) KeyEvent { action=ACTION_UP, keyCode=KEYCODE_DPAD_CENTER, scanCode=0, metaState=0, flags=0x80000008, repeatCount=0, eventTime=256486, downTime=256486, deviceId=-1, source=0x101 }
D/InputEventConsistencyVerifier(  426):   4: sent at 256295000000, (unhandled) MotionEvent { action=ACTION_MOVE, id[0]=0, x[0]=-1.0, y[0]=0.0, toolType[0]=TOOL_TYPE_UNKNOWN, buttonState=0, metaState=0, flags=0x0, edgeFlags=0x0, pointerCount=1, historySize=9, eventTime=256295, downTime=-1, deviceId=0, source=0x10004 }
D/InputEventConsistencyVerifier(  426):   5: sent at 256102000000, (unhandled) KeyEvent { action=ACTION_UP, keyCode=KEYCODE_DPAD_LEFT, scanCode=0, metaState=0, flags=0x80000008, repeatCount=0, eventTime=256102, downTime=256102, deviceId=-1, source=0x101 }
V/PhoneStatusBar(  426): setLightsOn(true)
D/PhoneStatusBar(  426): disable: < expand icons alerts TICKER* system_info back home recent clock >
D/InputEventConsistencyVerifier(  968): KeyEvent: ACTION_DOWN but key is already down and this event is not a key repeat.
D/InputEventConsistencyVerifier(  968):   in android.webkit.WebView@b3e32d18
D/InputEventConsistencyVerifier(  968):   0: sent at 255901000000, KeyEvent { action=ACTION_DOWN, keyCode=KEYCODE_DPAD_DOWN, scanCode=0, metaState=0, flags=0x400, repeatCount=0, eventTime=255901, downTime=255901, deviceId=-1, source=0x101 }
D/InputEventConsistencyVerifier(  968):   -- recent events --
D/InputEventConsistencyVerifier(  968):   1: sent at 255896000000, KeyEvent { action=ACTION_DOWN, keyCode=KEYCODE_DPAD_DOWN, scanCode=0, metaState=0, flags=0x400, repeatCount=0, eventTime=255896, downTime=255896, deviceId=-1, source=0x101 }
D/InputEventConsistencyVerifier(  968):   2: sent at 255743000000, (unhandled) MotionEvent { action=ACTION_MOVE, id[0]=0, x[0]=1.0, y[0]=4.0, toolType[0]=TOOL_TYPE_UNKNOWN, buttonState=0, metaState=0, flags=0x0, edgeFlags=0x0, pointerCount=1, historySize=14, eventTime=255743, downTime=-1, deviceId=0, source=0x10004 }
D/InputEventConsistencyVerifier(  968):   3: sent at 255807000000, MotionEvent { action=ACTION_UP, id[0]=0, x[0]=326.0, y[0]=76.0, toolType[0]=TOOL_TYPE_UNKNOWN, buttonState=0, metaState=0, flags=0x0, edgeFlags=0x0, pointerCount=1, historySize=0, eventTime=255807, downTime=255795, deviceId=0, source=0x1002 }
D/InputEventConsistencyVerifier(  968):   4: sent at 255803000000, MotionEvent { action=ACTION_MOVE, id[0]=0, x[0]=334.0, y[0]=91.0, toolType[0]=TOOL_TYPE_UNKNOWN, buttonState=0, metaState=0, flags=0x0, edgeFlags=0x0, pointerCount=1, historySize=0, eventTime=255803, downTime=255795, deviceId=0, source=0x1002 }
D/InputEventConsistencyVerifier(  968):   5: sent at 255796000000, MotionEvent { action=ACTION_DOWN, id[0]=0, x[0]=353.0, y[0]=97.0, toolType[0]=TOOL_TYPE_UNKNOWN, buttonState=0, metaState=0, flags=0x0, edgeFlags=0x0, pointerCount=1, historySize=0, eventTime=255796, downTime=255795, deviceId=0, source=0x1002 }
D/InputEventConsistencyVerifier(  426): TouchEvent: ACTION_DOWN but pointers are already down.  Probably missing ACTION_UP from previous gesture.
D/InputEventConsistencyVerifier(  426):   in android.view.ScaleGestureDetector@b3eeb6a0
D/InputEventConsistencyVerifier(  426):   0: sent at 256776000000, MotionEvent { action=ACTION_DOWN, id[0]=0, x[0]=32.0, y[0]=5.0, toolType[0]=TOOL_TYPE_UNKNOWN, buttonState=0, metaState=0, flags=0x0, edgeFlags=0x0, pointerCount=1, historySize=0, eventTime=256776, downTime=256684, deviceId=0, source=0x1002 }
D/InputEventConsistencyVerifier(  426):   -- recent events --
D/InputEventConsistencyVerifier(  426):   1: sent at 256494000000, MotionEvent { action=ACTION_DOWN, id[0]=0, x[0]=437.0, y[0]=615.0, toolType[0]=TOOL_TYPE_UNKNOWN, buttonState=0, metaState=0, flags=0x0, edgeFlags=0x0, pointerCount=1, historySize=0, eventTime=256494, downTime=256493, deviceId=0, source=0x1002 }
D/InputEventConsistencyVerifier(  426):   2: sent at 255991000000, MotionEvent { action=ACTION_UP, id[0]=0, x[0]=81.0, y[0]=10.0, toolType[0]=TOOL_TYPE_UNKNOWN, buttonState=0, metaState=0, flags=0x0, edgeFlags=0x0, pointerCount=1, historySize=0, eventTime=255991, downTime=255985, deviceId=0, source=0x1002 }
D/InputEventConsistencyVerifier(  426):   3: sent at 255985000000, MotionEvent { action=ACTION_DOWN, id[0]=0, x[0]=72.0, y[0]=27.0, toolType[0]=TOOL_TYPE_UNKNOWN, buttonState=0, metaState=0, flags=0x0, edgeFlags=0x0, pointerCount=1, historySize=0, eventTime=255985, downTime=255985, deviceId=0, source=0x1002 }
D/InputEventConsistencyVerifier(  426):   4: sent at 251844000000, MotionEvent { action=ACTION_UP, id[0]=0, x[0]=259.0, y[0]=24.0, toolType[0]=TOOL_TYPE_UNKNOWN, buttonState=0, metaState=0, flags=0x0, edgeFlags=0x0, pointerCount=1, historySize=0, eventTime=251844, downTime=251820, deviceId=0, source=0x1002 }
D/InputEventConsistencyVerifier(  426):   5: sent at 251820000000, MotionEvent { action=ACTION_DOWN, id[0]=0, x[0]=266.0, y[0]=26.0, toolType[0]=TOOL_TYPE_UNKNOWN, buttonState=0, metaState=0, flags=0x80000000, edgeFlags=0x0, pointerCount=1, historySize=0, eventTime=251820, downTime=251820, deviceId=0, source=0x1002 }
D/PhoneStatusBar(  426): disable: < expand icons alerts ticker* system_info back home recent clock >
W/dalvikvm(  426): DroidBox: { "FdAccess": { "path": "2f70726f632f6d656d696e666f", "id": "1340145661" } }
W/DroidBox(  426): DroidBox: { "FileRW": { "operation": "read", "data": "4d656d546f74616c3a202020202020202020373438393634206b420a4d656d467265653a20202020202020202020343430313936206b420a427566666572733a20202020202020202020202035373132206b420a4361636865643a202020202020202020", "id": "1340145661" } }
V/PhoneStatusBar(  426): setLightsOn(true)
I/Choreographer(  426): Skipped 34 frames!  The application may be doing too much work on its main thread.
D/InputEventConsistencyVerifier(  426): KeyEvent: ACTION_UP but key was not down.
D/InputEventConsistencyVerifier(  426):   in android.view.ViewRootImpl@b3ecdea8
D/InputEventConsistencyVerifier(  426):   0: sent at 256971000000, KeyEvent { action=ACTION_UP, keyCode=KEYCODE_C, scanCode=0, metaState=0, flags=0x8, repeatCount=0, eventTime=256971, downTime=256971, deviceId=-1, source=0x101 }
D/InputEventConsistencyVerifier(  426):   -- recent events --
D/InputEventConsistencyVerifier(  426):   1: sent at 256892000000, MotionEvent { action=ACTION_UP, id[0]=0, x[0]=157.0, y[0]=0.0, toolType[0]=TOOL_TYPE_UNKNOWN, buttonState=0, metaState=0, flags=0x0, edgeFlags=0x0, pointerCount=1, historySize=0, eventTime=256892, downTime=256684, deviceId=0, source=0x1002 }
D/InputEventConsistencyVerifier(  426):   2: sent at 256887000000, MotionEvent { action=ACTION_POINTER_UP(1), id[0]=0, x[0]=147.0, y[0]=0.0, toolType[0]=TOOL_TYPE_UNKNOWN, id[1]=1, x[1]=137.0, y[1]=0.0, toolType[1]=TOOL_TYPE_UNKNOWN, buttonState=0, metaState=0, flags=0x0, edgeFlags=0x0, pointerCount=2, historySize=0, eventTime=256887, downTime=256684, deviceId=0, source=0x1002 }
D/InputEventConsistencyVerifier(  426):   3: sent at 256866000000, MotionEvent { action=ACTION_MOVE, id[0]=0, x[0]=146.0, y[0]=0.0, toolType[0]=TOOL_TYPE_UNKNOWN, id[1]=1, x[1]=134.0, y[1]=0.0, toolType[1]=TOOL_TYPE_UNKNOWN, buttonState=0, metaState=0, flags=0x0, edgeFlags=0x0, pointerCount=2, historySize=6, eventTime=256866, downTime=256684, deviceId=0, source=0x1002 }
D/InputEventConsistencyVerifier(  426):   4: sent at 256781000000, MotionEvent { action=ACTION_POINTER_DOWN(1), id[0]=0, x[0]=52.0, y[0]=4.0, toolType[0]=TOOL_TYPE_UNKNOWN, id[1]=1, x[1]=92.0, y[1]=2.0, toolType[1]=TOOL_TYPE_UNKNOWN, buttonState=0, metaState=0, flags=0x0, edgeFlags=0x0, pointerCount=2, historySize=0, eventTime=256781, downTime=256684, deviceId=0, source=0x1002 }
D/InputEventConsistencyVerifier(  426):   5: sent at 256776000000, MotionEvent { action=ACTION_DOWN, id[0]=0, x[0]=32.0, y[0]=5.0, toolType[0]=TOOL_TYPE_UNKNOWN, buttonState=0, metaState=0, flags=0x0, edgeFlags=0x0, pointerCount=1, historySize=0, eventTime=256776, downTime=256684, deviceId=0, source=0x1002 }
W/dalvikvm(  426): DroidBox: { "FdAccess": { "path": "2f70726f632f6d656d696e666f", "id": "1295748961" } }
