D/InputEventConsistencyVerifier(  622): KeyEvent: ACTION_UP but key was not down.
D/InputEventConsistencyVerifier(  622):   in com.android.internal.policy.impl.PhoneWindow$DecorView@b415a308
D/InputEventConsistencyVerifier(  622):   0: sent at 129804000000, KeyEvent { action=ACTION_UP, keyCode=KEYCODE_DPAD_RIGHT, scanCode=0, metaState=0, flags=0x8, repeatCount=0, eventTime=129804, downTime=129804, deviceId=-1, source=0x101 }
W/dalvikvm(  988): DroidBox: { "FdAccess": { "path": "2f6465762f696e7075742f6576656e7430", "id": "564352991" } }
W/DroidBox(  988): DroidBox: { "FileRW": { "operation": "write", "data": "efbfbd060000efbfbdefbfbd0c000500000000000000", "id": "564352991" } }
I/ActivityManager(  229): START {act=android.search.action.GLOBAL_SEARCH flg=0x10000000 cmp=com.android.quicksearchbox/.SearchActivity bnds=[5,43][475,103] (has extras) u=0} from pid 622
I/Choreographer(  622): Skipped 33 frames!  The application may be doing too much work on its main thread.
I/dalvikvm-heap(  622): Grow heap (frag case) to 15.116MB for 1463056-byte allocation
E/Trace   ( 1014): error opening trace file: No such file or directory (2)
I/ARMAssembler(   58): generated scanline__00000077:03010104_00008002_00000000 [ 89 ipp] (110 ins) at [0xb5cd6710:0xb5cd68c8] in 0 ns
W/DroidBox( 1014): DroidBox: { "DexClassLoader": { "path": "/data/app/com.tx.read-1.apk" } }
D/InputEventConsistencyVerifier(  622): KeyEvent: ACTION_UP but key was not down.
D/InputEventConsistencyVerifier(  622):   in com.android.launcher2.Cling@b40e7bd8
D/InputEventConsistencyVerifier(  622):   0: sent at 130141000000, KeyEvent { action=ACTION_UP, keyCode=KEYCODE_DPAD_DOWN, scanCode=0, metaState=0, flags=0x8, repeatCount=0, eventTime=130141, downTime=130141, deviceId=-1, source=0x101 }
W/InputMethodManagerService(  229): Starting input on non-focused client com.android.internal.view.IInputMethodClient$Stub$Proxy@b40d4348 (uid=10019 pid=622)
E/WVMExtractor(   61): Failed to open libwvm.so
E/WVMExtractor(   61): Failed to open libwvm.so
E/WVMExtractor(   61): Failed to open libwvm.so
E/WVMExtractor(   61): Failed to open libwvm.so
E/WVMExtractor(   61): Failed to open libwvm.so
E/WVMExtractor(   61): Failed to open libwvm.so
W/BackupManagerService(  229): dataChanged but no participant pkg='com.android.providers.settings' uid=1001
E/WVMExtractor(   61): Failed to open libwvm.so
E/WVMExtractor(   61): Failed to open libwvm.so
E/WVMExtractor(   61): Failed to open libwvm.so
E/WVMExtractor(   61): Failed to open libwvm.so
W/dalvikvm(  229): DroidBox: { "FdAccess": { "path": "2f70726f632f313031342f636d646c696e65", "id": "1748983458" } }
W/DroidBox(  229): DroidBox: { "FileRW": { "operation": "read", "data": "636f6d2e74782e72656164000000000000000000000000000000000000000000000000000000000000000000000000000000000000000000000000000000000000000000000000000000000031643438636630626331363230343964663030362e61706b", "id": "1748983458" } }
E/WVMExtractor(   61): Failed to open libwvm.so
E/WVMExtractor(   61): Failed to open libwvm.so
E/WVMExtractor(   61): Failed to open libwvm.so
E/WVMExtractor(   61): Failed to open libwvm.so
I/InputDispatcher(  229): Application is not responding: AppWindowToken{b3f31bb0 token=Token{b3fb4f68 ActivityRecord{b3fb4cf0 com.tx.read/.activity.SplashActivity}}}.  It has been 5235.2ms since event, 5004.2ms since wait started.  Reason: Waiting because no window has focus but there is a focused application that may eventually add a window when it finishes starting up.
I/WindowManager(  229): Input event dispatching timed out sending to application AppWindowToken{b3f31bb0 token=Token{b3fb4f68 ActivityRecord{b3fb4cf0 com.tx.read/.activity.SplashActivity}}}
I/Process (  229): Sending signal. PID: 1014 SIG: 3
E/WVMExtractor(   61): Failed to open libwvm.so
I/Process (  229): Sending signal. PID: 229 SIG: 3
I/Process (  229): Sending signal. PID: 418 SIG: 3
I/Process (  229): Sending signal. PID: 493 SIG: 3
W/dalvikvm(  229): DroidBox: { "FdAccess": { "path": "2f70726f632f312f636d646c696e65", "id": "478100450" } }
W/DroidBox(  229): DroidBox: { "FileRW": { "operation": "read", "data": "2f696e69740000000000000000000000000000000000000000000000000000000000000000000000000000000000000000000000000000000000000000000000000000000000000000000000000000000000000000000000000000000000000000000000", "id": "478100450" } }
W/dalvikvm(  229): DroidBox: { "FdAccess": { "path": "2f70726f632f322f636d646c696e65", "id": "656866807" } }
W/DroidBox(  229): DroidBox: { "FileRW": { "operation": "read", "data": "2f696e69740000000000000000000000000000000000000000000000000000000000000000000000000000000000000000000000000000000000000000000000000000000000000000000000000000000000000000000000000000000000000000000000", "id": "656866807" } }
W/dalvikvm(  229): DroidBox: { "FdAccess": { "path": "2f70726f632f332f636d646c696e65", "id": "1198751915" } }
W/DroidBox(  229): DroidBox: { "FileRW": { "operation": "read", "data": "2f696e69740000000000000000000000000000000000000000000000000000000000000000000000000000000000000000000000000000000000000000000000000000000000000000000000000000000000000000000000000000000000000000000000", "id": "1198751915" } }
W/dalvikvm(  229): DroidBox: { "FdAccess": { "path": "2f70726f632f342f636d646c696e65", "id": "65956118" } }
W/DroidBox(  229): DroidBox: { "FileRW": { "operation": "read", "data": "2f696e69740000000000000000000000000000000000000000000000000000000000000000000000000000000000000000000000000000000000000000000000000000000000000000000000000000000000000000000000000000000000000000000000", "id": "65956118" } }
W/dalvikvm(  229): DroidBox: { "FdAccess": { "path": "2f70726f632f352f636d646c696e65", "id": "1583250623" } }
W/DroidBox(  229): DroidBox: { "FileRW": { "operation": "read", "data": "2f696e69740000000000000000000000000000000000000000000000000000000000000000000000000000000000000000000000000000000000000000000000000000000000000000000000000000000000000000000000000000000000000000000000", "id": "1583250623" } }
W/dalvikvm(  229): DroidBox: { "FdAccess": { "path": "2f70726f632f362f636d646c696e65", "id": "1847564444" } }
W/DroidBox(  229): DroidBox: { "FileRW": { "operation": "read", "data": "2f696e69740000000000000000000000000000000000000000000000000000000000000000000000000000000000000000000000000000000000000000000000000000000000000000000000000000000000000000000000000000000000000000000000", "id": "1847564444" } }
W/dalvikvm(  229): DroidBox: { "FdAccess": { "path": "2f70726f632f372f636d646c696e65", "id": "1866471515" } }
W/DroidBox(  229): DroidBox: { "FileRW": { "operation": "read", "data": "2f696e69740000000000000000000000000000000000000000000000000000000000000000000000000000000000000000000000000000000000000000000000000000000000000000000000000000000000000000000000000000000000000000000000", "id": "1866471515" } }
W/dalvikvm(  229): DroidBox: { "FdAccess": { "path": "2f70726f632f382f636d646c696e65", "id": "110168664" } }
W/DroidBox(  229): DroidBox: { "FileRW": { "operation": "read", "data": "2f696e69740000000000000000000000000000000000000000000000000000000000000000000000000000000000000000000000000000000000000000000000000000000000000000000000000000000000000000000000000000000000000000000000", "id": "110168664" } }
W/dalvikvm(  229): DroidBox: { "FdAccess": { "path": "2f70726f632f392f636d646c696e65", "id": "602125782" } }
W/DroidBox(  229): DroidBox: { "FileRW": { "operation": "read", "data": "2f696e69740000000000000000000000000000000000000000000000000000000000000000000000000000000000000000000000000000000000000000000000000000000000000000000000000000000000000000000000000000000000000000000000", "id": "602125782" } }
W/dalvikvm(  229): DroidBox: { "FdAccess": { "path": "2f70726f632f31302f636d646c696e65", "id": "1097659023" } }
W/DroidBox(  229): DroidBox: { "FileRW": { "operation": "read", "data": "2f696e69740000000000000000000000000000000000000000000000000000000000000000000000000000000000000000000000000000000000000000000000000000000000000000000000000000000000000000000000000000000000000000000000", "id": "1097659023" } }
W/dalvikvm(  229): DroidBox: { "FdAccess": { "path": "2f70726f632f31312f636d646c696e65", "id": "1053380693" } }
W/DroidBox(  229): DroidBox: { "FileRW": { "operation": "read", "data": "2f696e69740000000000000000000000000000000000000000000000000000000000000000000000000000000000000000000000000000000000000000000000000000000000000000000000000000000000000000000000000000000000000000000000", "id": "1053380693" } }
W/dalvikvm(  229): DroidBox: { "FdAccess": { "path": "2f70726f632f31322f636d646c696e65", "id": "254800786" } }
W/DroidBox(  229): DroidBox: { "FileRW": { "operation": "read", "data": "2f696e69740000000000000000000000000000000000000000000000000000000000000000000000000000000000000000000000000000000000000000000000000000000000000000000000000000000000000000000000000000000000000000000000", "id": "254800786" } }
W/dalvikvm(  229): DroidBox: { "FdAccess": { "path": "2f70726f632f31332f636d646c696e65", "id": "280016887" } }
W/DroidBox(  229): DroidBox: { "FileRW": { "operation": "read", "data": "2f696e69740000000000000000000000000000000000000000000000000000000000000000000000000000000000000000000000000000000000000000000000000000000000000000000000000000000000000000000000000000000000000000000000", "id": "280016887" } }
W/dalvikvm(  229): DroidBox: { "FdAccess": { "path": "2f70726f632f31342f636d646c696e65", "id": "1889259626" } }
W/DroidBox(  229): DroidBox: { "FileRW": { "operation": "read", "data": "2f696e69740000000000000000000000000000000000000000000000000000000000000000000000000000000000000000000000000000000000000000000000000000000000000000000000000000000000000000000000000000000000000000000000", "id": "1889259626" } }
W/dalvikvm(  229): DroidBox: { "FdAccess": { "path": "2f70726f632f32352f636d646c696e65", "id": "1239232368" } }
W/DroidBox(  229): DroidBox: { "FileRW": { "operation": "read", "data": "2f696e69740000000000000000000000000000000000000000000000000000000000000000000000000000000000000000000000000000000000000000000000000000000000000000000000000000000000000000000000000000000000000000000000", "id": "1239232368" } }
W/dalvikvm(  229): DroidBox: { "FdAccess": { "path": "2f70726f632f32362f636d646c696e65", "id": "816275950" } }
W/DroidBox(  229): DroidBox: { "FileRW": { "operation": "read", "data": "2f696e69740000000000000000000000000000000000000000000000000000000000000000000000000000000000000000000000000000000000000000000000000000000000000000000000000000000000000000000000000000000000000000000000", "id": "816275950" } }
W/dalvikvm(  229): DroidBox: { "FdAccess": { "path": "2f70726f632f32372f636d646c696e65", "id": "448671019" } }
W/DroidBox(  229): DroidBox: { "FileRW": { "operation": "read", "data": "2f696e69740000000000000000000000000000000000000000000000000000000000000000000000000000000000000000000000000000000000000000000000000000000000000000000000000000000000000000000000000000000000000000000000", "id": "448671019" } }
W/dalvikvm(  229): DroidBox: { "FdAccess": { "path": "2f70726f632f32382f636d646c696e65", "id": "1630886431" } }
W/DroidBox(  229): DroidBox: { "FileRW": { "operation": "read", "data": "2f696e69740000000000000000000000000000000000000000000000000000000000000000000000000000000000000000000000000000000000000000000000000000000000000000000000000000000000000000000000000000000000000000000000", "id": "1630886431" } }
W/dalvikvm(  229): DroidBox: { "FdAccess": { "path": "2f70726f632f32392f636d646c696e65", "id": "1193821866" } }
W/DroidBox(  229): DroidBox: { "FileRW": { "operation": "read", "data": "2f696e69740000000000000000000000000000000000000000000000000000000000000000000000000000000000000000000000000000000000000000000000000000000000000000000000000000000000000000000000000000000000000000000000", "id": "1193821866" } }
W/dalvikvm(  229): DroidBox: { "FdAccess": { "path": "2f70726f632f33302f636d646c696e65", "id": "1554408362" } }
W/DroidBox(  229): DroidBox: { "FileRW": { "operation": "read", "data": "2f696e69740000000000000000000000000000000000000000000000000000000000000000000000000000000000000000000000000000000000000000000000000000000000000000000000000000000000000000000000000000000000000000000000", "id": "1554408362" } }
W/dalvikvm(  229): DroidBox: { "FdAccess": { "path": "2f70726f632f33312f636d646c696e65", "id": "1948292604" } }
W/DroidBox(  229): DroidBox: { "FileRW": { "operation": "read", "data": "2f7362696e2f756576656e7464000000000000000000000000000000000000000000000000000000000000000000000000000000000000000000000000000000000000000000000000000000000000000000000000000000000000000000000000000000", "id": "1948292604" } }
W/dalvikvm(  229): DroidBox: { "FdAccess": { "path": "2f70726f632f33332f636d646c696e65", "id": "336050996" } }
W/DroidBox(  229): DroidBox: { "FileRW": { "operation": "read", "data": "2f7362696e2f756576656e7464000000000000000000000000000000000000000000000000000000000000000000000000000000000000000000000000000000000000000000000000000000000000000000000000000000000000000000000000000000", "id": "336050996" } }
W/dalvikvm(  229): DroidBox: { "FdAccess": { "path": "2f70726f632f33342f636d646c696e65", "id": "2114856153" } }
W/DroidBox(  229): DroidBox: { "FileRW": { "operation": "read", "data": "2f7362696e2f756576656e7464000000000000000000000000000000000000000000000000000000000000000000000000000000000000000000000000000000000000000000000000000000000000000000000000000000000000000000000000000000", "id": "2114856153" } }
W/dalvikvm(  229): DroidBox: { "FdAccess": { "path": "2f70726f632f33382f636d646c696e65", "id": "1767352109" } }
W/DroidBox(  229): DroidBox: { "FileRW": { "operation": "read", "data": "2f7362696e2f756576656e7464000000000000000000000000000000000000000000000000000000000000000000000000000000000000000000000000000000000000000000000000000000000000000000000000000000000000000000000000000000", "id": "1767352109" } }
W/dalvikvm(  229): DroidBox: { "FdAccess": { "path": "2f70726f632f34302f636d646c696e65", "id": "694121063" } }
W/DroidBox(  229): DroidBox: { "FileRW": { "operation": "read", "data": "2f7362696e2f756576656e7464000000000000000000000000000000000000000000000000000000000000000000000000000000000000000000000000000000000000000000000000000000000000000000000000000000000000000000000000000000", "id": "694121063" } }
W/dalvikvm(  229): DroidBox: { "FdAccess": { "path": "2f70726f632f34312f636d646c696e65", "id": "835971782" } }
W/DroidBox(  229): DroidBox: { "FileRW": { "operation": "read", "data": "2f7362696e2f756576656e7464000000000000000000000000000000000000000000000000000000000000000000000000000000000000000000000000000000000000000000000000000000000000000000000000000000000000000000000000000000", "id": "835971782" } }
W/dalvikvm(  229): DroidBox: { "FdAccess": { "path": "2f70726f632f34342f636d646c696e65", "id": "191655123" } }
W/DroidBox(  229): DroidBox: { "FileRW": { "operation": "read", "data": "2f7362696e2f756576656e7464000000000000000000000000000000000000000000000000000000000000000000000000000000000000000000000000000000000000000000000000000000000000000000000000000000000000000000000000000000", "id": "191655123" } }
W/dalvikvm(  229): DroidBox: { "FdAccess": { "path": "2f70726f632f34362f636d646c696e65", "id": "998989320" } }
W/DroidBox(  229): DroidBox: { "FileRW": { "operation": "read", "data": "2f7362696e2f756576656e7464000000000000000000000000000000000000000000000000000000000000000000000000000000000000000000000000000000000000000000000000000000000000000000000000000000000000000000000000000000", "id": "998989320" } }
W/dalvikvm(  229): DroidBox: { "FdAccess": { "path": "2f70726f632f34372f636d646c696e65", "id": "1344292114" } }
W/DroidBox(  229): DroidBox: { "FileRW": { "operation": "read", "data": "2f7362696e2f756576656e7464000000000000000000000000000000000000000000000000000000000000000000000000000000000000000000000000000000000000000000000000000000000000000000000000000000000000000000000000000000", "id": "1344292114" } }
W/dalvikvm(  229): DroidBox: { "FdAccess": { "path": "2f70726f632f34382f636d646c696e65", "id": "104725204" } }
W/DroidBox(  229): DroidBox: { "FileRW": { "operation": "read", "data": "2f73797374656d2f62696e2f71656d75640000000000000000000000000000000000000000000000000000000000000000000000000000000000000000000000000000000000000000000000000000000000000000000000000000000000000000000000", "id": "104725204" } }
W/dalvikvm(  229): DroidBox: { "FdAccess": { "path": "2f70726f632f35322f636d646c696e65", "id": "281891226" } }
W/DroidBox(  229): DroidBox: { "FileRW": { "operation": "read", "data": "2f73797374656d2f62696e2f736572766963656d616e616765720000000000000000000000000000000000000000000000000000000000000000000000000000000000000000000000000000000000000000000000000000000000000000000000000000", "id": "281891226" } }
W/dalvikvm(  229): DroidBox: { "FdAccess": { "path": "2f70726f632f35332f636d646c696e65", "id": "1748584152" } }
W/DroidBox(  229): DroidBox: { "FileRW": { "operation": "read", "data": "2f73797374656d2f62696e2f766f6c640063656d616e616765720000000000000000000000000000000000000000000000000000000000000000000000000000000000000000000000000000000000000000000000000000000000000000000000000000", "id": "1748584152" } }
W/dalvikvm(  229): DroidBox: { "FdAccess": { "path": "2f70726f632f35352f636d646c696e65", "id": "1826060065" } }
W/DroidBox(  229): DroidBox: { "FileRW": { "operation": "read", "data": "2f73797374656d2f62696e2f6e6574640063656d616e616765720000000000000000000000000000000000000000000000000000000000000000000000000000000000000000000000000000000000000000000000000000000000000000000000000000", "id": "1826060065" } }
W/dalvikvm(  229): DroidBox: { "FdAccess": { "path": "2f70726f632f35362f636d646c696e65", "id": "913056332" } }
W/DroidBox(  229): DroidBox: { "FileRW": { "operation": "read", "data": "2f73797374656d2f62696e2f64656275676765726400616765720000000000000000000000000000000000000000000000000000000000000000000000000000000000000000000000000000000000000000000000000000000000000000000000000000", "id": "913056332" } }
W/dalvikvm(  229): DroidBox: { "FdAccess": { "path": "2f70726f632f35372f636d646c696e65", "id": "1994430657" } }
W/DroidBox(  229): DroidBox: { "FileRW": { "operation": "read", "data": "2f73797374656d2f62696e2f72696c64006765726400616765720000000000000000000000000000000000000000000000000000000000000000000000000000000000000000000000000000000000000000000000000000000000000000000000000000", "id": "1994430657" } }
W/dalvikvm(  229): DroidBox: { "FdAccess": { "path": "2f70726f632f35382f636d646c696e65", "id": "931996531" } }
W/DroidBox(  229): DroidBox: { "FileRW": { "operation": "read", "data": "2f73797374656d2f62696e2f73757266616365666c696e6765720000000000000000000000000000000000000000000000000000000000000000000000000000000000000000000000000000000000000000000000000000000000000000000000000000", "id": "931996531" } }
W/dalvikvm(  229): DroidBox: { "FdAccess": { "path": "2f70726f632f35392f636d646c696e65", "id": "620856095" } }
W/DroidBox(  229): DroidBox: { "FileRW": { "operation": "read", "data": "7a79676f7465002f62696e2f6170705f70726f63657373002d587a79676f7465002f73797374656d2f62696e002d2d7a79676f7465002d2d73746172742d73797374656d2d73657276657200000000000000000000000000000000000000000000000000", "id": "620856095" } }
W/dalvikvm(  229): DroidBox: { "FdAccess": { "path": "2f70726f632f36302f636d646c696e65", "id": "1416589617" } }
W/DroidBox(  229): DroidBox: { "FileRW": { "operation": "read", "data": "2f73797374656d2f62696e2f64726d7365727665720073002d587a79676f7465002f73797374656d2f62696e002d2d7a79676f7465002d2d73746172742d73797374656d2d73657276657200000000000000000000000000000000000000000000000000", "id": "1416589617" } }
W/dalvikvm(  229): DroidBox: { "FdAccess": { "path": "2f70726f632f36312f636d646c696e65", "id": "1225528816" } }
W/DroidBox(  229): DroidBox: { "FileRW": { "operation": "read", "data": "2f73797374656d2f62696e2f6d65646961736572766572002d587a79676f7465002f73797374656d2f62696e002d2d7a79676f7465002d2d73746172742d73797374656d2d73657276657200000000000000000000000000000000000000000000000000", "id": "1225528816" } }
W/dalvikvm(  229): DroidBox: { "FdAccess": { "path": "2f70726f632f36322f636d646c696e65", "id": "1497597234" } }
W/DroidBox(  229): DroidBox: { "FileRW": { "operation": "read", "data": "2f73797374656d2f62696e2f646275732d6461656d6f6e002d2d73797374656d002d2d6e6f666f726b00696e002d2d7a79676f7465002d2d73746172742d73797374656d2d73657276657200000000000000000000000000000000000000000000000000", "id": "1497597234" } }
W/dalvikvm(  229): DroidBox: { "FdAccess": { "path": "2f70726f632f36332f636d646c696e65", "id": "911967438" } }
W/DroidBox(  229): DroidBox: { "FileRW": { "operation": "read", "data": "2f73797374656d2f62696e2f696e7374616c6c64006f6e002d2d73797374656d002d2d6e6f666f726b00696e002d2d7a79676f7465002d2d73746172742d73797374656d2d73657276657200000000000000000000000000000000000000000000000000", "id": "911967438" } }
W/dalvikvm(  229): DroidBox: { "FdAccess": { "path": "2f70726f632f36342f636d646c696e65", "id": "176728289" } }
W/DroidBox(  229): DroidBox: { "FileRW": { "operation": "read", "data": "2f73797374656d2f62696e2f6b657973746f7265002f646174612f6d6973632f6b657973746f72650000696e002d2d7a79676f7465002d2d73746172742d73797374656d2d73657276657200000000000000000000000000000000000000000000000000", "id": "176728289" } }
W/dalvikvm(  229): DroidBox: { "FdAccess": { "path": "2f70726f632f36352f636d646c696e65", "id": "1760518096" } }
W/DroidBox(  229): DroidBox: { "FileRW": { "operation": "read", "data": "2f73797374656d2f62696e2f73680073746f7265002f646174612f6d6973632f6b657973746f72650000696e002d2d7a79676f7465002d2d73746172742d73797374656d2d73657276657200000000000000000000000000000000000000000000000000", "id": "1760518096" } }
W/dalvikvm(  229): DroidBox: { "FdAccess": { "path": "2f70726f632f36362f636d646c696e65", "id": "1008120572" } }
W/DroidBox(  229): DroidBox: { "FileRW": { "operation": "read", "data": "2f7362696e2f61646264002f73680073746f7265002f646174612f6d6973632f6b657973746f72650000696e002d2d7a79676f7465002d2d73746172742d73797374656d2d73657276657200000000000000000000000000000000000000000000000000", "id": "1008120572" } }
W/dalvikvm(  229): DroidBox: { "FdAccess": { "path": "2f70726f632f3136332f636d646c696e65", "id": "2034381402" } }
W/DroidBox(  229): DroidBox: { "FileRW": { "operation": "read", "data": "2f7362696e2f61646264002f73680073746f7265002f646174612f6d6973632f6b657973746f72650000696e002d2d7a79676f7465002d2d73746172742d73797374656d2d73657276657200000000000000000000000000000000000000000000000000", "id": "2034381402" } }
W/dalvikvm(  229): DroidBox: { "FdAccess": { "path": "2f70726f632f3232392f636d646c696e65", "id": "1075147195" } }
W/DroidBox(  229): DroidBox: { "FileRW": { "operation": "read", "data": "73797374656d5f736572766572000000000000000000000000000000000000000000000000000000000000000000000000000000000000000000000000000000000000000000000000000000000000000000000000000000000000000000000000000000", "id": "1075147195" } }
W/dalvikvm(  229): DroidBox: { "FdAccess": { "path": "2f70726f632f3431382f636d646c696e65", "id": "1766892914" } }
W/DroidBox(  229): DroidBox: { "FileRW": { "operation": "read", "data": "636f6d2e616e64726f69642e73797374656d75690000000000000000000000000000000000000000000000000000000000000000000000000000000000000000000000000000000000000000000000000000000000000000000000000000000000000000", "id": "1766892914" } }
W/dalvikvm(  229): DroidBox: { "FdAccess": { "path": "2f70726f632f3437342f636d646c696e65", "id": "1850016828" } }
W/DroidBox(  229): DroidBox: { "FileRW": { "operation": "read", "data": "636f6d2e616e64726f69642e696e7075746d6574686f642e6c6174696e0000000000000000000000000000000000000000000000000000000000000000000000000000000000000000000000000000000000000000000000000000000000000000000000", "id": "1850016828" } }
W/dalvikvm(  229): DroidBox: { "FdAccess": { "path": "2f70726f632f3439332f636d646c696e65", "id": "1703890434" } }
W/DroidBox(  229): DroidBox: { "FileRW": { "operation": "read", "data": "636f6d2e616e64726f69642e70686f6e650000000000000000000000000000000000000000000000000000000000000000000000000000000000000000000000000000000000000000000000000000000000000000000000000000000000000000000000", "id": "1703890434" } }
W/dalvikvm(  229): DroidBox: { "FdAccess": { "path": "2f70726f632f3530362f636d646c696e65", "id": "487635226" } }
W/DroidBox(  229): DroidBox: { "FileRW": { "operation": "read", "data": "636f6d2e616e64726f69642e73657474696e67730000000000000000000000000000000000000000000000000000000000000000000000000000000000000000000000000000000000000000000000000000000000000000000000000000000000000000", "id": "487635226" } }
W/dalvikvm(  229): DroidBox: { "FdAccess": { "path": "2f70726f632f3534332f636d646c696e65", "id": "951271557" } }
W/DroidBox(  229): DroidBox: { "FileRW": { "operation": "read", "data": "636f6d2e616e64726f69642e736d7370757368000000000000000000000000000000000000000000000000000000000000000000000000000000000000000000000000000000000000000000000000000000000000000000000000000000000000000000", "id": "951271557" } }
W/dalvikvm(  229): DroidBox: { "FdAccess": { "path": "2f70726f632f3535372f636d646c696e65", "id": "21903611" } }
W/DroidBox(  229): DroidBox: { "FileRW": { "operation": "read", "data": "616e64726f69642e70726f636573732e61636f726500000000000000000000000000000000000000000000000000000000000000000000000000000000000000000000000000000000000000000000000000000000000000000000000000000000000000", "id": "21903611" } }
W/dalvikvm(  229): DroidBox: { "FdAccess": { "path": "2f70726f632f3630332f636d646c696e65", "id": "359642319" } }
W/DroidBox(  229): DroidBox: { "FileRW": { "operation": "read", "data": "636f6d2e616e64726f69642e63616c656e6461720000000000000000000000000000000000000000000000000000000000000000000000000000000000000000000000000000000000000000000000000000000000000000000000000000000000000000", "id": "359642319" } }
W/dalvikvm(  229): DroidBox: { "FdAccess": { "path": "2f70726f632f3632322f636d646c696e65", "id": "1951410603" } }
W/DroidBox(  229): DroidBox: { "FileRW": { "operation": "read", "data": "636f6d2e616e64726f69642e6c61756e636865720000000000000000000000000000000000000000000000000000000000000000000000000000000000000000000000000000000000000000000000000000000000000000000000000000000000000000", "id": "1951410603" } }
W/dalvikvm(  229): DroidBox: { "FdAccess": { "path": "2f70726f632f3634392f636d646c696e65", "id": "1470501534" } }
W/DroidBox(  229): DroidBox: { "FileRW": { "operation": "read", "data": "636f6d2e616e64726f69642e6465736b636c6f636b00000000000000000000000000000000000000000000000000000000000000000000000000000000000000000000000000000000000000000000000000000000000000000000000000000000000000", "id": "1470501534" } }
W/dalvikvm(  229): DroidBox: { "FdAccess": { "path": "2f70726f632f3730312f636d646c696e65", "id": "913282820" } }
W/DroidBox(  229): DroidBox: { "FileRW": { "operation": "read", "data": "636f6d2e616e64726f69642e636f6e74616374730000000000000000000000000000000000000000000000000000000000000000000000000000000000000000000000000000000000000000000000000000000000000000000000000000000000000000", "id": "913282820" } }
W/dalvikvm(  229): DroidBox: { "FdAccess": { "path": "2f70726f632f3734372f636d646c696e65", "id": "2061660419" } }
W/DroidBox(  229): DroidBox: { "FileRW": { "operation": "read", "data": "636f6d2e616e64726f69642e70726f7669646572732e63616c656e64617200000000000000000000000000000000000000000000000000000000000000000000000000000000000000000000000000000000000000000000000000000000000000000000", "id": "2061660419" } }
W/dalvikvm(  229): DroidBox: { "FdAccess": { "path": "2f70726f632f3738302f636d646c696e65", "id": "390676186" } }
W/DroidBox(  229): DroidBox: { "FileRW": { "operation": "read", "data": "616e64726f69642e70726f636573732e6d6564696100000000000000000000000000000000000000000000000000000000000000000000000000000000000000000000000000000000000000000000000000000000000000000000000000000000000000", "id": "390676186" } }
W/dalvikvm(  229): DroidBox: { "FdAccess": { "path": "2f70726f632f3831322f636d646c696e65", "id": "676895891" } }
W/DroidBox(  229): DroidBox: { "FileRW": { "operation": "read", "data": "636f6d2e616e64726f69642e646566636f6e7461696e657200000000000000000000000000000000000000000000000000000000000000000000000000000000000000000000000000000000000000000000000000000000000000000000000000000000", "id": "676895891" } }
W/dalvikvm(  229): DroidBox: { "FdAccess": { "path": "2f70726f632f3832392f636d646c696e65", "id": "544851084" } }
W/DroidBox(  229): DroidBox: { "FileRW": { "operation": "read", "data": "636f6d2e616e64726f69642e656d61696c0000000000000000000000000000000000000000000000000000000000000000000000000000000000000000000000000000000000000000000000000000000000000000000000000000000000000000000000", "id": "544851084" } }
W/dalvikvm(  229): DroidBox: { "FdAccess": { "path": "2f70726f632f3834362f636d646c696e65", "id": "1512202816" } }
W/DroidBox(  229): DroidBox: { "FileRW": { "operation": "read", "data": "636f6d2e616e64726f69642e65786368616e67650000000000000000000000000000000000000000000000000000000000000000000000000000000000000000000000000000000000000000000000000000000000000000000000000000000000000000", "id": "1512202816" } }
W/dalvikvm(  229): DroidBox: { "FdAccess": { "path": "2f70726f632f3836322f636d646c696e65", "id": "15694107" } }
W/DroidBox(  229): DroidBox: { "FileRW": { "operation": "read", "data": "636f6d2e616e64726f69642e67616c6c657279336400000000000000000000000000000000000000000000000000000000000000000000000000000000000000000000000000000000000000000000000000000000000000000000000000000000000000", "id": "15694107" } }
W/dalvikvm(  229): DroidBox: { "FdAccess": { "path": "2f70726f632f3837382f636d646c696e65", "id": "926407461" } }
W/DroidBox(  229): DroidBox: { "FileRW": { "operation": "read", "data": "636f6d2e616e64726f69642e6d6d7300000000000000000000000000000000000000000000000000000000000000000000000000000000000000000000000000000000000000000000000000000000000000000000000000000000000000000000000000", "id": "926407461" } }
W/dalvikvm(  229): DroidBox: { "FdAccess": { "path": "2f70726f632f3930312f636d646c696e65", "id": "136278607" } }
W/DroidBox(  229): DroidBox: { "FileRW": { "operation": "read", "data": "636f6d2e616e64726f69642e766f6963656469616c65720000000000000000000000000000000000000000000000000000000000000000000000000000000000000000000000000000000000000000000000000000000000000000000000000000000000", "id": "136278607" } }
W/dalvikvm(  229): DroidBox: { "FdAccess": { "path": "2f70726f632f3934352f636d646c696e65", "id": "1878747070" } }
W/DroidBox(  229): DroidBox: { "FileRW": { "operation": "read", "data": "636f6d2e616e64726f69642e717569636b736561726368626f780000000000000000000000000000000000000000000000000000000000000000000000000000000000000000000000000000000000000000000000000000000000000000000000000000", "id": "1878747070" } }
D/PackageManager(  229): generateServicesMap(android.accounts.AccountAuthenticator): 2 services unchanged
D/PackageManager(  229): generateServicesMap(android.content.SyncAdapter): 4 services unchanged
W/dalvikvm(  229): DroidBox: { "FdAccess": { "path": "2f70726f632f3936352f636d646c696e65", "id": "2073033859" } }
W/DroidBox(  229): DroidBox: { "FileRW": { "operation": "read", "data": "636f6d2e616e64726f69642e6d757369636678000000000000000000000000000000000000000000000000000000000000000000000000000000000000000000000000000000000000000000000000000000000000000000000000000000000000000000", "id": "2073033859" } }
W/dalvikvm(  229): DroidBox: { "FdAccess": { "path": "2f70726f632f3938322f636d646c696e65", "id": "2071947885" } }
W/DroidBox(  229): DroidBox: { "FileRW": { "operation": "read", "data": "636f6d2e73766f782e7069636f000000000000000000000000000000000000000000000000000000000000000000000000000000000000000000000000000000000000000000000000000000000000000000000000000000000000000000000000000000", "id": "2071947885" } }
I/InputReader(  229): Reconfiguring input devices.  changes=0x00000010
W/dalvikvm(  229): DroidBox: { "FdAccess": { "path": "2f70726f632f3938382f636d646c696e65", "id": "1365965442" } }
W/DroidBox(  229): DroidBox: { "FileRW": { "operation": "read", "data": "636f6d2e616e64726f69642e636f6d6d616e64732e6d6f6e6b657900000000000000000000000000000000000000000000000000000000000000000000000000000000000000000000000000000000000000000000000000000000000000000000000000", "id": "1365965442" } }
W/dalvikvm(  229): DroidBox: { "FdAccess": { "path": "2f70726f632f3939362f636d646c696e65", "id": "560120918" } }
W/DroidBox(  229): DroidBox: { "FileRW": { "operation": "read", "data": "6c6f676361740044726f6964426f783a570064616c76696b766d3a570041637469766974794d616e616765723a49000000000000000000000000000000000000000000000000000000000000000000000000000000000000000000000000000000000000", "id": "560120918" } }
W/dalvikvm(  229): DroidBox: { "FdAccess": { "path": "2f70726f632f3939392f636d646c696e65", "id": "1291119486" } }
W/DroidBox(  229): DroidBox: { "FileRW": { "operation": "read", "data": "2f73797374656d2f62696e2f7368002d63007368202e2f7364636172642f65786563757465537472616365496e2e736800000000000000000000000000000000000000000000000000000000000000000000000000000000000000000000000000000000", "id": "1291119486" } }
W/dalvikvm(  229): DroidBox: { "FdAccess": { "path": "2f70726f632f313030312f636d646c696e65", "id": "619599464" } }
W/DroidBox(  229): DroidBox: { "FileRW": { "operation": "read", "data": "7368002e2f7364636172642f65786563757465537472616365496e2e736800786563757465537472616365496e2e736800000000000000000000000000000000000000000000000000000000000000000000000000000000000000000000000000000000", "id": "619599464" } }
W/dalvikvm(  229): DroidBox: { "FdAccess": { "path": "2f70726f632f313030322f636d646c696e65", "id": "425917385" } }
W/DroidBox(  229): DroidBox: { "FileRW": { "operation": "read", "data": "737472616365002d70003539002d66002d747446002d6f002f7364636172642f333061323862376635643061333737613238343632363763613039613664616130356666616332373839333831643438636630626331363230343964663030362e61706b", "id": "425917385" } }
W/dalvikvm(  229): DroidBox: { "FdAccess": { "path": "2f70726f632f313031342f636d646c696e65", "id": "792489914" } }
W/DroidBox(  229): DroidBox: { "FileRW": { "operation": "read", "data": "636f6d2e74782e72656164000000000000000000000000000000000000000000000000000000000000000000000000000000000000000000000000000000000000000000000000000000000031643438636630626331363230343964663030362e61706b", "id": "792489914" } }
I/AccountTypeManager(  701): Loaded meta-data for 1 account types, 0 accounts in 30ms(wall) 0ms(cpu)
W/dalvikvm(  862): DroidBox: { "FdAccess": { "path": "2f646174612f646174612f636f6d2e616e64726f69642e67616c6c65727933642f7368617265645f70726566732f636f6d2e616e64726f69642e67616c6c65727933645f707265666572656e6365732e786d6c", "id": "1687684811" } }
W/DroidBox(  862): DroidBox: { "FileRW": { "operation": "write", "data": "3c3f786d6c2076657273696f6e3d27312e302720656e636f64696e673d277574662d3827207374616e64616c6f6e653d2779657327203f3e0a3c6d61703e0a3c696e74206e616d653d227061636b616765732d76657273696f6e222076616c75653d2238", "id": "1687684811" } }
E/WVMExtractor(   61): Failed to open libwvm.so
I/Process (  229): Sending signal. PID: 557 SIG: 3
W/ActivityManager(  229): Launch timeout has expired, giving up wake lock!
I/Process (  229): Sending signal. PID: 862 SIG: 3
E/ActivityManager(  229): ANR in com.tx.read (com.tx.read/.activity.SplashActivity)
E/ActivityManager(  229): Reason: keyDispatchingTimedOut
E/ActivityManager(  229): Load: 5.82 / 2.29 / 0.84
E/ActivityManager(  229): CPU usage from 1169ms to -4041ms ago:
E/ActivityManager(  229):   31% 229/system_server: 24% user + 6.7% kernel / faults: 2624 minor 2 major
E/ActivityManager(  229):   26% 1002/strace: 10% user + 16% kernel / faults: 1 minor
E/ActivityManager(  229):   11% 1014/com.tx.read: 4.9% user + 6.3% kernel / faults: 1104 minor
E/ActivityManager(  229):   10% 61/mediaserver: 2.3% user + 8.6% kernel
E/ActivityManager(  229):   6.3% 66/adbd: 0% user + 6.3% kernel / faults: 552 minor
E/ActivityManager(  229):   5.1% 996/logcat: 1.5% user + 3.6% kernel
E/ActivityManager(  229):   2.8% 780/android.process.media: 1.3% user + 1.5% kernel / faults: 155 minor
E/ActivityManager(  229):   1.3% 557/android.process.acore: 0.7% user + 0.5% kernel / faults: 108 minor
E/ActivityManager(  229):   0.7% 418/com.android.systemui: 0.7% user + 0% kernel / faults: 83 minor
E/ActivityManager(  229):   0.7% 493/com.android.phone: 0.5% user + 0.1% kernel / faults: 152 minor
E/ActivityManager(  229):   0.5% 58/surfaceflinger: 0.5% user + 0% kernel
E/ActivityManager(  229):   0.5% 622/com.android.launcher: 0.3% user + 0.1% kernel / faults: 5 minor
E/ActivityManager(  229):   0.1% 862/com.android.gallery3d: 0.1% user + 0% kernel / faults: 126 minor
E/ActivityManager(  229):   0% 25/mtdblock0: 0% user + 0% kernel
E/ActivityManager(  229):   0% 52/servicemanager: 0% user + 0% kernel
E/ActivityManager(  229): 100% TOTAL: 47% user + 51% kernel + 0.2% softirq
E/ActivityManager(  229): CPU usage from 3080ms to 3668ms later:
E/ActivityManager(  229):   36% 1002/strace: 13% user + 23% kernel
E/ActivityManager(  229):   30% 229/system_server: 11% user + 18% kernel / faults: 1587 minor
E/ActivityManager(  229):     15% 320/PackageMonitor: 5% user + 10% kernel
E/ActivityManager(  229):     10% 334/InputDispatcher: 3.3% user + 6.6% kernel
E/ActivityManager(  229):     5% 229/system_server: 5% user + 0% kernel
E/ActivityManager(  229):     1.6% 580/Binder_9: 0% user + 1.6% kernel
E/ActivityManager(  229):   14% 1014/com.tx.read: 4.9% user + 9.8% kernel / faults: 399 minor
E/ActivityManager(  229):     4.9% 1014/com.tx.read: 3.2% user + 1.6% kernel
E/ActivityManager(  229):     3.2% 1018/GC: 3.2% user + 0% kernel
E/ActivityManager(  229):     1.6% 1026/ReferenceQueueD: 0% user + 1.6% kernel
E/ActivityManager(  229):     1.6% 1028/FinalizerWatchd: 0% user + 1.6% kernel
E/ActivityManager(  229):   11% 61/mediaserver: 3.3% user + 8.3% kernel
E/ActivityManager(  229):     11% 118/Binder_2: 5% user + 6.6% kernel
E/ActivityManager(  229):   1.1% 557/android.process.acore: 1.1% user + 0% kernel
E/ActivityManager(  229):     0.5% 602/PackageMonitor: 0.5% user + 0% kernel
E/ActivityManager(  229):     0.5% 618/ContactsProvide: 0.5% user + 0% kernel
E/ActivityManager(  229):   1.4% 862/com.android.gallery3d: 1.4% user + 0% kernel / faults: 19 minor
E/ActivityManager(  229):     0.7% 873/Binder_1: 0.7% user + 0% kernel
E/ActivityManager(  229):   1% 996/logcat: 0% user + 1% kernel
E/ActivityManager(  229): 100% TOTAL: 44% user + 55% kernel
W/InputManager(  229): Input event injection from pid 988 timed out.
W/dalvikvm(  229): DroidBox: { "FdAccess": { "path": "2f646174612f616e722f7472616365732e747874", "id": "990099216" } }
W/DroidBox(  229): DroidBox: { "FileRW": { "operation": "read", "data": "0a0a2d2d2d2d2d207069642032323920617420323032352d30332d31362032333a34343a3239202d2d2d2d2d0a436d64206c696e653a2073797374656d5f7365727665720a0a44414c56494b20544852454144533a0a286d7574657865733a20746c6c3d", "id": "990099216" } }
I/dalvikvm-heap(  229): Grow heap (frag case) to 12.695MB for 393236-byte allocation
E/WVMExtractor(   61): Failed to open libwvm.so
W/ActivityManager(  229): Activity idle timeout for ActivityRecord{b3fb4cf0 com.tx.read/.activity.SplashActivity}
I/Choreographer(  622): Skipped 579 frames!  The application may be doing too much work on its main thread.
E/WVMExtractor(   61): Failed to open libwvm.so
E/WVMExtractor(   61): Failed to open libwvm.so
E/WVMExtractor(   61): Failed to open libwvm.so
E/WVMExtractor(   61): Failed to open libwvm.so
E/WVMExtractor(   61): Failed to open libwvm.so
E/WVMExtractor(   61): Failed to open libwvm.so
E/WVMExtractor(   61): Failed to open libwvm.so
E/WVMExtractor(   61): Failed to open libwvm.so
E/WVMExtractor(   61): Failed to open libwvm.so
E/WVMExtractor(   61): Failed to open libwvm.so
E/WVMExtractor(   61): Failed to open libwvm.so
E/WVMExtractor(   61): Failed to open libwvm.so
E/WVMExtractor(   61): Failed to open libwvm.so
E/WVMExtractor(   61): Failed to open libwvm.so
E/WVMExtractor(   61): Failed to open libwvm.so
E/WVMExtractor(   61): Failed to open libwvm.so
E/WVMExtractor(   61): Failed to open libwvm.so
E/WVMExtractor(   61): Failed to open libwvm.so
E/WVMExtractor(   61): Failed to open libwvm.so
E/WVMExtractor(   61): Failed to open libwvm.so
E/WVMExtractor(   61): Failed to open libwvm.so
E/WVMExtractor(   61): Failed to open libwvm.so
E/WVMExtractor(   61): Failed to open libwvm.so
E/WVMExtractor(   61): Failed to open libwvm.so
E/WVMExtractor(   61): Failed to open libwvm.so
E/WVMExtractor(   61): Failed to open libwvm.so
I/NetworkPolicy(  229): no policy for active mobile network; generating default policy
E/WVMExtractor(   61): Failed to open libwvm.so
W/dalvikvm(  988): DroidBox: { "FdAccess": { "path": "706970653a5b353031325d", "id": "521353016" } }
W/DroidBox(  988): DroidBox: { "FileRW": { "operation": "read", "data": "20205049442020202020205673732020202020205273732020202020205073732020202020205573732020636d646c696e650a202036323220202036313032384b20202036303933364b20202032363332374b20202032313431364b2020636f6d2e616e", "id": "521353016" } }
E/WVMExtractor(   61): Failed to open libwvm.so
W/dalvikvm(  988): DroidBox: { "FdAccess": { "path": "706970653a5b353031325d", "id": "706638098" } }
W/DroidBox(  988): DroidBox: { "FileRW": { "operation": "read", "data": "00000000000000000000000000000000000000000000000000000000000000000000000000000000000000000000000000000000000000000000000000000000000000000000000000000000000000000000000000000000000000000000000000000000", "id": "706638098" } }
E/WVMExtractor(   61): Failed to open libwvm.so
E/NetdConnector(  229): NDC Command {11 bandwidth setiquota eth0 9223372036854775807} took too long (1717ms)
E/WVMExtractor(   61): Failed to open libwvm.so
E/NetdConnector(  229): NDC Command {12 bandwidth removeiquota eth0} took too long (503ms)
E/WVMExtractor(   61): Failed to open libwvm.so
E/WVMExtractor(   61): Failed to open libwvm.so
E/WVMExtractor(   61): Failed to open libwvm.so
E/WVMExtractor(   61): Failed to open libwvm.so
E/WVMExtractor(   61): Failed to open libwvm.so
E/NetdConnector(  229): NDC Command {13 bandwidth setiquota eth0 9223372036854775807} took too long (1520ms)
E/WVMExtractor(   61): Failed to open libwvm.so
E/WVMExtractor(   61): Failed to open libwvm.so
E/WVMExtractor(   61): Failed to open libwvm.so
E/WVMExtractor(   61): Failed to open libwvm.so
E/WVMExtractor(   61): Failed to open libwvm.so
E/WVMExtractor(   61): Failed to open libwvm.so
E/WVMExtractor(   61): Failed to open libwvm.so
E/WVMExtractor(   61): Failed to open libwvm.so
W/dalvikvm(  988): DroidBox: { "FdAccess": { "path": "706970653a5b353238375d", "id": "77212886" } }
W/DroidBox(  988): DroidBox: { "FileRW": { "operation": "read", "data": "0a0a2d2d2d2d2d207069642032323920617420323032352d30332d31362032333a34343a3239202d2d2d2d2d0a436d64206c696e653a2073797374656d5f7365727665720a0a44414c56494b20544852454144533a0a286d7574657865733a20746c6c3d", "id": "77212886" } }
E/WVMExtractor(   61): Failed to open libwvm.so
E/WVMExtractor(   61): Failed to open libwvm.so
W/dalvikvm(  988): DroidBox: { "FdAccess": { "path": "706970653a5b353238375d", "id": "2082702442" } }
W/DroidBox(  988): DroidBox: { "FileRW": { "operation": "read", "data": "5f73797363616c6c332b38290a20202330312020706320303030313264663420202f73797374656d2f6c69622f6c6962632e736f20285f5f707468726561645f636f6e645f74696d6564776169745f72656c61746976652b3438290a2020233032202070", "id": "2082702442" } }
W/dalvikvm(  988): DroidBox: { "FdAccess": { "path": "706970653a5b353238375d", "id": "113979770" } }
W/DroidBox(  988): DroidBox: { "FileRW": { "operation": "read", "data": "20202f73797374656d2f6c69622f6c6962616e64726f69645f72756e74696d652e736f2028616e64726f69643a3a416e64726f696452756e74696d653a3a6a6176615468726561645368656c6c28766f69642a292b3636290a2020233037202070632030", "id": "113979770" } }
E/WVMExtractor(   61): Failed to open libwvm.so
E/WVMExtractor(   61): Failed to open libwvm.so
W/dalvikvm(  988): DroidBox: { "FdAccess": { "path": "706970653a5b353238375d", "id": "1287581799" } }
W/DroidBox(  988): DroidBox: { "FileRW": { "operation": "read", "data": "20202f73797374656d2f6c69622f6c696264766d2e736f0a20202331322020706320303030313264623020202f73797374656d2f6c69622f6c6962632e736f20285f5f7468726561645f656e7472792b3438290a20202331332020706320303030313235", "id": "1287581799" } }
E/WVMExtractor(   61): Failed to open libwvm.so
W/dalvikvm(  988): DroidBox: { "FdAccess": { "path": "706970653a5b353238375d", "id": "117021721" } }
W/DroidBox(  988): DroidBox: { "FileRW": { "operation": "read", "data": "28616e64726f69643a3a5468726561643a3a5f7468726561644c6f6f7028766f69642a292b313134290a20202330362020706320303030343437663320202f73797374656d2f6c69622f6c6962616e64726f69645f72756e74696d652e736f2028616e64", "id": "117021721" } }
E/WVMExtractor(   61): Failed to open libwvm.so
E/WVMExtractor(   61): Failed to open libwvm.so
W/dalvikvm(  229): DroidBox: { "FdAccess": { "path": "2f70726f632f313038312f636d646c696e65", "id": "758553215" } }
W/DroidBox(  229): DroidBox: { "FileRW": { "operation": "read", "data": "636174002f646174612f616e722f7472616365732e7478740000000000000000000000000000000000000000000000000000000000000000000000000000000000000000000000000000000031643438636630626331363230343964663030362e61706b", "id": "758553215" } }
W/dalvikvm(  988): DroidBox: { "FdAccess": { "path": "706970653a5b353238375d", "id": "678695610" } }
W/DroidBox(  988): DroidBox: { "FileRW": { "operation": "read", "data": "2b313838290a20202330392020706320303030363339643520202f73797374656d2f6c69622f6c696264766d2e736f202864766d43616c6c4d6574686f6456285468726561642a2c204d6574686f6420636f6e73742a2c204f626a6563742a2c20626f6f", "id": "678695610" } }
W/BackupManagerService(  229): dataChanged but no participant pkg='com.android.providers.settings' uid=10011
E/WVMExtractor(   61): Failed to open libwvm.so
E/WVMExtractor(   61): Failed to open libwvm.so
W/dalvikvm(  988): DroidBox: { "FdAccess": { "path": "706970653a5b353238375d", "id": "1192114705" } }
W/DroidBox(  988): DroidBox: { "FileRW": { "operation": "read", "data": "7369676e656420696e7420636f6e73742a2c204a56616c75652a2c204d6574686f6420636f6e73742a2c205468726561642a292b38290a20202330372020706320303030333130323420202f73797374656d2f6c69622f6c696264766d2e736f20286476", "id": "1192114705" } }
E/MetadataRetrieverClient(   61): failed to extract an album art
E/WVMExtractor(   61): Failed to open libwvm.so
W/dalvikvm(  988): DroidBox: { "FdAccess": { "path": "706970653a5b353238375d", "id": "1451856235" } }
W/DroidBox(  988): DroidBox: { "FileRW": { "operation": "read", "data": "3834623920202f73797374656d2f6c69622f6c696264766d2e736f0a20202331322020706320303030313264623020202f73797374656d2f6c69622f6c6962632e736f20285f5f7468726561645f656e7472792b3438290a202023313320207063203030", "id": "1451856235" } }
E/WVMExtractor(   61): Failed to open libwvm.so
W/dalvikvm(  988): DroidBox: { "FdAccess": { "path": "706970653a5b353238375d", "id": "693831270" } }
W/DroidBox(  988): DroidBox: { "FileRW": { "operation": "read", "data": "4e41544956450a20207c2067726f75703d226d61696e222073436f756e743d31206473436f756e743d30206f626a3d307862343334323232302073656c663d307862383430666430380a20207c207379735469643d333335206e6963653d2d3820736368", "id": "693831270" } }
W/dalvikvm(  988): DroidBox: { "FdAccess": { "path": "706970653a5b353238375d", "id": "619046432" } }
W/DroidBox(  988): DroidBox: { "FileRW": { "operation": "read", "data": "226d61696e222073436f756e743d31206473436f756e743d30206f626a3d307862343335353630302073656c663d307862383330633166380a20207c207379735469643d333236206e6963653d302073636865643d302f3020636772703d617070732068", "id": "619046432" } }
E/WVMExtractor(   61): Failed to open libwvm.so
W/dalvikvm(  988): DroidBox: { "FdAccess": { "path": "706970653a5b353238375d", "id": "1231969003" } }
W/DroidBox(  988): DroidBox: { "FileRW": { "operation": "read", "data": "3a313234290a2020617420616e64726f69642e6f732e48616e646c65725468726561642e72756e2848616e646c65725468726561642e6a6176613a3630290a0a224163636f756e744d616e616765725365727669636522207072696f3d35207469643d31", "id": "1231969003" } }
E/WVMExtractor(   61): Failed to open libwvm.so
E/WVMExtractor(   61): Failed to open libwvm.so
W/dalvikvm(  988): DroidBox: { "FdAccess": { "path": "706970653a5b353238375d", "id": "2038348954" } }
W/DroidBox(  988): DroidBox: { "FileRW": { "operation": "read", "data": "50454e4445440a20207c2067726f75703d226d61696e222073436f756e743d31206473436f756e743d30206f626a3d307862336531666563382073656c663d307862383362383365380a20207c207379735469643d323432206e6963653d2d3220736368", "id": "2038348954" } }
E/WVMExtractor(   61): Failed to open libwvm.so
W/dalvikvm(  988): DroidBox: { "FdAccess": { "path": "706970653a5b353238375d", "id": "194491114" } }
W/DroidBox(  988): DroidBox: { "FileRW": { "operation": "read", "data": "702e41637469766974795468726561642e6d61696e2841637469766974795468726561642e6a6176613a34373435290a20206174206a6176612e6c616e672e7265666c6563742e4d6574686f642e696e766f6b654e6174697665284e6174697665204d65", "id": "194491114" } }
E/WVMExtractor(   61): Failed to open libwvm.so
E/WVMExtractor(   61): Failed to open libwvm.so
W/dalvikvm(  988): DroidBox: { "FdAccess": { "path": "706970653a5b353238375d", "id": "1370083762" } }
W/DroidBox(  988): DroidBox: { "FileRW": { "operation": "read", "data": "30323420202f73797374656d2f6c69622f6c696264766d2e736f202864766d496e74657270726574506f727461626c65285468726561642a292b31323238290a20202330382020706320303030326531653420202f73797374656d2f6c69622f6c696264", "id": "1370083762" } }
E/WVMExtractor(   61): Failed to open libwvm.so
W/dalvikvm(  988): DroidBox: { "FdAccess": { "path": "706970653a5b353238375d", "id": "1138112957" } }
W/DroidBox(  988): DroidBox: { "FileRW": { "operation": "read", "data": "2330312020706320303030313264663420202f73797374656d2f6c69622f6c6962632e736f20285f5f707468726561645f636f6e645f74696d6564776169745f72656c61746976652b3438290a20202330322020706320303030313265353020202f7379", "id": "1138112957" } }
E/WVMExtractor(   61): Failed to open libwvm.so
E/WVMExtractor(   61): Failed to open libwvm.so
