D/InputEventConsistencyVerifier( 1026):   4: sent at 270935000000, KeyEvent { action=ACTION_UP, keyCode=KEYCODE_DPAD_LEFT, scanCode=0, metaState=0, flags=0x8, repeatCount=0, eventTime=270935, downTime=270935, deviceId=-1, source=0x101 }
D/InputEventConsistencyVerifier( 1026):   5: sent at 270780000000, KeyEvent { action=ACTION_DOWN, keyCode=KEYCODE_DPAD_LEFT, scanCode=0, metaState=0, flags=0x8, repeatCount=0, eventTime=270780, downTime=270780, deviceId=-1, source=0x101 }
I/Choreographer( 1026): Skipped 98 frames!  The application may be doing too much work on its main thread.
I/Choreographer( 1026): Skipped 64 frames!  The application may be doing too much work on its main thread.
W/InputMethodManagerService(  231): Window already focused, ignoring focus gain of: com.android.internal.view.IInputMethodClient$Stub$Proxy@b3ff1f38 attribute=null
D/InputEventConsistencyVerifier( 1026): KeyEvent: ACTION_UP but key was not down.
D/InputEventConsistencyVerifier( 1026):   in android.view.ViewRootImpl@b40d9648
D/InputEventConsistencyVerifier( 1026):   0: sent at 273488000000, KeyEvent { action=ACTION_UP, keyCode=KEYCODE_LANGUAGE_SWITCH, scanCode=0, metaState=0, flags=0x8, repeatCount=0, eventTime=273488, downTime=273488, deviceId=-1, source=0x101 }
D/InputEventConsistencyVerifier( 1026):   -- recent events --
D/InputEventConsistencyVerifier( 1026):   1: sent at 273447000000, KeyEvent { action=ACTION_UP, keyCode=KEYCODE_DVR, scanCode=0, metaState=0, flags=0x8, repeatCount=0, eventTime=273447, downTime=273447, deviceId=-1, source=0x101 }
D/InputEventConsistencyVerifier( 1026):   2: sent at 273429000000, KeyEvent { action=ACTION_DOWN, keyCode=KEYCODE_DVR, scanCode=0, metaState=0, flags=0x8, repeatCount=0, eventTime=273429, downTime=273429, deviceId=-1, source=0x101 }
D/InputEventConsistencyVerifier( 1026):   3: sent at 273398000000, KeyEvent { action=ACTION_UP, keyCode=KEYCODE_L, scanCode=0, metaState=0, flags=0x8, repeatCount=0, eventTime=273398, downTime=273398, deviceId=-1, source=0x101 }
D/InputEventConsistencyVerifier( 1026):   4: sent at 273378000000, KeyEvent { action=ACTION_DOWN, keyCode=KEYCODE_L, scanCode=0, metaState=0, flags=0x8, repeatCount=0, eventTime=273378, downTime=273378, deviceId=-1, source=0x101 }
D/InputEventConsistencyVerifier( 1026):   5: sent at 273371000000, MotionEvent { action=ACTION_UP, id[0]=0, x[0]=736.0, y[0]=305.0, toolType[0]=TOOL_TYPE_UNKNOWN, buttonState=0, metaState=0, flags=0x0, edgeFlags=0x0, pointerCount=1, historySize=0, eventTime=273371, downTime=273346, deviceId=0, source=0x1002 }
W/InputMethodManagerService(  231): Window already focused, ignoring focus gain of: com.android.internal.view.IInputMethodClient$Stub$Proxy@b40bb1a0 attribute=null
I/Choreographer( 1026): Skipped 71 frames!  The application may be doing too much work on its main thread.
I/Choreographer( 1026): Skipped 71 frames!  The application may be doing too much work on its main thread.
D/InputEventConsistencyVerifier( 1026): TrackballEvent: Trackball is down but pressure is not greater than 0.
D/InputEventConsistencyVerifier( 1026):   in android.view.ViewRootImpl@b40d9648
D/InputEventConsistencyVerifier( 1026):   0: sent at 275391000000, MotionEvent { action=ACTION_DOWN, id[0]=0, x[0]=0.0, y[0]=0.0, toolType[0]=TOOL_TYPE_UNKNOWN, buttonState=0, metaState=0, flags=0x0, edgeFlags=0x0, pointerCount=1, historySize=0, eventTime=275391, downTime=275196, deviceId=0, source=0x10004 }
D/InputEventConsistencyVerifier( 1026):   -- recent events --
D/InputEventConsistencyVerifier( 1026):   1: sent at 275449000000, KeyEvent { action=ACTION_UP, keyCode=KEYCODE_DPAD_LEFT, scanCode=0, metaState=0, flags=0x400, repeatCount=0, eventTime=275449, downTime=275449, deviceId=-1, source=0x101 }
D/InputEventConsistencyVerifier( 1026):   2: sent at 275449000000, KeyEvent { action=ACTION_DOWN, keyCode=KEYCODE_DPAD_LEFT, scanCode=0, metaState=0, flags=0x400, repeatCount=0, eventTime=275449, downTime=275449, deviceId=-1, source=0x101 }
D/InputEventConsistencyVerifier( 1026):   3: sent at 275446000000, KeyEvent { action=ACTION_UP, keyCode=KEYCODE_DPAD_LEFT, scanCode=0, metaState=0, flags=0x400, repeatCount=0, eventTime=275446, downTime=275446, deviceId=-1, source=0x101 }
D/InputEventConsistencyVerifier( 1026):   4: sent at 275446000000, KeyEvent { action=ACTION_DOWN, keyCode=KEYCODE_DPAD_LEFT, scanCode=0, metaState=0, flags=0x400, repeatCount=0, eventTime=275446, downTime=275446, deviceId=-1, source=0x101 }
D/InputEventConsistencyVerifier( 1026):   5: sent at 275388000000, MotionEvent { action=ACTION_MOVE, id[0]=0, x[0]=-2.0, y[0]=0.0, toolType[0]=TOOL_TYPE_UNKNOWN, buttonState=0, metaState=0, flags=0x0, edgeFlags=0x0, pointerCount=1, historySize=9, eventTime=275388, downTime=-1, deviceId=0, source=0x10004 }
I/ActivityManager(  231): START {act=android.intent.action.MAIN cat=[android.intent.category.HOME] flg=0x10200000 cmp=com.android.launcher/com.android.launcher2.Launcher u=0} from pid 231
W/InputMethodManagerService(  231): Window already focused, ignoring focus gain of: com.android.internal.view.IInputMethodClient$Stub$Proxy@b40ffec0 attribute=null
I/Choreographer( 1026): Skipped 45 frames!  The application may be doing too much work on its main thread.
I/Choreographer( 1026): Skipped 31 frames!  The application may be doing too much work on its main thread.
W/InputManager(  231): Input event injection from pid 980 failed.
W/InputManager(  231): Input event injection from pid 980 failed.
W/InputManager(  231): Input event injection from pid 980 failed.
W/InputManager(  231): Input event injection from pid 980 failed.
W/InputManager(  231): Input event injection from pid 980 failed.
I/Choreographer( 1026): Skipped 62 frames!  The application may be doing too much work on its main thread.
W/InputManager(  231): Input event injection from pid 980 failed.
W/InputManager(  231): Input event injection from pid 980 failed.
W/InputManager(  231): Input event injection from pid 980 failed.
W/InputManager(  231): Input event injection from pid 980 failed.
W/InputMethodManagerService(  231): Window already focused, ignoring focus gain of: com.android.internal.view.IInputMethodClient$Stub$Proxy@b3feb5e0 attribute=null
I/ActivityManager(  231): START {act=android.intent.action.MAIN cat=[android.intent.category.LAUNCHER] flg=0x10000000 cmp=com.android.contacts/.activities.PeopleActivity sel={act=android.intent.action.MAIN cat=[android.intent.category.APP_CONTACTS]} u=0} from pid 231
D/InputEventConsistencyVerifier( 1026): KeyEvent: ACTION_UP but key was not down.
D/InputEventConsistencyVerifier( 1026):   in android.view.ViewRootImpl@b40d9648
D/InputEventConsistencyVerifier( 1026):   0: sent at 280100000000, KeyEvent { action=ACTION_UP, keyCode=KEYCODE_CONTACTS, scanCode=0, metaState=0, flags=0x8, repeatCount=0, eventTime=280100, downTime=280100, deviceId=-1, source=0x101 }
D/InputEventConsistencyVerifier( 1026):   -- recent events --
D/InputEventConsistencyVerifier( 1026):   1: sent at 280049000000, MotionEvent { action=ACTION_UP, id[0]=0, x[0]=800.0, y[0]=480.0, toolType[0]=TOOL_TYPE_UNKNOWN, buttonState=0, metaState=0, flags=0x0, edgeFlags=0x0, pointerCount=1, historySize=0, eventTime=280049, downTime=279996, deviceId=0, source=0x1002 }
D/InputEventConsistencyVerifier( 1026):   2: sent at 280046000000, MotionEvent { action=ACTION_POINTER_UP(1), id[0]=0, x[0]=800.0, y[0]=480.0, toolType[0]=TOOL_TYPE_UNKNOWN, id[1]=1, x[1]=361.0, y[1]=237.0, toolType[1]=TOOL_TYPE_UNKNOWN, buttonState=0, metaState=0, flags=0x0, edgeFlags=0x0, pointerCount=2, historySize=0, eventTime=280046, downTime=279996, deviceId=0, source=0x1002 }
D/InputEventConsistencyVerifier( 1026):   3: sent at 280042000000, MotionEvent { action=ACTION_MOVE, id[0]=0, x[0]=800.0, y[0]=480.0, toolType[0]=TOOL_TYPE_UNKNOWN, id[1]=1, x[1]=360.0, y[1]=237.0, toolType[1]=TOOL_TYPE_UNKNOWN, buttonState=0, metaState=0, flags=0x0, edgeFlags=0x0, pointerCount=2, historySize=4, eventTime=280042, downTime=279996, deviceId=0, source=0x1002 }
D/InputEventConsistencyVerifier( 1026):   4: sent at 280017000000, MotionEvent { action=ACTION_POINTER_DOWN(1), id[0]=0, x[0]=791.0, y[0]=480.0, toolType[0]=TOOL_TYPE_UNKNOWN, id[1]=1, x[1]=355.0, y[1]=235.0, toolType[1]=TOOL_TYPE_UNKNOWN, buttonState=0, metaState=0, flags=0x0, edgeFlags=0x0, pointerCount=2, historySize=0, eventTime=280017, downTime=279996, deviceId=0, source=0x1002 }
D/InputEventConsistencyVerifier( 1026):   5: sent at 280011000000, MotionEvent { action=ACTION_DOWN, id[0]=0, x[0]=789.0, y[0]=478.0, toolType[0]=TOOL_TYPE_UNKNOWN, buttonState=0, metaState=0, flags=0x0, edgeFlags=0x0, pointerCount=1, historySize=0, eventTime=280011, downTime=279996, deviceId=0, source=0x1002 }
D/InputEventConsistencyVerifier( 1026): TrackballEvent: Trackball is down but pressure is not greater than 0.
D/InputEventConsistencyVerifier( 1026):   in android.view.ViewRootImpl@b40d9648
D/InputEventConsistencyVerifier( 1026):   0: sent at 281023000000, MotionEvent { action=ACTION_DOWN, id[0]=0, x[0]=0.0, y[0]=0.0, toolType[0]=TOOL_TYPE_UNKNOWN, buttonState=0, metaState=0, flags=0x0, edgeFlags=0x0, pointerCount=1, historySize=0, eventTime=281023, downTime=280975, deviceId=0, source=0x10004 }
D/InputEventConsistencyVerifier( 1026):   -- recent events --
D/InputEventConsistencyVerifier( 1026):   1: sent at 281051000000, KeyEvent { action=ACTION_UP, keyCode=KEYCODE_DPAD_DOWN, scanCode=0, metaState=0, flags=0x400, repeatCount=0, eventTime=281051, downTime=281051, deviceId=-1, source=0x101 }
D/InputEventConsistencyVerifier( 1026):   2: sent at 281051000000, KeyEvent { action=ACTION_DOWN, keyCode=KEYCODE_DPAD_DOWN, scanCode=0, metaState=0, flags=0x400, repeatCount=0, eventTime=281051, downTime=281051, deviceId=-1, source=0x101 }
D/InputEventConsistencyVerifier( 1026):   3: sent at 281051000000, KeyEvent { action=ACTION_UP, keyCode=KEYCODE_DPAD_DOWN, scanCode=0, metaState=0, flags=0x400, repeatCount=0, eventTime=281051, downTime=281051, deviceId=-1, source=0x101 }
D/InputEventConsistencyVerifier( 1026):   4: sent at 281051000000, KeyEvent { action=ACTION_DOWN, keyCode=KEYCODE_DPAD_DOWN, scanCode=0, metaState=0, flags=0x400, repeatCount=0, eventTime=281051, downTime=281051, deviceId=-1, source=0x101 }
D/InputEventConsistencyVerifier( 1026):   5: sent at 281050000000, KeyEvent { action=ACTION_UP, keyCode=KEYCODE_DPAD_DOWN, scanCode=0, metaState=0, flags=0x400, repeatCount=0, eventTime=281050, downTime=281050, deviceId=-1, source=0x101 }
I/Choreographer( 1026): Skipped 45 frames!  The application may be doing too much work on its main thread.
D/InputEventConsistencyVerifier( 1026): KeyEvent: ACTION_UP but key was not down.
D/InputEventConsistencyVerifier( 1026):   in android.view.ViewRootImpl@b4330ad0
D/InputEventConsistencyVerifier( 1026):   0: sent at 281816000000, KeyEvent { action=ACTION_UP, keyCode=KEYCODE_LANGUAGE_SWITCH, scanCode=0, metaState=0, flags=0x8, repeatCount=0, eventTime=281816, downTime=281816, deviceId=-1, source=0x101 }
D/InputEventConsistencyVerifier( 1026):   -- recent events --
D/InputEventConsistencyVerifier( 1026):   1: sent at 281779000000, MotionEvent { action=ACTION_UP, id[0]=0, x[0]=340.0, y[0]=-264.0, toolType[0]=TOOL_TYPE_UNKNOWN, buttonState=0, metaState=0, flags=0x0, edgeFlags=0x0, pointerCount=1, historySize=0, eventTime=281779, downTime=281773, deviceId=0, source=0x1002 }
D/InputEventConsistencyVerifier( 1026):   2: sent at 281773000000, MotionEvent { action=ACTION_DOWN, id[0]=0, x[0]=354.0, y[0]=-260.0, toolType[0]=TOOL_TYPE_UNKNOWN, buttonState=0, metaState=0, flags=0x0, edgeFlags=0x0, pointerCount=1, historySize=0, eventTime=281773, downTime=281773, deviceId=0, source=0x1002 }
D/InputEventConsistencyVerifier( 1026):   3: sent at 281753000000, KeyEvent { action=ACTION_UP, keyCode=KEYCODE_DPAD_CENTER, scanCode=0, metaState=0, flags=0x8, repeatCount=0, eventTime=281753, downTime=281753, deviceId=-1, source=0x101 }
D/InputEventConsistencyVerifier( 1026):   4: sent at 281733000000, KeyEvent { action=ACTION_DOWN, keyCode=KEYCODE_DPAD_CENTER, scanCode=0, metaState=0, flags=0x8, repeatCount=0, eventTime=281733, downTime=281733, deviceId=-1, source=0x101 }
D/InputEventConsistencyVerifier( 1026):   5: sent at 281726000000, KeyEvent { action=ACTION_UP, keyCode=KEYCODE_MENU, scanCode=0, metaState=0, flags=0x8, repeatCount=0, eventTime=281726, downTime=281726, deviceId=-1, source=0x101 }
W/InputMethodManagerService(  231): Window already focused, ignoring focus gain of: com.android.internal.view.IInputMethodClient$Stub$Proxy@b40c2728 attribute=null
I/Choreographer( 1026): Skipped 56 frames!  The application may be doing too much work on its main thread.
I/Choreographer( 1026): Skipped 30 frames!  The application may be doing too much work on its main thread.
I/ActivityManager(  231): START {act=android.intent.action.MAIN cat=[android.intent.category.LAUNCHER] flg=0x10200000 cmp=com.dfkjefo.wnracdu/com.coKgceJB.ukfJcLptQgJjml u=0} from pid 980
D/InputEventConsistencyVerifier( 1026): TrackballEvent: Trackball is down but pressure is not greater than 0.
D/InputEventConsistencyVerifier( 1026):   in android.view.ViewRootImpl@b4339880
D/InputEventConsistencyVerifier( 1026):   0: sent at 283653000000, MotionEvent { action=ACTION_DOWN, id[0]=0, x[0]=0.0, y[0]=0.0, toolType[0]=TOOL_TYPE_UNKNOWN, buttonState=0, metaState=0, flags=0x0, edgeFlags=0x0, pointerCount=1, historySize=0, eventTime=283653, downTime=283606, deviceId=0, source=0x10004 }
D/InputEventConsistencyVerifier( 1026):   -- recent events --
D/InputEventConsistencyVerifier( 1026):   1: sent at 283682000000, KeyEvent { action=ACTION_UP, keyCode=KEYCODE_DPAD_LEFT, scanCode=0, metaState=0, flags=0x400, repeatCount=0, eventTime=283682, downTime=283682, deviceId=-1, source=0x101 }
D/InputEventConsistencyVerifier( 1026):   2: sent at 283682000000, KeyEvent { action=ACTION_DOWN, keyCode=KEYCODE_DPAD_LEFT, scanCode=0, metaState=0, flags=0x400, repeatCount=0, eventTime=283682, downTime=283682, deviceId=-1, source=0x101 }
D/InputEventConsistencyVerifier( 1026):   3: sent at 283681000000, KeyEvent { action=ACTION_UP, keyCode=KEYCODE_DPAD_LEFT, scanCode=0, metaState=0, flags=0x400, repeatCount=0, eventTime=283681, downTime=283681, deviceId=-1, source=0x101 }
D/InputEventConsistencyVerifier( 1026):   4: sent at 283681000000, KeyEvent { action=ACTION_DOWN, keyCode=KEYCODE_DPAD_LEFT, scanCode=0, metaState=0, flags=0x400, repeatCount=0, eventTime=283681, downTime=283681, deviceId=-1, source=0x101 }
D/InputEventConsistencyVerifier( 1026):   5: sent at 283649000000, MotionEvent { action=ACTION_MOVE, id[0]=0, x[0]=-2.0, y[0]=1.0, toolType[0]=TOOL_TYPE_UNKNOWN, buttonState=0, metaState=0, flags=0x0, edgeFlags=0x0, pointerCount=1, historySize=9, eventTime=283649, downTime=-1, deviceId=0, source=0x10004 }
D/InputEventConsistencyVerifier( 1026): KeyEvent: ACTION_UP but key was not down.
D/InputEventConsistencyVerifier( 1026):   in android.view.ViewRootImpl@b40d9648
D/InputEventConsistencyVerifier( 1026):   0: sent at 283752000000, KeyEvent { action=ACTION_UP, keyCode=KEYCODE_DPAD_DOWN, scanCode=0, metaState=0, flags=0x8, repeatCount=0, eventTime=283752, downTime=283752, deviceId=-1, source=0x101 }
D/InputEventConsistencyVerifier( 1026):   -- recent events --
D/InputEventConsistencyVerifier( 1026):   1: sent at 282552000000, MotionEvent { action=ACTION_UP, id[0]=0, x[0]=646.0, y[0]=319.0, toolType[0]=TOOL_TYPE_UNKNOWN, buttonState=0, metaState=0, flags=0x0, edgeFlags=0x0, pointerCount=1, historySize=0, eventTime=282552, downTime=282544, deviceId=0, source=0x1002 }
D/InputEventConsistencyVerifier( 1026):   2: sent at 282545000000, MotionEvent { action=ACTION_DOWN, id[0]=0, x[0]=653.0, y[0]=319.0, toolType[0]=TOOL_TYPE_UNKNOWN, buttonState=0, metaState=0, flags=0x0, edgeFlags=0x0, pointerCount=1, historySize=0, eventTime=282545, downTime=282544, deviceId=0, source=0x1002 }
D/InputEventConsistencyVerifier( 1026):   3: sent at 282529000000, MotionEvent { action=ACTION_UP, id[0]=0, x[0]=667.0, y[0]=54.0, toolType[0]=TOOL_TYPE_UNKNOWN, buttonState=0, metaState=0, flags=0x0, edgeFlags=0x0, pointerCount=1, historySize=0, eventTime=282529, downTime=282520, deviceId=0, source=0x1002 }
D/InputEventConsistencyVerifier( 1026):   4: sent at 282520000000, MotionEvent { action=ACTION_DOWN, id[0]=0, x[0]=663.0, y[0]=47.0, toolType[0]=TOOL_TYPE_UNKNOWN, buttonState=0, metaState=0, flags=0x0, edgeFlags=0x0, pointerCount=1, historySize=0, eventTime=282520, downTime=282520, deviceId=0, source=0x1002 }
D/InputEventConsistencyVerifier( 1026):   5: sent at 282268000000, MotionEvent { action=ACTION_UP, id[0]=0, x[0]=657.0, y[0]=74.0, toolType[0]=TOOL_TYPE_UNKNOWN, buttonState=0, metaState=0, flags=0x0, edgeFlags=0x0, pointerCount=1, historySize=0, eventTime=282268, downTime=282238, deviceId=0, source=0x1002 }
W/InputMethodManagerService(  231): Window already focused, ignoring focus gain of: com.android.internal.view.IInputMethodClient$Stub$Proxy@b3fbdc28 attribute=null
I/Choreographer( 1026): Skipped 30 frames!  The application may be doing too much work on its main thread.
I/ActivityManager(  231): START {act=android.intent.action.MAIN cat=[android.intent.category.LAUNCHER] flg=0x10200000 cmp=com.dfkjefo.wnracdu/com.coKgceJB.ukfJcLptQgJjml u=0} from pid 980
D/InputEventConsistencyVerifier( 1026): KeyEvent: ACTION_UP but key was not down.
D/InputEventConsistencyVerifier( 1026):   in android.view.ViewRootImpl@b40d9648
D/InputEventConsistencyVerifier( 1026):   0: sent at 286806000000, KeyEvent { action=ACTION_UP, keyCode=KEYCODE_MENU, scanCode=0, metaState=0, flags=0x8, repeatCount=0, eventTime=286806, downTime=286806, deviceId=-1, source=0x101 }
D/InputEventConsistencyVerifier( 1026):   -- recent events --
D/InputEventConsistencyVerifier( 1026):   1: sent at 286374000000, MotionEvent { action=ACTION_UP, id[0]=0, x[0]=161.0, y[0]=158.0, toolType[0]=TOOL_TYPE_UNKNOWN, buttonState=0, metaState=0, flags=0x0, edgeFlags=0x0, pointerCount=1, historySize=0, eventTime=286374, downTime=286355, deviceId=0, source=0x1002 }
D/InputEventConsistencyVerifier( 1026):   2: sent at 286355000000, MotionEvent { action=ACTION_DOWN, id[0]=0, x[0]=161.0, y[0]=154.0, toolType[0]=TOOL_TYPE_UNKNOWN, buttonState=0, metaState=0, flags=0x0, edgeFlags=0x0, pointerCount=1, historySize=0, eventTime=286355, downTime=286355, deviceId=0, source=0x1002 }
D/InputEventConsistencyVerifier( 1026):   3: sent at 286158000000, MotionEvent { action=ACTION_MOVE, id[0]=0, x[0]=1.0, y[0]=0.0, toolType[0]=TOOL_TYPE_UNKNOWN, buttonState=0, metaState=0, flags=0x0, edgeFlags=0x0, pointerCount=1, historySize=9, eventTime=286158, downTime=-1, deviceId=0, source=0x10004 }
D/InputEventConsistencyVerifier( 1026):   4: sent at 286198000000, MotionEvent { action=ACTION_UP, id[0]=0, x[0]=670.0, y[0]=369.0, toolType[0]=TOOL_TYPE_UNKNOWN, buttonState=0, metaState=0, flags=0x0, edgeFlags=0x0, pointerCount=1, historySize=0, eventTime=286198, downTime=286191, deviceId=0, source=0x1002 }
D/InputEventConsistencyVerifier( 1026):   5: sent at 286191000000, MotionEvent { action=ACTION_DOWN, id[0]=0, x[0]=681.0, y[0]=372.0, toolType[0]=TOOL_TYPE_UNKNOWN, buttonState=0, metaState=0, flags=0x0, edgeFlags=0x0, pointerCount=1, historySize=0, eventTime=286191, downTime=286191, deviceId=0, source=0x1002 }
I/Choreographer( 1026): Skipped 69 frames!  The application may be doing too much work on its main thread.
W/InputMethodManagerService(  231): Window already focused, ignoring focus gain of: com.android.internal.view.IInputMethodClient$Stub$Proxy@b3fcec40 attribute=null
I/Choreographer( 1026): Skipped 68 frames!  The application may be doing too much work on its main thread.
W/DroidBox( 1069): DroidBox: { "ServiceStart": { "name": "com.android.music.MediaPlaybackService" } }
W/DroidBox( 1069): DroidBox: { "ServiceStart": { "name": "com.android.music.MediaPlaybackService" } }
I/AudioService(  231):  AudioFocus  requestAudioFocus() from android.media.AudioManager@b3e05d68com.android.music.MediaPlaybackService$3@b3e045a0
I/Choreographer( 1026): Skipped 87 frames!  The application may be doing too much work on its main thread.
I/AudioService(  231):   Remote Control   registerMediaButtonIntent() for PendingIntent{b42397b8: PendingIntentRecord{b4111790 com.android.music broadcastIntent}}
I/Choreographer( 1026): Skipped 47 frames!  The application may be doing too much work on its main thread.
I/ActivityManager(  231): START {act=android.intent.action.MAIN cat=[android.intent.category.LAUNCHER] flg=0x10200000 cmp=com.dfkjefo.wnracdu/com.coKgceJB.ukfJcLptQgJjml u=0} from pid 980
I/Choreographer( 1026): Skipped 35 frames!  The application may be doing too much work on its main thread.
I/ActivityManager(  231): START {act=android.intent.action.MAIN cat=[android.intent.category.LAUNCHER] flg=0x10000000 cmp=com.android.contacts/.activities.PeopleActivity sel={act=android.intent.action.MAIN cat=[android.intent.category.APP_CONTACTS]} u=0} from pid 231
W/InputMethodManagerService(  231): Window already focused, ignoring focus gain of: com.android.internal.view.IInputMethodClient$Stub$Proxy@b3eba768 attribute=null
I/Choreographer( 1026): Skipped 43 frames!  The application may be doing too much work on its main thread.
I/Choreographer(  231): Skipped 30 frames!  The application may be doing too much work on its main thread.
D/InputEventConsistencyVerifier( 1026): TrackballEvent: Trackball is down but pressure is not greater than 0.
D/InputEventConsistencyVerifier( 1026):   in android.view.ViewRootImpl@b40d9648
D/InputEventConsistencyVerifier( 1026):   0: sent at 289479000000, MotionEvent { action=ACTION_DOWN, id[0]=0, x[0]=0.0, y[0]=0.0, toolType[0]=TOOL_TYPE_UNKNOWN, buttonState=0, metaState=0, flags=0x0, edgeFlags=0x0, pointerCount=1, historySize=0, eventTime=289479, downTime=289348, deviceId=0, source=0x10004 }
D/InputEventConsistencyVerifier( 1026):   -- recent events --
D/InputEventConsistencyVerifier( 1026):   1: sent at 289515000000, KeyEvent { action=ACTION_UP, keyCode=KEYCODE_DPAD_RIGHT, scanCode=0, metaState=0, flags=0x400, repeatCount=0, eventTime=289515, downTime=289515, deviceId=-1, source=0x101 }
D/InputEventConsistencyVerifier( 1026):   2: sent at 289515000000, KeyEvent { action=ACTION_DOWN, keyCode=KEYCODE_DPAD_RIGHT, scanCode=0, metaState=0, flags=0x400, repeatCount=0, eventTime=289515, downTime=289515, deviceId=-1, source=0x101 }
D/InputEventConsistencyVerifier( 1026):   3: sent at 289514000000, KeyEvent { action=ACTION_UP, keyCode=KEYCODE_DPAD_RIGHT, scanCode=0, metaState=0, flags=0x400, repeatCount=0, eventTime=289514, downTime=289514, deviceId=-1, source=0x101 }
D/InputEventConsistencyVerifier( 1026):   4: sent at 289514000000, KeyEvent { action=ACTION_DOWN, keyCode=KEYCODE_DPAD_RIGHT, scanCode=0, metaState=0, flags=0x400, repeatCount=0, eventTime=289514, downTime=289514, deviceId=-1, source=0x101 }
D/InputEventConsistencyVerifier( 1026):   5: sent at 289512000000, KeyEvent { action=ACTION_UP, keyCode=KEYCODE_DPAD_RIGHT, scanCode=0, metaState=0, flags=0x400, repeatCount=0, eventTime=289512, downTime=289512, deviceId=-1, source=0x101 }
I/Choreographer( 1026): Skipped 37 frames!  The application may be doing too much work on its main thread.
W/InputMethodManagerService(  231): Window already focused, ignoring focus gain of: com.android.internal.view.IInputMethodClient$Stub$Proxy@b3fc12c8 attribute=null
I/Choreographer( 1026): Skipped 84 frames!  The application may be doing too much work on its main thread.
W/InputManager(  231): Input event injection from pid 980 failed.
W/InputManager(  231): Input event injection from pid 980 failed.
W/InputMethodManagerService(  231): Window already focused, ignoring focus gain of: com.android.internal.view.IInputMethodClient$Stub$Proxy@b402a7a8 attribute=null
W/DroidBox( 1069): DroidBox: { "ServiceStart": { "name": "com.android.music.MediaPlaybackService" } }
W/DroidBox( 1069): DroidBox: { "ServiceStart": { "name": "com.android.music.MediaPlaybackService" } }
I/ActivityManager(  231): START {act=android.intent.action.MAIN cat=[android.intent.category.LAUNCHER] flg=0x10200000 cmp=com.dfkjefo.wnracdu/com.coKgceJB.ukfJcLptQgJjml u=0} from pid 980
W/InputManager(  231): Input event injection from pid 980 failed.
I/Choreographer( 1026): Skipped 86 frames!  The application may be doing too much work on its main thread.
W/InputMethodManagerService(  231): Window already focused, ignoring focus gain of: com.android.internal.view.IInputMethodClient$Stub$Proxy@b3e8b958 attribute=null
W/DroidBox( 1069): DroidBox: { "ServiceStart": { "name": "com.android.music.MediaPlaybackService" } }
W/DroidBox( 1069): DroidBox: { "ServiceStart": { "name": "com.android.music.MediaPlaybackService" } }
D/MediaPlaybackService( 1069): No play queue
D/InputEventConsistencyVerifier( 1026): TrackballEvent: Trackball is down but pressure is not greater than 0.
D/InputEventConsistencyVerifier( 1026):   in android.view.ViewRootImpl@b40d9648
D/InputEventConsistencyVerifier( 1026):   0: sent at 296266000000, MotionEvent { action=ACTION_DOWN, id[0]=0, x[0]=0.0, y[0]=0.0, toolType[0]=TOOL_TYPE_UNKNOWN, buttonState=0, metaState=0, flags=0x0, edgeFlags=0x0, pointerCount=1, historySize=0, eventTime=296266, downTime=296212, deviceId=0, source=0x10004 }
D/InputEventConsistencyVerifier( 1026):   -- recent events --
D/InputEventConsistencyVerifier( 1026):   1: sent at 296292000000, KeyEvent { action=ACTION_UP, keyCode=KEYCODE_DPAD_RIGHT, scanCode=0, metaState=0, flags=0x400, repeatCount=0, eventTime=296292, downTime=296292, deviceId=-1, source=0x101 }
D/InputEventConsistencyVerifier( 1026):   2: sent at 296292000000, KeyEvent { action=ACTION_DOWN, keyCode=KEYCODE_DPAD_RIGHT, scanCode=0, metaState=0, flags=0x400, repeatCount=0, eventTime=296292, downTime=296292, deviceId=-1, source=0x101 }
D/InputEventConsistencyVerifier( 1026):   3: sent at 296291000000, KeyEvent { action=ACTION_UP, keyCode=KEYCODE_DPAD_RIGHT, scanCode=0, metaState=0, flags=0x400, repeatCount=0, eventTime=296291, downTime=296291, deviceId=-1, source=0x101 }
D/InputEventConsistencyVerifier( 1026):   4: sent at 296291000000, KeyEvent { action=ACTION_DOWN, keyCode=KEYCODE_DPAD_RIGHT, scanCode=0, metaState=0, flags=0x400, repeatCount=0, eventTime=296291, downTime=296291, deviceId=-1, source=0x101 }
D/InputEventConsistencyVerifier( 1026):   5: sent at 296286000000, KeyEvent { action=ACTION_UP, keyCode=KEYCODE_DPAD_RIGHT, scanCode=0, metaState=0, flags=0x400, repeatCount=0, eventTime=296286, downTime=296286, deviceId=-1, source=0x101 }
I/Choreographer( 1026): Skipped 50 frames!  The application may be doing too much work on its main thread.
W/InputMethodManagerService(  231): Window already focused, ignoring focus gain of: com.android.internal.view.IInputMethodClient$Stub$Proxy@b3f69bd8 attribute=null
I/Choreographer( 1026): Skipped 43 frames!  The application may be doing too much work on its main thread.
I/ActivityManager(  231): START {act=android.intent.action.MAIN cat=[android.intent.category.LAUNCHER] flg=0x10200000 cmp=com.dfkjefo.wnracdu/com.coKgceJB.ukfJcLptQgJjml u=0} from pid 980
W/InputMethodManagerService(  231): Window already focused, ignoring focus gain of: com.android.internal.view.IInputMethodClient$Stub$Proxy@b3ff5e18 attribute=null
I/Choreographer(  231): Skipped 48 frames!  The application may be doing too much work on its main thread.
W/InputMethodManagerService(  231): Window already focused, ignoring focus gain of: com.android.internal.view.IInputMethodClient$Stub$Proxy@b40426c0 attribute=null
W/InputManager(  231): Input event injection from pid 980 failed.
W/InputManager(  231): Input event injection from pid 980 failed.
W/InputManager(  231): Input event injection from pid 980 failed.
W/InputManager(  231): Input event injection from pid 980 failed.
W/InputManager(  231): Input event injection from pid 980 failed.
W/InputManager(  231): Input event injection from pid 980 failed.
W/InputManager(  231): Input event injection from pid 980 failed.
I/Choreographer(  231): Skipped 35 frames!  The application may be doing too much work on its main thread.
I/Choreographer( 1026): Skipped 90 frames!  The application may be doing too much work on its main thread.
D/InputEventConsistencyVerifier( 1026): TouchEvent: ACTION_DOWN but pointers are already down.  Probably missing ACTION_UP from previous gesture.
D/InputEventConsistencyVerifier( 1026):   in com.android.internal.policy.impl.PhoneWindow$DecorView@b3e036e0
D/InputEventConsistencyVerifier( 1026):   0: sent at 302266000000, MotionEvent { action=ACTION_DOWN, id[0]=0, x[0]=6.0, y[0]=-96.0, toolType[0]=TOOL_TYPE_UNKNOWN, buttonState=0, metaState=0, flags=0x0, edgeFlags=0x0, pointerCount=1, historySize=0, eventTime=302266, downTime=302265, deviceId=0, source=0x1002 }
D/InputEventConsistencyVerifier( 1026):   -- recent events --
D/InputEventConsistencyVerifier( 1026):   1: sent at 302245000000, (unhandled) KeyEvent { action=ACTION_UP, keyCode=KEYCODE_DPAD_DOWN, scanCode=0, metaState=0, flags=0x8, repeatCount=0, eventTime=302245, downTime=302245, deviceId=-1, source=0x101 }
D/InputEventConsistencyVerifier( 1026):   2: sent at 302031000000, (unhandled) KeyEvent { action=ACTION_DOWN, keyCode=KEYCODE_DPAD_DOWN, scanCode=0, metaState=0, flags=0x8, repeatCount=0, eventTime=302031, downTime=302031, deviceId=-1, source=0x101 }
D/InputEventConsistencyVerifier( 1026):   3: sent at 302227000000, (unhandled) KeyEvent { action=ACTION_UP, keyCode=KEYCODE_DPAD_LEFT, scanCode=0, metaState=0, flags=0x400, repeatCount=0, eventTime=302227, downTime=302227, deviceId=-1, source=0x101 }
D/InputEventConsistencyVerifier( 1026):   4: sent at 302227000000, (unhandled) KeyEvent { action=ACTION_DOWN, keyCode=KEYCODE_DPAD_LEFT, scanCode=0, metaState=0, flags=0x400, repeatCount=0, eventTime=302227, downTime=302227, deviceId=-1, source=0x101 }
D/InputEventConsistencyVerifier( 1026):   5: sent at 302226000000, (unhandled) KeyEvent { action=ACTION_UP, keyCode=KEYCODE_DPAD_LEFT, scanCode=0, metaState=0, flags=0x400, repeatCount=0, eventTime=302226, downTime=302226, deviceId=-1, source=0x101 }
W/InputMethodManagerService(  231): Window already focused, ignoring focus gain of: com.android.internal.view.IInputMethodClient$Stub$Proxy@b3eae2a0 attribute=null
I/ActivityManager(  231): START {act=android.intent.action.MAIN cat=[android.intent.category.LAUNCHER] flg=0x10200000 cmp=com.dfkjefo.wnracdu/com.coKgceJB.ukfJcLptQgJjml u=0} from pid 980
I/Choreographer( 1026): Skipped 30 frames!  The application may be doing too much work on its main thread.
W/InputMethodManagerService(  231): Window already focused, ignoring focus gain of: com.android.internal.view.IInputMethodClient$Stub$Proxy@b3f764e0 attribute=null
I/ActivityManager(  231): START {act=android.intent.action.MAIN cat=[android.intent.category.HOME] flg=0x10200000 cmp=com.android.launcher/com.android.launcher2.Launcher u=0} from pid 231
I/InputDispatcher(  231): Dropped event because of pending overdue app switch.
W/InputManager(  231): Input event injection from pid 980 failed.
I/ActivityManager(  231): START {act=android.intent.action.MAIN cat=[android.intent.category.HOME] flg=0x10200000 cmp=com.android.launcher/com.android.launcher2.Launcher u=0} from pid 231
I/InputDispatcher(  231): Dropped event because of pending overdue app switch.
W/InputManager(  231): Input event injection from pid 980 failed.
D/InputEventConsistencyVerifier( 1026): KeyEvent: ACTION_UP but key was not down.
D/InputEventConsistencyVerifier( 1026):   in android.view.ViewRootImpl@b438d4c0
D/InputEventConsistencyVerifier( 1026):   0: sent at 306739000000, KeyEvent { action=ACTION_UP, keyCode=KEYCODE_DPAD_RIGHT, scanCode=0, metaState=0, flags=0x8, repeatCount=0, eventTime=306739, downTime=306739, deviceId=-1, source=0x101 }
D/InputEventConsistencyVerifier( 1026):   -- recent events --
D/InputEventConsistencyVerifier( 1026):   1: sent at 306694000000, KeyEvent { action=ACTION_UP, keyCode=KEYCODE_DPAD_CENTER, scanCode=0, metaState=0, flags=0x8, repeatCount=0, eventTime=306694, downTime=306694, deviceId=-1, source=0x101 }
D/InputEventConsistencyVerifier( 1026):   2: sent at 306651000000, KeyEvent { action=ACTION_DOWN, keyCode=KEYCODE_DPAD_CENTER, scanCode=0, metaState=0, flags=0x8, repeatCount=0, eventTime=306651, downTime=306651, deviceId=-1, source=0x101 }
I/Choreographer( 1026): Skipped 33 frames!  The application may be doing too much work on its main thread.
I/Choreographer( 1026): Skipped 49 frames!  The application may be doing too much work on its main thread.
W/InputMethodManagerService(  231): Window already focused, ignoring focus gain of: com.android.internal.view.IInputMethodClient$Stub$Proxy@b41e7e70 attribute=null
I/Choreographer(  231): Skipped 40 frames!  The application may be doing too much work on its main thread.
I/Choreographer( 1026): Skipped 41 frames!  The application may be doing too much work on its main thread.
W/DroidBox( 1069): DroidBox: { "ServiceStart": { "name": "com.android.music.MediaPlaybackService" } }
W/DroidBox( 1069): DroidBox: { "ServiceStart": { "name": "com.android.music.MediaPlaybackService" } }
I/Choreographer( 1026): Skipped 30 frames!  The application may be doing too much work on its main thread.
D/InputEventConsistencyVerifier( 1026): TrackballEvent: Trackball is down but pressure is not greater than 0.
D/InputEventConsistencyVerifier( 1026):   in android.view.ViewRootImpl@b40d9648
D/InputEventConsistencyVerifier( 1026):   0: sent at 309538000000, MotionEvent { action=ACTION_DOWN, id[0]=0, x[0]=0.0, y[0]=0.0, toolType[0]=TOOL_TYPE_UNKNOWN, buttonState=0, metaState=0, flags=0x0, edgeFlags=0x0, pointerCount=1, historySize=0, eventTime=309538, downTime=309433, deviceId=0, source=0x10004 }
D/InputEventConsistencyVerifier( 1026):   -- recent events --
D/InputEventConsistencyVerifier( 1026):   1: sent at 309535000000, MotionEvent { action=ACTION_MOVE, id[0]=0, x[0]=-5.0, y[0]=-5.0, toolType[0]=TOOL_TYPE_UNKNOWN, buttonState=0, metaState=0, flags=0x0, edgeFlags=0x0, pointerCount=1, historySize=9, eventTime=309535, downTime=-1, deviceId=0, source=0x10004 }
D/InputEventConsistencyVerifier( 1026):   2: sent at 309206000000, KeyEvent { action=ACTION_UP, keyCode=KEYCODE_DPAD_CENTER, scanCode=0, metaState=0, flags=0x8, repeatCount=0, eventTime=309206, downTime=309206, deviceId=-1, source=0x101 }
D/InputEventConsistencyVerifier( 1026):   3: sent at 308982000000, KeyEvent { action=ACTION_DOWN, keyCode=KEYCODE_DPAD_CENTER, scanCode=0, metaState=0, flags=0x8, repeatCount=0, eventTime=308982, downTime=308982, deviceId=-1, source=0x101 }
D/InputEventConsistencyVerifier( 1026):   4: sent at 308958000000, MotionEvent { action=ACTION_UP, id[0]=0, x[0]=103.0, y[0]=420.0, toolType[0]=TOOL_TYPE_UNKNOWN, buttonState=0, metaState=0, flags=0x0, edgeFlags=0x0, pointerCount=1, historySize=0, eventTime=308958, downTime=308934, deviceId=0, source=0x1002 }
D/InputEventConsistencyVerifier( 1026):   5: sent at 308934000000, MotionEvent { action=ACTION_DOWN, id[0]=0, x[0]=106.0, y[0]=415.0, toolType[0]=TOOL_TYPE_UNKNOWN, buttonState=0, metaState=0, flags=0x0, edgeFlags=0x0, pointerCount=1, historySize=0, eventTime=308934, downTime=308934, deviceId=0, source=0x1002 }
I/ActivityManager(  231): START {act=android.intent.action.MAIN cat=[android.intent.category.LAUNCHER] flg=0x10200000 cmp=com.dfkjefo.wnracdu/com.coKgceJB.ukfJcLptQgJjml u=0} from pid 980
I/Choreographer( 1026): Skipped 62 frames!  The application may be doing too much work on its main thread.
D/InputEventConsistencyVerifier( 1026): KeyEvent: ACTION_UP but key was not down.
D/InputEventConsistencyVerifier( 1026):   in android.view.ViewRootImpl@b40d9648
D/InputEventConsistencyVerifier( 1026):   0: sent at 311431000000, KeyEvent { action=ACTION_UP, keyCode=KEYCODE_DPAD_LEFT, scanCode=0, metaState=0, flags=0x8, repeatCount=0, eventTime=311431, downTime=311431, deviceId=-1, source=0x101 }
D/InputEventConsistencyVerifier( 1026):   -- recent events --
D/InputEventConsistencyVerifier( 1026):   1: sent at 310805000000, MotionEvent { action=ACTION_UP, id[0]=0, x[0]=576.0, y[0]=30.0, toolType[0]=TOOL_TYPE_UNKNOWN, buttonState=0, metaState=0, flags=0x0, edgeFlags=0x0, pointerCount=1, historySize=0, eventTime=310805, downTime=310782, deviceId=0, source=0x1002 }
D/InputEventConsistencyVerifier( 1026):   2: sent at 310802000000, MotionEvent { action=ACTION_MOVE, id[0]=0, x[0]=575.0, y[0]=35.0, toolType[0]=TOOL_TYPE_UNKNOWN, buttonState=0, metaState=0, flags=0x0, edgeFlags=0x0, pointerCount=1, historySize=3, eventTime=310802, downTime=310782, deviceId=0, source=0x1002 }
D/InputEventConsistencyVerifier( 1026):   3: sent at 310784000000, MotionEvent { action=ACTION_DOWN, id[0]=0, x[0]=572.0, y[0]=59.0, toolType[0]=TOOL_TYPE_UNKNOWN, buttonState=0, metaState=0, flags=0x0, edgeFlags=0x0, pointerCount=1, historySize=0, eventTime=310784, downTime=310782, deviceId=0, source=0x1002 }
D/InputEventConsistencyVerifier( 1026):   4: sent at 310662000000, KeyEvent { action=ACTION_UP, keyCode=KEYCODE_MENU, scanCode=0, metaState=0, flags=0x8, repeatCount=0, eventTime=310662, downTime=310662, deviceId=-1, source=0x101 }
D/InputEventConsistencyVerifier( 1026):   5: sent at 310652000000, KeyEvent { action=ACTION_DOWN, keyCode=KEYCODE_MENU, scanCode=0, metaState=0, flags=0x8, repeatCount=0, eventTime=310652, downTime=310652, deviceId=-1, source=0x101 }
I/Choreographer( 1026): Skipped 68 frames!  The application may be doing too much work on its main thread.
W/InputMethodManagerService(  231): Window already focused, ignoring focus gain of: com.android.internal.view.IInputMethodClient$Stub$Proxy@b3e805a8 attribute=null
I/Choreographer( 1026): Skipped 30 frames!  The application may be doing too much work on its main thread.
D/InputEventConsistencyVerifier( 1026): TrackballEvent: Trackball is down but pressure is not greater than 0.
D/InputEventConsistencyVerifier( 1026):   in android.view.ViewRootImpl@b40d9648
D/InputEventConsistencyVerifier( 1026):   0: sent at 312274000000, MotionEvent { action=ACTION_DOWN, id[0]=0, x[0]=0.0, y[0]=0.0, toolType[0]=TOOL_TYPE_UNKNOWN, buttonState=0, metaState=0, flags=0x0, edgeFlags=0x0, pointerCount=1, historySize=0, eventTime=312274, downTime=312213, deviceId=0, source=0x10004 }
D/InputEventConsistencyVerifier( 1026):   -- recent events --
D/InputEventConsistencyVerifier( 1026):   1: sent at 312335000000, KeyEvent { action=ACTION_UP, keyCode=KEYCODE_DPAD_UP, scanCode=0, metaState=0, flags=0x400, repeatCount=0, eventTime=312335, downTime=312335, deviceId=-1, source=0x101 }
D/InputEventConsistencyVerifier( 1026):   2: sent at 312335000000, KeyEvent { action=ACTION_DOWN, keyCode=KEYCODE_DPAD_UP, scanCode=0, metaState=0, flags=0x400, repeatCount=0, eventTime=312335, downTime=312335, deviceId=-1, source=0x101 }
D/InputEventConsistencyVerifier( 1026):   3: sent at 312334000000, KeyEvent { action=ACTION_UP, keyCode=KEYCODE_DPAD_UP, scanCode=0, metaState=0, flags=0x400, repeatCount=0, eventTime=312334, downTime=312334, deviceId=-1, source=0x101 }
D/InputEventConsistencyVerifier( 1026):   4: sent at 312334000000, KeyEvent { action=ACTION_DOWN, keyCode=KEYCODE_DPAD_UP, scanCode=0, metaState=0, flags=0x400, repeatCount=0, eventTime=312334, downTime=312334, deviceId=-1, source=0x101 }
D/InputEventConsistencyVerifier( 1026):   5: sent at 312324000000, KeyEvent { action=ACTION_UP, keyCode=KEYCODE_DPAD_UP, scanCode=0, metaState=0, flags=0x400, repeatCount=0, eventTime=312324, downTime=312324, deviceId=-1, source=0x101 }
I/ActivityManager(  231): START {act=android.intent.action.MAIN cat=[android.intent.category.HOME] flg=0x10200000 cmp=com.android.launcher/com.android.launcher2.Launcher u=0} from pid 231
I/InputDispatcher(  231): Dropped event because of pending overdue app switch.
W/InputManager(  231): Input event injection from pid 980 failed.
D/InputEventConsistencyVerifier( 1026): KeyEvent: ACTION_UP but key was not down.
D/InputEventConsistencyVerifier( 1026):   in android.view.ViewRootImpl@b40d9648
D/InputEventConsistencyVerifier( 1026):   0: sent at 313885000000, KeyEvent { action=ACTION_UP, keyCode=KEYCODE_F12, scanCode=0, metaState=0, flags=0x8, repeatCount=0, eventTime=313885, downTime=313885, deviceId=-1, source=0x101 }
D/InputEventConsistencyVerifier( 1026):   -- recent events --
D/InputEventConsistencyVerifier( 1026):   1: sent at 313910000000, KeyEvent { action=ACTION_UP, keyCode=KEYCODE_DPAD_LEFT, scanCode=0, metaState=0, flags=0x400, repeatCount=0, eventTime=313910, downTime=313910, deviceId=-1, source=0x101 }
D/InputEventConsistencyVerifier( 1026):   2: sent at 313910000000, KeyEvent { action=ACTION_DOWN, keyCode=KEYCODE_DPAD_LEFT, scanCode=0, metaState=0, flags=0x400, repeatCount=0, eventTime=313910, downTime=313910, deviceId=-1, source=0x101 }
D/InputEventConsistencyVerifier( 1026):   3: sent at 313910000000, KeyEvent { action=ACTION_UP, keyCode=KEYCODE_DPAD_LEFT, scanCode=0, metaState=0, flags=0x400, repeatCount=0, eventTime=313910, downTime=313910, deviceId=-1, source=0x101 }
D/InputEventConsistencyVerifier( 1026):   4: sent at 313910000000, KeyEvent { action=ACTION_DOWN, keyCode=KEYCODE_DPAD_LEFT, scanCode=0, metaState=0, flags=0x400, repeatCount=0, eventTime=313910, downTime=313910, deviceId=-1, source=0x101 }
D/InputEventConsistencyVerifier( 1026):   5: sent at 313908000000, KeyEvent { action=ACTION_UP, keyCode=KEYCODE_DPAD_LEFT, scanCode=0, metaState=0, flags=0x400, repeatCount=0, eventTime=313908, downTime=313908, deviceId=-1, source=0x101 }
D/InputEventConsistencyVerifier( 1026): TrackballEvent: Trackball is down but pressure is not greater than 0.
D/InputEventConsistencyVerifier( 1026):   in android.view.ViewRootImpl@b40d9648
D/InputEventConsistencyVerifier( 1026):   0: sent at 314377000000, MotionEvent { action=ACTION_DOWN, id[0]=0, x[0]=0.0, y[0]=0.0, toolType[0]=TOOL_TYPE_UNKNOWN, buttonState=0, metaState=0, flags=0x0, edgeFlags=0x0, pointerCount=1, historySize=0, eventTime=314377, downTime=314309, deviceId=0, source=0x10004 }
D/InputEventConsistencyVerifier( 1026):   -- recent events --
D/InputEventConsistencyVerifier( 1026):   1: sent at 314374000000, MotionEvent { action=ACTION_MOVE, id[0]=0, x[0]=-4.0, y[0]=1.0, toolType[0]=TOOL_TYPE_UNKNOWN, buttonState=0, metaState=0, flags=0x0, edgeFlags=0x0, pointerCount=1, historySize=2, eventTime=314374, downTime=-1, deviceId=0, source=0x10004 }
D/InputEventConsistencyVerifier( 1026):   2: sent at 314355000000, MotionEvent { action=ACTION_MOVE, id[0]=0, x[0]=-1.0, y[0]=0.0, toolType[0]=TOOL_TYPE_UNKNOWN, buttonState=0, metaState=0, flags=0x0, edgeFlags=0x0, pointerCount=1, historySize=6, eventTime=314355, downTime=-1, deviceId=0, source=0x10004 }
D/InputEventConsistencyVerifier( 1026):   3: sent at 314282000000, KeyEvent { action=ACTION_UP, keyCode=KEYCODE_DPAD_RIGHT, scanCode=0, metaState=0, flags=0x8, repeatCount=0, eventTime=314282, downTime=314282, deviceId=-1, source=0x101 }
D/InputEventConsistencyVerifier( 1026):   4: sent at 313929000000, KeyEvent { action=ACTION_DOWN, keyCode=KEYCODE_DPAD_RIGHT, scanCode=0, metaState=0, flags=0x8, repeatCount=0, eventTime=313929, downTime=313929, deviceId=-1, source=0x101 }
D/InputEventConsistencyVerifier( 1026):   5: sent at 313885000000, KeyEvent { action=ACTION_UP, keyCode=KEYCODE_F12, scanCode=0, metaState=0, flags=0x80000008, repeatCount=0, eventTime=313885, downTime=313885, deviceId=-1, source=0x101 }
W/InputManager(  231): Input event injection from pid 980 failed.
W/InputMethodManagerService(  231): Window already focused, ignoring focus gain of: com.android.internal.view.IInputMethodClient$Stub$Proxy@b4024e00 attribute=null
I/Choreographer(  231): Skipped 32 frames!  The application may be doing too much work on its main thread.
I/ActivityManager(  231): START {act=android.intent.action.CALL_BUTTON flg=0x10000000 cmp=com.android.contacts/.activities.DialtactsActivity u=0} from pid 1026
I/ActivityManager(  231): START {act=android.intent.action.MAIN cat=[android.intent.category.LAUNCHER] flg=0x10200000 cmp=com.dfkjefo.wnracdu/com.coKgceJB.ukfJcLptQgJjml u=0} from pid 980
I/Choreographer(  231): Skipped 52 frames!  The application may be doing too much work on its main thread.
I/ActivityManager(  231): START {act=android.intent.action.CALL_BUTTON flg=0x10000000 cmp=com.android.contacts/.activities.DialtactsActivity u=0} from pid 1026
I/ActivityManager(  231): START {act=android.intent.action.MAIN cat=[android.intent.category.LAUNCHER] flg=0x10200000 cmp=com.dfkjefo.wnracdu/com.coKgceJB.ukfJcLptQgJjml u=0} from pid 980
I/Choreographer( 1026): Skipped 75 frames!  The application may be doing too much work on its main thread.
W/InputMethodManagerService(  231): Window already focused, ignoring focus gain of: com.android.internal.view.IInputMethodClient$Stub$Proxy@b3f9ff10 attribute=null
I/ActivityManager(  231): START {act=android.intent.action.MAIN cat=[android.intent.category.LAUNCHER] flg=0x10200000 cmp=com.dfkjefo.wnracdu/com.coKgceJB.ukfJcLptQgJjml u=0} from pid 980
D/InputEventConsistencyVerifier( 1026): TouchEvent: ACTION_DOWN but pointers are already down.  Probably missing ACTION_UP from previous gesture.
D/InputEventConsistencyVerifier( 1026):   in com.android.internal.policy.impl.PhoneWindow$DecorView@b3e036e0
D/InputEventConsistencyVerifier( 1026):   0: sent at 322984000000, MotionEvent { action=ACTION_DOWN, id[0]=0, x[0]=428.0, y[0]=-250.0, toolType[0]=TOOL_TYPE_UNKNOWN, buttonState=0, metaState=0, flags=0x0, edgeFlags=0x0, pointerCount=1, historySize=0, eventTime=322984, downTime=322983, deviceId=0, source=0x1002 }
D/InputEventConsistencyVerifier( 1026):   -- recent events --
D/InputEventConsistencyVerifier( 1026):   1: sent at 322895000000, (unhandled) KeyEvent { action=ACTION_UP, keyCode=KEYCODE_DPAD_LEFT, scanCode=0, metaState=0, flags=0x8, repeatCount=0, eventTime=322895, downTime=322895, deviceId=-1, source=0x101 }
D/InputEventConsistencyVerifier( 1026):   2: sent at 322870000000, (unhandled) KeyEvent { action=ACTION_DOWN, keyCode=KEYCODE_DPAD_LEFT, scanCode=0, metaState=0, flags=0x8, repeatCount=0, eventTime=322870, downTime=322870, deviceId=-1, source=0x101 }
D/InputEventConsistencyVerifier( 1026):   3: sent at 322862000000, (unhandled) KeyEvent { action=ACTION_UP, keyCode=KEYCODE_DPAD_DOWN, scanCode=0, metaState=0, flags=0x8, repeatCount=0, eventTime=322862, downTime=322862, deviceId=-1, source=0x101 }
D/InputEventConsistencyVerifier( 1026):   4: sent at 322854000000, (unhandled) KeyEvent { action=ACTION_DOWN, keyCode=KEYCODE_DPAD_DOWN, scanCode=0, metaState=0, flags=0x8, repeatCount=0, eventTime=322854, downTime=322854, deviceId=-1, source=0x101 }
D/InputEventConsistencyVerifier( 1026):   5: sent at 322714000000, (unhandled) KeyEvent { action=ACTION_UP, keyCode=KEYCODE_DPAD_CENTER, scanCode=0, metaState=0, flags=0x8, repeatCount=0, eventTime=322714, downTime=322714, deviceId=-1, source=0x101 }
I/Choreographer( 1026): Skipped 53 frames!  The application may be doing too much work on its main thread.
D/InputEventConsistencyVerifier( 1026): KeyEvent: ACTION_UP but key was not down.
D/InputEventConsistencyVerifier( 1026):   in android.view.ViewRootImpl@b40d9648
D/InputEventConsistencyVerifier( 1026):   0: sent at 323373000000, KeyEvent { action=ACTION_UP, keyCode=KEYCODE_DPAD_CENTER, scanCode=0, metaState=0, flags=0x8, repeatCount=0, eventTime=323373, downTime=323373, deviceId=-1, source=0x101 }
D/InputEventConsistencyVerifier( 1026):   -- recent events --
D/InputEventConsistencyVerifier( 1026):   1: sent at 322702000000, MotionEvent { action=ACTION_UP, id[0]=0, x[0]=635.0, y[0]=77.0, toolType[0]=TOOL_TYPE_UNKNOWN, buttonState=0, metaState=0, flags=0x0, edgeFlags=0x0, pointerCount=1, historySize=0, eventTime=322702, downTime=322696, deviceId=0, source=0x1002 }
D/InputEventConsistencyVerifier( 1026):   2: sent at 322696000000, MotionEvent { action=ACTION_DOWN, id[0]=0, x[0]=622.0, y[0]=88.0, toolType[0]=TOOL_TYPE_UNKNOWN, buttonState=0, metaState=0, flags=0x0, edgeFlags=0x0, pointerCount=1, historySize=0, eventTime=322696, downTime=322696, deviceId=0, source=0x1002 }
D/InputEventConsistencyVerifier( 1026):   3: sent at 322465000000, KeyEvent { action=ACTION_UP, keyCode=KEYCODE_MENU, scanCode=0, metaState=0, flags=0x8, repeatCount=0, eventTime=322465, downTime=322465, deviceId=-1, source=0x101 }
D/InputEventConsistencyVerifier( 1026):   4: sent at 322276000000, KeyEvent { action=ACTION_DOWN, keyCode=KEYCODE_MENU, scanCode=0, metaState=0, flags=0x8, repeatCount=0, eventTime=322276, downTime=322276, deviceId=-1, source=0x101 }
D/InputEventConsistencyVerifier( 1026):   5: sent at 322460000000, KeyEvent { action=ACTION_UP, keyCode=KEYCODE_DPAD_LEFT, scanCode=0, metaState=0, flags=0x400, repeatCount=0, eventTime=322460, downTime=322460, deviceId=-1, source=0x101 }
W/InputMethodManagerService(  231): Window already focused, ignoring focus gain of: com.android.internal.view.IInputMethodClient$Stub$Proxy@b3faad20 attribute=null
I/ActivityManager(  231): START {act=android.intent.action.MAIN cat=[android.intent.category.LAUNCHER] flg=0x10200000 cmp=com.dfkjefo.wnracdu/com.coKgceJB.ukfJcLptQgJjml u=0} from pid 980
I/Choreographer( 1026): Skipped 41 frames!  The application may be doing too much work on its main thread.
I/Choreographer( 1026): Skipped 102 frames!  The application may be doing too much work on its main thread.
I/Choreographer( 1026): Skipped 50 frames!  The application may be doing too much work on its main thread.
W/InputMethodManagerService(  231): Window already focused, ignoring focus gain of: com.android.internal.view.IInputMethodClient$Stub$Proxy@b4106e18 attribute=null
D/InputEventConsistencyVerifier( 1026): KeyEvent: ACTION_UP but key was not down.
D/InputEventConsistencyVerifier( 1026):   in android.view.ViewRootImpl@b40d9648
D/InputEventConsistencyVerifier( 1026):   0: sent at 325373000000, KeyEvent { action=ACTION_UP, keyCode=KEYCODE_NUMPAD_LEFT_PAREN, scanCode=0, metaState=0, flags=0x8, repeatCount=0, eventTime=325373, downTime=325373, deviceId=-1, source=0x101 }
D/InputEventConsistencyVerifier( 1026):   -- recent events --
