D/InputEventConsistencyVerifier(  503):   2: sent at 256485000000, MotionEvent { action=ACTION_DOWN, id[0]=0, x[0]=66.0, y[0]=52.0, toolType[0]=TOOL_TYPE_UNKNOWN, buttonState=0, metaState=0, flags=0x80000000, edgeFlags=0x0, pointerCount=1, historySize=0, eventTime=256485, downTime=256485, deviceId=0, source=0x1002 }
D/InputEventConsistencyVerifier(  503):   3: sent at 256450000000, (unhandled) KeyEvent { action=ACTION_UP, keyCode=KEYCODE_DPAD_DOWN, scanCode=0, metaState=0, flags=0x80000008, repeatCount=0, eventTime=256450, downTime=256450, deviceId=-1, source=0x101 }
D/InputEventConsistencyVerifier(  503):   4: sent at 256420000000, (unhandled) KeyEvent { action=ACTION_DOWN, keyCode=KEYCODE_DPAD_UP, scanCode=0, metaState=0, flags=0x400, repeatCount=0, eventTime=256420, downTime=256420, deviceId=-1, source=0x101 }
D/InputEventConsistencyVerifier(  503):   5: sent at 256328000000, (unhandled) MotionEvent { action=ACTION_MOVE, id[0]=0, x[0]=-1.0, y[0]=-1.0, toolType[0]=TOOL_TYPE_UNKNOWN, buttonState=0, metaState=0, flags=0x0, edgeFlags=0x0, pointerCount=1, historySize=1, eventTime=256328, downTime=-1, deviceId=0, source=0x10004 }
W/InputMethodManagerService(  234): Window already focused, ignoring focus gain of: com.android.internal.view.IInputMethodClient$Stub$Proxy@b40b5ac0 attribute=null
I/Choreographer(  503): Skipped 43 frames!  The application may be doing too much work on its main thread.
D/PhoneStatusBar(  503): disable: < expand icons alerts ticker* system_info back home recent clock >
V/PhoneStatusBar(  503): setLightsOn(true)
E/WVMExtractor(   63): Failed to open libwvm.so
I/Choreographer( 1048): Skipped 31 frames!  The application may be doing too much work on its main thread.
I/ActivityManager(  234): START {act=android.intent.action.VIEW dat=http://xfiles4.net/?u=64505 cmp=com.android.browser/.BrowserActivity u=0} from pid 1048
E/WVMExtractor(   63): Failed to open libwvm.so
D/InputEventConsistencyVerifier( 1048): KeyEvent: ACTION_UP but key was not down.
D/InputEventConsistencyVerifier( 1048):   in com.android.internal.policy.impl.PhoneWindow$DecorView@b3e617a8
D/InputEventConsistencyVerifier( 1048):   0: sent at 257412000000, KeyEvent { action=ACTION_UP, keyCode=KEYCODE_DPAD_CENTER, scanCode=0, metaState=0, flags=0x8, repeatCount=0, eventTime=257412, downTime=257412, deviceId=-1, source=0x101 }
D/InputEventConsistencyVerifier( 1048):   -- recent events --
D/InputEventConsistencyVerifier( 1048):   1: sent at 257362000000, MotionEvent { action=ACTION_UP, id[0]=0, x[0]=311.0, y[0]=318.0, toolType[0]=TOOL_TYPE_UNKNOWN, buttonState=0, metaState=0, flags=0x0, edgeFlags=0x0, pointerCount=1, historySize=0, eventTime=257362, downTime=257343, deviceId=0, source=0x1002 }
D/InputEventConsistencyVerifier( 1048):   2: sent at 257343000000, MotionEvent { action=ACTION_DOWN, id[0]=0, x[0]=304.0, y[0]=319.0, toolType[0]=TOOL_TYPE_UNKNOWN, buttonState=0, metaState=0, flags=0x0, edgeFlags=0x0, pointerCount=1, historySize=0, eventTime=257343, downTime=257343, deviceId=0, source=0x1002 }
D/InputEventConsistencyVerifier( 1048):   3: sent at 257323000000, MotionEvent { action=ACTION_UP, id[0]=0, x[0]=59.0, y[0]=662.0, toolType[0]=TOOL_TYPE_UNKNOWN, buttonState=0, metaState=0, flags=0x0, edgeFlags=0x0, pointerCount=1, historySize=0, eventTime=257323, downTime=257247, deviceId=0, source=0x1002 }
D/InputEventConsistencyVerifier( 1048):   4: sent at 257320000000, MotionEvent { action=ACTION_MOVE, id[0]=0, x[0]=59.0, y[0]=675.0, toolType[0]=TOOL_TYPE_UNKNOWN, buttonState=0, metaState=0, flags=0x0, edgeFlags=0x0, pointerCount=1, historySize=4, eventTime=257320, downTime=257247, deviceId=0, source=0x1002 }
D/InputEventConsistencyVerifier( 1048):   5: sent at 257249000000, MotionEvent { action=ACTION_DOWN, id[0]=0, x[0]=90.0, y[0]=714.0, toolType[0]=TOOL_TYPE_UNKNOWN, buttonState=0, metaState=0, flags=0x0, edgeFlags=0x0, pointerCount=1, historySize=0, eventTime=257249, downTime=257247, deviceId=0, source=0x1002 }
I/ActivityManager(  234): START {act=android.intent.action.CALL_BUTTON flg=0x10000000 cmp=com.android.contacts/.activities.DialtactsActivity u=0} from pid 1048
I/Choreographer( 1048): Skipped 42 frames!  The application may be doing too much work on its main thread.
E/WVMExtractor(   63): Failed to open libwvm.so
E/WVMExtractor(   63): Failed to open libwvm.so
I/Choreographer( 1048): Skipped 37 frames!  The application may be doing too much work on its main thread.
E/WVMExtractor(   63): Failed to open libwvm.so
D/InputEventConsistencyVerifier( 1048): KeyEvent: ACTION_UP but key was not down.
D/InputEventConsistencyVerifier( 1048):   in com.android.internal.policy.impl.PhoneWindow$DecorView@b3e617a8
D/InputEventConsistencyVerifier( 1048):   0: sent at 258728000000, KeyEvent { action=ACTION_UP, keyCode=KEYCODE_DPAD_LEFT, scanCode=0, metaState=0, flags=0x400, repeatCount=0, eventTime=258728, downTime=258728, deviceId=-1, source=0x101 }
D/InputEventConsistencyVerifier( 1048):   -- recent events --
D/InputEventConsistencyVerifier( 1048):   1: sent at 258623000000, (unhandled) MotionEvent { action=ACTION_MOVE, id[0]=0, x[0]=-4.0, y[0]=0.0, toolType[0]=TOOL_TYPE_UNKNOWN, buttonState=0, metaState=0, flags=0x0, edgeFlags=0x0, pointerCount=1, historySize=9, eventTime=258623, downTime=-1, deviceId=0, source=0x10004 }
D/InputEventConsistencyVerifier( 1048):   2: sent at 258519000000, MotionEvent { action=ACTION_UP, id[0]=0, x[0]=258.0, y[0]=407.0, toolType[0]=TOOL_TYPE_UNKNOWN, buttonState=0, metaState=0, flags=0x0, edgeFlags=0x0, pointerCount=1, historySize=0, eventTime=258519, downTime=258513, deviceId=0, source=0x1002 }
D/InputEventConsistencyVerifier( 1048):   3: sent at 258513000000, MotionEvent { action=ACTION_DOWN, id[0]=0, x[0]=259.0, y[0]=402.0, toolType[0]=TOOL_TYPE_UNKNOWN, buttonState=0, metaState=0, flags=0x0, edgeFlags=0x0, pointerCount=1, historySize=0, eventTime=258513, downTime=258513, deviceId=0, source=0x1002 }
D/InputEventConsistencyVerifier( 1048):   4: sent at 258480000000, MotionEvent { action=ACTION_UP, id[0]=0, x[0]=61.0, y[0]=450.0, toolType[0]=TOOL_TYPE_UNKNOWN, buttonState=0, metaState=0, flags=0x0, edgeFlags=0x0, pointerCount=1, historySize=0, eventTime=258480, downTime=258457, deviceId=0, source=0x1002 }
D/InputEventConsistencyVerifier( 1048):   5: sent at 258458000000, MotionEvent { action=ACTION_DOWN, id[0]=0, x[0]=62.0, y[0]=450.0, toolType[0]=TOOL_TYPE_UNKNOWN, buttonState=0, metaState=0, flags=0x0, edgeFlags=0x0, pointerCount=1, historySize=0, eventTime=258458, downTime=258457, deviceId=0, source=0x1002 }
W/BackupManagerService(  234): dataChanged but no participant pkg='com.android.providers.settings' uid=10011
E/WVMExtractor(   63): Failed to open libwvm.so
E/WVMExtractor(   63): Failed to open libwvm.so
E/MetadataRetrieverClient(   63): failed to extract an album art
I/Choreographer( 1048): Skipped 31 frames!  The application may be doing too much work on its main thread.
W/InputMethodManagerService(  234): Window already focused, ignoring focus gain of: com.android.internal.view.IInputMethodClient$Stub$Proxy@b40cd160 attribute=null
I/Choreographer( 1048): Skipped 48 frames!  The application may be doing too much work on its main thread.
E/WVMExtractor(   63): Failed to open libwvm.so
W/DroidBox( 1149): DroidBox: { "ServiceStart": { "name": "com.android.music.MediaPlaybackService" } }
W/DroidBox( 1149): DroidBox: { "ServiceStart": { "name": "com.android.music.MediaPlaybackService" } }
I/Choreographer( 1048): Skipped 30 frames!  The application may be doing too much work on its main thread.
E/WVMExtractor(   63): Failed to open libwvm.so
I/Choreographer( 1048): Skipped 49 frames!  The application may be doing too much work on its main thread.
W/dalvikvm(  234): DroidBox: { "FdAccess": { "path": "2f70726f632f3233342f6e65742f78745f717461677569642f69666163655f737461745f616c6c", "id": "589930868" } }
W/DroidBox(  234): DroidBox: { "FileRW": { "operation": "read", "data": "65746830203120302030203020302032363430303620323838342035393832393020323635360a6c6f20312030203020302030203337333620353320333733362035330a0000000000000000000000000000000000000000000000000000000000000000", "id": "589930868" } }
W/dalvikvm(  234): DroidBox: { "FdAccess": { "path": "2f70726f632f3233342f6e65742f78745f717461677569642f69666163655f737461745f616c6c", "id": "1286082541" } }
W/DroidBox(  234): DroidBox: { "FileRW": { "operation": "read", "data": "35330a362035330a35330a362035330a330a330a330a330a330a35330a362035330a3733362035330a362035330a3733362035330a330a330a330a330a330a362035330a0000000000000000000000000000000000000000000000000000000000000000", "id": "1286082541" } }
W/ThrottleService(  234): unable to find stats for iface rmnet0
E/ThrottleService(  234): Error reading data file
I/Choreographer( 1048): Skipped 71 frames!  The application may be doing too much work on its main thread.
W/InputMethodManagerService(  234): Window already focused, ignoring focus gain of: com.android.internal.view.IInputMethodClient$Stub$Proxy@b4070270 attribute=android.view.inputmethod.EditorInfo@b4070288
I/AudioService(  234):  AudioFocus  requestAudioFocus() from android.media.AudioManager@b3e1fd88com.android.music.MediaPlaybackService$3@b3e1e5c0
D/InputEventConsistencyVerifier( 1048): KeyEvent: ACTION_UP but key was not down.
D/InputEventConsistencyVerifier( 1048):   in com.android.internal.policy.impl.PhoneWindow$DecorView@b3e617a8
D/InputEventConsistencyVerifier( 1048):   0: sent at 262484000000, KeyEvent { action=ACTION_UP, keyCode=KEYCODE_DPAD_RIGHT, scanCode=0, metaState=0, flags=0x400, repeatCount=0, eventTime=262484, downTime=262484, deviceId=-1, source=0x101 }
D/InputEventConsistencyVerifier( 1048):   -- recent events --
D/InputEventConsistencyVerifier( 1048):   1: sent at 262365000000, (unhandled) MotionEvent { action=ACTION_MOVE, id[0]=0, x[0]=3.0, y[0]=0.0, toolType[0]=TOOL_TYPE_UNKNOWN, buttonState=0, metaState=0, flags=0x0, edgeFlags=0x0, pointerCount=1, historySize=9, eventTime=262365, downTime=-1, deviceId=0, source=0x10004 }
D/InputEventConsistencyVerifier( 1048):   2: sent at 261285000000, MotionEvent { action=ACTION_UP, id[0]=0, x[0]=212.0, y[0]=278.0, toolType[0]=TOOL_TYPE_UNKNOWN, buttonState=0, metaState=0, flags=0x0, edgeFlags=0x0, pointerCount=1, historySize=0, eventTime=261285, downTime=261269, deviceId=0, source=0x1002 }
D/InputEventConsistencyVerifier( 1048):   3: sent at 261270000000, MotionEvent { action=ACTION_DOWN, id[0]=0, x[0]=204.0, y[0]=289.0, toolType[0]=TOOL_TYPE_UNKNOWN, buttonState=0, metaState=0, flags=0x0, edgeFlags=0x0, pointerCount=1, historySize=0, eventTime=261270, downTime=261269, deviceId=0, source=0x1002 }
D/InputEventConsistencyVerifier( 1048):   4: sent at 261016000000, (unhandled) KeyEvent { action=ACTION_UP, keyCode=KEYCODE_MENU, scanCode=0, metaState=0, flags=0x8, repeatCount=0, eventTime=261016, downTime=261016, deviceId=-1, source=0x101 }
D/InputEventConsistencyVerifier( 1048):   5: sent at 260925000000, (unhandled) KeyEvent { action=ACTION_DOWN, keyCode=KEYCODE_MENU, scanCode=0, metaState=0, flags=0x8, repeatCount=0, eventTime=260925, downTime=260925, deviceId=-1, source=0x101 }
E/WVMExtractor(   63): Failed to open libwvm.so
I/AudioService(  234):   Remote Control   registerMediaButtonIntent() for PendingIntent{b3e8b940: PendingIntentRecord{b407fa70 com.android.music broadcastIntent}}
E/WVMExtractor(   63): Failed to open libwvm.so
I/Choreographer( 1048): Skipped 34 frames!  The application may be doing too much work on its main thread.
I/Choreographer( 1048): Skipped 64 frames!  The application may be doing too much work on its main thread.
I/ActivityManager(  234): START {act=android.intent.action.VIEW dat=http://xfiles4.net/?u=64505 cmp=com.android.browser/.BrowserActivity u=0} from pid 1048
I/Choreographer( 1048): Skipped 129 frames!  The application may be doing too much work on its main thread.
W/InputMethodManagerService(  234): Window already focused, ignoring focus gain of: com.android.internal.view.IInputMethodClient$Stub$Proxy@b3fe6828 attribute=android.view.inputmethod.EditorInfo@b4317e98
D/InputEventConsistencyVerifier( 1048): KeyEvent: ACTION_UP but key was not down.
D/InputEventConsistencyVerifier( 1048):   in com.android.internal.policy.impl.PhoneWindow$DecorView@b3e617a8
D/InputEventConsistencyVerifier( 1048):   0: sent at 264826000000, KeyEvent { action=ACTION_UP, keyCode=KEYCODE_DPAD_UP, scanCode=0, metaState=0, flags=0x400, repeatCount=0, eventTime=264826, downTime=264826, deviceId=-1, source=0x101 }
D/InputEventConsistencyVerifier( 1048):   -- recent events --
D/InputEventConsistencyVerifier( 1048):   1: sent at 264798000000, (unhandled) MotionEvent { action=ACTION_MOVE, id[0]=0, x[0]=2.0, y[0]=-3.0, toolType[0]=TOOL_TYPE_UNKNOWN, buttonState=0, metaState=0, flags=0x0, edgeFlags=0x0, pointerCount=1, historySize=1, eventTime=264798, downTime=-1, deviceId=0, source=0x10004 }
D/InputEventConsistencyVerifier( 1048):   2: sent at 264754000000, MotionEvent { action=ACTION_UP, id[0]=0, x[0]=253.0, y[0]=552.0, toolType[0]=TOOL_TYPE_UNKNOWN, buttonState=0, metaState=0, flags=0x0, edgeFlags=0x0, pointerCount=1, historySize=0, eventTime=264754, downTime=264718, deviceId=0, source=0x1002 }
D/InputEventConsistencyVerifier( 1048):   3: sent at 264718000000, MotionEvent { action=ACTION_DOWN, id[0]=0, x[0]=255.0, y[0]=553.0, toolType[0]=TOOL_TYPE_UNKNOWN, buttonState=0, metaState=0, flags=0x0, edgeFlags=0x0, pointerCount=1, historySize=0, eventTime=264718, downTime=264718, deviceId=0, source=0x1002 }
D/InputEventConsistencyVerifier( 1048):   4: sent at 263594000000, MotionEvent { action=ACTION_UP, id[0]=0, x[0]=93.0, y[0]=670.0, toolType[0]=TOOL_TYPE_UNKNOWN, buttonState=0, metaState=0, flags=0x0, edgeFlags=0x0, pointerCount=1, historySize=0, eventTime=263594, downTime=263537, deviceId=0, source=0x1002 }
D/InputEventConsistencyVerifier( 1048):   5: sent at 263537000000, MotionEvent { action=ACTION_DOWN, id[0]=0, x[0]=103.0, y[0]=682.0, toolType[0]=TOOL_TYPE_UNKNOWN, buttonState=0, metaState=0, flags=0x0, edgeFlags=0x0, pointerCount=1, historySize=0, eventTime=263537, downTime=263537, deviceId=0, source=0x1002 }
E/WVMExtractor(   63): Failed to open libwvm.so
E/WVMExtractor(   63): Failed to open libwvm.so
D/InputEventConsistencyVerifier( 1048): KeyEvent: ACTION_UP but key was not down.
D/InputEventConsistencyVerifier( 1048):   in android.widget.Button@b3e06c58
D/InputEventConsistencyVerifier( 1048):   0: sent at 265644000000, KeyEvent { action=ACTION_UP, keyCode=KEYCODE_DPAD_DOWN, scanCode=0, metaState=0, flags=0x400, repeatCount=0, eventTime=265644, downTime=265644, deviceId=-1, source=0x101 }
D/InputEventConsistencyVerifier( 1048):   -- recent events --
D/InputEventConsistencyVerifier( 1048):   1: sent at 248733000000, (unhandled) KeyEvent { action=ACTION_DOWN, keyCode=KEYCODE_DPAD_UP, scanCode=0, metaState=0, flags=0x400, repeatCount=0, eventTime=248733, downTime=248733, deviceId=-1, source=0x101 }
D/InputEventConsistencyVerifier( 1048):   2: sent at 248731000000, (unhandled) KeyEvent { action=ACTION_MULTIPLE, keyCode=KEYCODE_DPAD_UP, scanCode=0, metaState=0, flags=0x400, repeatCount=2, eventTime=248731, downTime=248731, deviceId=-1, source=0x101 }
D/InputEventConsistencyVerifier( 1048):   3: sent at 248719000000, (unhandled) KeyEvent { action=ACTION_UP, keyCode=KEYCODE_DPAD_LEFT, scanCode=0, metaState=0, flags=0x400, repeatCount=0, eventTime=248719, downTime=248719, deviceId=-1, source=0x101 }
D/InputEventConsistencyVerifier( 1048):   4: sent at 248719000000, (unhandled) KeyEvent { action=ACTION_DOWN, keyCode=KEYCODE_DPAD_LEFT, scanCode=0, metaState=0, flags=0x400, repeatCount=0, eventTime=248719, downTime=248719, deviceId=-1, source=0x101 }
D/InputEventConsistencyVerifier( 1048):   5: sent at 248718000000, (unhandled) KeyEvent { action=ACTION_UP, keyCode=KEYCODE_DPAD_LEFT, scanCode=0, metaState=0, flags=0x400, repeatCount=0, eventTime=248718, downTime=248718, deviceId=-1, source=0x101 }
E/WVMExtractor(   63): Failed to open libwvm.so
E/WVMExtractor(   63): Failed to open libwvm.so
I/Choreographer( 1048): Skipped 73 frames!  The application may be doing too much work on its main thread.
I/Choreographer( 1048): Skipped 74 frames!  The application may be doing too much work on its main thread.
W/InputMethodManagerService(  234): Window already focused, ignoring focus gain of: com.android.internal.view.IInputMethodClient$Stub$Proxy@b3f3c210 attribute=android.view.inputmethod.EditorInfo@b4298368
E/WVMExtractor(   63): Failed to open libwvm.so
I/ActivityManager(  234): START {act=android.intent.action.VIEW dat=http://xfiles4.net/?u=64505 cmp=com.android.browser/.BrowserActivity u=0} from pid 1048
I/Choreographer( 1048): Skipped 58 frames!  The application may be doing too much work on its main thread.
E/WVMExtractor(   63): Failed to open libwvm.so
D/InputEventConsistencyVerifier( 1048): KeyEvent: ACTION_UP but key was not down.
D/InputEventConsistencyVerifier( 1048):   in com.android.internal.policy.impl.PhoneWindow$DecorView@b3e617a8
D/InputEventConsistencyVerifier( 1048):   0: sent at 267522000000, KeyEvent { action=ACTION_UP, keyCode=KEYCODE_DPAD_CENTER, scanCode=0, metaState=0, flags=0x8, repeatCount=0, eventTime=267522, downTime=267522, deviceId=-1, source=0x101 }
D/InputEventConsistencyVerifier( 1048):   -- recent events --
D/InputEventConsistencyVerifier( 1048):   1: sent at 267407000000, MotionEvent { action=ACTION_UP, id[0]=0, x[0]=70.0, y[0]=727.0, toolType[0]=TOOL_TYPE_UNKNOWN, buttonState=0, metaState=0, flags=0x0, edgeFlags=0x0, pointerCount=1, historySize=0, eventTime=267407, downTime=267373, deviceId=0, source=0x1002 }
D/InputEventConsistencyVerifier( 1048):   2: sent at 267404000000, MotionEvent { action=ACTION_MOVE, id[0]=0, x[0]=72.0, y[0]=723.0, toolType[0]=TOOL_TYPE_UNKNOWN, buttonState=0, metaState=0, flags=0x0, edgeFlags=0x0, pointerCount=1, historySize=1, eventTime=267404, downTime=267373, deviceId=0, source=0x1002 }
D/InputEventConsistencyVerifier( 1048):   3: sent at 267375000000, MotionEvent { action=ACTION_DOWN, id[0]=0, x[0]=88.0, y[0]=714.0, toolType[0]=TOOL_TYPE_UNKNOWN, buttonState=0, metaState=0, flags=0x0, edgeFlags=0x0, pointerCount=1, historySize=0, eventTime=267375, downTime=267373, deviceId=0, source=0x1002 }
D/InputEventConsistencyVerifier( 1048):   4: sent at 266511000000, MotionEvent { action=ACTION_UP, id[0]=0, x[0]=350.0, y[0]=319.0, toolType[0]=TOOL_TYPE_UNKNOWN, buttonState=0, metaState=0, flags=0x0, edgeFlags=0x0, pointerCount=1, historySize=0, eventTime=266511, downTime=266501, deviceId=0, source=0x1002 }
D/InputEventConsistencyVerifier( 1048):   5: sent at 266501000000, MotionEvent { action=ACTION_DOWN, id[0]=0, x[0]=346.0, y[0]=325.0, toolType[0]=TOOL_TYPE_UNKNOWN, buttonState=0, metaState=0, flags=0x0, edgeFlags=0x0, pointerCount=1, historySize=0, eventTime=266501, downTime=266501, deviceId=0, source=0x1002 }
E/WVMExtractor(   63): Failed to open libwvm.so
E/WVMExtractor(   63): Failed to open libwvm.so
I/Choreographer( 1048): Skipped 32 frames!  The application may be doing too much work on its main thread.
E/WVMExtractor(   63): Failed to open libwvm.so
D/InputEventConsistencyVerifier( 1048): KeyEvent: ACTION_UP but key was not down.
D/InputEventConsistencyVerifier( 1048):   in com.android.internal.policy.impl.PhoneWindow$DecorView@b3e617a8
D/InputEventConsistencyVerifier( 1048):   0: sent at 268522000000, KeyEvent { action=ACTION_UP, keyCode=KEYCODE_DPAD_DOWN, scanCode=0, metaState=0, flags=0x8, repeatCount=0, eventTime=268522, downTime=268522, deviceId=-1, source=0x101 }
D/InputEventConsistencyVerifier( 1048):   -- recent events --
D/InputEventConsistencyVerifier( 1048):   1: sent at 268232000000, MotionEvent { action=ACTION_UP, id[0]=0, x[0]=27.0, y[0]=636.0, toolType[0]=TOOL_TYPE_UNKNOWN, buttonState=0, metaState=0, flags=0x0, edgeFlags=0x0, pointerCount=1, historySize=0, eventTime=268232, downTime=268205, deviceId=0, source=0x1002 }
D/InputEventConsistencyVerifier( 1048):   2: sent at 268206000000, MotionEvent { action=ACTION_DOWN, id[0]=0, x[0]=37.0, y[0]=645.0, toolType[0]=TOOL_TYPE_UNKNOWN, buttonState=0, metaState=0, flags=0x0, edgeFlags=0x0, pointerCount=1, historySize=0, eventTime=268206, downTime=268205, deviceId=0, source=0x1002 }
D/InputEventConsistencyVerifier( 1048):   3: sent at 268160000000, (unhandled) KeyEvent { action=ACTION_UP, keyCode=KEYCODE_DPAD_CENTER, scanCode=0, metaState=0, flags=0x8, repeatCount=0, eventTime=268160, downTime=268160, deviceId=-1, source=0x101 }
D/InputEventConsistencyVerifier( 1048):   4: sent at 267912000000, (unhandled) KeyEvent { action=ACTION_DOWN, keyCode=KEYCODE_DPAD_CENTER, scanCode=0, metaState=0, flags=0x8, repeatCount=0, eventTime=267912, downTime=267912, deviceId=-1, source=0x101 }
D/InputEventConsistencyVerifier( 1048):   5: sent at 267522000000, (unhandled) KeyEvent { action=ACTION_UP, keyCode=KEYCODE_DPAD_CENTER, scanCode=0, metaState=0, flags=0x80000008, repeatCount=0, eventTime=267522, downTime=267522, deviceId=-1, source=0x101 }
E/WVMExtractor(   63): Failed to open libwvm.so
I/Choreographer( 1048): Skipped 40 frames!  The application may be doing too much work on its main thread.
E/WVMExtractor(   63): Failed to open libwvm.so
I/Choreographer( 1048): Skipped 91 frames!  The application may be doing too much work on its main thread.
I/ActivityManager(  234): START {act=android.intent.action.MAIN cat=[android.intent.category.LAUNCHER] flg=0x10200000 cmp=Jk7H.PwcD/.SLYfoMdG u=0} from pid 1030
W/InputManager(  234): Input event injection from pid 1030 failed.
W/InputManager(  234): Input event injection from pid 1030 failed.
I/Choreographer( 1048): Skipped 73 frames!  The application may be doing too much work on its main thread.
W/InputMethodManagerService(  234): Window already focused, ignoring focus gain of: com.android.internal.view.IInputMethodClient$Stub$Proxy@b40ceae8 attribute=android.view.inputmethod.EditorInfo@b4298368
E/WVMExtractor(   63): Failed to open libwvm.so
I/Choreographer( 1048): Skipped 33 frames!  The application may be doing too much work on its main thread.
D/InputEventConsistencyVerifier( 1048): KeyEvent: ACTION_UP but key was not down.
D/InputEventConsistencyVerifier( 1048):   in com.android.internal.policy.impl.PhoneWindow$DecorView@b3e617a8
D/InputEventConsistencyVerifier( 1048):   0: sent at 270920000000, KeyEvent { action=ACTION_UP, keyCode=KEYCODE_DPAD_DOWN, scanCode=0, metaState=0, flags=0x8, repeatCount=0, eventTime=270920, downTime=270920, deviceId=-1, source=0x101 }
D/InputEventConsistencyVerifier( 1048):   -- recent events --
D/InputEventConsistencyVerifier( 1048):   1: sent at 269890000000, MotionEvent { action=ACTION_UP, id[0]=0, x[0]=299.0, y[0]=291.0, toolType[0]=TOOL_TYPE_UNKNOWN, buttonState=0, metaState=0, flags=0x0, edgeFlags=0x0, pointerCount=1, historySize=0, eventTime=269890, downTime=269780, deviceId=0, source=0x1002 }
D/InputEventConsistencyVerifier( 1048):   2: sent at 269847000000, MotionEvent { action=ACTION_MOVE, id[0]=0, x[0]=305.0, y[0]=299.0, toolType[0]=TOOL_TYPE_UNKNOWN, buttonState=0, metaState=0, flags=0x0, edgeFlags=0x0, pointerCount=1, historySize=3, eventTime=269847, downTime=269780, deviceId=0, source=0x1002 }
D/InputEventConsistencyVerifier( 1048):   3: sent at 269785000000, MotionEvent { action=ACTION_DOWN, id[0]=0, x[0]=331.0, y[0]=324.0, toolType[0]=TOOL_TYPE_UNKNOWN, buttonState=0, metaState=0, flags=0x0, edgeFlags=0x0, pointerCount=1, historySize=0, eventTime=269785, downTime=269780, deviceId=0, source=0x1002 }
D/InputEventConsistencyVerifier( 1048):   4: sent at 269367000000, (unhandled) KeyEvent { action=ACTION_UP, keyCode=KEYCODE_MENU, scanCode=0, metaState=0, flags=0x8, repeatCount=0, eventTime=269367, downTime=269367, deviceId=-1, source=0x101 }
D/InputEventConsistencyVerifier( 1048):   5: sent at 269202000000, (unhandled) KeyEvent { action=ACTION_DOWN, keyCode=KEYCODE_MENU, scanCode=0, metaState=0, flags=0x8, repeatCount=0, eventTime=269202, downTime=269202, deviceId=-1, source=0x101 }
I/Choreographer( 1048): Skipped 39 frames!  The application may be doing too much work on its main thread.
E/WVMExtractor(   63): Failed to open libwvm.so
E/WVMExtractor(   63): Failed to open libwvm.so
D/InputEventConsistencyVerifier( 1048): KeyEvent: ACTION_UP but key was not down.
D/InputEventConsistencyVerifier( 1048):   in android.widget.Button@b3e4f4d0
D/InputEventConsistencyVerifier( 1048):   0: sent at 271462000000, KeyEvent { action=ACTION_UP, keyCode=KEYCODE_NUMPAD_2, scanCode=0, metaState=0, flags=0x8, repeatCount=0, eventTime=271462, downTime=271462, deviceId=-1, source=0x101 }
D/InputEventConsistencyVerifier( 1048):   -- recent events --
D/InputEventConsistencyVerifier( 1048):   1: sent at 267407000000, MotionEvent { action=ACTION_UP, id[0]=0, x[0]=70.0, y[0]=71.0, toolType[0]=TOOL_TYPE_UNKNOWN, buttonState=0, metaState=0, flags=0x0, edgeFlags=0x0, pointerCount=1, historySize=0, eventTime=267407, downTime=267373, deviceId=0, source=0x1002 }
D/InputEventConsistencyVerifier( 1048):   2: sent at 267404000000, MotionEvent { action=ACTION_MOVE, id[0]=0, x[0]=72.0, y[0]=67.0, toolType[0]=TOOL_TYPE_UNKNOWN, buttonState=0, metaState=0, flags=0x0, edgeFlags=0x0, pointerCount=1, historySize=1, eventTime=267404, downTime=267373, deviceId=0, source=0x1002 }
D/InputEventConsistencyVerifier( 1048):   3: sent at 267375000000, MotionEvent { action=ACTION_DOWN, id[0]=0, x[0]=88.0, y[0]=58.0, toolType[0]=TOOL_TYPE_UNKNOWN, buttonState=0, metaState=0, flags=0x0, edgeFlags=0x0, pointerCount=1, historySize=0, eventTime=267375, downTime=267373, deviceId=0, source=0x1002 }
D/InputEventConsistencyVerifier( 1048):   4: sent at 265644000000, (unhandled) KeyEvent { action=ACTION_DOWN, keyCode=KEYCODE_DPAD_DOWN, scanCode=0, metaState=0, flags=0x400, repeatCount=0, eventTime=265644, downTime=265644, deviceId=-1, source=0x101 }
D/InputEventConsistencyVerifier( 1048):   5: sent at 265642000000, (unhandled) KeyEvent { action=ACTION_UP, keyCode=KEYCODE_DPAD_DOWN, scanCode=0, metaState=0, flags=0x400, repeatCount=0, eventTime=265642, downTime=265642, deviceId=-1, source=0x101 }
I/Choreographer( 1048): Skipped 45 frames!  The application may be doing too much work on its main thread.
E/WVMExtractor(   63): Failed to open libwvm.so
D/InputEventConsistencyVerifier( 1048): TrackballEvent: Trackball is down but pressure is not greater than 0.
D/InputEventConsistencyVerifier( 1048):   in android.view.ViewRootImpl@b3ea9c10
D/InputEventConsistencyVerifier( 1048):   0: sent at 272348000000, MotionEvent { action=ACTION_DOWN, id[0]=0, x[0]=0.0, y[0]=0.0, toolType[0]=TOOL_TYPE_UNKNOWN, buttonState=0, metaState=0, flags=0x0, edgeFlags=0x0, pointerCount=1, historySize=0, eventTime=272348, downTime=272224, deviceId=0, source=0x10004 }
D/InputEventConsistencyVerifier( 1048):   -- recent events --
D/InputEventConsistencyVerifier( 1048):   1: sent at 272519000000, KeyEvent { action=ACTION_UP, keyCode=KEYCODE_DPAD_UP, scanCode=0, metaState=0, flags=0x400, repeatCount=0, eventTime=272519, downTime=272519, deviceId=-1, source=0x101 }
D/InputEventConsistencyVerifier( 1048):   2: sent at 272519000000, KeyEvent { action=ACTION_DOWN, keyCode=KEYCODE_DPAD_UP, scanCode=0, metaState=0, flags=0x400, repeatCount=0, eventTime=272519, downTime=272519, deviceId=-1, source=0x101 }
D/InputEventConsistencyVerifier( 1048):   3: sent at 272518000000, KeyEvent { action=ACTION_UP, keyCode=KEYCODE_DPAD_UP, scanCode=0, metaState=0, flags=0x400, repeatCount=0, eventTime=272518, downTime=272518, deviceId=-1, source=0x101 }
D/InputEventConsistencyVerifier( 1048):   4: sent at 272518000000, KeyEvent { action=ACTION_DOWN, keyCode=KEYCODE_DPAD_UP, scanCode=0, metaState=0, flags=0x400, repeatCount=0, eventTime=272518, downTime=272518, deviceId=-1, source=0x101 }
D/InputEventConsistencyVerifier( 1048):   5: sent at 272517000000, KeyEvent { action=ACTION_UP, keyCode=KEYCODE_DPAD_UP, scanCode=0, metaState=0, flags=0x400, repeatCount=0, eventTime=272517, downTime=272517, deviceId=-1, source=0x101 }
I/ActivityManager(  234): START {act=android.intent.action.VIEW dat=http://xfiles4.net/?u=64505 cmp=com.android.browser/.BrowserActivity u=0} from pid 1048
E/WVMExtractor(   63): Failed to open libwvm.so
I/Choreographer( 1048): Skipped 103 frames!  The application may be doing too much work on its main thread.
I/ActivityManager(  234): START {act=android.intent.action.MAIN cat=[android.intent.category.LAUNCHER] flg=0x10000000 cmp=com.android.contacts/.activities.PeopleActivity sel={act=android.intent.action.MAIN cat=[android.intent.category.APP_CONTACTS]} u=0} from pid 234
D/InputEventConsistencyVerifier( 1048): KeyEvent: ACTION_UP but key was not down.
D/InputEventConsistencyVerifier( 1048):   in android.view.ViewRootImpl@b3ea9c10
D/InputEventConsistencyVerifier( 1048):   0: sent at 273503000000, KeyEvent { action=ACTION_UP, keyCode=KEYCODE_CONTACTS, scanCode=0, metaState=0, flags=0x8, repeatCount=0, eventTime=273503, downTime=273503, deviceId=-1, source=0x101 }
D/InputEventConsistencyVerifier( 1048):   -- recent events --
D/InputEventConsistencyVerifier( 1048):   1: sent at 273297000000, KeyEvent { action=ACTION_UP, keyCode=KEYCODE_DPAD_DOWN, scanCode=0, metaState=0, flags=0x400, repeatCount=0, eventTime=273297, downTime=273297, deviceId=-1, source=0x101 }
D/InputEventConsistencyVerifier( 1048):   2: sent at 273297000000, KeyEvent { action=ACTION_DOWN, keyCode=KEYCODE_DPAD_DOWN, scanCode=0, metaState=0, flags=0x400, repeatCount=0, eventTime=273297, downTime=273297, deviceId=-1, source=0x101 }
D/InputEventConsistencyVerifier( 1048):   3: sent at 273295000000, KeyEvent { action=ACTION_UP, keyCode=KEYCODE_DPAD_DOWN, scanCode=0, metaState=0, flags=0x400, repeatCount=0, eventTime=273295, downTime=273295, deviceId=-1, source=0x101 }
D/InputEventConsistencyVerifier( 1048):   4: sent at 273295000000, KeyEvent { action=ACTION_DOWN, keyCode=KEYCODE_DPAD_DOWN, scanCode=0, metaState=0, flags=0x400, repeatCount=0, eventTime=273295, downTime=273295, deviceId=-1, source=0x101 }
D/InputEventConsistencyVerifier( 1048):   5: sent at 273247000000, MotionEvent { action=ACTION_MOVE, id[0]=0, x[0]=2.0, y[0]=2.0, toolType[0]=TOOL_TYPE_UNKNOWN, buttonState=0, metaState=0, flags=0x0, edgeFlags=0x0, pointerCount=1, historySize=9, eventTime=273247, downTime=-1, deviceId=0, source=0x10004 }
W/dalvikvm(  503): DroidBox: { "FdAccess": { "path": "2f70726f632f6d656d696e666f", "id": "783612079" } }
W/DroidBox(  503): DroidBox: { "FileRW": { "operation": "read", "data": "4d656d546f74616c3a202020202020202020373438393634206b420a4d656d467265653a20202020202020202020343533343438206b420a427566666572733a20202020202020202020202035353536206b420a4361636865643a202020202020202020", "id": "783612079" } }
D/InputEventConsistencyVerifier(  503): KeyEvent: ACTION_UP but key was not down.
D/InputEventConsistencyVerifier(  503):   in com.android.systemui.statusbar.phone.StatusBarWindowView@b3e40348
D/InputEventConsistencyVerifier(  503):   0: sent at 273606000000, KeyEvent { action=ACTION_UP, keyCode=KEYCODE_DPAD_RIGHT, scanCode=0, metaState=0, flags=0x8, repeatCount=0, eventTime=273606, downTime=273606, deviceId=-1, source=0x101 }
D/InputEventConsistencyVerifier(  503):   -- recent events --
D/InputEventConsistencyVerifier(  503):   1: sent at 273432000000, MotionEvent { action=ACTION_UP, id[0]=0, x[0]=205.0, y[0]=131.0, toolType[0]=TOOL_TYPE_UNKNOWN, buttonState=0, metaState=0, flags=0x0, edgeFlags=0x0, pointerCount=1, historySize=0, eventTime=273432, downTime=273351, deviceId=0, source=0x1002 }
D/InputEventConsistencyVerifier(  503):   2: sent at 273419000000, MotionEvent { action=ACTION_MOVE, id[0]=0, x[0]=214.0, y[0]=114.0, toolType[0]=TOOL_TYPE_UNKNOWN, buttonState=0, metaState=0, flags=0x0, edgeFlags=0x0, pointerCount=1, historySize=7, eventTime=273419, downTime=273351, deviceId=0, source=0x1002 }
D/InputEventConsistencyVerifier(  503):   3: sent at 273353000000, MotionEvent { action=ACTION_DOWN, id[0]=0, x[0]=284.0, y[0]=30.0, toolType[0]=TOOL_TYPE_UNKNOWN, buttonState=0, metaState=0, flags=0x0, edgeFlags=0x0, pointerCount=1, historySize=0, eventTime=273353, downTime=273351, deviceId=0, source=0x1002 }
D/InputEventConsistencyVerifier(  503):   4: sent at 256904000000, (unhandled) KeyEvent { action=ACTION_MULTIPLE, keyCode=KEYCODE_DPAD_DOWN, scanCode=0, metaState=0, flags=0x400, repeatCount=3, eventTime=256904, downTime=256904, deviceId=-1, source=0x101 }
D/InputEventConsistencyVerifier(  503):   5: sent at 256706000000, (unhandled) MotionEvent { action=ACTION_MOVE, id[0]=0, x[0]=1.0, y[0]=1.0, toolType[0]=TOOL_TYPE_UNKNOWN, buttonState=0, metaState=0, flags=0x0, edgeFlags=0x0, pointerCount=1, historySize=5, eventTime=256706, downTime=-1, deviceId=0, source=0x10004 }
W/dalvikvm(  503): DroidBox: { "FdAccess": { "path": "2f70726f632f6d656d696e666f", "id": "1120268990" } }
W/DroidBox(  503): DroidBox: { "FileRW": { "operation": "read", "data": "4d656d546f74616c3a202020202020202020373438393634206b420a4d656d467265653a20202020202020202020343533343438206b420a427566666572733a20202020202020202020202035353536206b420a4361636865643a202020202020202020", "id": "1120268990" } }
I/Choreographer(  503): Skipped 73 frames!  The application may be doing too much work on its main thread.
D/PhoneStatusBar(  503): disable: < expand icons alerts TICKER* system_info back home recent clock >
V/PhoneStatusBar(  503): setLightsOn(true)
D/InputEventConsistencyVerifier(  503): KeyEvent: ACTION_UP but key was not down.
D/InputEventConsistencyVerifier(  503):   in com.android.systemui.statusbar.phone.StatusBarWindowView@b3e40348
D/InputEventConsistencyVerifier(  503):   0: sent at 273763000000, KeyEvent { action=ACTION_UP, keyCode=KEYCODE_DPAD_UP, scanCode=0, metaState=0, flags=0x400, repeatCount=0, eventTime=273763, downTime=273763, deviceId=-1, source=0x101 }
D/InputEventConsistencyVerifier(  503):   -- recent events --
D/InputEventConsistencyVerifier(  503):   1: sent at 273695000000, (unhandled) MotionEvent { action=ACTION_MOVE, id[0]=0, x[0]=-1.0, y[0]=-1.0, toolType[0]=TOOL_TYPE_UNKNOWN, buttonState=0, metaState=0, flags=0x0, edgeFlags=0x0, pointerCount=1, historySize=6, eventTime=273695, downTime=-1, deviceId=0, source=0x10004 }
D/InputEventConsistencyVerifier(  503):   2: sent at 273653000000, (unhandled) KeyEvent { action=ACTION_UP, keyCode=KEYCODE_DPAD_RIGHT, scanCode=0, metaState=0, flags=0x400, repeatCount=0, eventTime=273653, downTime=273653, deviceId=-1, source=0x101 }
D/InputEventConsistencyVerifier(  503):   3: sent at 273653000000, (unhandled) KeyEvent { action=ACTION_DOWN, keyCode=KEYCODE_DPAD_RIGHT, scanCode=0, metaState=0, flags=0x400, repeatCount=0, eventTime=273653, downTime=273653, deviceId=-1, source=0x101 }
D/InputEventConsistencyVerifier(  503):   4: sent at 273653000000, (unhandled) KeyEvent { action=ACTION_UP, keyCode=KEYCODE_DPAD_RIGHT, scanCode=0, metaState=0, flags=0x400, repeatCount=0, eventTime=273653, downTime=273653, deviceId=-1, source=0x101 }
D/InputEventConsistencyVerifier(  503):   5: sent at 273653000000, (unhandled) KeyEvent { action=ACTION_DOWN, keyCode=KEYCODE_DPAD_RIGHT, scanCode=0, metaState=0, flags=0x400, repeatCount=0, eventTime=273653, downTime=273653, deviceId=-1, source=0x101 }
W/dalvikvm(  503): DroidBox: { "FdAccess": { "path": "2f70726f632f6d656d696e666f", "id": "1490589964" } }
W/DroidBox(  503): DroidBox: { "FileRW": { "operation": "read", "data": "4d656d546f74616c3a202020202020202020373438393634206b420a4d656d467265653a20202020202020202020343532303834206b420a427566666572733a20202020202020202020202035353536206b420a4361636865643a202020202020202020", "id": "1490589964" } }
W/dalvikvm(  503): DroidBox: { "FdAccess": { "path": "2f70726f632f6d656d696e666f", "id": "1962336876" } }
W/DroidBox(  503): DroidBox: { "FileRW": { "operation": "read", "data": "4d656d546f74616c3a202020202020202020373438393634206b420a4d656d467265653a20202020202020202020343530353936206b420a427566666572733a20202020202020202020202035353536206b420a4361636865643a202020202020202020", "id": "1962336876" } }
D/InputEventConsistencyVerifier(  503): KeyEvent: ACTION_UP but key was not down.
D/InputEventConsistencyVerifier(  503):   in android.widget.FrameLayout@b3e5fe98
D/InputEventConsistencyVerifier(  503):   0: sent at 274023000000, KeyEvent { action=ACTION_UP, keyCode=KEYCODE_DPAD_DOWN, scanCode=0, metaState=0, flags=0x400, repeatCount=0, eventTime=274023, downTime=274023, deviceId=-1, source=0x101 }
D/InputEventConsistencyVerifier(  503):   -- recent events --
D/InputEventConsistencyVerifier(  503):   1: sent at 256904000000, (unhandled) KeyEvent { action=ACTION_MULTIPLE, keyCode=KEYCODE_DPAD_DOWN, scanCode=0, metaState=0, flags=0x400, repeatCount=3, eventTime=256904, downTime=256904, deviceId=-1, source=0x101 }
D/InputEventConsistencyVerifier(  503):   2: sent at 256706000000, (unhandled) MotionEvent { action=ACTION_MOVE, id[0]=0, x[0]=1.0, y[0]=1.0, toolType[0]=TOOL_TYPE_UNKNOWN, buttonState=0, metaState=0, flags=0x0, edgeFlags=0x0, pointerCount=1, historySize=5, eventTime=256706, downTime=-1, deviceId=0, source=0x10004 }
D/InputEventConsistencyVerifier(  503):   3: sent at 256730000000, (unhandled) KeyEvent { action=ACTION_UP, keyCode=KEYCODE_DPAD_DOWN, scanCode=0, metaState=0, flags=0x400, repeatCount=0, eventTime=256730, downTime=256730, deviceId=-1, source=0x101 }
D/InputEventConsistencyVerifier(  503):   4: sent at 256730000000, (unhandled) KeyEvent { action=ACTION_DOWN, keyCode=KEYCODE_DPAD_DOWN, scanCode=0, metaState=0, flags=0x400, repeatCount=0, eventTime=256730, downTime=256730, deviceId=-1, source=0x101 }
D/InputEventConsistencyVerifier(  503):   5: sent at 256730000000, (unhandled) KeyEvent { action=ACTION_UP, keyCode=KEYCODE_DPAD_DOWN, scanCode=0, metaState=0, flags=0x400, repeatCount=0, eventTime=256730, downTime=256730, deviceId=-1, source=0x101 }
W/dalvikvm(  503): DroidBox: { "FdAccess": { "path": "2f70726f632f6d656d696e666f", "id": "796700972" } }
W/DroidBox(  503): DroidBox: { "FileRW": { "operation": "read", "data": "4d656d546f74616c3a202020202020202020373438393634206b420a4d656d467265653a20202020202020202020343530353936206b420a427566666572733a20202020202020202020202035353536206b420a4361636865643a202020202020202020", "id": "796700972" } }
W/dalvikvm(  503): DroidBox: { "FdAccess": { "path": "2f70726f632f6d656d696e666f", "id": "301536808" } }
W/DroidBox(  503): DroidBox: { "FileRW": { "operation": "read", "data": "4d656d546f74616c3a202020202020202020373438393634206b420a4d656d467265653a20202020202020202020343530353936206b420a427566666572733a20202020202020202020202035353536206b420a4361636865643a202020202020202020", "id": "301536808" } }
I/Choreographer(  503): Skipped 47 frames!  The application may be doing too much work on its main thread.
E/WVMExtractor(   63): Failed to open libwvm.so
D/InputEventConsistencyVerifier(  503): KeyEvent: ACTION_UP but key was not down.
D/InputEventConsistencyVerifier(  503):   in com.android.systemui.statusbar.phone.StatusBarWindowView@b3e40348
D/InputEventConsistencyVerifier(  503):   0: sent at 274361000000, KeyEvent { action=ACTION_UP, keyCode=KEYCODE_DPAD_RIGHT, scanCode=0, metaState=0, flags=0x400, repeatCount=0, eventTime=274361, downTime=274361, deviceId=-1, source=0x101 }
D/InputEventConsistencyVerifier(  503):   -- recent events --
D/InputEventConsistencyVerifier(  503):   1: sent at 274286000000, (unhandled) MotionEvent { action=ACTION_MOVE, id[0]=0, x[0]=4.0, y[0]=2.0, toolType[0]=TOOL_TYPE_UNKNOWN, buttonState=0, metaState=0, flags=0x0, edgeFlags=0x0, pointerCount=1, historySize=9, eventTime=274286, downTime=-1, deviceId=0, source=0x10004 }
D/InputEventConsistencyVerifier(  503):   2: sent at 274192000000, MotionEvent { action=ACTION_UP, id[0]=0, x[0]=416.0, y[0]=572.0, toolType[0]=TOOL_TYPE_UNKNOWN, buttonState=0, metaState=0, flags=0x0, edgeFlags=0x0, pointerCount=1, historySize=0, eventTime=274192, downTime=274174, deviceId=0, source=0x1002 }
D/InputEventConsistencyVerifier(  503):   3: sent at 274175000000, MotionEvent { action=ACTION_DOWN, id[0]=0, x[0]=416.0, y[0]=572.0, toolType[0]=TOOL_TYPE_UNKNOWN, buttonState=0, metaState=0, flags=0x0, edgeFlags=0x0, pointerCount=1, historySize=0, eventTime=274175, downTime=274174, deviceId=0, source=0x1002 }
D/InputEventConsistencyVerifier(  503):   4: sent at 274143000000, (unhandled) KeyEvent { action=ACTION_UP, keyCode=KEYCODE_DPAD_CENTER, scanCode=0, metaState=0, flags=0x8, repeatCount=0, eventTime=274143, downTime=274143, deviceId=-1, source=0x101 }
D/InputEventConsistencyVerifier(  503):   5: sent at 274069000000, (unhandled) KeyEvent { action=ACTION_DOWN, keyCode=KEYCODE_DPAD_CENTER, scanCode=0, metaState=0, flags=0x8, repeatCount=0, eventTime=274069, downTime=274069, deviceId=-1, source=0x101 }
D/InputEventConsistencyVerifier(  503): KeyEvent: ACTION_UP but key was not down.
D/InputEventConsistencyVerifier(  503):   in android.widget.FrameLayout@b3e5fe98
D/InputEventConsistencyVerifier(  503):   0: sent at 274404000000, KeyEvent { action=ACTION_UP, keyCode=KEYCODE_DPAD_DOWN, scanCode=0, metaState=0, flags=0x8, repeatCount=0, eventTime=274404, downTime=274404, deviceId=-1, source=0x101 }
D/InputEventConsistencyVerifier(  503):   -- recent events --
D/InputEventConsistencyVerifier(  503):   1: sent at 274192000000, MotionEvent { action=ACTION_UP, id[0]=0, x[0]=416.0, y[0]=572.0, toolType[0]=TOOL_TYPE_UNKNOWN, buttonState=0, metaState=0, flags=0x0, edgeFlags=0x0, pointerCount=1, historySize=0, eventTime=274192, downTime=274174, deviceId=0, source=0x1002 }
D/InputEventConsistencyVerifier(  503):   2: sent at 274175000000, MotionEvent { action=ACTION_DOWN, id[0]=0, x[0]=416.0, y[0]=572.0, toolType[0]=TOOL_TYPE_UNKNOWN, buttonState=0, metaState=0, flags=0x0, edgeFlags=0x0, pointerCount=1, historySize=0, eventTime=274175, downTime=274174, deviceId=0, source=0x1002 }
D/InputEventConsistencyVerifier(  503):   3: sent at 274143000000, (unhandled) KeyEvent { action=ACTION_UP, keyCode=KEYCODE_DPAD_CENTER, scanCode=0, metaState=0, flags=0x8, repeatCount=0, eventTime=274143, downTime=274143, deviceId=-1, source=0x101 }
D/InputEventConsistencyVerifier(  503):   4: sent at 274069000000, (unhandled) KeyEvent { action=ACTION_DOWN, keyCode=KEYCODE_DPAD_CENTER, scanCode=0, metaState=0, flags=0x8, repeatCount=0, eventTime=274069, downTime=274069, deviceId=-1, source=0x101 }
D/InputEventConsistencyVerifier(  503):   5: sent at 274115000000, (unhandled) KeyEvent { action=ACTION_UP, keyCode=KEYCODE_DPAD_LEFT, scanCode=0, metaState=0, flags=0x400, repeatCount=0, eventTime=274115, downTime=274115, deviceId=-1, source=0x101 }
D/InputEventConsistencyVerifier(  503): KeyEvent: ACTION_UP but key was not down.
D/InputEventConsistencyVerifier(  503):   in com.android.systemui.statusbar.phone.StatusBarWindowView@b3e40348
D/InputEventConsistencyVerifier(  503):   0: sent at 274655000000, KeyEvent { action=ACTION_UP, keyCode=KEYCODE_DPAD_RIGHT, scanCode=0, metaState=0, flags=0x400, repeatCount=0, eventTime=274655, downTime=274655, deviceId=-1, source=0x101 }
D/InputEventConsistencyVerifier(  503):   -- recent events --
D/InputEventConsistencyVerifier(  503):   1: sent at 274634000000, (unhandled) MotionEvent { action=ACTION_MOVE, id[0]=0, x[0]=3.0, y[0]=0.0, toolType[0]=TOOL_TYPE_UNKNOWN, buttonState=0, metaState=0, flags=0x0, edgeFlags=0x0, pointerCount=1, historySize=9, eventTime=274634, downTime=-1, deviceId=0, source=0x10004 }
D/InputEventConsistencyVerifier(  503):   2: sent at 274562000000, MotionEvent { action=ACTION_UP, id[0]=0, x[0]=78.0, y[0]=4.0, toolType[0]=TOOL_TYPE_UNKNOWN, buttonState=0, metaState=0, flags=0x0, edgeFlags=0x0, pointerCount=1, historySize=0, eventTime=274562, downTime=274554, deviceId=0, source=0x1002 }
D/InputEventConsistencyVerifier(  503):   3: sent at 274555000000, MotionEvent { action=ACTION_DOWN, id[0]=0, x[0]=78.0, y[0]=8.0, toolType[0]=TOOL_TYPE_UNKNOWN, buttonState=0, metaState=0, flags=0x0, edgeFlags=0x0, pointerCount=1, historySize=0, eventTime=274555, downTime=274554, deviceId=0, source=0x1002 }
D/InputEventConsistencyVerifier(  503):   4: sent at 274467000000, (unhandled) KeyEvent { action=ACTION_UP, keyCode=KEYCODE_DPAD_DOWN, scanCode=0, metaState=0, flags=0x8, repeatCount=0, eventTime=274467, downTime=274467, deviceId=-1, source=0x101 }
D/InputEventConsistencyVerifier(  503):   5: sent at 274415000000, (unhandled) KeyEvent { action=ACTION_DOWN, keyCode=KEYCODE_DPAD_DOWN, scanCode=0, metaState=0, flags=0x8, repeatCount=0, eventTime=274415, downTime=274415, deviceId=-1, source=0x101 }
D/InputEventConsistencyVerifier(  503): TrackballEvent: Trackball is down but pressure is not greater than 0.
D/InputEventConsistencyVerifier(  503):   in android.view.ViewRootImpl@b3ed2ac0
D/InputEventConsistencyVerifier(  503):   0: sent at 274638000000, MotionEvent { action=ACTION_DOWN, id[0]=0, x[0]=0.0, y[0]=0.0, toolType[0]=TOOL_TYPE_UNKNOWN, buttonState=0, metaState=0, flags=0x0, edgeFlags=0x0, pointerCount=1, historySize=0, eventTime=274638, downTime=274591, deviceId=0, source=0x10004 }
D/InputEventConsistencyVerifier(  503):   -- recent events --
D/InputEventConsistencyVerifier(  503):   1: sent at 274656000000, KeyEvent { action=ACTION_UP, keyCode=KEYCODE_DPAD_RIGHT, scanCode=0, metaState=0, flags=0x400, repeatCount=0, eventTime=274656, downTime=274656, deviceId=-1, source=0x101 }
D/InputEventConsistencyVerifier(  503):   2: sent at 274656000000, KeyEvent { action=ACTION_DOWN, keyCode=KEYCODE_DPAD_RIGHT, scanCode=0, metaState=0, flags=0x400, repeatCount=0, eventTime=274656, downTime=274656, deviceId=-1, source=0x101 }
D/InputEventConsistencyVerifier(  503):   3: sent at 274655000000, KeyEvent { action=ACTION_UP, keyCode=KEYCODE_DPAD_RIGHT, scanCode=0, metaState=0, flags=0x400, repeatCount=0, eventTime=274655, downTime=274655, deviceId=-1, source=0x101 }
D/InputEventConsistencyVerifier(  503):   4: sent at 274655000000, KeyEvent { action=ACTION_DOWN, keyCode=KEYCODE_DPAD_RIGHT, scanCode=0, metaState=0, flags=0x400, repeatCount=0, eventTime=274655, downTime=274655, deviceId=-1, source=0x101 }
D/InputEventConsistencyVerifier(  503):   5: sent at 274655000000, KeyEvent { action=ACTION_UP, keyCode=KEYCODE_DPAD_RIGHT, scanCode=0, metaState=0, flags=0x400, repeatCount=0, eventTime=274655, downTime=274655, deviceId=-1, source=0x101 }
D/InputEventConsistencyVerifier(  503): KeyEvent: ACTION_UP but key was not down.
D/InputEventConsistencyVerifier(  503):   in android.widget.FrameLayout@b3e5fe98
D/InputEventConsistencyVerifier(  503):   0: sent at 274820000000, KeyEvent { action=ACTION_UP, keyCode=KEYCODE_DPAD_DOWN, scanCode=0, metaState=0, flags=0x400, repeatCount=0, eventTime=274820, downTime=274820, deviceId=-1, source=0x101 }
D/InputEventConsistencyVerifier(  503):   -- recent events --
D/InputEventConsistencyVerifier(  503):   1: sent at 274562000000, MotionEvent { action=ACTION_UP, id[0]=0, x[0]=78.0, y[0]=4.0, toolType[0]=TOOL_TYPE_UNKNOWN, buttonState=0, metaState=0, flags=0x0, edgeFlags=0x0, pointerCount=1, historySize=0, eventTime=274562, downTime=274554, deviceId=0, source=0x1002 }
D/InputEventConsistencyVerifier(  503):   2: sent at 274555000000, MotionEvent { action=ACTION_DOWN, id[0]=0, x[0]=78.0, y[0]=8.0, toolType[0]=TOOL_TYPE_UNKNOWN, buttonState=0, metaState=0, flags=0x0, edgeFlags=0x0, pointerCount=1, historySize=0, eventTime=274555, downTime=274554, deviceId=0, source=0x1002 }
D/InputEventConsistencyVerifier(  503):   3: sent at 274467000000, (unhandled) KeyEvent { action=ACTION_UP, keyCode=KEYCODE_DPAD_DOWN, scanCode=0, metaState=0, flags=0x8, repeatCount=0, eventTime=274467, downTime=274467, deviceId=-1, source=0x101 }
D/InputEventConsistencyVerifier(  503):   4: sent at 274415000000, (unhandled) KeyEvent { action=ACTION_DOWN, keyCode=KEYCODE_DPAD_DOWN, scanCode=0, metaState=0, flags=0x8, repeatCount=0, eventTime=274415, downTime=274415, deviceId=-1, source=0x101 }
D/InputEventConsistencyVerifier(  503):   5: sent at 274404000000, (unhandled) KeyEvent { action=ACTION_UP, keyCode=KEYCODE_DPAD_DOWN, scanCode=0, metaState=0, flags=0x80000008, repeatCount=0, eventTime=274404, downTime=274404, deviceId=-1, source=0x101 }
I/Choreographer(  503): Skipped 35 frames!  The application may be doing too much work on its main thread.
D/InputEventConsistencyVerifier(  503): KeyEvent: ACTION_UP but key was not down.
D/InputEventConsistencyVerifier(  503):   in com.android.systemui.statusbar.phone.PhoneStatusBarView@b3e422e0
D/InputEventConsistencyVerifier(  503):   0: sent at 275003000000, KeyEvent { action=ACTION_UP, keyCode=KEYCODE_DPAD_UP, scanCode=0, metaState=0, flags=0x400, repeatCount=0, eventTime=275003, downTime=275003, deviceId=-1, source=0x101 }
D/InputEventConsistencyVerifier(  503):   -- recent events --
D/InputEventConsistencyVerifier(  503):   1: sent at 274820000000, (unhandled) KeyEvent { action=ACTION_DOWN, keyCode=KEYCODE_DPAD_DOWN, scanCode=0, metaState=0, flags=0x400, repeatCount=0, eventTime=274820, downTime=274820, deviceId=-1, source=0x101 }
D/InputEventConsistencyVerifier(  503):   2: sent at 274820000000, (unhandled) KeyEvent { action=ACTION_MULTIPLE, keyCode=KEYCODE_DPAD_DOWN, scanCode=0, metaState=0, flags=0x400, repeatCount=2, eventTime=274820, downTime=274820, deviceId=-1, source=0x101 }
D/InputEventConsistencyVerifier(  503):   3: sent at 274785000000, (unhandled) MotionEvent { action=ACTION_MOVE, id[0]=0, x[0]=-2.0, y[0]=4.0, toolType[0]=TOOL_TYPE_UNKNOWN, buttonState=0, metaState=0, flags=0x0, edgeFlags=0x0, pointerCount=1, historySize=9, eventTime=274785, downTime=-1, deviceId=0, source=0x10004 }
D/InputEventConsistencyVerifier(  503):   4: sent at 274717000000, (unhandled) KeyEvent { action=ACTION_UP, keyCode=KEYCODE_DPAD_CENTER, scanCode=0, metaState=0, flags=0x8, repeatCount=0, eventTime=274717, downTime=274717, deviceId=-1, source=0x101 }
D/InputEventConsistencyVerifier(  503):   5: sent at 274665000000, (unhandled) KeyEvent { action=ACTION_DOWN, keyCode=KEYCODE_DPAD_CENTER, scanCode=0, metaState=0, flags=0x8, repeatCount=0, eventTime=274665, downTime=274665, deviceId=-1, source=0x101 }
