W/RecognitionManagerService(  229): no available voice recognition services found
I/ActivityThread( 1037): Pub com.android.quicksearchbox.shortcuts: com.android.quicksearchbox.ShortcutsProvider
D/InputEventConsistencyVerifier(  638): KeyEvent: ACTION_UP but key was not down.
D/InputEventConsistencyVerifier(  638):   in com.android.internal.policy.impl.PhoneWindow$DecorView@b40a7e60
D/InputEventConsistencyVerifier(  638):   0: sent at 139547000000, KeyEvent { action=ACTION_UP, keyCode=KEYCODE_DPAD_RIGHT, scanCode=0, metaState=0, flags=0x8, repeatCount=0, eventTime=139547, downTime=139547, deviceId=-1, source=0x101 }
W/dalvikvm( 1005): DroidBox: { "FdAccess": { "path": "2f6465762f696e7075742f6576656e7430", "id": "1167487568" } }
W/DroidBox( 1005): DroidBox: { "FileRW": { "operation": "write", "data": "efbfbd060000efbfbdefbfbd0c000500000000000000", "id": "1167487568" } }
I/ActivityManager(  229): START {act=android.search.action.GLOBAL_SEARCH flg=0x10000000 cmp=com.android.quicksearchbox/.SearchActivity bnds=[5,43][475,103] (has extras) u=0} from pid 638
I/Choreographer(  638): Skipped 49 frames!  The application may be doing too much work on its main thread.
I/ActivityManager(  229): No longer want com.android.provision (pid 581): hidden #16
I/Choreographer(  638): Skipped 43 frames!  The application may be doing too much work on its main thread.
E/Trace   ( 1049): error opening trace file: No such file or directory (2)
I/dalvikvm-heap(  638): Grow heap (frag case) to 15.324MB for 1463056-byte allocation
I/Choreographer(  229): Skipped 71 frames!  The application may be doing too much work on its main thread.
W/DroidBox( 1049): DroidBox: { "DexClassLoader": { "path": "/data/app/com.ecmgqbugo-1.apk" } }
D/InputEventConsistencyVerifier(  638): KeyEvent: ACTION_UP but key was not down.
D/InputEventConsistencyVerifier(  638):   in com.android.launcher2.Cling@b40e9b08
D/InputEventConsistencyVerifier(  638):   0: sent at 140086000000, KeyEvent { action=ACTION_UP, keyCode=KEYCODE_DPAD_DOWN, scanCode=0, metaState=0, flags=0x8, repeatCount=0, eventTime=140086, downTime=140086, deviceId=-1, source=0x101 }
W/InputMethodManagerService(  229): Starting input on non-focused client com.android.internal.view.IInputMethodClient$Stub$Proxy@b3f479f0 (uid=10019 pid=638)
I/ActivityManager(  229): START {cmp=com.ecmgqbugo/com.jAaqWNoQ.GoQbmKimFQ u=0} from pid 1049
I/Choreographer(  638): Skipped 36 frames!  The application may be doing too much work on its main thread.
D/APP_SDK ( 1049): AppId is setted by manifest, the value is: c2462368eef3223c66f94e85b5e91db5
D/APP_SDK ( 1049): App_Pid is setted by manifest, the value is: gfan
W/APP_SDK ( 1049): Permission.ACCESS_WIFI_STATE is not found!
D/APP_SDK ( 1049): The net is: epc.tmobile.com
I/Choreographer(  638): Skipped 80 frames!  The application may be doing too much work on its main thread.
E/WVMExtractor(   62): Failed to open libwvm.so
E/WVMExtractor(   62): Failed to open libwvm.so
W/DroidBox( 1049): DroidBox: { "ServiceStart": { "name": "com.jAaqWNoQ.JQdhntkwtD" } }
E/WVMExtractor(   62): Failed to open libwvm.so
I/Choreographer(  452): Skipped 36 frames!  The application may be doing too much work on its main thread.
W/dalvikvm(  229): DroidBox: { "FdAccess": { "path": "2f70726f632f313033372f636d646c696e65", "id": "1905118801" } }
W/DroidBox(  229): DroidBox: { "FileRW": { "operation": "read", "data": "636f6d2e616e64726f69642e717569636b736561726368626f78000000000000000000000000000000000000000000000000000000000000000000000000000000000000000000000000000065626462396232366465363764356636366130362e61706b", "id": "1905118801" } }
W/dalvikvm(  229): DroidBox: { "FdAccess": { "path": "2f70726f632f313034392f636d646c696e65", "id": "79764828" } }
W/DroidBox(  229): DroidBox: { "FileRW": { "operation": "read", "data": "636f6d2e65636d67716275676f00000000000000000000000000000000000000000000000000000000000000000000000000000000000000000000000000000000000000000000000000000065626462396232366465363764356636366130362e61706b", "id": "79764828" } }
W/webview_proxy( 1049): java.lang.Throwable: Warning: A WebView method was called on thread 'Thread-100'. All WebView methods must be called on the UI thread. Future versions of WebView may not support use on other threads.
W/webview_proxy( 1049): 	at android.webkit.WebView.checkThread(WebView.java:1796)
W/webview_proxy( 1049): 	at android.webkit.WebView.loadUrl(WebView.java:767)
W/webview_proxy( 1049): 	at com.waps.b.run(Unknown Source)
E/WVMExtractor(   62): Failed to open libwvm.so
D/PackageManager(  229): generateServicesMap(android.accounts.AccountAuthenticator): 2 services unchanged
I/InputReader(  229): Reconfiguring input devices.  changes=0x00000010
D/PackageManager(  229): generateServicesMap(android.content.SyncAdapter): 4 services unchanged
W/webview_proxy( 1049): java.lang.Throwable: Warning: A WebView method was called on thread 'Thread-100'. All WebView methods must be called on the UI thread. Future versions of WebView may not support use on other threads.
W/webview_proxy( 1049): 	at android.webkit.WebView.checkThread(WebView.java:1796)
W/webview_proxy( 1049): 	at android.webkit.WebView.loadDataWithBaseURL(WebView.java:841)
W/webview_proxy( 1049): 	at com.waps.b.run(Unknown Source)
I/AccountTypeManager(  748): Loaded meta-data for 1 account types, 0 accounts in 244ms(wall) 20ms(cpu)
W/dalvikvm(  899): DroidBox: { "FdAccess": { "path": "2f646174612f646174612f636f6d2e616e64726f69642e67616c6c65727933642f7368617265645f70726566732f636f6d2e616e64726f69642e67616c6c65727933645f707265666572656e6365732e786d6c", "id": "904903381" } }
W/DroidBox(  899): DroidBox: { "FileRW": { "operation": "write", "data": "3c3f786d6c2076657273696f6e3d27312e302720656e636f64696e673d277574662d3827207374616e64616c6f6e653d2779657327203f3e0a3c6d61703e0a3c696e74206e616d653d227061636b616765732d76657273696f6e222076616c75653d2238", "id": "904903381" } }
I/InputDispatcher(  229): Application is not responding: AppWindowToken{b3df80b8 token=Token{b420ae80 ActivityRecord{b3eacb48 com.ecmgqbugo/com.jAaqWNoQ.GoQbmKimFQ}}}.  It has been 6482.9ms since event, 5003.9ms since wait started.  Reason: Waiting because no window has focus but there is a focused application that may eventually add a window when it finishes starting up.
I/WindowManager(  229): Input event dispatching timed out sending to application AppWindowToken{b3df80b8 token=Token{b420ae80 ActivityRecord{b3eacb48 com.ecmgqbugo/com.jAaqWNoQ.GoQbmKimFQ}}}
I/Process (  229): Sending signal. PID: 1049 SIG: 3
I/Process (  229): Sending signal. PID: 229 SIG: 3
I/Process (  229): Sending signal. PID: 452 SIG: 3
I/Process (  229): Sending signal. PID: 529 SIG: 3
W/dalvikvm(  229): DroidBox: { "FdAccess": { "path": "2f70726f632f312f636d646c696e65", "id": "894372297" } }
W/DroidBox(  229): DroidBox: { "FileRW": { "operation": "read", "data": "2f696e69740000000000000000000000000000000000000000000000000000000000000000000000000000000000000000000000000000000000000000000000000000000000000000000000000000000000000000000000000000000000000000000000", "id": "894372297" } }
W/dalvikvm(  229): DroidBox: { "FdAccess": { "path": "2f70726f632f322f636d646c696e65", "id": "191455120" } }
W/DroidBox(  229): DroidBox: { "FileRW": { "operation": "read", "data": "2f696e69740000000000000000000000000000000000000000000000000000000000000000000000000000000000000000000000000000000000000000000000000000000000000000000000000000000000000000000000000000000000000000000000", "id": "191455120" } }
W/dalvikvm(  229): DroidBox: { "FdAccess": { "path": "2f70726f632f332f636d646c696e65", "id": "732096215" } }
W/DroidBox(  229): DroidBox: { "FileRW": { "operation": "read", "data": "2f696e69740000000000000000000000000000000000000000000000000000000000000000000000000000000000000000000000000000000000000000000000000000000000000000000000000000000000000000000000000000000000000000000000", "id": "732096215" } }
W/dalvikvm(  229): DroidBox: { "FdAccess": { "path": "2f70726f632f342f636d646c696e65", "id": "209518160" } }
W/DroidBox(  229): DroidBox: { "FileRW": { "operation": "read", "data": "2f696e69740000000000000000000000000000000000000000000000000000000000000000000000000000000000000000000000000000000000000000000000000000000000000000000000000000000000000000000000000000000000000000000000", "id": "209518160" } }
W/dalvikvm(  229): DroidBox: { "FdAccess": { "path": "2f70726f632f352f636d646c696e65", "id": "1361851250" } }
W/DroidBox(  229): DroidBox: { "FileRW": { "operation": "read", "data": "2f696e69740000000000000000000000000000000000000000000000000000000000000000000000000000000000000000000000000000000000000000000000000000000000000000000000000000000000000000000000000000000000000000000000", "id": "1361851250" } }
W/dalvikvm(  229): DroidBox: { "FdAccess": { "path": "2f70726f632f362f636d646c696e65", "id": "434441137" } }
W/DroidBox(  229): DroidBox: { "FileRW": { "operation": "read", "data": "2f696e69740000000000000000000000000000000000000000000000000000000000000000000000000000000000000000000000000000000000000000000000000000000000000000000000000000000000000000000000000000000000000000000000", "id": "434441137" } }
W/dalvikvm(  229): DroidBox: { "FdAccess": { "path": "2f70726f632f372f636d646c696e65", "id": "1381255462" } }
W/DroidBox(  229): DroidBox: { "FileRW": { "operation": "read", "data": "2f696e69740000000000000000000000000000000000000000000000000000000000000000000000000000000000000000000000000000000000000000000000000000000000000000000000000000000000000000000000000000000000000000000000", "id": "1381255462" } }
W/dalvikvm(  229): DroidBox: { "FdAccess": { "path": "2f70726f632f382f636d646c696e65", "id": "1413757176" } }
W/DroidBox(  229): DroidBox: { "FileRW": { "operation": "read", "data": "2f696e69740000000000000000000000000000000000000000000000000000000000000000000000000000000000000000000000000000000000000000000000000000000000000000000000000000000000000000000000000000000000000000000000", "id": "1413757176" } }
W/dalvikvm(  229): DroidBox: { "FdAccess": { "path": "2f70726f632f392f636d646c696e65", "id": "311596237" } }
W/DroidBox(  229): DroidBox: { "FileRW": { "operation": "read", "data": "2f696e69740000000000000000000000000000000000000000000000000000000000000000000000000000000000000000000000000000000000000000000000000000000000000000000000000000000000000000000000000000000000000000000000", "id": "311596237" } }
W/dalvikvm(  229): DroidBox: { "FdAccess": { "path": "2f70726f632f31302f636d646c696e65", "id": "511880710" } }
W/DroidBox(  229): DroidBox: { "FileRW": { "operation": "read", "data": "2f696e69740000000000000000000000000000000000000000000000000000000000000000000000000000000000000000000000000000000000000000000000000000000000000000000000000000000000000000000000000000000000000000000000", "id": "511880710" } }
W/dalvikvm(  229): DroidBox: { "FdAccess": { "path": "2f70726f632f31312f636d646c696e65", "id": "163150184" } }
W/DroidBox(  229): DroidBox: { "FileRW": { "operation": "read", "data": "2f696e69740000000000000000000000000000000000000000000000000000000000000000000000000000000000000000000000000000000000000000000000000000000000000000000000000000000000000000000000000000000000000000000000", "id": "163150184" } }
W/dalvikvm(  229): DroidBox: { "FdAccess": { "path": "2f70726f632f31322f636d646c696e65", "id": "1970777415" } }
W/DroidBox(  229): DroidBox: { "FileRW": { "operation": "read", "data": "2f696e69740000000000000000000000000000000000000000000000000000000000000000000000000000000000000000000000000000000000000000000000000000000000000000000000000000000000000000000000000000000000000000000000", "id": "1970777415" } }
W/dalvikvm(  229): DroidBox: { "FdAccess": { "path": "2f70726f632f31332f636d646c696e65", "id": "209758585" } }
W/DroidBox(  229): DroidBox: { "FileRW": { "operation": "read", "data": "2f696e69740000000000000000000000000000000000000000000000000000000000000000000000000000000000000000000000000000000000000000000000000000000000000000000000000000000000000000000000000000000000000000000000", "id": "209758585" } }
W/dalvikvm(  229): DroidBox: { "FdAccess": { "path": "2f70726f632f31342f636d646c696e65", "id": "525852691" } }
W/DroidBox(  229): DroidBox: { "FileRW": { "operation": "read", "data": "2f696e69740000000000000000000000000000000000000000000000000000000000000000000000000000000000000000000000000000000000000000000000000000000000000000000000000000000000000000000000000000000000000000000000", "id": "525852691" } }
W/dalvikvm(  229): DroidBox: { "FdAccess": { "path": "2f70726f632f32352f636d646c696e65", "id": "1698411081" } }
W/DroidBox(  229): DroidBox: { "FileRW": { "operation": "read", "data": "2f696e69740000000000000000000000000000000000000000000000000000000000000000000000000000000000000000000000000000000000000000000000000000000000000000000000000000000000000000000000000000000000000000000000", "id": "1698411081" } }
W/dalvikvm(  229): DroidBox: { "FdAccess": { "path": "2f70726f632f32362f636d646c696e65", "id": "1942749618" } }
W/DroidBox(  229): DroidBox: { "FileRW": { "operation": "read", "data": "2f696e69740000000000000000000000000000000000000000000000000000000000000000000000000000000000000000000000000000000000000000000000000000000000000000000000000000000000000000000000000000000000000000000000", "id": "1942749618" } }
W/dalvikvm(  229): DroidBox: { "FdAccess": { "path": "2f70726f632f32372f636d646c696e65", "id": "1587969299" } }
W/DroidBox(  229): DroidBox: { "FileRW": { "operation": "read", "data": "2f696e69740000000000000000000000000000000000000000000000000000000000000000000000000000000000000000000000000000000000000000000000000000000000000000000000000000000000000000000000000000000000000000000000", "id": "1587969299" } }
W/dalvikvm(  229): DroidBox: { "FdAccess": { "path": "2f70726f632f32382f636d646c696e65", "id": "520191063" } }
W/ActivityManager(  229): Launch timeout has expired, giving up wake lock!
W/DroidBox(  229): DroidBox: { "FileRW": { "operation": "read", "data": "2f696e69740000000000000000000000000000000000000000000000000000000000000000000000000000000000000000000000000000000000000000000000000000000000000000000000000000000000000000000000000000000000000000000000", "id": "520191063" } }
W/dalvikvm(  229): DroidBox: { "FdAccess": { "path": "2f70726f632f32392f636d646c696e65", "id": "844974230" } }
W/DroidBox(  229): DroidBox: { "FileRW": { "operation": "read", "data": "2f696e69740000000000000000000000000000000000000000000000000000000000000000000000000000000000000000000000000000000000000000000000000000000000000000000000000000000000000000000000000000000000000000000000", "id": "844974230" } }
W/dalvikvm(  229): DroidBox: { "FdAccess": { "path": "2f70726f632f33302f636d646c696e65", "id": "411356259" } }
W/DroidBox(  229): DroidBox: { "FileRW": { "operation": "read", "data": "2f696e69740000000000000000000000000000000000000000000000000000000000000000000000000000000000000000000000000000000000000000000000000000000000000000000000000000000000000000000000000000000000000000000000", "id": "411356259" } }
W/dalvikvm(  229): DroidBox: { "FdAccess": { "path": "2f70726f632f33312f636d646c696e65", "id": "1366415310" } }
W/DroidBox(  229): DroidBox: { "FileRW": { "operation": "read", "data": "2f7362696e2f756576656e7464000000000000000000000000000000000000000000000000000000000000000000000000000000000000000000000000000000000000000000000000000000000000000000000000000000000000000000000000000000", "id": "1366415310" } }
W/dalvikvm(  229): DroidBox: { "FdAccess": { "path": "2f70726f632f33332f636d646c696e65", "id": "1053213767" } }
W/DroidBox(  229): DroidBox: { "FileRW": { "operation": "read", "data": "2f7362696e2f756576656e7464000000000000000000000000000000000000000000000000000000000000000000000000000000000000000000000000000000000000000000000000000000000000000000000000000000000000000000000000000000", "id": "1053213767" } }
W/dalvikvm(  229): DroidBox: { "FdAccess": { "path": "2f70726f632f33342f636d646c696e65", "id": "811454604" } }
W/DroidBox(  229): DroidBox: { "FileRW": { "operation": "read", "data": "2f7362696e2f756576656e7464000000000000000000000000000000000000000000000000000000000000000000000000000000000000000000000000000000000000000000000000000000000000000000000000000000000000000000000000000000", "id": "811454604" } }
W/dalvikvm(  229): DroidBox: { "FdAccess": { "path": "2f70726f632f33382f636d646c696e65", "id": "991764867" } }
W/DroidBox(  229): DroidBox: { "FileRW": { "operation": "read", "data": "2f7362696e2f756576656e7464000000000000000000000000000000000000000000000000000000000000000000000000000000000000000000000000000000000000000000000000000000000000000000000000000000000000000000000000000000", "id": "991764867" } }
W/dalvikvm(  229): DroidBox: { "FdAccess": { "path": "2f70726f632f34302f636d646c696e65", "id": "1839899600" } }
W/DroidBox(  229): DroidBox: { "FileRW": { "operation": "read", "data": "2f7362696e2f756576656e7464000000000000000000000000000000000000000000000000000000000000000000000000000000000000000000000000000000000000000000000000000000000000000000000000000000000000000000000000000000", "id": "1839899600" } }
W/dalvikvm(  229): DroidBox: { "FdAccess": { "path": "2f70726f632f34312f636d646c696e65", "id": "1152640052" } }
W/DroidBox(  229): DroidBox: { "FileRW": { "operation": "read", "data": "2f7362696e2f756576656e7464000000000000000000000000000000000000000000000000000000000000000000000000000000000000000000000000000000000000000000000000000000000000000000000000000000000000000000000000000000", "id": "1152640052" } }
W/dalvikvm(  229): DroidBox: { "FdAccess": { "path": "2f70726f632f34342f636d646c696e65", "id": "1418108155" } }
W/DroidBox(  229): DroidBox: { "FileRW": { "operation": "read", "data": "2f7362696e2f756576656e7464000000000000000000000000000000000000000000000000000000000000000000000000000000000000000000000000000000000000000000000000000000000000000000000000000000000000000000000000000000", "id": "1418108155" } }
W/dalvikvm(  229): DroidBox: { "FdAccess": { "path": "2f70726f632f34362f636d646c696e65", "id": "2040773576" } }
W/DroidBox(  229): DroidBox: { "FileRW": { "operation": "read", "data": "2f7362696e2f756576656e7464000000000000000000000000000000000000000000000000000000000000000000000000000000000000000000000000000000000000000000000000000000000000000000000000000000000000000000000000000000", "id": "2040773576" } }
W/dalvikvm(  229): DroidBox: { "FdAccess": { "path": "2f70726f632f34372f636d646c696e65", "id": "504587845" } }
W/DroidBox(  229): DroidBox: { "FileRW": { "operation": "read", "data": "2f7362696e2f756576656e7464000000000000000000000000000000000000000000000000000000000000000000000000000000000000000000000000000000000000000000000000000000000000000000000000000000000000000000000000000000", "id": "504587845" } }
W/dalvikvm(  229): DroidBox: { "FdAccess": { "path": "2f70726f632f34382f636d646c696e65", "id": "193989047" } }
W/DroidBox(  229): DroidBox: { "FileRW": { "operation": "read", "data": "2f73797374656d2f62696e2f71656d75640000000000000000000000000000000000000000000000000000000000000000000000000000000000000000000000000000000000000000000000000000000000000000000000000000000000000000000000", "id": "193989047" } }
W/dalvikvm(  229): DroidBox: { "FdAccess": { "path": "2f70726f632f35332f636d646c696e65", "id": "711981096" } }
W/DroidBox(  229): DroidBox: { "FileRW": { "operation": "read", "data": "2f73797374656d2f62696e2f736572766963656d616e616765720000000000000000000000000000000000000000000000000000000000000000000000000000000000000000000000000000000000000000000000000000000000000000000000000000", "id": "711981096" } }
W/dalvikvm(  229): DroidBox: { "FdAccess": { "path": "2f70726f632f35342f636d646c696e65", "id": "1458458417" } }
W/DroidBox(  229): DroidBox: { "FileRW": { "operation": "read", "data": "2f73797374656d2f62696e2f766f6c640063656d616e616765720000000000000000000000000000000000000000000000000000000000000000000000000000000000000000000000000000000000000000000000000000000000000000000000000000", "id": "1458458417" } }
W/dalvikvm(  229): DroidBox: { "FdAccess": { "path": "2f70726f632f35362f636d646c696e65", "id": "470934950" } }
W/DroidBox(  229): DroidBox: { "FileRW": { "operation": "read", "data": "2f73797374656d2f62696e2f6e6574640063656d616e616765720000000000000000000000000000000000000000000000000000000000000000000000000000000000000000000000000000000000000000000000000000000000000000000000000000", "id": "470934950" } }
W/dalvikvm(  229): DroidBox: { "FdAccess": { "path": "2f70726f632f35372f636d646c696e65", "id": "1471946856" } }
W/DroidBox(  229): DroidBox: { "FileRW": { "operation": "read", "data": "2f73797374656d2f62696e2f64656275676765726400616765720000000000000000000000000000000000000000000000000000000000000000000000000000000000000000000000000000000000000000000000000000000000000000000000000000", "id": "1471946856" } }
W/dalvikvm(  229): DroidBox: { "FdAccess": { "path": "2f70726f632f35382f636d646c696e65", "id": "995773116" } }
I/Choreographer( 1049): Skipped 1232 frames!  The application may be doing too much work on its main thread.
W/DroidBox(  229): DroidBox: { "FileRW": { "operation": "read", "data": "2f73797374656d2f62696e2f72696c64006765726400616765720000000000000000000000000000000000000000000000000000000000000000000000000000000000000000000000000000000000000000000000000000000000000000000000000000", "id": "995773116" } }
W/dalvikvm(  229): DroidBox: { "FdAccess": { "path": "2f70726f632f35392f636d646c696e65", "id": "640766329" } }
W/DroidBox(  229): DroidBox: { "FileRW": { "operation": "read", "data": "2f73797374656d2f62696e2f73757266616365666c696e6765720000000000000000000000000000000000000000000000000000000000000000000000000000000000000000000000000000000000000000000000000000000000000000000000000000", "id": "640766329" } }
W/dalvikvm(  229): DroidBox: { "FdAccess": { "path": "2f70726f632f36302f636d646c696e65", "id": "907939582" } }
W/DroidBox(  229): DroidBox: { "FileRW": { "operation": "read", "data": "7a79676f7465002f62696e2f6170705f70726f63657373002d587a79676f7465002f73797374656d2f62696e002d2d7a79676f7465002d2d73746172742d73797374656d2d73657276657200000000000000000000000000000000000000000000000000", "id": "907939582" } }
W/dalvikvm(  229): DroidBox: { "FdAccess": { "path": "2f70726f632f36312f636d646c696e65", "id": "1231775206" } }
W/DroidBox(  229): DroidBox: { "FileRW": { "operation": "read", "data": "2f73797374656d2f62696e2f64726d7365727665720073002d587a79676f7465002f73797374656d2f62696e002d2d7a79676f7465002d2d73746172742d73797374656d2d73657276657200000000000000000000000000000000000000000000000000", "id": "1231775206" } }
W/dalvikvm(  229): DroidBox: { "FdAccess": { "path": "2f70726f632f36322f636d646c696e65", "id": "1220310785" } }
W/DroidBox(  229): DroidBox: { "FileRW": { "operation": "read", "data": "2f73797374656d2f62696e2f6d65646961736572766572002d587a79676f7465002f73797374656d2f62696e002d2d7a79676f7465002d2d73746172742d73797374656d2d73657276657200000000000000000000000000000000000000000000000000", "id": "1220310785" } }
W/dalvikvm(  229): DroidBox: { "FdAccess": { "path": "2f70726f632f36332f636d646c696e65", "id": "858053640" } }
W/DroidBox(  229): DroidBox: { "FileRW": { "operation": "read", "data": "2f73797374656d2f62696e2f646275732d6461656d6f6e002d2d73797374656d002d2d6e6f666f726b00696e002d2d7a79676f7465002d2d73746172742d73797374656d2d73657276657200000000000000000000000000000000000000000000000000", "id": "858053640" } }
W/dalvikvm(  229): DroidBox: { "FdAccess": { "path": "2f70726f632f36342f636d646c696e65", "id": "1244688477" } }
W/DroidBox(  229): DroidBox: { "FileRW": { "operation": "read", "data": "2f73797374656d2f62696e2f696e7374616c6c64006f6e002d2d73797374656d002d2d6e6f666f726b00696e002d2d7a79676f7465002d2d73746172742d73797374656d2d73657276657200000000000000000000000000000000000000000000000000", "id": "1244688477" } }
W/dalvikvm(  229): DroidBox: { "FdAccess": { "path": "2f70726f632f36352f636d646c696e65", "id": "722536990" } }
V/PhoneStatusBar(  452): setLightsOn(true)
W/DroidBox(  229): DroidBox: { "FileRW": { "operation": "read", "data": "2f73797374656d2f62696e2f6b657973746f7265002f646174612f6d6973632f6b657973746f72650000696e002d2d7a79676f7465002d2d73746172742d73797374656d2d73657276657200000000000000000000000000000000000000000000000000", "id": "722536990" } }
W/dalvikvm(  229): DroidBox: { "FdAccess": { "path": "2f70726f632f36362f636d646c696e65", "id": "1742834597" } }
W/DroidBox(  229): DroidBox: { "FileRW": { "operation": "read", "data": "2f73797374656d2f62696e2f73680073746f7265002f646174612f6d6973632f6b657973746f72650000696e002d2d7a79676f7465002d2d73746172742d73797374656d2d73657276657200000000000000000000000000000000000000000000000000", "id": "1742834597" } }
W/dalvikvm(  229): DroidBox: { "FdAccess": { "path": "2f70726f632f36372f636d646c696e65", "id": "1011580886" } }
W/DroidBox(  229): DroidBox: { "FileRW": { "operation": "read", "data": "2f7362696e2f61646264002f73680073746f7265002f646174612f6d6973632f6b657973746f72650000696e002d2d7a79676f7465002d2d73746172742d73797374656d2d73657276657200000000000000000000000000000000000000000000000000", "id": "1011580886" } }
W/dalvikvm(  229): DroidBox: { "FdAccess": { "path": "2f70726f632f3232392f636d646c696e65", "id": "390566453" } }
W/DroidBox(  229): DroidBox: { "FileRW": { "operation": "read", "data": "73797374656d5f736572766572000000000000000000000000000000000000000000000000000000000000000000000000000000000000000000000000000000000000000000000000000000000000000000000000000000000000000000000000000000", "id": "390566453" } }
W/dalvikvm(  229): DroidBox: { "FdAccess": { "path": "2f70726f632f3435322f636d646c696e65", "id": "1000998644" } }
W/DroidBox(  229): DroidBox: { "FileRW": { "operation": "read", "data": "636f6d2e616e64726f69642e73797374656d75690000000000000000000000000000000000000000000000000000000000000000000000000000000000000000000000000000000000000000000000000000000000000000000000000000000000000000", "id": "1000998644" } }
W/dalvikvm(  229): DroidBox: { "FdAccess": { "path": "2f70726f632f3530392f636d646c696e65", "id": "2011109421" } }
W/DroidBox(  229): DroidBox: { "FileRW": { "operation": "read", "data": "636f6d2e616e64726f69642e696e7075746d6574686f642e6c6174696e0000000000000000000000000000000000000000000000000000000000000000000000000000000000000000000000000000000000000000000000000000000000000000000000", "id": "2011109421" } }
W/dalvikvm(  229): DroidBox: { "FdAccess": { "path": "2f70726f632f3532392f636d646c696e65", "id": "1015929463" } }
W/DroidBox(  229): DroidBox: { "FileRW": { "operation": "read", "data": "636f6d2e616e64726f69642e70686f6e650000000000000000000000000000000000000000000000000000000000000000000000000000000000000000000000000000000000000000000000000000000000000000000000000000000000000000000000", "id": "1015929463" } }
W/dalvikvm(  229): DroidBox: { "FdAccess": { "path": "2f70726f632f3534362f636d646c696e65", "id": "1490920229" } }
W/DroidBox(  229): DroidBox: { "FileRW": { "operation": "read", "data": "636f6d2e616e64726f69642e73657474696e67730000000000000000000000000000000000000000000000000000000000000000000000000000000000000000000000000000000000000000000000000000000000000000000000000000000000000000", "id": "1490920229" } }
W/dalvikvm(  229): DroidBox: { "FdAccess": { "path": "2f70726f632f3539362f636d646c696e65", "id": "1407937509" } }
W/DroidBox(  229): DroidBox: { "FileRW": { "operation": "read", "data": "636f6d2e616e64726f69642e736d7370757368000000000000000000000000000000000000000000000000000000000000000000000000000000000000000000000000000000000000000000000000000000000000000000000000000000000000000000", "id": "1407937509" } }
W/dalvikvm(  229): DroidBox: { "FdAccess": { "path": "2f70726f632f3631352f636d646c696e65", "id": "931135235" } }
W/DroidBox(  229): DroidBox: { "FileRW": { "operation": "read", "data": "616e64726f69642e70726f636573732e61636f726500000000000000000000000000000000000000000000000000000000000000000000000000000000000000000000000000000000000000000000000000000000000000000000000000000000000000", "id": "931135235" } }
W/ActivityManager(  229): Activity idle timeout for ActivityRecord{b4157b30 com.ecmgqbugo/com.jAaqWNoQ.oMOHlTGQwv}
W/dalvikvm(  229): DroidBox: { "FdAccess": { "path": "2f70726f632f3633382f636d646c696e65", "id": "1451251262" } }
W/DroidBox(  229): DroidBox: { "FileRW": { "operation": "read", "data": "636f6d2e616e64726f69642e6c61756e636865720000000000000000000000000000000000000000000000000000000000000000000000000000000000000000000000000000000000000000000000000000000000000000000000000000000000000000", "id": "1451251262" } }
W/dalvikvm(  229): DroidBox: { "FdAccess": { "path": "2f70726f632f3634392f636d646c696e65", "id": "1730791376" } }
W/DroidBox(  229): DroidBox: { "FileRW": { "operation": "read", "data": "636f6d2e616e64726f69642e63616c656e6461720000000000000000000000000000000000000000000000000000000000000000000000000000000000000000000000000000000000000000000000000000000000000000000000000000000000000000", "id": "1730791376" } }
W/dalvikvm(  229): DroidBox: { "FdAccess": { "path": "2f70726f632f3639312f636d646c696e65", "id": "1732371071" } }
W/DroidBox(  229): DroidBox: { "FileRW": { "operation": "read", "data": "636f6d2e616e64726f69642e6465736b636c6f636b00000000000000000000000000000000000000000000000000000000000000000000000000000000000000000000000000000000000000000000000000000000000000000000000000000000000000", "id": "1732371071" } }
W/dalvikvm(  229): DroidBox: { "FdAccess": { "path": "2f70726f632f3734382f636d646c696e65", "id": "192765711" } }
W/DroidBox(  229): DroidBox: { "FileRW": { "operation": "read", "data": "636f6d2e616e64726f69642e636f6e74616374730000000000000000000000000000000000000000000000000000000000000000000000000000000000000000000000000000000000000000000000000000000000000000000000000000000000000000", "id": "192765711" } }
W/dalvikvm(  229): DroidBox: { "FdAccess": { "path": "2f70726f632f3738302f636d646c696e65", "id": "1921685796" } }
W/DroidBox(  229): DroidBox: { "FileRW": { "operation": "read", "data": "636f6d2e616e64726f69642e70726f7669646572732e63616c656e64617200000000000000000000000000000000000000000000000000000000000000000000000000000000000000000000000000000000000000000000000000000000000000000000", "id": "1921685796" } }
W/dalvikvm(  229): DroidBox: { "FdAccess": { "path": "2f70726f632f3830352f636d646c696e65", "id": "908227751" } }
W/DroidBox(  229): DroidBox: { "FileRW": { "operation": "read", "data": "616e64726f69642e70726f636573732e6d6564696100000000000000000000000000000000000000000000000000000000000000000000000000000000000000000000000000000000000000000000000000000000000000000000000000000000000000", "id": "908227751" } }
W/dalvikvm(  229): DroidBox: { "FdAccess": { "path": "2f70726f632f3834332f636d646c696e65", "id": "550105443" } }
W/dalvikvm( 1049): DroidBox: { "FdAccess": { "path": "2f70726f632f6d656d696e666f", "id": "82777782" } }
W/DroidBox( 1049): DroidBox: { "FileRW": { "operation": "read", "data": "4d656d546f74616c3a202020202020202020373438393634206b420a4d656d467265653a20202020202020202020343536313430206b420a427566666572733a20202020202020202020202035343834206b420a4361636865643a202020202020202020", "id": "82777782" } }
W/DroidBox(  229): DroidBox: { "FileRW": { "operation": "read", "data": "636f6d2e616e64726f69642e646566636f6e7461696e657200000000000000000000000000000000000000000000000000000000000000000000000000000000000000000000000000000000000000000000000000000000000000000000000000000000", "id": "550105443" } }
W/dalvikvm(  229): DroidBox: { "FdAccess": { "path": "2f70726f632f3836362f636d646c696e65", "id": "1992072722" } }
W/DroidBox(  229): DroidBox: { "FileRW": { "operation": "read", "data": "636f6d2e616e64726f69642e656d61696c0000000000000000000000000000000000000000000000000000000000000000000000000000000000000000000000000000000000000000000000000000000000000000000000000000000000000000000000", "id": "1992072722" } }
W/dalvikvm(  229): DroidBox: { "FdAccess": { "path": "2f70726f632f3838322f636d646c696e65", "id": "1639053846" } }
W/DroidBox(  229): DroidBox: { "FileRW": { "operation": "read", "data": "636f6d2e616e64726f69642e65786368616e67650000000000000000000000000000000000000000000000000000000000000000000000000000000000000000000000000000000000000000000000000000000000000000000000000000000000000000", "id": "1639053846" } }
W/dalvikvm(  229): DroidBox: { "FdAccess": { "path": "2f70726f632f3839362f636d646c696e65", "id": "1227956455" } }
W/DroidBox(  229): DroidBox: { "FileRW": { "operation": "read", "data": "636f6d2e616e64726f69642e65786368616e67650000000000000000000000000000000000000000000000000000000000000000000000000000000000000000000000000000000000000000000000000000000000000000000000000000000000000000", "id": "1227956455" } }
W/dalvikvm(  229): DroidBox: { "FdAccess": { "path": "2f70726f632f3839392f636d646c696e65", "id": "458546101" } }
W/DroidBox(  229): DroidBox: { "FileRW": { "operation": "read", "data": "636f6d2e616e64726f69642e67616c6c657279336400000000000000000000000000000000000000000000000000000000000000000000000000000000000000000000000000000000000000000000000000000000000000000000000000000000000000", "id": "458546101" } }
W/dalvikvm(  229): DroidBox: { "FdAccess": { "path": "2f70726f632f3931352f636d646c696e65", "id": "325647557" } }
W/DroidBox(  229): DroidBox: { "FileRW": { "operation": "read", "data": "636f6d2e616e64726f69642e6d6d7300000000000000000000000000000000000000000000000000000000000000000000000000000000000000000000000000000000000000000000000000000000000000000000000000000000000000000000000000", "id": "325647557" } }
W/dalvikvm(  229): DroidBox: { "FdAccess": { "path": "2f70726f632f3934302f636d646c696e65", "id": "1579972315" } }
W/DroidBox(  229): DroidBox: { "FileRW": { "operation": "read", "data": "636f6d2e616e64726f69642e766f6963656469616c65720000000000000000000000000000000000000000000000000000000000000000000000000000000000000000000000000000000000000000000000000000000000000000000000000000000000", "id": "1579972315" } }
W/dalvikvm(  229): DroidBox: { "FdAccess": { "path": "2f70726f632f3938382f636d646c696e65", "id": "1607366439" } }
W/DroidBox(  229): DroidBox: { "FileRW": { "operation": "read", "data": "636f6d2e616e64726f69642e6d757369636678000000000000000000000000000000000000000000000000000000000000000000000000000000000000000000000000000000000000000000000000000000000000000000000000000000000000000000", "id": "1607366439" } }
W/dalvikvm(  229): DroidBox: { "FdAccess": { "path": "2f70726f632f313030352f636d646c696e65", "id": "1476793284" } }
W/DroidBox(  229): DroidBox: { "FileRW": { "operation": "read", "data": "636f6d2e616e64726f69642e636f6d6d616e64732e6d6f6e6b657900000000000000000000000000000000000000000000000000000000000000000000000000000000000000000000000000000000000000000000000000000000000000000000000000", "id": "1476793284" } }
I/Choreographer( 1049): Skipped 209 frames!  The application may be doing too much work on its main thread.
W/dalvikvm(  229): DroidBox: { "FdAccess": { "path": "2f70726f632f313030362f636d646c696e65", "id": "294582261" } }
W/DroidBox(  229): DroidBox: { "FileRW": { "operation": "read", "data": "6c6f676361740044726f6964426f783a570064616c76696b766d3a570041637469766974794d616e616765723a49000000000000000000000000000000000000000000000000000000000000000000000000000000000000000000000000000000000000", "id": "294582261" } }
W/dalvikvm(  229): DroidBox: { "FdAccess": { "path": "2f70726f632f313030382f636d646c696e65", "id": "1879183078" } }
W/DroidBox(  229): DroidBox: { "FileRW": { "operation": "read", "data": "2f73797374656d2f62696e2f7368002d63007368202e2f7364636172642f65786563757465537472616365496e2e736800000000000000000000000000000000000000000000000000000000000000000000000000000000000000000000000000000000", "id": "1879183078" } }
W/dalvikvm(  229): DroidBox: { "FdAccess": { "path": "2f70726f632f313031312f636d646c696e65", "id": "1694029774" } }
W/DroidBox(  229): DroidBox: { "FileRW": { "operation": "read", "data": "7368002e2f7364636172642f65786563757465537472616365496e2e736800786563757465537472616365496e2e736800000000000000000000000000000000000000000000000000000000000000000000000000000000000000000000000000000000", "id": "1694029774" } }
W/dalvikvm(  229): DroidBox: { "FdAccess": { "path": "2f70726f632f313031322f636d646c696e65", "id": "1374542051" } }
W/DroidBox(  229): DroidBox: { "FileRW": { "operation": "read", "data": "737472616365002d70003630002d66002d747446002d6f002f7364636172642f316166333366646238343763326433383039366361373532613664393539303837666634643132383332393465626462396232366465363764356636366130362e61706b", "id": "1374542051" } }
W/webview_proxy( 1049): java.lang.Throwable: Warning: A WebView method was called on thread 'Thread-100'. All WebView methods must be called on the UI thread. Future versions of WebView may not support use on other threads.
W/webview_proxy( 1049): 	at android.webkit.WebView.checkThread(WebView.java:1796)
W/webview_proxy( 1049): 	at android.webkit.WebView.loadUrl(WebView.java:767)
W/webview_proxy( 1049): 	at com.waps.b.run(Unknown Source)
D/gralloc_goldfish( 1049): Emulator without GPU emulation detected.
I/ActivityManager(  229): Displayed com.ecmgqbugo/com.jAaqWNoQ.GoQbmKimFQ: +9s636ms (total +12s363ms)
W/dalvikvm(  229): DroidBox: { "FdAccess": { "path": "2f70726f632f313032302f636d646c696e65", "id": "1947589263" } }
W/DroidBox(  229): DroidBox: { "FileRW": { "operation": "read", "data": "636f6d2e73766f782e7069636f00000000000000000000000000000000000000000000000000000000000000000000000000000000000000000000000000000000000000000000000000000065626462396232366465363764356636366130362e61706b", "id": "1947589263" } }
I/Choreographer(  229): Skipped 58 frames!  The application may be doing too much work on its main thread.
I/Choreographer( 1049): Skipped 76 frames!  The application may be doing too much work on its main thread.
W/dalvikvm(  229): DroidBox: { "FdAccess": { "path": "2f70726f632f313033372f636d646c696e65", "id": "466062421" } }
W/DroidBox(  229): DroidBox: { "FileRW": { "operation": "read", "data": "636f6d2e616e64726f69642e717569636b736561726368626f78000000000000000000000000000000000000000000000000000000000000000000000000000000000000000000000000000065626462396232366465363764356636366130362e61706b", "id": "466062421" } }
W/dalvikvm(  229): DroidBox: { "FdAccess": { "path": "2f70726f632f313034392f636d646c696e65", "id": "1350210215" } }
W/DroidBox(  229): DroidBox: { "FileRW": { "operation": "read", "data": "636f6d2e65636d67716275676f00000000000000000000000000000000000000000000000000000000000000000000000000000000000000000000000000000000000000000000000000000065626462396232366465363764356636366130362e61706b", "id": "1350210215" } }
E/WVMExtractor(   62): Failed to open libwvm.so
I/Choreographer(  229): Skipped 95 frames!  The application may be doing too much work on its main thread.
W/ActivityManager(  229): Activity idle timeout for ActivityRecord{b3eacb48 com.ecmgqbugo/com.jAaqWNoQ.GoQbmKimFQ}
I/Choreographer( 1049): Skipped 168 frames!  The application may be doing too much work on its main thread.
I/Process (  229): Sending signal. PID: 638 SIG: 3
W/BackupManagerService(  229): dataChanged but no participant pkg='com.android.providers.settings' uid=1001
I/Choreographer( 1049): Skipped 65 frames!  The application may be doing too much work on its main thread.
E/ActivityManager(  229): ANR in com.ecmgqbugo (com.ecmgqbugo/com.jAaqWNoQ.GoQbmKimFQ)
E/ActivityManager(  229): Reason: keyDispatchingTimedOut
E/ActivityManager(  229): Load: 10.38 / 3.71 / 1.34
E/ActivityManager(  229): CPU usage from 3025ms to -2272ms ago:
E/ActivityManager(  229):   39% 1012/strace: 10% user + 29% kernel
E/ActivityManager(  229):   24% 229/system_server: 20% user + 4.3% kernel / faults: 1223 minor 3 major
E/ActivityManager(  229):   8.3% 62/mediaserver: 1.8% user + 6.5% kernel / faults: 1 minor
E/ActivityManager(  229):   8.2% 1049/com.ecmgqbugo: 3.2% user + 4.9% kernel / faults: 1042 minor 27 major
E/ActivityManager(  229):   6.3% 67/adbd: 0% user + 6.3% kernel / faults: 316 minor
E/ActivityManager(  229):   2.5% 1006/logcat: 1% user + 1.4% kernel
E/ActivityManager(  229):   1.8% 59/surfaceflinger: 1.2% user + 0.5% kernel / faults: 375 minor
E/ActivityManager(  229):   1.4% 805/android.process.media: 0% user + 1.4% kernel / faults: 34 minor
E/ActivityManager(  229):   1.3% 11/kworker/0:1: 0% user + 1.3% kernel
E/ActivityManager(  229):   1.1% 25/mtdblock0: 0% user + 1.1% kernel
E/ActivityManager(  229):   1% 638/com.android.launcher: 1% user + 0% kernel / faults: 2 minor
E/ActivityManager(  229):   0.9% 529/com.android.phone: 0.3% user + 0.5% kernel / faults: 150 minor
E/ActivityManager(  229):   0.7% 615/android.process.acore: 0.7% user + 0% kernel / faults: 1 minor
E/ActivityManager(  229):   0.5% 452/com.android.systemui: 0.1% user + 0.3% kernel / faults: 89 minor
E/ActivityManager(  229):   0.1% 40/jbd2/mtdblock1-: 0% user + 0.1% kernel
E/ActivityManager(  229):   0% 748/com.android.contacts: 0% user + 0% kernel / faults: 92 minor
E/ActivityManager(  229):   0.1% 899/com.android.gallery3d: 0% user + 0% kernel / faults: 16 minor
E/ActivityManager(  229):   0% 3/ksoftirqd/0: 0% user + 0% kernel
E/ActivityManager(  229):   0% 940/com.android.voicedialer: 0% user + 0% kernel / faults: 5 minor
E/ActivityManager(  229): 100% TOTAL: 44% user + 55% kernel
E/ActivityManager(  229): CPU usage from 5365ms to 6108ms later:
E/ActivityManager(  229):   42% 1012/strace: 3% user + 39% kernel
E/ActivityManager(  229):   27% 229/system_server: 21% user + 6.5% kernel / faults: 358 minor
E/ActivityManager(  229):     13% 626/Binder_6: 13% user + 0% kernel
E/ActivityManager(  229):     6.5% 361/InputDispatcher: 4.9% user + 1.6% kernel
E/ActivityManager(  229):     4.9% 347/PackageMonitor: 0% user + 4.9% kernel
E/ActivityManager(  229):     1.6% 229/system_server: 1.6% user + 0% kernel
E/ActivityManager(  229):     1.6% 240/Binder_2: 1.6% user + 0% kernel
E/ActivityManager(  229):     1.6% 673/Binder_9: 1.6% user + 0% kernel
E/ActivityManager(  229):   12% 59/surfaceflinger: 9.3% user + 3.1% kernel / faults: 358 minor
E/ActivityManager(  229):     7.8% 101/VSyncThread: 1.5% user + 6.2% kernel
E/ActivityManager(  229):     4.6% 97/SurfaceFlinger: 3.1% user + 1.5% kernel
E/ActivityManager(  229):   8.8% 638/com.android.launcher: 8.8% user + 0% kernel / faults: 1 minor
E/ActivityManager(  229):     8.8% 638/ndroid.launcher: 7.3% user + 1.4% kernel
E/ActivityManager(  229):   7.4% 1049/com.ecmgqbugo: 4.4% user + 2.9% kernel / faults: 190 minor
E/ActivityManager(  229):     2.9% 1049/com.ecmgqbugo: 0% user + 2.9% kernel
E/ActivityManager(  229):     2.9% 1086/WebViewCoreThre: 2.9% user + 0% kernel
E/ActivityManager(  229):     1.4% 1078/Thread-101: 1.4% user + 0% kernel
E/ActivityManager(  229):    +0% 1089/Thread-107: 0% user + 0% kernel
E/ActivityManager(  229):   3.1% 62/mediaserver: 1.5% user + 1.5% kernel
E/ActivityManager(  229):     3.1% 62/mediaserver: 1.5% user + 1.5% kernel
E/ActivityManager(  229): 100% TOTAL: 43% user + 54% kernel + 1.5% softirq
I/InputDispatcher(  229): Dropped event because it is stale.
W/InputManager(  229): Input event injection from pid 1005 failed.
W/dalvikvm(  229): DroidBox: { "FdAccess": { "path": "2f646174612f616e722f7472616365732e747874", "id": "1097917088" } }
I/Choreographer( 1049): Skipped 32 frames!  The application may be doing too much work on its main thread.
W/DroidBox(  229): DroidBox: { "FileRW": { "operation": "read", "data": "0a0a2d2d2d2d2d207069642032323920617420323032342d30382d33302031393a31363a3033202d2d2d2d2d0a436d64206c696e653a2073797374656d5f7365727665720a0a44414c56494b20544852454144533a0a286d7574657865733a20746c6c3d", "id": "1097917088" } }
I/Choreographer( 1049): Skipped 39 frames!  The application may be doing too much work on its main thread.
I/Choreographer( 1049): Skipped 79 frames!  The application may be doing too much work on its main thread.
I/dalvikvm-heap(  229): Grow heap (frag case) to 12.732MB for 393236-byte allocation
I/Choreographer( 1049): Skipped 34 frames!  The application may be doing too much work on its main thread.
I/Choreographer( 1049): Skipped 96 frames!  The application may be doing too much work on its main thread.
W/dalvikvm(  229): DroidBox: { "FdAccess": { "path": "2f70726f632f313039332f636d646c696e65", "id": "1438157974" } }
W/DroidBox(  229): DroidBox: { "FileRW": { "operation": "read", "data": "70726f6372616e6b006275676f00000000000000000000000000000000000000000000000000000000000000000000000000000000000000000000000000000000000000000000000000000065626462396232366465363764356636366130362e61706b", "id": "1438157974" } }
I/Choreographer( 1049): Skipped 83 frames!  The application may be doing too much work on its main thread.
I/Choreographer( 1049): Skipped 99 frames!  The application may be doing too much work on its main thread.
E/WVMExtractor(   62): Failed to open libwvm.so
I/Choreographer(  638): Skipped 53 frames!  The application may be doing too much work on its main thread.
E/WVMExtractor(   62): Failed to open libwvm.so
I/Choreographer( 1049): Skipped 519 frames!  The application may be doing too much work on its main thread.
E/WVMExtractor(   62): Failed to open libwvm.so
I/Choreographer( 1049): Skipped 66 frames!  The application may be doing too much work on its main thread.
E/WVMExtractor(   62): Failed to open libwvm.so
I/Choreographer( 1049): Skipped 56 frames!  The application may be doing too much work on its main thread.
I/Choreographer( 1049): Skipped 90 frames!  The application may be doing too much work on its main thread.
E/WVMExtractor(   62): Failed to open libwvm.so
E/WVMExtractor(   62): Failed to open libwvm.so
E/WVMExtractor(   62): Failed to open libwvm.so
I/Choreographer( 1049): Skipped 89 frames!  The application may be doing too much work on its main thread.
I/Choreographer( 1049): Skipped 52 frames!  The application may be doing too much work on its main thread.
E/WVMExtractor(   62): Failed to open libwvm.so
E/WVMExtractor(   62): Failed to open libwvm.so
I/Choreographer( 1049): Skipped 164 frames!  The application may be doing too much work on its main thread.
E/WVMExtractor(   62): Failed to open libwvm.so
E/WVMExtractor(   62): Failed to open libwvm.so
I/Choreographer( 1049): Skipped 175 frames!  The application may be doing too much work on its main thread.
I/Choreographer( 1049): Skipped 35 frames!  The application may be doing too much work on its main thread.
E/WVMExtractor(   62): Failed to open libwvm.so
I/Choreographer( 1049): Skipped 157 frames!  The application may be doing too much work on its main thread.
E/WVMExtractor(   62): Failed to open libwvm.so
I/Choreographer( 1049): Skipped 76 frames!  The application may be doing too much work on its main thread.
E/WVMExtractor(   62): Failed to open libwvm.so
I/Choreographer( 1049): Skipped 103 frames!  The application may be doing too much work on its main thread.
E/WVMExtractor(   62): Failed to open libwvm.so
I/Choreographer( 1049): Skipped 74 frames!  The application may be doing too much work on its main thread.
I/Choreographer( 1049): Skipped 37 frames!  The application may be doing too much work on its main thread.
E/WVMExtractor(   62): Failed to open libwvm.so
I/Choreographer( 1049): Skipped 91 frames!  The application may be doing too much work on its main thread.
I/Choreographer( 1049): Skipped 52 frames!  The application may be doing too much work on its main thread.
E/WVMExtractor(   62): Failed to open libwvm.so
I/Choreographer( 1049): Skipped 34 frames!  The application may be doing too much work on its main thread.
I/Choreographer( 1049): Skipped 45 frames!  The application may be doing too much work on its main thread.
I/Choreographer( 1049): Skipped 35 frames!  The application may be doing too much work on its main thread.
E/WVMExtractor(   62): Failed to open libwvm.so
I/Choreographer( 1049): Skipped 47 frames!  The application may be doing too much work on its main thread.
E/WVMExtractor(   62): Failed to open libwvm.so
I/Choreographer( 1049): Skipped 83 frames!  The application may be doing too much work on its main thread.
E/WVMExtractor(   62): Failed to open libwvm.so
I/Choreographer( 1049): Skipped 67 frames!  The application may be doing too much work on its main thread.
I/Choreographer( 1049): Skipped 67 frames!  The application may be doing too much work on its main thread.
E/WVMExtractor(   62): Failed to open libwvm.so
I/Choreographer( 1049): Skipped 51 frames!  The application may be doing too much work on its main thread.
E/WVMExtractor(   62): Failed to open libwvm.so
I/Choreographer( 1049): Skipped 86 frames!  The application may be doing too much work on its main thread.
E/WVMExtractor(   62): Failed to open libwvm.so
E/WVMExtractor(   62): Failed to open libwvm.so
I/Choreographer( 1049): Skipped 286 frames!  The application may be doing too much work on its main thread.
I/Choreographer( 1049): Skipped 68 frames!  The application may be doing too much work on its main thread.
E/WVMExtractor(   62): Failed to open libwvm.so
I/Choreographer( 1049): Skipped 69 frames!  The application may be doing too much work on its main thread.
E/WVMExtractor(   62): Failed to open libwvm.so
I/Choreographer( 1049): Skipped 40 frames!  The application may be doing too much work on its main thread.
I/Choreographer( 1049): Skipped 33 frames!  The application may be doing too much work on its main thread.
I/Choreographer( 1049): Skipped 46 frames!  The application may be doing too much work on its main thread.
E/WVMExtractor(   62): Failed to open libwvm.so
I/Choreographer( 1049): Skipped 79 frames!  The application may be doing too much work on its main thread.
E/WVMExtractor(   62): Failed to open libwvm.so
I/NetworkPolicy(  229): no policy for active mobile network; generating default policy
I/Choreographer( 1049): Skipped 141 frames!  The application may be doing too much work on its main thread.
E/NetdConnector(  229): NDC Command {11 bandwidth setiquota eth0 9223372036854775807} took too long (1060ms)
I/Choreographer( 1049): Skipped 204 frames!  The application may be doing too much work on its main thread.
E/WVMExtractor(   62): Failed to open libwvm.so
I/Choreographer( 1049): Skipped 50 frames!  The application may be doing too much work on its main thread.
E/WVMExtractor(   62): Failed to open libwvm.so
