D/InputEventConsistencyVerifier( 1020):   1: sent at 219765000000, (unhandled) MotionEvent { action=ACTION_MOVE, id[0]=0, x[0]=4.0, y[0]=2.0, toolType[0]=TOOL_TYPE_UNKNOWN, buttonState=0, metaState=0, flags=0x0, edgeFlags=0x0, pointerCount=1, historySize=5, eventTime=219765, downTime=-1, deviceId=0, source=0x10004 }
D/InputEventConsistencyVerifier( 1020):   2: sent at 219722000000, MotionEvent { action=ACTION_UP, id[0]=0, x[0]=44.0, y[0]=124.0, toolType[0]=TOOL_TYPE_UNKNOWN, buttonState=0, metaState=0, flags=0x0, edgeFlags=0x0, pointerCount=1, historySize=0, eventTime=219722, downTime=219691, deviceId=0, source=0x1002 }
D/InputEventConsistencyVerifier( 1020):   3: sent at 219693000000, MotionEvent { action=ACTION_DOWN, id[0]=0, x[0]=53.333336, y[0]=122.66667, toolType[0]=TOOL_TYPE_UNKNOWN, buttonState=0, metaState=0, flags=0x0, edgeFlags=0x0, pointerCount=1, historySize=0, eventTime=219693, downTime=219691, deviceId=0, source=0x1002 }
D/InputEventConsistencyVerifier( 1020):   4: sent at 219659000000, MotionEvent { action=ACTION_UP, id[0]=0, x[0]=244.0, y[0]=356.0, toolType[0]=TOOL_TYPE_UNKNOWN, buttonState=0, metaState=0, flags=0x0, edgeFlags=0x0, pointerCount=1, historySize=0, eventTime=219659, downTime=219650, deviceId=0, source=0x1002 }
D/InputEventConsistencyVerifier( 1020):   5: sent at 219651000000, MotionEvent { action=ACTION_DOWN, id[0]=0, x[0]=245.33334, y[0]=357.33334, toolType[0]=TOOL_TYPE_UNKNOWN, buttonState=0, metaState=0, flags=0x0, edgeFlags=0x0, pointerCount=1, historySize=0, eventTime=219651, downTime=219650, deviceId=0, source=0x1002 }
E/WVMExtractor(   62): Failed to open libwvm.so
E/WVMExtractor(   62): Failed to open libwvm.so
E/WVMExtractor(   62): Failed to open libwvm.so
E/WVMExtractor(   62): Failed to open libwvm.so
E/WVMExtractor(   62): Failed to open libwvm.so
E/WVMExtractor(   62): Failed to open libwvm.so
E/WVMExtractor(   62): Failed to open libwvm.so
I/Choreographer( 1020): Skipped 57 frames!  The application may be doing too much work on its main thread.
E/WVMExtractor(   62): Failed to open libwvm.so
I/Choreographer( 1020): Skipped 39 frames!  The application may be doing too much work on its main thread.
E/WVMExtractor(   62): Failed to open libwvm.so
I/Choreographer( 1020): Skipped 56 frames!  The application may be doing too much work on its main thread.
I/Choreographer( 1020): Skipped 32 frames!  The application may be doing too much work on its main thread.
E/WVMExtractor(   62): Failed to open libwvm.so
E/WVMExtractor(   62): Failed to open libwvm.so
E/WVMExtractor(   62): Failed to open libwvm.so
E/WVMExtractor(   62): Failed to open libwvm.so
E/WVMExtractor(   62): Failed to open libwvm.so
E/WVMExtractor(   62): Failed to open libwvm.so
E/WVMExtractor(   62): Failed to open libwvm.so
I/Choreographer( 1020): Skipped 35 frames!  The application may be doing too much work on its main thread.
I/ActivityManager(  229): START {act=android.intent.action.MAIN cat=[android.intent.category.LAUNCHER] flg=0x10200000 cmp=com.keji.danti400/com.keji.danti.MainA u=0} from pid 1001
D/InputEventConsistencyVerifier( 1020): KeyEvent: ACTION_UP but key was not down.
D/InputEventConsistencyVerifier( 1020):   in com.android.internal.policy.impl.PhoneWindow$DecorView@b3ec5cd0
D/InputEventConsistencyVerifier( 1020):   0: sent at 226070000000, KeyEvent { action=ACTION_UP, keyCode=KEYCODE_DPAD_CENTER, scanCode=0, metaState=0, flags=0x8, repeatCount=0, eventTime=226070, downTime=226070, deviceId=-1, source=0x101 }
D/InputEventConsistencyVerifier( 1020):   -- recent events --
D/InputEventConsistencyVerifier( 1020):   1: sent at 225940000000, MotionEvent { action=ACTION_UP, id[0]=0, x[0]=245.33334, y[0]=74.66667, toolType[0]=TOOL_TYPE_UNKNOWN, buttonState=0, metaState=0, flags=0x0, edgeFlags=0x0, pointerCount=1, historySize=0, eventTime=225940, downTime=225858, deviceId=0, source=0x1002 }
D/InputEventConsistencyVerifier( 1020):   2: sent at 225935000000, MotionEvent { action=ACTION_MOVE, id[0]=0, x[0]=246.0, y[0]=73.333336, toolType[0]=TOOL_TYPE_UNKNOWN, buttonState=0, metaState=0, flags=0x0, edgeFlags=0x0, pointerCount=1, historySize=4, eventTime=225935, downTime=225858, deviceId=0, source=0x1002 }
D/InputEventConsistencyVerifier( 1020):   3: sent at 225860000000, MotionEvent { action=ACTION_DOWN, id[0]=0, x[0]=248.0, y[0]=58.0, toolType[0]=TOOL_TYPE_UNKNOWN, buttonState=0, metaState=0, flags=0x0, edgeFlags=0x0, pointerCount=1, historySize=0, eventTime=225860, downTime=225858, deviceId=0, source=0x1002 }
D/InputEventConsistencyVerifier( 1020):   4: sent at 225695000000, (unhandled) KeyEvent { action=ACTION_UP, keyCode=KEYCODE_SCROLL_LOCK, scanCode=0, metaState=0, flags=0x8, repeatCount=0, eventTime=225695, downTime=225695, deviceId=-1, source=0x101 }
D/InputEventConsistencyVerifier( 1020):   5: sent at 225619000000, (unhandled) KeyEvent { action=ACTION_DOWN, keyCode=KEYCODE_SCROLL_LOCK, scanCode=0, metaState=0, flags=0x8, repeatCount=0, eventTime=225619, downTime=225619, deviceId=-1, source=0x101 }
W/dalvikvm(  229): DroidBox: { "FdAccess": { "path": "2f70726f632f3232392f6e65742f78745f717461677569642f69666163655f737461745f616c6c", "id": "1020351502" } }
W/DroidBox(  229): DroidBox: { "FileRW": { "operation": "read", "data": "6574683020312030203020302030203231333934343920343239372036373735383520333335340a6c6f20312030203020302030203337333620353320333733362035330a00000000000000000000000000000000000000000000000000000000000000", "id": "1020351502" } }
W/dalvikvm(  229): DroidBox: { "FdAccess": { "path": "2f70726f632f3232392f6e65742f78745f717461677569642f69666163655f737461745f616c6c", "id": "15437177" } }
W/DroidBox(  229): DroidBox: { "FileRW": { "operation": "read", "data": "35330a362035330a35330a362035330a330a330a330a330a330a35330a362035330a3733362035330a362035330a333733362035330a330a330a330a330a330a362035330a00000000000000000000000000000000000000000000000000000000000000", "id": "15437177" } }
W/ThrottleService(  229): unable to find stats for iface rmnet0
E/ThrottleService(  229): Error reading data file
I/Choreographer( 1020): Skipped 82 frames!  The application may be doing too much work on its main thread.
I/Choreographer( 1020): Skipped 129 frames!  The application may be doing too much work on its main thread.
I/Choreographer( 1020): Skipped 120 frames!  The application may be doing too much work on its main thread.
I/ActivityManager(  229): START {act=android.intent.action.SENDTO dat=smsto: cmp=com.android.mms/.ui.ComposeMessageActivity (has extras) u=0} from pid 1020
I/Choreographer( 1020): Skipped 66 frames!  The application may be doing too much work on its main thread.
I/ActivityManager(  229): START {act=android.intent.action.SENDTO dat=smsto: cmp=com.android.mms/.ui.ComposeMessageActivity (has extras) u=0} from pid 1020
D/InputEventConsistencyVerifier(  423): TouchEvent: ACTION_DOWN but pointers are already down.  Probably missing ACTION_UP from previous gesture.
D/InputEventConsistencyVerifier(  423):   in android.view.ScaleGestureDetector@b3eb5018
D/InputEventConsistencyVerifier(  423):   0: sent at 229899000000, MotionEvent { action=ACTION_DOWN, id[0]=0, x[0]=374.0, y[0]=20.0, toolType[0]=TOOL_TYPE_UNKNOWN, buttonState=0, metaState=0, flags=0x0, edgeFlags=0x0, pointerCount=1, historySize=0, eventTime=229899, downTime=229897, deviceId=0, source=0x1002 }
D/InputEventConsistencyVerifier(  423):   -- recent events --
D/InputEventConsistencyVerifier(  423):   1: sent at 211894000000, MotionEvent { action=ACTION_DOWN, id[0]=0, x[0]=409.0, y[0]=502.0, toolType[0]=TOOL_TYPE_UNKNOWN, buttonState=0, metaState=0, flags=0x80000000, edgeFlags=0x0, pointerCount=1, historySize=0, eventTime=211894, downTime=211891, deviceId=0, source=0x1002 }
D/InputEventConsistencyVerifier(  423):   2: sent at 211511000000, MotionEvent { action=ACTION_DOWN, id[0]=0, x[0]=42.0, y[0]=271.0, toolType[0]=TOOL_TYPE_UNKNOWN, buttonState=0, metaState=0, flags=0x80000000, edgeFlags=0x0, pointerCount=1, historySize=0, eventTime=211511, downTime=211510, deviceId=0, source=0x1002 }
D/InputEventConsistencyVerifier(  423):   3: sent at 211477000000, MotionEvent { action=ACTION_DOWN, id[0]=0, x[0]=30.0, y[0]=630.0, toolType[0]=TOOL_TYPE_UNKNOWN, buttonState=0, metaState=0, flags=0x0, edgeFlags=0x0, pointerCount=1, historySize=0, eventTime=211477, downTime=211476, deviceId=0, source=0x1002 }
D/InputEventConsistencyVerifier(  423):   4: sent at 211142000000, MotionEvent { action=ACTION_UP, id[0]=0, x[0]=269.0, y[0]=6.0, toolType[0]=TOOL_TYPE_UNKNOWN, buttonState=0, metaState=0, flags=0x0, edgeFlags=0x0, pointerCount=1, historySize=0, eventTime=211142, downTime=211099, deviceId=0, source=0x1002 }
D/InputEventConsistencyVerifier(  423):   5: sent at 211100000000, MotionEvent { action=ACTION_DOWN, id[0]=0, x[0]=274.0, y[0]=2.0, toolType[0]=TOOL_TYPE_UNKNOWN, buttonState=0, metaState=0, flags=0x80000000, edgeFlags=0x0, pointerCount=1, historySize=0, eventTime=211100, downTime=211099, deviceId=0, source=0x1002 }
W/dalvikvm(  423): DroidBox: { "FdAccess": { "path": "2f70726f632f6d656d696e666f", "id": "2068387816" } }
W/DroidBox(  423): DroidBox: { "FileRW": { "operation": "read", "data": "4d656d546f74616c3a202020202020202020373438393634206b420a4d656d467265653a20202020202020202020343235303532206b420a427566666572733a20202020202020202020202035373430206b420a4361636865643a202020202020202020", "id": "2068387816" } }
W/InputManager(  229): Input event injection from pid 1001 failed.
W/InputManager(  229): Input event injection from pid 1001 failed.
I/Choreographer( 1020): Skipped 110 frames!  The application may be doing too much work on its main thread.
W/InputManager(  229): Input event injection from pid 1001 failed.
W/InputManager(  229): Input event injection from pid 1001 failed.
W/InputManager(  229): Input event injection from pid 1001 failed.
W/InputManager(  229): Input event injection from pid 1001 failed.
W/InputMethodManagerService(  229): Window already focused, ignoring focus gain of: com.android.internal.view.IInputMethodClient$Stub$Proxy@b3f40ca0 attribute=android.view.inputmethod.EditorInfo@b3fe24e8
W/InputManager(  229): Input event injection from pid 1001 failed.
W/InputManager(  229): Input event injection from pid 1001 failed.
D/InputEventConsistencyVerifier(  423): KeyEvent: ACTION_UP but key was not down.
D/InputEventConsistencyVerifier(  423):   in com.android.systemui.statusbar.phone.StatusBarWindowView@b3e141d8
D/InputEventConsistencyVerifier(  423):   0: sent at 230409000000, KeyEvent { action=ACTION_UP, keyCode=KEYCODE_DPAD_CENTER, scanCode=0, metaState=0, flags=0x8, repeatCount=0, eventTime=230409, downTime=230409, deviceId=-1, source=0x101 }
D/InputEventConsistencyVerifier(  423):   -- recent events --
D/InputEventConsistencyVerifier(  423):   1: sent at 230024000000, MotionEvent { action=ACTION_UP, id[0]=0, x[0]=302.0, y[0]=0.0, toolType[0]=TOOL_TYPE_UNKNOWN, buttonState=0, metaState=0, flags=0x0, edgeFlags=0x0, pointerCount=1, historySize=0, eventTime=230024, downTime=229897, deviceId=0, source=0x1002 }
D/InputEventConsistencyVerifier(  423):   2: sent at 230022000000, MotionEvent { action=ACTION_MOVE, id[0]=0, x[0]=308.0, y[0]=0.0, toolType[0]=TOOL_TYPE_UNKNOWN, buttonState=0, metaState=0, flags=0x0, edgeFlags=0x0, pointerCount=1, historySize=1, eventTime=230022, downTime=229897, deviceId=0, source=0x1002 }
D/InputEventConsistencyVerifier(  423):   3: sent at 229932000000, MotionEvent { action=ACTION_MOVE, id[0]=0, x[0]=336.5, y[0]=0.0, toolType[0]=TOOL_TYPE_UNKNOWN, buttonState=0, metaState=0, flags=0x0, edgeFlags=0x0, pointerCount=1, historySize=3, eventTime=229932, downTime=229897, deviceId=0, source=0x1002 }
D/InputEventConsistencyVerifier(  423):   4: sent at 229899000000, MotionEvent { action=ACTION_DOWN, id[0]=0, x[0]=374.0, y[0]=20.0, toolType[0]=TOOL_TYPE_UNKNOWN, buttonState=0, metaState=0, flags=0x0, edgeFlags=0x0, pointerCount=1, historySize=0, eventTime=229899, downTime=229897, deviceId=0, source=0x1002 }
D/InputEventConsistencyVerifier(  423):   5: sent at 212054000000, MotionEvent { action=ACTION_UP, id[0]=0, x[0]=480.0, y[0]=584.0, toolType[0]=TOOL_TYPE_UNKNOWN, buttonState=0, metaState=0, flags=0x0, edgeFlags=0x0, pointerCount=1, historySize=0, eventTime=212054, downTime=211891, deviceId=0, source=0x1002 }
W/dalvikvm(  423): DroidBox: { "FdAccess": { "path": "2f70726f632f6d656d696e666f", "id": "766271289" } }
W/DroidBox(  423): DroidBox: { "FileRW": { "operation": "read", "data": "4d656d546f74616c3a202020202020202020373438393634206b420a4d656d467265653a20202020202020202020343237343038206b420a427566666572733a20202020202020202020202035373430206b420a4361636865643a202020202020202020", "id": "766271289" } }
I/Choreographer(  423): Skipped 96 frames!  The application may be doing too much work on its main thread.
W/dalvikvm(  423): DroidBox: { "FdAccess": { "path": "2f70726f632f6d656d696e666f", "id": "7476492" } }
W/DroidBox(  423): DroidBox: { "FileRW": { "operation": "read", "data": "4d656d546f74616c3a202020202020202020373438393634206b420a4d656d467265653a20202020202020202020343237343038206b420a427566666572733a20202020202020202020202035373430206b420a4361636865643a202020202020202020", "id": "7476492" } }
D/InputEventConsistencyVerifier(  423): KeyEvent: ACTION_UP but key was not down.
D/InputEventConsistencyVerifier(  423):   in com.android.systemui.statusbar.phone.StatusBarWindowView@b3e141d8
D/InputEventConsistencyVerifier(  423):   0: sent at 230581000000, KeyEvent { action=ACTION_UP, keyCode=KEYCODE_DPAD_UP, scanCode=0, metaState=0, flags=0x8, repeatCount=0, eventTime=230581, downTime=230581, deviceId=-1, source=0x101 }
D/InputEventConsistencyVerifier(  423):   -- recent events --
D/InputEventConsistencyVerifier(  423):   1: sent at 230504000000, MotionEvent { action=ACTION_UP, id[0]=0, x[0]=324.0, y[0]=372.0, toolType[0]=TOOL_TYPE_UNKNOWN, buttonState=0, metaState=0, flags=0x0, edgeFlags=0x0, pointerCount=1, historySize=0, eventTime=230504, downTime=230429, deviceId=0, source=0x1002 }
D/InputEventConsistencyVerifier(  423):   2: sent at 230429000000, MotionEvent { action=ACTION_DOWN, id[0]=0, x[0]=329.0, y[0]=380.0, toolType[0]=TOOL_TYPE_UNKNOWN, buttonState=0, metaState=0, flags=0x0, edgeFlags=0x0, pointerCount=1, historySize=0, eventTime=230429, downTime=230429, deviceId=0, source=0x1002 }
D/InputEventConsistencyVerifier(  423):   3: sent at 230409000000, (unhandled) KeyEvent { action=ACTION_UP, keyCode=KEYCODE_DPAD_CENTER, scanCode=0, metaState=0, flags=0x80000008, repeatCount=0, eventTime=230409, downTime=230409, deviceId=-1, source=0x101 }
D/InputEventConsistencyVerifier(  423):   4: sent at 230024000000, MotionEvent { action=ACTION_UP, id[0]=0, x[0]=302.0, y[0]=0.0, toolType[0]=TOOL_TYPE_UNKNOWN, buttonState=0, metaState=0, flags=0x0, edgeFlags=0x0, pointerCount=1, historySize=0, eventTime=230024, downTime=229897, deviceId=0, source=0x1002 }
D/InputEventConsistencyVerifier(  423):   5: sent at 230022000000, MotionEvent { action=ACTION_MOVE, id[0]=0, x[0]=308.0, y[0]=0.0, toolType[0]=TOOL_TYPE_UNKNOWN, buttonState=0, metaState=0, flags=0x0, edgeFlags=0x0, pointerCount=1, historySize=1, eventTime=230022, downTime=229897, deviceId=0, source=0x1002 }
I/Choreographer(  423): Skipped 32 frames!  The application may be doing too much work on its main thread.
D/PhoneStatusBar(  423): disable: < expand icons alerts TICKER* system_info back home recent clock >
V/PhoneStatusBar(  423): setLightsOn(true)
D/PhoneStatusBar(  423): disable: < expand icons alerts ticker* system_info back home recent clock >
W/InputMethodManagerService(  229): Window already focused, ignoring focus gain of: com.android.internal.view.IInputMethodClient$Stub$Proxy@b3f2f880 attribute=android.view.inputmethod.EditorInfo@b4145708
I/Choreographer( 1020): Skipped 126 frames!  The application may be doing too much work on its main thread.
I/Choreographer( 1020): Skipped 37 frames!  The application may be doing too much work on its main thread.
I/Choreographer( 1020): Skipped 31 frames!  The application may be doing too much work on its main thread.
I/Choreographer( 1020): Skipped 37 frames!  The application may be doing too much work on its main thread.
I/ActivityManager(  229): START {act=android.intent.action.MAIN cat=[android.intent.category.HOME] flg=0x10200000 cmp=com.android.launcher/com.android.launcher2.Launcher u=0} from pid 229
I/Choreographer( 1020): Skipped 31 frames!  The application may be doing too much work on its main thread.
I/Choreographer( 1020): Skipped 31 frames!  The application may be doing too much work on its main thread.
E/WVMExtractor(   62): Failed to open libwvm.so
I/ActivityManager(  229): START {act=android.intent.action.MAIN cat=[android.intent.category.LAUNCHER] flg=0x10200000 cmp=com.keji.danti400/com.keji.danti.MainA u=0} from pid 1001
I/InputDispatcher(  229): Dropped event because of pending overdue app switch.
W/InputManager(  229): Input event injection from pid 1001 failed.
D/InputEventConsistencyVerifier( 1020): KeyEvent: ACTION_UP but key was not down.
D/InputEventConsistencyVerifier( 1020):   in com.android.internal.policy.impl.PhoneWindow$DecorView@b3ec5cd0
D/InputEventConsistencyVerifier( 1020):   0: sent at 232553000000, KeyEvent { action=ACTION_UP, keyCode=KEYCODE_DPAD_LEFT, scanCode=0, metaState=0, flags=0x8, repeatCount=0, eventTime=232553, downTime=232553, deviceId=-1, source=0x101 }
D/InputEventConsistencyVerifier( 1020):   -- recent events --
D/InputEventConsistencyVerifier( 1020):   1: sent at 232406000000, MotionEvent { action=ACTION_UP, id[0]=0, x[0]=146.0, y[0]=425.33334, toolType[0]=TOOL_TYPE_UNKNOWN, buttonState=0, metaState=0, flags=0x0, edgeFlags=0x0, pointerCount=1, historySize=0, eventTime=232406, downTime=232324, deviceId=0, source=0x1002 }
D/InputEventConsistencyVerifier( 1020):   2: sent at 232403000000, MotionEvent { action=ACTION_MOVE, id[0]=0, x[0]=150.0, y[0]=429.33334, toolType[0]=TOOL_TYPE_UNKNOWN, buttonState=0, metaState=0, flags=0x0, edgeFlags=0x0, pointerCount=1, historySize=6, eventTime=232403, downTime=232324, deviceId=0, source=0x1002 }
D/InputEventConsistencyVerifier( 1020):   3: sent at 232327000000, MotionEvent { action=ACTION_DOWN, id[0]=0, x[0]=161.33334, y[0]=445.33334, toolType[0]=TOOL_TYPE_UNKNOWN, buttonState=0, metaState=0, flags=0x0, edgeFlags=0x0, pointerCount=1, historySize=0, eventTime=232327, downTime=232324, deviceId=0, source=0x1002 }
D/InputEventConsistencyVerifier( 1020):   4: sent at 230911000000, (unhandled) KeyEvent { action=ACTION_UP, keyCode=KEYCODE_3D_MODE, scanCode=0, metaState=0, flags=0x8, repeatCount=0, eventTime=230911, downTime=230911, deviceId=-1, source=0x101 }
D/InputEventConsistencyVerifier( 1020):   5: sent at 230833000000, (unhandled) KeyEvent { action=ACTION_DOWN, keyCode=KEYCODE_3D_MODE, scanCode=0, metaState=0, flags=0x8, repeatCount=0, eventTime=230833, downTime=230833, deviceId=-1, source=0x101 }
E/MetadataRetrieverClient(   62): failed to extract an album art
I/Choreographer( 1020): Skipped 32 frames!  The application may be doing too much work on its main thread.
E/WVMExtractor(   62): Failed to open libwvm.so
E/MetadataRetrieverClient(   62): failed to extract an album art
I/ActivityManager(  229): No longer want com.android.contacts (pid 699): hidden #16
D/InputEventConsistencyVerifier( 1020): KeyEvent: ACTION_UP but key was not down.
D/InputEventConsistencyVerifier( 1020):   in android.view.ViewRootImpl@b400aa38
D/InputEventConsistencyVerifier( 1020):   0: sent at 232966000000, KeyEvent { action=ACTION_UP, keyCode=KEYCODE_DPAD_DOWN, scanCode=0, metaState=0, flags=0x8, repeatCount=0, eventTime=232966, downTime=232966, deviceId=-1, source=0x101 }
D/InputEventConsistencyVerifier( 1020):   -- recent events --
D/InputEventConsistencyVerifier( 1020):   1: sent at 233123000000, KeyEvent { action=ACTION_UP, keyCode=KEYCODE_DPAD_UP, scanCode=0, metaState=0, flags=0x400, repeatCount=0, eventTime=233123, downTime=233123, deviceId=-1, source=0x101 }
D/InputEventConsistencyVerifier( 1020):   2: sent at 233123000000, KeyEvent { action=ACTION_DOWN, keyCode=KEYCODE_DPAD_UP, scanCode=0, metaState=0, flags=0x400, repeatCount=0, eventTime=233123, downTime=233123, deviceId=-1, source=0x101 }
D/InputEventConsistencyVerifier( 1020):   3: sent at 233110000000, KeyEvent { action=ACTION_UP, keyCode=KEYCODE_DPAD_UP, scanCode=0, metaState=0, flags=0x400, repeatCount=0, eventTime=233110, downTime=233110, deviceId=-1, source=0x101 }
D/InputEventConsistencyVerifier( 1020):   4: sent at 233110000000, KeyEvent { action=ACTION_DOWN, keyCode=KEYCODE_DPAD_UP, scanCode=0, metaState=0, flags=0x400, repeatCount=0, eventTime=233110, downTime=233110, deviceId=-1, source=0x101 }
D/InputEventConsistencyVerifier( 1020):   5: sent at 233109000000, KeyEvent { action=ACTION_UP, keyCode=KEYCODE_DPAD_UP, scanCode=0, metaState=0, flags=0x400, repeatCount=0, eventTime=233109, downTime=233109, deviceId=-1, source=0x101 }
D/InputEventConsistencyVerifier( 1020): KeyEvent: ACTION_UP but key was not down.
D/InputEventConsistencyVerifier( 1020):   in com.android.internal.policy.impl.PhoneWindow$DecorView@b3ec5cd0
D/InputEventConsistencyVerifier( 1020):   0: sent at 234239000000, KeyEvent { action=ACTION_UP, keyCode=KEYCODE_DPAD_CENTER, scanCode=0, metaState=0, flags=0x8, repeatCount=0, eventTime=234239, downTime=234239, deviceId=-1, source=0x101 }
D/InputEventConsistencyVerifier( 1020):   -- recent events --
D/InputEventConsistencyVerifier( 1020):   1: sent at 233170000000, (unhandled) MotionEvent { action=ACTION_UP, id[0]=0, x[0]=31.333334, y[0]=45.333336, toolType[0]=TOOL_TYPE_UNKNOWN, buttonState=0, metaState=0, flags=0x0, edgeFlags=0x0, pointerCount=1, historySize=0, eventTime=233170, downTime=233163, deviceId=0, source=0x1002 }
D/InputEventConsistencyVerifier( 1020):   2: sent at 233164000000, (unhandled) MotionEvent { action=ACTION_DOWN, id[0]=0, x[0]=44.0, y[0]=34.666668, toolType[0]=TOOL_TYPE_UNKNOWN, buttonState=0, metaState=0, flags=0x0, edgeFlags=0x0, pointerCount=1, historySize=0, eventTime=233164, downTime=233163, deviceId=0, source=0x1002 }
D/InputEventConsistencyVerifier( 1020):   3: sent at 232966000000, (unhandled) KeyEvent { action=ACTION_UP, keyCode=KEYCODE_DPAD_DOWN, scanCode=0, metaState=0, flags=0x80000008, repeatCount=0, eventTime=232966, downTime=232966, deviceId=-1, source=0x101 }
D/InputEventConsistencyVerifier( 1020):   4: sent at 233123000000, (unhandled) KeyEvent { action=ACTION_UP, keyCode=KEYCODE_DPAD_UP, scanCode=0, metaState=0, flags=0x400, repeatCount=0, eventTime=233123, downTime=233123, deviceId=-1, source=0x101 }
D/InputEventConsistencyVerifier( 1020):   5: sent at 233123000000, (unhandled) KeyEvent { action=ACTION_DOWN, keyCode=KEYCODE_DPAD_UP, scanCode=0, metaState=0, flags=0x400, repeatCount=0, eventTime=233123, downTime=233123, deviceId=-1, source=0x101 }
D/InputEventConsistencyVerifier( 1020): KeyEvent: ACTION_UP but key was not down.
D/InputEventConsistencyVerifier( 1020):   in com.android.internal.policy.impl.PhoneWindow$DecorView@b3ec5cd0
D/InputEventConsistencyVerifier( 1020):   0: sent at 234754000000, KeyEvent { action=ACTION_UP, keyCode=KEYCODE_DPAD_CENTER, scanCode=0, metaState=0, flags=0x8, repeatCount=0, eventTime=234754, downTime=234754, deviceId=-1, source=0x101 }
D/InputEventConsistencyVerifier( 1020):   -- recent events --
D/InputEventConsistencyVerifier( 1020):   1: sent at 234698000000, MotionEvent { action=ACTION_UP, id[0]=0, x[0]=207.33334, y[0]=212.0, toolType[0]=TOOL_TYPE_UNKNOWN, buttonState=0, metaState=0, flags=0x0, edgeFlags=0x0, pointerCount=1, historySize=0, eventTime=234698, downTime=234693, deviceId=0, source=0x1002 }
D/InputEventConsistencyVerifier( 1020):   2: sent at 234693000000, MotionEvent { action=ACTION_DOWN, id[0]=0, x[0]=202.66667, y[0]=212.66667, toolType[0]=TOOL_TYPE_UNKNOWN, buttonState=0, metaState=0, flags=0x0, edgeFlags=0x0, pointerCount=1, historySize=0, eventTime=234693, downTime=234693, deviceId=0, source=0x1002 }
D/InputEventConsistencyVerifier( 1020):   3: sent at 234677000000, MotionEvent { action=ACTION_UP, id[0]=0, x[0]=39.333336, y[0]=441.33334, toolType[0]=TOOL_TYPE_UNKNOWN, buttonState=0, metaState=0, flags=0x0, edgeFlags=0x0, pointerCount=1, historySize=0, eventTime=234677, downTime=234635, deviceId=0, source=0x1002 }
D/InputEventConsistencyVerifier( 1020):   4: sent at 234674000000, MotionEvent { action=ACTION_MOVE, id[0]=0, x[0]=39.333336, y[0]=450.0, toolType[0]=TOOL_TYPE_UNKNOWN, buttonState=0, metaState=0, flags=0x0, edgeFlags=0x0, pointerCount=1, historySize=4, eventTime=234674, downTime=234635, deviceId=0, source=0x1002 }
D/InputEventConsistencyVerifier( 1020):   5: sent at 234637000000, MotionEvent { action=ACTION_DOWN, id[0]=0, x[0]=60.0, y[0]=476.0, toolType[0]=TOOL_TYPE_UNKNOWN, buttonState=0, metaState=0, flags=0x0, edgeFlags=0x0, pointerCount=1, historySize=0, eventTime=234637, downTime=234635, deviceId=0, source=0x1002 }
I/ActivityManager(  229): START {act=android.intent.action.CALL_BUTTON flg=0x10000000 cmp=com.android.contacts/.activities.DialtactsActivity u=0} from pid 1020
D/InputEventConsistencyVerifier( 1020): KeyEvent: ACTION_UP but key was not down.
D/InputEventConsistencyVerifier( 1020):   in com.android.internal.policy.impl.PhoneWindow$DecorView@b3ec5cd0
D/InputEventConsistencyVerifier( 1020):   0: sent at 235589000000, KeyEvent { action=ACTION_UP, keyCode=KEYCODE_DPAD_LEFT, scanCode=0, metaState=0, flags=0x400, repeatCount=0, eventTime=235589, downTime=235589, deviceId=-1, source=0x101 }
D/InputEventConsistencyVerifier( 1020):   -- recent events --
D/InputEventConsistencyVerifier( 1020):   1: sent at 235548000000, (unhandled) MotionEvent { action=ACTION_MOVE, id[0]=0, x[0]=-4.0, y[0]=0.0, toolType[0]=TOOL_TYPE_UNKNOWN, buttonState=0, metaState=0, flags=0x0, edgeFlags=0x0, pointerCount=1, historySize=9, eventTime=235548, downTime=-1, deviceId=0, source=0x10004 }
D/InputEventConsistencyVerifier( 1020):   2: sent at 235487000000, MotionEvent { action=ACTION_UP, id[0]=0, x[0]=172.0, y[0]=271.33334, toolType[0]=TOOL_TYPE_UNKNOWN, buttonState=0, metaState=0, flags=0x0, edgeFlags=0x0, pointerCount=1, historySize=0, eventTime=235487, downTime=235480, deviceId=0, source=0x1002 }
D/InputEventConsistencyVerifier( 1020):   3: sent at 235481000000, MotionEvent { action=ACTION_DOWN, id[0]=0, x[0]=172.66667, y[0]=268.0, toolType[0]=TOOL_TYPE_UNKNOWN, buttonState=0, metaState=0, flags=0x0, edgeFlags=0x0, pointerCount=1, historySize=0, eventTime=235481, downTime=235480, deviceId=0, source=0x1002 }
D/InputEventConsistencyVerifier( 1020):   4: sent at 235463000000, MotionEvent { action=ACTION_UP, id[0]=0, x[0]=40.666668, y[0]=300.0, toolType[0]=TOOL_TYPE_UNKNOWN, buttonState=0, metaState=0, flags=0x0, edgeFlags=0x0, pointerCount=1, historySize=0, eventTime=235463, downTime=235457, deviceId=0, source=0x1002 }
D/InputEventConsistencyVerifier( 1020):   5: sent at 235457000000, MotionEvent { action=ACTION_DOWN, id[0]=0, x[0]=41.333336, y[0]=300.0, toolType[0]=TOOL_TYPE_UNKNOWN, buttonState=0, metaState=0, flags=0x0, edgeFlags=0x0, pointerCount=1, historySize=0, eventTime=235457, downTime=235457, deviceId=0, source=0x1002 }
I/Choreographer( 1020): Skipped 32 frames!  The application may be doing too much work on its main thread.
D/InputEventConsistencyVerifier( 1020): KeyEvent: ACTION_UP but key was not down.
D/InputEventConsistencyVerifier( 1020):   in com.android.internal.policy.impl.PhoneWindow$DecorView@b4024918
D/InputEventConsistencyVerifier( 1020):   0: sent at 236790000000, KeyEvent { action=ACTION_UP, keyCode=KEYCODE_DPAD_RIGHT, scanCode=0, metaState=0, flags=0x400, repeatCount=0, eventTime=236790, downTime=236790, deviceId=-1, source=0x101 }
D/InputEventConsistencyVerifier( 1020):   -- recent events --
D/InputEventConsistencyVerifier( 1020):   1: sent at 236480000000, (unhandled) MotionEvent { action=ACTION_MOVE, id[0]=0, x[0]=2.0, y[0]=0.0, toolType[0]=TOOL_TYPE_UNKNOWN, buttonState=0, metaState=0, flags=0x0, edgeFlags=0x0, pointerCount=1, historySize=9, eventTime=236480, downTime=-1, deviceId=0, source=0x10004 }
D/InputEventConsistencyVerifier( 1020):   2: sent at 236644000000, (unhandled) MotionEvent { action=ACTION_UP, id[0]=0, x[0]=148.66667, y[0]=-234.0, toolType[0]=TOOL_TYPE_UNKNOWN, buttonState=0, metaState=0, flags=0x0, edgeFlags=0x0, pointerCount=1, historySize=0, eventTime=236644, downTime=236487, deviceId=0, source=0x1002 }
D/InputEventConsistencyVerifier( 1020):   3: sent at 236541000000, (unhandled) MotionEvent { action=ACTION_MOVE, id[0]=0, x[0]=144.0, y[0]=-232.0, toolType[0]=TOOL_TYPE_UNKNOWN, buttonState=0, metaState=0, flags=0x0, edgeFlags=0x0, pointerCount=1, historySize=4, eventTime=236541, downTime=236487, deviceId=0, source=0x1002 }
D/InputEventConsistencyVerifier( 1020):   4: sent at 236489000000, MotionEvent { action=ACTION_DOWN, id[0]=0, x[0]=126.0, y[0]=-215.33334, toolType[0]=TOOL_TYPE_UNKNOWN, buttonState=0, metaState=0, flags=0x0, edgeFlags=0x0, pointerCount=1, historySize=0, eventTime=236489, downTime=236487, deviceId=0, source=0x1002 }
D/InputEventConsistencyVerifier( 1020):   5: sent at 236421000000, (unhandled) KeyEvent { action=ACTION_UP, keyCode=KEYCODE_DPAD_UP, scanCode=0, metaState=0, flags=0x8, repeatCount=0, eventTime=236421, downTime=236421, deviceId=-1, source=0x101 }
W/DroidBox( 1073): DroidBox: { "ServiceStart": { "name": "com.android.music.MediaPlaybackService" } }
W/DroidBox( 1073): DroidBox: { "ServiceStart": { "name": "com.android.music.MediaPlaybackService" } }
I/AudioService(  229):  AudioFocus  requestAudioFocus() from android.media.AudioManager@b3df3ed0com.android.music.MediaPlaybackService$3@b3df1d48
I/AudioService(  229):   Remote Control   registerMediaButtonIntent() for PendingIntent{b3fb0130: PendingIntentRecord{b4013248 com.android.music broadcastIntent}}
I/Choreographer( 1020): Skipped 35 frames!  The application may be doing too much work on its main thread.
I/Choreographer( 1020): Skipped 173 frames!  The application may be doing too much work on its main thread.
I/Choreographer( 1020): Skipped 138 frames!  The application may be doing too much work on its main thread.
I/Choreographer( 1020): Skipped 53 frames!  The application may be doing too much work on its main thread.
I/ActivityManager(  229): START {act=android.intent.action.SENDTO dat=smsto: cmp=com.android.mms/.ui.ComposeMessageActivity (has extras) u=0} from pid 1020
I/Choreographer( 1020): Skipped 34 frames!  The application may be doing too much work on its main thread.
I/Choreographer( 1020): Skipped 34 frames!  The application may be doing too much work on its main thread.
W/InputMethodManagerService(  229): Window already focused, ignoring focus gain of: com.android.internal.view.IInputMethodClient$Stub$Proxy@b42c32b8 attribute=null
I/Choreographer( 1020): Skipped 122 frames!  The application may be doing too much work on its main thread.
I/Choreographer( 1020): Skipped 181 frames!  The application may be doing too much work on its main thread.
I/qtaguid (  229): Failed write_ctrl(s 1 10050) res=-1 errno=1
W/NetworkManagementSocketTagger(  229): setKernelCountSet(10050, 1) failed with errno -1
I/qtaguid (  229): Failed write_ctrl(s 0 10019) res=-1 errno=1
W/NetworkManagementSocketTagger(  229): setKernelCountSet(10019, 0) failed with errno -1
I/Choreographer( 1020): Skipped 91 frames!  The application may be doing too much work on its main thread.
I/ActivityManager(  229): START {act=android.intent.action.MAIN cat=[android.intent.category.LAUNCHER] flg=0x10200000 cmp=com.keji.danti400/com.keji.danti.MainA u=0} from pid 1001
D/InputEventConsistencyVerifier( 1020): KeyEvent: ACTION_UP but key was not down.
D/InputEventConsistencyVerifier( 1020):   in android.widget.LinearLayout@b3fe3688
D/InputEventConsistencyVerifier( 1020):   0: sent at 243932000000, KeyEvent { action=ACTION_UP, keyCode=KEYCODE_NUMPAD_2, scanCode=0, metaState=0, flags=0x8, repeatCount=0, eventTime=243932, downTime=243932, deviceId=-1, source=0x101 }
D/InputEventConsistencyVerifier( 1020): KeyEvent: ACTION_UP but key was not down.
D/InputEventConsistencyVerifier( 1020):   in android.widget.LinearLayout@b3fe3688
D/InputEventConsistencyVerifier( 1020):   0: sent at 243932000000, KeyEvent { action=ACTION_UP, keyCode=KEYCODE_DPAD_DOWN, scanCode=0, metaState=0, flags=0x8, repeatCount=0, eventTime=243932, downTime=243932, deviceId=-1, source=0x101 }
D/InputEventConsistencyVerifier( 1020):   -- recent events --
D/InputEventConsistencyVerifier( 1020):   1: sent at 243932000000, (unhandled) KeyEvent { action=ACTION_UP, keyCode=KEYCODE_NUMPAD_2, scanCode=0, metaState=0, flags=0x80000008, repeatCount=0, eventTime=243932, downTime=243932, deviceId=-1, source=0x101 }
D/InputEventConsistencyVerifier( 1020): KeyEvent: ACTION_UP but key was not down.
D/InputEventConsistencyVerifier( 1020):   in com.android.internal.policy.impl.PhoneWindow$DecorView@b402fd58
D/InputEventConsistencyVerifier( 1020):   0: sent at 244060000000, KeyEvent { action=ACTION_UP, keyCode=KEYCODE_DPAD_UP, scanCode=0, metaState=0, flags=0x8, repeatCount=0, eventTime=244060, downTime=244060, deviceId=-1, source=0x101 }
D/InputEventConsistencyVerifier( 1020):   -- recent events --
D/InputEventConsistencyVerifier( 1020):   1: sent at 244032000000, MotionEvent { action=ACTION_UP, id[0]=0, x[0]=162.66667, y[0]=306.66666, toolType[0]=TOOL_TYPE_UNKNOWN, buttonState=0, metaState=0, flags=0x0, edgeFlags=0x0, pointerCount=1, historySize=0, eventTime=244032, downTime=244025, deviceId=0, source=0x1002 }
D/InputEventConsistencyVerifier( 1020):   2: sent at 244026000000, MotionEvent { action=ACTION_DOWN, id[0]=0, x[0]=162.66667, y[0]=313.33334, toolType[0]=TOOL_TYPE_UNKNOWN, buttonState=0, metaState=0, flags=0x0, edgeFlags=0x0, pointerCount=1, historySize=0, eventTime=244026, downTime=244025, deviceId=0, source=0x1002 }
D/InputEventConsistencyVerifier( 1020):   3: sent at 244001000000, (unhandled) MotionEvent { action=ACTION_UP, id[0]=0, x[0]=232.66667, y[0]=432.66666, toolType[0]=TOOL_TYPE_UNKNOWN, buttonState=0, metaState=0, flags=0x0, edgeFlags=0x0, pointerCount=1, historySize=0, eventTime=244001, downTime=243995, deviceId=0, source=0x1002 }
D/InputEventConsistencyVerifier( 1020):   4: sent at 243996000000, (unhandled) MotionEvent { action=ACTION_DOWN, id[0]=0, x[0]=229.33334, y[0]=438.66666, toolType[0]=TOOL_TYPE_UNKNOWN, buttonState=0, metaState=0, flags=0x0, edgeFlags=0x0, pointerCount=1, historySize=0, eventTime=243996, downTime=243995, deviceId=0, source=0x1002 }
D/InputEventConsistencyVerifier( 1020):   5: sent at 243982000000, (unhandled) KeyEvent { action=ACTION_UP, keyCode=KEYCODE_MENU, scanCode=0, metaState=0, flags=0x8, repeatCount=0, eventTime=243982, downTime=243982, deviceId=-1, source=0x101 }
I/Choreographer( 1020): Skipped 109 frames!  The application may be doing too much work on its main thread.
D/InputEventConsistencyVerifier( 1020): TrackballEvent: Trackball is down but pressure is not greater than 0.
D/InputEventConsistencyVerifier( 1020):   in android.view.ViewRootImpl@b44e9ef0
D/InputEventConsistencyVerifier( 1020):   0: sent at 244150000000, MotionEvent { action=ACTION_DOWN, id[0]=0, x[0]=0.0, y[0]=0.0, toolType[0]=TOOL_TYPE_UNKNOWN, buttonState=0, metaState=0, flags=0x0, edgeFlags=0x0, pointerCount=1, historySize=0, eventTime=244150, downTime=244077, deviceId=0, source=0x10004 }
D/InputEventConsistencyVerifier( 1020):   -- recent events --
D/InputEventConsistencyVerifier( 1020):   1: sent at 244195000000, KeyEvent { action=ACTION_UP, keyCode=KEYCODE_DPAD_UP, scanCode=0, metaState=0, flags=0x400, repeatCount=0, eventTime=244195, downTime=244195, deviceId=-1, source=0x101 }
D/InputEventConsistencyVerifier( 1020):   2: sent at 244195000000, KeyEvent { action=ACTION_DOWN, keyCode=KEYCODE_DPAD_UP, scanCode=0, metaState=0, flags=0x400, repeatCount=0, eventTime=244195, downTime=244195, deviceId=-1, source=0x101 }
D/InputEventConsistencyVerifier( 1020):   3: sent at 244194000000, KeyEvent { action=ACTION_UP, keyCode=KEYCODE_DPAD_UP, scanCode=0, metaState=0, flags=0x400, repeatCount=0, eventTime=244194, downTime=244194, deviceId=-1, source=0x101 }
D/InputEventConsistencyVerifier( 1020):   4: sent at 244194000000, KeyEvent { action=ACTION_DOWN, keyCode=KEYCODE_DPAD_UP, scanCode=0, metaState=0, flags=0x400, repeatCount=0, eventTime=244194, downTime=244194, deviceId=-1, source=0x101 }
D/InputEventConsistencyVerifier( 1020):   5: sent at 244193000000, KeyEvent { action=ACTION_UP, keyCode=KEYCODE_DPAD_UP, scanCode=0, metaState=0, flags=0x400, repeatCount=0, eventTime=244193, downTime=244193, deviceId=-1, source=0x101 }
I/ActivityManager(  229): START {act=android.intent.action.SENDTO dat=smsto: cmp=com.android.mms/.ui.ComposeMessageActivity (has extras) u=0} from pid 1020
I/ActivityManager(  229): START {act=android.intent.action.SENDTO dat=smsto: cmp=com.android.mms/.ui.ComposeMessageActivity (has extras) u=0} from pid 1020
D/InputEventConsistencyVerifier( 1020): KeyEvent: ACTION_UP but key was not down.
D/InputEventConsistencyVerifier( 1020):   in android.view.ViewRootImpl@b400aa38
D/InputEventConsistencyVerifier( 1020):   0: sent at 244571000000, KeyEvent { action=ACTION_UP, keyCode=KEYCODE_DPAD_UP, scanCode=0, metaState=0, flags=0x8, repeatCount=0, eventTime=244571, downTime=244571, deviceId=-1, source=0x101 }
D/InputEventConsistencyVerifier( 1020):   -- recent events --
D/InputEventConsistencyVerifier( 1020):   1: sent at 241054000000, MotionEvent { action=ACTION_UP, id[0]=0, x[0]=70.0, y[0]=727.0, toolType[0]=TOOL_TYPE_UNKNOWN, buttonState=0, metaState=0, flags=0x0, edgeFlags=0x0, pointerCount=1, historySize=0, eventTime=241054, downTime=241033, deviceId=0, source=0x1002 }
D/InputEventConsistencyVerifier( 1020):   2: sent at 241051000000, MotionEvent { action=ACTION_MOVE, id[0]=0, x[0]=72.0, y[0]=723.0, toolType[0]=TOOL_TYPE_UNKNOWN, buttonState=0, metaState=0, flags=0x0, edgeFlags=0x0, pointerCount=1, historySize=1, eventTime=241051, downTime=241033, deviceId=0, source=0x1002 }
D/InputEventConsistencyVerifier( 1020):   3: sent at 241034000000, MotionEvent { action=ACTION_DOWN, id[0]=0, x[0]=88.0, y[0]=714.0, toolType[0]=TOOL_TYPE_UNKNOWN, buttonState=0, metaState=0, flags=0x0, edgeFlags=0x0, pointerCount=1, historySize=0, eventTime=241034, downTime=241033, deviceId=0, source=0x1002 }
D/InputEventConsistencyVerifier( 1020):   4: sent at 240905000000, KeyEvent { action=ACTION_UP, keyCode=KEYCODE_MENU, scanCode=0, metaState=0, flags=0x8, repeatCount=0, eventTime=240905, downTime=240905, deviceId=-1, source=0x101 }
D/InputEventConsistencyVerifier( 1020):   5: sent at 240807000000, KeyEvent { action=ACTION_DOWN, keyCode=KEYCODE_MENU, scanCode=0, metaState=0, flags=0x8, repeatCount=0, eventTime=240807, downTime=240807, deviceId=-1, source=0x101 }
I/Choreographer( 1020): Skipped 39 frames!  The application may be doing too much work on its main thread.
W/InputMethodManagerService(  229): Window already focused, ignoring focus gain of: com.android.internal.view.IInputMethodClient$Stub$Proxy@b3f0a230 attribute=null
D/InputEventConsistencyVerifier(  423): TouchEvent: ACTION_DOWN but pointers are already down.  Probably missing ACTION_UP from previous gesture.
D/InputEventConsistencyVerifier(  423):   in android.view.ScaleGestureDetector@b3eb5018
D/InputEventConsistencyVerifier(  423):   0: sent at 244962000000, MotionEvent { action=ACTION_DOWN, id[0]=0, x[0]=284.0, y[0]=30.0, toolType[0]=TOOL_TYPE_UNKNOWN, buttonState=0, metaState=0, flags=0x0, edgeFlags=0x0, pointerCount=1, historySize=0, eventTime=244962, downTime=244959, deviceId=0, source=0x1002 }
D/InputEventConsistencyVerifier(  423):   -- recent events --
D/InputEventConsistencyVerifier(  423):   1: sent at 230429000000, MotionEvent { action=ACTION_DOWN, id[0]=0, x[0]=329.0, y[0]=380.0, toolType[0]=TOOL_TYPE_UNKNOWN, buttonState=0, metaState=0, flags=0x0, edgeFlags=0x0, pointerCount=1, historySize=0, eventTime=230429, downTime=230429, deviceId=0, source=0x1002 }
D/InputEventConsistencyVerifier(  423):   2: sent at 230024000000, MotionEvent { action=ACTION_UP, id[0]=0, x[0]=302.0, y[0]=0.0, toolType[0]=TOOL_TYPE_UNKNOWN, buttonState=0, metaState=0, flags=0x0, edgeFlags=0x0, pointerCount=1, historySize=0, eventTime=230024, downTime=229897, deviceId=0, source=0x1002 }
D/InputEventConsistencyVerifier(  423):   3: sent at 230022000000, MotionEvent { action=ACTION_MOVE, id[0]=0, x[0]=308.0, y[0]=0.0, toolType[0]=TOOL_TYPE_UNKNOWN, buttonState=0, metaState=0, flags=0x0, edgeFlags=0x0, pointerCount=1, historySize=1, eventTime=230022, downTime=229897, deviceId=0, source=0x1002 }
D/InputEventConsistencyVerifier(  423):   4: sent at 229932000000, MotionEvent { action=ACTION_MOVE, id[0]=0, x[0]=336.5, y[0]=0.0, toolType[0]=TOOL_TYPE_UNKNOWN, buttonState=0, metaState=0, flags=0x0, edgeFlags=0x0, pointerCount=1, historySize=3, eventTime=229932, downTime=229897, deviceId=0, source=0x1002 }
D/InputEventConsistencyVerifier(  423):   5: sent at 229899000000, MotionEvent { action=ACTION_DOWN, id[0]=0, x[0]=374.0, y[0]=20.0, toolType[0]=TOOL_TYPE_UNKNOWN, buttonState=0, metaState=0, flags=0x80000000, edgeFlags=0x0, pointerCount=1, historySize=0, eventTime=229899, downTime=229897, deviceId=0, source=0x1002 }
W/dalvikvm(  423): DroidBox: { "FdAccess": { "path": "2f70726f632f6d656d696e666f", "id": "209140942" } }
W/DroidBox(  423): DroidBox: { "FileRW": { "operation": "read", "data": "4d656d546f74616c3a202020202020202020373438393634206b420a4d656d467265653a20202020202020202020343332373336206b420a427566666572733a20202020202020202020202035373830206b420a4361636865643a202020202020202020", "id": "209140942" } }
I/ActivityManager(  229): START {act=android.intent.action.MAIN cat=[android.intent.category.LAUNCHER] flg=0x10000000 cmp=com.android.contacts/.activities.PeopleActivity sel={act=android.intent.action.MAIN cat=[android.intent.category.APP_CONTACTS]} u=0} from pid 229
I/Choreographer(  423): Skipped 32 frames!  The application may be doing too much work on its main thread.
D/InputEventConsistencyVerifier(  423): KeyEvent: ACTION_UP but key was not down.
D/InputEventConsistencyVerifier(  423):   in com.android.systemui.statusbar.phone.StatusBarWindowView@b3e141d8
D/InputEventConsistencyVerifier(  423):   0: sent at 245166000000, KeyEvent { action=ACTION_UP, keyCode=KEYCODE_DPAD_RIGHT, scanCode=0, metaState=0, flags=0x8, repeatCount=0, eventTime=245166, downTime=245166, deviceId=-1, source=0x101 }
D/InputEventConsistencyVerifier(  423):   -- recent events --
D/InputEventConsistencyVerifier(  423):   1: sent at 245016000000, MotionEvent { action=ACTION_UP, id[0]=0, x[0]=205.0, y[0]=131.0, toolType[0]=TOOL_TYPE_UNKNOWN, buttonState=0, metaState=0, flags=0x0, edgeFlags=0x0, pointerCount=1, historySize=0, eventTime=245016, downTime=244959, deviceId=0, source=0x1002 }
D/InputEventConsistencyVerifier(  423):   2: sent at 245013000000, MotionEvent { action=ACTION_MOVE, id[0]=0, x[0]=214.0, y[0]=114.0, toolType[0]=TOOL_TYPE_UNKNOWN, buttonState=0, metaState=0, flags=0x0, edgeFlags=0x0, pointerCount=1, historySize=7, eventTime=245013, downTime=244959, deviceId=0, source=0x1002 }
D/InputEventConsistencyVerifier(  423):   3: sent at 244962000000, MotionEvent { action=ACTION_DOWN, id[0]=0, x[0]=284.0, y[0]=30.0, toolType[0]=TOOL_TYPE_UNKNOWN, buttonState=0, metaState=0, flags=0x0, edgeFlags=0x0, pointerCount=1, historySize=0, eventTime=244962, downTime=244959, deviceId=0, source=0x1002 }
D/InputEventConsistencyVerifier(  423):   4: sent at 230677000000, (unhandled) KeyEvent { action=ACTION_UP, keyCode=KEYCODE_DPAD_RIGHT, scanCode=0, metaState=0, flags=0x400, repeatCount=0, eventTime=230677, downTime=230677, deviceId=-1, source=0x101 }
D/InputEventConsistencyVerifier(  423):   5: sent at 230677000000, (unhandled) KeyEvent { action=ACTION_DOWN, keyCode=KEYCODE_DPAD_RIGHT, scanCode=0, metaState=0, flags=0x400, repeatCount=0, eventTime=230677, downTime=230677, deviceId=-1, source=0x101 }
W/dalvikvm(  423): DroidBox: { "FdAccess": { "path": "2f70726f632f6d656d696e666f", "id": "789724216" } }
W/DroidBox(  423): DroidBox: { "FileRW": { "operation": "read", "data": "4d656d546f74616c3a202020202020202020373438393634206b420a4d656d467265653a20202020202020202020343332373336206b420a427566666572733a20202020202020202020202035373830206b420a4361636865643a202020202020202020", "id": "789724216" } }
I/Choreographer(  423): Skipped 47 frames!  The application may be doing too much work on its main thread.
W/dalvikvm(  423): DroidBox: { "FdAccess": { "path": "2f70726f632f6d656d696e666f", "id": "183871640" } }
W/DroidBox(  423): DroidBox: { "FileRW": { "operation": "read", "data": "4d656d546f74616c3a202020202020202020373438393634206b420a4d656d467265653a20202020202020202020343332373336206b420a427566666572733a20202020202020202020202035373830206b420a4361636865643a202020202020202020", "id": "183871640" } }
V/PhoneStatusBar(  423): setLightsOn(true)
D/PhoneStatusBar(  423): disable: < expand icons alerts TICKER* system_info back home recent clock >
D/InputEventConsistencyVerifier(  423): KeyEvent: ACTION_UP but key was not down.
D/InputEventConsistencyVerifier(  423):   in com.android.systemui.statusbar.phone.StatusBarWindowView@b3e141d8
D/InputEventConsistencyVerifier(  423):   0: sent at 245521000000, KeyEvent { action=ACTION_UP, keyCode=KEYCODE_DPAD_UP, scanCode=0, metaState=0, flags=0x400, repeatCount=0, eventTime=245521, downTime=245521, deviceId=-1, source=0x101 }
D/InputEventConsistencyVerifier(  423):   -- recent events --
D/InputEventConsistencyVerifier(  423):   1: sent at 245420000000, (unhandled) MotionEvent { action=ACTION_MOVE, id[0]=0, x[0]=-1.0, y[0]=-1.0, toolType[0]=TOOL_TYPE_UNKNOWN, buttonState=0, metaState=0, flags=0x0, edgeFlags=0x0, pointerCount=1, historySize=7, eventTime=245420, downTime=-1, deviceId=0, source=0x10004 }
D/InputEventConsistencyVerifier(  423):   2: sent at 245307000000, (unhandled) KeyEvent { action=ACTION_UP, keyCode=KEYCODE_DPAD_RIGHT, scanCode=0, metaState=0, flags=0x400, repeatCount=0, eventTime=245307, downTime=245307, deviceId=-1, source=0x101 }
D/InputEventConsistencyVerifier(  423):   3: sent at 245307000000, (unhandled) KeyEvent { action=ACTION_DOWN, keyCode=KEYCODE_DPAD_RIGHT, scanCode=0, metaState=0, flags=0x400, repeatCount=0, eventTime=245307, downTime=245307, deviceId=-1, source=0x101 }
D/InputEventConsistencyVerifier(  423):   4: sent at 245307000000, (unhandled) KeyEvent { action=ACTION_UP, keyCode=KEYCODE_DPAD_RIGHT, scanCode=0, metaState=0, flags=0x400, repeatCount=0, eventTime=245307, downTime=245307, deviceId=-1, source=0x101 }
D/InputEventConsistencyVerifier(  423):   5: sent at 245307000000, (unhandled) KeyEvent { action=ACTION_DOWN, keyCode=KEYCODE_DPAD_RIGHT, scanCode=0, metaState=0, flags=0x400, repeatCount=0, eventTime=245307, downTime=245307, deviceId=-1, source=0x101 }
W/dalvikvm(  423): DroidBox: { "FdAccess": { "path": "2f70726f632f6d656d696e666f", "id": "1637114504" } }
W/DroidBox(  423): DroidBox: { "FileRW": { "operation": "read", "data": "4d656d546f74616c3a202020202020202020373438393634206b420a4d656d467265653a20202020202020202020343331363230206b420a427566666572733a20202020202020202020202035373830206b420a4361636865643a202020202020202020", "id": "1637114504" } }
I/Choreographer(  423): Skipped 31 frames!  The application may be doing too much work on its main thread.
W/dalvikvm(  423): DroidBox: { "FdAccess": { "path": "2f70726f632f6d656d696e666f", "id": "500031922" } }
W/DroidBox(  423): DroidBox: { "FileRW": { "operation": "read", "data": "4d656d546f74616c3a202020202020202020373438393634206b420a4d656d467265653a20202020202020202020343330313332206b420a427566666572733a20202020202020202020202035373830206b420a4361636865643a202020202020202020", "id": "500031922" } }
D/InputEventConsistencyVerifier(  423): KeyEvent: ACTION_UP but key was not down.
D/InputEventConsistencyVerifier(  423):   in android.widget.FrameLayout@b3e12f60
D/InputEventConsistencyVerifier(  423):   0: sent at 245807000000, KeyEvent { action=ACTION_UP, keyCode=KEYCODE_DPAD_DOWN, scanCode=0, metaState=0, flags=0x400, repeatCount=0, eventTime=245807, downTime=245807, deviceId=-1, source=0x101 }
D/InputEventConsistencyVerifier(  423):   -- recent events --
D/InputEventConsistencyVerifier(  423):   1: sent at 211832000000, (unhandled) KeyEvent { action=ACTION_UP, keyCode=KEYCODE_DPAD_CENTER, scanCode=0, metaState=0, flags=0x8, repeatCount=0, eventTime=211832, downTime=211832, deviceId=-1, source=0x101 }
D/InputEventConsistencyVerifier(  423):   2: sent at 211816000000, (unhandled) KeyEvent { action=ACTION_DOWN, keyCode=KEYCODE_DPAD_CENTER, scanCode=0, metaState=0, flags=0x8, repeatCount=0, eventTime=211816, downTime=211816, deviceId=-1, source=0x101 }
D/InputEventConsistencyVerifier(  423):   3: sent at 211823000000, (unhandled) KeyEvent { action=ACTION_UP, keyCode=KEYCODE_DPAD_DOWN, scanCode=0, metaState=0, flags=0x400, repeatCount=0, eventTime=211823, downTime=211823, deviceId=-1, source=0x101 }
D/InputEventConsistencyVerifier(  423):   4: sent at 211823000000, (unhandled) KeyEvent { action=ACTION_DOWN, keyCode=KEYCODE_DPAD_DOWN, scanCode=0, metaState=0, flags=0x400, repeatCount=0, eventTime=211823, downTime=211823, deviceId=-1, source=0x101 }
D/InputEventConsistencyVerifier(  423):   5: sent at 211823000000, (unhandled) KeyEvent { action=ACTION_UP, keyCode=KEYCODE_DPAD_DOWN, scanCode=0, metaState=0, flags=0x400, repeatCount=0, eventTime=211823, downTime=211823, deviceId=-1, source=0x101 }
D/InputEventConsistencyVerifier(  423): KeyEvent: ACTION_UP but key was not down.
D/InputEventConsistencyVerifier(  423):   in com.android.systemui.statusbar.phone.StatusBarWindowView@b3e141d8
D/InputEventConsistencyVerifier(  423):   0: sent at 246143000000, KeyEvent { action=ACTION_UP, keyCode=KEYCODE_DPAD_RIGHT, scanCode=0, metaState=0, flags=0x400, repeatCount=0, eventTime=246143, downTime=246143, deviceId=-1, source=0x101 }
D/InputEventConsistencyVerifier(  423):   -- recent events --
