W/dalvikvm(  430): DroidBox: { "FdAccess": { "path": "2f70726f632f6d656d696e666f", "id": "668736805" } }
W/DroidBox(  430): DroidBox: { "FileRW": { "operation": "read", "data": "4d656d546f74616c3a202020202020202020373438393634206b420a4d656d467265653a20202020202020202020343733373932206b420a427566666572733a20202020202020202020202034393136206b420a4361636865643a202020202020202020", "id": "668736805" } }
D/InputEventConsistencyVerifier(  430): TrackballEvent: Trackball is down but pressure is not greater than 0.
D/InputEventConsistencyVerifier(  430):   in android.view.ViewRootImpl@b3eedc18
D/InputEventConsistencyVerifier(  430):   0: sent at 123639000000, MotionEvent { action=ACTION_DOWN, id[0]=0, x[0]=0.0, y[0]=0.0, toolType[0]=TOOL_TYPE_UNKNOWN, buttonState=0, metaState=0, flags=0x0, edgeFlags=0x0, pointerCount=1, historySize=0, eventTime=123639, downTime=123560, deviceId=0, source=0x10004 }
D/InputEventConsistencyVerifier(  430):   -- recent events --
D/InputEventConsistencyVerifier(  430):   1: sent at 123636000000, MotionEvent { action=ACTION_MOVE, id[0]=0, x[0]=-1.0, y[0]=-1.0, toolType[0]=TOOL_TYPE_UNKNOWN, buttonState=0, metaState=0, flags=0x0, edgeFlags=0x0, pointerCount=1, historySize=9, eventTime=123636, downTime=-1, deviceId=0, source=0x10004 }
D/InputEventConsistencyVerifier(  430):   2: sent at 123530000000, MotionEvent { action=ACTION_UP, id[0]=0, x[0]=277.0, y[0]=312.0, toolType[0]=TOOL_TYPE_UNKNOWN, buttonState=0, metaState=0, flags=0x0, edgeFlags=0x0, pointerCount=1, historySize=0, eventTime=123530, downTime=123522, deviceId=0, source=0x1002 }
D/InputEventConsistencyVerifier(  430):   3: sent at 123523000000, MotionEvent { action=ACTION_DOWN, id[0]=0, x[0]=280.0, y[0]=321.0, toolType[0]=TOOL_TYPE_UNKNOWN, buttonState=0, metaState=0, flags=0x0, edgeFlags=0x0, pointerCount=1, historySize=0, eventTime=123523, downTime=123522, deviceId=0, source=0x1002 }
D/InputEventConsistencyVerifier(  430):   4: sent at 123483000000, MotionEvent { action=ACTION_UP, id[0]=0, x[0]=346.94153, y[0]=39.283913, toolType[0]=TOOL_TYPE_UNKNOWN, buttonState=0, metaState=0, flags=0x0, edgeFlags=0x0, pointerCount=1, historySize=0, eventTime=123483, downTime=123368, deviceId=0, source=0x1002 }
D/InputEventConsistencyVerifier(  430):   5: sent at 123409000000, MotionEvent { action=ACTION_POINTER_UP(1), id[0]=0, x[0]=346.94153, y[0]=39.283913, toolType[0]=TOOL_TYPE_UNKNOWN, id[1]=1, x[1]=451.0, y[1]=45.0, toolType[1]=TOOL_TYPE_UNKNOWN, buttonState=0, metaState=0, flags=0x0, edgeFlags=0x0, pointerCount=2, historySize=0, eventTime=123409, downTime=123368, deviceId=0, source=0x1002 }
D/InputEventConsistencyVerifier(  430): TrackballEvent: ACTION_UP but trackball is not down.
D/InputEventConsistencyVerifier(  430):   in com.android.systemui.statusbar.phone.PhoneStatusBarView@b3e5e330
D/InputEventConsistencyVerifier(  430):   0: sent at 123641000000, MotionEvent { action=ACTION_UP, id[0]=0, x[0]=0.0, y[0]=0.0, toolType[0]=TOOL_TYPE_UNKNOWN, buttonState=0, metaState=0, flags=0x0, edgeFlags=0x0, pointerCount=1, historySize=0, eventTime=123641, downTime=123560, deviceId=0, source=0x10004 }
D/InputEventConsistencyVerifier(  430):   -- recent events --
D/InputEventConsistencyVerifier(  430):   1: sent at 123483000000, MotionEvent { action=ACTION_UP, id[0]=0, x[0]=346.94153, y[0]=39.283913, toolType[0]=TOOL_TYPE_UNKNOWN, buttonState=0, metaState=0, flags=0x0, edgeFlags=0x0, pointerCount=1, historySize=0, eventTime=123483, downTime=123368, deviceId=0, source=0x1002 }
D/InputEventConsistencyVerifier(  430):   2: sent at 123409000000, MotionEvent { action=ACTION_POINTER_UP(1), id[0]=0, x[0]=346.94153, y[0]=39.283913, toolType[0]=TOOL_TYPE_UNKNOWN, id[1]=1, x[1]=451.0, y[1]=45.0, toolType[1]=TOOL_TYPE_UNKNOWN, buttonState=0, metaState=0, flags=0x0, edgeFlags=0x0, pointerCount=2, historySize=0, eventTime=123409, downTime=123368, deviceId=0, source=0x1002 }
D/InputEventConsistencyVerifier(  430):   3: sent at 123409081390, MotionEvent { action=ACTION_MOVE, id[0]=0, x[0]=346.94153, y[0]=39.283913, toolType[0]=TOOL_TYPE_UNKNOWN, id[1]=1, x[1]=451.0, y[1]=45.0, toolType[1]=TOOL_TYPE_UNKNOWN, buttonState=0, metaState=0, flags=0x0, edgeFlags=0x0, pointerCount=2, historySize=1, eventTime=123409, downTime=123368, deviceId=0, source=0x1002 }
D/InputEventConsistencyVerifier(  430):   4: sent at 123392000000, MotionEvent { action=ACTION_POINTER_DOWN(1), id[0]=0, x[0]=344.0, y[0]=31.0, toolType[0]=TOOL_TYPE_UNKNOWN, id[1]=1, x[1]=437.0, y[1]=46.0, toolType[1]=TOOL_TYPE_UNKNOWN, buttonState=0, metaState=0, flags=0x0, edgeFlags=0x0, pointerCount=2, historySize=0, eventTime=123392, downTime=123368, deviceId=0, source=0x1002 }
D/InputEventConsistencyVerifier(  430):   5: sent at 123370000000, MotionEvent { action=ACTION_DOWN, id[0]=0, x[0]=335.0, y[0]=23.0, toolType[0]=TOOL_TYPE_UNKNOWN, buttonState=0, metaState=0, flags=0x80000000, edgeFlags=0x0, pointerCount=1, historySize=0, eventTime=123370, downTime=123368, deviceId=0, source=0x1002 }
D/InputEventConsistencyVerifier(  430): KeyEvent: ACTION_UP but key was not down.
D/InputEventConsistencyVerifier(  430):   in com.android.systemui.statusbar.phone.StatusBarWindowView@b3e5c398
D/InputEventConsistencyVerifier(  430):   0: sent at 123716000000, KeyEvent { action=ACTION_UP, keyCode=KEYCODE_DPAD_CENTER, scanCode=0, metaState=0, flags=0x400, repeatCount=0, eventTime=123716, downTime=123716, deviceId=-1, source=0x101 }
D/InputEventConsistencyVerifier(  430):   -- recent events --
D/InputEventConsistencyVerifier(  430):   1: sent at 123641000000, (unhandled) MotionEvent { action=ACTION_UP, id[0]=0, x[0]=0.0, y[0]=0.0, toolType[0]=TOOL_TYPE_UNKNOWN, buttonState=0, metaState=0, flags=0x0, edgeFlags=0x0, pointerCount=1, historySize=0, eventTime=123641, downTime=123560, deviceId=0, source=0x10004 }
D/InputEventConsistencyVerifier(  430):   2: sent at 123639000000, (unhandled) MotionEvent { action=ACTION_DOWN, id[0]=0, x[0]=0.0, y[0]=0.0, toolType[0]=TOOL_TYPE_UNKNOWN, buttonState=0, metaState=0, flags=0x80000000, edgeFlags=0x0, pointerCount=1, historySize=0, eventTime=123639, downTime=123560, deviceId=0, source=0x10004 }
D/InputEventConsistencyVerifier(  430):   3: sent at 123636000000, (unhandled) MotionEvent { action=ACTION_MOVE, id[0]=0, x[0]=-1.0, y[0]=-1.0, toolType[0]=TOOL_TYPE_UNKNOWN, buttonState=0, metaState=0, flags=0x0, edgeFlags=0x0, pointerCount=1, historySize=9, eventTime=123636, downTime=-1, deviceId=0, source=0x10004 }
D/InputEventConsistencyVerifier(  430):   4: sent at 123530000000, MotionEvent { action=ACTION_UP, id[0]=0, x[0]=277.0, y[0]=312.0, toolType[0]=TOOL_TYPE_UNKNOWN, buttonState=0, metaState=0, flags=0x0, edgeFlags=0x0, pointerCount=1, historySize=0, eventTime=123530, downTime=123522, deviceId=0, source=0x1002 }
D/InputEventConsistencyVerifier(  430):   5: sent at 123523000000, MotionEvent { action=ACTION_DOWN, id[0]=0, x[0]=280.0, y[0]=321.0, toolType[0]=TOOL_TYPE_UNKNOWN, buttonState=0, metaState=0, flags=0x0, edgeFlags=0x0, pointerCount=1, historySize=0, eventTime=123523, downTime=123522, deviceId=0, source=0x1002 }
I/Choreographer(  430): Skipped 80 frames!  The application may be doing too much work on its main thread.
W/dalvikvm(  430): DroidBox: { "FdAccess": { "path": "2f70726f632f6d656d696e666f", "id": "755745285" } }
W/DroidBox(  430): DroidBox: { "FileRW": { "operation": "read", "data": "4d656d546f74616c3a202020202020202020373438393634206b420a4d656d467265653a20202020202020202020343733363638206b420a427566666572733a20202020202020202020202034393136206b420a4361636865643a202020202020202020", "id": "755745285" } }
D/PhoneStatusBar(  430): disable: < expand icons alerts TICKER* system_info back home recent clock >
V/PhoneStatusBar(  430): setLightsOn(true)
W/dalvikvm(  430): DroidBox: { "FdAccess": { "path": "2f70726f632f6d656d696e666f", "id": "934094203" } }
W/DroidBox(  430): DroidBox: { "FileRW": { "operation": "read", "data": "4d656d546f74616c3a202020202020202020373438393634206b420a4d656d467265653a20202020202020202020343733363638206b420a427566666572733a20202020202020202020202034393136206b420a4361636865643a202020202020202020", "id": "934094203" } }
D/InputEventConsistencyVerifier(  430): KeyEvent: ACTION_UP but key was not down.
D/InputEventConsistencyVerifier(  430):   in android.widget.FrameLayout@b3e2b520
D/InputEventConsistencyVerifier(  430):   0: sent at 123854000000, KeyEvent { action=ACTION_UP, keyCode=KEYCODE_DPAD_DOWN, scanCode=0, metaState=0, flags=0x8, repeatCount=0, eventTime=123854, downTime=123854, deviceId=-1, source=0x101 }
D/InputEventConsistencyVerifier(  430):   -- recent events --
D/InputEventConsistencyVerifier(  430):   1: sent at 121754000000, MotionEvent { action=ACTION_UP, id[0]=0, x[0]=289.0, y[0]=676.0, toolType[0]=TOOL_TYPE_UNKNOWN, buttonState=0, metaState=0, flags=0x0, edgeFlags=0x0, pointerCount=1, historySize=0, eventTime=121754, downTime=121696, deviceId=0, source=0x1002 }
D/InputEventConsistencyVerifier(  430):   2: sent at 121740000000, MotionEvent { action=ACTION_MOVE, id[0]=0, x[0]=280.0, y[0]=675.0, toolType[0]=TOOL_TYPE_UNKNOWN, buttonState=0, metaState=0, flags=0x0, edgeFlags=0x0, pointerCount=1, historySize=4, eventTime=121740, downTime=121696, deviceId=0, source=0x1002 }
D/InputEventConsistencyVerifier(  430):   3: sent at 121698000000, MotionEvent { action=ACTION_DOWN, id[0]=0, x[0]=214.0, y[0]=671.0, toolType[0]=TOOL_TYPE_UNKNOWN, buttonState=0, metaState=0, flags=0x0, edgeFlags=0x0, pointerCount=1, historySize=0, eventTime=121698, downTime=121696, deviceId=0, source=0x1002 }
D/InputEventConsistencyVerifier(  430):   4: sent at 121677000000, MotionEvent { action=ACTION_UP, id[0]=0, x[0]=72.0, y[0]=701.0, toolType[0]=TOOL_TYPE_UNKNOWN, buttonState=0, metaState=0, flags=0x0, edgeFlags=0x0, pointerCount=1, historySize=0, eventTime=121677, downTime=121617, deviceId=0, source=0x1002 }
D/InputEventConsistencyVerifier(  430):   5: sent at 121674000000, MotionEvent { action=ACTION_MOVE, id[0]=0, x[0]=69.0, y[0]=709.0, toolType[0]=TOOL_TYPE_UNKNOWN, buttonState=0, metaState=0, flags=0x0, edgeFlags=0x0, pointerCount=1, historySize=0, eventTime=121674, downTime=121617, deviceId=0, source=0x1002 }
W/dalvikvm(  430): DroidBox: { "FdAccess": { "path": "2f70726f632f6d656d696e666f", "id": "6567961" } }
W/DroidBox(  430): DroidBox: { "FileRW": { "operation": "read", "data": "4d656d546f74616c3a202020202020202020373438393634206b420a4d656d467265653a20202020202020202020343732313830206b420a427566666572733a20202020202020202020202034393136206b420a4361636865643a202020202020202020", "id": "6567961" } }
I/ActivityManager(  230): START {act=android.intent.action.MAIN cat=[android.intent.category.HOME] flg=0x10200000 cmp=com.android.launcher/com.android.launcher2.Launcher u=0} from pid 230
I/Choreographer(  430): Skipped 31 frames!  The application may be doing too much work on its main thread.
W/dalvikvm(  430): DroidBox: { "FdAccess": { "path": "2f70726f632f6d656d696e666f", "id": "1707670328" } }
W/DroidBox(  430): DroidBox: { "FileRW": { "operation": "read", "data": "4d656d546f74616c3a202020202020202020373438393634206b420a4d656d467265653a20202020202020202020343732313830206b420a427566666572733a20202020202020202020202034393136206b420a4361636865643a202020202020202020", "id": "1707670328" } }
W/dalvikvm(  430): DroidBox: { "FdAccess": { "path": "2f70726f632f6d656d696e666f", "id": "599132814" } }
W/DroidBox(  430): DroidBox: { "FileRW": { "operation": "read", "data": "4d656d546f74616c3a202020202020202020373438393634206b420a4d656d467265653a20202020202020202020343732313830206b420a427566666572733a20202020202020202020202034393136206b420a4361636865643a202020202020202020", "id": "599132814" } }
W/dalvikvm(  430): DroidBox: { "FdAccess": { "path": "2f70726f632f6d656d696e666f", "id": "27690308" } }
W/DroidBox(  430): DroidBox: { "FileRW": { "operation": "read", "data": "4d656d546f74616c3a202020202020202020373438393634206b420a4d656d467265653a20202020202020202020343732313830206b420a427566666572733a20202020202020202020202034393136206b420a4361636865643a202020202020202020", "id": "27690308" } }
W/dalvikvm(  430): DroidBox: { "FdAccess": { "path": "2f70726f632f6d656d696e666f", "id": "992265405" } }
W/DroidBox(  430): DroidBox: { "FileRW": { "operation": "read", "data": "4d656d546f74616c3a202020202020202020373438393634206b420a4d656d467265653a20202020202020202020343732303536206b420a427566666572733a20202020202020202020202034393136206b420a4361636865643a202020202020202020", "id": "992265405" } }
I/Choreographer(  430): Skipped 34 frames!  The application may be doing too much work on its main thread.
I/ActivityManager(  230): START {act=android.intent.action.MAIN cat=[android.intent.category.LAUNCHER] flg=0x10200000 cmp=Jk7H.PwcD/.SLYfoMdG u=0} from pid 963
I/InputDispatcher(  230): Dropped event because of pending overdue app switch.
W/InputManager(  230): Input event injection from pid 963 failed.
W/dalvikvm(  430): DroidBox: { "FdAccess": { "path": "2f70726f632f6d656d696e666f", "id": "913418459" } }
W/DroidBox(  430): DroidBox: { "FileRW": { "operation": "read", "data": "4d656d546f74616c3a202020202020202020373438393634206b420a4d656d467265653a20202020202020202020343731383038206b420a427566666572733a20202020202020202020202034393136206b420a4361636865643a202020202020202020", "id": "913418459" } }
D/InputEventConsistencyVerifier(  430): KeyEvent: ACTION_UP but key was not down.
D/InputEventConsistencyVerifier(  430):   in android.view.ViewRootImpl@b3eedc18
D/InputEventConsistencyVerifier(  430):   0: sent at 124468000000, KeyEvent { action=ACTION_UP, keyCode=KEYCODE_DPAD_DOWN, scanCode=0, metaState=0, flags=0x8, repeatCount=0, eventTime=124468, downTime=124468, deviceId=-1, source=0x101 }
D/InputEventConsistencyVerifier(  430):   -- recent events --
D/InputEventConsistencyVerifier(  430):   1: sent at 124279000000, KeyEvent { action=ACTION_UP, keyCode=KEYCODE_VOLUME_DOWN, scanCode=0, metaState=0, flags=0x8, repeatCount=0, eventTime=124279, downTime=124279, deviceId=-1, source=0x101 }
D/InputEventConsistencyVerifier(  430):   2: sent at 124125000000, KeyEvent { action=ACTION_DOWN, keyCode=KEYCODE_VOLUME_DOWN, scanCode=0, metaState=0, flags=0x8, repeatCount=0, eventTime=124125, downTime=124125, deviceId=-1, source=0x101 }
D/InputEventConsistencyVerifier(  430):   3: sent at 124188000000, KeyEvent { action=ACTION_UP, keyCode=KEYCODE_DPAD_LEFT, scanCode=0, metaState=0, flags=0x400, repeatCount=0, eventTime=124188, downTime=124188, deviceId=-1, source=0x101 }
D/InputEventConsistencyVerifier(  430):   4: sent at 124188000000, KeyEvent { action=ACTION_DOWN, keyCode=KEYCODE_DPAD_LEFT, scanCode=0, metaState=0, flags=0x400, repeatCount=0, eventTime=124188, downTime=124188, deviceId=-1, source=0x101 }
D/InputEventConsistencyVerifier(  430):   5: sent at 124188000000, KeyEvent { action=ACTION_UP, keyCode=KEYCODE_DPAD_LEFT, scanCode=0, metaState=0, flags=0x400, repeatCount=0, eventTime=124188, downTime=124188, deviceId=-1, source=0x101 }
D/InputEventConsistencyVerifier(  981): KeyEvent: ACTION_UP but key was not down.
D/InputEventConsistencyVerifier(  981):   in android.view.ViewRootImpl@b3e59b08
D/InputEventConsistencyVerifier(  981):   0: sent at 124614000000, KeyEvent { action=ACTION_UP, keyCode=KEYCODE_DPAD_DOWN, scanCode=0, metaState=0, flags=0x8, repeatCount=0, eventTime=124614, downTime=124614, deviceId=-1, source=0x101 }
D/InputEventConsistencyVerifier(  981):   -- recent events --
D/InputEventConsistencyVerifier(  981):   1: sent at 123323000000, KeyEvent { action=ACTION_UP, keyCode=KEYCODE_S, scanCode=0, metaState=0, flags=0x8, repeatCount=0, eventTime=123323, downTime=123323, deviceId=-1, source=0x101 }
D/InputEventConsistencyVerifier(  981):   2: sent at 123279000000, KeyEvent { action=ACTION_DOWN, keyCode=KEYCODE_S, scanCode=0, metaState=0, flags=0x8, repeatCount=0, eventTime=123279, downTime=123279, deviceId=-1, source=0x101 }
D/InputEventConsistencyVerifier(  981):   3: sent at 123222000000, KeyEvent { action=ACTION_UP, keyCode=KEYCODE_DPAD_LEFT, scanCode=0, metaState=0, flags=0x8, repeatCount=0, eventTime=123222, downTime=123222, deviceId=-1, source=0x101 }
D/InputEventConsistencyVerifier(  981):   4: sent at 123115000000, KeyEvent { action=ACTION_DOWN, keyCode=KEYCODE_DPAD_LEFT, scanCode=0, metaState=0, flags=0x8, repeatCount=0, eventTime=123115, downTime=123115, deviceId=-1, source=0x101 }
D/InputEventConsistencyVerifier(  981):   5: sent at 122607000000, KeyEvent { action=ACTION_UP, keyCode=KEYCODE_DPAD_DOWN, scanCode=0, metaState=0, flags=0x8, repeatCount=0, eventTime=122607, downTime=122607, deviceId=-1, source=0x101 }
I/Choreographer(  430): Skipped 31 frames!  The application may be doing too much work on its main thread.
V/PhoneStatusBar(  430): setLightsOn(true)
D/PhoneStatusBar(  430): disable: < expand icons alerts ticker* system_info back home recent clock >
W/InputMethodManagerService(  230): Window already focused, ignoring focus gain of: com.android.internal.view.IInputMethodClient$Stub$Proxy@b409a678 attribute=null
I/ActivityManager(  230): START {act=android.intent.action.VIEW dat=http://umoratus.net/?u=64505 cmp=com.android.browser/.BrowserActivity u=0} from pid 981
W/dalvikvm(  885): DroidBox: { "FdAccess": { "path": "2f646174612f646174612f636f6d2e616e64726f69642e67616c6c65727933642f7368617265645f70726566732f636f6d2e616e64726f69642e67616c6c65727933645f707265666572656e6365732e786d6c", "id": "348884803" } }
W/DroidBox(  885): DroidBox: { "FileRW": { "operation": "write", "data": "3c3f786d6c2076657273696f6e3d27312e302720656e636f64696e673d277574662d3827207374616e64616c6f6e653d2779657327203f3e0a3c6d61703e0a3c696e74206e616d653d227061636b616765732d76657273696f6e222076616c75653d2232", "id": "348884803" } }
W/dalvikvm(  885): DroidBox: { "FdAccess": { "path": "2f646174612f646174612f636f6d2e616e64726f69642e67616c6c65727933642f7368617265645f70726566732f636f6d2e616e64726f69642e67616c6c65727933645f707265666572656e6365732e786d6c", "id": "568877611" } }
W/DroidBox(  885): DroidBox: { "FileRW": { "operation": "write", "data": "3c3f786d6c2076657273696f6e3d27312e302720656e636f64696e673d277574662d3827207374616e64616c6f6e653d2779657327203f3e0a3c6d61703e0a3c696e74206e616d653d227061636b616765732d76657273696f6e222076616c75653d2233", "id": "568877611" } }
D/InputEventConsistencyVerifier(  981): KeyEvent: ACTION_UP but key was not down.
D/InputEventConsistencyVerifier(  981):   in android.widget.Button@b3e2b0c0
D/InputEventConsistencyVerifier(  981):   0: sent at 125583000000, KeyEvent { action=ACTION_UP, keyCode=KEYCODE_DPAD_DOWN, scanCode=0, metaState=0, flags=0x400, repeatCount=0, eventTime=125583, downTime=125583, deviceId=-1, source=0x101 }
D/InputEventConsistencyVerifier(  981):   -- recent events --
D/InputEventConsistencyVerifier(  981):   1: sent at 115025000000, MotionEvent { action=ACTION_UP, id[0]=0, x[0]=107.0, y[0]=52.0, toolType[0]=TOOL_TYPE_UNKNOWN, buttonState=0, metaState=0, flags=0x0, edgeFlags=0x0, pointerCount=1, historySize=0, eventTime=115025, downTime=114797, deviceId=0, source=0x1002 }
D/InputEventConsistencyVerifier(  981):   2: sent at 114797000000, MotionEvent { action=ACTION_DOWN, id[0]=0, x[0]=99.0, y[0]=66.0, toolType[0]=TOOL_TYPE_UNKNOWN, buttonState=0, metaState=0, flags=0x0, edgeFlags=0x0, pointerCount=1, historySize=0, eventTime=114797, downTime=114797, deviceId=0, source=0x1002 }
D/InputEventConsistencyVerifier(  981):   3: sent at 112549000000, MotionEvent { action=ACTION_UP, id[0]=0, x[0]=408.0, y[0]=47.0, toolType[0]=TOOL_TYPE_UNKNOWN, buttonState=0, metaState=0, flags=0x0, edgeFlags=0x0, pointerCount=1, historySize=0, eventTime=112549, downTime=112541, deviceId=0, source=0x1002 }
D/InputEventConsistencyVerifier(  981):   4: sent at 112542000000, MotionEvent { action=ACTION_DOWN, id[0]=0, x[0]=412.0, y[0]=49.0, toolType[0]=TOOL_TYPE_UNKNOWN, buttonState=0, metaState=0, flags=0x0, edgeFlags=0x0, pointerCount=1, historySize=0, eventTime=112542, downTime=112541, deviceId=0, source=0x1002 }
W/DroidBox(  796): DroidBox: { "ServiceStart": { "name": "com.android.providers.downloads.DownloadService" } }
W/DroidBox(  796): DroidBox: { "ServiceStart": { "name": "com.android.providers.downloads.DownloadService" } }
D/AlertReceiver(  619): onReceive: a=android.intent.action.PROVIDER_CHANGED Intent { act=android.intent.action.PROVIDER_CHANGED dat=content://com.android.calendar flg=0x10 cmp=com.android.calendar/.alerts.AlertReceiver }
W/DroidBox(  619): DroidBox: { "ServiceStart": { "name": "com.android.calendar.alerts.AlertService" } }
W/DroidBox(  619): DroidBox: { "ServiceStart": { "name": "com.android.calendar.alerts.AlertService" } }
D/AlertService(  619): 0 Action = android.intent.action.PROVIDER_CHANGED
D/AlertService(  619): Beginning updateAlertNotification
W/DroidBox(  755): DroidBox: { "ServiceStart": { "name": "com.android.providers.calendar.CalendarProviderIntentService" } }
W/DroidBox(  755): DroidBox: { "ServiceStart": { "name": "com.android.providers.calendar.CalendarProviderIntentService" } }
I/ActivityManager(  230): START {act=android.intent.action.CALL_BUTTON flg=0x10000000 cmp=com.android.contacts/.activities.DialtactsActivity u=0} from pid 981
W/ActivityManager(  230): Permission denied: checkComponentPermission() owningUid=1000
W/BroadcastQueue(  230): Permission Denial: broadcasting Intent { act=android.appwidget.action.APPWIDGET_UPDATE_OPTIONS flg=0x10 cmp=com.android.settings/.widget.SettingsAppWidgetProvider (has extras) } from android (pid=632, uid=10019) is not exported from uid 1000 due to receiver com.android.settings/com.android.settings.widget.SettingsAppWidgetProvider
I/ActivityManager(  230): Start proc com.android.quicksearchbox for broadcast com.android.quicksearchbox/.CorporaUpdateReceiver: pid=1045 uid=10033 gids={3003, 1028}
I/Choreographer(  981): Skipped 37 frames!  The application may be doing too much work on its main thread.
D/InputEventConsistencyVerifier(  981): TrackballEvent: Trackball is down but pressure is not greater than 0.
D/InputEventConsistencyVerifier(  981):   in android.view.ViewRootImpl@b3e59b08
D/InputEventConsistencyVerifier(  981):   0: sent at 127026000000, MotionEvent { action=ACTION_DOWN, id[0]=0, x[0]=0.0, y[0]=0.0, toolType[0]=TOOL_TYPE_UNKNOWN, buttonState=0, metaState=0, flags=0x0, edgeFlags=0x0, pointerCount=1, historySize=0, eventTime=127026, downTime=126896, deviceId=0, source=0x10004 }
D/InputEventConsistencyVerifier(  981):   -- recent events --
D/InputEventConsistencyVerifier(  981):   1: sent at 126980000000, MotionEvent { action=ACTION_MOVE, id[0]=0, x[0]=-3.0, y[0]=0.0, toolType[0]=TOOL_TYPE_UNKNOWN, buttonState=0, metaState=0, flags=0x0, edgeFlags=0x0, pointerCount=1, historySize=9, eventTime=126980, downTime=-1, deviceId=0, source=0x10004 }
D/InputEventConsistencyVerifier(  981):   2: sent at 126647000000, KeyEvent { action=ACTION_UP, keyCode=KEYCODE_DPAD_CENTER, scanCode=0, metaState=0, flags=0x8, repeatCount=0, eventTime=126647, downTime=126647, deviceId=-1, source=0x101 }
D/InputEventConsistencyVerifier(  981):   3: sent at 126533000000, KeyEvent { action=ACTION_DOWN, keyCode=KEYCODE_DPAD_CENTER, scanCode=0, metaState=0, flags=0x8, repeatCount=0, eventTime=126533, downTime=126533, deviceId=-1, source=0x101 }
D/InputEventConsistencyVerifier(  981):   4: sent at 126421000000, KeyEvent { action=ACTION_UP, keyCode=KEYCODE_CALL, scanCode=0, metaState=0, flags=0x8, repeatCount=0, eventTime=126421, downTime=126421, deviceId=-1, source=0x101 }
D/InputEventConsistencyVerifier(  981):   5: sent at 126347000000, KeyEvent { action=ACTION_DOWN, keyCode=KEYCODE_CALL, scanCode=0, metaState=0, flags=0x8, repeatCount=0, eventTime=126347, downTime=126347, deviceId=-1, source=0x101 }
E/Trace   ( 1045): error opening trace file: No such file or directory (2)
W/DroidBox( 1045): DroidBox: { "DexClassLoader": { "path": "/system/app/QuickSearchBox.apk" } }
I/Choreographer(  981): Skipped 49 frames!  The application may be doing too much work on its main thread.
D/AlertService(  619): No fired or scheduled alerts
I/ActivityThread( 1045): Pub com.android.quicksearchbox.google: com.android.quicksearchbox.google.GoogleSuggestionProvider
I/ActivityThread( 1045): Pub com.android.quicksearchbox.shortcuts: com.android.quicksearchbox.ShortcutsProvider
I/Choreographer(  981): Skipped 42 frames!  The application may be doing too much work on its main thread.
D/InputEventConsistencyVerifier(  981): KeyEvent: ACTION_UP but key was not down.
D/InputEventConsistencyVerifier(  981):   in android.widget.Button@b3e2e188
D/InputEventConsistencyVerifier(  981):   0: sent at 129182000000, KeyEvent { action=ACTION_UP, keyCode=KEYCODE_DPAD_UP, scanCode=0, metaState=0, flags=0x400, repeatCount=0, eventTime=129182, downTime=129182, deviceId=-1, source=0x101 }
D/InputEventConsistencyVerifier(  981):   -- recent events --
D/InputEventConsistencyVerifier(  981):   1: sent at 125583000000, (unhandled) KeyEvent { action=ACTION_DOWN, keyCode=KEYCODE_DPAD_DOWN, scanCode=0, metaState=0, flags=0x400, repeatCount=0, eventTime=125583, downTime=125583, deviceId=-1, source=0x101 }
D/InputEventConsistencyVerifier(  981):   2: sent at 125260000000, MotionEvent { action=ACTION_MOVE, id[0]=0, x[0]=-2.0, y[0]=3.0, toolType[0]=TOOL_TYPE_UNKNOWN, buttonState=0, metaState=0, flags=0x0, edgeFlags=0x0, pointerCount=1, historySize=6, eventTime=125260, downTime=-1, deviceId=0, source=0x10004 }
D/InputEventConsistencyVerifier(  981):   3: sent at 125170000000, MotionEvent { action=ACTION_MOVE, id[0]=0, x[0]=-2.0, y[0]=4.0, toolType[0]=TOOL_TYPE_UNKNOWN, buttonState=0, metaState=0, flags=0x0, edgeFlags=0x0, pointerCount=1, historySize=0, eventTime=125170, downTime=-1, deviceId=0, source=0x10004 }
D/InputEventConsistencyVerifier(  981):   4: sent at 125195000000, (unhandled) KeyEvent { action=ACTION_UP, keyCode=KEYCODE_DPAD_LEFT, scanCode=0, metaState=0, flags=0x400, repeatCount=0, eventTime=125195, downTime=125195, deviceId=-1, source=0x101 }
D/InputEventConsistencyVerifier(  981):   5: sent at 125195000000, (unhandled) KeyEvent { action=ACTION_DOWN, keyCode=KEYCODE_DPAD_LEFT, scanCode=0, metaState=0, flags=0x400, repeatCount=0, eventTime=125195, downTime=125195, deviceId=-1, source=0x101 }
W/dalvikvm(  885): DroidBox: { "FdAccess": { "path": "2f646174612f646174612f636f6d2e616e64726f69642e67616c6c65727933642f7368617265645f70726566732f636f6d2e616e64726f69642e67616c6c65727933645f707265666572656e6365732e786d6c", "id": "354215556" } }
W/DroidBox(  885): DroidBox: { "FileRW": { "operation": "write", "data": "3c3f786d6c2076657273696f6e3d27312e302720656e636f64696e673d277574662d3827207374616e64616c6f6e653d2779657327203f3e0a3c6d61703e0a3c696e74206e616d653d227061636b616765732d76657273696f6e222076616c75653d2234", "id": "354215556" } }
E/WVMExtractor(   61): Failed to open libwvm.so
I/ActivityManager(  230): Start proc com.android.musicfx for broadcast com.android.musicfx/.Compatibility$Receiver: pid=1063 uid=10025 gids={3003, 3002, 1028}
D/InputEventConsistencyVerifier(  981): KeyEvent: ACTION_UP but key was not down.
D/InputEventConsistencyVerifier(  981):   in android.widget.ScrollView@b3e28848
D/InputEventConsistencyVerifier(  981):   0: sent at 129184000000, KeyEvent { action=ACTION_UP, keyCode=KEYCODE_DPAD_UP, scanCode=0, metaState=0, flags=0x400, repeatCount=0, eventTime=129184, downTime=129184, deviceId=-1, source=0x101 }
D/InputEventConsistencyVerifier(  981):   -- recent events --
D/InputEventConsistencyVerifier(  981):   1: sent at 122462000000, (unhandled) KeyEvent { action=ACTION_DOWN, keyCode=KEYCODE_DPAD_DOWN, scanCode=0, metaState=0, flags=0x8, repeatCount=0, eventTime=122462, downTime=122462, deviceId=-1, source=0x101 }
D/InputEventConsistencyVerifier(  981):   2: sent at 122586000000, (unhandled) KeyEvent { action=ACTION_UP, keyCode=KEYCODE_DPAD_RIGHT, scanCode=0, metaState=0, flags=0x400, repeatCount=0, eventTime=122586, downTime=122586, deviceId=-1, source=0x101 }
D/InputEventConsistencyVerifier(  981):   3: sent at 122586000000, (unhandled) KeyEvent { action=ACTION_DOWN, keyCode=KEYCODE_DPAD_RIGHT, scanCode=0, metaState=0, flags=0x400, repeatCount=0, eventTime=122586, downTime=122586, deviceId=-1, source=0x101 }
D/InputEventConsistencyVerifier(  981):   4: sent at 122585000000, (unhandled) KeyEvent { action=ACTION_UP, keyCode=KEYCODE_DPAD_RIGHT, scanCode=0, metaState=0, flags=0x400, repeatCount=0, eventTime=122585, downTime=122585, deviceId=-1, source=0x101 }
D/InputEventConsistencyVerifier(  981):   5: sent at 122585000000, (unhandled) KeyEvent { action=ACTION_DOWN, keyCode=KEYCODE_DPAD_RIGHT, scanCode=0, metaState=0, flags=0x400, repeatCount=0, eventTime=122585, downTime=122585, deviceId=-1, source=0x101 }
E/Trace   ( 1063): error opening trace file: No such file or directory (2)
W/DroidBox( 1063): DroidBox: { "DexClassLoader": { "path": "/system/app/MusicFX.apk" } }
W/dalvikvm(  230): DroidBox: { "FdAccess": { "path": "2f70726f632f313034352f636d646c696e65", "id": "2134637554" } }
W/DroidBox(  230): DroidBox: { "FileRW": { "operation": "read", "data": "636f6d2e616e64726f69642e717569636b736561726368626f78000000000000000000000000000000000000000000000000000000000000000000000000000000000000000000000000000033366430376663306465633836653264313761352e61706b", "id": "2134637554" } }
W/dalvikvm(  230): DroidBox: { "FdAccess": { "path": "2f70726f632f313036332f636d646c696e65", "id": "1785214675" } }
W/DroidBox(  230): DroidBox: { "FileRW": { "operation": "read", "data": "636f6d2e616e64726f69642e6d75736963667800000000000000000000000000000000000000000000000000000000000000000000000000000000000000000000000000000000000000000033366430376663306465633836653264313761352e61706b", "id": "1785214675" } }
I/ContactsDatabaseHelper(  563): Locale change completed in 12394ms
I/ContactsDatabaseHelper(  563): Switching to locale en_US
E/WVMExtractor(   61): Failed to open libwvm.so
W/DroidBox( 1063): DroidBox: { "ServiceStart": { "name": "com.android.musicfx.Compatibility$Service" } }
W/DroidBox( 1063): DroidBox: { "ServiceStart": { "name": "com.android.musicfx.Compatibility$Service" } }
I/ActivityManager(  230): Start proc com.svox.pico for broadcast com.svox.pico/.VoiceDataInstallerReceiver: pid=1078 uid=10030 gids={1015, 1028}
D/InputEventConsistencyVerifier(  981): KeyEvent: ACTION_UP but key was not down.
D/InputEventConsistencyVerifier(  981):   in android.widget.Button@b3e2b0c0
D/InputEventConsistencyVerifier(  981):   0: sent at 131532000000, KeyEvent { action=ACTION_UP, keyCode=KEYCODE_NUMPAD_2, scanCode=0, metaState=0, flags=0x8, repeatCount=0, eventTime=131532, downTime=131532, deviceId=-1, source=0x101 }
D/InputEventConsistencyVerifier(  981):   -- recent events --
D/InputEventConsistencyVerifier(  981):   1: sent at 129182000000, (unhandled) KeyEvent { action=ACTION_DOWN, keyCode=KEYCODE_DPAD_UP, scanCode=0, metaState=0, flags=0x400, repeatCount=0, eventTime=129182, downTime=129182, deviceId=-1, source=0x101 }
D/InputEventConsistencyVerifier(  981):   2: sent at 129146000000, MotionEvent { action=ACTION_MOVE, id[0]=0, x[0]=0.0, y[0]=-4.0, toolType[0]=TOOL_TYPE_UNKNOWN, buttonState=0, metaState=0, flags=0x0, edgeFlags=0x0, pointerCount=1, historySize=5, eventTime=129146, downTime=-1, deviceId=0, source=0x10004 }
D/InputEventConsistencyVerifier(  981):   3: sent at 129013000000, (unhandled) KeyEvent { action=ACTION_UP, keyCode=KEYCODE_W, scanCode=0, metaState=0, flags=0x8, repeatCount=0, eventTime=129013, downTime=129013, deviceId=-1, source=0x101 }
D/InputEventConsistencyVerifier(  981):   4: sent at 128980000000, (unhandled) KeyEvent { action=ACTION_DOWN, keyCode=KEYCODE_W, scanCode=0, metaState=0, flags=0x8, repeatCount=0, eventTime=128980, downTime=128980, deviceId=-1, source=0x101 }
D/InputEventConsistencyVerifier(  981):   5: sent at 128891000000, (unhandled) KeyEvent { action=ACTION_UP, keyCode=KEYCODE_DPAD_RIGHT, scanCode=0, metaState=0, flags=0x8, repeatCount=0, eventTime=128891, downTime=128891, deviceId=-1, source=0x101 }
E/WVMExtractor(   61): Failed to open libwvm.so
D/InputEventConsistencyVerifier(  981): KeyEvent: ACTION_UP but key was not down.
D/InputEventConsistencyVerifier(  981):   in android.widget.Button@b3e2b0c0
D/InputEventConsistencyVerifier(  981):   0: sent at 131532000000, KeyEvent { action=ACTION_UP, keyCode=KEYCODE_DPAD_DOWN, scanCode=0, metaState=0, flags=0x8, repeatCount=0, eventTime=131532, downTime=131532, deviceId=-1, source=0x101 }
D/InputEventConsistencyVerifier(  981):   -- recent events --
D/InputEventConsistencyVerifier(  981):   1: sent at 131532000000, (unhandled) KeyEvent { action=ACTION_UP, keyCode=KEYCODE_NUMPAD_2, scanCode=0, metaState=0, flags=0x80000008, repeatCount=0, eventTime=131532, downTime=131532, deviceId=-1, source=0x101 }
D/InputEventConsistencyVerifier(  981):   2: sent at 129182000000, (unhandled) KeyEvent { action=ACTION_DOWN, keyCode=KEYCODE_DPAD_UP, scanCode=0, metaState=0, flags=0x400, repeatCount=0, eventTime=129182, downTime=129182, deviceId=-1, source=0x101 }
D/InputEventConsistencyVerifier(  981):   3: sent at 129146000000, MotionEvent { action=ACTION_MOVE, id[0]=0, x[0]=0.0, y[0]=-4.0, toolType[0]=TOOL_TYPE_UNKNOWN, buttonState=0, metaState=0, flags=0x0, edgeFlags=0x0, pointerCount=1, historySize=5, eventTime=129146, downTime=-1, deviceId=0, source=0x10004 }
D/InputEventConsistencyVerifier(  981):   4: sent at 129013000000, (unhandled) KeyEvent { action=ACTION_UP, keyCode=KEYCODE_W, scanCode=0, metaState=0, flags=0x8, repeatCount=0, eventTime=129013, downTime=129013, deviceId=-1, source=0x101 }
D/InputEventConsistencyVerifier(  981):   5: sent at 128980000000, (unhandled) KeyEvent { action=ACTION_DOWN, keyCode=KEYCODE_W, scanCode=0, metaState=0, flags=0x8, repeatCount=0, eventTime=128980, downTime=128980, deviceId=-1, source=0x101 }
I/ActivityManager(  230): START {act=android.intent.action.MAIN cat=[android.intent.category.LAUNCHER] flg=0x10200000 cmp=Jk7H.PwcD/.SLYfoMdG u=0} from pid 963
E/Trace   ( 1078): error opening trace file: No such file or directory (2)
I/Choreographer(  981): Skipped 47 frames!  The application may be doing too much work on its main thread.
D/PackageManager(  230): generateServicesMap(android.accounts.AccountAuthenticator): 2 services unchanged
D/PackageManager(  230): generateServicesMap(android.content.SyncAdapter): 4 services unchanged
I/InputReader(  230): Reconfiguring input devices.  changes=0x00000010
W/DroidBox( 1078): DroidBox: { "DexClassLoader": { "path": "/system/app/PicoTts.apk" } }
I/Choreographer(  981): Skipped 66 frames!  The application may be doing too much work on its main thread.
I/ActivityThread( 1078): Pub com.svox.pico.providers.SettingsProvider: com.svox.pico.providers.SettingsProvider
I/Choreographer(  981): Skipped 98 frames!  The application may be doing too much work on its main thread.
D/InputEventConsistencyVerifier(  981): KeyEvent: ACTION_UP but key was not down.
D/InputEventConsistencyVerifier(  981):   in android.view.ViewRootImpl@b3e59b08
D/InputEventConsistencyVerifier(  981):   0: sent at 134501000000, KeyEvent { action=ACTION_UP, keyCode=KEYCODE_MENU, scanCode=0, metaState=0, flags=0x8, repeatCount=0, eventTime=134501, downTime=134501, deviceId=-1, source=0x101 }
D/InputEventConsistencyVerifier(  981):   -- recent events --
D/InputEventConsistencyVerifier(  981):   1: sent at 133210000000, MotionEvent { action=ACTION_UP, id[0]=0, x[0]=1.0, y[0]=322.0, toolType[0]=TOOL_TYPE_UNKNOWN, buttonState=0, metaState=0, flags=0x0, edgeFlags=0x0, pointerCount=1, historySize=0, eventTime=133210, downTime=133152, deviceId=0, source=0x1002 }
D/InputEventConsistencyVerifier(  981):   2: sent at 133202000000, MotionEvent { action=ACTION_MOVE, id[0]=0, x[0]=1.0, y[0]=320.0, toolType[0]=TOOL_TYPE_UNKNOWN, buttonState=0, metaState=0, flags=0x0, edgeFlags=0x0, pointerCount=1, historySize=4, eventTime=133202, downTime=133152, deviceId=0, source=0x1002 }
D/InputEventConsistencyVerifier(  981):   3: sent at 133163000000, MotionEvent { action=ACTION_DOWN, id[0]=0, x[0]=5.0, y[0]=294.0, toolType[0]=TOOL_TYPE_UNKNOWN, buttonState=0, metaState=0, flags=0x0, edgeFlags=0x0, pointerCount=1, historySize=0, eventTime=133163, downTime=133152, deviceId=0, source=0x1002 }
D/InputEventConsistencyVerifier(  981):   4: sent at 132993000000, KeyEvent { action=ACTION_UP, keyCode=KEYCODE_MENU, scanCode=0, metaState=0, flags=0x8, repeatCount=0, eventTime=132993, downTime=132993, deviceId=-1, source=0x101 }
D/InputEventConsistencyVerifier(  981):   5: sent at 132656000000, KeyEvent { action=ACTION_DOWN, keyCode=KEYCODE_MENU, scanCode=0, metaState=0, flags=0x8, repeatCount=0, eventTime=132656, downTime=132656, deviceId=-1, source=0x101 }
I/Choreographer(  981): Skipped 88 frames!  The application may be doing too much work on its main thread.
W/InputMethodManagerService(  230): Window already focused, ignoring focus gain of: com.android.internal.view.IInputMethodClient$Stub$Proxy@b3f06570 attribute=android.view.inputmethod.EditorInfo@b42657e0
I/AccountTypeManager(  711): Loaded meta-data for 1 account types, 0 accounts in 710ms(wall) 0ms(cpu)
W/dalvikvm(  885): DroidBox: { "FdAccess": { "path": "2f646174612f646174612f636f6d2e616e64726f69642e67616c6c65727933642f7368617265645f70726566732f636f6d2e616e64726f69642e67616c6c65727933645f707265666572656e6365732e786d6c", "id": "1735910038" } }
W/DroidBox(  885): DroidBox: { "FileRW": { "operation": "write", "data": "3c3f786d6c2076657273696f6e3d27312e302720656e636f64696e673d277574662d3827207374616e64616c6f6e653d2779657327203f3e0a3c6d61703e0a3c696e74206e616d653d227061636b616765732d76657273696f6e222076616c75653d2235", "id": "1735910038" } }
W/dalvikvm(  885): DroidBox: { "FdAccess": { "path": "2f646174612f646174612f636f6d2e616e64726f69642e67616c6c65727933642f7368617265645f70726566732f636f6d2e616e64726f69642e67616c6c65727933645f707265666572656e6365732e786d6c", "id": "1723333785" } }
W/DroidBox(  885): DroidBox: { "FileRW": { "operation": "write", "data": "3c3f786d6c2076657273696f6e3d27312e302720656e636f64696e673d277574662d3827207374616e64616c6f6e653d2779657327203f3e0a3c6d61703e0a3c696e74206e616d653d227061636b616765732d76657273696f6e222076616c75653d2236", "id": "1723333785" } }
D/InputEventConsistencyVerifier(  981): KeyEvent: ACTION_UP but key was not down.
D/InputEventConsistencyVerifier(  981):   in com.android.internal.policy.impl.PhoneWindow$DecorView@b3e7d5a0
D/InputEventConsistencyVerifier(  981):   0: sent at 134962000000, KeyEvent { action=ACTION_UP, keyCode=KEYCODE_DPAD_RIGHT, scanCode=0, metaState=0, flags=0x8, repeatCount=0, eventTime=134962, downTime=134962, deviceId=-1, source=0x101 }
D/InputEventConsistencyVerifier(  981):   -- recent events --
D/InputEventConsistencyVerifier(  981):   1: sent at 134631000000, (unhandled) MotionEvent { action=ACTION_MOVE, id[0]=0, x[0]=-1.0, y[0]=0.0, toolType[0]=TOOL_TYPE_UNKNOWN, buttonState=0, metaState=0, flags=0x0, edgeFlags=0x0, pointerCount=1, historySize=9, eventTime=134631, downTime=-1, deviceId=0, source=0x10004 }
D/InputEventConsistencyVerifier(  981):   2: sent at 134501000000, (unhandled) KeyEvent { action=ACTION_UP, keyCode=KEYCODE_MENU, scanCode=0, metaState=0, flags=0x80000008, repeatCount=0, eventTime=134501, downTime=134501, deviceId=-1, source=0x101 }
D/InputEventConsistencyVerifier(  981):   3: sent at 133210000000, MotionEvent { action=ACTION_UP, id[0]=0, x[0]=1.0, y[0]=322.0, toolType[0]=TOOL_TYPE_UNKNOWN, buttonState=0, metaState=0, flags=0x0, edgeFlags=0x0, pointerCount=1, historySize=0, eventTime=133210, downTime=133152, deviceId=0, source=0x1002 }
D/InputEventConsistencyVerifier(  981):   4: sent at 133202000000, MotionEvent { action=ACTION_MOVE, id[0]=0, x[0]=1.0, y[0]=320.0, toolType[0]=TOOL_TYPE_UNKNOWN, buttonState=0, metaState=0, flags=0x0, edgeFlags=0x0, pointerCount=1, historySize=4, eventTime=133202, downTime=133152, deviceId=0, source=0x1002 }
D/InputEventConsistencyVerifier(  981):   5: sent at 133163000000, MotionEvent { action=ACTION_DOWN, id[0]=0, x[0]=5.0, y[0]=294.0, toolType[0]=TOOL_TYPE_UNKNOWN, buttonState=0, metaState=0, flags=0x0, edgeFlags=0x0, pointerCount=1, historySize=0, eventTime=133163, downTime=133152, deviceId=0, source=0x1002 }
I/Launcher(  632): setLoadOnResume
I/ActivityManager(  230): Start proc com.android.music for broadcast com.android.music/.MediaButtonIntentReceiver: pid=1097 uid=10024 gids={3003, 1015, 1028}
I/Choreographer(  981): Skipped 50 frames!  The application may be doing too much work on its main thread.
I/ActivityManager(  230): START {act=android.intent.action.MAIN cat=[android.intent.category.HOME] flg=0x10200000 cmp=com.android.launcher/com.android.launcher2.Launcher u=0} from pid 230
I/Choreographer(  981): Skipped 36 frames!  The application may be doing too much work on its main thread.
I/InputDispatcher(  230): Dropped event because of pending overdue app switch.
W/InputManager(  230): Input event injection from pid 963 failed.
I/ActivityManager(  230): START {act=android.intent.action.MAIN cat=[android.intent.category.LAUNCHER] flg=0x10200000 cmp=Jk7H.PwcD/.SLYfoMdG u=0} from pid 963
E/Trace   ( 1097): error opening trace file: No such file or directory (2)
W/dalvikvm( 1063): DroidBox: { "FdAccess": { "path": "2f646174612f646174612f636f6d2e616e64726f69642e6d7573696366782f7368617265645f70726566732f6d7573696366782e786d6c", "id": "791942949" } }
W/DroidBox( 1063): DroidBox: { "FileRW": { "operation": "write", "data": "3c3f786d6c2076657273696f6e3d27312e302720656e636f64696e673d277574662d3827207374616e64616c6f6e653d2779657327203f3e0a3c6d61703e0a3c737472696e67206e616d653d2264656661756c7470616e656c7061636b616765223e636f", "id": "791942949" } }
D/InputEventConsistencyVerifier(  981): KeyEvent: ACTION_UP but key was not down.
D/InputEventConsistencyVerifier(  981):   in android.view.ViewRootImpl@b3e59b08
D/InputEventConsistencyVerifier(  981):   0: sent at 137061000000, KeyEvent { action=ACTION_UP, keyCode=KEYCODE_DPAD_CENTER, scanCode=0, metaState=0, flags=0x8, repeatCount=0, eventTime=137061, downTime=137061, deviceId=-1, source=0x101 }
D/InputEventConsistencyVerifier(  981):   -- recent events --
D/InputEventConsistencyVerifier(  981):   1: sent at 135882000000, KeyEvent { action=ACTION_UP, keyCode=KEYCODE_MENU, scanCode=0, metaState=0, flags=0x8, repeatCount=0, eventTime=135882, downTime=135882, deviceId=-1, source=0x101 }
D/InputEventConsistencyVerifier(  981):   2: sent at 135715000000, KeyEvent { action=ACTION_DOWN, keyCode=KEYCODE_MENU, scanCode=0, metaState=0, flags=0x8, repeatCount=0, eventTime=135715, downTime=135715, deviceId=-1, source=0x101 }
D/InputEventConsistencyVerifier(  981):   3: sent at 135408000000, KeyEvent { action=ACTION_UP, keyCode=KEYCODE_DPAD_DOWN, scanCode=0, metaState=0, flags=0x8, repeatCount=0, eventTime=135408, downTime=135408, deviceId=-1, source=0x101 }
D/InputEventConsistencyVerifier(  981):   4: sent at 135236000000, KeyEvent { action=ACTION_DOWN, keyCode=KEYCODE_DPAD_DOWN, scanCode=0, metaState=0, flags=0x8, repeatCount=0, eventTime=135236, downTime=135236, deviceId=-1, source=0x101 }
D/InputEventConsistencyVerifier(  981):   5: sent at 134962000000, KeyEvent { action=ACTION_UP, keyCode=KEYCODE_DPAD_RIGHT, scanCode=0, metaState=0, flags=0x8, repeatCount=0, eventTime=134962, downTime=134962, deviceId=-1, source=0x101 }
I/Choreographer(  981): Skipped 121 frames!  The application may be doing too much work on its main thread.
W/InputMethodManagerService(  230): Window already focused, ignoring focus gain of: com.android.internal.view.IInputMethodClient$Stub$Proxy@b3f98718 attribute=android.view.inputmethod.EditorInfo@b3fa3898
I/ActivityManager(  230): START {act=android.intent.action.MAIN cat=[android.intent.category.LAUNCHER] flg=0x10200000 cmp=Jk7H.PwcD/.SLYfoMdG u=0} from pid 963
W/DroidBox( 1097): DroidBox: { "DexClassLoader": { "path": "/system/app/Music.apk" } }
D/InputEventConsistencyVerifier(  981): KeyEvent: ACTION_UP but key was not down.
D/InputEventConsistencyVerifier(  981):   in com.android.internal.policy.impl.PhoneWindow$DecorView@b3e7d5a0
D/InputEventConsistencyVerifier(  981):   0: sent at 137358000000, KeyEvent { action=ACTION_UP, keyCode=KEYCODE_DPAD_LEFT, scanCode=0, metaState=0, flags=0x400, repeatCount=0, eventTime=137358, downTime=137358, deviceId=-1, source=0x101 }
D/InputEventConsistencyVerifier(  981):   -- recent events --
D/InputEventConsistencyVerifier(  981):   1: sent at 137181000000, (unhandled) MotionEvent { action=ACTION_MOVE, id[0]=0, x[0]=-4.0, y[0]=0.0, toolType[0]=TOOL_TYPE_UNKNOWN, buttonState=0, metaState=0, flags=0x0, edgeFlags=0x0, pointerCount=1, historySize=9, eventTime=137181, downTime=-1, deviceId=0, source=0x10004 }
D/InputEventConsistencyVerifier(  981):   2: sent at 137061000000, (unhandled) KeyEvent { action=ACTION_UP, keyCode=KEYCODE_DPAD_CENTER, scanCode=0, metaState=0, flags=0x80000008, repeatCount=0, eventTime=137061, downTime=137061, deviceId=-1, source=0x101 }
D/InputEventConsistencyVerifier(  981):   3: sent at 135882000000, (unhandled) KeyEvent { action=ACTION_UP, keyCode=KEYCODE_MENU, scanCode=0, metaState=0, flags=0x8, repeatCount=0, eventTime=135882, downTime=135882, deviceId=-1, source=0x101 }
D/InputEventConsistencyVerifier(  981):   4: sent at 135715000000, (unhandled) KeyEvent { action=ACTION_DOWN, keyCode=KEYCODE_MENU, scanCode=0, metaState=0, flags=0x8, repeatCount=0, eventTime=135715, downTime=135715, deviceId=-1, source=0x101 }
D/InputEventConsistencyVerifier(  981):   5: sent at 135408000000, (unhandled) KeyEvent { action=ACTION_UP, keyCode=KEYCODE_DPAD_DOWN, scanCode=0, metaState=0, flags=0x8, repeatCount=0, eventTime=135408, downTime=135408, deviceId=-1, source=0x101 }
E/WVMExtractor(   61): Failed to open libwvm.so
I/ActivityManager(  230): No longer want com.android.provision (pid 592): hidden #16
W/DroidBox( 1097): DroidBox: { "ServiceStart": { "name": "com.android.music.MediaPlaybackService" } }
W/DroidBox( 1097): DroidBox: { "ServiceStart": { "name": "com.android.music.MediaPlaybackService" } }
D/InputEventConsistencyVerifier(  981): KeyEvent: ACTION_UP but key was not down.
D/InputEventConsistencyVerifier(  981):   in android.widget.Button@b3e2e188
D/InputEventConsistencyVerifier(  981):   0: sent at 137406000000, KeyEvent { action=ACTION_UP, keyCode=KEYCODE_DPAD_DOWN, scanCode=0, metaState=0, flags=0x8, repeatCount=0, eventTime=137406, downTime=137406, deviceId=-1, source=0x101 }
D/InputEventConsistencyVerifier(  981):   -- recent events --
D/InputEventConsistencyVerifier(  981):   1: sent at 135882000000, (unhandled) KeyEvent { action=ACTION_UP, keyCode=KEYCODE_MENU, scanCode=0, metaState=0, flags=0x8, repeatCount=0, eventTime=135882, downTime=135882, deviceId=-1, source=0x101 }
D/InputEventConsistencyVerifier(  981):   2: sent at 135715000000, (unhandled) KeyEvent { action=ACTION_DOWN, keyCode=KEYCODE_MENU, scanCode=0, metaState=0, flags=0x8, repeatCount=0, eventTime=135715, downTime=135715, deviceId=-1, source=0x101 }
D/InputEventConsistencyVerifier(  981):   3: sent at 135408000000, (unhandled) KeyEvent { action=ACTION_UP, keyCode=KEYCODE_DPAD_DOWN, scanCode=0, metaState=0, flags=0x8, repeatCount=0, eventTime=135408, downTime=135408, deviceId=-1, source=0x101 }
D/InputEventConsistencyVerifier(  981):   4: sent at 131307000000, (unhandled) KeyEvent { action=ACTION_DOWN, keyCode=KEYCODE_DPAD_DOWN, scanCode=0, metaState=0, flags=0x8, repeatCount=0, eventTime=131307, downTime=131307, deviceId=-1, source=0x101 }
D/InputEventConsistencyVerifier(  981):   5: sent at 131307000000, (unhandled) KeyEvent { action=ACTION_DOWN, keyCode=KEYCODE_NUMPAD_2, scanCode=0, metaState=0, flags=0x8, repeatCount=0, eventTime=131307, downTime=131307, deviceId=-1, source=0x101 }
D/InputEventConsistencyVerifier(  981): KeyEvent: ACTION_UP but key was not down.
D/InputEventConsistencyVerifier(  981):   in android.widget.Button@b3e2b0c0
D/InputEventConsistencyVerifier(  981):   0: sent at 138765000000, KeyEvent { action=ACTION_UP, keyCode=KEYCODE_DPAD_DOWN, scanCode=0, metaState=0, flags=0x8, repeatCount=0, eventTime=138765, downTime=138765, deviceId=-1, source=0x101 }
D/InputEventConsistencyVerifier(  981):   -- recent events --
D/InputEventConsistencyVerifier(  981):   1: sent at 132993000000, (unhandled) KeyEvent { action=ACTION_UP, keyCode=KEYCODE_MENU, scanCode=0, metaState=0, flags=0x8, repeatCount=0, eventTime=132993, downTime=132993, deviceId=-1, source=0x101 }
D/InputEventConsistencyVerifier(  981):   2: sent at 132656000000, (unhandled) KeyEvent { action=ACTION_DOWN, keyCode=KEYCODE_MENU, scanCode=0, metaState=0, flags=0x8, repeatCount=0, eventTime=132656, downTime=132656, deviceId=-1, source=0x101 }
D/InputEventConsistencyVerifier(  981):   3: sent at 132624000000, KeyEvent { action=ACTION_UP, keyCode=KEYCODE_DPAD_CENTER, scanCode=0, metaState=0, flags=0x8, repeatCount=0, eventTime=132624, downTime=132624, deviceId=-1, source=0x101 }
D/InputEventConsistencyVerifier(  981):   4: sent at 132589000000, KeyEvent { action=ACTION_DOWN, keyCode=KEYCODE_DPAD_CENTER, scanCode=0, metaState=0, flags=0x8, repeatCount=0, eventTime=132589, downTime=132589, deviceId=-1, source=0x101 }
D/InputEventConsistencyVerifier(  981):   5: sent at 132451000000, (unhandled) KeyEvent { action=ACTION_UP, keyCode=KEYCODE_DEL, scanCode=0, metaState=0, flags=0x8, repeatCount=0, eventTime=132451, downTime=132451, deviceId=-1, source=0x101 }
I/ContactsDatabaseHelper(  563): Locale change completed in 7609ms
I/ContactsProvider(  563): Upgrading aggregation algorithm
W/dalvikvm(  563): DroidBox: { "FdAccess": { "path": "2f646174612f646174612f636f6d2e616e64726f69642e70726f7669646572732e636f6e74616374732f7368617265645f70726566732f636f6d2e616e64726f69642e70726f7669646572732e636f6e74616374735f707265666572656e6365732e786d6c", "id": "914702735" } }
W/DroidBox(  563): DroidBox: { "FileRW": { "operation": "write", "data": "3c3f786d6c2076657273696f6e3d27312e302720656e636f64696e673d277574662d3827207374616e64616c6f6e653d2779657327203f3e0a3c6d61703e0a3c737472696e67206e616d653d226c6f63616c65223e656e5f55533c2f737472696e673e0a", "id": "914702735" } }
