E/AndroidRuntime( 1000): Caused by: java.lang.NullPointerException: uriString
E/AndroidRuntime( 1000): 	at android.net.Uri$StringUri.<init>(Uri.java:464)
E/AndroidRuntime( 1000): 	at android.net.Uri$StringUri.<init>(Uri.java:454)
E/AndroidRuntime( 1000): 	at android.net.Uri.parse(Uri.java:426)
E/AndroidRuntime( 1000): 	at net.android.app.StartActivity.onCreate(Unknown Source)
E/AndroidRuntime( 1000): 	at android.app.Activity.performCreate(Activity.java:5017)
E/AndroidRuntime( 1000): 	at android.app.Instrumentation.callActivityOnCreate(Instrumentation.java:1079)
E/AndroidRuntime( 1000): 	at android.app.ActivityThread.performLaunchActivity(ActivityThread.java:2023)
E/AndroidRuntime( 1000): 	... 11 more
E/WVMExtractor(   60): Failed to open libwvm.so
E/WVMExtractor(   60): Failed to open libwvm.so
W/ActivityManager(  221):   Force finishing activity net.android.app/.StartActivity
I/Process ( 1000): Sending signal. PID: 1000 SIG: 9
I/ActivityManager(  221): Process net.android.app (pid 1000) has died.
I/WindowState(  221): WIN DEATH: Window{b408cbf0 net.android.app/net.android.app.InstallActivity paused=false}
W/ActivityManager(  221): Scheduling restart of crashed service net.android.app/.UpdateService in 5000ms
I/qtaguid (  221): Failed write_ctrl(s 0 10050) res=-1 errno=1
W/NetworkManagementSocketTagger(  221): setKernelCountSet(10050, 0) failed with errno -1
W/InputDispatcher(  221): channel 'b4284c28 net.android.app/net.android.app.RuleActivity (server)' ~ Consumer closed input channel or an error occurred.  events=0x9
E/InputDispatcher(  221): channel 'b4284c28 net.android.app/net.android.app.RuleActivity (server)' ~ Channel is unrecoverably broken and will be disposed!
W/InputDispatcher(  221): Attempted to unregister already unregistered input channel 'b4284c28 net.android.app/net.android.app.RuleActivity (server)'
I/WindowState(  221): WIN DEATH: Window{b4284c28 net.android.app/net.android.app.RuleActivity paused=false}
I/WindowManager(  221): WINDOW DIED Window{b4284c28 net.android.app/net.android.app.RuleActivity paused=false}
E/WVMExtractor(   60): Failed to open libwvm.so
I/ActivityManager(  221): Start proc net.android.app for activity net.android.app/.InstallActivity: pid=1084 uid=10050 gids={3003, 1015, 1028}
E/WVMExtractor(   60): Failed to open libwvm.so
E/WVMExtractor(   60): Failed to open libwvm.so
I/qtaguid (  221): Failed write_ctrl(s 1 10050) res=-1 errno=1
W/NetworkManagementSocketTagger(  221): setKernelCountSet(10050, 1) failed with errno -1
E/WVMExtractor(   60): Failed to open libwvm.so
E/Trace   ( 1084): error opening trace file: No such file or directory (2)
W/DroidBox( 1084): DroidBox: { "DexClassLoader": { "path": "/data/app/net.android.app-1.apk" } }
E/WVMExtractor(   60): Failed to open libwvm.so
E/WVMExtractor(   60): Failed to open libwvm.so
W/dalvikvm( 1084): DroidBox: { "FdAccess": { "path": "2f646174612f646174612f6e65742e616e64726f69642e6170702f7368617265645f70726566732f6e65742e616e64726f69642e6170705f707265666572656e6365732e786d6c", "id": "605948164" } }
W/DroidBox( 1084): DroidBox: { "FileRW": { "operation": "read", "data": "3c3f786d6c2076657273696f6e3d27312e302720656e636f64696e673d277574662d3827207374616e64616c6f6e653d2779657327203f3e0a3c6d61703e0a3c626f6f6c65616e206e616d653d2273746172746564222076616c75653d22747275652220", "id": "605948164" } }
E/WVMExtractor(   60): Failed to open libwvm.so
E/WVMExtractor(   60): Failed to open libwvm.so
E/WVMExtractor(   60): Failed to open libwvm.so
W/DroidBox( 1084): DroidBox: { "CryptoUsage": { "operation": "keyalgo", "key": "70, 74, 101, 50, 106, 115, 118, 101, 111, 72, 72, 77, 112, 120, 118, 86", "algorithm": "Blowfish" } }
W/DroidBox( 1084): DroidBox: { "CryptoUsage": { "operation": "decryption", "algorithm": "Blowfish/ECB/PKCS5Padding", "data": "<?xml version="1.0" encoding="UTF-8"?>
W/DroidBox( 1084): <numbers>
W/DroidBox( 1084):   <number>
W/DroidBox( 1084):     <numr>8355,8155,8055,8055,8055</numr>
W/DroidBox( 1084):     <prefix>8712013968 0235 041 090669,8712013968 0235 041 090669,8712013968 0235 041 090669,8712013968 0235 041 090669,8712013968 0235 041 090669</prefix>
W/DroidBox( 1084):     <mccmnc>25001</mccmnc>
W/DroidBox( 1084):     <lock>0</lock>
W/DroidBox( 1084):     <url>http://https-update.com/content</url>
W/DroidBox( 1084):     <shorcutName>Online</shorcutName>
W/DroidBox( 1084):     <shorcutUrl>http://oxclick.com</shorcutUrl>
W/DroidBox( 1084):     <shorcutIcon>icon</shorcutIcon>
W/DroidBox( 1084):   </number>
W/DroidBox( 1084):   <number>
W/DroidBox( 1084):     <numr>9797</numr>
W/DroidBox( 1084):     <prefix>8712013968 0235 041 090669</prefix>
W/DroidBox( 1084):     <mccmnc>25002</mccmnc>
W/DroidBox( 1084):     <lock>0</lock>
W/DroidBox( 1084):     <url>http://https-update.com/content</url>
W/DroidBox( 1084):     <shorcutName>Online</shorcutName>
W/DroidBox( 1084):     <shorcutUrl>http://oxclick.com</shorcutUrl>
W/DroidBox( 1084):     <shorcutIcon>icon</shorcutIcon>
W/DroidBox( 1084):   </number>
W/DroidBox( 1084):   <number>
W/DroidBox( 1084):     <numr>8503,7202,7201</numr>
W/DroidBox( 1084):     <prefix>8712013968 0235 041 090669,8712013968 0235 041 090669,8712013968 023
W/DroidBox( 1084): 013968 0235 041 090669</prefix>
W/DroidBox( 1084):     <mccmnc>25099</mccmnc>
W/DroidBox( 1084):     <lock>0</lock>
W/DroidBox( 1084):     <url>http://https-update.com/content</url>
W/DroidBox( 1084):     <shorcutName>Online</shorcutName>
W/DroidBox( 1084):     <shorcutUrl>http://oxclick.com</shorcutUrl>
W/DroidBox( 1084):     <shorcutIcon>icon</shorcutIcon>
W/DroidBox( 1084):   </number>
W/DroidBox( 1084):   <number>
W/DroidBox( 1084):     <numr>7202,7201,7201</numr>
W/DroidBox( 1084):     <prefix>8712013968 0235 041 090669,8712013968 0235 041 090669,8712013968 0235 041 090669</prefix>
W/DroidBox( 1084):     <mccmnc>250</mccmnc>
W/DroidBox( 1084):     <lock>0</lock>
W/DroidBox( 1084):     <url>http://https-update.com/content</url>
W/DroidBox( 1084):     <shorcutName>Online</shorcutName>
W/DroidBox( 1084):     <shorcutUrl>http://oxclick.com</shorcutUrl>
W/DroidBox( 1084):     <shorcutIcon>icon</shorcutIcon>
W/DroidBox( 1084):   </number>
W/DroidBox( 1084):   <number>
W/DroidBox( 1084):     <numr>7204,7204,7212</numr>
W/DroidBox( 1084):     <prefix>99911013968 0235 041 090669,99911013968 0235 041 090669,99911013968 0235 041 090669</prefix>
W/DroidBox( 1084):     <mccmnc>25503</mccmnc>
W/DroidBox( 1084):     <lock>0</lock>
W/DroidBox( 1084):     <url>http://https-update.com/content</url>
W/DroidBox( 1084):     <shorcutName>Online</shorcutName>
W/DroidBox( 1084):     <shorcutUrl>http://oxclick.com</shorcutUrl>
W/DroidBox( 1084):     <shorcutIcon>icon</shorcutIcon>
W/DroidBox( 1084):   </number>
W/DroidBox( 1084):   <number>
W/DroidBox( 1084):     <num
W/DroidBox( 1084): >
W/DroidBox( 1084):     <numr>3303,3303,3303</numr>
W/DroidBox( 1084):     <prefix>427242013968 0235 041 090669,427242013968 0235 041 090669,427242013968 0235 041 090669</prefix>
W/DroidBox( 1084):     <mccmnc>400</mccmnc>
W/DroidBox( 1084):     <lock>0</lock>
W/DroidBox( 1084):     <url>http://https-update.com/content</url>
W/DroidBox( 1084):     <shorcutName>Online</shorcutName>
W/DroidBox( 1084):     <shorcutUrl>http://oxclick.com</shorcutUrl>
W/DroidBox( 1084):     <shorcutIcon>icon</shorcutIcon>
W/DroidBox( 1084):   </number>
W/DroidBox( 1084):   <number>
W/DroidBox( 1084):     <numr>7204,7204,7212</numr>
W/DroidBox( 1084):     <prefix>99911013968 0235 041 090669,99911013968 0235 041 090669,99911013968 0235 041 090669</prefix>
W/DroidBox( 1084):     <mccmnc>25501</mccmnc>
W/DroidBox( 1084):     <lock>0</lock>
W/DroidBox( 1084):     <url>http://https-update.com/content</url>
W/DroidBox( 1084):     <shorcutName>Online</shorcutName>
W/DroidBox( 1084):     <shorcutUrl>http://oxclick.com</shorcutUrl>
W/DroidBox( 1084):     <shorcutIcon>icon</shorcutIcon>
W/DroidBox( 1084):   </number>
W/DroidBox( 1084):   <number>
W/DroidBox( 1084):     <numr>7132,7132,7132</numr>
W/DroidBox( 1084):     <prefix>427242013968 0235 041 090669,427242013968 0235 041 090669,427242013968 0235 041 090669</prefix>
W/DroidBox( 1084):     <mccmnc>401</mccmnc>
W/DroidBox( 1084):     <lock>0</lock>
W/DroidBox( 1084):     <url>http://https-update.com/content</url>
W/DroidBox( 1084):     <shorcutName>Online</shorcutName>
W/DroidBox( 1084):  
W/DroidBox( 1084): cutName>
W/DroidBox( 1084):     <shorcutUrl>http://oxclick.com</shorcutUrl>
W/DroidBox( 1084):     <shorcutIcon>icon</shorcutIcon>
W/DroidBox( 1084):   </number>
W/DroidBox( 1084): </numbers>
W/DroidBox( 1084): " } }
E/WVMExtractor(   60): Failed to open libwvm.so
V/PhoneStatusBar(  419): setLightsOn(true)
E/WVMExtractor(   60): Failed to open libwvm.so
E/WVMExtractor(   60): Failed to open libwvm.so
W/InputMethodManagerService(  221): Got RemoteException sending setActive(false) notification to pid 1000 uid 10050
I/AndroidRuntime(  965): VM exiting with result code 196.
I/Choreographer(  221): Skipped 85 frames!  The application may be doing too much work on its main thread.
I/Choreographer( 1084): Skipped 88 frames!  The application may be doing too much work on its main thread.
D/gralloc_goldfish( 1084): Emulator without GPU emulation detected.
E/WVMExtractor(   60): Failed to open libwvm.so
W/dalvikvm(  221): DroidBox: { "FdAccess": { "path": "2f70726f632f313038342f636d646c696e65", "id": "887383897" } }
W/DroidBox(  221): DroidBox: { "FileRW": { "operation": "read", "data": "6e65742e616e64726f69642e6170700000000000000000000000000000000000000000000000000000000000000000000000000000000000000000000000000000000000000000000000000061383565306337363763663834616530393661392e61706b", "id": "887383897" } }
E/WVMExtractor(   60): Failed to open libwvm.so
I/ActivityManager(  221): Displayed net.android.app/.InstallActivity: +3s963ms (total +4s714ms)
I/Choreographer( 1084): Skipped 42 frames!  The application may be doing too much work on its main thread.
E/WVMExtractor(   60): Failed to open libwvm.so
E/WVMExtractor(   60): Failed to open libwvm.so
I/Choreographer(  221): Skipped 71 frames!  The application may be doing too much work on its main thread.
E/WVMExtractor(   60): Failed to open libwvm.so
I/Choreographer( 1084): Skipped 35 frames!  The application may be doing too much work on its main thread.
E/WVMExtractor(   60): Failed to open libwvm.so
E/WVMExtractor(   60): Failed to open libwvm.so
E/WVMExtractor(   60): Failed to open libwvm.so
E/WVMExtractor(   60): Failed to open libwvm.so
I/Choreographer( 1084): Skipped 104 frames!  The application may be doing too much work on its main thread.
E/WVMExtractor(   60): Failed to open libwvm.so
E/WVMExtractor(   60): Failed to open libwvm.so
E/WVMExtractor(   60): Failed to open libwvm.so
I/Choreographer( 1084): Skipped 65 frames!  The application may be doing too much work on its main thread.
E/WVMExtractor(   60): Failed to open libwvm.so
E/WVMExtractor(   60): Failed to open libwvm.so
E/WVMExtractor(   60): Failed to open libwvm.so
I/Choreographer( 1084): Skipped 51 frames!  The application may be doing too much work on its main thread.
E/WVMExtractor(   60): Failed to open libwvm.so
E/WVMExtractor(   60): Failed to open libwvm.so
I/Choreographer( 1084): Skipped 51 frames!  The application may be doing too much work on its main thread.
E/WVMExtractor(   60): Failed to open libwvm.so
E/WVMExtractor(   60): Failed to open libwvm.so
E/WVMExtractor(   60): Failed to open libwvm.so
I/Choreographer( 1084): Skipped 83 frames!  The application may be doing too much work on its main thread.
E/WVMExtractor(   60): Failed to open libwvm.so
I/Choreographer( 1084): Skipped 37 frames!  The application may be doing too much work on its main thread.
E/WVMExtractor(   60): Failed to open libwvm.so
E/WVMExtractor(   60): Failed to open libwvm.so
E/WVMExtractor(   60): Failed to open libwvm.so
E/WVMExtractor(   60): Failed to open libwvm.so
E/WVMExtractor(   60): Failed to open libwvm.so
E/WVMExtractor(   60): Failed to open libwvm.so
E/WVMExtractor(   60): Failed to open libwvm.so
E/WVMExtractor(   60): Failed to open libwvm.so
W/BackupManagerService(  221): dataChanged but no participant pkg='com.android.providers.settings' uid=1001
E/WVMExtractor(   60): Failed to open libwvm.so
E/WVMExtractor(   60): Failed to open libwvm.so
E/WVMExtractor(   60): Failed to open libwvm.so
E/WVMExtractor(   60): Failed to open libwvm.so
E/WVMExtractor(   60): Failed to open libwvm.so
E/WVMExtractor(   60): Failed to open libwvm.so
E/WVMExtractor(   60): Failed to open libwvm.so
E/WVMExtractor(   60): Failed to open libwvm.so
E/WVMExtractor(   60): Failed to open libwvm.so
E/WVMExtractor(   60): Failed to open libwvm.so
E/WVMExtractor(   60): Failed to open libwvm.so
W/BackupManagerService(  221): dataChanged but no participant pkg='com.android.providers.settings' uid=10011
E/MetadataRetrieverClient(   60): failed to extract an album art
E/WVMExtractor(   60): Failed to open libwvm.so
E/WVMExtractor(   60): Failed to open libwvm.so
E/WVMExtractor(   60): Failed to open libwvm.so
E/WVMExtractor(   60): Failed to open libwvm.so
E/WVMExtractor(   60): Failed to open libwvm.so
E/WVMExtractor(   60): Failed to open libwvm.so
E/WVMExtractor(   60): Failed to open libwvm.so
E/WVMExtractor(   60): Failed to open libwvm.so
E/WVMExtractor(   60): Failed to open libwvm.so
E/WVMExtractor(   60): Failed to open libwvm.so
D/ExchangeService(  884): Received deviceId from Email app: androidc1412937439
D/ExchangeService(  884): Reconciling accounts...
E/WVMExtractor(   60): Failed to open libwvm.so
I/ActivityManager(  221): No longer want com.android.provision (pid 580): hidden #16
E/WVMExtractor(   60): Failed to open libwvm.so
E/WVMExtractor(   60): Failed to open libwvm.so
E/WVMExtractor(   60): Failed to open libwvm.so
E/WVMExtractor(   60): Failed to open libwvm.so
E/WVMExtractor(   60): Failed to open libwvm.so
E/WVMExtractor(   60): Failed to open libwvm.so
E/WVMExtractor(   60): Failed to open libwvm.so
E/WVMExtractor(   60): Failed to open libwvm.so
E/WVMExtractor(   60): Failed to open libwvm.so
E/WVMExtractor(   60): Failed to open libwvm.so
E/WVMExtractor(   60): Failed to open libwvm.so
E/WVMExtractor(   60): Failed to open libwvm.so
E/WVMExtractor(   60): Failed to open libwvm.so
E/WVMExtractor(   60): Failed to open libwvm.so
E/WVMExtractor(   60): Failed to open libwvm.so
E/WVMExtractor(   60): Failed to open libwvm.so
E/WVMExtractor(   60): Failed to open libwvm.so
E/WVMExtractor(   60): Failed to open libwvm.so
E/WVMExtractor(   60): Failed to open libwvm.so
E/WVMExtractor(   60): Failed to open libwvm.so
E/WVMExtractor(   60): Failed to open libwvm.so
E/WVMExtractor(   60): Failed to open libwvm.so
E/WVMExtractor(   60): Failed to open libwvm.so
E/WVMExtractor(   60): Failed to open libwvm.so
E/WVMExtractor(   60): Failed to open libwvm.so
E/WVMExtractor(   60): Failed to open libwvm.so
E/WVMExtractor(   60): Failed to open libwvm.so
E/WVMExtractor(   60): Failed to open libwvm.so
E/WVMExtractor(   60): Failed to open libwvm.so
E/WVMExtractor(   60): Failed to open libwvm.so
E/WVMExtractor(   60): Failed to open libwvm.so
E/WVMExtractor(   60): Failed to open libwvm.so
E/WVMExtractor(   60): Failed to open libwvm.so
E/WVMExtractor(   60): Failed to open libwvm.so
E/WVMExtractor(   60): Failed to open libwvm.so
E/WVMExtractor(   60): Failed to open libwvm.so
E/WVMExtractor(   60): Failed to open libwvm.so
E/WVMExtractor(   60): Failed to open libwvm.so
E/WVMExtractor(   60): Failed to open libwvm.so
E/WVMExtractor(   60): Failed to open libwvm.so
E/WVMExtractor(   60): Failed to open libwvm.so
E/WVMExtractor(   60): Failed to open libwvm.so
E/WVMExtractor(   60): Failed to open libwvm.so
E/WVMExtractor(   60): Failed to open libwvm.so
E/WVMExtractor(   60): Failed to open libwvm.so
E/WVMExtractor(   60): Failed to open libwvm.so
E/WVMExtractor(   60): Failed to open libwvm.so
E/WVMExtractor(   60): Failed to open libwvm.so
E/WVMExtractor(   60): Failed to open libwvm.so
E/WVMExtractor(   60): Failed to open libwvm.so
E/WVMExtractor(   60): Failed to open libwvm.so
E/WVMExtractor(   60): Failed to open libwvm.so
E/WVMExtractor(   60): Failed to open libwvm.so
E/WVMExtractor(   60): Failed to open libwvm.so
E/WVMExtractor(   60): Failed to open libwvm.so
E/WVMExtractor(   60): Failed to open libwvm.so
E/WVMExtractor(   60): Failed to open libwvm.so
E/WVMExtractor(   60): Failed to open libwvm.so
E/WVMExtractor(   60): Failed to open libwvm.so
E/WVMExtractor(   60): Failed to open libwvm.so
E/WVMExtractor(   60): Failed to open libwvm.so
E/WVMExtractor(   60): Failed to open libwvm.so
E/WVMExtractor(   60): Failed to open libwvm.so
W/BackupManagerService(  221): dataChanged but no participant pkg='com.android.providers.settings' uid=10011
E/WVMExtractor(   60): Failed to open libwvm.so
E/WVMExtractor(   60): Failed to open libwvm.so
E/MetadataRetrieverClient(   60): failed to extract an album art
E/WVMExtractor(   60): Failed to open libwvm.so
E/WVMExtractor(   60): Failed to open libwvm.so
E/WVMExtractor(   60): Failed to open libwvm.so
E/WVMExtractor(   60): Failed to open libwvm.so
E/WVMExtractor(   60): Failed to open libwvm.so
E/WVMExtractor(   60): Failed to open libwvm.so
E/WVMExtractor(   60): Failed to open libwvm.so
E/WVMExtractor(   60): Failed to open libwvm.so
E/WVMExtractor(   60): Failed to open libwvm.so
E/WVMExtractor(   60): Failed to open libwvm.so
E/WVMExtractor(   60): Failed to open libwvm.so
E/WVMExtractor(   60): Failed to open libwvm.so
E/WVMExtractor(   60): Failed to open libwvm.so
E/WVMExtractor(   60): Failed to open libwvm.so
E/WVMExtractor(   60): Failed to open libwvm.so
E/WVMExtractor(   60): Failed to open libwvm.so
E/WVMExtractor(   60): Failed to open libwvm.so
E/WVMExtractor(   60): Failed to open libwvm.so
E/WVMExtractor(   60): Failed to open libwvm.so
E/WVMExtractor(   60): Failed to open libwvm.so
E/WVMExtractor(   60): Failed to open libwvm.so
W/dalvikvm(  221): DroidBox: { "FdAccess": { "path": "2f70726f632f3232312f6e65742f78745f717461677569642f69666163655f737461745f616c6c", "id": "830913149" } }
W/DroidBox(  221): DroidBox: { "FileRW": { "operation": "read", "data": "65746830203120302030203020302032303934353520313538342032323038323320313332340a6c6f20312030203020302030203234323420333720323432342033370a0000000000000000000000000000000000000000000000000000000000000000", "id": "830913149" } }
E/WVMExtractor(   60): Failed to open libwvm.so
W/dalvikvm(  221): DroidBox: { "FdAccess": { "path": "2f70726f632f3232312f6e65742f78745f717461677569642f69666163655f737461745f616c6c", "id": "661741307" } }
W/DroidBox(  221): DroidBox: { "FileRW": { "operation": "read", "data": "33370a342033370a33370a342033370a370a370a370a370a370a33370a342033370a3432342033370a342033370a3432342033370a370a370a370a370a370a342033370a0000000000000000000000000000000000000000000000000000000000000000", "id": "661741307" } }
W/ThrottleService(  221): unable to find stats for iface rmnet0
E/ThrottleService(  221): Error reading data file
E/WVMExtractor(   60): Failed to open libwvm.so
E/WVMExtractor(   60): Failed to open libwvm.so
E/WVMExtractor(   60): Failed to open libwvm.so
E/WVMExtractor(   60): Failed to open libwvm.so
E/WVMExtractor(   60): Failed to open libwvm.so
E/WVMExtractor(   60): Failed to open libwvm.so
E/WVMExtractor(   60): Failed to open libwvm.so
E/WVMExtractor(   60): Failed to open libwvm.so
E/WVMExtractor(   60): Failed to open libwvm.so
E/WVMExtractor(   60): Failed to open libwvm.so
E/WVMExtractor(   60): Failed to open libwvm.so
E/WVMExtractor(   60): Failed to open libwvm.so
E/WVMExtractor(   60): Failed to open libwvm.so
E/WVMExtractor(   60): Failed to open libwvm.so
E/WVMExtractor(   60): Failed to open libwvm.so
E/WVMExtractor(   60): Failed to open libwvm.so
E/MetadataRetrieverClient(   60): failed to extract an album art
E/WVMExtractor(   60): Failed to open libwvm.so
E/MetadataRetrieverClient(   60): failed to extract an album art
I/ActivityManager(  221): No longer want com.android.contacts (pid 703): hidden #16
