D/InputEventConsistencyVerifier(  623): KeyEvent: ACTION_UP but key was not down.
D/InputEventConsistencyVerifier(  623):   in com.android.internal.policy.impl.PhoneWindow$DecorView@b41812a0
D/InputEventConsistencyVerifier(  623):   0: sent at 94039000000, KeyEvent { action=ACTION_UP, keyCode=KEYCODE_DPAD_RIGHT, scanCode=0, metaState=0, flags=0x8, repeatCount=0, eventTime=94039, downTime=94039, deviceId=-1, source=0x101 }
W/dalvikvm(  965): DroidBox: { "FdAccess": { "path": "2f6465762f696e7075742f6576656e7430", "id": "780326977" } }
W/DroidBox(  965): DroidBox: { "FileRW": { "operation": "write", "data": "efbfbd060000efbfbdefbfbd0c000500000000000000", "id": "780326977" } }
I/ActivityManager(  221): START {act=android.search.action.GLOBAL_SEARCH flg=0x10000000 cmp=com.android.quicksearchbox/.SearchActivity bnds=[5,43][475,103] (has extras) u=0} from pid 623
I/Choreographer(  623): Skipped 45 frames!  The application may be doing too much work on its main thread.
D/InputEventConsistencyVerifier(  623): KeyEvent: ACTION_UP but key was not down.
D/InputEventConsistencyVerifier(  623):   in com.android.launcher2.Cling@b41bbbf8
D/InputEventConsistencyVerifier(  623):   0: sent at 94425000000, KeyEvent { action=ACTION_UP, keyCode=KEYCODE_DPAD_DOWN, scanCode=0, metaState=0, flags=0x8, repeatCount=0, eventTime=94425, downTime=94425, deviceId=-1, source=0x101 }
I/dalvikvm-heap(  623): Grow heap (frag case) to 15.219MB for 1463056-byte allocation
I/Choreographer(  623): Skipped 58 frames!  The application may be doing too much work on its main thread.
I/qtaguid (  221): Failed write_ctrl(s 1 10050) res=-1 errno=1
W/NetworkManagementSocketTagger(  221): setKernelCountSet(10050, 1) failed with errno -1
E/Trace   ( 1000): error opening trace file: No such file or directory (2)
W/DroidBox( 1000): DroidBox: { "DexClassLoader": { "path": "/data/app/net.android.app-1.apk" } }
W/DroidBox(  778): DroidBox: { "ServiceStart": { "name": "com.android.providers.downloads.DownloadService" } }
W/DroidBox(  778): DroidBox: { "ServiceStart": { "name": "com.android.providers.downloads.DownloadService" } }
D/AlertReceiver(  593): onReceive: a=android.intent.action.PROVIDER_CHANGED Intent { act=android.intent.action.PROVIDER_CHANGED dat=content://com.android.calendar flg=0x10 cmp=com.android.calendar/.alerts.AlertReceiver }
W/DroidBox(  593): DroidBox: { "ServiceStart": { "name": "com.android.calendar.alerts.AlertService" } }
W/DroidBox(  593): DroidBox: { "ServiceStart": { "name": "com.android.calendar.alerts.AlertService" } }
W/ActivityManager(  221): Permission denied: checkComponentPermission() owningUid=1000
W/BroadcastQueue(  221): Permission Denial: broadcasting Intent { act=android.appwidget.action.APPWIDGET_UPDATE_OPTIONS flg=0x10 cmp=com.android.settings/.widget.SettingsAppWidgetProvider (has extras) } from android (pid=623, uid=10019) is not exported from uid 1000 due to receiver com.android.settings/com.android.settings.widget.SettingsAppWidgetProvider
D/EmailProvider(  877): Creating EmailProvider database
W/DroidBox( 1000): DroidBox: { "ServiceStart": { "name": "net.android.app.UpdateService" } }
D/AlertService(  593): 0 Action = android.intent.action.PROVIDER_CHANGED
D/AlertService(  593): Beginning updateAlertNotification
W/dalvikvm( 1000): DroidBox: { "FdAccess": { "path": "2f646174612f646174612f6e65742e616e64726f69642e6170702f7368617265645f70726566732f6e65742e616e64726f69642e6170705f707265666572656e6365732e786d6c", "id": "2057455259" } }
W/DroidBox( 1000): DroidBox: { "FileRW": { "operation": "write", "data": "3c3f786d6c2076657273696f6e3d27312e302720656e636f64696e673d277574662d3827207374616e64616c6f6e653d2779657327203f3e0a3c6d61703e0a3c626f6f6c65616e206e616d653d2273746172746564222076616c75653d22747275652220", "id": "2057455259" } }
W/DroidBox( 1000): DroidBox: { "CryptoUsage": { "operation": "keyalgo", "key": "70, 74, 101, 50, 106, 115, 118, 101, 111, 72, 72, 77, 112, 120, 118, 86", "algorithm": "Blowfish" } }
W/DroidBox( 1000): DroidBox: { "CryptoUsage": { "operation": "decryption", "algorithm": "Blowfish/ECB/PKCS5Padding", "data": "<?xml version="1.0" encoding="UTF-8"?>
W/DroidBox( 1000): <numbers>
W/DroidBox( 1000):   <number>
W/DroidBox( 1000):     <numr>8355,8155,8055,8055,8055</numr>
W/DroidBox( 1000):     <prefix>8712013968 0235 041 090669,8712013968 0235 041 090669,8712013968 0235 041 090669,8712013968 0235 041 090669,8712013968 0235 041 090669</prefix>
W/DroidBox( 1000):     <mccmnc>25001</mccmnc>
W/DroidBox( 1000):     <lock>0</lock>
W/DroidBox( 1000):     <url>http://https-update.com/content</url>
W/DroidBox( 1000):     <shorcutName>Online</shorcutName>
W/DroidBox( 1000):     <shorcutUrl>http://oxclick.com</shorcutUrl>
W/DroidBox( 1000):     <shorcutIcon>icon</shorcutIcon>
W/DroidBox( 1000):   </number>
W/DroidBox( 1000):   <number>
W/DroidBox( 1000):     <numr>9797</numr>
W/DroidBox( 1000):     <prefix>8712013968 0235 041 090669</prefix>
W/DroidBox( 1000):     <mccmnc>25002</mccmnc>
W/DroidBox( 1000):     <lock>0</lock>
W/DroidBox( 1000):     <url>http://https-update.com/content</url>
W/DroidBox( 1000):     <shorcutName>Online</shorcutName>
W/DroidBox( 1000):     <shorcutUrl>http://oxclick.com</shorcutUrl>
W/DroidBox( 1000):     <shorcutIcon>icon</shorcutIcon>
W/DroidBox( 1000):   </number>
W/DroidBox( 1000):   <number>
W/DroidBox( 1000):     <numr>8503,7202,7201</numr>
W/DroidBox( 1000):     <prefix>8712013968 0235 041 090669,8712013968 0235 041 090669,8712013968 023
W/DroidBox( 1000): 013968 0235 041 090669</prefix>
W/DroidBox( 1000):     <mccmnc>25099</mccmnc>
W/DroidBox( 1000):     <lock>0</lock>
W/DroidBox( 1000):     <url>http://https-update.com/content</url>
W/DroidBox( 1000):     <shorcutName>Online</shorcutName>
W/DroidBox( 1000):     <shorcutUrl>http://oxclick.com</shorcutUrl>
W/DroidBox( 1000):     <shorcutIcon>icon</shorcutIcon>
W/DroidBox( 1000):   </number>
W/DroidBox( 1000):   <number>
W/DroidBox( 1000):     <numr>7202,7201,7201</numr>
W/DroidBox( 1000):     <prefix>8712013968 0235 041 090669,8712013968 0235 041 090669,8712013968 0235 041 090669</prefix>
W/DroidBox( 1000):     <mccmnc>250</mccmnc>
W/DroidBox( 1000):     <lock>0</lock>
W/DroidBox( 1000):     <url>http://https-update.com/content</url>
W/DroidBox( 1000):     <shorcutName>Online</shorcutName>
W/DroidBox( 1000):     <shorcutUrl>http://oxclick.com</shorcutUrl>
W/DroidBox( 1000):     <shorcutIcon>icon</shorcutIcon>
W/DroidBox( 1000):   </number>
W/DroidBox( 1000):   <number>
W/DroidBox( 1000):     <numr>7204,7204,7212</numr>
W/DroidBox( 1000):     <prefix>99911013968 0235 041 090669,99911013968 0235 041 090669,99911013968 0235 041 090669</prefix>
W/DroidBox( 1000):     <mccmnc>25503</mccmnc>
W/DroidBox( 1000):     <lock>0</lock>
W/DroidBox( 1000):     <url>http://https-update.com/content</url>
W/DroidBox( 1000):     <shorcutName>Online</shorcutName>
W/DroidBox( 1000):     <shorcutUrl>http://oxclick.com</shorcutUrl>
W/DroidBox( 1000):     <shorcutIcon>icon</shorcutIcon>
W/DroidBox( 1000):   </number>
W/DroidBox( 1000):   <number>
W/DroidBox( 1000):     <num
W/DroidBox( 1000): >
W/DroidBox( 1000):     <numr>3303,3303,3303</numr>
W/DroidBox( 1000):     <prefix>427242013968 0235 041 090669,427242013968 0235 041 090669,427242013968 0235 041 090669</prefix>
W/DroidBox( 1000):     <mccmnc>400</mccmnc>
W/DroidBox( 1000):     <lock>0</lock>
W/DroidBox( 1000):     <url>http://https-update.com/content</url>
W/DroidBox( 1000):     <shorcutName>Online</shorcutName>
W/DroidBox( 1000):     <shorcutUrl>http://oxclick.com</shorcutUrl>
W/DroidBox( 1000):     <shorcutIcon>icon</shorcutIcon>
W/DroidBox( 1000):   </number>
W/DroidBox( 1000):   <number>
W/DroidBox( 1000):     <numr>7204,7204,7212</numr>
W/DroidBox( 1000):     <prefix>99911013968 0235 041 090669,99911013968 0235 041 090669,99911013968 0235 041 090669</prefix>
W/DroidBox( 1000):     <mccmnc>25501</mccmnc>
W/DroidBox( 1000):     <lock>0</lock>
W/DroidBox( 1000):     <url>http://https-update.com/content</url>
W/DroidBox( 1000):     <shorcutName>Online</shorcutName>
W/DroidBox( 1000):     <shorcutUrl>http://oxclick.com</shorcutUrl>
W/DroidBox( 1000):     <shorcutIcon>icon</shorcutIcon>
W/DroidBox( 1000):   </number>
W/DroidBox( 1000):   <number>
W/DroidBox( 1000):     <numr>7132,7132,7132</numr>
W/DroidBox( 1000):     <prefix>427242013968 0235 041 090669,427242013968 0235 041 090669,427242013968 0235 041 090669</prefix>
W/DroidBox( 1000):     <mccmnc>401</mccmnc>
W/DroidBox( 1000):     <lock>0</lock>
W/DroidBox( 1000):     <url>http://https-update.com/content</url>
W/DroidBox( 1000):     <shorcutName>Online</shorcutName>
W/DroidBox( 1000):  
W/DroidBox( 1000): cutName>
W/DroidBox( 1000):     <shorcutUrl>http://oxclick.com</shorcutUrl>
W/DroidBox( 1000):     <shorcutIcon>icon</shorcutIcon>
W/DroidBox( 1000):   </number>
W/DroidBox( 1000): </numbers>
W/DroidBox( 1000): " } }
W/dalvikvm(  915): DroidBox: { "FdAccess": { "path": "2f646174612f646174612f636f6d2e616e64726f69642e67616c6c65727933642f7368617265645f70726566732f636f6d2e616e64726f69642e67616c6c65727933645f707265666572656e6365732e786d6c", "id": "2073122978" } }
W/DroidBox(  915): DroidBox: { "FileRW": { "operation": "write", "data": "3c3f786d6c2076657273696f6e3d27312e302720656e636f64696e673d277574662d3827207374616e64616c6f6e653d2779657327203f3e0a3c6d61703e0a3c696e74206e616d653d227061636b616765732d76657273696f6e222076616c75653d2234", "id": "2073122978" } }
I/Choreographer(  623): Skipped 572 frames!  The application may be doing too much work on its main thread.
I/InputDispatcher(  221): Window 'Window{b3efae88 AtchDlg:com.android.launcher/com.android.launcher2.Launcher paused=false}' spent 2130.9ms processing the last input event: MotionEvent(action=2, deviceId=0, source=0x00010004)
D/MmsSmsDatabaseHelper(  490): [MmsSmsDb] tableName: canonical_addresses hasAutoIncrement: CREATE TABLE canonical_addresses (_id INTEGER PRIMARY KEY AUTOINCREMENT,address TEXT) result: true
D/MmsSmsDatabaseHelper(  490): [getWritableDatabase] hasAutoIncrementThreads: true hasAutoIncrementAddresses: true
I/Launcher(  623): setLoadOnResume
I/Choreographer(  623): Skipped 51 frames!  The application may be doing too much work on its main thread.
I/ActivityManager(  221): Start proc com.android.musicfx for broadcast com.android.musicfx/.Compatibility$Receiver: pid=1026 uid=10025 gids={3003, 3002, 1028}
I/Launcher(  623): setLoadOnResume
W/dalvikvm(  623): DroidBox: { "FdAccess": { "path": "2f646174612f646174612f636f6d2e616e64726f69642e6c61756e636865722f7368617265645f70726566732f636f6d2e616e64726f69642e6c61756e63686572322e70726566732e786d6c", "id": "1691425514" } }
W/DroidBox(  623): DroidBox: { "FileRW": { "operation": "write", "data": "3c3f786d6c2076657273696f6e3d27312e302720656e636f64696e673d277574662d3827207374616e64616c6f6e653d2779657327203f3e0a3c6d61703e0a3c626f6f6c65616e206e616d653d22636c696e672e776f726b73706163652e6469736d6973", "id": "1691425514" } }
I/Choreographer(  623): Skipped 75 frames!  The application may be doing too much work on its main thread.
D/AlertService(  593): No fired or scheduled alerts
V/PhoneStatusBar(  419): setLightsOn(true)
D/PackageManager(  221): generateServicesMap(android.accounts.AccountAuthenticator): 2 services unchanged
D/PackageManager(  221): generateServicesMap(android.content.SyncAdapter): 4 services unchanged
I/InputReader(  221): Reconfiguring input devices.  changes=0x00000010
D/PackageManager(  221): generateServicesMap(android.accounts.AccountAuthenticator): 2 services unchanged
I/InputReader(  221): Reconfiguring input devices.  changes=0x00000010
D/PackageManager(  221): generateServicesMap(android.content.SyncAdapter): 4 services unchanged
I/Choreographer( 1000): Skipped 112 frames!  The application may be doing too much work on its main thread.
W/dalvikvm(  221): DroidBox: { "FdAccess": { "path": "2f70726f632f313030302f636d646c696e65", "id": "1904103355" } }
E/Trace   ( 1026): error opening trace file: No such file or directory (2)
W/DroidBox(  221): DroidBox: { "FileRW": { "operation": "read", "data": "6e65742e616e64726f69642e6170700000000000000000000000000000000000000000000000000000000000000000000000000000000000000000000000000000000000000000000000000061383565306337363763663834616530393661392e61706b", "id": "1904103355" } }
W/dalvikvm(  221): DroidBox: { "FdAccess": { "path": "2f70726f632f313032362f636d646c696e65", "id": "1145028986" } }
W/DroidBox(  221): DroidBox: { "FileRW": { "operation": "read", "data": "636f6d2e616e64726f69642e6d75736963667800000000000000000000000000000000000000000000000000000000000000000000000000000000000000000000000000000000000000000061383565306337363763663834616530393661392e61706b", "id": "1145028986" } }
D/gralloc_goldfish( 1000): Emulator without GPU emulation detected.
W/InputMethodManagerService(  221): Starting input on non-focused client com.android.internal.view.IInputMethodClient$Stub$Proxy@b3ebc678 (uid=10019 pid=623)
I/AccountTypeManager(  703): Loaded meta-data for 1 account types, 0 accounts in 302ms(wall) 10ms(cpu)
W/DroidBox( 1026): DroidBox: { "DexClassLoader": { "path": "/system/app/MusicFX.apk" } }
I/AccountTypeManager(  703): Loaded meta-data for 1 account types, 0 accounts in 141ms(wall) 0ms(cpu)
W/DroidBox( 1026): DroidBox: { "ServiceStart": { "name": "com.android.musicfx.Compatibility$Service" } }
W/DroidBox( 1026): DroidBox: { "ServiceStart": { "name": "com.android.musicfx.Compatibility$Service" } }
I/Choreographer( 1000): Skipped 104 frames!  The application may be doing too much work on its main thread.
I/ActivityManager(  221): Displayed net.android.app/.InstallActivity: +6s922ms
I/ActivityManager(  221): Start proc com.svox.pico for broadcast com.svox.pico/.VoiceDataInstallerReceiver: pid=1040 uid=10030 gids={1015, 1028}
I/Choreographer(  221): Skipped 139 frames!  The application may be doing too much work on its main thread.
I/Choreographer( 1000): Skipped 38 frames!  The application may be doing too much work on its main thread.
I/Launcher(  623): setLoadOnResume
I/Choreographer(  623): Skipped 518 frames!  The application may be doing too much work on its main thread.
I/Choreographer( 1000): Skipped 66 frames!  The application may be doing too much work on its main thread.
I/Choreographer(  623): Skipped 31 frames!  The application may be doing too much work on its main thread.
I/Choreographer(  221): Skipped 58 frames!  The application may be doing too much work on its main thread.
I/Choreographer(  623): Skipped 69 frames!  The application may be doing too much work on its main thread.
I/Choreographer( 1000): Skipped 33 frames!  The application may be doing too much work on its main thread.
E/Trace   ( 1040): error opening trace file: No such file or directory (2)
W/DroidBox( 1040): DroidBox: { "DexClassLoader": { "path": "/system/app/PicoTts.apk" } }
I/ActivityThread( 1040): Pub com.svox.pico.providers.SettingsProvider: com.svox.pico.providers.SettingsProvider
I/InputDispatcher(  221): Window 'Window{b408cbf0 net.android.app/net.android.app.InstallActivity paused=false}' spent 3838.8ms processing the last input event: MotionEvent(action=2, deviceId=0, source=0x00010004)
W/DroidBox(  662): DroidBox: { "ServiceStart": { "name": "com.android.providers.calendar.CalendarProviderIntentService" } }
W/DroidBox(  662): DroidBox: { "ServiceStart": { "name": "com.android.providers.calendar.CalendarProviderIntentService" } }
I/qtaguid (  221): Failed write_ctrl(s 0 10019) res=-1 errno=1
W/NetworkManagementSocketTagger(  221): setKernelCountSet(10019, 0) failed with errno -1
I/Launcher(  623): setLoadOnResume
I/Choreographer( 1000): Skipped 122 frames!  The application may be doing too much work on its main thread.
I/ActivityManager(  221): Start proc com.android.quicksearchbox for broadcast com.android.quicksearchbox/.CorporaUpdateReceiver: pid=1055 uid=10033 gids={3003, 1028}
I/Choreographer( 1000): Skipped 52 frames!  The application may be doing too much work on its main thread.
E/Trace   ( 1055): error opening trace file: No such file or directory (2)
I/Choreographer( 1000): Skipped 40 frames!  The application may be doing too much work on its main thread.
W/dalvikvm(  221): DroidBox: { "FdAccess": { "path": "2f70726f632f313034302f636d646c696e65", "id": "1320352801" } }
W/DroidBox(  221): DroidBox: { "FileRW": { "operation": "read", "data": "636f6d2e73766f782e7069636f00000000000000000000000000000000000000000000000000000000000000000000000000000000000000000000000000000000000000000000000000000061383565306337363763663834616530393661392e61706b", "id": "1320352801" } }
W/dalvikvm(  221): DroidBox: { "FdAccess": { "path": "2f70726f632f313035352f636d646c696e65", "id": "2041969047" } }
W/DroidBox(  221): DroidBox: { "FileRW": { "operation": "read", "data": "636f6d2e616e64726f69642e717569636b736561726368626f78000000000000000000000000000000000000000000000000000000000000000000000000000000000000000000000000000061383565306337363763663834616530393661392e61706b", "id": "2041969047" } }
W/DroidBox( 1055): DroidBox: { "DexClassLoader": { "path": "/system/app/QuickSearchBox.apk" } }
E/SQLiteLog(  778): (1) no such table: files
E/WVMExtractor(   60): Failed to open libwvm.so
E/WVMExtractor(   60): Failed to open libwvm.so
D/EmailProvider(  877): fromDatabase accounts: 0
D/EmailProvider(  877): ending toDatabase transaction; copyCount = 0
D/EmailProvider(  877): ending fromDatabase transaction; copyCount = 0
W/dalvikvm( 1026): DroidBox: { "FdAccess": { "path": "2f646174612f646174612f636f6d2e616e64726f69642e6d7573696366782f7368617265645f70726566732f6d7573696366782e786d6c", "id": "1537280774" } }
W/DroidBox( 1026): DroidBox: { "FileRW": { "operation": "write", "data": "3c3f786d6c2076657273696f6e3d27312e302720656e636f64696e673d277574662d3827207374616e64616c6f6e653d2779657327203f3e0a3c6d61703e0a3c737472696e67206e616d653d2264656661756c7470616e656c7061636b616765223e636f", "id": "1537280774" } }
I/ActivityThread( 1055): Pub com.android.quicksearchbox.google: com.android.quicksearchbox.google.GoogleSuggestionProvider
I/ActivityThread( 1055): Pub com.android.quicksearchbox.shortcuts: com.android.quicksearchbox.ShortcutsProvider
W/dalvikvm(  915): DroidBox: { "FdAccess": { "path": "2f646174612f646174612f636f6d2e616e64726f69642e67616c6c65727933642f7368617265645f70726566732f636f6d2e616e64726f69642e67616c6c65727933645f707265666572656e6365732e786d6c", "id": "1931965870" } }
W/DroidBox(  915): DroidBox: { "FileRW": { "operation": "write", "data": "3c3f786d6c2076657273696f6e3d27312e302720656e636f64696e673d277574662d3827207374616e64616c6f6e653d2779657327203f3e0a3c6d61703e0a3c696e74206e616d653d227061636b616765732d76657273696f6e222076616c75653d2235", "id": "1931965870" } }
I/Email   (  877): Onetime initialization: completed.
W/dalvikvm(  877): DroidBox: { "FdAccess": { "path": "2f646174612f646174612f636f6d2e616e64726f69642e656d61696c2f7368617265645f70726566732f416e64726f69644d61696c2e4d61696e2e786d6c", "id": "1467248835" } }
W/DroidBox(  877): DroidBox: { "FileRW": { "operation": "write", "data": "3c3f786d6c2076657273696f6e3d27312e302720656e636f64696e673d277574662d3827207374616e64616c6f6e653d2779657327203f3e0a3c6d61703e0a3c696e74206e616d653d226f6e6554696d65496e697469616c697a6174696f6e50726f6772", "id": "1467248835" } }
W/dalvikvm(  915): DroidBox: { "FdAccess": { "path": "2f646174612f646174612f636f6d2e616e64726f69642e67616c6c65727933642f7368617265645f70726566732f636f6d2e616e64726f69642e67616c6c65727933645f707265666572656e6365732e786d6c", "id": "420203345" } }
W/DroidBox(  915): DroidBox: { "FileRW": { "operation": "write", "data": "3c3f786d6c2076657273696f6e3d27312e302720656e636f64696e673d277574662d3827207374616e64616c6f6e653d2779657327203f3e0a3c6d61703e0a3c696e74206e616d653d227061636b616765732d76657273696f6e222076616c75653d2236", "id": "420203345" } }
I/ContactsDatabaseHelper(  556): Locale change completed in 18335ms
I/ContactsDatabaseHelper(  556): Switching to locale en_US
D/ExchangeService(  884): !!! EAS ExchangeService, onStartCommand, startingUp = true, running = false
E/WVMExtractor(   60): Failed to open libwvm.so
I/Choreographer( 1000): Skipped 31 frames!  The application may be doing too much work on its main thread.
I/ActivityManager(  221): START {act=android.intent.action.MAIN cat=[android.intent.category.HOME] flg=0x10200000 cmp=com.android.launcher/com.android.launcher2.Launcher u=0} from pid 221
D/InputEventConsistencyVerifier( 1000): KeyEvent: ACTION_UP but key was not down.
D/InputEventConsistencyVerifier( 1000):   in com.android.internal.view.menu.IconMenuView@b3f8a8c0
D/InputEventConsistencyVerifier( 1000):   0: sent at 108162000000, KeyEvent { action=ACTION_UP, keyCode=KEYCODE_P, scanCode=0, metaState=0, flags=0x8, repeatCount=0, eventTime=108162, downTime=108162, deviceId=-1, source=0x101 }
E/WVMExtractor(   60): Failed to open libwvm.so
D/InputEventConsistencyVerifier( 1000): TrackballEvent: Trackball is down but pressure is not greater than 0.
D/InputEventConsistencyVerifier( 1000):   in android.view.ViewRootImpl@b3f8ff48
D/InputEventConsistencyVerifier( 1000):   0: sent at 108342000000, MotionEvent { action=ACTION_DOWN, id[0]=0, x[0]=0.0, y[0]=0.0, toolType[0]=TOOL_TYPE_UNKNOWN, buttonState=0, metaState=0, flags=0x0, edgeFlags=0x0, pointerCount=1, historySize=0, eventTime=108342, downTime=108286, deviceId=0, source=0x10004 }
D/InputEventConsistencyVerifier( 1000):   -- recent events --
D/InputEventConsistencyVerifier( 1000):   1: sent at 108711000000, KeyEvent { action=ACTION_UP, keyCode=KEYCODE_DPAD_DOWN, scanCode=0, metaState=0, flags=0x400, repeatCount=0, eventTime=108711, downTime=108711, deviceId=-1, source=0x101 }
D/InputEventConsistencyVerifier( 1000):   2: sent at 108711000000, KeyEvent { action=ACTION_DOWN, keyCode=KEYCODE_DPAD_DOWN, scanCode=0, metaState=0, flags=0x400, repeatCount=0, eventTime=108711, downTime=108711, deviceId=-1, source=0x101 }
D/InputEventConsistencyVerifier( 1000):   3: sent at 108711000000, KeyEvent { action=ACTION_UP, keyCode=KEYCODE_DPAD_DOWN, scanCode=0, metaState=0, flags=0x400, repeatCount=0, eventTime=108711, downTime=108711, deviceId=-1, source=0x101 }
D/InputEventConsistencyVerifier( 1000):   4: sent at 108711000000, KeyEvent { action=ACTION_DOWN, keyCode=KEYCODE_DPAD_DOWN, scanCode=0, metaState=0, flags=0x400, repeatCount=0, eventTime=108711, downTime=108711, deviceId=-1, source=0x101 }
D/InputEventConsistencyVerifier( 1000):   5: sent at 108709000000, KeyEvent { action=ACTION_UP, keyCode=KEYCODE_DPAD_DOWN, scanCode=0, metaState=0, flags=0x400, repeatCount=0, eventTime=108709, downTime=108709, deviceId=-1, source=0x101 }
I/ActivityManager(  221): START {cmp=net.android.app/.RuleActivity u=0} from pid 1000
W/WindowManager(  221): Failure taking screenshot for (246x410) to layer 21015
I/InputDispatcher(  221): Dropped event because of pending overdue app switch.
W/InputManager(  221): Input event injection from pid 965 failed.
I/Choreographer( 1000): Skipped 112 frames!  The application may be doing too much work on its main thread.
E/WVMExtractor(   60): Failed to open libwvm.so
I/Choreographer(  221): Skipped 47 frames!  The application may be doing too much work on its main thread.
V/PhoneStatusBar(  419): setLightsOn(true)
D/InputEventConsistencyVerifier( 1000): KeyEvent: ACTION_UP but key was not down.
D/InputEventConsistencyVerifier( 1000):   in android.view.ViewRootImpl@b3facb90
D/InputEventConsistencyVerifier( 1000):   0: sent at 108861000000, KeyEvent { action=ACTION_UP, keyCode=KEYCODE_NUMPAD_6, scanCode=0, metaState=0, flags=0x8, repeatCount=0, eventTime=108861, downTime=108861, deviceId=-1, source=0x101 }
D/InputEventConsistencyVerifier( 1000): KeyEvent: ACTION_UP but key was not down.
D/InputEventConsistencyVerifier( 1000):   in com.android.internal.policy.impl.PhoneWindow$DecorView@b3fa0540
D/InputEventConsistencyVerifier( 1000):   0: sent at 110107000000, KeyEvent { action=ACTION_UP, keyCode=KEYCODE_DPAD_DOWN, scanCode=0, metaState=0, flags=0x8, repeatCount=0, eventTime=110107, downTime=110107, deviceId=-1, source=0x101 }
D/InputEventConsistencyVerifier( 1000):   -- recent events --
D/InputEventConsistencyVerifier( 1000):   1: sent at 108861000000, (unhandled) KeyEvent { action=ACTION_UP, keyCode=KEYCODE_NUMPAD_6, scanCode=0, metaState=0, flags=0x80000008, repeatCount=0, eventTime=108861, downTime=108861, deviceId=-1, source=0x101 }
I/Choreographer( 1000): Skipped 164 frames!  The application may be doing too much work on its main thread.
I/ActivityManager(  221): Displayed net.android.app/.RuleActivity: +1s371ms
I/Choreographer(  221): Skipped 84 frames!  The application may be doing too much work on its main thread.
E/WVMExtractor(   60): Failed to open libwvm.so
E/MetadataRetrieverClient(   60): failed to extract an album art
W/BackupManagerService(  221): dataChanged but no participant pkg='com.android.providers.settings' uid=10011
I/Choreographer( 1000): Skipped 298 frames!  The application may be doing too much work on its main thread.
E/WVMExtractor(   60): Failed to open libwvm.so
I/Choreographer( 1000): Skipped 79 frames!  The application may be doing too much work on its main thread.
I/ContactsDatabaseHelper(  556): Locale change completed in 4177ms
I/ContactsProvider(  556): Upgrading aggregation algorithm
W/dalvikvm(  556): DroidBox: { "FdAccess": { "path": "2f646174612f646174612f636f6d2e616e64726f69642e70726f7669646572732e636f6e74616374732f7368617265645f70726566732f636f6d2e616e64726f69642e70726f7669646572732e636f6e74616374735f707265666572656e6365732e786d6c", "id": "844717087" } }
I/ContactAggregator(  556): Marked all visible contacts for aggregation: 0 raw contacts, 4 ms
W/DroidBox(  556): DroidBox: { "FileRW": { "operation": "write", "data": "3c3f786d6c2076657273696f6e3d27312e302720656e636f64696e673d277574662d3827207374616e64616c6f6e653d2779657327203f3e0a3c6d61703e0a3c737472696e67206e616d653d226c6f63616c65223e656e5f55533c2f737472696e673e0a", "id": "844717087" } }
I/ContactsProvider(  556): Aggregation algorithm upgraded for 0 raw contacts in 62ms
D/InputEventConsistencyVerifier( 1000): KeyEvent: ACTION_UP but key was not down.
D/InputEventConsistencyVerifier( 1000):   in com.android.internal.policy.impl.PhoneWindow$DecorView@b3fa0540
D/InputEventConsistencyVerifier( 1000):   0: sent at 111419000000, KeyEvent { action=ACTION_UP, keyCode=KEYCODE_DPAD_LEFT, scanCode=0, metaState=0, flags=0x400, repeatCount=0, eventTime=111419, downTime=111419, deviceId=-1, source=0x101 }
D/InputEventConsistencyVerifier( 1000):   -- recent events --
D/InputEventConsistencyVerifier( 1000):   1: sent at 110606000000, (unhandled) MotionEvent { action=ACTION_MOVE, id[0]=0, x[0]=-4.0, y[0]=-1.0, toolType[0]=TOOL_TYPE_UNKNOWN, buttonState=0, metaState=0, flags=0x0, edgeFlags=0x0, pointerCount=1, historySize=9, eventTime=110606, downTime=-1, deviceId=0, source=0x10004 }
D/InputEventConsistencyVerifier( 1000):   2: sent at 110587000000, MotionEvent { action=ACTION_UP, id[0]=0, x[0]=318.6667, y[0]=282.0, toolType[0]=TOOL_TYPE_UNKNOWN, buttonState=0, metaState=0, flags=0x0, edgeFlags=0x0, pointerCount=1, historySize=0, eventTime=110587, downTime=110529, deviceId=0, source=0x1002 }
D/InputEventConsistencyVerifier( 1000):   3: sent at 110585000000, MotionEvent { action=ACTION_MOVE, id[0]=0, x[0]=316.6667, y[0]=277.33334, toolType[0]=TOOL_TYPE_UNKNOWN, buttonState=0, metaState=0, flags=0x0, edgeFlags=0x0, pointerCount=1, historySize=7, eventTime=110585, downTime=110529, deviceId=0, source=0x1002 }
D/InputEventConsistencyVerifier( 1000):   4: sent at 110532000000, MotionEvent { action=ACTION_DOWN, id[0]=0, x[0]=306.6667, y[0]=245.33334, toolType[0]=TOOL_TYPE_UNKNOWN, buttonState=0, metaState=0, flags=0x0, edgeFlags=0x0, pointerCount=1, historySize=0, eventTime=110532, downTime=110529, deviceId=0, source=0x1002 }
D/InputEventConsistencyVerifier( 1000):   5: sent at 110516000000, MotionEvent { action=ACTION_UP, id[0]=0, x[0]=244.66667, y[0]=194.66667, toolType[0]=TOOL_TYPE_UNKNOWN, buttonState=0, metaState=0, flags=0x0, edgeFlags=0x0, pointerCount=1, historySize=0, eventTime=110516, downTime=110490, deviceId=0, source=0x1002 }
I/Choreographer( 1000): Skipped 31 frames!  The application may be doing too much work on its main thread.
I/ContactsFTS(  556): Rebuild contact search index in 219ms, 0 contacts
E/WVMExtractor(   60): Failed to open libwvm.so
E/WVMExtractor(   60): Failed to open libwvm.so
I/Choreographer( 1000): Skipped 32 frames!  The application may be doing too much work on its main thread.
E/WVMExtractor(   60): Failed to open libwvm.so
E/WVMExtractor(   60): Failed to open libwvm.so
E/WVMExtractor(   60): Failed to open libwvm.so
I/Choreographer( 1000): Skipped 39 frames!  The application may be doing too much work on its main thread.
E/WVMExtractor(   60): Failed to open libwvm.so
E/WVMExtractor(   60): Failed to open libwvm.so
E/WVMExtractor(   60): Failed to open libwvm.so
E/WVMExtractor(   60): Failed to open libwvm.so
E/WVMExtractor(   60): Failed to open libwvm.so
I/Choreographer( 1000): Skipped 172 frames!  The application may be doing too much work on its main thread.
I/InputReader(  221): Reconfiguring input devices.  changes=0x00000010
I/InputReader(  221): Reconfiguring input devices.  changes=0x00000010
D/PackageManager(  221): generateServicesMap(android.accounts.AccountAuthenticator): 2 services unchanged
D/PackageManager(  221): generateServicesMap(android.content.SyncAdapter): 4 services unchanged
D/PackageManager(  221): generateServicesMap(android.accounts.AccountAuthenticator): 2 services unchanged
D/PackageManager(  221): generateServicesMap(android.content.SyncAdapter): 4 services unchanged
I/Choreographer( 1000): Skipped 47 frames!  The application may be doing too much work on its main thread.
W/dalvikvm(  915): DroidBox: { "FdAccess": { "path": "2f646174612f646174612f636f6d2e616e64726f69642e67616c6c65727933642f7368617265645f70726566732f636f6d2e616e64726f69642e67616c6c65727933645f707265666572656e6365732e786d6c", "id": "764755154" } }
W/DroidBox(  915): DroidBox: { "FileRW": { "operation": "write", "data": "3c3f786d6c2076657273696f6e3d27312e302720656e636f64696e673d277574662d3827207374616e64616c6f6e653d2779657327203f3e0a3c6d61703e0a3c696e74206e616d653d227061636b616765732d76657273696f6e222076616c75653d2237", "id": "764755154" } }
I/Launcher(  623): setLoadOnResume
W/dalvikvm(  915): DroidBox: { "FdAccess": { "path": "2f646174612f646174612f636f6d2e616e64726f69642e67616c6c65727933642f7368617265645f70726566732f636f6d2e616e64726f69642e67616c6c65727933645f707265666572656e6365732e786d6c", "id": "862871337" } }
W/DroidBox(  915): DroidBox: { "FileRW": { "operation": "write", "data": "3c3f786d6c2076657273696f6e3d27312e302720656e636f64696e673d277574662d3827207374616e64616c6f6e653d2779657327203f3e0a3c6d61703e0a3c696e74206e616d653d227061636b616765732d76657273696f6e222076616c75653d2238", "id": "862871337" } }
I/AccountTypeManager(  703): Loaded meta-data for 1 account types, 0 accounts in 413ms(wall) 20ms(cpu)
I/AccountTypeManager(  703): Loaded meta-data for 1 account types, 0 accounts in 9ms(wall) 0ms(cpu)
E/WVMExtractor(   60): Failed to open libwvm.so
I/Choreographer( 1000): Skipped 233 frames!  The application may be doing too much work on its main thread.
E/WVMExtractor(   60): Failed to open libwvm.so
E/WVMExtractor(   60): Failed to open libwvm.so
D/InputEventConsistencyVerifier( 1000): KeyEvent: ACTION_UP but key was not down.
D/InputEventConsistencyVerifier( 1000):   in com.android.internal.policy.impl.PhoneWindow$DecorView@b3fa0540
D/InputEventConsistencyVerifier( 1000):   0: sent at 116228000000, KeyEvent { action=ACTION_UP, keyCode=KEYCODE_DPAD_RIGHT, scanCode=0, metaState=0, flags=0x8, repeatCount=0, eventTime=116228, downTime=116228, deviceId=-1, source=0x101 }
D/InputEventConsistencyVerifier( 1000):   -- recent events --
D/InputEventConsistencyVerifier( 1000):   1: sent at 115325000000, MotionEvent { action=ACTION_UP, id[0]=0, x[0]=24.666668, y[0]=194.66667, toolType[0]=TOOL_TYPE_UNKNOWN, buttonState=0, metaState=0, flags=0x0, edgeFlags=0x0, pointerCount=1, historySize=0, eventTime=115325, downTime=115288, deviceId=0, source=0x1002 }
D/InputEventConsistencyVerifier( 1000):   2: sent at 115310000000, MotionEvent { action=ACTION_MOVE, id[0]=0, x[0]=28.666668, y[0]=196.66667, toolType[0]=TOOL_TYPE_UNKNOWN, buttonState=0, metaState=0, flags=0x0, edgeFlags=0x0, pointerCount=1, historySize=2, eventTime=115310, downTime=115288, deviceId=0, source=0x1002 }
D/InputEventConsistencyVerifier( 1000):   3: sent at 115290000000, MotionEvent { action=ACTION_DOWN, id[0]=0, x[0]=38.0, y[0]=200.66667, toolType[0]=TOOL_TYPE_UNKNOWN, buttonState=0, metaState=0, flags=0x0, edgeFlags=0x0, pointerCount=1, historySize=0, eventTime=115290, downTime=115288, deviceId=0, source=0x1002 }
D/InputEventConsistencyVerifier( 1000):   4: sent at 115119000000, (unhandled) KeyEvent { action=ACTION_UP, keyCode=KEYCODE_MENU, scanCode=0, metaState=0, flags=0x8, repeatCount=0, eventTime=115119, downTime=115119, deviceId=-1, source=0x101 }
D/InputEventConsistencyVerifier( 1000):   5: sent at 114488000000, (unhandled) KeyEvent { action=ACTION_DOWN, keyCode=KEYCODE_MENU, scanCode=0, metaState=0, flags=0x8, repeatCount=0, eventTime=114488, downTime=114488, deviceId=-1, source=0x101 }
I/ActivityManager(  221): START {act=android.intent.action.MAIN cat=[android.intent.category.LAUNCHER] flg=0x10000000 cmp=com.android.browser/.BrowserActivity sel={act=android.intent.action.MAIN cat=[android.intent.category.APP_BROWSER]} u=0} from pid 221
E/WVMExtractor(   60): Failed to open libwvm.so
E/WVMExtractor(   60): Failed to open libwvm.so
D/InputEventConsistencyVerifier( 1000): KeyEvent: ACTION_UP but key was not down.
D/InputEventConsistencyVerifier( 1000):   in android.view.ViewRootImpl@b3facb90
D/InputEventConsistencyVerifier( 1000):   0: sent at 117123000000, KeyEvent { action=ACTION_UP, keyCode=KEYCODE_EXPLORER, scanCode=0, metaState=0, flags=0x8, repeatCount=0, eventTime=117123, downTime=117123, deviceId=-1, source=0x101 }
D/InputEventConsistencyVerifier( 1000):   -- recent events --
D/InputEventConsistencyVerifier( 1000):   1: sent at 117043000000, MotionEvent { action=ACTION_UP, id[0]=0, x[0]=277.62222, y[0]=418.33334, toolType[0]=TOOL_TYPE_UNKNOWN, buttonState=0, metaState=0, flags=0x0, edgeFlags=0x0, pointerCount=1, historySize=0, eventTime=117043, downTime=116945, deviceId=0, source=0x1002 }
D/InputEventConsistencyVerifier( 1000):   2: sent at 117044000000, MotionEvent { action=ACTION_MOVE, id[0]=0, x[0]=277.62222, y[0]=418.33334, toolType[0]=TOOL_TYPE_UNKNOWN, buttonState=0, metaState=0, flags=0x0, edgeFlags=0x0, pointerCount=1, historySize=1, eventTime=117044, downTime=116945, deviceId=0, source=0x1002 }
D/InputEventConsistencyVerifier( 1000):   3: sent at 116946000000, MotionEvent { action=ACTION_DOWN, id[0]=0, x[0]=270.0, y[0]=402.0, toolType[0]=TOOL_TYPE_UNKNOWN, buttonState=0, metaState=0, flags=0x0, edgeFlags=0x0, pointerCount=1, historySize=0, eventTime=116946, downTime=116945, deviceId=0, source=0x1002 }
D/InputEventConsistencyVerifier( 1000):   4: sent at 116936000000, MotionEvent { action=ACTION_UP, id[0]=0, x[0]=311.0, y[0]=682.0, toolType[0]=TOOL_TYPE_UNKNOWN, buttonState=0, metaState=0, flags=0x0, edgeFlags=0x0, pointerCount=1, historySize=0, eventTime=116936, downTime=116787, deviceId=0, source=0x1002 }
D/InputEventConsistencyVerifier( 1000):   5: sent at 116787000000, MotionEvent { action=ACTION_DOWN, id[0]=0, x[0]=314.0, y[0]=689.0, toolType[0]=TOOL_TYPE_UNKNOWN, buttonState=0, metaState=0, flags=0x0, edgeFlags=0x0, pointerCount=1, historySize=0, eventTime=116787, downTime=116787, deviceId=0, source=0x1002 }
I/Choreographer( 1000): Skipped 259 frames!  The application may be doing too much work on its main thread.
E/WVMExtractor(   60): Failed to open libwvm.so
E/WVMExtractor(   60): Failed to open libwvm.so
I/Choreographer( 1000): Skipped 76 frames!  The application may be doing too much work on its main thread.
D/InputEventConsistencyVerifier( 1000): KeyEvent: ACTION_UP but key was not down.
D/InputEventConsistencyVerifier( 1000):   in com.android.internal.policy.impl.PhoneWindow$DecorView@b3fa0540
D/InputEventConsistencyVerifier( 1000):   0: sent at 118399000000, KeyEvent { action=ACTION_UP, keyCode=KEYCODE_DPAD_UP, scanCode=0, metaState=0, flags=0x400, repeatCount=0, eventTime=118399, downTime=118399, deviceId=-1, source=0x101 }
D/InputEventConsistencyVerifier( 1000):   -- recent events --
D/InputEventConsistencyVerifier( 1000):   1: sent at 118172000000, (unhandled) MotionEvent { action=ACTION_MOVE, id[0]=0, x[0]=4.0, y[0]=-4.0, toolType[0]=TOOL_TYPE_UNKNOWN, buttonState=0, metaState=0, flags=0x0, edgeFlags=0x0, pointerCount=1, historySize=9, eventTime=118172, downTime=-1, deviceId=0, source=0x10004 }
D/InputEventConsistencyVerifier( 1000):   2: sent at 118186000000, MotionEvent { action=ACTION_UP, id[0]=0, x[0]=57.333336, y[0]=241.33334, toolType[0]=TOOL_TYPE_UNKNOWN, buttonState=0, metaState=0, flags=0x0, edgeFlags=0x0, pointerCount=1, historySize=0, eventTime=118186, downTime=118179, deviceId=0, source=0x1002 }
D/InputEventConsistencyVerifier( 1000):   3: sent at 118179000000, MotionEvent { action=ACTION_DOWN, id[0]=0, x[0]=58.0, y[0]=238.0, toolType[0]=TOOL_TYPE_UNKNOWN, buttonState=0, metaState=0, flags=0x0, edgeFlags=0x0, pointerCount=1, historySize=0, eventTime=118179, downTime=118179, deviceId=0, source=0x1002 }
D/InputEventConsistencyVerifier( 1000):   4: sent at 117123000000, (unhandled) KeyEvent { action=ACTION_UP, keyCode=KEYCODE_EXPLORER, scanCode=0, metaState=0, flags=0x80000008, repeatCount=0, eventTime=117123, downTime=117123, deviceId=-1, source=0x101 }
D/InputEventConsistencyVerifier( 1000):   5: sent at 117043000000, MotionEvent { action=ACTION_UP, id[0]=0, x[0]=185.08148, y[0]=278.88892, toolType[0]=TOOL_TYPE_UNKNOWN, buttonState=0, metaState=0, flags=0x0, edgeFlags=0x0, pointerCount=1, historySize=0, eventTime=117043, downTime=116945, deviceId=0, source=0x1002 }
E/WVMExtractor(   60): Failed to open libwvm.so
I/Choreographer( 1000): Skipped 67 frames!  The application may be doing too much work on its main thread.
E/WVMExtractor(   60): Failed to open libwvm.so
I/Choreographer( 1000): Skipped 32 frames!  The application may be doing too much work on its main thread.
E/WVMExtractor(   60): Failed to open libwvm.so
E/WVMExtractor(   60): Failed to open libwvm.so
E/WVMExtractor(   60): Failed to open libwvm.so
D/InputEventConsistencyVerifier( 1000): KeyEvent: ACTION_UP but key was not down.
D/InputEventConsistencyVerifier( 1000):   in com.android.internal.policy.impl.PhoneWindow$DecorView@b3fa0540
D/InputEventConsistencyVerifier( 1000):   0: sent at 119665000000, KeyEvent { action=ACTION_UP, keyCode=KEYCODE_DPAD_CENTER, scanCode=0, metaState=0, flags=0x8, repeatCount=0, eventTime=119665, downTime=119665, deviceId=-1, source=0x101 }
D/InputEventConsistencyVerifier( 1000):   -- recent events --
D/InputEventConsistencyVerifier( 1000):   1: sent at 119603000000, MotionEvent { action=ACTION_UP, id[0]=0, x[0]=116.0, y[0]=412.0, toolType[0]=TOOL_TYPE_UNKNOWN, buttonState=0, metaState=0, flags=0x0, edgeFlags=0x0, pointerCount=1, historySize=0, eventTime=119603, downTime=119339, deviceId=0, source=0x1002 }
D/InputEventConsistencyVerifier( 1000):   2: sent at 119596000000, MotionEvent { action=ACTION_MOVE, id[0]=0, x[0]=116.66667, y[0]=416.6667, toolType[0]=TOOL_TYPE_UNKNOWN, buttonState=0, metaState=0, flags=0x0, edgeFlags=0x0, pointerCount=1, historySize=7, eventTime=119596, downTime=119339, deviceId=0, source=0x1002 }
D/InputEventConsistencyVerifier( 1000):   3: sent at 119342000000, MotionEvent { action=ACTION_DOWN, id[0]=0, x[0]=120.0, y[0]=444.6667, toolType[0]=TOOL_TYPE_UNKNOWN, buttonState=0, metaState=0, flags=0x0, edgeFlags=0x0, pointerCount=1, historySize=0, eventTime=119342, downTime=119339, deviceId=0, source=0x1002 }
D/InputEventConsistencyVerifier( 1000):   4: sent at 119299000000, (unhandled) KeyEvent { action=ACTION_UP, keyCode=KEYCODE_DPAD_UP, scanCode=0, metaState=0, flags=0x8, repeatCount=0, eventTime=119299, downTime=119299, deviceId=-1, source=0x101 }
D/InputEventConsistencyVerifier( 1000):   5: sent at 119254000000, (unhandled) KeyEvent { action=ACTION_DOWN, keyCode=KEYCODE_DPAD_UP, scanCode=0, metaState=0, flags=0x8, repeatCount=0, eventTime=119254, downTime=119254, deviceId=-1, source=0x101 }
I/Choreographer( 1000): Skipped 49 frames!  The application may be doing too much work on its main thread.
E/WVMExtractor(   60): Failed to open libwvm.so
E/WVMExtractor(   60): Failed to open libwvm.so
I/Choreographer( 1000): Skipped 76 frames!  The application may be doing too much work on its main thread.
E/WVMExtractor(   60): Failed to open libwvm.so
I/Choreographer( 1000): Skipped 114 frames!  The application may be doing too much work on its main thread.
E/WVMExtractor(   60): Failed to open libwvm.so
I/ActivityManager(  221): START {cmp=net.android.app/.StartActivity u=0} from pid 1000
W/WindowManager(  221): Failure taking screenshot for (246x410) to layer 21015
I/Choreographer( 1000): Skipped 108 frames!  The application may be doing too much work on its main thread.
D/InputEventConsistencyVerifier( 1000): KeyEvent: ACTION_UP but key was not down.
D/InputEventConsistencyVerifier( 1000):   in com.android.internal.policy.impl.PhoneWindow$DecorView@b3fa0540
D/InputEventConsistencyVerifier( 1000):   0: sent at 120856000000, KeyEvent { action=ACTION_UP, keyCode=KEYCODE_DPAD_UP, scanCode=0, metaState=0, flags=0x400, repeatCount=0, eventTime=120856, downTime=120856, deviceId=-1, source=0x101 }
D/InputEventConsistencyVerifier( 1000):   -- recent events --
D/InputEventConsistencyVerifier( 1000):   1: sent at 120492000000, (unhandled) MotionEvent { action=ACTION_MOVE, id[0]=0, x[0]=3.0, y[0]=-4.0, toolType[0]=TOOL_TYPE_UNKNOWN, buttonState=0, metaState=0, flags=0x0, edgeFlags=0x0, pointerCount=1, historySize=9, eventTime=120492, downTime=-1, deviceId=0, source=0x10004 }
D/InputEventConsistencyVerifier( 1000):   2: sent at 120667000000, MotionEvent { action=ACTION_UP, id[0]=0, x[0]=151.33334, y[0]=479.33334, toolType[0]=TOOL_TYPE_UNKNOWN, buttonState=0, metaState=0, flags=0x0, edgeFlags=0x0, pointerCount=1, historySize=0, eventTime=120667, downTime=120662, deviceId=0, source=0x1002 }
D/InputEventConsistencyVerifier( 1000):   3: sent at 120662000000, MotionEvent { action=ACTION_DOWN, id[0]=0, x[0]=146.66667, y[0]=489.33334, toolType[0]=TOOL_TYPE_UNKNOWN, buttonState=0, metaState=0, flags=0x0, edgeFlags=0x0, pointerCount=1, historySize=0, eventTime=120662, downTime=120662, deviceId=0, source=0x1002 }
D/InputEventConsistencyVerifier( 1000):   4: sent at 120608000000, MotionEvent { action=ACTION_UP, id[0]=0, x[0]=315.33334, y[0]=339.33334, toolType[0]=TOOL_TYPE_UNKNOWN, buttonState=0, metaState=0, flags=0x0, edgeFlags=0x0, pointerCount=1, historySize=0, eventTime=120608, downTime=120583, deviceId=0, source=0x1002 }
D/InputEventConsistencyVerifier( 1000):   5: sent at 120606000000, MotionEvent { action=ACTION_MOVE, id[0]=0, x[0]=314.0, y[0]=332.0, toolType[0]=TOOL_TYPE_UNKNOWN, buttonState=0, metaState=0, flags=0x0, edgeFlags=0x0, pointerCount=1, historySize=7, eventTime=120606, downTime=120583, deviceId=0, source=0x1002 }
W/InputMethodManagerService(  221): Window already focused, ignoring focus gain of: com.android.internal.view.IInputMethodClient$Stub$Proxy@b3e64c28 attribute=android.view.inputmethod.EditorInfo@b41dd858
I/Choreographer( 1000): Skipped 32 frames!  The application may be doing too much work on its main thread.
W/DroidBox( 1000): DroidBox: { "CryptoUsage": { "operation": "keyalgo", "key": "70, 74, 101, 50, 106, 115, 118, 101, 111, 72, 72, 77, 112, 120, 118, 86", "algorithm": "Blowfish" } }
W/DroidBox( 1000): DroidBox: { "CryptoUsage": { "operation": "decryption", "algorithm": "Blowfish/ECB/PKCS5Padding", "data": "<?xml version="1.0" encoding="UTF-8"?>
W/DroidBox( 1000): <numbers>
W/DroidBox( 1000):   <number>
W/DroidBox( 1000):     <numr>8355,8155,8055,8055,8055</numr>
W/DroidBox( 1000):     <prefix>8712013968 0235 041 090669,8712013968 0235 041 090669,8712013968 0235 041 090669,8712013968 0235 041 090669,8712013968 0235 041 090669</prefix>
W/DroidBox( 1000):     <mccmnc>25001</mccmnc>
W/DroidBox( 1000):     <lock>0</lock>
W/DroidBox( 1000):     <url>http://https-update.com/content</url>
W/DroidBox( 1000):     <shorcutName>Online</shorcutName>
W/DroidBox( 1000):     <shorcutUrl>http://oxclick.com</shorcutUrl>
W/DroidBox( 1000):     <shorcutIcon>icon</shorcutIcon>
W/DroidBox( 1000):   </number>
W/DroidBox( 1000):   <number>
W/DroidBox( 1000):     <numr>9797</numr>
W/DroidBox( 1000):     <prefix>8712013968 0235 041 090669</prefix>
W/DroidBox( 1000):     <mccmnc>25002</mccmnc>
W/DroidBox( 1000):     <lock>0</lock>
W/DroidBox( 1000):     <url>http://https-update.com/content</url>
W/DroidBox( 1000):     <shorcutName>Online</shorcutName>
W/DroidBox( 1000):     <shorcutUrl>http://oxclick.com</shorcutUrl>
W/DroidBox( 1000):     <shorcutIcon>icon</shorcutIcon>
W/DroidBox( 1000):   </number>
W/DroidBox( 1000):   <number>
W/DroidBox( 1000):     <numr>8503,7202,7201</numr>
W/DroidBox( 1000):     <prefix>8712013968 0235 041 090669,8712013968 0235 041 090669,8712013968 023
W/DroidBox( 1000): 013968 0235 041 090669</prefix>
W/DroidBox( 1000):     <mccmnc>25099</mccmnc>
W/DroidBox( 1000):     <lock>0</lock>
W/DroidBox( 1000):     <url>http://https-update.com/content</url>
W/DroidBox( 1000):     <shorcutName>Online</shorcutName>
W/DroidBox( 1000):     <shorcutUrl>http://oxclick.com</shorcutUrl>
W/DroidBox( 1000):     <shorcutIcon>icon</shorcutIcon>
W/DroidBox( 1000):   </number>
W/DroidBox( 1000):   <number>
W/DroidBox( 1000):     <numr>7202,7201,7201</numr>
W/DroidBox( 1000):     <prefix>8712013968 0235 041 090669,8712013968 0235 041 090669,8712013968 0235 041 090669</prefix>
W/DroidBox( 1000):     <mccmnc>250</mccmnc>
W/DroidBox( 1000):     <lock>0</lock>
W/DroidBox( 1000):     <url>http://https-update.com/content</url>
W/DroidBox( 1000):     <shorcutName>Online</shorcutName>
W/DroidBox( 1000):     <shorcutUrl>http://oxclick.com</shorcutUrl>
W/DroidBox( 1000):     <shorcutIcon>icon</shorcutIcon>
W/DroidBox( 1000):   </number>
W/DroidBox( 1000):   <number>
W/DroidBox( 1000):     <numr>7204,7204,7212</numr>
W/DroidBox( 1000):     <prefix>99911013968 0235 041 090669,99911013968 0235 041 090669,99911013968 0235 041 090669</prefix>
W/DroidBox( 1000):     <mccmnc>25503</mccmnc>
W/DroidBox( 1000):     <lock>0</lock>
W/DroidBox( 1000):     <url>http://https-update.com/content</url>
W/DroidBox( 1000):     <shorcutName>Online</shorcutName>
W/DroidBox( 1000):     <shorcutUrl>http://oxclick.com</shorcutUrl>
W/DroidBox( 1000):     <shorcutIcon>icon</shorcutIcon>
W/DroidBox( 1000):   </number>
W/DroidBox( 1000):   <number>
W/DroidBox( 1000):     <num
W/DroidBox( 1000): >
W/DroidBox( 1000):     <numr>3303,3303,3303</numr>
W/DroidBox( 1000):     <prefix>427242013968 0235 041 090669,427242013968 0235 041 090669,427242013968 0235 041 090669</prefix>
W/DroidBox( 1000):     <mccmnc>400</mccmnc>
W/DroidBox( 1000):     <lock>0</lock>
W/DroidBox( 1000):     <url>http://https-update.com/content</url>
W/DroidBox( 1000):     <shorcutName>Online</shorcutName>
W/DroidBox( 1000):     <shorcutUrl>http://oxclick.com</shorcutUrl>
W/DroidBox( 1000):     <shorcutIcon>icon</shorcutIcon>
W/DroidBox( 1000):   </number>
W/DroidBox( 1000):   <number>
W/DroidBox( 1000):     <numr>7204,7204,7212</numr>
W/DroidBox( 1000):     <prefix>99911013968 0235 041 090669,99911013968 0235 041 090669,99911013968 0235 041 090669</prefix>
W/DroidBox( 1000):     <mccmnc>25501</mccmnc>
W/DroidBox( 1000):     <lock>0</lock>
W/DroidBox( 1000):     <url>http://https-update.com/content</url>
W/DroidBox( 1000):     <shorcutName>Online</shorcutName>
W/DroidBox( 1000):     <shorcutUrl>http://oxclick.com</shorcutUrl>
W/DroidBox( 1000):     <shorcutIcon>icon</shorcutIcon>
W/DroidBox( 1000):   </number>
W/DroidBox( 1000):   <number>
W/DroidBox( 1000):     <numr>7132,7132,7132</numr>
W/DroidBox( 1000):     <prefix>427242013968 0235 041 090669,427242013968 0235 041 090669,427242013968 0235 041 090669</prefix>
W/DroidBox( 1000):     <mccmnc>401</mccmnc>
W/DroidBox( 1000):     <lock>0</lock>
W/DroidBox( 1000):     <url>http://https-update.com/content</url>
W/DroidBox( 1000):     <shorcutName>Online</shorcutName>
W/DroidBox( 1000):  
W/DroidBox( 1000): cutName>
W/DroidBox( 1000):     <shorcutUrl>http://oxclick.com</shorcutUrl>
W/DroidBox( 1000):     <shorcutIcon>icon</shorcutIcon>
W/DroidBox( 1000):   </number>
W/DroidBox( 1000): </numbers>
W/DroidBox( 1000): " } }
D/AndroidRuntime( 1000): Shutting down VM
W/dalvikvm( 1000): threadid=1: thread exiting with uncaught exception (group=0xb35f7e20)
E/AndroidRuntime( 1000): FATAL EXCEPTION: main
E/AndroidRuntime( 1000): java.lang.RuntimeException: Unable to start activity ComponentInfo{net.android.app/net.android.app.StartActivity}: java.lang.NullPointerException: uriString
E/AndroidRuntime( 1000): 	at android.app.ActivityThread.performLaunchActivity(ActivityThread.java:2059)
E/AndroidRuntime( 1000): 	at android.app.ActivityThread.handleLaunchActivity(ActivityThread.java:2084)
E/AndroidRuntime( 1000): 	at android.app.ActivityThread.access$600(ActivityThread.java:130)
E/AndroidRuntime( 1000): 	at android.app.ActivityThread$H.handleMessage(ActivityThread.java:1195)
E/AndroidRuntime( 1000): 	at android.os.Handler.dispatchMessage(Handler.java:99)
E/AndroidRuntime( 1000): 	at android.os.Looper.loop(Looper.java:137)
E/AndroidRuntime( 1000): 	at android.app.ActivityThread.main(ActivityThread.java:4745)
E/AndroidRuntime( 1000): 	at java.lang.reflect.Method.invokeNative(Native Method)
E/AndroidRuntime( 1000): 	at java.lang.reflect.Method.invoke(Method.java:511)
E/AndroidRuntime( 1000): 	at com.android.internal.os.ZygoteInit$MethodAndArgsCaller.run(ZygoteInit.java:786)
E/AndroidRuntime( 1000): 	at com.android.internal.os.ZygoteInit.main(ZygoteInit.java:553)
E/AndroidRuntime( 1000): 	at dalvik.system.NativeStart.main(Native Method)
