D/InputEventConsistencyVerifier(  428):   in android.view.ScaleGestureDetector@b3ea0f18
D/InputEventConsistencyVerifier(  428):   0: sent at 229843000000, MotionEvent { action=ACTION_DOWN, id[0]=0, x[0]=42.0, y[0]=271.0, toolType[0]=TOOL_TYPE_UNKNOWN, buttonState=0, metaState=0, flags=0x0, edgeFlags=0x0, pointerCount=1, historySize=0, eventTime=229843, downTime=229843, deviceId=0, source=0x1002 }
D/InputEventConsistencyVerifier(  428):   -- recent events --
D/InputEventConsistencyVerifier(  428):   1: sent at 229805000000, MotionEvent { action=ACTION_DOWN, id[0]=0, x[0]=30.0, y[0]=630.0, toolType[0]=TOOL_TYPE_UNKNOWN, buttonState=0, metaState=0, flags=0x0, edgeFlags=0x0, pointerCount=1, historySize=0, eventTime=229805, downTime=229805, deviceId=0, source=0x1002 }
D/InputEventConsistencyVerifier(  428):   2: sent at 229540000000, MotionEvent { action=ACTION_UP, id[0]=0, x[0]=269.0, y[0]=6.0, toolType[0]=TOOL_TYPE_UNKNOWN, buttonState=0, metaState=0, flags=0x0, edgeFlags=0x0, pointerCount=1, historySize=0, eventTime=229540, downTime=229516, deviceId=0, source=0x1002 }
D/InputEventConsistencyVerifier(  428):   3: sent at 229517000000, MotionEvent { action=ACTION_DOWN, id[0]=0, x[0]=274.0, y[0]=2.0, toolType[0]=TOOL_TYPE_UNKNOWN, buttonState=0, metaState=0, flags=0x80000000, edgeFlags=0x0, pointerCount=1, historySize=0, eventTime=229517, downTime=229516, deviceId=0, source=0x1002 }
D/InputEventConsistencyVerifier(  428):   4: sent at 210379000000, MotionEvent { action=ACTION_DOWN, id[0]=0, x[0]=389.0, y[0]=212.0, toolType[0]=TOOL_TYPE_UNKNOWN, buttonState=0, metaState=0, flags=0x80000000, edgeFlags=0x0, pointerCount=1, historySize=0, eventTime=210379, downTime=210378, deviceId=0, source=0x1002 }
D/InputEventConsistencyVerifier(  428):   5: sent at 209952000000, MotionEvent { action=ACTION_DOWN, id[0]=0, x[0]=442.0, y[0]=618.0, toolType[0]=TOOL_TYPE_UNKNOWN, buttonState=0, metaState=0, flags=0x80000000, edgeFlags=0x0, pointerCount=1, historySize=0, eventTime=209952, downTime=209951, deviceId=0, source=0x1002 }
W/dalvikvm(  428): DroidBox: { "FdAccess": { "path": "2f70726f632f6d656d696e666f", "id": "1528035827" } }
W/DroidBox(  428): DroidBox: { "FileRW": { "operation": "read", "data": "4d656d546f74616c3a202020202020202020373438393634206b420a4d656d467265653a20202020202020202020343334383136206b420a427566666572733a20202020202020202020202035363034206b420a4361636865643a202020202020202020", "id": "1528035827" } }
I/Choreographer(  428): Skipped 85 frames!  The application may be doing too much work on its main thread.
D/InputEventConsistencyVerifier(  428): KeyEvent: ACTION_UP but key was not down.
D/InputEventConsistencyVerifier(  428):   in com.android.systemui.statusbar.phone.StatusBarWindowView@b3e01350
D/InputEventConsistencyVerifier(  428):   0: sent at 229964000000, KeyEvent { action=ACTION_UP, keyCode=KEYCODE_DPAD_DOWN, scanCode=0, metaState=0, flags=0x400, repeatCount=0, eventTime=229964, downTime=229964, deviceId=-1, source=0x101 }
D/InputEventConsistencyVerifier(  428):   -- recent events --
D/InputEventConsistencyVerifier(  428):   1: sent at 229953000000, (unhandled) MotionEvent { action=ACTION_MOVE, id[0]=0, x[0]=1.0, y[0]=4.0, toolType[0]=TOOL_TYPE_UNKNOWN, buttonState=0, metaState=0, flags=0x0, edgeFlags=0x0, pointerCount=1, historySize=2, eventTime=229953, downTime=-1, deviceId=0, source=0x10004 }
D/InputEventConsistencyVerifier(  428):   2: sent at 229939000000, (unhandled) KeyEvent { action=ACTION_UP, keyCode=KEYCODE_MENU, scanCode=0, metaState=0, flags=0x8, repeatCount=0, eventTime=229939, downTime=229939, deviceId=-1, source=0x101 }
D/InputEventConsistencyVerifier(  428):   3: sent at 229931000000, (unhandled) KeyEvent { action=ACTION_DOWN, keyCode=KEYCODE_MENU, scanCode=0, metaState=0, flags=0x8, repeatCount=0, eventTime=229931, downTime=229931, deviceId=-1, source=0x101 }
D/InputEventConsistencyVerifier(  428):   4: sent at 229914000000, (unhandled) KeyEvent { action=ACTION_UP, keyCode=KEYCODE_MEDIA_PREVIOUS, scanCode=0, metaState=0, flags=0x8, repeatCount=0, eventTime=229914, downTime=229914, deviceId=-1, source=0x101 }
D/InputEventConsistencyVerifier(  428):   5: sent at 229865000000, (unhandled) KeyEvent { action=ACTION_DOWN, keyCode=KEYCODE_MEDIA_PREVIOUS, scanCode=0, metaState=0, flags=0x8, repeatCount=0, eventTime=229865, downTime=229865, deviceId=-1, source=0x101 }
D/InputEventConsistencyVerifier(  428): KeyEvent: ACTION_UP but key was not down.
D/InputEventConsistencyVerifier(  428):   in android.widget.FrameLayout@b3e000d8
D/InputEventConsistencyVerifier(  428):   0: sent at 229965000000, KeyEvent { action=ACTION_UP, keyCode=KEYCODE_DPAD_DOWN, scanCode=0, metaState=0, flags=0x400, repeatCount=0, eventTime=229965, downTime=229965, deviceId=-1, source=0x101 }
D/InputEventConsistencyVerifier(  428):   -- recent events --
D/InputEventConsistencyVerifier(  428):   1: sent at 202182000000, (unhandled) KeyEvent { action=ACTION_UP, keyCode=KEYCODE_DPAD_RIGHT, scanCode=0, metaState=0, flags=0x8, repeatCount=0, eventTime=202182, downTime=202182, deviceId=-1, source=0x101 }
D/InputEventConsistencyVerifier(  428):   2: sent at 202178000000, (unhandled) KeyEvent { action=ACTION_DOWN, keyCode=KEYCODE_DPAD_RIGHT, scanCode=0, metaState=0, flags=0x8, repeatCount=0, eventTime=202178, downTime=202178, deviceId=-1, source=0x101 }
D/InputEventConsistencyVerifier(  428):   3: sent at 202089000000, (unhandled) KeyEvent { action=ACTION_UP, keyCode=KEYCODE_DPAD_DOWN, scanCode=0, metaState=0, flags=0x80000008, repeatCount=0, eventTime=202089, downTime=202089, deviceId=-1, source=0x101 }
D/InputEventConsistencyVerifier(  428):   4: sent at 158483000000, MotionEvent { action=ACTION_UP, id[0]=0, x[0]=134.0, y[0]=130.0, toolType[0]=TOOL_TYPE_UNKNOWN, buttonState=0, metaState=0, flags=0x0, edgeFlags=0x0, pointerCount=1, historySize=0, eventTime=158483, downTime=158464, deviceId=0, source=0x1002 }
D/InputEventConsistencyVerifier(  428):   5: sent at 158465000000, MotionEvent { action=ACTION_DOWN, id[0]=0, x[0]=132.0, y[0]=148.0, toolType[0]=TOOL_TYPE_UNKNOWN, buttonState=0, metaState=0, flags=0x0, edgeFlags=0x0, pointerCount=1, historySize=0, eventTime=158465, downTime=158464, deviceId=0, source=0x1002 }
W/dalvikvm(  428): DroidBox: { "FdAccess": { "path": "2f70726f632f6d656d696e666f", "id": "1097161608" } }
W/DroidBox(  428): DroidBox: { "FileRW": { "operation": "read", "data": "4d656d546f74616c3a202020202020202020373438393634206b420a4d656d467265653a20202020202020202020343334363932206b420a427566666572733a20202020202020202020202035363034206b420a4361636865643a202020202020202020", "id": "1097161608" } }
D/PhoneStatusBar(  428): disable: < expand icons alerts TICKER* system_info back home recent clock >
W/dalvikvm(  428): DroidBox: { "FdAccess": { "path": "2f70726f632f6d656d696e666f", "id": "179137717" } }
W/DroidBox(  428): DroidBox: { "FileRW": { "operation": "read", "data": "4d656d546f74616c3a202020202020202020373438393634206b420a4d656d467265653a20202020202020202020343333323034206b420a427566666572733a20202020202020202020202035363034206b420a4361636865643a202020202020202020", "id": "179137717" } }
D/InputEventConsistencyVerifier(  428): TouchEvent: ACTION_DOWN but pointers are already down.  Probably missing ACTION_UP from previous gesture.
D/InputEventConsistencyVerifier(  428):   in android.view.ScaleGestureDetector@b3ea0f18
D/InputEventConsistencyVerifier(  428):   0: sent at 230190000000, MotionEvent { action=ACTION_DOWN, id[0]=0, x[0]=409.0, y[0]=502.0, toolType[0]=TOOL_TYPE_UNKNOWN, buttonState=0, metaState=0, flags=0x0, edgeFlags=0x0, pointerCount=1, historySize=0, eventTime=230190, downTime=230187, deviceId=0, source=0x1002 }
D/InputEventConsistencyVerifier(  428):   -- recent events --
D/InputEventConsistencyVerifier(  428):   1: sent at 229843000000, MotionEvent { action=ACTION_DOWN, id[0]=0, x[0]=42.0, y[0]=271.0, toolType[0]=TOOL_TYPE_UNKNOWN, buttonState=0, metaState=0, flags=0x80000000, edgeFlags=0x0, pointerCount=1, historySize=0, eventTime=229843, downTime=229843, deviceId=0, source=0x1002 }
D/InputEventConsistencyVerifier(  428):   2: sent at 229805000000, MotionEvent { action=ACTION_DOWN, id[0]=0, x[0]=30.0, y[0]=630.0, toolType[0]=TOOL_TYPE_UNKNOWN, buttonState=0, metaState=0, flags=0x0, edgeFlags=0x0, pointerCount=1, historySize=0, eventTime=229805, downTime=229805, deviceId=0, source=0x1002 }
D/InputEventConsistencyVerifier(  428):   3: sent at 229540000000, MotionEvent { action=ACTION_UP, id[0]=0, x[0]=269.0, y[0]=6.0, toolType[0]=TOOL_TYPE_UNKNOWN, buttonState=0, metaState=0, flags=0x0, edgeFlags=0x0, pointerCount=1, historySize=0, eventTime=229540, downTime=229516, deviceId=0, source=0x1002 }
D/InputEventConsistencyVerifier(  428):   4: sent at 229517000000, MotionEvent { action=ACTION_DOWN, id[0]=0, x[0]=274.0, y[0]=2.0, toolType[0]=TOOL_TYPE_UNKNOWN, buttonState=0, metaState=0, flags=0x80000000, edgeFlags=0x0, pointerCount=1, historySize=0, eventTime=229517, downTime=229516, deviceId=0, source=0x1002 }
D/InputEventConsistencyVerifier(  428):   5: sent at 210379000000, MotionEvent { action=ACTION_DOWN, id[0]=0, x[0]=389.0, y[0]=212.0, toolType[0]=TOOL_TYPE_UNKNOWN, buttonState=0, metaState=0, flags=0x80000000, edgeFlags=0x0, pointerCount=1, historySize=0, eventTime=210379, downTime=210378, deviceId=0, source=0x1002 }
I/Choreographer(  428): Skipped 31 frames!  The application may be doing too much work on its main thread.
I/ActivityManager(  234): START {act=android.intent.action.CALL_BUTTON flg=0x10000000 cmp=com.android.contacts/.activities.DialtactsActivity u=0} from pid 428
I/Choreographer(  428): Skipped 36 frames!  The application may be doing too much work on its main thread.
V/PhoneStatusBar(  428): setLightsOn(true)
W/InputMethodManagerService(  234): Window already focused, ignoring focus gain of: com.android.internal.view.IInputMethodClient$Stub$Proxy@b3f371a0 attribute=android.view.inputmethod.EditorInfo@b3f5cf30
D/PhoneStatusBar(  428): disable: < expand icons alerts ticker* system_info back home recent clock >
E/AdMogo SDK( 1020): Caught IOException in fetchConfig()
E/AdMogo SDK( 1020): Unable to parse response from JSON. This may or may not be fatal.
E/AdMogo SDK( 1020): java.lang.NullPointerException
E/AdMogo SDK( 1020): 	at org.json.JSONTokener.nextCleanInternal(JSONTokener.java:116)
E/AdMogo SDK( 1020): 	at org.json.JSONTokener.nextValue(JSONTokener.java:94)
E/AdMogo SDK( 1020): 	at org.json.JSONObject.<init>(JSONObject.java:154)
E/AdMogo SDK( 1020): 	at org.json.JSONObject.<init>(JSONObject.java:171)
E/AdMogo SDK( 1020): 	at com.admogo.AdMogoManager.parseConfigurationString(AdMogoManager.java:407)
E/AdMogo SDK( 1020): 	at com.admogo.AdMogoManager.fetchConfig(AdMogoManager.java:374)
E/AdMogo SDK( 1020): 	at com.admogo.AdMogoLayout$InitRunnable.run(AdMogoLayout.java:586)
E/AdMogo SDK( 1020): 	at java.util.concurrent.Executors$RunnableAdapter.call(Executors.java:442)
E/AdMogo SDK( 1020): 	at java.util.concurrent.FutureTask$Sync.innerRun(FutureTask.java:305)
E/AdMogo SDK( 1020): 	at java.util.concurrent.FutureTask.run(FutureTask.java:137)
E/AdMogo SDK( 1020): 	at java.util.concurrent.ScheduledThreadPoolExecutor$ScheduledFutureTask.access$201(ScheduledThreadPoolExecutor.java:150)
E/AdMogo SDK( 1020): 	at java.util.concurrent.ScheduledThreadPoolExecutor$ScheduledFutureTask.run(ScheduledThreadPoolExecutor.java:264)
E/AdMogo SDK( 1020): 	at java.util.concurrent.ThreadPoolExecutor.runWorker(ThreadPoolExecutor.java:1076)
E/AdMogo SDK( 1020): 	at java.util.concurrent.ThreadPoolExecutor$Worker.run(ThreadPoolExecutor.java:569)
E/AdMogo SDK( 1020): 	at java.lang.Thread.run(Thread.java:856)
I/AdMogo SDK( 1020): Sum of ration weights is 0 - no ads to be shown
I/AdMogo SDK( 1020): Stop Show Ads
I/Choreographer( 1020): Skipped 31 frames!  The application may be doing too much work on its main thread.
W/DroidBox( 1106): DroidBox: { "ServiceStart": { "name": "com.android.music.MediaPlaybackService" } }
W/DroidBox( 1106): DroidBox: { "ServiceStart": { "name": "com.android.music.MediaPlaybackService" } }
W/WindowManager(  234): Failure taking screenshot for (246x410) to layer 21020
E/WVMExtractor(   62): Failed to open libwvm.so
E/WVMExtractor(   62): Failed to open libwvm.so
V/PhoneStatusBar(  428): setLightsOn(true)
I/AudioService(  234):  AudioFocus  requestAudioFocus() from android.media.AudioManager@b3de05d0com.android.music.MediaPlaybackService$3@b3ddee08
I/AudioService(  234):   Remote Control   registerMediaButtonIntent() for PendingIntent{b3f427e8: PendingIntentRecord{b4102b38 com.android.music broadcastIntent}}
I/Choreographer( 1020): Skipped 56 frames!  The application may be doing too much work on its main thread.
I/Choreographer( 1020): Skipped 58 frames!  The application may be doing too much work on its main thread.
D/InputEventConsistencyVerifier( 1020): KeyEvent: ACTION_UP but key was not down.
D/InputEventConsistencyVerifier( 1020):   in com.android.internal.policy.impl.PhoneWindow$DecorView@b3dee710
D/InputEventConsistencyVerifier( 1020):   0: sent at 231431000000, KeyEvent { action=ACTION_UP, keyCode=KEYCODE_DPAD_LEFT, scanCode=0, metaState=0, flags=0x400, repeatCount=0, eventTime=231431, downTime=231431, deviceId=-1, source=0x101 }
D/InputEventConsistencyVerifier( 1020):   -- recent events --
D/InputEventConsistencyVerifier( 1020):   1: sent at 231387000000, (unhandled) MotionEvent { action=ACTION_MOVE, id[0]=0, x[0]=-3.0, y[0]=1.0, toolType[0]=TOOL_TYPE_UNKNOWN, buttonState=0, metaState=0, flags=0x0, edgeFlags=0x0, pointerCount=1, historySize=10, eventTime=231387, downTime=-1, deviceId=0, source=0x10004 }
D/InputEventConsistencyVerifier( 1020):   2: sent at 231359000000, (unhandled) MotionEvent { action=ACTION_UP, id[0]=0, x[0]=371.0, y[0]=403.0, toolType[0]=TOOL_TYPE_UNKNOWN, buttonState=0, metaState=0, flags=0x0, edgeFlags=0x0, pointerCount=1, historySize=0, eventTime=231359, downTime=231352, deviceId=0, source=0x1002 }
D/InputEventConsistencyVerifier( 1020):   3: sent at 231353000000, (unhandled) MotionEvent { action=ACTION_DOWN, id[0]=0, x[0]=366.0, y[0]=407.0, toolType[0]=TOOL_TYPE_UNKNOWN, buttonState=0, metaState=0, flags=0x0, edgeFlags=0x0, pointerCount=1, historySize=0, eventTime=231353, downTime=231352, deviceId=0, source=0x1002 }
D/InputEventConsistencyVerifier( 1020):   4: sent at 231299000000, (unhandled) MotionEvent { action=ACTION_UP, id[0]=0, x[0]=406.0, y[0]=336.0, toolType[0]=TOOL_TYPE_UNKNOWN, buttonState=0, metaState=0, flags=0x0, edgeFlags=0x0, pointerCount=1, historySize=0, eventTime=231299, downTime=231293, deviceId=0, source=0x1002 }
D/InputEventConsistencyVerifier( 1020):   5: sent at 231293000000, (unhandled) MotionEvent { action=ACTION_DOWN, id[0]=0, x[0]=404.0, y[0]=337.0, toolType[0]=TOOL_TYPE_UNKNOWN, buttonState=0, metaState=0, flags=0x0, edgeFlags=0x0, pointerCount=1, historySize=0, eventTime=231293, downTime=231293, deviceId=0, source=0x1002 }
E/WVMExtractor(   62): Failed to open libwvm.so
E/WVMExtractor(   62): Failed to open libwvm.so
D/InputEventConsistencyVerifier( 1020): KeyEvent: ACTION_UP but key was not down.
D/InputEventConsistencyVerifier( 1020):   in com.android.internal.policy.impl.PhoneWindow$DecorView@b3dee710
D/InputEventConsistencyVerifier( 1020):   0: sent at 232708000000, KeyEvent { action=ACTION_UP, keyCode=KEYCODE_DPAD_UP, scanCode=0, metaState=0, flags=0x400, repeatCount=0, eventTime=232708, downTime=232708, deviceId=-1, source=0x101 }
D/InputEventConsistencyVerifier( 1020):   -- recent events --
D/InputEventConsistencyVerifier( 1020):   1: sent at 231522000000, (unhandled) MotionEvent { action=ACTION_MOVE, id[0]=0, x[0]=-2.0, y[0]=-3.0, toolType[0]=TOOL_TYPE_UNKNOWN, buttonState=0, metaState=0, flags=0x0, edgeFlags=0x0, pointerCount=1, historySize=8, eventTime=231522, downTime=-1, deviceId=0, source=0x10004 }
D/InputEventConsistencyVerifier( 1020):   2: sent at 231547000000, (unhandled) MotionEvent { action=ACTION_UP, id[0]=0, x[0]=196.0, y[0]=282.0, toolType[0]=TOOL_TYPE_UNKNOWN, buttonState=0, metaState=0, flags=0x0, edgeFlags=0x0, pointerCount=1, historySize=0, eventTime=231547, downTime=231526, deviceId=0, source=0x1002 }
D/InputEventConsistencyVerifier( 1020):   3: sent at 231544000000, (unhandled) MotionEvent { action=ACTION_MOVE, id[0]=0, x[0]=179.0, y[0]=283.0, toolType[0]=TOOL_TYPE_UNKNOWN, buttonState=0, metaState=0, flags=0x0, edgeFlags=0x0, pointerCount=1, historySize=0, eventTime=231544, downTime=231526, deviceId=0, source=0x1002 }
D/InputEventConsistencyVerifier( 1020):   4: sent at 231527000000, (unhandled) MotionEvent { action=ACTION_DOWN, id[0]=0, x[0]=174.0, y[0]=284.0, toolType[0]=TOOL_TYPE_UNKNOWN, buttonState=0, metaState=0, flags=0x0, edgeFlags=0x0, pointerCount=1, historySize=0, eventTime=231527, downTime=231526, deviceId=0, source=0x1002 }
D/InputEventConsistencyVerifier( 1020):   5: sent at 231434000000, (unhandled) KeyEvent { action=ACTION_UP, keyCode=KEYCODE_DPAD_LEFT, scanCode=0, metaState=0, flags=0x400, repeatCount=0, eventTime=231434, downTime=231434, deviceId=-1, source=0x101 }
E/WVMExtractor(   62): Failed to open libwvm.so
D/InputEventConsistencyVerifier( 1020): KeyEvent: ACTION_UP but key was not down.
D/InputEventConsistencyVerifier( 1020):   in android.widget.CheckBox@b3e4ab78
D/InputEventConsistencyVerifier( 1020):   0: sent at 233438000000, KeyEvent { action=ACTION_UP, keyCode=KEYCODE_DPAD_DOWN, scanCode=0, metaState=0, flags=0x400, repeatCount=0, eventTime=233438, downTime=233438, deviceId=-1, source=0x101 }
E/WVMExtractor(   62): Failed to open libwvm.so
E/WVMExtractor(   62): Failed to open libwvm.so
E/WVMExtractor(   62): Failed to open libwvm.so
D/InputEventConsistencyVerifier( 1020): KeyEvent: ACTION_UP but key was not down.
D/InputEventConsistencyVerifier( 1020):   in android.widget.Button@b3e5bbd0
D/InputEventConsistencyVerifier( 1020):   0: sent at 233987000000, KeyEvent { action=ACTION_UP, keyCode=KEYCODE_DPAD_UP, scanCode=0, metaState=0, flags=0x8, repeatCount=0, eventTime=233987, downTime=233987, deviceId=-1, source=0x101 }
D/InputEventConsistencyVerifier( 1020):   -- recent events --
D/InputEventConsistencyVerifier( 1020):   1: sent at 233438000000, (unhandled) KeyEvent { action=ACTION_DOWN, keyCode=KEYCODE_DPAD_DOWN, scanCode=0, metaState=0, flags=0x400, repeatCount=0, eventTime=233438, downTime=233438, deviceId=-1, source=0x101 }
D/InputEventConsistencyVerifier( 1020):   2: sent at 233407000000, MotionEvent { action=ACTION_MOVE, id[0]=0, x[0]=-2.0, y[0]=3.0, toolType[0]=TOOL_TYPE_UNKNOWN, buttonState=0, metaState=0, flags=0x0, edgeFlags=0x0, pointerCount=1, historySize=5, eventTime=233407, downTime=-1, deviceId=0, source=0x10004 }
D/InputEventConsistencyVerifier( 1020):   3: sent at 232749000000, (unhandled) KeyEvent { action=ACTION_UP, keyCode=KEYCODE_MENU, scanCode=0, metaState=0, flags=0x8, repeatCount=0, eventTime=232749, downTime=232749, deviceId=-1, source=0x101 }
D/InputEventConsistencyVerifier( 1020):   4: sent at 231566000000, (unhandled) KeyEvent { action=ACTION_DOWN, keyCode=KEYCODE_MENU, scanCode=0, metaState=0, flags=0x8, repeatCount=0, eventTime=231566, downTime=231566, deviceId=-1, source=0x101 }
D/InputEventConsistencyVerifier( 1020):   5: sent at 232710000000, (unhandled) KeyEvent { action=ACTION_UP, keyCode=KEYCODE_DPAD_UP, scanCode=0, metaState=0, flags=0x400, repeatCount=0, eventTime=232710, downTime=232710, deviceId=-1, source=0x101 }
E/WVMExtractor(   62): Failed to open libwvm.so
I/Choreographer( 1020): Skipped 93 frames!  The application may be doing too much work on its main thread.
W/dalvikvm( 1002): DroidBox: { "FdAccess": { "path": "2f6465762f696e7075742f6576656e7430", "id": "985483839" } }
W/DroidBox( 1002): DroidBox: { "FileRW": { "operation": "write", "data": "7f060000efbfbd3901000500000001000000", "id": "985483839" } }
E/WVMExtractor(   62): Failed to open libwvm.so
I/Choreographer( 1020): Skipped 61 frames!  The application may be doing too much work on its main thread.
E/WVMExtractor(   62): Failed to open libwvm.so
E/WVMExtractor(   62): Failed to open libwvm.so
I/Choreographer( 1020): Skipped 44 frames!  The application may be doing too much work on its main thread.
W/InputMethodManagerService(  234): Window already focused, ignoring focus gain of: com.android.internal.view.IInputMethodClient$Stub$Proxy@b3e66a38 attribute=android.view.inputmethod.EditorInfo@b3e66a50
D/InputEventConsistencyVerifier( 1020): KeyEvent: ACTION_UP but key was not down.
D/InputEventConsistencyVerifier( 1020):   in com.android.internal.policy.impl.PhoneWindow$DecorView@b3dee710
D/InputEventConsistencyVerifier( 1020):   0: sent at 236575000000, KeyEvent { action=ACTION_UP, keyCode=KEYCODE_DPAD_DOWN, scanCode=0, metaState=0, flags=0x400, repeatCount=0, eventTime=236575, downTime=236575, deviceId=-1, source=0x101 }
D/InputEventConsistencyVerifier( 1020):   -- recent events --
D/InputEventConsistencyVerifier( 1020):   1: sent at 236486000000, (unhandled) MotionEvent { action=ACTION_MOVE, id[0]=0, x[0]=2.0, y[0]=4.0, toolType[0]=TOOL_TYPE_UNKNOWN, buttonState=0, metaState=0, flags=0x0, edgeFlags=0x0, pointerCount=1, historySize=4, eventTime=236486, downTime=-1, deviceId=0, source=0x10004 }
D/InputEventConsistencyVerifier( 1020):   2: sent at 234802000000, (unhandled) MotionEvent { action=ACTION_UP, id[0]=0, x[0]=383.0, y[0]=231.0, toolType[0]=TOOL_TYPE_UNKNOWN, buttonState=0, metaState=0, flags=0x0, edgeFlags=0x0, pointerCount=1, historySize=0, eventTime=234802, downTime=234793, deviceId=0, source=0x1002 }
D/InputEventConsistencyVerifier( 1020):   3: sent at 234793000000, (unhandled) MotionEvent { action=ACTION_DOWN, id[0]=0, x[0]=384.0, y[0]=217.0, toolType[0]=TOOL_TYPE_UNKNOWN, buttonState=0, metaState=0, flags=0x0, edgeFlags=0x0, pointerCount=1, historySize=0, eventTime=234793, downTime=234793, deviceId=0, source=0x1002 }
D/InputEventConsistencyVerifier( 1020):   4: sent at 234759000000, (unhandled) MotionEvent { action=ACTION_UP, id[0]=0, x[0]=137.0, y[0]=342.0, toolType[0]=TOOL_TYPE_UNKNOWN, buttonState=0, metaState=0, flags=0x0, edgeFlags=0x0, pointerCount=1, historySize=0, eventTime=234759, downTime=234709, deviceId=0, source=0x1002 }
D/InputEventConsistencyVerifier( 1020):   5: sent at 234757000000, (unhandled) MotionEvent { action=ACTION_POINTER_UP(1), id[0]=0, x[0]=136.0, y[0]=345.0, toolType[0]=TOOL_TYPE_UNKNOWN, id[1]=1, x[1]=91.0, y[1]=389.0, toolType[1]=TOOL_TYPE_UNKNOWN, buttonState=0, metaState=0, flags=0x0, edgeFlags=0x0, pointerCount=2, historySize=0, eventTime=234757, downTime=234709, deviceId=0, source=0x1002 }
E/WVMExtractor(   62): Failed to open libwvm.so
D/InputEventConsistencyVerifier( 1020): KeyEvent: ACTION_UP but key was not down.
D/InputEventConsistencyVerifier( 1020):   in android.widget.CheckBox@b3e4ab78
D/InputEventConsistencyVerifier( 1020):   0: sent at 236578000000, KeyEvent { action=ACTION_UP, keyCode=KEYCODE_DPAD_DOWN, scanCode=0, metaState=0, flags=0x400, repeatCount=0, eventTime=236578, downTime=236578, deviceId=-1, source=0x101 }
D/InputEventConsistencyVerifier( 1020):   -- recent events --
D/InputEventConsistencyVerifier( 1020):   1: sent at 233512000000, (unhandled) KeyEvent { action=ACTION_DOWN, keyCode=KEYCODE_DPAD_UP, scanCode=0, metaState=0, flags=0x8, repeatCount=0, eventTime=233512, downTime=233512, deviceId=-1, source=0x101 }
D/InputEventConsistencyVerifier( 1020):   2: sent at 233943000000, (unhandled) KeyEvent { action=ACTION_UP, keyCode=KEYCODE_DPAD_LEFT, scanCode=0, metaState=0, flags=0x400, repeatCount=0, eventTime=233943, downTime=233943, deviceId=-1, source=0x101 }
D/InputEventConsistencyVerifier( 1020):   3: sent at 233943000000, (unhandled) KeyEvent { action=ACTION_DOWN, keyCode=KEYCODE_DPAD_LEFT, scanCode=0, metaState=0, flags=0x400, repeatCount=0, eventTime=233943, downTime=233943, deviceId=-1, source=0x101 }
D/InputEventConsistencyVerifier( 1020):   4: sent at 233942000000, (unhandled) KeyEvent { action=ACTION_UP, keyCode=KEYCODE_DPAD_LEFT, scanCode=0, metaState=0, flags=0x400, repeatCount=0, eventTime=233942, downTime=233942, deviceId=-1, source=0x101 }
D/InputEventConsistencyVerifier( 1020):   5: sent at 233942000000, (unhandled) KeyEvent { action=ACTION_DOWN, keyCode=KEYCODE_DPAD_LEFT, scanCode=0, metaState=0, flags=0x400, repeatCount=0, eventTime=233942, downTime=233942, deviceId=-1, source=0x101 }
E/WVMExtractor(   62): Failed to open libwvm.so
E/WVMExtractor(   62): Failed to open libwvm.so
D/InputEventConsistencyVerifier( 1020): KeyEvent: ACTION_UP but key was not down.
D/InputEventConsistencyVerifier( 1020):   in android.widget.Button@b3e5bbd0
D/InputEventConsistencyVerifier( 1020):   0: sent at 237713000000, KeyEvent { action=ACTION_UP, keyCode=KEYCODE_DPAD_UP, scanCode=0, metaState=0, flags=0x400, repeatCount=0, eventTime=237713, downTime=237713, deviceId=-1, source=0x101 }
D/InputEventConsistencyVerifier( 1020):   -- recent events --
D/InputEventConsistencyVerifier( 1020):   1: sent at 236578000000, (unhandled) KeyEvent { action=ACTION_DOWN, keyCode=KEYCODE_DPAD_DOWN, scanCode=0, metaState=0, flags=0x400, repeatCount=0, eventTime=236578, downTime=236578, deviceId=-1, source=0x101 }
D/InputEventConsistencyVerifier( 1020):   2: sent at 236575000000, (unhandled) KeyEvent { action=ACTION_UP, keyCode=KEYCODE_DPAD_DOWN, scanCode=0, metaState=0, flags=0x80000400, repeatCount=0, eventTime=236575, downTime=236575, deviceId=-1, source=0x101 }
D/InputEventConsistencyVerifier( 1020):   3: sent at 234641000000, (unhandled) KeyEvent { action=ACTION_UP, keyCode=KEYCODE_MENU, scanCode=0, metaState=0, flags=0x8, repeatCount=0, eventTime=234641, downTime=234641, deviceId=-1, source=0x101 }
D/InputEventConsistencyVerifier( 1020):   4: sent at 234468000000, (unhandled) KeyEvent { action=ACTION_DOWN, keyCode=KEYCODE_MENU, scanCode=0, metaState=0, flags=0x8, repeatCount=0, eventTime=234468, downTime=234468, deviceId=-1, source=0x101 }
D/InputEventConsistencyVerifier( 1020):   5: sent at 233987000000, (unhandled) KeyEvent { action=ACTION_UP, keyCode=KEYCODE_DPAD_UP, scanCode=0, metaState=0, flags=0x80000008, repeatCount=0, eventTime=233987, downTime=233987, deviceId=-1, source=0x101 }
E/WVMExtractor(   62): Failed to open libwvm.so
E/WVMExtractor(   62): Failed to open libwvm.so
I/ActivityManager(  234): START {act=android.intent.action.MAIN cat=[android.intent.category.LAUNCHER] flg=0x10200000 cmp=com.alan.message/.SmsMessage u=0} from pid 1002
D/InputEventConsistencyVerifier( 1020): KeyEvent: ACTION_UP but key was not down.
D/InputEventConsistencyVerifier( 1020):   in com.android.internal.policy.impl.PhoneWindow$DecorView@b3dee710
D/InputEventConsistencyVerifier( 1020):   0: sent at 238572000000, KeyEvent { action=ACTION_UP, keyCode=KEYCODE_DPAD_CENTER, scanCode=0, metaState=0, flags=0x8, repeatCount=0, eventTime=238572, downTime=238572, deviceId=-1, source=0x101 }
D/InputEventConsistencyVerifier( 1020):   -- recent events --
D/InputEventConsistencyVerifier( 1020):   1: sent at 238519000000, (unhandled) MotionEvent { action=ACTION_UP, id[0]=0, x[0]=368.0, y[0]=112.0, toolType[0]=TOOL_TYPE_UNKNOWN, buttonState=0, metaState=0, flags=0x0, edgeFlags=0x0, pointerCount=1, historySize=0, eventTime=238519, downTime=238475, deviceId=0, source=0x1002 }
D/InputEventConsistencyVerifier( 1020):   2: sent at 238517000000, (unhandled) MotionEvent { action=ACTION_MOVE, id[0]=0, x[0]=369.0, y[0]=110.0, toolType[0]=TOOL_TYPE_UNKNOWN, buttonState=0, metaState=0, flags=0x0, edgeFlags=0x0, pointerCount=1, historySize=4, eventTime=238517, downTime=238475, deviceId=0, source=0x1002 }
D/InputEventConsistencyVerifier( 1020):   3: sent at 238476000000, (unhandled) MotionEvent { action=ACTION_DOWN, id[0]=0, x[0]=372.0, y[0]=87.0, toolType[0]=TOOL_TYPE_UNKNOWN, buttonState=0, metaState=0, flags=0x0, edgeFlags=0x0, pointerCount=1, historySize=0, eventTime=238476, downTime=238475, deviceId=0, source=0x1002 }
D/InputEventConsistencyVerifier( 1020):   4: sent at 238361000000, (unhandled) KeyEvent { action=ACTION_UP, keyCode=KEYCODE_SCROLL_LOCK, scanCode=0, metaState=0, flags=0x8, repeatCount=0, eventTime=238361, downTime=238361, deviceId=-1, source=0x101 }
D/InputEventConsistencyVerifier( 1020):   5: sent at 238288000000, (unhandled) KeyEvent { action=ACTION_DOWN, keyCode=KEYCODE_SCROLL_LOCK, scanCode=0, metaState=0, flags=0x8, repeatCount=0, eventTime=238288, downTime=238288, deviceId=-1, source=0x101 }
E/WVMExtractor(   62): Failed to open libwvm.so
E/WVMExtractor(   62): Failed to open libwvm.so
E/WVMExtractor(   62): Failed to open libwvm.so
E/WVMExtractor(   62): Failed to open libwvm.so
I/Choreographer( 1020): Skipped 46 frames!  The application may be doing too much work on its main thread.
I/Choreographer( 1020): Skipped 202 frames!  The application may be doing too much work on its main thread.
I/Choreographer( 1020): Skipped 43 frames!  The application may be doing too much work on its main thread.
W/InputMethodManagerService(  234): Window already focused, ignoring focus gain of: com.android.internal.view.IInputMethodClient$Stub$Proxy@b41cb480 attribute=null
I/Choreographer( 1020): Skipped 40 frames!  The application may be doing too much work on its main thread.
D/InputEventConsistencyVerifier( 1020): KeyEvent: ACTION_UP but key was not down.
D/InputEventConsistencyVerifier( 1020):   in android.widget.CheckBox@b3e4ab78
D/InputEventConsistencyVerifier( 1020):   0: sent at 241007000000, KeyEvent { action=ACTION_UP, keyCode=KEYCODE_DPAD_DOWN, scanCode=0, metaState=0, flags=0x400, repeatCount=0, eventTime=241007, downTime=241007, deviceId=-1, source=0x101 }
D/InputEventConsistencyVerifier( 1020):   -- recent events --
D/InputEventConsistencyVerifier( 1020):   1: sent at 237713000000, (unhandled) KeyEvent { action=ACTION_DOWN, keyCode=KEYCODE_DPAD_UP, scanCode=0, metaState=0, flags=0x400, repeatCount=0, eventTime=237713, downTime=237713, deviceId=-1, source=0x101 }
D/InputEventConsistencyVerifier( 1020):   2: sent at 237711000000, (unhandled) KeyEvent { action=ACTION_MULTIPLE, keyCode=KEYCODE_DPAD_UP, scanCode=0, metaState=0, flags=0x400, repeatCount=2, eventTime=237711, downTime=237711, deviceId=-1, source=0x101 }
D/InputEventConsistencyVerifier( 1020):   3: sent at 237488000000, MotionEvent { action=ACTION_MOVE, id[0]=0, x[0]=-4.0, y[0]=-4.0, toolType[0]=TOOL_TYPE_UNKNOWN, buttonState=0, metaState=0, flags=0x0, edgeFlags=0x0, pointerCount=1, historySize=3, eventTime=237488, downTime=-1, deviceId=0, source=0x10004 }
D/InputEventConsistencyVerifier( 1020):   4: sent at 237514000000, (unhandled) KeyEvent { action=ACTION_UP, keyCode=KEYCODE_DPAD_RIGHT, scanCode=0, metaState=0, flags=0x400, repeatCount=0, eventTime=237514, downTime=237514, deviceId=-1, source=0x101 }
D/InputEventConsistencyVerifier( 1020):   5: sent at 237514000000, (unhandled) KeyEvent { action=ACTION_DOWN, keyCode=KEYCODE_DPAD_RIGHT, scanCode=0, metaState=0, flags=0x400, repeatCount=0, eventTime=237514, downTime=237514, deviceId=-1, source=0x101 }
W/dalvikvm( 1020): DroidBox: { "FdAccess": { "path": "2f646174612f646174612f636f6d2e616c616e2e6d6573736167652f7368617265645f70726566732f6d65737361676520707265666572656e63652e786d6c", "id": "737140263" } }
W/DroidBox( 1020): DroidBox: { "FileRW": { "operation": "write", "data": "3c3f786d6c2076657273696f6e3d27312e302720656e636f64696e673d277574662d3827207374616e64616c6f6e653d2779657327203f3e0a3c6d61703e0a3c626f6f6c65616e206e616d653d22697353617665222076616c75653d227472756522202f", "id": "737140263" } }
I/Choreographer( 1020): Skipped 37 frames!  The application may be doing too much work on its main thread.
D/InputEventConsistencyVerifier(  428): TouchEvent: ACTION_DOWN but pointers are already down.  Probably missing ACTION_UP from previous gesture.
D/InputEventConsistencyVerifier(  428):   in android.view.ScaleGestureDetector@b3ea0f18
D/InputEventConsistencyVerifier(  428):   0: sent at 242575000000, MotionEvent { action=ACTION_DOWN, id[0]=0, x[0]=374.0, y[0]=20.0, toolType[0]=TOOL_TYPE_UNKNOWN, buttonState=0, metaState=0, flags=0x0, edgeFlags=0x0, pointerCount=1, historySize=0, eventTime=242575, downTime=242573, deviceId=0, source=0x1002 }
D/InputEventConsistencyVerifier(  428):   -- recent events --
D/InputEventConsistencyVerifier(  428):   1: sent at 230190000000, MotionEvent { action=ACTION_DOWN, id[0]=0, x[0]=409.0, y[0]=502.0, toolType[0]=TOOL_TYPE_UNKNOWN, buttonState=0, metaState=0, flags=0x80000000, edgeFlags=0x0, pointerCount=1, historySize=0, eventTime=230190, downTime=230187, deviceId=0, source=0x1002 }
D/InputEventConsistencyVerifier(  428):   2: sent at 229843000000, MotionEvent { action=ACTION_DOWN, id[0]=0, x[0]=42.0, y[0]=271.0, toolType[0]=TOOL_TYPE_UNKNOWN, buttonState=0, metaState=0, flags=0x80000000, edgeFlags=0x0, pointerCount=1, historySize=0, eventTime=229843, downTime=229843, deviceId=0, source=0x1002 }
D/InputEventConsistencyVerifier(  428):   3: sent at 229805000000, MotionEvent { action=ACTION_DOWN, id[0]=0, x[0]=30.0, y[0]=630.0, toolType[0]=TOOL_TYPE_UNKNOWN, buttonState=0, metaState=0, flags=0x0, edgeFlags=0x0, pointerCount=1, historySize=0, eventTime=229805, downTime=229805, deviceId=0, source=0x1002 }
D/InputEventConsistencyVerifier(  428):   4: sent at 229540000000, MotionEvent { action=ACTION_UP, id[0]=0, x[0]=269.0, y[0]=6.0, toolType[0]=TOOL_TYPE_UNKNOWN, buttonState=0, metaState=0, flags=0x0, edgeFlags=0x0, pointerCount=1, historySize=0, eventTime=229540, downTime=229516, deviceId=0, source=0x1002 }
D/InputEventConsistencyVerifier(  428):   5: sent at 229517000000, MotionEvent { action=ACTION_DOWN, id[0]=0, x[0]=274.0, y[0]=2.0, toolType[0]=TOOL_TYPE_UNKNOWN, buttonState=0, metaState=0, flags=0x80000000, edgeFlags=0x0, pointerCount=1, historySize=0, eventTime=229517, downTime=229516, deviceId=0, source=0x1002 }
W/dalvikvm(  428): DroidBox: { "FdAccess": { "path": "2f70726f632f6d656d696e666f", "id": "5549017" } }
W/DroidBox(  428): DroidBox: { "FileRW": { "operation": "read", "data": "4d656d546f74616c3a202020202020202020373438393634206b420a4d656d467265653a20202020202020202020343333343630206b420a427566666572733a20202020202020202020202035363230206b420a4361636865643a202020202020202020", "id": "5549017" } }
I/Choreographer( 1020): Skipped 30 frames!  The application may be doing too much work on its main thread.
W/dalvikvm(  428): DroidBox: { "FdAccess": { "path": "2f70726f632f6d656d696e666f", "id": "78601649" } }
W/DroidBox(  428): DroidBox: { "FileRW": { "operation": "read", "data": "4d656d546f74616c3a202020202020202020373438393634206b420a4d656d467265653a20202020202020202020343333343630206b420a427566666572733a20202020202020202020202035363230206b420a4361636865643a202020202020202020", "id": "78601649" } }
I/Choreographer(  428): Skipped 48 frames!  The application may be doing too much work on its main thread.
W/dalvikvm(  428): DroidBox: { "FdAccess": { "path": "2f70726f632f6d656d696e666f", "id": "269322457" } }
W/DroidBox(  428): DroidBox: { "FileRW": { "operation": "read", "data": "4d656d546f74616c3a202020202020202020373438393634206b420a4d656d467265653a20202020202020202020343333343630206b420a427566666572733a20202020202020202020202035363230206b420a4361636865643a202020202020202020", "id": "269322457" } }
I/Choreographer(  428): Skipped 38 frames!  The application may be doing too much work on its main thread.
D/PhoneStatusBar(  428): disable: < expand icons alerts TICKER* system_info back home recent clock >
W/dalvikvm(  428): DroidBox: { "FdAccess": { "path": "2f70726f632f6d656d696e666f", "id": "1672296121" } }
W/DroidBox(  428): DroidBox: { "FileRW": { "operation": "read", "data": "4d656d546f74616c3a202020202020202020373438393634206b420a4d656d467265653a20202020202020202020343333343630206b420a427566666572733a20202020202020202020202035363230206b420a4361636865643a202020202020202020", "id": "1672296121" } }
D/InputEventConsistencyVerifier( 1020): KeyEvent: ACTION_UP but key was not down.
D/InputEventConsistencyVerifier( 1020):   in android.widget.Button@b3e5bbd0
D/InputEventConsistencyVerifier( 1020):   0: sent at 242446000000, KeyEvent { action=ACTION_UP, keyCode=KEYCODE_DPAD_UP, scanCode=0, metaState=0, flags=0x400, repeatCount=0, eventTime=242446, downTime=242446, deviceId=-1, source=0x101 }
D/InputEventConsistencyVerifier( 1020):   -- recent events --
D/InputEventConsistencyVerifier( 1020):   1: sent at 241007000000, (unhandled) KeyEvent { action=ACTION_DOWN, keyCode=KEYCODE_DPAD_DOWN, scanCode=0, metaState=0, flags=0x400, repeatCount=0, eventTime=241007, downTime=241007, deviceId=-1, source=0x101 }
D/InputEventConsistencyVerifier( 1020):   2: sent at 238865000000, (unhandled) KeyEvent { action=ACTION_UP, keyCode=KEYCODE_MENU, scanCode=0, metaState=0, flags=0x8, repeatCount=0, eventTime=238865, downTime=238865, deviceId=-1, source=0x101 }
D/InputEventConsistencyVerifier( 1020):   3: sent at 238763000000, (unhandled) KeyEvent { action=ACTION_DOWN, keyCode=KEYCODE_MENU, scanCode=0, metaState=0, flags=0x8, repeatCount=0, eventTime=238763, downTime=238763, deviceId=-1, source=0x101 }
D/InputEventConsistencyVerifier( 1020):   4: sent at 238820000000, (unhandled) KeyEvent { action=ACTION_UP, keyCode=KEYCODE_DPAD_LEFT, scanCode=0, metaState=0, flags=0x400, repeatCount=0, eventTime=238820, downTime=238820, deviceId=-1, source=0x101 }
D/InputEventConsistencyVerifier( 1020):   5: sent at 238820000000, (unhandled) KeyEvent { action=ACTION_DOWN, keyCode=KEYCODE_DPAD_LEFT, scanCode=0, metaState=0, flags=0x400, repeatCount=0, eventTime=238820, downTime=238820, deviceId=-1, source=0x101 }
I/Choreographer( 1020): Skipped 42 frames!  The application may be doing too much work on its main thread.
I/Choreographer(  428): Skipped 68 frames!  The application may be doing too much work on its main thread.
W/dalvikvm(  428): DroidBox: { "FdAccess": { "path": "2f70726f632f6d656d696e666f", "id": "1479304711" } }
W/DroidBox(  428): DroidBox: { "FileRW": { "operation": "read", "data": "4d656d546f74616c3a202020202020202020373438393634206b420a4d656d467265653a20202020202020202020343331393732206b420a427566666572733a20202020202020202020202035363230206b420a4361636865643a202020202020202020", "id": "1479304711" } }
D/InputEventConsistencyVerifier(  428): KeyEvent: ACTION_UP but key was not down.
D/InputEventConsistencyVerifier(  428):   in com.android.systemui.statusbar.phone.StatusBarWindowView@b3e01350
D/InputEventConsistencyVerifier(  428):   0: sent at 243725000000, KeyEvent { action=ACTION_UP, keyCode=KEYCODE_DPAD_CENTER, scanCode=0, metaState=0, flags=0x8, repeatCount=0, eventTime=243725, downTime=243725, deviceId=-1, source=0x101 }
D/InputEventConsistencyVerifier(  428):   -- recent events --
D/InputEventConsistencyVerifier(  428):   1: sent at 243340000000, MotionEvent { action=ACTION_UP, id[0]=0, x[0]=183.0, y[0]=528.0, toolType[0]=TOOL_TYPE_UNKNOWN, buttonState=0, metaState=0, flags=0x0, edgeFlags=0x0, pointerCount=1, historySize=0, eventTime=243340, downTime=243218, deviceId=0, source=0x1002 }
D/InputEventConsistencyVerifier(  428):   2: sent at 243337000000, MotionEvent { action=ACTION_MOVE, id[0]=0, x[0]=177.0, y[0]=523.0, toolType[0]=TOOL_TYPE_UNKNOWN, buttonState=0, metaState=0, flags=0x0, edgeFlags=0x0, pointerCount=1, historySize=2, eventTime=243337, downTime=243218, deviceId=0, source=0x1002 }
D/InputEventConsistencyVerifier(  428):   3: sent at 243288500000, MotionEvent { action=ACTION_MOVE, id[0]=0, x[0]=165.0, y[0]=511.0, toolType[0]=TOOL_TYPE_UNKNOWN, buttonState=0, metaState=0, flags=0x0, edgeFlags=0x0, pointerCount=1, historySize=6, eventTime=243288, downTime=243218, deviceId=0, source=0x1002 }
D/InputEventConsistencyVerifier(  428):   4: sent at 243233000000, MotionEvent { action=ACTION_DOWN, id[0]=0, x[0]=126.0, y[0]=474.0, toolType[0]=TOOL_TYPE_UNKNOWN, buttonState=0, metaState=0, flags=0x0, edgeFlags=0x0, pointerCount=1, historySize=0, eventTime=243233, downTime=243218, deviceId=0, source=0x1002 }
D/InputEventConsistencyVerifier(  428):   5: sent at 243050000000, (unhandled) KeyEvent { action=ACTION_UP, keyCode=KEYCODE_DPAD_RIGHT, scanCode=0, metaState=0, flags=0x8, repeatCount=0, eventTime=243050, downTime=243050, deviceId=-1, source=0x101 }
D/InputEventConsistencyVerifier(  428): TouchEvent: ACTION_DOWN but pointers are already down.  Probably missing ACTION_UP from previous gesture.
D/InputEventConsistencyVerifier(  428):   in android.view.ScaleGestureDetector@b3ea0f18
D/InputEventConsistencyVerifier(  428):   0: sent at 243804000000, MotionEvent { action=ACTION_DOWN, id[0]=0, x[0]=329.0, y[0]=380.0, toolType[0]=TOOL_TYPE_UNKNOWN, buttonState=0, metaState=0, flags=0x0, edgeFlags=0x0, pointerCount=1, historySize=0, eventTime=243804, downTime=243804, deviceId=0, source=0x1002 }
D/InputEventConsistencyVerifier(  428):   -- recent events --
D/InputEventConsistencyVerifier(  428):   1: sent at 243233000000, MotionEvent { action=ACTION_DOWN, id[0]=0, x[0]=126.0, y[0]=474.0, toolType[0]=TOOL_TYPE_UNKNOWN, buttonState=0, metaState=0, flags=0x0, edgeFlags=0x0, pointerCount=1, historySize=0, eventTime=243233, downTime=243218, deviceId=0, source=0x1002 }
D/InputEventConsistencyVerifier(  428):   2: sent at 242601000000, MotionEvent { action=ACTION_UP, id[0]=0, x[0]=302.0, y[0]=0.0, toolType[0]=TOOL_TYPE_UNKNOWN, buttonState=0, metaState=0, flags=0x0, edgeFlags=0x0, pointerCount=1, historySize=0, eventTime=242601, downTime=242573, deviceId=0, source=0x1002 }
D/InputEventConsistencyVerifier(  428):   3: sent at 242598000000, MotionEvent { action=ACTION_MOVE, id[0]=0, x[0]=308.0, y[0]=0.0, toolType[0]=TOOL_TYPE_UNKNOWN, buttonState=0, metaState=0, flags=0x0, edgeFlags=0x0, pointerCount=1, historySize=4, eventTime=242598, downTime=242573, deviceId=0, source=0x1002 }
D/InputEventConsistencyVerifier(  428):   4: sent at 242575000000, MotionEvent { action=ACTION_DOWN, id[0]=0, x[0]=374.0, y[0]=20.0, toolType[0]=TOOL_TYPE_UNKNOWN, buttonState=0, metaState=0, flags=0x80000000, edgeFlags=0x0, pointerCount=1, historySize=0, eventTime=242575, downTime=242573, deviceId=0, source=0x1002 }
D/InputEventConsistencyVerifier(  428):   5: sent at 230190000000, MotionEvent { action=ACTION_DOWN, id[0]=0, x[0]=409.0, y[0]=502.0, toolType[0]=TOOL_TYPE_UNKNOWN, buttonState=0, metaState=0, flags=0x80000000, edgeFlags=0x0, pointerCount=1, historySize=0, eventTime=230190, downTime=230187, deviceId=0, source=0x1002 }
I/Choreographer(  428): Skipped 141 frames!  The application may be doing too much work on its main thread.
W/dalvikvm(  428): DroidBox: { "FdAccess": { "path": "2f70726f632f6d656d696e666f", "id": "1506836655" } }
W/DroidBox(  428): DroidBox: { "FileRW": { "operation": "read", "data": "4d656d546f74616c3a202020202020202020373438393634206b420a4d656d467265653a20202020202020202020343331393732206b420a427566666572733a20202020202020202020202035363230206b420a4361636865643a202020202020202020", "id": "1506836655" } }
I/Choreographer(  428): Skipped 67 frames!  The application may be doing too much work on its main thread.
D/InputEventConsistencyVerifier(  428): KeyEvent: ACTION_UP but key was not down.
D/InputEventConsistencyVerifier(  428):   in com.android.systemui.statusbar.phone.StatusBarWindowView@b3e01350
D/InputEventConsistencyVerifier(  428):   0: sent at 244142000000, KeyEvent { action=ACTION_UP, keyCode=KEYCODE_DPAD_UP, scanCode=0, metaState=0, flags=0x8, repeatCount=0, eventTime=244142, downTime=244142, deviceId=-1, source=0x101 }
D/InputEventConsistencyVerifier(  428):   -- recent events --
D/InputEventConsistencyVerifier(  428):   1: sent at 243995000000, MotionEvent { action=ACTION_UP, id[0]=0, x[0]=324.0, y[0]=372.0, toolType[0]=TOOL_TYPE_UNKNOWN, buttonState=0, metaState=0, flags=0x0, edgeFlags=0x0, pointerCount=1, historySize=0, eventTime=243995, downTime=243804, deviceId=0, source=0x1002 }
D/InputEventConsistencyVerifier(  428):   2: sent at 243804000000, MotionEvent { action=ACTION_DOWN, id[0]=0, x[0]=329.0, y[0]=380.0, toolType[0]=TOOL_TYPE_UNKNOWN, buttonState=0, metaState=0, flags=0x0, edgeFlags=0x0, pointerCount=1, historySize=0, eventTime=243804, downTime=243804, deviceId=0, source=0x1002 }
D/InputEventConsistencyVerifier(  428):   3: sent at 243725000000, (unhandled) KeyEvent { action=ACTION_UP, keyCode=KEYCODE_DPAD_CENTER, scanCode=0, metaState=0, flags=0x80000008, repeatCount=0, eventTime=243725, downTime=243725, deviceId=-1, source=0x101 }
D/InputEventConsistencyVerifier(  428):   4: sent at 243340000000, MotionEvent { action=ACTION_UP, id[0]=0, x[0]=183.0, y[0]=528.0, toolType[0]=TOOL_TYPE_UNKNOWN, buttonState=0, metaState=0, flags=0x0, edgeFlags=0x0, pointerCount=1, historySize=0, eventTime=243340, downTime=243218, deviceId=0, source=0x1002 }
D/InputEventConsistencyVerifier(  428):   5: sent at 243337000000, MotionEvent { action=ACTION_MOVE, id[0]=0, x[0]=177.0, y[0]=523.0, toolType[0]=TOOL_TYPE_UNKNOWN, buttonState=0, metaState=0, flags=0x0, edgeFlags=0x0, pointerCount=1, historySize=2, eventTime=243337, downTime=243218, deviceId=0, source=0x1002 }
D/InputEventConsistencyVerifier(  428): KeyEvent: ACTION_UP but key was not down.
D/InputEventConsistencyVerifier(  428):   in com.android.systemui.statusbar.phone.StatusBarWindowView@b3e01350
D/InputEventConsistencyVerifier(  428):   0: sent at 244329000000, KeyEvent { action=ACTION_UP, keyCode=KEYCODE_DPAD_UP, scanCode=0, metaState=0, flags=0x400, repeatCount=0, eventTime=244329, downTime=244329, deviceId=-1, source=0x101 }
D/InputEventConsistencyVerifier(  428):   -- recent events --
D/InputEventConsistencyVerifier(  428):   1: sent at 244199000000, (unhandled) MotionEvent { action=ACTION_MOVE, id[0]=0, x[0]=0.0, y[0]=-3.0, toolType[0]=TOOL_TYPE_UNKNOWN, buttonState=0, metaState=0, flags=0x0, edgeFlags=0x0, pointerCount=1, historySize=9, eventTime=244199, downTime=-1, deviceId=0, source=0x10004 }
D/InputEventConsistencyVerifier(  428):   2: sent at 244228000000, MotionEvent { action=ACTION_UP, id[0]=0, x[0]=419.0, y[0]=226.0, toolType[0]=TOOL_TYPE_UNKNOWN, buttonState=0, metaState=0, flags=0x0, edgeFlags=0x0, pointerCount=1, historySize=0, eventTime=244228, downTime=244211, deviceId=0, source=0x1002 }
D/InputEventConsistencyVerifier(  428):   3: sent at 244224000000, MotionEvent { action=ACTION_MOVE, id[0]=0, x[0]=426.0, y[0]=237.0, toolType[0]=TOOL_TYPE_UNKNOWN, buttonState=0, metaState=0, flags=0x0, edgeFlags=0x0, pointerCount=1, historySize=1, eventTime=244224, downTime=244211, deviceId=0, source=0x1002 }
D/InputEventConsistencyVerifier(  428):   4: sent at 244212000000, MotionEvent { action=ACTION_DOWN, id[0]=0, x[0]=436.0, y[0]=252.0, toolType[0]=TOOL_TYPE_UNKNOWN, buttonState=0, metaState=0, flags=0x0, edgeFlags=0x0, pointerCount=1, historySize=0, eventTime=244212, downTime=244211, deviceId=0, source=0x1002 }
D/InputEventConsistencyVerifier(  428):   5: sent at 244142000000, (unhandled) KeyEvent { action=ACTION_UP, keyCode=KEYCODE_DPAD_UP, scanCode=0, metaState=0, flags=0x80000008, repeatCount=0, eventTime=244142, downTime=244142, deviceId=-1, source=0x101 }
D/InputEventConsistencyVerifier(  428): TouchEvent: ACTION_DOWN but pointers are already down.  Probably missing ACTION_UP from previous gesture.
D/InputEventConsistencyVerifier(  428):   in android.view.ScaleGestureDetector@b3ea0f18
D/InputEventConsistencyVerifier(  428):   0: sent at 244385000000, MotionEvent { action=ACTION_DOWN, id[0]=0, x[0]=242.0, y[0]=668.0, toolType[0]=TOOL_TYPE_UNKNOWN, buttonState=0, metaState=0, flags=0x0, edgeFlags=0x0, pointerCount=1, historySize=0, eventTime=244385, downTime=244382, deviceId=0, source=0x1002 }
D/InputEventConsistencyVerifier(  428):   -- recent events --
D/InputEventConsistencyVerifier(  428):   1: sent at 244224000000, MotionEvent { action=ACTION_MOVE, id[0]=0, x[0]=426.0, y[0]=237.0, toolType[0]=TOOL_TYPE_UNKNOWN, buttonState=0, metaState=0, flags=0x0, edgeFlags=0x0, pointerCount=1, historySize=1, eventTime=244224, downTime=244211, deviceId=0, source=0x1002 }
D/InputEventConsistencyVerifier(  428):   2: sent at 244212000000, MotionEvent { action=ACTION_DOWN, id[0]=0, x[0]=436.0, y[0]=252.0, toolType[0]=TOOL_TYPE_UNKNOWN, buttonState=0, metaState=0, flags=0x0, edgeFlags=0x0, pointerCount=1, historySize=0, eventTime=244212, downTime=244211, deviceId=0, source=0x1002 }
D/InputEventConsistencyVerifier(  428):   3: sent at 243995000000, MotionEvent { action=ACTION_UP, id[0]=0, x[0]=324.0, y[0]=372.0, toolType[0]=TOOL_TYPE_UNKNOWN, buttonState=0, metaState=0, flags=0x0, edgeFlags=0x0, pointerCount=1, historySize=0, eventTime=243995, downTime=243804, deviceId=0, source=0x1002 }
D/InputEventConsistencyVerifier(  428):   4: sent at 243804000000, MotionEvent { action=ACTION_DOWN, id[0]=0, x[0]=329.0, y[0]=380.0, toolType[0]=TOOL_TYPE_UNKNOWN, buttonState=0, metaState=0, flags=0x80000000, edgeFlags=0x0, pointerCount=1, historySize=0, eventTime=243804, downTime=243804, deviceId=0, source=0x1002 }
D/InputEventConsistencyVerifier(  428):   5: sent at 243233000000, MotionEvent { action=ACTION_DOWN, id[0]=0, x[0]=126.0, y[0]=474.0, toolType[0]=TOOL_TYPE_UNKNOWN, buttonState=0, metaState=0, flags=0x0, edgeFlags=0x0, pointerCount=1, historySize=0, eventTime=243233, downTime=243218, deviceId=0, source=0x1002 }
I/ActivityManager(  234): START {act=android.intent.action.MAIN cat=[android.intent.category.HOME] flg=0x10200000 cmp=com.android.launcher/com.android.launcher2.Launcher u=0} from pid 234
D/InputEventConsistencyVerifier(  428): KeyEvent: ACTION_UP but key was not down.
D/InputEventConsistencyVerifier(  428):   in com.android.systemui.statusbar.phone.StatusBarWindowView@b3e01350
D/InputEventConsistencyVerifier(  428):   0: sent at 244645000000, KeyEvent { action=ACTION_UP, keyCode=KEYCODE_DPAD_LEFT, scanCode=0, metaState=0, flags=0x8, repeatCount=0, eventTime=244645, downTime=244645, deviceId=-1, source=0x101 }
D/InputEventConsistencyVerifier(  428):   -- recent events --
D/InputEventConsistencyVerifier(  428):   1: sent at 244419000000, MotionEvent { action=ACTION_UP, id[0]=0, x[0]=219.0, y[0]=638.0, toolType[0]=TOOL_TYPE_UNKNOWN, buttonState=0, metaState=0, flags=0x0, edgeFlags=0x0, pointerCount=1, historySize=0, eventTime=244419, downTime=244382, deviceId=0, source=0x1002 }
