D/InputEventConsistencyVerifier(  380):   5: sent at 104942000000, (unhandled) KeyEvent { action=ACTION_UP, keyCode=KEYCODE_DPAD_DOWN, scanCode=0, metaState=0, flags=0x400, repeatCount=0, eventTime=104942, downTime=104942, deviceId=-1, source=0x101 }
I/ActivityManager(  222): START {act=android.intent.action.CALL_BUTTON flg=0x10000000 cmp=com.android.contacts/.activities.DialtactsActivity u=0} from pid 380
W/dalvikvm(  380): DroidBox: { "FdAccess": { "path": "2f70726f632f6d656d696e666f", "id": "1316565109" } }
W/DroidBox(  380): DroidBox: { "FileRW": { "operation": "read", "data": "4d656d546f74616c3a202020202020202020373438393634206b420a4d656d467265653a20202020202020202020343435333132206b420a427566666572733a20202020202020202020202035343830206b420a4361636865643a202020202020202020", "id": "1316565109" } }
W/dalvikvm(  380): DroidBox: { "FdAccess": { "path": "2f70726f632f6d656d696e666f", "id": "1536298349" } }
W/DroidBox(  380): DroidBox: { "FileRW": { "operation": "read", "data": "4d656d546f74616c3a202020202020202020373438393634206b420a4d656d467265653a20202020202020202020343435303536206b420a427566666572733a20202020202020202020202035343830206b420a4361636865643a202020202020202020", "id": "1536298349" } }
I/ActivityManager(  222): Start proc com.android.music for broadcast com.android.music/.MediaButtonIntentReceiver: pid=1079 uid=10024 gids={3003, 1015, 1028}
D/InputEventConsistencyVerifier(  380): TouchEvent: ACTION_DOWN but pointers are already down.  Probably missing ACTION_UP from previous gesture.
D/InputEventConsistencyVerifier(  380):   in android.view.ScaleGestureDetector@b3edad10
D/InputEventConsistencyVerifier(  380):   0: sent at 105533000000, MotionEvent { action=ACTION_DOWN, id[0]=0, x[0]=214.0, y[0]=671.0, toolType[0]=TOOL_TYPE_UNKNOWN, buttonState=0, metaState=0, flags=0x0, edgeFlags=0x0, pointerCount=1, historySize=0, eventTime=105533, downTime=105532, deviceId=0, source=0x1002 }
D/InputEventConsistencyVerifier(  380):   -- recent events --
D/InputEventConsistencyVerifier(  380):   1: sent at 105466000000, MotionEvent { action=ACTION_DOWN, id[0]=0, x[0]=62.0, y[0]=722.0, toolType[0]=TOOL_TYPE_UNKNOWN, buttonState=0, metaState=0, flags=0x0, edgeFlags=0x0, pointerCount=1, historySize=0, eventTime=105466, downTime=105466, deviceId=0, source=0x1002 }
D/InputEventConsistencyVerifier(  380):   2: sent at 105002000000, MotionEvent { action=ACTION_UP, id[0]=0, x[0]=134.0, y[0]=130.0, toolType[0]=TOOL_TYPE_UNKNOWN, buttonState=0, metaState=0, flags=0x0, edgeFlags=0x0, pointerCount=1, historySize=0, eventTime=105002, downTime=104990, deviceId=0, source=0x1002 }
D/InputEventConsistencyVerifier(  380):   3: sent at 104991000000, MotionEvent { action=ACTION_DOWN, id[0]=0, x[0]=132.0, y[0]=148.0, toolType[0]=TOOL_TYPE_UNKNOWN, buttonState=0, metaState=0, flags=0x0, edgeFlags=0x0, pointerCount=1, historySize=0, eventTime=104991, downTime=104990, deviceId=0, source=0x1002 }
D/InputEventConsistencyVerifier(  380):   4: sent at 104975000000, MotionEvent { action=ACTION_UP, id[0]=0, x[0]=218.0, y[0]=606.0, toolType[0]=TOOL_TYPE_UNKNOWN, buttonState=0, metaState=0, flags=0x0, edgeFlags=0x0, pointerCount=1, historySize=0, eventTime=104975, downTime=104959, deviceId=0, source=0x1002 }
D/InputEventConsistencyVerifier(  380):   5: sent at 104959000000, MotionEvent { action=ACTION_DOWN, id[0]=0, x[0]=208.0, y[0]=606.0, toolType[0]=TOOL_TYPE_UNKNOWN, buttonState=0, metaState=0, flags=0x0, edgeFlags=0x0, pointerCount=1, historySize=0, eventTime=104959, downTime=104959, deviceId=0, source=0x1002 }
I/Choreographer(  380): Skipped 61 frames!  The application may be doing too much work on its main thread.
W/dalvikvm(  380): DroidBox: { "FdAccess": { "path": "2f70726f632f6d656d696e666f", "id": "1848509221" } }
W/DroidBox(  380): DroidBox: { "FileRW": { "operation": "read", "data": "4d656d546f74616c3a202020202020202020373438393634206b420a4d656d467265653a20202020202020202020343434363238206b420a427566666572733a20202020202020202020202035343830206b420a4361636865643a202020202020202020", "id": "1848509221" } }
D/InputEventConsistencyVerifier(  380): TouchEvent: ACTION_DOWN but pointers are already down.  Probably missing ACTION_UP from previous gesture.
D/InputEventConsistencyVerifier(  380):   in android.view.ScaleGestureDetector@b3edad10
D/InputEventConsistencyVerifier(  380):   0: sent at 105691000000, MotionEvent { action=ACTION_DOWN, id[0]=0, x[0]=131.0, y[0]=754.0, toolType[0]=TOOL_TYPE_UNKNOWN, buttonState=0, metaState=0, flags=0x0, edgeFlags=0x0, pointerCount=1, historySize=0, eventTime=105691, downTime=105691, deviceId=0, source=0x1002 }
D/InputEventConsistencyVerifier(  380):   -- recent events --
D/InputEventConsistencyVerifier(  380):   1: sent at 105533000000, MotionEvent { action=ACTION_DOWN, id[0]=0, x[0]=214.0, y[0]=671.0, toolType[0]=TOOL_TYPE_UNKNOWN, buttonState=0, metaState=0, flags=0x80000000, edgeFlags=0x0, pointerCount=1, historySize=0, eventTime=105533, downTime=105532, deviceId=0, source=0x1002 }
D/InputEventConsistencyVerifier(  380):   2: sent at 105466000000, MotionEvent { action=ACTION_DOWN, id[0]=0, x[0]=62.0, y[0]=722.0, toolType[0]=TOOL_TYPE_UNKNOWN, buttonState=0, metaState=0, flags=0x0, edgeFlags=0x0, pointerCount=1, historySize=0, eventTime=105466, downTime=105466, deviceId=0, source=0x1002 }
D/InputEventConsistencyVerifier(  380):   3: sent at 105002000000, MotionEvent { action=ACTION_UP, id[0]=0, x[0]=134.0, y[0]=130.0, toolType[0]=TOOL_TYPE_UNKNOWN, buttonState=0, metaState=0, flags=0x0, edgeFlags=0x0, pointerCount=1, historySize=0, eventTime=105002, downTime=104990, deviceId=0, source=0x1002 }
D/InputEventConsistencyVerifier(  380):   4: sent at 104991000000, MotionEvent { action=ACTION_DOWN, id[0]=0, x[0]=132.0, y[0]=148.0, toolType[0]=TOOL_TYPE_UNKNOWN, buttonState=0, metaState=0, flags=0x0, edgeFlags=0x0, pointerCount=1, historySize=0, eventTime=104991, downTime=104990, deviceId=0, source=0x1002 }
D/InputEventConsistencyVerifier(  380):   5: sent at 104975000000, MotionEvent { action=ACTION_UP, id[0]=0, x[0]=218.0, y[0]=606.0, toolType[0]=TOOL_TYPE_UNKNOWN, buttonState=0, metaState=0, flags=0x0, edgeFlags=0x0, pointerCount=1, historySize=0, eventTime=104975, downTime=104959, deviceId=0, source=0x1002 }
I/ActivityManager(  222): START {act=android.intent.action.CALL_BUTTON flg=0x10000000 cmp=com.android.contacts/.activities.DialtactsActivity u=0} from pid 380
D/PhoneStatusBar(  380): disable: < expand icons alerts ticker* system_info back home recent clock >
V/PhoneStatusBar(  380): setLightsOn(true)
W/InputMethodManagerService(  222): Window already focused, ignoring focus gain of: com.android.internal.view.IInputMethodClient$Stub$Proxy@b4326110 attribute=null
E/WVMExtractor(   62): Failed to open libwvm.so
E/Trace   ( 1079): error opening trace file: No such file or directory (2)
E/WVMExtractor(   62): Failed to open libwvm.so
W/DroidBox( 1079): DroidBox: { "DexClassLoader": { "path": "/system/app/Music.apk" } }
W/DroidBox( 1079): DroidBox: { "ServiceStart": { "name": "com.android.music.MediaPlaybackService" } }
W/DroidBox( 1079): DroidBox: { "ServiceStart": { "name": "com.android.music.MediaPlaybackService" } }
I/InputAttributes(  433): InputType.TYPE_NULL is specified
D/InputEventConsistencyVerifier( 1005): KeyEvent: ACTION_UP but key was not down.
D/InputEventConsistencyVerifier( 1005):   in android.widget.LinearLayout@b3e27220
D/InputEventConsistencyVerifier( 1005):   0: sent at 106241000000, KeyEvent { action=ACTION_UP, keyCode=KEYCODE_DPAD_RIGHT, scanCode=0, metaState=0, flags=0x400, repeatCount=0, eventTime=106241, downTime=106241, deviceId=-1, source=0x101 }
D/InputEventConsistencyVerifier( 1005):   -- recent events --
D/InputEventConsistencyVerifier( 1005):   1: sent at 94223000000, (unhandled) KeyEvent { action=ACTION_DOWN, keyCode=KEYCODE_DPAD_LEFT, scanCode=0, metaState=0, flags=0x400, repeatCount=0, eventTime=94223, downTime=94223, deviceId=-1, source=0x101 }
D/InputEventConsistencyVerifier( 1005):   2: sent at 93901000000, (unhandled) MotionEvent { action=ACTION_MOVE, id[0]=0, x[0]=-3.0, y[0]=-2.0, toolType[0]=TOOL_TYPE_UNKNOWN, buttonState=0, metaState=0, flags=0x0, edgeFlags=0x0, pointerCount=1, historySize=9, eventTime=93901, downTime=-1, deviceId=0, source=0x10004 }
D/InputEventConsistencyVerifier( 1005):   3: sent at 93526000000, (unhandled) KeyEvent { action=ACTION_UP, keyCode=KEYCODE_MENU, scanCode=0, metaState=0, flags=0x8, repeatCount=0, eventTime=93526, downTime=93526, deviceId=-1, source=0x101 }
D/InputEventConsistencyVerifier( 1005):   4: sent at 90447000000, (unhandled) KeyEvent { action=ACTION_DOWN, keyCode=KEYCODE_MENU, scanCode=0, metaState=0, flags=0x8, repeatCount=0, eventTime=90447, downTime=90447, deviceId=-1, source=0x101 }
D/InputEventConsistencyVerifier( 1005):   5: sent at 93487000000, (unhandled) KeyEvent { action=ACTION_UP, keyCode=KEYCODE_DPAD_DOWN, scanCode=0, metaState=0, flags=0x400, repeatCount=0, eventTime=93487, downTime=93487, deviceId=-1, source=0x101 }
I/Choreographer(  433): Skipped 52 frames!  The application may be doing too much work on its main thread.
E/WVMExtractor(   62): Failed to open libwvm.so
E/WVMExtractor(   62): Failed to open libwvm.so
E/WVMExtractor(   62): Failed to open libwvm.so
I/AudioService(  222):   Remote Control   registerMediaButtonIntent() for PendingIntent{b3f88878: PendingIntentRecord{b41fb630 com.android.music broadcastIntent}}
E/WVMExtractor(   62): Failed to open libwvm.so
I/InputAttributes(  433): InputType.TYPE_NULL is specified
I/Choreographer(  433): Skipped 42 frames!  The application may be doing too much work on its main thread.
D/InputEventConsistencyVerifier(  380): TouchEvent: ACTION_DOWN but pointers are already down.  Probably missing ACTION_UP from previous gesture.
D/InputEventConsistencyVerifier(  380):   in android.view.ScaleGestureDetector@b3edad10
D/InputEventConsistencyVerifier(  380):   0: sent at 107890000000, MotionEvent { action=ACTION_DOWN, id[0]=0, x[0]=335.0, y[0]=23.0, toolType[0]=TOOL_TYPE_UNKNOWN, buttonState=0, metaState=0, flags=0x0, edgeFlags=0x0, pointerCount=1, historySize=0, eventTime=107890, downTime=107889, deviceId=0, source=0x1002 }
D/InputEventConsistencyVerifier(  380):   -- recent events --
D/InputEventConsistencyVerifier(  380):   1: sent at 105691000000, MotionEvent { action=ACTION_DOWN, id[0]=0, x[0]=131.0, y[0]=754.0, toolType[0]=TOOL_TYPE_UNKNOWN, buttonState=0, metaState=0, flags=0x80000000, edgeFlags=0x0, pointerCount=1, historySize=0, eventTime=105691, downTime=105691, deviceId=0, source=0x1002 }
D/InputEventConsistencyVerifier(  380):   2: sent at 105533000000, MotionEvent { action=ACTION_DOWN, id[0]=0, x[0]=214.0, y[0]=671.0, toolType[0]=TOOL_TYPE_UNKNOWN, buttonState=0, metaState=0, flags=0x80000000, edgeFlags=0x0, pointerCount=1, historySize=0, eventTime=105533, downTime=105532, deviceId=0, source=0x1002 }
D/InputEventConsistencyVerifier(  380):   3: sent at 105466000000, MotionEvent { action=ACTION_DOWN, id[0]=0, x[0]=62.0, y[0]=722.0, toolType[0]=TOOL_TYPE_UNKNOWN, buttonState=0, metaState=0, flags=0x0, edgeFlags=0x0, pointerCount=1, historySize=0, eventTime=105466, downTime=105466, deviceId=0, source=0x1002 }
D/InputEventConsistencyVerifier(  380):   4: sent at 105002000000, MotionEvent { action=ACTION_UP, id[0]=0, x[0]=134.0, y[0]=130.0, toolType[0]=TOOL_TYPE_UNKNOWN, buttonState=0, metaState=0, flags=0x0, edgeFlags=0x0, pointerCount=1, historySize=0, eventTime=105002, downTime=104990, deviceId=0, source=0x1002 }
D/InputEventConsistencyVerifier(  380):   5: sent at 104991000000, MotionEvent { action=ACTION_DOWN, id[0]=0, x[0]=132.0, y[0]=148.0, toolType[0]=TOOL_TYPE_UNKNOWN, buttonState=0, metaState=0, flags=0x0, edgeFlags=0x0, pointerCount=1, historySize=0, eventTime=104991, downTime=104990, deviceId=0, source=0x1002 }
W/dalvikvm(  380): DroidBox: { "FdAccess": { "path": "2f70726f632f6d656d696e666f", "id": "2061178132" } }
W/DroidBox(  380): DroidBox: { "FileRW": { "operation": "read", "data": "4d656d546f74616c3a202020202020202020373438393634206b420a4d656d467265653a20202020202020202020343433343838206b420a427566666572733a20202020202020202020202035343932206b420a4361636865643a202020202020202020", "id": "2061178132" } }
I/Choreographer( 1005): Skipped 38 frames!  The application may be doing too much work on its main thread.
D/InputEventConsistencyVerifier(  380): TrackballEvent: Trackball is down but pressure is not greater than 0.
D/InputEventConsistencyVerifier(  380):   in android.view.ViewRootImpl@b3eccb30
D/InputEventConsistencyVerifier(  380):   0: sent at 108003000000, MotionEvent { action=ACTION_DOWN, id[0]=0, x[0]=0.0, y[0]=0.0, toolType[0]=TOOL_TYPE_UNKNOWN, buttonState=0, metaState=0, flags=0x0, edgeFlags=0x0, pointerCount=1, historySize=0, eventTime=108003, downTime=107956, deviceId=0, source=0x10004 }
D/InputEventConsistencyVerifier(  380):   -- recent events --
D/InputEventConsistencyVerifier(  380):   1: sent at 108001000000, MotionEvent { action=ACTION_MOVE, id[0]=0, x[0]=-1.0, y[0]=-1.0, toolType[0]=TOOL_TYPE_UNKNOWN, buttonState=0, metaState=0, flags=0x0, edgeFlags=0x0, pointerCount=1, historySize=2, eventTime=108001, downTime=-1, deviceId=0, source=0x10004 }
D/InputEventConsistencyVerifier(  380):   2: sent at 107932000000, MotionEvent { action=ACTION_UP, id[0]=0, x[0]=348.6743, y[0]=41.646767, toolType[0]=TOOL_TYPE_UNKNOWN, buttonState=0, metaState=0, flags=0x0, edgeFlags=0x0, pointerCount=1, historySize=0, eventTime=107932, downTime=107889, deviceId=0, source=0x1002 }
D/InputEventConsistencyVerifier(  380):   3: sent at 107930000000, MotionEvent { action=ACTION_POINTER_UP(1), id[0]=0, x[0]=348.6743, y[0]=41.646767, toolType[0]=TOOL_TYPE_UNKNOWN, id[1]=1, x[1]=451.0, y[1]=45.0, toolType[1]=TOOL_TYPE_UNKNOWN, buttonState=0, metaState=0, flags=0x0, edgeFlags=0x0, pointerCount=2, historySize=0, eventTime=107930, downTime=107889, deviceId=0, source=0x1002 }
D/InputEventConsistencyVerifier(  380):   4: sent at 107922321060, MotionEvent { action=ACTION_MOVE, id[0]=0, x[0]=348.6743, y[0]=41.646767, toolType[0]=TOOL_TYPE_UNKNOWN, id[1]=1, x[1]=451.0, y[1]=45.0, toolType[1]=TOOL_TYPE_UNKNOWN, buttonState=0, metaState=0, flags=0x0, edgeFlags=0x0, pointerCount=2, historySize=1, eventTime=107922, downTime=107889, deviceId=0, source=0x1002 }
D/InputEventConsistencyVerifier(  380):   5: sent at 107910000000, MotionEvent { action=ACTION_POINTER_DOWN(1), id[0]=0, x[0]=344.0, y[0]=31.0, toolType[0]=TOOL_TYPE_UNKNOWN, id[1]=1, x[1]=437.0, y[1]=46.0, toolType[1]=TOOL_TYPE_UNKNOWN, buttonState=0, metaState=0, flags=0x0, edgeFlags=0x0, pointerCount=2, historySize=0, eventTime=107910, downTime=107889, deviceId=0, source=0x1002 }
D/InputEventConsistencyVerifier(  380): TrackballEvent: ACTION_UP but trackball is not down.
D/InputEventConsistencyVerifier(  380):   in com.android.systemui.statusbar.phone.PhoneStatusBarView@b3e3d298
D/InputEventConsistencyVerifier(  380):   0: sent at 108006000000, MotionEvent { action=ACTION_UP, id[0]=0, x[0]=0.0, y[0]=0.0, toolType[0]=TOOL_TYPE_UNKNOWN, buttonState=0, metaState=0, flags=0x0, edgeFlags=0x0, pointerCount=1, historySize=0, eventTime=108006, downTime=107956, deviceId=0, source=0x10004 }
D/InputEventConsistencyVerifier(  380):   -- recent events --
D/InputEventConsistencyVerifier(  380):   1: sent at 107932000000, MotionEvent { action=ACTION_UP, id[0]=0, x[0]=348.6743, y[0]=41.646767, toolType[0]=TOOL_TYPE_UNKNOWN, buttonState=0, metaState=0, flags=0x0, edgeFlags=0x0, pointerCount=1, historySize=0, eventTime=107932, downTime=107889, deviceId=0, source=0x1002 }
D/InputEventConsistencyVerifier(  380):   2: sent at 107930000000, MotionEvent { action=ACTION_POINTER_UP(1), id[0]=0, x[0]=348.6743, y[0]=41.646767, toolType[0]=TOOL_TYPE_UNKNOWN, id[1]=1, x[1]=451.0, y[1]=45.0, toolType[1]=TOOL_TYPE_UNKNOWN, buttonState=0, metaState=0, flags=0x0, edgeFlags=0x0, pointerCount=2, historySize=0, eventTime=107930, downTime=107889, deviceId=0, source=0x1002 }
D/InputEventConsistencyVerifier(  380):   3: sent at 107922321060, MotionEvent { action=ACTION_MOVE, id[0]=0, x[0]=348.6743, y[0]=41.646767, toolType[0]=TOOL_TYPE_UNKNOWN, id[1]=1, x[1]=451.0, y[1]=45.0, toolType[1]=TOOL_TYPE_UNKNOWN, buttonState=0, metaState=0, flags=0x0, edgeFlags=0x0, pointerCount=2, historySize=1, eventTime=107922, downTime=107889, deviceId=0, source=0x1002 }
D/InputEventConsistencyVerifier(  380):   4: sent at 107910000000, MotionEvent { action=ACTION_POINTER_DOWN(1), id[0]=0, x[0]=344.0, y[0]=31.0, toolType[0]=TOOL_TYPE_UNKNOWN, id[1]=1, x[1]=437.0, y[1]=46.0, toolType[1]=TOOL_TYPE_UNKNOWN, buttonState=0, metaState=0, flags=0x0, edgeFlags=0x0, pointerCount=2, historySize=0, eventTime=107910, downTime=107889, deviceId=0, source=0x1002 }
D/InputEventConsistencyVerifier(  380):   5: sent at 107890000000, MotionEvent { action=ACTION_DOWN, id[0]=0, x[0]=335.0, y[0]=23.0, toolType[0]=TOOL_TYPE_UNKNOWN, buttonState=0, metaState=0, flags=0x80000000, edgeFlags=0x0, pointerCount=1, historySize=0, eventTime=107890, downTime=107889, deviceId=0, source=0x1002 }
D/InputEventConsistencyVerifier(  380): KeyEvent: ACTION_UP but key was not down.
D/InputEventConsistencyVerifier(  380):   in com.android.systemui.statusbar.phone.StatusBarWindowView@b3e3b300
D/InputEventConsistencyVerifier(  380):   0: sent at 108228000000, KeyEvent { action=ACTION_UP, keyCode=KEYCODE_DPAD_CENTER, scanCode=0, metaState=0, flags=0x400, repeatCount=0, eventTime=108228, downTime=108228, deviceId=-1, source=0x101 }
D/InputEventConsistencyVerifier(  380):   -- recent events --
D/InputEventConsistencyVerifier(  380):   1: sent at 108006000000, (unhandled) MotionEvent { action=ACTION_UP, id[0]=0, x[0]=0.0, y[0]=0.0, toolType[0]=TOOL_TYPE_UNKNOWN, buttonState=0, metaState=0, flags=0x0, edgeFlags=0x0, pointerCount=1, historySize=0, eventTime=108006, downTime=107956, deviceId=0, source=0x10004 }
D/InputEventConsistencyVerifier(  380):   2: sent at 108003000000, (unhandled) MotionEvent { action=ACTION_DOWN, id[0]=0, x[0]=0.0, y[0]=0.0, toolType[0]=TOOL_TYPE_UNKNOWN, buttonState=0, metaState=0, flags=0x80000000, edgeFlags=0x0, pointerCount=1, historySize=0, eventTime=108003, downTime=107956, deviceId=0, source=0x10004 }
D/InputEventConsistencyVerifier(  380):   3: sent at 108001000000, (unhandled) MotionEvent { action=ACTION_MOVE, id[0]=0, x[0]=-1.0, y[0]=-1.0, toolType[0]=TOOL_TYPE_UNKNOWN, buttonState=0, metaState=0, flags=0x0, edgeFlags=0x0, pointerCount=1, historySize=2, eventTime=108001, downTime=-1, deviceId=0, source=0x10004 }
D/InputEventConsistencyVerifier(  380):   4: sent at 107932000000, MotionEvent { action=ACTION_UP, id[0]=0, x[0]=348.6743, y[0]=41.646767, toolType[0]=TOOL_TYPE_UNKNOWN, buttonState=0, metaState=0, flags=0x0, edgeFlags=0x0, pointerCount=1, historySize=0, eventTime=107932, downTime=107889, deviceId=0, source=0x1002 }
D/InputEventConsistencyVerifier(  380):   5: sent at 107930000000, MotionEvent { action=ACTION_POINTER_UP(1), id[0]=0, x[0]=348.6743, y[0]=41.646767, toolType[0]=TOOL_TYPE_UNKNOWN, id[1]=1, x[1]=451.0, y[1]=45.0, toolType[1]=TOOL_TYPE_UNKNOWN, buttonState=0, metaState=0, flags=0x0, edgeFlags=0x0, pointerCount=2, historySize=0, eventTime=107930, downTime=107889, deviceId=0, source=0x1002 }
W/dalvikvm(  380): DroidBox: { "FdAccess": { "path": "2f70726f632f6d656d696e666f", "id": "1287260752" } }
W/DroidBox(  380): DroidBox: { "FileRW": { "operation": "read", "data": "4d656d546f74616c3a202020202020202020373438393634206b420a4d656d467265653a20202020202020202020343433333634206b420a427566666572733a20202020202020202020202035343932206b420a4361636865643a202020202020202020", "id": "1287260752" } }
I/Choreographer( 1005): Skipped 30 frames!  The application may be doing too much work on its main thread.
I/Choreographer(  380): Skipped 85 frames!  The application may be doing too much work on its main thread.
W/dalvikvm(  380): DroidBox: { "FdAccess": { "path": "2f70726f632f6d656d696e666f", "id": "1206904973" } }
W/DroidBox(  380): DroidBox: { "FileRW": { "operation": "read", "data": "4d656d546f74616c3a202020202020202020373438393634206b420a4d656d467265653a20202020202020202020343433333634206b420a427566666572733a20202020202020202020202035343932206b420a4361636865643a202020202020202020", "id": "1206904973" } }
D/PhoneStatusBar(  380): disable: < expand icons alerts TICKER* system_info back home recent clock >
W/dalvikvm(  380): DroidBox: { "FdAccess": { "path": "2f70726f632f6d656d696e666f", "id": "1844920121" } }
W/DroidBox(  380): DroidBox: { "FileRW": { "operation": "read", "data": "4d656d546f74616c3a202020202020202020373438393634206b420a4d656d467265653a20202020202020202020343433333634206b420a427566666572733a20202020202020202020202035343932206b420a4361636865643a202020202020202020", "id": "1844920121" } }
W/dalvikvm(  380): DroidBox: { "FdAccess": { "path": "2f70726f632f6d656d696e666f", "id": "82198945" } }
W/DroidBox(  380): DroidBox: { "FileRW": { "operation": "read", "data": "4d656d546f74616c3a202020202020202020373438393634206b420a4d656d467265653a20202020202020202020343431373532206b420a427566666572733a20202020202020202020202035343932206b420a4361636865643a202020202020202020", "id": "82198945" } }
D/InputEventConsistencyVerifier(  380): KeyEvent: ACTION_UP but key was not down.
D/InputEventConsistencyVerifier(  380):   in com.android.systemui.statusbar.phone.StatusBarWindowView@b3e3b300
D/InputEventConsistencyVerifier(  380):   0: sent at 108386000000, KeyEvent { action=ACTION_UP, keyCode=KEYCODE_DPAD_UP, scanCode=0, metaState=0, flags=0x8, repeatCount=0, eventTime=108386, downTime=108386, deviceId=-1, source=0x101 }
D/InputEventConsistencyVerifier(  380):   -- recent events --
D/InputEventConsistencyVerifier(  380):   1: sent at 108337000000, (unhandled) KeyEvent { action=ACTION_UP, keyCode=KEYCODE_DPAD_UP, scanCode=0, metaState=0, flags=0x8, repeatCount=0, eventTime=108337, downTime=108337, deviceId=-1, source=0x101 }
D/InputEventConsistencyVerifier(  380):   2: sent at 108335000000, (unhandled) KeyEvent { action=ACTION_DOWN, keyCode=KEYCODE_DPAD_UP, scanCode=0, metaState=0, flags=0x8, repeatCount=0, eventTime=108335, downTime=108335, deviceId=-1, source=0x101 }
D/InputEventConsistencyVerifier(  380):   3: sent at 108331000000, (unhandled) KeyEvent { action=ACTION_UP, keyCode=KEYCODE_DPAD_RIGHT, scanCode=0, metaState=0, flags=0x8, repeatCount=0, eventTime=108331, downTime=108331, deviceId=-1, source=0x101 }
D/InputEventConsistencyVerifier(  380):   4: sent at 108324000000, (unhandled) KeyEvent { action=ACTION_DOWN, keyCode=KEYCODE_DPAD_RIGHT, scanCode=0, metaState=0, flags=0x8, repeatCount=0, eventTime=108324, downTime=108324, deviceId=-1, source=0x101 }
D/InputEventConsistencyVerifier(  380):   5: sent at 108314000000, (unhandled) KeyEvent { action=ACTION_UP, keyCode=KEYCODE_DPAD_LEFT, scanCode=0, metaState=0, flags=0x8, repeatCount=0, eventTime=108314, downTime=108314, deviceId=-1, source=0x101 }
I/ActivityManager(  222): START {act=android.intent.action.MAIN cat=[android.intent.category.HOME] flg=0x10200000 cmp=com.android.launcher/com.android.launcher2.Launcher u=0} from pid 222
D/InputEventConsistencyVerifier(  380): KeyEvent: ACTION_UP but key was not down.
D/InputEventConsistencyVerifier(  380):   in android.widget.FrameLayout@b3e0b380
D/InputEventConsistencyVerifier(  380):   0: sent at 108613000000, KeyEvent { action=ACTION_UP, keyCode=KEYCODE_DPAD_DOWN, scanCode=0, metaState=0, flags=0x8, repeatCount=0, eventTime=108613, downTime=108613, deviceId=-1, source=0x101 }
D/InputEventConsistencyVerifier(  380):   -- recent events --
D/InputEventConsistencyVerifier(  380):   1: sent at 105461000000, (unhandled) KeyEvent { action=ACTION_UP, keyCode=KEYCODE_DPAD_LEFT, scanCode=0, metaState=0, flags=0x8, repeatCount=0, eventTime=105461, downTime=105461, deviceId=-1, source=0x101 }
D/InputEventConsistencyVerifier(  380):   2: sent at 105377000000, (unhandled) KeyEvent { action=ACTION_DOWN, keyCode=KEYCODE_DPAD_LEFT, scanCode=0, metaState=0, flags=0x8, repeatCount=0, eventTime=105377, downTime=105377, deviceId=-1, source=0x101 }
D/InputEventConsistencyVerifier(  380):   3: sent at 105332000000, (unhandled) KeyEvent { action=ACTION_UP, keyCode=KEYCODE_DPAD_LEFT, scanCode=0, metaState=0, flags=0x8, repeatCount=0, eventTime=105332, downTime=105332, deviceId=-1, source=0x101 }
D/InputEventConsistencyVerifier(  380):   4: sent at 105321000000, (unhandled) KeyEvent { action=ACTION_DOWN, keyCode=KEYCODE_DPAD_LEFT, scanCode=0, metaState=0, flags=0x8, repeatCount=0, eventTime=105321, downTime=105321, deviceId=-1, source=0x101 }
D/InputEventConsistencyVerifier(  380):   5: sent at 105313000000, (unhandled) KeyEvent { action=ACTION_UP, keyCode=KEYCODE_MEDIA_STOP, scanCode=0, metaState=0, flags=0x8, repeatCount=0, eventTime=105313, downTime=105313, deviceId=-1, source=0x101 }
I/Choreographer(  380): Skipped 49 frames!  The application may be doing too much work on its main thread.
W/dalvikvm(  380): DroidBox: { "FdAccess": { "path": "2f70726f632f6d656d696e666f", "id": "97812188" } }
W/DroidBox(  380): DroidBox: { "FileRW": { "operation": "read", "data": "4d656d546f74616c3a202020202020202020373438393634206b420a4d656d467265653a20202020202020202020343431353034206b420a427566666572733a20202020202020202020202035343932206b420a4361636865643a202020202020202020", "id": "97812188" } }
W/dalvikvm(  380): DroidBox: { "FdAccess": { "path": "2f70726f632f6d656d696e666f", "id": "815620904" } }
W/DroidBox(  380): DroidBox: { "FileRW": { "operation": "read", "data": "4d656d546f74616c3a202020202020202020373438393634206b420a4d656d467265653a20202020202020202020343431333830206b420a427566666572733a20202020202020202020202035343932206b420a4361636865643a202020202020202020", "id": "815620904" } }
I/Choreographer(  380): Skipped 31 frames!  The application may be doing too much work on its main thread.
W/dalvikvm(  380): DroidBox: { "FdAccess": { "path": "2f70726f632f6d656d696e666f", "id": "241280343" } }
W/DroidBox(  380): DroidBox: { "FileRW": { "operation": "read", "data": "4d656d546f74616c3a202020202020202020373438393634206b420a4d656d467265653a20202020202020202020343431333830206b420a427566666572733a20202020202020202020202035343932206b420a4361636865643a202020202020202020", "id": "241280343" } }
W/dalvikvm(  380): DroidBox: { "FdAccess": { "path": "2f70726f632f6d656d696e666f", "id": "389134463" } }
W/DroidBox(  380): DroidBox: { "FileRW": { "operation": "read", "data": "4d656d546f74616c3a202020202020202020373438393634206b420a4d656d467265653a20202020202020202020343431333830206b420a427566666572733a20202020202020202020202035343932206b420a4361636865643a202020202020202020", "id": "389134463" } }
I/Choreographer(  380): Skipped 31 frames!  The application may be doing too much work on its main thread.
I/ActivityManager(  222): START {act=android.intent.action.MAIN cat=[android.intent.category.LAUNCHER] flg=0x10200000 cmp=com.FourCobblers.Free.PhoneLock/.PhoneLock u=0} from pid 987
W/dalvikvm(  380): DroidBox: { "FdAccess": { "path": "2f70726f632f6d656d696e666f", "id": "1034556750" } }
W/DroidBox(  380): DroidBox: { "FileRW": { "operation": "read", "data": "4d656d546f74616c3a202020202020202020373438393634206b420a4d656d467265653a20202020202020202020343431333830206b420a427566666572733a20202020202020202020202035343932206b420a4361636865643a202020202020202020", "id": "1034556750" } }
I/InputDispatcher(  222): Dropped event because of pending overdue app switch.
W/InputManager(  222): Input event injection from pid 987 failed.
I/Choreographer(  380): Skipped 52 frames!  The application may be doing too much work on its main thread.
W/dalvikvm(  380): DroidBox: { "FdAccess": { "path": "2f70726f632f6d656d696e666f", "id": "1051821763" } }
W/DroidBox(  380): DroidBox: { "FileRW": { "operation": "read", "data": "4d656d546f74616c3a202020202020202020373438393634206b420a4d656d467265653a20202020202020202020343431323536206b420a427566666572733a20202020202020202020202035343932206b420a4361636865643a202020202020202020", "id": "1051821763" } }
V/PhoneStatusBar(  380): setLightsOn(true)
D/PhoneStatusBar(  380): disable: < expand icons alerts ticker* system_info back home recent clock >
W/InputMethodManagerService(  222): Window already focused, ignoring focus gain of: com.android.internal.view.IInputMethodClient$Stub$Proxy@b41923e8 attribute=null
D/InputEventConsistencyVerifier( 1005): KeyEvent: ACTION_UP but key was not down.
D/InputEventConsistencyVerifier( 1005):   in android.view.ViewRootImpl@b3e55758
D/InputEventConsistencyVerifier( 1005):   0: sent at 109276000000, KeyEvent { action=ACTION_UP, keyCode=KEYCODE_DPAD_DOWN, scanCode=0, metaState=0, flags=0x8, repeatCount=0, eventTime=109276, downTime=109276, deviceId=-1, source=0x101 }
D/InputEventConsistencyVerifier( 1005):   -- recent events --
D/InputEventConsistencyVerifier( 1005):   1: sent at 107969000000, MotionEvent { action=ACTION_MOVE, id[0]=0, x[0]=0.0, y[0]=-1.0, toolType[0]=TOOL_TYPE_UNKNOWN, buttonState=0, metaState=0, flags=0x0, edgeFlags=0x0, pointerCount=1, historySize=6, eventTime=107969, downTime=-1, deviceId=0, source=0x10004 }
D/InputEventConsistencyVerifier( 1005):   2: sent at 107950000000, MotionEvent { action=ACTION_UP, id[0]=0, x[0]=277.0, y[0]=312.0, toolType[0]=TOOL_TYPE_UNKNOWN, buttonState=0, metaState=0, flags=0x0, edgeFlags=0x0, pointerCount=1, historySize=0, eventTime=107950, downTime=107938, deviceId=0, source=0x1002 }
D/InputEventConsistencyVerifier( 1005):   3: sent at 107938000000, MotionEvent { action=ACTION_DOWN, id[0]=0, x[0]=280.0, y[0]=321.0, toolType[0]=TOOL_TYPE_UNKNOWN, buttonState=0, metaState=0, flags=0x0, edgeFlags=0x0, pointerCount=1, historySize=0, eventTime=107938, downTime=107938, deviceId=0, source=0x1002 }
D/InputEventConsistencyVerifier( 1005):   4: sent at 107675000000, KeyEvent { action=ACTION_UP, keyCode=KEYCODE_S, scanCode=0, metaState=0, flags=0x8, repeatCount=0, eventTime=107675, downTime=107675, deviceId=-1, source=0x101 }
D/InputEventConsistencyVerifier( 1005):   5: sent at 107611000000, KeyEvent { action=ACTION_DOWN, keyCode=KEYCODE_S, scanCode=0, metaState=0, flags=0x8, repeatCount=0, eventTime=107611, downTime=107611, deviceId=-1, source=0x101 }
I/Choreographer(  433): Skipped 331 frames!  The application may be doing too much work on its main thread.
E/WVMExtractor(   62): Failed to open libwvm.so
E/WVMExtractor(   62): Failed to open libwvm.so
I/InputAttributes(  433): InputType.TYPE_NULL is specified
D/InputEventConsistencyVerifier( 1005): KeyEvent: ACTION_UP but key was not down.
D/InputEventConsistencyVerifier( 1005):   in android.widget.LinearLayout@b3e27220
D/InputEventConsistencyVerifier( 1005):   0: sent at 109689000000, KeyEvent { action=ACTION_UP, keyCode=KEYCODE_DPAD_DOWN, scanCode=0, metaState=0, flags=0x400, repeatCount=0, eventTime=109689, downTime=109689, deviceId=-1, source=0x101 }
D/InputEventConsistencyVerifier( 1005):   -- recent events --
D/InputEventConsistencyVerifier( 1005):   1: sent at 107675000000, (unhandled) KeyEvent { action=ACTION_UP, keyCode=KEYCODE_S, scanCode=0, metaState=0, flags=0x8, repeatCount=0, eventTime=107675, downTime=107675, deviceId=-1, source=0x101 }
D/InputEventConsistencyVerifier( 1005):   2: sent at 107611000000, (unhandled) KeyEvent { action=ACTION_DOWN, keyCode=KEYCODE_S, scanCode=0, metaState=0, flags=0x8, repeatCount=0, eventTime=107611, downTime=107611, deviceId=-1, source=0x101 }
D/InputEventConsistencyVerifier( 1005):   3: sent at 107526000000, (unhandled) KeyEvent { action=ACTION_UP, keyCode=KEYCODE_DPAD_LEFT, scanCode=0, metaState=0, flags=0x8, repeatCount=0, eventTime=107526, downTime=107526, deviceId=-1, source=0x101 }
D/InputEventConsistencyVerifier( 1005):   4: sent at 107486000000, (unhandled) KeyEvent { action=ACTION_DOWN, keyCode=KEYCODE_DPAD_LEFT, scanCode=0, metaState=0, flags=0x8, repeatCount=0, eventTime=107486, downTime=107486, deviceId=-1, source=0x101 }
D/InputEventConsistencyVerifier( 1005):   5: sent at 106273000000, (unhandled) KeyEvent { action=ACTION_UP, keyCode=KEYCODE_DPAD_DOWN, scanCode=0, metaState=0, flags=0x8, repeatCount=0, eventTime=106273, downTime=106273, deviceId=-1, source=0x101 }
I/Choreographer(  433): Skipped 47 frames!  The application may be doing too much work on its main thread.
E/WVMExtractor(   62): Failed to open libwvm.so
E/WVMExtractor(   62): Failed to open libwvm.so
I/ActivityManager(  222): START {act=android.intent.action.CALL_BUTTON flg=0x10000000 cmp=com.android.contacts/.activities.DialtactsActivity u=0} from pid 1005
W/dalvikvm( 1079): DroidBox: { "FdAccess": { "path": "2f646174612f646174612f636f6d2e616e64726f69642e6d757369632f7368617265645f70726566732f4d757369632e786d6c", "id": "306099023" } }
W/DroidBox( 1079): DroidBox: { "FileRW": { "operation": "write", "data": "3c3f786d6c2076657273696f6e3d27312e302720656e636f64696e673d277574662d3827207374616e64616c6f6e653d2779657327203f3e0a3c6d61703e0a3c737472696e67206e616d653d227175657565223e3c2f737472696e673e0a3c696e74206e", "id": "306099023" } }
I/Choreographer( 1005): Skipped 50 frames!  The application may be doing too much work on its main thread.
D/InputEventConsistencyVerifier( 1005): TrackballEvent: Trackball is down but pressure is not greater than 0.
D/InputEventConsistencyVerifier( 1005):   in android.view.ViewRootImpl@b3e55758
D/InputEventConsistencyVerifier( 1005):   0: sent at 110469000000, MotionEvent { action=ACTION_DOWN, id[0]=0, x[0]=0.0, y[0]=0.0, toolType[0]=TOOL_TYPE_UNKNOWN, buttonState=0, metaState=0, flags=0x0, edgeFlags=0x0, pointerCount=1, historySize=0, eventTime=110469, downTime=110416, deviceId=0, source=0x10004 }
D/InputEventConsistencyVerifier( 1005):   -- recent events --
D/InputEventConsistencyVerifier( 1005):   1: sent at 110463000000, MotionEvent { action=ACTION_MOVE, id[0]=0, x[0]=-3.0, y[0]=0.0, toolType[0]=TOOL_TYPE_UNKNOWN, buttonState=0, metaState=0, flags=0x0, edgeFlags=0x0, pointerCount=1, historySize=6, eventTime=110463, downTime=-1, deviceId=0, source=0x10004 }
D/InputEventConsistencyVerifier( 1005):   2: sent at 110432000000, MotionEvent { action=ACTION_MOVE, id[0]=0, x[0]=2.0, y[0]=3.0, toolType[0]=TOOL_TYPE_UNKNOWN, buttonState=0, metaState=0, flags=0x0, edgeFlags=0x0, pointerCount=1, historySize=2, eventTime=110432, downTime=-1, deviceId=0, source=0x10004 }
D/InputEventConsistencyVerifier( 1005):   3: sent at 110379000000, KeyEvent { action=ACTION_UP, keyCode=KEYCODE_DPAD_CENTER, scanCode=0, metaState=0, flags=0x8, repeatCount=0, eventTime=110379, downTime=110379, deviceId=-1, source=0x101 }
D/InputEventConsistencyVerifier( 1005):   4: sent at 110286000000, KeyEvent { action=ACTION_DOWN, keyCode=KEYCODE_DPAD_CENTER, scanCode=0, metaState=0, flags=0x8, repeatCount=0, eventTime=110286, downTime=110286, deviceId=-1, source=0x101 }
D/InputEventConsistencyVerifier( 1005):   5: sent at 110247000000, KeyEvent { action=ACTION_UP, keyCode=KEYCODE_CALL, scanCode=0, metaState=0, flags=0x8, repeatCount=0, eventTime=110247, downTime=110247, deviceId=-1, source=0x101 }
I/Choreographer( 1005): Skipped 45 frames!  The application may be doing too much work on its main thread.
I/Choreographer(  433): Skipped 157 frames!  The application may be doing too much work on its main thread.
E/WVMExtractor(   62): Failed to open libwvm.so
I/Choreographer(  433): Skipped 78 frames!  The application may be doing too much work on its main thread.
I/InputAttributes(  433): InputType.TYPE_NULL is specified
D/InputEventConsistencyVerifier( 1005): KeyEvent: ACTION_UP but key was not down.
D/InputEventConsistencyVerifier( 1005):   in android.widget.LinearLayout@b3e27220
D/InputEventConsistencyVerifier( 1005):   0: sent at 110649000000, KeyEvent { action=ACTION_UP, keyCode=KEYCODE_DPAD_DOWN, scanCode=0, metaState=0, flags=0x400, repeatCount=0, eventTime=110649, downTime=110649, deviceId=-1, source=0x101 }
D/InputEventConsistencyVerifier( 1005):   -- recent events --
D/InputEventConsistencyVerifier( 1005):   1: sent at 110379000000, KeyEvent { action=ACTION_UP, keyCode=KEYCODE_DPAD_CENTER, scanCode=0, metaState=0, flags=0x8, repeatCount=0, eventTime=110379, downTime=110379, deviceId=-1, source=0x101 }
D/InputEventConsistencyVerifier( 1005):   2: sent at 110286000000, KeyEvent { action=ACTION_DOWN, keyCode=KEYCODE_DPAD_CENTER, scanCode=0, metaState=0, flags=0x8, repeatCount=0, eventTime=110286, downTime=110286, deviceId=-1, source=0x101 }
D/InputEventConsistencyVerifier( 1005):   3: sent at 110247000000, (unhandled) KeyEvent { action=ACTION_UP, keyCode=KEYCODE_CALL, scanCode=0, metaState=0, flags=0x8, repeatCount=0, eventTime=110247, downTime=110247, deviceId=-1, source=0x101 }
D/InputEventConsistencyVerifier( 1005):   4: sent at 110221000000, (unhandled) KeyEvent { action=ACTION_DOWN, keyCode=KEYCODE_CALL, scanCode=0, metaState=0, flags=0x8, repeatCount=0, eventTime=110221, downTime=110221, deviceId=-1, source=0x101 }
D/InputEventConsistencyVerifier( 1005):   5: sent at 110212000000, (unhandled) KeyEvent { action=ACTION_UP, keyCode=KEYCODE_STB_POWER, scanCode=0, metaState=0, flags=0x8, repeatCount=0, eventTime=110212, downTime=110212, deviceId=-1, source=0x101 }
I/Choreographer(  433): Skipped 119 frames!  The application may be doing too much work on its main thread.
W/BackupManagerService(  222): dataChanged but no participant pkg='com.android.providers.settings' uid=1001
E/WVMExtractor(   62): Failed to open libwvm.so
I/InputDispatcher(  222): Window 'Window{b3fd5138 com.FourCobblers.Free.PhoneLock/com.FourCobblers.Free.PhoneLock.PhoneLock paused=false}' spent 2686.4ms processing the last input event: KeyEvent(action=0, deviceId=-1, source=0x00000101)
I/InputAttributes(  433): InputType.TYPE_NULL is specified
D/InputEventConsistencyVerifier( 1005): KeyEvent: ACTION_UP but key was not down.
D/InputEventConsistencyVerifier( 1005):   in android.widget.Button@b3e3cc90
D/InputEventConsistencyVerifier( 1005):   0: sent at 113771000000, KeyEvent { action=ACTION_UP, keyCode=KEYCODE_DPAD_RIGHT, scanCode=0, metaState=0, flags=0x8, repeatCount=0, eventTime=113771, downTime=113771, deviceId=-1, source=0x101 }
D/InputEventConsistencyVerifier( 1005):   -- recent events --
D/InputEventConsistencyVerifier( 1005):   1: sent at 107486000000, (unhandled) KeyEvent { action=ACTION_DOWN, keyCode=KEYCODE_DPAD_LEFT, scanCode=0, metaState=0, flags=0x8, repeatCount=0, eventTime=107486, downTime=107486, deviceId=-1, source=0x101 }
D/InputEventConsistencyVerifier( 1005):   2: sent at 106273000000, (unhandled) KeyEvent { action=ACTION_UP, keyCode=KEYCODE_DPAD_DOWN, scanCode=0, metaState=0, flags=0x8, repeatCount=0, eventTime=106273, downTime=106273, deviceId=-1, source=0x101 }
D/InputEventConsistencyVerifier( 1005):   3: sent at 106088000000, (unhandled) KeyEvent { action=ACTION_DOWN, keyCode=KEYCODE_DPAD_DOWN, scanCode=0, metaState=0, flags=0x8, repeatCount=0, eventTime=106088, downTime=106088, deviceId=-1, source=0x101 }
D/InputEventConsistencyVerifier( 1005):   4: sent at 106267000000, (unhandled) KeyEvent { action=ACTION_UP, keyCode=KEYCODE_DPAD_RIGHT, scanCode=0, metaState=0, flags=0x400, repeatCount=0, eventTime=106267, downTime=106267, deviceId=-1, source=0x101 }
D/InputEventConsistencyVerifier( 1005):   5: sent at 106267000000, (unhandled) KeyEvent { action=ACTION_DOWN, keyCode=KEYCODE_DPAD_RIGHT, scanCode=0, metaState=0, flags=0x400, repeatCount=0, eventTime=106267, downTime=106267, deviceId=-1, source=0x101 }
I/Choreographer(  433): Skipped 64 frames!  The application may be doing too much work on its main thread.
E/WVMExtractor(   62): Failed to open libwvm.so
D/InputEventConsistencyVerifier( 1005): KeyEvent: ACTION_UP but key was not down.
D/InputEventConsistencyVerifier( 1005):   in android.widget.Button@b3e27a68
D/InputEventConsistencyVerifier( 1005):   0: sent at 114293000000, KeyEvent { action=ACTION_UP, keyCode=KEYCODE_DPAD_LEFT, scanCode=0, metaState=0, flags=0x400, repeatCount=0, eventTime=114293, downTime=114293, deviceId=-1, source=0x101 }
D/InputEventConsistencyVerifier( 1005):   -- recent events --
D/InputEventConsistencyVerifier( 1005):   1: sent at 113612000000, (unhandled) KeyEvent { action=ACTION_DOWN, keyCode=KEYCODE_DPAD_RIGHT, scanCode=0, metaState=0, flags=0x8, repeatCount=0, eventTime=113612, downTime=113612, deviceId=-1, source=0x101 }
D/InputEventConsistencyVerifier( 1005):   2: sent at 113489000000, KeyEvent { action=ACTION_UP, keyCode=KEYCODE_DPAD_CENTER, scanCode=0, metaState=0, flags=0x8, repeatCount=0, eventTime=113489, downTime=113489, deviceId=-1, source=0x101 }
D/InputEventConsistencyVerifier( 1005):   3: sent at 113489000000, (unhandled) KeyEvent { action=ACTION_UP, keyCode=KEYCODE_BUTTON_THUMBL, scanCode=0, metaState=0, flags=0x8, repeatCount=0, eventTime=113489, downTime=113489, deviceId=-1, source=0x101 }
D/InputEventConsistencyVerifier( 1005):   4: sent at 113392000000, KeyEvent { action=ACTION_DOWN, keyCode=KEYCODE_DPAD_CENTER, scanCode=0, metaState=0, flags=0x8, repeatCount=0, eventTime=113392, downTime=113392, deviceId=-1, source=0x101 }
D/InputEventConsistencyVerifier( 1005):   5: sent at 113392000000, (unhandled) KeyEvent { action=ACTION_DOWN, keyCode=KEYCODE_BUTTON_THUMBL, scanCode=0, metaState=0, flags=0x8, repeatCount=0, eventTime=113392, downTime=113392, deviceId=-1, source=0x101 }
E/WVMExtractor(   62): Failed to open libwvm.so
I/InputAttributes(  433): InputType.TYPE_NULL is specified
I/Choreographer(  433): Skipped 41 frames!  The application may be doing too much work on its main thread.
E/WVMExtractor(   62): Failed to open libwvm.so
E/WVMExtractor(   62): Failed to open libwvm.so
I/ActivityManager(  222): START {act=android.intent.action.MAIN cat=[android.intent.category.LAUNCHER] flg=0x10200000 cmp=com.FourCobblers.Free.PhoneLock/.PhoneLock u=0} from pid 987
E/WVMExtractor(   62): Failed to open libwvm.so
E/WVMExtractor(   62): Failed to open libwvm.so
I/Choreographer( 1005): Skipped 47 frames!  The application may be doing too much work on its main thread.
I/Choreographer( 1005): Skipped 41 frames!  The application may be doing too much work on its main thread.
V/PhoneStatusBar(  380): setLightsOn(true)
I/Choreographer( 1005): Skipped 105 frames!  The application may be doing too much work on its main thread.
W/InputMethodManagerService(  222): Window already focused, ignoring focus gain of: com.android.internal.view.IInputMethodClient$Stub$Proxy@b3f85ea8 attribute=android.view.inputmethod.EditorInfo@b3f713b8
I/InputAttributes(  433): InputType.TYPE_NULL is specified
I/Choreographer( 1005): Skipped 82 frames!  The application may be doing too much work on its main thread.
I/Choreographer(  433): Skipped 70 frames!  The application may be doing too much work on its main thread.
D/InputEventConsistencyVerifier( 1005): KeyEvent: ACTION_UP but key was not down.
D/InputEventConsistencyVerifier( 1005):   in com.android.internal.policy.impl.PhoneWindow$DecorView@b3e06f20
D/InputEventConsistencyVerifier( 1005):   0: sent at 116469000000, KeyEvent { action=ACTION_UP, keyCode=KEYCODE_DPAD_RIGHT, scanCode=0, metaState=0, flags=0x8, repeatCount=0, eventTime=116469, downTime=116469, deviceId=-1, source=0x101 }
D/InputEventConsistencyVerifier( 1005):   -- recent events --
D/InputEventConsistencyVerifier( 1005):   1: sent at 116387000000, (unhandled) MotionEvent { action=ACTION_MOVE, id[0]=0, x[0]=-1.0, y[0]=0.0, toolType[0]=TOOL_TYPE_UNKNOWN, buttonState=0, metaState=0, flags=0x0, edgeFlags=0x0, pointerCount=1, historySize=4, eventTime=116387, downTime=-1, deviceId=0, source=0x10004 }
D/InputEventConsistencyVerifier( 1005):   2: sent at 115307000000, (unhandled) MotionEvent { action=ACTION_UP, id[0]=0, x[0]=1.0, y[0]=331.0, toolType[0]=TOOL_TYPE_UNKNOWN, buttonState=0, metaState=0, flags=0x0, edgeFlags=0x0, pointerCount=1, historySize=0, eventTime=115307, downTime=115267, deviceId=0, source=0x1002 }
D/InputEventConsistencyVerifier( 1005):   3: sent at 115306000000, (unhandled) MotionEvent { action=ACTION_MOVE, id[0]=0, x[0]=1.0, y[0]=329.0, toolType[0]=TOOL_TYPE_UNKNOWN, buttonState=0, metaState=0, flags=0x0, edgeFlags=0x0, pointerCount=1, historySize=4, eventTime=115306, downTime=115267, deviceId=0, source=0x1002 }
D/InputEventConsistencyVerifier( 1005):   4: sent at 115268000000, (unhandled) MotionEvent { action=ACTION_DOWN, id[0]=0, x[0]=5.0, y[0]=303.0, toolType[0]=TOOL_TYPE_UNKNOWN, buttonState=0, metaState=0, flags=0x0, edgeFlags=0x0, pointerCount=1, historySize=0, eventTime=115268, downTime=115267, deviceId=0, source=0x1002 }
D/InputEventConsistencyVerifier( 1005):   5: sent at 115204000000, (unhandled) KeyEvent { action=ACTION_UP, keyCode=KEYCODE_MENU, scanCode=0, metaState=0, flags=0x8, repeatCount=0, eventTime=115204, downTime=115204, deviceId=-1, source=0x101 }
I/Choreographer(  433): Skipped 76 frames!  The application may be doing too much work on its main thread.
W/dalvikvm(  222): DroidBox: { "FdAccess": { "path": "2f70726f632f313037392f636d646c696e65", "id": "1045388175" } }
W/DroidBox(  222): DroidBox: { "FileRW": { "operation": "read", "data": "636f6d2e616e64726f69642e6d75736963000000000000000000000000000000000000000000000000000000000000000000000000000000000000000000000000000000000000000000000062383361326134333365326431386535623338642e61706b", "id": "1045388175" } }
I/Choreographer(  433): Skipped 115 frames!  The application may be doing too much work on its main thread.
E/WVMExtractor(   62): Failed to open libwvm.so
I/ActivityManager(  222): START {act=android.intent.action.MAIN cat=[android.intent.category.HOME] flg=0x10200000 cmp=com.android.launcher/com.android.launcher2.Launcher u=0} from pid 222
I/Choreographer( 1005): Skipped 38 frames!  The application may be doing too much work on its main thread.
I/ActivityManager(  222): START {act=android.intent.action.MAIN cat=[android.intent.category.LAUNCHER] flg=0x10200000 cmp=com.FourCobblers.Free.PhoneLock/.PhoneLock u=0} from pid 987
V/PhoneStatusBar(  380): setLightsOn(true)
D/InputEventConsistencyVerifier( 1005): KeyEvent: ACTION_UP but key was not down.
D/InputEventConsistencyVerifier( 1005):   in android.view.ViewRootImpl@b3e55758
D/InputEventConsistencyVerifier( 1005):   0: sent at 118930000000, KeyEvent { action=ACTION_UP, keyCode=KEYCODE_DPAD_CENTER, scanCode=0, metaState=0, flags=0x8, repeatCount=0, eventTime=118930, downTime=118930, deviceId=-1, source=0x101 }
D/InputEventConsistencyVerifier( 1005):   -- recent events --
D/InputEventConsistencyVerifier( 1005):   1: sent at 117970000000, KeyEvent { action=ACTION_UP, keyCode=KEYCODE_MENU, scanCode=0, metaState=0, flags=0x8, repeatCount=0, eventTime=117970, downTime=117970, deviceId=-1, source=0x101 }
D/InputEventConsistencyVerifier( 1005):   2: sent at 117823000000, KeyEvent { action=ACTION_DOWN, keyCode=KEYCODE_MENU, scanCode=0, metaState=0, flags=0x8, repeatCount=0, eventTime=117823, downTime=117823, deviceId=-1, source=0x101 }
D/InputEventConsistencyVerifier( 1005):   3: sent at 117091000000, KeyEvent { action=ACTION_UP, keyCode=KEYCODE_DPAD_DOWN, scanCode=0, metaState=0, flags=0x8, repeatCount=0, eventTime=117091, downTime=117091, deviceId=-1, source=0x101 }
D/InputEventConsistencyVerifier( 1005):   4: sent at 116832000000, KeyEvent { action=ACTION_DOWN, keyCode=KEYCODE_DPAD_DOWN, scanCode=0, metaState=0, flags=0x8, repeatCount=0, eventTime=116832, downTime=116832, deviceId=-1, source=0x101 }
D/InputEventConsistencyVerifier( 1005):   5: sent at 116469000000, KeyEvent { action=ACTION_UP, keyCode=KEYCODE_DPAD_RIGHT, scanCode=0, metaState=0, flags=0x8, repeatCount=0, eventTime=116469, downTime=116469, deviceId=-1, source=0x101 }
I/Choreographer( 1005): Skipped 76 frames!  The application may be doing too much work on its main thread.
I/ActivityManager(  222): START {act=android.intent.action.MAIN cat=[android.intent.category.LAUNCHER] flg=0x10200000 cmp=com.FourCobblers.Free.PhoneLock/.PhoneLock u=0} from pid 987
E/WVMExtractor(   62): Failed to open libwvm.so
W/InputMethodManagerService(  222): Window already focused, ignoring focus gain of: com.android.internal.view.IInputMethodClient$Stub$Proxy@b3f58e98 attribute=null
I/Choreographer( 1005): Skipped 39 frames!  The application may be doing too much work on its main thread.
I/InputAttributes(  433): InputType.TYPE_NULL is specified
D/InputEventConsistencyVerifier( 1005): KeyEvent: ACTION_UP but key was not down.
D/InputEventConsistencyVerifier( 1005):   in android.widget.LinearLayout@b3e27220
D/InputEventConsistencyVerifier( 1005):   0: sent at 119313000000, KeyEvent { action=ACTION_UP, keyCode=KEYCODE_DPAD_RIGHT, scanCode=0, metaState=0, flags=0x400, repeatCount=0, eventTime=119313, downTime=119313, deviceId=-1, source=0x101 }
D/InputEventConsistencyVerifier( 1005):   -- recent events --
D/InputEventConsistencyVerifier( 1005):   1: sent at 115204000000, (unhandled) KeyEvent { action=ACTION_UP, keyCode=KEYCODE_MENU, scanCode=0, metaState=0, flags=0x8, repeatCount=0, eventTime=115204, downTime=115204, deviceId=-1, source=0x101 }
D/InputEventConsistencyVerifier( 1005):   2: sent at 115076000000, (unhandled) KeyEvent { action=ACTION_DOWN, keyCode=KEYCODE_MENU, scanCode=0, metaState=0, flags=0x8, repeatCount=0, eventTime=115076, downTime=115076, deviceId=-1, source=0x101 }
D/InputEventConsistencyVerifier( 1005):   3: sent at 115034000000, KeyEvent { action=ACTION_UP, keyCode=KEYCODE_DPAD_CENTER, scanCode=0, metaState=0, flags=0x8, repeatCount=0, eventTime=115034, downTime=115034, deviceId=-1, source=0x101 }
D/InputEventConsistencyVerifier( 1005):   4: sent at 115006000000, KeyEvent { action=ACTION_DOWN, keyCode=KEYCODE_DPAD_CENTER, scanCode=0, metaState=0, flags=0x8, repeatCount=0, eventTime=115006, downTime=115006, deviceId=-1, source=0x101 }
D/InputEventConsistencyVerifier( 1005):   5: sent at 114958000000, (unhandled) KeyEvent { action=ACTION_UP, keyCode=KEYCODE_DEL, scanCode=0, metaState=0, flags=0x8, repeatCount=0, eventTime=114958, downTime=114958, deviceId=-1, source=0x101 }
D/webviewglue( 1005): nativeDestroy view: 0xb7a758e0
I/Choreographer(  433): Skipped 173 frames!  The application may be doing too much work on its main thread.
