W/DroidBox( 1017): DroidBox: { "FileRW": { "operation": "write", "data": "3c3f786d6c2076657273696f6e3d27312e302720656e636f64696e673d277574662d3827207374616e64616c6f6e653d2779657327203f3e0a3c6d61703e0a3c737472696e67206e616d653d2264656661756c7470616e656c7061636b616765223e636f", "id": "111613824" } }
I/ActivityManager(  227): No longer want com.android.provision (pid 576): hidden #16
E/WVMExtractor(   62): Failed to open libwvm.so
E/WVMExtractor(   62): Failed to open libwvm.so
E/WVMExtractor(   62): Failed to open libwvm.so
E/WVMExtractor(   62): Failed to open libwvm.so
E/WVMExtractor(   62): Failed to open libwvm.so
E/WVMExtractor(   62): Failed to open libwvm.so
E/WVMExtractor(   62): Failed to open libwvm.so
E/WVMExtractor(   62): Failed to open libwvm.so
E/WVMExtractor(   62): Failed to open libwvm.so
E/WVMExtractor(   62): Failed to open libwvm.so
E/WVMExtractor(   62): Failed to open libwvm.so
E/WVMExtractor(   62): Failed to open libwvm.so
E/WVMExtractor(   62): Failed to open libwvm.so
E/WVMExtractor(   62): Failed to open libwvm.so
E/WVMExtractor(   62): Failed to open libwvm.so
E/WVMExtractor(   62): Failed to open libwvm.so
E/WVMExtractor(   62): Failed to open libwvm.so
E/WVMExtractor(   62): Failed to open libwvm.so
E/WVMExtractor(   62): Failed to open libwvm.so
W/dalvikvm(  227): DroidBox: { "FdAccess": { "path": "2f70726f632f313033322f636d646c696e65", "id": "180021490" } }
W/DroidBox(  227): DroidBox: { "FileRW": { "operation": "read", "data": "70726f6372616e6b0069642e6d75736963667800000000000000000000000000000000000000000000000000000000000000000000000000000000000000000000000000000000000000000031643465373362316365653133366135393431312e61706b", "id": "180021490" } }
W/dalvikvm(  227): DroidBox: { "FdAccess": { "path": "2f70726f632f313033332f636d646c696e65", "id": "1836572161" } }
W/DroidBox(  227): DroidBox: { "FileRW": { "operation": "read", "data": "636f6d2e73766f782e7069636f00000000000000000000000000000000000000000000000000000000000000000000000000000000000000000000000000000000000000000000000000000031643465373362316365653133366135393431312e61706b", "id": "1836572161" } }
E/WVMExtractor(   62): Failed to open libwvm.so
E/WVMExtractor(   62): Failed to open libwvm.so
E/WVMExtractor(   62): Failed to open libwvm.so
E/WVMExtractor(   62): Failed to open libwvm.so
E/WVMExtractor(   62): Failed to open libwvm.so
E/WVMExtractor(   62): Failed to open libwvm.so
E/WVMExtractor(   62): Failed to open libwvm.so
E/WVMExtractor(   62): Failed to open libwvm.so
E/WVMExtractor(   62): Failed to open libwvm.so
E/WVMExtractor(   62): Failed to open libwvm.so
E/WVMExtractor(   62): Failed to open libwvm.so
E/WVMExtractor(   62): Failed to open libwvm.so
E/WVMExtractor(   62): Failed to open libwvm.so
E/WVMExtractor(   62): Failed to open libwvm.so
E/WVMExtractor(   62): Failed to open libwvm.so
E/WVMExtractor(   62): Failed to open libwvm.so
D/PackageManager(  227): generateServicesMap(android.accounts.AccountAuthenticator): 2 services unchanged
D/PackageManager(  227): generateServicesMap(android.content.SyncAdapter): 4 services unchanged
I/InputReader(  227): Reconfiguring input devices.  changes=0x00000010
I/AccountTypeManager(  688): Loaded meta-data for 1 account types, 0 accounts in 54ms(wall) 0ms(cpu)
W/dalvikvm(  870): DroidBox: { "FdAccess": { "path": "2f646174612f646174612f636f6d2e616e64726f69642e67616c6c65727933642f7368617265645f70726566732f636f6d2e616e64726f69642e67616c6c65727933645f707265666572656e6365732e786d6c", "id": "68591350" } }
W/DroidBox(  870): DroidBox: { "FileRW": { "operation": "write", "data": "3c3f786d6c2076657273696f6e3d27312e302720656e636f64696e673d277574662d3827207374616e64616c6f6e653d2779657327203f3e0a3c6d61703e0a3c696e74206e616d653d227061636b616765732d76657273696f6e222076616c75653d2238", "id": "68591350" } }
W/dalvikvm(  947): DroidBox: { "FdAccess": { "path": "706970653a5b343935305d", "id": "602957169" } }
W/DroidBox(  947): DroidBox: { "FileRW": { "operation": "read", "data": "20205049442020202020205673732020202020205273732020202020205073732020202020205573732020636d646c696e650a202032323720202035353937364b20202035353836384b20202032353037374b20202032323133324b202073797374656d", "id": "602957169" } }
E/WVMExtractor(   62): Failed to open libwvm.so
W/dalvikvm(  947): DroidBox: { "FdAccess": { "path": "706970653a5b343935305d", "id": "1796430855" } }
W/DroidBox(  947): DroidBox: { "FileRW": { "operation": "read", "data": "00000000000000000000000000000000000000000000000000000000000000000000000000000000000000000000000000000000000000000000000000000000000000000000000000000000000000000000000000000000000000000000000000000000", "id": "1796430855" } }
E/WVMExtractor(   62): Failed to open libwvm.so
E/WVMExtractor(   62): Failed to open libwvm.so
E/WVMExtractor(   62): Failed to open libwvm.so
E/WVMExtractor(   62): Failed to open libwvm.so
W/ActivityManager(  227): Timeout executing service: ServiceRecord{b40f7c10 com.jackeey.eWallpapers.love/com.jackeey.eWallpapers.DealUserIdService}
I/ActivityManager(  227): Skipping duplicate ANR: ProcessRecord{b4062738 965:com.jackeey.eWallpapers.love/u0a50} Executing service com.jackeey.eWallpapers.love/com.jackeey.eWallpapers.DealUserIdService
E/WVMExtractor(   62): Failed to open libwvm.so
E/WVMExtractor(   62): Failed to open libwvm.so
E/WVMExtractor(   62): Failed to open libwvm.so
E/WVMExtractor(   62): Failed to open libwvm.so
E/WVMExtractor(   62): Failed to open libwvm.so
E/WVMExtractor(   62): Failed to open libwvm.so
E/WVMExtractor(   62): Failed to open libwvm.so
E/WVMExtractor(   62): Failed to open libwvm.so
E/WVMExtractor(   62): Failed to open libwvm.so
E/WVMExtractor(   62): Failed to open libwvm.so
E/WVMExtractor(   62): Failed to open libwvm.so
E/WVMExtractor(   62): Failed to open libwvm.so
E/WVMExtractor(   62): Failed to open libwvm.so
E/WVMExtractor(   62): Failed to open libwvm.so
E/WVMExtractor(   62): Failed to open libwvm.so
E/WVMExtractor(   62): Failed to open libwvm.so
E/WVMExtractor(   62): Failed to open libwvm.so
E/WVMExtractor(   62): Failed to open libwvm.so
E/WVMExtractor(   62): Failed to open libwvm.so
E/WVMExtractor(   62): Failed to open libwvm.so
E/WVMExtractor(   62): Failed to open libwvm.so
E/WVMExtractor(   62): Failed to open libwvm.so
E/WVMExtractor(   62): Failed to open libwvm.so
E/WVMExtractor(   62): Failed to open libwvm.so
E/WVMExtractor(   62): Failed to open libwvm.so
E/WVMExtractor(   62): Failed to open libwvm.so
E/WVMExtractor(   62): Failed to open libwvm.so
E/WVMExtractor(   62): Failed to open libwvm.so
E/WVMExtractor(   62): Failed to open libwvm.so
E/WVMExtractor(   62): Failed to open libwvm.so
E/WVMExtractor(   62): Failed to open libwvm.so
W/BackupManagerService(  227): dataChanged but no participant pkg='com.android.providers.settings' uid=10011
E/WVMExtractor(   62): Failed to open libwvm.so
E/MetadataRetrieverClient(   62): failed to extract an album art
E/WVMExtractor(   62): Failed to open libwvm.so
E/WVMExtractor(   62): Failed to open libwvm.so
W/dalvikvm(  947): DroidBox: { "FdAccess": { "path": "706970653a5b353238325d", "id": "133751108" } }
W/DroidBox(  947): DroidBox: { "FileRW": { "operation": "read", "data": "0a0a2d2d2d2d2d207069642032323720617420323032342d31302d32332031393a30343a3036202d2d2d2d2d0a436d64206c696e653a2073797374656d5f7365727665720a0a44414c56494b20544852454144533a0a286d7574657865733a20746c6c3d", "id": "133751108" } }
W/dalvikvm(  947): DroidBox: { "FdAccess": { "path": "706970653a5b353238325d", "id": "153048219" } }
W/DroidBox(  947): DroidBox: { "FileRW": { "operation": "read", "data": "6c69622f6c696262696e6465722e736f2028616e64726f69643a3a49504354687265616453746174653a3a65786563757465436f6d6d616e6428696e74292b353230290a20202331362020706320303030313734333920202f73797374656d2f6c69622f", "id": "153048219" } }
E/WVMExtractor(   62): Failed to open libwvm.so
E/WVMExtractor(   62): Failed to open libwvm.so
W/dalvikvm(  947): DroidBox: { "FdAccess": { "path": "706970653a5b353238325d", "id": "787561960" } }
W/DroidBox(  947): DroidBox: { "FileRW": { "operation": "read", "data": "7363686564737461743d282034343030303030303020323433303030303030302035363620292075746d3d33372073746d3d3720636f72653d300a20202330302020706320303030306362363020202f73797374656d2f6c69622f6c6962632e736f2028", "id": "787561960" } }
E/WVMExtractor(   62): Failed to open libwvm.so
E/WVMExtractor(   62): Failed to open libwvm.so
W/dalvikvm(  947): DroidBox: { "FdAccess": { "path": "706970653a5b353238325d", "id": "1365219837" } }
W/DroidBox(  947): DroidBox: { "FileRW": { "operation": "read", "data": "48616e646c65725468726561642e72756e2848616e646c65725468726561642e6a6176613a3630290a0a22436f756e7472794465746563746f725365727669636522207072696f3d35207469643d3531204e41544956450a20207c2067726f75703d226d", "id": "1365219837" } }
E/WVMExtractor(   62): Failed to open libwvm.so
E/WVMExtractor(   62): Failed to open libwvm.so
E/WVMExtractor(   62): Failed to open libwvm.so
W/dalvikvm(  947): DroidBox: { "FdAccess": { "path": "706970653a5b353238325d", "id": "800667798" } }
W/DroidBox(  947): DroidBox: { "FileRW": { "operation": "read", "data": "506f6c6c4f6e6365284e6174697665204d6574686f64290a2020617420616e64726f69642e6f732e4d65737361676551756575652e6e657874284d65737361676551756575652e6a6176613a313235290a2020617420616e64726f69642e6f732e4c6f6f", "id": "800667798" } }
E/WVMExtractor(   62): Failed to open libwvm.so
E/WVMExtractor(   62): Failed to open libwvm.so
W/dalvikvm(  947): DroidBox: { "FdAccess": { "path": "706970653a5b353238325d", "id": "1843741019" } }
W/DroidBox(  947): DroidBox: { "FileRW": { "operation": "read", "data": "20636f6e73742a2c204f626a6563742a2c204a56616c75652a2c202e2e2e292b3230290a20202331312020706320303030353834623920202f73797374656d2f6c69622f6c696264766d2e736f0a20202331322020706320303030313264623020202f73", "id": "1843741019" } }
E/WVMExtractor(   62): Failed to open libwvm.so
E/WVMExtractor(   62): Failed to open libwvm.so
W/dalvikvm(  947): DroidBox: { "FdAccess": { "path": "706970653a5b353238325d", "id": "2074908843" } }
W/DroidBox(  947): DroidBox: { "FileRW": { "operation": "read", "data": "39643520202f73797374656d2f6c69622f6c696264766d2e736f202864766d43616c6c4d6574686f6456285468726561642a2c204d6574686f6420636f6e73742a2c204f626a6563742a2c20626f6f6c2c204a56616c75652a2c207374643a3a5f5f7661", "id": "2074908843" } }
E/WVMExtractor(   62): Failed to open libwvm.so
E/WVMExtractor(   62): Failed to open libwvm.so
W/dalvikvm(  947): DroidBox: { "FdAccess": { "path": "706970653a5b353238325d", "id": "1861519187" } }
W/DroidBox(  947): DroidBox: { "FileRW": { "operation": "read", "data": "68726561642e72756e285468726561642e6a6176613a383536290a0a22566f6c64436f6e6e6563746f7222207072696f3d35207469643d3331204e41544956450a20207c2067726f75703d226d61696e222073436f756e743d31206473436f756e743d30", "id": "1861519187" } }
E/WVMExtractor(   62): Failed to open libwvm.so
E/WVMExtractor(   62): Failed to open libwvm.so
E/WVMExtractor(   62): Failed to open libwvm.so
W/dalvikvm(  947): DroidBox: { "FdAccess": { "path": "706970653a5b353238325d", "id": "1446089717" } }
W/DroidBox(  947): DroidBox: { "FileRW": { "operation": "read", "data": "4a4e49456e762a2c20696e74292b3232290a20202330342020706320303030316630623020202f73797374656d2f6c69622f6c696264766d2e736f202864766d506c6174666f726d496e766f6b652b313132290a20202330352020706320303030353131", "id": "1446089717" } }
E/WVMExtractor(   62): Failed to open libwvm.so
W/dalvikvm(  947): DroidBox: { "FdAccess": { "path": "706970653a5b353238325d", "id": "441487168" } }
W/DroidBox(  947): DroidBox: { "FileRW": { "operation": "read", "data": "202330332020706320303030316630623020202f73797374656d2f6c69622f6c696264766d2e736f202864766d506c6174666f726d496e766f6b652b313132290a20202330342020706320303030353131323120202f73797374656d2f6c69622f6c6962", "id": "441487168" } }
E/WVMExtractor(   62): Failed to open libwvm.so
E/WVMExtractor(   62): Failed to open libwvm.so
E/WVMExtractor(   62): Failed to open libwvm.so
W/dalvikvm(  947): DroidBox: { "FdAccess": { "path": "706970653a5b353238325d", "id": "1190915137" } }
W/DroidBox(  947): DroidBox: { "FileRW": { "operation": "read", "data": "64766d506c6174666f726d496e766f6b652b313132290a20202330352020706320303030353131323120202f73797374656d2f6c69622f6c696264766d2e736f202864766d43616c6c4a4e494d6574686f6428756e7369676e656420696e7420636f6e73", "id": "1190915137" } }
E/WVMExtractor(   62): Failed to open libwvm.so
E/WVMExtractor(   62): Failed to open libwvm.so
W/dalvikvm(  947): DroidBox: { "FdAccess": { "path": "706970653a5b353238325d", "id": "223916000" } }
W/DroidBox(  947): DroidBox: { "FileRW": { "operation": "read", "data": "20636f72653d300a20206174206a6176612e6c616e672e4f626a6563742e77616974284e6174697665204d6574686f64290a20202d2077616974696e67206f6e203c307862333536396665383e200a20206174206a6176612e6c616e672e4f626a656374", "id": "223916000" } }
E/WVMExtractor(   62): Failed to open libwvm.so
E/WVMExtractor(   62): Failed to open libwvm.so
E/WVMExtractor(   62): Failed to open libwvm.so
W/dalvikvm(  947): DroidBox: { "FdAccess": { "path": "706970653a5b353238325d", "id": "1903791083" } }
W/DroidBox(  947): DroidBox: { "FileRW": { "operation": "read", "data": "38290a20202330372020706320303030333130323420202f73797374656d2f6c69622f6c696264766d2e736f202864766d496e74657270726574506f727461626c65285468726561642a292b31323238290a202023303820207063203030303265316534", "id": "1903791083" } }
E/WVMExtractor(   62): Failed to open libwvm.so
E/WVMExtractor(   62): Failed to open libwvm.so
W/dalvikvm(  947): DroidBox: { "FdAccess": { "path": "706970653a5b353238325d", "id": "740133997" } }
W/DroidBox(  947): DroidBox: { "FileRW": { "operation": "read", "data": "307862336533303635302073656c663d307862383635306131380a20207c207379735469643d353435206e6963653d302073636865643d302f3020636772703d617070732068616e646c653d2d313230313536333537360a20207c207363686564737461", "id": "740133997" } }
W/BackupManagerService(  227): dataChanged but no participant pkg='com.android.providers.settings' uid=1001
E/WVMExtractor(   62): Failed to open libwvm.so
E/WVMExtractor(   62): Failed to open libwvm.so
W/dalvikvm(  947): DroidBox: { "FdAccess": { "path": "706970653a5b353238325d", "id": "918129516" } }
W/DroidBox(  947): DroidBox: { "FileRW": { "operation": "read", "data": "34290a20202330342020706320303030316232363920202f73797374656d2f6c69622f6c696262696e6465722e736f0a20202330352020706320303030313066306620202f73797374656d2f6c69622f6c69627574696c732e736f2028616e64726f6964", "id": "918129516" } }
E/WVMExtractor(   62): Failed to open libwvm.so
E/WVMExtractor(   62): Failed to open libwvm.so
W/dalvikvm(  947): DroidBox: { "FdAccess": { "path": "706970653a5b353238325d", "id": "840392709" } }
W/DroidBox(  947): DroidBox: { "FileRW": { "operation": "read", "data": "382020706320303030326531653420202f73797374656d2f6c69622f6c696264766d2e736f202864766d496e74657270726574285468726561642a2c204d6574686f6420636f6e73742a2c204a56616c75652a2c20756e7369676e656420696e742a292b", "id": "840392709" } }
E/WVMExtractor(   62): Failed to open libwvm.so
E/WVMExtractor(   62): Failed to open libwvm.so
W/dalvikvm(  947): DroidBox: { "FdAccess": { "path": "706970653a5b353238325d", "id": "526233463" } }
W/DroidBox(  947): DroidBox: { "FileRW": { "operation": "read", "data": "613a323134290a20206174206c6962636f72652e6e65742e687474702e48747470436f6e6e656374696f6e2e3c696e69743e2848747470436f6e6e656374696f6e2e6a6176613a3730290a20206174206c6962636f72652e6e65742e687474702e487474", "id": "526233463" } }
E/WVMExtractor(   62): Failed to open libwvm.so
E/WVMExtractor(   62): Failed to open libwvm.so
W/dalvikvm(  947): DroidBox: { "FdAccess": { "path": "706970653a5b353238325d", "id": "679098636" } }
W/DroidBox(  947): DroidBox: { "FileRW": { "operation": "read", "data": "6176615468726561645368656c6c28766f69642a292b3636290a20202330372020706320303030313061373520202f73797374656d2f6c69622f6c69627574696c732e736f0a20202330382020706320303030313264623020202f73797374656d2f6c69", "id": "679098636" } }
E/WVMExtractor(   62): Failed to open libwvm.so
W/dalvikvm(  947): DroidBox: { "FdAccess": { "path": "706970653a5b353238325d", "id": "1883148987" } }
W/DroidBox(  947): DroidBox: { "FileRW": { "operation": "read", "data": "6f616465722e6a6176613a3638290a2020617420616e64726f69642e636f6e74656e742e4173796e635461736b4c6f61646572244c6f61645461736b2e646f496e4261636b67726f756e64284173796e635461736b4c6f616465722e6a6176613a353629", "id": "1883148987" } }
E/WVMExtractor(   62): Failed to open libwvm.so
E/WVMExtractor(   62): Failed to open libwvm.so
W/dalvikvm(  947): DroidBox: { "FdAccess": { "path": "706970653a5b353238325d", "id": "965952194" } }
W/DroidBox(  947): DroidBox: { "FileRW": { "operation": "read", "data": "75746d3d322073746d3d3020636f72653d300a20206174206a6176612e6c616e672e4f626a6563742e77616974284e6174697665204d6574686f64290a20202d2077616974696e67206f6e203c307862336532333536303e202861206a6176612e6c616e", "id": "965952194" } }
E/WVMExtractor(   62): Failed to open libwvm.so
E/WVMExtractor(   62): Failed to open libwvm.so
W/dalvikvm(  947): DroidBox: { "FdAccess": { "path": "706970653a5b353238325d", "id": "1351625345" } }
W/DroidBox(  947): DroidBox: { "FileRW": { "operation": "read", "data": "663d307862383637343436300a20207c207379735469643d363037206e6963653d302073636865643d302f3020636772703d617070732f62675f6e6f6e5f696e7465726163746976652068616e646c653d2d313230313432373137360a20207c20736368", "id": "1351625345" } }
E/WVMExtractor(   62): Failed to open libwvm.so
E/WVMExtractor(   62): Failed to open libwvm.so
E/WVMExtractor(   62): Failed to open libwvm.so
W/dalvikvm(  947): DroidBox: { "FdAccess": { "path": "706970653a5b353238325d", "id": "17487676" } }
W/DroidBox(  947): DroidBox: { "FileRW": { "operation": "read", "data": "5f66757465785f73797363616c6c332b38290a20202330312020706320303030313264663420202f73797374656d2f6c69622f6c6962632e736f20285f5f707468726561645f636f6e645f74696d6564776169745f72656c61746976652b3438290a2020", "id": "17487676" } }
E/WVMExtractor(   62): Failed to open libwvm.so
E/WVMExtractor(   62): Failed to open libwvm.so
W/dalvikvm(  947): DroidBox: { "FdAccess": { "path": "706970653a5b353238325d", "id": "2136068604" } }
W/DroidBox(  947): DroidBox: { "FileRW": { "operation": "read", "data": "2820313238303030303030302032383036303030303030302033373920292075746d3d3131372073746d3d313120636f72653d300a20202330302020706320303030306461343020202f73797374656d2f6c69622f6c6962632e736f202865706f6c6c5f", "id": "2136068604" } }
E/WVMExtractor(   62): Failed to open libwvm.so
W/dalvikvm(  947): DroidBox: { "FdAccess": { "path": "706970653a5b353238325d", "id": "235963653" } }
E/WVMExtractor(   62): Failed to open libwvm.so
W/DroidBox(  947): DroidBox: { "FileRW": { "operation": "read", "data": "20206174206a6176612e6c616e672e4461656d6f6e732446696e616c697a65725761746368646f674461656d6f6e2e72756e284461656d6f6e732e6a6176613a323134290a20206174206a6176612e6c616e672e5468726561642e72756e285468726561", "id": "235963653" } }
E/WVMExtractor(   62): Failed to open libwvm.so
E/WVMExtractor(   62): Failed to open libwvm.so
W/dalvikvm(  947): DroidBox: { "FdAccess": { "path": "706970653a5b353238325d", "id": "1657265119" } }
W/DroidBox(  947): DroidBox: { "FileRW": { "operation": "read", "data": "743d31206473436f756e743d30206f626a3d307862336531333139382073656c663d307862383636373066380a20207c207379735469643d373539206e6963653d302073636865643d302f3020636772703d617070732f62675f6e6f6e5f696e74657261", "id": "1657265119" } }
E/WVMExtractor(   62): Failed to open libwvm.so
E/WVMExtractor(   62): Failed to open libwvm.so
W/dalvikvm(  947): DroidBox: { "FdAccess": { "path": "706970653a5b353238325d", "id": "1143918326" } }
W/DroidBox(  947): DroidBox: { "FileRW": { "operation": "read", "data": "2e6e6174697665476574506172616d65746572436f756e74284e6174697665204d6574686f64290a2020617420616e64726f69642e64617461626173652e73716c6974652e53514c697465436f6e6e656374696f6e2e6163717569726550726570617265", "id": "1143918326" } }
E/WVMExtractor(   62): Failed to open libwvm.so
W/dalvikvm(  227): DroidBox: { "FdAccess": { "path": "706970653a5b353334355d", "id": "349012002" } }
W/DroidBox(  227): DroidBox: { "FileRW": { "operation": "write", "data": "4170706c69636174696f6e73204d656d6f727920557361676520286b42293a0a557074696d653a20313436323532205265616c74696d653a203134363235320a0a546f74616c205053532062792070726f636573733a0a202020203234343836206b423a", "id": "349012002" } }
W/dalvikvm(  947): DroidBox: { "FdAccess": { "path": "706970653a5b353334355d", "id": "52212299" } }
W/DroidBox(  947): DroidBox: { "FileRW": { "operation": "read", "data": "4170706c69636174696f6e73204d656d6f727920557361676520286b42293a0a557074696d653a20313436323532205265616c74696d653a203134363235320a0a546f74616c205053532062792070726f636573733a0a202020203234343836206b423a", "id": "52212299" } }
E/WVMExtractor(   62): Failed to open libwvm.so
E/WVMExtractor(   62): Failed to open libwvm.so
W/dalvikvm(  947): DroidBox: { "FdAccess": { "path": "706970653a5b353334355d", "id": "1787477433" } }
W/DroidBox(  947): DroidBox: { "FileRW": { "operation": "read", "data": "00000000000000000000000000000000000000000000000000000000000000000000000000000000000000000000000000000000000000000000000000000000000000000000000000000000000000000000000000000000000000000000000000000000", "id": "1787477433" } }
E/WVMExtractor(   62): Failed to open libwvm.so
I/AndroidRuntime(  947): VM exiting with result code 11.
E/WVMExtractor(   62): Failed to open libwvm.so
E/WVMExtractor(   62): Failed to open libwvm.so
E/WVMExtractor(   62): Failed to open libwvm.so
E/WVMExtractor(   62): Failed to open libwvm.so
E/WVMExtractor(   62): Failed to open libwvm.so
E/WVMExtractor(   62): Failed to open libwvm.so
E/WVMExtractor(   62): Failed to open libwvm.so
E/WVMExtractor(   62): Failed to open libwvm.so
E/WVMExtractor(   62): Failed to open libwvm.so
E/WVMExtractor(   62): Failed to open libwvm.so
E/WVMExtractor(   62): Failed to open libwvm.so
E/WVMExtractor(   62): Failed to open libwvm.so
E/WVMExtractor(   62): Failed to open libwvm.so
E/WVMExtractor(   62): Failed to open libwvm.so
E/WVMExtractor(   62): Failed to open libwvm.so
E/WVMExtractor(   62): Failed to open libwvm.so
W/BackupManagerService(  227): dataChanged but no participant pkg='com.android.providers.settings' uid=10011
E/WVMExtractor(   62): Failed to open libwvm.so
E/WVMExtractor(   62): Failed to open libwvm.so
E/MetadataRetrieverClient(   62): failed to extract an album art
E/WVMExtractor(   62): Failed to open libwvm.so
E/WVMExtractor(   62): Failed to open libwvm.so
E/WVMExtractor(   62): Failed to open libwvm.so
E/WVMExtractor(   62): Failed to open libwvm.so
E/WVMExtractor(   62): Failed to open libwvm.so
E/WVMExtractor(   62): Failed to open libwvm.so
E/WVMExtractor(   62): Failed to open libwvm.so
E/WVMExtractor(   62): Failed to open libwvm.so
E/WVMExtractor(   62): Failed to open libwvm.so
E/WVMExtractor(   62): Failed to open libwvm.so
E/WVMExtractor(   62): Failed to open libwvm.so
E/WVMExtractor(   62): Failed to open libwvm.so
E/WVMExtractor(   62): Failed to open libwvm.so
E/WVMExtractor(   62): Failed to open libwvm.so
E/WVMExtractor(   62): Failed to open libwvm.so
E/WVMExtractor(   62): Failed to open libwvm.so
E/WVMExtractor(   62): Failed to open libwvm.so
E/WVMExtractor(   62): Failed to open libwvm.so
E/WVMExtractor(   62): Failed to open libwvm.so
E/WVMExtractor(   62): Failed to open libwvm.so
E/WVMExtractor(   62): Failed to open libwvm.so
E/WVMExtractor(   62): Failed to open libwvm.so
E/WVMExtractor(   62): Failed to open libwvm.so
E/WVMExtractor(   62): Failed to open libwvm.so
E/WVMExtractor(   62): Failed to open libwvm.so
E/WVMExtractor(   62): Failed to open libwvm.so
E/WVMExtractor(   62): Failed to open libwvm.so
E/WVMExtractor(   62): Failed to open libwvm.so
E/WVMExtractor(   62): Failed to open libwvm.so
E/WVMExtractor(   62): Failed to open libwvm.so
E/WVMExtractor(   62): Failed to open libwvm.so
E/WVMExtractor(   62): Failed to open libwvm.so
E/WVMExtractor(   62): Failed to open libwvm.so
E/WVMExtractor(   62): Failed to open libwvm.so
E/WVMExtractor(   62): Failed to open libwvm.so
E/WVMExtractor(   62): Failed to open libwvm.so
E/WVMExtractor(   62): Failed to open libwvm.so
E/WVMExtractor(   62): Failed to open libwvm.so
E/MetadataRetrieverClient(   62): failed to extract an album art
E/WVMExtractor(   62): Failed to open libwvm.so
E/MetadataRetrieverClient(   62): failed to extract an album art
I/ActivityManager(  227): No longer want com.android.contacts (pid 688): hidden #16
I/NetworkPolicy(  227): no policy for active mobile network; generating default policy
E/NetdConnector(  227): NDC Command {11 bandwidth setiquota eth0 9223372036854775807} took too long (551ms)
E/NetdConnector(  227): NDC Command {13 bandwidth setiquota eth0 9223372036854775807} took too long (532ms)
I/qtaguid (  227): Failed write_ctrl(s 1 10050) res=-1 errno=1
W/NetworkManagementSocketTagger(  227): setKernelCountSet(10050, 1) failed with errno -1
I/jinyan  (  965): wallpaper,picture,background,android,photo
W/dalvikvm(  965): DroidBox: { "FdAccess": { "path": "2f646174612f646174612f636f6d2e6a61636b6565792e6557616c6c7061706572732e6c6f76652f7368617265645f70726566732f6557616c6c70617065722e786d6c", "id": "471825744" } }
W/DroidBox(  965): DroidBox: { "FileRW": { "operation": "write", "data": "3c3f786d6c2076657273696f6e3d27312e302720656e636f64696e673d277574662d3827207374616e64616c6f6e653d2779657327203f3e0a3c6d61703e0a3c737472696e67206e616d653d2270726f64756374223e66756c6c3c2f737472696e673e0a", "id": "471825744" } }
I/api_url (  965): http://wps.appscolor.net/photos/list?typee=recent&locale=en-rUS&version_code=511&w=480&h=800&uniquely_code=-1&apk_channel=1&sdk=16&dpi=0&board=unknown&brand=Android&product=full&product_id=JRO03R&manufacturer=unknown&model=Full%20Android%20on%20Emulator&page=1&limit=64&status=1&api_key=wqHpezgwJIlYoeK4lGHveQ&nonce=d48c71e62d46a0462539acc891c4024b&timestamp=1729710325701&api_sig=51a042ef2039b9605a2efca322ca9c0f&category_id=241
W/System.err(  965): java.net.UnknownHostException: Unable to resolve host "wps.appscolor.net": No address associated with hostname
W/System.err(  965): 	at java.net.InetAddress.lookupHostByName(InetAddress.java:394)
W/System.err(  965): 	at java.net.InetAddress.getAllByNameImpl(InetAddress.java:236)
W/System.err(  965): 	at java.net.InetAddress.getAllByName(InetAddress.java:214)
W/System.err(  965): 	at libcore.net.http.HttpConnection.<init>(HttpConnection.java:70)
W/System.err(  965): 	at libcore.net.http.HttpConnection.<init>(HttpConnection.java:50)
W/System.err(  965): 	at libcore.net.http.HttpConnection$Address.connect(HttpConnection.java:341)
W/System.err(  965): 	at libcore.net.http.HttpConnectionPool.get(HttpConnectionPool.java:87)
W/System.err(  965): 	at libcore.net.http.HttpConnection.connect(HttpConnection.java:128)
W/System.err(  965): 	at libcore.net.http.HttpEngine.openSocketConnection(HttpEngine.java:315)
W/System.err(  965): 	at libcore.net.http.HttpEngine.connect(HttpEngine.java:310)
W/System.err(  965): 	at libcore.net.http.HttpEngine.sendSocketRequest(HttpEngine.java:289)
W/System.err(  965): 	at libcore.net.http.HttpEngine.sendRequest(HttpEngine.java:239)
W/System.err(  965): 	at libcore.net.http.HttpURLConnectionImpl.getResponse(HttpURLConnectionImpl.java:273)
W/System.err(  965): 	at libcore.net.http.HttpURLConnectionImpl.getInputStream(HttpURLConnectionImpl.java:168)
W/System.err(  965): 	at com.jackeeywu.apps.eWallpaper.util.XMLTools.getUserId(XMLTools.java:706)
W/System.err(  965): 	at com.jackeey.eWallpapers.DealUserIdService$1.run(DealUserIdService.java:31)
W/System.err(  965): 	at java.lang.Thread.run(Thread.java:856)
W/dalvikvm(  965): DroidBox: { "FdAccess": { "path": "2f70726f632f6d656d696e666f", "id": "594200640" } }
W/DroidBox(  965): DroidBox: { "FileRW": { "operation": "read", "data": "4d656d546f74616c3a202020202020202020373438393634206b420a4d656d467265653a20202020202020202020343531363736206b420a427566666572733a20202020202020202020202035353438206b420a4361636865643a202020202020202020", "id": "594200640" } }
I/Choreographer(  965): Skipped 82 frames!  The application may be doing too much work on its main thread.
V/PhoneStatusBar(  422): setLightsOn(true)
W/dalvikvm(  965): DroidBox: { "FdAccess": { "path": "2f646174612f646174612f636f6d2e6a61636b6565792e6557616c6c7061706572732e6c6f76652f7368617265645f70726566732f676f6f676c655f6164732e786d6c2e786d6c", "id": "340831553" } }
W/DroidBox(  965): DroidBox: { "FileRW": { "operation": "write", "data": "3c3f786d6c2076657273696f6e3d27312e302720656e636f64696e673d277574662d3827207374616e64616c6f6e653d2779657327203f3e0a3c6d61703e0a3c696e74206e616d653d2266657463685f6c6174656e6379222076616c75653d222d312220", "id": "340831553" } }
I/Choreographer(  965): Skipped 53 frames!  The application may be doing too much work on its main thread.
D/gralloc_goldfish(  965): Emulator without GPU emulation detected.
I/ActivityManager(  227): Displayed com.jackeey.eWallpapers.love/com.jackeey.eWallpapers.Wallpapers: +1m27s101ms
I/qtaguid (  227): Failed write_ctrl(s 0 10019) res=-1 errno=1
W/NetworkManagementSocketTagger(  227): setKernelCountSet(10019, 0) failed with errno -1
I/Choreographer(  965): Skipped 143 frames!  The application may be doing too much work on its main thread.
I/Choreographer(  965): Skipped 41 frames!  The application may be doing too much work on its main thread.
I/Choreographer(  965): Skipped 36 frames!  The application may be doing too much work on its main thread.
I/Choreographer(  965): Skipped 75 frames!  The application may be doing too much work on its main thread.
I/Choreographer(  965): Skipped 40 frames!  The application may be doing too much work on its main thread.
W/dalvikvm(  227): DroidBox: { "FdAccess": { "path": "2f70726f632f3232372f6e65742f78745f717461677569642f69666163655f737461745f616c6c", "id": "734124182" } }
W/DroidBox(  227): DroidBox: { "FileRW": { "operation": "read", "data": "65746830203120302030203020302036333438393120323234302032383633313820313833390a6c6f20312030203020302030203337333620353320333733362035330a0000000000000000000000000000000000000000000000000000000000000000", "id": "734124182" } }
W/dalvikvm(  227): DroidBox: { "FdAccess": { "path": "2f70726f632f3232372f6e65742f78745f717461677569642f69666163655f737461745f616c6c", "id": "1880448233" } }
W/DroidBox(  227): DroidBox: { "FileRW": { "operation": "read", "data": "35330a362035330a35330a362035330a330a330a330a330a330a35330a362035330a3733362035330a362035330a3733362035330a330a330a330a330a330a362035330a0000000000000000000000000000000000000000000000000000000000000000", "id": "1880448233" } }
W/ThrottleService(  227): unable to find stats for iface rmnet0
E/ThrottleService(  227): Error reading data file
