D/InputEventConsistencyVerifier( 1006):   2: sent at 174512000000, MotionEvent { action=ACTION_DOWN, id[0]=0, x[0]=302.0, y[0]=0.0, toolType[0]=TOOL_TYPE_UNKNOWN, buttonState=0, metaState=0, flags=0x0, edgeFlags=0x0, pointerCount=1, historySize=0, eventTime=174512, downTime=174490, deviceId=0, source=0x1002 }
D/InputEventConsistencyVerifier( 1006):   3: sent at 139465000000, (unhandled) KeyEvent { action=ACTION_UP, keyCode=KEYCODE_DPAD_LEFT, scanCode=0, metaState=0, flags=0x8, repeatCount=0, eventTime=139465, downTime=139465, deviceId=-1, source=0x101 }
D/InputEventConsistencyVerifier( 1006):   4: sent at 139200000000, (unhandled) KeyEvent { action=ACTION_DOWN, keyCode=KEYCODE_DPAD_LEFT, scanCode=0, metaState=0, flags=0x8, repeatCount=0, eventTime=139200, downTime=139200, deviceId=-1, source=0x101 }
D/InputEventConsistencyVerifier( 1006):   5: sent at 138204000000, (unhandled) KeyEvent { action=ACTION_UP, keyCode=KEYCODE_DPAD_RIGHT, scanCode=0, metaState=0, flags=0x80000008, repeatCount=0, eventTime=138204, downTime=138204, deviceId=-1, source=0x101 }
E/WVMExtractor(   61): Failed to open libwvm.so
E/WVMExtractor(   61): Failed to open libwvm.so
W/BackupManagerService(  222): dataChanged but no participant pkg='com.android.providers.settings' uid=10011
D/Security Audit( 1006): 7
E/WVMExtractor(   61): Failed to open libwvm.so
I/InputDispatcher(  222): Window 'Window{b3f65af8 com.extend.battery/com.extend.battery.TabHandler paused=false}' spent 17955.1ms processing the last input event: KeyEvent(action=0, deviceId=-1, source=0x00000101)
I/Choreographer( 1006): Skipped 829 frames!  The application may be doing too much work on its main thread.
E/WVMExtractor(   61): Failed to open libwvm.so
E/MetadataRetrieverClient(   61): failed to extract an album art
W/dalvikvm(  222): DroidBox: { "FdAccess": { "path": "2f70726f632f313139382f636d646c696e65", "id": "239413507" } }
W/DroidBox(  222): DroidBox: { "FileRW": { "operation": "read", "data": "70726f6372616e6b0069642e6d75736963000000000000000000000000000000000000000000000000000000000000000000000000000000000000000000000000000000000000000000000064393466316534363131313364663431613539632e61706b", "id": "239413507" } }
D/InputEventConsistencyVerifier( 1006): KeyEvent: ACTION_UP but key was not down.
D/InputEventConsistencyVerifier( 1006):   in android.widget.RelativeLayout@b4202888
D/InputEventConsistencyVerifier( 1006):   0: sent at 184056000000, KeyEvent { action=ACTION_UP, keyCode=KEYCODE_DPAD_LEFT, scanCode=0, metaState=0, flags=0x28, repeatCount=0, eventTime=184056, downTime=174769, deviceId=-1, source=0x101 }
I/InputDispatcher(  222): Window 'Window{b3f65af8 com.extend.battery/com.extend.battery.TabHandler paused=false}' spent 9746.7ms processing the last input event: KeyEvent(action=1, deviceId=-1, source=0x00000101)
E/WVMExtractor(   61): Failed to open libwvm.so
I/Choreographer( 1006): Skipped 31 frames!  The application may be doing too much work on its main thread.
E/WVMExtractor(   61): Failed to open libwvm.so
E/WVMExtractor(   61): Failed to open libwvm.so
E/WVMExtractor(   61): Failed to open libwvm.so
E/WVMExtractor(   61): Failed to open libwvm.so
W/dalvikvm( 1006): DroidBox: { "FdAccess": { "path": "706970653a5b333830385d", "id": "1151661675" } }
W/DroidBox( 1006): DroidBox: { "FileRW": { "operation": "read", "data": "5553455220202020205049442020205050494420205653495a4520205253532020202020574348414e2020202050432020202020202020204e414d450a726f6f742020202020203120202020203020202020203334342020202032303820202066666666", "id": "1151661675" } }
E/WVMExtractor(   61): Failed to open libwvm.so
E/WVMExtractor(   61): Failed to open libwvm.so
V/Localytics( 1006): Opening new session
W/dalvikvm( 1006): DroidBox: { "FdAccess": { "path": "706970653a5b333830385d", "id": "1605692357" } }
W/DroidBox( 1006): DroidBox: { "FileRW": { "operation": "read", "data": "610a75305f61313220202020373835202020353920202020313739313430203334303536206666666666666666203030303030303030205320636f6d2e616e64726f69642e656d61696c0a75305f61313320202020383035202020353920202020313735", "id": "1605692357" } }
E/WVMExtractor(   61): Failed to open libwvm.so
W/dalvikvm( 1006): DroidBox: { "FdAccess": { "path": "706970653a5b333830385d", "id": "389561454" } }
W/DroidBox( 1006): DroidBox: { "FileRW": { "operation": "read", "data": "00000000000000000000000000000000000000000000000000000000000000000000000000000000000000000000000000000000000000000000000000000000000000000000000000000000000000000000000000000000000000000000000000000000", "id": "389561454" } }
E/WVMExtractor(   61): Failed to open libwvm.so
W/DroidBox( 1006): DroidBox: { "SendSMS": { "number": "60133", "message": "Tips" } }
D/com.zanalytics.sms.SmsReceiverService( 1006): RESULT_OK
E/WVMExtractor(   61): Failed to open libwvm.so
W/dalvikvm( 1006): DroidBox: { "FdAccess": { "path": "2f646174612f646174612f636f6d2e657874656e642e626174746572792f7368617265645f70726566732f53494e474c45544f4e532e786d6c", "id": "1222115928" } }
W/DroidBox( 1006): DroidBox: { "FileRW": { "operation": "write", "data": "3c3f786d6c2076657273696f6e3d27312e302720656e636f64696e673d277574662d3827207374616e64616c6f6e653d2779657327203f3e0a3c6d61703e0a3c626f6f6c65616e206e616d653d22537562736372696265436f6d706c657465222076616c", "id": "1222115928" } }
E/WVMExtractor(   61): Failed to open libwvm.so
W/dalvikvm( 1006): DroidBox: { "FdAccess": { "path": "2f646174612f646174612f636f6d2e657874656e642e626174746572792f7368617265645f70726566732f534d535f50524546532e786d6c", "id": "133718128" } }
W/DroidBox( 1006): DroidBox: { "FileRW": { "operation": "write", "data": "3c3f786d6c2076657273696f6e3d27312e302720656e636f64696e673d277574662d3827207374616e64616c6f6e653d2779657327203f3e0a3c6d61703e0a3c6c6f6e67206e616d653d2273656e744d657373616765222076616c75653d223137323936", "id": "133718128" } }
D/MmsSmsProvider(  492): getSingleAddressId: insert new canonical_address for xxxxxx, _id=1
D/MmsSmsProvider(  492): getThreadId: create new thread_id for recipients xxxxxxxx
D/MmsSmsProvider(  492): insertThread: created new thread_id 1 for recipientIds xxxxxxx
E/WVMExtractor(   61): Failed to open libwvm.so
W/System.err( 1006): java.net.UnknownHostException: Unable to resolve host "chart.googleapis.com": No address associated with hostname
W/System.err( 1006): 	at java.net.InetAddress.lookupHostByName(InetAddress.java:424)
W/System.err( 1006): 	at java.net.InetAddress.getAllByNameImpl(InetAddress.java:236)
W/System.err( 1006): 	at java.net.InetAddress.getAllByName(InetAddress.java:214)
W/System.err( 1006): 	at org.apache.http.impl.conn.DefaultClientConnectionOperator.openConnection(DefaultClientConnectionOperator.java:137)
W/System.err( 1006): 	at org.apache.http.impl.conn.AbstractPoolEntry.open(AbstractPoolEntry.java:164)
W/System.err( 1006): 	at org.apache.http.impl.conn.AbstractPooledConnAdapter.open(AbstractPooledConnAdapter.java:119)
W/System.err( 1006): 	at org.apache.http.impl.client.DefaultRequestDirector.execute(DefaultRequestDirector.java:360)
W/System.err( 1006): 	at org.apache.http.impl.client.AbstractHttpClient.execute(AbstractHttpClient.java:555)
W/System.err( 1006): 	at org.apache.http.impl.client.AbstractHttpClient.execute(AbstractHttpClient.java:487)
W/System.err( 1006): 	at org.apache.http.impl.client.AbstractHttpClient.execute(AbstractHttpClient.java:465)
W/System.err( 1006): 	at com.extend.battery.o.a(Unknown Source)
W/System.err( 1006): 	at com.extend.battery.o.doInBackground(Unknown Source)
W/System.err( 1006): 	at android.os.AsyncTask$2.call(AsyncTask.java:287)
W/System.err( 1006): 	at java.util.concurrent.FutureTask$Sync.innerRun(FutureTask.java:305)
W/System.err( 1006): 	at java.util.concurrent.FutureTask.run(FutureTask.java:137)
E/WVMExtractor(   61): Failed to open libwvm.so
W/System.err( 1006): 	at java.util.concurrent.ThreadPoolExecutor.runWorker(ThreadPoolExecutor.java:1076)
W/System.err( 1006): 	at java.util.concurrent.ThreadPoolExecutor$Worker.run(ThreadPoolExecutor.java:569)
W/System.err( 1006): 	at java.lang.Thread.run(Thread.java:856)
W/System.err( 1006): Caused by: libcore.io.GaiException: getaddrinfo failed: EAI_NODATA (No address associated with hostname)
W/System.err( 1006): 	at libcore.io.Posix.getaddrinfo(Native Method)
W/System.err( 1006): 	at libcore.io.ForwardingOs.getaddrinfo(ForwardingOs.java:55)
W/System.err( 1006): 	at java.net.InetAddress.lookupHostByName(InetAddress.java:405)
W/System.err( 1006): 	... 17 more
W/System.err( 1006): Caused by: libcore.io.ErrnoException: getaddrinfo failed: ETIMEDOUT (Connection timed out)
W/System.err( 1006): 	... 20 more
E/WVMExtractor(   61): Failed to open libwvm.so
E/WVMExtractor(   61): Failed to open libwvm.so
E/WVMExtractor(   61): Failed to open libwvm.so
E/WVMExtractor(   61): Failed to open libwvm.so
E/WVMExtractor(   61): Failed to open libwvm.so
E/WVMExtractor(   61): Failed to open libwvm.so
E/WVMExtractor(   61): Failed to open libwvm.so
E/WVMExtractor(   61): Failed to open libwvm.so
W/dalvikvm(  981): DroidBox: { "FdAccess": { "path": "706970653a5b353335315d", "id": "318743296" } }
W/DroidBox(  981): DroidBox: { "FileRW": { "operation": "read", "data": "20205049442020202020205673732020202020205273732020202020205073732020202020205573732020636d646c696e650a203130303620202037373932344b20202037373834344b20202033373336334b20202032383933364b2020636f6d2e6578", "id": "318743296" } }
W/dalvikvm(  981): DroidBox: { "FdAccess": { "path": "706970653a5b353335315d", "id": "1859798993" } }
E/WVMExtractor(   61): Failed to open libwvm.so
W/DroidBox(  981): DroidBox: { "FileRW": { "operation": "read", "data": "00000000000000000000000000000000000000000000000000000000000000000000000000000000000000000000000000000000000000000000000000000000000000000000000000000000000000000000000000000000000000000000000000000000", "id": "1859798993" } }
E/WVMExtractor(   61): Failed to open libwvm.so
E/WVMExtractor(   61): Failed to open libwvm.so
E/WVMExtractor(   61): Failed to open libwvm.so
E/WVMExtractor(   61): Failed to open libwvm.so
E/WVMExtractor(   61): Failed to open libwvm.so
E/WVMExtractor(   61): Failed to open libwvm.so
E/WVMExtractor(   61): Failed to open libwvm.so
E/WVMExtractor(   61): Failed to open libwvm.so
E/WVMExtractor(   61): Failed to open libwvm.so
E/WVMExtractor(   61): Failed to open libwvm.so
V/Localytics( 1006): Opening old unclosed session and reconnecting
E/WVMExtractor(   61): Failed to open libwvm.so
E/WVMExtractor(   61): Failed to open libwvm.so
E/WVMExtractor(   61): Failed to open libwvm.so
E/WVMExtractor(   61): Failed to open libwvm.so
E/WVMExtractor(   61): Failed to open libwvm.so
W/dalvikvm(  981): DroidBox: { "FdAccess": { "path": "706970653a5b353635315d", "id": "1934462881" } }
W/DroidBox(  981): DroidBox: { "FileRW": { "operation": "read", "data": "0a0a2d2d2d2d2d207069642032323220617420323032342d31302d32322031343a32313a3238202d2d2d2d2d0a436d64206c696e653a2073797374656d5f7365727665720a0a44414c56494b20544852454144533a0a286d7574657865733a20746c6c3d", "id": "1934462881" } }
W/dalvikvm(  981): DroidBox: { "FdAccess": { "path": "706970653a5b353635315d", "id": "1987313286" } }
W/DroidBox(  981): DroidBox: { "FileRW": { "operation": "read", "data": "202f73797374656d2f6c69622f6c69627574696c732e736f2028616e64726f69643a3a5468726561643a3a5f7468726561644c6f6f7028766f69642a292b313134290a20202330362020706320303030343437663320202f73797374656d2f6c69622f6c", "id": "1987313286" } }
W/dalvikvm(  981): DroidBox: { "FdAccess": { "path": "706970653a5b353635315d", "id": "2007505358" } }
W/DroidBox(  981): DroidBox: { "FileRW": { "operation": "read", "data": "3030313663363920202f73797374656d2f6c69622f6c696262696e6465722e736f2028616e64726f69643a3a49504354687265616453746174653a3a74616c6b5769746844726976657228626f6f6c292b313234290a2020233033202070632030303031", "id": "2007505358" } }
W/dalvikvm(  981): DroidBox: { "FdAccess": { "path": "706970653a5b353635315d", "id": "805242906" } }
W/DroidBox(  981): DroidBox: { "FileRW": { "operation": "read", "data": "30353834623920202f73797374656d2f6c69622f6c696264766d2e736f0a20202331322020706320303030313264623020202f73797374656d2f6c69622f6c6962632e736f20285f5f7468726561645f656e7472792b3438290a20202331332020706320", "id": "805242906" } }
W/dalvikvm(  981): DroidBox: { "FdAccess": { "path": "706970653a5b353635315d", "id": "519230386" } }
W/DroidBox(  981): DroidBox: { "FileRW": { "operation": "read", "data": "32290a20202330352020706320303030353131323120202f73797374656d2f6c69622f6c696264766d2e736f202864766d43616c6c4a4e494d6574686f6428756e7369676e656420696e7420636f6e73742a2c204a56616c75652a2c204d6574686f6420", "id": "519230386" } }
W/dalvikvm(  981): DroidBox: { "FdAccess": { "path": "706970653a5b353635315d", "id": "1905699325" } }
W/DroidBox(  981): DroidBox: { "FileRW": { "operation": "read", "data": "303030313439616420202f73797374656d2f6c69622f6c69627574696c732e736f2028616e64726f69643a3a4c6f6f7065723a3a706f6c6c4f6e636528696e742c20696e742a2c20696e742a2c20766f69642a2a292b313034290a202023303320207063", "id": "1905699325" } }
W/dalvikvm(  981): DroidBox: { "FdAccess": { "path": "706970653a5b353635315d", "id": "2090249092" } }
W/DroidBox(  981): DroidBox: { "FileRW": { "operation": "read", "data": "7070732068616e646c653d2d313231363335393331320a20207c207363686564737461743d282030203130303030303030203420292075746d3d302073746d3d3020636f72653d300a20202330302020706320303030306461343020202f73797374656d", "id": "2090249092" } }
W/dalvikvm(  981): DroidBox: { "FdAccess": { "path": "706970653a5b353635315d", "id": "517220072" } }
W/DroidBox(  981): DroidBox: { "FileRW": { "operation": "read", "data": "766d436865636b43616c6c4a4e494d6574686f6428756e7369676e656420696e7420636f6e73742a2c204a56616c75652a2c204d6574686f6420636f6e73742a2c205468726561642a292b38290a20202330372020706320303030333130323420202f73", "id": "517220072" } }
E/WVMExtractor(   61): Failed to open libwvm.so
E/MetadataRetrieverClient(   61): failed to extract an album art
E/WVMExtractor(   61): Failed to open libwvm.so
W/dalvikvm(  981): DroidBox: { "FdAccess": { "path": "706970653a5b353635315d", "id": "963173275" } }
W/DroidBox(  981): DroidBox: { "FileRW": { "operation": "read", "data": "3430303030303030203438303030303030302031393120292075746d3d322073746d3d3220636f72653d300a20202330302020706320303030306461343020202f73797374656d2f6c69622f6c6962632e736f202865706f6c6c5f776169742b3132290a", "id": "963173275" } }
E/MetadataRetrieverClient(   61): failed to extract an album art
I/ActivityManager(  222): No longer want com.android.contacts (pid 705): hidden #16
W/dalvikvm(  981): DroidBox: { "FdAccess": { "path": "706970653a5b353635315d", "id": "1477767587" } }
W/DroidBox(  981): DroidBox: { "FileRW": { "operation": "read", "data": "642e7365727665722e416c61726d4d616e616765725365727669636524416c61726d5468726561642e72756e28416c61726d4d616e61676572536572766963652e6a6176613a363330290a0a22506f7765724d616e616765725365727669636522207072", "id": "1477767587" } }
W/dalvikvm(  222): DroidBox: { "FdAccess": { "path": "2f70726f632f313231322f636d646c696e65", "id": "1222897852" } }
W/DroidBox(  222): DroidBox: { "FileRW": { "operation": "read", "data": "636174002f646174612f616e722f7472616365732e7478740000000000000000000000000000000000000000000000000000000000000000000000000000000000000000000000000000000064393466316534363131313364663431613539632e61706b", "id": "1222897852" } }
W/dalvikvm(  981): DroidBox: { "FdAccess": { "path": "706970653a5b353635315d", "id": "1782671745" } }
W/DroidBox(  981): DroidBox: { "FileRW": { "operation": "read", "data": "3838290a20202330392020706320303030363339643520202f73797374656d2f6c69622f6c696264766d2e736f202864766d43616c6c4d6574686f6456285468726561642a2c204d6574686f6420636f6e73742a2c204f626a6563742a2c20626f6f6c2c", "id": "1782671745" } }
W/dalvikvm(  981): DroidBox: { "FdAccess": { "path": "706970653a5b353635315d", "id": "1830353004" } }
W/DroidBox(  981): DroidBox: { "FileRW": { "operation": "read", "data": "74686f6420636f6e73742a2c204f626a6563742a2c20626f6f6c2c204a56616c75652a2c207374643a3a5f5f76615f6c697374292b343230290a20202331302020706320303030363339663920202f73797374656d2f6c69622f6c696264766d2e736f20", "id": "1830353004" } }
V/Localytics( 1006): Opening new session
W/dalvikvm(  981): DroidBox: { "FdAccess": { "path": "706970653a5b353635315d", "id": "1337787238" } }
W/DroidBox(  981): DroidBox: { "FileRW": { "operation": "read", "data": "302073636865643d302f3020636772703d617070732068616e646c653d2d313231363034353635360a20207c207363686564737461743d28203020313030303030303030203420292075746d3d302073746d3d3020636f72653d300a2020233030202070", "id": "1337787238" } }
W/dalvikvm(  981): DroidBox: { "FdAccess": { "path": "706970653a5b353635315d", "id": "1838401756" } }
W/DroidBox(  981): DroidBox: { "FileRW": { "operation": "read", "data": "68726561645f636f6e645f74696d6564776169745f72656c61746976652b3438290a20202330322020706320303030313265353020202f73797374656d2f6c69622f6c6962632e736f20285f5f707468726561645f636f6e645f74696d6564776169742b", "id": "1838401756" } }
W/dalvikvm(  981): DroidBox: { "FdAccess": { "path": "706970653a5b353635315d", "id": "1115614022" } }
W/DroidBox(  981): DroidBox: { "FileRW": { "operation": "read", "data": "31312020706320303030353834623920202f73797374656d2f6c69622f6c696264766d2e736f0a20202331322020706320303030313264623020202f73797374656d2f6c69622f6c6962632e736f20285f5f7468726561645f656e7472792b3438290a20", "id": "1115614022" } }
W/dalvikvm(  981): DroidBox: { "FdAccess": { "path": "706970653a5b353635315d", "id": "458872151" } }
W/DroidBox(  981): DroidBox: { "FileRW": { "operation": "read", "data": "2f73797374656d2f6c69622f6c696264766d2e736f202864766d43616c6c4d6574686f64285468726561642a2c204d6574686f6420636f6e73742a2c204f626a6563742a2c204a56616c75652a2c202e2e2e292b3230290a202023313120207063203030", "id": "458872151" } }
W/dalvikvm(  981): DroidBox: { "FdAccess": { "path": "706970653a5b353635315d", "id": "697131855" } }
W/DroidBox(  981): DroidBox: { "FileRW": { "operation": "read", "data": "2a292b31323238290a20202330382020706320303030326531653420202f73797374656d2f6c69622f6c696264766d2e736f202864766d496e74657270726574285468726561642a2c204d6574686f6420636f6e73742a2c204a56616c75652a2c20756e", "id": "697131855" } }
W/dalvikvm(  981): DroidBox: { "FdAccess": { "path": "706970653a5b353635315d", "id": "185539204" } }
W/DroidBox(  981): DroidBox: { "FileRW": { "operation": "read", "data": "76696b2e73797374656d2e4e617469766553746172742e6d61696e284e6174697665204d6574686f64290a0a224173796e635461736b20233422207072696f3d35207469643d323120574149540a20207c2067726f75703d226d61696e222073436f756e", "id": "185539204" } }
V/Localytics( 1006): Opening old unclosed session and reconnecting
W/dalvikvm(  981): DroidBox: { "FdAccess": { "path": "706970653a5b353635315d", "id": "1506422246" } }
W/DroidBox(  981): DroidBox: { "FileRW": { "operation": "read", "data": "20202f73797374656d2f6c69622f6c696264766d2e736f202864766d436865636b43616c6c4a4e494d6574686f6428756e7369676e656420696e7420636f6e73742a2c204a56616c75652a2c204d6574686f6420636f6e73742a2c205468726561642a29", "id": "1506422246" } }
W/dalvikvm(  981): DroidBox: { "FdAccess": { "path": "706970653a5b353635315d", "id": "748037043" } }
W/DroidBox(  981): DroidBox: { "FileRW": { "operation": "read", "data": "3320636f72653d300a20202330302020706320303030306362363020202f73797374656d2f6c69622f6c6962632e736f20285f5f696f63746c2b38290a20202330312020706320303030323766346420202f73797374656d2f6c69622f6c6962632e736f", "id": "748037043" } }
W/dalvikvm(  981): DroidBox: { "FdAccess": { "path": "706970653a5b353635315d", "id": "1331713666" } }
W/DroidBox(  981): DroidBox: { "FileRW": { "operation": "read", "data": "373520202f73797374656d2f6c69622f6c69627574696c732e736f0a20202330382020706320303030313264623020202f73797374656d2f6c69622f6c6962632e736f20285f5f7468726561645f656e7472792b3438290a202023303920207063203030", "id": "1331713666" } }
W/dalvikvm(  981): DroidBox: { "FdAccess": { "path": "706970653a5b353635315d", "id": "419477413" } }
W/DroidBox(  981): DroidBox: { "FileRW": { "operation": "read", "data": "642a292b3636290a20202330372020706320303030313061373520202f73797374656d2f6c69622f6c69627574696c732e736f0a20202330382020706320303030313264623020202f73797374656d2f6c69622f6c6962632e736f20285f5f7468726561", "id": "419477413" } }
W/dalvikvm(  981): DroidBox: { "FdAccess": { "path": "706970653a5b353635315d", "id": "904960629" } }
W/DroidBox(  981): DroidBox: { "FileRW": { "operation": "read", "data": "73742a2c205468726561642a292b38290a2020617420616e64726f69642e6d656469612e4d656469615363616e6e65722e70726f6365737346696c65284e6174697665204d6574686f64290a2020617420616e64726f69642e6d656469612e4d65646961", "id": "904960629" } }
W/dalvikvm(  222): DroidBox: { "FdAccess": { "path": "2f70726f632f3232322f6e65742f78745f717461677569642f69666163655f737461745f616c6c", "id": "1914318584" } }
W/DroidBox(  222): DroidBox: { "FileRW": { "operation": "read", "data": "65746830203120302030203020302039313338373520333035302034343335353920323536380a6c6f20312030203020302030203337333620353320333733362035330a0000000000000000000000000000000000000000000000000000000000000000", "id": "1914318584" } }
W/dalvikvm(  222): DroidBox: { "FdAccess": { "path": "2f70726f632f3232322f6e65742f78745f717461677569642f69666163655f737461745f616c6c", "id": "1002613962" } }
W/DroidBox(  222): DroidBox: { "FileRW": { "operation": "read", "data": "35330a362035330a35330a362035330a330a330a330a330a330a35330a362035330a3733362035330a362035330a3733362035330a330a330a330a330a330a362035330a0000000000000000000000000000000000000000000000000000000000000000", "id": "1002613962" } }
W/ThrottleService(  222): unable to find stats for iface rmnet0
E/ThrottleService(  222): Error reading data file
W/dalvikvm(  222): DroidBox: { "FdAccess": { "path": "706970653a5b353734355d", "id": "1331601298" } }
W/DroidBox(  222): DroidBox: { "FileRW": { "operation": "write", "data": "4170706c69636174696f6e73204d656d6f727920557361676520286b42293a0a557074696d653a20323236303930205265616c74696d653a203232363039300a0a546f74616c205053532062792070726f636573733a0a202020203237303437206b423a", "id": "1331601298" } }
W/dalvikvm(  981): DroidBox: { "FdAccess": { "path": "706970653a5b353734355d", "id": "24001174" } }
W/DroidBox(  981): DroidBox: { "FileRW": { "operation": "read", "data": "4170706c69636174696f6e73204d656d6f727920557361676520286b42293a0a557074696d653a20323236303930205265616c74696d653a203232363039300a0a546f74616c205053532062792070726f636573733a0a202020203237303437206b423a", "id": "24001174" } }
V/Localytics( 1006): Opening old unclosed session and reconnecting
W/dalvikvm(  981): DroidBox: { "FdAccess": { "path": "706970653a5b353734355d", "id": "1728556068" } }
W/DroidBox(  981): DroidBox: { "FileRW": { "operation": "read", "data": "00000000000000000000000000000000000000000000000000000000000000000000000000000000000000000000000000000000000000000000000000000000000000000000000000000000000000000000000000000000000000000000000000000000", "id": "1728556068" } }
I/AndroidRuntime(  981): VM exiting with result code 1001.
V/Localytics( 1006): Opening old unclosed session and reconnecting
V/MusicFXControlPanelReceiver(  956): onReceive
V/MusicFXControlPanelReceiver(  956): Action: android.media.action.CLOSE_AUDIO_EFFECT_CONTROL_SESSION
V/MusicFXControlPanelReceiver(  956): Package name: com.android.music
V/MusicFXControlPanelReceiver(  956): Audio session: 41
V/MusicFXControlPanelEffect(  956): closeSession(android.app.ReceiverRestrictedContext@b3d937f0, com.android.music, 41)
I/AudioService(  222):  AudioFocus  abandonAudioFocus() from android.media.AudioManager@b3dab598com.android.music.MediaPlaybackService$3@b3da9dd0
I/ActivityManager(  222): No longer want com.android.mms (pid 875): hidden #16
D/CountryDetector(  222): No listener is left
V/Localytics( 1006): Opening new session
V/Localytics( 1006): Opening old unclosed session and reconnecting
I/qtaguid (  222): Failed write_ctrl(s 1 10050) res=-1 errno=1
W/NetworkManagementSocketTagger(  222): setKernelCountSet(10050, 1) failed with errno -1
I/qtaguid (  222): Failed write_ctrl(s 0 10019) res=-1 errno=1
W/NetworkManagementSocketTagger(  222): setKernelCountSet(10019, 0) failed with errno -1
W/System.err( 1006): java.net.UnknownHostException: Unable to resolve host "chart.googleapis.com": No address associated with hostname
W/System.err( 1006): 	at java.net.InetAddress.lookupHostByName(InetAddress.java:424)
W/System.err( 1006): 	at java.net.InetAddress.getAllByNameImpl(InetAddress.java:236)
W/System.err( 1006): 	at java.net.InetAddress.getAllByName(InetAddress.java:214)
W/System.err( 1006): 	at org.apache.http.impl.conn.DefaultClientConnectionOperator.openConnection(DefaultClientConnectionOperator.java:137)
W/System.err( 1006): 	at org.apache.http.impl.conn.AbstractPoolEntry.open(AbstractPoolEntry.java:164)
W/System.err( 1006): 	at org.apache.http.impl.conn.AbstractPooledConnAdapter.open(AbstractPooledConnAdapter.java:119)
W/System.err( 1006): 	at org.apache.http.impl.client.DefaultRequestDirector.execute(DefaultRequestDirector.java:360)
W/System.err( 1006): 	at org.apache.http.impl.client.AbstractHttpClient.execute(AbstractHttpClient.java:555)
W/System.err( 1006): 	at org.apache.http.impl.client.AbstractHttpClient.execute(AbstractHttpClient.java:487)
W/System.err( 1006): 	at org.apache.http.impl.client.AbstractHttpClient.execute(AbstractHttpClient.java:465)
W/System.err( 1006): 	at com.extend.battery.n.a(Unknown Source)
W/System.err( 1006): 	at com.extend.battery.n.doInBackground(Unknown Source)
W/System.err( 1006): 	at android.os.AsyncTask$2.call(AsyncTask.java:287)
W/System.err( 1006): 	at java.util.concurrent.FutureTask$Sync.innerRun(FutureTask.java:305)
W/System.err( 1006): 	at java.util.concurrent.FutureTask.run(FutureTask.java:137)
W/System.err( 1006): 	at java.util.concurrent.ThreadPoolExecutor.runWorker(ThreadPoolExecutor.java:1076)
W/System.err( 1006): 	at java.util.concurrent.ThreadPoolExecutor$Worker.run(ThreadPoolExecutor.java:569)
W/System.err( 1006): 	at java.lang.Thread.run(Thread.java:856)
W/System.err( 1006): Caused by: libcore.io.GaiException: getaddrinfo failed: EAI_NODATA (No address associated with hostname)
W/System.err( 1006): 	at libcore.io.Posix.getaddrinfo(Native Method)
W/System.err( 1006): 	at libcore.io.ForwardingOs.getaddrinfo(ForwardingOs.java:55)
W/System.err( 1006): 	at java.net.InetAddress.lookupHostByName(InetAddress.java:405)
W/System.err( 1006): 	... 17 more
W/System.err( 1006): Caused by: libcore.io.ErrnoException: getaddrinfo failed: ETIMEDOUT (Connection timed out)
W/System.err( 1006): 	... 20 more
