D/InputEventConsistencyVerifier(  965):   -- recent events --
D/InputEventConsistencyVerifier(  965):   1: sent at 338303000000, MotionEvent { action=ACTION_UP, id[0]=0, x[0]=114.0, y[0]=38.0, toolType[0]=TOOL_TYPE_UNKNOWN, buttonState=0, metaState=0, flags=0x0, edgeFlags=0x0, pointerCount=1, historySize=0, eventTime=338303, downTime=338116, deviceId=0, source=0x1002 }
D/InputEventConsistencyVerifier(  965):   2: sent at 338117000000, MotionEvent { action=ACTION_DOWN, id[0]=0, x[0]=126.0, y[0]=44.0, toolType[0]=TOOL_TYPE_UNKNOWN, buttonState=0, metaState=0, flags=0x0, edgeFlags=0x0, pointerCount=1, historySize=0, eventTime=338117, downTime=338116, deviceId=0, source=0x1002 }
D/InputEventConsistencyVerifier(  965):   3: sent at 337317000000, KeyEvent { action=ACTION_UP, keyCode=KEYCODE_MENU, scanCode=0, metaState=0, flags=0x8, repeatCount=0, eventTime=337317, downTime=337317, deviceId=-1, source=0x101 }
D/InputEventConsistencyVerifier(  965):   4: sent at 336955000000, KeyEvent { action=ACTION_UP, keyCode=KEYCODE_DEL, scanCode=0, metaState=0, flags=0x6, repeatCount=0, eventTime=336955, downTime=336955, deviceId=-1, source=0x0 }
D/InputEventConsistencyVerifier(  965):   5: sent at 336955000000, KeyEvent { action=ACTION_DOWN, keyCode=KEYCODE_DEL, scanCode=0, metaState=0, flags=0x6, repeatCount=0, eventTime=336955, downTime=336955, deviceId=-1, source=0x0 }
W/InputMethodManagerService(  230): Window already focused, ignoring focus gain of: com.android.internal.view.IInputMethodClient$Stub$Proxy@b3da81a0 attribute=null
I/InputAttributes(  489): InputType.TYPE_NULL is specified
D/InputEventConsistencyVerifier(  965): KeyEvent: ACTION_UP but key was not down.
D/InputEventConsistencyVerifier(  965):   in android.widget.LinearLayout@b3eebcb0
D/InputEventConsistencyVerifier(  965):   0: sent at 341155000000, KeyEvent { action=ACTION_UP, keyCode=KEYCODE_DPAD_LEFT, scanCode=0, metaState=0, flags=0x8, repeatCount=0, eventTime=341155, downTime=341155, deviceId=-1, source=0x101 }
D/InputEventConsistencyVerifier(  965):   -- recent events --
D/InputEventConsistencyVerifier(  965):   1: sent at 319674000000, (unhandled) KeyEvent { action=ACTION_UP, keyCode=KEYCODE_MENU, scanCode=0, metaState=0, flags=0x8, repeatCount=0, eventTime=319674, downTime=319674, deviceId=-1, source=0x101 }
D/InputEventConsistencyVerifier(  965):   2: sent at 319582000000, (unhandled) KeyEvent { action=ACTION_DOWN, keyCode=KEYCODE_MENU, scanCode=0, metaState=0, flags=0x8, repeatCount=0, eventTime=319582, downTime=319582, deviceId=-1, source=0x101 }
D/InputEventConsistencyVerifier(  965):   3: sent at 318460000000, KeyEvent { action=ACTION_UP, keyCode=KEYCODE_DPAD_CENTER, scanCode=0, metaState=0, flags=0x8, repeatCount=0, eventTime=318460, downTime=318460, deviceId=-1, source=0x101 }
D/InputEventConsistencyVerifier(  965):   4: sent at 316018000000, KeyEvent { action=ACTION_DOWN, keyCode=KEYCODE_DPAD_CENTER, scanCode=0, metaState=0, flags=0x8, repeatCount=0, eventTime=316018, downTime=316018, deviceId=-1, source=0x101 }
D/InputEventConsistencyVerifier(  965):   5: sent at 318433000000, (unhandled) KeyEvent { action=ACTION_UP, keyCode=KEYCODE_DPAD_LEFT, scanCode=0, metaState=0, flags=0x400, repeatCount=0, eventTime=318433, downTime=318433, deviceId=-1, source=0x101 }
I/Choreographer(  965): Skipped 60 frames!  The application may be doing too much work on its main thread.
I/Choreographer(  489): Skipped 284 frames!  The application may be doing too much work on its main thread.
I/Choreographer(  489): Skipped 35 frames!  The application may be doing too much work on its main thread.
D/InputEventConsistencyVerifier(  965): KeyEvent: ACTION_UP but key was not down.
D/InputEventConsistencyVerifier(  965):   in com.android.internal.policy.impl.PhoneWindow$DecorView@b3f4d9b8
D/InputEventConsistencyVerifier(  965):   0: sent at 341703000000, KeyEvent { action=ACTION_UP, keyCode=KEYCODE_DPAD_UP, scanCode=0, metaState=0, flags=0x400, repeatCount=0, eventTime=341703, downTime=341703, deviceId=-1, source=0x101 }
D/InputEventConsistencyVerifier(  965):   -- recent events --
D/InputEventConsistencyVerifier(  965):   1: sent at 341596000000, (unhandled) MotionEvent { action=ACTION_MOVE, id[0]=0, x[0]=-4.0, y[0]=2.0, toolType[0]=TOOL_TYPE_UNKNOWN, buttonState=0, metaState=0, flags=0x0, edgeFlags=0x0, pointerCount=1, historySize=18, eventTime=341596, downTime=-1, deviceId=0, source=0x10004 }
D/InputEventConsistencyVerifier(  965):   2: sent at 341265000000, (unhandled) MotionEvent { action=ACTION_MOVE, id[0]=0, x[0]=1.0, y[0]=-3.0, toolType[0]=TOOL_TYPE_UNKNOWN, buttonState=0, metaState=0, flags=0x0, edgeFlags=0x0, pointerCount=1, historySize=0, eventTime=341265, downTime=-1, deviceId=0, source=0x10004 }
D/InputEventConsistencyVerifier(  965):   3: sent at 341241000000, MotionEvent { action=ACTION_UP, id[0]=0, x[0]=428.0, y[0]=347.0, toolType[0]=TOOL_TYPE_UNKNOWN, buttonState=0, metaState=0, flags=0x0, edgeFlags=0x0, pointerCount=1, historySize=0, eventTime=341241, downTime=341232, deviceId=0, source=0x1002 }
D/InputEventConsistencyVerifier(  965):   4: sent at 341232000000, MotionEvent { action=ACTION_DOWN, id[0]=0, x[0]=440.0, y[0]=347.0, toolType[0]=TOOL_TYPE_UNKNOWN, buttonState=0, metaState=0, flags=0x0, edgeFlags=0x0, pointerCount=1, historySize=0, eventTime=341232, downTime=341232, deviceId=0, source=0x1002 }
D/InputEventConsistencyVerifier(  965):   5: sent at 341155000000, (unhandled) KeyEvent { action=ACTION_UP, keyCode=KEYCODE_DPAD_LEFT, scanCode=0, metaState=0, flags=0x8, repeatCount=0, eventTime=341155, downTime=341155, deviceId=-1, source=0x101 }
I/Choreographer(  489): Skipped 79 frames!  The application may be doing too much work on its main thread.
I/InputAttributes(  489): InputType.TYPE_NULL is specified
D/InputEventConsistencyVerifier(  965): KeyEvent: ACTION_UP but key was not down.
D/InputEventConsistencyVerifier(  965):   in android.widget.LinearLayout@b3eebcb0
D/InputEventConsistencyVerifier(  965):   0: sent at 341709000000, KeyEvent { action=ACTION_UP, keyCode=KEYCODE_DPAD_LEFT, scanCode=0, metaState=0, flags=0x400, repeatCount=0, eventTime=341709, downTime=341709, deviceId=-1, source=0x101 }
D/InputEventConsistencyVerifier(  965):   -- recent events --
D/InputEventConsistencyVerifier(  965):   1: sent at 341155000000, (unhandled) KeyEvent { action=ACTION_UP, keyCode=KEYCODE_DPAD_LEFT, scanCode=0, metaState=0, flags=0x80000008, repeatCount=0, eventTime=341155, downTime=341155, deviceId=-1, source=0x101 }
D/InputEventConsistencyVerifier(  965):   2: sent at 319674000000, (unhandled) KeyEvent { action=ACTION_UP, keyCode=KEYCODE_MENU, scanCode=0, metaState=0, flags=0x8, repeatCount=0, eventTime=319674, downTime=319674, deviceId=-1, source=0x101 }
D/InputEventConsistencyVerifier(  965):   3: sent at 319582000000, (unhandled) KeyEvent { action=ACTION_DOWN, keyCode=KEYCODE_MENU, scanCode=0, metaState=0, flags=0x8, repeatCount=0, eventTime=319582, downTime=319582, deviceId=-1, source=0x101 }
D/InputEventConsistencyVerifier(  965):   4: sent at 318460000000, KeyEvent { action=ACTION_UP, keyCode=KEYCODE_DPAD_CENTER, scanCode=0, metaState=0, flags=0x8, repeatCount=0, eventTime=318460, downTime=318460, deviceId=-1, source=0x101 }
D/InputEventConsistencyVerifier(  965):   5: sent at 316018000000, KeyEvent { action=ACTION_DOWN, keyCode=KEYCODE_DPAD_CENTER, scanCode=0, metaState=0, flags=0x8, repeatCount=0, eventTime=316018, downTime=316018, deviceId=-1, source=0x101 }
I/Choreographer(  489): Skipped 96 frames!  The application may be doing too much work on its main thread.
D/InputEventConsistencyVerifier(  965): TrackballEvent: Trackball is down but pressure is not greater than 0.
D/InputEventConsistencyVerifier(  965):   in android.view.ViewRootImpl@b3f417c0
D/InputEventConsistencyVerifier(  965):   0: sent at 341598000000, MotionEvent { action=ACTION_DOWN, id[0]=0, x[0]=0.0, y[0]=0.0, toolType[0]=TOOL_TYPE_UNKNOWN, buttonState=0, metaState=0, flags=0x0, edgeFlags=0x0, pointerCount=1, historySize=0, eventTime=341598, downTime=341544, deviceId=0, source=0x10004 }
D/InputEventConsistencyVerifier(  965):   -- recent events --
D/InputEventConsistencyVerifier(  965):   1: sent at 341715000000, KeyEvent { action=ACTION_UP, keyCode=KEYCODE_DPAD_LEFT, scanCode=0, metaState=0, flags=0x400, repeatCount=0, eventTime=341715, downTime=341715, deviceId=-1, source=0x101 }
D/InputEventConsistencyVerifier(  965):   2: sent at 341715000000, KeyEvent { action=ACTION_DOWN, keyCode=KEYCODE_DPAD_LEFT, scanCode=0, metaState=0, flags=0x400, repeatCount=0, eventTime=341715, downTime=341715, deviceId=-1, source=0x101 }
D/InputEventConsistencyVerifier(  965):   3: sent at 341710000000, KeyEvent { action=ACTION_UP, keyCode=KEYCODE_DPAD_LEFT, scanCode=0, metaState=0, flags=0x400, repeatCount=0, eventTime=341710, downTime=341710, deviceId=-1, source=0x101 }
D/InputEventConsistencyVerifier(  965):   4: sent at 341710000000, KeyEvent { action=ACTION_DOWN, keyCode=KEYCODE_DPAD_LEFT, scanCode=0, metaState=0, flags=0x400, repeatCount=0, eventTime=341710, downTime=341710, deviceId=-1, source=0x101 }
D/InputEventConsistencyVerifier(  965):   5: sent at 341709000000, KeyEvent { action=ACTION_UP, keyCode=KEYCODE_DPAD_LEFT, scanCode=0, metaState=0, flags=0x400, repeatCount=0, eventTime=341709, downTime=341709, deviceId=-1, source=0x101 }
I/InputDispatcher(  230): Window 'Window{b4016a58 com.soft.android.appinstaller/com.soft.android.appinstaller.FinishActivity paused=false}' spent 2536.2ms processing the last input event: MotionEvent(action=0, deviceId=0, source=0x00010004)
I/InputDispatcher(  230): Window 'Window{b4016a58 com.soft.android.appinstaller/com.soft.android.appinstaller.FinishActivity paused=false}' spent 2535.2ms processing the last input event: MotionEvent(action=1, deviceId=0, source=0x00010004)
V/log     (  965): Exit
I/Choreographer(  230): Skipped 67 frames!  The application may be doing too much work on its main thread.
I/Choreographer(  965): Skipped 76 frames!  The application may be doing too much work on its main thread.
I/Choreographer(  965): Skipped 61 frames!  The application may be doing too much work on its main thread.
I/Choreographer(  489): Skipped 130 frames!  The application may be doing too much work on its main thread.
I/Choreographer(  965): Skipped 30 frames!  The application may be doing too much work on its main thread.
I/InputAttributes(  489): InputType.TYPE_NULL is specified
I/Choreographer(  489): Skipped 145 frames!  The application may be doing too much work on its main thread.
I/Choreographer(  230): Skipped 47 frames!  The application may be doing too much work on its main thread.
I/Choreographer(  965): Skipped 51 frames!  The application may be doing too much work on its main thread.
I/Choreographer(  489): Skipped 92 frames!  The application may be doing too much work on its main thread.
I/Choreographer(  965): Skipped 30 frames!  The application may be doing too much work on its main thread.
I/Choreographer(  489): Skipped 42 frames!  The application may be doing too much work on its main thread.
I/Choreographer(  489): Skipped 42 frames!  The application may be doing too much work on its main thread.
D/InputEventConsistencyVerifier(  965): TrackballEvent: Trackball is down but pressure is not greater than 0.
D/InputEventConsistencyVerifier(  965):   in android.view.ViewRootImpl@b3f417c0
D/InputEventConsistencyVerifier(  965):   0: sent at 348933000000, MotionEvent { action=ACTION_DOWN, id[0]=0, x[0]=0.0, y[0]=0.0, toolType[0]=TOOL_TYPE_UNKNOWN, buttonState=0, metaState=0, flags=0x0, edgeFlags=0x0, pointerCount=1, historySize=0, eventTime=348933, downTime=348896, deviceId=0, source=0x10004 }
D/InputEventConsistencyVerifier(  965):   -- recent events --
D/InputEventConsistencyVerifier(  965):   1: sent at 348931000000, MotionEvent { action=ACTION_MOVE, id[0]=0, x[0]=2.0, y[0]=-1.0, toolType[0]=TOOL_TYPE_UNKNOWN, buttonState=0, metaState=0, flags=0x0, edgeFlags=0x0, pointerCount=1, historySize=9, eventTime=348931, downTime=-1, deviceId=0, source=0x10004 }
D/InputEventConsistencyVerifier(  965):   2: sent at 348828000000, KeyEvent { action=ACTION_UP, keyCode=KEYCODE_DPAD_UP, scanCode=0, metaState=0, flags=0x8, repeatCount=0, eventTime=348828, downTime=348828, deviceId=-1, source=0x101 }
D/InputEventConsistencyVerifier(  965):   3: sent at 348793000000, KeyEvent { action=ACTION_DOWN, keyCode=KEYCODE_DPAD_UP, scanCode=0, metaState=0, flags=0x8, repeatCount=0, eventTime=348793, downTime=348793, deviceId=-1, source=0x101 }
D/InputEventConsistencyVerifier(  965):   4: sent at 347931000000, KeyEvent { action=ACTION_UP, keyCode=KEYCODE_DPAD_CENTER, scanCode=0, metaState=0, flags=0x8, repeatCount=0, eventTime=347931, downTime=347931, deviceId=-1, source=0x101 }
D/InputEventConsistencyVerifier(  965):   5: sent at 346718000000, KeyEvent { action=ACTION_DOWN, keyCode=KEYCODE_DPAD_CENTER, scanCode=0, metaState=0, flags=0x8, repeatCount=0, eventTime=346718, downTime=346718, deviceId=-1, source=0x101 }
I/InputAttributes(  489): InputType.TYPE_NULL is specified
D/InputEventConsistencyVerifier(  965): KeyEvent: ACTION_UP but key was not down.
D/InputEventConsistencyVerifier(  965):   in android.widget.LinearLayout@b3eebcb0
D/InputEventConsistencyVerifier(  965):   0: sent at 349716000000, KeyEvent { action=ACTION_UP, keyCode=KEYCODE_DPAD_LEFT, scanCode=0, metaState=0, flags=0x8, repeatCount=0, eventTime=349716, downTime=349716, deviceId=-1, source=0x101 }
D/InputEventConsistencyVerifier(  965):   -- recent events --
D/InputEventConsistencyVerifier(  965):   1: sent at 346654000000, (unhandled) KeyEvent { action=ACTION_DOWN, keyCode=KEYCODE_DPAD_UP, scanCode=0, metaState=0, flags=0x400, repeatCount=0, eventTime=346654, downTime=346654, deviceId=-1, source=0x101 }
D/InputEventConsistencyVerifier(  965):   2: sent at 346653000000, (unhandled) KeyEvent { action=ACTION_UP, keyCode=KEYCODE_DPAD_UP, scanCode=0, metaState=0, flags=0x400, repeatCount=0, eventTime=346653, downTime=346653, deviceId=-1, source=0x101 }
D/InputEventConsistencyVerifier(  965):   3: sent at 344141000000, (unhandled) KeyEvent { action=ACTION_UP, keyCode=KEYCODE_0, scanCode=0, metaState=0, flags=0x8, repeatCount=0, eventTime=344141, downTime=344141, deviceId=-1, source=0x101 }
D/InputEventConsistencyVerifier(  965):   4: sent at 341621000000, (unhandled) KeyEvent { action=ACTION_DOWN, keyCode=KEYCODE_0, scanCode=0, metaState=0, flags=0x8, repeatCount=0, eventTime=341621, downTime=341621, deviceId=-1, source=0x101 }
D/InputEventConsistencyVerifier(  965):   5: sent at 344138000000, KeyEvent { action=ACTION_UP, keyCode=KEYCODE_DPAD_CENTER, scanCode=0, metaState=0, flags=0x400, repeatCount=0, eventTime=344138, downTime=344138, deviceId=-1, source=0x101 }
I/Choreographer(  489): Skipped 214 frames!  The application may be doing too much work on its main thread.
D/InputEventConsistencyVerifier(  965): KeyEvent: ACTION_UP but key was not down.
D/InputEventConsistencyVerifier(  965):   in android.widget.TextView@b3efbe70
D/InputEventConsistencyVerifier(  965):   0: sent at 351029000000, KeyEvent { action=ACTION_UP, keyCode=KEYCODE_DPAD_UP, scanCode=0, metaState=0, flags=0x400, repeatCount=0, eventTime=351029, downTime=351029, deviceId=-1, source=0x101 }
D/InputEventConsistencyVerifier(  965):   -- recent events --
D/InputEventConsistencyVerifier(  965):   1: sent at 349638000000, (unhandled) KeyEvent { action=ACTION_DOWN, keyCode=KEYCODE_DPAD_LEFT, scanCode=0, metaState=0, flags=0x8, repeatCount=0, eventTime=349638, downTime=349638, deviceId=-1, source=0x101 }
D/InputEventConsistencyVerifier(  965):   2: sent at 349332000000, (unhandled) KeyEvent { action=ACTION_UP, keyCode=KEYCODE_DPAD_UP, scanCode=0, metaState=0, flags=0x8, repeatCount=0, eventTime=349332, downTime=349332, deviceId=-1, source=0x101 }
D/InputEventConsistencyVerifier(  965):   3: sent at 348942000000, KeyEvent { action=ACTION_DOWN, keyCode=KEYCODE_DPAD_UP, scanCode=0, metaState=0, flags=0x8, repeatCount=0, eventTime=348942, downTime=348942, deviceId=-1, source=0x101 }
D/InputEventConsistencyVerifier(  965):   4: sent at 349324000000, (unhandled) KeyEvent { action=ACTION_UP, keyCode=KEYCODE_DPAD_CENTER, scanCode=0, metaState=0, flags=0x400, repeatCount=0, eventTime=349324, downTime=349324, deviceId=-1, source=0x101 }
D/InputEventConsistencyVerifier(  965):   5: sent at 349310000000, KeyEvent { action=ACTION_DOWN, keyCode=KEYCODE_DPAD_CENTER, scanCode=0, metaState=0, flags=0x400, repeatCount=0, eventTime=349310, downTime=349310, deviceId=-1, source=0x101 }
I/Choreographer(  489): Skipped 79 frames!  The application may be doing too much work on its main thread.
D/InputEventConsistencyVerifier(  965): KeyEvent: ACTION_UP but key was not down.
D/InputEventConsistencyVerifier(  965):   in com.android.internal.policy.impl.PhoneWindow$DecorView@b3f4d9b8
D/InputEventConsistencyVerifier(  965):   0: sent at 352089000000, KeyEvent { action=ACTION_UP, keyCode=KEYCODE_DPAD_UP, scanCode=0, metaState=0, flags=0x8, repeatCount=0, eventTime=352089, downTime=352089, deviceId=-1, source=0x101 }
D/InputEventConsistencyVerifier(  965):   -- recent events --
D/InputEventConsistencyVerifier(  965):   1: sent at 352038000000, MotionEvent { action=ACTION_UP, id[0]=0, x[0]=480.0, y[0]=252.0, toolType[0]=TOOL_TYPE_UNKNOWN, buttonState=0, metaState=0, flags=0x0, edgeFlags=0x0, pointerCount=1, historySize=0, eventTime=352038, downTime=351961, deviceId=0, source=0x1002 }
D/InputEventConsistencyVerifier(  965):   2: sent at 352036000000, MotionEvent { action=ACTION_MOVE, id[0]=0, x[0]=480.0, y[0]=251.0, toolType[0]=TOOL_TYPE_UNKNOWN, buttonState=0, metaState=0, flags=0x0, edgeFlags=0x0, pointerCount=1, historySize=8, eventTime=352036, downTime=351961, deviceId=0, source=0x1002 }
D/InputEventConsistencyVerifier(  965):   3: sent at 351965000000, MotionEvent { action=ACTION_DOWN, id[0]=0, x[0]=436.0, y[0]=235.0, toolType[0]=TOOL_TYPE_UNKNOWN, buttonState=0, metaState=0, flags=0x0, edgeFlags=0x0, pointerCount=1, historySize=0, eventTime=351965, downTime=351961, deviceId=0, source=0x1002 }
D/InputEventConsistencyVerifier(  965):   4: sent at 351042000000, (unhandled) KeyEvent { action=ACTION_UP, keyCode=KEYCODE_DPAD_CENTER, scanCode=0, metaState=0, flags=0x8, repeatCount=0, eventTime=351042, downTime=351042, deviceId=-1, source=0x101 }
D/InputEventConsistencyVerifier(  965):   5: sent at 351042000000, (unhandled) KeyEvent { action=ACTION_UP, keyCode=KEYCODE_BUTTON_Y, scanCode=0, metaState=0, flags=0x8, repeatCount=0, eventTime=351042, downTime=351042, deviceId=-1, source=0x101 }
I/ActivityManager(  230): START {act=android.intent.action.MAIN cat=[android.intent.category.LAUNCHER] flg=0x10200000 cmp=com.soft.android.appinstaller/.FirstActivity u=0} from pid 946
I/ActivityManager(  230): START {act=android.intent.action.MAIN cat=[android.intent.category.LAUNCHER] flg=0x10200000 cmp=com.soft.android.appinstaller/.FirstActivity u=0} from pid 946
I/Choreographer(  965): Skipped 44 frames!  The application may be doing too much work on its main thread.
I/Choreographer(  489): Skipped 31 frames!  The application may be doing too much work on its main thread.
I/Choreographer(  489): Skipped 33 frames!  The application may be doing too much work on its main thread.
I/Choreographer(  965): Skipped 48 frames!  The application may be doing too much work on its main thread.
I/Choreographer(  965): Skipped 43 frames!  The application may be doing too much work on its main thread.
I/ActivityManager(  230): START {act=android.intent.action.MAIN cat=[android.intent.category.LAUNCHER] flg=0x10200000 cmp=com.soft.android.appinstaller/.FirstActivity u=0} from pid 946
D/InputEventConsistencyVerifier(  965): TrackballEvent: Trackball is down but pressure is not greater than 0.
D/InputEventConsistencyVerifier(  965):   in android.view.ViewRootImpl@b3f0fa28
D/InputEventConsistencyVerifier(  965):   0: sent at 353097000000, MotionEvent { action=ACTION_DOWN, id[0]=0, x[0]=0.0, y[0]=0.0, toolType[0]=TOOL_TYPE_UNKNOWN, buttonState=0, metaState=0, flags=0x0, edgeFlags=0x0, pointerCount=1, historySize=0, eventTime=353097, downTime=353047, deviceId=0, source=0x10004 }
D/InputEventConsistencyVerifier(  965):   -- recent events --
D/InputEventConsistencyVerifier(  965):   1: sent at 353155000000, KeyEvent { action=ACTION_UP, keyCode=KEYCODE_DPAD_DOWN, scanCode=0, metaState=0, flags=0x400, repeatCount=0, eventTime=353155, downTime=353155, deviceId=-1, source=0x101 }
D/InputEventConsistencyVerifier(  965):   2: sent at 353155000000, KeyEvent { action=ACTION_DOWN, keyCode=KEYCODE_DPAD_DOWN, scanCode=0, metaState=0, flags=0x400, repeatCount=0, eventTime=353155, downTime=353155, deviceId=-1, source=0x101 }
D/InputEventConsistencyVerifier(  965):   3: sent at 353154000000, KeyEvent { action=ACTION_UP, keyCode=KEYCODE_DPAD_DOWN, scanCode=0, metaState=0, flags=0x400, repeatCount=0, eventTime=353154, downTime=353154, deviceId=-1, source=0x101 }
D/InputEventConsistencyVerifier(  965):   4: sent at 353154000000, KeyEvent { action=ACTION_DOWN, keyCode=KEYCODE_DPAD_DOWN, scanCode=0, metaState=0, flags=0x400, repeatCount=0, eventTime=353154, downTime=353154, deviceId=-1, source=0x101 }
D/InputEventConsistencyVerifier(  965):   5: sent at 353153000000, KeyEvent { action=ACTION_UP, keyCode=KEYCODE_DPAD_DOWN, scanCode=0, metaState=0, flags=0x400, repeatCount=0, eventTime=353153, downTime=353153, deviceId=-1, source=0x101 }
V/PhoneStatusBar(  436): setLightsOn(true)
I/Choreographer(  965): Skipped 85 frames!  The application may be doing too much work on its main thread.
D/InputEventConsistencyVerifier(  965): KeyEvent: ACTION_UP but key was not down.
D/InputEventConsistencyVerifier(  965):   in android.view.ViewRootImpl@b3f417c0
D/InputEventConsistencyVerifier(  965):   0: sent at 353615000000, KeyEvent { action=ACTION_UP, keyCode=KEYCODE_DPAD_LEFT, scanCode=0, metaState=0, flags=0x8, repeatCount=0, eventTime=353615, downTime=353615, deviceId=-1, source=0x101 }
D/InputEventConsistencyVerifier(  965):   -- recent events --
D/InputEventConsistencyVerifier(  965):   1: sent at 352136000000, KeyEvent { action=ACTION_UP, keyCode=KEYCODE_MENU, scanCode=0, metaState=0, flags=0x8, repeatCount=0, eventTime=352136, downTime=352136, deviceId=-1, source=0x101 }
D/InputEventConsistencyVerifier(  965):   2: sent at 352113000000, KeyEvent { action=ACTION_DOWN, keyCode=KEYCODE_MENU, scanCode=0, metaState=0, flags=0x8, repeatCount=0, eventTime=352113, downTime=352113, deviceId=-1, source=0x101 }
D/InputEventConsistencyVerifier(  965):   3: sent at 352089000000, KeyEvent { action=ACTION_UP, keyCode=KEYCODE_DPAD_UP, scanCode=0, metaState=0, flags=0x8, repeatCount=0, eventTime=352089, downTime=352089, deviceId=-1, source=0x101 }
D/InputEventConsistencyVerifier(  965):   4: sent at 352043000000, KeyEvent { action=ACTION_DOWN, keyCode=KEYCODE_DPAD_UP, scanCode=0, metaState=0, flags=0x8, repeatCount=0, eventTime=352043, downTime=352043, deviceId=-1, source=0x101 }
D/InputEventConsistencyVerifier(  965):   5: sent at 352038000000, MotionEvent { action=ACTION_UP, id[0]=0, x[0]=480.0, y[0]=252.0, toolType[0]=TOOL_TYPE_UNKNOWN, buttonState=0, metaState=0, flags=0x0, edgeFlags=0x0, pointerCount=1, historySize=0, eventTime=352038, downTime=351961, deviceId=0, source=0x1002 }
W/InputMethodManagerService(  230): Window already focused, ignoring focus gain of: com.android.internal.view.IInputMethodClient$Stub$Proxy@b3fd5230 attribute=android.view.inputmethod.EditorInfo@b3fd5248
I/InputAttributes(  489): InputType.TYPE_NULL is specified
I/Choreographer(  965): Skipped 35 frames!  The application may be doing too much work on its main thread.
I/Choreographer(  489): Skipped 97 frames!  The application may be doing too much work on its main thread.
I/Choreographer(  489): Skipped 85 frames!  The application may be doing too much work on its main thread.
I/Choreographer(  965): Skipped 95 frames!  The application may be doing too much work on its main thread.
I/Choreographer(  965): Skipped 35 frames!  The application may be doing too much work on its main thread.
I/Choreographer(  489): Skipped 130 frames!  The application may be doing too much work on its main thread.
I/Choreographer(  489): Skipped 38 frames!  The application may be doing too much work on its main thread.
I/Choreographer(  230): Skipped 38 frames!  The application may be doing too much work on its main thread.
I/Choreographer(  965): Skipped 54 frames!  The application may be doing too much work on its main thread.
I/Choreographer(  965): Skipped 32 frames!  The application may be doing too much work on its main thread.
I/Choreographer(  230): Skipped 36 frames!  The application may be doing too much work on its main thread.
I/Choreographer(  965): Skipped 46 frames!  The application may be doing too much work on its main thread.
I/Choreographer(  965): Skipped 47 frames!  The application may be doing too much work on its main thread.
I/Choreographer(  489): Skipped 185 frames!  The application may be doing too much work on its main thread.
I/Choreographer(  965): Skipped 43 frames!  The application may be doing too much work on its main thread.
D/InputEventConsistencyVerifier(  965): KeyEvent: ACTION_UP but key was not down.
D/InputEventConsistencyVerifier(  965):   in com.android.internal.policy.impl.PhoneWindow$DecorView@b3f4d9b8
D/InputEventConsistencyVerifier(  965):   0: sent at 357469000000, KeyEvent { action=ACTION_UP, keyCode=KEYCODE_DPAD_UP, scanCode=0, metaState=0, flags=0x8, repeatCount=0, eventTime=357469, downTime=357469, deviceId=-1, source=0x101 }
D/InputEventConsistencyVerifier(  965):   -- recent events --
D/InputEventConsistencyVerifier(  965):   1: sent at 356536000000, (unhandled) KeyEvent { action=ACTION_UP, keyCode=KEYCODE_BOOKMARK, scanCode=0, metaState=0, flags=0x8, repeatCount=0, eventTime=356536, downTime=356536, deviceId=-1, source=0x101 }
D/InputEventConsistencyVerifier(  965):   2: sent at 356428000000, (unhandled) KeyEvent { action=ACTION_DOWN, keyCode=KEYCODE_BOOKMARK, scanCode=0, metaState=0, flags=0x8, repeatCount=0, eventTime=356428, downTime=356428, deviceId=-1, source=0x101 }
D/InputEventConsistencyVerifier(  965):   3: sent at 356270000000, (unhandled) KeyEvent { action=ACTION_UP, keyCode=KEYCODE_VOLUME_UP, scanCode=0, metaState=0, flags=0x8, repeatCount=0, eventTime=356270, downTime=356270, deviceId=-1, source=0x101 }
D/InputEventConsistencyVerifier(  965):   4: sent at 356183000000, (unhandled) KeyEvent { action=ACTION_DOWN, keyCode=KEYCODE_VOLUME_UP, scanCode=0, metaState=0, flags=0x8, repeatCount=0, eventTime=356183, downTime=356183, deviceId=-1, source=0x101 }
D/InputEventConsistencyVerifier(  965):   5: sent at 356167000000, MotionEvent { action=ACTION_UP, id[0]=0, x[0]=110.0, y[0]=207.0, toolType[0]=TOOL_TYPE_UNKNOWN, buttonState=0, metaState=0, flags=0x0, edgeFlags=0x0, pointerCount=1, historySize=0, eventTime=356167, downTime=356151, deviceId=0, source=0x1002 }
I/InputAttributes(  489): InputType.TYPE_NULL is specified
D/InputEventConsistencyVerifier(  965): KeyEvent: ACTION_UP but key was not down.
D/InputEventConsistencyVerifier(  965):   in android.widget.LinearLayout@b3eebcb0
D/InputEventConsistencyVerifier(  965):   0: sent at 357714000000, KeyEvent { action=ACTION_UP, keyCode=KEYCODE_DPAD_RIGHT, scanCode=0, metaState=0, flags=0x400, repeatCount=0, eventTime=357714, downTime=357714, deviceId=-1, source=0x101 }
D/InputEventConsistencyVerifier(  965):   -- recent events --
D/InputEventConsistencyVerifier(  965):   1: sent at 351029000000, (unhandled) KeyEvent { action=ACTION_DOWN, keyCode=KEYCODE_DPAD_UP, scanCode=0, metaState=0, flags=0x400, repeatCount=0, eventTime=351029, downTime=351029, deviceId=-1, source=0x101 }
D/InputEventConsistencyVerifier(  965):   2: sent at 350989000000, (unhandled) MotionEvent { action=ACTION_MOVE, id[0]=0, x[0]=2.0, y[0]=-3.0, toolType[0]=TOOL_TYPE_UNKNOWN, buttonState=0, metaState=0, flags=0x0, edgeFlags=0x0, pointerCount=1, historySize=9, eventTime=350989, downTime=-1, deviceId=0, source=0x10004 }
D/InputEventConsistencyVerifier(  965):   3: sent at 350919000000, (unhandled) KeyEvent { action=ACTION_UP, keyCode=KEYCODE_MINUS, scanCode=0, metaState=0, flags=0x8, repeatCount=0, eventTime=350919, downTime=350919, deviceId=-1, source=0x101 }
D/InputEventConsistencyVerifier(  965):   4: sent at 350869000000, (unhandled) KeyEvent { action=ACTION_DOWN, keyCode=KEYCODE_MINUS, scanCode=0, metaState=0, flags=0x8, repeatCount=0, eventTime=350869, downTime=350869, deviceId=-1, source=0x101 }
D/InputEventConsistencyVerifier(  965):   5: sent at 350152000000, (unhandled) KeyEvent { action=ACTION_UP, keyCode=KEYCODE_F8, scanCode=0, metaState=0, flags=0x8, repeatCount=0, eventTime=350152, downTime=350152, deviceId=-1, source=0x101 }
I/Choreographer(  489): Skipped 168 frames!  The application may be doing too much work on its main thread.
D/InputEventConsistencyVerifier(  965): KeyEvent: ACTION_UP but key was not down.
D/InputEventConsistencyVerifier(  965):   in android.widget.TextView@b3efbe70
D/InputEventConsistencyVerifier(  965):   0: sent at 357729000000, KeyEvent { action=ACTION_UP, keyCode=KEYCODE_DPAD_UP, scanCode=0, metaState=0, flags=0x400, repeatCount=0, eventTime=357729, downTime=357729, deviceId=-1, source=0x101 }
D/InputEventConsistencyVerifier(  965):   -- recent events --
D/InputEventConsistencyVerifier(  965):   1: sent at 357714000000, (unhandled) KeyEvent { action=ACTION_DOWN, keyCode=KEYCODE_DPAD_RIGHT, scanCode=0, metaState=0, flags=0x400, repeatCount=0, eventTime=357714, downTime=357714, deviceId=-1, source=0x101 }
D/InputEventConsistencyVerifier(  965):   2: sent at 357679000000, MotionEvent { action=ACTION_MOVE, id[0]=0, x[0]=0.0, y[0]=-3.0, toolType[0]=TOOL_TYPE_UNKNOWN, buttonState=0, metaState=0, flags=0x0, edgeFlags=0x0, pointerCount=1, historySize=12, eventTime=357679, downTime=-1, deviceId=0, source=0x10004 }
D/InputEventConsistencyVerifier(  965):   3: sent at 357598000000, MotionEvent { action=ACTION_MOVE, id[0]=0, x[0]=3.0, y[0]=-2.0, toolType[0]=TOOL_TYPE_UNKNOWN, buttonState=0, metaState=0, flags=0x0, edgeFlags=0x0, pointerCount=1, historySize=6, eventTime=357598, downTime=-1, deviceId=0, source=0x10004 }
D/InputEventConsistencyVerifier(  965):   4: sent at 357469000000, (unhandled) KeyEvent { action=ACTION_UP, keyCode=KEYCODE_DPAD_UP, scanCode=0, metaState=0, flags=0x80000008, repeatCount=0, eventTime=357469, downTime=357469, deviceId=-1, source=0x101 }
D/InputEventConsistencyVerifier(  965):   5: sent at 356167000000, MotionEvent { action=ACTION_UP, id[0]=0, x[0]=110.0, y[0]=131.0, toolType[0]=TOOL_TYPE_UNKNOWN, buttonState=0, metaState=0, flags=0x0, edgeFlags=0x0, pointerCount=1, historySize=0, eventTime=356167, downTime=356151, deviceId=0, source=0x1002 }
I/Choreographer(  489): Skipped 81 frames!  The application may be doing too much work on its main thread.
I/Choreographer(  965): Skipped 41 frames!  The application may be doing too much work on its main thread.
I/Choreographer(  489): Skipped 58 frames!  The application may be doing too much work on its main thread.
I/ActivityManager(  230): START {act=android.intent.action.MAIN cat=[android.intent.category.LAUNCHER] flg=0x10000000 cmp=com.android.email/.activity.Welcome sel={act=android.intent.action.MAIN cat=[android.intent.category.APP_EMAIL]} u=0} from pid 230
D/InputEventConsistencyVerifier(  965): KeyEvent: ACTION_UP but key was not down.
D/InputEventConsistencyVerifier(  965):   in android.view.ViewRootImpl@b3f417c0
D/InputEventConsistencyVerifier(  965):   0: sent at 360152000000, KeyEvent { action=ACTION_UP, keyCode=KEYCODE_ENVELOPE, scanCode=0, metaState=0, flags=0x8, repeatCount=0, eventTime=360152, downTime=360152, deviceId=-1, source=0x101 }
D/InputEventConsistencyVerifier(  965):   -- recent events --
D/InputEventConsistencyVerifier(  965):   1: sent at 360020000000, KeyEvent { action=ACTION_UP, keyCode=KEYCODE_DPAD_DOWN, scanCode=0, metaState=0, flags=0x8, repeatCount=0, eventTime=360020, downTime=360020, deviceId=-1, source=0x101 }
D/InputEventConsistencyVerifier(  965):   2: sent at 359687000000, KeyEvent { action=ACTION_DOWN, keyCode=KEYCODE_DPAD_DOWN, scanCode=0, metaState=0, flags=0x8, repeatCount=0, eventTime=359687, downTime=359687, deviceId=-1, source=0x101 }
D/InputEventConsistencyVerifier(  965):   3: sent at 357746000000, KeyEvent { action=ACTION_UP, keyCode=KEYCODE_DPAD_DOWN, scanCode=0, metaState=0, flags=0x8, repeatCount=0, eventTime=357746, downTime=357746, deviceId=-1, source=0x101 }
D/InputEventConsistencyVerifier(  965):   4: sent at 357681000000, KeyEvent { action=ACTION_DOWN, keyCode=KEYCODE_DPAD_DOWN, scanCode=0, metaState=0, flags=0x8, repeatCount=0, eventTime=357681, downTime=357681, deviceId=-1, source=0x101 }
D/InputEventConsistencyVerifier(  965):   5: sent at 357731000000, KeyEvent { action=ACTION_UP, keyCode=KEYCODE_DPAD_UP, scanCode=0, metaState=0, flags=0x400, repeatCount=0, eventTime=357731, downTime=357731, deviceId=-1, source=0x101 }
D/InputEventConsistencyVerifier(  965): KeyEvent: ACTION_UP but key was not down.
D/InputEventConsistencyVerifier(  965):   in com.android.internal.policy.impl.PhoneWindow$DecorView@b3f4d9b8
D/InputEventConsistencyVerifier(  965):   0: sent at 360541000000, KeyEvent { action=ACTION_UP, keyCode=KEYCODE_DPAD_DOWN, scanCode=0, metaState=0, flags=0x8, repeatCount=0, eventTime=360541, downTime=360541, deviceId=-1, source=0x101 }
D/InputEventConsistencyVerifier(  965):   -- recent events --
D/InputEventConsistencyVerifier(  965):   1: sent at 360242000000, MotionEvent { action=ACTION_UP, id[0]=0, x[0]=318.0, y[0]=336.0, toolType[0]=TOOL_TYPE_UNKNOWN, buttonState=0, metaState=0, flags=0x0, edgeFlags=0x0, pointerCount=1, historySize=0, eventTime=360242, downTime=360222, deviceId=0, source=0x1002 }
D/InputEventConsistencyVerifier(  965):   2: sent at 360223000000, MotionEvent { action=ACTION_DOWN, id[0]=0, x[0]=324.0, y[0]=335.0, toolType[0]=TOOL_TYPE_UNKNOWN, buttonState=0, metaState=0, flags=0x0, edgeFlags=0x0, pointerCount=1, historySize=0, eventTime=360223, downTime=360222, deviceId=0, source=0x1002 }
D/InputEventConsistencyVerifier(  965):   3: sent at 360152000000, (unhandled) KeyEvent { action=ACTION_UP, keyCode=KEYCODE_ENVELOPE, scanCode=0, metaState=0, flags=0x80000008, repeatCount=0, eventTime=360152, downTime=360152, deviceId=-1, source=0x101 }
D/InputEventConsistencyVerifier(  965):   4: sent at 360020000000, (unhandled) KeyEvent { action=ACTION_UP, keyCode=KEYCODE_DPAD_DOWN, scanCode=0, metaState=0, flags=0x8, repeatCount=0, eventTime=360020, downTime=360020, deviceId=-1, source=0x101 }
D/InputEventConsistencyVerifier(  965):   5: sent at 359687000000, KeyEvent { action=ACTION_DOWN, keyCode=KEYCODE_DPAD_DOWN, scanCode=0, metaState=0, flags=0x8, repeatCount=0, eventTime=359687, downTime=359687, deviceId=-1, source=0x101 }
D/InputEventConsistencyVerifier(  436): TouchEvent: ACTION_DOWN but pointers are already down.  Probably missing ACTION_UP from previous gesture.
D/InputEventConsistencyVerifier(  436):   in android.view.ScaleGestureDetector@b3e74f90
D/InputEventConsistencyVerifier(  436):   0: sent at 360927000000, MotionEvent { action=ACTION_DOWN, id[0]=0, x[0]=316.0, y[0]=29.0, toolType[0]=TOOL_TYPE_UNKNOWN, buttonState=0, metaState=0, flags=0x0, edgeFlags=0x0, pointerCount=1, historySize=0, eventTime=360927, downTime=360926, deviceId=0, source=0x1002 }
D/InputEventConsistencyVerifier(  436):   -- recent events --
D/InputEventConsistencyVerifier(  436):   1: sent at 335674000000, MotionEvent { action=ACTION_DOWN, id[0]=0, x[0]=463.0, y[0]=438.0, toolType[0]=TOOL_TYPE_UNKNOWN, buttonState=0, metaState=0, flags=0x80000000, edgeFlags=0x0, pointerCount=1, historySize=0, eventTime=335674, downTime=335671, deviceId=0, source=0x1002 }
D/InputEventConsistencyVerifier(  436):   2: sent at 335335000000, MotionEvent { action=ACTION_MOVE, id[0]=0, x[0]=184.0, y[0]=695.0, toolType[0]=TOOL_TYPE_UNKNOWN, buttonState=0, metaState=0, flags=0x0, edgeFlags=0x0, pointerCount=1, historySize=7, eventTime=335335, downTime=335227, deviceId=0, source=0x1002 }
D/InputEventConsistencyVerifier(  436):   3: sent at 335240000000, MotionEvent { action=ACTION_DOWN, id[0]=0, x[0]=126.0, y[0]=643.0, toolType[0]=TOOL_TYPE_UNKNOWN, buttonState=0, metaState=0, flags=0x0, edgeFlags=0x0, pointerCount=1, historySize=0, eventTime=335240, downTime=335227, deviceId=0, source=0x1002 }
D/InputEventConsistencyVerifier(  436):   4: sent at 335078000000, MotionEvent { action=ACTION_UP, id[0]=0, x[0]=102.0, y[0]=763.0, toolType[0]=TOOL_TYPE_UNKNOWN, buttonState=0, metaState=0, flags=0x0, edgeFlags=0x0, pointerCount=1, historySize=0, eventTime=335078, downTime=335006, deviceId=0, source=0x1002 }
D/InputEventConsistencyVerifier(  436):   5: sent at 335036000000, MotionEvent { action=ACTION_MOVE, id[0]=0, x[0]=109.0, y[0]=768.0, toolType[0]=TOOL_TYPE_UNKNOWN, buttonState=0, metaState=0, flags=0x0, edgeFlags=0x0, pointerCount=1, historySize=0, eventTime=335036, downTime=335006, deviceId=0, source=0x1002 }
W/dalvikvm(  946): DroidBox: { "FdAccess": { "path": "2f6465762f696e7075742f6576656e7430", "id": "1045875016" } }
W/DroidBox(  946): DroidBox: { "FileRW": { "operation": "write", "data": "efbfbd060000efbfbdefbfbd0c000500000000000000", "id": "1045875016" } }
I/Choreographer(  965): Skipped 35 frames!  The application may be doing too much work on its main thread.
I/ActivityManager(  230): START {act=android.intent.action.CALL_BUTTON flg=0x10000000 cmp=com.android.contacts/.activities.DialtactsActivity u=0} from pid 436
I/Choreographer(  965): Skipped 34 frames!  The application may be doing too much work on its main thread.
W/dalvikvm(  436): DroidBox: { "FdAccess": { "path": "2f70726f632f6d656d696e666f", "id": "1894013559" } }
W/DroidBox(  436): DroidBox: { "FileRW": { "operation": "read", "data": "4d656d546f74616c3a202020202020202020373438393634206b420a4d656d467265653a20202020202020202020343433313834206b420a427566666572733a20202020202020202020202035353136206b420a4361636865643a202020202020202020", "id": "1894013559" } }
I/ActivityManager(  230): START {act=android.intent.action.CALL_BUTTON flg=0x10000000 cmp=com.android.contacts/.activities.DialtactsActivity u=0} from pid 436
I/Choreographer(  436): Skipped 132 frames!  The application may be doing too much work on its main thread.
D/InputEventConsistencyVerifier(  436): KeyEvent: ACTION_UP but key was not down.
D/InputEventConsistencyVerifier(  436):   in com.android.systemui.statusbar.phone.StatusBarWindowView@b3dd8348
D/InputEventConsistencyVerifier(  436):   0: sent at 361492000000, KeyEvent { action=ACTION_UP, keyCode=KEYCODE_DPAD_DOWN, scanCode=0, metaState=0, flags=0x8, repeatCount=0, eventTime=361492, downTime=361492, deviceId=-1, source=0x101 }
D/InputEventConsistencyVerifier(  436):   -- recent events --
D/InputEventConsistencyVerifier(  436):   1: sent at 361462000000, MotionEvent { action=ACTION_UP, id[0]=0, x[0]=368.0, y[0]=124.0, toolType[0]=TOOL_TYPE_UNKNOWN, buttonState=0, metaState=0, flags=0x0, edgeFlags=0x0, pointerCount=1, historySize=0, eventTime=361462, downTime=361418, deviceId=0, source=0x1002 }
D/InputEventConsistencyVerifier(  436):   2: sent at 361458000000, MotionEvent { action=ACTION_MOVE, id[0]=0, x[0]=359.0, y[0]=130.0, toolType[0]=TOOL_TYPE_UNKNOWN, buttonState=0, metaState=0, flags=0x0, edgeFlags=0x0, pointerCount=1, historySize=4, eventTime=361458, downTime=361418, deviceId=0, source=0x1002 }
D/InputEventConsistencyVerifier(  436):   3: sent at 361420000000, MotionEvent { action=ACTION_DOWN, id[0]=0, x[0]=343.0, y[0]=172.0, toolType[0]=TOOL_TYPE_UNKNOWN, buttonState=0, metaState=0, flags=0x0, edgeFlags=0x0, pointerCount=1, historySize=0, eventTime=361420, downTime=361418, deviceId=0, source=0x1002 }
D/InputEventConsistencyVerifier(  436):   4: sent at 361342000000, (unhandled) KeyEvent { action=ACTION_UP, keyCode=KEYCODE_CALL, scanCode=0, metaState=0, flags=0x8, repeatCount=0, eventTime=361342, downTime=361342, deviceId=-1, source=0x101 }
D/InputEventConsistencyVerifier(  436):   5: sent at 361196000000, (unhandled) KeyEvent { action=ACTION_DOWN, keyCode=KEYCODE_CALL, scanCode=0, metaState=0, flags=0x8, repeatCount=0, eventTime=361196, downTime=361196, deviceId=-1, source=0x101 }
W/dalvikvm(  436): DroidBox: { "FdAccess": { "path": "2f70726f632f6d656d696e666f", "id": "1130973984" } }
W/DroidBox(  436): DroidBox: { "FileRW": { "operation": "read", "data": "4d656d546f74616c3a202020202020202020373438393634206b420a4d656d467265653a20202020202020202020343433313834206b420a427566666572733a20202020202020202020202035353136206b420a4361636865643a202020202020202020", "id": "1130973984" } }
D/InputEventConsistencyVerifier(  436): TouchEvent: ACTION_DOWN but pointers are already down.  Probably missing ACTION_UP from previous gesture.
D/InputEventConsistencyVerifier(  436):   in android.view.ScaleGestureDetector@b3e74f90
D/InputEventConsistencyVerifier(  436):   0: sent at 361775000000, MotionEvent { action=ACTION_DOWN, id[0]=0, x[0]=459.0, y[0]=550.0, toolType[0]=TOOL_TYPE_UNKNOWN, buttonState=0, metaState=0, flags=0x0, edgeFlags=0x0, pointerCount=1, historySize=0, eventTime=361775, downTime=361774, deviceId=0, source=0x1002 }
D/InputEventConsistencyVerifier(  436):   -- recent events --
D/InputEventConsistencyVerifier(  436):   1: sent at 361420000000, MotionEvent { action=ACTION_DOWN, id[0]=0, x[0]=343.0, y[0]=172.0, toolType[0]=TOOL_TYPE_UNKNOWN, buttonState=0, metaState=0, flags=0x0, edgeFlags=0x0, pointerCount=1, historySize=0, eventTime=361420, downTime=361418, deviceId=0, source=0x1002 }
D/InputEventConsistencyVerifier(  436):   2: sent at 360940000000, MotionEvent { action=ACTION_UP, id[0]=0, x[0]=320.0, y[0]=30.0, toolType[0]=TOOL_TYPE_UNKNOWN, buttonState=0, metaState=0, flags=0x0, edgeFlags=0x0, pointerCount=1, historySize=0, eventTime=360940, downTime=360926, deviceId=0, source=0x1002 }
D/InputEventConsistencyVerifier(  436):   3: sent at 360927000000, MotionEvent { action=ACTION_DOWN, id[0]=0, x[0]=316.0, y[0]=29.0, toolType[0]=TOOL_TYPE_UNKNOWN, buttonState=0, metaState=0, flags=0x80000000, edgeFlags=0x0, pointerCount=1, historySize=0, eventTime=360927, downTime=360926, deviceId=0, source=0x1002 }
D/InputEventConsistencyVerifier(  436):   4: sent at 335674000000, MotionEvent { action=ACTION_DOWN, id[0]=0, x[0]=463.0, y[0]=438.0, toolType[0]=TOOL_TYPE_UNKNOWN, buttonState=0, metaState=0, flags=0x80000000, edgeFlags=0x0, pointerCount=1, historySize=0, eventTime=335674, downTime=335671, deviceId=0, source=0x1002 }
D/InputEventConsistencyVerifier(  436):   5: sent at 335335000000, MotionEvent { action=ACTION_MOVE, id[0]=0, x[0]=184.0, y[0]=695.0, toolType[0]=TOOL_TYPE_UNKNOWN, buttonState=0, metaState=0, flags=0x0, edgeFlags=0x0, pointerCount=1, historySize=7, eventTime=335335, downTime=335227, deviceId=0, source=0x1002 }
W/dalvikvm(  436): DroidBox: { "FdAccess": { "path": "2f70726f632f6d656d696e666f", "id": "1069762131" } }
D/PhoneStatusBar(  436): disable: < expand icons alerts TICKER* system_info back home recent clock >
W/DroidBox(  436): DroidBox: { "FileRW": { "operation": "read", "data": "4d656d546f74616c3a202020202020202020373438393634206b420a4d656d467265653a20202020202020202020343431363936206b420a427566666572733a20202020202020202020202035353136206b420a4361636865643a202020202020202020", "id": "1069762131" } }
I/Choreographer(  436): Skipped 74 frames!  The application may be doing too much work on its main thread.
W/dalvikvm(  436): DroidBox: { "FdAccess": { "path": "2f70726f632f6d656d696e666f", "id": "1591531267" } }
W/DroidBox(  436): DroidBox: { "FileRW": { "operation": "read", "data": "4d656d546f74616c3a202020202020202020373438393634206b420a4d656d467265653a20202020202020202020343431363936206b420a427566666572733a20202020202020202020202035353136206b420a4361636865643a202020202020202020", "id": "1591531267" } }
D/InputEventConsistencyVerifier(  436): TouchEvent: ACTION_DOWN but pointers are already down.  Probably missing ACTION_UP from previous gesture.
D/InputEventConsistencyVerifier(  436):   in android.view.ScaleGestureDetector@b3e74f90
D/InputEventConsistencyVerifier(  436):   0: sent at 362016000000, MotionEvent { action=ACTION_DOWN, id[0]=0, x[0]=188.0, y[0]=386.0, toolType[0]=TOOL_TYPE_UNKNOWN, buttonState=0, metaState=0, flags=0x0, edgeFlags=0x0, pointerCount=1, historySize=0, eventTime=362016, downTime=362016, deviceId=0, source=0x1002 }
D/InputEventConsistencyVerifier(  436):   -- recent events --
D/InputEventConsistencyVerifier(  436):   1: sent at 361775000000, MotionEvent { action=ACTION_DOWN, id[0]=0, x[0]=459.0, y[0]=550.0, toolType[0]=TOOL_TYPE_UNKNOWN, buttonState=0, metaState=0, flags=0x80000000, edgeFlags=0x0, pointerCount=1, historySize=0, eventTime=361775, downTime=361774, deviceId=0, source=0x1002 }
D/InputEventConsistencyVerifier(  436):   2: sent at 361420000000, MotionEvent { action=ACTION_DOWN, id[0]=0, x[0]=343.0, y[0]=172.0, toolType[0]=TOOL_TYPE_UNKNOWN, buttonState=0, metaState=0, flags=0x0, edgeFlags=0x0, pointerCount=1, historySize=0, eventTime=361420, downTime=361418, deviceId=0, source=0x1002 }
D/InputEventConsistencyVerifier(  436):   3: sent at 360940000000, MotionEvent { action=ACTION_UP, id[0]=0, x[0]=320.0, y[0]=30.0, toolType[0]=TOOL_TYPE_UNKNOWN, buttonState=0, metaState=0, flags=0x0, edgeFlags=0x0, pointerCount=1, historySize=0, eventTime=360940, downTime=360926, deviceId=0, source=0x1002 }
D/InputEventConsistencyVerifier(  436):   4: sent at 360927000000, MotionEvent { action=ACTION_DOWN, id[0]=0, x[0]=316.0, y[0]=29.0, toolType[0]=TOOL_TYPE_UNKNOWN, buttonState=0, metaState=0, flags=0x80000000, edgeFlags=0x0, pointerCount=1, historySize=0, eventTime=360927, downTime=360926, deviceId=0, source=0x1002 }
D/InputEventConsistencyVerifier(  436):   5: sent at 335674000000, MotionEvent { action=ACTION_DOWN, id[0]=0, x[0]=463.0, y[0]=438.0, toolType[0]=TOOL_TYPE_UNKNOWN, buttonState=0, metaState=0, flags=0x80000000, edgeFlags=0x0, pointerCount=1, historySize=0, eventTime=335674, downTime=335671, deviceId=0, source=0x1002 }
D/InputEventConsistencyVerifier(  436): KeyEvent: ACTION_UP but key was not down.
D/InputEventConsistencyVerifier(  436):   in android.widget.FrameLayout@b3df7e98
D/InputEventConsistencyVerifier(  436):   0: sent at 362065000000, KeyEvent { action=ACTION_UP, keyCode=KEYCODE_DPAD_DOWN, scanCode=0, metaState=0, flags=0x8, repeatCount=0, eventTime=362065, downTime=362065, deviceId=-1, source=0x101 }
D/InputEventConsistencyVerifier(  436):   -- recent events --
D/InputEventConsistencyVerifier(  436):   1: sent at 335343000000, MotionEvent { action=ACTION_UP, id[0]=0, x[0]=186.0, y[0]=703.0, toolType[0]=TOOL_TYPE_UNKNOWN, buttonState=0, metaState=0, flags=0x0, edgeFlags=0x0, pointerCount=1, historySize=0, eventTime=335343, downTime=335227, deviceId=0, source=0x1002 }
D/InputEventConsistencyVerifier(  436):   2: sent at 335335000000, MotionEvent { action=ACTION_MOVE, id[0]=0, x[0]=184.0, y[0]=695.0, toolType[0]=TOOL_TYPE_UNKNOWN, buttonState=0, metaState=0, flags=0x0, edgeFlags=0x0, pointerCount=1, historySize=7, eventTime=335335, downTime=335227, deviceId=0, source=0x1002 }
D/InputEventConsistencyVerifier(  436):   3: sent at 335240000000, MotionEvent { action=ACTION_DOWN, id[0]=0, x[0]=126.0, y[0]=643.0, toolType[0]=TOOL_TYPE_UNKNOWN, buttonState=0, metaState=0, flags=0x0, edgeFlags=0x0, pointerCount=1, historySize=0, eventTime=335240, downTime=335227, deviceId=0, source=0x1002 }
D/InputEventConsistencyVerifier(  436):   4: sent at 335078000000, MotionEvent { action=ACTION_UP, id[0]=0, x[0]=102.0, y[0]=763.0, toolType[0]=TOOL_TYPE_UNKNOWN, buttonState=0, metaState=0, flags=0x0, edgeFlags=0x0, pointerCount=1, historySize=0, eventTime=335078, downTime=335006, deviceId=0, source=0x1002 }
D/InputEventConsistencyVerifier(  436):   5: sent at 335036000000, MotionEvent { action=ACTION_MOVE, id[0]=0, x[0]=109.0, y[0]=768.0, toolType[0]=TOOL_TYPE_UNKNOWN, buttonState=0, metaState=0, flags=0x0, edgeFlags=0x0, pointerCount=1, historySize=0, eventTime=335036, downTime=335006, deviceId=0, source=0x1002 }
D/InputEventConsistencyVerifier(  436): KeyEvent: ACTION_UP but key was not down.
D/InputEventConsistencyVerifier(  436):   in com.android.systemui.statusbar.phone.PhoneStatusBarView@b3dda2e0
D/InputEventConsistencyVerifier(  436):   0: sent at 362168000000, KeyEvent { action=ACTION_UP, keyCode=KEYCODE_DPAD_UP, scanCode=0, metaState=0, flags=0x8, repeatCount=0, eventTime=362168, downTime=362168, deviceId=-1, source=0x101 }
D/InputEventConsistencyVerifier(  436):   -- recent events --
D/InputEventConsistencyVerifier(  436):   1: sent at 362027000000, (unhandled) KeyEvent { action=ACTION_DOWN, keyCode=KEYCODE_DPAD_DOWN, scanCode=0, metaState=0, flags=0x8, repeatCount=0, eventTime=362027, downTime=362027, deviceId=-1, source=0x101 }
D/InputEventConsistencyVerifier(  436):   2: sent at 362062000000, (unhandled) KeyEvent { action=ACTION_UP, keyCode=KEYCODE_DPAD_UP, scanCode=0, metaState=0, flags=0x400, repeatCount=0, eventTime=362062, downTime=362062, deviceId=-1, source=0x101 }
D/InputEventConsistencyVerifier(  436):   3: sent at 362062000000, (unhandled) KeyEvent { action=ACTION_DOWN, keyCode=KEYCODE_DPAD_UP, scanCode=0, metaState=0, flags=0x400, repeatCount=0, eventTime=362062, downTime=362062, deviceId=-1, source=0x101 }
D/InputEventConsistencyVerifier(  436):   4: sent at 362062000000, (unhandled) KeyEvent { action=ACTION_UP, keyCode=KEYCODE_DPAD_UP, scanCode=0, metaState=0, flags=0x400, repeatCount=0, eventTime=362062, downTime=362062, deviceId=-1, source=0x101 }
D/InputEventConsistencyVerifier(  436):   5: sent at 362062000000, (unhandled) KeyEvent { action=ACTION_DOWN, keyCode=KEYCODE_DPAD_UP, scanCode=0, metaState=0, flags=0x400, repeatCount=0, eventTime=362062, downTime=362062, deviceId=-1, source=0x101 }
W/dalvikvm(  436): DroidBox: { "FdAccess": { "path": "2f70726f632f6d656d696e666f", "id": "832774950" } }
