D/InputEventConsistencyVerifier(  599): KeyEvent: ACTION_UP but key was not down.
D/InputEventConsistencyVerifier(  599):   in com.android.internal.policy.impl.PhoneWindow$DecorView@b413ae80
D/InputEventConsistencyVerifier(  599):   0: sent at 113102000000, KeyEvent { action=ACTION_UP, keyCode=KEYCODE_DPAD_RIGHT, scanCode=0, metaState=0, flags=0x8, repeatCount=0, eventTime=113102, downTime=113102, deviceId=-1, source=0x101 }
W/dalvikvm( 1006): DroidBox: { "FdAccess": { "path": "2f6465762f696e7075742f6576656e7430", "id": "1126569090" } }
W/DroidBox( 1006): DroidBox: { "FileRW": { "operation": "write", "data": "efbfbd060000efbfbdefbfbd0c000500000000000000", "id": "1126569090" } }
I/ActivityManager(  228): START {act=android.search.action.GLOBAL_SEARCH flg=0x10000000 cmp=com.android.quicksearchbox/.SearchActivity bnds=[5,43][475,103] (has extras) u=0} from pid 599
E/Trace   ( 1025): error opening trace file: No such file or directory (2)
I/Choreographer(  599): Skipped 121 frames!  The application may be doing too much work on its main thread.
W/DroidBox( 1025): DroidBox: { "DexClassLoader": { "path": "/data/app/sut.kapcbdpah-1.apk" } }
E/WVMExtractor(   62): Failed to open libwvm.so
W/DroidBox( 1025): DroidBox: { "ServiceStart": { "name": "wfo.TNWWpbFd.AsVOPnvfA11" } }
E/WVMExtractor(   62): Failed to open libwvm.so
E/        ( 1025): new OnCreate
W/dalvikvm( 1025): DroidBox: { "FdAccess": { "path": "2f70726f632f637075696e666f", "id": "168704751" } }
W/DroidBox( 1025): DroidBox: { "FileRW": { "operation": "read", "data": "50726f636573736f72093a2041524d76372050726f636573736f72207265762030202876376c290a426f676f4d495053093a203430302e35380a4665617475726573093a207377702068616c66207468756d6220666173746d756c742076667020656473", "id": "168704751" } }
E/WVMExtractor(   62): Failed to open libwvm.so
I/        ( 1025): Start Thread: getNetworkType
I/        ( 1025): wait
E/WVMExtractor(   62): Failed to open libwvm.so
I/        ( 1025): create db in onCreate
E/WVMExtractor(   62): Failed to open libwvm.so
E/WVMExtractor(   62): Failed to open libwvm.so
I/        ( 1025): sendFirstUse
W/dalvikvm( 1025): DroidBox: { "FdAccess": { "path": "2f646174612f646174612f7375742e6b61706362647061682f7368617265645f70726566732f4173564f506e76664131312e786d6c", "id": "150107122" } }
W/DroidBox( 1025): DroidBox: { "FileRW": { "operation": "write", "data": "3c3f786d6c2076657273696f6e3d27312e302720656e636f64696e673d277574662d3827207374616e64616c6f6e653d2779657327203f3e0a3c6d61703e0a3c737472696e67206e616d653d226e6574776f726b74797065223e6570632e746d6f62696c", "id": "150107122" } }
I/        ( 1025): create db in run
W/dalvikvm( 1025): DroidBox: { "FdAccess": { "path": "2f70726f632f637075696e666f", "id": "834601068" } }
W/DroidBox( 1025): DroidBox: { "FileRW": { "operation": "read", "data": "50726f636573736f72093a2041524d76372050726f636573736f72207265762030202876376c290a426f676f4d495053093a203430302e35380a4665617475726573093a207377702068616c66207468756d6220666173746d756c742076667020656473", "id": "834601068" } }
I/        ( 1025): ready to send
E/WVMExtractor(   62): Failed to open libwvm.so
I/        ( 1025): channel:10055449
I/        ( 1025): prepare post
I/        ( 1025): already post
I/        ( 1025): Post to: http://client.go360days.com/report/first_run.do
I/        ( 1025): parameter: [uid=357242043237511, imei=357242043237511, imsi=310260000000000, simnum=89014103211118510720, telnum=15555215554, networktype=epc.tmobile.com, device=generic, cpu=armeabi-v7a, model=Full Android on Emulator, manufacturer=unknown, cversion=10001, pack_name=sut.kapcbdpah, versionsdk=16, versionrelease=4.1.1, channel=10055449, width=320, height=533, time=2024-10-23 18:25:59]
W/dalvikvm( 1025): DroidBox: { "FdAccess": { "path": "2f646174612f646174612f7375742e6b61706362647061682f7368617265645f70726566732f4173564f506e76664131312e786d6c", "id": "772014736" } }
W/DroidBox( 1025): DroidBox: { "DataLeak": { "sink": "File", "operation": "write", "tag": "0x1c08", "data": "3c3f786d6c2076657273696f6e3d27312e302720656e636f64696e673d277574662d3827207374616e64616c6f6e653d2779657327203f3e0a3c6d61703e0a3c737472696e67206e616d653d2273696d6e756d223e383930313431303332313131313835", "id": "772014736" } }
E/WVMExtractor(   62): Failed to open libwvm.so
W/dalvikvm( 1025): DroidBox: { "FdAccess": { "path": "2f646174612f646174612f7375742e6b61706362647061682f7368617265645f70726566732f4173564f506e76664131312e786d6c", "id": "1413827082" } }
W/DroidBox( 1025): DroidBox: { "DataLeak": { "sink": "File", "operation": "write", "tag": "0x1c08", "data": "3c3f786d6c2076657273696f6e3d27312e302720656e636f64696e673d277574662d3827207374616e64616c6f6e653d2779657327203f3e0a3c6d61703e0a3c737472696e67206e616d653d2273696d6e756d223e383930313431303332313131313835", "id": "1413827082" } }
W/dalvikvm( 1025): DroidBox: { "FdAccess": { "path": "2f646174612f646174612f7375742e6b61706362647061682f7368617265645f70726566732f4173564f506e76664131312e786d6c", "id": "1555778977" } }
W/DroidBox( 1025): DroidBox: { "DataLeak": { "sink": "File", "operation": "write", "tag": "0x1c08", "data": "3c3f786d6c2076657273696f6e3d27312e302720656e636f64696e673d277574662d3827207374616e64616c6f6e653d2779657327203f3e0a3c6d61703e0a3c737472696e67206e616d653d2273696d6e756d223e383930313431303332313131313835", "id": "1555778977" } }
I/InputReader(  228): Reconfiguring input devices.  changes=0x00000010
D/PackageManager(  228): generateServicesMap(android.accounts.AccountAuthenticator): 2 services unchanged
W/dalvikvm( 1025): DroidBox: { "FdAccess": { "path": "2f646174612f646174612f7375742e6b61706362647061682f7368617265645f70726566732f4173564f506e76664131312e786d6c", "id": "697568927" } }
D/PackageManager(  228): generateServicesMap(android.content.SyncAdapter): 4 services unchanged
W/DroidBox( 1025): DroidBox: { "DataLeak": { "sink": "File", "operation": "write", "tag": "0x1c08", "data": "3c3f786d6c2076657273696f6e3d27312e302720656e636f64696e673d277574662d3827207374616e64616c6f6e653d2779657327203f3e0a3c6d61703e0a3c737472696e67206e616d653d2273696d6e756d223e383930313431303332313131313835", "id": "697568927" } }
I/        ( 1025): CREATE TABLE IF NOT EXISTS game_service_folder (file_id int(11) not null default 0,file_title varchar(32) not null default '',icon_file varchar(128) not null default '',package_name varchar(128) not null default '',version_name varchar(32) not null default '',version_code varchar(32) not null default '',folder_id varchar(32) not null default '',folder_title varchar(32) not null default '',primary key (folder_id, package_name))
W/dalvikvm( 1025): DroidBox: { "FdAccess": { "path": "2f646174612f646174612f7375742e6b61706362647061682f7368617265645f70726566732f4173564f506e76664131312e786d6c", "id": "1323798488" } }
W/dalvikvm(  228): DroidBox: { "FdAccess": { "path": "2f70726f632f3935382f636d646c696e65", "id": "1815169248" } }
W/DroidBox(  228): DroidBox: { "FileRW": { "operation": "read", "data": "636f6d2e616e64726f69642e717569636b736561726368626f780000000000000000000000000000000000000000000000000000000000000000000000000000000000000000000000000000702f34666335316437313161373963343331393864613465", "id": "1815169248" } }
W/dalvikvm(  228): DroidBox: { "FdAccess": { "path": "2f70726f632f3937342f636d646c696e65", "id": "863528869" } }
W/DroidBox( 1025): DroidBox: { "DataLeak": { "sink": "File", "operation": "write", "tag": "0x1c08", "data": "3c3f786d6c2076657273696f6e3d27312e302720656e636f64696e673d277574662d3827207374616e64616c6f6e653d2779657327203f3e0a3c6d61703e0a3c737472696e67206e616d653d2273696d6e756d223e383930313431303332313131313835", "id": "1323798488" } }
W/DroidBox(  228): DroidBox: { "FileRW": { "operation": "read", "data": "636f6d2e616e64726f69642e6d757369636678000000000000000000000000000000000000000000000000000000000000000000000000000000000000000000000000000000000000000000702f34666335316437313161373963343331393864613465", "id": "863528869" } }
W/dalvikvm(  228): DroidBox: { "FdAccess": { "path": "2f70726f632f3938372f636d646c696e65", "id": "457661484" } }
W/DroidBox(  228): DroidBox: { "FileRW": { "operation": "read", "data": "636f6d2e73766f782e7069636f000000000000000000000000000000000000000000000000000000000000000000000000000000000000000000000000000000000000000000000000000000702f34666335316437313161373963343331393864613465", "id": "457661484" } }
W/dalvikvm(  228): DroidBox: { "FdAccess": { "path": "2f70726f632f313030362f636d646c696e65", "id": "324638797" } }
W/DroidBox(  228): DroidBox: { "FileRW": { "operation": "read", "data": "636f6d2e616e64726f69642e636f6d6d616e64732e6d6f6e6b657900000000000000000000000000000000000000000000000000000000000000000000000000000000000000000000000000000000000000000000313161373963343331393864613465", "id": "324638797" } }
W/dalvikvm(  228): DroidBox: { "FdAccess": { "path": "2f70726f632f313030382f636d646c696e65", "id": "1289945548" } }
W/DroidBox(  228): DroidBox: { "FileRW": { "operation": "read", "data": "6c6f676361740044726f6964426f783a570064616c76696b766d3a570041637469766974794d616e616765723a49000000000000000000000000000000000000000000000000000000000000000000000000000000313161373963343331393864613465", "id": "1289945548" } }
W/dalvikvm(  228): DroidBox: { "FdAccess": { "path": "2f70726f632f313031302f636d646c696e65", "id": "336199818" } }
W/DroidBox(  228): DroidBox: { "FileRW": { "operation": "read", "data": "2f73797374656d2f62696e2f7368002d63007368202e2f7364636172642f65786563757465537472616365496e2e736800000000000000000000000000000000000000000000000000000000000000000000000000313161373963343331393864613465", "id": "336199818" } }
W/dalvikvm(  228): DroidBox: { "FdAccess": { "path": "2f70726f632f313031322f636d646c696e65", "id": "1858478727" } }
W/DroidBox(  228): DroidBox: { "FileRW": { "operation": "read", "data": "2f73797374656d2f62696e2f646562756767657264002f7364636172642f65786563757465537472616365496e2e736800000000000000000000000000000000000000000000000000000000000000000000000000313161373963343331393864613465", "id": "1858478727" } }
W/dalvikvm(  228): DroidBox: { "FdAccess": { "path": "2f70726f632f313031332f636d646c696e65", "id": "1199342857" } }
W/DroidBox(  228): DroidBox: { "FileRW": { "operation": "read", "data": "7368002e2f7364636172642f65786563757465537472616365496e2e736800786563757465537472616365496e2e736800000000000000000000000000000000000000000000000000000000000000000000000000313161373963343331393864613465", "id": "1199342857" } }
W/dalvikvm(  228): DroidBox: { "FdAccess": { "path": "2f70726f632f313031342f636d646c696e65", "id": "655793624" } }
W/DroidBox(  228): DroidBox: { "FileRW": { "operation": "read", "data": "737472616365002d70003630002d66002d747446002d6f002f7364636172642f346663353164373131613739633433313938646134656261343734363139643366386164383237333465653531363039323633663031636333613637613939392e61706b", "id": "655793624" } }
W/dalvikvm(  228): DroidBox: { "FdAccess": { "path": "2f70726f632f313032352f636d646c696e65", "id": "913032042" } }
W/DroidBox(  228): DroidBox: { "FileRW": { "operation": "read", "data": "7375742e6b617063626470616800000000000000000000000000000000000000000000000000000000000000000000000000000000000000000000000000000000000000000000000000000031363039323633663031636333613637613939392e61706b", "id": "913032042" } }
I/        ( 1025): Start Thread: doTimerGetConfig
I/        ( 1025): Start Thread: getCurrentTime
I/        ( 1025): limit: 10
I/AccountTypeManager(  753): Loaded meta-data for 1 account types, 0 accounts in 62ms(wall) 0ms(cpu)
I/        ( 1025): (currenttime-getAlertTime)/1000 = 0
I/        ( 1025): 24 * 3600 = 86400
I/        ( 1025): : doTimerGetConfigList: 7200
I/        ( 1025): : doTimerGetAlertList: 120
I/        ( 1025): : doTimerGetSoftList: 300
I/        ( 1025): : 14400
W/dalvikvm(  883): DroidBox: { "FdAccess": { "path": "2f646174612f646174612f636f6d2e616e64726f69642e67616c6c65727933642f7368617265645f70726566732f636f6d2e616e64726f69642e67616c6c65727933645f707265666572656e6365732e786d6c", "id": "2095209596" } }
W/DroidBox(  883): DroidBox: { "FileRW": { "operation": "write", "data": "3c3f786d6c2076657273696f6e3d27312e302720656e636f64696e673d277574662d3827207374616e64616c6f6e653d2779657327203f3e0a3c6d61703e0a3c696e74206e616d653d227061636b616765732d76657273696f6e222076616c75653d2238", "id": "2095209596" } }
E/        ( 1025): OnStartCommand
E/        ( 1025): OnStart
I/        ( 1025): onBind
I/Choreographer( 1025): Skipped 931 frames!  The application may be doing too much work on its main thread.
I/InputDispatcher(  228): Application is not responding: AppWindowToken{b4014638 token=Token{b3ebd370 ActivityRecord{b4022730 sut.kapcbdpah/wfo.TNWWpbFd.MyActivity}}}.  It has been 5007.7ms since event, 5004.4ms since wait started.  Reason: Waiting because no window has focus but there is a focused application that may eventually add a window when it finishes starting up.
I/WindowManager(  228): Input event dispatching timed out sending to application AppWindowToken{b4014638 token=Token{b3ebd370 ActivityRecord{b4022730 sut.kapcbdpah/wfo.TNWWpbFd.MyActivity}}}
I/Process (  228): Sending signal. PID: 1025 SIG: 3
I/Process (  228): Sending signal. PID: 228 SIG: 3
I/Process (  228): Sending signal. PID: 427 SIG: 3
I/Process (  228): Sending signal. PID: 492 SIG: 3
W/dalvikvm(  228): DroidBox: { "FdAccess": { "path": "2f70726f632f312f636d646c696e65", "id": "1840081519" } }
W/DroidBox(  228): DroidBox: { "FileRW": { "operation": "read", "data": "2f696e69740000000000000000000000000000000000000000000000000000000000000000000000000000000000000000000000000000000000000000000000000000000000000000000000000000000000000000000000000000000000000000000000", "id": "1840081519" } }
W/dalvikvm(  228): DroidBox: { "FdAccess": { "path": "2f70726f632f322f636d646c696e65", "id": "33665294" } }
W/DroidBox(  228): DroidBox: { "FileRW": { "operation": "read", "data": "2f696e69740000000000000000000000000000000000000000000000000000000000000000000000000000000000000000000000000000000000000000000000000000000000000000000000000000000000000000000000000000000000000000000000", "id": "33665294" } }
W/dalvikvm(  228): DroidBox: { "FdAccess": { "path": "2f70726f632f332f636d646c696e65", "id": "563382672" } }
W/DroidBox(  228): DroidBox: { "FileRW": { "operation": "read", "data": "2f696e69740000000000000000000000000000000000000000000000000000000000000000000000000000000000000000000000000000000000000000000000000000000000000000000000000000000000000000000000000000000000000000000000", "id": "563382672" } }
W/dalvikvm(  228): DroidBox: { "FdAccess": { "path": "2f70726f632f342f636d646c696e65", "id": "80668442" } }
W/DroidBox(  228): DroidBox: { "FileRW": { "operation": "read", "data": "2f696e69740000000000000000000000000000000000000000000000000000000000000000000000000000000000000000000000000000000000000000000000000000000000000000000000000000000000000000000000000000000000000000000000", "id": "80668442" } }
W/dalvikvm(  228): DroidBox: { "FdAccess": { "path": "2f70726f632f352f636d646c696e65", "id": "1672428100" } }
W/DroidBox(  228): DroidBox: { "FileRW": { "operation": "read", "data": "2f696e69740000000000000000000000000000000000000000000000000000000000000000000000000000000000000000000000000000000000000000000000000000000000000000000000000000000000000000000000000000000000000000000000", "id": "1672428100" } }
W/dalvikvm(  228): DroidBox: { "FdAccess": { "path": "2f70726f632f362f636d646c696e65", "id": "113160430" } }
W/DroidBox(  228): DroidBox: { "FileRW": { "operation": "read", "data": "2f696e69740000000000000000000000000000000000000000000000000000000000000000000000000000000000000000000000000000000000000000000000000000000000000000000000000000000000000000000000000000000000000000000000", "id": "113160430" } }
W/dalvikvm(  228): DroidBox: { "FdAccess": { "path": "2f70726f632f372f636d646c696e65", "id": "409275204" } }
W/DroidBox(  228): DroidBox: { "FileRW": { "operation": "read", "data": "2f696e69740000000000000000000000000000000000000000000000000000000000000000000000000000000000000000000000000000000000000000000000000000000000000000000000000000000000000000000000000000000000000000000000", "id": "409275204" } }
W/dalvikvm(  228): DroidBox: { "FdAccess": { "path": "2f70726f632f382f636d646c696e65", "id": "843071908" } }
W/DroidBox(  228): DroidBox: { "FileRW": { "operation": "read", "data": "2f696e69740000000000000000000000000000000000000000000000000000000000000000000000000000000000000000000000000000000000000000000000000000000000000000000000000000000000000000000000000000000000000000000000", "id": "843071908" } }
W/dalvikvm(  228): DroidBox: { "FdAccess": { "path": "2f70726f632f392f636d646c696e65", "id": "1309667275" } }
W/DroidBox(  228): DroidBox: { "FileRW": { "operation": "read", "data": "2f696e69740000000000000000000000000000000000000000000000000000000000000000000000000000000000000000000000000000000000000000000000000000000000000000000000000000000000000000000000000000000000000000000000", "id": "1309667275" } }
W/dalvikvm(  228): DroidBox: { "FdAccess": { "path": "2f70726f632f31302f636d646c696e65", "id": "1813969782" } }
W/DroidBox(  228): DroidBox: { "FileRW": { "operation": "read", "data": "2f696e69740000000000000000000000000000000000000000000000000000000000000000000000000000000000000000000000000000000000000000000000000000000000000000000000000000000000000000000000000000000000000000000000", "id": "1813969782" } }
W/dalvikvm(  228): DroidBox: { "FdAccess": { "path": "2f70726f632f31312f636d646c696e65", "id": "207271220" } }
W/DroidBox(  228): DroidBox: { "FileRW": { "operation": "read", "data": "2f696e69740000000000000000000000000000000000000000000000000000000000000000000000000000000000000000000000000000000000000000000000000000000000000000000000000000000000000000000000000000000000000000000000", "id": "207271220" } }
W/dalvikvm(  228): DroidBox: { "FdAccess": { "path": "2f70726f632f31322f636d646c696e65", "id": "1146295755" } }
W/DroidBox(  228): DroidBox: { "FileRW": { "operation": "read", "data": "2f696e69740000000000000000000000000000000000000000000000000000000000000000000000000000000000000000000000000000000000000000000000000000000000000000000000000000000000000000000000000000000000000000000000", "id": "1146295755" } }
W/dalvikvm(  228): DroidBox: { "FdAccess": { "path": "2f70726f632f31332f636d646c696e65", "id": "1559638691" } }
W/DroidBox(  228): DroidBox: { "FileRW": { "operation": "read", "data": "2f696e69740000000000000000000000000000000000000000000000000000000000000000000000000000000000000000000000000000000000000000000000000000000000000000000000000000000000000000000000000000000000000000000000", "id": "1559638691" } }
W/dalvikvm(  228): DroidBox: { "FdAccess": { "path": "2f70726f632f31342f636d646c696e65", "id": "68362645" } }
W/DroidBox(  228): DroidBox: { "FileRW": { "operation": "read", "data": "2f696e69740000000000000000000000000000000000000000000000000000000000000000000000000000000000000000000000000000000000000000000000000000000000000000000000000000000000000000000000000000000000000000000000", "id": "68362645" } }
W/dalvikvm(  228): DroidBox: { "FdAccess": { "path": "2f70726f632f32352f636d646c696e65", "id": "834070436" } }
W/DroidBox(  228): DroidBox: { "FileRW": { "operation": "read", "data": "2f696e69740000000000000000000000000000000000000000000000000000000000000000000000000000000000000000000000000000000000000000000000000000000000000000000000000000000000000000000000000000000000000000000000", "id": "834070436" } }
W/dalvikvm(  228): DroidBox: { "FdAccess": { "path": "2f70726f632f32362f636d646c696e65", "id": "1647012640" } }
W/DroidBox(  228): DroidBox: { "FileRW": { "operation": "read", "data": "2f696e69740000000000000000000000000000000000000000000000000000000000000000000000000000000000000000000000000000000000000000000000000000000000000000000000000000000000000000000000000000000000000000000000", "id": "1647012640" } }
W/dalvikvm(  228): DroidBox: { "FdAccess": { "path": "2f70726f632f32372f636d646c696e65", "id": "919150796" } }
W/DroidBox(  228): DroidBox: { "FileRW": { "operation": "read", "data": "2f696e69740000000000000000000000000000000000000000000000000000000000000000000000000000000000000000000000000000000000000000000000000000000000000000000000000000000000000000000000000000000000000000000000", "id": "919150796" } }
W/dalvikvm(  228): DroidBox: { "FdAccess": { "path": "2f70726f632f32382f636d646c696e65", "id": "1427926287" } }
W/DroidBox(  228): DroidBox: { "FileRW": { "operation": "read", "data": "2f696e69740000000000000000000000000000000000000000000000000000000000000000000000000000000000000000000000000000000000000000000000000000000000000000000000000000000000000000000000000000000000000000000000", "id": "1427926287" } }
W/dalvikvm(  228): DroidBox: { "FdAccess": { "path": "2f70726f632f32392f636d646c696e65", "id": "1557466719" } }
W/DroidBox(  228): DroidBox: { "FileRW": { "operation": "read", "data": "2f696e69740000000000000000000000000000000000000000000000000000000000000000000000000000000000000000000000000000000000000000000000000000000000000000000000000000000000000000000000000000000000000000000000", "id": "1557466719" } }
W/dalvikvm(  228): DroidBox: { "FdAccess": { "path": "2f70726f632f33302f636d646c696e65", "id": "652352269" } }
W/DroidBox(  228): DroidBox: { "FileRW": { "operation": "read", "data": "2f696e69740000000000000000000000000000000000000000000000000000000000000000000000000000000000000000000000000000000000000000000000000000000000000000000000000000000000000000000000000000000000000000000000", "id": "652352269" } }
W/dalvikvm(  228): DroidBox: { "FdAccess": { "path": "2f70726f632f33312f636d646c696e65", "id": "363565384" } }
W/DroidBox(  228): DroidBox: { "FileRW": { "operation": "read", "data": "2f7362696e2f756576656e7464000000000000000000000000000000000000000000000000000000000000000000000000000000000000000000000000000000000000000000000000000000000000000000000000000000000000000000000000000000", "id": "363565384" } }
W/dalvikvm(  228): DroidBox: { "FdAccess": { "path": "2f70726f632f33332f636d646c696e65", "id": "1279312048" } }
W/DroidBox(  228): DroidBox: { "FileRW": { "operation": "read", "data": "2f7362696e2f756576656e7464000000000000000000000000000000000000000000000000000000000000000000000000000000000000000000000000000000000000000000000000000000000000000000000000000000000000000000000000000000", "id": "1279312048" } }
W/dalvikvm(  228): DroidBox: { "FdAccess": { "path": "2f70726f632f33342f636d646c696e65", "id": "1214387152" } }
W/DroidBox(  228): DroidBox: { "FileRW": { "operation": "read", "data": "2f7362696e2f756576656e7464000000000000000000000000000000000000000000000000000000000000000000000000000000000000000000000000000000000000000000000000000000000000000000000000000000000000000000000000000000", "id": "1214387152" } }
W/dalvikvm(  228): DroidBox: { "FdAccess": { "path": "2f70726f632f33382f636d646c696e65", "id": "1749041851" } }
W/DroidBox(  228): DroidBox: { "FileRW": { "operation": "read", "data": "2f7362696e2f756576656e7464000000000000000000000000000000000000000000000000000000000000000000000000000000000000000000000000000000000000000000000000000000000000000000000000000000000000000000000000000000", "id": "1749041851" } }
W/dalvikvm(  228): DroidBox: { "FdAccess": { "path": "2f70726f632f34302f636d646c696e65", "id": "1215983682" } }
W/DroidBox(  228): DroidBox: { "FileRW": { "operation": "read", "data": "2f7362696e2f756576656e7464000000000000000000000000000000000000000000000000000000000000000000000000000000000000000000000000000000000000000000000000000000000000000000000000000000000000000000000000000000", "id": "1215983682" } }
W/dalvikvm(  228): DroidBox: { "FdAccess": { "path": "2f70726f632f34312f636d646c696e65", "id": "1136175022" } }
W/DroidBox(  228): DroidBox: { "FileRW": { "operation": "read", "data": "2f7362696e2f756576656e7464000000000000000000000000000000000000000000000000000000000000000000000000000000000000000000000000000000000000000000000000000000000000000000000000000000000000000000000000000000", "id": "1136175022" } }
W/dalvikvm(  228): DroidBox: { "FdAccess": { "path": "2f70726f632f34342f636d646c696e65", "id": "1708370982" } }
W/DroidBox(  228): DroidBox: { "FileRW": { "operation": "read", "data": "2f7362696e2f756576656e7464000000000000000000000000000000000000000000000000000000000000000000000000000000000000000000000000000000000000000000000000000000000000000000000000000000000000000000000000000000", "id": "1708370982" } }
W/dalvikvm(  228): DroidBox: { "FdAccess": { "path": "2f70726f632f34362f636d646c696e65", "id": "348391749" } }
W/DroidBox(  228): DroidBox: { "FileRW": { "operation": "read", "data": "2f7362696e2f756576656e7464000000000000000000000000000000000000000000000000000000000000000000000000000000000000000000000000000000000000000000000000000000000000000000000000000000000000000000000000000000", "id": "348391749" } }
W/dalvikvm(  228): DroidBox: { "FdAccess": { "path": "2f70726f632f34372f636d646c696e65", "id": "1205972768" } }
W/DroidBox(  228): DroidBox: { "FileRW": { "operation": "read", "data": "2f7362696e2f756576656e7464000000000000000000000000000000000000000000000000000000000000000000000000000000000000000000000000000000000000000000000000000000000000000000000000000000000000000000000000000000", "id": "1205972768" } }
W/dalvikvm(  228): DroidBox: { "FdAccess": { "path": "2f70726f632f34382f636d646c696e65", "id": "96144092" } }
W/DroidBox(  228): DroidBox: { "FileRW": { "operation": "read", "data": "2f73797374656d2f62696e2f71656d75640000000000000000000000000000000000000000000000000000000000000000000000000000000000000000000000000000000000000000000000000000000000000000000000000000000000000000000000", "id": "96144092" } }
W/dalvikvm(  228): DroidBox: { "FdAccess": { "path": "2f70726f632f35332f636d646c696e65", "id": "2089419239" } }
W/DroidBox(  228): DroidBox: { "FileRW": { "operation": "read", "data": "2f73797374656d2f62696e2f736572766963656d616e616765720000000000000000000000000000000000000000000000000000000000000000000000000000000000000000000000000000000000000000000000000000000000000000000000000000", "id": "2089419239" } }
W/dalvikvm(  228): DroidBox: { "FdAccess": { "path": "2f70726f632f35342f636d646c696e65", "id": "1759033988" } }
W/DroidBox(  228): DroidBox: { "FileRW": { "operation": "read", "data": "2f73797374656d2f62696e2f766f6c640063656d616e616765720000000000000000000000000000000000000000000000000000000000000000000000000000000000000000000000000000000000000000000000000000000000000000000000000000", "id": "1759033988" } }
W/dalvikvm(  228): DroidBox: { "FdAccess": { "path": "2f70726f632f35362f636d646c696e65", "id": "1355927351" } }
W/DroidBox(  228): DroidBox: { "FileRW": { "operation": "read", "data": "2f73797374656d2f62696e2f6e6574640063656d616e616765720000000000000000000000000000000000000000000000000000000000000000000000000000000000000000000000000000000000000000000000000000000000000000000000000000", "id": "1355927351" } }
W/dalvikvm(  228): DroidBox: { "FdAccess": { "path": "2f70726f632f35382f636d646c696e65", "id": "670312867" } }
W/DroidBox(  228): DroidBox: { "FileRW": { "operation": "read", "data": "2f73797374656d2f62696e2f72696c640063656d616e616765720000000000000000000000000000000000000000000000000000000000000000000000000000000000000000000000000000000000000000000000000000000000000000000000000000", "id": "670312867" } }
W/dalvikvm(  228): DroidBox: { "FdAccess": { "path": "2f70726f632f35392f636d646c696e65", "id": "573207849" } }
W/DroidBox(  228): DroidBox: { "FileRW": { "operation": "read", "data": "2f73797374656d2f62696e2f73757266616365666c696e6765720000000000000000000000000000000000000000000000000000000000000000000000000000000000000000000000000000000000000000000000000000000000000000000000000000", "id": "573207849" } }
W/dalvikvm(  228): DroidBox: { "FdAccess": { "path": "2f70726f632f36302f636d646c696e65", "id": "1969675070" } }
W/DroidBox(  228): DroidBox: { "FileRW": { "operation": "read", "data": "7a79676f7465002f62696e2f6170705f70726f63657373002d587a79676f7465002f73797374656d2f62696e002d2d7a79676f7465002d2d73746172742d73797374656d2d73657276657200000000000000000000000000000000000000000000000000", "id": "1969675070" } }
W/dalvikvm(  228): DroidBox: { "FdAccess": { "path": "2f70726f632f36312f636d646c696e65", "id": "338473636" } }
W/DroidBox(  228): DroidBox: { "FileRW": { "operation": "read", "data": "2f73797374656d2f62696e2f64726d7365727665720073002d587a79676f7465002f73797374656d2f62696e002d2d7a79676f7465002d2d73746172742d73797374656d2d73657276657200000000000000000000000000000000000000000000000000", "id": "338473636" } }
W/dalvikvm(  228): DroidBox: { "FdAccess": { "path": "2f70726f632f36322f636d646c696e65", "id": "1511604098" } }
W/DroidBox(  228): DroidBox: { "FileRW": { "operation": "read", "data": "2f73797374656d2f62696e2f6d65646961736572766572002d587a79676f7465002f73797374656d2f62696e002d2d7a79676f7465002d2d73746172742d73797374656d2d73657276657200000000000000000000000000000000000000000000000000", "id": "1511604098" } }
W/dalvikvm(  228): DroidBox: { "FdAccess": { "path": "2f70726f632f36332f636d646c696e65", "id": "853426344" } }
W/DroidBox(  228): DroidBox: { "FileRW": { "operation": "read", "data": "2f73797374656d2f62696e2f646275732d6461656d6f6e002d2d73797374656d002d2d6e6f666f726b00696e002d2d7a79676f7465002d2d73746172742d73797374656d2d73657276657200000000000000000000000000000000000000000000000000", "id": "853426344" } }
W/dalvikvm(  228): DroidBox: { "FdAccess": { "path": "2f70726f632f36342f636d646c696e65", "id": "443839033" } }
W/DroidBox(  228): DroidBox: { "FileRW": { "operation": "read", "data": "2f73797374656d2f62696e2f696e7374616c6c64006f6e002d2d73797374656d002d2d6e6f666f726b00696e002d2d7a79676f7465002d2d73746172742d73797374656d2d73657276657200000000000000000000000000000000000000000000000000", "id": "443839033" } }
W/dalvikvm(  228): DroidBox: { "FdAccess": { "path": "2f70726f632f36352f636d646c696e65", "id": "410816087" } }
W/DroidBox(  228): DroidBox: { "FileRW": { "operation": "read", "data": "2f73797374656d2f62696e2f6b657973746f7265002f646174612f6d6973632f6b657973746f72650000696e002d2d7a79676f7465002d2d73746172742d73797374656d2d73657276657200000000000000000000000000000000000000000000000000", "id": "410816087" } }
W/dalvikvm(  228): DroidBox: { "FdAccess": { "path": "2f70726f632f36362f636d646c696e65", "id": "498759990" } }
W/DroidBox(  228): DroidBox: { "FileRW": { "operation": "read", "data": "2f73797374656d2f62696e2f73680073746f7265002f646174612f6d6973632f6b657973746f72650000696e002d2d7a79676f7465002d2d73746172742d73797374656d2d73657276657200000000000000000000000000000000000000000000000000", "id": "498759990" } }
W/dalvikvm(  228): DroidBox: { "FdAccess": { "path": "2f70726f632f36372f636d646c696e65", "id": "785411387" } }
W/DroidBox(  228): DroidBox: { "FileRW": { "operation": "read", "data": "2f7362696e2f61646264002f73680073746f7265002f646174612f6d6973632f6b657973746f72650000696e002d2d7a79676f7465002d2d73746172742d73797374656d2d73657276657200000000000000000000000000000000000000000000000000", "id": "785411387" } }
W/dalvikvm(  228): DroidBox: { "FdAccess": { "path": "2f70726f632f3232322f636d646c696e65", "id": "232511172" } }
W/DroidBox(  228): DroidBox: { "FileRW": { "operation": "read", "data": "2f7362696e2f61646264002f73680073746f7265002f646174612f6d6973632f6b657973746f72650000696e002d2d7a79676f7465002d2d73746172742d73797374656d2d73657276657200000000000000000000000000000000000000000000000000", "id": "232511172" } }
W/dalvikvm(  228): DroidBox: { "FdAccess": { "path": "2f70726f632f3232382f636d646c696e65", "id": "1323325806" } }
W/DroidBox(  228): DroidBox: { "FileRW": { "operation": "read", "data": "73797374656d5f736572766572000000000000000000000000000000000000000000000000000000000000000000000000000000000000000000000000000000000000000000000000000000000000000000000000000000000000000000000000000000", "id": "1323325806" } }
W/dalvikvm(  228): DroidBox: { "FdAccess": { "path": "2f70726f632f3432372f636d646c696e65", "id": "482745494" } }
W/DroidBox(  228): DroidBox: { "FileRW": { "operation": "read", "data": "636f6d2e616e64726f69642e73797374656d75690000000000000000000000000000000000000000000000000000000000000000000000000000000000000000000000000000000000000000000000000000000000000000000000000000000000000000", "id": "482745494" } }
W/dalvikvm(  228): DroidBox: { "FdAccess": { "path": "2f70726f632f3438332f636d646c696e65", "id": "1671049209" } }
W/DroidBox(  228): DroidBox: { "FileRW": { "operation": "read", "data": "636f6d2e616e64726f69642e696e7075746d6574686f642e6c6174696e0000000000000000000000000000000000000000000000000000000000000000000000000000000000000000000000000000000000000000000000000000000000000000000000", "id": "1671049209" } }
W/dalvikvm(  228): DroidBox: { "FdAccess": { "path": "2f70726f632f3439322f636d646c696e65", "id": "175540262" } }
W/DroidBox(  228): DroidBox: { "FileRW": { "operation": "read", "data": "636f6d2e616e64726f69642e70686f6e650000000000000000000000000000000000000000000000000000000000000000000000000000000000000000000000000000000000000000000000000000000000000000000000000000000000000000000000", "id": "175540262" } }
W/dalvikvm(  228): DroidBox: { "FdAccess": { "path": "2f70726f632f3531302f636d646c696e65", "id": "1419237261" } }
W/DroidBox(  228): DroidBox: { "FileRW": { "operation": "read", "data": "636f6d2e616e64726f69642e73657474696e67730000000000000000000000000000000000000000000000000000000000000000000000000000000000000000000000000000000000000000000000000000000000000000000000000000000000000000", "id": "1419237261" } }
W/dalvikvm(  228): DroidBox: { "FdAccess": { "path": "2f70726f632f3536352f636d646c696e65", "id": "529325152" } }
W/DroidBox(  228): DroidBox: { "FileRW": { "operation": "read", "data": "616e64726f69642e70726f636573732e61636f726500000000000000000000000000000000000000000000000000000000000000000000000000000000000000000000000000000000000000000000000000000000000000000000000000000000000000", "id": "529325152" } }
W/dalvikvm(  228): DroidBox: { "FdAccess": { "path": "2f70726f632f3538332f636d646c696e65", "id": "941757896" } }
W/DroidBox(  228): DroidBox: { "FileRW": { "operation": "read", "data": "636f6d2e616e64726f69642e736d7370757368000000000000000000000000000000000000000000000000000000000000000000000000000000000000000000000000000000000000000000000000000000000000000000000000000000000000000000", "id": "941757896" } }
W/dalvikvm(  228): DroidBox: { "FdAccess": { "path": "2f70726f632f3539392f636d646c696e65", "id": "2059841555" } }
W/DroidBox(  228): DroidBox: { "FileRW": { "operation": "read", "data": "636f6d2e616e64726f69642e6c61756e636865720000000000000000000000000000000000000000000000000000000000000000000000000000000000000000000000000000000000000000000000000000000000000000000000000000000000000000", "id": "2059841555" } }
W/dalvikvm(  228): DroidBox: { "FdAccess": { "path": "2f70726f632f3632312f636d646c696e65", "id": "715187198" } }
W/DroidBox(  228): DroidBox: { "FileRW": { "operation": "read", "data": "636f6d2e616e64726f69642e63616c656e6461720000000000000000000000000000000000000000000000000000000000000000000000000000000000000000000000000000000000000000000000000000000000000000000000000000000000000000", "id": "715187198" } }
W/dalvikvm(  228): DroidBox: { "FdAccess": { "path": "2f70726f632f3635302f636d646c696e65", "id": "730567649" } }
W/DroidBox(  228): DroidBox: { "FileRW": { "operation": "read", "data": "636f6d2e616e64726f69642e6465736b636c6f636b00000000000000000000000000000000000000000000000000000000000000000000000000000000000000000000000000000000000000000000000000000000000000000000000000000000000000", "id": "730567649" } }
W/dalvikvm(  228): DroidBox: { "FdAccess": { "path": "2f70726f632f3637372f636d646c696e65", "id": "1187140917" } }
W/DroidBox(  228): DroidBox: { "FileRW": { "operation": "read", "data": "636f6d2e616e64726f69642e70726f7669646572732e63616c656e64617200000000000000000000000000000000000000000000000000000000000000000000000000000000000000000000000000000000000000000000000000000000000000000000", "id": "1187140917" } }
V/PhoneStatusBar(  427): setLightsOn(true)
W/dalvikvm(  228): DroidBox: { "FdAccess": { "path": "2f70726f632f3735332f636d646c696e65", "id": "1615974008" } }
W/DroidBox(  228): DroidBox: { "FileRW": { "operation": "read", "data": "636f6d2e616e64726f69642e636f6e74616374730000000000000000000000000000000000000000000000000000000000000000000000000000000000000000000000000000000000000000000000000000000000000000000000000000000000000000", "id": "1615974008" } }
W/dalvikvm(  228): DroidBox: { "FdAccess": { "path": "2f70726f632f3739372f636d646c696e65", "id": "1490738276" } }
W/DroidBox(  228): DroidBox: { "FileRW": { "operation": "read", "data": "616e64726f69642e70726f636573732e6d6564696100000000000000000000000000000000000000000000000000000000000000000000000000000000000000000000000000000000000000000000000000000000000000000000000000000000000000", "id": "1490738276" } }
W/dalvikvm(  228): DroidBox: { "FdAccess": { "path": "2f70726f632f3832332f636d646c696e65", "id": "1682782305" } }
W/DroidBox(  228): DroidBox: { "FileRW": { "operation": "read", "data": "636f6d2e616e64726f69642e646566636f6e7461696e657200000000000000000000000000000000000000000000000000000000000000000000000000000000000000000000000000000000000000000000000000000000000000000000000000000000", "id": "1682782305" } }
I/        ( 1025): Http resonseContent: GameUsers.msg_time_config:null
W/dalvikvm(  228): DroidBox: { "FdAccess": { "path": "2f70726f632f3834332f636d646c696e65", "id": "670950730" } }
W/DroidBox(  228): DroidBox: { "FileRW": { "operation": "read", "data": "636f6d2e616e64726f69642e656d61696c0000000000000000000000000000000000000000000000000000000000000000000000000000000000000000000000000000000000000000000000000000000000000000000000000000000000000000000000", "id": "670950730" } }
I/        ( 1025): Create new thread
W/dalvikvm(  228): DroidBox: { "FdAccess": { "path": "2f70726f632f3835392f636d646c696e65", "id": "102739738" } }
W/DroidBox(  228): DroidBox: { "FileRW": { "operation": "read", "data": "636f6d2e616e64726f69642e65786368616e67650000000000000000000000000000000000000000000000000000000000000000000000000000000000000000000000000000000000000000000000000000000000000000000000000000000000000000", "id": "102739738" } }
W/dalvikvm(  228): DroidBox: { "FdAccess": { "path": "2f70726f632f3838332f636d646c696e65", "id": "1034025656" } }
W/DroidBox(  228): DroidBox: { "FileRW": { "operation": "read", "data": "636f6d2e616e64726f69642e67616c6c657279336400000000000000000000000000000000000000000000000000000000000000000000000000000000000000000000000000000000000000000000000000000000000000000000000000000000000000", "id": "1034025656" } }
W/dalvikvm(  228): DroidBox: { "FdAccess": { "path": "2f70726f632f3930332f636d646c696e65", "id": "208217538" } }
W/DroidBox(  228): DroidBox: { "FileRW": { "operation": "read", "data": "636f6d2e616e64726f69642e6d6d7300000000000000000000000000000000000000000000000000000000000000000000000000000000000000000000000000000000000000000000000000000000000000000000000000000000000000000000000000", "id": "208217538" } }
W/dalvikvm(  228): DroidBox: { "FdAccess": { "path": "2f70726f632f3932382f636d646c696e65", "id": "1823241390" } }
W/DroidBox(  228): DroidBox: { "FileRW": { "operation": "read", "data": "636f6d2e616e64726f69642e766f6963656469616c65720000000000000000000000000000000000000000000000000000000000000000000000000000000000000000000000000000000000000000000000000000000000000000000000000000000000", "id": "1823241390" } }
W/dalvikvm(  228): DroidBox: { "FdAccess": { "path": "2f70726f632f3935382f636d646c696e65", "id": "719354911" } }
W/DroidBox(  228): DroidBox: { "FileRW": { "operation": "read", "data": "636f6d2e616e64726f69642e717569636b736561726368626f780000000000000000000000000000000000000000000000000000000000000000000000000000000000000000000000000000000000000000000000000000000000000000000000000000", "id": "719354911" } }
W/dalvikvm(  228): DroidBox: { "FdAccess": { "path": "2f70726f632f3937342f636d646c696e65", "id": "105402017" } }
W/DroidBox(  228): DroidBox: { "FileRW": { "operation": "read", "data": "636f6d2e616e64726f69642e6d757369636678000000000000000000000000000000000000000000000000000000000000000000000000000000000000000000000000000000000000000000000000000000000000000000000000000000000000000000", "id": "105402017" } }
W/dalvikvm(  228): DroidBox: { "FdAccess": { "path": "2f70726f632f3938372f636d646c696e65", "id": "1128066877" } }
W/DroidBox(  228): DroidBox: { "FileRW": { "operation": "read", "data": "636f6d2e73766f782e7069636f000000000000000000000000000000000000000000000000000000000000000000000000000000000000000000000000000000000000000000000000000000000000000000000000000000000000000000000000000000", "id": "1128066877" } }
W/dalvikvm(  228): DroidBox: { "FdAccess": { "path": "2f70726f632f313030362f636d646c696e65", "id": "593790472" } }
W/DroidBox(  228): DroidBox: { "FileRW": { "operation": "read", "data": "636f6d2e616e64726f69642e636f6d6d616e64732e6d6f6e6b657900000000000000000000000000000000000000000000000000000000000000000000000000000000000000000000000000000000000000000000000000000000000000000000000000", "id": "593790472" } }
W/dalvikvm(  228): DroidBox: { "FdAccess": { "path": "2f70726f632f313030382f636d646c696e65", "id": "1021264143" } }
W/DroidBox(  228): DroidBox: { "FileRW": { "operation": "read", "data": "6c6f676361740044726f6964426f783a570064616c76696b766d3a570041637469766974794d616e616765723a49000000000000000000000000000000000000000000000000000000000000000000000000000000000000000000000000000000000000", "id": "1021264143" } }
W/dalvikvm(  228): DroidBox: { "FdAccess": { "path": "2f70726f632f313031302f636d646c696e65", "id": "448174673" } }
W/DroidBox(  228): DroidBox: { "FileRW": { "operation": "read", "data": "2f73797374656d2f62696e2f7368002d63007368202e2f7364636172642f65786563757465537472616365496e2e736800000000000000000000000000000000000000000000000000000000000000000000000000000000000000000000000000000000", "id": "448174673" } }
W/dalvikvm(  228): DroidBox: { "FdAccess": { "path": "2f70726f632f313031322f636d646c696e65", "id": "2052975575" } }
W/DroidBox(  228): DroidBox: { "FileRW": { "operation": "read", "data": "2f73797374656d2f62696e2f646562756767657264002f7364636172642f65786563757465537472616365496e2e736800000000000000000000000000000000000000000000000000000000000000000000000000000000000000000000000000000000", "id": "2052975575" } }
W/dalvikvm(  228): DroidBox: { "FdAccess": { "path": "2f70726f632f313031332f636d646c696e65", "id": "1029620349" } }
I/        ( 1025): wait
W/DroidBox(  228): DroidBox: { "FileRW": { "operation": "read", "data": "7368002e2f7364636172642f65786563757465537472616365496e2e736800786563757465537472616365496e2e736800000000000000000000000000000000000000000000000000000000000000000000000000000000000000000000000000000000", "id": "1029620349" } }
W/dalvikvm(  228): DroidBox: { "FdAccess": { "path": "2f70726f632f313031342f636d646c696e65", "id": "1386851784" } }
W/DroidBox(  228): DroidBox: { "FileRW": { "operation": "read", "data": "737472616365002d70003630002d66002d747446002d6f002f7364636172642f346663353164373131613739633433313938646134656261343734363139643366386164383237333465653531363039323633663031636333613637613939392e61706b", "id": "1386851784" } }
W/dalvikvm(  228): DroidBox: { "FdAccess": { "path": "2f70726f632f313032352f636d646c696e65", "id": "1978378500" } }
W/DroidBox(  228): DroidBox: { "FileRW": { "operation": "read", "data": "7375742e6b617063626470616800000000000000000000000000000000000000000000000000000000000000000000000000000000000000000000000000000000000000000000000000000031363039323633663031636333613637613939392e61706b", "id": "1978378500" } }
I/        ( 1025): channel:10055449
I/        ( 1025): sending: http://client.go360days.com/request/config.do
I/        ( 1025): prepare post
I/        ( 1025): already post
I/        ( 1025): Post to: http://client.go360days.com/request/config.do
I/        ( 1025): parameter: [uid=357242043237511, imei=357242043237511, imsi=310260000000000, simnum=89014103211118510720, telnum=15555215554, networktype=epc.tmobile.com, device=generic, cpu=armeabi-v7a, model=Full Android on Emulator, manufacturer=unknown, cversion=10001, pack_name=sut.kapcbdpah, versionsdk=16, versionrelease=4.1.1, channel=10055449, width=320, height=533, time=2024-10-23 18:26:04, action=config]
W/dalvikvm( 1025): DroidBox: { "FdAccess": { "path": "2f646174612f646174612f7375742e6b61706362647061682f7368617265645f70726566732f4173564f506e76664131312e786d6c", "id": "1720370985" } }
W/DroidBox( 1025): DroidBox: { "DataLeak": { "sink": "File", "operation": "write", "tag": "0x1c08", "data": "3c3f786d6c2076657273696f6e3d27312e302720656e636f64696e673d277574662d3827207374616e64616c6f6e653d2779657327203f3e0a3c6d61703e0a3c737472696e67206e616d653d2273696d6e756d223e383930313431303332313131313835", "id": "1720370985" } }
I/        ( 1025): Http resonseContent: GameUsers.msg_time_softlist:null
I/        ( 1025): Create new thread
I/        ( 1025): wait
I/        ( 1025): channel:10055449
I/        ( 1025): prepare post
I/        ( 1025): already post
I/        ( 1025): Post to: http://client.go360days.com/request/push.do
I/        ( 1025): parameter: [uid=357242043237511, imei=357242043237511, imsi=310260000000000, simnum=89014103211118510720, telnum=15555215554, networktype=epc.tmobile.com, device=generic, cpu=armeabi-v7a, model=Full Android on Emulator, manufacturer=unknown, cversion=10001, pack_name=sut.kapcbdpah, versionsdk=16, versionrelease=4.1.1, channel=10055449, width=320, height=533, time=2024-10-23 18:26:04, last_id=0, num=1]
W/dalvikvm( 1025): DroidBox: { "FdAccess": { "path": "2f646174612f646174612f7375742e6b61706362647061682f7368617265645f70726566732f4173564f506e76664131312e786d6c", "id": "752579787" } }
W/DroidBox( 1025): DroidBox: { "DataLeak": { "sink": "File", "operation": "write", "tag": "0x1c08", "data": "3c3f786d6c2076657273696f6e3d27312e302720656e636f64696e673d277574662d3827207374616e64616c6f6e653d2779657327203f3e0a3c6d61703e0a3c737472696e67206e616d653d2273696d6e756d223e383930313431303332313131313835", "id": "752579787" } }
I/Choreographer( 1025): Skipped 284 frames!  The application may be doing too much work on its main thread.
W/ActivityManager(  228): Launch timeout has expired, giving up wake lock!
D/gralloc_goldfish( 1025): Emulator without GPU emulation detected.
I/Process (  228): Sending signal. PID: 599 SIG: 3
I/ActivityManager(  228): Displayed sut.kapcbdpah/wfo.TNWWpbFd.MyActivity: +10s533ms
I/        ( 1025): replace into game_package (package_name, version_name, version_code )  values ('android','4.1.1-eng.mspreitz.20131102.190624',16);
I/Process (  228): Sending signal. PID: 483 SIG: 3
W/ActivityManager(  228): Activity idle timeout for ActivityRecord{b4022730 sut.kapcbdpah/wfo.TNWWpbFd.MyActivity}
W/dalvikvm( 1025): DroidBox: { "FdAccess": { "path": "2f646174612f646174612f7375742e6b61706362647061682f66696c65732f69636f6e732f69636f6e735f616e64726f69642e69636f", "id": "491357163" } }
W/DroidBox( 1025): DroidBox: { "FileRW": { "operation": "write", "data": "efbfbd504e470d0a1a0a", "id": "491357163" } }
W/dalvikvm( 1025): DroidBox: { "FdAccess": { "path": "2f646174612f646174612f7375742e6b61706362647061682f66696c65732f69636f6e732f69636f6e735f616e64726f69642e69636f", "id": "2015184178" } }
W/DroidBox( 1025): DroidBox: { "FileRW": { "operation": "write", "data": "0000000d49484452", "id": "2015184178" } }
W/dalvikvm( 1025): DroidBox: { "FdAccess": { "path": "2f646174612f646174612f7375742e6b61706362647061682f66696c65732f69636f6e732f69636f6e735f616e64726f69642e69636f", "id": "417165760" } }
W/DroidBox( 1025): DroidBox: { "FileRW": { "operation": "write", "data": "00000030000000300806000000", "id": "417165760" } }
E/ActivityManager(  228): ANR in sut.kapcbdpah (sut.kapcbdpah/wfo.TNWWpbFd.MyActivity)
E/ActivityManager(  228): Reason: keyDispatchingTimedOut
E/ActivityManager(  228): Load: 7.04 / 2.35 / 0.83
E/ActivityManager(  228): CPU usage from 1067ms to -4610ms ago:
E/ActivityManager(  228):   41% 228/system_server: 32% user + 8.1% kernel / faults: 1963 minor 3 major
E/ActivityManager(  228):   25% 1014/strace: 5.8% user + 20% kernel
E/ActivityManager(  228):   13% 1025/sut.kapcbdpah: 8.4% user + 4.7% kernel / faults: 1651 minor
E/ActivityManager(  228):   5.6% 67/adbd: 0.5% user + 5.1% kernel / faults: 932 minor
E/ActivityManager(  228):   2.9% 59/surfaceflinger: 1.7% user + 1.2% kernel / faults: 358 minor
E/ActivityManager(  228):   2.9% 1008/logcat: 0.9% user + 2% kernel
E/ActivityManager(  228):   2.1% 492/com.android.phone: 1% user + 1% kernel / faults: 149 minor
E/ActivityManager(  228):   1.5% 599/com.android.launcher: 1.2% user + 0.3% kernel / faults: 29 minor 1 major
E/ActivityManager(  228):   1.4% 427/com.android.systemui: 0.8% user + 0.5% kernel / faults: 88 minor
E/ActivityManager(  228):   1% 62/mediaserver: 0.1% user + 0.8% kernel
E/ActivityManager(  228):   0.8% 483/com.android.inputmethod.latin: 0.3% user + 0.5% kernel / faults: 17 minor
E/ActivityManager(  228):   0.3% 26/mtdblock1: 0% user + 0.3% kernel
E/ActivityManager(  228):   0.3% 883/com.android.gallery3d: 0.3% user + 0% kernel / faults: 18 minor
E/ActivityManager(  228):   0.1% 797/android.process.media: 0% user + 0.1% kernel / faults: 19 minor
E/ActivityManager(  228): 100% TOTAL: 56% user + 43% kernel
E/ActivityManager(  228): CPU usage from 3498ms to 4095ms later:
E/ActivityManager(  228):   38% 1025/sut.kapcbdpah: 31% user + 6.6% kernel / faults: 547 minor
E/ActivityManager(  228):     26% 1045/Thread-101: 25% user + 1.6% kernel
E/ActivityManager(  228):     11% 1025/sut.kapcbdpah: 6.6% user + 5% kernel
E/ActivityManager(  228):   28% 1014/strace: 5% user + 23% kernel
E/ActivityManager(  228):   19% 228/system_server: 9.8% user + 9.8% kernel / faults: 432 minor
E/ActivityManager(  228):     8.1% 339/InputDispatcher: 4.9% user + 3.2% kernel
E/ActivityManager(  228):     3.2% 328/PackageMonitor: 0% user + 3.2% kernel
E/ActivityManager(  228):     3.2% 578/Binder_5: 3.2% user + 0% kernel
E/ActivityManager(  228):     1.6% 249/FileObserver: 0% user + 1.6% kernel
E/ActivityManager(  228):     1.6% 537/Binder_4: 1.6% user + 0% kernel
E/ActivityManager(  228):   4.9% 599/com.android.launcher: 4.9% user + 0% kernel / faults: 4 minor
