D/InputEventConsistencyVerifier(  417):   5: sent at 125433000000, MotionEvent { action=ACTION_UP, id[0]=0, x[0]=362.0, y[0]=329.0, toolType[0]=TOOL_TYPE_UNKNOWN, buttonState=0, metaState=0, flags=0x0, edgeFlags=0x0, pointerCount=1, historySize=0, eventTime=125433, downTime=125420, deviceId=0, source=0x1002 }
D/InputEventConsistencyVerifier(  417): KeyEvent: ACTION_UP but key was not down.
D/InputEventConsistencyVerifier(  417):   in com.android.systemui.statusbar.phone.PhoneStatusBarView@b3e28298
D/InputEventConsistencyVerifier(  417):   0: sent at 125798000000, KeyEvent { action=ACTION_UP, keyCode=KEYCODE_DPAD_UP, scanCode=0, metaState=0, flags=0x8, repeatCount=0, eventTime=125798, downTime=125798, deviceId=-1, source=0x101 }
D/InputEventConsistencyVerifier(  417):   -- recent events --
D/InputEventConsistencyVerifier(  417):   1: sent at 125698000000, (unhandled) KeyEvent { action=ACTION_DOWN, keyCode=KEYCODE_DPAD_DOWN, scanCode=0, metaState=0, flags=0x8, repeatCount=0, eventTime=125698, downTime=125698, deviceId=-1, source=0x101 }
D/InputEventConsistencyVerifier(  417):   2: sent at 125693000000, (unhandled) KeyEvent { action=ACTION_UP, keyCode=KEYCODE_DPAD_CENTER, scanCode=0, metaState=0, flags=0x8, repeatCount=0, eventTime=125693, downTime=125693, deviceId=-1, source=0x101 }
D/InputEventConsistencyVerifier(  417):   3: sent at 125689000000, (unhandled) KeyEvent { action=ACTION_DOWN, keyCode=KEYCODE_DPAD_CENTER, scanCode=0, metaState=0, flags=0x8, repeatCount=0, eventTime=125689, downTime=125689, deviceId=-1, source=0x101 }
D/InputEventConsistencyVerifier(  417):   4: sent at 125677000000, (unhandled) KeyEvent { action=ACTION_UP, keyCode=KEYCODE_MENU, scanCode=0, metaState=0, flags=0x8, repeatCount=0, eventTime=125677, downTime=125677, deviceId=-1, source=0x101 }
D/InputEventConsistencyVerifier(  417):   5: sent at 125657000000, (unhandled) KeyEvent { action=ACTION_DOWN, keyCode=KEYCODE_MENU, scanCode=0, metaState=0, flags=0x8, repeatCount=0, eventTime=125657, downTime=125657, deviceId=-1, source=0x101 }
D/InputEventConsistencyVerifier(  417): KeyEvent: ACTION_UP but key was not down.
D/InputEventConsistencyVerifier(  417):   in com.android.systemui.statusbar.phone.StatusBarWindowView@b3e26300
D/InputEventConsistencyVerifier(  417):   0: sent at 125940000000, KeyEvent { action=ACTION_UP, keyCode=KEYCODE_DPAD_RIGHT, scanCode=0, metaState=0, flags=0x8, repeatCount=0, eventTime=125940, downTime=125940, deviceId=-1, source=0x101 }
D/InputEventConsistencyVerifier(  417):   -- recent events --
D/InputEventConsistencyVerifier(  417):   1: sent at 125931000000, (unhandled) KeyEvent { action=ACTION_UP, keyCode=KEYCODE_MENU, scanCode=0, metaState=0, flags=0x8, repeatCount=0, eventTime=125931, downTime=125931, deviceId=-1, source=0x101 }
D/InputEventConsistencyVerifier(  417):   2: sent at 125897000000, (unhandled) KeyEvent { action=ACTION_DOWN, keyCode=KEYCODE_MENU, scanCode=0, metaState=0, flags=0x8, repeatCount=0, eventTime=125897, downTime=125897, deviceId=-1, source=0x101 }
D/InputEventConsistencyVerifier(  417):   3: sent at 125870000000, MotionEvent { action=ACTION_UP, id[0]=0, x[0]=61.0, y[0]=710.0, toolType[0]=TOOL_TYPE_UNKNOWN, buttonState=0, metaState=0, flags=0x0, edgeFlags=0x0, pointerCount=1, historySize=0, eventTime=125870, downTime=125864, deviceId=0, source=0x1002 }
D/InputEventConsistencyVerifier(  417):   4: sent at 125864000000, MotionEvent { action=ACTION_DOWN, id[0]=0, x[0]=48.0, y[0]=718.0, toolType[0]=TOOL_TYPE_UNKNOWN, buttonState=0, metaState=0, flags=0x0, edgeFlags=0x0, pointerCount=1, historySize=0, eventTime=125864, downTime=125864, deviceId=0, source=0x1002 }
D/InputEventConsistencyVerifier(  417):   5: sent at 125844000000, MotionEvent { action=ACTION_UP, id[0]=0, x[0]=49.0, y[0]=74.0, toolType[0]=TOOL_TYPE_UNKNOWN, buttonState=0, metaState=0, flags=0x0, edgeFlags=0x0, pointerCount=1, historySize=0, eventTime=125844, downTime=125828, deviceId=0, source=0x1002 }
D/InputEventConsistencyVerifier(  417): KeyEvent: ACTION_UP but key was not down.
D/InputEventConsistencyVerifier(  417):   in com.android.systemui.statusbar.phone.StatusBarWindowView@b3e26300
D/InputEventConsistencyVerifier(  417):   0: sent at 126109000000, KeyEvent { action=ACTION_UP, keyCode=KEYCODE_DPAD_DOWN, scanCode=0, metaState=0, flags=0x8, repeatCount=0, eventTime=126109, downTime=126109, deviceId=-1, source=0x101 }
D/InputEventConsistencyVerifier(  417):   -- recent events --
D/InputEventConsistencyVerifier(  417):   1: sent at 126048000000, MotionEvent { action=ACTION_UP, id[0]=0, x[0]=170.0, y[0]=703.0, toolType[0]=TOOL_TYPE_UNKNOWN, buttonState=0, metaState=0, flags=0x0, edgeFlags=0x0, pointerCount=1, historySize=0, eventTime=126048, downTime=126001, deviceId=0, source=0x1002 }
D/InputEventConsistencyVerifier(  417):   2: sent at 126046000000, MotionEvent { action=ACTION_MOVE, id[0]=0, x[0]=177.0, y[0]=704.0, toolType[0]=TOOL_TYPE_UNKNOWN, buttonState=0, metaState=0, flags=0x0, edgeFlags=0x0, pointerCount=1, historySize=3, eventTime=126046, downTime=126001, deviceId=0, source=0x1002 }
D/InputEventConsistencyVerifier(  417):   3: sent at 126027968210, MotionEvent { action=ACTION_MOVE, id[0]=0, x[0]=186.0, y[0]=705.50793, toolType[0]=TOOL_TYPE_UNKNOWN, buttonState=0, metaState=0, flags=0x0, edgeFlags=0x0, pointerCount=1, historySize=2, eventTime=126027, downTime=126001, deviceId=0, source=0x1002 }
D/InputEventConsistencyVerifier(  417):   4: sent at 126003000000, MotionEvent { action=ACTION_DOWN, id[0]=0, x[0]=194.0, y[0]=707.0, toolType[0]=TOOL_TYPE_UNKNOWN, buttonState=0, metaState=0, flags=0x0, edgeFlags=0x0, pointerCount=1, historySize=0, eventTime=126003, downTime=126001, deviceId=0, source=0x1002 }
D/InputEventConsistencyVerifier(  417):   5: sent at 125978000000, (unhandled) KeyEvent { action=ACTION_UP, keyCode=KEYCODE_DPAD_CENTER, scanCode=0, metaState=0, flags=0x8, repeatCount=0, eventTime=125978, downTime=125978, deviceId=-1, source=0x101 }
D/InputEventConsistencyVerifier(  417): KeyEvent: ACTION_UP but key was not down.
D/InputEventConsistencyVerifier(  417):   in com.android.systemui.statusbar.phone.StatusBarWindowView@b3e26300
D/InputEventConsistencyVerifier(  417):   0: sent at 126197000000, KeyEvent { action=ACTION_UP, keyCode=KEYCODE_DPAD_RIGHT, scanCode=0, metaState=0, flags=0x400, repeatCount=0, eventTime=126197, downTime=126197, deviceId=-1, source=0x101 }
D/InputEventConsistencyVerifier(  417):   -- recent events --
D/InputEventConsistencyVerifier(  417):   1: sent at 126189000000, (unhandled) MotionEvent { action=ACTION_MOVE, id[0]=0, x[0]=4.0, y[0]=-3.0, toolType[0]=TOOL_TYPE_UNKNOWN, buttonState=0, metaState=0, flags=0x0, edgeFlags=0x0, pointerCount=1, historySize=3, eventTime=126189, downTime=-1, deviceId=0, source=0x10004 }
D/InputEventConsistencyVerifier(  417):   2: sent at 126137000000, MotionEvent { action=ACTION_UP, id[0]=0, x[0]=395.0, y[0]=374.0, toolType[0]=TOOL_TYPE_UNKNOWN, buttonState=0, metaState=0, flags=0x0, edgeFlags=0x0, pointerCount=1, historySize=0, eventTime=126137, downTime=126118, deviceId=0, source=0x1002 }
D/InputEventConsistencyVerifier(  417):   3: sent at 126118000000, MotionEvent { action=ACTION_DOWN, id[0]=0, x[0]=395.0, y[0]=374.0, toolType[0]=TOOL_TYPE_UNKNOWN, buttonState=0, metaState=0, flags=0x0, edgeFlags=0x0, pointerCount=1, historySize=0, eventTime=126118, downTime=126118, deviceId=0, source=0x1002 }
D/InputEventConsistencyVerifier(  417):   4: sent at 126109000000, (unhandled) KeyEvent { action=ACTION_UP, keyCode=KEYCODE_DPAD_DOWN, scanCode=0, metaState=0, flags=0x80000008, repeatCount=0, eventTime=126109, downTime=126109, deviceId=-1, source=0x101 }
D/InputEventConsistencyVerifier(  417):   5: sent at 126048000000, MotionEvent { action=ACTION_UP, id[0]=0, x[0]=170.0, y[0]=703.0, toolType[0]=TOOL_TYPE_UNKNOWN, buttonState=0, metaState=0, flags=0x0, edgeFlags=0x0, pointerCount=1, historySize=0, eventTime=126048, downTime=126001, deviceId=0, source=0x1002 }
D/InputEventConsistencyVerifier(  417): KeyEvent: ACTION_UP but key was not down.
D/InputEventConsistencyVerifier(  417):   in com.android.systemui.statusbar.phone.StatusBarWindowView@b3e26300
D/InputEventConsistencyVerifier(  417):   0: sent at 126313000000, KeyEvent { action=ACTION_UP, keyCode=KEYCODE_DPAD_LEFT, scanCode=0, metaState=0, flags=0x8, repeatCount=0, eventTime=126313, downTime=126313, deviceId=-1, source=0x101 }
D/InputEventConsistencyVerifier(  417):   -- recent events --
D/InputEventConsistencyVerifier(  417):   1: sent at 126280000000, MotionEvent { action=ACTION_UP, id[0]=0, x[0]=134.0, y[0]=130.0, toolType[0]=TOOL_TYPE_UNKNOWN, buttonState=0, metaState=0, flags=0x0, edgeFlags=0x0, pointerCount=1, historySize=0, eventTime=126280, downTime=126268, deviceId=0, source=0x1002 }
D/InputEventConsistencyVerifier(  417):   2: sent at 126269000000, MotionEvent { action=ACTION_DOWN, id[0]=0, x[0]=132.0, y[0]=148.0, toolType[0]=TOOL_TYPE_UNKNOWN, buttonState=0, metaState=0, flags=0x0, edgeFlags=0x0, pointerCount=1, historySize=0, eventTime=126269, downTime=126268, deviceId=0, source=0x1002 }
D/InputEventConsistencyVerifier(  417):   3: sent at 126260000000, MotionEvent { action=ACTION_UP, id[0]=0, x[0]=218.0, y[0]=606.0, toolType[0]=TOOL_TYPE_UNKNOWN, buttonState=0, metaState=0, flags=0x0, edgeFlags=0x0, pointerCount=1, historySize=0, eventTime=126260, downTime=126253, deviceId=0, source=0x1002 }
D/InputEventConsistencyVerifier(  417):   4: sent at 126254000000, MotionEvent { action=ACTION_DOWN, id[0]=0, x[0]=208.0, y[0]=606.0, toolType[0]=TOOL_TYPE_UNKNOWN, buttonState=0, metaState=0, flags=0x0, edgeFlags=0x0, pointerCount=1, historySize=0, eventTime=126254, downTime=126253, deviceId=0, source=0x1002 }
D/InputEventConsistencyVerifier(  417):   5: sent at 126243000000, (unhandled) KeyEvent { action=ACTION_UP, keyCode=KEYCODE_DPAD_RIGHT, scanCode=0, metaState=0, flags=0x400, repeatCount=0, eventTime=126243, downTime=126243, deviceId=-1, source=0x101 }
I/ActivityManager(  228): START {act=android.intent.action.CALL_BUTTON flg=0x10000000 cmp=com.android.contacts/.activities.DialtactsActivity u=0} from pid 417
W/dalvikvm(  417): DroidBox: { "FdAccess": { "path": "2f70726f632f6d656d696e666f", "id": "1128358815" } }
W/DroidBox(  417): DroidBox: { "FileRW": { "operation": "read", "data": "4d656d546f74616c3a202020202020202020373438393634206b420a4d656d467265653a20202020202020202020343538383630206b420a427566666572733a20202020202020202020202035343238206b420a4361636865643a202020202020202020", "id": "1128358815" } }
I/Choreographer(  417): Skipped 47 frames!  The application may be doing too much work on its main thread.
W/dalvikvm(  417): DroidBox: { "FdAccess": { "path": "2f70726f632f6d656d696e666f", "id": "1855896746" } }
W/DroidBox(  417): DroidBox: { "FileRW": { "operation": "read", "data": "4d656d546f74616c3a202020202020202020373438393634206b420a4d656d467265653a20202020202020202020343538343634206b420a427566666572733a20202020202020202020202035343238206b420a4361636865643a202020202020202020", "id": "1855896746" } }
I/ActivityManager(  228): Start proc com.android.music for broadcast com.android.music/.MediaButtonIntentReceiver: pid=1082 uid=10024 gids={3003, 1015, 1028}
D/InputEventConsistencyVerifier(  417): TouchEvent: ACTION_DOWN but pointers are already down.  Probably missing ACTION_UP from previous gesture.
D/InputEventConsistencyVerifier(  417):   in android.view.ScaleGestureDetector@b3ec6a50
D/InputEventConsistencyVerifier(  417):   0: sent at 126717000000, MotionEvent { action=ACTION_DOWN, id[0]=0, x[0]=214.0, y[0]=671.0, toolType[0]=TOOL_TYPE_UNKNOWN, buttonState=0, metaState=0, flags=0x0, edgeFlags=0x0, pointerCount=1, historySize=0, eventTime=126717, downTime=126715, deviceId=0, source=0x1002 }
D/InputEventConsistencyVerifier(  417):   -- recent events --
D/InputEventConsistencyVerifier(  417):   1: sent at 126686000000, MotionEvent { action=ACTION_MOVE, id[0]=0, x[0]=69.0, y[0]=709.0, toolType[0]=TOOL_TYPE_UNKNOWN, buttonState=0, metaState=0, flags=0x0, edgeFlags=0x0, pointerCount=1, historySize=0, eventTime=126686, downTime=126660, deviceId=0, source=0x1002 }
D/InputEventConsistencyVerifier(  417):   2: sent at 126673000000, MotionEvent { action=ACTION_DOWN, id[0]=0, x[0]=62.0, y[0]=722.0, toolType[0]=TOOL_TYPE_UNKNOWN, buttonState=0, metaState=0, flags=0x0, edgeFlags=0x0, pointerCount=1, historySize=0, eventTime=126673, downTime=126660, deviceId=0, source=0x1002 }
D/InputEventConsistencyVerifier(  417):   3: sent at 126280000000, MotionEvent { action=ACTION_UP, id[0]=0, x[0]=134.0, y[0]=130.0, toolType[0]=TOOL_TYPE_UNKNOWN, buttonState=0, metaState=0, flags=0x0, edgeFlags=0x0, pointerCount=1, historySize=0, eventTime=126280, downTime=126268, deviceId=0, source=0x1002 }
D/InputEventConsistencyVerifier(  417):   4: sent at 126269000000, MotionEvent { action=ACTION_DOWN, id[0]=0, x[0]=132.0, y[0]=148.0, toolType[0]=TOOL_TYPE_UNKNOWN, buttonState=0, metaState=0, flags=0x0, edgeFlags=0x0, pointerCount=1, historySize=0, eventTime=126269, downTime=126268, deviceId=0, source=0x1002 }
D/InputEventConsistencyVerifier(  417):   5: sent at 126260000000, MotionEvent { action=ACTION_UP, id[0]=0, x[0]=218.0, y[0]=606.0, toolType[0]=TOOL_TYPE_UNKNOWN, buttonState=0, metaState=0, flags=0x0, edgeFlags=0x0, pointerCount=1, historySize=0, eventTime=126260, downTime=126253, deviceId=0, source=0x1002 }
I/Choreographer(  417): Skipped 46 frames!  The application may be doing too much work on its main thread.
W/dalvikvm(  417): DroidBox: { "FdAccess": { "path": "2f70726f632f6d656d696e666f", "id": "996555103" } }
W/DroidBox(  417): DroidBox: { "FileRW": { "operation": "read", "data": "4d656d546f74616c3a202020202020202020373438393634206b420a4d656d467265653a20202020202020202020343538313834206b420a427566666572733a20202020202020202020202035343238206b420a4361636865643a202020202020202020", "id": "996555103" } }
W/dalvikvm(  228): DroidBox: { "FdAccess": { "path": "2f70726f632f313038322f636d646c696e65", "id": "169339905" } }
W/DroidBox(  228): DroidBox: { "FileRW": { "operation": "read", "data": "7a79676f7465002f62696e2f6170705f70726f63657373002d587a79676f7465002f73797374656d2f62696e002d2d7a79676f7465002d2d73746172742d73797374656d2d7365727665720034663764306634653636663364643038666262632e61706b", "id": "169339905" } }
I/Choreographer(  417): Skipped 31 frames!  The application may be doing too much work on its main thread.
W/InputMethodManagerService(  228): Window already focused, ignoring focus gain of: com.android.internal.view.IInputMethodClient$Stub$Proxy@b3e9e648 attribute=null
D/InputEventConsistencyVerifier(  417): TouchEvent: ACTION_DOWN but pointers are already down.  Probably missing ACTION_UP from previous gesture.
D/InputEventConsistencyVerifier(  417):   in android.view.ScaleGestureDetector@b3ec6a50
D/InputEventConsistencyVerifier(  417):   0: sent at 127100000000, MotionEvent { action=ACTION_DOWN, id[0]=0, x[0]=131.0, y[0]=754.0, toolType[0]=TOOL_TYPE_UNKNOWN, buttonState=0, metaState=0, flags=0x0, edgeFlags=0x0, pointerCount=1, historySize=0, eventTime=127100, downTime=127099, deviceId=0, source=0x1002 }
D/InputEventConsistencyVerifier(  417):   -- recent events --
D/InputEventConsistencyVerifier(  417):   1: sent at 126717000000, MotionEvent { action=ACTION_DOWN, id[0]=0, x[0]=214.0, y[0]=671.0, toolType[0]=TOOL_TYPE_UNKNOWN, buttonState=0, metaState=0, flags=0x80000000, edgeFlags=0x0, pointerCount=1, historySize=0, eventTime=126717, downTime=126715, deviceId=0, source=0x1002 }
D/InputEventConsistencyVerifier(  417):   2: sent at 126686000000, MotionEvent { action=ACTION_MOVE, id[0]=0, x[0]=69.0, y[0]=709.0, toolType[0]=TOOL_TYPE_UNKNOWN, buttonState=0, metaState=0, flags=0x0, edgeFlags=0x0, pointerCount=1, historySize=0, eventTime=126686, downTime=126660, deviceId=0, source=0x1002 }
D/InputEventConsistencyVerifier(  417):   3: sent at 126673000000, MotionEvent { action=ACTION_DOWN, id[0]=0, x[0]=62.0, y[0]=722.0, toolType[0]=TOOL_TYPE_UNKNOWN, buttonState=0, metaState=0, flags=0x0, edgeFlags=0x0, pointerCount=1, historySize=0, eventTime=126673, downTime=126660, deviceId=0, source=0x1002 }
D/InputEventConsistencyVerifier(  417):   4: sent at 126280000000, MotionEvent { action=ACTION_UP, id[0]=0, x[0]=134.0, y[0]=130.0, toolType[0]=TOOL_TYPE_UNKNOWN, buttonState=0, metaState=0, flags=0x0, edgeFlags=0x0, pointerCount=1, historySize=0, eventTime=126280, downTime=126268, deviceId=0, source=0x1002 }
D/InputEventConsistencyVerifier(  417):   5: sent at 126269000000, MotionEvent { action=ACTION_DOWN, id[0]=0, x[0]=132.0, y[0]=148.0, toolType[0]=TOOL_TYPE_UNKNOWN, buttonState=0, metaState=0, flags=0x0, edgeFlags=0x0, pointerCount=1, historySize=0, eventTime=126269, downTime=126268, deviceId=0, source=0x1002 }
I/Choreographer(  417): Skipped 32 frames!  The application may be doing too much work on its main thread.
D/PhoneStatusBar(  417): disable: < expand icons alerts ticker* system_info back home recent clock >
V/PhoneStatusBar(  417): setLightsOn(true)
I/ActivityManager(  228): START {act=android.intent.action.CALL_BUTTON flg=0x10000000 cmp=com.android.contacts/.activities.DialtactsActivity u=0} from pid 1018
E/Trace   ( 1082): error opening trace file: No such file or directory (2)
E/WVMExtractor(   63): Failed to open libwvm.so
W/DroidBox( 1082): DroidBox: { "DexClassLoader": { "path": "/system/app/Music.apk" } }
I/Choreographer( 1018): Skipped 73 frames!  The application may be doing too much work on its main thread.
E/WVMExtractor(   63): Failed to open libwvm.so
I/Choreographer( 1018): Skipped 33 frames!  The application may be doing too much work on its main thread.
W/DroidBox( 1082): DroidBox: { "ServiceStart": { "name": "com.android.music.MediaPlaybackService" } }
W/DroidBox( 1082): DroidBox: { "ServiceStart": { "name": "com.android.music.MediaPlaybackService" } }
D/InputEventConsistencyVerifier( 1018): KeyEvent: ACTION_UP but key was not down.
D/InputEventConsistencyVerifier( 1018):   in com.android.internal.policy.impl.PhoneWindow$DecorView@b3df1320
D/InputEventConsistencyVerifier( 1018):   0: sent at 127915000000, KeyEvent { action=ACTION_UP, keyCode=KEYCODE_DPAD_RIGHT, scanCode=0, metaState=0, flags=0x400, repeatCount=0, eventTime=127915, downTime=127915, deviceId=-1, source=0x101 }
D/InputEventConsistencyVerifier( 1018):   -- recent events --
D/InputEventConsistencyVerifier( 1018):   1: sent at 127751000000, (unhandled) MotionEvent { action=ACTION_MOVE, id[0]=0, x[0]=4.0, y[0]=2.0, toolType[0]=TOOL_TYPE_UNKNOWN, buttonState=0, metaState=0, flags=0x0, edgeFlags=0x0, pointerCount=1, historySize=9, eventTime=127751, downTime=-1, deviceId=0, source=0x10004 }
D/InputEventConsistencyVerifier( 1018):   2: sent at 127651000000, (unhandled) MotionEvent { action=ACTION_UP, id[0]=0, x[0]=244.66667, y[0]=365.33334, toolType[0]=TOOL_TYPE_UNKNOWN, buttonState=0, metaState=0, flags=0x0, edgeFlags=0x0, pointerCount=1, historySize=0, eventTime=127651, downTime=127645, deviceId=0, source=0x1002 }
D/InputEventConsistencyVerifier( 1018):   3: sent at 127645000000, (unhandled) MotionEvent { action=ACTION_DOWN, id[0]=0, x[0]=242.66667, y[0]=364.6667, toolType[0]=TOOL_TYPE_UNKNOWN, buttonState=0, metaState=0, flags=0x0, edgeFlags=0x0, pointerCount=1, historySize=0, eventTime=127645, downTime=127645, deviceId=0, source=0x1002 }
D/InputEventConsistencyVerifier( 1018):   4: sent at 127535000000, (unhandled) KeyEvent { action=ACTION_UP, keyCode=KEYCODE_DPAD_LEFT, scanCode=0, metaState=0, flags=0x8, repeatCount=0, eventTime=127535, downTime=127535, deviceId=-1, source=0x101 }
D/InputEventConsistencyVerifier( 1018):   5: sent at 127312000000, (unhandled) KeyEvent { action=ACTION_DOWN, keyCode=KEYCODE_DPAD_LEFT, scanCode=0, metaState=0, flags=0x8, repeatCount=0, eventTime=127312, downTime=127312, deviceId=-1, source=0x101 }
E/WVMExtractor(   63): Failed to open libwvm.so
I/AudioService(  228):   Remote Control   registerMediaButtonIntent() for PendingIntent{b41dbe30: PendingIntentRecord{b41dbd28 com.android.music broadcastIntent}}
E/WVMExtractor(   63): Failed to open libwvm.so
D/InputEventConsistencyVerifier(  417): TouchEvent: ACTION_DOWN but pointers are already down.  Probably missing ACTION_UP from previous gesture.
D/InputEventConsistencyVerifier(  417):   in android.view.ScaleGestureDetector@b3ec6a50
D/InputEventConsistencyVerifier(  417):   0: sent at 129286000000, MotionEvent { action=ACTION_DOWN, id[0]=0, x[0]=335.0, y[0]=23.0, toolType[0]=TOOL_TYPE_UNKNOWN, buttonState=0, metaState=0, flags=0x0, edgeFlags=0x0, pointerCount=1, historySize=0, eventTime=129286, downTime=129284, deviceId=0, source=0x1002 }
D/InputEventConsistencyVerifier(  417):   -- recent events --
D/InputEventConsistencyVerifier(  417):   1: sent at 127100000000, MotionEvent { action=ACTION_DOWN, id[0]=0, x[0]=131.0, y[0]=754.0, toolType[0]=TOOL_TYPE_UNKNOWN, buttonState=0, metaState=0, flags=0x80000000, edgeFlags=0x0, pointerCount=1, historySize=0, eventTime=127100, downTime=127099, deviceId=0, source=0x1002 }
D/InputEventConsistencyVerifier(  417):   2: sent at 126717000000, MotionEvent { action=ACTION_DOWN, id[0]=0, x[0]=214.0, y[0]=671.0, toolType[0]=TOOL_TYPE_UNKNOWN, buttonState=0, metaState=0, flags=0x80000000, edgeFlags=0x0, pointerCount=1, historySize=0, eventTime=126717, downTime=126715, deviceId=0, source=0x1002 }
D/InputEventConsistencyVerifier(  417):   3: sent at 126686000000, MotionEvent { action=ACTION_MOVE, id[0]=0, x[0]=69.0, y[0]=709.0, toolType[0]=TOOL_TYPE_UNKNOWN, buttonState=0, metaState=0, flags=0x0, edgeFlags=0x0, pointerCount=1, historySize=0, eventTime=126686, downTime=126660, deviceId=0, source=0x1002 }
D/InputEventConsistencyVerifier(  417):   4: sent at 126673000000, MotionEvent { action=ACTION_DOWN, id[0]=0, x[0]=62.0, y[0]=722.0, toolType[0]=TOOL_TYPE_UNKNOWN, buttonState=0, metaState=0, flags=0x0, edgeFlags=0x0, pointerCount=1, historySize=0, eventTime=126673, downTime=126660, deviceId=0, source=0x1002 }
D/InputEventConsistencyVerifier(  417):   5: sent at 126280000000, MotionEvent { action=ACTION_UP, id[0]=0, x[0]=134.0, y[0]=130.0, toolType[0]=TOOL_TYPE_UNKNOWN, buttonState=0, metaState=0, flags=0x0, edgeFlags=0x0, pointerCount=1, historySize=0, eventTime=126280, downTime=126268, deviceId=0, source=0x1002 }
W/dalvikvm(  417): DroidBox: { "FdAccess": { "path": "2f70726f632f6d656d696e666f", "id": "1149468738" } }
W/DroidBox(  417): DroidBox: { "FileRW": { "operation": "read", "data": "4d656d546f74616c3a202020202020202020373438393634206b420a4d656d467265653a20202020202020202020343538343030206b420a427566666572733a20202020202020202020202035343336206b420a4361636865643a202020202020202020", "id": "1149468738" } }
D/InputEventConsistencyVerifier(  417): TrackballEvent: Trackball is down but pressure is not greater than 0.
D/InputEventConsistencyVerifier(  417):   in android.view.ViewRootImpl@b3eb7d70
D/InputEventConsistencyVerifier(  417):   0: sent at 129523000000, MotionEvent { action=ACTION_DOWN, id[0]=0, x[0]=0.0, y[0]=0.0, toolType[0]=TOOL_TYPE_UNKNOWN, buttonState=0, metaState=0, flags=0x0, edgeFlags=0x0, pointerCount=1, historySize=0, eventTime=129523, downTime=129423, deviceId=0, source=0x10004 }
D/InputEventConsistencyVerifier(  417):   -- recent events --
D/InputEventConsistencyVerifier(  417):   1: sent at 129521000000, MotionEvent { action=ACTION_MOVE, id[0]=0, x[0]=-1.0, y[0]=-1.0, toolType[0]=TOOL_TYPE_UNKNOWN, buttonState=0, metaState=0, flags=0x0, edgeFlags=0x0, pointerCount=1, historySize=9, eventTime=129521, downTime=-1, deviceId=0, source=0x10004 }
D/InputEventConsistencyVerifier(  417):   2: sent at 129350000000, MotionEvent { action=ACTION_UP, id[0]=0, x[0]=376.0, y[0]=48.0, toolType[0]=TOOL_TYPE_UNKNOWN, buttonState=0, metaState=0, flags=0x0, edgeFlags=0x0, pointerCount=1, historySize=0, eventTime=129350, downTime=129284, deviceId=0, source=0x1002 }
D/InputEventConsistencyVerifier(  417):   3: sent at 129320000000, MotionEvent { action=ACTION_POINTER_UP(1), id[0]=0, x[0]=358.0, y[0]=39.0, toolType[0]=TOOL_TYPE_UNKNOWN, id[1]=1, x[1]=456.0, y[1]=43.0, toolType[1]=TOOL_TYPE_UNKNOWN, buttonState=0, metaState=0, flags=0x0, edgeFlags=0x0, pointerCount=2, historySize=0, eventTime=129320, downTime=129284, deviceId=0, source=0x1002 }
D/InputEventConsistencyVerifier(  417):   4: sent at 129316000000, MotionEvent { action=ACTION_MOVE, id[0]=0, x[0]=346.0, y[0]=38.0, toolType[0]=TOOL_TYPE_UNKNOWN, id[1]=1, x[1]=451.0, y[1]=45.0, toolType[1]=TOOL_TYPE_UNKNOWN, buttonState=0, metaState=0, flags=0x0, edgeFlags=0x0, pointerCount=2, historySize=0, eventTime=129316, downTime=129284, deviceId=0, source=0x1002 }
D/InputEventConsistencyVerifier(  417):   5: sent at 129307000000, MotionEvent { action=ACTION_POINTER_DOWN(1), id[0]=0, x[0]=344.0, y[0]=31.0, toolType[0]=TOOL_TYPE_UNKNOWN, id[1]=1, x[1]=437.0, y[1]=46.0, toolType[1]=TOOL_TYPE_UNKNOWN, buttonState=0, metaState=0, flags=0x0, edgeFlags=0x0, pointerCount=2, historySize=0, eventTime=129307, downTime=129284, deviceId=0, source=0x1002 }
W/dalvikvm(  417): DroidBox: { "FdAccess": { "path": "2f70726f632f6d656d696e666f", "id": "366883766" } }
W/DroidBox(  417): DroidBox: { "FileRW": { "operation": "read", "data": "4d656d546f74616c3a202020202020202020373438393634206b420a4d656d467265653a20202020202020202020343538323638206b420a427566666572733a20202020202020202020202035343336206b420a4361636865643a202020202020202020", "id": "366883766" } }
I/Choreographer(  417): Skipped 77 frames!  The application may be doing too much work on its main thread.
W/dalvikvm(  417): DroidBox: { "FdAccess": { "path": "2f70726f632f6d656d696e666f", "id": "1199264474" } }
W/DroidBox(  417): DroidBox: { "FileRW": { "operation": "read", "data": "4d656d546f74616c3a202020202020202020373438393634206b420a4d656d467265653a20202020202020202020343538323638206b420a427566666572733a20202020202020202020202035343336206b420a4361636865643a202020202020202020", "id": "1199264474" } }
V/PhoneStatusBar(  417): setLightsOn(true)
I/Choreographer(  417): Skipped 39 frames!  The application may be doing too much work on its main thread.
D/PhoneStatusBar(  417): disable: < expand icons alerts TICKER* system_info back home recent clock >
W/dalvikvm(  417): DroidBox: { "FdAccess": { "path": "2f70726f632f6d656d696e666f", "id": "1560518188" } }
W/DroidBox(  417): DroidBox: { "FileRW": { "operation": "read", "data": "4d656d546f74616c3a202020202020202020373438393634206b420a4d656d467265653a20202020202020202020343536373838206b420a427566666572733a20202020202020202020202035343336206b420a4361636865643a202020202020202020", "id": "1560518188" } }
D/InputEventConsistencyVerifier(  417): KeyEvent: ACTION_UP but key was not down.
D/InputEventConsistencyVerifier(  417):   in android.widget.FrameLayout@b3df6380
D/InputEventConsistencyVerifier(  417):   0: sent at 129992000000, KeyEvent { action=ACTION_UP, keyCode=KEYCODE_DPAD_DOWN, scanCode=0, metaState=0, flags=0x8, repeatCount=0, eventTime=129992, downTime=129992, deviceId=-1, source=0x101 }
D/InputEventConsistencyVerifier(  417):   -- recent events --
D/InputEventConsistencyVerifier(  417):   1: sent at 126688000000, MotionEvent { action=ACTION_UP, id[0]=0, x[0]=72.0, y[0]=701.0, toolType[0]=TOOL_TYPE_UNKNOWN, buttonState=0, metaState=0, flags=0x0, edgeFlags=0x0, pointerCount=1, historySize=0, eventTime=126688, downTime=126660, deviceId=0, source=0x1002 }
D/InputEventConsistencyVerifier(  417):   2: sent at 126686000000, MotionEvent { action=ACTION_MOVE, id[0]=0, x[0]=69.0, y[0]=709.0, toolType[0]=TOOL_TYPE_UNKNOWN, buttonState=0, metaState=0, flags=0x0, edgeFlags=0x0, pointerCount=1, historySize=0, eventTime=126686, downTime=126660, deviceId=0, source=0x1002 }
D/InputEventConsistencyVerifier(  417):   3: sent at 126673000000, MotionEvent { action=ACTION_DOWN, id[0]=0, x[0]=62.0, y[0]=722.0, toolType[0]=TOOL_TYPE_UNKNOWN, buttonState=0, metaState=0, flags=0x0, edgeFlags=0x0, pointerCount=1, historySize=0, eventTime=126673, downTime=126660, deviceId=0, source=0x1002 }
D/InputEventConsistencyVerifier(  417):   4: sent at 126280000000, MotionEvent { action=ACTION_UP, id[0]=0, x[0]=134.0, y[0]=130.0, toolType[0]=TOOL_TYPE_UNKNOWN, buttonState=0, metaState=0, flags=0x0, edgeFlags=0x0, pointerCount=1, historySize=0, eventTime=126280, downTime=126268, deviceId=0, source=0x1002 }
D/InputEventConsistencyVerifier(  417):   5: sent at 126269000000, MotionEvent { action=ACTION_DOWN, id[0]=0, x[0]=132.0, y[0]=148.0, toolType[0]=TOOL_TYPE_UNKNOWN, buttonState=0, metaState=0, flags=0x0, edgeFlags=0x0, pointerCount=1, historySize=0, eventTime=126269, downTime=126268, deviceId=0, source=0x1002 }
I/Choreographer(  417): Skipped 45 frames!  The application may be doing too much work on its main thread.
W/dalvikvm(  417): DroidBox: { "FdAccess": { "path": "2f70726f632f6d656d696e666f", "id": "1744636859" } }
W/DroidBox(  417): DroidBox: { "FileRW": { "operation": "read", "data": "4d656d546f74616c3a202020202020202020373438393634206b420a4d656d467265653a20202020202020202020343535333030206b420a427566666572733a20202020202020202020202035343336206b420a4361636865643a202020202020202020", "id": "1744636859" } }
I/ActivityManager(  228): START {act=android.intent.action.MAIN cat=[android.intent.category.HOME] flg=0x10200000 cmp=com.android.launcher/com.android.launcher2.Launcher u=0} from pid 228
W/dalvikvm(  417): DroidBox: { "FdAccess": { "path": "2f70726f632f6d656d696e666f", "id": "2052908135" } }
W/DroidBox(  417): DroidBox: { "FileRW": { "operation": "read", "data": "4d656d546f74616c3a202020202020202020373438393634206b420a4d656d467265653a20202020202020202020343535333030206b420a427566666572733a20202020202020202020202035343336206b420a4361636865643a202020202020202020", "id": "2052908135" } }
I/Choreographer(  417): Skipped 50 frames!  The application may be doing too much work on its main thread.
W/dalvikvm(  417): DroidBox: { "FdAccess": { "path": "2f70726f632f6d656d696e666f", "id": "2103443282" } }
W/DroidBox(  417): DroidBox: { "FileRW": { "operation": "read", "data": "4d656d546f74616c3a202020202020202020373438393634206b420a4d656d467265653a20202020202020202020343535333030206b420a427566666572733a20202020202020202020202035343336206b420a4361636865643a202020202020202020", "id": "2103443282" } }
W/dalvikvm(  417): DroidBox: { "FdAccess": { "path": "2f70726f632f6d656d696e666f", "id": "1515335100" } }
W/DroidBox(  417): DroidBox: { "FileRW": { "operation": "read", "data": "4d656d546f74616c3a202020202020202020373438393634206b420a4d656d467265653a20202020202020202020343535313736206b420a427566666572733a20202020202020202020202035343336206b420a4361636865643a202020202020202020", "id": "1515335100" } }
W/dalvikvm(  417): DroidBox: { "FdAccess": { "path": "2f70726f632f6d656d696e666f", "id": "1859585870" } }
W/DroidBox(  417): DroidBox: { "FileRW": { "operation": "read", "data": "4d656d546f74616c3a202020202020202020373438393634206b420a4d656d467265653a20202020202020202020343535313736206b420a427566666572733a20202020202020202020202035343336206b420a4361636865643a202020202020202020", "id": "1859585870" } }
I/InputDispatcher(  228): Dropped event because of pending overdue app switch.
W/InputManager(  228): Input event injection from pid 998 failed.
I/ActivityManager(  228): START {act=android.intent.action.MAIN cat=[android.intent.category.LAUNCHER] flg=0x10200000 cmp=com.ps.blackwhite/.BlackWhite u=0} from pid 998
I/Choreographer(  417): Skipped 44 frames!  The application may be doing too much work on its main thread.
W/dalvikvm(  417): DroidBox: { "FdAccess": { "path": "2f70726f632f6d656d696e666f", "id": "831660560" } }
W/DroidBox(  417): DroidBox: { "FileRW": { "operation": "read", "data": "4d656d546f74616c3a202020202020202020373438393634206b420a4d656d467265653a20202020202020202020343535313736206b420a427566666572733a20202020202020202020202035343336206b420a4361636865643a202020202020202020", "id": "831660560" } }
D/InputEventConsistencyVerifier(  417): KeyEvent: ACTION_UP but key was not down.
D/InputEventConsistencyVerifier(  417):   in com.android.systemui.statusbar.phone.StatusBarWindowView@b3e26300
D/InputEventConsistencyVerifier(  417):   0: sent at 130703000000, KeyEvent { action=ACTION_UP, keyCode=KEYCODE_DPAD_DOWN, scanCode=0, metaState=0, flags=0x28, repeatCount=0, eventTime=130703, downTime=130599, deviceId=-1, source=0x101 }
D/InputEventConsistencyVerifier(  417):   -- recent events --
D/InputEventConsistencyVerifier(  417):   1: sent at 130506000000, (unhandled) KeyEvent { action=ACTION_UP, keyCode=KEYCODE_VOLUME_DOWN, scanCode=0, metaState=0, flags=0x28, repeatCount=0, eventTime=130506, downTime=130240, deviceId=-1, source=0x101 }
D/InputEventConsistencyVerifier(  417):   2: sent at 130240000000, (unhandled) KeyEvent { action=ACTION_DOWN, keyCode=KEYCODE_VOLUME_DOWN, scanCode=0, metaState=0, flags=0x8, repeatCount=0, eventTime=130240, downTime=130240, deviceId=-1, source=0x101 }
D/InputEventConsistencyVerifier(  417):   3: sent at 130294000000, (unhandled) KeyEvent { action=ACTION_UP, keyCode=KEYCODE_DPAD_LEFT, scanCode=0, metaState=0, flags=0x400, repeatCount=0, eventTime=130294, downTime=130294, deviceId=-1, source=0x101 }
D/InputEventConsistencyVerifier(  417):   4: sent at 130294000000, (unhandled) KeyEvent { action=ACTION_DOWN, keyCode=KEYCODE_DPAD_LEFT, scanCode=0, metaState=0, flags=0x400, repeatCount=0, eventTime=130294, downTime=130294, deviceId=-1, source=0x101 }
D/InputEventConsistencyVerifier(  417):   5: sent at 130294000000, (unhandled) KeyEvent { action=ACTION_UP, keyCode=KEYCODE_DPAD_LEFT, scanCode=0, metaState=0, flags=0x400, repeatCount=0, eventTime=130294, downTime=130294, deviceId=-1, source=0x101 }
D/InputEventConsistencyVerifier( 1018): KeyEvent: ACTION_UP but key was not down.
D/InputEventConsistencyVerifier( 1018):   in android.view.ViewRootImpl@b3e33898
D/InputEventConsistencyVerifier( 1018):   0: sent at 130677000000, KeyEvent { action=ACTION_UP, keyCode=KEYCODE_DPAD_DOWN, scanCode=0, metaState=0, flags=0x8, repeatCount=0, eventTime=130677, downTime=130677, deviceId=-1, source=0x101 }
D/InputEventConsistencyVerifier( 1018):   -- recent events --
D/InputEventConsistencyVerifier( 1018):   1: sent at 129398000000, MotionEvent { action=ACTION_UP, id[0]=0, x[0]=277.0, y[0]=312.0, toolType[0]=TOOL_TYPE_UNKNOWN, buttonState=0, metaState=0, flags=0x0, edgeFlags=0x0, pointerCount=1, historySize=0, eventTime=129398, downTime=129392, deviceId=0, source=0x1002 }
D/InputEventConsistencyVerifier( 1018):   2: sent at 129392000000, MotionEvent { action=ACTION_DOWN, id[0]=0, x[0]=280.0, y[0]=321.0, toolType[0]=TOOL_TYPE_UNKNOWN, buttonState=0, metaState=0, flags=0x0, edgeFlags=0x0, pointerCount=1, historySize=0, eventTime=129392, downTime=129392, deviceId=0, source=0x1002 }
D/InputEventConsistencyVerifier( 1018):   3: sent at 129227000000, KeyEvent { action=ACTION_UP, keyCode=KEYCODE_S, scanCode=0, metaState=0, flags=0x8, repeatCount=0, eventTime=129227, downTime=129227, deviceId=-1, source=0x101 }
D/InputEventConsistencyVerifier( 1018):   4: sent at 129178000000, KeyEvent { action=ACTION_DOWN, keyCode=KEYCODE_S, scanCode=0, metaState=0, flags=0x8, repeatCount=0, eventTime=129178, downTime=129178, deviceId=-1, source=0x101 }
D/InputEventConsistencyVerifier( 1018):   5: sent at 129134000000, KeyEvent { action=ACTION_UP, keyCode=KEYCODE_DPAD_LEFT, scanCode=0, metaState=0, flags=0x8, repeatCount=0, eventTime=129134, downTime=129134, deviceId=-1, source=0x101 }
V/PhoneStatusBar(  417): setLightsOn(true)
D/PhoneStatusBar(  417): disable: < expand icons alerts ticker* system_info back home recent clock >
E/WVMExtractor(   63): Failed to open libwvm.so
W/InputMethodManagerService(  228): Window already focused, ignoring focus gain of: com.android.internal.view.IInputMethodClient$Stub$Proxy@b3eb9ea0 attribute=android.view.inputmethod.EditorInfo@b3eb9eb8
D/SettingsProvider(  228): external modification to /data/data/com.android.providers.settings/databases/settings.db; event=2
D/SettingsProvider(  228): updating our caches for /data/data/com.android.providers.settings/databases/settings.db
D/SettingsProvider(  228): cache for settings table 'secure' rows=38; fullycached=true
D/SettingsProvider(  228): cache for settings table 'system' rows=52; fullycached=true
D/InputEventConsistencyVerifier( 1018): KeyEvent: ACTION_UP but key was not down.
D/InputEventConsistencyVerifier( 1018):   in com.android.internal.policy.impl.PhoneWindow$DecorView@b3df1320
D/InputEventConsistencyVerifier( 1018):   0: sent at 130967000000, KeyEvent { action=ACTION_UP, keyCode=KEYCODE_DPAD_CENTER, scanCode=0, metaState=0, flags=0x8, repeatCount=0, eventTime=130967, downTime=130967, deviceId=-1, source=0x101 }
D/InputEventConsistencyVerifier( 1018):   -- recent events --
D/InputEventConsistencyVerifier( 1018):   1: sent at 130677000000, (unhandled) KeyEvent { action=ACTION_UP, keyCode=KEYCODE_DPAD_DOWN, scanCode=0, metaState=0, flags=0x80000008, repeatCount=0, eventTime=130677, downTime=130677, deviceId=-1, source=0x101 }
D/InputEventConsistencyVerifier( 1018):   2: sent at 129398000000, (unhandled) MotionEvent { action=ACTION_UP, id[0]=0, x[0]=184.66667, y[0]=208.0, toolType[0]=TOOL_TYPE_UNKNOWN, buttonState=0, metaState=0, flags=0x0, edgeFlags=0x0, pointerCount=1, historySize=0, eventTime=129398, downTime=129392, deviceId=0, source=0x1002 }
D/InputEventConsistencyVerifier( 1018):   3: sent at 129392000000, (unhandled) MotionEvent { action=ACTION_DOWN, id[0]=0, x[0]=186.66667, y[0]=214.0, toolType[0]=TOOL_TYPE_UNKNOWN, buttonState=0, metaState=0, flags=0x0, edgeFlags=0x0, pointerCount=1, historySize=0, eventTime=129392, downTime=129392, deviceId=0, source=0x1002 }
D/InputEventConsistencyVerifier( 1018):   4: sent at 129227000000, (unhandled) KeyEvent { action=ACTION_UP, keyCode=KEYCODE_S, scanCode=0, metaState=0, flags=0x8, repeatCount=0, eventTime=129227, downTime=129227, deviceId=-1, source=0x101 }
D/InputEventConsistencyVerifier( 1018):   5: sent at 129178000000, (unhandled) KeyEvent { action=ACTION_DOWN, keyCode=KEYCODE_S, scanCode=0, metaState=0, flags=0x8, repeatCount=0, eventTime=129178, downTime=129178, deviceId=-1, source=0x101 }
E/WVMExtractor(   63): Failed to open libwvm.so
E/WVMExtractor(   63): Failed to open libwvm.so
W/dalvikvm( 1082): DroidBox: { "FdAccess": { "path": "2f646174612f646174612f636f6d2e616e64726f69642e6d757369632f7368617265645f70726566732f4d757369632e786d6c", "id": "958206110" } }
W/DroidBox( 1082): DroidBox: { "FileRW": { "operation": "write", "data": "3c3f786d6c2076657273696f6e3d27312e302720656e636f64696e673d277574662d3827207374616e64616c6f6e653d2779657327203f3e0a3c6d61703e0a3c737472696e67206e616d653d227175657565223e3c2f737472696e673e0a3c696e74206e", "id": "958206110" } }
E/WVMExtractor(   63): Failed to open libwvm.so
I/ActivityManager(  228): START {act=android.intent.action.CALL_BUTTON flg=0x10000000 cmp=com.android.contacts/.activities.DialtactsActivity u=0} from pid 1018
E/WVMExtractor(   63): Failed to open libwvm.so
D/InputEventConsistencyVerifier( 1018): TrackballEvent: Trackball is down but pressure is not greater than 0.
D/InputEventConsistencyVerifier( 1018):   in android.view.ViewRootImpl@b3e33898
D/InputEventConsistencyVerifier( 1018):   0: sent at 133115000000, MotionEvent { action=ACTION_DOWN, id[0]=0, x[0]=0.0, y[0]=0.0, toolType[0]=TOOL_TYPE_UNKNOWN, buttonState=0, metaState=0, flags=0x0, edgeFlags=0x0, pointerCount=1, historySize=0, eventTime=133115, downTime=133002, deviceId=0, source=0x10004 }
D/InputEventConsistencyVerifier( 1018):   -- recent events --
D/InputEventConsistencyVerifier( 1018):   1: sent at 133095000000, MotionEvent { action=ACTION_MOVE, id[0]=0, x[0]=-3.0, y[0]=0.0, toolType[0]=TOOL_TYPE_UNKNOWN, buttonState=0, metaState=0, flags=0x0, edgeFlags=0x0, pointerCount=1, historySize=5, eventTime=133095, downTime=-1, deviceId=0, source=0x10004 }
D/InputEventConsistencyVerifier( 1018):   2: sent at 133089000000, KeyEvent { action=ACTION_UP, keyCode=KEYCODE_DPAD_LEFT, scanCode=0, metaState=0, flags=0x400, repeatCount=0, eventTime=133089, downTime=133089, deviceId=-1, source=0x101 }
D/InputEventConsistencyVerifier( 1018):   3: sent at 133089000000, KeyEvent { action=ACTION_DOWN, keyCode=KEYCODE_DPAD_LEFT, scanCode=0, metaState=0, flags=0x400, repeatCount=0, eventTime=133089, downTime=133089, deviceId=-1, source=0x101 }
D/InputEventConsistencyVerifier( 1018):   4: sent at 133087000000, KeyEvent { action=ACTION_UP, keyCode=KEYCODE_DPAD_LEFT, scanCode=0, metaState=0, flags=0x400, repeatCount=0, eventTime=133087, downTime=133087, deviceId=-1, source=0x101 }
D/InputEventConsistencyVerifier( 1018):   5: sent at 133087000000, KeyEvent { action=ACTION_DOWN, keyCode=KEYCODE_DPAD_LEFT, scanCode=0, metaState=0, flags=0x400, repeatCount=0, eventTime=133087, downTime=133087, deviceId=-1, source=0x101 }
E/WVMExtractor(   63): Failed to open libwvm.so
E/WVMExtractor(   63): Failed to open libwvm.so
E/WVMExtractor(   63): Failed to open libwvm.so
E/WVMExtractor(   63): Failed to open libwvm.so
I/ActivityManager(  228): START {act=android.intent.action.MAIN cat=[android.intent.category.LAUNCHER] flg=0x10200000 cmp=com.ps.blackwhite/.BlackWhite u=0} from pid 998
E/WVMExtractor(   63): Failed to open libwvm.so
W/BackupManagerService(  228): dataChanged but no participant pkg='com.android.providers.settings' uid=1001
I/Choreographer( 1018): Skipped 53 frames!  The application may be doing too much work on its main thread.
D/InputEventConsistencyVerifier( 1018): KeyEvent: ACTION_UP but key was not down.
D/InputEventConsistencyVerifier( 1018):   in com.android.internal.policy.impl.PhoneWindow$DecorView@b3de7d98
D/InputEventConsistencyVerifier( 1018):   0: sent at 136279000000, KeyEvent { action=ACTION_UP, keyCode=KEYCODE_DPAD_CENTER, scanCode=0, metaState=0, flags=0x8, repeatCount=0, eventTime=136279, downTime=136279, deviceId=-1, source=0x101 }
D/InputEventConsistencyVerifier( 1018):   -- recent events --
D/InputEventConsistencyVerifier( 1018):   1: sent at 136061000000, (unhandled) KeyEvent { action=ACTION_UP, keyCode=KEYCODE_DPAD_RIGHT, scanCode=0, metaState=0, flags=0x8, repeatCount=0, eventTime=136061, downTime=136061, deviceId=-1, source=0x101 }
D/InputEventConsistencyVerifier( 1018):   2: sent at 136026000000, (unhandled) KeyEvent { action=ACTION_DOWN, keyCode=KEYCODE_DPAD_RIGHT, scanCode=0, metaState=0, flags=0x8, repeatCount=0, eventTime=136026, downTime=136026, deviceId=-1, source=0x101 }
D/InputEventConsistencyVerifier( 1018):   3: sent at 136018000000, (unhandled) KeyEvent { action=ACTION_UP, keyCode=KEYCODE_F7, scanCode=0, metaState=0, flags=0x8, repeatCount=0, eventTime=136018, downTime=136018, deviceId=-1, source=0x101 }
D/InputEventConsistencyVerifier( 1018):   4: sent at 136007000000, (unhandled) KeyEvent { action=ACTION_DOWN, keyCode=KEYCODE_F7, scanCode=0, metaState=0, flags=0x8, repeatCount=0, eventTime=136007, downTime=136007, deviceId=-1, source=0x101 }
D/InputEventConsistencyVerifier( 1018):   5: sent at 135991000000, KeyEvent { action=ACTION_UP, keyCode=KEYCODE_DPAD_CENTER, scanCode=0, metaState=0, flags=0x8, repeatCount=0, eventTime=135991, downTime=135991, deviceId=-1, source=0x101 }
E/WVMExtractor(   63): Failed to open libwvm.so
W/InputManager(  228): Input event injection from pid 998 failed.
W/InputManager(  228): Input event injection from pid 998 failed.
I/Choreographer( 1018): Skipped 136 frames!  The application may be doing too much work on its main thread.
E/WVMExtractor(   63): Failed to open libwvm.so
D/InputEventConsistencyVerifier( 1018): KeyEvent: ACTION_UP but key was not down.
D/InputEventConsistencyVerifier( 1018):   in android.view.ViewRootImpl@b3e33898
D/InputEventConsistencyVerifier( 1018):   0: sent at 137400000000, KeyEvent { action=ACTION_UP, keyCode=KEYCODE_MENU, scanCode=0, metaState=0, flags=0x8, repeatCount=0, eventTime=137400, downTime=137400, deviceId=-1, source=0x101 }
D/InputEventConsistencyVerifier( 1018):   -- recent events --
D/InputEventConsistencyVerifier( 1018):   1: sent at 135775000000, MotionEvent { action=ACTION_UP, id[0]=0, x[0]=1.0, y[0]=322.0, toolType[0]=TOOL_TYPE_UNKNOWN, buttonState=0, metaState=0, flags=0x0, edgeFlags=0x0, pointerCount=1, historySize=0, eventTime=135775, downTime=135646, deviceId=0, source=0x1002 }
D/InputEventConsistencyVerifier( 1018):   2: sent at 135772000000, MotionEvent { action=ACTION_MOVE, id[0]=0, x[0]=1.0, y[0]=320.0, toolType[0]=TOOL_TYPE_UNKNOWN, buttonState=0, metaState=0, flags=0x0, edgeFlags=0x0, pointerCount=1, historySize=4, eventTime=135772, downTime=135646, deviceId=0, source=0x1002 }
D/InputEventConsistencyVerifier( 1018):   3: sent at 135649000000, MotionEvent { action=ACTION_DOWN, id[0]=0, x[0]=5.0, y[0]=294.0, toolType[0]=TOOL_TYPE_UNKNOWN, buttonState=0, metaState=0, flags=0x0, edgeFlags=0x0, pointerCount=1, historySize=0, eventTime=135649, downTime=135646, deviceId=0, source=0x1002 }
D/InputEventConsistencyVerifier( 1018):   4: sent at 135554000000, KeyEvent { action=ACTION_UP, keyCode=KEYCODE_MENU, scanCode=0, metaState=0, flags=0x8, repeatCount=0, eventTime=135554, downTime=135554, deviceId=-1, source=0x101 }
D/InputEventConsistencyVerifier( 1018):   5: sent at 135477000000, KeyEvent { action=ACTION_DOWN, keyCode=KEYCODE_MENU, scanCode=0, metaState=0, flags=0x8, repeatCount=0, eventTime=135477, downTime=135477, deviceId=-1, source=0x101 }
I/Choreographer( 1018): Skipped 176 frames!  The application may be doing too much work on its main thread.
E/WVMExtractor(   63): Failed to open libwvm.so
W/InputMethodManagerService(  228): Window already focused, ignoring focus gain of: com.android.internal.view.IInputMethodClient$Stub$Proxy@b3dd72a0 attribute=android.view.inputmethod.EditorInfo@b423e880
E/WVMExtractor(   63): Failed to open libwvm.so
D/InputEventConsistencyVerifier( 1018): KeyEvent: ACTION_UP but key was not down.
D/InputEventConsistencyVerifier( 1018):   in com.android.internal.policy.impl.PhoneWindow$DecorView@b3df1320
D/InputEventConsistencyVerifier( 1018):   0: sent at 137683000000, KeyEvent { action=ACTION_UP, keyCode=KEYCODE_DPAD_LEFT, scanCode=0, metaState=0, flags=0x400, repeatCount=0, eventTime=137683, downTime=137683, deviceId=-1, source=0x101 }
D/InputEventConsistencyVerifier( 1018):   -- recent events --
D/InputEventConsistencyVerifier( 1018):   1: sent at 137547000000, (unhandled) MotionEvent { action=ACTION_MOVE, id[0]=0, x[0]=-1.0, y[0]=0.0, toolType[0]=TOOL_TYPE_UNKNOWN, buttonState=0, metaState=0, flags=0x0, edgeFlags=0x0, pointerCount=1, historySize=5, eventTime=137547, downTime=-1, deviceId=0, source=0x10004 }
D/InputEventConsistencyVerifier( 1018):   2: sent at 137507000000, (unhandled) MotionEvent { action=ACTION_MOVE, id[0]=0, x[0]=-4.0, y[0]=-1.0, toolType[0]=TOOL_TYPE_UNKNOWN, buttonState=0, metaState=0, flags=0x0, edgeFlags=0x0, pointerCount=1, historySize=3, eventTime=137507, downTime=-1, deviceId=0, source=0x10004 }
D/InputEventConsistencyVerifier( 1018):   3: sent at 137400000000, (unhandled) KeyEvent { action=ACTION_UP, keyCode=KEYCODE_MENU, scanCode=0, metaState=0, flags=0x80000008, repeatCount=0, eventTime=137400, downTime=137400, deviceId=-1, source=0x101 }
D/InputEventConsistencyVerifier( 1018):   4: sent at 135775000000, (unhandled) MotionEvent { action=ACTION_UP, id[0]=0, x[0]=0.6666667, y[0]=214.66667, toolType[0]=TOOL_TYPE_UNKNOWN, buttonState=0, metaState=0, flags=0x0, edgeFlags=0x0, pointerCount=1, historySize=0, eventTime=135775, downTime=135646, deviceId=0, source=0x1002 }
D/InputEventConsistencyVerifier( 1018):   5: sent at 135772000000, (unhandled) MotionEvent { action=ACTION_MOVE, id[0]=0, x[0]=0.6666667, y[0]=213.33334, toolType[0]=TOOL_TYPE_UNKNOWN, buttonState=0, metaState=0, flags=0x0, edgeFlags=0x0, pointerCount=1, historySize=4, eventTime=135772, downTime=135646, deviceId=0, source=0x1002 }
E/WVMExtractor(   63): Failed to open libwvm.so
E/WVMExtractor(   63): Failed to open libwvm.so
E/WVMExtractor(   63): Failed to open libwvm.so
D/InputEventConsistencyVerifier( 1018): KeyEvent: ACTION_UP but key was not down.
D/InputEventConsistencyVerifier( 1018):   in com.android.internal.view.menu.IconMenuItemView@b3dd51e8
D/InputEventConsistencyVerifier( 1018):   0: sent at 138786000000, KeyEvent { action=ACTION_UP, keyCode=KEYCODE_DPAD_RIGHT, scanCode=0, metaState=0, flags=0x8, repeatCount=0, eventTime=138786, downTime=138786, deviceId=-1, source=0x101 }
D/InputEventConsistencyVerifier( 1018):   -- recent events --
D/InputEventConsistencyVerifier( 1018):   1: sent at 117553000000, MotionEvent { action=ACTION_UP, id[0]=0, x[0]=144.0, y[0]=103.33334, toolType[0]=TOOL_TYPE_UNKNOWN, buttonState=0, metaState=0, flags=0x0, edgeFlags=0x0, pointerCount=1, historySize=0, eventTime=117553, downTime=117484, deviceId=0, source=0x1002 }
D/InputEventConsistencyVerifier( 1018):   2: sent at 117550000000, MotionEvent { action=ACTION_POINTER_UP(1), id[0]=0, x[0]=144.0, y[0]=100.0, toolType[0]=TOOL_TYPE_UNKNOWN, id[1]=1, x[1]=94.66667, y[1]=-255.33333, toolType[1]=TOOL_TYPE_UNKNOWN, buttonState=0, metaState=0, flags=0x0, edgeFlags=0x0, pointerCount=2, historySize=0, eventTime=117550, downTime=117484, deviceId=0, source=0x1002 }
D/InputEventConsistencyVerifier( 1018):   3: sent at 117537000000, MotionEvent { action=ACTION_MOVE, id[0]=0, x[0]=142.66669, y[0]=95.33334, toolType[0]=TOOL_TYPE_UNKNOWN, id[1]=1, x[1]=92.0, y[1]=-260.0, toolType[1]=TOOL_TYPE_UNKNOWN, buttonState=0, metaState=0, flags=0x0, edgeFlags=0x0, pointerCount=2, historySize=6, eventTime=117537, downTime=117484, deviceId=0, source=0x1002 }
D/InputEventConsistencyVerifier( 1018):   4: sent at 117504000000, MotionEvent { action=ACTION_POINTER_DOWN(1), id[0]=0, x[0]=137.33334, y[0]=60.0, toolType[0]=TOOL_TYPE_UNKNOWN, id[1]=1, x[1]=54.66667, y[1]=-324.66666, toolType[1]=TOOL_TYPE_UNKNOWN, buttonState=0, metaState=0, flags=0x0, edgeFlags=0x0, pointerCount=2, historySize=0, eventTime=117504, downTime=117484, deviceId=0, source=0x1002 }
