D/InputEventConsistencyVerifier( 1037):   0: sent at 296320000000, KeyEvent { action=ACTION_UP, keyCode=KEYCODE_DPAD_DOWN, scanCode=0, metaState=0, flags=0x400, repeatCount=0, eventTime=296320, downTime=296320, deviceId=-1, source=0x101 }
D/InputEventConsistencyVerifier( 1037):   -- recent events --
D/InputEventConsistencyVerifier( 1037):   1: sent at 294548000000, (unhandled) KeyEvent { action=ACTION_DOWN, keyCode=KEYCODE_DPAD_UP, scanCode=0, metaState=0, flags=0x400, repeatCount=0, eventTime=294548, downTime=294548, deviceId=-1, source=0x101 }
D/InputEventConsistencyVerifier( 1037):   2: sent at 294546000000, (unhandled) KeyEvent { action=ACTION_MULTIPLE, keyCode=KEYCODE_DPAD_UP, scanCode=0, metaState=0, flags=0x400, repeatCount=2, eventTime=294546, downTime=294546, deviceId=-1, source=0x101 }
D/InputEventConsistencyVerifier( 1037):   3: sent at 294191000000, MotionEvent { action=ACTION_MOVE, id[0]=0, x[0]=3.0, y[0]=-5.0, toolType[0]=TOOL_TYPE_UNKNOWN, buttonState=0, metaState=0, flags=0x0, edgeFlags=0x0, pointerCount=1, historySize=0, eventTime=294191, downTime=-1, deviceId=0, source=0x10004 }
D/InputEventConsistencyVerifier( 1037):   4: sent at 294209000000, (unhandled) KeyEvent { action=ACTION_UP, keyCode=KEYCODE_DPAD_LEFT, scanCode=0, metaState=0, flags=0x400, repeatCount=0, eventTime=294209, downTime=294209, deviceId=-1, source=0x101 }
D/InputEventConsistencyVerifier( 1037):   5: sent at 294209000000, (unhandled) KeyEvent { action=ACTION_DOWN, keyCode=KEYCODE_DPAD_LEFT, scanCode=0, metaState=0, flags=0x400, repeatCount=0, eventTime=294209, downTime=294209, deviceId=-1, source=0x101 }
D/InputEventConsistencyVerifier( 1037): KeyEvent: ACTION_UP but key was not down.
D/InputEventConsistencyVerifier( 1037):   in android.widget.Button@b3df8bb0
D/InputEventConsistencyVerifier( 1037):   0: sent at 296332000000, KeyEvent { action=ACTION_UP, keyCode=KEYCODE_DPAD_RIGHT, scanCode=0, metaState=0, flags=0x8, repeatCount=0, eventTime=296332, downTime=296332, deviceId=-1, source=0x101 }
D/InputEventConsistencyVerifier( 1037):   -- recent events --
D/InputEventConsistencyVerifier( 1037):   1: sent at 293254000000, (unhandled) KeyEvent { action=ACTION_UP, keyCode=KEYCODE_DPAD_RIGHT, scanCode=0, metaState=0, flags=0x80000008, repeatCount=0, eventTime=293254, downTime=293254, deviceId=-1, source=0x101 }
I/Choreographer( 1037): Skipped 32 frames!  The application may be doing too much work on its main thread.
D/InputEventConsistencyVerifier( 1037): KeyEvent: ACTION_UP but key was not down.
D/InputEventConsistencyVerifier( 1037):   in android.widget.Button@b3df5520
D/InputEventConsistencyVerifier( 1037):   0: sent at 296908000000, KeyEvent { action=ACTION_UP, keyCode=KEYCODE_DPAD_LEFT, scanCode=0, metaState=0, flags=0x400, repeatCount=0, eventTime=296908, downTime=296908, deviceId=-1, source=0x101 }
D/InputEventConsistencyVerifier( 1037):   -- recent events --
D/InputEventConsistencyVerifier( 1037):   1: sent at 296238000000, (unhandled) KeyEvent { action=ACTION_DOWN, keyCode=KEYCODE_DPAD_RIGHT, scanCode=0, metaState=0, flags=0x8, repeatCount=0, eventTime=296238, downTime=296238, deviceId=-1, source=0x101 }
D/InputEventConsistencyVerifier( 1037):   2: sent at 296320000000, (unhandled) KeyEvent { action=ACTION_UP, keyCode=KEYCODE_DPAD_DOWN, scanCode=0, metaState=0, flags=0x400, repeatCount=0, eventTime=296320, downTime=296320, deviceId=-1, source=0x101 }
D/InputEventConsistencyVerifier( 1037):   3: sent at 296320000000, (unhandled) KeyEvent { action=ACTION_DOWN, keyCode=KEYCODE_DPAD_DOWN, scanCode=0, metaState=0, flags=0x400, repeatCount=0, eventTime=296320, downTime=296320, deviceId=-1, source=0x101 }
D/InputEventConsistencyVerifier( 1037):   4: sent at 296320000000, (unhandled) KeyEvent { action=ACTION_UP, keyCode=KEYCODE_DPAD_DOWN, scanCode=0, metaState=0, flags=0x80000400, repeatCount=0, eventTime=296320, downTime=296320, deviceId=-1, source=0x101 }
D/InputEventConsistencyVerifier( 1037):   5: sent at 294548000000, (unhandled) KeyEvent { action=ACTION_DOWN, keyCode=KEYCODE_DPAD_UP, scanCode=0, metaState=0, flags=0x400, repeatCount=0, eventTime=294548, downTime=294548, deviceId=-1, source=0x101 }
W/WindowManager(  231): Failure taking screenshot for (246x410) to layer 21015
V/PhoneStatusBar(  436): setLightsOn(true)
I/Choreographer( 1037): Skipped 45 frames!  The application may be doing too much work on its main thread.
I/Choreographer( 1037): Skipped 31 frames!  The application may be doing too much work on its main thread.
D/InputEventConsistencyVerifier( 1037): TrackballEvent: Trackball is down but pressure is not greater than 0.
D/InputEventConsistencyVerifier( 1037):   in android.view.ViewRootImpl@b3e43db8
D/InputEventConsistencyVerifier( 1037):   0: sent at 297868000000, MotionEvent { action=ACTION_DOWN, id[0]=0, x[0]=0.0, y[0]=0.0, toolType[0]=TOOL_TYPE_UNKNOWN, buttonState=0, metaState=0, flags=0x0, edgeFlags=0x0, pointerCount=1, historySize=0, eventTime=297868, downTime=297762, deviceId=0, source=0x10004 }
D/InputEventConsistencyVerifier( 1037):   -- recent events --
D/InputEventConsistencyVerifier( 1037):   1: sent at 297899000000, KeyEvent { action=ACTION_UP, keyCode=KEYCODE_DPAD_RIGHT, scanCode=0, metaState=0, flags=0x400, repeatCount=0, eventTime=297899, downTime=297899, deviceId=-1, source=0x101 }
D/InputEventConsistencyVerifier( 1037):   2: sent at 297899000000, KeyEvent { action=ACTION_DOWN, keyCode=KEYCODE_DPAD_RIGHT, scanCode=0, metaState=0, flags=0x400, repeatCount=0, eventTime=297899, downTime=297899, deviceId=-1, source=0x101 }
D/InputEventConsistencyVerifier( 1037):   3: sent at 297898000000, KeyEvent { action=ACTION_UP, keyCode=KEYCODE_DPAD_RIGHT, scanCode=0, metaState=0, flags=0x400, repeatCount=0, eventTime=297898, downTime=297898, deviceId=-1, source=0x101 }
D/InputEventConsistencyVerifier( 1037):   4: sent at 297898000000, KeyEvent { action=ACTION_DOWN, keyCode=KEYCODE_DPAD_RIGHT, scanCode=0, metaState=0, flags=0x400, repeatCount=0, eventTime=297898, downTime=297898, deviceId=-1, source=0x101 }
D/InputEventConsistencyVerifier( 1037):   5: sent at 297866000000, MotionEvent { action=ACTION_MOVE, id[0]=0, x[0]=2.0, y[0]=-1.0, toolType[0]=TOOL_TYPE_UNKNOWN, buttonState=0, metaState=0, flags=0x0, edgeFlags=0x0, pointerCount=1, historySize=9, eventTime=297866, downTime=-1, deviceId=0, source=0x10004 }
W/DroidBox( 1037): DroidBox: { "OpenNet": { "desthost": "10.0.0.172", "destport": "80", "fd": "58" } }
I/ActivityManager(  231): START {act=android.intent.action.MAIN cat=[android.intent.category.LAUNCHER] flg=0x10200000 cmp=com.apk.op/.Applause u=0} from pid 1018
I/ActivityManager(  231): START {act=android.intent.action.MAIN cat=[android.intent.category.LAUNCHER] flg=0x10200000 cmp=com.apk.op/.Applause u=0} from pid 1018
I/Choreographer( 1037): Skipped 32 frames!  The application may be doing too much work on its main thread.
I/Choreographer( 1037): Skipped 36 frames!  The application may be doing too much work on its main thread.
D/AudioSink(   62): bufferCount (2) is too small and increased to 12
I/ActivityManager(  231): START {act=android.intent.action.MAIN cat=[android.intent.category.LAUNCHER] flg=0x10200000 cmp=com.apk.op/.Applause u=0} from pid 1018
D/InputEventConsistencyVerifier( 1037): TrackballEvent: Trackball is down but pressure is not greater than 0.
D/InputEventConsistencyVerifier( 1037):   in android.view.ViewRootImpl@b3dfa2f0
D/InputEventConsistencyVerifier( 1037):   0: sent at 300629000000, MotionEvent { action=ACTION_DOWN, id[0]=0, x[0]=0.0, y[0]=0.0, toolType[0]=TOOL_TYPE_UNKNOWN, buttonState=0, metaState=0, flags=0x0, edgeFlags=0x0, pointerCount=1, historySize=0, eventTime=300629, downTime=300584, deviceId=0, source=0x10004 }
D/InputEventConsistencyVerifier( 1037):   -- recent events --
D/InputEventConsistencyVerifier( 1037):   1: sent at 300758000000, KeyEvent { action=ACTION_UP, keyCode=KEYCODE_DPAD_DOWN, scanCode=0, metaState=0, flags=0x400, repeatCount=0, eventTime=300758, downTime=300758, deviceId=-1, source=0x101 }
D/InputEventConsistencyVerifier( 1037):   2: sent at 300758000000, KeyEvent { action=ACTION_DOWN, keyCode=KEYCODE_DPAD_DOWN, scanCode=0, metaState=0, flags=0x400, repeatCount=0, eventTime=300758, downTime=300758, deviceId=-1, source=0x101 }
D/InputEventConsistencyVerifier( 1037):   3: sent at 300757000000, KeyEvent { action=ACTION_UP, keyCode=KEYCODE_DPAD_DOWN, scanCode=0, metaState=0, flags=0x400, repeatCount=0, eventTime=300757, downTime=300757, deviceId=-1, source=0x101 }
D/InputEventConsistencyVerifier( 1037):   4: sent at 300757000000, KeyEvent { action=ACTION_DOWN, keyCode=KEYCODE_DPAD_DOWN, scanCode=0, metaState=0, flags=0x400, repeatCount=0, eventTime=300757, downTime=300757, deviceId=-1, source=0x101 }
D/InputEventConsistencyVerifier( 1037):   5: sent at 300756000000, KeyEvent { action=ACTION_UP, keyCode=KEYCODE_DPAD_DOWN, scanCode=0, metaState=0, flags=0x400, repeatCount=0, eventTime=300756, downTime=300756, deviceId=-1, source=0x101 }
I/dalvikvm-heap( 1037): Grow heap (frag case) to 10.672MB for 614416-byte allocation
D/AudioSink(   62): bufferCount (2) is too small and increased to 12
I/Choreographer( 1037): Skipped 322 frames!  The application may be doing too much work on its main thread.
I/dalvikvm-heap( 1037): Grow heap (frag case) to 10.475MB for 614416-byte allocation
D/AudioSink(   62): bufferCount (2) is too small and increased to 12
W/MediaPlayer( 1037): mediaplayer went away with unhandled events
W/InputManager(  231): Input event injection from pid 1018 failed.
W/InputManager(  231): Input event injection from pid 1018 failed.
W/InputManager(  231): Input event injection from pid 1018 failed.
W/InputManager(  231): Input event injection from pid 1018 failed.
W/InputManager(  231): Input event injection from pid 1018 failed.
W/InputManager(  231): Input event injection from pid 1018 failed.
W/MediaPlayer( 1037): mediaplayer went away with unhandled events
I/Choreographer( 1037): Skipped 141 frames!  The application may be doing too much work on its main thread.
W/InputMethodManagerService(  231): Window already focused, ignoring focus gain of: com.android.internal.view.IInputMethodClient$Stub$Proxy@b3f6a808 attribute=null
I/Choreographer( 1037): Skipped 44 frames!  The application may be doing too much work on its main thread.
I/Choreographer( 1037): Skipped 54 frames!  The application may be doing too much work on its main thread.
I/Choreographer( 1037): Skipped 67 frames!  The application may be doing too much work on its main thread.
I/Choreographer( 1037): Skipped 35 frames!  The application may be doing too much work on its main thread.
I/Choreographer( 1037): Skipped 86 frames!  The application may be doing too much work on its main thread.
I/Choreographer( 1037): Skipped 63 frames!  The application may be doing too much work on its main thread.
W/Wooboo SDK( 1037): Could not get ad from Wooboo servers.
I/Choreographer( 1037): Skipped 30 frames!  The application may be doing too much work on its main thread.
I/ActivityManager(  231): START {act=android.intent.action.MAIN cat=[android.intent.category.LAUNCHER] flg=0x10000000 cmp=com.android.email/.activity.Welcome sel={act=android.intent.action.MAIN cat=[android.intent.category.APP_EMAIL]} u=0} from pid 231
D/InputEventConsistencyVerifier( 1037): KeyEvent: ACTION_UP but key was not down.
D/InputEventConsistencyVerifier( 1037):   in android.view.ViewRootImpl@b3e43db8
D/InputEventConsistencyVerifier( 1037):   0: sent at 307462000000, KeyEvent { action=ACTION_UP, keyCode=KEYCODE_ENVELOPE, scanCode=0, metaState=0, flags=0x8, repeatCount=0, eventTime=307462, downTime=307462, deviceId=-1, source=0x101 }
D/InputEventConsistencyVerifier( 1037):   -- recent events --
D/InputEventConsistencyVerifier( 1037):   1: sent at 307319000000, KeyEvent { action=ACTION_UP, keyCode=KEYCODE_DPAD_DOWN, scanCode=0, metaState=0, flags=0x8, repeatCount=0, eventTime=307319, downTime=307319, deviceId=-1, source=0x101 }
D/InputEventConsistencyVerifier( 1037):   2: sent at 307289000000, KeyEvent { action=ACTION_DOWN, keyCode=KEYCODE_DPAD_DOWN, scanCode=0, metaState=0, flags=0x8, repeatCount=0, eventTime=307289, downTime=307289, deviceId=-1, source=0x101 }
D/InputEventConsistencyVerifier( 1037):   3: sent at 307282000000, MotionEvent { action=ACTION_UP, id[0]=0, x[0]=77.0, y[0]=597.0, toolType[0]=TOOL_TYPE_UNKNOWN, buttonState=0, metaState=0, flags=0x0, edgeFlags=0x0, pointerCount=1, historySize=0, eventTime=307282, downTime=307238, deviceId=0, source=0x1002 }
D/InputEventConsistencyVerifier( 1037):   4: sent at 307269000000, MotionEvent { action=ACTION_MOVE, id[0]=0, x[0]=74.0, y[0]=595.0, toolType[0]=TOOL_TYPE_UNKNOWN, buttonState=0, metaState=0, flags=0x0, edgeFlags=0x0, pointerCount=1, historySize=2, eventTime=307269, downTime=307238, deviceId=0, source=0x1002 }
D/InputEventConsistencyVerifier( 1037):   5: sent at 307239000000, MotionEvent { action=ACTION_DOWN, id[0]=0, x[0]=67.0, y[0]=582.0, toolType[0]=TOOL_TYPE_UNKNOWN, buttonState=0, metaState=0, flags=0x0, edgeFlags=0x0, pointerCount=1, historySize=0, eventTime=307239, downTime=307238, deviceId=0, source=0x1002 }
W/dalvikvm( 1018): DroidBox: { "FdAccess": { "path": "2f6465762f696e7075742f6576656e7430", "id": "1082821644" } }
W/DroidBox( 1018): DroidBox: { "FileRW": { "operation": "write", "data": "efbfbd060000efbfbdefbfbd0c000500000000000000", "id": "1082821644" } }
D/InputEventConsistencyVerifier( 1037): KeyEvent: ACTION_UP but key was not down.
D/InputEventConsistencyVerifier( 1037):   in com.android.internal.policy.impl.PhoneWindow$DecorView@b3e3f8d8
D/InputEventConsistencyVerifier( 1037):   0: sent at 309053000000, KeyEvent { action=ACTION_UP, keyCode=KEYCODE_DPAD_DOWN, scanCode=0, metaState=0, flags=0x8, repeatCount=0, eventTime=309053, downTime=309053, deviceId=-1, source=0x101 }
D/InputEventConsistencyVerifier( 1037):   -- recent events --
D/InputEventConsistencyVerifier( 1037):   1: sent at 308808000000, (unhandled) KeyEvent { action=ACTION_UP, keyCode=KEYCODE_CALL, scanCode=0, metaState=0, flags=0x8, repeatCount=0, eventTime=308808, downTime=308808, deviceId=-1, source=0x101 }
D/InputEventConsistencyVerifier( 1037):   2: sent at 308790000000, (unhandled) KeyEvent { action=ACTION_DOWN, keyCode=KEYCODE_CALL, scanCode=0, metaState=0, flags=0x8, repeatCount=0, eventTime=308790, downTime=308790, deviceId=-1, source=0x101 }
D/InputEventConsistencyVerifier( 1037):   3: sent at 308755000000, (unhandled) KeyEvent { action=ACTION_UP, keyCode=KEYCODE_CALL, scanCode=0, metaState=0, flags=0x8, repeatCount=0, eventTime=308755, downTime=308755, deviceId=-1, source=0x101 }
D/InputEventConsistencyVerifier( 1037):   4: sent at 308672000000, (unhandled) KeyEvent { action=ACTION_DOWN, keyCode=KEYCODE_CALL, scanCode=0, metaState=0, flags=0x8, repeatCount=0, eventTime=308672, downTime=308672, deviceId=-1, source=0x101 }
D/InputEventConsistencyVerifier( 1037):   5: sent at 302556000000, (unhandled) KeyEvent { action=ACTION_UP, keyCode=KEYCODE_DPAD_DOWN, scanCode=0, metaState=0, flags=0x8, repeatCount=0, eventTime=302556, downTime=302556, deviceId=-1, source=0x101 }
I/Choreographer( 1037): Skipped 82 frames!  The application may be doing too much work on its main thread.
D/InputEventConsistencyVerifier( 1037): KeyEvent: ACTION_UP but key was not down.
D/InputEventConsistencyVerifier( 1037):   in com.android.internal.policy.impl.PhoneWindow$DecorView@b3e3f8d8
D/InputEventConsistencyVerifier( 1037):   0: sent at 309267000000, KeyEvent { action=ACTION_UP, keyCode=KEYCODE_DPAD_DOWN, scanCode=0, metaState=0, flags=0x400, repeatCount=0, eventTime=309267, downTime=309267, deviceId=-1, source=0x101 }
D/InputEventConsistencyVerifier( 1037):   -- recent events --
D/InputEventConsistencyVerifier( 1037):   1: sent at 309218000000, (unhandled) MotionEvent { action=ACTION_MOVE, id[0]=0, x[0]=0.0, y[0]=4.0, toolType[0]=TOOL_TYPE_UNKNOWN, buttonState=0, metaState=0, flags=0x0, edgeFlags=0x0, pointerCount=1, historySize=8, eventTime=309218, downTime=-1, deviceId=0, source=0x10004 }
D/InputEventConsistencyVerifier( 1037):   2: sent at 309252000000, (unhandled) MotionEvent { action=ACTION_UP, id[0]=0, x[0]=130.66667, y[0]=-132.66666, toolType[0]=TOOL_TYPE_UNKNOWN, buttonState=0, metaState=0, flags=0x0, edgeFlags=0x0, pointerCount=1, historySize=0, eventTime=309252, downTime=309235, deviceId=0, source=0x1002 }
D/InputEventConsistencyVerifier( 1037):   3: sent at 309236000000, MotionEvent { action=ACTION_DOWN, id[0]=0, x[0]=125.333336, y[0]=-130.66666, toolType[0]=TOOL_TYPE_UNKNOWN, buttonState=0, metaState=0, flags=0x0, edgeFlags=0x0, pointerCount=1, historySize=0, eventTime=309236, downTime=309235, deviceId=0, source=0x1002 }
D/InputEventConsistencyVerifier( 1037):   4: sent at 309108000000, (unhandled) MotionEvent { action=ACTION_UP, id[0]=0, x[0]=302.0, y[0]=-22.0, toolType[0]=TOOL_TYPE_UNKNOWN, buttonState=0, metaState=0, flags=0x0, edgeFlags=0x0, pointerCount=1, historySize=0, eventTime=309108, downTime=309099, deviceId=0, source=0x1002 }
D/InputEventConsistencyVerifier( 1037):   5: sent at 309099000000, MotionEvent { action=ACTION_DOWN, id[0]=0, x[0]=306.0, y[0]=-21.333313, toolType[0]=TOOL_TYPE_UNKNOWN, buttonState=0, metaState=0, flags=0x0, edgeFlags=0x0, pointerCount=1, historySize=0, eventTime=309099, downTime=309099, deviceId=0, source=0x1002 }
D/InputEventConsistencyVerifier( 1037): KeyEvent: ACTION_UP but key was not down.
D/InputEventConsistencyVerifier( 1037):   in android.view.ViewRootImpl@b3e43db8
D/InputEventConsistencyVerifier( 1037):   0: sent at 309502000000, KeyEvent { action=ACTION_UP, keyCode=KEYCODE_DPAD_DOWN, scanCode=0, metaState=0, flags=0x8, repeatCount=0, eventTime=309502, downTime=309502, deviceId=-1, source=0x101 }
D/InputEventConsistencyVerifier( 1037):   -- recent events --
D/InputEventConsistencyVerifier( 1037):   1: sent at 308874000000, MotionEvent { action=ACTION_UP, id[0]=0, x[0]=368.0, y[0]=124.0, toolType[0]=TOOL_TYPE_UNKNOWN, buttonState=0, metaState=0, flags=0x0, edgeFlags=0x0, pointerCount=1, historySize=0, eventTime=308874, downTime=308834, deviceId=0, source=0x1002 }
D/InputEventConsistencyVerifier( 1037):   2: sent at 308871000000, MotionEvent { action=ACTION_MOVE, id[0]=0, x[0]=359.0, y[0]=130.0, toolType[0]=TOOL_TYPE_UNKNOWN, buttonState=0, metaState=0, flags=0x0, edgeFlags=0x0, pointerCount=1, historySize=4, eventTime=308871, downTime=308834, deviceId=0, source=0x1002 }
D/InputEventConsistencyVerifier( 1037):   3: sent at 308837000000, MotionEvent { action=ACTION_DOWN, id[0]=0, x[0]=343.0, y[0]=172.0, toolType[0]=TOOL_TYPE_UNKNOWN, buttonState=0, metaState=0, flags=0x0, edgeFlags=0x0, pointerCount=1, historySize=0, eventTime=308837, downTime=308834, deviceId=0, source=0x1002 }
D/InputEventConsistencyVerifier( 1037):   4: sent at 308406000000, KeyEvent { action=ACTION_UP, keyCode=KEYCODE_MENU, scanCode=0, metaState=0, flags=0x8, repeatCount=0, eventTime=308406, downTime=308406, deviceId=-1, source=0x101 }
D/InputEventConsistencyVerifier( 1037):   5: sent at 308345000000, KeyEvent { action=ACTION_DOWN, keyCode=KEYCODE_MENU, scanCode=0, metaState=0, flags=0x8, repeatCount=0, eventTime=308345, downTime=308345, deviceId=-1, source=0x101 }
I/Choreographer( 1037): Skipped 131 frames!  The application may be doing too much work on its main thread.
W/InputMethodManagerService(  231): Window already focused, ignoring focus gain of: com.android.internal.view.IInputMethodClient$Stub$Proxy@b41cd9a8 attribute=null
D/InputEventConsistencyVerifier( 1037): KeyEvent: ACTION_UP but key was not down.
D/InputEventConsistencyVerifier( 1037):   in com.android.internal.policy.impl.PhoneWindow$DecorView@b3e3f8d8
D/InputEventConsistencyVerifier( 1037):   0: sent at 310645000000, KeyEvent { action=ACTION_UP, keyCode=KEYCODE_DPAD_UP, scanCode=0, metaState=0, flags=0x8, repeatCount=0, eventTime=310645, downTime=310645, deviceId=-1, source=0x101 }
D/InputEventConsistencyVerifier( 1037):   -- recent events --
D/InputEventConsistencyVerifier( 1037):   1: sent at 310595000000, (unhandled) KeyEvent { action=ACTION_UP, keyCode=KEYCODE_L, scanCode=0, metaState=0, flags=0x8, repeatCount=0, eventTime=310595, downTime=310595, deviceId=-1, source=0x101 }
D/InputEventConsistencyVerifier( 1037):   2: sent at 310549000000, (unhandled) KeyEvent { action=ACTION_DOWN, keyCode=KEYCODE_L, scanCode=0, metaState=0, flags=0x8, repeatCount=0, eventTime=310549, downTime=310549, deviceId=-1, source=0x101 }
D/InputEventConsistencyVerifier( 1037):   3: sent at 309270000000, (unhandled) KeyEvent { action=ACTION_UP, keyCode=KEYCODE_DPAD_DOWN, scanCode=0, metaState=0, flags=0x400, repeatCount=0, eventTime=309270, downTime=309270, deviceId=-1, source=0x101 }
D/InputEventConsistencyVerifier( 1037):   4: sent at 309270000000, (unhandled) KeyEvent { action=ACTION_DOWN, keyCode=KEYCODE_DPAD_DOWN, scanCode=0, metaState=0, flags=0x400, repeatCount=0, eventTime=309270, downTime=309270, deviceId=-1, source=0x101 }
D/InputEventConsistencyVerifier( 1037):   5: sent at 309269000000, (unhandled) KeyEvent { action=ACTION_UP, keyCode=KEYCODE_DPAD_DOWN, scanCode=0, metaState=0, flags=0x400, repeatCount=0, eventTime=309269, downTime=309269, deviceId=-1, source=0x101 }
I/Choreographer( 1037): Skipped 50 frames!  The application may be doing too much work on its main thread.
D/InputEventConsistencyVerifier( 1037): KeyEvent: ACTION_UP but key was not down.
D/InputEventConsistencyVerifier( 1037):   in com.android.internal.view.menu.IconMenuItemView@b3ef4d48
D/InputEventConsistencyVerifier( 1037):   0: sent at 311338000000, KeyEvent { action=ACTION_UP, keyCode=KEYCODE_NUMPAD_2, scanCode=0, metaState=0, flags=0x8, repeatCount=0, eventTime=311338, downTime=311338, deviceId=-1, source=0x101 }
D/InputEventConsistencyVerifier( 1037):   -- recent events --
D/InputEventConsistencyVerifier( 1037):   1: sent at 310979000000, MotionEvent { action=ACTION_UP, id[0]=0, x[0]=163.33334, y[0]=70.66669, toolType[0]=TOOL_TYPE_UNKNOWN, buttonState=0, metaState=0, flags=0x0, edgeFlags=0x0, pointerCount=1, historySize=0, eventTime=310979, downTime=310838, deviceId=0, source=0x1002 }
D/InputEventConsistencyVerifier( 1037):   2: sent at 310950000000, MotionEvent { action=ACTION_MOVE, id[0]=0, x[0]=160.66667, y[0]=69.33334, toolType[0]=TOOL_TYPE_UNKNOWN, buttonState=0, metaState=0, flags=0x0, edgeFlags=0x0, pointerCount=1, historySize=7, eventTime=310950, downTime=310838, deviceId=0, source=0x1002 }
D/InputEventConsistencyVerifier( 1037):   3: sent at 310870689570, MotionEvent { action=ACTION_MOVE, id[0]=0, x[0]=150.0946, y[0]=32.666687, toolType[0]=TOOL_TYPE_UNKNOWN, buttonState=0, metaState=0, flags=0x0, edgeFlags=0x0, pointerCount=1, historySize=1, eventTime=310870, downTime=310838, deviceId=0, source=0x1002 }
D/InputEventConsistencyVerifier( 1037):   4: sent at 310841000000, MotionEvent { action=ACTION_DOWN, id[0]=0, x[0]=149.33334, y[0]=32.666687, toolType[0]=TOOL_TYPE_UNKNOWN, buttonState=0, metaState=0, flags=0x0, edgeFlags=0x0, pointerCount=1, historySize=0, eventTime=310841, downTime=310838, deviceId=0, source=0x1002 }
D/InputEventConsistencyVerifier( 1037):   5: sent at 310791000000, (unhandled) KeyEvent { action=ACTION_DOWN, keyCode=KEYCODE_DPAD_UP, scanCode=0, metaState=0, flags=0x8, repeatCount=0, eventTime=310791, downTime=310791, deviceId=-1, source=0x101 }
D/InputEventConsistencyVerifier( 1037): KeyEvent: ACTION_UP but key was not down.
D/InputEventConsistencyVerifier( 1037):   in com.android.internal.policy.impl.PhoneWindow$DecorView@b3e3f8d8
D/InputEventConsistencyVerifier( 1037):   0: sent at 311338000000, KeyEvent { action=ACTION_UP, keyCode=KEYCODE_DPAD_DOWN, scanCode=0, metaState=0, flags=0x8, repeatCount=0, eventTime=311338, downTime=311338, deviceId=-1, source=0x101 }
D/InputEventConsistencyVerifier( 1037):   -- recent events --
D/InputEventConsistencyVerifier( 1037):   1: sent at 311338000000, (unhandled) KeyEvent { action=ACTION_UP, keyCode=KEYCODE_NUMPAD_2, scanCode=0, metaState=0, flags=0x8, repeatCount=0, eventTime=311338, downTime=311338, deviceId=-1, source=0x101 }
D/InputEventConsistencyVerifier( 1037):   2: sent at 311012000000, (unhandled) KeyEvent { action=ACTION_DOWN, keyCode=KEYCODE_NUMPAD_2, scanCode=0, metaState=0, flags=0x8, repeatCount=0, eventTime=311012, downTime=311012, deviceId=-1, source=0x101 }
D/InputEventConsistencyVerifier( 1037):   3: sent at 310979000000, MotionEvent { action=ACTION_UP, id[0]=0, x[0]=165.33334, y[0]=82.66669, toolType[0]=TOOL_TYPE_UNKNOWN, buttonState=0, metaState=0, flags=0x0, edgeFlags=0x0, pointerCount=1, historySize=0, eventTime=310979, downTime=310838, deviceId=0, source=0x1002 }
D/InputEventConsistencyVerifier( 1037):   4: sent at 310950000000, MotionEvent { action=ACTION_MOVE, id[0]=0, x[0]=162.66667, y[0]=81.33334, toolType[0]=TOOL_TYPE_UNKNOWN, buttonState=0, metaState=0, flags=0x0, edgeFlags=0x0, pointerCount=1, historySize=7, eventTime=310950, downTime=310838, deviceId=0, source=0x1002 }
D/InputEventConsistencyVerifier( 1037):   5: sent at 310870689570, MotionEvent { action=ACTION_MOVE, id[0]=0, x[0]=152.0946, y[0]=44.666687, toolType[0]=TOOL_TYPE_UNKNOWN, buttonState=0, metaState=0, flags=0x0, edgeFlags=0x0, pointerCount=1, historySize=1, eventTime=310870, downTime=310838, deviceId=0, source=0x1002 }
I/dalvikvm-heap( 1037): Grow heap (frag case) to 10.581MB for 614416-byte allocation
E/WVMExtractor(   62): Failed to open libwvm.so
D/AudioSink(   62): bufferCount (4) is too small and increased to 12
I/Choreographer( 1037): Skipped 361 frames!  The application may be doing too much work on its main thread.
D/InputEventConsistencyVerifier( 1037): KeyEvent: ACTION_UP but key was not down.
D/InputEventConsistencyVerifier( 1037):   in com.android.internal.policy.impl.PhoneWindow$DecorView@b3e3f8d8
D/InputEventConsistencyVerifier( 1037):   0: sent at 312312000000, KeyEvent { action=ACTION_UP, keyCode=KEYCODE_DPAD_LEFT, scanCode=0, metaState=0, flags=0x400, repeatCount=0, eventTime=312312, downTime=312312, deviceId=-1, source=0x101 }
D/InputEventConsistencyVerifier( 1037):   -- recent events --
D/InputEventConsistencyVerifier( 1037):   1: sent at 311586000000, (unhandled) MotionEvent { action=ACTION_MOVE, id[0]=0, x[0]=-2.0, y[0]=1.0, toolType[0]=TOOL_TYPE_UNKNOWN, buttonState=0, metaState=0, flags=0x0, edgeFlags=0x0, pointerCount=1, historySize=9, eventTime=311586, downTime=-1, deviceId=0, source=0x10004 }
D/InputEventConsistencyVerifier( 1037):   2: sent at 311600000000, (unhandled) MotionEvent { action=ACTION_UP, id[0]=0, x[0]=57.333336, y[0]=-253.33333, toolType[0]=TOOL_TYPE_UNKNOWN, buttonState=0, metaState=0, flags=0x0, edgeFlags=0x0, pointerCount=1, historySize=0, eventTime=311600, downTime=311592, deviceId=0, source=0x1002 }
D/InputEventConsistencyVerifier( 1037):   3: sent at 311593000000, MotionEvent { action=ACTION_DOWN, id[0]=0, x[0]=58.0, y[0]=-254.0, toolType[0]=TOOL_TYPE_UNKNOWN, buttonState=0, metaState=0, flags=0x0, edgeFlags=0x0, pointerCount=1, historySize=0, eventTime=311593, downTime=311592, deviceId=0, source=0x1002 }
D/InputEventConsistencyVerifier( 1037):   4: sent at 311483000000, (unhandled) KeyEvent { action=ACTION_UP, keyCode=KEYCODE_DPAD_CENTER, scanCode=0, metaState=0, flags=0x8, repeatCount=0, eventTime=311483, downTime=311483, deviceId=-1, source=0x101 }
D/InputEventConsistencyVerifier( 1037):   5: sent at 311397000000, KeyEvent { action=ACTION_DOWN, keyCode=KEYCODE_DPAD_CENTER, scanCode=0, metaState=0, flags=0x8, repeatCount=0, eventTime=311397, downTime=311397, deviceId=-1, source=0x101 }
I/dalvikvm-heap( 1037): Grow heap (frag case) to 10.416MB for 614416-byte allocation
D/AudioSink(   62): bufferCount (2) is too small and increased to 12
D/InputEventConsistencyVerifier( 1037): KeyEvent: ACTION_UP but key was not down.
D/InputEventConsistencyVerifier( 1037):   in com.android.internal.policy.impl.PhoneWindow$DecorView@b3e3f8d8
D/InputEventConsistencyVerifier( 1037):   0: sent at 312996000000, KeyEvent { action=ACTION_UP, keyCode=KEYCODE_DPAD_DOWN, scanCode=0, metaState=0, flags=0x8, repeatCount=0, eventTime=312996, downTime=312996, deviceId=-1, source=0x101 }
D/InputEventConsistencyVerifier( 1037):   -- recent events --
D/InputEventConsistencyVerifier( 1037):   1: sent at 312648000000, (unhandled) MotionEvent { action=ACTION_UP, id[0]=0, x[0]=23.333334, y[0]=-62.0, toolType[0]=TOOL_TYPE_UNKNOWN, buttonState=0, metaState=0, flags=0x0, edgeFlags=0x0, pointerCount=1, historySize=0, eventTime=312648, downTime=312548, deviceId=0, source=0x1002 }
D/InputEventConsistencyVerifier( 1037):   2: sent at 312646000000, (unhandled) MotionEvent { action=ACTION_POINTER_UP(1), id[0]=0, x[0]=32.666668, y[0]=-65.33331, toolType[0]=TOOL_TYPE_UNKNOWN, id[1]=1, x[1]=274.0, y[1]=-275.3333, toolType[1]=TOOL_TYPE_UNKNOWN, buttonState=0, metaState=0, flags=0x0, edgeFlags=0x0, pointerCount=2, historySize=0, eventTime=312646, downTime=312548, deviceId=0, source=0x1002 }
D/InputEventConsistencyVerifier( 1037):   3: sent at 312643000000, (unhandled) MotionEvent { action=ACTION_MOVE, id[0]=0, x[0]=35.333336, y[0]=-69.33331, toolType[0]=TOOL_TYPE_UNKNOWN, id[1]=1, x[1]=273.33334, y[1]=-274.66666, toolType[1]=TOOL_TYPE_UNKNOWN, buttonState=0, metaState=0, flags=0x0, edgeFlags=0x0, pointerCount=2, historySize=7, eventTime=312643, downTime=312548, deviceId=0, source=0x1002 }
D/InputEventConsistencyVerifier( 1037):   4: sent at 312596000000, (unhandled) MotionEvent { action=ACTION_POINTER_DOWN(1), id[0]=0, x[0]=84.66667, y[0]=-91.33331, toolType[0]=TOOL_TYPE_UNKNOWN, id[1]=1, x[1]=243.33334, y[1]=-255.33333, toolType[1]=TOOL_TYPE_UNKNOWN, buttonState=0, metaState=0, flags=0x0, edgeFlags=0x0, pointerCount=2, historySize=0, eventTime=312596, downTime=312548, deviceId=0, source=0x1002 }
D/InputEventConsistencyVerifier( 1037):   5: sent at 312565000000, MotionEvent { action=ACTION_DOWN, id[0]=0, x[0]=87.333336, y[0]=-92.66666, toolType[0]=TOOL_TYPE_UNKNOWN, buttonState=0, metaState=0, flags=0x0, edgeFlags=0x0, pointerCount=1, historySize=0, eventTime=312565, downTime=312548, deviceId=0, source=0x1002 }
I/dalvikvm-heap( 1037): Grow heap (frag case) to 10.415MB for 614416-byte allocation
D/AudioSink(   62): bufferCount (2) is too small and increased to 12
W/MediaPlayer( 1037): mediaplayer went away with unhandled events
W/MediaPlayer( 1037): mediaplayer went away with unhandled events
W/DroidBox( 1122): DroidBox: { "ServiceStart": { "name": "com.android.music.MediaPlaybackService" } }
W/DroidBox( 1122): DroidBox: { "ServiceStart": { "name": "com.android.music.MediaPlaybackService" } }
I/AudioService(  231):  AudioFocus  requestAudioFocus() from android.media.AudioManager@b3d9d400com.android.music.MediaPlaybackService$3@b3d9bc38
I/AudioService(  231):   Remote Control   registerMediaButtonIntent() for PendingIntent{b3f92f00: PendingIntentRecord{b3e7eb60 com.android.music broadcastIntent}}
I/Choreographer( 1037): Skipped 352 frames!  The application may be doing too much work on its main thread.
D/InputEventConsistencyVerifier( 1037): KeyEvent: ACTION_UP but key was not down.
D/InputEventConsistencyVerifier( 1037):   in com.android.internal.policy.impl.PhoneWindow$DecorView@b3e3f8d8
D/InputEventConsistencyVerifier( 1037):   0: sent at 314312000000, KeyEvent { action=ACTION_UP, keyCode=KEYCODE_DPAD_UP, scanCode=0, metaState=0, flags=0x8, repeatCount=0, eventTime=314312, downTime=314312, deviceId=-1, source=0x101 }
D/InputEventConsistencyVerifier( 1037):   -- recent events --
D/InputEventConsistencyVerifier( 1037):   1: sent at 314215000000, (unhandled) MotionEvent { action=ACTION_MOVE, id[0]=0, x[0]=1.0, y[0]=1.0, toolType[0]=TOOL_TYPE_UNKNOWN, buttonState=0, metaState=0, flags=0x0, edgeFlags=0x0, pointerCount=1, historySize=9, eventTime=314215, downTime=-1, deviceId=0, source=0x10004 }
D/InputEventConsistencyVerifier( 1037):   2: sent at 314016000000, (unhandled) KeyEvent { action=ACTION_UP, keyCode=KEYCODE_DPAD_UP, scanCode=0, metaState=0, flags=0x8, repeatCount=0, eventTime=314016, downTime=314016, deviceId=-1, source=0x101 }
D/InputEventConsistencyVerifier( 1037):   3: sent at 314012000000, (unhandled) KeyEvent { action=ACTION_DOWN, keyCode=KEYCODE_DPAD_UP, scanCode=0, metaState=0, flags=0x8, repeatCount=0, eventTime=314012, downTime=314012, deviceId=-1, source=0x101 }
D/InputEventConsistencyVerifier( 1037):   4: sent at 313688000000, (unhandled) KeyEvent { action=ACTION_UP, keyCode=KEYCODE_MENU, scanCode=0, metaState=0, flags=0x8, repeatCount=0, eventTime=313688, downTime=313688, deviceId=-1, source=0x101 }
D/InputEventConsistencyVerifier( 1037):   5: sent at 313633000000, (unhandled) KeyEvent { action=ACTION_DOWN, keyCode=KEYCODE_MENU, scanCode=0, metaState=0, flags=0x8, repeatCount=0, eventTime=313633, downTime=313633, deviceId=-1, source=0x101 }
W/MediaPlayer( 1037): mediaplayer went away with unhandled events
D/InputEventConsistencyVerifier( 1037): KeyEvent: ACTION_UP but key was not down.
D/InputEventConsistencyVerifier( 1037):   in com.android.internal.view.menu.IconMenuItemView@b3ef9ad8
D/InputEventConsistencyVerifier( 1037):   0: sent at 314663000000, KeyEvent { action=ACTION_UP, keyCode=KEYCODE_DPAD_RIGHT, scanCode=0, metaState=0, flags=0x8, repeatCount=0, eventTime=314663, downTime=314663, deviceId=-1, source=0x101 }
D/InputEventConsistencyVerifier( 1037):   -- recent events --
D/InputEventConsistencyVerifier( 1037):   1: sent at 289852000000, MotionEvent { action=ACTION_UP, id[0]=0, x[0]=116.66669, y[0]=49.333344, toolType[0]=TOOL_TYPE_UNKNOWN, buttonState=0, metaState=0, flags=0x0, edgeFlags=0x0, pointerCount=1, historySize=0, eventTime=289852, downTime=289785, deviceId=0, source=0x1002 }
D/InputEventConsistencyVerifier( 1037):   2: sent at 289839000000, MotionEvent { action=ACTION_MOVE, id[0]=0, x[0]=115.33334, y[0]=44.0, toolType[0]=TOOL_TYPE_UNKNOWN, buttonState=0, metaState=0, flags=0x0, edgeFlags=0x0, pointerCount=1, historySize=4, eventTime=289839, downTime=289785, deviceId=0, source=0x1002 }
D/InputEventConsistencyVerifier( 1037):   3: sent at 289787000000, MotionEvent { action=ACTION_DOWN, id[0]=0, x[0]=108.0, y[0]=21.333344, toolType[0]=TOOL_TYPE_UNKNOWN, buttonState=0, metaState=0, flags=0x0, edgeFlags=0x0, pointerCount=1, historySize=0, eventTime=289787, downTime=289785, deviceId=0, source=0x1002 }
D/InputEventConsistencyVerifier( 1037):   4: sent at 273563000000, (unhandled) KeyEvent { action=ACTION_UP, keyCode=KEYCODE_DPAD_UP, scanCode=0, metaState=0, flags=0x8, repeatCount=0, eventTime=273563, downTime=273563, deviceId=-1, source=0x101 }
D/InputEventConsistencyVerifier( 1037):   5: sent at 273559000000, (unhandled) KeyEvent { action=ACTION_DOWN, keyCode=KEYCODE_DPAD_UP, scanCode=0, metaState=0, flags=0x8, repeatCount=0, eventTime=273559, downTime=273559, deviceId=-1, source=0x101 }
I/Choreographer( 1037): Skipped 79 frames!  The application may be doing too much work on its main thread.
D/InputEventConsistencyVerifier( 1037): KeyEvent: ACTION_UP but key was not down.
D/InputEventConsistencyVerifier( 1037):   in com.android.internal.view.menu.IconMenuItemView@b3efce88
D/InputEventConsistencyVerifier( 1037):   0: sent at 314838000000, KeyEvent { action=ACTION_UP, keyCode=KEYCODE_DPAD_DOWN, scanCode=0, metaState=0, flags=0x400, repeatCount=0, eventTime=314838, downTime=314838, deviceId=-1, source=0x101 }
D/InputEventConsistencyVerifier( 1037):   -- recent events --
D/InputEventConsistencyVerifier( 1037):   1: sent at 289772000000, (unhandled) KeyEvent { action=ACTION_UP, keyCode=KEYCODE_MENU, scanCode=0, metaState=0, flags=0x8, repeatCount=0, eventTime=289772, downTime=289772, deviceId=-1, source=0x101 }
D/InputEventConsistencyVerifier( 1037):   2: sent at 289741000000, (unhandled) KeyEvent { action=ACTION_DOWN, keyCode=KEYCODE_MENU, scanCode=0, metaState=0, flags=0x8, repeatCount=0, eventTime=289741, downTime=289741, deviceId=-1, source=0x101 }
D/InputEventConsistencyVerifier( 1037):   3: sent at 289713000000, (unhandled) KeyEvent { action=ACTION_UP, keyCode=KEYCODE_MENU, scanCode=0, metaState=0, flags=0x8, repeatCount=0, eventTime=289713, downTime=289713, deviceId=-1, source=0x101 }
D/InputEventConsistencyVerifier( 1037):   4: sent at 289601000000, (unhandled) KeyEvent { action=ACTION_DOWN, keyCode=KEYCODE_MENU, scanCode=0, metaState=0, flags=0x8, repeatCount=0, eventTime=289601, downTime=289601, deviceId=-1, source=0x101 }
D/InputEventConsistencyVerifier( 1037):   5: sent at 289680000000, (unhandled) KeyEvent { action=ACTION_UP, keyCode=KEYCODE_DPAD_DOWN, scanCode=0, metaState=0, flags=0x400, repeatCount=0, eventTime=289680, downTime=289680, deviceId=-1, source=0x101 }
D/InputEventConsistencyVerifier( 1037): TrackballEvent: Trackball is down but pressure is not greater than 0.
D/InputEventConsistencyVerifier( 1037):   in android.view.ViewRootImpl@b3f24ad0
D/InputEventConsistencyVerifier( 1037):   0: sent at 314845000000, MotionEvent { action=ACTION_DOWN, id[0]=0, x[0]=0.0, y[0]=0.0, toolType[0]=TOOL_TYPE_UNKNOWN, buttonState=0, metaState=0, flags=0x0, edgeFlags=0x0, pointerCount=1, historySize=0, eventTime=314845, downTime=314695, deviceId=0, source=0x10004 }
D/InputEventConsistencyVerifier( 1037):   -- recent events --
D/InputEventConsistencyVerifier( 1037):   1: sent at 314841000000, KeyEvent { action=ACTION_UP, keyCode=KEYCODE_DPAD_DOWN, scanCode=0, metaState=0, flags=0x400, repeatCount=0, eventTime=314841, downTime=314841, deviceId=-1, source=0x101 }
D/InputEventConsistencyVerifier( 1037):   2: sent at 314841000000, KeyEvent { action=ACTION_DOWN, keyCode=KEYCODE_DPAD_DOWN, scanCode=0, metaState=0, flags=0x400, repeatCount=0, eventTime=314841, downTime=314841, deviceId=-1, source=0x101 }
D/InputEventConsistencyVerifier( 1037):   3: sent at 314841000000, KeyEvent { action=ACTION_UP, keyCode=KEYCODE_DPAD_DOWN, scanCode=0, metaState=0, flags=0x400, repeatCount=0, eventTime=314841, downTime=314841, deviceId=-1, source=0x101 }
D/InputEventConsistencyVerifier( 1037):   4: sent at 314841000000, KeyEvent { action=ACTION_DOWN, keyCode=KEYCODE_DPAD_DOWN, scanCode=0, metaState=0, flags=0x400, repeatCount=0, eventTime=314841, downTime=314841, deviceId=-1, source=0x101 }
D/InputEventConsistencyVerifier( 1037):   5: sent at 314840000000, KeyEvent { action=ACTION_UP, keyCode=KEYCODE_DPAD_DOWN, scanCode=0, metaState=0, flags=0x400, repeatCount=0, eventTime=314840, downTime=314840, deviceId=-1, source=0x101 }
I/ActivityManager(  231): START {act=android.intent.action.VIEW dat=http://www.10086apk.com cmp=com.android.browser/.BrowserActivity u=0} from pid 1037
I/Choreographer( 1037): Skipped 169 frames!  The application may be doing too much work on its main thread.
D/InputEventConsistencyVerifier( 1037): KeyEvent: ACTION_UP but key was not down.
D/InputEventConsistencyVerifier( 1037):   in com.android.internal.policy.impl.PhoneWindow$DecorView@b3e3f8d8
D/InputEventConsistencyVerifier( 1037):   0: sent at 316645000000, KeyEvent { action=ACTION_UP, keyCode=KEYCODE_DPAD_DOWN, scanCode=0, metaState=0, flags=0x8, repeatCount=0, eventTime=316645, downTime=316645, deviceId=-1, source=0x101 }
D/InputEventConsistencyVerifier( 1037):   -- recent events --
D/InputEventConsistencyVerifier( 1037):   1: sent at 316260000000, (unhandled) MotionEvent { action=ACTION_UP, id[0]=0, x[0]=266.0, y[0]=-156.0, toolType[0]=TOOL_TYPE_UNKNOWN, buttonState=0, metaState=0, flags=0x0, edgeFlags=0x0, pointerCount=1, historySize=0, eventTime=316260, downTime=316226, deviceId=0, source=0x1002 }
D/InputEventConsistencyVerifier( 1037):   2: sent at 316257000000, (unhandled) MotionEvent { action=ACTION_MOVE, id[0]=0, x[0]=263.33334, y[0]=-155.33333, toolType[0]=TOOL_TYPE_UNKNOWN, buttonState=0, metaState=0, flags=0x0, edgeFlags=0x0, pointerCount=1, historySize=4, eventTime=316257, downTime=316226, deviceId=0, source=0x1002 }
D/InputEventConsistencyVerifier( 1037):   3: sent at 316228000000, MotionEvent { action=ACTION_DOWN, id[0]=0, x[0]=248.66667, y[0]=-137.33333, toolType[0]=TOOL_TYPE_UNKNOWN, buttonState=0, metaState=0, flags=0x0, edgeFlags=0x0, pointerCount=1, historySize=0, eventTime=316228, downTime=316226, deviceId=0, source=0x1002 }
D/InputEventConsistencyVerifier( 1037):   4: sent at 315872000000, (unhandled) KeyEvent { action=ACTION_UP, keyCode=KEYCODE_MENU, scanCode=0, metaState=0, flags=0x8, repeatCount=0, eventTime=315872, downTime=315872, deviceId=-1, source=0x101 }
D/InputEventConsistencyVerifier( 1037):   5: sent at 315261000000, (unhandled) KeyEvent { action=ACTION_DOWN, keyCode=KEYCODE_MENU, scanCode=0, metaState=0, flags=0x8, repeatCount=0, eventTime=315261, downTime=315261, deviceId=-1, source=0x101 }
D/AudioSink(   62): bufferCount (2) is too small and increased to 12
I/Choreographer( 1037): Skipped 91 frames!  The application may be doing too much work on its main thread.
I/dalvikvm-heap( 1037): Grow heap (frag case) to 10.465MB for 614416-byte allocation
D/AudioSink(   62): bufferCount (2) is too small and increased to 12
W/MediaPlayer( 1037): mediaplayer went away with unhandled events
I/Choreographer( 1037): Skipped 42 frames!  The application may be doing too much work on its main thread.
W/InputMethodManagerService(  231): Window already focused, ignoring focus gain of: com.android.internal.view.IInputMethodClient$Stub$Proxy@b412b960 attribute=null
I/Choreographer( 1037): Skipped 46 frames!  The application may be doing too much work on its main thread.
I/Choreographer( 1037): Skipped 31 frames!  The application may be doing too much work on its main thread.
D/InputEventConsistencyVerifier( 1037): KeyEvent: ACTION_UP but key was not down.
D/InputEventConsistencyVerifier( 1037):   in android.view.ViewRootImpl@b3e43db8
D/InputEventConsistencyVerifier( 1037):   0: sent at 319199000000, KeyEvent { action=ACTION_UP, keyCode=KEYCODE_LANGUAGE_SWITCH, scanCode=0, metaState=0, flags=0x8, repeatCount=0, eventTime=319199, downTime=319199, deviceId=-1, source=0x101 }
D/InputEventConsistencyVerifier( 1037):   -- recent events --
D/InputEventConsistencyVerifier( 1037):   1: sent at 319082000000, KeyEvent { action=ACTION_UP, keyCode=KEYCODE_DVR, scanCode=0, metaState=0, flags=0x8, repeatCount=0, eventTime=319082, downTime=319082, deviceId=-1, source=0x101 }
D/InputEventConsistencyVerifier( 1037):   2: sent at 318951000000, KeyEvent { action=ACTION_DOWN, keyCode=KEYCODE_DVR, scanCode=0, metaState=0, flags=0x8, repeatCount=0, eventTime=318951, downTime=318951, deviceId=-1, source=0x101 }
D/InputEventConsistencyVerifier( 1037):   3: sent at 318787000000, KeyEvent { action=ACTION_UP, keyCode=KEYCODE_L, scanCode=0, metaState=0, flags=0x8, repeatCount=0, eventTime=318787, downTime=318787, deviceId=-1, source=0x101 }
D/InputEventConsistencyVerifier( 1037):   4: sent at 318736000000, KeyEvent { action=ACTION_DOWN, keyCode=KEYCODE_L, scanCode=0, metaState=0, flags=0x8, repeatCount=0, eventTime=318736, downTime=318736, deviceId=-1, source=0x101 }
D/InputEventConsistencyVerifier( 1037):   5: sent at 318725000000, MotionEvent { action=ACTION_UP, id[0]=0, x[0]=256.0, y[0]=305.0, toolType[0]=TOOL_TYPE_UNKNOWN, buttonState=0, metaState=0, flags=0x0, edgeFlags=0x0, pointerCount=1, historySize=0, eventTime=318725, downTime=318691, deviceId=0, source=0x1002 }
D/InputEventConsistencyVerifier( 1037): KeyEvent: ACTION_UP but key was not down.
D/InputEventConsistencyVerifier( 1037):   in com.android.internal.policy.impl.PhoneWindow$DecorView@b3e3f8d8
D/InputEventConsistencyVerifier( 1037):   0: sent at 320755000000, KeyEvent { action=ACTION_UP, keyCode=KEYCODE_PAGE_DOWN, scanCode=0, metaState=0, flags=0x8, repeatCount=0, eventTime=320755, downTime=320755, deviceId=-1, source=0x101 }
D/InputEventConsistencyVerifier( 1037):   -- recent events --
D/InputEventConsistencyVerifier( 1037):   1: sent at 320578000000, (unhandled) KeyEvent { action=ACTION_UP, keyCode=KEYCODE_VOLUME_UP, scanCode=0, metaState=0, flags=0x8, repeatCount=0, eventTime=320578, downTime=320578, deviceId=-1, source=0x101 }
D/InputEventConsistencyVerifier( 1037):   2: sent at 320327000000, (unhandled) KeyEvent { action=ACTION_DOWN, keyCode=KEYCODE_VOLUME_UP, scanCode=0, metaState=0, flags=0x8, repeatCount=0, eventTime=320327, downTime=320327, deviceId=-1, source=0x101 }
D/InputEventConsistencyVerifier( 1037):   3: sent at 320310000000, MotionEvent { action=ACTION_UP, id[0]=0, x[0]=314.0, y[0]=82.66669, toolType[0]=TOOL_TYPE_UNKNOWN, buttonState=0, metaState=0, flags=0x0, edgeFlags=0x0, pointerCount=1, historySize=0, eventTime=320310, downTime=320304, deviceId=0, source=0x1002 }
D/InputEventConsistencyVerifier( 1037):   4: sent at 320304000000, MotionEvent { action=ACTION_DOWN, id[0]=0, x[0]=306.0, y[0]=88.0, toolType[0]=TOOL_TYPE_UNKNOWN, buttonState=0, metaState=0, flags=0x0, edgeFlags=0x0, pointerCount=1, historySize=0, eventTime=320304, downTime=320304, deviceId=0, source=0x1002 }
D/InputEventConsistencyVerifier( 1037):   5: sent at 320288000000, (unhandled) KeyEvent { action=ACTION_UP, keyCode=KEYCODE_DPAD_RIGHT, scanCode=0, metaState=0, flags=0x8, repeatCount=0, eventTime=320288, downTime=320288, deviceId=-1, source=0x101 }
D/InputEventConsistencyVerifier( 1037): KeyEvent: ACTION_UP but key was not down.
D/InputEventConsistencyVerifier( 1037):   in com.android.internal.policy.impl.PhoneWindow$DecorView@b3e3f8d8
D/InputEventConsistencyVerifier( 1037):   0: sent at 321077000000, KeyEvent { action=ACTION_UP, keyCode=KEYCODE_DPAD_LEFT, scanCode=0, metaState=0, flags=0x400, repeatCount=0, eventTime=321077, downTime=321077, deviceId=-1, source=0x101 }
D/InputEventConsistencyVerifier( 1037):   -- recent events --
D/InputEventConsistencyVerifier( 1037):   1: sent at 321032000000, (unhandled) MotionEvent { action=ACTION_MOVE, id[0]=0, x[0]=-2.0, y[0]=0.0, toolType[0]=TOOL_TYPE_UNKNOWN, buttonState=0, metaState=0, flags=0x0, edgeFlags=0x0, pointerCount=1, historySize=9, eventTime=321032, downTime=-1, deviceId=0, source=0x10004 }
D/InputEventConsistencyVerifier( 1037):   2: sent at 320929000000, (unhandled) MotionEvent { action=ACTION_UP, id[0]=0, x[0]=104.66667, y[0]=-59.333313, toolType[0]=TOOL_TYPE_UNKNOWN, buttonState=0, metaState=0, flags=0x1, edgeFlags=0x0, pointerCount=1, historySize=0, eventTime=320929, downTime=320861, deviceId=0, source=0x1002 }
D/InputEventConsistencyVerifier( 1037):   3: sent at 320926000000, (unhandled) MotionEvent { action=ACTION_POINTER_UP(1), id[0]=0, x[0]=110.0, y[0]=-64.0, toolType[0]=TOOL_TYPE_UNKNOWN, id[1]=1, x[1]=152.66667, y[1]=-240.0, toolType[1]=TOOL_TYPE_UNKNOWN, buttonState=0, metaState=0, flags=0x1, edgeFlags=0x0, pointerCount=2, historySize=0, eventTime=320926, downTime=320861, deviceId=0, source=0x1002 }
D/InputEventConsistencyVerifier( 1037):   4: sent at 320910000000, (unhandled) MotionEvent { action=ACTION_MOVE, id[0]=0, x[0]=115.333336, y[0]=-68.66666, toolType[0]=TOOL_TYPE_UNKNOWN, id[1]=1, x[1]=145.33334, y[1]=-236.66666, toolType[1]=TOOL_TYPE_UNKNOWN, buttonState=0, metaState=0, flags=0x1, edgeFlags=0x0, pointerCount=2, historySize=3, eventTime=320910, downTime=320861, deviceId=0, source=0x1002 }
D/InputEventConsistencyVerifier( 1037):   5: sent at 320881000000, (unhandled) MotionEvent { action=ACTION_POINTER_DOWN(1), id[0]=0, x[0]=139.33334, y[0]=-88.0, toolType[0]=TOOL_TYPE_UNKNOWN, id[1]=1, x[1]=134.66667, y[1]=-228.0, toolType[1]=TOOL_TYPE_UNKNOWN, buttonState=0, metaState=0, flags=0x1, edgeFlags=0x0, pointerCount=2, historySize=0, eventTime=320881, downTime=320861, deviceId=0, source=0x1002 }
D/InputEventConsistencyVerifier( 1037): TrackballEvent: Trackball is down but pressure is not greater than 0.
D/InputEventConsistencyVerifier( 1037):   in android.view.ViewRootImpl@b3ddb470
D/InputEventConsistencyVerifier( 1037):   0: sent at 321034000000, MotionEvent { action=ACTION_DOWN, id[0]=0, x[0]=0.0, y[0]=0.0, toolType[0]=TOOL_TYPE_UNKNOWN, buttonState=0, metaState=0, flags=0x0, edgeFlags=0x0, pointerCount=1, historySize=0, eventTime=321034, downTime=320972, deviceId=0, source=0x10004 }
D/InputEventConsistencyVerifier( 1037):   -- recent events --
D/InputEventConsistencyVerifier( 1037):   1: sent at 321078000000, KeyEvent { action=ACTION_UP, keyCode=KEYCODE_DPAD_LEFT, scanCode=0, metaState=0, flags=0x400, repeatCount=0, eventTime=321078, downTime=321078, deviceId=-1, source=0x101 }
D/InputEventConsistencyVerifier( 1037):   2: sent at 321078000000, KeyEvent { action=ACTION_DOWN, keyCode=KEYCODE_DPAD_LEFT, scanCode=0, metaState=0, flags=0x400, repeatCount=0, eventTime=321078, downTime=321078, deviceId=-1, source=0x101 }
D/InputEventConsistencyVerifier( 1037):   3: sent at 321077000000, KeyEvent { action=ACTION_UP, keyCode=KEYCODE_DPAD_LEFT, scanCode=0, metaState=0, flags=0x400, repeatCount=0, eventTime=321077, downTime=321077, deviceId=-1, source=0x101 }
D/InputEventConsistencyVerifier( 1037):   4: sent at 321077000000, KeyEvent { action=ACTION_DOWN, keyCode=KEYCODE_DPAD_LEFT, scanCode=0, metaState=0, flags=0x400, repeatCount=0, eventTime=321077, downTime=321077, deviceId=-1, source=0x101 }
D/InputEventConsistencyVerifier( 1037):   5: sent at 321032000000, MotionEvent { action=ACTION_MOVE, id[0]=0, x[0]=-2.0, y[0]=0.0, toolType[0]=TOOL_TYPE_UNKNOWN, buttonState=0, metaState=0, flags=0x0, edgeFlags=0x0, pointerCount=1, historySize=9, eventTime=321032, downTime=-1, deviceId=0, source=0x10004 }
I/dalvikvm-heap( 1037): Grow heap (frag case) to 10.514MB for 614416-byte allocation
E/WVMExtractor(   62): Failed to open libwvm.so
D/AudioSink(   62): bufferCount (4) is too small and increased to 12
W/InputManager(  231): Input event injection from pid 1018 failed.
W/InputManager(  231): Input event injection from pid 1018 failed.
W/InputManager(  231): Input event injection from pid 1018 failed.
W/InputManager(  231): Input event injection from pid 1018 failed.
W/InputManager(  231): Input event injection from pid 1018 failed.
W/InputManager(  231): Input event injection from pid 1018 failed.
I/Choreographer( 1037): Skipped 184 frames!  The application may be doing too much work on its main thread.
