I/Choreographer(  461): Skipped 34 frames!  The application may be doing too much work on its main thread.
D/PhoneStatusBar(  461): disable: < expand icons alerts ticker* system_info back home recent clock >
V/PhoneStatusBar(  461): setLightsOn(true)
W/InputMethodManagerService(  243): Window already focused, ignoring focus gain of: com.android.internal.view.IInputMethodClient$Stub$Proxy@b3ecac00 attribute=null
D/InputEventConsistencyVerifier( 1041): TouchEvent: ACTION_DOWN but pointers are already down.  Probably missing ACTION_UP from previous gesture.
D/InputEventConsistencyVerifier( 1041):   in com.android.internal.policy.impl.PhoneWindow$DecorView@b3e5e290
D/InputEventConsistencyVerifier( 1041):   0: sent at 272852000000, MotionEvent { action=ACTION_DOWN, id[0]=0, x[0]=425.0, y[0]=-1.0, toolType[0]=TOOL_TYPE_UNKNOWN, buttonState=0, metaState=0, flags=0x0, edgeFlags=0x0, pointerCount=1, historySize=0, eventTime=272852, downTime=272850, deviceId=0, source=0x1002 }
D/InputEventConsistencyVerifier( 1041):   -- recent events --
D/InputEventConsistencyVerifier( 1041):   1: sent at 272840000000, (unhandled) KeyEvent { action=ACTION_UP, keyCode=KEYCODE_DPAD_DOWN, scanCode=0, metaState=0, flags=0x8, repeatCount=0, eventTime=272840, downTime=272840, deviceId=-1, source=0x101 }
D/InputEventConsistencyVerifier( 1041):   2: sent at 272833000000, (unhandled) KeyEvent { action=ACTION_DOWN, keyCode=KEYCODE_DPAD_DOWN, scanCode=0, metaState=0, flags=0x8, repeatCount=0, eventTime=272833, downTime=272833, deviceId=-1, source=0x101 }
D/InputEventConsistencyVerifier( 1041):   3: sent at 272822000000, (unhandled) KeyEvent { action=ACTION_UP, keyCode=KEYCODE_FUNCTION, scanCode=0, metaState=0, flags=0x8, repeatCount=0, eventTime=272822, downTime=272822, deviceId=-1, source=0x101 }
D/InputEventConsistencyVerifier( 1041):   4: sent at 272694000000, (unhandled) KeyEvent { action=ACTION_DOWN, keyCode=KEYCODE_FUNCTION, scanCode=0, metaState=0, flags=0x8, repeatCount=0, eventTime=272694, downTime=272694, deviceId=-1, source=0x101 }
D/InputEventConsistencyVerifier( 1041):   5: sent at 272803000000, (unhandled) KeyEvent { action=ACTION_UP, keyCode=KEYCODE_DPAD_UP, scanCode=0, metaState=0, flags=0x400, repeatCount=0, eventTime=272803, downTime=272803, deviceId=-1, source=0x101 }
W/InputMethodManagerService(  243): Window already focused, ignoring focus gain of: com.android.internal.view.IInputMethodClient$Stub$Proxy@b4269a90 attribute=null
I/Choreographer( 1041): Skipped 33 frames!  The application may be doing too much work on its main thread.
I/ActivityManager(  243): START {act=android.intent.action.MAIN cat=[android.intent.category.LAUNCHER] flg=0x10000000 cmp=com.android.contacts/.activities.PeopleActivity sel={act=android.intent.action.MAIN cat=[android.intent.category.APP_CONTACTS]} u=0} from pid 243
D/InputEventConsistencyVerifier( 1041): KeyEvent: ACTION_UP but key was not down.
D/InputEventConsistencyVerifier( 1041):   in android.view.ViewRootImpl@b3e545f8
D/InputEventConsistencyVerifier( 1041):   0: sent at 273740000000, KeyEvent { action=ACTION_UP, keyCode=KEYCODE_CONTACTS, scanCode=0, metaState=0, flags=0x8, repeatCount=0, eventTime=273740, downTime=273740, deviceId=-1, source=0x101 }
D/InputEventConsistencyVerifier( 1041):   -- recent events --
D/InputEventConsistencyVerifier( 1041):   1: sent at 273694000000, MotionEvent { action=ACTION_UP, id[0]=0, x[0]=167.0, y[0]=501.0, toolType[0]=TOOL_TYPE_UNKNOWN, buttonState=0, metaState=0, flags=0x0, edgeFlags=0x0, pointerCount=1, historySize=0, eventTime=273694, downTime=273629, deviceId=0, source=0x1002 }
D/InputEventConsistencyVerifier( 1041):   2: sent at 273678000000, MotionEvent { action=ACTION_POINTER_UP(1), id[0]=0, x[0]=164.0, y[0]=498.0, toolType[0]=TOOL_TYPE_UNKNOWN, id[1]=1, x[1]=41.0, y[1]=237.0, toolType[1]=TOOL_TYPE_UNKNOWN, buttonState=0, metaState=0, flags=0x0, edgeFlags=0x0, pointerCount=2, historySize=0, eventTime=273678, downTime=273629, deviceId=0, source=0x1002 }
D/InputEventConsistencyVerifier( 1041):   3: sent at 273674000000, MotionEvent { action=ACTION_MOVE, id[0]=0, x[0]=164.0, y[0]=496.0, toolType[0]=TOOL_TYPE_UNKNOWN, id[1]=1, x[1]=40.0, y[1]=237.0, toolType[1]=TOOL_TYPE_UNKNOWN, buttonState=0, metaState=0, flags=0x0, edgeFlags=0x0, pointerCount=2, historySize=4, eventTime=273674, downTime=273629, deviceId=0, source=0x1002 }
D/InputEventConsistencyVerifier( 1041):   4: sent at 273647000000, MotionEvent { action=ACTION_POINTER_DOWN(1), id[0]=0, x[0]=151.0, y[0]=480.0, toolType[0]=TOOL_TYPE_UNKNOWN, id[1]=1, x[1]=35.0, y[1]=235.0, toolType[1]=TOOL_TYPE_UNKNOWN, buttonState=0, metaState=0, flags=0x0, edgeFlags=0x0, pointerCount=2, historySize=0, eventTime=273647, downTime=273629, deviceId=0, source=0x1002 }
D/InputEventConsistencyVerifier( 1041):   5: sent at 273641000000, MotionEvent { action=ACTION_DOWN, id[0]=0, x[0]=149.0, y[0]=478.0, toolType[0]=TOOL_TYPE_UNKNOWN, buttonState=0, metaState=0, flags=0x0, edgeFlags=0x0, pointerCount=1, historySize=0, eventTime=273641, downTime=273629, deviceId=0, source=0x1002 }
D/InputEventConsistencyVerifier( 1041): TrackballEvent: Trackball is down but pressure is not greater than 0.
D/InputEventConsistencyVerifier( 1041):   in android.view.ViewRootImpl@b3e545f8
D/InputEventConsistencyVerifier( 1041):   0: sent at 274840000000, MotionEvent { action=ACTION_DOWN, id[0]=0, x[0]=0.0, y[0]=0.0, toolType[0]=TOOL_TYPE_UNKNOWN, buttonState=0, metaState=0, flags=0x0, edgeFlags=0x0, pointerCount=1, historySize=0, eventTime=274840, downTime=274759, deviceId=0, source=0x10004 }
D/InputEventConsistencyVerifier( 1041):   -- recent events --
D/InputEventConsistencyVerifier( 1041):   1: sent at 274837000000, MotionEvent { action=ACTION_MOVE, id[0]=0, x[0]=-2.0, y[0]=4.0, toolType[0]=TOOL_TYPE_UNKNOWN, buttonState=0, metaState=0, flags=0x0, edgeFlags=0x0, pointerCount=1, historySize=2, eventTime=274837, downTime=-1, deviceId=0, source=0x10004 }
D/InputEventConsistencyVerifier( 1041):   2: sent at 274845000000, KeyEvent { action=ACTION_UP, keyCode=KEYCODE_DPAD_UP, scanCode=0, metaState=0, flags=0x400, repeatCount=0, eventTime=274845, downTime=274845, deviceId=-1, source=0x101 }
D/InputEventConsistencyVerifier( 1041):   3: sent at 274845000000, KeyEvent { action=ACTION_DOWN, keyCode=KEYCODE_DPAD_UP, scanCode=0, metaState=0, flags=0x400, repeatCount=0, eventTime=274845, downTime=274845, deviceId=-1, source=0x101 }
D/InputEventConsistencyVerifier( 1041):   4: sent at 274844000000, KeyEvent { action=ACTION_UP, keyCode=KEYCODE_DPAD_UP, scanCode=0, metaState=0, flags=0x400, repeatCount=0, eventTime=274844, downTime=274844, deviceId=-1, source=0x101 }
D/InputEventConsistencyVerifier( 1041):   5: sent at 274844000000, KeyEvent { action=ACTION_DOWN, keyCode=KEYCODE_DPAD_UP, scanCode=0, metaState=0, flags=0x400, repeatCount=0, eventTime=274844, downTime=274844, deviceId=-1, source=0x101 }
D/InputEventConsistencyVerifier( 1041): KeyEvent: ACTION_UP but key was not down.
D/InputEventConsistencyVerifier( 1041):   in android.view.ViewRootImpl@b3e545f8
D/InputEventConsistencyVerifier( 1041):   0: sent at 275733000000, KeyEvent { action=ACTION_UP, keyCode=KEYCODE_DPAD_CENTER, scanCode=0, metaState=0, flags=0x8, repeatCount=0, eventTime=275733, downTime=275733, deviceId=-1, source=0x101 }
D/InputEventConsistencyVerifier( 1041):   -- recent events --
D/InputEventConsistencyVerifier( 1041):   1: sent at 275377000000, MotionEvent { action=ACTION_UP, id[0]=0, x[0]=60.0, y[0]=584.0, toolType[0]=TOOL_TYPE_UNKNOWN, buttonState=0, metaState=0, flags=0x0, edgeFlags=0x0, pointerCount=1, historySize=0, eventTime=275377, downTime=275369, deviceId=0, source=0x1002 }
D/InputEventConsistencyVerifier( 1041):   2: sent at 275369000000, MotionEvent { action=ACTION_DOWN, id[0]=0, x[0]=60.0, y[0]=593.0, toolType[0]=TOOL_TYPE_UNKNOWN, buttonState=0, metaState=0, flags=0x0, edgeFlags=0x0, pointerCount=1, historySize=0, eventTime=275369, downTime=275369, deviceId=0, source=0x1002 }
D/InputEventConsistencyVerifier( 1041):   3: sent at 275055000000, KeyEvent { action=ACTION_UP, keyCode=KEYCODE_MENU, scanCode=0, metaState=0, flags=0x8, repeatCount=0, eventTime=275055, downTime=275055, deviceId=-1, source=0x101 }
D/InputEventConsistencyVerifier( 1041):   4: sent at 274871000000, KeyEvent { action=ACTION_DOWN, keyCode=KEYCODE_MENU, scanCode=0, metaState=0, flags=0x8, repeatCount=0, eventTime=274871, downTime=274871, deviceId=-1, source=0x101 }
D/InputEventConsistencyVerifier( 1041):   5: sent at 275052000000, KeyEvent { action=ACTION_UP, keyCode=KEYCODE_DPAD_CENTER, scanCode=0, metaState=0, flags=0x400, repeatCount=0, eventTime=275052, downTime=275052, deviceId=-1, source=0x101 }
W/InputMethodManagerService(  243): Window already focused, ignoring focus gain of: com.android.internal.view.IInputMethodClient$Stub$Proxy@b41cbe18 attribute=null
D/InputEventConsistencyVerifier( 1041): KeyEvent: ACTION_UP but key was not down.
D/InputEventConsistencyVerifier( 1041):   in android.view.ViewRootImpl@b3e545f8
D/InputEventConsistencyVerifier( 1041):   0: sent at 275786000000, KeyEvent { action=ACTION_UP, keyCode=KEYCODE_LANGUAGE_SWITCH, scanCode=0, metaState=0, flags=0x8, repeatCount=0, eventTime=275786, downTime=275786, deviceId=-1, source=0x101 }
D/InputEventConsistencyVerifier( 1041):   -- recent events --
D/InputEventConsistencyVerifier( 1041):   1: sent at 275771000000, MotionEvent { action=ACTION_UP, id[0]=0, x[0]=20.0, y[0]=56.0, toolType[0]=TOOL_TYPE_UNKNOWN, buttonState=0, metaState=0, flags=0x0, edgeFlags=0x0, pointerCount=1, historySize=0, eventTime=275771, downTime=275755, deviceId=0, source=0x1002 }
D/InputEventConsistencyVerifier( 1041):   2: sent at 275755000000, MotionEvent { action=ACTION_DOWN, id[0]=0, x[0]=34.0, y[0]=60.0, toolType[0]=TOOL_TYPE_UNKNOWN, buttonState=0, metaState=0, flags=0x0, edgeFlags=0x0, pointerCount=1, historySize=0, eventTime=275755, downTime=275755, deviceId=0, source=0x1002 }
D/InputEventConsistencyVerifier( 1041):   3: sent at 275733000000, KeyEvent { action=ACTION_UP, keyCode=KEYCODE_DPAD_CENTER, scanCode=0, metaState=0, flags=0x80000008, repeatCount=0, eventTime=275733, downTime=275733, deviceId=-1, source=0x101 }
D/InputEventConsistencyVerifier( 1041):   4: sent at 275377000000, MotionEvent { action=ACTION_UP, id[0]=0, x[0]=60.0, y[0]=584.0, toolType[0]=TOOL_TYPE_UNKNOWN, buttonState=0, metaState=0, flags=0x0, edgeFlags=0x0, pointerCount=1, historySize=0, eventTime=275377, downTime=275369, deviceId=0, source=0x1002 }
D/InputEventConsistencyVerifier( 1041):   5: sent at 275369000000, MotionEvent { action=ACTION_DOWN, id[0]=0, x[0]=60.0, y[0]=593.0, toolType[0]=TOOL_TYPE_UNKNOWN, buttonState=0, metaState=0, flags=0x0, edgeFlags=0x0, pointerCount=1, historySize=0, eventTime=275369, downTime=275369, deviceId=0, source=0x1002 }
I/ActivityManager(  243): START {act=android.intent.action.MAIN cat=[android.intent.category.LAUNCHER] flg=0x10200000 cmp=com.custom.lwp.MagictouchSexygirlinwaterone/.vickyLauncher u=0} from pid 991
I/Choreographer( 1041): Skipped 38 frames!  The application may be doing too much work on its main thread.
W/InputMethodManagerService(  243): Window already focused, ignoring focus gain of: com.android.internal.view.IInputMethodClient$Stub$Proxy@b41da0b0 attribute=null
I/Choreographer( 1041): Skipped 50 frames!  The application may be doing too much work on its main thread.
D/InputEventConsistencyVerifier( 1041): TrackballEvent: Trackball is down but pressure is not greater than 0.
D/InputEventConsistencyVerifier( 1041):   in android.view.ViewRootImpl@b3e545f8
D/InputEventConsistencyVerifier( 1041):   0: sent at 277026000000, MotionEvent { action=ACTION_DOWN, id[0]=0, x[0]=0.0, y[0]=0.0, toolType[0]=TOOL_TYPE_UNKNOWN, buttonState=0, metaState=0, flags=0x0, edgeFlags=0x0, pointerCount=1, historySize=0, eventTime=277026, downTime=276921, deviceId=0, source=0x10004 }
D/InputEventConsistencyVerifier( 1041):   -- recent events --
D/InputEventConsistencyVerifier( 1041):   1: sent at 277109000000, KeyEvent { action=ACTION_UP, keyCode=KEYCODE_DPAD_LEFT, scanCode=0, metaState=0, flags=0x400, repeatCount=0, eventTime=277109, downTime=277109, deviceId=-1, source=0x101 }
D/InputEventConsistencyVerifier( 1041):   2: sent at 277109000000, KeyEvent { action=ACTION_DOWN, keyCode=KEYCODE_DPAD_LEFT, scanCode=0, metaState=0, flags=0x400, repeatCount=0, eventTime=277109, downTime=277109, deviceId=-1, source=0x101 }
D/InputEventConsistencyVerifier( 1041):   3: sent at 277104000000, KeyEvent { action=ACTION_UP, keyCode=KEYCODE_DPAD_LEFT, scanCode=0, metaState=0, flags=0x400, repeatCount=0, eventTime=277104, downTime=277104, deviceId=-1, source=0x101 }
D/InputEventConsistencyVerifier( 1041):   4: sent at 277104000000, KeyEvent { action=ACTION_DOWN, keyCode=KEYCODE_DPAD_LEFT, scanCode=0, metaState=0, flags=0x400, repeatCount=0, eventTime=277104, downTime=277104, deviceId=-1, source=0x101 }
D/InputEventConsistencyVerifier( 1041):   5: sent at 277022000000, MotionEvent { action=ACTION_MOVE, id[0]=0, x[0]=-2.0, y[0]=1.0, toolType[0]=TOOL_TYPE_UNKNOWN, buttonState=0, metaState=0, flags=0x0, edgeFlags=0x0, pointerCount=1, historySize=9, eventTime=277022, downTime=-1, deviceId=0, source=0x10004 }
I/Choreographer( 1041): Skipped 44 frames!  The application may be doing too much work on its main thread.
I/ActivityManager(  243): START {act=android.intent.action.MAIN cat=[android.intent.category.LAUNCHER] flg=0x10200000 cmp=com.custom.lwp.MagictouchSexygirlinwaterone/.vickyLauncher u=0} from pid 991
D/InputEventConsistencyVerifier( 1041): KeyEvent: ACTION_UP but key was not down.
D/InputEventConsistencyVerifier( 1041):   in android.view.ViewRootImpl@b3e545f8
D/InputEventConsistencyVerifier( 1041):   0: sent at 280323000000, KeyEvent { action=ACTION_UP, keyCode=KEYCODE_MENU, scanCode=0, metaState=0, flags=0x8, repeatCount=0, eventTime=280323, downTime=280323, deviceId=-1, source=0x101 }
D/InputEventConsistencyVerifier( 1041):   -- recent events --
D/InputEventConsistencyVerifier( 1041):   1: sent at 279997000000, MotionEvent { action=ACTION_UP, id[0]=0, x[0]=1.0, y[0]=798.0, toolType[0]=TOOL_TYPE_UNKNOWN, buttonState=0, metaState=0, flags=0x0, edgeFlags=0x0, pointerCount=1, historySize=0, eventTime=279997, downTime=279981, deviceId=0, source=0x1002 }
D/InputEventConsistencyVerifier( 1041):   2: sent at 279991000000, MotionEvent { action=ACTION_DOWN, id[0]=0, x[0]=1.0, y[0]=794.0, toolType[0]=TOOL_TYPE_UNKNOWN, buttonState=0, metaState=0, flags=0x0, edgeFlags=0x0, pointerCount=1, historySize=0, eventTime=279991, downTime=279981, deviceId=0, source=0x1002 }
D/InputEventConsistencyVerifier( 1041):   3: sent at 279805000000, MotionEvent { action=ACTION_MOVE, id[0]=0, x[0]=1.0, y[0]=0.0, toolType[0]=TOOL_TYPE_UNKNOWN, buttonState=0, metaState=0, flags=0x0, edgeFlags=0x0, pointerCount=1, historySize=9, eventTime=279805, downTime=-1, deviceId=0, source=0x10004 }
D/InputEventConsistencyVerifier( 1041):   4: sent at 279847000000, MotionEvent { action=ACTION_UP, id[0]=0, x[0]=190.0, y[0]=689.0, toolType[0]=TOOL_TYPE_UNKNOWN, buttonState=0, metaState=0, flags=0x0, edgeFlags=0x0, pointerCount=1, historySize=0, eventTime=279847, downTime=279841, deviceId=0, source=0x1002 }
D/InputEventConsistencyVerifier( 1041):   5: sent at 279841000000, MotionEvent { action=ACTION_DOWN, id[0]=0, x[0]=201.0, y[0]=692.0, toolType[0]=TOOL_TYPE_UNKNOWN, buttonState=0, metaState=0, flags=0x0, edgeFlags=0x0, pointerCount=1, historySize=0, eventTime=279841, downTime=279841, deviceId=0, source=0x1002 }
I/Choreographer( 1041): Skipped 61 frames!  The application may be doing too much work on its main thread.
W/InputMethodManagerService(  243): Window already focused, ignoring focus gain of: com.android.internal.view.IInputMethodClient$Stub$Proxy@b41cdaf0 attribute=null
W/DroidBox( 1107): DroidBox: { "ServiceStart": { "name": "com.android.music.MediaPlaybackService" } }
W/DroidBox( 1107): DroidBox: { "ServiceStart": { "name": "com.android.music.MediaPlaybackService" } }
I/AudioService(  243):  AudioFocus  requestAudioFocus() from android.media.AudioManager@b3e51710com.android.music.MediaPlaybackService$3@b3e4fcc0
I/Choreographer( 1041): Skipped 60 frames!  The application may be doing too much work on its main thread.
I/AudioService(  243):   Remote Control   registerMediaButtonIntent() for PendingIntent{b41d4350: PendingIntentRecord{b3f55940 com.android.music broadcastIntent}}
I/ActivityManager(  243): START {act=android.intent.action.MAIN cat=[android.intent.category.LAUNCHER] flg=0x10200000 cmp=com.custom.lwp.MagictouchSexygirlinwaterone/.vickyLauncher u=0} from pid 991
I/Choreographer( 1041): Skipped 37 frames!  The application may be doing too much work on its main thread.
W/InputMethodManagerService(  243): Window already focused, ignoring focus gain of: com.android.internal.view.IInputMethodClient$Stub$Proxy@b401bdb8 attribute=null
I/Choreographer( 1041): Skipped 35 frames!  The application may be doing too much work on its main thread.
I/ActivityManager(  243): START {act=android.intent.action.MAIN cat=[android.intent.category.LAUNCHER] flg=0x10000000 cmp=com.android.contacts/.activities.PeopleActivity sel={act=android.intent.action.MAIN cat=[android.intent.category.APP_CONTACTS]} u=0} from pid 243
D/InputEventConsistencyVerifier( 1041): KeyEvent: ACTION_UP but key was not down.
D/InputEventConsistencyVerifier( 1041):   in android.view.ViewRootImpl@b3e545f8
D/InputEventConsistencyVerifier( 1041):   0: sent at 281947000000, KeyEvent { action=ACTION_UP, keyCode=KEYCODE_CONTACTS, scanCode=0, metaState=0, flags=0x8, repeatCount=0, eventTime=281947, downTime=281947, deviceId=-1, source=0x101 }
D/InputEventConsistencyVerifier( 1041):   -- recent events --
D/InputEventConsistencyVerifier( 1041):   1: sent at 281886000000, KeyEvent { action=ACTION_UP, keyCode=KEYCODE_DPAD_UP, scanCode=0, metaState=0, flags=0x8, repeatCount=0, eventTime=281886, downTime=281886, deviceId=-1, source=0x101 }
D/InputEventConsistencyVerifier( 1041):   2: sent at 281873000000, KeyEvent { action=ACTION_DOWN, keyCode=KEYCODE_DPAD_UP, scanCode=0, metaState=0, flags=0x8, repeatCount=0, eventTime=281873, downTime=281873, deviceId=-1, source=0x101 }
D/InputEventConsistencyVerifier( 1041):   3: sent at 281856000000, MotionEvent { action=ACTION_UP, id[0]=0, x[0]=184.0, y[0]=263.0, toolType[0]=TOOL_TYPE_UNKNOWN, buttonState=0, metaState=0, flags=0x0, edgeFlags=0x0, pointerCount=1, historySize=0, eventTime=281856, downTime=281787, deviceId=0, source=0x1002 }
D/InputEventConsistencyVerifier( 1041):   4: sent at 281854000000, MotionEvent { action=ACTION_MOVE, id[0]=0, x[0]=193.0, y[0]=263.0, toolType[0]=TOOL_TYPE_UNKNOWN, buttonState=0, metaState=0, flags=0x0, edgeFlags=0x0, pointerCount=1, historySize=1, eventTime=281854, downTime=281787, deviceId=0, source=0x1002 }
D/InputEventConsistencyVerifier( 1041):   5: sent at 281830000000, MotionEvent { action=ACTION_MOVE, id[0]=0, x[0]=210.5, y[0]=257.5, toolType[0]=TOOL_TYPE_UNKNOWN, buttonState=0, metaState=0, flags=0x0, edgeFlags=0x0, pointerCount=1, historySize=4, eventTime=281830, downTime=281787, deviceId=0, source=0x1002 }
D/InputEventConsistencyVerifier( 1041): TrackballEvent: Trackball is down but pressure is not greater than 0.
D/InputEventConsistencyVerifier( 1041):   in android.view.ViewRootImpl@b3e545f8
D/InputEventConsistencyVerifier( 1041):   0: sent at 282041000000, MotionEvent { action=ACTION_DOWN, id[0]=0, x[0]=0.0, y[0]=0.0, toolType[0]=TOOL_TYPE_UNKNOWN, buttonState=0, metaState=0, flags=0x0, edgeFlags=0x0, pointerCount=1, historySize=0, eventTime=282041, downTime=281983, deviceId=0, source=0x10004 }
D/InputEventConsistencyVerifier( 1041):   -- recent events --
D/InputEventConsistencyVerifier( 1041):   1: sent at 282076000000, KeyEvent { action=ACTION_UP, keyCode=KEYCODE_DPAD_RIGHT, scanCode=0, metaState=0, flags=0x400, repeatCount=0, eventTime=282076, downTime=282076, deviceId=-1, source=0x101 }
D/InputEventConsistencyVerifier( 1041):   2: sent at 282076000000, KeyEvent { action=ACTION_DOWN, keyCode=KEYCODE_DPAD_RIGHT, scanCode=0, metaState=0, flags=0x400, repeatCount=0, eventTime=282076, downTime=282076, deviceId=-1, source=0x101 }
D/InputEventConsistencyVerifier( 1041):   3: sent at 282075000000, KeyEvent { action=ACTION_UP, keyCode=KEYCODE_DPAD_RIGHT, scanCode=0, metaState=0, flags=0x400, repeatCount=0, eventTime=282075, downTime=282075, deviceId=-1, source=0x101 }
D/InputEventConsistencyVerifier( 1041):   4: sent at 282075000000, KeyEvent { action=ACTION_DOWN, keyCode=KEYCODE_DPAD_RIGHT, scanCode=0, metaState=0, flags=0x400, repeatCount=0, eventTime=282075, downTime=282075, deviceId=-1, source=0x101 }
D/InputEventConsistencyVerifier( 1041):   5: sent at 282074000000, KeyEvent { action=ACTION_UP, keyCode=KEYCODE_DPAD_RIGHT, scanCode=0, metaState=0, flags=0x400, repeatCount=0, eventTime=282074, downTime=282074, deviceId=-1, source=0x101 }
W/InputMethodManagerService(  243): Window already focused, ignoring focus gain of: com.android.internal.view.IInputMethodClient$Stub$Proxy@b416b288 attribute=null
D/InputEventConsistencyVerifier( 1041): KeyEvent: ACTION_UP but key was not down.
D/InputEventConsistencyVerifier( 1041):   in android.view.ViewRootImpl@b3e545f8
D/InputEventConsistencyVerifier( 1041):   0: sent at 283991000000, KeyEvent { action=ACTION_UP, keyCode=KEYCODE_MENU, scanCode=0, metaState=0, flags=0x8, repeatCount=0, eventTime=283991, downTime=283991, deviceId=-1, source=0x101 }
D/InputEventConsistencyVerifier( 1041):   -- recent events --
D/InputEventConsistencyVerifier( 1041):   1: sent at 283420000000, KeyEvent { action=ACTION_UP, keyCode=KEYCODE_MENU, scanCode=0, metaState=0, flags=0x8, repeatCount=0, eventTime=283420, downTime=283420, deviceId=-1, source=0x101 }
D/InputEventConsistencyVerifier( 1041):   2: sent at 283245000000, KeyEvent { action=ACTION_DOWN, keyCode=KEYCODE_MENU, scanCode=0, metaState=0, flags=0x8, repeatCount=0, eventTime=283245, downTime=283245, deviceId=-1, source=0x101 }
D/InputEventConsistencyVerifier( 1041):   3: sent at 283235000000, MotionEvent { action=ACTION_UP, id[0]=0, x[0]=394.0, y[0]=224.0, toolType[0]=TOOL_TYPE_UNKNOWN, buttonState=0, metaState=0, flags=0x0, edgeFlags=0x0, pointerCount=1, historySize=0, eventTime=283235, downTime=283211, deviceId=0, source=0x1002 }
D/InputEventConsistencyVerifier( 1041):   4: sent at 283212000000, MotionEvent { action=ACTION_DOWN, id[0]=0, x[0]=403.0, y[0]=212.0, toolType[0]=TOOL_TYPE_UNKNOWN, buttonState=0, metaState=0, flags=0x0, edgeFlags=0x0, pointerCount=1, historySize=0, eventTime=283212, downTime=283211, deviceId=0, source=0x1002 }
D/InputEventConsistencyVerifier( 1041):   5: sent at 283201000000, MotionEvent { action=ACTION_UP, id[0]=0, x[0]=480.0, y[0]=241.0, toolType[0]=TOOL_TYPE_UNKNOWN, buttonState=0, metaState=0, flags=0x0, edgeFlags=0x0, pointerCount=1, historySize=0, eventTime=283201, downTime=283138, deviceId=0, source=0x1002 }
I/Choreographer( 1041): Skipped 46 frames!  The application may be doing too much work on its main thread.
I/Choreographer( 1041): Skipped 43 frames!  The application may be doing too much work on its main thread.
W/InputMethodManagerService(  243): Window already focused, ignoring focus gain of: com.android.internal.view.IInputMethodClient$Stub$Proxy@b400c240 attribute=null
W/DroidBox( 1107): DroidBox: { "ServiceStart": { "name": "com.android.music.MediaPlaybackService" } }
W/DroidBox( 1107): DroidBox: { "ServiceStart": { "name": "com.android.music.MediaPlaybackService" } }
D/InputEventConsistencyVerifier(  461): TouchEvent: ACTION_DOWN but pointers are already down.  Probably missing ACTION_UP from previous gesture.
D/InputEventConsistencyVerifier(  461):   in android.view.ScaleGestureDetector@b3f11a28
D/InputEventConsistencyVerifier(  461):   0: sent at 287055000000, MotionEvent { action=ACTION_DOWN, id[0]=0, x[0]=119.0, y[0]=10.0, toolType[0]=TOOL_TYPE_UNKNOWN, buttonState=0, metaState=0, flags=0x0, edgeFlags=0x0, pointerCount=1, historySize=0, eventTime=287055, downTime=287055, deviceId=0, source=0x1002 }
D/InputEventConsistencyVerifier(  461):   -- recent events --
D/InputEventConsistencyVerifier(  461):   1: sent at 271668000000, MotionEvent { action=ACTION_DOWN, id[0]=0, x[0]=177.0, y[0]=82.0, toolType[0]=TOOL_TYPE_UNKNOWN, buttonState=0, metaState=0, flags=0x80000000, edgeFlags=0x0, pointerCount=1, historySize=0, eventTime=271668, downTime=271667, deviceId=0, source=0x1002 }
D/InputEventConsistencyVerifier(  461):   2: sent at 271612000000, MotionEvent { action=ACTION_DOWN, id[0]=0, x[0]=175.0, y[0]=71.0, toolType[0]=TOOL_TYPE_UNKNOWN, buttonState=0, metaState=0, flags=0x0, edgeFlags=0x0, pointerCount=1, historySize=0, eventTime=271612, downTime=271608, deviceId=0, source=0x1002 }
D/InputEventConsistencyVerifier(  461):   3: sent at 271241000000, MotionEvent { action=ACTION_UP, id[0]=0, x[0]=363.0, y[0]=5.0, toolType[0]=TOOL_TYPE_UNKNOWN, buttonState=0, metaState=0, flags=0x0, edgeFlags=0x0, pointerCount=1, historySize=0, eventTime=271241, downTime=271235, deviceId=0, source=0x1002 }
D/InputEventConsistencyVerifier(  461):   4: sent at 271236000000, MotionEvent { action=ACTION_DOWN, id[0]=0, x[0]=350.0, y[0]=22.0, toolType[0]=TOOL_TYPE_UNKNOWN, buttonState=0, metaState=0, flags=0x80000000, edgeFlags=0x0, pointerCount=1, historySize=0, eventTime=271236, downTime=271235, deviceId=0, source=0x1002 }
D/InputEventConsistencyVerifier(  461):   5: sent at 267942000000, MotionEvent { action=ACTION_DOWN, id[0]=0, x[0]=230.0, y[0]=235.0, toolType[0]=TOOL_TYPE_UNKNOWN, buttonState=0, metaState=0, flags=0x0, edgeFlags=0x0, pointerCount=1, historySize=0, eventTime=267942, downTime=267929, deviceId=0, source=0x1002 }
D/InputEventConsistencyVerifier(  461): KeyEvent: ACTION_UP but key was not down.
D/InputEventConsistencyVerifier(  461):   in com.android.systemui.statusbar.phone.StatusBarWindowView@b3e711d8
D/InputEventConsistencyVerifier(  461):   0: sent at 287278000000, KeyEvent { action=ACTION_UP, keyCode=KEYCODE_DPAD_UP, scanCode=0, metaState=0, flags=0x8, repeatCount=0, eventTime=287278, downTime=287278, deviceId=-1, source=0x101 }
D/InputEventConsistencyVerifier(  461):   -- recent events --
D/InputEventConsistencyVerifier(  461):   1: sent at 287194000000, MotionEvent { action=ACTION_UP, id[0]=0, x[0]=266.0, y[0]=416.0, toolType[0]=TOOL_TYPE_UNKNOWN, buttonState=0, metaState=0, flags=0x0, edgeFlags=0x0, pointerCount=1, historySize=0, eventTime=287194, downTime=287150, deviceId=0, source=0x1002 }
D/InputEventConsistencyVerifier(  461):   2: sent at 287150000000, MotionEvent { action=ACTION_DOWN, id[0]=0, x[0]=267.0, y[0]=417.0, toolType[0]=TOOL_TYPE_UNKNOWN, buttonState=0, metaState=0, flags=0x0, edgeFlags=0x0, pointerCount=1, historySize=0, eventTime=287150, downTime=287150, deviceId=0, source=0x1002 }
D/InputEventConsistencyVerifier(  461):   3: sent at 287117000000, MotionEvent { action=ACTION_UP, id[0]=0, x[0]=25.0, y[0]=2.0, toolType[0]=TOOL_TYPE_UNKNOWN, buttonState=0, metaState=0, flags=0x0, edgeFlags=0x0, pointerCount=1, historySize=0, eventTime=287117, downTime=287111, deviceId=0, source=0x1002 }
D/InputEventConsistencyVerifier(  461):   4: sent at 287112000000, MotionEvent { action=ACTION_DOWN, id[0]=0, x[0]=15.0, y[0]=15.0, toolType[0]=TOOL_TYPE_UNKNOWN, buttonState=0, metaState=0, flags=0x0, edgeFlags=0x0, pointerCount=1, historySize=0, eventTime=287112, downTime=287111, deviceId=0, source=0x1002 }
D/InputEventConsistencyVerifier(  461):   5: sent at 287094000000, MotionEvent { action=ACTION_UP, id[0]=0, x[0]=118.0, y[0]=9.0, toolType[0]=TOOL_TYPE_UNKNOWN, buttonState=0, metaState=0, flags=0x0, edgeFlags=0x0, pointerCount=1, historySize=0, eventTime=287094, downTime=287055, deviceId=0, source=0x1002 }
D/InputEventConsistencyVerifier(  461): KeyEvent: ACTION_UP but key was not down.
D/InputEventConsistencyVerifier(  461):   in android.widget.FrameLayout@b3e46360
D/InputEventConsistencyVerifier(  461):   0: sent at 287328000000, KeyEvent { action=ACTION_UP, keyCode=KEYCODE_DPAD_DOWN, scanCode=0, metaState=0, flags=0x8, repeatCount=0, eventTime=287328, downTime=287328, deviceId=-1, source=0x101 }
D/InputEventConsistencyVerifier(  461):   -- recent events --
D/InputEventConsistencyVerifier(  461):   1: sent at 271241000000, MotionEvent { action=ACTION_UP, id[0]=0, x[0]=363.0, y[0]=5.0, toolType[0]=TOOL_TYPE_UNKNOWN, buttonState=0, metaState=0, flags=0x0, edgeFlags=0x0, pointerCount=1, historySize=0, eventTime=271241, downTime=271235, deviceId=0, source=0x1002 }
D/InputEventConsistencyVerifier(  461):   2: sent at 271236000000, MotionEvent { action=ACTION_DOWN, id[0]=0, x[0]=350.0, y[0]=22.0, toolType[0]=TOOL_TYPE_UNKNOWN, buttonState=0, metaState=0, flags=0x80000000, edgeFlags=0x0, pointerCount=1, historySize=0, eventTime=271236, downTime=271235, deviceId=0, source=0x1002 }
D/InputEventConsistencyVerifier(  461):   3: sent at 263410000000, (unhandled) KeyEvent { action=ACTION_UP, keyCode=KEYCODE_DPAD_DOWN, scanCode=0, metaState=0, flags=0x400, repeatCount=0, eventTime=263410, downTime=263410, deviceId=-1, source=0x101 }
D/InputEventConsistencyVerifier(  461):   4: sent at 263410000000, (unhandled) KeyEvent { action=ACTION_DOWN, keyCode=KEYCODE_DPAD_DOWN, scanCode=0, metaState=0, flags=0x400, repeatCount=0, eventTime=263410, downTime=263410, deviceId=-1, source=0x101 }
D/InputEventConsistencyVerifier(  461):   5: sent at 263409000000, (unhandled) KeyEvent { action=ACTION_UP, keyCode=KEYCODE_DPAD_DOWN, scanCode=0, metaState=0, flags=0x400, repeatCount=0, eventTime=263409, downTime=263409, deviceId=-1, source=0x101 }
D/InputEventConsistencyVerifier(  461): TouchEvent: ACTION_DOWN but pointers are already down.  Probably missing ACTION_UP from previous gesture.
D/InputEventConsistencyVerifier(  461):   in android.view.ScaleGestureDetector@b3f11a28
D/InputEventConsistencyVerifier(  461):   0: sent at 287344000000, MotionEvent { action=ACTION_DOWN, id[0]=0, x[0]=245.0, y[0]=88.0, toolType[0]=TOOL_TYPE_UNKNOWN, buttonState=0, metaState=0, flags=0x0, edgeFlags=0x0, pointerCount=1, historySize=0, eventTime=287344, downTime=287344, deviceId=0, source=0x1002 }
D/InputEventConsistencyVerifier(  461):   -- recent events --
D/InputEventConsistencyVerifier(  461):   1: sent at 287150000000, MotionEvent { action=ACTION_DOWN, id[0]=0, x[0]=267.0, y[0]=417.0, toolType[0]=TOOL_TYPE_UNKNOWN, buttonState=0, metaState=0, flags=0x0, edgeFlags=0x0, pointerCount=1, historySize=0, eventTime=287150, downTime=287150, deviceId=0, source=0x1002 }
D/InputEventConsistencyVerifier(  461):   2: sent at 287117000000, MotionEvent { action=ACTION_UP, id[0]=0, x[0]=25.0, y[0]=2.0, toolType[0]=TOOL_TYPE_UNKNOWN, buttonState=0, metaState=0, flags=0x0, edgeFlags=0x0, pointerCount=1, historySize=0, eventTime=287117, downTime=287111, deviceId=0, source=0x1002 }
D/InputEventConsistencyVerifier(  461):   3: sent at 287112000000, MotionEvent { action=ACTION_DOWN, id[0]=0, x[0]=15.0, y[0]=15.0, toolType[0]=TOOL_TYPE_UNKNOWN, buttonState=0, metaState=0, flags=0x0, edgeFlags=0x0, pointerCount=1, historySize=0, eventTime=287112, downTime=287111, deviceId=0, source=0x1002 }
D/InputEventConsistencyVerifier(  461):   4: sent at 287094000000, MotionEvent { action=ACTION_UP, id[0]=0, x[0]=118.0, y[0]=9.0, toolType[0]=TOOL_TYPE_UNKNOWN, buttonState=0, metaState=0, flags=0x0, edgeFlags=0x0, pointerCount=1, historySize=0, eventTime=287094, downTime=287055, deviceId=0, source=0x1002 }
D/InputEventConsistencyVerifier(  461):   5: sent at 287055000000, MotionEvent { action=ACTION_DOWN, id[0]=0, x[0]=119.0, y[0]=10.0, toolType[0]=TOOL_TYPE_UNKNOWN, buttonState=0, metaState=0, flags=0x80000000, edgeFlags=0x0, pointerCount=1, historySize=0, eventTime=287055, downTime=287055, deviceId=0, source=0x1002 }
I/ActivityManager(  243): START {act=android.intent.action.MAIN cat=[android.intent.category.LAUNCHER] flg=0x10200000 cmp=com.custom.lwp.MagictouchSexygirlinwaterone/.vickyLauncher u=0} from pid 991
D/InputEventConsistencyVerifier(  461): TouchEvent: ACTION_DOWN but pointers are already down.  Probably missing ACTION_UP from previous gesture.
D/InputEventConsistencyVerifier(  461):   in android.view.ScaleGestureDetector@b3f11a28
D/InputEventConsistencyVerifier(  461):   0: sent at 287381000000, MotionEvent { action=ACTION_DOWN, id[0]=0, x[0]=168.0, y[0]=491.0, toolType[0]=TOOL_TYPE_UNKNOWN, buttonState=0, metaState=0, flags=0x0, edgeFlags=0x0, pointerCount=1, historySize=0, eventTime=287381, downTime=287380, deviceId=0, source=0x1002 }
D/InputEventConsistencyVerifier(  461):   -- recent events --
D/InputEventConsistencyVerifier(  461):   1: sent at 287344000000, MotionEvent { action=ACTION_DOWN, id[0]=0, x[0]=245.0, y[0]=88.0, toolType[0]=TOOL_TYPE_UNKNOWN, buttonState=0, metaState=0, flags=0x80000000, edgeFlags=0x0, pointerCount=1, historySize=0, eventTime=287344, downTime=287344, deviceId=0, source=0x1002 }
D/InputEventConsistencyVerifier(  461):   2: sent at 287150000000, MotionEvent { action=ACTION_DOWN, id[0]=0, x[0]=267.0, y[0]=417.0, toolType[0]=TOOL_TYPE_UNKNOWN, buttonState=0, metaState=0, flags=0x0, edgeFlags=0x0, pointerCount=1, historySize=0, eventTime=287150, downTime=287150, deviceId=0, source=0x1002 }
D/InputEventConsistencyVerifier(  461):   3: sent at 287117000000, MotionEvent { action=ACTION_UP, id[0]=0, x[0]=25.0, y[0]=2.0, toolType[0]=TOOL_TYPE_UNKNOWN, buttonState=0, metaState=0, flags=0x0, edgeFlags=0x0, pointerCount=1, historySize=0, eventTime=287117, downTime=287111, deviceId=0, source=0x1002 }
D/InputEventConsistencyVerifier(  461):   4: sent at 287112000000, MotionEvent { action=ACTION_DOWN, id[0]=0, x[0]=15.0, y[0]=15.0, toolType[0]=TOOL_TYPE_UNKNOWN, buttonState=0, metaState=0, flags=0x0, edgeFlags=0x0, pointerCount=1, historySize=0, eventTime=287112, downTime=287111, deviceId=0, source=0x1002 }
D/InputEventConsistencyVerifier(  461):   5: sent at 287094000000, MotionEvent { action=ACTION_UP, id[0]=0, x[0]=118.0, y[0]=9.0, toolType[0]=TOOL_TYPE_UNKNOWN, buttonState=0, metaState=0, flags=0x0, edgeFlags=0x0, pointerCount=1, historySize=0, eventTime=287094, downTime=287055, deviceId=0, source=0x1002 }
W/dalvikvm(  461): DroidBox: { "FdAccess": { "path": "2f70726f632f6d656d696e666f", "id": "1722319280" } }
W/DroidBox(  461): DroidBox: { "FileRW": { "operation": "read", "data": "4d656d546f74616c3a202020202020202020373438393634206b420a4d656d467265653a20202020202020202020343435393438206b420a427566666572733a20202020202020202020202035353932206b420a4361636865643a202020202020202020", "id": "1722319280" } }
I/Choreographer(  461): Skipped 81 frames!  The application may be doing too much work on its main thread.
W/dalvikvm(  461): DroidBox: { "FdAccess": { "path": "2f70726f632f6d656d696e666f", "id": "361315904" } }
W/DroidBox(  461): DroidBox: { "FileRW": { "operation": "read", "data": "4d656d546f74616c3a202020202020202020373438393634206b420a4d656d467265653a20202020202020202020343435393438206b420a427566666572733a20202020202020202020202035353932206b420a4361636865643a202020202020202020", "id": "361315904" } }
D/InputEventConsistencyVerifier(  461): TouchEvent: ACTION_DOWN but pointers are already down.  Probably missing ACTION_UP from previous gesture.
D/InputEventConsistencyVerifier(  461):   in android.view.ScaleGestureDetector@b3f11a28
D/InputEventConsistencyVerifier(  461):   0: sent at 287508000000, MotionEvent { action=ACTION_DOWN, id[0]=0, x[0]=298.0, y[0]=102.0, toolType[0]=TOOL_TYPE_UNKNOWN, buttonState=0, metaState=0, flags=0x0, edgeFlags=0x0, pointerCount=1, historySize=0, eventTime=287508, downTime=287507, deviceId=0, source=0x1002 }
D/InputEventConsistencyVerifier(  461):   -- recent events --
D/InputEventConsistencyVerifier(  461):   1: sent at 287381000000, MotionEvent { action=ACTION_DOWN, id[0]=0, x[0]=168.0, y[0]=491.0, toolType[0]=TOOL_TYPE_UNKNOWN, buttonState=0, metaState=0, flags=0x80000000, edgeFlags=0x0, pointerCount=1, historySize=0, eventTime=287381, downTime=287380, deviceId=0, source=0x1002 }
D/InputEventConsistencyVerifier(  461):   2: sent at 287344000000, MotionEvent { action=ACTION_DOWN, id[0]=0, x[0]=245.0, y[0]=88.0, toolType[0]=TOOL_TYPE_UNKNOWN, buttonState=0, metaState=0, flags=0x80000000, edgeFlags=0x0, pointerCount=1, historySize=0, eventTime=287344, downTime=287344, deviceId=0, source=0x1002 }
D/InputEventConsistencyVerifier(  461):   3: sent at 287150000000, MotionEvent { action=ACTION_DOWN, id[0]=0, x[0]=267.0, y[0]=417.0, toolType[0]=TOOL_TYPE_UNKNOWN, buttonState=0, metaState=0, flags=0x0, edgeFlags=0x0, pointerCount=1, historySize=0, eventTime=287150, downTime=287150, deviceId=0, source=0x1002 }
D/InputEventConsistencyVerifier(  461):   4: sent at 287117000000, MotionEvent { action=ACTION_UP, id[0]=0, x[0]=25.0, y[0]=2.0, toolType[0]=TOOL_TYPE_UNKNOWN, buttonState=0, metaState=0, flags=0x0, edgeFlags=0x0, pointerCount=1, historySize=0, eventTime=287117, downTime=287111, deviceId=0, source=0x1002 }
D/InputEventConsistencyVerifier(  461):   5: sent at 287112000000, MotionEvent { action=ACTION_DOWN, id[0]=0, x[0]=15.0, y[0]=15.0, toolType[0]=TOOL_TYPE_UNKNOWN, buttonState=0, metaState=0, flags=0x0, edgeFlags=0x0, pointerCount=1, historySize=0, eventTime=287112, downTime=287111, deviceId=0, source=0x1002 }
D/InputEventConsistencyVerifier(  461): KeyEvent: ACTION_UP but key was not down.
D/InputEventConsistencyVerifier(  461):   in com.android.systemui.statusbar.phone.StatusBarWindowView@b3e711d8
D/InputEventConsistencyVerifier(  461):   0: sent at 287593000000, KeyEvent { action=ACTION_UP, keyCode=KEYCODE_DPAD_UP, scanCode=0, metaState=0, flags=0x8, repeatCount=0, eventTime=287593, downTime=287593, deviceId=-1, source=0x101 }
D/InputEventConsistencyVerifier(  461):   -- recent events --
D/InputEventConsistencyVerifier(  461):   1: sent at 287523000000, MotionEvent { action=ACTION_UP, id[0]=0, x[0]=290.0, y[0]=109.0, toolType[0]=TOOL_TYPE_UNKNOWN, buttonState=0, metaState=0, flags=0x0, edgeFlags=0x0, pointerCount=1, historySize=0, eventTime=287523, downTime=287507, deviceId=0, source=0x1002 }
D/InputEventConsistencyVerifier(  461):   2: sent at 287508000000, MotionEvent { action=ACTION_DOWN, id[0]=0, x[0]=298.0, y[0]=102.0, toolType[0]=TOOL_TYPE_UNKNOWN, buttonState=0, metaState=0, flags=0x0, edgeFlags=0x0, pointerCount=1, historySize=0, eventTime=287508, downTime=287507, deviceId=0, source=0x1002 }
D/InputEventConsistencyVerifier(  461):   3: sent at 287487000000, (unhandled) KeyEvent { action=ACTION_UP, keyCode=KEYCODE_MENU, scanCode=0, metaState=0, flags=0x8, repeatCount=0, eventTime=287487, downTime=287487, deviceId=-1, source=0x101 }
D/InputEventConsistencyVerifier(  461):   4: sent at 287481000000, (unhandled) KeyEvent { action=ACTION_DOWN, keyCode=KEYCODE_MENU, scanCode=0, metaState=0, flags=0x8, repeatCount=0, eventTime=287481, downTime=287481, deviceId=-1, source=0x101 }
D/InputEventConsistencyVerifier(  461):   5: sent at 287451000000, (unhandled) KeyEvent { action=ACTION_UP, keyCode=KEYCODE_MENU, scanCode=0, metaState=0, flags=0x8, repeatCount=0, eventTime=287451, downTime=287451, deviceId=-1, source=0x101 }
D/PhoneStatusBar(  461): disable: < expand icons alerts TICKER* system_info back home recent clock >
D/InputEventConsistencyVerifier(  461): TouchEvent: ACTION_DOWN but pointers are already down.  Probably missing ACTION_UP from previous gesture.
D/InputEventConsistencyVerifier(  461):   in android.view.ScaleGestureDetector@b3f11a28
D/InputEventConsistencyVerifier(  461):   0: sent at 287605000000, MotionEvent { action=ACTION_DOWN, id[0]=0, x[0]=117.0, y[0]=439.0, toolType[0]=TOOL_TYPE_UNKNOWN, buttonState=0, metaState=0, flags=0x0, edgeFlags=0x0, pointerCount=1, historySize=0, eventTime=287605, downTime=287605, deviceId=0, source=0x1002 }
D/InputEventConsistencyVerifier(  461):   -- recent events --
D/InputEventConsistencyVerifier(  461):   1: sent at 287508000000, MotionEvent { action=ACTION_DOWN, id[0]=0, x[0]=298.0, y[0]=102.0, toolType[0]=TOOL_TYPE_UNKNOWN, buttonState=0, metaState=0, flags=0x80000000, edgeFlags=0x0, pointerCount=1, historySize=0, eventTime=287508, downTime=287507, deviceId=0, source=0x1002 }
D/InputEventConsistencyVerifier(  461):   2: sent at 287381000000, MotionEvent { action=ACTION_DOWN, id[0]=0, x[0]=168.0, y[0]=491.0, toolType[0]=TOOL_TYPE_UNKNOWN, buttonState=0, metaState=0, flags=0x80000000, edgeFlags=0x0, pointerCount=1, historySize=0, eventTime=287381, downTime=287380, deviceId=0, source=0x1002 }
D/InputEventConsistencyVerifier(  461):   3: sent at 287344000000, MotionEvent { action=ACTION_DOWN, id[0]=0, x[0]=245.0, y[0]=88.0, toolType[0]=TOOL_TYPE_UNKNOWN, buttonState=0, metaState=0, flags=0x80000000, edgeFlags=0x0, pointerCount=1, historySize=0, eventTime=287344, downTime=287344, deviceId=0, source=0x1002 }
D/InputEventConsistencyVerifier(  461):   4: sent at 287150000000, MotionEvent { action=ACTION_DOWN, id[0]=0, x[0]=267.0, y[0]=417.0, toolType[0]=TOOL_TYPE_UNKNOWN, buttonState=0, metaState=0, flags=0x0, edgeFlags=0x0, pointerCount=1, historySize=0, eventTime=287150, downTime=287150, deviceId=0, source=0x1002 }
D/InputEventConsistencyVerifier(  461):   5: sent at 287117000000, MotionEvent { action=ACTION_UP, id[0]=0, x[0]=25.0, y[0]=2.0, toolType[0]=TOOL_TYPE_UNKNOWN, buttonState=0, metaState=0, flags=0x0, edgeFlags=0x0, pointerCount=1, historySize=0, eventTime=287117, downTime=287111, deviceId=0, source=0x1002 }
D/InputEventConsistencyVerifier(  461): TouchEvent: ACTION_DOWN but pointers are already down.  Probably missing ACTION_UP from previous gesture.
D/InputEventConsistencyVerifier(  461):   in android.view.ScaleGestureDetector@b3f11a28
D/InputEventConsistencyVerifier(  461):   0: sent at 287640000000, MotionEvent { action=ACTION_DOWN, id[0]=0, x[0]=465.0, y[0]=650.0, toolType[0]=TOOL_TYPE_UNKNOWN, buttonState=0, metaState=0, flags=0x0, edgeFlags=0x0, pointerCount=1, historySize=0, eventTime=287640, downTime=287640, deviceId=0, source=0x1002 }
D/InputEventConsistencyVerifier(  461):   -- recent events --
D/InputEventConsistencyVerifier(  461):   1: sent at 287605000000, MotionEvent { action=ACTION_DOWN, id[0]=0, x[0]=117.0, y[0]=439.0, toolType[0]=TOOL_TYPE_UNKNOWN, buttonState=0, metaState=0, flags=0x80000000, edgeFlags=0x0, pointerCount=1, historySize=0, eventTime=287605, downTime=287605, deviceId=0, source=0x1002 }
D/InputEventConsistencyVerifier(  461):   2: sent at 287508000000, MotionEvent { action=ACTION_DOWN, id[0]=0, x[0]=298.0, y[0]=102.0, toolType[0]=TOOL_TYPE_UNKNOWN, buttonState=0, metaState=0, flags=0x80000000, edgeFlags=0x0, pointerCount=1, historySize=0, eventTime=287508, downTime=287507, deviceId=0, source=0x1002 }
D/InputEventConsistencyVerifier(  461):   3: sent at 287381000000, MotionEvent { action=ACTION_DOWN, id[0]=0, x[0]=168.0, y[0]=491.0, toolType[0]=TOOL_TYPE_UNKNOWN, buttonState=0, metaState=0, flags=0x80000000, edgeFlags=0x0, pointerCount=1, historySize=0, eventTime=287381, downTime=287380, deviceId=0, source=0x1002 }
D/InputEventConsistencyVerifier(  461):   4: sent at 287344000000, MotionEvent { action=ACTION_DOWN, id[0]=0, x[0]=245.0, y[0]=88.0, toolType[0]=TOOL_TYPE_UNKNOWN, buttonState=0, metaState=0, flags=0x80000000, edgeFlags=0x0, pointerCount=1, historySize=0, eventTime=287344, downTime=287344, deviceId=0, source=0x1002 }
D/InputEventConsistencyVerifier(  461):   5: sent at 287150000000, MotionEvent { action=ACTION_DOWN, id[0]=0, x[0]=267.0, y[0]=417.0, toolType[0]=TOOL_TYPE_UNKNOWN, buttonState=0, metaState=0, flags=0x0, edgeFlags=0x0, pointerCount=1, historySize=0, eventTime=287150, downTime=287150, deviceId=0, source=0x1002 }
V/PhoneStatusBar(  461): setLightsOn(true)
I/Choreographer(  461): Skipped 55 frames!  The application may be doing too much work on its main thread.
W/InputMethodManagerService(  243): Window already focused, ignoring focus gain of: com.android.internal.view.IInputMethodClient$Stub$Proxy@b43374f8 attribute=null
D/InputEventConsistencyVerifier(  461): TouchEvent: ACTION_DOWN but pointers are already down.  Probably missing ACTION_UP from previous gesture.
D/InputEventConsistencyVerifier(  461):   in android.view.ScaleGestureDetector@b3f11a28
D/InputEventConsistencyVerifier(  461):   0: sent at 287732000000, MotionEvent { action=ACTION_DOWN, id[0]=0, x[0]=314.0, y[0]=10.0, toolType[0]=TOOL_TYPE_UNKNOWN, buttonState=0, metaState=0, flags=0x0, edgeFlags=0x0, pointerCount=1, historySize=0, eventTime=287732, downTime=287732, deviceId=0, source=0x1002 }
D/InputEventConsistencyVerifier(  461):   -- recent events --
D/InputEventConsistencyVerifier(  461):   1: sent at 287640000000, MotionEvent { action=ACTION_DOWN, id[0]=0, x[0]=465.0, y[0]=650.0, toolType[0]=TOOL_TYPE_UNKNOWN, buttonState=0, metaState=0, flags=0x80000000, edgeFlags=0x0, pointerCount=1, historySize=0, eventTime=287640, downTime=287640, deviceId=0, source=0x1002 }
D/InputEventConsistencyVerifier(  461):   2: sent at 287605000000, MotionEvent { action=ACTION_DOWN, id[0]=0, x[0]=117.0, y[0]=439.0, toolType[0]=TOOL_TYPE_UNKNOWN, buttonState=0, metaState=0, flags=0x80000000, edgeFlags=0x0, pointerCount=1, historySize=0, eventTime=287605, downTime=287605, deviceId=0, source=0x1002 }
D/InputEventConsistencyVerifier(  461):   3: sent at 287508000000, MotionEvent { action=ACTION_DOWN, id[0]=0, x[0]=298.0, y[0]=102.0, toolType[0]=TOOL_TYPE_UNKNOWN, buttonState=0, metaState=0, flags=0x80000000, edgeFlags=0x0, pointerCount=1, historySize=0, eventTime=287508, downTime=287507, deviceId=0, source=0x1002 }
D/InputEventConsistencyVerifier(  461):   4: sent at 287381000000, MotionEvent { action=ACTION_DOWN, id[0]=0, x[0]=168.0, y[0]=491.0, toolType[0]=TOOL_TYPE_UNKNOWN, buttonState=0, metaState=0, flags=0x80000000, edgeFlags=0x0, pointerCount=1, historySize=0, eventTime=287381, downTime=287380, deviceId=0, source=0x1002 }
D/InputEventConsistencyVerifier(  461):   5: sent at 287344000000, MotionEvent { action=ACTION_DOWN, id[0]=0, x[0]=245.0, y[0]=88.0, toolType[0]=TOOL_TYPE_UNKNOWN, buttonState=0, metaState=0, flags=0x80000000, edgeFlags=0x0, pointerCount=1, historySize=0, eventTime=287344, downTime=287344, deviceId=0, source=0x1002 }
I/Choreographer(  461): Skipped 40 frames!  The application may be doing too much work on its main thread.
W/DroidBox( 1107): DroidBox: { "ServiceStart": { "name": "com.android.music.MediaPlaybackService" } }
W/DroidBox( 1107): DroidBox: { "ServiceStart": { "name": "com.android.music.MediaPlaybackService" } }
W/dalvikvm(  461): DroidBox: { "FdAccess": { "path": "2f70726f632f6d656d696e666f", "id": "460684845" } }
W/DroidBox(  461): DroidBox: { "FileRW": { "operation": "read", "data": "4d656d546f74616c3a202020202020202020373438393634206b420a4d656d467265653a20202020202020202020343434333336206b420a427566666572733a20202020202020202020202035353932206b420a4361636865643a202020202020202020", "id": "460684845" } }
I/Choreographer(  461): Skipped 39 frames!  The application may be doing too much work on its main thread.
W/dalvikvm(  461): DroidBox: { "FdAccess": { "path": "2f70726f632f6d656d696e666f", "id": "881575040" } }
W/DroidBox(  461): DroidBox: { "FileRW": { "operation": "read", "data": "4d656d546f74616c3a202020202020202020373438393634206b420a4d656d467265653a20202020202020202020343434333336206b420a427566666572733a20202020202020202020202035353932206b420a4361636865643a202020202020202020", "id": "881575040" } }
D/InputEventConsistencyVerifier(  461): TrackballEvent: Trackball is down but pressure is not greater than 0.
D/InputEventConsistencyVerifier(  461):   in android.view.ViewRootImpl@b3f02d48
D/InputEventConsistencyVerifier(  461):   0: sent at 288162000000, MotionEvent { action=ACTION_DOWN, id[0]=0, x[0]=0.0, y[0]=0.0, toolType[0]=TOOL_TYPE_UNKNOWN, buttonState=0, metaState=0, flags=0x0, edgeFlags=0x0, pointerCount=1, historySize=0, eventTime=288162, downTime=288084, deviceId=0, source=0x10004 }
D/InputEventConsistencyVerifier(  461):   -- recent events --
D/InputEventConsistencyVerifier(  461):   1: sent at 288272000000, KeyEvent { action=ACTION_UP, keyCode=KEYCODE_DPAD_RIGHT, scanCode=0, metaState=0, flags=0x400, repeatCount=0, eventTime=288272, downTime=288272, deviceId=-1, source=0x101 }
D/InputEventConsistencyVerifier(  461):   2: sent at 288272000000, KeyEvent { action=ACTION_DOWN, keyCode=KEYCODE_DPAD_RIGHT, scanCode=0, metaState=0, flags=0x400, repeatCount=0, eventTime=288272, downTime=288272, deviceId=-1, source=0x101 }
D/InputEventConsistencyVerifier(  461):   3: sent at 288271000000, KeyEvent { action=ACTION_UP, keyCode=KEYCODE_DPAD_RIGHT, scanCode=0, metaState=0, flags=0x400, repeatCount=0, eventTime=288271, downTime=288271, deviceId=-1, source=0x101 }
D/InputEventConsistencyVerifier(  461):   4: sent at 288271000000, KeyEvent { action=ACTION_DOWN, keyCode=KEYCODE_DPAD_RIGHT, scanCode=0, metaState=0, flags=0x400, repeatCount=0, eventTime=288271, downTime=288271, deviceId=-1, source=0x101 }
D/InputEventConsistencyVerifier(  461):   5: sent at 288250000000, KeyEvent { action=ACTION_UP, keyCode=KEYCODE_DPAD_RIGHT, scanCode=0, metaState=0, flags=0x400, repeatCount=0, eventTime=288250, downTime=288250, deviceId=-1, source=0x101 }
V/PhoneStatusBar(  461): setLightsOn(true)
I/Choreographer(  461): Skipped 41 frames!  The application may be doing too much work on its main thread.
D/PhoneStatusBar(  461): disable: < expand icons alerts TICKER system_info back home recent clock >
D/MediaPlaybackService( 1107): No play queue
V/PhoneStatusBar(  461): setLightsOn(true)
D/PhoneStatusBar(  461): disable: < expand icons alerts ticker* system_info back home recent clock >
W/InputMethodManagerService(  243): Window already focused, ignoring focus gain of: com.android.internal.view.IInputMethodClient$Stub$Proxy@b42ae7e8 attribute=null
W/InputManager(  243): Input event injection from pid 991 failed.
W/InputManager(  243): Input event injection from pid 991 failed.
I/Choreographer( 1041): Skipped 43 frames!  The application may be doing too much work on its main thread.
