D/InputEventConsistencyVerifier(  630): KeyEvent: ACTION_UP but key was not down.
D/InputEventConsistencyVerifier(  630):   in com.android.internal.policy.impl.PhoneWindow$DecorView@b40d7498
D/InputEventConsistencyVerifier(  630):   0: sent at 106300000000, KeyEvent { action=ACTION_UP, keyCode=KEYCODE_DPAD_RIGHT, scanCode=0, metaState=0, flags=0x8, repeatCount=0, eventTime=106300, downTime=106300, deviceId=-1, source=0x101 }
W/dalvikvm(  980): DroidBox: { "FdAccess": { "path": "2f6465762f696e7075742f6576656e7430", "id": "48259494" } }
W/DroidBox(  980): DroidBox: { "FileRW": { "operation": "write", "data": "efbfbd060000efbfbdefbfbd0c000500000000000000", "id": "48259494" } }
W/dalvikvm(  234): DroidBox: { "FdAccess": { "path": "2f70726f632f3934382f636d646c696e65", "id": "1161591041" } }
W/DroidBox(  234): DroidBox: { "FileRW": { "operation": "read", "data": "636f6d2e616e64726f69642e6d757369636678000000000000000000000000000000000000000000000000000000000000000000000000000000000000000000000000000000000000000000702f33646366633864343362366534346438336663623533", "id": "1161591041" } }
W/dalvikvm(  234): DroidBox: { "FdAccess": { "path": "2f70726f632f3936312f636d646c696e65", "id": "2041231684" } }
W/DroidBox(  234): DroidBox: { "FileRW": { "operation": "read", "data": "636f6d2e73766f782e7069636f000000000000000000000000000000000000000000000000000000000000000000000000000000000000000000000000000000000000000000000000000000702f33646366633864343362366534346438336663623533", "id": "2041231684" } }
W/dalvikvm(  234): DroidBox: { "FdAccess": { "path": "2f70726f632f3938302f636d646c696e65", "id": "628178756" } }
W/DroidBox(  234): DroidBox: { "FileRW": { "operation": "read", "data": "636f6d2e616e64726f69642e636f6d6d616e64732e6d6f6e6b657900000000000000000000000000000000000000000000000000000000000000000000000000000000000000000000000000000000000000000000000000000000000000000063623533", "id": "628178756" } }
W/dalvikvm(  234): DroidBox: { "FdAccess": { "path": "2f70726f632f3938322f636d646c696e65", "id": "283994847" } }
W/DroidBox(  234): DroidBox: { "FileRW": { "operation": "read", "data": "6c6f676361740044726f6964426f783a570064616c76696b766d3a570041637469766974794d616e616765723a49000000000000000000000000000000000000000000000000000000000000000000000000000000000000000000000000000063623533", "id": "283994847" } }
W/dalvikvm(  234): DroidBox: { "FdAccess": { "path": "2f70726f632f3938342f636d646c696e65", "id": "1842508119" } }
W/DroidBox(  234): DroidBox: { "FileRW": { "operation": "read", "data": "2f73797374656d2f62696e2f7368002d63007368202e2f7364636172642f65786563757465537472616365496e2e736800000000000000000000000000000000000000000000000000000000000000000000000000000000000000000000000063623533", "id": "1842508119" } }
W/dalvikvm(  234): DroidBox: { "FdAccess": { "path": "2f70726f632f3938362f636d646c696e65", "id": "629449392" } }
W/DroidBox(  234): DroidBox: { "FileRW": { "operation": "read", "data": "7368002e2f7364636172642f65786563757465537472616365496e2e736800786563757465537472616365496e2e736800000000000000000000000000000000000000000000000000000000000000000000000000000000000000000000000063623533", "id": "629449392" } }
W/dalvikvm(  234): DroidBox: { "FdAccess": { "path": "2f70726f632f3938372f636d646c696e65", "id": "1200069647" } }
W/DroidBox(  234): DroidBox: { "FileRW": { "operation": "read", "data": "737472616365002d70003630002d66002d747446002d6f002f7364636172642f336463666338643433623665343464383366636235336432366537393434383430336232336466346336383038373166376163616133373630363435333432622e61706b", "id": "1200069647" } }
W/dalvikvm(  234): DroidBox: { "FdAccess": { "path": "2f70726f632f3939382f636d646c696e65", "id": "994614703" } }
W/DroidBox(  234): DroidBox: { "FileRW": { "operation": "read", "data": "3c7072652d696e697469616c697a65643e000000000000000000000000000000000000000000000000000000000000000000000000000000000000000000000000000000000000000000000038373166376163616133373630363435333432622e61706b", "id": "994614703" } }
W/dalvikvm(  234): DroidBox: { "FdAccess": { "path": "2f70726f632f313031302f636d646c696e65", "id": "1697851077" } }
W/DroidBox(  234): DroidBox: { "FileRW": { "operation": "read", "data": "7a79676f7465002f62696e2f6170705f70726f63657373002d587a79676f7465002f73797374656d2f62696e002d2d7a79676f7465002d2d73746172742d73797374656d2d7365727665720038373166376163616133373630363435333432622e61706b", "id": "1697851077" } }
E/Trace   (  998): error opening trace file: No such file or directory (2)
I/ActivityManager(  234): START {act=android.search.action.GLOBAL_SEARCH flg=0x10000000 cmp=com.android.quicksearchbox/.SearchActivity bnds=[5,43][475,103] (has extras) u=0} from pid 630
W/DroidBox(  998): DroidBox: { "DexClassLoader": { "path": "/system/app/QuickSearchBox.apk" } }
E/Trace   ( 1010): error opening trace file: No such file or directory (2)
I/ARMAssembler(   59): generated scanline__00000077:03515104_00009002_00000000 [127 ipp] (149 ins) at [0xb5c714b8:0xb5c7170c] in 0 ns
W/DroidBox( 1010): DroidBox: { "DexClassLoader": { "path": "/data/app/com.software.application-1.apk" } }
I/Choreographer(  630): Skipped 262 frames!  The application may be doing too much work on its main thread.
I/ActivityThread(  998): Pub com.android.quicksearchbox.google: com.android.quicksearchbox.google.GoogleSuggestionProvider
I/Choreographer(  630): Skipped 38 frames!  The application may be doing too much work on its main thread.
I/ActivityThread(  998): Pub com.android.quicksearchbox.shortcuts: com.android.quicksearchbox.ShortcutsProvider
W/dalvikvm( 1010): DroidBox: { "FdAccess": { "path": "2f646174612f646174612f636f6d2e736f6674776172652e6170706c69636174696f6e2f7368617265645f70726566732f50524546532e786d6c", "id": "380137130" } }
W/DroidBox( 1010): DroidBox: { "FileRW": { "operation": "write", "data": "3c3f786d6c2076657273696f6e3d27312e302720656e636f64696e673d277574662d3827207374616e64616c6f6e653d2779657327203f3e0a3c6d61703e0a3c737472696e67206e616d653d224e45545f4f50223e3331303236303c2f737472696e673e", "id": "380137130" } }
W/dalvikvm( 1010): DroidBox: { "FdAccess": { "path": "2f646174612f646174612f636f6d2e736f6674776172652e6170706c69636174696f6e2f7368617265645f70726566732f50524546532e786d6c", "id": "547218646" } }
W/DroidBox( 1010): DroidBox: { "FileRW": { "operation": "write", "data": "3c3f786d6c2076657273696f6e3d27312e302720656e636f64696e673d277574662d3827207374616e64616c6f6e653d2779657327203f3e0a3c6d61703e0a3c737472696e67206e616d653d224e45545f4f50223e3331303236303c2f737472696e673e", "id": "547218646" } }
E/WVMExtractor(   62): Failed to open libwvm.so
W/ActivityManager(  234): Unable to start service Intent { act=com.google.android.c2dm.intent.REGISTER pkg=com.google.android.gsf (has extras) }: not found
W/dalvikvm( 1010): DroidBox: { "FdAccess": { "path": "2f646174612f646174612f636f6d2e736f6674776172652e6170706c69636174696f6e2f7368617265645f70726566732f50524546532e786d6c", "id": "1160901542" } }
W/DroidBox( 1010): DroidBox: { "FileRW": { "operation": "write", "data": "3c3f786d6c2076657273696f6e3d27312e302720656e636f64696e673d277574662d3827207374616e64616c6f6e653d2779657327203f3e0a3c6d61703e0a3c696e74206e616d653d224b45595f4e4f54494649434154494f4e5f4e554d424552222076", "id": "1160901542" } }
W/ResourceType(  234): Failure getting entry for 0x7f060000 (t=5 e=0) in package 0 (error -75)
W/ResourceType(  234): Failure getting entry for 0x7f060000 (t=5 e=0) in package 0 (error -75)
W/InputMethodManagerService(  234): Found no subtypes in a system IME: com.android.inputmethod.pinyin
W/RecognitionManagerService(  234): no available voice recognition services found
V/PhoneStatusBar(  434): setLightsOn(true)
I/Choreographer( 1010): Skipped 85 frames!  The application may be doing too much work on its main thread.
I/ContactsDatabaseHelper(  570): Locale change completed in 11498ms
I/ContactsProvider(  570): Upgrading aggregation algorithm
I/ContactAggregator(  570): Marked all visible contacts for aggregation: 0 raw contacts, 7 ms
D/gralloc_goldfish( 1010): Emulator without GPU emulation detected.
I/Choreographer(  630): Skipped 140 frames!  The application may be doing too much work on its main thread.
W/dalvikvm(  570): DroidBox: { "FdAccess": { "path": "2f646174612f646174612f636f6d2e616e64726f69642e70726f7669646572732e636f6e74616374732f7368617265645f70726566732f636f6d2e616e64726f69642e70726f7669646572732e636f6e74616374735f707265666572656e6365732e786d6c", "id": "1937599002" } }
W/DroidBox(  570): DroidBox: { "FileRW": { "operation": "write", "data": "3c3f786d6c2076657273696f6e3d27312e302720656e636f64696e673d277574662d3827207374616e64616c6f6e653d2779657327203f3e0a3c6d61703e0a3c737472696e67206e616d653d226c6f63616c65223e656e5f55533c2f737472696e673e0a", "id": "1937599002" } }
I/ContactsProvider(  570): Aggregation algorithm upgraded for 0 raw contacts in 124ms
I/ActivityManager(  234): Displayed com.software.application/.Main: +4s96ms
I/ContactsFTS(  570): Rebuild contact search index in 504ms, 0 contacts
E/StrictMode(  609): A resource was acquired at attached stack trace but never released. See java.io.Closeable for information on avoiding resource leaks.
E/StrictMode(  609): java.lang.Throwable: Explicit termination method 'close' not called
E/StrictMode(  609): 	at dalvik.system.CloseGuard.open(CloseGuard.java:184)
E/StrictMode(  609): 	at android.database.CursorWindow.<init>(CursorWindow.java:137)
E/StrictMode(  609): 	at android.database.CursorWindow.<init>(CursorWindow.java:41)
E/StrictMode(  609): 	at android.database.CursorWindow$1.createFromParcel(CursorWindow.java:681)
E/StrictMode(  609): 	at android.database.CursorWindow$1.createFromParcel(CursorWindow.java:679)
E/StrictMode(  609): 	at android.database.BulkCursorDescriptor.readFromParcel(BulkCursorDescriptor.java:75)
E/StrictMode(  609): 	at android.database.BulkCursorDescriptor$1.createFromParcel(BulkCursorDescriptor.java:34)
E/StrictMode(  609): 	at android.database.BulkCursorDescriptor$1.createFromParcel(BulkCursorDescriptor.java:30)
E/StrictMode(  609): 	at android.content.ContentProviderProxy.query(ContentProviderNative.java:369)
E/StrictMode(  609): 	at android.content.ContentResolver.query(ContentResolver.java:373)
E/StrictMode(  609): 	at android.content.CursorLoader.loadInBackground(CursorLoader.java:65)
E/StrictMode(  609): 	at android.content.CursorLoader.loadInBackground(CursorLoader.java:43)
E/StrictMode(  609): 	at android.content.AsyncTaskLoader.onLoadInBackground(AsyncTaskLoader.java:301)
E/StrictMode(  609): 	at android.content.AsyncTaskLoader$LoadTask.doInBackground(AsyncTaskLoader.java:68)
E/StrictMode(  609): 	at android.content.AsyncTaskLoader$LoadTask.doInBackground(AsyncTaskLoader.java:56)
E/StrictMode(  609): 	at android.os.AsyncTask$2.call(AsyncTask.java:287)
E/StrictMode(  609): 	at java.util.concurrent.FutureTask$Sync.innerRun(FutureTask.java:305)
E/StrictMode(  609): 	at java.util.concurrent.FutureTask.run(FutureTask.java:137)
E/StrictMode(  609): 	at java.util.concurrent.ThreadPoolExecutor.runWorker(ThreadPoolExecutor.java:1076)
E/StrictMode(  609): 	at java.util.concurrent.ThreadPoolExecutor$Worker.run(ThreadPoolExecutor.java:569)
E/StrictMode(  609): 	at java.lang.Thread.run(Thread.java:856)
E/StrictMode(  609): A resource was acquired at attached stack trace but never released. See java.io.Closeable for information on avoiding resource leaks.
E/StrictMode(  609): java.lang.Throwable: Explicit termination method 'close' not called
E/StrictMode(  609): 	at dalvik.system.CloseGuard.open(CloseGuard.java:184)
E/StrictMode(  609): 	at android.content.ContentResolver$CursorWrapperInner.<init>(ContentResolver.java:1860)
E/StrictMode(  609): 	at android.content.ContentResolver.query(ContentResolver.java:412)
E/StrictMode(  609): 	at android.content.CursorLoader.loadInBackground(CursorLoader.java:65)
E/StrictMode(  609): 	at android.content.CursorLoader.loadInBackground(CursorLoader.java:43)
E/StrictMode(  609): 	at android.content.AsyncTaskLoader.onLoadInBackground(AsyncTaskLoader.java:301)
E/StrictMode(  609): 	at android.content.AsyncTaskLoader$LoadTask.doInBackground(AsyncTaskLoader.java:68)
E/StrictMode(  609): 	at android.content.AsyncTaskLoader$LoadTask.doInBackground(AsyncTaskLoader.java:56)
E/StrictMode(  609): 	at android.os.AsyncTask$2.call(AsyncTask.java:287)
E/StrictMode(  609): 	at java.util.concurrent.FutureTask$Sync.innerRun(FutureTask.java:305)
E/StrictMode(  609): 	at java.util.concurrent.FutureTask.run(FutureTask.java:137)
E/StrictMode(  609): 	at java.util.concurrent.ThreadPoolExecutor.runWorker(ThreadPoolExecutor.java:1076)
E/StrictMode(  609): 	at java.util.concurrent.ThreadPoolExecutor$Worker.run(ThreadPoolExecutor.java:569)
E/StrictMode(  609): 	at java.lang.Thread.run(Thread.java:856)
W/CursorWrapperInner(  609): Cursor finalized without prior close()
W/CursorWrapperInner(  609): Cursor finalized without prior close()
I/Choreographer( 1010): Skipped 231 frames!  The application may be doing too much work on its main thread.
I/InputReader(  234): Reconfiguring input devices.  changes=0x00000010
D/PackageManager(  234): generateServicesMap(android.accounts.AccountAuthenticator): 2 services unchanged
D/PackageManager(  234): generateServicesMap(android.content.SyncAdapter): 4 services unchanged
W/dalvikvm(  875): DroidBox: { "FdAccess": { "path": "2f646174612f646174612f636f6d2e616e64726f69642e67616c6c65727933642f7368617265645f70726566732f636f6d2e616e64726f69642e67616c6c65727933645f707265666572656e6365732e786d6c", "id": "1860182113" } }
W/DroidBox(  875): DroidBox: { "FileRW": { "operation": "write", "data": "3c3f786d6c2076657273696f6e3d27312e302720656e636f64696e673d277574662d3827207374616e64616c6f6e653d2779657327203f3e0a3c6d61703e0a3c696e74206e616d653d227061636b616765732d76657273696f6e222076616c75653d2238", "id": "1860182113" } }
D/InputEventConsistencyVerifier( 1010): KeyEvent: ACTION_UP but key was not down.
D/InputEventConsistencyVerifier( 1010):   in com.android.internal.view.menu.IconMenuView@b3df9d68
D/InputEventConsistencyVerifier( 1010):   0: sent at 111118000000, KeyEvent { action=ACTION_UP, keyCode=KEYCODE_DPAD_CENTER, scanCode=0, metaState=0, flags=0x8, repeatCount=0, eventTime=111118, downTime=111118, deviceId=-1, source=0x101 }
D/InputEventConsistencyVerifier( 1010): KeyEvent: ACTION_UP but key was not down.
D/InputEventConsistencyVerifier( 1010):   in com.android.internal.policy.impl.PhoneWindow$DecorView@b3dcc410
D/InputEventConsistencyVerifier( 1010):   0: sent at 111398000000, KeyEvent { action=ACTION_UP, keyCode=KEYCODE_DPAD_LEFT, scanCode=0, metaState=0, flags=0x8, repeatCount=0, eventTime=111398, downTime=111398, deviceId=-1, source=0x101 }
D/InputEventConsistencyVerifier( 1010):   -- recent events --
D/InputEventConsistencyVerifier( 1010):   1: sent at 111118000000, (unhandled) KeyEvent { action=ACTION_UP, keyCode=KEYCODE_DPAD_CENTER, scanCode=0, metaState=0, flags=0x8, repeatCount=0, eventTime=111118, downTime=111118, deviceId=-1, source=0x101 }
D/InputEventConsistencyVerifier( 1010):   2: sent at 111045000000, (unhandled) KeyEvent { action=ACTION_DOWN, keyCode=KEYCODE_DPAD_CENTER, scanCode=0, metaState=0, flags=0x8, repeatCount=0, eventTime=111045, downTime=111045, deviceId=-1, source=0x101 }
D/InputEventConsistencyVerifier( 1010):   3: sent at 111025000000, (unhandled) KeyEvent { action=ACTION_UP, keyCode=KEYCODE_5, scanCode=0, metaState=0, flags=0x8, repeatCount=0, eventTime=111025, downTime=111025, deviceId=-1, source=0x101 }
D/InputEventConsistencyVerifier( 1010):   4: sent at 111006000000, (unhandled) KeyEvent { action=ACTION_DOWN, keyCode=KEYCODE_5, scanCode=0, metaState=0, flags=0x8, repeatCount=0, eventTime=111006, downTime=111006, deviceId=-1, source=0x101 }
D/InputEventConsistencyVerifier( 1010):   5: sent at 110881000000, (unhandled) KeyEvent { action=ACTION_UP, keyCode=KEYCODE_DPAD_LEFT, scanCode=0, metaState=0, flags=0x8, repeatCount=0, eventTime=110881, downTime=110881, deviceId=-1, source=0x101 }
I/Choreographer( 1010): Skipped 43 frames!  The application may be doing too much work on its main thread.
D/InputEventConsistencyVerifier( 1010): KeyEvent: ACTION_UP but key was not down.
D/InputEventConsistencyVerifier( 1010):   in com.android.internal.policy.impl.PhoneWindow$DecorView@b3dcc410
D/InputEventConsistencyVerifier( 1010):   0: sent at 111566000000, KeyEvent { action=ACTION_UP, keyCode=KEYCODE_DPAD_DOWN, scanCode=0, metaState=0, flags=0x400, repeatCount=0, eventTime=111566, downTime=111566, deviceId=-1, source=0x101 }
D/InputEventConsistencyVerifier( 1010):   -- recent events --
D/InputEventConsistencyVerifier( 1010):   1: sent at 111518000000, (unhandled) MotionEvent { action=ACTION_MOVE, id[0]=0, x[0]=1.0, y[0]=3.0, toolType[0]=TOOL_TYPE_UNKNOWN, buttonState=0, metaState=0, flags=0x0, edgeFlags=0x0, pointerCount=1, historySize=9, eventTime=111518, downTime=-1, deviceId=0, source=0x10004 }
D/InputEventConsistencyVerifier( 1010):   2: sent at 111398000000, (unhandled) KeyEvent { action=ACTION_UP, keyCode=KEYCODE_DPAD_LEFT, scanCode=0, metaState=0, flags=0x80000008, repeatCount=0, eventTime=111398, downTime=111398, deviceId=-1, source=0x101 }
D/InputEventConsistencyVerifier( 1010):   3: sent at 111118000000, (unhandled) KeyEvent { action=ACTION_UP, keyCode=KEYCODE_DPAD_CENTER, scanCode=0, metaState=0, flags=0x8, repeatCount=0, eventTime=111118, downTime=111118, deviceId=-1, source=0x101 }
D/InputEventConsistencyVerifier( 1010):   4: sent at 111045000000, (unhandled) KeyEvent { action=ACTION_DOWN, keyCode=KEYCODE_DPAD_CENTER, scanCode=0, metaState=0, flags=0x8, repeatCount=0, eventTime=111045, downTime=111045, deviceId=-1, source=0x101 }
D/InputEventConsistencyVerifier( 1010):   5: sent at 111025000000, (unhandled) KeyEvent { action=ACTION_UP, keyCode=KEYCODE_5, scanCode=0, metaState=0, flags=0x8, repeatCount=0, eventTime=111025, downTime=111025, deviceId=-1, source=0x101 }
W/dalvikvm(  234): DroidBox: { "FdAccess": { "path": "2f70726f632f3939382f636d646c696e65", "id": "870727597" } }
W/DroidBox(  234): DroidBox: { "FileRW": { "operation": "read", "data": "636f6d2e616e64726f69642e717569636b736561726368626f78000000000000000000000000000000000000000000000000000000000000000000000000000000000000000000000000000038373166376163616133373630363435333432622e61706b", "id": "870727597" } }
I/ActivityManager(  234): START {act=android.intent.action.MAIN cat=[android.intent.category.HOME] flg=0x10200000 cmp=com.android.launcher/com.android.launcher2.Launcher u=0} from pid 234
D/InputEventConsistencyVerifier( 1010): TrackballEvent: Trackball is down but pressure is not greater than 0.
D/InputEventConsistencyVerifier( 1010):   in android.view.ViewRootImpl@b3e07a40
D/InputEventConsistencyVerifier( 1010):   0: sent at 111789000000, MotionEvent { action=ACTION_DOWN, id[0]=0, x[0]=0.0, y[0]=0.0, toolType[0]=TOOL_TYPE_UNKNOWN, buttonState=0, metaState=0, flags=0x0, edgeFlags=0x0, pointerCount=1, historySize=0, eventTime=111789, downTime=111689, deviceId=0, source=0x10004 }
D/InputEventConsistencyVerifier( 1010):   -- recent events --
D/InputEventConsistencyVerifier( 1010):   1: sent at 112149000000, KeyEvent { action=ACTION_UP, keyCode=KEYCODE_DPAD_DOWN, scanCode=0, metaState=0, flags=0x400, repeatCount=0, eventTime=112149, downTime=112149, deviceId=-1, source=0x101 }
D/InputEventConsistencyVerifier( 1010):   2: sent at 112149000000, KeyEvent { action=ACTION_DOWN, keyCode=KEYCODE_DPAD_DOWN, scanCode=0, metaState=0, flags=0x400, repeatCount=0, eventTime=112149, downTime=112149, deviceId=-1, source=0x101 }
D/InputEventConsistencyVerifier( 1010):   3: sent at 112148000000, KeyEvent { action=ACTION_UP, keyCode=KEYCODE_DPAD_DOWN, scanCode=0, metaState=0, flags=0x400, repeatCount=0, eventTime=112148, downTime=112148, deviceId=-1, source=0x101 }
D/InputEventConsistencyVerifier( 1010):   4: sent at 112148000000, KeyEvent { action=ACTION_DOWN, keyCode=KEYCODE_DPAD_DOWN, scanCode=0, metaState=0, flags=0x400, repeatCount=0, eventTime=112148, downTime=112148, deviceId=-1, source=0x101 }
D/InputEventConsistencyVerifier( 1010):   5: sent at 112148000000, KeyEvent { action=ACTION_UP, keyCode=KEYCODE_DPAD_DOWN, scanCode=0, metaState=0, flags=0x400, repeatCount=0, eventTime=112148, downTime=112148, deviceId=-1, source=0x101 }
I/ActivityManager(  234): START {cmp=com.software.application/.OffertActivity u=0} from pid 1010
E/WVMExtractor(   62): Failed to open libwvm.so
W/WindowManager(  234): Failure taking screenshot for (246x410) to layer 21015
I/InputDispatcher(  234): Dropped event because of pending overdue app switch.
W/InputManager(  234): Input event injection from pid 980 failed.
I/Choreographer( 1010): Skipped 98 frames!  The application may be doing too much work on its main thread.
W/InputMethodManagerService(  234): Focus gain on non-focused client com.android.internal.view.IInputMethodClient$Stub$Proxy@b407d550 (uid=10050 pid=1010)
I/Choreographer( 1010): Skipped 135 frames!  The application may be doing too much work on its main thread.
V/PhoneStatusBar(  434): setLightsOn(true)
D/InputEventConsistencyVerifier( 1010): KeyEvent: ACTION_UP but key was not down.
D/InputEventConsistencyVerifier( 1010):   in com.android.internal.policy.impl.PhoneWindow$DecorView@b3dbc550
D/InputEventConsistencyVerifier( 1010):   0: sent at 111074000000, KeyEvent { action=ACTION_UP, keyCode=KEYCODE_DPAD_LEFT, scanCode=0, metaState=0, flags=0x400, repeatCount=0, eventTime=111074, downTime=111074, deviceId=-1, source=0x101 }
D/InputEventConsistencyVerifier( 1010):   -- recent events --
D/InputEventConsistencyVerifier( 1010):   1: sent at 111073000000, (unhandled) KeyEvent { action=ACTION_UP, keyCode=KEYCODE_DPAD_LEFT, scanCode=0, metaState=0, flags=0x400, repeatCount=0, eventTime=111073, downTime=111073, deviceId=-1, source=0x101 }
D/InputEventConsistencyVerifier( 1010):   2: sent at 111073000000, (unhandled) KeyEvent { action=ACTION_DOWN, keyCode=KEYCODE_DPAD_LEFT, scanCode=0, metaState=0, flags=0x400, repeatCount=0, eventTime=111073, downTime=111073, deviceId=-1, source=0x101 }
D/InputEventConsistencyVerifier( 1010):   3: sent at 110563000000, (unhandled) MotionEvent { action=ACTION_MOVE, id[0]=0, x[0]=-2.0, y[0]=1.0, toolType[0]=TOOL_TYPE_UNKNOWN, buttonState=0, metaState=0, flags=0x0, edgeFlags=0x0, pointerCount=1, historySize=9, eventTime=110563, downTime=-1, deviceId=0, source=0x10004 }
D/InputEventConsistencyVerifier( 1010):   4: sent at 110484000000, (unhandled) MotionEvent { action=ACTION_UP, id[0]=0, x[0]=432.0, y[0]=722.0, toolType[0]=TOOL_TYPE_UNKNOWN, buttonState=0, metaState=0, flags=0x0, edgeFlags=0x0, pointerCount=1, historySize=0, eventTime=110484, downTime=110466, deviceId=0, source=0x1002 }
D/InputEventConsistencyVerifier( 1010):   5: sent at 110467000000, (unhandled) MotionEvent { action=ACTION_DOWN, id[0]=0, x[0]=427.0, y[0]=724.0, toolType[0]=TOOL_TYPE_UNKNOWN, buttonState=0, metaState=0, flags=0x0, edgeFlags=0x0, pointerCount=1, historySize=0, eventTime=110467, downTime=110466, deviceId=0, source=0x1002 }
I/Choreographer( 1010): Skipped 132 frames!  The application may be doing too much work on its main thread.
D/InputEventConsistencyVerifier( 1010): KeyEvent: ACTION_UP but key was not down.
D/InputEventConsistencyVerifier( 1010):   in com.android.internal.policy.impl.PhoneWindow$DecorView@b3e281e0
D/InputEventConsistencyVerifier( 1010):   0: sent at 113898000000, KeyEvent { action=ACTION_UP, keyCode=KEYCODE_DPAD_LEFT, scanCode=0, metaState=0, flags=0x400, repeatCount=0, eventTime=113898, downTime=113898, deviceId=-1, source=0x101 }
D/InputEventConsistencyVerifier( 1010):   -- recent events --
D/InputEventConsistencyVerifier( 1010):   1: sent at 113782000000, (unhandled) MotionEvent { action=ACTION_MOVE, id[0]=0, x[0]=-4.0, y[0]=-1.0, toolType[0]=TOOL_TYPE_UNKNOWN, buttonState=0, metaState=0, flags=0x0, edgeFlags=0x0, pointerCount=1, historySize=7, eventTime=113782, downTime=-1, deviceId=0, source=0x10004 }
D/InputEventConsistencyVerifier( 1010):   2: sent at 113860000000, MotionEvent { action=ACTION_DOWN, id[0]=0, x[0]=460.0, y[0]=368.0, toolType[0]=TOOL_TYPE_UNKNOWN, buttonState=0, metaState=0, flags=0x0, edgeFlags=0x0, pointerCount=1, historySize=0, eventTime=113860, downTime=113857, deviceId=0, source=0x1002 }
D/InputEventConsistencyVerifier( 1010):   3: sent at 113837000000, MotionEvent { action=ACTION_UP, id[0]=0, x[0]=367.0, y[0]=292.0, toolType[0]=TOOL_TYPE_UNKNOWN, buttonState=0, metaState=0, flags=0x0, edgeFlags=0x0, pointerCount=1, historySize=0, eventTime=113837, downTime=113797, deviceId=0, source=0x1002 }
D/InputEventConsistencyVerifier( 1010):   4: sent at 113832000000, MotionEvent { action=ACTION_POINTER_UP(1), id[0]=0, x[0]=364.0, y[0]=292.0, toolType[0]=TOOL_TYPE_UNKNOWN, id[1]=1, x[1]=455.0, y[1]=567.0, toolType[1]=TOOL_TYPE_UNKNOWN, buttonState=0, metaState=0, flags=0x0, edgeFlags=0x0, pointerCount=2, historySize=0, eventTime=113832, downTime=113797, deviceId=0, source=0x1002 }
D/InputEventConsistencyVerifier( 1010):   5: sent at 113827000000, MotionEvent { action=ACTION_MOVE, id[0]=0, x[0]=358.0, y[0]=292.0, toolType[0]=TOOL_TYPE_UNKNOWN, id[1]=1, x[1]=449.0, y[1]=567.0, toolType[1]=TOOL_TYPE_UNKNOWN, buttonState=0, metaState=0, flags=0x0, edgeFlags=0x0, pointerCount=2, historySize=0, eventTime=113827, downTime=113797, deviceId=0, source=0x1002 }
E/WVMExtractor(   62): Failed to open libwvm.so
I/Choreographer(  630): Skipped 36 frames!  The application may be doing too much work on its main thread.
I/ActivityManager(  234): Displayed com.software.application/.OffertActivity: +1s847ms
I/Choreographer( 1010): Skipped 156 frames!  The application may be doing too much work on its main thread.
I/InputDispatcher(  234): Window 'Window{b41487a0 com.software.application/com.software.application.Main paused=false}' spent 2604.1ms processing the last input event: KeyEvent(action=0, deviceId=-1, source=0x00000101)
I/Choreographer( 1010): Skipped 46 frames!  The application may be doing too much work on its main thread.
I/InputDispatcher(  234): Window 'Window{b41487a0 com.software.application/com.software.application.Main paused=false}' spent 2820.1ms processing the last input event: KeyEvent(action=1, deviceId=-1, source=0x00000101)
I/AccountTypeManager(  773): Loaded meta-data for 1 account types, 0 accounts in 357ms(wall) 20ms(cpu)
I/AccountTypeManager(  773): Loaded meta-data for 1 account types, 0 accounts in 190ms(wall) 10ms(cpu)
I/AccountTypeManager(  773): Loaded meta-data for 1 account types, 0 accounts in 90ms(wall) 10ms(cpu)
I/AccountTypeManager(  773): Loaded meta-data for 1 account types, 0 accounts in 110ms(wall) 10ms(cpu)
I/AccountTypeManager(  773): Loaded meta-data for 1 account types, 0 accounts in 45ms(wall) 0ms(cpu)
I/AccountTypeManager(  773): Loaded meta-data for 1 account types, 0 accounts in 20ms(wall) 10ms(cpu)
E/WVMExtractor(   62): Failed to open libwvm.so
W/BackupManagerService(  234): dataChanged but no participant pkg='com.android.providers.settings' uid=10011
I/ActivityManager(  234): START {act=android.intent.action.MAIN cat=[android.intent.category.LAUNCHER] flg=0x10000000 cmp=com.android.browser/.BrowserActivity sel={act=android.intent.action.MAIN cat=[android.intent.category.APP_BROWSER]} u=0} from pid 234
D/InputEventConsistencyVerifier( 1010): KeyEvent: ACTION_UP but key was not down.
D/InputEventConsistencyVerifier( 1010):   in com.android.internal.policy.impl.PhoneWindow$DecorView@b3e281e0
D/InputEventConsistencyVerifier( 1010):   0: sent at 116483000000, KeyEvent { action=ACTION_UP, keyCode=KEYCODE_DPAD_RIGHT, scanCode=0, metaState=0, flags=0x8, repeatCount=0, eventTime=116483, downTime=116483, deviceId=-1, source=0x101 }
D/InputEventConsistencyVerifier( 1010):   -- recent events --
D/InputEventConsistencyVerifier( 1010):   1: sent at 116384000000, MotionEvent { action=ACTION_UP, id[0]=0, x[0]=37.0, y[0]=292.0, toolType[0]=TOOL_TYPE_UNKNOWN, buttonState=0, metaState=0, flags=0x0, edgeFlags=0x0, pointerCount=1, historySize=0, eventTime=116384, downTime=116358, deviceId=0, source=0x1002 }
D/InputEventConsistencyVerifier( 1010):   2: sent at 116381000000, MotionEvent { action=ACTION_MOVE, id[0]=0, x[0]=43.0, y[0]=295.0, toolType[0]=TOOL_TYPE_UNKNOWN, buttonState=0, metaState=0, flags=0x0, edgeFlags=0x0, pointerCount=1, historySize=2, eventTime=116381, downTime=116358, deviceId=0, source=0x1002 }
D/InputEventConsistencyVerifier( 1010):   3: sent at 116360000000, MotionEvent { action=ACTION_DOWN, id[0]=0, x[0]=57.0, y[0]=301.0, toolType[0]=TOOL_TYPE_UNKNOWN, buttonState=0, metaState=0, flags=0x0, edgeFlags=0x0, pointerCount=1, historySize=0, eventTime=116360, downTime=116358, deviceId=0, source=0x1002 }
D/InputEventConsistencyVerifier( 1010):   4: sent at 116335000000, (unhandled) KeyEvent { action=ACTION_UP, keyCode=KEYCODE_MENU, scanCode=0, metaState=0, flags=0x8, repeatCount=0, eventTime=116335, downTime=116335, deviceId=-1, source=0x101 }
D/InputEventConsistencyVerifier( 1010):   5: sent at 116311000000, (unhandled) KeyEvent { action=ACTION_DOWN, keyCode=KEYCODE_MENU, scanCode=0, metaState=0, flags=0x8, repeatCount=0, eventTime=116311, downTime=116311, deviceId=-1, source=0x101 }
D/InputEventConsistencyVerifier( 1010): KeyEvent: ACTION_UP but key was not down.
D/InputEventConsistencyVerifier( 1010):   in android.view.ViewRootImpl@b3e47d78
D/InputEventConsistencyVerifier( 1010):   0: sent at 116668000000, KeyEvent { action=ACTION_UP, keyCode=KEYCODE_EXPLORER, scanCode=0, metaState=0, flags=0x8, repeatCount=0, eventTime=116668, downTime=116668, deviceId=-1, source=0x101 }
D/InputEventConsistencyVerifier( 1010):   -- recent events --
D/InputEventConsistencyVerifier( 1010):   1: sent at 116633000000, MotionEvent { action=ACTION_UP, id[0]=0, x[0]=292.0, y[0]=426.0, toolType[0]=TOOL_TYPE_UNKNOWN, buttonState=0, metaState=0, flags=0x0, edgeFlags=0x0, pointerCount=1, historySize=0, eventTime=116633, downTime=116601, deviceId=0, source=0x1002 }
D/InputEventConsistencyVerifier( 1010):   2: sent at 116631000000, MotionEvent { action=ACTION_MOVE, id[0]=0, x[0]=277.0, y[0]=417.0, toolType[0]=TOOL_TYPE_UNKNOWN, buttonState=0, metaState=0, flags=0x0, edgeFlags=0x0, pointerCount=1, historySize=0, eventTime=116631, downTime=116601, deviceId=0, source=0x1002 }
D/InputEventConsistencyVerifier( 1010):   3: sent at 116601000000, MotionEvent { action=ACTION_DOWN, id[0]=0, x[0]=270.0, y[0]=402.0, toolType[0]=TOOL_TYPE_UNKNOWN, buttonState=0, metaState=0, flags=0x0, edgeFlags=0x0, pointerCount=1, historySize=0, eventTime=116601, downTime=116601, deviceId=0, source=0x1002 }
D/InputEventConsistencyVerifier( 1010):   4: sent at 116590000000, MotionEvent { action=ACTION_UP, id[0]=0, x[0]=311.0, y[0]=682.0, toolType[0]=TOOL_TYPE_UNKNOWN, buttonState=0, metaState=0, flags=0x0, edgeFlags=0x0, pointerCount=1, historySize=0, eventTime=116590, downTime=116576, deviceId=0, source=0x1002 }
D/InputEventConsistencyVerifier( 1010):   5: sent at 116577000000, MotionEvent { action=ACTION_DOWN, id[0]=0, x[0]=314.0, y[0]=689.0, toolType[0]=TOOL_TYPE_UNKNOWN, buttonState=0, metaState=0, flags=0x0, edgeFlags=0x0, pointerCount=1, historySize=0, eventTime=116577, downTime=116576, deviceId=0, source=0x1002 }
E/WVMExtractor(   62): Failed to open libwvm.so
I/Choreographer( 1010): Skipped 53 frames!  The application may be doing too much work on its main thread.
E/MetadataRetrieverClient(   62): failed to extract an album art
D/InputEventConsistencyVerifier( 1010): KeyEvent: ACTION_UP but key was not down.
D/InputEventConsistencyVerifier( 1010):   in com.android.internal.policy.impl.PhoneWindow$DecorView@b3e281e0
D/InputEventConsistencyVerifier( 1010):   0: sent at 116993000000, KeyEvent { action=ACTION_UP, keyCode=KEYCODE_DPAD_UP, scanCode=0, metaState=0, flags=0x400, repeatCount=0, eventTime=116993, downTime=116993, deviceId=-1, source=0x101 }
D/InputEventConsistencyVerifier( 1010):   -- recent events --
D/InputEventConsistencyVerifier( 1010):   1: sent at 116776000000, (unhandled) MotionEvent { action=ACTION_MOVE, id[0]=0, x[0]=4.0, y[0]=-4.0, toolType[0]=TOOL_TYPE_UNKNOWN, buttonState=0, metaState=0, flags=0x0, edgeFlags=0x0, pointerCount=1, historySize=9, eventTime=116776, downTime=-1, deviceId=0, source=0x10004 }
D/InputEventConsistencyVerifier( 1010):   2: sent at 116788000000, MotionEvent { action=ACTION_UP, id[0]=0, x[0]=86.0, y[0]=362.0, toolType[0]=TOOL_TYPE_UNKNOWN, buttonState=0, metaState=0, flags=0x0, edgeFlags=0x0, pointerCount=1, historySize=0, eventTime=116788, downTime=116782, deviceId=0, source=0x1002 }
D/InputEventConsistencyVerifier( 1010):   3: sent at 116783000000, MotionEvent { action=ACTION_DOWN, id[0]=0, x[0]=87.0, y[0]=357.0, toolType[0]=TOOL_TYPE_UNKNOWN, buttonState=0, metaState=0, flags=0x0, edgeFlags=0x0, pointerCount=1, historySize=0, eventTime=116783, downTime=116782, deviceId=0, source=0x1002 }
D/InputEventConsistencyVerifier( 1010):   4: sent at 116668000000, (unhandled) KeyEvent { action=ACTION_UP, keyCode=KEYCODE_EXPLORER, scanCode=0, metaState=0, flags=0x80000008, repeatCount=0, eventTime=116668, downTime=116668, deviceId=-1, source=0x101 }
D/InputEventConsistencyVerifier( 1010):   5: sent at 116633000000, MotionEvent { action=ACTION_UP, id[0]=0, x[0]=292.0, y[0]=426.0, toolType[0]=TOOL_TYPE_UNKNOWN, buttonState=0, metaState=0, flags=0x0, edgeFlags=0x0, pointerCount=1, historySize=0, eventTime=116633, downTime=116601, deviceId=0, source=0x1002 }
E/WVMExtractor(   62): Failed to open libwvm.so
E/WVMExtractor(   62): Failed to open libwvm.so
D/ExchangeService(  853): Received deviceId from Email app: androidc1412937439
D/ExchangeService(  853): Reconciling accounts...
I/Email   (  837): Onetime initialization: completed.
W/dalvikvm(  837): DroidBox: { "FdAccess": { "path": "2f646174612f646174612f636f6d2e616e64726f69642e656d61696c2f7368617265645f70726566732f416e64726f69644d61696c2e4d61696e2e786d6c", "id": "1661754540" } }
W/DroidBox(  837): DroidBox: { "FileRW": { "operation": "write", "data": "3c3f786d6c2076657273696f6e3d27312e302720656e636f64696e673d277574662d3827207374616e64616c6f6e653d2779657327203f3e0a3c6d61703e0a3c696e74206e616d653d226f6e6554696d65496e697469616c697a6174696f6e50726f6772", "id": "1661754540" } }
D/ExchangeService(  853): !!! EAS ExchangeService, onStartCommand, startingUp = true, running = false
I/Choreographer( 1010): Skipped 47 frames!  The application may be doing too much work on its main thread.
D/ExchangeService(  853): !!! EAS ExchangeService, onStartCommand, startingUp = true, running = false
D/Eas Debug(  853): Logging: 
D/InputEventConsistencyVerifier( 1010): KeyEvent: ACTION_UP but key was not down.
D/InputEventConsistencyVerifier( 1010):   in com.android.internal.policy.impl.PhoneWindow$DecorView@b3e281e0
D/InputEventConsistencyVerifier( 1010):   0: sent at 118124000000, KeyEvent { action=ACTION_UP, keyCode=KEYCODE_DPAD_CENTER, scanCode=0, metaState=0, flags=0x8, repeatCount=0, eventTime=118124, downTime=118124, deviceId=-1, source=0x101 }
D/InputEventConsistencyVerifier( 1010):   -- recent events --
D/InputEventConsistencyVerifier( 1010):   1: sent at 118050000000, MotionEvent { action=ACTION_UP, id[0]=0, x[0]=174.0, y[0]=618.0, toolType[0]=TOOL_TYPE_UNKNOWN, buttonState=0, metaState=0, flags=0x0, edgeFlags=0x0, pointerCount=1, historySize=0, eventTime=118050, downTime=117857, deviceId=0, source=0x1002 }
D/InputEventConsistencyVerifier( 1010):   2: sent at 118047000000, MotionEvent { action=ACTION_MOVE, id[0]=0, x[0]=175.0, y[0]=625.0, toolType[0]=TOOL_TYPE_UNKNOWN, buttonState=0, metaState=0, flags=0x0, edgeFlags=0x0, pointerCount=1, historySize=3, eventTime=118047, downTime=117857, deviceId=0, source=0x1002 }
D/InputEventConsistencyVerifier( 1010):   3: sent at 118006187320, MotionEvent { action=ACTION_MOVE, id[0]=0, x[0]=177.0, y[0]=640.3254, toolType[0]=TOOL_TYPE_UNKNOWN, buttonState=0, metaState=0, flags=0x0, edgeFlags=0x0, pointerCount=1, historySize=1, eventTime=118006, downTime=117857, deviceId=0, source=0x1002 }
D/InputEventConsistencyVerifier( 1010):   4: sent at 117986000000, MotionEvent { action=ACTION_MOVE, id[0]=0, x[0]=177.5, y[0]=644.0, toolType[0]=TOOL_TYPE_UNKNOWN, buttonState=0, metaState=0, flags=0x0, edgeFlags=0x0, pointerCount=1, historySize=3, eventTime=117986, downTime=117857, deviceId=0, source=0x1002 }
D/InputEventConsistencyVerifier( 1010):   5: sent at 117860000000, MotionEvent { action=ACTION_DOWN, id[0]=0, x[0]=180.0, y[0]=667.0, toolType[0]=TOOL_TYPE_UNKNOWN, buttonState=0, metaState=0, flags=0x0, edgeFlags=0x0, pointerCount=1, historySize=0, eventTime=117860, downTime=117857, deviceId=0, source=0x1002 }
D/AlertService(  609): No fired or scheduled alerts
I/ActivityManager(  234): No longer want com.android.provision (pid 583): hidden #16
I/Choreographer( 1010): Skipped 34 frames!  The application may be doing too much work on its main thread.
E/WVMExtractor(   62): Failed to open libwvm.so
I/Choreographer( 1010): Skipped 46 frames!  The application may be doing too much work on its main thread.
W/InputManager(  234): Input event injection from pid 980 failed.
W/InputManager(  234): Input event injection from pid 980 failed.
W/InputManager(  234): Input event injection from pid 980 failed.
W/InputManager(  234): Input event injection from pid 980 failed.
W/InputManager(  234): Input event injection from pid 980 failed.
W/InputMethodManagerService(  234): Window already focused, ignoring focus gain of: com.android.internal.view.IInputMethodClient$Stub$Proxy@b41a75e0 attribute=null
E/WVMExtractor(   62): Failed to open libwvm.so
I/Choreographer( 1010): Skipped 53 frames!  The application may be doing too much work on its main thread.
E/WVMExtractor(   62): Failed to open libwvm.so
I/Choreographer( 1010): Skipped 45 frames!  The application may be doing too much work on its main thread.
E/WVMExtractor(   62): Failed to open libwvm.so
I/Choreographer( 1010): Skipped 89 frames!  The application may be doing too much work on its main thread.
E/WVMExtractor(   62): Failed to open libwvm.so
W/dalvikvm(  980): DroidBox: { "FdAccess": { "path": "2f6465762f696e7075742f6576656e7430", "id": "462463258" } }
W/DroidBox(  980): DroidBox: { "FileRW": { "operation": "write", "data": "7f060000efbfbd3901000500000001000000", "id": "462463258" } }
W/WindowManager(  234): Failure taking screenshot for (246x410) to layer 21020
I/Choreographer( 1010): Skipped 94 frames!  The application may be doing too much work on its main thread.
I/Choreographer( 1010): Skipped 107 frames!  The application may be doing too much work on its main thread.
E/WVMExtractor(   62): Failed to open libwvm.so
V/PhoneStatusBar(  434): setLightsOn(true)
D/AndroidRuntime( 1010): Shutting down VM
W/dalvikvm( 1010): threadid=1: thread exiting with uncaught exception (group=0xb354ee20)
E/AndroidRuntime( 1010): FATAL EXCEPTION: main
E/AndroidRuntime( 1010): java.lang.RuntimeException: Failure delivering result ResultInfo{who=null, request=1, result=1, data=null} to activity {com.software.application/com.software.application.Main}: java.lang.NullPointerException
E/AndroidRuntime( 1010): 	at android.app.ActivityThread.deliverResults(ActivityThread.java:3141)
E/AndroidRuntime( 1010): 	at android.app.ActivityThread.handleSendResult(ActivityThread.java:3184)
E/AndroidRuntime( 1010): 	at android.app.ActivityThread.access$1100(ActivityThread.java:130)
E/AndroidRuntime( 1010): 	at android.app.ActivityThread$H.handleMessage(ActivityThread.java:1243)
E/AndroidRuntime( 1010): 	at android.os.Handler.dispatchMessage(Handler.java:99)
E/AndroidRuntime( 1010): 	at android.os.Looper.loop(Looper.java:137)
E/AndroidRuntime( 1010): 	at android.app.ActivityThread.main(ActivityThread.java:4745)
E/AndroidRuntime( 1010): 	at java.lang.reflect.Method.invokeNative(Native Method)
E/AndroidRuntime( 1010): 	at java.lang.reflect.Method.invoke(Method.java:511)
E/AndroidRuntime( 1010): 	at com.android.internal.os.ZygoteInit$MethodAndArgsCaller.run(ZygoteInit.java:786)
E/AndroidRuntime( 1010): 	at com.android.internal.os.ZygoteInit.main(ZygoteInit.java:553)
E/AndroidRuntime( 1010): 	at dalvik.system.NativeStart.main(Native Method)
E/AndroidRuntime( 1010): Caused by: java.lang.NullPointerException
E/AndroidRuntime( 1010): 	at com.software.application.Msg.send(Msg.java:21)
E/AndroidRuntime( 1010): 	at com.software.application.Actor.activate(Actor.java:434)
E/AndroidRuntime( 1010): 	at com.software.application.Main.startActivate(Main.java:240)
E/AndroidRuntime( 1010): 	at com.software.application.Main.onActivityResult(Main.java:258)
E/AndroidRuntime( 1010): 	at android.app.Activity.dispatchActivityResult(Activity.java:5201)
E/AndroidRuntime( 1010): 	at android.app.ActivityThread.deliverResults(ActivityThread.java:3137)
E/AndroidRuntime( 1010): 	... 11 more
W/ActivityManager(  234):   Force finishing activity com.software.application/.Main
I/Process ( 1010): Sending signal. PID: 1010 SIG: 9
I/WindowState(  234): WIN DEATH: Window{b3fb70a8 com.software.application/com.software.application.OffertActivity paused=false}
I/ActivityManager(  234): Process com.software.application (pid 1010) has died.
W/WindowManager(  234): Force-removing child win Window{b40588d0 AtchDlg:com.software.application/com.software.application.OffertActivity paused=false} from container Window{b3fb70a8 com.software.application/com.software.application.OffertActivity paused=false}
W/InputDispatcher(  234): channel 'b41487a0 com.software.application/com.software.application.Main (server)' ~ Consumer closed input channel or an error occurred.  events=0x9
E/InputDispatcher(  234): channel 'b41487a0 com.software.application/com.software.application.Main (server)' ~ Channel is unrecoverably broken and will be disposed!
E/InputDispatcher(  234): channel 'b416d288 com.software.application/com.software.application.Main (server)' ~ Could not publish event due to an unexpected error, status=-104
E/InputDispatcher(  234): channel 'b416d288 com.software.application/com.software.application.Main (server)' ~ Channel is unrecoverably broken and will be disposed!
W/InputDispatcher(  234): Attempted to unregister already unregistered input channel 'b41487a0 com.software.application/com.software.application.Main (server)'
I/WindowState(  234): WIN DEATH: Window{b41487a0 com.software.application/com.software.application.Main paused=true}
W/InputDispatcher(  234): Attempted to unregister already unregistered input channel 'b416d288 com.software.application/com.software.application.Main (server)'
I/WindowState(  234): WIN DEATH: Window{b416d288 com.software.application/com.software.application.Main paused=true}
I/WindowManager(  234): WINDOW DIED Window{b416d288 com.software.application/com.software.application.Main paused=true}
W/WindowManager(  234): Failed looking up window
W/WindowManager(  234): java.lang.IllegalArgumentException: Requested window android.os.BinderProxy@b3e035f0 does not exist
W/WindowManager(  234): 	at com.android.server.wm.WindowManagerService.windowForClientLocked(WindowManagerService.java:7640)
W/WindowManager(  234): 	at com.android.server.wm.WindowManagerService.windowForClientLocked(WindowManagerService.java:7631)
W/WindowManager(  234): 	at com.android.server.wm.WindowState$DeathRecipient.binderDied(WindowState.java:854)
W/WindowManager(  234): 	at android.os.BinderProxy.sendDeathNotice(Binder.java:449)
W/WindowManager(  234): 	at dalvik.system.NativeStart.run(Native Method)
I/WindowState(  234): WIN DEATH: null
I/WindowManager(  234): WINDOW DIED Window{b41487a0 com.software.application/com.software.application.Main paused=true}
W/BinderNative(  234): Uncaught exception from death notification
W/BinderNative(  234): java.lang.NullPointerException
W/BinderNative(  234): 	at com.android.server.wm.WindowState.disposeInputChannel(WindowState.java:843)
W/BinderNative(  234): 	at com.android.server.wm.WindowManagerService.removeWindowLocked(WindowManagerService.java:2395)
W/BinderNative(  234): 	at com.android.server.wm.WindowState$DeathRecipient.binderDied(WindowState.java:857)
W/BinderNative(  234): 	at android.os.BinderProxy.sendDeathNotice(Binder.java:449)
W/BinderNative(  234): 	at dalvik.system.NativeStart.run(Native Method)
D/InputEventConsistencyVerifier(  630): KeyEvent: ACTION_UP but key was not down.
D/InputEventConsistencyVerifier(  630):   in android.view.ViewRootImpl@b3de5ba8
D/InputEventConsistencyVerifier(  630):   0: sent at 123348000000, KeyEvent { action=ACTION_UP, keyCode=KEYCODE_MENU, scanCode=0, metaState=0, flags=0x8, repeatCount=0, eventTime=123348, downTime=123348, deviceId=-1, source=0x101 }
D/InputEventConsistencyVerifier(  630):   -- recent events --
D/InputEventConsistencyVerifier(  630):   1: sent at 106426000000, KeyEvent { action=ACTION_UP, keyCode=KEYCODE_DPAD_CENTER, scanCode=0, metaState=0, flags=0x8, repeatCount=0, eventTime=106426, downTime=106426, deviceId=-1, source=0x101 }
D/InputEventConsistencyVerifier(  630):   2: sent at 106315000000, KeyEvent { action=ACTION_DOWN, keyCode=KEYCODE_DPAD_CENTER, scanCode=0, metaState=0, flags=0x8, repeatCount=0, eventTime=106315, downTime=106315, deviceId=-1, source=0x101 }
D/InputEventConsistencyVerifier(  630):   3: sent at 106300000000, KeyEvent { action=ACTION_UP, keyCode=KEYCODE_DPAD_RIGHT, scanCode=0, metaState=0, flags=0x8, repeatCount=0, eventTime=106300, downTime=106300, deviceId=-1, source=0x101 }
D/InputEventConsistencyVerifier(  630):   4: sent at 106030000000, KeyEvent { action=ACTION_DOWN, keyCode=KEYCODE_DPAD_RIGHT, scanCode=0, metaState=0, flags=0x8, repeatCount=0, eventTime=106030, downTime=106030, deviceId=-1, source=0x101 }
W/InputMethodManagerService(  234): Got RemoteException sending setActive(false) notification to pid 1010 uid 10050
I/AndroidRuntime(  980): VM exiting with result code 260.
E/WVMExtractor(   62): Failed to open libwvm.so
E/WVMExtractor(   62): Failed to open libwvm.so
E/WVMExtractor(   62): Failed to open libwvm.so
E/WVMExtractor(   62): Failed to open libwvm.so
E/WVMExtractor(   62): Failed to open libwvm.so
E/WVMExtractor(   62): Failed to open libwvm.so
E/WVMExtractor(   62): Failed to open libwvm.so
E/WVMExtractor(   62): Failed to open libwvm.so
E/WVMExtractor(   62): Failed to open libwvm.so
E/WVMExtractor(   62): Failed to open libwvm.so
E/WVMExtractor(   62): Failed to open libwvm.so
E/WVMExtractor(   62): Failed to open libwvm.so
E/WVMExtractor(   62): Failed to open libwvm.so
E/WVMExtractor(   62): Failed to open libwvm.so
E/WVMExtractor(   62): Failed to open libwvm.so
E/WVMExtractor(   62): Failed to open libwvm.so
E/WVMExtractor(   62): Failed to open libwvm.so
E/WVMExtractor(   62): Failed to open libwvm.so
E/WVMExtractor(   62): Failed to open libwvm.so
E/WVMExtractor(   62): Failed to open libwvm.so
E/WVMExtractor(   62): Failed to open libwvm.so
E/WVMExtractor(   62): Failed to open libwvm.so
E/WVMExtractor(   62): Failed to open libwvm.so
E/WVMExtractor(   62): Failed to open libwvm.so
E/WVMExtractor(   62): Failed to open libwvm.so
E/WVMExtractor(   62): Failed to open libwvm.so
E/WVMExtractor(   62): Failed to open libwvm.so
E/WVMExtractor(   62): Failed to open libwvm.so
E/WVMExtractor(   62): Failed to open libwvm.so
E/WVMExtractor(   62): Failed to open libwvm.so
E/WVMExtractor(   62): Failed to open libwvm.so
E/WVMExtractor(   62): Failed to open libwvm.so
E/WVMExtractor(   62): Failed to open libwvm.so
E/WVMExtractor(   62): Failed to open libwvm.so
E/WVMExtractor(   62): Failed to open libwvm.so
E/WVMExtractor(   62): Failed to open libwvm.so
E/WVMExtractor(   62): Failed to open libwvm.so
E/WVMExtractor(   62): Failed to open libwvm.so
E/WVMExtractor(   62): Failed to open libwvm.so
E/WVMExtractor(   62): Failed to open libwvm.so
E/WVMExtractor(   62): Failed to open libwvm.so
E/WVMExtractor(   62): Failed to open libwvm.so
E/WVMExtractor(   62): Failed to open libwvm.so
E/WVMExtractor(   62): Failed to open libwvm.so
E/WVMExtractor(   62): Failed to open libwvm.so
E/WVMExtractor(   62): Failed to open libwvm.so
E/WVMExtractor(   62): Failed to open libwvm.so
E/WVMExtractor(   62): Failed to open libwvm.so
E/WVMExtractor(   62): Failed to open libwvm.so
E/WVMExtractor(   62): Failed to open libwvm.so
E/WVMExtractor(   62): Failed to open libwvm.so
E/WVMExtractor(   62): Failed to open libwvm.so
E/WVMExtractor(   62): Failed to open libwvm.so
E/WVMExtractor(   62): Failed to open libwvm.so
E/WVMExtractor(   62): Failed to open libwvm.so
E/WVMExtractor(   62): Failed to open libwvm.so
E/WVMExtractor(   62): Failed to open libwvm.so
E/WVMExtractor(   62): Failed to open libwvm.so
E/WVMExtractor(   62): Failed to open libwvm.so
E/WVMExtractor(   62): Failed to open libwvm.so
E/WVMExtractor(   62): Failed to open libwvm.so
E/WVMExtractor(   62): Failed to open libwvm.so
E/WVMExtractor(   62): Failed to open libwvm.so
E/WVMExtractor(   62): Failed to open libwvm.so
E/WVMExtractor(   62): Failed to open libwvm.so
E/WVMExtractor(   62): Failed to open libwvm.so
E/WVMExtractor(   62): Failed to open libwvm.so
E/WVMExtractor(   62): Failed to open libwvm.so
E/WVMExtractor(   62): Failed to open libwvm.so
E/WVMExtractor(   62): Failed to open libwvm.so
E/WVMExtractor(   62): Failed to open libwvm.so
E/WVMExtractor(   62): Failed to open libwvm.so
W/BackupManagerService(  234): dataChanged but no participant pkg='com.android.providers.settings' uid=10011
E/WVMExtractor(   62): Failed to open libwvm.so
E/MetadataRetrieverClient(   62): failed to extract an album art
E/WVMExtractor(   62): Failed to open libwvm.so
E/WVMExtractor(   62): Failed to open libwvm.so
E/WVMExtractor(   62): Failed to open libwvm.so
E/WVMExtractor(   62): Failed to open libwvm.so
E/WVMExtractor(   62): Failed to open libwvm.so
E/WVMExtractor(   62): Failed to open libwvm.so
E/WVMExtractor(   62): Failed to open libwvm.so
E/WVMExtractor(   62): Failed to open libwvm.so
E/WVMExtractor(   62): Failed to open libwvm.so
E/WVMExtractor(   62): Failed to open libwvm.so
E/WVMExtractor(   62): Failed to open libwvm.so
E/WVMExtractor(   62): Failed to open libwvm.so
E/WVMExtractor(   62): Failed to open libwvm.so
E/WVMExtractor(   62): Failed to open libwvm.so
