D/InputEventConsistencyVerifier(  664): KeyEvent: ACTION_UP but key was not down.
D/InputEventConsistencyVerifier(  664):   in com.android.internal.policy.impl.PhoneWindow$DecorView@b415a988
D/InputEventConsistencyVerifier(  664):   0: sent at 128981000000, KeyEvent { action=ACTION_UP, keyCode=KEYCODE_DPAD_RIGHT, scanCode=0, metaState=0, flags=0x8, repeatCount=0, eventTime=128981, downTime=128981, deviceId=-1, source=0x101 }
W/dalvikvm( 1041): DroidBox: { "FdAccess": { "path": "2f6465762f696e7075742f6576656e7430", "id": "1339857712" } }
W/DroidBox( 1041): DroidBox: { "FileRW": { "operation": "write", "data": "efbfbd060000efbfbdefbfbd0c000500000000000000", "id": "1339857712" } }
I/ActivityManager(  227): START {act=android.search.action.GLOBAL_SEARCH flg=0x10000000 cmp=com.android.quicksearchbox/.SearchActivity bnds=[5,43][475,103] (has extras) u=0} from pid 664
E/Trace   ( 1074): error opening trace file: No such file or directory (2)
W/DroidBox( 1074): DroidBox: { "DexClassLoader": { "path": "/data/app/csllc.CellShark-1.apk" } }
I/dalvikvm-heap(  664): Grow heap (frag case) to 15.001MB for 1463056-byte allocation
I/CS      ( 1074): Starting main activity.
I/WindowManager(  227): Switching to real app window: Window{b423fd58 csllc.CellShark/csllc.CellShark.activities.CellSharkActivity paused=false}
I/Choreographer(  664): Skipped 304 frames!  The application may be doing too much work on its main thread.
W/InputMethodManagerService(  227): Starting input on non-focused client com.android.internal.view.IInputMethodClient$Stub$Proxy@b3f446d8 (uid=10019 pid=664)
D/InputEventConsistencyVerifier(  664): KeyEvent: ACTION_UP but key was not down.
D/InputEventConsistencyVerifier(  664):   in com.android.launcher2.Cling@b41a0408
D/InputEventConsistencyVerifier(  664):   0: sent at 129411000000, KeyEvent { action=ACTION_UP, keyCode=KEYCODE_DPAD_DOWN, scanCode=0, metaState=0, flags=0x8, repeatCount=0, eventTime=129411, downTime=129411, deviceId=-1, source=0x101 }
V/PhoneStatusBar(  481): setLightsOn(true)
I/Choreographer( 1074): Skipped 200 frames!  The application may be doing too much work on its main thread.
D/InputEventConsistencyVerifier( 1074): KeyEvent: ACTION_UP but key was not down.
D/InputEventConsistencyVerifier( 1074):   in com.android.internal.policy.impl.PhoneWindow$DecorView@b3e37578
D/InputEventConsistencyVerifier( 1074):   0: sent at 131583000000, KeyEvent { action=ACTION_UP, keyCode=KEYCODE_DPAD_LEFT, scanCode=0, metaState=0, flags=0x400, repeatCount=0, eventTime=131583, downTime=131583, deviceId=-1, source=0x101 }
D/InputEventConsistencyVerifier( 1074):   -- recent events --
D/InputEventConsistencyVerifier( 1074):   1: sent at 131490000000, (unhandled) MotionEvent { action=ACTION_MOVE, id[0]=0, x[0]=-2.0, y[0]=1.0, toolType[0]=TOOL_TYPE_UNKNOWN, buttonState=0, metaState=0, flags=0x0, edgeFlags=0x0, pointerCount=1, historySize=9, eventTime=131490, downTime=-1, deviceId=0, source=0x10004 }
D/InputEventConsistencyVerifier( 1074):   2: sent at 131443000000, (unhandled) MotionEvent { action=ACTION_UP, id[0]=0, x[0]=432.0, y[0]=722.0, toolType[0]=TOOL_TYPE_UNKNOWN, buttonState=0, metaState=0, flags=0x1, edgeFlags=0x0, pointerCount=1, historySize=0, eventTime=131443, downTime=131399, deviceId=0, source=0x1002 }
D/InputEventConsistencyVerifier( 1074):   3: sent at 131399000000, (unhandled) MotionEvent { action=ACTION_DOWN, id[0]=0, x[0]=427.0, y[0]=724.0, toolType[0]=TOOL_TYPE_UNKNOWN, buttonState=0, metaState=0, flags=0x1, edgeFlags=0x0, pointerCount=1, historySize=0, eventTime=131399, downTime=131399, deviceId=0, source=0x1002 }
D/InputEventConsistencyVerifier( 1074):   4: sent at 131215000000, (unhandled) KeyEvent { action=ACTION_UP, keyCode=KEYCODE_MENU, scanCode=0, metaState=0, flags=0x8, repeatCount=0, eventTime=131215, downTime=131215, deviceId=-1, source=0x101 }
D/InputEventConsistencyVerifier( 1074):   5: sent at 129507000000, (unhandled) KeyEvent { action=ACTION_DOWN, keyCode=KEYCODE_MENU, scanCode=0, metaState=0, flags=0x8, repeatCount=0, eventTime=129507, downTime=129507, deviceId=-1, source=0x101 }
D/InputEventConsistencyVerifier( 1074): KeyEvent: ACTION_UP but key was not down.
D/InputEventConsistencyVerifier( 1074):   in android.widget.Button@b3e454a0
D/InputEventConsistencyVerifier( 1074):   0: sent at 131633000000, KeyEvent { action=ACTION_UP, keyCode=KEYCODE_DPAD_DOWN, scanCode=0, metaState=0, flags=0x8, repeatCount=0, eventTime=131633, downTime=131633, deviceId=-1, source=0x101 }
E/WVMExtractor(   62): Failed to open libwvm.so
D/gralloc_goldfish( 1074): Emulator without GPU emulation detected.
I/ActivityManager(  227): Displayed csllc.CellShark/.activities.CellSharkActivity: +3s323ms
I/Choreographer( 1074): Skipped 34 frames!  The application may be doing too much work on its main thread.
I/Launcher(  664): setLoadOnResume
I/ActivityManager(  227): START {cmp=csllc.CellShark/.activities.CreateAccountActivity u=0} from pid 1074
W/WindowManager(  227): Failure taking screenshot for (246x410) to layer 21010
I/Launcher(  664): setLoadOnResume
W/dalvikvm(  227): DroidBox: { "FdAccess": { "path": "2f70726f632f313034312f636d646c696e65", "id": "1540014682" } }
W/DroidBox(  227): DroidBox: { "FileRW": { "operation": "read", "data": "636f6d2e616e64726f69642e636f6d6d616e64732e6d6f6e6b65790000000000000000000000000000000000000000000000000000000000000000000000000000000000000000000000000000000000000000000000003164666166333263622e61706b", "id": "1540014682" } }
W/dalvikvm(  227): DroidBox: { "FdAccess": { "path": "2f70726f632f313035372f636d646c696e65", "id": "326355953" } }
I/Launcher(  664): setLoadOnResume
W/DroidBox(  227): DroidBox: { "FileRW": { "operation": "read", "data": "636f6d2e616e64726f69642e717569636b736561726368626f78000000000000000000000000000000000000000000000000000000000000000000000000000000000000000000000000000000000000000000000000003164666166333263622e61706b", "id": "326355953" } }
W/dalvikvm(  227): DroidBox: { "FdAccess": { "path": "2f70726f632f313037342f636d646c696e65", "id": "582747676" } }
W/DroidBox(  227): DroidBox: { "FileRW": { "operation": "read", "data": "63736c6c632e43656c6c536861726b0000000000000000000000000000000000000000000000000000000000000000000000000000000000000000000000000000000000000000000000000000000000000000000000003164666166333263622e61706b", "id": "582747676" } }
I/CS      ( 1074): Starting create account activity.
E/WVMExtractor(   62): Failed to open libwvm.so
V/PhoneStatusBar(  481): setLightsOn(true)
I/ContactsDatabaseHelper(  636): Locale change completed in 6273ms
I/ContactsDatabaseHelper(  636): Switching to locale en_US
I/Choreographer( 1074): Skipped 217 frames!  The application may be doing too much work on its main thread.
I/ActivityManager(  227): Displayed csllc.CellShark/.activities.CreateAccountActivity: +1s823ms
I/Choreographer( 1074): Skipped 173 frames!  The application may be doing too much work on its main thread.
I/CS      ( 1074): Stopping main activity.
D/InputEventConsistencyVerifier( 1074): KeyEvent: ACTION_UP but key was not down.
D/InputEventConsistencyVerifier( 1074):   in android.widget.LinearLayout@b3e80270
D/InputEventConsistencyVerifier( 1074):   0: sent at 135218000000, KeyEvent { action=ACTION_UP, keyCode=KEYCODE_DPAD_DOWN, scanCode=0, metaState=0, flags=0x400, repeatCount=0, eventTime=135218, downTime=135218, deviceId=-1, source=0x101 }
D/gralloc_goldfish(  535): Emulator without GPU emulation detected.
I/dalvikvm-heap(  535): Grow heap (frag case) to 10.147MB for 591376-byte allocation
I/Choreographer(  535): Skipped 181 frames!  The application may be doing too much work on its main thread.
D/InputEventConsistencyVerifier( 1074): KeyEvent: ACTION_UP but key was not down.
D/InputEventConsistencyVerifier( 1074):   in android.widget.LinearLayout@b3e83398
D/InputEventConsistencyVerifier( 1074):   0: sent at 135221000000, KeyEvent { action=ACTION_UP, keyCode=KEYCODE_DPAD_DOWN, scanCode=0, metaState=0, flags=0x400, repeatCount=0, eventTime=135221, downTime=135221, deviceId=-1, source=0x101 }
I/Choreographer(  535): Skipped 88 frames!  The application may be doing too much work on its main thread.
D/InputEventConsistencyVerifier( 1074): KeyEvent: ACTION_UP but key was not down.
D/InputEventConsistencyVerifier( 1074):   in android.widget.LinearLayout@b3e85f70
D/InputEventConsistencyVerifier( 1074):   0: sent at 135221000000, KeyEvent { action=ACTION_UP, keyCode=KEYCODE_DPAD_DOWN, scanCode=0, metaState=0, flags=0x400, repeatCount=0, eventTime=135221, downTime=135221, deviceId=-1, source=0x101 }
I/Choreographer(  535): Skipped 154 frames!  The application may be doing too much work on its main thread.
I/InputDispatcher(  227): Window 'Window{b4067548 csllc.CellShark/csllc.CellShark.activities.CreateAccountActivity paused=false}' spent 4351.8ms processing the last input event: KeyEvent(action=0, deviceId=-1, source=0x00000101)
I/ActivityManager(  227): START {act=android.intent.action.MAIN cat=[android.intent.category.HOME] flg=0x10200000 cmp=com.android.launcher/com.android.launcher2.Launcher u=0} from pid 227
I/Choreographer( 1074): Skipped 38 frames!  The application may be doing too much work on its main thread.
D/InputEventConsistencyVerifier( 1074): TrackballEvent: Trackball is down but pressure is not greater than 0.
D/InputEventConsistencyVerifier( 1074):   in android.view.ViewRootImpl@b3e48c38
D/InputEventConsistencyVerifier( 1074):   0: sent at 139757000000, MotionEvent { action=ACTION_DOWN, id[0]=0, x[0]=0.0, y[0]=0.0, toolType[0]=TOOL_TYPE_UNKNOWN, buttonState=0, metaState=0, flags=0x0, edgeFlags=0x0, pointerCount=1, historySize=0, eventTime=139757, downTime=139719, deviceId=0, source=0x10004 }
D/InputEventConsistencyVerifier( 1074):   -- recent events --
D/InputEventConsistencyVerifier( 1074):   1: sent at 139754000000, MotionEvent { action=ACTION_MOVE, id[0]=0, x[0]=-2.0, y[0]=4.0, toolType[0]=TOOL_TYPE_UNKNOWN, buttonState=0, metaState=0, flags=0x0, edgeFlags=0x0, pointerCount=1, historySize=9, eventTime=139754, downTime=-1, deviceId=0, source=0x10004 }
D/InputEventConsistencyVerifier( 1074):   2: sent at 139653000000, KeyEvent { action=ACTION_UP, keyCode=KEYCODE_P, scanCode=0, metaState=0, flags=0x8, repeatCount=0, eventTime=139653, downTime=139653, deviceId=-1, source=0x101 }
D/InputEventConsistencyVerifier( 1074):   3: sent at 139586000000, KeyEvent { action=ACTION_DOWN, keyCode=KEYCODE_P, scanCode=0, metaState=0, flags=0x8, repeatCount=0, eventTime=139586, downTime=139586, deviceId=-1, source=0x101 }
D/InputEventConsistencyVerifier( 1074):   4: sent at 135234000000, KeyEvent { action=ACTION_UP, keyCode=KEYCODE_MENU, scanCode=0, metaState=0, flags=0x8, repeatCount=0, eventTime=135234, downTime=135234, deviceId=-1, source=0x101 }
D/InputEventConsistencyVerifier( 1074):   5: sent at 134567000000, KeyEvent { action=ACTION_DOWN, keyCode=KEYCODE_MENU, scanCode=0, metaState=0, flags=0x8, repeatCount=0, eventTime=134567, downTime=134567, deviceId=-1, source=0x101 }
I/Choreographer( 1074): Skipped 31 frames!  The application may be doing too much work on its main thread.
I/InputDispatcher(  227): Dropped event because of pending overdue app switch.
W/InputManager(  227): Input event injection from pid 1041 failed.
E/WVMExtractor(   62): Failed to open libwvm.so
I/Choreographer(  535): Skipped 124 frames!  The application may be doing too much work on its main thread.
I/Choreographer(  535): Skipped 83 frames!  The application may be doing too much work on its main thread.
I/Choreographer(  535): Skipped 119 frames!  The application may be doing too much work on its main thread.
D/InputEventConsistencyVerifier( 1074): KeyEvent: ACTION_UP but key was not down.
D/InputEventConsistencyVerifier( 1074):   in android.widget.LinearLayout@b3e85f70
D/InputEventConsistencyVerifier( 1074):   0: sent at 139967000000, KeyEvent { action=ACTION_UP, keyCode=KEYCODE_DPAD_DOWN, scanCode=0, metaState=0, flags=0x400, repeatCount=0, eventTime=139967, downTime=139967, deviceId=-1, source=0x101 }
D/InputEventConsistencyVerifier( 1074):   -- recent events --
D/InputEventConsistencyVerifier( 1074):   1: sent at 139759000000, (unhandled) MotionEvent { action=ACTION_UP, id[0]=0, x[0]=0.0, y[0]=0.0, toolType[0]=TOOL_TYPE_UNKNOWN, buttonState=0, metaState=0, flags=0x0, edgeFlags=0x0, pointerCount=1, historySize=0, eventTime=139759, downTime=139719, deviceId=0, source=0x10004 }
D/InputEventConsistencyVerifier( 1074):   2: sent at 139757000000, (unhandled) MotionEvent { action=ACTION_DOWN, id[0]=0, x[0]=0.0, y[0]=0.0, toolType[0]=TOOL_TYPE_UNKNOWN, buttonState=0, metaState=0, flags=0x80000000, edgeFlags=0x0, pointerCount=1, historySize=0, eventTime=139757, downTime=139719, deviceId=0, source=0x10004 }
D/InputEventConsistencyVerifier( 1074):   3: sent at 139754000000, (unhandled) MotionEvent { action=ACTION_MOVE, id[0]=0, x[0]=-2.0, y[0]=4.0, toolType[0]=TOOL_TYPE_UNKNOWN, buttonState=0, metaState=0, flags=0x0, edgeFlags=0x0, pointerCount=1, historySize=9, eventTime=139754, downTime=-1, deviceId=0, source=0x10004 }
D/InputEventConsistencyVerifier( 1074):   4: sent at 139653000000, (unhandled) KeyEvent { action=ACTION_UP, keyCode=KEYCODE_P, scanCode=0, metaState=0, flags=0x8, repeatCount=0, eventTime=139653, downTime=139653, deviceId=-1, source=0x101 }
D/InputEventConsistencyVerifier( 1074):   5: sent at 139586000000, KeyEvent { action=ACTION_DOWN, keyCode=KEYCODE_P, scanCode=0, metaState=0, flags=0x8, repeatCount=0, eventTime=139586, downTime=139586, deviceId=-1, source=0x101 }
I/Choreographer(  535): Skipped 98 frames!  The application may be doing too much work on its main thread.
D/InputEventConsistencyVerifier( 1074): KeyEvent: ACTION_UP but key was not down.
D/InputEventConsistencyVerifier( 1074):   in android.widget.LinearLayout@b3e88438
D/InputEventConsistencyVerifier( 1074):   0: sent at 139968000000, KeyEvent { action=ACTION_UP, keyCode=KEYCODE_DPAD_DOWN, scanCode=0, metaState=0, flags=0x400, repeatCount=0, eventTime=139968, downTime=139968, deviceId=-1, source=0x101 }
I/Choreographer(  535): Skipped 109 frames!  The application may be doing too much work on its main thread.
I/InputDispatcher(  227): Window 'Window{b4067548 csllc.CellShark/csllc.CellShark.activities.CreateAccountActivity paused=false}' spent 3684.5ms processing the last input event: KeyEvent(action=0, deviceId=-1, source=0x00000101)
I/InputDispatcher(  227): Window 'Window{b4067548 csllc.CellShark/csllc.CellShark.activities.CreateAccountActivity paused=false}' spent 3575.8ms processing the last input event: KeyEvent(action=1, deviceId=-1, source=0x00000101)
I/InputAttributes(  535): InputType.TYPE_NULL is specified
I/Choreographer(  535): Skipped 136 frames!  The application may be doing too much work on its main thread.
D/InputEventConsistencyVerifier( 1074): KeyEvent: ACTION_UP but key was not down.
D/InputEventConsistencyVerifier( 1074):   in android.widget.Button@b3e8d488
D/InputEventConsistencyVerifier( 1074):   0: sent at 144874000000, KeyEvent { action=ACTION_UP, keyCode=KEYCODE_DPAD_LEFT, scanCode=0, metaState=0, flags=0x8, repeatCount=0, eventTime=144874, downTime=144874, deviceId=-1, source=0x101 }
E/WVMExtractor(   62): Failed to open libwvm.so
I/InputAttributes(  535): InputType.TYPE_NULL is specified
I/Choreographer( 1074): Skipped 64 frames!  The application may be doing too much work on its main thread.
I/Choreographer(  535): Skipped 175 frames!  The application may be doing too much work on its main thread.
D/InputEventConsistencyVerifier( 1074): KeyEvent: ACTION_UP but key was not down.
D/InputEventConsistencyVerifier( 1074):   in com.android.internal.policy.impl.PhoneWindow$DecorView@b3e66b40
D/InputEventConsistencyVerifier( 1074):   0: sent at 145128000000, KeyEvent { action=ACTION_UP, keyCode=KEYCODE_DPAD_DOWN, scanCode=0, metaState=0, flags=0x400, repeatCount=0, eventTime=145128, downTime=145128, deviceId=-1, source=0x101 }
D/InputEventConsistencyVerifier( 1074):   -- recent events --
D/InputEventConsistencyVerifier( 1074):   1: sent at 144996000000, (unhandled) MotionEvent { action=ACTION_MOVE, id[0]=0, x[0]=-2.0, y[0]=3.0, toolType[0]=TOOL_TYPE_UNKNOWN, buttonState=0, metaState=0, flags=0x0, edgeFlags=0x0, pointerCount=1, historySize=9, eventTime=144996, downTime=-1, deviceId=0, source=0x10004 }
D/InputEventConsistencyVerifier( 1074):   2: sent at 145004000000, MotionEvent { action=ACTION_DOWN, id[0]=0, x[0]=353.0, y[0]=293.0, toolType[0]=TOOL_TYPE_UNKNOWN, buttonState=0, metaState=0, flags=0x0, edgeFlags=0x0, pointerCount=1, historySize=0, eventTime=145004, downTime=145002, deviceId=0, source=0x1002 }
D/InputEventConsistencyVerifier( 1074):   3: sent at 144874000000, (unhandled) KeyEvent { action=ACTION_UP, keyCode=KEYCODE_DPAD_LEFT, scanCode=0, metaState=0, flags=0x8, repeatCount=0, eventTime=144874, downTime=144874, deviceId=-1, source=0x101 }
D/InputEventConsistencyVerifier( 1074):   4: sent at 144217000000, (unhandled) KeyEvent { action=ACTION_DOWN, keyCode=KEYCODE_DPAD_LEFT, scanCode=0, metaState=0, flags=0x8, repeatCount=0, eventTime=144217, downTime=144217, deviceId=-1, source=0x101 }
D/InputEventConsistencyVerifier( 1074):   5: sent at 144005000000, (unhandled) KeyEvent { action=ACTION_UP, keyCode=KEYCODE_DPAD_DOWN, scanCode=0, metaState=0, flags=0x8, repeatCount=0, eventTime=144005, downTime=144005, deviceId=-1, source=0x101 }
I/Choreographer(  535): Skipped 140 frames!  The application may be doing too much work on its main thread.
I/Choreographer(  535): Skipped 73 frames!  The application may be doing too much work on its main thread.
I/InputDispatcher(  227): Window 'Window{b4067548 csllc.CellShark/csllc.CellShark.activities.CreateAccountActivity paused=false}' spent 2251.5ms processing the last input event: MotionEvent(action=261, deviceId=0, source=0x00001002)
I/InputDispatcher(  227): Window 'Window{b4067548 csllc.CellShark/csllc.CellShark.activities.CreateAccountActivity paused=false}' spent 2250.9ms processing the last input event: MotionEvent(action=2, deviceId=0, source=0x00001002)
I/InputDispatcher(  227): Window 'Window{b4067548 csllc.CellShark/csllc.CellShark.activities.CreateAccountActivity paused=false}' spent 2246.4ms processing the last input event: MotionEvent(action=262, deviceId=0, source=0x00001002)
I/InputDispatcher(  227): Window 'Window{b4067548 csllc.CellShark/csllc.CellShark.activities.CreateAccountActivity paused=false}' spent 2245.2ms processing the last input event: MotionEvent(action=1, deviceId=0, source=0x00001002)
I/InputDispatcher(  227): Window 'Window{b4067548 csllc.CellShark/csllc.CellShark.activities.CreateAccountActivity paused=false}' spent 2232.7ms processing the last input event: MotionEvent(action=0, deviceId=0, source=0x00001002)
I/InputDispatcher(  227): Window 'Window{b4067548 csllc.CellShark/csllc.CellShark.activities.CreateAccountActivity paused=false}' spent 2260.6ms processing the last input event: MotionEvent(action=2, deviceId=0, source=0x00001002)
I/InputDispatcher(  227): Window 'Window{b4067548 csllc.CellShark/csllc.CellShark.activities.CreateAccountActivity paused=false}' spent 2259.6ms processing the last input event: MotionEvent(action=2, deviceId=0, source=0x00001002)
I/InputDispatcher(  227): Window 'Window{b4067548 csllc.CellShark/csllc.CellShark.activities.CreateAccountActivity paused=false}' spent 2262.0ms processing the last input event: MotionEvent(action=2, deviceId=0, source=0x00001002)
I/InputDispatcher(  227): Window 'Window{b4067548 csllc.CellShark/csllc.CellShark.activities.CreateAccountActivity paused=false}' spent 2263.3ms processing the last input event: MotionEvent(action=2, deviceId=0, source=0x00001002)
I/InputDispatcher(  227): Window 'Window{b4067548 csllc.CellShark/csllc.CellShark.activities.CreateAccountActivity paused=false}' spent 2267.2ms processing the last input event: MotionEvent(action=2, deviceId=0, source=0x00001002)
I/InputDispatcher(  227): Window 'Window{b4067548 csllc.CellShark/csllc.CellShark.activities.CreateAccountActivity paused=false}' spent 2267.1ms processing the last input event: MotionEvent(action=2, deviceId=0, source=0x00001002)
I/InputDispatcher(  227): Window 'Window{b4067548 csllc.CellShark/csllc.CellShark.activities.CreateAccountActivity paused=false}' spent 2266.7ms processing the last input event: MotionEvent(action=2, deviceId=0, source=0x00001002)
I/InputDispatcher(  227): Window 'Window{b4067548 csllc.CellShark/csllc.CellShark.activities.CreateAccountActivity paused=false}' spent 2259.9ms processing the last input event: MotionEvent(action=2, deviceId=0, source=0x00001002)
I/InputDispatcher(  227): Window 'Window{b4067548 csllc.CellShark/csllc.CellShark.activities.CreateAccountActivity paused=false}' spent 2260.7ms processing the last input event: MotionEvent(action=1, deviceId=0, source=0x00001002)
I/InputDispatcher(  227): Window 'Window{b4067548 csllc.CellShark/csllc.CellShark.activities.CreateAccountActivity paused=false}' spent 2278.4ms processing the last input event: MotionEvent(action=2, deviceId=0, source=0x00010004)
I/InputDispatcher(  227): Window 'Window{b4067548 csllc.CellShark/csllc.CellShark.activities.CreateAccountActivity paused=false}' spent 2277.2ms processing the last input event: MotionEvent(action=2, deviceId=0, source=0x00010004)
I/InputDispatcher(  227): Window 'Window{b4067548 csllc.CellShark/csllc.CellShark.activities.CreateAccountActivity paused=false}' spent 2277.0ms processing the last input event: MotionEvent(action=2, deviceId=0, source=0x00010004)
I/InputDispatcher(  227): Window 'Window{b4067548 csllc.CellShark/csllc.CellShark.activities.CreateAccountActivity paused=false}' spent 2277.2ms processing the last input event: MotionEvent(action=2, deviceId=0, source=0x00010004)
I/InputDispatcher(  227): Window 'Window{b4067548 csllc.CellShark/csllc.CellShark.activities.CreateAccountActivity paused=false}' spent 2276.1ms processing the last input event: MotionEvent(action=2, deviceId=0, source=0x00010004)
I/Choreographer( 1074): Skipped 33 frames!  The application may be doing too much work on its main thread.
I/Choreographer(  535): Skipped 133 frames!  The application may be doing too much work on its main thread.
W/BackupManagerService(  227): dataChanged but no participant pkg='com.android.providers.settings' uid=10011
E/WVMExtractor(   62): Failed to open libwvm.so
E/MetadataRetrieverClient(   62): failed to extract an album art
D/InputEventConsistencyVerifier( 1074): KeyEvent: ACTION_UP but key was not down.
D/InputEventConsistencyVerifier( 1074):   in android.widget.LinearLayout@b3e83398
D/InputEventConsistencyVerifier( 1074):   0: sent at 148999000000, KeyEvent { action=ACTION_UP, keyCode=KEYCODE_DPAD_UP, scanCode=0, metaState=0, flags=0x400, repeatCount=0, eventTime=148999, downTime=148999, deviceId=-1, source=0x101 }
D/InputEventConsistencyVerifier( 1074):   -- recent events --
D/InputEventConsistencyVerifier( 1074):   1: sent at 145130000000, (unhandled) KeyEvent { action=ACTION_DOWN, keyCode=KEYCODE_DPAD_DOWN, scanCode=0, metaState=0, flags=0x400, repeatCount=0, eventTime=145130, downTime=145130, deviceId=-1, source=0x101 }
D/InputEventConsistencyVerifier( 1074):   2: sent at 145129000000, (unhandled) KeyEvent { action=ACTION_UP, keyCode=KEYCODE_DPAD_DOWN, scanCode=0, metaState=0, flags=0x400, repeatCount=0, eventTime=145129, downTime=145129, deviceId=-1, source=0x101 }
D/InputEventConsistencyVerifier( 1074):   3: sent at 139967000000, (unhandled) KeyEvent { action=ACTION_DOWN, keyCode=KEYCODE_DPAD_DOWN, scanCode=0, metaState=0, flags=0x400, repeatCount=0, eventTime=139967, downTime=139967, deviceId=-1, source=0x101 }
D/InputEventConsistencyVerifier( 1074):   4: sent at 139966000000, (unhandled) KeyEvent { action=ACTION_UP, keyCode=KEYCODE_DPAD_DOWN, scanCode=0, metaState=0, flags=0x400, repeatCount=0, eventTime=139966, downTime=139966, deviceId=-1, source=0x101 }
D/InputEventConsistencyVerifier( 1074):   5: sent at 135221000000, (unhandled) KeyEvent { action=ACTION_DOWN, keyCode=KEYCODE_DPAD_DOWN, scanCode=0, metaState=0, flags=0x400, repeatCount=0, eventTime=135221, downTime=135221, deviceId=-1, source=0x101 }
I/Choreographer(  535): Skipped 86 frames!  The application may be doing too much work on its main thread.
I/Choreographer(  535): Skipped 101 frames!  The application may be doing too much work on its main thread.
D/InputEventConsistencyVerifier( 1074): KeyEvent: ACTION_UP but key was not down.
D/InputEventConsistencyVerifier( 1074):   in android.widget.LinearLayout@b3e80270
D/InputEventConsistencyVerifier( 1074):   0: sent at 149000000000, KeyEvent { action=ACTION_UP, keyCode=KEYCODE_DPAD_UP, scanCode=0, metaState=0, flags=0x400, repeatCount=0, eventTime=149000, downTime=149000, deviceId=-1, source=0x101 }
D/InputEventConsistencyVerifier( 1074):   -- recent events --
D/InputEventConsistencyVerifier( 1074):   1: sent at 145129000000, (unhandled) KeyEvent { action=ACTION_DOWN, keyCode=KEYCODE_DPAD_DOWN, scanCode=0, metaState=0, flags=0x400, repeatCount=0, eventTime=145129, downTime=145129, deviceId=-1, source=0x101 }
D/InputEventConsistencyVerifier( 1074):   2: sent at 145128000000, (unhandled) KeyEvent { action=ACTION_UP, keyCode=KEYCODE_DPAD_DOWN, scanCode=0, metaState=0, flags=0x80000400, repeatCount=0, eventTime=145128, downTime=145128, deviceId=-1, source=0x101 }
D/InputEventConsistencyVerifier( 1074):   3: sent at 139966000000, (unhandled) KeyEvent { action=ACTION_DOWN, keyCode=KEYCODE_DPAD_DOWN, scanCode=0, metaState=0, flags=0x400, repeatCount=0, eventTime=139966, downTime=139966, deviceId=-1, source=0x101 }
D/InputEventConsistencyVerifier( 1074):   4: sent at 139965000000, (unhandled) KeyEvent { action=ACTION_UP, keyCode=KEYCODE_DPAD_DOWN, scanCode=0, metaState=0, flags=0x400, repeatCount=0, eventTime=139965, downTime=139965, deviceId=-1, source=0x101 }
D/InputEventConsistencyVerifier( 1074):   5: sent at 135221000000, (unhandled) KeyEvent { action=ACTION_DOWN, keyCode=KEYCODE_DPAD_DOWN, scanCode=0, metaState=0, flags=0x400, repeatCount=0, eventTime=135221, downTime=135221, deviceId=-1, source=0x101 }
D/InputEventConsistencyVerifier( 1074): KeyEvent: ACTION_UP but key was not down.
D/InputEventConsistencyVerifier( 1074):   in android.widget.LinearLayout@b3e6e678
D/InputEventConsistencyVerifier( 1074):   0: sent at 149001000000, KeyEvent { action=ACTION_UP, keyCode=KEYCODE_DPAD_UP, scanCode=0, metaState=0, flags=0x400, repeatCount=0, eventTime=149001, downTime=149001, deviceId=-1, source=0x101 }
D/InputEventConsistencyVerifier( 1074):   -- recent events --
D/InputEventConsistencyVerifier( 1074):   1: sent at 139965000000, (unhandled) KeyEvent { action=ACTION_DOWN, keyCode=KEYCODE_DPAD_DOWN, scanCode=0, metaState=0, flags=0x400, repeatCount=0, eventTime=139965, downTime=139965, deviceId=-1, source=0x101 }
D/InputEventConsistencyVerifier( 1074):   2: sent at 139853000000, MotionEvent { action=ACTION_UP, id[0]=0, x[0]=248.0, y[0]=4.0, toolType[0]=TOOL_TYPE_UNKNOWN, buttonState=0, metaState=0, flags=0x0, edgeFlags=0x0, pointerCount=1, historySize=0, eventTime=139853, downTime=139819, deviceId=0, source=0x1002 }
D/InputEventConsistencyVerifier( 1074):   3: sent at 139819000000, MotionEvent { action=ACTION_DOWN, id[0]=0, x[0]=257.0, y[0]=13.0, toolType[0]=TOOL_TYPE_UNKNOWN, buttonState=0, metaState=0, flags=0x0, edgeFlags=0x0, pointerCount=1, historySize=0, eventTime=139819, downTime=139819, deviceId=0, source=0x1002 }
D/InputEventConsistencyVerifier( 1074):   4: sent at 135218000000, (unhandled) KeyEvent { action=ACTION_DOWN, keyCode=KEYCODE_DPAD_DOWN, scanCode=0, metaState=0, flags=0x400, repeatCount=0, eventTime=135218, downTime=135218, deviceId=-1, source=0x101 }
D/InputEventConsistencyVerifier( 1074):   5: sent at 134557000000, (unhandled) MotionEvent { action=ACTION_MOVE, id[0]=0, x[0]=1.0, y[0]=3.0, toolType[0]=TOOL_TYPE_UNKNOWN, buttonState=0, metaState=0, flags=0x0, edgeFlags=0x0, pointerCount=1, historySize=9, eventTime=134557, downTime=-1, deviceId=0, source=0x10004 }
I/Choreographer(  535): Skipped 83 frames!  The application may be doing too much work on its main thread.
I/Choreographer(  535): Skipped 73 frames!  The application may be doing too much work on its main thread.
I/Choreographer(  535): Skipped 71 frames!  The application may be doing too much work on its main thread.
D/InputEventConsistencyVerifier( 1074): KeyEvent: ACTION_UP but key was not down.
D/InputEventConsistencyVerifier( 1074):   in android.widget.LinearLayout@b3e85f70
D/InputEventConsistencyVerifier( 1074):   0: sent at 150479000000, KeyEvent { action=ACTION_UP, keyCode=KEYCODE_DPAD_DOWN, scanCode=0, metaState=0, flags=0x400, repeatCount=0, eventTime=150479, downTime=150479, deviceId=-1, source=0x101 }
D/InputEventConsistencyVerifier( 1074):   -- recent events --
D/InputEventConsistencyVerifier( 1074):   1: sent at 148999000000, (unhandled) KeyEvent { action=ACTION_DOWN, keyCode=KEYCODE_DPAD_UP, scanCode=0, metaState=0, flags=0x400, repeatCount=0, eventTime=148999, downTime=148999, deviceId=-1, source=0x101 }
D/InputEventConsistencyVerifier( 1074):   2: sent at 145718000000, (unhandled) MotionEvent { action=ACTION_MOVE, id[0]=0, x[0]=-1.0, y[0]=-3.0, toolType[0]=TOOL_TYPE_UNKNOWN, buttonState=0, metaState=0, flags=0x0, edgeFlags=0x0, pointerCount=1, historySize=0, eventTime=145718, downTime=-1, deviceId=0, source=0x10004 }
D/InputEventConsistencyVerifier( 1074):   3: sent at 147431000000, (unhandled) KeyEvent { action=ACTION_UP, keyCode=KEYCODE_DPAD_LEFT, scanCode=0, metaState=0, flags=0x400, repeatCount=0, eventTime=147431, downTime=147431, deviceId=-1, source=0x101 }
D/InputEventConsistencyVerifier( 1074):   4: sent at 147431000000, (unhandled) KeyEvent { action=ACTION_DOWN, keyCode=KEYCODE_DPAD_LEFT, scanCode=0, metaState=0, flags=0x400, repeatCount=0, eventTime=147431, downTime=147431, deviceId=-1, source=0x101 }
D/InputEventConsistencyVerifier( 1074):   5: sent at 147431000000, (unhandled) KeyEvent { action=ACTION_UP, keyCode=KEYCODE_DPAD_LEFT, scanCode=0, metaState=0, flags=0x400, repeatCount=0, eventTime=147431, downTime=147431, deviceId=-1, source=0x101 }
I/Choreographer(  535): Skipped 83 frames!  The application may be doing too much work on its main thread.
I/ContactsDatabaseHelper(  636): Locale change completed in 18138ms
I/Choreographer( 1074): Skipped 30 frames!  The application may be doing too much work on its main thread.
W/dalvikvm(  636): DroidBox: { "FdAccess": { "path": "2f646174612f646174612f636f6d2e616e64726f69642e70726f7669646572732e636f6e74616374732f7368617265645f70726566732f636f6d2e616e64726f69642e70726f7669646572732e636f6e74616374735f707265666572656e6365732e786d6c", "id": "1712879619" } }
W/DroidBox(  636): DroidBox: { "FileRW": { "operation": "write", "data": "3c3f786d6c2076657273696f6e3d27312e302720656e636f64696e673d277574662d3827207374616e64616c6f6e653d2779657327203f3e0a3c6d61703e0a3c737472696e67206e616d653d226c6f63616c65223e656e5f55533c2f737472696e673e0a", "id": "1712879619" } }
E/WVMExtractor(   62): Failed to open libwvm.so
I/Choreographer( 1074): Skipped 35 frames!  The application may be doing too much work on its main thread.
I/ContactsProvider(  636): Upgrading aggregation algorithm
I/ContactAggregator(  636): Marked all visible contacts for aggregation: 0 raw contacts, 3 ms
I/ContactsProvider(  636): Aggregation algorithm upgraded for 0 raw contacts in 20ms
D/InputEventConsistencyVerifier( 1074): KeyEvent: ACTION_UP but key was not down.
D/InputEventConsistencyVerifier( 1074):   in android.widget.LinearLayout@b3e88438
D/InputEventConsistencyVerifier( 1074):   0: sent at 150480000000, KeyEvent { action=ACTION_UP, keyCode=KEYCODE_DPAD_DOWN, scanCode=0, metaState=0, flags=0x400, repeatCount=0, eventTime=150480, downTime=150480, deviceId=-1, source=0x101 }
D/InputEventConsistencyVerifier( 1074):   -- recent events --
D/InputEventConsistencyVerifier( 1074):   1: sent at 139859000000, (unhandled) KeyEvent { action=ACTION_DOWN, keyCode=KEYCODE_DPAD_RIGHT, scanCode=0, metaState=0, flags=0x8, repeatCount=0, eventTime=139859, downTime=139859, deviceId=-1, source=0x101 }
D/InputEventConsistencyVerifier( 1074):   2: sent at 140286000000, (unhandled) KeyEvent { action=ACTION_UP, keyCode=KEYCODE_NUMPAD_6, scanCode=0, metaState=0, flags=0x28, repeatCount=0, eventTime=140286, downTime=139859, deviceId=-1, source=0x101 }
D/InputEventConsistencyVerifier( 1074):   3: sent at 139859000000, (unhandled) KeyEvent { action=ACTION_DOWN, keyCode=KEYCODE_NUMPAD_6, scanCode=0, metaState=0, flags=0x8, repeatCount=0, eventTime=139859, downTime=139859, deviceId=-1, source=0x101 }
D/InputEventConsistencyVerifier( 1074):   4: sent at 140029000000, (unhandled) KeyEvent { action=ACTION_UP, keyCode=KEYCODE_DPAD_CENTER, scanCode=0, metaState=0, flags=0x400, repeatCount=0, eventTime=140029, downTime=140029, deviceId=-1, source=0x101 }
D/InputEventConsistencyVerifier( 1074):   5: sent at 140023000000, KeyEvent { action=ACTION_DOWN, keyCode=KEYCODE_DPAD_CENTER, scanCode=0, metaState=0, flags=0x400, repeatCount=0, eventTime=140023, downTime=140023, deviceId=-1, source=0x101 }
I/Choreographer( 1074): Skipped 45 frames!  The application may be doing too much work on its main thread.
I/InputDispatcher(  227): Window 'Window{b4067548 csllc.CellShark/csllc.CellShark.activities.CreateAccountActivity paused=false}' spent 2492.9ms processing the last input event: MotionEvent(action=2, deviceId=0, source=0x00010004)
D/InputEventConsistencyVerifier( 1074): KeyEvent: ACTION_DOWN but key is already down and this event is not a key repeat.
D/InputEventConsistencyVerifier( 1074):   in android.view.ViewRootImpl@b3e48c38
D/InputEventConsistencyVerifier( 1074):   0: sent at 153029000000, KeyEvent { action=ACTION_DOWN, keyCode=KEYCODE_DPAD_RIGHT, scanCode=0, metaState=0, flags=0x400, repeatCount=0, eventTime=153029, downTime=153029, deviceId=-1, source=0x101 }
D/InputEventConsistencyVerifier( 1074):   -- recent events --
D/InputEventConsistencyVerifier( 1074):   1: sent at 150483000000, MotionEvent { action=ACTION_MOVE, id[0]=0, x[0]=2.0, y[0]=1.0, toolType[0]=TOOL_TYPE_UNKNOWN, buttonState=0, metaState=0, flags=0x0, edgeFlags=0x0, pointerCount=1, historySize=0, eventTime=150483, downTime=-1, deviceId=0, source=0x10004 }
D/InputEventConsistencyVerifier( 1074):   2: sent at 149004000000, MotionEvent { action=ACTION_MOVE, id[0]=0, x[0]=-1.0, y[0]=-1.0, toolType[0]=TOOL_TYPE_UNKNOWN, buttonState=0, metaState=0, flags=0x0, edgeFlags=0x0, pointerCount=1, historySize=0, eventTime=149004, downTime=-1, deviceId=0, source=0x10004 }
D/InputEventConsistencyVerifier( 1074):   3: sent at 150480000000, KeyEvent { action=ACTION_UP, keyCode=KEYCODE_DPAD_DOWN, scanCode=0, metaState=0, flags=0x400, repeatCount=0, eventTime=150480, downTime=150480, deviceId=-1, source=0x101 }
D/InputEventConsistencyVerifier( 1074):   4: sent at 150480000000, KeyEvent { action=ACTION_DOWN, keyCode=KEYCODE_DPAD_DOWN, scanCode=0, metaState=0, flags=0x400, repeatCount=0, eventTime=150480, downTime=150480, deviceId=-1, source=0x101 }
D/InputEventConsistencyVerifier( 1074):   5: sent at 150479000000, KeyEvent { action=ACTION_UP, keyCode=KEYCODE_DPAD_DOWN, scanCode=0, metaState=0, flags=0x400, repeatCount=0, eventTime=150479, downTime=150479, deviceId=-1, source=0x101 }
I/Choreographer(  535): Skipped 167 frames!  The application may be doing too much work on its main thread.
I/Choreographer( 1074): Skipped 49 frames!  The application may be doing too much work on its main thread.
I/InputAttributes(  535): InputType.TYPE_NULL is specified
D/InputEventConsistencyVerifier( 1074): KeyEvent: ACTION_UP but key was not down.
D/InputEventConsistencyVerifier( 1074):   in android.widget.LinearLayout@b3e8cdc0
D/InputEventConsistencyVerifier( 1074):   0: sent at 153029000000, KeyEvent { action=ACTION_UP, keyCode=KEYCODE_DPAD_RIGHT, scanCode=0, metaState=0, flags=0x400, repeatCount=0, eventTime=153029, downTime=153029, deviceId=-1, source=0x101 }
D/InputEventConsistencyVerifier( 1074):   -- recent events --
D/InputEventConsistencyVerifier( 1074):   1: sent at 144874000000, (unhandled) KeyEvent { action=ACTION_UP, keyCode=KEYCODE_DPAD_LEFT, scanCode=0, metaState=0, flags=0x8, repeatCount=0, eventTime=144874, downTime=144874, deviceId=-1, source=0x101 }
D/InputEventConsistencyVerifier( 1074):   2: sent at 144217000000, (unhandled) KeyEvent { action=ACTION_DOWN, keyCode=KEYCODE_DPAD_LEFT, scanCode=0, metaState=0, flags=0x8, repeatCount=0, eventTime=144217, downTime=144217, deviceId=-1, source=0x101 }
D/InputEventConsistencyVerifier( 1074):   3: sent at 144005000000, (unhandled) KeyEvent { action=ACTION_UP, keyCode=KEYCODE_DPAD_DOWN, scanCode=0, metaState=0, flags=0x8, repeatCount=0, eventTime=144005, downTime=144005, deviceId=-1, source=0x101 }
D/InputEventConsistencyVerifier( 1074):   4: sent at 140288000000, (unhandled) KeyEvent { action=ACTION_DOWN, keyCode=KEYCODE_DPAD_DOWN, scanCode=0, metaState=0, flags=0x8, repeatCount=0, eventTime=140288, downTime=140288, deviceId=-1, source=0x101 }
I/ContactsFTS(  636): Rebuild contact search index in 1233ms, 0 contacts
I/Choreographer(  535): Skipped 241 frames!  The application may be doing too much work on its main thread.
I/InputDispatcher(  227): Window 'Window{b4067548 csllc.CellShark/csllc.CellShark.activities.CreateAccountActivity paused=false}' spent 2119.2ms processing the last input event: MotionEvent(action=2, deviceId=0, source=0x00010004)
I/InputAttributes(  535): InputType.TYPE_NULL is specified
D/InputEventConsistencyVerifier( 1074): KeyEvent: ACTION_UP but key was not down.
D/InputEventConsistencyVerifier( 1074):   in android.widget.Button@b3e8d488
D/InputEventConsistencyVerifier( 1074):   0: sent at 155162000000, KeyEvent { action=ACTION_UP, keyCode=KEYCODE_DPAD_LEFT, scanCode=0, metaState=0, flags=0x400, repeatCount=0, eventTime=155162, downTime=155162, deviceId=-1, source=0x101 }
D/InputEventConsistencyVerifier( 1074):   -- recent events --
D/InputEventConsistencyVerifier( 1074):   1: sent at 144874000000, (unhandled) KeyEvent { action=ACTION_UP, keyCode=KEYCODE_DPAD_LEFT, scanCode=0, metaState=0, flags=0x80000008, repeatCount=0, eventTime=144874, downTime=144874, deviceId=-1, source=0x101 }
I/Choreographer(  535): Skipped 61 frames!  The application may be doing too much work on its main thread.
E/WVMExtractor(   62): Failed to open libwvm.so
E/WVMExtractor(   62): Failed to open libwvm.so
W/WindowManager(  227): Failure taking screenshot for (246x410) to layer 21020
E/WVMExtractor(   62): Failed to open libwvm.so
V/PhoneStatusBar(  481): setLightsOn(true)
D/InputEventConsistencyVerifier( 1074): KeyEvent: ACTION_UP but key was not down.
D/InputEventConsistencyVerifier( 1074):   in android.view.ViewRootImpl@b3ea4c60
D/InputEventConsistencyVerifier( 1074):   0: sent at 156478000000, KeyEvent { action=ACTION_UP, keyCode=KEYCODE_MENU, scanCode=0, metaState=0, flags=0x8, repeatCount=0, eventTime=156478, downTime=156478, deviceId=-1, source=0x101 }
I/CS      ( 1074): Starting main activity.
I/Choreographer( 1074): Skipped 104 frames!  The application may be doing too much work on its main thread.
W/dalvikvm( 1010): DroidBox: { "FdAccess": { "path": "2f646174612f646174612f636f6d2e616e64726f69642e6d7573696366782f7368617265645f70726566732f6d7573696366782e786d6c", "id": "824576879" } }
W/DroidBox( 1010): DroidBox: { "FileRW": { "operation": "write", "data": "3c3f786d6c2076657273696f6e3d27312e302720656e636f64696e673d277574662d3827207374616e64616c6f6e653d2779657327203f3e0a3c6d61703e0a3c737472696e67206e616d653d2264656661756c7470616e656c7061636b616765223e636f", "id": "824576879" } }
I/Choreographer( 1074): Skipped 138 frames!  The application may be doing too much work on its main thread.
I/ActivityManager(  227): START {act=android.intent.action.MAIN cat=[android.intent.category.LAUNCHER] flg=0x10000000 cmp=com.android.browser/.BrowserActivity sel={act=android.intent.action.MAIN cat=[android.intent.category.APP_BROWSER]} u=0} from pid 227
I/Choreographer(  535): Skipped 36 frames!  The application may be doing too much work on its main thread.
I/ActivityManager(  227): No longer want com.android.provision (pid 606): hidden #16
D/InputEventConsistencyVerifier( 1074): KeyEvent: ACTION_UP but key was not down.
D/InputEventConsistencyVerifier( 1074):   in android.view.ViewRootImpl@b3ea4c60
D/InputEventConsistencyVerifier( 1074):   0: sent at 157504000000, KeyEvent { action=ACTION_UP, keyCode=KEYCODE_EXPLORER, scanCode=0, metaState=0, flags=0x8, repeatCount=0, eventTime=157504, downTime=157504, deviceId=-1, source=0x101 }
D/InputEventConsistencyVerifier( 1074):   -- recent events --
D/InputEventConsistencyVerifier( 1074):   1: sent at 157431000000, MotionEvent { action=ACTION_UP, id[0]=0, x[0]=292.0, y[0]=273.0, toolType[0]=TOOL_TYPE_UNKNOWN, buttonState=0, metaState=0, flags=0x0, edgeFlags=0x0, pointerCount=1, historySize=0, eventTime=157431, downTime=157400, deviceId=0, source=0x1002 }
D/InputEventConsistencyVerifier( 1074):   2: sent at 157427000000, MotionEvent { action=ACTION_MOVE, id[0]=0, x[0]=277.0, y[0]=264.0, toolType[0]=TOOL_TYPE_UNKNOWN, buttonState=0, metaState=0, flags=0x0, edgeFlags=0x0, pointerCount=1, historySize=0, eventTime=157427, downTime=157400, deviceId=0, source=0x1002 }
D/InputEventConsistencyVerifier( 1074):   3: sent at 157401000000, MotionEvent { action=ACTION_DOWN, id[0]=0, x[0]=270.0, y[0]=249.0, toolType[0]=TOOL_TYPE_UNKNOWN, buttonState=0, metaState=0, flags=0x0, edgeFlags=0x0, pointerCount=1, historySize=0, eventTime=157401, downTime=157400, deviceId=0, source=0x1002 }
D/InputEventConsistencyVerifier( 1074):   4: sent at 157153000000, KeyEvent { action=ACTION_UP, keyCode=KEYCODE_DPAD_RIGHT, scanCode=0, metaState=0, flags=0x8, repeatCount=0, eventTime=157153, downTime=157153, deviceId=-1, source=0x101 }
D/InputEventConsistencyVerifier( 1074):   5: sent at 157144000000, KeyEvent { action=ACTION_DOWN, keyCode=KEYCODE_DPAD_RIGHT, scanCode=0, metaState=0, flags=0x8, repeatCount=0, eventTime=157144, downTime=157144, deviceId=-1, source=0x101 }
I/ARMAssembler(   59): generated scanline__00000077:03515104_00009001_00000000 [131 ipp] (153 ins) at [0xb5ce3710:0xb5ce3974] in 0 ns
I/Choreographer(  535): Skipped 44 frames!  The application may be doing too much work on its main thread.
I/Choreographer( 1074): Skipped 156 frames!  The application may be doing too much work on its main thread.
E/WVMExtractor(   62): Failed to open libwvm.so
I/Choreographer( 1074): Skipped 106 frames!  The application may be doing too much work on its main thread.
D/InputEventConsistencyVerifier( 1074): KeyEvent: ACTION_UP but key was not down.
D/InputEventConsistencyVerifier( 1074):   in com.android.internal.policy.impl.PhoneWindow$DecorView@b3e37578
D/InputEventConsistencyVerifier( 1074):   0: sent at 158415000000, KeyEvent { action=ACTION_UP, keyCode=KEYCODE_DPAD_CENTER, scanCode=0, metaState=0, flags=0x8, repeatCount=0, eventTime=158415, downTime=158415, deviceId=-1, source=0x101 }
D/InputEventConsistencyVerifier( 1074):   -- recent events --
D/InputEventConsistencyVerifier( 1074):   1: sent at 157108000000, MotionEvent { action=ACTION_UP, id[0]=0, x[0]=37.0, y[0]=292.0, toolType[0]=TOOL_TYPE_UNKNOWN, buttonState=0, metaState=0, flags=0x0, edgeFlags=0x0, pointerCount=1, historySize=0, eventTime=157108, downTime=156835, deviceId=0, source=0x1002 }
D/InputEventConsistencyVerifier( 1074):   2: sent at 157080000000, MotionEvent { action=ACTION_MOVE, id[0]=0, x[0]=43.0, y[0]=295.0, toolType[0]=TOOL_TYPE_UNKNOWN, buttonState=0, metaState=0, flags=0x0, edgeFlags=0x0, pointerCount=1, historySize=2, eventTime=157080, downTime=156835, deviceId=0, source=0x1002 }
D/InputEventConsistencyVerifier( 1074):   3: sent at 156836000000, MotionEvent { action=ACTION_DOWN, id[0]=0, x[0]=57.0, y[0]=301.0, toolType[0]=TOOL_TYPE_UNKNOWN, buttonState=0, metaState=0, flags=0x0, edgeFlags=0x0, pointerCount=1, historySize=0, eventTime=156836, downTime=156835, deviceId=0, source=0x1002 }
D/InputEventConsistencyVerifier( 1074):   4: sent at 132659000000, KeyEvent { action=ACTION_UP, keyCode=KEYCODE_DPAD_CENTER, scanCode=0, metaState=0, flags=0x8, repeatCount=0, eventTime=132659, downTime=132659, deviceId=-1, source=0x101 }
D/InputEventConsistencyVerifier( 1074):   5: sent at 132483000000, KeyEvent { action=ACTION_DOWN, keyCode=KEYCODE_DPAD_CENTER, scanCode=0, metaState=0, flags=0x8, repeatCount=0, eventTime=132483, downTime=132483, deviceId=-1, source=0x101 }
I/Choreographer( 1074): Skipped 51 frames!  The application may be doing too much work on its main thread.
E/WVMExtractor(   62): Failed to open libwvm.so
D/InputEventConsistencyVerifier( 1074): KeyEvent: ACTION_UP but key was not down.
D/InputEventConsistencyVerifier( 1074):   in android.widget.Button@b3e454a0
D/InputEventConsistencyVerifier( 1074):   0: sent at 159670000000, KeyEvent { action=ACTION_UP, keyCode=KEYCODE_DPAD_DOWN, scanCode=0, metaState=0, flags=0x8, repeatCount=0, eventTime=159670, downTime=159670, deviceId=-1, source=0x101 }
D/InputEventConsistencyVerifier( 1074):   -- recent events --
D/InputEventConsistencyVerifier( 1074):   1: sent at 131726000000, (unhandled) KeyEvent { action=ACTION_UP, keyCode=KEYCODE_DPAD_LEFT, scanCode=0, metaState=0, flags=0x8, repeatCount=0, eventTime=131726, downTime=131726, deviceId=-1, source=0x101 }
D/InputEventConsistencyVerifier( 1074):   2: sent at 131722000000, (unhandled) KeyEvent { action=ACTION_DOWN, keyCode=KEYCODE_DPAD_LEFT, scanCode=0, metaState=0, flags=0x8, repeatCount=0, eventTime=131722, downTime=131722, deviceId=-1, source=0x101 }
D/InputEventConsistencyVerifier( 1074):   3: sent at 131633000000, (unhandled) KeyEvent { action=ACTION_UP, keyCode=KEYCODE_DPAD_DOWN, scanCode=0, metaState=0, flags=0x80000008, repeatCount=0, eventTime=131633, downTime=131633, deviceId=-1, source=0x101 }
I/ActivityManager(  227): START {cmp=csllc.CellShark/.activities.CreateAccountActivity u=0} from pid 1074
W/WindowManager(  227): Failure taking screenshot for (246x410) to layer 21010
E/WVMExtractor(   62): Failed to open libwvm.so
E/WVMExtractor(   62): Failed to open libwvm.so
I/CS      ( 1074): Starting create account activity.
E/WVMExtractor(   62): Failed to open libwvm.so
V/PhoneStatusBar(  481): setLightsOn(true)
D/InputEventConsistencyVerifier( 1074): KeyEvent: ACTION_UP but key was not down.
D/InputEventConsistencyVerifier( 1074):   in android.view.ViewRootImpl@b3f20a50
D/InputEventConsistencyVerifier( 1074):   0: sent at 160109000000, KeyEvent { action=ACTION_UP, keyCode=KEYCODE_MENU, scanCode=0, metaState=0, flags=0x8, repeatCount=0, eventTime=160109, downTime=160109, deviceId=-1, source=0x101 }
I/Choreographer( 1074): Skipped 176 frames!  The application may be doing too much work on its main thread.
I/ActivityManager(  227): Displayed csllc.CellShark/.activities.CreateAccountActivity: +1s194ms
I/Choreographer( 1074): Skipped 55 frames!  The application may be doing too much work on its main thread.
I/ARMAssembler(   59): generated scanline__00000077:03010104_00008002_00000000 [ 89 ipp] (110 ins) at [0xb5ce3978:0xb5ce3b30] in 0 ns
I/Choreographer(  535): Skipped 208 frames!  The application may be doing too much work on its main thread.
I/CS      ( 1074): Stopping create account activity.
E/WVMExtractor(   62): Failed to open libwvm.so
I/CS      ( 1074): Stopping main activity.
E/WVMExtractor(   62): Failed to open libwvm.so
I/InputDispatcher(  227): Window 'Window{b4191660 csllc.CellShark/csllc.CellShark.activities.CreateAccountActivity paused=false}' spent 2138.6ms processing the last input event: KeyEvent(action=0, deviceId=-1, source=0x00000101)
I/Choreographer( 1074): Skipped 62 frames!  The application may be doing too much work on its main thread.
E/WVMExtractor(   62): Failed to open libwvm.so
I/InputAttributes(  535): InputType.TYPE_NULL is specified
D/InputEventConsistencyVerifier( 1074): KeyEvent: ACTION_UP but key was not down.
D/InputEventConsistencyVerifier( 1074):   in android.widget.LinearLayout@b3f1dfe8
D/InputEventConsistencyVerifier( 1074):   0: sent at 164124000000, KeyEvent { action=ACTION_UP, keyCode=KEYCODE_DPAD_RIGHT, scanCode=0, metaState=0, flags=0x8, repeatCount=0, eventTime=164124, downTime=164124, deviceId=-1, source=0x101 }
I/Choreographer( 1074): Skipped 45 frames!  The application may be doing too much work on its main thread.
I/Choreographer( 1074): Skipped 47 frames!  The application may be doing too much work on its main thread.
I/Choreographer(  535): Skipped 188 frames!  The application may be doing too much work on its main thread.
I/Choreographer( 1074): Skipped 30 frames!  The application may be doing too much work on its main thread.
I/Choreographer( 1074): Skipped 51 frames!  The application may be doing too much work on its main thread.
W/BackupManagerService(  227): dataChanged but no participant pkg='com.android.providers.settings' uid=10050
I/Choreographer( 1074): Skipped 114 frames!  The application may be doing too much work on its main thread.
E/WVMExtractor(   62): Failed to open libwvm.so
D/PackageManager(  227): generateServicesMap(android.accounts.AccountAuthenticator): 2 services unchanged
D/PackageManager(  227): generateServicesMap(android.content.SyncAdapter): 4 services unchanged
D/InputEventConsistencyVerifier( 1074): KeyEvent: ACTION_UP but key was not down.
D/InputEventConsistencyVerifier( 1074):   in android.view.ViewRootImpl@b3f20a50
D/InputEventConsistencyVerifier( 1074):   0: sent at 167173000000, KeyEvent { action=ACTION_UP, keyCode=KEYCODE_MENU, scanCode=0, metaState=0, flags=0x8, repeatCount=0, eventTime=167173, downTime=167173, deviceId=-1, source=0x101 }
D/InputEventConsistencyVerifier( 1074):   -- recent events --
D/InputEventConsistencyVerifier( 1074):   1: sent at 164644000000, KeyEvent { action=ACTION_UP, keyCode=KEYCODE_DPAD_CENTER, scanCode=0, metaState=0, flags=0x8, repeatCount=0, eventTime=164644, downTime=164644, deviceId=-1, source=0x101 }
