D/InputEventConsistencyVerifier( 1074):   2: sent at 193576000000, MotionEvent { action=ACTION_UP, id[0]=0, x[0]=277.0, y[0]=312.0, toolType[0]=TOOL_TYPE_UNKNOWN, buttonState=0, metaState=0, flags=0x0, edgeFlags=0x0, pointerCount=1, historySize=0, eventTime=193576, downTime=193569, deviceId=0, source=0x1002 }
D/InputEventConsistencyVerifier( 1074):   3: sent at 193570000000, MotionEvent { action=ACTION_DOWN, id[0]=0, x[0]=280.0, y[0]=321.0, toolType[0]=TOOL_TYPE_UNKNOWN, buttonState=0, metaState=0, flags=0x0, edgeFlags=0x0, pointerCount=1, historySize=0, eventTime=193570, downTime=193569, deviceId=0, source=0x1002 }
D/InputEventConsistencyVerifier( 1074):   4: sent at 193239000000, KeyEvent { action=ACTION_UP, keyCode=KEYCODE_S, scanCode=0, metaState=0, flags=0x8, repeatCount=0, eventTime=193239, downTime=193239, deviceId=-1, source=0x101 }
D/InputEventConsistencyVerifier( 1074):   5: sent at 193092000000, KeyEvent { action=ACTION_DOWN, keyCode=KEYCODE_S, scanCode=0, metaState=0, flags=0x8, repeatCount=0, eventTime=193092, downTime=193092, deviceId=-1, source=0x101 }
I/Choreographer( 1074): Skipped 120 frames!  The application may be doing too much work on its main thread.
W/InputMethodManagerService(  227): Window already focused, ignoring focus gain of: com.android.internal.view.IInputMethodClient$Stub$Proxy@b408c270 attribute=null
E/WVMExtractor(   62): Failed to open libwvm.so
D/InputEventConsistencyVerifier( 1074): KeyEvent: ACTION_UP but key was not down.
D/InputEventConsistencyVerifier( 1074):   in android.widget.ListView@b3f81570
D/InputEventConsistencyVerifier( 1074):   0: sent at 195585000000, KeyEvent { action=ACTION_UP, keyCode=KEYCODE_DPAD_CENTER, scanCode=0, metaState=0, flags=0x8, repeatCount=0, eventTime=195585, downTime=195585, deviceId=-1, source=0x101 }
V/PhoneStatusBar(  481): setLightsOn(true)
W/InputEventReceiver( 1074): Attempted to finish an input event but the input event receiver has already been disposed.
E/WVMExtractor(   62): Failed to open libwvm.so
I/Choreographer( 1074): Skipped 208 frames!  The application may be doing too much work on its main thread.
W/InputMethodManagerService(  227): Window already focused, ignoring focus gain of: com.android.internal.view.IInputMethodClient$Stub$Proxy@b403f6c8 attribute=null
E/WVMExtractor(   62): Failed to open libwvm.so
I/Choreographer( 1074): Skipped 49 frames!  The application may be doing too much work on its main thread.
E/WVMExtractor(   62): Failed to open libwvm.so
D/InputEventConsistencyVerifier( 1074): TrackballEvent: Trackball is down but pressure is not greater than 0.
D/InputEventConsistencyVerifier( 1074):   in android.view.ViewRootImpl@b3f20a50
D/InputEventConsistencyVerifier( 1074):   0: sent at 196772000000, MotionEvent { action=ACTION_DOWN, id[0]=0, x[0]=0.0, y[0]=0.0, toolType[0]=TOOL_TYPE_UNKNOWN, buttonState=0, metaState=0, flags=0x0, edgeFlags=0x0, pointerCount=1, historySize=0, eventTime=196772, downTime=196590, deviceId=0, source=0x10004 }
D/InputEventConsistencyVerifier( 1074):   -- recent events --
D/InputEventConsistencyVerifier( 1074):   1: sent at 196814000000, KeyEvent { action=ACTION_UP, keyCode=KEYCODE_DPAD_LEFT, scanCode=0, metaState=0, flags=0x400, repeatCount=0, eventTime=196814, downTime=196814, deviceId=-1, source=0x101 }
D/InputEventConsistencyVerifier( 1074):   2: sent at 196814000000, KeyEvent { action=ACTION_DOWN, keyCode=KEYCODE_DPAD_LEFT, scanCode=0, metaState=0, flags=0x400, repeatCount=0, eventTime=196814, downTime=196814, deviceId=-1, source=0x101 }
D/InputEventConsistencyVerifier( 1074):   3: sent at 196814000000, KeyEvent { action=ACTION_UP, keyCode=KEYCODE_DPAD_LEFT, scanCode=0, metaState=0, flags=0x400, repeatCount=0, eventTime=196814, downTime=196814, deviceId=-1, source=0x101 }
D/InputEventConsistencyVerifier( 1074):   4: sent at 196814000000, KeyEvent { action=ACTION_DOWN, keyCode=KEYCODE_DPAD_LEFT, scanCode=0, metaState=0, flags=0x400, repeatCount=0, eventTime=196814, downTime=196814, deviceId=-1, source=0x101 }
D/InputEventConsistencyVerifier( 1074):   5: sent at 196812000000, KeyEvent { action=ACTION_UP, keyCode=KEYCODE_DPAD_LEFT, scanCode=0, metaState=0, flags=0x400, repeatCount=0, eventTime=196812, downTime=196812, deviceId=-1, source=0x101 }
I/Choreographer( 1074): Skipped 70 frames!  The application may be doing too much work on its main thread.
E/WVMExtractor(   62): Failed to open libwvm.so
E/WVMExtractor(   62): Failed to open libwvm.so
D/InputEventConsistencyVerifier( 1074): KeyEvent: ACTION_UP but key was not down.
D/InputEventConsistencyVerifier( 1074):   in android.widget.LinearLayout@b3f19708
D/InputEventConsistencyVerifier( 1074):   0: sent at 200592000000, KeyEvent { action=ACTION_UP, keyCode=KEYCODE_DPAD_DOWN, scanCode=0, metaState=0, flags=0x8, repeatCount=0, eventTime=200592, downTime=200592, deviceId=-1, source=0x101 }
D/InputEventConsistencyVerifier( 1074):   -- recent events --
D/InputEventConsistencyVerifier( 1074):   1: sent at 193239000000, (unhandled) KeyEvent { action=ACTION_UP, keyCode=KEYCODE_S, scanCode=0, metaState=0, flags=0x8, repeatCount=0, eventTime=193239, downTime=193239, deviceId=-1, source=0x101 }
D/InputEventConsistencyVerifier( 1074):   2: sent at 193092000000, KeyEvent { action=ACTION_DOWN, keyCode=KEYCODE_S, scanCode=0, metaState=0, flags=0x8, repeatCount=0, eventTime=193092, downTime=193092, deviceId=-1, source=0x101 }
D/InputEventConsistencyVerifier( 1074):   3: sent at 192275000000, (unhandled) KeyEvent { action=ACTION_UP, keyCode=KEYCODE_DPAD_LEFT, scanCode=0, metaState=0, flags=0x8, repeatCount=0, eventTime=192275, downTime=192275, deviceId=-1, source=0x101 }
D/InputEventConsistencyVerifier( 1074):   4: sent at 192049000000, KeyEvent { action=ACTION_DOWN, keyCode=KEYCODE_DPAD_LEFT, scanCode=0, metaState=0, flags=0x8, repeatCount=0, eventTime=192049, downTime=192049, deviceId=-1, source=0x101 }
D/InputEventConsistencyVerifier( 1074):   5: sent at 190001000000, (unhandled) KeyEvent { action=ACTION_UP, keyCode=KEYCODE_DPAD_DOWN, scanCode=0, metaState=0, flags=0x80000008, repeatCount=0, eventTime=190001, downTime=190001, deviceId=-1, source=0x101 }
I/Choreographer(  535): Skipped 152 frames!  The application may be doing too much work on its main thread.
I/Choreographer( 1074): Skipped 33 frames!  The application may be doing too much work on its main thread.
D/InputEventConsistencyVerifier( 1074): KeyEvent: ACTION_UP but key was not down.
D/InputEventConsistencyVerifier( 1074):   in android.widget.LinearLayout@b3f1bb78
D/InputEventConsistencyVerifier( 1074):   0: sent at 200847000000, KeyEvent { action=ACTION_UP, keyCode=KEYCODE_NUMPAD_2, scanCode=0, metaState=0, flags=0x8, repeatCount=0, eventTime=200847, downTime=200847, deviceId=-1, source=0x101 }
D/InputEventConsistencyVerifier( 1074):   -- recent events --
D/InputEventConsistencyVerifier( 1074):   1: sent at 174094000000, MotionEvent { action=ACTION_CANCEL, id[0]=0, x[0]=89.0, y[0]=363.0, toolType[0]=TOOL_TYPE_UNKNOWN, id[1]=1, x[1]=106.0, y[1]=127.0, toolType[1]=TOOL_TYPE_UNKNOWN, buttonState=0, metaState=0, flags=0x0, edgeFlags=0x0, pointerCount=2, historySize=6, eventTime=174094, downTime=173856, deviceId=0, source=0x1002 }
D/InputEventConsistencyVerifier( 1074):   2: sent at 174018000000, MotionEvent { action=ACTION_POINTER_DOWN(1), id[0]=0, x[0]=110.0, y[0]=55.0, toolType[0]=TOOL_TYPE_UNKNOWN, id[1]=1, x[1]=157.0, y[1]=-132.0, toolType[1]=TOOL_TYPE_UNKNOWN, buttonState=0, metaState=0, flags=0x0, edgeFlags=0x0, pointerCount=2, historySize=0, eventTime=174018, downTime=173856, deviceId=0, source=0x1002 }
D/InputEventConsistencyVerifier( 1074):   3: sent at 173978000000, MotionEvent { action=ACTION_DOWN, id[0]=0, x[0]=112.0, y[0]=47.0, toolType[0]=TOOL_TYPE_UNKNOWN, buttonState=0, metaState=0, flags=0x0, edgeFlags=0x0, pointerCount=1, historySize=0, eventTime=173978, downTime=173856, deviceId=0, source=0x1002 }
I/Choreographer( 1074): Skipped 36 frames!  The application may be doing too much work on its main thread.
E/WVMExtractor(   62): Failed to open libwvm.so
I/Choreographer(  535): Skipped 179 frames!  The application may be doing too much work on its main thread.
D/InputEventConsistencyVerifier( 1074): KeyEvent: ACTION_UP but key was not down.
D/InputEventConsistencyVerifier( 1074):   in android.widget.LinearLayout@b3f1bb78
D/InputEventConsistencyVerifier( 1074):   0: sent at 200847000000, KeyEvent { action=ACTION_UP, keyCode=KEYCODE_DPAD_DOWN, scanCode=0, metaState=0, flags=0x8, repeatCount=0, eventTime=200847, downTime=200847, deviceId=-1, source=0x101 }
D/InputEventConsistencyVerifier( 1074):   -- recent events --
D/InputEventConsistencyVerifier( 1074):   1: sent at 200847000000, (unhandled) KeyEvent { action=ACTION_UP, keyCode=KEYCODE_NUMPAD_2, scanCode=0, metaState=0, flags=0x80000008, repeatCount=0, eventTime=200847, downTime=200847, deviceId=-1, source=0x101 }
D/InputEventConsistencyVerifier( 1074):   2: sent at 174094000000, MotionEvent { action=ACTION_CANCEL, id[0]=0, x[0]=89.0, y[0]=363.0, toolType[0]=TOOL_TYPE_UNKNOWN, id[1]=1, x[1]=106.0, y[1]=127.0, toolType[1]=TOOL_TYPE_UNKNOWN, buttonState=0, metaState=0, flags=0x0, edgeFlags=0x0, pointerCount=2, historySize=6, eventTime=174094, downTime=173856, deviceId=0, source=0x1002 }
D/InputEventConsistencyVerifier( 1074):   3: sent at 174018000000, MotionEvent { action=ACTION_POINTER_DOWN(1), id[0]=0, x[0]=110.0, y[0]=55.0, toolType[0]=TOOL_TYPE_UNKNOWN, id[1]=1, x[1]=157.0, y[1]=-132.0, toolType[1]=TOOL_TYPE_UNKNOWN, buttonState=0, metaState=0, flags=0x0, edgeFlags=0x0, pointerCount=2, historySize=0, eventTime=174018, downTime=173856, deviceId=0, source=0x1002 }
D/InputEventConsistencyVerifier( 1074):   4: sent at 173978000000, MotionEvent { action=ACTION_DOWN, id[0]=0, x[0]=112.0, y[0]=47.0, toolType[0]=TOOL_TYPE_UNKNOWN, buttonState=0, metaState=0, flags=0x0, edgeFlags=0x0, pointerCount=1, historySize=0, eventTime=173978, downTime=173856, deviceId=0, source=0x1002 }
I/ActivityManager(  227): START {act=android.intent.action.MAIN cat=[android.intent.category.LAUNCHER] flg=0x10200000 cmp=csllc.CellShark/.activities.CellSharkActivity u=0} from pid 1041
E/WVMExtractor(   62): Failed to open libwvm.so
E/WVMExtractor(   62): Failed to open libwvm.so
I/Choreographer( 1074): Skipped 69 frames!  The application may be doing too much work on its main thread.
E/WVMExtractor(   62): Failed to open libwvm.so
I/Choreographer( 1074): Skipped 94 frames!  The application may be doing too much work on its main thread.
V/PhoneStatusBar(  481): setLightsOn(true)
E/WVMExtractor(   62): Failed to open libwvm.so
I/Choreographer( 1074): Skipped 133 frames!  The application may be doing too much work on its main thread.
W/InputMethodManagerService(  227): Window already focused, ignoring focus gain of: com.android.internal.view.IInputMethodClient$Stub$Proxy@b41e0478 attribute=null
I/Choreographer( 1074): Skipped 83 frames!  The application may be doing too much work on its main thread.
I/InputAttributes(  535): InputType.TYPE_NULL is specified
D/InputEventConsistencyVerifier( 1074): KeyEvent: ACTION_UP but key was not down.
D/InputEventConsistencyVerifier( 1074):   in android.widget.LinearLayout@b3f1dfe8
D/InputEventConsistencyVerifier( 1074):   0: sent at 204414000000, KeyEvent { action=ACTION_UP, keyCode=KEYCODE_DPAD_RIGHT, scanCode=0, metaState=0, flags=0x8, repeatCount=0, eventTime=204414, downTime=204414, deviceId=-1, source=0x101 }
D/InputEventConsistencyVerifier( 1074):   -- recent events --
D/InputEventConsistencyVerifier( 1074):   1: sent at 166521000000, (unhandled) KeyEvent { action=ACTION_DOWN, keyCode=KEYCODE_SPACE, scanCode=0, metaState=0, flags=0x0, repeatCount=0, eventTime=166521, downTime=166521, deviceId=-1, source=0x101 }
D/InputEventConsistencyVerifier( 1074):   2: sent at 167173000000, (unhandled) KeyEvent { action=ACTION_UP, keyCode=KEYCODE_MENU, scanCode=0, metaState=0, flags=0x80000008, repeatCount=0, eventTime=167173, downTime=167173, deviceId=-1, source=0x101 }
D/InputEventConsistencyVerifier( 1074):   3: sent at 164644000000, KeyEvent { action=ACTION_UP, keyCode=KEYCODE_DPAD_CENTER, scanCode=0, metaState=0, flags=0x8, repeatCount=0, eventTime=164644, downTime=164644, deviceId=-1, source=0x101 }
D/InputEventConsistencyVerifier( 1074):   4: sent at 164403000000, KeyEvent { action=ACTION_DOWN, keyCode=KEYCODE_DPAD_CENTER, scanCode=0, metaState=0, flags=0x8, repeatCount=0, eventTime=164403, downTime=164403, deviceId=-1, source=0x101 }
D/InputEventConsistencyVerifier( 1074):   5: sent at 164124000000, (unhandled) KeyEvent { action=ACTION_UP, keyCode=KEYCODE_DPAD_RIGHT, scanCode=0, metaState=0, flags=0x80000008, repeatCount=0, eventTime=164124, downTime=164124, deviceId=-1, source=0x101 }
I/Choreographer(  535): Skipped 133 frames!  The application may be doing too much work on its main thread.
E/WVMExtractor(   62): Failed to open libwvm.so
I/ActivityManager(  227): START {act=android.intent.action.MAIN cat=[android.intent.category.HOME] flg=0x10200000 cmp=com.android.launcher/com.android.launcher2.Launcher u=0} from pid 227
V/PhoneStatusBar(  481): setLightsOn(true)
D/InputEventConsistencyVerifier( 1074): KeyEvent: ACTION_UP but key was not down.
D/InputEventConsistencyVerifier( 1074):   in android.view.ViewRootImpl@b3f20a50
D/InputEventConsistencyVerifier( 1074):   0: sent at 206206000000, KeyEvent { action=ACTION_UP, keyCode=KEYCODE_DPAD_RIGHT, scanCode=0, metaState=0, flags=0x8, repeatCount=0, eventTime=206206, downTime=206206, deviceId=-1, source=0x101 }
D/InputEventConsistencyVerifier( 1074):   -- recent events --
D/InputEventConsistencyVerifier( 1074):   1: sent at 205668000000, KeyEvent { action=ACTION_UP, keyCode=KEYCODE_MENU, scanCode=0, metaState=0, flags=0x8, repeatCount=0, eventTime=205668, downTime=205668, deviceId=-1, source=0x101 }
D/InputEventConsistencyVerifier( 1074):   2: sent at 205605000000, KeyEvent { action=ACTION_DOWN, keyCode=KEYCODE_MENU, scanCode=0, metaState=0, flags=0x8, repeatCount=0, eventTime=205605, downTime=205605, deviceId=-1, source=0x101 }
D/InputEventConsistencyVerifier( 1074):   3: sent at 204941000000, KeyEvent { action=ACTION_UP, keyCode=KEYCODE_DPAD_DOWN, scanCode=0, metaState=0, flags=0x8, repeatCount=0, eventTime=204941, downTime=204941, deviceId=-1, source=0x101 }
D/InputEventConsistencyVerifier( 1074):   4: sent at 204725000000, KeyEvent { action=ACTION_DOWN, keyCode=KEYCODE_DPAD_DOWN, scanCode=0, metaState=0, flags=0x8, repeatCount=0, eventTime=204725, downTime=204725, deviceId=-1, source=0x101 }
D/InputEventConsistencyVerifier( 1074):   5: sent at 204414000000, KeyEvent { action=ACTION_UP, keyCode=KEYCODE_DPAD_RIGHT, scanCode=0, metaState=0, flags=0x8, repeatCount=0, eventTime=204414, downTime=204414, deviceId=-1, source=0x101 }
I/Choreographer( 1074): Skipped 52 frames!  The application may be doing too much work on its main thread.
I/InputDispatcher(  227): Dropped event because of pending overdue app switch.
W/InputManager(  227): Input event injection from pid 1041 failed.
W/InputMethodManagerService(  227): Window already focused, ignoring focus gain of: com.android.internal.view.IInputMethodClient$Stub$Proxy@b41f5ef0 attribute=null
D/InputEventConsistencyVerifier( 1074): KeyEvent: ACTION_UP but key was not down.
D/InputEventConsistencyVerifier( 1074):   in android.view.ViewRootImpl@b3f20a50
D/InputEventConsistencyVerifier( 1074):   0: sent at 206418000000, KeyEvent { action=ACTION_UP, keyCode=KEYCODE_DPAD_LEFT, scanCode=0, metaState=0, flags=0x8, repeatCount=0, eventTime=206418, downTime=206418, deviceId=-1, source=0x101 }
D/InputEventConsistencyVerifier( 1074):   -- recent events --
D/InputEventConsistencyVerifier( 1074):   1: sent at 206206000000, KeyEvent { action=ACTION_UP, keyCode=KEYCODE_DPAD_RIGHT, scanCode=0, metaState=0, flags=0x80000008, repeatCount=0, eventTime=206206, downTime=206206, deviceId=-1, source=0x101 }
D/InputEventConsistencyVerifier( 1074):   2: sent at 205668000000, KeyEvent { action=ACTION_UP, keyCode=KEYCODE_MENU, scanCode=0, metaState=0, flags=0x8, repeatCount=0, eventTime=205668, downTime=205668, deviceId=-1, source=0x101 }
D/InputEventConsistencyVerifier( 1074):   3: sent at 205605000000, KeyEvent { action=ACTION_DOWN, keyCode=KEYCODE_MENU, scanCode=0, metaState=0, flags=0x8, repeatCount=0, eventTime=205605, downTime=205605, deviceId=-1, source=0x101 }
D/InputEventConsistencyVerifier( 1074):   4: sent at 204941000000, KeyEvent { action=ACTION_UP, keyCode=KEYCODE_DPAD_DOWN, scanCode=0, metaState=0, flags=0x8, repeatCount=0, eventTime=204941, downTime=204941, deviceId=-1, source=0x101 }
D/InputEventConsistencyVerifier( 1074):   5: sent at 204725000000, KeyEvent { action=ACTION_DOWN, keyCode=KEYCODE_DPAD_DOWN, scanCode=0, metaState=0, flags=0x8, repeatCount=0, eventTime=204725, downTime=204725, deviceId=-1, source=0x101 }
I/Choreographer( 1074): Skipped 32 frames!  The application may be doing too much work on its main thread.
I/ActivityManager(  227): START {act=android.intent.action.MAIN cat=[android.intent.category.LAUNCHER] flg=0x10200000 cmp=csllc.CellShark/.activities.CellSharkActivity u=0} from pid 1041
I/Choreographer( 1074): Skipped 34 frames!  The application may be doing too much work on its main thread.
E/WVMExtractor(   62): Failed to open libwvm.so
I/Choreographer( 1074): Skipped 31 frames!  The application may be doing too much work on its main thread.
D/InputEventConsistencyVerifier( 1074): KeyEvent: ACTION_UP but key was not down.
D/InputEventConsistencyVerifier( 1074):   in com.android.internal.policy.impl.PhoneWindow$DecorView@b3ec94b0
D/InputEventConsistencyVerifier( 1074):   0: sent at 207057000000, KeyEvent { action=ACTION_UP, keyCode=KEYCODE_DPAD_RIGHT, scanCode=0, metaState=0, flags=0x400, repeatCount=0, eventTime=207057, downTime=207057, deviceId=-1, source=0x101 }
D/InputEventConsistencyVerifier( 1074):   -- recent events --
D/InputEventConsistencyVerifier( 1074):   1: sent at 206779000000, (unhandled) MotionEvent { action=ACTION_MOVE, id[0]=0, x[0]=4.0, y[0]=1.0, toolType[0]=TOOL_TYPE_UNKNOWN, buttonState=0, metaState=0, flags=0x0, edgeFlags=0x0, pointerCount=1, historySize=9, eventTime=206779, downTime=-1, deviceId=0, source=0x10004 }
D/InputEventConsistencyVerifier( 1074):   2: sent at 206719000000, MotionEvent { action=ACTION_UP, id[0]=0, x[0]=369.0, y[0]=260.0, toolType[0]=TOOL_TYPE_UNKNOWN, buttonState=0, metaState=0, flags=0x0, edgeFlags=0x0, pointerCount=1, historySize=0, eventTime=206719, downTime=206703, deviceId=0, source=0x1002 }
D/InputEventConsistencyVerifier( 1074):   3: sent at 206717000000, MotionEvent { action=ACTION_MOVE, id[0]=0, x[0]=360.0, y[0]=254.0, toolType[0]=TOOL_TYPE_UNKNOWN, buttonState=0, metaState=0, flags=0x0, edgeFlags=0x0, pointerCount=1, historySize=2, eventTime=206717, downTime=206703, deviceId=0, source=0x1002 }
D/InputEventConsistencyVerifier( 1074):   4: sent at 206704000000, MotionEvent { action=ACTION_DOWN, id[0]=0, x[0]=334.0, y[0]=220.0, toolType[0]=TOOL_TYPE_UNKNOWN, buttonState=0, metaState=0, flags=0x0, edgeFlags=0x0, pointerCount=1, historySize=0, eventTime=206704, downTime=206703, deviceId=0, source=0x1002 }
D/InputEventConsistencyVerifier( 1074):   5: sent at 206418000000, (unhandled) KeyEvent { action=ACTION_UP, keyCode=KEYCODE_DPAD_LEFT, scanCode=0, metaState=0, flags=0x80000008, repeatCount=0, eventTime=206418, downTime=206418, deviceId=-1, source=0x101 }
I/Choreographer( 1074): Skipped 30 frames!  The application may be doing too much work on its main thread.
I/Choreographer(  535): Skipped 239 frames!  The application may be doing too much work on its main thread.
I/Choreographer( 1074): Skipped 137 frames!  The application may be doing too much work on its main thread.
E/WVMExtractor(   62): Failed to open libwvm.so
I/InputAttributes(  535): InputType.TYPE_NULL is specified
D/InputEventConsistencyVerifier( 1074): KeyEvent: ACTION_UP but key was not down.
D/InputEventConsistencyVerifier( 1074):   in android.widget.LinearLayout@b3f1dfe8
D/InputEventConsistencyVerifier( 1074):   0: sent at 207058000000, KeyEvent { action=ACTION_UP, keyCode=KEYCODE_DPAD_RIGHT, scanCode=0, metaState=0, flags=0x400, repeatCount=0, eventTime=207058, downTime=207058, deviceId=-1, source=0x101 }
D/InputEventConsistencyVerifier( 1074):   -- recent events --
D/InputEventConsistencyVerifier( 1074):   1: sent at 206418000000, (unhandled) KeyEvent { action=ACTION_UP, keyCode=KEYCODE_DPAD_LEFT, scanCode=0, metaState=0, flags=0x80000008, repeatCount=0, eventTime=206418, downTime=206418, deviceId=-1, source=0x101 }
D/InputEventConsistencyVerifier( 1074):   2: sent at 206206000000, (unhandled) KeyEvent { action=ACTION_UP, keyCode=KEYCODE_DPAD_RIGHT, scanCode=0, metaState=0, flags=0x80000008, repeatCount=0, eventTime=206206, downTime=206206, deviceId=-1, source=0x101 }
D/InputEventConsistencyVerifier( 1074):   3: sent at 205668000000, (unhandled) KeyEvent { action=ACTION_UP, keyCode=KEYCODE_MENU, scanCode=0, metaState=0, flags=0x8, repeatCount=0, eventTime=205668, downTime=205668, deviceId=-1, source=0x101 }
D/InputEventConsistencyVerifier( 1074):   4: sent at 205605000000, (unhandled) KeyEvent { action=ACTION_DOWN, keyCode=KEYCODE_MENU, scanCode=0, metaState=0, flags=0x8, repeatCount=0, eventTime=205605, downTime=205605, deviceId=-1, source=0x101 }
D/InputEventConsistencyVerifier( 1074):   5: sent at 204941000000, (unhandled) KeyEvent { action=ACTION_UP, keyCode=KEYCODE_DPAD_DOWN, scanCode=0, metaState=0, flags=0x8, repeatCount=0, eventTime=204941, downTime=204941, deviceId=-1, source=0x101 }
I/Choreographer( 1074): Skipped 48 frames!  The application may be doing too much work on its main thread.
I/Choreographer( 1074): Skipped 33 frames!  The application may be doing too much work on its main thread.
I/Choreographer(  535): Skipped 135 frames!  The application may be doing too much work on its main thread.
E/WVMExtractor(   62): Failed to open libwvm.so
I/InputDispatcher(  227): Window 'Window{b4191660 csllc.CellShark/csllc.CellShark.activities.CreateAccountActivity paused=false}' spent 2758.2ms processing the last input event: KeyEvent(action=0, deviceId=-1, source=0x00000101)
E/WVMExtractor(   62): Failed to open libwvm.so
E/WVMExtractor(   62): Failed to open libwvm.so
I/Choreographer( 1074): Skipped 152 frames!  The application may be doing too much work on its main thread.
I/ActivityManager(  227): START {act=android.intent.action.MAIN cat=[android.intent.category.LAUNCHER] flg=0x10200000 cmp=csllc.CellShark/.activities.CellSharkActivity u=0} from pid 1041
I/Choreographer( 1074): Skipped 74 frames!  The application may be doing too much work on its main thread.
W/DroidBox( 1137): DroidBox: { "ServiceStart": { "name": "com.android.music.MediaPlaybackService" } }
I/Choreographer( 1074): Skipped 138 frames!  The application may be doing too much work on its main thread.
D/InputEventConsistencyVerifier( 1074): KeyEvent: ACTION_UP but key was not down.
D/InputEventConsistencyVerifier( 1074):   in com.android.internal.policy.impl.PhoneWindow$DecorView@b3f7ea40
D/InputEventConsistencyVerifier( 1074):   0: sent at 212384000000, KeyEvent { action=ACTION_UP, keyCode=KEYCODE_DPAD_RIGHT, scanCode=0, metaState=0, flags=0x8, repeatCount=0, eventTime=212384, downTime=212384, deviceId=-1, source=0x101 }
D/InputEventConsistencyVerifier( 1074):   -- recent events --
D/InputEventConsistencyVerifier( 1074):   1: sent at 212176000000, MotionEvent { action=ACTION_UP, id[0]=0, x[0]=378.0, y[0]=-51.0, toolType[0]=TOOL_TYPE_UNKNOWN, buttonState=0, metaState=0, flags=0x0, edgeFlags=0x0, pointerCount=1, historySize=0, eventTime=212176, downTime=212047, deviceId=0, source=0x1002 }
D/InputEventConsistencyVerifier( 1074):   2: sent at 212111000000, MotionEvent { action=ACTION_MOVE, id[0]=0, x[0]=397.0, y[0]=-30.0, toolType[0]=TOOL_TYPE_UNKNOWN, buttonState=0, metaState=0, flags=0x0, edgeFlags=0x0, pointerCount=1, historySize=6, eventTime=212111, downTime=212047, deviceId=0, source=0x1002 }
D/InputEventConsistencyVerifier( 1074):   3: sent at 212061000000, MotionEvent { action=ACTION_DOWN, id[0]=0, x[0]=459.0, y[0]=56.0, toolType[0]=TOOL_TYPE_UNKNOWN, buttonState=0, metaState=0, flags=0x0, edgeFlags=0x0, pointerCount=1, historySize=0, eventTime=212061, downTime=212047, deviceId=0, source=0x1002 }
D/InputEventConsistencyVerifier( 1074):   4: sent at 212029000000, KeyEvent { action=ACTION_UP, keyCode=KEYCODE_DPAD_CENTER, scanCode=0, metaState=0, flags=0x8, repeatCount=0, eventTime=212029, downTime=212029, deviceId=-1, source=0x101 }
D/InputEventConsistencyVerifier( 1074):   5: sent at 211990000000, KeyEvent { action=ACTION_DOWN, keyCode=KEYCODE_DPAD_CENTER, scanCode=0, metaState=0, flags=0x8, repeatCount=0, eventTime=211990, downTime=211990, deviceId=-1, source=0x101 }
I/Choreographer( 1074): Skipped 122 frames!  The application may be doing too much work on its main thread.
I/Choreographer(  535): Skipped 502 frames!  The application may be doing too much work on its main thread.
I/Choreographer( 1074): Skipped 77 frames!  The application may be doing too much work on its main thread.
W/InputMethodManagerService(  227): Window already focused, ignoring focus gain of: com.android.internal.view.IInputMethodClient$Stub$Proxy@b4059368 attribute=null
I/Choreographer( 1074): Skipped 31 frames!  The application may be doing too much work on its main thread.
W/DroidBox( 1137): DroidBox: { "ServiceStart": { "name": "com.android.music.MediaPlaybackService" } }
E/WVMExtractor(   62): Failed to open libwvm.so
D/InputEventConsistencyVerifier( 1074): KeyEvent: ACTION_UP but key was not down.
D/InputEventConsistencyVerifier( 1074):   in android.view.ViewRootImpl@b3f20a50
D/InputEventConsistencyVerifier( 1074):   0: sent at 212951000000, KeyEvent { action=ACTION_UP, keyCode=KEYCODE_DPAD_LEFT, scanCode=0, metaState=0, flags=0x8, repeatCount=0, eventTime=212951, downTime=212951, deviceId=-1, source=0x101 }
D/InputEventConsistencyVerifier( 1074):   -- recent events --
D/InputEventConsistencyVerifier( 1074):   1: sent at 207106000000, KeyEvent { action=ACTION_UP, keyCode=KEYCODE_DPAD_CENTER, scanCode=0, metaState=0, flags=0x8, repeatCount=0, eventTime=207106, downTime=207106, deviceId=-1, source=0x101 }
D/InputEventConsistencyVerifier( 1074):   2: sent at 206946000000, KeyEvent { action=ACTION_UP, keyCode=KEYCODE_R, scanCode=0, metaState=0, flags=0x0, repeatCount=0, eventTime=206946, downTime=206946, deviceId=-1, source=0x101 }
D/InputEventConsistencyVerifier( 1074):   3: sent at 206946000000, KeyEvent { action=ACTION_DOWN, keyCode=KEYCODE_R, scanCode=0, metaState=0, flags=0x0, repeatCount=0, eventTime=206946, downTime=206946, deviceId=-1, source=0x101 }
D/InputEventConsistencyVerifier( 1074):   4: sent at 206887000000, KeyEvent { action=ACTION_DOWN, keyCode=KEYCODE_DPAD_CENTER, scanCode=0, metaState=0, flags=0x8, repeatCount=0, eventTime=206887, downTime=206887, deviceId=-1, source=0x101 }
D/InputEventConsistencyVerifier( 1074):   5: sent at 207060000000, KeyEvent { action=ACTION_UP, keyCode=KEYCODE_DPAD_RIGHT, scanCode=0, metaState=0, flags=0x400, repeatCount=0, eventTime=207060, downTime=207060, deviceId=-1, source=0x101 }
I/ActivityManager(  227): START {act=android.intent.action.MAIN cat=[android.intent.category.HOME] flg=0x10200000 cmp=com.android.launcher/com.android.launcher2.Launcher u=0} from pid 227
I/InputDispatcher(  227): Dropped event because of pending overdue app switch.
I/Choreographer( 1074): Skipped 45 frames!  The application may be doing too much work on its main thread.
W/InputManager(  227): Input event injection from pid 1041 failed.
D/InputEventConsistencyVerifier( 1074): KeyEvent: ACTION_UP but key was not down.
D/InputEventConsistencyVerifier( 1074):   in android.view.ViewRootImpl@b3f20a50
D/InputEventConsistencyVerifier( 1074):   0: sent at 214036000000, KeyEvent { action=ACTION_UP, keyCode=KEYCODE_DPAD_CENTER, scanCode=0, metaState=0, flags=0x8, repeatCount=0, eventTime=214036, downTime=214036, deviceId=-1, source=0x101 }
D/InputEventConsistencyVerifier( 1074):   -- recent events --
D/InputEventConsistencyVerifier( 1074):   1: sent at 213629000000, KeyEvent { action=ACTION_UP, keyCode=KEYCODE_DPAD_CENTER, scanCode=0, metaState=0, flags=0x8, repeatCount=0, eventTime=213629, downTime=213629, deviceId=-1, source=0x101 }
D/InputEventConsistencyVerifier( 1074):   2: sent at 213609000000, KeyEvent { action=ACTION_DOWN, keyCode=KEYCODE_DPAD_CENTER, scanCode=0, metaState=0, flags=0x8, repeatCount=0, eventTime=213609, downTime=213609, deviceId=-1, source=0x101 }
D/InputEventConsistencyVerifier( 1074):   3: sent at 213457000000, KeyEvent { action=ACTION_UP, keyCode=KEYCODE_DPAD_LEFT, scanCode=0, metaState=0, flags=0x8, repeatCount=0, eventTime=213457, downTime=213457, deviceId=-1, source=0x101 }
D/InputEventConsistencyVerifier( 1074):   4: sent at 213387000000, KeyEvent { action=ACTION_DOWN, keyCode=KEYCODE_DPAD_LEFT, scanCode=0, metaState=0, flags=0x8, repeatCount=0, eventTime=213387, downTime=213387, deviceId=-1, source=0x101 }
D/InputEventConsistencyVerifier( 1074):   5: sent at 212951000000, KeyEvent { action=ACTION_UP, keyCode=KEYCODE_DPAD_LEFT, scanCode=0, metaState=0, flags=0x80000008, repeatCount=0, eventTime=212951, downTime=212951, deviceId=-1, source=0x101 }
E/WVMExtractor(   62): Failed to open libwvm.so
I/Choreographer( 1074): Skipped 30 frames!  The application may be doing too much work on its main thread.
D/InputEventConsistencyVerifier( 1074): KeyEvent: ACTION_UP but key was not down.
D/InputEventConsistencyVerifier( 1074):   in android.widget.LinearLayout@b3ecd1b8
D/InputEventConsistencyVerifier( 1074):   0: sent at 214648000000, KeyEvent { action=ACTION_UP, keyCode=KEYCODE_DPAD_UP, scanCode=0, metaState=0, flags=0x8, repeatCount=0, eventTime=214648, downTime=214648, deviceId=-1, source=0x101 }
D/InputEventConsistencyVerifier( 1074):   -- recent events --
D/InputEventConsistencyVerifier( 1074):   1: sent at 207058000000, (unhandled) KeyEvent { action=ACTION_DOWN, keyCode=KEYCODE_DPAD_RIGHT, scanCode=0, metaState=0, flags=0x400, repeatCount=0, eventTime=207058, downTime=207058, deviceId=-1, source=0x101 }
D/InputEventConsistencyVerifier( 1074):   2: sent at 207057000000, (unhandled) KeyEvent { action=ACTION_UP, keyCode=KEYCODE_DPAD_RIGHT, scanCode=0, metaState=0, flags=0x80000400, repeatCount=0, eventTime=207057, downTime=207057, deviceId=-1, source=0x101 }
D/InputEventConsistencyVerifier( 1074):   3: sent at 164075000000, (unhandled) KeyEvent { action=ACTION_DOWN, keyCode=KEYCODE_DPAD_RIGHT, scanCode=0, metaState=0, flags=0x8, repeatCount=0, eventTime=164075, downTime=164075, deviceId=-1, source=0x101 }
D/InputEventConsistencyVerifier( 1074):   4: sent at 163868000000, (unhandled) KeyEvent { action=ACTION_UP, keyCode=KEYCODE_MENU, scanCode=0, metaState=0, flags=0x8, repeatCount=0, eventTime=163868, downTime=163868, deviceId=-1, source=0x101 }
D/InputEventConsistencyVerifier( 1074):   5: sent at 163824000000, (unhandled) KeyEvent { action=ACTION_DOWN, keyCode=KEYCODE_MENU, scanCode=0, metaState=0, flags=0x8, repeatCount=0, eventTime=163824, downTime=163824, deviceId=-1, source=0x101 }
I/Choreographer( 1074): Skipped 49 frames!  The application may be doing too much work on its main thread.
I/Choreographer(  535): Skipped 127 frames!  The application may be doing too much work on its main thread.
E/WVMExtractor(   62): Failed to open libwvm.so
I/InputAttributes(  535): InputType.TYPE_NULL is specified
D/InputEventConsistencyVerifier( 1074): KeyEvent: ACTION_UP but key was not down.
D/InputEventConsistencyVerifier( 1074):   in android.widget.LinearLayout@b3f1dfe8
D/InputEventConsistencyVerifier( 1074):   0: sent at 215001000000, KeyEvent { action=ACTION_UP, keyCode=KEYCODE_DPAD_RIGHT, scanCode=0, metaState=0, flags=0x8, repeatCount=0, eventTime=215001, downTime=215001, deviceId=-1, source=0x101 }
D/InputEventConsistencyVerifier( 1074):   -- recent events --
D/InputEventConsistencyVerifier( 1074):   1: sent at 207106000000, KeyEvent { action=ACTION_UP, keyCode=KEYCODE_DPAD_CENTER, scanCode=0, metaState=0, flags=0x8, repeatCount=0, eventTime=207106, downTime=207106, deviceId=-1, source=0x101 }
D/InputEventConsistencyVerifier( 1074):   2: sent at 206946000000, (unhandled) KeyEvent { action=ACTION_UP, keyCode=KEYCODE_R, scanCode=0, metaState=0, flags=0x0, repeatCount=0, eventTime=206946, downTime=206946, deviceId=-1, source=0x101 }
D/InputEventConsistencyVerifier( 1074):   3: sent at 206946000000, (unhandled) KeyEvent { action=ACTION_DOWN, keyCode=KEYCODE_R, scanCode=0, metaState=0, flags=0x0, repeatCount=0, eventTime=206946, downTime=206946, deviceId=-1, source=0x101 }
D/InputEventConsistencyVerifier( 1074):   4: sent at 206887000000, KeyEvent { action=ACTION_DOWN, keyCode=KEYCODE_DPAD_CENTER, scanCode=0, metaState=0, flags=0x8, repeatCount=0, eventTime=206887, downTime=206887, deviceId=-1, source=0x101 }
D/InputEventConsistencyVerifier( 1074):   5: sent at 207060000000, (unhandled) KeyEvent { action=ACTION_UP, keyCode=KEYCODE_DPAD_RIGHT, scanCode=0, metaState=0, flags=0x400, repeatCount=0, eventTime=207060, downTime=207060, deviceId=-1, source=0x101 }
I/Choreographer(  535): Skipped 117 frames!  The application may be doing too much work on its main thread.
E/WVMExtractor(   62): Failed to open libwvm.so
I/Choreographer( 1074): Skipped 36 frames!  The application may be doing too much work on its main thread.
E/WVMExtractor(   62): Failed to open libwvm.so
E/WVMExtractor(   62): Failed to open libwvm.so
I/Choreographer( 1074): Skipped 42 frames!  The application may be doing too much work on its main thread.
V/PhoneStatusBar(  481): setLightsOn(true)
I/ActivityManager(  227): START {act=android.intent.action.MAIN cat=[android.intent.category.LAUNCHER] flg=0x10200000 cmp=csllc.CellShark/.activities.CellSharkActivity u=0} from pid 1041
I/ActivityManager(  227): START {act=android.intent.action.MAIN cat=[android.intent.category.LAUNCHER] flg=0x10200000 cmp=csllc.CellShark/.activities.CellSharkActivity u=0} from pid 1041
I/Choreographer( 1074): Skipped 35 frames!  The application may be doing too much work on its main thread.
W/InputMethodManagerService(  227): Window already focused, ignoring focus gain of: com.android.internal.view.IInputMethodClient$Stub$Proxy@b4157548 attribute=null
E/WVMExtractor(   62): Failed to open libwvm.so
D/InputEventConsistencyVerifier( 1074): KeyEvent: ACTION_UP but key was not down.
D/InputEventConsistencyVerifier( 1074):   in android.widget.Button@b3f1e6b0
D/InputEventConsistencyVerifier( 1074):   0: sent at 218476000000, KeyEvent { action=ACTION_UP, keyCode=KEYCODE_DPAD_LEFT, scanCode=0, metaState=0, flags=0x400, repeatCount=0, eventTime=218476, downTime=218476, deviceId=-1, source=0x101 }
I/InputAttributes(  535): InputType.TYPE_NULL is specified
I/Choreographer(  535): Skipped 77 frames!  The application may be doing too much work on its main thread.
E/WVMExtractor(   62): Failed to open libwvm.so
I/Choreographer(  535): Skipped 76 frames!  The application may be doing too much work on its main thread.
I/Choreographer( 1074): Skipped 38 frames!  The application may be doing too much work on its main thread.
D/InputEventConsistencyVerifier( 1074): KeyEvent: ACTION_UP but key was not down.
D/InputEventConsistencyVerifier( 1074):   in android.widget.LinearLayout@b3eccb40
D/InputEventConsistencyVerifier( 1074):   0: sent at 218493000000, KeyEvent { action=ACTION_UP, keyCode=KEYCODE_DPAD_UP, scanCode=0, metaState=0, flags=0x8, repeatCount=0, eventTime=218493, downTime=218493, deviceId=-1, source=0x101 }
D/InputEventConsistencyVerifier( 1074):   -- recent events --
D/InputEventConsistencyVerifier( 1074):   1: sent at 214750000000, (unhandled) KeyEvent { action=ACTION_DOWN, keyCode=KEYCODE_DPAD_RIGHT, scanCode=0, metaState=0, flags=0x8, repeatCount=0, eventTime=214750, downTime=214750, deviceId=-1, source=0x101 }
D/InputEventConsistencyVerifier( 1074):   2: sent at 214648000000, (unhandled) KeyEvent { action=ACTION_UP, keyCode=KEYCODE_DPAD_UP, scanCode=0, metaState=0, flags=0x8, repeatCount=0, eventTime=214648, downTime=214648, deviceId=-1, source=0x101 }
D/InputEventConsistencyVerifier( 1074):   3: sent at 214372000000, (unhandled) KeyEvent { action=ACTION_DOWN, keyCode=KEYCODE_DPAD_UP, scanCode=0, metaState=0, flags=0x8, repeatCount=0, eventTime=214372, downTime=214372, deviceId=-1, source=0x101 }
D/InputEventConsistencyVerifier( 1074):   4: sent at 214273000000, (unhandled) KeyEvent { action=ACTION_UP, keyCode=KEYCODE_DPAD_LEFT, scanCode=0, metaState=0, flags=0x8, repeatCount=0, eventTime=214273, downTime=214273, deviceId=-1, source=0x101 }
D/InputEventConsistencyVerifier( 1074):   5: sent at 214120000000, KeyEvent { action=ACTION_DOWN, keyCode=KEYCODE_DPAD_LEFT, scanCode=0, metaState=0, flags=0x8, repeatCount=0, eventTime=214120, downTime=214120, deviceId=-1, source=0x101 }
E/WVMExtractor(   62): Failed to open libwvm.so
I/Choreographer( 1074): Skipped 40 frames!  The application may be doing too much work on its main thread.
I/Choreographer(  535): Skipped 129 frames!  The application may be doing too much work on its main thread.
E/WVMExtractor(   62): Failed to open libwvm.so
E/WVMExtractor(   62): Failed to open libwvm.so
E/WVMExtractor(   62): Failed to open libwvm.so
D/InputEventConsistencyVerifier( 1074): KeyEvent: ACTION_UP but key was not down.
D/InputEventConsistencyVerifier( 1074):   in android.widget.LinearLayout@b3eba1e0
D/InputEventConsistencyVerifier( 1074):   0: sent at 221943000000, KeyEvent { action=ACTION_UP, keyCode=KEYCODE_DPAD_UP, scanCode=0, metaState=0, flags=0x400, repeatCount=0, eventTime=221943, downTime=221943, deviceId=-1, source=0x101 }
D/InputEventConsistencyVerifier( 1074):   -- recent events --
D/InputEventConsistencyVerifier( 1074):   1: sent at 200455000000, (unhandled) KeyEvent { action=ACTION_DOWN, keyCode=KEYCODE_DPAD_DOWN, scanCode=0, metaState=0, flags=0x8, repeatCount=0, eventTime=200455, downTime=200455, deviceId=-1, source=0x101 }
D/InputEventConsistencyVerifier( 1074):   2: sent at 199825000000, (unhandled) KeyEvent { action=ACTION_UP, keyCode=KEYCODE_DPAD_LEFT, scanCode=0, metaState=0, flags=0x8, repeatCount=0, eventTime=199825, downTime=199825, deviceId=-1, source=0x101 }
D/InputEventConsistencyVerifier( 1074):   3: sent at 199676000000, KeyEvent { action=ACTION_DOWN, keyCode=KEYCODE_DPAD_LEFT, scanCode=0, metaState=0, flags=0x8, repeatCount=0, eventTime=199676, downTime=199676, deviceId=-1, source=0x101 }
D/InputEventConsistencyVerifier( 1074):   4: sent at 199797000000, (unhandled) KeyEvent { action=ACTION_UP, keyCode=KEYCODE_DPAD_LEFT, scanCode=0, metaState=0, flags=0x400, repeatCount=0, eventTime=199797, downTime=199797, deviceId=-1, source=0x101 }
D/InputEventConsistencyVerifier( 1074):   5: sent at 199797000000, KeyEvent { action=ACTION_DOWN, keyCode=KEYCODE_DPAD_LEFT, scanCode=0, metaState=0, flags=0x400, repeatCount=0, eventTime=199797, downTime=199797, deviceId=-1, source=0x101 }
I/Choreographer(  535): Skipped 73 frames!  The application may be doing too much work on its main thread.
D/InputEventConsistencyVerifier( 1074): KeyEvent: ACTION_UP but key was not down.
D/InputEventConsistencyVerifier( 1074):   in android.widget.LinearLayout@b3eb7670
D/InputEventConsistencyVerifier( 1074):   0: sent at 221945000000, KeyEvent { action=ACTION_UP, keyCode=KEYCODE_DPAD_UP, scanCode=0, metaState=0, flags=0x400, repeatCount=0, eventTime=221945, downTime=221945, deviceId=-1, source=0x101 }
D/InputEventConsistencyVerifier( 1074):   -- recent events --
D/InputEventConsistencyVerifier( 1074):   1: sent at 167861000000, (unhandled) KeyEvent { action=ACTION_DOWN, keyCode=KEYCODE_DPAD_DOWN, scanCode=0, metaState=0, flags=0x8, repeatCount=0, eventTime=167861, downTime=167861, deviceId=-1, source=0x101 }
D/InputEventConsistencyVerifier( 1074):   2: sent at 168262000000, (unhandled) KeyEvent { action=ACTION_UP, keyCode=KEYCODE_DPAD_LEFT, scanCode=0, metaState=0, flags=0x400, repeatCount=0, eventTime=168262, downTime=168262, deviceId=-1, source=0x101 }
D/InputEventConsistencyVerifier( 1074):   3: sent at 168262000000, (unhandled) KeyEvent { action=ACTION_DOWN, keyCode=KEYCODE_DPAD_LEFT, scanCode=0, metaState=0, flags=0x400, repeatCount=0, eventTime=168262, downTime=168262, deviceId=-1, source=0x101 }
D/InputEventConsistencyVerifier( 1074):   4: sent at 168257000000, (unhandled) KeyEvent { action=ACTION_UP, keyCode=KEYCODE_DPAD_LEFT, scanCode=0, metaState=0, flags=0x400, repeatCount=0, eventTime=168257, downTime=168257, deviceId=-1, source=0x101 }
D/InputEventConsistencyVerifier( 1074):   5: sent at 168257000000, (unhandled) KeyEvent { action=ACTION_DOWN, keyCode=KEYCODE_DPAD_LEFT, scanCode=0, metaState=0, flags=0x400, repeatCount=0, eventTime=168257, downTime=168257, deviceId=-1, source=0x101 }
I/Choreographer(  535): Skipped 103 frames!  The application may be doing too much work on its main thread.
E/WVMExtractor(   62): Failed to open libwvm.so
I/Choreographer( 1074): Skipped 56 frames!  The application may be doing too much work on its main thread.
I/Choreographer( 1074): Skipped 33 frames!  The application may be doing too much work on its main thread.
I/Choreographer( 1074): Skipped 34 frames!  The application may be doing too much work on its main thread.
I/Choreographer(  535): Skipped 172 frames!  The application may be doing too much work on its main thread.
I/InputDispatcher(  227): Window 'Window{b4191660 csllc.CellShark/csllc.CellShark.activities.CreateAccountActivity paused=false}' spent 2723.3ms processing the last input event: KeyEvent(action=0, deviceId=-1, source=0x00000101)
E/WVMExtractor(   62): Failed to open libwvm.so
E/WVMExtractor(   62): Failed to open libwvm.so
I/Choreographer( 1074): Skipped 42 frames!  The application may be doing too much work on its main thread.
V/PhoneStatusBar(  481): setLightsOn(true)
I/Choreographer( 1074): Skipped 35 frames!  The application may be doing too much work on its main thread.
W/InputMethodManagerService(  227): Window already focused, ignoring focus gain of: com.android.internal.view.IInputMethodClient$Stub$Proxy@b3f22fb8 attribute=null
I/Choreographer( 1074): Skipped 34 frames!  The application may be doing too much work on its main thread.
E/WVMExtractor(   62): Failed to open libwvm.so
E/WVMExtractor(   62): Failed to open libwvm.so
D/InputEventConsistencyVerifier( 1074): KeyEvent: ACTION_UP but key was not down.
D/InputEventConsistencyVerifier( 1074):   in android.widget.LinearLayout@b3ecd1b8
D/InputEventConsistencyVerifier( 1074):   0: sent at 226490000000, KeyEvent { action=ACTION_UP, keyCode=KEYCODE_DPAD_UP, scanCode=0, metaState=0, flags=0x8, repeatCount=0, eventTime=226490, downTime=226490, deviceId=-1, source=0x101 }
D/InputEventConsistencyVerifier( 1074):   -- recent events --
D/InputEventConsistencyVerifier( 1074):   1: sent at 214750000000, (unhandled) KeyEvent { action=ACTION_DOWN, keyCode=KEYCODE_DPAD_RIGHT, scanCode=0, metaState=0, flags=0x8, repeatCount=0, eventTime=214750, downTime=214750, deviceId=-1, source=0x101 }
D/InputEventConsistencyVerifier( 1074):   2: sent at 214648000000, (unhandled) KeyEvent { action=ACTION_UP, keyCode=KEYCODE_DPAD_UP, scanCode=0, metaState=0, flags=0x80000008, repeatCount=0, eventTime=214648, downTime=214648, deviceId=-1, source=0x101 }
D/InputEventConsistencyVerifier( 1074):   3: sent at 207058000000, (unhandled) KeyEvent { action=ACTION_DOWN, keyCode=KEYCODE_DPAD_RIGHT, scanCode=0, metaState=0, flags=0x400, repeatCount=0, eventTime=207058, downTime=207058, deviceId=-1, source=0x101 }
D/InputEventConsistencyVerifier( 1074):   4: sent at 207057000000, (unhandled) KeyEvent { action=ACTION_UP, keyCode=KEYCODE_DPAD_RIGHT, scanCode=0, metaState=0, flags=0x80000400, repeatCount=0, eventTime=207057, downTime=207057, deviceId=-1, source=0x101 }
D/InputEventConsistencyVerifier( 1074):   5: sent at 164075000000, (unhandled) KeyEvent { action=ACTION_DOWN, keyCode=KEYCODE_DPAD_RIGHT, scanCode=0, metaState=0, flags=0x8, repeatCount=0, eventTime=164075, downTime=164075, deviceId=-1, source=0x101 }
I/Choreographer( 1074): Skipped 98 frames!  The application may be doing too much work on its main thread.
I/Choreographer(  535): Skipped 235 frames!  The application may be doing too much work on its main thread.
I/Choreographer( 1074): Skipped 36 frames!  The application may be doing too much work on its main thread.
E/WVMExtractor(   62): Failed to open libwvm.so
I/InputAttributes(  535): InputType.TYPE_NULL is specified
D/InputEventConsistencyVerifier( 1074): KeyEvent: ACTION_UP but key was not down.
D/InputEventConsistencyVerifier( 1074):   in android.widget.LinearLayout@b3f1dfe8
D/InputEventConsistencyVerifier( 1074):   0: sent at 227074000000, KeyEvent { action=ACTION_UP, keyCode=KEYCODE_DPAD_RIGHT, scanCode=0, metaState=0, flags=0x400, repeatCount=0, eventTime=227074, downTime=227074, deviceId=-1, source=0x101 }
D/InputEventConsistencyVerifier( 1074):   -- recent events --
D/InputEventConsistencyVerifier( 1074):   1: sent at 218403000000, (unhandled) KeyEvent { action=ACTION_DOWN, keyCode=KEYCODE_DPAD_UP, scanCode=0, metaState=0, flags=0x8, repeatCount=0, eventTime=218403, downTime=218403, deviceId=-1, source=0x101 }
D/InputEventConsistencyVerifier( 1074):   2: sent at 218478000000, (unhandled) KeyEvent { action=ACTION_UP, keyCode=KEYCODE_DPAD_LEFT, scanCode=0, metaState=0, flags=0x400, repeatCount=0, eventTime=218478, downTime=218478, deviceId=-1, source=0x101 }
D/InputEventConsistencyVerifier( 1074):   3: sent at 218478000000, (unhandled) KeyEvent { action=ACTION_DOWN, keyCode=KEYCODE_DPAD_LEFT, scanCode=0, metaState=0, flags=0x400, repeatCount=0, eventTime=218478, downTime=218478, deviceId=-1, source=0x101 }
D/InputEventConsistencyVerifier( 1074):   4: sent at 218477000000, (unhandled) KeyEvent { action=ACTION_UP, keyCode=KEYCODE_DPAD_LEFT, scanCode=0, metaState=0, flags=0x400, repeatCount=0, eventTime=218477, downTime=218477, deviceId=-1, source=0x101 }
D/InputEventConsistencyVerifier( 1074):   5: sent at 218477000000, (unhandled) KeyEvent { action=ACTION_DOWN, keyCode=KEYCODE_DPAD_LEFT, scanCode=0, metaState=0, flags=0x400, repeatCount=0, eventTime=218477, downTime=218477, deviceId=-1, source=0x101 }
I/Choreographer( 1074): Skipped 44 frames!  The application may be doing too much work on its main thread.
I/Choreographer(  535): Skipped 141 frames!  The application may be doing too much work on its main thread.
E/WVMExtractor(   62): Failed to open libwvm.so
E/WVMExtractor(   62): Failed to open libwvm.so
I/InputAttributes(  535): InputType.TYPE_NULL is specified
I/Choreographer( 1074): Skipped 44 frames!  The application may be doing too much work on its main thread.
I/Choreographer( 1074): Skipped 30 frames!  The application may be doing too much work on its main thread.
I/Choreographer( 1074): Skipped 40 frames!  The application may be doing too much work on its main thread.
I/Choreographer(  535): Skipped 148 frames!  The application may be doing too much work on its main thread.
D/InputEventConsistencyVerifier( 1074): KeyEvent: ACTION_UP but key was not down.
D/InputEventConsistencyVerifier( 1074):   in android.widget.LinearLayout@b3eccb40
D/InputEventConsistencyVerifier( 1074):   0: sent at 227122000000, KeyEvent { action=ACTION_UP, keyCode=KEYCODE_DPAD_DOWN, scanCode=0, metaState=0, flags=0x400, repeatCount=0, eventTime=227122, downTime=227122, deviceId=-1, source=0x101 }
D/InputEventConsistencyVerifier( 1074):   -- recent events --
D/InputEventConsistencyVerifier( 1074):   1: sent at 227074000000, (unhandled) KeyEvent { action=ACTION_DOWN, keyCode=KEYCODE_DPAD_RIGHT, scanCode=0, metaState=0, flags=0x400, repeatCount=0, eventTime=227074, downTime=227074, deviceId=-1, source=0x101 }
D/InputEventConsistencyVerifier( 1074):   2: sent at 226701000000, (unhandled) MotionEvent { action=ACTION_MOVE, id[0]=0, x[0]=2.0, y[0]=3.0, toolType[0]=TOOL_TYPE_UNKNOWN, buttonState=0, metaState=0, flags=0x0, edgeFlags=0x0, pointerCount=1, historySize=4, eventTime=226701, downTime=-1, deviceId=0, source=0x10004 }
D/InputEventConsistencyVerifier( 1074):   3: sent at 226655000000, (unhandled) MotionEvent { action=ACTION_MOVE, id[0]=0, x[0]=4.0, y[0]=3.0, toolType[0]=TOOL_TYPE_UNKNOWN, buttonState=0, metaState=0, flags=0x0, edgeFlags=0x0, pointerCount=1, historySize=4, eventTime=226655, downTime=-1, deviceId=0, source=0x10004 }
D/InputEventConsistencyVerifier( 1074):   4: sent at 226490000000, (unhandled) KeyEvent { action=ACTION_UP, keyCode=KEYCODE_DPAD_UP, scanCode=0, metaState=0, flags=0x8, repeatCount=0, eventTime=226490, downTime=226490, deviceId=-1, source=0x101 }
D/InputEventConsistencyVerifier( 1074):   5: sent at 226439000000, (unhandled) KeyEvent { action=ACTION_DOWN, keyCode=KEYCODE_DPAD_UP, scanCode=0, metaState=0, flags=0x8, repeatCount=0, eventTime=226439, downTime=226439, deviceId=-1, source=0x101 }
I/Choreographer(  535): Skipped 75 frames!  The application may be doing too much work on its main thread.
I/Choreographer(  535): Skipped 70 frames!  The application may be doing too much work on its main thread.
I/InputDispatcher(  227): Window 'Window{b4191660 csllc.CellShark/csllc.CellShark.activities.CreateAccountActivity paused=false}' spent 4671.1ms processing the last input event: KeyEvent(action=0, deviceId=-1, source=0x00000101)
E/WVMExtractor(   62): Failed to open libwvm.so
E/WVMExtractor(   62): Failed to open libwvm.so
E/WVMExtractor(   62): Failed to open libwvm.so
I/Choreographer( 1074): Skipped 44 frames!  The application may be doing too much work on its main thread.
W/DroidBox( 1137): DroidBox: { "ServiceStart": { "name": "com.android.music.MediaPlaybackService" } }
W/DroidBox( 1137): DroidBox: { "ServiceStart": { "name": "com.android.music.MediaPlaybackService" } }
E/WVMExtractor(   62): Failed to open libwvm.so
I/AudioService(  227):  AudioFocus  requestAudioFocus() from android.media.AudioManager@b3e4c3f0com.android.music.MediaPlaybackService$3@b3e4ac28
