W/dalvikvm(  232): DroidBox: { "FdAccess": { "path": "2f70726f632f3936372f636d646c696e65", "id": "79114171" } }
W/DroidBox(  232): DroidBox: { "FileRW": { "operation": "read", "data": "636f6d2e616e64726f69642e636f6d6d616e64732e6d6f6e6b657900000000000000000000000000000000000000000000000000000000000000000000000000000000000000000000000000000000000000000000000000000000653434326363346262", "id": "79114171" } }
W/dalvikvm(  232): DroidBox: { "FdAccess": { "path": "2f70726f632f3937302f636d646c696e65", "id": "55928367" } }
W/DroidBox(  232): DroidBox: { "FileRW": { "operation": "read", "data": "6c6f676361740044726f6964426f783a570064616c76696b766d3a570041637469766974794d616e616765723a49000000000000000000000000000000000000000000000000000000000000000000000000000000000000000000653434326363346262", "id": "55928367" } }
W/dalvikvm(  232): DroidBox: { "FdAccess": { "path": "2f70726f632f3937322f636d646c696e65", "id": "1540593930" } }
W/DroidBox(  232): DroidBox: { "FileRW": { "operation": "read", "data": "2f73797374656d2f62696e2f7368002d63007368202e2f7364636172642f65786563757465537472616365496e2e736800000000000000000000000000000000000000000000000000000000000000000000000000000000000000653434326363346262", "id": "1540593930" } }
W/DroidBox( 1006): DroidBox: { "ServiceStart": { "name": "com.android.musicfx.Compatibility$Service" } }
W/DroidBox( 1006): DroidBox: { "ServiceStart": { "name": "com.android.musicfx.Compatibility$Service" } }
W/dalvikvm(  232): DroidBox: { "FdAccess": { "path": "2f70726f632f3937342f636d646c696e65", "id": "570457969" } }
W/DroidBox(  232): DroidBox: { "FileRW": { "operation": "read", "data": "7368002e2f7364636172642f65786563757465537472616365496e2e736800786563757465537472616365496e2e736800000000000000000000000000000000000000000000000000000000000000000000000000000000000000653434326363346262", "id": "570457969" } }
W/dalvikvm(  232): DroidBox: { "FdAccess": { "path": "2f70726f632f3937352f636d646c696e65", "id": "1941271316" } }
W/DroidBox(  232): DroidBox: { "FileRW": { "operation": "read", "data": "737472616365002d70003631002d66002d747446002d6f002f7364636172642f323463636231626639393565656534343263633462623836383238373935626562303034336361356266363934623337363566626264613766363966346534302e61706b", "id": "1941271316" } }
W/dalvikvm(  232): DroidBox: { "FdAccess": { "path": "2f70726f632f3937372f636d646c696e65", "id": "395865017" } }
W/DroidBox(  232): DroidBox: { "FileRW": { "operation": "read", "data": "636f6d2e616e64726f69642e717569636b736561726368626f78000000000000000000000000000000000000000000000000000000000000000000000000000000000000000000000000000034623337363566626264613766363966346534302e61706b", "id": "395865017" } }
D/InputEventConsistencyVerifier(  628): KeyEvent: ACTION_UP but key was not down.
D/InputEventConsistencyVerifier(  628):   in com.android.internal.policy.impl.PhoneWindow$DecorView@b41722f8
D/InputEventConsistencyVerifier(  628):   0: sent at 109582000000, KeyEvent { action=ACTION_UP, keyCode=KEYCODE_DPAD_RIGHT, scanCode=0, metaState=0, flags=0x8, repeatCount=0, eventTime=109582, downTime=109582, deviceId=-1, source=0x101 }
W/dalvikvm(  967): DroidBox: { "FdAccess": { "path": "2f6465762f696e7075742f6576656e7430", "id": "222712044" } }
W/DroidBox(  967): DroidBox: { "FileRW": { "operation": "write", "data": "efbfbd060000efbfbdefbfbd0c000500000000000000", "id": "222712044" } }
W/dalvikvm(  232): DroidBox: { "FdAccess": { "path": "2f70726f632f313030362f636d646c696e65", "id": "722094171" } }
W/DroidBox(  232): DroidBox: { "FileRW": { "operation": "read", "data": "636f6d2e616e64726f69642e6d75736963667800000000000000000000000000000000000000000000000000000000000000000000000000000000000000000000000000000000000000000034623337363566626264613766363966346534302e61706b", "id": "722094171" } }
I/ActivityManager(  232): Start proc com.svox.pico for broadcast com.svox.pico/.VoiceDataInstallerReceiver: pid=1031 uid=10030 gids={1015, 1028}
I/ActivityManager(  232): START {act=android.search.action.GLOBAL_SEARCH flg=0x10000000 cmp=com.android.quicksearchbox/.SearchActivity bnds=[5,43][475,103] (has extras) u=0} from pid 628
E/Trace   ( 1018): error opening trace file: No such file or directory (2)
I/Choreographer(  628): Skipped 162 frames!  The application may be doing too much work on its main thread.
I/Choreographer(  628): Skipped 35 frames!  The application may be doing too much work on its main thread.
W/DroidBox( 1018): DroidBox: { "DexClassLoader": { "path": "/data/app/com.dy.ebook.book01-1.apk" } }
E/Trace   ( 1031): error opening trace file: No such file or directory (2)
I/Choreographer(  628): Skipped 30 frames!  The application may be doing too much work on its main thread.
W/DroidBox( 1031): DroidBox: { "DexClassLoader": { "path": "/system/app/PicoTts.apk" } }
D/PackageManager(  232): generateServicesMap(android.accounts.AccountAuthenticator): 2 services unchanged
D/PackageManager(  232): generateServicesMap(android.content.SyncAdapter): 4 services unchanged
I/InputReader(  232): Reconfiguring input devices.  changes=0x00000010
I/ActivityManager(  232): START {cmp=com.dy.ebook.book01/com.aimery.abook.main.MainCanvas u=0} from pid 1018
I/ActivityThread( 1031): Pub com.svox.pico.providers.SettingsProvider: com.svox.pico.providers.SettingsProvider
W/dalvikvm(  841): DroidBox: { "FdAccess": { "path": "2f646174612f646174612f636f6d2e616e64726f69642e67616c6c65727933642f7368617265645f70726566732f636f6d2e616e64726f69642e67616c6c65727933645f707265666572656e6365732e786d6c", "id": "1237325573" } }
W/DroidBox(  841): DroidBox: { "FileRW": { "operation": "write", "data": "3c3f786d6c2076657273696f6e3d27312e302720656e636f64696e673d277574662d3827207374616e64616c6f6e653d2779657327203f3e0a3c6d61703e0a3c696e74206e616d653d227061636b616765732d76657273696f6e222076616c75653d2237", "id": "1237325573" } }
I/AccountTypeManager(  687): Loaded meta-data for 1 account types, 0 accounts in 327ms(wall) 10ms(cpu)
V/game    ( 1018): creata page suc =com.aimery.page.LoadPage
V/game    ( 1018): com.aimery.event.ChangePageEvent
I/Choreographer(  628): Skipped 89 frames!  The application may be doing too much work on its main thread.
I/Choreographer( 1018): Skipped 63 frames!  The application may be doing too much work on its main thread.
V/PhoneStatusBar(  430): setLightsOn(true)
W/dalvikvm( 1006): DroidBox: { "FdAccess": { "path": "2f646174612f646174612f636f6d2e616e64726f69642e6d7573696366782f7368617265645f70726566732f6d7573696366782e786d6c", "id": "423724053" } }
W/DroidBox( 1006): DroidBox: { "FileRW": { "operation": "write", "data": "3c3f786d6c2076657273696f6e3d27312e302720656e636f64696e673d277574662d3827207374616e64616c6f6e653d2779657327203f3e0a3c6d61703e0a3c737472696e67206e616d653d2264656661756c7470616e656c7061636b616765223e636f", "id": "423724053" } }
I/Launcher(  628): setLoadOnResume
I/Choreographer(  628): Skipped 48 frames!  The application may be doing too much work on its main thread.
E/WVMExtractor(   64): Failed to open libwvm.so
D/gralloc_goldfish( 1018): Emulator without GPU emulation detected.
I/dalvikvm-heap( 1018): Grow heap (frag case) to 10.099MB for 1463056-byte allocation
I/ActivityManager(  232): Displayed com.dy.ebook.book01/com.aimery.abook.main.MainCanvas: +1s733ms (total +5s26ms)
V/game    ( 1018): ontouchEvent313.0 367.0
V/game    ( 1018): ontouchEvent313.0 367.0
V/game    ( 1018): onPrepareOptionsMenu0
V/game    ( 1018): ontouchEvent427.0 724.0
V/game    ( 1018): ontouchEvent432.0 722.0
I/Choreographer( 1018): Skipped 147 frames!  The application may be doing too much work on its main thread.
V/game    ( 1018): total 1 page.0->com.aimery.page.IndexPage
V/game    ( 1018): creata page suc =com.aimery.page.IndexPage
V/game    ( 1018): com.aimery.event.ChangePageEvent
V/game    ( 1018): sssssssandroid.widget.ListView@b3e30850
V/game    ( 1018): android.widget.SimpleAdapter@b3e34c00 android.widget.ListView@b3e30850
I/Choreographer( 1018): Skipped 70 frames!  The application may be doing too much work on its main thread.
I/System.out( 1018): =================startdoc.null
I/System.out( 1018): end_tag.bookname
I/System.out( 1018): end_tag.author
I/Choreographer(  628): Skipped 52 frames!  The application may be doing too much work on its main thread.
I/System.out( 1018): end_tag.date
I/System.out( 1018): end_tag.total
I/System.out( 1018): end_tag.name
I/dalvikvm-heap( 1018): Grow heap (frag case) to 10.346MB for 1463056-byte allocation
W/dalvikvm(  232): DroidBox: { "FdAccess": { "path": "2f70726f632f313031382f636d646c696e65", "id": "2124011479" } }
W/DroidBox(  232): DroidBox: { "FileRW": { "operation": "read", "data": "636f6d2e64792e65626f6f6b2e626f6f6b303100000000000000000000000000000000000000000000000000000000000000000000000000000000000000000000000000000000000000000034623337363566626264613766363966346534302e61706b", "id": "2124011479" } }
W/dalvikvm(  232): DroidBox: { "FdAccess": { "path": "2f70726f632f313033312f636d646c696e65", "id": "1387862810" } }
W/DroidBox(  232): DroidBox: { "FileRW": { "operation": "read", "data": "636f6d2e73766f782e7069636f00000000000000000000000000000000000000000000000000000000000000000000000000000000000000000000000000000000000000000000000000000034623337363566626264613766363966346534302e61706b", "id": "1387862810" } }
I/System.out( 1018): end_tag.info
I/System.out( 1018): end_tag.path
I/System.out( 1018): end_tag.chapter
I/System.out( 1018): end_tag.name
I/System.out( 1018): end_tag.info
I/System.out( 1018): end_tag.path
I/System.out( 1018): end_tag.chapter
I/System.out( 1018): end_tag.name
I/System.out( 1018): end_tag.info
I/System.out( 1018): end_tag.path
I/System.out( 1018): end_tag.chapter
I/System.out( 1018): end_tag.name
I/System.out( 1018): end_tag.info
I/System.out( 1018): end_tag.path
I/System.out( 1018): end_tag.chapter
I/System.out( 1018): end_tag.name
I/System.out( 1018): end_tag.info
I/System.out( 1018): end_tag.path
I/System.out( 1018): end_tag.chapter
I/System.out( 1018): end_tag.name
I/System.out( 1018): end_tag.info
I/System.out( 1018): end_tag.path
I/System.out( 1018): end_tag.chapter
I/System.out( 1018): end_tag.name
I/System.out( 1018): end_tag.info
I/System.out( 1018): end_tag.path
I/System.out( 1018): end_tag.chapter
I/System.out( 1018): end_tag.name
I/System.out( 1018): end_tag.info
I/System.out( 1018): end_tag.path
I/System.out( 1018): end_tag.chapter
I/dalvikvm-heap( 1018): Grow heap (frag case) to 11.737MB for 1463056-byte allocation
I/System.out( 1018): end_tag.name
I/System.out( 1018): end_tag.info
I/System.out( 1018): end_tag.path
I/System.out( 1018): end_tag.chapter
I/System.out( 1018): end_tag.name
I/System.out( 1018): end_tag.info
I/System.out( 1018): end_tag.path
I/System.out( 1018): end_tag.chapter
I/System.out( 1018): end_tag.name
I/System.out( 1018): end_tag.info
I/System.out( 1018): end_tag.path
I/System.out( 1018): end_tag.chapter
I/System.out( 1018): end_tag.name
I/System.out( 1018): end_tag.info
I/System.out( 1018): end_tag.path
I/System.out( 1018): end_tag.chapter
I/System.out( 1018): end_tag.name
I/System.out( 1018): end_tag.info
I/System.out( 1018): end_tag.path
I/System.out( 1018): end_tag.chapter
I/System.out( 1018): end_tag.name
I/System.out( 1018): end_tag.info
I/System.out( 1018): end_tag.path
I/System.out( 1018): end_tag.chapter
I/System.out( 1018): end_tag.name
I/System.out( 1018): end_tag.info
I/System.out( 1018): end_tag.path
I/System.out( 1018): end_tag.chapter
I/System.out( 1018): end_tag.name
I/System.out( 1018): end_tag.info
I/System.out( 1018): end_tag.path
I/System.out( 1018): end_tag.chapter
I/System.out( 1018): end_tag.name
I/System.out( 1018): end_tag.info
I/System.out( 1018): end_tag.path
I/System.out( 1018): end_tag.chapter
I/System.out( 1018): end_tag.name
I/System.out( 1018): end_tag.info
I/System.out( 1018): end_tag.path
I/System.out( 1018): end_tag.chapter
I/System.out( 1018): end_tag.name
I/System.out( 1018): end_tag.info
I/System.out( 1018): end_tag.path
I/System.out( 1018): end_tag.chapter
I/System.out( 1018): end_tag.name
I/System.out( 1018): end_tag.info
I/System.out( 1018): end_tag.path
I/System.out( 1018): end_tag.chapter
I/System.out( 1018): end_tag.book
V/game    ( 1018): com.aimery.event.GetIndexEvent
V/download( 1018): getvalue.5 name=UPDATETIME
V/download( 1018): downloadevent usertime=0 detime=5
V/download( 1018): 启动时间=0小于5分钟，不执行漂流瓶
V/game    ( 1018): com.aimery.event.DownloadEvent
V/game    ( 1018): com.aimery.event.PressHandlerUiEvent
V/game    ( 1018): com.aimery.event.PressHandlerUiEvent
V/game    ( 1018): com.aimery.event.PressHandlerUiEvent
V/game    ( 1018): com.aimery.event.PressHandlerUiEvent
V/game    ( 1018): com.aimery.event.PressHandlerUiEvent
V/game    ( 1018): com.aimery.event.PressHandlerUiEvent
V/game    ( 1018): com.aimery.event.PressHandlerUiEvent
V/game    ( 1018): com.aimery.event.PressHandlerUiEvent
V/game    ( 1018): com.aimery.event.PressHandlerUiEvent
V/game    ( 1018): com.aimery.event.PressHandlerUiEvent
V/game    ( 1018): com.aimery.event.PressHandlerUiEvent
V/game    ( 1018): com.aimery.event.PressHandlerUiEvent
E/WVMExtractor(   64): Failed to open libwvm.so
V/game    ( 1018): com.aimery.event.PressHandlerUiEvent
V/game    ( 1018): com.aimery.event.PressHandlerUiEvent
V/game    ( 1018): com.aimery.event.PressHandlerUiEvent
V/game    ( 1018): com.aimery.event.PressHandlerUiEvent
V/game    ( 1018): com.aimery.event.PressHandlerUiEvent
V/game    ( 1018): com.aimery.event.PressHandlerUiEvent
V/game    ( 1018): com.aimery.event.PressHandlerUiEvent
V/game    ( 1018): com.aimery.event.PressHandlerUiEvent
V/game    ( 1018): com.aimery.event.PressHandlerUiEvent
D/InputEventConsistencyVerifier( 1018): KeyEvent: ACTION_UP but key was not down.
D/InputEventConsistencyVerifier( 1018):   in android.view.ViewRootImpl@b420d2c8
D/InputEventConsistencyVerifier( 1018):   0: sent at 114816000000, KeyEvent { action=ACTION_UP, keyCode=KEYCODE_DPAD_DOWN, scanCode=0, metaState=0, flags=0x8, repeatCount=0, eventTime=114816, downTime=114816, deviceId=-1, source=0x101 }
I/Choreographer( 1018): Skipped 351 frames!  The application may be doing too much work on its main thread.
I/ActivityManager(  232): No longer want com.android.provision (pid 585): hidden #16
E/WVMExtractor(   64): Failed to open libwvm.so
V/game    ( 1018): getvalue.0 name=近身保镖idxpostion
D/InputEventConsistencyVerifier( 1018): KeyEvent: ACTION_UP but key was not down.
D/InputEventConsistencyVerifier( 1018):   in android.widget.LinearLayout@b3e67a60
D/InputEventConsistencyVerifier( 1018):   0: sent at 114786000000, KeyEvent { action=ACTION_UP, keyCode=KEYCODE_DPAD_LEFT, scanCode=0, metaState=0, flags=0x400, repeatCount=0, eventTime=114786, downTime=114786, deviceId=-1, source=0x101 }
D/InputEventConsistencyVerifier( 1018):   -- recent events --
D/InputEventConsistencyVerifier( 1018):   1: sent at 114553000000, (unhandled) MotionEvent { action=ACTION_DOWN, id[0]=0, x[0]=427.0, y[0]=724.0, toolType[0]=TOOL_TYPE_UNKNOWN, buttonState=0, metaState=0, flags=0x0, edgeFlags=0x0, pointerCount=1, historySize=0, eventTime=114553, downTime=114540, deviceId=0, source=0x1002 }
D/InputEventConsistencyVerifier( 1018):   2: sent at 113619000000, (unhandled) MotionEvent { action=ACTION_DOWN, id[0]=0, x[0]=313.0, y[0]=367.0, toolType[0]=TOOL_TYPE_UNKNOWN, buttonState=0, metaState=0, flags=0x1, edgeFlags=0x0, pointerCount=1, historySize=0, eventTime=113619, downTime=113618, deviceId=0, source=0x1002 }
I/Choreographer( 1018): Skipped 174 frames!  The application may be doing too much work on its main thread.
E/WVMExtractor(   64): Failed to open libwvm.so
I/ARMAssembler(   60): generated scanline__00000077:03515104_00009001_00000000 [131 ipp] (153 ins) at [0xb5bd6710:0xb5bd6974] in 0 ns
I/InputDispatcher(  232): Window 'Window{b40e5880 com.dy.ebook.book01/com.aimery.abook.main.MainCanvas paused=false}' spent 4050.1ms processing the last input event: KeyEvent(action=0, deviceId=-1, source=0x00000101)
I/Choreographer( 1018): Skipped 147 frames!  The application may be doing too much work on its main thread.
E/WVMExtractor(   64): Failed to open libwvm.so
W/InputMethodManagerService(  232): Window already focused, ignoring focus gain of: com.android.internal.view.IInputMethodClient$Stub$Proxy@b4104530 attribute=null
I/InputDispatcher(  232): Window 'Window{b40e5880 com.dy.ebook.book01/com.aimery.abook.main.MainCanvas paused=false}' spent 2095.3ms processing the last input event: KeyEvent(action=1, deviceId=-1, source=0x00000101)
I/Choreographer( 1018): Skipped 38 frames!  The application may be doing too much work on its main thread.
I/ActivityManager(  232): START {act=android.intent.action.MAIN cat=[android.intent.category.HOME] flg=0x10200000 cmp=com.android.launcher/com.android.launcher2.Launcher u=0} from pid 232
W/ActivityManager(  232): Launch timeout has expired, giving up wake lock!
V/game    ( 1018): ontouchEvent257.0 143.0
V/game    ( 1018): ontouchEvent248.0 134.0
I/InputDispatcher(  232): Dropped event because of pending overdue app switch.
W/InputManager(  232): Input event injection from pid 967 failed.
E/WVMExtractor(   64): Failed to open libwvm.so
E/WVMExtractor(   64): Failed to open libwvm.so
I/Choreographer( 1018): Skipped 70 frames!  The application may be doing too much work on its main thread.
E/WVMExtractor(   64): Failed to open libwvm.so
I/Choreographer( 1018): Skipped 48 frames!  The application may be doing too much work on its main thread.
V/cmd     ( 1018): 1---第二节、如此过关
V/game    ( 1018): setvalue.1 name=近身保镖idxpostion
E/WVMExtractor(   64): Failed to open libwvm.so
W/dalvikvm( 1018): DroidBox: { "FdAccess": { "path": "2f646174612f646174612f636f6d2e64792e65626f6f6b2e626f6f6b30312f7368617265645f70726566732fe8bf91e8baabe4bf9de99596696478706f7374696f6e2e786d6c", "id": "1563510006" } }
W/DroidBox( 1018): DroidBox: { "FileRW": { "operation": "write", "data": "3c3f786d6c2076657273696f6e3d27312e302720656e636f64696e673d277574662d3827207374616e64616c6f6e653d2779657327203f3e0a3c6d61703e0a3c696e74206e616d653d22e8bf91e8baabe4bf9de99596696478706f7374696f6e22207661", "id": "1563510006" } }
V/game    ( 1018): total 2 page.0->com.aimery.page.IndexPage
V/game    ( 1018): total 2 page.1->com.aimery.page.ViewBookPage
V/game    ( 1018): creata page suc =com.aimery.page.ViewBookPage
V/game    ( 1018): com.aimery.event.ChangePageEvent
I/Choreographer( 1018): Skipped 56 frames!  The application may be doing too much work on its main thread.
E/WVMExtractor(   64): Failed to open libwvm.so
I/dalvikvm-heap( 1018): Grow heap (frag case) to 11.780MB for 1382416-byte allocation
I/dalvikvm-heap( 1018): Grow heap (frag case) to 14.744MB for 3110416-byte allocation
D/PackageManager(  232): generateServicesMap(android.accounts.AccountAuthenticator): 2 services unchanged
I/InputReader(  232): Reconfiguring input devices.  changes=0x00000010
V/game    ( 1018): com.aimery.event.PressHandlerUiEvent
D/PackageManager(  232): generateServicesMap(android.content.SyncAdapter): 4 services unchanged
I/Choreographer( 1018): Skipped 241 frames!  The application may be doing too much work on its main thread.
W/dalvikvm(  841): DroidBox: { "FdAccess": { "path": "2f646174612f646174612f636f6d2e616e64726f69642e67616c6c65727933642f7368617265645f70726566732f636f6d2e616e64726f69642e67616c6c65727933645f707265666572656e6365732e786d6c", "id": "628146256" } }
W/DroidBox(  841): DroidBox: { "FileRW": { "operation": "write", "data": "3c3f786d6c2076657273696f6e3d27312e302720656e636f64696e673d277574662d3827207374616e64616c6f6e653d2779657327203f3e0a3c6d61703e0a3c696e74206e616d653d227061636b616765732d76657273696f6e222076616c75653d2238", "id": "628146256" } }
I/dalvikvm-heap( 1018): Grow heap (frag case) to 15.104MB for 1463056-byte allocation
I/AccountTypeManager(  687): Loaded meta-data for 1 account types, 0 accounts in 183ms(wall) 10ms(cpu)
E/WVMExtractor(   64): Failed to open libwvm.so
V/game    ( 1018): paeidx=0
V/game    ( 1018): com.aimery.event.ReadBookEvent
V/game    ( 1018): com.aimery.event.PressHandlerUiEvent
I/dalvikvm-heap( 1018): Grow heap (frag case) to 16.475MB for 1463056-byte allocation
I/Choreographer( 1018): Skipped 89 frames!  The application may be doing too much work on its main thread.
V/game    ( 1018): adtime=1741203631244 false
V/game    ( 1018): flipsize=7
I/Choreographer( 1018): Skipped 38 frames!  The application may be doing too much work on its main thread.
I/Choreographer( 1018): Skipped 57 frames!  The application may be doing too much work on its main thread.
E/WVMExtractor(   64): Failed to open libwvm.so
I/Choreographer( 1018): Skipped 73 frames!  The application may be doing too much work on its main thread.
I/InputDispatcher(  232): Window 'Window{b40e5880 com.dy.ebook.book01/com.aimery.abook.main.MainCanvas paused=false}' spent 4348.8ms processing the last input event: MotionEvent(action=2, deviceId=0, source=0x00010004)
I/Choreographer(  628): Skipped 157 frames!  The application may be doing too much work on its main thread.
I/Choreographer( 1018): Skipped 44 frames!  The application may be doing too much work on its main thread.
W/SocketClient(   57): write error (Broken pipe)
E/WVMExtractor(   64): Failed to open libwvm.so
E/WVMExtractor(   64): Failed to open libwvm.so
I/Choreographer( 1018): Skipped 33 frames!  The application may be doing too much work on its main thread.
I/ActivityManager(  232): START {act=android.intent.action.MAIN cat=[android.intent.category.LAUNCHER] flg=0x10000000 cmp=com.android.browser/.BrowserActivity sel={act=android.intent.action.MAIN cat=[android.intent.category.APP_BROWSER]} u=0} from pid 232
D/InputEventConsistencyVerifier( 1018): KeyEvent: ACTION_UP but key was not down.
D/InputEventConsistencyVerifier( 1018):   in android.view.ViewRootImpl@b4200fc8
D/InputEventConsistencyVerifier( 1018):   0: sent at 128309000000, KeyEvent { action=ACTION_UP, keyCode=KEYCODE_EXPLORER, scanCode=0, metaState=0, flags=0x8, repeatCount=0, eventTime=128309, downTime=128309, deviceId=-1, source=0x101 }
D/InputEventConsistencyVerifier( 1018):   -- recent events --
D/InputEventConsistencyVerifier( 1018):   1: sent at 128249000000, MotionEvent { action=ACTION_UP, id[0]=0, x[0]=292.0, y[0]=-374.0, toolType[0]=TOOL_TYPE_UNKNOWN, buttonState=0, metaState=0, flags=0x0, edgeFlags=0x0, pointerCount=1, historySize=0, eventTime=128249, downTime=128223, deviceId=0, source=0x1002 }
D/InputEventConsistencyVerifier( 1018):   2: sent at 128247000000, MotionEvent { action=ACTION_MOVE, id[0]=0, x[0]=277.0, y[0]=-383.0, toolType[0]=TOOL_TYPE_UNKNOWN, buttonState=0, metaState=0, flags=0x0, edgeFlags=0x0, pointerCount=1, historySize=0, eventTime=128247, downTime=128223, deviceId=0, source=0x1002 }
D/InputEventConsistencyVerifier( 1018):   3: sent at 128224000000, MotionEvent { action=ACTION_DOWN, id[0]=0, x[0]=270.0, y[0]=-398.0, toolType[0]=TOOL_TYPE_UNKNOWN, buttonState=0, metaState=0, flags=0x0, edgeFlags=0x0, pointerCount=1, historySize=0, eventTime=128224, downTime=128223, deviceId=0, source=0x1002 }
D/InputEventConsistencyVerifier( 1018):   4: sent at 128120000000, KeyEvent { action=ACTION_UP, keyCode=KEYCODE_DPAD_RIGHT, scanCode=0, metaState=0, flags=0x8, repeatCount=0, eventTime=128120, downTime=128120, deviceId=-1, source=0x101 }
D/InputEventConsistencyVerifier( 1018):   5: sent at 127986000000, KeyEvent { action=ACTION_DOWN, keyCode=KEYCODE_DPAD_RIGHT, scanCode=0, metaState=0, flags=0x8, repeatCount=0, eventTime=127986, downTime=127986, deviceId=-1, source=0x101 }
E/WVMExtractor(   64): Failed to open libwvm.so
I/Choreographer( 1018): Skipped 54 frames!  The application may be doing too much work on its main thread.
I/Choreographer( 1018): Skipped 77 frames!  The application may be doing too much work on its main thread.
W/InputMethodManagerService(  232): Window already focused, ignoring focus gain of: com.android.internal.view.IInputMethodClient$Stub$Proxy@b4037b00 attribute=android.view.inputmethod.EditorInfo@b43966b8
V/game    ( 1018): onPrepareOptionsMenu2
V/game    ( 1018): onPrepareOptionsMenu
I/Choreographer( 1018): Skipped 63 frames!  The application may be doing too much work on its main thread.
E/WVMExtractor(   64): Failed to open libwvm.so
I/Choreographer( 1018): Skipped 30 frames!  The application may be doing too much work on its main thread.
D/InputEventConsistencyVerifier( 1018): TouchEvent: ACTION_DOWN but pointers are already down.  Probably missing ACTION_UP from previous gesture.
D/InputEventConsistencyVerifier( 1018):   in com.android.internal.policy.impl.PhoneWindow$DecorView@b3e3fb80
D/InputEventConsistencyVerifier( 1018):   0: sent at 129945000000, MotionEvent { action=ACTION_DOWN, id[0]=0, x[0]=455.0, y[0]=-373.0, toolType[0]=TOOL_TYPE_UNKNOWN, buttonState=0, metaState=0, flags=0x0, edgeFlags=0x0, pointerCount=1, historySize=0, eventTime=129945, downTime=129942, deviceId=0, source=0x1002 }
D/InputEventConsistencyVerifier( 1018):   -- recent events --
D/InputEventConsistencyVerifier( 1018):   1: sent at 129813000000, (unhandled) KeyEvent { action=ACTION_UP, keyCode=KEYCODE_MENU, scanCode=0, metaState=0, flags=0x8, repeatCount=0, eventTime=129813, downTime=129813, deviceId=-1, source=0x101 }
D/InputEventConsistencyVerifier( 1018):   2: sent at 129790000000, (unhandled) KeyEvent { action=ACTION_DOWN, keyCode=KEYCODE_MENU, scanCode=0, metaState=0, flags=0x8, repeatCount=0, eventTime=129790, downTime=129790, deviceId=-1, source=0x101 }
D/InputEventConsistencyVerifier( 1018):   3: sent at 129762000000, (unhandled) KeyEvent { action=ACTION_UP, keyCode=KEYCODE_DPAD_UP, scanCode=0, metaState=0, flags=0x8, repeatCount=0, eventTime=129762, downTime=129762, deviceId=-1, source=0x101 }
D/InputEventConsistencyVerifier( 1018):   4: sent at 129667000000, (unhandled) KeyEvent { action=ACTION_DOWN, keyCode=KEYCODE_DPAD_UP, scanCode=0, metaState=0, flags=0x8, repeatCount=0, eventTime=129667, downTime=129667, deviceId=-1, source=0x101 }
D/InputEventConsistencyVerifier( 1018):   5: sent at 128928000000, MotionEvent { action=ACTION_DOWN, id[0]=0, x[0]=180.0, y[0]=-133.0, toolType[0]=TOOL_TYPE_UNKNOWN, buttonState=0, metaState=0, flags=0x0, edgeFlags=0x0, pointerCount=1, historySize=0, eventTime=128928, downTime=128924, deviceId=0, source=0x1002 }
E/WVMExtractor(   64): Failed to open libwvm.so
W/InputManager(  232): Input event injection from pid 967 failed.
I/Choreographer( 1018): Skipped 73 frames!  The application may be doing too much work on its main thread.
W/InputMethodManagerService(  232): Window already focused, ignoring focus gain of: com.android.internal.view.IInputMethodClient$Stub$Proxy@b3f92ef0 attribute=null
D/InputEventConsistencyVerifier( 1018): KeyEvent: ACTION_UP but key was not down.
D/InputEventConsistencyVerifier( 1018):   in com.android.internal.policy.impl.PhoneWindow$DecorView@b3e66ea0
D/InputEventConsistencyVerifier( 1018):   0: sent at 129821000000, KeyEvent { action=ACTION_UP, keyCode=KEYCODE_DPAD_UP, scanCode=0, metaState=0, flags=0x400, repeatCount=0, eventTime=129821, downTime=129821, deviceId=-1, source=0x101 }
D/InputEventConsistencyVerifier( 1018):   -- recent events --
D/InputEventConsistencyVerifier( 1018):   1: sent at 129642000000, (unhandled) MotionEvent { action=ACTION_MOVE, id[0]=0, x[0]=3.0, y[0]=-4.0, toolType[0]=TOOL_TYPE_UNKNOWN, buttonState=0, metaState=0, flags=0x0, edgeFlags=0x0, pointerCount=1, historySize=7, eventTime=129642, downTime=-1, deviceId=0, source=0x10004 }
D/InputEventConsistencyVerifier( 1018):   2: sent at 129587000000, (unhandled) MotionEvent { action=ACTION_MOVE, id[0]=0, x[0]=3.0, y[0]=-3.0, toolType[0]=TOOL_TYPE_UNKNOWN, buttonState=0, metaState=0, flags=0x0, edgeFlags=0x0, pointerCount=1, historySize=1, eventTime=129587, downTime=-1, deviceId=0, source=0x10004 }
D/InputEventConsistencyVerifier( 1018):   3: sent at 129248000000, (unhandled) KeyEvent { action=ACTION_UP, keyCode=KEYCODE_MENU, scanCode=0, metaState=0, flags=0x8, repeatCount=0, eventTime=129248, downTime=129248, deviceId=-1, source=0x101 }
D/InputEventConsistencyVerifier( 1018):   4: sent at 129165000000, (unhandled) KeyEvent { action=ACTION_DOWN, keyCode=KEYCODE_MENU, scanCode=0, metaState=0, flags=0x8, repeatCount=0, eventTime=129165, downTime=129165, deviceId=-1, source=0x101 }
D/InputEventConsistencyVerifier( 1018):   5: sent at 129138000000, MotionEvent { action=ACTION_UP, id[0]=0, x[0]=260.0, y[0]=628.0, toolType[0]=TOOL_TYPE_UNKNOWN, buttonState=0, metaState=0, flags=0x0, edgeFlags=0x0, pointerCount=1, historySize=0, eventTime=129138, downTime=129119, deviceId=0, source=0x1002 }
E/WVMExtractor(   64): Failed to open libwvm.so
E/WVMExtractor(   64): Failed to open libwvm.so
E/WVMExtractor(   64): Failed to open libwvm.so
I/Choreographer( 1018): Skipped 61 frames!  The application may be doing too much work on its main thread.
E/WVMExtractor(   64): Failed to open libwvm.so
I/Choreographer( 1018): Skipped 40 frames!  The application may be doing too much work on its main thread.
D/InputEventConsistencyVerifier( 1018): KeyEvent: ACTION_UP but key was not down.
D/InputEventConsistencyVerifier( 1018):   in com.android.internal.policy.impl.PhoneWindow$DecorView@b3e66ea0
D/InputEventConsistencyVerifier( 1018):   0: sent at 131579000000, KeyEvent { action=ACTION_UP, keyCode=KEYCODE_DPAD_DOWN, scanCode=0, metaState=0, flags=0x400, repeatCount=0, eventTime=131579, downTime=131579, deviceId=-1, source=0x101 }
D/InputEventConsistencyVerifier( 1018):   -- recent events --
D/InputEventConsistencyVerifier( 1018):   1: sent at 131330000000, (unhandled) MotionEvent { action=ACTION_MOVE, id[0]=0, x[0]=-1.0, y[0]=2.0, toolType[0]=TOOL_TYPE_UNKNOWN, buttonState=0, metaState=0, flags=0x0, edgeFlags=0x0, pointerCount=1, historySize=9, eventTime=131330, downTime=-1, deviceId=0, source=0x10004 }
D/InputEventConsistencyVerifier( 1018):   2: sent at 131245000000, MotionEvent { action=ACTION_UP, id[0]=0, x[0]=0.0, y[0]=365.0, toolType[0]=TOOL_TYPE_UNKNOWN, buttonState=0, metaState=0, flags=0x0, edgeFlags=0x0, pointerCount=1, historySize=0, eventTime=131245, downTime=131185, deviceId=0, source=0x1002 }
D/InputEventConsistencyVerifier( 1018):   3: sent at 131241000000, MotionEvent { action=ACTION_MOVE, id[0]=0, x[0]=0.0, y[0]=367.0, toolType[0]=TOOL_TYPE_UNKNOWN, buttonState=0, metaState=0, flags=0x0, edgeFlags=0x0, pointerCount=1, historySize=3, eventTime=131241, downTime=131185, deviceId=0, source=0x1002 }
D/InputEventConsistencyVerifier( 1018):   4: sent at 131187000000, MotionEvent { action=ACTION_DOWN, id[0]=0, x[0]=17.0, y[0]=377.0, toolType[0]=TOOL_TYPE_UNKNOWN, buttonState=0, metaState=0, flags=0x0, edgeFlags=0x0, pointerCount=1, historySize=0, eventTime=131187, downTime=131185, deviceId=0, source=0x1002 }
D/InputEventConsistencyVerifier( 1018):   5: sent at 131173000000, MotionEvent { action=ACTION_UP, id[0]=0, x[0]=59.0, y[0]=492.0, toolType[0]=TOOL_TYPE_UNKNOWN, buttonState=0, metaState=0, flags=0x0, edgeFlags=0x0, pointerCount=1, historySize=0, eventTime=131173, downTime=131158, deviceId=0, source=0x1002 }
E/WVMExtractor(   64): Failed to open libwvm.so
V/game    ( 1018): onPrepareOptionsMenu2
V/game    ( 1018): onPrepareOptionsMenu
I/Choreographer( 1018): Skipped 36 frames!  The application may be doing too much work on its main thread.
I/Choreographer( 1018): Skipped 41 frames!  The application may be doing too much work on its main thread.
E/WVMExtractor(   64): Failed to open libwvm.so
W/dalvikvm(  967): DroidBox: { "FdAccess": { "path": "2f6465762f696e7075742f6576656e7430", "id": "2081739289" } }
W/DroidBox(  967): DroidBox: { "FileRW": { "operation": "write", "data": "7f060000efbfbd3901000500000001000000", "id": "2081739289" } }
W/InputManager(  232): Input event injection from pid 967 failed.
W/InputManager(  232): Input event injection from pid 967 failed.
W/InputManager(  232): Input event injection from pid 967 failed.
I/Choreographer( 1018): Skipped 100 frames!  The application may be doing too much work on its main thread.
W/InputMethodManagerService(  232): Window already focused, ignoring focus gain of: com.android.internal.view.IInputMethodClient$Stub$Proxy@b4045c38 attribute=null
V/game    ( 1018): onPrepareOptionsMenu2
V/game    ( 1018): onPrepareOptionsMenu
E/WVMExtractor(   64): Failed to open libwvm.so
I/ActivityManager(  232): START {act=android.intent.action.MAIN cat=[android.intent.category.LAUNCHER] flg=0x10200000 cmp=com.dy.ebook.book01/.MainBook u=0} from pid 967
I/Choreographer( 1018): Skipped 90 frames!  The application may be doing too much work on its main thread.
E/WVMExtractor(   64): Failed to open libwvm.so
V/game    ( 1018): onPrepareOptionsMenu2
V/game    ( 1018): onPrepareOptionsMenu
D/InputEventConsistencyVerifier( 1018): KeyEvent: ACTION_UP but key was not down.
D/InputEventConsistencyVerifier( 1018):   in android.view.ViewRootImpl@b3e6ad70
D/InputEventConsistencyVerifier( 1018):   0: sent at 135160000000, KeyEvent { action=ACTION_UP, keyCode=KEYCODE_MENU, scanCode=0, metaState=0, flags=0x8, repeatCount=0, eventTime=135160, downTime=135160, deviceId=-1, source=0x101 }
D/InputEventConsistencyVerifier( 1018):   -- recent events --
D/InputEventConsistencyVerifier( 1018):   1: sent at 133912000000, MotionEvent { action=ACTION_UP, id[0]=0, x[0]=21.0, y[0]=750.0, toolType[0]=TOOL_TYPE_UNKNOWN, buttonState=0, metaState=0, flags=0x0, edgeFlags=0x0, pointerCount=1, historySize=0, eventTime=133912, downTime=133838, deviceId=0, source=0x1002 }
D/InputEventConsistencyVerifier( 1018):   2: sent at 133838000000, MotionEvent { action=ACTION_DOWN, id[0]=0, x[0]=22.0, y[0]=746.0, toolType[0]=TOOL_TYPE_UNKNOWN, buttonState=0, metaState=0, flags=0x0, edgeFlags=0x0, pointerCount=1, historySize=0, eventTime=133838, downTime=133838, deviceId=0, source=0x1002 }
D/InputEventConsistencyVerifier( 1018):   3: sent at 133512000000, KeyEvent { action=ACTION_UP, keyCode=KEYCODE_MENU, scanCode=0, metaState=0, flags=0x8, repeatCount=0, eventTime=133512, downTime=133512, deviceId=-1, source=0x101 }
D/InputEventConsistencyVerifier( 1018):   4: sent at 133506000000, KeyEvent { action=ACTION_DOWN, keyCode=KEYCODE_MENU, scanCode=0, metaState=0, flags=0x8, repeatCount=0, eventTime=133506, downTime=133506, deviceId=-1, source=0x101 }
D/InputEventConsistencyVerifier( 1018):   5: sent at 132663000000, MotionEvent { action=ACTION_UP, id[0]=0, x[0]=70.0, y[0]=528.0, toolType[0]=TOOL_TYPE_UNKNOWN, buttonState=0, metaState=0, flags=0x0, edgeFlags=0x0, pointerCount=1, historySize=0, eventTime=132663, downTime=132553, deviceId=0, source=0x1002 }
I/Choreographer( 1018): Skipped 135 frames!  The application may be doing too much work on its main thread.
E/WVMExtractor(   64): Failed to open libwvm.so
W/InputMethodManagerService(  232): Window already focused, ignoring focus gain of: com.android.internal.view.IInputMethodClient$Stub$Proxy@b4092da8 attribute=android.view.inputmethod.EditorInfo@b3f8d0c0
I/Choreographer( 1018): Skipped 34 frames!  The application may be doing too much work on its main thread.
E/WVMExtractor(   64): Failed to open libwvm.so
D/InputEventConsistencyVerifier( 1018): KeyEvent: ACTION_UP but key was not down.
D/InputEventConsistencyVerifier( 1018):   in com.android.internal.policy.impl.PhoneWindow$DecorView@b3e66ea0
D/InputEventConsistencyVerifier( 1018):   0: sent at 135776000000, KeyEvent { action=ACTION_UP, keyCode=KEYCODE_DPAD_UP, scanCode=0, metaState=0, flags=0x400, repeatCount=0, eventTime=135776, downTime=135776, deviceId=-1, source=0x101 }
D/InputEventConsistencyVerifier( 1018):   -- recent events --
D/InputEventConsistencyVerifier( 1018):   1: sent at 135398000000, (unhandled) MotionEvent { action=ACTION_MOVE, id[0]=0, x[0]=3.0, y[0]=-4.0, toolType[0]=TOOL_TYPE_UNKNOWN, buttonState=0, metaState=0, flags=0x0, edgeFlags=0x0, pointerCount=1, historySize=9, eventTime=135398, downTime=-1, deviceId=0, source=0x10004 }
D/InputEventConsistencyVerifier( 1018):   2: sent at 135266000000, MotionEvent { action=ACTION_UP, id[0]=0, x[0]=98.0, y[0]=711.0, toolType[0]=TOOL_TYPE_UNKNOWN, buttonState=0, metaState=0, flags=0x0, edgeFlags=0x0, pointerCount=1, historySize=0, eventTime=135266, downTime=135237, deviceId=0, source=0x1002 }
D/InputEventConsistencyVerifier( 1018):   3: sent at 135238000000, MotionEvent { action=ACTION_DOWN, id[0]=0, x[0]=102.0, y[0]=708.0, toolType[0]=TOOL_TYPE_UNKNOWN, buttonState=0, metaState=0, flags=0x0, edgeFlags=0x0, pointerCount=1, historySize=0, eventTime=135238, downTime=135237, deviceId=0, source=0x1002 }
D/InputEventConsistencyVerifier( 1018):   4: sent at 135160000000, (unhandled) KeyEvent { action=ACTION_UP, keyCode=KEYCODE_MENU, scanCode=0, metaState=0, flags=0x80000008, repeatCount=0, eventTime=135160, downTime=135160, deviceId=-1, source=0x101 }
D/InputEventConsistencyVerifier( 1018):   5: sent at 133912000000, MotionEvent { action=ACTION_UP, id[0]=0, x[0]=21.0, y[0]=750.0, toolType[0]=TOOL_TYPE_UNKNOWN, buttonState=0, metaState=0, flags=0x0, edgeFlags=0x0, pointerCount=1, historySize=0, eventTime=133912, downTime=133838, deviceId=0, source=0x1002 }
I/Choreographer( 1018): Skipped 33 frames!  The application may be doing too much work on its main thread.
E/WVMExtractor(   64): Failed to open libwvm.so
E/WVMExtractor(   64): Failed to open libwvm.so
D/InputEventConsistencyVerifier( 1018): KeyEvent: ACTION_DOWN but key is already down and this event is not a key repeat.
D/InputEventConsistencyVerifier( 1018):   in android.view.ViewRootImpl@b3e6ad70
D/InputEventConsistencyVerifier( 1018):   0: sent at 137250000000, KeyEvent { action=ACTION_DOWN, keyCode=KEYCODE_DPAD_RIGHT, scanCode=0, metaState=0, flags=0x8, repeatCount=0, eventTime=137250, downTime=137250, deviceId=-1, source=0x101 }
D/InputEventConsistencyVerifier( 1018):   -- recent events --
D/InputEventConsistencyVerifier( 1018):   1: sent at 137278000000, KeyEvent { action=ACTION_UP, keyCode=KEYCODE_DPAD_LEFT, scanCode=0, metaState=0, flags=0x400, repeatCount=0, eventTime=137278, downTime=137278, deviceId=-1, source=0x101 }
D/InputEventConsistencyVerifier( 1018):   2: sent at 137278000000, KeyEvent { action=ACTION_DOWN, keyCode=KEYCODE_DPAD_LEFT, scanCode=0, metaState=0, flags=0x400, repeatCount=0, eventTime=137278, downTime=137278, deviceId=-1, source=0x101 }
D/InputEventConsistencyVerifier( 1018):   3: sent at 137277000000, KeyEvent { action=ACTION_UP, keyCode=KEYCODE_DPAD_LEFT, scanCode=0, metaState=0, flags=0x400, repeatCount=0, eventTime=137277, downTime=137277, deviceId=-1, source=0x101 }
D/InputEventConsistencyVerifier( 1018):   4: sent at 137277000000, KeyEvent { action=ACTION_DOWN, keyCode=KEYCODE_DPAD_LEFT, scanCode=0, metaState=0, flags=0x400, repeatCount=0, eventTime=137277, downTime=137277, deviceId=-1, source=0x101 }
D/InputEventConsistencyVerifier( 1018):   5: sent at 137275000000, KeyEvent { action=ACTION_UP, keyCode=KEYCODE_DPAD_LEFT, scanCode=0, metaState=0, flags=0x400, repeatCount=0, eventTime=137275, downTime=137275, deviceId=-1, source=0x101 }
E/WVMExtractor(   64): Failed to open libwvm.so
E/WVMExtractor(   64): Failed to open libwvm.so
D/InputEventConsistencyVerifier( 1018): TrackballEvent: Trackball is down but pressure is not greater than 0.
D/InputEventConsistencyVerifier( 1018):   in android.view.ViewRootImpl@b3e6ad70
D/InputEventConsistencyVerifier( 1018):   0: sent at 138423000000, MotionEvent { action=ACTION_DOWN, id[0]=0, x[0]=0.0, y[0]=0.0, toolType[0]=TOOL_TYPE_UNKNOWN, buttonState=0, metaState=0, flags=0x0, edgeFlags=0x0, pointerCount=1, historySize=0, eventTime=138423, downTime=138230, deviceId=0, source=0x10004 }
D/InputEventConsistencyVerifier( 1018):   -- recent events --
D/InputEventConsistencyVerifier( 1018):   1: sent at 138421000000, MotionEvent { action=ACTION_MOVE, id[0]=0, x[0]=-2.0, y[0]=0.0, toolType[0]=TOOL_TYPE_UNKNOWN, buttonState=0, metaState=0, flags=0x0, edgeFlags=0x0, pointerCount=1, historySize=6, eventTime=138421, downTime=-1, deviceId=0, source=0x10004 }
D/InputEventConsistencyVerifier( 1018):   2: sent at 138257000000, MotionEvent { action=ACTION_MOVE, id[0]=0, x[0]=-2.0, y[0]=1.0, toolType[0]=TOOL_TYPE_UNKNOWN, buttonState=0, metaState=0, flags=0x0, edgeFlags=0x0, pointerCount=1, historySize=2, eventTime=138257, downTime=-1, deviceId=0, source=0x10004 }
D/InputEventConsistencyVerifier( 1018):   3: sent at 138190000000, MotionEvent { action=ACTION_MOVE, id[0]=0, x[0]=-4.0, y[0]=-2.0, toolType[0]=TOOL_TYPE_UNKNOWN, buttonState=0, metaState=0, flags=0x0, edgeFlags=0x0, pointerCount=1, historySize=5, eventTime=138190, downTime=-1, deviceId=0, source=0x10004 }
D/InputEventConsistencyVerifier( 1018):   4: sent at 138128000000, MotionEvent { action=ACTION_MOVE, id[0]=0, x[0]=2.0, y[0]=-5.0, toolType[0]=TOOL_TYPE_UNKNOWN, buttonState=0, metaState=0, flags=0x0, edgeFlags=0x0, pointerCount=1, historySize=0, eventTime=138128, downTime=-1, deviceId=0, source=0x10004 }
D/InputEventConsistencyVerifier( 1018):   5: sent at 138085000000, KeyEvent { action=ACTION_UP, keyCode=KEYCODE_DPAD_UP, scanCode=0, metaState=0, flags=0x400, repeatCount=0, eventTime=138085, downTime=138085, deviceId=-1, source=0x101 }
E/WVMExtractor(   64): Failed to open libwvm.so
E/WVMExtractor(   64): Failed to open libwvm.so
E/WVMExtractor(   64): Failed to open libwvm.so
W/dalvikvm(  430): DroidBox: { "FdAccess": { "path": "2f70726f632f6d656d696e666f", "id": "133958764" } }
W/DroidBox(  430): DroidBox: { "FileRW": { "operation": "read", "data": "4d656d546f74616c3a202020202020202020373438393634206b420a4d656d467265653a20202020202020202020343432373936206b420a427566666572733a20202020202020202020202035343038206b420a4361636865643a202020202020202020", "id": "133958764" } }
W/dalvikvm(  430): DroidBox: { "FdAccess": { "path": "2f70726f632f6d656d696e666f", "id": "1991222885" } }
W/DroidBox(  430): DroidBox: { "FileRW": { "operation": "read", "data": "4d656d546f74616c3a202020202020202020373438393634206b420a4d656d467265653a20202020202020202020343432373936206b420a427566666572733a20202020202020202020202035343038206b420a4361636865643a202020202020202020", "id": "1991222885" } }
W/dalvikvm(  430): DroidBox: { "FdAccess": { "path": "2f70726f632f6d656d696e666f", "id": "1102388579" } }
W/DroidBox(  430): DroidBox: { "FileRW": { "operation": "read", "data": "4d656d546f74616c3a202020202020202020373438393634206b420a4d656d467265653a20202020202020202020343431303630206b420a427566666572733a20202020202020202020202035343038206b420a4361636865643a202020202020202020", "id": "1102388579" } }
W/dalvikvm(  430): DroidBox: { "FdAccess": { "path": "2f70726f632f6d656d696e666f", "id": "1244225580" } }
W/DroidBox(  430): DroidBox: { "FileRW": { "operation": "read", "data": "4d656d546f74616c3a202020202020202020373438393634206b420a4d656d467265653a20202020202020202020343431303630206b420a427566666572733a20202020202020202020202035343038206b420a4361636865643a202020202020202020", "id": "1244225580" } }
I/Choreographer(  430): Skipped 71 frames!  The application may be doing too much work on its main thread.
D/InputEventConsistencyVerifier(  430): KeyEvent: ACTION_UP but key was not down.
D/InputEventConsistencyVerifier(  430):   in com.android.systemui.statusbar.phone.StatusBarWindowView@b3e7f3a8
D/InputEventConsistencyVerifier(  430):   0: sent at 140251000000, KeyEvent { action=ACTION_UP, keyCode=KEYCODE_DPAD_LEFT, scanCode=0, metaState=0, flags=0x400, repeatCount=0, eventTime=140251, downTime=140251, deviceId=-1, source=0x101 }
D/InputEventConsistencyVerifier(  430):   -- recent events --
D/InputEventConsistencyVerifier(  430):   1: sent at 140097000000, (unhandled) MotionEvent { action=ACTION_MOVE, id[0]=0, x[0]=-4.0, y[0]=-2.0, toolType[0]=TOOL_TYPE_UNKNOWN, buttonState=0, metaState=0, flags=0x0, edgeFlags=0x0, pointerCount=1, historySize=9, eventTime=140097, downTime=-1, deviceId=0, source=0x10004 }
D/InputEventConsistencyVerifier(  430):   2: sent at 140120000000, MotionEvent { action=ACTION_UP, id[0]=0, x[0]=353.0, y[0]=440.0, toolType[0]=TOOL_TYPE_UNKNOWN, buttonState=0, metaState=0, flags=0x0, edgeFlags=0x0, pointerCount=1, historySize=0, eventTime=140120, downTime=140114, deviceId=0, source=0x1002 }
D/InputEventConsistencyVerifier(  430):   3: sent at 140114000000, MotionEvent { action=ACTION_DOWN, id[0]=0, x[0]=365.0, y[0]=455.0, toolType[0]=TOOL_TYPE_UNKNOWN, buttonState=0, metaState=0, flags=0x0, edgeFlags=0x0, pointerCount=1, historySize=0, eventTime=140114, downTime=140114, deviceId=0, source=0x1002 }
D/InputEventConsistencyVerifier(  430):   4: sent at 139968000000, MotionEvent { action=ACTION_UP, id[0]=0, x[0]=480.0, y[0]=74.0, toolType[0]=TOOL_TYPE_UNKNOWN, buttonState=0, metaState=0, flags=0x0, edgeFlags=0x0, pointerCount=1, historySize=0, eventTime=139968, downTime=139884, deviceId=0, source=0x1002 }
D/InputEventConsistencyVerifier(  430):   5: sent at 139965000000, MotionEvent { action=ACTION_MOVE, id[0]=0, x[0]=480.0, y[0]=67.0, toolType[0]=TOOL_TYPE_UNKNOWN, buttonState=0, metaState=0, flags=0x0, edgeFlags=0x0, pointerCount=1, historySize=4, eventTime=139965, downTime=139884, deviceId=0, source=0x1002 }
D/InputEventConsistencyVerifier(  430): KeyEvent: ACTION_UP but key was not down.
D/InputEventConsistencyVerifier(  430):   in android.widget.FrameLayout@b3e7e130
D/InputEventConsistencyVerifier(  430):   0: sent at 140288000000, KeyEvent { action=ACTION_UP, keyCode=KEYCODE_DPAD_DOWN, scanCode=0, metaState=0, flags=0x8, repeatCount=0, eventTime=140288, downTime=140288, deviceId=-1, source=0x101 }
V/PhoneStatusBar(  430): setLightsOn(true)
I/Choreographer(  430): Skipped 65 frames!  The application may be doing too much work on its main thread.
W/dalvikvm(  430): DroidBox: { "FdAccess": { "path": "2f70726f632f6d656d696e666f", "id": "1350082723" } }
D/PhoneStatusBar(  430): disable: < expand icons alerts TICKER* system_info back home recent clock >
W/DroidBox(  430): DroidBox: { "FileRW": { "operation": "read", "data": "4d656d546f74616c3a202020202020202020373438393634206b420a4d656d467265653a20202020202020202020343339353732206b420a427566666572733a20202020202020202020202035343038206b420a4361636865643a202020202020202020", "id": "1350082723" } }
I/Choreographer(  430): Skipped 61 frames!  The application may be doing too much work on its main thread.
W/dalvikvm(  430): DroidBox: { "FdAccess": { "path": "2f70726f632f6d656d696e666f", "id": "630039609" } }
W/DroidBox(  430): DroidBox: { "FileRW": { "operation": "read", "data": "4d656d546f74616c3a202020202020202020373438393634206b420a4d656d467265653a20202020202020202020343337383336206b420a427566666572733a20202020202020202020202035343038206b420a4361636865643a202020202020202020", "id": "630039609" } }
W/BackupManagerService(  232): dataChanged but no participant pkg='com.android.providers.settings' uid=1001
D/InputEventConsistencyVerifier(  430): TouchEvent: ACTION_DOWN but pointers are already down.  Probably missing ACTION_UP from previous gesture.
D/InputEventConsistencyVerifier(  430):   in android.view.ScaleGestureDetector@b3f2e320
D/InputEventConsistencyVerifier(  430):   0: sent at 140786000000, MotionEvent { action=ACTION_DOWN, id[0]=0, x[0]=252.0, y[0]=407.0, toolType[0]=TOOL_TYPE_UNKNOWN, buttonState=0, metaState=0, flags=0x0, edgeFlags=0x0, pointerCount=1, historySize=0, eventTime=140786, downTime=140786, deviceId=0, source=0x1002 }
D/InputEventConsistencyVerifier(  430):   -- recent events --
D/InputEventConsistencyVerifier(  430):   1: sent at 140114000000, MotionEvent { action=ACTION_DOWN, id[0]=0, x[0]=365.0, y[0]=455.0, toolType[0]=TOOL_TYPE_UNKNOWN, buttonState=0, metaState=0, flags=0x0, edgeFlags=0x0, pointerCount=1, historySize=0, eventTime=140114, downTime=140114, deviceId=0, source=0x1002 }
D/InputEventConsistencyVerifier(  430):   2: sent at 139968000000, MotionEvent { action=ACTION_UP, id[0]=0, x[0]=480.0, y[0]=74.0, toolType[0]=TOOL_TYPE_UNKNOWN, buttonState=0, metaState=0, flags=0x0, edgeFlags=0x0, pointerCount=1, historySize=0, eventTime=139968, downTime=139884, deviceId=0, source=0x1002 }
D/InputEventConsistencyVerifier(  430):   3: sent at 139965000000, MotionEvent { action=ACTION_MOVE, id[0]=0, x[0]=480.0, y[0]=67.0, toolType[0]=TOOL_TYPE_UNKNOWN, buttonState=0, metaState=0, flags=0x0, edgeFlags=0x0, pointerCount=1, historySize=4, eventTime=139965, downTime=139884, deviceId=0, source=0x1002 }
D/InputEventConsistencyVerifier(  430):   4: sent at 139912000000, MotionEvent { action=ACTION_MOVE, id[0]=0, x[0]=460.66666, y[0]=24.0, toolType[0]=TOOL_TYPE_UNKNOWN, buttonState=0, metaState=0, flags=0x0, edgeFlags=0x0, pointerCount=1, historySize=1, eventTime=139912, downTime=139884, deviceId=0, source=0x1002 }
D/InputEventConsistencyVerifier(  430):   5: sent at 139886000000, MotionEvent { action=ACTION_DOWN, id[0]=0, x[0]=452.0, y[0]=11.0, toolType[0]=TOOL_TYPE_UNKNOWN, buttonState=0, metaState=0, flags=0x0, edgeFlags=0x0, pointerCount=1, historySize=0, eventTime=139886, downTime=139884, deviceId=0, source=0x1002 }
I/Choreographer(  430): Skipped 151 frames!  The application may be doing too much work on its main thread.
D/InputEventConsistencyVerifier(  430): KeyEvent: ACTION_UP but key was not down.
D/InputEventConsistencyVerifier(  430):   in com.android.systemui.statusbar.phone.StatusBarWindowView@b3e7f3a8
D/InputEventConsistencyVerifier(  430):   0: sent at 141397000000, KeyEvent { action=ACTION_UP, keyCode=KEYCODE_DPAD_UP, scanCode=0, metaState=0, flags=0x8, repeatCount=0, eventTime=141397, downTime=141397, deviceId=-1, source=0x101 }
D/InputEventConsistencyVerifier(  430):   -- recent events --
D/InputEventConsistencyVerifier(  430):   1: sent at 141349000000, (unhandled) KeyEvent { action=ACTION_UP, keyCode=KEYCODE_CAMERA, scanCode=0, metaState=0, flags=0x8, repeatCount=0, eventTime=141349, downTime=141349, deviceId=-1, source=0x101 }
D/InputEventConsistencyVerifier(  430):   2: sent at 140954000000, (unhandled) KeyEvent { action=ACTION_DOWN, keyCode=KEYCODE_CAMERA, scanCode=0, metaState=0, flags=0x8, repeatCount=0, eventTime=140954, downTime=140954, deviceId=-1, source=0x101 }
