D/InputEventConsistencyVerifier(  620): KeyEvent: ACTION_UP but key was not down.
D/InputEventConsistencyVerifier(  620):   in com.android.internal.policy.impl.PhoneWindow$DecorView@b413be70
D/InputEventConsistencyVerifier(  620):   0: sent at 108954000000, KeyEvent { action=ACTION_UP, keyCode=KEYCODE_DPAD_RIGHT, scanCode=0, metaState=0, flags=0x8, repeatCount=0, eventTime=108954, downTime=108954, deviceId=-1, source=0x101 }
W/dalvikvm( 1006): DroidBox: { "FdAccess": { "path": "2f6465762f696e7075742f6576656e7430", "id": "480482447" } }
W/DroidBox( 1006): DroidBox: { "FileRW": { "operation": "write", "data": "efbfbd060000efbfbdefbfbd0c000500000000000000", "id": "480482447" } }
I/ActivityManager(  230): START {act=android.search.action.GLOBAL_SEARCH flg=0x10000000 cmp=com.android.quicksearchbox/.SearchActivity bnds=[5,43][475,103] (has extras) u=0} from pid 620
E/Trace   ( 1024): error opening trace file: No such file or directory (2)
W/DroidBox( 1024): DroidBox: { "DexClassLoader": { "path": "/data/app/sunkay.BookLianchengjue-1.apk" } }
I/dalvikvm-heap(  620): Grow heap (frag case) to 15.147MB for 1463056-byte allocation
D/InputEventConsistencyVerifier(  620): KeyEvent: ACTION_UP but key was not down.
D/InputEventConsistencyVerifier(  620):   in com.android.launcher2.Cling@b41767c8
D/InputEventConsistencyVerifier(  620):   0: sent at 109369000000, KeyEvent { action=ACTION_UP, keyCode=KEYCODE_DPAD_DOWN, scanCode=0, metaState=0, flags=0x8, repeatCount=0, eventTime=109369, downTime=109369, deviceId=-1, source=0x101 }
I/Choreographer(  620): Skipped 263 frames!  The application may be doing too much work on its main thread.
W/InputMethodManagerService(  230): Starting input on non-focused client com.android.internal.view.IInputMethodClient$Stub$Proxy@b3fbff70 (uid=10019 pid=620)
E/WVMExtractor(   62): Failed to open libwvm.so
W/MobclickAgent( 1024): Missing session_id, ignore message
I/Choreographer( 1024): Skipped 30 frames!  The application may be doing too much work on its main thread.
W/dalvikvm( 1024): DroidBox: { "FdAccess": { "path": "2f646174612f646174612f73756e6b61792e426f6f6b4c69616e6368656e676a75652f7368617265645f70726566732f6d6f62636c69636b5f6167656e745f73746174655f73756e6b61792e426f6f6b4c69616e6368656e676a75652e786d6c", "id": "921999483" } }
W/DroidBox( 1024): DroidBox: { "FileRW": { "operation": "write", "data": "3c3f786d6c2076657273696f6e3d27312e302720656e636f64696e673d277574662d3827207374616e64616c6f6e653d2779657327203f3e0a3c6d61703e0a3c737472696e67206e616d653d226170706b6579223e346533386262643534333166653331", "id": "921999483" } }
I/MobclickAgent( 1024): Start new session: 4e38bbd5431fe31adb0001781729548537328
E/WVMExtractor(   62): Failed to open libwvm.so
I/MobclickAgent( 1024): Could not get location from GPS or Cell-id, lack ACCESS_COARSE_LOCATION or ACCESS_COARSE_LOCATION permission?
W/dalvikvm( 1024): DroidBox: { "FdAccess": { "path": "2f70726f632f637075696e666f", "id": "1617049198" } }
W/DroidBox( 1024): DroidBox: { "FileRW": { "operation": "read", "data": "50726f636573736f72093a2041524d76372050726f636573736f72207265762030202876376c290a426f676f4d495053093a203436342e34380a4665617475726573093a207377702068616c66207468756d6220666173746d756c742076667020656473", "id": "1617049198" } }
W/dalvikvm( 1024): DroidBox: { "FdAccess": { "path": "2f646174612f646174612f73756e6b61792e426f6f6b4c69616e6368656e676a75652f7368617265645f70726566732f6d6f62636c69636b5f6167656e745f6865616465725f73756e6b61792e426f6f6b4c69616e6368656e676a75652e786d6c", "id": "1472007956" } }
V/PhoneStatusBar(  425): setLightsOn(true)
E/WVMExtractor(   62): Failed to open libwvm.so
W/DroidBox( 1024): DroidBox: { "DataLeak": { "sink": "File", "operation": "write", "tag": "0x400", "data": "3c3f786d6c2076657273696f6e3d27312e302720656e636f64696e673d277574662d3827207374616e64616c6f6e653d2779657327203f3e0a3c6d61703e0a3c737472696e67206e616d653d22686561646572223e7b2671756f743b6f732671756f743b", "id": "1472007956" } }
W/System.err( 1024): java.io.FileNotFoundException: /data/data/sunkay.BookLianchengjue/files/mobclick_agent_cached_sunkay.BookLianchengjue: open failed: ENOENT (No such file or directory)
W/System.err( 1024): 	at libcore.io.IoBridge.open(IoBridge.java:416)
W/System.err( 1024): 	at java.io.FileInputStream.<init>(FileInputStream.java:78)
W/System.err( 1024): 	at android.app.ContextImpl.openFileInput(ContextImpl.java:647)
W/System.err( 1024): 	at android.content.ContextWrapper.openFileInput(ContextWrapper.java:161)
W/System.err( 1024): 	at com.mobclick.android.MobclickAgent.g(Unknown Source)
W/System.err( 1024): 	at com.mobclick.android.MobclickAgent.e(Unknown Source)
W/System.err( 1024): 	at com.mobclick.android.MobclickAgent.b(Unknown Source)
W/System.err( 1024): 	at com.mobclick.android.l.run(Unknown Source)
W/System.err( 1024): 	at android.os.Handler.handleCallback(Handler.java:615)
W/System.err( 1024): 	at android.os.Handler.dispatchMessage(Handler.java:92)
W/System.err( 1024): 	at android.os.Looper.loop(Looper.java:137)
W/System.err( 1024): 	at android.os.HandlerThread.run(HandlerThread.java:60)
W/System.err( 1024): Caused by: libcore.io.ErrnoException: open failed: ENOENT (No such file or directory)
W/System.err( 1024): 	at libcore.io.Posix.open(Native Method)
W/System.err( 1024): 	at libcore.io.BlockGuardOs.open(BlockGuardOs.java:110)
W/System.err( 1024): 	at libcore.io.IoBridge.open(IoBridge.java:400)
W/System.err( 1024): 	... 11 more
I/MobclickAgent( 1024): {"body":{"launch":[{"date":"2024-10-21","time":"22:08:57","session_id":"4e38bbd5431fe31adb0001781729548537328"}]},"header":{"os":"Android","access_subtype":"UMTS","cpu":"ARMv7 Processor rev 0 (v7l)","appkey":"4e38bbd5431fe31adb000178","sdk_version":"2.2","app_version":"1.2","lng":0,"resolution":"533*320","access":"2G\/3G","country":"Unknown","os_version":"4.1.1","version_code":2,"idmd5":"e6ad39748d6749b188a7b347d520bd15","device_model":"Full Android on Emulator","timezone":8,"sdk_type":"Android","carrier":"Android","language":"Unknown","channel":"Unknown","lat":0}}
I/TAG     ( 1024): net type:epc.tmobile.com
I/Choreographer( 1024): Skipped 350 frames!  The application may be doing too much work on its main thread.
D/InputEventConsistencyVerifier( 1024): KeyEvent: ACTION_UP but key was not down.
D/InputEventConsistencyVerifier( 1024):   in com.android.internal.policy.impl.PhoneWindow$DecorView@b3e2b250
D/InputEventConsistencyVerifier( 1024):   0: sent at 112704000000, KeyEvent { action=ACTION_UP, keyCode=KEYCODE_DPAD_LEFT, scanCode=0, metaState=0, flags=0x400, repeatCount=0, eventTime=112704, downTime=112704, deviceId=-1, source=0x101 }
D/InputEventConsistencyVerifier( 1024):   -- recent events --
D/InputEventConsistencyVerifier( 1024):   1: sent at 112522000000, (unhandled) MotionEvent { action=ACTION_MOVE, id[0]=0, x[0]=-2.0, y[0]=1.0, toolType[0]=TOOL_TYPE_UNKNOWN, buttonState=0, metaState=0, flags=0x0, edgeFlags=0x0, pointerCount=1, historySize=9, eventTime=112522, downTime=-1, deviceId=0, source=0x10004 }
D/InputEventConsistencyVerifier( 1024):   2: sent at 112436000000, MotionEvent { action=ACTION_UP, id[0]=0, x[0]=288.0, y[0]=481.33334, toolType[0]=TOOL_TYPE_UNKNOWN, buttonState=0, metaState=0, flags=0x1, edgeFlags=0x0, pointerCount=1, historySize=0, eventTime=112436, downTime=112397, deviceId=0, source=0x1002 }
D/InputEventConsistencyVerifier( 1024):   3: sent at 112397000000, MotionEvent { action=ACTION_DOWN, id[0]=0, x[0]=284.6667, y[0]=482.6667, toolType[0]=TOOL_TYPE_UNKNOWN, buttonState=0, metaState=0, flags=0x1, edgeFlags=0x0, pointerCount=1, historySize=0, eventTime=112397, downTime=112397, deviceId=0, source=0x1002 }
D/InputEventConsistencyVerifier( 1024):   4: sent at 112062000000, (unhandled) KeyEvent { action=ACTION_UP, keyCode=KEYCODE_MENU, scanCode=0, metaState=0, flags=0x8, repeatCount=0, eventTime=112062, downTime=112062, deviceId=-1, source=0x101 }
D/InputEventConsistencyVerifier( 1024):   5: sent at 109548000000, (unhandled) KeyEvent { action=ACTION_DOWN, keyCode=KEYCODE_MENU, scanCode=0, metaState=0, flags=0x8, repeatCount=0, eventTime=109548, downTime=109548, deviceId=-1, source=0x101 }
D/gralloc_goldfish( 1024): Emulator without GPU emulation detected.
E/WVMExtractor(   62): Failed to open libwvm.so
I/ActivityManager(  230): Displayed sunkay.BookLianchengjue/.BookLianchengjue: +4s562ms
W/dalvikvm(  230): DroidBox: { "FdAccess": { "path": "2f70726f632f3936312f636d646c696e65", "id": "886770160" } }
W/DroidBox(  230): DroidBox: { "FileRW": { "operation": "read", "data": "636f6d2e616e64726f69642e6d757369636678000000000000000000000000000000000000000000000000000000000000000000000000000000000000000000000000000000000000000000702f34643966353463306233663562643563353434643534", "id": "886770160" } }
W/dalvikvm(  230): DroidBox: { "FdAccess": { "path": "2f70726f632f3937342f636d646c696e65", "id": "1894757484" } }
W/DroidBox(  230): DroidBox: { "FileRW": { "operation": "read", "data": "636f6d2e73766f782e7069636f000000000000000000000000000000000000000000000000000000000000000000000000000000000000000000000000000000000000000000000000000000702f34643966353463306233663562643563353434643534", "id": "1894757484" } }
W/dalvikvm(  230): DroidBox: { "FdAccess": { "path": "2f70726f632f3938372f636d646c696e65", "id": "19166039" } }
W/DroidBox(  230): DroidBox: { "FileRW": { "operation": "read", "data": "636f6d2e616e64726f69642e717569636b736561726368626f780000000000000000000000000000000000000000000000000000000000000000000000000000000000000000000000000000702f34643966353463306233663562643563353434643534", "id": "19166039" } }
W/dalvikvm(  230): DroidBox: { "FdAccess": { "path": "2f70726f632f313030362f636d646c696e65", "id": "820033137" } }
W/DroidBox(  230): DroidBox: { "FileRW": { "operation": "read", "data": "636f6d2e616e64726f69642e636f6d6d616e64732e6d6f6e6b657900000000000000000000000000000000000000000000000000000000000000000000000000000000000000000000000000000000000000000000000000000000000000003434643534", "id": "820033137" } }
W/dalvikvm(  230): DroidBox: { "FdAccess": { "path": "2f70726f632f313030382f636d646c696e65", "id": "471311864" } }
W/DroidBox(  230): DroidBox: { "FileRW": { "operation": "read", "data": "6c6f676361740044726f6964426f783a570064616c76696b766d3a570041637469766974794d616e616765723a49000000000000000000000000000000000000000000000000000000000000000000000000000000000000000000000000003434643534", "id": "471311864" } }
W/dalvikvm(  230): DroidBox: { "FdAccess": { "path": "2f70726f632f313031302f636d646c696e65", "id": "1871837355" } }
W/DroidBox(  230): DroidBox: { "FileRW": { "operation": "read", "data": "2f73797374656d2f62696e2f7368002d63007368202e2f7364636172642f65786563757465537472616365496e2e736800000000000000000000000000000000000000000000000000000000000000000000000000000000000000000000003434643534", "id": "1871837355" } }
W/dalvikvm(  230): DroidBox: { "FdAccess": { "path": "2f70726f632f313031322f636d646c696e65", "id": "1999509460" } }
W/DroidBox(  230): DroidBox: { "FileRW": { "operation": "read", "data": "7368002e2f7364636172642f65786563757465537472616365496e2e736800786563757465537472616365496e2e736800000000000000000000000000000000000000000000000000000000000000000000000000000000000000000000003434643534", "id": "1999509460" } }
W/dalvikvm(  230): DroidBox: { "FdAccess": { "path": "2f70726f632f313031332f636d646c696e65", "id": "1645427669" } }
W/DroidBox(  230): DroidBox: { "FileRW": { "operation": "read", "data": "737472616365002d70003630002d66002d747446002d6f002f7364636172642f346439663534633062336635626435633534346435343862313331643537663437363239623433333838633338373763336238646235663430396635626530612e61706b", "id": "1645427669" } }
W/dalvikvm(  230): DroidBox: { "FdAccess": { "path": "2f70726f632f313032342f636d646c696e65", "id": "1899134726" } }
W/DroidBox(  230): DroidBox: { "FileRW": { "operation": "read", "data": "73756e6b61792e426f6f6b4c69616e6368656e676a7565000000000000000000000000000000000000000000000000000000000000000000000000000000000000000000000000000000000038373763336238646235663430396635626530612e61706b", "id": "1899134726" } }
D/PackageManager(  230): generateServicesMap(android.accounts.AccountAuthenticator): 2 services unchanged
I/InputReader(  230): Reconfiguring input devices.  changes=0x00000010
D/PackageManager(  230): generateServicesMap(android.content.SyncAdapter): 4 services unchanged
I/AccountTypeManager(  716): Loaded meta-data for 1 account types, 0 accounts in 39ms(wall) 10ms(cpu)
D/InputEventConsistencyVerifier( 1024): KeyEvent: ACTION_UP but key was not down.
D/InputEventConsistencyVerifier( 1024):   in android.view.ViewRootImpl@b3ea5960
D/InputEventConsistencyVerifier( 1024):   0: sent at 113266000000, KeyEvent { action=ACTION_UP, keyCode=KEYCODE_DPAD_LEFT, scanCode=0, metaState=0, flags=0x8, repeatCount=0, eventTime=113266, downTime=113266, deviceId=-1, source=0x101 }
I/Choreographer( 1024): Skipped 357 frames!  The application may be doing too much work on its main thread.
W/dalvikvm(  870): DroidBox: { "FdAccess": { "path": "2f646174612f646174612f636f6d2e616e64726f69642e67616c6c65727933642f7368617265645f70726566732f636f6d2e616e64726f69642e67616c6c65727933645f707265666572656e6365732e786d6c", "id": "408424973" } }
W/DroidBox(  870): DroidBox: { "FileRW": { "operation": "write", "data": "3c3f786d6c2076657273696f6e3d27312e302720656e636f64696e673d277574662d3827207374616e64616c6f6e653d2779657327203f3e0a3c6d61703e0a3c696e74206e616d653d227061636b616765732d76657273696f6e222076616c75653d2238", "id": "408424973" } }
E/WVMExtractor(   62): Failed to open libwvm.so
I/Choreographer( 1024): Skipped 112 frames!  The application may be doing too much work on its main thread.
I/ActivityManager(  230): START {act=android.intent.action.MAIN cat=[android.intent.category.HOME] flg=0x10200000 cmp=com.android.launcher/com.android.launcher2.Launcher u=0} from pid 230
I/ARMAssembler(   59): generated scanline__00000077:03515104_00009001_00000000 [131 ipp] (153 ins) at [0xb5b98710:0xb5b98974] in 0 ns
I/InputDispatcher(  230): Dropped event because of pending overdue app switch.
W/InputManager(  230): Input event injection from pid 1006 failed.
D/InputEventConsistencyVerifier( 1024): TrackballEvent: Trackball is down but pressure is not greater than 0.
D/InputEventConsistencyVerifier( 1024):   in android.view.ViewRootImpl@b3ea5960
D/InputEventConsistencyVerifier( 1024):   0: sent at 115029000000, MotionEvent { action=ACTION_DOWN, id[0]=0, x[0]=0.0, y[0]=0.0, toolType[0]=TOOL_TYPE_UNKNOWN, buttonState=0, metaState=0, flags=0x0, edgeFlags=0x0, pointerCount=1, historySize=0, eventTime=115029, downTime=114978, deviceId=0, source=0x10004 }
D/InputEventConsistencyVerifier( 1024):   -- recent events --
D/InputEventConsistencyVerifier( 1024):   1: sent at 115716000000, KeyEvent { action=ACTION_UP, keyCode=KEYCODE_DPAD_DOWN, scanCode=0, metaState=0, flags=0x400, repeatCount=0, eventTime=115716, downTime=115716, deviceId=-1, source=0x101 }
D/InputEventConsistencyVerifier( 1024):   2: sent at 115716000000, KeyEvent { action=ACTION_DOWN, keyCode=KEYCODE_DPAD_DOWN, scanCode=0, metaState=0, flags=0x400, repeatCount=0, eventTime=115716, downTime=115716, deviceId=-1, source=0x101 }
D/InputEventConsistencyVerifier( 1024):   3: sent at 115715000000, KeyEvent { action=ACTION_UP, keyCode=KEYCODE_DPAD_DOWN, scanCode=0, metaState=0, flags=0x400, repeatCount=0, eventTime=115715, downTime=115715, deviceId=-1, source=0x101 }
D/InputEventConsistencyVerifier( 1024):   4: sent at 115715000000, KeyEvent { action=ACTION_DOWN, keyCode=KEYCODE_DPAD_DOWN, scanCode=0, metaState=0, flags=0x400, repeatCount=0, eventTime=115715, downTime=115715, deviceId=-1, source=0x101 }
D/InputEventConsistencyVerifier( 1024):   5: sent at 115714000000, KeyEvent { action=ACTION_UP, keyCode=KEYCODE_DPAD_DOWN, scanCode=0, metaState=0, flags=0x400, repeatCount=0, eventTime=115714, downTime=115714, deviceId=-1, source=0x101 }
D/InputEventConsistencyVerifier( 1024): KeyEvent: ACTION_UP but key was not down.
D/InputEventConsistencyVerifier( 1024):   in android.view.ViewRootImpl@b3ea5960
D/InputEventConsistencyVerifier( 1024):   0: sent at 115559000000, KeyEvent { action=ACTION_UP, keyCode=KEYCODE_NUMPAD_6, scanCode=0, metaState=0, flags=0x8, repeatCount=0, eventTime=115559, downTime=115559, deviceId=-1, source=0x101 }
D/InputEventConsistencyVerifier( 1024):   -- recent events --
D/InputEventConsistencyVerifier( 1024):   1: sent at 115121000000, MotionEvent { action=ACTION_UP, id[0]=0, x[0]=248.0, y[0]=-33.0, toolType[0]=TOOL_TYPE_UNKNOWN, buttonState=0, metaState=0, flags=0x0, edgeFlags=0x0, pointerCount=1, historySize=0, eventTime=115121, downTime=115105, deviceId=0, source=0x1002 }
D/InputEventConsistencyVerifier( 1024):   2: sent at 115106000000, MotionEvent { action=ACTION_DOWN, id[0]=0, x[0]=257.0, y[0]=-24.0, toolType[0]=TOOL_TYPE_UNKNOWN, buttonState=0, metaState=0, flags=0x0, edgeFlags=0x0, pointerCount=1, historySize=0, eventTime=115106, downTime=115105, deviceId=0, source=0x1002 }
D/InputEventConsistencyVerifier( 1024):   3: sent at 115795000000, KeyEvent { action=ACTION_UP, keyCode=KEYCODE_DPAD_CENTER, scanCode=0, metaState=0, flags=0x400, repeatCount=0, eventTime=115795, downTime=115795, deviceId=-1, source=0x101 }
D/InputEventConsistencyVerifier( 1024):   4: sent at 115042000000, MotionEvent { action=ACTION_UP, id[0]=0, x[0]=0.0, y[0]=0.0, toolType[0]=TOOL_TYPE_UNKNOWN, buttonState=0, metaState=0, flags=0x0, edgeFlags=0x0, pointerCount=1, historySize=0, eventTime=115042, downTime=114978, deviceId=0, source=0x10004 }
D/InputEventConsistencyVerifier( 1024):   5: sent at 115766000000, KeyEvent { action=ACTION_DOWN, keyCode=KEYCODE_DPAD_CENTER, scanCode=0, metaState=0, flags=0x400, repeatCount=0, eventTime=115766, downTime=115766, deviceId=-1, source=0x101 }
D/InputEventConsistencyVerifier( 1024): KeyEvent: ACTION_UP but key was not down.
D/InputEventConsistencyVerifier( 1024):   in com.android.internal.policy.impl.PhoneWindow$DecorView@b3e766c8
D/InputEventConsistencyVerifier( 1024):   0: sent at 115917000000, KeyEvent { action=ACTION_UP, keyCode=KEYCODE_DPAD_DOWN, scanCode=0, metaState=0, flags=0x8, repeatCount=0, eventTime=115917, downTime=115917, deviceId=-1, source=0x101 }
D/InputEventConsistencyVerifier( 1024):   -- recent events --
D/InputEventConsistencyVerifier( 1024):   1: sent at 115559000000, (unhandled) KeyEvent { action=ACTION_UP, keyCode=KEYCODE_NUMPAD_6, scanCode=0, metaState=0, flags=0x80000008, repeatCount=0, eventTime=115559, downTime=115559, deviceId=-1, source=0x101 }
D/InputEventConsistencyVerifier( 1024):   2: sent at 115121000000, (unhandled) MotionEvent { action=ACTION_UP, id[0]=0, x[0]=165.33334, y[0]=-22.0, toolType[0]=TOOL_TYPE_UNKNOWN, buttonState=0, metaState=0, flags=0x0, edgeFlags=0x0, pointerCount=1, historySize=0, eventTime=115121, downTime=115105, deviceId=0, source=0x1002 }
D/InputEventConsistencyVerifier( 1024):   3: sent at 115106000000, (unhandled) MotionEvent { action=ACTION_DOWN, id[0]=0, x[0]=171.33334, y[0]=-16.0, toolType[0]=TOOL_TYPE_UNKNOWN, buttonState=0, metaState=0, flags=0x0, edgeFlags=0x0, pointerCount=1, historySize=0, eventTime=115106, downTime=115105, deviceId=0, source=0x1002 }
D/InputEventConsistencyVerifier( 1024):   4: sent at 115795000000, KeyEvent { action=ACTION_UP, keyCode=KEYCODE_DPAD_CENTER, scanCode=0, metaState=0, flags=0x400, repeatCount=0, eventTime=115795, downTime=115795, deviceId=-1, source=0x101 }
D/InputEventConsistencyVerifier( 1024):   5: sent at 115042000000, (unhandled) MotionEvent { action=ACTION_UP, id[0]=0, x[0]=0.0, y[0]=0.0, toolType[0]=TOOL_TYPE_UNKNOWN, buttonState=0, metaState=0, flags=0x0, edgeFlags=0x0, pointerCount=1, historySize=0, eventTime=115042, downTime=114978, deviceId=0, source=0x10004 }
D/InputEventConsistencyVerifier( 1024): KeyEvent: ACTION_UP but key was not down.
D/InputEventConsistencyVerifier( 1024):   in com.android.internal.policy.impl.PhoneWindow$DecorView@b3e2b250
D/InputEventConsistencyVerifier( 1024):   0: sent at 114310000000, KeyEvent { action=ACTION_UP, keyCode=KEYCODE_DPAD_LEFT, scanCode=0, metaState=0, flags=0x28, repeatCount=0, eventTime=114310, downTime=113261, deviceId=-1, source=0x101 }
D/InputEventConsistencyVerifier( 1024):   -- recent events --
D/InputEventConsistencyVerifier( 1024):   1: sent at 113244000000, (unhandled) KeyEvent { action=ACTION_UP, keyCode=KEYCODE_DPAD_CENTER, scanCode=0, metaState=0, flags=0x8, repeatCount=0, eventTime=113244, downTime=113244, deviceId=-1, source=0x101 }
D/InputEventConsistencyVerifier( 1024):   2: sent at 113236000000, (unhandled) KeyEvent { action=ACTION_DOWN, keyCode=KEYCODE_DPAD_CENTER, scanCode=0, metaState=0, flags=0x8, repeatCount=0, eventTime=113236, downTime=113236, deviceId=-1, source=0x101 }
D/InputEventConsistencyVerifier( 1024):   3: sent at 112776000000, (unhandled) KeyEvent { action=ACTION_UP, keyCode=KEYCODE_5, scanCode=0, metaState=0, flags=0x8, repeatCount=0, eventTime=112776, downTime=112776, deviceId=-1, source=0x101 }
D/InputEventConsistencyVerifier( 1024):   4: sent at 112771000000, (unhandled) KeyEvent { action=ACTION_DOWN, keyCode=KEYCODE_5, scanCode=0, metaState=0, flags=0x8, repeatCount=0, eventTime=112771, downTime=112771, deviceId=-1, source=0x101 }
D/InputEventConsistencyVerifier( 1024):   5: sent at 112755000000, (unhandled) KeyEvent { action=ACTION_UP, keyCode=KEYCODE_DPAD_LEFT, scanCode=0, metaState=0, flags=0x8, repeatCount=0, eventTime=112755, downTime=112755, deviceId=-1, source=0x101 }
I/Choreographer( 1024): Skipped 90 frames!  The application may be doing too much work on its main thread.
I/ActivityManager(  230): START {cmp=sunkay.BookLianchengjue/com.waps.OffersWebView (has extras) u=0} from pid 1024
W/WindowManager(  230): Failure taking screenshot for (246x410) to layer 21015
I/Choreographer( 1024): Skipped 123 frames!  The application may be doing too much work on its main thread.
D/InputEventConsistencyVerifier( 1024): KeyEvent: ACTION_UP but key was not down.
D/InputEventConsistencyVerifier( 1024):   in com.android.internal.policy.impl.PhoneWindow$DecorView@b3e766c8
D/InputEventConsistencyVerifier( 1024):   0: sent at 116558000000, KeyEvent { action=ACTION_UP, keyCode=KEYCODE_DPAD_LEFT, scanCode=0, metaState=0, flags=0x400, repeatCount=0, eventTime=116558, downTime=116558, deviceId=-1, source=0x101 }
D/InputEventConsistencyVerifier( 1024):   -- recent events --
D/InputEventConsistencyVerifier( 1024):   1: sent at 116290000000, (unhandled) MotionEvent { action=ACTION_MOVE, id[0]=0, x[0]=-4.0, y[0]=-1.0, toolType[0]=TOOL_TYPE_UNKNOWN, buttonState=0, metaState=0, flags=0x0, edgeFlags=0x0, pointerCount=1, historySize=13, eventTime=116290, downTime=-1, deviceId=0, source=0x10004 }
D/InputEventConsistencyVerifier( 1024):   2: sent at 116205000000, MotionEvent { action=ACTION_UP, id[0]=0, x[0]=318.6667, y[0]=170.66666, toolType[0]=TOOL_TYPE_UNKNOWN, buttonState=0, metaState=0, flags=0x0, edgeFlags=0x0, pointerCount=1, historySize=0, eventTime=116205, downTime=116133, deviceId=0, source=0x1002 }
D/InputEventConsistencyVerifier( 1024):   3: sent at 116203000000, MotionEvent { action=ACTION_MOVE, id[0]=0, x[0]=316.6667, y[0]=166.0, toolType[0]=TOOL_TYPE_UNKNOWN, buttonState=0, metaState=0, flags=0x0, edgeFlags=0x0, pointerCount=1, historySize=7, eventTime=116203, downTime=116133, deviceId=0, source=0x1002 }
D/InputEventConsistencyVerifier( 1024):   4: sent at 116135000000, MotionEvent { action=ACTION_DOWN, id[0]=0, x[0]=306.6667, y[0]=134.0, toolType[0]=TOOL_TYPE_UNKNOWN, buttonState=0, metaState=0, flags=0x0, edgeFlags=0x0, pointerCount=1, historySize=0, eventTime=116135, downTime=116133, deviceId=0, source=0x1002 }
D/InputEventConsistencyVerifier( 1024):   5: sent at 116115000000, MotionEvent { action=ACTION_UP, id[0]=0, x[0]=244.66667, y[0]=83.333336, toolType[0]=TOOL_TYPE_UNKNOWN, buttonState=0, metaState=0, flags=0x0, edgeFlags=0x0, pointerCount=1, historySize=0, eventTime=116115, downTime=116071, deviceId=0, source=0x1002 }
W/dalvikvm( 1024): DroidBox: { "FdAccess": { "path": "2f646174612f646174612f73756e6b61792e426f6f6b4c69616e6368656e676a75652f7368617265645f70726566732f6d6f62636c69636b5f6167656e745f73746174655f73756e6b61792e426f6f6b4c69616e6368656e676a75652e786d6c", "id": "1910398251" } }
W/DroidBox( 1024): DroidBox: { "FileRW": { "operation": "write", "data": "3c3f786d6c2076657273696f6e3d27312e302720656e636f64696e673d277574662d3827207374616e64616c6f6e653d2779657327203f3e0a3c6d61703e0a3c737472696e67206e616d653d226170706b6579223e346533386262643534333166653331", "id": "1910398251" } }
E/WVMExtractor(   62): Failed to open libwvm.so
W/ActivityManager(  230): Launch timeout has expired, giving up wake lock!
E/WVMExtractor(   62): Failed to open libwvm.so
E/WVMExtractor(   62): Failed to open libwvm.so
E/WVMExtractor(   62): Failed to open libwvm.so
W/dalvikvm( 1024): DroidBox: { "FdAccess": { "path": "2f70726f632f6d656d696e666f", "id": "1053288230" } }
W/DroidBox( 1024): DroidBox: { "FileRW": { "operation": "read", "data": "4d656d546f74616c3a202020202020202020373438393634206b420a4d656d467265653a20202020202020202020343432383234206b420a427566666572733a20202020202020202020202035353030206b420a4361636865643a202020202020202020", "id": "1053288230" } }
I/Choreographer( 1024): Skipped 69 frames!  The application may be doing too much work on its main thread.
E/WVMExtractor(   62): Failed to open libwvm.so
W/ActivityManager(  230): Activity idle timeout for ActivityRecord{b408d910 sunkay.BookLianchengjue/.BookLianchengjue}
V/PhoneStatusBar(  425): setLightsOn(true)
I/Choreographer( 1024): Skipped 62 frames!  The application may be doing too much work on its main thread.
E/WVMExtractor(   62): Failed to open libwvm.so
E/WVMExtractor(   62): Failed to open libwvm.so
I/ActivityManager(  230): Displayed sunkay.BookLianchengjue/com.waps.OffersWebView: +4s132ms
I/Choreographer( 1024): Skipped 171 frames!  The application may be doing too much work on its main thread.
E/WVMExtractor(   62): Failed to open libwvm.so
E/WVMExtractor(   62): Failed to open libwvm.so
I/Choreographer( 1024): Skipped 76 frames!  The application may be doing too much work on its main thread.
E/WVMExtractor(   62): Failed to open libwvm.so
I/Choreographer( 1024): Skipped 78 frames!  The application may be doing too much work on its main thread.
E/WVMExtractor(   62): Failed to open libwvm.so
E/WVMExtractor(   62): Failed to open libwvm.so
E/WVMExtractor(   62): Failed to open libwvm.so
I/Choreographer( 1024): Skipped 36 frames!  The application may be doing too much work on its main thread.
E/WVMExtractor(   62): Failed to open libwvm.so
I/InputDispatcher(  230): Window 'Window{b408ce60 sunkay.BookLianchengjue/com.waps.OffersWebView paused=false}' spent 2290.8ms processing the last input event: KeyEvent(action=0, deviceId=-1, source=0x00000101)
E/WVMExtractor(   62): Failed to open libwvm.so
E/WVMExtractor(   62): Failed to open libwvm.so
E/WVMExtractor(   62): Failed to open libwvm.so
I/Choreographer( 1024): Skipped 206 frames!  The application may be doing too much work on its main thread.
E/WVMExtractor(   62): Failed to open libwvm.so
I/ActivityManager(  230): START {act=android.intent.action.MAIN cat=[android.intent.category.LAUNCHER] flg=0x10000000 cmp=com.android.browser/.BrowserActivity sel={act=android.intent.action.MAIN cat=[android.intent.category.APP_BROWSER]} u=0} from pid 230
E/webcoreglue( 1024): Should not happen: no rect-based-test nodes found
D/InputEventConsistencyVerifier( 1024): KeyEvent: ACTION_UP but key was not down.
D/InputEventConsistencyVerifier( 1024):   in android.view.ViewRootImpl@b3edb6c0
D/InputEventConsistencyVerifier( 1024):   0: sent at 125265000000, KeyEvent { action=ACTION_UP, keyCode=KEYCODE_EXPLORER, scanCode=0, metaState=0, flags=0x8, repeatCount=0, eventTime=125265, downTime=125265, deviceId=-1, source=0x101 }
D/InputEventConsistencyVerifier( 1024):   -- recent events --
D/InputEventConsistencyVerifier( 1024):   1: sent at 125176000000, MotionEvent { action=ACTION_UP, id[0]=0, x[0]=292.0, y[0]=426.0, toolType[0]=TOOL_TYPE_UNKNOWN, buttonState=0, metaState=0, flags=0x0, edgeFlags=0x0, pointerCount=1, historySize=0, eventTime=125176, downTime=125154, deviceId=0, source=0x1002 }
D/InputEventConsistencyVerifier( 1024):   2: sent at 125161000000, MotionEvent { action=ACTION_MOVE, id[0]=0, x[0]=277.0, y[0]=417.0, toolType[0]=TOOL_TYPE_UNKNOWN, buttonState=0, metaState=0, flags=0x0, edgeFlags=0x0, pointerCount=1, historySize=0, eventTime=125161, downTime=125154, deviceId=0, source=0x1002 }
D/InputEventConsistencyVerifier( 1024):   3: sent at 125155000000, MotionEvent { action=ACTION_DOWN, id[0]=0, x[0]=270.0, y[0]=402.0, toolType[0]=TOOL_TYPE_UNKNOWN, buttonState=0, metaState=0, flags=0x0, edgeFlags=0x0, pointerCount=1, historySize=0, eventTime=125155, downTime=125154, deviceId=0, source=0x1002 }
D/InputEventConsistencyVerifier( 1024):   4: sent at 125105000000, MotionEvent { action=ACTION_UP, id[0]=0, x[0]=311.0, y[0]=682.0, toolType[0]=TOOL_TYPE_UNKNOWN, buttonState=0, metaState=0, flags=0x0, edgeFlags=0x0, pointerCount=1, historySize=0, eventTime=125105, downTime=125074, deviceId=0, source=0x1002 }
D/InputEventConsistencyVerifier( 1024):   5: sent at 125074000000, MotionEvent { action=ACTION_DOWN, id[0]=0, x[0]=314.0, y[0]=689.0, toolType[0]=TOOL_TYPE_UNKNOWN, buttonState=0, metaState=0, flags=0x0, edgeFlags=0x0, pointerCount=1, historySize=0, eventTime=125074, downTime=125074, deviceId=0, source=0x1002 }
I/Choreographer( 1024): Skipped 80 frames!  The application may be doing too much work on its main thread.
E/WVMExtractor(   62): Failed to open libwvm.so
E/WVMExtractor(   62): Failed to open libwvm.so
I/Choreographer( 1024): Skipped 31 frames!  The application may be doing too much work on its main thread.
E/WVMExtractor(   62): Failed to open libwvm.so
E/WVMExtractor(   62): Failed to open libwvm.so
E/webcoreglue( 1024): Should not happen: no rect-based-test nodes found
E/WVMExtractor(   62): Failed to open libwvm.so
E/WVMExtractor(   62): Failed to open libwvm.so
E/webcoreglue( 1024): Should not happen: no rect-based-test nodes found
I/Choreographer( 1024): Skipped 46 frames!  The application may be doing too much work on its main thread.
I/Choreographer( 1024): Skipped 43 frames!  The application may be doing too much work on its main thread.
E/WVMExtractor(   62): Failed to open libwvm.so
I/Choreographer( 1024): Skipped 83 frames!  The application may be doing too much work on its main thread.
W/InputMethodManagerService(  230): Window already focused, ignoring focus gain of: com.android.internal.view.IInputMethodClient$Stub$Proxy@b3e62dc0 attribute=null
E/WVMExtractor(   62): Failed to open libwvm.so
E/WVMExtractor(   62): Failed to open libwvm.so
E/WVMExtractor(   62): Failed to open libwvm.so
E/webcoreglue( 1024): Should not happen: no rect-based-test nodes found
E/WVMExtractor(   62): Failed to open libwvm.so
I/Choreographer( 1024): Skipped 35 frames!  The application may be doing too much work on its main thread.
E/WVMExtractor(   62): Failed to open libwvm.so
E/webcoreglue( 1024): Should not happen: no rect-based-test nodes found
E/WVMExtractor(   62): Failed to open libwvm.so
E/WVMExtractor(   62): Failed to open libwvm.so
E/webcoreglue( 1024): Should not happen: no rect-based-test nodes found
E/WVMExtractor(   62): Failed to open libwvm.so
E/webcoreglue( 1024): Should not happen: no rect-based-test nodes found
E/webcoreglue( 1024): Should not happen: no rect-based-test nodes found
I/Choreographer( 1024): Skipped 115 frames!  The application may be doing too much work on its main thread.
E/WVMExtractor(   62): Failed to open libwvm.so
W/dalvikvm( 1006): DroidBox: { "FdAccess": { "path": "2f6465762f696e7075742f6576656e7430", "id": "1868629666" } }
W/DroidBox( 1006): DroidBox: { "FileRW": { "operation": "write", "data": "7f060000efbfbd3901000500000001000000", "id": "1868629666" } }
E/webcoreglue( 1024): Should not happen: no rect-based-test nodes found
I/Choreographer( 1024): Skipped 101 frames!  The application may be doing too much work on its main thread.
I/ActivityManager(  230): START {act=android.intent.action.MAIN cat=[android.intent.category.LAUNCHER] flg=0x10200000 cmp=sunkay.BookLianchengjue/.BookLianchengjue u=0} from pid 1006
E/webcoreglue( 1024): Should not happen: no rect-based-test nodes found
E/WVMExtractor(   62): Failed to open libwvm.so
W/InputManager(  230): Input event injection from pid 1006 failed.
E/WVMExtractor(   62): Failed to open libwvm.so
E/webcoreglue( 1024): Should not happen: no rect-based-test nodes found
I/Choreographer( 1024): Skipped 171 frames!  The application may be doing too much work on its main thread.
W/InputMethodManagerService(  230): Window already focused, ignoring focus gain of: com.android.internal.view.IInputMethodClient$Stub$Proxy@b403cc38 attribute=null
I/Choreographer( 1024): Skipped 40 frames!  The application may be doing too much work on its main thread.
E/WVMExtractor(   62): Failed to open libwvm.so
E/webcoreglue( 1024): Should not happen: no rect-based-test nodes found
I/Choreographer( 1024): Skipped 97 frames!  The application may be doing too much work on its main thread.
E/WVMExtractor(   62): Failed to open libwvm.so
E/WVMExtractor(   62): Failed to open libwvm.so
E/WVMExtractor(   62): Failed to open libwvm.so
I/Choreographer( 1024): Skipped 58 frames!  The application may be doing too much work on its main thread.
E/webcoreglue( 1024): Should not happen: no rect-based-test nodes found
E/WVMExtractor(   62): Failed to open libwvm.so
I/Choreographer( 1024): Skipped 43 frames!  The application may be doing too much work on its main thread.
I/Choreographer( 1024): Skipped 41 frames!  The application may be doing too much work on its main thread.
D/InputEventConsistencyVerifier( 1024): TrackballEvent: Trackball is down but pressure is not greater than 0.
D/InputEventConsistencyVerifier( 1024):   in android.view.ViewRootImpl@b3e51820
D/InputEventConsistencyVerifier( 1024):   0: sent at 135922000000, MotionEvent { action=ACTION_DOWN, id[0]=0, x[0]=0.0, y[0]=0.0, toolType[0]=TOOL_TYPE_UNKNOWN, buttonState=0, metaState=0, flags=0x0, edgeFlags=0x0, pointerCount=1, historySize=0, eventTime=135922, downTime=135802, deviceId=0, source=0x10004 }
D/InputEventConsistencyVerifier( 1024):   -- recent events --
D/InputEventConsistencyVerifier( 1024):   1: sent at 135971000000, KeyEvent { action=ACTION_UP, keyCode=KEYCODE_DPAD_LEFT, scanCode=0, metaState=0, flags=0x400, repeatCount=0, eventTime=135971, downTime=135971, deviceId=-1, source=0x101 }
D/InputEventConsistencyVerifier( 1024):   2: sent at 135971000000, KeyEvent { action=ACTION_DOWN, keyCode=KEYCODE_DPAD_LEFT, scanCode=0, metaState=0, flags=0x400, repeatCount=0, eventTime=135971, downTime=135971, deviceId=-1, source=0x101 }
D/InputEventConsistencyVerifier( 1024):   3: sent at 135969000000, KeyEvent { action=ACTION_UP, keyCode=KEYCODE_DPAD_LEFT, scanCode=0, metaState=0, flags=0x400, repeatCount=0, eventTime=135969, downTime=135969, deviceId=-1, source=0x101 }
D/InputEventConsistencyVerifier( 1024):   4: sent at 135969000000, KeyEvent { action=ACTION_DOWN, keyCode=KEYCODE_DPAD_LEFT, scanCode=0, metaState=0, flags=0x400, repeatCount=0, eventTime=135969, downTime=135969, deviceId=-1, source=0x101 }
D/InputEventConsistencyVerifier( 1024):   5: sent at 135920000000, MotionEvent { action=ACTION_MOVE, id[0]=0, x[0]=-2.0, y[0]=0.0, toolType[0]=TOOL_TYPE_UNKNOWN, buttonState=0, metaState=0, flags=0x0, edgeFlags=0x0, pointerCount=1, historySize=12, eventTime=135920, downTime=-1, deviceId=0, source=0x10004 }
W/dalvikvm(  425): DroidBox: { "FdAccess": { "path": "2f70726f632f6d656d696e666f", "id": "1910563673" } }
W/DroidBox(  425): DroidBox: { "FileRW": { "operation": "read", "data": "4d656d546f74616c3a202020202020202020373438393634206b420a4d656d467265653a20202020202020202020343434323830206b420a427566666572733a20202020202020202020202035363030206b420a4361636865643a202020202020202020", "id": "1910563673" } }
W/dalvikvm(  425): DroidBox: { "FdAccess": { "path": "2f70726f632f6d656d696e666f", "id": "251409396" } }
W/DroidBox(  425): DroidBox: { "FileRW": { "operation": "read", "data": "4d656d546f74616c3a202020202020202020373438393634206b420a4d656d467265653a20202020202020202020343434323830206b420a427566666572733a20202020202020202020202035363030206b420a4361636865643a202020202020202020", "id": "251409396" } }
I/Choreographer( 1024): Skipped 85 frames!  The application may be doing too much work on its main thread.
W/dalvikvm(  425): DroidBox: { "FdAccess": { "path": "2f70726f632f6d656d696e666f", "id": "146821214" } }
W/DroidBox(  425): DroidBox: { "FileRW": { "operation": "read", "data": "4d656d546f74616c3a202020202020202020373438393634206b420a4d656d467265653a20202020202020202020343432363638206b420a427566666572733a20202020202020202020202035363030206b420a4361636865643a202020202020202020", "id": "146821214" } }
W/dalvikvm(  425): DroidBox: { "FdAccess": { "path": "2f70726f632f6d656d696e666f", "id": "1548632091" } }
W/DroidBox(  425): DroidBox: { "FileRW": { "operation": "read", "data": "4d656d546f74616c3a202020202020202020373438393634206b420a4d656d467265653a20202020202020202020343432363638206b420a427566666572733a20202020202020202020202035363030206b420a4361636865643a202020202020202020", "id": "1548632091" } }
V/PhoneStatusBar(  425): setLightsOn(true)
I/Choreographer(  425): Skipped 92 frames!  The application may be doing too much work on its main thread.
D/PhoneStatusBar(  425): disable: < expand icons alerts TICKER* system_info back home recent clock >
D/InputEventConsistencyVerifier(  425): KeyEvent: ACTION_UP but key was not down.
D/InputEventConsistencyVerifier(  425):   in com.android.systemui.statusbar.phone.StatusBarWindowView@b3e543b8
D/InputEventConsistencyVerifier(  425):   0: sent at 136550000000, KeyEvent { action=ACTION_UP, keyCode=KEYCODE_DPAD_LEFT, scanCode=0, metaState=0, flags=0x400, repeatCount=0, eventTime=136550, downTime=136550, deviceId=-1, source=0x101 }
D/InputEventConsistencyVerifier(  425):   -- recent events --
D/InputEventConsistencyVerifier(  425):   1: sent at 136277000000, (unhandled) MotionEvent { action=ACTION_MOVE, id[0]=0, x[0]=-4.0, y[0]=-2.0, toolType[0]=TOOL_TYPE_UNKNOWN, buttonState=0, metaState=0, flags=0x0, edgeFlags=0x0, pointerCount=1, historySize=1, eventTime=136277, downTime=-1, deviceId=0, source=0x10004 }
D/InputEventConsistencyVerifier(  425):   2: sent at 136300000000, MotionEvent { action=ACTION_UP, id[0]=0, x[0]=353.0, y[0]=440.0, toolType[0]=TOOL_TYPE_UNKNOWN, buttonState=0, metaState=0, flags=0x0, edgeFlags=0x0, pointerCount=1, historySize=0, eventTime=136300, downTime=136294, deviceId=0, source=0x1002 }
D/InputEventConsistencyVerifier(  425):   3: sent at 136295000000, MotionEvent { action=ACTION_DOWN, id[0]=0, x[0]=365.0, y[0]=455.0, toolType[0]=TOOL_TYPE_UNKNOWN, buttonState=0, metaState=0, flags=0x0, edgeFlags=0x0, pointerCount=1, historySize=0, eventTime=136295, downTime=136294, deviceId=0, source=0x1002 }
D/InputEventConsistencyVerifier(  425):   4: sent at 136154000000, MotionEvent { action=ACTION_UP, id[0]=0, x[0]=480.0, y[0]=74.0, toolType[0]=TOOL_TYPE_UNKNOWN, buttonState=0, metaState=0, flags=0x0, edgeFlags=0x0, pointerCount=1, historySize=0, eventTime=136154, downTime=136082, deviceId=0, source=0x1002 }
D/InputEventConsistencyVerifier(  425):   5: sent at 136152000000, MotionEvent { action=ACTION_MOVE, id[0]=0, x[0]=480.0, y[0]=67.0, toolType[0]=TOOL_TYPE_UNKNOWN, buttonState=0, metaState=0, flags=0x0, edgeFlags=0x0, pointerCount=1, historySize=3, eventTime=136152, downTime=136082, deviceId=0, source=0x1002 }
D/InputEventConsistencyVerifier(  425): KeyEvent: ACTION_UP but key was not down.
D/InputEventConsistencyVerifier(  425):   in android.widget.FrameLayout@b3e23540
D/InputEventConsistencyVerifier(  425):   0: sent at 136613000000, KeyEvent { action=ACTION_UP, keyCode=KEYCODE_DPAD_DOWN, scanCode=0, metaState=0, flags=0x8, repeatCount=0, eventTime=136613, downTime=136613, deviceId=-1, source=0x101 }
I/Choreographer( 1024): Skipped 35 frames!  The application may be doing too much work on its main thread.
I/Choreographer(  425): Skipped 148 frames!  The application may be doing too much work on its main thread.
W/dalvikvm(  425): DroidBox: { "FdAccess": { "path": "2f70726f632f6d656d696e666f", "id": "160112628" } }
I/Choreographer( 1024): Skipped 36 frames!  The application may be doing too much work on its main thread.
W/DroidBox(  425): DroidBox: { "FileRW": { "operation": "read", "data": "4d656d546f74616c3a202020202020202020373438393634206b420a4d656d467265653a20202020202020202020343431303536206b420a427566666572733a20202020202020202020202035363030206b420a4361636865643a202020202020202020", "id": "160112628" } }
I/Choreographer( 1024): Skipped 35 frames!  The application may be doing too much work on its main thread.
I/Choreographer(  425): Skipped 39 frames!  The application may be doing too much work on its main thread.
W/dalvikvm(  425): DroidBox: { "FdAccess": { "path": "2f70726f632f6d656d696e666f", "id": "81466693" } }
W/DroidBox(  425): DroidBox: { "FileRW": { "operation": "read", "data": "4d656d546f74616c3a202020202020202020373438393634206b420a4d656d467265653a20202020202020202020343339333230206b420a427566666572733a20202020202020202020202035363136206b420a4361636865643a202020202020202020", "id": "81466693" } }
I/Choreographer( 1024): Skipped 43 frames!  The application may be doing too much work on its main thread.
D/InputEventConsistencyVerifier(  425): TouchEvent: ACTION_DOWN but pointers are already down.  Probably missing ACTION_UP from previous gesture.
D/InputEventConsistencyVerifier(  425):   in android.view.ScaleGestureDetector@b3ef3fd0
D/InputEventConsistencyVerifier(  425):   0: sent at 137629000000, MotionEvent { action=ACTION_DOWN, id[0]=0, x[0]=252.0, y[0]=407.0, toolType[0]=TOOL_TYPE_UNKNOWN, buttonState=0, metaState=0, flags=0x0, edgeFlags=0x0, pointerCount=1, historySize=0, eventTime=137629, downTime=137629, deviceId=0, source=0x1002 }
D/InputEventConsistencyVerifier(  425):   -- recent events --
D/InputEventConsistencyVerifier(  425):   1: sent at 136295000000, MotionEvent { action=ACTION_DOWN, id[0]=0, x[0]=365.0, y[0]=455.0, toolType[0]=TOOL_TYPE_UNKNOWN, buttonState=0, metaState=0, flags=0x0, edgeFlags=0x0, pointerCount=1, historySize=0, eventTime=136295, downTime=136294, deviceId=0, source=0x1002 }
D/InputEventConsistencyVerifier(  425):   2: sent at 136154000000, MotionEvent { action=ACTION_UP, id[0]=0, x[0]=480.0, y[0]=74.0, toolType[0]=TOOL_TYPE_UNKNOWN, buttonState=0, metaState=0, flags=0x0, edgeFlags=0x0, pointerCount=1, historySize=0, eventTime=136154, downTime=136082, deviceId=0, source=0x1002 }
D/InputEventConsistencyVerifier(  425):   3: sent at 136152000000, MotionEvent { action=ACTION_MOVE, id[0]=0, x[0]=480.0, y[0]=67.0, toolType[0]=TOOL_TYPE_UNKNOWN, buttonState=0, metaState=0, flags=0x0, edgeFlags=0x0, pointerCount=1, historySize=3, eventTime=136152, downTime=136082, deviceId=0, source=0x1002 }
D/InputEventConsistencyVerifier(  425):   4: sent at 136107994460, MotionEvent { action=ACTION_MOVE, id[0]=0, x[0]=475.48615, y[0]=25.828716, toolType[0]=TOOL_TYPE_UNKNOWN, buttonState=0, metaState=0, flags=0x0, edgeFlags=0x0, pointerCount=1, historySize=2, eventTime=136107, downTime=136082, deviceId=0, source=0x1002 }
D/InputEventConsistencyVerifier(  425):   5: sent at 136085000000, MotionEvent { action=ACTION_DOWN, id[0]=0, x[0]=452.0, y[0]=11.0, toolType[0]=TOOL_TYPE_UNKNOWN, buttonState=0, metaState=0, flags=0x0, edgeFlags=0x0, pointerCount=1, historySize=0, eventTime=136085, downTime=136082, deviceId=0, source=0x1002 }
I/Choreographer( 1024): Skipped 74 frames!  The application may be doing too much work on its main thread.
D/InputEventConsistencyVerifier(  425): KeyEvent: ACTION_UP but key was not down.
D/InputEventConsistencyVerifier(  425):   in com.android.systemui.statusbar.phone.StatusBarWindowView@b3e543b8
D/InputEventConsistencyVerifier(  425):   0: sent at 138172000000, KeyEvent { action=ACTION_UP, keyCode=KEYCODE_DPAD_UP, scanCode=0, metaState=0, flags=0x8, repeatCount=0, eventTime=138172, downTime=138172, deviceId=-1, source=0x101 }
D/InputEventConsistencyVerifier(  425):   -- recent events --
D/InputEventConsistencyVerifier(  425):   1: sent at 138023000000, (unhandled) KeyEvent { action=ACTION_UP, keyCode=KEYCODE_CAMERA, scanCode=0, metaState=0, flags=0x8, repeatCount=0, eventTime=138023, downTime=138023, deviceId=-1, source=0x101 }
D/InputEventConsistencyVerifier(  425):   2: sent at 137664000000, (unhandled) KeyEvent { action=ACTION_DOWN, keyCode=KEYCODE_CAMERA, scanCode=0, metaState=0, flags=0x8, repeatCount=0, eventTime=137664, downTime=137664, deviceId=-1, source=0x101 }
D/InputEventConsistencyVerifier(  425):   3: sent at 137650000000, MotionEvent { action=ACTION_UP, id[0]=0, x[0]=249.0, y[0]=401.0, toolType[0]=TOOL_TYPE_UNKNOWN, buttonState=0, metaState=0, flags=0x0, edgeFlags=0x0, pointerCount=1, historySize=0, eventTime=137650, downTime=137629, deviceId=0, source=0x1002 }
D/InputEventConsistencyVerifier(  425):   4: sent at 137629000000, MotionEvent { action=ACTION_DOWN, id[0]=0, x[0]=252.0, y[0]=407.0, toolType[0]=TOOL_TYPE_UNKNOWN, buttonState=0, metaState=0, flags=0x0, edgeFlags=0x0, pointerCount=1, historySize=0, eventTime=137629, downTime=137629, deviceId=0, source=0x1002 }
D/InputEventConsistencyVerifier(  425):   5: sent at 137590000000, (unhandled) KeyEvent { action=ACTION_UP, keyCode=KEYCODE_DPAD_LEFT, scanCode=0, metaState=0, flags=0x8, repeatCount=0, eventTime=137590, downTime=137590, deviceId=-1, source=0x101 }
I/Choreographer(  425): Skipped 154 frames!  The application may be doing too much work on its main thread.
W/dalvikvm(  425): DroidBox: { "FdAccess": { "path": "2f70726f632f6d656d696e666f", "id": "1336416137" } }
W/DroidBox(  425): DroidBox: { "FileRW": { "operation": "read", "data": "4d656d546f74616c3a202020202020202020373438393634206b420a4d656d467265653a20202020202020202020343339323132206b420a427566666572733a20202020202020202020202035363136206b420a4361636865643a202020202020202020", "id": "1336416137" } }
I/Choreographer(  425): Skipped 66 frames!  The application may be doing too much work on its main thread.
I/Choreographer(  425): Skipped 40 frames!  The application may be doing too much work on its main thread.
D/InputEventConsistencyVerifier(  425): KeyEvent: ACTION_UP but key was not down.
D/InputEventConsistencyVerifier(  425):   in com.android.systemui.statusbar.phone.StatusBarWindowView@b3e543b8
D/InputEventConsistencyVerifier(  425):   0: sent at 138611000000, KeyEvent { action=ACTION_UP, keyCode=KEYCODE_DPAD_LEFT, scanCode=0, metaState=0, flags=0x400, repeatCount=0, eventTime=138611, downTime=138611, deviceId=-1, source=0x101 }
D/InputEventConsistencyVerifier(  425):   -- recent events --
D/InputEventConsistencyVerifier(  425):   1: sent at 138578000000, (unhandled) MotionEvent { action=ACTION_MOVE, id[0]=0, x[0]=-2.0, y[0]=0.0, toolType[0]=TOOL_TYPE_UNKNOWN, buttonState=0, metaState=0, flags=0x0, edgeFlags=0x0, pointerCount=1, historySize=9, eventTime=138578, downTime=-1, deviceId=0, source=0x10004 }
D/InputEventConsistencyVerifier(  425):   2: sent at 138413000000, MotionEvent { action=ACTION_UP, id[0]=0, x[0]=140.0, y[0]=726.0, toolType[0]=TOOL_TYPE_UNKNOWN, buttonState=0, metaState=0, flags=0x0, edgeFlags=0x0, pointerCount=1, historySize=0, eventTime=138413, downTime=138372, deviceId=0, source=0x1002 }
D/InputEventConsistencyVerifier(  425):   3: sent at 138385000000, MotionEvent { action=ACTION_MOVE, id[0]=0, x[0]=147.0, y[0]=715.0, toolType[0]=TOOL_TYPE_UNKNOWN, buttonState=0, metaState=0, flags=0x0, edgeFlags=0x0, pointerCount=1, historySize=1, eventTime=138385, downTime=138372, deviceId=0, source=0x1002 }
D/InputEventConsistencyVerifier(  425):   4: sent at 138373000000, MotionEvent { action=ACTION_DOWN, id[0]=0, x[0]=162.0, y[0]=700.0, toolType[0]=TOOL_TYPE_UNKNOWN, buttonState=0, metaState=0, flags=0x0, edgeFlags=0x0, pointerCount=1, historySize=0, eventTime=138373, downTime=138372, deviceId=0, source=0x1002 }
D/InputEventConsistencyVerifier(  425):   5: sent at 138295000000, (unhandled) KeyEvent { action=ACTION_UP, keyCode=KEYCODE_DPAD_CENTER, scanCode=0, metaState=0, flags=0x8, repeatCount=0, eventTime=138295, downTime=138295, deviceId=-1, source=0x101 }
D/InputEventConsistencyVerifier(  425): TouchEvent: ACTION_DOWN but pointers are already down.  Probably missing ACTION_UP from previous gesture.
D/InputEventConsistencyVerifier(  425):   in android.view.ScaleGestureDetector@b3ef3fd0
D/InputEventConsistencyVerifier(  425):   0: sent at 138724000000, MotionEvent { action=ACTION_DOWN, id[0]=0, x[0]=316.0, y[0]=446.0, toolType[0]=TOOL_TYPE_UNKNOWN, buttonState=0, metaState=0, flags=0x0, edgeFlags=0x0, pointerCount=1, historySize=0, eventTime=138724, downTime=138723, deviceId=0, source=0x1002 }
D/InputEventConsistencyVerifier(  425):   -- recent events --
D/InputEventConsistencyVerifier(  425):   1: sent at 138385000000, MotionEvent { action=ACTION_MOVE, id[0]=0, x[0]=147.0, y[0]=715.0, toolType[0]=TOOL_TYPE_UNKNOWN, buttonState=0, metaState=0, flags=0x0, edgeFlags=0x0, pointerCount=1, historySize=1, eventTime=138385, downTime=138372, deviceId=0, source=0x1002 }
D/InputEventConsistencyVerifier(  425):   2: sent at 138373000000, MotionEvent { action=ACTION_DOWN, id[0]=0, x[0]=162.0, y[0]=700.0, toolType[0]=TOOL_TYPE_UNKNOWN, buttonState=0, metaState=0, flags=0x0, edgeFlags=0x0, pointerCount=1, historySize=0, eventTime=138373, downTime=138372, deviceId=0, source=0x1002 }
D/InputEventConsistencyVerifier(  425):   3: sent at 137650000000, MotionEvent { action=ACTION_UP, id[0]=0, x[0]=249.0, y[0]=401.0, toolType[0]=TOOL_TYPE_UNKNOWN, buttonState=0, metaState=0, flags=0x0, edgeFlags=0x0, pointerCount=1, historySize=0, eventTime=137650, downTime=137629, deviceId=0, source=0x1002 }
