D/InputEventConsistencyVerifier( 1002):   1: sent at 281040000000, MotionEvent { action=ACTION_MOVE, id[0]=0, x[0]=-3.0, y[0]=4.0, toolType[0]=TOOL_TYPE_UNKNOWN, buttonState=0, metaState=0, flags=0x0, edgeFlags=0x0, pointerCount=1, historySize=9, eventTime=281040, downTime=-1, deviceId=0, source=0x10004 }
D/InputEventConsistencyVerifier( 1002):   2: sent at 280965000000, KeyEvent { action=ACTION_UP, keyCode=KEYCODE_DPAD_RIGHT, scanCode=0, metaState=0, flags=0x8, repeatCount=0, eventTime=280965, downTime=280965, deviceId=-1, source=0x101 }
D/InputEventConsistencyVerifier( 1002):   3: sent at 280880000000, KeyEvent { action=ACTION_DOWN, keyCode=KEYCODE_DPAD_RIGHT, scanCode=0, metaState=0, flags=0x8, repeatCount=0, eventTime=280880, downTime=280880, deviceId=-1, source=0x101 }
D/InputEventConsistencyVerifier( 1002):   4: sent at 280838000000, KeyEvent { action=ACTION_UP, keyCode=KEYCODE_DPAD_LEFT, scanCode=0, metaState=0, flags=0x8, repeatCount=0, eventTime=280838, downTime=280838, deviceId=-1, source=0x101 }
D/InputEventConsistencyVerifier( 1002):   5: sent at 280656000000, KeyEvent { action=ACTION_DOWN, keyCode=KEYCODE_DPAD_LEFT, scanCode=0, metaState=0, flags=0x8, repeatCount=0, eventTime=280656, downTime=280656, deviceId=-1, source=0x101 }
E/WVMExtractor(   62): Failed to open libwvm.so
D/AudioSink(   62): bufferCount (4) is too small and increased to 12
I/dalvikvm-heap( 1002): Grow heap (frag case) to 15.153MB for 2823760-byte allocation
I/Choreographer( 1002): Skipped 151 frames!  The application may be doing too much work on its main thread.
D/InputEventConsistencyVerifier( 1002): KeyEvent: ACTION_UP but key was not down.
D/InputEventConsistencyVerifier( 1002):   in com.android.internal.policy.impl.PhoneWindow$DecorView@b3e66828
D/InputEventConsistencyVerifier( 1002):   0: sent at 281095000000, KeyEvent { action=ACTION_UP, keyCode=KEYCODE_DPAD_DOWN, scanCode=0, metaState=0, flags=0x400, repeatCount=0, eventTime=281095, downTime=281095, deviceId=-1, source=0x101 }
D/InputEventConsistencyVerifier( 1002):   -- recent events --
D/InputEventConsistencyVerifier( 1002):   1: sent at 281057000000, MotionEvent { action=ACTION_UP, id[0]=0, x[0]=125.0, y[0]=332.0, toolType[0]=TOOL_TYPE_UNKNOWN, buttonState=0, metaState=0, flags=0x0, edgeFlags=0x0, pointerCount=1, historySize=0, eventTime=281057, downTime=281052, deviceId=0, source=0x1002 }
D/InputEventConsistencyVerifier( 1002):   2: sent at 281053000000, MotionEvent { action=ACTION_DOWN, id[0]=0, x[0]=121.0, y[0]=337.0, toolType[0]=TOOL_TYPE_UNKNOWN, buttonState=0, metaState=0, flags=0x0, edgeFlags=0x0, pointerCount=1, historySize=0, eventTime=281053, downTime=281052, deviceId=0, source=0x1002 }
D/InputEventConsistencyVerifier( 1002):   3: sent at 281046000000, (unhandled) MotionEvent { action=ACTION_UP, id[0]=0, x[0]=0.0, y[0]=0.0, toolType[0]=TOOL_TYPE_UNKNOWN, buttonState=0, metaState=0, flags=0x0, edgeFlags=0x0, pointerCount=1, historySize=0, eventTime=281046, downTime=280998, deviceId=0, source=0x10004 }
D/InputEventConsistencyVerifier( 1002):   4: sent at 281043000000, (unhandled) MotionEvent { action=ACTION_DOWN, id[0]=0, x[0]=0.0, y[0]=0.0, toolType[0]=TOOL_TYPE_UNKNOWN, buttonState=0, metaState=0, flags=0x80000000, edgeFlags=0x0, pointerCount=1, historySize=0, eventTime=281043, downTime=280998, deviceId=0, source=0x10004 }
D/InputEventConsistencyVerifier( 1002):   5: sent at 281040000000, (unhandled) MotionEvent { action=ACTION_MOVE, id[0]=0, x[0]=-3.0, y[0]=4.0, toolType[0]=TOOL_TYPE_UNKNOWN, buttonState=0, metaState=0, flags=0x0, edgeFlags=0x0, pointerCount=1, historySize=9, eventTime=281040, downTime=-1, deviceId=0, source=0x10004 }
I/Choreographer( 1002): Skipped 55 frames!  The application may be doing too much work on its main thread.
W/InputMethodManagerService(  227): Window already focused, ignoring focus gain of: com.android.internal.view.IInputMethodClient$Stub$Proxy@b4264948 attribute=null
I/dalvikvm-heap( 1002): Grow heap (frag case) to 15.160MB for 2823760-byte allocation
I/dalvikvm-heap( 1002): Grow heap (frag case) to 15.142MB for 2823760-byte allocation
E/WVMExtractor(   62): Failed to open libwvm.so
D/AudioSink(   62): bufferCount (4) is too small and increased to 12
I/dalvikvm-heap( 1002): Grow heap (frag case) to 15.141MB for 2823760-byte allocation
I/Choreographer( 1002): Skipped 299 frames!  The application may be doing too much work on its main thread.
W/MediaPlayer( 1002): mediaplayer went away with unhandled events
W/MediaPlayer( 1002): mediaplayer went away with unhandled events
D/InputEventConsistencyVerifier( 1002): KeyEvent: ACTION_UP but key was not down.
D/InputEventConsistencyVerifier( 1002):   in com.android.internal.policy.impl.PhoneWindow$DecorView@b3e66828
D/InputEventConsistencyVerifier( 1002):   0: sent at 284286000000, KeyEvent { action=ACTION_UP, keyCode=KEYCODE_DPAD_LEFT, scanCode=0, metaState=0, flags=0x8, repeatCount=0, eventTime=284286, downTime=284286, deviceId=-1, source=0x101 }
D/InputEventConsistencyVerifier( 1002):   -- recent events --
D/InputEventConsistencyVerifier( 1002):   1: sent at 283875000000, MotionEvent { action=ACTION_UP, id[0]=0, x[0]=448.0, y[0]=620.0, toolType[0]=TOOL_TYPE_UNKNOWN, buttonState=0, metaState=0, flags=0x0, edgeFlags=0x0, pointerCount=1, historySize=0, eventTime=283875, downTime=282935, deviceId=0, source=0x1002 }
D/InputEventConsistencyVerifier( 1002):   2: sent at 282936000000, MotionEvent { action=ACTION_DOWN, id[0]=0, x[0]=437.0, y[0]=615.0, toolType[0]=TOOL_TYPE_UNKNOWN, buttonState=0, metaState=0, flags=0x0, edgeFlags=0x0, pointerCount=1, historySize=0, eventTime=282936, downTime=282935, deviceId=0, source=0x1002 }
D/InputEventConsistencyVerifier( 1002):   3: sent at 282628000000, MotionEvent { action=ACTION_UP, id[0]=0, x[0]=326.0, y[0]=152.0, toolType[0]=TOOL_TYPE_UNKNOWN, buttonState=0, metaState=0, flags=0x0, edgeFlags=0x0, pointerCount=1, historySize=0, eventTime=282628, downTime=282590, deviceId=0, source=0x1002 }
D/InputEventConsistencyVerifier( 1002):   4: sent at 282626000000, MotionEvent { action=ACTION_MOVE, id[0]=0, x[0]=334.0, y[0]=167.0, toolType[0]=TOOL_TYPE_UNKNOWN, buttonState=0, metaState=0, flags=0x0, edgeFlags=0x0, pointerCount=1, historySize=0, eventTime=282626, downTime=282590, deviceId=0, source=0x1002 }
D/InputEventConsistencyVerifier( 1002):   5: sent at 282591000000, MotionEvent { action=ACTION_DOWN, id[0]=0, x[0]=353.0, y[0]=173.0, toolType[0]=TOOL_TYPE_UNKNOWN, buttonState=0, metaState=0, flags=0x0, edgeFlags=0x0, pointerCount=1, historySize=0, eventTime=282591, downTime=282590, deviceId=0, source=0x1002 }
E/WVMExtractor(   62): Failed to open libwvm.so
D/AudioSink(   62): bufferCount (4) is too small and increased to 12
I/dalvikvm-heap( 1002): Grow heap (frag case) to 15.141MB for 2823760-byte allocation
I/Choreographer( 1002): Skipped 129 frames!  The application may be doing too much work on its main thread.
I/dalvikvm-heap( 1002): Grow heap (frag case) to 15.141MB for 2823760-byte allocation
I/dalvikvm-heap( 1002): Grow heap (frag case) to 15.142MB for 2823760-byte allocation
I/Choreographer( 1002): Skipped 185 frames!  The application may be doing too much work on its main thread.
E/WVMExtractor(   62): Failed to open libwvm.so
D/AudioSink(   62): bufferCount (4) is too small and increased to 12
D/InputEventConsistencyVerifier( 1002): KeyEvent: ACTION_UP but key was not down.
D/InputEventConsistencyVerifier( 1002):   in android.view.ViewRootImpl@b3e5dc50
D/InputEventConsistencyVerifier( 1002):   0: sent at 286080000000, KeyEvent { action=ACTION_UP, keyCode=KEYCODE_LANGUAGE_SWITCH, scanCode=0, metaState=0, flags=0x8, repeatCount=0, eventTime=286080, downTime=286080, deviceId=-1, source=0x101 }
D/InputEventConsistencyVerifier( 1002):   -- recent events --
D/InputEventConsistencyVerifier( 1002):   1: sent at 286049000000, KeyEvent { action=ACTION_UP, keyCode=KEYCODE_DVR, scanCode=0, metaState=0, flags=0x8, repeatCount=0, eventTime=286049, downTime=286049, deviceId=-1, source=0x101 }
D/InputEventConsistencyVerifier( 1002):   2: sent at 285988000000, KeyEvent { action=ACTION_DOWN, keyCode=KEYCODE_DVR, scanCode=0, metaState=0, flags=0x8, repeatCount=0, eventTime=285988, downTime=285988, deviceId=-1, source=0x101 }
D/InputEventConsistencyVerifier( 1002):   3: sent at 285855000000, KeyEvent { action=ACTION_UP, keyCode=KEYCODE_L, scanCode=0, metaState=0, flags=0x8, repeatCount=0, eventTime=285855, downTime=285855, deviceId=-1, source=0x101 }
D/InputEventConsistencyVerifier( 1002):   4: sent at 285247000000, KeyEvent { action=ACTION_DOWN, keyCode=KEYCODE_L, scanCode=0, metaState=0, flags=0x8, repeatCount=0, eventTime=285247, downTime=285247, deviceId=-1, source=0x101 }
D/InputEventConsistencyVerifier( 1002):   5: sent at 285187000000, MotionEvent { action=ACTION_UP, id[0]=0, x[0]=256.0, y[0]=305.0, toolType[0]=TOOL_TYPE_UNKNOWN, buttonState=0, metaState=0, flags=0x0, edgeFlags=0x0, pointerCount=1, historySize=0, eventTime=285187, downTime=285057, deviceId=0, source=0x1002 }
D/InputEventConsistencyVerifier( 1002): TrackballEvent: Trackball is down but pressure is not greater than 0.
D/InputEventConsistencyVerifier( 1002):   in android.view.ViewRootImpl@b3e5fa38
D/InputEventConsistencyVerifier( 1002):   0: sent at 287095000000, MotionEvent { action=ACTION_DOWN, id[0]=0, x[0]=0.0, y[0]=0.0, toolType[0]=TOOL_TYPE_UNKNOWN, buttonState=0, metaState=0, flags=0x0, edgeFlags=0x0, pointerCount=1, historySize=0, eventTime=287095, downTime=287071, deviceId=0, source=0x10004 }
D/InputEventConsistencyVerifier( 1002):   -- recent events --
D/InputEventConsistencyVerifier( 1002):   1: sent at 287247000000, KeyEvent { action=ACTION_UP, keyCode=KEYCODE_DPAD_LEFT, scanCode=0, metaState=0, flags=0x400, repeatCount=0, eventTime=287247, downTime=287247, deviceId=-1, source=0x101 }
D/InputEventConsistencyVerifier( 1002):   2: sent at 287247000000, KeyEvent { action=ACTION_DOWN, keyCode=KEYCODE_DPAD_LEFT, scanCode=0, metaState=0, flags=0x400, repeatCount=0, eventTime=287247, downTime=287247, deviceId=-1, source=0x101 }
D/InputEventConsistencyVerifier( 1002):   3: sent at 287245000000, KeyEvent { action=ACTION_UP, keyCode=KEYCODE_DPAD_LEFT, scanCode=0, metaState=0, flags=0x400, repeatCount=0, eventTime=287245, downTime=287245, deviceId=-1, source=0x101 }
D/InputEventConsistencyVerifier( 1002):   4: sent at 287245000000, KeyEvent { action=ACTION_DOWN, keyCode=KEYCODE_DPAD_LEFT, scanCode=0, metaState=0, flags=0x400, repeatCount=0, eventTime=287245, downTime=287245, deviceId=-1, source=0x101 }
D/InputEventConsistencyVerifier( 1002):   5: sent at 287093000000, MotionEvent { action=ACTION_MOVE, id[0]=0, x[0]=-2.0, y[0]=0.0, toolType[0]=TOOL_TYPE_UNKNOWN, buttonState=0, metaState=0, flags=0x0, edgeFlags=0x0, pointerCount=1, historySize=9, eventTime=287093, downTime=-1, deviceId=0, source=0x10004 }
D/InputEventConsistencyVerifier( 1002): KeyEvent: ACTION_UP but key was not down.
D/InputEventConsistencyVerifier( 1002):   in com.android.internal.policy.impl.PhoneWindow$DecorView@b3e66828
D/InputEventConsistencyVerifier( 1002):   0: sent at 286497000000, KeyEvent { action=ACTION_UP, keyCode=KEYCODE_DPAD_DOWN, scanCode=0, metaState=0, flags=0x400, repeatCount=0, eventTime=286497, downTime=286497, deviceId=-1, source=0x101 }
D/InputEventConsistencyVerifier( 1002):   -- recent events --
D/InputEventConsistencyVerifier( 1002):   1: sent at 286494000000, (unhandled) KeyEvent { action=ACTION_UP, keyCode=KEYCODE_DPAD_DOWN, scanCode=0, metaState=0, flags=0x400, repeatCount=0, eventTime=286494, downTime=286494, deviceId=-1, source=0x101 }
D/InputEventConsistencyVerifier( 1002):   2: sent at 286494000000, (unhandled) KeyEvent { action=ACTION_DOWN, keyCode=KEYCODE_DPAD_DOWN, scanCode=0, metaState=0, flags=0x400, repeatCount=0, eventTime=286494, downTime=286494, deviceId=-1, source=0x101 }
D/InputEventConsistencyVerifier( 1002):   3: sent at 286375000000, (unhandled) MotionEvent { action=ACTION_MOVE, id[0]=0, x[0]=0.0, y[0]=4.0, toolType[0]=TOOL_TYPE_UNKNOWN, buttonState=0, metaState=0, flags=0x0, edgeFlags=0x0, pointerCount=1, historySize=9, eventTime=286375, downTime=-1, deviceId=0, source=0x10004 }
D/InputEventConsistencyVerifier( 1002):   4: sent at 286334000000, (unhandled) KeyEvent { action=ACTION_UP, keyCode=KEYCODE_MENU, scanCode=0, metaState=0, flags=0x8, repeatCount=0, eventTime=286334, downTime=286334, deviceId=-1, source=0x101 }
D/InputEventConsistencyVerifier( 1002):   5: sent at 286314000000, (unhandled) KeyEvent { action=ACTION_DOWN, keyCode=KEYCODE_MENU, scanCode=0, metaState=0, flags=0x8, repeatCount=0, eventTime=286314, downTime=286314, deviceId=-1, source=0x101 }
W/InputMethodManagerService(  227): Window already focused, ignoring focus gain of: com.android.internal.view.IInputMethodClient$Stub$Proxy@b40c6580 attribute=android.view.inputmethod.EditorInfo@b3fffa48
I/Choreographer( 1002): Skipped 44 frames!  The application may be doing too much work on its main thread.
I/dalvikvm-heap( 1002): Grow heap (frag case) to 15.157MB for 2823760-byte allocation
I/dalvikvm-heap( 1002): Grow heap (frag case) to 15.142MB for 2823760-byte allocation
I/InputDispatcher(  227): Window 'Window{b4182ed0 com.typ3studios.mosquito/com.typ3studios.mosquito.Mosquito paused=false}' spent 2145.3ms processing the last input event: MotionEvent(action=1, deviceId=0, source=0x00001002)
I/Choreographer( 1002): Skipped 203 frames!  The application may be doing too much work on its main thread.
E/WVMExtractor(   62): Failed to open libwvm.so
D/AudioSink(   62): bufferCount (4) is too small and increased to 12
I/dalvikvm-heap( 1002): Grow heap (frag case) to 15.141MB for 2823760-byte allocation
W/MediaPlayer( 1002): mediaplayer went away with unhandled events
W/MediaPlayer( 1002): mediaplayer went away with unhandled events
D/InputEventConsistencyVerifier( 1002): KeyEvent: ACTION_UP but key was not down.
D/InputEventConsistencyVerifier( 1002):   in com.android.internal.policy.impl.PhoneWindow$DecorView@b3e66828
D/InputEventConsistencyVerifier( 1002):   0: sent at 289217000000, KeyEvent { action=ACTION_UP, keyCode=KEYCODE_DPAD_RIGHT, scanCode=0, metaState=0, flags=0x8, repeatCount=0, eventTime=289217, downTime=289217, deviceId=-1, source=0x101 }
D/InputEventConsistencyVerifier( 1002):   -- recent events --
D/InputEventConsistencyVerifier( 1002):   1: sent at 288745000000, MotionEvent { action=ACTION_UP, id[0]=0, x[0]=387.0, y[0]=705.0, toolType[0]=TOOL_TYPE_UNKNOWN, buttonState=0, metaState=0, flags=0x0, edgeFlags=0x0, pointerCount=1, historySize=0, eventTime=288745, downTime=287339, deviceId=0, source=0x1002 }
D/InputEventConsistencyVerifier( 1002):   2: sent at 287340000000, MotionEvent { action=ACTION_DOWN, id[0]=0, x[0]=401.0, y[0]=691.0, toolType[0]=TOOL_TYPE_UNKNOWN, buttonState=0, metaState=0, flags=0x0, edgeFlags=0x0, pointerCount=1, historySize=0, eventTime=287340, downTime=287339, deviceId=0, source=0x1002 }
D/InputEventConsistencyVerifier( 1002):   3: sent at 286545000000, MotionEvent { action=ACTION_UP, id[0]=0, x[0]=328.0, y[0]=185.0, toolType[0]=TOOL_TYPE_UNKNOWN, buttonState=0, metaState=0, flags=0x0, edgeFlags=0x0, pointerCount=1, historySize=0, eventTime=286545, downTime=286526, deviceId=0, source=0x1002 }
D/InputEventConsistencyVerifier( 1002):   4: sent at 286526000000, MotionEvent { action=ACTION_DOWN, id[0]=0, x[0]=344.0, y[0]=208.0, toolType[0]=TOOL_TYPE_UNKNOWN, buttonState=0, metaState=0, flags=0x0, edgeFlags=0x0, pointerCount=1, historySize=0, eventTime=286526, downTime=286526, deviceId=0, source=0x1002 }
D/InputEventConsistencyVerifier( 1002):   5: sent at 286517000000, MotionEvent { action=ACTION_UP, id[0]=0, x[0]=257.0, y[0]=377.0, toolType[0]=TOOL_TYPE_UNKNOWN, buttonState=0, metaState=0, flags=0x0, edgeFlags=0x0, pointerCount=1, historySize=0, eventTime=286517, downTime=286509, deviceId=0, source=0x1002 }
I/dalvikvm-heap( 1002): Grow heap (frag case) to 15.142MB for 2823760-byte allocation
E/WVMExtractor(   62): Failed to open libwvm.so
D/AudioSink(   62): bufferCount (4) is too small and increased to 12
D/InputEventConsistencyVerifier( 1002): KeyEvent: ACTION_UP but key was not down.
D/InputEventConsistencyVerifier( 1002):   in com.android.internal.policy.impl.PhoneWindow$DecorView@b3e66828
D/InputEventConsistencyVerifier( 1002):   0: sent at 289631000000, KeyEvent { action=ACTION_UP, keyCode=KEYCODE_DPAD_UP, scanCode=0, metaState=0, flags=0x8, repeatCount=0, eventTime=289631, downTime=289631, deviceId=-1, source=0x101 }
D/InputEventConsistencyVerifier( 1002):   -- recent events --
D/InputEventConsistencyVerifier( 1002):   1: sent at 289260000000, MotionEvent { action=ACTION_UP, id[0]=0, x[0]=0.0, y[0]=618.0, toolType[0]=TOOL_TYPE_UNKNOWN, buttonState=0, metaState=0, flags=0x0, edgeFlags=0x0, pointerCount=1, historySize=0, eventTime=289260, downTime=289254, deviceId=0, source=0x1002 }
D/InputEventConsistencyVerifier( 1002):   2: sent at 289255000000, MotionEvent { action=ACTION_DOWN, id[0]=0, x[0]=1.0, y[0]=616.0, toolType[0]=TOOL_TYPE_UNKNOWN, buttonState=0, metaState=0, flags=0x0, edgeFlags=0x0, pointerCount=1, historySize=0, eventTime=289255, downTime=289254, deviceId=0, source=0x1002 }
D/InputEventConsistencyVerifier( 1002):   3: sent at 289217000000, (unhandled) KeyEvent { action=ACTION_UP, keyCode=KEYCODE_DPAD_RIGHT, scanCode=0, metaState=0, flags=0x80000008, repeatCount=0, eventTime=289217, downTime=289217, deviceId=-1, source=0x101 }
D/InputEventConsistencyVerifier( 1002):   4: sent at 288745000000, MotionEvent { action=ACTION_UP, id[0]=0, x[0]=387.0, y[0]=705.0, toolType[0]=TOOL_TYPE_UNKNOWN, buttonState=0, metaState=0, flags=0x0, edgeFlags=0x0, pointerCount=1, historySize=0, eventTime=288745, downTime=287339, deviceId=0, source=0x1002 }
D/InputEventConsistencyVerifier( 1002):   5: sent at 287340000000, MotionEvent { action=ACTION_DOWN, id[0]=0, x[0]=401.0, y[0]=691.0, toolType[0]=TOOL_TYPE_UNKNOWN, buttonState=0, metaState=0, flags=0x0, edgeFlags=0x0, pointerCount=1, historySize=0, eventTime=287340, downTime=287339, deviceId=0, source=0x1002 }
I/dalvikvm-heap( 1002): Grow heap (frag case) to 15.141MB for 2823760-byte allocation
I/dalvikvm-heap( 1002): Grow heap (frag case) to 15.142MB for 2823760-byte allocation
I/Choreographer( 1002): Skipped 178 frames!  The application may be doing too much work on its main thread.
E/WVMExtractor(   62): Failed to open libwvm.so
D/AudioSink(   62): bufferCount (4) is too small and increased to 12
I/Choreographer( 1002): Skipped 37 frames!  The application may be doing too much work on its main thread.
D/InputEventConsistencyVerifier( 1002): KeyEvent: ACTION_UP but key was not down.
D/InputEventConsistencyVerifier( 1002):   in com.android.internal.policy.impl.PhoneWindow$DecorView@b3e66828
D/InputEventConsistencyVerifier( 1002):   0: sent at 290601000000, KeyEvent { action=ACTION_UP, keyCode=KEYCODE_DPAD_UP, scanCode=0, metaState=0, flags=0x400, repeatCount=0, eventTime=290601, downTime=290601, deviceId=-1, source=0x101 }
D/InputEventConsistencyVerifier( 1002):   -- recent events --
D/InputEventConsistencyVerifier( 1002):   1: sent at 289926000000, (unhandled) MotionEvent { action=ACTION_MOVE, id[0]=0, x[0]=-1.0, y[0]=2.0, toolType[0]=TOOL_TYPE_UNKNOWN, buttonState=0, metaState=0, flags=0x0, edgeFlags=0x0, pointerCount=1, historySize=8, eventTime=289926, downTime=-1, deviceId=0, source=0x10004 }
D/InputEventConsistencyVerifier( 1002):   2: sent at 289878000000, (unhandled) MotionEvent { action=ACTION_MOVE, id[0]=0, x[0]=2.0, y[0]=-2.0, toolType[0]=TOOL_TYPE_UNKNOWN, buttonState=0, metaState=0, flags=0x0, edgeFlags=0x0, pointerCount=1, historySize=0, eventTime=289878, downTime=-1, deviceId=0, source=0x10004 }
D/InputEventConsistencyVerifier( 1002):   3: sent at 289856000000, MotionEvent { action=ACTION_UP, id[0]=0, x[0]=169.0, y[0]=236.0, toolType[0]=TOOL_TYPE_UNKNOWN, buttonState=0, metaState=0, flags=0x0, edgeFlags=0x0, pointerCount=1, historySize=0, eventTime=289856, downTime=289834, deviceId=0, source=0x1002 }
D/InputEventConsistencyVerifier( 1002):   4: sent at 289854000000, MotionEvent { action=ACTION_MOVE, id[0]=0, x[0]=177.0, y[0]=234.0, toolType[0]=TOOL_TYPE_UNKNOWN, buttonState=0, metaState=0, flags=0x0, edgeFlags=0x0, pointerCount=1, historySize=2, eventTime=289854, downTime=289834, deviceId=0, source=0x1002 }
D/InputEventConsistencyVerifier( 1002):   5: sent at 289835000000, MotionEvent { action=ACTION_DOWN, id[0]=0, x[0]=197.0, y[0]=223.0, toolType[0]=TOOL_TYPE_UNKNOWN, buttonState=0, metaState=0, flags=0x0, edgeFlags=0x0, pointerCount=1, historySize=0, eventTime=289835, downTime=289834, deviceId=0, source=0x1002 }
I/dalvikvm-heap( 1002): Grow heap (frag case) to 15.145MB for 2823760-byte allocation
I/Choreographer( 1002): Skipped 103 frames!  The application may be doing too much work on its main thread.
D/InputEventConsistencyVerifier( 1002): KeyEvent: ACTION_UP but key was not down.
D/InputEventConsistencyVerifier( 1002):   in com.android.internal.policy.impl.PhoneWindow$DecorView@b3e66828
D/InputEventConsistencyVerifier( 1002):   0: sent at 291673000000, KeyEvent { action=ACTION_UP, keyCode=KEYCODE_DPAD_LEFT, scanCode=0, metaState=0, flags=0x8, repeatCount=0, eventTime=291673, downTime=291673, deviceId=-1, source=0x101 }
D/InputEventConsistencyVerifier( 1002):   -- recent events --
D/InputEventConsistencyVerifier( 1002):   1: sent at 291248000000, MotionEvent { action=ACTION_UP, id[0]=0, x[0]=205.0, y[0]=340.0, toolType[0]=TOOL_TYPE_UNKNOWN, buttonState=0, metaState=0, flags=0x0, edgeFlags=0x0, pointerCount=1, historySize=0, eventTime=291248, downTime=291243, deviceId=0, source=0x1002 }
D/InputEventConsistencyVerifier( 1002):   2: sent at 291243000000, MotionEvent { action=ACTION_DOWN, id[0]=0, x[0]=197.0, y[0]=324.0, toolType[0]=TOOL_TYPE_UNKNOWN, buttonState=0, metaState=0, flags=0x0, edgeFlags=0x0, pointerCount=1, historySize=0, eventTime=291243, downTime=291243, deviceId=0, source=0x1002 }
D/InputEventConsistencyVerifier( 1002):   3: sent at 291147000000, (unhandled) KeyEvent { action=ACTION_UP, keyCode=KEYCODE_DPAD_UP, scanCode=0, metaState=0, flags=0x8, repeatCount=0, eventTime=291147, downTime=291147, deviceId=-1, source=0x101 }
D/InputEventConsistencyVerifier( 1002):   4: sent at 291088000000, (unhandled) KeyEvent { action=ACTION_DOWN, keyCode=KEYCODE_DPAD_UP, scanCode=0, metaState=0, flags=0x8, repeatCount=0, eventTime=291088, downTime=291088, deviceId=-1, source=0x101 }
D/InputEventConsistencyVerifier( 1002):   5: sent at 291135000000, (unhandled) KeyEvent { action=ACTION_UP, keyCode=KEYCODE_DPAD_RIGHT, scanCode=0, metaState=0, flags=0x400, repeatCount=0, eventTime=291135, downTime=291135, deviceId=-1, source=0x101 }
I/dalvikvm-heap( 1002): Grow heap (frag case) to 15.142MB for 2823760-byte allocation
I/Choreographer( 1002): Skipped 86 frames!  The application may be doing too much work on its main thread.
E/WVMExtractor(   62): Failed to open libwvm.so
D/AudioSink(   62): bufferCount (4) is too small and increased to 12
D/InputEventConsistencyVerifier( 1002): KeyEvent: ACTION_UP but key was not down.
D/InputEventConsistencyVerifier( 1002):   in com.android.internal.policy.impl.PhoneWindow$DecorView@b3e66828
D/InputEventConsistencyVerifier( 1002):   0: sent at 292237000000, KeyEvent { action=ACTION_UP, keyCode=KEYCODE_DPAD_UP, scanCode=0, metaState=0, flags=0x8, repeatCount=0, eventTime=292237, downTime=292237, deviceId=-1, source=0x101 }
D/InputEventConsistencyVerifier( 1002):   -- recent events --
D/InputEventConsistencyVerifier( 1002):   1: sent at 291903000000, MotionEvent { action=ACTION_UP, id[0]=0, x[0]=144.0, y[0]=181.0, toolType[0]=TOOL_TYPE_UNKNOWN, buttonState=0, metaState=0, flags=0x0, edgeFlags=0x0, pointerCount=1, historySize=0, eventTime=291903, downTime=291858, deviceId=0, source=0x1002 }
D/InputEventConsistencyVerifier( 1002):   2: sent at 291899000000, MotionEvent { action=ACTION_POINTER_UP(1), id[0]=0, x[0]=138.0, y[0]=194.0, toolType[0]=TOOL_TYPE_UNKNOWN, id[1]=1, x[1]=192.0, y[1]=713.0, toolType[1]=TOOL_TYPE_UNKNOWN, buttonState=0, metaState=0, flags=0x0, edgeFlags=0x0, pointerCount=2, historySize=0, eventTime=291899, downTime=291858, deviceId=0, source=0x1002 }
D/InputEventConsistencyVerifier( 1002):   3: sent at 291896000000, MotionEvent { action=ACTION_MOVE, id[0]=0, x[0]=125.0, y[0]=196.0, toolType[0]=TOOL_TYPE_UNKNOWN, id[1]=1, x[1]=210.0, y[1]=709.0, toolType[1]=TOOL_TYPE_UNKNOWN, buttonState=0, metaState=0, flags=0x0, edgeFlags=0x0, pointerCount=2, historySize=1, eventTime=291896, downTime=291858, deviceId=0, source=0x1002 }
D/InputEventConsistencyVerifier( 1002):   4: sent at 291869000000, MotionEvent { action=ACTION_POINTER_DOWN(1), id[0]=0, x[0]=109.0, y[0]=218.0, toolType[0]=TOOL_TYPE_UNKNOWN, id[1]=1, x[1]=216.0, y[1]=695.0, toolType[1]=TOOL_TYPE_UNKNOWN, buttonState=0, metaState=0, flags=0x0, edgeFlags=0x0, pointerCount=2, historySize=0, eventTime=291869, downTime=291858, deviceId=0, source=0x1002 }
D/InputEventConsistencyVerifier( 1002):   5: sent at 291862000000, MotionEvent { action=ACTION_DOWN, id[0]=0, x[0]=95.0, y[0]=226.0, toolType[0]=TOOL_TYPE_UNKNOWN, buttonState=0, metaState=0, flags=0x0, edgeFlags=0x0, pointerCount=1, historySize=0, eventTime=291862, downTime=291858, deviceId=0, source=0x1002 }
I/dalvikvm-heap( 1002): Grow heap (frag case) to 15.142MB for 2823760-byte allocation
I/dalvikvm-heap( 1002): Grow heap (frag case) to 15.142MB for 2823760-byte allocation
E/WVMExtractor(   62): Failed to open libwvm.so
D/AudioSink(   62): bufferCount (4) is too small and increased to 12
I/Choreographer( 1002): Skipped 203 frames!  The application may be doing too much work on its main thread.
I/ActivityManager(  227): START {act=android.intent.action.MAIN cat=[android.intent.category.HOME] flg=0x10200000 cmp=com.android.launcher/com.android.launcher2.Launcher u=0} from pid 227
I/Choreographer( 1002): Skipped 52 frames!  The application may be doing too much work on its main thread.
D/InputEventConsistencyVerifier( 1002): KeyEvent: ACTION_UP but key was not down.
D/InputEventConsistencyVerifier( 1002):   in android.view.ViewRootImpl@b3e5dc50
D/InputEventConsistencyVerifier( 1002):   0: sent at 294014000000, KeyEvent { action=ACTION_UP, keyCode=KEYCODE_DPAD_UP, scanCode=0, metaState=0, flags=0x8, repeatCount=0, eventTime=294014, downTime=294014, deviceId=-1, source=0x101 }
D/InputEventConsistencyVerifier( 1002):   -- recent events --
D/InputEventConsistencyVerifier( 1002):   1: sent at 293555000000, KeyEvent { action=ACTION_UP, keyCode=KEYCODE_MENU, scanCode=0, metaState=0, flags=0x8, repeatCount=0, eventTime=293555, downTime=293555, deviceId=-1, source=0x101 }
D/InputEventConsistencyVerifier( 1002):   2: sent at 293476000000, KeyEvent { action=ACTION_DOWN, keyCode=KEYCODE_MENU, scanCode=0, metaState=0, flags=0x8, repeatCount=0, eventTime=293476, downTime=293476, deviceId=-1, source=0x101 }
D/InputEventConsistencyVerifier( 1002):   3: sent at 293350000000, KeyEvent { action=ACTION_UP, keyCode=KEYCODE_BUTTON_START, scanCode=0, metaState=0, flags=0x8, repeatCount=0, eventTime=293350, downTime=293350, deviceId=-1, source=0x101 }
D/InputEventConsistencyVerifier( 1002):   4: sent at 292650000000, KeyEvent { action=ACTION_DOWN, keyCode=KEYCODE_BUTTON_START, scanCode=0, metaState=0, flags=0x8, repeatCount=0, eventTime=292650, downTime=292650, deviceId=-1, source=0x101 }
D/InputEventConsistencyVerifier( 1002):   5: sent at 292643000000, MotionEvent { action=ACTION_UP, id[0]=0, x[0]=363.0, y[0]=5.0, toolType[0]=TOOL_TYPE_UNKNOWN, buttonState=0, metaState=0, flags=0x0, edgeFlags=0x0, pointerCount=1, historySize=0, eventTime=292643, downTime=292587, deviceId=0, source=0x1002 }
W/InputMethodManagerService(  227): Window already focused, ignoring focus gain of: com.android.internal.view.IInputMethodClient$Stub$Proxy@b40c3a68 attribute=null
I/Choreographer(  227): Skipped 35 frames!  The application may be doing too much work on its main thread.
I/dalvikvm-heap( 1002): Grow heap (frag case) to 15.150MB for 2823760-byte allocation
I/Choreographer( 1002): Skipped 210 frames!  The application may be doing too much work on its main thread.
D/InputEventConsistencyVerifier( 1002): KeyEvent: ACTION_UP but key was not down.
D/InputEventConsistencyVerifier( 1002):   in com.android.internal.policy.impl.PhoneWindow$DecorView@b3e66828
D/InputEventConsistencyVerifier( 1002):   0: sent at 294879000000, KeyEvent { action=ACTION_UP, keyCode=KEYCODE_DPAD_UP, scanCode=0, metaState=0, flags=0x8, repeatCount=0, eventTime=294879, downTime=294879, deviceId=-1, source=0x101 }
D/InputEventConsistencyVerifier( 1002):   -- recent events --
D/InputEventConsistencyVerifier( 1002):   1: sent at 294766000000, (unhandled) KeyEvent { action=ACTION_UP, keyCode=KEYCODE_ZENKAKU_HANKAKU, scanCode=0, metaState=0, flags=0x8, repeatCount=0, eventTime=294766, downTime=294766, deviceId=-1, source=0x101 }
D/InputEventConsistencyVerifier( 1002):   2: sent at 294043000000, (unhandled) KeyEvent { action=ACTION_DOWN, keyCode=KEYCODE_ZENKAKU_HANKAKU, scanCode=0, metaState=0, flags=0x8, repeatCount=0, eventTime=294043, downTime=294043, deviceId=-1, source=0x101 }
D/InputEventConsistencyVerifier( 1002):   3: sent at 294038000000, MotionEvent { action=ACTION_UP, id[0]=0, x[0]=253.0, y[0]=395.0, toolType[0]=TOOL_TYPE_UNKNOWN, buttonState=0, metaState=0, flags=0x0, edgeFlags=0x0, pointerCount=1, historySize=0, eventTime=294038, downTime=294022, deviceId=0, source=0x1002 }
D/InputEventConsistencyVerifier( 1002):   4: sent at 294035000000, MotionEvent { action=ACTION_MOVE, id[0]=0, x[0]=239.0, y[0]=401.0, toolType[0]=TOOL_TYPE_UNKNOWN, buttonState=0, metaState=0, flags=0x0, edgeFlags=0x0, pointerCount=1, historySize=3, eventTime=294035, downTime=294022, deviceId=0, source=0x1002 }
D/InputEventConsistencyVerifier( 1002):   5: sent at 294024000000, MotionEvent { action=ACTION_DOWN, id[0]=0, x[0]=216.0, y[0]=451.0, toolType[0]=TOOL_TYPE_UNKNOWN, buttonState=0, metaState=0, flags=0x0, edgeFlags=0x0, pointerCount=1, historySize=0, eventTime=294024, downTime=294022, deviceId=0, source=0x1002 }
E/WVMExtractor(   62): Failed to open libwvm.so
D/AudioSink(   62): bufferCount (4) is too small and increased to 12
I/dalvikvm-heap( 1002): Grow heap (frag case) to 15.141MB for 2823760-byte allocation
I/dalvikvm-heap( 1002): Grow heap (frag case) to 15.141MB for 2823760-byte allocation
I/dalvikvm-heap( 1002): Grow heap (frag case) to 15.142MB for 2823760-byte allocation
E/WVMExtractor(   62): Failed to open libwvm.so
D/AudioSink(   62): bufferCount (4) is too small and increased to 12
W/MediaPlayer( 1002): mediaplayer went away with unhandled events
I/Choreographer( 1002): Skipped 349 frames!  The application may be doing too much work on its main thread.
W/MediaPlayer( 1002): mediaplayer went away with unhandled events
I/dalvikvm-heap( 1002): Grow heap (frag case) to 15.148MB for 2823760-byte allocation
I/Choreographer( 1002): Skipped 115 frames!  The application may be doing too much work on its main thread.
I/ActivityManager(  227): START {act=android.intent.action.MAIN cat=[android.intent.category.LAUNCHER] flg=0x10000000 cmp=com.android.contacts/.activities.PeopleActivity sel={act=android.intent.action.MAIN cat=[android.intent.category.APP_CONTACTS]} u=0} from pid 227
E/WVMExtractor(   62): Failed to open libwvm.so
D/AudioSink(   62): bufferCount (4) is too small and increased to 12
I/dalvikvm-heap( 1002): Grow heap (frag case) to 15.150MB for 2823760-byte allocation
I/dalvikvm-heap( 1002): Grow heap (frag case) to 15.148MB for 2823760-byte allocation
E/WVMExtractor(   62): Failed to open libwvm.so
D/AudioSink(   62): bufferCount (4) is too small and increased to 12
I/dalvikvm-heap( 1002): Grow heap (frag case) to 15.149MB for 2823760-byte allocation
I/dalvikvm-heap( 1002): Grow heap (frag case) to 15.148MB for 2823760-byte allocation
D/InputEventConsistencyVerifier( 1002): KeyEvent: ACTION_UP but key was not down.
D/InputEventConsistencyVerifier( 1002):   in android.view.ViewRootImpl@b3e5dc50
D/InputEventConsistencyVerifier( 1002):   0: sent at 297526000000, KeyEvent { action=ACTION_UP, keyCode=KEYCODE_CONTACTS, scanCode=0, metaState=0, flags=0x8, repeatCount=0, eventTime=297526, downTime=297526, deviceId=-1, source=0x101 }
D/InputEventConsistencyVerifier( 1002):   -- recent events --
D/InputEventConsistencyVerifier( 1002):   1: sent at 297498000000, MotionEvent { action=ACTION_UP, id[0]=0, x[0]=167.0, y[0]=501.0, toolType[0]=TOOL_TYPE_UNKNOWN, buttonState=0, metaState=0, flags=0x0, edgeFlags=0x0, pointerCount=1, historySize=0, eventTime=297498, downTime=297450, deviceId=0, source=0x1002 }
D/InputEventConsistencyVerifier( 1002):   2: sent at 297496000000, MotionEvent { action=ACTION_POINTER_UP(1), id[0]=0, x[0]=164.0, y[0]=498.0, toolType[0]=TOOL_TYPE_UNKNOWN, id[1]=1, x[1]=41.0, y[1]=237.0, toolType[1]=TOOL_TYPE_UNKNOWN, buttonState=0, metaState=0, flags=0x0, edgeFlags=0x0, pointerCount=2, historySize=0, eventTime=297496, downTime=297450, deviceId=0, source=0x1002 }
D/InputEventConsistencyVerifier( 1002):   3: sent at 297494000000, MotionEvent { action=ACTION_MOVE, id[0]=0, x[0]=164.0, y[0]=496.0, toolType[0]=TOOL_TYPE_UNKNOWN, id[1]=1, x[1]=40.0, y[1]=237.0, toolType[1]=TOOL_TYPE_UNKNOWN, buttonState=0, metaState=0, flags=0x0, edgeFlags=0x0, pointerCount=2, historySize=4, eventTime=297494, downTime=297450, deviceId=0, source=0x1002 }
D/InputEventConsistencyVerifier( 1002):   4: sent at 297483000000, MotionEvent { action=ACTION_POINTER_DOWN(1), id[0]=0, x[0]=151.0, y[0]=480.0, toolType[0]=TOOL_TYPE_UNKNOWN, id[1]=1, x[1]=35.0, y[1]=235.0, toolType[1]=TOOL_TYPE_UNKNOWN, buttonState=0, metaState=0, flags=0x0, edgeFlags=0x0, pointerCount=2, historySize=0, eventTime=297483, downTime=297450, deviceId=0, source=0x1002 }
D/InputEventConsistencyVerifier( 1002):   5: sent at 297478000000, MotionEvent { action=ACTION_DOWN, id[0]=0, x[0]=149.0, y[0]=478.0, toolType[0]=TOOL_TYPE_UNKNOWN, buttonState=0, metaState=0, flags=0x0, edgeFlags=0x0, pointerCount=1, historySize=0, eventTime=297478, downTime=297450, deviceId=0, source=0x1002 }
I/Choreographer( 1002): Skipped 484 frames!  The application may be doing too much work on its main thread.
W/MediaPlayer( 1002): mediaplayer went away with unhandled events
W/MediaPlayer( 1002): mediaplayer went away with unhandled events
W/InputMethodManagerService(  227): Window already focused, ignoring focus gain of: com.android.internal.view.IInputMethodClient$Stub$Proxy@b426dc70 attribute=null
W/MediaPlayer( 1002): mediaplayer went away with unhandled events
W/MediaPlayer( 1002): mediaplayer went away with unhandled events
I/dalvikvm-heap( 1002): Grow heap (frag case) to 15.148MB for 2823760-byte allocation
E/WVMExtractor(   62): Failed to open libwvm.so
D/AudioSink(   62): bufferCount (4) is too small and increased to 12
I/dalvikvm-heap( 1002): Grow heap (frag case) to 15.143MB for 2823760-byte allocation
I/dalvikvm-heap( 1002): Grow heap (frag case) to 15.143MB for 2823760-byte allocation
E/WVMExtractor(   62): Failed to open libwvm.so
I/Choreographer( 1002): Skipped 312 frames!  The application may be doing too much work on its main thread.
D/AudioSink(   62): bufferCount (4) is too small and increased to 12
W/MediaPlayer( 1002): mediaplayer went away with unhandled events
W/MediaPlayer( 1002): mediaplayer went away with unhandled events
D/InputEventConsistencyVerifier( 1002): KeyEvent: ACTION_UP but key was not down.
D/InputEventConsistencyVerifier( 1002):   in com.android.internal.policy.impl.PhoneWindow$DecorView@b3e66828
D/InputEventConsistencyVerifier( 1002):   0: sent at 300724000000, KeyEvent { action=ACTION_UP, keyCode=KEYCODE_DPAD_LEFT, scanCode=0, metaState=0, flags=0x400, repeatCount=0, eventTime=300724, downTime=300724, deviceId=-1, source=0x101 }
D/InputEventConsistencyVerifier( 1002):   -- recent events --
D/InputEventConsistencyVerifier( 1002):   1: sent at 299337000000, (unhandled) MotionEvent { action=ACTION_MOVE, id[0]=0, x[0]=-1.0, y[0]=0.0, toolType[0]=TOOL_TYPE_UNKNOWN, buttonState=0, metaState=0, flags=0x0, edgeFlags=0x0, pointerCount=1, historySize=0, eventTime=299337, downTime=-1, deviceId=0, source=0x10004 }
D/InputEventConsistencyVerifier( 1002):   2: sent at 299306000000, (unhandled) MotionEvent { action=ACTION_MOVE, id[0]=0, x[0]=-4.0, y[0]=0.0, toolType[0]=TOOL_TYPE_UNKNOWN, buttonState=0, metaState=0, flags=0x0, edgeFlags=0x0, pointerCount=1, historySize=0, eventTime=299306, downTime=-1, deviceId=0, source=0x10004 }
D/InputEventConsistencyVerifier( 1002):   3: sent at 299401000000, MotionEvent { action=ACTION_UP, id[0]=0, x[0]=313.0, y[0]=307.0, toolType[0]=TOOL_TYPE_UNKNOWN, buttonState=0, metaState=0, flags=0x0, edgeFlags=0x0, pointerCount=1, historySize=0, eventTime=299401, downTime=299375, deviceId=0, source=0x1002 }
D/InputEventConsistencyVerifier( 1002):   4: sent at 299399000000, MotionEvent { action=ACTION_POINTER_UP(1), id[0]=0, x[0]=312.0, y[0]=304.0, toolType[0]=TOOL_TYPE_UNKNOWN, id[1]=1, x[1]=376.0, y[1]=498.0, toolType[1]=TOOL_TYPE_UNKNOWN, buttonState=0, metaState=0, flags=0x0, edgeFlags=0x0, pointerCount=2, historySize=0, eventTime=299399, downTime=299375, deviceId=0, source=0x1002 }
D/InputEventConsistencyVerifier( 1002):   5: sent at 299396000000, MotionEvent { action=ACTION_MOVE, id[0]=0, x[0]=310.0, y[0]=303.0, toolType[0]=TOOL_TYPE_UNKNOWN, id[1]=1, x[1]=360.0, y[1]=495.0, toolType[1]=TOOL_TYPE_UNKNOWN, buttonState=0, metaState=0, flags=0x0, edgeFlags=0x0, pointerCount=2, historySize=4, eventTime=299396, downTime=299375, deviceId=0, source=0x1002 }
I/dalvikvm-heap( 1002): Grow heap (frag case) to 15.146MB for 2823760-byte allocation
I/dalvikvm-heap( 1002): Grow heap (frag case) to 15.142MB for 2823760-byte allocation
E/WVMExtractor(   62): Failed to open libwvm.so
D/AudioSink(   62): bufferCount (4) is too small and increased to 12
I/Choreographer( 1002): Skipped 192 frames!  The application may be doing too much work on its main thread.
D/InputEventConsistencyVerifier( 1002): KeyEvent: ACTION_UP but key was not down.
D/InputEventConsistencyVerifier( 1002):   in com.android.internal.policy.impl.PhoneWindow$DecorView@b3e66828
D/InputEventConsistencyVerifier( 1002):   0: sent at 301837000000, KeyEvent { action=ACTION_UP, keyCode=KEYCODE_DPAD_LEFT, scanCode=0, metaState=0, flags=0x8, repeatCount=0, eventTime=301837, downTime=301837, deviceId=-1, source=0x101 }
D/InputEventConsistencyVerifier( 1002):   -- recent events --
D/InputEventConsistencyVerifier( 1002):   1: sent at 301210000000, MotionEvent { action=ACTION_UP, id[0]=0, x[0]=254.0, y[0]=520.0, toolType[0]=TOOL_TYPE_UNKNOWN, buttonState=0, metaState=0, flags=0x0, edgeFlags=0x0, pointerCount=1, historySize=0, eventTime=301210, downTime=301180, deviceId=0, source=0x1002 }
D/InputEventConsistencyVerifier( 1002):   2: sent at 301181000000, MotionEvent { action=ACTION_DOWN, id[0]=0, x[0]=255.0, y[0]=521.0, toolType[0]=TOOL_TYPE_UNKNOWN, buttonState=0, metaState=0, flags=0x0, edgeFlags=0x0, pointerCount=1, historySize=0, eventTime=301181, downTime=301180, deviceId=0, source=0x1002 }
D/InputEventConsistencyVerifier( 1002):   3: sent at 301174000000, MotionEvent { action=ACTION_UP, id[0]=0, x[0]=244.0, y[0]=616.0, toolType[0]=TOOL_TYPE_UNKNOWN, buttonState=0, metaState=0, flags=0x0, edgeFlags=0x0, pointerCount=1, historySize=0, eventTime=301174, downTime=301168, deviceId=0, source=0x1002 }
D/InputEventConsistencyVerifier( 1002):   4: sent at 301169000000, MotionEvent { action=ACTION_DOWN, id[0]=0, x[0]=235.0, y[0]=634.0, toolType[0]=TOOL_TYPE_UNKNOWN, buttonState=0, metaState=0, flags=0x0, edgeFlags=0x0, pointerCount=1, historySize=0, eventTime=301169, downTime=301168, deviceId=0, source=0x1002 }
D/InputEventConsistencyVerifier( 1002):   5: sent at 300733000000, (unhandled) KeyEvent { action=ACTION_UP, keyCode=KEYCODE_DPAD_CENTER, scanCode=0, metaState=0, flags=0x8, repeatCount=0, eventTime=300733, downTime=300733, deviceId=-1, source=0x101 }
I/dalvikvm-heap( 1002): Grow heap (frag case) to 15.144MB for 2823760-byte allocation
I/dalvikvm-heap( 1002): Grow heap (frag case) to 15.142MB for 2823760-byte allocation
E/WVMExtractor(   62): Failed to open libwvm.so
I/Choreographer( 1002): Skipped 197 frames!  The application may be doing too much work on its main thread.
D/AudioSink(   62): bufferCount (4) is too small and increased to 12
D/InputEventConsistencyVerifier( 1002): KeyEvent: ACTION_UP but key was not down.
D/InputEventConsistencyVerifier( 1002):   in com.android.internal.policy.impl.PhoneWindow$DecorView@b3e66828
D/InputEventConsistencyVerifier( 1002):   0: sent at 302949000000, KeyEvent { action=ACTION_UP, keyCode=KEYCODE_DPAD_DOWN, scanCode=0, metaState=0, flags=0x400, repeatCount=0, eventTime=302949, downTime=302949, deviceId=-1, source=0x101 }
D/InputEventConsistencyVerifier( 1002):   -- recent events --
D/InputEventConsistencyVerifier( 1002):   1: sent at 302292000000, (unhandled) MotionEvent { action=ACTION_MOVE, id[0]=0, x[0]=-2.0, y[0]=4.0, toolType[0]=TOOL_TYPE_UNKNOWN, buttonState=0, metaState=0, flags=0x0, edgeFlags=0x0, pointerCount=1, historySize=9, eventTime=302292, downTime=-1, deviceId=0, source=0x10004 }
D/InputEventConsistencyVerifier( 1002):   2: sent at 302256000000, MotionEvent { action=ACTION_UP, id[0]=0, x[0]=59.0, y[0]=282.0, toolType[0]=TOOL_TYPE_UNKNOWN, buttonState=0, metaState=0, flags=0x0, edgeFlags=0x0, pointerCount=1, historySize=0, eventTime=302256, downTime=302210, deviceId=0, source=0x1002 }
D/InputEventConsistencyVerifier( 1002):   3: sent at 302210000000, MotionEvent { action=ACTION_DOWN, id[0]=0, x[0]=52.0, y[0]=281.0, toolType[0]=TOOL_TYPE_UNKNOWN, buttonState=0, metaState=0, flags=0x0, edgeFlags=0x0, pointerCount=1, historySize=0, eventTime=302210, downTime=302210, deviceId=0, source=0x1002 }
D/InputEventConsistencyVerifier( 1002):   4: sent at 302204000000, MotionEvent { action=ACTION_UP, id[0]=0, x[0]=165.0, y[0]=142.0, toolType[0]=TOOL_TYPE_UNKNOWN, buttonState=0, metaState=0, flags=0x0, edgeFlags=0x0, pointerCount=1, historySize=0, eventTime=302204, downTime=302196, deviceId=0, source=0x1002 }
D/InputEventConsistencyVerifier( 1002):   5: sent at 302196000000, MotionEvent { action=ACTION_DOWN, id[0]=0, x[0]=155.0, y[0]=143.0, toolType[0]=TOOL_TYPE_UNKNOWN, buttonState=0, metaState=0, flags=0x0, edgeFlags=0x0, pointerCount=1, historySize=0, eventTime=302196, downTime=302196, deviceId=0, source=0x1002 }
D/InputEventConsistencyVerifier( 1002): TrackballEvent: Trackball is down but pressure is not greater than 0.
D/InputEventConsistencyVerifier( 1002):   in android.view.ViewRootImpl@b3e5dc50
D/InputEventConsistencyVerifier( 1002):   0: sent at 302294000000, MotionEvent { action=ACTION_DOWN, id[0]=0, x[0]=0.0, y[0]=0.0, toolType[0]=TOOL_TYPE_UNKNOWN, buttonState=0, metaState=0, flags=0x0, edgeFlags=0x0, pointerCount=1, historySize=0, eventTime=302294, downTime=302266, deviceId=0, source=0x10004 }
D/InputEventConsistencyVerifier( 1002):   -- recent events --
D/InputEventConsistencyVerifier( 1002):   1: sent at 302953000000, KeyEvent { action=ACTION_UP, keyCode=KEYCODE_DPAD_DOWN, scanCode=0, metaState=0, flags=0x400, repeatCount=0, eventTime=302953, downTime=302953, deviceId=-1, source=0x101 }
D/InputEventConsistencyVerifier( 1002):   2: sent at 302953000000, KeyEvent { action=ACTION_DOWN, keyCode=KEYCODE_DPAD_DOWN, scanCode=0, metaState=0, flags=0x400, repeatCount=0, eventTime=302953, downTime=302953, deviceId=-1, source=0x101 }
D/InputEventConsistencyVerifier( 1002):   3: sent at 302952000000, KeyEvent { action=ACTION_UP, keyCode=KEYCODE_DPAD_DOWN, scanCode=0, metaState=0, flags=0x400, repeatCount=0, eventTime=302952, downTime=302952, deviceId=-1, source=0x101 }
D/InputEventConsistencyVerifier( 1002):   4: sent at 302952000000, KeyEvent { action=ACTION_DOWN, keyCode=KEYCODE_DPAD_DOWN, scanCode=0, metaState=0, flags=0x400, repeatCount=0, eventTime=302952, downTime=302952, deviceId=-1, source=0x101 }
D/InputEventConsistencyVerifier( 1002):   5: sent at 302951000000, KeyEvent { action=ACTION_UP, keyCode=KEYCODE_DPAD_DOWN, scanCode=0, metaState=0, flags=0x400, repeatCount=0, eventTime=302951, downTime=302951, deviceId=-1, source=0x101 }
I/dalvikvm-heap( 1002): Grow heap (frag case) to 15.152MB for 2823760-byte allocation
I/Choreographer( 1002): Skipped 104 frames!  The application may be doing too much work on its main thread.
D/InputEventConsistencyVerifier( 1002): KeyEvent: ACTION_UP but key was not down.
D/InputEventConsistencyVerifier( 1002):   in android.view.ViewRootImpl@b41e8220
D/InputEventConsistencyVerifier( 1002):   0: sent at 304031000000, KeyEvent { action=ACTION_UP, keyCode=KEYCODE_LANGUAGE_SWITCH, scanCode=0, metaState=0, flags=0x8, repeatCount=0, eventTime=304031, downTime=304031, deviceId=-1, source=0x101 }
D/InputEventConsistencyVerifier( 1002):   -- recent events --
D/InputEventConsistencyVerifier( 1002):   1: sent at 304021000000, MotionEvent { action=ACTION_UP, id[0]=0, x[0]=20.0, y[0]=-744.0, toolType[0]=TOOL_TYPE_UNKNOWN, buttonState=0, metaState=0, flags=0x0, edgeFlags=0x0, pointerCount=1, historySize=0, eventTime=304021, downTime=304014, deviceId=0, source=0x1002 }
D/InputEventConsistencyVerifier( 1002):   2: sent at 304014000000, MotionEvent { action=ACTION_DOWN, id[0]=0, x[0]=34.0, y[0]=-740.0, toolType[0]=TOOL_TYPE_UNKNOWN, buttonState=0, metaState=0, flags=0x0, edgeFlags=0x0, pointerCount=1, historySize=0, eventTime=304014, downTime=304014, deviceId=0, source=0x1002 }
D/InputEventConsistencyVerifier( 1002):   3: sent at 304002000000, KeyEvent { action=ACTION_UP, keyCode=KEYCODE_DPAD_CENTER, scanCode=0, metaState=0, flags=0x8, repeatCount=0, eventTime=304002, downTime=304002, deviceId=-1, source=0x101 }
D/InputEventConsistencyVerifier( 1002):   4: sent at 303973000000, KeyEvent { action=ACTION_DOWN, keyCode=KEYCODE_DPAD_CENTER, scanCode=0, metaState=0, flags=0x8, repeatCount=0, eventTime=303973, downTime=303973, deviceId=-1, source=0x101 }
D/InputEventConsistencyVerifier( 1002):   5: sent at 303965000000, KeyEvent { action=ACTION_UP, keyCode=KEYCODE_MENU, scanCode=0, metaState=0, flags=0x8, repeatCount=0, eventTime=303965, downTime=303965, deviceId=-1, source=0x101 }
I/Choreographer( 1002): Skipped 64 frames!  The application may be doing too much work on its main thread.
I/ActivityManager(  227): START {act=android.intent.action.MAIN cat=[android.intent.category.LAUNCHER] flg=0x10200000 cmp=com.typ3studios.mosquito/.Mosquito u=0} from pid 980
I/Choreographer( 1002): Skipped 55 frames!  The application may be doing too much work on its main thread.
W/InputMethodManagerService(  227): Window already focused, ignoring focus gain of: com.android.internal.view.IInputMethodClient$Stub$Proxy@b3f7b748 attribute=null
D/InputEventConsistencyVerifier( 1002): TrackballEvent: Trackball is down but pressure is not greater than 0.
D/InputEventConsistencyVerifier( 1002):   in android.view.ViewRootImpl@b41c9340
D/InputEventConsistencyVerifier( 1002):   0: sent at 305578000000, MotionEvent { action=ACTION_DOWN, id[0]=0, x[0]=0.0, y[0]=0.0, toolType[0]=TOOL_TYPE_UNKNOWN, buttonState=0, metaState=0, flags=0x0, edgeFlags=0x0, pointerCount=1, historySize=0, eventTime=305578, downTime=305530, deviceId=0, source=0x10004 }
D/InputEventConsistencyVerifier( 1002):   -- recent events --
D/InputEventConsistencyVerifier( 1002):   1: sent at 305602000000, KeyEvent { action=ACTION_UP, keyCode=KEYCODE_DPAD_LEFT, scanCode=0, metaState=0, flags=0x400, repeatCount=0, eventTime=305602, downTime=305602, deviceId=-1, source=0x101 }
D/InputEventConsistencyVerifier( 1002):   2: sent at 305602000000, KeyEvent { action=ACTION_DOWN, keyCode=KEYCODE_DPAD_LEFT, scanCode=0, metaState=0, flags=0x400, repeatCount=0, eventTime=305602, downTime=305602, deviceId=-1, source=0x101 }
D/InputEventConsistencyVerifier( 1002):   3: sent at 305590000000, KeyEvent { action=ACTION_UP, keyCode=KEYCODE_DPAD_LEFT, scanCode=0, metaState=0, flags=0x400, repeatCount=0, eventTime=305590, downTime=305590, deviceId=-1, source=0x101 }
D/InputEventConsistencyVerifier( 1002):   4: sent at 305590000000, KeyEvent { action=ACTION_DOWN, keyCode=KEYCODE_DPAD_LEFT, scanCode=0, metaState=0, flags=0x400, repeatCount=0, eventTime=305590, downTime=305590, deviceId=-1, source=0x101 }
D/InputEventConsistencyVerifier( 1002):   5: sent at 305574000000, MotionEvent { action=ACTION_MOVE, id[0]=0, x[0]=-2.0, y[0]=1.0, toolType[0]=TOOL_TYPE_UNKNOWN, buttonState=0, metaState=0, flags=0x0, edgeFlags=0x0, pointerCount=1, historySize=9, eventTime=305574, downTime=-1, deviceId=0, source=0x10004 }
W/InputMethodManagerService(  227): Window already focused, ignoring focus gain of: com.android.internal.view.IInputMethodClient$Stub$Proxy@b409de20 attribute=null
D/InputEventConsistencyVerifier( 1002): KeyEvent: ACTION_UP but key was not down.
D/InputEventConsistencyVerifier( 1002):   in android.view.ViewRootImpl@b3e5dc50
D/InputEventConsistencyVerifier( 1002):   0: sent at 306121000000, KeyEvent { action=ACTION_UP, keyCode=KEYCODE_DPAD_CENTER, scanCode=0, metaState=0, flags=0x8, repeatCount=0, eventTime=306121, downTime=306121, deviceId=-1, source=0x101 }
D/InputEventConsistencyVerifier( 1002):   -- recent events --
D/InputEventConsistencyVerifier( 1002):   1: sent at 305397000000, KeyEvent { action=ACTION_UP, keyCode=KEYCODE_MENU, scanCode=0, metaState=0, flags=0x8, repeatCount=0, eventTime=305397, downTime=305397, deviceId=-1, source=0x101 }
D/InputEventConsistencyVerifier( 1002):   2: sent at 305357000000, KeyEvent { action=ACTION_DOWN, keyCode=KEYCODE_MENU, scanCode=0, metaState=0, flags=0x8, repeatCount=0, eventTime=305357, downTime=305357, deviceId=-1, source=0x101 }
D/InputEventConsistencyVerifier( 1002):   3: sent at 305317000000, KeyEvent { action=ACTION_UP, keyCode=KEYCODE_DPAD_CENTER, scanCode=0, metaState=0, flags=0x8, repeatCount=0, eventTime=305317, downTime=305317, deviceId=-1, source=0x101 }
