D/InputEventConsistencyVerifier( 1002):   2: sent at 234374000000, MotionEvent { action=ACTION_DOWN, id[0]=0, x[0]=66.0, y[0]=52.0, toolType[0]=TOOL_TYPE_UNKNOWN, buttonState=0, metaState=0, flags=0x0, edgeFlags=0x0, pointerCount=1, historySize=0, eventTime=234374, downTime=234373, deviceId=0, source=0x1002 }
D/InputEventConsistencyVerifier( 1002):   3: sent at 234342000000, (unhandled) KeyEvent { action=ACTION_UP, keyCode=KEYCODE_DPAD_DOWN, scanCode=0, metaState=0, flags=0x80000008, repeatCount=0, eventTime=234342, downTime=234342, deviceId=-1, source=0x101 }
D/InputEventConsistencyVerifier( 1002):   4: sent at 234143000000, (unhandled) MotionEvent { action=ACTION_MOVE, id[0]=0, x[0]=-1.0, y[0]=-1.0, toolType[0]=TOOL_TYPE_UNKNOWN, buttonState=0, metaState=0, flags=0x0, edgeFlags=0x0, pointerCount=1, historySize=9, eventTime=234143, downTime=-1, deviceId=0, source=0x10004 }
D/InputEventConsistencyVerifier( 1002):   5: sent at 234082000000, (unhandled) KeyEvent { action=ACTION_UP, keyCode=KEYCODE_DPAD_LEFT, scanCode=0, metaState=0, flags=0x80000008, repeatCount=0, eventTime=234082, downTime=234082, deviceId=-1, source=0x101 }
I/dalvikvm-heap( 1002): Grow heap (frag case) to 15.142MB for 2823760-byte allocation
E/WVMExtractor(   62): Failed to open libwvm.so
D/AudioSink(   62): bufferCount (4) is too small and increased to 12
I/dalvikvm-heap( 1002): Grow heap (frag case) to 15.140MB for 2823760-byte allocation
I/Choreographer( 1002): Skipped 197 frames!  The application may be doing too much work on its main thread.
W/MediaPlayer( 1002): mediaplayer went away with unhandled events
W/MediaPlayer( 1002): mediaplayer went away with unhandled events
D/InputEventConsistencyVerifier( 1002): KeyEvent: ACTION_UP but key was not down.
D/InputEventConsistencyVerifier( 1002):   in com.android.internal.policy.impl.PhoneWindow$DecorView@b3e66828
D/InputEventConsistencyVerifier( 1002):   0: sent at 235843000000, KeyEvent { action=ACTION_UP, keyCode=KEYCODE_DPAD_CENTER, scanCode=0, metaState=0, flags=0x8, repeatCount=0, eventTime=235843, downTime=235843, deviceId=-1, source=0x101 }
D/InputEventConsistencyVerifier( 1002):   -- recent events --
D/InputEventConsistencyVerifier( 1002):   1: sent at 235096000000, MotionEvent { action=ACTION_UP, id[0]=0, x[0]=311.0, y[0]=318.0, toolType[0]=TOOL_TYPE_UNKNOWN, buttonState=0, metaState=0, flags=0x0, edgeFlags=0x0, pointerCount=1, historySize=0, eventTime=235096, downTime=235091, deviceId=0, source=0x1002 }
D/InputEventConsistencyVerifier( 1002):   2: sent at 235092000000, MotionEvent { action=ACTION_DOWN, id[0]=0, x[0]=304.0, y[0]=319.0, toolType[0]=TOOL_TYPE_UNKNOWN, buttonState=0, metaState=0, flags=0x0, edgeFlags=0x0, pointerCount=1, historySize=0, eventTime=235092, downTime=235091, deviceId=0, source=0x1002 }
D/InputEventConsistencyVerifier( 1002):   3: sent at 235084000000, MotionEvent { action=ACTION_UP, id[0]=0, x[0]=59.0, y[0]=662.0, toolType[0]=TOOL_TYPE_UNKNOWN, buttonState=0, metaState=0, flags=0x0, edgeFlags=0x0, pointerCount=1, historySize=0, eventTime=235084, downTime=235051, deviceId=0, source=0x1002 }
D/InputEventConsistencyVerifier( 1002):   4: sent at 235082000000, MotionEvent { action=ACTION_MOVE, id[0]=0, x[0]=59.0, y[0]=675.0, toolType[0]=TOOL_TYPE_UNKNOWN, buttonState=0, metaState=0, flags=0x0, edgeFlags=0x0, pointerCount=1, historySize=4, eventTime=235082, downTime=235051, deviceId=0, source=0x1002 }
D/InputEventConsistencyVerifier( 1002):   5: sent at 235054000000, MotionEvent { action=ACTION_DOWN, id[0]=0, x[0]=90.0, y[0]=714.0, toolType[0]=TOOL_TYPE_UNKNOWN, buttonState=0, metaState=0, flags=0x0, edgeFlags=0x0, pointerCount=1, historySize=0, eventTime=235054, downTime=235051, deviceId=0, source=0x1002 }
I/ActivityManager(  227): START {act=android.intent.action.CALL_BUTTON flg=0x10000000 cmp=com.android.contacts/.activities.DialtactsActivity u=0} from pid 1002
I/dalvikvm-heap( 1002): Grow heap (frag case) to 15.142MB for 2823760-byte allocation
I/dalvikvm-heap( 1002): Grow heap (frag case) to 15.140MB for 2823760-byte allocation
E/WVMExtractor(   62): Failed to open libwvm.so
D/AudioSink(   62): bufferCount (4) is too small and increased to 12
I/dalvikvm-heap( 1002): Grow heap (frag case) to 15.139MB for 2823760-byte allocation
I/Choreographer( 1002): Skipped 268 frames!  The application may be doing too much work on its main thread.
W/MediaPlayer( 1002): mediaplayer went away with unhandled events
W/MediaPlayer( 1002): mediaplayer went away with unhandled events
D/InputEventConsistencyVerifier( 1002): KeyEvent: ACTION_UP but key was not down.
D/InputEventConsistencyVerifier( 1002):   in com.android.internal.policy.impl.PhoneWindow$DecorView@b3e66828
D/InputEventConsistencyVerifier( 1002):   0: sent at 237405000000, KeyEvent { action=ACTION_UP, keyCode=KEYCODE_DPAD_LEFT, scanCode=0, metaState=0, flags=0x400, repeatCount=0, eventTime=237405, downTime=237405, deviceId=-1, source=0x101 }
D/InputEventConsistencyVerifier( 1002):   -- recent events --
D/InputEventConsistencyVerifier( 1002):   1: sent at 236437000000, (unhandled) MotionEvent { action=ACTION_MOVE, id[0]=0, x[0]=-4.0, y[0]=0.0, toolType[0]=TOOL_TYPE_UNKNOWN, buttonState=0, metaState=0, flags=0x0, edgeFlags=0x0, pointerCount=1, historySize=9, eventTime=236437, downTime=-1, deviceId=0, source=0x10004 }
D/InputEventConsistencyVerifier( 1002):   2: sent at 236348000000, MotionEvent { action=ACTION_UP, id[0]=0, x[0]=258.0, y[0]=407.0, toolType[0]=TOOL_TYPE_UNKNOWN, buttonState=0, metaState=0, flags=0x0, edgeFlags=0x0, pointerCount=1, historySize=0, eventTime=236348, downTime=236344, deviceId=0, source=0x1002 }
D/InputEventConsistencyVerifier( 1002):   3: sent at 236344000000, MotionEvent { action=ACTION_DOWN, id[0]=0, x[0]=259.0, y[0]=402.0, toolType[0]=TOOL_TYPE_UNKNOWN, buttonState=0, metaState=0, flags=0x0, edgeFlags=0x0, pointerCount=1, historySize=0, eventTime=236344, downTime=236344, deviceId=0, source=0x1002 }
D/InputEventConsistencyVerifier( 1002):   4: sent at 236337000000, MotionEvent { action=ACTION_UP, id[0]=0, x[0]=61.0, y[0]=450.0, toolType[0]=TOOL_TYPE_UNKNOWN, buttonState=0, metaState=0, flags=0x0, edgeFlags=0x0, pointerCount=1, historySize=0, eventTime=236337, downTime=236332, deviceId=0, source=0x1002 }
D/InputEventConsistencyVerifier( 1002):   5: sent at 236332000000, MotionEvent { action=ACTION_DOWN, id[0]=0, x[0]=62.0, y[0]=450.0, toolType[0]=TOOL_TYPE_UNKNOWN, buttonState=0, metaState=0, flags=0x0, edgeFlags=0x0, pointerCount=1, historySize=0, eventTime=236332, downTime=236332, deviceId=0, source=0x1002 }
D/InputEventConsistencyVerifier( 1002): KeyEvent: ACTION_UP but key was not down.
D/InputEventConsistencyVerifier( 1002):   in android.view.ViewRootImpl@b3e5dc50
D/InputEventConsistencyVerifier( 1002):   0: sent at 238397000000, KeyEvent { action=ACTION_UP, keyCode=KEYCODE_M, scanCode=0, metaState=0, flags=0x8, repeatCount=0, eventTime=238397, downTime=238397, deviceId=-1, source=0x101 }
D/InputEventConsistencyVerifier( 1002):   -- recent events --
D/InputEventConsistencyVerifier( 1002):   1: sent at 237751000000, KeyEvent { action=ACTION_UP, keyCode=KEYCODE_MENU, scanCode=0, metaState=0, flags=0x8, repeatCount=0, eventTime=237751, downTime=237751, deviceId=-1, source=0x101 }
D/InputEventConsistencyVerifier( 1002):   2: sent at 237729000000, KeyEvent { action=ACTION_DOWN, keyCode=KEYCODE_MENU, scanCode=0, metaState=0, flags=0x8, repeatCount=0, eventTime=237729, downTime=237729, deviceId=-1, source=0x101 }
D/InputEventConsistencyVerifier( 1002):   3: sent at 237421000000, KeyEvent { action=ACTION_UP, keyCode=KEYCODE_DPAD_CENTER, scanCode=0, metaState=0, flags=0x8, repeatCount=0, eventTime=237421, downTime=237421, deviceId=-1, source=0x101 }
D/InputEventConsistencyVerifier( 1002):   4: sent at 236439000000, KeyEvent { action=ACTION_DOWN, keyCode=KEYCODE_DPAD_CENTER, scanCode=0, metaState=0, flags=0x8, repeatCount=0, eventTime=236439, downTime=236439, deviceId=-1, source=0x101 }
D/InputEventConsistencyVerifier( 1002):   5: sent at 237408000000, KeyEvent { action=ACTION_UP, keyCode=KEYCODE_DPAD_LEFT, scanCode=0, metaState=0, flags=0x400, repeatCount=0, eventTime=237408, downTime=237408, deviceId=-1, source=0x101 }
W/InputMethodManagerService(  227): Window already focused, ignoring focus gain of: com.android.internal.view.IInputMethodClient$Stub$Proxy@b4137ef8 attribute=null
W/DroidBox( 1150): DroidBox: { "ServiceStart": { "name": "com.android.music.MediaPlaybackService" } }
W/DroidBox( 1150): DroidBox: { "ServiceStart": { "name": "com.android.music.MediaPlaybackService" } }
I/AudioService(  227):  AudioFocus  requestAudioFocus() from android.media.AudioManager@b3e7cdb0com.android.music.MediaPlaybackService$3@b3e7b300
I/AudioService(  227):   Remote Control   registerMediaButtonIntent() for PendingIntent{b412a228: PendingIntentRecord{b3f7afa8 com.android.music broadcastIntent}}
I/Choreographer( 1002): Skipped 44 frames!  The application may be doing too much work on its main thread.
I/dalvikvm-heap( 1002): Grow heap (frag case) to 15.160MB for 2823760-byte allocation
E/WVMExtractor(   62): Failed to open libwvm.so
D/AudioSink(   62): bufferCount (4) is too small and increased to 12
I/dalvikvm-heap( 1002): Grow heap (frag case) to 15.148MB for 2823760-byte allocation
I/dalvikvm-heap( 1002): Grow heap (frag case) to 15.146MB for 2823760-byte allocation
I/dalvikvm-heap( 1002): Grow heap (frag case) to 15.148MB for 2823760-byte allocation
E/WVMExtractor(   62): Failed to open libwvm.so
D/AudioSink(   62): bufferCount (4) is too small and increased to 12
I/dalvikvm-heap( 1002): Grow heap (frag case) to 15.147MB for 2823760-byte allocation
I/qtaguid (  227): Failed write_ctrl(s 1 10050) res=-1 errno=1
W/NetworkManagementSocketTagger(  227): setKernelCountSet(10050, 1) failed with errno -1
I/qtaguid (  227): Failed write_ctrl(s 0 10019) res=-1 errno=1
W/NetworkManagementSocketTagger(  227): setKernelCountSet(10019, 0) failed with errno -1
I/Choreographer( 1002): Skipped 596 frames!  The application may be doing too much work on its main thread.
W/MediaPlayer( 1002): mediaplayer went away with unhandled events
W/MediaPlayer( 1002): mediaplayer went away with unhandled events
W/InputMethodManagerService(  227): Window already focused, ignoring focus gain of: com.android.internal.view.IInputMethodClient$Stub$Proxy@b408ec50 attribute=android.view.inputmethod.EditorInfo@b41acae0
W/MediaPlayer( 1002): mediaplayer went away with unhandled events
W/MediaPlayer( 1002): mediaplayer went away with unhandled events
I/dalvikvm-heap( 1002): Grow heap (frag case) to 15.145MB for 2823760-byte allocation
I/Choreographer( 1002): Skipped 113 frames!  The application may be doing too much work on its main thread.
E/WVMExtractor(   62): Failed to open libwvm.so
D/AudioSink(   62): bufferCount (4) is too small and increased to 12
D/InputEventConsistencyVerifier( 1002): KeyEvent: ACTION_UP but key was not down.
D/InputEventConsistencyVerifier( 1002):   in com.android.internal.policy.impl.PhoneWindow$DecorView@b3e66828
D/InputEventConsistencyVerifier( 1002):   0: sent at 242561000000, KeyEvent { action=ACTION_UP, keyCode=KEYCODE_DPAD_UP, scanCode=0, metaState=0, flags=0x8, repeatCount=0, eventTime=242561, downTime=242561, deviceId=-1, source=0x101 }
D/InputEventConsistencyVerifier( 1002):   -- recent events --
D/InputEventConsistencyVerifier( 1002):   1: sent at 242022000000, (unhandled) MotionEvent { action=ACTION_MOVE, id[0]=0, x[0]=0.0, y[0]=-1.0, toolType[0]=TOOL_TYPE_UNKNOWN, buttonState=0, metaState=0, flags=0x0, edgeFlags=0x0, pointerCount=1, historySize=9, eventTime=242022, downTime=-1, deviceId=0, source=0x10004 }
D/InputEventConsistencyVerifier( 1002):   2: sent at 241969000000, MotionEvent { action=ACTION_UP, id[0]=0, x[0]=253.0, y[0]=552.0, toolType[0]=TOOL_TYPE_UNKNOWN, buttonState=0, metaState=0, flags=0x0, edgeFlags=0x0, pointerCount=1, historySize=0, eventTime=241969, downTime=241963, deviceId=0, source=0x1002 }
D/InputEventConsistencyVerifier( 1002):   3: sent at 241964000000, MotionEvent { action=ACTION_DOWN, id[0]=0, x[0]=255.0, y[0]=553.0, toolType[0]=TOOL_TYPE_UNKNOWN, buttonState=0, metaState=0, flags=0x0, edgeFlags=0x0, pointerCount=1, historySize=0, eventTime=241964, downTime=241963, deviceId=0, source=0x1002 }
D/InputEventConsistencyVerifier( 1002):   4: sent at 241940000000, (unhandled) KeyEvent { action=ACTION_UP, keyCode=KEYCODE_DPAD_UP, scanCode=0, metaState=0, flags=0x8, repeatCount=0, eventTime=241940, downTime=241940, deviceId=-1, source=0x101 }
D/InputEventConsistencyVerifier( 1002):   5: sent at 241905000000, (unhandled) KeyEvent { action=ACTION_DOWN, keyCode=KEYCODE_DPAD_UP, scanCode=0, metaState=0, flags=0x8, repeatCount=0, eventTime=241905, downTime=241905, deviceId=-1, source=0x101 }
I/dalvikvm-heap( 1002): Grow heap (frag case) to 15.149MB for 2823760-byte allocation
I/dalvikvm-heap( 1002): Grow heap (frag case) to 15.148MB for 2823760-byte allocation
E/WVMExtractor(   62): Failed to open libwvm.so
I/Choreographer( 1002): Skipped 185 frames!  The application may be doing too much work on its main thread.
D/AudioSink(   62): bufferCount (4) is too small and increased to 12
D/InputEventConsistencyVerifier( 1002): KeyEvent: ACTION_UP but key was not down.
D/InputEventConsistencyVerifier( 1002):   in android.view.ViewRootImpl@b3e5dc50
D/InputEventConsistencyVerifier( 1002):   0: sent at 244448000000, KeyEvent { action=ACTION_UP, keyCode=KEYCODE_DPAD_CENTER, scanCode=0, metaState=0, flags=0x8, repeatCount=0, eventTime=244448, downTime=244448, deviceId=-1, source=0x101 }
D/InputEventConsistencyVerifier( 1002):   -- recent events --
D/InputEventConsistencyVerifier( 1002):   1: sent at 243271000000, MotionEvent { action=ACTION_UP, id[0]=0, x[0]=423.0, y[0]=74.0, toolType[0]=TOOL_TYPE_UNKNOWN, buttonState=0, metaState=0, flags=0x0, edgeFlags=0x0, pointerCount=1, historySize=0, eventTime=243271, downTime=243266, deviceId=0, source=0x1002 }
D/InputEventConsistencyVerifier( 1002):   2: sent at 243267000000, MotionEvent { action=ACTION_DOWN, id[0]=0, x[0]=423.0, y[0]=76.0, toolType[0]=TOOL_TYPE_UNKNOWN, buttonState=0, metaState=0, flags=0x0, edgeFlags=0x0, pointerCount=1, historySize=0, eventTime=243267, downTime=243266, deviceId=0, source=0x1002 }
D/InputEventConsistencyVerifier( 1002):   3: sent at 243123000000, MotionEvent { action=ACTION_UP, id[0]=0, x[0]=350.0, y[0]=319.0, toolType[0]=TOOL_TYPE_UNKNOWN, buttonState=0, metaState=0, flags=0x0, edgeFlags=0x0, pointerCount=1, historySize=0, eventTime=243123, downTime=243117, deviceId=0, source=0x1002 }
D/InputEventConsistencyVerifier( 1002):   4: sent at 243118000000, MotionEvent { action=ACTION_DOWN, id[0]=0, x[0]=346.0, y[0]=325.0, toolType[0]=TOOL_TYPE_UNKNOWN, buttonState=0, metaState=0, flags=0x0, edgeFlags=0x0, pointerCount=1, historySize=0, eventTime=243118, downTime=243117, deviceId=0, source=0x1002 }
D/InputEventConsistencyVerifier( 1002):   5: sent at 243040000000, KeyEvent { action=ACTION_UP, keyCode=KEYCODE_MENU, scanCode=0, metaState=0, flags=0x8, repeatCount=0, eventTime=243040, downTime=243040, deviceId=-1, source=0x101 }
I/Choreographer( 1002): Skipped 41 frames!  The application may be doing too much work on its main thread.
W/InputMethodManagerService(  227): Window already focused, ignoring focus gain of: com.android.internal.view.IInputMethodClient$Stub$Proxy@b412bde0 attribute=null
I/dalvikvm-heap( 1002): Grow heap (frag case) to 15.146MB for 2823760-byte allocation
D/InputEventConsistencyVerifier( 1002): KeyEvent: ACTION_UP but key was not down.
D/InputEventConsistencyVerifier( 1002):   in com.android.internal.policy.impl.PhoneWindow$DecorView@b3e66828
D/InputEventConsistencyVerifier( 1002):   0: sent at 245151000000, KeyEvent { action=ACTION_UP, keyCode=KEYCODE_DPAD_DOWN, scanCode=0, metaState=0, flags=0x8, repeatCount=0, eventTime=245151, downTime=245151, deviceId=-1, source=0x101 }
D/InputEventConsistencyVerifier( 1002):   -- recent events --
D/InputEventConsistencyVerifier( 1002):   1: sent at 244480000000, MotionEvent { action=ACTION_UP, id[0]=0, x[0]=27.0, y[0]=636.0, toolType[0]=TOOL_TYPE_UNKNOWN, buttonState=0, metaState=0, flags=0x0, edgeFlags=0x0, pointerCount=1, historySize=0, eventTime=244480, downTime=244475, deviceId=0, source=0x1002 }
D/InputEventConsistencyVerifier( 1002):   2: sent at 244476000000, MotionEvent { action=ACTION_DOWN, id[0]=0, x[0]=37.0, y[0]=645.0, toolType[0]=TOOL_TYPE_UNKNOWN, buttonState=0, metaState=0, flags=0x0, edgeFlags=0x0, pointerCount=1, historySize=0, eventTime=244476, downTime=244475, deviceId=0, source=0x1002 }
D/InputEventConsistencyVerifier( 1002):   3: sent at 244448000000, (unhandled) KeyEvent { action=ACTION_UP, keyCode=KEYCODE_DPAD_CENTER, scanCode=0, metaState=0, flags=0x80000008, repeatCount=0, eventTime=244448, downTime=244448, deviceId=-1, source=0x101 }
D/InputEventConsistencyVerifier( 1002):   4: sent at 243271000000, MotionEvent { action=ACTION_UP, id[0]=0, x[0]=423.0, y[0]=74.0, toolType[0]=TOOL_TYPE_UNKNOWN, buttonState=0, metaState=0, flags=0x0, edgeFlags=0x0, pointerCount=1, historySize=0, eventTime=243271, downTime=243266, deviceId=0, source=0x1002 }
D/InputEventConsistencyVerifier( 1002):   5: sent at 243267000000, MotionEvent { action=ACTION_DOWN, id[0]=0, x[0]=423.0, y[0]=76.0, toolType[0]=TOOL_TYPE_UNKNOWN, buttonState=0, metaState=0, flags=0x0, edgeFlags=0x0, pointerCount=1, historySize=0, eventTime=243267, downTime=243266, deviceId=0, source=0x1002 }
I/Choreographer( 1002): Skipped 46 frames!  The application may be doing too much work on its main thread.
I/ActivityManager(  227): START {act=android.intent.action.MAIN cat=[android.intent.category.LAUNCHER] flg=0x10200000 cmp=com.typ3studios.mosquito/.Mosquito u=0} from pid 980
W/InputManager(  227): Input event injection from pid 980 failed.
I/Choreographer( 1002): Skipped 65 frames!  The application may be doing too much work on its main thread.
W/InputMethodManagerService(  227): Window already focused, ignoring focus gain of: com.android.internal.view.IInputMethodClient$Stub$Proxy@b409e1c8 attribute=null
I/dalvikvm-heap( 1002): Grow heap (frag case) to 15.152MB for 2823760-byte allocation
I/Choreographer( 1002): Skipped 130 frames!  The application may be doing too much work on its main thread.
E/WVMExtractor(   62): Failed to open libwvm.so
D/AudioSink(   62): bufferCount (4) is too small and increased to 12
I/Choreographer( 1002): Skipped 33 frames!  The application may be doing too much work on its main thread.
D/InputEventConsistencyVerifier( 1002): KeyEvent: ACTION_UP but key was not down.
D/InputEventConsistencyVerifier( 1002):   in com.android.internal.policy.impl.PhoneWindow$DecorView@b3e66828
D/InputEventConsistencyVerifier( 1002):   0: sent at 246671000000, KeyEvent { action=ACTION_UP, keyCode=KEYCODE_DPAD_DOWN, scanCode=0, metaState=0, flags=0x8, repeatCount=0, eventTime=246671, downTime=246671, deviceId=-1, source=0x101 }
D/InputEventConsistencyVerifier( 1002):   -- recent events --
D/InputEventConsistencyVerifier( 1002):   1: sent at 246056000000, MotionEvent { action=ACTION_UP, id[0]=0, x[0]=414.0, y[0]=691.0, toolType[0]=TOOL_TYPE_UNKNOWN, buttonState=0, metaState=0, flags=0x0, edgeFlags=0x0, pointerCount=1, historySize=0, eventTime=246056, downTime=246021, deviceId=0, source=0x1002 }
D/InputEventConsistencyVerifier( 1002):   2: sent at 246039000000, MotionEvent { action=ACTION_MOVE, id[0]=0, x[0]=416.0, y[0]=687.0, toolType[0]=TOOL_TYPE_UNKNOWN, buttonState=0, metaState=0, flags=0x0, edgeFlags=0x0, pointerCount=1, historySize=4, eventTime=246039, downTime=246021, deviceId=0, source=0x1002 }
D/InputEventConsistencyVerifier( 1002):   3: sent at 246023000000, MotionEvent { action=ACTION_DOWN, id[0]=0, x[0]=431.0, y[0]=628.0, toolType[0]=TOOL_TYPE_UNKNOWN, buttonState=0, metaState=0, flags=0x0, edgeFlags=0x0, pointerCount=1, historySize=0, eventTime=246023, downTime=246021, deviceId=0, source=0x1002 }
D/InputEventConsistencyVerifier( 1002):   4: sent at 245892000000, (unhandled) KeyEvent { action=ACTION_UP, keyCode=KEYCODE_DPAD_DOWN, scanCode=0, metaState=0, flags=0x8, repeatCount=0, eventTime=245892, downTime=245892, deviceId=-1, source=0x101 }
D/InputEventConsistencyVerifier( 1002):   5: sent at 245884000000, (unhandled) KeyEvent { action=ACTION_DOWN, keyCode=KEYCODE_DPAD_DOWN, scanCode=0, metaState=0, flags=0x8, repeatCount=0, eventTime=245884, downTime=245884, deviceId=-1, source=0x101 }
D/InputEventConsistencyVerifier( 1002): TrackballEvent: Trackball is down but pressure is not greater than 0.
D/InputEventConsistencyVerifier( 1002):   in android.view.ViewRootImpl@b3e5fa38
D/InputEventConsistencyVerifier( 1002):   0: sent at 247259000000, MotionEvent { action=ACTION_DOWN, id[0]=0, x[0]=0.0, y[0]=0.0, toolType[0]=TOOL_TYPE_UNKNOWN, buttonState=0, metaState=0, flags=0x0, edgeFlags=0x0, pointerCount=1, historySize=0, eventTime=247259, downTime=247193, deviceId=0, source=0x10004 }
D/InputEventConsistencyVerifier( 1002):   -- recent events --
D/InputEventConsistencyVerifier( 1002):   1: sent at 247287000000, KeyEvent { action=ACTION_UP, keyCode=KEYCODE_DPAD_UP, scanCode=0, metaState=0, flags=0x400, repeatCount=0, eventTime=247287, downTime=247287, deviceId=-1, source=0x101 }
D/InputEventConsistencyVerifier( 1002):   2: sent at 247287000000, KeyEvent { action=ACTION_DOWN, keyCode=KEYCODE_DPAD_UP, scanCode=0, metaState=0, flags=0x400, repeatCount=0, eventTime=247287, downTime=247287, deviceId=-1, source=0x101 }
D/InputEventConsistencyVerifier( 1002):   3: sent at 247286000000, KeyEvent { action=ACTION_UP, keyCode=KEYCODE_DPAD_UP, scanCode=0, metaState=0, flags=0x400, repeatCount=0, eventTime=247286, downTime=247286, deviceId=-1, source=0x101 }
D/InputEventConsistencyVerifier( 1002):   4: sent at 247286000000, KeyEvent { action=ACTION_DOWN, keyCode=KEYCODE_DPAD_UP, scanCode=0, metaState=0, flags=0x400, repeatCount=0, eventTime=247286, downTime=247286, deviceId=-1, source=0x101 }
D/InputEventConsistencyVerifier( 1002):   5: sent at 247285000000, KeyEvent { action=ACTION_UP, keyCode=KEYCODE_DPAD_UP, scanCode=0, metaState=0, flags=0x400, repeatCount=0, eventTime=247285, downTime=247285, deviceId=-1, source=0x101 }
I/dalvikvm-heap( 1002): Grow heap (frag case) to 15.152MB for 2823760-byte allocation
I/dalvikvm-heap( 1002): Grow heap (frag case) to 15.152MB for 2823760-byte allocation
I/dalvikvm-heap( 1002): Grow heap (frag case) to 15.153MB for 2823760-byte allocation
I/Choreographer( 1002): Skipped 278 frames!  The application may be doing too much work on its main thread.
E/WVMExtractor(   62): Failed to open libwvm.so
D/AudioSink(   62): bufferCount (4) is too small and increased to 12
I/ActivityManager(  227): START {act=android.intent.action.MAIN cat=[android.intent.category.LAUNCHER] flg=0x10000000 cmp=com.android.contacts/.activities.PeopleActivity sel={act=android.intent.action.MAIN cat=[android.intent.category.APP_CONTACTS]} u=0} from pid 227
I/Choreographer( 1002): Skipped 124 frames!  The application may be doing too much work on its main thread.
D/InputEventConsistencyVerifier( 1002): KeyEvent: ACTION_UP but key was not down.
D/InputEventConsistencyVerifier( 1002):   in android.view.ViewRootImpl@b3e5fa38
D/InputEventConsistencyVerifier( 1002):   0: sent at 248809000000, KeyEvent { action=ACTION_UP, keyCode=KEYCODE_CONTACTS, scanCode=0, metaState=0, flags=0x8, repeatCount=0, eventTime=248809, downTime=248809, deviceId=-1, source=0x101 }
D/InputEventConsistencyVerifier( 1002):   -- recent events --
D/InputEventConsistencyVerifier( 1002):   1: sent at 249040000000, KeyEvent { action=ACTION_UP, keyCode=KEYCODE_DPAD_DOWN, scanCode=0, metaState=0, flags=0x400, repeatCount=0, eventTime=249040, downTime=249040, deviceId=-1, source=0x101 }
D/InputEventConsistencyVerifier( 1002):   2: sent at 249040000000, KeyEvent { action=ACTION_DOWN, keyCode=KEYCODE_DPAD_DOWN, scanCode=0, metaState=0, flags=0x400, repeatCount=0, eventTime=249040, downTime=249040, deviceId=-1, source=0x101 }
D/InputEventConsistencyVerifier( 1002):   3: sent at 249039000000, KeyEvent { action=ACTION_UP, keyCode=KEYCODE_DPAD_DOWN, scanCode=0, metaState=0, flags=0x400, repeatCount=0, eventTime=249039, downTime=249039, deviceId=-1, source=0x101 }
D/InputEventConsistencyVerifier( 1002):   4: sent at 249039000000, KeyEvent { action=ACTION_DOWN, keyCode=KEYCODE_DPAD_DOWN, scanCode=0, metaState=0, flags=0x400, repeatCount=0, eventTime=249039, downTime=249039, deviceId=-1, source=0x101 }
D/InputEventConsistencyVerifier( 1002):   5: sent at 248564000000, MotionEvent { action=ACTION_MOVE, id[0]=0, x[0]=2.0, y[0]=2.0, toolType[0]=TOOL_TYPE_UNKNOWN, buttonState=0, metaState=0, flags=0x0, edgeFlags=0x0, pointerCount=1, historySize=9, eventTime=248564, downTime=-1, deviceId=0, source=0x10004 }
D/InputEventConsistencyVerifier( 1002): KeyEvent: ACTION_UP but key was not down.
D/InputEventConsistencyVerifier( 1002):   in android.view.ViewRootImpl@b3e5dc50
D/InputEventConsistencyVerifier( 1002):   0: sent at 249161000000, KeyEvent { action=ACTION_UP, keyCode=KEYCODE_RIGHT_BRACKET, scanCode=0, metaState=0, flags=0x8, repeatCount=0, eventTime=249161, downTime=249161, deviceId=-1, source=0x101 }
D/InputEventConsistencyVerifier( 1002):   -- recent events --
D/InputEventConsistencyVerifier( 1002):   1: sent at 247115000000, MotionEvent { action=ACTION_UP, id[0]=0, x[0]=244.0, y[0]=498.0, toolType[0]=TOOL_TYPE_UNKNOWN, buttonState=0, metaState=0, flags=0x0, edgeFlags=0x0, pointerCount=1, historySize=0, eventTime=247115, downTime=247110, deviceId=0, source=0x1002 }
D/InputEventConsistencyVerifier( 1002):   2: sent at 247111000000, MotionEvent { action=ACTION_DOWN, id[0]=0, x[0]=244.0, y[0]=508.0, toolType[0]=TOOL_TYPE_UNKNOWN, buttonState=0, metaState=0, flags=0x0, edgeFlags=0x0, pointerCount=1, historySize=0, eventTime=247111, downTime=247110, deviceId=0, source=0x1002 }
D/InputEventConsistencyVerifier( 1002):   3: sent at 247104000000, MotionEvent { action=ACTION_UP, id[0]=0, x[0]=349.0, y[0]=687.0, toolType[0]=TOOL_TYPE_UNKNOWN, buttonState=0, metaState=0, flags=0x0, edgeFlags=0x0, pointerCount=1, historySize=0, eventTime=247104, downTime=247098, deviceId=0, source=0x1002 }
D/InputEventConsistencyVerifier( 1002):   4: sent at 247099000000, MotionEvent { action=ACTION_DOWN, id[0]=0, x[0]=344.0, y[0]=696.0, toolType[0]=TOOL_TYPE_UNKNOWN, buttonState=0, metaState=0, flags=0x0, edgeFlags=0x0, pointerCount=1, historySize=0, eventTime=247099, downTime=247098, deviceId=0, source=0x1002 }
D/InputEventConsistencyVerifier( 1002):   5: sent at 247078000000, KeyEvent { action=ACTION_UP, keyCode=KEYCODE_MENU, scanCode=0, metaState=0, flags=0x8, repeatCount=0, eventTime=247078, downTime=247078, deviceId=-1, source=0x101 }
W/InputMethodManagerService(  227): Window already focused, ignoring focus gain of: com.android.internal.view.IInputMethodClient$Stub$Proxy@b4193d50 attribute=null
I/dalvikvm-heap( 1002): Grow heap (frag case) to 15.155MB for 2823760-byte allocation
I/Choreographer( 1002): Skipped 92 frames!  The application may be doing too much work on its main thread.
D/InputEventConsistencyVerifier( 1002): KeyEvent: ACTION_UP but key was not down.
D/InputEventConsistencyVerifier( 1002):   in com.android.internal.policy.impl.PhoneWindow$DecorView@b3e66828
D/InputEventConsistencyVerifier( 1002):   0: sent at 250198000000, KeyEvent { action=ACTION_UP, keyCode=KEYCODE_DPAD_RIGHT, scanCode=0, metaState=0, flags=0x400, repeatCount=0, eventTime=250198, downTime=250198, deviceId=-1, source=0x101 }
D/InputEventConsistencyVerifier( 1002):   -- recent events --
D/InputEventConsistencyVerifier( 1002):   1: sent at 249957000000, (unhandled) MotionEvent { action=ACTION_MOVE, id[0]=0, x[0]=4.0, y[0]=2.0, toolType[0]=TOOL_TYPE_UNKNOWN, buttonState=0, metaState=0, flags=0x0, edgeFlags=0x0, pointerCount=1, historySize=9, eventTime=249957, downTime=-1, deviceId=0, source=0x10004 }
D/InputEventConsistencyVerifier( 1002):   2: sent at 249793000000, MotionEvent { action=ACTION_UP, id[0]=0, x[0]=416.0, y[0]=572.0, toolType[0]=TOOL_TYPE_UNKNOWN, buttonState=0, metaState=0, flags=0x0, edgeFlags=0x0, pointerCount=1, historySize=0, eventTime=249793, downTime=249773, deviceId=0, source=0x1002 }
D/InputEventConsistencyVerifier( 1002):   3: sent at 249773000000, MotionEvent { action=ACTION_DOWN, id[0]=0, x[0]=416.0, y[0]=572.0, toolType[0]=TOOL_TYPE_UNKNOWN, buttonState=0, metaState=0, flags=0x0, edgeFlags=0x0, pointerCount=1, historySize=0, eventTime=249773, downTime=249773, deviceId=0, source=0x1002 }
D/InputEventConsistencyVerifier( 1002):   4: sent at 249581000000, (unhandled) KeyEvent { action=ACTION_UP, keyCode=KEYCODE_DPAD_CENTER, scanCode=0, metaState=0, flags=0x8, repeatCount=0, eventTime=249581, downTime=249581, deviceId=-1, source=0x101 }
D/InputEventConsistencyVerifier( 1002):   5: sent at 249553000000, KeyEvent { action=ACTION_DOWN, keyCode=KEYCODE_DPAD_CENTER, scanCode=0, metaState=0, flags=0x8, repeatCount=0, eventTime=249553, downTime=249553, deviceId=-1, source=0x101 }
E/WVMExtractor(   62): Failed to open libwvm.so
D/AudioSink(   62): bufferCount (4) is too small and increased to 12
I/dalvikvm-heap( 1002): Grow heap (frag case) to 15.141MB for 2823760-byte allocation
I/Choreographer( 1002): Skipped 143 frames!  The application may be doing too much work on its main thread.
D/InputEventConsistencyVerifier( 1002): KeyEvent: ACTION_UP but key was not down.
D/InputEventConsistencyVerifier( 1002):   in com.android.internal.policy.impl.PhoneWindow$DecorView@b3e66828
D/InputEventConsistencyVerifier( 1002):   0: sent at 251091000000, KeyEvent { action=ACTION_UP, keyCode=KEYCODE_DPAD_RIGHT, scanCode=0, metaState=0, flags=0x400, repeatCount=0, eventTime=251091, downTime=251091, deviceId=-1, source=0x101 }
D/InputEventConsistencyVerifier( 1002):   -- recent events --
D/InputEventConsistencyVerifier( 1002):   1: sent at 250753000000, (unhandled) MotionEvent { action=ACTION_MOVE, id[0]=0, x[0]=3.0, y[0]=0.0, toolType[0]=TOOL_TYPE_UNKNOWN, buttonState=0, metaState=0, flags=0x0, edgeFlags=0x0, pointerCount=1, historySize=9, eventTime=250753, downTime=-1, deviceId=0, source=0x10004 }
D/InputEventConsistencyVerifier( 1002):   2: sent at 250577000000, MotionEvent { action=ACTION_UP, id[0]=0, x[0]=78.0, y[0]=4.0, toolType[0]=TOOL_TYPE_UNKNOWN, buttonState=0, metaState=0, flags=0x0, edgeFlags=0x0, pointerCount=1, historySize=0, eventTime=250577, downTime=250531, deviceId=0, source=0x1002 }
D/InputEventConsistencyVerifier( 1002):   3: sent at 250531000000, MotionEvent { action=ACTION_DOWN, id[0]=0, x[0]=78.0, y[0]=8.0, toolType[0]=TOOL_TYPE_UNKNOWN, buttonState=0, metaState=0, flags=0x0, edgeFlags=0x0, pointerCount=1, historySize=0, eventTime=250531, downTime=250531, deviceId=0, source=0x1002 }
D/InputEventConsistencyVerifier( 1002):   4: sent at 250513000000, (unhandled) KeyEvent { action=ACTION_UP, keyCode=KEYCODE_DPAD_DOWN, scanCode=0, metaState=0, flags=0x8, repeatCount=0, eventTime=250513, downTime=250513, deviceId=-1, source=0x101 }
D/InputEventConsistencyVerifier( 1002):   5: sent at 250497000000, (unhandled) KeyEvent { action=ACTION_DOWN, keyCode=KEYCODE_DPAD_DOWN, scanCode=0, metaState=0, flags=0x8, repeatCount=0, eventTime=250497, downTime=250497, deviceId=-1, source=0x101 }
D/InputEventConsistencyVerifier( 1002): TrackballEvent: Trackball is down but pressure is not greater than 0.
D/InputEventConsistencyVerifier( 1002):   in android.view.ViewRootImpl@b3e5dc50
D/InputEventConsistencyVerifier( 1002):   0: sent at 250755000000, MotionEvent { action=ACTION_DOWN, id[0]=0, x[0]=0.0, y[0]=0.0, toolType[0]=TOOL_TYPE_UNKNOWN, buttonState=0, metaState=0, flags=0x0, edgeFlags=0x0, pointerCount=1, historySize=0, eventTime=250755, downTime=250701, deviceId=0, source=0x10004 }
D/InputEventConsistencyVerifier( 1002):   -- recent events --
D/InputEventConsistencyVerifier( 1002):   1: sent at 251094000000, KeyEvent { action=ACTION_UP, keyCode=KEYCODE_DPAD_RIGHT, scanCode=0, metaState=0, flags=0x400, repeatCount=0, eventTime=251094, downTime=251094, deviceId=-1, source=0x101 }
D/InputEventConsistencyVerifier( 1002):   2: sent at 251094000000, KeyEvent { action=ACTION_DOWN, keyCode=KEYCODE_DPAD_RIGHT, scanCode=0, metaState=0, flags=0x400, repeatCount=0, eventTime=251094, downTime=251094, deviceId=-1, source=0x101 }
D/InputEventConsistencyVerifier( 1002):   3: sent at 251093000000, KeyEvent { action=ACTION_UP, keyCode=KEYCODE_DPAD_RIGHT, scanCode=0, metaState=0, flags=0x400, repeatCount=0, eventTime=251093, downTime=251093, deviceId=-1, source=0x101 }
D/InputEventConsistencyVerifier( 1002):   4: sent at 251093000000, KeyEvent { action=ACTION_DOWN, keyCode=KEYCODE_DPAD_RIGHT, scanCode=0, metaState=0, flags=0x400, repeatCount=0, eventTime=251093, downTime=251093, deviceId=-1, source=0x101 }
D/InputEventConsistencyVerifier( 1002):   5: sent at 251091000000, KeyEvent { action=ACTION_UP, keyCode=KEYCODE_DPAD_RIGHT, scanCode=0, metaState=0, flags=0x400, repeatCount=0, eventTime=251091, downTime=251091, deviceId=-1, source=0x101 }
I/dalvikvm-heap( 1002): Grow heap (frag case) to 15.141MB for 2823760-byte allocation
I/dalvikvm-heap( 1002): Grow heap (frag case) to 15.141MB for 2823760-byte allocation
E/WVMExtractor(   62): Failed to open libwvm.so
D/AudioSink(   62): bufferCount (4) is too small and increased to 12
I/dalvikvm-heap( 1002): Grow heap (frag case) to 15.141MB for 2823760-byte allocation
I/Choreographer( 1002): Skipped 315 frames!  The application may be doing too much work on its main thread.
W/MediaPlayer( 1002): mediaplayer went away with unhandled events
W/MediaPlayer( 1002): mediaplayer went away with unhandled events
D/InputEventConsistencyVerifier( 1002): KeyEvent: ACTION_UP but key was not down.
D/InputEventConsistencyVerifier( 1002):   in com.android.internal.policy.impl.PhoneWindow$DecorView@b3e66828
D/InputEventConsistencyVerifier( 1002):   0: sent at 253333000000, KeyEvent { action=ACTION_UP, keyCode=KEYCODE_DPAD_DOWN, scanCode=0, metaState=0, flags=0x8, repeatCount=0, eventTime=253333, downTime=253333, deviceId=-1, source=0x101 }
D/InputEventConsistencyVerifier( 1002):   -- recent events --
D/InputEventConsistencyVerifier( 1002):   1: sent at 252216000000, MotionEvent { action=ACTION_UP, id[0]=0, x[0]=411.0, y[0]=286.0, toolType[0]=TOOL_TYPE_UNKNOWN, buttonState=0, metaState=0, flags=0x0, edgeFlags=0x0, pointerCount=1, historySize=0, eventTime=252216, downTime=252154, deviceId=0, source=0x1002 }
D/InputEventConsistencyVerifier( 1002):   2: sent at 252210000000, MotionEvent { action=ACTION_MOVE, id[0]=0, x[0]=410.0, y[0]=288.0, toolType[0]=TOOL_TYPE_UNKNOWN, buttonState=0, metaState=0, flags=0x0, edgeFlags=0x0, pointerCount=1, historySize=6, eventTime=252210, downTime=252154, deviceId=0, source=0x1002 }
D/InputEventConsistencyVerifier( 1002):   3: sent at 252157000000, MotionEvent { action=ACTION_DOWN, id[0]=0, x[0]=342.0, y[0]=301.0, toolType[0]=TOOL_TYPE_UNKNOWN, buttonState=0, metaState=0, flags=0x0, edgeFlags=0x0, pointerCount=1, historySize=0, eventTime=252157, downTime=252154, deviceId=0, source=0x1002 }
D/InputEventConsistencyVerifier( 1002):   4: sent at 252147000000, MotionEvent { action=ACTION_UP, id[0]=0, x[0]=106.0, y[0]=294.0, toolType[0]=TOOL_TYPE_UNKNOWN, buttonState=0, metaState=0, flags=0x0, edgeFlags=0x0, pointerCount=1, historySize=0, eventTime=252147, downTime=252133, deviceId=0, source=0x1002 }
D/InputEventConsistencyVerifier( 1002):   5: sent at 252141000000, MotionEvent { action=ACTION_DOWN, id[0]=0, x[0]=103.0, y[0]=280.0, toolType[0]=TOOL_TYPE_UNKNOWN, buttonState=0, metaState=0, flags=0x0, edgeFlags=0x0, pointerCount=1, historySize=0, eventTime=252141, downTime=252133, deviceId=0, source=0x1002 }
I/dalvikvm-heap( 1002): Grow heap (frag case) to 15.144MB for 2823760-byte allocation
E/WVMExtractor(   62): Failed to open libwvm.so
D/AudioSink(   62): bufferCount (4) is too small and increased to 12
I/dalvikvm-heap( 1002): Grow heap (frag case) to 15.141MB for 2823760-byte allocation
I/Choreographer( 1002): Skipped 199 frames!  The application may be doing too much work on its main thread.
W/MediaPlayer( 1002): mediaplayer went away with unhandled events
W/MediaPlayer( 1002): mediaplayer went away with unhandled events
I/dalvikvm-heap( 1002): Grow heap (frag case) to 15.140MB for 2823760-byte allocation
I/dalvikvm-heap( 1002): Grow heap (frag case) to 15.141MB for 2823760-byte allocation
I/Choreographer( 1002): Skipped 177 frames!  The application may be doing too much work on its main thread.
E/WVMExtractor(   62): Failed to open libwvm.so
D/AudioSink(   62): bufferCount (4) is too small and increased to 12
D/InputEventConsistencyVerifier( 1002): KeyEvent: ACTION_UP but key was not down.
D/InputEventConsistencyVerifier( 1002):   in com.android.internal.policy.impl.PhoneWindow$DecorView@b3e66828
D/InputEventConsistencyVerifier( 1002):   0: sent at 255126000000, KeyEvent { action=ACTION_UP, keyCode=KEYCODE_DPAD_UP, scanCode=0, metaState=0, flags=0x8, repeatCount=0, eventTime=255126, downTime=255126, deviceId=-1, source=0x101 }
D/InputEventConsistencyVerifier( 1002):   -- recent events --
D/InputEventConsistencyVerifier( 1002):   1: sent at 254510000000, MotionEvent { action=ACTION_UP, id[0]=0, x[0]=446.0, y[0]=686.0, toolType[0]=TOOL_TYPE_UNKNOWN, buttonState=0, metaState=0, flags=0x0, edgeFlags=0x0, pointerCount=1, historySize=0, eventTime=254510, downTime=254483, deviceId=0, source=0x1002 }
D/InputEventConsistencyVerifier( 1002):   2: sent at 254508000000, MotionEvent { action=ACTION_MOVE, id[0]=0, x[0]=443.0, y[0]=668.0, toolType[0]=TOOL_TYPE_UNKNOWN, buttonState=0, metaState=0, flags=0x0, edgeFlags=0x0, pointerCount=1, historySize=6, eventTime=254508, downTime=254483, deviceId=0, source=0x1002 }
D/InputEventConsistencyVerifier( 1002):   3: sent at 254486000000, MotionEvent { action=ACTION_DOWN, id[0]=0, x[0]=439.0, y[0]=575.0, toolType[0]=TOOL_TYPE_UNKNOWN, buttonState=0, metaState=0, flags=0x0, edgeFlags=0x0, pointerCount=1, historySize=0, eventTime=254486, downTime=254483, deviceId=0, source=0x1002 }
D/InputEventConsistencyVerifier( 1002):   4: sent at 254276000000, (unhandled) KeyEvent { action=ACTION_UP, keyCode=KEYCODE_NUMPAD_SUBTRACT, scanCode=0, metaState=0, flags=0x8, repeatCount=0, eventTime=254276, downTime=254276, deviceId=-1, source=0x101 }
D/InputEventConsistencyVerifier( 1002):   5: sent at 253537000000, (unhandled) KeyEvent { action=ACTION_DOWN, keyCode=KEYCODE_NUMPAD_SUBTRACT, scanCode=0, metaState=0, flags=0x8, repeatCount=0, eventTime=253537, downTime=253537, deviceId=-1, source=0x101 }
I/dalvikvm-heap( 1002): Grow heap (frag case) to 15.140MB for 2823760-byte allocation
I/Choreographer( 1002): Skipped 75 frames!  The application may be doing too much work on its main thread.
D/InputEventConsistencyVerifier( 1002): KeyEvent: ACTION_UP but key was not down.
D/InputEventConsistencyVerifier( 1002):   in com.android.internal.policy.impl.PhoneWindow$DecorView@b3e66828
D/InputEventConsistencyVerifier( 1002):   0: sent at 255727000000, KeyEvent { action=ACTION_UP, keyCode=KEYCODE_DPAD_CENTER, scanCode=0, metaState=0, flags=0x8, repeatCount=0, eventTime=255727, downTime=255727, deviceId=-1, source=0x101 }
D/InputEventConsistencyVerifier( 1002):   -- recent events --
D/InputEventConsistencyVerifier( 1002):   1: sent at 255381000000, MotionEvent { action=ACTION_UP, id[0]=0, x[0]=102.0, y[0]=763.0, toolType[0]=TOOL_TYPE_UNKNOWN, buttonState=0, metaState=0, flags=0x0, edgeFlags=0x0, pointerCount=1, historySize=0, eventTime=255381, downTime=255297, deviceId=0, source=0x1002 }
D/InputEventConsistencyVerifier( 1002):   2: sent at 255377000000, MotionEvent { action=ACTION_MOVE, id[0]=0, x[0]=109.0, y[0]=768.0, toolType[0]=TOOL_TYPE_UNKNOWN, buttonState=0, metaState=0, flags=0x0, edgeFlags=0x0, pointerCount=1, historySize=0, eventTime=255377, downTime=255297, deviceId=0, source=0x1002 }
D/InputEventConsistencyVerifier( 1002):   3: sent at 255309000000, MotionEvent { action=ACTION_MOVE, id[0]=0, x[0]=109.5, y[0]=779.5, toolType[0]=TOOL_TYPE_UNKNOWN, buttonState=0, metaState=0, flags=0x0, edgeFlags=0x0, pointerCount=1, historySize=3, eventTime=255309, downTime=255297, deviceId=0, source=0x1002 }
D/InputEventConsistencyVerifier( 1002):   4: sent at 255298000000, MotionEvent { action=ACTION_DOWN, id[0]=0, x[0]=112.0, y[0]=795.0, toolType[0]=TOOL_TYPE_UNKNOWN, buttonState=0, metaState=0, flags=0x0, edgeFlags=0x0, pointerCount=1, historySize=0, eventTime=255298, downTime=255297, deviceId=0, source=0x1002 }
D/InputEventConsistencyVerifier( 1002):   5: sent at 255126000000, (unhandled) KeyEvent { action=ACTION_UP, keyCode=KEYCODE_DPAD_UP, scanCode=0, metaState=0, flags=0x80000008, repeatCount=0, eventTime=255126, downTime=255126, deviceId=-1, source=0x101 }
I/dalvikvm-heap( 1002): Grow heap (frag case) to 15.140MB for 2823760-byte allocation
I/Choreographer( 1002): Skipped 86 frames!  The application may be doing too much work on its main thread.
E/WVMExtractor(   62): Failed to open libwvm.so
D/AudioSink(   62): bufferCount (4) is too small and increased to 12
D/InputEventConsistencyVerifier( 1002): KeyEvent: ACTION_UP but key was not down.
D/InputEventConsistencyVerifier( 1002):   in com.android.internal.policy.impl.PhoneWindow$DecorView@b3e66828
D/InputEventConsistencyVerifier( 1002):   0: sent at 256252000000, KeyEvent { action=ACTION_UP, keyCode=KEYCODE_DPAD_CENTER, scanCode=0, metaState=0, flags=0x8, repeatCount=0, eventTime=256252, downTime=256252, deviceId=-1, source=0x101 }
D/InputEventConsistencyVerifier( 1002):   -- recent events --
D/InputEventConsistencyVerifier( 1002):   1: sent at 255870000000, MotionEvent { action=ACTION_UP, id[0]=0, x[0]=186.0, y[0]=703.0, toolType[0]=TOOL_TYPE_UNKNOWN, buttonState=0, metaState=0, flags=0x0, edgeFlags=0x0, pointerCount=1, historySize=0, eventTime=255870, downTime=255817, deviceId=0, source=0x1002 }
D/InputEventConsistencyVerifier( 1002):   2: sent at 255857000000, MotionEvent { action=ACTION_MOVE, id[0]=0, x[0]=184.0, y[0]=695.0, toolType[0]=TOOL_TYPE_UNKNOWN, buttonState=0, metaState=0, flags=0x0, edgeFlags=0x0, pointerCount=1, historySize=7, eventTime=255857, downTime=255817, deviceId=0, source=0x1002 }
D/InputEventConsistencyVerifier( 1002):   3: sent at 255820000000, MotionEvent { action=ACTION_DOWN, id[0]=0, x[0]=126.0, y[0]=643.0, toolType[0]=TOOL_TYPE_UNKNOWN, buttonState=0, metaState=0, flags=0x0, edgeFlags=0x0, pointerCount=1, historySize=0, eventTime=255820, downTime=255817, deviceId=0, source=0x1002 }
D/InputEventConsistencyVerifier( 1002):   4: sent at 255727000000, (unhandled) KeyEvent { action=ACTION_UP, keyCode=KEYCODE_DPAD_CENTER, scanCode=0, metaState=0, flags=0x80000008, repeatCount=0, eventTime=255727, downTime=255727, deviceId=-1, source=0x101 }
D/InputEventConsistencyVerifier( 1002):   5: sent at 255381000000, MotionEvent { action=ACTION_UP, id[0]=0, x[0]=102.0, y[0]=763.0, toolType[0]=TOOL_TYPE_UNKNOWN, buttonState=0, metaState=0, flags=0x0, edgeFlags=0x0, pointerCount=1, historySize=0, eventTime=255381, downTime=255297, deviceId=0, source=0x1002 }
I/Choreographer( 1002): Skipped 30 frames!  The application may be doing too much work on its main thread.
I/dalvikvm-heap( 1002): Grow heap (frag case) to 15.143MB for 2823760-byte allocation
I/ActivityManager(  227): START {act=android.intent.action.CALL_BUTTON flg=0x10000000 cmp=com.android.contacts/.activities.DialtactsActivity u=0} from pid 1002
D/InputEventConsistencyVerifier( 1002): KeyEvent: ACTION_UP but key was not down.
D/InputEventConsistencyVerifier( 1002):   in com.android.internal.policy.impl.PhoneWindow$DecorView@b3e66828
D/InputEventConsistencyVerifier( 1002):   0: sent at 257571000000, KeyEvent { action=ACTION_UP, keyCode=KEYCODE_DPAD_RIGHT, scanCode=0, metaState=0, flags=0x400, repeatCount=0, eventTime=257571, downTime=257571, deviceId=-1, source=0x101 }
D/InputEventConsistencyVerifier( 1002):   -- recent events --
D/InputEventConsistencyVerifier( 1002):   1: sent at 257486000000, (unhandled) MotionEvent { action=ACTION_MOVE, id[0]=0, x[0]=3.0, y[0]=-2.0, toolType[0]=TOOL_TYPE_UNKNOWN, buttonState=0, metaState=0, flags=0x0, edgeFlags=0x0, pointerCount=1, historySize=9, eventTime=257486, downTime=-1, deviceId=0, source=0x10004 }
D/InputEventConsistencyVerifier( 1002):   2: sent at 257398000000, (unhandled) KeyEvent { action=ACTION_UP, keyCode=KEYCODE_CALL, scanCode=0, metaState=0, flags=0x8, repeatCount=0, eventTime=257398, downTime=257398, deviceId=-1, source=0x101 }
D/InputEventConsistencyVerifier( 1002):   3: sent at 256974000000, (unhandled) KeyEvent { action=ACTION_DOWN, keyCode=KEYCODE_CALL, scanCode=0, metaState=0, flags=0x8, repeatCount=0, eventTime=256974, downTime=256974, deviceId=-1, source=0x101 }
D/InputEventConsistencyVerifier( 1002):   4: sent at 256969000000, MotionEvent { action=ACTION_UP, id[0]=0, x[0]=388.0, y[0]=505.0, toolType[0]=TOOL_TYPE_UNKNOWN, buttonState=0, metaState=0, flags=0x0, edgeFlags=0x0, pointerCount=1, historySize=0, eventTime=256969, downTime=256896, deviceId=0, source=0x1002 }
D/InputEventConsistencyVerifier( 1002):   5: sent at 256967000000, MotionEvent { action=ACTION_MOVE, id[0]=0, x[0]=404.0, y[0]=494.0, toolType[0]=TOOL_TYPE_UNKNOWN, buttonState=0, metaState=0, flags=0x0, edgeFlags=0x0, pointerCount=1, historySize=6, eventTime=256967, downTime=256896, deviceId=0, source=0x1002 }
E/WVMExtractor(   62): Failed to open libwvm.so
D/AudioSink(   62): bufferCount (4) is too small and increased to 12
I/dalvikvm-heap( 1002): Grow heap (frag case) to 15.149MB for 2823760-byte allocation
I/Choreographer( 1002): Skipped 147 frames!  The application may be doing too much work on its main thread.
I/Choreographer( 1002): Skipped 55 frames!  The application may be doing too much work on its main thread.
D/PhoneStatusBar(  421): disable: < EXPAND* icons alerts ticker system_info back home recent clock >
I/Choreographer( 1002): Skipped 96 frames!  The application may be doing too much work on its main thread.
W/InputMethodManagerService(  227): Window already focused, ignoring focus gain of: com.android.internal.view.IInputMethodClient$Stub$Proxy@b4223840 attribute=android.view.inputmethod.EditorInfo@b4223858
D/InputEventConsistencyVerifier(  227): KeyEvent: ACTION_UP but key was not down.
D/InputEventConsistencyVerifier(  227):   in com.android.internal.policy.impl.PhoneWindow$DecorView@b418a1b0
D/InputEventConsistencyVerifier(  227):   0: sent at 259495000000, KeyEvent { action=ACTION_UP, keyCode=KEYCODE_DPAD_CENTER, scanCode=0, metaState=0, flags=0x8, repeatCount=0, eventTime=259495, downTime=259495, deviceId=-1, source=0x101 }
D/InputEventConsistencyVerifier(  227): KeyEvent: ACTION_UP but key was not down.
D/InputEventConsistencyVerifier(  227):   in com.android.internal.policy.impl.PhoneWindow$DecorView@b418a1b0
D/InputEventConsistencyVerifier(  227):   0: sent at 259884000000, KeyEvent { action=ACTION_UP, keyCode=KEYCODE_DPAD_UP, scanCode=0, metaState=0, flags=0x400, repeatCount=0, eventTime=259884, downTime=259884, deviceId=-1, source=0x101 }
D/InputEventConsistencyVerifier(  227):   -- recent events --
D/InputEventConsistencyVerifier(  227):   1: sent at 259814000000, (unhandled) MotionEvent { action=ACTION_MOVE, id[0]=0, x[0]=4.0, y[0]=-4.0, toolType[0]=TOOL_TYPE_UNKNOWN, buttonState=0, metaState=0, flags=0x0, edgeFlags=0x0, pointerCount=1, historySize=9, eventTime=259814, downTime=-1, deviceId=0, source=0x10004 }
D/InputEventConsistencyVerifier(  227):   2: sent at 259683000000, (unhandled) KeyEvent { action=ACTION_UP, keyCode=KEYCODE_DPAD_LEFT, scanCode=0, metaState=0, flags=0x8, repeatCount=0, eventTime=259683, downTime=259683, deviceId=-1, source=0x101 }
D/InputEventConsistencyVerifier(  227):   3: sent at 259669000000, (unhandled) KeyEvent { action=ACTION_DOWN, keyCode=KEYCODE_DPAD_LEFT, scanCode=0, metaState=0, flags=0x8, repeatCount=0, eventTime=259669, downTime=259669, deviceId=-1, source=0x101 }
D/InputEventConsistencyVerifier(  227):   4: sent at 259663000000, (unhandled) KeyEvent { action=ACTION_UP, keyCode=KEYCODE_DPAD_DOWN, scanCode=0, metaState=0, flags=0x8, repeatCount=0, eventTime=259663, downTime=259663, deviceId=-1, source=0x101 }
D/InputEventConsistencyVerifier(  227):   5: sent at 259659000000, (unhandled) KeyEvent { action=ACTION_DOWN, keyCode=KEYCODE_DPAD_DOWN, scanCode=0, metaState=0, flags=0x8, repeatCount=0, eventTime=259659, downTime=259659, deviceId=-1, source=0x101 }
I/Choreographer(  227): Skipped 45 frames!  The application may be doing too much work on its main thread.
D/InputEventConsistencyVerifier(  227): KeyEvent: ACTION_UP but key was not down.
D/InputEventConsistencyVerifier(  227):   in com.android.internal.policy.impl.PhoneWindow$DecorView@b418a1b0
D/InputEventConsistencyVerifier(  227):   0: sent at 260402000000, KeyEvent { action=ACTION_UP, keyCode=KEYCODE_DPAD_DOWN, scanCode=0, metaState=0, flags=0x400, repeatCount=0, eventTime=260402, downTime=260402, deviceId=-1, source=0x101 }
D/InputEventConsistencyVerifier(  227):   -- recent events --
D/InputEventConsistencyVerifier(  227):   1: sent at 260387000000, (unhandled) MotionEvent { action=ACTION_MOVE, id[0]=0, x[0]=-2.0, y[0]=2.0, toolType[0]=TOOL_TYPE_UNKNOWN, buttonState=0, metaState=0, flags=0x0, edgeFlags=0x0, pointerCount=1, historySize=9, eventTime=260387, downTime=-1, deviceId=0, source=0x10004 }
D/InputEventConsistencyVerifier(  227):   2: sent at 260359000000, (unhandled) KeyEvent { action=ACTION_UP, keyCode=KEYCODE_MENU, scanCode=0, metaState=0, flags=0x8, repeatCount=0, eventTime=260359, downTime=260359, deviceId=-1, source=0x101 }
D/InputEventConsistencyVerifier(  227):   3: sent at 260322000000, (unhandled) KeyEvent { action=ACTION_DOWN, keyCode=KEYCODE_MENU, scanCode=0, metaState=0, flags=0x8, repeatCount=0, eventTime=260322, downTime=260322, deviceId=-1, source=0x101 }
