W/DroidBox(  961): DroidBox: { "FileRW": { "operation": "write", "data": "efbfbd3fefbfbdefbfbd5aefbfbdefbfbd64efbfbd28efbfbd64021a37efbfbdefbfbdefbfbd58770cefbfbd79efbfbd1b0e22efbfbd1defbfbdefbfbdefbfbd7cefbfbd486771efbfbdefbfbd0cefbfbd3043efbfbd024a7fefbfbdefbfbdefbfbdefbfbdefbfbd30efbfbdc68aefbfbdefbfbdefbfbd32efbfbdefbfbd5fefbfbd7f02504b03040a00000808001b55efbfbd3eefbfbd3a2b60efbfbd130000efbfbd2700004800000063", "id": "1181743112" } }
W/dalvikvm(  961): DroidBox: { "FdAccess": { "path": "2f646174612f646174612f73756e6b61792e45787072657373696f6e534d532f6c6f61646a61722f6d61696e6d6f64756c652e6a6172", "id": "212113487" } }
W/DroidBox(  961): DroidBox: { "FileRW": { "operation": "write", "data": "46efbfbd61efbfbd291778efbfbd42efbfbdc8942fefbfbd72efbfbd72efbfbd25efbfbd04d4bb46efbfbd6b0d097aefbfbd44efbfbdefbfbd1132efbfbdce8befbfbdd4ab47efbfbd7aefbfbd0d59efbfbd45efbfbdefbfbdefbfbd3259efbfbd4611efbfbd344a54efbfbdefbfbdefbfbd51efbfbd572eefbfbdefbfbd290953efbfbdefbfbd341befbfbd6248efbfbdefbfbdefbfbdefbfbd5cefbfbd5defbfbd2eefbfbd1228efbfbd04efbfbdefbfbd25efbfbdefbfbd", "id": "212113487" } }
W/dalvikvm(  961): DroidBox: { "FdAccess": { "path": "2f646174612f646174612f73756e6b61792e45787072657373696f6e534d532f6c6f61646a61722f6d61696e6d6f64756c652e6a6172", "id": "1567265377" } }
W/DroidBox(  961): DroidBox: { "FileRW": { "operation": "write", "data": "13efbfbdefbfbdefbfbd402d4f71efbfbd6052652c5e5f427f295e49efbfbd69efbfbd0d03efbfbd2973efbfbdefbfbdefbfbd05e38fb94eefbfbd186aefbfbd57efbfbd3befbfbdefbfbd0a1e74efbfbdefbfbd66597778efbfbd495a7b716d43efbfbdefbfbdefbfbdefbfbd75efbfbdefbfbd686d733cefbfbd7525efbfbd7befbfbdefbfbd02efbfbd06efbfbd31efbfbd1eefbfbd223318efbfbd5c1cefbfbd2b03efbfbd7aefbfbd55", "id": "1567265377" } }
W/dalvikvm(  961): DroidBox: { "FdAccess": { "path": "2f646174612f646174612f73756e6b61792e45787072657373696f6e534d532f6c6f61646a61722f6d61696e6d6f64756c652e6a6172", "id": "1198661737" } }
W/DroidBox(  961): DroidBox: { "FileRW": { "operation": "write", "data": "70efbfbd43efbfbd3eefbfbd0d2defbfbd5f1e60efbfbd19efbfbd554b1eefbfbdcd863cefbfbdefbfbdefbfbd4d066a3838efbfbd1c4b1eefbfbdefbfbdefbfbd731a046530efbfbdefbfbdefbfbd7679efbfbd7befbfbdefbfbdefbfbd65efbfbd7860efbfbdefbfbdefbfbd63efbfbd3aefbfbd4f222a173eefbfbd4cefbfbdefbfbd5d1eefbfbdefbfbd717942efbfbdefbfbd62efbfbdefbfbdefbfbd19efbfbd4d4befbfbdefbfbdefbfbd2cefbfbd3aefbfbd", "id": "1198661737" } }
W/dalvikvm(  961): DroidBox: { "FdAccess": { "path": "2f646174612f646174612f73756e6b61792e45787072657373696f6e534d532f6c6f61646a61722f6d61696e6d6f64756c652e6a6172", "id": "1509028745" } }
W/DroidBox(  961): DroidBox: { "FileRW": { "operation": "write", "data": "efbfbd20efbfbdefbfbd661c21efbfbdefbfbdefbfbd6fefbfbdefbfbdefbfbd01efbfbd79efbfbd7e1befbfbd0f17efbfbdd6acefbfbd51efbfbd742f69597334efbfbd667fefbfbdefbfbdefbfbdefbfbd1b2aefbfbd1defbfbdefbfbd2302efbfbdef8dbaefbfbdefbfbdd7ac0aefbfbd0eefbfbd0defbfbd1befbfbdefbfbd18253879087d12efbfbdefbfbd66efbfbdefbfbd3befbfbd1eefbfbd31d5aaefbfbd0027efbfbd6937efbfbd3420efbfbdefbfbd64", "id": "1509028745" } }
W/dalvikvm(  961): DroidBox: { "FdAccess": { "path": "2f646174612f646174612f73756e6b61792e45787072657373696f6e534d532f6c6f61646a61722f6d61696e6d6f64756c652e6a6172", "id": "938947472" } }
W/DroidBox(  961): DroidBox: { "FileRW": { "operation": "write", "data": "1a196d652defbfbd70c4adefbfbd2e525007efbfbd5856efbfbdefbfbd45efbfbdefbfbd2137efbfbdefbfbdefbfbd5aefbfbd54efbfbd08efbfbdefbfbd1d0adb976e244b7535efbfbd5e0666792c15efbfbd7aefbfbd5a27efbfbd6befbfbd19efbfbd55efbfbd0aefbfbdefbfbdefbfbd38efbfbd5bd680efbfbdefbfbd5aefbfbd2aefbfbd5170efbfbd3c05efbfbd19efbfbdefbfbdefbfbd3c0d7e575428efbfbdefbfbd43", "id": "938947472" } }
W/dalvikvm(  961): DroidBox: { "FdAccess": { "path": "2f646174612f646174612f73756e6b61792e45787072657373696f6e534d532f6c6f61646a61722f6d61696e6d6f64756c652e6a6172", "id": "2101585357" } }
W/DroidBox(  961): DroidBox: { "FileRW": { "operation": "write", "data": "51efbfbd5f621e7eefbfbd72efbfbd792e775defbfbd2358efbfbdefbfbdefbfbdefbfbd39efbfbdefbfbdefbfbdefbfbd161eefbfbdefbfbdefbfbdefbfbd72654e6a7419c2b80defbfbd23efbfbd127cefbfbd3aefbfbdefbfbdefbfbd4befbfbdefbfbdefbfbd4eefbfbd780943efbfbd2eefbfbd35efbfbdefbfbd153cefbfbdefbfbdefbfbd2cefbfbdefbfbd7b702f236016efbfbdefbfbd7defbfbd064f3eefbfbd6befbfbdefbfbd03efbfbd38173fc38378efbfbd51", "id": "2101585357" } }
I/AccountTypeManager(  683): Loaded meta-data for 1 account types, 0 accounts in 195ms(wall) 10ms(cpu)
W/dalvikvm(  961): DroidBox: { "FdAccess": { "path": "2f646174612f646174612f73756e6b61792e45787072657373696f6e534d532f6c6f61646a61722f6d61696e6d6f64756c652e6a6172", "id": "1274263749" } }
I/ActivityThread( 1014): Pub com.android.quicksearchbox.google: com.android.quicksearchbox.google.GoogleSuggestionProvider
W/DroidBox(  961): DroidBox: { "FileRW": { "operation": "write", "data": "5fefbfbdefbfbd74efbfbdefbfbd136bdbb1efbfbd5972efbfbdefbfbdefbfbdefbfbd45efbfbdefbfbdefbfbd637d59766507efbfbdefbfbd3a2a7cefbfbdefbfbd02176befbfbd7aefbfbd69efbfbdefbfbd48efbfbdefbfbd0246efbfbd62553466efbfbd2aefbfbdefbfbd4c7112efbfbd27efbfbdefbfbd4e4aefbfbd4b54c6b77fefbfbd5fefbfbd3a56157720d08eefbfbdefbfbd6576efbfbdefbfbd15efbfbdefbfbd1defbfbdefbfbd", "id": "1274263749" } }
W/dalvikvm(  961): DroidBox: { "FdAccess": { "path": "2f646174612f646174612f73756e6b61792e45787072657373696f6e534d532f6c6f61646a61722f6d61696e6d6f64756c652e6a6172", "id": "1528063365" } }
I/Choreographer(  600): Skipped 55 frames!  The application may be doing too much work on its main thread.
W/DroidBox(  961): DroidBox: { "FileRW": { "operation": "write", "data": "efbfbd5f4a7e35692befbfbd5f4d7eefbfbdefbfbd20efbfbdefbfbd48efbfbd727c29efbfbd09efbfbd2fefbfbdefbfbd2aefbfbd5cefbfbd11efbfbd70efbfbdefbfbd3eefbfbdefbfbdefbfbdefbfbd3cefbfbd1b6051efbfbd6978efbfbd193defbfbd02efbfbdefbfbdefbfbd64efbfbdefbfbd7300efbfbd49efbfbdefbfbd71d4aa137b587627efbfbd26efbfbd67efbfbdefbfbdefbfbde99ebfefbfbd05efbfbdefbfbdefbfbd3defbfbd76efbfbdefbfbdefbfbd6c60efbfbdefbfbd30", "id": "1528063365" } }
I/Launcher(  600): setLoadOnResume
W/dalvikvm(  961): DroidBox: { "FdAccess": { "path": "2f646174612f646174612f73756e6b61792e45787072657373696f6e534d532f6c6f61646a61722f6d61696e6d6f64756c652e6a6172", "id": "310374443" } }
W/DroidBox(  961): DroidBox: { "FileRW": { "operation": "write", "data": "d685efbfbd6a7f063d70efbfbd2fefbfbd41efbfbd057defbfbd18077defbfbdefbfbdefbfbdefbfbdefbfbd117defbfbdefbfbd7658efbfbd02efbfbd110aefbfbd76efbfbdde900fefbfbd23efbfbd2b4708efbfbd1768efbfbdefbfbdefbfbdefbfbd09efbfbdefbfbd42efbfbdefbfbdefbfbdefbfbdefbfbdefbfbd34efbfbd4c6d066aefbfbd42efbfbd587defbfbd007e34efbfbd7defbfbdefbfbd3770efbfbd00efbfbd3e23efbfbdefbfbd6c650f", "id": "310374443" } }
W/dalvikvm(  961): DroidBox: { "FdAccess": { "path": "2f646174612f646174612f73756e6b61792e45787072657373696f6e534d532f6c6f61646a61722f6d61696e6d6f64756c652e6a6172", "id": "1080373488" } }
I/ActivityThread( 1014): Pub com.android.quicksearchbox.shortcuts: com.android.quicksearchbox.ShortcutsProvider
W/dalvikvm(  985): DroidBox: { "FdAccess": { "path": "2f646174612f646174612f636f6d2e616e64726f69642e6d7573696366782f7368617265645f70726566732f6d7573696366782e786d6c", "id": "1545632380" } }
W/DroidBox(  985): DroidBox: { "FileRW": { "operation": "write", "data": "3c3f786d6c2076657273696f6e3d27312e302720656e636f64696e673d277574662d3827207374616e64616c6f6e653d2779657327203f3e0a3c6d61703e0a3c737472696e67206e616d653d2264656661756c7470616e656c7061636b616765223e636f", "id": "1545632380" } }
W/DroidBox(  961): DroidBox: { "FileRW": { "operation": "write", "data": "efbfbdefbfbd51efbfbdefbfbd1eefbfbdefbfbd1647771c76efbfbd467fefbfbd5f504b03040a00000808001b55efbfbd3e18efbfbd77efbfbd1b030000efbfbd0600004f000000636f6d2f656e65726779736f757263652f6d61696e6d6f64756c652f616e64726f69642f646f776e6c6f61644d6f64756c652f44", "id": "1080373488" } }
W/dalvikvm(  961): DroidBox: { "FdAccess": { "path": "2f646174612f646174612f73756e6b61792e45787072657373696f6e534d532f6c6f61646a61722f6d61696e6d6f64756c652e6a6172", "id": "861545456" } }
W/DroidBox(  961): DroidBox: { "FileRW": { "operation": "write", "data": "307058efbfbdefbfbdefbfbd56efbfbd2defbfbd3b39efbfbd183aefbfbd545ee6a2abefbfbdefbfbd2defbfbd61efbfbd65cd9d0cefbfbdefbfbdefbfbd564a2fefbfbdca9befbfbd60efbfbd4515efbfbdefbfbdefbfbd6b22d095efbfbd0adc9eefbfbd33efbfbdefbfbd25cf8befbfbd58efbfbd0635efbfbdefbfbd13efbfbd3e127defbfbd67efbfbdefbfbdefbfbdefbfbd67efbfbd48cd9f0befbfbd5c420fefbfbdefbfbd56efbfbd", "id": "861545456" } }
W/dalvikvm(  961): DroidBox: { "FdAccess": { "path": "2f646174612f646174612f73756e6b61792e45787072657373696f6e534d532f6c6f61646a61722f6d61696e6d6f64756c652e6a6172", "id": "2110679956" } }
W/DroidBox(  961): DroidBox: { "FileRW": { "operation": "write", "data": "efbfbdefbfbd122f64efbfbd22efbfbdefbfbd246eefbfbdefbfbdefbfbd78097f5eefbfbdefbfbd41efbfbdefbfbd31efbfbd72665e21efbfbdefbfbd285eefbfbd5733efbfbd1aefbfbdefbfbd32efbfbd45efbfbd754c5f2f712befbfbdefbfbd246e677aefbfbdc49d4cefbfbd20efbfbd46efbfbd6fefbfbdefbfbdefbfbdefbfbdefbfbd126f66efbfbd16efbfbdefbfbd327d1b477befbfbdefbfbdefbfbd75efbfbd43efbfbd3befbfbdefbfbd240aefbfbd10efbfbd77", "id": "2110679956" } }
W/dalvikvm(  961): DroidBox: { "FdAccess": { "path": "2f646174612f646174612f73756e6b61792e45787072657373696f6e534d532f6c6f61646a61722f6d61696e6d6f64756c652e6a6172", "id": "1627418633" } }
W/DroidBox(  961): DroidBox: { "FileRW": { "operation": "write", "data": "62efbfbd4e1befbfbd221e10efbfbdefbfbd2f19efbfbd321e34efbfbd101eefbfbd4aefbfbd59efbfbd151e4aefbfbdefbfbdefbfbd79efbfbd05efbfbd4aefbfbd570d7c0d5f37efbfbd0d7cefbfbdefbfbd2378efbfbd74efbfbdefbfbd6defbfbd5b78efbfbdefbfbdefbfbdefbfbd143defbfbdefbfbd53efbfbdefbfbd63efbfbdefbfbdefbfbdefbfbd71462d460defbfbd17303f544c45efbfbd23c5a40a25efbfbd72", "id": "1627418633" } }
W/dalvikvm(  961): DroidBox: { "FdAccess": { "path": "2f646174612f646174612f73756e6b61792e45787072657373696f6e534d532f6c6f61646a61722f6d61696e6d6f64756c652e6a6172", "id": "1892070757" } }
W/DroidBox(  961): DroidBox: { "FileRW": { "operation": "write", "data": "efbfbd12757befbfbd042d2748efbfbd2027efbfbdefbfbd4c37efbfbd5a2eefbfbd2befbfbd5a48e0b5bbefbfbd400273efbfbd6b02efbfbd2cefbfbdcd9b196b2775efbfbdefbfbd710fefbfbd41efbfbdefbfbd750eefbfbdefbfbd4710efbfbd2eefbfbd1defbfbde5adaa7354efbfbd58efbfbd1b145aefbfbdefbfbdefbfbdefbfbd055e5733efbfbd067a4965efbfbdefbfbd43efbfbd49571befbfbdefbfbd", "id": "1892070757" } }
W/dalvikvm(  961): DroidBox: { "FdAccess": { "path": "2f646174612f646174612f73756e6b61792e45787072657373696f6e534d532f6c6f61646a61722f6d61696e6d6f64756c652e6a6172", "id": "937084622" } }
W/DroidBox(  961): DroidBox: { "FileRW": { "operation": "write", "data": "5825efbfbdefbfbd6a71106befbfbd2d582befbfbdefbfbdefbfbdefbfbd08d689efbfbd70efbfbd781cefbfbdefbfbdefbfbd58efbfbdefbfbd4c5befbfbdefbfbdefbfbd0eefbfbd5a125defbfbd102eefbfbdefbfbd60efbfbd36efbfbd2b350befbfbdefbfbd7e6cefbfbd6eefbfbd26efbfbd466cefbfbd6eefbfbd1675efbfbd0eefbfbd20efbfbdefbfbd601043efbfbdefbfbdefbfbd07efbfbd0befbfbd40efbfbdefbfbdefbfbd3d720d76efbfbd2fefbfbdefbfbd5a1cefbfbd", "id": "937084622" } }
W/dalvikvm(  961): DroidBox: { "FdAccess": { "path": "2f646174612f646174612f73756e6b61792e45787072657373696f6e534d532f6c6f61646a61722f6d61696e6d6f64756c652e6a6172", "id": "2104161240" } }
W/DroidBox(  961): DroidBox: { "FileRW": { "operation": "write", "data": "49efbfbd146b53efbfbd3119efbfbdefbfbd1f6cefbfbd38efbfbdefbfbd66efbfbd760fefbfbdcba17e39cc92efbfbd65efbfbd2913efbfbd52efbfbd642defbfbd61efbfbd2975166661efbfbd6a38efbfbd50efbfbdefbfbdefbfbdefbfbd4cd1b5efbfbd75efbfbdefbfbdefbfbd285defbfbd68efbfbdefbfbd42395626efbfbdefbfbd50efbfbd0572efbfbd2a73efbfbd5253efbfbd12d28d4ed391efbfbd3a6fefbfbd253365", "id": "2104161240" } }
W/dalvikvm(  961): DroidBox: { "FdAccess": { "path": "2f646174612f646174612f73756e6b61792e45787072657373696f6e534d532f6c6f61646a61722f6d61696e6d6f64756c652e6a6172", "id": "988213975" } }
W/DroidBox(  961): DroidBox: { "FileRW": { "operation": "write", "data": "efbfbd644eefbfbd56efbfbd7072efbfbd5eefbfbd24185defbfbdefbfbd54efbfbdefbfbd494cefbfbd467338456146efbfbdefbfbdefbfbd6defbfbdefbfbdefbfbdefbfbd4939efbfbd74efbfbdefbfbdefbfbd44efbfbd72efbfbdc3a97857efbfbdefbfbd7eefbfbdefbfbd68efbfbd5aefbfbd04efbfbdefbfbd535c6a692acc8935efbfbd273666c981efbfbdefbfbd5458efbfbdefbfbd74597befbfbdefbfbdefbfbdefbfbd0d5a48efbfbd2b", "id": "988213975" } }
W/dalvikvm(  961): DroidBox: { "FdAccess": { "path": "2f646174612f646174612f73756e6b61792e45787072657373696f6e534d532f6c6f61646a61722f6d61696e6d6f64756c652e6a6172", "id": "1261393818" } }
W/DroidBox(  961): DroidBox: { "FileRW": { "operation": "write", "data": "26efbfbdefbfbd4368efbfbdefbfbdefbfbdefbfbd0751efbfbdefbfbdefbfbd0c71efbfbdefbfbdefbfbd731cefbfbdefbfbd3aefbfbd2fefbfbdefbfbd26efbfbdefbfbded94bbefbfbdefbfbdefbfbd61426defbfbd2f2d59efbfbd2ed292efbfbdefbfbd3f786d5defbfbd3fefbfbdefbfbdefbfbd4defbfbdefbfbd52efbfbdefbfbd4951c595efbfbd074aefbfbd53744d1befbfbdefbfbd3c1b5fefbfbdefbfbd362ec7bfefbfbd482161efbfbd47efbfbd0d", "id": "1261393818" } }
W/dalvikvm(  961): DroidBox: { "FdAccess": { "path": "2f646174612f646174612f73756e6b61792e45787072657373696f6e534d532f6c6f61646a61722f6d61696e6d6f64756c652e6a6172", "id": "1395744831" } }
W/DroidBox(  961): DroidBox: { "FileRW": { "operation": "write", "data": "efbfbdefbfbdefbfbd3c4cefbfbdefbfbd2e495209efbfbd5befbfbdefbfbd2defbfbd07efbfbd781a49040defbfbdefbfbd6aefbfbd00efbfbdefbfbdefbfbd750413efbfbdefbfbd7fefbfbd62ec9fbb07efbfbdefbfbd447c63efbfbd2c0a0defbfbd32efbfbdefbfbd3e2c192875efbfbdeab0acefbfbd76efbfbdefbfbd58efbfbdefbfbdefbfbd12efbfbd78605e7aefbfbd1134efbfbd566c1cefbfbd5eefbfbd7b7178105f", "id": "1395744831" } }
W/dalvikvm(  961): DroidBox: { "FdAccess": { "path": "2f646174612f646174612f73756e6b61792e45787072657373696f6e534d532f6c6f61646a61722f6d61696e6d6f64756c652e6a6172", "id": "454264851" } }
W/DroidBox(  961): DroidBox: { "FileRW": { "operation": "write", "data": "50efbfbd6a1a281f032e7434efbfbd0e2e257befbfbdefbfbd5eefbfbd715cefbfbdefbfbdc4b228efbfbdd9a9efbfbdefbfbd3cefbfbdefbfbdefbfbd18efbfbdefbfbdefbfbd0250efbfbd315aefbfbd1aefbfbd65efbfbdefbfbd3c070908efbfbdefbfbd0d1cefbfbd5fefbfbdefbfbd0eefbfbdefbfbd3e59743befbfbd4d6eefbfbdefbfbd7defbfbdefbfbd75efbfbdefbfbdefbfbdefbfbd60e7b39cefbfbd5862efbfbdefbfbd0a7befbfbd7cefbfbdefbfbd", "id": "454264851" } }
W/dalvikvm(  961): DroidBox: { "FdAccess": { "path": "2f646174612f646174612f73756e6b61792e45787072657373696f6e534d532f6c6f61646a61722f6d61696e6d6f64756c652e6a6172", "id": "1036770499" } }
W/DroidBox(  961): DroidBox: { "FileRW": { "operation": "write", "data": "3fefbfbd37efbfbd574059efbfbd561cefbfbd3aefbfbd7575d886efbfbd6017efbfbd18efbfbdefbfbd57efbfbd0a5defbfbdefbfbdefbfbdefbfbdefbfbdefbfbd54efbfbd395cefbfbd53efbfbd094eefbfbd0f4cefbfbd0f67efbfbdefbfbd7cefbfbd7defbfbd7c65efbfbd7f3b2eefbfbd1f54efbfbd4c631fefbfbd152a0a7aefbfbd0e0e16efbfbdefbfbd73efbfbdefbfbdefbfbd18efbfbdefbfbd23efbfbd28cba12371587427", "id": "1036770499" } }
W/dalvikvm(  961): DroidBox: { "FdAccess": { "path": "2f646174612f646174612f73756e6b61792e45787072657373696f6e534d532f6c6f61646a61722f6d61696e6d6f64756c652e6a6172", "id": "2135871766" } }
W/DroidBox(  961): DroidBox: { "FileRW": { "operation": "write", "data": "4148efbfbdefbfbd2265efbfbd636cefbfbdefbfbdefbfbd2eefbfbd5defbfbd11efbfbdefbfbd6defbfbd05ca8d284fefbfbd7b44efbfbdefbfbdd182efbfbdefbfbd61efbfbdefbfbd063f2065efbfbd706305efbfbd25efbfbd47efbfbdd18cefbfbd703f57efbfbd6c2cefbfbd03efbfbd67efbfbd412e53efbfbdefbfbdefbfbd232b634756c68eefbfbd0c4219efbfbd09efbfbdefbfbd7d3466efbfbd493befbfbdefbfbdefbfbd2676efbfbd", "id": "2135871766" } }
W/dalvikvm(  961): DroidBox: { "FdAccess": { "path": "2f646174612f646174612f73756e6b61792e45787072657373696f6e534d532f6c6f61646a61722f6d61696e6d6f64756c652e6a6172", "id": "1595655708" } }
W/DroidBox(  961): DroidBox: { "FileRW": { "operation": "write", "data": "4defbfbdefbfbd324b0eefbfbd461923efbfbd52efbfbdefbfbd36266365efbfbd1c2c17efbfbd38efbfbd46efbfbdefbfbd66192fefbfbdefbfbd2172efbfbd1c2eefbfbdefbfbd04795626caab522befbfbd4befbfbdefbfbd56263931efbfbd1befbfbd1261543fefbfbd5d4cefbfbdefbfbdc793efbfbd314aefbfbd1c13efbfbd134657efbfbd54612cefbfbd1aefbfbd37efbfbdefbfbdefbfbdefbfbd53efbfbd0cefbfbd30", "id": "1595655708" } }
W/dalvikvm(  961): DroidBox: { "FdAccess": { "path": "2f646174612f646174612f73756e6b61792e45787072657373696f6e534d532f6c6f61646a61722f6d61696e6d6f64756c652e6a6172", "id": "759954261" } }
W/DroidBox(  961): DroidBox: { "FileRW": { "operation": "write", "data": "74efbfbd214aefbfbdefbfbdefbfbd11efbfbd39efbfbdefbfbd59efbfbdefbfbd487fefbfbdefbfbd051e7aefbfbd154eefbfbdefbfbd6234efbfbdefbfbd0cefbfbdefbfbd6f0defbfbdefbfbdefbfbdefbfbd7defbfbd70efbfbdefbfbd5107efbfbd7f0766efbfbdc692efbfbd26efbfbdefbfbd44efbfbdefbfbd2d661c4aefbfbdefbfbd6c78efbfbdefbfbdefbfbd75efbfbd5328efbfbd734b5956366a446fefbfbddb8fefbfbdefbfbdefbfbd60efbfbd", "id": "759954261" } }
W/dalvikvm(  961): DroidBox: { "FdAccess": { "path": "2f646174612f646174612f73756e6b61792e45787072657373696f6e534d532f6c6f61646a61722f6d61696e6d6f64756c652e6a6172", "id": "2111039638" } }
W/dalvikvm(  853): DroidBox: { "FdAccess": { "path": "2f646174612f646174612f636f6d2e616e64726f69642e67616c6c65727933642f7368617265645f70726566732f636f6d2e616e64726f69642e67616c6c65727933645f707265666572656e6365732e786d6c", "id": "29426420" } }
W/DroidBox(  853): DroidBox: { "FileRW": { "operation": "write", "data": "3c3f786d6c2076657273696f6e3d27312e302720656e636f64696e673d277574662d3827207374616e64616c6f6e653d2779657327203f3e0a3c6d61703e0a3c696e74206e616d653d227061636b616765732d76657273696f6e222076616c75653d2237", "id": "29426420" } }
W/DroidBox(  961): DroidBox: { "FileRW": { "operation": "write", "data": "efbfbdefbfbdefbfbd4defbfbd09efbfbd2022efbfbdefbfbd2424efbfbd2022efbfbdefbfbd49d882491012efbfbd56273337efbfbdefbfbd6426efbfbd4cd8acd68defbfbd15efbfbdefbfbd2b2d756b355aefbfbdefbfbdefbfbd24181457efbfbdefbfbd56efbfbd5befbfbd5e4befbfbdefbfbdefbfbd5aefbfbd7b3e2b3defbfbdde99c9840c21efbfbdefbfbdefbfbdefbfbd7eefbfbdefbfbdefbfbdefbfbdefbfbd7fefbfbd37efbfbd7eefbfbdefbfbdefbfbd", "id": "2111039638" } }
W/dalvikvm(  961): DroidBox: { "FdAccess": { "path": "2f646174612f646174612f73756e6b61792e45787072657373696f6e534d532f6c6f61646a61722f6d61696e6d6f64756c652e6a6172", "id": "1994279898" } }
W/DroidBox(  961): DroidBox: { "FileRW": { "operation": "write", "data": "efbfbd76efbfbd30efbfbdd98cefbfbd5453efbfbdefbfbdca9aefbfbdefbfbd5c79efbfbd2fefbfbdefbfbd314366efbfbd795334efbfbd1eefbfbd566f20efbfbd1aefbfbd074defbfbd37e48f84037e4f6aefbfbd67efbfbd2cefbfbd02efbfbd4562efbfbd1502efbfbd2638efbfbd5e75efbfbdefbfbd39efbfbd502036efbfbdefbfbdefbfbd2e5ac9b3efbfbd613fefbfbd3aefbfbd3a10326befbfbd5b1befbfbd", "id": "1994279898" } }
W/dalvikvm(  961): DroidBox: { "FdAccess": { "path": "2f646174612f646174612f73756e6b61792e45787072657373696f6e534d532f6c6f61646a61722f6d61696e6d6f64756c652e6a6172", "id": "1223784565" } }
W/DroidBox(  961): DroidBox: { "FileRW": { "operation": "write", "data": "efbfbd735a6befbfbdefbfbd204cefbfbdefbfbdefbfbdefbfbd457defbfbd400b311cefbfbd7a5b05efbfbdefbfbdda83efbfbd53efbfbdefbfbdefbfbd1959efbfbdefbfbd7148efbfbdefbfbd2658efbfbdefbfbdefbfbd1aefbfbd35efbfbdefbfbd1e3eefbfbd43efbfbdefbfbdefbfbd1befbfbdefbfbd0963efbfbdefbfbdefbfbd1b72efbfbdefbfbd06efbfbd1f5befbfbdefbfbdefbfbdefbfbdefbfbdefbfbdefbfbd23efbfbd2cefbfbdd9ac5d26efbfbd0eefbfbd390874efbfbdefbfbd", "id": "1223784565" } }
W/dalvikvm(  961): DroidBox: { "FdAccess": { "path": "2f646174612f646174612f73756e6b61792e45787072657373696f6e534d532f6c6f61646a61722f6d61696e6d6f64756c652e6a6172", "id": "1652431100" } }
W/DroidBox(  961): DroidBox: { "FileRW": { "operation": "write", "data": "6776efbfbd45efbfbdefbfbdefbfbd1eefbfbdefbfbd3dd38fc8b4126e33efbfbd51efbfbd39420c39063d46efbfbdefbfbd48efbfbd644e13efbfbd72efbfbddfa0efbfbdefbfbd2a4fefbfbd0d2a3d2957efbfbd27efbfbd4fefbfbd193f19070eefbfbdefbfbd1c2aefbfbdefbfbd2b23efbfbd54efbfbdefbfbdefbfbd670c7aefbfbdefbfbd33efbfbd797aefbfbdefbfbdefbfbd1cefbfbd30434aefbfbd5befbfbd1c6c6124", "id": "1652431100" } }
W/dalvikvm(  961): DroidBox: { "FdAccess": { "path": "2f646174612f646174612f73756e6b61792e45787072657373696f6e534d532f6c6f61646a61722f6d61696e6d6f64756c652e6a6172", "id": "1561883229" } }
W/DroidBox(  961): DroidBox: { "FileRW": { "operation": "write", "data": "efbfbdefbfbd093374efbfbd5b2e19efbfbd471defbfbdefbfbd3cefbfbdefbfbd66efbfbd39efbfbd623d1defbfbdefbfbd387eefbfbdefbfbdefbfbd06eeb8abefbfbdefbfbdca8b51634125efbfbd46efbfbd0d59244fefbfbd450339da97efbfbd70c2a53defbfbd3d13efbfbdefbfbd1f1c653fefbfbdefbfbdefbfbd0fefbfbd7146efbfbdefbfbd69197c624d4551efbfbd4f13dd863971522eefbfbdefbfbdefbfbd", "id": "1561883229" } }
W/dalvikvm(  961): DroidBox: { "FdAccess": { "path": "2f646174612f646174612f73756e6b61792e45787072657373696f6e534d532f6c6f61646a61722f6d61696e6d6f64756c652e6a6172", "id": "996628630" } }
W/DroidBox(  961): DroidBox: { "FileRW": { "operation": "write", "data": "efbfbd63efbfbd1176efbfbdefbfbd47c594efbfbdefbfbd15670eefbfbdcc9a33c4bd7a7e2cefbfbd31efbfbd6eefbfbd0a40efbfbd02efbfbd440848efbfbdefbfbd49efbfbdefbfbd5b6172efbfbdefbfbdefbfbd66efbfbdefbfbd1e4944efbfbd5f6c6766386520efbfbdefbfbdefbfbdefbfbd6d4cefbfbd65efbfbdefbfbdefbfbd5674efbfbd4aefbfbd777b75efbfbd55efbfbddbbfefbfbdefbfbd09efbfbd68efbfbd60efbfbd26efbfbd25", "id": "996628630" } }
W/dalvikvm(  961): DroidBox: { "FdAccess": { "path": "2f646174612f646174612f73756e6b61792e45787072657373696f6e534d532f6c6f61646a61722f6d61696e6d6f64756c652e6a6172", "id": "637224641" } }
W/DroidBox(  961): DroidBox: { "FileRW": { "operation": "write", "data": "67efbfbd31efbfbd274e2cefbfbd77efbfbd31efbfbd05287015efbfbdefbfbd49efbfbdcabf567a3309efbfbd6056efbfbd2057efbfbdefbfbdefbfbdefbfbd1aefbfbddd853971efbfbdefbfbdefbfbd3c19efbfbd4f0defbfbd23efbfbdefbfbdd4b042efbfbdefbfbdefbfbdefbfbd02192e4c0d17efbfbd70716aefbfbd44efbfbd55712cefbfbdefbfbdefbfbdd2af4e2defbfbdc890efbfbdefbfbd2cefbfbd533a0e36efbfbdefbfbdefbfbd", "id": "637224641" } }
W/dalvikvm(  961): DroidBox: { "FdAccess": { "path": "2f646174612f646174612f73756e6b61792e45787072657373696f6e534d532f6c6f61646a61722f6d61696e6d6f64756c652e6a6172", "id": "1461123610" } }
W/DroidBox(  961): DroidBox: { "FileRW": { "operation": "write", "data": "5fefbfbd4befbfbdefbfbd3cefbfbdd2966eefbfbdefbfbd2170464d17efbfbd5befbfbdefbfbd7defbfbd44efbfbd64efbfbd59efbfbdefbfbdcd82045d23614636efbfbde59084efbfbd455aefbfbd25efbfbd287758efbfbdefbfbd46efbfbd54efbfbdefbfbdefbfbd51efbfbd0fcbbe53efbfbdefbfbdefbfbdefbfbd3befbfbdefbfbd28efbfbdefbfbdc5a0efbfbdefbfbd2f4e6a6ec7a06eefbfbdefbfbdefbfbd4d65391defbfbd67", "id": "1461123610" } }
W/dalvikvm(  961): DroidBox: { "FdAccess": { "path": "2f646174612f646174612f73756e6b61792e45787072657373696f6e534d532f6c6f61646a61722f6d61696e6d6f64756c652e6a6172", "id": "1828570610" } }
W/DroidBox(  961): DroidBox: { "FileRW": { "operation": "write", "data": "54efbfbdefbfbd12572b63efbfbd12cba8efbfbd50efbfbdefbfbd37efbfbd2d07efbfbd5331efbfbd325e610d4d5056efbfbd55efbfbd11ccad2cefbfbdefbfbd2f07efbfbdefbfbdefbfbdefbfbd3a23efbfbd74efbfbd126f305a69efbfbdefbfbdefbfbdefbfbd4dc6a85cefbfbd6fefbfbd50efbfbdefbfbd7cefbfbdefbfbdefbfbdefbfbdefbfbdefbfbd5c0befbfbd140befbfbdefbfbd28efbfbd79efbfbdc5bbefbfbd3d3c27c8b4", "id": "1828570610" } }
W/dalvikvm(  961): DroidBox: { "FdAccess": { "path": "2f646174612f646174612f73756e6b61792e45787072657373696f6e534d532f6c6f61646a61722f6d61696e6d6f64756c652e6a6172", "id": "1489259289" } }
W/DroidBox(  961): DroidBox: { "FileRW": { "operation": "write", "data": "27efbfbdefbfbd31efbfbd07efbfbd78efbfbd341f10efbfbd3e11efbfbdefbfbd03efbfbd600c0fefbfbd432a1eefbfbdefbfbd7261efbfbd301e11efbfbd61511f15efbfbd4762efbfbd281eefbfbd255fefbfbd5eefbfbd17efbfbdefbfbd311147efbfbdefbfbdefbfbd6364efbfbd28efbfbdefbfbd31efbfbd02efbfbdefbfbd2fc598efbfbdefbfbd317c12efbfbd12efbfbd6915efbfbd237842efbfbdefbfbd27557c5641", "id": "1489259289" } }
W/dalvikvm(  961): DroidBox: { "FdAccess": { "path": "2f646174612f646174612f73756e6b61792e45787072657373696f6e534d532f6c6f61646a61722f6d61696e6d6f64756c652e6a6172", "id": "1653966057" } }
W/DroidBox(  961): DroidBox: { "FileRW": { "operation": "write", "data": "49c397efbfbd15efbfbd6aefbfbd2aefbfbdefbfbdefbfbd353cefbfbdefbfbd086aefbfbdefbfbd5cefbfbd4aefbfbd71efbfbdefbfbdefbfbd565befbfbdefbfbdefbfbdefbfbd55efbfbd750defbfbdefbfbd3735efbfbdc2b748435cefbfbdefbfbde2b48633286838efbfbdefbfbdefbfbdefbfbdefbfbd390dcf8b7841627d57c48b22efbfbd27efbfbd2511efbfbdefbfbd09efbfbd21efbfbd3fefbfbdefbfbd43efbfbdefbfbd48c48f45efbfbd44efbfbd", "id": "1653966057" } }
W/dalvikvm(  961): DroidBox: { "FdAccess": { "path": "2f646174612f646174612f73756e6b61792e45787072657373696f6e534d532f6c6f61646a61722f6d61696e6d6f64756c652e6a6172", "id": "1002153436" } }
W/DroidBox(  961): DroidBox: { "FileRW": { "operation": "write", "data": "efbfbd1befbfbdefbfbdefbfbdddb928efbfbd2a371c4fefbfbd28efbfbd61efbfbd0ade907defbfbdefbfbdefbfbd3a6b6fefbfbdefbfbd0e713e6d673628efbfbd3a7befbfbd63efbfbdefbfbdefbfbd742c7defbfbdefbfbd4f1a5e6e721567efbfbdefbfbdefbfbd12ec9091efbfbd670defbfbd6959efbfbd6e3b2aefbfbdefbfbd5035713d47efbfbdefbfbd325339efbfbd7f436c273eefbfbd410b3449efbfbd", "id": "1002153436" } }
W/dalvikvm(  961): DroidBox: { "FdAccess": { "path": "2f646174612f646174612f73756e6b61792e45787072657373696f6e534d532f6c6f61646a61722f6d61696e6d6f64756c652e6a6172", "id": "662969414" } }
W/DroidBox(  961): DroidBox: { "FileRW": { "operation": "write", "data": "0fefbfbdefbfbd5d78efbfbd5e2fefbfbd6e5e68efbfbdefbfbd2befbfbd7e0defbfbdefbfbd69efbfbd78efbfbd4cefbfbd6f30efbfbd7764efbfbd3147efbfbdefbfbdefbfbd6f64efbfbd1aefbfbdefbfbd641fefbfbdcab9efbfbd7cefbfbdefbfbd43efbfbdd6abefbfbd5eefbfbdefbfbdefbfbd56efbfbd7befbfbd7c6aefbfbdefbfbd386e23efbfbd10efbfbd1cefbfbdefbfbdefbfbd64efbfbd2149efbfbdefbfbdefbfbd61efbfbdefbfbd1defbfbd23efbfbd2972efbfbd01efbfbdefbfbd74", "id": "662969414" } }
I/ActivityManager(  225): No longer want com.android.provision (pid 543): hidden #16
W/dalvikvm(  961): DroidBox: { "FdAccess": { "path": "2f646174612f646174612f73756e6b61792e45787072657373696f6e534d532f6c6f61646a61722f6d61696e6d6f64756c652e6a6172", "id": "806073241" } }
W/DroidBox(  961): DroidBox: { "FileRW": { "operation": "write", "data": "d1992203cb85efbfbd3a46050eefbfbdefbfbdefbfbd5fefbfbd63efbfbdefbfbd2c4338eb94a941efbfbdefbfbd6ddcaa55efbfbdefbfbd2a7cefbfbd3244efbfbdefbfbd12efbfbd66efbfbd6b0a3b70efbfbdefbfbd05efbfbd7868efbfbd187eefbfbdefbfbddc9154efbfbdefbfbd1b21efbfbdefbfbd29efbfbdefbfbd3b4befbfbd64efbfbdefbfbdefbfbd7c29efbfbd0fefbfbdefbfbdefbfbd64efbfbd20efbfbdefbfbdefbfbdc29fefbfbd", "id": "806073241" } }
W/dalvikvm(  961): DroidBox: { "FdAccess": { "path": "2f646174612f646174612f73756e6b61792e45787072657373696f6e534d532f6c6f61646a61722f6d61696e6d6f64756c652e6a6172", "id": "375281100" } }
W/DroidBox(  961): DroidBox: { "FileRW": { "operation": "write", "data": "efbfbd2fefbfbdefbfbd4f2167efbfbdefbfbd61efbfbd64efbfbdefbfbd1befbfbdefbfbd097c07504b03040a00000808001b55efbfbd3eefbfbdefbfbd6e52740a00003c17000044000000636f6d2f656e65726779736f757263652f6d61696e6d6f64756c652f616e64726f69642f72656769737465724d6f64756c", "id": "375281100" } }
W/dalvikvm(  961): DroidBox: { "FdAccess": { "path": "2f646174612f646174612f73756e6b61792e45787072657373696f6e534d532f6c6f61646a61722f6d61696e6d6f64756c652e6a6172", "id": "1750383437" } }
W/DroidBox(  961): DroidBox: { "FileRW": { "operation": "write", "data": "7aefbfbd4aefbfbdeab684596defbfbd0befbfbd68efbfbd2cefbfbd15d68aefbfbd04efbfbd53365befbfbd1eefbfbdefbfbdefbfbd49efbfbdefbfbdefbfbdefbfbd04efbfbdefbfbd1d493defbfbd18efbfbdefbfbd6befbfbd1c3defbfbd67efbfbdefbfbd17efbfbd4cefbfbd4768efbfbdefbfbd6befbfbdcfa21defbfbdefbfbd4464efbfbd7defbfbdefbfbdefbfbd09474b6eefbfbd6b19efbfbdefbfbd321e64efbfbdefbfbd78efbfbd192a614201efbfbd17", "id": "1750383437" } }
W/dalvikvm(  961): DroidBox: { "FdAccess": { "path": "2f646174612f646174612f73756e6b61792e45787072657373696f6e534d532f6c6f61646a61722f6d61696e6d6f64756c652e6a6172", "id": "703515624" } }
W/DroidBox(  961): DroidBox: { "FileRW": { "operation": "write", "data": "efbfbdefbfbdefbfbd567aefbfbd38efbfbd2a2d37efbfbd54efbfbdefbfbd1754efbfbdefbfbdefbfbd54efbfbdefbfbd1615efbfbdefbfbdefbfbd45efbfbdefbfbd37efbfbd19efbfbdefbfbd1a15efbfbdefbfbdefbfbd65efbfbdefbfbdefbfbd0fefbfbdefbfbd1f55efbfbd09efbfbdefbfbd48efbfbd64efbfbdefbfbd3fefbfbdefbfbd10de88efbfbd55efbfbdefbfbd3755efbfbd25efbfbdefbfbdefbfbdefbfbd414eefbfbdefbfbdf09a8abf0befbfbd72efbfbdefbfbd31efbfbdefbfbdefbfbdefbfbd5a", "id": "703515624" } }
W/dalvikvm(  961): DroidBox: { "FdAccess": { "path": "2f646174612f646174612f73756e6b61792e45787072657373696f6e534d532f6c6f61646a61722f6d61696e6d6f64756c652e6a6172", "id": "781429494" } }
W/DroidBox(  961): DroidBox: { "FileRW": { "operation": "write", "data": "efbfbd5939784457efbfbd5818efbfbd090262472defbfbd5635efbfbd54efbfbd52efbfbdefbfbd50efbfbdefbfbd66efbfbd12083956efbfbd1aefbfbd29efbfbdefbfbd1170efbfbdefbfbd40efbfbd6d47efbfbd36efbfbd3c34dd8befbfbd36efbfbd6532efbfbdefbfbdd4a83f4cefbfbd0fefbfbd38efbfbdefbfbd02efbfbd20efbfbdefbfbdefbfbd40efbfbdefbfbd76efbfbd6befbfbdefbfbd41efbfbdefbfbd0c724900efbfbdefbfbd3a66efbfbd1f4703", "id": "781429494" } }
W/SocketClient(   56): write error (Broken pipe)
W/dalvikvm(  961): DroidBox: { "FdAccess": { "path": "2f646174612f646174612f73756e6b61792e45787072657373696f6e534d532f6c6f61646a61722f6d61696e6d6f64756c652e6a6172", "id": "325273475" } }
W/DroidBox(  961): DroidBox: { "FileRW": { "operation": "write", "data": "efbfbdefbfbd0aefbfbd2befbfbdefbfbdefbfbdefbfbdefbfbd11efbfbdefbfbd2a68efbfbdefbfbd1320efbfbdefbfbd05456befbfbdefbfbdefbfbd21efbfbd79efbfbdefbfbd3eefbfbdefbfbd2eefbfbdefbfbd36efbfbd115fdc8fefbfbdefbfbd2defbfbd135ccfa5efbfbd4fd291efbfbdefbfbdefbfbd612848efbfbdefbfbd0a2ad9bf7474efbfbd2defbfbdefbfbd1eefbfbd54efbfbd246f50efbfbd7700efbfbdefbfbdefbfbdefbfbd4d543b732f66", "id": "325273475" } }
W/dalvikvm(  961): DroidBox: { "FdAccess": { "path": "2f646174612f646174612f73756e6b61792e45787072657373696f6e534d532f6c6f61646a61722f6d61696e6d6f64756c652e6a6172", "id": "1522888380" } }
W/DroidBox(  961): DroidBox: { "FileRW": { "operation": "write", "data": "7c2defbfbd195b780d46efbfbd7a1dd1b3efbfbd58060a78efbfbdefbfbd6719efbfbdefbfbdefbfbd7eefbfbd67efbfbd7eefbfbdefbfbd48efbfbd5e62efbfbd7aefbfbdefbfbd3cefbfbdefbfbd38efbfbdefbfbd5ecebfefbfbdefbfbdefbfbd55dfae320ed18fefbfbdefbfbd53efbfbd15efbfbdefbfbdefbfbdefbfbdefbfbd6d646328651eefbfbdefbfbd39efbfbdefbfbd1a77603f050668efbfbdefbfbdefbfbd185b4511efbfbdefbfbd5cefbfbd", "id": "1522888380" } }
W/dalvikvm(  961): DroidBox: { "FdAccess": { "path": "2f646174612f646174612f73756e6b61792e45787072657373696f6e534d532f6c6f61646a61722f6d61696e6d6f64756c652e6a6172", "id": "694375544" } }
W/DroidBox(  961): DroidBox: { "FileRW": { "operation": "write", "data": "efbfbd613333c5a4efbfbd3b6cefbfbdefbfbdefbfbdefbfbd26efbfbd342c10efbfbd7653efbfbdefbfbdefbfbddb8e75686a62efbfbd4ecdb1efbfbd25efbfbdefbfbd4933336c666defbfbd2f0803efbfbd693b2760d8b9efbfbdefbfbd64efbfbdefbfbd2cefbfbd595eefbfbd341019efbfbd016ad296efbfbd5fefbfbd3411697aefbfbdefbfbdefbfbd72efbfbdefbfbd16efbfbd21efbfbd7b49311214efbfbd390c24", "id": "694375544" } }
W/dalvikvm(  961): DroidBox: { "FdAccess": { "path": "2f646174612f646174612f73756e6b61792e45787072657373696f6e534d532f6c6f61646a61722f6d61696e6d6f64756c652e6a6172", "id": "475349894" } }
W/DroidBox(  961): DroidBox: { "FileRW": { "operation": "write", "data": "efbfbdefbfbd55efbfbd0709742cefbfbdefbfbdefbfbd4eefbfbdefbfbdefbfbdefbfbd5fefbfbdefbfbdd0b304efbfbd58efbfbdefbfbd6e7eefbfbdefbfbdefbfbdefbfbd3cefbfbdefbfbdefbfbdefbfbdefbfbd6a31efbfbd352512efbfbd14efbfbdefbfbd7eefbfbd373f1e36efbfbd060840efbfbddd902befbfbd6cefbfbd6a6647efbfbd5cefbfbd28efbfbdefbfbd0befbfbd640104efbfbd6607efbfbd18efbfbd643765efbfbdefbfbd1eefbfbd0b11efbfbdefbfbd", "id": "475349894" } }
W/dalvikvm(  961): DroidBox: { "FdAccess": { "path": "2f646174612f646174612f73756e6b61792e45787072657373696f6e534d532f6c6f61646a61722f6d61696e6d6f64756c652e6a6172", "id": "156635843" } }
E/WVMExtractor(   62): Failed to open libwvm.so
W/DroidBox(  961): DroidBox: { "FileRW": { "operation": "write", "data": "efbfbdefbfbd7defbfbd2210efbfbdefbfbdefbfbd4622efbfbd741befbfbd5befbfbd5defbfbd551c0fefbfbd0befbfbdefbfbd2f504b03040a00000808001b55efbfbd3e11efbfbd34efbfbd0d020000efbfbd04000051000000636f6d2f656e65726779736f757263652f6d61696e6d6f64756c652f616e64726f69642f72656769737465", "id": "156635843" } }
W/dalvikvm(  961): DroidBox: { "FdAccess": { "path": "2f646174612f646174612f73756e6b61792e45787072657373696f6e534d532f6c6f61646a61722f6d61696e6d6f64756c652e6a6172", "id": "990505849" } }
W/DroidBox(  961): DroidBox: { "FileRW": { "operation": "write", "data": "3123efbfbd484fefbfbd556fefbfbd21efbfbd55efbfbd6159151eddb5efbfbd19efbfbd77cc9c2a51efbfbdefbfbd76efbfbdefbfbd0e56d09defbfbd541f57efbfbd53efbfbd36efbfbd43761eefbfbdefbfbd02c59755efbfbd777153c9a3134eefbfbdefbfbd32efbfbd07504b03040a00000808001b55efbfbd3e394d3c18efbfbd150000efbfbd2d000047000000636f", "id": "990505849" } }
W/dalvikvm(  961): DroidBox: { "FdAccess": { "path": "2f646174612f646174612f73756e6b61792e45787072657373696f6e534d532f6c6f61646a61722f6d61696e6d6f64756c652e6a6172", "id": "1643550507" } }
W/DroidBox(  961): DroidBox: { "FileRW": { "operation": "write", "data": "17efbfbdefbfbdefbfbd32efbfbd6defbfbd2fefbfbd3eefbfbdefbfbd650b7e05efbfbdefbfbdefbfbdefbfbd58efbfbdefbfbd2b78efbfbdefbfbdefbfbd50efbfbd7c3aefbfbd15efbfbd57efbfbd6f59efbfbdefbfbdefbfbd1cefbfbd0fefbfbd2befbfbdefbfbd26efbfbdc89070253eefbfbdefbfbd29efbfbd205befbfbd21efbfbd3c2cefbfbd01190fefbfbd1e310befbfbdefbfbd5e0b5cefbfbd7d0a4e53efbfbd1105deb6efbfbd21ecb790", "id": "1643550507" } }
W/dalvikvm(  961): DroidBox: { "FdAccess": { "path": "2f646174612f646174612f73756e6b61792e45787072657373696f6e534d532f6c6f61646a61722f6d61696e6d6f64756c652e6a6172", "id": "804952330" } }
W/DroidBox(  961): DroidBox: { "FileRW": { "operation": "write", "data": "555a6befbfbdefbfbdefbfbdefbfbd05744befbfbd0e69efbfbd46efbfbd70efbfbd463f660fefbfbd1defbfbd02efbfbd726f7752051d61efbfbd12efbfbd6803efbfbd46efbfbd19efbfbdefbfbd0b3a6a025defbfbd08efbfbdefbfbdefbfbdefbfbdefbfbdefbfbdefbfbd36efbfbdefbfbdefbfbdc98a685befbfbd16d2bcefbfbdefbfbd4cefbfbd51efbfbd122d1504efbfbdefbfbd74634134efbfbdefbfbd3b2eefbfbd7511efbfbd36efbfbd", "id": "804952330" } }
W/dalvikvm(  961): DroidBox: { "FdAccess": { "path": "2f646174612f646174612f73756e6b61792e45787072657373696f6e534d532f6c6f61646a61722f6d61696e6d6f64756c652e6a6172", "id": "886701188" } }
W/DroidBox(  961): DroidBox: { "FileRW": { "operation": "write", "data": "efbfbdefbfbd07efbfbdefbfbd2eefbfbdefbfbd1cefbfbdefbfbdefbfbd25efbfbdd6a8d3aeefbfbd71efbfbd2c181c5217efbfbdefbfbd2a3c03efbfbd22efbfbd3b5dcea2efbfbd60efbfbdefbfbdefbfbdc688efbfbdefbfbd05efbfbd0a47efbfbd0a2fefbfbd2aefbfbdefbfbd7f53efbfbd5178efbfbd6eefbfbd78efbfbdefbfbd54781cefbfbd50efbfbd6defbfbd0a4fefbfbd5332efbfbdefbfbdefbfbd3fefbfbdefbfbdefbfbd6765", "id": "886701188" } }
W/dalvikvm(  961): DroidBox: { "FdAccess": { "path": "2f646174612f646174612f73756e6b61792e45787072657373696f6e534d532f6c6f61646a61722f6d61696e6d6f64756c652e6a6172", "id": "310314359" } }
W/DroidBox(  961): DroidBox: { "FileRW": { "operation": "write", "data": "19efbfbd75efbfbdefbfbdefbfbd20efbfbdefbfbdefbfbdefbfbd4357306c2820efbfbd6255efbfbdefbfbd18efbfbd7224efbfbd3cefbfbdefbfbdc7973aefbfbdefbfbdefbfbd2849efbfbd58623e4cefbfbd4c0befbfbdefbfbd0c6f3144efbfbdefbfbd2edd97086577390cefbfbdefbfbdefbfbdefbfbdefbfbdefbfbdefbfbde6a5bdefbfbd62efbfbd70e8b68fefbfbd5cefbfbdefbfbdefbfbd24efbfbd216232efbfbd322a5defbfbd33162e", "id": "310314359" } }
W/dalvikvm(  961): DroidBox: { "FdAccess": { "path": "2f646174612f646174612f73756e6b61792e45787072657373696f6e534d532f6c6f61646a61722f6d61696e6d6f64756c652e6a6172", "id": "600012228" } }
W/DroidBox(  961): DroidBox: { "FileRW": { "operation": "write", "data": "efbfbd05554fefbfbdefbfbd103eefbfbd3d67efbfbd62efbfbdd8a20a3f1f4b2737016eefbfbdefbfbd06efbfbdc694efbfbd54efbfbdefbfbdefbfbdefbfbdefbfbd43efbfbd2224efbfbd301f52441551d1adefbfbdefbfbdefbfbd2aefbfbdefbfbdefbfbdefbfbd6c1874efbfbdd6b46eefbfbd3c54efbfbd7eefbfbd3a34efbfbd314e537e22efbfbd7c6aefbfbd35efbfbd6defbfbd2fefbfbdefbfbd22d3a02b376b6455", "id": "600012228" } }
W/dalvikvm(  961): DroidBox: { "FdAccess": { "path": "2f646174612f646174612f73756e6b61792e45787072657373696f6e534d532f6c6f61646a61722f6d61696e6d6f64756c652e6a6172", "id": "63975823" } }
W/DroidBox(  961): DroidBox: { "FileRW": { "operation": "write", "data": "efbfbdefbfbd337872efbfbdefbfbd6d43d7b25a3575efbfbd35153d2b1befbfbd2858efbfbd3617efbfbd1fefbfbdefbfbdefbfbd1defbfbd252befbfbd0139d99ac6a6efbfbdd5831fefbfbdefbfbd67efbfbdefbfbd6e68efbfbd59534f6eefbfbdefbfbd1aefbfbd6befbfbdefbfbd1befbfbd7cefbfbd480eefbfbdefbfbd4038efbfbd512f60efbfbdefbfbdefbfbd1befbfbdefbfbdefbfbd2d4367efbfbdefbfbdefbfbd5cefbfbdd18c54", "id": "63975823" } }
W/dalvikvm(  961): DroidBox: { "FdAccess": { "path": "2f646174612f646174612f73756e6b61792e45787072657373696f6e534d532f6c6f61646a61722f6d61696e6d6f64756c652e6a6172", "id": "919269728" } }
W/DroidBox(  961): DroidBox: { "FileRW": { "operation": "write", "data": "4654efbfbd657cefbfbdefbfbdefbfbdefbfbd5a79563a1323270cefbfbd62efbfbd2812efbfbd3476efbfbdefbfbdefbfbd32efbfbdefbfbd483fefbfbdefbfbd34efbfbd43c3aaefbfbdefbfbd5b0befbfbd282fefbfbdefbfbd6524526befbfbdefbfbd0eefbfbdefbfbd08efbfbdefbfbd1145667befbfbd53efbfbd41efbfbd30efbfbdc688efbfbdefbfbdefbfbdefbfbd54efbfbd29efbfbdefbfbd4758394267efbfbdefbfbd37efbfbd6aefbfbdefbfbd05efbfbd16", "id": "919269728" } }
W/dalvikvm(  961): DroidBox: { "FdAccess": { "path": "2f646174612f646174612f73756e6b61792e45787072657373696f6e534d532f6c6f61646a61722f6d61696e6d6f64756c652e6a6172", "id": "543748639" } }
W/DroidBox(  961): DroidBox: { "FileRW": { "operation": "write", "data": "efbfbd6b72efbfbdd49c46efbfbd02efbfbdd5b7efbfbdefbfbdefbfbd74efbfbd3f6d392befbfbdefbfbdc284efbfbdefbfbd453ac7a421efbfbd04efbfbd6c7befbfbdefbfbd4cefbfbdefbfbd2c6a1eefbfbdefbfbd0cefbfbd52efbfbd076733efbfbd4407efbfbd32efbfbdefbfbdefbfbd731874efbfbdefbfbd3206efbfbd747039efbfbdefbfbdefbfbd6039efbfbd153a58efbfbd60efbfbd0e5633efbfbd42075732efbfbd4a076befbfbd60efbfbd", "id": "543748639" } }
W/dalvikvm(  961): DroidBox: { "FdAccess": { "path": "2f646174612f646174612f73756e6b61792e45787072657373696f6e534d532f6c6f61646a61722f6d61696e6d6f64756c652e6a6172", "id": "727790061" } }
W/DroidBox(  961): DroidBox: { "FileRW": { "operation": "write", "data": "efbfbdefbfbd570d7855efbfbdefbfbd46efbfbd49efbfbd60efbfbd3cefbfbdefbfbdefbfbdefbfbdefbfbdefbfbd62efbfbd75efbfbdefbfbdefbfbd243773efbfbd1b4defbfbd63efbfbdefbfbd10efbfbd0defbfbd7cefbfbdefbfbd5eefbfbdefbfbd235d015fefbfbdefbfbd5defbfbd15efbfbdefbfbd0defbfbd66efbfbd4fefbfbd1a365168efbfbd5010efbfbd52efbfbdefbfbd287cefbfbd51efbfbdefbfbd49efbfbdd9b0efbfbd72efbfbd1628053f2cefbfbd00efbfbdefbfbd", "id": "727790061" } }
W/dalvikvm(  961): DroidBox: { "FdAccess": { "path": "2f646174612f646174612f73756e6b61792e45787072657373696f6e534d532f6c6f61646a61722f6d61696e6d6f64756c652e6a6172", "id": "973526819" } }
W/DroidBox(  961): DroidBox: { "FileRW": { "operation": "write", "data": "efbfbdefbfbd64efbfbdefbfbd007fefbfbdefbfbd54efbfbdefbfbdefbfbdd0ac19efbfbdd29aefbfbd12efbfbd055149efbfbd37efbfbd4defbfbd71efbfbd380e7fefbfbdefbfbd205befbfbdefbfbd5fefbfbdefbfbdefbfbd77efbfbdefbfbdefbfbd781cde817f40efbfbd7808efbfbdefbfbd7fc2bbefbfbdefbfbdefbfbd287fefbfbd07efbfbdefbfbd5cefbfbdefbfbd3defbfbd3eefbfbd3cefbfbd2463083e207d47efbfbd6cefbfbd7f13efbfbd67da84", "id": "973526819" } }
W/dalvikvm(  961): DroidBox: { "FdAccess": { "path": "2f646174612f646174612f73756e6b61792e45787072657373696f6e534d532f6c6f61646a61722f6d61696e6d6f64756c652e6a6172", "id": "922877031" } }
W/DroidBox(  961): DroidBox: { "FileRW": { "operation": "write", "data": "efbfbdd79cefbfbd0f61efbfbdefbfbdefbfbdefbfbd400bcc93efbfbdefbfbd433108da8d6a5fefbfbd03efbfbdefbfbd1402efbfbd2959efbfbd36efbfbd71efbfbdefbfbd07efbfbdefbfbd07504b03040a00000808001b55efbfbd3e4cefbfbd730629060000efbfbd0b000047000000636f6d2f656e65726779736f757263652f6d61696e6d6f64756c65", "id": "922877031" } }
W/dalvikvm(  961): DroidBox: { "FdAccess": { "path": "2f646174612f646174612f73756e6b61792e45787072657373696f6e534d532f6c6f61646a61722f6d61696e6d6f64756c652e6a6172", "id": "10554662" } }
W/DroidBox(  961): DroidBox: { "FileRW": { "operation": "write", "data": "efbfbd18efbfbd1966efbfbdd4b728efbfbdefbfbdefbfbdefbfbd3eefbfbdefbfbd260cefbfbdefbfbd44efbfbd7d0573411defbfbd154379efbfbdefbfbd50723c2e21efbfbdefbfbdefbfbd14efbfbdefbfbd19efbfbdefbfbd02efbfbd382d631729efbfbd3126635c46efbfbdefbfbd495059efbfbd104befbfbdefbfbd5268efbfbd557a7edd844a114fefbfbdefbfbd124aefbfbd3fefbfbd31efbfbdefbfbdefbfbd63395e3d7d", "id": "10554662" } }
W/dalvikvm(  961): DroidBox: { "FdAccess": { "path": "2f646174612f646174612f73756e6b61792e45787072657373696f6e534d532f6c6f61646a61722f6d61696e6d6f64756c652e6a6172", "id": "283523375" } }
W/DroidBox(  961): DroidBox: { "FileRW": { "operation": "write", "data": "efbfbd1b28efbfbd08efbfbdefbfbdefbfbdefbfbd55174d7cefbfbdefbfbdefbfbd372a3eefbfbdefbfbdefbfbd156cefbfbdefbfbd29efbfbd734fefbfbdefbfbdefbfbdefbfbd5d2cefbfbd06560d7eefbfbd48efbfbdefbfbdefbfbd32efbfbd5aefbfbd4517efbfbd25efbfbdefbfbdefbfbdefbfbd0cefbfbd42efbfbd54efbfbdefbfbdefbfbdefbfbd6450efbfbdefbfbd3defbfbdefbfbdefbfbd5befbfbdefbfbdefbfbdefbfbd717aefbfbd10efbfbdefbfbdefbfbd3eefbfbdefbfbdefbfbd560aefbfbd71753d", "id": "283523375" } }
W/dalvikvm(  961): DroidBox: { "FdAccess": { "path": "2f646174612f646174612f73756e6b61792e45787072657373696f6e534d532f6c6f61646a61722f6d61696e6d6f64756c652e6a6172", "id": "480875325" } }
E/WVMExtractor(   62): Failed to open libwvm.so
W/DroidBox(  961): DroidBox: { "FileRW": { "operation": "write", "data": "efbfbdefbfbdefbfbd3fefbfbdefbfbd5068efbfbdc586efbfbdd6af5b6cefbfbd68efbfbdefbfbdc5864c0d1eefbfbd08efbfbdefbfbd4cefbfbdefbfbdefbfbd3922efbfbd680befbfbdefbfbdefbfbdefbfbdefbfbdc586efbfbd3b7f271befbfbd244c5012efbfbd3a4775efbfbd7cefbfbd5b2d50efbfbdc8b122500972efbfbdefbfbdefbfbd14efbfbd2c2a15efbfbd14efbfbdefbfbd595eefbfbdefbfbd6d47efbfbd4aefbfbdefbfbdefbfbdefbfbd0eefbfbd", "id": "480875325" } }
W/dalvikvm(  961): DroidBox: { "FdAccess": { "path": "2f646174612f646174612f73756e6b61792e45787072657373696f6e534d532f6c6f61646a61722f6d61696e6d6f64756c652e6a6172", "id": "1716071480" } }
W/DroidBox(  961): DroidBox: { "FileRW": { "operation": "write", "data": "0e2e6818efbfbd081aefbfbd46efbfbd461eefbfbdefbfbd1aefbfbd34efbfbd0749254defbfbdefbfbd2c41efbfbd421aefbfbd6c22efbfbd5029efbfbd5225efbfbdefbfbddbbeefbfbd10efbfbd3aefbfbd184e4433efbfbdefbfbdefbfbd68efbfbdefbfbd4f670f6e245474efbfbd052befbfbdefbfbdefbfbd24324326efbfbd1f4f67efbfbd561befbfbd34efbfbdefbfbd43efbfbd76efbfbd527c5ad995ce9aefbfbd4303", "id": "1716071480" } }
W/dalvikvm(  961): DroidBox: { "FdAccess": { "path": "2f646174612f646174612f73756e6b61792e45787072657373696f6e534d532f6c6f61646a61722f6d61696e6d6f64756c652e6a6172", "id": "353859149" } }
W/DroidBox(  961): DroidBox: { "FileRW": { "operation": "write", "data": "cbabefbfbd130725efbfbdd696efbfbdefbfbdd6a34973efbfbd4aefbfbdefbfbdefbfbd64efbfbd0061efbfbdefbfbdefbfbd1e192c66787c5a62efbfbdefbfbd0fefbfbd36e69e9cefbfbd78efbfbd2057efbfbd1d32efbfbdefbfbdefbfbdefbfbde58db6efbfbdefbfbd17efbfbd15efbfbd14e1a2af520defbfbd6fefbfbdefbfbd54efbfbd75efbfbdefbfbddd933eefbfbd4d584379efbfbdefbfbdefbfbd25efbfbd0d3d346b", "id": "353859149" } }
W/dalvikvm(  961): DroidBox: { "FdAccess": { "path": "2f646174612f646174612f73756e6b61792e45787072657373696f6e534d532f6c6f61646a61722f6d61696e6d6f64756c652e6a6172", "id": "251273426" } }
W/DroidBox(  961): DroidBox: { "FileRW": { "operation": "write", "data": "c290efbfbd6c5d50efbfbd7befbfbd5808efbfbdefbfbdefbfbd164f16efbfbd02efbfbd564a625fefbfbd2436474e7871c5b53aefbfbd1d3aefbfbd656a6629792cefbfbd1befbfbdefbfbd6b5befbfbdefbfbd5c3e26efbfbdefbfbd4b68efbfbdefbfbdefbfbdefbfbd291e76efbfbd1befbfbdefbfbd1b3eca88efbfbdefbfbdefbfbdefbfbd38efbfbdefbfbdefbfbd58efbfbd7befbfbd58efbfbdefbfbd32efbfbd3b61efbfbdefbfbd", "id": "251273426" } }
W/dalvikvm(  961): DroidBox: { "FdAccess": { "path": "2f646174612f646174612f73756e6b61792e45787072657373696f6e534d532f6c6f61646a61722f6d61696e6d6f64756c652e6a6172", "id": "588156816" } }
W/DroidBox(  961): DroidBox: { "FileRW": { "operation": "write", "data": "efbfbdefbfbd6befbfbd4fefbfbdefbfbdefbfbd5910efbfbdc693efbfbd13364aefbfbd57efbfbd7defbfbd0026efbfbdefbfbdefbfbdefbfbd03386833efbfbd47efbfbd21efbfbdefbfbdefbfbdefbfbdefbfbd67efbfbdefbfbdefbfbdefbfbdefbfbd690cefbfbdefbfbd33efbfbd5e7f12efbfbdefbfbdefbfbdefbfbd46efbfbd6350231a2fefbfbd6308081c74efbfbdefbfbd3a2f7b1b2f1b4345efbfbd67efbfbd22efbfbd3154efbfbd077f24efbfbdefbfbd357c", "id": "588156816" } }
W/dalvikvm(  961): DroidBox: { "FdAccess": { "path": "2f646174612f646174612f73756e6b61792e45787072657373696f6e534d532f6c6f61646a61722f6d61696e6d6f64756c652e6a6172", "id": "1786023104" } }
W/DroidBox(  961): DroidBox: { "FileRW": { "operation": "write", "data": "efbfbd04727d1c2e32efbfbd5defbfbdefbfbdc6b03eefbfbdefbfbd65efbfbdefbfbdefbfbdefbfbdefbfbd3aefbfbd1eefbfbdefbfbd795363efbfbd38efbfbd38275befbfbd3473efbfbd4defbfbdefbfbdefbfbd20efbfbd6defbfbd6cefbfbdefbfbd49efbfbd795aefbfbd3c2defbfbdcc8b45efbfbd40efbfbd117604efbfbd63efbfbd71057c5a2057efbfbddaa2efbfbdefbfbdefbfbd46efbfbd340143efbfbdefbfbddf97344536efbfbdefbfbdefbfbdefbfbd", "id": "1786023104" } }
W/dalvikvm(  961): DroidBox: { "FdAccess": { "path": "2f646174612f646174612f73756e6b61792e45787072657373696f6e534d532f6c6f61646a61722f6d61696e6d6f64756c652e6a6172", "id": "891152265" } }
W/DroidBox(  961): DroidBox: { "FileRW": { "operation": "write", "data": "71efbfbdef998f073c0befbfbd67193eefbfbd69efbfbdc39e5e3cefbfbd4960efbfbd73373eefbfbdefbfbd24efbfbdefbfbdefbfbdefbfbd5befbfbdefbfbd25efbfbd79efbfbdefbfbdefbfbdefbfbdefbfbdefbfbdefbfbdefbfbd38efbfbd19efbfbd196f005fefbfbd2eefbfbdefbfbdefbfbd45efbfbd7731efbfbdefbfbd2ec597efbfbdefbfbdefbfbd0a5befbfbd596f13efbfbdefbfbd5defbfbdefbfbdefbfbdefbfbd11efbfbd0befbfbd6cefbfbd", "id": "891152265" } }
W/dalvikvm(  961): DroidBox: { "FdAccess": { "path": "2f646174612f646174612f73756e6b61792e45787072657373696f6e534d532f6c6f61646a61722f6d61696e6d6f64756c652e6a6172", "id": "768290096" } }
W/DroidBox(  961): DroidBox: { "FileRW": { "operation": "write", "data": "efbfbdefbfbdefbfbdefbfbdefbfbdefbfbdefbfbd1cefbfbdefbfbd1befbfbd7defbfbdefbfbdefbfbdefbfbdefbfbd51efbfbdefbfbd543cefbfbd70efbfbd1defbfbd46017eefbfbd53417cefbfbd1e5defbfbdefbfbdefbfbdefbfbddc86efbfbdefbfbdefbfbd0defbfbdefbfbdefbfbdefbfbd78efbfbd3fefbfbd1b504b03040a00000808001b55efbfbd3eefbfbd6b2eefbfbdefbfbd0a00003417000045000000636f6d2f656e65", "id": "768290096" } }
W/dalvikvm(  961): DroidBox: { "FdAccess": { "path": "2f646174612f646174612f73756e6b61792e45787072657373696f6e534d532f6c6f61646a61722f6d61696e6d6f64756c652e6a6172", "id": "248493972" } }
W/DroidBox(  961): DroidBox: { "FileRW": { "operation": "write", "data": "efbfbd0defbfbdefbfbd0cefbfbde19dba1512efbfbd31efbfbdefbfbd1e08efbfbd08efbfbd1d0173efbfbd67440cefbfbd7f2866c6adefbfbdefbfbd1befbfbd43efbfbd4133180f1b3e3d12efbfbdefbfbd50efbfbd671951d3b2efbfbd237befbfbdefbfbdefbfbdefbfbdefbfbd14efbfbd2dccb2efbfbd11efbfbdefbfbdefbfbdefbfbd75cbaa2414efbfbddb883b6c4478efbfbd15efbfbd26cbb659efbfbdefbfbd34efbfbd", "id": "248493972" } }
W/dalvikvm(  961): DroidBox: { "FdAccess": { "path": "2f646174612f646174612f73756e6b61792e45787072657373696f6e534d532f6c6f61646a61722f6d61696e6d6f64756c652e6a6172", "id": "876024735" } }
W/DroidBox(  961): DroidBox: { "FileRW": { "operation": "write", "data": "efbfbd7344efbfbdefbfbd3e27efbfbd5c2a65efbfbd5befbfbd6cefbfbdefbfbd6b5eefbfbdefbfbdefbfbd321b73cf9a02efbfbd05efbfbd0e7defbfbd4966484913efbfbdefbfbdefbfbdefbfbdefbfbd33efbfbdefbfbd62efbfbd4725efbfbd725552efbfbd53efbfbd3cca91285fefbfbd022a54efbfbdefbfbdefbfbd1c40efbfbd414aefbfbd62efbfbd4aefbfbd54efbfbd2defbfbdefbfbdefbfbd5d4cefbfbd54efbfbd6836efbfbd7cefbfbd704b", "id": "876024735" } }
W/dalvikvm(  961): DroidBox: { "FdAccess": { "path": "2f646174612f646174612f73756e6b61792e45787072657373696f6e534d532f6c6f61646a61722f6d61696e6d6f64756c652e6a6172", "id": "94255919" } }
E/WVMExtractor(   62): Failed to open libwvm.so
W/DroidBox(  961): DroidBox: { "FileRW": { "operation": "write", "data": "efbfbd74efbfbdefbfbd6267efbfbd78626cefbfbdefbfbd22efbfbdefbfbd5101efbfbdd3bc30496376206cefbfbd44efbfbdefbfbd66efbfbd7810efbfbd6572efbfbdefbfbd00623eefbfbd423b044128322201efbfbd1a37efbfbd2629efbfbd1eefbfbdefbfbdd9ae72cea6efbfbd6defbfbd535cefbfbdefbfbd78465a3f35646eefbfbd46712befbfbd24efbfbd71efbfbd1cefbfbdefbfbdefbfbdefbfbd57efbfbdefbfbd6d15efbfbd", "id": "94255919" } }
W/dalvikvm(  961): DroidBox: { "FdAccess": { "path": "2f646174612f646174612f73756e6b61792e45787072657373696f6e534d532f6c6f61646a61722f6d61696e6d6f64756c652e6a6172", "id": "787201879" } }
W/DroidBox(  961): DroidBox: { "FileRW": { "operation": "write", "data": "6b6eefbfbd2701efbfbd183d30efbfbddc9eefbfbd09efbfbd09efbfbd25efbfbdefbfbd2d1846efbfbd3f7b14452cefbfbdefbfbde78ca2efbfbd47efbfbd1946efbfbd5f1a4569efbfbd28efbfbd7a346918efbfbdc398efbfbd35597327efbfbd697202efbfbd3529efbfbdefbfbd04efbfbd68efbfbd23efbfbdefbfbdefbfbd68efbfbd11efbfbdefbfbd574631efbfbd47efbfbd15c398efbfbdefbfbd1defbfbd5defbfbd", "id": "787201879" } }
W/dalvikvm(  961): DroidBox: { "FdAccess": { "path": "2f646174612f646174612f73756e6b61792e45787072657373696f6e534d532f6c6f61646a61722f6d61696e6d6f64756c652e6a6172", "id": "1240984524" } }
W/DroidBox(  961): DroidBox: { "FileRW": { "operation": "write", "data": "efbfbd45cfa3efbfbd5eefbfbd0e573676efbfbd645cefbfbd2a40efbfbdefbfbd0c7b78efbfbdefbfbdefbfbdd9b8dcb5efbfbdefbfbd45efbfbdefbfbd55efbfbd2befbfbdefbfbd7a111aefbfbdd5802b3853efbfbdefbfbd20efbfbdefbfbd3aefbfbd41095defbfbd36efbfbdefbfbd46295defbfbd66efbfbd4cefbfbdefbfbd7d11efbfbd5c115b6920efbfbd725eefbfbd750fefbfbdefbfbd2befbfbd1ddd83efbfbdefbfbd473eefbfbdefbfbd0e", "id": "1240984524" } }
W/dalvikvm(  961): DroidBox: { "FdAccess": { "path": "2f646174612f646174612f73756e6b61792e45787072657373696f6e534d532f6c6f61646a61722f6d61696e6d6f64756c652e6a6172", "id": "889837969" } }
