D/InputEventConsistencyVerifier(  468):   2: sent at 226320000000, MotionEvent { action=ACTION_UP, id[0]=0, x[0]=419.0, y[0]=226.0, toolType[0]=TOOL_TYPE_UNKNOWN, buttonState=0, metaState=0, flags=0x0, edgeFlags=0x0, pointerCount=1, historySize=0, eventTime=226320, downTime=226307, deviceId=0, source=0x1002 }
D/InputEventConsistencyVerifier(  468):   3: sent at 226318000000, MotionEvent { action=ACTION_MOVE, id[0]=0, x[0]=426.0, y[0]=237.0, toolType[0]=TOOL_TYPE_UNKNOWN, buttonState=0, metaState=0, flags=0x0, edgeFlags=0x0, pointerCount=1, historySize=1, eventTime=226318, downTime=226307, deviceId=0, source=0x1002 }
D/InputEventConsistencyVerifier(  468):   4: sent at 226308000000, MotionEvent { action=ACTION_DOWN, id[0]=0, x[0]=436.0, y[0]=252.0, toolType[0]=TOOL_TYPE_UNKNOWN, buttonState=0, metaState=0, flags=0x0, edgeFlags=0x0, pointerCount=1, historySize=0, eventTime=226308, downTime=226307, deviceId=0, source=0x1002 }
D/InputEventConsistencyVerifier(  468):   5: sent at 226224000000, (unhandled) KeyEvent { action=ACTION_UP, keyCode=KEYCODE_DPAD_UP, scanCode=0, metaState=0, flags=0x80000008, repeatCount=0, eventTime=226224, downTime=226224, deviceId=-1, source=0x101 }
I/ActivityManager(  221): START {act=android.intent.action.MAIN cat=[android.intent.category.HOME] flg=0x10200000 cmp=com.android.launcher/com.android.launcher2.Launcher u=0} from pid 221
D/InputEventConsistencyVerifier(  468): TouchEvent: ACTION_DOWN but pointers are already down.  Probably missing ACTION_UP from previous gesture.
D/InputEventConsistencyVerifier(  468):   in android.view.ScaleGestureDetector@b3e85f78
D/InputEventConsistencyVerifier(  468):   0: sent at 226411000000, MotionEvent { action=ACTION_DOWN, id[0]=0, x[0]=242.0, y[0]=668.0, toolType[0]=TOOL_TYPE_UNKNOWN, buttonState=0, metaState=0, flags=0x0, edgeFlags=0x0, pointerCount=1, historySize=0, eventTime=226411, downTime=226409, deviceId=0, source=0x1002 }
D/InputEventConsistencyVerifier(  468):   -- recent events --
D/InputEventConsistencyVerifier(  468):   1: sent at 226318000000, MotionEvent { action=ACTION_MOVE, id[0]=0, x[0]=426.0, y[0]=237.0, toolType[0]=TOOL_TYPE_UNKNOWN, buttonState=0, metaState=0, flags=0x0, edgeFlags=0x0, pointerCount=1, historySize=1, eventTime=226318, downTime=226307, deviceId=0, source=0x1002 }
D/InputEventConsistencyVerifier(  468):   2: sent at 226308000000, MotionEvent { action=ACTION_DOWN, id[0]=0, x[0]=436.0, y[0]=252.0, toolType[0]=TOOL_TYPE_UNKNOWN, buttonState=0, metaState=0, flags=0x0, edgeFlags=0x0, pointerCount=1, historySize=0, eventTime=226308, downTime=226307, deviceId=0, source=0x1002 }
D/InputEventConsistencyVerifier(  468):   3: sent at 226046000000, MotionEvent { action=ACTION_UP, id[0]=0, x[0]=324.0, y[0]=372.0, toolType[0]=TOOL_TYPE_UNKNOWN, buttonState=0, metaState=0, flags=0x0, edgeFlags=0x0, pointerCount=1, historySize=0, eventTime=226046, downTime=226042, deviceId=0, source=0x1002 }
D/InputEventConsistencyVerifier(  468):   4: sent at 226042000000, MotionEvent { action=ACTION_DOWN, id[0]=0, x[0]=329.0, y[0]=380.0, toolType[0]=TOOL_TYPE_UNKNOWN, buttonState=0, metaState=0, flags=0x80000000, edgeFlags=0x0, pointerCount=1, historySize=0, eventTime=226042, downTime=226042, deviceId=0, source=0x1002 }
D/InputEventConsistencyVerifier(  468):   5: sent at 225703000000, MotionEvent { action=ACTION_DOWN, id[0]=0, x[0]=126.0, y[0]=474.0, toolType[0]=TOOL_TYPE_UNKNOWN, buttonState=0, metaState=0, flags=0x0, edgeFlags=0x0, pointerCount=1, historySize=0, eventTime=225703, downTime=225697, deviceId=0, source=0x1002 }
D/InputEventConsistencyVerifier(  468): KeyEvent: ACTION_UP but key was not down.
D/InputEventConsistencyVerifier(  468):   in com.android.systemui.statusbar.phone.StatusBarWindowView@b3de63b8
D/InputEventConsistencyVerifier(  468):   0: sent at 226613000000, KeyEvent { action=ACTION_UP, keyCode=KEYCODE_DPAD_LEFT, scanCode=0, metaState=0, flags=0x8, repeatCount=0, eventTime=226613, downTime=226613, deviceId=-1, source=0x101 }
D/InputEventConsistencyVerifier(  468):   -- recent events --
D/InputEventConsistencyVerifier(  468):   1: sent at 226479000000, MotionEvent { action=ACTION_UP, id[0]=0, x[0]=219.0, y[0]=638.0, toolType[0]=TOOL_TYPE_UNKNOWN, buttonState=0, metaState=0, flags=0x0, edgeFlags=0x0, pointerCount=1, historySize=0, eventTime=226479, downTime=226409, deviceId=0, source=0x1002 }
D/InputEventConsistencyVerifier(  468):   2: sent at 226477000000, MotionEvent { action=ACTION_MOVE, id[0]=0, x[0]=225.0, y[0]=644.0, toolType[0]=TOOL_TYPE_UNKNOWN, buttonState=0, metaState=0, flags=0x0, edgeFlags=0x0, pointerCount=1, historySize=6, eventTime=226477, downTime=226409, deviceId=0, source=0x1002 }
D/InputEventConsistencyVerifier(  468):   3: sent at 226411000000, MotionEvent { action=ACTION_DOWN, id[0]=0, x[0]=242.0, y[0]=668.0, toolType[0]=TOOL_TYPE_UNKNOWN, buttonState=0, metaState=0, flags=0x0, edgeFlags=0x0, pointerCount=1, historySize=0, eventTime=226411, downTime=226409, deviceId=0, source=0x1002 }
D/InputEventConsistencyVerifier(  468):   4: sent at 226360000000, (unhandled) KeyEvent { action=ACTION_UP, keyCode=KEYCODE_3D_MODE, scanCode=0, metaState=0, flags=0x8, repeatCount=0, eventTime=226360, downTime=226360, deviceId=-1, source=0x101 }
D/InputEventConsistencyVerifier(  468):   5: sent at 226327000000, (unhandled) KeyEvent { action=ACTION_DOWN, keyCode=KEYCODE_3D_MODE, scanCode=0, metaState=0, flags=0x8, repeatCount=0, eventTime=226327, downTime=226327, deviceId=-1, source=0x101 }
W/dalvikvm(  468): DroidBox: { "FdAccess": { "path": "2f70726f632f6d656d696e666f", "id": "1803493605" } }
W/DroidBox(  468): DroidBox: { "FileRW": { "operation": "read", "data": "4d656d546f74616c3a202020202020202020373438393634206b420a4d656d467265653a20202020202020202020343332313030206b420a427566666572733a20202020202020202020202035363336206b420a4361636865643a202020202020202020", "id": "1803493605" } }
W/dalvikvm(  468): DroidBox: { "FdAccess": { "path": "2f70726f632f6d656d696e666f", "id": "1128343105" } }
W/DroidBox(  468): DroidBox: { "FileRW": { "operation": "read", "data": "4d656d546f74616c3a202020202020202020373438393634206b420a4d656d467265653a20202020202020202020343332313030206b420a427566666572733a20202020202020202020202035363336206b420a4361636865643a202020202020202020", "id": "1128343105" } }
W/dalvikvm(  468): DroidBox: { "FdAccess": { "path": "2f70726f632f6d656d696e666f", "id": "600165155" } }
W/DroidBox(  468): DroidBox: { "FileRW": { "operation": "read", "data": "4d656d546f74616c3a202020202020202020373438393634206b420a4d656d467265653a20202020202020202020343332313030206b420a427566666572733a20202020202020202020202035363336206b420a4361636865643a202020202020202020", "id": "600165155" } }
I/ActivityManager(  221): START {act=android.intent.action.MAIN cat=[android.intent.category.LAUNCHER] flg=0x10200000 cmp=com.talkweb.ycya/.LoginActivity u=0} from pid 1027
D/InputEventConsistencyVerifier(  468): KeyEvent: ACTION_UP but key was not down.
D/InputEventConsistencyVerifier(  468):   in android.widget.FrameLayout@b3db6438
D/InputEventConsistencyVerifier(  468):   0: sent at 226855000000, KeyEvent { action=ACTION_UP, keyCode=KEYCODE_DPAD_DOWN, scanCode=0, metaState=0, flags=0x8, repeatCount=0, eventTime=226855, downTime=226855, deviceId=-1, source=0x101 }
D/InputEventConsistencyVerifier(  468):   -- recent events --
D/InputEventConsistencyVerifier(  468):   1: sent at 226479000000, MotionEvent { action=ACTION_UP, id[0]=0, x[0]=219.0, y[0]=638.0, toolType[0]=TOOL_TYPE_UNKNOWN, buttonState=0, metaState=0, flags=0x0, edgeFlags=0x0, pointerCount=1, historySize=0, eventTime=226479, downTime=226409, deviceId=0, source=0x1002 }
D/InputEventConsistencyVerifier(  468):   2: sent at 226477000000, MotionEvent { action=ACTION_MOVE, id[0]=0, x[0]=225.0, y[0]=644.0, toolType[0]=TOOL_TYPE_UNKNOWN, buttonState=0, metaState=0, flags=0x0, edgeFlags=0x0, pointerCount=1, historySize=6, eventTime=226477, downTime=226409, deviceId=0, source=0x1002 }
D/InputEventConsistencyVerifier(  468):   3: sent at 226411000000, MotionEvent { action=ACTION_DOWN, id[0]=0, x[0]=242.0, y[0]=668.0, toolType[0]=TOOL_TYPE_UNKNOWN, buttonState=0, metaState=0, flags=0x80000000, edgeFlags=0x0, pointerCount=1, historySize=0, eventTime=226411, downTime=226409, deviceId=0, source=0x1002 }
D/InputEventConsistencyVerifier(  468):   4: sent at 226320000000, MotionEvent { action=ACTION_UP, id[0]=0, x[0]=419.0, y[0]=226.0, toolType[0]=TOOL_TYPE_UNKNOWN, buttonState=0, metaState=0, flags=0x0, edgeFlags=0x0, pointerCount=1, historySize=0, eventTime=226320, downTime=226307, deviceId=0, source=0x1002 }
D/InputEventConsistencyVerifier(  468):   5: sent at 226318000000, MotionEvent { action=ACTION_MOVE, id[0]=0, x[0]=426.0, y[0]=237.0, toolType[0]=TOOL_TYPE_UNKNOWN, buttonState=0, metaState=0, flags=0x0, edgeFlags=0x0, pointerCount=1, historySize=1, eventTime=226318, downTime=226307, deviceId=0, source=0x1002 }
D/InputEventConsistencyVerifier(  468): TouchEvent: ACTION_DOWN but pointers are already down.  Probably missing ACTION_UP from previous gesture.
D/InputEventConsistencyVerifier(  468):   in android.view.ScaleGestureDetector@b3e85f78
D/InputEventConsistencyVerifier(  468):   0: sent at 226877000000, MotionEvent { action=ACTION_DOWN, id[0]=0, x[0]=66.0, y[0]=52.0, toolType[0]=TOOL_TYPE_UNKNOWN, buttonState=0, metaState=0, flags=0x0, edgeFlags=0x0, pointerCount=1, historySize=0, eventTime=226877, downTime=226877, deviceId=0, source=0x1002 }
D/InputEventConsistencyVerifier(  468):   -- recent events --
D/InputEventConsistencyVerifier(  468):   1: sent at 226477000000, MotionEvent { action=ACTION_MOVE, id[0]=0, x[0]=225.0, y[0]=644.0, toolType[0]=TOOL_TYPE_UNKNOWN, buttonState=0, metaState=0, flags=0x0, edgeFlags=0x0, pointerCount=1, historySize=6, eventTime=226477, downTime=226409, deviceId=0, source=0x1002 }
D/InputEventConsistencyVerifier(  468):   2: sent at 226411000000, MotionEvent { action=ACTION_DOWN, id[0]=0, x[0]=242.0, y[0]=668.0, toolType[0]=TOOL_TYPE_UNKNOWN, buttonState=0, metaState=0, flags=0x80000000, edgeFlags=0x0, pointerCount=1, historySize=0, eventTime=226411, downTime=226409, deviceId=0, source=0x1002 }
D/InputEventConsistencyVerifier(  468):   3: sent at 226318000000, MotionEvent { action=ACTION_MOVE, id[0]=0, x[0]=426.0, y[0]=237.0, toolType[0]=TOOL_TYPE_UNKNOWN, buttonState=0, metaState=0, flags=0x0, edgeFlags=0x0, pointerCount=1, historySize=1, eventTime=226318, downTime=226307, deviceId=0, source=0x1002 }
D/InputEventConsistencyVerifier(  468):   4: sent at 226308000000, MotionEvent { action=ACTION_DOWN, id[0]=0, x[0]=436.0, y[0]=252.0, toolType[0]=TOOL_TYPE_UNKNOWN, buttonState=0, metaState=0, flags=0x0, edgeFlags=0x0, pointerCount=1, historySize=0, eventTime=226308, downTime=226307, deviceId=0, source=0x1002 }
D/InputEventConsistencyVerifier(  468):   5: sent at 226046000000, MotionEvent { action=ACTION_UP, id[0]=0, x[0]=324.0, y[0]=372.0, toolType[0]=TOOL_TYPE_UNKNOWN, buttonState=0, metaState=0, flags=0x0, edgeFlags=0x0, pointerCount=1, historySize=0, eventTime=226046, downTime=226042, deviceId=0, source=0x1002 }
D/InputEventConsistencyVerifier(  468): KeyEvent: ACTION_UP but key was not down.
D/InputEventConsistencyVerifier(  468):   in com.android.systemui.statusbar.phone.StatusBarWindowView@b3de63b8
D/InputEventConsistencyVerifier(  468):   0: sent at 226905000000, KeyEvent { action=ACTION_UP, keyCode=KEYCODE_DPAD_CENTER, scanCode=0, metaState=0, flags=0x8, repeatCount=0, eventTime=226905, downTime=226905, deviceId=-1, source=0x101 }
D/InputEventConsistencyVerifier(  468):   -- recent events --
D/InputEventConsistencyVerifier(  468):   1: sent at 226882000000, MotionEvent { action=ACTION_UP, id[0]=0, x[0]=47.0, y[0]=68.0, toolType[0]=TOOL_TYPE_UNKNOWN, buttonState=0, metaState=0, flags=0x0, edgeFlags=0x0, pointerCount=1, historySize=0, eventTime=226882, downTime=226877, deviceId=0, source=0x1002 }
D/InputEventConsistencyVerifier(  468):   2: sent at 226877000000, MotionEvent { action=ACTION_DOWN, id[0]=0, x[0]=66.0, y[0]=52.0, toolType[0]=TOOL_TYPE_UNKNOWN, buttonState=0, metaState=0, flags=0x0, edgeFlags=0x0, pointerCount=1, historySize=0, eventTime=226877, downTime=226877, deviceId=0, source=0x1002 }
D/InputEventConsistencyVerifier(  468):   3: sent at 226855000000, (unhandled) KeyEvent { action=ACTION_UP, keyCode=KEYCODE_DPAD_DOWN, scanCode=0, metaState=0, flags=0x8, repeatCount=0, eventTime=226855, downTime=226855, deviceId=-1, source=0x101 }
D/InputEventConsistencyVerifier(  468):   4: sent at 226792000000, (unhandled) KeyEvent { action=ACTION_DOWN, keyCode=KEYCODE_DPAD_DOWN, scanCode=0, metaState=0, flags=0x8, repeatCount=0, eventTime=226792, downTime=226792, deviceId=-1, source=0x101 }
D/InputEventConsistencyVerifier(  468):   5: sent at 226766000000, (unhandled) MotionEvent { action=ACTION_MOVE, id[0]=0, x[0]=-1.0, y[0]=-1.0, toolType[0]=TOOL_TYPE_UNKNOWN, buttonState=0, metaState=0, flags=0x0, edgeFlags=0x0, pointerCount=1, historySize=9, eventTime=226766, downTime=-1, deviceId=0, source=0x10004 }
W/dalvikvm(  468): DroidBox: { "FdAccess": { "path": "2f70726f632f6d656d696e666f", "id": "746588081" } }
W/DroidBox(  468): DroidBox: { "FileRW": { "operation": "read", "data": "4d656d546f74616c3a202020202020202020373438393634206b420a4d656d467265653a20202020202020202020343332313030206b420a427566666572733a20202020202020202020202035363336206b420a4361636865643a202020202020202020", "id": "746588081" } }
I/Choreographer(  468): Skipped 33 frames!  The application may be doing too much work on its main thread.
I/InputDispatcher(  221): Dropped event because of pending overdue app switch.
W/InputManager(  221): Input event injection from pid 1027 failed.
D/InputEventConsistencyVerifier(  468): KeyEvent: ACTION_UP but key was not down.
D/InputEventConsistencyVerifier(  468):   in android.view.ViewRootImpl@b3e77d28
D/InputEventConsistencyVerifier(  468):   0: sent at 226997000000, KeyEvent { action=ACTION_UP, keyCode=KEYCODE_DPAD_UP, scanCode=0, metaState=0, flags=0x8, repeatCount=0, eventTime=226997, downTime=226997, deviceId=-1, source=0x101 }
D/InputEventConsistencyVerifier(  468):   -- recent events --
D/InputEventConsistencyVerifier(  468):   1: sent at 226960000000, MotionEvent { action=ACTION_MOVE, id[0]=0, x[0]=1.0, y[0]=1.0, toolType[0]=TOOL_TYPE_UNKNOWN, buttonState=0, metaState=0, flags=0x0, edgeFlags=0x0, pointerCount=1, historySize=9, eventTime=226960, downTime=-1, deviceId=0, source=0x10004 }
D/InputEventConsistencyVerifier(  468):   2: sent at 226919000000, KeyEvent { action=ACTION_UP, keyCode=KEYCODE_DPAD_RIGHT, scanCode=0, metaState=0, flags=0x8, repeatCount=0, eventTime=226919, downTime=226919, deviceId=-1, source=0x101 }
D/InputEventConsistencyVerifier(  468):   3: sent at 226912000000, KeyEvent { action=ACTION_DOWN, keyCode=KEYCODE_DPAD_RIGHT, scanCode=0, metaState=0, flags=0x8, repeatCount=0, eventTime=226912, downTime=226912, deviceId=-1, source=0x101 }
D/InputEventConsistencyVerifier(  468):   4: sent at 226905000000, KeyEvent { action=ACTION_UP, keyCode=KEYCODE_DPAD_CENTER, scanCode=0, metaState=0, flags=0x8, repeatCount=0, eventTime=226905, downTime=226905, deviceId=-1, source=0x101 }
D/InputEventConsistencyVerifier(  468):   5: sent at 226887000000, KeyEvent { action=ACTION_DOWN, keyCode=KEYCODE_DPAD_CENTER, scanCode=0, metaState=0, flags=0x8, repeatCount=0, eventTime=226887, downTime=226887, deviceId=-1, source=0x101 }
W/dalvikvm(  468): DroidBox: { "FdAccess": { "path": "2f70726f632f6d656d696e666f", "id": "99112050" } }
W/DroidBox(  468): DroidBox: { "FileRW": { "operation": "read", "data": "4d656d546f74616c3a202020202020202020373438393634206b420a4d656d467265653a20202020202020202020343332313136206b420a427566666572733a20202020202020202020202035363336206b420a4361636865643a202020202020202020", "id": "99112050" } }
W/InputMethodManagerService(  221): Window already focused, ignoring focus gain of: com.android.internal.view.IInputMethodClient$Stub$Proxy@b3e6e6e8 attribute=null
D/InputEventConsistencyVerifier(  468): TouchEvent: ACTION_DOWN but pointers are already down.  Probably missing ACTION_UP from previous gesture.
D/InputEventConsistencyVerifier(  468):   in android.view.ScaleGestureDetector@b3e85f78
D/InputEventConsistencyVerifier(  468):   0: sent at 227140000000, MotionEvent { action=ACTION_DOWN, id[0]=0, x[0]=304.0, y[0]=319.0, toolType[0]=TOOL_TYPE_UNKNOWN, buttonState=0, metaState=0, flags=0x0, edgeFlags=0x0, pointerCount=1, historySize=0, eventTime=227140, downTime=227140, deviceId=0, source=0x1002 }
D/InputEventConsistencyVerifier(  468):   -- recent events --
D/InputEventConsistencyVerifier(  468):   1: sent at 227084000000, MotionEvent { action=ACTION_DOWN, id[0]=0, x[0]=90.0, y[0]=714.0, toolType[0]=TOOL_TYPE_UNKNOWN, buttonState=0, metaState=0, flags=0x0, edgeFlags=0x0, pointerCount=1, historySize=0, eventTime=227084, downTime=227083, deviceId=0, source=0x1002 }
D/InputEventConsistencyVerifier(  468):   2: sent at 226882000000, MotionEvent { action=ACTION_UP, id[0]=0, x[0]=47.0, y[0]=68.0, toolType[0]=TOOL_TYPE_UNKNOWN, buttonState=0, metaState=0, flags=0x0, edgeFlags=0x0, pointerCount=1, historySize=0, eventTime=226882, downTime=226877, deviceId=0, source=0x1002 }
D/InputEventConsistencyVerifier(  468):   3: sent at 226877000000, MotionEvent { action=ACTION_DOWN, id[0]=0, x[0]=66.0, y[0]=52.0, toolType[0]=TOOL_TYPE_UNKNOWN, buttonState=0, metaState=0, flags=0x80000000, edgeFlags=0x0, pointerCount=1, historySize=0, eventTime=226877, downTime=226877, deviceId=0, source=0x1002 }
D/InputEventConsistencyVerifier(  468):   4: sent at 226477000000, MotionEvent { action=ACTION_MOVE, id[0]=0, x[0]=225.0, y[0]=644.0, toolType[0]=TOOL_TYPE_UNKNOWN, buttonState=0, metaState=0, flags=0x0, edgeFlags=0x0, pointerCount=1, historySize=6, eventTime=226477, downTime=226409, deviceId=0, source=0x1002 }
D/InputEventConsistencyVerifier(  468):   5: sent at 226411000000, MotionEvent { action=ACTION_DOWN, id[0]=0, x[0]=242.0, y[0]=668.0, toolType[0]=TOOL_TYPE_UNKNOWN, buttonState=0, metaState=0, flags=0x80000000, edgeFlags=0x0, pointerCount=1, historySize=0, eventTime=226411, downTime=226409, deviceId=0, source=0x1002 }
I/Choreographer(  468): Skipped 55 frames!  The application may be doing too much work on its main thread.
D/PhoneStatusBar(  468): disable: < expand icons alerts ticker* system_info back home recent clock >
I/Choreographer( 1064): Skipped 35 frames!  The application may be doing too much work on its main thread.
I/ActivityManager(  221): START {act=android.intent.action.CALL_BUTTON flg=0x10000000 cmp=com.android.contacts/.activities.DialtactsActivity u=0} from pid 1064
D/InputEventConsistencyVerifier( 1064): KeyEvent: ACTION_UP but key was not down.
D/InputEventConsistencyVerifier( 1064):   in com.android.internal.policy.impl.PhoneWindow$DecorView@b43e1000
D/InputEventConsistencyVerifier( 1064):   0: sent at 227797000000, KeyEvent { action=ACTION_UP, keyCode=KEYCODE_DPAD_LEFT, scanCode=0, metaState=0, flags=0x400, repeatCount=0, eventTime=227797, downTime=227797, deviceId=-1, source=0x101 }
D/InputEventConsistencyVerifier( 1064):   -- recent events --
D/InputEventConsistencyVerifier( 1064):   1: sent at 227737000000, (unhandled) MotionEvent { action=ACTION_MOVE, id[0]=0, x[0]=-3.0, y[0]=0.0, toolType[0]=TOOL_TYPE_UNKNOWN, buttonState=0, metaState=0, flags=0x0, edgeFlags=0x0, pointerCount=1, historySize=3, eventTime=227737, downTime=-1, deviceId=0, source=0x10004 }
D/InputEventConsistencyVerifier( 1064):   2: sent at 227705000000, MotionEvent { action=ACTION_UP, id[0]=0, x[0]=258.0, y[0]=407.0, toolType[0]=TOOL_TYPE_UNKNOWN, buttonState=0, metaState=0, flags=0x0, edgeFlags=0x0, pointerCount=1, historySize=0, eventTime=227705, downTime=227699, deviceId=0, source=0x1002 }
D/InputEventConsistencyVerifier( 1064):   3: sent at 227699000000, MotionEvent { action=ACTION_DOWN, id[0]=0, x[0]=259.0, y[0]=402.0, toolType[0]=TOOL_TYPE_UNKNOWN, buttonState=0, metaState=0, flags=0x0, edgeFlags=0x0, pointerCount=1, historySize=0, eventTime=227699, downTime=227699, deviceId=0, source=0x1002 }
D/InputEventConsistencyVerifier( 1064):   4: sent at 227691000000, MotionEvent { action=ACTION_UP, id[0]=0, x[0]=61.0, y[0]=450.0, toolType[0]=TOOL_TYPE_UNKNOWN, buttonState=0, metaState=0, flags=0x0, edgeFlags=0x0, pointerCount=1, historySize=0, eventTime=227691, downTime=227675, deviceId=0, source=0x1002 }
D/InputEventConsistencyVerifier( 1064):   5: sent at 227675000000, MotionEvent { action=ACTION_DOWN, id[0]=0, x[0]=62.0, y[0]=450.0, toolType[0]=TOOL_TYPE_UNKNOWN, buttonState=0, metaState=0, flags=0x0, edgeFlags=0x0, pointerCount=1, historySize=0, eventTime=227675, downTime=227675, deviceId=0, source=0x1002 }
I/Choreographer( 1064): Skipped 41 frames!  The application may be doing too much work on its main thread.
I/Choreographer( 1064): Skipped 36 frames!  The application may be doing too much work on its main thread.
D/InputEventConsistencyVerifier( 1064): KeyEvent: ACTION_UP but key was not down.
D/InputEventConsistencyVerifier( 1064):   in android.view.ViewRootImpl@b43e6f08
D/InputEventConsistencyVerifier( 1064):   0: sent at 228774000000, KeyEvent { action=ACTION_UP, keyCode=KEYCODE_DPAD_UP, scanCode=0, metaState=0, flags=0x8, repeatCount=0, eventTime=228774, downTime=228774, deviceId=-1, source=0x101 }
D/InputEventConsistencyVerifier( 1064):   -- recent events --
D/InputEventConsistencyVerifier( 1064):   1: sent at 228274000000, KeyEvent { action=ACTION_UP, keyCode=KEYCODE_MENU, scanCode=0, metaState=0, flags=0x8, repeatCount=0, eventTime=228274, downTime=228274, deviceId=-1, source=0x101 }
D/InputEventConsistencyVerifier( 1064):   2: sent at 228220000000, KeyEvent { action=ACTION_DOWN, keyCode=KEYCODE_MENU, scanCode=0, metaState=0, flags=0x8, repeatCount=0, eventTime=228220, downTime=228220, deviceId=-1, source=0x101 }
D/InputEventConsistencyVerifier( 1064):   3: sent at 228002000000, KeyEvent { action=ACTION_UP, keyCode=KEYCODE_DPAD_CENTER, scanCode=0, metaState=0, flags=0x8, repeatCount=0, eventTime=228002, downTime=228002, deviceId=-1, source=0x101 }
D/InputEventConsistencyVerifier( 1064):   4: sent at 227794000000, KeyEvent { action=ACTION_DOWN, keyCode=KEYCODE_DPAD_CENTER, scanCode=0, metaState=0, flags=0x8, repeatCount=0, eventTime=227794, downTime=227794, deviceId=-1, source=0x101 }
D/InputEventConsistencyVerifier( 1064):   5: sent at 227997000000, KeyEvent { action=ACTION_UP, keyCode=KEYCODE_DPAD_LEFT, scanCode=0, metaState=0, flags=0x400, repeatCount=0, eventTime=227997, downTime=227997, deviceId=-1, source=0x101 }
W/InputMethodManagerService(  221): Window already focused, ignoring focus gain of: com.android.internal.view.IInputMethodClient$Stub$Proxy@b3f245f8 attribute=android.view.inputmethod.EditorInfo@b3f24610
D/InputEventConsistencyVerifier( 1064): KeyEvent: ACTION_UP but key was not down.
D/InputEventConsistencyVerifier( 1064):   in com.android.internal.policy.impl.PhoneWindow$DecorView@b43e1000
D/InputEventConsistencyVerifier( 1064):   0: sent at 228973000000, KeyEvent { action=ACTION_UP, keyCode=KEYCODE_DPAD_RIGHT, scanCode=0, metaState=0, flags=0x8, repeatCount=0, eventTime=228973, downTime=228973, deviceId=-1, source=0x101 }
D/InputEventConsistencyVerifier( 1064):   -- recent events --
D/InputEventConsistencyVerifier( 1064):   1: sent at 228774000000, (unhandled) KeyEvent { action=ACTION_UP, keyCode=KEYCODE_DPAD_UP, scanCode=0, metaState=0, flags=0x80000008, repeatCount=0, eventTime=228774, downTime=228774, deviceId=-1, source=0x101 }
D/InputEventConsistencyVerifier( 1064):   2: sent at 228274000000, (unhandled) KeyEvent { action=ACTION_UP, keyCode=KEYCODE_MENU, scanCode=0, metaState=0, flags=0x8, repeatCount=0, eventTime=228274, downTime=228274, deviceId=-1, source=0x101 }
D/InputEventConsistencyVerifier( 1064):   3: sent at 228220000000, (unhandled) KeyEvent { action=ACTION_DOWN, keyCode=KEYCODE_MENU, scanCode=0, metaState=0, flags=0x8, repeatCount=0, eventTime=228220, downTime=228220, deviceId=-1, source=0x101 }
D/InputEventConsistencyVerifier( 1064):   4: sent at 228002000000, KeyEvent { action=ACTION_UP, keyCode=KEYCODE_DPAD_CENTER, scanCode=0, metaState=0, flags=0x8, repeatCount=0, eventTime=228002, downTime=228002, deviceId=-1, source=0x101 }
D/InputEventConsistencyVerifier( 1064):   5: sent at 227794000000, KeyEvent { action=ACTION_DOWN, keyCode=KEYCODE_DPAD_CENTER, scanCode=0, metaState=0, flags=0x8, repeatCount=0, eventTime=227794, downTime=227794, deviceId=-1, source=0x101 }
W/DroidBox( 1157): DroidBox: { "ServiceStart": { "name": "com.android.music.MediaPlaybackService" } }
W/DroidBox( 1157): DroidBox: { "ServiceStart": { "name": "com.android.music.MediaPlaybackService" } }
I/Choreographer( 1064): Skipped 36 frames!  The application may be doing too much work on its main thread.
I/AudioService(  221):  AudioFocus  requestAudioFocus() from android.media.AudioManager@b3dc5ed8com.android.music.MediaPlaybackService$3@b3dc4710
I/AudioService(  221):   Remote Control   registerMediaButtonIntent() for PendingIntent{b40d35b8: PendingIntentRecord{b3eaee58 com.android.music broadcastIntent}}
D/InputEventConsistencyVerifier( 1064): KeyEvent: ACTION_UP but key was not down.
D/InputEventConsistencyVerifier( 1064):   in android.view.ViewRootImpl@b43e6f08
D/InputEventConsistencyVerifier( 1064):   0: sent at 229762000000, KeyEvent { action=ACTION_UP, keyCode=KEYCODE_BUTTON_2, scanCode=0, metaState=0, flags=0x8, repeatCount=0, eventTime=229762, downTime=229762, deviceId=-1, source=0x101 }
D/InputEventConsistencyVerifier( 1064):   -- recent events --
D/InputEventConsistencyVerifier( 1064):   1: sent at 229560000000, MotionEvent { action=ACTION_UP, id[0]=0, x[0]=212.0, y[0]=278.0, toolType[0]=TOOL_TYPE_UNKNOWN, buttonState=0, metaState=0, flags=0x0, edgeFlags=0x0, pointerCount=1, historySize=0, eventTime=229560, downTime=229555, deviceId=0, source=0x1002 }
D/InputEventConsistencyVerifier( 1064):   2: sent at 229555000000, MotionEvent { action=ACTION_DOWN, id[0]=0, x[0]=204.0, y[0]=289.0, toolType[0]=TOOL_TYPE_UNKNOWN, buttonState=0, metaState=0, flags=0x0, edgeFlags=0x0, pointerCount=1, historySize=0, eventTime=229555, downTime=229555, deviceId=0, source=0x1002 }
D/InputEventConsistencyVerifier( 1064):   3: sent at 229446000000, KeyEvent { action=ACTION_UP, keyCode=KEYCODE_MENU, scanCode=0, metaState=0, flags=0x8, repeatCount=0, eventTime=229446, downTime=229446, deviceId=-1, source=0x101 }
D/InputEventConsistencyVerifier( 1064):   4: sent at 229224000000, KeyEvent { action=ACTION_DOWN, keyCode=KEYCODE_MENU, scanCode=0, metaState=0, flags=0x8, repeatCount=0, eventTime=229224, downTime=229224, deviceId=-1, source=0x101 }
D/InputEventConsistencyVerifier( 1064):   5: sent at 229158000000, KeyEvent { action=ACTION_UP, keyCode=KEYCODE_MEDIA_PLAY, scanCode=0, metaState=0, flags=0x8, repeatCount=0, eventTime=229158, downTime=229158, deviceId=-1, source=0x101 }
I/Choreographer( 1064): Skipped 30 frames!  The application may be doing too much work on its main thread.
W/InputMethodManagerService(  221): Window already focused, ignoring focus gain of: com.android.internal.view.IInputMethodClient$Stub$Proxy@b3f5bac8 attribute=android.view.inputmethod.EditorInfo@b3f5bae0
D/InputEventConsistencyVerifier( 1064): KeyEvent: ACTION_UP but key was not down.
D/InputEventConsistencyVerifier( 1064):   in com.android.internal.policy.impl.PhoneWindow$DecorView@b43e1000
D/InputEventConsistencyVerifier( 1064):   0: sent at 229956000000, KeyEvent { action=ACTION_UP, keyCode=KEYCODE_DPAD_LEFT, scanCode=0, metaState=0, flags=0x400, repeatCount=0, eventTime=229956, downTime=229956, deviceId=-1, source=0x101 }
D/InputEventConsistencyVerifier( 1064):   -- recent events --
D/InputEventConsistencyVerifier( 1064):   1: sent at 229851000000, (unhandled) MotionEvent { action=ACTION_MOVE, id[0]=0, x[0]=-2.0, y[0]=0.0, toolType[0]=TOOL_TYPE_UNKNOWN, buttonState=0, metaState=0, flags=0x0, edgeFlags=0x0, pointerCount=1, historySize=6, eventTime=229851, downTime=-1, deviceId=0, source=0x10004 }
D/InputEventConsistencyVerifier( 1064):   2: sent at 229913000000, MotionEvent { action=ACTION_UP, id[0]=0, x[0]=191.0, y[0]=686.0, toolType[0]=TOOL_TYPE_UNKNOWN, buttonState=0, metaState=0, flags=0x0, edgeFlags=0x0, pointerCount=1, historySize=0, eventTime=229913, downTime=229878, deviceId=0, source=0x1002 }
D/InputEventConsistencyVerifier( 1064):   3: sent at 229890000000, MotionEvent { action=ACTION_MOVE, id[0]=0, x[0]=189.0, y[0]=686.0, toolType[0]=TOOL_TYPE_UNKNOWN, buttonState=0, metaState=0, flags=0x0, edgeFlags=0x0, pointerCount=1, historySize=3, eventTime=229890, downTime=229878, deviceId=0, source=0x1002 }
D/InputEventConsistencyVerifier( 1064):   4: sent at 229879000000, MotionEvent { action=ACTION_DOWN, id[0]=0, x[0]=177.0, y[0]=678.0, toolType[0]=TOOL_TYPE_UNKNOWN, buttonState=0, metaState=0, flags=0x0, edgeFlags=0x0, pointerCount=1, historySize=0, eventTime=229879, downTime=229878, deviceId=0, source=0x1002 }
D/InputEventConsistencyVerifier( 1064):   5: sent at 229801000000, (unhandled) MotionEvent { action=ACTION_MOVE, id[0]=0, x[0]=-2.0, y[0]=0.0, toolType[0]=TOOL_TYPE_UNKNOWN, buttonState=0, metaState=0, flags=0x0, edgeFlags=0x0, pointerCount=1, historySize=2, eventTime=229801, downTime=-1, deviceId=0, source=0x10004 }
I/Choreographer( 1064): Skipped 31 frames!  The application may be doing too much work on its main thread.
I/Choreographer( 1064): Skipped 65 frames!  The application may be doing too much work on its main thread.
W/InputMethodManagerService(  221): Window already focused, ignoring focus gain of: com.android.internal.view.IInputMethodClient$Stub$Proxy@b3e6a3d0 attribute=android.view.inputmethod.EditorInfo@b3e6a3e8
D/InputEventConsistencyVerifier( 1064): KeyEvent: ACTION_UP but key was not down.
D/InputEventConsistencyVerifier( 1064):   in com.android.internal.policy.impl.PhoneWindow$DecorView@b43e1000
D/InputEventConsistencyVerifier( 1064):   0: sent at 231341000000, KeyEvent { action=ACTION_UP, keyCode=KEYCODE_DPAD_CENTER, scanCode=0, metaState=0, flags=0x8, repeatCount=0, eventTime=231341, downTime=231341, deviceId=-1, source=0x101 }
D/InputEventConsistencyVerifier( 1064):   -- recent events --
D/InputEventConsistencyVerifier( 1064):   1: sent at 230967000000, MotionEvent { action=ACTION_UP, id[0]=0, x[0]=93.0, y[0]=670.0, toolType[0]=TOOL_TYPE_UNKNOWN, buttonState=0, metaState=0, flags=0x0, edgeFlags=0x0, pointerCount=1, historySize=0, eventTime=230967, downTime=230961, deviceId=0, source=0x1002 }
D/InputEventConsistencyVerifier( 1064):   2: sent at 230961000000, MotionEvent { action=ACTION_DOWN, id[0]=0, x[0]=103.0, y[0]=682.0, toolType[0]=TOOL_TYPE_UNKNOWN, buttonState=0, metaState=0, flags=0x0, edgeFlags=0x0, pointerCount=1, historySize=0, eventTime=230961, downTime=230961, deviceId=0, source=0x1002 }
D/InputEventConsistencyVerifier( 1064):   3: sent at 230864000000, (unhandled) KeyEvent { action=ACTION_UP, keyCode=KEYCODE_MENU, scanCode=0, metaState=0, flags=0x8, repeatCount=0, eventTime=230864, downTime=230864, deviceId=-1, source=0x101 }
D/InputEventConsistencyVerifier( 1064):   4: sent at 230834000000, (unhandled) KeyEvent { action=ACTION_DOWN, keyCode=KEYCODE_MENU, scanCode=0, metaState=0, flags=0x8, repeatCount=0, eventTime=230834, downTime=230834, deviceId=-1, source=0x101 }
D/InputEventConsistencyVerifier( 1064):   5: sent at 230707000000, (unhandled) KeyEvent { action=ACTION_UP, keyCode=KEYCODE_MOVE_HOME, scanCode=0, metaState=0, flags=0x8, repeatCount=0, eventTime=230707, downTime=230707, deviceId=-1, source=0x101 }
D/InputEventConsistencyVerifier( 1064): KeyEvent: ACTION_UP but key was not down.
D/InputEventConsistencyVerifier( 1064):   in com.android.internal.policy.impl.PhoneWindow$DecorView@b43e1000
D/InputEventConsistencyVerifier( 1064):   0: sent at 231856000000, KeyEvent { action=ACTION_UP, keyCode=KEYCODE_DPAD_DOWN, scanCode=0, metaState=0, flags=0x400, repeatCount=0, eventTime=231856, downTime=231856, deviceId=-1, source=0x101 }
D/InputEventConsistencyVerifier( 1064):   -- recent events --
D/InputEventConsistencyVerifier( 1064):   1: sent at 231842000000, (unhandled) MotionEvent { action=ACTION_MOVE, id[0]=0, x[0]=3.0, y[0]=3.0, toolType[0]=TOOL_TYPE_UNKNOWN, buttonState=0, metaState=0, flags=0x0, edgeFlags=0x0, pointerCount=1, historySize=5, eventTime=231842, downTime=-1, deviceId=0, source=0x10004 }
D/InputEventConsistencyVerifier( 1064):   2: sent at 231778000000, MotionEvent { action=ACTION_UP, id[0]=0, x[0]=253.0, y[0]=552.0, toolType[0]=TOOL_TYPE_UNKNOWN, buttonState=0, metaState=0, flags=0x0, edgeFlags=0x0, pointerCount=1, historySize=0, eventTime=231778, downTime=231758, deviceId=0, source=0x1002 }
D/InputEventConsistencyVerifier( 1064):   3: sent at 231758000000, MotionEvent { action=ACTION_DOWN, id[0]=0, x[0]=255.0, y[0]=553.0, toolType[0]=TOOL_TYPE_UNKNOWN, buttonState=0, metaState=0, flags=0x0, edgeFlags=0x0, pointerCount=1, historySize=0, eventTime=231758, downTime=231758, deviceId=0, source=0x1002 }
D/InputEventConsistencyVerifier( 1064):   4: sent at 231730000000, (unhandled) KeyEvent { action=ACTION_UP, keyCode=KEYCODE_DPAD_UP, scanCode=0, metaState=0, flags=0x8, repeatCount=0, eventTime=231730, downTime=231730, deviceId=-1, source=0x101 }
D/InputEventConsistencyVerifier( 1064):   5: sent at 231691000000, (unhandled) KeyEvent { action=ACTION_DOWN, keyCode=KEYCODE_DPAD_UP, scanCode=0, metaState=0, flags=0x8, repeatCount=0, eventTime=231691, downTime=231691, deviceId=-1, source=0x101 }
I/Choreographer(  221): Skipped 34 frames!  The application may be doing too much work on its main thread.
I/Choreographer( 1064): Skipped 103 frames!  The application may be doing too much work on its main thread.
I/Choreographer( 1064): Skipped 34 frames!  The application may be doing too much work on its main thread.
I/ActivityManager(  221): START {act=android.intent.action.MAIN cat=[android.intent.category.LAUNCHER] flg=0x10200000 cmp=com.talkweb.ycya/.LoginActivity u=0} from pid 1027
W/InputManager(  221): Input event injection from pid 1027 failed.
W/InputMethodManagerService(  221): Window already focused, ignoring focus gain of: com.android.internal.view.IInputMethodClient$Stub$Proxy@b3ef4f28 attribute=null
W/InputManager(  221): Input event injection from pid 1027 failed.
W/InputManager(  221): Input event injection from pid 1027 failed.
W/InputManager(  221): Input event injection from pid 1027 failed.
W/InputManager(  221): Input event injection from pid 1027 failed.
W/InputManager(  221): Input event injection from pid 1027 failed.
D/InputEventConsistencyVerifier( 1064): TrackballEvent: Trackball is down but pressure is not greater than 0.
D/InputEventConsistencyVerifier( 1064):   in android.view.ViewRootImpl@b4027cb8
D/InputEventConsistencyVerifier( 1064):   0: sent at 234211000000, MotionEvent { action=ACTION_DOWN, id[0]=0, x[0]=0.0, y[0]=0.0, toolType[0]=TOOL_TYPE_UNKNOWN, buttonState=0, metaState=0, flags=0x0, edgeFlags=0x0, pointerCount=1, historySize=0, eventTime=234211, downTime=234181, deviceId=0, source=0x10004 }
D/InputEventConsistencyVerifier( 1064):   -- recent events --
D/InputEventConsistencyVerifier( 1064):   1: sent at 234240000000, KeyEvent { action=ACTION_UP, keyCode=KEYCODE_DPAD_UP, scanCode=0, metaState=0, flags=0x400, repeatCount=0, eventTime=234240, downTime=234240, deviceId=-1, source=0x101 }
D/InputEventConsistencyVerifier( 1064):   2: sent at 234240000000, KeyEvent { action=ACTION_DOWN, keyCode=KEYCODE_DPAD_UP, scanCode=0, metaState=0, flags=0x400, repeatCount=0, eventTime=234240, downTime=234240, deviceId=-1, source=0x101 }
D/InputEventConsistencyVerifier( 1064):   3: sent at 234239000000, KeyEvent { action=ACTION_UP, keyCode=KEYCODE_DPAD_UP, scanCode=0, metaState=0, flags=0x400, repeatCount=0, eventTime=234239, downTime=234239, deviceId=-1, source=0x101 }
D/InputEventConsistencyVerifier( 1064):   4: sent at 234239000000, KeyEvent { action=ACTION_DOWN, keyCode=KEYCODE_DPAD_UP, scanCode=0, metaState=0, flags=0x400, repeatCount=0, eventTime=234239, downTime=234239, deviceId=-1, source=0x101 }
D/InputEventConsistencyVerifier( 1064):   5: sent at 234238000000, KeyEvent { action=ACTION_UP, keyCode=KEYCODE_DPAD_UP, scanCode=0, metaState=0, flags=0x400, repeatCount=0, eventTime=234238, downTime=234238, deviceId=-1, source=0x101 }
I/Choreographer( 1064): Skipped 51 frames!  The application may be doing too much work on its main thread.
D/InputEventConsistencyVerifier(  468): TouchEvent: ACTION_DOWN but pointers are already down.  Probably missing ACTION_UP from previous gesture.
D/InputEventConsistencyVerifier(  468):   in android.view.ScaleGestureDetector@b3e85f78
D/InputEventConsistencyVerifier(  468):   0: sent at 234591000000, MotionEvent { action=ACTION_DOWN, id[0]=0, x[0]=284.0, y[0]=30.0, toolType[0]=TOOL_TYPE_UNKNOWN, buttonState=0, metaState=0, flags=0x0, edgeFlags=0x0, pointerCount=1, historySize=0, eventTime=234591, downTime=234579, deviceId=0, source=0x1002 }
D/InputEventConsistencyVerifier(  468):   -- recent events --
D/InputEventConsistencyVerifier(  468):   1: sent at 227140000000, MotionEvent { action=ACTION_DOWN, id[0]=0, x[0]=304.0, y[0]=319.0, toolType[0]=TOOL_TYPE_UNKNOWN, buttonState=0, metaState=0, flags=0x80000000, edgeFlags=0x0, pointerCount=1, historySize=0, eventTime=227140, downTime=227140, deviceId=0, source=0x1002 }
D/InputEventConsistencyVerifier(  468):   2: sent at 227084000000, MotionEvent { action=ACTION_DOWN, id[0]=0, x[0]=90.0, y[0]=714.0, toolType[0]=TOOL_TYPE_UNKNOWN, buttonState=0, metaState=0, flags=0x0, edgeFlags=0x0, pointerCount=1, historySize=0, eventTime=227084, downTime=227083, deviceId=0, source=0x1002 }
D/InputEventConsistencyVerifier(  468):   3: sent at 226882000000, MotionEvent { action=ACTION_UP, id[0]=0, x[0]=47.0, y[0]=68.0, toolType[0]=TOOL_TYPE_UNKNOWN, buttonState=0, metaState=0, flags=0x0, edgeFlags=0x0, pointerCount=1, historySize=0, eventTime=226882, downTime=226877, deviceId=0, source=0x1002 }
D/InputEventConsistencyVerifier(  468):   4: sent at 226877000000, MotionEvent { action=ACTION_DOWN, id[0]=0, x[0]=66.0, y[0]=52.0, toolType[0]=TOOL_TYPE_UNKNOWN, buttonState=0, metaState=0, flags=0x80000000, edgeFlags=0x0, pointerCount=1, historySize=0, eventTime=226877, downTime=226877, deviceId=0, source=0x1002 }
D/InputEventConsistencyVerifier(  468):   5: sent at 226477000000, MotionEvent { action=ACTION_MOVE, id[0]=0, x[0]=225.0, y[0]=644.0, toolType[0]=TOOL_TYPE_UNKNOWN, buttonState=0, metaState=0, flags=0x0, edgeFlags=0x0, pointerCount=1, historySize=6, eventTime=226477, downTime=226409, deviceId=0, source=0x1002 }
W/dalvikvm(  468): DroidBox: { "FdAccess": { "path": "2f70726f632f6d656d696e666f", "id": "1523380395" } }
W/DroidBox(  468): DroidBox: { "FileRW": { "operation": "read", "data": "4d656d546f74616c3a202020202020202020373438393634206b420a4d656d467265653a20202020202020202020343334343732206b420a427566666572733a20202020202020202020202035363434206b420a4361636865643a202020202020202020", "id": "1523380395" } }
I/Choreographer( 1064): Skipped 42 frames!  The application may be doing too much work on its main thread.
I/ActivityManager(  221): START {act=android.intent.action.MAIN cat=[android.intent.category.LAUNCHER] flg=0x10000000 cmp=com.android.contacts/.activities.PeopleActivity sel={act=android.intent.action.MAIN cat=[android.intent.category.APP_CONTACTS]} u=0} from pid 221
W/dalvikvm(  468): DroidBox: { "FdAccess": { "path": "2f70726f632f6d656d696e666f", "id": "295048962" } }
W/DroidBox(  468): DroidBox: { "FileRW": { "operation": "read", "data": "4d656d546f74616c3a202020202020202020373438393634206b420a4d656d467265653a20202020202020202020343334343732206b420a427566666572733a20202020202020202020202035363434206b420a4361636865643a202020202020202020", "id": "295048962" } }
D/InputEventConsistencyVerifier( 1064): KeyEvent: ACTION_UP but key was not down.
D/InputEventConsistencyVerifier( 1064):   in android.view.ViewRootImpl@b4027cb8
D/InputEventConsistencyVerifier( 1064):   0: sent at 234755000000, KeyEvent { action=ACTION_UP, keyCode=KEYCODE_CONTACTS, scanCode=0, metaState=0, flags=0x8, repeatCount=0, eventTime=234755, downTime=234755, deviceId=-1, source=0x101 }
D/InputEventConsistencyVerifier( 1064):   -- recent events --
D/InputEventConsistencyVerifier( 1064):   1: sent at 234796000000, KeyEvent { action=ACTION_UP, keyCode=KEYCODE_DPAD_DOWN, scanCode=0, metaState=0, flags=0x400, repeatCount=0, eventTime=234796, downTime=234796, deviceId=-1, source=0x101 }
D/InputEventConsistencyVerifier( 1064):   2: sent at 234796000000, KeyEvent { action=ACTION_DOWN, keyCode=KEYCODE_DPAD_DOWN, scanCode=0, metaState=0, flags=0x400, repeatCount=0, eventTime=234796, downTime=234796, deviceId=-1, source=0x101 }
D/InputEventConsistencyVerifier( 1064):   3: sent at 234766000000, KeyEvent { action=ACTION_UP, keyCode=KEYCODE_DPAD_DOWN, scanCode=0, metaState=0, flags=0x400, repeatCount=0, eventTime=234766, downTime=234766, deviceId=-1, source=0x101 }
D/InputEventConsistencyVerifier( 1064):   4: sent at 234766000000, KeyEvent { action=ACTION_DOWN, keyCode=KEYCODE_DPAD_DOWN, scanCode=0, metaState=0, flags=0x400, repeatCount=0, eventTime=234766, downTime=234766, deviceId=-1, source=0x101 }
D/InputEventConsistencyVerifier( 1064):   5: sent at 234574000000, MotionEvent { action=ACTION_MOVE, id[0]=0, x[0]=2.0, y[0]=2.0, toolType[0]=TOOL_TYPE_UNKNOWN, buttonState=0, metaState=0, flags=0x0, edgeFlags=0x0, pointerCount=1, historySize=9, eventTime=234574, downTime=-1, deviceId=0, source=0x10004 }
D/InputEventConsistencyVerifier(  468): KeyEvent: ACTION_UP but key was not down.
D/InputEventConsistencyVerifier(  468):   in android.view.ViewRootImpl@b3e77d28
D/InputEventConsistencyVerifier(  468):   0: sent at 234862000000, KeyEvent { action=ACTION_UP, keyCode=KEYCODE_DPAD_RIGHT, scanCode=0, metaState=0, flags=0x8, repeatCount=0, eventTime=234862, downTime=234862, deviceId=-1, source=0x101 }
D/InputEventConsistencyVerifier(  468):   -- recent events --
D/InputEventConsistencyVerifier(  468):   1: sent at 234656000000, MotionEvent { action=ACTION_UP, id[0]=0, x[0]=205.0, y[0]=131.0, toolType[0]=TOOL_TYPE_UNKNOWN, buttonState=0, metaState=0, flags=0x0, edgeFlags=0x0, pointerCount=1, historySize=0, eventTime=234656, downTime=234579, deviceId=0, source=0x1002 }
D/InputEventConsistencyVerifier(  468):   2: sent at 234653000000, MotionEvent { action=ACTION_MOVE, id[0]=0, x[0]=214.0, y[0]=114.0, toolType[0]=TOOL_TYPE_UNKNOWN, buttonState=0, metaState=0, flags=0x0, edgeFlags=0x0, pointerCount=1, historySize=1, eventTime=234653, downTime=234579, deviceId=0, source=0x1002 }
D/InputEventConsistencyVerifier(  468):   3: sent at 234622500000, MotionEvent { action=ACTION_MOVE, id[0]=0, x[0]=226.0, y[0]=100.0, toolType[0]=TOOL_TYPE_UNKNOWN, buttonState=0, metaState=0, flags=0x0, edgeFlags=0x0, pointerCount=1, historySize=6, eventTime=234622, downTime=234579, deviceId=0, source=0x1002 }
D/InputEventConsistencyVerifier(  468):   4: sent at 234591000000, MotionEvent { action=ACTION_DOWN, id[0]=0, x[0]=284.0, y[0]=30.0, toolType[0]=TOOL_TYPE_UNKNOWN, buttonState=0, metaState=0, flags=0x0, edgeFlags=0x0, pointerCount=1, historySize=0, eventTime=234591, downTime=234579, deviceId=0, source=0x1002 }
D/InputEventConsistencyVerifier(  468):   5: sent at 227144000000, MotionEvent { action=ACTION_UP, id[0]=0, x[0]=311.0, y[0]=318.0, toolType[0]=TOOL_TYPE_UNKNOWN, buttonState=0, metaState=0, flags=0x0, edgeFlags=0x0, pointerCount=1, historySize=0, eventTime=227144, downTime=227140, deviceId=0, source=0x1002 }
W/dalvikvm(  468): DroidBox: { "FdAccess": { "path": "2f70726f632f6d656d696e666f", "id": "1809682067" } }
W/DroidBox(  468): DroidBox: { "FileRW": { "operation": "read", "data": "4d656d546f74616c3a202020202020202020373438393634206b420a4d656d467265653a20202020202020202020343334343732206b420a427566666572733a20202020202020202020202035363434206b420a4361636865643a202020202020202020", "id": "1809682067" } }
I/Choreographer(  468): Skipped 47 frames!  The application may be doing too much work on its main thread.
W/dalvikvm(  468): DroidBox: { "FdAccess": { "path": "2f70726f632f6d656d696e666f", "id": "1250309205" } }
W/DroidBox(  468): DroidBox: { "FileRW": { "operation": "read", "data": "4d656d546f74616c3a202020202020202020373438393634206b420a4d656d467265653a20202020202020202020343334333438206b420a427566666572733a20202020202020202020202035363434206b420a4361636865643a202020202020202020", "id": "1250309205" } }
D/PhoneStatusBar(  468): disable: < expand icons alerts TICKER* system_info back home recent clock >
W/dalvikvm(  468): DroidBox: { "FdAccess": { "path": "2f70726f632f6d656d696e666f", "id": "1900271592" } }
W/DroidBox(  468): DroidBox: { "FileRW": { "operation": "read", "data": "4d656d546f74616c3a202020202020202020373438393634206b420a4d656d467265653a20202020202020202020343332383630206b420a427566666572733a20202020202020202020202035363434206b420a4361636865643a202020202020202020", "id": "1900271592" } }
D/InputEventConsistencyVerifier(  468): KeyEvent: ACTION_UP but key was not down.
D/InputEventConsistencyVerifier(  468):   in com.android.systemui.statusbar.phone.StatusBarWindowView@b3de63b8
D/InputEventConsistencyVerifier(  468):   0: sent at 235270000000, KeyEvent { action=ACTION_UP, keyCode=KEYCODE_DPAD_RIGHT, scanCode=0, metaState=0, flags=0x400, repeatCount=0, eventTime=235270, downTime=235270, deviceId=-1, source=0x101 }
D/InputEventConsistencyVerifier(  468):   -- recent events --
D/InputEventConsistencyVerifier(  468):   1: sent at 235260000000, (unhandled) MotionEvent { action=ACTION_MOVE, id[0]=0, x[0]=4.0, y[0]=2.0, toolType[0]=TOOL_TYPE_UNKNOWN, buttonState=0, metaState=0, flags=0x0, edgeFlags=0x0, pointerCount=1, historySize=9, eventTime=235260, downTime=-1, deviceId=0, source=0x10004 }
D/InputEventConsistencyVerifier(  468):   2: sent at 235189000000, MotionEvent { action=ACTION_UP, id[0]=0, x[0]=416.0, y[0]=572.0, toolType[0]=TOOL_TYPE_UNKNOWN, buttonState=0, metaState=0, flags=0x0, edgeFlags=0x0, pointerCount=1, historySize=0, eventTime=235189, downTime=235169, deviceId=0, source=0x1002 }
D/InputEventConsistencyVerifier(  468):   3: sent at 235170000000, MotionEvent { action=ACTION_DOWN, id[0]=0, x[0]=416.0, y[0]=572.0, toolType[0]=TOOL_TYPE_UNKNOWN, buttonState=0, metaState=0, flags=0x0, edgeFlags=0x0, pointerCount=1, historySize=0, eventTime=235170, downTime=235169, deviceId=0, source=0x1002 }
D/InputEventConsistencyVerifier(  468):   4: sent at 235136000000, (unhandled) KeyEvent { action=ACTION_UP, keyCode=KEYCODE_DPAD_CENTER, scanCode=0, metaState=0, flags=0x8, repeatCount=0, eventTime=235136, downTime=235136, deviceId=-1, source=0x101 }
D/InputEventConsistencyVerifier(  468):   5: sent at 235071000000, (unhandled) KeyEvent { action=ACTION_DOWN, keyCode=KEYCODE_DPAD_CENTER, scanCode=0, metaState=0, flags=0x8, repeatCount=0, eventTime=235071, downTime=235071, deviceId=-1, source=0x101 }
D/InputEventConsistencyVerifier(  468): KeyEvent: ACTION_UP but key was not down.
D/InputEventConsistencyVerifier(  468):   in android.widget.FrameLayout@b3db6438
D/InputEventConsistencyVerifier(  468):   0: sent at 235289000000, KeyEvent { action=ACTION_UP, keyCode=KEYCODE_DPAD_DOWN, scanCode=0, metaState=0, flags=0x8, repeatCount=0, eventTime=235289, downTime=235289, deviceId=-1, source=0x101 }
D/InputEventConsistencyVerifier(  468):   -- recent events --
D/InputEventConsistencyVerifier(  468):   1: sent at 226882000000, MotionEvent { action=ACTION_UP, id[0]=0, x[0]=47.0, y[0]=68.0, toolType[0]=TOOL_TYPE_UNKNOWN, buttonState=0, metaState=0, flags=0x0, edgeFlags=0x0, pointerCount=1, historySize=0, eventTime=226882, downTime=226877, deviceId=0, source=0x1002 }
D/InputEventConsistencyVerifier(  468):   2: sent at 226877000000, MotionEvent { action=ACTION_DOWN, id[0]=0, x[0]=66.0, y[0]=52.0, toolType[0]=TOOL_TYPE_UNKNOWN, buttonState=0, metaState=0, flags=0x80000000, edgeFlags=0x0, pointerCount=1, historySize=0, eventTime=226877, downTime=226877, deviceId=0, source=0x1002 }
D/InputEventConsistencyVerifier(  468):   3: sent at 226855000000, (unhandled) KeyEvent { action=ACTION_UP, keyCode=KEYCODE_DPAD_DOWN, scanCode=0, metaState=0, flags=0x80000008, repeatCount=0, eventTime=226855, downTime=226855, deviceId=-1, source=0x101 }
D/InputEventConsistencyVerifier(  468):   4: sent at 226479000000, MotionEvent { action=ACTION_UP, id[0]=0, x[0]=219.0, y[0]=638.0, toolType[0]=TOOL_TYPE_UNKNOWN, buttonState=0, metaState=0, flags=0x0, edgeFlags=0x0, pointerCount=1, historySize=0, eventTime=226479, downTime=226409, deviceId=0, source=0x1002 }
D/InputEventConsistencyVerifier(  468):   5: sent at 226477000000, MotionEvent { action=ACTION_MOVE, id[0]=0, x[0]=225.0, y[0]=644.0, toolType[0]=TOOL_TYPE_UNKNOWN, buttonState=0, metaState=0, flags=0x0, edgeFlags=0x0, pointerCount=1, historySize=6, eventTime=226477, downTime=226409, deviceId=0, source=0x1002 }
W/dalvikvm(  468): DroidBox: { "FdAccess": { "path": "2f70726f632f6d656d696e666f", "id": "1364009010" } }
W/DroidBox(  468): DroidBox: { "FileRW": { "operation": "read", "data": "4d656d546f74616c3a202020202020202020373438393634206b420a4d656d467265653a20202020202020202020343331333732206b420a427566666572733a20202020202020202020202035363434206b420a4361636865643a202020202020202020", "id": "1364009010" } }
W/dalvikvm(  468): DroidBox: { "FdAccess": { "path": "2f70726f632f6d656d696e666f", "id": "1665243507" } }
W/DroidBox(  468): DroidBox: { "FileRW": { "operation": "read", "data": "4d656d546f74616c3a202020202020202020373438393634206b420a4d656d467265653a20202020202020202020343331313234206b420a427566666572733a20202020202020202020202035363434206b420a4361636865643a202020202020202020", "id": "1665243507" } }
W/dalvikvm(  468): DroidBox: { "FdAccess": { "path": "2f70726f632f6d656d696e666f", "id": "1638034112" } }
