I/Choreographer( 1029): Skipped 39 frames!  The application may be doing too much work on its main thread.
E/WVMExtractor(   62): Failed to open libwvm.so
I/Choreographer( 1029): Skipped 53 frames!  The application may be doing too much work on its main thread.
E/WVMExtractor(   62): Failed to open libwvm.so
I/ActivityManager(  237): START {act=android.intent.action.MAIN cat=[android.intent.category.LAUNCHER] flg=0x10200000 cmp=com.jx.theme.n1368240560/com.jx.MainActivity u=0} from pid 1011
E/WVMExtractor(   62): Failed to open libwvm.so
I/Choreographer( 1029): Skipped 39 frames!  The application may be doing too much work on its main thread.
E/WVMExtractor(   62): Failed to open libwvm.so
D/InputEventConsistencyVerifier( 1029): TrackballEvent: Trackball is down but pressure is not greater than 0.
D/InputEventConsistencyVerifier( 1029):   in android.view.ViewRootImpl@b3dc64e8
D/InputEventConsistencyVerifier( 1029):   0: sent at 174563000000, MotionEvent { action=ACTION_DOWN, id[0]=0, x[0]=0.0, y[0]=0.0, toolType[0]=TOOL_TYPE_UNKNOWN, buttonState=0, metaState=0, flags=0x0, edgeFlags=0x0, pointerCount=1, historySize=0, eventTime=174563, downTime=174492, deviceId=0, source=0x10004 }
D/InputEventConsistencyVerifier( 1029):   -- recent events --
D/InputEventConsistencyVerifier( 1029):   1: sent at 174620000000, KeyEvent { action=ACTION_UP, keyCode=KEYCODE_DPAD_UP, scanCode=0, metaState=0, flags=0x400, repeatCount=0, eventTime=174620, downTime=174620, deviceId=-1, source=0x101 }
D/InputEventConsistencyVerifier( 1029):   2: sent at 174620000000, KeyEvent { action=ACTION_DOWN, keyCode=KEYCODE_DPAD_UP, scanCode=0, metaState=0, flags=0x400, repeatCount=0, eventTime=174620, downTime=174620, deviceId=-1, source=0x101 }
D/InputEventConsistencyVerifier( 1029):   3: sent at 174619000000, KeyEvent { action=ACTION_UP, keyCode=KEYCODE_DPAD_UP, scanCode=0, metaState=0, flags=0x400, repeatCount=0, eventTime=174619, downTime=174619, deviceId=-1, source=0x101 }
D/InputEventConsistencyVerifier( 1029):   4: sent at 174619000000, KeyEvent { action=ACTION_DOWN, keyCode=KEYCODE_DPAD_UP, scanCode=0, metaState=0, flags=0x400, repeatCount=0, eventTime=174619, downTime=174619, deviceId=-1, source=0x101 }
D/InputEventConsistencyVerifier( 1029):   5: sent at 174619000000, KeyEvent { action=ACTION_UP, keyCode=KEYCODE_DPAD_UP, scanCode=0, metaState=0, flags=0x400, repeatCount=0, eventTime=174619, downTime=174619, deviceId=-1, source=0x101 }
D/InputEventConsistencyVerifier(  432): TouchEvent: ACTION_DOWN but pointers are already down.  Probably missing ACTION_UP from previous gesture.
D/InputEventConsistencyVerifier(  432):   in android.view.ScaleGestureDetector@b3eb0e20
D/InputEventConsistencyVerifier(  432):   0: sent at 174991000000, MotionEvent { action=ACTION_DOWN, id[0]=0, x[0]=284.0, y[0]=30.0, toolType[0]=TOOL_TYPE_UNKNOWN, buttonState=0, metaState=0, flags=0x0, edgeFlags=0x0, pointerCount=1, historySize=0, eventTime=174991, downTime=174989, deviceId=0, source=0x1002 }
D/InputEventConsistencyVerifier(  432):   -- recent events --
D/InputEventConsistencyVerifier(  432):   1: sent at 166899000000, MotionEvent { action=ACTION_DOWN, id[0]=0, x[0]=329.0, y[0]=380.0, toolType[0]=TOOL_TYPE_UNKNOWN, buttonState=0, metaState=0, flags=0x80000000, edgeFlags=0x0, pointerCount=1, historySize=0, eventTime=166899, downTime=166898, deviceId=0, source=0x1002 }
D/InputEventConsistencyVerifier(  432):   2: sent at 166725000000, MotionEvent { action=ACTION_DOWN, id[0]=0, x[0]=126.0, y[0]=474.0, toolType[0]=TOOL_TYPE_UNKNOWN, buttonState=0, metaState=0, flags=0x0, edgeFlags=0x0, pointerCount=1, historySize=0, eventTime=166725, downTime=166722, deviceId=0, source=0x1002 }
D/InputEventConsistencyVerifier(  432):   3: sent at 166340000000, MotionEvent { action=ACTION_UP, id[0]=0, x[0]=302.0, y[0]=0.0, toolType[0]=TOOL_TYPE_UNKNOWN, buttonState=0, metaState=0, flags=0x0, edgeFlags=0x0, pointerCount=1, historySize=0, eventTime=166340, downTime=166149, deviceId=0, source=0x1002 }
D/InputEventConsistencyVerifier(  432):   4: sent at 166334000000, MotionEvent { action=ACTION_MOVE, id[0]=0, x[0]=308.0, y[0]=0.0, toolType[0]=TOOL_TYPE_UNKNOWN, buttonState=0, metaState=0, flags=0x0, edgeFlags=0x0, pointerCount=1, historySize=0, eventTime=166334, downTime=166149, deviceId=0, source=0x1002 }
D/InputEventConsistencyVerifier(  432):   5: sent at 166321193140, MotionEvent { action=ACTION_MOVE, id[0]=0, x[0]=310.56137, y[0]=0.0, toolType[0]=TOOL_TYPE_UNKNOWN, buttonState=0, metaState=0, flags=0x0, edgeFlags=0x0, pointerCount=1, historySize=1, eventTime=166321, downTime=166149, deviceId=0, source=0x1002 }
I/ActivityManager(  237): START {act=android.intent.action.MAIN cat=[android.intent.category.LAUNCHER] flg=0x10000000 cmp=com.android.contacts/.activities.PeopleActivity sel={act=android.intent.action.MAIN cat=[android.intent.category.APP_CONTACTS]} u=0} from pid 237
W/dalvikvm(  432): DroidBox: { "FdAccess": { "path": "2f70726f632f6d656d696e666f", "id": "1116076563" } }
W/DroidBox(  432): DroidBox: { "FileRW": { "operation": "read", "data": "4d656d546f74616c3a202020202020202020373438393634206b420a4d656d467265653a20202020202020202020343439323430206b420a427566666572733a20202020202020202020202035343638206b420a4361636865643a202020202020202020", "id": "1116076563" } }
D/InputEventConsistencyVerifier( 1029): KeyEvent: ACTION_UP but key was not down.
D/InputEventConsistencyVerifier( 1029):   in android.view.ViewRootImpl@b3dc64e8
D/InputEventConsistencyVerifier( 1029):   0: sent at 175098000000, KeyEvent { action=ACTION_UP, keyCode=KEYCODE_CONTACTS, scanCode=0, metaState=0, flags=0x8, repeatCount=0, eventTime=175098, downTime=175098, deviceId=-1, source=0x101 }
D/InputEventConsistencyVerifier( 1029):   -- recent events --
D/InputEventConsistencyVerifier( 1029):   1: sent at 175140000000, KeyEvent { action=ACTION_UP, keyCode=KEYCODE_DPAD_DOWN, scanCode=0, metaState=0, flags=0x400, repeatCount=0, eventTime=175140, downTime=175140, deviceId=-1, source=0x101 }
D/InputEventConsistencyVerifier( 1029):   2: sent at 175140000000, KeyEvent { action=ACTION_DOWN, keyCode=KEYCODE_DPAD_DOWN, scanCode=0, metaState=0, flags=0x400, repeatCount=0, eventTime=175140, downTime=175140, deviceId=-1, source=0x101 }
D/InputEventConsistencyVerifier( 1029):   3: sent at 175138000000, KeyEvent { action=ACTION_UP, keyCode=KEYCODE_DPAD_DOWN, scanCode=0, metaState=0, flags=0x400, repeatCount=0, eventTime=175138, downTime=175138, deviceId=-1, source=0x101 }
D/InputEventConsistencyVerifier( 1029):   4: sent at 175138000000, KeyEvent { action=ACTION_DOWN, keyCode=KEYCODE_DPAD_DOWN, scanCode=0, metaState=0, flags=0x400, repeatCount=0, eventTime=175138, downTime=175138, deviceId=-1, source=0x101 }
D/InputEventConsistencyVerifier( 1029):   5: sent at 174984000000, MotionEvent { action=ACTION_MOVE, id[0]=0, x[0]=2.0, y[0]=2.0, toolType[0]=TOOL_TYPE_UNKNOWN, buttonState=0, metaState=0, flags=0x0, edgeFlags=0x0, pointerCount=1, historySize=4, eventTime=174984, downTime=-1, deviceId=0, source=0x10004 }
I/Choreographer( 1029): Skipped 30 frames!  The application may be doing too much work on its main thread.
W/dalvikvm(  432): DroidBox: { "FdAccess": { "path": "2f70726f632f6d656d696e666f", "id": "1332554171" } }
W/DroidBox(  432): DroidBox: { "FileRW": { "operation": "read", "data": "4d656d546f74616c3a202020202020202020373438393634206b420a4d656d467265653a20202020202020202020343439323430206b420a427566666572733a20202020202020202020202035343638206b420a4361636865643a202020202020202020", "id": "1332554171" } }
I/Choreographer(  432): Skipped 81 frames!  The application may be doing too much work on its main thread.
W/dalvikvm(  432): DroidBox: { "FdAccess": { "path": "2f70726f632f6d656d696e666f", "id": "240076057" } }
W/DroidBox(  432): DroidBox: { "FileRW": { "operation": "read", "data": "4d656d546f74616c3a202020202020202020373438393634206b420a4d656d467265653a20202020202020202020343439323430206b420a427566666572733a20202020202020202020202035343638206b420a4361636865643a202020202020202020", "id": "240076057" } }
V/PhoneStatusBar(  432): setLightsOn(true)
D/PhoneStatusBar(  432): disable: < expand icons alerts TICKER* system_info back home recent clock >
I/Choreographer(  432): Skipped 31 frames!  The application may be doing too much work on its main thread.
D/InputEventConsistencyVerifier(  432): KeyEvent: ACTION_UP but key was not down.
D/InputEventConsistencyVerifier(  432):   in com.android.systemui.statusbar.phone.StatusBarWindowView@b3e011d8
D/InputEventConsistencyVerifier(  432):   0: sent at 175615000000, KeyEvent { action=ACTION_UP, keyCode=KEYCODE_DPAD_LEFT, scanCode=0, metaState=0, flags=0x400, repeatCount=0, eventTime=175615, downTime=175615, deviceId=-1, source=0x101 }
D/InputEventConsistencyVerifier(  432):   -- recent events --
D/InputEventConsistencyVerifier(  432):   1: sent at 175598000000, (unhandled) MotionEvent { action=ACTION_MOVE, id[0]=0, x[0]=-4.0, y[0]=-2.0, toolType[0]=TOOL_TYPE_UNKNOWN, buttonState=0, metaState=0, flags=0x0, edgeFlags=0x0, pointerCount=1, historySize=0, eventTime=175598, downTime=-1, deviceId=0, source=0x10004 }
D/InputEventConsistencyVerifier(  432):   2: sent at 175509000000, (unhandled) KeyEvent { action=ACTION_UP, keyCode=KEYCODE_DPAD_CENTER, scanCode=0, metaState=0, flags=0x8, repeatCount=0, eventTime=175509, downTime=175509, deviceId=-1, source=0x101 }
D/InputEventConsistencyVerifier(  432):   3: sent at 175471000000, (unhandled) KeyEvent { action=ACTION_DOWN, keyCode=KEYCODE_DPAD_CENTER, scanCode=0, metaState=0, flags=0x8, repeatCount=0, eventTime=175471, downTime=175471, deviceId=-1, source=0x101 }
D/InputEventConsistencyVerifier(  432):   4: sent at 175428000000, (unhandled) KeyEvent { action=ACTION_UP, keyCode=KEYCODE_H, scanCode=0, metaState=0, flags=0x8, repeatCount=0, eventTime=175428, downTime=175428, deviceId=-1, source=0x101 }
D/InputEventConsistencyVerifier(  432):   5: sent at 175423000000, (unhandled) KeyEvent { action=ACTION_DOWN, keyCode=KEYCODE_H, scanCode=0, metaState=0, flags=0x8, repeatCount=0, eventTime=175423, downTime=175423, deviceId=-1, source=0x101 }
W/dalvikvm(  432): DroidBox: { "FdAccess": { "path": "2f70726f632f6d656d696e666f", "id": "1509238073" } }
W/DroidBox(  432): DroidBox: { "FileRW": { "operation": "read", "data": "4d656d546f74616c3a202020202020202020373438393634206b420a4d656d467265653a20202020202020202020343439323430206b420a427566666572733a20202020202020202020202035343638206b420a4361636865643a202020202020202020", "id": "1509238073" } }
I/Choreographer(  432): Skipped 47 frames!  The application may be doing too much work on its main thread.
W/dalvikvm(  432): DroidBox: { "FdAccess": { "path": "2f70726f632f6d656d696e666f", "id": "523313641" } }
W/DroidBox(  432): DroidBox: { "FileRW": { "operation": "read", "data": "4d656d546f74616c3a202020202020202020373438393634206b420a4d656d467265653a20202020202020202020343437373532206b420a427566666572733a20202020202020202020202035343638206b420a4361636865643a202020202020202020", "id": "523313641" } }
I/Choreographer(  432): Skipped 69 frames!  The application may be doing too much work on its main thread.
D/InputEventConsistencyVerifier(  432): KeyEvent: ACTION_UP but key was not down.
D/InputEventConsistencyVerifier(  432):   in com.android.systemui.statusbar.phone.StatusBarWindowView@b3e011d8
D/InputEventConsistencyVerifier(  432):   0: sent at 176247000000, KeyEvent { action=ACTION_UP, keyCode=KEYCODE_DPAD_RIGHT, scanCode=0, metaState=0, flags=0x400, repeatCount=0, eventTime=176247, downTime=176247, deviceId=-1, source=0x101 }
D/InputEventConsistencyVerifier(  432):   -- recent events --
D/InputEventConsistencyVerifier(  432):   1: sent at 176191000000, (unhandled) MotionEvent { action=ACTION_MOVE, id[0]=0, x[0]=4.0, y[0]=2.0, toolType[0]=TOOL_TYPE_UNKNOWN, buttonState=0, metaState=0, flags=0x0, edgeFlags=0x0, pointerCount=1, historySize=9, eventTime=176191, downTime=-1, deviceId=0, source=0x10004 }
D/InputEventConsistencyVerifier(  432):   2: sent at 176059000000, MotionEvent { action=ACTION_UP, id[0]=0, x[0]=416.0, y[0]=572.0, toolType[0]=TOOL_TYPE_UNKNOWN, buttonState=0, metaState=0, flags=0x0, edgeFlags=0x0, pointerCount=1, historySize=0, eventTime=176059, downTime=176052, deviceId=0, source=0x1002 }
D/InputEventConsistencyVerifier(  432):   3: sent at 176053000000, MotionEvent { action=ACTION_DOWN, id[0]=0, x[0]=416.0, y[0]=572.0, toolType[0]=TOOL_TYPE_UNKNOWN, buttonState=0, metaState=0, flags=0x0, edgeFlags=0x0, pointerCount=1, historySize=0, eventTime=176053, downTime=176052, deviceId=0, source=0x1002 }
D/InputEventConsistencyVerifier(  432):   4: sent at 175977000000, (unhandled) KeyEvent { action=ACTION_UP, keyCode=KEYCODE_DPAD_CENTER, scanCode=0, metaState=0, flags=0x8, repeatCount=0, eventTime=175977, downTime=175977, deviceId=-1, source=0x101 }
D/InputEventConsistencyVerifier(  432):   5: sent at 175815000000, (unhandled) KeyEvent { action=ACTION_DOWN, keyCode=KEYCODE_DPAD_CENTER, scanCode=0, metaState=0, flags=0x8, repeatCount=0, eventTime=175815, downTime=175815, deviceId=-1, source=0x101 }
D/InputEventConsistencyVerifier(  432): KeyEvent: ACTION_UP but key was not down.
D/InputEventConsistencyVerifier(  432):   in android.widget.FrameLayout@b3ddc168
D/InputEventConsistencyVerifier(  432):   0: sent at 176322000000, KeyEvent { action=ACTION_UP, keyCode=KEYCODE_DPAD_DOWN, scanCode=0, metaState=0, flags=0x8, repeatCount=0, eventTime=176322, downTime=176322, deviceId=-1, source=0x101 }
D/InputEventConsistencyVerifier(  432):   -- recent events --
D/InputEventConsistencyVerifier(  432):   1: sent at 176059000000, MotionEvent { action=ACTION_UP, id[0]=0, x[0]=416.0, y[0]=572.0, toolType[0]=TOOL_TYPE_UNKNOWN, buttonState=0, metaState=0, flags=0x0, edgeFlags=0x0, pointerCount=1, historySize=0, eventTime=176059, downTime=176052, deviceId=0, source=0x1002 }
D/InputEventConsistencyVerifier(  432):   2: sent at 176053000000, MotionEvent { action=ACTION_DOWN, id[0]=0, x[0]=416.0, y[0]=572.0, toolType[0]=TOOL_TYPE_UNKNOWN, buttonState=0, metaState=0, flags=0x0, edgeFlags=0x0, pointerCount=1, historySize=0, eventTime=176053, downTime=176052, deviceId=0, source=0x1002 }
D/InputEventConsistencyVerifier(  432):   3: sent at 159074000000, (unhandled) KeyEvent { action=ACTION_UP, keyCode=KEYCODE_DPAD_CENTER, scanCode=0, metaState=0, flags=0x8, repeatCount=0, eventTime=159074, downTime=159074, deviceId=-1, source=0x101 }
D/InputEventConsistencyVerifier(  432):   4: sent at 158885000000, (unhandled) KeyEvent { action=ACTION_DOWN, keyCode=KEYCODE_DPAD_CENTER, scanCode=0, metaState=0, flags=0x8, repeatCount=0, eventTime=158885, downTime=158885, deviceId=-1, source=0x101 }
D/InputEventConsistencyVerifier(  432):   5: sent at 159015000000, (unhandled) KeyEvent { action=ACTION_UP, keyCode=KEYCODE_DPAD_DOWN, scanCode=0, metaState=0, flags=0x400, repeatCount=0, eventTime=159015, downTime=159015, deviceId=-1, source=0x101 }
I/Choreographer( 1029): Skipped 56 frames!  The application may be doing too much work on its main thread.
I/Choreographer(  432): Skipped 31 frames!  The application may be doing too much work on its main thread.
D/InputEventConsistencyVerifier(  432): KeyEvent: ACTION_UP but key was not down.
D/InputEventConsistencyVerifier(  432):   in com.android.systemui.statusbar.phone.StatusBarWindowView@b3e011d8
D/InputEventConsistencyVerifier(  432):   0: sent at 176478000000, KeyEvent { action=ACTION_UP, keyCode=KEYCODE_DPAD_DOWN, scanCode=0, metaState=0, flags=0x400, repeatCount=0, eventTime=176478, downTime=176478, deviceId=-1, source=0x101 }
D/InputEventConsistencyVerifier(  432):   -- recent events --
D/InputEventConsistencyVerifier(  432):   1: sent at 176420000000, (unhandled) MotionEvent { action=ACTION_MOVE, id[0]=0, x[0]=0.0, y[0]=3.0, toolType[0]=TOOL_TYPE_UNKNOWN, buttonState=0, metaState=0, flags=0x0, edgeFlags=0x0, pointerCount=1, historySize=3, eventTime=176420, downTime=-1, deviceId=0, source=0x10004 }
D/InputEventConsistencyVerifier(  432):   2: sent at 176363000000, MotionEvent { action=ACTION_UP, id[0]=0, x[0]=78.0, y[0]=4.0, toolType[0]=TOOL_TYPE_UNKNOWN, buttonState=0, metaState=0, flags=0x0, edgeFlags=0x0, pointerCount=1, historySize=0, eventTime=176363, downTime=176348, deviceId=0, source=0x1002 }
D/InputEventConsistencyVerifier(  432):   3: sent at 176349000000, MotionEvent { action=ACTION_DOWN, id[0]=0, x[0]=78.0, y[0]=8.0, toolType[0]=TOOL_TYPE_UNKNOWN, buttonState=0, metaState=0, flags=0x0, edgeFlags=0x0, pointerCount=1, historySize=0, eventTime=176349, downTime=176348, deviceId=0, source=0x1002 }
D/InputEventConsistencyVerifier(  432):   4: sent at 176339000000, (unhandled) KeyEvent { action=ACTION_UP, keyCode=KEYCODE_DPAD_DOWN, scanCode=0, metaState=0, flags=0x8, repeatCount=0, eventTime=176339, downTime=176339, deviceId=-1, source=0x101 }
D/InputEventConsistencyVerifier(  432):   5: sent at 176331000000, (unhandled) KeyEvent { action=ACTION_DOWN, keyCode=KEYCODE_DPAD_DOWN, scanCode=0, metaState=0, flags=0x8, repeatCount=0, eventTime=176331, downTime=176331, deviceId=-1, source=0x101 }
D/InputEventConsistencyVerifier(  432): KeyEvent: ACTION_UP but key was not down.
D/InputEventConsistencyVerifier(  432):   in android.widget.FrameLayout@b3ddc168
D/InputEventConsistencyVerifier(  432):   0: sent at 176478000000, KeyEvent { action=ACTION_UP, keyCode=KEYCODE_DPAD_DOWN, scanCode=0, metaState=0, flags=0x400, repeatCount=0, eventTime=176478, downTime=176478, deviceId=-1, source=0x101 }
D/InputEventConsistencyVerifier(  432):   -- recent events --
D/InputEventConsistencyVerifier(  432):   1: sent at 176363000000, MotionEvent { action=ACTION_UP, id[0]=0, x[0]=78.0, y[0]=4.0, toolType[0]=TOOL_TYPE_UNKNOWN, buttonState=0, metaState=0, flags=0x0, edgeFlags=0x0, pointerCount=1, historySize=0, eventTime=176363, downTime=176348, deviceId=0, source=0x1002 }
D/InputEventConsistencyVerifier(  432):   2: sent at 176349000000, MotionEvent { action=ACTION_DOWN, id[0]=0, x[0]=78.0, y[0]=8.0, toolType[0]=TOOL_TYPE_UNKNOWN, buttonState=0, metaState=0, flags=0x0, edgeFlags=0x0, pointerCount=1, historySize=0, eventTime=176349, downTime=176348, deviceId=0, source=0x1002 }
D/InputEventConsistencyVerifier(  432):   3: sent at 176339000000, (unhandled) KeyEvent { action=ACTION_UP, keyCode=KEYCODE_DPAD_DOWN, scanCode=0, metaState=0, flags=0x8, repeatCount=0, eventTime=176339, downTime=176339, deviceId=-1, source=0x101 }
D/InputEventConsistencyVerifier(  432):   4: sent at 176331000000, (unhandled) KeyEvent { action=ACTION_DOWN, keyCode=KEYCODE_DPAD_DOWN, scanCode=0, metaState=0, flags=0x8, repeatCount=0, eventTime=176331, downTime=176331, deviceId=-1, source=0x101 }
D/InputEventConsistencyVerifier(  432):   5: sent at 176322000000, (unhandled) KeyEvent { action=ACTION_UP, keyCode=KEYCODE_DPAD_DOWN, scanCode=0, metaState=0, flags=0x80000008, repeatCount=0, eventTime=176322, downTime=176322, deviceId=-1, source=0x101 }
D/InputEventConsistencyVerifier(  432): TrackballEvent: Trackball is down but pressure is not greater than 0.
D/InputEventConsistencyVerifier(  432):   in android.view.ViewRootImpl@b3e92e30
D/InputEventConsistencyVerifier(  432):   0: sent at 176685000000, MotionEvent { action=ACTION_DOWN, id[0]=0, x[0]=0.0, y[0]=0.0, toolType[0]=TOOL_TYPE_UNKNOWN, buttonState=0, metaState=0, flags=0x0, edgeFlags=0x0, pointerCount=1, historySize=0, eventTime=176685, downTime=176402, deviceId=0, source=0x10004 }
D/InputEventConsistencyVerifier(  432):   -- recent events --
D/InputEventConsistencyVerifier(  432):   1: sent at 176782000000, KeyEvent { action=ACTION_UP, keyCode=KEYCODE_DPAD_RIGHT, scanCode=0, metaState=0, flags=0x400, repeatCount=0, eventTime=176782, downTime=176782, deviceId=-1, source=0x101 }
D/InputEventConsistencyVerifier(  432):   2: sent at 176782000000, KeyEvent { action=ACTION_DOWN, keyCode=KEYCODE_DPAD_RIGHT, scanCode=0, metaState=0, flags=0x400, repeatCount=0, eventTime=176782, downTime=176782, deviceId=-1, source=0x101 }
D/InputEventConsistencyVerifier(  432):   3: sent at 176782000000, KeyEvent { action=ACTION_UP, keyCode=KEYCODE_DPAD_RIGHT, scanCode=0, metaState=0, flags=0x400, repeatCount=0, eventTime=176782, downTime=176782, deviceId=-1, source=0x101 }
D/InputEventConsistencyVerifier(  432):   4: sent at 176782000000, KeyEvent { action=ACTION_DOWN, keyCode=KEYCODE_DPAD_RIGHT, scanCode=0, metaState=0, flags=0x400, repeatCount=0, eventTime=176782, downTime=176782, deviceId=-1, source=0x101 }
D/InputEventConsistencyVerifier(  432):   5: sent at 176782000000, KeyEvent { action=ACTION_UP, keyCode=KEYCODE_DPAD_RIGHT, scanCode=0, metaState=0, flags=0x400, repeatCount=0, eventTime=176782, downTime=176782, deviceId=-1, source=0x101 }
I/Choreographer(  432): Skipped 58 frames!  The application may be doing too much work on its main thread.
I/Choreographer( 1029): Skipped 57 frames!  The application may be doing too much work on its main thread.
I/Choreographer( 1029): Skipped 51 frames!  The application may be doing too much work on its main thread.
D/InputEventConsistencyVerifier(  432): KeyEvent: ACTION_UP but key was not down.
D/InputEventConsistencyVerifier(  432):   in com.android.systemui.statusbar.phone.PhoneStatusBarView@b3e03170
D/InputEventConsistencyVerifier(  432):   0: sent at 177317000000, KeyEvent { action=ACTION_UP, keyCode=KEYCODE_DPAD_UP, scanCode=0, metaState=0, flags=0x400, repeatCount=0, eventTime=177317, downTime=177317, deviceId=-1, source=0x101 }
D/InputEventConsistencyVerifier(  432):   -- recent events --
D/InputEventConsistencyVerifier(  432):   1: sent at 176478000000, (unhandled) KeyEvent { action=ACTION_DOWN, keyCode=KEYCODE_DPAD_DOWN, scanCode=0, metaState=0, flags=0x400, repeatCount=0, eventTime=176478, downTime=176478, deviceId=-1, source=0x101 }
D/InputEventConsistencyVerifier(  432):   2: sent at 176478000000, (unhandled) KeyEvent { action=ACTION_UP, keyCode=KEYCODE_DPAD_DOWN, scanCode=0, metaState=0, flags=0x80000400, repeatCount=0, eventTime=176478, downTime=176478, deviceId=-1, source=0x101 }
D/InputEventConsistencyVerifier(  432):   3: sent at 176287000000, (unhandled) KeyEvent { action=ACTION_DOWN, keyCode=KEYCODE_DPAD_DOWN, scanCode=0, metaState=0, flags=0x8, repeatCount=0, eventTime=176287, downTime=176287, deviceId=-1, source=0x101 }
D/InputEventConsistencyVerifier(  432):   4: sent at 176251000000, (unhandled) KeyEvent { action=ACTION_UP, keyCode=KEYCODE_DPAD_UP, scanCode=0, metaState=0, flags=0x8, repeatCount=0, eventTime=176251, downTime=176251, deviceId=-1, source=0x101 }
D/InputEventConsistencyVerifier(  432):   5: sent at 176194000000, (unhandled) KeyEvent { action=ACTION_DOWN, keyCode=KEYCODE_DPAD_UP, scanCode=0, metaState=0, flags=0x8, repeatCount=0, eventTime=176194, downTime=176194, deviceId=-1, source=0x101 }
I/Choreographer(  432): Skipped 65 frames!  The application may be doing too much work on its main thread.
D/InputEventConsistencyVerifier(  432): KeyEvent: ACTION_UP but key was not down.
D/InputEventConsistencyVerifier(  432):   in android.widget.FrameLayout@b3ddc168
D/InputEventConsistencyVerifier(  432):   0: sent at 177601000000, KeyEvent { action=ACTION_UP, keyCode=KEYCODE_DPAD_DOWN, scanCode=0, metaState=0, flags=0x8, repeatCount=0, eventTime=177601, downTime=177601, deviceId=-1, source=0x101 }
D/InputEventConsistencyVerifier(  432):   -- recent events --
D/InputEventConsistencyVerifier(  432):   1: sent at 177317000000, (unhandled) KeyEvent { action=ACTION_DOWN, keyCode=KEYCODE_DPAD_UP, scanCode=0, metaState=0, flags=0x400, repeatCount=0, eventTime=177317, downTime=177317, deviceId=-1, source=0x101 }
D/InputEventConsistencyVerifier(  432):   2: sent at 177301000000, (unhandled) MotionEvent { action=ACTION_MOVE, id[0]=0, x[0]=1.0, y[0]=-3.0, toolType[0]=TOOL_TYPE_UNKNOWN, buttonState=0, metaState=0, flags=0x0, edgeFlags=0x0, pointerCount=1, historySize=1, eventTime=177301, downTime=-1, deviceId=0, source=0x10004 }
D/InputEventConsistencyVerifier(  432):   3: sent at 177303000000, (unhandled) KeyEvent { action=ACTION_UP, keyCode=KEYCODE_DPAD_RIGHT, scanCode=0, metaState=0, flags=0x400, repeatCount=0, eventTime=177303, downTime=177303, deviceId=-1, source=0x101 }
D/InputEventConsistencyVerifier(  432):   4: sent at 177303000000, (unhandled) KeyEvent { action=ACTION_DOWN, keyCode=KEYCODE_DPAD_RIGHT, scanCode=0, metaState=0, flags=0x400, repeatCount=0, eventTime=177303, downTime=177303, deviceId=-1, source=0x101 }
D/InputEventConsistencyVerifier(  432):   5: sent at 177303000000, (unhandled) KeyEvent { action=ACTION_UP, keyCode=KEYCODE_DPAD_RIGHT, scanCode=0, metaState=0, flags=0x400, repeatCount=0, eventTime=177303, downTime=177303, deviceId=-1, source=0x101 }
D/InputEventConsistencyVerifier(  432): KeyEvent: ACTION_UP but key was not down.
D/InputEventConsistencyVerifier(  432):   in com.android.systemui.statusbar.phone.StatusBarWindowView@b3e011d8
D/InputEventConsistencyVerifier(  432):   0: sent at 177998000000, KeyEvent { action=ACTION_UP, keyCode=KEYCODE_DPAD_DOWN, scanCode=0, metaState=0, flags=0x8, repeatCount=0, eventTime=177998, downTime=177998, deviceId=-1, source=0x101 }
D/InputEventConsistencyVerifier(  432):   -- recent events --
D/InputEventConsistencyVerifier(  432):   1: sent at 177804000000, MotionEvent { action=ACTION_UP, id[0]=0, x[0]=411.0, y[0]=286.0, toolType[0]=TOOL_TYPE_UNKNOWN, buttonState=0, metaState=0, flags=0x0, edgeFlags=0x0, pointerCount=1, historySize=0, eventTime=177804, downTime=177763, deviceId=0, source=0x1002 }
D/InputEventConsistencyVerifier(  432):   2: sent at 177802000000, MotionEvent { action=ACTION_MOVE, id[0]=0, x[0]=410.0, y[0]=288.0, toolType[0]=TOOL_TYPE_UNKNOWN, buttonState=0, metaState=0, flags=0x0, edgeFlags=0x0, pointerCount=1, historySize=6, eventTime=177802, downTime=177763, deviceId=0, source=0x1002 }
D/InputEventConsistencyVerifier(  432):   3: sent at 177765000000, MotionEvent { action=ACTION_DOWN, id[0]=0, x[0]=342.0, y[0]=301.0, toolType[0]=TOOL_TYPE_UNKNOWN, buttonState=0, metaState=0, flags=0x0, edgeFlags=0x0, pointerCount=1, historySize=0, eventTime=177765, downTime=177763, deviceId=0, source=0x1002 }
D/InputEventConsistencyVerifier(  432):   4: sent at 177649000000, MotionEvent { action=ACTION_UP, id[0]=0, x[0]=106.0, y[0]=294.0, toolType[0]=TOOL_TYPE_UNKNOWN, buttonState=0, metaState=0, flags=0x0, edgeFlags=0x0, pointerCount=1, historySize=0, eventTime=177649, downTime=177643, deviceId=0, source=0x1002 }
D/InputEventConsistencyVerifier(  432):   5: sent at 177644000000, MotionEvent { action=ACTION_DOWN, id[0]=0, x[0]=103.0, y[0]=280.0, toolType[0]=TOOL_TYPE_UNKNOWN, buttonState=0, metaState=0, flags=0x0, edgeFlags=0x0, pointerCount=1, historySize=0, eventTime=177644, downTime=177643, deviceId=0, source=0x1002 }
I/Choreographer(  432): Skipped 126 frames!  The application may be doing too much work on its main thread.
D/InputEventConsistencyVerifier(  432): TouchEvent: ACTION_DOWN but pointers are already down.  Probably missing ACTION_UP from previous gesture.
D/InputEventConsistencyVerifier(  432):   in android.view.ScaleGestureDetector@b3eb0e20
D/InputEventConsistencyVerifier(  432):   0: sent at 178090000000, MotionEvent { action=ACTION_DOWN, id[0]=0, x[0]=299.0, y[0]=348.0, toolType[0]=TOOL_TYPE_UNKNOWN, buttonState=0, metaState=0, flags=0x0, edgeFlags=0x0, pointerCount=1, historySize=0, eventTime=178090, downTime=178089, deviceId=0, source=0x1002 }
D/InputEventConsistencyVerifier(  432):   -- recent events --
D/InputEventConsistencyVerifier(  432):   1: sent at 177802000000, MotionEvent { action=ACTION_MOVE, id[0]=0, x[0]=410.0, y[0]=288.0, toolType[0]=TOOL_TYPE_UNKNOWN, buttonState=0, metaState=0, flags=0x0, edgeFlags=0x0, pointerCount=1, historySize=6, eventTime=177802, downTime=177763, deviceId=0, source=0x1002 }
D/InputEventConsistencyVerifier(  432):   2: sent at 177765000000, MotionEvent { action=ACTION_DOWN, id[0]=0, x[0]=342.0, y[0]=301.0, toolType[0]=TOOL_TYPE_UNKNOWN, buttonState=0, metaState=0, flags=0x0, edgeFlags=0x0, pointerCount=1, historySize=0, eventTime=177765, downTime=177763, deviceId=0, source=0x1002 }
D/InputEventConsistencyVerifier(  432):   3: sent at 177649000000, MotionEvent { action=ACTION_UP, id[0]=0, x[0]=106.0, y[0]=294.0, toolType[0]=TOOL_TYPE_UNKNOWN, buttonState=0, metaState=0, flags=0x0, edgeFlags=0x0, pointerCount=1, historySize=0, eventTime=177649, downTime=177643, deviceId=0, source=0x1002 }
D/InputEventConsistencyVerifier(  432):   4: sent at 177644000000, MotionEvent { action=ACTION_DOWN, id[0]=0, x[0]=103.0, y[0]=280.0, toolType[0]=TOOL_TYPE_UNKNOWN, buttonState=0, metaState=0, flags=0x0, edgeFlags=0x0, pointerCount=1, historySize=0, eventTime=177644, downTime=177643, deviceId=0, source=0x1002 }
D/InputEventConsistencyVerifier(  432):   5: sent at 177631000000, MotionEvent { action=ACTION_UP, id[0]=0, x[0]=387.0, y[0]=435.0, toolType[0]=TOOL_TYPE_UNKNOWN, buttonState=0, metaState=0, flags=0x0, edgeFlags=0x0, pointerCount=1, historySize=0, eventTime=177631, downTime=177616, deviceId=0, source=0x1002 }
D/InputEventConsistencyVerifier(  432): TouchEvent: ACTION_DOWN but pointers are already down.  Probably missing ACTION_UP from previous gesture.
D/InputEventConsistencyVerifier(  432):   in android.view.ScaleGestureDetector@b3eb0e20
D/InputEventConsistencyVerifier(  432):   0: sent at 178383000000, MotionEvent { action=ACTION_DOWN, id[0]=0, x[0]=439.0, y[0]=575.0, toolType[0]=TOOL_TYPE_UNKNOWN, buttonState=0, metaState=0, flags=0x0, edgeFlags=0x0, pointerCount=1, historySize=0, eventTime=178383, downTime=178381, deviceId=0, source=0x1002 }
D/InputEventConsistencyVerifier(  432):   -- recent events --
D/InputEventConsistencyVerifier(  432):   1: sent at 178247000000, MotionEvent { action=ACTION_MOVE, id[0]=0, x[0]=120.0, y[0]=584.0, toolType[0]=TOOL_TYPE_UNKNOWN, buttonState=0, metaState=0, flags=0x0, edgeFlags=0x0, pointerCount=1, historySize=3, eventTime=178247, downTime=178137, deviceId=0, source=0x1002 }
D/InputEventConsistencyVerifier(  432):   2: sent at 178139000000, MotionEvent { action=ACTION_DOWN, id[0]=0, x[0]=106.0, y[0]=567.0, toolType[0]=TOOL_TYPE_UNKNOWN, buttonState=0, metaState=0, flags=0x0, edgeFlags=0x0, pointerCount=1, historySize=0, eventTime=178139, downTime=178137, deviceId=0, source=0x1002 }
D/InputEventConsistencyVerifier(  432):   3: sent at 178108000000, MotionEvent { action=ACTION_UP, id[0]=0, x[0]=312.0, y[0]=341.0, toolType[0]=TOOL_TYPE_UNKNOWN, buttonState=0, metaState=0, flags=0x0, edgeFlags=0x0, pointerCount=1, historySize=0, eventTime=178108, downTime=178089, deviceId=0, source=0x1002 }
D/InputEventConsistencyVerifier(  432):   4: sent at 178090000000, MotionEvent { action=ACTION_DOWN, id[0]=0, x[0]=299.0, y[0]=348.0, toolType[0]=TOOL_TYPE_UNKNOWN, buttonState=0, metaState=0, flags=0x80000000, edgeFlags=0x0, pointerCount=1, historySize=0, eventTime=178090, downTime=178089, deviceId=0, source=0x1002 }
D/InputEventConsistencyVerifier(  432):   5: sent at 177802000000, MotionEvent { action=ACTION_MOVE, id[0]=0, x[0]=410.0, y[0]=288.0, toolType[0]=TOOL_TYPE_UNKNOWN, buttonState=0, metaState=0, flags=0x0, edgeFlags=0x0, pointerCount=1, historySize=6, eventTime=177802, downTime=177763, deviceId=0, source=0x1002 }
I/Choreographer( 1029): Skipped 36 frames!  The application may be doing too much work on its main thread.
D/InputEventConsistencyVerifier(  432): KeyEvent: ACTION_UP but key was not down.
D/InputEventConsistencyVerifier(  432):   in com.android.systemui.statusbar.phone.StatusBarWindowView@b3e011d8
D/InputEventConsistencyVerifier(  432):   0: sent at 178454000000, KeyEvent { action=ACTION_UP, keyCode=KEYCODE_DPAD_UP, scanCode=0, metaState=0, flags=0x8, repeatCount=0, eventTime=178454, downTime=178454, deviceId=-1, source=0x101 }
D/InputEventConsistencyVerifier(  432):   -- recent events --
D/InputEventConsistencyVerifier(  432):   1: sent at 178422000000, MotionEvent { action=ACTION_UP, id[0]=0, x[0]=446.0, y[0]=686.0, toolType[0]=TOOL_TYPE_UNKNOWN, buttonState=0, metaState=0, flags=0x0, edgeFlags=0x0, pointerCount=1, historySize=0, eventTime=178422, downTime=178381, deviceId=0, source=0x1002 }
D/InputEventConsistencyVerifier(  432):   2: sent at 178411000000, MotionEvent { action=ACTION_MOVE, id[0]=0, x[0]=443.0, y[0]=668.0, toolType[0]=TOOL_TYPE_UNKNOWN, buttonState=0, metaState=0, flags=0x0, edgeFlags=0x0, pointerCount=1, historySize=6, eventTime=178411, downTime=178381, deviceId=0, source=0x1002 }
D/InputEventConsistencyVerifier(  432):   3: sent at 178383000000, MotionEvent { action=ACTION_DOWN, id[0]=0, x[0]=439.0, y[0]=575.0, toolType[0]=TOOL_TYPE_UNKNOWN, buttonState=0, metaState=0, flags=0x0, edgeFlags=0x0, pointerCount=1, historySize=0, eventTime=178383, downTime=178381, deviceId=0, source=0x1002 }
D/InputEventConsistencyVerifier(  432):   4: sent at 178364000000, (unhandled) KeyEvent { action=ACTION_UP, keyCode=KEYCODE_NUMPAD_SUBTRACT, scanCode=0, metaState=0, flags=0x8, repeatCount=0, eventTime=178364, downTime=178364, deviceId=-1, source=0x101 }
D/InputEventConsistencyVerifier(  432):   5: sent at 178301000000, (unhandled) KeyEvent { action=ACTION_DOWN, keyCode=KEYCODE_NUMPAD_SUBTRACT, scanCode=0, metaState=0, flags=0x8, repeatCount=0, eventTime=178301, downTime=178301, deviceId=-1, source=0x101 }
D/InputEventConsistencyVerifier(  432): TouchEvent: ACTION_DOWN but pointers are already down.  Probably missing ACTION_UP from previous gesture.
D/InputEventConsistencyVerifier(  432):   in android.view.ScaleGestureDetector@b3eb0e20
D/InputEventConsistencyVerifier(  432):   0: sent at 178665000000, MotionEvent { action=ACTION_DOWN, id[0]=0, x[0]=112.0, y[0]=795.0, toolType[0]=TOOL_TYPE_UNKNOWN, buttonState=0, metaState=0, flags=0x0, edgeFlags=0x0, pointerCount=1, historySize=0, eventTime=178665, downTime=178664, deviceId=0, source=0x1002 }
D/InputEventConsistencyVerifier(  432):   -- recent events --
D/InputEventConsistencyVerifier(  432):   1: sent at 178411000000, MotionEvent { action=ACTION_MOVE, id[0]=0, x[0]=443.0, y[0]=668.0, toolType[0]=TOOL_TYPE_UNKNOWN, buttonState=0, metaState=0, flags=0x0, edgeFlags=0x0, pointerCount=1, historySize=6, eventTime=178411, downTime=178381, deviceId=0, source=0x1002 }
D/InputEventConsistencyVerifier(  432):   2: sent at 178383000000, MotionEvent { action=ACTION_DOWN, id[0]=0, x[0]=439.0, y[0]=575.0, toolType[0]=TOOL_TYPE_UNKNOWN, buttonState=0, metaState=0, flags=0x80000000, edgeFlags=0x0, pointerCount=1, historySize=0, eventTime=178383, downTime=178381, deviceId=0, source=0x1002 }
D/InputEventConsistencyVerifier(  432):   3: sent at 178247000000, MotionEvent { action=ACTION_MOVE, id[0]=0, x[0]=120.0, y[0]=584.0, toolType[0]=TOOL_TYPE_UNKNOWN, buttonState=0, metaState=0, flags=0x0, edgeFlags=0x0, pointerCount=1, historySize=3, eventTime=178247, downTime=178137, deviceId=0, source=0x1002 }
D/InputEventConsistencyVerifier(  432):   4: sent at 178139000000, MotionEvent { action=ACTION_DOWN, id[0]=0, x[0]=106.0, y[0]=567.0, toolType[0]=TOOL_TYPE_UNKNOWN, buttonState=0, metaState=0, flags=0x0, edgeFlags=0x0, pointerCount=1, historySize=0, eventTime=178139, downTime=178137, deviceId=0, source=0x1002 }
D/InputEventConsistencyVerifier(  432):   5: sent at 178108000000, MotionEvent { action=ACTION_UP, id[0]=0, x[0]=312.0, y[0]=341.0, toolType[0]=TOOL_TYPE_UNKNOWN, buttonState=0, metaState=0, flags=0x0, edgeFlags=0x0, pointerCount=1, historySize=0, eventTime=178108, downTime=178089, deviceId=0, source=0x1002 }
W/dalvikvm(  432): DroidBox: { "FdAccess": { "path": "2f70726f632f6d656d696e666f", "id": "977073741" } }
W/DroidBox(  432): DroidBox: { "FileRW": { "operation": "read", "data": "4d656d546f74616c3a202020202020202020373438393634206b420a4d656d467265653a20202020202020202020343437353034206b420a427566666572733a20202020202020202020202035343638206b420a4361636865643a202020202020202020", "id": "977073741" } }
D/InputEventConsistencyVerifier(  432): KeyEvent: ACTION_UP but key was not down.
D/InputEventConsistencyVerifier(  432):   in com.android.systemui.statusbar.phone.StatusBarWindowView@b3e011d8
D/InputEventConsistencyVerifier(  432):   0: sent at 178822000000, KeyEvent { action=ACTION_UP, keyCode=KEYCODE_DPAD_CENTER, scanCode=0, metaState=0, flags=0x8, repeatCount=0, eventTime=178822, downTime=178822, deviceId=-1, source=0x101 }
D/InputEventConsistencyVerifier(  432):   -- recent events --
D/InputEventConsistencyVerifier(  432):   1: sent at 178707000000, MotionEvent { action=ACTION_UP, id[0]=0, x[0]=102.0, y[0]=763.0, toolType[0]=TOOL_TYPE_UNKNOWN, buttonState=0, metaState=0, flags=0x0, edgeFlags=0x0, pointerCount=1, historySize=0, eventTime=178707, downTime=178664, deviceId=0, source=0x1002 }
D/InputEventConsistencyVerifier(  432):   2: sent at 178700000000, MotionEvent { action=ACTION_MOVE, id[0]=0, x[0]=109.0, y[0]=768.0, toolType[0]=TOOL_TYPE_UNKNOWN, buttonState=0, metaState=0, flags=0x0, edgeFlags=0x0, pointerCount=1, historySize=3, eventTime=178700, downTime=178664, deviceId=0, source=0x1002 }
D/InputEventConsistencyVerifier(  432):   3: sent at 178665000000, MotionEvent { action=ACTION_DOWN, id[0]=0, x[0]=112.0, y[0]=795.0, toolType[0]=TOOL_TYPE_UNKNOWN, buttonState=0, metaState=0, flags=0x0, edgeFlags=0x0, pointerCount=1, historySize=0, eventTime=178665, downTime=178664, deviceId=0, source=0x1002 }
D/InputEventConsistencyVerifier(  432):   4: sent at 178454000000, (unhandled) KeyEvent { action=ACTION_UP, keyCode=KEYCODE_DPAD_UP, scanCode=0, metaState=0, flags=0x80000008, repeatCount=0, eventTime=178454, downTime=178454, deviceId=-1, source=0x101 }
D/InputEventConsistencyVerifier(  432):   5: sent at 178422000000, MotionEvent { action=ACTION_UP, id[0]=0, x[0]=446.0, y[0]=686.0, toolType[0]=TOOL_TYPE_UNKNOWN, buttonState=0, metaState=0, flags=0x0, edgeFlags=0x0, pointerCount=1, historySize=0, eventTime=178422, downTime=178381, deviceId=0, source=0x1002 }
I/Choreographer(  432): Skipped 60 frames!  The application may be doing too much work on its main thread.
W/dalvikvm(  432): DroidBox: { "FdAccess": { "path": "2f70726f632f6d656d696e666f", "id": "1713745999" } }
W/DroidBox(  432): DroidBox: { "FileRW": { "operation": "read", "data": "4d656d546f74616c3a202020202020202020373438393634206b420a4d656d467265653a20202020202020202020343437353034206b420a427566666572733a20202020202020202020202035343638206b420a4361636865643a202020202020202020", "id": "1713745999" } }
D/InputEventConsistencyVerifier(  432): KeyEvent: ACTION_UP but key was not down.
D/InputEventConsistencyVerifier(  432):   in com.android.systemui.statusbar.phone.StatusBarWindowView@b3e011d8
D/InputEventConsistencyVerifier(  432):   0: sent at 179210000000, KeyEvent { action=ACTION_UP, keyCode=KEYCODE_DPAD_CENTER, scanCode=0, metaState=0, flags=0x8, repeatCount=0, eventTime=179210, downTime=179210, deviceId=-1, source=0x101 }
D/InputEventConsistencyVerifier(  432):   -- recent events --
D/InputEventConsistencyVerifier(  432):   1: sent at 179014000000, MotionEvent { action=ACTION_UP, id[0]=0, x[0]=186.0, y[0]=703.0, toolType[0]=TOOL_TYPE_UNKNOWN, buttonState=0, metaState=0, flags=0x0, edgeFlags=0x0, pointerCount=1, historySize=0, eventTime=179014, downTime=178830, deviceId=0, source=0x1002 }
D/InputEventConsistencyVerifier(  432):   2: sent at 179012000000, MotionEvent { action=ACTION_MOVE, id[0]=0, x[0]=184.0, y[0]=695.0, toolType[0]=TOOL_TYPE_UNKNOWN, buttonState=0, metaState=0, flags=0x0, edgeFlags=0x0, pointerCount=1, historySize=0, eventTime=179012, downTime=178830, deviceId=0, source=0x1002 }
D/InputEventConsistencyVerifier(  432):   3: sent at 179000906160, MotionEvent { action=ACTION_MOVE, id[0]=0, x[0]=181.22884, y[0]=685.20593, toolType[0]=TOOL_TYPE_UNKNOWN, buttonState=0, metaState=0, flags=0x0, edgeFlags=0x0, pointerCount=1, historySize=7, eventTime=179000, downTime=178830, deviceId=0, source=0x1002 }
D/InputEventConsistencyVerifier(  432):   4: sent at 178832000000, MotionEvent { action=ACTION_DOWN, id[0]=0, x[0]=126.0, y[0]=643.0, toolType[0]=TOOL_TYPE_UNKNOWN, buttonState=0, metaState=0, flags=0x0, edgeFlags=0x0, pointerCount=1, historySize=0, eventTime=178832, downTime=178830, deviceId=0, source=0x1002 }
D/InputEventConsistencyVerifier(  432):   5: sent at 178822000000, (unhandled) KeyEvent { action=ACTION_UP, keyCode=KEYCODE_DPAD_CENTER, scanCode=0, metaState=0, flags=0x80000008, repeatCount=0, eventTime=178822, downTime=178822, deviceId=-1, source=0x101 }
I/Choreographer(  432): Skipped 56 frames!  The application may be doing too much work on its main thread.
W/dalvikvm(  432): DroidBox: { "FdAccess": { "path": "2f70726f632f6d656d696e666f", "id": "213776982" } }
W/DroidBox(  432): DroidBox: { "FileRW": { "operation": "read", "data": "4d656d546f74616c3a202020202020202020373438393634206b420a4d656d467265653a20202020202020202020343437353034206b420a427566666572733a20202020202020202020202035343638206b420a4361636865643a202020202020202020", "id": "213776982" } }
W/dalvikvm(  432): DroidBox: { "FdAccess": { "path": "2f70726f632f6d656d696e666f", "id": "1870040202" } }
W/DroidBox(  432): DroidBox: { "FileRW": { "operation": "read", "data": "4d656d546f74616c3a202020202020202020373438393634206b420a4d656d467265653a20202020202020202020343437353034206b420a427566666572733a20202020202020202020202035343638206b420a4361636865643a202020202020202020", "id": "1870040202" } }
I/Choreographer( 1029): Skipped 32 frames!  The application may be doing too much work on its main thread.
D/InputEventConsistencyVerifier(  432): TouchEvent: ACTION_DOWN but pointers are already down.  Probably missing ACTION_UP from previous gesture.
D/InputEventConsistencyVerifier(  432):   in android.view.ScaleGestureDetector@b3eb0e20
D/InputEventConsistencyVerifier(  432):   0: sent at 179586000000, MotionEvent { action=ACTION_DOWN, id[0]=0, x[0]=463.0, y[0]=438.0, toolType[0]=TOOL_TYPE_UNKNOWN, buttonState=0, metaState=0, flags=0x0, edgeFlags=0x0, pointerCount=1, historySize=0, eventTime=179586, downTime=179569, deviceId=0, source=0x1002 }
D/InputEventConsistencyVerifier(  432):   -- recent events --
D/InputEventConsistencyVerifier(  432):   1: sent at 179000906160, MotionEvent { action=ACTION_MOVE, id[0]=0, x[0]=181.22884, y[0]=685.20593, toolType[0]=TOOL_TYPE_UNKNOWN, buttonState=0, metaState=0, flags=0x0, edgeFlags=0x0, pointerCount=1, historySize=7, eventTime=179000, downTime=178830, deviceId=0, source=0x1002 }
D/InputEventConsistencyVerifier(  432):   2: sent at 178832000000, MotionEvent { action=ACTION_DOWN, id[0]=0, x[0]=126.0, y[0]=643.0, toolType[0]=TOOL_TYPE_UNKNOWN, buttonState=0, metaState=0, flags=0x0, edgeFlags=0x0, pointerCount=1, historySize=0, eventTime=178832, downTime=178830, deviceId=0, source=0x1002 }
D/InputEventConsistencyVerifier(  432):   3: sent at 178707000000, MotionEvent { action=ACTION_UP, id[0]=0, x[0]=102.0, y[0]=763.0, toolType[0]=TOOL_TYPE_UNKNOWN, buttonState=0, metaState=0, flags=0x0, edgeFlags=0x0, pointerCount=1, historySize=0, eventTime=178707, downTime=178664, deviceId=0, source=0x1002 }
D/InputEventConsistencyVerifier(  432):   4: sent at 178700000000, MotionEvent { action=ACTION_MOVE, id[0]=0, x[0]=109.0, y[0]=768.0, toolType[0]=TOOL_TYPE_UNKNOWN, buttonState=0, metaState=0, flags=0x0, edgeFlags=0x0, pointerCount=1, historySize=3, eventTime=178700, downTime=178664, deviceId=0, source=0x1002 }
D/InputEventConsistencyVerifier(  432):   5: sent at 178665000000, MotionEvent { action=ACTION_DOWN, id[0]=0, x[0]=112.0, y[0]=795.0, toolType[0]=TOOL_TYPE_UNKNOWN, buttonState=0, metaState=0, flags=0x80000000, edgeFlags=0x0, pointerCount=1, historySize=0, eventTime=178665, downTime=178664, deviceId=0, source=0x1002 }
I/Choreographer(  432): Skipped 63 frames!  The application may be doing too much work on its main thread.
W/dalvikvm(  432): DroidBox: { "FdAccess": { "path": "2f70726f632f6d656d696e666f", "id": "539499029" } }
W/DroidBox(  432): DroidBox: { "FileRW": { "operation": "read", "data": "4d656d546f74616c3a202020202020202020373438393634206b420a4d656d467265653a20202020202020202020343437353034206b420a427566666572733a20202020202020202020202035343638206b420a4361636865643a202020202020202020", "id": "539499029" } }
I/ActivityManager(  237): START {act=android.intent.action.CALL_BUTTON flg=0x10000000 cmp=com.android.contacts/.activities.DialtactsActivity u=0} from pid 432
I/Choreographer( 1029): Skipped 39 frames!  The application may be doing too much work on its main thread.
D/InputEventConsistencyVerifier(  432): KeyEvent: ACTION_UP but key was not down.
D/InputEventConsistencyVerifier(  432):   in com.android.systemui.statusbar.phone.StatusBarWindowView@b3e011d8
D/InputEventConsistencyVerifier(  432):   0: sent at 179976000000, KeyEvent { action=ACTION_UP, keyCode=KEYCODE_DPAD_RIGHT, scanCode=0, metaState=0, flags=0x400, repeatCount=0, eventTime=179976, downTime=179976, deviceId=-1, source=0x101 }
D/InputEventConsistencyVerifier(  432):   -- recent events --
D/InputEventConsistencyVerifier(  432):   1: sent at 179900000000, (unhandled) MotionEvent { action=ACTION_MOVE, id[0]=0, x[0]=3.0, y[0]=-2.0, toolType[0]=TOOL_TYPE_UNKNOWN, buttonState=0, metaState=0, flags=0x0, edgeFlags=0x0, pointerCount=1, historySize=9, eventTime=179900, downTime=-1, deviceId=0, source=0x10004 }
D/InputEventConsistencyVerifier(  432):   2: sent at 179821000000, (unhandled) KeyEvent { action=ACTION_UP, keyCode=KEYCODE_CALL, scanCode=0, metaState=0, flags=0x8, repeatCount=0, eventTime=179821, downTime=179821, deviceId=-1, source=0x101 }
D/InputEventConsistencyVerifier(  432):   3: sent at 179758000000, (unhandled) KeyEvent { action=ACTION_DOWN, keyCode=KEYCODE_CALL, scanCode=0, metaState=0, flags=0x8, repeatCount=0, eventTime=179758, downTime=179758, deviceId=-1, source=0x101 }
D/InputEventConsistencyVerifier(  432):   4: sent at 179697000000, MotionEvent { action=ACTION_UP, id[0]=0, x[0]=388.0, y[0]=505.0, toolType[0]=TOOL_TYPE_UNKNOWN, buttonState=0, metaState=0, flags=0x0, edgeFlags=0x0, pointerCount=1, historySize=0, eventTime=179697, downTime=179569, deviceId=0, source=0x1002 }
D/InputEventConsistencyVerifier(  432):   5: sent at 179694000000, MotionEvent { action=ACTION_MOVE, id[0]=0, x[0]=404.0, y[0]=494.0, toolType[0]=TOOL_TYPE_UNKNOWN, buttonState=0, metaState=0, flags=0x0, edgeFlags=0x0, pointerCount=1, historySize=6, eventTime=179694, downTime=179569, deviceId=0, source=0x1002 }
I/Choreographer(  432): Skipped 36 frames!  The application may be doing too much work on its main thread.
D/InputEventConsistencyVerifier(  432): KeyEvent: ACTION_UP but key was not down.
D/InputEventConsistencyVerifier(  432):   in android.widget.FrameLayout@b3ddc168
D/InputEventConsistencyVerifier(  432):   0: sent at 180226000000, KeyEvent { action=ACTION_UP, keyCode=KEYCODE_DPAD_DOWN, scanCode=0, metaState=0, flags=0x400, repeatCount=0, eventTime=180226, downTime=180226, deviceId=-1, source=0x101 }
D/InputEventConsistencyVerifier(  432):   -- recent events --
D/InputEventConsistencyVerifier(  432):   1: sent at 179014000000, MotionEvent { action=ACTION_UP, id[0]=0, x[0]=186.0, y[0]=703.0, toolType[0]=TOOL_TYPE_UNKNOWN, buttonState=0, metaState=0, flags=0x0, edgeFlags=0x0, pointerCount=1, historySize=0, eventTime=179014, downTime=178830, deviceId=0, source=0x1002 }
D/InputEventConsistencyVerifier(  432):   2: sent at 179012000000, MotionEvent { action=ACTION_MOVE, id[0]=0, x[0]=184.0, y[0]=695.0, toolType[0]=TOOL_TYPE_UNKNOWN, buttonState=0, metaState=0, flags=0x0, edgeFlags=0x0, pointerCount=1, historySize=0, eventTime=179012, downTime=178830, deviceId=0, source=0x1002 }
D/InputEventConsistencyVerifier(  432):   3: sent at 179000906160, MotionEvent { action=ACTION_MOVE, id[0]=0, x[0]=181.22884, y[0]=685.20593, toolType[0]=TOOL_TYPE_UNKNOWN, buttonState=0, metaState=0, flags=0x0, edgeFlags=0x0, pointerCount=1, historySize=7, eventTime=179000, downTime=178830, deviceId=0, source=0x1002 }
D/InputEventConsistencyVerifier(  432):   4: sent at 178832000000, MotionEvent { action=ACTION_DOWN, id[0]=0, x[0]=126.0, y[0]=643.0, toolType[0]=TOOL_TYPE_UNKNOWN, buttonState=0, metaState=0, flags=0x0, edgeFlags=0x0, pointerCount=1, historySize=0, eventTime=178832, downTime=178830, deviceId=0, source=0x1002 }
D/InputEventConsistencyVerifier(  432):   5: sent at 178707000000, MotionEvent { action=ACTION_UP, id[0]=0, x[0]=102.0, y[0]=763.0, toolType[0]=TOOL_TYPE_UNKNOWN, buttonState=0, metaState=0, flags=0x0, edgeFlags=0x0, pointerCount=1, historySize=0, eventTime=178707, downTime=178664, deviceId=0, source=0x1002 }
D/PhoneStatusBar(  432): disable: < expand icons alerts ticker* system_info back home recent clock >
I/Choreographer( 1029): Skipped 64 frames!  The application may be doing too much work on its main thread.
V/PhoneStatusBar(  432): setLightsOn(true)
I/Choreographer(  432): Skipped 74 frames!  The application may be doing too much work on its main thread.
I/Choreographer( 1029): Skipped 45 frames!  The application may be doing too much work on its main thread.
E/WVMExtractor(   62): Failed to open libwvm.so
E/WVMExtractor(   62): Failed to open libwvm.so
I/Choreographer( 1029): Skipped 47 frames!  The application may be doing too much work on its main thread.
D/PhoneStatusBar(  432): disable: < EXPAND* icons alerts ticker system_info back home recent clock >
D/InputEventConsistencyVerifier(  237): KeyEvent: ACTION_UP but key was not down.
D/InputEventConsistencyVerifier(  237):   in android.view.ViewRootImpl@b3f23b48
D/InputEventConsistencyVerifier(  237):   0: sent at 181636000000, KeyEvent { action=ACTION_UP, keyCode=KEYCODE_DPAD_DOWN, scanCode=0, metaState=0, flags=0x8, repeatCount=0, eventTime=181636, downTime=181636, deviceId=-1, source=0x101 }
I/Choreographer(  237): Skipped 53 frames!  The application may be doing too much work on its main thread.
D/InputEventConsistencyVerifier(  237): KeyEvent: ACTION_UP but key was not down.
D/InputEventConsistencyVerifier(  237):   in com.android.internal.policy.impl.PhoneWindow$DecorView@b3f22738
