I/AudioService(  227):   Remote Control   registerMediaButtonIntent() for PendingIntent{b40e9a80: PendingIntentRecord{b3f17668 com.android.music broadcastIntent}}
E/WVMExtractor(   64): Failed to open libwvm.so
I/Choreographer(  944): Skipped 48 frames!  The application may be doing too much work on its main thread.
I/Choreographer(  944): Skipped 30 frames!  The application may be doing too much work on its main thread.
E/webcoreglue(  944): Should not happen: no rect-based-test nodes found
E/WVMExtractor(   64): Failed to open libwvm.so
I/Choreographer(  944): Skipped 40 frames!  The application may be doing too much work on its main thread.
E/WVMExtractor(   64): Failed to open libwvm.so
E/WVMExtractor(   64): Failed to open libwvm.so
I/Choreographer(  944): Skipped 99 frames!  The application may be doing too much work on its main thread.
E/WVMExtractor(   64): Failed to open libwvm.so
E/WVMExtractor(   64): Failed to open libwvm.so
I/Choreographer(  944): Skipped 163 frames!  The application may be doing too much work on its main thread.
W/dalvikvm(  892): DroidBox: { "FdAccess": { "path": "2f6465762f696e7075742f6576656e7430", "id": "179268138" } }
W/DroidBox(  892): DroidBox: { "FileRW": { "operation": "write", "data": "efbfbd060000efbfbdefbfbd0c000500000000000000", "id": "179268138" } }
E/WVMExtractor(   64): Failed to open libwvm.so
I/ActivityManager(  227): START {act=android.intent.action.MAIN cat=[android.intent.category.HOME] flg=0x10200000 cmp=com.android.launcher/com.android.launcher2.Launcher u=0} from pid 227
I/Choreographer(  944): Skipped 167 frames!  The application may be doing too much work on its main thread.
E/WVMExtractor(   64): Failed to open libwvm.so
I/InputDispatcher(  227): Dropped event because of pending overdue app switch.
W/InputManager(  227): Input event injection from pid 892 failed.
W/InputMethodManagerService(  227): Window already focused, ignoring focus gain of: com.android.internal.view.IInputMethodClient$Stub$Proxy@b40616a8 attribute=null
I/ActivityManager(  227): START {act=android.intent.action.MAIN cat=[android.intent.category.LAUNCHER] flg=0x10200000 cmp=com.mogo.puzzle/.begin u=0} from pid 892
I/Choreographer(  944): Skipped 45 frames!  The application may be doing too much work on its main thread.
E/WVMExtractor(   64): Failed to open libwvm.so
I/Choreographer(  944): Skipped 33 frames!  The application may be doing too much work on its main thread.
E/WVMExtractor(   64): Failed to open libwvm.so
E/WVMExtractor(   64): Failed to open libwvm.so
E/WVMExtractor(   64): Failed to open libwvm.so
E/WVMExtractor(   64): Failed to open libwvm.so
E/WVMExtractor(   64): Failed to open libwvm.so
I/Choreographer(  944): Skipped 67 frames!  The application may be doing too much work on its main thread.
E/WVMExtractor(   64): Failed to open libwvm.so
I/Choreographer(  944): Skipped 34 frames!  The application may be doing too much work on its main thread.
I/Choreographer(  944): Skipped 37 frames!  The application may be doing too much work on its main thread.
I/Choreographer(  944): Skipped 59 frames!  The application may be doing too much work on its main thread.
E/WVMExtractor(   64): Failed to open libwvm.so
I/Choreographer(  944): Skipped 56 frames!  The application may be doing too much work on its main thread.
E/WVMExtractor(   64): Failed to open libwvm.so
I/Choreographer(  944): Skipped 33 frames!  The application may be doing too much work on its main thread.
E/WVMExtractor(   64): Failed to open libwvm.so
E/WVMExtractor(   64): Failed to open libwvm.so
I/Choreographer(  944): Skipped 31 frames!  The application may be doing too much work on its main thread.
E/WVMExtractor(   64): Failed to open libwvm.so
I/Choreographer(  944): Skipped 30 frames!  The application may be doing too much work on its main thread.
E/WVMExtractor(   64): Failed to open libwvm.so
I/Choreographer(  944): Skipped 30 frames!  The application may be doing too much work on its main thread.
E/WVMExtractor(   64): Failed to open libwvm.so
E/WVMExtractor(   64): Failed to open libwvm.so
E/WVMExtractor(   64): Failed to open libwvm.so
I/Choreographer(  944): Skipped 39 frames!  The application may be doing too much work on its main thread.
I/Choreographer(  944): Skipped 42 frames!  The application may be doing too much work on its main thread.
E/WVMExtractor(   64): Failed to open libwvm.so
I/Choreographer(  944): Skipped 108 frames!  The application may be doing too much work on its main thread.
E/WVMExtractor(   64): Failed to open libwvm.so
I/Choreographer(  944): Skipped 78 frames!  The application may be doing too much work on its main thread.
I/ActivityManager(  227): START {act=android.intent.action.CALL_BUTTON flg=0x10000000 cmp=com.android.contacts/.activities.DialtactsActivity u=0} from pid 944
E/WVMExtractor(   64): Failed to open libwvm.so
I/Choreographer(  944): Skipped 164 frames!  The application may be doing too much work on its main thread.
W/InputMethodManagerService(  227): Window already focused, ignoring focus gain of: com.android.internal.view.IInputMethodClient$Stub$Proxy@b3f446c8 attribute=null
I/Choreographer(  944): Skipped 34 frames!  The application may be doing too much work on its main thread.
E/WVMExtractor(   64): Failed to open libwvm.so
E/WVMExtractor(   64): Failed to open libwvm.so
W/dalvikvm(  227): DroidBox: { "FdAccess": { "path": "2f70726f632f3232372f6e65742f78745f717461677569642f69666163655f737461745f616c6c", "id": "1811644106" } }
W/DroidBox(  227): DroidBox: { "FileRW": { "operation": "read", "data": "65746830203120302030203020302037383131353220323932362034303239383420323532300a6c6f20312030203020302030203336333620353120333633362035310a0000000000000000000000000000000000000000000000000000000000000000", "id": "1811644106" } }
W/dalvikvm(  227): DroidBox: { "FdAccess": { "path": "2f70726f632f3232372f6e65742f78745f717461677569642f69666163655f737461745f616c6c", "id": "1212842346" } }
W/DroidBox(  227): DroidBox: { "FileRW": { "operation": "read", "data": "35310a362035310a35310a362035310a310a310a310a310a310a35310a362035310a3633362035310a362035310a3633362035310a310a310a310a310a310a362035310a0000000000000000000000000000000000000000000000000000000000000000", "id": "1212842346" } }
W/ThrottleService(  227): unable to find stats for iface rmnet0
E/ThrottleService(  227): Error reading data file
I/Choreographer(  944): Skipped 56 frames!  The application may be doing too much work on its main thread.
E/WVMExtractor(   64): Failed to open libwvm.so
I/Choreographer(  944): Skipped 37 frames!  The application may be doing too much work on its main thread.
I/Choreographer(  944): Skipped 30 frames!  The application may be doing too much work on its main thread.
E/WVMExtractor(   64): Failed to open libwvm.so
I/Choreographer(  944): Skipped 37 frames!  The application may be doing too much work on its main thread.
E/WVMExtractor(   64): Failed to open libwvm.so
E/WVMExtractor(   64): Failed to open libwvm.so
I/Choreographer(  944): Skipped 94 frames!  The application may be doing too much work on its main thread.
I/Choreographer(  944): Skipped 42 frames!  The application may be doing too much work on its main thread.
E/WVMExtractor(   64): Failed to open libwvm.so
I/Choreographer(  944): Skipped 40 frames!  The application may be doing too much work on its main thread.
E/WVMExtractor(   64): Failed to open libwvm.so
E/WVMExtractor(   64): Failed to open libwvm.so
E/WVMExtractor(   64): Failed to open libwvm.so
D/InputEventConsistencyVerifier(  422): KeyEvent: ACTION_UP but key was not down.
D/InputEventConsistencyVerifier(  422):   in com.android.systemui.statusbar.phone.StatusBarWindowView@b3e5b3b8
D/InputEventConsistencyVerifier(  422):   0: sent at 191354000000, KeyEvent { action=ACTION_UP, keyCode=KEYCODE_DPAD_DOWN, scanCode=0, metaState=0, flags=0x8, repeatCount=0, eventTime=191354, downTime=191354, deviceId=-1, source=0x101 }
D/InputEventConsistencyVerifier(  422):   -- recent events --
D/InputEventConsistencyVerifier(  422):   1: sent at 191167000000, MotionEvent { action=ACTION_UP, id[0]=0, x[0]=86.0, y[0]=5.0, toolType[0]=TOOL_TYPE_UNKNOWN, buttonState=0, metaState=0, flags=0x0, edgeFlags=0x0, pointerCount=1, historySize=0, eventTime=191167, downTime=191147, deviceId=0, source=0x1002 }
D/InputEventConsistencyVerifier(  422):   2: sent at 191148000000, MotionEvent { action=ACTION_DOWN, id[0]=0, x[0]=78.0, y[0]=13.0, toolType[0]=TOOL_TYPE_UNKNOWN, buttonState=0, metaState=0, flags=0x0, edgeFlags=0x0, pointerCount=1, historySize=0, eventTime=191148, downTime=191147, deviceId=0, source=0x1002 }
D/InputEventConsistencyVerifier(  422):   3: sent at 133359000000, (unhandled) KeyEvent { action=ACTION_UP, keyCode=KEYCODE_SETTINGS, scanCode=0, metaState=0, flags=0x8, repeatCount=0, eventTime=133359, downTime=133359, deviceId=-1, source=0x101 }
D/InputEventConsistencyVerifier(  422):   4: sent at 133353000000, (unhandled) KeyEvent { action=ACTION_DOWN, keyCode=KEYCODE_SETTINGS, scanCode=0, metaState=0, flags=0x8, repeatCount=0, eventTime=133353, downTime=133353, deviceId=-1, source=0x101 }
D/InputEventConsistencyVerifier(  422):   5: sent at 133334000000, (unhandled) KeyEvent { action=ACTION_UP, keyCode=KEYCODE_DPAD_CENTER, scanCode=0, metaState=0, flags=0x8, repeatCount=0, eventTime=133334, downTime=133334, deviceId=-1, source=0x101 }
D/InputEventConsistencyVerifier(  422): KeyEvent: ACTION_UP but key was not down.
D/InputEventConsistencyVerifier(  422):   in android.widget.FrameLayout@b3e36348
D/InputEventConsistencyVerifier(  422):   0: sent at 191394000000, KeyEvent { action=ACTION_UP, keyCode=KEYCODE_DPAD_DOWN, scanCode=0, metaState=0, flags=0x8, repeatCount=0, eventTime=191394, downTime=191394, deviceId=-1, source=0x101 }
D/InputEventConsistencyVerifier(  422):   -- recent events --
D/InputEventConsistencyVerifier(  422):   1: sent at 133359000000, (unhandled) KeyEvent { action=ACTION_UP, keyCode=KEYCODE_SETTINGS, scanCode=0, metaState=0, flags=0x8, repeatCount=0, eventTime=133359, downTime=133359, deviceId=-1, source=0x101 }
D/InputEventConsistencyVerifier(  422):   2: sent at 133353000000, (unhandled) KeyEvent { action=ACTION_DOWN, keyCode=KEYCODE_SETTINGS, scanCode=0, metaState=0, flags=0x8, repeatCount=0, eventTime=133353, downTime=133353, deviceId=-1, source=0x101 }
D/InputEventConsistencyVerifier(  422):   3: sent at 133334000000, (unhandled) KeyEvent { action=ACTION_UP, keyCode=KEYCODE_DPAD_CENTER, scanCode=0, metaState=0, flags=0x8, repeatCount=0, eventTime=133334, downTime=133334, deviceId=-1, source=0x101 }
D/InputEventConsistencyVerifier(  422):   4: sent at 133330000000, (unhandled) KeyEvent { action=ACTION_DOWN, keyCode=KEYCODE_DPAD_CENTER, scanCode=0, metaState=0, flags=0x8, repeatCount=0, eventTime=133330, downTime=133330, deviceId=-1, source=0x101 }
D/InputEventConsistencyVerifier(  422):   5: sent at 133282000000, (unhandled) KeyEvent { action=ACTION_UP, keyCode=KEYCODE_DPAD_DOWN, scanCode=0, metaState=0, flags=0x8, repeatCount=0, eventTime=133282, downTime=133282, deviceId=-1, source=0x101 }
W/dalvikvm(  422): DroidBox: { "FdAccess": { "path": "2f70726f632f6d656d696e666f", "id": "75450593" } }
W/DroidBox(  422): DroidBox: { "FileRW": { "operation": "read", "data": "4d656d546f74616c3a202020202020202020373438393634206b420a4d656d467265653a20202020202020202020343331303234206b420a427566666572733a20202020202020202020202035363736206b420a4361636865643a202020202020202020", "id": "75450593" } }
I/Choreographer(  422): Skipped 73 frames!  The application may be doing too much work on its main thread.
V/PhoneStatusBar(  422): setLightsOn(true)
I/Choreographer(  422): Skipped 37 frames!  The application may be doing too much work on its main thread.
D/PhoneStatusBar(  422): disable: < expand icons alerts TICKER* system_info back home recent clock >
W/dalvikvm(  422): DroidBox: { "FdAccess": { "path": "2f70726f632f6d656d696e666f", "id": "529748962" } }
W/DroidBox(  422): DroidBox: { "FileRW": { "operation": "read", "data": "4d656d546f74616c3a202020202020202020373438393634206b420a4d656d467265653a20202020202020202020343239353238206b420a427566666572733a20202020202020202020202035363736206b420a4361636865643a202020202020202020", "id": "529748962" } }
I/Choreographer(  944): Skipped 72 frames!  The application may be doing too much work on its main thread.
D/InputEventConsistencyVerifier(  422): TouchEvent: ACTION_DOWN but pointers are already down.  Probably missing ACTION_UP from previous gesture.
D/InputEventConsistencyVerifier(  422):   in android.view.ScaleGestureDetector@b3efb9d8
D/InputEventConsistencyVerifier(  422):   0: sent at 191627000000, MotionEvent { action=ACTION_DOWN, id[0]=0, x[0]=1.0, y[0]=186.0, toolType[0]=TOOL_TYPE_UNKNOWN, buttonState=0, metaState=0, flags=0x0, edgeFlags=0x0, pointerCount=1, historySize=0, eventTime=191627, downTime=191589, deviceId=0, source=0x1002 }
D/InputEventConsistencyVerifier(  422):   -- recent events --
D/InputEventConsistencyVerifier(  422):   1: sent at 191539000000, MotionEvent { action=ACTION_DOWN, id[0]=0, x[0]=9.0, y[0]=725.0, toolType[0]=TOOL_TYPE_UNKNOWN, buttonState=0, metaState=0, flags=0x0, edgeFlags=0x0, pointerCount=1, historySize=0, eventTime=191539, downTime=191538, deviceId=0, source=0x1002 }
D/InputEventConsistencyVerifier(  422):   2: sent at 191167000000, MotionEvent { action=ACTION_UP, id[0]=0, x[0]=86.0, y[0]=5.0, toolType[0]=TOOL_TYPE_UNKNOWN, buttonState=0, metaState=0, flags=0x0, edgeFlags=0x0, pointerCount=1, historySize=0, eventTime=191167, downTime=191147, deviceId=0, source=0x1002 }
D/InputEventConsistencyVerifier(  422):   3: sent at 191148000000, MotionEvent { action=ACTION_DOWN, id[0]=0, x[0]=78.0, y[0]=13.0, toolType[0]=TOOL_TYPE_UNKNOWN, buttonState=0, metaState=0, flags=0x0, edgeFlags=0x0, pointerCount=1, historySize=0, eventTime=191148, downTime=191147, deviceId=0, source=0x1002 }
D/InputEventConsistencyVerifier(  422):   4: sent at 131642000000, MotionEvent { action=ACTION_UP, id[0]=0, x[0]=376.0, y[0]=48.0, toolType[0]=TOOL_TYPE_UNKNOWN, buttonState=0, metaState=0, flags=0x0, edgeFlags=0x0, pointerCount=1, historySize=0, eventTime=131642, downTime=131586, deviceId=0, source=0x1002 }
D/InputEventConsistencyVerifier(  422):   5: sent at 131637000000, MotionEvent { action=ACTION_POINTER_UP(1), id[0]=0, x[0]=358.0, y[0]=39.0, toolType[0]=TOOL_TYPE_UNKNOWN, id[1]=1, x[1]=456.0, y[1]=43.0, toolType[1]=TOOL_TYPE_UNKNOWN, buttonState=0, metaState=0, flags=0x0, edgeFlags=0x0, pointerCount=2, historySize=0, eventTime=131637, downTime=131586, deviceId=0, source=0x1002 }
I/Choreographer(  422): Skipped 36 frames!  The application may be doing too much work on its main thread.
E/WVMExtractor(   64): Failed to open libwvm.so
I/Choreographer(  422): Skipped 34 frames!  The application may be doing too much work on its main thread.
D/PhoneStatusBar(  422): disable: < expand icons alerts ticker* system_info back home recent clock >
V/PhoneStatusBar(  422): setLightsOn(true)
W/InputMethodManagerService(  227): Window already focused, ignoring focus gain of: com.android.internal.view.IInputMethodClient$Stub$Proxy@b4273e18 attribute=null
I/Choreographer(  944): Skipped 33 frames!  The application may be doing too much work on its main thread.
E/WVMExtractor(   64): Failed to open libwvm.so
E/WVMExtractor(   64): Failed to open libwvm.so
E/WVMExtractor(   64): Failed to open libwvm.so
E/WVMExtractor(   64): Failed to open libwvm.so
I/InputDispatcher(  227): Window 'Window{b3ef9fc0 com.mogo.puzzle/com.waps.OffersWebView paused=false}' spent 2072.4ms processing the last input event: MotionEvent(action=2, deviceId=0, source=0x00010004)
I/InputDispatcher(  227): Window 'Window{b3ef9fc0 com.mogo.puzzle/com.waps.OffersWebView paused=false}' spent 2071.3ms processing the last input event: MotionEvent(action=2, deviceId=0, source=0x00010004)
I/Choreographer(  944): Skipped 56 frames!  The application may be doing too much work on its main thread.
E/WVMExtractor(   64): Failed to open libwvm.so
D/InputEventConsistencyVerifier(  944): KeyEvent: ACTION_UP but key was not down.
D/InputEventConsistencyVerifier(  944):   in android.view.ViewRootImpl@b41077d8
D/InputEventConsistencyVerifier(  944):   0: sent at 191827000000, KeyEvent { action=ACTION_UP, keyCode=KEYCODE_AVR_POWER, scanCode=0, metaState=0, flags=0x8, repeatCount=0, eventTime=191827, downTime=191827, deviceId=-1, source=0x101 }
D/InputEventConsistencyVerifier(  944):   -- recent events --
D/InputEventConsistencyVerifier(  944):   1: sent at 192979000000, KeyEvent { action=ACTION_UP, keyCode=KEYCODE_DPAD_DOWN, scanCode=0, metaState=0, flags=0x400, repeatCount=0, eventTime=192979, downTime=192979, deviceId=-1, source=0x101 }
D/InputEventConsistencyVerifier(  944):   2: sent at 192979000000, KeyEvent { action=ACTION_DOWN, keyCode=KEYCODE_DPAD_DOWN, scanCode=0, metaState=0, flags=0x400, repeatCount=0, eventTime=192979, downTime=192979, deviceId=-1, source=0x101 }
D/InputEventConsistencyVerifier(  944):   3: sent at 192978000000, KeyEvent { action=ACTION_UP, keyCode=KEYCODE_DPAD_DOWN, scanCode=0, metaState=0, flags=0x400, repeatCount=0, eventTime=192978, downTime=192978, deviceId=-1, source=0x101 }
D/InputEventConsistencyVerifier(  944):   4: sent at 192978000000, KeyEvent { action=ACTION_DOWN, keyCode=KEYCODE_DPAD_DOWN, scanCode=0, metaState=0, flags=0x400, repeatCount=0, eventTime=192978, downTime=192978, deviceId=-1, source=0x101 }
D/InputEventConsistencyVerifier(  944):   5: sent at 190931000000, MotionEvent { action=ACTION_MOVE, id[0]=0, x[0]=1.0, y[0]=2.0, toolType[0]=TOOL_TYPE_UNKNOWN, buttonState=0, metaState=0, flags=0x0, edgeFlags=0x0, pointerCount=1, historySize=1, eventTime=190931, downTime=-1, deviceId=0, source=0x10004 }
E/WVMExtractor(   64): Failed to open libwvm.so
E/WVMExtractor(   64): Failed to open libwvm.so
E/WVMExtractor(   64): Failed to open libwvm.so
E/WVMExtractor(   64): Failed to open libwvm.so
E/WVMExtractor(   64): Failed to open libwvm.so
E/WVMExtractor(   64): Failed to open libwvm.so
E/WVMExtractor(   64): Failed to open libwvm.so
E/WVMExtractor(   64): Failed to open libwvm.so
I/Choreographer(  944): Skipped 41 frames!  The application may be doing too much work on its main thread.
I/Choreographer(  944): Skipped 40 frames!  The application may be doing too much work on its main thread.
E/WVMExtractor(   64): Failed to open libwvm.so
D/InputEventConsistencyVerifier(  944): KeyEvent: ACTION_UP but key was not down.
D/InputEventConsistencyVerifier(  944):   in android.view.ViewRootImpl@b41077d8
D/InputEventConsistencyVerifier(  944):   0: sent at 197432000000, KeyEvent { action=ACTION_UP, keyCode=KEYCODE_DPAD_UP, scanCode=0, metaState=0, flags=0x8, repeatCount=0, eventTime=197432, downTime=197432, deviceId=-1, source=0x101 }
D/InputEventConsistencyVerifier(  944):   -- recent events --
D/InputEventConsistencyVerifier(  944):   1: sent at 195275000000, KeyEvent { action=ACTION_UP, keyCode=KEYCODE_MENU, scanCode=0, metaState=0, flags=0x8, repeatCount=0, eventTime=195275, downTime=195275, deviceId=-1, source=0x101 }
D/InputEventConsistencyVerifier(  944):   2: sent at 194705000000, KeyEvent { action=ACTION_DOWN, keyCode=KEYCODE_MENU, scanCode=0, metaState=0, flags=0x8, repeatCount=0, eventTime=194705, downTime=194705, deviceId=-1, source=0x101 }
D/InputEventConsistencyVerifier(  944):   3: sent at 195269000000, KeyEvent { action=ACTION_UP, keyCode=KEYCODE_DPAD_UP, scanCode=0, metaState=0, flags=0x400, repeatCount=0, eventTime=195269, downTime=195269, deviceId=-1, source=0x101 }
D/InputEventConsistencyVerifier(  944):   4: sent at 195269000000, KeyEvent { action=ACTION_DOWN, keyCode=KEYCODE_DPAD_UP, scanCode=0, metaState=0, flags=0x400, repeatCount=0, eventTime=195269, downTime=195269, deviceId=-1, source=0x101 }
D/InputEventConsistencyVerifier(  944):   5: sent at 195268000000, KeyEvent { action=ACTION_UP, keyCode=KEYCODE_DPAD_UP, scanCode=0, metaState=0, flags=0x400, repeatCount=0, eventTime=195268, downTime=195268, deviceId=-1, source=0x101 }
I/Choreographer(  944): Skipped 80 frames!  The application may be doing too much work on its main thread.
W/InputMethodManagerService(  227): Window already focused, ignoring focus gain of: com.android.internal.view.IInputMethodClient$Stub$Proxy@b3f005b0 attribute=null
E/WVMExtractor(   64): Failed to open libwvm.so
D/InputEventConsistencyVerifier(  422): TouchEvent: ACTION_DOWN but pointers are already down.  Probably missing ACTION_UP from previous gesture.
D/InputEventConsistencyVerifier(  422):   in android.view.ScaleGestureDetector@b3efb9d8
D/InputEventConsistencyVerifier(  422):   0: sent at 198311000000, MotionEvent { action=ACTION_DOWN, id[0]=0, x[0]=437.0, y[0]=19.0, toolType[0]=TOOL_TYPE_UNKNOWN, buttonState=0, metaState=0, flags=0x0, edgeFlags=0x0, pointerCount=1, historySize=0, eventTime=198311, downTime=198311, deviceId=0, source=0x1002 }
D/InputEventConsistencyVerifier(  422):   -- recent events --
D/InputEventConsistencyVerifier(  422):   1: sent at 191627000000, MotionEvent { action=ACTION_DOWN, id[0]=0, x[0]=1.0, y[0]=186.0, toolType[0]=TOOL_TYPE_UNKNOWN, buttonState=0, metaState=0, flags=0x80000000, edgeFlags=0x0, pointerCount=1, historySize=0, eventTime=191627, downTime=191589, deviceId=0, source=0x1002 }
D/InputEventConsistencyVerifier(  422):   2: sent at 191539000000, MotionEvent { action=ACTION_DOWN, id[0]=0, x[0]=9.0, y[0]=725.0, toolType[0]=TOOL_TYPE_UNKNOWN, buttonState=0, metaState=0, flags=0x0, edgeFlags=0x0, pointerCount=1, historySize=0, eventTime=191539, downTime=191538, deviceId=0, source=0x1002 }
D/InputEventConsistencyVerifier(  422):   3: sent at 191167000000, MotionEvent { action=ACTION_UP, id[0]=0, x[0]=86.0, y[0]=5.0, toolType[0]=TOOL_TYPE_UNKNOWN, buttonState=0, metaState=0, flags=0x0, edgeFlags=0x0, pointerCount=1, historySize=0, eventTime=191167, downTime=191147, deviceId=0, source=0x1002 }
D/InputEventConsistencyVerifier(  422):   4: sent at 191148000000, MotionEvent { action=ACTION_DOWN, id[0]=0, x[0]=78.0, y[0]=13.0, toolType[0]=TOOL_TYPE_UNKNOWN, buttonState=0, metaState=0, flags=0x0, edgeFlags=0x0, pointerCount=1, historySize=0, eventTime=191148, downTime=191147, deviceId=0, source=0x1002 }
D/InputEventConsistencyVerifier(  422):   5: sent at 131642000000, MotionEvent { action=ACTION_UP, id[0]=0, x[0]=376.0, y[0]=48.0, toolType[0]=TOOL_TYPE_UNKNOWN, buttonState=0, metaState=0, flags=0x0, edgeFlags=0x0, pointerCount=1, historySize=0, eventTime=131642, downTime=131586, deviceId=0, source=0x1002 }
W/dalvikvm(  422): DroidBox: { "FdAccess": { "path": "2f70726f632f6d656d696e666f", "id": "522671913" } }
W/DroidBox(  422): DroidBox: { "FileRW": { "operation": "read", "data": "4d656d546f74616c3a202020202020202020373438393634206b420a4d656d467265653a20202020202020202020343238323936206b420a427566666572733a20202020202020202020202035363736206b420a4361636865643a202020202020202020", "id": "522671913" } }
V/PhoneStatusBar(  422): setLightsOn(true)
I/Choreographer(  422): Skipped 30 frames!  The application may be doing too much work on its main thread.
D/PhoneStatusBar(  422): disable: < expand icons alerts TICKER* system_info back home recent clock >
W/dalvikvm(  422): DroidBox: { "FdAccess": { "path": "2f70726f632f6d656d696e666f", "id": "996146287" } }
W/DroidBox(  422): DroidBox: { "FileRW": { "operation": "read", "data": "4d656d546f74616c3a202020202020202020373438393634206b420a4d656d467265653a20202020202020202020343238313732206b420a427566666572733a20202020202020202020202035363736206b420a4361636865643a202020202020202020", "id": "996146287" } }
D/InputEventConsistencyVerifier(  422): TouchEvent: ACTION_DOWN but pointers are already down.  Probably missing ACTION_UP from previous gesture.
D/InputEventConsistencyVerifier(  422):   in android.view.ScaleGestureDetector@b3efb9d8
D/InputEventConsistencyVerifier(  422):   0: sent at 198735000000, MotionEvent { action=ACTION_DOWN, id[0]=0, x[0]=442.0, y[0]=618.0, toolType[0]=TOOL_TYPE_UNKNOWN, buttonState=0, metaState=0, flags=0x0, edgeFlags=0x0, pointerCount=1, historySize=0, eventTime=198735, downTime=198734, deviceId=0, source=0x1002 }
D/InputEventConsistencyVerifier(  422):   -- recent events --
D/InputEventConsistencyVerifier(  422):   1: sent at 198617000000, MotionEvent { action=ACTION_DOWN, id[0]=0, x[0]=402.0, y[0]=181.0, toolType[0]=TOOL_TYPE_UNKNOWN, buttonState=0, metaState=0, flags=0x0, edgeFlags=0x0, pointerCount=1, historySize=0, eventTime=198617, downTime=198616, deviceId=0, source=0x1002 }
D/InputEventConsistencyVerifier(  422):   2: sent at 198321000000, MotionEvent { action=ACTION_UP, id[0]=0, x[0]=436.0, y[0]=19.0, toolType[0]=TOOL_TYPE_UNKNOWN, buttonState=0, metaState=0, flags=0x0, edgeFlags=0x0, pointerCount=1, historySize=0, eventTime=198321, downTime=198311, deviceId=0, source=0x1002 }
D/InputEventConsistencyVerifier(  422):   3: sent at 198311000000, MotionEvent { action=ACTION_DOWN, id[0]=0, x[0]=437.0, y[0]=19.0, toolType[0]=TOOL_TYPE_UNKNOWN, buttonState=0, metaState=0, flags=0x80000000, edgeFlags=0x0, pointerCount=1, historySize=0, eventTime=198311, downTime=198311, deviceId=0, source=0x1002 }
D/InputEventConsistencyVerifier(  422):   4: sent at 191627000000, MotionEvent { action=ACTION_DOWN, id[0]=0, x[0]=1.0, y[0]=186.0, toolType[0]=TOOL_TYPE_UNKNOWN, buttonState=0, metaState=0, flags=0x80000000, edgeFlags=0x0, pointerCount=1, historySize=0, eventTime=191627, downTime=191589, deviceId=0, source=0x1002 }
D/InputEventConsistencyVerifier(  422):   5: sent at 191539000000, MotionEvent { action=ACTION_DOWN, id[0]=0, x[0]=9.0, y[0]=725.0, toolType[0]=TOOL_TYPE_UNKNOWN, buttonState=0, metaState=0, flags=0x0, edgeFlags=0x0, pointerCount=1, historySize=0, eventTime=191539, downTime=191538, deviceId=0, source=0x1002 }
I/Choreographer(  422): Skipped 63 frames!  The application may be doing too much work on its main thread.
I/ActivityManager(  227): START {act=android.intent.action.MAIN cat=[android.intent.category.LAUNCHER] flg=0x10000000 cmp=com.android.calendar/.AllInOneActivity sel={act=android.intent.action.MAIN cat=[android.intent.category.APP_CALENDAR]} u=0} from pid 227
I/Choreographer(  944): Skipped 69 frames!  The application may be doing too much work on its main thread.
D/InputEventConsistencyVerifier(  422): KeyEvent: ACTION_UP but key was not down.
D/InputEventConsistencyVerifier(  422):   in android.view.ViewRootImpl@b3eeccf8
D/InputEventConsistencyVerifier(  422):   0: sent at 198903000000, KeyEvent { action=ACTION_UP, keyCode=KEYCODE_CALENDAR, scanCode=0, metaState=0, flags=0x8, repeatCount=0, eventTime=198903, downTime=198903, deviceId=-1, source=0x101 }
D/InputEventConsistencyVerifier(  422):   -- recent events --
D/InputEventConsistencyVerifier(  422):   1: sent at 198806000000, KeyEvent { action=ACTION_UP, keyCode=KEYCODE_NUMPAD_MULTIPLY, scanCode=0, metaState=0, flags=0x8, repeatCount=0, eventTime=198806, downTime=198806, deviceId=-1, source=0x101 }
D/InputEventConsistencyVerifier(  422):   2: sent at 198769000000, KeyEvent { action=ACTION_DOWN, keyCode=KEYCODE_NUMPAD_MULTIPLY, scanCode=0, metaState=0, flags=0x8, repeatCount=0, eventTime=198769, downTime=198769, deviceId=-1, source=0x101 }
D/InputEventConsistencyVerifier(  422):   3: sent at 198755000000, MotionEvent { action=ACTION_UP, id[0]=0, x[0]=454.0, y[0]=618.0, toolType[0]=TOOL_TYPE_UNKNOWN, buttonState=0, metaState=0, flags=0x0, edgeFlags=0x0, pointerCount=1, historySize=0, eventTime=198755, downTime=198734, deviceId=0, source=0x1002 }
D/InputEventConsistencyVerifier(  422):   4: sent at 198735000000, MotionEvent { action=ACTION_DOWN, id[0]=0, x[0]=442.0, y[0]=618.0, toolType[0]=TOOL_TYPE_UNKNOWN, buttonState=0, metaState=0, flags=0x0, edgeFlags=0x0, pointerCount=1, historySize=0, eventTime=198735, downTime=198734, deviceId=0, source=0x1002 }
D/InputEventConsistencyVerifier(  422):   5: sent at 198642000000, MotionEvent { action=ACTION_UP, id[0]=0, x[0]=385.0, y[0]=166.0, toolType[0]=TOOL_TYPE_UNKNOWN, buttonState=0, metaState=0, flags=0x0, edgeFlags=0x0, pointerCount=1, historySize=0, eventTime=198642, downTime=198616, deviceId=0, source=0x1002 }
D/InputEventConsistencyVerifier(  422): TouchEvent: ACTION_DOWN but pointers are already down.  Probably missing ACTION_UP from previous gesture.
D/InputEventConsistencyVerifier(  422):   in android.view.ScaleGestureDetector@b3efb9d8
D/InputEventConsistencyVerifier(  422):   0: sent at 199155000000, MotionEvent { action=ACTION_DOWN, id[0]=0, x[0]=389.0, y[0]=212.0, toolType[0]=TOOL_TYPE_UNKNOWN, buttonState=0, metaState=0, flags=0x0, edgeFlags=0x0, pointerCount=1, historySize=0, eventTime=199155, downTime=199155, deviceId=0, source=0x1002 }
D/InputEventConsistencyVerifier(  422):   -- recent events --
D/InputEventConsistencyVerifier(  422):   1: sent at 198735000000, MotionEvent { action=ACTION_DOWN, id[0]=0, x[0]=442.0, y[0]=618.0, toolType[0]=TOOL_TYPE_UNKNOWN, buttonState=0, metaState=0, flags=0x80000000, edgeFlags=0x0, pointerCount=1, historySize=0, eventTime=198735, downTime=198734, deviceId=0, source=0x1002 }
D/InputEventConsistencyVerifier(  422):   2: sent at 198617000000, MotionEvent { action=ACTION_DOWN, id[0]=0, x[0]=402.0, y[0]=181.0, toolType[0]=TOOL_TYPE_UNKNOWN, buttonState=0, metaState=0, flags=0x0, edgeFlags=0x0, pointerCount=1, historySize=0, eventTime=198617, downTime=198616, deviceId=0, source=0x1002 }
D/InputEventConsistencyVerifier(  422):   3: sent at 198321000000, MotionEvent { action=ACTION_UP, id[0]=0, x[0]=436.0, y[0]=19.0, toolType[0]=TOOL_TYPE_UNKNOWN, buttonState=0, metaState=0, flags=0x0, edgeFlags=0x0, pointerCount=1, historySize=0, eventTime=198321, downTime=198311, deviceId=0, source=0x1002 }
D/InputEventConsistencyVerifier(  422):   4: sent at 198311000000, MotionEvent { action=ACTION_DOWN, id[0]=0, x[0]=437.0, y[0]=19.0, toolType[0]=TOOL_TYPE_UNKNOWN, buttonState=0, metaState=0, flags=0x80000000, edgeFlags=0x0, pointerCount=1, historySize=0, eventTime=198311, downTime=198311, deviceId=0, source=0x1002 }
D/InputEventConsistencyVerifier(  422):   5: sent at 191627000000, MotionEvent { action=ACTION_DOWN, id[0]=0, x[0]=1.0, y[0]=186.0, toolType[0]=TOOL_TYPE_UNKNOWN, buttonState=0, metaState=0, flags=0x80000000, edgeFlags=0x0, pointerCount=1, historySize=0, eventTime=191627, downTime=191589, deviceId=0, source=0x1002 }
D/PhoneStatusBar(  422): disable: < expand icons alerts ticker* system_info back home recent clock >
V/PhoneStatusBar(  422): setLightsOn(true)
E/WVMExtractor(   64): Failed to open libwvm.so
E/WVMExtractor(   64): Failed to open libwvm.so
I/ActivityManager(  227): START {act=android.intent.action.MAIN cat=[android.intent.category.LAUNCHER] flg=0x10200000 cmp=com.mogo.puzzle/.begin u=0} from pid 892
I/Choreographer(  944): Skipped 94 frames!  The application may be doing too much work on its main thread.
E/WVMExtractor(   64): Failed to open libwvm.so
E/WVMExtractor(   64): Failed to open libwvm.so
D/InputEventConsistencyVerifier(  944): TrackballEvent: Trackball is down but pressure is not greater than 0.
D/InputEventConsistencyVerifier(  944):   in android.view.ViewRootImpl@b42957d8
D/InputEventConsistencyVerifier(  944):   0: sent at 201027000000, MotionEvent { action=ACTION_DOWN, id[0]=0, x[0]=0.0, y[0]=0.0, toolType[0]=TOOL_TYPE_UNKNOWN, buttonState=0, metaState=0, flags=0x0, edgeFlags=0x0, pointerCount=1, historySize=0, eventTime=201027, downTime=200963, deviceId=0, source=0x10004 }
D/InputEventConsistencyVerifier(  944):   -- recent events --
D/InputEventConsistencyVerifier(  944):   1: sent at 201133000000, KeyEvent { action=ACTION_UP, keyCode=KEYCODE_DPAD_DOWN, scanCode=0, metaState=0, flags=0x400, repeatCount=0, eventTime=201133, downTime=201133, deviceId=-1, source=0x101 }
D/InputEventConsistencyVerifier(  944):   2: sent at 201133000000, KeyEvent { action=ACTION_DOWN, keyCode=KEYCODE_DPAD_DOWN, scanCode=0, metaState=0, flags=0x400, repeatCount=0, eventTime=201133, downTime=201133, deviceId=-1, source=0x101 }
D/InputEventConsistencyVerifier(  944):   3: sent at 201130000000, KeyEvent { action=ACTION_UP, keyCode=KEYCODE_DPAD_DOWN, scanCode=0, metaState=0, flags=0x400, repeatCount=0, eventTime=201130, downTime=201130, deviceId=-1, source=0x101 }
D/InputEventConsistencyVerifier(  944):   4: sent at 201130000000, KeyEvent { action=ACTION_DOWN, keyCode=KEYCODE_DPAD_DOWN, scanCode=0, metaState=0, flags=0x400, repeatCount=0, eventTime=201130, downTime=201130, deviceId=-1, source=0x101 }
D/InputEventConsistencyVerifier(  944):   5: sent at 201024000000, MotionEvent { action=ACTION_MOVE, id[0]=0, x[0]=-2.0, y[0]=2.0, toolType[0]=TOOL_TYPE_UNKNOWN, buttonState=0, metaState=0, flags=0x0, edgeFlags=0x0, pointerCount=1, historySize=9, eventTime=201024, downTime=-1, deviceId=0, source=0x10004 }
I/Choreographer(  944): Skipped 174 frames!  The application may be doing too much work on its main thread.
E/WVMExtractor(   64): Failed to open libwvm.so
E/WVMExtractor(   64): Failed to open libwvm.so
I/Choreographer(  944): Skipped 89 frames!  The application may be doing too much work on its main thread.
W/InputMethodManagerService(  227): Window already focused, ignoring focus gain of: com.android.internal.view.IInputMethodClient$Stub$Proxy@b3f932e8 attribute=null
E/WVMExtractor(   64): Failed to open libwvm.so
I/Choreographer(  944): Skipped 79 frames!  The application may be doing too much work on its main thread.
I/Choreographer(  944): Skipped 43 frames!  The application may be doing too much work on its main thread.
W/BackupManagerService(  227): dataChanged but no participant pkg='com.android.providers.settings' uid=10011
E/WVMExtractor(   64): Failed to open libwvm.so
E/WVMExtractor(   64): Failed to open libwvm.so
E/MetadataRetrieverClient(   64): failed to extract an album art
I/Choreographer(  944): Skipped 31 frames!  The application may be doing too much work on its main thread.
E/WVMExtractor(   64): Failed to open libwvm.so
W/InputManager(  227): Input event injection from pid 892 failed.
E/WVMExtractor(   64): Failed to open libwvm.so
I/Choreographer(  944): Skipped 107 frames!  The application may be doing too much work on its main thread.
W/InputMethodManagerService(  227): Window already focused, ignoring focus gain of: com.android.internal.view.IInputMethodClient$Stub$Proxy@b3ed53f8 attribute=null
D/InputEventConsistencyVerifier(  944): TrackballEvent: Trackball is down but pressure is not greater than 0.
D/InputEventConsistencyVerifier(  944):   in android.view.ViewRootImpl@b41077d8
D/InputEventConsistencyVerifier(  944):   0: sent at 204499000000, MotionEvent { action=ACTION_DOWN, id[0]=0, x[0]=0.0, y[0]=0.0, toolType[0]=TOOL_TYPE_UNKNOWN, buttonState=0, metaState=0, flags=0x0, edgeFlags=0x0, pointerCount=1, historySize=0, eventTime=204499, downTime=204357, deviceId=0, source=0x10004 }
D/InputEventConsistencyVerifier(  944):   -- recent events --
D/InputEventConsistencyVerifier(  944):   1: sent at 204471000000, MotionEvent { action=ACTION_MOVE, id[0]=0, x[0]=-2.0, y[0]=4.0, toolType[0]=TOOL_TYPE_UNKNOWN, buttonState=0, metaState=0, flags=0x0, edgeFlags=0x0, pointerCount=1, historySize=7, eventTime=204471, downTime=-1, deviceId=0, source=0x10004 }
D/InputEventConsistencyVerifier(  944):   2: sent at 204378000000, MotionEvent { action=ACTION_MOVE, id[0]=0, x[0]=4.0, y[0]=3.0, toolType[0]=TOOL_TYPE_UNKNOWN, buttonState=0, metaState=0, flags=0x0, edgeFlags=0x0, pointerCount=1, historySize=1, eventTime=204378, downTime=-1, deviceId=0, source=0x10004 }
D/InputEventConsistencyVerifier(  944):   3: sent at 204043000000, KeyEvent { action=ACTION_UP, keyCode=KEYCODE_SCROLL_LOCK, scanCode=0, metaState=0, flags=0x8, repeatCount=0, eventTime=204043, downTime=204043, deviceId=-1, source=0x101 }
D/InputEventConsistencyVerifier(  944):   4: sent at 204040000000, KeyEvent { action=ACTION_DOWN, keyCode=KEYCODE_SCROLL_LOCK, scanCode=0, metaState=0, flags=0x8, repeatCount=0, eventTime=204040, downTime=204040, deviceId=-1, source=0x101 }
D/InputEventConsistencyVerifier(  944):   5: sent at 202435000000, KeyEvent { action=ACTION_UP, keyCode=KEYCODE_MENU, scanCode=0, metaState=0, flags=0x8, repeatCount=0, eventTime=202435, downTime=202435, deviceId=-1, source=0x101 }
E/WVMExtractor(   64): Failed to open libwvm.so
I/Choreographer(  944): Skipped 125 frames!  The application may be doing too much work on its main thread.
E/WVMExtractor(   64): Failed to open libwvm.so
E/WVMExtractor(   64): Failed to open libwvm.so
E/WVMExtractor(   64): Failed to open libwvm.so
E/WVMExtractor(   64): Failed to open libwvm.so
E/WVMExtractor(   64): Failed to open libwvm.so
I/InputDispatcher(  227): Window 'Window{b3ef9fc0 com.mogo.puzzle/com.waps.OffersWebView paused=false}' spent 2102.3ms processing the last input event: MotionEvent(action=0, deviceId=0, source=0x00001002)
I/InputDispatcher(  227): Window 'Window{b3ef9fc0 com.mogo.puzzle/com.waps.OffersWebView paused=false}' spent 2123.0ms processing the last input event: MotionEvent(action=2, deviceId=0, source=0x00001002)
I/InputDispatcher(  227): Window 'Window{b3ef9fc0 com.mogo.puzzle/com.waps.OffersWebView paused=false}' spent 2133.8ms processing the last input event: MotionEvent(action=2, deviceId=0, source=0x00001002)
I/InputDispatcher(  227): Window 'Window{b3ef9fc0 com.mogo.puzzle/com.waps.OffersWebView paused=false}' spent 2124.0ms processing the last input event: MotionEvent(action=2, deviceId=0, source=0x00001002)
I/InputDispatcher(  227): Window 'Window{b3ef9fc0 com.mogo.puzzle/com.waps.OffersWebView paused=false}' spent 2133.4ms processing the last input event: MotionEvent(action=1, deviceId=0, source=0x00001002)
E/WVMExtractor(   64): Failed to open libwvm.so
E/WVMExtractor(   64): Failed to open libwvm.so
E/WVMExtractor(   64): Failed to open libwvm.so
I/Choreographer(  944): Skipped 71 frames!  The application may be doing too much work on its main thread.
E/WVMExtractor(   64): Failed to open libwvm.so
E/WVMExtractor(   64): Failed to open libwvm.so
I/Choreographer(  944): Skipped 30 frames!  The application may be doing too much work on its main thread.
E/WVMExtractor(   64): Failed to open libwvm.so
E/WVMExtractor(   64): Failed to open libwvm.so
E/WVMExtractor(   64): Failed to open libwvm.so
E/WVMExtractor(   64): Failed to open libwvm.so
E/WVMExtractor(   64): Failed to open libwvm.so
E/WVMExtractor(   64): Failed to open libwvm.so
E/WVMExtractor(   64): Failed to open libwvm.so
E/WVMExtractor(   64): Failed to open libwvm.so
E/WVMExtractor(   64): Failed to open libwvm.so
I/Choreographer(  944): Skipped 83 frames!  The application may be doing too much work on its main thread.
I/Choreographer(  944): Skipped 109 frames!  The application may be doing too much work on its main thread.
W/InputMethodManagerService(  227): Window already focused, ignoring focus gain of: com.android.internal.view.IInputMethodClient$Stub$Proxy@b41121e8 attribute=null
E/WVMExtractor(   64): Failed to open libwvm.so
I/Choreographer(  944): Skipped 31 frames!  The application may be doing too much work on its main thread.
E/WVMExtractor(   64): Failed to open libwvm.so
E/WVMExtractor(   64): Failed to open libwvm.so
E/WVMExtractor(   64): Failed to open libwvm.so
E/WVMExtractor(   64): Failed to open libwvm.so
I/Choreographer(  944): Skipped 80 frames!  The application may be doing too much work on its main thread.
E/WVMExtractor(   64): Failed to open libwvm.so
E/WVMExtractor(   64): Failed to open libwvm.so
I/Choreographer(  944): Skipped 115 frames!  The application may be doing too much work on its main thread.
E/WVMExtractor(   64): Failed to open libwvm.so
D/InputEventConsistencyVerifier(  944): TrackballEvent: Trackball is down but pressure is not greater than 0.
D/InputEventConsistencyVerifier(  944):   in android.view.ViewRootImpl@b42be018
D/InputEventConsistencyVerifier(  944):   0: sent at 214974000000, MotionEvent { action=ACTION_DOWN, id[0]=0, x[0]=0.0, y[0]=0.0, toolType[0]=TOOL_TYPE_UNKNOWN, buttonState=0, metaState=0, flags=0x0, edgeFlags=0x0, pointerCount=1, historySize=0, eventTime=214974, downTime=214931, deviceId=0, source=0x10004 }
D/InputEventConsistencyVerifier(  944):   -- recent events --
D/InputEventConsistencyVerifier(  944):   1: sent at 215142000000, KeyEvent { action=ACTION_UP, keyCode=KEYCODE_DPAD_DOWN, scanCode=0, metaState=0, flags=0x400, repeatCount=0, eventTime=215142, downTime=215142, deviceId=-1, source=0x101 }
D/InputEventConsistencyVerifier(  944):   2: sent at 215142000000, KeyEvent { action=ACTION_DOWN, keyCode=KEYCODE_DPAD_DOWN, scanCode=0, metaState=0, flags=0x400, repeatCount=0, eventTime=215142, downTime=215142, deviceId=-1, source=0x101 }
D/InputEventConsistencyVerifier(  944):   3: sent at 215139000000, KeyEvent { action=ACTION_UP, keyCode=KEYCODE_DPAD_DOWN, scanCode=0, metaState=0, flags=0x400, repeatCount=0, eventTime=215139, downTime=215139, deviceId=-1, source=0x101 }
D/InputEventConsistencyVerifier(  944):   4: sent at 215139000000, KeyEvent { action=ACTION_DOWN, keyCode=KEYCODE_DPAD_DOWN, scanCode=0, metaState=0, flags=0x400, repeatCount=0, eventTime=215139, downTime=215139, deviceId=-1, source=0x101 }
D/InputEventConsistencyVerifier(  944):   5: sent at 214958000000, MotionEvent { action=ACTION_MOVE, id[0]=0, x[0]=-2.0, y[0]=2.0, toolType[0]=TOOL_TYPE_UNKNOWN, buttonState=0, metaState=0, flags=0x0, edgeFlags=0x0, pointerCount=1, historySize=19, eventTime=214958, downTime=-1, deviceId=0, source=0x10004 }
E/WVMExtractor(   64): Failed to open libwvm.so
I/Choreographer(  944): Skipped 203 frames!  The application may be doing too much work on its main thread.
W/InputMethodManagerService(  227): Window already focused, ignoring focus gain of: com.android.internal.view.IInputMethodClient$Stub$Proxy@b4121f28 attribute=null
E/WVMExtractor(   64): Failed to open libwvm.so
I/Choreographer(  944): Skipped 54 frames!  The application may be doing too much work on its main thread.
E/WVMExtractor(   64): Failed to open libwvm.so
I/ActivityManager(  227): START {act=android.intent.action.MAIN cat=[android.intent.category.LAUNCHER] flg=0x10200000 cmp=com.mogo.puzzle/.begin u=0} from pid 892
I/Choreographer(  944): Skipped 43 frames!  The application may be doing too much work on its main thread.
E/WVMExtractor(   64): Failed to open libwvm.so
E/WVMExtractor(   64): Failed to open libwvm.so
D/InputEventConsistencyVerifier(  944): TouchEvent: ACTION_DOWN but pointers are already down.  Probably missing ACTION_UP from previous gesture.
D/InputEventConsistencyVerifier(  944):   in com.android.internal.policy.impl.PhoneWindow$DecorView@b419e7e8
D/InputEventConsistencyVerifier(  944):   0: sent at 216769000000, MotionEvent { action=ACTION_DOWN, id[0]=0, x[0]=347.0, y[0]=-434.0, toolType[0]=TOOL_TYPE_UNKNOWN, buttonState=0, metaState=0, flags=0x0, edgeFlags=0x0, pointerCount=1, historySize=0, eventTime=216769, downTime=216769, deviceId=0, source=0x1002 }
D/InputEventConsistencyVerifier(  944):   -- recent events --
D/InputEventConsistencyVerifier(  944):   1: sent at 216717000000, (unhandled) KeyEvent { action=ACTION_UP, keyCode=KEYCODE_DPAD_CENTER, scanCode=0, metaState=0, flags=0x8, repeatCount=0, eventTime=216717, downTime=216717, deviceId=-1, source=0x101 }
D/InputEventConsistencyVerifier(  944):   2: sent at 216530000000, (unhandled) KeyEvent { action=ACTION_DOWN, keyCode=KEYCODE_DPAD_CENTER, scanCode=0, metaState=0, flags=0x8, repeatCount=0, eventTime=216530, downTime=216530, deviceId=-1, source=0x101 }
D/InputEventConsistencyVerifier(  944):   3: sent at 216506000000, (unhandled) MotionEvent { action=ACTION_MOVE, id[0]=0, x[0]=1.0, y[0]=1.0, toolType[0]=TOOL_TYPE_UNKNOWN, buttonState=0, metaState=0, flags=0x0, edgeFlags=0x0, pointerCount=1, historySize=9, eventTime=216506, downTime=-1, deviceId=0, source=0x10004 }
D/InputEventConsistencyVerifier(  944):   4: sent at 216237000000, (unhandled) KeyEvent { action=ACTION_UP, keyCode=KEYCODE_DPAD_UP, scanCode=0, metaState=0, flags=0x8, repeatCount=0, eventTime=216237, downTime=216237, deviceId=-1, source=0x101 }
D/InputEventConsistencyVerifier(  944):   5: sent at 216230000000, (unhandled) KeyEvent { action=ACTION_DOWN, keyCode=KEYCODE_DPAD_UP, scanCode=0, metaState=0, flags=0x8, repeatCount=0, eventTime=216230, downTime=216230, deviceId=-1, source=0x101 }
E/WVMExtractor(   64): Failed to open libwvm.so
I/Choreographer(  944): Skipped 66 frames!  The application may be doing too much work on its main thread.
W/InputMethodManagerService(  227): Window already focused, ignoring focus gain of: com.android.internal.view.IInputMethodClient$Stub$Proxy@b41291d0 attribute=null
I/Choreographer(  944): Skipped 35 frames!  The application may be doing too much work on its main thread.
E/WVMExtractor(   64): Failed to open libwvm.so
D/InputEventConsistencyVerifier(  944): KeyEvent: ACTION_DOWN but key is already down and this event is not a key repeat.
D/InputEventConsistencyVerifier(  944):   in android.webkit.WebView@b4193218
D/InputEventConsistencyVerifier(  944):   0: sent at 216424000000, KeyEvent { action=ACTION_DOWN, keyCode=KEYCODE_DPAD_UP, scanCode=0, metaState=0, flags=0x400, repeatCount=0, eventTime=216424, downTime=216424, deviceId=-1, source=0x101 }
D/InputEventConsistencyVerifier(  944):   -- recent events --
D/InputEventConsistencyVerifier(  944):   1: sent at 216422000000, KeyEvent { action=ACTION_DOWN, keyCode=KEYCODE_DPAD_UP, scanCode=0, metaState=0, flags=0x400, repeatCount=0, eventTime=216422, downTime=216422, deviceId=-1, source=0x101 }
D/InputEventConsistencyVerifier(  944):   2: sent at 216227000000, (unhandled) MotionEvent { action=ACTION_MOVE, id[0]=0, x[0]=1.0, y[0]=-4.0, toolType[0]=TOOL_TYPE_UNKNOWN, buttonState=0, metaState=0, flags=0x0, edgeFlags=0x0, pointerCount=1, historySize=9, eventTime=216227, downTime=-1, deviceId=0, source=0x10004 }
D/InputEventConsistencyVerifier(  944):   3: sent at 216062000000, (unhandled) KeyEvent { action=ACTION_UP, keyCode=KEYCODE_MENU, scanCode=0, metaState=0, flags=0x8, repeatCount=0, eventTime=216062, downTime=216062, deviceId=-1, source=0x101 }
D/InputEventConsistencyVerifier(  944):   4: sent at 215849000000, (unhandled) KeyEvent { action=ACTION_DOWN, keyCode=KEYCODE_MENU, scanCode=0, metaState=0, flags=0x8, repeatCount=0, eventTime=215849, downTime=215849, deviceId=-1, source=0x101 }
D/InputEventConsistencyVerifier(  944):   5: sent at 215532000000, KeyEvent { action=ACTION_UP, keyCode=KEYCODE_DPAD_DOWN, scanCode=0, metaState=0, flags=0x8, repeatCount=0, eventTime=215532, downTime=215532, deviceId=-1, source=0x101 }
I/Choreographer(  944): Skipped 52 frames!  The application may be doing too much work on its main thread.
I/Choreographer(  944): Skipped 45 frames!  The application may be doing too much work on its main thread.
D/InputEventConsistencyVerifier(  422): TouchEvent: ACTION_DOWN but pointers are already down.  Probably missing ACTION_UP from previous gesture.
D/InputEventConsistencyVerifier(  422):   in android.view.ScaleGestureDetector@b3efb9d8
D/InputEventConsistencyVerifier(  422):   0: sent at 220097000000, MotionEvent { action=ACTION_DOWN, id[0]=0, x[0]=274.0, y[0]=2.0, toolType[0]=TOOL_TYPE_UNKNOWN, buttonState=0, metaState=0, flags=0x0, edgeFlags=0x0, pointerCount=1, historySize=0, eventTime=220097, downTime=220097, deviceId=0, source=0x1002 }
D/InputEventConsistencyVerifier(  422):   -- recent events --
D/InputEventConsistencyVerifier(  422):   1: sent at 199155000000, MotionEvent { action=ACTION_DOWN, id[0]=0, x[0]=389.0, y[0]=212.0, toolType[0]=TOOL_TYPE_UNKNOWN, buttonState=0, metaState=0, flags=0x80000000, edgeFlags=0x0, pointerCount=1, historySize=0, eventTime=199155, downTime=199155, deviceId=0, source=0x1002 }
D/InputEventConsistencyVerifier(  422):   2: sent at 198735000000, MotionEvent { action=ACTION_DOWN, id[0]=0, x[0]=442.0, y[0]=618.0, toolType[0]=TOOL_TYPE_UNKNOWN, buttonState=0, metaState=0, flags=0x80000000, edgeFlags=0x0, pointerCount=1, historySize=0, eventTime=198735, downTime=198734, deviceId=0, source=0x1002 }
D/InputEventConsistencyVerifier(  422):   3: sent at 198617000000, MotionEvent { action=ACTION_DOWN, id[0]=0, x[0]=402.0, y[0]=181.0, toolType[0]=TOOL_TYPE_UNKNOWN, buttonState=0, metaState=0, flags=0x0, edgeFlags=0x0, pointerCount=1, historySize=0, eventTime=198617, downTime=198616, deviceId=0, source=0x1002 }
D/InputEventConsistencyVerifier(  422):   4: sent at 198321000000, MotionEvent { action=ACTION_UP, id[0]=0, x[0]=436.0, y[0]=19.0, toolType[0]=TOOL_TYPE_UNKNOWN, buttonState=0, metaState=0, flags=0x0, edgeFlags=0x0, pointerCount=1, historySize=0, eventTime=198321, downTime=198311, deviceId=0, source=0x1002 }
D/InputEventConsistencyVerifier(  422):   5: sent at 198311000000, MotionEvent { action=ACTION_DOWN, id[0]=0, x[0]=437.0, y[0]=19.0, toolType[0]=TOOL_TYPE_UNKNOWN, buttonState=0, metaState=0, flags=0x80000000, edgeFlags=0x0, pointerCount=1, historySize=0, eventTime=198311, downTime=198311, deviceId=0, source=0x1002 }
I/Choreographer(  944): Skipped 35 frames!  The application may be doing too much work on its main thread.
W/dalvikvm(  422): DroidBox: { "FdAccess": { "path": "2f70726f632f6d656d696e666f", "id": "908809389" } }
W/DroidBox(  422): DroidBox: { "FileRW": { "operation": "read", "data": "4d656d546f74616c3a202020202020202020373438393634206b420a4d656d467265653a20202020202020202020343239353336206b420a427566666572733a20202020202020202020202035373030206b420a4361636865643a202020202020202020", "id": "908809389" } }
I/Choreographer(  422): Skipped 67 frames!  The application may be doing too much work on its main thread.
D/InputEventConsistencyVerifier(  422): TouchEvent: ACTION_DOWN but pointers are already down.  Probably missing ACTION_UP from previous gesture.
D/InputEventConsistencyVerifier(  422):   in android.view.ScaleGestureDetector@b3efb9d8
