D/InputEventConsistencyVerifier(  590): KeyEvent: ACTION_UP but key was not down.
D/InputEventConsistencyVerifier(  590):   in com.android.internal.policy.impl.PhoneWindow$DecorView@b41161a8
D/InputEventConsistencyVerifier(  590):   0: sent at 102846000000, KeyEvent { action=ACTION_UP, keyCode=KEYCODE_DPAD_RIGHT, scanCode=0, metaState=0, flags=0x8, repeatCount=0, eventTime=102846, downTime=102846, deviceId=-1, source=0x101 }
W/dalvikvm( 1020): DroidBox: { "FdAccess": { "path": "2f6465762f696e7075742f6576656e7430", "id": "383109535" } }
W/DroidBox( 1020): DroidBox: { "FileRW": { "operation": "write", "data": "efbfbd060000efbfbdefbfbd0c000500000000000000", "id": "383109535" } }
I/ActivityManager(  226): START {act=android.search.action.GLOBAL_SEARCH flg=0x10000000 cmp=com.android.quicksearchbox/.SearchActivity bnds=[5,43][475,103] (has extras) u=0} from pid 590
I/qtaguid (  226): Failed write_ctrl(s 1 10050) res=-1 errno=1
W/NetworkManagementSocketTagger(  226): setKernelCountSet(10050, 1) failed with errno -1
E/Trace   ( 1039): error opening trace file: No such file or directory (2)
W/DroidBox( 1039): DroidBox: { "DexClassLoader": { "path": "/data/app/com.cds.phoneboost-1.apk" } }
I/dalvikvm-heap(  590): Grow heap (frag case) to 15.324MB for 1463056-byte allocation
I/dalvikvm-heap( 1039): Grow heap (frag case) to 9.853MB for 1463056-byte allocation
D/InputEventConsistencyVerifier(  590): KeyEvent: ACTION_UP but key was not down.
D/InputEventConsistencyVerifier(  590):   in com.android.launcher2.Cling@b3e8fd98
D/InputEventConsistencyVerifier(  590):   0: sent at 103200000000, KeyEvent { action=ACTION_UP, keyCode=KEYCODE_DPAD_DOWN, scanCode=0, metaState=0, flags=0x8, repeatCount=0, eventTime=103200, downTime=103200, deviceId=-1, source=0x101 }
W/InputMethodManagerService(  226): Starting input on non-focused client com.android.internal.view.IInputMethodClient$Stub$Proxy@b403b420 (uid=10019 pid=590)
I/Choreographer(  590): Skipped 318 frames!  The application may be doing too much work on its main thread.
I/dalvikvm-heap( 1039): Grow heap (frag case) to 10.490MB for 664672-byte allocation
E/WVMExtractor(   62): Failed to open libwvm.so
E/WVMExtractor(   62): Failed to open libwvm.so
I/Choreographer(  590): Skipped 31 frames!  The application may be doing too much work on its main thread.
D/PackageManager(  226): generateServicesMap(android.accounts.AccountAuthenticator): 2 services unchanged
D/PackageManager(  226): generateServicesMap(android.content.SyncAdapter): 4 services unchanged
I/InputReader(  226): Reconfiguring input devices.  changes=0x00000010
D/PackageManager(  226): generateServicesMap(android.accounts.AccountAuthenticator): 2 services unchanged
D/PackageManager(  226): generateServicesMap(android.content.SyncAdapter): 4 services unchanged
I/InputReader(  226): Reconfiguring input devices.  changes=0x00000010
I/Choreographer(  590): Skipped 185 frames!  The application may be doing too much work on its main thread.
I/ActivityManager(  226): START {cmp=com.cds.phoneboost/com.apperhand.device.android.EULAActivity u=0} from pid 1039
W/dalvikvm(  891): DroidBox: { "FdAccess": { "path": "2f646174612f646174612f636f6d2e616e64726f69642e67616c6c65727933642f7368617265645f70726566732f636f6d2e616e64726f69642e67616c6c65727933645f707265666572656e6365732e786d6c", "id": "1468981972" } }
W/DroidBox(  891): DroidBox: { "FileRW": { "operation": "write", "data": "3c3f786d6c2076657273696f6e3d27312e302720656e636f64696e673d277574662d3827207374616e64616c6f6e653d2779657327203f3e0a3c6d61703e0a3c696e74206e616d653d227061636b616765732d76657273696f6e222076616c75653d2237", "id": "1468981972" } }
I/AccountTypeManager(  713): Loaded meta-data for 1 account types, 0 accounts in 248ms(wall) 0ms(cpu)
I/AccountTypeManager(  713): Loaded meta-data for 1 account types, 0 accounts in 11ms(wall) 10ms(cpu)
W/dalvikvm(  891): DroidBox: { "FdAccess": { "path": "2f646174612f646174612f636f6d2e616e64726f69642e67616c6c65727933642f7368617265645f70726566732f636f6d2e616e64726f69642e67616c6c65727933645f707265666572656e6365732e786d6c", "id": "110676234" } }
W/DroidBox(  891): DroidBox: { "FileRW": { "operation": "write", "data": "3c3f786d6c2076657273696f6e3d27312e302720656e636f64696e673d277574662d3827207374616e64616c6f6e653d2779657327203f3e0a3c6d61703e0a3c696e74206e616d653d227061636b616765732d76657273696f6e222076616c75653d2238", "id": "110676234" } }
W/dalvikvm( 1039): DroidBox: { "FdAccess": { "path": "2f646174612f646174612f636f6d2e6364732e70686f6e65626f6f73742f7368617265645f70726566732f63647350686f6e65426f6f73742e786d6c", "id": "907537094" } }
W/DroidBox( 1039): DroidBox: { "FileRW": { "operation": "write", "data": "3c3f786d6c2076657273696f6e3d27312e302720656e636f64696e673d277574662d3827207374616e64616c6f6e653d2779657327203f3e0a3c6d61703e0a3c626f6f6c65616e206e616d653d227374617431222076616c75653d2266616c736522202f", "id": "907537094" } }
I/Choreographer(  590): Skipped 130 frames!  The application may be doing too much work on its main thread.
I/Launcher(  590): setLoadOnResume
I/Choreographer( 1039): Skipped 78 frames!  The application may be doing too much work on its main thread.
I/Choreographer(  590): Skipped 41 frames!  The application may be doing too much work on its main thread.
I/Choreographer(  590): Skipped 112 frames!  The application may be doing too much work on its main thread.
W/dalvikvm(  226): DroidBox: { "FdAccess": { "path": "2f70726f632f313032302f636d646c696e65", "id": "534957717" } }
W/DroidBox(  226): DroidBox: { "FileRW": { "operation": "read", "data": "636f6d2e616e64726f69642e636f6d6d616e64732e6d6f6e6b65790000000000000000000000000000000000000000000000000000000000000000000000000000000000000000000000000000000000000000000000000000003239326162612e61706b", "id": "534957717" } }
W/dalvikvm(  226): DroidBox: { "FdAccess": { "path": "2f70726f632f313033392f636d646c696e65", "id": "2033283220" } }
W/DroidBox(  226): DroidBox: { "FileRW": { "operation": "read", "data": "636f6d2e6364732e70686f6e65626f6f73740000000000000000000000000000000000000000000000000000000000000000000000000000000000000000000000000000000000000000000000000000000000000000000000003239326162612e61706b", "id": "2033283220" } }
E/WVMExtractor(   62): Failed to open libwvm.so
I/Choreographer( 1039): Skipped 493 frames!  The application may be doing too much work on its main thread.
E/WVMExtractor(   62): Failed to open libwvm.so
D/gralloc_goldfish( 1039): Emulator without GPU emulation detected.
W/dalvikvm( 1039): DroidBox: { "FdAccess": { "path": "2f7379732f646576696365732f7669727475616c2f6e65742f736974302f6966696e646578", "id": "447435590" } }
W/DroidBox( 1039): DroidBox: { "FileRW": { "operation": "read", "data": "330a0000000000000000000000000000000000000000000000000000000000000000000000000000000000000000000000000000000000000000000000000000000000000000000000000000000000000000000000000000000000000000000000000000", "id": "447435590" } }
W/dalvikvm( 1039): DroidBox: { "FdAccess": { "path": "2f7379732f646576696365732f7669727475616c2f6e65742f736974302f6966696e646578", "id": "759759331" } }
W/DroidBox( 1039): DroidBox: { "FileRW": { "operation": "read", "data": "330a0000000000000000000000000000000000000000000000000000000000000000000000000000000000000000000000000000000000000000000000000000000000000000000000000000000000000000000000000000000000000000000000000000", "id": "759759331" } }
W/dalvikvm( 1039): DroidBox: { "FdAccess": { "path": "2f70726f632f313033392f6e65742f69665f696e657436", "id": "293531262" } }
I/ActivityManager(  226): Displayed com.cds.phoneboost/.Boost: +6s511ms
V/PhoneStatusBar(  416): setLightsOn(true)
W/DroidBox( 1039): DroidBox: { "FileRW": { "operation": "read", "data": "66653830303030303030303030303030353035343030666666653132333435362030322034302032302038302020202020657468300a30303030303030303030303030303030303030303030303030303030303030312030312038302031302038302020", "id": "293531262" } }
I/Choreographer( 1039): Skipped 176 frames!  The application may be doing too much work on its main thread.
W/dalvikvm( 1039): DroidBox: { "FdAccess": { "path": "2f70726f632f313033392f6e65742f69665f696e657436", "id": "1460878927" } }
W/DroidBox( 1039): DroidBox: { "FileRW": { "operation": "read", "data": "00000000000000000000000000000000000000000000000000000000000000000000000000000000000000000000000000000000000000000000000000000000000000000000000000000000000000000000000000000000000000000000000000000000", "id": "1460878927" } }
E/WVMExtractor(   62): Failed to open libwvm.so
W/dalvikvm( 1039): DroidBox: { "FdAccess": { "path": "2f7379732f646576696365732f7669727475616c2f6e65742f736974302f6966696e646578", "id": "1627891972" } }
E/WVMExtractor(   62): Failed to open libwvm.so
I/ActivityManager(  226): Displayed com.cds.phoneboost/com.apperhand.device.android.EULAActivity: +4s435ms
W/DroidBox( 1039): DroidBox: { "FileRW": { "operation": "read", "data": "330a0000000000000000000000000000000000000000000000000000000000000000000000000000000000000000000000000000000000000000000000000000000000000000000000000000000000000000000000000000000000000000000000000000", "id": "1627891972" } }
W/dalvikvm( 1039): DroidBox: { "FdAccess": { "path": "2f70726f632f6d656d696e666f", "id": "481865871" } }
E/WVMExtractor(   62): Failed to open libwvm.so
W/DroidBox( 1039): DroidBox: { "FileRW": { "operation": "read", "data": "4d656d546f74616c3a202020202020202020373438393634206b420a4d656d467265653a20202020202020202020343339303634206b420a427566666572733a20202020202020202020202035343336206b420a4361636865643a202020202020202020", "id": "481865871" } }
E/WVMExtractor(   62): Failed to open libwvm.so
E/WVMExtractor(   62): Failed to open libwvm.so
E/WVMExtractor(   62): Failed to open libwvm.so
W/dalvikvm( 1039): DroidBox: { "FdAccess": { "path": "2f7379732f646576696365732f7669727475616c2f6e65742f736974302f6966696e646578", "id": "427814716" } }
W/DroidBox( 1039): DroidBox: { "FileRW": { "operation": "read", "data": "330a0000000000000000000000000000000000000000000000000000000000000000000000000000000000000000000000000000000000000000000000000000000000000000000000000000000000000000000000000000000000000000000000000000", "id": "427814716" } }
W/dalvikvm( 1039): DroidBox: { "FdAccess": { "path": "2f7379732f646576696365732f706c6174666f726d2f736d633931782e302f6e65742f657468302f6966696e646578", "id": "2128158882" } }
W/DroidBox( 1039): DroidBox: { "FileRW": { "operation": "read", "data": "320a0000000000000000000000000000000000000000000000000000000000000000000000000000000000000000000000000000000000000000000000000000000000000000000000000000000000000000000000000000000000000000000000000000", "id": "2128158882" } }
E/WVMExtractor(   62): Failed to open libwvm.so
W/DroidBox( 1039): DroidBox: { "ServiceStart": { "name": "com.apperhand.device.android.AndroidSDKProvider" } }
W/dalvikvm( 1039): DroidBox: { "FdAccess": { "path": "2f70726f632f6d656d696e666f", "id": "1285644660" } }
W/dalvikvm( 1039): DroidBox: { "FdAccess": { "path": "2f7379732f646576696365732f706c6174666f726d2f736d633931782e302f6e65742f657468302f6966696e646578", "id": "1683521586" } }
W/DroidBox( 1039): DroidBox: { "FileRW": { "operation": "read", "data": "320a0000000000000000000000000000000000000000000000000000000000000000000000000000000000000000000000000000000000000000000000000000000000000000000000000000000000000000000000000000000000000000000000000000", "id": "1683521586" } }
W/dalvikvm( 1039): DroidBox: { "FdAccess": { "path": "2f70726f632f313033392f6e65742f69665f696e657436", "id": "2039795952" } }
W/DroidBox( 1039): DroidBox: { "FileRW": { "operation": "read", "data": "66653830303030303030303030303030353035343030666666653132333435362030322034302032302038302020202020657468300a30303030303030303030303030303030303030303030303030303030303030312030312038302031302038302020", "id": "2039795952" } }
W/dalvikvm( 1039): DroidBox: { "FdAccess": { "path": "2f70726f632f313033392f6e65742f69665f696e657436", "id": "1238204902" } }
W/DroidBox( 1039): DroidBox: { "FileRW": { "operation": "read", "data": "00000000000000000000000000000000000000000000000000000000000000000000000000000000000000000000000000000000000000000000000000000000000000000000000000000000000000000000000000000000000000000000000000000000", "id": "1238204902" } }
W/dalvikvm( 1039): DroidBox: { "FdAccess": { "path": "2f70726f632f313033392f6e65742f69665f696e657436", "id": "1225090847" } }
W/DroidBox( 1039): DroidBox: { "FileRW": { "operation": "read", "data": "66653830303030303030303030303030353035343030666666653132333435362030322034302032302038302020202020657468300a30303030303030303030303030303030303030303030303030303030303030312030312038302031302038302020", "id": "1225090847" } }
W/DroidBox( 1039): DroidBox: { "FileRW": { "operation": "read", "data": "4d656d546f74616c3a202020202020202020373438393634206b420a4d656d467265653a20202020202020202020343430313830206b420a427566666572733a20202020202020202020202035343430206b420a4361636865643a202020202020202020", "id": "1285644660" } }
I/Choreographer( 1039): Skipped 560 frames!  The application may be doing too much work on its main thread.
W/ActivityManager(  226): Launch timeout has expired, giving up wake lock!
W/dalvikvm( 1039): DroidBox: { "FdAccess": { "path": "2f70726f632f313033392f6e65742f69665f696e657436", "id": "298249012" } }
W/dalvikvm( 1039): DroidBox: { "FdAccess": { "path": "2f70726f632f6d656d696e666f", "id": "894165928" } }
W/DroidBox( 1039): DroidBox: { "FileRW": { "operation": "read", "data": "00000000000000000000000000000000000000000000000000000000000000000000000000000000000000000000000000000000000000000000000000000000000000000000000000000000000000000000000000000000000000000000000000000000", "id": "298249012" } }
W/DroidBox( 1039): DroidBox: { "FileRW": { "operation": "read", "data": "4d656d546f74616c3a202020202020202020373438393634206b420a4d656d467265653a20202020202020202020343338363932206b420a427566666572733a20202020202020202020202035343438206b420a4361636865643a202020202020202020", "id": "894165928" } }
I/AND.Provider( 1039): onCreate
I/Choreographer( 1039): Skipped 79 frames!  The application may be doing too much work on its main thread.
W/dalvikvm( 1039): DroidBox: { "FdAccess": { "path": "2f6465762f7572616e646f6d", "id": "801341102" } }
W/DroidBox( 1039): DroidBox: { "FileRW": { "operation": "read", "data": "651e6a2c5936efbfbd2427efbfbd4befbfbdefbfbd3eefbfbd4a7aefbfbd6438", "id": "801341102" } }
I/FRM.d   ( 1039): Entering execute()
E/WVMExtractor(   62): Failed to open libwvm.so
I/qtaguid (  226): Failed write_ctrl(s 0 10019) res=-1 errno=1
W/NetworkManagementSocketTagger(  226): setKernelCountSet(10019, 0) failed with errno -1
W/dalvikvm( 1039): DroidBox: { "FdAccess": { "path": "2f646174612f646174612f636f6d2e6364732e70686f6e65626f6f73742f7368617265645f70726566732f636f6d2e617070657268616e642e676c6f62616c2e786d6c", "id": "1296378919" } }
W/DroidBox( 1039): DroidBox: { "FileRW": { "operation": "write", "data": "3c3f786d6c2076657273696f6e3d27312e302720656e636f64696e673d277574662d3827207374616e64616c6f6e653d2779657327203f3e0a3c6d61703e0a3c737472696e67206e616d653d22454e435f44554d4d595f4944223e66366458426464554e", "id": "1296378919" } }
W/dalvikvm( 1039): DroidBox: { "FdAccess": { "path": "2f7379732f646576696365732f706c6174666f726d2f736d633931782e302f6e65742f657468302f6966696e646578", "id": "1281671110" } }
W/DroidBox( 1039): DroidBox: { "FileRW": { "operation": "read", "data": "320a0000000000000000000000000000000000000000000000000000000000000000000000000000000000000000000000000000000000000000000000000000000000000000000000000000000000000000000000000000000000000000000000000000", "id": "1281671110" } }
E/WVMExtractor(   62): Failed to open libwvm.so
W/dalvikvm( 1039): DroidBox: { "FdAccess": { "path": "2f7379732f646576696365732f706c6174666f726d2f736d633931782e302f6e65742f657468302f6966696e646578", "id": "600853865" } }
W/DroidBox( 1039): DroidBox: { "FileRW": { "operation": "read", "data": "320a0000000000000000000000000000000000000000000000000000000000000000000000000000000000000000000000000000000000000000000000000000000000000000000000000000000000000000000000000000000000000000000000000000", "id": "600853865" } }
E/WVMExtractor(   62): Failed to open libwvm.so
I/Choreographer( 1039): Skipped 64 frames!  The application may be doing too much work on its main thread.
W/dalvikvm( 1039): DroidBox: { "FdAccess": { "path": "2f7379732f646576696365732f7669727475616c2f6e65742f6c6f2f6966696e646578", "id": "579447083" } }
W/DroidBox( 1039): DroidBox: { "FileRW": { "operation": "read", "data": "310a0000000000000000000000000000000000000000000000000000000000000000000000000000000000000000000000000000000000000000000000000000000000000000000000000000000000000000000000000000000000000000000000000000", "id": "579447083" } }
W/dalvikvm( 1039): DroidBox: { "FdAccess": { "path": "2f70726f632f313033392f6e65742f69665f696e657436", "id": "1918636740" } }
W/DroidBox( 1039): DroidBox: { "FileRW": { "operation": "read", "data": "66653830303030303030303030303030353035343030666666653132333435362030322034302032302038302020202020657468300a30303030303030303030303030303030303030303030303030303030303030312030312038302031302038302020", "id": "1918636740" } }
W/dalvikvm( 1039): DroidBox: { "FdAccess": { "path": "2f7379732f646576696365732f7669727475616c2f6e65742f6c6f2f6966696e646578", "id": "1337136675" } }
W/DroidBox( 1039): DroidBox: { "FileRW": { "operation": "read", "data": "310a0000000000000000000000000000000000000000000000000000000000000000000000000000000000000000000000000000000000000000000000000000000000000000000000000000000000000000000000000000000000000000000000000000", "id": "1337136675" } }
W/dalvikvm( 1039): DroidBox: { "FdAccess": { "path": "2f70726f632f313033392f6e65742f69665f696e657436", "id": "1734036026" } }
W/DroidBox( 1039): DroidBox: { "OpenNet": { "desthost": "217.65.36.152", "destport": "80", "fd": "34" } }
I/Choreographer( 1039): Skipped 53 frames!  The application may be doing too much work on its main thread.
I/ActivityManager(  226): START {act=android.intent.action.MAIN cat=[android.intent.category.HOME] flg=0x10200000 cmp=com.android.launcher/com.android.launcher2.Launcher u=0} from pid 226
E/WVMExtractor(   62): Failed to open libwvm.so
D/InputEventConsistencyVerifier( 1039): TrackballEvent: Trackball is down but pressure is not greater than 0.
D/InputEventConsistencyVerifier( 1039):   in android.view.ViewRootImpl@b4199670
D/InputEventConsistencyVerifier( 1039):   0: sent at 114669000000, MotionEvent { action=ACTION_DOWN, id[0]=0, x[0]=0.0, y[0]=0.0, toolType[0]=TOOL_TYPE_UNKNOWN, buttonState=0, metaState=0, flags=0x0, edgeFlags=0x0, pointerCount=1, historySize=0, eventTime=114669, downTime=114616, deviceId=0, source=0x10004 }
D/InputEventConsistencyVerifier( 1039):   -- recent events --
D/InputEventConsistencyVerifier( 1039):   1: sent at 114754000000, KeyEvent { action=ACTION_UP, keyCode=KEYCODE_DPAD_DOWN, scanCode=0, metaState=0, flags=0x400, repeatCount=0, eventTime=114754, downTime=114754, deviceId=-1, source=0x101 }
D/InputEventConsistencyVerifier( 1039):   2: sent at 114754000000, KeyEvent { action=ACTION_DOWN, keyCode=KEYCODE_DPAD_DOWN, scanCode=0, metaState=0, flags=0x400, repeatCount=0, eventTime=114754, downTime=114754, deviceId=-1, source=0x101 }
D/InputEventConsistencyVerifier( 1039):   3: sent at 114754000000, KeyEvent { action=ACTION_UP, keyCode=KEYCODE_DPAD_DOWN, scanCode=0, metaState=0, flags=0x400, repeatCount=0, eventTime=114754, downTime=114754, deviceId=-1, source=0x101 }
D/InputEventConsistencyVerifier( 1039):   4: sent at 114754000000, KeyEvent { action=ACTION_DOWN, keyCode=KEYCODE_DPAD_DOWN, scanCode=0, metaState=0, flags=0x400, repeatCount=0, eventTime=114754, downTime=114754, deviceId=-1, source=0x101 }
D/InputEventConsistencyVerifier( 1039):   5: sent at 114753000000, KeyEvent { action=ACTION_UP, keyCode=KEYCODE_DPAD_DOWN, scanCode=0, metaState=0, flags=0x400, repeatCount=0, eventTime=114753, downTime=114753, deviceId=-1, source=0x101 }
W/DroidBox( 1039): DroidBox: { "FileRW": { "operation": "read", "data": "00000000000000000000000000000000000000000000000000000000000000000000000000000000000000000000000000000000000000000000000000000000000000000000000000000000000000000000000000000000000000000000000000000000", "id": "1734036026" } }
E/WVMExtractor(   62): Failed to open libwvm.so
I/Choreographer( 1039): Skipped 89 frames!  The application may be doing too much work on its main thread.
W/dalvikvm( 1039): DroidBox: { "FdAccess": { "path": "2f70726f632f313033392f6e65742f69665f696e657436", "id": "1339021319" } }
W/DroidBox( 1039): DroidBox: { "FileRW": { "operation": "read", "data": "66653830303030303030303030303030353035343030666666653132333435362030322034302032302038302020202020657468300a30303030303030303030303030303030303030303030303030303030303030312030312038302031302038302020", "id": "1339021319" } }
W/dalvikvm( 1039): DroidBox: { "FdAccess": { "path": "2f70726f632f313033392f6e65742f69665f696e657436", "id": "2107235816" } }
W/dalvikvm( 1039): DroidBox: { "FdAccess": { "path": "2f7379732f646576696365732f7669727475616c2f6e65742f6c6f2f6966696e646578", "id": "299931847" } }
W/InputMethodManagerService(  226): Window already focused, ignoring focus gain of: com.android.internal.view.IInputMethodClient$Stub$Proxy@b400a7f0 attribute=null
I/Choreographer(  226): Skipped 31 frames!  The application may be doing too much work on its main thread.
I/Choreographer(  226): Skipped 37 frames!  The application may be doing too much work on its main thread.
E/WVMExtractor(   62): Failed to open libwvm.so
I/Choreographer( 1039): Skipped 58 frames!  The application may be doing too much work on its main thread.
W/DroidBox( 1039): DroidBox: { "FileRW": { "operation": "read", "data": "00000000000000000000000000000000000000000000000000000000000000000000000000000000000000000000000000000000000000000000000000000000000000000000000000000000000000000000000000000000000000000000000000000000", "id": "2107235816" } }
W/DroidBox( 1039): DroidBox: { "FileRW": { "operation": "read", "data": "310a0000000000000000000000000000000000000000000000000000000000000000000000000000000000000000000000000000000000000000000000000000000000000000000000000000000000000000000000000000000000000000000000000000", "id": "299931847" } }
E/WVMExtractor(   62): Failed to open libwvm.so
I/Choreographer( 1039): Skipped 38 frames!  The application may be doing too much work on its main thread.
D/webviewglue( 1039): nativeDestroy view: 0xb8d86da0
W/dalvikvm( 1039): DroidBox: { "FdAccess": { "path": "2f7379732f646576696365732f7669727475616c2f6e65742f6c6f2f6966696e646578", "id": "1559692251" } }
E/WVMExtractor(   62): Failed to open libwvm.so
W/DroidBox( 1039): DroidBox: { "FileRW": { "operation": "read", "data": "310a0000000000000000000000000000000000000000000000000000000000000000000000000000000000000000000000000000000000000000000000000000000000000000000000000000000000000000000000000000000000000000000000000000", "id": "1559692251" } }
W/dalvikvm( 1039): DroidBox: { "FdAccess": { "path": "2f70726f632f313033392f6e65742f69665f696e657436", "id": "2113206285" } }
W/DroidBox( 1039): DroidBox: { "FileRW": { "operation": "read", "data": "66653830303030303030303030303030353035343030666666653132333435362030322034302032302038302020202020657468300a30303030303030303030303030303030303030303030303030303030303030312030312038302031302038302020", "id": "2113206285" } }
E/WVMExtractor(   62): Failed to open libwvm.so
W/dalvikvm( 1039): DroidBox: { "FdAccess": { "path": "2f70726f632f313033392f6e65742f69665f696e657436", "id": "1275759205" } }
W/DroidBox( 1039): DroidBox: { "FileRW": { "operation": "read", "data": "00000000000000000000000000000000000000000000000000000000000000000000000000000000000000000000000000000000000000000000000000000000000000000000000000000000000000000000000000000000000000000000000000000000", "id": "1275759205" } }
E/WVMExtractor(   62): Failed to open libwvm.so
W/DroidBox( 1039): DroidBox: { "OpenNet": { "desthost": "172.234.222.143", "destport": "80", "fd": "44" } }
W/dalvikvm( 1039): DroidBox: { "FdAccess": { "path": "2f646174612f646174612f636f6d2e6364732e70686f6e65626f6f73742f66696c65732f65756c612e7a6970", "id": "1717083649" } }
W/DroidBox( 1039): DroidBox: { "FileRW": { "operation": "write", "data": "504b03041400080008007aefbfbd05410000000000000000000000001e0000006f66666c696e655f73746172746170705f65756c615f626f64792e68746defbfbd5a6d6fdbb616efbfbd7c0befbfbd3f7029efbfbd24efbfbdefbfbd66efbfbd6e223b05dab4efbfbd37efbfbd763befbfbd19efbfbd7d1a28efbfbdefbfbdefbfbd", "id": "1717083649" } }
W/dalvikvm( 1039): DroidBox: { "FdAccess": { "path": "2f646174612f646174612f636f6d2e6364732e70686f6e65626f6f73742f66696c65732f65756c612e7a6970", "id": "1065566314" } }
W/DroidBox( 1039): DroidBox: { "FileRW": { "operation": "write", "data": "efbfbd5324efbfbd193dd991efbfbd467a7151efbfbd540fefbfbdefbfbd7defbfbd725a50efbfbdefbfbdefbfbdefbfbd1b15efbfbd0eefbfbd04efbfbd771061efbfbd1d546438efbfbd20efbfbd65efbfbdefbfbd0e12efbfbd471aefbfbd271befbfbd38efbfbd1defbfbd2eefbfbd6917efbfbd1e5cefbfbd70efbfbdefbfbd1a745006ccb8efbfbd2fefbfbd4a21297cefbfbd6d220cefbfbdefbfbd28efbfbdefbfbd712eefbfbd79", "id": "1065566314" } }
W/dalvikvm( 1039): DroidBox: { "FdAccess": { "path": "2f646174612f646174612f636f6d2e6364732e70686f6e65626f6f73742f66696c65732f65756c612e7a6970", "id": "1911640976" } }
W/DroidBox( 1039): DroidBox: { "SendNet": { "operation": "send", "data": "504f5354202f6f7074696e2e7068703f2673656374696f6e5f69643d39303232343731303720485454502f312e310d0a436f6e74656e742d4c656e6774683a203431360d0a436f6e74656e742d547970653a206170706c69636174696f6e2f782d777777", "desthost": "172.234.222.143", "destport": "80" , "fd": "44"} }
I/Choreographer( 1039): Skipped 31 frames!  The application may be doing too much work on its main thread.
E/WVMExtractor(   62): Failed to open libwvm.so
I/ActivityManager(  226): START {act=android.intent.action.MAIN cat=[android.intent.category.LAUNCHER] flg=0x10000000 cmp=com.android.browser/.BrowserActivity sel={act=android.intent.action.MAIN cat=[android.intent.category.APP_BROWSER]} u=0} from pid 226
W/DroidBox( 1039): DroidBox: { "DataLeak": { "sink": "Network", "operation": "send", "tag": "0x400", "data": "7265663d575552454d47707252473830656c68564e575242623175766a2d7567464b675a4276326937664d76494b7452555f626c6964757475536e4c356950536c64587769316142455869716644414766524d6f3346577a4e514147743478615a374269", "desthost": "172.234.222.143", "destport": "80" , "fd": "44"} }
W/DroidBox( 1039): DroidBox: { "FileRW": { "operation": "write", "data": "50efbfbdefbfbd2810efbfbd3a4d4aefbfbdefbfbdefbfbd654809d29fefbfbd5c2867efbfbd5325340527efbfbd18efbfbd40efbfbd322b41efbfbdefbfbdefbfbd40efbfbd026240efbfbd28efbfbd24efbfbdefbfbddcb6efbfbd41582068efbfbd04efbfbd4aefbfbd047816efbfbd14efbfbdefbfbdefbfbd7fefbfbd31efbfbdefbfbd21efbfbd5663067defbfbdefbfbdefbfbd526b2472efbfbd6eefbfbd71", "id": "1911640976" } }
E/WVMExtractor(   62): Failed to open libwvm.so
D/InputEventConsistencyVerifier( 1039): KeyEvent: ACTION_UP but key was not down.
D/InputEventConsistencyVerifier( 1039):   in android.view.ViewRootImpl@b41d77c0
D/InputEventConsistencyVerifier( 1039):   0: sent at 118577000000, KeyEvent { action=ACTION_UP, keyCode=KEYCODE_EXPLORER, scanCode=0, metaState=0, flags=0x8, repeatCount=0, eventTime=118577, downTime=118577, deviceId=-1, source=0x101 }
D/InputEventConsistencyVerifier( 1039):   -- recent events --
D/InputEventConsistencyVerifier( 1039):   1: sent at 118484000000, KeyEvent { action=ACTION_UP, keyCode=KEYCODE_DPAD_RIGHT, scanCode=0, metaState=0, flags=0x8, repeatCount=0, eventTime=118484, downTime=118484, deviceId=-1, source=0x101 }
D/InputEventConsistencyVerifier( 1039):   2: sent at 118481000000, KeyEvent { action=ACTION_DOWN, keyCode=KEYCODE_DPAD_RIGHT, scanCode=0, metaState=0, flags=0x8, repeatCount=0, eventTime=118481, downTime=118481, deviceId=-1, source=0x101 }
I/Choreographer( 1039): Skipped 112 frames!  The application may be doing too much work on its main thread.
E/WVMExtractor(   62): Failed to open libwvm.so
E/WVMExtractor(   62): Failed to open libwvm.so
W/dalvikvm( 1039): DroidBox: { "FdAccess": { "path": "2f646174612f646174612f636f6d2e6364732e70686f6e65626f6f73742f66696c65732f65756c612e7a6970", "id": "1566603308" } }
W/DroidBox( 1039): DroidBox: { "FileRW": { "operation": "write", "data": "efbfbdefbfbdefbfbd1822efbfbdefbfbd60efbfbdefbfbd1b3635efbfbdefbfbd4223efbfbdefbfbdefbfbd44efbfbd130befbfbd7156efbfbdefbfbdefbfbd50752061efbfbd7771efbfbdefbfbd1d422b2aefbfbd14693d6c5cefbfbd78efbfbd14efbfbd0923efbfbdefbfbdefbfbd11390defbfbdefbfbd3b38efbfbd1d262c754c43100cefbfbdefbfbd612538c784efbfbd4518efbfbdefbfbd24efbfbdcd98efbfbd5938057aefbfbd", "id": "1566603308" } }
I/Choreographer( 1039): Skipped 173 frames!  The application may be doing too much work on its main thread.
W/DroidBox( 1039): DroidBox: { "OpenNet": { "desthost": "172.234.222.143", "destport": "80", "fd": "47" } }
W/dalvikvm( 1039): DroidBox: { "FdAccess": { "path": "2f646174612f646174612f636f6d2e6364732e70686f6e65626f6f73742f66696c65732f65756c612e7a6970", "id": "908029412" } }
I/Choreographer( 1039): Skipped 36 frames!  The application may be doing too much work on its main thread.
W/InputMethodManagerService(  226): Window already focused, ignoring focus gain of: com.android.internal.view.IInputMethodClient$Stub$Proxy@b3ef6a98 attribute=null
I/Choreographer(  226): Skipped 31 frames!  The application may be doing too much work on its main thread.
E/WVMExtractor(   62): Failed to open libwvm.so
W/DroidBox( 1039): DroidBox: { "FileRW": { "operation": "write", "data": "6c022711efbfbd1cefbfbd16efbfbdefbfbd6fefbfbdefbfbdefbfbdefbfbd00efbfbd2f78217fefbfbdefbfbd5eefbfbd54efbfbd3aefbfbd1d68efbfbd67673d77efbfbdefbfbd7aefbfbd331a5d3279efbfbdefbfbdefbfbd50efbfbd682cefbfbd16efbfbdefbfbd22015defbfbdefbfbd5a0b7d001817efbfbd3ec8ab441fefbfbdda95efbfbd4eefbfbdc88151efbfbd74efbfbd0b48efbfbd1fefbfbd18efbfbdefbfbdefbfbd616d1e3474", "id": "908029412" } }
W/DroidBox( 1039): DroidBox: { "SendNet": { "operation": "send", "data": "504f5354202f73686f775f6170702e636f6e663f266765743d6445396d553267346444424663326c745a5846794d7a5832457634684d687267435f6d756b6a7a3154482d6e3963716447304963546f326961504e367a57617672456b4d6f376873584842", "desthost": "172.234.222.143", "destport": "80" , "fd": "47"} }
W/dalvikvm( 1039): DroidBox: { "FdAccess": { "path": "2f646174612f646174612f636f6d2e6364732e70686f6e65626f6f73742f66696c65732f65756c612e7a6970", "id": "644996546" } }
W/DroidBox( 1039): DroidBox: { "DataLeak": { "sink": "Network", "operation": "send", "tag": "0x400", "data": "7265663d4e6d4d33627a686952566854556d74695a585244564e6d72654a534844634c6d6d4d545443324565414943524b546645377a317a545a374c3631713145536731497379427a752d784c5359375938786c4546347973676f684857316379315947", "desthost": "172.234.222.143", "destport": "80" , "fd": "47"} }
W/DroidBox( 1039): DroidBox: { "FileRW": { "operation": "write", "data": "57efbfbdefbfbd12efbfbdefbfbd443c16536defbfbd37efbfbd541bc3afefbfbd29236f055346efbfbd66efbfbdefbfbd35efbfbdefbfbd744dd18527efbfbdefbfbdefbfbd4263595b29efbfbd55efbfbd3d3b3b1b7e4eefbfbdefbfbdefbfbd0603efbfbd5f5fefbfbd01efbfbd714cefbfbd385a30efbfbdefbfbdefbfbd0d4b762d0b1c1d62efbfbdefbfbd6d270b185e260befbfbd2f23efbfbd7fefbfbd2c60", "id": "644996546" } }
W/dalvikvm( 1039): DroidBox: { "FdAccess": { "path": "2f646174612f646174612f636f6d2e6364732e70686f6e65626f6f73742f66696c65732f65756c612e7a6970", "id": "1497284108" } }
E/WVMExtractor(   62): Failed to open libwvm.so
W/DroidBox( 1039): DroidBox: { "OpenNet": { "desthost": "172.234.222.143", "destport": "80", "fd": "49" } }
W/DroidBox( 1039): DroidBox: { "FileRW": { "operation": "write", "data": "efbfbd4c1fefbfbdefbfbd3a1e4174efbfbd5263cbb3efbfbd3b3357efbfbdefbfbdefbfbdefbfbd71efbfbdefbfbd47efbfbd1dd7b3efbfbd6ceab89eefbfbd57efbfbd396a71efbfbd33472d7aefbfbd51efbfbd5912efbfbdefbfbdc6b4efbfbd45efbfbd79efbfbd65efbfbd06efbfbd54efbfbd2e4f02efbfbdefbfbd2fefbfbdefbfbdefbfbdefbfbd3e741eefbfbdefbfbdefbfbdefbfbdefbfbdefbfbd073c13efbfbdefbfbd5f79efbfbd7841efbfbd7aefbfbd37", "id": "1497284108" } }
E/WVMExtractor(   62): Failed to open libwvm.so
W/dalvikvm( 1039): DroidBox: { "FdAccess": { "path": "2f646174612f646174612f636f6d2e6364732e70686f6e65626f6f73742f66696c65732f65756c612e7a6970", "id": "694152302" } }
W/DroidBox( 1039): DroidBox: { "FileRW": { "operation": "write", "data": "2e1befbfbd2941722a4a10efbfbd582a057c61efbfbddea9efbfbdefbfbdefbfbdefbfbd28526f4c4546efbfbd5cefbfbd68efbfbd38efbfbd10efbfbd28efbfbd2c583a414cefbfbdefbfbdefbfbd0c0fefbfbd78efbfbd2f50efbfbd3c457aefbfbd00efbfbd1eefbfbdefbfbd34531befbfbdefbfbd75efbfbd694cefbfbd31efbfbdefbfbd3aefbfbd08efbfbd1fefbfbd50501f15efbfbdefbfbd78efbfbd12efbfbd52efbfbd3e19", "id": "694152302" } }
W/DroidBox( 1039): DroidBox: { "SendNet": { "operation": "send", "data": "504f5354202f6f7074696e2e7068703f2673656374696f6e5f69643d39303232343731303720485454502f312e310d0a436f6e74656e742d4c656e6774683a203431360d0a436f6e74656e742d547970653a206170706c69636174696f6e2f782d777777", "desthost": "172.234.222.143", "destport": "80" , "fd": "51"} }
E/WVMExtractor(   62): Failed to open libwvm.so
E/WVMExtractor(   62): Failed to open libwvm.so
E/WVMExtractor(   62): Failed to open libwvm.so
W/DroidBox( 1039): DroidBox: { "DataLeak": { "sink": "Network", "operation": "send", "tag": "0x400", "data": "7265663d575552454d47707252473830656c68564e575242623175766a2d7567464b675a4276326937664d76494b7452555f626c6964757475536e4c356950536c64587769316142455869716644414766524d6f3346577a4e514147743478615a374269", "desthost": "172.234.222.143", "destport": "80" , "fd": "52"} }
W/DroidBox( 1039): DroidBox: { "OpenNet": { "desthost": "172.234.222.143", "destport": "80", "fd": "52" } }
I/Choreographer( 1039): Skipped 59 frames!  The application may be doing too much work on its main thread.
W/dalvikvm( 1039): DroidBox: { "FdAccess": { "path": "2f646174612f646174612f636f6d2e6364732e70686f6e65626f6f73742f66696c65732f65756c612e7a6970", "id": "1127777419" } }
W/DroidBox( 1039): DroidBox: { "FileRW": { "operation": "write", "data": "007645efbfbdefbfbd07efbfbdefbfbd10efbfbd50efbfbd74c49a70efbfbd45efbfbd3d0f1a6c472f077e100c720a36efbfbdefbfbd28c395efbfbdefbfbd4860efbfbd64efbfbdefbfbd3f22212eefbfbd66efbfbdefbfbdefbfbdefbfbd586c7befbfbd65efbfbd7fc2a47eefbfbd460b0722efbfbd7aefbfbdefbfbd11efbfbdefbfbd3a58efbfbdefbfbdefbfbddfacefbfbdefbfbdefbfbd00efbfbdd9b56f4cefbfbd2dca91efbfbd7e06", "id": "1127777419" } }
W/dalvikvm( 1039): DroidBox: { "FdAccess": { "path": "2f646174612f646174612f636f6d2e6364732e70686f6e65626f6f73742f66696c65732f65756c612e7a6970", "id": "917252608" } }
W/DroidBox( 1039): DroidBox: { "SendNet": { "operation": "send", "data": "504f5354202f73686f775f6170702e636f6e663f266765743d6445396d553267346444424663326c745a5846794d7a5832457634684d687267435f6d756b6a7a3154482d6e3963716447304963546f326961504e367a57617672456b4d6f376873584842", "desthost": "172.234.222.143", "destport": "80" , "fd": "55"} }
W/DroidBox( 1039): DroidBox: { "DataLeak": { "sink": "Network", "operation": "send", "tag": "0x400", "data": "7265663d4e6d4d33627a686952566854556d74695a585244564e6d72654a534844634c6d6d4d545443324565414943524b546645377a317a545a374c3631713145536731497379427a752d784c5359375938786c4546347973676f684857316379315947", "desthost": "172.234.222.143", "destport": "80" , "fd": "55"} }
W/DroidBox( 1039): DroidBox: { "FileRW": { "operation": "write", "data": "efbfbd637e69efbfbd337cefbfbdefbfbd4fefbfbdefbfbd116606efbfbdefbfbdefbfbd57efbfbd03504b07086defbfbd74efbfbdefbfbd080000efbfbd280000504b03041400080008007aefbfbd0541000000000000000000000000200000006f66666c696e655f73746172746170705f65756c615f666f6f7465722e68746defbfbd", "id": "917252608" } }
W/DroidBox( 1039): DroidBox: { "OpenNet": { "desthost": "172.234.222.143", "destport": "80", "fd": "55" } }
E/WVMExtractor(   62): Failed to open libwvm.so
E/WVMExtractor(   62): Failed to open libwvm.so
E/WVMExtractor(   62): Failed to open libwvm.so
I/Choreographer( 1039): Skipped 91 frames!  The application may be doing too much work on its main thread.
W/dalvikvm( 1039): DroidBox: { "FdAccess": { "path": "2f646174612f646174612f636f6d2e6364732e70686f6e65626f6f73742f66696c65732f65756c612e7a6970", "id": "2079864269" } }
W/DroidBox( 1039): DroidBox: { "FileRW": { "operation": "write", "data": "595aefbfbdefbfbd78efbfbd0e512eefbfbd13efbfbd64efbfbd26efbfbdefbfbdefbfbdefbfbd736006efbfbdefbfbdefbfbd7336efbfbdefbfbd03efbfbd606b6958efbfbd75efbfbdc78b40efbfbd0459efbfbdefbfbd2fefbfbdefbfbdefbfbd17efbfbd69efbfbd1660efbfbdcabe0011efbfbd1b4c76efbfbdefbfbd0defbfbdefbfbdefbfbd1befbfbd7725efbfbd06efbfbd5cefbfbdd2821bcc91efbfbd02efbfbdefbfbdcc93efbfbdefbfbd4d0aefbfbd", "id": "2079864269" } }
I/Choreographer( 1039): Skipped 31 frames!  The application may be doing too much work on its main thread.
W/DroidBox( 1039): DroidBox: { "SendNet": { "operation": "send", "data": "504f5354202f6f7074696e2e7068703f2673656374696f6e5f69643d39303232343731303720485454502f312e310d0a436f6e74656e742d4c656e6774683a203431360d0a436f6e74656e742d547970653a206170706c69636174696f6e2f782d777777", "desthost": "172.234.222.143", "destport": "80" , "fd": "56"} }
W/dalvikvm( 1039): DroidBox: { "FdAccess": { "path": "2f646174612f646174612f636f6d2e6364732e70686f6e65626f6f73742f66696c65732f65756c612e7a6970", "id": "1900561579" } }
W/DroidBox( 1039): DroidBox: { "DataLeak": { "sink": "Network", "operation": "send", "tag": "0x400", "data": "7265663d575552454d47707252473830656c68564e575242623175766a2d7567464b675a4276326937664d76494b7452555f626c6964757475536e4c356950536c64587769316142455869716644414766524d6f3346577a4e514147743478615a374269", "desthost": "172.234.222.143", "destport": "80" , "fd": "56"} }
W/DroidBox( 1039): DroidBox: { "FileRW": { "operation": "write", "data": "5e20efbfbd16efbfbd4e725114efbfbd10efbfbdd183efbfbdefbfbd006eefbfbdefbfbd0b5f1eefbfbdefbfbd4f1a53efbfbd025341efbfbdefbfbd6fefbfbd31097b2defbfbddaaa1648efbfbdefbfbd23efbfbdefbfbd1a20efbfbd65efbfbd43efbfbd3cefbfbd7eefbfbdefbfbd661862147feb9e83efbfbdefbfbdefbfbd6c30efbfbd2d41143861efbfbd20efbfbd17efbfbd20efbfbd0f3110efbfbdefbfbdefbfbdefbfbd", "id": "1900561579" } }
E/WVMExtractor(   62): Failed to open libwvm.so
E/WVMExtractor(   62): Failed to open libwvm.so
I/Choreographer( 1039): Skipped 71 frames!  The application may be doing too much work on its main thread.
W/dalvikvm( 1039): DroidBox: { "FdAccess": { "path": "2f646174612f646174612f636f6d2e6364732e70686f6e65626f6f73742f66696c65732f65756c612e7a6970", "id": "932983337" } }
W/DroidBox( 1039): DroidBox: { "FileRW": { "operation": "write", "data": "0aefbfbd2324efbfbdefbfbdefbfbd01efbfbd224e2325efbfbdefbfbd0aefbfbd07efbfbdefbfbdefbfbd72efbfbdefbfbdefbfbd39d3a5efbfbd7d75efbfbd1f03efbfbd3fefbfbd7b2f6b60672d5d3defbfbdefbfbd712aefbfbdefbfbd27efbfbdefbfbdefbfbd236e0a44efbfbdefbfbdefbfbdefbfbdefbfbdefbfbdefbfbd14efbfbd1471661eefbfbd4aefbfbdefbfbd56712c4b727d50efbfbd70efbfbd36546fefbfbd602aefbfbd717c", "id": "932983337" } }
I/Choreographer( 1039): Skipped 98 frames!  The application may be doing too much work on its main thread.
I/Choreographer( 1039): Skipped 50 frames!  The application may be doing too much work on its main thread.
D/InputEventConsistencyVerifier( 1039): KeyEvent: ACTION_UP but key was not down.
D/InputEventConsistencyVerifier( 1039):   in android.view.ViewRootImpl@b40ee4f8
D/InputEventConsistencyVerifier( 1039):   0: sent at 123639000000, KeyEvent { action=ACTION_UP, keyCode=KEYCODE_MENU, scanCode=0, metaState=0, flags=0x8, repeatCount=0, eventTime=123639, downTime=123639, deviceId=-1, source=0x101 }
D/InputEventConsistencyVerifier( 1039):   -- recent events --
D/InputEventConsistencyVerifier( 1039):   1: sent at 123087000000, MotionEvent { action=ACTION_UP, id[0]=0, x[0]=227.0, y[0]=719.0, toolType[0]=TOOL_TYPE_UNKNOWN, buttonState=0, metaState=0, flags=0x0, edgeFlags=0x0, pointerCount=1, historySize=0, eventTime=123087, downTime=123081, deviceId=0, source=0x1002 }
D/InputEventConsistencyVerifier( 1039):   2: sent at 123081000000, MotionEvent { action=ACTION_DOWN, id[0]=0, x[0]=220.0, y[0]=734.0, toolType[0]=TOOL_TYPE_UNKNOWN, buttonState=0, metaState=0, flags=0x0, edgeFlags=0x0, pointerCount=1, historySize=0, eventTime=123081, downTime=123081, deviceId=0, source=0x1002 }
D/InputEventConsistencyVerifier( 1039):   3: sent at 122663000000, MotionEvent { action=ACTION_UP, id[0]=0, x[0]=473.0, y[0]=509.0, toolType[0]=TOOL_TYPE_UNKNOWN, buttonState=0, metaState=0, flags=0x0, edgeFlags=0x0, pointerCount=1, historySize=0, eventTime=122663, downTime=122579, deviceId=0, source=0x1002 }
D/InputEventConsistencyVerifier( 1039):   4: sent at 122661000000, MotionEvent { action=ACTION_MOVE, id[0]=0, x[0]=471.0, y[0]=498.0, toolType[0]=TOOL_TYPE_UNKNOWN, buttonState=0, metaState=0, flags=0x0, edgeFlags=0x0, pointerCount=1, historySize=7, eventTime=122661, downTime=122579, deviceId=0, source=0x1002 }
D/InputEventConsistencyVerifier( 1039):   5: sent at 122593000000, MotionEvent { action=ACTION_DOWN, id[0]=0, x[0]=455.0, y[0]=427.0, toolType[0]=TOOL_TYPE_UNKNOWN, buttonState=0, metaState=0, flags=0x0, edgeFlags=0x0, pointerCount=1, historySize=0, eventTime=122593, downTime=122579, deviceId=0, source=0x1002 }
W/InputMethodManagerService(  226): Window already focused, ignoring focus gain of: com.android.internal.view.IInputMethodClient$Stub$Proxy@b4201ee0 attribute=null
I/Choreographer( 1039): Skipped 59 frames!  The application may be doing too much work on its main thread.
W/DroidBox( 1039): DroidBox: { "OpenNet": { "desthost": "172.234.222.143", "destport": "80", "fd": "61" } }
W/dalvikvm( 1039): DroidBox: { "FdAccess": { "path": "2f646174612f646174612f636f6d2e6364732e70686f6e65626f6f73742f66696c65732f65756c612e7a6970", "id": "1198018417" } }
E/WVMExtractor(   62): Failed to open libwvm.so
W/DroidBox( 1039): DroidBox: { "FileRW": { "operation": "write", "data": "df9054efbfbd0b561eefbfbd08783c19efbfbd7eefbfbdefbfbdefbfbdefbfbd21efbfbdefbfbdefbfbdefbfbdefbfbdefbfbdefbfbdefbfbd7459efbfbd2229efbfbdefbfbdefbfbdefbfbdefbfbdefbfbdefbfbd43efbfbd04efbfbd61efbfbd442f192a4c6a28efbfbdefbfbd6aefbfbdefbfbd49efbfbd04dcbf0aefbfbd33efbfbd7befbfbd114959efbfbd7262efbfbdefbfbdefbfbd6f1aefbfbdefbfbd0fefbfbd3e1d4b3d5defbfbdefbfbd08efbfbd4b6777efbfbdefbfbd4a1e", "id": "1198018417" } }
W/DroidBox( 1039): DroidBox: { "OpenNet": { "desthost": "172.234.222.143", "destport": "80", "fd": "61" } }
E/WVMExtractor(   62): Failed to open libwvm.so
I/Choreographer( 1039): Skipped 52 frames!  The application may be doing too much work on its main thread.
W/dalvikvm( 1039): DroidBox: { "FdAccess": { "path": "2f646174612f646174612f636f6d2e6364732e70686f6e65626f6f73742f66696c65732f65756c612e7a6970", "id": "1920101422" } }
W/DroidBox( 1039): DroidBox: { "FileRW": { "operation": "write", "data": "efbfbd43efbfbd6befbfbdefbfbdefbfbdefbfbd5970efbfbdefbfbd05efbfbd68efbfbdefbfbd32c8b3efbfbd5b7befbfbdefbfbdf3bb84adefbfbdefbfbdefbfbdefbfbd09efbfbdcb9befbfbd1e5140efbfbd5d1c3b2856efbfbd2d1f490255efbfbd742defbfbdefbfbd60655d6b5fefbfbd67763e7eefbfbdefbfbd2929efbfbdefbfbd1fefbfbd5309efbfbd24efbfbdefbfbd027aefbfbdefbfbdefbfbd4a58efbfbdcaa944efbfbdefbfbdcda91745", "id": "1920101422" } }
W/DroidBox( 1039): DroidBox: { "SendNet": { "operation": "send", "data": "504f5354202f6f7074696e2e7068703f2673656374696f6e5f69643d39303232343731303720485454502f312e310d0a436f6e74656e742d4c656e6774683a203431360d0a436f6e74656e742d547970653a206170706c69636174696f6e2f782d777777", "desthost": "172.234.222.143", "destport": "80" , "fd": "61"} }
W/DroidBox( 1039): DroidBox: { "DataLeak": { "sink": "Network", "operation": "send", "tag": "0x400", "data": "7265663d575552454d47707252473830656c68564e575242623175766a2d7567464b675a4276326937664d76494b7452555f626c6964757475536e4c356950536c64587769316142455869716644414766524d6f3346577a4e514147743478615a374269", "desthost": "172.234.222.143", "destport": "80" , "fd": "61"} }
D/ExchangeService(  857): Received deviceId from Email app: androidc1412937439
D/ExchangeService(  857): Reconciling accounts...
D/LBAdController( 1039): org.apache.http.NoHttpResponseException: The target server failed to respond
D/LBAdController( 1039): 	at org.apache.http.impl.conn.DefaultResponseParser.parseHead(DefaultResponseParser.java:85)
D/LBAdController( 1039): 	at org.apache.http.impl.io.AbstractMessageParser.parse(AbstractMessageParser.java:174)
D/LBAdController( 1039): 	at org.apache.http.impl.AbstractHttpClientConnection.receiveResponseHeader(AbstractHttpClientConnection.java:180)
D/LBAdController( 1039): 	at org.apache.http.impl.conn.DefaultClientConnection.receiveResponseHeader(DefaultClientConnection.java:235)
D/LBAdController( 1039): 	at org.apache.http.impl.conn.AbstractClientConnAdapter.receiveResponseHeader(AbstractClientConnAdapter.java:259)
D/LBAdController( 1039): 	at org.apache.http.protocol.HttpRequestExecutor.doReceiveResponse(HttpRequestExecutor.java:279)
D/LBAdController( 1039): 	at org.apache.http.protocol.HttpRequestExecutor.execute(HttpRequestExecutor.java:121)
D/LBAdController( 1039): 	at org.apache.http.impl.client.DefaultRequestDirector.execute(DefaultRequestDirector.java:428)
D/LBAdController( 1039): 	at org.apache.http.impl.client.AbstractHttpClient.execute(AbstractHttpClient.java:555)
D/LBAdController( 1039): 	at org.apache.http.impl.client.AbstractHttpClient.execute(AbstractHttpClient.java:487)
D/LBAdController( 1039): 	at org.apache.http.impl.client.AbstractHttpClient.execute(AbstractHttpClient.java:465)
D/LBAdController( 1039): 	at com.pad.android.util.AdOptin.doInBackground(AdOptin.java:176)
D/LBAdController( 1039): 	at com.pad.android.util.AdOptin.doInBackground(AdOptin.java:1)
D/LBAdController( 1039): 	at android.os.AsyncTask$2.call(AsyncTask.java:287)
D/LBAdController( 1039): 	at java.util.concurrent.FutureTask$Sync.innerRun(FutureTask.java:305)
D/LBAdController( 1039): 	at java.util.concurrent.FutureTask.run(FutureTask.java:137)
D/LBAdController( 1039): 	at java.util.concurrent.ThreadPoolExecutor.runWorker(ThreadPoolExecutor.java:1076)
D/LBAdController( 1039): 	at java.util.concurrent.ThreadPoolExecutor$Worker.run(ThreadPoolExecutor.java:569)
D/LBAdController( 1039): 	at java.lang.Thread.run(Thread.java:856)
W/DroidBox( 1039): DroidBox: { "OpenNet": { "desthost": "172.234.222.143", "destport": "80", "fd": "64" } }
W/dalvikvm( 1039): DroidBox: { "FdAccess": { "path": "2f646174612f646174612f636f6d2e6364732e70686f6e65626f6f73742f66696c65732f65756c612e7a6970", "id": "825457705" } }
W/DroidBox( 1039): DroidBox: { "FileRW": { "operation": "write", "data": "24efbfbd5c0eefbfbdefbfbd255522efbfbdefbfbd24efbfbddea07152efbfbdefbfbdefbfbd6aefbfbd3a27efbfbd6aefbfbd6e1fefbfbd542fefbfbdefbfbdefbfbdefbfbdefbfbd3d163fefbfbd54efbfbdefbfbdefbfbdefbfbdefbfbd7aefbfbdefbfbd5fefbfbd54efbfbdefbfbd79efbfbd54efbfbd5cefbfbdc9a442efbfbdefbfbdefbfbd753407efbfbdefbfbd1526efbfbd707defbfbdefbfbd4fefbfbd3c5aefbfbdefbfbdefbfbdefbfbdefbfbd3aefbfbd7d3defbfbd3f", "id": "825457705" } }
E/WVMExtractor(   62): Failed to open libwvm.so
W/dalvikvm( 1020): DroidBox: { "FdAccess": { "path": "2f6465762f696e7075742f6576656e7430", "id": "130314236" } }
W/DroidBox( 1020): DroidBox: { "FileRW": { "operation": "write", "data": "7f060000efbfbd3901000500000001000000", "id": "130314236" } }
W/dalvikvm( 1039): DroidBox: { "FdAccess": { "path": "2f646174612f646174612f636f6d2e6364732e70686f6e65626f6f73742f66696c65732f65756c612e7a6970", "id": "801056195" } }
W/DroidBox( 1039): DroidBox: { "SendNet": { "operation": "send", "data": "504f5354202f6f7074696e2e7068703f2673656374696f6e5f69643d39303232343731303720485454502f312e310d0a436f6e74656e742d4c656e6774683a203431360d0a436f6e74656e742d547970653a206170706c69636174696f6e2f782d777777", "desthost": "172.234.222.143", "destport": "80" , "fd": "64"} }
W/DroidBox( 1039): DroidBox: { "FileRW": { "operation": "write", "data": "efbfbd78efbfbdefbfbd2274efbfbdefbfbdefbfbdefbfbd1defbfbdcfaaefbfbd3e350775efbfbdefbfbd03651b6c03efbfbd5eefbfbd5c2fefbfbdefbfbdefbfbdefbfbd1befbfbd175a04d8a3efbfbd7074efbfbdefbfbdefbfbdefbfbdefbfbdefbfbd1fefbfbdefbfbd4939efbfbdefbfbd4defbfbdefbfbd322447efbfbdefbfbdefbfbd74efbfbd5aefbfbd5f0f17efbfbd6249efbfbdefbfbd78efbfbd1049efbfbd7e4d2711efbfbd4cefbfbd15efbfbdefbfbd1fefbfbdefbfbd06efbfbd28", "id": "801056195" } }
W/DroidBox( 1039): DroidBox: { "SendNet": { "operation": "send", "data": "504f5354202f73686f775f6170702e636f6e663f266765743d6445396d553267346444424663326c745a5846794d7a5832457634684d687267435f6d756b6a7a3154482d6e3963716447304963546f326961504e367a57617672456b4d6f376873584842", "desthost": "172.234.222.143", "destport": "80" , "fd": "64"} }
W/DroidBox( 1039): DroidBox: { "DataLeak": { "sink": "Network", "operation": "send", "tag": "0x400", "data": "7265663d575552454d47707252473830656c68564e575242623175766a2d7567464b675a4276326937664d76494b7452555f626c6964757475536e4c356950536c64587769316142455869716644414766524d6f3346577a4e514147743478615a374269", "desthost": "172.234.222.143", "destport": "80" , "fd": "64"} }
W/DroidBox( 1039): DroidBox: { "DataLeak": { "sink": "Network", "operation": "send", "tag": "0x400", "data": "7265663d4e6d4d33627a686952566854556d74695a585244564e6d72654a534844634c6d6d4d545443324565414943524b546645377a317a545a374c3631713145536731497379427a752d784c5359375938786c4546347973676f684857316379315947", "desthost": "172.234.222.143", "destport": "80" , "fd": "64"} }
W/dalvikvm( 1039): DroidBox: { "FdAccess": { "path": "2f646174612f646174612f636f6d2e6364732e70686f6e65626f6f73742f66696c65732f65756c612e7a6970", "id": "898997361" } }
W/DroidBox( 1039): DroidBox: { "FileRW": { "operation": "write", "data": "efbfbdefbfbdefbfbd57efbfbd4c6b65733aefbfbd34efbfbd71d59eefbfbdefbfbdefbfbd38efbfbd53efbfbd62595defbfbdefbfbd6defbfbdefbfbdefbfbdefbfbdefbfbd39efbfbdefbfbd59efbfbd6b794019efbfbd7c2a2f4fefbfbdefbfbdefbfbd4659efbfbd5e314432efbfbd54efbfbd624ec7aa2befbfbd71efbfbd580cefbfbd0defbfbdefbfbd4e59efbfbd1cefbfbd467cefbfbd23efbfbd1e3972efbfbdefbfbd5150efbfbd23415b504331", "id": "898997361" } }
W/dalvikvm( 1039): DroidBox: { "FdAccess": { "path": "2f646174612f646174612f636f6d2e6364732e70686f6e65626f6f73742f66696c65732f65756c612e7a6970", "id": "179528521" } }
