D/InputEventConsistencyVerifier(  978):   1: sent at 231881000000, MotionEvent { action=ACTION_UP, id[0]=0, x[0]=231.0, y[0]=783.0, toolType[0]=TOOL_TYPE_UNKNOWN, buttonState=0, metaState=0, flags=0x0, edgeFlags=0x0, pointerCount=1, historySize=0, eventTime=231881, downTime=231861, deviceId=0, source=0x1002 }
D/InputEventConsistencyVerifier(  978):   2: sent at 231871000000, MotionEvent { action=ACTION_DOWN, id[0]=0, x[0]=232.0, y[0]=778.0, toolType[0]=TOOL_TYPE_UNKNOWN, buttonState=0, metaState=0, flags=0x0, edgeFlags=0x0, pointerCount=1, historySize=0, eventTime=231871, downTime=231861, deviceId=0, source=0x1002 }
D/InputEventConsistencyVerifier(  978):   3: sent at 231812000000, (unhandled) KeyEvent { action=ACTION_UP, keyCode=KEYCODE_BOOKMARK, scanCode=0, metaState=0, flags=0x8, repeatCount=0, eventTime=231812, downTime=231812, deviceId=-1, source=0x101 }
D/InputEventConsistencyVerifier(  978):   4: sent at 231683000000, (unhandled) KeyEvent { action=ACTION_DOWN, keyCode=KEYCODE_BOOKMARK, scanCode=0, metaState=0, flags=0x8, repeatCount=0, eventTime=231683, downTime=231683, deviceId=-1, source=0x101 }
D/InputEventConsistencyVerifier(  978):   5: sent at 231638000000, (unhandled) KeyEvent { action=ACTION_UP, keyCode=KEYCODE_VOLUME_UP, scanCode=0, metaState=0, flags=0x8, repeatCount=0, eventTime=231638, downTime=231638, deviceId=-1, source=0x101 }
I/ActivityManager(  227): START {act=android.intent.action.MAIN cat=[android.intent.category.LAUNCHER] flg=0x10000000 cmp=com.android.email/.activity.Welcome sel={act=android.intent.action.MAIN cat=[android.intent.category.APP_EMAIL]} u=0} from pid 227
I/Choreographer(  978): Skipped 38 frames!  The application may be doing too much work on its main thread.
D/InputEventConsistencyVerifier(  978): KeyEvent: ACTION_UP but key was not down.
D/InputEventConsistencyVerifier(  978):   in com.android.internal.policy.impl.PhoneWindow$DecorView@b3ea2958
D/InputEventConsistencyVerifier(  978):   0: sent at 233037000000, KeyEvent { action=ACTION_UP, keyCode=KEYCODE_DPAD_DOWN, scanCode=0, metaState=0, flags=0x8, repeatCount=0, eventTime=233037, downTime=233037, deviceId=-1, source=0x101 }
D/InputEventConsistencyVerifier(  978):   -- recent events --
D/InputEventConsistencyVerifier(  978):   1: sent at 232939000000, MotionEvent { action=ACTION_UP, id[0]=0, x[0]=77.0, y[0]=597.0, toolType[0]=TOOL_TYPE_UNKNOWN, buttonState=0, metaState=0, flags=0x0, edgeFlags=0x0, pointerCount=1, historySize=0, eventTime=232939, downTime=232926, deviceId=0, source=0x1002 }
D/InputEventConsistencyVerifier(  978):   2: sent at 232937000000, MotionEvent { action=ACTION_MOVE, id[0]=0, x[0]=74.0, y[0]=595.0, toolType[0]=TOOL_TYPE_UNKNOWN, buttonState=0, metaState=0, flags=0x0, edgeFlags=0x0, pointerCount=1, historySize=2, eventTime=232937, downTime=232926, deviceId=0, source=0x1002 }
D/InputEventConsistencyVerifier(  978):   3: sent at 232928000000, MotionEvent { action=ACTION_DOWN, id[0]=0, x[0]=67.0, y[0]=582.0, toolType[0]=TOOL_TYPE_UNKNOWN, buttonState=0, metaState=0, flags=0x0, edgeFlags=0x0, pointerCount=1, historySize=0, eventTime=232928, downTime=232926, deviceId=0, source=0x1002 }
D/InputEventConsistencyVerifier(  978):   4: sent at 232755000000, (unhandled) KeyEvent { action=ACTION_UP, keyCode=KEYCODE_DPAD_DOWN, scanCode=0, metaState=0, flags=0x8, repeatCount=0, eventTime=232755, downTime=232755, deviceId=-1, source=0x101 }
D/InputEventConsistencyVerifier(  978):   5: sent at 232472000000, (unhandled) KeyEvent { action=ACTION_DOWN, keyCode=KEYCODE_DPAD_DOWN, scanCode=0, metaState=0, flags=0x8, repeatCount=0, eventTime=232472, downTime=232472, deviceId=-1, source=0x101 }
D/InputEventConsistencyVerifier(  978): KeyEvent: ACTION_UP but key was not down.
D/InputEventConsistencyVerifier(  978):   in android.view.ViewRootImpl@b3e71c88
D/InputEventConsistencyVerifier(  978):   0: sent at 233115000000, KeyEvent { action=ACTION_UP, keyCode=KEYCODE_ENVELOPE, scanCode=0, metaState=0, flags=0x8, repeatCount=0, eventTime=233115, downTime=233115, deviceId=-1, source=0x101 }
D/InputEventConsistencyVerifier(  978):   -- recent events --
D/InputEventConsistencyVerifier(  978):   1: sent at 233037000000, KeyEvent { action=ACTION_UP, keyCode=KEYCODE_DPAD_DOWN, scanCode=0, metaState=0, flags=0x8, repeatCount=0, eventTime=233037, downTime=233037, deviceId=-1, source=0x101 }
D/InputEventConsistencyVerifier(  978):   2: sent at 232944000000, KeyEvent { action=ACTION_DOWN, keyCode=KEYCODE_DPAD_DOWN, scanCode=0, metaState=0, flags=0x8, repeatCount=0, eventTime=232944, downTime=232944, deviceId=-1, source=0x101 }
D/InputEventConsistencyVerifier(  978):   3: sent at 232939000000, MotionEvent { action=ACTION_UP, id[0]=0, x[0]=77.0, y[0]=597.0, toolType[0]=TOOL_TYPE_UNKNOWN, buttonState=0, metaState=0, flags=0x0, edgeFlags=0x0, pointerCount=1, historySize=0, eventTime=232939, downTime=232926, deviceId=0, source=0x1002 }
D/InputEventConsistencyVerifier(  978):   4: sent at 232937000000, MotionEvent { action=ACTION_MOVE, id[0]=0, x[0]=74.0, y[0]=595.0, toolType[0]=TOOL_TYPE_UNKNOWN, buttonState=0, metaState=0, flags=0x0, edgeFlags=0x0, pointerCount=1, historySize=2, eventTime=232937, downTime=232926, deviceId=0, source=0x1002 }
D/InputEventConsistencyVerifier(  978):   5: sent at 232928000000, MotionEvent { action=ACTION_DOWN, id[0]=0, x[0]=67.0, y[0]=582.0, toolType[0]=TOOL_TYPE_UNKNOWN, buttonState=0, metaState=0, flags=0x0, edgeFlags=0x0, pointerCount=1, historySize=0, eventTime=232928, downTime=232926, deviceId=0, source=0x1002 }
D/InputEventConsistencyVerifier(  978): KeyEvent: ACTION_UP but key was not down.
D/InputEventConsistencyVerifier(  978):   in com.android.internal.policy.impl.PhoneWindow$DecorView@b3ea2958
D/InputEventConsistencyVerifier(  978):   0: sent at 233271000000, KeyEvent { action=ACTION_UP, keyCode=KEYCODE_DPAD_DOWN, scanCode=0, metaState=0, flags=0x8, repeatCount=0, eventTime=233271, downTime=233271, deviceId=-1, source=0x101 }
D/InputEventConsistencyVerifier(  978):   -- recent events --
D/InputEventConsistencyVerifier(  978):   1: sent at 233221000000, MotionEvent { action=ACTION_UP, id[0]=0, x[0]=318.0, y[0]=336.0, toolType[0]=TOOL_TYPE_UNKNOWN, buttonState=0, metaState=0, flags=0x0, edgeFlags=0x0, pointerCount=1, historySize=0, eventTime=233221, downTime=233204, deviceId=0, source=0x1002 }
D/InputEventConsistencyVerifier(  978):   2: sent at 233204000000, MotionEvent { action=ACTION_DOWN, id[0]=0, x[0]=324.0, y[0]=335.0, toolType[0]=TOOL_TYPE_UNKNOWN, buttonState=0, metaState=0, flags=0x0, edgeFlags=0x0, pointerCount=1, historySize=0, eventTime=233204, downTime=233204, deviceId=0, source=0x1002 }
D/InputEventConsistencyVerifier(  978):   3: sent at 233115000000, (unhandled) KeyEvent { action=ACTION_UP, keyCode=KEYCODE_ENVELOPE, scanCode=0, metaState=0, flags=0x80000008, repeatCount=0, eventTime=233115, downTime=233115, deviceId=-1, source=0x101 }
D/InputEventConsistencyVerifier(  978):   4: sent at 233037000000, (unhandled) KeyEvent { action=ACTION_UP, keyCode=KEYCODE_DPAD_DOWN, scanCode=0, metaState=0, flags=0x80000008, repeatCount=0, eventTime=233037, downTime=233037, deviceId=-1, source=0x101 }
D/InputEventConsistencyVerifier(  978):   5: sent at 232939000000, MotionEvent { action=ACTION_UP, id[0]=0, x[0]=77.0, y[0]=597.0, toolType[0]=TOOL_TYPE_UNKNOWN, buttonState=0, metaState=0, flags=0x0, edgeFlags=0x0, pointerCount=1, historySize=0, eventTime=232939, downTime=232926, deviceId=0, source=0x1002 }
D/InputEventConsistencyVerifier(  978): KeyEvent: ACTION_UP but key was not down.
D/InputEventConsistencyVerifier(  978):   in android.widget.Button@b3e72898
D/InputEventConsistencyVerifier(  978):   0: sent at 233391000000, KeyEvent { action=ACTION_UP, keyCode=KEYCODE_DPAD_DOWN, scanCode=0, metaState=0, flags=0x8, repeatCount=0, eventTime=233391, downTime=233391, deviceId=-1, source=0x101 }
D/InputEventConsistencyVerifier(  978):   -- recent events --
D/InputEventConsistencyVerifier(  978):   1: sent at 232755000000, (unhandled) KeyEvent { action=ACTION_UP, keyCode=KEYCODE_DPAD_DOWN, scanCode=0, metaState=0, flags=0x8, repeatCount=0, eventTime=232755, downTime=232755, deviceId=-1, source=0x101 }
D/InputEventConsistencyVerifier(  978):   2: sent at 230669000000, (unhandled) KeyEvent { action=ACTION_DOWN, keyCode=KEYCODE_DPAD_DOWN, scanCode=0, metaState=0, flags=0x400, repeatCount=0, eventTime=230669, downTime=230669, deviceId=-1, source=0x101 }
D/InputEventConsistencyVerifier(  978):   3: sent at 230574000000, MotionEvent { action=ACTION_MOVE, id[0]=0, x[0]=0.0, y[0]=4.0, toolType[0]=TOOL_TYPE_UNKNOWN, buttonState=0, metaState=0, flags=0x0, edgeFlags=0x0, pointerCount=1, historySize=0, eventTime=230574, downTime=-1, deviceId=0, source=0x10004 }
D/InputEventConsistencyVerifier(  978):   4: sent at 230359000000, (unhandled) KeyEvent { action=ACTION_UP, keyCode=KEYCODE_DPAD_DOWN, scanCode=0, metaState=0, flags=0x8, repeatCount=0, eventTime=230359, downTime=230359, deviceId=-1, source=0x101 }
D/InputEventConsistencyVerifier(  978):   5: sent at 227983000000, (unhandled) KeyEvent { action=ACTION_UP, keyCode=KEYCODE_DPAD_UP, scanCode=0, metaState=0, flags=0x8, repeatCount=0, eventTime=227983, downTime=227983, deviceId=-1, source=0x101 }
D/InputEventConsistencyVerifier(  421): TouchEvent: ACTION_DOWN but pointers are already down.  Probably missing ACTION_UP from previous gesture.
D/InputEventConsistencyVerifier(  421):   in android.view.ScaleGestureDetector@b3f121f0
D/InputEventConsistencyVerifier(  421):   0: sent at 233575000000, MotionEvent { action=ACTION_DOWN, id[0]=0, x[0]=316.0, y[0]=29.0, toolType[0]=TOOL_TYPE_UNKNOWN, buttonState=0, metaState=0, flags=0x0, edgeFlags=0x0, pointerCount=1, historySize=0, eventTime=233575, downTime=233575, deviceId=0, source=0x1002 }
D/InputEventConsistencyVerifier(  421):   -- recent events --
D/InputEventConsistencyVerifier(  421):   1: sent at 221766000000, MotionEvent { action=ACTION_MOVE, id[0]=0, x[0]=404.0, y[0]=494.0, toolType[0]=TOOL_TYPE_UNKNOWN, buttonState=0, metaState=0, flags=0x0, edgeFlags=0x0, pointerCount=1, historySize=6, eventTime=221766, downTime=221730, deviceId=0, source=0x1002 }
D/InputEventConsistencyVerifier(  421):   2: sent at 221732000000, MotionEvent { action=ACTION_DOWN, id[0]=0, x[0]=463.0, y[0]=438.0, toolType[0]=TOOL_TYPE_UNKNOWN, buttonState=0, metaState=0, flags=0x80000000, edgeFlags=0x0, pointerCount=1, historySize=0, eventTime=221732, downTime=221730, deviceId=0, source=0x1002 }
D/InputEventConsistencyVerifier(  421):   3: sent at 221376500000, MotionEvent { action=ACTION_MOVE, id[0]=0, x[0]=185.5, y[0]=700.0, toolType[0]=TOOL_TYPE_UNKNOWN, buttonState=0, metaState=0, flags=0x0, edgeFlags=0x0, pointerCount=1, historySize=8, eventTime=221376, downTime=221310, deviceId=0, source=0x1002 }
D/InputEventConsistencyVerifier(  421):   4: sent at 221321000000, MotionEvent { action=ACTION_DOWN, id[0]=0, x[0]=126.0, y[0]=643.0, toolType[0]=TOOL_TYPE_UNKNOWN, buttonState=0, metaState=0, flags=0x0, edgeFlags=0x0, pointerCount=1, historySize=0, eventTime=221321, downTime=221310, deviceId=0, source=0x1002 }
D/InputEventConsistencyVerifier(  421):   5: sent at 221257000000, MotionEvent { action=ACTION_UP, id[0]=0, x[0]=102.0, y[0]=763.0, toolType[0]=TOOL_TYPE_UNKNOWN, buttonState=0, metaState=0, flags=0x0, edgeFlags=0x0, pointerCount=1, historySize=0, eventTime=221257, downTime=221187, deviceId=0, source=0x1002 }
W/dalvikvm(  928): DroidBox: { "FdAccess": { "path": "2f6465762f696e7075742f6576656e7430", "id": "1380243114" } }
W/DroidBox(  928): DroidBox: { "FileRW": { "operation": "write", "data": "efbfbd060000efbfbdefbfbd0c000500000000000000", "id": "1380243114" } }
W/dalvikvm(  421): DroidBox: { "FdAccess": { "path": "2f70726f632f6d656d696e666f", "id": "202140044" } }
W/DroidBox(  421): DroidBox: { "FileRW": { "operation": "read", "data": "4d656d546f74616c3a202020202020202020373438393634206b420a4d656d467265653a20202020202020202020343539363336206b420a427566666572733a20202020202020202020202035353634206b420a4361636865643a202020202020202020", "id": "202140044" } }
D/PhoneStatusBar(  421): disable: < expand icons alerts TICKER* system_info back home recent clock >
I/ActivityManager(  227): START {act=android.intent.action.CALL_BUTTON flg=0x10000000 cmp=com.android.contacts/.activities.DialtactsActivity u=0} from pid 421
V/PhoneStatusBar(  421): setLightsOn(true)
I/Choreographer(  421): Skipped 48 frames!  The application may be doing too much work on its main thread.
W/dalvikvm(  421): DroidBox: { "FdAccess": { "path": "2f70726f632f6d656d696e666f", "id": "1909917728" } }
W/DroidBox(  421): DroidBox: { "FileRW": { "operation": "read", "data": "4d656d546f74616c3a202020202020202020373438393634206b420a4d656d467265653a20202020202020202020343539363336206b420a427566666572733a20202020202020202020202035353634206b420a4361636865643a202020202020202020", "id": "1909917728" } }
I/Choreographer(  978): Skipped 41 frames!  The application may be doing too much work on its main thread.
W/dalvikvm(  421): DroidBox: { "FdAccess": { "path": "2f70726f632f6d656d696e666f", "id": "1865065642" } }
W/DroidBox(  421): DroidBox: { "FileRW": { "operation": "read", "data": "4d656d546f74616c3a202020202020202020373438393634206b420a4d656d467265653a20202020202020202020343539363336206b420a427566666572733a20202020202020202020202035353634206b420a4361636865643a202020202020202020", "id": "1865065642" } }
W/dalvikvm(  421): DroidBox: { "FdAccess": { "path": "2f70726f632f6d656d696e666f", "id": "2011209169" } }
W/DroidBox(  421): DroidBox: { "FileRW": { "operation": "read", "data": "4d656d546f74616c3a202020202020202020373438393634206b420a4d656d467265653a20202020202020202020343539363336206b420a427566666572733a20202020202020202020202035353634206b420a4361636865643a202020202020202020", "id": "2011209169" } }
I/Choreographer(  978): Skipped 32 frames!  The application may be doing too much work on its main thread.
W/InputMethodManagerService(  227): Window already focused, ignoring focus gain of: com.android.internal.view.IInputMethodClient$Stub$Proxy@b3f554b8 attribute=android.view.inputmethod.EditorInfo@b41b7e90
I/Choreographer(  421): Skipped 57 frames!  The application may be doing too much work on its main thread.
V/PhoneStatusBar(  421): setLightsOn(true)
D/PhoneStatusBar(  421): disable: < expand icons alerts ticker* system_info back home recent clock >
I/Choreographer(  978): Skipped 35 frames!  The application may be doing too much work on its main thread.
D/InputEventConsistencyVerifier(  978): KeyEvent: ACTION_UP but key was not down.
D/InputEventConsistencyVerifier(  978):   in com.android.internal.policy.impl.PhoneWindow$DecorView@b3ea2958
D/InputEventConsistencyVerifier(  978):   0: sent at 234035000000, KeyEvent { action=ACTION_UP, keyCode=KEYCODE_DPAD_DOWN, scanCode=0, metaState=0, flags=0x8, repeatCount=0, eventTime=234035, downTime=234035, deviceId=-1, source=0x101 }
D/InputEventConsistencyVerifier(  978):   -- recent events --
D/InputEventConsistencyVerifier(  978):   1: sent at 233559000000, MotionEvent { action=ACTION_UP, id[0]=0, x[0]=55.0, y[0]=439.0, toolType[0]=TOOL_TYPE_UNKNOWN, buttonState=0, metaState=0, flags=0x0, edgeFlags=0x0, pointerCount=1, historySize=0, eventTime=233559, downTime=233540, deviceId=0, source=0x1002 }
D/InputEventConsistencyVerifier(  978):   2: sent at 233541000000, MotionEvent { action=ACTION_DOWN, id[0]=0, x[0]=48.0, y[0]=430.0, toolType[0]=TOOL_TYPE_UNKNOWN, buttonState=0, metaState=0, flags=0x0, edgeFlags=0x0, pointerCount=1, historySize=0, eventTime=233541, downTime=233540, deviceId=0, source=0x1002 }
D/InputEventConsistencyVerifier(  978):   3: sent at 233513000000, (unhandled) KeyEvent { action=ACTION_UP, keyCode=KEYCODE_MOVE_HOME, scanCode=0, metaState=0, flags=0x8, repeatCount=0, eventTime=233513, downTime=233513, deviceId=-1, source=0x101 }
D/InputEventConsistencyVerifier(  978):   4: sent at 233437000000, (unhandled) KeyEvent { action=ACTION_DOWN, keyCode=KEYCODE_MOVE_HOME, scanCode=0, metaState=0, flags=0x8, repeatCount=0, eventTime=233437, downTime=233437, deviceId=-1, source=0x101 }
D/InputEventConsistencyVerifier(  978):   5: sent at 233391000000, (unhandled) KeyEvent { action=ACTION_UP, keyCode=KEYCODE_DPAD_DOWN, scanCode=0, metaState=0, flags=0x8, repeatCount=0, eventTime=233391, downTime=233391, deviceId=-1, source=0x101 }
D/InputEventConsistencyVerifier(  421): TouchEvent: ACTION_DOWN but pointers are already down.  Probably missing ACTION_UP from previous gesture.
D/InputEventConsistencyVerifier(  421):   in android.view.ScaleGestureDetector@b3f121f0
D/InputEventConsistencyVerifier(  421):   0: sent at 234560000000, MotionEvent { action=ACTION_DOWN, id[0]=0, x[0]=396.0, y[0]=22.0, toolType[0]=TOOL_TYPE_UNKNOWN, buttonState=0, metaState=0, flags=0x0, edgeFlags=0x0, pointerCount=1, historySize=0, eventTime=234560, downTime=234560, deviceId=0, source=0x1002 }
D/InputEventConsistencyVerifier(  421):   -- recent events --
D/InputEventConsistencyVerifier(  421):   1: sent at 233917000000, MotionEvent { action=ACTION_DOWN, id[0]=0, x[0]=343.0, y[0]=172.0, toolType[0]=TOOL_TYPE_UNKNOWN, buttonState=0, metaState=0, flags=0x0, edgeFlags=0x0, pointerCount=1, historySize=0, eventTime=233917, downTime=233915, deviceId=0, source=0x1002 }
D/InputEventConsistencyVerifier(  421):   2: sent at 233603000000, MotionEvent { action=ACTION_UP, id[0]=0, x[0]=320.0, y[0]=30.0, toolType[0]=TOOL_TYPE_UNKNOWN, buttonState=0, metaState=0, flags=0x0, edgeFlags=0x0, pointerCount=1, historySize=0, eventTime=233603, downTime=233575, deviceId=0, source=0x1002 }
D/InputEventConsistencyVerifier(  421):   3: sent at 233575000000, MotionEvent { action=ACTION_DOWN, id[0]=0, x[0]=316.0, y[0]=29.0, toolType[0]=TOOL_TYPE_UNKNOWN, buttonState=0, metaState=0, flags=0x80000000, edgeFlags=0x0, pointerCount=1, historySize=0, eventTime=233575, downTime=233575, deviceId=0, source=0x1002 }
D/InputEventConsistencyVerifier(  421):   4: sent at 221766000000, MotionEvent { action=ACTION_MOVE, id[0]=0, x[0]=404.0, y[0]=494.0, toolType[0]=TOOL_TYPE_UNKNOWN, buttonState=0, metaState=0, flags=0x0, edgeFlags=0x0, pointerCount=1, historySize=6, eventTime=221766, downTime=221730, deviceId=0, source=0x1002 }
D/InputEventConsistencyVerifier(  421):   5: sent at 221732000000, MotionEvent { action=ACTION_DOWN, id[0]=0, x[0]=463.0, y[0]=438.0, toolType[0]=TOOL_TYPE_UNKNOWN, buttonState=0, metaState=0, flags=0x80000000, edgeFlags=0x0, pointerCount=1, historySize=0, eventTime=221732, downTime=221730, deviceId=0, source=0x1002 }
I/Choreographer(  978): Skipped 54 frames!  The application may be doing too much work on its main thread.
W/dalvikvm(  421): DroidBox: { "FdAccess": { "path": "2f70726f632f6d656d696e666f", "id": "1851947387" } }
W/DroidBox(  421): DroidBox: { "FileRW": { "operation": "read", "data": "4d656d546f74616c3a202020202020202020373438393634206b420a4d656d467265653a20202020202020202020343539363336206b420a427566666572733a20202020202020202020202035353634206b420a4361636865643a202020202020202020", "id": "1851947387" } }
D/InputEventConsistencyVerifier(  421): KeyEvent: ACTION_UP but key was not down.
D/InputEventConsistencyVerifier(  421):   in com.android.systemui.statusbar.phone.PhoneStatusBarView@b3e84170
D/InputEventConsistencyVerifier(  421):   0: sent at 234840000000, KeyEvent { action=ACTION_UP, keyCode=KEYCODE_NUMPAD_2, scanCode=0, metaState=0, flags=0x8, repeatCount=0, eventTime=234840, downTime=234840, deviceId=-1, source=0x101 }
D/InputEventConsistencyVerifier(  421):   -- recent events --
D/InputEventConsistencyVerifier(  421):   1: sent at 234571000000, MotionEvent { action=ACTION_UP, id[0]=0, x[0]=401.0, y[0]=37.0, toolType[0]=TOOL_TYPE_UNKNOWN, buttonState=0, metaState=0, flags=0x0, edgeFlags=0x0, pointerCount=1, historySize=0, eventTime=234571, downTime=234560, deviceId=0, source=0x1002 }
D/InputEventConsistencyVerifier(  421):   2: sent at 234560000000, MotionEvent { action=ACTION_DOWN, id[0]=0, x[0]=396.0, y[0]=22.0, toolType[0]=TOOL_TYPE_UNKNOWN, buttonState=0, metaState=0, flags=0x80000000, edgeFlags=0x0, pointerCount=1, historySize=0, eventTime=234560, downTime=234560, deviceId=0, source=0x1002 }
D/InputEventConsistencyVerifier(  421):   3: sent at 233603000000, MotionEvent { action=ACTION_UP, id[0]=0, x[0]=320.0, y[0]=30.0, toolType[0]=TOOL_TYPE_UNKNOWN, buttonState=0, metaState=0, flags=0x0, edgeFlags=0x0, pointerCount=1, historySize=0, eventTime=233603, downTime=233575, deviceId=0, source=0x1002 }
D/InputEventConsistencyVerifier(  421):   4: sent at 233575000000, MotionEvent { action=ACTION_DOWN, id[0]=0, x[0]=316.0, y[0]=29.0, toolType[0]=TOOL_TYPE_UNKNOWN, buttonState=0, metaState=0, flags=0x80000000, edgeFlags=0x0, pointerCount=1, historySize=0, eventTime=233575, downTime=233575, deviceId=0, source=0x1002 }
D/InputEventConsistencyVerifier(  421):   5: sent at 222456000000, (unhandled) KeyEvent { action=ACTION_UP, keyCode=KEYCODE_DPAD_LEFT, scanCode=0, metaState=0, flags=0x400, repeatCount=0, eventTime=222456, downTime=222456, deviceId=-1, source=0x101 }
D/InputEventConsistencyVerifier(  421): KeyEvent: ACTION_UP but key was not down.
D/InputEventConsistencyVerifier(  421):   in com.android.systemui.statusbar.phone.StatusBarWindowView@b3e821d8
D/InputEventConsistencyVerifier(  421):   0: sent at 234840000000, KeyEvent { action=ACTION_UP, keyCode=KEYCODE_DPAD_DOWN, scanCode=0, metaState=0, flags=0x8, repeatCount=0, eventTime=234840, downTime=234840, deviceId=-1, source=0x101 }
D/InputEventConsistencyVerifier(  421):   -- recent events --
D/InputEventConsistencyVerifier(  421):   1: sent at 234840000000, (unhandled) KeyEvent { action=ACTION_UP, keyCode=KEYCODE_NUMPAD_2, scanCode=0, metaState=0, flags=0x8, repeatCount=0, eventTime=234840, downTime=234840, deviceId=-1, source=0x101 }
D/InputEventConsistencyVerifier(  421):   2: sent at 234835000000, (unhandled) KeyEvent { action=ACTION_DOWN, keyCode=KEYCODE_NUMPAD_2, scanCode=0, metaState=0, flags=0x8, repeatCount=0, eventTime=234835, downTime=234835, deviceId=-1, source=0x101 }
D/InputEventConsistencyVerifier(  421):   3: sent at 234571000000, MotionEvent { action=ACTION_UP, id[0]=0, x[0]=401.0, y[0]=37.0, toolType[0]=TOOL_TYPE_UNKNOWN, buttonState=0, metaState=0, flags=0x0, edgeFlags=0x0, pointerCount=1, historySize=0, eventTime=234571, downTime=234560, deviceId=0, source=0x1002 }
D/InputEventConsistencyVerifier(  421):   4: sent at 234560000000, MotionEvent { action=ACTION_DOWN, id[0]=0, x[0]=396.0, y[0]=22.0, toolType[0]=TOOL_TYPE_UNKNOWN, buttonState=0, metaState=0, flags=0x0, edgeFlags=0x0, pointerCount=1, historySize=0, eventTime=234560, downTime=234560, deviceId=0, source=0x1002 }
D/InputEventConsistencyVerifier(  421):   5: sent at 233971000000, MotionEvent { action=ACTION_UP, id[0]=0, x[0]=368.0, y[0]=124.0, toolType[0]=TOOL_TYPE_UNKNOWN, buttonState=0, metaState=0, flags=0x0, edgeFlags=0x0, pointerCount=1, historySize=0, eventTime=233971, downTime=233915, deviceId=0, source=0x1002 }
I/Choreographer(  421): Skipped 112 frames!  The application may be doing too much work on its main thread.
I/Choreographer(  978): Skipped 88 frames!  The application may be doing too much work on its main thread.
W/dalvikvm(  421): DroidBox: { "FdAccess": { "path": "2f70726f632f6d656d696e666f", "id": "468241817" } }
W/DroidBox(  421): DroidBox: { "FileRW": { "operation": "read", "data": "4d656d546f74616c3a202020202020202020373438393634206b420a4d656d467265653a20202020202020202020343539363336206b420a427566666572733a20202020202020202020202035353634206b420a4361636865643a202020202020202020", "id": "468241817" } }
D/InputEventConsistencyVerifier(  978): KeyEvent: ACTION_UP but key was not down.
D/InputEventConsistencyVerifier(  978):   in com.android.internal.policy.impl.PhoneWindow$DecorView@b3ea2958
D/InputEventConsistencyVerifier(  978):   0: sent at 234662000000, KeyEvent { action=ACTION_UP, keyCode=KEYCODE_DPAD_UP, scanCode=0, metaState=0, flags=0x400, repeatCount=0, eventTime=234662, downTime=234662, deviceId=-1, source=0x101 }
D/InputEventConsistencyVerifier(  978):   -- recent events --
D/InputEventConsistencyVerifier(  978):   1: sent at 234414000000, (unhandled) MotionEvent { action=ACTION_MOVE, id[0]=0, x[0]=4.0, y[0]=-4.0, toolType[0]=TOOL_TYPE_UNKNOWN, buttonState=0, metaState=0, flags=0x0, edgeFlags=0x0, pointerCount=1, historySize=9, eventTime=234414, downTime=-1, deviceId=0, source=0x10004 }
D/InputEventConsistencyVerifier(  978):   2: sent at 234423000000, MotionEvent { action=ACTION_UP, id[0]=0, x[0]=196.0, y[0]=383.0, toolType[0]=TOOL_TYPE_UNKNOWN, buttonState=0, metaState=0, flags=0x0, edgeFlags=0x0, pointerCount=1, historySize=0, eventTime=234423, downTime=234418, deviceId=0, source=0x1002 }
D/InputEventConsistencyVerifier(  978):   3: sent at 234418000000, MotionEvent { action=ACTION_DOWN, id[0]=0, x[0]=188.0, y[0]=386.0, toolType[0]=TOOL_TYPE_UNKNOWN, buttonState=0, metaState=0, flags=0x0, edgeFlags=0x0, pointerCount=1, historySize=0, eventTime=234418, downTime=234418, deviceId=0, source=0x1002 }
D/InputEventConsistencyVerifier(  978):   4: sent at 234357000000, MotionEvent { action=ACTION_UP, id[0]=0, x[0]=453.0, y[0]=549.0, toolType[0]=TOOL_TYPE_UNKNOWN, buttonState=0, metaState=0, flags=0x0, edgeFlags=0x0, pointerCount=1, historySize=0, eventTime=234357, downTime=234350, deviceId=0, source=0x1002 }
D/InputEventConsistencyVerifier(  978):   5: sent at 234351000000, MotionEvent { action=ACTION_DOWN, id[0]=0, x[0]=459.0, y[0]=550.0, toolType[0]=TOOL_TYPE_UNKNOWN, buttonState=0, metaState=0, flags=0x0, edgeFlags=0x0, pointerCount=1, historySize=0, eventTime=234351, downTime=234350, deviceId=0, source=0x1002 }
D/PhoneStatusBar(  421): disable: < expand icons alerts TICKER* system_info back home recent clock >
V/PhoneStatusBar(  421): setLightsOn(true)
I/Choreographer(  421): Skipped 43 frames!  The application may be doing too much work on its main thread.
D/InputEventConsistencyVerifier(  421): KeyEvent: ACTION_UP but key was not down.
D/InputEventConsistencyVerifier(  421):   in com.android.systemui.statusbar.phone.StatusBarWindowView@b3e821d8
D/InputEventConsistencyVerifier(  421):   0: sent at 235419000000, KeyEvent { action=ACTION_UP, keyCode=KEYCODE_DPAD_LEFT, scanCode=0, metaState=0, flags=0x400, repeatCount=0, eventTime=235419, downTime=235419, deviceId=-1, source=0x101 }
D/InputEventConsistencyVerifier(  421):   -- recent events --
D/InputEventConsistencyVerifier(  421):   1: sent at 235205000000, (unhandled) MotionEvent { action=ACTION_MOVE, id[0]=0, x[0]=-2.0, y[0]=1.0, toolType[0]=TOOL_TYPE_UNKNOWN, buttonState=0, metaState=0, flags=0x0, edgeFlags=0x0, pointerCount=1, historySize=9, eventTime=235205, downTime=-1, deviceId=0, source=0x10004 }
D/InputEventConsistencyVerifier(  421):   2: sent at 235222000000, MotionEvent { action=ACTION_UP, id[0]=0, x[0]=86.0, y[0]=202.0, toolType[0]=TOOL_TYPE_UNKNOWN, buttonState=0, metaState=0, flags=0x0, edgeFlags=0x0, pointerCount=1, historySize=0, eventTime=235222, downTime=235214, deviceId=0, source=0x1002 }
D/InputEventConsistencyVerifier(  421):   3: sent at 235215000000, MotionEvent { action=ACTION_DOWN, id[0]=0, x[0]=87.0, y[0]=201.0, toolType[0]=TOOL_TYPE_UNKNOWN, buttonState=0, metaState=0, flags=0x0, edgeFlags=0x0, pointerCount=1, historySize=0, eventTime=235215, downTime=235214, deviceId=0, source=0x1002 }
D/InputEventConsistencyVerifier(  421):   4: sent at 235161000000, (unhandled) KeyEvent { action=ACTION_UP, keyCode=KEYCODE_DPAD_CENTER, scanCode=0, metaState=0, flags=0x8, repeatCount=0, eventTime=235161, downTime=235161, deviceId=-1, source=0x101 }
D/InputEventConsistencyVerifier(  421):   5: sent at 235083000000, (unhandled) KeyEvent { action=ACTION_DOWN, keyCode=KEYCODE_DPAD_CENTER, scanCode=0, metaState=0, flags=0x8, repeatCount=0, eventTime=235083, downTime=235083, deviceId=-1, source=0x101 }
W/dalvikvm(  421): DroidBox: { "FdAccess": { "path": "2f70726f632f6d656d696e666f", "id": "98175035" } }
W/DroidBox(  421): DroidBox: { "FileRW": { "operation": "read", "data": "4d656d546f74616c3a202020202020202020373438393634206b420a4d656d467265653a20202020202020202020343539363336206b420a427566666572733a20202020202020202020202035353634206b420a4361636865643a202020202020202020", "id": "98175035" } }
D/InputEventConsistencyVerifier(  421): TouchEvent: ACTION_DOWN but pointers are already down.  Probably missing ACTION_UP from previous gesture.
D/InputEventConsistencyVerifier(  421):   in android.view.ScaleGestureDetector@b3f121f0
D/InputEventConsistencyVerifier(  421):   0: sent at 235516000000, MotionEvent { action=ACTION_DOWN, id[0]=0, x[0]=131.0, y[0]=443.0, toolType[0]=TOOL_TYPE_UNKNOWN, buttonState=0, metaState=0, flags=0x0, edgeFlags=0x0, pointerCount=1, historySize=0, eventTime=235516, downTime=235479, deviceId=0, source=0x1002 }
D/InputEventConsistencyVerifier(  421):   -- recent events --
D/InputEventConsistencyVerifier(  421):   1: sent at 235215000000, MotionEvent { action=ACTION_DOWN, id[0]=0, x[0]=87.0, y[0]=201.0, toolType[0]=TOOL_TYPE_UNKNOWN, buttonState=0, metaState=0, flags=0x0, edgeFlags=0x0, pointerCount=1, historySize=0, eventTime=235215, downTime=235214, deviceId=0, source=0x1002 }
D/InputEventConsistencyVerifier(  421):   2: sent at 234571000000, MotionEvent { action=ACTION_UP, id[0]=0, x[0]=401.0, y[0]=37.0, toolType[0]=TOOL_TYPE_UNKNOWN, buttonState=0, metaState=0, flags=0x0, edgeFlags=0x0, pointerCount=1, historySize=0, eventTime=234571, downTime=234560, deviceId=0, source=0x1002 }
D/InputEventConsistencyVerifier(  421):   3: sent at 234560000000, MotionEvent { action=ACTION_DOWN, id[0]=0, x[0]=396.0, y[0]=22.0, toolType[0]=TOOL_TYPE_UNKNOWN, buttonState=0, metaState=0, flags=0x80000000, edgeFlags=0x0, pointerCount=1, historySize=0, eventTime=234560, downTime=234560, deviceId=0, source=0x1002 }
D/InputEventConsistencyVerifier(  421):   4: sent at 233917000000, MotionEvent { action=ACTION_DOWN, id[0]=0, x[0]=343.0, y[0]=172.0, toolType[0]=TOOL_TYPE_UNKNOWN, buttonState=0, metaState=0, flags=0x0, edgeFlags=0x0, pointerCount=1, historySize=0, eventTime=233917, downTime=233915, deviceId=0, source=0x1002 }
D/InputEventConsistencyVerifier(  421):   5: sent at 233603000000, MotionEvent { action=ACTION_UP, id[0]=0, x[0]=320.0, y[0]=30.0, toolType[0]=TOOL_TYPE_UNKNOWN, buttonState=0, metaState=0, flags=0x0, edgeFlags=0x0, pointerCount=1, historySize=0, eventTime=233603, downTime=233575, deviceId=0, source=0x1002 }
I/Choreographer(  421): Skipped 51 frames!  The application may be doing too much work on its main thread.
V/PhoneStatusBar(  421): setLightsOn(true)
D/PhoneStatusBar(  421): disable: < expand icons alerts ticker* system_info back home recent clock >
W/InputMethodManagerService(  227): Window already focused, ignoring focus gain of: com.android.internal.view.IInputMethodClient$Stub$Proxy@b3f5c278 attribute=android.view.inputmethod.EditorInfo@b41aaf38
D/InputEventConsistencyVerifier(  978): KeyEvent: ACTION_UP but key was not down.
D/InputEventConsistencyVerifier(  978):   in com.android.internal.policy.impl.PhoneWindow$DecorView@b3ea2958
D/InputEventConsistencyVerifier(  978):   0: sent at 235861000000, KeyEvent { action=ACTION_UP, keyCode=KEYCODE_DPAD_DOWN, scanCode=0, metaState=0, flags=0x8, repeatCount=0, eventTime=235861, downTime=235861, deviceId=-1, source=0x101 }
D/InputEventConsistencyVerifier(  978):   -- recent events --
D/InputEventConsistencyVerifier(  978):   1: sent at 234814000000, MotionEvent { action=ACTION_UP, id[0]=0, x[0]=248.0, y[0]=706.0, toolType[0]=TOOL_TYPE_UNKNOWN, buttonState=0, metaState=0, flags=0x0, edgeFlags=0x0, pointerCount=1, historySize=0, eventTime=234814, downTime=234738, deviceId=0, source=0x1002 }
D/InputEventConsistencyVerifier(  978):   2: sent at 234806000000, MotionEvent { action=ACTION_MOVE, id[0]=0, x[0]=244.0, y[0]=704.0, toolType[0]=TOOL_TYPE_UNKNOWN, buttonState=0, metaState=0, flags=0x0, edgeFlags=0x0, pointerCount=1, historySize=8, eventTime=234806, downTime=234738, deviceId=0, source=0x1002 }
D/InputEventConsistencyVerifier(  978):   3: sent at 234751000000, MotionEvent { action=ACTION_DOWN, id[0]=0, x[0]=227.0, y[0]=649.0, toolType[0]=TOOL_TYPE_UNKNOWN, buttonState=0, metaState=0, flags=0x0, edgeFlags=0x0, pointerCount=1, historySize=0, eventTime=234751, downTime=234738, deviceId=0, source=0x1002 }
D/InputEventConsistencyVerifier(  978):   4: sent at 234666000000, (unhandled) KeyEvent { action=ACTION_UP, keyCode=KEYCODE_DPAD_UP, scanCode=0, metaState=0, flags=0x400, repeatCount=0, eventTime=234666, downTime=234666, deviceId=-1, source=0x101 }
D/InputEventConsistencyVerifier(  978):   5: sent at 234666000000, (unhandled) KeyEvent { action=ACTION_DOWN, keyCode=KEYCODE_DPAD_UP, scanCode=0, metaState=0, flags=0x400, repeatCount=0, eventTime=234666, downTime=234666, deviceId=-1, source=0x101 }
D/InputEventConsistencyVerifier(  978): KeyEvent: ACTION_UP but key was not down.
D/InputEventConsistencyVerifier(  978):   in android.widget.Button@b3e72898
D/InputEventConsistencyVerifier(  978):   0: sent at 236102000000, KeyEvent { action=ACTION_UP, keyCode=KEYCODE_DPAD_DOWN, scanCode=0, metaState=0, flags=0x8, repeatCount=0, eventTime=236102, downTime=236102, deviceId=-1, source=0x101 }
D/InputEventConsistencyVerifier(  978):   -- recent events --
D/InputEventConsistencyVerifier(  978):   1: sent at 233513000000, (unhandled) KeyEvent { action=ACTION_UP, keyCode=KEYCODE_MOVE_HOME, scanCode=0, metaState=0, flags=0x8, repeatCount=0, eventTime=233513, downTime=233513, deviceId=-1, source=0x101 }
D/InputEventConsistencyVerifier(  978):   2: sent at 233437000000, (unhandled) KeyEvent { action=ACTION_DOWN, keyCode=KEYCODE_MOVE_HOME, scanCode=0, metaState=0, flags=0x8, repeatCount=0, eventTime=233437, downTime=233437, deviceId=-1, source=0x101 }
D/InputEventConsistencyVerifier(  978):   3: sent at 233391000000, (unhandled) KeyEvent { action=ACTION_UP, keyCode=KEYCODE_DPAD_DOWN, scanCode=0, metaState=0, flags=0x80000008, repeatCount=0, eventTime=233391, downTime=233391, deviceId=-1, source=0x101 }
D/InputEventConsistencyVerifier(  978):   4: sent at 232755000000, (unhandled) KeyEvent { action=ACTION_UP, keyCode=KEYCODE_DPAD_DOWN, scanCode=0, metaState=0, flags=0x8, repeatCount=0, eventTime=232755, downTime=232755, deviceId=-1, source=0x101 }
D/InputEventConsistencyVerifier(  978):   5: sent at 230669000000, (unhandled) KeyEvent { action=ACTION_DOWN, keyCode=KEYCODE_DPAD_DOWN, scanCode=0, metaState=0, flags=0x400, repeatCount=0, eventTime=230669, downTime=230669, deviceId=-1, source=0x101 }
D/InputEventConsistencyVerifier(  978): KeyEvent: ACTION_UP but key was not down.
D/InputEventConsistencyVerifier(  978):   in android.widget.Button@b3e75e08
D/InputEventConsistencyVerifier(  978):   0: sent at 236190000000, KeyEvent { action=ACTION_UP, keyCode=KEYCODE_DPAD_DOWN, scanCode=0, metaState=0, flags=0x8, repeatCount=0, eventTime=236190, downTime=236190, deviceId=-1, source=0x101 }
D/InputEventConsistencyVerifier(  978):   -- recent events --
D/InputEventConsistencyVerifier(  978):   1: sent at 231881000000, MotionEvent { action=ACTION_UP, id[0]=0, x[0]=231.0, y[0]=55.0, toolType[0]=TOOL_TYPE_UNKNOWN, buttonState=0, metaState=0, flags=0x0, edgeFlags=0x0, pointerCount=1, historySize=0, eventTime=231881, downTime=231861, deviceId=0, source=0x1002 }
D/InputEventConsistencyVerifier(  978):   2: sent at 231871000000, MotionEvent { action=ACTION_DOWN, id[0]=0, x[0]=232.0, y[0]=50.0, toolType[0]=TOOL_TYPE_UNKNOWN, buttonState=0, metaState=0, flags=0x0, edgeFlags=0x0, pointerCount=1, historySize=0, eventTime=231871, downTime=231861, deviceId=0, source=0x1002 }
D/InputEventConsistencyVerifier(  978):   3: sent at 230672000000, (unhandled) KeyEvent { action=ACTION_UP, keyCode=KEYCODE_DPAD_DOWN, scanCode=0, metaState=0, flags=0x400, repeatCount=0, eventTime=230672, downTime=230672, deviceId=-1, source=0x101 }
D/InputEventConsistencyVerifier(  978):   4: sent at 230672000000, (unhandled) KeyEvent { action=ACTION_DOWN, keyCode=KEYCODE_DPAD_DOWN, scanCode=0, metaState=0, flags=0x400, repeatCount=0, eventTime=230672, downTime=230672, deviceId=-1, source=0x101 }
D/InputEventConsistencyVerifier(  978):   5: sent at 230671000000, (unhandled) KeyEvent { action=ACTION_UP, keyCode=KEYCODE_DPAD_DOWN, scanCode=0, metaState=0, flags=0x400, repeatCount=0, eventTime=230671, downTime=230671, deviceId=-1, source=0x101 }
I/Choreographer(  978): Skipped 32 frames!  The application may be doing too much work on its main thread.
D/InputEventConsistencyVerifier(  421): TouchEvent: ACTION_DOWN but pointers are already down.  Probably missing ACTION_UP from previous gesture.
D/InputEventConsistencyVerifier(  421):   in android.view.ScaleGestureDetector@b3f121f0
D/InputEventConsistencyVerifier(  421):   0: sent at 236352000000, MotionEvent { action=ACTION_DOWN, id[0]=0, x[0]=266.0, y[0]=26.0, toolType[0]=TOOL_TYPE_UNKNOWN, buttonState=0, metaState=0, flags=0x0, edgeFlags=0x0, pointerCount=1, historySize=0, eventTime=236352, downTime=236352, deviceId=0, source=0x1002 }
D/InputEventConsistencyVerifier(  421):   -- recent events --
D/InputEventConsistencyVerifier(  421):   1: sent at 235516000000, MotionEvent { action=ACTION_DOWN, id[0]=0, x[0]=131.0, y[0]=443.0, toolType[0]=TOOL_TYPE_UNKNOWN, buttonState=0, metaState=0, flags=0x80000000, edgeFlags=0x0, pointerCount=1, historySize=0, eventTime=235516, downTime=235479, deviceId=0, source=0x1002 }
D/InputEventConsistencyVerifier(  421):   2: sent at 235215000000, MotionEvent { action=ACTION_DOWN, id[0]=0, x[0]=87.0, y[0]=201.0, toolType[0]=TOOL_TYPE_UNKNOWN, buttonState=0, metaState=0, flags=0x0, edgeFlags=0x0, pointerCount=1, historySize=0, eventTime=235215, downTime=235214, deviceId=0, source=0x1002 }
D/InputEventConsistencyVerifier(  421):   3: sent at 234571000000, MotionEvent { action=ACTION_UP, id[0]=0, x[0]=401.0, y[0]=37.0, toolType[0]=TOOL_TYPE_UNKNOWN, buttonState=0, metaState=0, flags=0x0, edgeFlags=0x0, pointerCount=1, historySize=0, eventTime=234571, downTime=234560, deviceId=0, source=0x1002 }
D/InputEventConsistencyVerifier(  421):   4: sent at 234560000000, MotionEvent { action=ACTION_DOWN, id[0]=0, x[0]=396.0, y[0]=22.0, toolType[0]=TOOL_TYPE_UNKNOWN, buttonState=0, metaState=0, flags=0x80000000, edgeFlags=0x0, pointerCount=1, historySize=0, eventTime=234560, downTime=234560, deviceId=0, source=0x1002 }
D/InputEventConsistencyVerifier(  421):   5: sent at 233917000000, MotionEvent { action=ACTION_DOWN, id[0]=0, x[0]=343.0, y[0]=172.0, toolType[0]=TOOL_TYPE_UNKNOWN, buttonState=0, metaState=0, flags=0x0, edgeFlags=0x0, pointerCount=1, historySize=0, eventTime=233917, downTime=233915, deviceId=0, source=0x1002 }
W/dalvikvm(  421): DroidBox: { "FdAccess": { "path": "2f70726f632f6d656d696e666f", "id": "880971483" } }
W/DroidBox(  421): DroidBox: { "FileRW": { "operation": "read", "data": "4d656d546f74616c3a202020202020202020373438393634206b420a4d656d467265653a20202020202020202020343539353132206b420a427566666572733a20202020202020202020202035353634206b420a4361636865643a202020202020202020", "id": "880971483" } }
W/dalvikvm(  421): DroidBox: { "FdAccess": { "path": "2f70726f632f6d656d696e666f", "id": "951958418" } }
W/DroidBox(  421): DroidBox: { "FileRW": { "operation": "read", "data": "4d656d546f74616c3a202020202020202020373438393634206b420a4d656d467265653a20202020202020202020343539353132206b420a427566666572733a20202020202020202020202035353634206b420a4361636865643a202020202020202020", "id": "951958418" } }
D/PhoneStatusBar(  421): disable: < expand icons alerts TICKER* system_info back home recent clock >
V/PhoneStatusBar(  421): setLightsOn(true)
D/InputEventConsistencyVerifier(  421): KeyEvent: ACTION_UP but key was not down.
D/InputEventConsistencyVerifier(  421):   in com.android.systemui.statusbar.phone.StatusBarWindowView@b3e821d8
D/InputEventConsistencyVerifier(  421):   0: sent at 236572000000, KeyEvent { action=ACTION_UP, keyCode=KEYCODE_DPAD_DOWN, scanCode=0, metaState=0, flags=0x8, repeatCount=0, eventTime=236572, downTime=236572, deviceId=-1, source=0x101 }
D/InputEventConsistencyVerifier(  421):   -- recent events --
D/InputEventConsistencyVerifier(  421):   1: sent at 236556000000, MotionEvent { action=ACTION_UP, id[0]=0, x[0]=421.0, y[0]=279.0, toolType[0]=TOOL_TYPE_UNKNOWN, buttonState=0, metaState=0, flags=0x0, edgeFlags=0x0, pointerCount=1, historySize=0, eventTime=236556, downTime=236511, deviceId=0, source=0x1002 }
D/InputEventConsistencyVerifier(  421):   2: sent at 236511000000, MotionEvent { action=ACTION_DOWN, id[0]=0, x[0]=421.0, y[0]=290.0, toolType[0]=TOOL_TYPE_UNKNOWN, buttonState=0, metaState=0, flags=0x0, edgeFlags=0x0, pointerCount=1, historySize=0, eventTime=236511, downTime=236511, deviceId=0, source=0x1002 }
D/InputEventConsistencyVerifier(  421):   3: sent at 236462000000, (unhandled) KeyEvent { action=ACTION_UP, keyCode=KEYCODE_MEDIA_PLAY_PAUSE, scanCode=0, metaState=0, flags=0x8, repeatCount=0, eventTime=236462, downTime=236462, deviceId=-1, source=0x101 }
D/InputEventConsistencyVerifier(  421):   4: sent at 236367000000, (unhandled) KeyEvent { action=ACTION_DOWN, keyCode=KEYCODE_MEDIA_PLAY_PAUSE, scanCode=0, metaState=0, flags=0x8, repeatCount=0, eventTime=236367, downTime=236367, deviceId=-1, source=0x101 }
D/InputEventConsistencyVerifier(  421):   5: sent at 236361000000, MotionEvent { action=ACTION_UP, id[0]=0, x[0]=259.0, y[0]=24.0, toolType[0]=TOOL_TYPE_UNKNOWN, buttonState=0, metaState=0, flags=0x0, edgeFlags=0x0, pointerCount=1, historySize=0, eventTime=236361, downTime=236352, deviceId=0, source=0x1002 }
I/Choreographer(  227): Skipped 33 frames!  The application may be doing too much work on its main thread.
I/Choreographer(  978): Skipped 53 frames!  The application may be doing too much work on its main thread.
D/InputEventConsistencyVerifier(  978): KeyEvent: ACTION_UP but key was not down.
D/InputEventConsistencyVerifier(  978):   in android.view.ViewRootImpl@b3e6ee70
D/InputEventConsistencyVerifier(  978):   0: sent at 236592000000, KeyEvent { action=ACTION_UP, keyCode=KEYCODE_MENU, scanCode=0, metaState=0, flags=0x8, repeatCount=0, eventTime=236592, downTime=236592, deviceId=-1, source=0x101 }
V/PhoneStatusBar(  421): setLightsOn(true)
D/PhoneStatusBar(  421): disable: < expand icons alerts ticker* system_info back home recent clock >
W/DroidBox( 1103): DroidBox: { "ServiceStart": { "name": "com.android.music.MediaPlaybackService" } }
W/DroidBox( 1103): DroidBox: { "ServiceStart": { "name": "com.android.music.MediaPlaybackService" } }
I/AudioService(  227):  AudioFocus  requestAudioFocus() from android.media.AudioManager@b3e61548com.android.music.MediaPlaybackService$3@b3e5fd80
I/AudioService(  227):   Remote Control   registerMediaButtonIntent() for PendingIntent{b3f63ae0: PendingIntentRecord{b4132860 com.android.music broadcastIntent}}
I/Choreographer(  978): Skipped 94 frames!  The application may be doing too much work on its main thread.
I/Choreographer(  978): Skipped 100 frames!  The application may be doing too much work on its main thread.
W/InputMethodManagerService(  227): Window already focused, ignoring focus gain of: com.android.internal.view.IInputMethodClient$Stub$Proxy@b3f68818 attribute=android.view.inputmethod.EditorInfo@b419b250
D/InputEventConsistencyVerifier(  978): KeyEvent: ACTION_UP but key was not down.
D/InputEventConsistencyVerifier(  978):   in android.widget.Button@b3e75e08
D/InputEventConsistencyVerifier(  978):   0: sent at 237547000000, KeyEvent { action=ACTION_UP, keyCode=KEYCODE_DPAD_DOWN, scanCode=0, metaState=0, flags=0x400, repeatCount=0, eventTime=237547, downTime=237547, deviceId=-1, source=0x101 }
D/InputEventConsistencyVerifier(  978):   -- recent events --
D/InputEventConsistencyVerifier(  978):   1: sent at 236270000000, (unhandled) KeyEvent { action=ACTION_UP, keyCode=KEYCODE_MENU, scanCode=0, metaState=0, flags=0x8, repeatCount=0, eventTime=236270, downTime=236270, deviceId=-1, source=0x101 }
D/InputEventConsistencyVerifier(  978):   2: sent at 236227000000, (unhandled) KeyEvent { action=ACTION_DOWN, keyCode=KEYCODE_MENU, scanCode=0, metaState=0, flags=0x8, repeatCount=0, eventTime=236227, downTime=236227, deviceId=-1, source=0x101 }
D/InputEventConsistencyVerifier(  978):   3: sent at 236190000000, (unhandled) KeyEvent { action=ACTION_UP, keyCode=KEYCODE_DPAD_DOWN, scanCode=0, metaState=0, flags=0x80000008, repeatCount=0, eventTime=236190, downTime=236190, deviceId=-1, source=0x101 }
D/InputEventConsistencyVerifier(  978):   4: sent at 231881000000, MotionEvent { action=ACTION_UP, id[0]=0, x[0]=231.0, y[0]=55.0, toolType[0]=TOOL_TYPE_UNKNOWN, buttonState=0, metaState=0, flags=0x0, edgeFlags=0x0, pointerCount=1, historySize=0, eventTime=231881, downTime=231861, deviceId=0, source=0x1002 }
D/InputEventConsistencyVerifier(  978):   5: sent at 231871000000, MotionEvent { action=ACTION_DOWN, id[0]=0, x[0]=232.0, y[0]=50.0, toolType[0]=TOOL_TYPE_UNKNOWN, buttonState=0, metaState=0, flags=0x0, edgeFlags=0x0, pointerCount=1, historySize=0, eventTime=231871, downTime=231861, deviceId=0, source=0x1002 }
D/InputEventConsistencyVerifier(  978): TrackballEvent: Trackball is down but pressure is not greater than 0.
D/InputEventConsistencyVerifier(  978):   in android.view.ViewRootImpl@b3e71c88
D/InputEventConsistencyVerifier(  978):   0: sent at 237435000000, MotionEvent { action=ACTION_DOWN, id[0]=0, x[0]=0.0, y[0]=0.0, toolType[0]=TOOL_TYPE_UNKNOWN, buttonState=0, metaState=0, flags=0x0, edgeFlags=0x0, pointerCount=1, historySize=0, eventTime=237435, downTime=237367, deviceId=0, source=0x10004 }
D/InputEventConsistencyVerifier(  978):   -- recent events --
D/InputEventConsistencyVerifier(  978):   1: sent at 237550000000, KeyEvent { action=ACTION_UP, keyCode=KEYCODE_DPAD_DOWN, scanCode=0, metaState=0, flags=0x400, repeatCount=0, eventTime=237550, downTime=237550, deviceId=-1, source=0x101 }
D/InputEventConsistencyVerifier(  978):   2: sent at 237550000000, KeyEvent { action=ACTION_DOWN, keyCode=KEYCODE_DPAD_DOWN, scanCode=0, metaState=0, flags=0x400, repeatCount=0, eventTime=237550, downTime=237550, deviceId=-1, source=0x101 }
D/InputEventConsistencyVerifier(  978):   3: sent at 237549000000, KeyEvent { action=ACTION_UP, keyCode=KEYCODE_DPAD_DOWN, scanCode=0, metaState=0, flags=0x400, repeatCount=0, eventTime=237549, downTime=237549, deviceId=-1, source=0x101 }
D/InputEventConsistencyVerifier(  978):   4: sent at 237549000000, KeyEvent { action=ACTION_DOWN, keyCode=KEYCODE_DPAD_DOWN, scanCode=0, metaState=0, flags=0x400, repeatCount=0, eventTime=237549, downTime=237549, deviceId=-1, source=0x101 }
D/InputEventConsistencyVerifier(  978):   5: sent at 237547000000, KeyEvent { action=ACTION_UP, keyCode=KEYCODE_DPAD_DOWN, scanCode=0, metaState=0, flags=0x400, repeatCount=0, eventTime=237547, downTime=237547, deviceId=-1, source=0x101 }
D/InputEventConsistencyVerifier(  978): KeyEvent: ACTION_UP but key was not down.
D/InputEventConsistencyVerifier(  978):   in com.android.internal.policy.impl.PhoneWindow$DecorView@b3ea2958
D/InputEventConsistencyVerifier(  978):   0: sent at 238008000000, KeyEvent { action=ACTION_UP, keyCode=KEYCODE_DPAD_CENTER, scanCode=0, metaState=0, flags=0x400, repeatCount=0, eventTime=238008, downTime=238008, deviceId=-1, source=0x101 }
D/InputEventConsistencyVerifier(  978):   -- recent events --
D/InputEventConsistencyVerifier(  978):   1: sent at 237459000000, MotionEvent { action=ACTION_UP, id[0]=0, x[0]=125.0, y[0]=332.0, toolType[0]=TOOL_TYPE_UNKNOWN, buttonState=0, metaState=0, flags=0x0, edgeFlags=0x0, pointerCount=1, historySize=0, eventTime=237459, downTime=237444, deviceId=0, source=0x1002 }
D/InputEventConsistencyVerifier(  978):   2: sent at 237445000000, MotionEvent { action=ACTION_DOWN, id[0]=0, x[0]=121.0, y[0]=337.0, toolType[0]=TOOL_TYPE_UNKNOWN, buttonState=0, metaState=0, flags=0x0, edgeFlags=0x0, pointerCount=1, historySize=0, eventTime=237445, downTime=237444, deviceId=0, source=0x1002 }
D/InputEventConsistencyVerifier(  978):   3: sent at 237438000000, (unhandled) MotionEvent { action=ACTION_UP, id[0]=0, x[0]=0.0, y[0]=0.0, toolType[0]=TOOL_TYPE_UNKNOWN, buttonState=0, metaState=0, flags=0x0, edgeFlags=0x0, pointerCount=1, historySize=0, eventTime=237438, downTime=237367, deviceId=0, source=0x10004 }
D/InputEventConsistencyVerifier(  978):   4: sent at 237435000000, (unhandled) MotionEvent { action=ACTION_DOWN, id[0]=0, x[0]=0.0, y[0]=0.0, toolType[0]=TOOL_TYPE_UNKNOWN, buttonState=0, metaState=0, flags=0x80000000, edgeFlags=0x0, pointerCount=1, historySize=0, even