W/dalvikvm(  225): DroidBox: { "FdAccess": { "path": "2f70726f632f3838322f636d646c696e65", "id": "81617675" } }
W/DroidBox(  225): DroidBox: { "FileRW": { "operation": "read", "data": "636f6d2e616e64726f69642e67616c6c657279336400000000000000000000000000000000000000000000000000000000000000000000000000000000000000000000000000000000000000702f34613564326136306566363861613865623437626638", "id": "81617675" } }
W/dalvikvm(  225): DroidBox: { "FdAccess": { "path": "2f70726f632f3930392f636d646c696e65", "id": "911211735" } }
W/DroidBox(  225): DroidBox: { "FileRW": { "operation": "read", "data": "636f6d2e616e64726f69642e636f6d6d616e64732e6d6f6e6b657900000000000000000000000000000000000000000000000000000000000000000000000000000000000000000000000000000000000064326136306566363861613865623437626638", "id": "911211735" } }
W/dalvikvm(  225): DroidBox: { "FdAccess": { "path": "2f70726f632f3931352f636d646c696e65", "id": "1410123414" } }
W/DroidBox(  225): DroidBox: { "FileRW": { "operation": "read", "data": "6c6f676361740044726f6964426f783a570064616c76696b766d3a570041637469766974794d616e616765723a49000000000000000000000000000000000000000000000000000000000000000000000064326136306566363861613865623437626638", "id": "1410123414" } }
W/dalvikvm(  225): DroidBox: { "FdAccess": { "path": "2f70726f632f3931372f636d646c696e65", "id": "1716422378" } }
W/DroidBox(  225): DroidBox: { "FileRW": { "operation": "read", "data": "2f73797374656d2f62696e2f7368002d63007368202e2f7364636172642f65786563757465537472616365496e2e736800000000000000000000000000000000000000000000000000000000000000000064326136306566363861613865623437626638", "id": "1716422378" } }
D/InputEventConsistencyVerifier(  630): KeyEvent: ACTION_UP but key was not down.
D/InputEventConsistencyVerifier(  630):   in com.android.internal.policy.impl.PhoneWindow$DecorView@b3e5ab10
D/InputEventConsistencyVerifier(  630):   0: sent at 95933000000, KeyEvent { action=ACTION_UP, keyCode=KEYCODE_DPAD_RIGHT, scanCode=0, metaState=0, flags=0x8, repeatCount=0, eventTime=95933, downTime=95933, deviceId=-1, source=0x101 }
W/dalvikvm(  225): DroidBox: { "FdAccess": { "path": "2f70726f632f3931392f636d646c696e65", "id": "382135513" } }
W/dalvikvm(  909): DroidBox: { "FdAccess": { "path": "2f6465762f696e7075742f6576656e7430", "id": "350552360" } }
W/DroidBox(  909): DroidBox: { "FileRW": { "operation": "write", "data": "efbfbd060000efbfbdefbfbd0c000500000000000000", "id": "350552360" } }
W/DroidBox(  225): DroidBox: { "FileRW": { "operation": "read", "data": "7368002e2f7364636172642f65786563757465537472616365496e2e736800786563757465537472616365496e2e736800000000000000000000000000000000000000000000000000000000000000000064326136306566363861613865623437626638", "id": "382135513" } }
W/dalvikvm(  225): DroidBox: { "FdAccess": { "path": "2f70726f632f3932302f636d646c696e65", "id": "1574050678" } }
W/DroidBox(  225): DroidBox: { "FileRW": { "operation": "read", "data": "737472616365002d70003630002d66002d747446002d6f002f7364636172642f346135643261363065663638616138656234376266386165376335333233646337383666303635376137626438633361663830313965393439316338653361332e61706b", "id": "1574050678" } }
W/dalvikvm(  225): DroidBox: { "FdAccess": { "path": "2f70726f632f3933322f636d646c696e65", "id": "1698626438" } }
W/DroidBox(  225): DroidBox: { "FileRW": { "operation": "read", "data": "7a79676f7465002f62696e2f6170705f70726f63657373002d587a79676f7465002f73797374656d2f62696e002d2d7a79676f7465002d2d73746172742d73797374656d2d7365727665720038633361663830313965393439316338653361332e61706b", "id": "1698626438" } }
I/ActivityManager(  225): START {act=android.search.action.GLOBAL_SEARCH flg=0x10000000 cmp=com.android.quicksearchbox/.SearchActivity bnds=[5,43][475,103] (has extras) u=0} from pid 630
I/Choreographer(  630): Skipped 35 frames!  The application may be doing too much work on its main thread.
E/Trace   (  932): error opening trace file: No such file or directory (2)
W/DroidBox(  932): DroidBox: { "DexClassLoader": { "path": "/data/app/Jk7H.PwcD-1.apk" } }
D/ExchangeService(  861): !!! EAS ExchangeService, onStartCommand, startingUp = true, running = false
I/dalvikvm-heap(  630): Grow heap (frag case) to 15.099MB for 1463056-byte allocation
D/InputEventConsistencyVerifier(  630): KeyEvent: ACTION_UP but key was not down.
D/InputEventConsistencyVerifier(  630):   in com.android.launcher2.Cling@b4109788
D/InputEventConsistencyVerifier(  630):   0: sent at 96300000000, KeyEvent { action=ACTION_UP, keyCode=KEYCODE_DPAD_DOWN, scanCode=0, metaState=0, flags=0x8, repeatCount=0, eventTime=96300, downTime=96300, deviceId=-1, source=0x101 }
I/Choreographer(  630): Skipped 242 frames!  The application may be doing too much work on its main thread.
W/InputMethodManagerService(  225): Starting input on non-focused client com.android.internal.view.IInputMethodClient$Stub$Proxy@b4250400 (uid=10019 pid=630)
I/Choreographer(  630): Skipped 82 frames!  The application may be doing too much work on its main thread.
I/Choreographer(  630): Skipped 35 frames!  The application may be doing too much work on its main thread.
I/System.out(  932): imsi: 310260
I/System.out(  932): codes: 437
I/System.out(  932): code: 437
I/System.out(  932): codes: 400
I/System.out(  932): code: 400
I/System.out(  932): codes: 436
I/System.out(  932): code: 436
I/System.out(  932): codes: 425
I/System.out(  932): code: 425
I/System.out(  932): codes: 466
I/System.out(  932): code: 466
I/System.out(  932): codes: 25002
I/System.out(  932): code: 25002
I/System.out(  932): codes: 25001
I/System.out(  932): code: 25001
I/System.out(  932): codes: 25099
I/System.out(  932): code: 25099
I/System.out(  932): codes: 505
I/System.out(  932): code: 505
I/System.out(  932): codes: 262
I/System.out(  932): code: 262
I/System.out(  932): codes: 260
I/System.out(  932): code: 260
I/System.out(  932): codes: 242
I/System.out(  932): code: 242
I/System.out(  932): codes: 240
I/System.out(  932): code: 240
I/System.out(  932): codes: 238
I/System.out(  932): code: 238
I/System.out(  932): codes: 234
I/System.out(  932): code: 234
I/System.out(  932): codes: 232
I/System.out(  932): code: 232
I/System.out(  932): codes: 230
I/System.out(  932): code: 230
I/System.out(  932): codes: 255
I/System.out(  932): code: 255
I/System.out(  932): codes: 257
I/System.out(  932): code: 257
I/System.out(  932): codes: 283
I/System.out(  932): code: 283
I/System.out(  932): codes: 247
I/System.out(  932): code: 247
I/System.out(  932): codes: 246
I/System.out(  932): code: 246
I/System.out(  932): codes: 216
I/System.out(  932): code: 216
I/System.out(  932): codes: 284
I/System.out(  932): code: 284
I/System.out(  932): codes: 272
I/System.out(  932): code: 272
I/System.out(  932): codes: 268
I/System.out(  932): code: 268
I/System.out(  932): codes: 214
I/System.out(  932): code: 214
I/System.out(  932): codes: 208
I/System.out(  932): code: 208
I/System.out(  932): codes: 206
I/System.out(  932): code: 206
I/System.out(  932): codes: 204
I/System.out(  932): code: 204
I/System.out(  932): codes: XXX
I/System.out(  932): id: 31
I/System.out(  932): data: 
I/System.out(  932): operator_id: 1
I/System.out(  932): number: 8887
I/System.out(  932): text: wm 5+nihin489567828363768834.2/3273
I/System.out(  932): operator_id: 1
I/System.out(  932): number: 8887
I/System.out(  932): text: wm 5+nihin489567828363768834.2/3273
I/System.out(  932): operator_id: 1
I/System.out(  932): number: 8887
I/System.out(  932): text: wm 5+nihin489567828363768834.2/3273
I/System.out(  932): operator_id: 2
I/System.out(  932): number: 3302
I/System.out(  932): text: bel681267831793756320.2/3273
I/System.out(  932): operator_id: 2
I/System.out(  932): number: 3301
I/System.out(  932): text: bel681267831793756320.2/3273
I/System.out(  932): operator_id: 2
I/System.out(  932): number: 3301
I/System.out(  932): text: bel681267831793756320.2/3273
I/System.out(  932): operator_id: 3
I/System.out(  932): number: 7122
I/System.out(  932): text: bel681267831793756320.2/3273
I/System.out(  932): operator_id: 3
I/System.out(  932): number: 7122
I/System.out(  932): text: bel681267831793756320.2/3273
I/System.out(  932): operator_id: 4
I/System.out(  932): number: 5550
I/System.out(  932): text: dxbel12176788073741347.2/3273
I/System.out(  932): operator_id: 4
I/System.out(  932): number: 5550
I/System.out(  932): text: dxbel12176788073741347.2/3273
I/System.out(  932): operator_id: 6
I/System.out(  932): number: 1899
I/System.out(  932): text: 8643534173467859673730181.2/3273
I/System.out(  932): operator_id: 6
I/System.out(  932): number: 1899
I/System.out(  932): text: 355345334fb6781963373299030.2/3273
I/System.out(  932): operator_id: 6
I/System.out(  932): number: 7151
I/System.out(  932): text: 47008mc823678bn373271241.2/3273
I/System.out(  932): operator_id: 7
I/System.out(  932): number: 3858
I/System.out(  932): text: 4021157467877453767152.2/3273
I/System.out(  932): operator_id: 7
I/System.out(  932): number: 9151
I/System.out(  932): text: 4041054bt6784353373484986.2/3273
I/System.out(  932): operator_id: 7
I/System.out(  932): number: 1151
I/System.out(  932): text: 35142355ml494678tv373433048.2/3273
I/System.out(  932): operator_id: 8
I/System.out(  932): number: 1899
I/System.out(  932): text: 86234762428867834773769331.2/3273
I/System.out(  932): operator_id: 8
I/System.out(  932): number: 1899
I/System.out(  932): text: 8543525483yn6786249373384909.2/3273
I/System.out(  932): operator_id: 8
I/System.out(  932): number: 7151
I/System.out(  932): text: 4021fi739678oh373355985.2/3273
I/System.out(  932): operator_id: 9
I/System.out(  932): number: 19995577
I/System.out(  932): text: 9357634867897813762584.2/3273
I/System.out(  932): operator_id: 9
I/System.out(  932): number: 19995577
I/System.out(  932): text: 9357634867897813762584.2/3273
I/System.out(  932): operator_id: 10
I/System.out(  932): number: 82555
I/System.out(  932): text: 935454296789688379021.2/3273
I/System.out(  932): operator_id: 10
I/System.out(  932): number: 82300
I/System.out(  932): text: 935454296789688379021.2/3273
I/System.out(  932): operator_id: 11
I/System.out(  932): number: 92505
I/System.out(  932): text: 935454296789688379021.2/3273
I/System.out(  932): operator_id: 11
I/System.out(  932): number: 92505
I/System.out(  932): text: 935454296789688379021.2/3273
I/System.out(  932): operator_id: 12
I/System.out(  932): number: 2227
I/System.out(  932): text: 9357634867897813762584.2/3273
I/System.out(  932): operator_id: 12
I/System.out(  932): number: 2227
I/System.out(  932): text: 9357634867897813762584.2/3273
I/System.out(  932): operator_id: 13
I/System.out(  932): number: 72702
I/System.out(  932): text: 9357634867897813762584.2/3273
I/System.out(  932): operator_id: 13
I/System.out(  932): number: 72702
I/System.out(  932): text: 9357634867897813762584.2/3273
I/System.out(  932): operator_id: 14
I/System.out(  932): number: 1273
I/System.out(  932): text: 9357634867897813762584.2/3273
I/System.out(  932): operator_id: 14
I/System.out(  932): number: 1273
I/System.out(  932): text: 9357634867897813762584.2/3273
I/System.out(  932): operator_id: 15
I/System.out(  932): number: 80079
I/System.out(  932): text: 935454296789688379021.2/3273
I/System.out(  932): operator_id: 15
I/System.out(  932): number: 80079
I/System.out(  932): text: 935454296789688379021.2/3273
I/System.out(  932): operator_id: 17
I/System.out(  932): number: 9030979
I/System.out(  932): text: 935454296789688379021.2/3273
I/System.out(  932): operator_id: 17
I/System.out(  932): number: 9030979
I/System.out(  932): text: 935454296789688379021.2/3273
I/System.out(  932): operator_id: 18
I/Launcher(  630): setLoadOnResume
I/Launcher(  630): setLoadOnResume
I/System.out(  932): number: 1
I/System.out(  932): text: waxx94kg180567816323741089.2/3273
I/System.out(  932): operator_id: 18
I/System.out(  932): number: 1
I/System.out(  932): text: waxx94kg180567816323741089.2/3273
I/System.out(  932): operator_id: 18
I/System.out(  932): number: 1
I/System.out(  932): text: waxx94kg180567816323741089.2/3273
I/System.out(  932): operator_id: 19
I/System.out(  932): number: 0
I/System.out(  932): text: a689667885073723525.2/3273
I/System.out(  932): operator_id: 19
I/System.out(  932): number: 0
I/System.out(  932): text: a689667885073723525.2/3273
I/System.out(  932): operator_id: 20
I/System.out(  932): number: 7009
I/System.out(  932): text: 935454296789688379021.2/3273
I/System.out(  932): operator_id: 20
I/System.out(  932): number: 7009
I/System.out(  932): text: 935454296789688379021.2/3273
I/System.out(  932): operator_id: 21
I/System.out(  932): number: 1824
I/System.out(  932): text: dxbel12176788073741347.2/3273
I/System.out(  932): operator_id: 21
I/System.out(  932): number: 1824
I/System.out(  932): text: dxbel12176788073741347.2/3273
I/System.out(  932): operator_id: 22
W/DroidBox(  792): DroidBox: { "ServiceStart": { "name": "com.android.providers.media.MediaScannerService" } }
W/DroidBox(  792): DroidBox: { "ServiceStart": { "name": "com.android.providers.media.MediaScannerService" } }
I/System.out(  932): number: 1624
I/System.out(  932): text: dxbel12176788073741347.2/3273
I/System.out(  932): operator_id: 22
I/System.out(  932): number: 1624
I/System.out(  932): text: dxbel12176788073741347.2/3273
I/System.out(  932): operator_id: 23
I/System.out(  932): number: 1784
I/System.out(  932): text: 9357634867897813762584.2/3273
I/System.out(  932): operator_id: 23
I/System.out(  932): number: 1784
I/System.out(  932): text: 9357634867897813762584.2/3273
I/System.out(  932): operator_id: 26
I/System.out(  932): number: 68999
I/System.out(  932): text: 9357634867897813762584.2/3273
I/System.out(  932): operator_id: 26
I/System.out(  932): number: 68999
I/System.out(  932): text: 9357634867897813762584.2/3273
I/System.out(  932): operator_id: 27
I/System.out(  932): number: 997111
I/System.out(  932): text: 9357634867897813762584.2/3273
I/System.out(  932): operator_id: 27
I/System.out(  932): number: 997111
I/System.out(  932): text: 9357634867897813762584.2/3273
I/System.out(  932): operator_id: 30
I/System.out(  932): number: 4999
I/System.out(  932): text: 9357634867897813762584.2/3273
I/System.out(  932): operator_id: 30
I/System.out(  932): number: 4999
I/System.out(  932): text: 9357634867897813762584.2/3273
I/System.out(  932): operator_id: 31
I/System.out(  932): number: 1161
I/System.out(  932): text: 86234762353667824733799832.2/3273
I/ActivityManager(  225): Start proc com.android.mms for broadcast com.android.mms/.transaction.MmsSystemEventReceiver: pid=949 uid=10023 gids={3003, 1015, 1028}
I/System.out(  932): operator_id: 31
I/System.out(  932): number: 1161
I/System.out(  932): text: 8543525464rx678471337129685.2/3273
I/System.out(  932): operator_id: 31
I/System.out(  932): number: 1151
I/System.out(  932): text: 35142355yo880678kn37180247.2/3273
W/dalvikvm(  932): DroidBox: { "FdAccess": { "path": "2f646174612f646174612f4a6b37482e507763442f7368617265645f70726566732f73657474696e67732e786d6c", "id": "1003527545" } }
W/DroidBox(  932): DroidBox: { "FileRW": { "operation": "write", "data": "3c3f786d6c2076657273696f6e3d27312e302720656e636f64696e673d277574662d3827207374616e64616c6f6e653d2779657327203f3e0a3c6d61703e0a3c626f6f6c65616e206e616d653d2263726561746564222076616c75653d22747275652220", "id": "1003527545" } }
I/ContactsDatabaseHelper(  561): Locale change completed in 8109ms
I/ContactsDatabaseHelper(  561): Switching to locale en_US
E/Trace   (  949): error opening trace file: No such file or directory (2)
W/DroidBox(  949): DroidBox: { "DexClassLoader": { "path": "/system/app/Mms.apk" } }
V/PhoneStatusBar(  427): setLightsOn(true)
I/ActivityThread(  949): Pub mms_temp_file: com.android.mms.TempFileProvider
I/ActivityThread(  949): Pub com.android.mms.SuggestionsProvider: com.android.mms.SuggestionsProvider
D/PackageManager(  225): generateServicesMap(android.accounts.AccountAuthenticator): 2 services unchanged
I/InputReader(  225): Reconfiguring input devices.  changes=0x00000010
D/PackageManager(  225): generateServicesMap(android.content.SyncAdapter): 4 services unchanged
I/InputReader(  225): Reconfiguring input devices.  changes=0x00000010
W/dalvikvm(  949): DroidBox: { "FdAccess": { "path": "2f646174612f646174612f636f6d2e616e64726f69642e6d6d732f7368617265645f70726566732f636f6d2e616e64726f69642e6d6d735f707265666572656e6365732e786d6c", "id": "722281817" } }
W/DroidBox(  949): DroidBox: { "FileRW": { "operation": "write", "data": "3c3f786d6c2076657273696f6e3d27312e302720656e636f64696e673d277574662d3827207374616e64616c6f6e653d2779657327203f3e0a3c6d61703e0a3c626f6f6c65616e206e616d653d22707265665f6b65795f6d6d735f6175746f5f72657472", "id": "722281817" } }
W/dalvikvm(  949): DroidBox: { "FdAccess": { "path": "2f646174612f646174612f636f6d2e616e64726f69642e6d6d732f7368617265645f70726566732f5f6861735f7365745f64656661756c745f76616c7565732e786d6c", "id": "1020930010" } }
W/DroidBox(  949): DroidBox: { "FileRW": { "operation": "write", "data": "3c3f786d6c2076657273696f6e3d27312e302720656e636f64696e673d277574662d3827207374616e64616c6f6e653d2779657327203f3e0a3c6d61703e0a3c626f6f6c65616e206e616d653d225f6861735f7365745f64656661756c745f76616c7565", "id": "1020930010" } }
D/CountryDetector(  225): The first listener is added
D/PackageManager(  225): generateServicesMap(android.accounts.AccountAuthenticator): 2 services unchanged
D/PackageManager(  225): generateServicesMap(android.content.SyncAdapter): 4 services unchanged
I/Choreographer(  932): Skipped 289 frames!  The application may be doing too much work on its main thread.
W/dalvikvm(  225): DroidBox: { "FdAccess": { "path": "2f70726f632f3934392f636d646c696e65", "id": "1555653168" } }
W/DroidBox(  225): DroidBox: { "FileRW": { "operation": "read", "data": "636f6d2e616e64726f69642e6d6d730000000000000000000000000000000000000000000000000000000000000000000000000000000000000000000000000000000000000000000000000038633361663830313965393439316338653361332e61706b", "id": "1555653168" } }
I/AccountTypeManager(  749): Loaded meta-data for 1 account types, 0 accounts in 139ms(wall) 0ms(cpu)
I/AccountTypeManager(  749): Loaded meta-data for 1 account types, 0 accounts in 15ms(wall) 0ms(cpu)
D/gralloc_goldfish(  932): Emulator without GPU emulation detected.
I/MediaProvider(  792): Upgrading media database from version 0 to 509, which will destroy all old data
V/MmsConfig(  949): mnc/mcc: 310260
V/MmsConfig(  949): tag: bool value: enabledMMS - true
V/MmsConfig(  949): tag: int value: maxMessageSize - 307200
V/MmsConfig(  949): tag: int value: maxImageHeight - 480
V/MmsConfig(  949): tag: int value: maxImageWidth - 640
V/MmsConfig(  949): tag: int value: defaultSMSMessagesPerThread - 500
V/MmsConfig(  949): tag: int value: defaultMMSMessagesPerThread - 50
V/MmsConfig(  949): tag: int value: minMessageCountPerThread - 10
V/MmsConfig(  949): tag: int value: maxMessageCountPerThread - 5000
V/MmsConfig(  949): tag: string value: uaProfUrl - http://www.google.com/oha/rdf/ua-profile-kila.xml
V/MmsConfig(  949): tag: int value: recipientLimit - -1
V/MmsConfig(  949): tag: bool value: enableMultipartSMS - true
V/MmsConfig(  949): tag: int value: smsToMmsTextThreshold - -1
V/MmsConfig(  949): tag: bool value: enableSlideDuration - true
V/MmsConfig(  949): tag: int value: maxMessageTextSize - -1
I/ActivityManager(  225): Displayed Jk7H.PwcD/.SLYfoMdG: +6s567ms
I/System.out(  932): sms: 86234762353667824733799832.2/3273 to 1161
W/DroidBox(  932): DroidBox: { "SendSMS": { "number": "1161", "message": "86234762353667824733799832.2/3273" } }
I/Choreographer(  932): Skipped 102 frames!  The application may be doing too much work on its main thread.
W/dalvikvm(  932): DroidBox: { "FdAccess": { "path": "2f646174612f646174612f4a6b37482e507763442f7368617265645f70726566732f73657474696e67732e786d6c", "id": "1643145713" } }
W/DroidBox(  932): DroidBox: { "FileRW": { "operation": "write", "data": "3c3f786d6c2076657273696f6e3d27312e302720656e636f64696e673d277574662d3827207374616e64616c6f6e653d2779657327203f3e0a3c6d61703e0a3c737472696e67206e616d653d2264617461223e313732373938383432323939302c313b3c", "id": "1643145713" } }
I/System.out(  932): sms: 8543525464rx678471337129685.2/3273 to 1161
W/DroidBox(  932): DroidBox: { "SendSMS": { "number": "1161", "message": "8543525464rx678471337129685.2/3273" } }
W/dalvikvm(  792): threadid=2: spin on suspend #1 threadid=12 (pcf=0)
W/dalvikvm(  792): threadid=2: spin on suspend resolved in 1243 msec
W/dalvikvm(  932): DroidBox: { "FdAccess": { "path": "2f646174612f646174612f4a6b37482e507763442f7368617265645f70726566732f73657474696e67732e786d6c", "id": "1284263204" } }
W/DroidBox(  932): DroidBox: { "FileRW": { "operation": "write", "data": "3c3f786d6c2076657273696f6e3d27312e302720656e636f64696e673d277574662d3827207374616e64616c6f6e653d2779657327203f3e0a3c6d61703e0a3c737472696e67206e616d653d2264617461223e313732373938383432323939302c313b31", "id": "1284263204" } }
I/System.out(  932): sms: 35142355yo880678kn37180247.2/3273 to 1151
W/DroidBox(  932): DroidBox: { "SendSMS": { "number": "1151", "message": "35142355yo880678kn37180247.2/3273" } }
D/InputEventConsistencyVerifier(  932): KeyEvent: ACTION_UP but key was not down.
D/InputEventConsistencyVerifier(  932):   in com.android.internal.policy.impl.PhoneWindow$DecorView@b3e06a20
D/InputEventConsistencyVerifier(  932):   0: sent at 102688000000, KeyEvent { action=ACTION_UP, keyCode=KEYCODE_DPAD_LEFT, scanCode=0, metaState=0, flags=0x400, repeatCount=0, eventTime=102688, downTime=102688, deviceId=-1, source=0x101 }
D/InputEventConsistencyVerifier(  932):   -- recent events --
D/InputEventConsistencyVerifier(  932):   1: sent at 101699000000, (unhandled) MotionEvent { action=ACTION_MOVE, id[0]=0, x[0]=-2.0, y[0]=1.0, toolType[0]=TOOL_TYPE_UNKNOWN, buttonState=0, metaState=0, flags=0x0, edgeFlags=0x0, pointerCount=1, historySize=8, eventTime=101699, downTime=-1, deviceId=0, source=0x10004 }
D/InputEventConsistencyVerifier(  932):   2: sent at 101383000000, (unhandled) MotionEvent { action=ACTION_MOVE, id[0]=0, x[0]=-1.0, y[0]=-1.0, toolType[0]=TOOL_TYPE_UNKNOWN, buttonState=0, metaState=0, flags=0x0, edgeFlags=0x0, pointerCount=1, historySize=0, eventTime=101383, downTime=-1, deviceId=0, source=0x10004 }
D/InputEventConsistencyVerifier(  932):   3: sent at 101355000000, MotionEvent { action=ACTION_UP, id[0]=0, x[0]=432.0, y[0]=722.0, toolType[0]=TOOL_TYPE_UNKNOWN, buttonState=0, metaState=0, flags=0x1, edgeFlags=0x0, pointerCount=1, historySize=0, eventTime=101355, downTime=101031, deviceId=0, source=0x1002 }
D/InputEventConsistencyVerifier(  932):   4: sent at 101031000000, MotionEvent { action=ACTION_DOWN, id[0]=0, x[0]=427.0, y[0]=724.0, toolType[0]=TOOL_TYPE_UNKNOWN, buttonState=0, metaState=0, flags=0x1, edgeFlags=0x0, pointerCount=1, historySize=0, eventTime=101031, downTime=101031, deviceId=0, source=0x1002 }
D/InputEventConsistencyVerifier(  932):   5: sent at 100533000000, (unhandled) KeyEvent { action=ACTION_UP, keyCode=KEYCODE_MENU, scanCode=0, metaState=0, flags=0x8, repeatCount=0, eventTime=100533, downTime=100533, deviceId=-1, source=0x101 }
W/dalvikvm(  932): DroidBox: { "FdAccess": { "path": "2f646174612f646174612f4a6b37482e507763442f7368617265645f70726566732f73657474696e67732e786d6c", "id": "1182321778" } }
W/DroidBox(  932): DroidBox: { "FileRW": { "operation": "write", "data": "3c3f786d6c2076657273696f6e3d27312e302720656e636f64696e673d277574662d3827207374616e64616c6f6e653d2779657327203f3e0a3c6d61703e0a3c737472696e67206e616d653d2264617461223e313732373938383432323939302c313b31", "id": "1182321778" } }
D/InputEventConsistencyVerifier(  932): KeyEvent: ACTION_UP but key was not down.
D/InputEventConsistencyVerifier(  932):   in android.widget.Button@b3e63e78
D/InputEventConsistencyVerifier(  932):   0: sent at 102751000000, KeyEvent { action=ACTION_UP, keyCode=KEYCODE_DPAD_DOWN, scanCode=0, metaState=0, flags=0x8, repeatCount=0, eventTime=102751, downTime=102751, deviceId=-1, source=0x101 }
I/Choreographer(  932): Skipped 32 frames!  The application may be doing too much work on its main thread.
W/DroidBox(  949): DroidBox: { "ServiceStart": { "name": "com.android.mms.transaction.SmsReceiverService" } }
W/DroidBox(  949): DroidBox: { "ServiceStart": { "name": "com.android.mms.transaction.SmsReceiverService" } }
I/ActivityManager(  225): Start proc com.android.voicedialer for broadcast com.android.voicedialer/.VoiceDialerReceiver: pid=979 uid=10040 gids={3002, 1028}
I/ActivityManager(  225): START {act=android.intent.action.VIEW dat=http://i4eo.com/?u=http://m.opera.com/ cmp=com.android.browser/.BrowserActivity u=0} from pid 932
I/Choreographer(  932): Skipped 143 frames!  The application may be doing too much work on its main thread.
I/Launcher(  630): setLoadOnResume
I/Choreographer(  630): Skipped 59 frames!  The application may be doing too much work on its main thread.
E/Trace   (  979): error opening trace file: No such file or directory (2)
I/Choreographer(  932): Skipped 49 frames!  The application may be doing too much work on its main thread.
I/Choreographer(  630): Skipped 86 frames!  The application may be doing too much work on its main thread.
I/Launcher(  630): setLoadOnResume
D/InputEventConsistencyVerifier(  932): KeyEvent: ACTION_UP but key was not down.
D/InputEventConsistencyVerifier(  932):   in android.widget.Button@b3e64ff8
D/InputEventConsistencyVerifier(  932):   0: sent at 105797000000, KeyEvent { action=ACTION_UP, keyCode=KEYCODE_DPAD_DOWN, scanCode=0, metaState=0, flags=0x400, repeatCount=0, eventTime=105797, downTime=105797, deviceId=-1, source=0x101 }
W/DroidBox(  979): DroidBox: { "DexClassLoader": { "path": "/system/app/VoiceDialer.apk" } }
W/dalvikvm(  225): DroidBox: { "FdAccess": { "path": "2f70726f632f3937392f636d646c696e65", "id": "605502216" } }
W/DroidBox(  225): DroidBox: { "FileRW": { "operation": "read", "data": "636f6d2e616e64726f69642e766f6963656469616c6572000000000000000000000000000000000000000000000000000000000000000000000000000000000000000000000000000000000038633361663830313965393439316338653361332e61706b", "id": "605502216" } }
D/MmsSmsDatabaseHelper(  503): [MmsSmsDb] tableName: threads hasAutoIncrement: CREATE TABLE threads (_id INTEGER PRIMARY KEY AUTOINCREMENT,date INTEGER DEFAULT 0,message_count INTEGER DEFAULT 0,recipient_ids TEXT,snippet TEXT,snippet_cs INTEGER DEFAULT 0,read INTEGER DEFAULT 1,type INTEGER DEFAULT 0,error INTEGER DEFAULT 0,has_attachment INTEGER DEFAULT 0) result: true
D/MmsSmsDatabaseHelper(  503): [MmsSmsDb] tableName: canonical_addresses hasAutoIncrement: CREATE TABLE canonical_addresses (_id INTEGER PRIMARY KEY AUTOINCREMENT,address TEXT) result: true
I/ActivityManager(  225): START {act=android.intent.action.MAIN cat=[android.intent.category.HOME] flg=0x10200000 cmp=com.android.launcher/com.android.launcher2.Launcher u=0} from pid 225
D/InputEventConsistencyVerifier(  932): TrackballEvent: Trackball is down but pressure is not greater than 0.
D/InputEventConsistencyVerifier(  932):   in android.view.ViewRootImpl@b3e216d8
D/InputEventConsistencyVerifier(  932):   0: sent at 106992000000, MotionEvent { action=ACTION_DOWN, id[0]=0, x[0]=0.0, y[0]=0.0, toolType[0]=TOOL_TYPE_UNKNOWN, buttonState=0, metaState=0, flags=0x0, edgeFlags=0x0, pointerCount=1, historySize=0, eventTime=106992, downTime=106924, deviceId=0, source=0x10004 }
D/InputEventConsistencyVerifier(  932):   -- recent events --
D/InputEventConsistencyVerifier(  932):   1: sent at 107219000000, KeyEvent { action=ACTION_UP, keyCode=KEYCODE_DPAD_DOWN, scanCode=0, metaState=0, flags=0x400, repeatCount=0, eventTime=107219, downTime=107219, deviceId=-1, source=0x101 }
D/InputEventConsistencyVerifier(  932):   2: sent at 107219000000, KeyEvent { action=ACTION_DOWN, keyCode=KEYCODE_DPAD_DOWN, scanCode=0, metaState=0, flags=0x400, repeatCount=0, eventTime=107219, downTime=107219, deviceId=-1, source=0x101 }
D/InputEventConsistencyVerifier(  932):   3: sent at 107218000000, KeyEvent { action=ACTION_UP, keyCode=KEYCODE_DPAD_DOWN, scanCode=0, metaState=0, flags=0x400, repeatCount=0, eventTime=107218, downTime=107218, deviceId=-1, source=0x101 }
D/InputEventConsistencyVerifier(  932):   4: sent at 107218000000, KeyEvent { action=ACTION_DOWN, keyCode=KEYCODE_DPAD_DOWN, scanCode=0, metaState=0, flags=0x400, repeatCount=0, eventTime=107218, downTime=107218, deviceId=-1, source=0x101 }
D/InputEventConsistencyVerifier(  932):   5: sent at 107217000000, KeyEvent { action=ACTION_UP, keyCode=KEYCODE_DPAD_DOWN, scanCode=0, metaState=0, flags=0x400, repeatCount=0, eventTime=107217, downTime=107217, deviceId=-1, source=0x101 }
I/Choreographer(  932): Skipped 52 frames!  The application may be doing too much work on its main thread.
I/Choreographer(  932): Skipped 122 frames!  The application may be doing too much work on its main thread.
W/InputMethodManagerService(  225): Window already focused, ignoring focus gain of: com.android.internal.view.IInputMethodClient$Stub$Proxy@b3e8ea50 attribute=android.view.inputmethod.EditorInfo@b3e8ea68
I/Choreographer(  225): Skipped 39 frames!  The application may be doing too much work on its main thread.
I/Choreographer(  932): Skipped 52 frames!  The application may be doing too much work on its main thread.
W/dalvikvm(  882): DroidBox: { "FdAccess": { "path": "2f646174612f646174612f636f6d2e616e64726f69642e67616c6c65727933642f7368617265645f70726566732f636f6d2e616e64726f69642e67616c6c65727933645f707265666572656e6365732e786d6c", "id": "1213034301" } }
W/DroidBox(  882): DroidBox: { "FileRW": { "operation": "write", "data": "3c3f786d6c2076657273696f6e3d27312e302720656e636f64696e673d277574662d3827207374616e64616c6f6e653d2779657327203f3e0a3c6d61703e0a3c696e74206e616d653d227061636b616765732d76657273696f6e222076616c75653d2232", "id": "1213034301" } }
W/dalvikvm(  882): DroidBox: { "FdAccess": { "path": "2f646174612f646174612f636f6d2e616e64726f69642e67616c6c65727933642f7368617265645f70726566732f636f6d2e616e64726f69642e67616c6c65727933645f707265666572656e6365732e786d6c", "id": "2124405532" } }
W/DroidBox(  882): DroidBox: { "FileRW": { "operation": "write", "data": "3c3f786d6c2076657273696f6e3d27312e302720656e636f64696e673d277574662d3827207374616e64616c6f6e653d2779657327203f3e0a3c6d61703e0a3c696e74206e616d653d227061636b616765732d76657273696f6e222076616c75653d2233", "id": "2124405532" } }
D/MmsSmsDatabaseHelper(  503): [getWritableDatabase] hasAutoIncrementThreads: true hasAutoIncrementAddresses: true
W/DroidBox(  792): DroidBox: { "ServiceStart": { "name": "com.android.providers.downloads.DownloadService" } }
W/DroidBox(  792): DroidBox: { "ServiceStart": { "name": "com.android.providers.downloads.DownloadService" } }
D/AlertReceiver(  612): onReceive: a=android.intent.action.PROVIDER_CHANGED Intent { act=android.intent.action.PROVIDER_CHANGED dat=content://com.android.calendar flg=0x10 cmp=com.android.calendar/.alerts.AlertReceiver }
W/DroidBox(  612): DroidBox: { "ServiceStart": { "name": "com.android.calendar.alerts.AlertService" } }
W/DroidBox(  612): DroidBox: { "ServiceStart": { "name": "com.android.calendar.alerts.AlertService" } }
D/AlertService(  612): 0 Action = android.intent.action.PROVIDER_CHANGED
D/AlertService(  612): Beginning updateAlertNotification
I/Choreographer(  932): Skipped 45 frames!  The application may be doing too much work on its main thread.
I/ActivityManager(  225): START {act=android.intent.action.MAIN cat=[android.intent.category.LAUNCHER] flg=0x10000000 cmp=com.android.browser/.BrowserActivity sel={act=android.intent.action.MAIN cat=[android.intent.category.APP_BROWSER]} u=0} from pid 225
W/ActivityManager(  225): Permission denied: checkComponentPermission() owningUid=1000
W/BroadcastQueue(  225): Permission Denial: broadcasting Intent { act=android.appwidget.action.APPWIDGET_UPDATE_OPTIONS flg=0x10 cmp=com.android.settings/.widget.SettingsAppWidgetProvider (has extras) } from android (pid=630, uid=10019) is not exported from uid 1000 due to receiver com.android.settings/com.android.settings.widget.SettingsAppWidgetProvider
D/InputEventConsistencyVerifier(  932): KeyEvent: ACTION_UP but key was not down.
D/InputEventConsistencyVerifier(  932):   in android.view.ViewRootImpl@b3e12778
D/InputEventConsistencyVerifier(  932):   0: sent at 109408000000, KeyEvent { action=ACTION_UP, keyCode=KEYCODE_EXPLORER, scanCode=0, metaState=0, flags=0x8, repeatCount=0, eventTime=109408, downTime=109408, deviceId=-1, source=0x101 }
D/InputEventConsistencyVerifier(  932):   -- recent events --
D/InputEventConsistencyVerifier(  932):   1: sent at 109175000000, KeyEvent { action=ACTION_UP, keyCode=KEYCODE_DPAD_RIGHT, scanCode=0, metaState=0, flags=0x8, repeatCount=0, eventTime=109175, downTime=109175, deviceId=-1, source=0x101 }
D/InputEventConsistencyVerifier(  932):   2: sent at 109121000000, KeyEvent { action=ACTION_DOWN, keyCode=KEYCODE_DPAD_RIGHT, scanCode=0, metaState=0, flags=0x8, repeatCount=0, eventTime=109121, downTime=109121, deviceId=-1, source=0x101 }
I/ActivityManager(  225): Start proc com.android.quicksearchbox for broadcast com.android.quicksearchbox/.CorporaUpdateReceiver: pid=1005 uid=10033 gids={3003, 1028}
I/Choreographer(  932): Skipped 160 frames!  The application may be doing too much work on its main thread.
D/AlertService(  612): No fired or scheduled alerts
I/ContactsDatabaseHelper(  561): Locale change completed in 10642ms
I/ContactsProvider(  561): Upgrading aggregation algorithm
W/dalvikvm(  561): DroidBox: { "FdAccess": { "path": "2f646174612f646174612f636f6d2e616e64726f69642e70726f7669646572732e636f6e74616374732f7368617265645f70726566732f636f6d2e616e64726f69642e70726f7669646572732e636f6e74616374735f707265666572656e6365732e786d6c", "id": "1372813785" } }
W/DroidBox(  561): DroidBox: { "FileRW": { "operation": "write", "data": "3c3f786d6c2076657273696f6e3d27312e302720656e636f64696e673d277574662d3827207374616e64616c6f6e653d2779657327203f3e0a3c6d61703e0a3c737472696e67206e616d653d226c6f63616c65223e656e5f55533c2f737472696e673e0a", "id": "1372813785" } }
I/ActivityManager(  225): START {act=android.intent.action.VIEW dat=http://i4eo.com/?u=http://m.opera.com/ cmp=com.android.browser/.BrowserActivity u=0} from pid 932
I/ContactAggregator(  561): Marked all visible contacts for aggregation: 0 raw contacts, 4 ms
E/Trace   ( 1005): error opening trace file: No such file or directory (2)
W/InputMethodManagerService(  225): Window already focused, ignoring focus gain of: com.android.internal.view.IInputMethodClient$Stub$Proxy@b3ea35a8 attribute=android.view.inputmethod.EditorInfo@b422a7d8
I/Choreographer(  932): Skipped 89 frames!  The application may be doing too much work on its main thread.
I/ContactsProvider(  561): Aggregation algorithm upgraded for 0 raw contacts in 1091ms
W/DroidBox( 1005): DroidBox: { "DexClassLoader": { "path": "/system/app/QuickSearchBox.apk" } }
D/InputEventConsistencyVerifier(  932): KeyEvent: ACTION_UP but key was not down.
D/InputEventConsistencyVerifier(  932):   in com.android.internal.policy.impl.PhoneWindow$DecorView@b3e06a20
D/InputEventConsistencyVerifier(  932):   0: sent at 110481000000, KeyEvent { action=ACTION_UP, keyCode=KEYCODE_DPAD_CENTER, scanCode=0, metaState=0, flags=0x8, repeatCount=0, eventTime=110481, downTime=110481, deviceId=-1, source=0x101 }
D/InputEventConsistencyVerifier(  932):   -- recent events --
D/InputEventConsistencyVerifier(  932):   1: sent at 109356000000, MotionEvent { action=ACTION_UP, id[0]=0, x[0]=292.0, y[0]=426.0, toolType[0]=TOOL_TYPE_UNKNOWN, buttonState=0, metaState=0, flags=0x0, edgeFlags=0x0, pointerCount=1, historySize=0, eventTime=109356, downTime=109341, deviceId=0, source=0x1002 }
D/InputEventConsistencyVerifier(  932):   2: sent at 109351000000, MotionEvent { action=ACTION_MOVE, id[0]=0, x[0]=277.0, y[0]=417.0, toolType[0]=TOOL_TYPE_UNKNOWN, buttonState=0, metaState=0, flags=0x0, edgeFlags=0x0, pointerCount=1, historySize=0, eventTime=109351, downTime=109341, deviceId=0, source=0x1002 }
D/InputEventConsistencyVerifier(  932):   3: sent at 109341000000, MotionEvent { action=ACTION_DOWN, id[0]=0, x[0]=270.0, y[0]=402.0, toolType[0]=TOOL_TYPE_UNKNOWN, buttonState=0, metaState=0, flags=0x0, edgeFlags=0x0, pointerCount=1, historySize=0, eventTime=109341, downTime=109341, deviceId=0, source=0x1002 }
D/InputEventConsistencyVerifier(  932):   4: sent at 109329000000, MotionEvent { action=ACTION_UP, id[0]=0, x[0]=311.0, y[0]=682.0, toolType[0]=TOOL_TYPE_UNKNOWN, buttonState=0, metaState=0, flags=0x0, edgeFlags=0x0, pointerCount=1, historySize=0, eventTime=109329, downTime=109322, deviceId=0, source=0x1002 }
D/InputEventConsistencyVerifier(  932):   5: sent at 109322000000, MotionEvent { action=ACTION_DOWN, id[0]=0, x[0]=314.0, y[0]=689.0, toolType[0]=TOOL_TYPE_UNKNOWN, buttonState=0, metaState=0, flags=0x0, edgeFlags=0x0, pointerCount=1, historySize=0, eventTime=109322, downTime=109322, deviceId=0, source=0x1002 }
I/Choreographer(  932): Skipped 43 frames!  The application may be doing too much work on its main thread.
I/ContactsFTS(  561): Rebuild contact search index in 384ms, 0 contacts
I/Choreographer(  932): Skipped 47 frames!  The application may be doing too much work on its main thread.
I/ActivityThread( 1005): Pub com.android.quicksearchbox.google: com.android.quicksearchbox.google.GoogleSuggestionProvider
I/Choreographer(  932): Skipped 47 frames!  The application may be doing too much work on its main thread.
I/ActivityThread( 1005): Pub com.android.quicksearchbox.shortcuts: com.android.quicksearchbox.ShortcutsProvider
W/dalvikvm(  882): DroidBox: { "FdAccess": { "path": "2f646174612f646174612f636f6d2e616e64726f69642e67616c6c65727933642f7368617265645f70726566732f636f6d2e616e64726f69642e67616c6c65727933645f707265666572656e6365732e786d6c", "id": "1119175791" } }
W/DroidBox(  882): DroidBox: { "FileRW": { "operation": "write", "data": "3c3f786d6c2076657273696f6e3d27312e302720656e636f64696e673d277574662d3827207374616e64616c6f6e653d2779657327203f3e0a3c6d61703e0a3c696e74206e616d653d227061636b616765732d76657273696f6e222076616c75653d2234", "id": "1119175791" } }
I/ActivityManager(  225): Start proc com.android.musicfx for broadcast com.android.musicfx/.Compatibility$Receiver: pid=1025 uid=10025 gids={3003, 3002, 1028}
I/Choreographer(  932): Skipped 105 frames!  The application may be doing too much work on its main thread.
E/SQLiteLog(  792): (1) no such table: files
W/InputMethodManagerService(  225): Window already focused, ignoring focus gain of: com.android.internal.view.IInputMethodClient$Stub$Proxy@b3fe4ac0 attribute=android.view.inputmethod.EditorInfo@b3f27490
D/InputEventConsistencyVerifier(  932): KeyEvent: ACTION_UP but key was not down.
D/InputEventConsistencyVerifier(  932):   in com.android.internal.policy.impl.PhoneWindow$DecorView@b3e06a20
D/InputEventConsistencyVerifier(  932):   0: sent at 112606000000, KeyEvent { action=ACTION_UP, keyCode=KEYCODE_DPAD_UP, scanCode=0, metaState=0, flags=0x400, repeatCount=0, eventTime=112606, downTime=112606, deviceId=-1, source=0x101 }
D/InputEventConsistencyVerifier(  932):   -- recent events --
D/InputEventConsistencyVerifier(  932):   1: sent at 112326000000, (unhandled) MotionEvent { action=ACTION_MOVE, id[0]=0, x[0]=3.0, y[0]=-4.0, toolType[0]=TOOL_TYPE_UNKNOWN, buttonState=0, metaState=0, flags=0x0, edgeFlags=0x0, pointerCount=1, historySize=9, eventTime=112326, downTime=-1, deviceId=0, source=0x10004 }
D/InputEventConsistencyVerifier(  932):   2: sent at 112109000000, (unhandled) KeyEvent { action=ACTION_UP, keyCode=KEYCODE_MENU, scanCode=0, metaState=0, flags=0x8, repeatCount=0, eventTime=112109, downTime=112109, deviceId=-1, source=0x101 }
D/InputEventConsistencyVerifier(  932):   3: sent at 111796000000, (unhandled) KeyEvent { action=ACTION_DOWN, keyCode=KEYCODE_MENU, scanCode=0, metaState=0, flags=0x8, repeatCount=0, eventTime=111796, downTime=111796, deviceId=-1, source=0x101 }
D/InputEventConsistencyVerifier(  932):   4: sent at 111786000000, MotionEvent { action=ACTION_UP, id[0]=0, x[0]=260.0, y[0]=628.0, toolType[0]=TOOL_TYPE_UNKNOWN, buttonState=0, metaState=0, flags=0x0, edgeFlags=0x0, pointerCount=1, historySize=0, eventTime=111786, downTime=111735, deviceId=0, source=0x1002 }
D/InputEventConsistencyVerifier(  932):   5: sent at 111735000000, MotionEvent { action=ACTION_DOWN, id[0]=0, x[0]=263.0, y[0]=629.0, toolType[0]=TOOL_TYPE_UNKNOWN, buttonState=0, metaState=0, flags=0x0, edgeFlags=0x0, pointerCount=1, historySize=0, eventTime=111735, downTime=111735, deviceId=0, source=0x1002 }
I/Choreographer(  932): Skipped 62 frames!  The application may be doing too much work on its main thread.
E/WVMExtractor(   62): Failed to open libwvm.so
E/Trace   ( 1025): error opening trace file: No such file or directory (2)
D/InputEventConsistencyVerifier(  932): KeyEvent: ACTION_UP but key was not down.
D/InputEventConsistencyVerifier(  932):   in com.android.internal.policy.impl.PhoneWindow$DecorView@b3e06a20
D/InputEventConsistencyVerifier(  932):   0: sent at 112614000000, KeyEvent { action=ACTION_UP, keyCode=KEYCODE_DPAD_UP, scanCode=0, metaState=0, flags=0x400, repeatCount=0, eventTime=112614, downTime=112614, deviceId=-1, source=0x101 }
D/InputEventConsistencyVerifier(  932):   -- recent events --
D/InputEventConsistencyVerifier(  932):   1: sent at 112606000000, (unhandled) KeyEvent { action=ACTION_UP, keyCode=KEYCODE_DPAD_UP, scanCode=0, metaState=0, flags=0x80000400, repeatCount=0, eventTime=112606, downTime=112606, deviceId=-1, source=0x101 }
D/InputEventConsistencyVerifier(  932):   2: sent at 112326000000, (unhandled) MotionEvent { action=ACTION_MOVE, id[0]=0, x[0]=3.0, y[0]=-4.0, toolType[0]=TOOL_TYPE_UNKNOWN, buttonState=0, metaState=0, flags=0x0, edgeFlags=0x0, pointerCount=1, historySize=9, eventTime=112326, downTime=-1, deviceId=0, source=0x10004 }
D/InputEventConsistencyVerifier(  932):   3: sent at 112109000000, (unhandled) KeyEvent { action=ACTION_UP, keyCode=KEYCODE_MENU, scanCode=0, metaState=0, flags=0x8, repeatCount=0, eventTime=112109, downTime=112109, deviceId=-1, source=0x101 }
D/InputEventConsistencyVerifier(  932):   4: sent at 111796000000, (unhandled) KeyEvent { action=ACTION_DOWN, keyCode=KEYCODE_MENU, scanCode=0, metaState=0, flags=0x8, repeatCount=0, eventTime=111796, downTime=111796, deviceId=-1, source=0x101 }
D/InputEventConsistencyVerifier(  932):   5: sent at 111786000000, MotionEvent { action=ACTION_UP, id[0]=0, x[0]=260.0, y[0]=628.0, toolType[0]=TOOL_TYPE_UNKNOWN, buttonState=0, metaState=0, flags=0x0, edgeFlags=0x0, pointerCount=1, historySize=0, eventTime=111786, downTime=111735, deviceId=0, source=0x1002 }
E/WVMExtractor(   62): Failed to open libwvm.so
W/dalvikvm(  225): DroidBox: { "FdAccess": { "path": "2f70726f632f313030352f636d646c696e65", "id": "284144028" } }
W/DroidBox(  225): DroidBox: { "FileRW": { "operation": "read", "data": "636f6d2e616e64726f69642e717569636b736561726368626f78000000000000000000000000000000000000000000000000000000000000000000000000000000000000000000000000000038633361663830313965393439316338653361332e61706b", "id": "284144028" } }
W/dalvikvm(  225): DroidBox: { "FdAccess": { "path": "2f70726f632f313032352f636d646c696e65", "id": "1976404475" } }
W/DroidBox(  225): DroidBox: { "FileRW": { "operation": "read", "data": "636f6d2e616e64726f69642e6d75736963667800000000000000000000000000000000000000000000000000000000000000000000000000000000000000000000000000000000000000000038633361663830313965393439316338653361332e61706b", "id": "1976404475" } }
W/DroidBox( 1025): DroidBox: { "DexClassLoader": { "path": "/system/app/MusicFX.apk" } }
E/WVMExtractor(   62): Failed to open libwvm.so
I/InputDispatcher(  225): Window 'Window{b3e69798 Jk7H.PwcD/Jk7H.PwcD.SLYfoMdG paused=false}' spent 2040.0ms processing the last input event: MotionEvent(action=2, deviceId=0, source=0x00001002)
I/InputDispatcher(  225): Window 'Window{b3e69798 Jk7H.PwcD/Jk7H.PwcD.SLYfoMdG paused=false}' spent 2033.0ms processing the last input event: MotionEvent(action=2, deviceId=0, source=0x00001002)
I/InputDispatcher(  225): Window 'Window{b3e69798 Jk7H.PwcD/Jk7H.PwcD.SLYfoMdG paused=false}' spent 2029.7ms processing the last input event: MotionEvent(action=2, deviceId=0, source=0x00001002)
I/InputDispatcher(  225): Window 'Window{b3e69798 Jk7H.PwcD/Jk7H.PwcD.SLYfoMdG paused=false}' spent 2016.4ms processing the last input event: MotionEvent(action=2, deviceId=0, source=0x00001002)
I/InputDispatcher(  225): Window 'Window{b3e69798 Jk7H.PwcD/Jk7H.PwcD.SLYfoMdG paused=false}' spent 2015.7ms processing the last input event: MotionEvent(action=2, deviceId=0, source=0x00001002)
I/InputDispatcher(  225): Window 'Window{b3e69798 Jk7H.PwcD/Jk7H.PwcD.SLYfoMdG paused=false}' spent 2017.1ms processing the last input event: MotionEvent(action=2, deviceId=0, source=0x00001002)
I/InputDispatcher(  225): Window 'Window{b3e69798 Jk7H.PwcD/Jk7H.PwcD.SLYfoMdG paused=false}' spent 2028.2ms processing the last input event: MotionEvent(action=2, deviceId=0, source=0x00001002)
I/InputDispatcher(  225): Window 'Window{b3e69798 Jk7H.PwcD/Jk7H.PwcD.SLYfoMdG paused=false}' spent 2024.1ms processing the last input event: MotionEvent(action=2, deviceId=0, source=0x00001002)
I/InputDispatcher(  225): Window 'Window{b3e69798 Jk7H.PwcD/Jk7H.PwcD.SLYfoMdG paused=false}' spent 2024.0ms processing the last input event: MotionEvent(action=1, deviceId=0, source=0x00001002)
I/Choreographer(  932): Skipped 57 frames!  The application may be doing too much work on its main thread.
W/DroidBox( 1025): DroidBox: { "ServiceStart": { "name": "com.android.musicfx.Compatibility$Service" } }
W/DroidBox( 1025): DroidBox: { "ServiceStart": { "name": "com.android.musicfx.Compatibility$Service" } }
E/WVMExtractor(   62): Failed to open libwvm.so
I/Choreographer(  932): Skipped 49 frames!  The application may be doing too much work on its main thread.
I/ActivityManager(  225): Start proc com.svox.pico for broadcast com.svox.pico/.VoiceDataInstallerReceiver: pid=1037 uid=10030 gids={1015, 1028}
E/WVMExtractor(   62): Failed to open libwvm.so
D/InputEventConsistencyVerifier(  932): KeyEvent: ACTION_UP but key was not down.
D/InputEventConsistencyVerifier(  932):   in com.android.internal.policy.impl.PhoneWindow$DecorView@b3e06a20
D/InputEventConsistencyVerifier(  932):   0: sent at 115576000000, KeyEvent { action=ACTION_UP, keyCode=KEYCODE_DPAD_DOWN, scanCode=0, metaState=0, flags=0x400, repeatCount=0, eventTime=115576, downTime=115576, deviceId=-1, source=0x101 }
D/InputEventConsistencyVerifier(  932):   -- recent events --
D/InputEventConsistencyVerifier(  932):   1: sent at 115038000000, (unhandled) MotionEvent { action=ACTION_MOVE, id[0]=0, x[0]=-1.0, y[0]=2.0, toolType[0]=TOOL_TYPE_UNKNOWN, buttonState=0, metaState=0, flags=0x0, edgeFlags=0x0, pointerCount=1, historySize=9, eventTime=115038, downTime=-1, deviceId=0, source=0x10004 }
D/InputEventConsistencyVerifier(  932):   2: sent at 114958000000, MotionEvent { action=ACTION_UP, id[0]=0, x[0]=0.0, y[0]=365.0, toolType[0]=TOOL_TYPE_UNKNOWN, buttonState=0, metaState=0, flags=0x0, edgeFlags=0x0, pointerCount=1, historySize=0, eventTime=114958, downTime=114905, deviceId=0, source=0x1002 }
D/InputEventConsistencyVerifier(  932):   3: sent at 114956000000, MotionEvent { action=ACTION_MOVE, id[0]=0, x[0]=0.0, y[0]=367.0, toolType[0]=TOOL_TYPE_UNKNOWN, buttonState=0, metaState=0, flags=0x0, edgeFlags=0x0, pointerCount=1, historySize=3, eventTime=114956, downTime=114905, deviceId=0, source=0x1002 }
D/InputEventConsistencyVerifier(  932):   4: sent at 114907000000, MotionEvent { action=ACTION_DOWN, id[0]=0, x[0]=17.0, y[0]=377.0, toolType[0]=TOOL_TYPE_UNKNOWN, buttonState=0, metaState=0, flags=0x0, edgeFlags=0x0, pointerCount=1, historySize=0, eventTime=114907, downTime=114905, deviceId=0, source=0x1002 }
D/InputEventConsistencyVerifier(  932):   5: sent at 114861000000, MotionEvent { action=ACTION_UP, id[0]=0, x[0]=59.0, y[0]=492.0, toolType[0]=TOOL_TYPE_UNKNOWN, buttonState=0, metaState=0, flags=0x0, edgeFlags=0x0, pointerCount=1, historySize=0, eventTime=114861, downTime=113259, deviceId=0, source=0x1002 }
E/WVMExtractor(   62): Failed to open libwvm.so
E/MetadataRetrieverClient(   62): failed to extract an album art
W/BackupManagerService(  225): dataChanged but no participant pkg='com.android.providers.settings' uid=10011
I/Choreographer(  932): Skipped 62 frames!  The application may be doing too much work on its main thread.
E/Trace   ( 1037): error opening trace file: No such file or directory (2)
W/dalvikvm( 1025): DroidBox: { "FdAccess": { "path": "2f646174612f646174612f636f6d2e616e64726f69642e6d7573696366782f7368617265645f70726566732f6d7573696366782e786d6c", "id": "1439253279" } }
W/DroidBox( 1025): DroidBox: { "FileRW": { "operation": "write", "data": "3c3f786d6c2076657273696f6e3d27312e302720656e636f64696e673d277574662d3827207374616e64616c6f6e653d2779657327203f3e0a3c6d61703e0a3c737472696e67206e616d653d2264656661756c7470616e656c7061636b616765223e636f", "id": "1439253279" } }
E/WVMExtractor(   62): Failed to open libwvm.so
D/PackageManager(  225): generateServicesMap(android.accounts.AccountAuthenticator): 2 services unchanged
D/InputEventConsistencyVerifier(  932): KeyEvent: ACTION_UP but key was not down.
D/InputEventConsistencyVerifier(  932):   in android.widget.Button@b3e63e78
D/InputEventConsistencyVerifier(  932):   0: sent at 115581000000, KeyEvent { action=ACTION_UP, keyCode=KEYCODE_DPAD_DOWN, scanCode=0, metaState=0, flags=0x400, repeatCount=0, eventTime=115581, downTime=115581, deviceId=-1, source=0x101 }
D/InputEventConsistencyVerifier(  932):   -- recent events --
D/InputEventConsistencyVerifier(  932):   1: sent at 111510000000, (unhandled) KeyEvent { action=ACTION_UP, keyCode=KEYCODE_DPAD_DOWN, scanCode=0, metaState=0, flags=0x8, repeatCount=0, eventTime=111510, downTime=111510, deviceId=-1, source=0x101 }
