I/AccountTypeManager(  679): Loaded meta-data for 1 account types, 0 accounts in 1095ms(wall) 10ms(cpu)
I/AccountTypeManager(  679): Loaded meta-data for 1 account types, 0 accounts in 143ms(wall) 0ms(cpu)
D/InputEventConsistencyVerifier(  604): KeyEvent: ACTION_UP but key was not down.
D/InputEventConsistencyVerifier(  604):   in com.android.internal.policy.impl.PhoneWindow$DecorView@b3ee28f0
D/InputEventConsistencyVerifier(  604):   0: sent at 100960000000, KeyEvent { action=ACTION_UP, keyCode=KEYCODE_DPAD_RIGHT, scanCode=0, metaState=0, flags=0x8, repeatCount=0, eventTime=100960, downTime=100960, deviceId=-1, source=0x101 }
W/dalvikvm(  952): DroidBox: { "FdAccess": { "path": "2f6465762f696e7075742f6576656e7430", "id": "1241776734" } }
W/DroidBox(  952): DroidBox: { "FileRW": { "operation": "write", "data": "efbfbd060000efbfbdefbfbd0c000500000000000000", "id": "1241776734" } }
I/AccountTypeManager(  679): Loaded meta-data for 1 account types, 0 accounts in 137ms(wall) 0ms(cpu)
E/Trace   (  984): error opening trace file: No such file or directory (2)
I/Choreographer(  604): Skipped 41 frames!  The application may be doing too much work on its main thread.
I/ActivityManager(  225): START {act=android.search.action.GLOBAL_SEARCH flg=0x10000000 cmp=com.android.quicksearchbox/.SearchActivity bnds=[5,43][475,103] (has extras) u=0} from pid 604
W/DroidBox(  972): DroidBox: { "DexClassLoader": { "path": "/system/app/MusicFX.apk" } }
W/DroidBox(  984): DroidBox: { "DexClassLoader": { "path": "/data/app/com.ps.blackwhite-1.apk" } }
I/ContactsFTS(  559): Rebuild contact search index in 1842ms, 0 contacts
W/DroidBox(  972): DroidBox: { "ServiceStart": { "name": "com.android.musicfx.Compatibility$Service" } }
W/DroidBox(  972): DroidBox: { "ServiceStart": { "name": "com.android.musicfx.Compatibility$Service" } }
I/MediaProvider(  768): Upgrading media database from version 0 to 509, which will destroy all old data
I/ActivityManager(  225): Start proc com.svox.pico for broadcast com.svox.pico/.VoiceDataInstallerReceiver: pid=999 uid=10030 gids={1015, 1028}
I/Choreographer(  604): Skipped 55 frames!  The application may be doing too much work on its main thread.
D/Adwo SDK(  984): Your Adwo PID is d0291641bdba457b9ff6ea5f90b73726
I/Adwo SDK(  984): Version 2.2 width: 320 height:533 density:1.0
E/Trace   (  999): error opening trace file: No such file or directory (2)
W/DroidBox(  999): DroidBox: { "DexClassLoader": { "path": "/system/app/PicoTts.apk" } }
I/Choreographer(  604): Skipped 41 frames!  The application may be doing too much work on its main thread.
I/ActivityThread(  999): Pub com.svox.pico.providers.SettingsProvider: com.svox.pico.providers.SettingsProvider
I/Choreographer(  604): Skipped 33 frames!  The application may be doing too much work on its main thread.
W/ResourceType(  225): Failure getting entry for 0x7f060000 (t=5 e=0) in package 0 (error -75)
I/ActivityManager(  225): Start proc com.android.quicksearchbox for broadcast com.android.quicksearchbox/.CorporaUpdateReceiver: pid=1020 uid=10033 gids={3003, 1028}
I/Choreographer(  604): Skipped 50 frames!  The application may be doing too much work on its main thread.
W/ResourceType(  225): Failure getting entry for 0x7f060000 (t=5 e=0) in package 0 (error -75)
W/InputMethodManagerService(  225): Found no subtypes in a system IME: com.android.inputmethod.pinyin
W/RecognitionManagerService(  225): no available voice recognition services found
W/dalvikvm(  972): DroidBox: { "FdAccess": { "path": "2f646174612f646174612f636f6d2e616e64726f69642e6d7573696366782f7368617265645f70726566732f6d7573696366782e786d6c", "id": "1021103756" } }
W/DroidBox(  972): DroidBox: { "FileRW": { "operation": "write", "data": "3c3f786d6c2076657273696f6e3d27312e302720656e636f64696e673d277574662d3827207374616e64616c6f6e653d2779657327203f3e0a3c6d61703e0a3c737472696e67206e616d653d2264656661756c7470616e656c7061636b616765223e636f", "id": "1021103756" } }
W/dalvikvm(  984): DroidBox: { "FdAccess": { "path": "2f646174612f646174612f636f6d2e70732e626c61636b77686974652f7368617265645f70726566732f50757368466c61672e786d6c", "id": "1025638858" } }
W/DroidBox(  984): DroidBox: { "FileRW": { "operation": "write", "data": "3c3f786d6c2076657273696f6e3d27312e302720656e636f64696e673d277574662d3827207374616e64616c6f6e653d2779657327203f3e0a3c6d6170202f3e0a", "id": "1025638858" } }
W/dalvikvm(  225): DroidBox: { "FdAccess": { "path": "2f70726f632f3938342f636d646c696e65", "id": "1815544551" } }
W/DroidBox(  225): DroidBox: { "FileRW": { "operation": "read", "data": "636f6d2e70732e626c61636b7768697465000000000000000000000000000000000000000000000000000000000000000000000000000000000000000000000000000000000000000000000030633132623463636162393838373035353766642e61706b", "id": "1815544551" } }
W/dalvikvm(  225): DroidBox: { "FdAccess": { "path": "2f70726f632f3939392f636d646c696e65", "id": "1909353995" } }
W/DroidBox(  225): DroidBox: { "FileRW": { "operation": "read", "data": "636f6d2e73766f782e7069636f00000000000000000000000000000000000000000000000000000000000000000000000000000000000000000000000000000000000000000000000000000030633132623463636162393838373035353766642e61706b", "id": "1909353995" } }
W/dalvikvm(  225): DroidBox: { "FdAccess": { "path": "2f70726f632f313032302f636d646c696e65", "id": "1831428364" } }
W/DroidBox(  225): DroidBox: { "FileRW": { "operation": "read", "data": "7a79676f7465002f62696e2f6170705f70726f63657373002d587a79676f7465002f73797374656d2f62696e002d2d7a79676f7465002d2d73746172742d73797374656d2d7365727665720030633132623463636162393838373035353766642e61706b", "id": "1831428364" } }
W/dalvikvm(  984): DroidBox: { "FdAccess": { "path": "2f646174612f646174612f636f6d2e70732e626c61636b77686974652f7368617265645f70726566732f53746172745f5461672e786d6c", "id": "828116081" } }
W/DroidBox(  984): DroidBox: { "FileRW": { "operation": "write", "data": "3c3f786d6c2076657273696f6e3d27312e302720656e636f64696e673d277574662d3827207374616e64616c6f6e653d2779657327203f3e0a3c6d6170202f3e0a", "id": "828116081" } }
W/dalvikvm(  984): DroidBox: { "FdAccess": { "path": "2f646174612f646174612f636f6d2e70732e626c61636b77686974652f7368617265645f70726566732f50757368466c61672e786d6c", "id": "1001671485" } }
W/DroidBox(  984): DroidBox: { "FileRW": { "operation": "write", "data": "3c3f786d6c2076657273696f6e3d27312e302720656e636f64696e673d277574662d3827207374616e64616c6f6e653d2779657327203f3e0a3c6d61703e0a3c737472696e67206e616d653d22707573685f666c6167223e747275653c2f737472696e67", "id": "1001671485" } }
I/InputDispatcher(  225): Application is not responding: AppWindowToken{b3f3ce90 token=Token{b42bc1c8 ActivityRecord{b430a4b0 com.ps.blackwhite/.BlackWhite}}}.  It has been 5037.4ms since event, 5006.2ms since wait started.  Reason: Waiting because no window has focus but there is a focused application that may eventually add a window when it finishes starting up.
I/WindowManager(  225): Input event dispatching timed out sending to application AppWindowToken{b3f3ce90 token=Token{b42bc1c8 ActivityRecord{b430a4b0 com.ps.blackwhite/.BlackWhite}}}
W/dalvikvm(  984): DroidBox: { "FdAccess": { "path": "2f646174612f646174612f636f6d2e70732e626c61636b77686974652f7368617265645f70726566732f4261736541637469766974792e786d6c", "id": "1805728753" } }
W/DroidBox(  984): DroidBox: { "FileRW": { "operation": "write", "data": "3c3f786d6c2076657273696f6e3d27312e302720656e636f64696e673d277574662d3827207374616e64616c6f6e653d2779657327203f3e0a3c6d61703e0a3c737472696e67206e616d653d227061636b6167654e616d65223e636f6d2e70732e626c61", "id": "1805728753" } }
I/Process (  225): Sending signal. PID: 984 SIG: 3
I/Process (  225): Sending signal. PID: 225 SIG: 3
E/SQLiteLog(  768): (1) no such table: files
I/Process (  225): Sending signal. PID: 425 SIG: 3
I/Process (  225): Sending signal. PID: 487 SIG: 3
E/Trace   ( 1020): error opening trace file: No such file or directory (2)
W/dalvikvm(  225): DroidBox: { "FdAccess": { "path": "2f70726f632f312f636d646c696e65", "id": "2120190079" } }
W/DroidBox(  225): DroidBox: { "FileRW": { "operation": "read", "data": "2f696e69740000000000000000000000000000000000000000000000000000000000000000000000000000000000000000000000000000000000000000000000000000000000000000000000000000000000000000000000000000000000000000000000", "id": "2120190079" } }
W/dalvikvm(  225): DroidBox: { "FdAccess": { "path": "2f70726f632f322f636d646c696e65", "id": "887732093" } }
W/DroidBox(  225): DroidBox: { "FileRW": { "operation": "read", "data": "2f696e69740000000000000000000000000000000000000000000000000000000000000000000000000000000000000000000000000000000000000000000000000000000000000000000000000000000000000000000000000000000000000000000000", "id": "887732093" } }
W/dalvikvm(  225): DroidBox: { "FdAccess": { "path": "2f70726f632f332f636d646c696e65", "id": "1186815599" } }
W/DroidBox(  225): DroidBox: { "FileRW": { "operation": "read", "data": "2f696e69740000000000000000000000000000000000000000000000000000000000000000000000000000000000000000000000000000000000000000000000000000000000000000000000000000000000000000000000000000000000000000000000", "id": "1186815599" } }
W/dalvikvm(  225): DroidBox: { "FdAccess": { "path": "2f70726f632f342f636d646c696e65", "id": "755362998" } }
W/DroidBox(  225): DroidBox: { "FileRW": { "operation": "read", "data": "2f696e69740000000000000000000000000000000000000000000000000000000000000000000000000000000000000000000000000000000000000000000000000000000000000000000000000000000000000000000000000000000000000000000000", "id": "755362998" } }
W/dalvikvm(  225): DroidBox: { "FdAccess": { "path": "2f70726f632f352f636d646c696e65", "id": "1823150582" } }
W/DroidBox(  225): DroidBox: { "FileRW": { "operation": "read", "data": "2f696e69740000000000000000000000000000000000000000000000000000000000000000000000000000000000000000000000000000000000000000000000000000000000000000000000000000000000000000000000000000000000000000000000", "id": "1823150582" } }
W/dalvikvm(  225): DroidBox: { "FdAccess": { "path": "2f70726f632f362f636d646c696e65", "id": "785099093" } }
W/DroidBox(  225): DroidBox: { "FileRW": { "operation": "read", "data": "2f696e69740000000000000000000000000000000000000000000000000000000000000000000000000000000000000000000000000000000000000000000000000000000000000000000000000000000000000000000000000000000000000000000000", "id": "785099093" } }
W/dalvikvm(  225): DroidBox: { "FdAccess": { "path": "2f70726f632f372f636d646c696e65", "id": "660863964" } }
W/DroidBox(  225): DroidBox: { "FileRW": { "operation": "read", "data": "2f696e69740000000000000000000000000000000000000000000000000000000000000000000000000000000000000000000000000000000000000000000000000000000000000000000000000000000000000000000000000000000000000000000000", "id": "660863964" } }
W/dalvikvm(  225): DroidBox: { "FdAccess": { "path": "2f70726f632f382f636d646c696e65", "id": "1602464069" } }
W/DroidBox(  225): DroidBox: { "FileRW": { "operation": "read", "data": "2f696e69740000000000000000000000000000000000000000000000000000000000000000000000000000000000000000000000000000000000000000000000000000000000000000000000000000000000000000000000000000000000000000000000", "id": "1602464069" } }
W/dalvikvm(  225): DroidBox: { "FdAccess": { "path": "2f70726f632f392f636d646c696e65", "id": "1251069989" } }
W/DroidBox(  225): DroidBox: { "FileRW": { "operation": "read", "data": "2f696e69740000000000000000000000000000000000000000000000000000000000000000000000000000000000000000000000000000000000000000000000000000000000000000000000000000000000000000000000000000000000000000000000", "id": "1251069989" } }
W/dalvikvm(  225): DroidBox: { "FdAccess": { "path": "2f70726f632f31302f636d646c696e65", "id": "802507854" } }
W/DroidBox(  225): DroidBox: { "FileRW": { "operation": "read", "data": "2f696e69740000000000000000000000000000000000000000000000000000000000000000000000000000000000000000000000000000000000000000000000000000000000000000000000000000000000000000000000000000000000000000000000", "id": "802507854" } }
W/dalvikvm(  225): DroidBox: { "FdAccess": { "path": "2f70726f632f31312f636d646c696e65", "id": "1275835825" } }
W/DroidBox(  225): DroidBox: { "FileRW": { "operation": "read", "data": "2f696e69740000000000000000000000000000000000000000000000000000000000000000000000000000000000000000000000000000000000000000000000000000000000000000000000000000000000000000000000000000000000000000000000", "id": "1275835825" } }
W/dalvikvm(  225): DroidBox: { "FdAccess": { "path": "2f70726f632f31322f636d646c696e65", "id": "1237593853" } }
W/DroidBox(  225): DroidBox: { "FileRW": { "operation": "read", "data": "2f696e69740000000000000000000000000000000000000000000000000000000000000000000000000000000000000000000000000000000000000000000000000000000000000000000000000000000000000000000000000000000000000000000000", "id": "1237593853" } }
W/dalvikvm(  225): DroidBox: { "FdAccess": { "path": "2f70726f632f31332f636d646c696e65", "id": "938563925" } }
W/DroidBox(  225): DroidBox: { "FileRW": { "operation": "read", "data": "2f696e69740000000000000000000000000000000000000000000000000000000000000000000000000000000000000000000000000000000000000000000000000000000000000000000000000000000000000000000000000000000000000000000000", "id": "938563925" } }
W/dalvikvm(  225): DroidBox: { "FdAccess": { "path": "2f70726f632f31342f636d646c696e65", "id": "515329106" } }
W/DroidBox(  225): DroidBox: { "FileRW": { "operation": "read", "data": "2f696e69740000000000000000000000000000000000000000000000000000000000000000000000000000000000000000000000000000000000000000000000000000000000000000000000000000000000000000000000000000000000000000000000", "id": "515329106" } }
W/dalvikvm(  225): DroidBox: { "FdAccess": { "path": "2f70726f632f32352f636d646c696e65", "id": "1497789900" } }
W/DroidBox(  225): DroidBox: { "FileRW": { "operation": "read", "data": "2f696e69740000000000000000000000000000000000000000000000000000000000000000000000000000000000000000000000000000000000000000000000000000000000000000000000000000000000000000000000000000000000000000000000", "id": "1497789900" } }
W/dalvikvm(  225): DroidBox: { "FdAccess": { "path": "2f70726f632f32362f636d646c696e65", "id": "176033532" } }
W/DroidBox(  225): DroidBox: { "FileRW": { "operation": "read", "data": "2f696e69740000000000000000000000000000000000000000000000000000000000000000000000000000000000000000000000000000000000000000000000000000000000000000000000000000000000000000000000000000000000000000000000", "id": "176033532" } }
W/dalvikvm(  225): DroidBox: { "FdAccess": { "path": "2f70726f632f32372f636d646c696e65", "id": "293081361" } }
W/DroidBox(  225): DroidBox: { "FileRW": { "operation": "read", "data": "2f696e69740000000000000000000000000000000000000000000000000000000000000000000000000000000000000000000000000000000000000000000000000000000000000000000000000000000000000000000000000000000000000000000000", "id": "293081361" } }
W/dalvikvm(  225): DroidBox: { "FdAccess": { "path": "2f70726f632f32382f636d646c696e65", "id": "2049925507" } }
W/DroidBox(  225): DroidBox: { "FileRW": { "operation": "read", "data": "2f696e69740000000000000000000000000000000000000000000000000000000000000000000000000000000000000000000000000000000000000000000000000000000000000000000000000000000000000000000000000000000000000000000000", "id": "2049925507" } }
W/dalvikvm(  225): DroidBox: { "FdAccess": { "path": "2f70726f632f32392f636d646c696e65", "id": "143865546" } }
W/DroidBox(  225): DroidBox: { "FileRW": { "operation": "read", "data": "2f696e69740000000000000000000000000000000000000000000000000000000000000000000000000000000000000000000000000000000000000000000000000000000000000000000000000000000000000000000000000000000000000000000000", "id": "143865546" } }
W/dalvikvm(  225): DroidBox: { "FdAccess": { "path": "2f70726f632f33302f636d646c696e65", "id": "1378768819" } }
W/DroidBox(  225): DroidBox: { "FileRW": { "operation": "read", "data": "2f696e69740000000000000000000000000000000000000000000000000000000000000000000000000000000000000000000000000000000000000000000000000000000000000000000000000000000000000000000000000000000000000000000000", "id": "1378768819" } }
W/dalvikvm(  225): DroidBox: { "FdAccess": { "path": "2f70726f632f33312f636d646c696e65", "id": "2146325409" } }
W/DroidBox(  225): DroidBox: { "FileRW": { "operation": "read", "data": "2f7362696e2f756576656e7464000000000000000000000000000000000000000000000000000000000000000000000000000000000000000000000000000000000000000000000000000000000000000000000000000000000000000000000000000000", "id": "2146325409" } }
W/dalvikvm(  225): DroidBox: { "FdAccess": { "path": "2f70726f632f33332f636d646c696e65", "id": "1414857152" } }
W/DroidBox(  225): DroidBox: { "FileRW": { "operation": "read", "data": "2f7362696e2f756576656e7464000000000000000000000000000000000000000000000000000000000000000000000000000000000000000000000000000000000000000000000000000000000000000000000000000000000000000000000000000000", "id": "1414857152" } }
W/dalvikvm(  225): DroidBox: { "FdAccess": { "path": "2f70726f632f33342f636d646c696e65", "id": "600320605" } }
W/DroidBox(  225): DroidBox: { "FileRW": { "operation": "read", "data": "2f7362696e2f756576656e7464000000000000000000000000000000000000000000000000000000000000000000000000000000000000000000000000000000000000000000000000000000000000000000000000000000000000000000000000000000", "id": "600320605" } }
W/dalvikvm(  225): DroidBox: { "FdAccess": { "path": "2f70726f632f33382f636d646c696e65", "id": "1880580156" } }
W/DroidBox(  225): DroidBox: { "FileRW": { "operation": "read", "data": "2f7362696e2f756576656e7464000000000000000000000000000000000000000000000000000000000000000000000000000000000000000000000000000000000000000000000000000000000000000000000000000000000000000000000000000000", "id": "1880580156" } }
W/dalvikvm(  225): DroidBox: { "FdAccess": { "path": "2f70726f632f34302f636d646c696e65", "id": "1084774451" } }
W/DroidBox(  225): DroidBox: { "FileRW": { "operation": "read", "data": "2f7362696e2f756576656e7464000000000000000000000000000000000000000000000000000000000000000000000000000000000000000000000000000000000000000000000000000000000000000000000000000000000000000000000000000000", "id": "1084774451" } }
W/dalvikvm(  225): DroidBox: { "FdAccess": { "path": "2f70726f632f34312f636d646c696e65", "id": "747028220" } }
W/DroidBox(  225): DroidBox: { "FileRW": { "operation": "read", "data": "2f7362696e2f756576656e7464000000000000000000000000000000000000000000000000000000000000000000000000000000000000000000000000000000000000000000000000000000000000000000000000000000000000000000000000000000", "id": "747028220" } }
W/dalvikvm(  225): DroidBox: { "FdAccess": { "path": "2f70726f632f34342f636d646c696e65", "id": "1251235212" } }
W/DroidBox(  225): DroidBox: { "FileRW": { "operation": "read", "data": "2f7362696e2f756576656e7464000000000000000000000000000000000000000000000000000000000000000000000000000000000000000000000000000000000000000000000000000000000000000000000000000000000000000000000000000000", "id": "1251235212" } }
W/dalvikvm(  225): DroidBox: { "FdAccess": { "path": "2f70726f632f34362f636d646c696e65", "id": "910576788" } }
W/DroidBox(  225): DroidBox: { "FileRW": { "operation": "read", "data": "2f7362696e2f756576656e7464000000000000000000000000000000000000000000000000000000000000000000000000000000000000000000000000000000000000000000000000000000000000000000000000000000000000000000000000000000", "id": "910576788" } }
W/dalvikvm(  225): DroidBox: { "FdAccess": { "path": "2f70726f632f34372f636d646c696e65", "id": "611304031" } }
W/DroidBox(  225): DroidBox: { "FileRW": { "operation": "read", "data": "2f7362696e2f756576656e7464000000000000000000000000000000000000000000000000000000000000000000000000000000000000000000000000000000000000000000000000000000000000000000000000000000000000000000000000000000", "id": "611304031" } }
W/dalvikvm(  225): DroidBox: { "FdAccess": { "path": "2f70726f632f34382f636d646c696e65", "id": "1077120842" } }
W/DroidBox(  225): DroidBox: { "FileRW": { "operation": "read", "data": "2f73797374656d2f62696e2f71656d75640000000000000000000000000000000000000000000000000000000000000000000000000000000000000000000000000000000000000000000000000000000000000000000000000000000000000000000000", "id": "1077120842" } }
W/dalvikvm(  225): DroidBox: { "FdAccess": { "path": "2f70726f632f35322f636d646c696e65", "id": "963776199" } }
W/DroidBox(  225): DroidBox: { "FileRW": { "operation": "read", "data": "2f73797374656d2f62696e2f736572766963656d616e616765720000000000000000000000000000000000000000000000000000000000000000000000000000000000000000000000000000000000000000000000000000000000000000000000000000", "id": "963776199" } }
W/dalvikvm(  225): DroidBox: { "FdAccess": { "path": "2f70726f632f35332f636d646c696e65", "id": "1899908923" } }
W/DroidBox(  225): DroidBox: { "FileRW": { "operation": "read", "data": "2f73797374656d2f62696e2f766f6c640063656d616e616765720000000000000000000000000000000000000000000000000000000000000000000000000000000000000000000000000000000000000000000000000000000000000000000000000000", "id": "1899908923" } }
W/dalvikvm(  225): DroidBox: { "FdAccess": { "path": "2f70726f632f35352f636d646c696e65", "id": "1879988889" } }
W/DroidBox(  225): DroidBox: { "FileRW": { "operation": "read", "data": "2f73797374656d2f62696e2f6e6574640063656d616e616765720000000000000000000000000000000000000000000000000000000000000000000000000000000000000000000000000000000000000000000000000000000000000000000000000000", "id": "1879988889" } }
W/dalvikvm(  225): DroidBox: { "FdAccess": { "path": "2f70726f632f35362f636d646c696e65", "id": "500926028" } }
W/DroidBox( 1020): DroidBox: { "DexClassLoader": { "path": "/system/app/QuickSearchBox.apk" } }
W/DroidBox(  225): DroidBox: { "FileRW": { "operation": "read", "data": "2f73797374656d2f62696e2f64656275676765726400616765720000000000000000000000000000000000000000000000000000000000000000000000000000000000000000000000000000000000000000000000000000000000000000000000000000", "id": "500926028" } }
W/dalvikvm(  225): DroidBox: { "FdAccess": { "path": "2f70726f632f35372f636d646c696e65", "id": "1827704698" } }
W/DroidBox(  225): DroidBox: { "FileRW": { "operation": "read", "data": "2f73797374656d2f62696e2f72696c64006765726400616765720000000000000000000000000000000000000000000000000000000000000000000000000000000000000000000000000000000000000000000000000000000000000000000000000000", "id": "1827704698" } }
W/dalvikvm(  225): DroidBox: { "FdAccess": { "path": "2f70726f632f35382f636d646c696e65", "id": "909722928" } }
W/DroidBox(  225): DroidBox: { "FileRW": { "operation": "read", "data": "2f73797374656d2f62696e2f73757266616365666c696e6765720000000000000000000000000000000000000000000000000000000000000000000000000000000000000000000000000000000000000000000000000000000000000000000000000000", "id": "909722928" } }
W/dalvikvm(  225): DroidBox: { "FdAccess": { "path": "2f70726f632f36302f636d646c696e65", "id": "1423090864" } }
W/DroidBox(  225): DroidBox: { "FileRW": { "operation": "read", "data": "7a79676f7465002f62696e2f6170705f70726f63657373002d587a79676f7465002f73797374656d2f62696e002d2d7a79676f7465002d2d73746172742d73797374656d2d73657276657200000000000000000000000000000000000000000000000000", "id": "1423090864" } }
W/dalvikvm(  225): DroidBox: { "FdAccess": { "path": "2f70726f632f36312f636d646c696e65", "id": "1573365939" } }
W/DroidBox(  225): DroidBox: { "FileRW": { "operation": "read", "data": "2f73797374656d2f62696e2f64726d7365727665720073002d587a79676f7465002f73797374656d2f62696e002d2d7a79676f7465002d2d73746172742d73797374656d2d73657276657200000000000000000000000000000000000000000000000000", "id": "1573365939" } }
W/dalvikvm(  225): DroidBox: { "FdAccess": { "path": "2f70726f632f36322f636d646c696e65", "id": "1700266664" } }
W/DroidBox(  225): DroidBox: { "FileRW": { "operation": "read", "data": "2f73797374656d2f62696e2f6d65646961736572766572002d587a79676f7465002f73797374656d2f62696e002d2d7a79676f7465002d2d73746172742d73797374656d2d73657276657200000000000000000000000000000000000000000000000000", "id": "1700266664" } }
W/dalvikvm(  225): DroidBox: { "FdAccess": { "path": "2f70726f632f36332f636d646c696e65", "id": "1929834233" } }
W/DroidBox(  225): DroidBox: { "FileRW": { "operation": "read", "data": "2f73797374656d2f62696e2f646275732d6461656d6f6e002d2d73797374656d002d2d6e6f666f726b00696e002d2d7a79676f7465002d2d73746172742d73797374656d2d73657276657200000000000000000000000000000000000000000000000000", "id": "1929834233" } }
W/dalvikvm(  225): DroidBox: { "FdAccess": { "path": "2f70726f632f36342f636d646c696e65", "id": "1368978977" } }
W/DroidBox(  225): DroidBox: { "FileRW": { "operation": "read", "data": "2f73797374656d2f62696e2f696e7374616c6c64006f6e002d2d73797374656d002d2d6e6f666f726b00696e002d2d7a79676f7465002d2d73746172742d73797374656d2d73657276657200000000000000000000000000000000000000000000000000", "id": "1368978977" } }
W/dalvikvm(  225): DroidBox: { "FdAccess": { "path": "2f70726f632f36352f636d646c696e65", "id": "356930886" } }
W/DroidBox(  225): DroidBox: { "FileRW": { "operation": "read", "data": "2f73797374656d2f62696e2f6b657973746f7265002f646174612f6d6973632f6b657973746f72650000696e002d2d7a79676f7465002d2d73746172742d73797374656d2d73657276657200000000000000000000000000000000000000000000000000", "id": "356930886" } }
W/dalvikvm(  225): DroidBox: { "FdAccess": { "path": "2f70726f632f36362f636d646c696e65", "id": "354770468" } }
W/DroidBox(  225): DroidBox: { "FileRW": { "operation": "read", "data": "2f73797374656d2f62696e2f73680073746f7265002f646174612f6d6973632f6b657973746f72650000696e002d2d7a79676f7465002d2d73746172742d73797374656d2d73657276657200000000000000000000000000000000000000000000000000", "id": "354770468" } }
W/dalvikvm(  225): DroidBox: { "FdAccess": { "path": "2f70726f632f36372f636d646c696e65", "id": "909731704" } }
W/DroidBox(  225): DroidBox: { "FileRW": { "operation": "read", "data": "2f7362696e2f61646264002f73680073746f7265002f646174612f6d6973632f6b657973746f72650000696e002d2d7a79676f7465002d2d73746172742d73797374656d2d73657276657200000000000000000000000000000000000000000000000000", "id": "909731704" } }
W/dalvikvm(  225): DroidBox: { "FdAccess": { "path": "2f70726f632f3232352f636d646c696e65", "id": "607851110" } }
W/DroidBox(  225): DroidBox: { "FileRW": { "operation": "read", "data": "73797374656d5f736572766572000000000000000000000000000000000000000000000000000000000000000000000000000000000000000000000000000000000000000000000000000000000000000000000000000000000000000000000000000000", "id": "607851110" } }
D/WAPS_SDK(  984): WapsId is setted by manifest, the value is: c0f06341a8479fd0bacf88f1775fc026
W/dalvikvm(  225): DroidBox: { "FdAccess": { "path": "2f70726f632f3432352f636d646c696e65", "id": "1941063734" } }
W/DroidBox(  225): DroidBox: { "FileRW": { "operation": "read", "data": "636f6d2e616e64726f69642e73797374656d75690000000000000000000000000000000000000000000000000000000000000000000000000000000000000000000000000000000000000000000000000000000000000000000000000000000000000000", "id": "1941063734" } }
W/dalvikvm(  225): DroidBox: { "FdAccess": { "path": "2f70726f632f3437392f636d646c696e65", "id": "555184062" } }
W/DroidBox(  225): DroidBox: { "FileRW": { "operation": "read", "data": "636f6d2e616e64726f69642e696e7075746d6574686f642e6c6174696e0000000000000000000000000000000000000000000000000000000000000000000000000000000000000000000000000000000000000000000000000000000000000000000000", "id": "555184062" } }
W/dalvikvm(  225): DroidBox: { "FdAccess": { "path": "2f70726f632f3438372f636d646c696e65", "id": "1886354605" } }
W/DroidBox(  225): DroidBox: { "FileRW": { "operation": "read", "data": "636f6d2e616e64726f69642e70686f6e650000000000000000000000000000000000000000000000000000000000000000000000000000000000000000000000000000000000000000000000000000000000000000000000000000000000000000000000", "id": "1886354605" } }
W/dalvikvm(  225): DroidBox: { "FdAccess": { "path": "2f70726f632f3530332f636d646c696e65", "id": "1770557456" } }
W/DroidBox(  225): DroidBox: { "FileRW": { "operation": "read", "data": "636f6d2e616e64726f69642e73657474696e67730000000000000000000000000000000000000000000000000000000000000000000000000000000000000000000000000000000000000000000000000000000000000000000000000000000000000000", "id": "1770557456" } }
W/dalvikvm(  225): DroidBox: { "FdAccess": { "path": "2f70726f632f3535322f636d646c696e65", "id": "1439997313" } }
W/DroidBox(  225): DroidBox: { "FileRW": { "operation": "read", "data": "636f6d2e616e64726f69642e70726f766973696f6e00000000000000000000000000000000000000000000000000000000000000000000000000000000000000000000000000000000000000000000000000000000000000000000000000000000000000", "id": "1439997313" } }
W/dalvikvm(  225): DroidBox: { "FdAccess": { "path": "2f70726f632f3535392f636d646c696e65", "id": "1526703194" } }
I/ActivityThread( 1020): Pub com.android.quicksearchbox.google: com.android.quicksearchbox.google.GoogleSuggestionProvider
I/ActivityThread( 1020): Pub com.android.quicksearchbox.shortcuts: com.android.quicksearchbox.ShortcutsProvider
W/DroidBox(  225): DroidBox: { "FileRW": { "operation": "read", "data": "616e64726f69642e70726f636573732e61636f726500000000000000000000000000000000000000000000000000000000000000000000000000000000000000000000000000000000000000000000000000000000000000000000000000000000000000", "id": "1526703194" } }
W/dalvikvm(  225): DroidBox: { "FdAccess": { "path": "2f70726f632f3538322f636d646c696e65", "id": "1016522983" } }
W/DroidBox(  225): DroidBox: { "FileRW": { "operation": "read", "data": "636f6d2e616e64726f69642e736d7370757368000000000000000000000000000000000000000000000000000000000000000000000000000000000000000000000000000000000000000000000000000000000000000000000000000000000000000000", "id": "1016522983" } }
W/dalvikvm(  225): DroidBox: { "FdAccess": { "path": "2f70726f632f3630342f636d646c696e65", "id": "1824417512" } }
W/DroidBox(  225): DroidBox: { "FileRW": { "operation": "read", "data": "636f6d2e616e64726f69642e6c61756e636865720000000000000000000000000000000000000000000000000000000000000000000000000000000000000000000000000000000000000000000000000000000000000000000000000000000000000000", "id": "1824417512" } }
W/dalvikvm(  225): DroidBox: { "FdAccess": { "path": "2f70726f632f3632322f636d646c696e65", "id": "970853068" } }
W/DroidBox(  225): DroidBox: { "FileRW": { "operation": "read", "data": "636f6d2e616e64726f69642e63616c656e6461720000000000000000000000000000000000000000000000000000000000000000000000000000000000000000000000000000000000000000000000000000000000000000000000000000000000000000", "id": "970853068" } }
W/dalvikvm(  225): DroidBox: { "FdAccess": { "path": "2f70726f632f3635332f636d646c696e65", "id": "1620220720" } }
W/DroidBox(  225): DroidBox: { "FileRW": { "operation": "read", "data": "636f6d2e616e64726f69642e6465736b636c6f636b00000000000000000000000000000000000000000000000000000000000000000000000000000000000000000000000000000000000000000000000000000000000000000000000000000000000000", "id": "1620220720" } }
W/dalvikvm(  225): DroidBox: { "FdAccess": { "path": "2f70726f632f3637392f636d646c696e65", "id": "4712476" } }
W/DroidBox(  225): DroidBox: { "FileRW": { "operation": "read", "data": "636f6d2e616e64726f69642e636f6e74616374730000000000000000000000000000000000000000000000000000000000000000000000000000000000000000000000000000000000000000000000000000000000000000000000000000000000000000", "id": "4712476" } }
W/dalvikvm(  225): DroidBox: { "FdAccess": { "path": "2f70726f632f3735302f636d646c696e65", "id": "1075674040" } }
W/DroidBox(  225): DroidBox: { "FileRW": { "operation": "read", "data": "636f6d2e616e64726f69642e70726f7669646572732e63616c656e64617200000000000000000000000000000000000000000000000000000000000000000000000000000000000000000000000000000000000000000000000000000000000000000000", "id": "1075674040" } }
D/WAPS_SDK(  984): The net is: epc.tmobile.com
W/dalvikvm(  225): DroidBox: { "FdAccess": { "path": "2f70726f632f3736382f636d646c696e65", "id": "934951863" } }
W/DroidBox(  225): DroidBox: { "FileRW": { "operation": "read", "data": "616e64726f69642e70726f636573732e6d6564696100000000000000000000000000000000000000000000000000000000000000000000000000000000000000000000000000000000000000000000000000000000000000000000000000000000000000", "id": "934951863" } }
W/dalvikvm(  225): DroidBox: { "FdAccess": { "path": "2f70726f632f3830302f636d646c696e65", "id": "1519039490" } }
W/DroidBox(  225): DroidBox: { "FileRW": { "operation": "read", "data": "636f6d2e616e64726f69642e646566636f6e7461696e657200000000000000000000000000000000000000000000000000000000000000000000000000000000000000000000000000000000000000000000000000000000000000000000000000000000", "id": "1519039490" } }
W/dalvikvm(  225): DroidBox: { "FdAccess": { "path": "2f70726f632f3831382f636d646c696e65", "id": "806632056" } }
W/DroidBox(  225): DroidBox: { "FileRW": { "operation": "read", "data": "636f6d2e616e64726f69642e656d61696c0000000000000000000000000000000000000000000000000000000000000000000000000000000000000000000000000000000000000000000000000000000000000000000000000000000000000000000000", "id": "806632056" } }
W/dalvikvm(  225): DroidBox: { "FdAccess": { "path": "2f70726f632f3834302f636d646c696e65", "id": "1701573992" } }
W/DroidBox(  225): DroidBox: { "FileRW": { "operation": "read", "data": "636f6d2e616e64726f69642e65786368616e67650000000000000000000000000000000000000000000000000000000000000000000000000000000000000000000000000000000000000000000000000000000000000000000000000000000000000000", "id": "1701573992" } }
W/dalvikvm(  225): DroidBox: { "FdAccess": { "path": "2f70726f632f3835362f636d646c696e65", "id": "1012275328" } }
I/ActivityManager(  225): No longer want com.android.provision (pid 552): hidden #16
W/DroidBox(  225): DroidBox: { "FileRW": { "operation": "read", "data": "636f6d2e616e64726f69642e67616c6c657279336400000000000000000000000000000000000000000000000000000000000000000000000000000000000000000000000000000000000000000000000000000000000000000000000000000000000000", "id": "1012275328" } }
W/dalvikvm(  225): DroidBox: { "FdAccess": { "path": "2f70726f632f3837342f636d646c696e65", "id": "779348963" } }
W/DroidBox(  225): DroidBox: { "FileRW": { "operation": "read", "data": "636f6d2e616e64726f69642e6d6d7300000000000000000000000000000000000000000000000000000000000000000000000000000000000000000000000000000000000000000000000000000000000000000000000000000000000000000000000000", "id": "779348963" } }
W/dalvikvm(  225): DroidBox: { "FdAccess": { "path": "2f70726f632f3930322f636d646c696e65", "id": "1525059940" } }
W/DroidBox(  225): DroidBox: { "FileRW": { "operation": "read", "data": "636f6d2e616e64726f69642e766f6963656469616c65720000000000000000000000000000000000000000000000000000000000000000000000000000000000000000000000000000000000000000000000000000000000000000000000000000000000", "id": "1525059940" } }
W/dalvikvm(  225): DroidBox: { "FdAccess": { "path": "2f70726f632f3935322f636d646c696e65", "id": "163992778" } }
W/DroidBox(  225): DroidBox: { "FileRW": { "operation": "read", "data": "636f6d2e616e64726f69642e636f6d6d616e64732e6d6f6e6b657900000000000000000000000000000000000000000000000000000000000000000000000000000000000000000000000000000000000000000000000000000000000000000000000000", "id": "163992778" } }
W/dalvikvm(  225): DroidBox: { "FdAccess": { "path": "2f70726f632f3935332f636d646c696e65", "id": "746693631" } }
W/DroidBox(  225): DroidBox: { "FileRW": { "operation": "read", "data": "6c6f676361740044726f6964426f783a570064616c76696b766d3a570041637469766974794d616e616765723a49000000000000000000000000000000000000000000000000000000000000000000000000000000000000000000000000000000000000", "id": "746693631" } }
W/dalvikvm(  225): DroidBox: { "FdAccess": { "path": "2f70726f632f3935352f636d646c696e65", "id": "1622805964" } }
W/DroidBox(  225): DroidBox: { "FileRW": { "operation": "read", "data": "2f73797374656d2f62696e2f7368002d63007368202e2f7364636172642f65786563757465537472616365496e2e736800000000000000000000000000000000000000000000000000000000000000000000000000000000000000000000000000000000", "id": "1622805964" } }
W/dalvikvm(  225): DroidBox: { "FdAccess": { "path": "2f70726f632f3935372f636d646c696e65", "id": "2135804021" } }
W/DroidBox(  225): DroidBox: { "FileRW": { "operation": "read", "data": "7368002e2f7364636172642f65786563757465537472616365496e2e736800786563757465537472616365496e2e736800000000000000000000000000000000000000000000000000000000000000000000000000000000000000000000000000000000", "id": "2135804021" } }
W/dalvikvm(  225): DroidBox: { "FdAccess": { "path": "2f70726f632f3935382f636d646c696e65", "id": "577862853" } }
W/DroidBox(  225): DroidBox: { "FileRW": { "operation": "read", "data": "737472616365002d70003630002d66002d747446002d6f002f7364636172642f346135393564366164303833613636323037366233393037626363326635633530386436336532613764336330633132623463636162393838373035353766642e61706b", "id": "577862853" } }
W/dalvikvm(  225): DroidBox: { "FdAccess": { "path": "2f70726f632f3937322f636d646c696e65", "id": "1351519380" } }
W/DroidBox(  225): DroidBox: { "FileRW": { "operation": "read", "data": "636f6d2e616e64726f69642e6d75736963667800000000000000000000000000000000000000000000000000000000000000000000000000000000000000000000000000000000000000000030633132623463636162393838373035353766642e61706b", "id": "1351519380" } }
W/dalvikvm(  225): DroidBox: { "FdAccess": { "path": "2f70726f632f3938342f636d646c696e65", "id": "1671115423" } }
W/DroidBox(  225): DroidBox: { "FileRW": { "operation": "read", "data": "636f6d2e70732e626c61636b7768697465000000000000000000000000000000000000000000000000000000000000000000000000000000000000000000000000000000000000000000000030633132623463636162393838373035353766642e61706b", "id": "1671115423" } }
W/dalvikvm(  984): DroidBox: { "FdAccess": { "path": "2f70726f632f6d656d696e666f", "id": "972796309" } }
W/DroidBox(  984): DroidBox: { "FileRW": { "operation": "read", "data": "4d656d546f74616c3a202020202020202020373438393634206b420a4d656d467265653a20202020202020202020343537393030206b420a427566666572733a20202020202020202020202035323736206b420a4361636865643a202020202020202020", "id": "972796309" } }
I/Choreographer(  984): Skipped 53 frames!  The application may be doing too much work on its main thread.
W/dalvikvm(  225): DroidBox: { "FdAccess": { "path": "2f70726f632f3939392f636d646c696e65", "id": "117151239" } }
W/DroidBox(  225): DroidBox: { "FileRW": { "operation": "read", "data": "636f6d2e73766f782e7069636f00000000000000000000000000000000000000000000000000000000000000000000000000000000000000000000000000000000000000000000000000000030633132623463636162393838373035353766642e61706b", "id": "117151239" } }
W/dalvikvm(  225): DroidBox: { "FdAccess": { "path": "2f70726f632f313032302f636d646c696e65", "id": "235896519" } }
W/DroidBox(  225): DroidBox: { "FileRW": { "operation": "read", "data": "636f6d2e616e64726f69642e717569636b736561726368626f78000000000000000000000000000000000000000000000000000000000000000000000000000000000000000000000000000030633132623463636162393838373035353766642e61706b", "id": "235896519" } }
V/PhoneStatusBar(  425): setLightsOn(true)
W/ActivityManager(  225): Launch timeout has expired, giving up wake lock!
D/gralloc_goldfish(  984): Emulator without GPU emulation detected.
I/ActivityManager(  225): Displayed com.ps.blackwhite/.BlackWhite: +10s631ms
E/WVMExtractor(   62): Failed to open libwvm.so
I/Process (  225): Sending signal. PID: 768 SIG: 3
I/Process (  225): Sending signal. PID: 604 SIG: 3
E/ActivityManager(  225): ANR in com.ps.blackwhite (com.ps.blackwhite/.BlackWhite)
E/ActivityManager(  225): Reason: keyDispatchingTimedOut
E/ActivityManager(  225): Load: 9.51 / 2.86 / 0.99
E/ActivityManager(  225): CPU usage from 957ms to -5214ms ago:
E/ActivityManager(  225):   32% 225/system_server: 25% user + 6.8% kernel / faults: 897 minor 2 major
E/ActivityManager(  225):   23% 958/strace: 6.2% user + 16% kernel
E/ActivityManager(  225):   11% 984/com.ps.blackwhite: 6.2% user + 5.5% kernel / faults: 2415 minor 23 major
E/ActivityManager(  225):   7.5% 67/adbd: 0.3% user + 7.1% kernel / faults: 824 minor
E/ActivityManager(  225):   5% 768/android.process.media: 4.4% user + 0.6% kernel / faults: 333 minor 1 major
E/ActivityManager(  225):   5% 953/logcat: 1.4% user + 3.6% kernel
E/ActivityManager(  225):   3.7% 58/surfaceflinger: 2.9% user + 0.8% kernel / faults: 358 minor
E/ActivityManager(  225):   3.6% 1020/zygote: 1.1% user + 2.4% kernel / faults: 2800 minor 12 major
E/ActivityManager(  225):   0.9% 487/com.android.phone: 0.2% user + 0.7% kernel / faults: 168 minor
E/ActivityManager(  225):   1.7% 62/mediaserver: 0.1% user + 1.6% kernel / faults: 1 minor
E/ActivityManager(  225):   0.4% 26/mtdblock1: 0% user + 0.4% kernel
E/ActivityManager(  225):   0.8% 479/com.android.inputmethod.latin: 0.6% user + 0.1% kernel
E/ActivityManager(  225):   0.4% 11/kworker/0:1: 0% user + 0.4% kernel
E/ActivityManager(  225):   0.2% 425/com.android.systemui: 0% user + 0.1% kernel / faults: 90 minor
E/ActivityManager(  225):   0.3% 25/mtdblock0: 0% user + 0.3% kernel
E/ActivityManager(  225):   0.3% 604/com.android.launcher: 0.1% user + 0.1% kernel / faults: 92 minor
E/ActivityManager(  225):   0.1% 55/netd: 0% user + 0.1% kernel / faults: 43 minor
E/ActivityManager(  225): 100% TOTAL: 51% user + 47% kernel + 0.6% softirq
E/ActivityManager(  225): CPU usage from 4431ms to 5004ms later:
E/ActivityManager(  225):   29% 58/surfaceflinger: 21% user + 8.7% kernel / faults: 358 minor
E/ActivityManager(  225):     15% 93/VSyncThread: 7% user + 8.7% kernel
E/ActivityManager(  225):     14% 90/SurfaceFlinger: 8.7% user + 5.2% kernel
E/ActivityManager(  225):   19% 225/system_server: 8.7% user + 10% kernel / faults: 3 minor
E/ActivityManager(  225):     14% 337/InputDispatcher: 7% user + 7% kernel
E/ActivityManager(  225):     5.2% 332/WindowManager: 3.5% user + 1.7% kernel
E/ActivityManager(  225):     1.7% 238/er.ServerThread: 1.7% user + 0% kernel
E/ActivityManager(  225):   13% 958/strace: 1.7% user + 12% kernel
E/ActivityManager(  225):   12% 984/com.ps.blackwhite: 10% user + 1.7% kernel / faults: 237 minor
E/ActivityManager(  225):     5.1% 984/m.ps.blackwhite: 5.1% user + 0% kernel
E/ActivityManager(  225):     3.4% 1039/AsyncTask #3: 3.4% user + 0% kernel
E/ActivityManager(  225):     1.7% 994/Binder_1: 0% user + 1.7% kernel
E/ActivityManager(  225):     1.7% 1038/AsyncTask #2: 0% user + 1.7% kernel
E/ActivityManager(  225):    +0% 1044/Binder_3: 0% user + 0% kernel
E/ActivityManager(  225):   2% 62/mediaserver: 0.3% user + 1.7% kernel / faults: 1 minor
E/ActivityManager(  225):     2% 62/mediaserver: 0.6% user + 1.3% kernel
E/ActivityManager(  225):   0.8% 11/kworker/0:1: 0% user + 0.8% kernel
E/ActivityManager(  225):   3.4% 768/android.process.media: 1.7% user + 1.7% kernel / faults: 20 minor
E/ActivityManager(  225):     3.4% 879/MediaScannerSer: 1.7% user + 1.7% kernel
E/ActivityManager(  225):   1.7% 67/adbd: 0% user + 1.7% kernel / faults: 20 minor
E/ActivityManager(  225):     1.7% 220/adbd: 0% user + 1.7% kernel
E/ActivityManager(  225):   1.7% 487/com.android.phone: 1.7% user + 0% kernel / faults: 2 minor
E/ActivityManager(  225):     1.7% 487/m.android.phone: 1.7% user + 0% kernel
E/ActivityManager(  225):   0.5% 604/com.android.launcher: 0.5% user + 0% kernel / faults: 8 minor
E/ActivityManager(  225):   1.7% 953/logcat: 1.7% user + 0% kernel
E/ActivityManager(  225): 100% TOTAL: 54% user + 46% kernel
I/InputDispatcher(  225): Dropped event because it is stale.
W/InputManager(  225): Input event injection from pid 952 failed.
W/dalvikvm(  225): DroidBox: { "FdAccess": { "path": "2f646174612f616e722f7472616365732e747874", "id": "1616471655" } }
W/DroidBox(  225): DroidBox: { "FileRW": { "operation": "read", "data": "0a0a2d2d2d2d2d207069642032323520617420323032342d31302d30332032313a31353a3132202d2d2d2d2d0a436d64206c696e653a2073797374656d5f7365727665720a0a44414c56494b20544852454144533a0a286d7574657865733a20746c6c3d", "id": "1616471655" } }
E/WVMExtractor(   62): Failed to open libwvm.so
I/dalvikvm-heap(  225): Grow heap (frag case) to 12.439MB for 174776-byte allocation
I/dalvikvm-heap(  225): Grow heap (frag case) to 12.697MB for 393236-byte allocation
E/WVMExtractor(   62): Failed to open libwvm.so
E/WVMExtractor(   62): Failed to open libwvm.so
E/WVMExtractor(   62): Failed to open libwvm.so
D/PackageManager(  225): generateServicesMap(android.accounts.AccountAuthenticator): 2 services unchanged
D/PackageManager(  225): generateServicesMap(android.content.SyncAdapter): 4 services unchanged
I/InputReader(  225): Reconfiguring input devices.  changes=0x00000010
W/dalvikvm(  856): DroidBox: { "FdAccess": { "path": "2f646174612f646174612f636f6d2e616e64726f69642e67616c6c65727933642f7368617265645f70726566732f636f6d2e616e64726f69642e67616c6c65727933645f707265666572656e6365732e786d6c", "id": "1099466499" } }
W/DroidBox(  856): DroidBox: { "FileRW": { "operation": "write", "data": "3c3f786d6c2076657273696f6e3d27312e302720656e636f64696e673d277574662d3827207374616e64616c6f6e653d2779657327203f3e0a3c6d61703e0a3c696e74206e616d653d227061636b616765732d76657273696f6e222076616c75653d2238", "id": "1099466499" } }
I/AccountTypeManager(  679): Loaded meta-data for 1 account types, 0 accounts in 135ms(wall) 0ms(cpu)
E/WVMExtractor(   62): Failed to open libwvm.so
W/BackupManagerService(  225): dataChanged but no participant pkg='com.android.providers.settings' uid=10011
I/Choreographer(  604): Skipped 58 frames!  The application may be doing too much work on its main thread.
E/MetadataRetrieverClient(   62): failed to extract an album art
E/WVMExtractor(   62): Failed to open libwvm.so
E/WVMExtractor(   62): Failed to open libwvm.so
E/WVMExtractor(   62): Failed to open libwvm.so
E/WVMExtractor(   62): Failed to open libwvm.so
E/WVMExtractor(   62): Failed to open libwvm.so
E/WVMExtractor(   62): Failed to open libwvm.so
E/WVMExtractor(   62): Failed to open libwvm.so
E/WVMExtractor(   62): Failed to open libwvm.so
E/WVMExtractor(   62): Failed to open libwvm.so
E/WVMExtractor(   62): Failed to open libwvm.so
E/WVMExtractor(   62): Failed to open libwvm.so
E/WVMExtractor(   62): Failed to open libwvm.so
E/WVMExtractor(   62): Failed to open libwvm.so
E/WVMExtractor(   62): Failed to open libwvm.so
E/WVMExtractor(   62): Failed to open libwvm.so
E/WVMExtractor(   62): Failed to open libwvm.so
E/WVMExtractor(   62): Failed to open libwvm.so
E/WVMExtractor(   62): Failed to open libwvm.so
E/WVMExtractor(   62): Failed to open libwvm.so
E/WVMExtractor(   62): Failed to open libwvm.so
E/WVMExtractor(   62): Failed to open libwvm.so
E/WVMExtractor(   62): Failed to open libwvm.so
E/WVMExtractor(   62): Failed to open libwvm.so
E/WVMExtractor(   62): Failed to open libwvm.so
E/WVMExtractor(   62): Failed to open libwvm.so
E/WVMExtractor(   62): Failed to open libwvm.so
E/WVMExtractor(   62): Failed to open libwvm.so
E/WVMExtractor(   62): Failed to open libwvm.so
W/dalvikvm(  225): DroidBox: { "FdAccess": { "path": "2f70726f632f313034392f636d646c696e65", "id": "1889156615" } }
W/DroidBox(  225): DroidBox: { "FileRW": { "operation": "read", "data": "70726f6372616e6b00696e2f6170705f70726f63657373002d587a79676f7465002f73797374656d2f62696e002d2d7a79676f7465002d2d73746172742d73797374656d2d7365727665720030633132623463636162393838373035353766642e61706b", "id": "1889156615" } }
E/WVMExtractor(   62): Failed to open libwvm.so
E/WVMExtractor(   62): Failed to open libwvm.so
E/WVMExtractor(   62): Failed to open libwvm.so
E/WVMExtractor(   62): Failed to open libwvm.so
W/dalvikvm(  952): DroidBox: { "FdAccess": { "path": "706970653a5b343936385d", "id": "955119269" } }
W/DroidBox(  952): DroidBox: { "FileRW": { "operation": "read", "data": "20205049442020202020205673732020202020205273732020202020205073732020202020205573732020636d646c696e650a202036303420202036323135364b20202036323035364b20202032363130304b20202032313333364b2020636f6d2e616e", "id": "955119269" } }
W/dalvikvm(  952): DroidBox: { "FdAccess": { "path": "706970653a5b343936385d", "id": "1763317987" } }
W/DroidBox(  952): DroidBox: { "FileRW": { "operation": "read", "data": "00000000000000000000000000000000000000000000000000000000000000000000000000000000000000000000000000000000000000000000000000000000000000000000000000000000000000000000000000000000000000000000000000000000", "id": "1763317987" } }
E/WVMExtractor(   62): Failed to open libwvm.so
E/WVMExtractor(   62): Failed to open libwvm.so
E/WVMExtractor(   62): Failed to open libwvm.so
E/WVMExtractor(   62): Failed to open libwvm.so
E/WVMExtractor(   62): Failed to open libwvm.so
E/WVMExtractor(   62): Failed to open libwvm.so
E/WVMExtractor(   62): Failed to open libwvm.so
E/WVMExtractor(   62): Failed to open libwvm.so
E/WVMExtractor(   62): Failed to open libwvm.so
E/WVMExtractor(   62): Failed to open libwvm.so
E/WVMExtractor(   62): Failed to open libwvm.so
E/WVMExtractor(   62): Failed to open libwvm.so
E/WVMExtractor(   62): Failed to open libwvm.so
E/WVMExtractor(   62): Failed to open libwvm.so
E/WVMExtractor(   62): Failed to open libwvm.so
E/WVMExtractor(   62): Failed to open libwvm.so
E/WVMExtractor(   62): Failed to open libwvm.so
E/WVMExtractor(   62): Failed to open libwvm.so
E/WVMExtractor(   62): Failed to open libwvm.so
E/WVMExtractor(   62): Failed to open libwvm.so
E/WVMExtractor(   62): Failed to open libwvm.so
E/WVMExtractor(   62): Failed to open libwvm.so
E/WVMExtractor(   62): Failed to open libwvm.so
E/WVMExtractor(   62): Failed to open libwvm.so
E/WVMExtractor(   62): Failed to open libwvm.so
E/WVMExtractor(   62): Failed to open libwvm.so
E/WVMExtractor(   62): Failed to open libwvm.so
E/WVMExtractor(   62): Failed to open libwvm.so
E/WVMExtractor(   62): Failed to open libwvm.so
E/WVMExtractor(   62): Failed to open libwvm.so
E/WVMExtractor(   62): Failed to open libwvm.so
E/WVMExtractor(   62): Failed to open libwvm.so
E/WVMExtractor(   62): Failed to open libwvm.so
E/WVMExtractor(   62): Failed to open libwvm.so
E/WVMExtractor(   62): Failed to open libwvm.so
E/WVMExtractor(   62): Failed to open libwvm.so
