D/InputEventConsistencyVerifier(  416):   3: sent at 223512000000, (unhandled) KeyEvent { action=ACTION_DOWN, keyCode=KEYCODE_CALL, scanCode=0, metaState=0, flags=0x8, repeatCount=0, eventTime=223512, downTime=223512, deviceId=-1, source=0x101 }
D/InputEventConsistencyVerifier(  416):   4: sent at 223506000000, MotionEvent { action=ACTION_UP, id[0]=0, x[0]=388.0, y[0]=505.0, toolType[0]=TOOL_TYPE_UNKNOWN, buttonState=0, metaState=0, flags=0x0, edgeFlags=0x0, pointerCount=1, historySize=0, eventTime=223506, downTime=223441, deviceId=0, source=0x1002 }
D/InputEventConsistencyVerifier(  416):   5: sent at 223504000000, MotionEvent { action=ACTION_MOVE, id[0]=0, x[0]=404.0, y[0]=494.0, toolType[0]=TOOL_TYPE_UNKNOWN, buttonState=0, metaState=0, flags=0x0, edgeFlags=0x0, pointerCount=1, historySize=6, eventTime=223504, downTime=223441, deviceId=0, source=0x1002 }
W/dalvikvm(  416): DroidBox: { "FdAccess": { "path": "2f70726f632f6d656d696e666f", "id": "1270005532" } }
W/DroidBox(  416): DroidBox: { "FileRW": { "operation": "read", "data": "4d656d546f74616c3a202020202020202020373438393634206b420a4d656d467265653a20202020202020202020343334373536206b420a427566666572733a20202020202020202020202035363536206b420a4361636865643a202020202020202020", "id": "1270005532" } }
W/dalvikvm(  416): DroidBox: { "FdAccess": { "path": "2f70726f632f6d656d696e666f", "id": "540444758" } }
W/DroidBox(  416): DroidBox: { "FileRW": { "operation": "read", "data": "4d656d546f74616c3a202020202020202020373438393634206b420a4d656d467265653a20202020202020202020343334373536206b420a427566666572733a20202020202020202020202035363536206b420a4361636865643a202020202020202020", "id": "540444758" } }
D/InputEventConsistencyVerifier(  416): KeyEvent: ACTION_UP but key was not down.
D/InputEventConsistencyVerifier(  416):   in android.widget.FrameLayout@b3dd0d98
D/InputEventConsistencyVerifier(  416):   0: sent at 223797000000, KeyEvent { action=ACTION_UP, keyCode=KEYCODE_DPAD_DOWN, scanCode=0, metaState=0, flags=0x400, repeatCount=0, eventTime=223797, downTime=223797, deviceId=-1, source=0x101 }
D/InputEventConsistencyVerifier(  416):   -- recent events --
D/InputEventConsistencyVerifier(  416):   1: sent at 223506000000, MotionEvent { action=ACTION_UP, id[0]=0, x[0]=388.0, y[0]=505.0, toolType[0]=TOOL_TYPE_UNKNOWN, buttonState=0, metaState=0, flags=0x0, edgeFlags=0x0, pointerCount=1, historySize=0, eventTime=223506, downTime=223441, deviceId=0, source=0x1002 }
D/InputEventConsistencyVerifier(  416):   2: sent at 223504000000, MotionEvent { action=ACTION_MOVE, id[0]=0, x[0]=404.0, y[0]=494.0, toolType[0]=TOOL_TYPE_UNKNOWN, buttonState=0, metaState=0, flags=0x0, edgeFlags=0x0, pointerCount=1, historySize=6, eventTime=223504, downTime=223441, deviceId=0, source=0x1002 }
D/InputEventConsistencyVerifier(  416):   3: sent at 223443000000, MotionEvent { action=ACTION_DOWN, id[0]=0, x[0]=463.0, y[0]=438.0, toolType[0]=TOOL_TYPE_UNKNOWN, buttonState=0, metaState=0, flags=0x80000000, edgeFlags=0x0, pointerCount=1, historySize=0, eventTime=223443, downTime=223441, deviceId=0, source=0x1002 }
D/InputEventConsistencyVerifier(  416):   4: sent at 223212000000, MotionEvent { action=ACTION_UP, id[0]=0, x[0]=186.0, y[0]=703.0, toolType[0]=TOOL_TYPE_UNKNOWN, buttonState=0, metaState=0, flags=0x0, edgeFlags=0x0, pointerCount=1, historySize=0, eventTime=223212, downTime=223139, deviceId=0, source=0x1002 }
D/InputEventConsistencyVerifier(  416):   5: sent at 223207000000, MotionEvent { action=ACTION_MOVE, id[0]=0, x[0]=184.0, y[0]=695.0, toolType[0]=TOOL_TYPE_UNKNOWN, buttonState=0, metaState=0, flags=0x0, edgeFlags=0x0, pointerCount=1, historySize=7, eventTime=223207, downTime=223139, deviceId=0, source=0x1002 }
W/dalvikvm(  416): DroidBox: { "FdAccess": { "path": "2f70726f632f6d656d696e666f", "id": "195423928" } }
W/DroidBox(  416): DroidBox: { "FileRW": { "operation": "read", "data": "4d656d546f74616c3a202020202020202020373438393634206b420a4d656d467265653a20202020202020202020343335303034206b420a427566666572733a20202020202020202020202035363536206b420a4361636865643a202020202020202020", "id": "195423928" } }
D/InputEventConsistencyVerifier(  416): TouchEvent: ACTION_DOWN but pointers are already down.  Probably missing ACTION_UP from previous gesture.
D/InputEventConsistencyVerifier(  416):   in android.view.ScaleGestureDetector@b3e518d8
D/InputEventConsistencyVerifier(  416):   0: sent at 223792000000, MotionEvent { action=ACTION_DOWN, id[0]=0, x[0]=217.0, y[0]=713.0, toolType[0]=TOOL_TYPE_UNKNOWN, buttonState=0, metaState=0, flags=0x0, edgeFlags=0x0, pointerCount=1, historySize=0, eventTime=223792, downTime=223792, deviceId=0, source=0x1002 }
D/InputEventConsistencyVerifier(  416):   -- recent events --
D/InputEventConsistencyVerifier(  416):   1: sent at 223504000000, MotionEvent { action=ACTION_MOVE, id[0]=0, x[0]=404.0, y[0]=494.0, toolType[0]=TOOL_TYPE_UNKNOWN, buttonState=0, metaState=0, flags=0x0, edgeFlags=0x0, pointerCount=1, historySize=6, eventTime=223504, downTime=223441, deviceId=0, source=0x1002 }
D/InputEventConsistencyVerifier(  416):   2: sent at 223443000000, MotionEvent { action=ACTION_DOWN, id[0]=0, x[0]=463.0, y[0]=438.0, toolType[0]=TOOL_TYPE_UNKNOWN, buttonState=0, metaState=0, flags=0x80000000, edgeFlags=0x0, pointerCount=1, historySize=0, eventTime=223443, downTime=223441, deviceId=0, source=0x1002 }
D/InputEventConsistencyVerifier(  416):   3: sent at 223207000000, MotionEvent { action=ACTION_MOVE, id[0]=0, x[0]=184.0, y[0]=695.0, toolType[0]=TOOL_TYPE_UNKNOWN, buttonState=0, metaState=0, flags=0x0, edgeFlags=0x0, pointerCount=1, historySize=7, eventTime=223207, downTime=223139, deviceId=0, source=0x1002 }
D/InputEventConsistencyVerifier(  416):   4: sent at 223152000000, MotionEvent { action=ACTION_DOWN, id[0]=0, x[0]=126.0, y[0]=643.0, toolType[0]=TOOL_TYPE_UNKNOWN, buttonState=0, metaState=0, flags=0x0, edgeFlags=0x0, pointerCount=1, historySize=0, eventTime=223152, downTime=223139, deviceId=0, source=0x1002 }
D/InputEventConsistencyVerifier(  416):   5: sent at 223069000000, MotionEvent { action=ACTION_UP, id[0]=0, x[0]=102.0, y[0]=763.0, toolType[0]=TOOL_TYPE_UNKNOWN, buttonState=0, metaState=0, flags=0x0, edgeFlags=0x0, pointerCount=1, historySize=0, eventTime=223069, downTime=223018, deviceId=0, source=0x1002 }
D/InputEventConsistencyVerifier(  955): KeyEvent: ACTION_UP but key was not down.
D/InputEventConsistencyVerifier(  955):   in android.view.ViewRootImpl@b3e7a2f8
D/InputEventConsistencyVerifier(  955):   0: sent at 223905000000, KeyEvent { action=ACTION_UP, keyCode=KEYCODE_MENU, scanCode=0, metaState=0, flags=0x8, repeatCount=0, eventTime=223905, downTime=223905, deviceId=-1, source=0x101 }
D/InputEventConsistencyVerifier(  955):   -- recent events --
D/InputEventConsistencyVerifier(  955):   1: sent at 219406000000, MotionEvent { action=ACTION_UP, id[0]=0, x[0]=244.0, y[0]=498.0, toolType[0]=TOOL_TYPE_UNKNOWN, buttonState=0, metaState=0, flags=0x0, edgeFlags=0x0, pointerCount=1, historySize=0, eventTime=219406, downTime=219388, deviceId=0, source=0x1002 }
D/InputEventConsistencyVerifier(  955):   2: sent at 219388000000, MotionEvent { action=ACTION_DOWN, id[0]=0, x[0]=244.0, y[0]=508.0, toolType[0]=TOOL_TYPE_UNKNOWN, buttonState=0, metaState=0, flags=0x0, edgeFlags=0x0, pointerCount=1, historySize=0, eventTime=219388, downTime=219388, deviceId=0, source=0x1002 }
D/InputEventConsistencyVerifier(  955):   3: sent at 219339000000, MotionEvent { action=ACTION_UP, id[0]=0, x[0]=349.0, y[0]=687.0, toolType[0]=TOOL_TYPE_UNKNOWN, buttonState=0, metaState=0, flags=0x0, edgeFlags=0x0, pointerCount=1, historySize=0, eventTime=219339, downTime=219323, deviceId=0, source=0x1002 }
D/InputEventConsistencyVerifier(  955):   4: sent at 219323000000, MotionEvent { action=ACTION_DOWN, id[0]=0, x[0]=344.0, y[0]=696.0, toolType[0]=TOOL_TYPE_UNKNOWN, buttonState=0, metaState=0, flags=0x0, edgeFlags=0x0, pointerCount=1, historySize=0, eventTime=219323, downTime=219323, deviceId=0, source=0x1002 }
D/InputEventConsistencyVerifier(  955):   5: sent at 219176000000, KeyEvent { action=ACTION_UP, keyCode=KEYCODE_DPAD_DOWN, scanCode=0, metaState=0, flags=0x408, repeatCount=0, eventTime=219176, downTime=219176, deviceId=-1, source=0x101 }
D/PhoneStatusBar(  416): disable: < expand icons alerts ticker* system_info back home recent clock >
V/PhoneStatusBar(  416): setLightsOn(true)
W/dalvikvm(  225): DroidBox: { "FdAccess": { "path": "2f70726f632f3232352f6e65742f78745f717461677569642f69666163655f737461745f616c6c", "id": "1075693510" } }
W/DroidBox(  225): DroidBox: { "FileRW": { "operation": "read", "data": "6c6f20312030203020302030203233323420333520323332342033350a65746830203120302030203020302033333433383620323734342034383838343020323531370a0000000000000000000000000000000000000000000000000000000000000000", "id": "1075693510" } }
W/dalvikvm(  225): DroidBox: { "FdAccess": { "path": "2f70726f632f3232352f6e65742f78745f717461677569642f69666163655f737461745f616c6c", "id": "456231904" } }
W/DroidBox(  225): DroidBox: { "FileRW": { "operation": "read", "data": "323531370a3020323531370a323531370a3020323531370a370a370a370a370a370a323531370a31370a323531370a31370a323531370a370a370a370a370a370a31370a0000000000000000000000000000000000000000000000000000000000000000", "id": "456231904" } }
W/ThrottleService(  225): unable to find stats for iface rmnet0
E/ThrottleService(  225): Error reading data file
W/InputMethodManagerService(  225): Window already focused, ignoring focus gain of: com.android.internal.view.IInputMethodClient$Stub$Proxy@b3e27ba8 attribute=null
D/PhoneStatusBar(  416): disable: < EXPAND* icons alerts ticker system_info back home recent clock >
D/InputEventConsistencyVerifier(  225): KeyEvent: ACTION_UP but key was not down.
D/InputEventConsistencyVerifier(  225):   in com.android.internal.policy.impl.PhoneWindow$DecorView@b3e745f8
D/InputEventConsistencyVerifier(  225):   0: sent at 225345000000, KeyEvent { action=ACTION_UP, keyCode=KEYCODE_DPAD_CENTER, scanCode=0, metaState=0, flags=0x8, repeatCount=0, eventTime=225345, downTime=225345, deviceId=-1, source=0x101 }
D/InputEventConsistencyVerifier(  225):   -- recent events --
D/InputEventConsistencyVerifier(  225):   1: sent at 225223000000, (unhandled) KeyEvent { action=ACTION_UP, keyCode=KEYCODE_DPAD_CENTER, scanCode=0, metaState=0, flags=0x8, repeatCount=0, eventTime=225223, downTime=225223, deviceId=-1, source=0x101 }
D/InputEventConsistencyVerifier(  225):   2: sent at 225223000000, (unhandled) KeyEvent { action=ACTION_UP, keyCode=KEYCODE_BUTTON_6, scanCode=0, metaState=0, flags=0x8, repeatCount=0, eventTime=225223, downTime=225223, deviceId=-1, source=0x101 }
D/InputEventConsistencyVerifier(  225):   3: sent at 225215000000, (unhandled) KeyEvent { action=ACTION_DOWN, keyCode=KEYCODE_DPAD_CENTER, scanCode=0, metaState=0, flags=0x8, repeatCount=0, eventTime=225215, downTime=225215, deviceId=-1, source=0x101 }
D/InputEventConsistencyVerifier(  225):   4: sent at 225215000000, (unhandled) KeyEvent { action=ACTION_DOWN, keyCode=KEYCODE_BUTTON_6, scanCode=0, metaState=0, flags=0x8, repeatCount=0, eventTime=225215, downTime=225215, deviceId=-1, source=0x101 }
D/InputEventConsistencyVerifier(  225):   5: sent at 225207000000, (unhandled) KeyEvent { action=ACTION_UP, keyCode=KEYCODE_DPAD_UP, scanCode=0, metaState=0, flags=0x8, repeatCount=0, eventTime=225207, downTime=225207, deviceId=-1, source=0x101 }
I/Choreographer(  955): Skipped 132 frames!  The application may be doing too much work on its main thread.
D/InputEventConsistencyVerifier(  225): KeyEvent: ACTION_UP but key was not down.
D/InputEventConsistencyVerifier(  225):   in com.android.internal.policy.impl.PhoneWindow$DecorView@b3e745f8
D/InputEventConsistencyVerifier(  225):   0: sent at 226517000000, KeyEvent { action=ACTION_UP, keyCode=KEYCODE_DPAD_DOWN, scanCode=0, metaState=0, flags=0x400, repeatCount=0, eventTime=226517, downTime=226517, deviceId=-1, source=0x101 }
D/InputEventConsistencyVerifier(  225):   -- recent events --
D/InputEventConsistencyVerifier(  225):   1: sent at 226499000000, (unhandled) MotionEvent { action=ACTION_MOVE, id[0]=0, x[0]=-1.0, y[0]=3.0, toolType[0]=TOOL_TYPE_UNKNOWN, buttonState=0, metaState=0, flags=0x0, edgeFlags=0x0, pointerCount=1, historySize=6, eventTime=226499, downTime=-1, deviceId=0, source=0x10004 }
D/InputEventConsistencyVerifier(  225):   2: sent at 226456000000, (unhandled) MotionEvent { action=ACTION_UP, id[0]=0, x[0]=242.0, y[0]=762.0, toolType[0]=TOOL_TYPE_UNKNOWN, buttonState=0, metaState=0, flags=0x0, edgeFlags=0x0, pointerCount=1, historySize=0, eventTime=226456, downTime=226280, deviceId=0, source=0x1002 }
D/InputEventConsistencyVerifier(  225):   3: sent at 226454000000, (unhandled) MotionEvent { action=ACTION_MOVE, id[0]=0, x[0]=231.0, y[0]=762.0, toolType[0]=TOOL_TYPE_UNKNOWN, buttonState=0, metaState=0, flags=0x0, edgeFlags=0x0, pointerCount=1, historySize=6, eventTime=226454, downTime=226280, deviceId=0, source=0x1002 }
D/InputEventConsistencyVerifier(  225):   4: sent at 226308000000, (unhandled) MotionEvent { action=ACTION_DOWN, id[0]=0, x[0]=152.0, y[0]=681.0, toolType[0]=TOOL_TYPE_UNKNOWN, buttonState=0, metaState=0, flags=0x0, edgeFlags=0x0, pointerCount=1, historySize=0, eventTime=226308, downTime=226280, deviceId=0, source=0x1002 }
D/InputEventConsistencyVerifier(  225):   5: sent at 226255000000, (unhandled) KeyEvent { action=ACTION_UP, keyCode=KEYCODE_DPAD_RIGHT, scanCode=0, metaState=0, flags=0x8, repeatCount=0, eventTime=226255, downTime=226255, deviceId=-1, source=0x101 }
I/Choreographer(  225): Skipped 49 frames!  The application may be doing too much work on its main thread.
I/Choreographer(  955): Skipped 115 frames!  The application may be doing too much work on its main thread.
D/InputEventConsistencyVerifier(  225): KeyEvent: ACTION_UP but key was not down.
D/InputEventConsistencyVerifier(  225):   in com.android.internal.policy.impl.PhoneWindow$DecorView@b3e745f8
D/InputEventConsistencyVerifier(  225):   0: sent at 227353000000, KeyEvent { action=ACTION_UP, keyCode=KEYCODE_DPAD_UP, scanCode=0, metaState=0, flags=0x400, repeatCount=0, eventTime=227353, downTime=227353, deviceId=-1, source=0x101 }
D/InputEventConsistencyVerifier(  225):   -- recent events --
D/InputEventConsistencyVerifier(  225):   1: sent at 227344000000, (unhandled) MotionEvent { action=ACTION_MOVE, id[0]=0, x[0]=-4.0, y[0]=-4.0, toolType[0]=TOOL_TYPE_UNKNOWN, buttonState=0, metaState=0, flags=0x0, edgeFlags=0x0, pointerCount=1, historySize=7, eventTime=227344, downTime=-1, deviceId=0, source=0x10004 }
D/InputEventConsistencyVerifier(  225):   2: sent at 227233000000, (unhandled) KeyEvent { action=ACTION_UP, keyCode=KEYCODE_MENU, scanCode=0, metaState=0, flags=0x8, repeatCount=0, eventTime=227233, downTime=227233, deviceId=-1, source=0x101 }
D/InputEventConsistencyVerifier(  225):   3: sent at 227228000000, (unhandled) KeyEvent { action=ACTION_DOWN, keyCode=KEYCODE_MENU, scanCode=0, metaState=0, flags=0x8, repeatCount=0, eventTime=227228, downTime=227228, deviceId=-1, source=0x101 }
D/InputEventConsistencyVerifier(  225):   4: sent at 227177000000, (unhandled) KeyEvent { action=ACTION_UP, keyCode=KEYCODE_MENU, scanCode=0, metaState=0, flags=0x8, repeatCount=0, eventTime=227177, downTime=227177, deviceId=-1, source=0x101 }
D/InputEventConsistencyVerifier(  225):   5: sent at 227144000000, (unhandled) KeyEvent { action=ACTION_DOWN, keyCode=KEYCODE_MENU, scanCode=0, metaState=0, flags=0x8, repeatCount=0, eventTime=227144, downTime=227144, deviceId=-1, source=0x101 }
W/WindowManager(  225): Failure taking screenshot for (246x410) to layer 21020
D/PhoneStatusBar(  416): disable: < expand* icons alerts ticker system_info back home recent clock >
V/PhoneStatusBar(  416): setLightsOn(true)
D/InputEventConsistencyVerifier(  955): KeyEvent: ACTION_UP but key was not down.
D/InputEventConsistencyVerifier(  955):   in android.view.ViewRootImpl@b3e7a2f8
D/InputEventConsistencyVerifier(  955):   0: sent at 227564000000, KeyEvent { action=ACTION_UP, keyCode=KEYCODE_DPAD_DOWN, scanCode=0, metaState=0, flags=0x8, repeatCount=0, eventTime=227564, downTime=227564, deviceId=-1, source=0x101 }
D/InputEventConsistencyVerifier(  955):   -- recent events --
D/InputEventConsistencyVerifier(  955):   1: sent at 224846000000, MotionEvent { action=ACTION_UP, id[0]=0, x[0]=114.0, y[0]=38.0, toolType[0]=TOOL_TYPE_UNKNOWN, buttonState=0, metaState=0, flags=0x0, edgeFlags=0x0, pointerCount=1, historySize=0, eventTime=224846, downTime=224840, deviceId=0, source=0x1002 }
D/InputEventConsistencyVerifier(  955):   2: sent at 224841000000, MotionEvent { action=ACTION_DOWN, id[0]=0, x[0]=126.0, y[0]=44.0, toolType[0]=TOOL_TYPE_UNKNOWN, buttonState=0, metaState=0, flags=0x0, edgeFlags=0x0, pointerCount=1, historySize=0, eventTime=224841, downTime=224840, deviceId=0, source=0x1002 }
D/InputEventConsistencyVerifier(  955):   3: sent at 224419000000, KeyEvent { action=ACTION_UP, keyCode=KEYCODE_MENU, scanCode=0, metaState=0, flags=0x8, repeatCount=0, eventTime=224419, downTime=224419, deviceId=-1, source=0x101 }
D/InputEventConsistencyVerifier(  955):   4: sent at 224260000000, KeyEvent { action=ACTION_DOWN, keyCode=KEYCODE_MENU, scanCode=0, metaState=0, flags=0x8, repeatCount=0, eventTime=224260, downTime=224260, deviceId=-1, source=0x101 }
D/InputEventConsistencyVerifier(  955):   5: sent at 224398000000, KeyEvent { action=ACTION_UP, keyCode=KEYCODE_DPAD_DOWN, scanCode=0, metaState=0, flags=0x400, repeatCount=0, eventTime=224398, downTime=224398, deviceId=-1, source=0x101 }
W/InputMethodManagerService(  225): Window already focused, ignoring focus gain of: com.android.internal.view.IInputMethodClient$Stub$Proxy@b3d9d030 attribute=null
I/Choreographer(  225): Skipped 32 frames!  The application may be doing too much work on its main thread.
I/Choreographer(  955): Skipped 78 frames!  The application may be doing too much work on its main thread.
I/Choreographer(  955): Skipped 31 frames!  The application may be doing too much work on its main thread.
D/InputEventConsistencyVerifier(  955): TrackballEvent: Trackball is down but pressure is not greater than 0.
D/InputEventConsistencyVerifier(  955):   in android.view.ViewRootImpl@b3e7a2f8
D/InputEventConsistencyVerifier(  955):   0: sent at 228121000000, MotionEvent { action=ACTION_DOWN, id[0]=0, x[0]=0.0, y[0]=0.0, toolType[0]=TOOL_TYPE_UNKNOWN, buttonState=0, metaState=0, flags=0x0, edgeFlags=0x0, pointerCount=1, historySize=0, eventTime=228121, downTime=228086, deviceId=0, source=0x10004 }
D/InputEventConsistencyVerifier(  955):   -- recent events --
D/InputEventConsistencyVerifier(  955):   1: sent at 228274000000, KeyEvent { action=ACTION_UP, keyCode=KEYCODE_DPAD_LEFT, scanCode=0, metaState=0, flags=0x400, repeatCount=0, eventTime=228274, downTime=228274, deviceId=-1, source=0x101 }
D/InputEventConsistencyVerifier(  955):   2: sent at 228274000000, KeyEvent { action=ACTION_DOWN, keyCode=KEYCODE_DPAD_LEFT, scanCode=0, metaState=0, flags=0x400, repeatCount=0, eventTime=228274, downTime=228274, deviceId=-1, source=0x101 }
D/InputEventConsistencyVerifier(  955):   3: sent at 228273000000, KeyEvent { action=ACTION_UP, keyCode=KEYCODE_DPAD_LEFT, scanCode=0, metaState=0, flags=0x400, repeatCount=0, eventTime=228273, downTime=228273, deviceId=-1, source=0x101 }
D/InputEventConsistencyVerifier(  955):   4: sent at 228273000000, KeyEvent { action=ACTION_DOWN, keyCode=KEYCODE_DPAD_LEFT, scanCode=0, metaState=0, flags=0x400, repeatCount=0, eventTime=228273, downTime=228273, deviceId=-1, source=0x101 }
D/InputEventConsistencyVerifier(  955):   5: sent at 228272000000, KeyEvent { action=ACTION_UP, keyCode=KEYCODE_DPAD_LEFT, scanCode=0, metaState=0, flags=0x400, repeatCount=0, eventTime=228272, downTime=228272, deviceId=-1, source=0x101 }
D/InputEventConsistencyVerifier(  955): TrackballEvent: Trackball is down but pressure is not greater than 0.
D/InputEventConsistencyVerifier(  955):   in android.view.ViewRootImpl@b3e7a2f8
D/InputEventConsistencyVerifier(  955):   0: sent at 231439000000, MotionEvent { action=ACTION_DOWN, id[0]=0, x[0]=0.0, y[0]=0.0, toolType[0]=TOOL_TYPE_UNKNOWN, buttonState=0, metaState=0, flags=0x0, edgeFlags=0x0, pointerCount=1, historySize=0, eventTime=231439, downTime=231335, deviceId=0, source=0x10004 }
D/InputEventConsistencyVerifier(  955):   -- recent events --
D/InputEventConsistencyVerifier(  955):   1: sent at 231437000000, MotionEvent { action=ACTION_MOVE, id[0]=0, x[0]=2.0, y[0]=-1.0, toolType[0]=TOOL_TYPE_UNKNOWN, buttonState=0, metaState=0, flags=0x0, edgeFlags=0x0, pointerCount=1, historySize=9, eventTime=231437, downTime=-1, deviceId=0, source=0x10004 }
D/InputEventConsistencyVerifier(  955):   2: sent at 231325000000, MotionEvent { action=ACTION_UP, id[0]=0, x[0]=140.0, y[0]=500.0, toolType[0]=TOOL_TYPE_UNKNOWN, buttonState=0, metaState=0, flags=0x0, edgeFlags=0x0, pointerCount=1, historySize=0, eventTime=231325, downTime=231291, deviceId=0, source=0x1002 }
D/InputEventConsistencyVerifier(  955):   3: sent at 231299000000, MotionEvent { action=ACTION_MOVE, id[0]=0, x[0]=140.0, y[0]=516.0, toolType[0]=TOOL_TYPE_UNKNOWN, buttonState=0, metaState=0, flags=0x0, edgeFlags=0x0, pointerCount=1, historySize=0, eventTime=231299, downTime=231291, deviceId=0, source=0x1002 }
D/InputEventConsistencyVerifier(  955):   4: sent at 231291000000, MotionEvent { action=ACTION_DOWN, id[0]=0, x[0]=141.0, y[0]=523.0, toolType[0]=TOOL_TYPE_UNKNOWN, buttonState=0, metaState=0, flags=0x0, edgeFlags=0x0, pointerCount=1, historySize=0, eventTime=231291, downTime=231291, deviceId=0, source=0x1002 }
D/InputEventConsistencyVerifier(  955):   5: sent at 231194000000, KeyEvent { action=ACTION_UP, keyCode=KEYCODE_DPAD_UP, scanCode=0, metaState=0, flags=0x8, repeatCount=0, eventTime=231194, downTime=231194, deviceId=-1, source=0x101 }
I/Choreographer(  955): Skipped 36 frames!  The application may be doing too much work on its main thread.
I/qtaguid (  225): Failed write_ctrl(s 1 10050) res=-1 errno=1
W/NetworkManagementSocketTagger(  225): setKernelCountSet(10050, 1) failed with errno -1
I/qtaguid (  225): Failed write_ctrl(s 0 10019) res=-1 errno=1
W/NetworkManagementSocketTagger(  225): setKernelCountSet(10019, 0) failed with errno -1
I/ActivityManager(  225): START {act=android.intent.action.MAIN cat=[android.intent.category.LAUNCHER] flg=0x10200000 cmp=com.tx.twitter/.MainActivity u=0} from pid 935
I/ActivityManager(  225): START {act=android.intent.action.MAIN cat=[android.intent.category.LAUNCHER] flg=0x10200000 cmp=com.tx.twitter/.MainActivity u=0} from pid 935
I/ActivityManager(  225): START {act=android.intent.action.MAIN cat=[android.intent.category.LAUNCHER] flg=0x10200000 cmp=com.tx.twitter/.MainActivity u=0} from pid 935
D/InputEventConsistencyVerifier(  955): TrackballEvent: Trackball is down but pressure is not greater than 0.
D/InputEventConsistencyVerifier(  955):   in android.view.ViewRootImpl@b3f45f28
D/InputEventConsistencyVerifier(  955):   0: sent at 233966000000, MotionEvent { action=ACTION_DOWN, id[0]=0, x[0]=0.0, y[0]=0.0, toolType[0]=TOOL_TYPE_UNKNOWN, buttonState=0, metaState=0, flags=0x0, edgeFlags=0x0, pointerCount=1, historySize=0, eventTime=233966, downTime=233924, deviceId=0, source=0x10004 }
D/InputEventConsistencyVerifier(  955):   -- recent events --
D/InputEventConsistencyVerifier(  955):   1: sent at 234145000000, KeyEvent { action=ACTION_UP, keyCode=KEYCODE_DPAD_DOWN, scanCode=0, metaState=0, flags=0x400, repeatCount=0, eventTime=234145, downTime=234145, deviceId=-1, source=0x101 }
D/InputEventConsistencyVerifier(  955):   2: sent at 234145000000, KeyEvent { action=ACTION_DOWN, keyCode=KEYCODE_DPAD_DOWN, scanCode=0, metaState=0, flags=0x400, repeatCount=0, eventTime=234145, downTime=234145, deviceId=-1, source=0x101 }
D/InputEventConsistencyVerifier(  955):   3: sent at 234144000000, KeyEvent { action=ACTION_UP, keyCode=KEYCODE_DPAD_DOWN, scanCode=0, metaState=0, flags=0x400, repeatCount=0, eventTime=234144, downTime=234144, deviceId=-1, source=0x101 }
D/InputEventConsistencyVerifier(  955):   4: sent at 234144000000, KeyEvent { action=ACTION_DOWN, keyCode=KEYCODE_DPAD_DOWN, scanCode=0, metaState=0, flags=0x400, repeatCount=0, eventTime=234144, downTime=234144, deviceId=-1, source=0x101 }
D/InputEventConsistencyVerifier(  955):   5: sent at 234143000000, KeyEvent { action=ACTION_UP, keyCode=KEYCODE_DPAD_DOWN, scanCode=0, metaState=0, flags=0x400, repeatCount=0, eventTime=234143, downTime=234143, deviceId=-1, source=0x101 }
I/Choreographer(  955): Skipped 171 frames!  The application may be doing too much work on its main thread.
W/InputMethodManagerService(  225): Window already focused, ignoring focus gain of: com.android.internal.view.IInputMethodClient$Stub$Proxy@b405f0a0 attribute=null
I/Choreographer(  955): Skipped 55 frames!  The application may be doing too much work on its main thread.
I/Choreographer(  955): Skipped 30 frames!  The application may be doing too much work on its main thread.
I/Choreographer(  955): Skipped 32 frames!  The application may be doing too much work on its main thread.
I/ActivityManager(  225): START {act=android.intent.action.MAIN cat=[android.intent.category.LAUNCHER] flg=0x10000000 cmp=com.android.email/.activity.Welcome sel={act=android.intent.action.MAIN cat=[android.intent.category.APP_EMAIL]} u=0} from pid 225
D/InputEventConsistencyVerifier(  955): KeyEvent: ACTION_UP but key was not down.
D/InputEventConsistencyVerifier(  955):   in android.view.ViewRootImpl@b3e7a2f8
D/InputEventConsistencyVerifier(  955):   0: sent at 237885000000, KeyEvent { action=ACTION_UP, keyCode=KEYCODE_ENVELOPE, scanCode=0, metaState=0, flags=0x8, repeatCount=0, eventTime=237885, downTime=237885, deviceId=-1, source=0x101 }
D/InputEventConsistencyVerifier(  955):   -- recent events --
D/InputEventConsistencyVerifier(  955):   1: sent at 237747000000, KeyEvent { action=ACTION_UP, keyCode=KEYCODE_DPAD_DOWN, scanCode=0, metaState=0, flags=0x8, repeatCount=0, eventTime=237747, downTime=237747, deviceId=-1, source=0x101 }
D/InputEventConsistencyVerifier(  955):   2: sent at 237697000000, KeyEvent { action=ACTION_DOWN, keyCode=KEYCODE_DPAD_DOWN, scanCode=0, metaState=0, flags=0x8, repeatCount=0, eventTime=237697, downTime=237697, deviceId=-1, source=0x101 }
D/InputEventConsistencyVerifier(  955):   3: sent at 237692000000, MotionEvent { action=ACTION_UP, id[0]=0, x[0]=77.0, y[0]=597.0, toolType[0]=TOOL_TYPE_UNKNOWN, buttonState=0, metaState=0, flags=0x0, edgeFlags=0x0, pointerCount=1, historySize=0, eventTime=237692, downTime=237632, deviceId=0, source=0x1002 }
D/InputEventConsistencyVerifier(  955):   4: sent at 237671000000, MotionEvent { action=ACTION_MOVE, id[0]=0, x[0]=74.0, y[0]=595.0, toolType[0]=TOOL_TYPE_UNKNOWN, buttonState=0, metaState=0, flags=0x0, edgeFlags=0x0, pointerCount=1, historySize=2, eventTime=237671, downTime=237632, deviceId=0, source=0x1002 }
D/InputEventConsistencyVerifier(  955):   5: sent at 237633000000, MotionEvent { action=ACTION_DOWN, id[0]=0, x[0]=67.0, y[0]=582.0, toolType[0]=TOOL_TYPE_UNKNOWN, buttonState=0, metaState=0, flags=0x0, edgeFlags=0x0, pointerCount=1, historySize=0, eventTime=237633, downTime=237632, deviceId=0, source=0x1002 }
D/InputEventConsistencyVerifier(  416): TouchEvent: ACTION_DOWN but pointers are already down.  Probably missing ACTION_UP from previous gesture.
D/InputEventConsistencyVerifier(  416):   in android.view.ScaleGestureDetector@b3e518d8
D/InputEventConsistencyVerifier(  416):   0: sent at 238228000000, MotionEvent { action=ACTION_DOWN, id[0]=0, x[0]=316.0, y[0]=29.0, toolType[0]=TOOL_TYPE_UNKNOWN, buttonState=0, metaState=0, flags=0x0, edgeFlags=0x0, pointerCount=1, historySize=0, eventTime=238228, downTime=238228, deviceId=0, source=0x1002 }
D/InputEventConsistencyVerifier(  416):   -- recent events --
D/InputEventConsistencyVerifier(  416):   1: sent at 223792000000, MotionEvent { action=ACTION_DOWN, id[0]=0, x[0]=217.0, y[0]=713.0, toolType[0]=TOOL_TYPE_UNKNOWN, buttonState=0, metaState=0, flags=0x80000000, edgeFlags=0x0, pointerCount=1, historySize=0, eventTime=223792, downTime=223792, deviceId=0, source=0x1002 }
D/InputEventConsistencyVerifier(  416):   2: sent at 223504000000, MotionEvent { action=ACTION_MOVE, id[0]=0, x[0]=404.0, y[0]=494.0, toolType[0]=TOOL_TYPE_UNKNOWN, buttonState=0, metaState=0, flags=0x0, edgeFlags=0x0, pointerCount=1, historySize=6, eventTime=223504, downTime=223441, deviceId=0, source=0x1002 }
D/InputEventConsistencyVerifier(  416):   3: sent at 223443000000, MotionEvent { action=ACTION_DOWN, id[0]=0, x[0]=463.0, y[0]=438.0, toolType[0]=TOOL_TYPE_UNKNOWN, buttonState=0, metaState=0, flags=0x80000000, edgeFlags=0x0, pointerCount=1, historySize=0, eventTime=223443, downTime=223441, deviceId=0, source=0x1002 }
D/InputEventConsistencyVerifier(  416):   4: sent at 223207000000, MotionEvent { action=ACTION_MOVE, id[0]=0, x[0]=184.0, y[0]=695.0, toolType[0]=TOOL_TYPE_UNKNOWN, buttonState=0, metaState=0, flags=0x0, edgeFlags=0x0, pointerCount=1, historySize=7, eventTime=223207, downTime=223139, deviceId=0, source=0x1002 }
D/InputEventConsistencyVerifier(  416):   5: sent at 223152000000, MotionEvent { action=ACTION_DOWN, id[0]=0, x[0]=126.0, y[0]=643.0, toolType[0]=TOOL_TYPE_UNKNOWN, buttonState=0, metaState=0, flags=0x0, edgeFlags=0x0, pointerCount=1, historySize=0, eventTime=223152, downTime=223139, deviceId=0, source=0x1002 }
W/dalvikvm(  935): DroidBox: { "FdAccess": { "path": "2f6465762f696e7075742f6576656e7430", "id": "1746726145" } }
W/DroidBox(  935): DroidBox: { "FileRW": { "operation": "write", "data": "efbfbd060000efbfbdefbfbd0c000500000000000000", "id": "1746726145" } }
I/ActivityManager(  225): START {act=android.intent.action.CALL_BUTTON flg=0x10000000 cmp=com.android.contacts/.activities.DialtactsActivity u=0} from pid 416
I/ActivityManager(  225): START {act=android.intent.action.CALL_BUTTON flg=0x10000000 cmp=com.android.contacts/.activities.DialtactsActivity u=0} from pid 416
W/dalvikvm(  416): DroidBox: { "FdAccess": { "path": "2f70726f632f6d656d696e666f", "id": "960720355" } }
W/DroidBox(  416): DroidBox: { "FileRW": { "operation": "read", "data": "4d656d546f74616c3a202020202020202020373438393634206b420a4d656d467265653a20202020202020202020343430343434206b420a427566666572733a20202020202020202020202035363732206b420a4361636865643a202020202020202020", "id": "960720355" } }
I/Choreographer(  416): Skipped 91 frames!  The application may be doing too much work on its main thread.
D/InputEventConsistencyVerifier(  416): KeyEvent: ACTION_UP but key was not down.
D/InputEventConsistencyVerifier(  416):   in com.android.systemui.statusbar.phone.StatusBarWindowView@b3db1248
D/InputEventConsistencyVerifier(  416):   0: sent at 238683000000, KeyEvent { action=ACTION_UP, keyCode=KEYCODE_DPAD_DOWN, scanCode=0, metaState=0, flags=0x8, repeatCount=0, eventTime=238683, downTime=238683, deviceId=-1, source=0x101 }
D/InputEventConsistencyVerifier(  416):   -- recent events --
D/InputEventConsistencyVerifier(  416):   1: sent at 238664000000, MotionEvent { action=ACTION_UP, id[0]=0, x[0]=361.0, y[0]=125.0, toolType[0]=TOOL_TYPE_UNKNOWN, buttonState=0, metaState=0, flags=0x0, edgeFlags=0x0, pointerCount=1, historySize=0, eventTime=238664, downTime=238588, deviceId=0, source=0x1002 }
D/InputEventConsistencyVerifier(  416):   2: sent at 238663000000, MotionEvent { action=ACTION_MOVE, id[0]=0, x[0]=361.0, y[0]=125.0, toolType[0]=TOOL_TYPE_UNKNOWN, buttonState=0, metaState=0, flags=0x0, edgeFlags=0x0, pointerCount=1, historySize=5, eventTime=238663, downTime=238588, deviceId=0, source=0x1002 }
D/InputEventConsistencyVerifier(  416):   3: sent at 238605000000, MotionEvent { action=ACTION_DOWN, id[0]=0, x[0]=343.0, y[0]=172.0, toolType[0]=TOOL_TYPE_UNKNOWN, buttonState=0, metaState=0, flags=0x0, edgeFlags=0x0, pointerCount=1, historySize=0, eventTime=238605, downTime=238588, deviceId=0, source=0x1002 }
D/InputEventConsistencyVerifier(  416):   4: sent at 238582000000, (unhandled) KeyEvent { action=ACTION_UP, keyCode=KEYCODE_CALL, scanCode=0, metaState=0, flags=0x8, repeatCount=0, eventTime=238582, downTime=238582, deviceId=-1, source=0x101 }
D/InputEventConsistencyVerifier(  416):   5: sent at 238508000000, (unhandled) KeyEvent { action=ACTION_DOWN, keyCode=KEYCODE_CALL, scanCode=0, metaState=0, flags=0x8, repeatCount=0, eventTime=238508, downTime=238508, deviceId=-1, source=0x101 }
D/InputEventConsistencyVerifier(  416): TouchEvent: ACTION_DOWN but pointers are already down.  Probably missing ACTION_UP from previous gesture.
D/InputEventConsistencyVerifier(  416):   in android.view.ScaleGestureDetector@b3e518d8
D/InputEventConsistencyVerifier(  416):   0: sent at 238706000000, MotionEvent { action=ACTION_DOWN, id[0]=0, x[0]=459.0, y[0]=550.0, toolType[0]=TOOL_TYPE_UNKNOWN, buttonState=0, metaState=0, flags=0x0, edgeFlags=0x0, pointerCount=1, historySize=0, eventTime=238706, downTime=238706, deviceId=0, source=0x1002 }
D/InputEventConsistencyVerifier(  416):   -- recent events --
D/InputEventConsistencyVerifier(  416):   1: sent at 238605000000, MotionEvent { action=ACTION_DOWN, id[0]=0, x[0]=343.0, y[0]=172.0, toolType[0]=TOOL_TYPE_UNKNOWN, buttonState=0, metaState=0, flags=0x0, edgeFlags=0x0, pointerCount=1, historySize=0, eventTime=238605, downTime=238588, deviceId=0, source=0x1002 }
D/InputEventConsistencyVerifier(  416):   2: sent at 238271000000, MotionEvent { action=ACTION_UP, id[0]=0, x[0]=320.0, y[0]=30.0, toolType[0]=TOOL_TYPE_UNKNOWN, buttonState=0, metaState=0, flags=0x0, edgeFlags=0x0, pointerCount=1, historySize=0, eventTime=238271, downTime=238228, deviceId=0, source=0x1002 }
D/InputEventConsistencyVerifier(  416):   3: sent at 238228000000, MotionEvent { action=ACTION_DOWN, id[0]=0, x[0]=316.0, y[0]=29.0, toolType[0]=TOOL_TYPE_UNKNOWN, buttonState=0, metaState=0, flags=0x80000000, edgeFlags=0x0, pointerCount=1, historySize=0, eventTime=238228, downTime=238228, deviceId=0, source=0x1002 }
D/InputEventConsistencyVerifier(  416):   4: sent at 223792000000, MotionEvent { action=ACTION_DOWN, id[0]=0, x[0]=217.0, y[0]=713.0, toolType[0]=TOOL_TYPE_UNKNOWN, buttonState=0, metaState=0, flags=0x80000000, edgeFlags=0x0, pointerCount=1, historySize=0, eventTime=223792, downTime=223792, deviceId=0, source=0x1002 }
D/InputEventConsistencyVerifier(  416):   5: sent at 223504000000, MotionEvent { action=ACTION_MOVE, id[0]=0, x[0]=404.0, y[0]=494.0, toolType[0]=TOOL_TYPE_UNKNOWN, buttonState=0, metaState=0, flags=0x0, edgeFlags=0x0, pointerCount=1, historySize=6, eventTime=223504, downTime=223441, deviceId=0, source=0x1002 }
W/dalvikvm(  416): DroidBox: { "FdAccess": { "path": "2f70726f632f6d656d696e666f", "id": "1985842583" } }
W/DroidBox(  416): DroidBox: { "FileRW": { "operation": "read", "data": "4d656d546f74616c3a202020202020202020373438393634206b420a4d656d467265653a20202020202020202020343430343434206b420a427566666572733a20202020202020202020202035363732206b420a4361636865643a202020202020202020", "id": "1985842583" } }
V/PhoneStatusBar(  416): setLightsOn(true)
D/PhoneStatusBar(  416): disable: < expand icons alerts TICKER* system_info back home recent clock >
W/dalvikvm(  416): DroidBox: { "FdAccess": { "path": "2f70726f632f6d656d696e666f", "id": "440200003" } }
W/DroidBox(  416): DroidBox: { "FileRW": { "operation": "read", "data": "4d656d546f74616c3a202020202020202020373438393634206b420a4d656d467265653a20202020202020202020343338393536206b420a427566666572733a20202020202020202020202035363732206b420a4361636865643a202020202020202020", "id": "440200003" } }
D/InputEventConsistencyVerifier(  416): TouchEvent: ACTION_DOWN but pointers are already down.  Probably missing ACTION_UP from previous gesture.
D/InputEventConsistencyVerifier(  416):   in android.view.ScaleGestureDetector@b3e518d8
D/InputEventConsistencyVerifier(  416):   0: sent at 238894000000, MotionEvent { action=ACTION_DOWN, id[0]=0, x[0]=188.0, y[0]=386.0, toolType[0]=TOOL_TYPE_UNKNOWN, buttonState=0, metaState=0, flags=0x0, edgeFlags=0x0, pointerCount=1, historySize=0, eventTime=238894, downTime=238893, deviceId=0, source=0x1002 }
D/InputEventConsistencyVerifier(  416):   -- recent events --
D/InputEventConsistencyVerifier(  416):   1: sent at 238706000000, MotionEvent { action=ACTION_DOWN, id[0]=0, x[0]=459.0, y[0]=550.0, toolType[0]=TOOL_TYPE_UNKNOWN, buttonState=0, metaState=0, flags=0x80000000, edgeFlags=0x0, pointerCount=1, historySize=0, eventTime=238706, downTime=238706, deviceId=0, source=0x1002 }
D/InputEventConsistencyVerifier(  416):   2: sent at 238605000000, MotionEvent { action=ACTION_DOWN, id[0]=0, x[0]=343.0, y[0]=172.0, toolType[0]=TOOL_TYPE_UNKNOWN, buttonState=0, metaState=0, flags=0x0, edgeFlags=0x0, pointerCount=1, historySize=0, eventTime=238605, downTime=238588, deviceId=0, source=0x1002 }
D/InputEventConsistencyVerifier(  416):   3: sent at 238271000000, MotionEvent { action=ACTION_UP, id[0]=0, x[0]=320.0, y[0]=30.0, toolType[0]=TOOL_TYPE_UNKNOWN, buttonState=0, metaState=0, flags=0x0, edgeFlags=0x0, pointerCount=1, historySize=0, eventTime=238271, downTime=238228, deviceId=0, source=0x1002 }
D/InputEventConsistencyVerifier(  416):   4: sent at 238228000000, MotionEvent { action=ACTION_DOWN, id[0]=0, x[0]=316.0, y[0]=29.0, toolType[0]=TOOL_TYPE_UNKNOWN, buttonState=0, metaState=0, flags=0x80000000, edgeFlags=0x0, pointerCount=1, historySize=0, eventTime=238228, downTime=238228, deviceId=0, source=0x1002 }
D/InputEventConsistencyVerifier(  416):   5: sent at 223792000000, MotionEvent { action=ACTION_DOWN, id[0]=0, x[0]=217.0, y[0]=713.0, toolType[0]=TOOL_TYPE_UNKNOWN, buttonState=0, metaState=0, flags=0x80000000, edgeFlags=0x0, pointerCount=1, historySize=0, eventTime=223792, downTime=223792, deviceId=0, source=0x1002 }
I/Choreographer(  416): Skipped 44 frames!  The application may be doing too much work on its main thread.
I/Choreographer(  955): Skipped 90 frames!  The application may be doing too much work on its main thread.
D/InputEventConsistencyVerifier(  416): KeyEvent: ACTION_UP but key was not down.
D/InputEventConsistencyVerifier(  416):   in com.android.systemui.statusbar.phone.StatusBarWindowView@b3db1248
D/InputEventConsistencyVerifier(  416):   0: sent at 238976000000, KeyEvent { action=ACTION_UP, keyCode=KEYCODE_DPAD_UP, scanCode=0, metaState=0, flags=0x400, repeatCount=0, eventTime=238976, downTime=238976, deviceId=-1, source=0x101 }
D/InputEventConsistencyVerifier(  416):   -- recent events --
D/InputEventConsistencyVerifier(  416):   1: sent at 238844000000, (unhandled) MotionEvent { action=ACTION_MOVE, id[0]=0, x[0]=4.0, y[0]=-4.0, toolType[0]=TOOL_TYPE_UNKNOWN, buttonState=0, metaState=0, flags=0x0, edgeFlags=0x0, pointerCount=1, historySize=9, eventTime=238844, downTime=-1, deviceId=0, source=0x10004 }
D/InputEventConsistencyVerifier(  416):   2: sent at 238903000000, MotionEvent { action=ACTION_UP, id[0]=0, x[0]=196.0, y[0]=383.0, toolType[0]=TOOL_TYPE_UNKNOWN, buttonState=0, metaState=0, flags=0x0, edgeFlags=0x0, pointerCount=1, historySize=0, eventTime=238903, downTime=238893, deviceId=0, source=0x1002 }
D/InputEventConsistencyVerifier(  416):   3: sent at 238894000000, MotionEvent { action=ACTION_DOWN, id[0]=0, x[0]=188.0, y[0]=386.0, toolType[0]=TOOL_TYPE_UNKNOWN, buttonState=0, metaState=0, flags=0x0, edgeFlags=0x0, pointerCount=1, historySize=0, eventTime=238894, downTime=238893, deviceId=0, source=0x1002 }
D/InputEventConsistencyVerifier(  416):   4: sent at 238711000000, MotionEvent { action=ACTION_UP, id[0]=0, x[0]=453.0, y[0]=549.0, toolType[0]=TOOL_TYPE_UNKNOWN, buttonState=0, metaState=0, flags=0x0, edgeFlags=0x0, pointerCount=1, historySize=0, eventTime=238711, downTime=238706, deviceId=0, source=0x1002 }
D/InputEventConsistencyVerifier(  416):   5: sent at 238706000000, MotionEvent { action=ACTION_DOWN, id[0]=0, x[0]=459.0, y[0]=550.0, toolType[0]=TOOL_TYPE_UNKNOWN, buttonState=0, metaState=0, flags=0x0, edgeFlags=0x0, pointerCount=1, historySize=0, eventTime=238706, downTime=238706, deviceId=0, source=0x1002 }
D/InputEventConsistencyVerifier(  416): KeyEvent: ACTION_UP but key was not down.
D/InputEventConsistencyVerifier(  416):   in android.widget.FrameLayout@b3dd0d98
D/InputEventConsistencyVerifier(  416):   0: sent at 238980000000, KeyEvent { action=ACTION_UP, keyCode=KEYCODE_DPAD_DOWN, scanCode=0, metaState=0, flags=0x8, repeatCount=0, eventTime=238980, downTime=238980, deviceId=-1, source=0x101 }
D/InputEventConsistencyVerifier(  416):   -- recent events --
D/InputEventConsistencyVerifier(  416):   1: sent at 223797000000, (unhandled) KeyEvent { action=ACTION_UP, keyCode=KEYCODE_DPAD_DOWN, scanCode=0, metaState=0, flags=0x400, repeatCount=0, eventTime=223797, downTime=223797, deviceId=-1, source=0x101 }
D/InputEventConsistencyVerifier(  416):   2: sent at 223797000000, (unhandled) KeyEvent { action=ACTION_DOWN, keyCode=KEYCODE_DPAD_DOWN, scanCode=0, metaState=0, flags=0x400, repeatCount=0, eventTime=223797, downTime=223797, deviceId=-1, source=0x101 }
D/InputEventConsistencyVerifier(  416):   3: sent at 223797000000, (unhandled) KeyEvent { action=ACTION_UP, keyCode=KEYCODE_DPAD_DOWN, scanCode=0, metaState=0, flags=0x400, repeatCount=0, eventTime=223797, downTime=223797, deviceId=-1, source=0x101 }
D/InputEventConsistencyVerifier(  416):   4: sent at 223797000000, (unhandled) KeyEvent { action=ACTION_DOWN, keyCode=KEYCODE_DPAD_DOWN, scanCode=0, metaState=0, flags=0x400, repeatCount=0, eventTime=223797, downTime=223797, deviceId=-1, source=0x101 }
D/InputEventConsistencyVerifier(  416):   5: sent at 223797000000, (unhandled) KeyEvent { action=ACTION_UP, keyCode=KEYCODE_DPAD_DOWN, scanCode=0, metaState=0, flags=0x80000400, repeatCount=0, eventTime=223797, downTime=223797, deviceId=-1, source=0x101 }
W/dalvikvm(  416): DroidBox: { "FdAccess": { "path": "2f70726f632f6d656d696e666f", "id": "560110619" } }
W/DroidBox(  416): DroidBox: { "FileRW": { "operation": "read", "data": "4d656d546f74616c3a202020202020202020373438393634206b420a4d656d467265653a20202020202020202020343338393438206b420a427566666572733a20202020202020202020202035363732206b420a4361636865643a202020202020202020", "id": "560110619" } }
D/InputEventConsistencyVerifier(  416): KeyEvent: ACTION_UP but key was not down.
D/InputEventConsistencyVerifier(  416):   in com.android.systemui.statusbar.phone.PhoneStatusBarView@b3db31e0
D/InputEventConsistencyVerifier(  416):   0: sent at 239270000000, KeyEvent { action=ACTION_UP, keyCode=KEYCODE_DPAD_UP, scanCode=0, metaState=0, flags=0x8, repeatCount=0, eventTime=239270, downTime=239270, deviceId=-1, source=0x101 }
D/InputEventConsistencyVerifier(  416):   -- recent events --
D/InputEventConsistencyVerifier(  416):   1: sent at 238909000000, (unhandled) KeyEvent { action=ACTION_DOWN, keyCode=KEYCODE_DPAD_DOWN, scanCode=0, metaState=0, flags=0x8, repeatCount=0, eventTime=238909, downTime=238909, deviceId=-1, source=0x101 }
D/InputEventConsistencyVerifier(  416):   2: sent at 238976000000, (unhandled) KeyEvent { action=ACTION_UP, keyCode=KEYCODE_DPAD_UP, scanCode=0, metaState=0, flags=0x400, repeatCount=0, eventTime=238976, downTime=238976, deviceId=-1, source=0x101 }
D/InputEventConsistencyVerifier(  416):   3: sent at 238976000000, (unhandled) KeyEvent { action=ACTION_DOWN, keyCode=KEYCODE_DPAD_UP, scanCode=0, metaState=0, flags=0x400, repeatCount=0, eventTime=238976, downTime=238976, deviceId=-1, source=0x101 }
D/InputEventConsistencyVerifier(  416):   4: sent at 238976000000, (unhandled) KeyEvent { action=ACTION_UP, keyCode=KEYCODE_DPAD_UP, scanCode=0, metaState=0, flags=0x400, repeatCount=0, eventTime=238976, downTime=238976, deviceId=-1, source=0x101 }
D/InputEventConsistencyVerifier(  416):   5: sent at 238976000000, (unhandled) KeyEvent { action=ACTION_DOWN, keyCode=KEYCODE_DPAD_UP, scanCode=0, metaState=0, flags=0x400, repeatCount=0, eventTime=238976, downTime=238976, deviceId=-1, source=0x101 }
I/Choreographer(  416): Skipped 52 frames!  The application may be doing too much work on its main thread.
W/dalvikvm(  416): DroidBox: { "FdAccess": { "path": "2f70726f632f6d656d696e666f", "id": "562377458" } }
W/DroidBox(  416): DroidBox: { "FileRW": { "operation": "read", "data": "4d656d546f74616c3a202020202020202020373438393634206b420a4d656d467265653a20202020202020202020343337353932206b420a427566666572733a20202020202020202020202035363732206b420a4361636865643a202020202020202020", "id": "562377458" } }
D/InputEventConsistencyVerifier(  416): TouchEvent: ACTION_DOWN but pointers are already down.  Probably missing ACTION_UP from previous gesture.
D/InputEventConsistencyVerifier(  416):   in android.view.ScaleGestureDetector@b3e518d8
D/InputEventConsistencyVerifier(  416):   0: sent at 239283000000, MotionEvent { action=ACTION_DOWN, id[0]=0, x[0]=396.0, y[0]=22.0, toolType[0]=TOOL_TYPE_UNKNOWN, buttonState=0, metaState=0, flags=0x0, edgeFlags=0x0, pointerCount=1, historySize=0, eventTime=239283, downTime=239282, deviceId=0, source=0x1002 }
D/InputEventConsistencyVerifier(  416):   -- recent events --
D/InputEventConsistencyVerifier(  416):   1: sent at 238894000000, MotionEvent { action=ACTION_DOWN, id[0]=0, x[0]=188.0, y[0]=386.0, toolType[0]=TOOL_TYPE_UNKNOWN, buttonState=0, metaState=0, flags=0x80000000, edgeFlags=0x0, pointerCount=1, historySize=0, eventTime=238894, downTime=238893, deviceId=0, source=0x1002 }
D/InputEventConsistencyVerifier(  416):   2: sent at 238706000000, MotionEvent { action=ACTION_DOWN, id[0]=0, x[0]=459.0, y[0]=550.0, toolType[0]=TOOL_TYPE_UNKNOWN, buttonState=0, metaState=0, flags=0x80000000, edgeFlags=0x0, pointerCount=1, historySize=0, eventTime=238706, downTime=238706, deviceId=0, source=0x1002 }
D/InputEventConsistencyVerifier(  416):   3: sent at 238605000000, MotionEvent { action=ACTION_DOWN, id[0]=0, x[0]=343.0, y[0]=172.0, toolType[0]=TOOL_TYPE_UNKNOWN, buttonState=0, metaState=0, flags=0x0, edgeFlags=0x0, pointerCount=1, historySize=0, eventTime=238605, downTime=238588, deviceId=0, source=0x1002 }
D/InputEventConsistencyVerifier(  416):   4: sent at 238271000000, MotionEvent { action=ACTION_UP, id[0]=0, x[0]=320.0, y[0]=30.0, toolType[0]=TOOL_TYPE_UNKNOWN, buttonState=0, metaState=0, flags=0x0, edgeFlags=0x0, pointerCount=1, historySize=0, eventTime=238271, downTime=238228, deviceId=0, source=0x1002 }
D/InputEventConsistencyVerifier(  416):   5: sent at 238228000000, MotionEvent { action=ACTION_DOWN, id[0]=0, x[0]=316.0, y[0]=29.0, toolType[0]=TOOL_TYPE_UNKNOWN, buttonState=0, metaState=0, flags=0x80000000, edgeFlags=0x0, pointerCount=1, historySize=0, eventTime=238228, downTime=238228, deviceId=0, source=0x1002 }
I/Choreographer(  955): Skipped 33 frames!  The application may be doing too much work on its main thread.
D/PhoneStatusBar(  416): disable: < expand icons alerts ticker* system_info back home recent clock >
D/InputEventConsistencyVerifier(  955): KeyEvent: ACTION_UP but key was not down.
D/InputEventConsistencyVerifier(  955):   in android.view.ViewRootImpl@b3e7a2f8
D/InputEventConsistencyVerifier(  955):   0: sent at 239371000000, KeyEvent { action=ACTION_UP, keyCode=KEYCODE_MENU, scanCode=0, metaState=0, flags=0x8, repeatCount=0, eventTime=239371, downTime=239371, deviceId=-1, source=0x101 }
D/InputEventConsistencyVerifier(  955):   -- recent events --
D/InputEventConsistencyVerifier(  955):   1: sent at 238218000000, MotionEvent { action=ACTION_UP, id[0]=0, x[0]=55.0, y[0]=439.0, toolType[0]=TOOL_TYPE_UNKNOWN, buttonState=0, metaState=0, flags=0x0, edgeFlags=0x0, pointerCount=1, historySize=0, eventTime=238218, downTime=238212, deviceId=0, source=0x1002 }
D/InputEventConsistencyVerifier(  955):   2: sent at 238213000000, MotionEvent { action=ACTION_DOWN, id[0]=0, x[0]=48.0, y[0]=430.0, toolType[0]=TOOL_TYPE_UNKNOWN, buttonState=0, metaState=0, flags=0x0, edgeFlags=0x0, pointerCount=1, historySize=0, eventTime=238213, downTime=238212, deviceId=0, source=0x1002 }
D/InputEventConsistencyVerifier(  955):   3: sent at 238183000000, KeyEvent { action=ACTION_UP, keyCode=KEYCODE_MOVE_HOME, scanCode=0, metaState=0, flags=0x8, repeatCount=0, eventTime=238183, downTime=238183, deviceId=-1, source=0x101 }
D/InputEventConsistencyVerifier(  955):   4: sent at 238148000000, KeyEvent { action=ACTION_DOWN, keyCode=KEYCODE_MOVE_HOME, scanCode=0, metaState=0, flags=0x8, repeatCount=0, eventTime=238148, downTime=238148, deviceId=-1, source=0x101 }
D/InputEventConsistencyVerifier(  955):   5: sent at 238106000000, KeyEvent { action=ACTION_UP, keyCode=KEYCODE_DPAD_DOWN, scanCode=0, metaState=0, flags=0x8, repeatCount=0, eventTime=238106, downTime=238106, deviceId=-1, source=0x101 }
V/PhoneStatusBar(  416): setLightsOn(true)
W/InputMethodManagerService(  225): Window already focused, ignoring focus gain of: com.android.internal.view.IInputMethodClient$Stub$Proxy@b408bbc0 attribute=null
I/Choreographer(  955): Skipped 42 frames!  The application may be doing too much work on its main thread.
W/dalvikvm(  416): DroidBox: { "FdAccess": { "path": "2f70726f632f6d656d696e666f", "id": "16662287" } }
W/DroidBox(  416): DroidBox: { "FileRW": { "operation": "read", "data": "4d656d546f74616c3a202020202020202020373438393634206b420a4d656d467265653a20202020202020202020343338343630206b420a427566666572733a20202020202020202020202035363732206b420a4361636865643a202020202020202020", "id": "16662287" } }
D/PhoneStatusBar(  416): disable: < expand icons alerts TICKER* system_info back home recent clock >
D/InputEventConsistencyVerifier(  416): KeyEvent: ACTION_UP but key was not down.
D/InputEventConsistencyVerifier(  416):   in com.android.systemui.statusbar.phone.StatusBarWindowView@b3db1248
D/InputEventConsistencyVerifier(  416):   0: sent at 241822000000, KeyEvent { action=ACTION_UP, keyCode=KEYCODE_DPAD_DOWN, scanCode=0, metaState=0, flags=0x8, repeatCount=0, eventTime=241822, downTime=241822, deviceId=-1, source=0x101 }
D/InputEventConsistencyVerifier(  416):   -- recent events --
