D/InputEventConsistencyVerifier( 1037): TouchEvent: ACTION_DOWN but pointers are already down.  Probably missing ACTION_UP from previous gesture.
D/InputEventConsistencyVerifier( 1037):   in com.android.internal.policy.impl.PhoneWindow$DecorView@b3e3b450
D/InputEventConsistencyVerifier( 1037):   0: sent at 174567000000, MotionEvent { action=ACTION_DOWN, id[0]=0, x[0]=78.66667, y[0]=-279.33337, toolType[0]=TOOL_TYPE_UNKNOWN, buttonState=0, metaState=0, flags=0x0, edgeFlags=0x0, pointerCount=1, historySize=0, eventTime=174567, downTime=174563, deviceId=0, source=0x1002 }
D/InputEventConsistencyVerifier( 1037):   -- recent events --
D/InputEventConsistencyVerifier( 1037):   1: sent at 174534000000, (unhandled) KeyEvent { action=ACTION_UP, keyCode=KEYCODE_MENU, scanCode=0, metaState=0, flags=0x8, repeatCount=0, eventTime=174534, downTime=174534, deviceId=-1, source=0x101 }
D/InputEventConsistencyVerifier( 1037):   2: sent at 174527000000, (unhandled) KeyEvent { action=ACTION_DOWN, keyCode=KEYCODE_MENU, scanCode=0, metaState=0, flags=0x8, repeatCount=0, eventTime=174527, downTime=174527, deviceId=-1, source=0x101 }
D/InputEventConsistencyVerifier( 1037):   3: sent at 174502000000, (unhandled) KeyEvent { action=ACTION_UP, keyCode=KEYCODE_DPAD_UP, scanCode=0, metaState=0, flags=0x8, repeatCount=0, eventTime=174502, downTime=174502, deviceId=-1, source=0x101 }
D/InputEventConsistencyVerifier( 1037):   4: sent at 174384000000, (unhandled) KeyEvent { action=ACTION_DOWN, keyCode=KEYCODE_DPAD_UP, scanCode=0, metaState=0, flags=0x8, repeatCount=0, eventTime=174384, downTime=174384, deviceId=-1, source=0x101 }
D/InputEventConsistencyVerifier( 1037):   5: sent at 174495000000, (unhandled) KeyEvent { action=ACTION_UP, keyCode=KEYCODE_DPAD_LEFT, scanCode=0, metaState=0, flags=0x400, repeatCount=0, eventTime=174495, downTime=174495, deviceId=-1, source=0x101 }
E/WVMExtractor(   62): Failed to open libwvm.so
W/dalvikvm( 1016): DroidBox: { "FdAccess": { "path": "2f6465762f696e7075742f6576656e7430", "id": "1963337229" } }
W/DroidBox( 1016): DroidBox: { "FileRW": { "operation": "write", "data": "7f060000efbfbd3901000500000001000000", "id": "1963337229" } }
D/InputEventConsistencyVerifier( 1037): KeyEvent: ACTION_UP but key was not down.
D/InputEventConsistencyVerifier( 1037):   in android.view.ViewRootImpl@b3e99eb0
D/InputEventConsistencyVerifier( 1037):   0: sent at 174919000000, KeyEvent { action=ACTION_UP, keyCode=KEYCODE_MENU, scanCode=0, metaState=0, flags=0x8, repeatCount=0, eventTime=174919, downTime=174919, deviceId=-1, source=0x101 }
D/InputEventConsistencyVerifier( 1037):   -- recent events --
D/InputEventConsistencyVerifier( 1037):   1: sent at 173065000000, KeyEvent { action=ACTION_UP, keyCode=KEYCODE_MENU, scanCode=0, metaState=0, flags=0x8, repeatCount=0, eventTime=173065, downTime=173065, deviceId=-1, source=0x101 }
D/InputEventConsistencyVerifier( 1037):   2: sent at 172508000000, KeyEvent { action=ACTION_DOWN, keyCode=KEYCODE_MENU, scanCode=0, metaState=0, flags=0x8, repeatCount=0, eventTime=172508, downTime=172508, deviceId=-1, source=0x101 }
D/InputEventConsistencyVerifier( 1037):   3: sent at 173046000000, KeyEvent { action=ACTION_UP, keyCode=KEYCODE_DPAD_UP, scanCode=0, metaState=0, flags=0x400, repeatCount=0, eventTime=173046, downTime=173046, deviceId=-1, source=0x101 }
D/InputEventConsistencyVerifier( 1037):   4: sent at 173046000000, KeyEvent { action=ACTION_DOWN, keyCode=KEYCODE_DPAD_UP, scanCode=0, metaState=0, flags=0x400, repeatCount=0, eventTime=173046, downTime=173046, deviceId=-1, source=0x101 }
D/InputEventConsistencyVerifier( 1037):   5: sent at 173045000000, KeyEvent { action=ACTION_UP, keyCode=KEYCODE_DPAD_UP, scanCode=0, metaState=0, flags=0x400, repeatCount=0, eventTime=173045, downTime=173045, deviceId=-1, source=0x101 }
W/InputMethodManagerService(  221): Window already focused, ignoring focus gain of: com.android.internal.view.IInputMethodClient$Stub$Proxy@b41095c8 attribute=android.view.inputmethod.EditorInfo@b41095e0
I/Choreographer( 1037): Skipped 57 frames!  The application may be doing too much work on its main thread.
E/WVMExtractor(   62): Failed to open libwvm.so
I/Choreographer( 1037): Skipped 32 frames!  The application may be doing too much work on its main thread.
E/WVMExtractor(   62): Failed to open libwvm.so
D/InputEventConsistencyVerifier( 1037): KeyEvent: ACTION_UP but key was not down.
D/InputEventConsistencyVerifier( 1037):   in com.android.internal.policy.impl.PhoneWindow$DecorView@b3e38da0
D/InputEventConsistencyVerifier( 1037):   0: sent at 175524000000, KeyEvent { action=ACTION_UP, keyCode=KEYCODE_DPAD_LEFT, scanCode=0, metaState=0, flags=0x8, repeatCount=0, eventTime=175524, downTime=175524, deviceId=-1, source=0x101 }
D/InputEventConsistencyVerifier( 1037):   -- recent events --
D/InputEventConsistencyVerifier( 1037):   1: sent at 175354000000, (unhandled) KeyEvent { action=ACTION_UP, keyCode=KEYCODE_CAPS_LOCK, scanCode=0, metaState=0, flags=0x8, repeatCount=0, eventTime=175354, downTime=175354, deviceId=-1, source=0x101 }
D/InputEventConsistencyVerifier( 1037):   2: sent at 175105000000, (unhandled) KeyEvent { action=ACTION_DOWN, keyCode=KEYCODE_CAPS_LOCK, scanCode=0, metaState=0, flags=0x8, repeatCount=0, eventTime=175105, downTime=175105, deviceId=-1, source=0x101 }
D/InputEventConsistencyVerifier( 1037):   3: sent at 175100000000, MotionEvent { action=ACTION_UP, id[0]=0, x[0]=221.33334, y[0]=450.0, toolType[0]=TOOL_TYPE_UNKNOWN, buttonState=0, metaState=0, flags=0x0, edgeFlags=0x0, pointerCount=1, historySize=0, eventTime=175100, downTime=175020, deviceId=0, source=0x1002 }
D/InputEventConsistencyVerifier( 1037):   4: sent at 175072000000, MotionEvent { action=ACTION_POINTER_UP(1), id[0]=0, x[0]=221.33334, y[0]=445.33334, toolType[0]=TOOL_TYPE_UNKNOWN, id[1]=1, x[1]=93.333336, y[1]=254.0, toolType[1]=TOOL_TYPE_UNKNOWN, buttonState=0, metaState=0, flags=0x0, edgeFlags=0x0, pointerCount=2, historySize=0, eventTime=175072, downTime=175020, deviceId=0, source=0x1002 }
D/InputEventConsistencyVerifier( 1037):   5: sent at 175068000000, MotionEvent { action=ACTION_MOVE, id[0]=0, x[0]=221.33334, y[0]=439.33334, toolType[0]=TOOL_TYPE_UNKNOWN, id[1]=1, x[1]=94.0, y[1]=251.33334, toolType[1]=TOOL_TYPE_UNKNOWN, buttonState=0, metaState=0, flags=0x0, edgeFlags=0x0, pointerCount=2, historySize=2, eventTime=175068, downTime=175020, deviceId=0, source=0x1002 }
E/WVMExtractor(   62): Failed to open libwvm.so
I/Choreographer( 1037): Skipped 44 frames!  The application may be doing too much work on its main thread.
E/WVMExtractor(   62): Failed to open libwvm.so
I/Choreographer( 1037): Skipped 54 frames!  The application may be doing too much work on its main thread.
E/WVMExtractor(   62): Failed to open libwvm.so
D/InputEventConsistencyVerifier( 1037): KeyEvent: ACTION_UP but key was not down.
D/InputEventConsistencyVerifier( 1037):   in com.android.internal.policy.impl.PhoneWindow$DecorView@b3e38da0
D/InputEventConsistencyVerifier( 1037):   0: sent at 176361000000, KeyEvent { action=ACTION_UP, keyCode=KEYCODE_DPAD_RIGHT, scanCode=0, metaState=0, flags=0x400, repeatCount=0, eventTime=176361, downTime=176361, deviceId=-1, source=0x101 }
D/InputEventConsistencyVerifier( 1037):   -- recent events --
D/InputEventConsistencyVerifier( 1037):   1: sent at 176236000000, (unhandled) MotionEvent { action=ACTION_MOVE, id[0]=0, x[0]=4.0, y[0]=2.0, toolType[0]=TOOL_TYPE_UNKNOWN, buttonState=0, metaState=0, flags=0x0, edgeFlags=0x0, pointerCount=1, historySize=9, eventTime=176236, downTime=-1, deviceId=0, source=0x10004 }
D/InputEventConsistencyVerifier( 1037):   2: sent at 176175000000, MotionEvent { action=ACTION_UP, id[0]=0, x[0]=44.0, y[0]=124.0, toolType[0]=TOOL_TYPE_UNKNOWN, buttonState=0, metaState=0, flags=0x0, edgeFlags=0x0, pointerCount=1, historySize=0, eventTime=176175, downTime=176170, deviceId=0, source=0x1002 }
D/InputEventConsistencyVerifier( 1037):   3: sent at 176170000000, MotionEvent { action=ACTION_DOWN, id[0]=0, x[0]=53.333336, y[0]=122.66667, toolType[0]=TOOL_TYPE_UNKNOWN, buttonState=0, metaState=0, flags=0x0, edgeFlags=0x0, pointerCount=1, historySize=0, eventTime=176170, downTime=176170, deviceId=0, source=0x1002 }
D/InputEventConsistencyVerifier( 1037):   4: sent at 176151000000, MotionEvent { action=ACTION_UP, id[0]=0, x[0]=244.0, y[0]=356.0, toolType[0]=TOOL_TYPE_UNKNOWN, buttonState=0, metaState=0, flags=0x0, edgeFlags=0x0, pointerCount=1, historySize=0, eventTime=176151, downTime=176146, deviceId=0, source=0x1002 }
D/InputEventConsistencyVerifier( 1037):   5: sent at 176146000000, MotionEvent { action=ACTION_DOWN, id[0]=0, x[0]=245.33334, y[0]=357.33334, toolType[0]=TOOL_TYPE_UNKNOWN, buttonState=0, metaState=0, flags=0x0, edgeFlags=0x0, pointerCount=1, historySize=0, eventTime=176146, downTime=176146, deviceId=0, source=0x1002 }
E/WVMExtractor(   62): Failed to open libwvm.so
E/WVMExtractor(   62): Failed to open libwvm.so
E/WVMExtractor(   62): Failed to open libwvm.so
D/InputEventConsistencyVerifier( 1037): KeyEvent: ACTION_UP but key was not down.
D/InputEventConsistencyVerifier( 1037):   in android.widget.LinearLayout@b3e448d0
D/InputEventConsistencyVerifier( 1037):   0: sent at 177549000000, KeyEvent { action=ACTION_UP, keyCode=KEYCODE_DPAD_DOWN, scanCode=0, metaState=0, flags=0x400, repeatCount=0, eventTime=177549, downTime=177549, deviceId=-1, source=0x101 }
D/InputEventConsistencyVerifier( 1037):   -- recent events --
D/InputEventConsistencyVerifier( 1037):   1: sent at 173044000000, (unhandled) KeyEvent { action=ACTION_DOWN, keyCode=KEYCODE_DPAD_UP, scanCode=0, metaState=0, flags=0x400, repeatCount=0, eventTime=173044, downTime=173044, deviceId=-1, source=0x101 }
D/InputEventConsistencyVerifier( 1037):   2: sent at 172991000000, (unhandled) KeyEvent { action=ACTION_UP, keyCode=KEYCODE_DPAD_LEFT, scanCode=0, metaState=0, flags=0x400, repeatCount=0, eventTime=172991, downTime=172991, deviceId=-1, source=0x101 }
D/InputEventConsistencyVerifier( 1037):   3: sent at 172991000000, (unhandled) KeyEvent { action=ACTION_DOWN, keyCode=KEYCODE_DPAD_LEFT, scanCode=0, metaState=0, flags=0x400, repeatCount=0, eventTime=172991, downTime=172991, deviceId=-1, source=0x101 }
D/InputEventConsistencyVerifier( 1037):   4: sent at 172991000000, (unhandled) KeyEvent { action=ACTION_UP, keyCode=KEYCODE_DPAD_LEFT, scanCode=0, metaState=0, flags=0x400, repeatCount=0, eventTime=172991, downTime=172991, deviceId=-1, source=0x101 }
D/InputEventConsistencyVerifier( 1037):   5: sent at 172991000000, (unhandled) KeyEvent { action=ACTION_DOWN, keyCode=KEYCODE_DPAD_LEFT, scanCode=0, metaState=0, flags=0x400, repeatCount=0, eventTime=172991, downTime=172991, deviceId=-1, source=0x101 }
E/WVMExtractor(   62): Failed to open libwvm.so
E/WVMExtractor(   62): Failed to open libwvm.so
E/WVMExtractor(   62): Failed to open libwvm.so
D/InputEventConsistencyVerifier( 1037): KeyEvent: ACTION_UP but key was not down.
D/InputEventConsistencyVerifier( 1037):   in android.widget.LinearLayout@b3e410a8
D/InputEventConsistencyVerifier( 1037):   0: sent at 178323000000, KeyEvent { action=ACTION_UP, keyCode=KEYCODE_DPAD_UP, scanCode=0, metaState=0, flags=0x400, repeatCount=0, eventTime=178323, downTime=178323, deviceId=-1, source=0x101 }
D/InputEventConsistencyVerifier( 1037):   -- recent events --
D/InputEventConsistencyVerifier( 1037):   1: sent at 177549000000, (unhandled) KeyEvent { action=ACTION_DOWN, keyCode=KEYCODE_DPAD_DOWN, scanCode=0, metaState=0, flags=0x400, repeatCount=0, eventTime=177549, downTime=177549, deviceId=-1, source=0x101 }
D/InputEventConsistencyVerifier( 1037):   2: sent at 177511000000, (unhandled) MotionEvent { action=ACTION_MOVE, id[0]=0, x[0]=2.0, y[0]=4.0, toolType[0]=TOOL_TYPE_UNKNOWN, buttonState=0, metaState=0, flags=0x0, edgeFlags=0x0, pointerCount=1, historySize=9, eventTime=177511, downTime=-1, deviceId=0, source=0x10004 }
D/InputEventConsistencyVerifier( 1037):   3: sent at 176386000000, (unhandled) KeyEvent { action=ACTION_UP, keyCode=KEYCODE_DPAD_LEFT, scanCode=0, metaState=0, flags=0x8, repeatCount=0, eventTime=176386, downTime=176386, deviceId=-1, source=0x101 }
D/InputEventConsistencyVerifier( 1037):   4: sent at 176238000000, (unhandled) KeyEvent { action=ACTION_DOWN, keyCode=KEYCODE_DPAD_LEFT, scanCode=0, metaState=0, flags=0x8, repeatCount=0, eventTime=176238, downTime=176238, deviceId=-1, source=0x101 }
D/InputEventConsistencyVerifier( 1037):   5: sent at 176364000000, (unhandled) KeyEvent { action=ACTION_UP, keyCode=KEYCODE_DPAD_RIGHT, scanCode=0, metaState=0, flags=0x400, repeatCount=0, eventTime=176364, downTime=176364, deviceId=-1, source=0x101 }
E/WVMExtractor(   62): Failed to open libwvm.so
E/WVMExtractor(   62): Failed to open libwvm.so
I/ActivityManager(  221): START {act=android.intent.action.MAIN cat=[android.intent.category.LAUNCHER] flg=0x10200000 cmp=software.android/com.android.Main u=0} from pid 1016
E/WVMExtractor(   62): Failed to open libwvm.so
I/Choreographer( 1037): Skipped 33 frames!  The application may be doing too much work on its main thread.
D/InputEventConsistencyVerifier( 1037): KeyEvent: ACTION_UP but key was not down.
D/InputEventConsistencyVerifier( 1037):   in com.android.internal.policy.impl.PhoneWindow$DecorView@b3e38da0
D/InputEventConsistencyVerifier( 1037):   0: sent at 179253000000, KeyEvent { action=ACTION_UP, keyCode=KEYCODE_DPAD_CENTER, scanCode=0, metaState=0, flags=0x8, repeatCount=0, eventTime=179253, downTime=179253, deviceId=-1, source=0x101 }
D/InputEventConsistencyVerifier( 1037):   -- recent events --
D/InputEventConsistencyVerifier( 1037):   1: sent at 179099000000, MotionEvent { action=ACTION_UP, id[0]=0, x[0]=245.33334, y[0]=74.66667, toolType[0]=TOOL_TYPE_UNKNOWN, buttonState=0, metaState=0, flags=0x0, edgeFlags=0x0, pointerCount=1, historySize=0, eventTime=179099, downTime=179076, deviceId=0, source=0x1002 }
D/InputEventConsistencyVerifier( 1037):   2: sent at 179097000000, MotionEvent { action=ACTION_MOVE, id[0]=0, x[0]=246.0, y[0]=73.333336, toolType[0]=TOOL_TYPE_UNKNOWN, buttonState=0, metaState=0, flags=0x0, edgeFlags=0x0, pointerCount=1, historySize=4, eventTime=179097, downTime=179076, deviceId=0, source=0x1002 }
D/InputEventConsistencyVerifier( 1037):   3: sent at 179077000000, MotionEvent { action=ACTION_DOWN, id[0]=0, x[0]=248.0, y[0]=58.0, toolType[0]=TOOL_TYPE_UNKNOWN, buttonState=0, metaState=0, flags=0x0, edgeFlags=0x0, pointerCount=1, historySize=0, eventTime=179077, downTime=179076, deviceId=0, source=0x1002 }
D/InputEventConsistencyVerifier( 1037):   4: sent at 179021000000, (unhandled) KeyEvent { action=ACTION_UP, keyCode=KEYCODE_SCROLL_LOCK, scanCode=0, metaState=0, flags=0x8, repeatCount=0, eventTime=179021, downTime=179021, deviceId=-1, source=0x101 }
D/InputEventConsistencyVerifier( 1037):   5: sent at 179011000000, (unhandled) KeyEvent { action=ACTION_DOWN, keyCode=KEYCODE_SCROLL_LOCK, scanCode=0, metaState=0, flags=0x8, repeatCount=0, eventTime=179011, downTime=179011, deviceId=-1, source=0x101 }
E/WVMExtractor(   62): Failed to open libwvm.so
E/WVMExtractor(   62): Failed to open libwvm.so
E/WVMExtractor(   62): Failed to open libwvm.so
E/WVMExtractor(   62): Failed to open libwvm.so
E/WVMExtractor(   62): Failed to open libwvm.so
I/Choreographer( 1037): Skipped 30 frames!  The application may be doing too much work on its main thread.
E/WVMExtractor(   62): Failed to open libwvm.so
I/Choreographer( 1037): Skipped 39 frames!  The application may be doing too much work on its main thread.
I/Choreographer( 1037): Skipped 42 frames!  The application may be doing too much work on its main thread.
I/Choreographer( 1037): Skipped 51 frames!  The application may be doing too much work on its main thread.
E/WVMExtractor(   62): Failed to open libwvm.so
D/InputEventConsistencyVerifier( 1037): KeyEvent: ACTION_UP but key was not down.
D/InputEventConsistencyVerifier( 1037):   in android.view.ViewRootImpl@b3e99eb0
D/InputEventConsistencyVerifier( 1037):   0: sent at 182386000000, KeyEvent { action=ACTION_UP, keyCode=KEYCODE_DPAD_CENTER, scanCode=0, metaState=0, flags=0x8, repeatCount=0, eventTime=182386, downTime=182386, deviceId=-1, source=0x101 }
D/InputEventConsistencyVerifier( 1037):   -- recent events --
D/InputEventConsistencyVerifier( 1037):   1: sent at 181743000000, MotionEvent { action=ACTION_UP, id[0]=0, x[0]=150.0, y[0]=715.0, toolType[0]=TOOL_TYPE_UNKNOWN, buttonState=0, metaState=0, flags=0x0, edgeFlags=0x0, pointerCount=1, historySize=0, eventTime=181743, downTime=181616, deviceId=0, source=0x1002 }
D/InputEventConsistencyVerifier( 1037):   2: sent at 181741000000, MotionEvent { action=ACTION_POINTER_UP(1), id[0]=0, x[0]=160.0, y[0]=713.0, toolType[0]=TOOL_TYPE_UNKNOWN, id[1]=1, x[1]=47.0, y[1]=345.0, toolType[1]=TOOL_TYPE_UNKNOWN, buttonState=0, metaState=0, flags=0x0, edgeFlags=0x0, pointerCount=2, historySize=0, eventTime=181741, downTime=181616, deviceId=0, source=0x1002 }
D/InputEventConsistencyVerifier( 1037):   3: sent at 181739000000, MotionEvent { action=ACTION_MOVE, id[0]=0, x[0]=168.0, y[0]=703.0, toolType[0]=TOOL_TYPE_UNKNOWN, id[1]=1, x[1]=47.0, y[1]=347.0, toolType[1]=TOOL_TYPE_UNKNOWN, buttonState=0, metaState=0, flags=0x0, edgeFlags=0x0, pointerCount=2, historySize=5, eventTime=181739, downTime=181616, deviceId=0, source=0x1002 }
D/InputEventConsistencyVerifier( 1037):   4: sent at 181660000000, MotionEvent { action=ACTION_POINTER_DOWN(1), id[0]=0, x[0]=210.0, y[0]=669.0, toolType[0]=TOOL_TYPE_UNKNOWN, id[1]=1, x[1]=70.0, y[1]=417.0, toolType[1]=TOOL_TYPE_UNKNOWN, buttonState=0, metaState=0, flags=0x0, edgeFlags=0x0, pointerCount=2, historySize=0, eventTime=181660, downTime=181616, deviceId=0, source=0x1002 }
D/InputEventConsistencyVerifier( 1037):   5: sent at 181644000000, MotionEvent { action=ACTION_DOWN, id[0]=0, x[0]=224.0, y[0]=660.0, toolType[0]=TOOL_TYPE_UNKNOWN, buttonState=0, metaState=0, flags=0x0, edgeFlags=0x0, pointerCount=1, historySize=0, eventTime=181644, downTime=181616, deviceId=0, source=0x1002 }
I/Choreographer( 1037): Skipped 65 frames!  The application may be doing too much work on its main thread.
W/InputMethodManagerService(  221): Window already focused, ignoring focus gain of: com.android.internal.view.IInputMethodClient$Stub$Proxy@b3f457a8 attribute=null
D/InputEventConsistencyVerifier(  413): TouchEvent: ACTION_DOWN but pointers are already down.  Probably missing ACTION_UP from previous gesture.
D/InputEventConsistencyVerifier(  413):   in android.view.ScaleGestureDetector@b3f08588
D/InputEventConsistencyVerifier(  413):   0: sent at 182587000000, MotionEvent { action=ACTION_DOWN, id[0]=0, x[0]=374.0, y[0]=20.0, toolType[0]=TOOL_TYPE_UNKNOWN, buttonState=0, metaState=0, flags=0x0, edgeFlags=0x0, pointerCount=1, historySize=0, eventTime=182587, downTime=182585, deviceId=0, source=0x1002 }
D/InputEventConsistencyVerifier(  413):   -- recent events --
D/InputEventConsistencyVerifier(  413):   1: sent at 170489000000, MotionEvent { action=ACTION_DOWN, id[0]=0, x[0]=42.0, y[0]=271.0, toolType[0]=TOOL_TYPE_UNKNOWN, buttonState=0, metaState=0, flags=0x80000000, edgeFlags=0x0, pointerCount=1, historySize=0, eventTime=170489, downTime=170489, deviceId=0, source=0x1002 }
D/InputEventConsistencyVerifier(  413):   2: sent at 170308000000, MotionEvent { action=ACTION_DOWN, id[0]=0, x[0]=30.0, y[0]=630.0, toolType[0]=TOOL_TYPE_UNKNOWN, buttonState=0, metaState=0, flags=0x0, edgeFlags=0x0, pointerCount=1, historySize=0, eventTime=170308, downTime=170308, deviceId=0, source=0x1002 }
D/InputEventConsistencyVerifier(  413):   3: sent at 170127000000, MotionEvent { action=ACTION_UP, id[0]=0, x[0]=269.0, y[0]=6.0, toolType[0]=TOOL_TYPE_UNKNOWN, buttonState=0, metaState=0, flags=0x0, edgeFlags=0x0, pointerCount=1, historySize=0, eventTime=170127, downTime=170115, deviceId=0, source=0x1002 }
D/InputEventConsistencyVerifier(  413):   4: sent at 170115000000, MotionEvent { action=ACTION_DOWN, id[0]=0, x[0]=274.0, y[0]=2.0, toolType[0]=TOOL_TYPE_UNKNOWN, buttonState=0, metaState=0, flags=0x80000000, edgeFlags=0x0, pointerCount=1, historySize=0, eventTime=170115, downTime=170115, deviceId=0, source=0x1002 }
D/InputEventConsistencyVerifier(  413):   5: sent at 155114000000, MotionEvent { action=ACTION_DOWN, id[0]=0, x[0]=389.0, y[0]=212.0, toolType[0]=TOOL_TYPE_UNKNOWN, buttonState=0, metaState=0, flags=0x80000000, edgeFlags=0x0, pointerCount=1, historySize=0, eventTime=155114, downTime=155113, deviceId=0, source=0x1002 }
W/dalvikvm(  413): DroidBox: { "FdAccess": { "path": "2f70726f632f6d656d696e666f", "id": "913704819" } }
W/DroidBox(  413): DroidBox: { "FileRW": { "operation": "read", "data": "4d656d546f74616c3a202020202020202020373438393634206b420a4d656d467265653a20202020202020202020343632363830206b420a427566666572733a20202020202020202020202035353030206b420a4361636865643a202020202020202020", "id": "913704819" } }
D/InputEventConsistencyVerifier(  413): KeyEvent: ACTION_UP but key was not down.
D/InputEventConsistencyVerifier(  413):   in android.view.ViewRootImpl@b3ef9918
D/InputEventConsistencyVerifier(  413):   0: sent at 182842000000, KeyEvent { action=ACTION_UP, keyCode=KEYCODE_DPAD_UP, scanCode=0, metaState=0, flags=0x8, repeatCount=0, eventTime=182842, downTime=182842, deviceId=-1, source=0x101 }
D/InputEventConsistencyVerifier(  413):   -- recent events --
D/InputEventConsistencyVerifier(  413):   1: sent at 182794000000, MotionEvent { action=ACTION_UP, id[0]=0, x[0]=302.0, y[0]=0.0, toolType[0]=TOOL_TYPE_UNKNOWN, buttonState=0, metaState=0, flags=0x0, edgeFlags=0x0, pointerCount=1, historySize=0, eventTime=182794, downTime=182585, deviceId=0, source=0x1002 }
D/InputEventConsistencyVerifier(  413):   2: sent at 182751000000, MotionEvent { action=ACTION_MOVE, id[0]=0, x[0]=308.0, y[0]=0.0, toolType[0]=TOOL_TYPE_UNKNOWN, buttonState=0, metaState=0, flags=0x0, edgeFlags=0x0, pointerCount=1, historySize=0, eventTime=182751, downTime=182585, deviceId=0, source=0x1002 }
D/InputEventConsistencyVerifier(  413):   3: sent at 182749000000, MotionEvent { action=ACTION_MOVE, id[0]=0, x[0]=310.0, y[0]=0.0, toolType[0]=TOOL_TYPE_UNKNOWN, buttonState=0, metaState=0, flags=0x0, edgeFlags=0x0, pointerCount=1, historySize=4, eventTime=182749, downTime=182585, deviceId=0, source=0x1002 }
D/InputEventConsistencyVerifier(  413):   4: sent at 182587000000, MotionEvent { action=ACTION_DOWN, id[0]=0, x[0]=374.0, y[0]=20.0, toolType[0]=TOOL_TYPE_UNKNOWN, buttonState=0, metaState=0, flags=0x0, edgeFlags=0x0, pointerCount=1, historySize=0, eventTime=182587, downTime=182585, deviceId=0, source=0x1002 }
D/InputEventConsistencyVerifier(  413):   5: sent at 171303000000, KeyEvent { action=ACTION_UP, keyCode=KEYCODE_DPAD_DOWN, scanCode=0, metaState=0, flags=0x400, repeatCount=0, eventTime=171303, downTime=171303, deviceId=-1, source=0x101 }
D/InputEventConsistencyVerifier(  413): KeyEvent: ACTION_UP but key was not down.
D/InputEventConsistencyVerifier(  413):   in com.android.systemui.statusbar.phone.StatusBarWindowView@b3e6b290
D/InputEventConsistencyVerifier(  413):   0: sent at 182905000000, KeyEvent { action=ACTION_UP, keyCode=KEYCODE_DPAD_UP, scanCode=0, metaState=0, flags=0x8, repeatCount=0, eventTime=182905, downTime=182905, deviceId=-1, source=0x101 }
D/InputEventConsistencyVerifier(  413):   -- recent events --
D/InputEventConsistencyVerifier(  413):   1: sent at 182842000000, (unhandled) KeyEvent { action=ACTION_UP, keyCode=KEYCODE_DPAD_UP, scanCode=0, metaState=0, flags=0x80000008, repeatCount=0, eventTime=182842, downTime=182842, deviceId=-1, source=0x101 }
D/InputEventConsistencyVerifier(  413):   2: sent at 182794000000, MotionEvent { action=ACTION_UP, id[0]=0, x[0]=302.0, y[0]=0.0, toolType[0]=TOOL_TYPE_UNKNOWN, buttonState=0, metaState=0, flags=0x0, edgeFlags=0x0, pointerCount=1, historySize=0, eventTime=182794, downTime=182585, deviceId=0, source=0x1002 }
D/InputEventConsistencyVerifier(  413):   3: sent at 182751000000, MotionEvent { action=ACTION_MOVE, id[0]=0, x[0]=308.0, y[0]=0.0, toolType[0]=TOOL_TYPE_UNKNOWN, buttonState=0, metaState=0, flags=0x0, edgeFlags=0x0, pointerCount=1, historySize=0, eventTime=182751, downTime=182585, deviceId=0, source=0x1002 }
D/InputEventConsistencyVerifier(  413):   4: sent at 182749000000, MotionEvent { action=ACTION_MOVE, id[0]=0, x[0]=310.0, y[0]=0.0, toolType[0]=TOOL_TYPE_UNKNOWN, buttonState=0, metaState=0, flags=0x0, edgeFlags=0x0, pointerCount=1, historySize=4, eventTime=182749, downTime=182585, deviceId=0, source=0x1002 }
D/InputEventConsistencyVerifier(  413):   5: sent at 182587000000, MotionEvent { action=ACTION_DOWN, id[0]=0, x[0]=374.0, y[0]=20.0, toolType[0]=TOOL_TYPE_UNKNOWN, buttonState=0, metaState=0, flags=0x0, edgeFlags=0x0, pointerCount=1, historySize=0, eventTime=182587, downTime=182585, deviceId=0, source=0x1002 }
W/dalvikvm(  413): DroidBox: { "FdAccess": { "path": "2f70726f632f6d656d696e666f", "id": "482381387" } }
W/DroidBox(  413): DroidBox: { "FileRW": { "operation": "read", "data": "4d656d546f74616c3a202020202020202020373438393634206b420a4d656d467265653a20202020202020202020343631303638206b420a427566666572733a20202020202020202020202035353030206b420a4361636865643a202020202020202020", "id": "482381387" } }
I/Choreographer(  413): Skipped 48 frames!  The application may be doing too much work on its main thread.
V/PhoneStatusBar(  413): setLightsOn(true)
W/dalvikvm(  413): DroidBox: { "FdAccess": { "path": "2f70726f632f6d656d696e666f", "id": "152188228" } }
D/PhoneStatusBar(  413): disable: < expand icons alerts TICKER* system_info back home recent clock >
W/DroidBox(  413): DroidBox: { "FileRW": { "operation": "read", "data": "4d656d546f74616c3a202020202020202020373438393634206b420a4d656d467265653a20202020202020202020343539373034206b420a427566666572733a20202020202020202020202035353030206b420a4361636865643a202020202020202020", "id": "152188228" } }
I/Choreographer( 1037): Skipped 125 frames!  The application may be doing too much work on its main thread.
D/InputEventConsistencyVerifier(  413): KeyEvent: ACTION_UP but key was not down.
D/InputEventConsistencyVerifier(  413):   in com.android.systemui.statusbar.phone.StatusBarWindowView@b3e6b290
D/InputEventConsistencyVerifier(  413):   0: sent at 183262000000, KeyEvent { action=ACTION_UP, keyCode=KEYCODE_DPAD_CENTER, scanCode=0, metaState=0, flags=0x8, repeatCount=0, eventTime=183262, downTime=183262, deviceId=-1, source=0x101 }
D/InputEventConsistencyVerifier(  413):   -- recent events --
D/InputEventConsistencyVerifier(  413):   1: sent at 183213000000, MotionEvent { action=ACTION_UP, id[0]=0, x[0]=183.0, y[0]=528.0, toolType[0]=TOOL_TYPE_UNKNOWN, buttonState=0, metaState=0, flags=0x0, edgeFlags=0x0, pointerCount=1, historySize=0, eventTime=183213, downTime=183082, deviceId=0, source=0x1002 }
D/InputEventConsistencyVerifier(  413):   2: sent at 183191000000, MotionEvent { action=ACTION_MOVE, id[0]=0, x[0]=177.0, y[0]=523.0, toolType[0]=TOOL_TYPE_UNKNOWN, buttonState=0, metaState=0, flags=0x0, edgeFlags=0x0, pointerCount=1, historySize=8, eventTime=183191, downTime=183082, deviceId=0, source=0x1002 }
D/InputEventConsistencyVerifier(  413):   3: sent at 183085000000, MotionEvent { action=ACTION_DOWN, id[0]=0, x[0]=126.0, y[0]=474.0, toolType[0]=TOOL_TYPE_UNKNOWN, buttonState=0, metaState=0, flags=0x0, edgeFlags=0x0, pointerCount=1, historySize=0, eventTime=183085, downTime=183082, deviceId=0, source=0x1002 }
D/InputEventConsistencyVerifier(  413):   4: sent at 183015000000, (unhandled) KeyEvent { action=ACTION_UP, keyCode=KEYCODE_DPAD_RIGHT, scanCode=0, metaState=0, flags=0x8, repeatCount=0, eventTime=183015, downTime=183015, deviceId=-1, source=0x101 }
D/InputEventConsistencyVerifier(  413):   5: sent at 182977000000, (unhandled) KeyEvent { action=ACTION_DOWN, keyCode=KEYCODE_DPAD_RIGHT, scanCode=0, metaState=0, flags=0x8, repeatCount=0, eventTime=182977, downTime=182977, deviceId=-1, source=0x101 }
I/Choreographer(  413): Skipped 55 frames!  The application may be doing too much work on its main thread.
D/InputEventConsistencyVerifier(  413): TouchEvent: ACTION_DOWN but pointers are already down.  Probably missing ACTION_UP from previous gesture.
D/InputEventConsistencyVerifier(  413):   in android.view.ScaleGestureDetector@b3f08588
D/InputEventConsistencyVerifier(  413):   0: sent at 183270000000, MotionEvent { action=ACTION_DOWN, id[0]=0, x[0]=329.0, y[0]=380.0, toolType[0]=TOOL_TYPE_UNKNOWN, buttonState=0, metaState=0, flags=0x0, edgeFlags=0x0, pointerCount=1, historySize=0, eventTime=183270, downTime=183270, deviceId=0, source=0x1002 }
D/InputEventConsistencyVerifier(  413):   -- recent events --
D/InputEventConsistencyVerifier(  413):   1: sent at 183085000000, MotionEvent { action=ACTION_DOWN, id[0]=0, x[0]=126.0, y[0]=474.0, toolType[0]=TOOL_TYPE_UNKNOWN, buttonState=0, metaState=0, flags=0x0, edgeFlags=0x0, pointerCount=1, historySize=0, eventTime=183085, downTime=183082, deviceId=0, source=0x1002 }
D/InputEventConsistencyVerifier(  413):   2: sent at 182794000000, MotionEvent { action=ACTION_UP, id[0]=0, x[0]=302.0, y[0]=0.0, toolType[0]=TOOL_TYPE_UNKNOWN, buttonState=0, metaState=0, flags=0x0, edgeFlags=0x0, pointerCount=1, historySize=0, eventTime=182794, downTime=182585, deviceId=0, source=0x1002 }
D/InputEventConsistencyVerifier(  413):   3: sent at 182751000000, MotionEvent { action=ACTION_MOVE, id[0]=0, x[0]=308.0, y[0]=0.0, toolType[0]=TOOL_TYPE_UNKNOWN, buttonState=0, metaState=0, flags=0x0, edgeFlags=0x0, pointerCount=1, historySize=0, eventTime=182751, downTime=182585, deviceId=0, source=0x1002 }
D/InputEventConsistencyVerifier(  413):   4: sent at 182749000000, MotionEvent { action=ACTION_MOVE, id[0]=0, x[0]=310.0, y[0]=0.0, toolType[0]=TOOL_TYPE_UNKNOWN, buttonState=0, metaState=0, flags=0x0, edgeFlags=0x0, pointerCount=1, historySize=4, eventTime=182749, downTime=182585, deviceId=0, source=0x1002 }
D/InputEventConsistencyVerifier(  413):   5: sent at 182587000000, MotionEvent { action=ACTION_DOWN, id[0]=0, x[0]=374.0, y[0]=20.0, toolType[0]=TOOL_TYPE_UNKNOWN, buttonState=0, metaState=0, flags=0x80000000, edgeFlags=0x0, pointerCount=1, historySize=0, eventTime=182587, downTime=182585, deviceId=0, source=0x1002 }
V/PhoneStatusBar(  413): setLightsOn(true)
D/PhoneStatusBar(  413): disable: < expand icons alerts ticker* system_info back home recent clock >
I/Choreographer( 1037): Skipped 40 frames!  The application may be doing too much work on its main thread.
W/BackupManagerService(  221): dataChanged but no participant pkg='com.android.providers.settings' uid=10011
W/InputMethodManagerService(  221): Window already focused, ignoring focus gain of: com.android.internal.view.IInputMethodClient$Stub$Proxy@b3f4c370 attribute=null
E/WVMExtractor(   62): Failed to open libwvm.so
E/WVMExtractor(   62): Failed to open libwvm.so
I/Choreographer( 1037): Skipped 36 frames!  The application may be doing too much work on its main thread.
E/MetadataRetrieverClient(   62): failed to extract an album art
E/WVMExtractor(   62): Failed to open libwvm.so
E/WVMExtractor(   62): Failed to open libwvm.so
I/ActivityManager(  221): START {act=android.intent.action.MAIN cat=[android.intent.category.HOME] flg=0x10200000 cmp=com.android.launcher/com.android.launcher2.Launcher u=0} from pid 221
I/ActivityManager(  221): START {act=android.intent.action.MAIN cat=[android.intent.category.LAUNCHER] flg=0x10200000 cmp=software.android/com.android.Main u=0} from pid 1016
E/WVMExtractor(   62): Failed to open libwvm.so
I/Choreographer( 1037): Skipped 34 frames!  The application may be doing too much work on its main thread.
D/InputEventConsistencyVerifier( 1037): KeyEvent: ACTION_UP but key was not down.
D/InputEventConsistencyVerifier( 1037):   in com.android.internal.policy.impl.PhoneWindow$DecorView@b3e38da0
D/InputEventConsistencyVerifier( 1037):   0: sent at 185169000000, KeyEvent { action=ACTION_UP, keyCode=KEYCODE_DPAD_LEFT, scanCode=0, metaState=0, flags=0x8, repeatCount=0, eventTime=185169, downTime=185169, deviceId=-1, source=0x101 }
D/InputEventConsistencyVerifier( 1037):   -- recent events --
D/InputEventConsistencyVerifier( 1037):   1: sent at 185038000000, MotionEvent { action=ACTION_UP, id[0]=0, x[0]=146.0, y[0]=425.33334, toolType[0]=TOOL_TYPE_UNKNOWN, buttonState=0, metaState=0, flags=0x0, edgeFlags=0x0, pointerCount=1, historySize=0, eventTime=185038, downTime=185013, deviceId=0, source=0x1002 }
D/InputEventConsistencyVerifier( 1037):   2: sent at 185035000000, MotionEvent { action=ACTION_MOVE, id[0]=0, x[0]=150.0, y[0]=429.33334, toolType[0]=TOOL_TYPE_UNKNOWN, buttonState=0, metaState=0, flags=0x0, edgeFlags=0x0, pointerCount=1, historySize=6, eventTime=185035, downTime=185013, deviceId=0, source=0x1002 }
D/InputEventConsistencyVerifier( 1037):   3: sent at 185015000000, MotionEvent { action=ACTION_DOWN, id[0]=0, x[0]=161.33334, y[0]=445.33334, toolType[0]=TOOL_TYPE_UNKNOWN, buttonState=0, metaState=0, flags=0x0, edgeFlags=0x0, pointerCount=1, historySize=0, eventTime=185015, downTime=185013, deviceId=0, source=0x1002 }
D/InputEventConsistencyVerifier( 1037):   4: sent at 184686000000, (unhandled) KeyEvent { action=ACTION_UP, keyCode=KEYCODE_3D_MODE, scanCode=0, metaState=0, flags=0x8, repeatCount=0, eventTime=184686, downTime=184686, deviceId=-1, source=0x101 }
D/InputEventConsistencyVerifier( 1037):   5: sent at 184115000000, (unhandled) KeyEvent { action=ACTION_DOWN, keyCode=KEYCODE_3D_MODE, scanCode=0, metaState=0, flags=0x8, repeatCount=0, eventTime=184115, downTime=184115, deviceId=-1, source=0x101 }
I/InputDispatcher(  221): Dropped event because of pending overdue app switch.
W/InputManager(  221): Input event injection from pid 1016 failed.
D/InputEventConsistencyVerifier( 1037): KeyEvent: ACTION_UP but key was not down.
D/InputEventConsistencyVerifier( 1037):   in android.widget.LinearLayout@b3e448d0
D/InputEventConsistencyVerifier( 1037):   0: sent at 185454000000, KeyEvent { action=ACTION_UP, keyCode=KEYCODE_DPAD_DOWN, scanCode=0, metaState=0, flags=0x8, repeatCount=0, eventTime=185454, downTime=185454, deviceId=-1, source=0x101 }
D/InputEventConsistencyVerifier( 1037):   -- recent events --
D/InputEventConsistencyVerifier( 1037):   1: sent at 178323000000, (unhandled) KeyEvent { action=ACTION_DOWN, keyCode=KEYCODE_DPAD_UP, scanCode=0, metaState=0, flags=0x400, repeatCount=0, eventTime=178323, downTime=178323, deviceId=-1, source=0x101 }
D/InputEventConsistencyVerifier( 1037):   2: sent at 178295000000, (unhandled) MotionEvent { action=ACTION_MOVE, id[0]=0, x[0]=-4.0, y[0]=-4.0, toolType[0]=TOOL_TYPE_UNKNOWN, buttonState=0, metaState=0, flags=0x0, edgeFlags=0x0, pointerCount=1, historySize=9, eventTime=178295, downTime=-1, deviceId=0, source=0x10004 }
D/InputEventConsistencyVerifier( 1037):   3: sent at 177581000000, (unhandled) KeyEvent { action=ACTION_UP, keyCode=KEYCODE_DPAD_LEFT, scanCode=0, metaState=0, flags=0x8, repeatCount=0, eventTime=177581, downTime=177581, deviceId=-1, source=0x101 }
D/InputEventConsistencyVerifier( 1037):   4: sent at 177540000000, (unhandled) KeyEvent { action=ACTION_DOWN, keyCode=KEYCODE_DPAD_LEFT, scanCode=0, metaState=0, flags=0x8, repeatCount=0, eventTime=177540, downTime=177540, deviceId=-1, source=0x101 }
D/InputEventConsistencyVerifier( 1037):   5: sent at 177555000000, (unhandled) KeyEvent { action=ACTION_UP, keyCode=KEYCODE_DPAD_DOWN, scanCode=0, metaState=0, flags=0x400, repeatCount=0, eventTime=177555, downTime=177555, deviceId=-1, source=0x101 }
D/InputEventConsistencyVerifier( 1037): KeyEvent: ACTION_UP but key was not down.
D/InputEventConsistencyVerifier( 1037):   in android.view.ViewRootImpl@b3e99eb0
D/InputEventConsistencyVerifier( 1037):   0: sent at 185587000000, KeyEvent { action=ACTION_UP, keyCode=KEYCODE_DPAD_CENTER, scanCode=0, metaState=0, flags=0x8, repeatCount=0, eventTime=185587, downTime=185587, deviceId=-1, source=0x101 }
D/InputEventConsistencyVerifier( 1037):   -- recent events --
D/InputEventConsistencyVerifier( 1037):   1: sent at 185523000000, MotionEvent { action=ACTION_UP, id[0]=0, x[0]=47.0, y[0]=68.0, toolType[0]=TOOL_TYPE_UNKNOWN, buttonState=0, metaState=0, flags=0x0, edgeFlags=0x0, pointerCount=1, historySize=0, eventTime=185523, downTime=185516, deviceId=0, source=0x1002 }
D/InputEventConsistencyVerifier( 1037):   2: sent at 185516000000, MotionEvent { action=ACTION_DOWN, id[0]=0, x[0]=66.0, y[0]=52.0, toolType[0]=TOOL_TYPE_UNKNOWN, buttonState=0, metaState=0, flags=0x0, edgeFlags=0x0, pointerCount=1, historySize=0, eventTime=185516, downTime=185516, deviceId=0, source=0x1002 }
D/InputEventConsistencyVerifier( 1037):   3: sent at 185454000000, KeyEvent { action=ACTION_UP, keyCode=KEYCODE_DPAD_DOWN, scanCode=0, metaState=0, flags=0x8, repeatCount=0, eventTime=185454, downTime=185454, deviceId=-1, source=0x101 }
D/InputEventConsistencyVerifier( 1037):   4: sent at 185332000000, KeyEvent { action=ACTION_DOWN, keyCode=KEYCODE_DPAD_DOWN, scanCode=0, metaState=0, flags=0x8, repeatCount=0, eventTime=185332, downTime=185332, deviceId=-1, source=0x101 }
D/InputEventConsistencyVerifier( 1037):   5: sent at 185317000000, MotionEvent { action=ACTION_MOVE, id[0]=0, x[0]=-1.0, y[0]=-1.0, toolType[0]=TOOL_TYPE_UNKNOWN, buttonState=0, metaState=0, flags=0x0, edgeFlags=0x0, pointerCount=1, historySize=9, eventTime=185317, downTime=-1, deviceId=0, source=0x10004 }
E/WVMExtractor(   62): Failed to open libwvm.so
D/InputEventConsistencyVerifier( 1037): KeyEvent: ACTION_UP but key was not down.
D/InputEventConsistencyVerifier( 1037):   in com.android.internal.policy.impl.PhoneWindow$DecorView@b3e38da0
D/InputEventConsistencyVerifier( 1037):   0: sent at 185834000000, KeyEvent { action=ACTION_UP, keyCode=KEYCODE_DPAD_RIGHT, scanCode=0, metaState=0, flags=0x8, repeatCount=0, eventTime=185834, downTime=185834, deviceId=-1, source=0x101 }
D/InputEventConsistencyVerifier( 1037):   -- recent events --
D/InputEventConsistencyVerifier( 1037):   1: sent at 185587000000, (unhandled) KeyEvent { action=ACTION_UP, keyCode=KEYCODE_DPAD_CENTER, scanCode=0, metaState=0, flags=0x80000008, repeatCount=0, eventTime=185587, downTime=185587, deviceId=-1, source=0x101 }
D/InputEventConsistencyVerifier( 1037):   2: sent at 185523000000, (unhandled) MotionEvent { action=ACTION_UP, id[0]=0, x[0]=31.333334, y[0]=45.333336, toolType[0]=TOOL_TYPE_UNKNOWN, buttonState=0, metaState=0, flags=0x0, edgeFlags=0x0, pointerCount=1, historySize=0, eventTime=185523, downTime=185516, deviceId=0, source=0x1002 }
D/InputEventConsistencyVerifier( 1037):   3: sent at 185516000000, (unhandled) MotionEvent { action=ACTION_DOWN, id[0]=0, x[0]=44.0, y[0]=34.666668, toolType[0]=TOOL_TYPE_UNKNOWN, buttonState=0, metaState=0, flags=0x0, edgeFlags=0x0, pointerCount=1, historySize=0, eventTime=185516, downTime=185516, deviceId=0, source=0x1002 }
D/InputEventConsistencyVerifier( 1037):   4: sent at 185454000000, (unhandled) KeyEvent { action=ACTION_UP, keyCode=KEYCODE_DPAD_DOWN, scanCode=0, metaState=0, flags=0x8, repeatCount=0, eventTime=185454, downTime=185454, deviceId=-1, source=0x101 }
D/InputEventConsistencyVerifier( 1037):   5: sent at 185332000000, (unhandled) KeyEvent { action=ACTION_DOWN, keyCode=KEYCODE_DPAD_DOWN, scanCode=0, metaState=0, flags=0x8, repeatCount=0, eventTime=185332, downTime=185332, deviceId=-1, source=0x101 }
E/WVMExtractor(   62): Failed to open libwvm.so
D/InputEventConsistencyVerifier( 1037): KeyEvent: ACTION_UP but key was not down.
D/InputEventConsistencyVerifier( 1037):   in com.android.internal.policy.impl.PhoneWindow$DecorView@b3e38da0
D/InputEventConsistencyVerifier( 1037):   0: sent at 186922000000, KeyEvent { action=ACTION_UP, keyCode=KEYCODE_DPAD_CENTER, scanCode=0, metaState=0, flags=0x8, repeatCount=0, eventTime=186922, downTime=186922, deviceId=-1, source=0x101 }
D/InputEventConsistencyVerifier( 1037):   -- recent events --
D/InputEventConsistencyVerifier( 1037):   1: sent at 186819000000, MotionEvent { action=ACTION_UP, id[0]=0, x[0]=207.33334, y[0]=212.0, toolType[0]=TOOL_TYPE_UNKNOWN, buttonState=0, metaState=0, flags=0x0, edgeFlags=0x0, pointerCount=1, historySize=0, eventTime=186819, downTime=186813, deviceId=0, source=0x1002 }
D/InputEventConsistencyVerifier( 1037):   2: sent at 186813000000, MotionEvent { action=ACTION_DOWN, id[0]=0, x[0]=202.66667, y[0]=212.66667, toolType[0]=TOOL_TYPE_UNKNOWN, buttonState=0, metaState=0, flags=0x0, edgeFlags=0x0, pointerCount=1, historySize=0, eventTime=186813, downTime=186813, deviceId=0, source=0x1002 }
D/InputEventConsistencyVerifier( 1037):   3: sent at 186756000000, MotionEvent { action=ACTION_UP, id[0]=0, x[0]=39.333336, y[0]=441.33334, toolType[0]=TOOL_TYPE_UNKNOWN, buttonState=0, metaState=0, flags=0x0, edgeFlags=0x0, pointerCount=1, historySize=0, eventTime=186756, downTime=186618, deviceId=0, source=0x1002 }
D/InputEventConsistencyVerifier( 1037):   4: sent at 186669000000, MotionEvent { action=ACTION_MOVE, id[0]=0, x[0]=39.333336, y[0]=450.0, toolType[0]=TOOL_TYPE_UNKNOWN, buttonState=0, metaState=0, flags=0x0, edgeFlags=0x0, pointerCount=1, historySize=0, eventTime=186669, downTime=186618, deviceId=0, source=0x1002 }
D/InputEventConsistencyVerifier( 1037):   5: sent at 186651000000, MotionEvent { action=ACTION_MOVE, id[0]=0, x[0]=42.666668, y[0]=451.0, toolType[0]=TOOL_TYPE_UNKNOWN, buttonState=0, metaState=0, flags=0x0, edgeFlags=0x0, pointerCount=1, historySize=4, eventTime=186651, downTime=186618, deviceId=0, source=0x1002 }
I/ActivityManager(  221): START {act=android.intent.action.CALL_BUTTON flg=0x10000000 cmp=com.android.contacts/.activities.DialtactsActivity u=0} from pid 1037
E/WVMExtractor(   62): Failed to open libwvm.so
I/Choreographer( 1037): Skipped 35 frames!  The application may be doing too much work on its main thread.
E/WVMExtractor(   62): Failed to open libwvm.so
E/WVMExtractor(   62): Failed to open libwvm.so
E/WVMExtractor(   62): Failed to open libwvm.so
E/WVMExtractor(   62): Failed to open libwvm.so
D/InputEventConsistencyVerifier( 1037): KeyEvent: ACTION_UP but key was not down.
D/InputEventConsistencyVerifier( 1037):   in com.android.internal.policy.impl.PhoneWindow$DecorView@b3e38da0
D/InputEventConsistencyVerifier( 1037):   0: sent at 188375000000, KeyEvent { action=ACTION_UP, keyCode=KEYCODE_DPAD_LEFT, scanCode=0, metaState=0, flags=0x400, repeatCount=0, eventTime=188375, downTime=188375, deviceId=-1, source=0x101 }
D/InputEventConsistencyVerifier( 1037):   -- recent events --
D/InputEventConsistencyVerifier( 1037):   1: sent at 188329000000, (unhandled) MotionEvent { action=ACTION_MOVE, id[0]=0, x[0]=-4.0, y[0]=0.0, toolType[0]=TOOL_TYPE_UNKNOWN, buttonState=0, metaState=0, flags=0x0, edgeFlags=0x0, pointerCount=1, historySize=9, eventTime=188329, downTime=-1, deviceId=0, source=0x10004 }
D/InputEventConsistencyVerifier( 1037):   2: sent at 188255000000, MotionEvent { action=ACTION_UP, id[0]=0, x[0]=172.0, y[0]=271.33334, toolType[0]=TOOL_TYPE_UNKNOWN, buttonState=0, metaState=0, flags=0x0, edgeFlags=0x0, pointerCount=1, historySize=0, eventTime=188255, downTime=188199, deviceId=0, source=0x1002 }
D/InputEventConsistencyVerifier( 1037):   3: sent at 188199000000, MotionEvent { action=ACTION_DOWN, id[0]=0, x[0]=172.66667, y[0]=268.0, toolType[0]=TOOL_TYPE_UNKNOWN, buttonState=0, metaState=0, flags=0x0, edgeFlags=0x0, pointerCount=1, historySize=0, eventTime=188199, downTime=188199, deviceId=0, source=0x1002 }
D/InputEventConsistencyVerifier( 1037):   4: sent at 188191000000, MotionEvent { action=ACTION_UP, id[0]=0, x[0]=40.666668, y[0]=300.0, toolType[0]=TOOL_TYPE_UNKNOWN, buttonState=0, metaState=0, flags=0x0, edgeFlags=0x0, pointerCount=1, historySize=0, eventTime=188191, downTime=188138, deviceId=0, source=0x1002 }
D/InputEventConsistencyVerifier( 1037):   5: sent at 188139000000, MotionEvent { action=ACTION_DOWN, id[0]=0, x[0]=41.333336, y[0]=300.0, toolType[0]=TOOL_TYPE_UNKNOWN, buttonState=0, metaState=0, flags=0x0, edgeFlags=0x0, pointerCount=1, historySize=0, eventTime=188139, downTime=188138, deviceId=0, source=0x1002 }
E/WVMExtractor(   62): Failed to open libwvm.so
E/WVMExtractor(   62): Failed to open libwvm.so
E/WVMExtractor(   62): Failed to open libwvm.so
E/WVMExtractor(   62): Failed to open libwvm.so
W/InputMethodManagerService(  221): Window already focused, ignoring focus gain of: com.android.internal.view.IInputMethodClient$Stub$Proxy@b3fd2f10 attribute=android.view.inputmethod.EditorInfo@b4350df0
I/Choreographer( 1037): Skipped 50 frames!  The application may be doing too much work on its main thread.
E/WVMExtractor(   62): Failed to open libwvm.so
W/DroidBox( 1090): DroidBox: { "ServiceStart": { "name": "com.android.music.MediaPlaybackService" } }
W/DroidBox( 1090): DroidBox: { "ServiceStart": { "name": "com.android.music.MediaPlaybackService" } }
I/AudioService(  221):  AudioFocus  requestAudioFocus() from android.media.AudioManager@b3e4aeb8com.android.music.MediaPlaybackService$3@b3e496f0
I/AudioService(  221):   Remote Control   registerMediaButtonIntent() for PendingIntent{b3ec9118: PendingIntentRecord{b422fa78 com.android.music broadcastIntent}}
E/WVMExtractor(   62): Failed to open libwvm.so
E/WVMExtractor(   62): Failed to open libwvm.so
I/Choreographer( 1037): Skipped 30 frames!  The application may be doing too much work on its main thread.
D/InputEventConsistencyVerifier( 1037): KeyEvent: ACTION_UP but key was not down.
D/InputEventConsistencyVerifier( 1037):   in android.view.ViewRootImpl@b3e99eb0
D/InputEventConsistencyVerifier( 1037):   0: sent at 191240000000, KeyEvent { action=ACTION_UP, keyCode=KEYCODE_BUTTON_2, scanCode=0, metaState=0, flags=0x8, repeatCount=0, eventTime=191240, downTime=191240, deviceId=-1, source=0x101 }
D/InputEventConsistencyVerifier( 1037):   -- recent events --
D/InputEventConsistencyVerifier( 1037):   1: sent at 190678000000, MotionEvent { action=ACTION_UP, id[0]=0, x[0]=212.0, y[0]=278.0, toolType[0]=TOOL_TYPE_UNKNOWN, buttonState=0, metaState=0, flags=0x0, edgeFlags=0x0, pointerCount=1, historySize=0, eventTime=190678, downTime=190672, deviceId=0, source=0x1002 }
D/InputEventConsistencyVerifier( 1037):   2: sent at 190672000000, MotionEvent { action=ACTION_DOWN, id[0]=0, x[0]=204.0, y[0]=289.0, toolType[0]=TOOL_TYPE_UNKNOWN, buttonState=0, metaState=0, flags=0x0, edgeFlags=0x0, pointerCount=1, historySize=0, eventTime=190672, downTime=190672, deviceId=0, source=0x1002 }
D/InputEventConsistencyVerifier( 1037):   3: sent at 190468000000, KeyEvent { action=ACTION_UP, keyCode=KEYCODE_MENU, scanCode=0, metaState=0, flags=0x8, repeatCount=0, eventTime=190468, downTime=190468, deviceId=-1, source=0x101 }
D/InputEventConsistencyVerifier( 1037):   4: sent at 190240000000, KeyEvent { action=ACTION_DOWN, keyCode=KEYCODE_MENU, scanCode=0, metaState=0, flags=0x8, repeatCount=0, eventTime=190240, downTime=190240, deviceId=-1, source=0x101 }
D/InputEventConsistencyVerifier( 1037):   5: sent at 190171000000, KeyEvent { action=ACTION_UP, keyCode=KEYCODE_MEDIA_PLAY, scanCode=0, metaState=0, flags=0x8, repeatCount=0, eventTime=190171, downTime=190171, deviceId=-1, source=0x101 }
I/Choreographer(  221): Skipped 32 frames!  The application may be doing too much work on its main thread.
I/Choreographer( 1037): Skipped 97 frames!  The application may be doing too much work on its main thread.
E/WVMExtractor(   62): Failed to open libwvm.so
W/InputMethodManagerService(  221): Window already focused, ignoring focus gain of: com.android.internal.view.IInputMethodClient$Stub$Proxy@b408dfb8 attribute=android.view.inputmethod.EditorInfo@b434f6e0
I/Choreographer( 1037): Skipped 63 frames!  The application may be doing too much work on its main thread.
D/InputEventConsistencyVerifier( 1037): KeyEvent: ACTION_UP but key was not down.
D/InputEventConsistencyVerifier( 1037):   in com.android.internal.policy.impl.PhoneWindow$DecorView@b3e38da0
D/InputEventConsistencyVerifier( 1037):   0: sent at 191718000000, KeyEvent { action=ACTION_UP, keyCode=KEYCODE_DPAD_DOWN, scanCode=0, metaState=0, flags=0x400, repeatCount=0, eventTime=191718, downTime=191718, deviceId=-1, source=0x101 }
D/InputEventConsistencyVerifier( 1037):   -- recent events --
D/InputEventConsistencyVerifier( 1037):   1: sent at 191648000000, (unhandled) MotionEvent { action=ACTION_MOVE, id[0]=0, x[0]=4.0, y[0]=-3.0, toolType[0]=TOOL_TYPE_UNKNOWN, buttonState=0, metaState=0, flags=0x0, edgeFlags=0x0, pointerCount=1, historySize=5, eventTime=191648, downTime=-1, deviceId=0, source=0x10004 }
D/InputEventConsistencyVerifier( 1037):   2: sent at 191432000000, (unhandled) MotionEvent { action=ACTION_MOVE, id[0]=0, x[0]=1.0, y[0]=4.0, toolType[0]=TOOL_TYPE_UNKNOWN, buttonState=0, metaState=0, flags=0x0, edgeFlags=0x0, pointerCount=1, historySize=13, eventTime=191432, downTime=-1, deviceId=0, source=0x10004 }
D/InputEventConsistencyVerifier( 1037):   3: sent at 191366000000, MotionEvent { action=ACTION_UP, id[0]=0, x[0]=127.333336, y[0]=457.33334, toolType[0]=TOOL_TYPE_UNKNOWN, buttonState=0, metaState=0, flags=0x0, edgeFlags=0x0, pointerCount=1, historySize=0, eventTime=191366, downTime=191348, deviceId=0, source=0x1002 }
D/InputEventConsistencyVerifier( 1037):   4: sent at 191364000000, MotionEvent { action=ACTION_MOVE, id[0]=0, x[0]=126.0, y[0]=457.33334, toolType[0]=TOOL_TYPE_UNKNOWN, buttonState=0, metaState=0, flags=0x0, edgeFlags=0x0, pointerCount=1, historySize=3, eventTime=191364, downTime=191348, deviceId=0, source=0x1002 }
D/InputEventConsistencyVerifier( 1037):   5: sent at 191349000000, MotionEvent { action=ACTION_DOWN, id[0]=0, x[0]=118.0, y[0]=452.0, toolType[0]=TOOL_TYPE_UNKNOWN, buttonState=0, metaState=0, flags=0x0, edgeFlags=0x0, pointerCount=1, historySize=0, eventTime=191349, downTime=191348, deviceId=0, source=0x1002 }
D/InputEventConsistencyVerifier( 1037): KeyEvent: ACTION_UP but key was not down.
D/InputEventConsistencyVerifier( 1037):   in android.widget.LinearLayout@b3e448d0
