D/InputEventConsistencyVerifier(  417):   3: sent at 293452000000, MotionEvent { action=ACTION_DOWN, id[0]=0, x[0]=316.0, y[0]=29.0, toolType[0]=TOOL_TYPE_UNKNOWN, buttonState=0, metaState=0, flags=0x0, edgeFlags=0x0, pointerCount=1, historySize=0, eventTime=293452, downTime=293452, deviceId=0, source=0x1002 }
D/InputEventConsistencyVerifier(  417):   4: sent at 272128000000, MotionEvent { action=ACTION_UP, id[0]=0, x[0]=388.0, y[0]=505.0, toolType[0]=TOOL_TYPE_UNKNOWN, buttonState=0, metaState=0, flags=0x0, edgeFlags=0x0, pointerCount=1, historySize=0, eventTime=272128, downTime=272006, deviceId=0, source=0x1002 }
D/InputEventConsistencyVerifier(  417):   5: sent at 272079000000, MotionEvent { action=ACTION_MOVE, id[0]=0, x[0]=404.0, y[0]=494.0, toolType[0]=TOOL_TYPE_UNKNOWN, buttonState=0, metaState=0, flags=0x0, edgeFlags=0x0, pointerCount=1, historySize=3, eventTime=272079, downTime=272006, deviceId=0, source=0x1002 }
D/InputEventConsistencyVerifier(  417): TouchEvent: ACTION_DOWN but pointers are already down.  Probably missing ACTION_UP from previous gesture.
D/InputEventConsistencyVerifier(  417):   in android.view.ScaleGestureDetector@b3e96840
D/InputEventConsistencyVerifier(  417):   0: sent at 294335000000, MotionEvent { action=ACTION_DOWN, id[0]=0, x[0]=188.0, y[0]=386.0, toolType[0]=TOOL_TYPE_UNKNOWN, buttonState=0, metaState=0, flags=0x0, edgeFlags=0x0, pointerCount=1, historySize=0, eventTime=294335, downTime=294334, deviceId=0, source=0x1002 }
D/InputEventConsistencyVerifier(  417):   -- recent events --
D/InputEventConsistencyVerifier(  417):   1: sent at 294052000000, MotionEvent { action=ACTION_DOWN, id[0]=0, x[0]=459.0, y[0]=550.0, toolType[0]=TOOL_TYPE_UNKNOWN, buttonState=0, metaState=0, flags=0x80000000, edgeFlags=0x0, pointerCount=1, historySize=0, eventTime=294052, downTime=294052, deviceId=0, source=0x1002 }
D/InputEventConsistencyVerifier(  417):   2: sent at 293982000000, MotionEvent { action=ACTION_DOWN, id[0]=0, x[0]=343.0, y[0]=172.0, toolType[0]=TOOL_TYPE_UNKNOWN, buttonState=0, metaState=0, flags=0x0, edgeFlags=0x0, pointerCount=1, historySize=0, eventTime=293982, downTime=293981, deviceId=0, source=0x1002 }
D/InputEventConsistencyVerifier(  417):   3: sent at 293457000000, MotionEvent { action=ACTION_UP, id[0]=0, x[0]=320.0, y[0]=30.0, toolType[0]=TOOL_TYPE_UNKNOWN, buttonState=0, metaState=0, flags=0x0, edgeFlags=0x0, pointerCount=1, historySize=0, eventTime=293457, downTime=293452, deviceId=0, source=0x1002 }
D/InputEventConsistencyVerifier(  417):   4: sent at 293452000000, MotionEvent { action=ACTION_DOWN, id[0]=0, x[0]=316.0, y[0]=29.0, toolType[0]=TOOL_TYPE_UNKNOWN, buttonState=0, metaState=0, flags=0x0, edgeFlags=0x0, pointerCount=1, historySize=0, eventTime=293452, downTime=293452, deviceId=0, source=0x1002 }
D/InputEventConsistencyVerifier(  417):   5: sent at 272128000000, MotionEvent { action=ACTION_UP, id[0]=0, x[0]=388.0, y[0]=505.0, toolType[0]=TOOL_TYPE_UNKNOWN, buttonState=0, metaState=0, flags=0x0, edgeFlags=0x0, pointerCount=1, historySize=0, eventTime=272128, downTime=272006, deviceId=0, source=0x1002 }
I/Choreographer(  417): Skipped 41 frames!  The application may be doing too much work on its main thread.
D/InputEventConsistencyVerifier(  417): KeyEvent: ACTION_UP but key was not down.
D/InputEventConsistencyVerifier(  417):   in com.android.systemui.statusbar.phone.StatusBarWindowView@b3df61d8
D/InputEventConsistencyVerifier(  417):   0: sent at 294358000000, KeyEvent { action=ACTION_UP, keyCode=KEYCODE_DPAD_UP, scanCode=0, metaState=0, flags=0x400, repeatCount=0, eventTime=294358, downTime=294358, deviceId=-1, source=0x101 }
D/InputEventConsistencyVerifier(  417):   -- recent events --
D/InputEventConsistencyVerifier(  417):   1: sent at 294330000000, (unhandled) MotionEvent { action=ACTION_MOVE, id[0]=0, x[0]=4.0, y[0]=-4.0, toolType[0]=TOOL_TYPE_UNKNOWN, buttonState=0, metaState=0, flags=0x0, edgeFlags=0x0, pointerCount=1, historySize=9, eventTime=294330, downTime=-1, deviceId=0, source=0x10004 }
D/InputEventConsistencyVerifier(  417):   2: sent at 294335000000, MotionEvent { action=ACTION_DOWN, id[0]=0, x[0]=188.0, y[0]=386.0, toolType[0]=TOOL_TYPE_UNKNOWN, buttonState=0, metaState=0, flags=0x0, edgeFlags=0x0, pointerCount=1, historySize=0, eventTime=294335, downTime=294334, deviceId=0, source=0x1002 }
D/InputEventConsistencyVerifier(  417):   3: sent at 294243000000, MotionEvent { action=ACTION_UP, id[0]=0, x[0]=453.0, y[0]=549.0, toolType[0]=TOOL_TYPE_UNKNOWN, buttonState=0, metaState=0, flags=0x0, edgeFlags=0x0, pointerCount=1, historySize=0, eventTime=294243, downTime=294052, deviceId=0, source=0x1002 }
D/InputEventConsistencyVerifier(  417):   4: sent at 294052000000, MotionEvent { action=ACTION_DOWN, id[0]=0, x[0]=459.0, y[0]=550.0, toolType[0]=TOOL_TYPE_UNKNOWN, buttonState=0, metaState=0, flags=0x0, edgeFlags=0x0, pointerCount=1, historySize=0, eventTime=294052, downTime=294052, deviceId=0, source=0x1002 }
D/InputEventConsistencyVerifier(  417):   5: sent at 294046000000, (unhandled) KeyEvent { action=ACTION_UP, keyCode=KEYCODE_MENU, scanCode=0, metaState=0, flags=0x8, repeatCount=0, eventTime=294046, downTime=294046, deviceId=-1, source=0x101 }
W/dalvikvm(  417): DroidBox: { "FdAccess": { "path": "2f70726f632f6d656d696e666f", "id": "500015021" } }
W/DroidBox(  417): DroidBox: { "FileRW": { "operation": "read", "data": "4d656d546f74616c3a202020202020202020373438393634206b420a4d656d467265653a20202020202020202020343433383936206b420a427566666572733a20202020202020202020202035353230206b420a4361636865643a202020202020202020", "id": "500015021" } }
V/PhoneStatusBar(  417): setLightsOn(true)
D/PhoneStatusBar(  417): disable: < expand icons alerts ticker* system_info back home recent clock >
W/InputMethodManagerService(  223): Window already focused, ignoring focus gain of: com.android.internal.view.IInputMethodClient$Stub$Proxy@b3deafb8 attribute=null
D/InputEventConsistencyVerifier(  994): KeyEvent: ACTION_DOWN but key is already down and this event is not a key repeat.
D/InputEventConsistencyVerifier(  994):   in android.widget.LinearLayout@b3f0bde0
D/InputEventConsistencyVerifier(  994):   0: sent at 294725000000, KeyEvent { action=ACTION_DOWN, keyCode=KEYCODE_DPAD_CENTER, scanCode=0, metaState=0, flags=0x8, repeatCount=0, eventTime=294725, downTime=294725, deviceId=-1, source=0x101 }
D/InputEventConsistencyVerifier(  994):   -- recent events --
D/InputEventConsistencyVerifier(  994):   1: sent at 294610000000, (unhandled) KeyEvent { action=ACTION_UP, keyCode=KEYCODE_DPAD_DOWN, scanCode=0, metaState=0, flags=0x8, repeatCount=0, eventTime=294610, downTime=294610, deviceId=-1, source=0x101 }
D/InputEventConsistencyVerifier(  994):   2: sent at 294504000000, KeyEvent { action=ACTION_DOWN, keyCode=KEYCODE_DPAD_DOWN, scanCode=0, metaState=0, flags=0x8, repeatCount=0, eventTime=294504, downTime=294504, deviceId=-1, source=0x101 }
D/InputEventConsistencyVerifier(  994):   3: sent at 293439000000, (unhandled) MotionEvent { action=ACTION_DOWN, id[0]=0, x[0]=48.0, y[0]=430.0, toolType[0]=TOOL_TYPE_UNKNOWN, buttonState=0, metaState=0, flags=0x0, edgeFlags=0x0, pointerCount=1, historySize=0, eventTime=293439, downTime=293439, deviceId=0, source=0x1002 }
D/InputEventConsistencyVerifier(  994):   4: sent at 293413000000, (unhandled) KeyEvent { action=ACTION_UP, keyCode=KEYCODE_MOVE_HOME, scanCode=0, metaState=0, flags=0x8, repeatCount=0, eventTime=293413, downTime=293413, deviceId=-1, source=0x101 }
D/InputEventConsistencyVerifier(  994):   5: sent at 293346000000, KeyEvent { action=ACTION_DOWN, keyCode=KEYCODE_MOVE_HOME, scanCode=0, metaState=0, flags=0x8, repeatCount=0, eventTime=293346, downTime=293346, deviceId=-1, source=0x101 }
D/InputEventConsistencyVerifier(  994): KeyEvent: ACTION_UP but key was not down.
D/InputEventConsistencyVerifier(  994):   in android.widget.LinearLayout@b3f09980
D/InputEventConsistencyVerifier(  994):   0: sent at 294847000000, KeyEvent { action=ACTION_UP, keyCode=KEYCODE_DPAD_RIGHT, scanCode=0, metaState=0, flags=0x8, repeatCount=0, eventTime=294847, downTime=294847, deviceId=-1, source=0x101 }
D/InputEventConsistencyVerifier(  994):   -- recent events --
D/InputEventConsistencyVerifier(  994):   1: sent at 293439000000, (unhandled) MotionEvent { action=ACTION_DOWN, id[0]=0, x[0]=48.0, y[0]=80.0, toolType[0]=TOOL_TYPE_UNKNOWN, buttonState=0, metaState=0, flags=0x0, edgeFlags=0x0, pointerCount=1, historySize=0, eventTime=293439, downTime=293439, deviceId=0, source=0x1002 }
D/InputEventConsistencyVerifier(  994):   2: sent at 282645000000, (unhandled) KeyEvent { action=ACTION_DOWN, keyCode=KEYCODE_DPAD_UP, scanCode=0, metaState=0, flags=0x8, repeatCount=0, eventTime=282645, downTime=282645, deviceId=-1, source=0x101 }
D/InputEventConsistencyVerifier(  994):   3: sent at 282954000000, KeyEvent { action=ACTION_UP, keyCode=KEYCODE_DPAD_CENTER, scanCode=0, metaState=0, flags=0x400, repeatCount=0, eventTime=282954, downTime=282954, deviceId=-1, source=0x101 }
D/InputEventConsistencyVerifier(  994):   4: sent at 282951000000, KeyEvent { action=ACTION_DOWN, keyCode=KEYCODE_DPAD_CENTER, scanCode=0, metaState=0, flags=0x400, repeatCount=0, eventTime=282951, downTime=282951, deviceId=-1, source=0x101 }
D/InputEventConsistencyVerifier(  994):   5: sent at 282934000000, (unhandled) KeyEvent { action=ACTION_UP, keyCode=KEYCODE_DPAD_RIGHT, scanCode=0, metaState=0, flags=0x400, repeatCount=0, eventTime=282934, downTime=282934, deviceId=-1, source=0x101 }
I/Choreographer(  994): Skipped 53 frames!  The application may be doing too much work on its main thread.
I/InputAttributes(  472): InputType.TYPE_NULL is specified
I/Choreographer(  472): Skipped 79 frames!  The application may be doing too much work on its main thread.
D/InputEventConsistencyVerifier(  417): TouchEvent: ACTION_DOWN but pointers are already down.  Probably missing ACTION_UP from previous gesture.
D/InputEventConsistencyVerifier(  417):   in android.view.ScaleGestureDetector@b3e96840
D/InputEventConsistencyVerifier(  417):   0: sent at 295346000000, MotionEvent { action=ACTION_DOWN, id[0]=0, x[0]=396.0, y[0]=22.0, toolType[0]=TOOL_TYPE_UNKNOWN, buttonState=0, metaState=0, flags=0x0, edgeFlags=0x0, pointerCount=1, historySize=0, eventTime=295346, downTime=295345, deviceId=0, source=0x1002 }
D/InputEventConsistencyVerifier(  417):   -- recent events --
D/InputEventConsistencyVerifier(  417):   1: sent at 294335000000, MotionEvent { action=ACTION_DOWN, id[0]=0, x[0]=188.0, y[0]=386.0, toolType[0]=TOOL_TYPE_UNKNOWN, buttonState=0, metaState=0, flags=0x80000000, edgeFlags=0x0, pointerCount=1, historySize=0, eventTime=294335, downTime=294334, deviceId=0, source=0x1002 }
D/InputEventConsistencyVerifier(  417):   2: sent at 294052000000, MotionEvent { action=ACTION_DOWN, id[0]=0, x[0]=459.0, y[0]=550.0, toolType[0]=TOOL_TYPE_UNKNOWN, buttonState=0, metaState=0, flags=0x80000000, edgeFlags=0x0, pointerCount=1, historySize=0, eventTime=294052, downTime=294052, deviceId=0, source=0x1002 }
D/InputEventConsistencyVerifier(  417):   3: sent at 293982000000, MotionEvent { action=ACTION_DOWN, id[0]=0, x[0]=343.0, y[0]=172.0, toolType[0]=TOOL_TYPE_UNKNOWN, buttonState=0, metaState=0, flags=0x0, edgeFlags=0x0, pointerCount=1, historySize=0, eventTime=293982, downTime=293981, deviceId=0, source=0x1002 }
D/InputEventConsistencyVerifier(  417):   4: sent at 293457000000, MotionEvent { action=ACTION_UP, id[0]=0, x[0]=320.0, y[0]=30.0, toolType[0]=TOOL_TYPE_UNKNOWN, buttonState=0, metaState=0, flags=0x0, edgeFlags=0x0, pointerCount=1, historySize=0, eventTime=293457, downTime=293452, deviceId=0, source=0x1002 }
D/InputEventConsistencyVerifier(  417):   5: sent at 293452000000, MotionEvent { action=ACTION_DOWN, id[0]=0, x[0]=316.0, y[0]=29.0, toolType[0]=TOOL_TYPE_UNKNOWN, buttonState=0, metaState=0, flags=0x0, edgeFlags=0x0, pointerCount=1, historySize=0, eventTime=293452, downTime=293452, deviceId=0, source=0x1002 }
I/Choreographer(  223): Skipped 33 frames!  The application may be doing too much work on its main thread.
I/Choreographer(  994): Skipped 38 frames!  The application may be doing too much work on its main thread.
D/InputEventConsistencyVerifier(  994): KeyEvent: ACTION_UP but key was not down.
D/InputEventConsistencyVerifier(  994):   in android.widget.TextView@b3f10290
D/InputEventConsistencyVerifier(  994):   0: sent at 295172000000, KeyEvent { action=ACTION_UP, keyCode=KEYCODE_DPAD_UP, scanCode=0, metaState=0, flags=0x8, repeatCount=0, eventTime=295172, downTime=295172, deviceId=-1, source=0x101 }
D/InputEventConsistencyVerifier(  994):   -- recent events --
D/InputEventConsistencyVerifier(  994):   1: sent at 294799000000, (unhandled) KeyEvent { action=ACTION_DOWN, keyCode=KEYCODE_DPAD_RIGHT, scanCode=0, metaState=0, flags=0x8, repeatCount=0, eventTime=294799, downTime=294799, deviceId=-1, source=0x101 }
D/InputEventConsistencyVerifier(  994):   2: sent at 294755000000, (unhandled) KeyEvent { action=ACTION_UP, keyCode=KEYCODE_DPAD_CENTER, scanCode=0, metaState=0, flags=0x8, repeatCount=0, eventTime=294755, downTime=294755, deviceId=-1, source=0x101 }
D/InputEventConsistencyVerifier(  994):   3: sent at 294725000000, KeyEvent { action=ACTION_DOWN, keyCode=KEYCODE_DPAD_CENTER, scanCode=0, metaState=0, flags=0x80000008, repeatCount=0, eventTime=294725, downTime=294725, deviceId=-1, source=0x101 }
D/InputEventConsistencyVerifier(  994):   4: sent at 294610000000, (unhandled) KeyEvent { action=ACTION_UP, keyCode=KEYCODE_DPAD_DOWN, scanCode=0, metaState=0, flags=0x8, repeatCount=0, eventTime=294610, downTime=294610, deviceId=-1, source=0x101 }
D/InputEventConsistencyVerifier(  994):   5: sent at 294504000000, KeyEvent { action=ACTION_DOWN, keyCode=KEYCODE_DPAD_DOWN, scanCode=0, metaState=0, flags=0x8, repeatCount=0, eventTime=294504, downTime=294504, deviceId=-1, source=0x101 }
I/Choreographer(  417): Skipped 142 frames!  The application may be doing too much work on its main thread.
I/Choreographer(  472): Skipped 105 frames!  The application may be doing too much work on its main thread.
D/InputEventConsistencyVerifier(  417): KeyEvent: ACTION_UP but key was not down.
D/InputEventConsistencyVerifier(  417):   in android.view.ViewRootImpl@b3e87b60
D/InputEventConsistencyVerifier(  417):   0: sent at 295522000000, KeyEvent { action=ACTION_UP, keyCode=KEYCODE_MENU, scanCode=0, metaState=0, flags=0x8, repeatCount=0, eventTime=295522, downTime=295522, deviceId=-1, source=0x101 }
D/InputEventConsistencyVerifier(  417):   -- recent events --
D/InputEventConsistencyVerifier(  417):   1: sent at 295352000000, MotionEvent { action=ACTION_UP, id[0]=0, x[0]=401.0, y[0]=37.0, toolType[0]=TOOL_TYPE_UNKNOWN, buttonState=0, metaState=0, flags=0x0, edgeFlags=0x0, pointerCount=1, historySize=0, eventTime=295352, downTime=295345, deviceId=0, source=0x1002 }
D/InputEventConsistencyVerifier(  417):   2: sent at 295346000000, MotionEvent { action=ACTION_DOWN, id[0]=0, x[0]=396.0, y[0]=22.0, toolType[0]=TOOL_TYPE_UNKNOWN, buttonState=0, metaState=0, flags=0x0, edgeFlags=0x0, pointerCount=1, historySize=0, eventTime=295346, downTime=295345, deviceId=0, source=0x1002 }
D/InputEventConsistencyVerifier(  417):   3: sent at 294344000000, MotionEvent { action=ACTION_UP, id[0]=0, x[0]=196.0, y[0]=383.0, toolType[0]=TOOL_TYPE_UNKNOWN, buttonState=0, metaState=0, flags=0x0, edgeFlags=0x0, pointerCount=1, historySize=0, eventTime=294344, downTime=294334, deviceId=0, source=0x1002 }
D/InputEventConsistencyVerifier(  417):   4: sent at 294358000000, KeyEvent { action=ACTION_UP, keyCode=KEYCODE_DPAD_UP, scanCode=0, metaState=0, flags=0x400, repeatCount=0, eventTime=294358, downTime=294358, deviceId=-1, source=0x101 }
D/InputEventConsistencyVerifier(  417):   5: sent at 294358000000, KeyEvent { action=ACTION_DOWN, keyCode=KEYCODE_DPAD_UP, scanCode=0, metaState=0, flags=0x400, repeatCount=0, eventTime=294358, downTime=294358, deviceId=-1, source=0x101 }
W/dalvikvm(  417): DroidBox: { "FdAccess": { "path": "2f70726f632f6d656d696e666f", "id": "362090627" } }
W/DroidBox(  417): DroidBox: { "FileRW": { "operation": "read", "data": "4d656d546f74616c3a202020202020202020373438393634206b420a4d656d467265653a20202020202020202020343435323630206b420a427566666572733a20202020202020202020202035353230206b420a4361636865643a202020202020202020", "id": "362090627" } }
I/Choreographer(  417): Skipped 100 frames!  The application may be doing too much work on its main thread.
W/dalvikvm(  417): DroidBox: { "FdAccess": { "path": "2f70726f632f6d656d696e666f", "id": "617459909" } }
D/PhoneStatusBar(  417): disable: < expand icons alerts TICKER* system_info back home recent clock >
W/DroidBox(  417): DroidBox: { "FileRW": { "operation": "read", "data": "4d656d546f74616c3a202020202020202020373438393634206b420a4d656d467265653a20202020202020202020343435323630206b420a427566666572733a20202020202020202020202035353238206b420a4361636865643a202020202020202020", "id": "617459909" } }
V/PhoneStatusBar(  417): setLightsOn(true)
D/PhoneStatusBar(  417): disable: < expand icons alerts ticker* system_info back home recent clock >
W/InputMethodManagerService(  223): Window already focused, ignoring focus gain of: com.android.internal.view.IInputMethodClient$Stub$Proxy@b40340d0 attribute=android.view.inputmethod.EditorInfo@b40e1e50
I/InputAttributes(  472): InputType.TYPE_NULL is specified
I/Choreographer(  994): Skipped 37 frames!  The application may be doing too much work on its main thread.
I/Choreographer(  472): Skipped 90 frames!  The application may be doing too much work on its main thread.
D/InputEventConsistencyVerifier(  994): KeyEvent: ACTION_UP but key was not down.
D/InputEventConsistencyVerifier(  994):   in android.widget.LinearLayout@b3f0bde0
D/InputEventConsistencyVerifier(  994):   0: sent at 297085000000, KeyEvent { action=ACTION_UP, keyCode=KEYCODE_NUMPAD_2, scanCode=0, metaState=0, flags=0x8, repeatCount=0, eventTime=297085, downTime=297085, deviceId=-1, source=0x101 }
D/InputEventConsistencyVerifier(  994):   -- recent events --
D/InputEventConsistencyVerifier(  994):   1: sent at 295172000000, (unhandled) KeyEvent { action=ACTION_UP, keyCode=KEYCODE_DPAD_UP, scanCode=0, metaState=0, flags=0x8, repeatCount=0, eventTime=295172, downTime=295172, deviceId=-1, source=0x101 }
D/InputEventConsistencyVerifier(  994):   2: sent at 294885000000, (unhandled) KeyEvent { action=ACTION_DOWN, keyCode=KEYCODE_DPAD_UP, scanCode=0, metaState=0, flags=0x8, repeatCount=0, eventTime=294885, downTime=294885, deviceId=-1, source=0x101 }
D/InputEventConsistencyVerifier(  994):   3: sent at 294847000000, (unhandled) KeyEvent { action=ACTION_UP, keyCode=KEYCODE_DPAD_RIGHT, scanCode=0, metaState=0, flags=0x8, repeatCount=0, eventTime=294847, downTime=294847, deviceId=-1, source=0x101 }
D/InputEventConsistencyVerifier(  994):   4: sent at 294799000000, (unhandled) KeyEvent { action=ACTION_DOWN, keyCode=KEYCODE_DPAD_RIGHT, scanCode=0, metaState=0, flags=0x8, repeatCount=0, eventTime=294799, downTime=294799, deviceId=-1, source=0x101 }
D/InputEventConsistencyVerifier(  994):   5: sent at 294755000000, (unhandled) KeyEvent { action=ACTION_UP, keyCode=KEYCODE_DPAD_CENTER, scanCode=0, metaState=0, flags=0x8, repeatCount=0, eventTime=294755, downTime=294755, deviceId=-1, source=0x101 }
I/Choreographer(  472): Skipped 70 frames!  The application may be doing too much work on its main thread.
D/InputEventConsistencyVerifier(  994): KeyEvent: ACTION_UP but key was not down.
D/InputEventConsistencyVerifier(  994):   in com.android.internal.policy.impl.PhoneWindow$DecorView@b3f13688
D/InputEventConsistencyVerifier(  994):   0: sent at 297085000000, KeyEvent { action=ACTION_UP, keyCode=KEYCODE_DPAD_DOWN, scanCode=0, metaState=0, flags=0x8, repeatCount=0, eventTime=297085, downTime=297085, deviceId=-1, source=0x101 }
D/InputEventConsistencyVerifier(  994):   -- recent events --
D/InputEventConsistencyVerifier(  994):   1: sent at 297085000000, (unhandled) KeyEvent { action=ACTION_UP, keyCode=KEYCODE_NUMPAD_2, scanCode=0, metaState=0, flags=0x8, repeatCount=0, eventTime=297085, downTime=297085, deviceId=-1, source=0x101 }
D/InputEventConsistencyVerifier(  994):   2: sent at 296451000000, (unhandled) KeyEvent { action=ACTION_DOWN, keyCode=KEYCODE_NUMPAD_2, scanCode=0, metaState=0, flags=0x8, repeatCount=0, eventTime=296451, downTime=296451, deviceId=-1, source=0x101 }
D/InputEventConsistencyVerifier(  994):   3: sent at 295912000000, (unhandled) KeyEvent { action=ACTION_UP, keyCode=KEYCODE_MENU, scanCode=0, metaState=0, flags=0x28, repeatCount=0, eventTime=295912, downTime=295364, deviceId=-1, source=0x101 }
D/InputEventConsistencyVerifier(  994):   4: sent at 295364000000, (unhandled) KeyEvent { action=ACTION_DOWN, keyCode=KEYCODE_MENU, scanCode=0, metaState=0, flags=0x8, repeatCount=0, eventTime=295364, downTime=295364, deviceId=-1, source=0x101 }
D/InputEventConsistencyVerifier(  994):   5: sent at 295172000000, (unhandled) KeyEvent { action=ACTION_UP, keyCode=KEYCODE_DPAD_UP, scanCode=0, metaState=0, flags=0x8, repeatCount=0, eventTime=295172, downTime=295172, deviceId=-1, source=0x101 }
D/InputEventConsistencyVerifier(  994): KeyEvent: ACTION_UP but key was not down.
D/InputEventConsistencyVerifier(  994):   in com.android.internal.policy.impl.PhoneWindow$DecorView@b3f13688
D/InputEventConsistencyVerifier(  994):   0: sent at 297934000000, KeyEvent { action=ACTION_UP, keyCode=KEYCODE_DPAD_LEFT, scanCode=0, metaState=0, flags=0x400, repeatCount=0, eventTime=297934, downTime=297934, deviceId=-1, source=0x101 }
D/InputEventConsistencyVerifier(  994):   -- recent events --
D/InputEventConsistencyVerifier(  994):   1: sent at 297894000000, MotionEvent { action=ACTION_DOWN, id[0]=0, x[0]=87.0, y[0]=201.0, toolType[0]=TOOL_TYPE_UNKNOWN, buttonState=0, metaState=0, flags=0x0, edgeFlags=0x0, pointerCount=1, historySize=0, eventTime=297894, downTime=297893, deviceId=0, source=0x1002 }
D/InputEventConsistencyVerifier(  994):   2: sent at 297801000000, (unhandled) MotionEvent { action=ACTION_MOVE, id[0]=0, x[0]=-2.0, y[0]=1.0, toolType[0]=TOOL_TYPE_UNKNOWN, buttonState=0, metaState=0, flags=0x0, edgeFlags=0x0, pointerCount=1, historySize=9, eventTime=297801, downTime=-1, deviceId=0, source=0x10004 }
D/InputEventConsistencyVerifier(  994):   3: sent at 297624000000, (unhandled) KeyEvent { action=ACTION_UP, keyCode=KEYCODE_DPAD_CENTER, scanCode=0, metaState=0, flags=0x8, repeatCount=0, eventTime=297624, downTime=297624, deviceId=-1, source=0x101 }
D/InputEventConsistencyVerifier(  994):   4: sent at 297159000000, KeyEvent { action=ACTION_DOWN, keyCode=KEYCODE_DPAD_CENTER, scanCode=0, metaState=0, flags=0x8, repeatCount=0, eventTime=297159, downTime=297159, deviceId=-1, source=0x101 }
D/InputEventConsistencyVerifier(  994):   5: sent at 297085000000, (unhandled) KeyEvent { action=ACTION_UP, keyCode=KEYCODE_DPAD_DOWN, scanCode=0, metaState=0, flags=0x80000008, repeatCount=0, eventTime=297085, downTime=297085, deviceId=-1, source=0x101 }
I/Choreographer(  994): Skipped 45 frames!  The application may be doing too much work on its main thread.
D/InputEventConsistencyVerifier(  417): TouchEvent: ACTION_DOWN but pointers are already down.  Probably missing ACTION_UP from previous gesture.
D/InputEventConsistencyVerifier(  417):   in android.view.ScaleGestureDetector@b3e96840
D/InputEventConsistencyVerifier(  417):   0: sent at 299459000000, MotionEvent { action=ACTION_DOWN, id[0]=0, x[0]=266.0, y[0]=26.0, toolType[0]=TOOL_TYPE_UNKNOWN, buttonState=0, metaState=0, flags=0x0, edgeFlags=0x0, pointerCount=1, historySize=0, eventTime=299459, downTime=299459, deviceId=0, source=0x1002 }
D/InputEventConsistencyVerifier(  417):   -- recent events --
D/InputEventConsistencyVerifier(  417):   1: sent at 296234000000, MotionEvent { action=ACTION_DOWN, id[0]=0, x[0]=227.0, y[0]=649.0, toolType[0]=TOOL_TYPE_UNKNOWN, buttonState=0, metaState=0, flags=0x0, edgeFlags=0x0, pointerCount=1, historySize=0, eventTime=296234, downTime=296231, deviceId=0, source=0x1002 }
D/InputEventConsistencyVerifier(  417):   2: sent at 295352000000, MotionEvent { action=ACTION_UP, id[0]=0, x[0]=401.0, y[0]=37.0, toolType[0]=TOOL_TYPE_UNKNOWN, buttonState=0, metaState=0, flags=0x0, edgeFlags=0x0, pointerCount=1, historySize=0, eventTime=295352, downTime=295345, deviceId=0, source=0x1002 }
D/InputEventConsistencyVerifier(  417):   3: sent at 295346000000, MotionEvent { action=ACTION_DOWN, id[0]=0, x[0]=396.0, y[0]=22.0, toolType[0]=TOOL_TYPE_UNKNOWN, buttonState=0, metaState=0, flags=0x80000000, edgeFlags=0x0, pointerCount=1, historySize=0, eventTime=295346, downTime=295345, deviceId=0, source=0x1002 }
D/InputEventConsistencyVerifier(  417):   4: sent at 294335000000, MotionEvent { action=ACTION_DOWN, id[0]=0, x[0]=188.0, y[0]=386.0, toolType[0]=TOOL_TYPE_UNKNOWN, buttonState=0, metaState=0, flags=0x80000000, edgeFlags=0x0, pointerCount=1, historySize=0, eventTime=294335, downTime=294334, deviceId=0, source=0x1002 }
D/InputEventConsistencyVerifier(  417):   5: sent at 294052000000, MotionEvent { action=ACTION_DOWN, id[0]=0, x[0]=459.0, y[0]=550.0, toolType[0]=TOOL_TYPE_UNKNOWN, buttonState=0, metaState=0, flags=0x80000000, edgeFlags=0x0, pointerCount=1, historySize=0, eventTime=294052, downTime=294052, deviceId=0, source=0x1002 }
D/InputEventConsistencyVerifier(  417): KeyEvent: ACTION_UP but key was not down.
D/InputEventConsistencyVerifier(  417):   in android.view.ViewRootImpl@b3e87b60
D/InputEventConsistencyVerifier(  417):   0: sent at 299517000000, KeyEvent { action=ACTION_UP, keyCode=KEYCODE_MEDIA_PLAY_PAUSE, scanCode=0, metaState=0, flags=0x8, repeatCount=0, eventTime=299517, downTime=299517, deviceId=-1, source=0x101 }
D/InputEventConsistencyVerifier(  417):   -- recent events --
D/InputEventConsistencyVerifier(  417):   1: sent at 299469000000, MotionEvent { action=ACTION_UP, id[0]=0, x[0]=259.0, y[0]=24.0, toolType[0]=TOOL_TYPE_UNKNOWN, buttonState=0, metaState=0, flags=0x0, edgeFlags=0x0, pointerCount=1, historySize=0, eventTime=299469, downTime=299459, deviceId=0, source=0x1002 }
D/InputEventConsistencyVerifier(  417):   2: sent at 299459000000, MotionEvent { action=ACTION_DOWN, id[0]=0, x[0]=266.0, y[0]=26.0, toolType[0]=TOOL_TYPE_UNKNOWN, buttonState=0, metaState=0, flags=0x0, edgeFlags=0x0, pointerCount=1, historySize=0, eventTime=299459, downTime=299459, deviceId=0, source=0x1002 }
D/InputEventConsistencyVerifier(  417):   3: sent at 296337000000, MotionEvent { action=ACTION_UP, id[0]=0, x[0]=248.0, y[0]=706.0, toolType[0]=TOOL_TYPE_UNKNOWN, buttonState=0, metaState=0, flags=0x0, edgeFlags=0x0, pointerCount=1, historySize=0, eventTime=296337, downTime=296231, deviceId=0, source=0x1002 }
D/InputEventConsistencyVerifier(  417):   4: sent at 296334000000, MotionEvent { action=ACTION_MOVE, id[0]=0, x[0]=244.0, y[0]=704.0, toolType[0]=TOOL_TYPE_UNKNOWN, buttonState=0, metaState=0, flags=0x0, edgeFlags=0x0, pointerCount=1, historySize=0, eventTime=296334, downTime=296231, deviceId=0, source=0x1002 }
D/InputEventConsistencyVerifier(  417):   5: sent at 296255000000, MotionEvent { action=ACTION_MOVE, id[0]=0, x[0]=242.0, y[0]=703.0, toolType[0]=TOOL_TYPE_UNKNOWN, buttonState=0, metaState=0, flags=0x0, edgeFlags=0x0, pointerCount=1, historySize=8, eventTime=296255, downTime=296231, deviceId=0, source=0x1002 }
W/dalvikvm(  417): DroidBox: { "FdAccess": { "path": "2f70726f632f6d656d696e666f", "id": "2094246581" } }
W/DroidBox(  417): DroidBox: { "FileRW": { "operation": "read", "data": "4d656d546f74616c3a202020202020202020373438393634206b420a4d656d467265653a20202020202020202020343435333834206b420a427566666572733a20202020202020202020202035353238206b420a4361636865643a202020202020202020", "id": "2094246581" } }
I/Choreographer(  417): Skipped 44 frames!  The application may be doing too much work on its main thread.
D/InputEventConsistencyVerifier(  417): KeyEvent: ACTION_UP but key was not down.
D/InputEventConsistencyVerifier(  417):   in com.android.systemui.statusbar.phone.StatusBarWindowView@b3df61d8
D/InputEventConsistencyVerifier(  417):   0: sent at 299702000000, KeyEvent { action=ACTION_UP, keyCode=KEYCODE_DPAD_DOWN, scanCode=0, metaState=0, flags=0x8, repeatCount=0, eventTime=299702, downTime=299702, deviceId=-1, source=0x101 }
D/InputEventConsistencyVerifier(  417):   -- recent events --
D/InputEventConsistencyVerifier(  417):   1: sent at 299627000000, MotionEvent { action=ACTION_UP, id[0]=0, x[0]=421.0, y[0]=279.0, toolType[0]=TOOL_TYPE_UNKNOWN, buttonState=0, metaState=0, flags=0x0, edgeFlags=0x0, pointerCount=1, historySize=0, eventTime=299627, downTime=299622, deviceId=0, source=0x1002 }
D/InputEventConsistencyVerifier(  417):   2: sent at 299622000000, MotionEvent { action=ACTION_DOWN, id[0]=0, x[0]=421.0, y[0]=290.0, toolType[0]=TOOL_TYPE_UNKNOWN, buttonState=0, metaState=0, flags=0x0, edgeFlags=0x0, pointerCount=1, historySize=0, eventTime=299622, downTime=299622, deviceId=0, source=0x1002 }
D/InputEventConsistencyVerifier(  417):   3: sent at 299517000000, (unhandled) KeyEvent { action=ACTION_UP, keyCode=KEYCODE_MEDIA_PLAY_PAUSE, scanCode=0, metaState=0, flags=0x80000008, repeatCount=0, eventTime=299517, downTime=299517, deviceId=-1, source=0x101 }
D/InputEventConsistencyVerifier(  417):   4: sent at 299469000000, MotionEvent { action=ACTION_UP, id[0]=0, x[0]=259.0, y[0]=24.0, toolType[0]=TOOL_TYPE_UNKNOWN, buttonState=0, metaState=0, flags=0x0, edgeFlags=0x0, pointerCount=1, historySize=0, eventTime=299469, downTime=299459, deviceId=0, source=0x1002 }
D/InputEventConsistencyVerifier(  417):   5: sent at 299459000000, MotionEvent { action=ACTION_DOWN, id[0]=0, x[0]=266.0, y[0]=26.0, toolType[0]=TOOL_TYPE_UNKNOWN, buttonState=0, metaState=0, flags=0x0, edgeFlags=0x0, pointerCount=1, historySize=0, eventTime=299459, downTime=299459, deviceId=0, source=0x1002 }
I/Choreographer(  994): Skipped 95 frames!  The application may be doing too much work on its main thread.
D/InputEventConsistencyVerifier(  417): TouchEvent: ACTION_DOWN but pointers are already down.  Probably missing ACTION_UP from previous gesture.
D/InputEventConsistencyVerifier(  417):   in android.view.ScaleGestureDetector@b3e96840
D/InputEventConsistencyVerifier(  417):   0: sent at 299776000000, MotionEvent { action=ACTION_DOWN, id[0]=0, x[0]=222.0, y[0]=616.0, toolType[0]=TOOL_TYPE_UNKNOWN, buttonState=0, metaState=0, flags=0x0, edgeFlags=0x0, pointerCount=1, historySize=0, eventTime=299776, downTime=299775, deviceId=0, source=0x1002 }
D/InputEventConsistencyVerifier(  417):   -- recent events --
D/InputEventConsistencyVerifier(  417):   1: sent at 299622000000, MotionEvent { action=ACTION_DOWN, id[0]=0, x[0]=421.0, y[0]=290.0, toolType[0]=TOOL_TYPE_UNKNOWN, buttonState=0, metaState=0, flags=0x0, edgeFlags=0x0, pointerCount=1, historySize=0, eventTime=299622, downTime=299622, deviceId=0, source=0x1002 }
D/InputEventConsistencyVerifier(  417):   2: sent at 299469000000, MotionEvent { action=ACTION_UP, id[0]=0, x[0]=259.0, y[0]=24.0, toolType[0]=TOOL_TYPE_UNKNOWN, buttonState=0, metaState=0, flags=0x0, edgeFlags=0x0, pointerCount=1, historySize=0, eventTime=299469, downTime=299459, deviceId=0, source=0x1002 }
D/InputEventConsistencyVerifier(  417):   3: sent at 299459000000, MotionEvent { action=ACTION_DOWN, id[0]=0, x[0]=266.0, y[0]=26.0, toolType[0]=TOOL_TYPE_UNKNOWN, buttonState=0, metaState=0, flags=0x80000000, edgeFlags=0x0, pointerCount=1, historySize=0, eventTime=299459, downTime=299459, deviceId=0, source=0x1002 }
D/InputEventConsistencyVerifier(  417):   4: sent at 296234000000, MotionEvent { action=ACTION_DOWN, id[0]=0, x[0]=227.0, y[0]=649.0, toolType[0]=TOOL_TYPE_UNKNOWN, buttonState=0, metaState=0, flags=0x0, edgeFlags=0x0, pointerCount=1, historySize=0, eventTime=296234, downTime=296231, deviceId=0, source=0x1002 }
D/InputEventConsistencyVerifier(  417):   5: sent at 295352000000, MotionEvent { action=ACTION_UP, id[0]=0, x[0]=401.0, y[0]=37.0, toolType[0]=TOOL_TYPE_UNKNOWN, buttonState=0, metaState=0, flags=0x0, edgeFlags=0x0, pointerCount=1, historySize=0, eventTime=295352, downTime=295345, deviceId=0, source=0x1002 }
D/InputEventConsistencyVerifier(  417): TouchEvent: ACTION_DOWN but pointers are already down.  Probably missing ACTION_UP from previous gesture.
D/InputEventConsistencyVerifier(  417):   in android.view.ScaleGestureDetector@b3e96840
D/InputEventConsistencyVerifier(  417):   0: sent at 299789000000, MotionEvent { action=ACTION_DOWN, id[0]=0, x[0]=33.0, y[0]=368.0, toolType[0]=TOOL_TYPE_UNKNOWN, buttonState=0, metaState=0, flags=0x0, edgeFlags=0x0, pointerCount=1, historySize=0, eventTime=299789, downTime=299787, deviceId=0, source=0x1002 }
D/InputEventConsistencyVerifier(  417):   -- recent events --
D/InputEventConsistencyVerifier(  417):   1: sent at 299776000000, MotionEvent { action=ACTION_DOWN, id[0]=0, x[0]=222.0, y[0]=616.0, toolType[0]=TOOL_TYPE_UNKNOWN, buttonState=0, metaState=0, flags=0x80000000, edgeFlags=0x0, pointerCount=1, historySize=0, eventTime=299776, downTime=299775, deviceId=0, source=0x1002 }
D/InputEventConsistencyVerifier(  417):   2: sent at 299622000000, MotionEvent { action=ACTION_DOWN, id[0]=0, x[0]=421.0, y[0]=290.0, toolType[0]=TOOL_TYPE_UNKNOWN, buttonState=0, metaState=0, flags=0x0, edgeFlags=0x0, pointerCount=1, historySize=0, eventTime=299622, downTime=299622, deviceId=0, source=0x1002 }
D/InputEventConsistencyVerifier(  417):   3: sent at 299469000000, MotionEvent { action=ACTION_UP, id[0]=0, x[0]=259.0, y[0]=24.0, toolType[0]=TOOL_TYPE_UNKNOWN, buttonState=0, metaState=0, flags=0x0, edgeFlags=0x0, pointerCount=1, historySize=0, eventTime=299469, downTime=299459, deviceId=0, source=0x1002 }
D/InputEventConsistencyVerifier(  417):   4: sent at 299459000000, MotionEvent { action=ACTION_DOWN, id[0]=0, x[0]=266.0, y[0]=26.0, toolType[0]=TOOL_TYPE_UNKNOWN, buttonState=0, metaState=0, flags=0x80000000, edgeFlags=0x0, pointerCount=1, historySize=0, eventTime=299459, downTime=299459, deviceId=0, source=0x1002 }
D/InputEventConsistencyVerifier(  417):   5: sent at 296234000000, MotionEvent { action=ACTION_DOWN, id[0]=0, x[0]=227.0, y[0]=649.0, toolType[0]=TOOL_TYPE_UNKNOWN, buttonState=0, metaState=0, flags=0x0, edgeFlags=0x0, pointerCount=1, historySize=0, eventTime=296234, downTime=296231, deviceId=0, source=0x1002 }
D/InputEventConsistencyVerifier(  417): TouchEvent: ACTION_DOWN but pointers are already down.  Probably missing ACTION_UP from previous gesture.
D/InputEventConsistencyVerifier(  417):   in android.view.ScaleGestureDetector@b3e96840
D/InputEventConsistencyVerifier(  417):   0: sent at 299827000000, MotionEvent { action=ACTION_DOWN, id[0]=0, x[0]=184.0, y[0]=333.0, toolType[0]=TOOL_TYPE_UNKNOWN, buttonState=0, metaState=0, flags=0x0, edgeFlags=0x0, pointerCount=1, historySize=0, eventTime=299827, downTime=299826, deviceId=0, source=0x1002 }
D/InputEventConsistencyVerifier(  417):   -- recent events --
D/InputEventConsistencyVerifier(  417):   1: sent at 299789000000, MotionEvent { action=ACTION_DOWN, id[0]=0, x[0]=33.0, y[0]=368.0, toolType[0]=TOOL_TYPE_UNKNOWN, buttonState=0, metaState=0, flags=0x80000000, edgeFlags=0x0, pointerCount=1, historySize=0, eventTime=299789, downTime=299787, deviceId=0, source=0x1002 }
D/InputEventConsistencyVerifier(  417):   2: sent at 299776000000, MotionEvent { action=ACTION_DOWN, id[0]=0, x[0]=222.0, y[0]=616.0, toolType[0]=TOOL_TYPE_UNKNOWN, buttonState=0, metaState=0, flags=0x80000000, edgeFlags=0x0, pointerCount=1, historySize=0, eventTime=299776, downTime=299775, deviceId=0, source=0x1002 }
D/InputEventConsistencyVerifier(  417):   3: sent at 299622000000, MotionEvent { action=ACTION_DOWN, id[0]=0, x[0]=421.0, y[0]=290.0, toolType[0]=TOOL_TYPE_UNKNOWN, buttonState=0, metaState=0, flags=0x0, edgeFlags=0x0, pointerCount=1, historySize=0, eventTime=299622, downTime=299622, deviceId=0, source=0x1002 }
D/InputEventConsistencyVerifier(  417):   4: sent at 299469000000, MotionEvent { action=ACTION_UP, id[0]=0, x[0]=259.0, y[0]=24.0, toolType[0]=TOOL_TYPE_UNKNOWN, buttonState=0, metaState=0, flags=0x0, edgeFlags=0x0, pointerCount=1, historySize=0, eventTime=299469, downTime=299459, deviceId=0, source=0x1002 }
D/InputEventConsistencyVerifier(  417):   5: sent at 299459000000, MotionEvent { action=ACTION_DOWN, id[0]=0, x[0]=266.0, y[0]=26.0, toolType[0]=TOOL_TYPE_UNKNOWN, buttonState=0, metaState=0, flags=0x80000000, edgeFlags=0x0, pointerCount=1, historySize=0, eventTime=299459, downTime=299459, deviceId=0, source=0x1002 }
D/InputEventConsistencyVerifier(  417): TouchEvent: ACTION_DOWN but pointers are already down.  Probably missing ACTION_UP from previous gesture.
D/InputEventConsistencyVerifier(  417):   in android.view.ScaleGestureDetector@b3e96840
D/InputEventConsistencyVerifier(  417):   0: sent at 299840000000, MotionEvent { action=ACTION_DOWN, id[0]=0, x[0]=137.0, y[0]=326.0, toolType[0]=TOOL_TYPE_UNKNOWN, buttonState=0, metaState=0, flags=0x0, edgeFlags=0x0, pointerCount=1, historySize=0, eventTime=299840, downTime=299840, deviceId=0, source=0x1002 }
D/InputEventConsistencyVerifier(  417):   -- recent events --
D/InputEventConsistencyVerifier(  417):   1: sent at 299827000000, MotionEvent { action=ACTION_DOWN, id[0]=0, x[0]=184.0, y[0]=333.0, toolType[0]=TOOL_TYPE_UNKNOWN, buttonState=0, metaState=0, flags=0x80000000, edgeFlags=0x0, pointerCount=1, historySize=0, eventTime=299827, downTime=299826, deviceId=0, source=0x1002 }
D/InputEventConsistencyVerifier(  417):   2: sent at 299789000000, MotionEvent { action=ACTION_DOWN, id[0]=0, x[0]=33.0, y[0]=368.0, toolType[0]=TOOL_TYPE_UNKNOWN, buttonState=0, metaState=0, flags=0x80000000, edgeFlags=0x0, pointerCount=1, historySize=0, eventTime=299789, downTime=299787, deviceId=0, source=0x1002 }
D/InputEventConsistencyVerifier(  417):   3: sent at 299776000000, MotionEvent { action=ACTION_DOWN, id[0]=0, x[0]=222.0, y[0]=616.0, toolType[0]=TOOL_TYPE_UNKNOWN, buttonState=0, metaState=0, flags=0x80000000, edgeFlags=0x0, pointerCount=1, historySize=0, eventTime=299776, downTime=299775, deviceId=0, source=0x1002 }
D/InputEventConsistencyVerifier(  417):   4: sent at 299622000000, MotionEvent { action=ACTION_DOWN, id[0]=0, x[0]=421.0, y[0]=290.0, toolType[0]=TOOL_TYPE_UNKNOWN, buttonState=0, metaState=0, flags=0x0, edgeFlags=0x0, pointerCount=1, historySize=0, eventTime=299622, downTime=299622, deviceId=0, source=0x1002 }
D/InputEventConsistencyVerifier(  417):   5: sent at 299469000000, MotionEvent { action=ACTION_UP, id[0]=0, x[0]=259.0, y[0]=24.0, toolType[0]=TOOL_TYPE_UNKNOWN, buttonState=0, metaState=0, flags=0x0, edgeFlags=0x0, pointerCount=1, historySize=0, eventTime=299469, downTime=299459, deviceId=0, source=0x1002 }
D/InputEventConsistencyVerifier(  417): KeyEvent: ACTION_UP but key was not down.
D/InputEventConsistencyVerifier(  417):   in com.android.systemui.statusbar.phone.StatusBarWindowView@b3df61d8
D/InputEventConsistencyVerifier(  417):   0: sent at 300134000000, KeyEvent { action=ACTION_UP, keyCode=KEYCODE_DPAD_UP, scanCode=0, metaState=0, flags=0x8, repeatCount=0, eventTime=300134, downTime=300134, deviceId=-1, source=0x101 }
D/InputEventConsistencyVerifier(  417):   -- recent events --
D/InputEventConsistencyVerifier(  417):   1: sent at 299845000000, MotionEvent { action=ACTION_UP, id[0]=0, x[0]=128.0, y[0]=341.0, toolType[0]=TOOL_TYPE_UNKNOWN, buttonState=0, metaState=0, flags=0x0, edgeFlags=0x0, pointerCount=1, historySize=0, eventTime=299845, downTime=299840, deviceId=0, source=0x1002 }
D/InputEventConsistencyVerifier(  417):   2: sent at 299840000000, MotionEvent { action=ACTION_DOWN, id[0]=0, x[0]=137.0, y[0]=326.0, toolType[0]=TOOL_TYPE_UNKNOWN, buttonState=0, metaState=0, flags=0x0, edgeFlags=0x0, pointerCount=1, historySize=0, eventTime=299840, downTime=299840, deviceId=0, source=0x1002 }
D/InputEventConsistencyVerifier(  417):   3: sent at 299833000000, MotionEvent { action=ACTION_UP, id[0]=0, x[0]=209.0, y[0]=358.0, toolType[0]=TOOL_TYPE_UNKNOWN, buttonState=0, metaState=0, flags=0x0, edgeFlags=0x0, pointerCount=1, historySize=0, eventTime=299833, downTime=299826, deviceId=0, source=0x1002 }
D/InputEventConsistencyVerifier(  417):   4: sent at 299831000000, MotionEvent { action=ACTION_MOVE, id[0]=0, x[0]=194.0, y[0]=355.0, toolType[0]=TOOL_TYPE_UNKNOWN, buttonState=0, metaState=0, flags=0x0, edgeFlags=0x0, pointerCount=1, historySize=0, eventTime=299831, downTime=299826, deviceId=0, source=0x1002 }
D/InputEventConsistencyVerifier(  417):   5: sent at 299827000000, MotionEvent { action=ACTION_DOWN, id[0]=0, x[0]=184.0, y[0]=333.0, toolType[0]=TOOL_TYPE_UNKNOWN, buttonState=0, metaState=0, flags=0x0, edgeFlags=0x0, pointerCount=1, historySize=0, eventTime=299827, downTime=299826, deviceId=0, source=0x1002 }
I/Choreographer(  417): Skipped 123 frames!  The application may be doing too much work on its main thread.
D/PhoneStatusBar(  417): disable: < expand icons alerts TICKER* system_info back home recent clock >
W/dalvikvm(  417): DroidBox: { "FdAccess": { "path": "2f70726f632f6d656d696e666f", "id": "1878596783" } }
W/DroidBox(  417): DroidBox: { "FileRW": { "operation": "read", "data": "4d656d546f74616c3a202020202020202020373438393634206b420a4d656d467265653a20202020202020202020343435333834206b420a427566666572733a20202020202020202020202035353238206b420a4361636865643a202020202020202020", "id": "1878596783" } }
I/Choreographer(  223): Skipped 60 frames!  The application may be doing too much work on its main thread.
I/Choreographer(  417): Skipped 88 frames!  The application may be doing too much work on its main thread.
D/PhoneStatusBar(  417): disable: < expand icons alerts ticker* system_info back home recent clock >
W/DroidBox( 1106): DroidBox: { "ServiceStart": { "name": "com.android.music.MediaPlaybackService" } }
W/DroidBox( 1106): DroidBox: { "ServiceStart": { "name": "com.android.music.MediaPlaybackService" } }
I/AudioService(  223):  AudioFocus  requestAudioFocus() from android.media.AudioManager@b3dd5df0com.android.music.MediaPlaybackService$3@b3dd4628
I/AudioService(  223):   Remote Control   registerMediaButtonIntent() for PendingIntent{b41dff18: PendingIntentRecord{b3f7b058 com.android.music broadcastIntent}}
D/InputEventConsistencyVerifier(  994): TrackballEvent: Trackball is down but pressure is not greater than 0.
D/InputEventConsistencyVerifier(  994):   in android.view.ViewRootImpl@b3ee83b8
D/InputEventConsistencyVerifier(  994):   0: sent at 300707000000, MotionEvent { action=ACTION_DOWN, id[0]=0, x[0]=0.0, y[0]=0.0, toolType[0]=TOOL_TYPE_UNKNOWN, buttonState=0, metaState=0, flags=0x0, edgeFlags=0x0, pointerCount=1, historySize=0, eventTime=300707, downTime=300477, deviceId=0, source=0x10004 }
D/InputEventConsistencyVerifier(  994):   -- recent events --
D/InputEventConsistencyVerifier(  994):   1: sent at 300877000000, KeyEvent { action=ACTION_UP, keyCode=KEYCODE_DPAD_DOWN, scanCode=0, metaState=0, flags=0x400, repeatCount=0, eventTime=300877, downTime=300877, deviceId=-1, source=0x101 }
D/InputEventConsistencyVerifier(  994):   2: sent at 300877000000, KeyEvent { action=ACTION_DOWN, keyCode=KEYCODE_DPAD_DOWN, scanCode=0, metaState=0, flags=0x400, repeatCount=0, eventTime=300877, downTime=300877, deviceId=-1, source=0x101 }
D/InputEventConsistencyVerifier(  994):   3: sent at 300876000000, KeyEvent { action=ACTION_UP, keyCode=KEYCODE_DPAD_DOWN, scanCode=0, metaState=0, flags=0x400, repeatCount=0, eventTime=300876, downTime=300876, deviceId=-1, source=0x101 }
D/InputEventConsistencyVerifier(  994):   4: sent at 300876000000, KeyEvent { action=ACTION_DOWN, keyCode=KEYCODE_DPAD_DOWN, scanCode=0, metaState=0, flags=0x400, repeatCount=0, eventTime=300876, downTime=300876, deviceId=-1, source=0x101 }
D/InputEventConsistencyVerifier(  994):   5: sent at 300876000000, KeyEvent { action=ACTION_UP, keyCode=KEYCODE_DPAD_DOWN, scanCode=0, metaState=0, flags=0x400, repeatCount=0, eventTime=300876, downTime=300876, deviceId=-1, source=0x101 }
I/Choreographer(  223): Skipped 34 frames!  The application may be doing too much work on its main thread.
D/InputEventConsistencyVerifier(  417): TouchEvent: ACTION_DOWN but pointers are already down.  Probably missing ACTION_UP from previous gesture.
D/InputEventConsistencyVerifier(  417):   in android.view.ScaleGestureDetector@b3e96840
D/InputEventConsistencyVerifier(  417):   0: sent at 301703000000, MotionEvent { action=ACTION_DOWN, id[0]=0, x[0]=72.0, y[0]=27.0, toolType[0]=TOOL_TYPE_UNKNOWN, buttonState=0, metaState=0, flags=0x0, edgeFlags=0x0, pointerCount=1, historySize=0, eventTime=301703, downTime=301703, deviceId=0, source=0x1002 }
D/InputEventConsistencyVerifier(  417):   -- recent events --
D/InputEventConsistencyVerifier(  417):   1: sent at 299840000000, MotionEvent { action=ACTION_DOWN, id[0]=0, x[0]=137.0, y[0]=326.0, toolType[0]=TOOL_TYPE_UNKNOWN, buttonState=0, metaState=0, flags=0x80000000, edgeFlags=0x0, pointerCount=1, historySize=0, eventTime=299840, downTime=299840, deviceId=0, source=0x1002 }
D/InputEventConsistencyVerifier(  417):   2: sent at 299827000000, MotionEvent { action=ACTION_DOWN, id[0]=0, x[0]=184.0, y[0]=333.0, toolType[0]=TOOL_TYPE_UNKNOWN, buttonState=0, metaState=0, flags=0x80000000, edgeFlags=0x0, pointerCount=1, historySize=0, eventTime=299827, downTime=299826, deviceId=0, source=0x1002 }
D/InputEventConsistencyVerifier(  417):   3: sent at 299789000000, MotionEvent { action=ACTION_DOWN, id[0]=0, x[0]=33.0, y[0]=368.0, toolType[0]=TOOL_TYPE_UNKNOWN, buttonState=0, metaState=0, flags=0x80000000, edgeFlags=0x0, pointerCount=1, historySize=0, eventTime=299789, downTime=299787, deviceId=0, source=0x1002 }
D/InputEventConsistencyVerifier(  417):   4: sent at 299776000000, MotionEvent { action=ACTION_DOWN, id[0]=0, x[0]=222.0, y[0]=616.0, toolType[0]=TOOL_TYPE_UNKNOWN, buttonState=0, metaState=0, flags=0x80000000, edgeFlags=0x0, pointerCount=1, historySize=0, eventTime=299776, downTime=299775, deviceId=0, source=0x1002 }
D/InputEventConsistencyVerifier(  417):   5: sent at 299622000000, MotionEvent { action=ACTION_DOWN, id[0]=0, x[0]=421.0, y[0]=290.0, toolType[0]=TOOL_TYPE_UNKNOWN, buttonState=0, metaState=0, flags=0x0, edgeFlags=0x0, pointerCount=1, historySize=0, eventTime=299622, downTime=299622, deviceId=0, source=0x1002 }
I/Choreographer(  994): Skipped 109 frames!  The application may be doing too much work on its main thread.
W/dalvikvm(  417): DroidBox: { "FdAccess": { "path": "2f70726f632f6d656d696e666f", "id": "1613027641" } }
W/DroidBox(  417): DroidBox: { "FileRW": { "operation": "read", "data": "4d656d546f74616c3a202020202020202020373438393634206b420a4d656d467265653a20202020202020202020343435343030206b420a427566666572733a20202020202020202020202035353238206b420a4361636865643a202020202020202020", "id": "1613027641" } }
D/InputEventConsistencyVerifier(  417): KeyEvent: ACTION_UP but key was not down.
D/InputEventConsistencyVerifier(  417):   in com.android.systemui.statusbar.phone.StatusBarWindowView@b3df61d8
D/InputEventConsistencyVerifier(  417):   0: sent at 301863000000, KeyEvent { action=ACTION_UP, keyCode=KEYCODE_DPAD_CENTER, scanCode=0, metaState=0, flags=0x8, repeatCount=0, eventTime=301863, downTime=301863, deviceId=-1, source=0x101 }
D/InputEventConsistencyVerifier(  417):   -- recent events --
D/InputEventConsistencyVerifier(  417):   1: sent at 301711000000, MotionEvent { action=ACTION_UP, id[0]=0, x[0]=81.0, y[0]=10.0, toolType[0]=TOOL_TYPE_UNKNOWN, buttonState=0, metaState=0, flags=0x0, edgeFlags=0x0, pointerCount=1, historySize=0, eventTime=301711, downTime=301703, deviceId=0, source=0x1002 }
D/InputEventConsistencyVerifier(  417):   2: sent at 301703000000, MotionEvent { action=ACTION_DOWN, id[0]=0, x[0]=72.0, y[0]=27.0, toolType[0]=TOOL_TYPE_UNKNOWN, buttonState=0, metaState=0, flags=0x0, edgeFlags=0x0, pointerCount=1, historySize=0, eventTime=301703, downTime=301703, deviceId=0, source=0x1002 }
D/InputEventConsistencyVerifier(  417):   3: sent at 300179000000, (unhandled) MotionEvent { action=ACTION_MOVE, id[0]=0, x[0]=1.0, y[0]=1.0, toolType[0]=TOOL_TYPE_UNKNOWN, buttonState=0, metaState=0, flags=0x0, edgeFlags=0x0, pointerCount=1, historySize=9, eventTime=300179, downTime=-1, deviceId=0, source=0x10004 }
D/InputEventConsistency