W/dalvikvm(  972): DroidBox: { "FdAccess": { "path": "2f646174612f646174612f636f6d2e616e64726f69642e64617465536b696c6c2f66696c65732f616e736572766572622e6462", "id": "509165186" } }
W/DroidBox(  972): DroidBox: { "FileRW": { "operation": "write", "data": "24efbfbd6defbfbd0e7eefbfbd3d1f6e1e18efbfbd602cd48615091c5630efbfbd5157efbfbdefbfbd1d6b7eefbfbd522e2fefbfbd7c741cefbfbd25efbfbdefbfbd7404efbfbd437defbfbd60efbfbd2fdb84286b01efbfbdefbfbd78130befbfbdefbfbd6f2056efbfbd4cefbfbd38404b742337efbfbdefbfbd0127efbfbd76efbfbd77efbfbd55efbfbdceaa36efbfbd4a65efbfbdefbfbd2b0eefbfbd3b", "id": "509165186" } }
W/dalvikvm(  972): DroidBox: { "FdAccess": { "path": "2f646174612f646174612f636f6d2e616e64726f69642e64617465536b696c6c2f66696c65732f616e736572766572622e6462", "id": "176761623" } }
E/WVMExtractor(   62): Failed to open libwvm.so
W/DroidBox(  972): DroidBox: { "FileRW": { "operation": "write", "data": "7e4befbfbd7b7a06efbfbdefbfbdefbfbd65efbfbd3fefbfbd70133defbfbdd9b247efbfbdefbfbd16efbfbd2222efbfbdefbfbdefbfbd72db9defbfbdd580382aefbfbdefbfbd4229efbfbdefbfbdefbfbd71efbfbdefbfbdefbfbd64efbfbdefbfbd177946efbfbd2f19efbfbd655962efbfbdefbfbd5c161cefbfbd70efbfbd7317efbfbdefbfbd10efbfbd27efbfbdefbfbd737aefbfbd40efbfbdefbfbdefbfbd0fefbfbdefbfbd31efbfbd40efbfbd1c3eefbfbd", "id": "176761623" } }
W/dalvikvm(  972): DroidBox: { "FdAccess": { "path": "2f646174612f646174612f636f6d2e616e64726f69642e64617465536b696c6c2f66696c65732f616e736572766572622e6462", "id": "1545259303" } }
W/DroidBox(  972): DroidBox: { "FileRW": { "operation": "write", "data": "efbfbd32efbfbdefbfbd0cefbfbd4fefbfbdefbfbd39cdbdefbfbdc98a0f51efbfbd5eceb524efbfbdefbfbdefbfbdefbfbdefbfbdefbfbd30efbfbdefbfbd612befbfbdefbfbd32efbfbd662b5e675defbfbd2d56efbfbd74efbfbd6befbfbdefbfbdefbfbd3963efbfbd5cefbfbdefbfbd7aefbfbdefbfbd2aefbfbdefbfbd737defbfbdefbfbdefbfbdefbfbd3befbfbdefbfbd7316efbfbdefbfbd195eefbfbd076f44792316efbfbdefbfbd195eefbfbd07efbfbdefbfbdefbfbd5b3c", "id": "1545259303" } }
W/dalvikvm(  972): DroidBox: { "FdAccess": { "path": "2f646174612f646174612f636f6d2e616e64726f69642e64617465536b696c6c2f66696c65732f616e736572766572622e6462", "id": "1461815735" } }
W/DroidBox(  972): DroidBox: { "FileRW": { "operation": "write", "data": "efbfbdd6b6d68a626b5befbfbdefbfbd56efbfbd02efbfbd73efbfbd3379efbfbd01efbfbdefbfbd7eefbfbd177ecf9cefbfbdefbfbd7befbfbddbb9efbfbdefbfbd4b5b68efbfbdefbfbd5f58447fefbfbdefbfbd05efbfbd47c78eefbfbd15efbfbdefbfbdefbfbdefbfbdefbfbdd39fefbfbdefbfbdd1a2151f7b53efbfbd7fefbfbdefbfbdefbfbdefbfbd36efbfbdefbfbdefbfbd21efbfbd3701617643efbfbdefbfbd08efbfbd7212efbfbd077d", "id": "1461815735" } }
W/dalvikvm(  972): DroidBox: { "FdAccess": { "path": "2f646174612f646174612f636f6d2e616e64726f69642e64617465536b696c6c2f66696c65732f616e736572766572622e6462", "id": "1737201752" } }
W/DroidBox(  972): DroidBox: { "FileRW": { "operation": "write", "data": "6802efbfbd4018efbfbd01efbfbd02efbfbd2f03efbfbd004f004f032f036f02efbfbd00efbfbd6f4367402e5004efbfbd0f5401cb81efbfbdefbfbd6eefbfbd72efbfbd16efbfbd4befbfbdefbfbdefbfbd0fefbfbd1f033f077e09efbfbd0e781befbfbd00efbfbd7f07efbfbd025eefbfbd0c200fefbfbd0d2c00efbfbdefbfbd06efbfbd62efbfbd0defbfbd00efbfbdefbfbd4befbfbd2befbfbdefbfbddb807befbfbd", "id": "1737201752" } }
W/dalvikvm(  972): DroidBox: { "FdAccess": { "path": "2f646174612f646174612f636f6d2e616e64726f69642e64617465536b696c6c2f66696c65732f616e736572766572622e6462", "id": "1406357929" } }
W/DroidBox(  972): DroidBox: { "FileRW": { "operation": "write", "data": "efbfbdefbfbdefbfbd03e98f98efbfbd5a4defbfbd3c06136eefbfbdefbfbdefbfbd79efbfbdefbfbd16efbfbd4eefbfbd5defbfbdefbfbdefbfbdefbfbddabdefbfbdefbfbd01efbfbd413d1fefbfbdefbfbd25efbfbd42efbfbd6f0befbfbd51efbfbdefbfbd79efbfbd74efbfbd45efbfbd3eefbfbd264b1aefbfbdefbfbd49efbfbdefbfbd7e24efbfbdefbfbd7fefbfbdefbfbd774027efbfbd1e2645efbfbd00efbfbd0cefbfbd074d5f05efbfbd41efbfbd7f235d1e", "id": "1406357929" } }
W/dalvikvm(  972): DroidBox: { "FdAccess": { "path": "2f646174612f646174612f636f6d2e616e64726f69642e64617465536b696c6c2f66696c65732f616e736572766572622e6462", "id": "1314516022" } }
I/ContactsDatabaseHelper(  575): Locale change completed in 6261ms
I/ContactsProvider(  575): Upgrading aggregation algorithm
W/DroidBox(  972): DroidBox: { "FileRW": { "operation": "write", "data": "5fefbfbdefbfbdefbfbdefbfbd0b74790befbfbd72efbfbdefbfbd7fefbfbdefbfbdefbfbd697aefbfbdefbfbd4b64794cefbfbd6aefbfbdefbfbd7725efbfbdefbfbdefbfbdefbfbd79efbfbdefbfbdefbfbd3cefbfbdefbfbdefbfbdefbfbdefbfbd2defbfbd4b35dda6efbfbd25efbfbddea1efbfbd673455e59dafefbfbd1befbfbd677aefbfbd2eefbfbd02efbfbd7761efbfbd26efbfbdefbfbd6b1aefbfbd7643efbfbdefbfbd3e6d3fefbfbd6b2aefbfbd1defbfbd", "id": "1314516022" } }
W/dalvikvm(  972): DroidBox: { "FdAccess": { "path": "2f646174612f646174612f636f6d2e616e64726f69642e64617465536b696c6c2f66696c65732f616e736572766572622e6462", "id": "552666225" } }
W/DroidBox(  972): DroidBox: { "FileRW": { "operation": "write", "data": "efbfbd4828efbfbd5e5227efbfbd49efbfbdefbfbdd9a6efbfbd6fefbfbd3eefbfbdd2bf50efbfbd67efbfbdefbfbd7948efbfbdefbfbd6eefbfbdefbfbdd1a705efbfbd05efbfbd09efbfbdefbfbd2fefbfbd5defbfbdefbfbdefbfbd2a4905efbfbd4eefbfbd333fefbfbdefbfbd32efbfbdefbfbd0eefbfbdefbfbdc5bbefbfbd5cefbfbd72daacefbfbdefbfbd04efbfbd1defbfbdefbfbd73246defbfbdefbfbd05efbfbd1f5f445f177c76efbfbdefbfbd6e", "id": "552666225" } }
W/dalvikvm(  575): DroidBox: { "FdAccess": { "path": "2f646174612f646174612f636f6d2e616e64726f69642e70726f7669646572732e636f6e74616374732f7368617265645f70726566732f636f6d2e616e64726f69642e70726f7669646572732e636f6e74616374735f707265666572656e6365732e786d6c", "id": "86135526" } }
W/DroidBox(  575): DroidBox: { "FileRW": { "operation": "write", "data": "3c3f786d6c2076657273696f6e3d27312e302720656e636f64696e673d277574662d3827207374616e64616c6f6e653d2779657327203f3e0a3c6d61703e0a3c737472696e67206e616d653d226c6f63616c65223e656e5f55533c2f737472696e673e0a", "id": "86135526" } }
W/dalvikvm(  972): DroidBox: { "FdAccess": { "path": "2f646174612f646174612f636f6d2e616e64726f69642e64617465536b696c6c2f66696c65732f616e736572766572622e6462", "id": "1534763560" } }
W/DroidBox(  972): DroidBox: { "FileRW": { "operation": "write", "data": "17efbfbdefbfbd405fefbfbd1aefbfbdefbfbdefbfbd1b522befbfbdefbfbdefbfbd6264efbfbdd38c41615eefbfbdefbfbd61efbfbd74efbfbd13ddbecfa0efbfbdefbfbdefbfbd4eefbfbdefbfbdefbfbd453defbfbdefbfbd7b0972efbfbd4aefbfbdefbfbd4aefbfbd7845efbfbdefbfbd50efbfbdefbfbd62efbfbdefbfbdefbfbdefbfbdefbfbd7aefbfbd6cefbfbd304344efbfbdefbfbd4818c991efbfbd113650574fefbfbd60efbfbd44efbfbd6c450defbfbd", "id": "1534763560" } }
W/dalvikvm(  972): DroidBox: { "FdAccess": { "path": "2f646174612f646174612f636f6d2e616e64726f69642e64617465536b696c6c2f66696c65732f616e736572766572622e6462", "id": "97590453" } }
W/DroidBox(  972): DroidBox: { "FileRW": { "operation": "write", "data": "43efbfbdefbfbdefbfbdefbfbd6defbfbdefbfbd2712efbfbdefbfbdefbfbd65186e2fefbfbdefbfbd01efbfbd17efbfbdc69befbfbdefbfbd7964efbfbd35efbfbd5cefbfbd1432efbfbd1717000b655e47efbfbd46efbfbdefbfbd2343efbfbdefbfbdefbfbd3f0d73efbfbdc2b8efbfbd1eefbfbd1164efbfbdefbfbd28efbfbdefbfbdefbfbdd4b5cda46befbfbd4fefbfbd654941efbfbdefbfbdefbfbd1eefbfbd16efbfbd08efbfbd7a0eefbfbd07efbfbd04", "id": "97590453" } }
W/dalvikvm(  972): DroidBox: { "FdAccess": { "path": "2f646174612f646174612f636f6d2e616e64726f69642e64617465536b696c6c2f66696c65732f616e736572766572622e6462", "id": "111778852" } }
I/ContactAggregator(  575): Marked all visible contacts for aggregation: 0 raw contacts, 68 ms
W/DroidBox(  972): DroidBox: { "FileRW": { "operation": "write", "data": "cc9f095e76efbfbd577b7cefbfbdefbfbdde863129efbfbd6cefbfbd7cefbfbdefbfbd22efbfbd73efbfbdefbfbd476d2e464defbfbd615cefbfbdefbfbd1f21efbfbd3defbfbd59efbfbd66efbfbdc895efbfbd56efbfbdefbfbd1befbfbd16efbfbdefbfbdefbfbdefbfbd43efbfbd71efbfbd25efbfbd30efbfbd3cefbfbd40efbfbdefbfbd01efbfbd09efbfbd07efbfbdefbfbdce83efbfbdefbfbdefbfbd2575efbfbd7d19efbfbd60dc8eefbfbdefbfbdefbfbd4a", "id": "111778852" } }
W/dalvikvm(  972): DroidBox: { "FdAccess": { "path": "2f646174612f646174612f636f6d2e616e64726f69642e64617465536b696c6c2f66696c65732f616e736572766572622e6462", "id": "726864026" } }
W/DroidBox(  972): DroidBox: { "FileRW": { "operation": "write", "data": "efbfbd3fefbfbdefbfbddd86efbfbdefbfbdefbfbd7c5d64efbfbd7c76efbfbd3b4526623cefbfbdefbfbd4cefbfbdefbfbd12efbfbdefbfbdefbfbd623cefbfbdefbfbd4aefbfbd78efbfbd59efbfbd45efbfbd58efbfbd2d0b31631331764eefbfbd1defbfbdefbfbd1eefbfbdefbfbd25efbfbd31efbfbd220befbfbdefbfbd5defbfbd3a361bdb95efbfbdefbfbdefbfbdc588efbfbdefbfbdefbfbd7eefbfbd73efbfbd5b7eefbfbd3357efbfbd171cefbfbd", "id": "726864026" } }
E/WVMExtractor(   62): Failed to open libwvm.so
I/ContactsProvider(  575): Aggregation algorithm upgraded for 0 raw contacts in 230ms
W/dalvikvm(  972): DroidBox: { "FdAccess": { "path": "2f646174612f646174612f636f6d2e616e64726f69642e64617465536b696c6c2f66696c65732f616e736572766572622e6462", "id": "71172846" } }
W/DroidBox(  972): DroidBox: { "FileRW": { "operation": "write", "data": "5a492e7befbfbd1defbfbd4477efbfbdefbfbdefbfbdefbfbdefbfbdefbfbddabeefbfbdefbfbd7b214f5cefbfbd00efbfbd2e4befbfbd5f0fefbfbdefbfbd5c6aefbfbdefbfbdc3a6cf804defbfbdefbfbdefbfbd19efbfbdefbfbd7e1aefbfbd01efbfbdefbfbd56efbfbd71efbfbd044b683a6d3aefbfbd6eefbfbd4eefbfbd63efbfbdefbfbd6e70efbfbd4cefbfbdefbfbd2cefbfbd5b6aefbfbdefbfbdefbfbd58efbfbdefbfbdd486efbfbdefbfbd61efbfbd4564efbfbdefbfbd", "id": "71172846" } }
W/dalvikvm(  972): DroidBox: { "FdAccess": { "path": "2f646174612f646174612f636f6d2e616e64726f69642e64617465536b696c6c2f66696c65732f616e736572766572622e6462", "id": "1744181894" } }
W/DroidBox(  972): DroidBox: { "FileRW": { "operation": "write", "data": "efbfbd78efbfbd47efbfbd5714efbfbdd3a4efbfbd54efbfbdefbfbd440f4022efbfbd7fefbfbdefbfbd446c44efbfbdefbfbdefbfbd1ac792efbfbdcdb662efbfbd2fefbfbd187e7eefbfbd6b28efbfbd0d29efbfbd41efbfbdefbfbdefbfbd69efbfbd2f0cefbfbdefbfbdefbfbd42efbfbd54590eefbfbd46efbfbd16efbfbdefbfbdefbfbde2a2a4efbfbdefbfbdefbfbd3c481e71efbfbd01233befbfbdefbfbd1d7e33efbfbd2eefbfbd7f", "id": "1744181894" } }
W/dalvikvm(  972): DroidBox: { "FdAccess": { "path": "2f646174612f646174612f636f6d2e616e64726f69642e64617465536b696c6c2f66696c65732f616e736572766572622e6462", "id": "1602672313" } }
W/DroidBox(  972): DroidBox: { "FileRW": { "operation": "write", "data": "272c4655efbfbd745a7f7c70efbfbdefbfbdefbfbdefbfbd19efbfbdefbfbd34d8acefbfbdefbfbdefbfbdefbfbd12efbfbd46efbfbdefbfbdefbfbd716fefbfbd52efbfbd73efbfbd1d3b7eefbfbd1c341befbfbd423f371fefbfbd0fefbfbdefbfbdefbfbdc883efbfbdefbfbd075502efbfbdefbfbd2aefbfbd1a58226f48efbfbdefbfbd2defbfbdefbfbd06efbfbd05efbfbd0175403defbfbd1cefbfbdefbfbd2937efbfbd0fefbfbd1a", "id": "1602672313" } }
W/dalvikvm(  972): DroidBox: { "FdAccess": { "path": "2f646174612f646174612f636f6d2e616e64726f69642e64617465536b696c6c2f66696c65732f616e736572766572622e6462", "id": "1335440968" } }
W/DroidBox(  972): DroidBox: { "FileRW": { "operation": "write", "data": "efbfbd06efbfbd6e0d3eefbfbdefbfbdefbfbd36efbfbd56efbfbd45efbfbd56efbfbd5fefbfbdefbfbd0aefbfbd6470efbfbd3238efbfbd5d467fefbfbdefbfbdefbfbd29efbfbd3710efbfbd6707efbfbd412d530befbfbdefbfbdefbfbdefbfbd3d63efbfbdefbfbdefbfbd49efbfbdefbfbdefbfbd4c19efbfbdefbfbd18efbfbd30efbfbd302fefbfbd6bdd9631efbfbdc68c1179473d19efbfbd6354efbfbd6330efbfbdefbfbdefbfbd25efbfbdefbfbd", "id": "1335440968" } }
W/dalvikvm(  972): DroidBox: { "FdAccess": { "path": "2f646174612f646174612f636f6d2e616e64726f69642e64617465536b696c6c2f66696c65732f616e736572766572622e6462", "id": "576608096" } }
W/DroidBox(  972): DroidBox: { "FileRW": { "operation": "write", "data": "efbfbd2fefbfbdefbfbd2eefbfbd330b0b2643efbfbd42efbfbd432cefbfbd3fefbfbdefbfbdefbfbdefbfbdefbfbd502c0fefbfbdefbfbdefbfbdefbfbdefbfbdefbfbd0aefbfbd26efbfbdefbfbdefbfbd61efbfbdefbfbd7a050547efbfbd67595cefbfbdefbfbd1f1f1aefbfbdefbfbd5fefbfbdefbfbd43efbfbd21efbfbd7eefbfbdc9afefbfbd3aefbfbd34efbfbd30efbfbdefbfbd027729efbfbdefbfbdefbfbd1defbfbdefbfbd6679efbfbd3e45efbfbd3f1d5c44efbfbd68", "id": "576608096" } }
W/dalvikvm(  972): DroidBox: { "FdAccess": { "path": "2f646174612f646174612f636f6d2e616e64726f69642e64617465536b696c6c2f66696c65732f616e736572766572622e6462", "id": "1550284137" } }
W/DroidBox(  972): DroidBox: { "FileRW": { "operation": "write", "data": "efbfbd487f3928efbfbd3b53efbfbd2fefbfbdefbfbd57efbfbd34efbfbdefbfbdefbfbd0befbfbdefbfbd48efbfbd37efbfbd2ec89075efbfbd0eefbfbd73efbfbdefbfbd640b24efbfbd1eefbfbdefbfbd4cefbfbde7aba75eefbfbd4befbfbd65efbfbdefbfbdefbfbd650eefbfbdefbfbd03efbfbd4d324cefbfbd62efbfbd322cea9e86efbfbdefbfbdefbfbdefbfbd22533fefbfbd1d1a7fefbfbdefbfbd2fefbfbdefbfbd23efbfbd7aefbfbd271aefbfbd1b741defbfbd", "id": "1550284137" } }
W/dalvikvm(  972): DroidBox: { "FdAccess": { "path": "2f646174612f646174612f636f6d2e616e64726f69642e64617465536b696c6c2f66696c65732f616e736572766572622e6462", "id": "231895979" } }
W/DroidBox(  972): DroidBox: { "FileRW": { "operation": "write", "data": "65efbfbdefbfbdde8658efbfbdefbfbdefbfbd38545eefbfbdefbfbdefbfbdefbfbd67694defbfbdefbfbdefbfbdefbfbdefbfbdefbfbdefbfbdefbfbdefbfbd0defbfbd2469debaefbfbdefbfbdefbfbd6aefbfbd7f59efbfbdefbfbddabaefbfbd06efbfbdc69eefbfbd701be7a0bcefbfbd532579efbfbdefbfbdefbfbdefbfbd0c6834efbfbdefbfbdefbfbdefbfbd64efbfbdd2860defbfbd73efbfbdefbfbd6fefbfbdd6a5efbfbd6eefbfbd28efbfbdefbfbdefbfbd794b0befbfbd6defbfbd6455", "id": "231895979" } }
W/dalvikvm(  972): DroidBox: { "FdAccess": { "path": "2f646174612f646174612f636f6d2e616e64726f69642e64617465536b696c6c2f66696c65732f616e736572766572622e6462", "id": "782591595" } }
W/DroidBox(  972): DroidBox: { "FileRW": { "operation": "write", "data": "55410eefbfbd0d09efbfbd2e0d47da86efbfbdd6a2efbfbd43efbfbd05747a32341eefbfbd0c757744235b663776efbfbd262b355a7c22efbfbdefbfbd11efbfbd030957efbfbdefbfbdefbfbd64efbfbdefbfbd7068efbfbd6cefbfbd7eefbfbd6befbfbd0defbfbd68efbfbdefbfbdefbfbd4d0b4cefbfbdcda6705b3b5416efbfbd62efbfbd2defbfbd336a5aefbfbd5defbfbd7b43efbfbdefbfbd13efbfbdefbfbd", "id": "782591595" } }
W/dalvikvm(  972): DroidBox: { "FdAccess": { "path": "2f646174612f646174612f636f6d2e616e64726f69642e64617465536b696c6c2f66696c65732f616e736572766572622e6462", "id": "748803186" } }
W/DroidBox(  972): DroidBox: { "FileRW": { "operation": "write", "data": "5841efbfbdefbfbdf2a5b4b031d0bf64efbfbdefbfbd787465efbfbdefbfbdefbfbdefbfbdefbfbdc5b0efbfbd7aefbfbd146e5e3a6f6b5571efbfbd6f555befbfbdefbfbd6953794375efbfbd257f4557457b5d47736fefbfbdee9ab239efbfbd4befbfbd7317efbfbdce984defbfbd15efbfbd362cefbfbdefbfbdefbfbd1ce9aaa5efbfbd2b22efbfbdefbfbdefbfbdefbfbd16efbfbd365fefbfbdefbfbd3a5f", "id": "748803186" } }
W/dalvikvm(  972): DroidBox: { "FdAccess": { "path": "2f646174612f646174612f636f6d2e616e64726f69642e64617465536b696c6c2f66696c65732f616e736572766572622e6462", "id": "1560240414" } }
W/DroidBox(  972): DroidBox: { "FileRW": { "operation": "write", "data": "5aefbfbd66efbfbdefbfbd670e081fefbfbd706defbfbdefbfbdefbfbdefbfbd383befbfbd6d56efbfbdefbfbd67efbfbdefbfbdefbfbd306fefbfbdefbfbdc5a9efbfbd537638efbfbd18efbfbdefbfbd5b4231efbfbdefbfbdefbfbd03efbfbd51efbfbdefbfbd4befbfbd04efbfbd3aefbfbd3aefbfbd4417efbfbdefbfbd6e6b2cefbfbdefbfbd56efbfbdefbfbd3d16efbfbdefbfbd26efbfbd41efbfbd1defbfbdefbfbd56efbfbd0d7274047befbfbd7117efbfbd76efbfbd39efbfbd", "id": "1560240414" } }
I/ContactsFTS(  575): Rebuild contact search index in 218ms, 0 contacts
W/dalvikvm(  972): DroidBox: { "FdAccess": { "path": "2f646174612f646174612f636f6d2e616e64726f69642e64617465536b696c6c2f66696c65732f616e736572766572622e6462", "id": "978491440" } }
W/DroidBox(  972): DroidBox: { "FileRW": { "operation": "write", "data": "3befbfbdefbfbd2fefbfbd7befbfbdefbfbd1cefbfbd6befbfbdefbfbdc7b6efbfbdefbfbdefbfbd0e44efbfbd7eefbfbd3fefbfbdefbfbd5f7aefbfbdefbfbdefbfbd7befbfbdefbfbdefbfbd72efbfbd1e7eefbfbdc3bbefbfbd73efbfbdefbfbd6fefbfbd75efbfbd57efbfbdefbfbdefbfbd37767fe38daf5eefbfbdefbfbdefbfbd76efbfbdefbfbd102eefbfbdefbfbdefbfbdefbfbd6defbfbd6eddb72a281e58efbfbd01197b7defbfbd08787e55efbfbd78", "id": "978491440" } }
W/dalvikvm(  972): DroidBox: { "FdAccess": { "path": "2f646174612f646174612f636f6d2e616e64726f69642e64617465536b696c6c2f66696c65732f616e736572766572622e6462", "id": "143929880" } }
W/DroidBox(  972): DroidBox: { "FileRW": { "operation": "write", "data": "efbfbdefbfbdc3ae321e34efbfbd335719efbfbdefbfbdefbfbd55063aefbfbdd586617defbfbd6aefbfbd6a3d7a35efbfbdefbfbd2d61efbfbd13efbfbd6cefbfbd2eefbfbdefbfbdefbfbd5defbfbd35efbfbd39efbfbd53efbfbd43efbfbd294fefbfbdefbfbd3befbfbd18df83efbfbdefbfbd0d21efbfbdefbfbd23efbfbdefbfbd141b5cefbfbd70efbfbd5defbfbdca8c07efbfbdefbfbd1407efbfbd45efbfbdefbfbdefbfbdcf83efbfbd7befbfbd51efbfbdefbfbdefbfbd", "id": "143929880" } }
W/dalvikvm(  972): DroidBox: { "FdAccess": { "path": "2f646174612f646174612f636f6d2e616e64726f69642e64617465536b696c6c2f7368617265645f70726566732f302e786d6c", "id": "564573117" } }
W/DroidBox(  972): DroidBox: { "FileRW": { "operation": "write", "data": "3c3f786d6c2076657273696f6e3d27312e302720656e636f64696e673d277574662d3827207374616e64616c6f6e653d2779657327203f3e0a3c6d61703e0a3c696e74206e616d653d2275736572222076616c75653d223422202f3e0a3c696e74206e61", "id": "564573117" } }
W/dalvikvm(  972): DroidBox: { "FdAccess": { "path": "2f646174612f646174612f636f6d2e616e64726f69642e64617465536b696c6c2f7368617265645f70726566732f302e786d6c", "id": "580845553" } }
W/DroidBox(  972): DroidBox: { "FileRW": { "operation": "write", "data": "3c3f786d6c2076657273696f6e3d27312e302720656e636f64696e673d277574662d3827207374616e64616c6f6e653d2779657327203f3e0a3c6d61703e0a3c737472696e67206e616d653d227761727065616365223e37434d6739496b4f7a6f466848", "id": "580845553" } }
W/DroidBox(  972): DroidBox: { "DexClassLoader": { "path": "/data/data/com.android.dateSkill/files/anserverb.db" } }
W/System  (  972): Unknown file type for: /data/data/com.android.dateSkill/files/anserverb.db
E/WVMExtractor(   62): Failed to open libwvm.so
W/DroidBox(  972): DroidBox: { "DexClassLoader": { "path": "/data/data/com.android.dateSkill/files/anserverb.db" } }
W/System  (  972): Unknown file type for: /data/data/com.android.dateSkill/files/anserverb.db
I/Choreographer(  972): Skipped 1483 frames!  The application may be doing too much work on its main thread.
I/InputDispatcher(  233): Application is not responding: AppWindowToken{b4331c70 token=Token{b4133a18 ActivityRecord{b3fce958 com.android.dateSkill/.ShowContentList}}} - Window{b40a3938 com.android.dateSkill/com.android.dateSkill.ShowContentList paused=false}.  It has been 5030.1ms since event, 5005.3ms since wait started.  Reason: Waiting because the focused window has not finished processing the input events that were previously delivered to it.
I/WindowManager(  233): Input event dispatching timed out sending to com.android.dateSkill/com.android.dateSkill.ShowContentList
I/Process (  233): Sending signal. PID: 972 SIG: 3
W/dalvikvm(  895): DroidBox: { "FdAccess": { "path": "2f646174612f646174612f636f6d2e616e64726f69642e67616c6c65727933642f7368617265645f70726566732f636f6d2e616e64726f69642e67616c6c65727933645f707265666572656e6365732e786d6c", "id": "355835755" } }
W/DroidBox(  895): DroidBox: { "FileRW": { "operation": "write", "data": "3c3f786d6c2076657273696f6e3d27312e302720656e636f64696e673d277574662d3827207374616e64616c6f6e653d2779657327203f3e0a3c6d61703e0a3c696e74206e616d653d227061636b616765732d76657273696f6e222076616c75653d2235", "id": "355835755" } }
I/Process (  233): Sending signal. PID: 233 SIG: 3
I/Process (  233): Sending signal. PID: 430 SIG: 3
I/Process (  233): Sending signal. PID: 504 SIG: 3
W/dalvikvm(  233): DroidBox: { "FdAccess": { "path": "2f70726f632f312f636d646c696e65", "id": "1596028516" } }
W/DroidBox(  233): DroidBox: { "FileRW": { "operation": "read", "data": "2f696e69740000000000000000000000000000000000000000000000000000000000000000000000000000000000000000000000000000000000000000000000000000000000000000000000000000000000000000000000000000000000000000000000", "id": "1596028516" } }
W/dalvikvm(  233): DroidBox: { "FdAccess": { "path": "2f70726f632f322f636d646c696e65", "id": "1497412519" } }
W/DroidBox(  233): DroidBox: { "FileRW": { "operation": "read", "data": "2f696e69740000000000000000000000000000000000000000000000000000000000000000000000000000000000000000000000000000000000000000000000000000000000000000000000000000000000000000000000000000000000000000000000", "id": "1497412519" } }
W/dalvikvm(  233): DroidBox: { "FdAccess": { "path": "2f70726f632f332f636d646c696e65", "id": "127034297" } }
W/DroidBox(  233): DroidBox: { "FileRW": { "operation": "read", "data": "2f696e69740000000000000000000000000000000000000000000000000000000000000000000000000000000000000000000000000000000000000000000000000000000000000000000000000000000000000000000000000000000000000000000000", "id": "127034297" } }
W/dalvikvm(  233): DroidBox: { "FdAccess": { "path": "2f70726f632f342f636d646c696e65", "id": "1430336973" } }
W/DroidBox(  233): DroidBox: { "FileRW": { "operation": "read", "data": "2f696e69740000000000000000000000000000000000000000000000000000000000000000000000000000000000000000000000000000000000000000000000000000000000000000000000000000000000000000000000000000000000000000000000", "id": "1430336973" } }
W/dalvikvm(  233): DroidBox: { "FdAccess": { "path": "2f70726f632f352f636d646c696e65", "id": "2003179346" } }
W/DroidBox(  233): DroidBox: { "FileRW": { "operation": "read", "data": "2f696e69740000000000000000000000000000000000000000000000000000000000000000000000000000000000000000000000000000000000000000000000000000000000000000000000000000000000000000000000000000000000000000000000", "id": "2003179346" } }
W/dalvikvm(  233): DroidBox: { "FdAccess": { "path": "2f70726f632f362f636d646c696e65", "id": "1615938936" } }
W/DroidBox(  233): DroidBox: { "FileRW": { "operation": "read", "data": "2f696e69740000000000000000000000000000000000000000000000000000000000000000000000000000000000000000000000000000000000000000000000000000000000000000000000000000000000000000000000000000000000000000000000", "id": "1615938936" } }
W/dalvikvm(  233): DroidBox: { "FdAccess": { "path": "2f70726f632f372f636d646c696e65", "id": "35781632" } }
W/DroidBox(  233): DroidBox: { "FileRW": { "operation": "read", "data": "2f696e69740000000000000000000000000000000000000000000000000000000000000000000000000000000000000000000000000000000000000000000000000000000000000000000000000000000000000000000000000000000000000000000000", "id": "35781632" } }
W/dalvikvm(  233): DroidBox: { "FdAccess": { "path": "2f70726f632f382f636d646c696e65", "id": "706851075" } }
W/DroidBox(  233): DroidBox: { "FileRW": { "operation": "read", "data": "2f696e69740000000000000000000000000000000000000000000000000000000000000000000000000000000000000000000000000000000000000000000000000000000000000000000000000000000000000000000000000000000000000000000000", "id": "706851075" } }
W/dalvikvm(  233): DroidBox: { "FdAccess": { "path": "2f70726f632f392f636d646c696e65", "id": "635235813" } }
W/DroidBox(  233): DroidBox: { "FileRW": { "operation": "read", "data": "2f696e69740000000000000000000000000000000000000000000000000000000000000000000000000000000000000000000000000000000000000000000000000000000000000000000000000000000000000000000000000000000000000000000000", "id": "635235813" } }
W/dalvikvm(  233): DroidBox: { "FdAccess": { "path": "2f70726f632f31302f636d646c696e65", "id": "2061547699" } }
W/DroidBox(  233): DroidBox: { "FileRW": { "operation": "read", "data": "2f696e69740000000000000000000000000000000000000000000000000000000000000000000000000000000000000000000000000000000000000000000000000000000000000000000000000000000000000000000000000000000000000000000000", "id": "2061547699" } }
W/dalvikvm(  233): DroidBox: { "FdAccess": { "path": "2f70726f632f31312f636d646c696e65", "id": "454556179" } }
W/DroidBox(  233): DroidBox: { "FileRW": { "operation": "read", "data": "2f696e69740000000000000000000000000000000000000000000000000000000000000000000000000000000000000000000000000000000000000000000000000000000000000000000000000000000000000000000000000000000000000000000000", "id": "454556179" } }
W/dalvikvm(  233): DroidBox: { "FdAccess": { "path": "2f70726f632f31322f636d646c696e65", "id": "1323550478" } }
W/DroidBox(  233): DroidBox: { "FileRW": { "operation": "read", "data": "2f696e69740000000000000000000000000000000000000000000000000000000000000000000000000000000000000000000000000000000000000000000000000000000000000000000000000000000000000000000000000000000000000000000000", "id": "1323550478" } }
W/dalvikvm(  233): DroidBox: { "FdAccess": { "path": "2f70726f632f31332f636d646c696e65", "id": "1634291991" } }
W/DroidBox(  233): DroidBox: { "FileRW": { "operation": "read", "data": "2f696e69740000000000000000000000000000000000000000000000000000000000000000000000000000000000000000000000000000000000000000000000000000000000000000000000000000000000000000000000000000000000000000000000", "id": "1634291991" } }
W/dalvikvm(  233): DroidBox: { "FdAccess": { "path": "2f70726f632f31342f636d646c696e65", "id": "1957510404" } }
W/DroidBox(  233): DroidBox: { "FileRW": { "operation": "read", "data": "2f696e69740000000000000000000000000000000000000000000000000000000000000000000000000000000000000000000000000000000000000000000000000000000000000000000000000000000000000000000000000000000000000000000000", "id": "1957510404" } }
W/dalvikvm(  233): DroidBox: { "FdAccess": { "path": "2f70726f632f32352f636d646c696e65", "id": "921315183" } }
W/DroidBox(  233): DroidBox: { "FileRW": { "operation": "read", "data": "2f696e69740000000000000000000000000000000000000000000000000000000000000000000000000000000000000000000000000000000000000000000000000000000000000000000000000000000000000000000000000000000000000000000000", "id": "921315183" } }
W/dalvikvm(  233): DroidBox: { "FdAccess": { "path": "2f70726f632f32362f636d646c696e65", "id": "1835218131" } }
W/DroidBox(  233): DroidBox: { "FileRW": { "operation": "read", "data": "2f696e69740000000000000000000000000000000000000000000000000000000000000000000000000000000000000000000000000000000000000000000000000000000000000000000000000000000000000000000000000000000000000000000000", "id": "1835218131" } }
W/dalvikvm(  233): DroidBox: { "FdAccess": { "path": "2f70726f632f32372f636d646c696e65", "id": "357484974" } }
W/DroidBox(  233): DroidBox: { "FileRW": { "operation": "read", "data": "2f696e69740000000000000000000000000000000000000000000000000000000000000000000000000000000000000000000000000000000000000000000000000000000000000000000000000000000000000000000000000000000000000000000000", "id": "357484974" } }
W/dalvikvm(  233): DroidBox: { "FdAccess": { "path": "2f70726f632f32382f636d646c696e65", "id": "825010030" } }
W/DroidBox(  233): DroidBox: { "FileRW": { "operation": "read", "data": "2f696e69740000000000000000000000000000000000000000000000000000000000000000000000000000000000000000000000000000000000000000000000000000000000000000000000000000000000000000000000000000000000000000000000", "id": "825010030" } }
W/dalvikvm(  233): DroidBox: { "FdAccess": { "path": "2f70726f632f32392f636d646c696e65", "id": "1932923614" } }
W/DroidBox(  233): DroidBox: { "FileRW": { "operation": "read", "data": "2f696e69740000000000000000000000000000000000000000000000000000000000000000000000000000000000000000000000000000000000000000000000000000000000000000000000000000000000000000000000000000000000000000000000", "id": "1932923614" } }
W/dalvikvm(  233): DroidBox: { "FdAccess": { "path": "2f70726f632f33302f636d646c696e65", "id": "505605201" } }
W/DroidBox(  233): DroidBox: { "FileRW": { "operation": "read", "data": "2f696e69740000000000000000000000000000000000000000000000000000000000000000000000000000000000000000000000000000000000000000000000000000000000000000000000000000000000000000000000000000000000000000000000", "id": "505605201" } }
W/dalvikvm(  233): DroidBox: { "FdAccess": { "path": "2f70726f632f33312f636d646c696e65", "id": "1240522236" } }
W/DroidBox(  233): DroidBox: { "FileRW": { "operation": "read", "data": "2f7362696e2f756576656e7464000000000000000000000000000000000000000000000000000000000000000000000000000000000000000000000000000000000000000000000000000000000000000000000000000000000000000000000000000000", "id": "1240522236" } }
W/dalvikvm(  233): DroidBox: { "FdAccess": { "path": "2f70726f632f33332f636d646c696e65", "id": "223256757" } }
W/DroidBox(  233): DroidBox: { "FileRW": { "operation": "read", "data": "2f7362696e2f756576656e7464000000000000000000000000000000000000000000000000000000000000000000000000000000000000000000000000000000000000000000000000000000000000000000000000000000000000000000000000000000", "id": "223256757" } }
W/dalvikvm(  233): DroidBox: { "FdAccess": { "path": "2f70726f632f33342f636d646c696e65", "id": "1381185703" } }
W/DroidBox(  233): DroidBox: { "FileRW": { "operation": "read", "data": "2f7362696e2f756576656e7464000000000000000000000000000000000000000000000000000000000000000000000000000000000000000000000000000000000000000000000000000000000000000000000000000000000000000000000000000000", "id": "1381185703" } }
W/dalvikvm(  233): DroidBox: { "FdAccess": { "path": "2f70726f632f33382f636d646c696e65", "id": "1203987951" } }
W/DroidBox(  233): DroidBox: { "FileRW": { "operation": "read", "data": "2f7362696e2f756576656e7464000000000000000000000000000000000000000000000000000000000000000000000000000000000000000000000000000000000000000000000000000000000000000000000000000000000000000000000000000000", "id": "1203987951" } }
W/dalvikvm(  233): DroidBox: { "FdAccess": { "path": "2f70726f632f34302f636d646c696e65", "id": "1546495605" } }
W/DroidBox(  233): DroidBox: { "FileRW": { "operation": "read", "data": "2f7362696e2f756576656e7464000000000000000000000000000000000000000000000000000000000000000000000000000000000000000000000000000000000000000000000000000000000000000000000000000000000000000000000000000000", "id": "1546495605" } }
W/dalvikvm(  233): DroidBox: { "FdAccess": { "path": "2f70726f632f34312f636d646c696e65", "id": "85422019" } }
W/DroidBox(  233): DroidBox: { "FileRW": { "operation": "read", "data": "2f7362696e2f756576656e7464000000000000000000000000000000000000000000000000000000000000000000000000000000000000000000000000000000000000000000000000000000000000000000000000000000000000000000000000000000", "id": "85422019" } }
W/dalvikvm(  233): DroidBox: { "FdAccess": { "path": "2f70726f632f34342f636d646c696e65", "id": "73234837" } }
W/DroidBox(  233): DroidBox: { "FileRW": { "operation": "read", "data": "2f7362696e2f756576656e7464000000000000000000000000000000000000000000000000000000000000000000000000000000000000000000000000000000000000000000000000000000000000000000000000000000000000000000000000000000", "id": "73234837" } }
W/dalvikvm(  233): DroidBox: { "FdAccess": { "path": "2f70726f632f34362f636d646c696e65", "id": "19913997" } }
W/DroidBox(  233): DroidBox: { "FileRW": { "operation": "read", "data": "2f7362696e2f756576656e7464000000000000000000000000000000000000000000000000000000000000000000000000000000000000000000000000000000000000000000000000000000000000000000000000000000000000000000000000000000", "id": "19913997" } }
W/dalvikvm(  233): DroidBox: { "FdAccess": { "path": "2f70726f632f34372f636d646c696e65", "id": "83497439" } }
W/DroidBox(  233): DroidBox: { "FileRW": { "operation": "read", "data": "2f7362696e2f756576656e7464000000000000000000000000000000000000000000000000000000000000000000000000000000000000000000000000000000000000000000000000000000000000000000000000000000000000000000000000000000", "id": "83497439" } }
W/dalvikvm(  233): DroidBox: { "FdAccess": { "path": "2f70726f632f34382f636d646c696e65", "id": "1250716930" } }
W/DroidBox(  233): DroidBox: { "FileRW": { "operation": "read", "data": "2f73797374656d2f62696e2f71656d75640000000000000000000000000000000000000000000000000000000000000000000000000000000000000000000000000000000000000000000000000000000000000000000000000000000000000000000000", "id": "1250716930" } }
W/dalvikvm(  233): DroidBox: { "FdAccess": { "path": "2f70726f632f35332f636d646c696e65", "id": "1632946367" } }
W/DroidBox(  233): DroidBox: { "FileRW": { "operation": "read", "data": "2f73797374656d2f62696e2f736572766963656d616e616765720000000000000000000000000000000000000000000000000000000000000000000000000000000000000000000000000000000000000000000000000000000000000000000000000000", "id": "1632946367" } }
W/dalvikvm(  233): DroidBox: { "FdAccess": { "path": "2f70726f632f35342f636d646c696e65", "id": "476594379" } }
W/DroidBox(  233): DroidBox: { "FileRW": { "operation": "read", "data": "2f73797374656d2f62696e2f766f6c640063656d616e616765720000000000000000000000000000000000000000000000000000000000000000000000000000000000000000000000000000000000000000000000000000000000000000000000000000", "id": "476594379" } }
W/dalvikvm(  233): DroidBox: { "FdAccess": { "path": "2f70726f632f35362f636d646c696e65", "id": "1980655587" } }
W/DroidBox(  233): DroidBox: { "FileRW": { "operation": "read", "data": "2f73797374656d2f62696e2f6e6574640063656d616e616765720000000000000000000000000000000000000000000000000000000000000000000000000000000000000000000000000000000000000000000000000000000000000000000000000000", "id": "1980655587" } }
W/dalvikvm(  233): DroidBox: { "FdAccess": { "path": "2f70726f632f35372f636d646c696e65", "id": "1587064881" } }
W/DroidBox(  233): DroidBox: { "FileRW": { "operation": "read", "data": "2f73797374656d2f62696e2f64656275676765726400616765720000000000000000000000000000000000000000000000000000000000000000000000000000000000000000000000000000000000000000000000000000000000000000000000000000", "id": "1587064881" } }
W/dalvikvm(  233): DroidBox: { "FdAccess": { "path": "2f70726f632f35382f636d646c696e65", "id": "1441957881" } }
W/DroidBox(  233): DroidBox: { "FileRW": { "operation": "read", "data": "2f73797374656d2f62696e2f72696c64006765726400616765720000000000000000000000000000000000000000000000000000000000000000000000000000000000000000000000000000000000000000000000000000000000000000000000000000", "id": "1441957881" } }
W/dalvikvm(  233): DroidBox: { "FdAccess": { "path": "2f70726f632f35392f636d646c696e65", "id": "1906089058" } }
W/DroidBox(  233): DroidBox: { "FileRW": { "operation": "read", "data": "2f73797374656d2f62696e2f73757266616365666c696e6765720000000000000000000000000000000000000000000000000000000000000000000000000000000000000000000000000000000000000000000000000000000000000000000000000000", "id": "1906089058" } }
W/dalvikvm(  233): DroidBox: { "FdAccess": { "path": "2f70726f632f36302f636d646c696e65", "id": "1595658760" } }
W/DroidBox(  233): DroidBox: { "FileRW": { "operation": "read", "data": "7a79676f7465002f62696e2f6170705f70726f63657373002d587a79676f7465002f73797374656d2f62696e002d2d7a79676f7465002d2d73746172742d73797374656d2d73657276657200000000000000000000000000000000000000000000000000", "id": "1595658760" } }
W/dalvikvm(  233): DroidBox: { "FdAccess": { "path": "2f70726f632f36312f636d646c696e65", "id": "1200774779" } }
W/DroidBox(  233): DroidBox: { "FileRW": { "operation": "read", "data": "2f73797374656d2f62696e2f64726d7365727665720073002d587a79676f7465002f73797374656d2f62696e002d2d7a79676f7465002d2d73746172742d73797374656d2d73657276657200000000000000000000000000000000000000000000000000", "id": "1200774779" } }
W/dalvikvm(  233): DroidBox: { "FdAccess": { "path": "2f70726f632f36322f636d646c696e65", "id": "370654774" } }
W/DroidBox(  233): DroidBox: { "FileRW": { "operation": "read", "data": "2f73797374656d2f62696e2f6d65646961736572766572002d587a79676f7465002f73797374656d2f62696e002d2d7a79676f7465002d2d73746172742d73797374656d2d73657276657200000000000000000000000000000000000000000000000000", "id": "370654774" } }
W/dalvikvm(  233): DroidBox: { "FdAccess": { "path": "2f70726f632f36332f636d646c696e65", "id": "1455846566" } }
W/DroidBox(  233): DroidBox: { "FileRW": { "operation": "read", "data": "2f73797374656d2f62696e2f646275732d6461656d6f6e002d2d73797374656d002d2d6e6f666f726b00696e002d2d7a79676f7465002d2d73746172742d73797374656d2d73657276657200000000000000000000000000000000000000000000000000", "id": "1455846566" } }
W/dalvikvm(  233): DroidBox: { "FdAccess": { "path": "2f70726f632f36342f636d646c696e65", "id": "1423506157" } }
W/DroidBox(  233): DroidBox: { "FileRW": { "operation": "read", "data": "2f73797374656d2f62696e2f696e7374616c6c64006f6e002d2d73797374656d002d2d6e6f666f726b00696e002d2d7a79676f7465002d2d73746172742d73797374656d2d73657276657200000000000000000000000000000000000000000000000000", "id": "1423506157" } }
W/dalvikvm(  233): DroidBox: { "FdAccess": { "path": "2f70726f632f36352f636d646c696e65", "id": "884011538" } }
W/DroidBox(  233): DroidBox: { "FileRW": { "operation": "read", "data": "2f73797374656d2f62696e2f6b657973746f7265002f646174612f6d6973632f6b657973746f72650000696e002d2d7a79676f7465002d2d73746172742d73797374656d2d73657276657200000000000000000000000000000000000000000000000000", "id": "884011538" } }
W/dalvikvm(  233): DroidBox: { "FdAccess": { "path": "2f70726f632f36362f636d646c696e65", "id": "2047042923" } }
W/DroidBox(  233): DroidBox: { "FileRW": { "operation": "read", "data": "2f73797374656d2f62696e2f73680073746f7265002f646174612f6d6973632f6b657973746f72650000696e002d2d7a79676f7465002d2d73746172742d73797374656d2d73657276657200000000000000000000000000000000000000000000000000", "id": "2047042923" } }
W/dalvikvm(  233): DroidBox: { "FdAccess": { "path": "2f70726f632f36372f636d646c696e65", "id": "1781376786" } }
W/DroidBox(  233): DroidBox: { "FileRW": { "operation": "read", "data": "2f7362696e2f61646264002f73680073746f7265002f646174612f6d6973632f6b657973746f72650000696e002d2d7a79676f7465002d2d73746172742d73797374656d2d73657276657200000000000000000000000000000000000000000000000000", "id": "1781376786" } }
W/dalvikvm(  233): DroidBox: { "FdAccess": { "path": "2f70726f632f39362f636d646c696e65", "id": "689611879" } }
W/DroidBox(  233): DroidBox: { "FileRW": { "operation": "read", "data": "2f7362696e2f61646264002f73680073746f7265002f646174612f6d6973632f6b657973746f72650000696e002d2d7a79676f7465002d2d73746172742d73797374656d2d73657276657200000000000000000000000000000000000000000000000000", "id": "689611879" } }
W/dalvikvm(  233): DroidBox: { "FdAccess": { "path": "2f70726f632f3233332f636d646c696e65", "id": "845818663" } }
W/DroidBox(  233): DroidBox: { "FileRW": { "operation": "read", "data": "73797374656d5f736572766572000000000000000000000000000000000000000000000000000000000000000000000000000000000000000000000000000000000000000000000000000000000000000000000000000000000000000000000000000000", "id": "845818663" } }
W/dalvikvm(  233): DroidBox: { "FdAccess": { "path": "2f70726f632f3433302f636d646c696e65", "id": "667402758" } }
W/DroidBox(  233): DroidBox: { "FileRW": { "operation": "read", "data": "636f6d2e616e64726f69642e73797374656d75690000000000000000000000000000000000000000000000000000000000000000000000000000000000000000000000000000000000000000000000000000000000000000000000000000000000000000", "id": "667402758" } }
W/dalvikvm(  895): DroidBox: { "FdAccess": { "path": "2f646174612f646174612f636f6d2e616e64726f69642e67616c6c65727933642f7368617265645f70726566732f636f6d2e616e64726f69642e67616c6c65727933645f707265666572656e6365732e786d6c", "id": "657388516" } }
W/dalvikvm(  233): DroidBox: { "FdAccess": { "path": "2f70726f632f3438382f636d646c696e65", "id": "1119306694" } }
W/DroidBox(  233): DroidBox: { "FileRW": { "operation": "read", "data": "636f6d2e616e64726f69642e696e7075746d6574686f642e6c6174696e0000000000000000000000000000000000000000000000000000000000000000000000000000000000000000000000000000000000000000000000000000000000000000000000", "id": "1119306694" } }
W/dalvikvm(  233): DroidBox: { "FdAccess": { "path": "2f70726f632f3530342f636d646c696e65", "id": "1818350275" } }
W/DroidBox(  233): DroidBox: { "FileRW": { "operation": "read", "data": "636f6d2e616e64726f69642e70686f6e650000000000000000000000000000000000000000000000000000000000000000000000000000000000000000000000000000000000000000000000000000000000000000000000000000000000000000000000", "id": "1818350275" } }
W/dalvikvm(  233): DroidBox: { "FdAccess": { "path": "2f70726f632f3531362f636d646c696e65", "id": "680681323" } }
W/DroidBox(  233): DroidBox: { "FileRW": { "operation": "read", "data": "636f6d2e616e64726f69642e73657474696e67730000000000000000000000000000000000000000000000000000000000000000000000000000000000000000000000000000000000000000000000000000000000000000000000000000000000000000", "id": "680681323" } }
W/DroidBox(  895): DroidBox: { "FileRW": { "operation": "write", "data": "3c3f786d6c2076657273696f6e3d27312e302720656e636f64696e673d277574662d3827207374616e64616c6f6e653d2779657327203f3e0a3c6d61703e0a3c696e74206e616d653d227061636b616765732d76657273696f6e222076616c75653d2236", "id": "657388516" } }
W/dalvikvm(  233): DroidBox: { "FdAccess": { "path": "2f70726f632f3537352f636d646c696e65", "id": "934986422" } }
W/DroidBox(  233): DroidBox: { "FileRW": { "operation": "read", "data": "616e64726f69642e70726f636573732e61636f726500000000000000000000000000000000000000000000000000000000000000000000000000000000000000000000000000000000000000000000000000000000000000000000000000000000000000", "id": "934986422" } }
W/dalvikvm(  233): DroidBox: { "FdAccess": { "path": "2f70726f632f3538362f636d646c696e65", "id": "1059986680" } }
W/DroidBox(  233): DroidBox: { "FileRW": { "operation": "read", "data": "636f6d2e616e64726f69642e736d7370757368000000000000000000000000000000000000000000000000000000000000000000000000000000000000000000000000000000000000000000000000000000000000000000000000000000000000000000", "id": "1059986680" } }
W/dalvikvm(  233): DroidBox: { "FdAccess": { "path": "2f70726f632f3630382f636d646c696e65", "id": "1458736979" } }
W/DroidBox(  233): DroidBox: { "FileRW": { "operation": "read", "data": "636f6d2e616e64726f69642e6c61756e636865720000000000000000000000000000000000000000000000000000000000000000000000000000000000000000000000000000000000000000000000000000000000000000000000000000000000000000", "id": "1458736979" } }
W/dalvikvm(  233): DroidBox: { "FdAccess": { "path": "2f70726f632f3632342f636d646c696e65", "id": "1131435151" } }
W/DroidBox(  233): DroidBox: { "FileRW": { "operation": "read", "data": "636f6d2e616e64726f69642e63616c656e6461720000000000000000000000000000000000000000000000000000000000000000000000000000000000000000000000000000000000000000000000000000000000000000000000000000000000000000", "id": "1131435151" } }
W/dalvikvm(  233): DroidBox: { "FdAccess": { "path": "2f70726f632f3635362f636d646c696e65", "id": "1500102956" } }
W/DroidBox(  233): DroidBox: { "FileRW": { "operation": "read", "data": "636f6d2e616e64726f69642e6465736b636c6f636b00000000000000000000000000000000000000000000000000000000000000000000000000000000000000000000000000000000000000000000000000000000000000000000000000000000000000", "id": "1500102956" } }
W/dalvikvm(  233): DroidBox: { "FdAccess": { "path": "2f70726f632f3638332f636d646c696e65", "id": "1351698655" } }
W/DroidBox(  233): DroidBox: { "FileRW": { "operation": "read", "data": "636f6d2e616e64726f69642e70726f7669646572732e63616c656e64617200000000000000000000000000000000000000000000000000000000000000000000000000000000000000000000000000000000000000000000000000000000000000000000", "id": "1351698655" } }
W/dalvikvm(  233): DroidBox: { "FdAccess": { "path": "2f70726f632f3731352f636d646c696e65", "id": "1054085590" } }
W/DroidBox(  233): DroidBox: { "FileRW": { "operation": "read", "data": "636f6d2e616e64726f69642e636f6e74616374730000000000000000000000000000000000000000000000000000000000000000000000000000000000000000000000000000000000000000000000000000000000000000000000000000000000000000", "id": "1054085590" } }
W/dalvikvm(  233): DroidBox: { "FdAccess": { "path": "2f70726f632f3831302f636d646c696e65", "id": "1583871403" } }
W/DroidBox(  233): DroidBox: { "FileRW": { "operation": "read", "data": "636f6d2e616e64726f69642e646566636f6e7461696e657200000000000000000000000000000000000000000000000000000000000000000000000000000000000000000000000000000000000000000000000000000000000000000000000000000000", "id": "1583871403" } }
W/dalvikvm(  233): DroidBox: { "FdAccess": { "path": "2f70726f632f3832302f636d646c696e65", "id": "691300632" } }
W/DroidBox(  233): DroidBox: { "FileRW": { "operation": "read", "data": "616e64726f69642e70726f636573732e6d6564696100000000000000000000000000000000000000000000000000000000000000000000000000000000000000000000000000000000000000000000000000000000000000000000000000000000000000", "id": "691300632" } }
W/dalvikvm(  972): DroidBox: { "FdAccess": { "path": "2f646174612f646174612f636f6d2e616e64726f69642e64617465536b696c6c2f7368617265645f70726566732f302e786d6c", "id": "838935652" } }
W/DroidBox(  972): DroidBox: { "FileRW": { "operation": "write", "data": "3c3f786d6c2076657273696f6e3d27312e302720656e636f64696e673d277574662d3827207374616e64616c6f6e653d2779657327203f3e0a3c6d61703e0a3c737472696e67206e616d653d226e756c6c7777656e676c697368223e664e793466776c32", "id": "838935652" } }
W/dalvikvm(  233): DroidBox: { "FdAccess": { "path": "2f70726f632f3834332f636d646c696e65", "id": "1990211220" } }
W/DroidBox(  233): DroidBox: { "FileRW": { "operation": "read", "data": "636f6d2e616e64726f69642e656d61696c0000000000000000000000000000000000000000000000000000000000000000000000000000000000000000000000000000000000000000000000000000000000000000000000000000000000000000000000", "id": "1990211220" } }
W/dalvikvm(  233): DroidBox: { "FdAccess": { "path": "2f70726f632f3836312f636d646c696e65", "id": "1146737800" } }
W/DroidBox(  233): DroidBox: { "FileRW": { "operation": "read", "data": "636f6d2e616e64726f69642e65786368616e67650000000000000000000000000000000000000000000000000000000000000000000000000000000000000000000000000000000000000000000000000000000000000000000000000000000000000000", "id": "1146737800" } }
W/dalvikvm(  233): DroidBox: { "FdAccess": { "path": "2f70726f632f3839352f636d646c696e65", "id": "1214514746" } }
W/DroidBox(  233): DroidBox: { "FileRW": { "operation": "read", "data": "636f6d2e616e64726f69642e67616c6c657279336400000000000000000000000000000000000000000000000000000000000000000000000000000000000000000000000000000000000000000000000000000000000000000000000000000000000000", "id": "1214514746" } }
W/dalvikvm(  233): DroidBox: { "FdAccess": { "path": "2f70726f632f3931322f636d646c696e65", "id": "317890591" } }
W/DroidBox(  233): DroidBox: { "FileRW": { "operation": "read", "data": "636f6d2e616e64726f69642e6d6d7300000000000000000000000000000000000000000000000000000000000000000000000000000000000000000000000000000000000000000000000000000000000000000000000000000000000000000000000000", "id": "317890591" } }
W/dalvikvm(  233): DroidBox: { "FdAccess": { "path": "2f70726f632f3933332f636d646c696e65", "id": "28716938" } }
W/DroidBox(  233): DroidBox: { "FileRW": { "operation": "read", "data": "636f6d2e616e64726f69642e636f6d6d616e64732e6d6f6e6b657900000000000000000000000000000000000000000000000000000000000000000000000000000000000000000000000000000000000000000000000000000000000000000000000000", "id": "28716938" } }
W/dalvikvm(  233): DroidBox: { "FdAccess": { "path": "2f70726f632f3933362f636d646c696e65", "id": "2030305447" } }
W/DroidBox(  233): DroidBox: { "FileRW": { "operation": "read", "data": "6c6f676361740044726f6964426f783a570064616c76696b766d3a570041637469766974794d616e616765723a49000000000000000000000000000000000000000000000000000000000000000000000000000000000000000000000000000000000000", "id": "2030305447" } }
W/dalvikvm(  233): DroidBox: { "FdAccess": { "path": "2f70726f632f3933382f636d646c696e65", "id": "1309511318" } }
W/DroidBox(  233): DroidBox: { "FileRW": { "operation": "read", "data": "2f73797374656d2f62696e2f7368002d63007368202e2f7364636172642f65786563757465537472616365496e2e736800000000000000000000000000000000000000000000000000000000000000000000000000000000000000000000000000000000", "id": "1309511318" } }
W/dalvikvm(  233): DroidBox: { "FdAccess": { "path": "2f70726f632f3934302f636d646c696e65", "id": "1616237099" } }
W/DroidBox(  233): DroidBox: { "FileRW": { "operation": "read", "data": "7368002e2f7364636172642f65786563757465537472616365496e2e736800786563757465537472616365496e2e736800000000000000000000000000000000000000000000000000000000000000000000000000000000000000000000000000000000", "id": "1616237099" } }
W/dalvikvm(  233): DroidBox: { "FdAccess": { "path": "2f70726f632f3934312f636d646c696e65", "id": "79322179" } }
W/DroidBox(  233): DroidBox: { "FileRW": { "operation": "read", "data": "737472616365002d70003630002d66002d747446002d6f002f7364636172642f323861616336323339333464373339366433396235306136383062343765346466336662613533373232613532353664613334643239376663383333653465622e61706b", "id": "79322179" } }
W/dalvikvm(  233): DroidBox: { "FdAccess": { "path": "2f70726f632f3935392f636d646c696e65", "id": "85558049" } }
W/DroidBox(  233): DroidBox: { "FileRW": { "operation": "read", "data": "636f6d2e616e64726f69642e766f6963656469616c6572000000000000000000000000000000000000000000000000000000000000000000000000000000000000000000000000000000000032353664613334643239376663383333653465622e61706b", "id": "85558049" } }
W/dalvikvm(  233): DroidBox: { "FdAccess": { "path": "2f70726f632f3937322f636d646c696e65", "id": "2044236146" } }
W/DroidBox(  233): DroidBox: { "FileRW": { "operation": "read", "data": "636f6d2e616e64726f69642e64617465536b696c6c0000000000000000000000000000000000000000000000000000000000000000000000000000000000000000000000000000000000000032353664613334643239376663383333653465622e61706b", "id": "2044236146" } }
W/dalvikvm(  233): DroidBox: { "FdAccess": { "path": "2f70726f632f313030342f636d646c696e65", "id": "520084611" } }
W/DroidBox(  233): DroidBox: { "FileRW": { "operation": "read", "data": "636f6d2e616e64726f69642e717569636b736561726368626f78000000000000000000000000000000000000000000000000000000000000000000000000000000000000000000000000000032353664613334643239376663383333653465622e61706b", "id": "520084611" } }
W/dalvikvm(  233): DroidBox: { "FdAccess": { "path": "2f70726f632f313032342f636d646c696e65", "id": "651439078" } }
W/DroidBox(  233): DroidBox: { "FileRW": { "operation": "read", "data": "636f6d2e616e64726f69642e6d75736963667800000000000000000000000000000000000000000000000000000000000000000000000000000000000000000000000000000000000000000032353664613334643239376663383333653465622e61706b", "id": "651439078" } }
