D/InputEventConsistencyVerifier( 1180):   4: sent at 254028000000, (unhandled) KeyEvent { action=ACTION_DOWN, keyCode=KEYCODE_BOOKMARK, scanCode=0, metaState=0, flags=0x8, repeatCount=0, eventTime=254028, downTime=254028, deviceId=-1, source=0x101 }
D/InputEventConsistencyVerifier( 1180):   5: sent at 253892000000, (unhandled) KeyEvent { action=ACTION_UP, keyCode=KEYCODE_VOLUME_UP, scanCode=0, metaState=0, flags=0x8, repeatCount=0, eventTime=253892, downTime=253892, deviceId=-1, source=0x101 }
I/Choreographer( 1180): Skipped 46 frames!  The application may be doing too much work on its main thread.
I/ActivityManager(  230): START {act=android.intent.action.MAIN cat=[android.intent.category.LAUNCHER] flg=0x10000000 cmp=com.android.email/.activity.Welcome sel={act=android.intent.action.MAIN cat=[android.intent.category.APP_EMAIL]} u=0} from pid 230
D/InputEventConsistencyVerifier( 1180): KeyEvent: ACTION_UP but key was not down.
D/InputEventConsistencyVerifier( 1180):   in com.android.internal.policy.impl.PhoneWindow$DecorView@b3de71a8
D/InputEventConsistencyVerifier( 1180):   0: sent at 255424000000, KeyEvent { action=ACTION_UP, keyCode=KEYCODE_DPAD_DOWN, scanCode=0, metaState=0, flags=0x8, repeatCount=0, eventTime=255424, downTime=255424, deviceId=-1, source=0x101 }
D/InputEventConsistencyVerifier( 1180):   -- recent events --
D/InputEventConsistencyVerifier( 1180):   1: sent at 255400000000, MotionEvent { action=ACTION_UP, id[0]=0, x[0]=77.0, y[0]=597.0, toolType[0]=TOOL_TYPE_UNKNOWN, buttonState=0, metaState=0, flags=0x0, edgeFlags=0x0, pointerCount=1, historySize=0, eventTime=255400, downTime=255307, deviceId=0, source=0x1002 }
D/InputEventConsistencyVerifier( 1180):   2: sent at 255397000000, MotionEvent { action=ACTION_MOVE, id[0]=0, x[0]=74.0, y[0]=595.0, toolType[0]=TOOL_TYPE_UNKNOWN, buttonState=0, metaState=0, flags=0x0, edgeFlags=0x0, pointerCount=1, historySize=2, eventTime=255397, downTime=255307, deviceId=0, source=0x1002 }
D/InputEventConsistencyVerifier( 1180):   3: sent at 255309000000, MotionEvent { action=ACTION_DOWN, id[0]=0, x[0]=67.0, y[0]=582.0, toolType[0]=TOOL_TYPE_UNKNOWN, buttonState=0, metaState=0, flags=0x0, edgeFlags=0x0, pointerCount=1, historySize=0, eventTime=255309, downTime=255307, deviceId=0, source=0x1002 }
D/InputEventConsistencyVerifier( 1180):   4: sent at 254828000000, (unhandled) KeyEvent { action=ACTION_UP, keyCode=KEYCODE_DPAD_DOWN, scanCode=0, metaState=0, flags=0x8, repeatCount=0, eventTime=254828, downTime=254828, deviceId=-1, source=0x101 }
D/InputEventConsistencyVerifier( 1180):   5: sent at 254666000000, KeyEvent { action=ACTION_DOWN, keyCode=KEYCODE_DPAD_DOWN, scanCode=0, metaState=0, flags=0x8, repeatCount=0, eventTime=254666, downTime=254666, deviceId=-1, source=0x101 }
D/InputEventConsistencyVerifier( 1180): KeyEvent: ACTION_UP but key was not down.
D/InputEventConsistencyVerifier( 1180):   in android.view.ViewRootImpl@b3e24088
D/InputEventConsistencyVerifier( 1180):   0: sent at 255530000000, KeyEvent { action=ACTION_UP, keyCode=KEYCODE_ENVELOPE, scanCode=0, metaState=0, flags=0x8, repeatCount=0, eventTime=255530, downTime=255530, deviceId=-1, source=0x101 }
D/InputEventConsistencyVerifier( 1180):   -- recent events --
D/InputEventConsistencyVerifier( 1180):   1: sent at 255424000000, KeyEvent { action=ACTION_UP, keyCode=KEYCODE_DPAD_DOWN, scanCode=0, metaState=0, flags=0x8, repeatCount=0, eventTime=255424, downTime=255424, deviceId=-1, source=0x101 }
D/InputEventConsistencyVerifier( 1180):   2: sent at 255405000000, KeyEvent { action=ACTION_DOWN, keyCode=KEYCODE_DPAD_DOWN, scanCode=0, metaState=0, flags=0x8, repeatCount=0, eventTime=255405, downTime=255405, deviceId=-1, source=0x101 }
D/InputEventConsistencyVerifier( 1180):   3: sent at 255400000000, MotionEvent { action=ACTION_UP, id[0]=0, x[0]=77.0, y[0]=597.0, toolType[0]=TOOL_TYPE_UNKNOWN, buttonState=0, metaState=0, flags=0x0, edgeFlags=0x0, pointerCount=1, historySize=0, eventTime=255400, downTime=255307, deviceId=0, source=0x1002 }
D/InputEventConsistencyVerifier( 1180):   4: sent at 255397000000, MotionEvent { action=ACTION_MOVE, id[0]=0, x[0]=74.0, y[0]=595.0, toolType[0]=TOOL_TYPE_UNKNOWN, buttonState=0, metaState=0, flags=0x0, edgeFlags=0x0, pointerCount=1, historySize=2, eventTime=255397, downTime=255307, deviceId=0, source=0x1002 }
D/InputEventConsistencyVerifier( 1180):   5: sent at 255309000000, MotionEvent { action=ACTION_DOWN, id[0]=0, x[0]=67.0, y[0]=582.0, toolType[0]=TOOL_TYPE_UNKNOWN, buttonState=0, metaState=0, flags=0x0, edgeFlags=0x0, pointerCount=1, historySize=0, eventTime=255309, downTime=255307, deviceId=0, source=0x1002 }
D/InputEventConsistencyVerifier( 1180): KeyEvent: ACTION_UP but key was not down.
D/InputEventConsistencyVerifier( 1180):   in com.android.internal.policy.impl.PhoneWindow$DecorView@b3de71a8
D/InputEventConsistencyVerifier( 1180):   0: sent at 255687000000, KeyEvent { action=ACTION_UP, keyCode=KEYCODE_DPAD_DOWN, scanCode=0, metaState=0, flags=0x8, repeatCount=0, eventTime=255687, downTime=255687, deviceId=-1, source=0x101 }
D/InputEventConsistencyVerifier( 1180):   -- recent events --
D/InputEventConsistencyVerifier( 1180):   1: sent at 255590000000, MotionEvent { action=ACTION_UP, id[0]=0, x[0]=318.0, y[0]=336.0, toolType[0]=TOOL_TYPE_UNKNOWN, buttonState=0, metaState=0, flags=0x0, edgeFlags=0x0, pointerCount=1, historySize=0, eventTime=255590, downTime=255579, deviceId=0, source=0x1002 }
D/InputEventConsistencyVerifier( 1180):   2: sent at 255580000000, MotionEvent { action=ACTION_DOWN, id[0]=0, x[0]=324.0, y[0]=335.0, toolType[0]=TOOL_TYPE_UNKNOWN, buttonState=0, metaState=0, flags=0x0, edgeFlags=0x0, pointerCount=1, historySize=0, eventTime=255580, downTime=255579, deviceId=0, source=0x1002 }
D/InputEventConsistencyVerifier( 1180):   3: sent at 255530000000, (unhandled) KeyEvent { action=ACTION_UP, keyCode=KEYCODE_ENVELOPE, scanCode=0, metaState=0, flags=0x80000008, repeatCount=0, eventTime=255530, downTime=255530, deviceId=-1, source=0x101 }
D/InputEventConsistencyVerifier( 1180):   4: sent at 255424000000, (unhandled) KeyEvent { action=ACTION_UP, keyCode=KEYCODE_DPAD_DOWN, scanCode=0, metaState=0, flags=0x80000008, repeatCount=0, eventTime=255424, downTime=255424, deviceId=-1, source=0x101 }
D/InputEventConsistencyVerifier( 1180):   5: sent at 255400000000, MotionEvent { action=ACTION_UP, id[0]=0, x[0]=77.0, y[0]=597.0, toolType[0]=TOOL_TYPE_UNKNOWN, buttonState=0, metaState=0, flags=0x0, edgeFlags=0x0, pointerCount=1, historySize=0, eventTime=255400, downTime=255307, deviceId=0, source=0x1002 }
D/InputEventConsistencyVerifier(  432): TouchEvent: ACTION_DOWN but pointers are already down.  Probably missing ACTION_UP from previous gesture.
D/InputEventConsistencyVerifier(  432):   in android.view.ScaleGestureDetector@b3ebc8e8
D/InputEventConsistencyVerifier(  432):   0: sent at 255946000000, MotionEvent { action=ACTION_DOWN, id[0]=0, x[0]=316.0, y[0]=29.0, toolType[0]=TOOL_TYPE_UNKNOWN, buttonState=0, metaState=0, flags=0x0, edgeFlags=0x0, pointerCount=1, historySize=0, eventTime=255946, downTime=255946, deviceId=0, source=0x1002 }
D/InputEventConsistencyVerifier(  432):   -- recent events --
D/InputEventConsistencyVerifier(  432):   1: sent at 241492000000, MotionEvent { action=ACTION_DOWN, id[0]=0, x[0]=143.0, y[0]=207.0, toolType[0]=TOOL_TYPE_UNKNOWN, buttonState=0, metaState=0, flags=0x0, edgeFlags=0x0, pointerCount=1, historySize=0, eventTime=241492, downTime=241491, deviceId=0, source=0x1002 }
D/InputEventConsistencyVerifier(  432):   2: sent at 241388000000, MotionEvent { action=ACTION_UP, id[0]=0, x[0]=76.0, y[0]=277.0, toolType[0]=TOOL_TYPE_UNKNOWN, buttonState=0, metaState=0, flags=0x0, edgeFlags=0x0, pointerCount=1, historySize=0, eventTime=241388, downTime=241382, deviceId=0, source=0x1002 }
D/InputEventConsistencyVerifier(  432):   3: sent at 241383000000, MotionEvent { action=ACTION_DOWN, id[0]=0, x[0]=72.0, y[0]=276.0, toolType[0]=TOOL_TYPE_UNKNOWN, buttonState=0, metaState=0, flags=0x80000000, edgeFlags=0x0, pointerCount=1, historySize=0, eventTime=241383, downTime=241382, deviceId=0, source=0x1002 }
D/InputEventConsistencyVerifier(  432):   4: sent at 241337000000, MotionEvent { action=ACTION_DOWN, id[0]=0, x[0]=402.0, y[0]=632.0, toolType[0]=TOOL_TYPE_UNKNOWN, buttonState=0, metaState=0, flags=0x80000000, edgeFlags=0x0, pointerCount=1, historySize=0, eventTime=241337, downTime=241335, deviceId=0, source=0x1002 }
D/InputEventConsistencyVerifier(  432):   5: sent at 241218000000, MotionEvent { action=ACTION_DOWN, id[0]=0, x[0]=217.0, y[0]=713.0, toolType[0]=TOOL_TYPE_UNKNOWN, buttonState=0, metaState=0, flags=0x80000000, edgeFlags=0x0, pointerCount=1, historySize=0, eventTime=241218, downTime=241218, deviceId=0, source=0x1002 }
W/dalvikvm( 1037): DroidBox: { "FdAccess": { "path": "2f6465762f696e7075742f6576656e7430", "id": "1431312860" } }
W/DroidBox( 1037): DroidBox: { "FileRW": { "operation": "write", "data": "efbfbd060000efbfbdefbfbd0c000500000000000000", "id": "1431312860" } }
I/ActivityManager(  230): START {act=android.intent.action.CALL_BUTTON flg=0x10000000 cmp=com.android.contacts/.activities.DialtactsActivity u=0} from pid 432
W/dalvikvm(  432): DroidBox: { "FdAccess": { "path": "2f70726f632f6d656d696e666f", "id": "643019080" } }
W/DroidBox(  432): DroidBox: { "FileRW": { "operation": "read", "data": "4d656d546f74616c3a202020202020202020373438393634206b420a4d656d467265653a20202020202020202020343630353532206b420a427566666572733a20202020202020202020202035353532206b420a4361636865643a202020202020202020", "id": "643019080" } }
I/ActivityManager(  230): START {act=android.intent.action.CALL_BUTTON flg=0x10000000 cmp=com.android.contacts/.activities.DialtactsActivity u=0} from pid 432
I/Choreographer( 1180): Skipped 51 frames!  The application may be doing too much work on its main thread.
D/InputEventConsistencyVerifier(  432): KeyEvent: ACTION_UP but key was not down.
D/InputEventConsistencyVerifier(  432):   in com.android.systemui.statusbar.phone.StatusBarWindowView@b3e1c1d8
D/InputEventConsistencyVerifier(  432):   0: sent at 256280000000, KeyEvent { action=ACTION_UP, keyCode=KEYCODE_DPAD_DOWN, scanCode=0, metaState=0, flags=0x8, repeatCount=0, eventTime=256280, downTime=256280, deviceId=-1, source=0x101 }
D/InputEventConsistencyVerifier(  432):   -- recent events --
D/InputEventConsistencyVerifier(  432):   1: sent at 256209000000, MotionEvent { action=ACTION_UP, id[0]=0, x[0]=368.0, y[0]=124.0, toolType[0]=TOOL_TYPE_UNKNOWN, buttonState=0, metaState=0, flags=0x0, edgeFlags=0x0, pointerCount=1, historySize=0, eventTime=256209, downTime=256190, deviceId=0, source=0x1002 }
D/InputEventConsistencyVerifier(  432):   2: sent at 256206000000, MotionEvent { action=ACTION_MOVE, id[0]=0, x[0]=359.0, y[0]=130.0, toolType[0]=TOOL_TYPE_UNKNOWN, buttonState=0, metaState=0, flags=0x0, edgeFlags=0x0, pointerCount=1, historySize=4, eventTime=256206, downTime=256190, deviceId=0, source=0x1002 }
D/InputEventConsistencyVerifier(  432):   3: sent at 256192000000, MotionEvent { action=ACTION_DOWN, id[0]=0, x[0]=343.0, y[0]=172.0, toolType[0]=TOOL_TYPE_UNKNOWN, buttonState=0, metaState=0, flags=0x0, edgeFlags=0x0, pointerCount=1, historySize=0, eventTime=256192, downTime=256190, deviceId=0, source=0x1002 }
D/InputEventConsistencyVerifier(  432):   4: sent at 256170000000, (unhandled) KeyEvent { action=ACTION_UP, keyCode=KEYCODE_CALL, scanCode=0, metaState=0, flags=0x8, repeatCount=0, eventTime=256170, downTime=256170, deviceId=-1, source=0x101 }
D/InputEventConsistencyVerifier(  432):   5: sent at 256142000000, (unhandled) KeyEvent { action=ACTION_DOWN, keyCode=KEYCODE_CALL, scanCode=0, metaState=0, flags=0x8, repeatCount=0, eventTime=256142, downTime=256142, deviceId=-1, source=0x101 }
D/InputEventConsistencyVerifier(  432): TouchEvent: ACTION_DOWN but pointers are already down.  Probably missing ACTION_UP from previous gesture.
D/InputEventConsistencyVerifier(  432):   in android.view.ScaleGestureDetector@b3ebc8e8
D/InputEventConsistencyVerifier(  432):   0: sent at 256349000000, MotionEvent { action=ACTION_DOWN, id[0]=0, x[0]=459.0, y[0]=550.0, toolType[0]=TOOL_TYPE_UNKNOWN, buttonState=0, metaState=0, flags=0x0, edgeFlags=0x0, pointerCount=1, historySize=0, eventTime=256349, downTime=256348, deviceId=0, source=0x1002 }
D/InputEventConsistencyVerifier(  432):   -- recent events --
D/InputEventConsistencyVerifier(  432):   1: sent at 256192000000, MotionEvent { action=ACTION_DOWN, id[0]=0, x[0]=343.0, y[0]=172.0, toolType[0]=TOOL_TYPE_UNKNOWN, buttonState=0, metaState=0, flags=0x0, edgeFlags=0x0, pointerCount=1, historySize=0, eventTime=256192, downTime=256190, deviceId=0, source=0x1002 }
D/InputEventConsistencyVerifier(  432):   2: sent at 255957000000, MotionEvent { action=ACTION_UP, id[0]=0, x[0]=320.0, y[0]=30.0, toolType[0]=TOOL_TYPE_UNKNOWN, buttonState=0, metaState=0, flags=0x0, edgeFlags=0x0, pointerCount=1, historySize=0, eventTime=255957, downTime=255946, deviceId=0, source=0x1002 }
D/InputEventConsistencyVerifier(  432):   3: sent at 255946000000, MotionEvent { action=ACTION_DOWN, id[0]=0, x[0]=316.0, y[0]=29.0, toolType[0]=TOOL_TYPE_UNKNOWN, buttonState=0, metaState=0, flags=0x80000000, edgeFlags=0x0, pointerCount=1, historySize=0, eventTime=255946, downTime=255946, deviceId=0, source=0x1002 }
D/InputEventConsistencyVerifier(  432):   4: sent at 241492000000, MotionEvent { action=ACTION_DOWN, id[0]=0, x[0]=143.0, y[0]=207.0, toolType[0]=TOOL_TYPE_UNKNOWN, buttonState=0, metaState=0, flags=0x0, edgeFlags=0x0, pointerCount=1, historySize=0, eventTime=241492, downTime=241491, deviceId=0, source=0x1002 }
D/InputEventConsistencyVerifier(  432):   5: sent at 241388000000, MotionEvent { action=ACTION_UP, id[0]=0, x[0]=76.0, y[0]=277.0, toolType[0]=TOOL_TYPE_UNKNOWN, buttonState=0, metaState=0, flags=0x0, edgeFlags=0x0, pointerCount=1, historySize=0, eventTime=241388, downTime=241382, deviceId=0, source=0x1002 }
I/Choreographer(  432): Skipped 94 frames!  The application may be doing too much work on its main thread.
W/dalvikvm(  432): DroidBox: { "FdAccess": { "path": "2f70726f632f6d656d696e666f", "id": "483189070" } }
W/DroidBox(  432): DroidBox: { "FileRW": { "operation": "read", "data": "4d656d546f74616c3a202020202020202020373438393634206b420a4d656d467265653a20202020202020202020343630353532206b420a427566666572733a20202020202020202020202035353532206b420a4361636865643a202020202020202020", "id": "483189070" } }
V/PhoneStatusBar(  432): setLightsOn(true)
W/dalvikvm(  432): DroidBox: { "FdAccess": { "path": "2f70726f632f6d656d696e666f", "id": "286187538" } }
D/PhoneStatusBar(  432): disable: < expand icons alerts TICKER* system_info back home recent clock >
W/DroidBox(  432): DroidBox: { "FileRW": { "operation": "read", "data": "4d656d546f74616c3a202020202020202020373438393634206b420a4d656d467265653a20202020202020202020343539333132206b420a427566666572733a20202020202020202020202035353532206b420a4361636865643a202020202020202020", "id": "286187538" } }
I/Choreographer(  432): Skipped 34 frames!  The application may be doing too much work on its main thread.
D/InputEventConsistencyVerifier(  432): KeyEvent: ACTION_UP but key was not down.
D/InputEventConsistencyVerifier(  432):   in com.android.systemui.statusbar.phone.StatusBarWindowView@b3e1c1d8
D/InputEventConsistencyVerifier(  432):   0: sent at 256510000000, KeyEvent { action=ACTION_UP, keyCode=KEYCODE_DPAD_UP, scanCode=0, metaState=0, flags=0x400, repeatCount=0, eventTime=256510, downTime=256510, deviceId=-1, source=0x101 }
D/InputEventConsistencyVerifier(  432):   -- recent events --
D/InputEventConsistencyVerifier(  432):   1: sent at 256492000000, (unhandled) MotionEvent { action=ACTION_MOVE, id[0]=0, x[0]=-4.0, y[0]=-4.0, toolType[0]=TOOL_TYPE_UNKNOWN, buttonState=0, metaState=0, flags=0x0, edgeFlags=0x0, pointerCount=1, historySize=7, eventTime=256492, downTime=-1, deviceId=0, source=0x10004 }
D/InputEventConsistencyVerifier(  432):   2: sent at 256354000000, MotionEvent { action=ACTION_UP, id[0]=0, x[0]=453.0, y[0]=549.0, toolType[0]=TOOL_TYPE_UNKNOWN, buttonState=0, metaState=0, flags=0x0, edgeFlags=0x0, pointerCount=1, historySize=0, eventTime=256354, downTime=256348, deviceId=0, source=0x1002 }
D/InputEventConsistencyVerifier(  432):   3: sent at 256349000000, MotionEvent { action=ACTION_DOWN, id[0]=0, x[0]=459.0, y[0]=550.0, toolType[0]=TOOL_TYPE_UNKNOWN, buttonState=0, metaState=0, flags=0x0, edgeFlags=0x0, pointerCount=1, historySize=0, eventTime=256349, downTime=256348, deviceId=0, source=0x1002 }
D/InputEventConsistencyVerifier(  432):   4: sent at 256342000000, (unhandled) KeyEvent { action=ACTION_UP, keyCode=KEYCODE_MENU, scanCode=0, metaState=0, flags=0x8, repeatCount=0, eventTime=256342, downTime=256342, deviceId=-1, source=0x101 }
D/InputEventConsistencyVerifier(  432):   5: sent at 256286000000, (unhandled) KeyEvent { action=ACTION_DOWN, keyCode=KEYCODE_MENU, scanCode=0, metaState=0, flags=0x8, repeatCount=0, eventTime=256286, downTime=256286, deviceId=-1, source=0x101 }
W/dalvikvm(  432): DroidBox: { "FdAccess": { "path": "2f70726f632f6d656d696e666f", "id": "734284679" } }
W/DroidBox(  432): DroidBox: { "FileRW": { "operation": "read", "data": "4d656d546f74616c3a202020202020202020373438393634206b420a4d656d467265653a20202020202020202020343539333132206b420a427566666572733a20202020202020202020202035353532206b420a4361636865643a202020202020202020", "id": "734284679" } }
I/Choreographer( 1180): Skipped 70 frames!  The application may be doing too much work on its main thread.
D/InputEventConsistencyVerifier(  432): TouchEvent: ACTION_DOWN but pointers are already down.  Probably missing ACTION_UP from previous gesture.
D/InputEventConsistencyVerifier(  432):   in android.view.ScaleGestureDetector@b3ebc8e8
D/InputEventConsistencyVerifier(  432):   0: sent at 256560000000, MotionEvent { action=ACTION_DOWN, id[0]=0, x[0]=188.0, y[0]=386.0, toolType[0]=TOOL_TYPE_UNKNOWN, buttonState=0, metaState=0, flags=0x0, edgeFlags=0x0, pointerCount=1, historySize=0, eventTime=256560, downTime=256542, deviceId=0, source=0x1002 }
D/InputEventConsistencyVerifier(  432):   -- recent events --
D/InputEventConsistencyVerifier(  432):   1: sent at 256349000000, MotionEvent { action=ACTION_DOWN, id[0]=0, x[0]=459.0, y[0]=550.0, toolType[0]=TOOL_TYPE_UNKNOWN, buttonState=0, metaState=0, flags=0x80000000, edgeFlags=0x0, pointerCount=1, historySize=0, eventTime=256349, downTime=256348, deviceId=0, source=0x1002 }
D/InputEventConsistencyVerifier(  432):   2: sent at 256192000000, MotionEvent { action=ACTION_DOWN, id[0]=0, x[0]=343.0, y[0]=172.0, toolType[0]=TOOL_TYPE_UNKNOWN, buttonState=0, metaState=0, flags=0x0, edgeFlags=0x0, pointerCount=1, historySize=0, eventTime=256192, downTime=256190, deviceId=0, source=0x1002 }
D/InputEventConsistencyVerifier(  432):   3: sent at 255957000000, MotionEvent { action=ACTION_UP, id[0]=0, x[0]=320.0, y[0]=30.0, toolType[0]=TOOL_TYPE_UNKNOWN, buttonState=0, metaState=0, flags=0x0, edgeFlags=0x0, pointerCount=1, historySize=0, eventTime=255957, downTime=255946, deviceId=0, source=0x1002 }
D/InputEventConsistencyVerifier(  432):   4: sent at 255946000000, MotionEvent { action=ACTION_DOWN, id[0]=0, x[0]=316.0, y[0]=29.0, toolType[0]=TOOL_TYPE_UNKNOWN, buttonState=0, metaState=0, flags=0x80000000, edgeFlags=0x0, pointerCount=1, historySize=0, eventTime=255946, downTime=255946, deviceId=0, source=0x1002 }
D/InputEventConsistencyVerifier(  432):   5: sent at 241492000000, MotionEvent { action=ACTION_DOWN, id[0]=0, x[0]=143.0, y[0]=207.0, toolType[0]=TOOL_TYPE_UNKNOWN, buttonState=0, metaState=0, flags=0x0, edgeFlags=0x0, pointerCount=1, historySize=0, eventTime=241492, downTime=241491, deviceId=0, source=0x1002 }
I/Choreographer(  432): Skipped 33 frames!  The application may be doing too much work on its main thread.
D/InputEventConsistencyVerifier(  432): KeyEvent: ACTION_UP but key was not down.
D/InputEventConsistencyVerifier(  432):   in android.widget.FrameLayout@b3e1af60
D/InputEventConsistencyVerifier(  432):   0: sent at 256723000000, KeyEvent { action=ACTION_UP, keyCode=KEYCODE_DPAD_DOWN, scanCode=0, metaState=0, flags=0x8, repeatCount=0, eventTime=256723, downTime=256723, deviceId=-1, source=0x101 }
D/InputEventConsistencyVerifier(  432):   -- recent events --
D/InputEventConsistencyVerifier(  432):   1: sent at 241388000000, MotionEvent { action=ACTION_UP, id[0]=0, x[0]=76.0, y[0]=277.0, toolType[0]=TOOL_TYPE_UNKNOWN, buttonState=0, metaState=0, flags=0x0, edgeFlags=0x0, pointerCount=1, historySize=0, eventTime=241388, downTime=241382, deviceId=0, source=0x1002 }
D/InputEventConsistencyVerifier(  432):   2: sent at 241383000000, MotionEvent { action=ACTION_DOWN, id[0]=0, x[0]=72.0, y[0]=276.0, toolType[0]=TOOL_TYPE_UNKNOWN, buttonState=0, metaState=0, flags=0x80000000, edgeFlags=0x0, pointerCount=1, historySize=0, eventTime=241383, downTime=241382, deviceId=0, source=0x1002 }
D/InputEventConsistencyVerifier(  432):   3: sent at 241327000000, (unhandled) KeyEvent { action=ACTION_UP, keyCode=KEYCODE_MENU, scanCode=0, metaState=0, flags=0x8, repeatCount=0, eventTime=241327, downTime=241327, deviceId=-1, source=0x101 }
D/InputEventConsistencyVerifier(  432):   4: sent at 241319000000, (unhandled) KeyEvent { action=ACTION_DOWN, keyCode=KEYCODE_MENU, scanCode=0, metaState=0, flags=0x8, repeatCount=0, eventTime=241319, downTime=241319, deviceId=-1, source=0x101 }
D/InputEventConsistencyVerifier(  432):   5: sent at 241270000000, (unhandled) KeyEvent { action=ACTION_UP, keyCode=KEYCODE_MENU, scanCode=0, metaState=0, flags=0x8, repeatCount=0, eventTime=241270, downTime=241270, deviceId=-1, source=0x101 }
W/dalvikvm(  432): DroidBox: { "FdAccess": { "path": "2f70726f632f6d656d696e666f", "id": "1182263266" } }
W/DroidBox(  432): DroidBox: { "FileRW": { "operation": "read", "data": "4d656d546f74616c3a202020202020202020373438393634206b420a4d656d467265653a20202020202020202020343537353736206b420a427566666572733a20202020202020202020202035353532206b420a4361636865643a202020202020202020", "id": "1182263266" } }
D/InputEventConsistencyVerifier(  432): KeyEvent: ACTION_UP but key was not down.
D/InputEventConsistencyVerifier(  432):   in com.android.systemui.statusbar.phone.PhoneStatusBarView@b3e1e170
D/InputEventConsistencyVerifier(  432):   0: sent at 257083000000, KeyEvent { action=ACTION_UP, keyCode=KEYCODE_DPAD_UP, scanCode=0, metaState=0, flags=0x8, repeatCount=0, eventTime=257083, downTime=257083, deviceId=-1, source=0x101 }
D/InputEventConsistencyVerifier(  432):   -- recent events --
D/InputEventConsistencyVerifier(  432):   1: sent at 256572000000, (unhandled) KeyEvent { action=ACTION_DOWN, keyCode=KEYCODE_DPAD_DOWN, scanCode=0, metaState=0, flags=0x8, repeatCount=0, eventTime=256572, downTime=256572, deviceId=-1, source=0x101 }
D/InputEventConsistencyVerifier(  432):   2: sent at 256722000000, (unhandled) KeyEvent { action=ACTION_UP, keyCode=KEYCODE_DPAD_UP, scanCode=0, metaState=0, flags=0x400, repeatCount=0, eventTime=256722, downTime=256722, deviceId=-1, source=0x101 }
D/InputEventConsistencyVerifier(  432):   3: sent at 256722000000, (unhandled) KeyEvent { action=ACTION_DOWN, keyCode=KEYCODE_DPAD_UP, scanCode=0, metaState=0, flags=0x400, repeatCount=0, eventTime=256722, downTime=256722, deviceId=-1, source=0x101 }
D/InputEventConsistencyVerifier(  432):   4: sent at 256722000000, (unhandled) KeyEvent { action=ACTION_UP, keyCode=KEYCODE_DPAD_UP, scanCode=0, metaState=0, flags=0x400, repeatCount=0, eventTime=256722, downTime=256722, deviceId=-1, source=0x101 }
D/InputEventConsistencyVerifier(  432):   5: sent at 256722000000, (unhandled) KeyEvent { action=ACTION_DOWN, keyCode=KEYCODE_DPAD_UP, scanCode=0, metaState=0, flags=0x400, repeatCount=0, eventTime=256722, downTime=256722, deviceId=-1, source=0x101 }
I/Choreographer(  432): Skipped 42 frames!  The application may be doing too much work on its main thread.
D/InputEventConsistencyVerifier(  432): TouchEvent: ACTION_DOWN but pointers are already down.  Probably missing ACTION_UP from previous gesture.
D/InputEventConsistencyVerifier(  432):   in android.view.ScaleGestureDetector@b3ebc8e8
D/InputEventConsistencyVerifier(  432):   0: sent at 257108000000, MotionEvent { action=ACTION_DOWN, id[0]=0, x[0]=396.0, y[0]=22.0, toolType[0]=TOOL_TYPE_UNKNOWN, buttonState=0, metaState=0, flags=0x0, edgeFlags=0x0, pointerCount=1, historySize=0, eventTime=257108, downTime=257107, deviceId=0, source=0x1002 }
D/InputEventConsistencyVerifier(  432):   -- recent events --
D/InputEventConsistencyVerifier(  432):   1: sent at 256560000000, MotionEvent { action=ACTION_DOWN, id[0]=0, x[0]=188.0, y[0]=386.0, toolType[0]=TOOL_TYPE_UNKNOWN, buttonState=0, metaState=0, flags=0x80000000, edgeFlags=0x0, pointerCount=1, historySize=0, eventTime=256560, downTime=256542, deviceId=0, source=0x1002 }
D/InputEventConsistencyVerifier(  432):   2: sent at 256349000000, MotionEvent { action=ACTION_DOWN, id[0]=0, x[0]=459.0, y[0]=550.0, toolType[0]=TOOL_TYPE_UNKNOWN, buttonState=0, metaState=0, flags=0x80000000, edgeFlags=0x0, pointerCount=1, historySize=0, eventTime=256349, downTime=256348, deviceId=0, source=0x1002 }
D/InputEventConsistencyVerifier(  432):   3: sent at 256192000000, MotionEvent { action=ACTION_DOWN, id[0]=0, x[0]=343.0, y[0]=172.0, toolType[0]=TOOL_TYPE_UNKNOWN, buttonState=0, metaState=0, flags=0x0, edgeFlags=0x0, pointerCount=1, historySize=0, eventTime=256192, downTime=256190, deviceId=0, source=0x1002 }
D/InputEventConsistencyVerifier(  432):   4: sent at 255957000000, MotionEvent { action=ACTION_UP, id[0]=0, x[0]=320.0, y[0]=30.0, toolType[0]=TOOL_TYPE_UNKNOWN, buttonState=0, metaState=0, flags=0x0, edgeFlags=0x0, pointerCount=1, historySize=0, eventTime=255957, downTime=255946, deviceId=0, source=0x1002 }
D/InputEventConsistencyVerifier(  432):   5: sent at 255946000000, MotionEvent { action=ACTION_DOWN, id[0]=0, x[0]=316.0, y[0]=29.0, toolType[0]=TOOL_TYPE_UNKNOWN, buttonState=0, metaState=0, flags=0x80000000, edgeFlags=0x0, pointerCount=1, historySize=0, eventTime=255946, downTime=255946, deviceId=0, source=0x1002 }
D/PhoneStatusBar(  432): disable: < expand icons alerts ticker* system_info back home recent clock >
V/PhoneStatusBar(  432): setLightsOn(true)
W/InputMethodManagerService(  230): Window already focused, ignoring focus gain of: com.android.internal.view.IInputMethodClient$Stub$Proxy@b4101198 attribute=null
W/dalvikvm(  432): DroidBox: { "FdAccess": { "path": "2f70726f632f6d656d696e666f", "id": "2100674522" } }
W/DroidBox(  432): DroidBox: { "FileRW": { "operation": "read", "data": "4d656d546f74616c3a202020202020202020373438393634206b420a4d656d467265653a20202020202020202020343538383136206b420a427566666572733a20202020202020202020202035353532206b420a4361636865643a202020202020202020", "id": "2100674522" } }
W/dalvikvm(  432): DroidBox: { "FdAccess": { "path": "2f70726f632f6d656d696e666f", "id": "1752570719" } }
W/DroidBox(  432): DroidBox: { "FileRW": { "operation": "read", "data": "4d656d546f74616c3a202020202020202020373438393634206b420a4d656d467265653a20202020202020202020343538363932206b420a427566666572733a20202020202020202020202035353532206b420a4361636865643a202020202020202020", "id": "1752570719" } }
I/Choreographer( 1180): Skipped 45 frames!  The application may be doing too much work on its main thread.
V/PhoneStatusBar(  432): setLightsOn(true)
W/dalvikvm(  432): DroidBox: { "FdAccess": { "path": "2f70726f632f6d656d696e666f", "id": "2134564932" } }
W/DroidBox(  432): DroidBox: { "FileRW": { "operation": "read", "data": "4d656d546f74616c3a202020202020202020373438393634206b420a4d656d467265653a20202020202020202020343538363932206b420a427566666572733a20202020202020202020202035353532206b420a4361636865643a202020202020202020", "id": "2134564932" } }
D/PhoneStatusBar(  432): disable: < expand icons alerts TICKER* system_info back home recent clock >
D/InputEventConsistencyVerifier(  432): KeyEvent: ACTION_UP but key was not down.
D/InputEventConsistencyVerifier(  432):   in com.android.systemui.statusbar.phone.StatusBarWindowView@b3e1c1d8
D/InputEventConsistencyVerifier(  432):   0: sent at 257496000000, KeyEvent { action=ACTION_UP, keyCode=KEYCODE_DPAD_UP, scanCode=0, metaState=0, flags=0x8, repeatCount=0, eventTime=257496, downTime=257496, deviceId=-1, source=0x101 }
D/InputEventConsistencyVerifier(  432):   -- recent events --
D/InputEventConsistencyVerifier(  432):   1: sent at 257405000000, (unhandled) KeyEvent { action=ACTION_UP, keyCode=KEYCODE_L, scanCode=0, metaState=0, flags=0x8, repeatCount=0, eventTime=257405, downTime=257405, deviceId=-1, source=0x101 }
D/InputEventConsistencyVerifier(  432):   2: sent at 257295000000, (unhandled) KeyEvent { action=ACTION_DOWN, keyCode=KEYCODE_L, scanCode=0, metaState=0, flags=0x8, repeatCount=0, eventTime=257295, downTime=257295, deviceId=-1, source=0x101 }
D/InputEventConsistencyVerifier(  432):   3: sent at 257126000000, MotionEvent { action=ACTION_UP, id[0]=0, x[0]=401.0, y[0]=37.0, toolType[0]=TOOL_TYPE_UNKNOWN, buttonState=0, metaState=0, flags=0x0, edgeFlags=0x0, pointerCount=1, historySize=0, eventTime=257126, downTime=257107, deviceId=0, source=0x1002 }
D/InputEventConsistencyVerifier(  432):   4: sent at 257108000000, MotionEvent { action=ACTION_DOWN, id[0]=0, x[0]=396.0, y[0]=22.0, toolType[0]=TOOL_TYPE_UNKNOWN, buttonState=0, metaState=0, flags=0x0, edgeFlags=0x0, pointerCount=1, historySize=0, eventTime=257108, downTime=257107, deviceId=0, source=0x1002 }
D/InputEventConsistencyVerifier(  432):   5: sent at 257083000000, (unhandled) KeyEvent { action=ACTION_UP, keyCode=KEYCODE_DPAD_UP, scanCode=0, metaState=0, flags=0x8, repeatCount=0, eventTime=257083, downTime=257083, deviceId=-1, source=0x101 }
W/dalvikvm(  432): DroidBox: { "FdAccess": { "path": "2f70726f632f6d656d696e666f", "id": "1942458320" } }
W/DroidBox(  432): DroidBox: { "FileRW": { "operation": "read", "data": "4d656d546f74616c3a202020202020202020373438393634206b420a4d656d467265653a20202020202020202020343537353736206b420a427566666572733a20202020202020202020202035353532206b420a4361636865643a202020202020202020", "id": "1942458320" } }
W/InputMethodManagerService(  230): Window already focused, ignoring focus gain of: com.android.internal.view.IInputMethodClient$Stub$Proxy@b4232ff0 attribute=null
I/Choreographer(  432): Skipped 47 frames!  The application may be doing too much work on its main thread.
V/PhoneStatusBar(  432): setLightsOn(true)
D/PhoneStatusBar(  432): disable: < expand icons alerts ticker* system_info back home recent clock >
D/InputEventConsistencyVerifier( 1180): KeyEvent: ACTION_UP but key was not down.
D/InputEventConsistencyVerifier( 1180):   in com.android.internal.policy.impl.PhoneWindow$DecorView@b3de71a8
D/InputEventConsistencyVerifier( 1180):   0: sent at 258100000000, KeyEvent { action=ACTION_UP, keyCode=KEYCODE_DPAD_LEFT, scanCode=0, metaState=0, flags=0x400, repeatCount=0, eventTime=258100, downTime=258100, deviceId=-1, source=0x101 }
D/InputEventConsistencyVerifier( 1180):   -- recent events --
D/InputEventConsistencyVerifier( 1180):   1: sent at 258035000000, MotionEvent { action=ACTION_UP, id[0]=0, x[0]=86.0, y[0]=202.0, toolType[0]=TOOL_TYPE_UNKNOWN, buttonState=0, metaState=0, flags=0x0, edgeFlags=0x0, pointerCount=1, historySize=0, eventTime=258035, downTime=258019, deviceId=0, source=0x1002 }
D/InputEventConsistencyVerifier( 1180):   2: sent at 258020000000, MotionEvent { action=ACTION_DOWN, id[0]=0, x[0]=87.0, y[0]=201.0, toolType[0]=TOOL_TYPE_UNKNOWN, buttonState=0, metaState=0, flags=0x0, edgeFlags=0x0, pointerCount=1, historySize=0, eventTime=258020, downTime=258019, deviceId=0, source=0x1002 }
D/InputEventConsistencyVerifier( 1180):   3: sent at 258013000000, (unhandled) MotionEvent { action=ACTION_MOVE, id[0]=0, x[0]=-2.0, y[0]=1.0, toolType[0]=TOOL_TYPE_UNKNOWN, buttonState=0, metaState=0, flags=0x0, edgeFlags=0x0, pointerCount=1, historySize=9, eventTime=258013, downTime=-1, deviceId=0, source=0x10004 }
D/InputEventConsistencyVerifier( 1180):   4: sent at 257914000000, (unhandled) KeyEvent { action=ACTION_UP, keyCode=KEYCODE_DPAD_CENTER, scanCode=0, metaState=0, flags=0x8, repeatCount=0, eventTime=257914, downTime=257914, deviceId=-1, source=0x101 }
D/InputEventConsistencyVerifier( 1180):   5: sent at 257838000000, (unhandled) KeyEvent { action=ACTION_DOWN, keyCode=KEYCODE_DPAD_CENTER, scanCode=0, metaState=0, flags=0x8, repeatCount=0, eventTime=257838, downTime=257838, deviceId=-1, source=0x101 }
D/InputEventConsistencyVerifier( 1180): KeyEvent: ACTION_UP but key was not down.
D/InputEventConsistencyVerifier( 1180):   in com.android.internal.policy.impl.PhoneWindow$DecorView@b3de71a8
D/InputEventConsistencyVerifier( 1180):   0: sent at 258500000000, KeyEvent { action=ACTION_UP, keyCode=KEYCODE_DPAD_DOWN, scanCode=0, metaState=0, flags=0x8, repeatCount=0, eventTime=258500, downTime=258500, deviceId=-1, source=0x101 }
D/InputEventConsistencyVerifier( 1180):   -- recent events --
D/InputEventConsistencyVerifier( 1180):   1: sent at 258439000000, MotionEvent { action=ACTION_UP, id[0]=0, x[0]=35.0, y[0]=489.0, toolType[0]=TOOL_TYPE_UNKNOWN, buttonState=0, metaState=0, flags=0x0, edgeFlags=0x0, pointerCount=1, historySize=0, eventTime=258439, downTime=258360, deviceId=0, source=0x1002 }
D/InputEventConsistencyVerifier( 1180):   2: sent at 258437000000, MotionEvent { action=ACTION_POINTER_UP(1), id[0]=0, x[0]=49.0, y[0]=484.0, toolType[0]=TOOL_TYPE_UNKNOWN, id[1]=1, x[1]=411.0, y[1]=169.0, toolType[1]=TOOL_TYPE_UNKNOWN, buttonState=0, metaState=0, flags=0x0, edgeFlags=0x0, pointerCount=2, historySize=0, eventTime=258437, downTime=258360, deviceId=0, source=0x1002 }
D/InputEventConsistencyVerifier( 1180):   3: sent at 258435000000, MotionEvent { action=ACTION_MOVE, id[0]=0, x[0]=53.0, y[0]=478.0, toolType[0]=TOOL_TYPE_UNKNOWN, id[1]=1, x[1]=410.0, y[1]=170.0, toolType[1]=TOOL_TYPE_UNKNOWN, buttonState=0, metaState=0, flags=0x0, edgeFlags=0x0, pointerCount=2, historySize=7, eventTime=258435, downTime=258360, deviceId=0, source=0x1002 }
D/InputEventConsistencyVerifier( 1180):   4: sent at 258380000000, MotionEvent { action=ACTION_POINTER_DOWN(1), id[0]=0, x[0]=127.0, y[0]=445.0, toolType[0]=TOOL_TYPE_UNKNOWN, id[1]=1, x[1]=365.0, y[1]=199.0, toolType[1]=TOOL_TYPE_UNKNOWN, buttonState=0, metaState=0, flags=0x0, edgeFlags=0x0, pointerCount=2, historySize=0, eventTime=258380, downTime=258360, deviceId=0, source=0x1002 }
D/InputEventConsistencyVerifier( 1180):   5: sent at 258374000000, MotionEvent { action=ACTION_DOWN, id[0]=0, x[0]=131.0, y[0]=443.0, toolType[0]=TOOL_TYPE_UNKNOWN, buttonState=0, metaState=0, flags=0x0, edgeFlags=0x0, pointerCount=1, historySize=0, eventTime=258374, downTime=258360, deviceId=0, source=0x1002 }
D/InputEventConsistencyVerifier(  432): TouchEvent: ACTION_DOWN but pointers are already down.  Probably missing ACTION_UP from previous gesture.
D/InputEventConsistencyVerifier(  432):   in android.view.ScaleGestureDetector@b3ebc8e8
D/InputEventConsistencyVerifier(  432):   0: sent at 258896000000, MotionEvent { action=ACTION_DOWN, id[0]=0, x[0]=266.0, y[0]=26.0, toolType[0]=TOOL_TYPE_UNKNOWN, buttonState=0, metaState=0, flags=0x0, edgeFlags=0x0, pointerCount=1, historySize=0, eventTime=258896, downTime=258895, deviceId=0, source=0x1002 }
D/InputEventConsistencyVerifier(  432):   -- recent events --
D/InputEventConsistencyVerifier(  432):   1: sent at 257613000000, MotionEvent { action=ACTION_DOWN, id[0]=0, x[0]=227.0, y[0]=649.0, toolType[0]=TOOL_TYPE_UNKNOWN, buttonState=0, metaState=0, flags=0x0, edgeFlags=0x0, pointerCount=1, historySize=0, eventTime=257613, downTime=257581, deviceId=0, source=0x1002 }
D/InputEventConsistencyVerifier(  432):   2: sent at 257126000000, MotionEvent { action=ACTION_UP, id[0]=0, x[0]=401.0, y[0]=37.0, toolType[0]=TOOL_TYPE_UNKNOWN, buttonState=0, metaState=0, flags=0x0, edgeFlags=0x0, pointerCount=1, historySize=0, eventTime=257126, downTime=257107, deviceId=0, source=0x1002 }
D/InputEventConsistencyVerifier(  432):   3: sent at 257108000000, MotionEvent { action=ACTION_DOWN, id[0]=0, x[0]=396.0, y[0]=22.0, toolType[0]=TOOL_TYPE_UNKNOWN, buttonState=0, metaState=0, flags=0x80000000, edgeFlags=0x0, pointerCount=1, historySize=0, eventTime=257108, downTime=257107, deviceId=0, source=0x1002 }
D/InputEventConsistencyVerifier(  432):   4: sent at 256560000000, MotionEvent { action=ACTION_DOWN, id[0]=0, x[0]=188.0, y[0]=386.0, toolType[0]=TOOL_TYPE_UNKNOWN, buttonState=0, metaState=0, flags=0x80000000, edgeFlags=0x0, pointerCount=1, historySize=0, eventTime=256560, downTime=256542, deviceId=0, source=0x1002 }
D/InputEventConsistencyVerifier(  432):   5: sent at 256349000000, MotionEvent { action=ACTION_DOWN, id[0]=0, x[0]=459.0, y[0]=550.0, toolType[0]=TOOL_TYPE_UNKNOWN, buttonState=0, metaState=0, flags=0x80000000, edgeFlags=0x0, pointerCount=1, historySize=0, eventTime=256349, downTime=256348, deviceId=0, source=0x1002 }
W/dalvikvm(  432): DroidBox: { "FdAccess": { "path": "2f70726f632f6d656d696e666f", "id": "1924683088" } }
W/DroidBox(  432): DroidBox: { "FileRW": { "operation": "read", "data": "4d656d546f74616c3a202020202020202020373438393634206b420a4d656d467265653a20202020202020202020343630303536206b420a427566666572733a20202020202020202020202035353532206b420a4361636865643a202020202020202020", "id": "1924683088" } }
D/InputEventConsistencyVerifier(  432): KeyEvent: ACTION_UP but key was not down.
D/InputEventConsistencyVerifier(  432):   in com.android.systemui.statusbar.phone.StatusBarWindowView@b3e1c1d8
D/InputEventConsistencyVerifier(  432):   0: sent at 259133000000, KeyEvent { action=ACTION_UP, keyCode=KEYCODE_DPAD_DOWN, scanCode=0, metaState=0, flags=0x8, repeatCount=0, eventTime=259133, downTime=259133, deviceId=-1, source=0x101 }
D/InputEventConsistencyVerifier(  432):   -- recent events --
D/InputEventConsistencyVerifier(  432):   1: sent at 259102000000, MotionEvent { action=ACTION_UP, id[0]=0, x[0]=421.0, y[0]=279.0, toolType[0]=TOOL_TYPE_UNKNOWN, buttonState=0, metaState=0, flags=0x0, edgeFlags=0x0, pointerCount=1, historySize=0, eventTime=259102, downTime=259065, deviceId=0, source=0x1002 }
D/InputEventConsistencyVerifier(  432):   2: sent at 259065000000, MotionEvent { action=ACTION_DOWN, id[0]=0, x[0]=421.0, y[0]=290.0, toolType[0]=TOOL_TYPE_UNKNOWN, buttonState=0, metaState=0, flags=0x0, edgeFlags=0x0, pointerCount=1, historySize=0, eventTime=259065, downTime=259065, deviceId=0, source=0x1002 }
D/InputEventConsistencyVerifier(  432):   3: sent at 259035000000, (unhandled) KeyEvent { action=ACTION_UP, keyCode=KEYCODE_MEDIA_PLAY_PAUSE, scanCode=0, metaState=0, flags=0x8, repeatCount=0, eventTime=259035, downTime=259035, deviceId=-1, source=0x101 }
D/InputEventConsistencyVerifier(  432):   4: sent at 258944000000, (unhandled) KeyEvent { action=ACTION_DOWN, keyCode=KEYCODE_MEDIA_PLAY_PAUSE, scanCode=0, metaState=0, flags=0x8, repeatCount=0, eventTime=258944, downTime=258944, deviceId=-1, source=0x101 }
D/InputEventConsistencyVerifier(  432):   5: sent at 258910000000, MotionEvent { action=ACTION_UP, id[0]=0, x[0]=259.0, y[0]=24.0, toolType[0]=TOOL_TYPE_UNKNOWN, buttonState=0, metaState=0, flags=0x0, edgeFlags=0x0, pointerCount=1, historySize=0, eventTime=258910, downTime=258895, deviceId=0, source=0x1002 }
I/Choreographer(  432): Skipped 59 frames!  The application may be doing too much work on its main thread.
W/dalvikvm(  432): DroidBox: { "FdAccess": { "path": "2f70726f632f6d656d696e666f", "id": "212287627" } }
W/DroidBox(  432): DroidBox: { "FileRW": { "operation": "read", "data": "4d656d546f74616c3a202020202020202020373438393634206b420a4d656d467265653a20202020202020202020343630303536206b420a427566666572733a20202020202020202020202035353532206b420a4361636865643a202020202020202020", "id": "212287627" } }
W/DroidBox( 1100): DroidBox: { "ServiceStart": { "name": "com.android.music.MediaPlaybackService" } }
D/PhoneStatusBar(  432): disable: < expand icons alerts TICKER* system_info back home recent clock >
W/DroidBox( 1100): DroidBox: { "ServiceStart": { "name": "com.android.music.MediaPlaybackService" } }
D/InputEventConsistencyVerifier(  432): TouchEvent: ACTION_DOWN but pointers are already down.  Probably missing ACTION_UP from previous gesture.
D/InputEventConsistencyVerifier(  432):   in android.view.ScaleGestureDetector@b3ebc8e8
D/InputEventConsistencyVerifier(  432):   0: sent at 259177000000, MotionEvent { action=ACTION_DOWN, id[0]=0, x[0]=222.0, y[0]=616.0, toolType[0]=TOOL_TYPE_UNKNOWN, buttonState=0, metaState=0, flags=0x0, edgeFlags=0x0, pointerCount=1, historySize=0, eventTime=259177, downTime=259177, deviceId=0, source=0x1002 }
D/InputEventConsistencyVerifier(  432):   -- recent events --
D/InputEventConsistencyVerifier(  432):   1: sent at 259065000000, MotionEvent { action=ACTION_DOWN, id[0]=0, x[0]=421.0, y[0]=290.0, toolType[0]=TOOL_TYPE_UNKNOWN, buttonState=0, metaState=0, flags=0x0, edgeFlags=0x0, pointerCount=1, historySize=0, eventTime=259065, downTime=259065, deviceId=0, source=0x1002 }
D/InputEventConsistencyVerifier(  432):   2: sent at 258910000000, MotionEvent { action=ACTION_UP, id[0]=0, x[0]=259.0, y[0]=24.0, toolType[0]=TOOL_TYPE_UNKNOWN, buttonState=0, metaState=0, flags=0x0, edgeFlags=0x0, pointerCount=1, historySize=0, eventTime=258910, downTime=258895, deviceId=0, source=0x1002 }
D/InputEventConsistencyVerifier(  432):   3: sent at 258896000000, MotionEvent { action=ACTION_DOWN, id[0]=0, x[0]=266.0, y[0]=26.0, toolType[0]=TOOL_TYPE_UNKNOWN, buttonState=0, metaState=0, flags=0x80000000, edgeFlags=0x0, pointerCount=1, historySize=0, eventTime=258896, downTime=258895, deviceId=0, source=0x1002 }
D/InputEventConsistencyVerifier(  432):   4: sent at 257613000000, MotionEvent { action=ACTION_DOWN, id[0]=0, x[0]=227.0, y[0]=649.0, toolType[0]=TOOL_TYPE_UNKNOWN, buttonState=0, metaState=0, flags=0x0, edgeFlags=0x0, pointerCount=1, historySize=0, eventTime=257613, downTime=257581, deviceId=0, source=0x1002 }
D/InputEventConsistencyVerifier(  432):   5: sent at 257126000000, MotionEvent { action=ACTION_UP, id[0]=0, x[0]=401.0, y[0]=37.0, toolType[0]=TOOL_TYPE_UNKNOWN, buttonState=0, metaState=0, flags=0x0, edgeFlags=0x0, pointerCount=1, historySize=0, eventTime=257126, downTime=257107, deviceId=0, source=0x1002 }
V/PhoneStatusBar(  432): setLightsOn(true)
I/Choreographer(  432): Skipped 40 frames!  The application may be doing too much work on its main thread.
W/dalvikvm(  432): DroidBox: { "FdAccess": { "path": "2f70726f632f6d656d696e666f", "id": "340031480" } }
W/DroidBox(  432): DroidBox: { "FileRW": { "operation": "read", "data": "4d656d546f74616c3a202020202020202020373438393634206b420a4d656d467265653a20202020202020202020343538363932206b420a427566666572733a20202020202020202020202035353532206b420a4361636865643a202020202020202020", "id": "340031480" } }
I/AudioService(  230):  AudioFocus  requestAudioFocus() from android.media.AudioManager@b3dfb658com.android.music.MediaPlaybackService$3@b3df9e90
I/AudioService(  230):   Remote Control   registerMediaButtonIntent() for PendingIntent{b416d120: PendingIntentRecord{b40c30f8 com.android.music broadcastIntent}}
D/InputEventConsistencyVerifier(  432): TouchEvent: ACTION_DOWN but pointers are already down.  Probably missing ACTION_UP from previous gesture.
D/InputEventConsistencyVerifier(  432):   in android.view.ScaleGestureDetector@b3ebc8e8
D/InputEventConsistencyVerifier(  432):   0: sent at 259299000000, MotionEvent { action=ACTION_DOWN, id[0]=0, x[0]=33.0, y[0]=368.0, toolType[0]=TOOL_TYPE_UNKNOWN, buttonState=0, metaState=0, flags=0x0, edgeFlags=0x0, pointerCount=1, historySize=0, eventTime=259299, downTime=259296, deviceId=0, source=0x1002 }
D/InputEventConsistencyVerifier(  432):   -- recent events --
D/InputEventConsistencyVerifier(  432):   1: sent at 259177000000, MotionEvent { action=ACTION_DOWN, id[0]=0, x[0]=222.0, y[0]=616.0, toolType[0]=TOOL_TYPE_UNKNOWN, buttonState=0, metaState=0, flags=0x80000000, edgeFlags=0x0, pointerCount=1, historySize=0, eventTime=259177, downTime=259177, deviceId=0, source=0x1002 }
D/InputEventConsistencyVerifier(  432):   2: sent at 259065000000, MotionEvent { action=ACTION_DOWN, id[0]=0, x[0]=421.0, y[0]=290.0, toolType[0]=TOOL_TYPE_UNKNOWN, buttonState=0, metaState=0, flags=0x0, edgeFlags=0x0, pointerCount=1, historySize=0, eventTime=259065, downTime=259065, deviceId=0, source=0x1002 }
D/InputEventConsistencyVerifier(  432):   3: sent at 258910000000, MotionEvent { action=ACTION_UP, id[0]=0, x[0]=259.0, y[0]=24.0, toolType[0]=TOOL_TYPE_UNKNOWN, buttonState=0, metaState=0, flags=0x0, edgeFlags=0x0, pointerCount=1, historySize=0, eventTime=258910, downTime=258895, deviceId=0, source=0x1002 }
D/InputEventConsistencyVerifier(  432):   4: sent at 258896000000, MotionEvent { action=ACTION_DOWN, id[0]=0, x[0]=266.0, y[0]=26.0, toolType[0]=TOOL_TYPE_UNKNOWN, buttonState=0, metaState=0, flags=0x80000000, edgeFlags=0x0, pointerCount=1, historySize=0, eventTime=258896, downTime=258895, deviceId=0, source=0x1002 }
D/InputEventConsistencyVerifier(  432):   5: sent at 257613000000, MotionEvent { action=ACTION_DOWN, id[0]=0, x[0]=227.0, y[0]=649.0, toolType[0]=TOOL_TYPE_UNKNOWN, buttonState=0, metaState=0, flags=0x0, edgeFlags=0x0, pointerCount=1, historySize=0, eventTime=257613, downTime=257581, deviceId=0, source=0x1002 }
I/Choreographer(  432): Skipped 53 frames!  The application may be doing too much work on its main thread.
I/Choreographer( 1180): Skipped 54 frames!  The application may be doing too much work on its main thread.
D/InputEventConsistencyVerifier(  432): TouchEvent: ACTION_DOWN but pointers are already down.  Probably missing ACTION_UP from previous gesture.
D/InputEventConsistencyVerifier(  432):   in android.view.ScaleGestureDetector@b3ebc8e8
D/InputEventConsistencyVerifier(  432):   0: sent at 259579000000, MotionEvent { action=ACTION_DOWN, id[0]=0, x[0]=184.0, y[0]=333.0, toolType[0]=TOOL_TYPE_UNKNOWN, buttonState=0, metaState=0, flags=0x0, edgeFlags=0x0, pointerCount=1, historySize=0, eventTime=259579, downTime=259578, deviceId=0, source=0x1002 }
D/InputEventConsistencyVerifier(  432):   -- recent events --
D/InputEventConsistencyVerifier(  432):   1: sent at 259299000000, MotionEvent { action=ACTION_DOWN, id[0]=0, x[0]=33.0, y[0]=368.0, toolType[0]=TOOL_TYPE_UNKNOWN, buttonState=0, metaState=0, flags=0x80000000, edgeFlags=0x0, pointerCount=1, historySize=0, eventTime=259299, downTime=259296, deviceId=0, source=0x1002 }
D/InputEventConsistencyVerifier(  432):   2: sent at 259177000000, MotionEvent { action=ACTION_DOWN, id[0]=0, x[0]=222.0, y[0]=616.0, toolType[0]=TOOL_TYPE_UNKNOWN, buttonState=0, metaState=0, flags=0x80000000, edgeFlags=0x0, pointerCount=1, historySize=0, eventTime=259177, downTime=259177, deviceId=0, source=0x1002 }
D/InputEventConsistencyVerifier(  432):   3: sent at 259065000000, MotionEvent { action=ACTION_DOWN, id[0]=0, x[0]=421.0, y[0]=290.0, toolType[0]=TOOL_TYPE_UNKNOWN, buttonState=0, metaState=0, flags=0x0, edgeFlags=0x0, pointerCount=1, historySize=0, eventTime=259065, downTime=259065, deviceId=0, source=0x1002 }
D/InputEventConsistencyVerifier(  432):   4: sent at 258910000000, MotionEvent { action=ACTION_UP, id[0]=0, x[0]=259.0, y[0]=24.0, toolType[0]=TOOL_TYPE_UNKNOWN, buttonState=0, metaState=0, flags=0x0, edgeFlags=0x0, pointerCount=1, historySize=0, eventTime=258910, downTime=258895, deviceId=0, source=0x1002 }
D/InputEventConsistencyVerifier(  432):   5: sent at 258896000000, MotionEvent { action=ACTION_DOWN, id[0]=0, x[0]=266.0, y[0]=26.0, toolType[0]=TOOL_TYPE_UNKNOWN, buttonState=0, metaState=0, flags=0x80000000, edgeFlags=0x0, pointerCount=1, historySize=0, eventTime=258896, downTime=258895, deviceId=0, source=0x1002 }
V/PhoneStatusBar(  432): setLightsOn(true)
D/PhoneStatusBar(  432): disable: < expand icons alerts ticker* system_info back home recent clock >
D/InputEventConsistencyVerifier( 1180): KeyEvent: ACTION_UP but key was not down.
D/InputEventConsistencyVerifier( 1180):   in com.android.internal.policy.impl.PhoneWindow$DecorView@b3dfbc80
D/InputEventConsistencyVerifier( 1180):   0: sent at 259758000000, KeyEvent { action=ACTION_UP, keyCode=KEYCODE_DPAD_UP, scanCode=0, metaState=0, flags=0x8, repeatCount=0, eventTime=259758, downTime=259758, deviceId=-1, source=0x101 }
D/InputEventConsistencyVerifier( 1180): KeyEvent: ACTION_UP but key was not down.
D/InputEventConsistencyVerifier( 1180):   in com.android.internal.policy.impl.PhoneWindow$DecorView@b3dfbc80
D/InputEventConsistencyVerifier( 1180):   0: sent at 26003000000