D/InputEventConsistencyVerifier(  432):   5: sent at 240742000000, (unhandled) KeyEvent { action=ACTION_UP, keyCode=KEYCODE_DPAD_UP, scanCode=0, metaState=0, flags=0x400, repeatCount=0, eventTime=240742, downTime=240742, deviceId=-1, source=0x101 }
W/dalvikvm(  432): DroidBox: { "FdAccess": { "path": "2f70726f632f6d656d696e666f", "id": "696334004" } }
W/DroidBox(  432): DroidBox: { "FileRW": { "operation": "read", "data": "4d656d546f74616c3a202020202020202020373438393634206b420a4d656d467265653a20202020202020202020343532343932206b420a427566666572733a20202020202020202020202035353238206b420a4361636865643a202020202020202020", "id": "696334004" } }
D/InputEventConsistencyVerifier(  432): TouchEvent: ACTION_DOWN but pointers are already down.  Probably missing ACTION_UP from previous gesture.
D/InputEventConsistencyVerifier(  432):   in android.view.ScaleGestureDetector@b3ebc8e8
D/InputEventConsistencyVerifier(  432):   0: sent at 241218000000, MotionEvent { action=ACTION_DOWN, id[0]=0, x[0]=217.0, y[0]=713.0, toolType[0]=TOOL_TYPE_UNKNOWN, buttonState=0, metaState=0, flags=0x0, edgeFlags=0x0, pointerCount=1, historySize=0, eventTime=241218, downTime=241218, deviceId=0, source=0x1002 }
D/InputEventConsistencyVerifier(  432):   -- recent events --
D/InputEventConsistencyVerifier(  432):   1: sent at 240893000000, MotionEvent { action=ACTION_MOVE, id[0]=0, x[0]=404.0, y[0]=494.0, toolType[0]=TOOL_TYPE_UNKNOWN, buttonState=0, metaState=0, flags=0x0, edgeFlags=0x0, pointerCount=1, historySize=6, eventTime=240893, downTime=240850, deviceId=0, source=0x1002 }
D/InputEventConsistencyVerifier(  432):   2: sent at 240862000000, MotionEvent { action=ACTION_DOWN, id[0]=0, x[0]=463.0, y[0]=438.0, toolType[0]=TOOL_TYPE_UNKNOWN, buttonState=0, metaState=0, flags=0x80000000, edgeFlags=0x0, pointerCount=1, historySize=0, eventTime=240862, downTime=240850, deviceId=0, source=0x1002 }
D/InputEventConsistencyVerifier(  432):   3: sent at 240480500000, MotionEvent { action=ACTION_MOVE, id[0]=0, x[0]=132.0, y[0]=658.5, toolType[0]=TOOL_TYPE_UNKNOWN, buttonState=0, metaState=0, flags=0x0, edgeFlags=0x0, pointerCount=1, historySize=2, eventTime=240480, downTime=240464, deviceId=0, source=0x1002 }
D/InputEventConsistencyVerifier(  432):   4: sent at 240467000000, MotionEvent { action=ACTION_DOWN, id[0]=0, x[0]=126.0, y[0]=643.0, toolType[0]=TOOL_TYPE_UNKNOWN, buttonState=0, metaState=0, flags=0x0, edgeFlags=0x0, pointerCount=1, historySize=0, eventTime=240467, downTime=240464, deviceId=0, source=0x1002 }
D/InputEventConsistencyVerifier(  432):   5: sent at 240361000000, MotionEvent { action=ACTION_UP, id[0]=0, x[0]=102.0, y[0]=763.0, toolType[0]=TOOL_TYPE_UNKNOWN, buttonState=0, metaState=0, flags=0x0, edgeFlags=0x0, pointerCount=1, historySize=0, eventTime=240361, downTime=240315, deviceId=0, source=0x1002 }
D/InputEventConsistencyVerifier(  432): KeyEvent: ACTION_UP but key was not down.
D/InputEventConsistencyVerifier(  432):   in android.widget.FrameLayout@b3e1af60
D/InputEventConsistencyVerifier(  432):   0: sent at 241266000000, KeyEvent { action=ACTION_UP, keyCode=KEYCODE_DPAD_DOWN, scanCode=0, metaState=0, flags=0x400, repeatCount=0, eventTime=241266, downTime=241266, deviceId=-1, source=0x101 }
D/InputEventConsistencyVerifier(  432):   -- recent events --
D/InputEventConsistencyVerifier(  432):   1: sent at 241120000000, (unhandled) KeyEvent { action=ACTION_DOWN, keyCode=KEYCODE_DPAD_UP, scanCode=0, metaState=0, flags=0x8, repeatCount=0, eventTime=241120, downTime=241120, deviceId=-1, source=0x101 }
D/InputEventConsistencyVerifier(  432):   2: sent at 241113000000, (unhandled) KeyEvent { action=ACTION_UP, keyCode=KEYCODE_MENU, scanCode=0, metaState=0, flags=0x8, repeatCount=0, eventTime=241113, downTime=241113, deviceId=-1, source=0x101 }
D/InputEventConsistencyVerifier(  432):   3: sent at 241057000000, (unhandled) KeyEvent { action=ACTION_DOWN, keyCode=KEYCODE_MENU, scanCode=0, metaState=0, flags=0x8, repeatCount=0, eventTime=241057, downTime=241057, deviceId=-1, source=0x101 }
D/InputEventConsistencyVerifier(  432):   4: sent at 241110000000, (unhandled) KeyEvent { action=ACTION_UP, keyCode=KEYCODE_DPAD_RIGHT, scanCode=0, metaState=0, flags=0x400, repeatCount=0, eventTime=241110, downTime=241110, deviceId=-1, source=0x101 }
D/InputEventConsistencyVerifier(  432):   5: sent at 241110000000, (unhandled) KeyEvent { action=ACTION_DOWN, keyCode=KEYCODE_DPAD_RIGHT, scanCode=0, metaState=0, flags=0x400, repeatCount=0, eventTime=241110, downTime=241110, deviceId=-1, source=0x101 }
D/InputEventConsistencyVerifier(  432): TouchEvent: ACTION_DOWN but pointers are already down.  Probably missing ACTION_UP from previous gesture.
D/InputEventConsistencyVerifier(  432):   in android.view.ScaleGestureDetector@b3ebc8e8
D/InputEventConsistencyVerifier(  432):   0: sent at 241337000000, MotionEvent { action=ACTION_DOWN, id[0]=0, x[0]=402.0, y[0]=632.0, toolType[0]=TOOL_TYPE_UNKNOWN, buttonState=0, metaState=0, flags=0x0, edgeFlags=0x0, pointerCount=1, historySize=0, eventTime=241337, downTime=241335, deviceId=0, source=0x1002 }
D/InputEventConsistencyVerifier(  432):   -- recent events --
D/InputEventConsistencyVerifier(  432):   1: sent at 241218000000, MotionEvent { action=ACTION_DOWN, id[0]=0, x[0]=217.0, y[0]=713.0, toolType[0]=TOOL_TYPE_UNKNOWN, buttonState=0, metaState=0, flags=0x80000000, edgeFlags=0x0, pointerCount=1, historySize=0, eventTime=241218, downTime=241218, deviceId=0, source=0x1002 }
D/InputEventConsistencyVerifier(  432):   2: sent at 240893000000, MotionEvent { action=ACTION_MOVE, id[0]=0, x[0]=404.0, y[0]=494.0, toolType[0]=TOOL_TYPE_UNKNOWN, buttonState=0, metaState=0, flags=0x0, edgeFlags=0x0, pointerCount=1, historySize=6, eventTime=240893, downTime=240850, deviceId=0, source=0x1002 }
D/InputEventConsistencyVerifier(  432):   3: sent at 240862000000, MotionEvent { action=ACTION_DOWN, id[0]=0, x[0]=463.0, y[0]=438.0, toolType[0]=TOOL_TYPE_UNKNOWN, buttonState=0, metaState=0, flags=0x80000000, edgeFlags=0x0, pointerCount=1, historySize=0, eventTime=240862, downTime=240850, deviceId=0, source=0x1002 }
D/InputEventConsistencyVerifier(  432):   4: sent at 240480500000, MotionEvent { action=ACTION_MOVE, id[0]=0, x[0]=132.0, y[0]=658.5, toolType[0]=TOOL_TYPE_UNKNOWN, buttonState=0, metaState=0, flags=0x0, edgeFlags=0x0, pointerCount=1, historySize=2, eventTime=240480, downTime=240464, deviceId=0, source=0x1002 }
D/InputEventConsistencyVerifier(  432):   5: sent at 240467000000, MotionEvent { action=ACTION_DOWN, id[0]=0, x[0]=126.0, y[0]=643.0, toolType[0]=TOOL_TYPE_UNKNOWN, buttonState=0, metaState=0, flags=0x0, edgeFlags=0x0, pointerCount=1, historySize=0, eventTime=240467, downTime=240464, deviceId=0, source=0x1002 }
D/InputEventConsistencyVerifier(  432): TouchEvent: ACTION_DOWN but pointers are already down.  Probably missing ACTION_UP from previous gesture.
D/InputEventConsistencyVerifier(  432):   in android.view.ScaleGestureDetector@b3ebc8e8
D/InputEventConsistencyVerifier(  432):   0: sent at 241383000000, MotionEvent { action=ACTION_DOWN, id[0]=0, x[0]=72.0, y[0]=276.0, toolType[0]=TOOL_TYPE_UNKNOWN, buttonState=0, metaState=0, flags=0x0, edgeFlags=0x0, pointerCount=1, historySize=0, eventTime=241383, downTime=241382, deviceId=0, source=0x1002 }
D/InputEventConsistencyVerifier(  432):   -- recent events --
D/InputEventConsistencyVerifier(  432):   1: sent at 241337000000, MotionEvent { action=ACTION_DOWN, id[0]=0, x[0]=402.0, y[0]=632.0, toolType[0]=TOOL_TYPE_UNKNOWN, buttonState=0, metaState=0, flags=0x80000000, edgeFlags=0x0, pointerCount=1, historySize=0, eventTime=241337, downTime=241335, deviceId=0, source=0x1002 }
D/InputEventConsistencyVerifier(  432):   2: sent at 241218000000, MotionEvent { action=ACTION_DOWN, id[0]=0, x[0]=217.0, y[0]=713.0, toolType[0]=TOOL_TYPE_UNKNOWN, buttonState=0, metaState=0, flags=0x80000000, edgeFlags=0x0, pointerCount=1, historySize=0, eventTime=241218, downTime=241218, deviceId=0, source=0x1002 }
D/InputEventConsistencyVerifier(  432):   3: sent at 240893000000, MotionEvent { action=ACTION_MOVE, id[0]=0, x[0]=404.0, y[0]=494.0, toolType[0]=TOOL_TYPE_UNKNOWN, buttonState=0, metaState=0, flags=0x0, edgeFlags=0x0, pointerCount=1, historySize=6, eventTime=240893, downTime=240850, deviceId=0, source=0x1002 }
D/InputEventConsistencyVerifier(  432):   4: sent at 240862000000, MotionEvent { action=ACTION_DOWN, id[0]=0, x[0]=463.0, y[0]=438.0, toolType[0]=TOOL_TYPE_UNKNOWN, buttonState=0, metaState=0, flags=0x80000000, edgeFlags=0x0, pointerCount=1, historySize=0, eventTime=240862, downTime=240850, deviceId=0, source=0x1002 }
D/InputEventConsistencyVerifier(  432):   5: sent at 240480500000, MotionEvent { action=ACTION_MOVE, id[0]=0, x[0]=132.0, y[0]=658.5, toolType[0]=TOOL_TYPE_UNKNOWN, buttonState=0, metaState=0, flags=0x0, edgeFlags=0x0, pointerCount=1, historySize=2, eventTime=240480, downTime=240464, deviceId=0, source=0x1002 }
W/dalvikvm(  432): DroidBox: { "FdAccess": { "path": "2f70726f632f6d656d696e666f", "id": "1046655863" } }
W/DroidBox(  432): DroidBox: { "FileRW": { "operation": "read", "data": "4d656d546f74616c3a202020202020202020373438393634206b420a4d656d467265653a20202020202020202020343532353030206b420a427566666572733a20202020202020202020202035353238206b420a4361636865643a202020202020202020", "id": "1046655863" } }
W/InputMethodManagerService(  230): Window already focused, ignoring focus gain of: com.android.internal.view.IInputMethodClient$Stub$Proxy@b41180b8 attribute=android.view.inputmethod.EditorInfo@b40a6a40
I/Choreographer(  432): Skipped 36 frames!  The application may be doing too much work on its main thread.
D/InputEventConsistencyVerifier(  432): KeyEvent: ACTION_UP but key was not down.
D/InputEventConsistencyVerifier(  432):   in com.android.systemui.statusbar.phone.StatusBarWindowView@b3e1c1d8
D/InputEventConsistencyVerifier(  432):   0: sent at 241624000000, KeyEvent { action=ACTION_UP, keyCode=KEYCODE_DPAD_UP, scanCode=0, metaState=0, flags=0x400, repeatCount=0, eventTime=241624, downTime=241624, deviceId=-1, source=0x101 }
D/InputEventConsistencyVerifier(  432):   -- recent events --
D/InputEventConsistencyVerifier(  432):   1: sent at 241469000000, (unhandled) MotionEvent { action=ACTION_MOVE, id[0]=0, x[0]=3.0, y[0]=-4.0, toolType[0]=TOOL_TYPE_UNKNOWN, buttonState=0, metaState=0, flags=0x0, edgeFlags=0x0, pointerCount=1, historySize=9, eventTime=241469, downTime=-1, deviceId=0, source=0x10004 }
D/InputEventConsistencyVerifier(  432):   2: sent at 241540000000, MotionEvent { action=ACTION_UP, id[0]=0, x[0]=141.0, y[0]=206.0, toolType[0]=TOOL_TYPE_UNKNOWN, buttonState=0, metaState=0, flags=0x0, edgeFlags=0x0, pointerCount=1, historySize=0, eventTime=241540, downTime=241491, deviceId=0, source=0x1002 }
D/InputEventConsistencyVerifier(  432):   3: sent at 241492000000, MotionEvent { action=ACTION_DOWN, id[0]=0, x[0]=143.0, y[0]=207.0, toolType[0]=TOOL_TYPE_UNKNOWN, buttonState=0, metaState=0, flags=0x0, edgeFlags=0x0, pointerCount=1, historySize=0, eventTime=241492, downTime=241491, deviceId=0, source=0x1002 }
D/InputEventConsistencyVerifier(  432):   4: sent at 241388000000, MotionEvent { action=ACTION_UP, id[0]=0, x[0]=76.0, y[0]=277.0, toolType[0]=TOOL_TYPE_UNKNOWN, buttonState=0, metaState=0, flags=0x0, edgeFlags=0x0, pointerCount=1, historySize=0, eventTime=241388, downTime=241382, deviceId=0, source=0x1002 }
D/InputEventConsistencyVerifier(  432):   5: sent at 241383000000, MotionEvent { action=ACTION_DOWN, id[0]=0, x[0]=72.0, y[0]=276.0, toolType[0]=TOOL_TYPE_UNKNOWN, buttonState=0, metaState=0, flags=0x0, edgeFlags=0x0, pointerCount=1, historySize=0, eventTime=241383, downTime=241382, deviceId=0, source=0x1002 }
V/PhoneStatusBar(  432): setLightsOn(true)
D/PhoneStatusBar(  432): disable: < expand icons alerts ticker* system_info back home recent clock >
D/InputEventConsistencyVerifier( 1059): KeyEvent: ACTION_UP but key was not down.
D/InputEventConsistencyVerifier( 1059):   in com.android.internal.policy.impl.PhoneWindow$DecorView@b3de50c0
D/InputEventConsistencyVerifier( 1059):   0: sent at 241680000000, KeyEvent { action=ACTION_UP, keyCode=KEYCODE_DPAD_LEFT, scanCode=0, metaState=0, flags=0x400, repeatCount=0, eventTime=241680, downTime=241680, deviceId=-1, source=0x101 }
D/InputEventConsistencyVerifier( 1059):   -- recent events --
D/InputEventConsistencyVerifier( 1059):   1: sent at 241656000000, (unhandled) MotionEvent { action=ACTION_MOVE, id[0]=0, x[0]=-3.0, y[0]=-1.0, toolType[0]=TOOL_TYPE_UNKNOWN, buttonState=0, metaState=0, flags=0x0, edgeFlags=0x0, pointerCount=1, historySize=6, eventTime=241656, downTime=-1, deviceId=0, source=0x10004 }
D/InputEventConsistencyVerifier( 1059):   2: sent at 237112000000, MotionEvent { action=ACTION_UP, id[0]=0, x[0]=244.0, y[0]=498.0, toolType[0]=TOOL_TYPE_UNKNOWN, buttonState=0, metaState=0, flags=0x0, edgeFlags=0x0, pointerCount=1, historySize=0, eventTime=237112, downTime=237107, deviceId=0, source=0x1002 }
D/InputEventConsistencyVerifier( 1059):   3: sent at 237107000000, MotionEvent { action=ACTION_DOWN, id[0]=0, x[0]=244.0, y[0]=508.0, toolType[0]=TOOL_TYPE_UNKNOWN, buttonState=0, metaState=0, flags=0x0, edgeFlags=0x0, pointerCount=1, historySize=0, eventTime=237107, downTime=237107, deviceId=0, source=0x1002 }
D/InputEventConsistencyVerifier( 1059):   4: sent at 237098000000, MotionEvent { action=ACTION_UP, id[0]=0, x[0]=349.0, y[0]=687.0, toolType[0]=TOOL_TYPE_UNKNOWN, buttonState=0, metaState=0, flags=0x0, edgeFlags=0x0, pointerCount=1, historySize=0, eventTime=237098, downTime=237092, deviceId=0, source=0x1002 }
D/InputEventConsistencyVerifier( 1059):   5: sent at 237092000000, MotionEvent { action=ACTION_DOWN, id[0]=0, x[0]=344.0, y[0]=696.0, toolType[0]=TOOL_TYPE_UNKNOWN, buttonState=0, metaState=0, flags=0x0, edgeFlags=0x0, pointerCount=1, historySize=0, eventTime=237092, downTime=237092, deviceId=0, source=0x1002 }
I/Choreographer( 1059): Skipped 54 frames!  The application may be doing too much work on its main thread.
D/PhoneStatusBar(  432): disable: < EXPAND* icons alerts ticker system_info back home recent clock >
D/InputEventConsistencyVerifier(  230): KeyEvent: ACTION_UP but key was not down.
D/InputEventConsistencyVerifier(  230):   in android.view.ViewRootImpl@b3ed9690
D/InputEventConsistencyVerifier(  230):   0: sent at 242616000000, KeyEvent { action=ACTION_UP, keyCode=KEYCODE_DPAD_UP, scanCode=0, metaState=0, flags=0x8, repeatCount=0, eventTime=242616, downTime=242616, deviceId=-1, source=0x101 }
D/InputEventConsistencyVerifier(  230): KeyEvent: ACTION_UP but key was not down.
D/InputEventConsistencyVerifier(  230):   in com.android.internal.policy.impl.PhoneWindow$DecorView@b4115110
D/InputEventConsistencyVerifier(  230):   0: sent at 242891000000, KeyEvent { action=ACTION_UP, keyCode=KEYCODE_DPAD_UP, scanCode=0, metaState=0, flags=0x400, repeatCount=0, eventTime=242891, downTime=242891, deviceId=-1, source=0x101 }
D/InputEventConsistencyVerifier(  230):   -- recent events --
D/InputEventConsistencyVerifier(  230):   1: sent at 242867000000, (unhandled) MotionEvent { action=ACTION_MOVE, id[0]=0, x[0]=2.0, y[0]=-2.0, toolType[0]=TOOL_TYPE_UNKNOWN, buttonState=0, metaState=0, flags=0x0, edgeFlags=0x0, pointerCount=1, historySize=5, eventTime=242867, downTime=-1, deviceId=0, source=0x10004 }
D/InputEventConsistencyVerifier(  230):   2: sent at 242785000000, (unhandled) KeyEvent { action=ACTION_UP, keyCode=KEYCODE_DPAD_LEFT, scanCode=0, metaState=0, flags=0x8, repeatCount=0, eventTime=242785, downTime=242785, deviceId=-1, source=0x101 }
D/InputEventConsistencyVerifier(  230):   3: sent at 242781000000, (unhandled) KeyEvent { action=ACTION_DOWN, keyCode=KEYCODE_DPAD_LEFT, scanCode=0, metaState=0, flags=0x8, repeatCount=0, eventTime=242781, downTime=242781, deviceId=-1, source=0x101 }
D/InputEventConsistencyVerifier(  230):   4: sent at 242777000000, (unhandled) KeyEvent { action=ACTION_UP, keyCode=KEYCODE_DPAD_DOWN, scanCode=0, metaState=0, flags=0x8, repeatCount=0, eventTime=242777, downTime=242777, deviceId=-1, source=0x101 }
D/InputEventConsistencyVerifier(  230):   5: sent at 242773000000, (unhandled) KeyEvent { action=ACTION_DOWN, keyCode=KEYCODE_DPAD_DOWN, scanCode=0, metaState=0, flags=0x8, repeatCount=0, eventTime=242773, downTime=242773, deviceId=-1, source=0x101 }
I/Choreographer(  230): Skipped 41 frames!  The application may be doing too much work on its main thread.
I/Choreographer( 1059): Skipped 166 frames!  The application may be doing too much work on its main thread.
I/Choreographer(  230): Skipped 61 frames!  The application may be doing too much work on its main thread.
D/InputEventConsistencyVerifier(  230): KeyEvent: ACTION_UP but key was not down.
D/InputEventConsistencyVerifier(  230):   in com.android.internal.policy.impl.PhoneWindow$DecorView@b4115110
D/InputEventConsistencyVerifier(  230):   0: sent at 244306000000, KeyEvent { action=ACTION_UP, keyCode=KEYCODE_DPAD_RIGHT, scanCode=0, metaState=0, flags=0x400, repeatCount=0, eventTime=244306, downTime=244306, deviceId=-1, source=0x101 }
D/InputEventConsistencyVerifier(  230):   -- recent events --
D/InputEventConsistencyVerifier(  230):   1: sent at 244279000000, (unhandled) MotionEvent { action=ACTION_MOVE, id[0]=0, x[0]=4.0, y[0]=-1.0, toolType[0]=TOOL_TYPE_UNKNOWN, buttonState=0, metaState=0, flags=0x0, edgeFlags=0x0, pointerCount=1, historySize=0, eventTime=244279, downTime=-1, deviceId=0, source=0x10004 }
D/InputEventConsistencyVerifier(  230):   2: sent at 244272000000, (unhandled) KeyEvent { action=ACTION_UP, keyCode=KEYCODE_MENU, scanCode=0, metaState=0, flags=0x8, repeatCount=0, eventTime=244272, downTime=244272, deviceId=-1, source=0x101 }
D/InputEventConsistencyVerifier(  230):   3: sent at 244236000000, (unhandled) KeyEvent { action=ACTION_DOWN, keyCode=KEYCODE_MENU, scanCode=0, metaState=0, flags=0x8, repeatCount=0, eventTime=244236, downTime=244236, deviceId=-1, source=0x101 }
D/InputEventConsistencyVerifier(  230):   4: sent at 244232000000, (unhandled) KeyEvent { action=ACTION_UP, keyCode=KEYCODE_MENU, scanCode=0, metaState=0, flags=0x8, repeatCount=0, eventTime=244232, downTime=244232, deviceId=-1, source=0x101 }
D/InputEventConsistencyVerifier(  230):   5: sent at 244112000000, (unhandled) KeyEvent { action=ACTION_DOWN, keyCode=KEYCODE_MENU, scanCode=0, metaState=0, flags=0x8, repeatCount=0, eventTime=244112, downTime=244112, deviceId=-1, source=0x101 }
I/Choreographer( 1059): Skipped 57 frames!  The application may be doing too much work on its main thread.
W/WindowManager(  230): Failure taking screenshot for (246x410) to layer 21015
D/PhoneStatusBar(  432): disable: < expand* icons alerts ticker system_info back home recent clock >
V/PhoneStatusBar(  432): setLightsOn(true)
W/InputManager(  230): Input event injection from pid 1037 failed.
W/InputManager(  230): Input event injection from pid 1037 failed.
W/InputManager(  230): Input event injection from pid 1037 failed.
W/InputManager(  230): Input event injection from pid 1037 failed.
W/InputManager(  230): Input event injection from pid 1037 failed.
W/InputManager(  230): Input event injection from pid 1037 failed.
D/InputEventConsistencyVerifier( 1059): KeyEvent: ACTION_UP but key was not down.
D/InputEventConsistencyVerifier( 1059):   in com.android.internal.policy.impl.PhoneWindow$DecorView@b3e38e98
D/InputEventConsistencyVerifier( 1059):   0: sent at 245056000000, KeyEvent { action=ACTION_UP, keyCode=KEYCODE_DPAD_LEFT, scanCode=0, metaState=0, flags=0x400, repeatCount=0, eventTime=245056, downTime=245056, deviceId=-1, source=0x101 }
D/InputEventConsistencyVerifier( 1059):   -- recent events --
D/InputEventConsistencyVerifier( 1059):   1: sent at 244913000000, (unhandled) MotionEvent { action=ACTION_MOVE, id[0]=0, x[0]=-4.0, y[0]=2.0, toolType[0]=TOOL_TYPE_UNKNOWN, buttonState=0, metaState=0, flags=0x0, edgeFlags=0x0, pointerCount=1, historySize=9, eventTime=244913, downTime=-1, deviceId=0, source=0x10004 }
D/InputEventConsistencyVerifier( 1059):   2: sent at 244854000000, MotionEvent { action=ACTION_UP, id[0]=0, x[0]=333.0, y[0]=55.0, toolType[0]=TOOL_TYPE_UNKNOWN, buttonState=0, metaState=0, flags=0x0, edgeFlags=0x0, pointerCount=1, historySize=0, eventTime=244854, downTime=244844, deviceId=0, source=0x1002 }
D/InputEventConsistencyVerifier( 1059):   3: sent at 244845000000, MotionEvent { action=ACTION_DOWN, id[0]=0, x[0]=344.0, y[0]=42.0, toolType[0]=TOOL_TYPE_UNKNOWN, buttonState=0, metaState=0, flags=0x0, edgeFlags=0x0, pointerCount=1, historySize=0, eventTime=244845, downTime=244844, deviceId=0, source=0x1002 }
D/InputEventConsistencyVerifier( 1059):   4: sent at 242686000000, (unhandled) KeyEvent { action=ACTION_UP, keyCode=KEYCODE_DPAD_UP, scanCode=0, metaState=0, flags=0x28, repeatCount=0, eventTime=242686, downTime=242577, deviceId=-1, source=0x101 }
D/InputEventConsistencyVerifier( 1059):   5: sent at 242577000000, (unhandled) KeyEvent { action=ACTION_DOWN, keyCode=KEYCODE_DPAD_UP, scanCode=0, metaState=0, flags=0x8, repeatCount=0, eventTime=242577, downTime=242577, deviceId=-1, source=0x101 }
D/InputEventConsistencyVerifier( 1059): TrackballEvent: Trackball is down but pressure is not greater than 0.
D/InputEventConsistencyVerifier( 1059):   in android.view.ViewRootImpl@b3ed2178
D/InputEventConsistencyVerifier( 1059):   0: sent at 244916000000, MotionEvent { action=ACTION_DOWN, id[0]=0, x[0]=0.0, y[0]=0.0, toolType[0]=TOOL_TYPE_UNKNOWN, buttonState=0, metaState=0, flags=0x0, edgeFlags=0x0, pointerCount=1, historySize=0, eventTime=244916, downTime=244872, deviceId=0, source=0x10004 }
D/InputEventConsistencyVerifier( 1059):   -- recent events --
D/InputEventConsistencyVerifier( 1059):   1: sent at 245060000000, KeyEvent { action=ACTION_UP, keyCode=KEYCODE_DPAD_LEFT, scanCode=0, metaState=0, flags=0x400, repeatCount=0, eventTime=245060, downTime=245060, deviceId=-1, source=0x101 }
D/InputEventConsistencyVerifier( 1059):   2: sent at 245060000000, KeyEvent { action=ACTION_DOWN, keyCode=KEYCODE_DPAD_LEFT, scanCode=0, metaState=0, flags=0x400, repeatCount=0, eventTime=245060, downTime=245060, deviceId=-1, source=0x101 }
D/InputEventConsistencyVerifier( 1059):   3: sent at 245059000000, KeyEvent { action=ACTION_UP, keyCode=KEYCODE_DPAD_LEFT, scanCode=0, metaState=0, flags=0x400, repeatCount=0, eventTime=245059, downTime=245059, deviceId=-1, source=0x101 }
D/InputEventConsistencyVerifier( 1059):   4: sent at 245059000000, KeyEvent { action=ACTION_DOWN, keyCode=KEYCODE_DPAD_LEFT, scanCode=0, metaState=0, flags=0x400, repeatCount=0, eventTime=245059, downTime=245059, deviceId=-1, source=0x101 }
D/InputEventConsistencyVerifier( 1059):   5: sent at 245058000000, KeyEvent { action=ACTION_UP, keyCode=KEYCODE_DPAD_LEFT, scanCode=0, metaState=0, flags=0x400, repeatCount=0, eventTime=245058, downTime=245058, deviceId=-1, source=0x101 }
D/InputEventConsistencyVerifier( 1059): KeyEvent: ACTION_UP but key was not down.
D/InputEventConsistencyVerifier( 1059):   in android.view.ViewRootImpl@b3e0fa80
D/InputEventConsistencyVerifier( 1059):   0: sent at 245150000000, KeyEvent { action=ACTION_UP, keyCode=KEYCODE_0, scanCode=0, metaState=0, flags=0x8, repeatCount=0, eventTime=245150, downTime=245150, deviceId=-1, source=0x101 }
I/Choreographer( 1059): Skipped 137 frames!  The application may be doing too much work on its main thread.
I/ActivityManager(  230): START {act=android.intent.action.MAIN cat=[android.intent.category.HOME] flg=0x10000000 cmp=com.android.launcher/com.android.launcher2.Launcher u=0} from pid 1059
I/AndroidRuntime( 1059): VM exiting with result code 0, cleanup skipped.
I/ActivityManager(  230): Process com.network_l4 (pid 1059) has died.
I/qtaguid (  230): Failed write_ctrl(s 0 10050) res=-1 errno=1
W/NetworkManagementSocketTagger(  230): setKernelCountSet(10050, 0) failed with errno -1
W/InputDispatcher(  230): channel 'b3f9f0d0 com.network_l4/com.network_l4.network_test_activity (server)' ~ Consumer closed input channel or an error occurred.  events=0x9
E/InputDispatcher(  230): channel 'b3f9f0d0 com.network_l4/com.network_l4.network_test_activity (server)' ~ Channel is unrecoverably broken and will be disposed!
W/ActivityManager(  230): Force removing ActivityRecord{b3e7d4e8 com.network_l4/.network_test_activity}: app died, no saved state
W/InputDispatcher(  230): Attempted to unregister already unregistered input channel 'b3f9f0d0 com.network_l4/com.network_l4.network_test_activity (server)'
I/WindowState(  230): WIN DEATH: Window{b3f9f0d0 com.network_l4/com.network_l4.network_test_activity paused=false}
W/WindowManager(  230): Force-removing child win Window{b3f4aa90 AtchDlg:com.network_l4/com.network_l4.network_test_activity paused=false} from container Window{b3f9f0d0 com.network_l4/com.network_l4.network_test_activity paused=false}
W/WindowManager(  230): Failed looking up window
W/WindowManager(  230): java.lang.IllegalArgumentException: Requested window android.os.BinderProxy@b3f4a728 does not exist
W/WindowManager(  230): 	at com.android.server.wm.WindowManagerService.windowForClientLocked(WindowManagerService.java:7640)
W/WindowManager(  230): 	at com.android.server.wm.WindowManagerService.windowForClientLocked(WindowManagerService.java:7631)
W/WindowManager(  230): 	at com.android.server.wm.WindowState$DeathRecipient.binderDied(WindowState.java:854)
W/WindowManager(  230): 	at android.os.BinderProxy.sendDeathNotice(Binder.java:449)
W/WindowManager(  230): 	at dalvik.system.NativeStart.run(Native Method)
I/WindowState(  230): WIN DEATH: null
I/WindowState(  230): WIN DEATH: Window{b3e62738 com.network_l4/com.network_l4.network_test_activity paused=false}
I/InputDispatcher(  230): Dropping event because there is no focused window or focused application.
I/WindowManager(  230): WINDOW DIED Window{b3f9f0d0 com.network_l4/com.network_l4.network_test_activity paused=false}
W/InputManager(  230): Input event injection from pid 1037 failed.
I/InputDispatcher(  230): Dropping event because there is no focused window or focused application.
I/InputDispatcher(  230): Dropping event because there is no focused window or focused application.
W/InputManager(  230): Input event injection from pid 1037 failed.
I/InputDispatcher(  230): Dropping event because there is no focused window or focused application.
I/InputDispatcher(  230): Dropping event because there is no focused window or focused application.
W/InputManager(  230): Input event injection from pid 1037 failed.
W/InputManager(  230): Input event injection from pid 1037 failed.
W/InputManager(  230): Input event injection from pid 1037 failed.
I/InputDispatcher(  230): Dropping event because there is no focused window or focused application.
W/InputManager(  230): Input event injection from pid 1037 failed.
I/InputDispatcher(  230): Dropping event because there is no focused window or focused application.
W/InputManager(  230): Input event injection from pid 1037 failed.
I/InputDispatcher(  230): Dropping event because there is no focused window or focused application.
W/InputManager(  230): Input event injection from pid 1037 failed.
I/InputDispatcher(  230): Dropping event because there is no focused window or focused application.
I/InputDispatcher(  230): Dropping event because there is no focused window or focused application.
I/InputDispatcher(  230): Dropping event because there is no focused window or focused application.
I/InputDispatcher(  230): Dropping event because there is no focused window or focused application.
I/InputDispatcher(  230): Dropping event because there is no focused window or focused application.
W/InputManager(  230): Input event injection from pid 1037 failed.
W/InputManager(  230): Input event injection from pid 1037 failed.
W/InputManager(  230): Input event injection from pid 1037 failed.
W/InputManager(  230): Input event injection from pid 1037 failed.
W/InputManager(  230): Input event injection from pid 1037 failed.
I/InputDispatcher(  230): Dropping event because there is no focused window or focused application.
W/InputManager(  230): Input event injection from pid 1037 failed.
I/InputDispatcher(  230): Dropping event because there is no focused window or focused application.
W/InputManager(  230): Input event injection from pid 1037 failed.
I/InputDispatcher(  230): Dropping event because there is no focused window or focused application.
W/InputManager(  230): Input event injection from pid 1037 failed.
I/InputDispatcher(  230): Dropping event because there is no touched window.
W/InputManager(  230): Input event injection from pid 1037 failed.
W/InputManager(  230): Input event injection from pid 1037 failed.
W/InputManager(  230): Input event injection from pid 1037 failed.
I/qtaguid (  230): Failed write_ctrl(s 1 10019) res=-1 errno=1
W/NetworkManagementSocketTagger(  230): setKernelCountSet(10019, 1) failed with errno -1
W/InputMethodManagerService(  230): Got RemoteException sending setActive(false) notification to pid 1059 uid 10050
D/InputEventConsistencyVerifier(  611): KeyEvent: ACTION_UP but key was not down.
D/InputEventConsistencyVerifier(  611):   in com.android.internal.policy.impl.PhoneWindow$DecorView@b40df800
D/InputEventConsistencyVerifier(  611):   0: sent at 246506000000, KeyEvent { action=ACTION_UP, keyCode=KEYCODE_DPAD_RIGHT, scanCode=0, metaState=0, flags=0x400, repeatCount=0, eventTime=246506, downTime=246506, deviceId=-1, source=0x101 }
D/InputEventConsistencyVerifier(  611):   -- recent events --
D/InputEventConsistencyVerifier(  611):   1: sent at 246468000000, (unhandled) MotionEvent { action=ACTION_MOVE, id[0]=0, x[0]=2.0, y[0]=-1.0, toolType[0]=TOOL_TYPE_UNKNOWN, buttonState=0, metaState=0, flags=0x0, edgeFlags=0x0, pointerCount=1, historySize=9, eventTime=246468, downTime=-1, deviceId=0, source=0x10004 }
D/InputEventConsistencyVerifier(  611):   2: sent at 105674000000, MotionEvent { action=ACTION_UP, id[0]=0, x[0]=313.0, y[0]=367.0, toolType[0]=TOOL_TYPE_UNKNOWN, buttonState=0, metaState=0, flags=0x0, edgeFlags=0x0, pointerCount=1, historySize=0, eventTime=105674, downTime=105612, deviceId=0, source=0x1002 }
D/InputEventConsistencyVerifier(  611):   3: sent at 105613000000, MotionEvent { action=ACTION_DOWN, id[0]=0, x[0]=313.0, y[0]=367.0, toolType[0]=TOOL_TYPE_UNKNOWN, buttonState=0, metaState=0, flags=0x0, edgeFlags=0x0, pointerCount=1, historySize=0, eventTime=105613, downTime=105612, deviceId=0, source=0x1002 }
D/InputEventConsistencyVerifier(  611):   4: sent at 105471000000, (unhandled) KeyEvent { action=ACTION_UP, keyCode=KEYCODE_DPAD_DOWN, scanCode=0, metaState=0, flags=0x8, repeatCount=0, eventTime=105471, downTime=105471, deviceId=-1, source=0x101 }
D/InputEventConsistencyVerifier(  611):   5: sent at 105312000000, (unhandled) KeyEvent { action=ACTION_DOWN, keyCode=KEYCODE_DPAD_DOWN, scanCode=0, metaState=0, flags=0x8, repeatCount=0, eventTime=105312, downTime=105312, deviceId=-1, source=0x101 }
D/InputEventConsistencyVerifier(  611): KeyEvent: ACTION_UP but key was not down.
D/InputEventConsistencyVerifier(  611):   in com.android.launcher2.Workspace@b407fb00
D/InputEventConsistencyVerifier(  611):   0: sent at 246507000000, KeyEvent { action=ACTION_UP, keyCode=KEYCODE_DPAD_RIGHT, scanCode=0, metaState=0, flags=0x400, repeatCount=0, eventTime=246507, downTime=246507, deviceId=-1, source=0x101 }
D/InputEventConsistencyVerifier(  611): TrackballEvent: Trackball is down but pressure is not greater than 0.
D/InputEventConsistencyVerifier(  611):   in android.view.ViewRootImpl@b3ed0768
D/InputEventConsistencyVerifier(  611):   0: sent at 246482000000, MotionEvent { action=ACTION_DOWN, id[0]=0, x[0]=0.0, y[0]=0.0, toolType[0]=TOOL_TYPE_UNKNOWN, buttonState=0, metaState=0, flags=0x0, edgeFlags=0x0, pointerCount=1, historySize=0, eventTime=246482, downTime=246326, deviceId=0, source=0x10004 }
D/InputEventConsistencyVerifier(  611):   -- recent events --
D/InputEventConsistencyVerifier(  611):   1: sent at 246507000000, KeyEvent { action=ACTION_UP, keyCode=KEYCODE_DPAD_RIGHT, scanCode=0, metaState=0, flags=0x400, repeatCount=0, eventTime=246507, downTime=246507, deviceId=-1, source=0x101 }
D/InputEventConsistencyVerifier(  611):   2: sent at 246507000000, KeyEvent { action=ACTION_DOWN, keyCode=KEYCODE_DPAD_RIGHT, scanCode=0, metaState=0, flags=0x400, repeatCount=0, eventTime=246507, downTime=246507, deviceId=-1, source=0x101 }
D/InputEventConsistencyVerifier(  611):   3: sent at 246506000000, KeyEvent { action=ACTION_UP, keyCode=KEYCODE_DPAD_RIGHT, scanCode=0, metaState=0, flags=0x400, repeatCount=0, eventTime=246506, downTime=246506, deviceId=-1, source=0x101 }
D/InputEventConsistencyVerifier(  611):   4: sent at 246506000000, KeyEvent { action=ACTION_DOWN, keyCode=KEYCODE_DPAD_RIGHT, scanCode=0, metaState=0, flags=0x400, repeatCount=0, eventTime=246506, downTime=246506, deviceId=-1, source=0x101 }
D/InputEventConsistencyVerifier(  611):   5: sent at 246468000000, MotionEvent { action=ACTION_MOVE, id[0]=0, x[0]=2.0, y[0]=-1.0, toolType[0]=TOOL_TYPE_UNKNOWN, buttonState=0, metaState=0, flags=0x0, edgeFlags=0x0, pointerCount=1, historySize=9, eventTime=246468, downTime=-1, deviceId=0, source=0x10004 }
I/ActivityManager(  230): START {act=android.intent.action.MAIN cat=[android.intent.category.LAUNCHER] flg=0x10200000 cmp=com.android.gallery3d/.app.Gallery bnds=[327,555][447,705] u=0} from pid 611
I/Choreographer(  611): Skipped 61 frames!  The application may be doing too much work on its main thread.
D/InputEventConsistencyVerifier(  611): KeyEvent: ACTION_UP but key was not down.
D/InputEventConsistencyVerifier(  611):   in com.android.launcher2.SearchDropTargetBar@b3e834e8
D/InputEventConsistencyVerifier(  611):   0: sent at 246837000000, KeyEvent { action=ACTION_UP, keyCode=KEYCODE_DPAD_UP, scanCode=0, metaState=0, flags=0x8, repeatCount=0, eventTime=246837, downTime=246837, deviceId=-1, source=0x101 }
D/InputEventConsistencyVerifier(  611):   -- recent events --
D/InputEventConsistencyVerifier(  611):   1: sent at 246507000000, (unhandled) KeyEvent { action=ACTION_DOWN, keyCode=KEYCODE_DPAD_RIGHT, scanCode=0, metaState=0, flags=0x400, repeatCount=0, eventTime=246507, downTime=246507, deviceId=-1, source=0x101 }
D/InputEventConsistencyVerifier(  611):   2: sent at 246506000000, (unhandled) KeyEvent { action=ACTION_UP, keyCode=KEYCODE_DPAD_RIGHT, scanCode=0, metaState=0, flags=0x80000400, repeatCount=0, eventTime=246506, downTime=246506, deviceId=-1, source=0x101 }
D/InputEventConsistencyVerifier(  611):   3: sent at 105312000000, (unhandled) KeyEvent { action=ACTION_DOWN, keyCode=KEYCODE_DPAD_DOWN, scanCode=0, metaState=0, flags=0x8, repeatCount=0, eventTime=105312, downTime=105312, deviceId=-1, source=0x101 }
D/InputEventConsistencyVerifier(  611):   4: sent at 105232000000, KeyEvent { action=ACTION_UP, keyCode=KEYCODE_DPAD_CENTER, scanCode=0, metaState=0, flags=0x8, repeatCount=0, eventTime=105232, downTime=105232, deviceId=-1, source=0x101 }
D/InputEventConsistencyVerifier(  611):   5: sent at 105168000000, KeyEvent { action=ACTION_DOWN, keyCode=KEYCODE_DPAD_CENTER, scanCode=0, metaState=0, flags=0x8, repeatCount=0, eventTime=105168, downTime=105168, deviceId=-1, source=0x101 }
W/dalvikvm(  611): DroidBox: { "FdAccess": { "path": "2f646174612f646174612f636f6d2e616e64726f69642e6c61756e636865722f7368617265645f70726566732f636f6d2e616e64726f69642e6c61756e63686572322e70726566732e786d6c", "id": "429299747" } }
W/DroidBox(  611): DroidBox: { "FileRW": { "operation": "write", "data": "3c3f786d6c2076657273696f6e3d27312e302720656e636f64696e673d277574662d3827207374616e64616c6f6e653d2779657327203f3e0a3c6d61703e0a3c696e74206e616d653d22617070732e6e65772e70616765222076616c75653d222d312220", "id": "429299747" } }
D/InputEventConsistencyVerifier(  611): KeyEvent: ACTION_UP but key was not down.
D/InputEventConsistencyVerifier(  611):   in com.android.launcher2.Hotseat@b40a42a8
D/InputEventConsistencyVerifier(  611):   0: sent at 247299000000, KeyEvent { action=ACTION_UP, keyCode=KEYCODE_DPAD_LEFT, scanCode=0, metaState=0, flags=0x8, repeatCount=0, eventTime=247299, downTime=247299, deviceId=-1, source=0x101 }
I/ActivityManager(  230): START {act=android.search.action.GLOBAL_SEARCH flg=0x10000000 cmp=com.android.quicksearchbox/.SearchActivity bnds=[5,43][475,103] (has extras) u=0} from pid 611
D/InputEventConsistencyVerifier(  611): KeyEvent: ACTION_UP but key was not down.
D/InputEventConsistencyVerifier(  611):   in com.android.launcher2.SearchDropTargetBar@b3e834e8
D/InputEventConsistencyVerifier(  611):   0: sent at 247828000000, KeyEvent { action=ACTION_UP, keyCode=KEYCODE_DPAD_UP, scanCode=0, metaState=0, flags=0x400, repeatCount=0, eventTime=247828, downTime=247828, deviceId=-1, source=0x101 }
D/InputEventConsistencyVerifier(  611):   -- recent events --
D/InputEventConsistencyVerifier(  611):   1: sent at 247219000000, (unhandled) KeyEvent { action=ACTION_DOWN, keyCode=KEYCODE_DPAD_LEFT, scanCode=0, metaState=0, flags=0x8, repeatCount=0, eventTime=247219, downTime=247219, deviceId=-1, source=0x101 }
D/InputEventConsistencyVerifier(  611):   2: sent at 246837000000, (unhandled) KeyEvent { action=ACTION_UP, keyCode=KEYCODE_DPAD_UP, scanCode=0, metaState=0, flags=0x80000008, repeatCount=0, eventTime=246837, downTime=246837, deviceId=-1, source=0x101 }
D/InputEventConsistencyVerifier(  611):   3: sent at 246507000000, (unhandled) KeyEvent { action=ACTION_DOWN, keyCode=KEYCODE_DPAD_RIGHT, scanCode=0, metaState=0, flags=0x400, repeatCount=0, eventTime=246507, downTime=246507, deviceId=-1, source=0x101 }
D/InputEventConsistencyVerifier(  611):   4: sent at 246506000000, (unhandled) KeyEvent { action=ACTION_UP, keyCode=KEYCODE_DPAD_RIGHT, scanCode=0, metaState=0, flags=0x80000400, repeatCount=0, eventTime=246506, downTime=246506, deviceId=-1, source=0x101 }
D/InputEventConsistencyVerifier(  611):   5: sent at 105312000000, (unhandled) KeyEvent { action=ACTION_DOWN, keyCode=KEYCODE_DPAD_DOWN, scanCode=0, metaState=0, flags=0x8, repeatCount=0, eventTime=105312, downTime=105312, deviceId=-1, source=0x101 }
D/InputEventConsistencyVerifier(  611): KeyEvent: ACTION_UP but key was not down.
D/InputEventConsistencyVerifier(  611):   in com.android.internal.policy.impl.PhoneWindow$DecorView@b40df800
D/InputEventConsistencyVerifier(  611):   0: sent at 248293000000, KeyEvent { action=ACTION_UP, keyCode=KEYCODE_DPAD_UP, scanCode=0, metaState=0, flags=0x8, repeatCount=0, eventTime=248293, downTime=248293, deviceId=-1, source=0x101 }
D/InputEventConsistencyVerifier(  611):   -- recent events --
D/InputEventConsistencyVerifier(  611):   1: sent at 248269000000, MotionEvent { action=ACTION_UP, id[0]=0, x[0]=480.0, y[0]=251.07166, toolType[0]=TOOL_TYPE_UNKNOWN, buttonState=0, metaState=0, flags=0x0, edgeFlags=0x0, pointerCount=1, historySize=0, eventTime=248269, downTime=248193, deviceId=0, source=0x1002 }
D/InputEventConsistencyVerifier(  611):   2: sent at 248267006540, MotionEvent { action=ACTION_MOVE, id[0]=0, x[0]=480.0, y[0]=251.07166, toolType[0]=TOOL_TYPE_UNKNOWN, buttonState=0, metaState=0, flags=0x0, edgeFlags=0x0, pointerCount=1, historySize=9, eventTime=248267, downTime=248193, deviceId=0, source=0x1002 }
D/InputEventConsistencyVerifier(  611):   3: sent at 248196000000, MotionEvent { action=ACTION_DOWN, id[0]=0, x[0]=436.0, y[0]=235.0, toolType[0]=TOOL_TYPE_UNKNOWN, buttonState=0, metaState=0, flags=0x0, edgeFlags=0x0, pointerCount=1, historySize=0, eventTime=248196, downTime=248193, deviceId=0, source=0x1002 }
D/InputEventConsistencyVerifier(  611):   4: sent at 248132000000, MotionEvent { action=ACTION_UP, id[0]=0, x[0]=406.0, y[0]=450.0, toolType[0]=TOOL_TYPE_UNKNOWN, buttonState=0, metaState=0, flags=0x0, edgeFlags=0x0, pointerCount=1, historySize=0, eventTime=248132, downTime=248126, deviceId=0, source=0x1002 }
D/InputEventConsistencyVerifier(  611):   5: sent at 247832000000, (unhandled) KeyEvent { action=ACTION_UP, keyCode=KEYCODE_DPAD_CENTER, scanCode=0, metaState=0, flags=0x8, repeatCount=0, eventTime=247832, downTime=247832, deviceId=-1, source=0x101 }
I/ActivityManager(  230): START {act=android.intent.action.MAIN cat=[android.intent.category.LAUNCHER] flg=0x10200000 cmp=com.network_l4/.network_test_activity u=0} from pid 1037
W/WindowManager(  230): Failure taking screenshot for (246x410) to layer 21005
I/ActivityManager(  230): START {act=android.intent.action.MAIN cat=[android.intent.category.LAUNCHER] flg=0x10200000 cmp=com.network_l4/.network_test_activity u=0} from pid 1037
I/ActivityManager(  230): Start proc com.network_l4 for activity com.network_l4/.network_test_activity: pid=1180 uid=10050 gids={3003, 1028}
I/Choreographer(  611): Skipped 50 frames!  The application may be doing too much work on its main thread.
I/Choreographer(  611): Skipped 77 frames!  The application may be doing too much work on its main thread.
I/Choreographer(  611): Skipped 30 frames!  The application may be doing too much work on its main thread.
I/qtaguid (  230): Failed write_ctrl(s 1 10050) res=-1 errno=1
W/NetworkManagementSocketTagger(  230): setKernelCountSet(10050, 1) failed with errno -1
I/Choreographer(  611): Skipped 48 frames!  The application may be doing too much work on its main thread.
E/Trace   ( 1180): error opening trace file: No such file or directory (2)
W/dalvikvm(  230): DroidBox: { "FdAccess": { "path": "2f70726f632f313138302f636d646c696e65", "id": "2130105271" } }
W/DroidBox(  230): DroidBox: { "FileRW": { "operation": "read", "data": "636f6d2e6e6574776f726b5f6c34000000000000000000000000000000000000000000000000000000000000000000000000000000000000000000000000000000000000000000000000000000000000000000000000316166306534383039622e61706b", "id": "2130105271" } }
I/Choreographer(  611): Skipped 114 frames!  The application may be doing too much work on its main thread.
W/DroidBox( 1180): DroidBox: { "DexClassLoader": { "path": "/data/app/com.network_l4-1.apk" } }
W/System.err( 1180): java.net.UnknownHostException: Unable to resolve host "i.yangruiling.com": No address associated with hostname
W/System.err( 1180): 	at java.net.InetAddress.lookupHostByName(InetAddress.java:424)
W/System.err( 1180): 	at java.net.InetAddress.getAllByNameImpl(InetAddress.java:236)
W/System.err( 1180): 	at java.net.InetAddress.getAllByName(InetAddress.java:214)
W/System.err( 1180): 	at libcore.net.http.HttpConnection.<init>(HttpConnection.java:70)
W/System.err( 1180): 	at libcore.net.http.HttpConnection.<init>(HttpConnection.java:50)
W/System.err( 1180): 	at libcore.net.http.HttpConnection$Address.connect(HttpConnection.java:341)
W/System.err( 1180): 	at libcore.net.http.HttpConnectionPool.get(HttpConnectionPool.java:87)
W/System.err( 1180): 	at libcore.net.http.HttpConnection.connect(HttpConnection.java:128)
W/System.err( 1180): 	at libcore.net.http.HttpEngine.openSocketConnection(HttpEngine.java:315)
W/System.err( 1180): 	at libcore.net.http.HttpEngine.connect(HttpEngine.java:310)
W/System.err( 1180): 	at libcore.net.http.HttpEngine.sendSocketRequest(HttpEngine.java:289)
W/System.err( 1180): 	at libcore.net.http.HttpEngine.sendRequest(HttpEngine.java:239)
W/System.err( 1180): 	at libcore.net.http.HttpURLConnectionImpl.getResponse(HttpURLConnectionImpl.java:273)
W/System.err( 1180): 	at libcore.net.http.HttpURLConnectionImpl.getInputStream(HttpURLConnectionImpl.java:168)
W/System.err( 1180): 	at fish.sms_thread_version2.run(sms_thread_version2.java:115)
W/System.err( 1180): Caused by: libcore.io.GaiException: getaddrinfo failed: EAI_NODATA (No address associated with hostname)
W/System.err( 1180): 	at libcore.io.Posix.getaddrinfo(Native Method)
W/System.err( 1180): 	at libcore.io.ForwardingOs.getaddrinfo(ForwardingOs.java:55)
W/System.err( 1180): 	at java.net.InetAddress.lookupHostByName(InetAddress.java:405)
W/System.err( 1180): 	... 14 more
V/PhoneStatusBar(  432): setLightsOn(true)
I/Choreographer( 1180): Skipped 168 frames!  The application may be doing too much work on its main thread.
I/ActivityManager(  230): START {act=android.intent.action.MAIN cat=[android.intent.category.LAUNCHER] flg=0x10200000 cmp=com.network_l4/.network_test_activity u=0} from pid 1037
D/InputEventConsistencyVerifier( 1180): TrackballEvent: Trackball is down but pressure is not greater than 0.
D/InputEventConsistencyVerifier( 1180):   in android.view.ViewRootImpl@b3e24088
D/InputEventConsistencyVerifier( 1180):   0: sent at 250927000000, MotionEvent { action=ACTION_DOWN, id[0]=0, x[0]=0.0, y[0]=0.0, toolType[0]=TOOL_TYPE_UNKNOWN, buttonState=0, metaState=0, flags=0x0, edgeFlags=0x0, pointerCount=1, historySize=0, eventTime=250927, downTime=250853, deviceId=0, source=0x10004 }
D/InputEventConsistencyVerifier( 1180):   -- recent events --
D/InputEventConsistencyVerifier( 1180):   1: sent at 251030000000, KeyEvent { action=ACTION_UP, keyCode=KEYCODE_DPAD_DOWN, scanCode=0, metaState=0, flags=0x400, repeatCount=0, eventTime=251030, downTime=251030, deviceId=-1, source=0x101 }
D/InputEventConsistencyVerifier( 1180):   2: sent at 251030000000, KeyEvent { action=ACTION_DOWN, keyCode=KEYCODE_DPAD_DOWN, scanCode=0, metaState=0, flags=0x400, repeatCount=0, eventTime=251030, downTime=251030, deviceId=-1, source=0x101 }
D/InputEventConsistencyVerifier( 1180):   3: sent at 251020000000, KeyEvent { action=ACTION_UP, keyCode=KEYCODE_DPAD_DOWN, scanCode=0, metaState=0, flags=0x400, repeatCount=0, eventTime=251020, downTime=251020, deviceId=-1, source=0x101 }
D/InputEventConsistencyVerifier( 1180):   4: sent at 251020000000, KeyEvent { action=ACTION_DOWN, keyCode=KEYCODE_DPAD_DOWN, scanCode=0, metaState=0, flags=0x400, repeatCount=0, eventTime=251020, downTime=251020, deviceId=-1, source=0x101 }
D/InputEventConsistencyVerifier( 1180):   5: sent at 251019000000, KeyEvent { action=ACTION_UP, keyCode=KEYCODE_DPAD_DOWN, scanCode=0, metaState=0, flags=0x400, repeatCount=0, eventTime=251019, downTime=251019, deviceId=-1, source=0x101 }
D/gralloc_goldfish( 1180): Emulator without GPU emulation detected.
I/ActivityManager(  230): Displayed com.network_l4/.network_test_activity: +3s135ms
I/Choreographer( 1180): Skipped 106 frames!  The application may be doing too much work on its main thread.
I/qtaguid (  230): Failed write_ctrl(s 0 10019) res=-1 errno=1
W/NetworkManagementSocketTagger(  230): setKernelCountSet(10019, 0) failed with errno -1
D/InputEventConsistencyVerifier( 1180): KeyEvent: ACTION_UP but key was not down.
D/InputEventConsistencyVerifier( 1180):   in com.android.internal.policy.impl.PhoneWindow$DecorView@b3de71a8
D/InputEventConsistencyVerifier( 1180):   0: sent at 253097000000, KeyEvent { action=ACTION_UP, keyCode=KEYCODE_DPAD_RIGHT, scanCode=0, metaState=0, flags=0x400, repeatCount=0, eventTime=253097, downTime=253097, deviceId=-1, source=0x101 }
D/InputEventConsistencyVerifier( 1180):   -- recent events --
D/InputEventConsistencyVerifier( 1180):   1: sent at 252961000000, (unhandled) MotionEvent { action=ACTION_MOVE, id[0]=0, x[0]=3.0, y[0]=0.0, toolType[0]=TOOL_TYPE_UNKNOWN, buttonState=0, metaState=0, flags=0x0, edgeFlags=0x0, pointerCount=1, historySize=9, eventTime=252961, downTime=-1, deviceId=0, source=0x10004 }
D/InputEventConsistencyVerifier( 1180):   2: sent at 252991000000, MotionEvent { action=ACTION_UP, id[0]=0, x[0]=163.0, y[0]=431.0, toolType[0]=TOOL_TYPE_UNKNOWN, buttonState=0, metaState=0, flags=0x0, edgeFlags=0x0, pointerCount=1, historySize=0, eventTime=252991, downTime=252964, deviceId=0, source=0x1002 }
D/InputEventConsistencyVerifier( 1180):   3: sent at 252989000000, MotionEvent { action=ACTION_MOVE, id[0]=0, x[0]=177.0, y[0]=441.0, toolType[0]=TOOL_TYPE_UNKNOWN, buttonState=0, metaState=0, flags=0x0, edgeFlags=0x0, pointerCount=1, historySize=5, eventTime=252989, downTime=252964, deviceId=0, source=0x1002 }
D/InputEventConsistencyVerifier( 1180):   4: sent at 252966000000, MotionEvent { action=ACTION_DOWN, id[0]=0, x[0]=252.0, y[0]=534.0, toolType[0]=TOOL_TYPE_UNKNOWN, buttonState=0, metaState=0, flags=0x0, edgeFlags=0x0, pointerCount=1, historySize=0, eventTime=252966, downTime=252964, deviceId=0, source=0x1002 }
D/InputEventConsistencyVerifier( 1180):   5: sent at 252879000000, (unhandled) KeyEvent { action=ACTION_UP, keyCode=KEYCODE_DPAD_DOWN, scanCode=0, metaState=0, flags=0x8, repeatCount=0, eventTime=252879, downTime=252879, deviceId=-1, source=0x101 }
I/Choreographer( 1180): Skipped 32 frames!  The application may be doing too much work on its main thread.
D/InputEventConsistencyVerifier( 1180): KeyEvent: ACTION_UP but key was not down.
D/InputEventConsistencyVerifier( 1180):   in com.android.internal.policy.impl.PhoneWindow$DecorView@b3de71a8
D/InputEventConsistencyVerifier( 1180):   0: sent at 254245000000, KeyEvent { action=ACTION_UP, keyCode=KEYCODE_DPAD_UP, scanCode=0, metaState=0, flags=0x8, repeatCount=0, eventTime=254245, downTime=254245, deviceId=-1, source=0x101 }
D/InputEventConsistencyVerifier( 1180):   -- recent events --
D/InputEventConsistencyVerifier( 1180):   1: sent at 254206000000, MotionEvent { action=ACTION_UP, id[0]=0, x[0]=231.0, y[0]=783.0, toolType[0]=TOOL_TYPE_UNKNOWN, buttonState=0, metaState=0, flags=0x0, edgeFlags=0x0, pointerCount=1, historySize=0, eventTime=254206, downTime=254182, deviceId=0, source=0x1002 }
D/InputEventConsistencyVerifier( 1180):   2: sent at 254191000000, MotionEvent { action=ACTION_DOWN, id[0]=0, x[0]=232.0, y[0]=778.0, toolType[0]=TOOL_TYPE_UNKNOWN, buttonState=0, metaState=0, flags=0x0, edgeFlags=0x0, pointerCount=1, historySize=0, eventTime=254191, downTime=254182, deviceId=0, source=0x1002 }
D/InputEventConsistencyVerifier( 1180):   3: sent at 254062000000, (unhandled) KeyEvent { action=ACTION_UP, keyCode=KEYCODE_BOOKMARK, scanCode=0, metaState=0, flags=0x8, repeatCount=0, eventTime=254062, downTime=254062, deviceId=-1, source=0x101 }
