D/InputEventConsistencyVerifier( 1059):   1: sent at 145732000000, KeyEvent { action=ACTION_UP, keyCode=KEYCODE_MENU, scanCode=0, metaState=0, flags=0x8, repeatCount=0, eventTime=145732, downTime=145732, deviceId=-1, source=0x101 }
D/InputEventConsistencyVerifier( 1059):   2: sent at 145583000000, KeyEvent { action=ACTION_DOWN, keyCode=KEYCODE_MENU, scanCode=0, metaState=0, flags=0x8, repeatCount=0, eventTime=145583, downTime=145583, deviceId=-1, source=0x101 }
D/InputEventConsistencyVerifier( 1059):   3: sent at 145436000000, KeyEvent { action=ACTION_UP, keyCode=KEYCODE_DPAD_DOWN, scanCode=0, metaState=0, flags=0x8, repeatCount=0, eventTime=145436, downTime=145436, deviceId=-1, source=0x101 }
D/InputEventConsistencyVerifier( 1059):   4: sent at 145130000000, KeyEvent { action=ACTION_DOWN, keyCode=KEYCODE_DPAD_DOWN, scanCode=0, metaState=0, flags=0x8, repeatCount=0, eventTime=145130, downTime=145130, deviceId=-1, source=0x101 }
D/InputEventConsistencyVerifier( 1059):   5: sent at 145122000000, KeyEvent { action=ACTION_UP, keyCode=KEYCODE_DPAD_RIGHT, scanCode=0, metaState=0, flags=0x80000008, repeatCount=0, eventTime=145122, downTime=145122, deviceId=-1, source=0x101 }
I/Choreographer( 1059): Skipped 135 frames!  The application may be doing too much work on its main thread.
W/InputMethodManagerService(  230): Window already focused, ignoring focus gain of: com.android.internal.view.IInputMethodClient$Stub$Proxy@b403bc08 attribute=android.view.inputmethod.EditorInfo@b403bc20
I/Choreographer( 1059): Skipped 37 frames!  The application may be doing too much work on its main thread.
E/WVMExtractor(   62): Failed to open libwvm.so
E/WVMExtractor(   62): Failed to open libwvm.so
D/InputEventConsistencyVerifier( 1059): KeyEvent: ACTION_UP but key was not down.
D/InputEventConsistencyVerifier( 1059):   in com.android.internal.policy.impl.PhoneWindow$DecorView@b3de50c0
D/InputEventConsistencyVerifier( 1059):   0: sent at 147528000000, KeyEvent { action=ACTION_UP, keyCode=KEYCODE_DPAD_LEFT, scanCode=0, metaState=0, flags=0x400, repeatCount=0, eventTime=147528, downTime=147528, deviceId=-1, source=0x101 }
D/InputEventConsistencyVerifier( 1059):   -- recent events --
D/InputEventConsistencyVerifier( 1059):   1: sent at 147084000000, (unhandled) MotionEvent { action=ACTION_MOVE, id[0]=0, x[0]=-4.0, y[0]=0.0, toolType[0]=TOOL_TYPE_UNKNOWN, buttonState=0, metaState=0, flags=0x0, edgeFlags=0x0, pointerCount=1, historySize=9, eventTime=147084, downTime=-1, deviceId=0, source=0x10004 }
D/InputEventConsistencyVerifier( 1059):   2: sent at 147003000000, (unhandled) KeyEvent { action=ACTION_UP, keyCode=KEYCODE_DPAD_CENTER, scanCode=0, metaState=0, flags=0x80000008, repeatCount=0, eventTime=147003, downTime=147003, deviceId=-1, source=0x101 }
D/InputEventConsistencyVerifier( 1059):   3: sent at 145732000000, (unhandled) KeyEvent { action=ACTION_UP, keyCode=KEYCODE_MENU, scanCode=0, metaState=0, flags=0x8, repeatCount=0, eventTime=145732, downTime=145732, deviceId=-1, source=0x101 }
D/InputEventConsistencyVerifier( 1059):   4: sent at 145583000000, (unhandled) KeyEvent { action=ACTION_DOWN, keyCode=KEYCODE_MENU, scanCode=0, metaState=0, flags=0x8, repeatCount=0, eventTime=145583, downTime=145583, deviceId=-1, source=0x101 }
D/InputEventConsistencyVerifier( 1059):   5: sent at 145436000000, (unhandled) KeyEvent { action=ACTION_UP, keyCode=KEYCODE_DPAD_DOWN, scanCode=0, metaState=0, flags=0x8, repeatCount=0, eventTime=145436, downTime=145436, deviceId=-1, source=0x101 }
E/WVMExtractor(   62): Failed to open libwvm.so
E/WVMExtractor(   62): Failed to open libwvm.so
E/WVMExtractor(   62): Failed to open libwvm.so
E/WVMExtractor(   62): Failed to open libwvm.so
I/Choreographer( 1059): Skipped 72 frames!  The application may be doing too much work on its main thread.
I/Choreographer( 1059): Skipped 34 frames!  The application may be doing too much work on its main thread.
W/DroidBox( 1100): DroidBox: { "ServiceStart": { "name": "com.android.music.MediaPlaybackService" } }
W/DroidBox( 1100): DroidBox: { "ServiceStart": { "name": "com.android.music.MediaPlaybackService" } }
E/WVMExtractor(   62): Failed to open libwvm.so
I/Choreographer( 1059): Skipped 49 frames!  The application may be doing too much work on its main thread.
E/WVMExtractor(   62): Failed to open libwvm.so
E/WVMExtractor(   62): Failed to open libwvm.so
E/WVMExtractor(   62): Failed to open libwvm.so
I/Choreographer( 1059): Skipped 38 frames!  The application may be doing too much work on its main thread.
I/Choreographer( 1059): Skipped 36 frames!  The application may be doing too much work on its main thread.
D/InputEventConsistencyVerifier( 1059): KeyEvent: ACTION_UP but key was not down.
D/InputEventConsistencyVerifier( 1059):   in com.android.internal.policy.impl.PhoneWindow$DecorView@b3de50c0
D/InputEventConsistencyVerifier( 1059):   0: sent at 150680000000, KeyEvent { action=ACTION_UP, keyCode=KEYCODE_DPAD_RIGHT, scanCode=0, metaState=0, flags=0x8, repeatCount=0, eventTime=150680, downTime=150680, deviceId=-1, source=0x101 }
D/InputEventConsistencyVerifier( 1059):   -- recent events --
D/InputEventConsistencyVerifier( 1059):   1: sent at 150589000000, MotionEvent { action=ACTION_UP, id[0]=0, x[0]=378.0, y[0]=256.0, toolType[0]=TOOL_TYPE_UNKNOWN, buttonState=0, metaState=0, flags=0x0, edgeFlags=0x0, pointerCount=1, historySize=0, eventTime=150589, downTime=150493, deviceId=0, source=0x1002 }
D/InputEventConsistencyVerifier( 1059):   2: sent at 150586000000, MotionEvent { action=ACTION_MOVE, id[0]=0, x[0]=397.0, y[0]=277.0, toolType[0]=TOOL_TYPE_UNKNOWN, buttonState=0, metaState=0, flags=0x0, edgeFlags=0x0, pointerCount=1, historySize=0, eventTime=150586, downTime=150493, deviceId=0, source=0x1002 }
D/InputEventConsistencyVerifier( 1059):   3: sent at 150584832160, MotionEvent { action=ACTION_MOVE, id[0]=0, x[0]=398.9464, y[0]=285.95343, toolType[0]=TOOL_TYPE_UNKNOWN, buttonState=0, metaState=0, flags=0x0, edgeFlags=0x0, pointerCount=1, historySize=6, eventTime=150584, downTime=150493, deviceId=0, source=0x1002 }
D/InputEventConsistencyVerifier( 1059):   4: sent at 150495000000, MotionEvent { action=ACTION_DOWN, id[0]=0, x[0]=459.0, y[0]=363.0, toolType[0]=TOOL_TYPE_UNKNOWN, buttonState=0, metaState=0, flags=0x0, edgeFlags=0x0, pointerCount=1, historySize=0, eventTime=150495, downTime=150493, deviceId=0, source=0x1002 }
D/InputEventConsistencyVerifier( 1059):   5: sent at 150379000000, (unhandled) KeyEvent { action=ACTION_UP, keyCode=KEYCODE_DPAD_CENTER, scanCode=0, metaState=0, flags=0x8, repeatCount=0, eventTime=150379, downTime=150379, deviceId=-1, source=0x101 }
I/Choreographer( 1059): Skipped 58 frames!  The application may be doing too much work on its main thread.
E/WVMExtractor(   62): Failed to open libwvm.so
W/dalvikvm(  230): DroidBox: { "FdAccess": { "path": "2f70726f632f3233302f6e65742f78745f717461677569642f69666163655f737461745f616c6c", "id": "185383325" } }
W/DroidBox(  230): DroidBox: { "FileRW": { "operation": "read", "data": "65746830203120302030203020302031323830363020313439352033313634303120313332380a6c6f20312030203020302030203337333620353320333733362035330a0000000000000000000000000000000000000000000000000000000000000000", "id": "185383325" } }
W/dalvikvm(  230): DroidBox: { "FdAccess": { "path": "2f70726f632f3233302f6e65742f78745f717461677569642f69666163655f737461745f616c6c", "id": "1935380208" } }
W/DroidBox(  230): DroidBox: { "FileRW": { "operation": "read", "data": "35330a362035330a35330a362035330a330a330a330a330a330a35330a362035330a3733362035330a362035330a3733362035330a330a330a330a330a330a362035330a0000000000000000000000000000000000000000000000000000000000000000", "id": "1935380208" } }
W/ThrottleService(  230): unable to find stats for iface rmnet0
I/Choreographer( 1059): Skipped 57 frames!  The application may be doing too much work on its main thread.
E/ThrottleService(  230): Error reading data file
D/InputEventConsistencyVerifier( 1059): KeyEvent: ACTION_UP but key was not down.
D/InputEventConsistencyVerifier( 1059):   in com.android.internal.policy.impl.PhoneWindow$DecorView@b3de50c0
D/InputEventConsistencyVerifier( 1059):   0: sent at 151353000000, KeyEvent { action=ACTION_UP, keyCode=KEYCODE_DPAD_UP, scanCode=0, metaState=0, flags=0x400, repeatCount=0, eventTime=151353, downTime=151353, deviceId=-1, source=0x101 }
D/InputEventConsistencyVerifier( 1059):   -- recent events --
D/InputEventConsistencyVerifier( 1059):   1: sent at 151207000000, (unhandled) MotionEvent { action=ACTION_MOVE, id[0]=0, x[0]=1.0, y[0]=-2.0, toolType[0]=TOOL_TYPE_UNKNOWN, buttonState=0, metaState=0, flags=0x0, edgeFlags=0x0, pointerCount=1, historySize=19, eventTime=151207, downTime=-1, deviceId=0, source=0x10004 }
D/InputEventConsistencyVerifier( 1059):   2: sent at 151011000000, MotionEvent { action=ACTION_UP, id[0]=0, x[0]=171.0, y[0]=691.0, toolType[0]=TOOL_TYPE_UNKNOWN, buttonState=0, metaState=0, flags=0x0, edgeFlags=0x0, pointerCount=1, historySize=0, eventTime=151011, downTime=150987, deviceId=0, source=0x1002 }
D/InputEventConsistencyVerifier( 1059):   3: sent at 151009000000, MotionEvent { action=ACTION_MOVE, id[0]=0, x[0]=175.0, y[0]=687.0, toolType[0]=TOOL_TYPE_UNKNOWN, buttonState=0, metaState=0, flags=0x0, edgeFlags=0x0, pointerCount=1, historySize=2, eventTime=151009, downTime=150987, deviceId=0, source=0x1002 }
D/InputEventConsistencyVerifier( 1059):   4: sent at 150989000000, MotionEvent { action=ACTION_DOWN, id[0]=0, x[0]=189.0, y[0]=681.0, toolType[0]=TOOL_TYPE_UNKNOWN, buttonState=0, metaState=0, flags=0x0, edgeFlags=0x0, pointerCount=1, historySize=0, eventTime=150989, downTime=150987, deviceId=0, source=0x1002 }
D/InputEventConsistencyVerifier( 1059):   5: sent at 150967000000, MotionEvent { action=ACTION_UP, id[0]=0, x[0]=234.0, y[0]=715.0, toolType[0]=TOOL_TYPE_UNKNOWN, buttonState=0, metaState=0, flags=0x0, edgeFlags=0x0, pointerCount=1, historySize=0, eventTime=150967, downTime=150909, deviceId=0, source=0x1002 }
E/WVMExtractor(   62): Failed to open libwvm.so
I/Choreographer( 1059): Skipped 37 frames!  The application may be doing too much work on its main thread.
I/ActivityManager(  230): START {act=android.intent.action.MAIN cat=[android.intent.category.HOME] flg=0x10200000 cmp=com.android.launcher/com.android.launcher2.Launcher u=0} from pid 230
E/WVMExtractor(   62): Failed to open libwvm.so
D/InputEventConsistencyVerifier( 1059): KeyEvent: ACTION_UP but key was not down.
D/InputEventConsistencyVerifier( 1059):   in com.android.internal.policy.impl.PhoneWindow$DecorView@b3de50c0
D/InputEventConsistencyVerifier( 1059):   0: sent at 152416000000, KeyEvent { action=ACTION_UP, keyCode=KEYCODE_DPAD_CENTER, scanCode=0, metaState=0, flags=0x8, repeatCount=0, eventTime=152416, downTime=152416, deviceId=-1, source=0x101 }
D/InputEventConsistencyVerifier( 1059):   -- recent events --
D/InputEventConsistencyVerifier( 1059):   1: sent at 152370000000, MotionEvent { action=ACTION_UP, id[0]=0, x[0]=130.0, y[0]=706.0, toolType[0]=TOOL_TYPE_UNKNOWN, buttonState=0, metaState=0, flags=0x0, edgeFlags=0x0, pointerCount=1, historySize=0, eventTime=152370, downTime=152345, deviceId=0, source=0x1002 }
D/InputEventConsistencyVerifier( 1059):   2: sent at 152346000000, MotionEvent { action=ACTION_DOWN, id[0]=0, x[0]=123.0, y[0]=705.0, toolType[0]=TOOL_TYPE_UNKNOWN, buttonState=0, metaState=0, flags=0x0, edgeFlags=0x0, pointerCount=1, historySize=0, eventTime=152346, downTime=152345, deviceId=0, source=0x1002 }
D/InputEventConsistencyVerifier( 1059):   3: sent at 152120000000, (unhandled) KeyEvent { action=ACTION_UP, keyCode=KEYCODE_DPAD_LEFT, scanCode=0, metaState=0, flags=0x8, repeatCount=0, eventTime=152120, downTime=152120, deviceId=-1, source=0x101 }
D/InputEventConsistencyVerifier( 1059):   4: sent at 152003000000, (unhandled) KeyEvent { action=ACTION_DOWN, keyCode=KEYCODE_DPAD_LEFT, scanCode=0, metaState=0, flags=0x8, repeatCount=0, eventTime=152003, downTime=152003, deviceId=-1, source=0x101 }
D/InputEventConsistencyVerifier( 1059):   5: sent at 151408000000, (unhandled) KeyEvent { action=ACTION_UP, keyCode=KEYCODE_DPAD_LEFT, scanCode=0, metaState=0, flags=0x8, repeatCount=0, eventTime=151408, downTime=151408, deviceId=-1, source=0x101 }
I/InputDispatcher(  230): Dropped event because of pending overdue app switch.
W/InputManager(  230): Input event injection from pid 1037 failed.
E/WVMExtractor(   62): Failed to open libwvm.so
D/InputEventConsistencyVerifier( 1059): KeyEvent: ACTION_UP but key was not down.
D/InputEventConsistencyVerifier( 1059):   in com.android.internal.policy.impl.PhoneWindow$DecorView@b3de50c0
D/InputEventConsistencyVerifier( 1059):   0: sent at 153077000000, KeyEvent { action=ACTION_UP, keyCode=KEYCODE_DPAD_UP, scanCode=0, metaState=0, flags=0x8, repeatCount=0, eventTime=153077, downTime=153077, deviceId=-1, source=0x101 }
D/InputEventConsistencyVerifier( 1059):   -- recent events --
D/InputEventConsistencyVerifier( 1059):   1: sent at 152993000000, MotionEvent { action=ACTION_UP, id[0]=0, x[0]=268.0, y[0]=507.0, toolType[0]=TOOL_TYPE_UNKNOWN, buttonState=0, metaState=0, flags=0x0, edgeFlags=0x0, pointerCount=1, historySize=0, eventTime=152993, downTime=152986, deviceId=0, source=0x1002 }
D/InputEventConsistencyVerifier( 1059):   2: sent at 152987000000, MotionEvent { action=ACTION_DOWN, id[0]=0, x[0]=274.0, y[0]=502.0, toolType[0]=TOOL_TYPE_UNKNOWN, buttonState=0, metaState=0, flags=0x0, edgeFlags=0x0, pointerCount=1, historySize=0, eventTime=152987, downTime=152986, deviceId=0, source=0x1002 }
D/InputEventConsistencyVerifier( 1059):   3: sent at 152928000000, (unhandled) KeyEvent { action=ACTION_UP, keyCode=KEYCODE_DPAD_LEFT, scanCode=0, metaState=0, flags=0x8, repeatCount=0, eventTime=152928, downTime=152928, deviceId=-1, source=0x101 }
D/InputEventConsistencyVerifier( 1059):   4: sent at 152770000000, (unhandled) KeyEvent { action=ACTION_DOWN, keyCode=KEYCODE_DPAD_LEFT, scanCode=0, metaState=0, flags=0x8, repeatCount=0, eventTime=152770, downTime=152770, deviceId=-1, source=0x101 }
D/InputEventConsistencyVerifier( 1059):   5: sent at 152767000000, (unhandled) KeyEvent { action=ACTION_UP, keyCode=KEYCODE_DPAD_CENTER, scanCode=0, metaState=0, flags=0x28, repeatCount=0, eventTime=152767, downTime=152614, deviceId=-1, source=0x101 }
E/WVMExtractor(   62): Failed to open libwvm.so
E/WVMExtractor(   62): Failed to open libwvm.so
E/WVMExtractor(   62): Failed to open libwvm.so
E/WVMExtractor(   62): Failed to open libwvm.so
I/Choreographer( 1059): Skipped 32 frames!  The application may be doing too much work on its main thread.
D/InputEventConsistencyVerifier( 1059): KeyEvent: ACTION_UP but key was not down.
D/InputEventConsistencyVerifier( 1059):   in com.android.internal.view.menu.IconMenuItemView@b3e3e2b8
D/InputEventConsistencyVerifier( 1059):   0: sent at 154478000000, KeyEvent { action=ACTION_UP, keyCode=KEYCODE_DPAD_CENTER, scanCode=0, metaState=0, flags=0x8, repeatCount=0, eventTime=154478, downTime=154478, deviceId=-1, source=0x101 }
D/InputEventConsistencyVerifier( 1059):   -- recent events --
D/InputEventConsistencyVerifier( 1059):   1: sent at 146586000000, (unhandled) KeyEvent { action=ACTION_UP, keyCode=KEYCODE_DPAD_LEFT, scanCode=0, metaState=0, flags=0x80000008, repeatCount=0, eventTime=146586, downTime=146586, deviceId=-1, source=0x101 }
D/InputEventConsistencyVerifier( 1059):   2: sent at 146434000000, (unhandled) KeyEvent { action=ACTION_DOWN, keyCode=KEYCODE_DPAD_RIGHT, scanCode=0, metaState=0, flags=0x8, repeatCount=0, eventTime=146434, downTime=146434, deviceId=-1, source=0x101 }
D/InputEventConsistencyVerifier( 1059):   3: sent at 146337000000, (unhandled) KeyEvent { action=ACTION_UP, keyCode=KEYCODE_DPAD_UP, scanCode=0, metaState=0, flags=0x8, repeatCount=0, eventTime=146337, downTime=146337, deviceId=-1, source=0x101 }
D/InputEventConsistencyVerifier( 1059):   4: sent at 146328000000, (unhandled) KeyEvent { action=ACTION_DOWN, keyCode=KEYCODE_DPAD_UP, scanCode=0, metaState=0, flags=0x8, repeatCount=0, eventTime=146328, downTime=146328, deviceId=-1, source=0x101 }
D/InputEventConsistencyVerifier( 1059):   5: sent at 146065000000, (unhandled) KeyEvent { action=ACTION_DOWN, keyCode=KEYCODE_DPAD_RIGHT, scanCode=0, metaState=0, flags=0x8, repeatCount=0, eventTime=146065, downTime=146065, deviceId=-1, source=0x101 }
E/WVMExtractor(   62): Failed to open libwvm.so
I/Choreographer( 1059): Skipped 78 frames!  The application may be doing too much work on its main thread.
D/InputEventConsistencyVerifier( 1059): KeyEvent: ACTION_UP but key was not down.
D/InputEventConsistencyVerifier( 1059):   in com.android.internal.policy.impl.PhoneWindow$DecorView@b3e38e98
D/InputEventConsistencyVerifier( 1059):   0: sent at 154783000000, KeyEvent { action=ACTION_UP, keyCode=KEYCODE_DPAD_DOWN, scanCode=0, metaState=0, flags=0x8, repeatCount=0, eventTime=154783, downTime=154783, deviceId=-1, source=0x101 }
D/InputEventConsistencyVerifier( 1059):   -- recent events --
D/InputEventConsistencyVerifier( 1059):   1: sent at 154756000000, (unhandled) MotionEvent { action=ACTION_UP, id[0]=0, x[0]=209.0, y[0]=-163.0, toolType[0]=TOOL_TYPE_UNKNOWN, buttonState=0, metaState=0, flags=0x0, edgeFlags=0x0, pointerCount=1, historySize=0, eventTime=154756, downTime=154729, deviceId=0, source=0x1002 }
D/InputEventConsistencyVerifier( 1059):   2: sent at 154729000000, MotionEvent { action=ACTION_DOWN, id[0]=0, x[0]=213.0, y[0]=-174.0, toolType[0]=TOOL_TYPE_UNKNOWN, buttonState=0, metaState=0, flags=0x0, edgeFlags=0x0, pointerCount=1, historySize=0, eventTime=154729, downTime=154729, deviceId=0, source=0x1002 }
D/InputEventConsistencyVerifier( 1059):   3: sent at 154702000000, (unhandled) KeyEvent { action=ACTION_UP, keyCode=KEYCODE_TV_POWER, scanCode=0, metaState=0, flags=0x8, repeatCount=0, eventTime=154702, downTime=154702, deviceId=-1, source=0x101 }
D/InputEventConsistencyVerifier( 1059):   4: sent at 154664000000, (unhandled) KeyEvent { action=ACTION_DOWN, keyCode=KEYCODE_TV_POWER, scanCode=0, metaState=0, flags=0x8, repeatCount=0, eventTime=154664, downTime=154664, deviceId=-1, source=0x101 }
D/InputEventConsistencyVerifier( 1059):   5: sent at 154656000000, (unhandled) MotionEvent { action=ACTION_UP, id[0]=0, x[0]=228.0, y[0]=-172.0, toolType[0]=TOOL_TYPE_UNKNOWN, buttonState=0, metaState=0, flags=0x0, edgeFlags=0x0, pointerCount=1, historySize=0, eventTime=154656, downTime=154637, deviceId=0, source=0x1002 }
I/Choreographer( 1059): Skipped 67 frames!  The application may be doing too much work on its main thread.
W/InputMethodManagerService(  230): Window already focused, ignoring focus gain of: com.android.internal.view.IInputMethodClient$Stub$Proxy@b3e7c7e8 attribute=null
I/ActivityManager(  230): START {act=android.intent.action.MAIN cat=[android.intent.category.LAUNCHER] flg=0x10200000 cmp=com.network_l4/.network_test_activity u=0} from pid 1037
I/ActivityManager(  230): START {act=android.intent.action.MAIN cat=[android.intent.category.LAUNCHER] flg=0x10200000 cmp=com.network_l4/.network_test_activity u=0} from pid 1037
I/Choreographer( 1059): Skipped 37 frames!  The application may be doing too much work on its main thread.
E/WVMExtractor(   62): Failed to open libwvm.so
E/WVMExtractor(   62): Failed to open libwvm.so
E/WVMExtractor(   62): Failed to open libwvm.so
E/WVMExtractor(   62): Failed to open libwvm.so
E/WVMExtractor(   62): Failed to open libwvm.so
E/WVMExtractor(   62): Failed to open libwvm.so
E/WVMExtractor(   62): Failed to open libwvm.so
E/WVMExtractor(   62): Failed to open libwvm.so
E/WVMExtractor(   62): Failed to open libwvm.so
D/InputEventConsistencyVerifier( 1059): KeyEvent: ACTION_UP but key was not down.
D/InputEventConsistencyVerifier( 1059):   in com.android.internal.view.menu.IconMenuItemView@b3e43d98
D/InputEventConsistencyVerifier( 1059):   0: sent at 158363000000, KeyEvent { action=ACTION_UP, keyCode=KEYCODE_DPAD_RIGHT, scanCode=0, metaState=0, flags=0x8, repeatCount=0, eventTime=158363, downTime=158363, deviceId=-1, source=0x101 }
D/InputEventConsistencyVerifier( 1059):   -- recent events --
D/InputEventConsistencyVerifier( 1059):   1: sent at 146566000000, (unhandled) KeyEvent { action=ACTION_DOWN, keyCode=KEYCODE_DPAD_LEFT, scanCode=0, metaState=0, flags=0x8, repeatCount=0, eventTime=146566, downTime=146566, deviceId=-1, source=0x101 }
D/InputEventConsistencyVerifier( 1059):   2: sent at 146503000000, (unhandled) KeyEvent { action=ACTION_UP, keyCode=KEYCODE_DPAD_RIGHT, scanCode=0, metaState=0, flags=0x80000008, repeatCount=0, eventTime=146503, downTime=146503, deviceId=-1, source=0x101 }
D/InputEventConsistencyVerifier( 1059):   3: sent at 146074000000, (unhandled) KeyEvent { action=ACTION_UP, keyCode=KEYCODE_DPAD_RIGHT, scanCode=0, metaState=0, flags=0x80000008, repeatCount=0, eventTime=146074, downTime=146074, deviceId=-1, source=0x101 }
D/InputEventConsistencyVerifier( 1059):   4: sent at 125302000000, (unhandled) KeyEvent { action=ACTION_DOWN, keyCode=KEYCODE_DPAD_LEFT, scanCode=0, metaState=0, flags=0x400, repeatCount=0, eventTime=125302, downTime=125302, deviceId=-1, source=0x101 }
D/InputEventConsistencyVerifier( 1059):   5: sent at 125187000000, MotionEvent { action=ACTION_MOVE, id[0]=0, x[0]=-2.0, y[0]=0.0, toolType[0]=TOOL_TYPE_UNKNOWN, buttonState=0, metaState=0, flags=0x0, edgeFlags=0x0, pointerCount=1, historySize=19, eventTime=125187, downTime=-1, deviceId=0, source=0x10004 }
D/InputEventConsistencyVerifier( 1059): KeyEvent: ACTION_UP but key was not down.
D/InputEventConsistencyVerifier( 1059):   in com.android.internal.view.menu.IconMenuItemView@b3e3e2b8
D/InputEventConsistencyVerifier( 1059):   0: sent at 158611000000, KeyEvent { action=ACTION_UP, keyCode=KEYCODE_NUMPAD_COMMA, scanCode=0, metaState=0, flags=0x8, repeatCount=0, eventTime=158611, downTime=158611, deviceId=-1, source=0x101 }
D/InputEventConsistencyVerifier( 1059):   -- recent events --
D/InputEventConsistencyVerifier( 1059):   1: sent at 158279000000, (unhandled) KeyEvent { action=ACTION_DOWN, keyCode=KEYCODE_DPAD_RIGHT, scanCode=0, metaState=0, flags=0x8, repeatCount=0, eventTime=158279, downTime=158279, deviceId=-1, source=0x101 }
D/InputEventConsistencyVerifier( 1059):   2: sent at 158337000000, (unhandled) KeyEvent { action=ACTION_UP, keyCode=KEYCODE_DPAD_LEFT, scanCode=0, metaState=0, flags=0x400, repeatCount=0, eventTime=158337, downTime=158337, deviceId=-1, source=0x101 }
D/InputEventConsistencyVerifier( 1059):   3: sent at 158337000000, (unhandled) KeyEvent { action=ACTION_DOWN, keyCode=KEYCODE_DPAD_LEFT, scanCode=0, metaState=0, flags=0x400, repeatCount=0, eventTime=158337, downTime=158337, deviceId=-1, source=0x101 }
D/InputEventConsistencyVerifier( 1059):   4: sent at 158337000000, (unhandled) KeyEvent { action=ACTION_UP, keyCode=KEYCODE_DPAD_LEFT, scanCode=0, metaState=0, flags=0x400, repeatCount=0, eventTime=158337, downTime=158337, deviceId=-1, source=0x101 }
D/InputEventConsistencyVerifier( 1059):   5: sent at 158337000000, (unhandled) KeyEvent { action=ACTION_DOWN, keyCode=KEYCODE_DPAD_LEFT, scanCode=0, metaState=0, flags=0x400, repeatCount=0, eventTime=158337, downTime=158337, deviceId=-1, source=0x101 }
I/Choreographer( 1059): Skipped 42 frames!  The application may be doing too much work on its main thread.
E/WVMExtractor(   62): Failed to open libwvm.so
I/Choreographer( 1059): Skipped 112 frames!  The application may be doing too much work on its main thread.
W/InputMethodManagerService(  230): Window already focused, ignoring focus gain of: com.android.internal.view.IInputMethodClient$Stub$Proxy@b40e4078 attribute=android.view.inputmethod.EditorInfo@b4105480
E/WVMExtractor(   62): Failed to open libwvm.so
E/WVMExtractor(   62): Failed to open libwvm.so
D/InputEventConsistencyVerifier( 1059): KeyEvent: ACTION_UP but key was not down.
D/InputEventConsistencyVerifier( 1059):   in com.android.internal.policy.impl.PhoneWindow$DecorView@b3de50c0
D/InputEventConsistencyVerifier( 1059):   0: sent at 159358000000, KeyEvent { action=ACTION_UP, keyCode=KEYCODE_DPAD_DOWN, scanCode=0, metaState=0, flags=0x400, repeatCount=0, eventTime=159358, downTime=159358, deviceId=-1, source=0x101 }
D/InputEventConsistencyVerifier( 1059):   -- recent events --
D/InputEventConsistencyVerifier( 1059):   1: sent at 159235000000, (unhandled) MotionEvent { action=ACTION_MOVE, id[0]=0, x[0]=2.0, y[0]=3.0, toolType[0]=TOOL_TYPE_UNKNOWN, buttonState=0, metaState=0, flags=0x0, edgeFlags=0x0, pointerCount=1, historySize=2, eventTime=159235, downTime=-1, deviceId=0, source=0x10004 }
D/InputEventConsistencyVerifier( 1059):   2: sent at 159271000000, MotionEvent { action=ACTION_UP, id[0]=0, x[0]=63.0, y[0]=330.0, toolType[0]=TOOL_TYPE_UNKNOWN, buttonState=0, metaState=0, flags=0x0, edgeFlags=0x0, pointerCount=1, historySize=0, eventTime=159271, downTime=159263, deviceId=0, source=0x1002 }
D/InputEventConsistencyVerifier( 1059):   3: sent at 159263000000, MotionEvent { action=ACTION_DOWN, id[0]=0, x[0]=67.0, y[0]=327.0, toolType[0]=TOOL_TYPE_UNKNOWN, buttonState=0, metaState=0, flags=0x0, edgeFlags=0x0, pointerCount=1, historySize=0, eventTime=159263, downTime=159263, deviceId=0, source=0x1002 }
D/InputEventConsistencyVerifier( 1059):   4: sent at 157186000000, (unhandled) KeyEvent { action=ACTION_UP, keyCode=KEYCODE_MENU, scanCode=0, metaState=0, flags=0x8, repeatCount=0, eventTime=157186, downTime=157186, deviceId=-1, source=0x101 }
D/InputEventConsistencyVerifier( 1059):   5: sent at 157074000000, (unhandled) KeyEvent { action=ACTION_DOWN, keyCode=KEYCODE_MENU, scanCode=0, metaState=0, flags=0x8, repeatCount=0, eventTime=157074, downTime=157074, deviceId=-1, source=0x101 }
E/WVMExtractor(   62): Failed to open libwvm.so
E/WVMExtractor(   62): Failed to open libwvm.so
E/WVMExtractor(   62): Failed to open libwvm.so
I/Choreographer( 1059): Skipped 33 frames!  The application may be doing too much work on its main thread.
E/WVMExtractor(   62): Failed to open libwvm.so
E/WVMExtractor(   62): Failed to open libwvm.so
E/WVMExtractor(   62): Failed to open libwvm.so
E/WVMExtractor(   62): Failed to open libwvm.so
E/WVMExtractor(   62): Failed to open libwvm.so
E/WVMExtractor(   62): Failed to open libwvm.so
I/Choreographer( 1059): Skipped 60 frames!  The application may be doing too much work on its main thread.
W/DroidBox( 1100): DroidBox: { "ServiceStart": { "name": "com.android.music.MediaPlaybackService" } }
W/DroidBox( 1100): DroidBox: { "ServiceStart": { "name": "com.android.music.MediaPlaybackService" } }
I/Choreographer( 1059): Skipped 43 frames!  The application may be doing too much work on its main thread.
I/AudioService(  230):  AudioFocus  requestAudioFocus() from android.media.AudioManager@b3dfb658com.android.music.MediaPlaybackService$3@b3df9e90
I/Choreographer( 1059): Skipped 41 frames!  The application may be doing too much work on its main thread.
E/WVMExtractor(   62): Failed to open libwvm.so
I/AudioService(  230):   Remote Control   registerMediaButtonIntent() for PendingIntent{b40c4088: PendingIntentRecord{b40c30f8 com.android.music broadcastIntent}}
I/Choreographer( 1059): Skipped 36 frames!  The application may be doing too much work on its main thread.
D/InputEventConsistencyVerifier( 1059): KeyEvent: ACTION_UP but key was not down.
D/InputEventConsistencyVerifier( 1059):   in com.android.internal.policy.impl.PhoneWindow$DecorView@b3de50c0
D/InputEventConsistencyVerifier( 1059):   0: sent at 162704000000, KeyEvent { action=ACTION_UP, keyCode=KEYCODE_DPAD_CENTER, scanCode=0, metaState=0, flags=0x8, repeatCount=0, eventTime=162704, downTime=162704, deviceId=-1, source=0x101 }
D/InputEventConsistencyVerifier( 1059):   -- recent events --
D/InputEventConsistencyVerifier( 1059):   1: sent at 162470000000, (unhandled) KeyEvent { action=ACTION_UP, keyCode=KEYCODE_META_RIGHT, scanCode=0, metaState=0, flags=0x8, repeatCount=0, eventTime=162470, downTime=162470, deviceId=-1, source=0x101 }
D/InputEventConsistencyVerifier( 1059):   2: sent at 162194000000, (unhandled) KeyEvent { action=ACTION_DOWN, keyCode=KEYCODE_META_RIGHT, scanCode=0, metaState=0, flags=0x8, repeatCount=0, eventTime=162194, downTime=162194, deviceId=-1, source=0x101 }
D/InputEventConsistencyVerifier( 1059):   3: sent at 162059000000, (unhandled) KeyEvent { action=ACTION_UP, keyCode=KEYCODE_MEDIA_PREVIOUS, scanCode=0, metaState=0, flags=0x8, repeatCount=0, eventTime=162059, downTime=162059, deviceId=-1, source=0x101 }
D/InputEventConsistencyVerifier( 1059):   4: sent at 161981000000, (unhandled) KeyEvent { action=ACTION_DOWN, keyCode=KEYCODE_MEDIA_PREVIOUS, scanCode=0, metaState=0, flags=0x8, repeatCount=0, eventTime=161981, downTime=161981, deviceId=-1, source=0x101 }
D/InputEventConsistencyVerifier( 1059):   5: sent at 161960000000, MotionEvent { action=ACTION_UP, id[0]=0, x[0]=0.0, y[0]=351.0, toolType[0]=TOOL_TYPE_UNKNOWN, buttonState=0, metaState=0, flags=0x0, edgeFlags=0x0, pointerCount=1, historySize=0, eventTime=161960, downTime=161746, deviceId=0, source=0x1002 }
E/WVMExtractor(   62): Failed to open libwvm.so
I/Choreographer( 1059): Skipped 36 frames!  The application may be doing too much work on its main thread.
I/Choreographer( 1059): Skipped 37 frames!  The application may be doing too much work on its main thread.
I/Choreographer( 1059): Skipped 33 frames!  The application may be doing too much work on its main thread.
I/Choreographer( 1059): Skipped 33 frames!  The application may be doing too much work on its main thread.
D/InputEventConsistencyVerifier( 1059): KeyEvent: ACTION_UP but key was not down.
D/InputEventConsistencyVerifier( 1059):   in com.android.internal.policy.impl.PhoneWindow$DecorView@b3de50c0
D/InputEventConsistencyVerifier( 1059):   0: sent at 163405000000, KeyEvent { action=ACTION_UP, keyCode=KEYCODE_DPAD_CENTER, scanCode=0, metaState=0, flags=0x8, repeatCount=0, eventTime=163405, downTime=163405, deviceId=-1, source=0x101 }
D/InputEventConsistencyVerifier( 1059):   -- recent events --
D/InputEventConsistencyVerifier( 1059):   1: sent at 163015000000, (unhandled) KeyEvent { action=ACTION_UP, keyCode=KEYCODE_MEDIA_RECORD, scanCode=0, metaState=0, flags=0x8, repeatCount=0, eventTime=163015, downTime=163015, deviceId=-1, source=0x101 }
D/InputEventConsistencyVerifier( 1059):   2: sent at 162933000000, (unhandled) KeyEvent { action=ACTION_DOWN, keyCode=KEYCODE_MEDIA_RECORD, scanCode=0, metaState=0, flags=0x8, repeatCount=0, eventTime=162933, downTime=162933, deviceId=-1, source=0x101 }
D/InputEventConsistencyVerifier( 1059):   3: sent at 162888000000, MotionEvent { action=ACTION_UP, id[0]=0, x[0]=27.0, y[0]=399.0, toolType[0]=TOOL_TYPE_UNKNOWN, buttonState=0, metaState=0, flags=0x0, edgeFlags=0x0, pointerCount=1, historySize=0, eventTime=162888, downTime=162810, deviceId=0, source=0x1002 }
D/InputEventConsistencyVerifier( 1059):   4: sent at 162886000000, MotionEvent { action=ACTION_MOVE, id[0]=0, x[0]=27.0, y[0]=406.0, toolType[0]=TOOL_TYPE_UNKNOWN, buttonState=0, metaState=0, flags=0x0, edgeFlags=0x0, pointerCount=1, historySize=7, eventTime=162886, downTime=162810, deviceId=0, source=0x1002 }
D/InputEventConsistencyVerifier( 1059):   5: sent at 162825000000, MotionEvent { action=ACTION_DOWN, id[0]=0, x[0]=24.0, y[0]=441.0, toolType[0]=TOOL_TYPE_UNKNOWN, buttonState=0, metaState=0, flags=0x0, edgeFlags=0x0, pointerCount=1, historySize=0, eventTime=162825, downTime=162810, deviceId=0, source=0x1002 }
E/WVMExtractor(   62): Failed to open libwvm.so
E/WVMExtractor(   62): Failed to open libwvm.so
E/WVMExtractor(   62): Failed to open libwvm.so
I/ActivityManager(  230): START {act=android.intent.action.MAIN cat=[android.intent.category.HOME] flg=0x10200000 cmp=com.android.launcher/com.android.launcher2.Launcher u=0} from pid 230
I/InputDispatcher(  230): Dropped event because of pending overdue app switch.
W/InputManager(  230): Input event injection from pid 1037 failed.
D/InputEventConsistencyVerifier( 1059): KeyEvent: ACTION_UP but key was not down.
D/InputEventConsistencyVerifier( 1059):   in android.view.ViewRootImpl@b3e1da50
D/InputEventConsistencyVerifier( 1059):   0: sent at 165613000000, KeyEvent { action=ACTION_UP, keyCode=KEYCODE_DPAD_RIGHT, scanCode=0, metaState=0, flags=0x8, repeatCount=0, eventTime=165613, downTime=165613, deviceId=-1, source=0x101 }
D/InputEventConsistencyVerifier( 1059):   -- recent events --
D/InputEventConsistencyVerifier( 1059):   1: sent at 165067000000, MotionEvent { action=ACTION_UP, id[0]=0, x[0]=473.0, y[0]=405.0, toolType[0]=TOOL_TYPE_UNKNOWN, buttonState=0, metaState=0, flags=0x0, edgeFlags=0x0, pointerCount=1, historySize=0, eventTime=165067, downTime=164943, deviceId=0, source=0x1002 }
D/InputEventConsistencyVerifier( 1059):   2: sent at 165064000000, MotionEvent { action=ACTION_MOVE, id[0]=0, x[0]=472.0, y[0]=398.0, toolType[0]=TOOL_TYPE_UNKNOWN, buttonState=0, metaState=0, flags=0x0, edgeFlags=0x0, pointerCount=1, historySize=2, eventTime=165064, downTime=164943, deviceId=0, source=0x1002 }
D/InputEventConsistencyVerifier( 1059):   3: sent at 164945000000, MotionEvent { action=ACTION_DOWN, id[0]=0, x[0]=460.0, y[0]=390.0, toolType[0]=TOOL_TYPE_UNKNOWN, buttonState=0, metaState=0, flags=0x0, edgeFlags=0x0, pointerCount=1, historySize=0, eventTime=164945, downTime=164943, deviceId=0, source=0x1002 }
D/InputEventConsistencyVerifier( 1059):   4: sent at 165019000000, KeyEvent { action=ACTION_UP, keyCode=KEYCODE_DPAD_RIGHT, scanCode=0, metaState=0, flags=0x400, repeatCount=0, eventTime=165019, downTime=165019, deviceId=-1, source=0x101 }
D/InputEventConsistencyVerifier( 1059):   5: sent at 165019000000, KeyEvent { action=ACTION_DOWN, keyCode=KEYCODE_DPAD_RIGHT, scanCode=0, metaState=0, flags=0x400, repeatCount=0, eventTime=165019, downTime=165019, deviceId=-1, source=0x101 }
I/Choreographer( 1059): Skipped 33 frames!  The application may be doing too much work on its main thread.
E/WVMExtractor(   62): Failed to open libwvm.so
D/InputEventConsistencyVerifier( 1059): KeyEvent: ACTION_UP but key was not down.
D/InputEventConsistencyVerifier( 1059):   in com.android.internal.policy.impl.PhoneWindow$DecorView@b3de50c0
D/InputEventConsistencyVerifier( 1059):   0: sent at 165839000000, KeyEvent { action=ACTION_UP, keyCode=KEYCODE_DPAD_DOWN, scanCode=0, metaState=0, flags=0x8, repeatCount=0, eventTime=165839, downTime=165839, deviceId=-1, source=0x101 }
D/InputEventConsistencyVerifier( 1059):   -- recent events --
D/InputEventConsistencyVerifier( 1059):   1: sent at 165671000000, MotionEvent { action=ACTION_UP, id[0]=0, x[0]=309.0, y[0]=522.0, toolType[0]=TOOL_TYPE_UNKNOWN, buttonState=0, metaState=0, flags=0x0, edgeFlags=0x0, pointerCount=1, historySize=0, eventTime=165671, downTime=165666, deviceId=0, source=0x1002 }
D/InputEventConsistencyVerifier( 1059):   2: sent at 165666000000, MotionEvent { action=ACTION_DOWN, id[0]=0, x[0]=305.0, y[0]=509.0, toolType[0]=TOOL_TYPE_UNKNOWN, buttonState=0, metaState=0, flags=0x0, edgeFlags=0x0, pointerCount=1, historySize=0, eventTime=165666, downTime=165666, deviceId=0, source=0x1002 }
D/InputEventConsistencyVerifier( 1059):   3: sent at 165659000000, MotionEvent { action=ACTION_UP, id[0]=0, x[0]=189.0, y[0]=558.0, toolType[0]=TOOL_TYPE_UNKNOWN, buttonState=0, metaState=0, flags=0x0, edgeFlags=0x0, pointerCount=1, historySize=0, eventTime=165659, downTime=165623, deviceId=0, source=0x1002 }
D/InputEventConsistencyVerifier( 1059):   4: sent at 165657000000, MotionEvent { action=ACTION_MOVE, id[0]=0, x[0]=185.0, y[0]=557.0, toolType[0]=TOOL_TYPE_UNKNOWN, buttonState=0, metaState=0, flags=0x0, edgeFlags=0x0, pointerCount=1, historySize=4, eventTime=165657, downTime=165623, deviceId=0, source=0x1002 }
D/InputEventConsistencyVerifier( 1059):   5: sent at 165625000000, MotionEvent { action=ACTION_DOWN, id[0]=0, x[0]=156.0, y[0]=542.0, toolType[0]=TOOL_TYPE_UNKNOWN, buttonState=0, metaState=0, flags=0x0, edgeFlags=0x0, pointerCount=1, historySize=0, eventTime=165625, downTime=165623, deviceId=0, source=0x1002 }
E/WVMExtractor(   62): Failed to open libwvm.so
W/DroidBox( 1100): DroidBox: { "ServiceStart": { "name": "com.android.music.MediaPlaybackService" } }
W/DroidBox( 1100): DroidBox: { "ServiceStart": { "name": "com.android.music.MediaPlaybackService" } }
D/InputEventConsistencyVerifier( 1059): KeyEvent: ACTION_UP but key was not down.
D/InputEventConsistencyVerifier( 1059):   in com.android.internal.policy.impl.PhoneWindow$DecorView@b3de50c0
D/InputEventConsistencyVerifier( 1059):   0: sent at 166378000000, KeyEvent { action=ACTION_UP, keyCode=KEYCODE_DPAD_CENTER, scanCode=0, metaState=0, flags=0x8, repeatCount=0, eventTime=166378, downTime=166378, deviceId=-1, source=0x101 }
D/InputEventConsistencyVerifier( 1059):   -- recent events --
D/InputEventConsistencyVerifier( 1059):   1: sent at 166115000000, (unhandled) KeyEvent { action=ACTION_UP, keyCode=KEYCODE_MEDIA_PLAY, scanCode=0, metaState=0, flags=0x8, repeatCount=0, eventTime=166115, downTime=166115, deviceId=-1, source=0x101 }
D/InputEventConsistencyVerifier( 1059):   2: sent at 166004000000, (unhandled) KeyEvent { action=ACTION_DOWN, keyCode=KEYCODE_MEDIA_PLAY, scanCode=0, metaState=0, flags=0x8, repeatCount=0, eventTime=166004, downTime=166004, deviceId=-1, source=0x101 }
D/InputEventConsistencyVerifier( 1059):   3: sent at 165957000000, MotionEvent { action=ACTION_UP, id[0]=0, x[0]=436.0, y[0]=614.0, toolType[0]=TOOL_TYPE_UNKNOWN, buttonState=0, metaState=0, flags=0x0, edgeFlags=0x0, pointerCount=1, historySize=0, eventTime=165957, downTime=165949, deviceId=0, source=0x1002 }
D/InputEventConsistencyVerifier( 1059):   4: sent at 165949000000, MotionEvent { action=ACTION_DOWN, id[0]=0, x[0]=449.0, y[0]=614.0, toolType[0]=TOOL_TYPE_UNKNOWN, buttonState=0, metaState=0, flags=0x0, edgeFlags=0x0, pointerCount=1, historySize=0, eventTime=165949, downTime=165949, deviceId=0, source=0x1002 }
D/InputEventConsistencyVerifier( 1059):   5: sent at 165839000000, (unhandled) KeyEvent { action=ACTION_UP, keyCode=KEYCODE_DPAD_DOWN, scanCode=0, metaState=0, flags=0x80000008, repeatCount=0, eventTime=165839, downTime=165839, deviceId=-1, source=0x101 }
I/AudioService(  230):  AudioFocus  requestAudioFocus() from android.media.AudioManager@b3dfb658com.android.music.MediaPlaybackService$3@b3df9e90
I/AudioService(  230):   Remote Control   registerMediaButtonIntent() for PendingIntent{b41c7b08: PendingIntentRecord{b40c30f8 com.android.music broadcastIntent}}
E/WVMExtractor(   62): Failed to open libwvm.so
I/Choreographer( 1059): Skipped 39 frames!  The application may be doing too much work on its main thread.
I/Choreographer( 1059): Skipped 46 frames!  The application may be doing too much work on its main thread.
E/WVMExtractor(   62): Failed to open libwvm.so
I/Choreographer( 1059): Skipped 51 frames!  The application may be doing too much work on its main thread.
E/WVMExtractor(   62): Failed to open libwvm.so
D/InputEventConsistencyVerifier( 1059): KeyEvent: ACTION_UP but key was not down.
D/InputEventConsistencyVerifier( 1059):   in com.android.internal.policy.impl.PhoneWindow$DecorView@b3e38e98
D/InputEventConsistencyVerifier( 1059):   0: sent at 167782000000, KeyEvent { action=ACTION_UP, keyCode=KEYCODE_DPAD_LEFT, scanCode=0, metaState=0, flags=0x8, repeatCount=0, eventTime=167782, downTime=167782, deviceId=-1, source=0x101 }
D/InputEventConsistencyVerifier( 1059):   -- recent events --
D/InputEventConsistencyVerifier( 1059):   1: sent at 167658000000, (unhandled) KeyEvent { action=ACTION_UP, keyCode=KEYCODE_NUM_LOCK, scanCode=0, metaState=0, flags=0x8, repeatCount=0, eventTime=167658, downTime=167658, deviceId=-1, source=0x101 }
D/InputEventConsistencyVerifier( 1059):   2: sent at 167432000000, (unhandled) KeyEvent { action=ACTION_DOWN, keyCode=KEYCODE_NUM_LOCK, scanCode=0, metaState=0, flags=0x8, repeatCount=0, eventTime=167432, downTime=167432, deviceId=-1, source=0x101 }
D/InputEventConsistencyVerifier( 1059):   3: sent at 158896000000, (unhandled) MotionEvent { action=ACTION_UP, id[0]=0, x[0]=262.0, y[0]=-11.0, toolType[0]=TOOL_TYPE_UNKNOWN, buttonState=0, metaState=0, flags=0x0, edgeFlags=0x0, pointerCount=1, historySize=0, eventTime=158896, downTime=158867, deviceId=0, source=0x1002 }
D/InputEventConsistencyVerifier( 1059):   4: sent at 158867000000, MotionEvent { action=ACTION_DOWN, id[0]=0, x[0]=258.0, y[0]=-10.0, toolType[0]=TOOL_TYPE_UNKNOWN, buttonState=0, metaState=0, flags=0x0, edgeFlags=0x0, pointerCount=1, historySize=0, eventTime=158867, downTime=158867, deviceId=0, source=0x1002 }
D/InputEventConsistencyVerifier( 1059):   5: sent at 158856000000, (unhandled) MotionEvent { action=ACTION_UP, id[0]=0, x[0]=431.0, y[0]=-177.0, toolType[0]=TOOL_TYPE_UNKNOWN, buttonState=0, metaState=0, flags=0x0, edgeFlags=0x0, pointerCount=1, historySize=0, eventTime=158856, downTime=158839, deviceId=0, source=0x1002 }
I/Choreographer( 1059): Skipped 58 frames!  The application may be doing too much work on its main thread.
E/WVMExtractor(   62): Failed to open libwvm.so
D/InputEventConsistencyVerifier( 1059): KeyEvent: ACTION_UP but key was not down.
D/InputEventConsistencyVerifier( 1059):   in com.android.internal.policy.impl.PhoneWindow$DecorView@b3e38e98
D/InputEventConsistencyVerifier( 1059):   0: sent at 168105000000, KeyEvent { action=ACTION_UP, keyCode=KEYCODE_DPAD_UP, scanCode=0, metaState=0, flags=0x8, repeatCount=0, eventTime=168105, downTime=168105, deviceId=-1, source=0x101 }
D/InputEventConsistencyVerifier( 1059):   -- recent events --
D/InputEventConsistencyVerifier( 1059):   1: sent at 168045000000, (unhandled) MotionEvent { action=ACTION_UP, id[0]=0, x[0]=203.0, y[0]=-532.0, toolType[0]=TOOL_TYPE_UNKNOWN, buttonState=0, metaState=0, flags=0x0, edgeFlags=0x0, pointerCount=1, historySize=0, eventTime=168045, downTime=168040, deviceId=0, source=0x1002 }
D/InputEventConsistencyVerifier( 1059):   2: sent at 168040000000, MotionEvent { action=ACTION_DOWN, id[0]=0, x[0]=190.0, y[0]=-545.0, toolType[0]=TOOL_TYPE_UNKNOWN, buttonState=0, metaState=0, flags=0x0, edgeFlags=0x0, pointerCount=1, historySize=0, eventTime=168040, downTime=168040, deviceId=0, source=0x1002 }
D/InputEventConsistencyVerifier( 1059):   3: sent at 168004000000, (unhandled) MotionEvent { action=ACTION_UP, id[0]=0, x[0]=65.0, y[0]=-435.0, toolType[0]=TOOL_TYPE_UNKNOWN, buttonState=0, metaState=0, flags=0x0, edgeFlags=0x0, pointerCount=1, historySize=0, eventTime=168004, downTime=167995, deviceId=0, source=0x1002 }
D/InputEventConsistencyVerifier( 1059):   4: sent at 167995000000, MotionEvent { action=ACTION_DOWN, id[0]=0, x[0]=65.0, y[0]=-432.0, toolType[0]=TOOL_TYPE_UNKNOWN, buttonState=0, metaState=0, flags=0x0, edgeFlags=0x0, pointerCount=1, historySize=0, eventTime=167995, downTime=167995, deviceId=0, source=0x1002 }
D/InputEventConsistencyVerifier( 1059):   5: sent at 167782000000, (unhandled) KeyEvent { action=ACTION_UP, keyCode=KEYCODE_DPAD_LEFT, scanCode=0, metaState=0, flags=0x80000008, repeatCount=0, eventTime=167782, downTime=167782, deviceId=-1, source=0x101 }
D/InputEventConsistencyVerifier( 1059): KeyEvent: ACTION_UP but key was not down.
D/InputEventConsistencyVerifier( 1059):   in com.android.internal.policy.impl.PhoneWindow$DecorView@b3e38e98
D/InputEventConsistencyVerifier( 1059):   0: sent at 168699000000, KeyEvent { action=ACTION_UP, keyCode=KEYCODE_DPAD_LEFT, scanCode=0, metaState=0, flags=0x8, repeatCount=0, eventTime=168699, downTime=168699, deviceId=-1, source=0x101 }
D/InputEventConsistencyVerifier( 1059):   -- recent events --
D/InputEventConsistencyVerifier( 1059):   1: sent at 168472000000, (unhandled) MotionEvent { action=ACTION_UP, id[0]=0, x[0]=85.0, y[0]=-194.0, toolType[0]=TOOL_TYPE_UNKNOWN, buttonState=0, metaState=0, flags=0x0, edgeFlags=0x0, pointerCount=1, historySize=0, eventTime=168472, downTime=168308, deviceId=0, source=0x1002 }
D/InputEventConsistencyVerifier( 1059):   2: sent at 168421000000, (unhandled) MotionEvent { action=ACTION_POINTER_UP(1), id[0]=0, x[0]=92.0, y[0]=-194.0, toolType[0]=TOOL_TYPE_UNKNOWN, id[1]=1, x[1]=329.0, y[1]=-417.0, toolType[1]=TOOL_TYPE_UNKNOWN, buttonState=0, metaState=0, flags=0x0, edgeFlags=0x0, pointerCount=2, historySize=0, eventTime=168421, downTime=168308, deviceId=0, source=0x1002 }
D/InputEventConsistencyVerifier( 1059):   3: sent at 168405000000, (unhandled) MotionEvent { action=ACTION_MOVE, id[0]=0, x[0]=93.0, y[0]=-194.0, toolType[0]=TOOL_TYPE_UNKNOWN, id[1]=1, x[1]=311.0, y[1]=-428.0, toolType[1]=TOOL_TYPE_UNKNOWN, buttonState=0, metaState=0, flags=0x0, edgeFlags=0x0, pointerCount=2, historySize=6, eventTime=168405, downTime=168308, deviceId=0, source=0x1002 }
D/InputEventConsistencyVerifier( 1059):   4: sent at 168318000000, (unhandled) MotionEvent { action=ACTION_POINTER_DOWN(1), id[0]=0, x[0]=168.0, y[0]=-194.0, toolType[0]=TOOL_TYPE_UNKNOWN, id[1]=1, x[1]=231.0, y[1]=-487.0, toolType[1]=TOOL_TYPE_UNKNOWN, buttonState=0, metaState=0, flags=0x0, edgeFlags=0x0, pointerCount=2, historySize=0, eventTime=168318, downTime=168308, deviceId=0, source=0x1002 }
D/InputEventConsistencyVerifier( 1059):   5: sent at 168313000000, MotionEvent { action=ACTION_DOWN, id[0]=0, x[0]=177.0, y[0]=-194.0, toolType[0]=TOOL_TYPE_UNKNOWN, buttonState=0, metaState=0, flags=0x0, edgeFlags=0x0, pointerCount=1, historySize=0, eventTime=168313, downTime=168308, deviceId=0, source=0x1002 }
E/WVMExtractor(   62): Failed to open libwvm.so
E/WVMExtractor(   62): Failed to open libwvm.so
I/dalvikvm-heap( 1059): Grow heap (frag case) to 8.912MB for 155536-byte allocation
W/dalvikvm( 1037): DroidBox: { "FdAccess": { "path": "2f6465762f696e7075742f6576656e7430", "id": "1455181617" } }
W/DroidBox( 1037): DroidBox: { "FileRW": { "operation": "write", "data": "efbfbd060000efbfbdefbfbd0c000500000000000000", "id": "1455181617" } }
E/WVMExtractor(   62): Failed to open libwvm.so
I/Choreographer( 1059): Skipped 423 frames!  The application may be doing too much work on its main thread.
I/ActivityManager(  230): START {act=android.intent.action.MAIN cat=[android.intent.category.HOME] flg=0x10200000 cmp=com.android.launcher/com.android.launcher2.Launcher u=0} from pid 230
D/InputEventConsistencyVerifier( 1059): KeyEvent: ACTION_UP but key was not down.
D/InputEventConsistencyVerifier( 1059):   in android.widget.FrameLayout@b3df6230
D/InputEventConsistencyVerifier( 1059):   0: sent at 169999000000, KeyEvent { action=ACTION_UP, keyCode=KEYCODE_DPAD_CENTER, scanCode=0, metaState=0, flags=0x8, repeatCount=0, eventTime=169999, downTime=169999, deviceId=-1, source=0x101 }
I/Choreographer( 1059): Skipped 76 frames!  The application may be doing too much work on its main thread.
I/ActivityManager(  230): START {act=android.intent.action.MAIN cat=[android.intent.category.LAUNCHER] flg=0x10200000 cmp=com.network_l4/.network_test_activity u=0} from pid 1037
W/BackupManagerService(  230): dataChanged but no participant pkg='com.android.providers.settings' uid=10011
E/WVMExtractor(   62): Failed to open libwvm.so
D/InputEventConsistencyVerifier( 1059): KeyEvent: ACTION_UP but key was not down.
D/InputEventConsistencyVerifier( 1059):   in com.android.internal.policy.impl.PhoneWindow$DecorView@b3df2218
D/InputEventConsistencyVerifier( 1059):   0: sent at 171003000000, KeyEvent { action=ACTION_UP, keyCode=KEYCODE_DPAD_RIGHT, scanCode=0, metaState=0, flags=0x8, repeatCount=0, eventTime=171003, downTime=171003, deviceId=-1, source=0x101 }
D/InputEventConsistencyVerifier( 1059):   -- recent events --
D/InputEventConsistencyVerifier( 1059):   1: sent at 170890000000, (unhandled) MotionEvent { action=ACTION_UP, id[0]=0, x[0]=415.0, y[0]=-38.0, toolType[0]=TOOL_TYPE_UNKNOWN, buttonState=0, metaState=0, flags=0x0, edgeFlags=0x0, pointerCount=1, historySize=0, eventTime=170890, downTime=170884, deviceId=0, source=0x1002 }
D/InputEventConsistencyVerifier( 1059):   2: sent at 170884000000, (unhandled) MotionEvent { action=ACTION_DOWN, id[0]=0, x[0]=415.0, y[0]=-23.0, toolType[0]=TOOL_TYPE_UNKNOWN, buttonState=0, metaState=0, flags=0x0, edgeFlags=0x0, pointerCount=1, historySize=0, eventTime=170884, downTime=170884, deviceId=0, source=0x1002 }
D/InputEventConsistencyVerifier( 1059):   3: sent at 170807000000, KeyEvent { action=ACTION_UP, keyCode=KEYCODE_DPAD_CENTER, scanCode=0, metaState=0, flags=0x8, repeatCount=0, eventTime=170807, downTime=170807, deviceId=-1, source=0x101 }
D/InputEventConsistencyVerifier( 1059):   4: sent at 170799000000, KeyEvent { action=ACTION_DOWN, keyCode=KEYCODE_DPAD_CENTER, scanCode=0, metaState=0, flags=0x8, repeatCount=0, eventTime=170799, downTime=170799, deviceId=-1, source=0x101 }
D/InputEventConsistencyVerifier( 1059):   5: sent at 170559000000, (unhandled) KeyEvent { action=ACTION_UP, keyCode=KEYCODE_DPAD_RIGHT, scanCode=0, metaState=0, flags=0x8, repeatCount=0, eventTime=170559, downTime=170559, deviceId=-1, source=0x101 }
I/Choreographer( 1059): Skipped 96 frames!  The application may be doing too much work on its main thread.
E/WVMExtractor(   62): Failed to open libwvm.so
D/InputEventConsistencyVerifier( 1059): KeyEvent: ACTION_UP but key was not down.
D/InputEventConsistencyVerifier( 1059):   in android.view.ViewRootImpl@b3e1da50
D/InputEventConsistencyVerifier( 1059):   0: sent at 171541000000, KeyEvent { action=ACTION_UP, keyCode=KEYCODE_DPAD_RIGHT, scanCode=0, metaState=0, flags=0x8, repeatCount=0, eventTime=171541, downTime=171541, deviceId=-1, source=0x101 }
D/InputEventConsistencyVerifier( 1059):   -- recent events --
D/InputEventConsistencyVerifier( 1059):   1: sent at 167281000000, KeyEvent { action=ACTION_UP, keyCode=KEYCODE_MENU, scanCode=0, metaState=0, flags=0x8, repeatCount=0, eventTime=167281, downTime=167281, deviceId=-1, source=0x101 }
D/InputEventConsistencyVerifier( 1059):   2: sent at 167166000000, KeyEvent { action=ACTION_DOWN, keyCode=KEYCODE_MENU, scanCode=0, metaState=0, flags=0x8, repeatCount=0, eventTime=167166, downTime=167166, deviceId=-1, source=0x101 }
