D/InputEventConsistencyVerifier( 1059):   1: sent at 235768000000, MotionEvent { action=ACTION_UP, id[0]=0, x[0]=330.0, y[0]=256.0, toolType[0]=TOOL_TYPE_UNKNOWN, buttonState=0, metaState=0, flags=0x0, edgeFlags=0x0, pointerCount=1, historySize=0, eventTime=235768, downTime=235751, deviceId=0, source=0x1002 }
D/InputEventConsistencyVerifier( 1059):   2: sent at 235762000000, MotionEvent { action=ACTION_DOWN, id[0]=0, x[0]=324.0, y[0]=260.0, toolType[0]=TOOL_TYPE_UNKNOWN, buttonState=0, metaState=0, flags=0x0, edgeFlags=0x0, pointerCount=1, historySize=0, eventTime=235762, downTime=235751, deviceId=0, source=0x1002 }
D/InputEventConsistencyVerifier( 1059):   3: sent at 235696000000, (unhandled) KeyEvent { action=ACTION_UP, keyCode=KEYCODE_DPAD_DOWN, scanCode=0, metaState=0, flags=0x400, repeatCount=0, eventTime=235696, downTime=235696, deviceId=-1, source=0x101 }
D/InputEventConsistencyVerifier( 1059):   4: sent at 235696000000, KeyEvent { action=ACTION_DOWN, keyCode=KEYCODE_DPAD_DOWN, scanCode=0, metaState=0, flags=0x400, repeatCount=0, eventTime=235696, downTime=235696, deviceId=-1, source=0x101 }
D/InputEventConsistencyVerifier( 1059):   5: sent at 235693000000, (unhandled) KeyEvent { action=ACTION_UP, keyCode=KEYCODE_DPAD_DOWN, scanCode=0, metaState=0, flags=0x400, repeatCount=0, eventTime=235693, downTime=235693, deviceId=-1, source=0x101 }
E/MetadataRetrieverClient(   62): failed to extract an album art
I/Choreographer( 1059): Skipped 35 frames!  The application may be doing too much work on its main thread.
I/ActivityManager(  230): No longer want com.android.contacts (pid 748): hidden #16
D/InputEventConsistencyVerifier( 1059): KeyEvent: ACTION_UP but key was not down.
D/InputEventConsistencyVerifier( 1059):   in com.android.internal.policy.impl.PhoneWindow$DecorView@b3de50c0
D/InputEventConsistencyVerifier( 1059):   0: sent at 236535000000, KeyEvent { action=ACTION_UP, keyCode=KEYCODE_DPAD_DOWN, scanCode=0, metaState=0, flags=0x8, repeatCount=0, eventTime=236535, downTime=236535, deviceId=-1, source=0x101 }
D/InputEventConsistencyVerifier( 1059):   -- recent events --
D/InputEventConsistencyVerifier( 1059):   1: sent at 236451000000, MotionEvent { action=ACTION_UP, id[0]=0, x[0]=414.0, y[0]=691.0, toolType[0]=TOOL_TYPE_UNKNOWN, buttonState=0, metaState=0, flags=0x0, edgeFlags=0x0, pointerCount=1, historySize=0, eventTime=236451, downTime=236351, deviceId=0, source=0x1002 }
D/InputEventConsistencyVerifier( 1059):   2: sent at 236419000000, MotionEvent { action=ACTION_MOVE, id[0]=0, x[0]=416.0, y[0]=687.0, toolType[0]=TOOL_TYPE_UNKNOWN, buttonState=0, metaState=0, flags=0x0, edgeFlags=0x0, pointerCount=1, historySize=4, eventTime=236419, downTime=236351, deviceId=0, source=0x1002 }
D/InputEventConsistencyVerifier( 1059):   3: sent at 236353000000, MotionEvent { action=ACTION_DOWN, id[0]=0, x[0]=431.0, y[0]=628.0, toolType[0]=TOOL_TYPE_UNKNOWN, buttonState=0, metaState=0, flags=0x0, edgeFlags=0x0, pointerCount=1, historySize=0, eventTime=236353, downTime=236351, deviceId=0, source=0x1002 }
D/InputEventConsistencyVerifier( 1059):   4: sent at 236223000000, (unhandled) KeyEvent { action=ACTION_UP, keyCode=KEYCODE_DPAD_DOWN, scanCode=0, metaState=0, flags=0x80000008, repeatCount=0, eventTime=236223, downTime=236223, deviceId=-1, source=0x101 }
D/InputEventConsistencyVerifier( 1059):   5: sent at 235768000000, MotionEvent { action=ACTION_UP, id[0]=0, x[0]=330.0, y[0]=256.0, toolType[0]=TOOL_TYPE_UNKNOWN, buttonState=0, metaState=0, flags=0x0, edgeFlags=0x0, pointerCount=1, historySize=0, eventTime=235768, downTime=235751, deviceId=0, source=0x1002 }
I/Choreographer( 1059): Skipped 34 frames!  The application may be doing too much work on its main thread.
D/InputEventConsistencyVerifier( 1059): TrackballEvent: Trackball is down but pressure is not greater than 0.
D/InputEventConsistencyVerifier( 1059):   in android.view.ViewRootImpl@b3e12510
D/InputEventConsistencyVerifier( 1059):   0: sent at 237301000000, MotionEvent { action=ACTION_DOWN, id[0]=0, x[0]=0.0, y[0]=0.0, toolType[0]=TOOL_TYPE_UNKNOWN, buttonState=0, metaState=0, flags=0x0, edgeFlags=0x0, pointerCount=1, historySize=0, eventTime=237301, downTime=237232, deviceId=0, source=0x10004 }
D/InputEventConsistencyVerifier( 1059):   -- recent events --
D/InputEventConsistencyVerifier( 1059):   1: sent at 237325000000, KeyEvent { action=ACTION_UP, keyCode=KEYCODE_DPAD_UP, scanCode=0, metaState=0, flags=0x400, repeatCount=0, eventTime=237325, downTime=237325, deviceId=-1, source=0x101 }
D/InputEventConsistencyVerifier( 1059):   2: sent at 237325000000, KeyEvent { action=ACTION_DOWN, keyCode=KEYCODE_DPAD_UP, scanCode=0, metaState=0, flags=0x400, repeatCount=0, eventTime=237325, downTime=237325, deviceId=-1, source=0x101 }
D/InputEventConsistencyVerifier( 1059):   3: sent at 237325000000, KeyEvent { action=ACTION_UP, keyCode=KEYCODE_DPAD_UP, scanCode=0, metaState=0, flags=0x400, repeatCount=0, eventTime=237325, downTime=237325, deviceId=-1, source=0x101 }
D/InputEventConsistencyVerifier( 1059):   4: sent at 237325000000, KeyEvent { action=ACTION_DOWN, keyCode=KEYCODE_DPAD_UP, scanCode=0, metaState=0, flags=0x400, repeatCount=0, eventTime=237325, downTime=237325, deviceId=-1, source=0x101 }
D/InputEventConsistencyVerifier( 1059):   5: sent at 237324000000, KeyEvent { action=ACTION_UP, keyCode=KEYCODE_DPAD_UP, scanCode=0, metaState=0, flags=0x400, repeatCount=0, eventTime=237324, downTime=237324, deviceId=-1, source=0x101 }
D/InputEventConsistencyVerifier( 1059): KeyEvent: ACTION_UP but key was not down.
D/InputEventConsistencyVerifier( 1059):   in android.view.ViewRootImpl@b3ddf980
D/InputEventConsistencyVerifier( 1059):   0: sent at 237420000000, KeyEvent { action=ACTION_UP, keyCode=KEYCODE_DPAD_UP, scanCode=0, metaState=0, flags=0x8, repeatCount=0, eventTime=237420, downTime=237420, deviceId=-1, source=0x101 }
I/Choreographer( 1059): Skipped 112 frames!  The application may be doing too much work on its main thread.
D/InputEventConsistencyVerifier( 1059): KeyEvent: ACTION_UP but key was not down.
D/InputEventConsistencyVerifier( 1059):   in com.android.internal.policy.impl.PhoneWindow$DecorView@b3ec2428
D/InputEventConsistencyVerifier( 1059):   0: sent at 237726000000, KeyEvent { action=ACTION_UP, keyCode=KEYCODE_DPAD_UP, scanCode=0, metaState=0, flags=0x400, repeatCount=0, eventTime=237726, downTime=237726, deviceId=-1, source=0x101 }
D/InputEventConsistencyVerifier( 1059):   -- recent events --
D/InputEventConsistencyVerifier( 1059):   1: sent at 237524000000, (unhandled) MotionEvent { action=ACTION_MOVE, id[0]=0, x[0]=-1.0, y[0]=-3.0, toolType[0]=TOOL_TYPE_UNKNOWN, buttonState=0, metaState=0, flags=0x0, edgeFlags=0x0, pointerCount=1, historySize=9, eventTime=237524, downTime=-1, deviceId=0, source=0x10004 }
D/InputEventConsistencyVerifier( 1059):   2: sent at 237420000000, (unhandled) KeyEvent { action=ACTION_UP, keyCode=KEYCODE_DPAD_UP, scanCode=0, metaState=0, flags=0x80000008, repeatCount=0, eventTime=237420, downTime=237420, deviceId=-1, source=0x101 }
D/InputEventConsistencyVerifier(  432): TouchEvent: ACTION_DOWN but pointers are already down.  Probably missing ACTION_UP from previous gesture.
D/InputEventConsistencyVerifier(  432):   in android.view.ScaleGestureDetector@b3ebc8e8
D/InputEventConsistencyVerifier(  432):   0: sent at 237882000000, MotionEvent { action=ACTION_DOWN, id[0]=0, x[0]=284.0, y[0]=30.0, toolType[0]=TOOL_TYPE_UNKNOWN, buttonState=0, metaState=0, flags=0x0, edgeFlags=0x0, pointerCount=1, historySize=0, eventTime=237882, downTime=237868, deviceId=0, source=0x1002 }
D/InputEventConsistencyVerifier(  432):   -- recent events --
D/InputEventConsistencyVerifier(  432):   1: sent at 219528000000, MotionEvent { action=ACTION_MOVE, id[0]=0, x[0]=224.5, y[0]=642.0, toolType[0]=TOOL_TYPE_UNKNOWN, buttonState=0, metaState=0, flags=0x0, edgeFlags=0x0, pointerCount=1, historySize=6, eventTime=219528, downTime=219481, deviceId=0, source=0x1002 }
D/InputEventConsistencyVerifier(  432):   2: sent at 219483000000, MotionEvent { action=ACTION_DOWN, id[0]=0, x[0]=242.0, y[0]=668.0, toolType[0]=TOOL_TYPE_UNKNOWN, buttonState=0, metaState=0, flags=0x80000000, edgeFlags=0x0, pointerCount=1, historySize=0, eventTime=219483, downTime=219481, deviceId=0, source=0x1002 }
D/InputEventConsistencyVerifier(  432):   3: sent at 219371000000, MotionEvent { action=ACTION_MOVE, id[0]=0, x[0]=426.0, y[0]=237.0, toolType[0]=TOOL_TYPE_UNKNOWN, buttonState=0, metaState=0, flags=0x0, edgeFlags=0x0, pointerCount=1, historySize=1, eventTime=219371, downTime=219362, deviceId=0, source=0x1002 }
D/InputEventConsistencyVerifier(  432):   4: sent at 219363000000, MotionEvent { action=ACTION_DOWN, id[0]=0, x[0]=436.0, y[0]=252.0, toolType[0]=TOOL_TYPE_UNKNOWN, buttonState=0, metaState=0, flags=0x0, edgeFlags=0x0, pointerCount=1, historySize=0, eventTime=219363, downTime=219362, deviceId=0, source=0x1002 }
D/InputEventConsistencyVerifier(  432):   5: sent at 219109000000, MotionEvent { action=ACTION_UP, id[0]=0, x[0]=324.0, y[0]=372.0, toolType[0]=TOOL_TYPE_UNKNOWN, buttonState=0, metaState=0, flags=0x0, edgeFlags=0x0, pointerCount=1, historySize=0, eventTime=219109, downTime=219104, deviceId=0, source=0x1002 }
I/ActivityManager(  230): START {act=android.intent.action.MAIN cat=[android.intent.category.LAUNCHER] flg=0x10000000 cmp=com.android.contacts/.activities.PeopleActivity sel={act=android.intent.action.MAIN cat=[android.intent.category.APP_CONTACTS]} u=0} from pid 230
W/dalvikvm(  432): DroidBox: { "FdAccess": { "path": "2f70726f632f6d656d696e666f", "id": "1771613093" } }
W/DroidBox(  432): DroidBox: { "FileRW": { "operation": "read", "data": "4d656d546f74616c3a202020202020202020373438393634206b420a4d656d467265653a20202020202020202020343536373136206b420a427566666572733a20202020202020202020202035353238206b420a4361636865643a202020202020202020", "id": "1771613093" } }
I/Choreographer( 1059): Skipped 124 frames!  The application may be doing too much work on its main thread.
D/InputEventConsistencyVerifier( 1059): KeyEvent: ACTION_UP but key was not down.
D/InputEventConsistencyVerifier( 1059):   in com.android.internal.policy.impl.PhoneWindow$DecorView@b3ec2428
D/InputEventConsistencyVerifier( 1059):   0: sent at 238319000000, KeyEvent { action=ACTION_UP, keyCode=KEYCODE_DPAD_DOWN, scanCode=0, metaState=0, flags=0x400, repeatCount=0, eventTime=238319, downTime=238319, deviceId=-1, source=0x101 }
D/InputEventConsistencyVerifier( 1059):   -- recent events --
D/InputEventConsistencyVerifier( 1059):   1: sent at 237864000000, (unhandled) MotionEvent { action=ACTION_MOVE, id[0]=0, x[0]=2.0, y[0]=2.0, toolType[0]=TOOL_TYPE_UNKNOWN, buttonState=0, metaState=0, flags=0x0, edgeFlags=0x0, pointerCount=1, historySize=9, eventTime=237864, downTime=-1, deviceId=0, source=0x10004 }
D/InputEventConsistencyVerifier( 1059):   2: sent at 237789000000, KeyEvent { action=ACTION_UP, keyCode=KEYCODE_DPAD_CENTER, scanCode=0, metaState=0, flags=0x8, repeatCount=0, eventTime=237789, downTime=237789, deviceId=-1, source=0x101 }
D/InputEventConsistencyVerifier( 1059):   3: sent at 237781000000, KeyEvent { action=ACTION_DOWN, keyCode=KEYCODE_DPAD_CENTER, scanCode=0, metaState=0, flags=0x8, repeatCount=0, eventTime=237781, downTime=237781, deviceId=-1, source=0x101 }
D/InputEventConsistencyVerifier( 1059):   4: sent at 237773000000, (unhandled) KeyEvent { action=ACTION_UP, keyCode=KEYCODE_DPAD_UP, scanCode=0, metaState=0, flags=0x8, repeatCount=0, eventTime=237773, downTime=237773, deviceId=-1, source=0x101 }
D/InputEventConsistencyVerifier( 1059):   5: sent at 237766000000, (unhandled) KeyEvent { action=ACTION_DOWN, keyCode=KEYCODE_DPAD_UP, scanCode=0, metaState=0, flags=0x8, repeatCount=0, eventTime=237766, downTime=237766, deviceId=-1, source=0x101 }
D/InputEventConsistencyVerifier(  432): KeyEvent: ACTION_UP but key was not down.
D/InputEventConsistencyVerifier(  432):   in android.view.ViewRootImpl@b3eadc78
D/InputEventConsistencyVerifier(  432):   0: sent at 237972000000, KeyEvent { action=ACTION_UP, keyCode=KEYCODE_CONTACTS, scanCode=0, metaState=0, flags=0x8, repeatCount=0, eventTime=237972, downTime=237972, deviceId=-1, source=0x101 }
D/InputEventConsistencyVerifier(  432):   -- recent events --
D/InputEventConsistencyVerifier(  432):   1: sent at 237942000000, MotionEvent { action=ACTION_UP, id[0]=0, x[0]=205.0, y[0]=131.0, toolType[0]=TOOL_TYPE_UNKNOWN, buttonState=0, metaState=0, flags=0x0, edgeFlags=0x0, pointerCount=1, historySize=0, eventTime=237942, downTime=237868, deviceId=0, source=0x1002 }
D/InputEventConsistencyVerifier(  432):   2: sent at 237939000000, MotionEvent { action=ACTION_MOVE, id[0]=0, x[0]=214.0, y[0]=114.0, toolType[0]=TOOL_TYPE_UNKNOWN, buttonState=0, metaState=0, flags=0x0, edgeFlags=0x0, pointerCount=1, historySize=7, eventTime=237939, downTime=237868, deviceId=0, source=0x1002 }
D/InputEventConsistencyVerifier(  432):   3: sent at 237882000000, MotionEvent { action=ACTION_DOWN, id[0]=0, x[0]=284.0, y[0]=30.0, toolType[0]=TOOL_TYPE_UNKNOWN, buttonState=0, metaState=0, flags=0x0, edgeFlags=0x0, pointerCount=1, historySize=0, eventTime=237882, downTime=237868, deviceId=0, source=0x1002 }
D/InputEventConsistencyVerifier(  432):   4: sent at 219937000000, MotionEvent { action=ACTION_MOVE, id[0]=0, x[0]=-1.0, y[0]=-1.0, toolType[0]=TOOL_TYPE_UNKNOWN, buttonState=0, metaState=0, flags=0x0, edgeFlags=0x0, pointerCount=1, historySize=9, eventTime=219937, downTime=-1, deviceId=0, source=0x10004 }
D/InputEventConsistencyVerifier(  432):   5: sent at 219776000000, KeyEvent { action=ACTION_UP, keyCode=KEYCODE_DPAD_LEFT, scanCode=0, metaState=0, flags=0x8, repeatCount=0, eventTime=219776, downTime=219776, deviceId=-1, source=0x101 }
D/InputEventConsistencyVerifier(  432): KeyEvent: ACTION_UP but key was not down.
D/InputEventConsistencyVerifier(  432):   in com.android.systemui.statusbar.phone.StatusBarWindowView@b3e1c1d8
D/InputEventConsistencyVerifier(  432):   0: sent at 238535000000, KeyEvent { action=ACTION_UP, keyCode=KEYCODE_DPAD_RIGHT, scanCode=0, metaState=0, flags=0x8, repeatCount=0, eventTime=238535, downTime=238535, deviceId=-1, source=0x101 }
D/InputEventConsistencyVerifier(  432):   -- recent events --
D/InputEventConsistencyVerifier(  432):   1: sent at 237972000000, (unhandled) KeyEvent { action=ACTION_UP, keyCode=KEYCODE_CONTACTS, scanCode=0, metaState=0, flags=0x80000008, repeatCount=0, eventTime=237972, downTime=237972, deviceId=-1, source=0x101 }
D/InputEventConsistencyVerifier(  432):   2: sent at 237942000000, MotionEvent { action=ACTION_UP, id[0]=0, x[0]=205.0, y[0]=131.0, toolType[0]=TOOL_TYPE_UNKNOWN, buttonState=0, metaState=0, flags=0x0, edgeFlags=0x0, pointerCount=1, historySize=0, eventTime=237942, downTime=237868, deviceId=0, source=0x1002 }
D/InputEventConsistencyVerifier(  432):   3: sent at 237939000000, MotionEvent { action=ACTION_MOVE, id[0]=0, x[0]=214.0, y[0]=114.0, toolType[0]=TOOL_TYPE_UNKNOWN, buttonState=0, metaState=0, flags=0x0, edgeFlags=0x0, pointerCount=1, historySize=7, eventTime=237939, downTime=237868, deviceId=0, source=0x1002 }
D/InputEventConsistencyVerifier(  432):   4: sent at 237882000000, MotionEvent { action=ACTION_DOWN, id[0]=0, x[0]=284.0, y[0]=30.0, toolType[0]=TOOL_TYPE_UNKNOWN, buttonState=0, metaState=0, flags=0x0, edgeFlags=0x0, pointerCount=1, historySize=0, eventTime=237882, downTime=237868, deviceId=0, source=0x1002 }
D/InputEventConsistencyVerifier(  432):   5: sent at 219937000000, (unhandled) MotionEvent { action=ACTION_MOVE, id[0]=0, x[0]=-1.0, y[0]=-1.0, toolType[0]=TOOL_TYPE_UNKNOWN, buttonState=0, metaState=0, flags=0x0, edgeFlags=0x0, pointerCount=1, historySize=9, eventTime=219937, downTime=-1, deviceId=0, source=0x10004 }
W/dalvikvm(  432): DroidBox: { "FdAccess": { "path": "2f70726f632f6d656d696e666f", "id": "1127850348" } }
W/DroidBox(  432): DroidBox: { "FileRW": { "operation": "read", "data": "4d656d546f74616c3a202020202020202020373438393634206b420a4d656d467265653a20202020202020202020343534313132206b420a427566666572733a20202020202020202020202035353238206b420a4361636865643a202020202020202020", "id": "1127850348" } }
I/Choreographer(  432): Skipped 149 frames!  The application may be doing too much work on its main thread.
W/dalvikvm(  432): DroidBox: { "FdAccess": { "path": "2f70726f632f6d656d696e666f", "id": "1530951190" } }
W/DroidBox(  432): DroidBox: { "FileRW": { "operation": "read", "data": "4d656d546f74616c3a202020202020202020373438393634206b420a4d656d467265653a20202020202020202020343534313132206b420a427566666572733a20202020202020202020202035353238206b420a4361636865643a202020202020202020", "id": "1530951190" } }
I/Choreographer( 1059): Skipped 77 frames!  The application may be doing too much work on its main thread.
V/PhoneStatusBar(  432): setLightsOn(true)
I/Choreographer(  432): Skipped 113 frames!  The application may be doing too much work on its main thread.
D/PhoneStatusBar(  432): disable: < expand icons alerts TICKER* system_info back home recent clock >
W/dalvikvm(  432): DroidBox: { "FdAccess": { "path": "2f70726f632f6d656d696e666f", "id": "958688498" } }
W/DroidBox(  432): DroidBox: { "FileRW": { "operation": "read", "data": "4d656d546f74616c3a202020202020202020373438393634206b420a4d656d467265653a20202020202020202020343533383634206b420a427566666572733a20202020202020202020202035353238206b420a4361636865643a202020202020202020", "id": "958688498" } }
D/InputEventConsistencyVerifier(  432): KeyEvent: ACTION_UP but key was not down.
D/InputEventConsistencyVerifier(  432):   in com.android.systemui.statusbar.phone.StatusBarWindowView@b3e1c1d8
D/InputEventConsistencyVerifier(  432):   0: sent at 239300000000, KeyEvent { action=ACTION_UP, keyCode=KEYCODE_DPAD_RIGHT, scanCode=0, metaState=0, flags=0x400, repeatCount=0, eventTime=239300, downTime=239300, deviceId=-1, source=0x101 }
D/InputEventConsistencyVerifier(  432):   -- recent events --
D/InputEventConsistencyVerifier(  432):   1: sent at 239266000000, (unhandled) MotionEvent { action=ACTION_MOVE, id[0]=0, x[0]=4.0, y[0]=2.0, toolType[0]=TOOL_TYPE_UNKNOWN, buttonState=0, metaState=0, flags=0x0, edgeFlags=0x0, pointerCount=1, historySize=9, eventTime=239266, downTime=-1, deviceId=0, source=0x10004 }
D/InputEventConsistencyVerifier(  432):   2: sent at 239222000000, MotionEvent { action=ACTION_UP, id[0]=0, x[0]=416.0, y[0]=572.0, toolType[0]=TOOL_TYPE_UNKNOWN, buttonState=0, metaState=0, flags=0x0, edgeFlags=0x0, pointerCount=1, historySize=0, eventTime=239222, downTime=239217, deviceId=0, source=0x1002 }
D/InputEventConsistencyVerifier(  432):   3: sent at 239217000000, MotionEvent { action=ACTION_DOWN, id[0]=0, x[0]=416.0, y[0]=572.0, toolType[0]=TOOL_TYPE_UNKNOWN, buttonState=0, metaState=0, flags=0x0, edgeFlags=0x0, pointerCount=1, historySize=0, eventTime=239217, downTime=239217, deviceId=0, source=0x1002 }
D/InputEventConsistencyVerifier(  432):   4: sent at 239206000000, (unhandled) KeyEvent { action=ACTION_UP, keyCode=KEYCODE_DPAD_CENTER, scanCode=0, metaState=0, flags=0x8, repeatCount=0, eventTime=239206, downTime=239206, deviceId=-1, source=0x101 }
D/InputEventConsistencyVerifier(  432):   5: sent at 239157000000, (unhandled) KeyEvent { action=ACTION_DOWN, keyCode=KEYCODE_DPAD_CENTER, scanCode=0, metaState=0, flags=0x8, repeatCount=0, eventTime=239157, downTime=239157, deviceId=-1, source=0x101 }
D/InputEventConsistencyVerifier(  432): KeyEvent: ACTION_UP but key was not down.
D/InputEventConsistencyVerifier(  432):   in android.widget.FrameLayout@b3e1af60
D/InputEventConsistencyVerifier(  432):   0: sent at 239349000000, KeyEvent { action=ACTION_UP, keyCode=KEYCODE_DPAD_DOWN, scanCode=0, metaState=0, flags=0x8, repeatCount=0, eventTime=239349, downTime=239349, deviceId=-1, source=0x101 }
D/InputEventConsistencyVerifier(  432):   -- recent events --
D/InputEventConsistencyVerifier(  432):   1: sent at 239222000000, MotionEvent { action=ACTION_UP, id[0]=0, x[0]=416.0, y[0]=572.0, toolType[0]=TOOL_TYPE_UNKNOWN, buttonState=0, metaState=0, flags=0x0, edgeFlags=0x0, pointerCount=1, historySize=0, eventTime=239222, downTime=239217, deviceId=0, source=0x1002 }
D/InputEventConsistencyVerifier(  432):   2: sent at 239217000000, MotionEvent { action=ACTION_DOWN, id[0]=0, x[0]=416.0, y[0]=572.0, toolType[0]=TOOL_TYPE_UNKNOWN, buttonState=0, metaState=0, flags=0x0, edgeFlags=0x0, pointerCount=1, historySize=0, eventTime=239217, downTime=239217, deviceId=0, source=0x1002 }
D/InputEventConsistencyVerifier(  432):   3: sent at 219616000000, MotionEvent { action=ACTION_UP, id[0]=0, x[0]=219.0, y[0]=638.0, toolType[0]=TOOL_TYPE_UNKNOWN, buttonState=0, metaState=0, flags=0x0, edgeFlags=0x0, pointerCount=1, historySize=0, eventTime=219616, downTime=219481, deviceId=0, source=0x1002 }
D/InputEventConsistencyVerifier(  432):   4: sent at 219529000000, MotionEvent { action=ACTION_MOVE, id[0]=0, x[0]=225.0, y[0]=644.0, toolType[0]=TOOL_TYPE_UNKNOWN, buttonState=0, metaState=0, flags=0x0, edgeFlags=0x0, pointerCount=1, historySize=0, eventTime=219529, downTime=219481, deviceId=0, source=0x1002 }
D/InputEventConsistencyVerifier(  432):   5: sent at 219528000000, MotionEvent { action=ACTION_MOVE, id[0]=0, x[0]=224.5, y[0]=642.0, toolType[0]=TOOL_TYPE_UNKNOWN, buttonState=0, metaState=0, flags=0x0, edgeFlags=0x0, pointerCount=1, historySize=6, eventTime=219528, downTime=219481, deviceId=0, source=0x1002 }
D/InputEventConsistencyVerifier(  432): TrackballEvent: Trackball is down but pressure is not greater than 0.
D/InputEventConsistencyVerifier(  432):   in android.view.ViewRootImpl@b3eadc78
D/InputEventConsistencyVerifier(  432):   0: sent at 239447000000, MotionEvent { action=ACTION_DOWN, id[0]=0, x[0]=0.0, y[0]=0.0, toolType[0]=TOOL_TYPE_UNKNOWN, buttonState=0, metaState=0, flags=0x0, edgeFlags=0x0, pointerCount=1, historySize=0, eventTime=239447, downTime=239406, deviceId=0, source=0x10004 }
D/InputEventConsistencyVerifier(  432):   -- recent events --
D/InputEventConsistencyVerifier(  432):   1: sent at 239458000000, KeyEvent { action=ACTION_UP, keyCode=KEYCODE_DPAD_RIGHT, scanCode=0, metaState=0, flags=0x400, repeatCount=0, eventTime=239458, downTime=239458, deviceId=-1, source=0x101 }
D/InputEventConsistencyVerifier(  432):   2: sent at 239458000000, KeyEvent { action=ACTION_DOWN, keyCode=KEYCODE_DPAD_RIGHT, scanCode=0, metaState=0, flags=0x400, repeatCount=0, eventTime=239458, downTime=239458, deviceId=-1, source=0x101 }
D/InputEventConsistencyVerifier(  432):   3: sent at 239458000000, KeyEvent { action=ACTION_UP, keyCode=KEYCODE_DPAD_RIGHT, scanCode=0, metaState=0, flags=0x400, repeatCount=0, eventTime=239458, downTime=239458, deviceId=-1, source=0x101 }
D/InputEventConsistencyVerifier(  432):   4: sent at 239458000000, KeyEvent { action=ACTION_DOWN, keyCode=KEYCODE_DPAD_RIGHT, scanCode=0, metaState=0, flags=0x400, repeatCount=0, eventTime=239458, downTime=239458, deviceId=-1, source=0x101 }
D/InputEventConsistencyVerifier(  432):   5: sent at 239458000000, KeyEvent { action=ACTION_MULTIPLE, keyCode=KEYCODE_DPAD_RIGHT, scanCode=0, metaState=0, flags=0x400, repeatCount=30, eventTime=239458, downTime=239458, deviceId=-1, source=0x101 }
I/Choreographer(  432): Skipped 47 frames!  The application may be doing too much work on its main thread.
D/InputEventConsistencyVerifier(  432): KeyEvent: ACTION_UP but key was not down.
D/InputEventConsistencyVerifier(  432):   in android.widget.FrameLayout@b3e1af60
D/InputEventConsistencyVerifier(  432):   0: sent at 239585000000, KeyEvent { action=ACTION_UP, keyCode=KEYCODE_DPAD_DOWN, scanCode=0, metaState=0, flags=0x400, repeatCount=0, eventTime=239585, downTime=239585, deviceId=-1, source=0x101 }
D/InputEventConsistencyVerifier(  432):   -- recent events --
D/InputEventConsistencyVerifier(  432):   1: sent at 239396000000, MotionEvent { action=ACTION_UP, id[0]=0, x[0]=78.0, y[0]=4.0, toolType[0]=TOOL_TYPE_UNKNOWN, buttonState=0, metaState=0, flags=0x0, edgeFlags=0x0, pointerCount=1, historySize=0, eventTime=239396, downTime=239387, deviceId=0, source=0x1002 }
D/InputEventConsistencyVerifier(  432):   2: sent at 239387000000, MotionEvent { action=ACTION_DOWN, id[0]=0, x[0]=78.0, y[0]=8.0, toolType[0]=TOOL_TYPE_UNKNOWN, buttonState=0, metaState=0, flags=0x0, edgeFlags=0x0, pointerCount=1, historySize=0, eventTime=239387, downTime=239387, deviceId=0, source=0x1002 }
D/InputEventConsistencyVerifier(  432):   3: sent at 239376000000, (unhandled) KeyEvent { action=ACTION_UP, keyCode=KEYCODE_DPAD_DOWN, scanCode=0, metaState=0, flags=0x8, repeatCount=0, eventTime=239376, downTime=239376, deviceId=-1, source=0x101 }
D/InputEventConsistencyVerifier(  432):   4: sent at 239366000000, (unhandled) KeyEvent { action=ACTION_DOWN, keyCode=KEYCODE_DPAD_DOWN, scanCode=0, metaState=0, flags=0x8, repeatCount=0, eventTime=239366, downTime=239366, deviceId=-1, source=0x101 }
D/InputEventConsistencyVerifier(  432):   5: sent at 239349000000, (unhandled) KeyEvent { action=ACTION_UP, keyCode=KEYCODE_DPAD_DOWN, scanCode=0, metaState=0, flags=0x80000008, repeatCount=0, eventTime=239349, downTime=239349, deviceId=-1, source=0x101 }
I/Choreographer(  432): Skipped 34 frames!  The application may be doing too much work on its main thread.
D/InputEventConsistencyVerifier(  432): KeyEvent: ACTION_UP but key was not down.
D/InputEventConsistencyVerifier(  432):   in com.android.systemui.statusbar.phone.StatusBarWindowView@b3e1c1d8
D/InputEventConsistencyVerifier(  432):   0: sent at 240037000000, KeyEvent { action=ACTION_UP, keyCode=KEYCODE_DPAD_DOWN, scanCode=0, metaState=0, flags=0x8, repeatCount=0, eventTime=240037, downTime=240037, deviceId=-1, source=0x101 }
D/InputEventConsistencyVerifier(  432):   -- recent events --
D/InputEventConsistencyVerifier(  432):   1: sent at 240018000000, MotionEvent { action=ACTION_UP, id[0]=0, x[0]=411.0, y[0]=286.0, toolType[0]=TOOL_TYPE_UNKNOWN, buttonState=0, metaState=0, flags=0x0, edgeFlags=0x0, pointerCount=1, historySize=0, eventTime=240018, downTime=239911, deviceId=0, source=0x1002 }
D/InputEventConsistencyVerifier(  432):   2: sent at 240016000000, MotionEvent { action=ACTION_MOVE, id[0]=0, x[0]=410.0, y[0]=288.0, toolType[0]=TOOL_TYPE_UNKNOWN, buttonState=0, metaState=0, flags=0x0, edgeFlags=0x0, pointerCount=1, historySize=0, eventTime=240016, downTime=239911, deviceId=0, source=0x1002 }
D/InputEventConsistencyVerifier(  432):   3: sent at 240014825050, MotionEvent { action=ACTION_MOVE, id[0]=0, x[0]=407.94385, y[0]=288.0, toolType[0]=TOOL_TYPE_UNKNOWN, buttonState=0, metaState=0, flags=0x0, edgeFlags=0x0, pointerCount=1, historySize=3, eventTime=240014, downTime=239911, deviceId=0, source=0x1002 }
D/InputEventConsistencyVerifier(  432):   4: sent at 239991500000, MotionEvent { action=ACTION_MOVE, id[0]=0, x[0]=371.5, y[0]=293.0, toolType[0]=TOOL_TYPE_UNKNOWN, buttonState=0, metaState=0, flags=0x0, edgeFlags=0x0, pointerCount=1, historySize=1, eventTime=239991, downTime=239911, deviceId=0, source=0x1002 }
D/InputEventConsistencyVerifier(  432):   5: sent at 239987944980, MotionEvent { action=ACTION_MOVE, id[0]=0, x[0]=360.83493, y[0]=295.37003, toolType[0]=TOOL_TYPE_UNKNOWN, buttonState=0, metaState=0, flags=0x0, edgeFlags=0x0, pointerCount=1, historySize=2, eventTime=239987, downTime=239911, deviceId=0, source=0x1002 }
D/InputEventConsistencyVerifier(  432): TouchEvent: ACTION_DOWN but pointers are already down.  Probably missing ACTION_UP from previous gesture.
D/InputEventConsistencyVerifier(  432):   in android.view.ScaleGestureDetector@b3ebc8e8
D/InputEventConsistencyVerifier(  432):   0: sent at 240111000000, MotionEvent { action=ACTION_DOWN, id[0]=0, x[0]=299.0, y[0]=348.0, toolType[0]=TOOL_TYPE_UNKNOWN, buttonState=0, metaState=0, flags=0x0, edgeFlags=0x0, pointerCount=1, historySize=0, eventTime=240111, downTime=240111, deviceId=0, source=0x1002 }
D/InputEventConsistencyVerifier(  432):   -- recent events --
D/InputEventConsistencyVerifier(  432):   1: sent at 240014825050, MotionEvent { action=ACTION_MOVE, id[0]=0, x[0]=407.94385, y[0]=288.0, toolType[0]=TOOL_TYPE_UNKNOWN, buttonState=0, metaState=0, flags=0x0, edgeFlags=0x0, pointerCount=1, historySize=3, eventTime=240014, downTime=239911, deviceId=0, source=0x1002 }
D/InputEventConsistencyVerifier(  432):   2: sent at 239991500000, MotionEvent { action=ACTION_MOVE, id[0]=0, x[0]=371.5, y[0]=293.0, toolType[0]=TOOL_TYPE_UNKNOWN, buttonState=0, metaState=0, flags=0x0, edgeFlags=0x0, pointerCount=1, historySize=1, eventTime=239991, downTime=239911, deviceId=0, source=0x1002 }
D/InputEventConsistencyVerifier(  432):   3: sent at 239987944980, MotionEvent { action=ACTION_MOVE, id[0]=0, x[0]=360.83493, y[0]=295.37003, toolType[0]=TOOL_TYPE_UNKNOWN, buttonState=0, metaState=0, flags=0x0, edgeFlags=0x0, pointerCount=1, historySize=2, eventTime=239987, downTime=239911, deviceId=0, source=0x1002 }
D/InputEventConsistencyVerifier(  432):   4: sent at 239914000000, MotionEvent { action=ACTION_DOWN, id[0]=0, x[0]=342.0, y[0]=301.0, toolType[0]=TOOL_TYPE_UNKNOWN, buttonState=0, metaState=0, flags=0x0, edgeFlags=0x0, pointerCount=1, historySize=0, eventTime=239914, downTime=239911, deviceId=0, source=0x1002 }
D/InputEventConsistencyVerifier(  432):   5: sent at 239904000000, MotionEvent { action=ACTION_UP, id[0]=0, x[0]=106.0, y[0]=294.0, toolType[0]=TOOL_TYPE_UNKNOWN, buttonState=0, metaState=0, flags=0x0, edgeFlags=0x0, pointerCount=1, historySize=0, eventTime=239904, downTime=239899, deviceId=0, source=0x1002 }
D/InputEventConsistencyVerifier(  432): TouchEvent: ACTION_DOWN but pointers are already down.  Probably missing ACTION_UP from previous gesture.
D/InputEventConsistencyVerifier(  432):   in android.view.ScaleGestureDetector@b3ebc8e8
D/InputEventConsistencyVerifier(  432):   0: sent at 240202000000, MotionEvent { action=ACTION_DOWN, id[0]=0, x[0]=439.0, y[0]=575.0, toolType[0]=TOOL_TYPE_UNKNOWN, buttonState=0, metaState=0, flags=0x0, edgeFlags=0x0, pointerCount=1, historySize=0, eventTime=240202, downTime=240199, deviceId=0, source=0x1002 }
D/InputEventConsistencyVerifier(  432):   -- recent events --
D/InputEventConsistencyVerifier(  432):   1: sent at 240176000000, MotionEvent { action=ACTION_MOVE, id[0]=0, x[0]=120.0, y[0]=584.0, toolType[0]=TOOL_TYPE_UNKNOWN, buttonState=0, metaState=0, flags=0x0, edgeFlags=0x0, pointerCount=1, historySize=3, eventTime=240176, downTime=240135, deviceId=0, source=0x1002 }
D/InputEventConsistencyVerifier(  432):   2: sent at 240137000000, MotionEvent { action=ACTION_DOWN, id[0]=0, x[0]=106.0, y[0]=567.0, toolType[0]=TOOL_TYPE_UNKNOWN, buttonState=0, metaState=0, flags=0x0, edgeFlags=0x0, pointerCount=1, historySize=0, eventTime=240137, downTime=240135, deviceId=0, source=0x1002 }
D/InputEventConsistencyVerifier(  432):   3: sent at 240116000000, MotionEvent { action=ACTION_UP, id[0]=0, x[0]=312.0, y[0]=341.0, toolType[0]=TOOL_TYPE_UNKNOWN, buttonState=0, metaState=0, flags=0x0, edgeFlags=0x0, pointerCount=1, historySize=0, eventTime=240116, downTime=240111, deviceId=0, source=0x1002 }
D/InputEventConsistencyVerifier(  432):   4: sent at 240111000000, MotionEvent { action=ACTION_DOWN, id[0]=0, x[0]=299.0, y[0]=348.0, toolType[0]=TOOL_TYPE_UNKNOWN, buttonState=0, metaState=0, flags=0x80000000, edgeFlags=0x0, pointerCount=1, historySize=0, eventTime=240111, downTime=240111, deviceId=0, source=0x1002 }
D/InputEventConsistencyVerifier(  432):   5: sent at 240014825050, MotionEvent { action=ACTION_MOVE, id[0]=0, x[0]=407.94385, y[0]=288.0, toolType[0]=TOOL_TYPE_UNKNOWN, buttonState=0, metaState=0, flags=0x0, edgeFlags=0x0, pointerCount=1, historySize=3, eventTime=240014, downTime=239911, deviceId=0, source=0x1002 }
I/Choreographer(  432): Skipped 30 frames!  The application may be doing too much work on its main thread.
D/InputEventConsistencyVerifier(  432): KeyEvent: ACTION_UP but key was not down.
D/InputEventConsistencyVerifier(  432):   in com.android.systemui.statusbar.phone.StatusBarWindowView@b3e1c1d8
D/InputEventConsistencyVerifier(  432):   0: sent at 240268000000, KeyEvent { action=ACTION_UP, keyCode=KEYCODE_DPAD_UP, scanCode=0, metaState=0, flags=0x8, repeatCount=0, eventTime=240268, downTime=240268, deviceId=-1, source=0x101 }
D/InputEventConsistencyVerifier(  432):   -- recent events --
D/InputEventConsistencyVerifier(  432):   1: sent at 240239000000, MotionEvent { action=ACTION_UP, id[0]=0, x[0]=443.0, y[0]=677.5, toolType[0]=TOOL_TYPE_UNKNOWN, buttonState=0, metaState=0, flags=0x0, edgeFlags=0x0, pointerCount=1, historySize=0, eventTime=240239, downTime=240199, deviceId=0, source=0x1002 }
D/InputEventConsistencyVerifier(  432):   2: sent at 240237000000, MotionEvent { action=ACTION_MOVE, id[0]=0, x[0]=443.0, y[0]=677.5, toolType[0]=TOOL_TYPE_UNKNOWN, buttonState=0, metaState=0, flags=0x0, edgeFlags=0x0, pointerCount=1, historySize=2, eventTime=240237, downTime=240199, deviceId=0, source=0x1002 }
D/InputEventConsistencyVerifier(  432):   3: sent at 240233705620, MotionEvent { action=ACTION_MOVE, id[0]=0, x[0]=443.0, y[0]=646.8412, toolType[0]=TOOL_TYPE_UNKNOWN, buttonState=0, metaState=0, flags=0x0, edgeFlags=0x0, pointerCount=1, historySize=5, eventTime=240233, downTime=240199, deviceId=0, source=0x1002 }
D/InputEventConsistencyVerifier(  432):   4: sent at 240202000000, MotionEvent { action=ACTION_DOWN, id[0]=0, x[0]=439.0, y[0]=575.0, toolType[0]=TOOL_TYPE_UNKNOWN, buttonState=0, metaState=0, flags=0x0, edgeFlags=0x0, pointerCount=1, historySize=0, eventTime=240202, downTime=240199, deviceId=0, source=0x1002 }
D/InputEventConsistencyVerifier(  432):   5: sent at 240192000000, (unhandled) KeyEvent { action=ACTION_UP, keyCode=KEYCODE_NUMPAD_SUBTRACT, scanCode=0, metaState=0, flags=0x8, repeatCount=0, eventTime=240192, downTime=240192, deviceId=-1, source=0x101 }
D/InputEventConsistencyVerifier(  432): TouchEvent: ACTION_DOWN but pointers are already down.  Probably missing ACTION_UP from previous gesture.
D/InputEventConsistencyVerifier(  432):   in android.view.ScaleGestureDetector@b3ebc8e8
D/InputEventConsistencyVerifier(  432):   0: sent at 240316000000, MotionEvent { action=ACTION_DOWN, id[0]=0, x[0]=112.0, y[0]=795.0, toolType[0]=TOOL_TYPE_UNKNOWN, buttonState=0, metaState=0, flags=0x0, edgeFlags=0x0, pointerCount=1, historySize=0, eventTime=240316, downTime=240315, deviceId=0, source=0x1002 }
D/InputEventConsistencyVerifier(  432):   -- recent events --
D/InputEventConsistencyVerifier(  432):   1: sent at 240233705620, MotionEvent { action=ACTION_MOVE, id[0]=0, x[0]=443.0, y[0]=646.8412, toolType[0]=TOOL_TYPE_UNKNOWN, buttonState=0, metaState=0, flags=0x0, edgeFlags=0x0, pointerCount=1, historySize=5, eventTime=240233, downTime=240199, deviceId=0, source=0x1002 }
D/InputEventConsistencyVerifier(  432):   2: sent at 240202000000, MotionEvent { action=ACTION_DOWN, id[0]=0, x[0]=439.0, y[0]=575.0, toolType[0]=TOOL_TYPE_UNKNOWN, buttonState=0, metaState=0, flags=0x80000000, edgeFlags=0x0, pointerCount=1, historySize=0, eventTime=240202, downTime=240199, deviceId=0, source=0x1002 }
D/InputEventConsistencyVerifier(  432):   3: sent at 240176000000, MotionEvent { action=ACTION_MOVE, id[0]=0, x[0]=120.0, y[0]=584.0, toolType[0]=TOOL_TYPE_UNKNOWN, buttonState=0, metaState=0, flags=0x0, edgeFlags=0x0, pointerCount=1, historySize=3, eventTime=240176, downTime=240135, deviceId=0, source=0x1002 }
D/InputEventConsistencyVerifier(  432):   4: sent at 240137000000, MotionEvent { action=ACTION_DOWN, id[0]=0, x[0]=106.0, y[0]=567.0, toolType[0]=TOOL_TYPE_UNKNOWN, buttonState=0, metaState=0, flags=0x0, edgeFlags=0x0, pointerCount=1, historySize=0, eventTime=240137, downTime=240135, deviceId=0, source=0x1002 }
D/InputEventConsistencyVerifier(  432):   5: sent at 240116000000, MotionEvent { action=ACTION_UP, id[0]=0, x[0]=312.0, y[0]=341.0, toolType[0]=TOOL_TYPE_UNKNOWN, buttonState=0, metaState=0, flags=0x0, edgeFlags=0x0, pointerCount=1, historySize=0, eventTime=240116, downTime=240111, deviceId=0, source=0x1002 }
W/dalvikvm(  432): DroidBox: { "FdAccess": { "path": "2f70726f632f6d656d696e666f", "id": "1937673560" } }
W/DroidBox(  432): DroidBox: { "FileRW": { "operation": "read", "data": "4d656d546f74616c3a202020202020202020373438393634206b420a4d656d467265653a20202020202020202020343532363234206b420a427566666572733a20202020202020202020202035353238206b420a4361636865643a202020202020202020", "id": "1937673560" } }
D/InputEventConsistencyVerifier(  432): KeyEvent: ACTION_UP but key was not down.
D/InputEventConsistencyVerifier(  432):   in com.android.systemui.statusbar.phone.StatusBarWindowView@b3e1c1d8
D/InputEventConsistencyVerifier(  432):   0: sent at 240410000000, KeyEvent { action=ACTION_UP, keyCode=KEYCODE_DPAD_CENTER, scanCode=0, metaState=0, flags=0x8, repeatCount=0, eventTime=240410, downTime=240410, deviceId=-1, source=0x101 }
D/InputEventConsistencyVerifier(  432):   -- recent events --
D/InputEventConsistencyVerifier(  432):   1: sent at 240361000000, MotionEvent { action=ACTION_UP, id[0]=0, x[0]=102.0, y[0]=763.0, toolType[0]=TOOL_TYPE_UNKNOWN, buttonState=0, metaState=0, flags=0x0, edgeFlags=0x0, pointerCount=1, historySize=0, eventTime=240361, downTime=240315, deviceId=0, source=0x1002 }
D/InputEventConsistencyVerifier(  432):   2: sent at 240352000000, MotionEvent { action=ACTION_MOVE, id[0]=0, x[0]=109.0, y[0]=768.0, toolType[0]=TOOL_TYPE_UNKNOWN, buttonState=0, metaState=0, flags=0x0, edgeFlags=0x0, pointerCount=1, historySize=3, eventTime=240352, downTime=240315, deviceId=0, source=0x1002 }
D/InputEventConsistencyVerifier(  432):   3: sent at 240316000000, MotionEvent { action=ACTION_DOWN, id[0]=0, x[0]=112.0, y[0]=795.0, toolType[0]=TOOL_TYPE_UNKNOWN, buttonState=0, metaState=0, flags=0x0, edgeFlags=0x0, pointerCount=1, historySize=0, eventTime=240316, downTime=240315, deviceId=0, source=0x1002 }
D/InputEventConsistencyVerifier(  432):   4: sent at 240268000000, (unhandled) KeyEvent { action=ACTION_UP, keyCode=KEYCODE_DPAD_UP, scanCode=0, metaState=0, flags=0x80000008, repeatCount=0, eventTime=240268, downTime=240268, deviceId=-1, source=0x101 }
D/InputEventConsistencyVerifier(  432):   5: sent at 240239000000, MotionEvent { action=ACTION_UP, id[0]=0, x[0]=443.0, y[0]=677.5, toolType[0]=TOOL_TYPE_UNKNOWN, buttonState=0, metaState=0, flags=0x0, edgeFlags=0x0, pointerCount=1, historySize=0, eventTime=240239, downTime=240199, deviceId=0, source=0x1002 }
W/dalvikvm(  432): DroidBox: { "FdAccess": { "path": "2f70726f632f6d656d696e666f", "id": "1341968168" } }
W/DroidBox(  432): DroidBox: { "FileRW": { "operation": "read", "data": "4d656d546f74616c3a202020202020202020373438393634206b420a4d656d467265653a20202020202020202020343532363234206b420a427566666572733a20202020202020202020202035353238206b420a4361636865643a202020202020202020", "id": "1341968168" } }
W/dalvikvm(  432): DroidBox: { "FdAccess": { "path": "2f70726f632f6d656d696e666f", "id": "657630127" } }
W/DroidBox(  432): DroidBox: { "FileRW": { "operation": "read", "data": "4d656d546f74616c3a202020202020202020373438393634206b420a4d656d467265653a20202020202020202020343532363234206b420a427566666572733a20202020202020202020202035353238206b420a4361636865643a202020202020202020", "id": "657630127" } }
D/InputEventConsistencyVerifier(  432): KeyEvent: ACTION_UP but key was not down.
D/InputEventConsistencyVerifier(  432):   in com.android.systemui.statusbar.phone.StatusBarWindowView@b3e1c1d8
D/InputEventConsistencyVerifier(  432):   0: sent at 240625000000, KeyEvent { action=ACTION_UP, keyCode=KEYCODE_DPAD_CENTER, scanCode=0, metaState=0, flags=0x8, repeatCount=0, eventTime=240625, downTime=240625, deviceId=-1, source=0x101 }
D/InputEventConsistencyVerifier(  432):   -- recent events --
D/InputEventConsistencyVerifier(  432):   1: sent at 240599000000, MotionEvent { action=ACTION_UP, id[0]=0, x[0]=186.0, y[0]=703.0, toolType[0]=TOOL_TYPE_UNKNOWN, buttonState=0, metaState=0, flags=0x0, edgeFlags=0x0, pointerCount=1, historySize=0, eventTime=240599, downTime=240464, deviceId=0, source=0x1002 }
D/InputEventConsistencyVerifier(  432):   2: sent at 240596000000, MotionEvent { action=ACTION_MOVE, id[0]=0, x[0]=184.0, y[0]=695.0, toolType[0]=TOOL_TYPE_UNKNOWN, buttonState=0, metaState=0, flags=0x0, edgeFlags=0x0, pointerCount=1, historySize=5, eventTime=240596, downTime=240464, deviceId=0, source=0x1002 }
D/InputEventConsistencyVerifier(  432):   3: sent at 240480500000, MotionEvent { action=ACTION_MOVE, id[0]=0, x[0]=132.0, y[0]=658.5, toolType[0]=TOOL_TYPE_UNKNOWN, buttonState=0, metaState=0, flags=0x0, edgeFlags=0x0, pointerCount=1, historySize=2, eventTime=240480, downTime=240464, deviceId=0, source=0x1002 }
D/InputEventConsistencyVerifier(  432):   4: sent at 240467000000, MotionEvent { action=ACTION_DOWN, id[0]=0, x[0]=126.0, y[0]=643.0, toolType[0]=TOOL_TYPE_UNKNOWN, buttonState=0, metaState=0, flags=0x0, edgeFlags=0x0, pointerCount=1, historySize=0, eventTime=240467, downTime=240464, deviceId=0, source=0x1002 }
D/InputEventConsistencyVerifier(  432):   5: sent at 240410000000, (unhandled) KeyEvent { action=ACTION_UP, keyCode=KEYCODE_DPAD_CENTER, scanCode=0, metaState=0, flags=0x80000008, repeatCount=0, eventTime=240410, downTime=240410, deviceId=-1, source=0x101 }
I/Choreographer(  432): Skipped 54 frames!  The application may be doing too much work on its main thread.
W/dalvikvm(  432): DroidBox: { "FdAccess": { "path": "2f70726f632f6d656d696e666f", "id": "838208834" } }
W/DroidBox(  432): DroidBox: { "FileRW": { "operation": "read", "data": "4d656d546f74616c3a202020202020202020373438393634206b420a4d656d467265653a20202020202020202020343532353030206b420a427566666572733a20202020202020202020202035353238206b420a4361636865643a202020202020202020", "id": "838208834" } }
D/InputEventConsistencyVerifier(  432): TouchEvent: ACTION_DOWN but pointers are already down.  Probably missing ACTION_UP from previous gesture.
D/InputEventConsistencyVerifier(  432):   in android.view.ScaleGestureDetector@b3ebc8e8
D/InputEventConsistencyVerifier(  432):   0: sent at 240862000000, MotionEvent { action=ACTION_DOWN, id[0]=0, x[0]=463.0, y[0]=438.0, toolType[0]=TOOL_TYPE_UNKNOWN, buttonState=0, metaState=0, flags=0x0, edgeFlags=0x0, pointerCount=1, historySize=0, eventTime=240862, downTime=240850, deviceId=0, source=0x1002 }
D/InputEventConsistencyVerifier(  432):   -- recent events --
D/InputEventConsistencyVerifier(  432):   1: sent at 240480500000, MotionEvent { action=ACTION_MOVE, id[0]=0, x[0]=132.0, y[0]=658.5, toolType[0]=TOOL_TYPE_UNKNOWN, buttonState=0, metaState=0, flags=0x0, edgeFlags=0x0, pointerCount=1, historySize=2, eventTime=240480, downTime=240464, deviceId=0, source=0x1002 }
D/InputEventConsistencyVerifier(  432):   2: sent at 240467000000, MotionEvent { action=ACTION_DOWN, id[0]=0, x[0]=126.0, y[0]=643.0, toolType[0]=TOOL_TYPE_UNKNOWN, buttonState=0, metaState=0, flags=0x0, edgeFlags=0x0, pointerCount=1, historySize=0, eventTime=240467, downTime=240464, deviceId=0, source=0x1002 }
D/InputEventConsistencyVerifier(  432):   3: sent at 240361000000, MotionEvent { action=ACTION_UP, id[0]=0, x[0]=102.0, y[0]=763.0, toolType[0]=TOOL_TYPE_UNKNOWN, buttonState=0, metaState=0, flags=0x0, edgeFlags=0x0, pointerCount=1, historySize=0, eventTime=240361, downTime=240315, deviceId=0, source=0x1002 }
D/InputEventConsistencyVerifier(  432):   4: sent at 240352000000, MotionEvent { action=ACTION_MOVE, id[0]=0, x[0]=109.0, y[0]=768.0, toolType[0]=TOOL_TYPE_UNKNOWN, buttonState=0, metaState=0, flags=0x0, edgeFlags=0x0, pointerCount=1, historySize=3, eventTime=240352, downTime=240315, deviceId=0, source=0x1002 }
D/InputEventConsistencyVerifier(  432):   5: sent at 240316000000, MotionEvent { action=ACTION_DOWN, id[0]=0, x[0]=112.0, y[0]=795.0, toolType[0]=TOOL_TYPE_UNKNOWN, buttonState=0, metaState=0, flags=0x80000000, edgeFlags=0x0, pointerCount=1, historySize=0, eventTime=240316, downTime=240315, deviceId=0, source=0x1002 }
I/ActivityManager(  230): START {act=android.intent.action.CALL_BUTTON flg=0x10000000 cmp=com.android.contacts/.activities.DialtactsActivity u=0} from pid 432
D/InputEventConsistencyVerifier(  432): KeyEvent: ACTION_UP but key was not down.
D/InputEventConsistencyVerifier(  432):   in com.android.systemui.statusbar.phone.StatusBarWindowView@b3e1c1d8
D/InputEventConsistencyVerifier(  432):   0: sent at 240992000000, KeyEvent { action=ACTION_UP, keyCode=KEYCODE_DPAD_DOWN, scanCode=0, metaState=0, flags=0x400, repeatCount=0, eventTime=240992, downTime=240992, deviceId=-1, source=0x101 }
D/InputEventConsistencyVerifier(  432):   -- recent events --
D/InputEventConsistencyVerifier(  432):   1: sent at 240965000000, (unhandled) MotionEvent { action=ACTION_MOVE, id[0]=0, x[0]=2.0, y[0]=3.0, toolType[0]=TOOL_TYPE_UNKNOWN, buttonState=0, metaState=0, flags=0x0, edgeFlags=0x0, pointerCount=1, historySize=0, eventTime=240965, downTime=-1, deviceId=0, source=0x10004 }
D/InputEventConsistencyVerifier(  432):   2: sent at 240926000000, (unhandled) KeyEvent { action=ACTION_UP, keyCode=KEYCODE_CALL, scanCode=0, metaState=0, flags=0x8, repeatCount=0, eventTime=240926, downTime=240926, deviceId=-1, source=0x101 }
D/InputEventConsistencyVerifier(  432):   3: sent at 240901000000, (unhandled) KeyEvent { action=ACTION_DOWN, keyCode=KEYCODE_CALL, scanCode=0, metaState=0, flags=0x8, repeatCount=0, eventTime=240901, downTime=240901, deviceId=-1, source=0x101 }
D/InputEventConsistencyVerifier(  432):   4: sent at 240896000000, MotionEvent { action=ACTION_UP, id[0]=0, x[0]=388.0, y[0]=505.0, toolType[0]=TOOL_TYPE_UNKNOWN, buttonState=0, metaState=0, flags=0x0, edgeFlags=0x0, pointerCount=1, historySize=0, eventTime=240896, downTime=240850, deviceId=0, source=0x1002 }
D/InputEventConsistencyVerifier(  432):   5: sent at 240893000000, MotionEvent { action=ACTION_MOVE, id[0]=0, x[0]=404.0, y[0]=494.0, toolType[0]=TOOL_TYPE_UNKNOWN, buttonState=0, metaState=0, flags=0x0, edgeFlags=0x0, pointerCount=1, historySize=6, eventTime=240893, downTime=240850, deviceId=0, source=0x1002 }
D/InputEventConsistencyVerifier(  432): KeyEvent: ACTION_UP but key was not down.
D/InputEventConsistencyVerifier(  432):   in android.widget.FrameLayout@b3e1af60
D/InputEventConsistencyVerifier(  432):   0: sent at 240993000000, KeyEvent { action=ACTION_UP, keyCode=KEYCODE_DPAD_DOWN, scanCode=0, metaState=0, flags=0x400, repeatCount=0, eventTime=240993, downTime=240993, deviceId=-1, source=0x101 }
D/InputEventConsistencyVerifier(  432):   -- recent events --
D/InputEventConsistencyVerifier(  432):   1: sent at 240896000000, MotionEvent { action=ACTION_UP, id[0]=0, x[0]=388.0, y[0]=505.0, toolType[0]=TOOL_TYPE_UNKNOWN, buttonState=0, metaState=0, flags=0x0, edgeFlags=0x0, pointerCount=1, historySize=0, eventTime=240896, downTime=240850, deviceId=0, source=0x1002 }
D/InputEventConsistencyVerifier(  432):   2: sent at 240893000000, MotionEvent { action=ACTION_MOVE, id[0]=0, x[0]=404.0, y[0]=494.0, toolType[0]=TOOL_TYPE_UNKNOWN, buttonState=0, metaState=0, flags=0x0, edgeFlags=0x0, pointerCount=1, historySize=6, eventTime=240893, downTime=240850, deviceId=0, source=0x1002 }
D/InputEventConsistencyVerifier(  432):   3: sent at 240862000000, MotionEvent { action=ACTION_DOWN, id[0]=0, x[0]=463.0, y[0]=438.0, toolType[0]=TOOL_TYPE_UNKNOWN, buttonState=0, metaState=0, flags=0x80000000, edgeFlags=0x0, pointerCount=1, historySize=0, eventTime=240862, downTime=240850, deviceId=0, source=0x1002 }
D/InputEventConsistencyVerifier(  432):   4: sent at 240599000000, MotionEvent { action=ACTION_UP, id[0]=0, x[0]=186.0, y[0]=703.0, toolType[0]=TOOL_TYPE_UNKNOWN, buttonState=0, metaState=0, flags=0x0, edgeFlags=0x0, pointerCount=1, historySize=0, eventTime=240599, downTime=240464, deviceId=0, source=0x1002 }
D/InputEventConsistencyVerifier(  432):   5: sent at 240596000000, MotionEvent { action=ACTION_MOVE, id[0]=0, x[0]=184.0, y[0]=695.0, toolType[0]=TOOL_TYPE_UNKNOWN, buttonState=0, metaState=0, flags=0x0, edgeFlags=0x0, pointerCount=1, historySize=5, eventTime=240596, downTime=240464, deviceId=0, source=0x1002 }
W/dalvikvm(  432): DroidBox: { "FdAccess": { "path": "2f70726f632f6d656d696e666f", "id": "2106523980" } }
W/DroidBox(  432): DroidBox: { "FileRW": { "operation": "read", "data": "4d656d546f74616c3a202020202020202020373438393634206b420a4d656d467265653a20202020202020202020343532353030206b420a427566666572733a20202020202020202020202035353238206b420a4361636865643a202020202020202020", "id": "2106523980" } }
D/InputEventConsistencyVerifier(  432): KeyEvent: ACTION_UP but key was not down.
D/InputEventConsistencyVerifier(  432):   in com.android.systemui.statusbar.phone.PhoneStatusBarView@b3e1e170
D/InputEventConsistencyVerifier(  432):   0: sent at 241152000000, KeyEvent { action=ACTION_UP, keyCode=KEYCODE_DPAD_UP, scanCode=0, metaState=0, flags=0x8, repeatCount=0, eventTime=241152, downTime=241152, deviceId=-1, source=0x101 }
D/InputEventConsistencyVerifier(  432):   -- recent events --
D/InputEventConsistencyVerifier(  432):   1: sent at 240993000000, (unhandled) KeyEvent { action=ACTION_DOWN, keyCode=KEYCODE_DPAD_DOWN, scanCode=0, metaState=0, flags=0x400, repeatCount=0, eventTime=240993, downTime=240993, deviceId=-1, source=0x101 }
D/InputEventConsistencyVerifier(  432):   2: sent at 240992000000, (unhandled) KeyEvent { action=ACTION_UP, keyCode=KEYCODE_DPAD_DOWN, scanCode=0, metaState=0, flags=0x80000400, repeatCount=0, eventTime=240992, downTime=240992, deviceId=-1, source=0x101 }
D/InputEventConsistencyVerifier(  432):   3: sent at 240753000000, (unhandled) KeyEvent { action=ACTION_UP, keyCode=KEYCODE_DPAD_RIGHT, scanCode=0, metaState=0, flags=0x8, repeatCount=0, eventTime=240753, downTime=240753, deviceId=-1, source=0x101 }
D/InputEventConsistencyVerifier(  432):   4: sent at 240712000000, (unhandled) KeyEvent { action=ACTION_DOWN, keyCode=KEYCODE_DPAD_RIGHT, scanCode=0, metaState=0, flags=0x8, repeatCount=0, eventTime=240712, downTime=240712, deviceId=-1, source=0x101 }
