E/ActivityManager(  224): 100% TOTAL: 38% user + 59% kernel + 2% softirq
W/dalvikvm(  224): DroidBox: { "FdAccess": { "path": "2f646174612f616e722f7472616365732e747874", "id": "2079763682" } }
W/DroidBox(  224): DroidBox: { "FileRW": { "operation": "read", "data": "0a0a2d2d2d2d2d207069642032323420617420323032342d30382d33302031353a34303a3332202d2d2d2d2d0a436d64206c696e653a2073797374656d5f7365727665720a0a44414c56494b20544852454144533a0a286d7574657865733a20746c6c3d", "id": "2079763682" } }
W/InputManager(  224): Input event injection from pid 1021 timed out.
I/dalvikvm-heap(  224): Grow heap (frag case) to 12.270MB for 349536-byte allocation
W/ActivityManager(  224): Launch timeout has expired, giving up wake lock!
I/dalvikvm-heap(  224): Grow heap (frag case) to 12.353MB for 262160-byte allocation
I/dalvikvm-heap(  224): Grow heap (frag case) to 12.727MB for 393236-byte allocation
I/dalvikvm-heap(  224): Grow heap (frag case) to 12.727MB for 262190-byte allocation
W/ActivityManager(  224): Activity idle timeout for ActivityRecord{b3e92d40 ngjvnpslnp.iplhmk/.yqniqkxgpoo}
W/System.err( 1044): java.lang.reflect.InvocationTargetException
W/System.err( 1044): 	at java.lang.reflect.Constructor.constructNative(Native Method)
W/System.err( 1044): 	at java.lang.reflect.Constructor.newInstance(Constructor.java:417)
W/System.err( 1044): 	at ngjvnpslnp.iplhmk.mfgpaipm.idfhn(Unknown Source)
W/System.err( 1044): 	at ngjvnpslnp.iplhmk.jcofoq.idfhn(Unknown Source)
W/System.err( 1044): 	at ngjvnpslnp.iplhmk.idfhn.idfhn(Unknown Source)
W/System.err( 1044): 	at ngjvnpslnp.iplhmk.tcgbor.idfhn(Unknown Source)
W/System.err( 1044): 	at ngjvnpslnp.iplhmk.yqniqkxgpoo.onCreate(Unknown Source)
W/System.err( 1044): 	at android.app.Activity.performCreate(Activity.java:5017)
W/System.err( 1044): 	at android.app.Instrumentation.callActivityOnCreate(Instrumentation.java:1079)
W/System.err( 1044): 	at android.app.ActivityThread.performLaunchActivity(ActivityThread.java:2023)
W/System.err( 1044): 	at android.app.ActivityThread.handleLaunchActivity(ActivityThread.java:2084)
W/System.err( 1044): 	at android.app.ActivityThread.access$600(ActivityThread.java:130)
W/System.err( 1044): 	at android.app.ActivityThread$H.handleMessage(ActivityThread.java:1195)
W/System.err( 1044): 	at android.os.Handler.dispatchMessage(Handler.java:99)
W/System.err( 1044): 	at android.os.Looper.loop(Looper.java:137)
W/System.err( 1044): 	at android.app.ActivityThread.main(ActivityThread.java:4745)
W/System.err( 1044): 	at java.lang.reflect.Method.invokeNative(Native Method)
W/System.err( 1044): 	at java.lang.reflect.Method.invoke(Method.java:511)
W/System.err( 1044): 	at com.android.internal.os.ZygoteInit$MethodAndArgsCaller.run(ZygoteInit.java:786)
W/System.err( 1044): 	at com.android.internal.os.ZygoteInit.main(ZygoteInit.java:553)
W/System.err( 1044): 	at dalvik.system.NativeStart.main(Native Method)
W/System.err( 1044): Caused by: java.io.FileNotFoundException: /mnt/sdcard/wsset: open failed: EACCES (Permission denied)
W/System.err( 1044): 	at libcore.io.IoBridge.open(IoBridge.java:416)
W/System.err( 1044): 	at java.io.FileInputStream.<init>(FileInputStream.java:78)
W/System.err( 1044): 	at java.io.FileInputStream.<init>(FileInputStream.java:105)
W/System.err( 1044): 	... 21 more
W/System.err( 1044): Caused by: libcore.io.ErrnoException: open failed: EACCES (Permission denied)
W/System.err( 1044): 	at libcore.io.Posix.open(Native Method)
W/System.err( 1044): 	at libcore.io.BlockGuardOs.open(BlockGuardOs.java:110)
W/System.err( 1044): 	at libcore.io.IoBridge.open(IoBridge.java:400)
W/System.err( 1044): 	... 23 more
W/System.err( 1044): java.lang.reflect.InvocationTargetException
W/System.err( 1044): 	at java.lang.reflect.Constructor.constructNative(Native Method)
W/System.err( 1044): 	at java.lang.reflect.Constructor.newInstance(Constructor.java:417)
W/System.err( 1044): 	at ngjvnpslnp.iplhmk.mfgpaipm.idfhn(Unknown Source)
W/System.err( 1044): 	at ngjvnpslnp.iplhmk.yqniqkxgpoo.onCreate(Unknown Source)
W/System.err( 1044): 	at android.app.Activity.performCreate(Activity.java:5017)
W/System.err( 1044): 	at android.app.Instrumentation.callActivityOnCreate(Instrumentation.java:1079)
W/System.err( 1044): 	at android.app.ActivityThread.performLaunchActivity(ActivityThread.java:2023)
W/System.err( 1044): 	at android.app.ActivityThread.handleLaunchActivity(ActivityThread.java:2084)
W/System.err( 1044): 	at android.app.ActivityThread.access$600(ActivityThread.java:130)
W/System.err( 1044): 	at android.app.ActivityThread$H.handleMessage(ActivityThread.java:1195)
W/System.err( 1044): 	at android.os.Handler.dispatchMessage(Handler.java:99)
W/System.err( 1044): 	at android.os.Looper.loop(Looper.java:137)
W/System.err( 1044): 	at android.app.ActivityThread.main(ActivityThread.java:4745)
W/System.err( 1044): 	at java.lang.reflect.Method.invokeNative(Native Method)
W/System.err( 1044): 	at java.lang.reflect.Method.invoke(Method.java:511)
W/System.err( 1044): 	at com.android.internal.os.ZygoteInit$MethodAndArgsCaller.run(ZygoteInit.java:786)
W/System.err( 1044): 	at com.android.internal.os.ZygoteInit.main(ZygoteInit.java:553)
W/System.err( 1044): 	at dalvik.system.NativeStart.main(Native Method)
W/System.err( 1044): Caused by: java.io.FileNotFoundException: /mnt/sdcard/wsset: open failed: EACCES (Permission denied)
W/System.err( 1044): 	at libcore.io.IoBridge.open(IoBridge.java:416)
W/System.err( 1044): 	at java.io.FileInputStream.<init>(FileInputStream.java:78)
W/System.err( 1044): 	at java.io.FileInputStream.<init>(FileInputStream.java:105)
W/System.err( 1044): 	... 18 more
W/System.err( 1044): Caused by: libcore.io.ErrnoException: open failed: EACCES (Permission denied)
W/System.err( 1044): 	at libcore.io.Posix.open(Native Method)
W/System.err( 1044): 	at libcore.io.BlockGuardOs.open(BlockGuardOs.java:110)
W/System.err( 1044): 	at libcore.io.IoBridge.open(IoBridge.java:400)
W/System.err( 1044): 	... 20 more
E/WVMExtractor(   62): Failed to open libwvm.so
W/DroidBox( 1044): DroidBox: { "CryptoUsage": { "operation": "keyalgo", "key": "107, 103, 117, 116, 54, 102, 104, 110, 99, 56, 107, 114, 51, 104, 56, 55", "algorithm": "AES" } }
W/DroidBox( 1044): DroidBox: { "CryptoUsage": { "operation": "encryption", "algorithm": "AES", "data": "board=unknown;brand=Android;device=generic;imei=357242043237511;imsi=310260000000000;session_id=0;operator=XXX;sms0=2261760515053152;time=2024.08.30.15.40.37;timezone=UTC;" } }
W/DroidBox( 1044): DroidBox: { "CryptoUsage": { "operation": "keyalgo", "key": "107, 103, 117, 116, 54, 102, 104, 110, 99, 56, 107, 114, 51, 104, 56, 55", "algorithm": "AES" } }
W/DroidBox( 1044): DroidBox: { "CryptoUsage": { "operation": "decryption", "algorithm": "AES", "data": "board=unknown;brand=Android;device=generic;imei=357242043237511;imsi=310260000000000;session_id=0;operator=XXX;sms0=2261760515053152;time=2024.08.30.15.40.37;timezone=UTC;" } }
W/System.err( 1044): java.lang.reflect.InvocationTargetException
W/System.err( 1044): 	at java.lang.reflect.Method.invokeNative(Native Method)
W/System.err( 1044): 	at java.lang.reflect.Method.invoke(Method.java:511)
W/System.err( 1044): 	at ngjvnpslnp.iplhmk.miqgvnls.idfhn(Unknown Source)
W/System.err( 1044): 	at ngjvnpslnp.iplhmk.yqniqkxgpoo.onCreate(Unknown Source)
E/WVMExtractor(   62): Failed to open libwvm.so
W/System.err( 1044): 	at android.app.Activity.performCreate(Activity.java:5017)
W/System.err( 1044): 	at android.app.Instrumentation.callActivityOnCreate(Instrumentation.java:1079)
W/System.err( 1044): 	at android.app.ActivityThread.performLaunchActivity(ActivityThread.java:2023)
W/System.err( 1044): 	at android.app.ActivityThread.handleLaunchActivity(ActivityThread.java:2084)
W/System.err( 1044): 	at android.app.ActivityThread.access$600(ActivityThread.java:130)
W/System.err( 1044): 	at android.app.ActivityThread$H.handleMessage(ActivityThread.java:1195)
W/System.err( 1044): 	at android.os.Handler.dispatchMessage(Handler.java:99)
W/System.err( 1044): 	at android.os.Looper.loop(Looper.java:137)
W/System.err( 1044): 	at android.app.ActivityThread.main(ActivityThread.java:4745)
W/System.err( 1044): 	at java.lang.reflect.Method.invokeNative(Native Method)
W/System.err( 1044): 	at java.lang.reflect.Method.invoke(Method.java:511)
W/System.err( 1044): 	at com.android.internal.os.ZygoteInit$MethodAndArgsCaller.run(ZygoteInit.java:786)
W/System.err( 1044): 	at com.android.internal.os.ZygoteInit.main(ZygoteInit.java:553)
W/System.err( 1044): 	at dalvik.system.NativeStart.main(Native Method)
W/System.err( 1044): Caused by: java.net.UnknownHostException: Unable to resolve host "m-001.net": No address associated with hostname
W/System.err( 1044): 	at java.net.InetAddress.lookupHostByName(InetAddress.java:424)
W/System.err( 1044): 	at java.net.InetAddress.getAllByNameImpl(InetAddress.java:236)
W/System.err( 1044): 	at java.net.InetAddress.getAllByName(InetAddress.java:214)
W/System.err( 1044): 	at org.apache.http.impl.conn.DefaultClientConnectionOperator.openConnection(DefaultClientConnectionOperator.java:137)
W/System.err( 1044): 	at org.apache.http.impl.conn.AbstractPoolEntry.open(AbstractPoolEntry.java:164)
W/System.err( 1044): 	at org.apache.http.impl.conn.AbstractPooledConnAdapter.open(AbstractPooledConnAdapter.java:119)
W/System.err( 1044): 	at org.apache.http.impl.client.DefaultRequestDirector.execute(DefaultRequestDirector.java:360)
W/System.err( 1044): 	at org.apache.http.impl.client.AbstractHttpClient.execute(AbstractHttpClient.java:555)
W/System.err( 1044): 	at org.apache.http.impl.client.AbstractHttpClient.execute(AbstractHttpClient.java:653)
W/System.err( 1044): 	at org.apache.http.impl.client.AbstractHttpClient.execute(AbstractHttpClient.java:627)
W/System.err( 1044): 	at org.apache.http.impl.client.AbstractHttpClient.execute(AbstractHttpClient.java:616)
W/System.err( 1044): 	... 18 more
W/System.err( 1044): Caused by: libcore.io.GaiException: getaddrinfo failed: EAI_NODATA (No address associated with hostname)
W/System.err( 1044): 	at libcore.io.Posix.getaddrinfo(Native Method)
W/System.err( 1044): 	at libcore.io.ForwardingOs.getaddrinfo(ForwardingOs.java:55)
W/System.err( 1044): 	at java.net.InetAddress.lookupHostByName(InetAddress.java:405)
W/System.err( 1044): 	... 28 more
E/WVMExtractor(   62): Failed to open libwvm.so
E/WVMExtractor(   62): Failed to open libwvm.so
E/WVMExtractor(   62): Failed to open libwvm.so
E/WVMExtractor(   62): Failed to open libwvm.so
W/DroidBox( 1044): DroidBox: { "CryptoUsage": { "operation": "keyalgo", "key": "107, 103, 117, 116, 54, 102, 104, 110, 99, 56, 107, 114, 51, 104, 56, 55", "algorithm": "AES" } }
W/DroidBox( 1044): DroidBox: { "CryptoUsage": { "operation": "decryption", "algorithm": "AES", "data": "359616040020430;359616040020431;359616040020433;359616040020433;359616040020434" } }
W/dalvikvm(  224): DroidBox: { "FdAccess": { "path": "2f70726f632f313037342f636d646c696e65", "id": "493079492" } }
W/DroidBox(  224): DroidBox: { "FileRW": { "operation": "read", "data": "70726f6372616e6b00702e69706c686d6b000000000000000000000000000000000000000000000000000000000000000000000000000000000000000000000000000000000000000000000000000000000000000000000000633039623936612e61706b", "id": "493079492" } }
W/dalvikvm( 1044): DroidBox: { "FdAccess": { "path": "2f646174612f646174612f6e676a766e70736c6e702e69706c686d6b2f7368617265645f70726566732f616c7068612e786d6c", "id": "325663755" } }
W/DroidBox( 1044): DroidBox: { "FileRW": { "operation": "write", "data": "3c3f786d6c2076657273696f6e3d27312e302720656e636f64696e673d277574662d3827207374616e64616c6f6e653d2779657327203f3e0a3c6d61703e0a3c737472696e67206e616d653d226170704964223e37363c2f737472696e673e0a3c2f6d61", "id": "325663755" } }
W/dalvikvm( 1044): DroidBox: { "FdAccess": { "path": "2f646174612f646174612f6e676a766e70736c6e702e69706c686d6b2f7368617265645f70726566732f616c7068612e786d6c", "id": "1212331529" } }
E/WVMExtractor(   62): Failed to open libwvm.so
W/DroidBox( 1044): DroidBox: { "FileRW": { "operation": "write", "data": "3c3f786d6c2076657273696f6e3d27312e302720656e636f64696e673d277574662d3827207374616e64616c6f6e653d2779657327203f3e0a3c6d61703e0a3c737472696e67206e616d653d226170694b6579223e6d61706b30315f3230663c2f737472", "id": "1212331529" } }
E/sdman   ( 1044): Alpha.startTimer.
W/dalvikvm( 1044): DroidBox: { "FdAccess": { "path": "2f646174612f646174612f6e676a766e70736c6e702e69706c686d6b2f7368617265645f70726566732f616c7068612e786d6c", "id": "681773324" } }
W/DroidBox( 1044): DroidBox: { "FileRW": { "operation": "write", "data": "3c3f786d6c2076657273696f6e3d27312e302720656e636f64696e673d277574662d3827207374616e64616c6f6e653d2779657327203f3e0a3c6d61703e0a3c737472696e67206e616d653d2266697273745374617274223e66616c73653c2f73747269", "id": "681773324" } }
W/dalvikvm( 1044): DroidBox: { "FdAccess": { "path": "2f646174612f646174612f6e676a766e70736c6e702e69706c686d6b2f7368617265645f70726566732f616c7068612e786d6c", "id": "1507320390" } }
W/DroidBox( 1044): DroidBox: { "FileRW": { "operation": "write", "data": "3c3f786d6c2076657273696f6e3d27312e302720656e636f64696e673d277574662d3827207374616e64616c6f6e653d2779657327203f3e0a3c6d61703e0a3c737472696e67206e616d653d2266697273745374617274223e66616c73653c2f73747269", "id": "1507320390" } }
W/dalvikvm(  570): DroidBox: { "FdAccess": { "path": "2f646174612f646174612f636f6d2e616e64726f69642e6c61756e636865722f7368617265645f70726566732f636f6d2e616e64726f69642e6c61756e63686572322e70726566732e786d6c", "id": "288925690" } }
W/DroidBox(  570): DroidBox: { "FileRW": { "operation": "write", "data": "3c3f786d6c2076657273696f6e3d27312e302720656e636f64696e673d277574662d3827207374616e64616c6f6e653d2779657327203f3e0a3c6d61703e0a3c696e74206e616d653d22617070732e6e65772e70616765222076616c75653d223222202f", "id": "288925690" } }
I/Launcher(  570): setLoadOnResume
E/WVMExtractor(   62): Failed to open libwvm.so
E/sdman   ( 1044): Activity onCreate
E/sdman   ( 1044): Activity onStart
W/dalvikvm( 1044): DroidBox: { "FdAccess": { "path": "2f70726f632f6d656d696e666f", "id": "1567979104" } }
W/DroidBox( 1044): DroidBox: { "FileRW": { "operation": "read", "data": "4d656d546f74616c3a202020202020202020373438393634206b420a4d656d467265653a20202020202020202020343539313430206b420a427566666572733a20202020202020202020202035343834206b420a4361636865643a202020202020202020", "id": "1567979104" } }
E/WVMExtractor(   62): Failed to open libwvm.so
I/Choreographer( 1044): Skipped 118 frames!  The application may be doing too much work on its main thread.
E/WVMExtractor(   62): Failed to open libwvm.so
V/PhoneStatusBar(  412): setLightsOn(true)
I/Choreographer( 1044): Skipped 210 frames!  The application may be doing too much work on its main thread.
D/gralloc_goldfish( 1044): Emulator without GPU emulation detected.
E/WVMExtractor(   62): Failed to open libwvm.so
I/ActivityManager(  224): Displayed ngjvnpslnp.iplhmk/.yqniqkxgpoo: +19s861ms
I/Choreographer( 1044): Skipped 41 frames!  The application may be doing too much work on its main thread.
I/Choreographer(  224): Skipped 44 frames!  The application may be doing too much work on its main thread.
I/qtaguid (  224): Failed write_ctrl(s 0 10019) res=-1 errno=1
W/NetworkManagementSocketTagger(  224): setKernelCountSet(10019, 0) failed with errno -1
E/WVMExtractor(   62): Failed to open libwvm.so
E/WVMExtractor(   62): Failed to open libwvm.so
E/WVMExtractor(   62): Failed to open libwvm.so
E/WVMExtractor(   62): Failed to open libwvm.so
E/WVMExtractor(   62): Failed to open libwvm.so
E/WVMExtractor(   62): Failed to open libwvm.so
E/WVMExtractor(   62): Failed to open libwvm.so
W/dalvikvm( 1021): DroidBox: { "FdAccess": { "path": "706970653a5b343930305d", "id": "1929529100" } }
W/DroidBox( 1021): DroidBox: { "FileRW": { "operation": "read", "data": "20205049442020202020205673732020202020205273732020202020205073732020202020205573732020636d646c696e650a202035373020202036313838304b20202036313738344b20202032373834364b20202032333236344b2020636f6d2e616e", "id": "1929529100" } }
E/WVMExtractor(   62): Failed to open libwvm.so
W/dalvikvm( 1021): DroidBox: { "FdAccess": { "path": "706970653a5b343930305d", "id": "655033429" } }
W/DroidBox( 1021): DroidBox: { "FileRW": { "operation": "read", "data": "00000000000000000000000000000000000000000000000000000000000000000000000000000000000000000000000000000000000000000000000000000000000000000000000000000000000000000000000000000000000000000000000000000000", "id": "655033429" } }
E/WVMExtractor(   62): Failed to open libwvm.so
E/WVMExtractor(   62): Failed to open libwvm.so
E/WVMExtractor(   62): Failed to open libwvm.so
E/WVMExtractor(   62): Failed to open libwvm.so
E/WVMExtractor(   62): Failed to open libwvm.so
E/WVMExtractor(   62): Failed to open libwvm.so
E/WVMExtractor(   62): Failed to open libwvm.so
E/WVMExtractor(   62): Failed to open libwvm.so
E/WVMExtractor(   62): Failed to open libwvm.so
E/WVMExtractor(   62): Failed to open libwvm.so
E/WVMExtractor(   62): Failed to open libwvm.so
E/WVMExtractor(   62): Failed to open libwvm.so
E/WVMExtractor(   62): Failed to open libwvm.so
W/dalvikvm( 1021): DroidBox: { "FdAccess": { "path": "706970653a5b353134305d", "id": "2085166392" } }
W/DroidBox( 1021): DroidBox: { "FileRW": { "operation": "read", "data": "0a0a2d2d2d2d2d207069642032323420617420323032342d30382d33302031353a34303a3332202d2d2d2d2d0a436d64206c696e653a2073797374656d5f7365727665720a0a44414c56494b20544852454144533a0a286d7574657865733a20746c6c3d", "id": "2085166392" } }
W/dalvikvm( 1021): DroidBox: { "FdAccess": { "path": "706970653a5b353134305d", "id": "1973407571" } }
W/DroidBox( 1021): DroidBox: { "FileRW": { "operation": "read", "data": "74696c732e736f0a20202330372020706320303030313264623020202f73797374656d2f6c69622f6c6962632e736f20285f5f7468726561645f656e7472792b3438290a20202330382020706320303030313235313420202f73797374656d2f6c69622f", "id": "1973407571" } }
E/WVMExtractor(   62): Failed to open libwvm.so
W/dalvikvm( 1021): DroidBox: { "FdAccess": { "path": "706970653a5b353134305d", "id": "247436882" } }
W/DroidBox( 1021): DroidBox: { "FileRW": { "operation": "read", "data": "6220202f73797374656d2f6c69622f6c696262696e6465722e736f2028616e64726f69643a3a49504354687265616453746174653a3a6a6f696e546872656164506f6f6c28626f6f6c292b313534290a2020233034202070632030303031623236392020", "id": "247436882" } }
E/WVMExtractor(   62): Failed to open libwvm.so
W/dalvikvm( 1021): DroidBox: { "FdAccess": { "path": "706970653a5b353134305d", "id": "382093512" } }
W/DroidBox( 1021): DroidBox: { "FileRW": { "operation": "read", "data": "6f726d496e766f6b652b313132290a20202330352020706320303030353131323120202f73797374656d2f6c69622f6c696264766d2e736f202864766d43616c6c4a4e494d6574686f6428756e7369676e656420696e7420636f6e73742a2c204a56616c", "id": "382093512" } }
E/WVMExtractor(   62): Failed to open libwvm.so
W/dalvikvm( 1021): DroidBox: { "FdAccess": { "path": "706970653a5b353134305d", "id": "4154099" } }
W/DroidBox( 1021): DroidBox: { "FileRW": { "operation": "read", "data": "6c69622f6c6962616e64726f69645f72756e74696d652e736f2028616e64726f69643a3a4e61746976654d65737361676551756575653a3a706f6c6c4f6e6365285f4a4e49456e762a2c20696e74292b3232290a20202330342020706320303030316630", "id": "4154099" } }
E/WVMExtractor(   62): Failed to open libwvm.so
W/dalvikvm( 1021): DroidBox: { "FdAccess": { "path": "706970653a5b353134305d", "id": "769981566" } }
W/DroidBox( 1021): DroidBox: { "FileRW": { "operation": "read", "data": "656d2f6c69622f6c6962632e736f202865706f6c6c5f776169742b3132290a20202330312020706320303030313437353120202f73797374656d2f6c69622f6c69627574696c732e736f2028616e64726f69643a3a4c6f6f7065723a3a706f6c6c496e6e", "id": "769981566" } }
E/WVMExtractor(   62): Failed to open libwvm.so
W/dalvikvm( 1021): DroidBox: { "FdAccess": { "path": "706970653a5b353134305d", "id": "1023959450" } }
W/DroidBox( 1021): DroidBox: { "FileRW": { "operation": "read", "data": "7072696f3d35207469643d3337204e41544956450a20207c2067726f75703d226d61696e222073436f756e743d31206473436f756e743d30206f626a3d307862336661306463302073656c663d307862373334333435300a20207c207379735469643d33", "id": "1023959450" } }
E/WVMExtractor(   62): Failed to open libwvm.so
W/dalvikvm( 1021): DroidBox: { "FdAccess": { "path": "706970653a5b353134305d", "id": "551967741" } }
W/DroidBox( 1021): DroidBox: { "FileRW": { "operation": "read", "data": "757453747265616d2e72656164284c6f63616c536f636b6574496d706c2e6a6176613a3932290a2020617420636f6d2e616e64726f69642e7365727665722e4e61746976654461656d6f6e436f6e6e6563746f722e6c697374656e546f536f636b657428", "id": "551967741" } }
W/dalvikvm( 1021): DroidBox: { "FdAccess": { "path": "706970653a5b353134305d", "id": "1779141986" } }
W/DroidBox( 1021): DroidBox: { "FileRW": { "operation": "read", "data": "726f69643a3a4c6f6f7065723a3a706f6c6c496e6e657228696e74292b3936290a20202330322020706320303030313439616420202f73797374656d2f6c69622f6c69627574696c732e736f2028616e64726f69643a3a4c6f6f7065723a3a706f6c6c4f", "id": "1779141986" } }
E/WVMExtractor(   62): Failed to open libwvm.so
W/dalvikvm( 1021): DroidBox: { "FdAccess": { "path": "706970653a5b353134305d", "id": "1222971645" } }
W/DroidBox( 1021): DroidBox: { "FileRW": { "operation": "read", "data": "727665722e6a6176613a3339290a2020617420616e64726f69642e6f732e554576656e744f6273657276657224554576656e745468726561642e72756e28554576656e744f627365727665722e6a6176613a313032290a0a225061636b6167654d6f6e69", "id": "1222971645" } }
E/WVMExtractor(   62): Failed to open libwvm.so
W/BackupManagerService(  224): dataChanged but no participant pkg='com.android.providers.settings' uid=1001
E/WVMExtractor(   62): Failed to open libwvm.so
W/dalvikvm( 1021): DroidBox: { "FdAccess": { "path": "706970653a5b353134305d", "id": "2141922874" } }
W/DroidBox( 1021): DroidBox: { "FileRW": { "operation": "read", "data": "76613a313234290a2020617420616e64726f69642e6f732e48616e646c65725468726561642e72756e2848616e646c65725468726561642e6a6176613a3630290a0a2250726f63657373537461747322207072696f3d35207469643d31332054494d4544", "id": "2141922874" } }
E/WVMExtractor(   62): Failed to open libwvm.so
E/sdman   ( 1044): JSHandler.setScheme 0
E/sdman   ( 1044): JSHandler.setLimitState
W/dalvikvm( 1021): DroidBox: { "FdAccess": { "path": "706970653a5b353134305d", "id": "1980939893" } }
W/DroidBox( 1021): DroidBox: { "FileRW": { "operation": "read", "data": "28203133303030303030302032363030303030303020393120292075746d3d322073746d3d313120636f72653d300a202061742064616c76696b2e73797374656d2e4e617469766553746172742e72756e284e6174697665204d6574686f64290a0a2247", "id": "1980939893" } }
E/sdman   ( 1044): JSHandler.setAndroidVersion
E/WVMExtractor(   62): Failed to open libwvm.so
W/dalvikvm( 1021): DroidBox: { "FdAccess": { "path": "706970653a5b353134305d", "id": "1693850130" } }
W/DroidBox( 1021): DroidBox: { "FileRW": { "operation": "read", "data": "0a20207c207363686564737461743d2820313030303030303020353030303030303020323220292075746d3d302073746d3d3120636f72653d300a20206174206a6176612e6c616e672e4f626a6563742e77616974284e6174697665204d6574686f6429", "id": "1693850130" } }
E/WVMExtractor(   62): Failed to open libwvm.so
E/WVMExtractor(   62): Failed to open libwvm.so
W/dalvikvm( 1021): DroidBox: { "FdAccess": { "path": "706970653a5b353134305d", "id": "1650156479" } }
W/DroidBox( 1021): DroidBox: { "FileRW": { "operation": "read", "data": "73797374656d2f6c69622f6c696264766d2e736f202864766d436865636b43616c6c4a4e494d6574686f6428756e7369676e656420696e7420636f6e73742a2c204a56616c75652a2c204d6574686f6420636f6e73742a2c205468726561642a292b3829", "id": "1650156479" } }
E/WVMExtractor(   62): Failed to open libwvm.so
E/WVMExtractor(   62): Failed to open libwvm.so
W/dalvikvm( 1021): DroidBox: { "FdAccess": { "path": "706970653a5b353134305d", "id": "905075896" } }
W/DroidBox( 1021): DroidBox: { "FileRW": { "operation": "read", "data": "28756e7369676e656420696e7420636f6e73742a2c204a56616c75652a2c204d6574686f6420636f6e73742a2c205468726561642a292b343132290a20202330362020706320303030336366663120202f73797374656d2f6c69622f6c696264766d2e73", "id": "905075896" } }
E/WVMExtractor(   62): Failed to open libwvm.so
E/WVMExtractor(   62): Failed to open libwvm.so
W/dalvikvm( 1021): DroidBox: { "FdAccess": { "path": "706970653a5b353134305d", "id": "131261234" } }
W/DroidBox( 1021): DroidBox: { "FileRW": { "operation": "read", "data": "6e742c20696e742a2c20696e742a2c20766f69642a2a292b313034290a20202330332020706320303030356230336620202f73797374656d2f6c69622f6c6962616e64726f69645f72756e74696d652e736f2028616e64726f69643a3a4e61746976654d", "id": "131261234" } }
E/WVMExtractor(   62): Failed to open libwvm.so
E/WVMExtractor(   62): Failed to open libwvm.so
E/WVMExtractor(   62): Failed to open libwvm.so
W/dalvikvm( 1021): DroidBox: { "FdAccess": { "path": "706970653a5b353134305d", "id": "1552057107" } }
W/DroidBox( 1021): DroidBox: { "FileRW": { "operation": "read", "data": "696e7465726e616c2e6f732e5a79676f7465496e69742e6d61696e285a79676f7465496e69742e6a6176613a353533290a202061742064616c76696b2e73797374656d2e4e617469766553746172742e6d61696e284e6174697665204d6574686f64290a", "id": "1552057107" } }
E/WVMExtractor(   62): Failed to open libwvm.so
E/WVMExtractor(   62): Failed to open libwvm.so
E/WVMExtractor(   62): Failed to open libwvm.so
W/dalvikvm( 1021): DroidBox: { "FdAccess": { "path": "706970653a5b353134305d", "id": "1101925288" } }
W/DroidBox( 1021): DroidBox: { "FileRW": { "operation": "read", "data": "726561642e72756e285468726561642e6a6176613a383536290a0a224a44575022206461656d6f6e207072696f3d35207469643d3420564d574149540a20207c2067726f75703d2273797374656d222073436f756e743d31206473436f756e743d30206f", "id": "1101925288" } }
E/WVMExtractor(   62): Failed to open libwvm.so
E/WVMExtractor(   62): Failed to open libwvm.so
E/WVMExtractor(   62): Failed to open libwvm.so
W/dalvikvm( 1021): DroidBox: { "FdAccess": { "path": "706970653a5b353134305d", "id": "1007168243" } }
W/DroidBox( 1021): DroidBox: { "FileRW": { "operation": "read", "data": "2a2c204a56616c75652a2c204d6574686f6420636f6e73742a2c205468726561642a292b343132290a20202333312020706320303030336366663120202f73797374656d2f6c69622f6c696264766d2e736f202864766d436865636b43616c6c4a4e494d", "id": "1007168243" } }
E/WVMExtractor(   62): Failed to open libwvm.so
E/WVMExtractor(   62): Failed to open libwvm.so
E/WVMExtractor(   62): Failed to open libwvm.so
W/dalvikvm( 1021): DroidBox: { "FdAccess": { "path": "706970653a5b353134305d", "id": "1714450534" } }
W/DroidBox( 1021): DroidBox: { "FileRW": { "operation": "read", "data": "2f6c69622f6c6962632e736f20285f5f7468726561645f656e7472792b3438290a20202330362020706320303030313235313420202f73797374656d2f6c69622f6c6962632e736f2028707468726561645f6372656174652b313732290a202061742064", "id": "1714450534" } }
W/dalvikvm( 1021): DroidBox: { "FdAccess": { "path": "706970653a5b353134305d", "id": "752561680" } }
W/DroidBox( 1021): DroidBox: { "FileRW": { "operation": "read", "data": "617420616e64726f69642e6d656469612e4d656469615363616e6e65722e70726f6365737346696c65284e6174697665204d6574686f64290a2020617420616e64726f69642e6d656469612e4d656469615363616e6e65722e6163636573732436303028", "id": "752561680" } }
E/WVMExtractor(   62): Failed to open libwvm.so
W/dalvikvm(  224): DroidBox: { "FdAccess": { "path": "2f70726f632f3232342f6e65742f78745f717461677569642f69666163655f737461745f616c6c", "id": "1003338929" } }
W/DroidBox(  224): DroidBox: { "FileRW": { "operation": "read", "data": "6c6f20312030203020302030203339333620353720333933362035370a65746830203120302030203020302033373737373920313731302032353038393020313332350a0000000000000000000000000000000000000000000000000000000000000000", "id": "1003338929" } }
W/dalvikvm(  224): DroidBox: { "FdAccess": { "path": "2f70726f632f3232342f6e65742f78745f717461677569642f69666163655f737461745f616c6c", "id": "2021569682" } }
W/DroidBox(  224): DroidBox: { "FileRW": { "operation": "read", "data": "313332350a3020313332350a313332350a3020313332350a350a350a350a350a350a313332350a32350a313332350a32350a313332350a350a350a350a350a350a32350a0000000000000000000000000000000000000000000000000000000000000000", "id": "2021569682" } }
W/ThrottleService(  224): unable to find stats for iface rmnet0
E/ThrottleService(  224): Error reading data file
W/dalvikvm(  224): DroidBox: { "FdAccess": { "path": "706970653a5b353137365d", "id": "463820297" } }
W/DroidBox(  224): DroidBox: { "FileRW": { "operation": "write", "data": "4170706c69636174696f6e73204d656d6f727920557361676520286b42293a0a557074696d653a20313432393738205265616c74696d653a203134323937380a0a546f74616c205053532062792070726f636573733a0a202020203237383332206b423a", "id": "463820297" } }
W/dalvikvm( 1021): DroidBox: { "FdAccess": { "path": "706970653a5b353137365d", "id": "57929099" } }
W/DroidBox( 1021): DroidBox: { "FileRW": { "operation": "read", "data": "4170706c69636174696f6e73204d656d6f727920557361676520286b42293a0a557074696d653a20313432393738205265616c74696d653a203134323937380a0a546f74616c205053532062792070726f636573733a0a202020203237383332206b423a", "id": "57929099" } }
E/WVMExtractor(   62): Failed to open libwvm.so
W/dalvikvm( 1021): DroidBox: { "FdAccess": { "path": "706970653a5b353137365d", "id": "1150885035" } }
W/DroidBox( 1021): DroidBox: { "FileRW": { "operation": "read", "data": "00000000000000000000000000000000000000000000000000000000000000000000000000000000000000000000000000000000000000000000000000000000000000000000000000000000000000000000000000000000000000000000000000000000", "id": "1150885035" } }
I/AndroidRuntime( 1021): VM exiting with result code 11.
E/WVMExtractor(   62): Failed to open libwvm.so
E/WVMExtractor(   62): Failed to open libwvm.so
E/WVMExtractor(   62): Failed to open libwvm.so
E/WVMExtractor(   62): Failed to open libwvm.so
E/WVMExtractor(   62): Failed to open libwvm.so
E/WVMExtractor(   62): Failed to open libwvm.so
E/WVMExtractor(   62): Failed to open libwvm.so
E/WVMExtractor(   62): Failed to open libwvm.so
E/WVMExtractor(   62): Failed to open libwvm.so
E/WVMExtractor(   62): Failed to open libwvm.so
E/WVMExtractor(   62): Failed to open libwvm.so
W/BackupManagerService(  224): dataChanged but no participant pkg='com.android.providers.settings' uid=10011
E/WVMExtractor(   62): Failed to open libwvm.so
E/WVMExtractor(   62): Failed to open libwvm.so
E/WVMExtractor(   62): Failed to open libwvm.so
E/MetadataRetrieverClient(   62): failed to extract an album art
E/WVMExtractor(   62): Failed to open libwvm.so
E/WVMExtractor(   62): Failed to open libwvm.so
E/WVMExtractor(   62): Failed to open libwvm.so
E/WVMExtractor(   62): Failed to open libwvm.so
E/WVMExtractor(   62): Failed to open libwvm.so
E/WVMExtractor(   62): Failed to open libwvm.so
E/WVMExtractor(   62): Failed to open libwvm.so
E/WVMExtractor(   62): Failed to open libwvm.so
E/WVMExtractor(   62): Failed to open libwvm.so
E/WVMExtractor(   62): Failed to open libwvm.so
E/WVMExtractor(   62): Failed to open libwvm.so
E/WVMExtractor(   62): Failed to open libwvm.so
E/WVMExtractor(   62): Failed to open libwvm.so
E/WVMExtractor(   62): Failed to open libwvm.so
E/WVMExtractor(   62): Failed to open libwvm.so
E/WVMExtractor(   62): Failed to open libwvm.so
E/WVMExtractor(   62): Failed to open libwvm.so
E/WVMExtractor(   62): Failed to open libwvm.so
E/WVMExtractor(   62): Failed to open libwvm.so
E/WVMExtractor(   62): Failed to open libwvm.so
E/WVMExtractor(   62): Failed to open libwvm.so
E/WVMExtractor(   62): Failed to open libwvm.so
E/WVMExtractor(   62): Failed to open libwvm.so
E/WVMExtractor(   62): Failed to open libwvm.so
E/WVMExtractor(   62): Failed to open libwvm.so
E/WVMExtractor(   62): Failed to open libwvm.so
E/WVMExtractor(   62): Failed to open libwvm.so
E/WVMExtractor(   62): Failed to open libwvm.so
E/WVMExtractor(   62): Failed to open libwvm.so
E/WVMExtractor(   62): Failed to open libwvm.so
E/WVMExtractor(   62): Failed to open libwvm.so
E/WVMExtractor(   62): Failed to open libwvm.so
E/WVMExtractor(   62): Failed to open libwvm.so
E/WVMExtractor(   62): Failed to open libwvm.so
E/WVMExtractor(   62): Failed to open libwvm.so
E/WVMExtractor(   62): Failed to open libwvm.so
E/WVMExtractor(   62): Failed to open libwvm.so
E/WVMExtractor(   62): Failed to open libwvm.so
E/WVMExtractor(   62): Failed to open libwvm.so
E/WVMExtractor(   62): Failed to open libwvm.so
E/WVMExtractor(   62): Failed to open libwvm.so
E/WVMExtractor(   62): Failed to open libwvm.so
E/WVMExtractor(   62): Failed to open libwvm.so
E/WVMExtractor(   62): Failed to open libwvm.so
E/WVMExtractor(   62): Failed to open libwvm.so
E/WVMExtractor(   62): Failed to open libwvm.so
E/WVMExtractor(   62): Failed to open libwvm.so
E/WVMExtractor(   62): Failed to open libwvm.so
E/WVMExtractor(   62): Failed to open libwvm.so
E/WVMExtractor(   62): Failed to open libwvm.so
E/WVMExtractor(   62): Failed to open libwvm.so
E/WVMExtractor(   62): Failed to open libwvm.so
E/WVMExtractor(   62): Failed to open libwvm.so
E/WVMExtractor(   62): Failed to open libwvm.so
E/WVMExtractor(   62): Failed to open libwvm.so
E/WVMExtractor(   62): Failed to open libwvm.so
E/WVMExtractor(   62): Failed to open libwvm.so
E/WVMExtractor(   62): Failed to open libwvm.so
E/WVMExtractor(   62): Failed to open libwvm.so
E/WVMExtractor(   62): Failed to open libwvm.so
E/WVMExtractor(   62): Failed to open libwvm.so
E/WVMExtractor(   62): Failed to open libwvm.so
E/WVMExtractor(   62): Failed to open libwvm.so
E/WVMExtractor(   62): Failed to open libwvm.so
E/WVMExtractor(   62): Failed to open libwvm.so
E/WVMExtractor(   62): Failed to open libwvm.so
E/WVMExtractor(   62): Failed to open libwvm.so
E/WVMExtractor(   62): Failed to open libwvm.so
E/WVMExtractor(   62): Failed to open libwvm.so
E/WVMExtractor(   62): Failed to open libwvm.so
E/WVMExtractor(   62): Failed to open libwvm.so
E/WVMExtractor(   62): Failed to open libwvm.so
W/BackupManagerService(  224): dataChanged but no participant pkg='com.android.providers.settings' uid=10011
E/WVMExtractor(   62): Failed to open libwvm.so
E/WVMExtractor(   62): Failed to open libwvm.so
E/MetadataRetrieverClient(   62): failed to extract an album art
E/WVMExtractor(   62): Failed to open libwvm.so
E/WVMExtractor(   62): Failed to open libwvm.so
E/WVMExtractor(   62): Failed to open libwvm.so
E/WVMExtractor(   62): Failed to open libwvm.so
E/WVMExtractor(   62): Failed to open libwvm.so
E/WVMExtractor(   62): Failed to open libwvm.so
E/WVMExtractor(   62): Failed to open libwvm.so
E/WVMExtractor(   62): Failed to open libwvm.so
E/WVMExtractor(   62): Failed to open libwvm.so
E/WVMExtractor(   62): Failed to open libwvm.so
E/WVMExtractor(   62): Failed to open libwvm.so
E/WVMExtractor(   62): Failed to open libwvm.so
E/WVMExtractor(   62): Failed to open libwvm.so
E/WVMExtractor(   62): Failed to open libwvm.so
E/WVMExtractor(   62): Failed to open libwvm.so
E/WVMExtractor(   62): Failed to open libwvm.so
E/WVMExtractor(   62): Failed to open libwvm.so
E/WVMExtractor(   62): Failed to open libwvm.so
E/WVMExtractor(   62): Failed to open libwvm.so
E/WVMExtractor(   62): Failed to open libwvm.so
E/WVMExtractor(   62): Failed to open libwvm.so
E/WVMExtractor(   62): Failed to open libwvm.so
E/WVMExtractor(   62): Failed to open libwvm.so
E/WVMExtractor(   62): Failed to open libwvm.so
E/WVMExtractor(   62): Failed to open libwvm.so
E/WVMExtractor(   62): Failed to open libwvm.so
E/WVMExtractor(   62): Failed to open libwvm.so
E/WVMExtractor(   62): Failed to open libwvm.so
E/WVMExtractor(   62): Failed to open libwvm.so
E/WVMExtractor(   62): Failed to open libwvm.so
E/WVMExtractor(   62): Failed to open libwvm.so
E/WVMExtractor(   62): Failed to open libwvm.so
E/WVMExtractor(   62): Failed to open libwvm.so
E/WVMExtractor(   62): Failed to open libwvm.so
E/WVMExtractor(   62): Failed to open libwvm.so
E/WVMExtractor(   62): Failed to open libwvm.so
E/WVMExtractor(   62): Failed to open libwvm.so
E/WVMExtractor(   62): Failed to open libwvm.so
E/MetadataRetrieverClient(   62): failed to extract an album art
E/WVMExtractor(   62): Failed to open libwvm.so
E/MetadataRetrieverClient(   62): failed to extract an album art
I/ActivityManager(  224): No longer want com.android.contacts (pid 685): hidden #16
E/sdman   ( 1044): Alpha service started
W/System.err( 1044): java.lang.reflect.InvocationTargetException
W/System.err( 1044): 	at java.lang.reflect.Method.invokeNative(Native Method)
W/System.err( 1044): 	at java.lang.reflect.Method.invoke(Method.java:511)
W/System.err( 1044): 	at uuuijccjx.hebslx.qhedrsdgx.idfhn(Unknown Source)
W/System.err( 1044): 	at uuuijccjx.hebslx.xpjsxwpvo.onStart(Unknown Source)
W/System.err( 1044): 	at android.app.Service.onStartCommand(Service.java:450)
W/System.err( 1044): 	at android.app.ActivityThread.handleServiceArgs(ActivityThread.java:2490)
W/System.err( 1044): 	at android.app.ActivityThread.access$1900(ActivityThread.java:130)
W/System.err( 1044): 	at android.app.ActivityThread$H.handleMessage(ActivityThread.java:1292)
W/System.err( 1044): 	at android.os.Handler.dispatchMessage(Handler.java:99)
W/System.err( 1044): 	at android.os.Looper.loop(Looper.java:137)
W/System.err( 1044): 	at android.app.ActivityThread.main(ActivityThread.java:4745)
W/System.err( 1044): 	at java.lang.reflect.Method.invokeNative(Native Method)
W/System.err( 1044): 	at java.lang.reflect.Method.invoke(Method.java:511)
W/System.err( 1044): 	at com.android.internal.os.ZygoteInit$MethodAndArgsCaller.run(ZygoteInit.java:786)
W/System.err( 1044): 	at com.android.internal.os.ZygoteInit.main(ZygoteInit.java:553)
W/System.err( 1044): 	at dalvik.system.NativeStart.main(Native Method)
W/System.err( 1044): Caused by: java.net.UnknownHostException: Unable to resolve host "m-001.net": No address associated with hostname
W/System.err( 1044): 	at java.net.InetAddress.lookupHostByName(InetAddress.java:424)
W/System.err( 1044): 	at java.net.InetAddress.getAllByNameImpl(InetAddress.java:236)
W/System.err( 1044): 	at java.net.InetAddress.getAllByName(InetAddress.java:214)
W/System.err( 1044): 	at libcore.net.http.HttpConnection.<init>(HttpConnection.java:70)
W/System.err( 1044): 	at libcore.net.http.HttpConnection.<init>(HttpConnection.java:50)
W/System.err( 1044): 	at libcore.net.http.HttpConnection$Address.connect(HttpConnection.java:341)
W/System.err( 1044): 	at libcore.net.http.HttpConnectionPool.get(HttpConnectionPool.java:87)
W/System.err( 1044): 	at libcore.net.http.HttpConnection.connect(HttpConnection.java:128)
W/System.err( 1044): 	at libcore.net.http.HttpEngine.openSocketConnection(HttpEngine.java:315)
W/System.err( 1044): 	at libcore.net.http.HttpEngine.connect(HttpEngine.java:310)
W/System.err( 1044): 	at libcore.net.http.HttpEngine.sendSocketRequest(HttpEngine.java:289)
W/System.err( 1044): 	at libcore.net.http.HttpEngine.sendRequest(HttpEngine.java:239)
W/System.err( 1044): 	at libcore.net.http.HttpURLConnectionImpl.connect(HttpURLConnectionImpl.java:80)
W/System.err( 1044): 	at libcore.net.http.HttpURLConnectionImpl.getOutputStream(HttpURLConnectionImpl.java:188)
W/System.err( 1044): 	... 16 more
W/System.err( 1044): Caused by: libcore.io.GaiException: getaddrinfo failed: EAI_NODATA (No address associated with hostname)
W/System.err( 1044): 	at libcore.io.Posix.getaddrinfo(Native Method)
W/System.err( 1044): 	at libcore.io.ForwardingOs.getaddrinfo(ForwardingOs.java:55)
W/System.err( 1044): 	at java.net.InetAddress.lookupHostByName(InetAddress.java:405)
W/System.err( 1044): 	... 29 more
W/dalvikvm( 1044): DroidBox: { "FdAccess": { "path": "2f646174612f646174612f6e676a766e70736c6e702e69706c686d6b2f7368617265645f70726566732f616c7068612e786d6c", "id": "573432784" } }
W/DroidBox( 1044): DroidBox: { "FileRW": { "operation": "write", "data": "3c3f786d6c2076657273696f6e3d27312e302720656e636f64696e673d277574662d3827207374616e64616c6f6e653d2779657327203f3e0a3c6d61703e0a3c737472696e67206e616d653d2266697273745374617274223e66616c73653c2f73747269", "id": "573432784" } }
E/sdman   ( 1044): Alpha.startTimer.
E/sdman   ( 1044): Alpha service started
W/SocketClient(   56): write error (Broken pipe)
W/System.err( 1044): java.lang.reflect.InvocationTargetException
W/System.err( 1044): 	at java.lang.reflect.Method.invokeNative(Native Method)
W/System.err( 1044): 	at java.lang.reflect.Method.invoke(Method.java:511)
W/System.err( 1044): 	at uuuijccjx.hebslx.qhedrsdgx.idfhn(Unknown Source)
W/System.err( 1044): 	at uuuijccjx.hebslx.xpjsxwpvo.onStart(Unknown Source)
W/System.err( 1044): 	at android.app.Service.onStartCommand(Service.java:450)
W/System.err( 1044): 	at android.app.ActivityThread.handleServiceArgs(ActivityThread.java:2490)
W/System.err( 1044): 	at android.app.ActivityThread.access$1900(ActivityThread.java:130)
W/System.err( 1044): 	at android.app.ActivityThread$H.handleMessage(ActivityThread.java:1292)
W/System.err( 1044): 	at android.os.Handler.dispatchMessage(Handler.java:99)
W/System.err( 1044): 	at android.os.Looper.loop(Looper.java:137)
W/System.err( 1044): 	at android.app.ActivityThread.main(ActivityThread.java:4745)
W/System.err( 1044): 	at java.lang.reflect.Method.invokeNative(Native Method)
W/System.err( 1044): 	at java.lang.reflect.Method.invoke(Method.java:511)
W/System.err( 1044): 	at com.android.internal.os.ZygoteInit$MethodAndArgsCaller.run(ZygoteInit.java:786)
W/System.err( 1044): 	at com.android.internal.os.ZygoteInit.main(ZygoteInit.java:553)
W/System.err( 1044): 	at dalvik.system.NativeStart.main(Native Method)
W/System.err( 1044): Caused by: java.net.UnknownHostException: Unable to resolve host "m-001.net": No address associated with hostname
W/System.err( 1044): 	at java.net.InetAddress.lookupHostByName(InetAddress.java:424)
W/System.err( 1044): 	at java.net.InetAddress.getAllByNameImpl(InetAddress.java:236)
W/System.err( 1044): 	at java.net.InetAddress.getAllByName(InetAddress.java:214)
W/System.err( 1044): 	at libcore.net.http.HttpConnection.<init>(HttpConnection.java:70)
W/System.err( 1044): 	at libcore.net.http.HttpConnection.<init>(HttpConnection.java:50)
W/System.err( 1044): 	at libcore.net.http.HttpConnection$Address.connect(HttpConnection.java:341)
W/System.err( 1044): 	at libcore.net.http.HttpConnectionPool.get(HttpConnectionPool.java:87)
W/System.err( 1044): 	at libcore.net.http.HttpConnection.connect(HttpConnection.java:128)
W/System.err( 1044): 	at libcore.net.http.HttpEngine.openSocketConnection(HttpEngine.java:315)
W/System.err( 1044): 	at libcore.net.http.HttpEngine.connect(HttpEngine.java:310)
W/System.err( 1044): 	at libcore.net.http.HttpEngine.sendSocketRequest(HttpEngine.java:289)
W/System.err( 1044): 	at libcore.net.http.HttpEngine.sendRequest(HttpEngine.java:239)
W/System.err( 1044): 	at libcore.net.http.HttpURLConnectionImpl.connect(HttpURLConnectionImpl.java:80)
W/System.err( 1044): 	at libcore.net.http.HttpURLConnectionImpl.getOutputStream(HttpURLConnectionImpl.java:188)
W/System.err( 1044): 	... 16 more
W/System.err( 1044): Caused by: libcore.io.GaiException: getaddrinfo failed: EAI_NODATA (No address associated with hostname)
W/System.err( 1044): 	at libcore.io.Posix.getaddrinfo(Native Method)
W/System.err( 1044): 	at libcore.io.ForwardingOs.getaddrinfo(ForwardingOs.java:55)
W/System.err( 1044): 	at java.net.InetAddress.lookupHostByName(InetAddress.java:405)
W/System.err( 1044): 	... 29 more
W/dalvikvm( 1044): DroidBox: { "FdAccess": { "path": "2f646174612f646174612f6e676a766e70736c6e702e69706c686d6b2f7368617265645f70726566732f616c7068612e786d6c", "id": "524271921" } }
W/DroidBox( 1044): DroidBox: { "FileRW": { "operation": "write", "data": "3c3f786d6c2076657273696f6e3d27312e302720656e636f64696e673d277574662d3827207374616e64616c6f6e653d2779657327203f3e0a3c6d61703e0a3c737472696e67206e616d653d2266697273745374617274223e66616c73653c2f73747269", "id": "524271921" } }
E/sdman   ( 1044): Alpha.startTimer.
E/sdman   ( 1044): Alpha service started
W/SocketClient(   56): write error (Broken pipe)
W/System.err( 1044): java.lang.reflect.InvocationTargetException
W/System.err( 1044): 	at java.lang.reflect.Method.invokeNative(Native Method)
W/System.err( 1044): 	at java.lang.reflect.Method.invoke(Method.java:511)
W/System.err( 1044): 	at uuuijccjx.hebslx.qhedrsdgx.idfhn(Unknown Source)
W/System.err( 1044): 	at uuuijccjx.hebslx.xpjsxwpvo.onStart(Unknown Source)
W/System.err( 1044): 	at android.app.Service.onStartCommand(Service.java:450)
W/System.err( 1044): 	at android.app.ActivityThread.handleServiceArgs(ActivityThread.java:2490)
W/System.err( 1044): 	at android.app.ActivityThread.access$1900(ActivityThread.java:130)
W/System.err( 1044): 	at android.app.ActivityThread$H.handleMessage(ActivityThread.java:1292)
W/System.err( 1044): 	at android.os.Handler.dispatchMessage(Handler.java:99)
W/System.err( 1044): 	at android.os.Looper.loop(Looper.java:137)
W/System.err( 1044): 	at android.app.ActivityThread.main(ActivityThread.java:4745)
W/System.err( 1044): 	at java.lang.reflect.Method.invokeNative(Native Method)
W/System.err( 1044): 	at java.lang.reflect.Method.invoke(Method.java:511)
W/System.err( 1044): 	at com.android.internal.os.ZygoteInit$MethodAndArgsCaller.run(ZygoteInit.java:786)
W/System.err( 1044): 	at com.android.internal.os.ZygoteInit.main(ZygoteInit.java:553)
W/System.err( 1044): 	at dalvik.system.NativeStart.main(Native Method)
W/System.err( 1044): Caused by: java.net.UnknownHostException: Unable to resolve host "m-001.net": No address associated with hostname
W/System.err( 1044): 	at java.net.InetAddress.lookupHostByName(InetAddress.java:424)
W/System.err( 1044): 	at java.net.InetAddress.getAllByNameImpl(InetAddress.java:236)
W/System.err( 1044): 	at java.net.InetAddress.getAllByName(InetAddress.java:214)
W/System.err( 1044): 	at libcore.net.http.HttpConnection.<init>(HttpConnection.java:70)
W/System.err( 1044): 	at libcore.net.http.HttpConnection.<init>(HttpConnection.java:50)
W/System.err( 1044): 	at libcore.net.http.HttpConnection$Address.connect(HttpConnection.java:341)
W/System.err( 1044): 	at libcore.net.http.HttpConnectionPool.get(HttpConnectionPool.java:87)
W/System.err( 1044): 	at libcore.net.http.HttpConnection.connect(HttpConnection.java:128)
W/System.err( 1044): 	at libcore.net.http.HttpEngine.openSocketConnection(HttpEngine.java:315)
W/System.err( 1044): 	at libcore.net.http.HttpEngine.connect(HttpEngine.java:310)
W/System.err( 1044): 	at libcore.net.http.HttpEngine.sendSocketRequest(HttpEngine.java:289)
W/System.err( 1044): 	at libcore.net.http.HttpEngine.sendRequest(HttpEngine.java:239)
W/System.err( 1044): 	at libcore.net.http.HttpURLConnectionImpl.connect(HttpURLConnectionImpl.java:80)
W/System.err( 1044): 	at libcore.net.http.HttpURLConnectionImpl.getOutputStream(HttpURLConnectionImpl.java:188)
W/System.err( 1044): 	... 16 more
W/System.err( 1044): Caused by: libcore.io.GaiException: getaddrinfo failed: EAI_NODATA (No address associated with hostname)
W/System.err( 1044): 	at libcore.io.Posix.getaddrinfo(Native Method)
W/System.err( 1044): 	at libcore.io.ForwardingOs.getaddrinfo(ForwardingOs.java:55)
W/System.err( 1044): 	at java.net.InetAddress.lookupHostByName(InetAddress.java:405)
W/System.err( 1044): 	... 29 more
W/dalvikvm( 1044): DroidBox: { "FdAccess": { "path": "2f646174612f646174612f6e676a766e70736c6e702e69706c686d6b2f7368617265645f70726566732f616c7068612e786d6c", "id": "1751235754" } }
W/DroidBox( 1044): DroidBox: { "FileRW": { "operation": "write", "data": "3c3f786d6c2076657273696f6e3d27312e302720656e636f64696e673d277574662d3827207374616e64616c6f6e653d2779657327203f3e0a3c6d61703e0a3c737472696e67206e616d653d2266697273745374617274223e66616c73653c2f73747269", "id": "1751235754" } }
E/sdman   ( 1044): Alpha.startTimer.
E/sdman   ( 1044): Alpha service started
W/SocketClient(   56): write error (Broken pipe)
W/System.err( 1044): java.lang.reflect.InvocationTargetException
W/System.err( 1044): 	at java.lang.reflect.Method.invokeNative(Native Method)
W/System.err( 1044): 	at java.lang.reflect.Method.invoke(Method.java:511)
W/System.err( 1044): 	at uuuijccjx.hebslx.qhedrsdgx.idfhn(Unknown Source)
W/System.err( 1044): 	at uuuijccjx.hebslx.xpjsxwpvo.onStart(Unknown Source)
W/System.err( 1044): 	at android.app.Service.onStartCommand(Service.java:450)
W/System.err( 1044): 	at android.app.ActivityThread.handleServiceArgs(ActivityThread.java:2490)
W/System.err( 1044): 	at android.app.ActivityThread.access$1900(ActivityThread.java:130)
W/System.err( 1044): 	at android.app.ActivityThread$H.handleMessage(ActivityThread.java:1292)
W/System.err( 1044): 	at android.os.Handler.dispatchMessage(Handler.java:99)
W/System.err( 1044): 	at android.os.Looper.loop(Looper.java:137)
W/System.err( 1044): 	at android.app.ActivityThread.main(ActivityThread.java:4745)
W/System.err( 1044): 	at java.lang.reflect.Method.invokeNative(Native Method)
W/System.err( 1044): 	at java.lang.reflect.Method.invoke(Method.java:511)
W/System.err( 1044): 	at com.android.internal.os.ZygoteInit$MethodAndArgsCaller.run(ZygoteInit.java:786)
W/System.err( 1044): 	at com.android.internal.os.ZygoteInit.main(ZygoteInit.java:553)
W/System.err( 1044): 	at dalvik.system.NativeStart.main(Native Method)
W/System.err( 1044): Caused by: java.net.UnknownHostException: Unable to resolve host "m-001.net": No address associated with hostname
W/System.err( 1044): 	at java.net.InetAddress.lookupHostByName(InetAddress.java:424)
W/System.err( 1044): 	at java.net.InetAddress.getAllByNameImpl(InetAddress.java:236)
W/System.err( 1044): 	at java.net.InetAddress.getAllByName(InetAddress.java:214)
W/System.err( 1044): 	at libcore.net.http.HttpConnection.<init>(HttpConnection.java:70)
W/System.err( 1044): 	at libcore.net.http.HttpConnection.<init>(HttpConnection.java:50)
W/System.err( 1044): 	at libcore.net.http.HttpConnection$Address.connect(HttpConnection.java:341)
W/System.err( 1044): 	at libcore.net.http.HttpConnectionPool.get(HttpConnectionPool.java:87)
W/System.err( 1044): 	at libcore.net.http.HttpConnection.connect(HttpConnection.java:128)
W/System.err( 1044): 	at libcore.net.http.HttpEngine.openSocketConnection(HttpEngine.java:315)
W/System.err( 1044): 	at libcore.net.http.HttpEngine.connect(HttpEngine.java:310)
