E/ActivityThread( 1024): 	at java.lang.reflect.Method.invoke(Method.java:511)
E/ActivityThread( 1024): 	at com.android.internal.os.ZygoteInit$MethodAndArgsCaller.run(ZygoteInit.java:786)
E/ActivityThread( 1024): 	at com.android.internal.os.ZygoteInit.main(ZygoteInit.java:553)
E/ActivityThread( 1024): 	at dalvik.system.NativeStart.main(Native Method)
W/ActivityManager(  231): Unbind failed: could not find connection for android.os.BinderProxy@b401c158
E/WVMExtractor(   61): Failed to open libwvm.so
I/InputDispatcher(  231): Window 'Window{b3fc01c8 com.android.lemon.radio/com.android.lemon.radio.activity.MediaPlayerActivity paused=false}' spent 2240.3ms processing the last input event: KeyEvent(action=0, deviceId=-1, source=0x00000101)
E/WVMExtractor(   61): Failed to open libwvm.so
E/JavaBinder( 1047): *** Uncaught remote exception!  (Exceptions are not yet supported across processes.)
E/JavaBinder( 1047): java.lang.ArrayIndexOutOfBoundsException: length=0; index=-1
E/JavaBinder( 1047): 	at java.util.ArrayList.get(ArrayList.java:306)
E/JavaBinder( 1047): 	at com.android.lemon.radio.service.MusicControlService$1.getSongTitle(MusicControlService.java:130)
E/JavaBinder( 1047): 	at com.android.lemon.radio.aidl.IMusicControlSvc$Stub.onTransact(IMusicControlSvc.java:115)
E/JavaBinder( 1047): 	at android.os.Binder.execTransact(Binder.java:367)
E/JavaBinder( 1047): 	at dalvik.system.NativeStart.run(Native Method)
E/JavaBinder( 1047): *** Uncaught remote exception!  (Exceptions are not yet supported across processes.)
E/JavaBinder( 1047): java.lang.ArrayIndexOutOfBoundsException: length=0; index=-1
E/JavaBinder( 1047): 	at java.util.ArrayList.get(ArrayList.java:306)
E/JavaBinder( 1047): 	at com.android.lemon.radio.service.MusicControlService$1.getSongArtist(MusicControlService.java:120)
E/JavaBinder( 1047): 	at com.android.lemon.radio.aidl.IMusicControlSvc$Stub.onTransact(IMusicControlSvc.java:123)
E/JavaBinder( 1047): 	at android.os.Binder.execTransact(Binder.java:367)
E/JavaBinder( 1047): 	at dalvik.system.NativeStart.run(Native Method)
E/WVMExtractor(   61): Failed to open libwvm.so
E/JavaBinder( 1047): *** Uncaught remote exception!  (Exceptions are not yet supported across processes.)
E/JavaBinder( 1047): java.lang.ArrayIndexOutOfBoundsException: length=0; index=-1
E/JavaBinder( 1047): 	at java.util.ArrayList.get(ArrayList.java:306)
E/JavaBinder( 1047): 	at com.android.lemon.radio.service.MusicControlService$1.getSongCover(MusicControlService.java:100)
E/JavaBinder( 1047): 	at com.android.lemon.radio.aidl.IMusicControlSvc$Stub.onTransact(IMusicControlSvc.java:107)
E/JavaBinder( 1047): 	at android.os.Binder.execTransact(Binder.java:367)
E/JavaBinder( 1047): 	at dalvik.system.NativeStart.run(Native Method)
I/Choreographer( 1024): Skipped 119 frames!  The application may be doing too much work on its main thread.
E/WVMExtractor(   61): Failed to open libwvm.so
E/JavaBinder( 1047): *** Uncaught remote exception!  (Exceptions are not yet supported across processes.)
E/JavaBinder( 1047): java.lang.ArrayIndexOutOfBoundsException: length=0; index=-1
E/JavaBinder( 1047): 	at java.util.ArrayList.get(ArrayList.java:306)
E/JavaBinder( 1047): 	at com.android.lemon.radio.service.MusicControlService$1.getSongTitle(MusicControlService.java:130)
E/JavaBinder( 1047): 	at com.android.lemon.radio.aidl.IMusicControlSvc$Stub.onTransact(IMusicControlSvc.java:115)
E/JavaBinder( 1047): 	at android.os.Binder.execTransact(Binder.java:367)
E/JavaBinder( 1047): 	at dalvik.system.NativeStart.run(Native Method)
E/JavaBinder( 1047): *** Uncaught remote exception!  (Exceptions are not yet supported across processes.)
E/JavaBinder( 1047): java.lang.ArrayIndexOutOfBoundsException: length=0; index=-1
E/JavaBinder( 1047): 	at java.util.ArrayList.get(ArrayList.java:306)
E/JavaBinder( 1047): 	at com.android.lemon.radio.service.MusicControlService$1.getSongArtist(MusicControlService.java:120)
E/JavaBinder( 1047): 	at com.android.lemon.radio.aidl.IMusicControlSvc$Stub.onTransact(IMusicControlSvc.java:123)
E/JavaBinder( 1047): 	at android.os.Binder.execTransact(Binder.java:367)
E/JavaBinder( 1047): 	at dalvik.system.NativeStart.run(Native Method)
E/JavaBinder( 1047): *** Uncaught remote exception!  (Exceptions are not yet supported across processes.)
E/JavaBinder( 1047): java.lang.ArrayIndexOutOfBoundsException: length=0; index=-1
E/JavaBinder( 1047): 	at java.util.ArrayList.get(ArrayList.java:306)
E/JavaBinder( 1047): 	at com.android.lemon.radio.service.MusicControlService$1.getSongCover(MusicControlService.java:100)
E/JavaBinder( 1047): 	at com.android.lemon.radio.aidl.IMusicControlSvc$Stub.onTransact(IMusicControlSvc.java:107)
E/JavaBinder( 1047): 	at android.os.Binder.execTransact(Binder.java:367)
E/JavaBinder( 1047): 	at dalvik.system.NativeStart.run(Native Method)
W/BackupManagerService(  231): dataChanged but no participant pkg='com.android.providers.settings' uid=10011
E/WVMExtractor(   61): Failed to open libwvm.so
I/Choreographer( 1024): Skipped 147 frames!  The application may be doing too much work on its main thread.
D/InputEventConsistencyVerifier( 1024): KeyEvent: ACTION_UP but key was not down.
D/InputEventConsistencyVerifier( 1024):   in android.widget.RelativeLayout@b433fe50
D/InputEventConsistencyVerifier( 1024):   0: sent at 150504000000, KeyEvent { action=ACTION_UP, keyCode=KEYCODE_DPAD_RIGHT, scanCode=0, metaState=0, flags=0x8, repeatCount=0, eventTime=150504, downTime=150504, deviceId=-1, source=0x101 }
E/WVMExtractor(   61): Failed to open libwvm.so
D/InputEventConsistencyVerifier( 1024): KeyEvent: ACTION_UP but key was not down.
D/InputEventConsistencyVerifier( 1024):   in android.widget.LinearLayout@b4310390
D/InputEventConsistencyVerifier( 1024):   0: sent at 152306000000, KeyEvent { action=ACTION_UP, keyCode=KEYCODE_DPAD_RIGHT, scanCode=0, metaState=0, flags=0x400, repeatCount=0, eventTime=152306, downTime=152306, deviceId=-1, source=0x101 }
D/InputEventConsistencyVerifier( 1024):   -- recent events --
D/InputEventConsistencyVerifier( 1024):   1: sent at 147181000000, MotionEvent { action=ACTION_UP, id[0]=0, x[0]=98.0, y[0]=8.0, toolType[0]=TOOL_TYPE_UNKNOWN, buttonState=0, metaState=0, flags=0x0, edgeFlags=0x0, pointerCount=1, historySize=0, eventTime=147181, downTime=147078, deviceId=0, source=0x1002 }
D/InputEventConsistencyVerifier( 1024):   2: sent at 147079000000, MotionEvent { action=ACTION_DOWN, id[0]=0, x[0]=102.0, y[0]=5.0, toolType[0]=TOOL_TYPE_UNKNOWN, buttonState=0, metaState=0, flags=0x0, edgeFlags=0x0, pointerCount=1, historySize=0, eventTime=147079, downTime=147078, deviceId=0, source=0x1002 }
E/JavaBinder( 1047): *** Uncaught remote exception!  (Exceptions are not yet supported across processes.)
E/JavaBinder( 1047): java.lang.ArrayIndexOutOfBoundsException: length=0; index=-1
E/JavaBinder( 1047): 	at java.util.ArrayList.get(ArrayList.java:306)
E/JavaBinder( 1047): 	at com.android.lemon.radio.service.MusicControlService$1.getSongTitle(MusicControlService.java:130)
E/JavaBinder( 1047): 	at com.android.lemon.radio.aidl.IMusicControlSvc$Stub.onTransact(IMusicControlSvc.java:115)
E/JavaBinder( 1047): 	at android.os.Binder.execTransact(Binder.java:367)
E/JavaBinder( 1047): 	at dalvik.system.NativeStart.run(Native Method)
E/JavaBinder( 1047): *** Uncaught remote exception!  (Exceptions are not yet supported across processes.)
E/JavaBinder( 1047): java.lang.ArrayIndexOutOfBoundsException: length=0; index=-1
E/JavaBinder( 1047): 	at java.util.ArrayList.get(ArrayList.java:306)
E/JavaBinder( 1047): 	at com.android.lemon.radio.service.MusicControlService$1.getSongArtist(MusicControlService.java:120)
E/JavaBinder( 1047): 	at com.android.lemon.radio.aidl.IMusicControlSvc$Stub.onTransact(IMusicControlSvc.java:123)
E/JavaBinder( 1047): 	at android.os.Binder.execTransact(Binder.java:367)
E/JavaBinder( 1047): 	at dalvik.system.NativeStart.run(Native Method)
E/JavaBinder( 1047): *** Uncaught remote exception!  (Exceptions are not yet supported across processes.)
E/JavaBinder( 1047): java.lang.ArrayIndexOutOfBoundsException: length=0; index=-1
E/JavaBinder( 1047): 	at java.util.ArrayList.get(ArrayList.java:306)
E/JavaBinder( 1047): 	at com.android.lemon.radio.service.MusicControlService$1.getSongCover(MusicControlService.java:100)
E/JavaBinder( 1047): 	at com.android.lemon.radio.aidl.IMusicControlSvc$Stub.onTransact(IMusicControlSvc.java:107)
E/JavaBinder( 1047): 	at android.os.Binder.execTransact(Binder.java:367)
E/JavaBinder( 1047): 	at dalvik.system.NativeStart.run(Native Method)
I/Choreographer( 1024): Skipped 53 frames!  The application may be doing too much work on its main thread.
E/MetadataRetrieverClient(   61): failed to extract an album art
D/InputEventConsistencyVerifier( 1024): TrackballEvent: Trackball is down but pressure is not greater than 0.
D/InputEventConsistencyVerifier( 1024):   in android.view.ViewRootImpl@b41b3348
D/InputEventConsistencyVerifier( 1024):   0: sent at 152489000000, MotionEvent { action=ACTION_DOWN, id[0]=0, x[0]=0.0, y[0]=0.0, toolType[0]=TOOL_TYPE_UNKNOWN, buttonState=0, metaState=0, flags=0x0, edgeFlags=0x0, pointerCount=1, historySize=0, eventTime=152489, downTime=152274, deviceId=0, source=0x10004 }
D/InputEventConsistencyVerifier( 1024):   -- recent events --
D/InputEventConsistencyVerifier( 1024):   1: sent at 152487000000, MotionEvent { action=ACTION_MOVE, id[0]=0, x[0]=-2.0, y[0]=0.0, toolType[0]=TOOL_TYPE_UNKNOWN, buttonState=0, metaState=0, flags=0x0, edgeFlags=0x0, pointerCount=1, historySize=8, eventTime=152487, downTime=-1, deviceId=0, source=0x10004 }
D/InputEventConsistencyVerifier( 1024):   2: sent at 152309000000, KeyEvent { action=ACTION_UP, keyCode=KEYCODE_DPAD_RIGHT, scanCode=0, metaState=0, flags=0x400, repeatCount=0, eventTime=152309, downTime=152309, deviceId=-1, source=0x101 }
D/InputEventConsistencyVerifier( 1024):   3: sent at 152309000000, KeyEvent { action=ACTION_DOWN, keyCode=KEYCODE_DPAD_RIGHT, scanCode=0, metaState=0, flags=0x400, repeatCount=0, eventTime=152309, downTime=152309, deviceId=-1, source=0x101 }
D/InputEventConsistencyVerifier( 1024):   4: sent at 152308000000, KeyEvent { action=ACTION_UP, keyCode=KEYCODE_DPAD_RIGHT, scanCode=0, metaState=0, flags=0x400, repeatCount=0, eventTime=152308, downTime=152308, deviceId=-1, source=0x101 }
D/InputEventConsistencyVerifier( 1024):   5: sent at 152308000000, KeyEvent { action=ACTION_DOWN, keyCode=KEYCODE_DPAD_RIGHT, scanCode=0, metaState=0, flags=0x400, repeatCount=0, eventTime=152308, downTime=152308, deviceId=-1, source=0x101 }
E/WVMExtractor(   61): Failed to open libwvm.so
D/InputEventConsistencyVerifier( 1024): KeyEvent: ACTION_UP but key was not down.
D/InputEventConsistencyVerifier( 1024):   in android.widget.Button@b4109250
D/InputEventConsistencyVerifier( 1024):   0: sent at 153264000000, KeyEvent { action=ACTION_UP, keyCode=KEYCODE_DPAD_LEFT, scanCode=0, metaState=0, flags=0x400, repeatCount=0, eventTime=153264, downTime=153264, deviceId=-1, source=0x101 }
D/InputEventConsistencyVerifier( 1024): KeyEvent: ACTION_UP but key was not down.
D/InputEventConsistencyVerifier( 1024):   in android.widget.Button@b4390700
D/InputEventConsistencyVerifier( 1024):   0: sent at 153267000000, KeyEvent { action=ACTION_UP, keyCode=KEYCODE_DPAD_LEFT, scanCode=0, metaState=0, flags=0x400, repeatCount=0, eventTime=153267, downTime=153267, deviceId=-1, source=0x101 }
E/WVMExtractor(   61): Failed to open libwvm.so
E/MediaPlayer( 1047): start called in state 1
E/MediaPlayer( 1047): error (-38, 0)
E/MediaPlayer( 1047): Error (-38,0)
E/JavaBinder( 1047): *** Uncaught remote exception!  (Exceptions are not yet supported across processes.)
E/JavaBinder( 1047): java.lang.ArrayIndexOutOfBoundsException: length=0; index=-1
E/JavaBinder( 1047): 	at java.util.ArrayList.get(ArrayList.java:306)
E/JavaBinder( 1047): 	at com.android.lemon.radio.service.MusicControlService.songNotify(MusicControlService.java:297)
E/JavaBinder( 1047): 	at com.android.lemon.radio.service.MusicControlService.access$8(MusicControlService.java:293)
E/JavaBinder( 1047): 	at com.android.lemon.radio.service.MusicControlService$1.start(MusicControlService.java:191)
E/JavaBinder( 1047): 	at com.android.lemon.radio.aidl.IMusicControlSvc$Stub.onTransact(IMusicControlSvc.java:164)
E/JavaBinder( 1047): 	at android.os.Binder.execTransact(Binder.java:367)
E/JavaBinder( 1047): 	at dalvik.system.NativeStart.run(Native Method)
E/WVMExtractor(   61): Failed to open libwvm.so
I/Choreographer( 1024): Skipped 68 frames!  The application may be doing too much work on its main thread.
E/JavaBinder( 1047): *** Uncaught remote exception!  (Exceptions are not yet supported across processes.)
E/JavaBinder( 1047): java.lang.ArrayIndexOutOfBoundsException: length=0; index=-1
E/JavaBinder( 1047): 	at java.util.ArrayList.get(ArrayList.java:306)
E/JavaBinder( 1047): 	at com.android.lemon.radio.service.MusicControlService$1.getSongTitle(MusicControlService.java:130)
E/JavaBinder( 1047): 	at com.android.lemon.radio.aidl.IMusicControlSvc$Stub.onTransact(IMusicControlSvc.java:115)
E/JavaBinder( 1047): 	at android.os.Binder.execTransact(Binder.java:367)
E/JavaBinder( 1047): 	at dalvik.system.NativeStart.run(Native Method)
E/JavaBinder( 1047): *** Uncaught remote exception!  (Exceptions are not yet supported across processes.)
E/JavaBinder( 1047): java.lang.ArrayIndexOutOfBoundsException: length=0; index=-1
E/JavaBinder( 1047): 	at java.util.ArrayList.get(ArrayList.java:306)
E/JavaBinder( 1047): 	at com.android.lemon.radio.service.MusicControlService$1.getSongArtist(MusicControlService.java:120)
E/JavaBinder( 1047): 	at com.android.lemon.radio.aidl.IMusicControlSvc$Stub.onTransact(IMusicControlSvc.java:123)
E/JavaBinder( 1047): 	at android.os.Binder.execTransact(Binder.java:367)
E/JavaBinder( 1047): 	at dalvik.system.NativeStart.run(Native Method)
E/JavaBinder( 1047): *** Uncaught remote exception!  (Exceptions are not yet supported across processes.)
E/JavaBinder( 1047): java.lang.ArrayIndexOutOfBoundsException: length=0; index=-1
E/JavaBinder( 1047): 	at java.util.ArrayList.get(ArrayList.java:306)
E/JavaBinder( 1047): 	at com.android.lemon.radio.service.MusicControlService$1.getSongCover(MusicControlService.java:100)
E/JavaBinder( 1047): 	at com.android.lemon.radio.aidl.IMusicControlSvc$Stub.onTransact(IMusicControlSvc.java:107)
E/JavaBinder( 1047): 	at android.os.Binder.execTransact(Binder.java:367)
E/JavaBinder( 1047): 	at dalvik.system.NativeStart.run(Native Method)
E/WVMExtractor(   61): Failed to open libwvm.so
I/Choreographer( 1024): Skipped 118 frames!  The application may be doing too much work on its main thread.
D/InputEventConsistencyVerifier( 1024): KeyEvent: ACTION_UP but key was not down.
D/InputEventConsistencyVerifier( 1024):   in android.widget.Button@b4109250
D/InputEventConsistencyVerifier( 1024):   0: sent at 153311000000, KeyEvent { action=ACTION_UP, keyCode=KEYCODE_DPAD_RIGHT, scanCode=0, metaState=0, flags=0x8, repeatCount=0, eventTime=153311, downTime=153311, deviceId=-1, source=0x101 }
D/InputEventConsistencyVerifier( 1024):   -- recent events --
D/InputEventConsistencyVerifier( 1024):   1: sent at 153267000000, (unhandled) KeyEvent { action=ACTION_DOWN, keyCode=KEYCODE_DPAD_LEFT, scanCode=0, metaState=0, flags=0x400, repeatCount=0, eventTime=153267, downTime=153267, deviceId=-1, source=0x101 }
D/InputEventConsistencyVerifier( 1024):   2: sent at 153264000000, (unhandled) KeyEvent { action=ACTION_UP, keyCode=KEYCODE_DPAD_LEFT, scanCode=0, metaState=0, flags=0x80000400, repeatCount=0, eventTime=153264, downTime=153264, deviceId=-1, source=0x101 }
E/WVMExtractor(   61): Failed to open libwvm.so
W/dalvikvm(  431): DroidBox: { "FdAccess": { "path": "2f70726f632f6d656d696e666f", "id": "499784667" } }
W/DroidBox(  431): DroidBox: { "FileRW": { "operation": "read", "data": "4d656d546f74616c3a202020202020202020373438393634206b420a4d656d467265653a20202020202020202020343335323936206b420a427566666572733a20202020202020202020202035353234206b420a4361636865643a202020202020202020", "id": "499784667" } }
W/dalvikvm(  431): DroidBox: { "FdAccess": { "path": "2f70726f632f6d656d696e666f", "id": "76530928" } }
W/DroidBox(  431): DroidBox: { "FileRW": { "operation": "read", "data": "4d656d546f74616c3a202020202020202020373438393634206b420a4d656d467265653a20202020202020202020343335323936206b420a427566666572733a20202020202020202020202035353234206b420a4361636865643a202020202020202020", "id": "76530928" } }
I/Choreographer(  431): Skipped 36 frames!  The application may be doing too much work on its main thread.
I/Choreographer( 1024): Skipped 35 frames!  The application may be doing too much work on its main thread.
D/InputEventConsistencyVerifier(  431): KeyEvent: ACTION_UP but key was not down.
D/InputEventConsistencyVerifier(  431):   in android.widget.FrameLayout@b3dc3fd0
D/InputEventConsistencyVerifier(  431):   0: sent at 155432000000, KeyEvent { action=ACTION_UP, keyCode=KEYCODE_DPAD_DOWN, scanCode=0, metaState=0, flags=0x8, repeatCount=0, eventTime=155432, downTime=155432, deviceId=-1, source=0x101 }
D/InputEventConsistencyVerifier( 1024): KeyEvent: ACTION_UP but key was not down.
D/InputEventConsistencyVerifier( 1024):   in com.android.internal.policy.impl.PhoneWindow$DecorView@b4308bf0
D/InputEventConsistencyVerifier( 1024):   0: sent at 155299000000, KeyEvent { action=ACTION_UP, keyCode=KEYCODE_DPAD_LEFT, scanCode=0, metaState=0, flags=0x400, repeatCount=0, eventTime=155299, downTime=155299, deviceId=-1, source=0x101 }
D/InputEventConsistencyVerifier( 1024):   -- recent events --
D/InputEventConsistencyVerifier( 1024):   1: sent at 155075000000, (unhandled) MotionEvent { action=ACTION_MOVE, id[0]=0, x[0]=-4.0, y[0]=-2.0, toolType[0]=TOOL_TYPE_UNKNOWN, buttonState=0, metaState=0, flags=0x0, edgeFlags=0x0, pointerCount=1, historySize=9, eventTime=155075, downTime=-1, deviceId=0, source=0x10004 }
D/InputEventConsistencyVerifier( 1024):   2: sent at 155099000000, (unhandled) MotionEvent { action=ACTION_UP, id[0]=0, x[0]=353.0, y[0]=440.0, toolType[0]=TOOL_TYPE_UNKNOWN, buttonState=0, metaState=0, flags=0x0, edgeFlags=0x0, pointerCount=1, historySize=0, eventTime=155099, downTime=155080, deviceId=0, source=0x1002 }
D/InputEventConsistencyVerifier( 1024):   3: sent at 155080000000, (unhandled) MotionEvent { action=ACTION_DOWN, id[0]=0, x[0]=365.0, y[0]=455.0, toolType[0]=TOOL_TYPE_UNKNOWN, buttonState=0, metaState=0, flags=0x0, edgeFlags=0x0, pointerCount=1, historySize=0, eventTime=155080, downTime=155080, deviceId=0, source=0x1002 }
D/InputEventConsistencyVerifier( 1024):   4: sent at 154849000000, KeyEvent { action=ACTION_UP, keyCode=KEYCODE_DPAD_CENTER, scanCode=0, metaState=0, flags=0x8, repeatCount=0, eventTime=154849, downTime=154849, deviceId=-1, source=0x101 }
D/InputEventConsistencyVerifier( 1024):   5: sent at 154685000000, KeyEvent { action=ACTION_DOWN, keyCode=KEYCODE_DPAD_CENTER, scanCode=0, metaState=0, flags=0x8, repeatCount=0, eventTime=154685, downTime=154685, deviceId=-1, source=0x101 }
W/dalvikvm(  431): DroidBox: { "FdAccess": { "path": "2f70726f632f6d656d696e666f", "id": "412353764" } }
W/DroidBox(  431): DroidBox: { "FileRW": { "operation": "read", "data": "4d656d546f74616c3a202020202020202020373438393634206b420a4d656d467265653a20202020202020202020343333333034206b420a427566666572733a20202020202020202020202035353234206b420a4361636865643a202020202020202020", "id": "412353764" } }
I/Choreographer(  431): Skipped 246 frames!  The application may be doing too much work on its main thread.
W/dalvikvm(  431): DroidBox: { "FdAccess": { "path": "2f70726f632f6d656d696e666f", "id": "1764276659" } }
W/DroidBox(  431): DroidBox: { "FileRW": { "operation": "read", "data": "4d656d546f74616c3a202020202020202020373438393634206b420a4d656d467265653a20202020202020202020343333333034206b420a427566666572733a20202020202020202020202035353332206b420a4361636865643a202020202020202020", "id": "1764276659" } }
I/Choreographer( 1024): Skipped 196 frames!  The application may be doing too much work on its main thread.
V/PhoneStatusBar(  431): setLightsOn(true)
I/Choreographer(  431): Skipped 53 frames!  The application may be doing too much work on its main thread.
D/PhoneStatusBar(  431): disable: < expand icons alerts TICKER* system_info back home recent clock >
W/dalvikvm(  431): DroidBox: { "FdAccess": { "path": "2f70726f632f6d656d696e666f", "id": "868659888" } }
W/DroidBox(  431): DroidBox: { "FileRW": { "operation": "read", "data": "4d656d546f74616c3a202020202020202020373438393634206b420a4d656d467265653a20202020202020202020343331383136206b420a427566666572733a20202020202020202020202035353430206b420a4361636865643a202020202020202020", "id": "868659888" } }
D/InputEventConsistencyVerifier(  431): KeyEvent: ACTION_UP but key was not down.
D/InputEventConsistencyVerifier(  431):   in com.android.systemui.statusbar.phone.StatusBarWindowView@b3dc5248
D/InputEventConsistencyVerifier(  431):   0: sent at 157191000000, KeyEvent { action=ACTION_UP, keyCode=KEYCODE_DPAD_UP, scanCode=0, metaState=0, flags=0x8, repeatCount=0, eventTime=157191, downTime=157191, deviceId=-1, source=0x101 }
D/InputEventConsistencyVerifier(  431):   -- recent events --
D/InputEventConsistencyVerifier(  431):   1: sent at 157154000000, (unhandled) KeyEvent { action=ACTION_UP, keyCode=KEYCODE_CAMERA, scanCode=0, metaState=0, flags=0x8, repeatCount=0, eventTime=157154, downTime=157154, deviceId=-1, source=0x101 }
D/InputEventConsistencyVerifier(  431):   2: sent at 156527000000, (unhandled) KeyEvent { action=ACTION_DOWN, keyCode=KEYCODE_CAMERA, scanCode=0, metaState=0, flags=0x8, repeatCount=0, eventTime=156527, downTime=156527, deviceId=-1, source=0x101 }
D/InputEventConsistencyVerifier(  431):   3: sent at 156521000000, MotionEvent { action=ACTION_UP, id[0]=0, x[0]=249.0, y[0]=401.0, toolType[0]=TOOL_TYPE_UNKNOWN, buttonState=0, metaState=0, flags=0x0, edgeFlags=0x0, pointerCount=1, historySize=0, eventTime=156521, downTime=156500, deviceId=0, source=0x1002 }
D/InputEventConsistencyVerifier(  431):   4: sent at 156510000000, MotionEvent { action=ACTION_DOWN, id[0]=0, x[0]=252.0, y[0]=407.0, toolType[0]=TOOL_TYPE_UNKNOWN, buttonState=0, metaState=0, flags=0x0, edgeFlags=0x0, pointerCount=1, historySize=0, eventTime=156510, downTime=156500, deviceId=0, source=0x1002 }
D/InputEventConsistencyVerifier(  431):   5: sent at 156493000000, (unhandled) KeyEvent { action=ACTION_UP, keyCode=KEYCODE_DPAD_LEFT, scanCode=0, metaState=0, flags=0x8, repeatCount=0, eventTime=156493, downTime=156493, deviceId=-1, source=0x101 }
E/WVMExtractor(   61): Failed to open libwvm.so
I/Choreographer(  431): Skipped 203 frames!  The application may be doing too much work on its main thread.
D/InputEventConsistencyVerifier(  431): KeyEvent: ACTION_UP but key was not down.
D/InputEventConsistencyVerifier(  431):   in com.android.systemui.statusbar.phone.StatusBarWindowView@b3dc5248
D/InputEventConsistencyVerifier(  431):   0: sent at 157318000000, KeyEvent { action=ACTION_UP, keyCode=KEYCODE_DPAD_UP, scanCode=0, metaState=0, flags=0x400, repeatCount=0, eventTime=157318, downTime=157318, deviceId=-1, source=0x101 }
D/InputEventConsistencyVerifier(  431):   -- recent events --
D/InputEventConsistencyVerifier(  431):   1: sent at 157267000000, (unhandled) MotionEvent { action=ACTION_MOVE, id[0]=0, x[0]=0.0, y[0]=-2.0, toolType[0]=TOOL_TYPE_UNKNOWN, buttonState=0, metaState=0, flags=0x0, edgeFlags=0x0, pointerCount=1, historySize=0, eventTime=157267, downTime=-1, deviceId=0, source=0x10004 }
D/InputEventConsistencyVerifier(  431):   2: sent at 157253000000, MotionEvent { action=ACTION_UP, id[0]=0, x[0]=140.0, y[0]=726.0, toolType[0]=TOOL_TYPE_UNKNOWN, buttonState=0, metaState=0, flags=0x0, edgeFlags=0x0, pointerCount=1, historySize=0, eventTime=157253, downTime=157216, deviceId=0, source=0x1002 }
D/InputEventConsistencyVerifier(  431):   3: sent at 157228000000, MotionEvent { action=ACTION_MOVE, id[0]=0, x[0]=147.0, y[0]=715.0, toolType[0]=TOOL_TYPE_UNKNOWN, buttonState=0, metaState=0, flags=0x0, edgeFlags=0x0, pointerCount=1, historySize=1, eventTime=157228, downTime=157216, deviceId=0, source=0x1002 }
D/InputEventConsistencyVerifier(  431):   4: sent at 157218000000, MotionEvent { action=ACTION_DOWN, id[0]=0, x[0]=162.0, y[0]=700.0, toolType[0]=TOOL_TYPE_UNKNOWN, buttonState=0, metaState=0, flags=0x0, edgeFlags=0x0, pointerCount=1, historySize=0, eventTime=157218, downTime=157216, deviceId=0, source=0x1002 }
D/InputEventConsistencyVerifier(  431):   5: sent at 157207000000, (unhandled) KeyEvent { action=ACTION_UP, keyCode=KEYCODE_DPAD_CENTER, scanCode=0, metaState=0, flags=0x8, repeatCount=0, eventTime=157207, downTime=157207, deviceId=-1, source=0x101 }
D/InputEventConsistencyVerifier(  431): TouchEvent: ACTION_DOWN but pointers are already down.  Probably missing ACTION_UP from previous gesture.
D/InputEventConsistencyVerifier(  431):   in android.view.ScaleGestureDetector@b3e65d08
D/InputEventConsistencyVerifier(  431):   0: sent at 157475000000, MotionEvent { action=ACTION_DOWN, id[0]=0, x[0]=316.0, y[0]=446.0, toolType[0]=TOOL_TYPE_UNKNOWN, buttonState=0, metaState=0, flags=0x0, edgeFlags=0x0, pointerCount=1, historySize=0, eventTime=157475, downTime=157474, deviceId=0, source=0x1002 }
D/InputEventConsistencyVerifier(  431):   -- recent events --
D/InputEventConsistencyVerifier(  431):   1: sent at 157228000000, MotionEvent { action=ACTION_MOVE, id[0]=0, x[0]=147.0, y[0]=715.0, toolType[0]=TOOL_TYPE_UNKNOWN, buttonState=0, metaState=0, flags=0x0, edgeFlags=0x0, pointerCount=1, historySize=1, eventTime=157228, downTime=157216, deviceId=0, source=0x1002 }
D/InputEventConsistencyVerifier(  431):   2: sent at 157218000000, MotionEvent { action=ACTION_DOWN, id[0]=0, x[0]=162.0, y[0]=700.0, toolType[0]=TOOL_TYPE_UNKNOWN, buttonState=0, metaState=0, flags=0x0, edgeFlags=0x0, pointerCount=1, historySize=0, eventTime=157218, downTime=157216, deviceId=0, source=0x1002 }
D/InputEventConsistencyVerifier(  431):   3: sent at 156521000000, MotionEvent { action=ACTION_UP, id[0]=0, x[0]=249.0, y[0]=401.0, toolType[0]=TOOL_TYPE_UNKNOWN, buttonState=0, metaState=0, flags=0x0, edgeFlags=0x0, pointerCount=1, historySize=0, eventTime=156521, downTime=156500, deviceId=0, source=0x1002 }
D/InputEventConsistencyVerifier(  431):   4: sent at 156510000000, MotionEvent { action=ACTION_DOWN, id[0]=0, x[0]=252.0, y[0]=407.0, toolType[0]=TOOL_TYPE_UNKNOWN, buttonState=0, metaState=0, flags=0x0, edgeFlags=0x0, pointerCount=1, historySize=0, eventTime=156510, downTime=156500, deviceId=0, source=0x1002 }
D/InputEventConsistencyVerifier(  431):   5: sent at 154979000000, MotionEvent { action=ACTION_UP, id[0]=0, x[0]=480.0, y[0]=74.0, toolType[0]=TOOL_TYPE_UNKNOWN, buttonState=0, metaState=0, flags=0x0, edgeFlags=0x0, pointerCount=1, historySize=0, eventTime=154979, downTime=154928, deviceId=0, source=0x1002 }
D/InputEventConsistencyVerifier(  431): KeyEvent: ACTION_UP but key was not down.
D/InputEventConsistencyVerifier(  431):   in com.android.systemui.statusbar.phone.StatusBarWindowView@b3dc5248
D/InputEventConsistencyVerifier(  431):   0: sent at 157615000000, KeyEvent { action=ACTION_UP, keyCode=KEYCODE_DPAD_UP, scanCode=0, metaState=0, flags=0x400, repeatCount=0, eventTime=157615, downTime=157615, deviceId=-1, source=0x101 }
D/InputEventConsistencyVerifier(  431):   -- recent events --
D/InputEventConsistencyVerifier(  431):   1: sent at 157606000000, (unhandled) MotionEvent { action=ACTION_MOVE, id[0]=0, x[0]=1.0, y[0]=-2.0, toolType[0]=TOOL_TYPE_UNKNOWN, buttonState=0, metaState=0, flags=0x0, edgeFlags=0x0, pointerCount=1, historySize=9, eventTime=157606, downTime=-1, deviceId=0, source=0x10004 }
D/InputEventConsistencyVerifier(  431):   2: sent at 157516000000, MotionEvent { action=ACTION_UP, id[0]=0, x[0]=102.0, y[0]=290.0, toolType[0]=TOOL_TYPE_UNKNOWN, buttonState=0, metaState=0, flags=0x0, edgeFlags=0x0, pointerCount=1, historySize=0, eventTime=157516, downTime=157502, deviceId=0, source=0x1002 }
D/InputEventConsistencyVerifier(  431):   3: sent at 157510000000, MotionEvent { action=ACTION_DOWN, id[0]=0, x[0]=94.0, y[0]=290.0, toolType[0]=TOOL_TYPE_UNKNOWN, buttonState=0, metaState=0, flags=0x0, edgeFlags=0x0, pointerCount=1, historySize=0, eventTime=157510, downTime=157502, deviceId=0, source=0x1002 }
D/InputEventConsistencyVerifier(  431):   4: sent at 157481000000, MotionEvent { action=ACTION_UP, id[0]=0, x[0]=330.0, y[0]=445.0, toolType[0]=TOOL_TYPE_UNKNOWN, buttonState=0, metaState=0, flags=0x0, edgeFlags=0x0, pointerCount=1, historySize=0, eventTime=157481, downTime=157474, deviceId=0, source=0x1002 }
D/InputEventConsistencyVerifier(  431):   5: sent at 157475000000, MotionEvent { action=ACTION_DOWN, id[0]=0, x[0]=316.0, y[0]=446.0, toolType[0]=TOOL_TYPE_UNKNOWN, buttonState=0, metaState=0, flags=0x0, edgeFlags=0x0, pointerCount=1, historySize=0, eventTime=157475, downTime=157474, deviceId=0, source=0x1002 }
I/Choreographer( 1024): Skipped 106 frames!  The application may be doing too much work on its main thread.
D/InputEventConsistencyVerifier(  431): KeyEvent: ACTION_UP but key was not down.
D/InputEventConsistencyVerifier(  431):   in android.widget.FrameLayout@b3dc3fd0
D/InputEventConsistencyVerifier(  431):   0: sent at 157747000000, KeyEvent { action=ACTION_UP, keyCode=KEYCODE_DPAD_DOWN, scanCode=0, metaState=0, flags=0x8, repeatCount=0, eventTime=157747, downTime=157747, deviceId=-1, source=0x101 }
D/InputEventConsistencyVerifier(  431):   -- recent events --
D/InputEventConsistencyVerifier(  431):   1: sent at 157630000000, MotionEvent { action=ACTION_UP, id[0]=0, x[0]=259.0, y[0]=292.0, toolType[0]=TOOL_TYPE_UNKNOWN, buttonState=0, metaState=0, flags=0x0, edgeFlags=0x0, pointerCount=1, historySize=0, eventTime=157630, downTime=157623, deviceId=0, source=0x1002 }
D/InputEventConsistencyVerifier(  431):   2: sent at 157623000000, MotionEvent { action=ACTION_DOWN, id[0]=0, x[0]=262.0, y[0]=294.0, toolType[0]=TOOL_TYPE_UNKNOWN, buttonState=0, metaState=0, flags=0x0, edgeFlags=0x0, pointerCount=1, historySize=0, eventTime=157623, downTime=157623, deviceId=0, source=0x1002 }
D/InputEventConsistencyVerifier(  431):   3: sent at 157516000000, MotionEvent { action=ACTION_UP, id[0]=0, x[0]=102.0, y[0]=290.0, toolType[0]=TOOL_TYPE_UNKNOWN, buttonState=0, metaState=0, flags=0x0, edgeFlags=0x0, pointerCount=1, historySize=0, eventTime=157516, downTime=157502, deviceId=0, source=0x1002 }
D/InputEventConsistencyVerifier(  431):   4: sent at 157510000000, MotionEvent { action=ACTION_DOWN, id[0]=0, x[0]=94.0, y[0]=290.0, toolType[0]=TOOL_TYPE_UNKNOWN, buttonState=0, metaState=0, flags=0x0, edgeFlags=0x0, pointerCount=1, historySize=0, eventTime=157510, downTime=157502, deviceId=0, source=0x1002 }
D/InputEventConsistencyVerifier(  431):   5: sent at 157481000000, MotionEvent { action=ACTION_UP, id[0]=0, x[0]=330.0, y[0]=445.0, toolType[0]=TOOL_TYPE_UNKNOWN, buttonState=0, metaState=0, flags=0x0, edgeFlags=0x0, pointerCount=1, historySize=0, eventTime=157481, downTime=157474, deviceId=0, source=0x1002 }
I/Choreographer(  431): Skipped 43 frames!  The application may be doing too much work on its main thread.
I/ActivityManager(  231): START {act=android.intent.action.MAIN cat=[android.intent.category.LAUNCHER] flg=0x10200000 cmp=com.android.lemon.radio/.activity.InitActivity u=0} from pid 1006
D/InputEventConsistencyVerifier(  431): TouchEvent: ACTION_DOWN but pointers are already down.  Probably missing ACTION_UP from previous gesture.
D/InputEventConsistencyVerifier(  431):   in android.view.ScaleGestureDetector@b3e65d08
D/InputEventConsistencyVerifier(  431):   0: sent at 157857000000, MotionEvent { action=ACTION_DOWN, id[0]=0, x[0]=44.0, y[0]=625.0, toolType[0]=TOOL_TYPE_UNKNOWN, buttonState=0, metaState=0, flags=0x0, edgeFlags=0x0, pointerCount=1, historySize=0, eventTime=157857, downTime=157857, deviceId=0, source=0x1002 }
D/InputEventConsistencyVerifier(  431):   -- recent events --
D/InputEventConsistencyVerifier(  431):   1: sent at 157826000000, MotionEvent { action=ACTION_MOVE, id[0]=0, x[0]=184.0, y[0]=566.0, toolType[0]=TOOL_TYPE_UNKNOWN, buttonState=0, metaState=0, flags=0x0, edgeFlags=0x0, pointerCount=1, historySize=3, eventTime=157826, downTime=157773, deviceId=0, source=0x1002 }
D/InputEventConsistencyVerifier(  431):   2: sent at 157775000000, MotionEvent { action=ACTION_DOWN, id[0]=0, x[0]=188.0, y[0]=602.0, toolType[0]=TOOL_TYPE_UNKNOWN, buttonState=0, metaState=0, flags=0x0, edgeFlags=0x0, pointerCount=1, historySize=0, eventTime=157775, downTime=157773, deviceId=0, source=0x1002 }
D/InputEventConsistencyVerifier(  431):   3: sent at 157630000000, MotionEvent { action=ACTION_UP, id[0]=0, x[0]=259.0, y[0]=292.0, toolType[0]=TOOL_TYPE_UNKNOWN, buttonState=0, metaState=0, flags=0x0, edgeFlags=0x0, pointerCount=1, historySize=0, eventTime=157630, downTime=157623, deviceId=0, source=0x1002 }
D/InputEventConsistencyVerifier(  431):   4: sent at 157623000000, MotionEvent { action=ACTION_DOWN, id[0]=0, x[0]=262.0, y[0]=294.0, toolType[0]=TOOL_TYPE_UNKNOWN, buttonState=0, metaState=0, flags=0x0, edgeFlags=0x0, pointerCount=1, historySize=0, eventTime=157623, downTime=157623, deviceId=0, source=0x1002 }
D/InputEventConsistencyVerifier(  431):   5: sent at 157516000000, MotionEvent { action=ACTION_UP, id[0]=0, x[0]=102.0, y[0]=290.0, toolType[0]=TOOL_TYPE_UNKNOWN, buttonState=0, metaState=0, flags=0x0, edgeFlags=0x0, pointerCount=1, historySize=0, eventTime=157516, downTime=157502, deviceId=0, source=0x1002 }
D/InputEventConsistencyVerifier(  431): TouchEvent: ACTION_DOWN but pointers are already down.  Probably missing ACTION_UP from previous gesture.
D/InputEventConsistencyVerifier(  431):   in android.view.ScaleGestureDetector@b3e65d08
D/InputEventConsistencyVerifier(  431):   0: sent at 158124000000, MotionEvent { action=ACTION_DOWN, id[0]=0, x[0]=77.0, y[0]=176.0, toolType[0]=TOOL_TYPE_UNKNOWN, buttonState=0, metaState=0, flags=0x0, edgeFlags=0x0, pointerCount=1, historySize=0, eventTime=158124, downTime=158098, deviceId=0, source=0x1002 }
D/InputEventConsistencyVerifier(  431):   -- recent events --
D/InputEventConsistencyVerifier(  431):   1: sent at 158079000000, MotionEvent { action=ACTION_MOVE, id[0]=0, x[0]=376.5, y[0]=419.0, toolType[0]=TOOL_TYPE_UNKNOWN, buttonState=0, metaState=0, flags=0x0, edgeFlags=0x0, pointerCount=1, historySize=4, eventTime=158079, downTime=158053, deviceId=0, source=0x1002 }
D/InputEventConsistencyVerifier(  431):   2: sent at 158055000000, MotionEvent { action=ACTION_DOWN, id[0]=0, x[0]=425.0, y[0]=464.0, toolType[0]=TOOL_TYPE_UNKNOWN, buttonState=0, metaState=0, flags=0x0, edgeFlags=0x0, pointerCount=1, historySize=0, eventTime=158055, downTime=158053, deviceId=0, source=0x1002 }
D/InputEventConsistencyVerifier(  431):   3: sent at 158023000000, MotionEvent { action=ACTION_UP, id[0]=0, x[0]=41.0, y[0]=696.0, toolType[0]=TOOL_TYPE_UNKNOWN, buttonState=0, metaState=0, flags=0x0, edgeFlags=0x0, pointerCount=1, historySize=0, eventTime=158023, downTime=158007, deviceId=0, source=0x1002 }
D/InputEventConsistencyVerifier(  431):   4: sent at 158007000000, MotionEvent { action=ACTION_DOWN, id[0]=0, x[0]=42.0, y[0]=693.0, toolType[0]=TOOL_TYPE_UNKNOWN, buttonState=0, metaState=0, flags=0x0, edgeFlags=0x0, pointerCount=1, historySize=0, eventTime=158007, downTime=158007, deviceId=0, source=0x1002 }
D/InputEventConsistencyVerifier(  431):   5: sent at 157867000000, MotionEvent { action=ACTION_UP, id[0]=0, x[0]=47.0, y[0]=601.0, toolType[0]=TOOL_TYPE_UNKNOWN, buttonState=0, metaState=0, flags=0x0, edgeFlags=0x0, pointerCount=1, historySize=0, eventTime=157867, downTime=157857, deviceId=0, source=0x1002 }
D/InputEventConsistencyVerifier(  431): KeyEvent: ACTION_UP but key was not down.
D/InputEventConsistencyVerifier(  431):   in com.android.systemui.statusbar.phone.StatusBarWindowView@b3dc5248
D/InputEventConsistencyVerifier(  431):   0: sent at 158223000000, KeyEvent { action=ACTION_UP, keyCode=KEYCODE_DPAD_DOWN, scanCode=0, metaState=0, flags=0x8, repeatCount=0, eventTime=158223, downTime=158223, deviceId=-1, source=0x101 }
D/InputEventConsistencyVerifier(  431):   -- recent events --
D/InputEventConsistencyVerifier(  431):   1: sent at 158165000000, MotionEvent { action=ACTION_UP, id[0]=0, x[0]=90.0, y[0]=143.0, toolType[0]=TOOL_TYPE_UNKNOWN, buttonState=0, metaState=0, flags=0x0, edgeFlags=0x0, pointerCount=1, historySize=0, eventTime=158165, downTime=158098, deviceId=0, source=0x1002 }
D/InputEventConsistencyVerifier(  431):   2: sent at 158163000000, MotionEvent { action=ACTION_POINTER_UP(1), id[0]=0, x[0]=86.0, y[0]=143.0, toolType[0]=TOOL_TYPE_UNKNOWN, id[1]=1, x[1]=373.0, y[1]=451.0, toolType[1]=TOOL_TYPE_UNKNOWN, buttonState=0, metaState=0, flags=0x0, edgeFlags=0x0, pointerCount=2, historySize=0, eventTime=158163, downTime=158098, deviceId=0, source=0x1002 }
D/InputEventConsistencyVerifier(  431):   3: sent at 158146000000, MotionEvent { action=ACTION_MOVE, id[0]=0, x[0]=80.0, y[0]=159.0, toolType[0]=TOOL_TYPE_UNKNOWN, id[1]=1, x[1]=380.0, y[1]=458.0, toolType[1]=TOOL_TYPE_UNKNOWN, buttonState=0, metaState=0, flags=0x0, edgeFlags=0x0, pointerCount=2, historySize=0, eventTime=158146, downTime=158098, deviceId=0, source=0x1002 }
D/InputEventConsistencyVerifier(  431):   4: sent at 158140000000, MotionEvent { action=ACTION_POINTER_DOWN(1), id[0]=0, x[0]=79.0, y[0]=171.0, toolType[0]=TOOL_TYPE_UNKNOWN, id[1]=1, x[1]=391.0, y[1]=472.0, toolType[1]=TOOL_TYPE_UNKNOWN, buttonState=0, metaState=0, flags=0x0, edgeFlags=0x0, pointerCount=2, historySize=0, eventTime=158140, downTime=158098, deviceId=0, source=0x1002 }
D/InputEventConsistencyVerifier(  431):   5: sent at 158124000000, MotionEvent { action=ACTION_DOWN, id[0]=0, x[0]=77.0, y[0]=176.0, toolType[0]=TOOL_TYPE_UNKNOWN, buttonState=0, metaState=0, flags=0x0, edgeFlags=0x0, pointerCount=1, historySize=0, eventTime=158124, downTime=158098, deviceId=0, source=0x1002 }
D/InputEventConsistencyVerifier(  431): KeyEvent: ACTION_UP but key was not down.
D/InputEventConsistencyVerifier(  431):   in android.widget.FrameLayout@b3dc3fd0
D/InputEventConsistencyVerifier(  431):   0: sent at 158342000000, KeyEvent { action=ACTION_UP, keyCode=KEYCODE_DPAD_DOWN, scanCode=0, metaState=0, flags=0x400, repeatCount=0, eventTime=158342, downTime=158342, deviceId=-1, source=0x101 }
D/InputEventConsistencyVerifier(  431):   -- recent events --
D/InputEventConsistencyVerifier(  431):   1: sent at 158165000000, MotionEvent { action=ACTION_UP, id[0]=0, x[0]=90.0, y[0]=143.0, toolType[0]=TOOL_TYPE_UNKNOWN, buttonState=0, metaState=0, flags=0x0, edgeFlags=0x0, pointerCount=1, historySize=0, eventTime=158165, downTime=158098, deviceId=0, source=0x1002 }
D/InputEventConsistencyVerifier(  431):   2: sent at 158163000000, MotionEvent { action=ACTION_POINTER_UP(1), id[0]=0, x[0]=86.0, y[0]=143.0, toolType[0]=TOOL_TYPE_UNKNOWN, id[1]=1, x[1]=373.0, y[1]=451.0, toolType[1]=TOOL_TYPE_UNKNOWN, buttonState=0, metaState=0, flags=0x0, edgeFlags=0x0, pointerCount=2, historySize=0, eventTime=158163, downTime=158098, deviceId=0, source=0x1002 }
D/InputEventConsistencyVerifier(  431):   3: sent at 158146000000, MotionEvent { action=ACTION_MOVE, id[0]=0, x[0]=80.0, y[0]=159.0, toolType[0]=TOOL_TYPE_UNKNOWN, id[1]=1, x[1]=380.0, y[1]=458.0, toolType[1]=TOOL_TYPE_UNKNOWN, buttonState=0, metaState=0, flags=0x0, edgeFlags=0x0, pointerCount=2, historySize=0, eventTime=158146, downTime=158098, deviceId=0, source=0x1002 }
D/InputEventConsistencyVerifier(  431):   4: sent at 158140000000, MotionEvent { action=ACTION_POINTER_DOWN(1), id[0]=0, x[0]=79.0, y[0]=171.0, toolType[0]=TOOL_TYPE_UNKNOWN, id[1]=1, x[1]=391.0, y[1]=472.0, toolType[1]=TOOL_TYPE_UNKNOWN, buttonState=0, metaState=0, flags=0x0, edgeFlags=0x0, pointerCount=2, historySize=0, eventTime=158140, downTime=158098, deviceId=0, source=0x1002 }
D/InputEventConsistencyVerifier(  431):   5: sent at 158124000000, MotionEvent { action=ACTION_DOWN, id[0]=0, x[0]=77.0, y[0]=176.0, toolType[0]=TOOL_TYPE_UNKNOWN, buttonState=0, metaState=0, flags=0x80000000, edgeFlags=0x0, pointerCount=1, historySize=0, eventTime=158124, downTime=158098, deviceId=0, source=0x1002 }
D/InputEventConsistencyVerifier(  431): TouchEvent: ACTION_DOWN but pointers are already down.  Probably missing ACTION_UP from previous gesture.
D/InputEventConsistencyVerifier(  431):   in android.view.ScaleGestureDetector@b3e65d08
D/InputEventConsistencyVerifier(  431):   0: sent at 158474000000, MotionEvent { action=ACTION_DOWN, id[0]=0, x[0]=279.0, y[0]=172.0, toolType[0]=TOOL_TYPE_UNKNOWN, buttonState=0, metaState=0, flags=0x0, edgeFlags=0x0, pointerCount=1, historySize=0, eventTime=158474, downTime=158473, deviceId=0, source=0x1002 }
D/InputEventConsistencyVerifier(  431):   -- recent events --
D/InputEventConsistencyVerifier(  431):   1: sent at 158146000000, MotionEvent { action=ACTION_MOVE, id[0]=0, x[0]=80.0, y[0]=159.0, toolType[0]=TOOL_TYPE_UNKNOWN, id[1]=1, x[1]=380.0, y[1]=458.0, toolType[1]=TOOL_TYPE_UNKNOWN, buttonState=0, metaState=0, flags=0x0, edgeFlags=0x0, pointerCount=2, historySize=0, eventTime=158146, downTime=158098, deviceId=0, source=0x1002 }
D/InputEventConsistencyVerifier(  431):   2: sent at 158140000000, MotionEvent { action=ACTION_POINTER_DOWN(1), id[0]=0, x[0]=79.0, y[0]=171.0, toolType[0]=TOOL_TYPE_UNKNOWN, id[1]=1, x[1]=391.0, y[1]=472.0, toolType[1]=TOOL_TYPE_UNKNOWN, buttonState=0, metaState=0, flags=0x0, edgeFlags=0x0, pointerCount=2, historySize=0, eventTime=158140, downTime=158098, deviceId=0, source=0x1002 }
D/InputEventConsistencyVerifier(  431):   3: sent at 158124000000, MotionEvent { action=ACTION_DOWN, id[0]=0, x[0]=77.0, y[0]=176.0, toolType[0]=TOOL_TYPE_UNKNOWN, buttonState=0, metaState=0, flags=0x80000000, edgeFlags=0x0, pointerCount=1, historySize=0, eventTime=158124, downTime=158098, deviceId=0, source=0x1002 }
D/InputEventConsistencyVerifier(  431):   4: sent at 158079000000, MotionEvent { action=ACTION_MOVE, id[0]=0, x[0]=376.5, y[0]=419.0, toolType[0]=TOOL_TYPE_UNKNOWN, buttonState=0, metaState=0, flags=0x0, edgeFlags=0x0, pointerCount=1, historySize=4, eventTime=158079, downTime=158053, deviceId=0, source=0x1002 }
D/InputEventConsistencyVerifier(  431):   5: sent at 158055000000, MotionEvent { action=ACTION_DOWN, id[0]=0, x[0]=425.0, y[0]=464.0, toolType[0]=TOOL_TYPE_UNKNOWN, buttonState=0, metaState=0, flags=0x0, edgeFlags=0x0, pointerCount=1, historySize=0, eventTime=158055, downTime=158053, deviceId=0, source=0x1002 }
D/InputEventConsistencyVerifier(  431): KeyEvent: ACTION_UP but key was not down.
D/InputEventConsistencyVerifier(  431):   in com.android.systemui.statusbar.phone.StatusBarWindowView@b3dc5248
D/InputEventConsistencyVerifier(  431):   0: sent at 158652000000, KeyEvent { action=ACTION_UP, keyCode=KEYCODE_DPAD_UP, scanCode=0, metaState=0, flags=0x400, repeatCount=0, eventTime=158652, downTime=158652, deviceId=-1, source=0x101 }
D/InputEventConsistencyVerifier(  431):   -- recent events --
D/InputEventConsistencyVerifier(  431):   1: sent at 158643000000, (unhandled) MotionEvent { action=ACTION_MOVE, id[0]=0, x[0]=0.0, y[0]=-3.0, toolType[0]=TOOL_TYPE_UNKNOWN, buttonState=0, metaState=0, flags=0x0, edgeFlags=0x0, pointerCount=1, historySize=1, eventTime=158643, downTime=-1, deviceId=0, source=0x10004 }
D/InputEventConsistencyVerifier(  431):   2: sent at 158587000000, MotionEvent { action=ACTION_UP, id[0]=0, x[0]=309.0, y[0]=674.0, toolType[0]=TOOL_TYPE_UNKNOWN, buttonState=0, metaState=0, flags=0x0, edgeFlags=0x0, pointerCount=1, historySize=0, eventTime=158587, downTime=158560, deviceId=0, source=0x1002 }
D/InputEventConsistencyVerifier(  431):   3: sent at 158582000000, MotionEvent { action=ACTION_MOVE, id[0]=0, x[0]=303.0, y[0]=678.0, toolType[0]=TOOL_TYPE_UNKNOWN, buttonState=0, metaState=0, flags=0x0, edgeFlags=0x0, pointerCount=1, historySize=0, eventTime=158582, downTime=158560, deviceId=0, source=0x1002 }
D/InputEventConsistencyVerifier(  431):   4: sent at 158561000000, MotionEvent { action=ACTION_DOWN, id[0]=0, x[0]=294.0, y[0]=682.0, toolType[0]=TOOL_TYPE_UNKNOWN, buttonState=0, metaState=0, flags=0x0, edgeFlags=0x0, pointerCount=1, historySize=0, eventTime=158561, downTime=158560, deviceId=0, source=0x1002 }
D/InputEventConsistencyVerifier(  431):   5: sent at 158552000000, MotionEvent { action=ACTION_UP, id[0]=0, x[0]=3.0, y[0]=709.0, toolType[0]=TOOL_TYPE_UNKNOWN, buttonState=0, metaState=0, flags=0x0, edgeFlags=0x0, pointerCount=1, historySize=0, eventTime=158552, downTime=158517, deviceId=0, source=0x1002 }
D/InputEventConsistencyVerifier(  431): KeyEvent: ACTION_UP but key was not down.
D/InputEventConsistencyVerifier(  431):   in android.widget.FrameLayout@b3dc3fd0
D/InputEventConsistencyVerifier(  431):   0: sent at 158882000000, KeyEvent { action=ACTION_UP, keyCode=KEYCODE_DPAD_DOWN, scanCode=0, metaState=0, flags=0x400, repeatCount=0, eventTime=158882, downTime=158882, deviceId=-1, source=0x101 }
D/InputEventConsistencyVerifier(  431):   -- recent events --
D/InputEventConsistencyVerifier(  431):   1: sent at 158587000000, MotionEvent { action=ACTION_UP, id[0]=0, x[0]=309.0, y[0]=674.0, toolType[0]=TOOL_TYPE_UNKNOWN, buttonState=0, metaState=0, flags=0x0, edgeFlags=0x0, pointerCount=1, historySize=0, eventTime=158587, downTime=158560, deviceId=0, source=0x1002 }
D/InputEventConsistencyVerifier(  431):   2: sent at 158582000000, MotionEvent { action=ACTION_MOVE, id[0]=0, x[0]=303.0, y[0]=678.0, toolType[0]=TOOL_TYPE_UNKNOWN, buttonState=0, metaState=0, flags=0x0, edgeFlags=0x0, pointerCount=1, historySize=0, eventTime=158582, downTime=158560, deviceId=0, source=0x1002 }
D/InputEventConsistencyVerifier(  431):   3: sent at 158561000000, MotionEvent { action=ACTION_DOWN, id[0]=0, x[0]=294.0, y[0]=682.0, toolType[0]=TOOL_TYPE_UNKNOWN, buttonState=0, metaState=0, flags=0x0, edgeFlags=0x0, pointerCount=1, historySize=0, eventTime=158561, downTime=158560, deviceId=0, source=0x1002 }
D/InputEventConsistencyVerifier(  431):   4: sent at 158552000000, MotionEvent { action=ACTION_UP, id[0]=0, x[0]=3.0, y[0]=709.0, toolType[0]=TOOL_TYPE_UNKNOWN, buttonState=0, metaState=0, flags=0x0, edgeFlags=0x0, pointerCount=1, historySize=0, eventTime=158552, downTime=158517, deviceId=0, source=0x1002 }
D/InputEventConsistencyVerifier(  431):   5: sent at 158517000000, MotionEvent { action=ACTION_DOWN, id[0]=0, x[0]=0.0, y[0]=719.0, toolType[0]=TOOL_TYPE_UNKNOWN, buttonState=0, metaState=0, flags=0x0, edgeFlags=0x0, pointerCount=1, historySize=0, eventTime=158517, downTime=158517, deviceId=0, source=0x1002 }
D/InputEventConsistencyVerifier(  431): KeyEvent: ACTION_UP but key was not down.
D/InputEventConsistencyVerifier(  431):   in com.android.systemui.statusbar.phone.PhoneStatusBarView@b3dc71e0
D/InputEventConsistencyVerifier(  431):   0: sent at 159022000000, KeyEvent { action=ACTION_UP, keyCode=KEYCODE_DPAD_UP, scanCode=0, metaState=0, flags=0x400, repeatCount=0, eventTime=159022, downTime=159022, deviceId=-1, source=0x101 }
D/InputEventConsistencyVerifier(  431):   -- recent events --
D/InputEventConsistencyVerifier(  431):   1: sent at 158882000000, (unhandled) KeyEvent { action=ACTION_DOWN, keyCode=KEYCODE_DPAD_DOWN, scanCode=0, metaState=0, flags=0x400, repeatCount=0, eventTime=158882, downTime=158882, deviceId=-1, source=0x101 }
D/InputEventConsistencyVerifier(  431):   2: sent at 158882000000, (unhandled) KeyEvent { action=ACTION_MULTIPLE, keyCode=KEYCODE_DPAD_DOWN, scanCode=0, metaState=0, flags=0x400, repeatCount=2, eventTime=158882, downTime=158882, deviceId=-1, source=0x101 }
D/InputEventConsistencyVerifier(  431):   3: sent at 158874000000, (unhandled) MotionEvent { action=ACTION_MOVE, id[0]=0, x[0]=4.0, y[0]=4.0, toolType[0]=TOOL_TYPE_UNKNOWN, buttonState=0, metaState=0, flags=0x0, edgeFlags=0x0, pointerCount=1, historySize=4, eventTime=158874, downTime=-1, deviceId=0, source=0x10004 }
D/InputEventConsistencyVerifier(  431):   4: sent at 158848000000, (unhandled) KeyEvent { action=ACTION_UP, keyCode=KEYCODE_DPAD_RIGHT, scanCode=0, metaState=0, flags=0x400, repeatCount=0, eventTime=158848, downTime=158848, deviceId=-1, source=0x101 }
D/InputEventConsistencyVerifier(  431):   5: sent at 158848000000, (unhandled) KeyEvent { action=ACTION_DOWN, keyCode=KEYCODE_DPAD_RIGHT, scanCode=0, metaState=0, flags=0x400, repeatCount=0, eventTime=158848, downTime=158848, deviceId=-1, source=0x101 }
D/InputEventConsistencyVerifier(  431): KeyEvent: ACTION_UP but key was not down.
D/InputEventConsistencyVerifier(  431):   in android.widget.FrameLayout@b3dc3fd0
D/InputEventConsistencyVerifier(  431):   0: sent at 159212000000, KeyEvent { action=ACTION_UP, keyCode=KEYCODE_DPAD_DOWN, scanCode=0, metaState=0, flags=0x8, repeatCount=0, eventTime=159212, downTime=159212, deviceId=-1, source=0x101 }
D/InputEventConsistencyVerifier(  431):   -- recent events --
D/InputEventConsistencyVerifier(  431):   1: sent at 159022000000, (unhandled) KeyEvent { action=ACTION_DOWN, keyCode=KEYCODE_DPAD_UP, scanCode=0, metaState=0, flags=0x400, repeatCount=0, eventTime=159022, downTime=159022, deviceId=-1, source=0x101 }
D/InputEventConsistencyVerifier(  431):   2: sent at 158969000000, (unhandled) MotionEvent { action=ACTION_MOVE, id[0]=0, x[0]=0.0, y[0]=-1.0, toolType[0]=TOOL_TYPE_UNKNOWN, buttonState=0, metaState=0, flags=0x0, edgeFlags=0x0, pointerCount=1, historySize=0, eventTime=158969, downTime=-1, deviceId=0, source=0x10004 }
D/InputEventConsistencyVerifier(  431):   3: sent at 159007000000, (unhandled) KeyEvent { action=ACTION_UP, keyCode=KEYCODE_DPAD_RIGHT, scanCode=0, metaState=0, flags=0x400, repeatCount=0, eventTime=159007, downTime=159007, deviceId=-1, source=0x101 }
D/InputEventConsistencyVerifier(  431):   4: sent at 159007000000, (unhandled) KeyEvent { action=ACTION_DOWN, keyCode=KEYCODE_DPAD_RIGHT, scanCode=0, metaState=0, flags=0x400, repeatCount=0, eventTime=159007, downTime=159007, deviceId=-1, source=0x101 }
