D/InputEventConsistencyVerifier( 1024):   3: sent at 232934000000, (unhandled) MotionEvent { action=ACTION_DOWN, id[0]=0, x[0]=204.0, y[0]=556.0, toolType[0]=TOOL_TYPE_UNKNOWN, buttonState=0, metaState=0, flags=0x0, edgeFlags=0x0, pointerCount=1, historySize=0, eventTime=232934, downTime=232934, deviceId=0, source=0x1002 }
D/InputEventConsistencyVerifier( 1024):   4: sent at 232908000000, (unhandled) KeyEvent { action=ACTION_UP, keyCode=KEYCODE_MENU, scanCode=0, metaState=0, flags=0x8, repeatCount=0, eventTime=232908, downTime=232908, deviceId=-1, source=0x101 }
D/InputEventConsistencyVerifier( 1024):   5: sent at 232814000000, (unhandled) KeyEvent { action=ACTION_DOWN, keyCode=KEYCODE_MENU, scanCode=0, metaState=0, flags=0x8, repeatCount=0, eventTime=232814, downTime=232814, deviceId=-1, source=0x101 }
I/Choreographer( 1024): Skipped 47 frames!  The application may be doing too much work on its main thread.
E/JavaBinder( 1047): *** Uncaught remote exception!  (Exceptions are not yet supported across processes.)
E/JavaBinder( 1047): java.lang.ArrayIndexOutOfBoundsException: length=0; index=-1
E/JavaBinder( 1047): 	at java.util.ArrayList.get(ArrayList.java:306)
E/JavaBinder( 1047): 	at com.android.lemon.radio.service.MusicControlService$1.getSongTitle(MusicControlService.java:130)
E/JavaBinder( 1047): 	at com.android.lemon.radio.aidl.IMusicControlSvc$Stub.onTransact(IMusicControlSvc.java:115)
E/JavaBinder( 1047): 	at android.os.Binder.execTransact(Binder.java:367)
E/JavaBinder( 1047): 	at dalvik.system.NativeStart.run(Native Method)
E/JavaBinder( 1047): *** Uncaught remote exception!  (Exceptions are not yet supported across processes.)
E/JavaBinder( 1047): java.lang.ArrayIndexOutOfBoundsException: length=0; index=-1
E/JavaBinder( 1047): 	at java.util.ArrayList.get(ArrayList.java:306)
E/JavaBinder( 1047): 	at com.android.lemon.radio.service.MusicControlService$1.getSongArtist(MusicControlService.java:120)
E/JavaBinder( 1047): 	at com.android.lemon.radio.aidl.IMusicControlSvc$Stub.onTransact(IMusicControlSvc.java:123)
E/JavaBinder( 1047): 	at android.os.Binder.execTransact(Binder.java:367)
E/JavaBinder( 1047): 	at dalvik.system.NativeStart.run(Native Method)
E/JavaBinder( 1047): *** Uncaught remote exception!  (Exceptions are not yet supported across processes.)
E/JavaBinder( 1047): java.lang.ArrayIndexOutOfBoundsException: length=0; index=-1
E/JavaBinder( 1047): 	at java.util.ArrayList.get(ArrayList.java:306)
E/JavaBinder( 1047): 	at com.android.lemon.radio.service.MusicControlService$1.getSongCover(MusicControlService.java:100)
E/JavaBinder( 1047): 	at com.android.lemon.radio.aidl.IMusicControlSvc$Stub.onTransact(IMusicControlSvc.java:107)
E/JavaBinder( 1047): 	at android.os.Binder.execTransact(Binder.java:367)
E/JavaBinder( 1047): 	at dalvik.system.NativeStart.run(Native Method)
I/Choreographer( 1024): Skipped 151 frames!  The application may be doing too much work on its main thread.
I/InputDispatcher(  231): Window 'Window{b3fc01c8 com.android.lemon.radio/com.android.lemon.radio.activity.MediaPlayerActivity paused=false}' spent 2195.2ms processing the last input event: MotionEvent(action=0, deviceId=0, source=0x00001002)
I/InputDispatcher(  231): Window 'Window{b3fc01c8 com.android.lemon.radio/com.android.lemon.radio.activity.MediaPlayerActivity paused=false}' spent 2200.6ms processing the last input event: MotionEvent(action=1, deviceId=0, source=0x00001002)
D/InputEventConsistencyVerifier( 1024): KeyEvent: ACTION_UP but key was not down.
D/InputEventConsistencyVerifier( 1024):   in com.android.internal.policy.impl.PhoneWindow$DecorView@b4308bf0
D/InputEventConsistencyVerifier( 1024):   0: sent at 235376000000, KeyEvent { action=ACTION_UP, keyCode=KEYCODE_DPAD_DOWN, scanCode=0, metaState=0, flags=0x400, repeatCount=0, eventTime=235376, downTime=235376, deviceId=-1, source=0x101 }
D/InputEventConsistencyVerifier( 1024):   -- recent events --
D/InputEventConsistencyVerifier( 1024):   1: sent at 234030000000, (unhandled) MotionEvent { action=ACTION_MOVE, id[0]=0, x[0]=-1.0, y[0]=3.0, toolType[0]=TOOL_TYPE_UNKNOWN, buttonState=0, metaState=0, flags=0x0, edgeFlags=0x0, pointerCount=1, historySize=0, eventTime=234030, downTime=-1, deviceId=0, source=0x10004 }
D/InputEventConsistencyVerifier( 1024):   2: sent at 233156000000, (unhandled) MotionEvent { action=ACTION_UP, id[0]=0, x[0]=104.0, y[0]=370.0, toolType[0]=TOOL_TYPE_UNKNOWN, buttonState=0, metaState=0, flags=0x0, edgeFlags=0x0, pointerCount=1, historySize=0, eventTime=233156, downTime=233148, deviceId=0, source=0x1002 }
D/InputEventConsistencyVerifier( 1024):   3: sent at 233149000000, (unhandled) MotionEvent { action=ACTION_DOWN, id[0]=0, x[0]=99.0, y[0]=386.0, toolType[0]=TOOL_TYPE_UNKNOWN, buttonState=0, metaState=0, flags=0x0, edgeFlags=0x0, pointerCount=1, historySize=0, eventTime=233149, downTime=233148, deviceId=0, source=0x1002 }
D/InputEventConsistencyVerifier( 1024):   4: sent at 233110000000, (unhandled) KeyEvent { action=ACTION_UP, keyCode=KEYCODE_DPAD_UP, scanCode=0, metaState=0, flags=0x400, repeatCount=0, eventTime=233110, downTime=233110, deviceId=-1, source=0x101 }
D/InputEventConsistencyVerifier( 1024):   5: sent at 233110000000, (unhandled) KeyEvent { action=ACTION_DOWN, keyCode=KEYCODE_DPAD_UP, scanCode=0, metaState=0, flags=0x400, repeatCount=0, eventTime=233110, downTime=233110, deviceId=-1, source=0x101 }
D/InputEventConsistencyVerifier( 1024): KeyEvent: ACTION_UP but key was not down.
D/InputEventConsistencyVerifier( 1024):   in android.widget.RelativeLayout@b433fe50
D/InputEventConsistencyVerifier( 1024):   0: sent at 235378000000, KeyEvent { action=ACTION_UP, keyCode=KEYCODE_DPAD_DOWN, scanCode=0, metaState=0, flags=0x400, repeatCount=0, eventTime=235378, downTime=235378, deviceId=-1, source=0x101 }
D/InputEventConsistencyVerifier( 1024):   -- recent events --
D/InputEventConsistencyVerifier( 1024):   1: sent at 232754000000, (unhandled) KeyEvent { action=ACTION_DOWN, keyCode=KEYCODE_DPAD_LEFT, scanCode=0, metaState=0, flags=0x8, repeatCount=0, eventTime=232754, downTime=232754, deviceId=-1, source=0x101 }
D/InputEventConsistencyVerifier( 1024):   2: sent at 232729000000, (unhandled) KeyEvent { action=ACTION_UP, keyCode=KEYCODE_O, scanCode=0, metaState=0, flags=0x8, repeatCount=0, eventTime=232729, downTime=232729, deviceId=-1, source=0x101 }
D/InputEventConsistencyVerifier( 1024):   3: sent at 232647000000, (unhandled) KeyEvent { action=ACTION_DOWN, keyCode=KEYCODE_O, scanCode=0, metaState=0, flags=0x8, repeatCount=0, eventTime=232647, downTime=232647, deviceId=-1, source=0x101 }
D/InputEventConsistencyVerifier( 1024):   4: sent at 231508000000, (unhandled) KeyEvent { action=ACTION_UP, keyCode=KEYCODE_DPAD_RIGHT, scanCode=0, metaState=0, flags=0x8, repeatCount=0, eventTime=231508, downTime=231508, deviceId=-1, source=0x101 }
D/InputEventConsistencyVerifier( 1024):   5: sent at 227281000000, (unhandled) MotionEvent { action=ACTION_DOWN, id[0]=0, x[0]=393.0, y[0]=52.0, toolType[0]=TOOL_TYPE_UNKNOWN, buttonState=0, metaState=0, flags=0x0, edgeFlags=0x0, pointerCount=1, historySize=0, eventTime=227281, downTime=227279, deviceId=0, source=0x1002 }
D/InputEventConsistencyVerifier( 1024): KeyEvent: ACTION_UP but key was not down.
D/InputEventConsistencyVerifier( 1024):   in android.widget.LinearLayout@b4310390
D/InputEventConsistencyVerifier( 1024):   0: sent at 235378000000, KeyEvent { action=ACTION_UP, keyCode=KEYCODE_DPAD_DOWN, scanCode=0, metaState=0, flags=0x400, repeatCount=0, eventTime=235378, downTime=235378, deviceId=-1, source=0x101 }
D/InputEventConsistencyVerifier( 1024):   -- recent events --
D/InputEventConsistencyVerifier( 1024):   1: sent at 232908000000, (unhandled) KeyEvent { action=ACTION_UP, keyCode=KEYCODE_MENU, scanCode=0, metaState=0, flags=0x8, repeatCount=0, eventTime=232908, downTime=232908, deviceId=-1, source=0x101 }
D/InputEventConsistencyVerifier( 1024):   2: sent at 232814000000, (unhandled) KeyEvent { action=ACTION_DOWN, keyCode=KEYCODE_MENU, scanCode=0, metaState=0, flags=0x8, repeatCount=0, eventTime=232814, downTime=232814, deviceId=-1, source=0x101 }
D/InputEventConsistencyVerifier( 1024):   3: sent at 232776000000, (unhandled) KeyEvent { action=ACTION_UP, keyCode=KEYCODE_DPAD_LEFT, scanCode=0, metaState=0, flags=0x8, repeatCount=0, eventTime=232776, downTime=232776, deviceId=-1, source=0x101 }
D/InputEventConsistencyVerifier( 1024):   4: sent at 222419000000, (unhandled) KeyEvent { action=ACTION_UP, keyCode=KEYCODE_DPAD_RIGHT, scanCode=0, metaState=0, flags=0x80000008, repeatCount=0, eventTime=222419, downTime=222419, deviceId=-1, source=0x101 }
D/InputEventConsistencyVerifier( 1024):   5: sent at 222577000000, (unhandled) KeyEvent { action=ACTION_UP, keyCode=KEYCODE_DPAD_RIGHT, scanCode=0, metaState=0, flags=0x400, repeatCount=0, eventTime=222577, downTime=222577, deviceId=-1, source=0x101 }
D/InputEventConsistencyVerifier( 1024): KeyEvent: ACTION_UP but key was not down.
D/InputEventConsistencyVerifier( 1024):   in android.widget.Button@b430f3a8
D/InputEventConsistencyVerifier( 1024):   0: sent at 235864000000, KeyEvent { action=ACTION_UP, keyCode=KEYCODE_DPAD_LEFT, scanCode=0, metaState=0, flags=0x8, repeatCount=0, eventTime=235864, downTime=235864, deviceId=-1, source=0x101 }
D/InputEventConsistencyVerifier( 1024):   -- recent events --
D/InputEventConsistencyVerifier( 1024):   1: sent at 232908000000, (unhandled) KeyEvent { action=ACTION_UP, keyCode=KEYCODE_MENU, scanCode=0, metaState=0, flags=0x8, repeatCount=0, eventTime=232908, downTime=232908, deviceId=-1, source=0x101 }
D/InputEventConsistencyVerifier( 1024):   2: sent at 232814000000, (unhandled) KeyEvent { action=ACTION_DOWN, keyCode=KEYCODE_MENU, scanCode=0, metaState=0, flags=0x8, repeatCount=0, eventTime=232814, downTime=232814, deviceId=-1, source=0x101 }
D/InputEventConsistencyVerifier( 1024):   3: sent at 232776000000, (unhandled) KeyEvent { action=ACTION_UP, keyCode=KEYCODE_DPAD_LEFT, scanCode=0, metaState=0, flags=0x8, repeatCount=0, eventTime=232776, downTime=232776, deviceId=-1, source=0x101 }
D/InputEventConsistencyVerifier( 1024):   4: sent at 215354000000, (unhandled) KeyEvent { action=ACTION_DOWN, keyCode=KEYCODE_DPAD_LEFT, scanCode=0, metaState=0, flags=0x400, repeatCount=0, eventTime=215354, downTime=215354, deviceId=-1, source=0x101 }
D/InputEventConsistencyVerifier( 1024):   5: sent at 215284000000, MotionEvent { action=ACTION_MOVE, id[0]=0, x[0]=-3.0, y[0]=-2.0, toolType[0]=TOOL_TYPE_UNKNOWN, buttonState=0, metaState=0, flags=0x0, edgeFlags=0x0, pointerCount=1, historySize=9, eventTime=215284, downTime=-1, deviceId=0, source=0x10004 }
E/JavaBinder( 1047): *** Uncaught remote exception!  (Exceptions are not yet supported across processes.)
E/JavaBinder( 1047): java.lang.ArrayIndexOutOfBoundsException: length=0; index=-1
E/JavaBinder( 1047): 	at java.util.ArrayList.get(ArrayList.java:306)
E/JavaBinder( 1047): 	at com.android.lemon.radio.service.MusicControlService$1.getSongTitle(MusicControlService.java:130)
E/JavaBinder( 1047): 	at com.android.lemon.radio.aidl.IMusicControlSvc$Stub.onTransact(IMusicControlSvc.java:115)
E/JavaBinder( 1047): 	at android.os.Binder.execTransact(Binder.java:367)
E/JavaBinder( 1047): 	at dalvik.system.NativeStart.run(Native Method)
E/JavaBinder( 1047): *** Uncaught remote exception!  (Exceptions are not yet supported across processes.)
E/JavaBinder( 1047): java.lang.ArrayIndexOutOfBoundsException: length=0; index=-1
E/JavaBinder( 1047): 	at java.util.ArrayList.get(ArrayList.java:306)
E/JavaBinder( 1047): 	at com.android.lemon.radio.service.MusicControlService$1.getSongArtist(MusicControlService.java:120)
E/JavaBinder( 1047): 	at com.android.lemon.radio.aidl.IMusicControlSvc$Stub.onTransact(IMusicControlSvc.java:123)
E/JavaBinder( 1047): 	at android.os.Binder.execTransact(Binder.java:367)
E/JavaBinder( 1047): 	at dalvik.system.NativeStart.run(Native Method)
E/JavaBinder( 1047): *** Uncaught remote exception!  (Exceptions are not yet supported across processes.)
E/JavaBinder( 1047): java.lang.ArrayIndexOutOfBoundsException: length=0; index=-1
E/JavaBinder( 1047): 	at java.util.ArrayList.get(ArrayList.java:306)
E/JavaBinder( 1047): 	at com.android.lemon.radio.service.MusicControlService$1.getSongCover(MusicControlService.java:100)
E/JavaBinder( 1047): 	at com.android.lemon.radio.aidl.IMusicControlSvc$Stub.onTransact(IMusicControlSvc.java:107)
E/JavaBinder( 1047): 	at android.os.Binder.execTransact(Binder.java:367)
E/JavaBinder( 1047): 	at dalvik.system.NativeStart.run(Native Method)
I/Choreographer( 1024): Skipped 52 frames!  The application may be doing too much work on its main thread.
I/Choreographer( 1024): Skipped 31 frames!  The application may be doing too much work on its main thread.
D/InputEventConsistencyVerifier(  431): KeyEvent: ACTION_UP but key was not down.
D/InputEventConsistencyVerifier(  431):   in com.android.systemui.statusbar.phone.StatusBarWindowView@b3dc5248
D/InputEventConsistencyVerifier(  431):   0: sent at 236667000000, KeyEvent { action=ACTION_UP, keyCode=KEYCODE_DPAD_DOWN, scanCode=0, metaState=0, flags=0x8, repeatCount=0, eventTime=236667, downTime=236667, deviceId=-1, source=0x101 }
D/InputEventConsistencyVerifier(  431):   -- recent events --
D/InputEventConsistencyVerifier(  431):   1: sent at 236572000000, MotionEvent { action=ACTION_UP, id[0]=0, x[0]=86.0, y[0]=5.0, toolType[0]=TOOL_TYPE_UNKNOWN, buttonState=0, metaState=0, flags=0x0, edgeFlags=0x0, pointerCount=1, historySize=0, eventTime=236572, downTime=236561, deviceId=0, source=0x1002 }
D/InputEventConsistencyVerifier(  431):   2: sent at 236561000000, MotionEvent { action=ACTION_DOWN, id[0]=0, x[0]=78.0, y[0]=13.0, toolType[0]=TOOL_TYPE_UNKNOWN, buttonState=0, metaState=0, flags=0x0, edgeFlags=0x0, pointerCount=1, historySize=0, eventTime=236561, downTime=236561, deviceId=0, source=0x1002 }
D/InputEventConsistencyVerifier(  431):   3: sent at 167223000000, (unhandled) KeyEvent { action=ACTION_UP, keyCode=KEYCODE_DPAD_UP, scanCode=0, metaState=0, flags=0x28, repeatCount=0, eventTime=167223, downTime=167168, deviceId=-1, source=0x101 }
D/InputEventConsistencyVerifier(  431):   4: sent at 167168000000, (unhandled) KeyEvent { action=ACTION_DOWN, keyCode=KEYCODE_DPAD_UP, scanCode=0, metaState=0, flags=0x8, repeatCount=0, eventTime=167168, downTime=167168, deviceId=-1, source=0x101 }
D/InputEventConsistencyVerifier(  431):   5: sent at 167162000000, (unhandled) KeyEvent { action=ACTION_UP, keyCode=KEYCODE_DPAD_UP, scanCode=0, metaState=0, flags=0x8, repeatCount=0, eventTime=167162, downTime=167162, deviceId=-1, source=0x101 }
W/dalvikvm(  431): DroidBox: { "FdAccess": { "path": "2f70726f632f6d656d696e666f", "id": "837650552" } }
W/DroidBox(  431): DroidBox: { "FileRW": { "operation": "read", "data": "4d656d546f74616c3a202020202020202020373438393634206b420a4d656d467265653a20202020202020202020343233323834206b420a427566666572733a20202020202020202020202035363332206b420a4361636865643a202020202020202020", "id": "837650552" } }
D/InputEventConsistencyVerifier(  431): KeyEvent: ACTION_UP but key was not down.
D/InputEventConsistencyVerifier(  431):   in android.widget.FrameLayout@b3dc3fd0
D/InputEventConsistencyVerifier(  431):   0: sent at 236793000000, KeyEvent { action=ACTION_UP, keyCode=KEYCODE_DPAD_DOWN, scanCode=0, metaState=0, flags=0x8, repeatCount=0, eventTime=236793, downTime=236793, deviceId=-1, source=0x101 }
D/InputEventConsistencyVerifier(  431):   -- recent events --
D/InputEventConsistencyVerifier(  431):   1: sent at 161889000000, (unhandled) KeyEvent { action=ACTION_UP, keyCode=KEYCODE_DPAD_DOWN, scanCode=0, metaState=0, flags=0x400, repeatCount=0, eventTime=161889, downTime=161889, deviceId=-1, source=0x101 }
D/InputEventConsistencyVerifier(  431):   2: sent at 161889000000, (unhandled) KeyEvent { action=ACTION_DOWN, keyCode=KEYCODE_DPAD_DOWN, scanCode=0, metaState=0, flags=0x400, repeatCount=0, eventTime=161889, downTime=161889, deviceId=-1, source=0x101 }
D/InputEventConsistencyVerifier(  431):   3: sent at 161889000000, (unhandled) KeyEvent { action=ACTION_UP, keyCode=KEYCODE_DPAD_DOWN, scanCode=0, metaState=0, flags=0x80000400, repeatCount=0, eventTime=161889, downTime=161889, deviceId=-1, source=0x101 }
D/InputEventConsistencyVerifier(  431):   4: sent at 161139000000, (unhandled) KeyEvent { action=ACTION_UP, keyCode=KEYCODE_DPAD_LEFT, scanCode=0, metaState=0, flags=0x8, repeatCount=0, eventTime=161139, downTime=161139, deviceId=-1, source=0x101 }
D/InputEventConsistencyVerifier(  431):   5: sent at 161134000000, (unhandled) KeyEvent { action=ACTION_DOWN, keyCode=KEYCODE_DPAD_LEFT, scanCode=0, metaState=0, flags=0x8, repeatCount=0, eventTime=161134, downTime=161134, deviceId=-1, source=0x101 }
I/Choreographer(  431): Skipped 60 frames!  The application may be doing too much work on its main thread.
W/dalvikvm(  431): DroidBox: { "FdAccess": { "path": "2f70726f632f6d656d696e666f", "id": "556927531" } }
W/DroidBox(  431): DroidBox: { "FileRW": { "operation": "read", "data": "4d656d546f74616c3a202020202020202020373438393634206b420a4d656d467265653a20202020202020202020343233323736206b420a427566666572733a20202020202020202020202035363332206b420a4361636865643a202020202020202020", "id": "556927531" } }
V/PhoneStatusBar(  431): setLightsOn(true)
D/PhoneStatusBar(  431): disable: < expand icons alerts TICKER* system_info back home recent clock >
I/Choreographer(  431): Skipped 37 frames!  The application may be doing too much work on its main thread.
I/Choreographer( 1024): Skipped 93 frames!  The application may be doing too much work on its main thread.
D/InputEventConsistencyVerifier(  431): TouchEvent: ACTION_DOWN but pointers are already down.  Probably missing ACTION_UP from previous gesture.
D/InputEventConsistencyVerifier(  431):   in android.view.ScaleGestureDetector@b3e65d08
D/InputEventConsistencyVerifier(  431):   0: sent at 236992000000, MotionEvent { action=ACTION_DOWN, id[0]=0, x[0]=1.0, y[0]=186.0, toolType[0]=TOOL_TYPE_UNKNOWN, buttonState=0, metaState=0, flags=0x0, edgeFlags=0x0, pointerCount=1, historySize=0, eventTime=236992, downTime=236990, deviceId=0, source=0x1002 }
D/InputEventConsistencyVerifier(  431):   -- recent events --
D/InputEventConsistencyVerifier(  431):   1: sent at 236967000000, MotionEvent { action=ACTION_DOWN, id[0]=0, x[0]=9.0, y[0]=725.0, toolType[0]=TOOL_TYPE_UNKNOWN, buttonState=0, metaState=0, flags=0x0, edgeFlags=0x0, pointerCount=1, historySize=0, eventTime=236967, downTime=236966, deviceId=0, source=0x1002 }
D/InputEventConsistencyVerifier(  431):   2: sent at 236572000000, MotionEvent { action=ACTION_UP, id[0]=0, x[0]=86.0, y[0]=5.0, toolType[0]=TOOL_TYPE_UNKNOWN, buttonState=0, metaState=0, flags=0x0, edgeFlags=0x0, pointerCount=1, historySize=0, eventTime=236572, downTime=236561, deviceId=0, source=0x1002 }
D/InputEventConsistencyVerifier(  431):   3: sent at 236561000000, MotionEvent { action=ACTION_DOWN, id[0]=0, x[0]=78.0, y[0]=13.0, toolType[0]=TOOL_TYPE_UNKNOWN, buttonState=0, metaState=0, flags=0x0, edgeFlags=0x0, pointerCount=1, historySize=0, eventTime=236561, downTime=236561, deviceId=0, source=0x1002 }
D/InputEventConsistencyVerifier(  431):   4: sent at 166489000000, MotionEvent { action=ACTION_UP, id[0]=0, x[0]=376.0, y[0]=48.0, toolType[0]=TOOL_TYPE_UNKNOWN, buttonState=0, metaState=0, flags=0x0, edgeFlags=0x0, pointerCount=1, historySize=0, eventTime=166489, downTime=166427, deviceId=0, source=0x1002 }
D/InputEventConsistencyVerifier(  431):   5: sent at 166486000000, MotionEvent { action=ACTION_POINTER_UP(1), id[0]=0, x[0]=358.0, y[0]=39.0, toolType[0]=TOOL_TYPE_UNKNOWN, id[1]=1, x[1]=456.0, y[1]=43.0, toolType[1]=TOOL_TYPE_UNKNOWN, buttonState=0, metaState=0, flags=0x0, edgeFlags=0x0, pointerCount=2, historySize=0, eventTime=166486, downTime=166427, deviceId=0, source=0x1002 }
I/Choreographer(  431): Skipped 40 frames!  The application may be doing too much work on its main thread.
V/PhoneStatusBar(  431): setLightsOn(true)
D/PhoneStatusBar(  431): disable: < expand icons alerts ticker* system_info back home recent clock >
W/InputMethodManagerService(  231): Window already focused, ignoring focus gain of: com.android.internal.view.IInputMethodClient$Stub$Proxy@b41ee4c8 attribute=android.view.inputmethod.EditorInfo@b41ee4e0
E/JavaBinder( 1047): *** Uncaught remote exception!  (Exceptions are not yet supported across processes.)
E/JavaBinder( 1047): java.lang.ArrayIndexOutOfBoundsException: length=0; index=-1
E/JavaBinder( 1047): 	at java.util.ArrayList.get(ArrayList.java:306)
E/JavaBinder( 1047): 	at com.android.lemon.radio.service.MusicControlService$1.getSongTitle(MusicControlService.java:130)
E/JavaBinder( 1047): 	at com.android.lemon.radio.aidl.IMusicControlSvc$Stub.onTransact(IMusicControlSvc.java:115)
E/JavaBinder( 1047): 	at android.os.Binder.execTransact(Binder.java:367)
E/JavaBinder( 1047): 	at dalvik.system.NativeStart.run(Native Method)
E/JavaBinder( 1047): *** Uncaught remote exception!  (Exceptions are not yet supported across processes.)
E/JavaBinder( 1047): java.lang.ArrayIndexOutOfBoundsException: length=0; index=-1
E/JavaBinder( 1047): 	at java.util.ArrayList.get(ArrayList.java:306)
E/JavaBinder( 1047): 	at com.android.lemon.radio.service.MusicControlService$1.getSongArtist(MusicControlService.java:120)
E/JavaBinder( 1047): 	at com.android.lemon.radio.aidl.IMusicControlSvc$Stub.onTransact(IMusicControlSvc.java:123)
E/JavaBinder( 1047): 	at android.os.Binder.execTransact(Binder.java:367)
E/JavaBinder( 1047): 	at dalvik.system.NativeStart.run(Native Method)
E/JavaBinder( 1047): *** Uncaught remote exception!  (Exceptions are not yet supported across processes.)
E/JavaBinder( 1047): java.lang.ArrayIndexOutOfBoundsException: length=0; index=-1
E/JavaBinder( 1047): 	at java.util.ArrayList.get(ArrayList.java:306)
E/JavaBinder( 1047): 	at com.android.lemon.radio.service.MusicControlService$1.getSongCover(MusicControlService.java:100)
E/JavaBinder( 1047): 	at com.android.lemon.radio.aidl.IMusicControlSvc$Stub.onTransact(IMusicControlSvc.java:107)
E/JavaBinder( 1047): 	at android.os.Binder.execTransact(Binder.java:367)
E/JavaBinder( 1047): 	at dalvik.system.NativeStart.run(Native Method)
D/InputEventConsistencyVerifier( 1024): KeyEvent: ACTION_UP but key was not down.
D/InputEventConsistencyVerifier( 1024):   in com.android.internal.policy.impl.PhoneWindow$DecorView@b4308bf0
D/InputEventConsistencyVerifier( 1024):   0: sent at 236902000000, KeyEvent { action=ACTION_UP, keyCode=KEYCODE_DPAD_DOWN, scanCode=0, metaState=0, flags=0x400, repeatCount=0, eventTime=236902, downTime=236902, deviceId=-1, source=0x101 }
D/InputEventConsistencyVerifier( 1024):   -- recent events --
D/InputEventConsistencyVerifier( 1024):   1: sent at 236484000000, (unhandled) MotionEvent { action=ACTION_MOVE, id[0]=0, x[0]=1.0, y[0]=2.0, toolType[0]=TOOL_TYPE_UNKNOWN, buttonState=0, metaState=0, flags=0x0, edgeFlags=0x0, pointerCount=1, historySize=9, eventTime=236484, downTime=-1, deviceId=0, source=0x10004 }
D/InputEventConsistencyVerifier( 1024):   2: sent at 236549000000, (unhandled) MotionEvent { action=ACTION_UP, id[0]=0, x[0]=315.0, y[0]=550.0, toolType[0]=TOOL_TYPE_UNKNOWN, buttonState=0, metaState=0, flags=0x0, edgeFlags=0x0, pointerCount=1, historySize=0, eventTime=236549, downTime=236488, deviceId=0, source=0x1002 }
D/InputEventConsistencyVerifier( 1024):   3: sent at 236546000000, (unhandled) MotionEvent { action=ACTION_MOVE, id[0]=0, x[0]=316.0, y[0]=551.0, toolType[0]=TOOL_TYPE_UNKNOWN, buttonState=0, metaState=0, flags=0x0, edgeFlags=0x0, pointerCount=1, historySize=7, eventTime=236546, downTime=236488, deviceId=0, source=0x1002 }
D/InputEventConsistencyVerifier( 1024):   4: sent at 236502000000, (unhandled) MotionEvent { action=ACTION_DOWN, id[0]=0, x[0]=319.0, y[0]=616.0, toolType[0]=TOOL_TYPE_UNKNOWN, buttonState=0, metaState=0, flags=0x0, edgeFlags=0x0, pointerCount=1, historySize=0, eventTime=236502, downTime=236488, deviceId=0, source=0x1002 }
D/InputEventConsistencyVerifier( 1024):   5: sent at 236392000000, (unhandled) MotionEvent { action=ACTION_UP, id[0]=0, x[0]=289.0, y[0]=430.0, toolType[0]=TOOL_TYPE_UNKNOWN, buttonState=0, metaState=0, flags=0x0, edgeFlags=0x0, pointerCount=1, historySize=0, eventTime=236392, downTime=236381, deviceId=0, source=0x1002 }
I/Choreographer( 1024): Skipped 72 frames!  The application may be doing too much work on its main thread.
D/InputEventConsistencyVerifier( 1024): KeyEvent: ACTION_UP but key was not down.
D/InputEventConsistencyVerifier( 1024):   in com.android.internal.policy.impl.PhoneWindow$DecorView@b4308bf0
D/InputEventConsistencyVerifier( 1024):   0: sent at 236903000000, KeyEvent { action=ACTION_UP, keyCode=KEYCODE_DPAD_DOWN, scanCode=0, metaState=0, flags=0x400, repeatCount=0, eventTime=236903, downTime=236903, deviceId=-1, source=0x101 }
D/InputEventConsistencyVerifier( 1024):   -- recent events --
D/InputEventConsistencyVerifier( 1024):   1: sent at 236902000000, (unhandled) KeyEvent { action=ACTION_UP, keyCode=KEYCODE_DPAD_DOWN, scanCode=0, metaState=0, flags=0x80000400, repeatCount=0, eventTime=236902, downTime=236902, deviceId=-1, source=0x101 }
D/InputEventConsistencyVerifier( 1024):   2: sent at 236484000000, (unhandled) MotionEvent { action=ACTION_MOVE, id[0]=0, x[0]=1.0, y[0]=2.0, toolType[0]=TOOL_TYPE_UNKNOWN, buttonState=0, metaState=0, flags=0x0, edgeFlags=0x0, pointerCount=1, historySize=9, eventTime=236484, downTime=-1, deviceId=0, source=0x10004 }
D/InputEventConsistencyVerifier( 1024):   3: sent at 236549000000, (unhandled) MotionEvent { action=ACTION_UP, id[0]=0, x[0]=315.0, y[0]=550.0, toolType[0]=TOOL_TYPE_UNKNOWN, buttonState=0, metaState=0, flags=0x0, edgeFlags=0x0, pointerCount=1, historySize=0, eventTime=236549, downTime=236488, deviceId=0, source=0x1002 }
D/InputEventConsistencyVerifier( 1024):   4: sent at 236546000000, (unhandled) MotionEvent { action=ACTION_MOVE, id[0]=0, x[0]=316.0, y[0]=551.0, toolType[0]=TOOL_TYPE_UNKNOWN, buttonState=0, metaState=0, flags=0x0, edgeFlags=0x0, pointerCount=1, historySize=7, eventTime=236546, downTime=236488, deviceId=0, source=0x1002 }
D/InputEventConsistencyVerifier( 1024):   5: sent at 236502000000, (unhandled) MotionEvent { action=ACTION_DOWN, id[0]=0, x[0]=319.0, y[0]=616.0, toolType[0]=TOOL_TYPE_UNKNOWN, buttonState=0, metaState=0, flags=0x0, edgeFlags=0x0, pointerCount=1, historySize=0, eventTime=236502, downTime=236488, deviceId=0, source=0x1002 }
E/JavaBinder( 1047): *** Uncaught remote exception!  (Exceptions are not yet supported across processes.)
E/JavaBinder( 1047): java.lang.ArrayIndexOutOfBoundsException: length=0; index=-1
E/JavaBinder( 1047): 	at java.util.ArrayList.get(ArrayList.java:306)
E/JavaBinder( 1047): 	at com.android.lemon.radio.service.MusicControlService$1.getSongTitle(MusicControlService.java:130)
E/JavaBinder( 1047): 	at com.android.lemon.radio.aidl.IMusicControlSvc$Stub.onTransact(IMusicControlSvc.java:115)
E/JavaBinder( 1047): 	at android.os.Binder.execTransact(Binder.java:367)
E/JavaBinder( 1047): 	at dalvik.system.NativeStart.run(Native Method)
E/JavaBinder( 1047): *** Uncaught remote exception!  (Exceptions are not yet supported across processes.)
E/JavaBinder( 1047): java.lang.ArrayIndexOutOfBoundsException: length=0; index=-1
E/JavaBinder( 1047): 	at java.util.ArrayList.get(ArrayList.java:306)
E/JavaBinder( 1047): 	at com.android.lemon.radio.service.MusicControlService$1.getSongArtist(MusicControlService.java:120)
E/JavaBinder( 1047): 	at com.android.lemon.radio.aidl.IMusicControlSvc$Stub.onTransact(IMusicControlSvc.java:123)
E/JavaBinder( 1047): 	at android.os.Binder.execTransact(Binder.java:367)
E/JavaBinder( 1047): 	at dalvik.system.NativeStart.run(Native Method)
E/JavaBinder( 1047): *** Uncaught remote exception!  (Exceptions are not yet supported across processes.)
E/JavaBinder( 1047): java.lang.ArrayIndexOutOfBoundsException: length=0; index=-1
E/JavaBinder( 1047): 	at java.util.ArrayList.get(ArrayList.java:306)
E/JavaBinder( 1047): 	at com.android.lemon.radio.service.MusicControlService$1.getSongCover(MusicControlService.java:100)
E/JavaBinder( 1047): 	at com.android.lemon.radio.aidl.IMusicControlSvc$Stub.onTransact(IMusicControlSvc.java:107)
E/JavaBinder( 1047): 	at android.os.Binder.execTransact(Binder.java:367)
E/JavaBinder( 1047): 	at dalvik.system.NativeStart.run(Native Method)
I/Choreographer( 1024): Skipped 32 frames!  The application may be doing too much work on its main thread.
D/InputEventConsistencyVerifier( 1024): KeyEvent: ACTION_UP but key was not down.
D/InputEventConsistencyVerifier( 1024):   in android.widget.LinearLayout@b4310390
D/InputEventConsistencyVerifier( 1024):   0: sent at 238216000000, KeyEvent { action=ACTION_UP, keyCode=KEYCODE_DPAD_DOWN, scanCode=0, metaState=0, flags=0x400, repeatCount=0, eventTime=238216, downTime=238216, deviceId=-1, source=0x101 }
D/InputEventConsistencyVerifier( 1024):   -- recent events --
D/InputEventConsistencyVerifier( 1024):   1: sent at 236141000000, (unhandled) KeyEvent { action=ACTION_UP, keyCode=KEYCODE_DPAD_RIGHT, scanCode=0, metaState=0, flags=0x8, repeatCount=0, eventTime=236141, downTime=236141, deviceId=-1, source=0x101 }
D/InputEventConsistencyVerifier( 1024):   2: sent at 236059000000, (unhandled) KeyEvent { action=ACTION_DOWN, keyCode=KEYCODE_DPAD_RIGHT, scanCode=0, metaState=0, flags=0x8, repeatCount=0, eventTime=236059, downTime=236059, deviceId=-1, source=0x101 }
D/InputEventConsistencyVerifier( 1024):   3: sent at 235864000000, (unhandled) KeyEvent { action=ACTION_UP, keyCode=KEYCODE_DPAD_LEFT, scanCode=0, metaState=0, flags=0x8, repeatCount=0, eventTime=235864, downTime=235864, deviceId=-1, source=0x101 }
D/InputEventConsistencyVerifier( 1024):   4: sent at 235492000000, (unhandled) KeyEvent { action=ACTION_DOWN, keyCode=KEYCODE_DPAD_LEFT, scanCode=0, metaState=0, flags=0x8, repeatCount=0, eventTime=235492, downTime=235492, deviceId=-1, source=0x101 }
D/InputEventConsistencyVerifier( 1024):   5: sent at 235837000000, (unhandled) KeyEvent { action=ACTION_UP, keyCode=KEYCODE_DPAD_DOWN, scanCode=0, metaState=0, flags=0x400, repeatCount=0, eventTime=235837, downTime=235837, deviceId=-1, source=0x101 }
E/MediaPlayer( 1047): start called in state 0
E/JavaBinder( 1047): *** Uncaught remote exception!  (Exceptions are not yet supported across processes.)
E/JavaBinder( 1047): java.lang.ArrayIndexOutOfBoundsException: length=0; index=-1
E/JavaBinder( 1047): 	at java.util.ArrayList.get(ArrayList.java:306)
E/JavaBinder( 1047): 	at com.android.lemon.radio.service.MusicControlService.songNotify(MusicControlService.java:297)
E/JavaBinder( 1047): 	at com.android.lemon.radio.service.MusicControlService.access$8(MusicControlService.java:293)
E/JavaBinder( 1047): 	at com.android.lemon.radio.service.MusicControlService$1.start(MusicControlService.java:191)
E/JavaBinder( 1047): 	at com.android.lemon.radio.aidl.IMusicControlSvc$Stub.onTransact(IMusicControlSvc.java:164)
E/JavaBinder( 1047): 	at android.os.Binder.execTransact(Binder.java:367)
E/JavaBinder( 1047): 	at dalvik.system.NativeStart.run(Native Method)
I/Choreographer( 1024): Skipped 46 frames!  The application may be doing too much work on its main thread.
E/JavaBinder( 1047): *** Uncaught remote exception!  (Exceptions are not yet supported across processes.)
E/JavaBinder( 1047): java.lang.ArrayIndexOutOfBoundsException: length=0; index=-1
E/JavaBinder( 1047): 	at java.util.ArrayList.get(ArrayList.java:306)
E/JavaBinder( 1047): 	at com.android.lemon.radio.service.MusicControlService$1.getSongTitle(MusicControlService.java:130)
E/JavaBinder( 1047): 	at com.android.lemon.radio.aidl.IMusicControlSvc$Stub.onTransact(IMusicControlSvc.java:115)
E/JavaBinder( 1047): 	at android.os.Binder.execTransact(Binder.java:367)
E/JavaBinder( 1047): 	at dalvik.system.NativeStart.run(Native Method)
E/JavaBinder( 1047): *** Uncaught remote exception!  (Exceptions are not yet supported across processes.)
E/JavaBinder( 1047): java.lang.ArrayIndexOutOfBoundsException: length=0; index=-1
E/JavaBinder( 1047): 	at java.util.ArrayList.get(ArrayList.java:306)
E/JavaBinder( 1047): 	at com.android.lemon.radio.service.MusicControlService$1.getSongArtist(MusicControlService.java:120)
E/JavaBinder( 1047): 	at com.android.lemon.radio.aidl.IMusicControlSvc$Stub.onTransact(IMusicControlSvc.java:123)
E/JavaBinder( 1047): 	at android.os.Binder.execTransact(Binder.java:367)
E/JavaBinder( 1047): 	at dalvik.system.NativeStart.run(Native Method)
E/JavaBinder( 1047): *** Uncaught remote exception!  (Exceptions are not yet supported across processes.)
E/JavaBinder( 1047): java.lang.ArrayIndexOutOfBoundsException: length=0; index=-1
E/JavaBinder( 1047): 	at java.util.ArrayList.get(ArrayList.java:306)
E/JavaBinder( 1047): 	at com.android.lemon.radio.service.MusicControlService$1.getSongCover(MusicControlService.java:100)
E/JavaBinder( 1047): 	at com.android.lemon.radio.aidl.IMusicControlSvc$Stub.onTransact(IMusicControlSvc.java:107)
E/JavaBinder( 1047): 	at android.os.Binder.execTransact(Binder.java:367)
E/JavaBinder( 1047): 	at dalvik.system.NativeStart.run(Native Method)
I/Choreographer( 1024): Skipped 66 frames!  The application may be doing too much work on its main thread.
E/MediaPlayer( 1047): start called in state 0
E/JavaBinder( 1047): *** Uncaught remote exception!  (Exceptions are not yet supported across processes.)
E/JavaBinder( 1047): java.lang.ArrayIndexOutOfBoundsException: length=0; index=-1
E/JavaBinder( 1047): 	at java.util.ArrayList.get(ArrayList.java:306)
E/JavaBinder( 1047): 	at com.android.lemon.radio.service.MusicControlService.songNotify(MusicControlService.java:297)
E/JavaBinder( 1047): 	at com.android.lemon.radio.service.MusicControlService.access$8(MusicControlService.java:293)
E/JavaBinder( 1047): 	at com.android.lemon.radio.service.MusicControlService$1.start(MusicControlService.java:191)
E/JavaBinder( 1047): 	at com.android.lemon.radio.aidl.IMusicControlSvc$Stub.onTransact(IMusicControlSvc.java:164)
E/JavaBinder( 1047): 	at android.os.Binder.execTransact(Binder.java:367)
E/JavaBinder( 1047): 	at dalvik.system.NativeStart.run(Native Method)
D/InputEventConsistencyVerifier( 1024): KeyEvent: ACTION_UP but key was not down.
D/InputEventConsistencyVerifier( 1024):   in android.widget.RelativeLayout@b41a28c8
D/InputEventConsistencyVerifier( 1024):   0: sent at 239861000000, KeyEvent { action=ACTION_UP, keyCode=KEYCODE_DPAD_UP, scanCode=0, metaState=0, flags=0x400, repeatCount=0, eventTime=239861, downTime=239861, deviceId=-1, source=0x101 }
D/InputEventConsistencyVerifier( 1024):   -- recent events --
D/InputEventConsistencyVerifier( 1024):   1: sent at 238215000000, (unhandled) KeyEvent { action=ACTION_DOWN, keyCode=KEYCODE_DPAD_DOWN, scanCode=0, metaState=0, flags=0x400, repeatCount=0, eventTime=238215, downTime=238215, deviceId=-1, source=0x101 }
D/InputEventConsistencyVerifier( 1024):   2: sent at 238200000000, (unhandled) KeyEvent { action=ACTION_UP, keyCode=KEYCODE_DPAD_LEFT, scanCode=0, metaState=0, flags=0x400, repeatCount=0, eventTime=238200, downTime=238200, deviceId=-1, source=0x101 }
D/InputEventConsistencyVerifier( 1024):   3: sent at 238200000000, (unhandled) KeyEvent { action=ACTION_DOWN, keyCode=KEYCODE_DPAD_LEFT, scanCode=0, metaState=0, flags=0x400, repeatCount=0, eventTime=238200, downTime=238200, deviceId=-1, source=0x101 }
D/InputEventConsistencyVerifier( 1024):   4: sent at 238200000000, (unhandled) KeyEvent { action=ACTION_UP, keyCode=KEYCODE_DPAD_LEFT, scanCode=0, metaState=0, flags=0x400, repeatCount=0, eventTime=238200, downTime=238200, deviceId=-1, source=0x101 }
D/InputEventConsistencyVerifier( 1024):   5: sent at 238200000000, (unhandled) KeyEvent { action=ACTION_DOWN, keyCode=KEYCODE_DPAD_LEFT, scanCode=0, metaState=0, flags=0x400, repeatCount=0, eventTime=238200, downTime=238200, deviceId=-1, source=0x101 }
E/JavaBinder( 1047): *** Uncaught remote exception!  (Exceptions are not yet supported across processes.)
E/JavaBinder( 1047): java.lang.ArrayIndexOutOfBoundsException: length=0; index=-1
E/JavaBinder( 1047): 	at java.util.ArrayList.get(ArrayList.java:306)
E/JavaBinder( 1047): 	at com.android.lemon.radio.service.MusicControlService$1.getSongTitle(MusicControlService.java:130)
E/JavaBinder( 1047): 	at com.android.lemon.radio.aidl.IMusicControlSvc$Stub.onTransact(IMusicControlSvc.java:115)
E/JavaBinder( 1047): 	at android.os.Binder.execTransact(Binder.java:367)
E/JavaBinder( 1047): 	at dalvik.system.NativeStart.run(Native Method)
E/JavaBinder( 1047): *** Uncaught remote exception!  (Exceptions are not yet supported across processes.)
E/JavaBinder( 1047): java.lang.ArrayIndexOutOfBoundsException: length=0; index=-1
E/JavaBinder( 1047): 	at java.util.ArrayList.get(ArrayList.java:306)
E/JavaBinder( 1047): 	at com.android.lemon.radio.service.MusicControlService$1.getSongArtist(MusicControlService.java:120)
E/JavaBinder( 1047): 	at com.android.lemon.radio.aidl.IMusicControlSvc$Stub.onTransact(IMusicControlSvc.java:123)
E/JavaBinder( 1047): 	at android.os.Binder.execTransact(Binder.java:367)
E/JavaBinder( 1047): 	at dalvik.system.NativeStart.run(Native Method)
E/JavaBinder( 1047): *** Uncaught remote exception!  (Exceptions are not yet supported across processes.)
E/JavaBinder( 1047): java.lang.ArrayIndexOutOfBoundsException: length=0; index=-1
E/JavaBinder( 1047): 	at java.util.ArrayList.get(ArrayList.java:306)
E/JavaBinder( 1047): 	at com.android.lemon.radio.service.MusicControlService$1.getSongCover(MusicControlService.java:100)
E/JavaBinder( 1047): 	at com.android.lemon.radio.aidl.IMusicControlSvc$Stub.onTransact(IMusicControlSvc.java:107)
E/JavaBinder( 1047): 	at android.os.Binder.execTransact(Binder.java:367)
E/JavaBinder( 1047): 	at dalvik.system.NativeStart.run(Native Method)
I/Choreographer( 1024): Skipped 129 frames!  The application may be doing too much work on its main thread.
I/Choreographer( 1024): Skipped 43 frames!  The application may be doing too much work on its main thread.
W/InputMethodManagerService(  231): Window already focused, ignoring focus gain of: com.android.internal.view.IInputMethodClient$Stub$Proxy@b40b2cc0 attribute=android.view.inputmethod.EditorInfo@b40b2cd8
E/JavaBinder( 1047): *** Uncaught remote exception!  (Exceptions are not yet supported across processes.)
E/JavaBinder( 1047): java.lang.ArrayIndexOutOfBoundsException: length=0; index=-1
E/JavaBinder( 1047): 	at java.util.ArrayList.get(ArrayList.java:306)
E/JavaBinder( 1047): 	at com.android.lemon.radio.service.MusicControlService$1.getSongTitle(MusicControlService.java:130)
E/JavaBinder( 1047): 	at com.android.lemon.radio.aidl.IMusicControlSvc$Stub.onTransact(IMusicControlSvc.java:115)
E/JavaBinder( 1047): 	at android.os.Binder.execTransact(Binder.java:367)
E/JavaBinder( 1047): 	at dalvik.system.NativeStart.run(Native Method)
E/JavaBinder( 1047): *** Uncaught remote exception!  (Exceptions are not yet supported across processes.)
E/JavaBinder( 1047): java.lang.ArrayIndexOutOfBoundsException: length=0; index=-1
E/JavaBinder( 1047): 	at java.util.ArrayList.get(ArrayList.java:306)
E/JavaBinder( 1047): 	at com.android.lemon.radio.service.MusicControlService$1.getSongArtist(MusicControlService.java:120)
E/JavaBinder( 1047): 	at com.android.lemon.radio.aidl.IMusicControlSvc$Stub.onTransact(IMusicControlSvc.java:123)
E/JavaBinder( 1047): 	at android.os.Binder.execTransact(Binder.java:367)
E/JavaBinder( 1047): 	at dalvik.system.NativeStart.run(Native Method)
E/JavaBinder( 1047): *** Uncaught remote exception!  (Exceptions are not yet supported across processes.)
E/JavaBinder( 1047): java.lang.ArrayIndexOutOfBoundsException: length=0; index=-1
E/JavaBinder( 1047): 	at java.util.ArrayList.get(ArrayList.java:306)
E/JavaBinder( 1047): 	at com.android.lemon.radio.service.MusicControlService$1.getSongCover(MusicControlService.java:100)
E/JavaBinder( 1047): 	at com.android.lemon.radio.aidl.IMusicControlSvc$Stub.onTransact(IMusicControlSvc.java:107)
E/JavaBinder( 1047): 	at android.os.Binder.execTransact(Binder.java:367)
E/JavaBinder( 1047): 	at dalvik.system.NativeStart.run(Native Method)
I/Choreographer( 1024): Skipped 141 frames!  The application may be doing too much work on its main thread.
D/InputEventConsistencyVerifier( 1024): KeyEvent: ACTION_UP but key was not down.
D/InputEventConsistencyVerifier( 1024):   in com.android.internal.policy.impl.PhoneWindow$DecorView@b4308bf0
D/InputEventConsistencyVerifier( 1024):   0: sent at 241920000000, KeyEvent { action=ACTION_UP, keyCode=KEYCODE_DPAD_CENTER, scanCode=0, metaState=0, flags=0x8, repeatCount=0, eventTime=241920, downTime=241920, deviceId=-1, source=0x101 }
D/InputEventConsistencyVerifier( 1024):   -- recent events --
D/InputEventConsistencyVerifier( 1024):   1: sent at 241841000000, (unhandled) MotionEvent { action=ACTION_UP, id[0]=0, x[0]=427.0, y[0]=270.0, toolType[0]=TOOL_TYPE_UNKNOWN, buttonState=0, metaState=0, flags=0x0, edgeFlags=0x0, pointerCount=1, historySize=0, eventTime=241841, downTime=241819, deviceId=0, source=0x1002 }
D/InputEventConsistencyVerifier( 1024):   2: sent at 241820000000, (unhandled) MotionEvent { action=ACTION_DOWN, id[0]=0, x[0]=423.0, y[0]=272.0, toolType[0]=TOOL_TYPE_UNKNOWN, buttonState=0, metaState=0, flags=0x0, edgeFlags=0x0, pointerCount=1, historySize=0, eventTime=241820, downTime=241819, deviceId=0, source=0x1002 }
D/InputEventConsistencyVerifier( 1024):   3: sent at 239952000000, (unhandled) KeyEvent { action=ACTION_UP, keyCode=KEYCODE_MENU, scanCode=0, metaState=0, flags=0x8, repeatCount=0, eventTime=239952, downTime=239952, deviceId=-1, source=0x101 }
D/InputEventConsistencyVerifier( 1024):   4: sent at 239618000000, (unhandled) KeyEvent { action=ACTION_DOWN, keyCode=KEYCODE_MENU, scanCode=0, metaState=0, flags=0x8, repeatCount=0, eventTime=239618, downTime=239618, deviceId=-1, source=0x101 }
D/InputEventConsistencyVerifier( 1024):   5: sent at 239863000000, (unhandled) KeyEvent { action=ACTION_UP, keyCode=KEYCODE_DPAD_UP, scanCode=0, metaState=0, flags=0x400, repeatCount=0, eventTime=239863, downTime=239863, deviceId=-1, source=0x101 }
D/InputEventConsistencyVerifier(  431): TouchEvent: ACTION_DOWN but pointers are already down.  Probably missing ACTION_UP from previous gesture.
D/InputEventConsistencyVerifier(  431):   in android.view.ScaleGestureDetector@b3e65d08
D/InputEventConsistencyVerifier(  431):   0: sent at 242738000000, MotionEvent { action=ACTION_DOWN, id[0]=0, x[0]=437.0, y[0]=19.0, toolType[0]=TOOL_TYPE_UNKNOWN, buttonState=0, metaState=0, flags=0x0, edgeFlags=0x0, pointerCount=1, historySize=0, eventTime=242738, downTime=242737, deviceId=0, source=0x1002 }
D/InputEventConsistencyVerifier(  431):   -- recent events --
D/InputEventConsistencyVerifier(  431):   1: sent at 236992000000, MotionEvent { action=ACTION_DOWN, id[0]=0, x[0]=1.0, y[0]=186.0, toolType[0]=TOOL_TYPE_UNKNOWN, buttonState=0, metaState=0, flags=0x80000000, edgeFlags=0x0, pointerCount=1, historySize=0, eventTime=236992, downTime=236990, deviceId=0, source=0x1002 }
D/InputEventConsistencyVerifier(  431):   2: sent at 236967000000, MotionEvent { action=ACTION_DOWN, id[0]=0, x[0]=9.0, y[0]=725.0, toolType[0]=TOOL_TYPE_UNKNOWN, buttonState=0, metaState=0, flags=0x0, edgeFlags=0x0, pointerCount=1, historySize=0, eventTime=236967, downTime=236966, deviceId=0, source=0x1002 }
D/InputEventConsistencyVerifier(  431):   3: sent at 236572000000, MotionEvent { action=ACTION_UP, id[0]=0, x[0]=86.0, y[0]=5.0, toolType[0]=TOOL_TYPE_UNKNOWN, buttonState=0, metaState=0, flags=0x0, edgeFlags=0x0, pointerCount=1, historySize=0, eventTime=236572, downTime=236561, deviceId=0, source=0x1002 }
D/InputEventConsistencyVerifier(  431):   4: sent at 236561000000, MotionEvent { action=ACTION_DOWN, id[0]=0, x[0]=78.0, y[0]=13.0, toolType[0]=TOOL_TYPE_UNKNOWN, buttonState=0, metaState=0, flags=0x0, edgeFlags=0x0, pointerCount=1, historySize=0, eventTime=236561, downTime=236561, deviceId=0, source=0x1002 }
D/InputEventConsistencyVerifier(  431):   5: sent at 166489000000, MotionEvent { action=ACTION_UP, id[0]=0, x[0]=376.0, y[0]=48.0, toolType[0]=TOOL_TYPE_UNKNOWN, buttonState=0, metaState=0, flags=0x0, edgeFlags=0x0, pointerCount=1, historySize=0, eventTime=166489, downTime=166427, deviceId=0, source=0x1002 }
W/dalvikvm(  431): DroidBox: { "FdAccess": { "path": "2f70726f632f6d656d696e666f", "id": "2145668999" } }
I/Choreographer( 1024): Skipped 37 frames!  The application may be doing too much work on its main thread.
W/DroidBox(  431): DroidBox: { "FileRW": { "operation": "read", "data": "4d656d546f74616c3a202020202020202020373438393634206b420a4d656d467265653a20202020202020202020343231343430206b420a427566666572733a20202020202020202020202035363430206b420a4361636865643a202020202020202020", "id": "2145668999" } }
I/Choreographer(  431): Skipped 52 frames!  The application may be doing too much work on its main thread.
V/PhoneStatusBar(  431): setLightsOn(true)
I/Choreographer(  431): Skipped 37 frames!  The application may be doing too much work on its main thread.
D/PhoneStatusBar(  431): disable: < expand icons alerts TICKER* system_info back home recent clock >
W/dalvikvm(  431): DroidBox: { "FdAccess": { "path": "2f70726f632f6d656d696e666f", "id": "1387470567" } }
W/DroidBox(  431): DroidBox: { "FileRW": { "operation": "read", "data": "4d656d546f74616c3a202020202020202020373438393634206b420a4d656d467265653a20202020202020202020343231343430206b420a427566666572733a20202020202020202020202035363430206b420a4361636865643a202020202020202020", "id": "1387470567" } }
D/InputEventConsistencyVerifier(  431): TouchEvent: ACTION_DOWN but pointers are already down.  Probably missing ACTION_UP from previous gesture.
D/InputEventConsistencyVerifier(  431):   in android.view.ScaleGestureDetector@b3e65d08
D/InputEventConsistencyVerifier(  431):   0: sent at 243195000000, MotionEvent { action=ACTION_DOWN, id[0]=0, x[0]=442.0, y[0]=618.0, toolType[0]=TOOL_TYPE_UNKNOWN, buttonState=0, metaState=0, flags=0x0, edgeFlags=0x0, pointerCount=1, historySize=0, eventTime=243195, downTime=243195, deviceId=0, source=0x1002 }
D/InputEventConsistencyVerifier(  431):   -- recent events --
D/InputEventConsistencyVerifier(  431):   1: sent at 243131000000, MotionEvent { action=ACTION_DOWN, id[0]=0, x[0]=402.0, y[0]=181.0, toolType[0]=TOOL_TYPE_UNKNOWN, buttonState=0, metaState=0, flags=0x0, edgeFlags=0x0, pointerCount=1, historySize=0, eventTime=243131, downTime=243130, deviceId=0, source=0x1002 }
D/InputEventConsistencyVerifier(  431):   2: sent at 242751000000, MotionEvent { action=ACTION_UP, id[0]=0, x[0]=436.0, y[0]=19.0, toolType[0]=TOOL_TYPE_UNKNOWN, buttonState=0, metaState=0, flags=0x0, edgeFlags=0x0, pointerCount=1, historySize=0, eventTime=242751, downTime=242737, deviceId=0, source=0x1002 }
D/InputEventConsistencyVerifier(  431):   3: sent at 242738000000, MotionEvent { action=ACTION_DOWN, id[0]=0, x[0]=437.0, y[0]=19.0, toolType[0]=TOOL_TYPE_UNKNOWN, buttonState=0, metaState=0, flags=0x80000000, edgeFlags=0x0, pointerCount=1, historySize=0, eventTime=242738, downTime=242737, deviceId=0, source=0x1002 }
D/InputEventConsistencyVerifier(  431):   4: sent at 236992000000, MotionEvent { action=ACTION_DOWN, id[0]=0, x[0]=1.0, y[0]=186.0, toolType[0]=TOOL_TYPE_UNKNOWN, buttonState=0, metaState=0, flags=0x80000000, edgeFlags=0x0, pointerCount=1, historySize=0, eventTime=236992, downTime=236990, deviceId=0, source=0x1002 }
D/InputEventConsistencyVerifier(  431):   5: sent at 236967000000, MotionEvent { action=ACTION_DOWN, id[0]=0, x[0]=9.0, y[0]=725.0, toolType[0]=TOOL_TYPE_UNKNOWN, buttonState=0, metaState=0, flags=0x0, edgeFlags=0x0, pointerCount=1, historySize=0, eventTime=236967, downTime=236966, deviceId=0, source=0x1002 }
I/Choreographer(  431): Skipped 81 frames!  The application may be doing too much work on its main thread.
E/JavaBinder( 1047): *** Uncaught remote exception!  (Exceptions are not yet supported across processes.)
E/JavaBinder( 1047): java.lang.ArrayIndexOutOfBoundsException: length=0; index=-1
E/JavaBinder( 1047): 	at java.util.ArrayList.get(ArrayList.java:306)
E/JavaBinder( 1047): 	at com.android.lemon.radio.service.MusicControlService$1.getSongTitle(MusicControlService.java:130)
E/JavaBinder( 1047): 	at com.android.lemon.radio.aidl.IMusicControlSvc$Stub.onTransact(IMusicControlSvc.java:115)
E/JavaBinder( 1047): 	at android.os.Binder.execTransact(Binder.java:367)
E/JavaBinder( 1047): 	at dalvik.system.NativeStart.run(Native Method)
I/ActivityManager(  231): START {act=android.intent.action.MAIN cat=[android.intent.category.LAUNCHER] flg=0x10000000 cmp=com.android.calendar/.AllInOneActivity sel={act=android.intent.action.MAIN cat=[android.intent.category.APP_CALENDAR]} u=0} from pid 231
V/PhoneStatusBar(  431): setLightsOn(true)
D/PhoneStatusBar(  431): disable: < expand icons alerts ticker* system_info back home recent clock >
E/JavaBinder( 1047): *** Uncaught remote exception!  (Exceptions are not yet supported across processes.)
E/JavaBinder( 1047): java.lang.ArrayIndexOutOfBoundsException: length=0; index=-1
E/JavaBinder( 1047): 	at java.util.ArrayList.get(ArrayList.java:306)
E/JavaBinder( 1047): 	at com.android.lemon.radio.service.MusicControlService$1.getSongArtist(MusicControlService.java:120)
E/JavaBinder( 1047): 	at com.android.lemon.radio.aidl.IMusicControlSvc$Stub.onTransact(IMusicControlSvc.java:123)
E/JavaBinder( 1047): 	at android.os.Binder.execTransact(Binder.java:367)
E/JavaBinder( 1047): 	at dalvik.system.NativeStart.run(Native Method)
E/JavaBinder( 1047): *** Uncaught remote exception!  (Exceptions are not yet supported across processes.)
E/JavaBinder( 1047): java.lang.ArrayIndexOutOfBoundsException: length=0; index=-1
E/JavaBinder( 1047): 	at java.util.ArrayList.get(ArrayList.java:306)
E/JavaBinder( 1047): 	at com.android.lemon.radio.service.MusicControlService$1.getSongCover(MusicControlService.java:100)
E/JavaBinder( 1047): 	at com.android.lemon.radio.aidl.IMusicControlSvc$Stub.onTransact(IMusicControlSvc.java:107)
