D/InputEventConsistencyVerifier(  948):   0: sent at 207832000000, MotionEvent { action=ACTION_DOWN, id[0]=0, x[0]=0.0, y[0]=0.0, toolType[0]=TOOL_TYPE_UNKNOWN, buttonState=0, metaState=0, flags=0x0, edgeFlags=0x0, pointerCount=1, historySize=0, eventTime=207832, downTime=207723, deviceId=0, source=0x10004 }
D/InputEventConsistencyVerifier(  948):   -- recent events --
D/InputEventConsistencyVerifier(  948):   1: sent at 207899000000, KeyEvent { action=ACTION_UP, keyCode=KEYCODE_DPAD_LEFT, scanCode=0, metaState=0, flags=0x400, repeatCount=0, eventTime=207899, downTime=207899, deviceId=-1, source=0x101 }
D/InputEventConsistencyVerifier(  948):   2: sent at 207899000000, KeyEvent { action=ACTION_DOWN, keyCode=KEYCODE_DPAD_LEFT, scanCode=0, metaState=0, flags=0x400, repeatCount=0, eventTime=207899, downTime=207899, deviceId=-1, source=0x101 }
D/InputEventConsistencyVerifier(  948):   3: sent at 207898000000, KeyEvent { action=ACTION_UP, keyCode=KEYCODE_DPAD_LEFT, scanCode=0, metaState=0, flags=0x400, repeatCount=0, eventTime=207898, downTime=207898, deviceId=-1, source=0x101 }
D/InputEventConsistencyVerifier(  948):   4: sent at 207898000000, KeyEvent { action=ACTION_DOWN, keyCode=KEYCODE_DPAD_LEFT, scanCode=0, metaState=0, flags=0x400, repeatCount=0, eventTime=207898, downTime=207898, deviceId=-1, source=0x101 }
D/InputEventConsistencyVerifier(  948):   5: sent at 207897000000, KeyEvent { action=ACTION_UP, keyCode=KEYCODE_DPAD_LEFT, scanCode=0, metaState=0, flags=0x400, repeatCount=0, eventTime=207897, downTime=207897, deviceId=-1, source=0x101 }
D/InputEventConsistencyVerifier(  948): TrackballEvent: Trackball is down but pressure is not greater than 0.
D/InputEventConsistencyVerifier(  948):   in android.view.ViewRootImpl@b3dccd88
D/InputEventConsistencyVerifier(  948):   0: sent at 209074000000, MotionEvent { action=ACTION_DOWN, id[0]=0, x[0]=0.0, y[0]=0.0, toolType[0]=TOOL_TYPE_UNKNOWN, buttonState=0, metaState=0, flags=0x0, edgeFlags=0x0, pointerCount=1, historySize=0, eventTime=209074, downTime=209047, deviceId=0, source=0x10004 }
D/InputEventConsistencyVerifier(  948):   -- recent events --
D/InputEventConsistencyVerifier(  948):   1: sent at 209072000000, MotionEvent { action=ACTION_MOVE, id[0]=0, x[0]=2.0, y[0]=-1.0, toolType[0]=TOOL_TYPE_UNKNOWN, buttonState=0, metaState=0, flags=0x0, edgeFlags=0x0, pointerCount=1, historySize=9, eventTime=209072, downTime=-1, deviceId=0, source=0x10004 }
D/InputEventConsistencyVerifier(  948):   2: sent at 209040000000, MotionEvent { action=ACTION_UP, id[0]=0, x[0]=140.0, y[0]=500.0, toolType[0]=TOOL_TYPE_UNKNOWN, buttonState=0, metaState=0, flags=0x0, edgeFlags=0x0, pointerCount=1, historySize=0, eventTime=209040, downTime=209032, deviceId=0, source=0x1002 }
D/InputEventConsistencyVerifier(  948):   3: sent at 209038000000, MotionEvent { action=ACTION_MOVE, id[0]=0, x[0]=140.0, y[0]=516.0, toolType[0]=TOOL_TYPE_UNKNOWN, buttonState=0, metaState=0, flags=0x0, edgeFlags=0x0, pointerCount=1, historySize=0, eventTime=209038, downTime=209032, deviceId=0, source=0x1002 }
D/InputEventConsistencyVerifier(  948):   4: sent at 209032000000, MotionEvent { action=ACTION_DOWN, id[0]=0, x[0]=141.0, y[0]=523.0, toolType[0]=TOOL_TYPE_UNKNOWN, buttonState=0, metaState=0, flags=0x0, edgeFlags=0x0, pointerCount=1, historySize=0, eventTime=209032, downTime=209032, deviceId=0, source=0x1002 }
D/InputEventConsistencyVerifier(  948):   5: sent at 209017000000, KeyEvent { action=ACTION_UP, keyCode=KEYCODE_DPAD_UP, scanCode=0, metaState=0, flags=0x8, repeatCount=0, eventTime=209017, downTime=209017, deviceId=-1, source=0x101 }
I/ActivityManager(  226): START {act=android.intent.action.MAIN cat=[android.intent.category.LAUNCHER] flg=0x10200000 cmp=com.agewap.om/.OperaMiniActivity u=0} from pid 898
I/ActivityManager(  226): START {act=android.intent.action.MAIN cat=[android.intent.category.LAUNCHER] flg=0x10200000 cmp=com.agewap.om/.OperaMiniActivity u=0} from pid 898
I/Choreographer(  948): Skipped 30 frames!  The application may be doing too much work on its main thread.
I/ActivityManager(  226): START {act=android.intent.action.MAIN cat=[android.intent.category.LAUNCHER] flg=0x10200000 cmp=com.agewap.om/.OperaMiniActivity u=0} from pid 898
D/InputEventConsistencyVerifier(  948): TrackballEvent: Trackball is down but pressure is not greater than 0.
D/InputEventConsistencyVerifier(  948):   in android.view.ViewRootImpl@b3ef7168
D/InputEventConsistencyVerifier(  948):   0: sent at 210330000000, MotionEvent { action=ACTION_DOWN, id[0]=0, x[0]=0.0, y[0]=0.0, toolType[0]=TOOL_TYPE_UNKNOWN, buttonState=0, metaState=0, flags=0x0, edgeFlags=0x0, pointerCount=1, historySize=0, eventTime=210330, downTime=210258, deviceId=0, source=0x10004 }
D/InputEventConsistencyVerifier(  948):   -- recent events --
D/InputEventConsistencyVerifier(  948):   1: sent at 210457000000, KeyEvent { action=ACTION_UP, keyCode=KEYCODE_DPAD_DOWN, scanCode=0, metaState=0, flags=0x400, repeatCount=0, eventTime=210457, downTime=210457, deviceId=-1, source=0x101 }
D/InputEventConsistencyVerifier(  948):   2: sent at 210457000000, KeyEvent { action=ACTION_DOWN, keyCode=KEYCODE_DPAD_DOWN, scanCode=0, metaState=0, flags=0x400, repeatCount=0, eventTime=210457, downTime=210457, deviceId=-1, source=0x101 }
D/InputEventConsistencyVerifier(  948):   3: sent at 210456000000, KeyEvent { action=ACTION_UP, keyCode=KEYCODE_DPAD_DOWN, scanCode=0, metaState=0, flags=0x400, repeatCount=0, eventTime=210456, downTime=210456, deviceId=-1, source=0x101 }
D/InputEventConsistencyVerifier(  948):   4: sent at 210456000000, KeyEvent { action=ACTION_DOWN, keyCode=KEYCODE_DPAD_DOWN, scanCode=0, metaState=0, flags=0x400, repeatCount=0, eventTime=210456, downTime=210456, deviceId=-1, source=0x101 }
D/InputEventConsistencyVerifier(  948):   5: sent at 210455000000, KeyEvent { action=ACTION_UP, keyCode=KEYCODE_DPAD_DOWN, scanCode=0, metaState=0, flags=0x400, repeatCount=0, eventTime=210455, downTime=210455, deviceId=-1, source=0x101 }
I/Choreographer(  948): Skipped 227 frames!  The application may be doing too much work on its main thread.
W/InputMethodManagerService(  226): Window already focused, ignoring focus gain of: com.android.internal.view.IInputMethodClient$Stub$Proxy@b411f320 attribute=null
I/Choreographer(  948): Skipped 55 frames!  The application may be doing too much work on its main thread.
I/Choreographer(  948): Skipped 31 frames!  The application may be doing too much work on its main thread.
I/ActivityManager(  226): START {act=android.intent.action.MAIN cat=[android.intent.category.LAUNCHER] flg=0x10000000 cmp=com.android.email/.activity.Welcome sel={act=android.intent.action.MAIN cat=[android.intent.category.APP_EMAIL]} u=0} from pid 226
D/InputEventConsistencyVerifier(  948): KeyEvent: ACTION_UP but key was not down.
D/InputEventConsistencyVerifier(  948):   in android.view.ViewRootImpl@b3dccd88
D/InputEventConsistencyVerifier(  948):   0: sent at 213136000000, KeyEvent { action=ACTION_UP, keyCode=KEYCODE_ENVELOPE, scanCode=0, metaState=0, flags=0x8, repeatCount=0, eventTime=213136, downTime=213136, deviceId=-1, source=0x101 }
D/InputEventConsistencyVerifier(  948):   -- recent events --
D/InputEventConsistencyVerifier(  948):   1: sent at 213070000000, KeyEvent { action=ACTION_UP, keyCode=KEYCODE_DPAD_DOWN, scanCode=0, metaState=0, flags=0x8, repeatCount=0, eventTime=213070, downTime=213070, deviceId=-1, source=0x101 }
D/InputEventConsistencyVerifier(  948):   2: sent at 213025000000, KeyEvent { action=ACTION_DOWN, keyCode=KEYCODE_DPAD_DOWN, scanCode=0, metaState=0, flags=0x8, repeatCount=0, eventTime=213025, downTime=213025, deviceId=-1, source=0x101 }
D/InputEventConsistencyVerifier(  948):   3: sent at 213020000000, MotionEvent { action=ACTION_UP, id[0]=0, x[0]=77.0, y[0]=597.0, toolType[0]=TOOL_TYPE_UNKNOWN, buttonState=0, metaState=0, flags=0x0, edgeFlags=0x0, pointerCount=1, historySize=0, eventTime=213020, downTime=213003, deviceId=0, source=0x1002 }
D/InputEventConsistencyVerifier(  948):   4: sent at 213017000000, MotionEvent { action=ACTION_MOVE, id[0]=0, x[0]=74.0, y[0]=595.0, toolType[0]=TOOL_TYPE_UNKNOWN, buttonState=0, metaState=0, flags=0x0, edgeFlags=0x0, pointerCount=1, historySize=2, eventTime=213017, downTime=213003, deviceId=0, source=0x1002 }
D/InputEventConsistencyVerifier(  948):   5: sent at 213005000000, MotionEvent { action=ACTION_DOWN, id[0]=0, x[0]=67.0, y[0]=582.0, toolType[0]=TOOL_TYPE_UNKNOWN, buttonState=0, metaState=0, flags=0x0, edgeFlags=0x0, pointerCount=1, historySize=0, eventTime=213005, downTime=213003, deviceId=0, source=0x1002 }
D/InputEventConsistencyVerifier(  420): TouchEvent: ACTION_DOWN but pointers are already down.  Probably missing ACTION_UP from previous gesture.
D/InputEventConsistencyVerifier(  420):   in android.view.ScaleGestureDetector@b3eb1dd0
D/InputEventConsistencyVerifier(  420):   0: sent at 213375000000, MotionEvent { action=ACTION_DOWN, id[0]=0, x[0]=316.0, y[0]=29.0, toolType[0]=TOOL_TYPE_UNKNOWN, buttonState=0, metaState=0, flags=0x0, edgeFlags=0x0, pointerCount=1, historySize=0, eventTime=213375, downTime=213375, deviceId=0, source=0x1002 }
D/InputEventConsistencyVerifier(  420):   -- recent events --
D/InputEventConsistencyVerifier(  420):   1: sent at 204715000000, MotionEvent { action=ACTION_DOWN, id[0]=0, x[0]=402.0, y[0]=632.0, toolType[0]=TOOL_TYPE_UNKNOWN, buttonState=0, metaState=0, flags=0x80000000, edgeFlags=0x0, pointerCount=1, historySize=0, eventTime=204715, downTime=204713, deviceId=0, source=0x1002 }
D/InputEventConsistencyVerifier(  420):   2: sent at 204498000000, MotionEvent { action=ACTION_DOWN, id[0]=0, x[0]=217.0, y[0]=713.0, toolType[0]=TOOL_TYPE_UNKNOWN, buttonState=0, metaState=0, flags=0x80000000, edgeFlags=0x0, pointerCount=1, historySize=0, eventTime=204498, downTime=204478, deviceId=0, source=0x1002 }
D/InputEventConsistencyVerifier(  420):   3: sent at 204046000000, MotionEvent { action=ACTION_DOWN, id[0]=0, x[0]=463.0, y[0]=438.0, toolType[0]=TOOL_TYPE_UNKNOWN, buttonState=0, metaState=0, flags=0x80000000, edgeFlags=0x0, pointerCount=1, historySize=0, eventTime=204046, downTime=204044, deviceId=0, source=0x1002 }
D/InputEventConsistencyVerifier(  420):   4: sent at 203788000000, MotionEvent { action=ACTION_MOVE, id[0]=0, x[0]=184.0, y[0]=695.0, toolType[0]=TOOL_TYPE_UNKNOWN, buttonState=0, metaState=0, flags=0x0, edgeFlags=0x0, pointerCount=1, historySize=7, eventTime=203788, downTime=203718, deviceId=0, source=0x1002 }
D/InputEventConsistencyVerifier(  420):   5: sent at 203720000000, MotionEvent { action=ACTION_DOWN, id[0]=0, x[0]=126.0, y[0]=643.0, toolType[0]=TOOL_TYPE_UNKNOWN, buttonState=0, metaState=0, flags=0x0, edgeFlags=0x0, pointerCount=1, historySize=0, eventTime=203720, downTime=203718, deviceId=0, source=0x1002 }
W/dalvikvm(  898): DroidBox: { "FdAccess": { "path": "2f6465762f696e7075742f6576656e7430", "id": "20549502" } }
W/DroidBox(  898): DroidBox: { "FileRW": { "operation": "write", "data": "efbfbd060000efbfbdefbfbd0c000500000000000000", "id": "20549502" } }
D/InputEventConsistencyVerifier(  420): KeyEvent: ACTION_UP but key was not down.
D/InputEventConsistencyVerifier(  420):   in android.view.ViewRootImpl@b3ea2ab8
D/InputEventConsistencyVerifier(  420):   0: sent at 213434000000, KeyEvent { action=ACTION_UP, keyCode=KEYCODE_MENU, scanCode=0, metaState=0, flags=0x8, repeatCount=0, eventTime=213434, downTime=213434, deviceId=-1, source=0x101 }
D/InputEventConsistencyVerifier(  420):   -- recent events --
D/InputEventConsistencyVerifier(  420):   1: sent at 213391000000, MotionEvent { action=ACTION_UP, id[0]=0, x[0]=320.0, y[0]=30.0, toolType[0]=TOOL_TYPE_UNKNOWN, buttonState=0, metaState=0, flags=0x0, edgeFlags=0x0, pointerCount=1, historySize=0, eventTime=213391, downTime=213375, deviceId=0, source=0x1002 }
D/InputEventConsistencyVerifier(  420):   2: sent at 213375000000, MotionEvent { action=ACTION_DOWN, id[0]=0, x[0]=316.0, y[0]=29.0, toolType[0]=TOOL_TYPE_UNKNOWN, buttonState=0, metaState=0, flags=0x0, edgeFlags=0x0, pointerCount=1, historySize=0, eventTime=213375, downTime=213375, deviceId=0, source=0x1002 }
D/InputEventConsistencyVerifier(  420):   3: sent at 204737000000, MotionEvent { action=ACTION_UP, id[0]=0, x[0]=415.0, y[0]=674.0, toolType[0]=TOOL_TYPE_UNKNOWN, buttonState=0, metaState=0, flags=0x0, edgeFlags=0x0, pointerCount=1, historySize=0, eventTime=204737, downTime=204713, deviceId=0, source=0x1002 }
D/InputEventConsistencyVerifier(  420):   4: sent at 204735000000, MotionEvent { action=ACTION_MOVE, id[0]=0, x[0]=413.0, y[0]=666.0, toolType[0]=TOOL_TYPE_UNKNOWN, buttonState=0, metaState=0, flags=0x0, edgeFlags=0x0, pointerCount=1, historySize=4, eventTime=204735, downTime=204713, deviceId=0, source=0x1002 }
D/InputEventConsistencyVerifier(  420):   5: sent at 204715000000, MotionEvent { action=ACTION_DOWN, id[0]=0, x[0]=402.0, y[0]=632.0, toolType[0]=TOOL_TYPE_UNKNOWN, buttonState=0, metaState=0, flags=0x0, edgeFlags=0x0, pointerCount=1, historySize=0, eventTime=204715, downTime=204713, deviceId=0, source=0x1002 }
I/ActivityManager(  226): START {act=android.intent.action.CALL_BUTTON flg=0x10000000 cmp=com.android.contacts/.activities.DialtactsActivity u=0} from pid 420
I/ActivityManager(  226): START {act=android.intent.action.CALL_BUTTON flg=0x10000000 cmp=com.android.contacts/.activities.DialtactsActivity u=0} from pid 420
D/InputEventConsistencyVerifier(  420): KeyEvent: ACTION_UP but key was not down.
D/InputEventConsistencyVerifier(  420):   in com.android.systemui.statusbar.phone.StatusBarWindowView@b3e11300
D/InputEventConsistencyVerifier(  420):   0: sent at 213710000000, KeyEvent { action=ACTION_UP, keyCode=KEYCODE_DPAD_DOWN, scanCode=0, metaState=0, flags=0x8, repeatCount=0, eventTime=213710, downTime=213710, deviceId=-1, source=0x101 }
D/InputEventConsistencyVerifier(  420):   -- recent events --
D/InputEventConsistencyVerifier(  420):   1: sent at 213681000000, MotionEvent { action=ACTION_UP, id[0]=0, x[0]=368.0, y[0]=124.0, toolType[0]=TOOL_TYPE_UNKNOWN, buttonState=0, metaState=0, flags=0x0, edgeFlags=0x0, pointerCount=1, historySize=0, eventTime=213681, downTime=213640, deviceId=0, source=0x1002 }
D/InputEventConsistencyVerifier(  420):   2: sent at 213659000000, MotionEvent { action=ACTION_MOVE, id[0]=0, x[0]=359.0, y[0]=130.0, toolType[0]=TOOL_TYPE_UNKNOWN, buttonState=0, metaState=0, flags=0x0, edgeFlags=0x0, pointerCount=1, historySize=4, eventTime=213659, downTime=213640, deviceId=0, source=0x1002 }
D/InputEventConsistencyVerifier(  420):   3: sent at 213642000000, MotionEvent { action=ACTION_DOWN, id[0]=0, x[0]=343.0, y[0]=172.0, toolType[0]=TOOL_TYPE_UNKNOWN, buttonState=0, metaState=0, flags=0x0, edgeFlags=0x0, pointerCount=1, historySize=0, eventTime=213642, downTime=213640, deviceId=0, source=0x1002 }
D/InputEventConsistencyVerifier(  420):   4: sent at 213602000000, (unhandled) KeyEvent { action=ACTION_UP, keyCode=KEYCODE_CALL, scanCode=0, metaState=0, flags=0x8, repeatCount=0, eventTime=213602, downTime=213602, deviceId=-1, source=0x101 }
D/InputEventConsistencyVerifier(  420):   5: sent at 213569000000, (unhandled) KeyEvent { action=ACTION_DOWN, keyCode=KEYCODE_CALL, scanCode=0, metaState=0, flags=0x8, repeatCount=0, eventTime=213569, downTime=213569, deviceId=-1, source=0x101 }
W/dalvikvm(  420): DroidBox: { "FdAccess": { "path": "2f70726f632f6d656d696e666f", "id": "875984273" } }
W/DroidBox(  420): DroidBox: { "FileRW": { "operation": "read", "data": "4d656d546f74616c3a202020202020202020373438393634206b420a4d656d467265653a20202020202020202020343536373030206b420a427566666572733a20202020202020202020202035343838206b420a4361636865643a202020202020202020", "id": "875984273" } }
I/Choreographer(  420): Skipped 76 frames!  The application may be doing too much work on its main thread.
W/dalvikvm(  420): DroidBox: { "FdAccess": { "path": "2f70726f632f6d656d696e666f", "id": "2030594151" } }
W/DroidBox(  420): DroidBox: { "FileRW": { "operation": "read", "data": "4d656d546f74616c3a202020202020202020373438393634206b420a4d656d467265653a20202020202020202020343536373030206b420a427566666572733a20202020202020202020202035343838206b420a4361636865643a202020202020202020", "id": "2030594151" } }
V/PhoneStatusBar(  420): setLightsOn(true)
W/dalvikvm(  420): DroidBox: { "FdAccess": { "path": "2f70726f632f6d656d696e666f", "id": "450979753" } }
D/PhoneStatusBar(  420): disable: < expand icons alerts TICKER* system_info back home recent clock >
W/DroidBox(  420): DroidBox: { "FileRW": { "operation": "read", "data": "4d656d546f74616c3a202020202020202020373438393634206b420a4d656d467265653a20202020202020202020343536373030206b420a427566666572733a20202020202020202020202035343838206b420a4361636865643a202020202020202020", "id": "450979753" } }
W/dalvikvm(  420): DroidBox: { "FdAccess": { "path": "2f70726f632f6d656d696e666f", "id": "1789362753" } }
W/DroidBox(  420): DroidBox: { "FileRW": { "operation": "read", "data": "4d656d546f74616c3a202020202020202020373438393634206b420a4d656d467265653a20202020202020202020343536373030206b420a427566666572733a20202020202020202020202035343838206b420a4361636865643a202020202020202020", "id": "1789362753" } }
D/InputEventConsistencyVerifier(  420): TouchEvent: ACTION_DOWN but pointers are already down.  Probably missing ACTION_UP from previous gesture.
D/InputEventConsistencyVerifier(  420):   in android.view.ScaleGestureDetector@b3eb1dd0
D/InputEventConsistencyVerifier(  420):   0: sent at 213802000000, MotionEvent { action=ACTION_DOWN, id[0]=0, x[0]=459.0, y[0]=550.0, toolType[0]=TOOL_TYPE_UNKNOWN, buttonState=0, metaState=0, flags=0x0, edgeFlags=0x0, pointerCount=1, historySize=0, eventTime=213802, downTime=213802, deviceId=0, source=0x1002 }
D/InputEventConsistencyVerifier(  420):   -- recent events --
D/InputEventConsistencyVerifier(  420):   1: sent at 213642000000, MotionEvent { action=ACTION_DOWN, id[0]=0, x[0]=343.0, y[0]=172.0, toolType[0]=TOOL_TYPE_UNKNOWN, buttonState=0, metaState=0, flags=0x0, edgeFlags=0x0, pointerCount=1, historySize=0, eventTime=213642, downTime=213640, deviceId=0, source=0x1002 }
D/InputEventConsistencyVerifier(  420):   2: sent at 213391000000, MotionEvent { action=ACTION_UP, id[0]=0, x[0]=320.0, y[0]=30.0, toolType[0]=TOOL_TYPE_UNKNOWN, buttonState=0, metaState=0, flags=0x0, edgeFlags=0x0, pointerCount=1, historySize=0, eventTime=213391, downTime=213375, deviceId=0, source=0x1002 }
D/InputEventConsistencyVerifier(  420):   3: sent at 213375000000, MotionEvent { action=ACTION_DOWN, id[0]=0, x[0]=316.0, y[0]=29.0, toolType[0]=TOOL_TYPE_UNKNOWN, buttonState=0, metaState=0, flags=0x80000000, edgeFlags=0x0, pointerCount=1, historySize=0, eventTime=213375, downTime=213375, deviceId=0, source=0x1002 }
D/InputEventConsistencyVerifier(  420):   4: sent at 204715000000, MotionEvent { action=ACTION_DOWN, id[0]=0, x[0]=402.0, y[0]=632.0, toolType[0]=TOOL_TYPE_UNKNOWN, buttonState=0, metaState=0, flags=0x80000000, edgeFlags=0x0, pointerCount=1, historySize=0, eventTime=204715, downTime=204713, deviceId=0, source=0x1002 }
D/InputEventConsistencyVerifier(  420):   5: sent at 204498000000, MotionEvent { action=ACTION_DOWN, id[0]=0, x[0]=217.0, y[0]=713.0, toolType[0]=TOOL_TYPE_UNKNOWN, buttonState=0, metaState=0, flags=0x80000000, edgeFlags=0x0, pointerCount=1, historySize=0, eventTime=204498, downTime=204478, deviceId=0, source=0x1002 }
D/InputEventConsistencyVerifier(  420): KeyEvent: ACTION_UP but key was not down.
D/InputEventConsistencyVerifier(  420):   in android.widget.FrameLayout@b3e30e50
D/InputEventConsistencyVerifier(  420):   0: sent at 213927000000, KeyEvent { action=ACTION_UP, keyCode=KEYCODE_DPAD_DOWN, scanCode=0, metaState=0, flags=0x400, repeatCount=0, eventTime=213927, downTime=213927, deviceId=-1, source=0x101 }
D/InputEventConsistencyVerifier(  420):   -- recent events --
D/InputEventConsistencyVerifier(  420):   1: sent at 204516000000, (unhandled) KeyEvent { action=ACTION_UP, keyCode=KEYCODE_DPAD_DOWN, scanCode=0, metaState=0, flags=0x400, repeatCount=0, eventTime=204516, downTime=204516, deviceId=-1, source=0x101 }
D/InputEventConsistencyVerifier(  420):   2: sent at 204516000000, (unhandled) KeyEvent { action=ACTION_DOWN, keyCode=KEYCODE_DPAD_DOWN, scanCode=0, metaState=0, flags=0x400, repeatCount=0, eventTime=204516, downTime=204516, deviceId=-1, source=0x101 }
D/InputEventConsistencyVerifier(  420):   3: sent at 204516000000, (unhandled) KeyEvent { action=ACTION_UP, keyCode=KEYCODE_DPAD_DOWN, scanCode=0, metaState=0, flags=0x400, repeatCount=0, eventTime=204516, downTime=204516, deviceId=-1, source=0x101 }
D/InputEventConsistencyVerifier(  420):   4: sent at 204516000000, (unhandled) KeyEvent { action=ACTION_DOWN, keyCode=KEYCODE_DPAD_DOWN, scanCode=0, metaState=0, flags=0x400, repeatCount=0, eventTime=204516, downTime=204516, deviceId=-1, source=0x101 }
D/InputEventConsistencyVerifier(  420):   5: sent at 204516000000, (unhandled) KeyEvent { action=ACTION_UP, keyCode=KEYCODE_DPAD_DOWN, scanCode=0, metaState=0, flags=0x80000400, repeatCount=0, eventTime=204516, downTime=204516, deviceId=-1, source=0x101 }
D/InputEventConsistencyVerifier(  420): TouchEvent: ACTION_DOWN but pointers are already down.  Probably missing ACTION_UP from previous gesture.
D/InputEventConsistencyVerifier(  420):   in android.view.ScaleGestureDetector@b3eb1dd0
D/InputEventConsistencyVerifier(  420):   0: sent at 213963000000, MotionEvent { action=ACTION_DOWN, id[0]=0, x[0]=188.0, y[0]=386.0, toolType[0]=TOOL_TYPE_UNKNOWN, buttonState=0, metaState=0, flags=0x0, edgeFlags=0x0, pointerCount=1, historySize=0, eventTime=213963, downTime=213963, deviceId=0, source=0x1002 }
D/InputEventConsistencyVerifier(  420):   -- recent events --
D/InputEventConsistencyVerifier(  420):   1: sent at 213802000000, MotionEvent { action=ACTION_DOWN, id[0]=0, x[0]=459.0, y[0]=550.0, toolType[0]=TOOL_TYPE_UNKNOWN, buttonState=0, metaState=0, flags=0x80000000, edgeFlags=0x0, pointerCount=1, historySize=0, eventTime=213802, downTime=213802, deviceId=0, source=0x1002 }
D/InputEventConsistencyVerifier(  420):   2: sent at 213642000000, MotionEvent { action=ACTION_DOWN, id[0]=0, x[0]=343.0, y[0]=172.0, toolType[0]=TOOL_TYPE_UNKNOWN, buttonState=0, metaState=0, flags=0x0, edgeFlags=0x0, pointerCount=1, historySize=0, eventTime=213642, downTime=213640, deviceId=0, source=0x1002 }
D/InputEventConsistencyVerifier(  420):   3: sent at 213391000000, MotionEvent { action=ACTION_UP, id[0]=0, x[0]=320.0, y[0]=30.0, toolType[0]=TOOL_TYPE_UNKNOWN, buttonState=0, metaState=0, flags=0x0, edgeFlags=0x0, pointerCount=1, historySize=0, eventTime=213391, downTime=213375, deviceId=0, source=0x1002 }
D/InputEventConsistencyVerifier(  420):   4: sent at 213375000000, MotionEvent { action=ACTION_DOWN, id[0]=0, x[0]=316.0, y[0]=29.0, toolType[0]=TOOL_TYPE_UNKNOWN, buttonState=0, metaState=0, flags=0x80000000, edgeFlags=0x0, pointerCount=1, historySize=0, eventTime=213375, downTime=213375, deviceId=0, source=0x1002 }
D/InputEventConsistencyVerifier(  420):   5: sent at 204715000000, MotionEvent { action=ACTION_DOWN, id[0]=0, x[0]=402.0, y[0]=632.0, toolType[0]=TOOL_TYPE_UNKNOWN, buttonState=0, metaState=0, flags=0x80000000, edgeFlags=0x0, pointerCount=1, historySize=0, eventTime=204715, downTime=204713, deviceId=0, source=0x1002 }
W/dalvikvm(  420): DroidBox: { "FdAccess": { "path": "2f70726f632f6d656d696e666f", "id": "906089246" } }
W/DroidBox(  420): DroidBox: { "FileRW": { "operation": "read", "data": "4d656d546f74616c3a202020202020202020373438393634206b420a4d656d467265653a20202020202020202020343535323132206b420a427566666572733a20202020202020202020202035343838206b420a4361636865643a202020202020202020", "id": "906089246" } }
D/InputEventConsistencyVerifier(  420): KeyEvent: ACTION_UP but key was not down.
D/InputEventConsistencyVerifier(  420):   in com.android.systemui.statusbar.phone.StatusBarWindowView@b3e11300
D/InputEventConsistencyVerifier(  420):   0: sent at 214020000000, KeyEvent { action=ACTION_UP, keyCode=KEYCODE_DPAD_UP, scanCode=0, metaState=0, flags=0x400, repeatCount=0, eventTime=214020, downTime=214020, deviceId=-1, source=0x101 }
D/InputEventConsistencyVerifier(  420):   -- recent events --
D/InputEventConsistencyVerifier(  420):   1: sent at 213959000000, (unhandled) MotionEvent { action=ACTION_MOVE, id[0]=0, x[0]=4.0, y[0]=-4.0, toolType[0]=TOOL_TYPE_UNKNOWN, buttonState=0, metaState=0, flags=0x0, edgeFlags=0x0, pointerCount=1, historySize=4, eventTime=213959, downTime=-1, deviceId=0, source=0x10004 }
D/InputEventConsistencyVerifier(  420):   2: sent at 213982000000, MotionEvent { action=ACTION_UP, id[0]=0, x[0]=196.0, y[0]=383.0, toolType[0]=TOOL_TYPE_UNKNOWN, buttonState=0, metaState=0, flags=0x0, edgeFlags=0x0, pointerCount=1, historySize=0, eventTime=213982, downTime=213963, deviceId=0, source=0x1002 }
D/InputEventConsistencyVerifier(  420):   3: sent at 213963000000, MotionEvent { action=ACTION_DOWN, id[0]=0, x[0]=188.0, y[0]=386.0, toolType[0]=TOOL_TYPE_UNKNOWN, buttonState=0, metaState=0, flags=0x0, edgeFlags=0x0, pointerCount=1, historySize=0, eventTime=213963, downTime=213963, deviceId=0, source=0x1002 }
D/InputEventConsistencyVerifier(  420):   4: sent at 213928000000, (unhandled) KeyEvent { action=ACTION_UP, keyCode=KEYCODE_DPAD_DOWN, scanCode=0, metaState=0, flags=0x400, repeatCount=0, eventTime=213928, downTime=213928, deviceId=-1, source=0x101 }
D/InputEventConsistencyVerifier(  420):   5: sent at 213928000000, (unhandled) KeyEvent { action=ACTION_DOWN, keyCode=KEYCODE_DPAD_DOWN, scanCode=0, metaState=0, flags=0x400, repeatCount=0, eventTime=213928, downTime=213928, deviceId=-1, source=0x101 }
D/InputEventConsistencyVerifier(  420): KeyEvent: ACTION_UP but key was not down.
D/InputEventConsistencyVerifier(  420):   in android.widget.FrameLayout@b3e30e50
D/InputEventConsistencyVerifier(  420):   0: sent at 214023000000, KeyEvent { action=ACTION_UP, keyCode=KEYCODE_DPAD_DOWN, scanCode=0, metaState=0, flags=0x8, repeatCount=0, eventTime=214023, downTime=214023, deviceId=-1, source=0x101 }
D/InputEventConsistencyVerifier(  420):   -- recent events --
D/InputEventConsistencyVerifier(  420):   1: sent at 213928000000, (unhandled) KeyEvent { action=ACTION_UP, keyCode=KEYCODE_DPAD_DOWN, scanCode=0, metaState=0, flags=0x400, repeatCount=0, eventTime=213928, downTime=213928, deviceId=-1, source=0x101 }
D/InputEventConsistencyVerifier(  420):   2: sent at 213928000000, (unhandled) KeyEvent { action=ACTION_DOWN, keyCode=KEYCODE_DPAD_DOWN, scanCode=0, metaState=0, flags=0x400, repeatCount=0, eventTime=213928, downTime=213928, deviceId=-1, source=0x101 }
D/InputEventConsistencyVerifier(  420):   3: sent at 213927000000, (unhandled) KeyEvent { action=ACTION_UP, keyCode=KEYCODE_DPAD_DOWN, scanCode=0, metaState=0, flags=0x400, repeatCount=0, eventTime=213927, downTime=213927, deviceId=-1, source=0x101 }
D/InputEventConsistencyVerifier(  420):   4: sent at 213927000000, (unhandled) KeyEvent { action=ACTION_DOWN, keyCode=KEYCODE_DPAD_DOWN, scanCode=0, metaState=0, flags=0x400, repeatCount=0, eventTime=213927, downTime=213927, deviceId=-1, source=0x101 }
D/InputEventConsistencyVerifier(  420):   5: sent at 213927000000, (unhandled) KeyEvent { action=ACTION_UP, keyCode=KEYCODE_DPAD_DOWN, scanCode=0, metaState=0, flags=0x80000400, repeatCount=0, eventTime=213927, downTime=213927, deviceId=-1, source=0x101 }
W/InputMethodManagerService(  226): Window already focused, ignoring focus gain of: com.android.internal.view.IInputMethodClient$Stub$Proxy@b3fb7270 attribute=null
D/InputEventConsistencyVerifier(  420): KeyEvent: ACTION_UP but key was not down.
D/InputEventConsistencyVerifier(  420):   in com.android.systemui.statusbar.phone.PhoneStatusBarView@b3e13298
D/InputEventConsistencyVerifier(  420):   0: sent at 214096000000, KeyEvent { action=ACTION_UP, keyCode=KEYCODE_DPAD_UP, scanCode=0, metaState=0, flags=0x8, repeatCount=0, eventTime=214096, downTime=214096, deviceId=-1, source=0x101 }
D/InputEventConsistencyVerifier(  420):   -- recent events --
D/InputEventConsistencyVerifier(  420):   1: sent at 213989000000, (unhandled) KeyEvent { action=ACTION_DOWN, keyCode=KEYCODE_DPAD_DOWN, scanCode=0, metaState=0, flags=0x8, repeatCount=0, eventTime=213989, downTime=213989, deviceId=-1, source=0x101 }
D/InputEventConsistencyVerifier(  420):   2: sent at 214020000000, (unhandled) KeyEvent { action=ACTION_UP, keyCode=KEYCODE_DPAD_UP, scanCode=0, metaState=0, flags=0x400, repeatCount=0, eventTime=214020, downTime=214020, deviceId=-1, source=0x101 }
D/InputEventConsistencyVerifier(  420):   3: sent at 214020000000, (unhandled) KeyEvent { action=ACTION_DOWN, keyCode=KEYCODE_DPAD_UP, scanCode=0, metaState=0, flags=0x400, repeatCount=0, eventTime=214020, downTime=214020, deviceId=-1, source=0x101 }
D/InputEventConsistencyVerifier(  420):   4: sent at 214020000000, (unhandled) KeyEvent { action=ACTION_UP, keyCode=KEYCODE_DPAD_UP, scanCode=0, metaState=0, flags=0x400, repeatCount=0, eventTime=214020, downTime=214020, deviceId=-1, source=0x101 }
D/InputEventConsistencyVerifier(  420):   5: sent at 214020000000, (unhandled) KeyEvent { action=ACTION_DOWN, keyCode=KEYCODE_DPAD_UP, scanCode=0, metaState=0, flags=0x400, repeatCount=0, eventTime=214020, downTime=214020, deviceId=-1, source=0x101 }
D/InputEventConsistencyVerifier(  420): TouchEvent: ACTION_DOWN but pointers are already down.  Probably missing ACTION_UP from previous gesture.
D/InputEventConsistencyVerifier(  420):   in android.view.ScaleGestureDetector@b3eb1dd0
D/InputEventConsistencyVerifier(  420):   0: sent at 214275000000, MotionEvent { action=ACTION_DOWN, id[0]=0, x[0]=396.0, y[0]=22.0, toolType[0]=TOOL_TYPE_UNKNOWN, buttonState=0, metaState=0, flags=0x0, edgeFlags=0x0, pointerCount=1, historySize=0, eventTime=214275, downTime=214274, deviceId=0, source=0x1002 }
D/InputEventConsistencyVerifier(  420):   -- recent events --
D/InputEventConsistencyVerifier(  420):   1: sent at 213963000000, MotionEvent { action=ACTION_DOWN, id[0]=0, x[0]=188.0, y[0]=386.0, toolType[0]=TOOL_TYPE_UNKNOWN, buttonState=0, metaState=0, flags=0x80000000, edgeFlags=0x0, pointerCount=1, historySize=0, eventTime=213963, downTime=213963, deviceId=0, source=0x1002 }
D/InputEventConsistencyVerifier(  420):   2: sent at 213802000000, MotionEvent { action=ACTION_DOWN, id[0]=0, x[0]=459.0, y[0]=550.0, toolType[0]=TOOL_TYPE_UNKNOWN, buttonState=0, metaState=0, flags=0x80000000, edgeFlags=0x0, pointerCount=1, historySize=0, eventTime=213802, downTime=213802, deviceId=0, source=0x1002 }
D/InputEventConsistencyVerifier(  420):   3: sent at 213642000000, MotionEvent { action=ACTION_DOWN, id[0]=0, x[0]=343.0, y[0]=172.0, toolType[0]=TOOL_TYPE_UNKNOWN, buttonState=0, metaState=0, flags=0x0, edgeFlags=0x0, pointerCount=1, historySize=0, eventTime=213642, downTime=213640, deviceId=0, source=0x1002 }
D/InputEventConsistencyVerifier(  420):   4: sent at 213391000000, MotionEvent { action=ACTION_UP, id[0]=0, x[0]=320.0, y[0]=30.0, toolType[0]=TOOL_TYPE_UNKNOWN, buttonState=0, metaState=0, flags=0x0, edgeFlags=0x0, pointerCount=1, historySize=0, eventTime=213391, downTime=213375, deviceId=0, source=0x1002 }
D/InputEventConsistencyVerifier(  420):   5: sent at 213375000000, MotionEvent { action=ACTION_DOWN, id[0]=0, x[0]=316.0, y[0]=29.0, toolType[0]=TOOL_TYPE_UNKNOWN, buttonState=0, metaState=0, flags=0x80000000, edgeFlags=0x0, pointerCount=1, historySize=0, eventTime=213375, downTime=213375, deviceId=0, source=0x1002 }
I/Choreographer(  420): Skipped 113 frames!  The application may be doing too much work on its main thread.
I/Choreographer(  948): Skipped 31 frames!  The application may be doing too much work on its main thread.
D/InputEventConsistencyVerifier(  420): KeyEvent: ACTION_UP but key was not down.
D/InputEventConsistencyVerifier(  420):   in com.android.systemui.statusbar.phone.StatusBarWindowView@b3e11300
D/InputEventConsistencyVerifier(  420):   0: sent at 214602000000, KeyEvent { action=ACTION_UP, keyCode=KEYCODE_DPAD_UP, scanCode=0, metaState=0, flags=0x8, repeatCount=0, eventTime=214602, downTime=214602, deviceId=-1, source=0x101 }
D/InputEventConsistencyVerifier(  420):   -- recent events --
D/InputEventConsistencyVerifier(  420):   1: sent at 214331000000, MotionEvent { action=ACTION_UP, id[0]=0, x[0]=401.0, y[0]=37.0, toolType[0]=TOOL_TYPE_UNKNOWN, buttonState=0, metaState=0, flags=0x0, edgeFlags=0x0, pointerCount=1, historySize=0, eventTime=214331, downTime=214274, deviceId=0, source=0x1002 }
D/InputEventConsistencyVerifier(  420):   2: sent at 214275000000, MotionEvent { action=ACTION_DOWN, id[0]=0, x[0]=396.0, y[0]=22.0, toolType[0]=TOOL_TYPE_UNKNOWN, buttonState=0, metaState=0, flags=0x0, edgeFlags=0x0, pointerCount=1, historySize=0, eventTime=214275, downTime=214274, deviceId=0, source=0x1002 }
D/InputEventConsistencyVerifier(  420):   3: sent at 214096000000, (unhandled) KeyEvent { action=ACTION_UP, keyCode=KEYCODE_DPAD_UP, scanCode=0, metaState=0, flags=0x8, repeatCount=0, eventTime=214096, downTime=214096, deviceId=-1, source=0x101 }
D/InputEventConsistencyVerifier(  420):   4: sent at 214092000000, (unhandled) KeyEvent { action=ACTION_DOWN, keyCode=KEYCODE_DPAD_UP, scanCode=0, metaState=0, flags=0x8, repeatCount=0, eventTime=214092, downTime=214092, deviceId=-1, source=0x101 }
D/InputEventConsistencyVerifier(  420):   5: sent at 214084000000, (unhandled) KeyEvent { action=ACTION_UP, keyCode=KEYCODE_DPAD_RIGHT, scanCode=0, metaState=0, flags=0x8, repeatCount=0, eventTime=214084, downTime=214084, deviceId=-1, source=0x101 }
D/InputEventConsistencyVerifier(  420): KeyEvent: ACTION_UP but key was not down.
D/InputEventConsistencyVerifier(  420):   in com.android.systemui.statusbar.phone.PhoneStatusBarView@b3e13298
D/InputEventConsistencyVerifier(  420):   0: sent at 214807000000, KeyEvent { action=ACTION_UP, keyCode=KEYCODE_NUMPAD_2, scanCode=0, metaState=0, flags=0x8, repeatCount=0, eventTime=214807, downTime=214807, deviceId=-1, source=0x101 }
D/InputEventConsistencyVerifier(  420):   -- recent events --
D/InputEventConsistencyVerifier(  420):   1: sent at 214673000000, (unhandled) KeyEvent { action=ACTION_UP, keyCode=KEYCODE_DPAD_UP, scanCode=0, metaState=0, flags=0x8, repeatCount=0, eventTime=214673, downTime=214673, deviceId=-1, source=0x101 }
D/InputEventConsistencyVerifier(  420):   2: sent at 214648000000, (unhandled) KeyEvent { action=ACTION_DOWN, keyCode=KEYCODE_DPAD_UP, scanCode=0, metaState=0, flags=0x8, repeatCount=0, eventTime=214648, downTime=214648, deviceId=-1, source=0x101 }
D/InputEventConsistencyVerifier(  420):   3: sent at 214602000000, (unhandled) KeyEvent { action=ACTION_UP, keyCode=KEYCODE_DPAD_UP, scanCode=0, metaState=0, flags=0x80000008, repeatCount=0, eventTime=214602, downTime=214602, deviceId=-1, source=0x101 }
D/InputEventConsistencyVerifier(  420):   4: sent at 214331000000, MotionEvent { action=ACTION_UP, id[0]=0, x[0]=401.0, y[0]=37.0, toolType[0]=TOOL_TYPE_UNKNOWN, buttonState=0, metaState=0, flags=0x0, edgeFlags=0x0, pointerCount=1, historySize=0, eventTime=214331, downTime=214274, deviceId=0, source=0x1002 }
D/InputEventConsistencyVerifier(  420):   5: sent at 214275000000, MotionEvent { action=ACTION_DOWN, id[0]=0, x[0]=396.0, y[0]=22.0, toolType[0]=TOOL_TYPE_UNKNOWN, buttonState=0, metaState=0, flags=0x80000000, edgeFlags=0x0, pointerCount=1, historySize=0, eventTime=214275, downTime=214274, deviceId=0, source=0x1002 }
D/InputEventConsistencyVerifier(  420): KeyEvent: ACTION_UP but key was not down.
D/InputEventConsistencyVerifier(  420):   in com.android.systemui.statusbar.phone.StatusBarWindowView@b3e11300
D/InputEventConsistencyVerifier(  420):   0: sent at 214807000000, KeyEvent { action=ACTION_UP, keyCode=KEYCODE_DPAD_DOWN, scanCode=0, metaState=0, flags=0x8, repeatCount=0, eventTime=214807, downTime=214807, deviceId=-1, source=0x101 }
D/InputEventConsistencyVerifier(  420):   -- recent events --
D/InputEventConsistencyVerifier(  420):   1: sent at 214807000000, (unhandled) KeyEvent { action=ACTION_UP, keyCode=KEYCODE_NUMPAD_2, scanCode=0, metaState=0, flags=0x8, repeatCount=0, eventTime=214807, downTime=214807, deviceId=-1, source=0x101 }
D/InputEventConsistencyVerifier(  420):   2: sent at 214784000000, (unhandled) KeyEvent { action=ACTION_DOWN, keyCode=KEYCODE_NUMPAD_2, scanCode=0, metaState=0, flags=0x8, repeatCount=0, eventTime=214784, downTime=214784, deviceId=-1, source=0x101 }
D/InputEventConsistencyVerifier(  420):   3: sent at 214776000000, MotionEvent { action=ACTION_UP, id[0]=0, x[0]=248.0, y[0]=706.0, toolType[0]=TOOL_TYPE_UNKNOWN, buttonState=0, metaState=0, flags=0x0, edgeFlags=0x0, pointerCount=1, historySize=0, eventTime=214776, downTime=214679, deviceId=0, source=0x1002 }
D/InputEventConsistencyVerifier(  420):   4: sent at 214760000000, MotionEvent { action=ACTION_MOVE, id[0]=0, x[0]=244.0, y[0]=704.0, toolType[0]=TOOL_TYPE_UNKNOWN, buttonState=0, metaState=0, flags=0x0, edgeFlags=0x0, pointerCount=1, historySize=8, eventTime=214760, downTime=214679, deviceId=0, source=0x1002 }
D/InputEventConsistencyVerifier(  420):   5: sent at 214681000000, MotionEvent { action=ACTION_DOWN, id[0]=0, x[0]=227.0, y[0]=649.0, toolType[0]=TOOL_TYPE_UNKNOWN, buttonState=0, metaState=0, flags=0x0, edgeFlags=0x0, pointerCount=1, historySize=0, eventTime=214681, downTime=214679, deviceId=0, source=0x1002 }
D/InputEventConsistencyVerifier(  420): TouchEvent: ACTION_DOWN but pointers are already down.  Probably missing ACTION_UP from previous gesture.
D/InputEventConsistencyVerifier(  420):   in android.view.ScaleGestureDetector@b3eb1dd0
D/InputEventConsistencyVerifier(  420):   0: sent at 214957000000, MotionEvent { action=ACTION_DOWN, id[0]=0, x[0]=87.0, y[0]=201.0, toolType[0]=TOOL_TYPE_UNKNOWN, buttonState=0, metaState=0, flags=0x0, edgeFlags=0x0, pointerCount=1, historySize=0, eventTime=214957, downTime=214956, deviceId=0, source=0x1002 }
D/InputEventConsistencyVerifier(  420):   -- recent events --
D/InputEventConsistencyVerifier(  420):   1: sent at 214681000000, MotionEvent { action=ACTION_DOWN, id[0]=0, x[0]=227.0, y[0]=649.0, toolType[0]=TOOL_TYPE_UNKNOWN, buttonState=0, metaState=0, flags=0x0, edgeFlags=0x0, pointerCount=1, historySize=0, eventTime=214681, downTime=214679, deviceId=0, source=0x1002 }
D/InputEventConsistencyVerifier(  420):   2: sent at 214331000000, MotionEvent { action=ACTION_UP, id[0]=0, x[0]=401.0, y[0]=37.0, toolType[0]=TOOL_TYPE_UNKNOWN, buttonState=0, metaState=0, flags=0x0, edgeFlags=0x0, pointerCount=1, historySize=0, eventTime=214331, downTime=214274, deviceId=0, source=0x1002 }
D/InputEventConsistencyVerifier(  420):   3: sent at 214275000000, MotionEvent { action=ACTION_DOWN, id[0]=0, x[0]=396.0, y[0]=22.0, toolType[0]=TOOL_TYPE_UNKNOWN, buttonState=0, metaState=0, flags=0x80000000, edgeFlags=0x0, pointerCount=1, historySize=0, eventTime=214275, downTime=214274, deviceId=0, source=0x1002 }
D/InputEventConsistencyVerifier(  420):   4: sent at 213963000000, MotionEvent { action=ACTION_DOWN, id[0]=0, x[0]=188.0, y[0]=386.0, toolType[0]=TOOL_TYPE_UNKNOWN, buttonState=0, metaState=0, flags=0x80000000, edgeFlags=0x0, pointerCount=1, historySize=0, eventTime=213963, downTime=213963, deviceId=0, source=0x1002 }
D/InputEventConsistencyVerifier(  420):   5: sent at 213802000000, MotionEvent { action=ACTION_DOWN, id[0]=0, x[0]=459.0, y[0]=550.0, toolType[0]=TOOL_TYPE_UNKNOWN, buttonState=0, metaState=0, flags=0x80000000, edgeFlags=0x0, pointerCount=1, historySize=0, eventTime=213802, downTime=213802, deviceId=0, source=0x1002 }
W/dalvikvm(  420): DroidBox: { "FdAccess": { "path": "2f70726f632f6d656d696e666f", "id": "481830197" } }
W/DroidBox(  420): DroidBox: { "FileRW": { "operation": "read", "data": "4d656d546f74616c3a202020202020202020373438393634206b420a4d656d467265653a20202020202020202020343536333238206b420a427566666572733a20202020202020202020202035343838206b420a4361636865643a202020202020202020", "id": "481830197" } }
I/Choreographer(  420): Skipped 129 frames!  The application may be doing too much work on its main thread.
D/InputEventConsistencyVerifier(  420): KeyEvent: ACTION_UP but key was not down.
D/InputEventConsistencyVerifier(  420):   in com.android.systemui.statusbar.phone.StatusBarWindowView@b3e11300
D/InputEventConsistencyVerifier(  420):   0: sent at 215021000000, KeyEvent { action=ACTION_UP, keyCode=KEYCODE_DPAD_LEFT, scanCode=0, metaState=0, flags=0x400, repeatCount=0, eventTime=215021, downTime=215021, deviceId=-1, source=0x101 }
D/InputEventConsistencyVerifier(  420):   -- recent events --
D/InputEventConsistencyVerifier(  420):   1: sent at 214952000000, (unhandled) MotionEvent { action=ACTION_MOVE, id[0]=0, x[0]=-2.0, y[0]=1.0, toolType[0]=TOOL_TYPE_UNKNOWN, buttonState=0, metaState=0, flags=0x0, edgeFlags=0x0, pointerCount=1, historySize=9, eventTime=214952, downTime=-1, deviceId=0, source=0x10004 }
D/InputEventConsistencyVerifier(  420):   2: sent at 214962000000, MotionEvent { action=ACTION_UP, id[0]=0, x[0]=86.0, y[0]=202.0, toolType[0]=TOOL_TYPE_UNKNOWN, buttonState=0, metaState=0, flags=0x0, edgeFlags=0x0, pointerCount=1, historySize=0, eventTime=214962, downTime=214956, deviceId=0, source=0x1002 }
D/InputEventConsistencyVerifier(  420):   3: sent at 214957000000, MotionEvent { action=ACTION_DOWN, id[0]=0, x[0]=87.0, y[0]=201.0, toolType[0]=TOOL_TYPE_UNKNOWN, buttonState=0, metaState=0, flags=0x0, edgeFlags=0x0, pointerCount=1, historySize=0, eventTime=214957, downTime=214956, deviceId=0, source=0x1002 }
D/InputEventConsistencyVerifier(  420):   4: sent at 214858000000, (unhandled) KeyEvent { action=ACTION_UP, keyCode=KEYCODE_DPAD_CENTER, scanCode=0, metaState=0, flags=0x8, repeatCount=0, eventTime=214858, downTime=214858, deviceId=-1, source=0x101 }
D/InputEventConsistencyVerifier(  420):   5: sent at 214844000000, (unhandled) KeyEvent { action=ACTION_DOWN, keyCode=KEYCODE_DPAD_CENTER, scanCode=0, metaState=0, flags=0x8, repeatCount=0, eventTime=214844, downTime=214844, deviceId=-1, source=0x101 }
W/dalvikvm(  420): DroidBox: { "FdAccess": { "path": "2f70726f632f6d656d696e666f", "id": "1632895329" } }
W/DroidBox(  420): DroidBox: { "FileRW": { "operation": "read", "data": "4d656d546f74616c3a202020202020202020373438393634206b420a4d656d467265653a20202020202020202020343536333238206b420a427566666572733a20202020202020202020202035343838206b420a4361636865643a202020202020202020", "id": "1632895329" } }
D/InputEventConsistencyVerifier(  420): TouchEvent: ACTION_DOWN but pointers are already down.  Probably missing ACTION_UP from previous gesture.
D/InputEventConsistencyVerifier(  420):   in android.view.ScaleGestureDetector@b3eb1dd0
D/InputEventConsistencyVerifier(  420):   0: sent at 215108000000, MotionEvent { action=ACTION_DOWN, id[0]=0, x[0]=131.0, y[0]=443.0, toolType[0]=TOOL_TYPE_UNKNOWN, buttonState=0, metaState=0, flags=0x0, edgeFlags=0x0, pointerCount=1, historySize=0, eventTime=215108, downTime=215102, deviceId=0, source=0x1002 }
D/InputEventConsistencyVerifier(  420):   -- recent events --
D/InputEventConsistencyVerifier(  420):   1: sent at 214957000000, MotionEvent { action=ACTION_DOWN, id[0]=0, x[0]=87.0, y[0]=201.0, toolType[0]=TOOL_TYPE_UNKNOWN, buttonState=0, metaState=0, flags=0x80000000, edgeFlags=0x0, pointerCount=1, historySize=0, eventTime=214957, downTime=214956, deviceId=0, source=0x1002 }
D/InputEventConsistencyVerifier(  420):   2: sent at 214681000000, MotionEvent { action=ACTION_DOWN, id[0]=0, x[0]=227.0, y[0]=649.0, toolType[0]=TOOL_TYPE_UNKNOWN, buttonState=0, metaState=0, flags=0x0, edgeFlags=0x0, pointerCount=1, historySize=0, eventTime=214681, downTime=214679, deviceId=0, source=0x1002 }
D/InputEventConsistencyVerifier(  420):   3: sent at 214331000000, MotionEvent { action=ACTION_UP, id[0]=0, x[0]=401.0, y[0]=37.0, toolType[0]=TOOL_TYPE_UNKNOWN, buttonState=0, metaState=0, flags=0x0, edgeFlags=0x0, pointerCount=1, historySize=0, eventTime=214331, downTime=214274, deviceId=0, source=0x1002 }
D/InputEventConsistencyVerifier(  420):   4: sent at 214275000000, MotionEvent { action=ACTION_DOWN, id[0]=0, x[0]=396.0, y[0]=22.0, toolType[0]=TOOL_TYPE_UNKNOWN, buttonState=0, metaState=0, flags=0x80000000, edgeFlags=0x0, pointerCount=1, historySize=0, eventTime=214275, downTime=214274, deviceId=0, source=0x1002 }
D/InputEventConsistencyVerifier(  420):   5: sent at 213963000000, MotionEvent { action=ACTION_DOWN, id[0]=0, x[0]=188.0, y[0]=386.0, toolType[0]=TOOL_TYPE_UNKNOWN, buttonState=0, metaState=0, flags=0x80000000, edgeFlags=0x0, pointerCount=1, historySize=0, eventTime=213963, downTime=213963, deviceId=0, source=0x1002 }
D/InputEventConsistencyVerifier(  420): KeyEvent: ACTION_UP but key was not down.
D/InputEventConsistencyVerifier(  420):   in com.android.systemui.statusbar.phone.StatusBarWindowView@b3e11300
D/InputEventConsistencyVerifier(  420):   0: sent at 215287000000, KeyEvent { action=ACTION_UP, keyCode=KEYCODE_DPAD_DOWN, scanCode=0, metaState=0, flags=0x8, repeatCount=0, eventTime=215287, downTime=215287, deviceId=-1, source=0x101 }
D/InputEventConsistencyVerifier(  420):   -- recent events --
D/InputEventConsistencyVerifier(  420):   1: sent at 215201000000, MotionEvent { action=ACTION_UP, id[0]=0, x[0]=35.0, y[0]=489.0, toolType[0]=TOOL_TYPE_UNKNOWN, buttonState=0, metaState=0, flags=0x0, edgeFlags=0x0, pointerCount=1, historySize=0, eventTime=215201, downTime=215102, deviceId=0, source=0x1002 }
D/InputEventConsistencyVerifier(  420):   2: sent at 215199000000, MotionEvent { action=ACTION_POINTER_UP(1), id[0]=0, x[0]=49.0, y[0]=484.0, toolType[0]=TOOL_TYPE_UNKNOWN, id[1]=1, x[1]=411.0, y[1]=169.0, toolType[1]=TOOL_TYPE_UNKNOWN, buttonState=0, metaState=0, flags=0x0, edgeFlags=0x0, pointerCount=2, historySize=0, eventTime=215199, downTime=215102, deviceId=0, source=0x1002 }
D/InputEventConsistencyVerifier(  420):   3: sent at 215197000000, MotionEvent { action=ACTION_MOVE, id[0]=0, x[0]=53.0, y[0]=478.0, toolType[0]=TOOL_TYPE_UNKNOWN, id[1]=1, x[1]=410.0, y[1]=170.0, toolType[1]=TOOL_TYPE_UNKNOWN, buttonState=0, metaState=0, flags=0x0, edgeFlags=0x0, pointerCount=2, historySize=7, eventTime=215197, downTime=215102, deviceId=0, source=0x1002 }
D/InputEventConsistencyVerifier(  420):   4: sent at 215132000000, MotionEvent { action=ACTION_POINTER_DOWN(1), id[0]=0, x[0]=127.0, y[0]=445.0, toolType[0]=TOOL_TYPE_UNKNOWN, id[1]=1, x[1]=365.0, y[1]=199.0, toolType[1]=TOOL_TYPE_UNKNOWN, buttonState=0, metaState=0, flags=0x0, edgeFlags=0x0, pointerCount=2, historySize=0, eventTime=215132, downTime=215102, deviceId=0, source=0x1002 }
D/InputEventConsistencyVerifier(  420):   5: sent at 215108000000, MotionEvent { action=ACTION_DOWN, id[0]=0, x[0]=131.0, y[0]=443.0, toolType[0]=TOOL_TYPE_UNKNOWN, buttonState=0, metaState=0, flags=0x0, edgeFlags=0x0, pointerCount=1, historySize=0, eventTime=215108, downTime=215102, deviceId=0, source=0x1002 }
V/PhoneStatusBar(  420): setLightsOn(true)
D/PhoneStatusBar(  420): disable: < expand icons alerts TICKER system_info back home recent clock >
W/dalvikvm(  420): DroidBox: { "FdAccess": { "path": "2f70726f632f6d656d696e666f", "id": "242528552" } }
W/DroidBox(  420): DroidBox: { "FileRW": { "operation": "read", "data": "4d656d546f74616c3a202020202020202020373438393634206b420a4d656d467265653a20202020202020202020343536333238206b420a427566666572733a20202020202020202020202035343838206b420a4361636865643a202020202020202020", "id": "242528552" } }
D/InputEventConsistencyVerifier(  420): KeyEvent: ACTION_UP but key was not down.
D/InputEventConsistencyVerifier(  420):   in com.android.systemui.statusbar.phone.StatusBarWindowView@b3e11300
D/InputEventConsistencyVerifier(  420):   0: sent at 215334000000, KeyEvent { action=ACTION_UP, keyCode=KEYCODE_DPAD_DOWN, scanCode=0, metaState=0, flags=0x8, repeatCount=0, eventTime=215334, downTime=215334, deviceId=-1, source=0x101 }
D/InputEventConsistencyVerifier(  420):   -- recent events --
D/InputEventConsistencyVerifier(  420):   1: sent at 215301000000, (unhandled) KeyEvent { action=ACTION_UP, keyCode=KEYCODE_DPAD_LEFT, scanCode=0, metaState=0, flags=0x8, repeatCount=0, eventTime=215301, downTime=215301, deviceId=-1, source=0x101 }
D/InputEventConsistencyVerifier(  420):   2: sent at 215293000000, (unhandled) KeyEvent { action=ACTION_DOWN, keyCode=KEYCODE_DPAD_LEFT, scanCode=0, metaState=0, flags=0x8, repeatCount=0, eventTime=215293, downTime=215293, deviceId=-1, source=0x101 }
D/InputEventConsistencyVerifier(  420):   3: sent at 215287000000, (unhandled) KeyEvent { action=ACTION_UP, keyCode=KEYCODE_DPAD_DOWN, scanCode=0, metaState=0, flags=0x80000008, repeatCount=0, eventTime=215287, downTime=215287, deviceId=-1, source=0x101 }
D/InputEventConsistencyVerifier(  420):   4: sent at 215201000000, MotionEvent { action=ACTION_UP, id[0]=0, x[0]=35.0, y[0]=489.0, toolType[0]=TOOL_TYPE_UNKNOWN, buttonState=0, metaState=0, flags=0x0, edgeFlags=0x0, pointerCount=1, historySize=0, eventTime=215201, downTime=215102, deviceId=0, source=0x1002 }
D/InputEventConsistencyVerifier(  420):   5: sent at 215199000000, MotionEvent { action=ACTION_POINTER_UP(1), id[0]=0, x[0]=49.0, y[0]=484.0, toolType[0]=TOOL_TYPE_UNKNOWN, id[1]=1, x[1]=411.0, y[1]=169.0, toolType[1]=TOOL_TYPE_UNKNOWN, buttonState=0, metaState=0, flags=0x0, edgeFlags=0x0, pointerCount=2, historySize=0, eventTime=215199, downTime=215102, deviceId=0, source=0x1002 }
D/InputEventConsistencyVerifier(  420): KeyEvent: ACTION_UP but key was not down.
D/InputEventConsistencyVerifier(  420):   in android.widget.FrameLayout@b3e30e50
D/InputEventConsistencyVerifier(  420):   0: sent at 215379000000, KeyEvent { action=ACTION_UP, keyCode=KEYCODE_DPAD_DOWN, scanCode=0, metaState=0, flags=0x8, repeatCount=0, eventTime=215379, downTime=215379, deviceId=-1, source=0x101 }
D/InputEventConsistencyVerifier(  420):   -- recent events --
