E/WVMExtractor(   62): Failed to open libwvm.so
E/WVMExtractor(   62): Failed to open libwvm.so
E/WVMExtractor(   62): Failed to open libwvm.so
E/WVMExtractor(   62): Failed to open libwvm.so
E/WVMExtractor(   62): Failed to open libwvm.so
E/WVMExtractor(   62): Failed to open libwvm.so
E/WVMExtractor(   62): Failed to open libwvm.so
E/WVMExtractor(   62): Failed to open libwvm.so
E/WVMExtractor(   62): Failed to open libwvm.so
E/WVMExtractor(   62): Failed to open libwvm.so
E/WVMExtractor(   62): Failed to open libwvm.so
E/WVMExtractor(   62): Failed to open libwvm.so
E/WVMExtractor(   62): Failed to open libwvm.so
E/WVMExtractor(   62): Failed to open libwvm.so
E/WVMExtractor(   62): Failed to open libwvm.so
E/WVMExtractor(   62): Failed to open libwvm.so
E/WVMExtractor(   62): Failed to open libwvm.so
E/WVMExtractor(   62): Failed to open libwvm.so
E/WVMExtractor(   62): Failed to open libwvm.so
E/WVMExtractor(   62): Failed to open libwvm.so
W/BackupManagerService(  227): dataChanged but no participant pkg='com.android.providers.settings' uid=1001
E/WVMExtractor(   62): Failed to open libwvm.so
E/WVMExtractor(   62): Failed to open libwvm.so
E/WVMExtractor(   62): Failed to open libwvm.so
E/WVMExtractor(   62): Failed to open libwvm.so
E/WVMExtractor(   62): Failed to open libwvm.so
E/WVMExtractor(   62): Failed to open libwvm.so
W/BackupManagerService(  227): dataChanged but no participant pkg='com.android.providers.settings' uid=10011
E/WVMExtractor(   62): Failed to open libwvm.so
E/WVMExtractor(   62): Failed to open libwvm.so
E/MetadataRetrieverClient(   62): failed to extract an album art
E/WVMExtractor(   62): Failed to open libwvm.so
E/WVMExtractor(   62): Failed to open libwvm.so
W/dalvikvm( 1037): DroidBox: { "FdAccess": { "path": "706970653a5b353238365d", "id": "969050425" } }
W/DroidBox( 1037): DroidBox: { "FileRW": { "operation": "read", "data": "0a0a2d2d2d2d2d207069642032323720617420323032342d30392d30362032323a34383a3437202d2d2d2d2d0a436d64206c696e653a2073797374656d5f7365727665720a0a44414c56494b20544852454144533a0a286d7574657865733a20746c6c3d", "id": "969050425" } }
E/WVMExtractor(   62): Failed to open libwvm.so
E/WVMExtractor(   62): Failed to open libwvm.so
W/dalvikvm( 1037): DroidBox: { "FdAccess": { "path": "706970653a5b353238365d", "id": "190977981" } }
W/DroidBox( 1037): DroidBox: { "FileRW": { "operation": "read", "data": "797374656d2f6c69622f6c69627574696c732e736f2028616e64726f69643a3a5468726561643a3a5f7468726561644c6f6f7028766f69642a292b313134290a20202330362020706320303030343437663320202f73797374656d2f6c69622f6c696261", "id": "190977981" } }
W/dalvikvm( 1037): DroidBox: { "FdAccess": { "path": "706970653a5b353238365d", "id": "505163719" } }
W/DroidBox( 1037): DroidBox: { "FileRW": { "operation": "read", "data": "303030313061373520202f73797374656d2f6c69622f6c69627574696c732e736f0a20202332312020706320303030313264623020202f73797374656d2f6c69622f6c6962632e736f20285f5f7468726561645f656e7472792b3438290a202023323220", "id": "505163719" } }
E/WVMExtractor(   62): Failed to open libwvm.so
E/WVMExtractor(   62): Failed to open libwvm.so
W/dalvikvm( 1037): DroidBox: { "FdAccess": { "path": "706970653a5b353238365d", "id": "29288432" } }
W/DroidBox( 1037): DroidBox: { "FileRW": { "operation": "read", "data": "30313439616420202f73797374656d2f6c69622f6c69627574696c732e736f2028616e64726f69643a3a4c6f6f7065723a3a706f6c6c4f6e636528696e742c20696e742a2c20696e742a2c20766f69642a2a292b313034290a2020233033202070632030", "id": "29288432" } }
E/WVMExtractor(   62): Failed to open libwvm.so
E/WVMExtractor(   62): Failed to open libwvm.so
W/dalvikvm( 1037): DroidBox: { "FdAccess": { "path": "706970653a5b353238365d", "id": "641608988" } }
W/DroidBox( 1037): DroidBox: { "FileRW": { "operation": "read", "data": "7374292b343230290a20202331302020706320303030363339663920202f73797374656d2f6c69622f6c696264766d2e736f202864766d43616c6c4d6574686f64285468726561642a2c204d6574686f6420636f6e73742a2c204f626a6563742a2c204a", "id": "641608988" } }
E/WVMExtractor(   62): Failed to open libwvm.so
E/WVMExtractor(   62): Failed to open libwvm.so
W/dalvikvm( 1037): DroidBox: { "FdAccess": { "path": "706970653a5b353238365d", "id": "982297261" } }
W/DroidBox( 1037): DroidBox: { "FileRW": { "operation": "read", "data": "626c65285468726561642a292b31323238290a20202330382020706320303030326531653420202f73797374656d2f6c69622f6c696264766d2e736f202864766d496e74657270726574285468726561642a2c204d6574686f6420636f6e73742a2c204a", "id": "982297261" } }
E/WVMExtractor(   62): Failed to open libwvm.so
E/WVMExtractor(   62): Failed to open libwvm.so
W/dalvikvm( 1037): DroidBox: { "FdAccess": { "path": "706970653a5b353238365d", "id": "698608929" } }
W/DroidBox( 1037): DroidBox: { "FileRW": { "operation": "read", "data": "636f6e73742a2c204a56616c75652a2c204d6574686f6420636f6e73742a2c205468726561642a292b343132290a20202330362020706320303030336366663120202f73797374656d2f6c69622f6c696264766d2e736f202864766d436865636b43616c", "id": "698608929" } }
E/WVMExtractor(   62): Failed to open libwvm.so
E/WVMExtractor(   62): Failed to open libwvm.so
W/dalvikvm( 1037): DroidBox: { "FdAccess": { "path": "706970653a5b353238365d", "id": "1017812030" } }
W/DroidBox( 1037): DroidBox: { "FileRW": { "operation": "read", "data": "6c696264766d2e736f202864766d43616c6c4a4e494d6574686f6428756e7369676e656420696e7420636f6e73742a2c204a56616c75652a2c204d6574686f6420636f6e73742a2c205468726561642a292b343132290a20202330352020706320303030", "id": "1017812030" } }
W/dalvikvm(  227): DroidBox: { "FdAccess": { "path": "2f70726f632f313039362f636d646c696e65", "id": "3566709" } }
W/DroidBox(  227): DroidBox: { "FileRW": { "operation": "read", "data": "636174002f646174612f616e722f7472616365732e7478740000000000000000000000000000000000000000000000000000000000000000000000000000000000000000000000000000000036626232333462346334646261333736303038392e61706b", "id": "3566709" } }
E/WVMExtractor(   62): Failed to open libwvm.so
E/WVMExtractor(   62): Failed to open libwvm.so
W/dalvikvm( 1037): DroidBox: { "FdAccess": { "path": "706970653a5b353238365d", "id": "1178996623" } }
W/DroidBox( 1037): DroidBox: { "FileRW": { "operation": "read", "data": "74615f706f6c6c284e6174697665204d6574686f64290a2020617420616e64726f69642e68617264776172652e53797374656d53656e736f724d616e616765722453656e736f725468726561642453656e736f7254687265616452756e6e61626c652e72", "id": "1178996623" } }
E/WVMExtractor(   62): Failed to open libwvm.so
E/WVMExtractor(   62): Failed to open libwvm.so
W/dalvikvm( 1037): DroidBox: { "FdAccess": { "path": "706970653a5b353238365d", "id": "387238869" } }
W/DroidBox( 1037): DroidBox: { "FileRW": { "operation": "read", "data": "20202331312020706320303030353834623920202f73797374656d2f6c69622f6c696264766d2e736f0a20202331322020706320303030313264623020202f73797374656d2f6c69622f6c6962632e736f20285f5f7468726561645f656e7472792b3438", "id": "387238869" } }
E/WVMExtractor(   62): Failed to open libwvm.so
W/dalvikvm( 1037): DroidBox: { "FdAccess": { "path": "706970653a5b353238365d", "id": "69233185" } }
W/DroidBox( 1037): DroidBox: { "FileRW": { "operation": "read", "data": "656d2f6c69622f6c696264766d2e736f202864766d43616c6c4d6574686f64285468726561642a2c204d6574686f6420636f6e73742a2c204f626a6563742a2c204a56616c75652a2c202e2e2e292b3230290a2020233131202070632030303035383462", "id": "69233185" } }
E/WVMExtractor(   62): Failed to open libwvm.so
W/Adwo SDK( 1055): Could not get ad from Adwo servers,Network Error!
E/WVMExtractor(   62): Failed to open libwvm.so
E/WVMExtractor(   62): Failed to open libwvm.so
W/dalvikvm( 1037): DroidBox: { "FdAccess": { "path": "706970653a5b353238365d", "id": "163033863" } }
W/DroidBox( 1037): DroidBox: { "FileRW": { "operation": "read", "data": "645f656e7472792b3438290a20202330392020706320303030313235313420202f73797374656d2f6c69622f6c6962632e736f2028707468726561645f6372656174652b313732290a202061742064616c76696b2e73797374656d2e4e61746976655374", "id": "163033863" } }
E/WVMExtractor(   62): Failed to open libwvm.so
E/WVMExtractor(   62): Failed to open libwvm.so
E/WVMExtractor(   62): Failed to open libwvm.so
W/dalvikvm( 1037): DroidBox: { "FdAccess": { "path": "706970653a5b353238365d", "id": "771696459" } }
W/DroidBox( 1037): DroidBox: { "FileRW": { "operation": "read", "data": "742a2c204a56616c75652a2c204d6574686f6420636f6e73742a2c205468726561642a292b343132290a20202330362020706320303030336366663120202f73797374656d2f6c69622f6c696264766d2e736f202864766d436865636b43616c6c4a4e49", "id": "771696459" } }
E/WVMExtractor(   62): Failed to open libwvm.so
E/WVMExtractor(   62): Failed to open libwvm.so
W/dalvikvm( 1037): DroidBox: { "FdAccess": { "path": "706970653a5b353238365d", "id": "1774521656" } }
W/DroidBox( 1037): DroidBox: { "FileRW": { "operation": "read", "data": "6174697665506f6c6c4f6e6365284e6174697665204d6574686f64290a2020617420616e64726f69642e6f732e4d65737361676551756575652e6e657874284d65737361676551756575652e6a6176613a313235290a2020617420616e64726f69642e6f", "id": "1774521656" } }
E/WVMExtractor(   62): Failed to open libwvm.so
E/WVMExtractor(   62): Failed to open libwvm.so
W/dalvikvm( 1037): DroidBox: { "FdAccess": { "path": "706970653a5b353238365d", "id": "611312360" } }
W/DroidBox( 1037): DroidBox: { "FileRW": { "operation": "read", "data": "72756e576f726b657228546872656164506f6f6c4578656375746f722e6a6176613a31303639290a20206174206a6176612e7574696c2e636f6e63757272656e742e546872656164506f6f6c4578656375746f7224576f726b65722e72756e2854687265", "id": "611312360" } }
E/WVMExtractor(   62): Failed to open libwvm.so
E/WVMExtractor(   62): Failed to open libwvm.so
E/WVMExtractor(   62): Failed to open libwvm.so
W/dalvikvm(  227): DroidBox: { "FdAccess": { "path": "2f70726f632f3232372f6e65742f78745f717461677569642f69666163655f737461745f616c6c", "id": "1774094772" } }
W/DroidBox(  227): DroidBox: { "FileRW": { "operation": "read", "data": "65746830203120302030203020302036353830373120313934372032353338373520313531370a6c6f20312030203020302030203336383420353220333638342035320a0000000000000000000000000000000000000000000000000000000000000000", "id": "1774094772" } }
W/dalvikvm(  227): DroidBox: { "FdAccess": { "path": "2f70726f632f3232372f6e65742f78745f717461677569642f69666163655f737461745f616c6c", "id": "797998103" } }
W/DroidBox(  227): DroidBox: { "FileRW": { "operation": "read", "data": "35320a342035320a35320a342035320a320a320a320a320a320a35320a342035320a3638342035320a342035320a3638342035320a320a320a320a320a320a342035320a0000000000000000000000000000000000000000000000000000000000000000", "id": "797998103" } }
W/ThrottleService(  227): unable to find stats for iface rmnet0
E/ThrottleService(  227): Error reading data file
W/dalvikvm( 1037): DroidBox: { "FdAccess": { "path": "706970653a5b353238365d", "id": "1968687378" } }
W/DroidBox( 1037): DroidBox: { "FileRW": { "operation": "read", "data": "616c536f636b6574496d706c2e7265616462615f6e6174697665284e6174697665204d6574686f64290a2020617420616e64726f69642e6e65742e4c6f63616c536f636b6574496d706c2e61636365737324343030284c6f63616c536f636b6574496d70", "id": "1968687378" } }
E/WVMExtractor(   62): Failed to open libwvm.so
E/WVMExtractor(   62): Failed to open libwvm.so
W/dalvikvm( 1037): DroidBox: { "FdAccess": { "path": "706970653a5b353238365d", "id": "601580114" } }
W/DroidBox( 1037): DroidBox: { "FileRW": { "operation": "read", "data": "4e65774c61796f75742854657874566965772e6a6176613a35373431290a2020617420616e64726f69642e7769646765742e54657874566965772e6f6e4d6561737572652854657874566965772e6a6176613a36303938290a2020617420616e64726f69", "id": "601580114" } }
E/WVMExtractor(   62): Failed to open libwvm.so
E/WVMExtractor(   62): Failed to open libwvm.so
E/WVMExtractor(   62): Failed to open libwvm.so
W/dalvikvm( 1037): DroidBox: { "FdAccess": { "path": "706970653a5b353238365d", "id": "315142327" } }
E/WVMExtractor(   62): Failed to open libwvm.so
W/DroidBox( 1037): DroidBox: { "FileRW": { "operation": "read", "data": "313030303030303020313436303030303030302036343620292075746d3d32362073746d3d3520636f72653d300a20202330302020706320303030306461343020202f73797374656d2f6c69622f6c6962632e736f202865706f6c6c5f776169742b3132", "id": "315142327" } }
E/WVMExtractor(   62): Failed to open libwvm.so
W/dalvikvm( 1037): DroidBox: { "FdAccess": { "path": "706970653a5b353238365d", "id": "530613208" } }
W/DroidBox( 1037): DroidBox: { "FileRW": { "operation": "read", "data": "6d61696e222073436f756e743d31206473436f756e743d30206f626a3d307862333565373361382073656c663d307862383466343966380a20207c207379735469643d353534206e6963653d302073636865643d302f3020636772703d617070732f6267", "id": "530613208" } }
E/WVMExtractor(   62): Failed to open libwvm.so
E/WVMExtractor(   62): Failed to open libwvm.so
W/dalvikvm( 1037): DroidBox: { "FdAccess": { "path": "706970653a5b353238365d", "id": "1428444036" } }
W/DroidBox( 1037): DroidBox: { "FileRW": { "operation": "read", "data": "69627574696c732e736f0a20202330382020706320303030313264623020202f73797374656d2f6c69622f6c6962632e736f20285f5f7468726561645f656e7472792b3438290a20202330392020706320303030313235313420202f73797374656d2f6c", "id": "1428444036" } }
E/WVMExtractor(   62): Failed to open libwvm.so
E/WVMExtractor(   62): Failed to open libwvm.so
W/dalvikvm( 1037): DroidBox: { "FdAccess": { "path": "706970653a5b353238365d", "id": "958124402" } }
W/DroidBox( 1037): DroidBox: { "FileRW": { "operation": "read", "data": "6a6563742e6a6176613a343031290a20206174206a6176612e6c616e672e7265662e5265666572656e636551756575652e72656d6f7665285265666572656e636551756575652e6a6176613a313032290a20206174206a6176612e6c616e672e7265662e", "id": "958124402" } }
E/WVMExtractor(   62): Failed to open libwvm.so
E/WVMExtractor(   62): Failed to open libwvm.so
W/dalvikvm( 1037): DroidBox: { "FdAccess": { "path": "706970653a5b353238365d", "id": "1099377604" } }
W/DroidBox( 1037): DroidBox: { "FileRW": { "operation": "read", "data": "762a2c20696e74292b3232290a20202330342020706320303030316630623020202f73797374656d2f6c69622f6c696264766d2e736f202864766d506c6174666f726d496e766f6b652b313132290a20202330352020706320303030353131323120202f", "id": "1099377604" } }
E/WVMExtractor(   62): Failed to open libwvm.so
W/dalvikvm(  227): DroidBox: { "FdAccess": { "path": "706970653a5b353336385d", "id": "39314187" } }
W/DroidBox(  227): DroidBox: { "FileRW": { "operation": "write", "data": "4170706c69636174696f6e73204d656d6f727920557361676520286b42293a0a557074696d653a20313533313233205265616c74696d653a203135333132330a0a546f74616c205053532062792070726f636573733a0a202020203339353335206b423a", "id": "39314187" } }
W/dalvikvm( 1037): DroidBox: { "FdAccess": { "path": "706970653a5b353336385d", "id": "443662638" } }
W/DroidBox( 1037): DroidBox: { "FileRW": { "operation": "read", "data": "4170706c69636174696f6e73204d656d6f727920557361676520286b42293a0a557074696d653a20313533313233205265616c74696d653a203135333132330a0a546f74616c205053532062792070726f636573733a0a202020203339353335206b423a", "id": "443662638" } }
E/WVMExtractor(   62): Failed to open libwvm.so
E/WVMExtractor(   62): Failed to open libwvm.so
W/dalvikvm( 1037): DroidBox: { "FdAccess": { "path": "706970653a5b353336385d", "id": "921738947" } }
W/DroidBox( 1037): DroidBox: { "FileRW": { "operation": "read", "data": "00000000000000000000000000000000000000000000000000000000000000000000000000000000000000000000000000000000000000000000000000000000000000000000000000000000000000000000000000000000000000000000000000000000", "id": "921738947" } }
I/AndroidRuntime( 1037): VM exiting with result code 8.
E/WVMExtractor(   62): Failed to open libwvm.so
E/WVMExtractor(   62): Failed to open libwvm.so
E/WVMExtractor(   62): Failed to open libwvm.so
E/WVMExtractor(   62): Failed to open libwvm.so
E/WVMExtractor(   62): Failed to open libwvm.so
E/WVMExtractor(   62): Failed to open libwvm.so
E/WVMExtractor(   62): Failed to open libwvm.so
E/WVMExtractor(   62): Failed to open libwvm.so
E/WVMExtractor(   62): Failed to open libwvm.so
E/WVMExtractor(   62): Failed to open libwvm.so
E/WVMExtractor(   62): Failed to open libwvm.so
E/WVMExtractor(   62): Failed to open libwvm.so
E/WVMExtractor(   62): Failed to open libwvm.so
E/WVMExtractor(   62): Failed to open libwvm.so
E/WVMExtractor(   62): Failed to open libwvm.so
E/WVMExtractor(   62): Failed to open libwvm.so
E/WVMExtractor(   62): Failed to open libwvm.so
E/WVMExtractor(   62): Failed to open libwvm.so
E/WVMExtractor(   62): Failed to open libwvm.so
E/WVMExtractor(   62): Failed to open libwvm.so
E/WVMExtractor(   62): Failed to open libwvm.so
E/WVMExtractor(   62): Failed to open libwvm.so
E/WVMExtractor(   62): Failed to open libwvm.so
E/WVMExtractor(   62): Failed to open libwvm.so
E/WVMExtractor(   62): Failed to open libwvm.so
W/BackupManagerService(  227): dataChanged but no participant pkg='com.android.providers.settings' uid=10011
E/WVMExtractor(   62): Failed to open libwvm.so
E/WVMExtractor(   62): Failed to open libwvm.so
E/MetadataRetrieverClient(   62): failed to extract an album art
E/WVMExtractor(   62): Failed to open libwvm.so
E/WVMExtractor(   62): Failed to open libwvm.so
E/WVMExtractor(   62): Failed to open libwvm.so
E/WVMExtractor(   62): Failed to open libwvm.so
E/WVMExtractor(   62): Failed to open libwvm.so
E/WVMExtractor(   62): Failed to open libwvm.so
E/WVMExtractor(   62): Failed to open libwvm.so
E/WVMExtractor(   62): Failed to open libwvm.so
E/WVMExtractor(   62): Failed to open libwvm.so
E/WVMExtractor(   62): Failed to open libwvm.so
E/WVMExtractor(   62): Failed to open libwvm.so
E/WVMExtractor(   62): Failed to open libwvm.so
E/WVMExtractor(   62): Failed to open libwvm.so
E/WVMExtractor(   62): Failed to open libwvm.so
E/WVMExtractor(   62): Failed to open libwvm.so
E/WVMExtractor(   62): Failed to open libwvm.so
E/WVMExtractor(   62): Failed to open libwvm.so
E/WVMExtractor(   62): Failed to open libwvm.so
E/WVMExtractor(   62): Failed to open libwvm.so
E/WVMExtractor(   62): Failed to open libwvm.so
E/WVMExtractor(   62): Failed to open libwvm.so
E/WVMExtractor(   62): Failed to open libwvm.so
E/WVMExtractor(   62): Failed to open libwvm.so
E/WVMExtractor(   62): Failed to open libwvm.so
E/WVMExtractor(   62): Failed to open libwvm.so
E/WVMExtractor(   62): Failed to open libwvm.so
E/WVMExtractor(   62): Failed to open libwvm.so
E/WVMExtractor(   62): Failed to open libwvm.so
E/WVMExtractor(   62): Failed to open libwvm.so
E/WVMExtractor(   62): Failed to open libwvm.so
E/WVMExtractor(   62): Failed to open libwvm.so
E/WVMExtractor(   62): Failed to open libwvm.so
E/WVMExtractor(   62): Failed to open libwvm.so
E/WVMExtractor(   62): Failed to open libwvm.so
E/WVMExtractor(   62): Failed to open libwvm.so
E/WVMExtractor(   62): Failed to open libwvm.so
E/WVMExtractor(   62): Failed to open libwvm.so
E/WVMExtractor(   62): Failed to open libwvm.so
E/MetadataRetrieverClient(   62): failed to extract an album art
E/WVMExtractor(   62): Failed to open libwvm.so
E/MetadataRetrieverClient(   62): failed to extract an album art
I/ActivityManager(  227): No longer want com.android.contacts (pid 711): hidden #16
W/DroidBox( 1055): DroidBox: { "OpenNet": { "desthost": "42.62.76.40", "destport": "80", "fd": "20" } }
W/Adwo SDK( 1055): Could not get ad from Adwo servers,Network Error!
W/DroidBox( 1055): DroidBox: { "OpenNet": { "desthost": "42.62.76.40", "destport": "80", "fd": "23" } }
W/Adwo SDK( 1055): Could not get ad from Adwo servers,Network Error!
W/DroidBox( 1055): DroidBox: { "OpenNet": { "desthost": "42.62.76.40", "destport": "80", "fd": "26" } }
W/Adwo SDK( 1055): Could not get ad from Adwo servers,Network Error!
W/DroidBox( 1055): DroidBox: { "OpenNet": { "desthost": "42.62.76.40", "destport": "80", "fd": "29" } }
W/Adwo SDK( 1055): Could not get ad from Adwo servers,Network Error!
W/DroidBox( 1055): DroidBox: { "OpenNet": { "desthost": "42.62.76.40", "destport": "80", "fd": "32" } }
W/Adwo SDK( 1055): Could not get ad from Adwo servers,Network Error!
W/DroidBox( 1055): DroidBox: { "OpenNet": { "desthost": "42.62.76.40", "destport": "80", "fd": "35" } }
W/Adwo SDK( 1055): Could not get ad from Adwo servers,Network Error!
W/DroidBox( 1055): DroidBox: { "OpenNet": { "desthost": "42.62.76.40", "destport": "80", "fd": "38" } }
W/Adwo SDK( 1055): Could not get ad from Adwo servers,Network Error!
W/DroidBox( 1055): DroidBox: { "OpenNet": { "desthost": "42.62.76.40", "destport": "80", "fd": "41" } }
W/Adwo SDK( 1055): Could not get ad from Adwo servers,Network Error!
I/Choreographer(  423): Skipped 38 frames!  The application may be doing too much work on its main thread.
