D/InputEventConsistencyVerifier(  431):   4: sent at 219747000000, (unhandled) KeyEvent { action=ACTION_DOWN, keyCode=KEYCODE_DPAD_DOWN, scanCode=0, metaState=0, flags=0x8, repeatCount=0, eventTime=219747, downTime=219747, deviceId=-1, source=0x101 }
D/InputEventConsistencyVerifier(  431):   5: sent at 219812000000, (unhandled) KeyEvent { action=ACTION_UP, keyCode=KEYCODE_DPAD_UP, scanCode=0, metaState=0, flags=0x400, repeatCount=0, eventTime=219812, downTime=219812, deviceId=-1, source=0x101 }
I/Choreographer(  431): Skipped 55 frames!  The application may be doing too much work on its main thread.
W/dalvikvm(  431): DroidBox: { "FdAccess": { "path": "2f70726f632f6d656d696e666f", "id": "1114699886" } }
W/DroidBox(  431): DroidBox: { "FileRW": { "operation": "read", "data": "4d656d546f74616c3a202020202020202020373438393634206b420a4d656d467265653a20202020202020202020343332323132206b420a427566666572733a20202020202020202020202035353638206b420a4361636865643a202020202020202020", "id": "1114699886" } }
I/Choreographer(  431): Skipped 50 frames!  The application may be doing too much work on its main thread.
V/PhoneStatusBar(  431): setLightsOn(true)
D/PhoneStatusBar(  431): disable: < expand icons alerts ticker* system_info back home recent clock >
E/WVMExtractor(   63): Failed to open libwvm.so
E/WVMExtractor(   63): Failed to open libwvm.so
W/InputMethodManagerService(  230): Window already focused, ignoring focus gain of: com.android.internal.view.IInputMethodClient$Stub$Proxy@b3eb9a10 attribute=null
I/Choreographer( 1024): Skipped 57 frames!  The application may be doing too much work on its main thread.
E/WVMExtractor(   63): Failed to open libwvm.so
D/InputEventConsistencyVerifier( 1024): KeyEvent: ACTION_UP but key was not down.
D/InputEventConsistencyVerifier( 1024):   in com.ps.mine.GameView@b3de0fd0
D/InputEventConsistencyVerifier( 1024):   0: sent at 220828000000, KeyEvent { action=ACTION_UP, keyCode=KEYCODE_DPAD_RIGHT, scanCode=0, metaState=0, flags=0x8, repeatCount=0, eventTime=220828, downTime=220828, deviceId=-1, source=0x101 }
D/InputEventConsistencyVerifier( 1024):   -- recent events --
D/InputEventConsistencyVerifier( 1024):   1: sent at 215808000000, MotionEvent { action=ACTION_UP, id[0]=0, x[0]=96.66667, y[0]=141.33334, toolType[0]=TOOL_TYPE_UNKNOWN, buttonState=0, metaState=0, flags=0x0, edgeFlags=0x0, pointerCount=1, historySize=0, eventTime=215808, downTime=215801, deviceId=0, source=0x1002 }
D/InputEventConsistencyVerifier( 1024):   2: sent at 215802000000, MotionEvent { action=ACTION_DOWN, id[0]=0, x[0]=106.0, y[0]=156.0, toolType[0]=TOOL_TYPE_UNKNOWN, buttonState=0, metaState=0, flags=0x0, edgeFlags=0x0, pointerCount=1, historySize=0, eventTime=215802, downTime=215801, deviceId=0, source=0x1002 }
D/InputEventConsistencyVerifier( 1024):   3: sent at 215769000000, MotionEvent { action=ACTION_UP, id[0]=0, x[0]=241.33334, y[0]=20.0, toolType[0]=TOOL_TYPE_UNKNOWN, buttonState=0, metaState=0, flags=0x0, edgeFlags=0x0, pointerCount=1, historySize=0, eventTime=215769, downTime=215762, deviceId=0, source=0x1002 }
D/InputEventConsistencyVerifier( 1024):   4: sent at 215763000000, MotionEvent { action=ACTION_DOWN, id[0]=0, x[0]=240.0, y[0]=20.666672, toolType[0]=TOOL_TYPE_UNKNOWN, buttonState=0, metaState=0, flags=0x0, edgeFlags=0x0, pointerCount=1, historySize=0, eventTime=215763, downTime=215762, deviceId=0, source=0x1002 }
D/InputEventConsistencyVerifier( 1024):   5: sent at 214089000000, MotionEvent { action=ACTION_UP, id[0]=0, x[0]=245.33334, y[0]=24.666672, toolType[0]=TOOL_TYPE_UNKNOWN, buttonState=0, metaState=0, flags=0x0, edgeFlags=0x0, pointerCount=1, historySize=0, eventTime=214089, downTime=214052, deviceId=0, source=0x1002 }
V/GameView( 1024): updateView
E/WVMExtractor(   63): Failed to open libwvm.so
I/Choreographer( 1024): Skipped 59 frames!  The application may be doing too much work on its main thread.
V/GameView( 1024): updateView
D/InputEventConsistencyVerifier( 1024): KeyEvent: ACTION_UP but key was not down.
D/InputEventConsistencyVerifier( 1024):   in com.android.internal.policy.impl.PhoneWindow$DecorView@b3dbe268
D/InputEventConsistencyVerifier( 1024):   0: sent at 221496000000, KeyEvent { action=ACTION_UP, keyCode=KEYCODE_DPAD_CENTER, scanCode=0, metaState=0, flags=0x8, repeatCount=0, eventTime=221496, downTime=221496, deviceId=-1, source=0x101 }
D/InputEventConsistencyVerifier( 1024):   -- recent events --
D/InputEventConsistencyVerifier( 1024):   1: sent at 220960000000, MotionEvent { action=ACTION_UP, id[0]=0, x[0]=207.33334, y[0]=212.0, toolType[0]=TOOL_TYPE_UNKNOWN, buttonState=0, metaState=0, flags=0x0, edgeFlags=0x0, pointerCount=1, historySize=0, eventTime=220960, downTime=220954, deviceId=0, source=0x1002 }
D/InputEventConsistencyVerifier( 1024):   2: sent at 220954000000, MotionEvent { action=ACTION_DOWN, id[0]=0, x[0]=202.66667, y[0]=212.66667, toolType[0]=TOOL_TYPE_UNKNOWN, buttonState=0, metaState=0, flags=0x0, edgeFlags=0x0, pointerCount=1, historySize=0, eventTime=220954, downTime=220954, deviceId=0, source=0x1002 }
D/InputEventConsistencyVerifier( 1024):   3: sent at 220929000000, MotionEvent { action=ACTION_UP, id[0]=0, x[0]=39.333336, y[0]=441.33334, toolType[0]=TOOL_TYPE_UNKNOWN, buttonState=0, metaState=0, flags=0x0, edgeFlags=0x0, pointerCount=1, historySize=0, eventTime=220929, downTime=220883, deviceId=0, source=0x1002 }
D/InputEventConsistencyVerifier( 1024):   4: sent at 220926000000, MotionEvent { action=ACTION_MOVE, id[0]=0, x[0]=39.333336, y[0]=450.0, toolType[0]=TOOL_TYPE_UNKNOWN, buttonState=0, metaState=0, flags=0x0, edgeFlags=0x0, pointerCount=1, historySize=4, eventTime=220926, downTime=220883, deviceId=0, source=0x1002 }
D/InputEventConsistencyVerifier( 1024):   5: sent at 220885000000, MotionEvent { action=ACTION_DOWN, id[0]=0, x[0]=60.0, y[0]=476.0, toolType[0]=TOOL_TYPE_UNKNOWN, buttonState=0, metaState=0, flags=0x0, edgeFlags=0x0, pointerCount=1, historySize=0, eventTime=220885, downTime=220883, deviceId=0, source=0x1002 }
E/WVMExtractor(   63): Failed to open libwvm.so
I/ActivityManager(  230): START {act=android.intent.action.CALL_BUTTON flg=0x10000000 cmp=com.android.contacts/.activities.DialtactsActivity u=0} from pid 1024
V/GameView( 1024): updateView
E/WVMExtractor(   63): Failed to open libwvm.so
E/WVMExtractor(   63): Failed to open libwvm.so
D/InputEventConsistencyVerifier( 1024): KeyEvent: ACTION_UP but key was not down.
D/InputEventConsistencyVerifier( 1024):   in com.ps.mine.GameView@b3de0fd0
D/InputEventConsistencyVerifier( 1024):   0: sent at 222566000000, KeyEvent { action=ACTION_UP, keyCode=KEYCODE_DPAD_RIGHT, scanCode=0, metaState=0, flags=0x400, repeatCount=0, eventTime=222566, downTime=222566, deviceId=-1, source=0x101 }
D/InputEventConsistencyVerifier( 1024):   -- recent events --
D/InputEventConsistencyVerifier( 1024):   1: sent at 220960000000, MotionEvent { action=ACTION_UP, id[0]=0, x[0]=207.33334, y[0]=162.0, toolType[0]=TOOL_TYPE_UNKNOWN, buttonState=0, metaState=0, flags=0x0, edgeFlags=0x0, pointerCount=1, historySize=0, eventTime=220960, downTime=220954, deviceId=0, source=0x1002 }
D/InputEventConsistencyVerifier( 1024):   2: sent at 220954000000, MotionEvent { action=ACTION_DOWN, id[0]=0, x[0]=202.66667, y[0]=162.66667, toolType[0]=TOOL_TYPE_UNKNOWN, buttonState=0, metaState=0, flags=0x0, edgeFlags=0x0, pointerCount=1, historySize=0, eventTime=220954, downTime=220954, deviceId=0, source=0x1002 }
D/InputEventConsistencyVerifier( 1024):   3: sent at 220929000000, MotionEvent { action=ACTION_UP, id[0]=0, x[0]=39.333336, y[0]=391.33334, toolType[0]=TOOL_TYPE_UNKNOWN, buttonState=0, metaState=0, flags=0x0, edgeFlags=0x0, pointerCount=1, historySize=0, eventTime=220929, downTime=220883, deviceId=0, source=0x1002 }
D/InputEventConsistencyVerifier( 1024):   4: sent at 220926000000, MotionEvent { action=ACTION_MOVE, id[0]=0, x[0]=39.333336, y[0]=400.0, toolType[0]=TOOL_TYPE_UNKNOWN, buttonState=0, metaState=0, flags=0x0, edgeFlags=0x0, pointerCount=1, historySize=4, eventTime=220926, downTime=220883, deviceId=0, source=0x1002 }
D/InputEventConsistencyVerifier( 1024):   5: sent at 220885000000, MotionEvent { action=ACTION_DOWN, id[0]=0, x[0]=60.0, y[0]=426.0, toolType[0]=TOOL_TYPE_UNKNOWN, buttonState=0, metaState=0, flags=0x0, edgeFlags=0x0, pointerCount=1, historySize=0, eventTime=220885, downTime=220883, deviceId=0, source=0x1002 }
V/GameView( 1024): updateView
I/Choreographer( 1024): Skipped 33 frames!  The application may be doing too much work on its main thread.
I/Choreographer( 1024): Skipped 42 frames!  The application may be doing too much work on its main thread.
V/GameView( 1024): updateView
V/GameView( 1024): updateView
V/GameView( 1024): updateView
V/GameView( 1024): updateView
I/Choreographer( 1024): Skipped 49 frames!  The application may be doing too much work on its main thread.
D/InputEventConsistencyVerifier( 1024): KeyEvent: ACTION_UP but key was not down.
D/InputEventConsistencyVerifier( 1024):   in com.android.internal.policy.impl.PhoneWindow$DecorView@b3dfffd0
D/InputEventConsistencyVerifier( 1024):   0: sent at 225608000000, KeyEvent { action=ACTION_UP, keyCode=KEYCODE_DPAD_RIGHT, scanCode=0, metaState=0, flags=0x400, repeatCount=0, eventTime=225608, downTime=225608, deviceId=-1, source=0x101 }
D/InputEventConsistencyVerifier( 1024):   -- recent events --
D/InputEventConsistencyVerifier( 1024):   1: sent at 225472000000, (unhandled) MotionEvent { action=ACTION_MOVE, id[0]=0, x[0]=2.0, y[0]=0.0, toolType[0]=TOOL_TYPE_UNKNOWN, buttonState=0, metaState=0, flags=0x0, edgeFlags=0x0, pointerCount=1, historySize=9, eventTime=225472, downTime=-1, deviceId=0, source=0x10004 }
D/InputEventConsistencyVerifier( 1024):   2: sent at 225509000000, (unhandled) MotionEvent { action=ACTION_UP, id[0]=0, x[0]=148.66667, y[0]=-234.0, toolType[0]=TOOL_TYPE_UNKNOWN, buttonState=0, metaState=0, flags=0x0, edgeFlags=0x0, pointerCount=1, historySize=0, eventTime=225509, downTime=225485, deviceId=0, source=0x1002 }
D/InputEventConsistencyVerifier( 1024):   3: sent at 225507000000, (unhandled) MotionEvent { action=ACTION_MOVE, id[0]=0, x[0]=144.0, y[0]=-232.0, toolType[0]=TOOL_TYPE_UNKNOWN, buttonState=0, metaState=0, flags=0x0, edgeFlags=0x0, pointerCount=1, historySize=4, eventTime=225507, downTime=225485, deviceId=0, source=0x1002 }
D/InputEventConsistencyVerifier( 1024):   4: sent at 225487000000, MotionEvent { action=ACTION_DOWN, id[0]=0, x[0]=126.0, y[0]=-215.33334, toolType[0]=TOOL_TYPE_UNKNOWN, buttonState=0, metaState=0, flags=0x0, edgeFlags=0x0, pointerCount=1, historySize=0, eventTime=225487, downTime=225485, deviceId=0, source=0x1002 }
D/InputEventConsistencyVerifier( 1024):   5: sent at 225295000000, (unhandled) KeyEvent { action=ACTION_UP, keyCode=KEYCODE_DPAD_UP, scanCode=0, metaState=0, flags=0x8, repeatCount=0, eventTime=225295, downTime=225295, deviceId=-1, source=0x101 }
W/DroidBox( 1074): DroidBox: { "ServiceStart": { "name": "com.android.music.MediaPlaybackService" } }
W/DroidBox( 1074): DroidBox: { "ServiceStart": { "name": "com.android.music.MediaPlaybackService" } }
V/GameView( 1024): updateView
I/Choreographer( 1024): Skipped 94 frames!  The application may be doing too much work on its main thread.
I/AudioService(  230):  AudioFocus  requestAudioFocus() from android.media.AudioManager@b3dd1f38com.android.music.MediaPlaybackService$3@b3dcfdb0
D/InputEventConsistencyVerifier( 1024): KeyEvent: ACTION_UP but key was not down.
D/InputEventConsistencyVerifier( 1024):   in android.view.ViewRootImpl@b3ded9c8
D/InputEventConsistencyVerifier( 1024):   0: sent at 226850000000, KeyEvent { action=ACTION_UP, keyCode=KEYCODE_BUTTON_2, scanCode=0, metaState=0, flags=0x8, repeatCount=0, eventTime=226850, downTime=226850, deviceId=-1, source=0x101 }
D/InputEventConsistencyVerifier( 1024):   -- recent events --
D/InputEventConsistencyVerifier( 1024):   1: sent at 226261000000, MotionEvent { action=ACTION_UP, id[0]=0, x[0]=212.0, y[0]=278.0, toolType[0]=TOOL_TYPE_UNKNOWN, buttonState=0, metaState=0, flags=0x0, edgeFlags=0x0, pointerCount=1, historySize=0, eventTime=226261, downTime=226243, deviceId=0, source=0x1002 }
D/InputEventConsistencyVerifier( 1024):   2: sent at 226244000000, MotionEvent { action=ACTION_DOWN, id[0]=0, x[0]=204.0, y[0]=289.0, toolType[0]=TOOL_TYPE_UNKNOWN, buttonState=0, metaState=0, flags=0x0, edgeFlags=0x0, pointerCount=1, historySize=0, eventTime=226244, downTime=226243, deviceId=0, source=0x1002 }
D/InputEventConsistencyVerifier( 1024):   3: sent at 224678000000, KeyEvent { action=ACTION_UP, keyCode=KEYCODE_MENU, scanCode=0, metaState=0, flags=0x8, repeatCount=0, eventTime=224678, downTime=224678, deviceId=-1, source=0x101 }
D/InputEventConsistencyVerifier( 1024):   4: sent at 224642000000, KeyEvent { action=ACTION_DOWN, keyCode=KEYCODE_MENU, scanCode=0, metaState=0, flags=0x8, repeatCount=0, eventTime=224642, downTime=224642, deviceId=-1, source=0x101 }
D/InputEventConsistencyVerifier( 1024):   5: sent at 224149000000, KeyEvent { action=ACTION_UP, keyCode=KEYCODE_DPAD_CENTER, scanCode=0, metaState=0, flags=0x8, repeatCount=0, eventTime=224149, downTime=224149, deviceId=-1, source=0x101 }
I/Choreographer( 1024): Skipped 130 frames!  The application may be doing too much work on its main thread.
V/GameView( 1024): updateView
W/InputMethodManagerService(  230): Window already focused, ignoring focus gain of: com.android.internal.view.IInputMethodClient$Stub$Proxy@b3e7b980 attribute=android.view.inputmethod.EditorInfo@b410eea0
I/Choreographer( 1024): Skipped 37 frames!  The application may be doing too much work on its main thread.
I/AudioService(  230):   Remote Control   registerMediaButtonIntent() for PendingIntent{b3e76bd8: PendingIntentRecord{b3ea8aa0 com.android.music broadcastIntent}}
D/InputEventConsistencyVerifier( 1024): KeyEvent: ACTION_UP but key was not down.
D/InputEventConsistencyVerifier( 1024):   in com.android.internal.policy.impl.PhoneWindow$DecorView@b3dbe268
D/InputEventConsistencyVerifier( 1024):   0: sent at 227256000000, KeyEvent { action=ACTION_UP, keyCode=KEYCODE_DPAD_LEFT, scanCode=0, metaState=0, flags=0x400, repeatCount=0, eventTime=227256, downTime=227256, deviceId=-1, source=0x101 }
D/InputEventConsistencyVerifier( 1024):   -- recent events --
D/InputEventConsistencyVerifier( 1024):   1: sent at 227150000000, (unhandled) MotionEvent { action=ACTION_MOVE, id[0]=0, x[0]=4.0, y[0]=-3.0, toolType[0]=TOOL_TYPE_UNKNOWN, buttonState=0, metaState=0, flags=0x0, edgeFlags=0x0, pointerCount=1, historySize=9, eventTime=227150, downTime=-1, deviceId=0, source=0x10004 }
D/InputEventConsistencyVerifier( 1024):   2: sent at 227035000000, MotionEvent { action=ACTION_UP, id[0]=0, x[0]=127.333336, y[0]=457.33334, toolType[0]=TOOL_TYPE_UNKNOWN, buttonState=0, metaState=0, flags=0x0, edgeFlags=0x0, pointerCount=1, historySize=0, eventTime=227035, downTime=226963, deviceId=0, source=0x1002 }
D/InputEventConsistencyVerifier( 1024):   3: sent at 226999000000, MotionEvent { action=ACTION_MOVE, id[0]=0, x[0]=126.0, y[0]=457.33334, toolType[0]=TOOL_TYPE_UNKNOWN, buttonState=0, metaState=0, flags=0x0, edgeFlags=0x0, pointerCount=1, historySize=0, eventTime=226999, downTime=226963, deviceId=0, source=0x1002 }
D/InputEventConsistencyVerifier( 1024):   4: sent at 226959000000, (unhandled) MotionEvent { action=ACTION_MOVE, id[0]=0, x[0]=-2.0, y[0]=0.0, toolType[0]=TOOL_TYPE_UNKNOWN, buttonState=0, metaState=0, flags=0x0, edgeFlags=0x0, pointerCount=1, historySize=9, eventTime=226959, downTime=-1, deviceId=0, source=0x10004 }
D/InputEventConsistencyVerifier( 1024):   5: sent at 226982500000, MotionEvent { action=ACTION_MOVE, id[0]=0, x[0]=125.333336, y[0]=458.6667, toolType[0]=TOOL_TYPE_UNKNOWN, buttonState=0, metaState=0, flags=0x0, edgeFlags=0x0, pointerCount=1, historySize=3, eventTime=226982, downTime=226963, deviceId=0, source=0x1002 }
D/InputEventConsistencyVerifier( 1024): KeyEvent: ACTION_UP but key was not down.
D/InputEventConsistencyVerifier( 1024):   in com.ps.mine.GameView@b3de0fd0
D/InputEventConsistencyVerifier( 1024):   0: sent at 227314000000, KeyEvent { action=ACTION_UP, keyCode=KEYCODE_DPAD_RIGHT, scanCode=0, metaState=0, flags=0x400, repeatCount=0, eventTime=227314, downTime=227314, deviceId=-1, source=0x101 }
D/InputEventConsistencyVerifier( 1024):   -- recent events --
D/InputEventConsistencyVerifier( 1024):   1: sent at 227035000000, MotionEvent { action=ACTION_UP, id[0]=0, x[0]=127.333336, y[0]=407.33334, toolType[0]=TOOL_TYPE_UNKNOWN, buttonState=0, metaState=0, flags=0x0, edgeFlags=0x0, pointerCount=1, historySize=0, eventTime=227035, downTime=226963, deviceId=0, source=0x1002 }
D/InputEventConsistencyVerifier( 1024):   2: sent at 226999000000, MotionEvent { action=ACTION_MOVE, id[0]=0, x[0]=126.0, y[0]=407.33334, toolType[0]=TOOL_TYPE_UNKNOWN, buttonState=0, metaState=0, flags=0x0, edgeFlags=0x0, pointerCount=1, historySize=0, eventTime=226999, downTime=226963, deviceId=0, source=0x1002 }
D/InputEventConsistencyVerifier( 1024):   3: sent at 226982500000, MotionEvent { action=ACTION_MOVE, id[0]=0, x[0]=125.333336, y[0]=408.6667, toolType[0]=TOOL_TYPE_UNKNOWN, buttonState=0, metaState=0, flags=0x0, edgeFlags=0x0, pointerCount=1, historySize=3, eventTime=226982, downTime=226963, deviceId=0, source=0x1002 }
D/InputEventConsistencyVerifier( 1024):   4: sent at 226965000000, MotionEvent { action=ACTION_DOWN, id[0]=0, x[0]=118.0, y[0]=402.0, toolType[0]=TOOL_TYPE_UNKNOWN, buttonState=0, metaState=0, flags=0x0, edgeFlags=0x0, pointerCount=1, historySize=0, eventTime=226965, downTime=226963, deviceId=0, source=0x1002 }
D/InputEventConsistencyVerifier( 1024):   5: sent at 226261000000, MotionEvent { action=ACTION_UP, id[0]=0, x[0]=141.33334, y[0]=135.33334, toolType[0]=TOOL_TYPE_UNKNOWN, buttonState=0, metaState=0, flags=0x0, edgeFlags=0x0, pointerCount=1, historySize=0, eventTime=226261, downTime=226243, deviceId=0, source=0x1002 }
W/dalvikvm(  230): DroidBox: { "FdAccess": { "path": "2f70726f632f3233302f6e65742f78745f717461677569642f69666163655f737461745f616c6c", "id": "110453543" } }
W/DroidBox(  230): DroidBox: { "FileRW": { "operation": "read", "data": "6574683020312030203020302030203130343433383820333035362036303238303220323630380a6c6f20312030203020302030203234323420333720323432342033370a00000000000000000000000000000000000000000000000000000000000000", "id": "110453543" } }
W/dalvikvm(  230): DroidBox: { "FdAccess": { "path": "2f70726f632f3233302f6e65742f78745f717461677569642f69666163655f737461745f616c6c", "id": "1740020682" } }
W/DroidBox(  230): DroidBox: { "FileRW": { "operation": "read", "data": "33370a342033370a33370a342033370a370a370a370a370a370a33370a342033370a3432342033370a342033370a323432342033370a370a370a370a370a370a342033370a00000000000000000000000000000000000000000000000000000000000000", "id": "1740020682" } }
W/ThrottleService(  230): unable to find stats for iface rmnet0
E/ThrottleService(  230): Error reading data file
E/WVMExtractor(   63): Failed to open libwvm.so
E/MetadataRetrieverClient(   63): failed to extract an album art
D/InputEventConsistencyVerifier( 1024): KeyEvent: ACTION_UP but key was not down.
D/InputEventConsistencyVerifier( 1024):   in com.android.internal.policy.impl.PhoneWindow$DecorView@b3dbe268
D/InputEventConsistencyVerifier( 1024):   0: sent at 229521000000, KeyEvent { action=ACTION_UP, keyCode=KEYCODE_DPAD_UP, scanCode=0, metaState=0, flags=0x8, repeatCount=0, eventTime=229521, downTime=229521, deviceId=-1, source=0x101 }
D/InputEventConsistencyVerifier( 1024):   -- recent events --
D/InputEventConsistencyVerifier( 1024):   1: sent at 229434000000, MotionEvent { action=ACTION_UP, id[0]=0, x[0]=62.0, y[0]=446.6667, toolType[0]=TOOL_TYPE_UNKNOWN, buttonState=0, metaState=0, flags=0x0, edgeFlags=0x0, pointerCount=1, historySize=0, eventTime=229434, downTime=229421, deviceId=0, source=0x1002 }
D/InputEventConsistencyVerifier( 1024):   2: sent at 229425000000, MotionEvent { action=ACTION_DOWN, id[0]=0, x[0]=68.66667, y[0]=454.6667, toolType[0]=TOOL_TYPE_UNKNOWN, buttonState=0, metaState=0, flags=0x0, edgeFlags=0x0, pointerCount=1, historySize=0, eventTime=229425, downTime=229421, deviceId=0, source=0x1002 }
D/InputEventConsistencyVerifier( 1024):   3: sent at 229355000000, (unhandled) KeyEvent { action=ACTION_UP, keyCode=KEYCODE_DPAD_LEFT, scanCode=0, metaState=0, flags=0x8, repeatCount=0, eventTime=229355, downTime=229355, deviceId=-1, source=0x101 }
D/InputEventConsistencyVerifier( 1024):   4: sent at 229316000000, (unhandled) KeyEvent { action=ACTION_DOWN, keyCode=KEYCODE_DPAD_LEFT, scanCode=0, metaState=0, flags=0x8, repeatCount=0, eventTime=229316, downTime=229316, deviceId=-1, source=0x101 }
D/InputEventConsistencyVerifier( 1024):   5: sent at 229283000000, KeyEvent { action=ACTION_UP, keyCode=KEYCODE_MENU, scanCode=0, metaState=0, flags=0x8, repeatCount=0, eventTime=229283, downTime=229283, deviceId=-1, source=0x101 }
E/WVMExtractor(   63): Failed to open libwvm.so
D/InputEventConsistencyVerifier( 1024): KeyEvent: ACTION_UP but key was not down.
D/InputEventConsistencyVerifier( 1024):   in com.ps.mine.GameView@b3de0fd0
D/InputEventConsistencyVerifier( 1024):   0: sent at 230037000000, KeyEvent { action=ACTION_UP, keyCode=KEYCODE_DPAD_RIGHT, scanCode=0, metaState=0, flags=0x8, repeatCount=0, eventTime=230037, downTime=230037, deviceId=-1, source=0x101 }
D/InputEventConsistencyVerifier( 1024):   -- recent events --
D/InputEventConsistencyVerifier( 1024):   1: sent at 229434000000, MotionEvent { action=ACTION_UP, id[0]=0, x[0]=62.0, y[0]=396.6667, toolType[0]=TOOL_TYPE_UNKNOWN, buttonState=0, metaState=0, flags=0x0, edgeFlags=0x0, pointerCount=1, historySize=0, eventTime=229434, downTime=229421, deviceId=0, source=0x1002 }
D/InputEventConsistencyVerifier( 1024):   2: sent at 229425000000, MotionEvent { action=ACTION_DOWN, id[0]=0, x[0]=68.66667, y[0]=404.6667, toolType[0]=TOOL_TYPE_UNKNOWN, buttonState=0, metaState=0, flags=0x0, edgeFlags=0x0, pointerCount=1, historySize=0, eventTime=229425, downTime=229421, deviceId=0, source=0x1002 }
D/InputEventConsistencyVerifier( 1024):   3: sent at 229355000000, (unhandled) KeyEvent { action=ACTION_UP, keyCode=KEYCODE_DPAD_LEFT, scanCode=0, metaState=0, flags=0x8, repeatCount=0, eventTime=229355, downTime=229355, deviceId=-1, source=0x101 }
D/InputEventConsistencyVerifier( 1024):   4: sent at 229316000000, (unhandled) KeyEvent { action=ACTION_DOWN, keyCode=KEYCODE_DPAD_LEFT, scanCode=0, metaState=0, flags=0x8, repeatCount=0, eventTime=229316, downTime=229316, deviceId=-1, source=0x101 }
D/InputEventConsistencyVerifier( 1024):   5: sent at 229283000000, KeyEvent { action=ACTION_UP, keyCode=KEYCODE_MENU, scanCode=0, metaState=0, flags=0x8, repeatCount=0, eventTime=229283, downTime=229283, deviceId=-1, source=0x101 }
E/MetadataRetrieverClient(   63): failed to extract an album art
I/ActivityManager(  230): No longer want com.android.contacts (pid 714): hidden #16
D/InputEventConsistencyVerifier( 1024): KeyEvent: ACTION_UP but key was not down.
D/InputEventConsistencyVerifier( 1024):   in com.android.internal.policy.impl.PhoneWindow$DecorView@b3dbe268
D/InputEventConsistencyVerifier( 1024):   0: sent at 231427000000, KeyEvent { action=ACTION_UP, keyCode=KEYCODE_DPAD_UP, scanCode=0, metaState=0, flags=0x8, repeatCount=0, eventTime=231427, downTime=231427, deviceId=-1, source=0x101 }
D/InputEventConsistencyVerifier( 1024):   -- recent events --
D/InputEventConsistencyVerifier( 1024):   1: sent at 231387000000, (unhandled) MotionEvent { action=ACTION_MOVE, id[0]=0, x[0]=0.0, y[0]=-1.0, toolType[0]=TOOL_TYPE_UNKNOWN, buttonState=0, metaState=0, flags=0x0, edgeFlags=0x0, pointerCount=1, historySize=9, eventTime=231387, downTime=-1, deviceId=0, source=0x10004 }
D/InputEventConsistencyVerifier( 1024):   2: sent at 231324000000, MotionEvent { action=ACTION_UP, id[0]=0, x[0]=168.66667, y[0]=368.0, toolType[0]=TOOL_TYPE_UNKNOWN, buttonState=0, metaState=0, flags=0x0, edgeFlags=0x0, pointerCount=1, historySize=0, eventTime=231324, downTime=231307, deviceId=0, source=0x1002 }
D/InputEventConsistencyVerifier( 1024):   3: sent at 231308000000, MotionEvent { action=ACTION_DOWN, id[0]=0, x[0]=170.0, y[0]=368.6667, toolType[0]=TOOL_TYPE_UNKNOWN, buttonState=0, metaState=0, flags=0x0, edgeFlags=0x0, pointerCount=1, historySize=0, eventTime=231308, downTime=231307, deviceId=0, source=0x1002 }
D/InputEventConsistencyVerifier( 1024):   4: sent at 231285000000, (unhandled) KeyEvent { action=ACTION_UP, keyCode=KEYCODE_DPAD_UP, scanCode=0, metaState=0, flags=0x8, repeatCount=0, eventTime=231285, downTime=231285, deviceId=-1, source=0x101 }
D/InputEventConsistencyVerifier( 1024):   5: sent at 231249000000, (unhandled) KeyEvent { action=ACTION_DOWN, keyCode=KEYCODE_DPAD_UP, scanCode=0, metaState=0, flags=0x8, repeatCount=0, eventTime=231249, downTime=231249, deviceId=-1, source=0x101 }
D/InputEventConsistencyVerifier( 1024): KeyEvent: ACTION_UP but key was not down.
D/InputEventConsistencyVerifier( 1024):   in com.ps.mine.GameView@b3de0fd0
D/InputEventConsistencyVerifier( 1024):   0: sent at 231547000000, KeyEvent { action=ACTION_UP, keyCode=KEYCODE_DPAD_DOWN, scanCode=0, metaState=0, flags=0x400, repeatCount=0, eventTime=231547, downTime=231547, deviceId=-1, source=0x101 }
D/InputEventConsistencyVerifier( 1024):   -- recent events --
D/InputEventConsistencyVerifier( 1024):   1: sent at 231324000000, MotionEvent { action=ACTION_UP, id[0]=0, x[0]=168.66667, y[0]=318.0, toolType[0]=TOOL_TYPE_UNKNOWN, buttonState=0, metaState=0, flags=0x0, edgeFlags=0x0, pointerCount=1, historySize=0, eventTime=231324, downTime=231307, deviceId=0, source=0x1002 }
D/InputEventConsistencyVerifier( 1024):   2: sent at 231308000000, MotionEvent { action=ACTION_DOWN, id[0]=0, x[0]=170.0, y[0]=318.6667, toolType[0]=TOOL_TYPE_UNKNOWN, buttonState=0, metaState=0, flags=0x0, edgeFlags=0x0, pointerCount=1, historySize=0, eventTime=231308, downTime=231307, deviceId=0, source=0x1002 }
D/InputEventConsistencyVerifier( 1024):   3: sent at 230569000000, MotionEvent { action=ACTION_UP, id[0]=0, x[0]=149.33334, y[0]=26.0, toolType[0]=TOOL_TYPE_UNKNOWN, buttonState=0, metaState=0, flags=0x0, edgeFlags=0x0, pointerCount=1, historySize=0, eventTime=230569, downTime=230483, deviceId=0, source=0x1002 }
D/InputEventConsistencyVerifier( 1024):   4: sent at 230552000000, MotionEvent { action=ACTION_MOVE, id[0]=0, x[0]=144.66667, y[0]=28.0, toolType[0]=TOOL_TYPE_UNKNOWN, buttonState=0, metaState=0, flags=0x0, edgeFlags=0x0, pointerCount=1, historySize=7, eventTime=230552, downTime=230483, deviceId=0, source=0x1002 }
D/InputEventConsistencyVerifier( 1024):   5: sent at 230487000000, MotionEvent { action=ACTION_DOWN, id[0]=0, x[0]=104.0, y[0]=55.333336, toolType[0]=TOOL_TYPE_UNKNOWN, buttonState=0, metaState=0, flags=0x0, edgeFlags=0x0, pointerCount=1, historySize=0, eventTime=230487, downTime=230483, deviceId=0, source=0x1002 }
D/InputEventConsistencyVerifier( 1024): KeyEvent: ACTION_UP but key was not down.
D/InputEventConsistencyVerifier( 1024):   in com.android.internal.policy.impl.PhoneWindow$DecorView@b3dbe268
D/InputEventConsistencyVerifier( 1024):   0: sent at 231957000000, KeyEvent { action=ACTION_UP, keyCode=KEYCODE_DPAD_UP, scanCode=0, metaState=0, flags=0x8, repeatCount=0, eventTime=231957, downTime=231957, deviceId=-1, source=0x101 }
D/InputEventConsistencyVerifier( 1024):   -- recent events --
D/InputEventConsistencyVerifier( 1024):   1: sent at 231922000000, MotionEvent { action=ACTION_UP, id[0]=0, x[0]=233.33334, y[0]=212.66667, toolType[0]=TOOL_TYPE_UNKNOWN, buttonState=0, metaState=0, flags=0x0, edgeFlags=0x0, pointerCount=1, historySize=0, eventTime=231922, downTime=231904, deviceId=0, source=0x1002 }
D/InputEventConsistencyVerifier( 1024):   2: sent at 231905000000, MotionEvent { action=ACTION_DOWN, id[0]=0, x[0]=230.66667, y[0]=216.66667, toolType[0]=TOOL_TYPE_UNKNOWN, buttonState=0, metaState=0, flags=0x0, edgeFlags=0x0, pointerCount=1, historySize=0, eventTime=231905, downTime=231904, deviceId=0, source=0x1002 }
D/InputEventConsistencyVerifier( 1024):   3: sent at 231883000000, KeyEvent { action=ACTION_UP, keyCode=KEYCODE_MENU, scanCode=0, metaState=0, flags=0x8, repeatCount=0, eventTime=231883, downTime=231883, deviceId=-1, source=0x101 }
D/InputEventConsistencyVerifier( 1024):   4: sent at 231535000000, KeyEvent { action=ACTION_DOWN, keyCode=KEYCODE_MENU, scanCode=0, metaState=0, flags=0x8, repeatCount=0, eventTime=231535, downTime=231535, deviceId=-1, source=0x101 }
D/InputEventConsistencyVerifier( 1024):   5: sent at 231533000000, (unhandled) MotionEvent { action=ACTION_MOVE, id[0]=0, x[0]=1.0, y[0]=0.0, toolType[0]=TOOL_TYPE_UNKNOWN, buttonState=0, metaState=0, flags=0x0, edgeFlags=0x0, pointerCount=1, historySize=7, eventTime=231533, downTime=-1, deviceId=0, source=0x10004 }
I/Choreographer( 1024): Skipped 82 frames!  The application may be doing too much work on its main thread.
V/GameView( 1024): updateView
V/GameView( 1024): updateView
I/Choreographer( 1024): Skipped 181 frames!  The application may be doing too much work on its main thread.
I/dalvikvm-heap( 1024): Grow heap (frag case) to 9.963MB for 168208-byte allocation
I/Choreographer( 1024): Skipped 257 frames!  The application may be doing too much work on its main thread.
I/ActivityManager(  230): START {act=android.intent.action.MAIN cat=[android.intent.category.LAUNCHER] flg=0x10200000 cmp=com.ps.mine/.Main u=0} from pid 1006
W/InputMethodManagerService(  230): Window already focused, ignoring focus gain of: com.android.internal.view.IInputMethodClient$Stub$Proxy@b3f19988 attribute=android.view.inputmethod.EditorInfo@b413c298
I/Choreographer( 1024): Skipped 69 frames!  The application may be doing too much work on its main thread.
D/InputEventConsistencyVerifier( 1024): KeyEvent: ACTION_UP but key was not down.
D/InputEventConsistencyVerifier( 1024):   in com.android.internal.policy.impl.PhoneWindow$DecorView@b3dbe268
D/InputEventConsistencyVerifier( 1024):   0: sent at 235008000000, KeyEvent { action=ACTION_UP, keyCode=KEYCODE_DPAD_DOWN, scanCode=0, metaState=0, flags=0x400, repeatCount=0, eventTime=235008, downTime=235008, deviceId=-1, source=0x101 }
D/InputEventConsistencyVerifier( 1024):   -- recent events --
D/InputEventConsistencyVerifier( 1024):   1: sent at 234959000000, (unhandled) MotionEvent { action=ACTION_MOVE, id[0]=0, x[0]=1.0, y[0]=2.0, toolType[0]=TOOL_TYPE_UNKNOWN, buttonState=0, metaState=0, flags=0x0, edgeFlags=0x0, pointerCount=1, historySize=1, eventTime=234959, downTime=-1, deviceId=0, source=0x10004 }
D/InputEventConsistencyVerifier( 1024):   2: sent at 233113000000, MotionEvent { action=ACTION_UP, id[0]=0, x[0]=18.0, y[0]=424.0, toolType[0]=TOOL_TYPE_UNKNOWN, buttonState=0, metaState=0, flags=0x0, edgeFlags=0x0, pointerCount=1, historySize=0, eventTime=233113, downTime=233096, deviceId=0, source=0x1002 }
D/InputEventConsistencyVerifier( 1024):   3: sent at 233097000000, MotionEvent { action=ACTION_DOWN, id[0]=0, x[0]=24.666668, y[0]=430.0, toolType[0]=TOOL_TYPE_UNKNOWN, buttonState=0, metaState=0, flags=0x0, edgeFlags=0x0, pointerCount=1, historySize=0, eventTime=233097, downTime=233096, deviceId=0, source=0x1002 }
D/InputEventConsistencyVerifier( 1024):   4: sent at 232857000000, MotionEvent { action=ACTION_UP, id[0]=0, x[0]=46.666668, y[0]=484.6667, toolType[0]=TOOL_TYPE_UNKNOWN, buttonState=0, metaState=0, flags=0x0, edgeFlags=0x0, pointerCount=1, historySize=0, eventTime=232857, downTime=232810, deviceId=0, source=0x1002 }
D/InputEventConsistencyVerifier( 1024):   5: sent at 232855000000, MotionEvent { action=ACTION_MOVE, id[0]=0, x[0]=48.0, y[0]=482.0, toolType[0]=TOOL_TYPE_UNKNOWN, buttonState=0, metaState=0, flags=0x0, edgeFlags=0x0, pointerCount=1, historySize=1, eventTime=232855, downTime=232810, deviceId=0, source=0x1002 }
D/InputEventConsistencyVerifier( 1024): KeyEvent: ACTION_UP but key was not down.
D/InputEventConsistencyVerifier( 1024):   in com.ps.mine.GameView@b3de0fd0
D/InputEventConsistencyVerifier( 1024):   0: sent at 235009000000, KeyEvent { action=ACTION_UP, keyCode=KEYCODE_DPAD_DOWN, scanCode=0, metaState=0, flags=0x400, repeatCount=0, eventTime=235009, downTime=235009, deviceId=-1, source=0x101 }
D/InputEventConsistencyVerifier( 1024):   -- recent events --
D/InputEventConsistencyVerifier( 1024):   1: sent at 233113000000, MotionEvent { action=ACTION_UP, id[0]=0, x[0]=18.0, y[0]=374.0, toolType[0]=TOOL_TYPE_UNKNOWN, buttonState=0, metaState=0, flags=0x0, edgeFlags=0x0, pointerCount=1, historySize=0, eventTime=233113, downTime=233096, deviceId=0, source=0x1002 }
D/InputEventConsistencyVerifier( 1024):   2: sent at 233097000000, MotionEvent { action=ACTION_DOWN, id[0]=0, x[0]=24.666668, y[0]=380.0, toolType[0]=TOOL_TYPE_UNKNOWN, buttonState=0, metaState=0, flags=0x0, edgeFlags=0x0, pointerCount=1, historySize=0, eventTime=233097, downTime=233096, deviceId=0, source=0x1002 }
D/InputEventConsistencyVerifier( 1024):   3: sent at 232857000000, MotionEvent { action=ACTION_UP, id[0]=0, x[0]=46.666668, y[0]=434.6667, toolType[0]=TOOL_TYPE_UNKNOWN, buttonState=0, metaState=0, flags=0x0, edgeFlags=0x0, pointerCount=1, historySize=0, eventTime=232857, downTime=232810, deviceId=0, source=0x1002 }
D/InputEventConsistencyVerifier( 1024):   4: sent at 232855000000, MotionEvent { action=ACTION_MOVE, id[0]=0, x[0]=48.0, y[0]=432.0, toolType[0]=TOOL_TYPE_UNKNOWN, buttonState=0, metaState=0, flags=0x0, edgeFlags=0x0, pointerCount=1, historySize=1, eventTime=232855, downTime=232810, deviceId=0, source=0x1002 }
D/InputEventConsistencyVerifier( 1024):   5: sent at 232811000000, MotionEvent { action=ACTION_DOWN, id[0]=0, x[0]=58.666668, y[0]=426.0, toolType[0]=TOOL_TYPE_UNKNOWN, buttonState=0, metaState=0, flags=0x0, edgeFlags=0x0, pointerCount=1, historySize=0, eventTime=232811, downTime=232810, deviceId=0, source=0x1002 }
V/GameView( 1024): updateView
D/InputEventConsistencyVerifier( 1024): KeyEvent: ACTION_UP but key was not down.
D/InputEventConsistencyVerifier( 1024):   in com.android.internal.policy.impl.PhoneWindow$DecorView@b3dbe268
D/InputEventConsistencyVerifier( 1024):   0: sent at 235615000000, KeyEvent { action=ACTION_UP, keyCode=KEYCODE_DPAD_RIGHT, scanCode=0, metaState=0, flags=0x400, repeatCount=0, eventTime=235615, downTime=235615, deviceId=-1, source=0x101 }
D/InputEventConsistencyVerifier( 1024):   -- recent events --
D/InputEventConsistencyVerifier( 1024):   1: sent at 235064000000, (unhandled) MotionEvent { action=ACTION_MOVE, id[0]=0, x[0]=0.0, y[0]=2.0, toolType[0]=TOOL_TYPE_UNKNOWN, buttonState=0, metaState=0, flags=0x0, edgeFlags=0x0, pointerCount=1, historySize=6, eventTime=235064, downTime=-1, deviceId=0, source=0x10004 }
D/InputEventConsistencyVerifier( 1024):   2: sent at 235122000000, MotionEvent { action=ACTION_UP, id[0]=0, x[0]=220.0, y[0]=170.66667, toolType[0]=TOOL_TYPE_UNKNOWN, buttonState=0, metaState=0, flags=0x0, edgeFlags=0x0, pointerCount=1, historySize=0, eventTime=235122, downTime=235116, deviceId=0, source=0x1002 }
D/InputEventConsistencyVerifier( 1024):   3: sent at 235116000000, MotionEvent { action=ACTION_DOWN, id[0]=0, x[0]=216.0, y[0]=173.33334, toolType[0]=TOOL_TYPE_UNKNOWN, buttonState=0, metaState=0, flags=0x0, edgeFlags=0x0, pointerCount=1, historySize=0, eventTime=235116, downTime=235116, deviceId=0, source=0x1002 }
D/InputEventConsistencyVerifier( 1024):   4: sent at 234993000000, (unhandled) MotionEvent { action=ACTION_MOVE, id[0]=0, x[0]=2.0, y[0]=-1.0, toolType[0]=TOOL_TYPE_UNKNOWN, buttonState=0, metaState=0, flags=0x0, edgeFlags=0x0, pointerCount=1, historySize=0, eventTime=234993, downTime=-1, deviceId=0, source=0x10004 }
D/InputEventConsistencyVerifier( 1024):   5: sent at 235009000000, (unhandled) KeyEvent { action=ACTION_UP, keyCode=KEYCODE_DPAD_DOWN, scanCode=0, metaState=0, flags=0x400, repeatCount=0, eventTime=235009, downTime=235009, deviceId=-1, source=0x101 }
D/InputEventConsistencyVerifier( 1024): KeyEvent: ACTION_UP but key was not down.
D/InputEventConsistencyVerifier( 1024):   in com.ps.mine.GameView@b3de0fd0
D/InputEventConsistencyVerifier( 1024):   0: sent at 235618000000, KeyEvent { action=ACTION_UP, keyCode=KEYCODE_DPAD_RIGHT, scanCode=0, metaState=0, flags=0x400, repeatCount=0, eventTime=235618, downTime=235618, deviceId=-1, source=0x101 }
D/InputEventConsistencyVerifier( 1024):   -- recent events --
D/InputEventConsistencyVerifier( 1024):   1: sent at 235122000000, MotionEvent { action=ACTION_UP, id[0]=0, x[0]=220.0, y[0]=120.66667, toolType[0]=TOOL_TYPE_UNKNOWN, buttonState=0, metaState=0, flags=0x0, edgeFlags=0x0, pointerCount=1, historySize=0, eventTime=235122, downTime=235116, deviceId=0, source=0x1002 }
D/InputEventConsistencyVerifier( 1024):   2: sent at 235116000000, MotionEvent { action=ACTION_DOWN, id[0]=0, x[0]=216.0, y[0]=123.33334, toolType[0]=TOOL_TYPE_UNKNOWN, buttonState=0, metaState=0, flags=0x0, edgeFlags=0x0, pointerCount=1, historySize=0, eventTime=235116, downTime=235116, deviceId=0, source=0x1002 }
D/InputEventConsistencyVerifier( 1024):   3: sent at 234993000000, MotionEvent { action=ACTION_MOVE, id[0]=0, x[0]=2.0, y[0]=-1.0, toolType[0]=TOOL_TYPE_UNKNOWN, buttonState=0, metaState=0, flags=0x0, edgeFlags=0x0, pointerCount=1, historySize=0, eventTime=234993, downTime=-1, deviceId=0, source=0x10004 }
D/InputEventConsistencyVerifier( 1024):   4: sent at 235009000000, (unhandled) KeyEvent { action=ACTION_UP, keyCode=KEYCODE_DPAD_DOWN, scanCode=0, metaState=0, flags=0x80000400, repeatCount=0, eventTime=235009, downTime=235009, deviceId=-1, source=0x101 }
D/InputEventConsistencyVerifier( 1024):   5: sent at 233113000000, MotionEvent { action=ACTION_UP, id[0]=0, x[0]=18.0, y[0]=374.0, toolType[0]=TOOL_TYPE_UNKNOWN, buttonState=0, metaState=0, flags=0x0, edgeFlags=0x0, pointerCount=1, historySize=0, eventTime=233113, downTime=233096, deviceId=0, source=0x1002 }
V/GameView( 1024): updateView
D/InputEventConsistencyVerifier( 1024): KeyEvent: ACTION_UP but key was not down.
D/InputEventConsistencyVerifier( 1024):   in com.android.internal.policy.impl.PhoneWindow$DecorView@b3dbe268
D/InputEventConsistencyVerifier( 1024):   0: sent at 236374000000, KeyEvent { action=ACTION_UP, keyCode=KEYCODE_DPAD_DOWN, scanCode=0, metaState=0, flags=0x8, repeatCount=0, eventTime=236374, downTime=236374, deviceId=-1, source=0x101 }
D/InputEventConsistencyVerifier( 1024):   -- recent events --
D/InputEventConsistencyVerifier( 1024):   1: sent at 236337000000, MotionEvent { action=ACTION_UP, id[0]=0, x[0]=277.0, y[0]=460.33334, toolType[0]=TOOL_TYPE_UNKNOWN, buttonState=0, metaState=0, flags=0x0, edgeFlags=0x0, pointerCount=1, historySize=0, eventTime=236337, downTime=236288, deviceId=0, source=0x1002 }
D/InputEventConsistencyVerifier( 1024):   2: sent at 236342000000, MotionEvent { action=ACTION_MOVE, id[0]=0, x[0]=277.0, y[0]=460.33334, toolType[0]=TOOL_TYPE_UNKNOWN, buttonState=0, metaState=0, flags=0x0, edgeFlags=0x0, pointerCount=1, historySize=5, eventTime=236342, downTime=236288, deviceId=0, source=0x1002 }
D/InputEventConsistencyVerifier( 1024):   3: sent at 236290000000, MotionEvent { action=ACTION_DOWN, id[0]=0, x[0]=287.33334, y[0]=418.6667, toolType[0]=TOOL_TYPE_UNKNOWN, buttonState=0, metaState=0, flags=0x0, edgeFlags=0x0, pointerCount=1, historySize=0, eventTime=236290, downTime=236288, deviceId=0, source=0x1002 }
D/InputEventConsistencyVerifier( 1024):   4: sent at 235662000000, (unhandled) KeyEvent { action=ACTION_UP, keyCode=KEYCODE_DPAD_DOWN, scanCode=0, metaState=0, flags=0x8, repeatCount=0, eventTime=235662, downTime=235662, deviceId=-1, source=0x101 }
D/InputEventConsistencyVerifier( 1024):   5: sent at 235130000000, (unhandled) KeyEvent { action=ACTION_DOWN, keyCode=KEYCODE_DPAD_DOWN, scanCode=0, metaState=0, flags=0x8, repeatCount=0, eventTime=235130, downTime=235130, deviceId=-1, source=0x101 }
D/InputEventConsistencyVerifier( 1024): KeyEvent: ACTION_UP but key was not down.
D/InputEventConsistencyVerifier( 1024):   in com.ps.mine.GameView@b3de0fd0
D/InputEventConsistencyVerifier( 1024):   0: sent at 236554000000, KeyEvent { action=ACTION_UP, keyCode=KEYCODE_NUMPAD_2, scanCode=0, metaState=0, flags=0x8, repeatCount=0, eventTime=236554, downTime=236554, deviceId=-1, source=0x101 }
D/InputEventConsistencyVerifier( 1024):   -- recent events --
D/InputEventConsistencyVerifier( 1024):   1: sent at 236337000000, MotionEvent { action=ACTION_UP, id[0]=0, x[0]=277.0, y[0]=410.33334, toolType[0]=TOOL_TYPE_UNKNOWN, buttonState=0, metaState=0, flags=0x0, edgeFlags=0x0, pointerCount=1, historySize=0, eventTime=236337, downTime=236288, deviceId=0, source=0x1002 }
D/InputEventConsistencyVerifier( 1024):   2: sent at 236342000000, MotionEvent { action=ACTION_MOVE, id[0]=0, x[0]=277.0, y[0]=410.33334, toolType[0]=TOOL_TYPE_UNKNOWN, buttonState=0, metaState=0, flags=0x0, edgeFlags=0x0, pointerCount=1, historySize=5, eventTime=236342, downTime=236288, deviceId=0, source=0x1002 }
D/InputEventConsistencyVerifier( 1024):   3: sent at 236290000000, MotionEvent { action=ACTION_DOWN, id[0]=0, x[0]=287.33334, y[0]=368.6667, toolType[0]=TOOL_TYPE_UNKNOWN, buttonState=0, metaState=0, flags=0x0, edgeFlags=0x0, pointerCount=1, historySize=0, eventTime=236290, downTime=236288, deviceId=0, source=0x1002 }
D/InputEventConsistencyVerifier( 1024):   4: sent at 235662000000, (unhandled) KeyEvent { action=ACTION_UP, keyCode=KEYCODE_DPAD_DOWN, scanCode=0, metaState=0, flags=0x8, repeatCount=0, eventTime=235662, downTime=235662, deviceId=-1, source=0x101 }
D/InputEventConsistencyVerifier( 1024):   5: sent at 235130000000, (unhandled) KeyEvent { action=ACTION_DOWN, keyCode=KEYCODE_DPAD_DOWN, scanCode=0, metaState=0, flags=0x8, repeatCount=0, eventTime=235130, downTime=235130, deviceId=-1, source=0x101 }
V/GameView( 1024): updateView
D/InputEventConsistencyVerifier( 1024): KeyEvent: ACTION_UP but key was not down.
D/InputEventConsistencyVerifier( 1024):   in com.ps.mine.GameView@b3de0fd0
D/InputEventConsistencyVerifier( 1024):   0: sent at 236554000000, KeyEvent { action=ACTION_UP, keyCode=KEYCODE_DPAD_DOWN, scanCode=0, metaState=0, flags=0x8, repeatCount=0, eventTime=236554, downTime=236554, deviceId=-1, source=0x101 }
D/InputEventConsistencyVerifier( 1024):   -- recent events --
D/InputEventConsistencyVerifier( 1024):   1: sent at 236554000000, (unhandled) KeyEvent { action=ACTION_UP, keyCode=KEYCODE_NUMPAD_2, scanCode=0, metaState=0, flags=0x80000008, repeatCount=0, eventTime=236554, downTime=236554, deviceId=-1, source=0x101 }
D/InputEventConsistencyVerifier( 1024):   2: sent at 236337000000, MotionEvent { action=ACTION_UP, id[0]=0, x[0]=277.0, y[0]=410.33334, toolType[0]=TOOL_TYPE_UNKNOWN, buttonState=0, metaState=0, flags=0x0, edgeFlags=0x0, pointerCount=1, historySize=0, eventTime=236337, downTime=236288, deviceId=0, source=0x1002 }
D/InputEventConsistencyVerifier( 1024):   3: sent at 236342000000, MotionEvent { action=ACTION_MOVE, id[0]=0, x[0]=277.0, y[0]=410.33334, toolType[0]=TOOL_TYPE_UNKNOWN, buttonState=0, metaState=0, flags=0x0, edgeFlags=0x0, pointerCount=1, historySize=5, eventTime=236342, downTime=236288, deviceId=0, source=0x1002 }
D/InputEventConsistencyVerifier( 1024):   4: sent at 236290000000, MotionEvent { action=ACTION_DOWN, id[0]=0, x[0]=287.33334, y[0]=368.6667, toolType[0]=TOOL_TYPE_UNKNOWN, buttonState=0, metaState=0, flags=0x0, edgeFlags=0x0, pointerCount=1, historySize=0, eventTime=236290, downTime=236288, deviceId=0, source=0x1002 }
D/InputEventConsistencyVerifier( 1024):   5: sent at 235662000000, (unhandled) KeyEvent { action=ACTION_UP, keyCode=KEYCODE_DPAD_DOWN, scanCode=0, metaState=0, flags=0x8, repeatCount=0, eventTime=235662, downTime=235662, deviceId=-1, source=0x101 }
D/InputEventConsistencyVerifier( 1024): KeyEvent: ACTION_UP but key was not down.
D/InputEventConsistencyVerifier( 1024):   in com.android.internal.policy.impl.PhoneWindow$DecorView@b3dbe268
D/InputEventConsistencyVerifier( 1024):   0: sent at 237025000000, KeyEvent { action=ACTION_UP, keyCode=KEYCODE_DPAD_UP, scanCode=0, metaState=0, flags=0x8, repeatCount=0, eventTime=237025, downTime=237025, deviceId=-1, source=0x101 }
D/InputEventConsistencyVerifier( 1024):   -- recent events --
D/InputEventConsistencyVerifier( 1024):   1: sent at 236994000000, MotionEvent { action=ACTION_UP, id[0]=0, x[0]=162.66667, y[0]=332.0, toolType[0]=TOOL_TYPE_UNKNOWN, buttonState=0, metaState=0, flags=0x0, edgeFlags=0x0, pointerCount=1, historySize=0, eventTime=236994, downTime=236977, deviceId=0, source=0x1002 }
D/InputEventConsistencyVerifier( 1024):   2: sent at 236978000000, MotionEvent { action=ACTION_DOWN, id[0]=0, x[0]=162.66667, y[0]=338.6667, toolType[0]=TOOL_TYPE_UNKNOWN, buttonState=0, metaState=0, flags=0x0, edgeFlags=0x0, pointerCount=1, historySize=0, eventTime=236978, downTime=236977, deviceId=0, source=0x1002 }
D/InputEventConsistencyVerifier( 1024):   3: sent at 236960000000, MotionEvent { action=ACTION_UP, id[0]=0, x[0]=232.66667, y[0]=458.0, toolType[0]=TOOL_TYPE_UNKNOWN, buttonState=0, metaState=0, flags=0x0, edgeFlags=0x0, pointerCount=1, historySize=0, eventTime=236960, downTime=236952, deviceId=0, source=0x1002 }
D/InputEventConsistencyVerifier( 1024):   4: sent at 236953000000, MotionEvent { action=ACTION_DOWN, id[0]=0, x[0]=229.33334, y[0]=464.0, toolType[0]=TOOL_TYPE_UNKNOWN, buttonState=0, metaState=0, flags=0x0, edgeFlags=0x0, pointerCount=1, historySize=0, eventTime=236953, downTime=236952, deviceId=0, source=0x1002 }
D/InputEventConsistencyVerifier( 1024):   5: sent at 236814000000, KeyEvent { action=ACTION_UP, keyCode=KEYCODE_MENU, scanCode=0, metaState=0, flags=0x8, repeatCount=0, eventTime=236814, downTime=236814, deviceId=-1, source=0x101 }
I/Choreographer( 1024): Skipped 39 frames!  The application may be doing too much work on its main thread.
D/InputEventConsistencyVerifier( 1024): TrackballEvent: Trackball is down but pressure is not greater than 0.
D/InputEventConsistencyVerifier( 1024):   in android.view.ViewRootImpl@b3ded9c8
D/InputEventConsistencyVerifier( 1024):   0: sent at 237133000000, MotionEvent { action=ACTION_DOWN, id[0]=0, x[0]=0.0, y[0]=0.0, toolType[0]=TOOL_TYPE_UNKNOWN, buttonState=0, metaState=0, flags=0x0, edgeFlags=0x0, pointerCount=1, historySize=0, eventTime=237133, downTime=237049, deviceId=0, source=0x10004 }
D/InputEventConsistencyVerifier( 1024):   -- recent events --
D/InputEventConsistencyVerifier( 1024):   1: sent at 237131000000, MotionEvent { action=ACTION_MOVE, id[0]=0, x[0]=-2.0, y[0]=-4.0, toolType[0]=TOOL_TYPE_UNKNOWN, buttonState=0, metaState=0, flags=0x0, edgeFlags=0x0, pointerCount=1, historySize=8, eventTime=237131, downTime=-1, deviceId=0, source=0x10004 }
D/InputEventConsistencyVerifier( 1024):   2: sent at 237049000000, MotionEvent { action=ACTION_MOVE, id[0]=0, x[0]=-3.0, y[0]=-4.0, toolType[0]=TOOL_TYPE_UNKNOWN, buttonState=0, metaState=0, flags=0x0, edgeFlags=0x0, pointerCount=1, historySize=0, eventTime=237049, downTime=-1, deviceId=0, source=0x10004 }
D/InputEventConsistencyVerifier( 1024):   3: sent at 237025000000, KeyEvent { action=ACTION_UP, keyCode=KEYCODE_DPAD_UP, scanCode=0, metaState=0, flags=0x8, repeatCount=0, eventTime=237025, downTime=237025, deviceId=-1, source=0x101 }
D/InputEventConsistencyVerifier( 1024):   4: sent at 237002000000, KeyEvent { action=ACTION_DOWN, keyCode=KEYCODE_DPAD_UP, scanCode=0, metaState=0, flags=0x8, repeatCount=0, eventTime=237002, downTime=237002, deviceId=-1, source=0x101 }
D/InputEventConsistencyVerifier( 1024):   5: sent at 236994000000, MotionEvent { action=ACTION_UP, id[0]=0, x[0]=244.0, y[0]=498.0, toolType[0]=TOOL_TYPE_UNKNOWN, buttonState=0, metaState=0, flags=0x0, edgeFlags=0x0, pointerCount=1, historySize=0, eventTime=236994, downTime=236977, deviceId=0, source=0x1002 }
V/GameView( 1024): updateView
W/dalvikvm(  431): DroidBox: { "FdAccess": { "path": "2f70726f632f6d656d696e666f", "id": "1251420631" } }
W/DroidBox(  431): DroidBox: { "FileRW": { "operation": "read", "data": "4d656d546f74616c3a202020202020202020373438393634206b420a4d656d467265653a20202020202020202020343335393230206b420a427566666572733a20202020202020202020202035363030206b420a4361636865643a202020202020202020", "id": "1251420631" } }
W/dalvikvm(  431): DroidBox: { "FdAccess": { "path": "2f70726f632f6d656d696e666f", "id": "930767229" } }
W/DroidBox(  431): DroidBox: { "FileRW": { "operation": "read", "data": "4d656d546f74616c3a202020202020202020373438393634206b420a4d656d467265653a20202020202020202020343335393230206b420a427566666572733a20202020202020202020202035363030206b420a4361636865643a202020202020202020", "id": "930767229" } }
I/ActivityManager(  230): START {act=android.intent.action.MAIN cat=[android.intent.category.LAUNCHER] flg=0x10000000 cmp=com.android.contacts/.activities.PeopleActivity sel={act=android.intent.action.MAIN cat=[android.intent.category.APP_CONTACTS]} u=0} from pid 230
W/dalvikvm(  431): DroidBox: { "FdAccess": { "path": "2f70726f632f6d656d696e666f", "id": "1744370349" } }
W/DroidBox(  431): DroidBox: { "FileRW": { "operation": "read", "data": "4d656d546f74616c3a202020202020202020373438393634206b420a4d656d467265653a20202020202020202020343335393230206b420a427566666572733a20202020202020202020202035363030206b420a4361636865643a202020202020202020", "id": "1744370349" } }
D/InputEventConsistencyVerifier(  431): KeyEvent: ACTION_UP but key was not down.
D/InputEventConsistencyVerifier(  431):   in android.view.ViewRootImpl@b3e83ce8
D/InputEventConsistencyVerifier(  431):   0: sent at 238349000000, KeyEvent { action=ACTION_UP, keyCode=KEYCODE_CONTACTS, scanCode=0, metaState=0, flags=0x8, repeatCount=0, eventTime=238349, downTime=238349, deviceId=-1, source=0x101 }
D/InputEventConsistencyVerifier(  431):   -- recent events --
