D/InputEventConsistencyVerifier(  421):   1: sent at 221488000000, MotionEvent { action=ACTION_DOWN, id[0]=0, x[0]=33.0, y[0]=368.0, toolType[0]=TOOL_TYPE_UNKNOWN, buttonState=0, metaState=0, flags=0x80000000, edgeFlags=0x0, pointerCount=1, historySize=0, eventTime=221488, downTime=221470, deviceId=0, source=0x1002 }
D/InputEventConsistencyVerifier(  421):   2: sent at 221456000000, MotionEvent { action=ACTION_DOWN, id[0]=0, x[0]=222.0, y[0]=616.0, toolType[0]=TOOL_TYPE_UNKNOWN, buttonState=0, metaState=0, flags=0x80000000, edgeFlags=0x0, pointerCount=1, historySize=0, eventTime=221456, downTime=221456, deviceId=0, source=0x1002 }
D/InputEventConsistencyVerifier(  421):   3: sent at 221253000000, MotionEvent { action=ACTION_DOWN, id[0]=0, x[0]=421.0, y[0]=290.0, toolType[0]=TOOL_TYPE_UNKNOWN, buttonState=0, metaState=0, flags=0x0, edgeFlags=0x0, pointerCount=1, historySize=0, eventTime=221253, downTime=221253, deviceId=0, source=0x1002 }
D/InputEventConsistencyVerifier(  421):   4: sent at 221111000000, MotionEvent { action=ACTION_UP, id[0]=0, x[0]=259.0, y[0]=24.0, toolType[0]=TOOL_TYPE_UNKNOWN, buttonState=0, metaState=0, flags=0x0, edgeFlags=0x0, pointerCount=1, historySize=0, eventTime=221111, downTime=221102, deviceId=0, source=0x1002 }
D/InputEventConsistencyVerifier(  421):   5: sent at 221102000000, MotionEvent { action=ACTION_DOWN, id[0]=0, x[0]=266.0, y[0]=26.0, toolType[0]=TOOL_TYPE_UNKNOWN, buttonState=0, metaState=0, flags=0x0, edgeFlags=0x0, pointerCount=1, historySize=0, eventTime=221102, downTime=221102, deviceId=0, source=0x1002 }
E/WVMExtractor(   62): Failed to open libwvm.so
I/InputDispatcher(  224): Window 'Window{b3ea4670 com.neore.ukeee/com.neore.ukeee.A paused=false}' spent 7671.8ms processing the last input event: KeyEvent(action=1, deviceId=-1, source=0x00000101)
D/InputEventConsistencyVerifier(  421): TouchEvent: ACTION_DOWN but pointers are already down.  Probably missing ACTION_UP from previous gesture.
D/InputEventConsistencyVerifier(  421):   in android.view.ScaleGestureDetector@b3ebf978
D/InputEventConsistencyVerifier(  421):   0: sent at 221610000000, MotionEvent { action=ACTION_DOWN, id[0]=0, x[0]=137.0, y[0]=326.0, toolType[0]=TOOL_TYPE_UNKNOWN, buttonState=0, metaState=0, flags=0x0, edgeFlags=0x0, pointerCount=1, historySize=0, eventTime=221610, downTime=221610, deviceId=0, source=0x1002 }
D/InputEventConsistencyVerifier(  421):   -- recent events --
D/InputEventConsistencyVerifier(  421):   1: sent at 221585000000, MotionEvent { action=ACTION_DOWN, id[0]=0, x[0]=184.0, y[0]=333.0, toolType[0]=TOOL_TYPE_UNKNOWN, buttonState=0, metaState=0, flags=0x80000000, edgeFlags=0x0, pointerCount=1, historySize=0, eventTime=221585, downTime=221584, deviceId=0, source=0x1002 }
D/InputEventConsistencyVerifier(  421):   2: sent at 221488000000, MotionEvent { action=ACTION_DOWN, id[0]=0, x[0]=33.0, y[0]=368.0, toolType[0]=TOOL_TYPE_UNKNOWN, buttonState=0, metaState=0, flags=0x80000000, edgeFlags=0x0, pointerCount=1, historySize=0, eventTime=221488, downTime=221470, deviceId=0, source=0x1002 }
D/InputEventConsistencyVerifier(  421):   3: sent at 221456000000, MotionEvent { action=ACTION_DOWN, id[0]=0, x[0]=222.0, y[0]=616.0, toolType[0]=TOOL_TYPE_UNKNOWN, buttonState=0, metaState=0, flags=0x80000000, edgeFlags=0x0, pointerCount=1, historySize=0, eventTime=221456, downTime=221456, deviceId=0, source=0x1002 }
D/InputEventConsistencyVerifier(  421):   4: sent at 221253000000, MotionEvent { action=ACTION_DOWN, id[0]=0, x[0]=421.0, y[0]=290.0, toolType[0]=TOOL_TYPE_UNKNOWN, buttonState=0, metaState=0, flags=0x0, edgeFlags=0x0, pointerCount=1, historySize=0, eventTime=221253, downTime=221253, deviceId=0, source=0x1002 }
D/InputEventConsistencyVerifier(  421):   5: sent at 221111000000, MotionEvent { action=ACTION_UP, id[0]=0, x[0]=259.0, y[0]=24.0, toolType[0]=TOOL_TYPE_UNKNOWN, buttonState=0, metaState=0, flags=0x0, edgeFlags=0x0, pointerCount=1, historySize=0, eventTime=221111, downTime=221102, deviceId=0, source=0x1002 }
I/Choreographer(  421): Skipped 201 frames!  The application may be doing too much work on its main thread.
W/DroidBox( 1109): DroidBox: { "ServiceStart": { "name": "com.android.music.MediaPlaybackService" } }
W/DroidBox( 1109): DroidBox: { "ServiceStart": { "name": "com.android.music.MediaPlaybackService" } }
D/InputEventConsistencyVerifier(  421): KeyEvent: ACTION_UP but key was not down.
D/InputEventConsistencyVerifier(  421):   in com.android.systemui.statusbar.phone.StatusBarWindowView@b3e20350
D/InputEventConsistencyVerifier(  421):   0: sent at 222260000000, KeyEvent { action=ACTION_UP, keyCode=KEYCODE_DPAD_UP, scanCode=0, metaState=0, flags=0x8, repeatCount=0, eventTime=222260, downTime=222260, deviceId=-1, source=0x101 }
D/InputEventConsistencyVerifier(  421):   -- recent events --
D/InputEventConsistencyVerifier(  421):   1: sent at 221618000000, MotionEvent { action=ACTION_UP, id[0]=0, x[0]=128.0, y[0]=341.0, toolType[0]=TOOL_TYPE_UNKNOWN, buttonState=0, metaState=0, flags=0x0, edgeFlags=0x0, pointerCount=1, historySize=0, eventTime=221618, downTime=221610, deviceId=0, source=0x1002 }
D/InputEventConsistencyVerifier(  421):   2: sent at 221610000000, MotionEvent { action=ACTION_DOWN, id[0]=0, x[0]=137.0, y[0]=326.0, toolType[0]=TOOL_TYPE_UNKNOWN, buttonState=0, metaState=0, flags=0x0, edgeFlags=0x0, pointerCount=1, historySize=0, eventTime=221610, downTime=221610, deviceId=0, source=0x1002 }
D/InputEventConsistencyVerifier(  421):   3: sent at 221592000000, MotionEvent { action=ACTION_UP, id[0]=0, x[0]=209.0, y[0]=358.0, toolType[0]=TOOL_TYPE_UNKNOWN, buttonState=0, metaState=0, flags=0x0, edgeFlags=0x0, pointerCount=1, historySize=0, eventTime=221592, downTime=221584, deviceId=0, source=0x1002 }
D/InputEventConsistencyVerifier(  421):   4: sent at 221590000000, MotionEvent { action=ACTION_MOVE, id[0]=0, x[0]=194.0, y[0]=355.0, toolType[0]=TOOL_TYPE_UNKNOWN, buttonState=0, metaState=0, flags=0x0, edgeFlags=0x0, pointerCount=1, historySize=0, eventTime=221590, downTime=221584, deviceId=0, source=0x1002 }
D/InputEventConsistencyVerifier(  421):   5: sent at 221585000000, MotionEvent { action=ACTION_DOWN, id[0]=0, x[0]=184.0, y[0]=333.0, toolType[0]=TOOL_TYPE_UNKNOWN, buttonState=0, metaState=0, flags=0x0, edgeFlags=0x0, pointerCount=1, historySize=0, eventTime=221585, downTime=221584, deviceId=0, source=0x1002 }
D/PhoneStatusBar(  421): disable: < expand icons alerts ticker* system_info back home recent clock >
V/PhoneStatusBar(  421): setLightsOn(true)
I/AudioService(  224):  AudioFocus  requestAudioFocus() from android.media.AudioManager@b3dff4c0com.android.music.MediaPlaybackService$3@b3dfdcf8
I/AudioService(  224):   Remote Control   registerMediaButtonIntent() for PendingIntent{b3fcaf20: PendingIntentRecord{b3f94e30 com.android.music broadcastIntent}}
E/WVMExtractor(   62): Failed to open libwvm.so
D/InputEventConsistencyVerifier( 1001): TrackballEvent: Trackball is down but pressure is not greater than 0.
D/InputEventConsistencyVerifier( 1001):   in android.view.ViewRootImpl@b3e5b848
D/InputEventConsistencyVerifier( 1001):   0: sent at 222999000000, MotionEvent { action=ACTION_DOWN, id[0]=0, x[0]=0.0, y[0]=0.0, toolType[0]=TOOL_TYPE_UNKNOWN, buttonState=0, metaState=0, flags=0x0, edgeFlags=0x0, pointerCount=1, historySize=0, eventTime=222999, downTime=222968, deviceId=0, source=0x10004 }
D/InputEventConsistencyVerifier( 1001):   -- recent events --
D/InputEventConsistencyVerifier( 1001):   1: sent at 223116000000, KeyEvent { action=ACTION_UP, keyCode=KEYCODE_DPAD_DOWN, scanCode=0, metaState=0, flags=0x400, repeatCount=0, eventTime=223116, downTime=223116, deviceId=-1, source=0x101 }
D/InputEventConsistencyVerifier( 1001):   2: sent at 223116000000, KeyEvent { action=ACTION_DOWN, keyCode=KEYCODE_DPAD_DOWN, scanCode=0, metaState=0, flags=0x400, repeatCount=0, eventTime=223116, downTime=223116, deviceId=-1, source=0x101 }
D/InputEventConsistencyVerifier( 1001):   3: sent at 223116000000, KeyEvent { action=ACTION_UP, keyCode=KEYCODE_DPAD_DOWN, scanCode=0, metaState=0, flags=0x400, repeatCount=0, eventTime=223116, downTime=223116, deviceId=-1, source=0x101 }
D/InputEventConsistencyVerifier( 1001):   4: sent at 223116000000, KeyEvent { action=ACTION_DOWN, keyCode=KEYCODE_DPAD_DOWN, scanCode=0, metaState=0, flags=0x400, repeatCount=0, eventTime=223116, downTime=223116, deviceId=-1, source=0x101 }
D/InputEventConsistencyVerifier( 1001):   5: sent at 223115000000, KeyEvent { action=ACTION_UP, keyCode=KEYCODE_DPAD_DOWN, scanCode=0, metaState=0, flags=0x400, repeatCount=0, eventTime=223115, downTime=223115, deviceId=-1, source=0x101 }
I/Choreographer( 1001): Skipped 89 frames!  The application may be doing too much work on its main thread.
I/Choreographer( 1001): Skipped 40 frames!  The application may be doing too much work on its main thread.
E/WVMExtractor(   62): Failed to open libwvm.so
I/Choreographer( 1001): Skipped 30 frames!  The application may be doing too much work on its main thread.
E/WVMExtractor(   62): Failed to open libwvm.so
D/InputEventConsistencyVerifier(  421): TouchEvent: ACTION_DOWN but pointers are already down.  Probably missing ACTION_UP from previous gesture.
D/InputEventConsistencyVerifier(  421):   in android.view.ScaleGestureDetector@b3ebf978
D/InputEventConsistencyVerifier(  421):   0: sent at 224630000000, MotionEvent { action=ACTION_DOWN, id[0]=0, x[0]=72.0, y[0]=27.0, toolType[0]=TOOL_TYPE_UNKNOWN, buttonState=0, metaState=0, flags=0x0, edgeFlags=0x0, pointerCount=1, historySize=0, eventTime=224630, downTime=224629, deviceId=0, source=0x1002 }
D/InputEventConsistencyVerifier(  421):   -- recent events --
D/InputEventConsistencyVerifier(  421):   1: sent at 221610000000, MotionEvent { action=ACTION_DOWN, id[0]=0, x[0]=137.0, y[0]=326.0, toolType[0]=TOOL_TYPE_UNKNOWN, buttonState=0, metaState=0, flags=0x80000000, edgeFlags=0x0, pointerCount=1, historySize=0, eventTime=221610, downTime=221610, deviceId=0, source=0x1002 }
D/InputEventConsistencyVerifier(  421):   2: sent at 221585000000, MotionEvent { action=ACTION_DOWN, id[0]=0, x[0]=184.0, y[0]=333.0, toolType[0]=TOOL_TYPE_UNKNOWN, buttonState=0, metaState=0, flags=0x80000000, edgeFlags=0x0, pointerCount=1, historySize=0, eventTime=221585, downTime=221584, deviceId=0, source=0x1002 }
D/InputEventConsistencyVerifier(  421):   3: sent at 221488000000, MotionEvent { action=ACTION_DOWN, id[0]=0, x[0]=33.0, y[0]=368.0, toolType[0]=TOOL_TYPE_UNKNOWN, buttonState=0, metaState=0, flags=0x80000000, edgeFlags=0x0, pointerCount=1, historySize=0, eventTime=221488, downTime=221470, deviceId=0, source=0x1002 }
D/InputEventConsistencyVerifier(  421):   4: sent at 221456000000, MotionEvent { action=ACTION_DOWN, id[0]=0, x[0]=222.0, y[0]=616.0, toolType[0]=TOOL_TYPE_UNKNOWN, buttonState=0, metaState=0, flags=0x80000000, edgeFlags=0x0, pointerCount=1, historySize=0, eventTime=221456, downTime=221456, deviceId=0, source=0x1002 }
D/InputEventConsistencyVerifier(  421):   5: sent at 221253000000, MotionEvent { action=ACTION_DOWN, id[0]=0, x[0]=421.0, y[0]=290.0, toolType[0]=TOOL_TYPE_UNKNOWN, buttonState=0, metaState=0, flags=0x0, edgeFlags=0x0, pointerCount=1, historySize=0, eventTime=221253, downTime=221253, deviceId=0, source=0x1002 }
I/Choreographer(  421): Skipped 39 frames!  The application may be doing too much work on its main thread.
I/Choreographer( 1001): Skipped 42 frames!  The application may be doing too much work on its main thread.
D/InputEventConsistencyVerifier(  421): KeyEvent: ACTION_UP but key was not down.
D/InputEventConsistencyVerifier(  421):   in com.android.systemui.statusbar.phone.StatusBarWindowView@b3e20350
D/InputEventConsistencyVerifier(  421):   0: sent at 224852000000, KeyEvent { action=ACTION_UP, keyCode=KEYCODE_DPAD_CENTER, scanCode=0, metaState=0, flags=0x8, repeatCount=0, eventTime=224852, downTime=224852, deviceId=-1, source=0x101 }
D/InputEventConsistencyVerifier(  421):   -- recent events --
D/InputEventConsistencyVerifier(  421):   1: sent at 224639000000, MotionEvent { action=ACTION_UP, id[0]=0, x[0]=81.0, y[0]=10.0, toolType[0]=TOOL_TYPE_UNKNOWN, buttonState=0, metaState=0, flags=0x0, edgeFlags=0x0, pointerCount=1, historySize=0, eventTime=224639, downTime=224629, deviceId=0, source=0x1002 }
D/InputEventConsistencyVerifier(  421):   2: sent at 224630000000, MotionEvent { action=ACTION_DOWN, id[0]=0, x[0]=72.0, y[0]=27.0, toolType[0]=TOOL_TYPE_UNKNOWN, buttonState=0, metaState=0, flags=0x0, edgeFlags=0x0, pointerCount=1, historySize=0, eventTime=224630, downTime=224629, deviceId=0, source=0x1002 }
D/InputEventConsistencyVerifier(  421):   3: sent at 222355000000, (unhandled) MotionEvent { action=ACTION_MOVE, id[0]=0, x[0]=1.0, y[0]=1.0, toolType[0]=TOOL_TYPE_UNKNOWN, buttonState=0, metaState=0, flags=0x0, edgeFlags=0x0, pointerCount=1, historySize=9, eventTime=222355, downTime=-1, deviceId=0, source=0x10004 }
D/InputEventConsistencyVerifier(  421):   4: sent at 222260000000, (unhandled) KeyEvent { action=ACTION_UP, keyCode=KEYCODE_DPAD_UP, scanCode=0, metaState=0, flags=0x80000008, repeatCount=0, eventTime=222260, downTime=222260, deviceId=-1, source=0x101 }
D/InputEventConsistencyVerifier(  421):   5: sent at 221618000000, MotionEvent { action=ACTION_UP, id[0]=0, x[0]=128.0, y[0]=341.0, toolType[0]=TOOL_TYPE_UNKNOWN, buttonState=0, metaState=0, flags=0x0, edgeFlags=0x0, pointerCount=1, historySize=0, eventTime=221618, downTime=221610, deviceId=0, source=0x1002 }
D/InputEventConsistencyVerifier(  421): KeyEvent: ACTION_UP but key was not down.
D/InputEventConsistencyVerifier(  421):   in com.android.systemui.statusbar.phone.StatusBarWindowView@b3e20350
D/InputEventConsistencyVerifier(  421):   0: sent at 225184000000, KeyEvent { action=ACTION_UP, keyCode=KEYCODE_DPAD_LEFT, scanCode=0, metaState=0, flags=0x8, repeatCount=0, eventTime=225184, downTime=225184, deviceId=-1, source=0x101 }
D/InputEventConsistencyVerifier(  421):   -- recent events --
D/InputEventConsistencyVerifier(  421):   1: sent at 225019000000, MotionEvent { action=ACTION_UP, id[0]=0, x[0]=448.0, y[0]=620.0, toolType[0]=TOOL_TYPE_UNKNOWN, buttonState=0, metaState=0, flags=0x0, edgeFlags=0x0, pointerCount=1, historySize=0, eventTime=225019, downTime=225012, deviceId=0, source=0x1002 }
D/InputEventConsistencyVerifier(  421):   2: sent at 225013000000, MotionEvent { action=ACTION_DOWN, id[0]=0, x[0]=437.0, y[0]=615.0, toolType[0]=TOOL_TYPE_UNKNOWN, buttonState=0, metaState=0, flags=0x0, edgeFlags=0x0, pointerCount=1, historySize=0, eventTime=225013, downTime=225012, deviceId=0, source=0x1002 }
D/InputEventConsistencyVerifier(  421):   3: sent at 224852000000, (unhandled) KeyEvent { action=ACTION_UP, keyCode=KEYCODE_DPAD_CENTER, scanCode=0, metaState=0, flags=0x80000008, repeatCount=0, eventTime=224852, downTime=224852, deviceId=-1, source=0x101 }
D/InputEventConsistencyVerifier(  421):   4: sent at 224639000000, MotionEvent { action=ACTION_UP, id[0]=0, x[0]=81.0, y[0]=10.0, toolType[0]=TOOL_TYPE_UNKNOWN, buttonState=0, metaState=0, flags=0x0, edgeFlags=0x0, pointerCount=1, historySize=0, eventTime=224639, downTime=224629, deviceId=0, source=0x1002 }
D/InputEventConsistencyVerifier(  421):   5: sent at 224630000000, MotionEvent { action=ACTION_DOWN, id[0]=0, x[0]=72.0, y[0]=27.0, toolType[0]=TOOL_TYPE_UNKNOWN, buttonState=0, metaState=0, flags=0x0, edgeFlags=0x0, pointerCount=1, historySize=0, eventTime=224630, downTime=224629, deviceId=0, source=0x1002 }
D/InputEventConsistencyVerifier(  421): TouchEvent: ACTION_DOWN but pointers are already down.  Probably missing ACTION_UP from previous gesture.
D/InputEventConsistencyVerifier(  421):   in android.view.ScaleGestureDetector@b3ebf978
D/InputEventConsistencyVerifier(  421):   0: sent at 225196000000, MotionEvent { action=ACTION_DOWN, id[0]=0, x[0]=32.0, y[0]=5.0, toolType[0]=TOOL_TYPE_UNKNOWN, buttonState=0, metaState=0, flags=0x0, edgeFlags=0x0, pointerCount=1, historySize=0, eventTime=225196, downTime=225191, deviceId=0, source=0x1002 }
D/InputEventConsistencyVerifier(  421):   -- recent events --
D/InputEventConsistencyVerifier(  421):   1: sent at 225013000000, MotionEvent { action=ACTION_DOWN, id[0]=0, x[0]=437.0, y[0]=615.0, toolType[0]=TOOL_TYPE_UNKNOWN, buttonState=0, metaState=0, flags=0x0, edgeFlags=0x0, pointerCount=1, historySize=0, eventTime=225013, downTime=225012, deviceId=0, source=0x1002 }
D/InputEventConsistencyVerifier(  421):   2: sent at 224639000000, MotionEvent { action=ACTION_UP, id[0]=0, x[0]=81.0, y[0]=10.0, toolType[0]=TOOL_TYPE_UNKNOWN, buttonState=0, metaState=0, flags=0x0, edgeFlags=0x0, pointerCount=1, historySize=0, eventTime=224639, downTime=224629, deviceId=0, source=0x1002 }
D/InputEventConsistencyVerifier(  421):   3: sent at 224630000000, MotionEvent { action=ACTION_DOWN, id[0]=0, x[0]=72.0, y[0]=27.0, toolType[0]=TOOL_TYPE_UNKNOWN, buttonState=0, metaState=0, flags=0x80000000, edgeFlags=0x0, pointerCount=1, historySize=0, eventTime=224630, downTime=224629, deviceId=0, source=0x1002 }
D/InputEventConsistencyVerifier(  421):   4: sent at 221610000000, MotionEvent { action=ACTION_DOWN, id[0]=0, x[0]=137.0, y[0]=326.0, toolType[0]=TOOL_TYPE_UNKNOWN, buttonState=0, metaState=0, flags=0x80000000, edgeFlags=0x0, pointerCount=1, historySize=0, eventTime=221610, downTime=221610, deviceId=0, source=0x1002 }
D/InputEventConsistencyVerifier(  421):   5: sent at 221585000000, MotionEvent { action=ACTION_DOWN, id[0]=0, x[0]=184.0, y[0]=333.0, toolType[0]=TOOL_TYPE_UNKNOWN, buttonState=0, metaState=0, flags=0x80000000, edgeFlags=0x0, pointerCount=1, historySize=0, eventTime=221585, downTime=221584, deviceId=0, source=0x1002 }
W/dalvikvm(  421): DroidBox: { "FdAccess": { "path": "2f70726f632f6d656d696e666f", "id": "1816465800" } }
W/DroidBox(  421): DroidBox: { "FileRW": { "operation": "read", "data": "4d656d546f74616c3a202020202020202020373438393634206b420a4d656d467265653a20202020202020202020343439353838206b420a427566666572733a20202020202020202020202035343936206b420a4361636865643a202020202020202020", "id": "1816465800" } }
W/dalvikvm(  421): DroidBox: { "FdAccess": { "path": "2f70726f632f6d656d696e666f", "id": "583066488" } }
W/DroidBox(  421): DroidBox: { "FileRW": { "operation": "read", "data": "4d656d546f74616c3a202020202020202020373438393634206b420a4d656d467265653a20202020202020202020343439353838206b420a427566666572733a20202020202020202020202035343936206b420a4361636865643a202020202020202020", "id": "583066488" } }
I/Choreographer(  421): Skipped 122 frames!  The application may be doing too much work on its main thread.
W/dalvikvm(  421): DroidBox: { "FdAccess": { "path": "2f70726f632f6d656d696e666f", "id": "2078188668" } }
W/DroidBox(  421): DroidBox: { "FileRW": { "operation": "read", "data": "4d656d546f74616c3a202020202020202020373438393634206b420a4d656d467265653a20202020202020202020343439353838206b420a427566666572733a20202020202020202020202035343936206b420a4361636865643a202020202020202020", "id": "2078188668" } }
D/PhoneStatusBar(  421): disable: < expand icons alerts TICKER* system_info back home recent clock >
V/PhoneStatusBar(  421): setLightsOn(true)
D/InputEventConsistencyVerifier(  421): TouchEvent: ACTION_DOWN but pointers are already down.  Probably missing ACTION_UP from previous gesture.
D/InputEventConsistencyVerifier(  421):   in android.view.ScaleGestureDetector@b3ebf978
D/InputEventConsistencyVerifier(  421):   0: sent at 225386000000, MotionEvent { action=ACTION_DOWN, id[0]=0, x[0]=237.0, y[0]=293.0, toolType[0]=TOOL_TYPE_UNKNOWN, buttonState=0, metaState=0, flags=0x0, edgeFlags=0x0, pointerCount=1, historySize=0, eventTime=225386, downTime=225385, deviceId=0, source=0x1002 }
D/InputEventConsistencyVerifier(  421):   -- recent events --
D/InputEventConsistencyVerifier(  421):   1: sent at 225327000000, MotionEvent { action=ACTION_DOWN, id[0]=0, x[0]=230.0, y[0]=235.0, toolType[0]=TOOL_TYPE_UNKNOWN, buttonState=0, metaState=0, flags=0x0, edgeFlags=0x0, pointerCount=1, historySize=0, eventTime=225327, downTime=225289, deviceId=0, source=0x1002 }
D/InputEventConsistencyVerifier(  421):   2: sent at 225222000000, MotionEvent { action=ACTION_UP, id[0]=0, x[0]=157.0, y[0]=0.0, toolType[0]=TOOL_TYPE_UNKNOWN, buttonState=0, metaState=0, flags=0x0, edgeFlags=0x0, pointerCount=1, historySize=0, eventTime=225222, downTime=225191, deviceId=0, source=0x1002 }
D/InputEventConsistencyVerifier(  421):   3: sent at 225219000000, MotionEvent { action=ACTION_POINTER_UP(1), id[0]=0, x[0]=147.0, y[0]=0.0, toolType[0]=TOOL_TYPE_UNKNOWN, id[1]=1, x[1]=137.0, y[1]=0.0, toolType[1]=TOOL_TYPE_UNKNOWN, buttonState=0, metaState=0, flags=0x0, edgeFlags=0x0, pointerCount=2, historySize=0, eventTime=225219, downTime=225191, deviceId=0, source=0x1002 }
D/InputEventConsistencyVerifier(  421):   4: sent at 225217000000, MotionEvent { action=ACTION_MOVE, id[0]=0, x[0]=146.0, y[0]=0.0, toolType[0]=TOOL_TYPE_UNKNOWN, id[1]=1, x[1]=134.0, y[1]=0.0, toolType[1]=TOOL_TYPE_UNKNOWN, buttonState=0, metaState=0, flags=0x0, edgeFlags=0x0, pointerCount=2, historySize=6, eventTime=225217, downTime=225191, deviceId=0, source=0x1002 }
D/InputEventConsistencyVerifier(  421):   5: sent at 225200000000, MotionEvent { action=ACTION_POINTER_DOWN(1), id[0]=0, x[0]=52.0, y[0]=4.0, toolType[0]=TOOL_TYPE_UNKNOWN, id[1]=1, x[1]=92.0, y[1]=2.0, toolType[1]=TOOL_TYPE_UNKNOWN, buttonState=0, metaState=0, flags=0x0, edgeFlags=0x0, pointerCount=2, historySize=0, eventTime=225200, downTime=225191, deviceId=0, source=0x1002 }
D/InputEventConsistencyVerifier(  421): KeyEvent: ACTION_UP but key was not down.
D/InputEventConsistencyVerifier(  421):   in android.view.ViewRootImpl@b3eb0648
D/InputEventConsistencyVerifier(  421):   0: sent at 225498000000, KeyEvent { action=ACTION_UP, keyCode=KEYCODE_LANGUAGE_SWITCH, scanCode=0, metaState=0, flags=0x8, repeatCount=0, eventTime=225498, downTime=225498, deviceId=-1, source=0x101 }
D/InputEventConsistencyVerifier(  421):   -- recent events --
D/InputEventConsistencyVerifier(  421):   1: sent at 225492000000, KeyEvent { action=ACTION_UP, keyCode=KEYCODE_DVR, scanCode=0, metaState=0, flags=0x8, repeatCount=0, eventTime=225492, downTime=225492, deviceId=-1, source=0x101 }
D/InputEventConsistencyVerifier(  421):   2: sent at 225487000000, KeyEvent { action=ACTION_DOWN, keyCode=KEYCODE_DVR, scanCode=0, metaState=0, flags=0x8, repeatCount=0, eventTime=225487, downTime=225487, deviceId=-1, source=0x101 }
D/InputEventConsistencyVerifier(  421):   3: sent at 225478000000, KeyEvent { action=ACTION_UP, keyCode=KEYCODE_L, scanCode=0, metaState=0, flags=0x8, repeatCount=0, eventTime=225478, downTime=225478, deviceId=-1, source=0x101 }
D/InputEventConsistencyVerifier(  421):   4: sent at 225403000000, KeyEvent { action=ACTION_DOWN, keyCode=KEYCODE_L, scanCode=0, metaState=0, flags=0x8, repeatCount=0, eventTime=225403, downTime=225403, deviceId=-1, source=0x101 }
D/InputEventConsistencyVerifier(  421):   5: sent at 225397000000, MotionEvent { action=ACTION_UP, id[0]=0, x[0]=256.0, y[0]=305.0, toolType[0]=TOOL_TYPE_UNKNOWN, buttonState=0, metaState=0, flags=0x0, edgeFlags=0x0, pointerCount=1, historySize=0, eventTime=225397, downTime=225385, deviceId=0, source=0x1002 }
I/Choreographer(  421): Skipped 35 frames!  The application may be doing too much work on its main thread.
W/dalvikvm(  421): DroidBox: { "FdAccess": { "path": "2f70726f632f6d656d696e666f", "id": "136587998" } }
W/DroidBox(  421): DroidBox: { "FileRW": { "operation": "read", "data": "4d656d546f74616c3a202020202020202020373438393634206b420a4d656d467265653a20202020202020202020343438353936206b420a427566666572733a20202020202020202020202035343936206b420a4361636865643a202020202020202020", "id": "136587998" } }
W/dalvikvm(  421): DroidBox: { "FdAccess": { "path": "2f70726f632f6d656d696e666f", "id": "42690677" } }
W/DroidBox(  421): DroidBox: { "FileRW": { "operation": "read", "data": "4d656d546f74616c3a202020202020202020373438393634206b420a4d656d467265653a20202020202020202020343438353936206b420a427566666572733a20202020202020202020202035343936206b420a4361636865643a202020202020202020", "id": "42690677" } }
W/dalvikvm(  421): DroidBox: { "FdAccess": { "path": "2f70726f632f6d656d696e666f", "id": "846578615" } }
W/DroidBox(  421): DroidBox: { "FileRW": { "operation": "read", "data": "4d656d546f74616c3a202020202020202020373438393634206b420a4d656d467265653a20202020202020202020343438353936206b420a427566666572733a20202020202020202020202035343936206b420a4361636865643a202020202020202020", "id": "846578615" } }
W/dalvikvm(  421): DroidBox: { "FdAccess": { "path": "2f70726f632f6d656d696e666f", "id": "230182067" } }
W/DroidBox(  421): DroidBox: { "FileRW": { "operation": "read", "data": "4d656d546f74616c3a202020202020202020373438393634206b420a4d656d467265653a20202020202020202020343438343732206b420a427566666572733a20202020202020202020202035343936206b420a4361636865643a202020202020202020", "id": "230182067" } }
D/InputEventConsistencyVerifier(  421): KeyEvent: ACTION_UP but key was not down.
D/InputEventConsistencyVerifier(  421):   in android.widget.FrameLayout@b3e3fea0
D/InputEventConsistencyVerifier(  421):   0: sent at 225817000000, KeyEvent { action=ACTION_UP, keyCode=KEYCODE_DPAD_DOWN, scanCode=0, metaState=0, flags=0x400, repeatCount=0, eventTime=225817, downTime=225817, deviceId=-1, source=0x101 }
D/InputEventConsistencyVerifier(  421):   -- recent events --
D/InputEventConsistencyVerifier(  421):   1: sent at 219509000000, MotionEvent { action=ACTION_UP, id[0]=0, x[0]=401.0, y[0]=37.0, toolType[0]=TOOL_TYPE_UNKNOWN, buttonState=0, metaState=0, flags=0x0, edgeFlags=0x0, pointerCount=1, historySize=0, eventTime=219509, downTime=219504, deviceId=0, source=0x1002 }
D/InputEventConsistencyVerifier(  421):   2: sent at 219504000000, MotionEvent { action=ACTION_DOWN, id[0]=0, x[0]=396.0, y[0]=22.0, toolType[0]=TOOL_TYPE_UNKNOWN, buttonState=0, metaState=0, flags=0x80000000, edgeFlags=0x0, pointerCount=1, historySize=0, eventTime=219504, downTime=219504, deviceId=0, source=0x1002 }
D/InputEventConsistencyVerifier(  421):   3: sent at 219349000000, (unhandled) KeyEvent { action=ACTION_DOWN, keyCode=KEYCODE_DPAD_UP, scanCode=0, metaState=0, flags=0x8, repeatCount=0, eventTime=219349, downTime=219349, deviceId=-1, source=0x101 }
D/InputEventConsistencyVerifier(  421):   4: sent at 219340000000, (unhandled) KeyEvent { action=ACTION_UP, keyCode=KEYCODE_DPAD_RIGHT, scanCode=0, metaState=0, flags=0x8, repeatCount=0, eventTime=219340, downTime=219340, deviceId=-1, source=0x101 }
D/InputEventConsistencyVerifier(  421):   5: sent at 219336000000, (unhandled) KeyEvent { action=ACTION_DOWN, keyCode=KEYCODE_DPAD_RIGHT, scanCode=0, metaState=0, flags=0x8, repeatCount=0, eventTime=219336, downTime=219336, deviceId=-1, source=0x101 }
W/dalvikvm(  421): DroidBox: { "FdAccess": { "path": "2f70726f632f6d656d696e666f", "id": "1749495000" } }
W/DroidBox(  421): DroidBox: { "FileRW": { "operation": "read", "data": "4d656d546f74616c3a202020202020202020373438393634206b420a4d656d467265653a20202020202020202020343438343732206b420a427566666572733a20202020202020202020202035343936206b420a4361636865643a202020202020202020", "id": "1749495000" } }
D/InputEventConsistencyVerifier(  421): TouchEvent: ACTION_DOWN but pointers are already down.  Probably missing ACTION_UP from previous gesture.
D/InputEventConsistencyVerifier(  421):   in android.view.ScaleGestureDetector@b3ebf978
D/InputEventConsistencyVerifier(  421):   0: sent at 225943000000, MotionEvent { action=ACTION_DOWN, id[0]=0, x[0]=260.0, y[0]=377.0, toolType[0]=TOOL_TYPE_UNKNOWN, buttonState=0, metaState=0, flags=0x0, edgeFlags=0x0, pointerCount=1, historySize=0, eventTime=225943, downTime=225943, deviceId=0, source=0x1002 }
D/InputEventConsistencyVerifier(  421):   -- recent events --
D/InputEventConsistencyVerifier(  421):   1: sent at 225386000000, MotionEvent { action=ACTION_DOWN, id[0]=0, x[0]=237.0, y[0]=293.0, toolType[0]=TOOL_TYPE_UNKNOWN, buttonState=0, metaState=0, flags=0x80000000, edgeFlags=0x0, pointerCount=1, historySize=0, eventTime=225386, downTime=225385, deviceId=0, source=0x1002 }
D/InputEventConsistencyVerifier(  421):   2: sent at 225327000000, MotionEvent { action=ACTION_DOWN, id[0]=0, x[0]=230.0, y[0]=235.0, toolType[0]=TOOL_TYPE_UNKNOWN, buttonState=0, metaState=0, flags=0x0, edgeFlags=0x0, pointerCount=1, historySize=0, eventTime=225327, downTime=225289, deviceId=0, source=0x1002 }
D/InputEventConsistencyVerifier(  421):   3: sent at 225222000000, MotionEvent { action=ACTION_UP, id[0]=0, x[0]=157.0, y[0]=0.0, toolType[0]=TOOL_TYPE_UNKNOWN, buttonState=0, metaState=0, flags=0x0, edgeFlags=0x0, pointerCount=1, historySize=0, eventTime=225222, downTime=225191, deviceId=0, source=0x1002 }
D/InputEventConsistencyVerifier(  421):   4: sent at 225219000000, MotionEvent { action=ACTION_POINTER_UP(1), id[0]=0, x[0]=147.0, y[0]=0.0, toolType[0]=TOOL_TYPE_UNKNOWN, id[1]=1, x[1]=137.0, y[1]=0.0, toolType[1]=TOOL_TYPE_UNKNOWN, buttonState=0, metaState=0, flags=0x0, edgeFlags=0x0, pointerCount=2, historySize=0, eventTime=225219, downTime=225191, deviceId=0, source=0x1002 }
D/InputEventConsistencyVerifier(  421):   5: sent at 225217000000, MotionEvent { action=ACTION_MOVE, id[0]=0, x[0]=146.0, y[0]=0.0, toolType[0]=TOOL_TYPE_UNKNOWN, id[1]=1, x[1]=134.0, y[1]=0.0, toolType[1]=TOOL_TYPE_UNKNOWN, buttonState=0, metaState=0, flags=0x0, edgeFlags=0x0, pointerCount=2, historySize=6, eventTime=225217, downTime=225191, deviceId=0, source=0x1002 }
I/Choreographer(  421): Skipped 61 frames!  The application may be doing too much work on its main thread.
D/InputEventConsistencyVerifier(  421): KeyEvent: ACTION_UP but key was not down.
D/InputEventConsistencyVerifier(  421):   in android.widget.FrameLayout@b3e3fea0
D/InputEventConsistencyVerifier(  421):   0: sent at 226063000000, KeyEvent { action=ACTION_UP, keyCode=KEYCODE_DPAD_DOWN, scanCode=0, metaState=0, flags=0x400, repeatCount=0, eventTime=226063, downTime=226063, deviceId=-1, source=0x101 }
D/InputEventConsistencyVerifier(  421):   -- recent events --
D/InputEventConsistencyVerifier(  421):   1: sent at 225986000000, MotionEvent { action=ACTION_UP, id[0]=0, x[0]=328.0, y[0]=185.0, toolType[0]=TOOL_TYPE_UNKNOWN, buttonState=0, metaState=0, flags=0x0, edgeFlags=0x0, pointerCount=1, historySize=0, eventTime=225986, downTime=225968, deviceId=0, source=0x1002 }
D/InputEventConsistencyVerifier(  421):   2: sent at 225968000000, MotionEvent { action=ACTION_DOWN, id[0]=0, x[0]=344.0, y[0]=208.0, toolType[0]=TOOL_TYPE_UNKNOWN, buttonState=0, metaState=0, flags=0x0, edgeFlags=0x0, pointerCount=1, historySize=0, eventTime=225968, downTime=225968, deviceId=0, source=0x1002 }
D/InputEventConsistencyVerifier(  421):   3: sent at 225948000000, MotionEvent { action=ACTION_UP, id[0]=0, x[0]=257.0, y[0]=377.0, toolType[0]=TOOL_TYPE_UNKNOWN, buttonState=0, metaState=0, flags=0x0, edgeFlags=0x0, pointerCount=1, historySize=0, eventTime=225948, downTime=225943, deviceId=0, source=0x1002 }
D/InputEventConsistencyVerifier(  421):   4: sent at 225943000000, MotionEvent { action=ACTION_DOWN, id[0]=0, x[0]=260.0, y[0]=377.0, toolType[0]=TOOL_TYPE_UNKNOWN, buttonState=0, metaState=0, flags=0x80000000, edgeFlags=0x0, pointerCount=1, historySize=0, eventTime=225943, downTime=225943, deviceId=0, source=0x1002 }
D/InputEventConsistencyVerifier(  421):   5: sent at 225820000000, (unhandled) KeyEvent { action=ACTION_UP, keyCode=KEYCODE_DPAD_LEFT, scanCode=0, metaState=0, flags=0x8, repeatCount=0, eventTime=225820, downTime=225820, deviceId=-1, source=0x101 }
D/InputEventConsistencyVerifier(  421): KeyEvent: ACTION_UP but key was not down.
D/InputEventConsistencyVerifier(  421):   in com.android.systemui.statusbar.phone.PhoneStatusBarView@b3e222e8
D/InputEventConsistencyVerifier(  421):   0: sent at 226067000000, KeyEvent { action=ACTION_UP, keyCode=KEYCODE_DPAD_UP, scanCode=0, metaState=0, flags=0x8, repeatCount=0, eventTime=226067, downTime=226067, deviceId=-1, source=0x101 }
D/InputEventConsistencyVerifier(  421):   -- recent events --
D/InputEventConsistencyVerifier(  421):   1: sent at 226063000000, (unhandled) KeyEvent { action=ACTION_DOWN, keyCode=KEYCODE_DPAD_DOWN, scanCode=0, metaState=0, flags=0x400, repeatCount=0, eventTime=226063, downTime=226063, deviceId=-1, source=0x101 }
D/InputEventConsistencyVerifier(  421):   2: sent at 225817000000, (unhandled) KeyEvent { action=ACTION_DOWN, keyCode=KEYCODE_DPAD_DOWN, scanCode=0, metaState=0, flags=0x400, repeatCount=0, eventTime=225817, downTime=225817, deviceId=-1, source=0x101 }
D/InputEventConsistencyVerifier(  421):   3: sent at 225758000000, (unhandled) MotionEvent { action=ACTION_MOVE, id[0]=0, x[0]=0.0, y[0]=4.0, toolType[0]=TOOL_TYPE_UNKNOWN, buttonState=0, metaState=0, flags=0x0, edgeFlags=0x0, pointerCount=1, historySize=5, eventTime=225758, downTime=-1, deviceId=0, source=0x10004 }
D/InputEventConsistencyVerifier(  421):   4: sent at 225738000000, (unhandled) KeyEvent { action=ACTION_UP, keyCode=KEYCODE_DPAD_UP, scanCode=0, metaState=0, flags=0x400, repeatCount=0, eventTime=225738, downTime=225738, deviceId=-1, source=0x101 }
D/InputEventConsistencyVerifier(  421):   5: sent at 225738000000, (unhandled) KeyEvent { action=ACTION_DOWN, keyCode=KEYCODE_DPAD_UP, scanCode=0, metaState=0, flags=0x400, repeatCount=0, eventTime=225738, downTime=225738, deviceId=-1, source=0x101 }
W/dalvikvm(  421): DroidBox: { "FdAccess": { "path": "2f70726f632f6d656d696e666f", "id": "1727478971" } }
W/DroidBox(  421): DroidBox: { "FileRW": { "operation": "read", "data": "4d656d546f74616c3a202020202020202020373438393634206b420a4d656d467265653a20202020202020202020343438343634206b420a427566666572733a20202020202020202020202035343936206b420a4361636865643a202020202020202020", "id": "1727478971" } }
D/InputEventConsistencyVerifier(  421): KeyEvent: ACTION_UP but key was not down.
D/InputEventConsistencyVerifier(  421):   in com.android.systemui.statusbar.phone.StatusBarWindowView@b3e20350
D/InputEventConsistencyVerifier(  421):   0: sent at 226244000000, KeyEvent { action=ACTION_UP, keyCode=KEYCODE_PAGE_DOWN, scanCode=0, metaState=0, flags=0x8, repeatCount=0, eventTime=226244, downTime=226244, deviceId=-1, source=0x101 }
D/InputEventConsistencyVerifier(  421):   -- recent events --
D/InputEventConsistencyVerifier(  421):   1: sent at 226208000000, (unhandled) KeyEvent { action=ACTION_UP, keyCode=KEYCODE_VOLUME_UP, scanCode=0, metaState=0, flags=0x8, repeatCount=0, eventTime=226208, downTime=226208, deviceId=-1, source=0x101 }
D/InputEventConsistencyVerifier(  421):   2: sent at 226165000000, (unhandled) KeyEvent { action=ACTION_DOWN, keyCode=KEYCODE_VOLUME_UP, scanCode=0, metaState=0, flags=0x8, repeatCount=0, eventTime=226165, downTime=226165, deviceId=-1, source=0x101 }
D/InputEventConsistencyVerifier(  421):   3: sent at 226155000000, MotionEvent { action=ACTION_UP, id[0]=0, x[0]=471.0, y[0]=706.0, toolType[0]=TOOL_TYPE_UNKNOWN, buttonState=0, metaState=0, flags=0x0, edgeFlags=0x0, pointerCount=1, historySize=0, eventTime=226155, downTime=226150, deviceId=0, source=0x1002 }
D/InputEventConsistencyVerifier(  421):   4: sent at 226150000000, MotionEvent { action=ACTION_DOWN, id[0]=0, x[0]=459.0, y[0]=714.0, toolType[0]=TOOL_TYPE_UNKNOWN, buttonState=0, metaState=0, flags=0x0, edgeFlags=0x0, pointerCount=1, historySize=0, eventTime=226150, downTime=226150, deviceId=0, source=0x1002 }
D/InputEventConsistencyVerifier(  421):   5: sent at 226123000000, (unhandled) KeyEvent { action=ACTION_UP, keyCode=KEYCODE_DPAD_RIGHT, scanCode=0, metaState=0, flags=0x8, repeatCount=0, eventTime=226123, downTime=226123, deviceId=-1, source=0x101 }
D/InputEventConsistencyVerifier(  421): KeyEvent: ACTION_UP but key was not down.
D/InputEventConsistencyVerifier(  421):   in com.android.systemui.statusbar.phone.StatusBarWindowView@b3e20350
D/InputEventConsistencyVerifier(  421):   0: sent at 226520000000, KeyEvent { action=ACTION_UP, keyCode=KEYCODE_DPAD_LEFT, scanCode=0, metaState=0, flags=0x400, repeatCount=0, eventTime=226520, downTime=226520, deviceId=-1, source=0x101 }
D/InputEventConsistencyVerifier(  421):   -- recent events --
D/InputEventConsistencyVerifier(  421):   1: sent at 226472000000, (unhandled) MotionEvent { action=ACTION_MOVE, id[0]=0, x[0]=-2.0, y[0]=0.0, toolType[0]=TOOL_TYPE_UNKNOWN, buttonState=0, metaState=0, flags=0x0, edgeFlags=0x0, pointerCount=1, historySize=9, eventTime=226472, downTime=-1, deviceId=0, source=0x10004 }
D/InputEventConsistencyVerifier(  421):   2: sent at 226398000000, MotionEvent { action=ACTION_UP, id[0]=0, x[0]=157.0, y[0]=493.0, toolType[0]=TOOL_TYPE_UNKNOWN, buttonState=0, metaState=0, flags=0x0, edgeFlags=0x0, pointerCount=1, historySize=0, eventTime=226398, downTime=226329, deviceId=0, source=0x1002 }
D/InputEventConsistencyVerifier(  421):   3: sent at 226396000000, MotionEvent { action=ACTION_MOVE, id[0]=0, x[0]=165.0, y[0]=486.0, toolType[0]=TOOL_TYPE_UNKNOWN, buttonState=0, metaState=0, flags=0x0, edgeFlags=0x0, pointerCount=1, historySize=5, eventTime=226396, downTime=226329, deviceId=0, source=0x1002 }
D/InputEventConsistencyVerifier(  421):   4: sent at 226353000000, MotionEvent { action=ACTION_DOWN, id[0]=0, x[0]=219.0, y[0]=450.0, toolType[0]=TOOL_TYPE_UNKNOWN, buttonState=0, metaState=0, flags=0x0, edgeFlags=0x0, pointerCount=1, historySize=0, eventTime=226353, downTime=226329, deviceId=0, source=0x1002 }
D/InputEventConsistencyVerifier(  421):   5: sent at 226244000000, (unhandled) KeyEvent { action=ACTION_UP, keyCode=KEYCODE_PAGE_DOWN, scanCode=0, metaState=0, flags=0x80000008, repeatCount=0, eventTime=226244, downTime=226244, deviceId=-1, source=0x101 }
D/InputEventConsistencyVerifier(  421): TrackballEvent: Trackball is down but pressure is not greater than 0.
D/InputEventConsistencyVerifier(  421):   in android.view.ViewRootImpl@b3eb0648
D/InputEventConsistencyVerifier(  421):   0: sent at 226476000000, MotionEvent { action=ACTION_DOWN, id[0]=0, x[0]=0.0, y[0]=0.0, toolType[0]=TOOL_TYPE_UNKNOWN, buttonState=0, metaState=0, flags=0x0, edgeFlags=0x0, pointerCount=1, historySize=0, eventTime=226476, downTime=226407, deviceId=0, source=0x10004 }
D/InputEventConsistencyVerifier(  421):   -- recent events --
D/InputEventConsistencyVerifier(  421):   1: sent at 226520000000, KeyEvent { action=ACTION_UP, keyCode=KEYCODE_DPAD_LEFT, scanCode=0, metaState=0, flags=0x400, repeatCount=0, eventTime=226520, downTime=226520, deviceId=-1, source=0x101 }
D/InputEventConsistencyVerifier(  421):   2: sent at 226520000000, KeyEvent { action=ACTION_DOWN, keyCode=KEYCODE_DPAD_LEFT, scanCode=0, metaState=0, flags=0x400, repeatCount=0, eventTime=226520, downTime=226520, deviceId=-1, source=0x101 }
D/InputEventConsistencyVerifier(  421):   3: sent at 226520000000, KeyEvent { action=ACTION_UP, keyCode=KEYCODE_DPAD_LEFT, scanCode=0, metaState=0, flags=0x400, repeatCount=0, eventTime=226520, downTime=226520, deviceId=-1, source=0x101 }
D/InputEventConsistencyVerifier(  421):   4: sent at 226520000000, KeyEvent { action=ACTION_DOWN, keyCode=KEYCODE_DPAD_LEFT, scanCode=0, metaState=0, flags=0x400, repeatCount=0, eventTime=226520, downTime=226520, deviceId=-1, source=0x101 }
D/InputEventConsistencyVerifier(  421):   5: sent at 226472000000, MotionEvent { action=ACTION_MOVE, id[0]=0, x[0]=-2.0, y[0]=0.0, toolType[0]=TOOL_TYPE_UNKNOWN, buttonState=0, metaState=0, flags=0x0, edgeFlags=0x0, pointerCount=1, historySize=9, eventTime=226472, downTime=-1, deviceId=0, source=0x10004 }
I/Choreographer(  421): Skipped 72 frames!  The application may be doing too much work on its main thread.
D/InputEventConsistencyVerifier(  421): TouchEvent: ACTION_DOWN but pointers are already down.  Probably missing ACTION_UP from previous gesture.
D/InputEventConsistencyVerifier(  421):   in android.view.ScaleGestureDetector@b3ebf978
D/InputEventConsistencyVerifier(  421):   0: sent at 226712000000, MotionEvent { action=ACTION_DOWN, id[0]=0, x[0]=206.0, y[0]=659.0, toolType[0]=TOOL_TYPE_UNKNOWN, buttonState=0, metaState=0, flags=0x0, edgeFlags=0x0, pointerCount=1, historySize=0, eventTime=226712, downTime=226712, deviceId=0, source=0x1002 }
D/InputEventConsistencyVerifier(  421):   -- recent events --
D/InputEventConsistencyVerifier(  421):   1: sent at 226396000000, MotionEvent { action=ACTION_MOVE, id[0]=0, x[0]=165.0, y[0]=486.0, toolType[0]=TOOL_TYPE_UNKNOWN, buttonState=0, metaState=0, flags=0x0, edgeFlags=0x0, pointerCount=1, historySize=5, eventTime=226396, downTime=226329, deviceId=0, source=0x1002 }
D/InputEventConsistencyVerifier(  421):   2: sent at 226353000000, MotionEvent { action=ACTION_DOWN, id[0]=0, x[0]=219.0, y[0]=450.0, toolType[0]=TOOL_TYPE_UNKNOWN, buttonState=0, metaState=0, flags=0x0, edgeFlags=0x0, pointerCount=1, historySize=0, eventTime=226353, downTime=226329, deviceId=0, source=0x1002 }
D/InputEventConsistencyVerifier(  421):   3: sent at 226155000000, MotionEvent { action=ACTION_UP, id[0]=0, x[0]=471.0, y[0]=706.0, toolType[0]=TOOL_TYPE_UNKNOWN, buttonState=0, metaState=0, flags=0x0, edgeFlags=0x0, pointerCount=1, historySize=0, eventTime=226155, downTime=226150, deviceId=0, source=0x1002 }
D/InputEventConsistencyVerifier(  421):   4: sent at 226150000000, MotionEvent { action=ACTION_DOWN, id[0]=0, x[0]=459.0, y[0]=714.0, toolType[0]=TOOL_TYPE_UNKNOWN, buttonState=0, metaState=0, flags=0x0, edgeFlags=0x0, pointerCount=1, historySize=0, eventTime=226150, downTime=226150, deviceId=0, source=0x1002 }
D/InputEventConsistencyVerifier(  421):   5: sent at 225986000000, MotionEvent { action=ACTION_UP, id[0]=0, x[0]=328.0, y[0]=185.0, toolType[0]=TOOL_TYPE_UNKNOWN, buttonState=0, metaState=0, flags=0x0, edgeFlags=0x0, pointerCount=1, historySize=0, eventTime=225986, downTime=225968, deviceId=0, source=0x1002 }
I/Choreographer(  421): Skipped 41 frames!  The application may be doing too much work on its main thread.
D/InputEventConsistencyVerifier(  421): KeyEvent: ACTION_UP but key was not down.
D/InputEventConsistencyVerifier(  421):   in com.android.systemui.statusbar.phone.StatusBarWindowView@b3e20350
D/InputEventConsistencyVerifier(  421):   0: sent at 227131000000, KeyEvent { action=ACTION_UP, keyCode=KEYCODE_DPAD_RIGHT, scanCode=0, metaState=0, flags=0x8, repeatCount=0, eventTime=227131, downTime=227131, deviceId=-1, source=0x101 }
D/InputEventConsistencyVerifier(  421):   -- recent events --
D/InputEventConsistencyVerifier(  421):   1: sent at 226810000000, MotionEvent { action=ACTION_UP, id[0]=0, x[0]=387.0, y[0]=705.0, toolType[0]=TOOL_TYPE_UNKNOWN, buttonState=0, metaState=0, flags=0x0, edgeFlags=0x0, pointerCount=1, historySize=0, eventTime=226810, downTime=226764, deviceId=0, source=0x1002 }
D/InputEventConsistencyVerifier(  421):   2: sent at 226803000000, MotionEvent { action=ACTION_DOWN, id[0]=0, x[0]=401.0, y[0]=691.0, toolType[0]=TOOL_TYPE_UNKNOWN, buttonState=0, metaState=0, flags=0x0, edgeFlags=0x0, pointerCount=1, historySize=0, eventTime=226803, downTime=226764, deviceId=0, source=0x1002 }
D/InputEventConsistencyVerifier(  421):   3: sent at 226757000000, MotionEvent { action=ACTION_UP, id[0]=0, x[0]=216.0, y[0]=651.0, toolType[0]=TOOL_TYPE_UNKNOWN, buttonState=0, metaState=0, flags=0x0, edgeFlags=0x0, pointerCount=1, historySize=0, eventTime=226757, downTime=226712, deviceId=0, source=0x1002 }
D/InputEventConsistencyVerifier(  421):   4: sent at 226712000000, MotionEvent { action=ACTION_DOWN, id[0]=0, x[0]=206.0, y[0]=659.0, toolType[0]=TOOL_TYPE_UNKNOWN, buttonState=0, metaState=0, flags=0x0, edgeFlags=0x0, pointerCount=1, historySize=0, eventTime=226712, downTime=226712, deviceId=0, source=0x1002 }
D/InputEventConsistencyVerifier(  421):   5: sent at 226706000000, (unhandled) KeyEvent { action=ACTION_UP, keyCode=KEYCODE_DPAD_RIGHT, scanCode=0, metaState=0, flags=0x8, repeatCount=0, eventTime=226706, downTime=226706, deviceId=-1, source=0x101 }
D/InputEventConsistencyVerifier(  421): KeyEvent: ACTION_UP but key was not down.
D/InputEventConsistencyVerifier(  421):   in com.android.systemui.statusbar.phone.StatusBarWindowView@b3e20350
D/InputEventConsistencyVerifier(  421):   0: sent at 227169000000, KeyEvent { action=ACTION_UP, keyCode=KEYCODE_DPAD_UP, scanCode=0, metaState=0, flags=0x8, repeatCount=0, eventTime=227169, downTime=227169, deviceId=-1, source=0x101 }
D/InputEventConsistencyVerifier(  421):   -- recent events --
D/InputEventConsistencyVerifier(  421):   1: sent at 227143000000, MotionEvent { action=ACTION_UP, id[0]=0, x[0]=0.0, y[0]=618.0, toolType[0]=TOOL_TYPE_UNKNOWN, buttonState=0, metaState=0, flags=0x0, edgeFlags=0x0, pointerCount=1, historySize=0, eventTime=227143, downTime=227138, deviceId=0, source=0x1002 }
D/InputEventConsistencyVerifier(  421):   2: sent at 227138000000, MotionEvent { action=ACTION_DOWN, id[0]=0, x[0]=1.0, y[0]=616.0, toolType[0]=TOOL_TYPE_UNKNOWN, buttonState=0, metaState=0, flags=0x0, edgeFlags=0x0, pointerCount=1, historySize=0, eventTime=227138, downTime=227138, deviceId=0, source=0x1002 }
D/InputEventConsistencyVerifier(  421):   3: sent at 227131000000, (unhandled) KeyEvent { action=ACTION_UP, keyCode=KEYCODE_DPAD_RIGHT, scanCode=0, metaState=0, flags=0x80000008, repeatCount=0, eventTime=227131, downTime=227131, deviceId=-1, source=0x101 }
D/InputEventConsistencyVerifier(  421):   4: sent at 226810000000, MotionEvent { action=ACTION_UP, id[0]=0, x[0]=387.0, y[0]=705.0, toolType[0]=TOOL_TYPE_UNKNOWN, buttonState=0, metaState=0, flags=0x0, edgeFlags=0x0, pointerCount=1, historySize=0, eventTime=226810, downTime=226764, deviceId=0, source=0x1002 }
D/InputEventConsistencyVerifier(  421):   5: sent at 226803000000, MotionEvent { action=ACTION_DOWN, id[0]=0, x[0]=401.0, y[0]=691.0, toolType[0]=TOOL_TYPE_UNKNOWN, buttonState=0, metaState=0, flags=0x0, edgeFlags=0x0, pointerCount=1, historySize=0, eventTime=226803, downTime=226764, deviceId=0, source=0x1002 }
D/InputEventConsistencyVerifier(  421): TouchEvent: ACTION_DOWN but pointers are already down.  Probably missing ACTION_UP from previous gesture.
D/InputEventConsistencyVerifier(  421):   in android.view.ScaleGestureDetector@b3ebf978
D/InputEventConsistencyVerifier(  421):   0: sent at 227311000000, MotionEvent { action=ACTION_DOWN, id[0]=0, x[0]=197.0, y[0]=223.0, toolType[0]=TOOL_TYPE_UNKNOWN, buttonState=0, metaState=0, flags=0x0, edgeFlags=0x0, pointerCount=1, historySize=0, eventTime=227311, downTime=227299, deviceId=0, source=0x1002 }
D/InputEventConsistencyVerifier(  421):   -- recent events --
D/InputEventConsistencyVerifier(  421):   1: sent at 227273000000, MotionEvent { action=ACTION_MOVE, id[0]=0, x[0]=188.5, y[0]=233.5, toolType[0]=TOOL_TYPE_UNKNOWN, buttonState=0, metaState=0, flags=0x0, edgeFlags=0x0, pointerCount=1, historySize=6, eventTime=227273, downTime=227214, deviceId=0, source=0x1002 }
D/InputEventConsistencyVerifier(  421):   2: sent at 227217000000, MotionEvent { action=ACTION_DOWN, id[0]=0, x[0]=224.0, y[0]=154.0, toolType[0]=TOOL_TYPE_UNKNOWN, buttonState=0, metaState=0, flags=0x0, edgeFlags=0x0, pointerCount=1, historySize=0, eventTime=227217, downTime=227214, deviceId=0, source=0x1002 }
D/InputEventConsistencyVerifier(  421):   3: sent at 227143000000, MotionEvent { action=ACTION_UP, id[0]=0, x[0]=0.0, y[0]=618.0, toolType[0]=TOOL_TYPE_UNKNOWN, buttonState=0, metaState=0, flags=0x0, edgeFlags=0x0, pointerCount=1, historySize=0, eventTime=227143, downTime=227138, deviceId=0, source=0x1002 }
D/InputEventConsistencyVerifier(  421):   4: sent at 227138000000, MotionEvent { action=ACTION_DOWN, id[0]=0, x[0]=1.0, y[0]=616.0, toolType[0]=TOOL_TYPE_UNKNOWN, buttonState=0, metaState=0, flags=0x0, edgeFlags=0x0, pointerCount=1, historySize=0, eventTime=227138, downTime=227138, deviceId=0, source=0x1002 }
D/InputEventConsistencyVerifier(  421):   5: sent at 226810000000, MotionEvent { action=ACTION_UP, id[0]=0, x[0]=387.0, y[0]=705.0, toolType[0]=TOOL_TYPE_UNKNOWN, buttonState=0, metaState=0, flags=0x0, edgeFlags=0x0, pointerCount=1, historySize=0, eventTime=226810, downTime=226764, deviceId=0, source=0x1002 }
D/InputEventConsistencyVerifier(  421): KeyEvent: ACTION_UP but key was not down.
D/InputEventConsistencyVerifier(  421):   in com.android.systemui.statusbar.phone.StatusBarWindowView@b3e20350
D/InputEventConsistencyVerifier(  421):   0: sent at 227421000000, KeyEvent { action=ACTION_UP, keyCode=KEYCODE_DPAD_DOWN, scanCode=0, metaState=0, flags=0x400, repeatCount=0, eventTime=227421, downTime=227421, deviceId=-1, source=0x101 }
D/InputEventConsistencyVerifier(  421):   -- recent events --
D/InputEventConsistencyVerifier(  421):   1: sent at 227380000000, (unhandled) MotionEvent { action=ACTION_MOVE, id[0]=0, x[0]=-1.0, y[0]=2.0, toolType[0]=TOOL_TYPE_UNKNOWN, buttonState=0, metaState=0, flags=0x0, edgeFlags=0x0, pointerCount=1, historySize=9, eventTime=227380, downTime=-1, deviceId=0, source=0x10004 }
D/InputEventConsistencyVerifier(  421):   2: sent at 227332000000, MotionEvent { action=ACTION_UP, id[0]=0, x[0]=169.0, y[0]=236.0, toolType[0]=TOOL_TYPE_UNKNOWN, buttonState=0, metaState=0, flags=0x0, edgeFlags=0x0, pointerCount=1, historySize=0, eventTime=227332, downTime=227299, deviceId=0, source=0x1002 }
D/InputEventConsistencyVerifier(  421):   3: sent at 227322000000, MotionEvent { action=ACTION_MOVE, id[0]=0, x[0]=177.0, y[0]=234.0, toolType[0]=TOOL_TYPE_UNKNOWN, buttonState=0, metaState=0, flags=0x0, e