W/DroidBox( 1052): DroidBox: { "ServiceStart": { "name": "com.android.music.MediaPlaybackService" } }
W/DroidBox( 1052): DroidBox: { "ServiceStart": { "name": "com.android.music.MediaPlaybackService" } }
I/Choreographer(  960): Skipped 37 frames!  The application may be doing too much work on its main thread.
E/WVMExtractor(   62): Failed to open libwvm.so
I/ActivityManager(  228): START {act=android.intent.action.MAIN cat=[android.intent.category.LAUNCHER] flg=0x10200000 cmp=com.bratolubzet.stlstart/.Vertikalno u=0} from pid 941
I/Choreographer(  415): Skipped 70 frames!  The application may be doing too much work on its main thread.
D/InputEventConsistencyVerifier(  415): KeyEvent: ACTION_UP but key was not down.
D/InputEventConsistencyVerifier(  415):   in android.view.ViewRootImpl@b3e48ca8
D/InputEventConsistencyVerifier(  415):   0: sent at 212348000000, KeyEvent { action=ACTION_UP, keyCode=KEYCODE_MENU, scanCode=0, metaState=0, flags=0x8, repeatCount=0, eventTime=212348, downTime=212348, deviceId=-1, source=0x101 }
D/InputEventConsistencyVerifier(  415):   -- recent events --
D/InputEventConsistencyVerifier(  415):   1: sent at 212109000000, MotionEvent { action=ACTION_UP, id[0]=0, x[0]=25.0, y[0]=2.0, toolType[0]=TOOL_TYPE_UNKNOWN, buttonState=0, metaState=0, flags=0x0, edgeFlags=0x0, pointerCount=1, historySize=0, eventTime=212109, downTime=212100, deviceId=0, source=0x1002 }
D/InputEventConsistencyVerifier(  415):   2: sent at 212100000000, MotionEvent { action=ACTION_DOWN, id[0]=0, x[0]=15.0, y[0]=15.0, toolType[0]=TOOL_TYPE_UNKNOWN, buttonState=0, metaState=0, flags=0x0, edgeFlags=0x0, pointerCount=1, historySize=0, eventTime=212100, downTime=212100, deviceId=0, source=0x1002 }
D/InputEventConsistencyVerifier(  415):   3: sent at 212087000000, MotionEvent { action=ACTION_UP, id[0]=0, x[0]=118.0, y[0]=9.0, toolType[0]=TOOL_TYPE_UNKNOWN, buttonState=0, metaState=0, flags=0x0, edgeFlags=0x0, pointerCount=1, historySize=0, eventTime=212087, downTime=212050, deviceId=0, source=0x1002 }
D/InputEventConsistencyVerifier(  415):   4: sent at 212051000000, MotionEvent { action=ACTION_DOWN, id[0]=0, x[0]=119.0, y[0]=10.0, toolType[0]=TOOL_TYPE_UNKNOWN, buttonState=0, metaState=0, flags=0x0, edgeFlags=0x0, pointerCount=1, historySize=0, eventTime=212051, downTime=212050, deviceId=0, source=0x1002 }
D/InputEventConsistencyVerifier(  415):   5: sent at 199611000000, KeyEvent { action=ACTION_UP, keyCode=KEYCODE_DPAD_CENTER, scanCode=0, metaState=0, flags=0x8, repeatCount=0, eventTime=199611, downTime=199611, deviceId=-1, source=0x101 }
I/Choreographer(  960): Skipped 35 frames!  The application may be doing too much work on its main thread.
D/InputEventConsistencyVerifier(  415): KeyEvent: ACTION_UP but key was not down.
D/InputEventConsistencyVerifier(  415):   in com.android.systemui.statusbar.phone.StatusBarWindowView@b3db7300
D/InputEventConsistencyVerifier(  415):   0: sent at 212558000000, KeyEvent { action=ACTION_UP, keyCode=KEYCODE_DPAD_UP, scanCode=0, metaState=0, flags=0x8, repeatCount=0, eventTime=212558, downTime=212558, deviceId=-1, source=0x101 }
D/InputEventConsistencyVerifier(  415):   -- recent events --
D/InputEventConsistencyVerifier(  415):   1: sent at 212542000000, MotionEvent { action=ACTION_UP, id[0]=0, x[0]=290.0, y[0]=109.0, toolType[0]=TOOL_TYPE_UNKNOWN, buttonState=0, metaState=0, flags=0x0, edgeFlags=0x0, pointerCount=1, historySize=0, eventTime=212542, downTime=212537, deviceId=0, source=0x1002 }
D/InputEventConsistencyVerifier(  415):   2: sent at 212537000000, MotionEvent { action=ACTION_DOWN, id[0]=0, x[0]=298.0, y[0]=102.0, toolType[0]=TOOL_TYPE_UNKNOWN, buttonState=0, metaState=0, flags=0x0, edgeFlags=0x0, pointerCount=1, historySize=0, eventTime=212537, downTime=212537, deviceId=0, source=0x1002 }
D/InputEventConsistencyVerifier(  415):   3: sent at 212493000000, (unhandled) KeyEvent { action=ACTION_UP, keyCode=KEYCODE_MENU, scanCode=0, metaState=0, flags=0x8, repeatCount=0, eventTime=212493, downTime=212493, deviceId=-1, source=0x101 }
D/InputEventConsistencyVerifier(  415):   4: sent at 212445000000, (unhandled) KeyEvent { action=ACTION_DOWN, keyCode=KEYCODE_MENU, scanCode=0, metaState=0, flags=0x8, repeatCount=0, eventTime=212445, downTime=212445, deviceId=-1, source=0x101 }
D/InputEventConsistencyVerifier(  415):   5: sent at 212348000000, (unhandled) KeyEvent { action=ACTION_UP, keyCode=KEYCODE_MENU, scanCode=0, metaState=0, flags=0x80000008, repeatCount=0, eventTime=212348, downTime=212348, deviceId=-1, source=0x101 }
D/InputEventConsistencyVerifier(  415): TouchEvent: ACTION_DOWN but pointers are already down.  Probably missing ACTION_UP from previous gesture.
D/InputEventConsistencyVerifier(  415):   in android.view.ScaleGestureDetector@b3e56ef8
D/InputEventConsistencyVerifier(  415):   0: sent at 212565000000, MotionEvent { action=ACTION_DOWN, id[0]=0, x[0]=117.0, y[0]=439.0, toolType[0]=TOOL_TYPE_UNKNOWN, buttonState=0, metaState=0, flags=0x0, edgeFlags=0x0, pointerCount=1, historySize=0, eventTime=212565, downTime=212565, deviceId=0, source=0x1002 }
D/InputEventConsistencyVerifier(  415):   -- recent events --
D/InputEventConsistencyVerifier(  415):   1: sent at 212537000000, MotionEvent { action=ACTION_DOWN, id[0]=0, x[0]=298.0, y[0]=102.0, toolType[0]=TOOL_TYPE_UNKNOWN, buttonState=0, metaState=0, flags=0x0, edgeFlags=0x0, pointerCount=1, historySize=0, eventTime=212537, downTime=212537, deviceId=0, source=0x1002 }
D/InputEventConsistencyVerifier(  415):   2: sent at 212109000000, MotionEvent { action=ACTION_UP, id[0]=0, x[0]=25.0, y[0]=2.0, toolType[0]=TOOL_TYPE_UNKNOWN, buttonState=0, metaState=0, flags=0x0, edgeFlags=0x0, pointerCount=1, historySize=0, eventTime=212109, downTime=212100, deviceId=0, source=0x1002 }
D/InputEventConsistencyVerifier(  415):   3: sent at 212100000000, MotionEvent { action=ACTION_DOWN, id[0]=0, x[0]=15.0, y[0]=15.0, toolType[0]=TOOL_TYPE_UNKNOWN, buttonState=0, metaState=0, flags=0x0, edgeFlags=0x0, pointerCount=1, historySize=0, eventTime=212100, downTime=212100, deviceId=0, source=0x1002 }
D/InputEventConsistencyVerifier(  415):   4: sent at 212087000000, MotionEvent { action=ACTION_UP, id[0]=0, x[0]=118.0, y[0]=9.0, toolType[0]=TOOL_TYPE_UNKNOWN, buttonState=0, metaState=0, flags=0x0, edgeFlags=0x0, pointerCount=1, historySize=0, eventTime=212087, downTime=212050, deviceId=0, source=0x1002 }
D/InputEventConsistencyVerifier(  415):   5: sent at 212051000000, MotionEvent { action=ACTION_DOWN, id[0]=0, x[0]=119.0, y[0]=10.0, toolType[0]=TOOL_TYPE_UNKNOWN, buttonState=0, metaState=0, flags=0x0, edgeFlags=0x0, pointerCount=1, historySize=0, eventTime=212051, downTime=212050, deviceId=0, source=0x1002 }
W/dalvikvm(  415): DroidBox: { "FdAccess": { "path": "2f70726f632f6d656d696e666f", "id": "1047403782" } }
W/DroidBox(  415): DroidBox: { "FileRW": { "operation": "read", "data": "4d656d546f74616c3a202020202020202020373438393634206b420a4d656d467265653a20202020202020202020343538383336206b420a427566666572733a20202020202020202020202035343630206b420a4361636865643a202020202020202020", "id": "1047403782" } }
I/Choreographer(  415): Skipped 58 frames!  The application may be doing too much work on its main thread.
W/dalvikvm(  415): DroidBox: { "FdAccess": { "path": "2f70726f632f6d656d696e666f", "id": "1651207098" } }
W/DroidBox(  415): DroidBox: { "FileRW": { "operation": "read", "data": "4d656d546f74616c3a202020202020202020373438393634206b420a4d656d467265653a20202020202020202020343538383336206b420a427566666572733a20202020202020202020202035343630206b420a4361636865643a202020202020202020", "id": "1651207098" } }
D/InputEventConsistencyVerifier(  415): TouchEvent: ACTION_DOWN but pointers are already down.  Probably missing ACTION_UP from previous gesture.
D/InputEventConsistencyVerifier(  415):   in android.view.ScaleGestureDetector@b3e56ef8
D/InputEventConsistencyVerifier(  415):   0: sent at 212637000000, MotionEvent { action=ACTION_DOWN, id[0]=0, x[0]=465.0, y[0]=650.0, toolType[0]=TOOL_TYPE_UNKNOWN, buttonState=0, metaState=0, flags=0x0, edgeFlags=0x0, pointerCount=1, historySize=0, eventTime=212637, downTime=212637, deviceId=0, source=0x1002 }
D/InputEventConsistencyVerifier(  415):   -- recent events --
D/InputEventConsistencyVerifier(  415):   1: sent at 212565000000, MotionEvent { action=ACTION_DOWN, id[0]=0, x[0]=117.0, y[0]=439.0, toolType[0]=TOOL_TYPE_UNKNOWN, buttonState=0, metaState=0, flags=0x80000000, edgeFlags=0x0, pointerCount=1, historySize=0, eventTime=212565, downTime=212565, deviceId=0, source=0x1002 }
D/InputEventConsistencyVerifier(  415):   2: sent at 212537000000, MotionEvent { action=ACTION_DOWN, id[0]=0, x[0]=298.0, y[0]=102.0, toolType[0]=TOOL_TYPE_UNKNOWN, buttonState=0, metaState=0, flags=0x0, edgeFlags=0x0, pointerCount=1, historySize=0, eventTime=212537, downTime=212537, deviceId=0, source=0x1002 }
D/InputEventConsistencyVerifier(  415):   3: sent at 212109000000, MotionEvent { action=ACTION_UP, id[0]=0, x[0]=25.0, y[0]=2.0, toolType[0]=TOOL_TYPE_UNKNOWN, buttonState=0, metaState=0, flags=0x0, edgeFlags=0x0, pointerCount=1, historySize=0, eventTime=212109, downTime=212100, deviceId=0, source=0x1002 }
D/InputEventConsistencyVerifier(  415):   4: sent at 212100000000, MotionEvent { action=ACTION_DOWN, id[0]=0, x[0]=15.0, y[0]=15.0, toolType[0]=TOOL_TYPE_UNKNOWN, buttonState=0, metaState=0, flags=0x0, edgeFlags=0x0, pointerCount=1, historySize=0, eventTime=212100, downTime=212100, deviceId=0, source=0x1002 }
D/InputEventConsistencyVerifier(  415):   5: sent at 212087000000, MotionEvent { action=ACTION_UP, id[0]=0, x[0]=118.0, y[0]=9.0, toolType[0]=TOOL_TYPE_UNKNOWN, buttonState=0, metaState=0, flags=0x0, edgeFlags=0x0, pointerCount=1, historySize=0, eventTime=212087, downTime=212050, deviceId=0, source=0x1002 }
I/Choreographer(  960): Skipped 66 frames!  The application may be doing too much work on its main thread.
D/InputEventConsistencyVerifier(  415): TouchEvent: ACTION_DOWN but pointers are already down.  Probably missing ACTION_UP from previous gesture.
D/InputEventConsistencyVerifier(  415):   in android.view.ScaleGestureDetector@b3e56ef8
D/InputEventConsistencyVerifier(  415):   0: sent at 212739000000, MotionEvent { action=ACTION_DOWN, id[0]=0, x[0]=314.0, y[0]=10.0, toolType[0]=TOOL_TYPE_UNKNOWN, buttonState=0, metaState=0, flags=0x0, edgeFlags=0x0, pointerCount=1, historySize=0, eventTime=212739, downTime=212739, deviceId=0, source=0x1002 }
D/InputEventConsistencyVerifier(  415):   -- recent events --
D/InputEventConsistencyVerifier(  415):   1: sent at 212637000000, MotionEvent { action=ACTION_DOWN, id[0]=0, x[0]=465.0, y[0]=650.0, toolType[0]=TOOL_TYPE_UNKNOWN, buttonState=0, metaState=0, flags=0x80000000, edgeFlags=0x0, pointerCount=1, historySize=0, eventTime=212637, downTime=212637, deviceId=0, source=0x1002 }
D/InputEventConsistencyVerifier(  415):   2: sent at 212565000000, MotionEvent { action=ACTION_DOWN, id[0]=0, x[0]=117.0, y[0]=439.0, toolType[0]=TOOL_TYPE_UNKNOWN, buttonState=0, metaState=0, flags=0x80000000, edgeFlags=0x0, pointerCount=1, historySize=0, eventTime=212565, downTime=212565, deviceId=0, source=0x1002 }
D/InputEventConsistencyVerifier(  415):   3: sent at 212537000000, MotionEvent { action=ACTION_DOWN, id[0]=0, x[0]=298.0, y[0]=102.0, toolType[0]=TOOL_TYPE_UNKNOWN, buttonState=0, metaState=0, flags=0x0, edgeFlags=0x0, pointerCount=1, historySize=0, eventTime=212537, downTime=212537, deviceId=0, source=0x1002 }
D/InputEventConsistencyVerifier(  415):   4: sent at 212109000000, MotionEvent { action=ACTION_UP, id[0]=0, x[0]=25.0, y[0]=2.0, toolType[0]=TOOL_TYPE_UNKNOWN, buttonState=0, metaState=0, flags=0x0, edgeFlags=0x0, pointerCount=1, historySize=0, eventTime=212109, downTime=212100, deviceId=0, source=0x1002 }
D/InputEventConsistencyVerifier(  415):   5: sent at 212100000000, MotionEvent { action=ACTION_DOWN, id[0]=0, x[0]=15.0, y[0]=15.0, toolType[0]=TOOL_TYPE_UNKNOWN, buttonState=0, metaState=0, flags=0x0, edgeFlags=0x0, pointerCount=1, historySize=0, eventTime=212100, downTime=212100, deviceId=0, source=0x1002 }
V/PhoneStatusBar(  415): setLightsOn(true)
I/Choreographer(  415): Skipped 34 frames!  The application may be doing too much work on its main thread.
D/PhoneStatusBar(  415): disable: < expand icons alerts TICKER* system_info back home recent clock >
D/InputEventConsistencyVerifier(  415): KeyEvent: ACTION_UP but key was not down.
D/InputEventConsistencyVerifier(  415):   in com.android.systemui.statusbar.phone.StatusBarWindowView@b3db7300
D/InputEventConsistencyVerifier(  415):   0: sent at 212823000000, KeyEvent { action=ACTION_UP, keyCode=KEYCODE_DPAD_LEFT, scanCode=0, metaState=0, flags=0x400, repeatCount=0, eventTime=212823, downTime=212823, deviceId=-1, source=0x101 }
D/InputEventConsistencyVerifier(  415):   -- recent events --
D/InputEventConsistencyVerifier(  415):   1: sent at 212735000000, (unhandled) MotionEvent { action=ACTION_MOVE, id[0]=0, x[0]=-3.0, y[0]=0.0, toolType[0]=TOOL_TYPE_UNKNOWN, buttonState=0, metaState=0, flags=0x0, edgeFlags=0x0, pointerCount=1, historySize=9, eventTime=212735, downTime=-1, deviceId=0, source=0x10004 }
D/InputEventConsistencyVerifier(  415):   2: sent at 212773000000, MotionEvent { action=ACTION_UP, id[0]=0, x[0]=313.0, y[0]=8.0, toolType[0]=TOOL_TYPE_UNKNOWN, buttonState=0, metaState=0, flags=0x0, edgeFlags=0x0, pointerCount=1, historySize=0, eventTime=212773, downTime=212739, deviceId=0, source=0x1002 }
D/InputEventConsistencyVerifier(  415):   3: sent at 212739000000, MotionEvent { action=ACTION_DOWN, id[0]=0, x[0]=314.0, y[0]=10.0, toolType[0]=TOOL_TYPE_UNKNOWN, buttonState=0, metaState=0, flags=0x0, edgeFlags=0x0, pointerCount=1, historySize=0, eventTime=212739, downTime=212739, deviceId=0, source=0x1002 }
D/InputEventConsistencyVerifier(  415):   4: sent at 212644000000, MotionEvent { action=ACTION_UP, id[0]=0, x[0]=464.0, y[0]=634.0, toolType[0]=TOOL_TYPE_UNKNOWN, buttonState=0, metaState=0, flags=0x0, edgeFlags=0x0, pointerCount=1, historySize=0, eventTime=212644, downTime=212637, deviceId=0, source=0x1002 }
D/InputEventConsistencyVerifier(  415):   5: sent at 212637000000, MotionEvent { action=ACTION_DOWN, id[0]=0, x[0]=465.0, y[0]=650.0, toolType[0]=TOOL_TYPE_UNKNOWN, buttonState=0, metaState=0, flags=0x0, edgeFlags=0x0, pointerCount=1, historySize=0, eventTime=212637, downTime=212637, deviceId=0, source=0x1002 }
I/Choreographer(  415): Skipped 55 frames!  The application may be doing too much work on its main thread.
V/PhoneStatusBar(  415): setLightsOn(true)
D/PhoneStatusBar(  415): disable: < expand icons alerts ticker* system_info back home recent clock >
D/InputEventConsistencyVerifier(  960): KeyEvent: ACTION_UP but key was not down.
D/InputEventConsistencyVerifier(  960):   in android.view.ViewRootImpl@b3e236f0
D/InputEventConsistencyVerifier(  960):   0: sent at 212947000000, KeyEvent { action=ACTION_UP, keyCode=KEYCODE_DPAD_LEFT, scanCode=0, metaState=0, flags=0x8, repeatCount=0, eventTime=212947, downTime=212947, deviceId=-1, source=0x101 }
D/InputEventConsistencyVerifier(  960):   -- recent events --
D/InputEventConsistencyVerifier(  960):   1: sent at 212435000000, KeyEvent { action=ACTION_UP, keyCode=KEYCODE_MENU, scanCode=0, metaState=0, flags=0x28, repeatCount=0, eventTime=212435, downTime=212336, deviceId=-1, source=0x101 }
D/InputEventConsistencyVerifier(  960):   2: sent at 212336000000, KeyEvent { action=ACTION_DOWN, keyCode=KEYCODE_MENU, scanCode=0, metaState=0, flags=0x8, repeatCount=0, eventTime=212336, downTime=212336, deviceId=-1, source=0x101 }
D/InputEventConsistencyVerifier(  960):   3: sent at 212299000000, MotionEvent { action=ACTION_UP, id[0]=0, x[0]=174.0, y[0]=153.0, toolType[0]=TOOL_TYPE_UNKNOWN, buttonState=0, metaState=0, flags=0x0, edgeFlags=0x0, pointerCount=1, historySize=0, eventTime=212299, downTime=212291, deviceId=0, source=0x1002 }
D/InputEventConsistencyVerifier(  960):   4: sent at 212292000000, MotionEvent { action=ACTION_DOWN, id[0]=0, x[0]=168.0, y[0]=159.0, toolType[0]=TOOL_TYPE_UNKNOWN, buttonState=0, metaState=0, flags=0x0, edgeFlags=0x0, pointerCount=1, historySize=0, eventTime=212292, downTime=212291, deviceId=0, source=0x1002 }
D/InputEventConsistencyVerifier(  960):   5: sent at 212268000000, MotionEvent { action=ACTION_UP, id[0]=0, x[0]=247.0, y[0]=-238.0, toolType[0]=TOOL_TYPE_UNKNOWN, buttonState=0, metaState=0, flags=0x0, edgeFlags=0x0, pointerCount=1, historySize=0, eventTime=212268, downTime=212263, deviceId=0, source=0x1002 }
E/WVMExtractor(   62): Failed to open libwvm.so
D/InputEventConsistencyVerifier(  960): TrackballEvent: Trackball is down but pressure is not greater than 0.
D/InputEventConsistencyVerifier(  960):   in android.view.ViewRootImpl@b3e236f0
D/InputEventConsistencyVerifier(  960):   0: sent at 213276000000, MotionEvent { action=ACTION_DOWN, id[0]=0, x[0]=0.0, y[0]=0.0, toolType[0]=TOOL_TYPE_UNKNOWN, buttonState=0, metaState=0, flags=0x0, edgeFlags=0x0, pointerCount=1, historySize=0, eventTime=213276, downTime=213231, deviceId=0, source=0x10004 }
D/InputEventConsistencyVerifier(  960):   -- recent events --
D/InputEventConsistencyVerifier(  960):   1: sent at 213342000000, KeyEvent { action=ACTION_UP, keyCode=KEYCODE_DPAD_RIGHT, scanCode=0, metaState=0, flags=0x400, repeatCount=0, eventTime=213342, downTime=213342, deviceId=-1, source=0x101 }
D/InputEventConsistencyVerifier(  960):   2: sent at 213342000000, KeyEvent { action=ACTION_DOWN, keyCode=KEYCODE_DPAD_RIGHT, scanCode=0, metaState=0, flags=0x400, repeatCount=0, eventTime=213342, downTime=213342, deviceId=-1, source=0x101 }
D/InputEventConsistencyVerifier(  960):   3: sent at 213340000000, KeyEvent { action=ACTION_UP, keyCode=KEYCODE_DPAD_RIGHT, scanCode=0, metaState=0, flags=0x400, repeatCount=0, eventTime=213340, downTime=213340, deviceId=-1, source=0x101 }
D/InputEventConsistencyVerifier(  960):   4: sent at 213340000000, KeyEvent { action=ACTION_DOWN, keyCode=KEYCODE_DPAD_RIGHT, scanCode=0, metaState=0, flags=0x400, repeatCount=0, eventTime=213340, downTime=213340, deviceId=-1, source=0x101 }
D/InputEventConsistencyVerifier(  960):   5: sent at 213337000000, KeyEvent { action=ACTION_UP, keyCode=KEYCODE_DPAD_RIGHT, scanCode=0, metaState=0, flags=0x400, repeatCount=0, eventTime=213337, downTime=213337, deviceId=-1, source=0x101 }
W/DroidBox( 1052): DroidBox: { "ServiceStart": { "name": "com.android.music.MediaPlaybackService" } }
W/DroidBox( 1052): DroidBox: { "ServiceStart": { "name": "com.android.music.MediaPlaybackService" } }
E/WVMExtractor(   62): Failed to open libwvm.so
E/WVMExtractor(   62): Failed to open libwvm.so
D/MediaPlaybackService( 1052): No play queue
I/Choreographer(  960): Skipped 51 frames!  The application may be doing too much work on its main thread.
E/WVMExtractor(   62): Failed to open libwvm.so
E/WVMExtractor(   62): Failed to open libwvm.so
I/ActivityManager(  228): START {act=android.intent.action.MAIN cat=[android.intent.category.LAUNCHER] flg=0x10200000 cmp=com.bratolubzet.stlstart/.Vertikalno u=0} from pid 941
E/WVMExtractor(   62): Failed to open libwvm.so
I/Choreographer(  960): Skipped 44 frames!  The application may be doing too much work on its main thread.
E/WVMExtractor(   62): Failed to open libwvm.so
E/WVMExtractor(   62): Failed to open libwvm.so
I/Choreographer(  960): Skipped 33 frames!  The application may be doing too much work on its main thread.
I/Choreographer(  960): Skipped 73 frames!  The application may be doing too much work on its main thread.
I/Choreographer(  960): Skipped 54 frames!  The application may be doing too much work on its main thread.
D/InputEventConsistencyVerifier(  960): TrackballEvent: Trackball is down but pressure is not greater than 0.
D/InputEventConsistencyVerifier(  960):   in android.view.ViewRootImpl@b3e236f0
D/InputEventConsistencyVerifier(  960):   0: sent at 217894000000, MotionEvent { action=ACTION_DOWN, id[0]=0, x[0]=0.0, y[0]=0.0, toolType[0]=TOOL_TYPE_UNKNOWN, buttonState=0, metaState=0, flags=0x0, edgeFlags=0x0, pointerCount=1, historySize=0, eventTime=217894, downTime=217858, deviceId=0, source=0x10004 }
D/InputEventConsistencyVerifier(  960):   -- recent events --
D/InputEventConsistencyVerifier(  960):   1: sent at 217936000000, KeyEvent { action=ACTION_UP, keyCode=KEYCODE_DPAD_UP, scanCode=0, metaState=0, flags=0x400, repeatCount=0, eventTime=217936, downTime=217936, deviceId=-1, source=0x101 }
D/InputEventConsistencyVerifier(  960):   2: sent at 217936000000, KeyEvent { action=ACTION_DOWN, keyCode=KEYCODE_DPAD_UP, scanCode=0, metaState=0, flags=0x400, repeatCount=0, eventTime=217936, downTime=217936, deviceId=-1, source=0x101 }
D/InputEventConsistencyVerifier(  960):   3: sent at 217935000000, KeyEvent { action=ACTION_UP, keyCode=KEYCODE_DPAD_UP, scanCode=0, metaState=0, flags=0x400, repeatCount=0, eventTime=217935, downTime=217935, deviceId=-1, source=0x101 }
D/InputEventConsistencyVerifier(  960):   4: sent at 217935000000, KeyEvent { action=ACTION_DOWN, keyCode=KEYCODE_DPAD_UP, scanCode=0, metaState=0, flags=0x400, repeatCount=0, eventTime=217935, downTime=217935, deviceId=-1, source=0x101 }
D/InputEventConsistencyVerifier(  960):   5: sent at 217934000000, KeyEvent { action=ACTION_UP, keyCode=KEYCODE_DPAD_UP, scanCode=0, metaState=0, flags=0x400, repeatCount=0, eventTime=217934, downTime=217934, deviceId=-1, source=0x101 }
E/WVMExtractor(   62): Failed to open libwvm.so
I/Choreographer(  960): Skipped 81 frames!  The application may be doing too much work on its main thread.
I/ActivityManager(  228): START {act=android.intent.action.MAIN cat=[android.intent.category.LAUNCHER] flg=0x10200000 cmp=com.bratolubzet.stlstart/.Vertikalno u=0} from pid 941
I/Choreographer(  960): Skipped 63 frames!  The application may be doing too much work on its main thread.
E/WVMExtractor(   62): Failed to open libwvm.so
I/Choreographer(  960): Skipped 41 frames!  The application may be doing too much work on its main thread.
E/WVMExtractor(   62): Failed to open libwvm.so
I/ActivityManager(  228): START {act=android.intent.action.MAIN cat=[android.intent.category.HOME] flg=0x10200000 cmp=com.android.launcher/com.android.launcher2.Launcher u=0} from pid 228
E/WVMExtractor(   62): Failed to open libwvm.so
I/Choreographer(  960): Skipped 46 frames!  The application may be doing too much work on its main thread.
I/InputDispatcher(  228): Dropped event because of pending overdue app switch.
W/InputManager(  228): Input event injection from pid 941 failed.
I/ActivityManager(  228): START {act=android.intent.action.MAIN cat=[android.intent.category.HOME] flg=0x10200000 cmp=com.android.launcher/com.android.launcher2.Launcher u=0} from pid 228
I/Choreographer(  960): Skipped 89 frames!  The application may be doing too much work on its main thread.
W/BackupManagerService(  228): dataChanged but no participant pkg='com.android.providers.settings' uid=10011
E/WVMExtractor(   62): Failed to open libwvm.so
I/InputDispatcher(  228): Dropped event because of pending overdue app switch.
W/InputManager(  228): Input event injection from pid 941 failed.
D/InputEventConsistencyVerifier(  960): KeyEvent: ACTION_UP but key was not down.
D/InputEventConsistencyVerifier(  960):   in android.view.ViewRootImpl@b3e236f0
D/InputEventConsistencyVerifier(  960):   0: sent at 220699000000, KeyEvent { action=ACTION_UP, keyCode=KEYCODE_BUTTON_15, scanCode=0, metaState=0, flags=0x8, repeatCount=0, eventTime=220699, downTime=220699, deviceId=-1, source=0x101 }
D/InputEventConsistencyVerifier(  960):   -- recent events --
D/InputEventConsistencyVerifier(  960):   1: sent at 220682000000, KeyEvent { action=ACTION_UP, keyCode=KEYCODE_DPAD_RIGHT, scanCode=0, metaState=0, flags=0x8, repeatCount=0, eventTime=220682, downTime=220682, deviceId=-1, source=0x101 }
D/InputEventConsistencyVerifier(  960):   2: sent at 220650000000, KeyEvent { action=ACTION_DOWN, keyCode=KEYCODE_DPAD_RIGHT, scanCode=0, metaState=0, flags=0x8, repeatCount=0, eventTime=220650, downTime=220650, deviceId=-1, source=0x101 }
D/InputEventConsistencyVerifier(  960):   3: sent at 220626000000, KeyEvent { action=ACTION_UP, keyCode=KEYCODE_DPAD_CENTER, scanCode=0, metaState=0, flags=0x8, repeatCount=0, eventTime=220626, downTime=220626, deviceId=-1, source=0x101 }
D/InputEventConsistencyVerifier(  960):   4: sent at 220620000000, KeyEvent { action=ACTION_DOWN, keyCode=KEYCODE_DPAD_CENTER, scanCode=0, metaState=0, flags=0x8, repeatCount=0, eventTime=220620, downTime=220620, deviceId=-1, source=0x101 }
D/InputEventConsistencyVerifier(  960):   5: sent at 220608000000, KeyEvent { action=ACTION_UP, keyCode=KEYCODE_MENU, scanCode=0, metaState=0, flags=0x8, repeatCount=0, eventTime=220608, downTime=220608, deviceId=-1, source=0x101 }
I/Choreographer(  960): Skipped 33 frames!  The application may be doing too much work on its main thread.
E/WVMExtractor(   62): Failed to open libwvm.so
E/MetadataRetrieverClient(   62): failed to extract an album art
E/WVMExtractor(   62): Failed to open libwvm.so
I/Choreographer(  228): Skipped 33 frames!  The application may be doing too much work on its main thread.
D/InputEventConsistencyVerifier(  960): TrackballEvent: Trackball is down but pressure is not greater than 0.
D/InputEventConsistencyVerifier(  960):   in android.view.ViewRootImpl@b3e236f0
D/InputEventConsistencyVerifier(  960):   0: sent at 222152000000, MotionEvent { action=ACTION_DOWN, id[0]=0, x[0]=0.0, y[0]=0.0, toolType[0]=TOOL_TYPE_UNKNOWN, buttonState=0, metaState=0, flags=0x0, edgeFlags=0x0, pointerCount=1, historySize=0, eventTime=222152, downTime=222065, deviceId=0, source=0x10004 }
D/InputEventConsistencyVerifier(  960):   -- recent events --
D/InputEventConsistencyVerifier(  960):   1: sent at 222193000000, KeyEvent { action=ACTION_UP, keyCode=KEYCODE_DPAD_UP, scanCode=0, metaState=0, flags=0x400, repeatCount=0, eventTime=222193, downTime=222193, deviceId=-1, source=0x101 }
D/InputEventConsistencyVerifier(  960):   2: sent at 222193000000, KeyEvent { action=ACTION_DOWN, keyCode=KEYCODE_DPAD_UP, scanCode=0, metaState=0, flags=0x400, repeatCount=0, eventTime=222193, downTime=222193, deviceId=-1, source=0x101 }
D/InputEventConsistencyVerifier(  960):   3: sent at 222193000000, KeyEvent { action=ACTION_UP, keyCode=KEYCODE_DPAD_UP, scanCode=0, metaState=0, flags=0x400, repeatCount=0, eventTime=222193, downTime=222193, deviceId=-1, source=0x101 }
D/InputEventConsistencyVerifier(  960):   4: sent at 222193000000, KeyEvent { action=ACTION_DOWN, keyCode=KEYCODE_DPAD_UP, scanCode=0, metaState=0, flags=0x400, repeatCount=0, eventTime=222193, downTime=222193, deviceId=-1, source=0x101 }
D/InputEventConsistencyVerifier(  960):   5: sent at 222192000000, KeyEvent { action=ACTION_UP, keyCode=KEYCODE_DPAD_UP, scanCode=0, metaState=0, flags=0x400, repeatCount=0, eventTime=222192, downTime=222192, deviceId=-1, source=0x101 }
I/Choreographer(  960): Skipped 137 frames!  The application may be doing too much work on its main thread.
I/ActivityManager(  228): START {act=android.intent.action.MAIN cat=[android.intent.category.LAUNCHER] flg=0x10200000 cmp=com.bratolubzet.stlstart/.Vertikalno u=0} from pid 941
W/DroidBox( 1052): DroidBox: { "ServiceStart": { "name": "com.android.music.MediaPlaybackService" } }
W/DroidBox( 1052): DroidBox: { "ServiceStart": { "name": "com.android.music.MediaPlaybackService" } }
E/WVMExtractor(   62): Failed to open libwvm.so
I/Choreographer(  960): Skipped 115 frames!  The application may be doing too much work on its main thread.
E/WVMExtractor(   62): Failed to open libwvm.so
D/InputEventConsistencyVerifier(  960): TrackballEvent: Trackball is down but pressure is not greater than 0.
D/InputEventConsistencyVerifier(  960):   in android.view.ViewRootImpl@b3e236f0
D/InputEventConsistencyVerifier(  960):   0: sent at 223978000000, MotionEvent { action=ACTION_DOWN, id[0]=0, x[0]=0.0, y[0]=0.0, toolType[0]=TOOL_TYPE_UNKNOWN, buttonState=0, metaState=0, flags=0x0, edgeFlags=0x0, pointerCount=1, historySize=0, eventTime=223978, downTime=223921, deviceId=0, source=0x10004 }
D/InputEventConsistencyVerifier(  960):   -- recent events --
D/InputEventConsistencyVerifier(  960):   1: sent at 224029000000, KeyEvent { action=ACTION_UP, keyCode=KEYCODE_DPAD_UP, scanCode=0, metaState=0, flags=0x400, repeatCount=0, eventTime=224029, downTime=224029, deviceId=-1, source=0x101 }
D/InputEventConsistencyVerifier(  960):   2: sent at 224029000000, KeyEvent { action=ACTION_DOWN, keyCode=KEYCODE_DPAD_UP, scanCode=0, metaState=0, flags=0x400, repeatCount=0, eventTime=224029, downTime=224029, deviceId=-1, source=0x101 }
D/InputEventConsistencyVerifier(  960):   3: sent at 224028000000, KeyEvent { action=ACTION_UP, keyCode=KEYCODE_DPAD_UP, scanCode=0, metaState=0, flags=0x400, repeatCount=0, eventTime=224028, downTime=224028, deviceId=-1, source=0x101 }
D/InputEventConsistencyVerifier(  960):   4: sent at 224028000000, KeyEvent { action=ACTION_DOWN, keyCode=KEYCODE_DPAD_UP, scanCode=0, metaState=0, flags=0x400, repeatCount=0, eventTime=224028, downTime=224028, deviceId=-1, source=0x101 }
D/InputEventConsistencyVerifier(  960):   5: sent at 224027000000, KeyEvent { action=ACTION_UP, keyCode=KEYCODE_DPAD_UP, scanCode=0, metaState=0, flags=0x400, repeatCount=0, eventTime=224027, downTime=224027, deviceId=-1, source=0x101 }
W/dalvikvm(  228): DroidBox: { "FdAccess": { "path": "2f70726f632f3232382f6e65742f78745f717461677569642f69666163655f737461745f616c6c", "id": "1828498593" } }
W/DroidBox(  228): DroidBox: { "FileRW": { "operation": "read", "data": "6c6f20312030203020302030203336333620353120333633362035310a65746830203120302030203020302033303230313820333335372036343139353120333034370a0000000000000000000000000000000000000000000000000000000000000000", "id": "1828498593" } }
W/dalvikvm(  228): DroidBox: { "FdAccess": { "path": "2f70726f632f3232382f6e65742f78745f717461677569642f69666163655f737461745f616c6c", "id": "1539654180" } }
W/DroidBox(  228): DroidBox: { "FileRW": { "operation": "read", "data": "333034370a3120333034370a333034370a3120333034370a370a370a370a370a370a333034370a34370a333034370a34370a333034370a370a370a370a370a370a34370a0000000000000000000000000000000000000000000000000000000000000000", "id": "1539654180" } }
W/ThrottleService(  228): unable to find stats for iface rmnet0
E/ThrottleService(  228): Error reading data file
I/Choreographer(  960): Skipped 64 frames!  The application may be doing too much work on its main thread.
E/WVMExtractor(   62): Failed to open libwvm.so
E/WVMExtractor(   62): Failed to open libwvm.so
I/ActivityManager(  228): START {act=android.intent.action.MAIN cat=[android.intent.category.HOME] flg=0x10200000 cmp=com.android.launcher/com.android.launcher2.Launcher u=0} from pid 228
I/Choreographer(  960): Skipped 41 frames!  The application may be doing too much work on its main thread.
E/WVMExtractor(   62): Failed to open libwvm.so
E/WVMExtractor(   62): Failed to open libwvm.so
D/InputEventConsistencyVerifier(  960): TrackballEvent: Trackball is down but pressure is not greater than 0.
D/InputEventConsistencyVerifier(  960):   in android.view.ViewRootImpl@b3e236f0
D/InputEventConsistencyVerifier(  960):   0: sent at 225927000000, MotionEvent { action=ACTION_DOWN, id[0]=0, x[0]=0.0, y[0]=0.0, toolType[0]=TOOL_TYPE_UNKNOWN, buttonState=0, metaState=0, flags=0x0, edgeFlags=0x0, pointerCount=1, historySize=0, eventTime=225927, downTime=225903, deviceId=0, source=0x10004 }
D/InputEventConsistencyVerifier(  960):   -- recent events --
D/InputEventConsistencyVerifier(  960):   1: sent at 226006000000, KeyEvent { action=ACTION_UP, keyCode=KEYCODE_DPAD_LEFT, scanCode=0, metaState=0, flags=0x400, repeatCount=0, eventTime=226006, downTime=226006, deviceId=-1, source=0x101 }
D/InputEventConsistencyVerifier(  960):   2: sent at 226006000000, KeyEvent { action=ACTION_DOWN, keyCode=KEYCODE_DPAD_LEFT, scanCode=0, metaState=0, flags=0x400, repeatCount=0, eventTime=226006, downTime=226006, deviceId=-1, source=0x101 }
D/InputEventConsistencyVerifier(  960):   3: sent at 226006000000, KeyEvent { action=ACTION_UP, keyCode=KEYCODE_DPAD_LEFT, scanCode=0, metaState=0, flags=0x400, repeatCount=0, eventTime=226006, downTime=226006, deviceId=-1, source=0x101 }
D/InputEventConsistencyVerifier(  960):   4: sent at 226006000000, KeyEvent { action=ACTION_DOWN, keyCode=KEYCODE_DPAD_LEFT, scanCode=0, metaState=0, flags=0x400, repeatCount=0, eventTime=226006, downTime=226006, deviceId=-1, source=0x101 }
D/InputEventConsistencyVerifier(  960):   5: sent at 226005000000, KeyEvent { action=ACTION_UP, keyCode=KEYCODE_DPAD_LEFT, scanCode=0, metaState=0, flags=0x400, repeatCount=0, eventTime=226005, downTime=226005, deviceId=-1, source=0x101 }
I/Choreographer(  960): Skipped 68 frames!  The application may be doing too much work on its main thread.
E/WVMExtractor(   62): Failed to open libwvm.so
I/Choreographer(  960): Skipped 36 frames!  The application may be doing too much work on its main thread.
E/WVMExtractor(   62): Failed to open libwvm.so
I/Choreographer(  960): Skipped 96 frames!  The application may be doing too much work on its main thread.
I/Choreographer(  228): Skipped 43 frames!  The application may be doing too much work on its main thread.
I/ActivityManager(  228): START {act=android.intent.action.CALL_BUTTON flg=0x10000000 cmp=com.android.contacts/.activities.DialtactsActivity u=0} from pid 960
I/ActivityManager(  228): START {act=android.intent.action.MAIN cat=[android.intent.category.LAUNCHER] flg=0x10200000 cmp=com.bratolubzet.stlstart/.Vertikalno u=0} from pid 941
I/Choreographer(  960): Skipped 177 frames!  The application may be doing too much work on its main thread.
E/WVMExtractor(   62): Failed to open libwvm.so
I/ActivityManager(  228): START {act=android.intent.action.CALL_BUTTON flg=0x10000000 cmp=com.android.contacts/.activities.DialtactsActivity u=0} from pid 960
I/Choreographer(  960): Skipped 102 frames!  The application may be doing too much work on its main thread.
E/WVMExtractor(   62): Failed to open libwvm.so
I/Choreographer(  960): Skipped 37 frames!  The application may be doing too much work on its main thread.
E/WVMExtractor(   62): Failed to open libwvm.so
I/ActivityManager(  228): START {act=android.intent.action.MAIN cat=[android.intent.category.LAUNCHER] flg=0x10200000 cmp=com.bratolubzet.stlstart/.Vertikalno u=0} from pid 941
I/Choreographer(  960): Skipped 34 frames!  The application may be doing too much work on its main thread.
E/WVMExtractor(   62): Failed to open libwvm.so
E/WVMExtractor(   62): Failed to open libwvm.so
I/Choreographer(  960): Skipped 62 frames!  The application may be doing too much work on its main thread.
I/Choreographer(  960): Skipped 32 frames!  The application may be doing too much work on its main thread.
E/WVMExtractor(   62): Failed to open libwvm.so
I/ActivityManager(  228): START {act=android.intent.action.MAIN cat=[android.intent.category.LAUNCHER] flg=0x10200000 cmp=com.bratolubzet.stlstart/.Vertikalno u=0} from pid 941
I/Choreographer(  960): Skipped 42 frames!  The application may be doing too much work on its main thread.
E/WVMExtractor(   62): Failed to open libwvm.so
E/WVMExtractor(   62): Failed to open libwvm.so
E/WVMExtractor(   62): Failed to open libwvm.so
I/Choreographer(  960): Skipped 38 frames!  The application may be doing too much work on its main thread.
I/Choreographer(  960): Skipped 37 frames!  The application may be doing too much work on its main thread.
I/ActivityManager(  228): START {act=android.intent.action.MAIN cat=[android.intent.category.LAUNCHER] flg=0x10200000 cmp=com.bratolubzet.stlstart/.Vertikalno u=0} from pid 941
E/WVMExtractor(   62): Failed to open libwvm.so
I/Choreographer(  960): Skipped 33 frames!  The application may be doing too much work on its main thread.
E/WVMExtractor(   62): Failed to open libwvm.so
E/WVMExtractor(   62): Failed to open libwvm.so
I/Choreographer(  960): Skipped 33 frames!  The application may be doing too much work on its main thread.
E/WVMExtractor(   62): Failed to open libwvm.so
E/WVMExtractor(   62): Failed to open libwvm.so
E/WVMExtractor(   62): Failed to open libwvm.so
W/dalvikvm(  941): DroidBox: { "FdAccess": { "path": "2f6465762f696e7075742f6576656e7430", "id": "467715590" } }
W/DroidBox(  941): DroidBox: { "FileRW": { "operation": "write", "data": "7f060000efbfbd3901000500000001000000", "id": "467715590" } }
I/Choreographer(  960): Skipped 32 frames!  The application may be doing too much work on its main thread.
E/WVMExtractor(   62): Failed to open libwvm.so
I/qtaguid (  228): Failed write_ctrl(s 1 10050) res=-1 errno=1
W/NetworkManagementSocketTagger(  228): setKernelCountSet(10050, 1) failed with errno -1
I/qtaguid (  228): Failed write_ctrl(s 0 10019) res=-1 errno=1
W/NetworkManagementSocketTagger(  228): setKernelCountSet(10019, 0) failed with errno -1
E/WVMExtractor(   62): Failed to open libwvm.so
E/WVMExtractor(   62): Failed to open libwvm.so
I/Choreographer(  960): Skipped 39 frames!  The application may be doing too much work on its main thread.
E/WVMExtractor(   62): Failed to open libwvm.so
E/WVMExtractor(   62): Failed to open libwvm.so
I/Choreographer(  960): Skipped 43 frames!  The application may be doing too much work on its main thread.
I/Choreographer(  960): Skipped 59 frames!  The application may be doing too much work on its main thread.
E/WVMExtractor(   62): Failed to open libwvm.so
I/Choreographer(  960): Skipped 48 frames!  The application may be doing too much work on its main thread.
E/WVMExtractor(   62): Failed to open libwvm.so
I/ActivityManager(  228): START {act=android.intent.action.MAIN cat=[android.intent.category.LAUNCHER] flg=0x10200000 cmp=com.bratolubzet.stlstart/.Vertikalno u=0} from pid 941
I/Choreographer(  228): Skipped 38 frames!  The application may be doing too much work on its main thread.
E/WVMExtractor(   62): Failed to open libwvm.so
I/Choreographer(  960): Skipped 173 frames!  The application may be doing too much work on its main thread.
I/Choreographer(  228): Skipped 31 frames!  The application may be doing too much work on its main thread.
I/Choreographer(  960): Skipped 31 frames!  The application may be doing too much work on its main thread.
E/WVMExtractor(   62): Failed to open libwvm.so
I/Choreographer(  960): Skipped 66 frames!  The application may be doing too much work on its main thread.
I/Choreographer(  960): Skipped 37 frames!  The application may be doing too much work on its main thread.
E/WVMExtractor(   62): Failed to open libwvm.so
I/ActivityManager(  228): START {act=android.intent.action.MAIN cat=[android.intent.category.LAUNCHER] flg=0x10000000 cmp=com.android.contacts/.activities.PeopleActivity sel={act=android.intent.action.MAIN cat=[android.intent.category.APP_CONTACTS]} u=0} from pid 228
E/WVMExtractor(   62): Failed to open libwvm.so
I/Choreographer(  960): Skipped 35 frames!  The application may be doing too much work on its main thread.
D/InputEventConsistencyVerifier(  960): KeyEvent: ACTION_UP but key was not down.
D/InputEventConsistencyVerifier(  960):   in android.view.ViewRootImpl@b3e236f0
D/InputEventConsistencyVerifier(  960):   0: sent at 241627000000, KeyEvent { action=ACTION_UP, keyCode=KEYCODE_CONTACTS, scanCode=0, metaState=0, flags=0x8, repeatCount=0, eventTime=241627, downTime=241627, deviceId=-1, source=0x101 }
D/InputEventConsistencyVerifier(  960):   -- recent events --
D/InputEventConsistencyVerifier(  960):   1: sent at 241751000000, KeyEvent { action=ACTION_UP, keyCode=KEYCODE_DPAD_UP, scanCode=0, metaState=0, flags=0x400, repeatCount=0, eventTime=241751, downTime=241751, deviceId=-1, source=0x101 }
D/InputEventConsistencyVerifier(  960):   2: sent at 241751000000, KeyEvent { action=ACTION_DOWN, keyCode=KEYCODE_DPAD_UP, scanCode=0, metaState=0, flags=0x400, repeatCount=0, eventTime=241751, downTime=241751, deviceId=-1, source=0x101 }
D/InputEventConsistencyVerifier(  960):   3: sent at 241750000000, KeyEvent { action=ACTION_UP, keyCode=KEYCODE_DPAD_UP, scanCode=0, metaState=0, flags=0x400, repeatCount=0, eventTime=241750, downTime=241750, deviceId=-1, source=0x101 }
D/InputEventConsistencyVerifier(  960):   4: sent at 241750000000, KeyEvent { action=ACTION_DOWN, keyCode=KEYCODE_DPAD_UP, scanCode=0, metaState=0, flags=0x400, repeatCount=0, eventTime=241750, downTime=241750, deviceId=-1, source=0x101 }
D/InputEventConsistencyVerifier(  960):   5: sent at 241750000000, KeyEvent { action=ACTION_UP, keyCode=KEYCODE_DPAD_UP, scanCode=0, metaState=0, flags=0x400, repeatCount=0, eventTime=241750, downTime=241750, deviceId=-1, source=0x101 }
E/WVMExtractor(   62): Failed to open libwvm.so
E/WVMExtractor(   62): Failed to open libwvm.so
I/Choreographer(  960): Skipped 31 frames!  The application may be doing too much work on its main thread.
I/Choreographer(  960): Skipped 34 frames!  The application may be doing too much work on its main thread.
I/Choreographer(  960): Skipped 31 frames!  The application may be doing too much work on its main thread.
I/Choreographer(  960): Skipped 30 frames!  The application may be doing too much work on its main thread.
W/DroidBox( 1052): DroidBox: { "ServiceStart": { "name": "com.android.music.MediaPlaybackService" } }
W/DroidBox( 1052): DroidBox: { "ServiceStart": { "name": "com.android.music.MediaPlaybackService" } }
I/Choreographer(  960): Skipped 40 frames!  The application may be doing too much work on its main thread.
I/Choreographer(  960): Skipped 33 frames!  The application may be doing too much work on its main thread.
I/Choreographer(  960): Skipped 41 frames!  The application may be doing too much work on its main thread.
I/AudioService(  228):  AudioFocus  requestAudioFocus() from android.media.AudioManager@b3d96508com.android.music.MediaPlaybackService$3@b3d94d40
I/Choreographer(  960): Skipped 31 frames!  The application may be doing too much work on its main thread.
I/AudioService(  228):   Remote Control   registerMediaButtonIntent() for PendingIntent{b3e42e38: PendingIntentRecord{b3e79018 com.android.music broadcastIntent}}
I/Choreographer(  960): Skipped 30 frames!  The application may be doing too much work on its main thread.
I/Choreographer(  960): Skipped 135 frames!  The application may be doing too much work on its main thread.
I/Choreographer(  960): Skipped 51 frames!  The application may be doing too much work on its main thread.
W/dalvikvm(  415): DroidBox: { "FdAccess": { "path": "2f70726f632f6d656d696e666f", "id": "615394766" } }
W/DroidBox(  415): DroidBox: { "FileRW": { "operation": "read", "data": "4d656d546f74616c3a202020202020202020373438393634206b420a4d656d467265653a20202020202020202020343537333430206b420a427566666572733a20202020202020202020202035343838206b420a4361636865643a202020202020202020", "id": "615394766" } }
I/Choreographer(  960): Skipped 38 frames!  The application may be doing too much work on its main thread.
D/InputEventConsistencyVerifier(  415): KeyEvent: ACTION_UP but key was not down.
D/InputEventConsistencyVerifier(  415):   in android.view.ViewRootImpl@b3e48ca8
D/InputEventConsistencyVerifier(  415):   0: sent at 248458000000, KeyEvent { action=ACTION_UP, keyCode=KEYCODE_DPAD_CENTER, scanCode=0, metaState=0, flags=0x8, repeatCount=0, eventTime=248458, downTime=248458, deviceId=-1, source=0x101 }
D/InputEventConsistencyVerifier(  415):   -- recent events --
D/InputEventConsistencyVerifier(  415):   1: sent at 248444000000, MotionEvent { action=ACTION_UP, id[0]=0, x[0]=12.0, y[0]=21.0, toolType[0]=TOOL_TYPE_UNKNOWN, buttonState=0, metaState=0, flags=0x0, edgeFlags=0x0, pointerCount=1, historySize=0, eventTime=248444, downTime=248438, deviceId=0, source=0x1002 }
D/InputEventConsistencyVerifier(  415):   2: sent at 248439000000, MotionEvent { action=ACTION_DOWN, id[0]=0, x[0]=24.0, y[0]=10.0, toolType[0]=TOOL_TYPE_UNKNOWN, buttonState=0, metaState=0, flags=0x0, edgeFlags=0x0, pointerCount=1, historySize=0, eventTime=248439, downTime=248438, deviceId=0, source=0x1002 }
D/InputEventConsistencyVerifier(  415):   3: sent at 212961000000, KeyEvent { action=ACTION_UP, keyCode=KEYCODE_DPAD_LEFT, scanCode=0, metaState=0, flags=0x28, repeatCount=0, eventTime=212961, downTime=212944, deviceId=-1, source=0x101 }
D/InputEventConsistencyVerifier(  415):   4: sent at 212944000000, KeyEvent { action=ACTION_DOWN, keyCode=KEYCODE_DPAD_LEFT, scanCode=0, metaState=0, flags=0x8, repeatCount=0, eventTime=212944, downTime=212944, deviceId=-1, source=0x101 }
D/InputEventConsistencyVerifier(  415):   5: sent at 212927000000, KeyEvent { action=ACTION_UP, keyCode=KEYCODE_DPAD_CENTER, scanCode=0, metaState=0, flags=0x8, repeatCount=0, eventTime=212927, downTime=212927, deviceId=-1, source=0x101 }
D/InputEventConsistencyVerifier(  415): KeyEvent: ACTION_UP but key was not down.
D/InputEventConsistencyVerifier(  415):   in com.android.systemui.statusbar.phone.StatusBarWindowView@b3db7300
D/InputEventConsistencyVerifier(  415):   0: sent at 248721000000, KeyEvent { action=ACTION_UP, keyCode=KEYCODE_DPAD_CENTER, scanCode=0, metaState=0, flags=0x8, repeatCount=0, eventTime=248721, downTime=248721, deviceId=-1, source=0x101 }
D/InputEventConsistencyVerifier(  415):   -- recent events --
D/InputEventConsistencyVerifier(  415):   1: sent at 248458000000, (unhandled) KeyEvent { action=ACTION_UP, keyCode=KEYCODE_DPAD_CENTER, scanCode=0, metaState=0, flags=0x80000008, repeatCount=0, eventTime=248458, downTime=248458, deviceId=-1, source=0x101 }
D/InputEventConsistencyVerifier(  415):   2: sent at 248444000000, MotionEvent { action=ACTION_UP, id[0]=0, x[0]=12.0, y[0]=21.0, toolType[0]=TOOL_TYPE_UNKNOWN, buttonState=0, metaState=0, flags=0x0, edgeFlags=0x0, pointerCount=1, historySize=0, eventTime=248444, downTime=248438, deviceId=0, source=0x1002 }
D/InputEventConsistencyVerifier(  415):   3: sent at 248439000000, MotionEvent { action=ACTION_DOWN, id[0]=0, x[0]=24.0, y[0]=10.0, toolType[0]=TOOL_TYPE_UNKNOWN, buttonState=0, metaState=0, flags=0x0, edgeFlags=0x0, pointerCount=1, historySize=0, eventTime=248439, downTime=248438, deviceId=0, source=0x1002 }
D/InputEventConsistencyVerifier(  415):   4: sent at 212961000000, (unhandled) KeyEvent { action=ACTION_UP, keyCode=KEYCODE_DPAD_LEFT, scanCode=0, metaState=0, flags=0x28, repeatCount=0, eventTime=212961, downTime=212944, deviceId=-1, source=0x101 }
D/InputEventConsistencyVerifier(  415):   5: sent at 212944000000, (unhandled) KeyEvent { action=ACTION_DOWN, keyCode=KEYCODE_DPAD_LEFT, scanCode=0, metaState=0, flags=0x8, repeatCount=0, eventTime=212944, downTime=212944, deviceId=-1, source=0x101 }
W/dalvikvm(  415): DroidBox: { "FdAccess": { "path": "2f70726f632f6d656d696e666f", "id": "2119017325" } }
W/DroidBox(  415): DroidBox: { "FileRW": { "operation": "read", "data": "4d656d546f74616c3a202020202020202020373438393634206b420a4d656d467265653a20202020202020202020343535373238206b420a427566666572733a20202020202020202020202035343838206b420a4361636865643a202020202020202020", "id": "2119017325" } }
I/Choreographer(  415): Skipped 89 frames!  The application may be doing too much work on its main thread.
I/Choreographer(  960): Skipped 47 frames!  The application may be doing too much work on its main thread.
W/dalvikvm(  415): DroidBox: { "FdAccess": { "path": "2f70726f632f6d656d696e666f", "id": "1933977266" } }
W/DroidBox(  415): DroidBox: { "FileRW": { "operation": "read", "data": "4d656d546f74616c3a202020202020202020373438393634206b420a4d656d467265653a20202020202020202020343535373238206b420a427566666572733a20202020202020202020202035343838206b420a4361636865643a202020202020202020", "id": "1933977266" } }
I/Choreographer(  960): Skipped 37 frames!  The application may be doing too much work on its main thread.
V/PhoneStatusBar(  415): setLightsOn(true)
I/Choreographer(  415): Skipped 47 frames!  The application may be doing too much work on its main thread.
D/PhoneStatusBar(  415): disable: < expand icons alerts TICKER* system_info back home recent clock >
W/dalvikvm(  415): DroidBox: { "FdAccess": { "path": "2f70726f632f6d656d696e666f", "id": "2115607299" } }
W/DroidBox(  415): DroidBox: { "FileRW": { "operation": "read", "data": "4d656d546f74616c3a202020202020202020373438393634206b420a4d656d467265653a20202020202020202020343534333634206b420a427566666572733a20202020202020202020202035343838206b420a4361636865643a202020202020202020", "id": "2115607299" } }
I/Choreographer(  415): Skipped 32 frames!  The application may be doing too much work on its main thread.
I/Choreographer(  960): Skipped 36 frames!  The application may be doing too much work on its main thread.
D/InputEventConsistencyVerifier(  960): KeyEvent: ACTION_UP but key was not down.
D/InputEventConsistencyVerifier(  960):   in android.view.ViewRootImpl@b3e236f0
D/InputEventConsistencyVerifier(  960):   0: sent at 249366000000, KeyEvent { action=ACTION_UP, keyCode=KEYCODE_DPAD_LEFT, scanCode=0, metaState=0, flags=0x8, repeatCount=0, eventTime=249366, downTime=249366, deviceId=-1, source=0x101 }
D/InputEventConsistencyVerifier(  960):   -- recent events --
D/InputEventConsistencyVerifier(  960):   1: sent at 248525000000, KeyEvent { action=ACTION_UP, keyCode=KEYCODE_DPAD_CENTER, scanCode=0, metaState=0, flags=0x28, repeatCount=0, eventTime=248525, downTime=248455, deviceId=-1, source=0x101 }
D/InputEventConsistencyVerifier(  960):   2: sent at 248455000000, KeyEvent { action=ACTION_DOWN, keyCode=KEYCODE_DPAD_CENTER, scanCode=0, metaState=0, flags=0x8, repeatCount=0, eventTime=248455, downTime=248455, deviceId=-1, source=0x101 }
D/InputEventConsistencyVerifier(  960):   3: sent at 248396000000, KeyEvent { action=ACTION_UP, keyCode=KEYCODE_MOVE_END, scanCode=0, metaState=0, flags=0x8, repeatCount=0, eventTime=248396, downTime=248396, deviceId=-1, source=0x101 }
D/InputEventConsistencyVerifier(  960):   4: sent at 248269000000, KeyEvent { action=ACTION_DOWN, keyCode=KEYCODE_MOVE_END, scanCode=0, metaState=0, flags=0x8, repeatCount=0, eventTime=248269, downTime=248269, deviceId=-1, source=0x101 }
