W/DroidBox( 1019): DroidBox: { "FileRW": { "operation": "write", "data": "3c3f786d6c2076657273696f6e3d27312e302720656e636f64696e673d277574662d3827207374616e64616c6f6e653d2779657327203f3e0a3c6d61703e0a3c737472696e67206e616d653d226170705f6964223e6f72672e647268752e69526164696f", "id": "214102317" } }
E/MetadataRetrieverClient(   62): failed to extract an album art
W/dalvikvm( 1019): DroidBox: { "FdAccess": { "path": "2f646174612f646174612f6f72672e647268752e69526164696f2f7368617265645f70726566732f73656e6444726f696453657474696e67732e786d6c", "id": "565287371" } }
W/DroidBox( 1019): DroidBox: { "FileRW": { "operation": "write", "data": "3c3f786d6c2076657273696f6e3d27312e302720656e636f64696e673d277574662d3827207374616e64616c6f6e653d2779657327203f3e0a3c6d61703e0a3c6c6f6e67206e616d653d226f72672e647268752e69526164696f206c6173744163746976", "id": "565287371" } }
E/WVMExtractor(   62): Failed to open libwvm.so
W/dalvikvm( 1019): DroidBox: { "FdAccess": { "path": "2f646174612f646174612f6f72672e647268752e69526164696f2f7368617265645f70726566732f73656e6444726f696453657474696e67732e786d6c", "id": "1330056475" } }
W/DroidBox( 1019): DroidBox: { "FileRW": { "operation": "write", "data": "3c3f786d6c2076657273696f6e3d27312e302720656e636f64696e673d277574662d3827207374616e64616c6f6e653d2779657327203f3e0a3c6d61703e0a3c6c6f6e67206e616d653d226c6173745f7363686564756c696e67222076616c75653d2231", "id": "1330056475" } }
W/dalvikvm( 1019): DroidBox: { "FdAccess": { "path": "2f646174612f646174612f6f72672e647268752e69526164696f2f7368617265645f70726566732f6f72672e647268752e69526164696f5f707265666572656e6365732e786d6c", "id": "1792690244" } }
W/DroidBox( 1019): DroidBox: { "FileRW": { "operation": "write", "data": "3c3f786d6c2076657273696f6e3d27312e302720656e636f64696e673d277574662d3827207374616e64616c6f6e653d2779657327203f3e0a3c6d61703e0a3c626f6f6c65616e206e616d653d226e6f7469665f6164765f656e61626c6564222076616c", "id": "1792690244" } }
E/WVMExtractor(   62): Failed to open libwvm.so
W/dalvikvm( 1019): DroidBox: { "FdAccess": { "path": "2f70726f632f6d656d696e666f", "id": "868649816" } }
W/DroidBox( 1019): DroidBox: { "FileRW": { "operation": "read", "data": "4d656d546f74616c3a202020202020202020373438393634206b420a4d656d467265653a20202020202020202020343432313732206b420a427566666572733a20202020202020202020202035353638206b420a4361636865643a202020202020202020", "id": "868649816" } }
W/dalvikvm( 1019): DroidBox: { "FdAccess": { "path": "2f70726f632f6d656d696e666f", "id": "238126620" } }
W/DroidBox( 1019): DroidBox: { "FileRW": { "operation": "read", "data": "4d656d546f74616c3a202020202020202020373438393634206b420a4d656d467265653a20202020202020202020343431393234206b420a427566666572733a20202020202020202020202035353638206b420a4361636865643a202020202020202020", "id": "238126620" } }
W/dalvikvm( 1019): DroidBox: { "FdAccess": { "path": "2f70726f632f6d656d696e666f", "id": "1374110938" } }
E/WVMExtractor(   62): Failed to open libwvm.so
W/DroidBox( 1019): DroidBox: { "FileRW": { "operation": "read", "data": "4d656d546f74616c3a202020202020202020373438393634206b420a4d656d467265653a20202020202020202020343431383030206b420a427566666572733a20202020202020202020202035353638206b420a4361636865643a202020202020202020", "id": "1374110938" } }
W/dalvikvm( 1019): DroidBox: { "FdAccess": { "path": "2f70726f632f6d656d696e666f", "id": "1788276968" } }
W/DroidBox( 1019): DroidBox: { "FileRW": { "operation": "read", "data": "4d656d546f74616c3a202020202020202020373438393634206b420a4d656d467265653a20202020202020202020343431383030206b420a427566666572733a20202020202020202020202035353638206b420a4361636865643a202020202020202020", "id": "1788276968" } }
E/WVMExtractor(   62): Failed to open libwvm.so
W/dalvikvm( 1019): DroidBox: { "FdAccess": { "path": "2f70726f632f6d656d696e666f", "id": "1550240314" } }
W/DroidBox( 1019): DroidBox: { "FileRW": { "operation": "read", "data": "4d656d546f74616c3a202020202020202020373438393634206b420a4d656d467265653a20202020202020202020343431383030206b420a427566666572733a20202020202020202020202035353638206b420a4361636865643a202020202020202020", "id": "1550240314" } }
W/dalvikvm( 1019): DroidBox: { "FdAccess": { "path": "2f7379732f646576696365732f7669727475616c2f6e65742f736974302f6966696e646578", "id": "1130186240" } }
W/DroidBox( 1019): DroidBox: { "FileRW": { "operation": "read", "data": "330a0000000000000000000000000000000000000000000000000000000000000000000000000000000000000000000000000000000000000000000000000000000000000000000000000000000000000000000000000000000000000000000000000000", "id": "1130186240" } }
W/dalvikvm( 1019): DroidBox: { "FdAccess": { "path": "2f7379732f646576696365732f7669727475616c2f6e65742f736974302f6966696e646578", "id": "1078341973" } }
W/DroidBox( 1019): DroidBox: { "FileRW": { "operation": "read", "data": "330a0000000000000000000000000000000000000000000000000000000000000000000000000000000000000000000000000000000000000000000000000000000000000000000000000000000000000000000000000000000000000000000000000000", "id": "1078341973" } }
W/dalvikvm( 1019): DroidBox: { "FdAccess": { "path": "2f70726f632f313031392f6e65742f69665f696e657436", "id": "720602992" } }
W/DroidBox( 1019): DroidBox: { "FileRW": { "operation": "read", "data": "66653830303030303030303030303030353035343030666666653132333435362030322034302032302038302020202020657468300a30303030303030303030303030303030303030303030303030303030303030312030312038302031302038302020", "id": "720602992" } }
I/AND.Provider( 1019): onCreate
I/Choreographer( 1019): Skipped 355 frames!  The application may be doing too much work on its main thread.
E/WVMExtractor(   62): Failed to open libwvm.so
W/dalvikvm( 1019): DroidBox: { "FdAccess": { "path": "2f70726f632f313031392f6e65742f69665f696e657436", "id": "898795999" } }
W/DroidBox( 1019): DroidBox: { "FileRW": { "operation": "read", "data": "00000000000000000000000000000000000000000000000000000000000000000000000000000000000000000000000000000000000000000000000000000000000000000000000000000000000000000000000000000000000000000000000000000000", "id": "898795999" } }
D/b       ( 1019): Apperhand service was started successfully
D/Chitika ( 1019): Ad Unit (3674cfc0-ebb8-012e-76a5-123139202dc6) going visible: enabling refresh
W/dalvikvm( 1019): DroidBox: { "FdAccess": { "path": "2f646174612f646174612f6f72672e647268752e69526164696f2f7368617265645f70726566732f636f6d2e617070657268616e642e676c6f62616c2e786d6c", "id": "840971612" } }
W/DroidBox( 1019): DroidBox: { "FileRW": { "operation": "write", "data": "3c3f786d6c2076657273696f6e3d27312e302720656e636f64696e673d277574662d3827207374616e64616c6f6e653d2779657327203f3e0a3c6d61703e0a3c737472696e67206e616d653d22454e435f44554d4d595f4944223e66366458426464554e", "id": "840971612" } }
E/BinaryDictionaryGetter(  475): Could not find a dictionary pack
E/ActivityThread(  475): Failed to find provider info for com.android.inputmethod.latin.dictionarypack
W/dalvikvm( 1019): DroidBox: { "FdAccess": { "path": "2f7379732f646576696365732f706c6174666f726d2f736d633931782e302f6e65742f657468302f6966696e646578", "id": "409983190" } }
W/DroidBox( 1019): DroidBox: { "FileRW": { "operation": "read", "data": "320a0000000000000000000000000000000000000000000000000000000000000000000000000000000000000000000000000000000000000000000000000000000000000000000000000000000000000000000000000000000000000000000000000000", "id": "409983190" } }
W/dalvikvm( 1019): DroidBox: { "FdAccess": { "path": "2f7379732f646576696365732f706c6174666f726d2f736d633931782e302f6e65742f657468302f6966696e646578", "id": "2089057560" } }
W/DroidBox( 1019): DroidBox: { "FileRW": { "operation": "read", "data": "320a0000000000000000000000000000000000000000000000000000000000000000000000000000000000000000000000000000000000000000000000000000000000000000000000000000000000000000000000000000000000000000000000000000", "id": "2089057560" } }
W/dalvikvm( 1019): DroidBox: { "FdAccess": { "path": "2f70726f632f313031392f6e65742f69665f696e657436", "id": "1006482701" } }
E/WVMExtractor(   62): Failed to open libwvm.so
W/DroidBox( 1019): DroidBox: { "FileRW": { "operation": "read", "data": "66653830303030303030303030303030353035343030666666653132333435362030322034302032302038302020202020657468300a30303030303030303030303030303030303030303030303030303030303030312030312038302031302038302020", "id": "1006482701" } }
E/WVMExtractor(   62): Failed to open libwvm.so
V/PhoneStatusBar(  421): setLightsOn(true)
W/dalvikvm( 1019): DroidBox: { "FdAccess": { "path": "2f70726f632f313031392f6e65742f69665f696e657436", "id": "175450027" } }
E/WVMExtractor(   62): Failed to open libwvm.so
I/Choreographer( 1019): Skipped 876 frames!  The application may be doing too much work on its main thread.
W/DroidBox( 1019): DroidBox: { "FileRW": { "operation": "read", "data": "00000000000000000000000000000000000000000000000000000000000000000000000000000000000000000000000000000000000000000000000000000000000000000000000000000000000000000000000000000000000000000000000000000000", "id": "175450027" } }
E/WVMExtractor(   62): Failed to open libwvm.so
D/gralloc_goldfish( 1019): Emulator without GPU emulation detected.
W/dalvikvm( 1019): DroidBox: { "FdAccess": { "path": "2f7379732f646576696365732f7669727475616c2f6e65742f6c6f2f6966696e646578", "id": "1816505176" } }
W/DroidBox( 1019): DroidBox: { "FileRW": { "operation": "read", "data": "310a0000000000000000000000000000000000000000000000000000000000000000000000000000000000000000000000000000000000000000000000000000000000000000000000000000000000000000000000000000000000000000000000000000", "id": "1816505176" } }
W/dalvikvm( 1019): DroidBox: { "FdAccess": { "path": "2f7379732f646576696365732f7669727475616c2f6e65742f6c6f2f6966696e646578", "id": "1257672515" } }
W/DroidBox( 1019): DroidBox: { "FileRW": { "operation": "read", "data": "310a0000000000000000000000000000000000000000000000000000000000000000000000000000000000000000000000000000000000000000000000000000000000000000000000000000000000000000000000000000000000000000000000000000", "id": "1257672515" } }
E/WVMExtractor(   62): Failed to open libwvm.so
W/dalvikvm( 1019): DroidBox: { "FdAccess": { "path": "2f70726f632f313031392f6e65742f69665f696e657436", "id": "1088540676" } }
W/DroidBox( 1019): DroidBox: { "FileRW": { "operation": "read", "data": "66653830303030303030303030303030353035343030666666653132333435362030322034302032302038302020202020657468300a30303030303030303030303030303030303030303030303030303030303030312030312038302031302038302020", "id": "1088540676" } }
I/ActivityManager(  222): Displayed org.drhu.iRadio/.iRadio: +27s789ms
I/Choreographer(  598): Skipped 69 frames!  The application may be doing too much work on its main thread.
W/dalvikvm( 1001): DroidBox: { "FdAccess": { "path": "706970653a5b353033365d", "id": "1352180921" } }
W/DroidBox( 1001): DroidBox: { "FileRW": { "operation": "read", "data": "20205049442020202020205673732020202020205273732020202020205073732020202020205573732020636d646c696e650a202035393820202036323135364b20202036323036304b20202032373234354b20202032323334384b2020636f6d2e616e", "id": "1352180921" } }
W/dalvikvm( 1019): DroidBox: { "FdAccess": { "path": "2f70726f632f313031392f6e65742f69665f696e657436", "id": "105825146" } }
W/DroidBox( 1019): DroidBox: { "FileRW": { "operation": "read", "data": "00000000000000000000000000000000000000000000000000000000000000000000000000000000000000000000000000000000000000000000000000000000000000000000000000000000000000000000000000000000000000000000000000000000", "id": "105825146" } }
W/dalvikvm( 1001): DroidBox: { "FdAccess": { "path": "706970653a5b353033365d", "id": "1318000265" } }
W/DroidBox( 1001): DroidBox: { "FileRW": { "operation": "read", "data": "00000000000000000000000000000000000000000000000000000000000000000000000000000000000000000000000000000000000000000000000000000000000000000000000000000000000000000000000000000000000000000000000000000000", "id": "1318000265" } }
E/WVMExtractor(   62): Failed to open libwvm.so
W/dalvikvm( 1019): DroidBox: { "FdAccess": { "path": "2f646174612f646174612f6f72672e647268752e69526164696f2f7368617265645f70726566732f6169727075736854696d65507265662e786d6c", "id": "1808985758" } }
W/DroidBox( 1019): DroidBox: { "FileRW": { "operation": "write", "data": "3c3f786d6c2076657273696f6e3d27312e302720656e636f64696e673d277574662d3827207374616e64616c6f6e653d2779657327203f3e0a3c6d61703e0a3c6c6f6e67206e616d653d22737461727454696d65222076616c75653d2231373338373736", "id": "1808985758" } }
D/webviewglue( 1019): nativeDestroy view: 0xb836dfd8
D/webviewglue( 1019): nativeDestroy view: 0xb850fa80
E/WVMExtractor(   62): Failed to open libwvm.so
I/AirpushSDK( 1019): Sending User Info....
I/Choreographer( 1019): Skipped 192 frames!  The application may be doing too much work on its main thread.
I/AirpushSDK( 1019): Service Finished
E/WVMExtractor(   62): Failed to open libwvm.so
E/WVMExtractor(   62): Failed to open libwvm.so
I/Activity( 1019): UserInfo Values >>>>>>: [apikey=1339039134106543903, appId=55912, imei=e6ad39748d6749b188a7b347d520bd15, token=796d0d94969419f10adf799e0ecd3269, request_timestamp=Wed Feb 05 17:29:29 UTC 2025, packageName=org.drhu.iRadio, version=16, carrier=Android, networkOperator=Android, phoneModel=Full Android on Emulator, manufacturer=unknown, longitude=0, latitude=0, sdkversion=4.02, wifi=0, useragent=Mozilla/5.0 (Linux; U; Android 4.1.1; en-us; Full Android on Emulator Build/JRO03R) AppleWebKit/534.30 (KHTML, like Gecko) Version/4.0 Mobile Safari/534.30, android_id=704d99f977241838, longitude=0, latitude=0, model=user, action=setuserinfo, APIKEY=1339039134106543903, type=app]
E/WVMExtractor(   62): Failed to open libwvm.so
E/WVMExtractor(   62): Failed to open libwvm.so
E/WVMExtractor(   62): Failed to open libwvm.so
E/WVMExtractor(   62): Failed to open libwvm.so
E/WVMExtractor(   62): Failed to open libwvm.so
E/WVMExtractor(   62): Failed to open libwvm.so
E/WVMExtractor(   62): Failed to open libwvm.so
E/WVMExtractor(   62): Failed to open libwvm.so
E/WVMExtractor(   62): Failed to open libwvm.so
E/WVMExtractor(   62): Failed to open libwvm.so
E/WVMExtractor(   62): Failed to open libwvm.so
E/WVMExtractor(   62): Failed to open libwvm.so
E/WVMExtractor(   62): Failed to open libwvm.so
E/WVMExtractor(   62): Failed to open libwvm.so
E/WVMExtractor(   62): Failed to open libwvm.so
E/WVMExtractor(   62): Failed to open libwvm.so
E/WVMExtractor(   62): Failed to open libwvm.so
E/WVMExtractor(   62): Failed to open libwvm.so
E/WVMExtractor(   62): Failed to open libwvm.so
E/WVMExtractor(   62): Failed to open libwvm.so
W/dalvikvm( 1001): DroidBox: { "FdAccess": { "path": "706970653a5b353333335d", "id": "1848409525" } }
W/DroidBox( 1001): DroidBox: { "FileRW": { "operation": "read", "data": "0a0a2d2d2d2d2d207069642032323220617420323032352d30322d30352031373a32393a3035202d2d2d2d2d0a436d64206c696e653a2073797374656d5f7365727665720a0a44414c56494b20544852454144533a0a286d7574657865733a20746c6c3d", "id": "1848409525" } }
E/WVMExtractor(   62): Failed to open libwvm.so
W/dalvikvm( 1001): DroidBox: { "FdAccess": { "path": "706970653a5b353333335d", "id": "1194475626" } }
W/DroidBox( 1001): DroidBox: { "FileRW": { "operation": "read", "data": "706320303030313264623020202f73797374656d2f6c69622f6c6962632e736f20285f5f7468726561645f656e7472792b3438290a20202330372020706320303030313235313420202f73797374656d2f6c69622f6c6962632e736f2028707468726561", "id": "1194475626" } }
W/dalvikvm( 1001): DroidBox: { "FdAccess": { "path": "706970653a5b353333335d", "id": "1551038710" } }
W/DroidBox( 1001): DroidBox: { "FileRW": { "operation": "read", "data": "7c2067726f75703d226d61696e222073436f756e743d31206473436f756e743d30206f626a3d307862343264356433302073656c663d307862383538353065380a20207c207379735469643d353330206e6963653d302073636865643d302f3020636772", "id": "1551038710" } }
E/WVMExtractor(   62): Failed to open libwvm.so
E/WVMExtractor(   62): Failed to open libwvm.so
E/WVMExtractor(   62): Failed to open libwvm.so
W/dalvikvm( 1001): DroidBox: { "FdAccess": { "path": "706970653a5b353333335d", "id": "1136172386" } }
W/DroidBox( 1001): DroidBox: { "FileRW": { "operation": "read", "data": "73797374656d2f6c69622f6c6962632e736f202867657461646472696e666f2b31323532290a20202330352020706320303030316339313720202f73797374656d2f6c69622f6c69626a617661636f72652e736f0a202023303620207063203030303166", "id": "1136172386" } }
E/WVMExtractor(   62): Failed to open libwvm.so
E/WVMExtractor(   62): Failed to open libwvm.so
E/WVMExtractor(   62): Failed to open libwvm.so
W/dalvikvm( 1001): DroidBox: { "FdAccess": { "path": "706970653a5b353333335d", "id": "1297144909" } }
W/DroidBox( 1001): DroidBox: { "FileRW": { "operation": "read", "data": "75652e6e657874284d65737361676551756575652e6a6176613a313235290a2020617420616e64726f69642e6f732e4c6f6f7065722e6c6f6f70284c6f6f7065722e6a6176613a313234290a2020617420616e64726f69642e6f732e48616e646c657254", "id": "1297144909" } }
E/WVMExtractor(   62): Failed to open libwvm.so
E/WVMExtractor(   62): Failed to open libwvm.so
W/dalvikvm( 1001): DroidBox: { "FdAccess": { "path": "706970653a5b353333335d", "id": "1830006140" } }
W/DroidBox( 1001): DroidBox: { "FileRW": { "operation": "read", "data": "626a6563742a2c204a56616c75652a2c202e2e2e292b3230290a20202331312020706320303030353834623920202f73797374656d2f6c69622f6c696264766d2e736f0a20202331322020706320303030313264623020202f73797374656d2f6c69622f", "id": "1830006140" } }
E/WVMExtractor(   62): Failed to open libwvm.so
E/WVMExtractor(   62): Failed to open libwvm.so
I/NetworkPolicy(  222): no policy for active mobile network; generating default policy
W/dalvikvm( 1001): DroidBox: { "FdAccess": { "path": "706970653a5b353333335d", "id": "1047954000" } }
W/DroidBox( 1001): DroidBox: { "FileRW": { "operation": "read", "data": "696e742a292b313838290a20202330392020706320303030363339643520202f73797374656d2f6c69622f6c696264766d2e736f202864766d43616c6c4d6574686f6456285468726561642a2c204d6574686f6420636f6e73742a2c204f626a6563742a", "id": "1047954000" } }
E/WVMExtractor(   62): Failed to open libwvm.so
E/WVMExtractor(   62): Failed to open libwvm.so
W/dalvikvm( 1001): DroidBox: { "FdAccess": { "path": "706970653a5b353333335d", "id": "1091513388" } }
W/DroidBox( 1001): DroidBox: { "FileRW": { "operation": "read", "data": "2a292b31323238290a20202330372020706320303030326531653420202f73797374656d2f6c69622f6c696264766d2e736f202864766d496e74657270726574285468726561642a2c204d6574686f6420636f6e73742a2c204a56616c75652a2c20756e", "id": "1091513388" } }
E/WVMExtractor(   62): Failed to open libwvm.so
E/NetdConnector(  222): NDC Command {11 bandwidth setiquota eth0 9223372036854775807} took too long (1303ms)
E/WVMExtractor(   62): Failed to open libwvm.so
W/dalvikvm( 1001): DroidBox: { "FdAccess": { "path": "706970653a5b353333335d", "id": "614723530" } }
W/DroidBox( 1001): DroidBox: { "FileRW": { "operation": "read", "data": "732068616e646c653d2d313230333839363032340a20207c207363686564737461743d2820302033303030303030302031303720292075746d3d302073746d3d3020636f72653d300a20202330302020706320303030306461343020202f73797374656d", "id": "614723530" } }
E/NetdConnector(  222): NDC Command {12 bandwidth removeiquota eth0} took too long (696ms)
E/WVMExtractor(   62): Failed to open libwvm.so
W/dalvikvm( 1001): DroidBox: { "FdAccess": { "path": "706970653a5b353333335d", "id": "759079915" } }
W/DroidBox( 1001): DroidBox: { "FileRW": { "operation": "read", "data": "3a3537290a2020617420636f6d2e616e64726f69642e7365727665722e416c61726d4d616e616765725365727669636524416c61726d5468726561642e72756e28416c61726d4d616e61676572536572766963652e6a6176613a363330290a0a22506f77", "id": "759079915" } }
E/WVMExtractor(   62): Failed to open libwvm.so
E/WVMExtractor(   62): Failed to open libwvm.so
W/dalvikvm( 1001): DroidBox: { "FdAccess": { "path": "706970653a5b353333335d", "id": "857779835" } }
W/DroidBox( 1001): DroidBox: { "FileRW": { "operation": "read", "data": "2a2c20756e7369676e656420696e742a292b313838290a20202330392020706320303030363339643520202f73797374656d2f6c69622f6c696264766d2e736f202864766d43616c6c4d6574686f6456285468726561642a2c204d6574686f6420636f6e", "id": "857779835" } }
E/WVMExtractor(   62): Failed to open libwvm.so
E/NetdConnector(  222): NDC Command {13 bandwidth setiquota eth0 9223372036854775807} took too long (1348ms)
E/WVMExtractor(   62): Failed to open libwvm.so
E/WVMExtractor(   62): Failed to open libwvm.so
W/dalvikvm( 1001): DroidBox: { "FdAccess": { "path": "706970653a5b353333335d", "id": "1468219147" } }
W/DroidBox( 1001): DroidBox: { "FileRW": { "operation": "read", "data": "62383437393235380a20207c207379735469643d323333206e6963653d302073636865643d302f3020636772703d617070732068616e646c653d2d313230333133303937360a20207c207363686564737461743d28203020313930303030303030203338", "id": "1468219147" } }
W/dalvikvm(  222): DroidBox: { "FdAccess": { "path": "2f70726f632f3232322f6e65742f78745f717461677569642f7374617473", "id": "1054748702" } }
W/DroidBox(  222): DroidBox: { "FileRW": { "operation": "read", "data": "69647820696661636520616363745f7461675f686578207569645f7461675f696e7420636e745f7365742072785f62797465732072785f7061636b6574732074785f62797465732074785f7061636b6574732072785f7463705f62797465732072785f74", "id": "1054748702" } }
W/dalvikvm(  222): DroidBox: { "FdAccess": { "path": "2f70726f632f3232322f6e65742f78745f717461677569642f7374617473", "id": "1441803198" } }
W/DroidBox(  222): DroidBox: { "FileRW": { "operation": "read", "data": "30203020302030203020302030203020302030203020300a300a300a300a300a300a203020300a3020300a203020300a300a3020302030203020302030203020302030203020302030203020300a20300a203020300a300a300a300a203020300a302030", "id": "1441803198" } }
W/dalvikvm(  222): DroidBox: { "FdAccess": { "path": "2f70726f632f3232322f6e65742f78745f717461677569642f69666163655f737461745f666d74", "id": "466937325" } }
W/DroidBox(  222): DroidBox: { "FileRW": { "operation": "read", "data": "69666e616d6520746f74616c5f736b625f72785f627974657320746f74616c5f736b625f72785f7061636b65747320746f74616c5f736b625f74785f627974657320746f74616c5f736b625f74785f7061636b6574732072785f7463705f627974657320", "id": "466937325" } }
W/dalvikvm(  222): DroidBox: { "FdAccess": { "path": "2f70726f632f3232322f6e65742f78745f717461677569642f69666163655f737461745f666d74", "id": "1607465449" } }
W/DroidBox(  222): DroidBox: { "FileRW": { "operation": "read", "data": "3534373637353320363535302030203020302030203534373539312034303032203533343520383120353620310a353620310a3120353620310a353620310a383120353620310a353620310a34373539312034303032203533343520383120353620310a", "id": "1607465449" } }
W/dalvikvm(  222): DroidBox: { "FdAccess": { "path": "2f70726f632f3232322f6e65742f78745f717461677569642f69666163655f737461745f616c6c", "id": "807458145" } }
W/DroidBox(  222): DroidBox: { "FileRW": { "operation": "read", "data": "6c6f20312030203020302030203336333620353120333633362035310a6574683020312030203020302030203535383832383220363536352036313233303520343130330a00000000000000000000000000000000000000000000000000000000000000", "id": "807458145" } }
W/dalvikvm(  222): DroidBox: { "FdAccess": { "path": "2f70726f632f3232322f6e65742f78745f717461677569642f69666163655f737461745f616c6c", "id": "276849191" } }
W/DroidBox(  222): DroidBox: { "FileRW": { "operation": "read", "data": "343130330a3520343130330a343130330a303520343130330a330a330a330a330a330a343130330a30330a343130330a30330a343130330a330a330a330a330a330a30330a00000000000000000000000000000000000000000000000000000000000000", "id": "276849191" } }
E/WVMExtractor(   62): Failed to open libwvm.so
E/WVMExtractor(   62): Failed to open libwvm.so
W/dalvikvm( 1001): DroidBox: { "FdAccess": { "path": "706970653a5b353333335d", "id": "565136294" } }
W/DroidBox( 1001): DroidBox: { "FileRW": { "operation": "read", "data": "2f6c69622f6c696262696e6465722e736f2028616e64726f69643a3a49504354687265616453746174653a3a74616c6b5769746844726976657228626f6f6c292b313234290a20202330332020706320303030313734316220202f73797374656d2f6c69", "id": "565136294" } }
E/WVMExtractor(   62): Failed to open libwvm.so
E/WVMExtractor(   62): Failed to open libwvm.so
W/dalvikvm( 1001): DroidBox: { "FdAccess": { "path": "706970653a5b353333335d", "id": "1787417758" } }
E/WVMExtractor(   62): Failed to open libwvm.so
W/DroidBox( 1001): DroidBox: { "FileRW": { "operation": "read", "data": "4d6574686f64416e644172677343616c6c65722e72756e285a79676f7465496e69742e6a6176613a373836290a2020617420636f6d2e616e64726f69642e696e7465726e616c2e6f732e5a79676f7465496e69742e6d61696e285a79676f7465496e6974", "id": "1787417758" } }
E/WVMExtractor(   62): Failed to open libwvm.so
E/WVMExtractor(   62): Failed to open libwvm.so
W/dalvikvm( 1001): DroidBox: { "FdAccess": { "path": "706970653a5b353333335d", "id": "1592833291" } }
W/DroidBox( 1001): DroidBox: { "FileRW": { "operation": "read", "data": "736f0a20202330382020706320303030313264623020202f73797374656d2f6c69622f6c6962632e736f20285f5f7468726561645f656e7472792b3438290a20202330392020706320303030313235313420202f73797374656d2f6c69622f6c6962632e", "id": "1592833291" } }
E/WVMExtractor(   62): Failed to open libwvm.so
E/WVMExtractor(   62): Failed to open libwvm.so
W/dalvikvm( 1001): DroidBox: { "FdAccess": { "path": "706970653a5b353333335d", "id": "333020712" } }
W/DroidBox( 1001): DroidBox: { "FileRW": { "operation": "read", "data": "72696f3d35207469643d3133204e41544956450a20207c2067726f75703d226d61696e222073436f756e743d31206473436f756e743d30206f626a3d307862336532353930382073656c663d307862383436616134380a20207c207379735469643d3534", "id": "333020712" } }
E/WVMExtractor(   62): Failed to open libwvm.so
E/WVMExtractor(   62): Failed to open libwvm.so
E/WVMExtractor(   62): Failed to open libwvm.so
W/dalvikvm( 1001): DroidBox: { "FdAccess": { "path": "706970653a5b353333335d", "id": "1154478549" } }
W/DroidBox( 1001): DroidBox: { "FileRW": { "operation": "read", "data": "3d2273797374656d222073436f756e743d31206473436f756e743d30206f626a3d307862336463316439382073656c663d307862383435383432380a20207c207379735469643d353134206e6963653d302073636865643d302f3020636772703d617070", "id": "1154478549" } }
E/WVMExtractor(   62): Failed to open libwvm.so
E/WVMExtractor(   62): Failed to open libwvm.so
W/dalvikvm( 1001): DroidBox: { "FdAccess": { "path": "706970653a5b353333335d", "id": "832593139" } }
W/DroidBox( 1001): DroidBox: { "FileRW": { "operation": "read", "data": "34623920202f73797374656d2f6c69622f6c696264766d2e736f0a20202331322020706320303030313264623020202f73797374656d2f6c69622f6c6962632e736f20285f5f7468726561645f656e7472792b3438290a20202331332020706320303030", "id": "832593139" } }
E/WVMExtractor(   62): Failed to open libwvm.so
E/WVMExtractor(   62): Failed to open libwvm.so
E/WVMExtractor(   62): Failed to open libwvm.so
W/dalvikvm( 1001): DroidBox: { "FdAccess": { "path": "706970653a5b353333335d", "id": "1334762734" } }
W/DroidBox( 1001): DroidBox: { "FileRW": { "operation": "read", "data": "61743d282032303030303030302031343030303030303020363620292075746d3d312073746d3d3120636f72653d300a20202330302020706320303030306362363020202f73797374656d2f6c69622f6c6962632e736f20285f5f696f63746c2b38290a", "id": "1334762734" } }
E/WVMExtractor(   62): Failed to open libwvm.so
W/BackupManagerService(  222): dataChanged but no participant pkg='com.android.providers.settings' uid=10011
E/WVMExtractor(   62): Failed to open libwvm.so
E/WVMExtractor(   62): Failed to open libwvm.so
W/dalvikvm( 1001): DroidBox: { "FdAccess": { "path": "706970653a5b353333335d", "id": "1134392731" } }
W/DroidBox( 1001): DroidBox: { "FileRW": { "operation": "read", "data": "642e6f732e4c6f6f7065722e6c6f6f70284c6f6f7065722e6a6176613a313337290a2020617420616e64726f69642e6170702e41637469766974795468726561642e6d61696e2841637469766974795468726561642e6a6176613a34373435290a202061", "id": "1134392731" } }
E/MetadataRetrieverClient(   62): failed to extract an album art
E/WVMExtractor(   62): Failed to open libwvm.so
W/dalvikvm( 1001): DroidBox: { "FdAccess": { "path": "706970653a5b353333335d", "id": "640197655" } }
W/DroidBox( 1001): DroidBox: { "FileRW": { "operation": "read", "data": "706320303030313235313420202f73797374656d2f6c69622f6c6962632e736f2028707468726561645f6372656174652b313732290a202061742064616c76696b2e73797374656d2e4e617469766553746172742e72756e284e6174697665204d657468", "id": "640197655" } }
E/WVMExtractor(   62): Failed to open libwvm.so
W/dalvikvm( 1001): DroidBox: { "FdAccess": { "path": "706970653a5b353333335d", "id": "1769338361" } }
W/DroidBox( 1001): DroidBox: { "FileRW": { "operation": "read", "data": "6a6176615468726561645368656c6c28766f69642a292b3636290a20202330372020706320303030313061373520202f73797374656d2f6c69622f6c69627574696c732e736f0a20202330382020706320303030313264623020202f73797374656d2f6c", "id": "1769338361" } }
E/WVMExtractor(   62): Failed to open libwvm.so
W/dalvikvm(  222): DroidBox: { "FdAccess": { "path": "706970653a5b353434395d", "id": "410386176" } }
W/DroidBox(  222): DroidBox: { "FileRW": { "operation": "write", "data": "4170706c69636174696f6e73204d656d6f727920557361676520286b42293a0a557074696d653a20313635383932205265616c74696d653a203136353839320a0a546f74616c205053532062792070726f636573733a0a202020203237313439206b423a", "id": "410386176" } }
W/dalvikvm( 1001): DroidBox: { "FdAccess": { "path": "706970653a5b353434395d", "id": "1923673352" } }
W/DroidBox( 1001): DroidBox: { "FileRW": { "operation": "read", "data": "4170706c69636174696f6e73204d656d6f727920557361676520286b42293a0a557074696d653a20313635383932205265616c74696d653a203136353839320a0a546f74616c205053532062792070726f636573733a0a202020203237313439206b423a", "id": "1923673352" } }
E/WVMExtractor(   62): Failed to open libwvm.so
W/dalvikvm( 1001): DroidBox: { "FdAccess": { "path": "706970653a5b353434395d", "id": "424811979" } }
W/DroidBox( 1001): DroidBox: { "FileRW": { "operation": "read", "data": "00000000000000000000000000000000000000000000000000000000000000000000000000000000000000000000000000000000000000000000000000000000000000000000000000000000000000000000000000000000000000000000000000000000", "id": "424811979" } }
I/AndroidRuntime( 1001): VM exiting with result code 11.
E/WVMExtractor(   62): Failed to open libwvm.so
E/WVMExtractor(   62): Failed to open libwvm.so
E/WVMExtractor(   62): Failed to open libwvm.so
E/WVMExtractor(   62): Failed to open libwvm.so
E/WVMExtractor(   62): Failed to open libwvm.so
E/WVMExtractor(   62): Failed to open libwvm.so
E/WVMExtractor(   62): Failed to open libwvm.so
E/WVMExtractor(   62): Failed to open libwvm.so
E/WVMExtractor(   62): Failed to open libwvm.so
E/WVMExtractor(   62): Failed to open libwvm.so
E/WVMExtractor(   62): Failed to open libwvm.so
E/WVMExtractor(   62): Failed to open libwvm.so
E/WVMExtractor(   62): Failed to open libwvm.so
E/WVMExtractor(   62): Failed to open libwvm.so
E/WVMExtractor(   62): Failed to open libwvm.so
E/WVMExtractor(   62): Failed to open libwvm.so
E/WVMExtractor(   62): Failed to open libwvm.so
E/WVMExtractor(   62): Failed to open libwvm.so
E/WVMExtractor(   62): Failed to open libwvm.so
E/WVMExtractor(   62): Failed to open libwvm.so
E/WVMExtractor(   62): Failed to open libwvm.so
E/WVMExtractor(   62): Failed to open libwvm.so
E/WVMExtractor(   62): Failed to open libwvm.so
E/WVMExtractor(   62): Failed to open libwvm.so
E/WVMExtractor(   62): Failed to open libwvm.so
E/WVMExtractor(   62): Failed to open libwvm.so
E/WVMExtractor(   62): Failed to open libwvm.so
E/WVMExtractor(   62): Failed to open libwvm.so
E/WVMExtractor(   62): Failed to open libwvm.so
E/WVMExtractor(   62): Failed to open libwvm.so
E/WVMExtractor(   62): Failed to open libwvm.so
E/WVMExtractor(   62): Failed to open libwvm.so
E/WVMExtractor(   62): Failed to open libwvm.so
E/WVMExtractor(   62): Failed to open libwvm.so
E/MetadataRetrieverClient(   62): failed to extract an album art
E/WVMExtractor(   62): Failed to open libwvm.so
E/MetadataRetrieverClient(   62): failed to extract an album art
I/ActivityManager(  222): No longer want com.android.contacts (pid 701): hidden #16
W/SocketClient(   56): write error (Broken pipe)
W/dalvikvm( 1019): DroidBox: { "FdAccess": { "path": "2f646174612f646174612f6f72672e647268752e69526164696f2f7368617265645f70726566732f636f6d2e6170706c6f76696e2e73646b2e312e786d6c", "id": "1128297214" } }
W/DroidBox( 1019): DroidBox: { "FileRW": { "operation": "write", "data": "3c3f786d6c2076657273696f6e3d27312e302720656e636f64696e673d277574662d3827207374616e64616c6f6e653d2779657327203f3e0a3c6d61703e0a3c737472696e67206e616d653d227374617473223e7b2671756f743b696e69745f73746172", "id": "1128297214" } }
W/dalvikvm( 1019): DroidBox: { "FdAccess": { "path": "2f646174612f646174612f6f72672e647268752e69526164696f2f7368617265645f70726566732f636f6d2e6170706c6f76696e2e73646b2e312e786d6c", "id": "750238098" } }
W/DroidBox( 1019): DroidBox: { "FileRW": { "operation": "write", "data": "3c3f786d6c2076657273696f6e3d27312e302720656e636f64696e673d277574662d3827207374616e64616c6f6e653d2779657327203f3e0a3c6d61703e0a3c737472696e67206e616d653d227374617473223e7b2671756f743b696e69745f73746172", "id": "750238098" } }
W/dalvikvm( 1019): DroidBox: { "FdAccess": { "path": "2f646174612f646174612f6f72672e647268752e69526164696f2f7368617265645f70726566732f636f6d2e6170706c6f76696e2e73646b2e312e786d6c", "id": "539452239" } }
W/DroidBox( 1019): DroidBox: { "FileRW": { "operation": "write", "data": "3c3f786d6c2076657273696f6e3d27312e302720656e636f64696e673d277574662d3827207374616e64616c6f6e653d2779657327203f3e0a3c6d61703e0a3c737472696e67206e616d653d227374617473223e7b2671756f743b696e69745f73746172", "id": "539452239" } }
I/Chitika ( 1019): Ad failed to load.
W/dalvikvm( 1019): DroidBox: { "FdAccess": { "path": "706970653a5b353636305d", "id": "1737611724" } }
W/DroidBox( 1019): DroidBox: { "FileRW": { "operation": "read", "data": "50726f636573736f72093a2041524d76372050726f636573736f72207265762030202876376c290a426f676f4d495053093a203431352e33330a4665617475726573093a207377702068616c66207468756d6220666173746d756c742076667020656473", "id": "1737611724" } }
W/dalvikvm( 1019): DroidBox: { "FdAccess": { "path": "706970653a5b353636305d", "id": "523023249" } }
W/DroidBox( 1019): DroidBox: { "FileRW": { "operation": "read", "data": "50726f636573736f72093a2041524d76372050726f636573736f72207265762030202876376c290a426f676f4d495053093a203431352e33330a4665617475726573093a207377702068616c66207468756d6220666173746d756c742076667020656473", "id": "523023249" } }
W/dalvikvm( 1019): DroidBox: { "FdAccess": { "path": "2f646174612f646174612f6f72672e647268752e69526164696f2f7368617265645f70726566732f636f6d2e6170706c6f76696e2e73646b2e312e786d6c", "id": "750212653" } }
W/DroidBox( 1019): DroidBox: { "FileRW": { "operation": "write", "data": "3c3f786d6c2076657273696f6e3d27312e302720656e636f64696e673d277574662d3827207374616e64616c6f6e653d2779657327203f3e0a3c6d61703e0a3c737472696e67206e616d653d227374617473223e7b2671756f743b696e69745f73746172", "id": "750212653" } }
I/InstallTracker( 1019): Install track failed: IOException (no signal?)
E/b       ( 1019): Unexpected error!!!
E/b       ( 1019): Exception!!! 
D/b       ( 1019): After executing commands
W/dalvikvm( 1019): DroidBox: { "FdAccess": { "path": "2f646174612f646174612f6f72672e647268752e69526164696f2f7368617265645f70726566732f636f6d2e617070657268616e642e706172616d65746572732e786d6c", "id": "734484218" } }
W/DroidBox( 1019): DroidBox: { "FileRW": { "operation": "write", "data": "3c3f786d6c2076657273696f6e3d27312e302720656e636f64696e673d277574662d3827207374616e64616c6f6e653d2779657327203f3e0a3c6d6170202f3e0a", "id": "734484218" } }
W/dalvikvm( 1019): DroidBox: { "FdAccess": { "path": "2f646174612f646174612f6f72672e647268752e69526164696f2f7368617265645f70726566732f636f6d2e617070657268616e642e676c6f62616c2e786d6c", "id": "1908843526" } }
W/DroidBox( 1019): DroidBox: { "FileRW": { "operation": "write", "data": "3c3f786d6c2076657273696f6e3d27312e302720656e636f64696e673d277574662d3827207374616e64616c6f6e653d2779657327203f3e0a3c6d61703e0a3c6c6f6e67206e616d653d224e4558545f52554e222076616c75653d223137333837373637", "id": "1908843526" } }
D/b       ( 1019): Next command is on [60] seconds
W/dalvikvm(  222): DroidBox: { "FdAccess": { "path": "2f70726f632f3232322f6e65742f78745f717461677569642f69666163655f737461745f616c6c", "id": "1833010124" } }
W/DroidBox(  222): DroidBox: { "FileRW": { "operation": "read", "data": "6c6f20312030203020302030203336333620353120333633362035310a6574683020312030203020302030203536303936363020363836362036353430343820343439300a00000000000000000000000000000000000000000000000000000000000000", "id": "1833010124" } }
W/dalvikvm(  222): DroidBox: { "FdAccess": { "path": "2f70726f632f3232322f6e65742f78745f717461677569642f69666163655f737461745f616c6c", "id": "1362624972" } }
W/DroidBox(  222): DroidBox: { "FileRW": { "operation": "read", "data": "343439300a3820343439300a343439300a343820343439300a300a300a300a300a300a343439300a39300a343439300a39300a343439300a300a300a300a300a300a39300a00000000000000000000000000000000000000000000000000000000000000", "id": "1362624972" } }
W/ThrottleService(  222): unable to find stats for iface rmnet0
E/ThrottleService(  222): Error reading data file
D/LBAdController( 1019): java.net.UnknownHostException: Unable to resolve host "ad.leadboltapps.net": No address associated with hostname
D/LBAdController( 1019): 	at java.net.InetAddress.lookupHostByName(InetAddress.java:424)
D/LBAdController( 1019): 	at java.net.InetAddress.getAllByNameImpl(InetAddress.java:236)
D/LBAdController( 1019): 	at java.net.InetAddress.getAllByName(InetAddress.java:214)
D/LBAdController( 1019): 	at org.apache.http.impl.conn.DefaultClientConnectionOperator.openConnection(DefaultClientConnectionOperator.java:137)
D/LBAdController( 1019): 	at org.apache.http.impl.conn.AbstractPoolEntry.open(AbstractPoolEntry.java:164)
D/LBAdController( 1019): 	at org.apache.http.impl.conn.AbstractPooledConnAdapter.open(AbstractPooledConnAdapter.java:119)
D/LBAdController( 1019): 	at org.apache.http.impl.client.DefaultRequestDirector.execute(DefaultRequestDirector.java:360)
D/LBAdController( 1019): 	at org.apache.http.impl.client.AbstractHttpClient.execute(AbstractHttpClient.java:555)
D/LBAdController( 1019): 	at org.apache.http.impl.client.AbstractHttpClient.execute(AbstractHttpClient.java:487)
D/LBAdController( 1019): 	at org.apache.http.impl.client.AbstractHttpClient.execute(AbstractHttpClient.java:465)
D/LBAdController( 1019): 	at com.Leadbolt.AdController.makeLBRequest(AdController.java:2262)
D/LBAdController( 1019): 	at com.Leadbolt.AdController.access$4(AdController.java:2129)
D/LBAdController( 1019): 	at com.Leadbolt.AdController$LBRequest.doInBackground(AdController.java:2497)
D/LBAdController( 1019): 	at com.Leadbolt.AdController$LBRequest.doInBackground(AdController.java:1)
D/LBAdController( 1019): 	at android.os.AsyncTask$2.call(AsyncTask.java:287)
D/LBAdController( 1019): 	at java.util.concurrent.FutureTask$Sync.innerRun(FutureTask.java:305)
D/LBAdController( 1019): 	at java.util.concurrent.FutureTask.run(FutureTask.java:137)
D/LBAdController( 1019): 	at java.util.concurrent.ThreadPoolExecutor.runWorker(ThreadPoolExecutor.java:1076)
D/LBAdController( 1019): 	at java.util.concurrent.ThreadPoolExecutor$Worker.run(ThreadPoolExecutor.java:569)
D/LBAdController( 1019): 	at java.lang.Thread.run(Thread.java:856)
D/LBAdController( 1019): Caused by: libcore.io.GaiException: getaddrinfo failed: EAI_NODATA (No address associated with hostname)
D/LBAdController( 1019): 	at libcore.io.Posix.getaddrinfo(Native Method)
D/LBAdController( 1019): 	at libcore.io.ForwardingOs.getaddrinfo(ForwardingOs.java:55)
D/LBAdController( 1019): 	at java.net.InetAddress.lookupHostByName(InetAddress.java:405)
D/LBAdController( 1019): 	... 19 more
D/LBAdController( 1019): Caused by: libcore.io.ErrnoException: getaddrinfo failed: ETIMEDOUT (Connection timed out)
D/LBAdController( 1019): 	... 22 more
W/dalvikvm( 1019): DroidBox: { "FdAccess": { "path": "2f646174612f646174612f6f72672e647268752e69526164696f2f7368617265645f70726566732f507265666572656e63652e786d6c", "id": "1732861198" } }
W/DroidBox( 1019): DroidBox: { "FileRW": { "operation": "write", "data": "3c3f786d6c2076657273696f6e3d27312e302720656e636f64696e673d277574662d3827207374616e64616c6f6e653d2779657327203f3e0a3c6d61703e0a3c6c6f6e67206e616d653d2253445f4e4f54494649434154494f4e5f524551554553544544", "id": "1732861198" } }
D/LBAdController( 1019): java.net.UnknownHostException: Unable to resolve host "ad.leadboltapps.net": No address associated with hostname
D/LBAdController( 1019): 	at java.net.InetAddress.lookupHostByName(InetAddress.java:394)
D/LBAdController( 1019): 	at java.net.InetAddress.getAllByNameImpl(InetAddress.java:236)
D/LBAdController( 1019): 	at java.net.InetAddress.getAllByName(InetAddress.java:214)
D/LBAdController( 1019): 	at org.apache.http.impl.conn.DefaultClientConnectionOperator.openConnection(DefaultClientConnectionOperator.java:137)
D/LBAdController( 1019): 	at org.apache.http.impl.conn.AbstractPoolEntry.open(AbstractPoolEntry.java:164)
D/LBAdController( 1019): 	at org.apache.http.impl.conn.AbstractPooledConnAdapter.open(AbstractPooledConnAdapter.java:119)
D/LBAdController( 1019): 	at org.apache.http.impl.client.DefaultRequestDirector.execute(DefaultRequestDirector.java:360)
D/LBAdController( 1019): 	at org.apache.http.impl.client.AbstractHttpClient.execute(AbstractHttpClient.java:555)
D/LBAdController( 1019): 	at org.apache.http.impl.client.AbstractHttpClient.execute(AbstractHttpClient.java:487)
D/LBAdController( 1019): 	at org.apache.http.impl.client.AbstractHttpClient.execute(AbstractHttpClient.java:465)
D/LBAdController( 1019): 	at com.Leadbolt.AdController.makeLBRequest(AdController.java:2262)
D/LBAdController( 1019): 	at com.Leadbolt.AdController.access$4(AdController.java:2129)
D/LBAdController( 1019): 	at com.Leadbolt.AdController$LBRequest.doInBackground(AdController.java:2497)
D/LBAdController( 1019): 	at com.Leadbolt.AdController$LBRequest.doInBackground(AdController.java:1)
D/LBAdController( 1019): 	at android.os.AsyncTask$2.call(AsyncTask.java:287)
D/LBAdController( 1019): 	at java.util.concurrent.FutureTask$Sync.innerRun(FutureTask.java:305)
D/LBAdController( 1019): 	at java.util.concurrent.FutureTask.run(FutureTask.java:137)
D/LBAdController( 1019): 	at java.util.concurrent.ThreadPoolExecutor.runWorker(ThreadPoolExecutor.java:1076)
D/LBAdController( 1019): 	at java.util.concurrent.ThreadPoolExecutor$Worker.run(ThreadPoolExecutor.java:569)
D/LBAdController( 1019): 	at java.lang.Thread.run(Thread.java:856)
W/dalvikvm( 1019): DroidBox: { "FdAccess": { "path": "2f646174612f646174612f6f72672e647268752e69526164696f2f7368617265645f70726566732f507265666572656e63652e786d6c", "id": "56860108" } }
W/DroidBox( 1019): DroidBox: { "FileRW": { "operation": "write", "data": "3c3f786d6c2076657273696f6e3d27312e302720656e636f64696e673d277574662d3827207374616e64616c6f6e653d2779657327203f3e0a3c6d61703e0a3c6c6f6e67206e616d653d2253445f4e4f54494649434154494f4e5f524551554553544544", "id": "56860108" } }
D/LBAdController( 1019): java.net.UnknownHostException: Unable to resolve host "ad.leadboltapps.net": No address associated with hostname
D/LBAdController( 1019): 	at java.net.InetAddress.lookupHostByName(InetAddress.java:394)
D/LBAdController( 1019): 	at java.net.InetAddress.getAllByNameImpl(InetAddress.java:236)
D/LBAdController( 1019): 	at java.net.InetAddress.getAllByName(InetAddress.java:214)
D/LBAdController( 1019): 	at org.apache.http.impl.conn.DefaultClientConnectionOperator.openConnection(DefaultClientConnectionOperator.java:137)
D/LBAdController( 1019): 	at org.apache.http.impl.conn.AbstractPoolEntry.open(AbstractPoolEntry.java:164)
D/LBAdController( 1019): 	at org.apache.http.impl.conn.AbstractPooledConnAdapter.open(AbstractPooledConnAdapter.java:119)
D/LBAdController( 1019): 	at org.apache.http.impl.client.DefaultRequestDirector.execute(DefaultRequestDirector.java:360)
D/LBAdController( 1019): 	at org.apache.http.impl.client.AbstractHttpClient.execute(AbstractHttpClient.java:555)
D/LBAdController( 1019): 	at org.apache.http.impl.client.AbstractHttpClient.execute(AbstractHttpClient.java:487)
D/LBAdController( 1019): 	at org.apache.http.impl.client.AbstractHttpClient.execute(AbstractHttpClient.java:465)
D/LBAdController( 1019): 	at com.Leadbolt.AdController.makeLBRequest(AdController.java:2262)
D/LBAdController( 1019): 	at com.Leadbolt.AdController.access$4(AdController.java:2129)
D/LBAdController( 1019): 	at com.Leadbolt.AdController$LBRequest.doInBackground(AdController.java:2497)
D/LBAdController( 1019): 	at com.Leadbolt.AdController$LBRequest.doInBackground(AdController.java:1)
D/LBAdController( 1019): 	at android.os.AsyncTask$2.call(AsyncTask.java:287)
D/LBAdController( 1019): 	at java.util.concurrent.FutureTask$Sync.innerRun(FutureTask.java:305)
D/LBAdController( 1019): 	at java.util.concurrent.FutureTask.run(FutureTask.java:137)
D/LBAdController( 1019): 	at java.util.concurrent.ThreadPoolExecutor.runWorker(ThreadPoolExecutor.java:1076)
D/LBAdController( 1019): 	at java.util.concurrent.ThreadPoolExecutor$Worker.run(ThreadPoolExecutor.java:569)
D/LBAdController( 1019): 	at java.lang.Thread.run(Thread.java:856)
W/dalvikvm( 1019): DroidBox: { "FdAccess": { "path": "2f646174612f646174612f6f72672e647268752e69526164696f2f7368617265645f70726566732f507265666572656e63652e786d6c", "id": "333692206" } }
W/DroidBox( 1019): DroidBox: { "FileRW": { "operation": "write", "data": "3c3f786d6c2076657273696f6e3d27312e302720656e636f64696e673d277574662d3827207374616e64616c6f6e653d2779657327203f3e0a3c6d61703e0a3c6c6f6e67206e616d653d2253445f4e4f54494649434154494f4e5f524551554553544544", "id": "333692206" } }
D/LBAdController( 1019): java.net.UnknownHostException: Unable to resolve host "ad.leadboltapps.net": No address associated with hostname
D/LBAdController( 1019): 	at java.net.InetAddress.lookupHostByName(InetAddress.java:394)
D/LBAdController( 1019): 	at java.net.InetAddress.getAllByNameImpl(InetAddress.java:236)
D/LBAdController( 1019): 	at java.net.InetAddress.getAllByName(InetAddress.java:214)
D/LBAdController( 1019): 	at org.apache.http.impl.conn.DefaultClientConnectionOperator.openConnection(DefaultClientConnectionOperator.java:137)
D/LBAdController( 1019): 	at org.apache.http.impl.conn.AbstractPoolEntry.open(AbstractPoolEntry.java:164)
D/LBAdController( 1019): 	at org.apache.http.impl.conn.AbstractPooledConnAdapter.open(AbstractPooledConnAdapter.java:119)
D/LBAdController( 1019): 	at org.apache.http.impl.client.DefaultRequestDirector.execute(DefaultRequestDirector.java:360)
D/LBAdController( 1019): 	at org.apache.http.impl.client.AbstractHttpClient.execute(AbstractHttpClient.java:555)
D/LBAdController( 1019): 	at org.apache.http.impl.client.AbstractHttpClient.execute(AbstractHttpClient.java:487)
D/LBAdController( 1019): 	at org.apache.http.impl.client.AbstractHttpClient.execute(AbstractHttpClient.java:465)
D/LBAdController( 1019): 	at com.Leadbolt.AdController.makeLBRequest(AdController.java:2262)
D/LBAdController( 1019): 	at com.Leadbolt.AdController.access$4(AdController.java:2129)
D/LBAdController( 1019): 	at com.Leadbolt.AdController$LBRequest.doInBackground(AdController.java:2497)
D/LBAdController( 1019): 	at com.Leadbolt.AdController$LBRequest.doInBackground(AdController.java:1)
D/LBAdController( 1019): 	at android.os.AsyncTask$2.call(AsyncTask.java:287)
D/LBAdController( 1019): 	at java.util.concurrent.FutureTask$Sync.innerRun(FutureTask.java:305)
D/LBAdController( 1019): 	at java.util.concurrent.FutureTask.run(FutureTask.java:137)
D/LBAdController( 1019): 	at java.util.concurrent.ThreadPoolExecutor.runWorker(ThreadPoolExecutor.java:1076)
D/LBAdController( 1019): 	at java.util.concurrent.ThreadPoolExecutor$Worker.run(ThreadPoolExecutor.java:569)
D/LBAdController( 1019): 	at java.lang.Thread.run(Thread.java:856)
W/dalvikvm( 1019): DroidBox: { "FdAccess": { "path": "2f646174612f646174612f6f72672e647268752e69526164696f2f7368617265645f70726566732f507265666572656e63652e786d6c", "id": "1030706281" } }
W/DroidBox( 1019): DroidBox: { "FileRW": { "operation": "write", "data": "3c3f786d6c2076657273696f6e3d27312e302720656e636f64696e673d277574662d3827207374616e64616c6f6e653d2779657327203f3e0a3c6d61703e0a3c6c6f6e67206e616d653d2253445f4e4f54494649434154494f4e5f524551554553544544", "id": "1030706281" } }
D/LBAdController( 1019): java.net.UnknownHostException: Unable to resolve host "ad.leadboltapps.net": No address associated with hostname
D/LBAdController( 1019): 	at java.net.InetAddress.lookupHostByName(InetAddress.java:394)
D/LBAdController( 1019): 	at java.net.InetAddress.getAllByNameImpl(InetAddress.java:236)
D/LBAdController( 1019): 	at java.net.InetAddress.getAllByName(InetAddress.java:214)
D/LBAdController( 1019): 	at org.apache.http.impl.conn.DefaultClientConnectionOperator.openConnection(DefaultClientConnectionOperator.java:137)
D/LBAdController( 1019): 	at org.apache.http.impl.conn.AbstractPoolEntry.open(AbstractPoolEntry.java:164)
D/LBAdController( 1019): 	at org.apache.http.impl.conn.AbstractPooledConnAdapter.open(AbstractPooledConnAdapter.java:119)
D/LBAdController( 1019): 	at org.apache.http.impl.client.DefaultRequestDirector.execute(DefaultRequestDirector.java:360)
D/LBAdController( 1019): 	at org.apache.http.impl.client.AbstractHttpClient.execute(AbstractHttpClient.java:555)
D/LBAdController( 1019): 	at org.apache.http.impl.client.AbstractHttpClient.execute(AbstractHttpClient.java:487)
D/LBAdController( 1019): 	at org.apache.http.impl.client.AbstractHttpClient.execute(AbstractHttpClient.java:465)
D/LBAdController( 1019): 	at com.Leadbolt.AdController.makeLBRequest(AdController.java:2262)
D/LBAdController( 1019): 	at com.Leadbolt.AdController.access$4(AdController.java:2129)
D/LBAdController( 1019): 	at com.Leadbolt.AdController$LBRequest.doInBackground(AdController.java:2497)
D/LBAdController( 1019): 	at com.Leadbolt.AdController$LBRequest.doInBackground(AdController.java:1)
D/LBAdController( 1019): 	at android.os.AsyncTask$2.call(AsyncTask.java:287)
D/LBAdController( 1019): 	at java.util.concurrent.FutureTask$Sync.innerRun(FutureTask.java:305)
