D/InputEventConsistencyVerifier( 1254):   5: sent at 358548000000, MotionEvent { action=ACTION_UP, id[0]=0, x[0]=174.0, y[0]=485.0, toolType[0]=TOOL_TYPE_UNKNOWN, buttonState=0, metaState=0, flags=0x0, edgeFlags=0x0, pointerCount=1, historySize=0, eventTime=358548, downTime=358541, deviceId=0, source=0x1002 }
I/Choreographer( 1254): Skipped 134 frames!  The application may be doing too much work on its main thread.
W/InputMethodManagerService(  231): Window already focused, ignoring focus gain of: com.android.internal.view.IInputMethodClient$Stub$Proxy@b4123788 attribute=null
D/InputEventConsistencyVerifier( 1254): TrackballEvent: Trackball is down but pressure is not greater than 0.
D/InputEventConsistencyVerifier( 1254):   in android.view.ViewRootImpl@b3f4d938
D/InputEventConsistencyVerifier( 1254):   0: sent at 360246000000, MotionEvent { action=ACTION_DOWN, id[0]=0, x[0]=0.0, y[0]=0.0, toolType[0]=TOOL_TYPE_UNKNOWN, buttonState=0, metaState=0, flags=0x0, edgeFlags=0x0, pointerCount=1, historySize=0, eventTime=360246, downTime=360199, deviceId=0, source=0x10004 }
D/InputEventConsistencyVerifier( 1254):   -- recent events --
D/InputEventConsistencyVerifier( 1254):   1: sent at 360242000000, MotionEvent { action=ACTION_MOVE, id[0]=0, x[0]=3.0, y[0]=1.0, toolType[0]=TOOL_TYPE_UNKNOWN, buttonState=0, metaState=0, flags=0x0, edgeFlags=0x0, pointerCount=1, historySize=9, eventTime=360242, downTime=-1, deviceId=0, source=0x10004 }
D/InputEventConsistencyVerifier( 1254):   2: sent at 360175000000, KeyEvent { action=ACTION_UP, keyCode=KEYCODE_K, scanCode=0, metaState=0, flags=0x8, repeatCount=0, eventTime=360175, downTime=360175, deviceId=-1, source=0x101 }
D/InputEventConsistencyVerifier( 1254):   3: sent at 360157000000, KeyEvent { action=ACTION_DOWN, keyCode=KEYCODE_K, scanCode=0, metaState=0, flags=0x8, repeatCount=0, eventTime=360157, downTime=360157, deviceId=-1, source=0x101 }
D/InputEventConsistencyVerifier( 1254):   4: sent at 360137000000, KeyEvent { action=ACTION_UP, keyCode=KEYCODE_DPAD_LEFT, scanCode=0, metaState=0, flags=0x8, repeatCount=0, eventTime=360137, downTime=360137, deviceId=-1, source=0x101 }
D/InputEventConsistencyVerifier( 1254):   5: sent at 360115000000, KeyEvent { action=ACTION_DOWN, keyCode=KEYCODE_DPAD_LEFT, scanCode=0, metaState=0, flags=0x8, repeatCount=0, eventTime=360115, downTime=360115, deviceId=-1, source=0x101 }
I/dalvikvm-heap( 1254): Grow heap (frag case) to 35.952MB for 2951836-byte allocation
I/Choreographer( 1254): Skipped 80 frames!  The application may be doing too much work on its main thread.
I/dalvikvm-heap( 1254): Grow heap (frag case) to 36.355MB for 3249916-byte allocation
I/Choreographer( 1254): Skipped 81 frames!  The application may be doing too much work on its main thread.
D/InputEventConsistencyVerifier( 1254): KeyEvent: ACTION_UP but key was not down.
D/InputEventConsistencyVerifier( 1254):   in com.android.internal.policy.impl.PhoneWindow$DecorView@b4d4ea38
D/InputEventConsistencyVerifier( 1254):   0: sent at 361476000000, KeyEvent { action=ACTION_UP, keyCode=KEYCODE_DPAD_CENTER, scanCode=0, metaState=0, flags=0x8, repeatCount=0, eventTime=361476, downTime=361476, deviceId=-1, source=0x101 }
D/InputEventConsistencyVerifier( 1254):   -- recent events --
D/InputEventConsistencyVerifier( 1254):   1: sent at 361452000000, (unhandled) KeyEvent { action=ACTION_UP, keyCode=KEYCODE_DPAD_UP, scanCode=0, metaState=0, flags=0x8, repeatCount=0, eventTime=361452, downTime=361452, deviceId=-1, source=0x101 }
D/InputEventConsistencyVerifier( 1254):   2: sent at 361435000000, (unhandled) KeyEvent { action=ACTION_DOWN, keyCode=KEYCODE_DPAD_UP, scanCode=0, metaState=0, flags=0x8, repeatCount=0, eventTime=361435, downTime=361435, deviceId=-1, source=0x101 }
D/InputEventConsistencyVerifier( 1254):   3: sent at 361398000000, (unhandled) KeyEvent { action=ACTION_UP, keyCode=KEYCODE_MENU, scanCode=0, metaState=0, flags=0x8, repeatCount=0, eventTime=361398, downTime=361398, deviceId=-1, source=0x101 }
D/InputEventConsistencyVerifier( 1254):   4: sent at 361034000000, (unhandled) KeyEvent { action=ACTION_DOWN, keyCode=KEYCODE_MENU, scanCode=0, metaState=0, flags=0x8, repeatCount=0, eventTime=361034, downTime=361034, deviceId=-1, source=0x101 }
D/InputEventConsistencyVerifier( 1254):   5: sent at 359650000000, (unhandled) MotionEvent { action=ACTION_UP, id[0]=0, x[0]=313.0, y[0]=-675.0, toolType[0]=TOOL_TYPE_UNKNOWN, buttonState=0, metaState=0, flags=0x0, edgeFlags=0x0, pointerCount=1, historySize=0, eventTime=359650, downTime=359642, deviceId=0, source=0x1002 }
I/Choreographer( 1254): Skipped 56 frames!  The application may be doing too much work on its main thread.
W/InputMethodManagerService(  231): Window already focused, ignoring focus gain of: com.android.internal.view.IInputMethodClient$Stub$Proxy@b41ad910 attribute=null
I/dalvikvm-heap( 1254): Grow heap (frag case) to 36.312MB for 3212656-byte allocation
I/dalvikvm-heap( 1254): Grow heap (frag case) to 35.626MB for 2719996-byte allocation
I/Choreographer( 1254): Skipped 164 frames!  The application may be doing too much work on its main thread.
I/dalvikvm-heap( 1254): Grow heap (frag case) to 36.305MB for 3212656-byte allocation
I/Choreographer( 1254): Skipped 154 frames!  The application may be doing too much work on its main thread.
W/WindowManager(  231): Failure taking screenshot for (246x410) to layer 21050
I/dalvikvm-heap( 1254): Grow heap (frag case) to 35.626MB for 2719996-byte allocation
I/dalvikvm-heap( 1254): Grow heap (frag case) to 36.304MB for 3212656-byte allocation
I/Choreographer( 1254): Skipped 175 frames!  The application may be doing too much work on its main thread.
V/PhoneStatusBar(  427): setLightsOn(true)
D/InputEventConsistencyVerifier( 1254): KeyEvent: ACTION_UP but key was not down.
D/InputEventConsistencyVerifier( 1254):   in android.view.ViewRootImpl@b4523e28
D/InputEventConsistencyVerifier( 1254):   0: sent at 364299000000, KeyEvent { action=ACTION_UP, keyCode=KEYCODE_DPAD_LEFT, scanCode=0, metaState=0, flags=0x8, repeatCount=0, eventTime=364299, downTime=364299, deviceId=-1, source=0x101 }
D/InputEventConsistencyVerifier( 1254):   -- recent events --
D/InputEventConsistencyVerifier( 1254):   1: sent at 351676000000, KeyEvent { action=ACTION_UP, keyCode=KEYCODE_MENU, scanCode=0, metaState=0, flags=0x28, repeatCount=0, eventTime=351676, downTime=351059, deviceId=-1, source=0x101 }
D/InputEventConsistencyVerifier( 1254):   2: sent at 351059000000, KeyEvent { action=ACTION_DOWN, keyCode=KEYCODE_MENU, scanCode=0, metaState=0, flags=0x8, repeatCount=0, eventTime=351059, downTime=351059, deviceId=-1, source=0x101 }
D/InputEventConsistencyVerifier( 1254):   3: sent at 350862000000, KeyEvent { action=ACTION_UP, keyCode=KEYCODE_DPAD_LEFT, scanCode=0, metaState=0, flags=0x8, repeatCount=0, eventTime=350862, downTime=350862, deviceId=-1, source=0x101 }
D/InputEventConsistencyVerifier( 1254):   4: sent at 350858000000, KeyEvent { action=ACTION_DOWN, keyCode=KEYCODE_DPAD_LEFT, scanCode=0, metaState=0, flags=0x8, repeatCount=0, eventTime=350858, downTime=350858, deviceId=-1, source=0x101 }
D/InputEventConsistencyVerifier( 1254):   5: sent at 350817000000, MotionEvent { action=ACTION_UP, id[0]=0, x[0]=380.0, y[0]=138.0, toolType[0]=TOOL_TYPE_UNKNOWN, buttonState=0, metaState=0, flags=0x0, edgeFlags=0x0, pointerCount=1, historySize=0, eventTime=350817, downTime=350809, deviceId=0, source=0x1002 }
I/Choreographer( 1254): Skipped 36 frames!  The application may be doing too much work on its main thread.
D/InputEventConsistencyVerifier( 1254): KeyEvent: ACTION_UP but key was not down.
D/InputEventConsistencyVerifier( 1254):   in com.android.internal.policy.impl.PhoneWindow$DecorView@b452ec38
D/InputEventConsistencyVerifier( 1254):   0: sent at 365598000000, KeyEvent { action=ACTION_UP, keyCode=KEYCODE_DPAD_CENTER, scanCode=0, metaState=0, flags=0x8, repeatCount=0, eventTime=365598, downTime=365598, deviceId=-1, source=0x101 }
D/InputEventConsistencyVerifier( 1254):   -- recent events --
D/InputEventConsistencyVerifier( 1254):   1: sent at 365557000000, (unhandled) MotionEvent { action=ACTION_UP, id[0]=0, x[0]=335.0, y[0]=-298.0, toolType[0]=TOOL_TYPE_UNKNOWN, buttonState=0, metaState=0, flags=0x0, edgeFlags=0x0, pointerCount=1, historySize=0, eventTime=365557, downTime=365515, deviceId=0, source=0x1002 }
D/InputEventConsistencyVerifier( 1254):   2: sent at 365515000000, MotionEvent { action=ACTION_DOWN, id[0]=0, x[0]=342.0, y[0]=-301.0, toolType[0]=TOOL_TYPE_UNKNOWN, buttonState=0, metaState=0, flags=0x0, edgeFlags=0x0, pointerCount=1, historySize=0, eventTime=365515, downTime=365515, deviceId=0, source=0x1002 }
D/InputEventConsistencyVerifier( 1254):   3: sent at 365564000000, (unhandled) KeyEvent { action=ACTION_UP, keyCode=KEYCODE_DPAD_UP, scanCode=0, metaState=0, flags=0x400, repeatCount=0, eventTime=365564, downTime=365564, deviceId=-1, source=0x101 }
D/InputEventConsistencyVerifier( 1254):   4: sent at 365564000000, (unhandled) KeyEvent { action=ACTION_DOWN, keyCode=KEYCODE_DPAD_UP, scanCode=0, metaState=0, flags=0x400, repeatCount=0, eventTime=365564, downTime=365564, deviceId=-1, source=0x101 }
D/InputEventConsistencyVerifier( 1254):   5: sent at 365560000000, (unhandled) KeyEvent { action=ACTION_UP, keyCode=KEYCODE_DPAD_UP, scanCode=0, metaState=0, flags=0x400, repeatCount=0, eventTime=365560, downTime=365560, deviceId=-1, source=0x101 }
I/ActivityManager(  231): START {act=android.intent.action.MAIN cat=[android.intent.category.LAUNCHER] flg=0x10200000 cmp=com.japanese.hot.girl/.SexyImages u=0} from pid 1003
D/InputEventConsistencyVerifier( 1254): KeyEvent: ACTION_UP but key was not down.
D/InputEventConsistencyVerifier( 1254):   in android.view.ViewRootImpl@b4523e28
D/InputEventConsistencyVerifier( 1254):   0: sent at 365950000000, KeyEvent { action=ACTION_UP, keyCode=KEYCODE_DPAD_UP, scanCode=0, metaState=0, flags=0x8, repeatCount=0, eventTime=365950, downTime=365950, deviceId=-1, source=0x101 }
D/InputEventConsistencyVerifier( 1254):   -- recent events --
D/InputEventConsistencyVerifier( 1254):   1: sent at 365268000000, KeyEvent { action=ACTION_UP, keyCode=KEYCODE_MENU, scanCode=0, metaState=0, flags=0x8, repeatCount=0, eventTime=365268, downTime=365268, deviceId=-1, source=0x101 }
D/InputEventConsistencyVerifier( 1254):   2: sent at 365197000000, KeyEvent { action=ACTION_DOWN, keyCode=KEYCODE_MENU, scanCode=0, metaState=0, flags=0x8, repeatCount=0, eventTime=365197, downTime=365197, deviceId=-1, source=0x101 }
D/InputEventConsistencyVerifier( 1254):   3: sent at 365166000000, KeyEvent { action=ACTION_UP, keyCode=KEYCODE_DPAD_DOWN, scanCode=0, metaState=0, flags=0x8, repeatCount=0, eventTime=365166, downTime=365166, deviceId=-1, source=0x101 }
D/InputEventConsistencyVerifier( 1254):   4: sent at 365049000000, KeyEvent { action=ACTION_DOWN, keyCode=KEYCODE_DPAD_DOWN, scanCode=0, metaState=0, flags=0x8, repeatCount=0, eventTime=365049, downTime=365049, deviceId=-1, source=0x101 }
D/InputEventConsistencyVerifier( 1254):   5: sent at 364710000000, KeyEvent { action=ACTION_UP, keyCode=KEYCODE_DPAD_DOWN, scanCode=0, metaState=0, flags=0x8, repeatCount=0, eventTime=364710, downTime=364710, deviceId=-1, source=0x101 }
I/Choreographer( 1254): Skipped 93 frames!  The application may be doing too much work on its main thread.
W/InputMethodManagerService(  231): Window already focused, ignoring focus gain of: com.android.internal.view.IInputMethodClient$Stub$Proxy@b4004680 attribute=null
I/ActivityManager(  231): START {cmp=com.japanese.hot.girl/.ShowImage (has extras) u=0} from pid 1254
W/WindowManager(  231): Failure taking screenshot for (246x410) to layer 21045
I/dalvikvm-heap( 1254): Grow heap (frag case) to 39.474MB for 3249916-byte allocation
V/PhoneStatusBar(  427): setLightsOn(true)
I/Choreographer( 1254): Skipped 67 frames!  The application may be doing too much work on its main thread.
I/ActivityManager(  231): Displayed com.japanese.hot.girl/.ShowImage: +848ms
I/Choreographer(  231): Skipped 34 frames!  The application may be doing too much work on its main thread.
I/Choreographer( 1254): Skipped 34 frames!  The application may be doing too much work on its main thread.
I/Choreographer(  231): Skipped 36 frames!  The application may be doing too much work on its main thread.
W/InputMethodManagerService(  231): Window already focused, ignoring focus gain of: com.android.internal.view.IInputMethodClient$Stub$Proxy@b41c83a0 attribute=null
D/InputEventConsistencyVerifier( 1254): KeyEvent: ACTION_UP but key was not down.
D/InputEventConsistencyVerifier( 1254):   in android.view.ViewRootImpl@b4531828
D/InputEventConsistencyVerifier( 1254):   0: sent at 369237000000, KeyEvent { action=ACTION_UP, keyCode=KEYCODE_DPAD_RIGHT, scanCode=0, metaState=0, flags=0x8, repeatCount=0, eventTime=369237, downTime=369237, deviceId=-1, source=0x101 }
D/InputEventConsistencyVerifier( 1254):   -- recent events --
D/InputEventConsistencyVerifier( 1254):   1: sent at 367322000000, KeyEvent { action=ACTION_UP, keyCode=KEYCODE_MENU, scanCode=0, metaState=0, flags=0x8, repeatCount=0, eventTime=367322, downTime=367322, deviceId=-1, source=0x101 }
D/InputEventConsistencyVerifier( 1254):   2: sent at 367199000000, KeyEvent { action=ACTION_DOWN, keyCode=KEYCODE_MENU, scanCode=0, metaState=0, flags=0x8, repeatCount=0, eventTime=367199, downTime=367199, deviceId=-1, source=0x101 }
D/InputEventConsistencyVerifier( 1254):   3: sent at 367310000000, KeyEvent { action=ACTION_UP, keyCode=KEYCODE_DPAD_LEFT, scanCode=0, metaState=0, flags=0x400, repeatCount=0, eventTime=367310, downTime=367310, deviceId=-1, source=0x101 }
D/InputEventConsistencyVerifier( 1254):   4: sent at 367310000000, KeyEvent { action=ACTION_DOWN, keyCode=KEYCODE_DPAD_LEFT, scanCode=0, metaState=0, flags=0x400, repeatCount=0, eventTime=367310, downTime=367310, deviceId=-1, source=0x101 }
D/InputEventConsistencyVerifier( 1254):   5: sent at 367307000000, KeyEvent { action=ACTION_UP, keyCode=KEYCODE_DPAD_LEFT, scanCode=0, metaState=0, flags=0x400, repeatCount=0, eventTime=367307, downTime=367307, deviceId=-1, source=0x101 }
I/Choreographer( 1254): Skipped 83 frames!  The application may be doing too much work on its main thread.
I/dalvikvm-heap( 1254): Grow heap (frag case) to 38.799MB for 2719996-byte allocation
I/Choreographer( 1254): Skipped 100 frames!  The application may be doing too much work on its main thread.
D/InputEventConsistencyVerifier( 1254): TrackballEvent: Trackball is down but pressure is not greater than 0.
D/InputEventConsistencyVerifier( 1254):   in android.view.ViewRootImpl@b4531828
D/InputEventConsistencyVerifier( 1254):   0: sent at 370841000000, MotionEvent { action=ACTION_DOWN, id[0]=0, x[0]=0.0, y[0]=0.0, toolType[0]=TOOL_TYPE_UNKNOWN, buttonState=0, metaState=0, flags=0x0, edgeFlags=0x0, pointerCount=1, historySize=0, eventTime=370841, downTime=370807, deviceId=0, source=0x10004 }
D/InputEventConsistencyVerifier( 1254):   -- recent events --
D/InputEventConsistencyVerifier( 1254):   1: sent at 370832000000, MotionEvent { action=ACTION_MOVE, id[0]=0, x[0]=3.0, y[0]=-5.0, toolType[0]=TOOL_TYPE_UNKNOWN, buttonState=0, metaState=0, flags=0x0, edgeFlags=0x0, pointerCount=1, historySize=9, eventTime=370832, downTime=-1, deviceId=0, source=0x10004 }
D/InputEventConsistencyVerifier( 1254):   2: sent at 370721000000, KeyEvent { action=ACTION_UP, keyCode=KEYCODE_SHIFT_LEFT, scanCode=0, metaState=0, flags=0x8, repeatCount=0, eventTime=370721, downTime=370721, deviceId=-1, source=0x101 }
D/InputEventConsistencyVerifier( 1254):   3: sent at 370315000000, KeyEvent { action=ACTION_DOWN, keyCode=KEYCODE_SHIFT_LEFT, scanCode=0, metaState=0, flags=0x8, repeatCount=0, eventTime=370315, downTime=370315, deviceId=-1, source=0x101 }
D/InputEventConsistencyVerifier( 1254):   4: sent at 370308000000, MotionEvent { action=ACTION_UP, id[0]=0, x[0]=328.0, y[0]=383.0, toolType[0]=TOOL_TYPE_UNKNOWN, buttonState=0, metaState=0, flags=0x0, edgeFlags=0x0, pointerCount=1, historySize=0, eventTime=370308, downTime=370300, deviceId=0, source=0x1002 }
D/InputEventConsistencyVerifier( 1254):   5: sent at 370301000000, MotionEvent { action=ACTION_DOWN, id[0]=0, x[0]=326.0, y[0]=384.0, toolType[0]=TOOL_TYPE_UNKNOWN, buttonState=0, metaState=0, flags=0x0, edgeFlags=0x0, pointerCount=1, historySize=0, eventTime=370301, downTime=370300, deviceId=0, source=0x1002 }
I/ActivityManager(  231): START {act=android.intent.action.MAIN cat=[android.intent.category.LAUNCHER] flg=0x10200000 cmp=com.japanese.hot.girl/.SexyImages u=0} from pid 1003
I/dalvikvm-heap( 1254): Grow heap (frag case) to 36.329MB for 3212656-byte allocation
I/Choreographer( 1254): Skipped 77 frames!  The application may be doing too much work on its main thread.
D/InputEventConsistencyVerifier( 1254): KeyEvent: ACTION_UP but key was not down.
D/InputEventConsistencyVerifier( 1254):   in com.android.internal.view.menu.IconMenuItemView@b3edc1f8
D/InputEventConsistencyVerifier( 1254):   0: sent at 371901000000, KeyEvent { action=ACTION_UP, keyCode=KEYCODE_GUIDE, scanCode=0, metaState=0, flags=0x8, repeatCount=0, eventTime=371901, downTime=371901, deviceId=-1, source=0x101 }
D/InputEventConsistencyVerifier( 1254):   -- recent events --
D/InputEventConsistencyVerifier( 1254):   1: sent at 368629000000, (unhandled) KeyEvent { action=ACTION_UP, keyCode=KEYCODE_DPAD_UP, scanCode=0, metaState=0, flags=0x8, repeatCount=0, eventTime=368629, downTime=368629, deviceId=-1, source=0x101 }
D/InputEventConsistencyVerifier( 1254):   2: sent at 368618000000, (unhandled) KeyEvent { action=ACTION_DOWN, keyCode=KEYCODE_DPAD_UP, scanCode=0, metaState=0, flags=0x8, repeatCount=0, eventTime=368618, downTime=368618, deviceId=-1, source=0x101 }
D/InputEventConsistencyVerifier( 1254):   3: sent at 368610000000, (unhandled) KeyEvent { action=ACTION_UP, keyCode=KEYCODE_DPAD_RIGHT, scanCode=0, metaState=0, flags=0x8, repeatCount=0, eventTime=368610, downTime=368610, deviceId=-1, source=0x101 }
D/InputEventConsistencyVerifier( 1254):   4: sent at 368590000000, (unhandled) KeyEvent { action=ACTION_DOWN, keyCode=KEYCODE_DPAD_RIGHT, scanCode=0, metaState=0, flags=0x8, repeatCount=0, eventTime=368590, downTime=368590, deviceId=-1, source=0x101 }
D/InputEventConsistencyVerifier( 1254):   5: sent at 368511000000, (unhandled) KeyEvent { action=ACTION_UP, keyCode=KEYCODE_MENU, scanCode=0, metaState=0, flags=0x8, repeatCount=0, eventTime=368511, downTime=368511, deviceId=-1, source=0x101 }
I/dalvikvm-heap( 1254): Grow heap (frag case) to 35.663MB for 2719996-byte allocation
I/Choreographer( 1254): Skipped 116 frames!  The application may be doing too much work on its main thread.
W/InputMethodManagerService(  231): Window already focused, ignoring focus gain of: com.android.internal.view.IInputMethodClient$Stub$Proxy@b409eb50 attribute=null
I/ActivityManager(  231): START {act=android.intent.action.MAIN cat=[android.intent.category.HOME] flg=0x10200000 cmp=com.android.launcher/com.android.launcher2.Launcher u=0} from pid 231
I/dalvikvm-heap( 1254): Grow heap (frag case) to 36.341MB for 3212656-byte allocation
I/InputDispatcher(  231): Dropped event because of pending overdue app switch.
W/InputManager(  231): Input event injection from pid 1003 failed.
I/dalvikvm-heap( 1254): Grow heap (frag case) to 35.656MB for 2719996-byte allocation
I/dalvikvm-heap( 1254): Grow heap (frag case) to 36.334MB for 3212656-byte allocation
I/Choreographer( 1254): Skipped 261 frames!  The application may be doing too much work on its main thread.
D/InputEventConsistencyVerifier( 1254): KeyEvent: ACTION_UP but key was not down.
D/InputEventConsistencyVerifier( 1254):   in android.view.ViewRootImpl@b4531828
D/InputEventConsistencyVerifier( 1254):   0: sent at 373823000000, KeyEvent { action=ACTION_UP, keyCode=KEYCODE_BREAK, scanCode=0, metaState=0, flags=0x8, repeatCount=0, eventTime=373823, downTime=373823, deviceId=-1, source=0x101 }
D/InputEventConsistencyVerifier( 1254):   -- recent events --
D/InputEventConsistencyVerifier( 1254):   1: sent at 374297000000, KeyEvent { action=ACTION_UP, keyCode=KEYCODE_DPAD_LEFT, scanCode=0, metaState=0, flags=0x400, repeatCount=0, eventTime=374297, downTime=374297, deviceId=-1, source=0x101 }
D/InputEventConsistencyVerifier( 1254):   2: sent at 374297000000, KeyEvent { action=ACTION_DOWN, keyCode=KEYCODE_DPAD_LEFT, scanCode=0, metaState=0, flags=0x400, repeatCount=0, eventTime=374297, downTime=374297, deviceId=-1, source=0x101 }
D/InputEventConsistencyVerifier( 1254):   3: sent at 374296000000, KeyEvent { action=ACTION_UP, keyCode=KEYCODE_DPAD_LEFT, scanCode=0, metaState=0, flags=0x400, repeatCount=0, eventTime=374296, downTime=374296, deviceId=-1, source=0x101 }
D/InputEventConsistencyVerifier( 1254):   4: sent at 374296000000, KeyEvent { action=ACTION_DOWN, keyCode=KEYCODE_DPAD_LEFT, scanCode=0, metaState=0, flags=0x400, repeatCount=0, eventTime=374296, downTime=374296, deviceId=-1, source=0x101 }
D/InputEventConsistencyVerifier( 1254):   5: sent at 374295000000, KeyEvent { action=ACTION_UP, keyCode=KEYCODE_DPAD_LEFT, scanCode=0, metaState=0, flags=0x400, repeatCount=0, eventTime=374295, downTime=374295, deviceId=-1, source=0x101 }
I/dalvikvm-heap( 1254): Grow heap (frag case) to 35.656MB for 2719996-byte allocation
I/Choreographer( 1254): Skipped 90 frames!  The application may be doing too much work on its main thread.
I/dalvikvm-heap( 1254): Grow heap (frag case) to 36.333MB for 3212656-byte allocation
I/Choreographer( 1254): Skipped 80 frames!  The application may be doing too much work on its main thread.
I/ActivityManager(  231): START {act=android.intent.action.MAIN cat=[android.intent.category.HOME] flg=0x10200000 cmp=com.android.launcher/com.android.launcher2.Launcher u=0} from pid 231
I/dalvikvm-heap( 1254): Grow heap (frag case) to 35.656MB for 2719996-byte allocation
I/Choreographer( 1254): Skipped 75 frames!  The application may be doing too much work on its main thread.
I/InputDispatcher(  231): Dropped event because of pending overdue app switch.
W/InputManager(  231): Input event injection from pid 1003 failed.
I/ActivityManager(  231): START {cmp=com.japanese.hot.girl/.SexyImages u=0} from pid 1254
W/WindowManager(  231): Failure taking screenshot for (246x410) to layer 21050
I/Choreographer( 1254): Skipped 42 frames!  The application may be doing too much work on its main thread.
W/InputMethodManagerService(  231): Focus gain on non-focused client com.android.internal.view.IInputMethodClient$Stub$Proxy@b42c8c08 (uid=10050 pid=1254)
W/DroidBox( 1254): DroidBox: { "ServiceStart": { "name": "com.passionteam.lightdd.CoreService" } }
V/PhoneStatusBar(  427): setLightsOn(true)
D/InputEventConsistencyVerifier( 1254): KeyEvent: ACTION_UP but key was not down.
D/InputEventConsistencyVerifier( 1254):   in android.view.ViewRootImpl@b3ecc898
D/InputEventConsistencyVerifier( 1254):   0: sent at 376565000000, KeyEvent { action=ACTION_UP, keyCode=KEYCODE_DPAD_RIGHT, scanCode=0, metaState=0, flags=0x8, repeatCount=0, eventTime=376565, downTime=376565, deviceId=-1, source=0x101 }
I/Choreographer( 1254): Skipped 34 frames!  The application may be doing too much work on its main thread.
I/ActivityManager(  231): Displayed com.japanese.hot.girl/.SexyImages: +508ms
I/Choreographer( 1254): Skipped 70 frames!  The application may be doing too much work on its main thread.
I/ActivityManager(  231): START {cmp=com.japanese.hot.girl/.ShowImage (has extras) u=0} from pid 1254
W/WindowManager(  231): Failure taking screenshot for (246x410) to layer 21055
I/dalvikvm-heap( 1254): Grow heap (frag case) to 38.790MB for 2993236-byte allocation
V/PhoneStatusBar(  427): setLightsOn(true)
D/InputEventConsistencyVerifier( 1254): KeyEvent: ACTION_UP but key was not down.
D/InputEventConsistencyVerifier( 1254):   in android.view.ViewRootImpl@b417f068
D/InputEventConsistencyVerifier( 1254):   0: sent at 377566000000, KeyEvent { action=ACTION_UP, keyCode=KEYCODE_DPAD_DOWN, scanCode=0, metaState=0, flags=0x8, repeatCount=0, eventTime=377566, downTime=377566, deviceId=-1, source=0x101 }
I/Choreographer( 1254): Skipped 46 frames!  The application may be doing too much work on its main thread.
I/ActivityManager(  231): Displayed com.japanese.hot.girl/.ShowImage: +817ms
I/InputDispatcher(  231): Window 'Window{b3ee4c08 com.japanese.hot.girl/com.japanese.hot.girl.SexyImages paused=false}' spent 2122.4ms processing the last input event: KeyEvent(action=0, deviceId=-1, source=0x00000101)
I/Choreographer( 1254): Skipped 61 frames!  The application may be doing too much work on its main thread.
I/InputDispatcher(  231): Window 'Window{b3ee4c08 com.japanese.hot.girl/com.japanese.hot.girl.SexyImages paused=false}' spent 2039.6ms processing the last input event: KeyEvent(action=1, deviceId=-1, source=0x00000101)
W/DroidBox( 1117): DroidBox: { "ServiceStart": { "name": "com.android.music.MediaPlaybackService" } }
W/DroidBox( 1117): DroidBox: { "ServiceStart": { "name": "com.android.music.MediaPlaybackService" } }
I/dalvikvm-heap( 1254): Grow heap (frag case) to 38.733MB for 2939416-byte allocation
I/dalvikvm-heap( 1254): Grow heap (frag case) to 38.806MB for 2993236-byte allocation
I/Choreographer( 1254): Skipped 235 frames!  The application may be doing too much work on its main thread.
D/InputEventConsistencyVerifier( 1254): TrackballEvent: Trackball is down but pressure is not greater than 0.
D/InputEventConsistencyVerifier( 1254):   in android.view.ViewRootImpl@b417f068
D/InputEventConsistencyVerifier( 1254):   0: sent at 381547000000, MotionEvent { action=ACTION_DOWN, id[0]=0, x[0]=0.0, y[0]=0.0, toolType[0]=TOOL_TYPE_UNKNOWN, buttonState=0, metaState=0, flags=0x0, edgeFlags=0x0, pointerCount=1, historySize=0, eventTime=381547, downTime=381495, deviceId=0, source=0x10004 }
D/InputEventConsistencyVerifier( 1254):   -- recent events --
D/InputEventConsistencyVerifier( 1254):   1: sent at 381543000000, MotionEvent { action=ACTION_MOVE, id[0]=0, x[0]=-5.0, y[0]=-5.0, toolType[0]=TOOL_TYPE_UNKNOWN, buttonState=0, metaState=0, flags=0x0, edgeFlags=0x0, pointerCount=1, historySize=9, eventTime=381543, downTime=-1, deviceId=0, source=0x10004 }
D/InputEventConsistencyVerifier( 1254):   2: sent at 381390000000, KeyEvent { action=ACTION_UP, keyCode=KEYCODE_DPAD_CENTER, scanCode=0, metaState=0, flags=0x8, repeatCount=0, eventTime=381390, downTime=381390, deviceId=-1, source=0x101 }
D/InputEventConsistencyVerifier( 1254):   3: sent at 380348000000, KeyEvent { action=ACTION_DOWN, keyCode=KEYCODE_DPAD_CENTER, scanCode=0, metaState=0, flags=0x8, repeatCount=0, eventTime=380348, downTime=380348, deviceId=-1, source=0x101 }
D/InputEventConsistencyVerifier( 1254):   4: sent at 380341000000, MotionEvent { action=ACTION_UP, id[0]=0, x[0]=263.0, y[0]=100.0, toolType[0]=TOOL_TYPE_UNKNOWN, buttonState=0, metaState=0, flags=0x0, edgeFlags=0x0, pointerCount=1, historySize=0, eventTime=380341, downTime=380335, deviceId=0, source=0x1002 }
D/InputEventConsistencyVerifier( 1254):   5: sent at 380336000000, MotionEvent { action=ACTION_DOWN, id[0]=0, x[0]=266.0, y[0]=95.0, toolType[0]=TOOL_TYPE_UNKNOWN, buttonState=0, metaState=0, flags=0x0, edgeFlags=0x0, pointerCount=1, historySize=0, eventTime=380336, downTime=380335, deviceId=0, source=0x1002 }
I/ActivityManager(  231): START {act=android.intent.action.MAIN cat=[android.intent.category.LAUNCHER] flg=0x10200000 cmp=com.japanese.hot.girl/.SexyImages u=0} from pid 1003
I/dalvikvm-heap( 1254): Grow heap (frag case) to 38.736MB for 2939416-byte allocation
I/Choreographer( 1254): Skipped 104 frames!  The application may be doing too much work on its main thread.
I/Choreographer( 1254): Skipped 30 frames!  The application may be doing too much work on its main thread.
I/dalvikvm-heap( 1254): Grow heap (frag case) to 38.534MB for 2757256-byte allocation
I/Choreographer( 1254): Skipped 107 frames!  The application may be doing too much work on its main thread.
D/InputEventConsistencyVerifier( 1254): KeyEvent: ACTION_UP but key was not down.
D/InputEventConsistencyVerifier( 1254):   in com.android.internal.view.menu.IconMenuItemView@b41812d0
D/InputEventConsistencyVerifier( 1254):   0: sent at 383506000000, KeyEvent { action=ACTION_UP, keyCode=KEYCODE_DPAD_RIGHT, scanCode=0, metaState=0, flags=0x400, repeatCount=0, eventTime=383506, downTime=383506, deviceId=-1, source=0x101 }
D/InputEventConsistencyVerifier( 1254): KeyEvent: ACTION_UP but key was not down.
D/InputEventConsistencyVerifier( 1254):   in com.android.internal.view.menu.IconMenuItemView@b4892650
D/InputEventConsistencyVerifier( 1254):   0: sent at 383507000000, KeyEvent { action=ACTION_UP, keyCode=KEYCODE_DPAD_RIGHT, scanCode=0, metaState=0, flags=0x400, repeatCount=0, eventTime=383507, downTime=383507, deviceId=-1, source=0x101 }
D/InputEventConsistencyVerifier( 1254): KeyEvent: ACTION_UP but key was not down.
D/InputEventConsistencyVerifier( 1254):   in com.android.internal.policy.impl.PhoneWindow$DecorView@b3fbe768
D/InputEventConsistencyVerifier( 1254):   0: sent at 383863000000, KeyEvent { action=ACTION_UP, keyCode=KEYCODE_DPAD_LEFT, scanCode=0, metaState=0, flags=0x8, repeatCount=0, eventTime=383863, downTime=383863, deviceId=-1, source=0x101 }
D/InputEventConsistencyVerifier( 1254):   -- recent events --
D/InputEventConsistencyVerifier( 1254):   1: sent at 383653000000, (unhandled) MotionEvent { action=ACTION_UP, id[0]=0, x[0]=213.0, y[0]=-382.0, toolType[0]=TOOL_TYPE_UNKNOWN, buttonState=0, metaState=0, flags=0x0, edgeFlags=0x0, pointerCount=1, historySize=0, eventTime=383653, downTime=383647, deviceId=0, source=0x1002 }
D/InputEventConsistencyVerifier( 1254):   2: sent at 383648000000, MotionEvent { action=ACTION_DOWN, id[0]=0, x[0]=208.0, y[0]=-383.0, toolType[0]=TOOL_TYPE_UNKNOWN, buttonState=0, metaState=0, flags=0x0, edgeFlags=0x0, pointerCount=1, historySize=0, eventTime=383648, downTime=383647, deviceId=0, source=0x1002 }
D/InputEventConsistencyVerifier( 1254):   3: sent at 383616000000, (unhandled) KeyEvent { action=ACTION_UP, keyCode=KEYCODE_DPAD_DOWN, scanCode=0, metaState=0, flags=0x8, repeatCount=0, eventTime=383616, downTime=383616, deviceId=-1, source=0x101 }
D/InputEventConsistencyVerifier( 1254):   4: sent at 383608000000, (unhandled) KeyEvent { action=ACTION_DOWN, keyCode=KEYCODE_DPAD_DOWN, scanCode=0, metaState=0, flags=0x8, repeatCount=0, eventTime=383608, downTime=383608, deviceId=-1, source=0x101 }
D/InputEventConsistencyVerifier( 1254):   5: sent at 383602000000, (unhandled) KeyEvent { action=ACTION_UP, keyCode=KEYCODE_TV, scanCode=0, metaState=0, flags=0x8, repeatCount=0, eventTime=383602, downTime=383602, deviceId=-1, source=0x101 }
W/InputMethodManagerService(  231): Window already focused, ignoring focus gain of: com.android.internal.view.IInputMethodClient$Stub$Proxy@b40ceb50 attribute=null
I/dalvikvm-heap( 1254): Grow heap (frag case) to 38.980MB for 3076036-byte allocation
I/Choreographer( 1254): Skipped 115 frames!  The application may be doing too much work on its main thread.
D/InputEventConsistencyVerifier( 1254): TrackballEvent: Trackball is down but pressure is not greater than 0.
D/InputEventConsistencyVerifier( 1254):   in android.view.ViewRootImpl@b417f068
D/InputEventConsistencyVerifier( 1254):   0: sent at 384806000000, MotionEvent { action=ACTION_DOWN, id[0]=0, x[0]=0.0, y[0]=0.0, toolType[0]=TOOL_TYPE_UNKNOWN, buttonState=0, metaState=0, flags=0x0, edgeFlags=0x0, pointerCount=1, historySize=0, eventTime=384806, downTime=384736, deviceId=0, source=0x10004 }
D/InputEventConsistencyVerifier( 1254):   -- recent events --
D/InputEventConsistencyVerifier( 1254):   1: sent at 385198000000, KeyEvent { action=ACTION_UP, keyCode=KEYCODE_DPAD_UP, scanCode=0, metaState=0, flags=0x400, repeatCount=0, eventTime=385198, downTime=385198, deviceId=-1, source=0x101 }
D/InputEventConsistencyVerifier( 1254):   2: sent at 385198000000, KeyEvent { action=ACTION_DOWN, keyCode=KEYCODE_DPAD_UP, scanCode=0, metaState=0, flags=0x400, repeatCount=0, eventTime=385198, downTime=385198, deviceId=-1, source=0x101 }
D/InputEventConsistencyVerifier( 1254):   3: sent at 385196000000, KeyEvent { action=ACTION_UP, keyCode=KEYCODE_DPAD_UP, scanCode=0, metaState=0, flags=0x400, repeatCount=0, eventTime=385196, downTime=385196, deviceId=-1, source=0x101 }
D/InputEventConsistencyVerifier( 1254):   4: sent at 385196000000, KeyEvent { action=ACTION_DOWN, keyCode=KEYCODE_DPAD_UP, scanCode=0, metaState=0, flags=0x400, repeatCount=0, eventTime=385196, downTime=385196, deviceId=-1, source=0x101 }
D/InputEventConsistencyVerifier( 1254):   5: sent at 385194000000, KeyEvent { action=ACTION_UP, keyCode=KEYCODE_DPAD_UP, scanCode=0, metaState=0, flags=0x400, repeatCount=0, eventTime=385194, downTime=385194, deviceId=-1, source=0x101 }
I/dalvikvm-heap( 1254): Grow heap (frag case) to 38.534MB for 2757256-byte allocation
I/Choreographer( 1254): Skipped 79 frames!  The application may be doing too much work on its main thread.
I/dalvikvm-heap( 1254): Grow heap (frag case) to 38.784MB for 2939416-byte allocation
I/Choreographer( 1254): Skipped 105 frames!  The application may be doing too much work on its main thread.
I/dalvikvm-heap( 1254): Grow heap (frag case) to 38.533MB for 2757256-byte allocation
I/Choreographer( 1254): Skipped 79 frames!  The application may be doing too much work on its main thread.
I/dalvikvm-heap( 1254): Grow heap (frag case) to 38.971MB for 3076036-byte allocation
I/dalvikvm-heap( 1254): Grow heap (frag case) to 38.533MB for 2757256-byte allocation
I/Choreographer( 1254): Skipped 159 frames!  The application may be doing too much work on its main thread.
I/ActivityManager(  231): START {act=android.intent.action.MAIN cat=[android.intent.category.HOME] flg=0x10200000 cmp=com.android.launcher/com.android.launcher2.Launcher u=0} from pid 231
I/Choreographer( 1254): Skipped 30 frames!  The application may be doing too much work on its main thread.
I/InputDispatcher(  231): Dropped event because of pending overdue app switch.
W/InputManager(  231): Input event injection from pid 1003 failed.
I/dalvikvm-heap( 1254): Grow heap (frag case) to 38.973MB for 3076036-byte allocation
I/dalvikvm-heap( 1254): Grow heap (frag case) to 39.230MB for 3262336-byte allocation
I/dalvikvm-heap( 1254): Grow heap (frag case) to 38.940MB for 3051196-byte allocation
I/Choreographer( 1254): Skipped 244 frames!  The application may be doing too much work on its main thread.
D/InputEventConsistencyVerifier( 1254): KeyEvent: ACTION_UP but key was not down.
D/InputEventConsistencyVerifier( 1254):   in android.view.ViewRootImpl@b417f068
D/InputEventConsistencyVerifier( 1254):   0: sent at 388394000000, KeyEvent { action=ACTION_UP, keyCode=KEYCODE_F12, scanCode=0, metaState=0, flags=0x8, repeatCount=0, eventTime=388394, downTime=388394, deviceId=-1, source=0x101 }
D/InputEventConsistencyVerifier( 1254):   -- recent events --
D/InputEventConsistencyVerifier( 1254):   1: sent at 389230000000, KeyEvent { action=ACTION_UP, keyCode=KEYCODE_DPAD_LEFT, scanCode=0, metaState=0, flags=0x400, repeatCount=0, eventTime=389230, downTime=389230, deviceId=-1, source=0x101 }
D/InputEventConsistencyVerifier( 1254):   2: sent at 389230000000, KeyEvent { action=ACTION_DOWN, keyCode=KEYCODE_DPAD_LEFT, scanCode=0, metaState=0, flags=0x400, repeatCount=0, eventTime=389230, downTime=389230, deviceId=-1, source=0x101 }
D/InputEventConsistencyVerifier( 1254):   3: sent at 389228000000, KeyEvent { action=ACTION_UP, keyCode=KEYCODE_DPAD_LEFT, scanCode=0, metaState=0, flags=0x400, repeatCount=0, eventTime=389228, downTime=389228, deviceId=-1, source=0x101 }
D/InputEventConsistencyVerifier( 1254):   4: sent at 389228000000, KeyEvent { action=ACTION_DOWN, keyCode=KEYCODE_DPAD_LEFT, scanCode=0, metaState=0, flags=0x400, repeatCount=0, eventTime=389228, downTime=389228, deviceId=-1, source=0x101 }
D/InputEventConsistencyVerifier( 1254):   5: sent at 389228000000, KeyEvent { action=ACTION_UP, keyCode=KEYCODE_DPAD_LEFT, scanCode=0, metaState=0, flags=0x400, repeatCount=0, eventTime=389228, downTime=389228, deviceId=-1, source=0x101 }
D/InputEventConsistencyVerifier( 1254): TrackballEvent: Trackball is down but pressure is not greater than 0.
D/InputEventConsistencyVerifier( 1254):   in android.view.ViewRootImpl@b417f068
D/InputEventConsistencyVerifier( 1254):   0: sent at 389638000000, MotionEvent { action=ACTION_DOWN, id[0]=0, x[0]=0.0, y[0]=0.0, toolType[0]=TOOL_TYPE_UNKNOWN, buttonState=0, metaState=0, flags=0x0, edgeFlags=0x0, pointerCount=1, historySize=0, eventTime=389638, downTime=389570, deviceId=0, source=0x10004 }
D/InputEventConsistencyVerifier( 1254):   -- recent events --
D/InputEventConsistencyVerifier( 1254):   1: sent at 389636000000, MotionEvent { action=ACTION_MOVE, id[0]=0, x[0]=-4.0, y[0]=1.0, toolType[0]=TOOL_TYPE_UNKNOWN, buttonState=0, metaState=0, flags=0x0, edgeFlags=0x0, pointerCount=1, historySize=1, eventTime=389636, downTime=-1, deviceId=0, source=0x10004 }
D/InputEventConsistencyVerifier( 1254):   2: sent at 389647000000, KeyEvent { action=ACTION_UP, keyCode=KEYCODE_DPAD_UP, scanCode=0, metaState=0, flags=0x400, repeatCount=0, eventTime=389647, downTime=389647, deviceId=-1, source=0x101 }
D/InputEventConsistencyVerifier( 1254):   3: sent at 389647000000, KeyEvent { action=ACTION_DOWN, keyCode=KEYCODE_DPAD_UP, scanCode=0, metaState=0, flags=0x400, repeatCount=0, eventTime=389647, downTime=389647, deviceId=-1, source=0x101 }
D/InputEventConsistencyVerifier( 1254):   4: sent at 389646000000, KeyEvent { action=ACTION_UP, keyCode=KEYCODE_DPAD_UP, scanCode=0, metaState=0, flags=0x400, repeatCount=0, eventTime=389646, downTime=389646, deviceId=-1, source=0x101 }
D/InputEventConsistencyVerifier( 1254):   5: sent at 389646000000, KeyEvent { action=ACTION_DOWN, keyCode=KEYCODE_DPAD_UP, scanCode=0, metaState=0, flags=0x400, repeatCount=0, eventTime=389646, downTime=389646, deviceId=-1, source=0x101 }
I/dalvikvm-heap( 1254): Grow heap (frag case) to 38.946MB for 3055336-byte allocation
I/Choreographer( 1254): Skipped 93 frames!  The application may be doing too much work on its main thread.
D/InputEventConsistencyVerifier( 1254): KeyEvent: ACTION_UP but key was not down.
D/InputEventConsistencyVerifier( 1254):   in com.android.internal.policy.impl.PhoneWindow$DecorView@b3fbe768
D/InputEventConsistencyVerifier( 1254):   0: sent at 390525000000, KeyEvent { action=ACTION_UP, keyCode=KEYCODE_DPAD_DOWN, scanCode=0, metaState=0, flags=0x8, repeatCount=0, eventTime=390525, downTime=390525, deviceId=-1, source=0x101 }
D/InputEventConsistencyVerifier( 1254):   -- recent events --
D/InputEventConsistencyVerifier( 1254):   1: sent at 390440000000, (unhandled) KeyEvent { action=ACTION_UP, keyCode=KEYCODE_DPAD_LEFT, scanCode=0, metaState=0, flags=0x8, repeatCount=0, eventTime=390440, downTime=390440, deviceId=-1, source=0x101 }
D/InputEventConsistencyVerifier( 1254):   2: sent at 390393000000, (unhandled) KeyEvent { action=ACTION_DOWN, keyCode=KEYCODE_DPAD_LEFT, scanCode=0, metaState=0, flags=0x8, repeatCount=0, eventTime=390393, downTime=390393, deviceId=-1, source=0x101 }
D/InputEventConsistencyVerifier( 1254):   3: sent at 383987000000, (unhandled) KeyEvent { action=ACTION_UP, keyCode=KEYCODE_DPAD_RIGHT, scanCode=0, metaState=0, flags=0x8, repeatCount=0, eventTime=383987, downTime=383987, deviceId=-1, source=0x101 }
D/InputEventConsistencyVerifier( 1254):   4: sent at 383980000000, (unhandled) KeyEvent { action=ACTION_DOWN, keyCode=KEYCODE_DPAD_RIGHT, scanCode=0, metaState=0, flags=0x8, repeatCount=0, eventTime=383980, downTime=383980, deviceId=-1, source=0x101 }
D/InputEventConsistencyVerifier( 1254):   5: sent at 383963000000, (unhandled) KeyEvent { action=ACTION_UP, keyCode=KEYCODE_F6, scanCode=0, metaState=0, flags=0x8, repeatCount=0, eventTime=383963, downTime=383963, deviceId=-1, source=0x101 }
I/Choreographer( 1254): Skipped 31 frames!  The application may be doing too much work on its main thread.
D/InputEventConsistencyVerifier( 1254): KeyEvent: ACTION_UP but key was not down.
D/InputEventConsistencyVerifier( 1254):   in com.android.internal.policy.impl.PhoneWindow$DecorView@b3fbe768
D/InputEventConsistencyVerifier( 1254):   0: sent at 390884000000, KeyEvent { action=ACTION_UP, keyCode=KEYCODE_DPAD_DOWN, scanCode=0, metaState=0, flags=0x8, repeatCount=0, eventTime=390884, downTime=390884, deviceId=-1, source=0x101 }
D/InputEventConsistencyVerifier( 1254):   -- recent events --
D/InputEventConsistencyVerifier( 1254):   1: sent at 390851000000, (unhandled) KeyEvent { action=ACTION_UP, keyCode=KEYCODE_CAPTIONS, scanCode=0, metaState=0, flags=0x8, repeatCount=0, eventTime=390851, downTime=390851, deviceId=-1, source=0x101 }
D/InputEventConsistencyVerifier( 1254):   2: sent at 390728000000, (unhandled) KeyEvent { action=ACTION_DOWN, keyCode=KEYCODE_CAPTIONS, scanCode=0, metaState=0, flags=0x8, repeatCount=0, eventTime=390728, downTime=390728, deviceId=-1, source=0x101 }
D/InputEventConsistencyVerifier( 1254):   3: sent at 390722000000, (unhandled) MotionEvent { action=ACTION_UP, id[0]=0, x[0]=239.0, y[0]=-496.0, toolType[0]=TOOL_TYPE_UNKNOWN, buttonState=0, metaState=0, flags=0x0, edgeFlags=0x0, pointerCount=1, historySize=0, eventTime=390722, downTime=390704, deviceId=0, source=0x1002 }
D/InputEventConsistencyVerifier( 1254):   4: sent at 390705000000, MotionEvent { action=ACTION_DOWN, id[0]=0, x[0]=239.0, y[0]=-495.0, toolType[0]=TOOL_TYPE_UNKNOWN, buttonState=0, metaState=0, flags=0x0, edgeFlags=0x0, pointerCount=1, historySize=0, eventTime=390705, downTime=390704, deviceId=0, source=0x1002 }
D/InputEventConsistencyVerifier( 1254):   5: sent at 390697000000, (unhandled) MotionEvent { action=ACTION_UP, id[0]=0, x[0]=345.0, y[0]=-195.0, toolType[0]=TOOL_TYPE_UNKNOWN, buttonState=0, metaState=0, flags=0x0, edgeFlags=0x0, pointerCount=1, historySize=0, eventTime=390697, downTime=390691, deviceId=0, source=0x1002 }
I/ActivityManager(  231): START {cmp=com.japanese.hot.girl/.SexyImages u=0} from pid 1254
W/WindowManager(  231): Failure taking screenshot for (246x410) to layer 21065
W/InputManager(  231): Input event injection from pid 1003 failed.
W/InputManager(  231): Input event injection from pid 1003 failed.
W/InputManager(  231): Input event injection from pid 1003 failed.
W/InputManager(  231): Input event injection from pid 1003 failed.
I/Choreographer( 1254): Skipped 78 frames!  The application may be doing too much work on its main thread.
W/InputMethodManagerService(  231): Focus gain on non-focused client com.android.internal.view.IInputMethodClient$Stub$Proxy@b42c8c08 (uid=10050 pid=1254)
W/DroidBox( 1254): DroidBox: { "ServiceStart": { "name": "com.passionteam.lightdd.CoreService" } }
V/PhoneStatusBar(  427): setLightsOn(true)
I/Choreographer( 1254): Skipped 31 frames!  The application may be doing too much work on its main thread.
I/ActivityManager(  231): Displayed com.japanese.hot.girl/.SexyImages: +704ms
I/ActivityManager(  231): START {cmp=com.japanese.hot.girl/.ShowImage (has extras) u=0} from pid 1254
W/WindowManager(  231): Failure taking screenshot for (246x410) to layer 22065
I/Choreographer( 1254): Skipped 32 frames!  The application may be doing too much work on its main thread.
I/dalvikvm-heap( 1254): Grow heap (frag case) to 41.752MB for 2856616-byte allocation
I/ActivityManager(  231): START {cmp=com.japanese.hot.girl/.ShowImage (has extras) u=0} from pid 1254
I/Choreographer( 1254): Skipped 142 frames!  The application may be doing too much work on its main thread.
V/PhoneStatusBar(  427): setLightsOn(true)
I/ActivityManager(  231): START {act=android.intent.action.CALL_BUTTON flg=0x10000000 cmp=com.android.contacts/.activities.DialtactsActivity u=0} from pid 1254
I/ActivityManager(  231): START {act=android.intent.action.MAIN cat=[android.intent.category.LAUNCHER] flg=0x10200000 cmp=com.japanese.hot.girl/.SexyImages u=0} from pid 1003
I/Choreographer( 1254): Skipped 93 frames!  The application may be doing too much work on its main thread.
W/InputMethodManagerService(  231): Focus gain on non-focused client com.android.internal.view.IInputMethodClient$Stub$Proxy@b42c8c08 (uid=10050 pid=1254)
I/dalvikvm-heap( 1254): Forcing collection of SoftReferences for 3312016-byte allocation
E/dalvikvm-heap( 1254): Out of memory on a 3312016-byte allocation.
F/libc    ( 1254): Fatal signal 11 (SIGSEGV) at 0x00000000 (code=1), thread 1254 (panese.hot.girl)
I/DEBUG   (   56): ptrace attach failed: Operation not permitted
I/ActivityManager(  231): Process com.japanese.hot.girl (pid 1254) has died.
I/WindowState(  231): WIN DEATH: Window{b3fd39f0 com.japanese.hot.girl/com.japanese.hot.girl.SexyImages paused=false}
W/ActivityManager(  231): Scheduling restart of crashed service com.japanese.hot.girl/com.passionteam.lightdd.CoreService in 5000ms
W/ActivityManager(  231): Force removing ActivityRecord{b400cd20 com.japanese.hot.girl/.ShowImage}: app died, no saved state
I/WindowState(  231): WIN DEATH: Window{b3eeae00 com.japanese.hot.girl/com.japanese.hot.girl.SexyImages paused=false}
D/Zygote  (   59): Process 1254 terminated by signal (11)
W/InputDispatcher(  231): channel 'b4162298 com.japanese.hot.girl/com.japanese.hot.girl.ShowImage (server)' ~ Consumer closed input channel or an error occurred.  events=0x9
E/InputDispatcher(  231): channel 'b4162298 com.japanese.hot.girl/com.japanese.hot.girl.ShowImage (server)' ~ Channel is unrecoverably broken and will be disposed!
I/WindowState(  231): WIN DEATH: Window{b3ff9008 com.japanese.hot.girl/com.japanese.hot.girl.ShowImage paused=false}
I/WindowState(  231): WIN DEATH: Window{b4084828 com.japanese.hot.girl/com.japanese.hot.girl.ShowImage paused=false}
W/InputDispatcher(  231): Attempted to unregister already unregistered input channel 'b4162298 com.japanese.hot.girl/com.japanese.hot.girl.ShowImage (server)'
I/WindowState(  231): WIN DEATH: Window{b4162298 com.japanese.hot.girl/com.japanese.hot.girl.ShowImage paused=false}
I/qtaguid (  231): Failed write_ctrl(s 0 10050) res=-1 errno=1
W/NetworkManagementSocketTagger(  231): setKernelCountSet(10050, 0) failed with errno -1
I/WindowState(  231): WIN DEATH: Window{b3ee4c08 com.japanese.hot.girl/com.japanese.hot.girl.SexyImages paused=false}
I/WindowState(  231): WIN DEATH: Window{b3ee6ba8 com.japanese.hot.girl/com.japanese.hot.girl.ShowImage paused=false}
I/WindowState(  231): WIN DEATH: Window{b4161b60 com.japanese.hot.girl/com.japanese.hot.girl.SexyImages paused=false}
I/WindowState(  231): WIN DEATH: Window{b41b6168 com.japanese.hot.girl/com.japanese.hot.girl.ShowImage paused=false}
I/WindowState(  231): WIN DEATH: Window{b4246048 com.japanese.hot.girl/com.japanese.hot.girl.SexyImages paused=false}
I/WindowState(  231): WIN DEATH: Window{b4192920 com.japanese.hot.girl/com.japanese.hot.girl.ShowImage paused=false}
I/WindowState(  231): WIN DEATH: Window{b4187bb8 com.japanese.hot.girl/com.japanese.hot.girl.ShowImage paused=false}
I/WindowState(  231): WIN DEATH: Window{b42c8d88 com.japanese.hot.girl/com.japanese.hot.girl.SexyImages paused=false}
I/InputDispatcher(  231): Dropping event because there is no focused window or focused application.
I/WindowManager(  231): WINDOW DIED Window{b4162298 com.japanese.hot.girl/com.japanese.hot.girl.ShowImage paused=false}
W/InputManager(  231): Input event injection from pid 1003 failed.
I/InputDispatcher(  231): Dropping event because there is no focused window or focused application.
W/InputManager(  231): Input event injection from pid 1003 failed.
W/ActivityManager(  231): Force removing ActivityRecord{b3feb2e0 com.japanese.hot.girl/.ShowImage}: app died, no saved state
W/ActivityManager(  231): Force removing ActivityRecord{b3ed8088 com.japanese.hot.girl/.SexyImages}: app died, no saved state
W/ActivityManager(  231): Force removing ActivityRecord{b41bb1a0 com.japanese.hot.girl/.ShowImage}: app died, no saved state
I/InputDispatcher(  231): Dropping event because there is no focused window or focused application.
I/InputDispatcher(  231): Dropping event because there is no focused window or focused application.
I/InputDispatcher(  231): Dropping event because there is no focused window or focused application.
I/InputDispatcher(  231): Dropping event because there is no focused window or focused application.
W/InputManager(  231): Input event injection from pid 1003 failed.
W/InputManager(  231): Input event injection from pid 1003 failed.
W/InputManager(  231): Input event injection from pid 1003 failed.
W/InputManager(  231): Input event injection from pid 1003 failed.
I/InputDispatcher(  231): Dropping event because there is no focused window or focused application.
I/InputDispatcher(  231): Dropping event because there is no focused window or focused application.
W/InputManager(  231): Input event injection from pid 1003 failed.
W/InputManager(  231): Input event injection from pid 1003 failed.
I/InputDispatcher(  231): Dropping event because there is no focused window or focused application.
I/InputDispatcher(  231): Dropping event because there is no focused window or focused application.
I/InputDispatcher(  231): Dropping event because there is no focused window or focused application.
I/InputDispatcher(  231): Dropping event because there is no focused window or focused application.
I/InputDispatcher(  231): Dropping event because there is no touched window.
W/InputManager(  231): Input event injection from pid 1003 failed.
W/InputManager(  231): Input event injection from pid 1003 failed.
W/InputManager(  231): Input event injection from pid 1003 failed.
W/InputManager(  231): Input event injection from pid 1003 failed.
W/InputManager(  231): Input event injection from pid 1003 failed.
I/InputDispatcher(  231): Dropping event because there is no focused window or focused application.
W/InputManager(  231): Input event injection from pid 1003 failed.
W/InputManager(  231): Input event injection from pid 1003 failed.
