D/InputEventConsistencyVerifier( 1254):   2: sent at 327543000000, MotionEvent { action=ACTION_DOWN, id[0]=0, x[0]=296.0, y[0]=-113.0, toolType[0]=TOOL_TYPE_UNKNOWN, buttonState=0, metaState=0, flags=0x0, edgeFlags=0x0, pointerCount=1, historySize=0, eventTime=327543, downTime=327542, deviceId=0, source=0x1002 }
D/InputEventConsistencyVerifier( 1254):   3: sent at 327494000000, (unhandled) MotionEvent { action=ACTION_UP, id[0]=0, x[0]=393.0, y[0]=-66.0, toolType[0]=TOOL_TYPE_UNKNOWN, buttonState=0, metaState=0, flags=0x0, edgeFlags=0x0, pointerCount=1, historySize=0, eventTime=327494, downTime=327346, deviceId=0, source=0x1002 }
D/InputEventConsistencyVerifier( 1254):   4: sent at 327492000000, (unhandled) MotionEvent { action=ACTION_POINTER_UP(1), id[0]=0, x[0]=386.0, y[0]=-70.0, toolType[0]=TOOL_TYPE_UNKNOWN, id[1]=1, x[1]=252.0, y[1]=3.0, toolType[1]=TOOL_TYPE_UNKNOWN, buttonState=0, metaState=0, flags=0x0, edgeFlags=0x0, pointerCount=2, historySize=0, eventTime=327492, downTime=327346, deviceId=0, source=0x1002 }
D/InputEventConsistencyVerifier( 1254):   5: sent at 327490000000, (unhandled) MotionEvent { action=ACTION_MOVE, id[0]=0, x[0]=381.0, y[0]=-70.0, toolType[0]=TOOL_TYPE_UNKNOWN, id[1]=1, x[1]=264.0, y[1]=5.0, toolType[1]=TOOL_TYPE_UNKNOWN, buttonState=0, metaState=0, flags=0x0, edgeFlags=0x0, pointerCount=2, historySize=8, eventTime=327490, downTime=327346, deviceId=0, source=0x1002 }
I/Choreographer( 1254): Skipped 106 frames!  The application may be doing too much work on its main thread.
W/InputManager(  231): Input event injection from pid 1003 failed.
I/Choreographer( 1254): Skipped 42 frames!  The application may be doing too much work on its main thread.
W/InputMethodManagerService(  231): Window already focused, ignoring focus gain of: com.android.internal.view.IInputMethodClient$Stub$Proxy@b418b4d8 attribute=null
I/ActivityManager(  231): START {act=android.intent.action.MAIN cat=[android.intent.category.LAUNCHER] flg=0x10000000 cmp=com.android.contacts/.activities.PeopleActivity sel={act=android.intent.action.MAIN cat=[android.intent.category.APP_CONTACTS]} u=0} from pid 231
I/dalvikvm-heap(  427): Grow heap (frag case) to 12.342MB for 3072016-byte allocation
I/dalvikvm-heap( 1254): Grow heap (frag case) to 26.583MB for 3212656-byte allocation
I/dalvikvm-heap( 1254): Grow heap (frag case) to 25.903MB for 2719996-byte allocation
D/InputEventConsistencyVerifier( 1254): KeyEvent: ACTION_UP but key was not down.
D/InputEventConsistencyVerifier( 1254):   in android.view.ViewRootImpl@b3f3cab8
D/InputEventConsistencyVerifier( 1254):   0: sent at 328439000000, KeyEvent { action=ACTION_UP, keyCode=KEYCODE_CONTACTS, scanCode=0, metaState=0, flags=0x8, repeatCount=0, eventTime=328439, downTime=328439, deviceId=-1, source=0x101 }
D/InputEventConsistencyVerifier( 1254):   -- recent events --
D/InputEventConsistencyVerifier( 1254):   1: sent at 328394000000, MotionEvent { action=ACTION_UP, id[0]=0, x[0]=167.0, y[0]=501.0, toolType[0]=TOOL_TYPE_UNKNOWN, buttonState=0, metaState=0, flags=0x0, edgeFlags=0x0, pointerCount=1, historySize=0, eventTime=328394, downTime=328229, deviceId=0, source=0x1002 }
D/InputEventConsistencyVerifier( 1254):   2: sent at 328392000000, MotionEvent { action=ACTION_POINTER_UP(1), id[0]=0, x[0]=164.0, y[0]=498.0, toolType[0]=TOOL_TYPE_UNKNOWN, id[1]=1, x[1]=41.0, y[1]=237.0, toolType[1]=TOOL_TYPE_UNKNOWN, buttonState=0, metaState=0, flags=0x0, edgeFlags=0x0, pointerCount=2, historySize=0, eventTime=328392, downTime=328229, deviceId=0, source=0x1002 }
D/InputEventConsistencyVerifier( 1254):   3: sent at 328390000000, MotionEvent { action=ACTION_MOVE, id[0]=0, x[0]=164.0, y[0]=496.0, toolType[0]=TOOL_TYPE_UNKNOWN, id[1]=1, x[1]=40.0, y[1]=237.0, toolType[1]=TOOL_TYPE_UNKNOWN, buttonState=0, metaState=0, flags=0x0, edgeFlags=0x0, pointerCount=2, historySize=4, eventTime=328390, downTime=328229, deviceId=0, source=0x1002 }
D/InputEventConsistencyVerifier( 1254):   4: sent at 328275000000, MotionEvent { action=ACTION_POINTER_DOWN(1), id[0]=0, x[0]=151.0, y[0]=480.0, toolType[0]=TOOL_TYPE_UNKNOWN, id[1]=1, x[1]=35.0, y[1]=235.0, toolType[1]=TOOL_TYPE_UNKNOWN, buttonState=0, metaState=0, flags=0x0, edgeFlags=0x0, pointerCount=2, historySize=0, eventTime=328275, downTime=328229, deviceId=0, source=0x1002 }
D/InputEventConsistencyVerifier( 1254):   5: sent at 328265000000, MotionEvent { action=ACTION_DOWN, id[0]=0, x[0]=149.0, y[0]=478.0, toolType[0]=TOOL_TYPE_UNKNOWN, buttonState=0, metaState=0, flags=0x0, edgeFlags=0x0, pointerCount=1, historySize=0, eventTime=328265, downTime=328229, deviceId=0, source=0x1002 }
I/Choreographer( 1254): Skipped 254 frames!  The application may be doing too much work on its main thread.
I/dalvikvm-heap( 1254): Grow heap (frag case) to 26.088MB for 2856616-byte allocation
I/dalvikvm-heap( 1254): Grow heap (frag case) to 25.899MB for 2719996-byte allocation
I/dalvikvm-heap( 1254): Grow heap (frag case) to 26.087MB for 2856616-byte allocation
I/Choreographer( 1254): Skipped 253 frames!  The application may be doing too much work on its main thread.
I/dalvikvm-heap( 1254): Grow heap (frag case) to 26.087MB for 2856616-byte allocation
I/dalvikvm-heap( 1254): Grow heap (frag case) to 26.087MB for 2856616-byte allocation
I/Choreographer( 1254): Skipped 79 frames!  The application may be doing too much work on its main thread.
I/dalvikvm-heap( 1254): Grow heap (frag case) to 26.087MB for 2856616-byte allocation
I/dalvikvm-heap( 1254): Grow heap (frag case) to 26.287MB for 3001516-byte allocation
I/Choreographer( 1254): Skipped 170 frames!  The application may be doing too much work on its main thread.
D/InputEventConsistencyVerifier( 1254): TrackballEvent: Trackball is down but pressure is not greater than 0.
D/InputEventConsistencyVerifier( 1254):   in android.view.ViewRootImpl@b3f3cab8
D/InputEventConsistencyVerifier( 1254):   0: sent at 331549000000, MotionEvent { action=ACTION_DOWN, id[0]=0, x[0]=0.0, y[0]=0.0, toolType[0]=TOOL_TYPE_UNKNOWN, buttonState=0, metaState=0, flags=0x0, edgeFlags=0x0, pointerCount=1, historySize=0, eventTime=331549, downTime=331494, deviceId=0, source=0x10004 }
D/InputEventConsistencyVerifier( 1254):   -- recent events --
D/InputEventConsistencyVerifier( 1254):   1: sent at 332098000000, KeyEvent { action=ACTION_UP, keyCode=KEYCODE_DPAD_DOWN, scanCode=0, metaState=0, flags=0x400, repeatCount=0, eventTime=332098, downTime=332098, deviceId=-1, source=0x101 }
D/InputEventConsistencyVerifier( 1254):   2: sent at 332098000000, KeyEvent { action=ACTION_DOWN, keyCode=KEYCODE_DPAD_DOWN, scanCode=0, metaState=0, flags=0x400, repeatCount=0, eventTime=332098, downTime=332098, deviceId=-1, source=0x101 }
D/InputEventConsistencyVerifier( 1254):   3: sent at 332097000000, KeyEvent { action=ACTION_UP, keyCode=KEYCODE_DPAD_DOWN, scanCode=0, metaState=0, flags=0x400, repeatCount=0, eventTime=332097, downTime=332097, deviceId=-1, source=0x101 }
D/InputEventConsistencyVerifier( 1254):   4: sent at 332097000000, KeyEvent { action=ACTION_DOWN, keyCode=KEYCODE_DPAD_DOWN, scanCode=0, metaState=0, flags=0x400, repeatCount=0, eventTime=332097, downTime=332097, deviceId=-1, source=0x101 }
D/InputEventConsistencyVerifier( 1254):   5: sent at 332097000000, KeyEvent { action=ACTION_UP, keyCode=KEYCODE_DPAD_DOWN, scanCode=0, metaState=0, flags=0x400, repeatCount=0, eventTime=332097, downTime=332097, deviceId=-1, source=0x101 }
D/InputEventConsistencyVerifier( 1254): TouchEvent: ACTION_DOWN but pointers are already down.  Probably missing ACTION_UP from previous gesture.
D/InputEventConsistencyVerifier( 1254):   in com.android.internal.policy.impl.PhoneWindow$DecorView@b3f4bd80
D/InputEventConsistencyVerifier( 1254):   0: sent at 332524000000, MotionEvent { action=ACTION_DOWN, id[0]=0, x[0]=60.0, y[0]=-90.0, toolType[0]=TOOL_TYPE_UNKNOWN, buttonState=0, metaState=0, flags=0x0, edgeFlags=0x0, pointerCount=1, historySize=0, eventTime=332524, downTime=332524, deviceId=0, source=0x1002 }
D/InputEventConsistencyVerifier( 1254):   -- recent events --
D/InputEventConsistencyVerifier( 1254):   1: sent at 332446000000, (unhandled) KeyEvent { action=ACTION_UP, keyCode=KEYCODE_DPAD_DOWN, scanCode=0, metaState=0, flags=0x8, repeatCount=0, eventTime=332446, downTime=332446, deviceId=-1, source=0x101 }
D/InputEventConsistencyVerifier( 1254):   2: sent at 332431000000, (unhandled) KeyEvent { action=ACTION_DOWN, keyCode=KEYCODE_DPAD_DOWN, scanCode=0, metaState=0, flags=0x8, repeatCount=0, eventTime=332431, downTime=332431, deviceId=-1, source=0x101 }
D/InputEventConsistencyVerifier( 1254):   3: sent at 332383000000, (unhandled) KeyEvent { action=ACTION_UP, keyCode=KEYCODE_DPAD_UP, scanCode=0, metaState=0, flags=0x8, repeatCount=0, eventTime=332383, downTime=332383, deviceId=-1, source=0x101 }
D/InputEventConsistencyVerifier( 1254):   4: sent at 332343000000, (unhandled) KeyEvent { action=ACTION_DOWN, keyCode=KEYCODE_DPAD_UP, scanCode=0, metaState=0, flags=0x8, repeatCount=0, eventTime=332343, downTime=332343, deviceId=-1, source=0x101 }
D/InputEventConsistencyVerifier( 1254):   5: sent at 327929000000, MotionEvent { action=ACTION_DOWN, id[0]=0, x[0]=222.0, y[0]=-45.0, toolType[0]=TOOL_TYPE_UNKNOWN, buttonState=0, metaState=0, flags=0x0, edgeFlags=0x0, pointerCount=1, historySize=0, eventTime=327929, downTime=327927, deviceId=0, source=0x1002 }
I/Choreographer( 1254): Skipped 63 frames!  The application may be doing too much work on its main thread.
W/InputMethodManagerService(  231): Window already focused, ignoring focus gain of: com.android.internal.view.IInputMethodClient$Stub$Proxy@b418a460 attribute=null
I/dalvikvm-heap( 1254): Grow heap (frag case) to 26.096MB for 2856616-byte allocation
D/InputEventConsistencyVerifier( 1254): KeyEvent: ACTION_UP but key was not down.
D/InputEventConsistencyVerifier( 1254):   in android.view.ViewRootImpl@b3f3cab8
D/InputEventConsistencyVerifier( 1254):   0: sent at 333070000000, KeyEvent { action=ACTION_UP, keyCode=KEYCODE_LANGUAGE_SWITCH, scanCode=0, metaState=0, flags=0x8, repeatCount=0, eventTime=333070, downTime=333070, deviceId=-1, source=0x101 }
D/InputEventConsistencyVerifier( 1254):   -- recent events --
D/InputEventConsistencyVerifier( 1254):   1: sent at 332994000000, MotionEvent { action=ACTION_UP, id[0]=0, x[0]=20.0, y[0]=56.0, toolType[0]=TOOL_TYPE_UNKNOWN, buttonState=0, metaState=0, flags=0x0, edgeFlags=0x0, pointerCount=1, historySize=0, eventTime=332994, downTime=332987, deviceId=0, source=0x1002 }
D/InputEventConsistencyVerifier( 1254):   2: sent at 332987000000, MotionEvent { action=ACTION_DOWN, id[0]=0, x[0]=34.0, y[0]=60.0, toolType[0]=TOOL_TYPE_UNKNOWN, buttonState=0, metaState=0, flags=0x0, edgeFlags=0x0, pointerCount=1, historySize=0, eventTime=332987, downTime=332987, deviceId=0, source=0x1002 }
D/InputEventConsistencyVerifier( 1254):   3: sent at 332824000000, KeyEvent { action=ACTION_UP, keyCode=KEYCODE_DPAD_CENTER, scanCode=0, metaState=0, flags=0x8, repeatCount=0, eventTime=332824, downTime=332824, deviceId=-1, source=0x101 }
D/InputEventConsistencyVerifier( 1254):   4: sent at 332804000000, KeyEvent { action=ACTION_DOWN, keyCode=KEYCODE_DPAD_CENTER, scanCode=0, metaState=0, flags=0x8, repeatCount=0, eventTime=332804, downTime=332804, deviceId=-1, source=0x101 }
D/InputEventConsistencyVerifier( 1254):   5: sent at 332286000000, KeyEvent { action=ACTION_UP, keyCode=KEYCODE_MENU, scanCode=0, metaState=0, flags=0x8, repeatCount=0, eventTime=332286, downTime=332286, deviceId=-1, source=0x101 }
I/Choreographer( 1254): Skipped 89 frames!  The application may be doing too much work on its main thread.
I/dalvikvm-heap( 1254): Grow heap (frag case) to 26.293MB for 3001516-byte allocation
I/Choreographer( 1254): Skipped 91 frames!  The application may be doing too much work on its main thread.
I/dalvikvm-heap( 1254): Grow heap (frag case) to 26.283MB for 2993236-byte allocation
I/dalvikvm-heap( 1254): Grow heap (frag case) to 26.294MB for 3001516-byte allocation
D/InputEventConsistencyVerifier( 1254): KeyEvent: ACTION_UP but key was not down.
D/InputEventConsistencyVerifier( 1254):   in com.android.internal.policy.impl.PhoneWindow$DecorView@b3f4bd80
D/InputEventConsistencyVerifier( 1254):   0: sent at 333992000000, KeyEvent { action=ACTION_UP, keyCode=KEYCODE_DPAD_LEFT, scanCode=0, metaState=0, flags=0x8, repeatCount=0, eventTime=333992, downTime=333992, deviceId=-1, source=0x101 }
D/InputEventConsistencyVerifier( 1254):   -- recent events --
D/InputEventConsistencyVerifier( 1254):   1: sent at 333602000000, (unhandled) KeyEvent { action=ACTION_UP, keyCode=KEYCODE_DVR, scanCode=0, metaState=0, flags=0x8, repeatCount=0, eventTime=333602, downTime=333602, deviceId=-1, source=0x101 }
D/InputEventConsistencyVerifier( 1254):   2: sent at 333599000000, (unhandled) KeyEvent { action=ACTION_DOWN, keyCode=KEYCODE_DVR, scanCode=0, metaState=0, flags=0x8, repeatCount=0, eventTime=333599, downTime=333599, deviceId=-1, source=0x101 }
D/InputEventConsistencyVerifier( 1254):   3: sent at 332641000000, (unhandled) KeyEvent { action=ACTION_UP, keyCode=KEYCODE_DPAD_UP, scanCode=0, metaState=0, flags=0x8, repeatCount=0, eventTime=332641, downTime=332641, deviceId=-1, source=0x101 }
D/InputEventConsistencyVerifier( 1254):   4: sent at 332582000000, (unhandled) KeyEvent { action=ACTION_DOWN, keyCode=KEYCODE_DPAD_UP, scanCode=0, metaState=0, flags=0x8, repeatCount=0, eventTime=332582, downTime=332582, deviceId=-1, source=0x101 }
D/InputEventConsistencyVerifier( 1254):   5: sent at 332530000000, (unhandled) MotionEvent { action=ACTION_UP, id[0]=0, x[0]=60.0, y[0]=-99.0, toolType[0]=TOOL_TYPE_UNKNOWN, buttonState=0, metaState=0, flags=0x0, edgeFlags=0x0, pointerCount=1, historySize=0, eventTime=332530, downTime=332524, deviceId=0, source=0x1002 }
D/InputEventConsistencyVerifier( 1254): KeyEvent: ACTION_UP but key was not down.
D/InputEventConsistencyVerifier( 1254):   in com.android.internal.view.menu.IconMenuItemView@b3e6eb10
D/InputEventConsistencyVerifier( 1254):   0: sent at 334696000000, KeyEvent { action=ACTION_UP, keyCode=KEYCODE_DPAD_RIGHT, scanCode=0, metaState=0, flags=0x8, repeatCount=0, eventTime=334696, downTime=334696, deviceId=-1, source=0x101 }
I/Choreographer( 1254): Skipped 43 frames!  The application may be doing too much work on its main thread.
I/ActivityManager(  231): START {act=android.intent.action.MAIN cat=[android.intent.category.LAUNCHER] flg=0x10200000 cmp=com.japanese.hot.girl/.SexyImages u=0} from pid 1003
D/InputEventConsistencyVerifier( 1254): KeyEvent: ACTION_UP but key was not down.
D/InputEventConsistencyVerifier( 1254):   in com.android.internal.view.menu.IconMenuItemView@b3fba538
D/InputEventConsistencyVerifier( 1254):   0: sent at 334927000000, KeyEvent { action=ACTION_UP, keyCode=KEYCODE_DPAD_RIGHT, scanCode=0, metaState=0, flags=0x8, repeatCount=0, eventTime=334927, downTime=334927, deviceId=-1, source=0x101 }
D/InputEventConsistencyVerifier( 1254):   -- recent events --
D/InputEventConsistencyVerifier( 1254):   1: sent at 327107000000, MotionEvent { action=ACTION_UP, id[0]=0, x[0]=122.0, y[0]=78.0, toolType[0]=TOOL_TYPE_UNKNOWN, buttonState=0, metaState=0, flags=0x0, edgeFlags=0x0, pointerCount=1, historySize=0, eventTime=327107, downTime=327071, deviceId=0, source=0x1002 }
D/InputEventConsistencyVerifier( 1254):   2: sent at 327105000000, MotionEvent { action=ACTION_MOVE, id[0]=0, x[0]=116.0, y[0]=80.0, toolType[0]=TOOL_TYPE_UNKNOWN, buttonState=0, metaState=0, flags=0x0, edgeFlags=0x0, pointerCount=1, historySize=2, eventTime=327105, downTime=327071, deviceId=0, source=0x1002 }
D/InputEventConsistencyVerifier( 1254):   3: sent at 327083000000, MotionEvent { action=ACTION_DOWN, id[0]=0, x[0]=105.0, y[0]=98.0, toolType[0]=TOOL_TYPE_UNKNOWN, buttonState=0, metaState=0, flags=0x0, edgeFlags=0x0, pointerCount=1, historySize=0, eventTime=327083, downTime=327071, deviceId=0, source=0x1002 }
I/Choreographer( 1254): Skipped 50 frames!  The application may be doing too much work on its main thread.
D/InputEventConsistencyVerifier( 1254): KeyEvent: ACTION_UP but key was not down.
D/InputEventConsistencyVerifier( 1254):   in com.android.internal.view.menu.IconMenuItemView@b3e6eb10
D/InputEventConsistencyVerifier( 1254):   0: sent at 335165000000, KeyEvent { action=ACTION_UP, keyCode=KEYCODE_DPAD_LEFT, scanCode=0, metaState=0, flags=0x400, repeatCount=0, eventTime=335165, downTime=335165, deviceId=-1, source=0x101 }
D/InputEventConsistencyVerifier( 1254):   -- recent events --
D/InputEventConsistencyVerifier( 1254):   1: sent at 334917000000, (unhandled) KeyEvent { action=ACTION_DOWN, keyCode=KEYCODE_DPAD_RIGHT, scanCode=0, metaState=0, flags=0x8, repeatCount=0, eventTime=334917, downTime=334917, deviceId=-1, source=0x101 }
D/InputEventConsistencyVerifier( 1254):   2: sent at 334696000000, (unhandled) KeyEvent { action=ACTION_UP, keyCode=KEYCODE_DPAD_RIGHT, scanCode=0, metaState=0, flags=0x80000008, repeatCount=0, eventTime=334696, downTime=334696, deviceId=-1, source=0x101 }
D/InputEventConsistencyVerifier( 1254): KeyEvent: ACTION_UP but key was not down.
D/InputEventConsistencyVerifier( 1254):   in com.android.internal.view.menu.IconMenuItemView@b3e6f220
D/InputEventConsistencyVerifier( 1254):   0: sent at 335167000000, KeyEvent { action=ACTION_UP, keyCode=KEYCODE_DPAD_LEFT, scanCode=0, metaState=0, flags=0x400, repeatCount=0, eventTime=335167, downTime=335167, deviceId=-1, source=0x101 }
D/InputEventConsistencyVerifier( 1254):   -- recent events --
D/InputEventConsistencyVerifier( 1254):   1: sent at 334686000000, (unhandled) KeyEvent { action=ACTION_DOWN, keyCode=KEYCODE_DPAD_RIGHT, scanCode=0, metaState=0, flags=0x8, repeatCount=0, eventTime=334686, downTime=334686, deviceId=-1, source=0x101 }
D/InputEventConsistencyVerifier( 1254):   2: sent at 333992000000, (unhandled) KeyEvent { action=ACTION_UP, keyCode=KEYCODE_DPAD_LEFT, scanCode=0, metaState=0, flags=0x80000008, repeatCount=0, eventTime=333992, downTime=333992, deviceId=-1, source=0x101 }
D/InputEventConsistencyVerifier( 1254):   3: sent at 333602000000, (unhandled) KeyEvent { action=ACTION_UP, keyCode=KEYCODE_DVR, scanCode=0, metaState=0, flags=0x8, repeatCount=0, eventTime=333602, downTime=333602, deviceId=-1, source=0x101 }
D/InputEventConsistencyVerifier( 1254):   4: sent at 333599000000, (unhandled) KeyEvent { action=ACTION_DOWN, keyCode=KEYCODE_DVR, scanCode=0, metaState=0, flags=0x8, repeatCount=0, eventTime=333599, downTime=333599, deviceId=-1, source=0x101 }
D/InputEventConsistencyVerifier( 1254):   5: sent at 332641000000, (unhandled) KeyEvent { action=ACTION_UP, keyCode=KEYCODE_DPAD_UP, scanCode=0, metaState=0, flags=0x8, repeatCount=0, eventTime=332641, downTime=332641, deviceId=-1, source=0x101 }
I/ActivityManager(  231): START {cmp=com.japanese.hot.girl/.SexyImages u=0} from pid 1254
W/WindowManager(  231): Failure taking screenshot for (246x410) to layer 21030
W/DroidBox( 1254): DroidBox: { "ServiceStart": { "name": "com.passionteam.lightdd.CoreService" } }
V/PhoneStatusBar(  427): setLightsOn(true)
D/InputEventConsistencyVerifier( 1254): TrackballEvent: Trackball is down but pressure is not greater than 0.
D/InputEventConsistencyVerifier( 1254):   in android.view.ViewRootImpl@b452cf70
D/InputEventConsistencyVerifier( 1254):   0: sent at 335831000000, MotionEvent { action=ACTION_DOWN, id[0]=0, x[0]=0.0, y[0]=0.0, toolType[0]=TOOL_TYPE_UNKNOWN, buttonState=0, metaState=0, flags=0x0, edgeFlags=0x0, pointerCount=1, historySize=0, eventTime=335831, downTime=335775, deviceId=0, source=0x10004 }
D/InputEventConsistencyVerifier( 1254):   -- recent events --
D/InputEventConsistencyVerifier( 1254):   1: sent at 335888000000, KeyEvent { action=ACTION_UP, keyCode=KEYCODE_DPAD_LEFT, scanCode=0, metaState=0, flags=0x400, repeatCount=0, eventTime=335888, downTime=335888, deviceId=-1, source=0x101 }
D/InputEventConsistencyVerifier( 1254):   2: sent at 335888000000, KeyEvent { action=ACTION_DOWN, keyCode=KEYCODE_DPAD_LEFT, scanCode=0, metaState=0, flags=0x400, repeatCount=0, eventTime=335888, downTime=335888, deviceId=-1, source=0x101 }
D/InputEventConsistencyVerifier( 1254):   3: sent at 335887000000, KeyEvent { action=ACTION_UP, keyCode=KEYCODE_DPAD_LEFT, scanCode=0, metaState=0, flags=0x400, repeatCount=0, eventTime=335887, downTime=335887, deviceId=-1, source=0x101 }
D/InputEventConsistencyVerifier( 1254):   4: sent at 335887000000, KeyEvent { action=ACTION_DOWN, keyCode=KEYCODE_DPAD_LEFT, scanCode=0, metaState=0, flags=0x400, repeatCount=0, eventTime=335887, downTime=335887, deviceId=-1, source=0x101 }
D/InputEventConsistencyVerifier( 1254):   5: sent at 335829000000, MotionEvent { action=ACTION_MOVE, id[0]=0, x[0]=-2.0, y[0]=1.0, toolType[0]=TOOL_TYPE_UNKNOWN, buttonState=0, metaState=0, flags=0x0, edgeFlags=0x0, pointerCount=1, historySize=9, eventTime=335829, downTime=-1, deviceId=0, source=0x10004 }
I/Choreographer( 1254): Skipped 66 frames!  The application may be doing too much work on its main thread.
D/InputEventConsistencyVerifier( 1254): KeyEvent: ACTION_UP but key was not down.
D/InputEventConsistencyVerifier( 1254):   in com.android.internal.view.menu.IconMenuView@b4d51a80
D/InputEventConsistencyVerifier( 1254):   0: sent at 335951000000, KeyEvent { action=ACTION_UP, keyCode=KEYCODE_DPAD_DOWN, scanCode=0, metaState=0, flags=0x8, repeatCount=0, eventTime=335951, downTime=335951, deviceId=-1, source=0x101 }
I/Choreographer( 1254): Skipped 58 frames!  The application may be doing too much work on its main thread.
I/ActivityManager(  231): Displayed com.japanese.hot.girl/.SexyImages: +1s245ms
I/Choreographer( 1254): Skipped 53 frames!  The application may be doing too much work on its main thread.
I/Choreographer( 1254): Skipped 225 frames!  The application may be doing too much work on its main thread.
W/InputManager(  231): Input event injection from pid 1003 failed.
I/Choreographer( 1254): Skipped 67 frames!  The application may be doing too much work on its main thread.
W/InputMethodManagerService(  231): Window already focused, ignoring focus gain of: com.android.internal.view.IInputMethodClient$Stub$Proxy@b4053440 attribute=null
I/ActivityManager(  231): START {cmp=com.japanese.hot.girl/.ShowImage (has extras) u=0} from pid 1254
W/WindowManager(  231): Failure taking screenshot for (246x410) to layer 21030
I/dalvikvm-heap( 1254): Grow heap (frag case) to 29.992MB for 3291316-byte allocation
I/Choreographer( 1254): Skipped 123 frames!  The application may be doing too much work on its main thread.
V/PhoneStatusBar(  427): setLightsOn(true)
I/ActivityManager(  231): START {act=android.intent.action.MAIN cat=[android.intent.category.LAUNCHER] flg=0x10200000 cmp=com.japanese.hot.girl/.SexyImages u=0} from pid 1003
I/dalvikvm-heap( 1254): Grow heap (frag case) to 29.838MB for 3361696-byte allocation
I/Choreographer( 1254): Skipped 131 frames!  The application may be doing too much work on its main thread.
I/ActivityManager(  231): Displayed com.japanese.hot.girl/.ShowImage: +1s242ms
I/Choreographer( 1254): Skipped 123 frames!  The application may be doing too much work on its main thread.
D/InputEventConsistencyVerifier( 1254): KeyEvent: ACTION_UP but key was not down.
D/InputEventConsistencyVerifier( 1254):   in com.android.internal.policy.impl.PhoneWindow$DecorView@b4518000
D/InputEventConsistencyVerifier( 1254):   0: sent at 341235000000, KeyEvent { action=ACTION_UP, keyCode=KEYCODE_DPAD_CENTER, scanCode=0, metaState=0, flags=0x8, repeatCount=0, eventTime=341235, downTime=341235, deviceId=-1, source=0x101 }
D/InputEventConsistencyVerifier( 1254):   -- recent events --
D/InputEventConsistencyVerifier( 1254):   1: sent at 341210000000, (unhandled) MotionEvent { action=ACTION_UP, id[0]=0, x[0]=389.0, y[0]=-61.0, toolType[0]=TOOL_TYPE_UNKNOWN, buttonState=0, metaState=0, flags=0x0, edgeFlags=0x0, pointerCount=1, historySize=0, eventTime=341210, downTime=341194, deviceId=0, source=0x1002 }
D/InputEventConsistencyVerifier( 1254):   2: sent at 341195000000, MotionEvent { action=ACTION_DOWN, id[0]=0, x[0]=388.0, y[0]=-65.0, toolType[0]=TOOL_TYPE_UNKNOWN, buttonState=0, metaState=0, flags=0x0, edgeFlags=0x0, pointerCount=1, historySize=0, eventTime=341195, downTime=341194, deviceId=0, source=0x1002 }
D/InputEventConsistencyVerifier( 1254):   3: sent at 341058000000, (unhandled) KeyEvent { action=ACTION_UP, keyCode=KEYCODE_MEDIA_PLAY_PAUSE, scanCode=0, metaState=0, flags=0x8, repeatCount=0, eventTime=341058, downTime=341058, deviceId=-1, source=0x101 }
D/InputEventConsistencyVerifier( 1254):   4: sent at 340990000000, (unhandled) KeyEvent { action=ACTION_DOWN, keyCode=KEYCODE_MEDIA_PLAY_PAUSE, scanCode=0, metaState=0, flags=0x8, repeatCount=0, eventTime=340990, downTime=340990, deviceId=-1, source=0x101 }
D/InputEventConsistencyVerifier( 1254):   5: sent at 340951000000, (unhandled) KeyEvent { action=ACTION_UP, keyCode=KEYCODE_MENU, scanCode=0, metaState=0, flags=0x8, repeatCount=0, eventTime=340951, downTime=340951, deviceId=-1, source=0x101 }
W/InputManager(  231): Input event injection from pid 1003 failed.
I/Choreographer( 1254): Skipped 51 frames!  The application may be doing too much work on its main thread.
W/InputManager(  231): Input event injection from pid 1003 failed.
W/InputManager(  231): Input event injection from pid 1003 failed.
W/InputManager(  231): Input event injection from pid 1003 failed.
W/InputManager(  231): Input event injection from pid 1003 failed.
W/DroidBox( 1117): DroidBox: { "ServiceStart": { "name": "com.android.music.MediaPlaybackService" } }
W/DroidBox( 1117): DroidBox: { "ServiceStart": { "name": "com.android.music.MediaPlaybackService" } }
W/InputManager(  231): Input event injection from pid 1003 failed.
I/AudioService(  231):  AudioFocus  requestAudioFocus() from android.media.AudioManager@b3e39ec8com.android.music.MediaPlaybackService$3@b3e37cd0
I/AudioService(  231):   Remote Control   registerMediaButtonIntent() for PendingIntent{b3f052d0: PendingIntentRecord{b4111e90 com.android.music broadcastIntent}}
I/dalvikvm-heap( 1254): Grow heap (frag case) to 29.793MB for 3291316-byte allocation
W/InputMethodManagerService(  231): Window already focused, ignoring focus gain of: com.android.internal.view.IInputMethodClient$Stub$Proxy@b40cd648 attribute=null
I/Choreographer( 1254): Skipped 133 frames!  The application may be doing too much work on its main thread.
I/ActivityManager(  231): START {act=android.intent.action.MAIN cat=[android.intent.category.LAUNCHER] flg=0x10200000 cmp=com.japanese.hot.girl/.SexyImages u=0} from pid 1003
I/Choreographer( 1254): Skipped 30 frames!  The application may be doing too much work on its main thread.
D/InputEventConsistencyVerifier( 1254): KeyEvent: ACTION_UP but key was not down.
D/InputEventConsistencyVerifier( 1254):   in com.android.internal.view.menu.IconMenuItemView@b3fb9fb0
D/InputEventConsistencyVerifier( 1254):   0: sent at 342515000000, KeyEvent { action=ACTION_UP, keyCode=KEYCODE_DPAD_RIGHT, scanCode=0, metaState=0, flags=0x400, repeatCount=0, eventTime=342515, downTime=342515, deviceId=-1, source=0x101 }
D/InputEventConsistencyVerifier( 1254): KeyEvent: ACTION_UP but key was not down.
D/InputEventConsistencyVerifier( 1254):   in com.android.internal.view.menu.IconMenuItemView@b3ed8b80
D/InputEventConsistencyVerifier( 1254):   0: sent at 342516000000, KeyEvent { action=ACTION_UP, keyCode=KEYCODE_DPAD_RIGHT, scanCode=0, metaState=0, flags=0x400, repeatCount=0, eventTime=342516, downTime=342516, deviceId=-1, source=0x101 }
D/InputEventConsistencyVerifier( 1254): KeyEvent: ACTION_UP but key was not down.
D/InputEventConsistencyVerifier( 1254):   in com.android.internal.view.menu.IconMenuItemView@b3fb9fb0
D/InputEventConsistencyVerifier( 1254):   0: sent at 342721000000, KeyEvent { action=ACTION_UP, keyCode=KEYCODE_DPAD_LEFT, scanCode=0, metaState=0, flags=0x8, repeatCount=0, eventTime=342721, downTime=342721, deviceId=-1, source=0x101 }
D/InputEventConsistencyVerifier( 1254):   -- recent events --
D/InputEventConsistencyVerifier( 1254):   1: sent at 342516000000, (unhandled) KeyEvent { action=ACTION_DOWN, keyCode=KEYCODE_DPAD_RIGHT, scanCode=0, metaState=0, flags=0x400, repeatCount=0, eventTime=342516, downTime=342516, deviceId=-1, source=0x101 }
D/InputEventConsistencyVerifier( 1254):   2: sent at 342515000000, (unhandled) KeyEvent { action=ACTION_UP, keyCode=KEYCODE_DPAD_RIGHT, scanCode=0, metaState=0, flags=0x80000400, repeatCount=0, eventTime=342515, downTime=342515, deviceId=-1, source=0x101 }
D/InputEventConsistencyVerifier( 1254): KeyEvent: ACTION_UP but key was not down.
D/InputEventConsistencyVerifier( 1254):   in com.android.internal.policy.impl.PhoneWindow$DecorView@b4518000
D/InputEventConsistencyVerifier( 1254):   0: sent at 342997000000, KeyEvent { action=ACTION_UP, keyCode=KEYCODE_DPAD_UP, scanCode=0, metaState=0, flags=0x8, repeatCount=0, eventTime=342997, downTime=342997, deviceId=-1, source=0x101 }
D/InputEventConsistencyVerifier( 1254):   -- recent events --
D/InputEventConsistencyVerifier( 1254):   1: sent at 342928000000, (unhandled) MotionEvent { action=ACTION_UP, id[0]=0, x[0]=184.0, y[0]=-420.0, toolType[0]=TOOL_TYPE_UNKNOWN, buttonState=0, metaState=0, flags=0x0, edgeFlags=0x0, pointerCount=1, historySize=0, eventTime=342928, downTime=342832, deviceId=0, source=0x1002 }
D/InputEventConsistencyVerifier( 1254):   2: sent at 342921000000, (unhandled) MotionEvent { action=ACTION_MOVE, id[0]=0, x[0]=193.0, y[0]=-420.0, toolType[0]=TOOL_TYPE_UNKNOWN, buttonState=0, metaState=0, flags=0x0, edgeFlags=0x0, pointerCount=1, historySize=5, eventTime=342921, downTime=342832, deviceId=0, source=0x1002 }
D/InputEventConsistencyVerifier( 1254):   3: sent at 342834000000, MotionEvent { action=ACTION_DOWN, id[0]=0, x[0]=241.0, y[0]=-439.0, toolType[0]=TOOL_TYPE_UNKNOWN, buttonState=0, metaState=0, flags=0x0, edgeFlags=0x0, pointerCount=1, historySize=0, eventTime=342834, downTime=342832, deviceId=0, source=0x1002 }
D/InputEventConsistencyVerifier( 1254):   4: sent at 342721000000, (unhandled) KeyEvent { action=ACTION_UP, keyCode=KEYCODE_DPAD_LEFT, scanCode=0, metaState=0, flags=0x8, repeatCount=0, eventTime=342721, downTime=342721, deviceId=-1, source=0x101 }
D/InputEventConsistencyVerifier( 1254):   5: sent at 342590000000, (unhandled) KeyEvent { action=ACTION_DOWN, keyCode=KEYCODE_DPAD_LEFT, scanCode=0, metaState=0, flags=0x8, repeatCount=0, eventTime=342590, downTime=342590, deviceId=-1, source=0x101 }
I/ActivityManager(  231): START {act=android.intent.action.MAIN cat=[android.intent.category.LAUNCHER] flg=0x10000000 cmp=com.android.contacts/.activities.PeopleActivity sel={act=android.intent.action.MAIN cat=[android.intent.category.APP_CONTACTS]} u=0} from pid 231
D/InputEventConsistencyVerifier( 1254): KeyEvent: ACTION_UP but key was not down.
D/InputEventConsistencyVerifier( 1254):   in android.view.ViewRootImpl@b4d553a8
D/InputEventConsistencyVerifier( 1254):   0: sent at 343065000000, KeyEvent { action=ACTION_UP, keyCode=KEYCODE_CONTACTS, scanCode=0, metaState=0, flags=0x8, repeatCount=0, eventTime=343065, downTime=343065, deviceId=-1, source=0x101 }
D/InputEventConsistencyVerifier( 1254):   -- recent events --
D/InputEventConsistencyVerifier( 1254):   1: sent at 342997000000, KeyEvent { action=ACTION_UP, keyCode=KEYCODE_DPAD_UP, scanCode=0, metaState=0, flags=0x8, repeatCount=0, eventTime=342997, downTime=342997, deviceId=-1, source=0x101 }
D/InputEventConsistencyVerifier( 1254):   2: sent at 342941000000, KeyEvent { action=ACTION_DOWN, keyCode=KEYCODE_DPAD_UP, scanCode=0, metaState=0, flags=0x8, repeatCount=0, eventTime=342941, downTime=342941, deviceId=-1, source=0x101 }
D/InputEventConsistencyVerifier( 1254):   3: sent at 342928000000, MotionEvent { action=ACTION_UP, id[0]=0, x[0]=184.0, y[0]=-420.0, toolType[0]=TOOL_TYPE_UNKNOWN, buttonState=0, metaState=0, flags=0x0, edgeFlags=0x0, pointerCount=1, historySize=0, eventTime=342928, downTime=342832, deviceId=0, source=0x1002 }
D/InputEventConsistencyVerifier( 1254):   4: sent at 342921000000, MotionEvent { action=ACTION_MOVE, id[0]=0, x[0]=193.0, y[0]=-420.0, toolType[0]=TOOL_TYPE_UNKNOWN, buttonState=0, metaState=0, flags=0x0, edgeFlags=0x0, pointerCount=1, historySize=5, eventTime=342921, downTime=342832, deviceId=0, source=0x1002 }
D/InputEventConsistencyVerifier( 1254):   5: sent at 342834000000, MotionEvent { action=ACTION_DOWN, id[0]=0, x[0]=241.0, y[0]=-439.0, toolType[0]=TOOL_TYPE_UNKNOWN, buttonState=0, metaState=0, flags=0x0, edgeFlags=0x0, pointerCount=1, historySize=0, eventTime=342834, downTime=342832, deviceId=0, source=0x1002 }
D/InputEventConsistencyVerifier( 1254): TrackballEvent: Trackball is down but pressure is not greater than 0.
D/InputEventConsistencyVerifier( 1254):   in android.view.ViewRootImpl@b4d553a8
D/InputEventConsistencyVerifier( 1254):   0: sent at 343147000000, MotionEvent { action=ACTION_DOWN, id[0]=0, x[0]=0.0, y[0]=0.0, toolType[0]=TOOL_TYPE_UNKNOWN, buttonState=0, metaState=0, flags=0x0, edgeFlags=0x0, pointerCount=1, historySize=0, eventTime=343147, downTime=343071, deviceId=0, source=0x10004 }
D/InputEventConsistencyVerifier( 1254):   -- recent events --
D/InputEventConsistencyVerifier( 1254):   1: sent at 343171000000, KeyEvent { action=ACTION_UP, keyCode=KEYCODE_DPAD_RIGHT, scanCode=0, metaState=0, flags=0x400, repeatCount=0, eventTime=343171, downTime=343171, deviceId=-1, source=0x101 }
D/InputEventConsistencyVerifier( 1254):   2: sent at 343171000000, KeyEvent { action=ACTION_DOWN, keyCode=KEYCODE_DPAD_RIGHT, scanCode=0, metaState=0, flags=0x400, repeatCount=0, eventTime=343171, downTime=343171, deviceId=-1, source=0x101 }
D/InputEventConsistencyVerifier( 1254):   3: sent at 343170000000, KeyEvent { action=ACTION_UP, keyCode=KEYCODE_DPAD_RIGHT, scanCode=0, metaState=0, flags=0x400, repeatCount=0, eventTime=343170, downTime=343170, deviceId=-1, source=0x101 }
D/InputEventConsistencyVerifier( 1254):   4: sent at 343170000000, KeyEvent { action=ACTION_DOWN, keyCode=KEYCODE_DPAD_RIGHT, scanCode=0, metaState=0, flags=0x400, repeatCount=0, eventTime=343170, downTime=343170, deviceId=-1, source=0x101 }
D/InputEventConsistencyVerifier( 1254):   5: sent at 343170000000, KeyEvent { action=ACTION_UP, keyCode=KEYCODE_DPAD_RIGHT, scanCode=0, metaState=0, flags=0x400, repeatCount=0, eventTime=343170, downTime=343170, deviceId=-1, source=0x101 }
I/ActivityManager(  231): START {cmp=com.japanese.hot.girl/.SexyImages u=0} from pid 1254
W/WindowManager(  231): Failure taking screenshot for (246x410) to layer 21035
W/InputMethodManagerService(  231): Focus gain on non-focused client com.android.internal.view.IInputMethodClient$Stub$Proxy@b42c8c08 (uid=10050 pid=1254)
W/DroidBox( 1254): DroidBox: { "ServiceStart": { "name": "com.passionteam.lightdd.CoreService" } }
V/PhoneStatusBar(  427): setLightsOn(true)
D/InputEventConsistencyVerifier( 1254): KeyEvent: ACTION_UP but key was not down.
D/InputEventConsistencyVerifier( 1254):   in android.view.ViewRootImpl@b4d50268
D/InputEventConsistencyVerifier( 1254):   0: sent at 343297000000, KeyEvent { action=ACTION_UP, keyCode=KEYCODE_DPAD_CENTER, scanCode=0, metaState=0, flags=0x8, repeatCount=0, eventTime=343297, downTime=343297, deviceId=-1, source=0x101 }
I/Choreographer( 1254): Skipped 33 frames!  The application may be doing too much work on its main thread.
I/ActivityManager(  231): Displayed com.japanese.hot.girl/.SexyImages: +715ms
I/Choreographer( 1254): Skipped 84 frames!  The application may be doing too much work on its main thread.
I/ActivityManager(  231): START {cmp=com.japanese.hot.girl/.ShowImage (has extras) u=0} from pid 1254
W/WindowManager(  231): Failure taking screenshot for (246x410) to layer 21035
I/dalvikvm-heap( 1254): Grow heap (frag case) to 33.195MB for 3378256-byte allocation
V/PhoneStatusBar(  427): setLightsOn(true)
I/Choreographer( 1254): Skipped 34 frames!  The application may be doing too much work on its main thread.
I/ActivityManager(  231): Displayed com.japanese.hot.girl/.ShowImage: +951ms
I/Choreographer( 1254): Skipped 42 frames!  The application may be doing too much work on its main thread.
I/dalvikvm-heap( 1254): Grow heap (frag case) to 33.052MB for 3365836-byte allocation
I/dalvikvm-heap( 1254): Grow heap (frag case) to 33.053MB for 3365836-byte allocation
I/dalvikvm-heap( 1254): Grow heap (frag case) to 33.053MB for 3365836-byte allocation
I/InputDispatcher(  231): Window 'Window{b41b6168 com.japanese.hot.girl/com.japanese.hot.girl.ShowImage paused=false}' spent 2003.6ms processing the last input event: MotionEvent(action=1, deviceId=0, source=0x00001002)
I/dalvikvm-heap( 1254): Grow heap (frag case) to 33.053MB for 3365836-byte allocation
I/InputDispatcher(  231): Window 'Window{b41b6168 com.japanese.hot.girl/com.japanese.hot.girl.ShowImage paused=false}' spent 2379.2ms processing the last input event: MotionEvent(action=1, deviceId=0, source=0x00001002)
I/InputDispatcher(  231): Window 'Window{b41b6168 com.japanese.hot.girl/com.japanese.hot.girl.ShowImage paused=false}' spent 2541.7ms processing the last input event: MotionEvent(action=2, deviceId=0, source=0x00010004)
I/InputDispatcher(  231): Window 'Window{b41b6168 com.japanese.hot.girl/com.japanese.hot.girl.ShowImage paused=false}' spent 2369.2ms processing the last input event: MotionEvent(action=0, deviceId=0, source=0x00001002)
I/dalvikvm-heap( 1254): Grow heap (frag case) to 33.054MB for 3365836-byte allocation
I/InputDispatcher(  231): Window 'Window{b41b6168 com.japanese.hot.girl/com.japanese.hot.girl.ShowImage paused=false}' spent 2784.0ms processing the last input event: MotionEvent(action=1, deviceId=0, source=0x00001002)
I/InputDispatcher(  231): Window 'Window{b41b6168 com.japanese.hot.girl/com.japanese.hot.girl.ShowImage paused=false}' spent 2971.4ms processing the last input event: MotionEvent(action=2, deviceId=0, source=0x00010004)
I/InputDispatcher(  231): Window 'Window{b41b6168 com.japanese.hot.girl/com.japanese.hot.girl.ShowImage paused=false}' spent 2972.0ms processing the last input event: MotionEvent(action=2, deviceId=0, source=0x00010004)
I/InputDispatcher(  231): Window 'Window{b41b6168 com.japanese.hot.girl/com.japanese.hot.girl.ShowImage paused=false}' spent 2971.5ms processing the last input event: MotionEvent(action=2, deviceId=0, source=0x00010004)
I/Choreographer( 1254): Skipped 571 frames!  The application may be doing too much work on its main thread.
I/ActivityManager(  231): START {cmp=com.japanese.hot.girl/.SexyImages u=0} from pid 1254
W/WindowManager(  231): Failure taking screenshot for (246x410) to layer 21045
I/dalvikvm-heap( 1254): Grow heap (frag case) to 33.100MB for 3365836-byte allocation
I/Choreographer( 1254): Skipped 138 frames!  The application may be doing too much work on its main thread.
W/ActivityManager(  231): Activity pause timeout for ActivityRecord{b3ed9640 com.japanese.hot.girl/.ShowImage}
I/Choreographer( 1254): Skipped 42 frames!  The application may be doing too much work on its main thread.
W/DroidBox( 1254): DroidBox: { "ServiceStart": { "name": "com.passionteam.lightdd.CoreService" } }
V/PhoneStatusBar(  427): setLightsOn(true)
I/Choreographer( 1254): Skipped 35 frames!  The application may be doing too much work on its main thread.
I/ActivityManager(  231): Displayed com.japanese.hot.girl/.SexyImages: +702ms
I/ActivityManager(  231): START {cmp=com.japanese.hot.girl/.ShowImage (has extras) u=0} from pid 1254
W/WindowManager(  231): Failure taking screenshot for (246x410) to layer 21050
I/Choreographer( 1254): Skipped 103 frames!  The application may be doing too much work on its main thread.
I/dalvikvm-heap( 1254): Grow heap (frag case) to 35.574MB for 2719996-byte allocation
I/Choreographer( 1254): Skipped 101 frames!  The application may be doing too much work on its main thread.
V/PhoneStatusBar(  427): setLightsOn(true)
D/InputEventConsistencyVerifier( 1254): KeyEvent: ACTION_UP but key was not down.
D/InputEventConsistencyVerifier( 1254):   in android.view.ViewRootImpl@b3f4d938
D/InputEventConsistencyVerifier( 1254):   0: sent at 351123000000, KeyEvent { action=ACTION_UP, keyCode=KEYCODE_MENU, scanCode=0, metaState=0, flags=0x8, repeatCount=0, eventTime=351123, downTime=351123, deviceId=-1, source=0x101 }
I/Choreographer( 1254): Skipped 34 frames!  The application may be doing too much work on its main thread.
I/ActivityManager(  231): Displayed com.japanese.hot.girl/.ShowImage: +809ms
I/Choreographer( 1254): Skipped 45 frames!  The application may be doing too much work on its main thread.
I/dalvikvm-heap( 1254): Grow heap (frag case) to 36.253MB for 3212656-byte allocation
I/dalvikvm-heap( 1254): Grow heap (frag case) to 35.576MB for 2719996-byte allocation
I/Choreographer( 1254): Skipped 193 frames!  The application may be doing too much work on its main thread.
I/dalvikvm-heap( 1254): Grow heap (frag case) to 36.301MB for 3212656-byte allocation
I/Choreographer( 1254): Skipped 101 frames!  The application may be doing too much work on its main thread.
W/DroidBox( 1117): DroidBox: { "ServiceStart": { "name": "com.android.music.MediaPlaybackService" } }
W/DroidBox( 1117): DroidBox: { "ServiceStart": { "name": "com.android.music.MediaPlaybackService" } }
D/InputEventConsistencyVerifier( 1254): KeyEvent: ACTION_UP but key was not down.
D/InputEventConsistencyVerifier( 1254):   in com.android.internal.policy.impl.PhoneWindow$DecorView@b4d4ea38
D/InputEventConsistencyVerifier( 1254):   0: sent at 355084000000, KeyEvent { action=ACTION_UP, keyCode=KEYCODE_DPAD_DOWN, scanCode=0, metaState=0, flags=0x8, repeatCount=0, eventTime=355084, downTime=355084, deviceId=-1, source=0x101 }
D/InputEventConsistencyVerifier( 1254):   -- recent events --
D/InputEventConsistencyVerifier( 1254):   1: sent at 355045000000, (unhandled) MotionEvent { action=ACTION_UP, id[0]=0, x[0]=477.0, y[0]=-575.0, toolType[0]=TOOL_TYPE_UNKNOWN, buttonState=0, metaState=0, flags=0x0, edgeFlags=0x0, pointerCount=1, historySize=0, eventTime=355045, downTime=355027, deviceId=0, source=0x1002 }
D/InputEventConsistencyVerifier( 1254):   2: sent at 355028000000, MotionEvent { action=ACTION_DOWN, id[0]=0, x[0]=478.0, y[0]=-560.0, toolType[0]=TOOL_TYPE_UNKNOWN, buttonState=0, metaState=0, flags=0x0, edgeFlags=0x0, pointerCount=1, historySize=0, eventTime=355028, downTime=355027, deviceId=0, source=0x1002 }
D/InputEventConsistencyVerifier( 1254):   3: sent at 355012000000, (unhandled) MotionEvent { action=ACTION_UP, id[0]=0, x[0]=17.0, y[0]=-256.0, toolType[0]=TOOL_TYPE_UNKNOWN, buttonState=0, metaState=0, flags=0x0, edgeFlags=0x0, pointerCount=1, historySize=0, eventTime=355012, downTime=355003, deviceId=0, source=0x1002 }
D/InputEventConsistencyVerifier( 1254):   4: sent at 355003000000, MotionEvent { action=ACTION_DOWN, id[0]=0, x[0]=17.0, y[0]=-256.0, toolType[0]=TOOL_TYPE_UNKNOWN, buttonState=0, metaState=0, flags=0x0, edgeFlags=0x0, pointerCount=1, historySize=0, eventTime=355003, downTime=355003, deviceId=0, source=0x1002 }
D/InputEventConsistencyVerifier( 1254):   5: sent at 354958000000, (unhandled) KeyEvent { action=ACTION_UP, keyCode=KEYCODE_MEDIA_PAUSE, scanCode=0, metaState=0, flags=0x8, repeatCount=0, eventTime=354958, downTime=354958, deviceId=-1, source=0x101 }
W/InputMethodManagerService(  231): Window already focused, ignoring focus gain of: com.android.internal.view.IInputMethodClient$Stub$Proxy@b42696f8 attribute=null
D/InputEventConsistencyVerifier( 1254): KeyEvent: ACTION_UP but key was not down.
D/InputEventConsistencyVerifier( 1254):   in android.view.ViewRootImpl@b3f4d938
D/InputEventConsistencyVerifier( 1254):   0: sent at 355634000000, KeyEvent { action=ACTION_UP, keyCode=KEYCODE_DPAD_RIGHT, scanCode=0, metaState=0, flags=0x8, repeatCount=0, eventTime=355634, downTime=355634, deviceId=-1, source=0x101 }
D/InputEventConsistencyVerifier( 1254):   -- recent events --
D/InputEventConsistencyVerifier( 1254):   1: sent at 354415000000, MotionEvent { action=ACTION_UP, id[0]=0, x[0]=368.0, y[0]=371.0, toolType[0]=TOOL_TYPE_UNKNOWN, buttonState=0, metaState=0, flags=0x0, edgeFlags=0x0, pointerCount=1, historySize=0, eventTime=354415, downTime=354408, deviceId=0, source=0x1002 }
D/InputEventConsistencyVerifier( 1254):   2: sent at 354409000000, MotionEvent { action=ACTION_DOWN, id[0]=0, x[0]=371.0, y[0]=353.0, toolType[0]=TOOL_TYPE_UNKNOWN, buttonState=0, metaState=0, flags=0x0, edgeFlags=0x0, pointerCount=1, historySize=0, eventTime=354409, downTime=354408, deviceId=0, source=0x1002 }
D/InputEventConsistencyVerifier( 1254):   3: sent at 353913000000, KeyEvent { action=ACTION_UP, keyCode=KEYCODE_MENU, scanCode=0, metaState=0, flags=0x8, repeatCount=0, eventTime=353913, downTime=353913, deviceId=-1, source=0x101 }
D/InputEventConsistencyVerifier( 1254):   4: sent at 353139000000, KeyEvent { action=ACTION_DOWN, keyCode=KEYCODE_MENU, scanCode=0, metaState=0, flags=0x8, repeatCount=0, eventTime=353139, downTime=353139, deviceId=-1, source=0x101 }
D/InputEventConsistencyVerifier( 1254):   5: sent at 353901000000, KeyEvent { action=ACTION_UP, keyCode=KEYCODE_DPAD_UP, scanCode=0, metaState=0, flags=0x400, repeatCount=0, eventTime=353901, downTime=353901, deviceId=-1, source=0x101 }
I/dalvikvm-heap( 1254): Grow heap (frag case) to 36.363MB for 3249916-byte allocation
I/Choreographer( 1254): Skipped 83 frames!  The application may be doing too much work on its main thread.
I/dalvikvm-heap( 1254): Grow heap (frag case) to 36.304MB for 3212656-byte allocation
I/dalvikvm-heap( 1254): Grow heap (frag case) to 36.356MB for 3249916-byte allocation
I/dalvikvm-heap( 1254): Grow heap (frag case) to 36.304MB for 3212656-byte allocation
I/dalvikvm-heap( 1254): Grow heap (frag case) to 36.356MB for 3249916-byte allocation
I/dalvikvm-heap( 1254): Grow heap (frag case) to 35.945MB for 2951836-byte allocation
I/Choreographer( 1254): Skipped 429 frames!  The application may be doing too much work on its main thread.
I/ActivityManager(  231): START {act=android.intent.action.MAIN cat=[android.intent.category.LAUNCHER] flg=0x10200000 cmp=com.japanese.hot.girl/.SexyImages u=0} from pid 1003
I/dalvikvm-heap( 1254): Grow heap (frag case) to 36.356MB for 3249916-byte allocation
I/dalvikvm-heap( 1254): Grow heap (frag case) to 36.304MB for 3212656-byte allocation
I/Choreographer( 1254): Skipped 158 frames!  The application may be doing too much work on its main thread.
D/InputEventConsistencyVerifier( 1254): KeyEvent: ACTION_UP but key was not down.
D/InputEventConsistencyVerifier( 1254):   in com.android.internal.policy.impl.PhoneWindow$DecorView@b4d4ea38
D/InputEventConsistencyVerifier( 1254):   0: sent at 359382000000, KeyEvent { action=ACTION_UP, keyCode=KEYCODE_DPAD_UP, scanCode=0, metaState=0, flags=0x8, repeatCount=0, eventTime=359382, downTime=359382, deviceId=-1, source=0x101 }
D/InputEventConsistencyVerifier( 1254):   -- recent events --
D/InputEventConsistencyVerifier( 1254):   1: sent at 359306000000, (unhandled) KeyEvent { action=ACTION_UP, keyCode=KEYCODE_MENU, scanCode=0, metaState=0, flags=0x8, repeatCount=0, eventTime=359306, downTime=359306, deviceId=-1, source=0x101 }
D/InputEventConsistencyVerifier( 1254):   2: sent at 359263000000, (unhandled) KeyEvent { action=ACTION_DOWN, keyCode=KEYCODE_MENU, scanCode=0, metaState=0, flags=0x8, repeatCount=0, eventTime=359263, downTime=359263, deviceId=-1, source=0x101 }
D/InputEventConsistencyVerifier( 1254):   3: sent at 355523000000, (unhandled) KeyEvent { action=ACTION_UP, keyCode=KEYCODE_DPAD_RIGHT, scanCode=0, metaState=0, flags=0x8, repeatCount=0, eventTime=355523, downTime=355523, deviceId=-1, source=0x101 }
D/InputEventConsistencyVerifier( 1254):   4: sent at 355134000000, (unhandled) KeyEvent { action=ACTION_DOWN, keyCode=KEYCODE_DPAD_RIGHT, scanCode=0, metaState=0, flags=0x8, repeatCount=0, eventTime=355134, downTime=355134, deviceId=-1, source=0x101 }
D/InputEventConsistencyVerifier( 1254):   5: sent at 355084000000, (unhandled) KeyEvent { action=ACTION_UP, keyCode=KEYCODE_DPAD_DOWN, scanCode=0, metaState=0, flags=0x80000008, repeatCount=0, eventTime=355084, downTime=355084, deviceId=-1, source=0x101 }
I/dalvikvm-heap( 1254): Grow heap (frag case) to 36.363MB for 3249916-byte allocation
D/InputEventConsistencyVerifier( 1254): KeyEvent: ACTION_UP but key was not down.
D/InputEventConsistencyVerifier( 1254):   in android.view.ViewRootImpl@b3f4d938
D/InputEventConsistencyVerifier( 1254):   0: sent at 359918000000, KeyEvent { action=ACTION_UP, keyCode=KEYCODE_MEDIA_NEXT, scanCode=0, metaState=0, flags=0x8, repeatCount=0, eventTime=359918, downTime=359918, deviceId=-1, source=0x101 }
D/InputEventConsistencyVerifier( 1254):   -- recent events --
D/InputEventConsistencyVerifier( 1254):   1: sent at 359373000000, MotionEvent { action=ACTION_UP, id[0]=0, x[0]=290.0, y[0]=109.0, toolType[0]=TOOL_TYPE_UNKNOWN, buttonState=0, metaState=0, flags=0x0, edgeFlags=0x0, pointerCount=1, historySize=0, eventTime=359373, downTime=359338, deviceId=0, source=0x1002 }
D/InputEventConsistencyVerifier( 1254):   2: sent at 359339000000, MotionEvent { action=ACTION_DOWN, id[0]=0, x[0]=298.0, y[0]=102.0, toolType[0]=TOOL_TYPE_UNKNOWN, buttonState=0, metaState=0, flags=0x0, edgeFlags=0x0, pointerCount=1, historySize=0, eventTime=359339, downTime=359338, deviceId=0, source=0x1002 }
D/InputEventConsistencyVerifier( 1254):   3: sent at 359200000000, KeyEvent { action=ACTION_UP, keyCode=KEYCODE_MENU, scanCode=0, metaState=0, flags=0x8, repeatCount=0, eventTime=359200, downTime=359200, deviceId=-1, source=0x101 }
D/InputEventConsistencyVerifier( 1254):   4: sent at 358582000000, KeyEvent { action=ACTION_DOWN, keyCode=KEYCODE_MENU, scanCode=0, metaState=0, flags=0x8, repeatCount=0, eventTime=358582, downTime=358582, deviceId=-1, source=0x101 }
