W/InputManager(  225): Input event injection from pid 1027 failed.
W/InputManager(  225): Input event injection from pid 1027 failed.
W/InputManager(  225): Input event injection from pid 1027 failed.
W/InputManager(  225): Input event injection from pid 1027 failed.
W/InputManager(  225): Input event injection from pid 1027 failed.
I/Choreographer( 1301): Skipped 86 frames!  The application may be doing too much work on its main thread.
W/InputMethodManagerService(  225): Window already focused, ignoring focus gain of: com.android.internal.view.IInputMethodClient$Stub$Proxy@b3fe0ae8 attribute=android.view.inputmethod.EditorInfo@b3fe0b00
I/Choreographer( 1301): Skipped 64 frames!  The application may be doing too much work on its main thread.
D/InputEventConsistencyVerifier( 1301): KeyEvent: ACTION_UP but key was not down.
D/InputEventConsistencyVerifier( 1301):   in com.android.internal.policy.impl.PhoneWindow$DecorView@b3e186f0
D/InputEventConsistencyVerifier( 1301):   0: sent at 246940000000, KeyEvent { action=ACTION_UP, keyCode=KEYCODE_DPAD_DOWN, scanCode=0, metaState=0, flags=0x8, repeatCount=0, eventTime=246940, downTime=246940, deviceId=-1, source=0x101 }
D/InputEventConsistencyVerifier( 1301):   -- recent events --
D/InputEventConsistencyVerifier( 1301):   1: sent at 246858000000, MotionEvent { action=ACTION_UP, id[0]=0, x[0]=62.666668, y[0]=150.0, toolType[0]=TOOL_TYPE_UNKNOWN, buttonState=0, metaState=0, flags=0x0, edgeFlags=0x0, pointerCount=1, historySize=0, eventTime=246858, downTime=246717, deviceId=0, source=0x1002 }
D/InputEventConsistencyVerifier( 1301):   2: sent at 246853000000, MotionEvent { action=ACTION_POINTER_UP(1), id[0]=0, x[0]=64.0, y[0]=152.66667, toolType[0]=TOOL_TYPE_UNKNOWN, id[1]=1, x[1]=212.0, y[1]=482.6667, toolType[1]=TOOL_TYPE_UNKNOWN, buttonState=0, metaState=0, flags=0x0, edgeFlags=0x0, pointerCount=2, historySize=0, eventTime=246853, downTime=246717, deviceId=0, source=0x1002 }
D/InputEventConsistencyVerifier( 1301):   3: sent at 246847000000, MotionEvent { action=ACTION_MOVE, id[0]=0, x[0]=66.0, y[0]=154.0, toolType[0]=TOOL_TYPE_UNKNOWN, id[1]=1, x[1]=211.33334, y[1]=488.6667, toolType[1]=TOOL_TYPE_UNKNOWN, buttonState=0, metaState=0, flags=0x0, edgeFlags=0x0, pointerCount=2, historySize=3, eventTime=246847, downTime=246717, deviceId=0, source=0x1002 }
D/InputEventConsistencyVerifier( 1301):   4: sent at 246761000000, MotionEvent { action=ACTION_POINTER_DOWN(1), id[0]=0, x[0]=77.333336, y[0]=162.66667, toolType[0]=TOOL_TYPE_UNKNOWN, id[1]=1, x[1]=208.0, y[1]=520.0, toolType[1]=TOOL_TYPE_UNKNOWN, buttonState=0, metaState=0, flags=0x0, edgeFlags=0x0, pointerCount=2, historySize=0, eventTime=246761, downTime=246717, deviceId=0, source=0x1002 }
D/InputEventConsistencyVerifier( 1301):   5: sent at 246753000000, MotionEvent { action=ACTION_DOWN, id[0]=0, x[0]=78.66667, y[0]=164.0, toolType[0]=TOOL_TYPE_UNKNOWN, buttonState=0, metaState=0, flags=0x0, edgeFlags=0x0, pointerCount=1, historySize=0, eventTime=246753, downTime=246717, deviceId=0, source=0x1002 }
I/qtaguid (  225): Failed write_ctrl(s 0 10019) res=-1 errno=1
W/NetworkManagementSocketTagger(  225): setKernelCountSet(10019, 0) failed with errno -1
I/ActivityManager(  225): START {act=android.intent.action.VIEW dat=http://datatkr.info/and53 cmp=com.android.browser/.BrowserActivity u=0} from pid 1301
I/Choreographer( 1301): Skipped 49 frames!  The application may be doing too much work on its main thread.
D/Form    ( 1301): Form Screen1 got onPause
D/Form    ( 1301): Form Screen1 got onActivityResult, requestCode = 2, resultCode = 0
I/ActivityStarter( 1301): resultReturned - resultCode = 0
D/Form    ( 1301): Form Screen1 got onResume
I/ActivityManager(  225): START {act=android.intent.action.VIEW dat=http://datatkr.info/and53 cmp=com.android.browser/.BrowserActivity u=0} from pid 1301
D/Form    ( 1301): Form Screen1 got onPause
D/Form    ( 1301): Form Screen1 got onActivityResult, requestCode = 2, resultCode = 0
I/ActivityStarter( 1301): resultReturned - resultCode = 0
D/Form    ( 1301): Form Screen1 got onResume
D/InputEventConsistencyVerifier( 1301): KeyEvent: ACTION_UP but key was not down.
D/InputEventConsistencyVerifier( 1301):   in com.android.internal.policy.impl.PhoneWindow$DecorView@b3e186f0
D/InputEventConsistencyVerifier( 1301):   0: sent at 248651000000, KeyEvent { action=ACTION_UP, keyCode=KEYCODE_DPAD_CENTER, scanCode=0, metaState=0, flags=0x8, repeatCount=0, eventTime=248651, downTime=248651, deviceId=-1, source=0x101 }
D/InputEventConsistencyVerifier( 1301):   -- recent events --
D/InputEventConsistencyVerifier( 1301):   1: sent at 248622000000, MotionEvent { action=ACTION_UP, id[0]=0, x[0]=122.0, y[0]=352.0, toolType[0]=TOOL_TYPE_UNKNOWN, buttonState=0, metaState=0, flags=0x0, edgeFlags=0x0, pointerCount=1, historySize=0, eventTime=248622, downTime=248535, deviceId=0, source=0x1002 }
D/InputEventConsistencyVerifier( 1301):   2: sent at 248619000000, MotionEvent { action=ACTION_MOVE, id[0]=0, x[0]=118.0, y[0]=348.6667, toolType[0]=TOOL_TYPE_UNKNOWN, buttonState=0, metaState=0, flags=0x0, edgeFlags=0x0, pointerCount=1, historySize=3, eventTime=248619, downTime=248535, deviceId=0, source=0x1002 }
D/InputEventConsistencyVerifier( 1301):   3: sent at 248599500000, MotionEvent { action=ACTION_MOVE, id[0]=0, x[0]=108.0, y[0]=335.0, toolType[0]=TOOL_TYPE_UNKNOWN, buttonState=0, metaState=0, flags=0x0, edgeFlags=0x0, pointerCount=1, historySize=5, eventTime=248599, downTime=248535, deviceId=0, source=0x1002 }
D/InputEventConsistencyVerifier( 1301):   4: sent at 248538000000, MotionEvent { action=ACTION_DOWN, id[0]=0, x[0]=84.0, y[0]=316.0, toolType[0]=TOOL_TYPE_UNKNOWN, buttonState=0, metaState=0, flags=0x0, edgeFlags=0x0, pointerCount=1, historySize=0, eventTime=248538, downTime=248535, deviceId=0, source=0x1002 }
D/InputEventConsistencyVerifier( 1301):   5: sent at 248498000000, (unhandled) KeyEvent { action=ACTION_UP, keyCode=KEYCODE_DPAD_RIGHT, scanCode=0, metaState=0, flags=0x8, repeatCount=0, eventTime=248498, downTime=248498, deviceId=-1, source=0x101 }
I/ActivityManager(  225): START {act=android.intent.action.VIEW dat=http://datatkr.info/and53 cmp=com.android.browser/.BrowserActivity u=0} from pid 1301
D/Form    ( 1301): Form Screen1 got onPause
D/Form    ( 1301): Form Screen1 got onActivityResult, requestCode = 2, resultCode = 0
I/ActivityStarter( 1301): resultReturned - resultCode = 0
D/Form    ( 1301): Form Screen1 got onResume
D/InputEventConsistencyVerifier( 1301): KeyEvent: ACTION_UP but key was not down.
D/InputEventConsistencyVerifier( 1301):   in com.android.internal.policy.impl.PhoneWindow$DecorView@b3e186f0
D/InputEventConsistencyVerifier( 1301):   0: sent at 248891000000, KeyEvent { action=ACTION_UP, keyCode=KEYCODE_DPAD_UP, scanCode=0, metaState=0, flags=0x8, repeatCount=0, eventTime=248891, downTime=248891, deviceId=-1, source=0x101 }
D/InputEventConsistencyVerifier( 1301):   -- recent events --
D/InputEventConsistencyVerifier( 1301):   1: sent at 248761000000, MotionEvent { action=ACTION_UP, id[0]=0, x[0]=216.0, y[0]=248.0, toolType[0]=TOOL_TYPE_UNKNOWN, buttonState=0, metaState=0, flags=0x0, edgeFlags=0x0, pointerCount=1, historySize=0, eventTime=248761, downTime=248755, deviceId=0, source=0x1002 }
D/InputEventConsistencyVerifier( 1301):   2: sent at 248756000000, MotionEvent { action=ACTION_DOWN, id[0]=0, x[0]=219.33334, y[0]=253.33334, toolType[0]=TOOL_TYPE_UNKNOWN, buttonState=0, metaState=0, flags=0x0, edgeFlags=0x0, pointerCount=1, historySize=0, eventTime=248756, downTime=248755, deviceId=0, source=0x1002 }
D/InputEventConsistencyVerifier( 1301):   3: sent at 248651000000, (unhandled) KeyEvent { action=ACTION_UP, keyCode=KEYCODE_DPAD_CENTER, scanCode=0, metaState=0, flags=0x80000008, repeatCount=0, eventTime=248651, downTime=248651, deviceId=-1, source=0x101 }
D/InputEventConsistencyVerifier( 1301):   4: sent at 248622000000, MotionEvent { action=ACTION_UP, id[0]=0, x[0]=122.0, y[0]=352.0, toolType[0]=TOOL_TYPE_UNKNOWN, buttonState=0, metaState=0, flags=0x0, edgeFlags=0x0, pointerCount=1, historySize=0, eventTime=248622, downTime=248535, deviceId=0, source=0x1002 }
D/InputEventConsistencyVerifier( 1301):   5: sent at 248619000000, MotionEvent { action=ACTION_MOVE, id[0]=0, x[0]=118.0, y[0]=348.6667, toolType[0]=TOOL_TYPE_UNKNOWN, buttonState=0, metaState=0, flags=0x0, edgeFlags=0x0, pointerCount=1, historySize=3, eventTime=248619, downTime=248535, deviceId=0, source=0x1002 }
I/ActivityManager(  225): START {act=android.intent.action.MAIN cat=[android.intent.category.HOME] flg=0x10200000 cmp=com.android.launcher/com.android.launcher2.Launcher u=0} from pid 225
I/Choreographer( 1301): Skipped 40 frames!  The application may be doing too much work on its main thread.
I/ActivityManager(  225): START {act=android.intent.action.MAIN cat=[android.intent.category.LAUNCHER] flg=0x10200000 cmp=appinventor.ai_T10D78.NinJumpDeluxe/.Screen1 u=0} from pid 1027
D/InputEventConsistencyVerifier( 1301): KeyEvent: ACTION_UP but key was not down.
D/InputEventConsistencyVerifier( 1301):   in com.android.internal.policy.impl.PhoneWindow$DecorView@b3e186f0
D/InputEventConsistencyVerifier( 1301):   0: sent at 250123000000, KeyEvent { action=ACTION_UP, keyCode=KEYCODE_DPAD_LEFT, scanCode=0, metaState=0, flags=0x8, repeatCount=0, eventTime=250123, downTime=250123, deviceId=-1, source=0x101 }
D/InputEventConsistencyVerifier( 1301):   -- recent events --
D/InputEventConsistencyVerifier( 1301):   1: sent at 250034000000, MotionEvent { action=ACTION_UP, id[0]=0, x[0]=146.0, y[0]=425.33334, toolType[0]=TOOL_TYPE_UNKNOWN, buttonState=0, metaState=0, flags=0x0, edgeFlags=0x0, pointerCount=1, historySize=0, eventTime=250034, downTime=249979, deviceId=0, source=0x1002 }
D/InputEventConsistencyVerifier( 1301):   2: sent at 250031000000, MotionEvent { action=ACTION_MOVE, id[0]=0, x[0]=150.0, y[0]=429.33334, toolType[0]=TOOL_TYPE_UNKNOWN, buttonState=0, metaState=0, flags=0x0, edgeFlags=0x0, pointerCount=1, historySize=6, eventTime=250031, downTime=249979, deviceId=0, source=0x1002 }
D/InputEventConsistencyVerifier( 1301):   3: sent at 249982000000, MotionEvent { action=ACTION_DOWN, id[0]=0, x[0]=161.33334, y[0]=445.33334, toolType[0]=TOOL_TYPE_UNKNOWN, buttonState=0, metaState=0, flags=0x0, edgeFlags=0x0, pointerCount=1, historySize=0, eventTime=249982, downTime=249979, deviceId=0, source=0x1002 }
D/InputEventConsistencyVerifier( 1301):   4: sent at 249278000000, (unhandled) KeyEvent { action=ACTION_UP, keyCode=KEYCODE_3D_MODE, scanCode=0, metaState=0, flags=0x8, repeatCount=0, eventTime=249278, downTime=249278, deviceId=-1, source=0x101 }
D/InputEventConsistencyVerifier( 1301):   5: sent at 249179000000, (unhandled) KeyEvent { action=ACTION_DOWN, keyCode=KEYCODE_3D_MODE, scanCode=0, metaState=0, flags=0x8, repeatCount=0, eventTime=249179, downTime=249179, deviceId=-1, source=0x101 }
I/InputDispatcher(  225): Dropped event because of pending overdue app switch.
W/InputManager(  225): Input event injection from pid 1027 failed.
I/ActivityManager(  225): START {act=android.intent.action.VIEW dat=http://datatkr.info/and53 cmp=com.android.browser/.BrowserActivity u=0} from pid 1301
D/Form    ( 1301): Form Screen1 got onPause
D/Form    ( 1301): Form Screen1 got onActivityResult, requestCode = 2, resultCode = 0
I/ActivityStarter( 1301): resultReturned - resultCode = 0
D/Form    ( 1301): Form Screen1 got onResume
D/InputEventConsistencyVerifier( 1301): KeyEvent: ACTION_UP but key was not down.
D/InputEventConsistencyVerifier( 1301):   in com.android.internal.policy.impl.PhoneWindow$DecorView@b3e186f0
D/InputEventConsistencyVerifier( 1301):   0: sent at 250553000000, KeyEvent { action=ACTION_UP, keyCode=KEYCODE_DPAD_CENTER, scanCode=0, metaState=0, flags=0x28, repeatCount=0, eventTime=250553, downTime=250481, deviceId=-1, source=0x101 }
D/InputEventConsistencyVerifier( 1301):   -- recent events --
D/InputEventConsistencyVerifier( 1301):   1: sent at 250450000000, MotionEvent { action=ACTION_UP, id[0]=0, x[0]=31.333334, y[0]=45.333336, toolType[0]=TOOL_TYPE_UNKNOWN, buttonState=0, metaState=0, flags=0x0, edgeFlags=0x0, pointerCount=1, historySize=0, eventTime=250450, downTime=250435, deviceId=0, source=0x1002 }
D/InputEventConsistencyVerifier( 1301):   2: sent at 250436000000, MotionEvent { action=ACTION_DOWN, id[0]=0, x[0]=44.0, y[0]=34.666668, toolType[0]=TOOL_TYPE_UNKNOWN, buttonState=0, metaState=0, flags=0x0, edgeFlags=0x0, pointerCount=1, historySize=0, eventTime=250436, downTime=250435, deviceId=0, source=0x1002 }
D/InputEventConsistencyVerifier( 1301):   3: sent at 250421000000, (unhandled) KeyEvent { action=ACTION_UP, keyCode=KEYCODE_DPAD_DOWN, scanCode=0, metaState=0, flags=0x8, repeatCount=0, eventTime=250421, downTime=250421, deviceId=-1, source=0x101 }
D/InputEventConsistencyVerifier( 1301):   4: sent at 250225000000, (unhandled) KeyEvent { action=ACTION_DOWN, keyCode=KEYCODE_DPAD_DOWN, scanCode=0, metaState=0, flags=0x8, repeatCount=0, eventTime=250225, downTime=250225, deviceId=-1, source=0x101 }
D/InputEventConsistencyVerifier( 1301):   5: sent at 250194000000, (unhandled) MotionEvent { action=ACTION_MOVE, id[0]=0, x[0]=-1.0, y[0]=-1.0, toolType[0]=TOOL_TYPE_UNKNOWN, buttonState=0, metaState=0, flags=0x0, edgeFlags=0x0, pointerCount=1, historySize=9, eventTime=250194, downTime=-1, deviceId=0, source=0x10004 }
D/InputEventConsistencyVerifier( 1301): KeyEvent: ACTION_UP but key was not down.
D/InputEventConsistencyVerifier( 1301):   in com.android.internal.policy.impl.PhoneWindow$DecorView@b3e186f0
D/InputEventConsistencyVerifier( 1301):   0: sent at 251422000000, KeyEvent { action=ACTION_UP, keyCode=KEYCODE_DPAD_CENTER, scanCode=0, metaState=0, flags=0x8, repeatCount=0, eventTime=251422, downTime=251422, deviceId=-1, source=0x101 }
D/InputEventConsistencyVerifier( 1301):   -- recent events --
D/InputEventConsistencyVerifier( 1301):   1: sent at 251386000000, MotionEvent { action=ACTION_UP, id[0]=0, x[0]=207.33334, y[0]=212.0, toolType[0]=TOOL_TYPE_UNKNOWN, buttonState=0, metaState=0, flags=0x0, edgeFlags=0x0, pointerCount=1, historySize=0, eventTime=251386, downTime=251381, deviceId=0, source=0x1002 }
D/InputEventConsistencyVerifier( 1301):   2: sent at 251381000000, MotionEvent { action=ACTION_DOWN, id[0]=0, x[0]=202.66667, y[0]=212.66667, toolType[0]=TOOL_TYPE_UNKNOWN, buttonState=0, metaState=0, flags=0x0, edgeFlags=0x0, pointerCount=1, historySize=0, eventTime=251381, downTime=251381, deviceId=0, source=0x1002 }
D/InputEventConsistencyVerifier( 1301):   3: sent at 251372000000, MotionEvent { action=ACTION_UP, id[0]=0, x[0]=39.333336, y[0]=441.33334, toolType[0]=TOOL_TYPE_UNKNOWN, buttonState=0, metaState=0, flags=0x0, edgeFlags=0x0, pointerCount=1, historySize=0, eventTime=251372, downTime=251326, deviceId=0, source=0x1002 }
D/InputEventConsistencyVerifier( 1301):   4: sent at 251369000000, MotionEvent { action=ACTION_MOVE, id[0]=0, x[0]=39.333336, y[0]=450.0, toolType[0]=TOOL_TYPE_UNKNOWN, buttonState=0, metaState=0, flags=0x0, edgeFlags=0x0, pointerCount=1, historySize=4, eventTime=251369, downTime=251326, deviceId=0, source=0x1002 }
D/InputEventConsistencyVerifier( 1301):   5: sent at 251328000000, MotionEvent { action=ACTION_DOWN, id[0]=0, x[0]=60.0, y[0]=476.0, toolType[0]=TOOL_TYPE_UNKNOWN, buttonState=0, metaState=0, flags=0x0, edgeFlags=0x0, pointerCount=1, historySize=0, eventTime=251328, downTime=251326, deviceId=0, source=0x1002 }
I/ActivityManager(  225): START {act=android.intent.action.CALL_BUTTON flg=0x10000000 cmp=com.android.contacts/.activities.DialtactsActivity u=0} from pid 1301
I/ActivityManager(  225): START {act=android.intent.action.VIEW dat=http://datatkr.info/and53 cmp=com.android.browser/.BrowserActivity u=0} from pid 1301
I/ActivityManager(  225): START {act=android.intent.action.VIEW dat=http://datatkr.info/and53 cmp=com.android.browser/.BrowserActivity u=0} from pid 1301
I/Choreographer( 1301): Skipped 47 frames!  The application may be doing too much work on its main thread.
D/Form    ( 1301): Form Screen1 got onPause
D/Form    ( 1301): Form Screen1 got onActivityResult, requestCode = 2, resultCode = 0
I/ActivityStarter( 1301): resultReturned - resultCode = 0
D/Form    ( 1301): Form Screen1 got onResume
D/Form    ( 1301): Form Screen1 got onPause
D/Form    ( 1301): Form Screen1 got onActivityResult, requestCode = 2, resultCode = 0
I/ActivityStarter( 1301): resultReturned - resultCode = 0
D/Form    ( 1301): Form Screen1 got onResume
D/InputEventConsistencyVerifier( 1301): KeyEvent: ACTION_UP but key was not down.
D/InputEventConsistencyVerifier( 1301):   in com.android.internal.policy.impl.PhoneWindow$DecorView@b3e186f0
D/InputEventConsistencyVerifier( 1301):   0: sent at 251996000000, KeyEvent { action=ACTION_UP, keyCode=KEYCODE_DPAD_LEFT, scanCode=0, metaState=0, flags=0x400, repeatCount=0, eventTime=251996, downTime=251996, deviceId=-1, source=0x101 }
D/InputEventConsistencyVerifier( 1301):   -- recent events --
D/InputEventConsistencyVerifier( 1301):   1: sent at 251974000000, (unhandled) MotionEvent { action=ACTION_MOVE, id[0]=0, x[0]=-3.0, y[0]=0.0, toolType[0]=TOOL_TYPE_UNKNOWN, buttonState=0, metaState=0, flags=0x0, edgeFlags=0x0, pointerCount=1, historySize=3, eventTime=251974, downTime=-1, deviceId=0, source=0x10004 }
D/InputEventConsistencyVerifier( 1301):   2: sent at 251957000000, MotionEvent { action=ACTION_UP, id[0]=0, x[0]=172.0, y[0]=271.33334, toolType[0]=TOOL_TYPE_UNKNOWN, buttonState=0, metaState=0, flags=0x0, edgeFlags=0x0, pointerCount=1, historySize=0, eventTime=251957, downTime=251952, deviceId=0, source=0x1002 }
D/InputEventConsistencyVerifier( 1301):   3: sent at 251952000000, MotionEvent { action=ACTION_DOWN, id[0]=0, x[0]=172.66667, y[0]=268.0, toolType[0]=TOOL_TYPE_UNKNOWN, buttonState=0, metaState=0, flags=0x0, edgeFlags=0x0, pointerCount=1, historySize=0, eventTime=251952, downTime=251952, deviceId=0, source=0x1002 }
D/InputEventConsistencyVerifier( 1301):   4: sent at 251918000000, MotionEvent { action=ACTION_UP, id[0]=0, x[0]=40.666668, y[0]=300.0, toolType[0]=TOOL_TYPE_UNKNOWN, buttonState=0, metaState=0, flags=0x0, edgeFlags=0x0, pointerCount=1, historySize=0, eventTime=251918, downTime=251912, deviceId=0, source=0x1002 }
D/InputEventConsistencyVerifier( 1301):   5: sent at 251912000000, MotionEvent { action=ACTION_DOWN, id[0]=0, x[0]=41.333336, y[0]=300.0, toolType[0]=TOOL_TYPE_UNKNOWN, buttonState=0, metaState=0, flags=0x0, edgeFlags=0x0, pointerCount=1, historySize=0, eventTime=251912, downTime=251912, deviceId=0, source=0x1002 }
I/ActivityManager(  225): START {act=android.intent.action.VIEW dat=http://datatkr.info/and53 cmp=com.android.browser/.BrowserActivity u=0} from pid 1301
D/Form    ( 1301): Form Screen1 got onPause
D/Form    ( 1301): Form Screen1 got onActivityResult, requestCode = 2, resultCode = 0
I/ActivityStarter( 1301): resultReturned - resultCode = 0
D/Form    ( 1301): Form Screen1 got onResume
I/Choreographer( 1301): Skipped 39 frames!  The application may be doing too much work on its main thread.
D/InputEventConsistencyVerifier( 1301): KeyEvent: ACTION_UP but key was not down.
D/InputEventConsistencyVerifier( 1301):   in com.android.internal.policy.impl.PhoneWindow$DecorView@b3f32e90
D/InputEventConsistencyVerifier( 1301):   0: sent at 253404000000, KeyEvent { action=ACTION_UP, keyCode=KEYCODE_DPAD_RIGHT, scanCode=0, metaState=0, flags=0x400, repeatCount=0, eventTime=253404, downTime=253404, deviceId=-1, source=0x101 }
D/InputEventConsistencyVerifier( 1301):   -- recent events --
D/InputEventConsistencyVerifier( 1301):   1: sent at 253021000000, (unhandled) MotionEvent { action=ACTION_MOVE, id[0]=0, x[0]=2.0, y[0]=0.0, toolType[0]=TOOL_TYPE_UNKNOWN, buttonState=0, metaState=0, flags=0x0, edgeFlags=0x0, pointerCount=1, historySize=9, eventTime=253021, downTime=-1, deviceId=0, source=0x10004 }
D/InputEventConsistencyVerifier( 1301):   2: sent at 253048000000, (unhandled) MotionEvent { action=ACTION_UP, id[0]=0, x[0]=148.66667, y[0]=-234.0, toolType[0]=TOOL_TYPE_UNKNOWN, buttonState=0, metaState=0, flags=0x0, edgeFlags=0x0, pointerCount=1, historySize=0, eventTime=253048, downTime=253025, deviceId=0, source=0x1002 }
D/InputEventConsistencyVerifier( 1301):   3: sent at 253046000000, (unhandled) MotionEvent { action=ACTION_MOVE, id[0]=0, x[0]=144.0, y[0]=-232.0, toolType[0]=TOOL_TYPE_UNKNOWN, buttonState=0, metaState=0, flags=0x0, edgeFlags=0x0, pointerCount=1, historySize=4, eventTime=253046, downTime=253025, deviceId=0, source=0x1002 }
D/InputEventConsistencyVerifier( 1301):   4: sent at 253027000000, MotionEvent { action=ACTION_DOWN, id[0]=0, x[0]=126.0, y[0]=-215.33334, toolType[0]=TOOL_TYPE_UNKNOWN, buttonState=0, metaState=0, flags=0x0, edgeFlags=0x0, pointerCount=1, historySize=0, eventTime=253027, downTime=253025, deviceId=0, source=0x1002 }
D/InputEventConsistencyVerifier( 1301):   5: sent at 252885000000, (unhandled) KeyEvent { action=ACTION_UP, keyCode=KEYCODE_DPAD_UP, scanCode=0, metaState=0, flags=0x8, repeatCount=0, eventTime=252885, downTime=252885, deviceId=-1, source=0x101 }
W/DroidBox( 1153): DroidBox: { "ServiceStart": { "name": "com.android.music.MediaPlaybackService" } }
W/DroidBox( 1153): DroidBox: { "ServiceStart": { "name": "com.android.music.MediaPlaybackService" } }
I/AudioService(  225):  AudioFocus  requestAudioFocus() from android.media.AudioManager@b3e16b60com.android.music.MediaPlaybackService$3@b3e15398
I/AudioService(  225):   Remote Control   registerMediaButtonIntent() for PendingIntent{b3f88518: PendingIntentRecord{b3e92d90 com.android.music broadcastIntent}}
I/Choreographer( 1301): Skipped 35 frames!  The application may be doing too much work on its main thread.
I/Choreographer( 1301): Skipped 51 frames!  The application may be doing too much work on its main thread.
I/Choreographer( 1301): Skipped 61 frames!  The application may be doing too much work on its main thread.
D/InputEventConsistencyVerifier( 1301): KeyEvent: ACTION_UP but key was not down.
D/InputEventConsistencyVerifier( 1301):   in com.android.internal.policy.impl.PhoneWindow$DecorView@b3f32e90
D/InputEventConsistencyVerifier( 1301):   0: sent at 254470000000, KeyEvent { action=ACTION_UP, keyCode=KEYCODE_DPAD_DOWN, scanCode=0, metaState=0, flags=0x400, repeatCount=0, eventTime=254470, downTime=254470, deviceId=-1, source=0x101 }
D/InputEventConsistencyVerifier( 1301):   -- recent events --
D/InputEventConsistencyVerifier( 1301):   1: sent at 254203000000, (unhandled) MotionEvent { action=ACTION_MOVE, id[0]=0, x[0]=0.0, y[0]=4.0, toolType[0]=TOOL_TYPE_UNKNOWN, buttonState=0, metaState=0, flags=0x0, edgeFlags=0x0, pointerCount=1, historySize=8, eventTime=254203, downTime=-1, deviceId=0, source=0x10004 }
D/InputEventConsistencyVerifier( 1301):   2: sent at 254169000000, (unhandled) KeyEvent { action=ACTION_UP, keyCode=KEYCODE_DPAD_RIGHT, scanCode=0, metaState=0, flags=0x400, repeatCount=0, eventTime=254169, downTime=254169, deviceId=-1, source=0x101 }
D/InputEventConsistencyVerifier( 1301):   3: sent at 254169000000, (unhandled) KeyEvent { action=ACTION_DOWN, keyCode=KEYCODE_DPAD_RIGHT, scanCode=0, metaState=0, flags=0x400, repeatCount=0, eventTime=254169, downTime=254169, deviceId=-1, source=0x101 }
D/InputEventConsistencyVerifier( 1301):   4: sent at 254165000000, (unhandled) KeyEvent { action=ACTION_UP, keyCode=KEYCODE_DPAD_RIGHT, scanCode=0, metaState=0, flags=0x400, repeatCount=0, eventTime=254165, downTime=254165, deviceId=-1, source=0x101 }
D/InputEventConsistencyVerifier( 1301):   5: sent at 254165000000, (unhandled) KeyEvent { action=ACTION_DOWN, keyCode=KEYCODE_DPAD_RIGHT, scanCode=0, metaState=0, flags=0x400, repeatCount=0, eventTime=254165, downTime=254165, deviceId=-1, source=0x101 }
I/Choreographer( 1301): Skipped 75 frames!  The application may be doing too much work on its main thread.
D/InputEventConsistencyVerifier( 1301): KeyEvent: ACTION_UP but key was not down.
D/InputEventConsistencyVerifier( 1301):   in com.android.internal.policy.impl.PhoneWindow$DecorView@b40d6b18
D/InputEventConsistencyVerifier( 1301):   0: sent at 255176000000, KeyEvent { action=ACTION_UP, keyCode=KEYCODE_DPAD_RIGHT, scanCode=0, metaState=0, flags=0x400, repeatCount=0, eventTime=255176, downTime=255176, deviceId=-1, source=0x101 }
D/InputEventConsistencyVerifier( 1301):   -- recent events --
D/InputEventConsistencyVerifier( 1301):   1: sent at 254975000000, (unhandled) MotionEvent { action=ACTION_MOVE, id[0]=0, x[0]=4.0, y[0]=-3.0, toolType[0]=TOOL_TYPE_UNKNOWN, buttonState=0, metaState=0, flags=0x0, edgeFlags=0x0, pointerCount=1, historySize=9, eventTime=254975, downTime=-1, deviceId=0, source=0x10004 }
D/InputEventConsistencyVerifier( 1301): KeyEvent: ACTION_UP but key was not down.
D/InputEventConsistencyVerifier( 1301):   in android.widget.Button@b40f5cc8
D/InputEventConsistencyVerifier( 1301):   0: sent at 255177000000, KeyEvent { action=ACTION_UP, keyCode=KEYCODE_DPAD_RIGHT, scanCode=0, metaState=0, flags=0x400, repeatCount=0, eventTime=255177, downTime=255177, deviceId=-1, source=0x101 }
D/InputEventConsistencyVerifier( 1301): KeyEvent: ACTION_UP but key was not down.
D/InputEventConsistencyVerifier( 1301):   in com.android.internal.policy.impl.PhoneWindow$DecorView@b3f32e90
D/InputEventConsistencyVerifier( 1301):   0: sent at 255317000000, KeyEvent { action=ACTION_UP, keyCode=KEYCODE_DPAD_LEFT, scanCode=0, metaState=0, flags=0x400, repeatCount=0, eventTime=255317, downTime=255317, deviceId=-1, source=0x101 }
D/InputEventConsistencyVerifier( 1301):   -- recent events --
D/InputEventConsistencyVerifier( 1301):   1: sent at 254796000000, (unhandled) MotionEvent { action=ACTION_MOVE, id[0]=0, x[0]=-2.0, y[0]=0.0, toolType[0]=TOOL_TYPE_UNKNOWN, buttonState=0, metaState=0, flags=0x0, edgeFlags=0x0, pointerCount=1, historySize=9, eventTime=254796, downTime=-1, deviceId=0, source=0x10004 }
D/InputEventConsistencyVerifier( 1301):   2: sent at 254848000000, (unhandled) MotionEvent { action=ACTION_UP, id[0]=0, x[0]=127.333336, y[0]=2.0, toolType[0]=TOOL_TYPE_UNKNOWN, buttonState=0, metaState=0, flags=0x0, edgeFlags=0x0, pointerCount=1, historySize=0, eventTime=254848, downTime=254816, deviceId=0, source=0x1002 }
D/InputEventConsistencyVerifier( 1301):   3: sent at 254845000000, (unhandled) MotionEvent { action=ACTION_MOVE, id[0]=0, x[0]=126.0, y[0]=2.0, toolType[0]=TOOL_TYPE_UNKNOWN, buttonState=0, metaState=0, flags=0x0, edgeFlags=0x0, pointerCount=1, historySize=3, eventTime=254845, downTime=254816, deviceId=0, source=0x1002 }
D/InputEventConsistencyVerifier( 1301):   4: sent at 254818000000, (unhandled) MotionEvent { action=ACTION_DOWN, id[0]=0, x[0]=118.0, y[0]=-3.3333435, toolType[0]=TOOL_TYPE_UNKNOWN, buttonState=0, metaState=0, flags=0x0, edgeFlags=0x0, pointerCount=1, historySize=0, eventTime=254818, downTime=254816, deviceId=0, source=0x1002 }
D/InputEventConsistencyVerifier( 1301):   5: sent at 254527000000, KeyEvent { action=ACTION_UP, keyCode=KEYCODE_DPAD_CENTER, scanCode=0, metaState=0, flags=0x8, repeatCount=0, eventTime=254527, downTime=254527, deviceId=-1, source=0x101 }
I/Choreographer( 1301): Skipped 38 frames!  The application may be doing too much work on its main thread.
D/InputEventConsistencyVerifier( 1301): KeyEvent: ACTION_UP but key was not down.
D/InputEventConsistencyVerifier( 1301):   in android.widget.Button@b40f3c08
D/InputEventConsistencyVerifier( 1301):   0: sent at 256021000000, KeyEvent { action=ACTION_UP, keyCode=KEYCODE_DPAD_LEFT, scanCode=0, metaState=0, flags=0x8, repeatCount=0, eventTime=256021, downTime=256021, deviceId=-1, source=0x101 }
D/InputEventConsistencyVerifier( 1301):   -- recent events --
D/InputEventConsistencyVerifier( 1301):   1: sent at 255177000000, (unhandled) KeyEvent { action=ACTION_DOWN, keyCode=KEYCODE_DPAD_RIGHT, scanCode=0, metaState=0, flags=0x400, repeatCount=0, eventTime=255177, downTime=255177, deviceId=-1, source=0x101 }
D/InputEventConsistencyVerifier( 1301):   2: sent at 255176000000, (unhandled) KeyEvent { action=ACTION_UP, keyCode=KEYCODE_DPAD_RIGHT, scanCode=0, metaState=0, flags=0x80000400, repeatCount=0, eventTime=255176, downTime=255176, deviceId=-1, source=0x101 }
D/InputEventConsistencyVerifier( 1301): KeyEvent: ACTION_UP but key was not down.
D/InputEventConsistencyVerifier( 1301):   in com.android.internal.policy.impl.PhoneWindow$DecorView@b40d6b18
D/InputEventConsistencyVerifier( 1301):   0: sent at 256302000000, KeyEvent { action=ACTION_UP, keyCode=KEYCODE_DPAD_UP, scanCode=0, metaState=0, flags=0x8, repeatCount=0, eventTime=256302, downTime=256302, deviceId=-1, source=0x101 }
D/InputEventConsistencyVerifier( 1301):   -- recent events --
D/InputEventConsistencyVerifier( 1301):   1: sent at 256188000000, (unhandled) MotionEvent { action=ACTION_UP, id[0]=0, x[0]=62.0, y[0]=300.6667, toolType[0]=TOOL_TYPE_UNKNOWN, buttonState=0, metaState=0, flags=0x0, edgeFlags=0x0, pointerCount=1, historySize=0, eventTime=256188, downTime=256104, deviceId=0, source=0x1002 }
D/InputEventConsistencyVerifier( 1301):   2: sent at 256104000000, (unhandled) MotionEvent { action=ACTION_DOWN, id[0]=0, x[0]=68.66667, y[0]=308.6667, toolType[0]=TOOL_TYPE_UNKNOWN, buttonState=0, metaState=0, flags=0x0, edgeFlags=0x0, pointerCount=1, historySize=0, eventTime=256104, downTime=256104, deviceId=0, source=0x1002 }
D/InputEventConsistencyVerifier( 1301):   3: sent at 256021000000, (unhandled) KeyEvent { action=ACTION_UP, keyCode=KEYCODE_DPAD_LEFT, scanCode=0, metaState=0, flags=0x8, repeatCount=0, eventTime=256021, downTime=256021, deviceId=-1, source=0x101 }
D/InputEventConsistencyVerifier( 1301):   4: sent at 256014000000, (unhandled) KeyEvent { action=ACTION_DOWN, keyCode=KEYCODE_DPAD_LEFT, scanCode=0, metaState=0, flags=0x8, repeatCount=0, eventTime=256014, downTime=256014, deviceId=-1, source=0x101 }
D/InputEventConsistencyVerifier( 1301):   5: sent at 256007000000, (unhandled) KeyEvent { action=ACTION_UP, keyCode=KEYCODE_MENU, scanCode=0, metaState=0, flags=0x8, repeatCount=0, eventTime=256007, downTime=256007, deviceId=-1, source=0x101 }
D/InputEventConsistencyVerifier( 1301): KeyEvent: ACTION_UP but key was not down.
D/InputEventConsistencyVerifier( 1301):   in android.widget.Button@b40f5cc8
D/InputEventConsistencyVerifier( 1301):   0: sent at 256356000000, KeyEvent { action=ACTION_UP, keyCode=KEYCODE_DPAD_RIGHT, scanCode=0, metaState=0, flags=0x8, repeatCount=0, eventTime=256356, downTime=256356, deviceId=-1, source=0x101 }
D/InputEventConsistencyVerifier( 1301):   -- recent events --
D/InputEventConsistencyVerifier( 1301):   1: sent at 256014000000, (unhandled) KeyEvent { action=ACTION_DOWN, keyCode=KEYCODE_DPAD_LEFT, scanCode=0, metaState=0, flags=0x8, repeatCount=0, eventTime=256014, downTime=256014, deviceId=-1, source=0x101 }
D/InputEventConsistencyVerifier( 1301):   2: sent at 256007000000, (unhandled) KeyEvent { action=ACTION_UP, keyCode=KEYCODE_MENU, scanCode=0, metaState=0, flags=0x8, repeatCount=0, eventTime=256007, downTime=256007, deviceId=-1, source=0x101 }
D/InputEventConsistencyVerifier( 1301):   3: sent at 255998000000, (unhandled) KeyEvent { action=ACTION_DOWN, keyCode=KEYCODE_MENU, scanCode=0, metaState=0, flags=0x8, repeatCount=0, eventTime=255998, downTime=255998, deviceId=-1, source=0x101 }
D/InputEventConsistencyVerifier( 1301):   4: sent at 255979000000, (unhandled) KeyEvent { action=ACTION_UP, keyCode=KEYCODE_MOVE_HOME, scanCode=0, metaState=0, flags=0x8, repeatCount=0, eventTime=255979, downTime=255979, deviceId=-1, source=0x101 }
D/InputEventConsistencyVerifier( 1301):   5: sent at 255979000000, (unhandled) KeyEvent { action=ACTION_UP, keyCode=KEYCODE_NUMPAD_7, scanCode=0, metaState=0, flags=0x8, repeatCount=0, eventTime=255979, downTime=255979, deviceId=-1, source=0x101 }
I/Choreographer( 1301): Skipped 37 frames!  The application may be doing too much work on its main thread.
I/AndroidRuntime( 1301): VM exiting with result code 0, cleanup skipped.
I/WindowState(  225): WIN DEATH: Window{b41fc4c0 Stop application? paused=false}
I/ActivityManager(  225): Process appinventor.ai_T10D78.NinJumpDeluxe (pid 1301) has died.
I/qtaguid (  225): Failed write_ctrl(s 0 10050) res=-1 errno=1
W/NetworkManagementSocketTagger(  225): setKernelCountSet(10050, 0) failed with errno -1
W/ActivityManager(  225): Force removing ActivityRecord{b417d7f0 appinventor.ai_T10D78.NinJumpDeluxe/.Screen1}: app died, no saved state
W/InputDispatcher(  225): channel 'b3fcee88 appinventor.ai_T10D78.NinJumpDeluxe/appinventor.ai_T10D78.NinJumpDeluxe.Screen1 (server)' ~ Consumer closed input channel or an error occurred.  events=0x9
E/InputDispatcher(  225): channel 'b3fcee88 appinventor.ai_T10D78.NinJumpDeluxe/appinventor.ai_T10D78.NinJumpDeluxe.Screen1 (server)' ~ Channel is unrecoverably broken and will be disposed!
W/InputDispatcher(  225): Attempted to unregister already unregistered input channel 'b3fcee88 appinventor.ai_T10D78.NinJumpDeluxe/appinventor.ai_T10D78.NinJumpDeluxe.Screen1 (server)'
I/WindowState(  225): WIN DEATH: Window{b3fcee88 appinventor.ai_T10D78.NinJumpDeluxe/appinventor.ai_T10D78.NinJumpDeluxe.Screen1 paused=false}
I/InputDispatcher(  225): Dropping event because there is no focused window or focused application.
I/InputDispatcher(  225): Dropping event because there is no focused window or focused application.
I/WindowManager(  225): WINDOW DIED Window{b3fcee88 appinventor.ai_T10D78.NinJumpDeluxe/appinventor.ai_T10D78.NinJumpDeluxe.Screen1 paused=false}
W/InputManager(  225): Input event injection from pid 1027 failed.
W/InputManager(  225): Input event injection from pid 1027 failed.
I/InputDispatcher(  225): Dropping event because there is no focused window or focused application.
W/InputManager(  225): Input event injection from pid 1027 failed.
I/InputDispatcher(  225): Dropping event because there is no focused window or focused application.
W/InputManager(  225): Input event injection from pid 1027 failed.
I/qtaguid (  225): Failed write_ctrl(s 1 10019) res=-1 errno=1
W/NetworkManagementSocketTagger(  225): setKernelCountSet(10019, 1) failed with errno -1
I/Choreographer(  589): Skipped 41 frames!  The application may be doing too much work on its main thread.
W/InputMethodManagerService(  225): Got RemoteException sending setActive(false) notification to pid 1301 uid 10050
I/Choreographer(  589): Skipped 57 frames!  The application may be doing too much work on its main thread.
I/Choreographer(  589): Skipped 31 frames!  The application may be doing too much work on its main thread.
I/Choreographer(  589): Skipped 74 frames!  The application may be doing too much work on its main thread.
W/InputMethodManagerService(  225): Window already focused, ignoring focus gain of: com.android.internal.view.IInputMethodClient$Stub$Proxy@b40558e8 attribute=android.view.inputmethod.EditorInfo@b40b7688
I/ActivityManager(  225): START {act=android.intent.action.CHOOSER cmp=android/com.android.internal.app.ChooserActivity (has extras) u=0} from pid 589
I/ActivityManager(  225): START {act=android.intent.action.CHOOSER cmp=android/com.android.internal.app.ChooserActivity (has extras) u=0} from pid 589
I/Choreographer(  589): Skipped 60 frames!  The application may be doing too much work on its main thread.
I/ActivityManager(  225): START {act=android.settings.MANAGE_ALL_APPLICATIONS_SETTINGS flg=0x10800000 cmp=com.android.settings/.Settings$ManageApplicationsActivity u=0} from pid 589
I/ActivityManager(  225): START {act=android.intent.action.MAIN cat=[android.intent.category.LAUNCHER] flg=0x10200000 cmp=com.android.contacts/.activities.DialtactsActivity bnds=[0,706][96,802] u=0} from pid 589
I/Choreographer(  589): Skipped 165 frames!  The application may be doing too much work on its main thread.
W/InputMethodManagerService(  225): Window already focused, ignoring focus gain of: com.android.internal.view.IInputMethodClient$Stub$Proxy@b40e4bc0 attribute=android.view.inputmethod.EditorInfo@b40e4bd8
D/InputEventConsistencyVerifier(  589): KeyEvent: ACTION_UP but key was not down.
D/InputEventConsistencyVerifier(  589):   in android.widget.LinearLayout@b4129a68
D/InputEventConsistencyVerifier(  589):   0: sent at 259084000000, KeyEvent { action=ACTION_UP, keyCode=KEYCODE_BUTTON_5, scanCode=0, metaState=0, flags=0x8, repeatCount=0, eventTime=259084, downTime=259084, deviceId=-1, source=0x101 }
D/InputEventConsistencyVerifier(  589):   -- recent events --
D/InputEventConsistencyVerifier(  589):   1: sent at 258596000000, MotionEvent { action=ACTION_UP, id[0]=0, x[0]=70.0, y[0]=727.0, toolType[0]=TOOL_TYPE_UNKNOWN, buttonState=0, metaState=0, flags=0x0, edgeFlags=0x0, pointerCount=1, historySize=0, eventTime=258596, downTime=258581, deviceId=0, source=0x1002 }
D/InputEventConsistencyVerifier(  589):   2: sent at 258592000000, MotionEvent { action=ACTION_MOVE, id[0]=0, x[0]=72.0, y[0]=723.0, toolType[0]=TOOL_TYPE_UNKNOWN, buttonState=0, metaState=0, flags=0x0, edgeFlags=0x0, pointerCount=1, historySize=1, eventTime=258592, downTime=258581, deviceId=0, source=0x1002 }
D/InputEventConsistencyVerifier(  589):   3: sent at 258582000000, MotionEvent { action=ACTION_DOWN, id[0]=0, x[0]=88.0, y[0]=714.0, toolType[0]=TOOL_TYPE_UNKNOWN, buttonState=0, metaState=0, flags=0x0, edgeFlags=0x0, pointerCount=1, historySize=0, eventTime=258582, downTime=258581, deviceId=0, source=0x1002 }
D/InputEventConsistencyVerifier(  589):   4: sent at 258169000000, (unhandled) KeyEvent { action=ACTION_UP, keyCode=KEYCODE_MENU, scanCode=0, metaState=0, flags=0x8, repeatCount=0, eventTime=258169, downTime=258169, deviceId=-1, source=0x101 }
D/InputEventConsistencyVerifier(  589):   5: sent at 258165000000, (unhandled) KeyEvent { action=ACTION_DOWN, keyCode=KEYCODE_MENU, scanCode=0, metaState=0, flags=0x8, repeatCount=0, eventTime=258165, downTime=258165, deviceId=-1, source=0x101 }
D/InputEventConsistencyVerifier(  589): KeyEvent: ACTION_UP but key was not down.
D/InputEventConsistencyVerifier(  589):   in com.android.internal.policy.impl.PhoneWindow$DecorView@b4128f28
D/InputEventConsistencyVerifier(  589):   0: sent at 259084000000, KeyEvent { action=ACTION_UP, keyCode=KEYCODE_DPAD_CENTER, scanCode=0, metaState=0, flags=0x8, repeatCount=0, eventTime=259084, downTime=259084, deviceId=-1, source=0x101 }
D/InputEventConsistencyVerifier(  589):   -- recent events --
D/InputEventConsistencyVerifier(  589):   1: sent at 259084000000, (unhandled) KeyEvent { action=ACTION_UP, keyCode=KEYCODE_BUTTON_5, scanCode=0, metaState=0, flags=0x8, repeatCount=0, eventTime=259084, downTime=259084, deviceId=-1, source=0x101 }
D/InputEventConsistencyVerifier(  589):   2: sent at 259070000000, (unhandled) KeyEvent { action=ACTION_DOWN, keyCode=KEYCODE_BUTTON_5, scanCode=0, metaState=0, flags=0x8, repeatCount=0, eventTime=259070, downTime=259070, deviceId=-1, source=0x101 }
D/InputEventConsistencyVerifier(  589):   3: sent at 258596000000, MotionEvent { action=ACTION_UP, id[0]=0, x[0]=70.0, y[0]=727.0, toolType[0]=TOOL_TYPE_UNKNOWN, buttonState=0, metaState=0, flags=0x0, edgeFlags=0x0, pointerCount=1, historySize=0, eventTime=258596, downTime=258581, deviceId=0, source=0x1002 }
D/InputEventConsistencyVerifier(  589):   4: sent at 258592000000, MotionEvent { action=ACTION_MOVE, id[0]=0, x[0]=72.0, y[0]=723.0, toolType[0]=TOOL_TYPE_UNKNOWN, buttonState=0, metaState=0, flags=0x0, edgeFlags=0x0, pointerCount=1, historySize=1, eventTime=258592, downTime=258581, deviceId=0, source=0x1002 }
D/InputEventConsistencyVerifier(  589):   5: sent at 258582000000, MotionEvent { action=ACTION_DOWN, id[0]=0, x[0]=88.0, y[0]=714.0, toolType[0]=TOOL_TYPE_UNKNOWN, buttonState=0, metaState=0, flags=0x0, edgeFlags=0x0, pointerCount=1, historySize=0, eventTime=258582, downTime=258581, deviceId=0, source=0x1002 }
I/Choreographer(  589): Skipped 36 frames!  The application may be doing too much work on its main thread.
D/InputEventConsistencyVerifier(  589): KeyEvent: ACTION_UP but key was not down.
D/InputEventConsistencyVerifier(  589):   in com.android.internal.policy.impl.PhoneWindow$DecorView@b4128f28
D/InputEventConsistencyVerifier(  589):   0: sent at 259690000000, KeyEvent { action=ACTION_UP, keyCode=KEYCODE_DPAD_DOWN, scanCode=0, metaState=0, flags=0x8, repeatCount=0, eventTime=259690, downTime=259690, deviceId=-1, source=0x101 }
D/InputEventConsistencyVerifier(  589):   -- recent events --
D/InputEventConsistencyVerifier(  589):   1: sent at 259655000000, MotionEvent { action=ACTION_UP, id[0]=0, x[0]=303.97806, y[0]=298.23355, toolType[0]=TOOL_TYPE_UNKNOWN, buttonState=0, metaState=0, flags=0x0, edgeFlags=0x0, pointerCount=1, historySize=0, eventTime=259655, downTime=259548, deviceId=0, source=0x1002 }
D/InputEventConsistencyVerifier(  589):   2: sent at 259629596130, MotionEvent { action=ACTION_MOVE, id[0]=0, x[0]=303.97806, y[0]=298.23355, toolType[0]=TOOL_TYPE_UNKNOWN, buttonState=0, metaState=0, flags=0x0, edgeFlags=0x0, pointerCount=1, historySize=4, eventTime=259629, downTime=259548, deviceId=0, source=0x1002 }
D/InputEventConsistencyVerifier(  589):   3: sent at 259550000000, MotionEvent { action=ACTION_DOWN, id[0]=0, x[0]=331.0, y[0]=324.0, toolType[0]=TOOL_TYPE_UNKNOWN, buttonState=0, metaState=0, flags=0x0, edgeFlags=0x0, pointerCount=1, historySize=0, eventTime=259550, downTime=259548, deviceId=0, source=0x1002 }
D/InputEventConsistencyVerifier(  589):   4: sent at 259084000000, (unhandled) KeyEvent { action=ACTION_UP, keyCode=KEYCODE_DPAD_CENTER, scanCode=0, metaState=0, flags=0x80000008, repeatCount=0, eventTime=259084, downTime=259084, deviceId=-1, source=0x101 }
D/InputEventConsistencyVerifier(  589):   5: sent at 259084000000, (unhandled) KeyEvent { action=ACTION_UP, keyCode=KEYCODE_BUTTON_5, scanCode=0, metaState=0, flags=0x8, repeatCount=0, eventTime=259084, downTime=259084, deviceId=-1, source=0x101 }
I/Choreographer(  589): Skipped 31 frames!  The application may be doing too much work on its main thread.
I/ActivityManager(  225): START {act=android.intent.action.MAIN cat=[android.intent.category.LAUNCHER] flg=0x10200000 cmp=appinventor.ai_T10D78.NinJumpDeluxe/.Screen1 u=0} from pid 1027
D/InputEventConsistencyVerifier(  589): KeyEvent: ACTION_UP but key was not down.
D/InputEventConsistencyVerifier(  589):   in com.android.launcher2.Hotseat@b4144750
D/InputEventConsistencyVerifier(  589):   0: sent at 259942000000, KeyEvent { action=ACTION_UP, keyCode=KEYCODE_DPAD_RIGHT, scanCode=0, metaState=0, flags=0x8, repeatCount=0, eventTime=259942, downTime=259942, deviceId=-1, source=0x101 }
D/InputEventConsistencyVerifier(  589):   -- recent events --
D/InputEventConsistencyVerifier(  589):   1: sent at 258596000000, MotionEvent { action=ACTION_UP, id[0]=0, x[0]=70.0, y[0]=32.0, toolType[0]=TOOL_TYPE_UNKNOWN, buttonState=0, metaState=0, flags=0x0, edgeFlags=0x0, pointerCount=1, historySize=0, eventTime=258596, downTime=258581, deviceId=0, source=0x1002 }
D/InputEventConsistencyVerifier(  589):   2: sent at 258592000000, MotionEvent { action=ACTION_MOVE, id[0]=0, x[0]=72.0, y[0]=28.0, toolType[0]=TOOL_TYPE_UNKNOWN, buttonState=0, metaState=0, flags=0x0, edgeFlags=0x0, pointerCount=1, historySize=1, eventTime=258592, downTime=258581, deviceId=0, source=0x1002 }
D/InputEventConsistencyVerifier(  589):   3: sent at 258582000000, MotionEvent { action=ACTION_DOWN, id[0]=0, x[0]=88.0, y[0]=19.0, toolType[0]=TOOL_TYPE_UNKNOWN, buttonState=0, metaState=0, flags=0x0, edgeFlags=0x0, pointerCount=1, historySize=0, eventTime=258582, downTime=258581, deviceId=0, source=0x1002 }
D/InputEventConsistencyVerifier(  589):   4: sent at 243762000000, (unhandled) KeyEvent { action=ACTION_UP, keyCode=KEYCODE_DPAD_LEFT, scanCode=0, metaState=0, flags=0x400, repeatCount=0, eventTime=243762, downTime=243762, deviceId=-1, source=0x101 }
D/InputEventConsistencyVerifier(  589):   5: sent at 243762000000, (unhandled) KeyEvent { action=ACTION_DOWN, keyCode=KEYCODE_DPAD_LEFT, scanCode=0, metaState=0, flags=0x400, repeatCount=0, eventTime=243762, downTime=243762, deviceId=-1, source=0x101 }
W/WindowManager(  225): Failure taking screenshot for (246x410) to layer 21005
I/ActivityManager(  225): Start proc appinventor.ai_T10D78.NinJumpDeluxe for activity appinventor.ai_T10D78.NinJumpDeluxe/.Screen1: pid=1340 uid=10050 gids={3003, 1015, 1028}
D/InputEventConsistencyVerifier(  589): KeyEvent: ACTION_UP but key was not down.
D/InputEventConsistencyVerifier(  589):   in com.android.internal.policy.impl.PhoneWindow$DecorView@b4128f28
D/InputEventConsistencyVerifier(  589):   0: sent at 260858000000, KeyEvent { action=ACTION_UP, keyCode=KEYCODE_DPAD_DOWN, scanCode=0, metaState=0, flags=0x8, repeatCount=0, eventTime=260858, downTime=260858, deviceId=-1, source=0x101 }
D/InputEventConsistencyVerifier(  589):   -- recent events --
D/InputEventConsistencyVerifier(  589):   1: sent at 260796000000, MotionEvent { action=ACTION_UP, id[0]=0, x[0]=330.0, y[0]=256.0, toolType[0]=TOOL_TYPE_UNKNOWN, buttonState=0, metaState=0, flags=0x0, edgeFlags=0x0, pointerCount=1, historySize=0, eventTime=260796, downTime=260557, deviceId=0, source=0x1002 }
D/InputEventConsistencyVerifier(  589):   2: sent at 260557000000, MotionEvent { action=ACTION_DOWN, id[0]=0, x[0]=324.0, y[0]=260.0, toolType[0]=TOOL_TYPE_UNKNOWN, buttonState=0, metaState=0, flags=0x0, edgeFlags=0x0, pointerCount=1, historySize=0, eventTime=260557, downTime=260557, deviceId=0, source=0x1002 }
D/InputEventConsistencyVerifier(  589):   3: sent at 260453000000, (unhandled) KeyEvent { action=ACTION_UP, keyCode=KEYCODE_DPAD_DOWN, scanCode=0, metaState=0, flags=0x400, repeatCount=0, eventTime=260453, downTime=260453, deviceId=-1, source=0x101 }
D/InputEventConsistencyVerifier(  589):   4: sent at 260453000000, (unhandled) KeyEvent { action=ACTION_DOWN, keyCode=KEYCODE_DPAD_DOWN, scanCode=0, metaState=0, flags=0x400, repeatCount=0, eventTime=260453, downTime=260453, deviceId=-1, source=0x101 }
D/InputEventConsistencyVerifier(  589):   5: sent at 260453000000, (unhandled) KeyEvent { action=ACTION_UP, keyCode=KEYCODE_DPAD_DOWN, scanCode=0, metaState=0, flags=0x400, repeatCount=0, eventTime=260453, downTime=260453, deviceId=-1, source=0x101 }
D/InputEventConsistencyVerifier(  589): KeyEvent: ACTION_UP but key was not down.
D/InputEventConsistencyVerifier(  589):   in com.android.internal.policy.impl.PhoneWindow$DecorView@b4128f28
D/InputEventConsistencyVerifier(  589):   0: sent at 261050000000, KeyEvent { action=ACTION_UP, keyCode=KEYCODE_DPAD_DOWN, scanCode=0, metaState=0, flags=0x8, repeatCount=0, eventTime=261050, downTime=261050, deviceId=-1, source=0x101 }
D/InputEventConsistencyVerifier(  589):   -- recent events --
D/InputEventConsistencyVerifier(  589):   1: sent at 260979000000, MotionEvent { action=ACTION_UP, id[0]=0, x[0]=414.0, y[0]=691.0, toolType[0]=TOOL_TYPE_UNKNOWN, buttonState=0, metaState=0, flags=0x0, edgeFlags=0x0, pointerCount=1, historySize=0, eventTime=260979, downTime=260930, deviceId=0, source=0x1002 }
D/InputEventConsistencyVerifier(  589):   2: sent at 260975000000, MotionEvent { action=ACTION_MOVE, id[0]=0, x[0]=416.0, y[0]=687.0, toolType[0]=TOOL_TYPE_UNKNOWN, buttonState=0, metaState=0, flags=0x0, edgeFlags=0x0, pointerCount=1, historySize=4, eventTime=260975, downTime=260930, deviceId=0, source=0x1002 }
D/InputEventConsistencyVerifier(  589):   3: sent at 260932000000, MotionEvent { action=ACTION_DOWN, id[0]=0, x[0]=431.0, y[0]=628.0, toolType[0]=TOOL_TYPE_UNKNOWN, buttonState=0, metaState=0, flags=0x0, edgeFlags=0x0, pointerCount=1, historySize=0, eventTime=260932, downTime=260930, deviceId=0, source=0x1002 }
D/InputEventConsistencyVerifier(  589):   4: sent at 260858000000, (unhandled) KeyEvent { action=ACTION_UP, keyCode=KEYCODE_DPAD_DOWN, scanCode=0, metaState=0, flags=0x80000008, repeatCount=0, eventTime=260858, downTime=260858, deviceId=-1, source=0x101 }
D/InputEventConsistencyVerifier(  589):   5: sent at 260796000000, MotionEvent { action=ACTION_UP, id[0]=0, x[0]=330.0, y[0]=256.0, toolType[0]=TOOL_TYPE_UNKNOWN, buttonState=0, metaState=0, flags=0x0, edgeFlags=0x0, pointerCount=1, historySize=0, eventTime=260796, downTime=260557, deviceId=0, source=0x1002 }
I/qtaguid (  225): Failed write_ctrl(s 1 10050) res=-1 errno=1
W/NetworkManagementSocketTagger(  225): setKernelCountSet(10050, 1) failed with errno -1
E/Trace   ( 1340): error opening trace file: No such file or directory (2)
W/DroidBox( 1340): DroidBox: { "DexClassLoader": { "path": "/data/app/appinventor.ai_T10D78.NinJumpDeluxe-1.apk" } }
D/InputEventConsistencyVerifier(  589): KeyEvent: ACTION_UP but key was not down.
D/InputEventConsistencyVerifier(  589):   in com.android.launcher2.Hotseat@b4144750
D/InputEventConsistencyVerifier(  589):   0: sent at 261125000000, KeyEvent { action=ACTION_UP, keyCode=KEYCODE_NUMPAD_2, scanCode=0, metaState=0, flags=0x8, repeatCount=0, eventTime=261125, downTime=261125, deviceId=-1, source=0x101 }
D/InputEventConsistencyVerifier(  589):   -- recent events --
D/InputEventConsistencyVerifier(  589):   1: sent at 260453000000, (unhandled) KeyEvent { action=ACTION_UP, keyCode=KEYCODE_DPAD_DOWN, scanCode=0, metaState=0, flags=0x400, repeatCount=0, eventTime=260453, downTime=260453, deviceId=-1, source=0x101 }
D/InputEventConsistencyVerifier(  589):   2: sent at 260453000000, (unhandled) KeyEvent { action=ACTION_DOWN, keyCode=KEYCODE_DPAD_DOWN, scanCode=0, metaState=0, flags=0x400, repeatCount=0, eventTime=260453, downTime=260453, deviceId=-1, source=0x101 }
D/InputEventConsistencyVerifier(  589):   3: sent at 260453000000, (unhandled) KeyEvent { action=ACTION_UP, keyCode=KEYCODE_DPAD_DOWN, scanCode=0, metaState=0, flags=0x400, repeatCount=0, eventTime=260453, downTime=260453, deviceId=-1, source=0x101 }
D/InputEventConsistencyVerifier(  589):   4: sent at 260453000000, (unhandled) KeyEvent { action=ACTION_DOWN, keyCode=KEYCODE_DPAD_DOWN, scanCode=0, metaState=0, flags=0x400, repeatCount=0, eventTime=260453, downTime=260453, deviceId=-1, source=0x101 }
