D/InputEventConsistencyVerifier( 1185):   in com.android.internal.policy.impl.PhoneWindow$DecorView@b3e22b08
D/InputEventConsistencyVerifier( 1185):   0: sent at 196363000000, KeyEvent { action=ACTION_UP, keyCode=KEYCODE_DPAD_CENTER, scanCode=0, metaState=0, flags=0x8, repeatCount=0, eventTime=196363, downTime=196363, deviceId=-1, source=0x101 }
D/InputEventConsistencyVerifier( 1185):   -- recent events --
D/InputEventConsistencyVerifier( 1185):   1: sent at 196016000000, (unhandled) KeyEvent { action=ACTION_UP, keyCode=KEYCODE_MEDIA_PLAY, scanCode=0, metaState=0, flags=0x8, repeatCount=0, eventTime=196016, downTime=196016, deviceId=-1, source=0x101 }
D/InputEventConsistencyVerifier( 1185):   2: sent at 195859000000, (unhandled) KeyEvent { action=ACTION_DOWN, keyCode=KEYCODE_MEDIA_PLAY, scanCode=0, metaState=0, flags=0x8, repeatCount=0, eventTime=195859, downTime=195859, deviceId=-1, source=0x101 }
D/InputEventConsistencyVerifier( 1185):   3: sent at 195829000000, MotionEvent { action=ACTION_UP, id[0]=0, x[0]=290.6667, y[0]=409.33334, toolType[0]=TOOL_TYPE_UNKNOWN, buttonState=0, metaState=0, flags=0x0, edgeFlags=0x0, pointerCount=1, historySize=0, eventTime=195829, downTime=195821, deviceId=0, source=0x1002 }
D/InputEventConsistencyVerifier( 1185):   4: sent at 195821000000, MotionEvent { action=ACTION_DOWN, id[0]=0, x[0]=299.33334, y[0]=409.33334, toolType[0]=TOOL_TYPE_UNKNOWN, buttonState=0, metaState=0, flags=0x0, edgeFlags=0x0, pointerCount=1, historySize=0, eventTime=195821, downTime=195821, deviceId=0, source=0x1002 }
D/InputEventConsistencyVerifier( 1185):   5: sent at 195714000000, (unhandled) KeyEvent { action=ACTION_UP, keyCode=KEYCODE_DPAD_DOWN, scanCode=0, metaState=0, flags=0x80000008, repeatCount=0, eventTime=195714, downTime=195714, deviceId=-1, source=0x101 }
E/WVMExtractor(   63): Failed to open libwvm.so
I/Choreographer( 1185): Skipped 30 frames!  The application may be doing too much work on its main thread.
E/WVMExtractor(   63): Failed to open libwvm.so
I/Choreographer( 1185): Skipped 53 frames!  The application may be doing too much work on its main thread.
D/InputEventConsistencyVerifier( 1185): KeyEvent: ACTION_UP but key was not down.
D/InputEventConsistencyVerifier( 1185):   in com.android.internal.policy.impl.PhoneWindow$DecorView@b40a1738
D/InputEventConsistencyVerifier( 1185):   0: sent at 197366000000, KeyEvent { action=ACTION_UP, keyCode=KEYCODE_DPAD_LEFT, scanCode=0, metaState=0, flags=0x8, repeatCount=0, eventTime=197366, downTime=197366, deviceId=-1, source=0x101 }
D/InputEventConsistencyVerifier( 1185):   -- recent events --
D/InputEventConsistencyVerifier( 1185):   1: sent at 197304000000, (unhandled) KeyEvent { action=ACTION_UP, keyCode=KEYCODE_NUM_LOCK, scanCode=0, metaState=0, flags=0x8, repeatCount=0, eventTime=197304, downTime=197304, deviceId=-1, source=0x101 }
D/InputEventConsistencyVerifier( 1185):   2: sent at 197058000000, (unhandled) KeyEvent { action=ACTION_DOWN, keyCode=KEYCODE_NUM_LOCK, scanCode=0, metaState=0, flags=0x8, repeatCount=0, eventTime=197058, downTime=197058, deviceId=-1, source=0x101 }
D/InputEventConsistencyVerifier( 1185):   3: sent at 189364000000, KeyEvent { action=ACTION_UP, keyCode=KEYCODE_DPAD_CENTER, scanCode=0, metaState=0, flags=0x8, repeatCount=0, eventTime=189364, downTime=189364, deviceId=-1, source=0x101 }
D/InputEventConsistencyVerifier( 1185):   4: sent at 189282000000, KeyEvent { action=ACTION_DOWN, keyCode=KEYCODE_DPAD_CENTER, scanCode=0, metaState=0, flags=0x8, repeatCount=0, eventTime=189282, downTime=189282, deviceId=-1, source=0x101 }
D/InputEventConsistencyVerifier( 1185):   5: sent at 189354000000, (unhandled) KeyEvent { action=ACTION_UP, keyCode=KEYCODE_DPAD_UP, scanCode=0, metaState=0, flags=0x400, repeatCount=0, eventTime=189354, downTime=189354, deviceId=-1, source=0x101 }
I/Choreographer( 1185): Skipped 30 frames!  The application may be doing too much work on its main thread.
D/InputEventConsistencyVerifier( 1185): KeyEvent: ACTION_UP but key was not down.
D/InputEventConsistencyVerifier( 1185):   in com.android.internal.policy.impl.PhoneWindow$DecorView@b40a1738
D/InputEventConsistencyVerifier( 1185):   0: sent at 197966000000, KeyEvent { action=ACTION_UP, keyCode=KEYCODE_DPAD_UP, scanCode=0, metaState=0, flags=0x8, repeatCount=0, eventTime=197966, downTime=197966, deviceId=-1, source=0x101 }
D/InputEventConsistencyVerifier( 1185):   -- recent events --
D/InputEventConsistencyVerifier( 1185):   1: sent at 197727000000, (unhandled) MotionEvent { action=ACTION_UP, id[0]=0, x[0]=135.33334, y[0]=-354.6667, toolType[0]=TOOL_TYPE_UNKNOWN, buttonState=0, metaState=0, flags=0x0, edgeFlags=0x0, pointerCount=1, historySize=0, eventTime=197727, downTime=197698, deviceId=0, source=0x1002 }
D/InputEventConsistencyVerifier( 1185):   2: sent at 197698000000, MotionEvent { action=ACTION_DOWN, id[0]=0, x[0]=126.66667, y[0]=-363.33334, toolType[0]=TOOL_TYPE_UNKNOWN, buttonState=0, metaState=0, flags=0x0, edgeFlags=0x0, pointerCount=1, historySize=0, eventTime=197698, downTime=197698, deviceId=0, source=0x1002 }
D/InputEventConsistencyVerifier( 1185):   3: sent at 197559000000, (unhandled) MotionEvent { action=ACTION_UP, id[0]=0, x[0]=43.333336, y[0]=-290.0, toolType[0]=TOOL_TYPE_UNKNOWN, buttonState=0, metaState=0, flags=0x0, edgeFlags=0x0, pointerCount=1, historySize=0, eventTime=197559, downTime=197495, deviceId=0, source=0x1002 }
D/InputEventConsistencyVerifier( 1185):   4: sent at 197551000000, MotionEvent { action=ACTION_DOWN, id[0]=0, x[0]=43.333336, y[0]=-288.0, toolType[0]=TOOL_TYPE_UNKNOWN, buttonState=0, metaState=0, flags=0x0, edgeFlags=0x0, pointerCount=1, historySize=0, eventTime=197551, downTime=197495, deviceId=0, source=0x1002 }
D/InputEventConsistencyVerifier( 1185):   5: sent at 197366000000, (unhandled) KeyEvent { action=ACTION_UP, keyCode=KEYCODE_DPAD_LEFT, scanCode=0, metaState=0, flags=0x80000008, repeatCount=0, eventTime=197366, downTime=197366, deviceId=-1, source=0x101 }
E/WVMExtractor(   63): Failed to open libwvm.so
D/InputEventConsistencyVerifier( 1185): KeyEvent: ACTION_UP but key was not down.
D/InputEventConsistencyVerifier( 1185):   in android.view.ViewRootImpl@b3fd96a8
D/InputEventConsistencyVerifier( 1185):   0: sent at 198210000000, KeyEvent { action=ACTION_UP, keyCode=KEYCODE_DPAD_LEFT, scanCode=0, metaState=0, flags=0x8, repeatCount=0, eventTime=198210, downTime=198210, deviceId=-1, source=0x101 }
D/InputEventConsistencyVerifier( 1185):   -- recent events --
D/InputEventConsistencyVerifier( 1185):   1: sent at 196974000000, KeyEvent { action=ACTION_UP, keyCode=KEYCODE_MENU, scanCode=0, metaState=0, flags=0x8, repeatCount=0, eventTime=196974, downTime=196974, deviceId=-1, source=0x101 }
D/InputEventConsistencyVerifier( 1185):   2: sent at 196946000000, KeyEvent { action=ACTION_DOWN, keyCode=KEYCODE_MENU, scanCode=0, metaState=0, flags=0x8, repeatCount=0, eventTime=196946, downTime=196946, deviceId=-1, source=0x101 }
D/InputEventConsistencyVerifier( 1185):   3: sent at 196921000000, MotionEvent { action=ACTION_UP, id[0]=0, x[0]=430.0, y[0]=717.0, toolType[0]=TOOL_TYPE_UNKNOWN, buttonState=0, metaState=0, flags=0x0, edgeFlags=0x0, pointerCount=1, historySize=0, eventTime=196921, downTime=196868, deviceId=0, source=0x1002 }
D/InputEventConsistencyVerifier( 1185):   4: sent at 196916000000, MotionEvent { action=ACTION_MOVE, id[0]=0, x[0]=421.0, y[0]=717.0, toolType[0]=TOOL_TYPE_UNKNOWN, buttonState=0, metaState=0, flags=0x0, edgeFlags=0x0, pointerCount=1, historySize=5, eventTime=196916, downTime=196868, deviceId=0, source=0x1002 }
D/InputEventConsistencyVerifier( 1185):   5: sent at 196881000000, MotionEvent { action=ACTION_DOWN, id[0]=0, x[0]=393.0, y[0]=686.0, toolType[0]=TOOL_TYPE_UNKNOWN, buttonState=0, metaState=0, flags=0x0, edgeFlags=0x0, pointerCount=1, historySize=0, eventTime=196881, downTime=196868, deviceId=0, source=0x1002 }
I/Choreographer( 1185): Skipped 63 frames!  The application may be doing too much work on its main thread.
W/InputMethodManagerService(  225): Window already focused, ignoring focus gain of: com.android.internal.view.IInputMethodClient$Stub$Proxy@b4111e90 attribute=android.view.inputmethod.EditorInfo@b40ea9a0
I/Choreographer( 1185): Skipped 48 frames!  The application may be doing too much work on its main thread.
W/dalvikvm( 1027): DroidBox: { "FdAccess": { "path": "2f6465762f696e7075742f6576656e7430", "id": "501851086" } }
W/DroidBox( 1027): DroidBox: { "FileRW": { "operation": "write", "data": "efbfbd060000efbfbdefbfbd0c000500000000000000", "id": "501851086" } }
E/WVMExtractor(   63): Failed to open libwvm.so
I/ActivityManager(  225): START {act=android.intent.action.MAIN cat=[android.intent.category.HOME] flg=0x10200000 cmp=com.android.launcher/com.android.launcher2.Launcher u=0} from pid 225
E/WVMExtractor(   63): Failed to open libwvm.so
I/Choreographer( 1185): Skipped 203 frames!  The application may be doing too much work on its main thread.
I/ActivityManager(  225): START {act=android.intent.action.MAIN cat=[android.intent.category.LAUNCHER] flg=0x10200000 cmp=appinventor.ai_T10D78.NinJumpDeluxe/.Screen1 u=0} from pid 1027
E/WVMExtractor(   63): Failed to open libwvm.so
D/InputEventConsistencyVerifier( 1185): KeyEvent: ACTION_UP but key was not down.
D/InputEventConsistencyVerifier( 1185):   in android.widget.Button@b40c52b0
D/InputEventConsistencyVerifier( 1185):   0: sent at 200308000000, KeyEvent { action=ACTION_UP, keyCode=KEYCODE_DPAD_RIGHT, scanCode=0, metaState=0, flags=0x8, repeatCount=0, eventTime=200308, downTime=200308, deviceId=-1, source=0x101 }
I/Choreographer( 1185): Skipped 129 frames!  The application may be doing too much work on its main thread.
E/WVMExtractor(   63): Failed to open libwvm.so
D/InputEventConsistencyVerifier( 1185): KeyEvent: ACTION_UP but key was not down.
D/InputEventConsistencyVerifier( 1185):   in android.widget.Button@b40c32a0
D/InputEventConsistencyVerifier( 1185):   0: sent at 201033000000, KeyEvent { action=ACTION_UP, keyCode=KEYCODE_DPAD_LEFT, scanCode=0, metaState=0, flags=0x8, repeatCount=0, eventTime=201033, downTime=201033, deviceId=-1, source=0x101 }
D/InputEventConsistencyVerifier( 1185):   -- recent events --
D/InputEventConsistencyVerifier( 1185):   1: sent at 200305000000, (unhandled) KeyEvent { action=ACTION_DOWN, keyCode=KEYCODE_DPAD_RIGHT, scanCode=0, metaState=0, flags=0x8, repeatCount=0, eventTime=200305, downTime=200305, deviceId=-1, source=0x101 }
E/WVMExtractor(   63): Failed to open libwvm.so
I/Choreographer( 1185): Skipped 104 frames!  The application may be doing too much work on its main thread.
D/InputEventConsistencyVerifier( 1185): KeyEvent: ACTION_UP but key was not down.
D/InputEventConsistencyVerifier( 1185):   in com.android.internal.policy.impl.PhoneWindow$DecorView@b407b500
D/InputEventConsistencyVerifier( 1185):   0: sent at 201868000000, KeyEvent { action=ACTION_UP, keyCode=KEYCODE_DPAD_UP, scanCode=0, metaState=0, flags=0x400, repeatCount=0, eventTime=201868, downTime=201868, deviceId=-1, source=0x101 }
D/InputEventConsistencyVerifier( 1185):   -- recent events --
D/InputEventConsistencyVerifier( 1185):   1: sent at 201820000000, (unhandled) MotionEvent { action=ACTION_MOVE, id[0]=0, x[0]=0.0, y[0]=-2.0, toolType[0]=TOOL_TYPE_UNKNOWN, buttonState=0, metaState=0, flags=0x0, edgeFlags=0x0, pointerCount=1, historySize=8, eventTime=201820, downTime=-1, deviceId=0, source=0x10004 }
D/InputEventConsistencyVerifier( 1185):   2: sent at 201680000000, (unhandled) MotionEvent { action=ACTION_UP, id[0]=0, x[0]=126.0, y[0]=219.33334, toolType[0]=TOOL_TYPE_UNKNOWN, buttonState=0, metaState=0, flags=0x0, edgeFlags=0x0, pointerCount=1, historySize=0, eventTime=201680, downTime=201674, deviceId=0, source=0x1002 }
D/InputEventConsistencyVerifier( 1185):   3: sent at 201674000000, (unhandled) MotionEvent { action=ACTION_DOWN, id[0]=0, x[0]=136.0, y[0]=224.66669, toolType[0]=TOOL_TYPE_UNKNOWN, buttonState=0, metaState=0, flags=0x0, edgeFlags=0x0, pointerCount=1, historySize=0, eventTime=201674, downTime=201674, deviceId=0, source=0x1002 }
D/InputEventConsistencyVerifier( 1185):   4: sent at 201642000000, (unhandled) KeyEvent { action=ACTION_UP, keyCode=KEYCODE_MENU, scanCode=0, metaState=0, flags=0x8, repeatCount=0, eventTime=201642, downTime=201642, deviceId=-1, source=0x101 }
D/InputEventConsistencyVerifier( 1185):   5: sent at 201552000000, (unhandled) KeyEvent { action=ACTION_DOWN, keyCode=KEYCODE_MENU, scanCode=0, metaState=0, flags=0x8, repeatCount=0, eventTime=201552, downTime=201552, deviceId=-1, source=0x101 }
I/Choreographer( 1185): Skipped 63 frames!  The application may be doing too much work on its main thread.
E/WVMExtractor(   63): Failed to open libwvm.so
I/ActivityManager(  225): START {act=android.intent.action.CALL_BUTTON flg=0x10000000 cmp=com.android.contacts/.activities.DialtactsActivity u=0} from pid 1185
D/InputEventConsistencyVerifier( 1185): KeyEvent: ACTION_UP but key was not down.
D/InputEventConsistencyVerifier( 1185):   in com.android.internal.policy.impl.PhoneWindow$DecorView@b407b500
D/InputEventConsistencyVerifier( 1185):   0: sent at 202625000000, KeyEvent { action=ACTION_UP, keyCode=KEYCODE_DPAD_RIGHT, scanCode=0, metaState=0, flags=0x8, repeatCount=0, eventTime=202625, downTime=202625, deviceId=-1, source=0x101 }
D/InputEventConsistencyVerifier( 1185):   -- recent events --
D/InputEventConsistencyVerifier( 1185):   1: sent at 202491000000, (unhandled) KeyEvent { action=ACTION_UP, keyCode=KEYCODE_CALL, scanCode=0, metaState=0, flags=0x8, repeatCount=0, eventTime=202491, downTime=202491, deviceId=-1, source=0x101 }
D/InputEventConsistencyVerifier( 1185):   2: sent at 202321000000, (unhandled) KeyEvent { action=ACTION_DOWN, keyCode=KEYCODE_CALL, scanCode=0, metaState=0, flags=0x8, repeatCount=0, eventTime=202321, downTime=202321, deviceId=-1, source=0x101 }
D/InputEventConsistencyVerifier( 1185):   3: sent at 202304000000, MotionEvent { action=ACTION_UP, id[0]=0, x[0]=69.333336, y[0]=100.66667, toolType[0]=TOOL_TYPE_UNKNOWN, buttonState=0, metaState=0, flags=0x0, edgeFlags=0x0, pointerCount=1, historySize=0, eventTime=202304, downTime=202265, deviceId=0, source=0x1002 }
D/InputEventConsistencyVerifier( 1185):   4: sent at 202266000000, MotionEvent { action=ACTION_DOWN, id[0]=0, x[0]=66.0, y[0]=111.33334, toolType[0]=TOOL_TYPE_UNKNOWN, buttonState=0, metaState=0, flags=0x0, edgeFlags=0x0, pointerCount=1, historySize=0, eventTime=202266, downTime=202265, deviceId=0, source=0x1002 }
D/InputEventConsistencyVerifier( 1185):   5: sent at 202257000000, KeyEvent { action=ACTION_UP, keyCode=KEYCODE_DPAD_CENTER, scanCode=0, metaState=0, flags=0x8, repeatCount=0, eventTime=202257, downTime=202257, deviceId=-1, source=0x101 }
E/WVMExtractor(   63): Failed to open libwvm.so
I/AndroidRuntime( 1185): VM exiting with result code 0, cleanup skipped.
I/WindowState(  225): WIN DEATH: Window{b40c9150 Stop application? paused=false}
I/ActivityManager(  225): Process appinventor.ai_T10D78.NinJumpDeluxe (pid 1185) has died.
I/qtaguid (  225): Failed write_ctrl(s 0 10050) res=-1 errno=1
W/ActivityManager(  225): Force removing ActivityRecord{b411c7a0 appinventor.ai_T10D78.NinJumpDeluxe/.Screen1}: app died, no saved state
W/NetworkManagementSocketTagger(  225): setKernelCountSet(10050, 0) failed with errno -1
W/InputDispatcher(  225): channel 'b4108270 appinventor.ai_T10D78.NinJumpDeluxe/appinventor.ai_T10D78.NinJumpDeluxe.Screen1 (server)' ~ Consumer closed input channel or an error occurred.  events=0x9
E/InputDispatcher(  225): channel 'b4108270 appinventor.ai_T10D78.NinJumpDeluxe/appinventor.ai_T10D78.NinJumpDeluxe.Screen1 (server)' ~ Channel is unrecoverably broken and will be disposed!
W/InputDispatcher(  225): Attempted to unregister already unregistered input channel 'b4108270 appinventor.ai_T10D78.NinJumpDeluxe/appinventor.ai_T10D78.NinJumpDeluxe.Screen1 (server)'
I/WindowState(  225): WIN DEATH: Window{b4108270 appinventor.ai_T10D78.NinJumpDeluxe/appinventor.ai_T10D78.NinJumpDeluxe.Screen1 paused=false}
I/WindowState(  225): WIN DEATH: Window{b4171500 Stop application? paused=false}
I/InputDispatcher(  225): Dropping event because there is no focused window or focused application.
I/InputDispatcher(  225): Dropping event because there is no focused window or focused application.
I/WindowManager(  225): WINDOW DIED Window{b4108270 appinventor.ai_T10D78.NinJumpDeluxe/appinventor.ai_T10D78.NinJumpDeluxe.Screen1 paused=false}
W/InputManager(  225): Input event injection from pid 1027 failed.
I/InputDispatcher(  225): Dropping event because there is no focused window or focused application.
I/InputDispatcher(  225): Dropping event because there is no focused window or focused application.
W/InputManager(  225): Input event injection from pid 1027 failed.
W/InputManager(  225): Input event injection from pid 1027 failed.
W/InputManager(  225): Input event injection from pid 1027 failed.
I/InputDispatcher(  225): Dropping event because there is no focused window or focused application.
I/InputDispatcher(  225): Dropping event because there is no focused window or focused application.
W/InputManager(  225): Input event injection from pid 1027 failed.
W/InputManager(  225): Input event injection from pid 1027 failed.
I/qtaguid (  225): Failed write_ctrl(s 1 10019) res=-1 errno=1
W/NetworkManagementSocketTagger(  225): setKernelCountSet(10019, 1) failed with errno -1
I/Choreographer(  589): Skipped 34 frames!  The application may be doing too much work on its main thread.
W/InputMethodManagerService(  225): Got RemoteException sending setActive(false) notification to pid 1185 uid 10050
I/Choreographer(  589): Skipped 31 frames!  The application may be doing too much work on its main thread.
D/InputEventConsistencyVerifier(  589): KeyEvent: ACTION_UP but key was not down.
D/InputEventConsistencyVerifier(  589):   in com.android.launcher2.PagedViewWidget@b43d2150
D/InputEventConsistencyVerifier(  589):   0: sent at 203947000000, KeyEvent { action=ACTION_UP, keyCode=KEYCODE_DPAD_DOWN, scanCode=0, metaState=0, flags=0x400, repeatCount=0, eventTime=203947, downTime=203947, deviceId=-1, source=0x101 }
D/InputEventConsistencyVerifier(  589): KeyEvent: ACTION_UP but key was not down.
D/InputEventConsistencyVerifier(  589):   in com.android.launcher2.PagedViewWidget@b3ecc7e8
D/InputEventConsistencyVerifier(  589):   0: sent at 203947000000, KeyEvent { action=ACTION_UP, keyCode=KEYCODE_DPAD_DOWN, scanCode=0, metaState=0, flags=0x400, repeatCount=0, eventTime=203947, downTime=203947, deviceId=-1, source=0x101 }
D/InputEventConsistencyVerifier(  589): KeyEvent: ACTION_UP but key was not down.
D/InputEventConsistencyVerifier(  589):   in com.android.launcher2.PagedViewWidget@b432e2e0
D/InputEventConsistencyVerifier(  589):   0: sent at 203963000000, KeyEvent { action=ACTION_UP, keyCode=KEYCODE_DPAD_LEFT, scanCode=0, metaState=0, flags=0x8, repeatCount=0, eventTime=203963, downTime=203963, deviceId=-1, source=0x101 }
D/InputEventConsistencyVerifier(  589): KeyEvent: ACTION_UP but key was not down.
D/InputEventConsistencyVerifier(  589):   in com.android.launcher2.PagedViewWidget@b3ecc7e8
D/InputEventConsistencyVerifier(  589):   0: sent at 204643000000, KeyEvent { action=ACTION_UP, keyCode=KEYCODE_DPAD_RIGHT, scanCode=0, metaState=0, flags=0x8, repeatCount=0, eventTime=204643, downTime=204643, deviceId=-1, source=0x101 }
D/InputEventConsistencyVerifier(  589):   -- recent events --
D/InputEventConsistencyVerifier(  589):   1: sent at 203440000000, KeyEvent { action=ACTION_DOWN, keyCode=KEYCODE_DPAD_LEFT, scanCode=0, metaState=0, flags=0x8, repeatCount=0, eventTime=203440, downTime=203440, deviceId=-1, source=0x101 }
D/InputEventConsistencyVerifier(  589):   2: sent at 203947000000, KeyEvent { action=ACTION_UP, keyCode=KEYCODE_DPAD_DOWN, scanCode=0, metaState=0, flags=0x400, repeatCount=0, eventTime=203947, downTime=203947, deviceId=-1, source=0x101 }
D/InputEventConsistencyVerifier(  589):   3: sent at 203947000000, KeyEvent { action=ACTION_DOWN, keyCode=KEYCODE_DPAD_DOWN, scanCode=0, metaState=0, flags=0x400, repeatCount=0, eventTime=203947, downTime=203947, deviceId=-1, source=0x101 }
D/InputEventConsistencyVerifier(  589):   4: sent at 203947000000, KeyEvent { action=ACTION_UP, keyCode=KEYCODE_DPAD_DOWN, scanCode=0, metaState=0, flags=0x400, repeatCount=0, eventTime=203947, downTime=203947, deviceId=-1, source=0x101 }
D/InputEventConsistencyVerifier(  589):   5: sent at 203947000000, KeyEvent { action=ACTION_DOWN, keyCode=KEYCODE_DPAD_DOWN, scanCode=0, metaState=0, flags=0x400, repeatCount=0, eventTime=203947, downTime=203947, deviceId=-1, source=0x101 }
W/dalvikvm(  415): DroidBox: { "FdAccess": { "path": "2f70726f632f6d656d696e666f", "id": "197108455" } }
W/DroidBox(  415): DroidBox: { "FileRW": { "operation": "read", "data": "4d656d546f74616c3a202020202020202020373438393634206b420a4d656d467265653a20202020202020202020343432303532206b420a427566666572733a20202020202020202020202035343634206b420a4361636865643a202020202020202020", "id": "197108455" } }
I/Choreographer(  589): Skipped 41 frames!  The application may be doing too much work on its main thread.
D/InputEventConsistencyVerifier(  415): KeyEvent: ACTION_UP but key was not down.
D/InputEventConsistencyVerifier(  415):   in android.view.ViewRootImpl@b3ec6a40
D/InputEventConsistencyVerifier(  415):   0: sent at 204980000000, KeyEvent { action=ACTION_UP, keyCode=KEYCODE_DPAD_DOWN, scanCode=0, metaState=0, flags=0x8, repeatCount=0, eventTime=204980, downTime=204980, deviceId=-1, source=0x101 }
D/InputEventConsistencyVerifier(  415):   -- recent events --
D/InputEventConsistencyVerifier(  415):   1: sent at 204921000000, MotionEvent { action=ACTION_UP, id[0]=0, x[0]=86.0, y[0]=5.0, toolType[0]=TOOL_TYPE_UNKNOWN, buttonState=0, metaState=0, flags=0x0, edgeFlags=0x0, pointerCount=1, historySize=0, eventTime=204921, downTime=204913, deviceId=0, source=0x1002 }
D/InputEventConsistencyVerifier(  415):   2: sent at 204913000000, MotionEvent { action=ACTION_DOWN, id[0]=0, x[0]=78.0, y[0]=13.0, toolType[0]=TOOL_TYPE_UNKNOWN, buttonState=0, metaState=0, flags=0x0, edgeFlags=0x0, pointerCount=1, historySize=0, eventTime=204913, downTime=204913, deviceId=0, source=0x1002 }
D/InputEventConsistencyVerifier(  415): KeyEvent: ACTION_UP but key was not down.
D/InputEventConsistencyVerifier(  415):   in com.android.systemui.statusbar.phone.StatusBarWindowView@b3e35248
D/InputEventConsistencyVerifier(  415):   0: sent at 205161000000, KeyEvent { action=ACTION_UP, keyCode=KEYCODE_DPAD_DOWN, scanCode=0, metaState=0, flags=0x8, repeatCount=0, eventTime=205161, downTime=205161, deviceId=-1, source=0x101 }
D/InputEventConsistencyVerifier(  415):   -- recent events --
D/InputEventConsistencyVerifier(  415):   1: sent at 205142000000, (unhandled) KeyEvent { action=ACTION_UP, keyCode=KEYCODE_EISU, scanCode=0, metaState=0, flags=0x8, repeatCount=0, eventTime=205142, downTime=205142, deviceId=-1, source=0x101 }
D/InputEventConsistencyVerifier(  415):   2: sent at 205060000000, (unhandled) KeyEvent { action=ACTION_DOWN, keyCode=KEYCODE_EISU, scanCode=0, metaState=0, flags=0x8, repeatCount=0, eventTime=205060, downTime=205060, deviceId=-1, source=0x101 }
D/InputEventConsistencyVerifier(  415):   3: sent at 204980000000, (unhandled) KeyEvent { action=ACTION_UP, keyCode=KEYCODE_DPAD_DOWN, scanCode=0, metaState=0, flags=0x80000008, repeatCount=0, eventTime=204980, downTime=204980, deviceId=-1, source=0x101 }
D/InputEventConsistencyVerifier(  415):   4: sent at 204921000000, MotionEvent { action=ACTION_UP, id[0]=0, x[0]=86.0, y[0]=5.0, toolType[0]=TOOL_TYPE_UNKNOWN, buttonState=0, metaState=0, flags=0x0, edgeFlags=0x0, pointerCount=1, historySize=0, eventTime=204921, downTime=204913, deviceId=0, source=0x1002 }
D/InputEventConsistencyVerifier(  415):   5: sent at 204913000000, MotionEvent { action=ACTION_DOWN, id[0]=0, x[0]=78.0, y[0]=13.0, toolType[0]=TOOL_TYPE_UNKNOWN, buttonState=0, metaState=0, flags=0x0, edgeFlags=0x0, pointerCount=1, historySize=0, eventTime=204913, downTime=204913, deviceId=0, source=0x1002 }
D/InputEventConsistencyVerifier(  415): KeyEvent: ACTION_UP but key was not down.
D/InputEventConsistencyVerifier(  415):   in android.widget.FrameLayout@b3e54d98
D/InputEventConsistencyVerifier(  415):   0: sent at 205206000000, KeyEvent { action=ACTION_UP, keyCode=KEYCODE_DPAD_DOWN, scanCode=0, metaState=0, flags=0x8, repeatCount=0, eventTime=205206, downTime=205206, deviceId=-1, source=0x101 }
W/dalvikvm(  415): DroidBox: { "FdAccess": { "path": "2f70726f632f6d656d696e666f", "id": "1573890289" } }
W/DroidBox(  415): DroidBox: { "FileRW": { "operation": "read", "data": "4d656d546f74616c3a202020202020202020373438393634206b420a4d656d467265653a20202020202020202020343430313932206b420a427566666572733a20202020202020202020202035343634206b420a4361636865643a202020202020202020", "id": "1573890289" } }
D/InputEventConsistencyVerifier(  415): TouchEvent: ACTION_DOWN but pointers are already down.  Probably missing ACTION_UP from previous gesture.
D/InputEventConsistencyVerifier(  415):   in android.view.ScaleGestureDetector@b3ed58e8
D/InputEventConsistencyVerifier(  415):   0: sent at 205282000000, MotionEvent { action=ACTION_DOWN, id[0]=0, x[0]=1.0, y[0]=186.0, toolType[0]=TOOL_TYPE_UNKNOWN, buttonState=0, metaState=0, flags=0x0, edgeFlags=0x0, pointerCount=1, historySize=0, eventTime=205282, downTime=205271, deviceId=0, source=0x1002 }
D/InputEventConsistencyVerifier(  415):   -- recent events --
D/InputEventConsistencyVerifier(  415):   1: sent at 205245000000, MotionEvent { action=ACTION_DOWN, id[0]=0, x[0]=9.0, y[0]=725.0, toolType[0]=TOOL_TYPE_UNKNOWN, buttonState=0, metaState=0, flags=0x0, edgeFlags=0x0, pointerCount=1, historySize=0, eventTime=205245, downTime=205245, deviceId=0, source=0x1002 }
D/InputEventConsistencyVerifier(  415):   2: sent at 204921000000, MotionEvent { action=ACTION_UP, id[0]=0, x[0]=86.0, y[0]=5.0, toolType[0]=TOOL_TYPE_UNKNOWN, buttonState=0, metaState=0, flags=0x0, edgeFlags=0x0, pointerCount=1, historySize=0, eventTime=204921, downTime=204913, deviceId=0, source=0x1002 }
D/InputEventConsistencyVerifier(  415):   3: sent at 204913000000, MotionEvent { action=ACTION_DOWN, id[0]=0, x[0]=78.0, y[0]=13.0, toolType[0]=TOOL_TYPE_UNKNOWN, buttonState=0, metaState=0, flags=0x0, edgeFlags=0x0, pointerCount=1, historySize=0, eventTime=204913, downTime=204913, deviceId=0, source=0x1002 }
I/Choreographer(  415): Skipped 98 frames!  The application may be doing too much work on its main thread.
W/dalvikvm(  415): DroidBox: { "FdAccess": { "path": "2f70726f632f6d656d696e666f", "id": "528936963" } }
W/DroidBox(  415): DroidBox: { "FileRW": { "operation": "read", "data": "4d656d546f74616c3a202020202020202020373438393634206b420a4d656d467265653a20202020202020202020343430313932206b420a427566666572733a20202020202020202020202035343634206b420a4361636865643a202020202020202020", "id": "528936963" } }
D/PhoneStatusBar(  415): disable: < expand icons alerts TICKER* system_info back home recent clock >
I/Choreographer(  415): Skipped 39 frames!  The application may be doing too much work on its main thread.
D/PhoneStatusBar(  415): disable: < expand icons alerts ticker* system_info back home recent clock >
I/Choreographer(  589): Skipped 219 frames!  The application may be doing too much work on its main thread.
W/InputMethodManagerService(  225): Window already focused, ignoring focus gain of: com.android.internal.view.IInputMethodClient$Stub$Proxy@b4058198 attribute=null
E/WVMExtractor(   63): Failed to open libwvm.so
I/Choreographer(  589): Skipped 91 frames!  The application may be doing too much work on its main thread.
D/InputEventConsistencyVerifier(  589): KeyEvent: ACTION_UP but key was not down.
D/InputEventConsistencyVerifier(  589):   in android.widget.FrameLayout@b3e42b28
D/InputEventConsistencyVerifier(  589):   0: sent at 204976000000, KeyEvent { action=ACTION_UP, keyCode=KEYCODE_DPAD_DOWN, scanCode=0, metaState=0, flags=0x400, repeatCount=0, eventTime=204976, downTime=204976, deviceId=-1, source=0x101 }
D/InputEventConsistencyVerifier(  589):   -- recent events --
D/InputEventConsistencyVerifier(  589):   1: sent at 204884000000, MotionEvent { action=ACTION_UP, id[0]=0, x[0]=315.0, y[0]=434.0, toolType[0]=TOOL_TYPE_UNKNOWN, buttonState=0, metaState=0, flags=0x0, edgeFlags=0x0, pointerCount=1, historySize=0, eventTime=204884, downTime=204804, deviceId=0, source=0x1002 }
D/InputEventConsistencyVerifier(  589):   2: sent at 204881000000, MotionEvent { action=ACTION_MOVE, id[0]=0, x[0]=316.0, y[0]=435.0, toolType[0]=TOOL_TYPE_UNKNOWN, buttonState=0, metaState=0, flags=0x0, edgeFlags=0x0, pointerCount=1, historySize=7, eventTime=204881, downTime=204804, deviceId=0, source=0x1002 }
D/InputEventConsistencyVerifier(  589):   3: sent at 204828000000, MotionEvent { action=ACTION_DOWN, id[0]=0, x[0]=319.0, y[0]=500.0, toolType[0]=TOOL_TYPE_UNKNOWN, buttonState=0, metaState=0, flags=0x0, edgeFlags=0x0, pointerCount=1, historySize=0, eventTime=204828, downTime=204804, deviceId=0, source=0x1002 }
D/InputEventConsistencyVerifier(  589):   4: sent at 204756000000, MotionEvent { action=ACTION_UP, id[0]=0, x[0]=289.0, y[0]=314.0, toolType[0]=TOOL_TYPE_UNKNOWN, buttonState=0, metaState=0, flags=0x0, edgeFlags=0x0, pointerCount=1, historySize=0, eventTime=204756, downTime=204715, deviceId=0, source=0x1002 }
D/InputEventConsistencyVerifier(  589):   5: sent at 204720000000, MotionEvent { action=ACTION_MOVE, id[0]=0, x[0]=296.0, y[0]=303.0, toolType[0]=TOOL_TYPE_UNKNOWN, buttonState=0, metaState=0, flags=0x0, edgeFlags=0x0, pointerCount=1, historySize=0, eventTime=204720, downTime=204715, deviceId=0, source=0x1002 }
D/InputEventConsistencyVerifier(  589): KeyEvent: ACTION_UP but key was not down.
D/InputEventConsistencyVerifier(  589):   in android.view.ViewRootImpl@b3e1d7a8
D/InputEventConsistencyVerifier(  589):   0: sent at 205569000000, KeyEvent { action=ACTION_UP, keyCode=KEYCODE_VOLUME_DOWN, scanCode=0, metaState=0, flags=0x8, repeatCount=0, eventTime=205569, downTime=205569, deviceId=-1, source=0x101 }
D/InputEventConsistencyVerifier(  589):   -- recent events --
D/InputEventConsistencyVerifier(  589):   1: sent at 205054000000, KeyEvent { action=ACTION_UP, keyCode=KEYCODE_DPAD_DOWN, scanCode=0, metaState=0, flags=0x28, repeatCount=0, eventTime=205054, downTime=204928, deviceId=-1, source=0x101 }
D/InputEventConsistencyVerifier(  589):   2: sent at 204928000000, KeyEvent { action=ACTION_DOWN, keyCode=KEYCODE_DPAD_DOWN, scanCode=0, metaState=0, flags=0x8, repeatCount=0, eventTime=204928, downTime=204928, deviceId=-1, source=0x101 }
D/InputEventConsistencyVerifier(  589):   3: sent at 204976000000, KeyEvent { action=ACTION_UP, keyCode=KEYCODE_DPAD_DOWN, scanCode=0, metaState=0, flags=0x400, repeatCount=0, eventTime=204976, downTime=204976, deviceId=-1, source=0x101 }
D/InputEventConsistencyVerifier(  589):   4: sent at 204976000000, KeyEvent { action=ACTION_DOWN, keyCode=KEYCODE_DPAD_DOWN, scanCode=0, metaState=0, flags=0x400, repeatCount=0, eventTime=204976, downTime=204976, deviceId=-1, source=0x101 }
D/InputEventConsistencyVerifier(  589):   5: sent at 204976000000, KeyEvent { action=ACTION_UP, keyCode=KEYCODE_DPAD_DOWN, scanCode=0, metaState=0, flags=0x400, repeatCount=0, eventTime=204976, downTime=204976, deviceId=-1, source=0x101 }
D/InputEventConsistencyVerifier(  589): KeyEvent: ACTION_UP but key was not down.
D/InputEventConsistencyVerifier(  589):   in com.android.launcher2.PagedViewWidget@b3ecc7e8
D/InputEventConsistencyVerifier(  589):   0: sent at 206705000000, KeyEvent { action=ACTION_UP, keyCode=KEYCODE_DPAD_RIGHT, scanCode=0, metaState=0, flags=0x400, repeatCount=0, eventTime=206705, downTime=206705, deviceId=-1, source=0x101 }
D/InputEventConsistencyVerifier(  589):   -- recent events --
D/InputEventConsistencyVerifier(  589):   1: sent at 204643000000, KeyEvent { action=ACTION_UP, keyCode=KEYCODE_DPAD_RIGHT, scanCode=0, metaState=0, flags=0x80000008, repeatCount=0, eventTime=204643, downTime=204643, deviceId=-1, source=0x101 }
D/InputEventConsistencyVerifier(  589):   2: sent at 203440000000, KeyEvent { action=ACTION_DOWN, keyCode=KEYCODE_DPAD_LEFT, scanCode=0, metaState=0, flags=0x8, repeatCount=0, eventTime=203440, downTime=203440, deviceId=-1, source=0x101 }
D/InputEventConsistencyVerifier(  589):   3: sent at 203947000000, KeyEvent { action=ACTION_UP, keyCode=KEYCODE_DPAD_DOWN, scanCode=0, metaState=0, flags=0x400, repeatCount=0, eventTime=203947, downTime=203947, deviceId=-1, source=0x101 }
D/InputEventConsistencyVerifier(  589):   4: sent at 203947000000, KeyEvent { action=ACTION_DOWN, keyCode=KEYCODE_DPAD_DOWN, scanCode=0, metaState=0, flags=0x400, repeatCount=0, eventTime=203947, downTime=203947, deviceId=-1, source=0x101 }
D/InputEventConsistencyVerifier(  589):   5: sent at 203947000000, KeyEvent { action=ACTION_UP, keyCode=KEYCODE_DPAD_DOWN, scanCode=0, metaState=0, flags=0x400, repeatCount=0, eventTime=203947, downTime=203947, deviceId=-1, source=0x101 }
D/InputEventConsistencyVerifier(  589): KeyEvent: ACTION_UP but key was not down.
D/InputEventConsistencyVerifier(  589):   in com.android.launcher2.PagedViewWidget@b49d9ca0
D/InputEventConsistencyVerifier(  589):   0: sent at 206705000000, KeyEvent { action=ACTION_UP, keyCode=KEYCODE_DPAD_RIGHT, scanCode=0, metaState=0, flags=0x400, repeatCount=0, eventTime=206705, downTime=206705, deviceId=-1, source=0x101 }
D/InputEventConsistencyVerifier(  589):   -- recent events --
D/InputEventConsistencyVerifier(  589):   1: sent at 204706000000, MotionEvent { action=ACTION_CANCEL, id[0]=0, x[0]=381.0, y[0]=500.0, toolType[0]=TOOL_TYPE_UNKNOWN, buttonState=0, metaState=0, flags=0x0, edgeFlags=0x0, pointerCount=1, historySize=3, eventTime=204706, downTime=204670, deviceId=0, source=0x1002 }
D/InputEventConsistencyVerifier(  589):   2: sent at 204693000000, MotionEvent { action=ACTION_DOWN, id[0]=0, x[0]=86.0, y[0]=65.0, toolType[0]=TOOL_TYPE_UNKNOWN, buttonState=0, metaState=0, flags=0x0, edgeFlags=0x0, pointerCount=1, historySize=0, eventTime=204693, downTime=204670, deviceId=0, source=0x1002 }
E/WVMExtractor(   63): Failed to open libwvm.so
D/InputEventConsistencyVerifier(  589): KeyEvent: ACTION_UP but key was not down.
D/InputEventConsistencyVerifier(  589):   in com.android.launcher2.PagedViewGridLayout@b3efad60
D/InputEventConsistencyVerifier(  589):   0: sent at 206705000000, KeyEvent { action=ACTION_UP, keyCode=KEYCODE_DPAD_RIGHT, scanCode=0, metaState=0, flags=0x400, repeatCount=0, eventTime=206705, downTime=206705, deviceId=-1, source=0x101 }
I/Choreographer(  589): Skipped 35 frames!  The application may be doing too much work on its main thread.
D/InputEventConsistencyVerifier(  589): KeyEvent: ACTION_UP but key was not down.
D/InputEventConsistencyVerifier(  589):   in com.android.launcher2.PagedViewWidget@b3efc8a0
D/InputEventConsistencyVerifier(  589):   0: sent at 207214000000, KeyEvent { action=ACTION_UP, keyCode=KEYCODE_DPAD_DOWN, scanCode=0, metaState=0, flags=0x400, repeatCount=0, eventTime=207214, downTime=207214, deviceId=-1, source=0x101 }
D/InputEventConsistencyVerifier(  589): KeyEvent: ACTION_UP but key was not down.
D/InputEventConsistencyVerifier(  589):   in com.android.launcher2.PagedViewWidget@b443b370
D/InputEventConsistencyVerifier(  589):   0: sent at 207214000000, KeyEvent { action=ACTION_UP, keyCode=KEYCODE_DPAD_DOWN, scanCode=0, metaState=0, flags=0x400, repeatCount=0, eventTime=207214, downTime=207214, deviceId=-1, source=0x101 }
I/Choreographer(  589): Skipped 35 frames!  The application may be doing too much work on its main thread.
I/Choreographer(  589): Skipped 122 frames!  The application may be doing too much work on its main thread.
D/InputEventConsistencyVerifier(  589): KeyEvent: ACTION_UP but key was not down.
D/InputEventConsistencyVerifier(  589):   in com.android.launcher2.PagedViewWidget@b3efc8a0
D/InputEventConsistencyVerifier(  589):   0: sent at 208829000000, KeyEvent { action=ACTION_UP, keyCode=KEYCODE_DPAD_UP, scanCode=0, metaState=0, flags=0x400, repeatCount=0, eventTime=208829, downTime=208829, deviceId=-1, source=0x101 }
D/InputEventConsistencyVerifier(  589):   -- recent events --
D/InputEventConsistencyVerifier(  589):   1: sent at 207214000000, KeyEvent { action=ACTION_DOWN, keyCode=KEYCODE_DPAD_DOWN, scanCode=0, metaState=0, flags=0x400, repeatCount=0, eventTime=207214, downTime=207214, deviceId=-1, source=0x101 }
D/InputEventConsistencyVerifier(  589):   2: sent at 207214000000, KeyEvent { action=ACTION_UP, keyCode=KEYCODE_DPAD_DOWN, scanCode=0, metaState=0, flags=0x80000400, repeatCount=0, eventTime=207214, downTime=207214, deviceId=-1, source=0x101 }
D/InputEventConsistencyVerifier(  589): KeyEvent: ACTION_UP but key was not down.
D/InputEventConsistencyVerifier(  589):   in com.android.launcher2.PagedViewWidget@b409cd18
D/InputEventConsistencyVerifier(  589):   0: sent at 208829000000, KeyEvent { action=ACTION_UP, keyCode=KEYCODE_DPAD_UP, scanCode=0, metaState=0, flags=0x400, repeatCount=0, eventTime=208829, downTime=208829, deviceId=-1, source=0x101 }
D/InputEventConsistencyVerifier(  589):   -- recent events --
D/InputEventConsistencyVerifier(  589):   1: sent at 207214000000, KeyEvent { action=ACTION_DOWN, keyCode=KEYCODE_DPAD_DOWN, scanCode=0, metaState=0, flags=0x400, repeatCount=0, eventTime=207214, downTime=207214, deviceId=-1, source=0x101 }
D/InputEventConsistencyVerifier(  589):   2: sent at 206748000000, (unhandled) MotionEvent { action=ACTION_MOVE, id[0]=0, x[0]=2.0, y[0]=3.0, toolType[0]=TOOL_TYPE_UNKNOWN, buttonState=0, metaState=0, flags=0x0, edgeFlags=0x0, pointerCount=1, historySize=7, eventTime=206748, downTime=-1, deviceId=0, source=0x10004 }
D/InputEventConsistencyVerifier(  589):   3: sent at 206705000000, KeyEvent { action=ACTION_UP, keyCode=KEYCODE_DPAD_RIGHT, scanCode=0, metaState=0, flags=0x80000400, repeatCount=0, eventTime=206705, downTime=206705, deviceId=-1, source=0x101 }
I/Choreographer(  589): Skipped 50 frames!  The application may be doing too much work on its main thread.
E/WVMExtractor(   63): Failed to open libwvm.so
I/Choreographer(  589): Skipped 72 frames!  The application may be doing too much work on its main thread.
W/InputMethodManagerService(  225): Window already focused, ignoring focus gain of: com.android.internal.view.IInputMethodClient$Stub$Proxy@b3f7d600 attribute=null
D/InputEventConsistencyVerifier(  589): KeyEvent: ACTION_UP but key was not down.
D/InputEventConsistencyVerifier(  589):   in com.android.launcher2.AccessibleTabView@b409d868
D/InputEventConsistencyVerifier(  589):   0: sent at 210980000000, KeyEvent { action=ACTION_UP, keyCode=KEYCODE_DPAD_LEFT, scanCode=0, metaState=0, flags=0x400, repeatCount=0, eventTime=210980, downTime=210980, deviceId=-1, source=0x101 }
D/InputEventConsistencyVerifier(  589):   -- recent events --
D/InputEventConsistencyVerifier(  589):   1: sent at 174029000000, (unhandled) KeyEvent { action=ACTION_DOWN, keyCode=KEYCODE_DPAD_RIGHT, scanCode=0, metaState=0, flags=0x400, repeatCount=0, eventTime=174029, downTime=174029, deviceId=-1, source=0x101 }
D/InputEventConsistencyVerifier(  589):   2: sent at 173610000000, (unhandled) KeyEvent { action=ACTION_UP, keyCode=KEYCODE_DPAD_LEFT, scanCode=0, metaState=0, flags=0x80000008, repeatCount=0, eventTime=173610, downTime=173610, deviceId=-1, source=0x101 }
D/InputEventConsistencyVerifier(  589):   3: sent at 172156000000, (unhandled) KeyEvent { action=ACTION_DOWN, keyCode=KEYCODE_DPAD_RIGHT, scanCode=0, metaState=0, flags=0x8, repeatCount=0, eventTime=172156, downTime=172156, deviceId=-1, source=0x101 }
D/InputEventConsistencyVerifier(  589):   4: sent at 146166000000, (unhandled) KeyEvent { action=ACTION_UP, keyCode=KEYCODE_DPAD_UP, scanCode=0, metaState=0, flags=0x400, repeatCount=0, eventTime=146166, downTime=146166, deviceId=-1, source=0x101 }
D/InputEventConsistencyVerifier(  589):   5: sent at 146166000000, (unhandled) KeyEvent { action=ACTION_DOWN, keyCode=KEYCODE_DPAD_UP, scanCode=0, metaState=0, flags=0x400, repeatCount=0, eventTime=146166, downTime=146166, deviceId=-1, source=0x101 }
D/InputEventConsistencyVerifier(  589): KeyEvent: ACTION_UP but key was not down.
D/InputEventConsistencyVerifier(  589):   in android.widget.FrameLayout@b3e42b28
D/InputEventConsistencyVerifier(  589):   0: sent at 210980000000, KeyEvent { action=ACTION_UP, keyCode=KEYCODE_DPAD_LEFT, scanCode=0, metaState=0, flags=0x400, repeatCount=0, eventTime=210980, downTime=210980, deviceId=-1, source=0x101 }
D/InputEventConsistencyVerifier(  589):   -- recent events --
D/InputEventConsistencyVerifier(  589):   1: sent at 210790000000, MotionEvent { action=ACTION_UP, id[0]=0, x[0]=70.0, y[0]=425.0, toolType[0]=TOOL_TYPE_UNKNOWN, buttonState=0, metaState=0, flags=0x0, edgeFlags=0x0, pointerCount=1, historySize=0, eventTime=210790, downTime=210749, deviceId=0, source=0x1002 }
D/InputEventConsistencyVerifier(  589):   2: sent at 210750000000, MotionEvent { action=ACTION_DOWN, id[0]=0, x[0]=89.0, y[0]=420.0, toolType[0]=TOOL_TYPE_UNKNOWN, buttonState=0, metaState=0, flags=0x0, edgeFlags=0x0, pointerCount=1, historySize=0, eventTime=210750, downTime=210749, deviceId=0, source=0x1002 }
D/InputEventConsistencyVerifier(  589):   3: sent at 209150000000, KeyEvent { action=ACTION_MULTIPLE, keyCode=KEYCODE_DPAD_UP, scanCode=0, metaState=0, flags=0x400, repeatCount=2, eventTime=209150, downTime=209150, deviceId=-1, source=0x101 }
D/InputEventConsistencyVerifier(  589):   4: sent at 208849000000, (unhandled) MotionEvent { action=ACTION_MOVE, id[0]=0, x[0]=2.0, y[0]=-5.0, toolType[0]=TOOL_TYPE_UNKNOWN, buttonState=0, metaState=0, flags=0x0, edgeFlags=0x0, pointerCount=1, historySize=1, eventTime=208849, downTime=-1, deviceId=0, source=0x10004 }
D/InputEventConsistencyVerifier(  589):   5: sent at 208829000000, KeyEvent { action=ACTION_UP, keyCode=KEYCODE_DPAD_UP, scanCode=0, metaState=0, flags=0x400, repeatCount=0, eventTime=208829, downTime=208829, deviceId=-1, source=0x101 }
D/InputEventConsistencyVerifier(  589): KeyEvent: ACTION_UP but key was not down.
D/InputEventConsistencyVerifier(  589):   in com.android.launcher2.PagedViewWidget@b43ce8c8
D/InputEventConsistencyVerifier(  589):   0: sent at 210980000000, KeyEvent { action=ACTION_UP, keyCode=KEYCODE_DPAD_LEFT, scanCode=0, metaState=0, flags=0x400, repeatCount=0, eventTime=210980, downTime=210980, deviceId=-1, source=0x101 }
D/InputEventConsistencyVerifier(  589):   -- recent events --
D/InputEventConsistencyVerifier(  589):   1: sent at 204928000000, KeyEvent { action=ACTION_DOWN, keyCode=KEYCODE_DPAD_DOWN, scanCode=0, metaState=0, flags=0x8, repeatCount=0, eventTime=204928, downTime=204928, deviceId=-1, source=0x101 }
D/InputEventConsistencyVerifier(  589):   2: sent at 204976000000, KeyEvent { action=ACTION_UP, keyCode=KEYCODE_DPAD_DOWN, scanCode=0, metaState=0, flags=0x80000400, repeatCount=0, eventTime=204976, downTime=204976, deviceId=-1, source=0x101 }
D/InputEventConsistencyVerifier(  589):   3: sent at 203947000000, KeyEvent { action=ACTION_DOWN, keyCode=KEYCODE_DPAD_DOWN, scanCode=0, metaState=0, flags=0x400, repeatCount=0, eventTime=203947, downTime=203947, deviceId=-1, source=0x101 }
D/InputEventConsistencyVerifier(  589):   4: sent at 203437000000, (unhandled) MotionEvent { action=ACTION_MOVE, id[0]=0, x[0]=-4.0, y[0]=4.0, toolType[0]=TOOL_TYPE_UNKNOWN, buttonState=0, metaState=0, flags=0x0, edgeFlags=0x0, pointerCount=1, historySize=17, eventTime=203437, downTime=-1, deviceId=0, source=0x10004 }
D/InputEventConsistencyVerifier(  589): KeyEvent: ACTION_UP but key was not down.
D/InputEventConsistencyVerifier(  589):   in com.android.launcher2.PagedViewCellLayout@b413f0b8
D/InputEventConsistencyVerifier(  589):   0: sent at 210981000000, KeyEvent { action=ACTION_UP, keyCode=KEYCODE_DPAD_LEFT, scanCode=0, metaState=0, flags=0x400, repeatCount=0, eventTime=210981, downTime=210981, deviceId=-1, source=0x101 }
D/InputEventConsistencyVerifier(  589): KeyEvent: ACTION_UP but key was not down.
D/InputEventConsistencyVerifier(  589):   in android.widget.FrameLayout@b4157590
D/InputEventConsistencyVerifier(  589):   0: sent at 210991000000, KeyEvent { action=ACTION_UP, keyCode=KEYCODE_DPAD_UP, scanCode=0, metaState=0, flags=0x8, repeatCount=0, eventTime=210991, downTime=210991, deviceId=-1, source=0x101 }
D/InputEventConsistencyVerifier(  589):   -- recent events --
D/InputEventConsistencyVerifier(  589):   1: sent at 210980000000, (unhandled) KeyEvent { action=ACTION_DOWN, keyCode=KEYCODE_DPAD_LEFT, scanCode=0, metaState=0, flags=0x400, repeatCount=0, eventTime=210980, downTime=210980, deviceId=-1, source=0x101 }
D/InputEventConsistencyVerifier(  589):   2: sent at 210980000000, (unhandled) KeyEvent { action=ACTION_UP, keyCode=KEYCODE_DPAD_LEFT, scanCode=0, metaState=0, flags=0x400, repeatCount=0, eventTime=210980, downTime=210980, deviceId=-1, source=0x101 }
D/InputEventConsistencyVerifier(  589):   3: sent at 210980000000, (unhandled) KeyEvent { action=ACTION_DOWN, keyCode=KEYCODE_DPAD_LEFT, scanCode=0, metaState=0, flags=0x400, repeatCount=0, eventTime=210980, downTime=210980, deviceId=-1, source=0x101 }
D/InputEventConsistencyVerifier(  589):   4: sent at 209152000000, (unhandled) KeyEvent { action=ACTION_UP, keyCode=KEYCODE_MENU, scanCode=0, metaState=0, flags=0x8, repeatCount=0, eventTime=209152, downTime=209152, deviceId=-1, source=0x101 }
D/InputEventConsistencyVerifier(  589):   5: sent at 208875000000, (unhandled) KeyEvent { action=ACTION_DOWN, keyCode=KEYCODE_MENU, scanCode=0, metaState=0, flags=0x8, repeatCount=0, eventTime=208875, downTime=208875, deviceId=-1, source=0x101 }
D/InputEventConsistencyVerifier(  415): TouchEvent: ACTION_DOWN but pointers are already down.  Probably missing ACTION_UP from previous gesture.
D/InputEventConsistencyVerifier(  415):   in android.view.ScaleGestureDetector@b3ed58e8
D/InputEventConsistencyVerifier(  415):   0: sent at 212037000000, MotionEvent { action=ACTION_DOWN, id[0]=0, x[0]=437.0, y[0]=19.0, toolType[0]=TOOL_TYPE_UNKNOWN, buttonState=0, metaState=0, flags=0x0, edgeFlags=0x0, pointerCount=1, historySize=0, eventTime=212037, downTime=212037, deviceId=0, source=0x1002 }
D/InputEventConsistencyVerifier(  415):   -- recent events --
D/InputEventConsistencyVerifier(  415):   1: sent at 205282000000, MotionEvent { action=ACTION_DOWN, id[0]=0, x[0]=1.0, y[0]=186.0, toolType[0]=TOOL_TYPE_UNKNOWN, buttonState=0, metaState=0, flags=0x80000000, edgeFlags=0x0, pointerCount=1, historySize=0, eventTime=205282, downTime=205271, deviceId=0, source=0x1002 }
D/InputEventConsistencyVerifier(  415):   2: sent at 205245000000, MotionEvent { action=ACTION_DOWN, id[0]=0, x[0]=9.0, y[0]=725.0, toolType[0]=TOOL_TYPE_UNKNOWN, buttonState=0, metaState=0, flags=0x0, edgeFlags=0x0, pointerCount=1, historySize=0, eventTime=205245, downTime=205245, deviceId=0, source=0x1002 }
D/InputEventConsistencyVerifier(  415):   3: sent at 204921000000, MotionEvent { action=ACTION_UP, id[0]=0, x[0]=86.0, y[0]=5.0, toolType[0]=TOOL_TYPE_UNKNOWN, buttonState=0, metaState=0, flags=0x0, edgeFlags=0x0, pointerCount=1, historySize=0, eventTime=204921, downTime=204913, deviceId=0, source=0x1002 }
D/InputEventConsistencyVerifier(  415):   4: sent at 204913000000, MotionEvent { action=ACTION_DOWN, id[0]=0, x[0]=78.0, y[0]=13.0, toolType[0]=TOOL_TYPE_UNKNOWN, buttonState=0, metaState=0, flags=0x0, edgeFlags=0x0, pointerCount=1, historySize=0, eventTime=204913, downTime=204913, deviceId=0, source=0x1002 }
W/dalvikvm(  415): DroidBox: { "FdAccess": { "path": "2f70726f632f6d656d696e666f", "id": "2133065450" } }
W/DroidBox(  415): DroidBox: { "FileRW": { "operation": "read", "data": "4d656d546f74616c3a202020202020202020373438393634206b420a4d656d467265653a20202020202020202020343336333438206b420a427566666572733a20202020202020202020202035343732206b420a4361636865643a202020202020202020", "id": "2133065450" } }
I/Choreographer(  415): Skipped 68 frames!  The application may be doing too much work on its main thread.
D/InputEventConsistencyVerifier(  415): KeyEvent: ACTION_UP but key was not down.
D/InputEventConsistencyVerifier(  415):   in android.widget.FrameLayout@b3e54d98
D/InputEventConsistencyVerifier(  415):   0: sent at 212358000000, KeyEvent { action=ACTION_UP, keyCode=KEYCODE_DPAD_DOWN, scanCode=0, metaState=0, flags=0x400, repeatCount=0, eventTime=212358, downTime=212358, deviceId=-1, source=0x101 }
D/InputEventConsistencyVerifier(  415):   -- recent events --
D/InputEventConsistencyVerifier(  415):   1: sent at 205206000000, (unhandled) KeyEvent { action=ACTION_UP, keyCode=KEYCODE_DPAD_DOWN, scanCode=0, metaState=0, flags=0x80000008, repeatCount=0, eventTime=205206, downTime=205206, deviceId=-1, source=0x101 }
I/Choreographer(  589): Skipped 121 frames!  The application may be doing too much work on its main thread.
D/PhoneStatusBar(  415): disable: < expand icons alerts TICKER* system_info back home recent clock >
I/Choreographer(  415): Skipped 61 frames!  The application may be doing too much work on its main thread.
W/dalvikvm(  415): DroidBox: { "FdAccess": { "path": "2f70726f632f6d656d696e666f", "id": "1722043808" } }
W/DroidBox(  415): DroidBox: { "FileRW": { "operation": "read", "data": "4d656d546f74616c3a202020202020202020373438393634206b420a4d656d467265653a20202020202020202020343336333438206b420a427566666572733a20202020202020202020202035343732206b420a4361636865643a202020202020202020", "id": "1722043808" } }
D/InputEventConsistencyVerifier(  415): TouchEvent: ACTION_DOWN but pointers are already down.  Probably missing ACTION_UP from previous gesture.
D/InputEventConsistencyVerifier(  415):   in android.view.ScaleGestureDetector@b3ed58e8
