D/InputEventConsistencyVerifier(  424):   0: sent at 279423000000, KeyEvent { action=ACTION_UP, keyCode=KEYCODE_DPAD_CENTER, scanCode=0, metaState=0, flags=0x8, repeatCount=0, eventTime=279423, downTime=279423, deviceId=-1, source=0x101 }
D/InputEventConsistencyVerifier(  424):   -- recent events --
D/InputEventConsistencyVerifier(  424):   1: sent at 279143000000, (unhandled) KeyEvent { action=ACTION_UP, keyCode=KEYCODE_DPAD_CENTER, scanCode=0, metaState=0, flags=0x80000008, repeatCount=0, eventTime=279143, downTime=279143, deviceId=-1, source=0x101 }
D/InputEventConsistencyVerifier(  424):   2: sent at 279130000000, MotionEvent { action=ACTION_UP, id[0]=0, x[0]=12.0, y[0]=21.0, toolType[0]=TOOL_TYPE_UNKNOWN, buttonState=0, metaState=0, flags=0x0, edgeFlags=0x0, pointerCount=1, historySize=0, eventTime=279130, downTime=279107, deviceId=0, source=0x1002 }
D/InputEventConsistencyVerifier(  424):   3: sent at 279107000000, MotionEvent { action=ACTION_DOWN, id[0]=0, x[0]=24.0, y[0]=10.0, toolType[0]=TOOL_TYPE_UNKNOWN, buttonState=0, metaState=0, flags=0x0, edgeFlags=0x0, pointerCount=1, historySize=0, eventTime=279107, downTime=279107, deviceId=0, source=0x1002 }
D/InputEventConsistencyVerifier(  424):   4: sent at 240688000000, (unhandled) KeyEvent { action=ACTION_UP, keyCode=KEYCODE_DPAD_UP, scanCode=0, metaState=0, flags=0x400, repeatCount=0, eventTime=240688, downTime=240688, deviceId=-1, source=0x101 }
D/InputEventConsistencyVerifier(  424):   5: sent at 240688000000, (unhandled) KeyEvent { action=ACTION_DOWN, keyCode=KEYCODE_DPAD_UP, scanCode=0, metaState=0, flags=0x400, repeatCount=0, eventTime=240688, downTime=240688, deviceId=-1, source=0x101 }
I/Choreographer(  229): Skipped 41 frames!  The application may be doing too much work on its main thread.
I/Choreographer(  424): Skipped 172 frames!  The application may be doing too much work on its main thread.
W/dalvikvm(  424): DroidBox: { "FdAccess": { "path": "2f70726f632f6d656d696e666f", "id": "352522140" } }
W/DroidBox(  424): DroidBox: { "FileRW": { "operation": "read", "data": "4d656d546f74616c3a202020202020202020373438393634206b420a4d656d467265653a20202020202020202020343439323630206b420a427566666572733a20202020202020202020202035353132206b420a4361636865643a202020202020202020", "id": "352522140" } }
D/InputEventConsistencyVerifier(  424): KeyEvent: ACTION_UP but key was not down.
D/InputEventConsistencyVerifier(  424):   in com.android.systemui.statusbar.phone.StatusBarWindowView@b3e691d8
D/InputEventConsistencyVerifier(  424):   0: sent at 279943000000, KeyEvent { action=ACTION_UP, keyCode=KEYCODE_DPAD_LEFT, scanCode=0, metaState=0, flags=0x8, repeatCount=0, eventTime=279943, downTime=279943, deviceId=-1, source=0x101 }
D/InputEventConsistencyVerifier(  424):   -- recent events --
D/InputEventConsistencyVerifier(  424):   1: sent at 279823000000, (unhandled) KeyEvent { action=ACTION_UP, keyCode=KEYCODE_MENU, scanCode=0, metaState=0, flags=0x8, repeatCount=0, eventTime=279823, downTime=279823, deviceId=-1, source=0x101 }
D/InputEventConsistencyVerifier(  424):   2: sent at 279796000000, (unhandled) KeyEvent { action=ACTION_DOWN, keyCode=KEYCODE_MENU, scanCode=0, metaState=0, flags=0x8, repeatCount=0, eventTime=279796, downTime=279796, deviceId=-1, source=0x101 }
D/InputEventConsistencyVerifier(  424):   3: sent at 279748000000, MotionEvent { action=ACTION_UP, id[0]=0, x[0]=296.0, y[0]=507.0, toolType[0]=TOOL_TYPE_UNKNOWN, buttonState=0, metaState=0, flags=0x0, edgeFlags=0x0, pointerCount=1, historySize=0, eventTime=279748, downTime=279676, deviceId=0, source=0x1002 }
D/InputEventConsistencyVerifier(  424):   4: sent at 279746000000, MotionEvent { action=ACTION_POINTER_UP(1), id[0]=0, x[0]=286.0, y[0]=508.0, toolType[0]=TOOL_TYPE_UNKNOWN, id[1]=1, x[1]=460.0, y[1]=800.0, toolType[1]=TOOL_TYPE_UNKNOWN, buttonState=0, metaState=0, flags=0x0, edgeFlags=0x0, pointerCount=2, historySize=0, eventTime=279746, downTime=279676, deviceId=0, source=0x1002 }
D/InputEventConsistencyVerifier(  424):   5: sent at 279743000000, MotionEvent { action=ACTION_MOVE, id[0]=0, x[0]=273.0, y[0]=515.0, toolType[0]=TOOL_TYPE_UNKNOWN, id[1]=1, x[1]=460.0, y[1]=800.0, toolType[1]=TOOL_TYPE_UNKNOWN, buttonState=0, metaState=0, flags=0x0, edgeFlags=0x0, pointerCount=2, historySize=7, eventTime=279743, downTime=279676, deviceId=0, source=0x1002 }
V/PhoneStatusBar(  424): setLightsOn(true)
D/PhoneStatusBar(  424): disable: < expand icons alerts TICKER* system_info back home recent clock >
D/InputEventConsistencyVerifier(  424): KeyEvent: ACTION_UP but key was not down.
D/InputEventConsistencyVerifier(  424):   in com.android.systemui.statusbar.phone.StatusBarWindowView@b3e691d8
D/InputEventConsistencyVerifier(  424):   0: sent at 280002000000, KeyEvent { action=ACTION_UP, keyCode=KEYCODE_DPAD_DOWN, scanCode=0, metaState=0, flags=0x8, repeatCount=0, eventTime=280002, downTime=280002, deviceId=-1, source=0x101 }
D/InputEventConsistencyVerifier(  424):   -- recent events --
D/InputEventConsistencyVerifier(  424):   1: sent at 279977000000, (unhandled) KeyEvent { action=ACTION_UP, keyCode=KEYCODE_SWITCH_CHARSET, scanCode=0, metaState=0, flags=0x8, repeatCount=0, eventTime=279977, downTime=279977, deviceId=-1, source=0x101 }
D/InputEventConsistencyVerifier(  424):   2: sent at 279970000000, (unhandled) KeyEvent { action=ACTION_DOWN, keyCode=KEYCODE_SWITCH_CHARSET, scanCode=0, metaState=0, flags=0x8, repeatCount=0, eventTime=279970, downTime=279970, deviceId=-1, source=0x101 }
D/InputEventConsistencyVerifier(  424):   3: sent at 279943000000, (unhandled) KeyEvent { action=ACTION_UP, keyCode=KEYCODE_DPAD_LEFT, scanCode=0, metaState=0, flags=0x80000008, repeatCount=0, eventTime=279943, downTime=279943, deviceId=-1, source=0x101 }
D/InputEventConsistencyVerifier(  424):   4: sent at 279823000000, (unhandled) KeyEvent { action=ACTION_UP, keyCode=KEYCODE_MENU, scanCode=0, metaState=0, flags=0x8, repeatCount=0, eventTime=279823, downTime=279823, deviceId=-1, source=0x101 }
D/InputEventConsistencyVerifier(  424):   5: sent at 279796000000, (unhandled) KeyEvent { action=ACTION_DOWN, keyCode=KEYCODE_MENU, scanCode=0, metaState=0, flags=0x8, repeatCount=0, eventTime=279796, downTime=279796, deviceId=-1, source=0x101 }
W/dalvikvm(  424): DroidBox: { "FdAccess": { "path": "2f70726f632f6d656d696e666f", "id": "1152733648" } }
W/DroidBox(  424): DroidBox: { "FileRW": { "operation": "read", "data": "4d656d546f74616c3a202020202020202020373438393634206b420a4d656d467265653a20202020202020202020343437353234206b420a427566666572733a20202020202020202020202035353132206b420a4361636865643a202020202020202020", "id": "1152733648" } }
W/dalvikvm(  424): DroidBox: { "FdAccess": { "path": "2f70726f632f6d656d696e666f", "id": "1037168185" } }
W/DroidBox(  424): DroidBox: { "FileRW": { "operation": "read", "data": "4d656d546f74616c3a202020202020202020373438393634206b420a4d656d467265653a20202020202020202020343436323834206b420a427566666572733a20202020202020202020202035353132206b420a4361636865643a202020202020202020", "id": "1037168185" } }
D/InputEventConsistencyVerifier( 1016): KeyEvent: ACTION_UP but key was not down.
D/InputEventConsistencyVerifier( 1016):   in android.view.ViewRootImpl@b3e95c68
D/InputEventConsistencyVerifier( 1016):   0: sent at 280172000000, KeyEvent { action=ACTION_UP, keyCode=KEYCODE_DPAD_UP, scanCode=0, metaState=0, flags=0x8, repeatCount=0, eventTime=280172, downTime=280172, deviceId=-1, source=0x101 }
D/InputEventConsistencyVerifier( 1016):   -- recent events --
D/InputEventConsistencyVerifier( 1016):   1: sent at 279187000000, KeyEvent { action=ACTION_UP, keyCode=KEYCODE_DPAD_CENTER, scanCode=0, metaState=0, flags=0x28, repeatCount=0, eventTime=279187, downTime=279139, deviceId=-1, source=0x101 }
D/InputEventConsistencyVerifier( 1016):   2: sent at 279139000000, KeyEvent { action=ACTION_DOWN, keyCode=KEYCODE_DPAD_CENTER, scanCode=0, metaState=0, flags=0x8, repeatCount=0, eventTime=279139, downTime=279139, deviceId=-1, source=0x101 }
D/InputEventConsistencyVerifier( 1016):   3: sent at 279090000000, KeyEvent { action=ACTION_UP, keyCode=KEYCODE_MOVE_END, scanCode=0, metaState=0, flags=0x8, repeatCount=0, eventTime=279090, downTime=279090, deviceId=-1, source=0x101 }
D/InputEventConsistencyVerifier( 1016):   4: sent at 279044000000, KeyEvent { action=ACTION_DOWN, keyCode=KEYCODE_MOVE_END, scanCode=0, metaState=0, flags=0x8, repeatCount=0, eventTime=279044, downTime=279044, deviceId=-1, source=0x101 }
D/InputEventConsistencyVerifier( 1016):   5: sent at 279082000000, KeyEvent { action=ACTION_UP, keyCode=KEYCODE_DPAD_UP, scanCode=0, metaState=0, flags=0x400, repeatCount=0, eventTime=279082, downTime=279082, deviceId=-1, source=0x101 }
D/PhoneStatusBar(  424): disable: < expand icons alerts ticker* system_info back home recent clock >
V/PhoneStatusBar(  424): setLightsOn(true)
W/InputMethodManagerService(  229): Window already focused, ignoring focus gain of: com.android.internal.view.IInputMethodClient$Stub$Proxy@b401f200 attribute=null
I/ActivityManager(  229): START {act=android.intent.action.MAIN cat=[android.intent.category.LAUNCHER] flg=0x10200000 cmp=jp.ubsecure.android.rageagainst/.AndroidRageAgainstActivity u=0} from pid 997
I/ActivityManager(  229): START {act=android.intent.action.MAIN cat=[android.intent.category.HOME] flg=0x10200000 cmp=com.android.launcher/com.android.launcher2.Launcher u=0} from pid 229
W/dalvikvm(  997): DroidBox: { "FdAccess": { "path": "2f6465762f696e7075742f6576656e7430", "id": "375609594" } }
W/DroidBox(  997): DroidBox: { "FileRW": { "operation": "write", "data": "efbfbd060000efbfbdefbfbd0c000500000000000000", "id": "375609594" } }
W/dalvikvm(  997): DroidBox: { "FdAccess": { "path": "2f6465762f696e7075742f6576656e7430", "id": "296356395" } }
W/DroidBox(  997): DroidBox: { "FileRW": { "operation": "write", "data": "7f060000efbfbd3901000500000001000000", "id": "296356395" } }
I/InputDispatcher(  229): Dropped event because of pending overdue app switch.
W/InputManager(  229): Input event injection from pid 997 failed.
D/InputEventConsistencyVerifier( 1016): KeyEvent: ACTION_UP but key was not down.
D/InputEventConsistencyVerifier( 1016):   in android.view.ViewRootImpl@b3e3bbc0
D/InputEventConsistencyVerifier( 1016):   0: sent at 282642000000, KeyEvent { action=ACTION_UP, keyCode=KEYCODE_DPAD_CENTER, scanCode=0, metaState=0, flags=0x8, repeatCount=0, eventTime=282642, downTime=282642, deviceId=-1, source=0x101 }
D/InputEventConsistencyVerifier( 1016):   -- recent events --
D/InputEventConsistencyVerifier( 1016):   1: sent at 282604000000, KeyEvent { action=ACTION_UP, keyCode=KEYCODE_CHANNEL_UP, scanCode=0, metaState=0, flags=0x8, repeatCount=0, eventTime=282604, downTime=282604, deviceId=-1, source=0x101 }
D/InputEventConsistencyVerifier( 1016):   2: sent at 282585000000, KeyEvent { action=ACTION_DOWN, keyCode=KEYCODE_CHANNEL_UP, scanCode=0, metaState=0, flags=0x8, repeatCount=0, eventTime=282585, downTime=282585, deviceId=-1, source=0x101 }
D/InputEventConsistencyVerifier( 1016):   3: sent at 282564000000, KeyEvent { action=ACTION_UP, keyCode=KEYCODE_DPAD_CENTER, scanCode=0, metaState=0, flags=0x8, repeatCount=0, eventTime=282564, downTime=282564, deviceId=-1, source=0x101 }
D/InputEventConsistencyVerifier( 1016):   4: sent at 282544000000, KeyEvent { action=ACTION_DOWN, keyCode=KEYCODE_DPAD_CENTER, scanCode=0, metaState=0, flags=0x8, repeatCount=0, eventTime=282544, downTime=282544, deviceId=-1, source=0x101 }
D/InputEventConsistencyVerifier( 1016):   5: sent at 282526000000, KeyEvent { action=ACTION_UP, keyCode=KEYCODE_DPAD_UP, scanCode=0, metaState=0, flags=0x8, repeatCount=0, eventTime=282526, downTime=282526, deviceId=-1, source=0x101 }
I/ActivityManager(  229): START {act=android.intent.action.MAIN cat=[android.intent.category.LAUNCHER] flg=0x10200000 cmp=jp.ubsecure.android.rageagainst/.AndroidRageAgainstActivity u=0} from pid 997
I/ActivityManager(  229): START {act=android.intent.action.MAIN cat=[android.intent.category.LAUNCHER] flg=0x10200000 cmp=jp.ubsecure.android.rageagainst/.AndroidRageAgainstActivity u=0} from pid 997
D/InputEventConsistencyVerifier(  424): TouchEvent: ACTION_DOWN but pointers are already down.  Probably missing ACTION_UP from previous gesture.
D/InputEventConsistencyVerifier(  424):   in android.view.ScaleGestureDetector@b3f09bb0
D/InputEventConsistencyVerifier(  424):   0: sent at 284239000000, MotionEvent { action=ACTION_DOWN, id[0]=0, x[0]=276.0, y[0]=24.0, toolType[0]=TOOL_TYPE_UNKNOWN, buttonState=0, metaState=0, flags=0x0, edgeFlags=0x0, pointerCount=1, historySize=0, eventTime=284239, downTime=284239, deviceId=0, source=0x1002 }
D/InputEventConsistencyVerifier(  424):   -- recent events --
D/InputEventConsistencyVerifier(  424):   1: sent at 279691000000, MotionEvent { action=ACTION_DOWN, id[0]=0, x[0]=217.0, y[0]=548.0, toolType[0]=TOOL_TYPE_UNKNOWN, buttonState=0, metaState=0, flags=0x0, edgeFlags=0x0, pointerCount=1, historySize=0, eventTime=279691, downTime=279676, deviceId=0, source=0x1002 }
D/InputEventConsistencyVerifier(  424):   2: sent at 279130000000, MotionEvent { action=ACTION_UP, id[0]=0, x[0]=12.0, y[0]=21.0, toolType[0]=TOOL_TYPE_UNKNOWN, buttonState=0, metaState=0, flags=0x0, edgeFlags=0x0, pointerCount=1, historySize=0, eventTime=279130, downTime=279107, deviceId=0, source=0x1002 }
D/InputEventConsistencyVerifier(  424):   3: sent at 279107000000, MotionEvent { action=ACTION_DOWN, id[0]=0, x[0]=24.0, y[0]=10.0, toolType[0]=TOOL_TYPE_UNKNOWN, buttonState=0, metaState=0, flags=0x0, edgeFlags=0x0, pointerCount=1, historySize=0, eventTime=279107, downTime=279107, deviceId=0, source=0x1002 }
D/InputEventConsistencyVerifier(  424):   4: sent at 240131000000, MotionEvent { action=ACTION_UP, id[0]=0, x[0]=313.0, y[0]=8.0, toolType[0]=TOOL_TYPE_UNKNOWN, buttonState=0, metaState=0, flags=0x0, edgeFlags=0x0, pointerCount=1, historySize=0, eventTime=240131, downTime=240122, deviceId=0, source=0x1002 }
D/InputEventConsistencyVerifier(  424):   5: sent at 240123000000, MotionEvent { action=ACTION_DOWN, id[0]=0, x[0]=314.0, y[0]=10.0, toolType[0]=TOOL_TYPE_UNKNOWN, buttonState=0, metaState=0, flags=0x80000000, edgeFlags=0x0, pointerCount=1, historySize=0, eventTime=240123, downTime=240122, deviceId=0, source=0x1002 }
W/dalvikvm(  424): DroidBox: { "FdAccess": { "path": "2f70726f632f6d656d696e666f", "id": "1708816731" } }
I/Choreographer( 1016): Skipped 88 frames!  The application may be doing too much work on its main thread.
W/DroidBox(  424): DroidBox: { "FileRW": { "operation": "read", "data": "4d656d546f74616c3a202020202020202020373438393634206b420a4d656d467265653a20202020202020202020343437333834206b420a427566666572733a20202020202020202020202035353132206b420a4361636865643a202020202020202020", "id": "1708816731" } }
W/InputMethodManagerService(  229): Window already focused, ignoring focus gain of: com.android.internal.view.IInputMethodClient$Stub$Proxy@b401b158 attribute=null
D/InputEventConsistencyVerifier(  424): TouchEvent: ACTION_DOWN but pointers are already down.  Probably missing ACTION_UP from previous gesture.
D/InputEventConsistencyVerifier(  424):   in android.view.ScaleGestureDetector@b3f09bb0
D/InputEventConsistencyVerifier(  424):   0: sent at 284427000000, MotionEvent { action=ACTION_DOWN, id[0]=0, x[0]=285.0, y[0]=233.0, toolType[0]=TOOL_TYPE_UNKNOWN, buttonState=0, metaState=0, flags=0x0, edgeFlags=0x0, pointerCount=1, historySize=0, eventTime=284427, downTime=284426, deviceId=0, source=0x1002 }
D/InputEventConsistencyVerifier(  424):   -- recent events --
D/InputEventConsistencyVerifier(  424):   1: sent at 284359000000, MotionEvent { action=ACTION_DOWN, id[0]=0, x[0]=193.0, y[0]=60.0, toolType[0]=TOOL_TYPE_UNKNOWN, buttonState=0, metaState=0, flags=0x0, edgeFlags=0x0, pointerCount=1, historySize=0, eventTime=284359, downTime=284356, deviceId=0, source=0x1002 }
D/InputEventConsistencyVerifier(  424):   2: sent at 284251000000, MotionEvent { action=ACTION_UP, id[0]=0, x[0]=269.0, y[0]=29.0, toolType[0]=TOOL_TYPE_UNKNOWN, buttonState=0, metaState=0, flags=0x0, edgeFlags=0x0, pointerCount=1, historySize=0, eventTime=284251, downTime=284239, deviceId=0, source=0x1002 }
D/InputEventConsistencyVerifier(  424):   3: sent at 284239000000, MotionEvent { action=ACTION_DOWN, id[0]=0, x[0]=276.0, y[0]=24.0, toolType[0]=TOOL_TYPE_UNKNOWN, buttonState=0, metaState=0, flags=0x80000000, edgeFlags=0x0, pointerCount=1, historySize=0, eventTime=284239, downTime=284239, deviceId=0, source=0x1002 }
D/InputEventConsistencyVerifier(  424):   4: sent at 279691000000, MotionEvent { action=ACTION_DOWN, id[0]=0, x[0]=217.0, y[0]=548.0, toolType[0]=TOOL_TYPE_UNKNOWN, buttonState=0, metaState=0, flags=0x0, edgeFlags=0x0, pointerCount=1, historySize=0, eventTime=279691, downTime=279676, deviceId=0, source=0x1002 }
D/InputEventConsistencyVerifier(  424):   5: sent at 279130000000, MotionEvent { action=ACTION_UP, id[0]=0, x[0]=12.0, y[0]=21.0, toolType[0]=TOOL_TYPE_UNKNOWN, buttonState=0, metaState=0, flags=0x0, edgeFlags=0x0, pointerCount=1, historySize=0, eventTime=279130, downTime=279107, deviceId=0, source=0x1002 }
D/InputEventConsistencyVerifier(  424): TouchEvent: ACTION_DOWN but pointers are already down.  Probably missing ACTION_UP from previous gesture.
D/InputEventConsistencyVerifier(  424):   in android.view.ScaleGestureDetector@b3f09bb0
D/InputEventConsistencyVerifier(  424):   0: sent at 284469000000, MotionEvent { action=ACTION_DOWN, id[0]=0, x[0]=200.0, y[0]=72.0, toolType[0]=TOOL_TYPE_UNKNOWN, buttonState=0, metaState=0, flags=0x0, edgeFlags=0x0, pointerCount=1, historySize=0, eventTime=284469, downTime=284468, deviceId=0, source=0x1002 }
D/InputEventConsistencyVerifier(  424):   -- recent events --
D/InputEventConsistencyVerifier(  424):   1: sent at 284427000000, MotionEvent { action=ACTION_DOWN, id[0]=0, x[0]=285.0, y[0]=233.0, toolType[0]=TOOL_TYPE_UNKNOWN, buttonState=0, metaState=0, flags=0x80000000, edgeFlags=0x0, pointerCount=1, historySize=0, eventTime=284427, downTime=284426, deviceId=0, source=0x1002 }
D/InputEventConsistencyVerifier(  424):   2: sent at 284359000000, MotionEvent { action=ACTION_DOWN, id[0]=0, x[0]=193.0, y[0]=60.0, toolType[0]=TOOL_TYPE_UNKNOWN, buttonState=0, metaState=0, flags=0x0, edgeFlags=0x0, pointerCount=1, historySize=0, eventTime=284359, downTime=284356, deviceId=0, source=0x1002 }
D/InputEventConsistencyVerifier(  424):   3: sent at 284251000000, MotionEvent { action=ACTION_UP, id[0]=0, x[0]=269.0, y[0]=29.0, toolType[0]=TOOL_TYPE_UNKNOWN, buttonState=0, metaState=0, flags=0x0, edgeFlags=0x0, pointerCount=1, historySize=0, eventTime=284251, downTime=284239, deviceId=0, source=0x1002 }
D/InputEventConsistencyVerifier(  424):   4: sent at 284239000000, MotionEvent { action=ACTION_DOWN, id[0]=0, x[0]=276.0, y[0]=24.0, toolType[0]=TOOL_TYPE_UNKNOWN, buttonState=0, metaState=0, flags=0x80000000, edgeFlags=0x0, pointerCount=1, historySize=0, eventTime=284239, downTime=284239, deviceId=0, source=0x1002 }
D/InputEventConsistencyVerifier(  424):   5: sent at 279691000000, MotionEvent { action=ACTION_DOWN, id[0]=0, x[0]=217.0, y[0]=548.0, toolType[0]=TOOL_TYPE_UNKNOWN, buttonState=0, metaState=0, flags=0x0, edgeFlags=0x0, pointerCount=1, historySize=0, eventTime=279691, downTime=279676, deviceId=0, source=0x1002 }
D/InputEventConsistencyVerifier(  424): KeyEvent: ACTION_UP but key was not down.
D/InputEventConsistencyVerifier(  424):   in com.android.systemui.statusbar.phone.StatusBarWindowView@b3e691d8
D/InputEventConsistencyVerifier(  424):   0: sent at 284537000000, KeyEvent { action=ACTION_UP, keyCode=KEYCODE_DPAD_RIGHT, scanCode=0, metaState=0, flags=0x8, repeatCount=0, eventTime=284537, downTime=284537, deviceId=-1, source=0x101 }
D/InputEventConsistencyVerifier(  424):   -- recent events --
D/InputEventConsistencyVerifier(  424):   1: sent at 284487000000, MotionEvent { action=ACTION_UP, id[0]=0, x[0]=187.0, y[0]=75.0, toolType[0]=TOOL_TYPE_UNKNOWN, buttonState=0, metaState=0, flags=0x0, edgeFlags=0x0, pointerCount=1, historySize=0, eventTime=284487, downTime=284468, deviceId=0, source=0x1002 }
D/InputEventConsistencyVerifier(  424):   2: sent at 284469000000, MotionEvent { action=ACTION_DOWN, id[0]=0, x[0]=200.0, y[0]=72.0, toolType[0]=TOOL_TYPE_UNKNOWN, buttonState=0, metaState=0, flags=0x0, edgeFlags=0x0, pointerCount=1, historySize=0, eventTime=284469, downTime=284468, deviceId=0, source=0x1002 }
D/InputEventConsistencyVerifier(  424):   3: sent at 284436000000, MotionEvent { action=ACTION_UP, id[0]=0, x[0]=267.0, y[0]=204.0, toolType[0]=TOOL_TYPE_UNKNOWN, buttonState=0, metaState=0, flags=0x0, edgeFlags=0x0, pointerCount=1, historySize=0, eventTime=284436, downTime=284426, deviceId=0, source=0x1002 }
D/InputEventConsistencyVerifier(  424):   4: sent at 284433000000, MotionEvent { action=ACTION_MOVE, id[0]=0, x[0]=279.0, y[0]=216.0, toolType[0]=TOOL_TYPE_UNKNOWN, buttonState=0, metaState=0, flags=0x0, edgeFlags=0x0, pointerCount=1, historySize=0, eventTime=284433, downTime=284426, deviceId=0, source=0x1002 }
D/InputEventConsistencyVerifier(  424):   5: sent at 284427000000, MotionEvent { action=ACTION_DOWN, id[0]=0, x[0]=285.0, y[0]=233.0, toolType[0]=TOOL_TYPE_UNKNOWN, buttonState=0, metaState=0, flags=0x0, edgeFlags=0x0, pointerCount=1, historySize=0, eventTime=284427, downTime=284426, deviceId=0, source=0x1002 }
I/Choreographer(  424): Skipped 68 frames!  The application may be doing too much work on its main thread.
W/dalvikvm(  424): DroidBox: { "FdAccess": { "path": "2f70726f632f6d656d696e666f", "id": "1352986210" } }
W/DroidBox(  424): DroidBox: { "FileRW": { "operation": "read", "data": "4d656d546f74616c3a202020202020202020373438393634206b420a4d656d467265653a20202020202020202020343437333834206b420a427566666572733a20202020202020202020202035353132206b420a4361636865643a202020202020202020", "id": "1352986210" } }
V/PhoneStatusBar(  424): setLightsOn(true)
W/dalvikvm(  424): DroidBox: { "FdAccess": { "path": "2f70726f632f6d656d696e666f", "id": "582792127" } }
W/DroidBox(  424): DroidBox: { "FileRW": { "operation": "read", "data": "4d656d546f74616c3a202020202020202020373438393634206b420a4d656d467265653a20202020202020202020343437333834206b420a427566666572733a20202020202020202020202035353132206b420a4361636865643a202020202020202020", "id": "582792127" } }
D/PhoneStatusBar(  424): disable: < expand icons alerts TICKER* system_info back home recent clock >
D/InputEventConsistencyVerifier(  424): KeyEvent: ACTION_UP but key was not down.
D/InputEventConsistencyVerifier(  424):   in com.android.systemui.statusbar.phone.StatusBarWindowView@b3e691d8
D/InputEventConsistencyVerifier(  424):   0: sent at 284674000000, KeyEvent { action=ACTION_UP, keyCode=KEYCODE_DPAD_DOWN, scanCode=0, metaState=0, flags=0x8, repeatCount=0, eventTime=284674, downTime=284674, deviceId=-1, source=0x101 }
D/InputEventConsistencyVerifier(  424):   -- recent events --
D/InputEventConsistencyVerifier(  424):   1: sent at 284621000000, (unhandled) KeyEvent { action=ACTION_UP, keyCode=KEYCODE_MENU, scanCode=0, metaState=0, flags=0x8, repeatCount=0, eventTime=284621, downTime=284621, deviceId=-1, source=0x101 }
D/InputEventConsistencyVerifier(  424):   2: sent at 284580000000, (unhandled) KeyEvent { action=ACTION_DOWN, keyCode=KEYCODE_MENU, scanCode=0, metaState=0, flags=0x8, repeatCount=0, eventTime=284580, downTime=284580, deviceId=-1, source=0x101 }
D/InputEventConsistencyVerifier(  424):   3: sent at 284576000000, (unhandled) KeyEvent { action=ACTION_UP, keyCode=KEYCODE_MENU, scanCode=0, metaState=0, flags=0x8, repeatCount=0, eventTime=284576, downTime=284576, deviceId=-1, source=0x101 }
D/InputEventConsistencyVerifier(  424):   4: sent at 284547000000, (unhandled) KeyEvent { action=ACTION_DOWN, keyCode=KEYCODE_MENU, scanCode=0, metaState=0, flags=0x8, repeatCount=0, eventTime=284547, downTime=284547, deviceId=-1, source=0x101 }
D/InputEventConsistencyVerifier(  424):   5: sent at 284537000000, (unhandled) KeyEvent { action=ACTION_UP, keyCode=KEYCODE_DPAD_RIGHT, scanCode=0, metaState=0, flags=0x80000008, repeatCount=0, eventTime=284537, downTime=284537, deviceId=-1, source=0x101 }
W/InputMethodManagerService(  229): Window already focused, ignoring focus gain of: com.android.internal.view.IInputMethodClient$Stub$Proxy@b4145958 attribute=null
W/dalvikvm(  997): DroidBox: { "FdAccess": { "path": "2f6465762f696e7075742f6576656e7430", "id": "1982176070" } }
W/DroidBox(  997): DroidBox: { "FileRW": { "operation": "write", "data": "efbfbd060000efbfbdefbfbd0c000500000000000000", "id": "1982176070" } }
D/InputEventConsistencyVerifier(  424): TouchEvent: ACTION_DOWN but pointers are already down.  Probably missing ACTION_UP from previous gesture.
D/InputEventConsistencyVerifier(  424):   in android.view.ScaleGestureDetector@b3f09bb0
D/InputEventConsistencyVerifier(  424):   0: sent at 284772000000, MotionEvent { action=ACTION_DOWN, id[0]=0, x[0]=296.0, y[0]=472.0, toolType[0]=TOOL_TYPE_UNKNOWN, buttonState=0, metaState=0, flags=0x0, edgeFlags=0x0, pointerCount=1, historySize=0, eventTime=284772, downTime=284760, deviceId=0, source=0x1002 }
D/InputEventConsistencyVerifier(  424):   -- recent events --
D/InputEventConsistencyVerifier(  424):   1: sent at 284469000000, MotionEvent { action=ACTION_DOWN, id[0]=0, x[0]=200.0, y[0]=72.0, toolType[0]=TOOL_TYPE_UNKNOWN, buttonState=0, metaState=0, flags=0x80000000, edgeFlags=0x0, pointerCount=1, historySize=0, eventTime=284469, downTime=284468, deviceId=0, source=0x1002 }
D/InputEventConsistencyVerifier(  424):   2: sent at 284427000000, MotionEvent { action=ACTION_DOWN, id[0]=0, x[0]=285.0, y[0]=233.0, toolType[0]=TOOL_TYPE_UNKNOWN, buttonState=0, metaState=0, flags=0x80000000, edgeFlags=0x0, pointerCount=1, historySize=0, eventTime=284427, downTime=284426, deviceId=0, source=0x1002 }
D/InputEventConsistencyVerifier(  424):   3: sent at 284359000000, MotionEvent { action=ACTION_DOWN, id[0]=0, x[0]=193.0, y[0]=60.0, toolType[0]=TOOL_TYPE_UNKNOWN, buttonState=0, metaState=0, flags=0x0, edgeFlags=0x0, pointerCount=1, historySize=0, eventTime=284359, downTime=284356, deviceId=0, source=0x1002 }
D/InputEventConsistencyVerifier(  424):   4: sent at 284251000000, MotionEvent { action=ACTION_UP, id[0]=0, x[0]=269.0, y[0]=29.0, toolType[0]=TOOL_TYPE_UNKNOWN, buttonState=0, metaState=0, flags=0x0, edgeFlags=0x0, pointerCount=1, historySize=0, eventTime=284251, downTime=284239, deviceId=0, source=0x1002 }
D/InputEventConsistencyVerifier(  424):   5: sent at 284239000000, MotionEvent { action=ACTION_DOWN, id[0]=0, x[0]=276.0, y[0]=24.0, toolType[0]=TOOL_TYPE_UNKNOWN, buttonState=0, metaState=0, flags=0x80000000, edgeFlags=0x0, pointerCount=1, historySize=0, eventTime=284239, downTime=284239, deviceId=0, source=0x1002 }
D/PhoneStatusBar(  424): disable: < expand icons alerts ticker* system_info back home recent clock >
V/PhoneStatusBar(  424): setLightsOn(true)
I/ActivityManager(  229): START {act=android.intent.action.MAIN cat=[android.intent.category.HOME] flg=0x10200000 cmp=com.android.launcher/com.android.launcher2.Launcher u=0} from pid 229
W/dalvikvm(  997): DroidBox: { "FdAccess": { "path": "2f6465762f696e7075742f6576656e7430", "id": "262005762" } }
W/DroidBox(  997): DroidBox: { "FileRW": { "operation": "write", "data": "7f060000efbfbd3901000500000001000000", "id": "262005762" } }
I/ActivityManager(  229): START {act=android.intent.action.MAIN cat=[android.intent.category.LAUNCHER] flg=0x10200000 cmp=jp.ubsecure.android.rageagainst/.AndroidRageAgainstActivity u=0} from pid 997
D/InputEventConsistencyVerifier( 1016): TrackballEvent: Trackball is down but pressure is not greater than 0.
D/InputEventConsistencyVerifier( 1016):   in android.view.ViewRootImpl@b3eae9e0
D/InputEventConsistencyVerifier( 1016):   0: sent at 286137000000, MotionEvent { action=ACTION_DOWN, id[0]=0, x[0]=0.0, y[0]=0.0, toolType[0]=TOOL_TYPE_UNKNOWN, buttonState=0, metaState=0, flags=0x0, edgeFlags=0x0, pointerCount=1, historySize=0, eventTime=286137, downTime=286078, deviceId=0, source=0x10004 }
D/InputEventConsistencyVerifier( 1016):   -- recent events --
D/InputEventConsistencyVerifier( 1016):   1: sent at 286211000000, KeyEvent { action=ACTION_UP, keyCode=KEYCODE_DPAD_UP, scanCode=0, metaState=0, flags=0x400, repeatCount=0, eventTime=286211, downTime=286211, deviceId=-1, source=0x101 }
D/InputEventConsistencyVerifier( 1016):   2: sent at 286211000000, KeyEvent { action=ACTION_DOWN, keyCode=KEYCODE_DPAD_UP, scanCode=0, metaState=0, flags=0x400, repeatCount=0, eventTime=286211, downTime=286211, deviceId=-1, source=0x101 }
D/InputEventConsistencyVerifier( 1016):   3: sent at 286174000000, KeyEvent { action=ACTION_UP, keyCode=KEYCODE_DPAD_UP, scanCode=0, metaState=0, flags=0x400, repeatCount=0, eventTime=286174, downTime=286174, deviceId=-1, source=0x101 }
D/InputEventConsistencyVerifier( 1016):   4: sent at 286174000000, KeyEvent { action=ACTION_DOWN, keyCode=KEYCODE_DPAD_UP, scanCode=0, metaState=0, flags=0x400, repeatCount=0, eventTime=286174, downTime=286174, deviceId=-1, source=0x101 }
D/InputEventConsistencyVerifier( 1016):   5: sent at 286173000000, KeyEvent { action=ACTION_UP, keyCode=KEYCODE_DPAD_UP, scanCode=0, metaState=0, flags=0x400, repeatCount=0, eventTime=286173, downTime=286173, deviceId=-1, source=0x101 }
D/InputEventConsistencyVerifier(  424): TouchEvent: ACTION_DOWN but pointers are already down.  Probably missing ACTION_UP from previous gesture.
D/InputEventConsistencyVerifier(  424):   in android.view.ScaleGestureDetector@b3f09bb0
D/InputEventConsistencyVerifier(  424):   0: sent at 286271000000, MotionEvent { action=ACTION_DOWN, id[0]=0, x[0]=357.0, y[0]=10.0, toolType[0]=TOOL_TYPE_UNKNOWN, buttonState=0, metaState=0, flags=0x0, edgeFlags=0x0, pointerCount=1, historySize=0, eventTime=286271, downTime=286259, deviceId=0, source=0x1002 }
D/InputEventConsistencyVerifier(  424):   -- recent events --
D/InputEventConsistencyVerifier(  424):   1: sent at 284772000000, MotionEvent { action=ACTION_DOWN, id[0]=0, x[0]=296.0, y[0]=472.0, toolType[0]=TOOL_TYPE_UNKNOWN, buttonState=0, metaState=0, flags=0x80000000, edgeFlags=0x0, pointerCount=1, historySize=0, eventTime=284772, downTime=284760, deviceId=0, source=0x1002 }
D/InputEventConsistencyVerifier(  424):   2: sent at 284469000000, MotionEvent { action=ACTION_DOWN, id[0]=0, x[0]=200.0, y[0]=72.0, toolType[0]=TOOL_TYPE_UNKNOWN, buttonState=0, metaState=0, flags=0x80000000, edgeFlags=0x0, pointerCount=1, historySize=0, eventTime=284469, downTime=284468, deviceId=0, source=0x1002 }
D/InputEventConsistencyVerifier(  424):   3: sent at 284427000000, MotionEvent { action=ACTION_DOWN, id[0]=0, x[0]=285.0, y[0]=233.0, toolType[0]=TOOL_TYPE_UNKNOWN, buttonState=0, metaState=0, flags=0x80000000, edgeFlags=0x0, pointerCount=1, historySize=0, eventTime=284427, downTime=284426, deviceId=0, source=0x1002 }
D/InputEventConsistencyVerifier(  424):   4: sent at 284359000000, MotionEvent { action=ACTION_DOWN, id[0]=0, x[0]=193.0, y[0]=60.0, toolType[0]=TOOL_TYPE_UNKNOWN, buttonState=0, metaState=0, flags=0x0, edgeFlags=0x0, pointerCount=1, historySize=0, eventTime=284359, downTime=284356, deviceId=0, source=0x1002 }
D/InputEventConsistencyVerifier(  424):   5: sent at 284251000000, MotionEvent { action=ACTION_UP, id[0]=0, x[0]=269.0, y[0]=29.0, toolType[0]=TOOL_TYPE_UNKNOWN, buttonState=0, metaState=0, flags=0x0, edgeFlags=0x0, pointerCount=1, historySize=0, eventTime=284251, downTime=284239, deviceId=0, source=0x1002 }
W/dalvikvm(  424): DroidBox: { "FdAccess": { "path": "2f70726f632f6d656d696e666f", "id": "1793389288" } }
W/DroidBox(  424): DroidBox: { "FileRW": { "operation": "read", "data": "4d656d546f74616c3a202020202020202020373438393634206b420a4d656d467265653a20202020202020202020343438373438206b420a427566666572733a20202020202020202020202035353132206b420a4361636865643a202020202020202020", "id": "1793389288" } }
I/Choreographer( 1016): Skipped 57 frames!  The application may be doing too much work on its main thread.
D/InputEventConsistencyVerifier(  424): KeyEvent: ACTION_UP but key was not down.
D/InputEventConsistencyVerifier(  424):   in com.android.systemui.statusbar.phone.StatusBarWindowView@b3e691d8
D/InputEventConsistencyVerifier(  424):   0: sent at 286700000000, KeyEvent { action=ACTION_UP, keyCode=KEYCODE_DPAD_LEFT, scanCode=0, metaState=0, flags=0x8, repeatCount=0, eventTime=286700, downTime=286700, deviceId=-1, source=0x101 }
D/InputEventConsistencyVerifier(  424):   -- recent events --
D/InputEventConsistencyVerifier(  424):   1: sent at 286577000000, MotionEvent { action=ACTION_UP, id[0]=0, x[0]=240.0, y[0]=778.0, toolType[0]=TOOL_TYPE_UNKNOWN, buttonState=0, metaState=0, flags=0x0, edgeFlags=0x0, pointerCount=1, historySize=0, eventTime=286577, downTime=286556, deviceId=0, source=0x1002 }
D/InputEventConsistencyVerifier(  424):   2: sent at 286557000000, MotionEvent { action=ACTION_DOWN, id[0]=0, x[0]=240.0, y[0]=771.0, toolType[0]=TOOL_TYPE_UNKNOWN, buttonState=0, metaState=0, flags=0x0, edgeFlags=0x0, pointerCount=1, historySize=0, eventTime=286557, downTime=286556, deviceId=0, source=0x1002 }
D/InputEventConsistencyVerifier(  424):   3: sent at 286436000000, (unhandled) KeyEvent { action=ACTION_UP, keyCode=KEYCODE_MENU, scanCode=0, metaState=0, flags=0x8, repeatCount=0, eventTime=286436, downTime=286436, deviceId=-1, source=0x101 }
D/InputEventConsistencyVerifier(  424):   4: sent at 286339000000, (unhandled) KeyEvent { action=ACTION_DOWN, keyCode=KEYCODE_MENU, scanCode=0, metaState=0, flags=0x8, repeatCount=0, eventTime=286339, downTime=286339, deviceId=-1, source=0x101 }
D/InputEventConsistencyVerifier(  424):   5: sent at 286333000000, MotionEvent { action=ACTION_UP, id[0]=0, x[0]=240.0, y[0]=0.0, toolType[0]=TOOL_TYPE_UNKNOWN, buttonState=0, metaState=0, flags=0x0, edgeFlags=0x0, pointerCount=1, historySize=0, eventTime=286333, downTime=286259, deviceId=0, source=0x1002 }
W/dalvikvm(  424): DroidBox: { "FdAccess": { "path": "2f70726f632f6d656d696e666f", "id": "636796934" } }
W/DroidBox(  424): DroidBox: { "FileRW": { "operation": "read", "data": "4d656d546f74616c3a202020202020202020373438393634206b420a4d656d467265653a20202020202020202020343438373438206b420a427566666572733a20202020202020202020202035353132206b420a4361636865643a202020202020202020", "id": "636796934" } }
I/Choreographer(  424): Skipped 165 frames!  The application may be doing too much work on its main thread.
D/InputEventConsistencyVerifier(  424): KeyEvent: ACTION_UP but key was not down.
D/InputEventConsistencyVerifier(  424):   in android.widget.FrameLayout@b3e39258
D/InputEventConsistencyVerifier(  424):   0: sent at 287032000000, KeyEvent { action=ACTION_UP, keyCode=KEYCODE_DPAD_DOWN, scanCode=0, metaState=0, flags=0x400, repeatCount=0, eventTime=287032, downTime=287032, deviceId=-1, source=0x101 }
D/InputEventConsistencyVerifier(  424):   -- recent events --
D/InputEventConsistencyVerifier(  424):   1: sent at 239617000000, (unhandled) KeyEvent { action=ACTION_UP, keyCode=KEYCODE_DPAD_DOWN, scanCode=0, metaState=0, flags=0x80000008, repeatCount=0, eventTime=239617, downTime=239617, deviceId=-1, source=0x101 }
D/InputEventConsistencyVerifier(  424):   2: sent at 222228000000, MotionEvent { action=ACTION_UP, id[0]=0, x[0]=163.0, y[0]=77.0, toolType[0]=TOOL_TYPE_UNKNOWN, buttonState=0, metaState=0, flags=0x0, edgeFlags=0x0, pointerCount=1, historySize=0, eventTime=222228, downTime=222215, deviceId=0, source=0x1002 }
D/InputEventConsistencyVerifier(  424):   3: sent at 222216000000, MotionEvent { action=ACTION_DOWN, id[0]=0, x[0]=177.0, y[0]=82.0, toolType[0]=TOOL_TYPE_UNKNOWN, buttonState=0, metaState=0, flags=0x0, edgeFlags=0x0, pointerCount=1, historySize=0, eventTime=222216, downTime=222215, deviceId=0, source=0x1002 }
D/InputEventConsistencyVerifier(  424):   4: sent at 222207000000, MotionEvent { action=ACTION_UP, id[0]=0, x[0]=204.0, y[0]=99.0, toolType[0]=TOOL_TYPE_UNKNOWN, buttonState=0, metaState=0, flags=0x0, edgeFlags=0x0, pointerCount=1, historySize=0, eventTime=222207, downTime=222182, deviceId=0, source=0x1002 }
D/InputEventConsistencyVerifier(  424):   5: sent at 222205000000, MotionEvent { action=ACTION_POINTER_UP(1), id[0]=0, x[0]=190.0, y[0]=94.0, toolType[0]=TOOL_TYPE_UNKNOWN, id[1]=1, x[1]=52.0, y[1]=228.0, toolType[1]=TOOL_TYPE_UNKNOWN, buttonState=0, metaState=0, flags=0x0, edgeFlags=0x0, pointerCount=2, historySize=0, eventTime=222205, downTime=222182, deviceId=0, source=0x1002 }
W/dalvikvm(  424): DroidBox: { "FdAccess": { "path": "2f70726f632f6d656d696e666f", "id": "628992487" } }
W/DroidBox(  424): DroidBox: { "FileRW": { "operation": "read", "data": "4d656d546f74616c3a202020202020202020373438393634206b420a4d656d467265653a20202020202020202020343438373438206b420a427566666572733a20202020202020202020202035353132206b420a4361636865643a202020202020202020", "id": "628992487" } }
D/PhoneStatusBar(  424): disable: < expand icons alerts TICKER* system_info back home recent clock >
V/PhoneStatusBar(  424): setLightsOn(true)
W/dalvikvm(  424): DroidBox: { "FdAccess": { "path": "2f70726f632f6d656d696e666f", "id": "1623710131" } }
W/DroidBox(  424): DroidBox: { "FileRW": { "operation": "read", "data": "4d656d546f74616c3a202020202020202020373438393634206b420a4d656d467265653a20202020202020202020343437353038206b420a427566666572733a20202020202020202020202035353132206b420a4361636865643a202020202020202020", "id": "1623710131" } }
W/dalvikvm(  424): DroidBox: { "FdAccess": { "path": "2f70726f632f6d656d696e666f", "id": "101549384" } }
W/DroidBox(  424): DroidBox: { "FileRW": { "operation": "read", "data": "4d656d546f74616c3a202020202020202020373438393634206b420a4d656d467265653a20202020202020202020343436303230206b420a427566666572733a20202020202020202020202035353132206b420a4361636865643a202020202020202020", "id": "101549384" } }
W/dalvikvm(  424): DroidBox: { "FdAccess": { "path": "2f70726f632f6d656d696e666f", "id": "1989978050" } }
W/DroidBox(  424): DroidBox: { "FileRW": { "operation": "read", "data": "4d656d546f74616c3a202020202020202020373438393634206b420a4d656d467265653a20202020202020202020343436303230206b420a427566666572733a20202020202020202020202035353132206b420a4361636865643a202020202020202020", "id": "1989978050" } }
D/InputEventConsistencyVerifier(  424): KeyEvent: ACTION_UP but key was not down.
D/InputEventConsistencyVerifier(  424):   in com.android.systemui.statusbar.phone.PhoneStatusBarView@b3e6b170
D/InputEventConsistencyVerifier(  424):   0: sent at 287605000000, KeyEvent { action=ACTION_UP, keyCode=KEYCODE_DPAD_UP, scanCode=0, metaState=0, flags=0x400, repeatCount=0, eventTime=287605, downTime=287605, deviceId=-1, source=0x101 }
D/InputEventConsistencyVerifier(  424):   -- recent events --
D/InputEventConsistencyVerifier(  424):   1: sent at 287032000000, (unhandled) KeyEvent { action=ACTION_DOWN, keyCode=KEYCODE_DPAD_DOWN, scanCode=0, metaState=0, flags=0x400, repeatCount=0, eventTime=287032, downTime=287032, deviceId=-1, source=0x101 }
D/InputEventConsistencyVerifier(  424):   2: sent at 287005000000, (unhandled) MotionEvent { action=ACTION_MOVE, id[0]=0, x[0]=2.0, y[0]=2.0, toolType[0]=TOOL_TYPE_UNKNOWN, buttonState=0, metaState=0, flags=0x0, edgeFlags=0x0, pointerCount=1, historySize=10, eventTime=287005, downTime=-1, deviceId=0, source=0x10004 }
D/InputEventConsistencyVerifier(  424):   3: sent at 286700000000, (unhandled) KeyEvent { action=ACTION_UP, keyCode=KEYCODE_DPAD_LEFT, scanCode=0, metaState=0, flags=0x80000008, repeatCount=0, eventTime=286700, downTime=286700, deviceId=-1, source=0x101 }
D/InputEventConsistencyVerifier(  424):   4: sent at 286436000000, (unhandled) KeyEvent { action=ACTION_UP, keyCode=KEYCODE_MENU, scanCode=0, metaState=0, flags=0x8, repeatCount=0, eventTime=286436, downTime=286436, deviceId=-1, source=0x101 }
D/InputEventConsistencyVerifier(  424):   5: sent at 286339000000, (unhandled) KeyEvent { action=ACTION_DOWN, keyCode=KEYCODE_MENU, scanCode=0, metaState=0, flags=0x8, repeatCount=0, eventTime=286339, downTime=286339, deviceId=-1, source=0x101 }
D/InputEventConsistencyVerifier(  424): TouchEvent: ACTION_DOWN but pointers are already down.  Probably missing ACTION_UP from previous gesture.
D/InputEventConsistencyVerifier(  424):   in android.view.ScaleGestureDetector@b3f09bb0
D/InputEventConsistencyVerifier(  424):   0: sent at 287600000000, MotionEvent { action=ACTION_DOWN, id[0]=0, x[0]=46.0, y[0]=447.0, toolType[0]=TOOL_TYPE_UNKNOWN, buttonState=0, metaState=0, flags=0x0, edgeFlags=0x0, pointerCount=1, historySize=0, eventTime=287600, downTime=287599, deviceId=0, source=0x1002 }
D/InputEventConsistencyVerifier(  424):   -- recent events --
D/InputEventConsistencyVerifier(  424):   1: sent at 286557000000, MotionEvent { action=ACTION_DOWN, id[0]=0, x[0]=240.0, y[0]=771.0, toolType[0]=TOOL_TYPE_UNKNOWN, buttonState=0, metaState=0, flags=0x0, edgeFlags=0x0, pointerCount=1, historySize=0, eventTime=286557, downTime=286556, deviceId=0, source=0x1002 }
D/InputEventConsistencyVerifier(  424):   2: sent at 286333000000, MotionEvent { action=ACTION_UP, id[0]=0, x[0]=240.0, y[0]=0.0, toolType[0]=TOOL_TYPE_UNKNOWN, buttonState=0, metaState=0, flags=0x0, edgeFlags=0x0, pointerCount=1, historySize=0, eventTime=286333, downTime=286259, deviceId=0, source=0x1002 }
D/InputEventConsistencyVerifier(  424):   3: sent at 286330000000, MotionEvent { action=ACTION_MOVE, id[0]=0, x[0]=254.0, y[0]=0.0, toolType[0]=TOOL_TYPE_UNKNOWN, buttonState=0, metaState=0, flags=0x0, edgeFlags=0x0, pointerCount=1, historySize=6, eventTime=286330, downTime=286259, deviceId=0, source=0x1002 }
D/InputEventConsistencyVerifier(  424):   4: sent at 286271000000, MotionEvent { action=ACTION_DOWN, id[0]=0, x[0]=357.0, y[0]=10.0, toolType[0]=TOOL_TYPE_UNKNOWN, buttonState=0, metaState=0, flags=0x80000000, edgeFlags=0x0, pointerCount=1, historySize=0, eventTime=286271, downTime=286259, deviceId=0, source=0x1002 }
D/InputEventConsistencyVerifier(  424):   5: sent at 284772000000, MotionEvent { action=ACTION_DOWN, id[0]=0, x[0]=296.0, y[0]=472.0, toolType[0]=TOOL_TYPE_UNKNOWN, buttonState=0, metaState=0, flags=0x80000000, edgeFlags=0x0, pointerCount=1, historySize=0, eventTime=284772, downTime=284760, deviceId=0, source=0x1002 }
W/dalvikvm(  424): DroidBox: { "FdAccess": { "path": "2f70726f632f6d656d696e666f", "id": "884645142" } }
W/DroidBox(  424): DroidBox: { "FileRW": { "operation": "read", "data": "4d656d546f74616c3a202020202020202020373438393634206b420a4d656d467265653a20202020202020202020343435383936206b420a427566666572733a20202020202020202020202035353132206b420a4361636865643a202020202020202020", "id": "884645142" } }
I/Choreographer(  424): Skipped 38 frames!  The application may be doing too much work on its main thread.
W/dalvikvm(  424): DroidBox: { "FdAccess": { "path": "2f70726f632f6d656d696e666f", "id": "1371804963" } }
W/DroidBox(  424): DroidBox: { "FileRW": { "operation": "read", "data": "4d656d546f74616c3a202020202020202020373438393634206b420a4d656d467265653a20202020202020202020343435373732206b420a427566666572733a20202020202020202020202035353132206b420a4361636865643a202020202020202020", "id": "1371804963" } }
D/InputEventConsistencyVerifier(  424): TrackballEvent: Trackball is down but pressure is not greater than 0.
D/InputEventConsistencyVerifier(  424):   in android.view.ViewRootImpl@b3efaed0
D/InputEventConsistencyVerifier(  424):   0: sent at 287978000000, MotionEvent { action=ACTION_DOWN, id[0]=0, x[0]=0.0, y[0]=0.0, toolType[0]=TOOL_TYPE_UNKNOWN, buttonState=0, metaState=0, flags=0x0, edgeFlags=0x0, pointerCount=1, historySize=0, eventTime=287978, downTime=287930, deviceId=0, source=0x10004 }
D/InputEventConsistencyVerifier(  424):   -- recent events --
D/InputEventConsistencyVerifier(  424):   1: sent at 288019000000, KeyEvent { action=ACTION_UP, keyCode=KEYCODE_DPAD_UP, scanCode=0, metaState=0, flags=0x400, repeatCount=0, eventTime=288019, downTime=288019, deviceId=-1, source=0x101 }
D/InputEventConsistencyVerifier(  424):   2: sent at 288019000000, KeyEvent { action=ACTION_DOWN, keyCode=KEYCODE_DPAD_UP, scanCode=0, metaState=0, flags=0x400, repeatCount=0, eventTime=288019, downTime=288019, deviceId=-1, source=0x101 }
D/InputEventConsistencyVerifier(  424):   3: sent at 288019000000, KeyEvent { action=ACTION_UP, keyCode=KEYCODE_DPAD_UP, scanCode=0, metaState=0, flags=0x400, repeatCount=0, eventTime=288019, downTime=288019, deviceId=-1, source=0x101 }
D/InputEventConsistencyVerifier(  424):   4: sent at 288019000000, KeyEvent { action=ACTION_DOWN, keyCode=KEYCODE_DPAD_UP, scanCode=0, metaState=0, flags=0x400, repeatCount=0, eventTime=288019, downTime=288019, deviceId=-1, source=0x101 }
D/InputEventConsistencyVerifier(  424):   5: sent at 288018000000, KeyEvent { action=ACTION_UP, keyCode=KEYCODE_DPAD_UP, scanCode=0, metaState=0, flags=0x400, repeatCount=0, eventTime=288018, downTime=288018, deviceId=-1, source=0x101 }
I/Choreographer(  424): Skipped 34 frames!  The application may be doing too much work on its main thread.
D/InputEventConsistencyVerifier(  424): TouchEvent: ACTION_DOWN but pointers are already down.  Probably missing ACTION_UP from previous gesture.
D/InputEventConsistencyVerifier(  424):   in android.view.ScaleGestureDetector@b3f09bb0
D/InputEventConsistencyVerifier(  424):   0: sent at 288078000000, MotionEvent { action=ACTION_DOWN, id[0]=0, x[0]=302.0, y[0]=143.0, toolType[0]=TOOL_TYPE_UNKNOWN, buttonState=0, metaState=0, flags=0x0, edgeFlags=0x0, pointerCount=1, historySize=0, eventTime=288078, downTime=288077, deviceId=0, source=0x1002 }
D/InputEventConsistencyVerifier(  424):   -- recent events --
D/InputEventConsistencyVerifier(  424):   1: sent at 288055000000, MotionEvent { action=ACTION_MOVE, id[0]=0, x[0]=246.0, y[0]=158.0, toolType[0]=TOOL_TYPE_UNKNOWN, id[1]=1, x[1]=208.0, y[1]=263.0, toolType[1]=TOOL_TYPE_UNKNOWN, buttonState=0, metaState=0, flags=0x0, edgeFlags=0x0, pointerCount=2, historySize=0, eventTime=288055, downTime=288045, deviceId=0, source=0x1002 }
D/InputEventConsistencyVerifier(  424):   2: sent at 288053000000, MotionEvent { action=ACTION_POINTER_DOWN(1), id[0]=0, x[0]=259.0, y[0]=149.0, toolType[0]=TOOL_TYPE_UNKNOWN, id[1]=1, x[1]=211.0, y[1]=249.0, toolType[1]=TOOL_TYPE_UNKNOWN, buttonState=0, metaState=0, flags=0x0, edgeFlags=0x0, pointerCount=2, historySize=0, eventTime=288053, downTime=288045, deviceId=0, source=0x1002 }
D/InputEventConsistencyVerifier(  424):   3: sent at 288047000000, MotionEvent { action=ACTION_DOWN, id[0]=0, x[0]=272.0, y[0]=146.0, toolType[0]=TOOL_TYPE_UNKNOWN, buttonState=0, metaState=0, flags=0x0, edgeFlags=0x0, pointerCount=1, historySize=0, eventTime=288047, downTime=288045, deviceId=0, source=0x1002 }
D/InputEventConsistencyVerifier(  424):   4: sent at 287912000000, MotionEvent { action=ACTION_UP, id[0]=0, x[0]=134.0, y[0]=736.0, toolType[0]=TOOL_TYPE_UNKNOWN, buttonState=0, metaState=0, flags=0x0, edgeFlags=0x0, pointerCount=1, historySize=0, eventTime=287912, downTime=287907, deviceId=0, source=0x1002 }
D/InputEventConsistencyVerifier(  424):   5: sent at 287907000000, MotionEvent { action=ACTION_DOWN, id[0]=0, x[0]=141.0, y[0]=720.0, toolType[0]=TOOL_TYPE_UNKNOWN, buttonState=0, metaState=0, flags=0x0, edgeFlags=0x0, pointerCount=1, historySize=0, eventTime=287907, downTime=287907, deviceId=0, source=0x1002 }
D/InputEventConsistencyVerifier(  424): KeyEvent: ACTION_UP but key was not down.
D/InputEventConsistencyVerifier(  424):   in com.android.systemui.statusbar.phone.StatusBarWindowView@b3e691d8
D/InputEventConsistencyVerifier(  424):   0: sent at 288235000000, KeyEvent { action=ACTION_UP, keyCode=KEYCODE_DPAD_LEFT, scanCode=0, metaState=0, flags=0x8, repeatCount=0, eventTime=288235, downTime=288235, deviceId=-1, source=0x101 }
D/InputEventConsistencyVerifier(  424):   -- recent events --
D/InputEventConsistencyVerifier(  424):   1: sent at 288207000000, MotionEvent { action=ACTION_UP, id[0]=0, x[0]=351.0, y[0]=740.0, toolType[0]=TOOL_TYPE_UNKNOWN, buttonState=0, metaState=0, flags=0x0, edgeFlags=0x0, pointerCount=1, historySize=0, eventTime=288207, downTime=288191, deviceId=0, source=0x1002 }
D/InputEventConsistencyVerifier(  424):   2: sent at 288191000000, MotionEvent { action=ACTION_DOW