W/DroidBox(  223): DroidBox: { "FileRW": { "operation": "read", "data": "2f696e69740000000000000000000000000000000000000000000000000000000000000000000000000000000000000000000000000000000000000000000000000000000000000000000000000000000000000000000000000000000000000000000000", "id": "1558605579" } }
W/dalvikvm(  223): DroidBox: { "FdAccess": { "path": "2f70726f632f32362f636d646c696e65", "id": "2113153688" } }
W/DroidBox(  223): DroidBox: { "FileRW": { "operation": "read", "data": "2f696e69740000000000000000000000000000000000000000000000000000000000000000000000000000000000000000000000000000000000000000000000000000000000000000000000000000000000000000000000000000000000000000000000", "id": "2113153688" } }
W/dalvikvm(  223): DroidBox: { "FdAccess": { "path": "2f70726f632f32372f636d646c696e65", "id": "1579874230" } }
W/DroidBox(  223): DroidBox: { "FileRW": { "operation": "read", "data": "2f696e69740000000000000000000000000000000000000000000000000000000000000000000000000000000000000000000000000000000000000000000000000000000000000000000000000000000000000000000000000000000000000000000000", "id": "1579874230" } }
W/dalvikvm(  223): DroidBox: { "FdAccess": { "path": "2f70726f632f32382f636d646c696e65", "id": "330706705" } }
W/DroidBox(  223): DroidBox: { "FileRW": { "operation": "read", "data": "2f696e69740000000000000000000000000000000000000000000000000000000000000000000000000000000000000000000000000000000000000000000000000000000000000000000000000000000000000000000000000000000000000000000000", "id": "330706705" } }
W/dalvikvm(  223): DroidBox: { "FdAccess": { "path": "2f70726f632f32392f636d646c696e65", "id": "1013999370" } }
W/DroidBox(  223): DroidBox: { "FileRW": { "operation": "read", "data": "2f696e69740000000000000000000000000000000000000000000000000000000000000000000000000000000000000000000000000000000000000000000000000000000000000000000000000000000000000000000000000000000000000000000000", "id": "1013999370" } }
W/dalvikvm(  223): DroidBox: { "FdAccess": { "path": "2f70726f632f33302f636d646c696e65", "id": "786614739" } }
W/DroidBox(  223): DroidBox: { "FileRW": { "operation": "read", "data": "2f696e69740000000000000000000000000000000000000000000000000000000000000000000000000000000000000000000000000000000000000000000000000000000000000000000000000000000000000000000000000000000000000000000000", "id": "786614739" } }
W/dalvikvm(  223): DroidBox: { "FdAccess": { "path": "2f70726f632f33312f636d646c696e65", "id": "1413533604" } }
W/DroidBox(  223): DroidBox: { "FileRW": { "operation": "read", "data": "2f7362696e2f756576656e7464000000000000000000000000000000000000000000000000000000000000000000000000000000000000000000000000000000000000000000000000000000000000000000000000000000000000000000000000000000", "id": "1413533604" } }
W/dalvikvm(  223): DroidBox: { "FdAccess": { "path": "2f70726f632f33332f636d646c696e65", "id": "2123330120" } }
W/DroidBox(  223): DroidBox: { "FileRW": { "operation": "read", "data": "2f7362696e2f756576656e7464000000000000000000000000000000000000000000000000000000000000000000000000000000000000000000000000000000000000000000000000000000000000000000000000000000000000000000000000000000", "id": "2123330120" } }
W/dalvikvm(  223): DroidBox: { "FdAccess": { "path": "2f70726f632f33342f636d646c696e65", "id": "80277711" } }
W/DroidBox(  223): DroidBox: { "FileRW": { "operation": "read", "data": "2f7362696e2f756576656e7464000000000000000000000000000000000000000000000000000000000000000000000000000000000000000000000000000000000000000000000000000000000000000000000000000000000000000000000000000000", "id": "80277711" } }
W/dalvikvm(  223): DroidBox: { "FdAccess": { "path": "2f70726f632f33382f636d646c696e65", "id": "837190173" } }
W/DroidBox(  223): DroidBox: { "FileRW": { "operation": "read", "data": "2f7362696e2f756576656e7464000000000000000000000000000000000000000000000000000000000000000000000000000000000000000000000000000000000000000000000000000000000000000000000000000000000000000000000000000000", "id": "837190173" } }
W/dalvikvm(  223): DroidBox: { "FdAccess": { "path": "2f70726f632f34302f636d646c696e65", "id": "505210533" } }
W/DroidBox(  223): DroidBox: { "FileRW": { "operation": "read", "data": "2f7362696e2f756576656e7464000000000000000000000000000000000000000000000000000000000000000000000000000000000000000000000000000000000000000000000000000000000000000000000000000000000000000000000000000000", "id": "505210533" } }
W/dalvikvm(  223): DroidBox: { "FdAccess": { "path": "2f70726f632f34312f636d646c696e65", "id": "1932071044" } }
W/DroidBox(  223): DroidBox: { "FileRW": { "operation": "read", "data": "2f7362696e2f756576656e7464000000000000000000000000000000000000000000000000000000000000000000000000000000000000000000000000000000000000000000000000000000000000000000000000000000000000000000000000000000", "id": "1932071044" } }
W/dalvikvm(  223): DroidBox: { "FdAccess": { "path": "2f70726f632f34342f636d646c696e65", "id": "997549648" } }
W/DroidBox(  223): DroidBox: { "FileRW": { "operation": "read", "data": "2f7362696e2f756576656e7464000000000000000000000000000000000000000000000000000000000000000000000000000000000000000000000000000000000000000000000000000000000000000000000000000000000000000000000000000000", "id": "997549648" } }
W/dalvikvm(  223): DroidBox: { "FdAccess": { "path": "2f70726f632f34362f636d646c696e65", "id": "1105940999" } }
W/DroidBox(  223): DroidBox: { "FileRW": { "operation": "read", "data": "2f7362696e2f756576656e7464000000000000000000000000000000000000000000000000000000000000000000000000000000000000000000000000000000000000000000000000000000000000000000000000000000000000000000000000000000", "id": "1105940999" } }
W/dalvikvm(  223): DroidBox: { "FdAccess": { "path": "2f70726f632f34372f636d646c696e65", "id": "846524219" } }
W/DroidBox(  223): DroidBox: { "FileRW": { "operation": "read", "data": "2f7362696e2f756576656e7464000000000000000000000000000000000000000000000000000000000000000000000000000000000000000000000000000000000000000000000000000000000000000000000000000000000000000000000000000000", "id": "846524219" } }
W/dalvikvm(  223): DroidBox: { "FdAccess": { "path": "2f70726f632f34382f636d646c696e65", "id": "898917602" } }
W/DroidBox(  223): DroidBox: { "FileRW": { "operation": "read", "data": "2f73797374656d2f62696e2f71656d75640000000000000000000000000000000000000000000000000000000000000000000000000000000000000000000000000000000000000000000000000000000000000000000000000000000000000000000000", "id": "898917602" } }
W/dalvikvm(  223): DroidBox: { "FdAccess": { "path": "2f70726f632f35322f636d646c696e65", "id": "1299231082" } }
W/DroidBox(  223): DroidBox: { "FileRW": { "operation": "read", "data": "2f73797374656d2f62696e2f736572766963656d616e616765720000000000000000000000000000000000000000000000000000000000000000000000000000000000000000000000000000000000000000000000000000000000000000000000000000", "id": "1299231082" } }
W/dalvikvm(  223): DroidBox: { "FdAccess": { "path": "2f70726f632f35332f636d646c696e65", "id": "419986594" } }
W/DroidBox(  223): DroidBox: { "FileRW": { "operation": "read", "data": "2f73797374656d2f62696e2f766f6c640063656d616e616765720000000000000000000000000000000000000000000000000000000000000000000000000000000000000000000000000000000000000000000000000000000000000000000000000000", "id": "419986594" } }
W/dalvikvm(  223): DroidBox: { "FdAccess": { "path": "2f70726f632f35352f636d646c696e65", "id": "2057997010" } }
W/DroidBox(  223): DroidBox: { "FileRW": { "operation": "read", "data": "2f73797374656d2f62696e2f6e6574640063656d616e616765720000000000000000000000000000000000000000000000000000000000000000000000000000000000000000000000000000000000000000000000000000000000000000000000000000", "id": "2057997010" } }
W/dalvikvm(  223): DroidBox: { "FdAccess": { "path": "2f70726f632f35362f636d646c696e65", "id": "1458610051" } }
W/DroidBox(  223): DroidBox: { "FileRW": { "operation": "read", "data": "2f73797374656d2f62696e2f64656275676765726400616765720000000000000000000000000000000000000000000000000000000000000000000000000000000000000000000000000000000000000000000000000000000000000000000000000000", "id": "1458610051" } }
W/dalvikvm(  223): DroidBox: { "FdAccess": { "path": "2f70726f632f35372f636d646c696e65", "id": "1140334936" } }
W/DroidBox(  223): DroidBox: { "FileRW": { "operation": "read", "data": "2f73797374656d2f62696e2f72696c64006765726400616765720000000000000000000000000000000000000000000000000000000000000000000000000000000000000000000000000000000000000000000000000000000000000000000000000000", "id": "1140334936" } }
W/dalvikvm(  223): DroidBox: { "FdAccess": { "path": "2f70726f632f35382f636d646c696e65", "id": "284362333" } }
W/DroidBox(  223): DroidBox: { "FileRW": { "operation": "read", "data": "2f73797374656d2f62696e2f73757266616365666c696e6765720000000000000000000000000000000000000000000000000000000000000000000000000000000000000000000000000000000000000000000000000000000000000000000000000000", "id": "284362333" } }
W/dalvikvm(  223): DroidBox: { "FdAccess": { "path": "2f70726f632f35392f636d646c696e65", "id": "1871407395" } }
W/DroidBox(  223): DroidBox: { "FileRW": { "operation": "read", "data": "7a79676f7465002f62696e2f6170705f70726f63657373002d587a79676f7465002f73797374656d2f62696e002d2d7a79676f7465002d2d73746172742d73797374656d2d73657276657200000000000000000000000000000000000000000000000000", "id": "1871407395" } }
W/dalvikvm(  223): DroidBox: { "FdAccess": { "path": "2f70726f632f36302f636d646c696e65", "id": "658841233" } }
W/DroidBox(  223): DroidBox: { "FileRW": { "operation": "read", "data": "2f73797374656d2f62696e2f64726d7365727665720073002d587a79676f7465002f73797374656d2f62696e002d2d7a79676f7465002d2d73746172742d73797374656d2d73657276657200000000000000000000000000000000000000000000000000", "id": "658841233" } }
W/dalvikvm(  223): DroidBox: { "FdAccess": { "path": "2f70726f632f36312f636d646c696e65", "id": "521010962" } }
W/DroidBox(  223): DroidBox: { "FileRW": { "operation": "read", "data": "2f73797374656d2f62696e2f6d65646961736572766572002d587a79676f7465002f73797374656d2f62696e002d2d7a79676f7465002d2d73746172742d73797374656d2d73657276657200000000000000000000000000000000000000000000000000", "id": "521010962" } }
W/dalvikvm(  223): DroidBox: { "FdAccess": { "path": "2f70726f632f36322f636d646c696e65", "id": "934099744" } }
W/DroidBox(  223): DroidBox: { "FileRW": { "operation": "read", "data": "2f73797374656d2f62696e2f646275732d6461656d6f6e002d2d73797374656d002d2d6e6f666f726b00696e002d2d7a79676f7465002d2d73746172742d73797374656d2d73657276657200000000000000000000000000000000000000000000000000", "id": "934099744" } }
W/dalvikvm(  223): DroidBox: { "FdAccess": { "path": "2f70726f632f36332f636d646c696e65", "id": "1861117096" } }
W/DroidBox(  223): DroidBox: { "FileRW": { "operation": "read", "data": "2f73797374656d2f62696e2f696e7374616c6c64006f6e002d2d73797374656d002d2d6e6f666f726b00696e002d2d7a79676f7465002d2d73746172742d73797374656d2d73657276657200000000000000000000000000000000000000000000000000", "id": "1861117096" } }
W/dalvikvm(  223): DroidBox: { "FdAccess": { "path": "2f70726f632f36342f636d646c696e65", "id": "655307291" } }
W/DroidBox(  223): DroidBox: { "FileRW": { "operation": "read", "data": "2f73797374656d2f62696e2f6b657973746f7265002f646174612f6d6973632f6b657973746f72650000696e002d2d7a79676f7465002d2d73746172742d73797374656d2d73657276657200000000000000000000000000000000000000000000000000", "id": "655307291" } }
W/dalvikvm(  223): DroidBox: { "FdAccess": { "path": "2f70726f632f36362f636d646c696e65", "id": "1766003600" } }
W/DroidBox(  223): DroidBox: { "FileRW": { "operation": "read", "data": "2f73797374656d2f62696e2f73680073746f7265002f646174612f6d6973632f6b657973746f72650000696e002d2d7a79676f7465002d2d73746172742d73797374656d2d73657276657200000000000000000000000000000000000000000000000000", "id": "1766003600" } }
W/dalvikvm(  223): DroidBox: { "FdAccess": { "path": "2f70726f632f36372f636d646c696e65", "id": "231016682" } }
W/DroidBox(  223): DroidBox: { "FileRW": { "operation": "read", "data": "2f7362696e2f61646264002f73680073746f7265002f646174612f6d6973632f6b657973746f72650000696e002d2d7a79676f7465002d2d73746172742d73797374656d2d73657276657200000000000000000000000000000000000000000000000000", "id": "231016682" } }
W/dalvikvm(  223): DroidBox: { "FdAccess": { "path": "2f70726f632f3232332f636d646c696e65", "id": "1344595621" } }
W/DroidBox(  223): DroidBox: { "FileRW": { "operation": "read", "data": "73797374656d5f736572766572000000000000000000000000000000000000000000000000000000000000000000000000000000000000000000000000000000000000000000000000000000000000000000000000000000000000000000000000000000", "id": "1344595621" } }
W/dalvikvm(  223): DroidBox: { "FdAccess": { "path": "2f70726f632f3431372f636d646c696e65", "id": "1807032203" } }
W/DroidBox(  223): DroidBox: { "FileRW": { "operation": "read", "data": "636f6d2e616e64726f69642e73797374656d75690000000000000000000000000000000000000000000000000000000000000000000000000000000000000000000000000000000000000000000000000000000000000000000000000000000000000000", "id": "1807032203" } }
W/dalvikvm(  223): DroidBox: { "FdAccess": { "path": "2f70726f632f3437312f636d646c696e65", "id": "472238020" } }
W/DroidBox(  223): DroidBox: { "FileRW": { "operation": "read", "data": "636f6d2e616e64726f69642e696e7075746d6574686f642e6c6174696e0000000000000000000000000000000000000000000000000000000000000000000000000000000000000000000000000000000000000000000000000000000000000000000000", "id": "472238020" } }
W/dalvikvm(  223): DroidBox: { "FdAccess": { "path": "2f70726f632f3438352f636d646c696e65", "id": "1974815353" } }
W/DroidBox(  223): DroidBox: { "FileRW": { "operation": "read", "data": "636f6d2e616e64726f69642e70686f6e650000000000000000000000000000000000000000000000000000000000000000000000000000000000000000000000000000000000000000000000000000000000000000000000000000000000000000000000", "id": "1974815353" } }
W/dalvikvm(  223): DroidBox: { "FdAccess": { "path": "2f70726f632f3530382f636d646c696e65", "id": "1674184239" } }
W/DroidBox(  223): DroidBox: { "FileRW": { "operation": "read", "data": "636f6d2e616e64726f69642e73657474696e67730000000000000000000000000000000000000000000000000000000000000000000000000000000000000000000000000000000000000000000000000000000000000000000000000000000000000000", "id": "1674184239" } }
W/dalvikvm(  223): DroidBox: { "FdAccess": { "path": "2f70726f632f3534312f636d646c696e65", "id": "758264063" } }
W/DroidBox(  223): DroidBox: { "FileRW": { "operation": "read", "data": "636f6d2e616e64726f69642e736d7370757368000000000000000000000000000000000000000000000000000000000000000000000000000000000000000000000000000000000000000000000000000000000000000000000000000000000000000000", "id": "758264063" } }
W/dalvikvm(  223): DroidBox: { "FdAccess": { "path": "2f70726f632f3536382f636d646c696e65", "id": "918607452" } }
W/DroidBox(  223): DroidBox: { "FileRW": { "operation": "read", "data": "616e64726f69642e70726f636573732e61636f726500000000000000000000000000000000000000000000000000000000000000000000000000000000000000000000000000000000000000000000000000000000000000000000000000000000000000", "id": "918607452" } }
W/dalvikvm(  223): DroidBox: { "FdAccess": { "path": "2f70726f632f3539362f636d646c696e65", "id": "1461784811" } }
W/DroidBox(  223): DroidBox: { "FileRW": { "operation": "read", "data": "636f6d2e616e64726f69642e6c61756e636865720000000000000000000000000000000000000000000000000000000000000000000000000000000000000000000000000000000000000000000000000000000000000000000000000000000000000000", "id": "1461784811" } }
W/dalvikvm(  223): DroidBox: { "FdAccess": { "path": "2f70726f632f3630332f636d646c696e65", "id": "1722526003" } }
W/DroidBox(  223): DroidBox: { "FileRW": { "operation": "read", "data": "636f6d2e616e64726f69642e63616c656e6461720000000000000000000000000000000000000000000000000000000000000000000000000000000000000000000000000000000000000000000000000000000000000000000000000000000000000000", "id": "1722526003" } }
W/dalvikvm(  223): DroidBox: { "FdAccess": { "path": "2f70726f632f3633352f636d646c696e65", "id": "26519533" } }
W/DroidBox(  223): DroidBox: { "FileRW": { "operation": "read", "data": "636f6d2e616e64726f69642e63616c656e6461720000000000000000000000000000000000000000000000000000000000000000000000000000000000000000000000000000000000000000000000000000000000000000000000000000000000000000", "id": "26519533" } }
W/dalvikvm(  223): DroidBox: { "FdAccess": { "path": "2f70726f632f3634352f636d646c696e65", "id": "875146742" } }
W/DroidBox(  223): DroidBox: { "FileRW": { "operation": "read", "data": "636f6d2e616e64726f69642e6465736b636c6f636b00000000000000000000000000000000000000000000000000000000000000000000000000000000000000000000000000000000000000000000000000000000000000000000000000000000000000", "id": "875146742" } }
W/dalvikvm(  223): DroidBox: { "FdAccess": { "path": "2f70726f632f3636302f636d646c696e65", "id": "874887487" } }
W/DroidBox(  223): DroidBox: { "FileRW": { "operation": "read", "data": "636f6d2e616e64726f69642e70726f7669646572732e63616c656e64617200000000000000000000000000000000000000000000000000000000000000000000000000000000000000000000000000000000000000000000000000000000000000000000", "id": "874887487" } }
W/dalvikvm(  223): DroidBox: { "FdAccess": { "path": "2f70726f632f3639322f636d646c696e65", "id": "1201947451" } }
W/DroidBox(  223): DroidBox: { "FileRW": { "operation": "read", "data": "636f6d2e616e64726f69642e636f6e74616374730000000000000000000000000000000000000000000000000000000000000000000000000000000000000000000000000000000000000000000000000000000000000000000000000000000000000000", "id": "1201947451" } }
W/dalvikvm(  223): DroidBox: { "FdAccess": { "path": "2f70726f632f3737322f636d646c696e65", "id": "2107976423" } }
W/DroidBox(  223): DroidBox: { "FileRW": { "operation": "read", "data": "616e64726f69642e70726f636573732e6d6564696100000000000000000000000000000000000000000000000000000000000000000000000000000000000000000000000000000000000000000000000000000000000000000000000000000000000000", "id": "2107976423" } }
W/dalvikvm(  223): DroidBox: { "FdAccess": { "path": "2f70726f632f3834372f636d646c696e65", "id": "1235615962" } }
W/DroidBox(  223): DroidBox: { "FileRW": { "operation": "read", "data": "636f6d2e616e64726f69642e646566636f6e7461696e657200000000000000000000000000000000000000000000000000000000000000000000000000000000000000000000000000000000000000000000000000000000000000000000000000000000", "id": "1235615962" } }
W/dalvikvm(  223): DroidBox: { "FdAccess": { "path": "2f70726f632f3836312f636d646c696e65", "id": "261246258" } }
W/DroidBox(  223): DroidBox: { "FileRW": { "operation": "read", "data": "636f6d2e616e64726f69642e656d61696c0000000000000000000000000000000000000000000000000000000000000000000000000000000000000000000000000000000000000000000000000000000000000000000000000000000000000000000000", "id": "261246258" } }
W/dalvikvm(  223): DroidBox: { "FdAccess": { "path": "2f70726f632f3837392f636d646c696e65", "id": "607108013" } }
W/DroidBox(  223): DroidBox: { "FileRW": { "operation": "read", "data": "636f6d2e616e64726f69642e65786368616e67650000000000000000000000000000000000000000000000000000000000000000000000000000000000000000000000000000000000000000000000000000000000000000000000000000000000000000", "id": "607108013" } }
W/dalvikvm(  223): DroidBox: { "FdAccess": { "path": "2f70726f632f3839342f636d646c696e65", "id": "1790657909" } }
W/DroidBox(  223): DroidBox: { "FileRW": { "operation": "read", "data": "636f6d2e616e64726f69642e67616c6c657279336400000000000000000000000000000000000000000000000000000000000000000000000000000000000000000000000000000000000000000000000000000000000000000000000000000000000000", "id": "1790657909" } }
W/dalvikvm(  223): DroidBox: { "FdAccess": { "path": "2f70726f632f3930392f636d646c696e65", "id": "938780161" } }
W/DroidBox(  223): DroidBox: { "FileRW": { "operation": "read", "data": "636f6d2e616e64726f69642e6d6d7300000000000000000000000000000000000000000000000000000000000000000000000000000000000000000000000000000000000000000000000000000000000000000000000000000000000000000000000000", "id": "938780161" } }
W/dalvikvm(  223): DroidBox: { "FdAccess": { "path": "2f70726f632f3933332f636d646c696e65", "id": "244811133" } }
W/DroidBox(  223): DroidBox: { "FileRW": { "operation": "read", "data": "636f6d2e616e64726f69642e766f6963656469616c65720000000000000000000000000000000000000000000000000000000000000000000000000000000000000000000000000000000000000000000000000000000000000000000000000000000000", "id": "244811133" } }
W/dalvikvm(  223): DroidBox: { "FdAccess": { "path": "2f70726f632f3937362f636d646c696e65", "id": "2138818830" } }
W/DroidBox(  223): DroidBox: { "FileRW": { "operation": "read", "data": "636f6d2e616e64726f69642e717569636b736561726368626f780000000000000000000000000000000000000000000000000000000000000000000000000000000000000000000000000000000000000000000000000000000000000000000000000000", "id": "2138818830" } }
W/dalvikvm(  223): DroidBox: { "FdAccess": { "path": "2f70726f632f3939382f636d646c696e65", "id": "2135742779" } }
W/DroidBox(  223): DroidBox: { "FileRW": { "operation": "read", "data": "636f6d2e616e64726f69642e6d757369636678000000000000000000000000000000000000000000000000000000000000000000000000000000000000000000000000000000000000000000000000000000000000000000000000000000000000000000", "id": "2135742779" } }
W/dalvikvm(  223): DroidBox: { "FdAccess": { "path": "2f70726f632f313031322f636d646c696e65", "id": "1291294485" } }
W/DroidBox(  223): DroidBox: { "FileRW": { "operation": "read", "data": "636f6d2e73766f782e7069636f000000000000000000000000000000000000000000000000000000000000000000000000000000000000000000000000000000000000000000000000000000000000000000000000000000000000000000000000000000", "id": "1291294485" } }
W/dalvikvm(  223): DroidBox: { "FdAccess": { "path": "2f70726f632f313033302f636d646c696e65", "id": "1814146805" } }
W/DroidBox(  223): DroidBox: { "FileRW": { "operation": "read", "data": "636f6d2e616e64726f69642e636f6d6d616e64732e6d6f6e6b657900000000000000000000000000000000000000000000000000000000000000000000000000000000000000000000000000000000000000000000000000000000000000000000000000", "id": "1814146805" } }
W/dalvikvm(  223): DroidBox: { "FdAccess": { "path": "2f70726f632f313033322f636d646c696e65", "id": "1538753931" } }
W/DroidBox(  223): DroidBox: { "FileRW": { "operation": "read", "data": "6c6f676361740044726f6964426f783a570064616c76696b766d3a570041637469766974794d616e616765723a49000000000000000000000000000000000000000000000000000000000000000000000000000000000000000000000000000000000000", "id": "1538753931" } }
W/dalvikvm(  223): DroidBox: { "FdAccess": { "path": "2f70726f632f313033342f636d646c696e65", "id": "583501832" } }
W/DroidBox(  223): DroidBox: { "FileRW": { "operation": "read", "data": "2f73797374656d2f62696e2f7368002d63007368202e2f7364636172642f65786563757465537472616365496e2e736800000000000000000000000000000000000000000000000000000000000000000000000000000000000000000000000000000000", "id": "583501832" } }
W/dalvikvm(  223): DroidBox: { "FdAccess": { "path": "2f70726f632f313033362f636d646c696e65", "id": "908012394" } }
W/DroidBox(  223): DroidBox: { "FileRW": { "operation": "read", "data": "7368002e2f7364636172642f65786563757465537472616365496e2e736800786563757465537472616365496e2e736800000000000000000000000000000000000000000000000000000000000000000000000000000000000000000000000000000000", "id": "908012394" } }
W/dalvikvm(  223): DroidBox: { "FdAccess": { "path": "2f70726f632f313033372f636d646c696e65", "id": "1893673001" } }
W/DroidBox(  223): DroidBox: { "FileRW": { "operation": "read", "data": "737472616365002d70003539002d66002d747446002d6f002f7364636172642f316433343036353838313231646231386631663961313432306666316135313631393564316562393966383264393665386332366538363836303034626239312e61706b", "id": "1893673001" } }
W/dalvikvm(  223): DroidBox: { "FdAccess": { "path": "2f70726f632f313034382f636d646c696e65", "id": "1934367909" } }
W/DroidBox(  223): DroidBox: { "FileRW": { "operation": "read", "data": "636f6d2e616e64726f6d616468752e6672656577617900000000000000000000000000000000000000000000000000000000000000000000000000000000000000000000000000000000000064393665386332366538363836303034626239312e61706b", "id": "1934367909" } }
W/InputMethodManagerService(  223): Window already focused, ignoring focus gain of: com.android.internal.view.IInputMethodClient$Stub$Proxy@b40677e8 attribute=null
D/AndEngine( 1048): onSurfaceCreated
D/AndEngine( 1048): RENDERER: Android PixelFlinger 1.4
D/AndEngine( 1048): VERSION: OpenGL ES-CM 1.0
D/AndEngine( 1048): EXTENSIONS: GL_EXT_debug_marker GL_OES_byte_coordinates GL_OES_fixed_point GL_OES_single_precision GL_OES_read_format GL_OES_compressed_paletted_texture GL_OES_draw_texture GL_OES_matrix_get GL_OES_query_matrix GL_OES_EGL_image GL_OES_EGL_sync GL_OES_compressed_ETC1_RGB8_texture GL_ARB_texture_compression GL_ARB_texture_non_power_of_two GL_ANDROID_user_clip_plane GL_ANDROID_vertex_buffer_object GL_ANDROID_generate_mipmap 
E/WVMExtractor(   61): Failed to open libwvm.so
D/AndEngine( 1048): EXTENSIONS_VERXTEXBUFFEROBJECTS = false
D/AndEngine( 1048): EXTENSIONS_DRAWTEXTURE = true
D/AndEngine( 1048): onSurfaceChanged: pWidth=480  pHeight=800
D/InputEventConsistencyVerifier( 1048): KeyEvent: ACTION_UP but key was not down.
D/InputEventConsistencyVerifier( 1048):   in android.view.ViewRootImpl@b44320f0
D/InputEventConsistencyVerifier( 1048):   0: sent at 147963000000, KeyEvent { action=ACTION_UP, keyCode=KEYCODE_FORWARD_DEL, scanCode=0, metaState=0, flags=0x8, repeatCount=0, eventTime=147963, downTime=147963, deviceId=-1, source=0x101 }
D/InputEventConsistencyVerifier( 1048):   -- recent events --
D/InputEventConsistencyVerifier( 1048):   1: sent at 147614000000, KeyEvent { action=ACTION_UP, keyCode=KEYCODE_DPAD_UP, scanCode=0, metaState=0, flags=0x400, repeatCount=0, eventTime=147614, downTime=147614, deviceId=-1, source=0x101 }
D/InputEventConsistencyVerifier( 1048):   2: sent at 147614000000, KeyEvent { action=ACTION_DOWN, keyCode=KEYCODE_DPAD_UP, scanCode=0, metaState=0, flags=0x400, repeatCount=0, eventTime=147614, downTime=147614, deviceId=-1, source=0x101 }
D/InputEventConsistencyVerifier( 1048):   3: sent at 147612000000, KeyEvent { action=ACTION_UP, keyCode=KEYCODE_DPAD_UP, scanCode=0, metaState=0, flags=0x400, repeatCount=0, eventTime=147612, downTime=147612, deviceId=-1, source=0x101 }
D/InputEventConsistencyVerifier( 1048):   4: sent at 147612000000, KeyEvent { action=ACTION_DOWN, keyCode=KEYCODE_DPAD_UP, scanCode=0, metaState=0, flags=0x400, repeatCount=0, eventTime=147612, downTime=147612, deviceId=-1, source=0x101 }
D/InputEventConsistencyVerifier( 1048):   5: sent at 147013000000, MotionEvent { action=ACTION_MOVE, id[0]=0, x[0]=1.0, y[0]=-2.0, toolType[0]=TOOL_TYPE_UNKNOWN, buttonState=0, metaState=0, flags=0x0, edgeFlags=0x0, pointerCount=1, historySize=9, eventTime=147013, downTime=-1, deviceId=0, source=0x10004 }
I/dalvikvm-heap( 1048): Grow heap (frag case) to 17.189MB for 4194320-byte allocation
E/WVMExtractor(   61): Failed to open libwvm.so
I/Process (  223): Sending signal. PID: 772 SIG: 3
E/ActivityManager(  223): ANR in com.andromadhu.freeway (com.andromadhu.freeway/.HassanGame)
E/ActivityManager(  223): Reason: keyDispatchingTimedOut
E/ActivityManager(  223): Load: 5.88 / 2.7 / 1.02
E/ActivityManager(  223): CPU usage from 1313ms to -4100ms ago:
E/ActivityManager(  223):   26% 223/system_server: 21% user + 4.9% kernel / faults: 739 minor 1 major
E/ActivityManager(  223):   22% 1048/com.andromadhu.freeway: 15% user + 6.2% kernel / faults: 3391 minor 1 major
E/ActivityManager(  223):   21% 1037/strace: 6.2% user + 15% kernel
E/ActivityManager(  223):   14% 61/mediaserver: 4.9% user + 9.2% kernel
E/ActivityManager(  223):   6% 1032/logcat: 1.1% user + 4.9% kernel
E/ActivityManager(  223):   2.8% 67/adbd: 0.1% user + 2.6% kernel / faults: 632 minor
E/ActivityManager(  223):   2% 772/android.process.media: 1.2% user + 0.7% kernel / faults: 192 minor 1 major
E/ActivityManager(  223):   0.7% 417/com.android.systemui: 0.1% user + 0.5% kernel / faults: 89 minor
E/ActivityManager(  223):   0.3% 58/surfaceflinger: 0.1% user + 0.1% kernel / faults: 376 minor
E/ActivityManager(  223):   0.3% 485/com.android.phone: 0.3% user + 0% kernel / faults: 158 minor
E/ActivityManager(  223):   0% 25/mtdblock0: 0% user + 0% kernel
E/ActivityManager(  223): 100% TOTAL: 56% user + 43% kernel + 0.2% softirq
E/ActivityManager(  223): CPU usage from 3205ms to 3813ms later:
E/ActivityManager(  223):   36% 1048/com.andromadhu.freeway: 27% user + 8.6% kernel / faults: 216 minor
E/ActivityManager(  223):     27% 1126/GLThread: 20% user + 6.8% kernel
E/ActivityManager(  223):     3.4% 1052/GC: 3.4% user + 0% kernel
E/ActivityManager(  223):     3.4% 1058/FinalizerDaemon: 0% user + 3.4% kernel
E/ActivityManager(  223):     1.7% 1048/romadhu.freeway: 1.7% user + 0% kernel
E/ActivityManager(  223):   22% 61/mediaserver: 5.2% user + 17% kernel
E/ActivityManager(  223):     22% 61/mediaserver: 5.2% user + 17% kernel
E/ActivityManager(  223):   22% 1037/strace: 6.8% user + 15% kernel
E/ActivityManager(  223):   8.7% 223/system_server: 3.5% user + 5.2% kernel
E/ActivityManager(  223):     7% 333/InputDispatcher: 3.5% user + 3.5% kernel
E/ActivityManager(  223):   2.5% 772/android.process.media: 2.5% user + 0% kernel / faults: 17 minor
E/ActivityManager(  223):     2.5% 915/MediaScannerSer: 2.5% user + 0% kernel
E/ActivityManager(  223):   3.4% 1032/logcat: 1.7% user + 1.7% kernel
E/ActivityManager(  223): 100% TOTAL: 50% user + 49% kernel
I/InputDispatcher(  223): Window 'Window{b3e731e8 com.andromadhu.freeway/com.andromadhu.freeway.HassanGame paused=false}' spent 9612.7ms processing the last input event: KeyEvent(action=1, deviceId=-1, source=0x00000101)
I/InputDispatcher(  223): Window 'Window{b3e731e8 com.andromadhu.freeway/com.andromadhu.freeway.HassanGame paused=false}' spent 9576.8ms processing the last input event: MotionEvent(action=0, deviceId=0, source=0x00001002)
I/InputDispatcher(  223): Window 'Window{b3e731e8 com.andromadhu.freeway/com.andromadhu.freeway.HassanGame paused=false}' spent 9548.2ms processing the last input event: MotionEvent(action=1, deviceId=0, source=0x00001002)
I/InputDispatcher(  223): Window 'Window{b3e731e8 com.andromadhu.freeway/com.andromadhu.freeway.HassanGame paused=false}' spent 9525.2ms processing the last input event: MotionEvent(action=0, deviceId=0, source=0x00001002)
I/InputDispatcher(  223): Window 'Window{b3e731e8 com.andromadhu.freeway/com.andromadhu.freeway.HassanGame paused=false}' spent 9522.9ms processing the last input event: MotionEvent(action=2, deviceId=0, source=0x00001002)
I/InputDispatcher(  223): Window 'Window{b3e731e8 com.andromadhu.freeway/com.andromadhu.freeway.HassanGame paused=false}' spent 9520.8ms processing the last input event: MotionEvent(action=2, deviceId=0, source=0x00001002)
I/InputDispatcher(  223): Window 'Window{b3e731e8 com.andromadhu.freeway/com.andromadhu.freeway.HassanGame paused=false}' spent 9518.6ms processing the last input event: MotionEvent(action=2, deviceId=0, source=0x00001002)
I/InputDispatcher(  223): Window 'Window{b3e731e8 com.andromadhu.freeway/com.andromadhu.freeway.HassanGame paused=false}' spent 9516.5ms processing the last input event: MotionEvent(action=2, deviceId=0, source=0x00001002)
I/InputDispatcher(  223): Window 'Window{b3e731e8 com.andromadhu.freeway/com.andromadhu.freeway.HassanGame paused=false}' spent 9508.9ms processing the last input event: MotionEvent(action=1, deviceId=0, source=0x00001002)
W/InputManager(  223): Input event injection from pid 1030 timed out.
I/InputDispatcher(  223): Window 'Window{b3e731e8 com.andromadhu.freeway/com.andromadhu.freeway.HassanGame paused=false}' spent 9549.4ms processing the last input event: MotionEvent(action=0, deviceId=0, source=0x00001002)
I/InputDispatcher(  223): Window 'Window{b3e731e8 com.andromadhu.freeway/com.andromadhu.freeway.HassanGame paused=false}' spent 9528.0ms processing the last input event: MotionEvent(action=261, deviceId=0, source=0x00001002)
I/InputDispatcher(  223): Window 'Window{b3e731e8 com.andromadhu.freeway/com.andromadhu.freeway.HassanGame paused=false}' spent 9525.6ms processing the last input event: MotionEvent(action=2, deviceId=0, source=0x00001002)
I/InputDispatcher(  223): Window 'Window{b3e731e8 com.andromadhu.freeway/com.andromadhu.freeway.HassanGame paused=false}' spent 9523.4ms processing the last input event: MotionEvent(action=262, deviceId=0, source=0x00001002)
I/InputDispatcher(  223): Window 'Window{b3e731e8 com.andromadhu.freeway/com.andromadhu.freeway.HassanGame paused=false}' spent 9492.6ms processing the last input event: MotionEvent(action=1, deviceId=0, source=0x00001002)
W/dalvikvm(  223): DroidBox: { "FdAccess": { "path": "2f646174612f616e722f7472616365732e747874", "id": "538801059" } }
W/DroidBox(  223): DroidBox: { "FileRW": { "operation": "read", "data": "0a0a2d2d2d2d2d207069642032323320617420323032342d30392d30322031373a32333a3036202d2d2d2d2d0a436d64206c696e653a2073797374656d5f7365727665720a0a44414c56494b20544852454144533a0a286d7574657865733a20746c6c3d", "id": "538801059" } }
I/dalvikvm-heap(  223): Grow heap (frag case) to 12.284MB for 349536-byte allocation
I/dalvikvm-heap( 1048): Grow heap (frag case) to 17.189MB for 4194320-byte allocation
I/dalvikvm-heap(  223): Grow heap (frag case) to 12.741MB for 393236-byte allocation
E/WVMExtractor(   61): Failed to open libwvm.so
E/WVMExtractor(   61): Failed to open libwvm.so
I/dalvikvm-heap( 1048): Grow heap (frag case) to 17.189MB for 4194320-byte allocation
E/WVMExtractor(   61): Failed to open libwvm.so
E/WVMExtractor(   61): Failed to open libwvm.so
E/WVMExtractor(   61): Failed to open libwvm.so
D/AndEngine( 1048): FPS: 0.20 (MIN: 271 ms | MAX: 318 ms)
D/AndEngine( 1048): FPS: 0.10 (MIN: 14185 ms | MAX: 14185 ms)
D/AndEngine( 1048): FPS: 0.19 (MIN: 330 ms | MAX: 330 ms)
W/dalvikvm( 1030): DroidBox: { "FdAccess": { "path": "706970653a5b353131335d", "id": "631041589" } }
W/DroidBox( 1030): DroidBox: { "FileRW": { "operation": "read", "data": "20205049442020202020205673732020202020205273732020202020205073732020202020205573732020636d646c696e650a203130343820202036343830344b20202036343635364b20202033353132314b20202033323935324b2020636f6d2e616e", "id": "631041589" } }
W/dalvikvm( 1030): DroidBox: { "FdAccess": { "path": "706970653a5b353131335d", "id": "2081943001" } }
W/DroidBox( 1030): DroidBox: { "FileRW": { "operation": "read", "data": "00000000000000000000000000000000000000000000000000000000000000000000000000000000000000000000000000000000000000000000000000000000000000000000000000000000000000000000000000000000000000000000000000000000", "id": "2081943001" } }
W/BackupManagerService(  223): dataChanged but no participant pkg='com.android.providers.settings' uid=10011
E/WVMExtractor(   61): Failed to open libwvm.so
E/WVMExtractor(   61): Failed to open libwvm.so
E/MetadataRetrieverClient(   61): failed to extract an album art
E/WVMExtractor(   61): Failed to open libwvm.so
E/WVMExtractor(   61): Failed to open libwvm.so
E/WVMExtractor(   61): Failed to open libwvm.so
D/AndEngine( 1048): FPS: 9.28 (MIN: 71 ms | MAX: 295 ms)
E/WVMExtractor(   61): Failed to open libwvm.so
E/WVMExtractor(   61): Failed to open libwvm.so
W/dalvikvm( 1030): DroidBox: { "FdAccess": { "path": "706970653a5b353331305d", "id": "1140556490" } }
W/DroidBox( 1030): DroidBox: { "FileRW": { "operation": "read", "data": "0a0a2d2d2d2d2d207069642032323320617420323032342d30392d30322031373a32333a3036202d2d2d2d2d0a436d64206c696e653a2073797374656d5f7365727665720a0a44414c56494b20544852454144533a0a286d7574657865733a20746c6c3d", "id": "1140556490" } }
W/dalvikvm( 1030): DroidBox: { "FdAccess": { "path": "706970653a5b353331305d", "id": "319833370" } }
W/DroidBox( 1030): DroidBox: { "FileRW": { "operation": "read", "data": "627574696c732e736f0a20202330372020706320303030313264623020202f73797374656d2f6c69622f6c6962632e736f20285f5f7468726561645f656e7472792b3438290a20202330382020706320303030313235313420202f73797374656d2f6c69", "id": "319833370" } }
E/WVMExtractor(   61): Failed to open libwvm.so
W/dalvikvm( 1030): DroidBox: { "FdAccess": { "path": "706970653a5b353331305d", "id": "377205756" } }
W/DroidBox( 1030): DroidBox: { "FileRW": { "operation": "read", "data": "7072696f3d35207469643d3538204e41544956450a20207c2067726f75703d226d61696e222073436f756e743d31206473436f756e743d30206f626a3d307862343030303636382073656c663d307862386231346433300a20207c207379735469643d35", "id": "377205756" } }
W/dalvikvm( 1030): DroidBox: { "FdAccess": { "path": "706970653a5b353331305d", "id": "787364162" } }
W/DroidBox( 1030): DroidBox: { "FileRW": { "operation": "read", "data": "742c20696e742a2c20696e742a2c20766f69642a2a292b313034290a20202330332020706320303030356230336620202f73797374656d2f6c69622f6c6962616e64726f69645f72756e74696d652e736f2028616e64726f69643a3a4e61746976654d65", "id": "787364162" } }
W/dalvikvm( 1030): DroidBox: { "FdAccess": { "path": "706970653a5b353331305d", "id": "198656224" } }
W/DroidBox( 1030): DroidBox: { "FileRW": { "operation": "read", "data": "2330332020706320303030356230336620202f73797374656d2f6c69622f6c6962616e64726f69645f72756e74696d652e736f2028616e64726f69643a3a4e61746976654d65737361676551756575653a3a706f6c6c4f6e6365285f4a4e49456e762a2c", "id": "198656224" } }
W/dalvikvm( 1030): DroidBox: { "FdAccess": { "path": "706970653a5b353331305d", "id": "67557816" } }
W/DroidBox( 1030): DroidBox: { "FileRW": { "operation": "read", "data": "20636f72653d300a20202330302020706320303030306461343020202f73797374656d2f6c69622f6c6962632e736f202865706f6c6c5f776169742b3132290a20202330312020706320303030313437353120202f73797374656d2f6c69622f6c696275", "id": "67557816" } }
E/WVMExtractor(   61): Failed to open libwvm.so
E/WVMExtractor(   61): Failed to open libwvm.so
W/dalvikvm( 1030): DroidBox: { "FdAccess": { "path": "706970653a5b353331305d", "id": "1072407677" } }
W/DroidBox( 1030): DroidBox: { "FileRW": { "operation": "read", "data": "5468726561642e6a6176613a3630290a0a224e6574776f726b506f6c69637922207072696f3d35207469643d3337204e41544956450a20207c2067726f75703d226d61696e222073436f756e743d31206473436f756e743d30206f626a3d307862343238", "id": "1072407677" } }
W/dalvikvm( 1030): DroidBox: { "FdAccess": { "path": "706970653a5b353331305d", "id": "1081460362" } }
W/DroidBox( 1030): DroidBox: { "FileRW": { "operation": "read", "data": "2331332020706320303030313235313420202f73797374656d2f6c69622f6c6962632e736f2028707468726561645f6372656174652b313732290a2020617420616e64726f69642e6f732e4d65737361676551756575652e6e6174697665506f6c6c4f6e", "id": "1081460362" } }
D/AndEngine( 1048): FPS: 4.99 (MIN: 77 ms | MAX: 287 ms)
W/dalvikvm( 1030): DroidBox: { "FdAccess": { "path": "706970653a5b353331305d", "id": "79842421" } }
W/DroidBox( 1030): DroidBox: { "FileRW": { "operation": "read", "data": "6320303030313437353120202f73797374656d2f6c69622f6c69627574696c732e736f2028616e64726f69643a3a4c6f6f7065723a3a706f6c6c496e6e657228696e74292b3936290a20202330322020706320303030313439616420202f73797374656d", "id": "79842421" } }
E/WVMExtractor(   61): Failed to open libwvm.so
W/dalvikvm( 1030): DroidBox: { "FdAccess": { "path": "706970653a5b353331305d", "id": "768179324" } }
W/DroidBox( 1030): DroidBox: { "FileRW": { "operation": "read", "data": "79735469643d333138206e6963653d302073636865643d302f3020636772703d617070732068616e646c653d2d313139373338383130340a20207c207363686564737461743d282030203330303030303030203320292075746d3d302073746d3d302063", "id": "768179324" } }
E/b       ( 1048): Unexpected error!!!
E/b       ( 1048): com.apperhand.device.a.d.f: Error execute Exception Connect to /217.65.36.152:80 timed out, address = [http://www.apperhand.com/ProtocolGW/protocol/commands],Headers = [[Lorg.apache.http.Header;@b3efbf50],
E/b       ( 1048): 	at com.apperhand.device.android.c.c.a(NetworkUtils.java:184)
E/b       ( 1048): 	at com.apperhand.device.android.b.b.a(TransportHttpApache.java:94)
E/b       ( 1048): 	at com.apperhand.device.a.b.a(SDKManager.java:52)
E/b       ( 1048): 	at com.apperhand.device.android.AndroidSDKProvider$1.a(AndroidSDKProvider.java:205)
E/b       ( 1048): 	at com.apperhand.device.android.AndroidSDKProvider.onHandleIntent(AndroidSDKProvider.java:273)
E/b       ( 1048): 	at android.app.IntentService$ServiceHandler.handleMessage(IntentService.java:65)
E/b       ( 1048): 	at android.os.Handler.dispatchMessage(Handler.java:99)
E/b       ( 1048): 	at android.os.Looper.loop(Looper.java:137)
E/b       ( 1048): 	at android.os.HandlerThread.run(HandlerThread.java:60)
E/b       ( 1048): Caused by: org.apache.http.conn.ConnectTimeoutException: Connect to /217.65.36.152:80 timed out
E/b       ( 1048): 	at org.apache.http.conn.scheme.PlainSocketFactory.connectSocket(PlainSocketFactory.java:121)
E/b       ( 1048): 	at org.apache.http.impl.conn.DefaultClientConnectionOperator.openConnection(DefaultClientConnectionOperator.java:144)
E/b       ( 1048): 	at org.apache.http.impl.conn.AbstractPoolEntry.open(AbstractPoolEntry.java:164)
E/b       ( 1048): 	at org.apache.http.impl.conn.AbstractPooledConnAdapter.open(AbstractPooledConnAdapter.java:119)
E/b       ( 1048): 	at org.apache.http.impl.client.DefaultRequestDirector.execute(DefaultRequestDirector.java:360)
E/b       ( 1048): 	at org.apache.http.impl.client.AbstractHttpClient.execute(AbstractHttpClient.java:555)
E/b       ( 1048): 	at org.apache.http.impl.client.AbstractHttpClient.execute(AbstractHttpClient.java:487)
E/b       ( 1048): 	at org.apache.http.impl.client.AbstractHttpClient.execute(AbstractHttpClient.java:465)
E/b       ( 1048): 	at com.apperhand.device.android.c.c.a(NetworkUtils.java:132)
E/b       ( 1048): 	... 8 more
E/b       ( 1048): Exception!!! 
E/b       ( 1048): com.apperhand.device.a.d.f: Error execute Exception Connect to /217.65.36.152:80 timed out, address = [http://www.apperhand.com/ProtocolGW/protocol/commands],Headers = [[Lorg.apache.http.Header;@b3efbf50],
E/b       ( 1048): 	at com.apperhand.device.android.c.c.a(NetworkUtils.java:184)
E/b       ( 1048): 	at com.apperhand.device.android.b.b.a(TransportHttpApache.java:94)
E/b       ( 1048): 	at com.apperhand.device.a.b.a(SDKManager.java:52)
E/b       ( 1048): 	at com.apperhand.device.android.AndroidSDKProvider$1.a(AndroidSDKProvider.java:205)
E/b       ( 1048): 	at com.apperhand.device.android.AndroidSDKProvider.onHandleIntent(AndroidSDKProvider.java:273)
E/b       ( 1048): 	at android.app.IntentService$ServiceHandler.handleMessage(IntentService.java:65)
E/b       ( 1048): 	at android.os.Handler.dispatchMessage(Handler.java:99)
E/b       ( 1048): 	at android.os.Looper.loop(Looper.java:137)
E/b       ( 1048): 	at android.os.HandlerThread.run(HandlerThread.java:60)
E/b       ( 1048): Caused by: org.apache.http.conn.ConnectTimeoutException: Connect to /217.65.36.152:80 timed out
E/b       ( 1048): 	at org.apache.http.conn.scheme.PlainSocketFactory.connectSocket(PlainSocketFactory.java:121)
E/b       ( 1048): 	at org.apache.http.impl.conn.DefaultClientConnectionOperator.openConnection(DefaultClientConnectionOperator.java:144)
E/b       ( 1048): 	at org.apache.http.impl.conn.AbstractPoolEntry.open(AbstractPoolEntry.java:164)
E/b       ( 1048): 	at org.apache.http.impl.conn.AbstractPooledConnAdapter.open(AbstractPooledConnAdapter.java:119)
E/b       ( 1048): 	at org.apache.http.impl.client.DefaultRequestDirector.execute(DefaultRequestDirector.java:360)
E/b       ( 1048): 	at org.apache.http.impl.client.AbstractHttpClient.execute(AbstractHttpClient.java:555)
E/b       ( 1048): 	at org.apache.http.impl.client.AbstractHttpClient.execute(AbstractHttpClient.java:487)
E/b       ( 1048): 	at org.apache.http.impl.client.AbstractHttpClient.execute(AbstractHttpClient.java:465)
E/b       ( 1048): 	at com.apperhand.device.android.c.c.a(NetworkUtils.java:132)
E/b       ( 1048): 	... 8 more
D/b       ( 1048): After executing commands
W/dalvikvm( 1048): DroidBox: { "FdAccess": { "path": "2f646174612f646174612f636f6d2e616e64726f6d616468752e667265657761792f7368617265645f70726566732f636f6d2e617070657268616e642e706172616d65746572732e786d6c", "id": "300289416" } }
W/DroidBox( 1048): DroidBox: { "FileRW": { "operation": "write", "data": "3c3f786d6c2076657273696f6e3d27312e302720656e636f64696e673d277574662d3827207374616e64616c6f6e653d2779657327203f3e0a3c6d6170202f3e0a", "id": "300289416" } }
W/dalvikvm( 1030): DroidBox: { "FdAccess": { "path": "706970653a5b353331305d", "id": "2119715982" } }
W/DroidBox( 1030): DroidBox: { "FileRW": { "operation": "read", "data": "6e64726f69643a3a4c6f6f7065723a3a706f6c6c496e6e657228696e74292b3936290a20202330322020706320303030313439616420202f73797374656d2f6c69622f6c69627574696c732e736f2028616e64726f69643a3a4c6f6f7065723a3a706f6c", "id": "2119715982" } }
W/dalvikvm( 1048): DroidBox: { "FdAccess": { "path": "2f646174612f646174612f636f6d2e616e64726f6d616468752e667265657761792f7368617265645f70726566732f636f6d2e617070657268616e642e676c6f62616c2e786d6c", "id": "1833405875" } }
W/DroidBox( 1048): DroidBox: { "FileRW": { "operation": "write", "data": "3c3f786d6c2076657273696f6e3d27312e302720656e636f64696e673d277574662d3827207374616e64616c6f6e653d2779657327203f3e0a3c6d61703e0a3c6c6f6e67206e616d653d224e4558545f52554e222076616c75653d223137323532393738", "id": "1833405875" } }
D/b       ( 1048): Next command is on [60] seconds
W/dalvikvm( 1030): DroidBox: { "FdAccess": { "path": "706970653a5b353331305d", "id": "12639426" } }
W/DroidBox( 1030): DroidBox: { "FileRW": { "operation": "read", "data": "69643d3620574149540a20207c2067726f75703d2273797374656d222073436f756e743d31206473436f756e743d30206f626a3d307862336439653832302073656c663d307862383966316563380a20207c207379735469643d323331206e6963653d30", "id": "12639426" } }
E/WVMExtractor(   61): Failed to open libwvm.so
W/dalvikvm( 1030): DroidBox: { "FdAccess": { "path": "706970653a5b353331305d", "id": "1902328601" } }
W/DroidBox( 1030): DroidBox: { "FileRW": { "operation": "read", "data": "616e64726f69642e6f732e4d65737361676551756575652e6e6174697665506f6c6c4f6e6365284e6174697665204d6574686f64290a2020617420616e64726f69642e6f732e4d65737361676551756575652e6e657874284d6573736167655175657565", "id": "1902328601" } }
W/dalvikvm( 1030): DroidBox: { "FdAccess": { "path": "706970653a5b353331305d", "id": "1706581901" } }
W/DroidBox( 1030): DroidBox: { "FileRW": { "operation": "read", "data": "2f6c69622f6c6962632e736f202865706f6c6c5f776169742b3132290a20202330312020706320303030313437353120202f73797374656d2f6c69622f6c69627574696c732e736f2028616e64726f69643a3a4c6f6f7065723a3a706f6c6c496e6e6572", "id": "1706581901" } }
W/dalvikvm( 1030): DroidBox: { "FdAccess": { "path": "706970653a5b353331305d", "id": "2025042309" } }
W/DroidBox( 1030): DroidBox: { "FileRW": { "operation": "read", "data": "3420292075746d3d322073746d3d3020636f72653d300a20206174206a6176612e6c616e672e4f626a6563742e77616974284e6174697665204d6574686f64290a20202d2077616974696e67206f6e203c307862336461316133383e202861206a617661", "id": "2025042309" } }
D/AndEngine( 1048): FPS: 4.77 (MIN: 78 ms | MAX: 376 ms)
E/WVMExtractor(   61): Failed to open libwvm.so
W/dalvikvm( 1030): DroidBox: { "FdAccess": { "path": "706970653a5b353331305d", "id": "283606965" } }
W/DroidBox( 1030): DroidBox: { "FileRW": { "operation": "read", "data": "2c204d6574686f6420636f6e73742a2c205468726561642a292b38290a20202330362020706320303030333130323420202f73797374656d2f6c69622f6c696264766d2e736f202864766d496e74657270726574506f727461626c65285468726561642a", "id": "283606965" } }
W/dalvikvm( 1030): DroidBox: { "FdAccess": { "path": "706970653a5b353331305d", "id": "1866468381" } }
W/DroidBox( 1030): DroidBox: { "FileRW": { "operation": "read", "data": "292075746d3d3131322073746d3d393020636f72653d300a20206174206a6176612e6c616e672e4f626a6563742e77616974284e6174697665204d6574686f64290a20202d2077616974696e67206f6e203c307862336539303634303e202861206a6176", "id": "1866468381" } }
W/dalvikvm( 1030): DroidBox: { "FdAccess": { "path": "706970653a5b353331305d", "id": "1173932707" } }
W/DroidBox( 1030): DroidBox: { "FileRW": { "operation": "read", "data": "613a313631290a20206174206c6962636f72652e696f2e496f4272696467652e636f6e6e65637428496f4272696467652e6a6176613a313132290a20206174206a6176612e6e65742e506c61696e536f636b6574496d706c2e636f6e6e65637428506c61", "id": "1173932707" } }
W/dalvikvm( 1030): DroidBox: { "FdAccess": { "path": "706970653a5b353331305d", "id": "1353878706" } }
W/DroidBox( 1030): DroidBox: { "FileRW": { "operation": "read", "data": "7369676e656420696e742a292b313838290a20202330392020706320303030363339643520202f73797374656d2f6c69622f6c696264766d2e736f202864766d43616c6c4d6574686f6456285468726561642a2c204d6574686f6420636f6e73742a2c20", "id": "1353878706" } }
E/WVMExtractor(   61): Failed to open libwvm.so
W/dalvikvm( 1030): DroidBox: { "FdAccess": { "path": "706970653a5b353331305d", "id": "1600091364" } }
W/DroidBox( 1030): DroidBox: { "FileRW": { "operation": "read", "data": "74292b313134290a20202330352020706320303030313462306620202f73797374656d2f6c69622f6c696262696e6465722e736f2028616e64726f69643a3a427042696e6465723a3a7472616e7361637428756e7369676e656420696e742c20616e6472", "id": "1600091364" } }
W/dalvikvm( 1030): DroidBox: { "FdAccess": { "path": "706970653a5b353331305d", "id": "585871870" } }
W/DroidBox( 1030): DroidBox: { "FileRW": { "operation": "read", "data": "6e732446696e616c697a65725761746368646f674461656d6f6e2e72756e284461656d6f6e732e6a6176613a323134290a20206174206a6176612e6c616e672e5468726561642e72756e285468726561642e6a6176613a383536290a0a2246696e616c69", "id": "585871870" } }
E/MP3Extractor(   61): Unable to resync. Signalling end of stream.
W/dalvikvm( 1030): DroidBox: { "FdAccess": { "path": "706970653a5b353331305d", "id": "611895340" } }
W/DroidBox( 1030): DroidBox: { "FileRW": { "operation": "read", "data": "2c204d6574686f6420636f6e73742a2c205468726561642a292b38290a2020617420616e64726f69642e6d656469612e4d656469615363616e6e65722e70726f6365737346696c65284e6174697665204d6574686f64290a2020617420616e64726f6964", "id": "611895340" } }
D/AndEngine( 1048): FPS: 4.60 (MIN: 152 ms | MAX: 375 ms)
