D/InputEventConsistencyVerifier(  424):   2: sent at 232517000000, MotionEvent { action=ACTION_DOWN, id[0]=0, x[0]=459.0, y[0]=550.0, toolType[0]=TOOL_TYPE_UNKNOWN, buttonState=0, metaState=0, flags=0x80000000, edgeFlags=0x0, pointerCount=1, historySize=0, eventTime=232517, downTime=232517, deviceId=0, source=0x1002 }
D/InputEventConsistencyVerifier(  424):   3: sent at 232367000000, MotionEvent { action=ACTION_DOWN, id[0]=0, x[0]=343.0, y[0]=172.0, toolType[0]=TOOL_TYPE_UNKNOWN, buttonState=0, metaState=0, flags=0x0, edgeFlags=0x0, pointerCount=1, historySize=0, eventTime=232367, downTime=232365, deviceId=0, source=0x1002 }
D/InputEventConsistencyVerifier(  424):   4: sent at 231974000000, MotionEvent { action=ACTION_UP, id[0]=0, x[0]=320.0, y[0]=30.0, toolType[0]=TOOL_TYPE_UNKNOWN, buttonState=0, metaState=0, flags=0x0, edgeFlags=0x0, pointerCount=1, historySize=0, eventTime=231974, downTime=231968, deviceId=0, source=0x1002 }
D/InputEventConsistencyVerifier(  424):   5: sent at 231968000000, MotionEvent { action=ACTION_DOWN, id[0]=0, x[0]=316.0, y[0]=29.0, toolType[0]=TOOL_TYPE_UNKNOWN, buttonState=0, metaState=0, flags=0x80000000, edgeFlags=0x0, pointerCount=1, historySize=0, eventTime=231968, downTime=231968, deviceId=0, source=0x1002 }
V/PhoneStatusBar(  424): setLightsOn(true)
W/InputMethodManagerService(  227): Window already focused, ignoring focus gain of: com.android.internal.view.IInputMethodClient$Stub$Proxy@b423db78 attribute=android.view.inputmethod.EditorInfo@b42df8a0
D/PhoneStatusBar(  424): disable: < expand icons alerts ticker* system_info back home recent clock >
D/InputEventConsistencyVerifier( 1016): KeyEvent: ACTION_UP but key was not down.
D/InputEventConsistencyVerifier( 1016):   in android.widget.LinearLayout@b3e25858
D/InputEventConsistencyVerifier( 1016):   0: sent at 233083000000, KeyEvent { action=ACTION_UP, keyCode=KEYCODE_MENU, scanCode=0, metaState=0, flags=0x8, repeatCount=0, eventTime=233083, downTime=233083, deviceId=-1, source=0x101 }
D/InputEventConsistencyVerifier( 1016):   -- recent events --
D/InputEventConsistencyVerifier( 1016):   1: sent at 231961000000, MotionEvent { action=ACTION_UP, id[0]=0, x[0]=55.0, y[0]=439.0, toolType[0]=TOOL_TYPE_UNKNOWN, buttonState=0, metaState=0, flags=0x0, edgeFlags=0x0, pointerCount=1, historySize=0, eventTime=231961, downTime=231926, deviceId=0, source=0x1002 }
D/InputEventConsistencyVerifier( 1016):   2: sent at 231927000000, MotionEvent { action=ACTION_DOWN, id[0]=0, x[0]=48.0, y[0]=430.0, toolType[0]=TOOL_TYPE_UNKNOWN, buttonState=0, metaState=0, flags=0x0, edgeFlags=0x0, pointerCount=1, historySize=0, eventTime=231927, downTime=231926, deviceId=0, source=0x1002 }
D/InputEventConsistencyVerifier( 1016):   3: sent at 231896000000, (unhandled) KeyEvent { action=ACTION_UP, keyCode=KEYCODE_MOVE_HOME, scanCode=0, metaState=0, flags=0x8, repeatCount=0, eventTime=231896, downTime=231896, deviceId=-1, source=0x101 }
D/InputEventConsistencyVerifier( 1016):   4: sent at 231822000000, (unhandled) KeyEvent { action=ACTION_DOWN, keyCode=KEYCODE_MOVE_HOME, scanCode=0, metaState=0, flags=0x8, repeatCount=0, eventTime=231822, downTime=231822, deviceId=-1, source=0x101 }
D/InputEventConsistencyVerifier( 1016):   5: sent at 231779000000, (unhandled) KeyEvent { action=ACTION_UP, keyCode=KEYCODE_DPAD_DOWN, scanCode=0, metaState=0, flags=0x8, repeatCount=0, eventTime=231779, downTime=231779, deviceId=-1, source=0x101 }
I/Choreographer( 1016): Skipped 50 frames!  The application may be doing too much work on its main thread.
W/dalvikvm(  424): DroidBox: { "FdAccess": { "path": "2f70726f632f6d656d696e666f", "id": "1481608239" } }
W/DroidBox(  424): DroidBox: { "FileRW": { "operation": "read", "data": "4d656d546f74616c3a202020202020202020373438393634206b420a4d656d467265653a20202020202020202020343633383336206b420a427566666572733a20202020202020202020202035333932206b420a4361636865643a202020202020202020", "id": "1481608239" } }
D/InputEventConsistencyVerifier(  424): KeyEvent: ACTION_UP but key was not down.
D/InputEventConsistencyVerifier(  424):   in com.android.systemui.statusbar.phone.PhoneStatusBarView@b3e39298
D/InputEventConsistencyVerifier(  424):   0: sent at 233476000000, KeyEvent { action=ACTION_UP, keyCode=KEYCODE_NUMPAD_2, scanCode=0, metaState=0, flags=0x8, repeatCount=0, eventTime=233476, downTime=233476, deviceId=-1, source=0x101 }
D/InputEventConsistencyVerifier(  424):   -- recent events --
D/InputEventConsistencyVerifier(  424):   1: sent at 233342000000, (unhandled) KeyEvent { action=ACTION_UP, keyCode=KEYCODE_DPAD_UP, scanCode=0, metaState=0, flags=0x8, repeatCount=0, eventTime=233342, downTime=233342, deviceId=-1, source=0x101 }
D/InputEventConsistencyVerifier(  424):   2: sent at 233327000000, (unhandled) KeyEvent { action=ACTION_DOWN, keyCode=KEYCODE_DPAD_UP, scanCode=0, metaState=0, flags=0x8, repeatCount=0, eventTime=233327, downTime=233327, deviceId=-1, source=0x101 }
D/InputEventConsistencyVerifier(  424):   3: sent at 233322000000, (unhandled) KeyEvent { action=ACTION_UP, keyCode=KEYCODE_DPAD_UP, scanCode=0, metaState=0, flags=0x8, repeatCount=0, eventTime=233322, downTime=233322, deviceId=-1, source=0x101 }
D/InputEventConsistencyVerifier(  424):   4: sent at 233319000000, (unhandled) KeyEvent { action=ACTION_DOWN, keyCode=KEYCODE_DPAD_UP, scanCode=0, metaState=0, flags=0x8, repeatCount=0, eventTime=233319, downTime=233319, deviceId=-1, source=0x101 }
D/InputEventConsistencyVerifier(  424):   5: sent at 233274000000, (unhandled) KeyEvent { action=ACTION_UP, keyCode=KEYCODE_L, scanCode=0, metaState=0, flags=0x8, repeatCount=0, eventTime=233274, downTime=233274, deviceId=-1, source=0x101 }
D/InputEventConsistencyVerifier(  424): KeyEvent: ACTION_UP but key was not down.
D/InputEventConsistencyVerifier(  424):   in com.android.systemui.statusbar.phone.StatusBarWindowView@b3e37300
D/InputEventConsistencyVerifier(  424):   0: sent at 233476000000, KeyEvent { action=ACTION_UP, keyCode=KEYCODE_DPAD_DOWN, scanCode=0, metaState=0, flags=0x8, repeatCount=0, eventTime=233476, downTime=233476, deviceId=-1, source=0x101 }
D/InputEventConsistencyVerifier(  424):   -- recent events --
D/InputEventConsistencyVerifier(  424):   1: sent at 233476000000, (unhandled) KeyEvent { action=ACTION_UP, keyCode=KEYCODE_NUMPAD_2, scanCode=0, metaState=0, flags=0x8, repeatCount=0, eventTime=233476, downTime=233476, deviceId=-1, source=0x101 }
D/InputEventConsistencyVerifier(  424):   2: sent at 233448000000, (unhandled) KeyEvent { action=ACTION_DOWN, keyCode=KEYCODE_NUMPAD_2, scanCode=0, metaState=0, flags=0x8, repeatCount=0, eventTime=233448, downTime=233448, deviceId=-1, source=0x101 }
D/InputEventConsistencyVerifier(  424):   3: sent at 233443000000, MotionEvent { action=ACTION_UP, id[0]=0, x[0]=248.0, y[0]=706.0, toolType[0]=TOOL_TYPE_UNKNOWN, buttonState=0, metaState=0, flags=0x0, edgeFlags=0x0, pointerCount=1, historySize=0, eventTime=233443, downTime=233379, deviceId=0, source=0x1002 }
D/InputEventConsistencyVerifier(  424):   4: sent at 233440000000, MotionEvent { action=ACTION_MOVE, id[0]=0, x[0]=244.0, y[0]=704.0, toolType[0]=TOOL_TYPE_UNKNOWN, buttonState=0, metaState=0, flags=0x0, edgeFlags=0x0, pointerCount=1, historySize=8, eventTime=233440, downTime=233379, deviceId=0, source=0x1002 }
D/InputEventConsistencyVerifier(  424):   5: sent at 233392000000, MotionEvent { action=ACTION_DOWN, id[0]=0, x[0]=227.0, y[0]=649.0, toolType[0]=TOOL_TYPE_UNKNOWN, buttonState=0, metaState=0, flags=0x0, edgeFlags=0x0, pointerCount=1, historySize=0, eventTime=233392, downTime=233379, deviceId=0, source=0x1002 }
I/Choreographer(  424): Skipped 117 frames!  The application may be doing too much work on its main thread.
W/dalvikvm(  424): DroidBox: { "FdAccess": { "path": "2f70726f632f6d656d696e666f", "id": "1691110024" } }
W/DroidBox(  424): DroidBox: { "FileRW": { "operation": "read", "data": "4d656d546f74616c3a202020202020202020373438393634206b420a4d656d467265653a20202020202020202020343633373132206b420a427566666572733a20202020202020202020202035333932206b420a4361636865643a202020202020202020", "id": "1691110024" } }
V/PhoneStatusBar(  424): setLightsOn(true)
D/PhoneStatusBar(  424): disable: < expand icons alerts TICKER* system_info back home recent clock >
W/dalvikvm(  424): DroidBox: { "FdAccess": { "path": "2f70726f632f6d656d696e666f", "id": "97392353" } }
W/DroidBox(  424): DroidBox: { "FileRW": { "operation": "read", "data": "4d656d546f74616c3a202020202020202020373438393634206b420a4d656d467265653a20202020202020202020343634303834206b420a427566666572733a20202020202020202020202035333932206b420a4361636865643a202020202020202020", "id": "97392353" } }
D/InputEventConsistencyVerifier(  424): TouchEvent: ACTION_DOWN but pointers are already down.  Probably missing ACTION_UP from previous gesture.
D/InputEventConsistencyVerifier(  424):   in android.view.ScaleGestureDetector@b3ed7a58
D/InputEventConsistencyVerifier(  424):   0: sent at 233681000000, MotionEvent { action=ACTION_DOWN, id[0]=0, x[0]=87.0, y[0]=201.0, toolType[0]=TOOL_TYPE_UNKNOWN, buttonState=0, metaState=0, flags=0x0, edgeFlags=0x0, pointerCount=1, historySize=0, eventTime=233681, downTime=233681, deviceId=0, source=0x1002 }
D/InputEventConsistencyVerifier(  424):   -- recent events --
D/InputEventConsistencyVerifier(  424):   1: sent at 233392000000, MotionEvent { action=ACTION_DOWN, id[0]=0, x[0]=227.0, y[0]=649.0, toolType[0]=TOOL_TYPE_UNKNOWN, buttonState=0, metaState=0, flags=0x0, edgeFlags=0x0, pointerCount=1, historySize=0, eventTime=233392, downTime=233379, deviceId=0, source=0x1002 }
D/InputEventConsistencyVerifier(  424):   2: sent at 233073000000, MotionEvent { action=ACTION_UP, id[0]=0, x[0]=401.0, y[0]=37.0, toolType[0]=TOOL_TYPE_UNKNOWN, buttonState=0, metaState=0, flags=0x0, edgeFlags=0x0, pointerCount=1, historySize=0, eventTime=233073, downTime=233017, deviceId=0, source=0x1002 }
D/InputEventConsistencyVerifier(  424):   3: sent at 233018000000, MotionEvent { action=ACTION_DOWN, id[0]=0, x[0]=396.0, y[0]=22.0, toolType[0]=TOOL_TYPE_UNKNOWN, buttonState=0, metaState=0, flags=0x80000000, edgeFlags=0x0, pointerCount=1, historySize=0, eventTime=233018, downTime=233017, deviceId=0, source=0x1002 }
D/InputEventConsistencyVerifier(  424):   4: sent at 232651000000, MotionEvent { action=ACTION_DOWN, id[0]=0, x[0]=188.0, y[0]=386.0, toolType[0]=TOOL_TYPE_UNKNOWN, buttonState=0, metaState=0, flags=0x80000000, edgeFlags=0x0, pointerCount=1, historySize=0, eventTime=232651, downTime=232651, deviceId=0, source=0x1002 }
D/InputEventConsistencyVerifier(  424):   5: sent at 232517000000, MotionEvent { action=ACTION_DOWN, id[0]=0, x[0]=459.0, y[0]=550.0, toolType[0]=TOOL_TYPE_UNKNOWN, buttonState=0, metaState=0, flags=0x80000000, edgeFlags=0x0, pointerCount=1, historySize=0, eventTime=232517, downTime=232517, deviceId=0, source=0x1002 }
D/InputEventConsistencyVerifier(  424): TouchEvent: ACTION_DOWN but pointers are already down.  Probably missing ACTION_UP from previous gesture.
D/InputEventConsistencyVerifier(  424):   in android.view.ScaleGestureDetector@b3ed7a58
D/InputEventConsistencyVerifier(  424):   0: sent at 234019000000, MotionEvent { action=ACTION_DOWN, id[0]=0, x[0]=131.0, y[0]=443.0, toolType[0]=TOOL_TYPE_UNKNOWN, buttonState=0, metaState=0, flags=0x0, edgeFlags=0x0, pointerCount=1, historySize=0, eventTime=234019, downTime=234013, deviceId=0, source=0x1002 }
D/InputEventConsistencyVerifier(  424):   -- recent events --
D/InputEventConsistencyVerifier(  424):   1: sent at 233681000000, MotionEvent { action=ACTION_DOWN, id[0]=0, x[0]=87.0, y[0]=201.0, toolType[0]=TOOL_TYPE_UNKNOWN, buttonState=0, metaState=0, flags=0x80000000, edgeFlags=0x0, pointerCount=1, historySize=0, eventTime=233681, downTime=233681, deviceId=0, source=0x1002 }
D/InputEventConsistencyVerifier(  424):   2: sent at 233392000000, MotionEvent { action=ACTION_DOWN, id[0]=0, x[0]=227.0, y[0]=649.0, toolType[0]=TOOL_TYPE_UNKNOWN, buttonState=0, metaState=0, flags=0x0, edgeFlags=0x0, pointerCount=1, historySize=0, eventTime=233392, downTime=233379, deviceId=0, source=0x1002 }
D/InputEventConsistencyVerifier(  424):   3: sent at 233073000000, MotionEvent { action=ACTION_UP, id[0]=0, x[0]=401.0, y[0]=37.0, toolType[0]=TOOL_TYPE_UNKNOWN, buttonState=0, metaState=0, flags=0x0, edgeFlags=0x0, pointerCount=1, historySize=0, eventTime=233073, downTime=233017, deviceId=0, source=0x1002 }
D/InputEventConsistencyVerifier(  424):   4: sent at 233018000000, MotionEvent { action=ACTION_DOWN, id[0]=0, x[0]=396.0, y[0]=22.0, toolType[0]=TOOL_TYPE_UNKNOWN, buttonState=0, metaState=0, flags=0x80000000, edgeFlags=0x0, pointerCount=1, historySize=0, eventTime=233018, downTime=233017, deviceId=0, source=0x1002 }
D/InputEventConsistencyVerifier(  424):   5: sent at 232651000000, MotionEvent { action=ACTION_DOWN, id[0]=0, x[0]=188.0, y[0]=386.0, toolType[0]=TOOL_TYPE_UNKNOWN, buttonState=0, metaState=0, flags=0x80000000, edgeFlags=0x0, pointerCount=1, historySize=0, eventTime=232651, downTime=232651, deviceId=0, source=0x1002 }
I/Choreographer(  424): Skipped 83 frames!  The application may be doing too much work on its main thread.
W/dalvikvm(  424): DroidBox: { "FdAccess": { "path": "2f70726f632f6d656d696e666f", "id": "1524933953" } }
W/DroidBox(  424): DroidBox: { "FileRW": { "operation": "read", "data": "4d656d546f74616c3a202020202020202020373438393634206b420a4d656d467265653a20202020202020202020343632393638206b420a427566666572733a20202020202020202020202035333932206b420a4361636865643a202020202020202020", "id": "1524933953" } }
D/InputEventConsistencyVerifier(  424): KeyEvent: ACTION_UP but key was not down.
D/InputEventConsistencyVerifier(  424):   in com.android.systemui.statusbar.phone.StatusBarWindowView@b3e37300
D/InputEventConsistencyVerifier(  424):   0: sent at 234189000000, KeyEvent { action=ACTION_UP, keyCode=KEYCODE_DPAD_DOWN, scanCode=0, metaState=0, flags=0x8, repeatCount=0, eventTime=234189, downTime=234189, deviceId=-1, source=0x101 }
D/InputEventConsistencyVerifier(  424):   -- recent events --
D/InputEventConsistencyVerifier(  424):   1: sent at 234161000000, MotionEvent { action=ACTION_UP, id[0]=0, x[0]=35.0, y[0]=489.0, toolType[0]=TOOL_TYPE_UNKNOWN, buttonState=0, metaState=0, flags=0x0, edgeFlags=0x0, pointerCount=1, historySize=0, eventTime=234161, downTime=234013, deviceId=0, source=0x1002 }
D/InputEventConsistencyVerifier(  424):   2: sent at 234157000000, MotionEvent { action=ACTION_POINTER_UP(1), id[0]=0, x[0]=49.0, y[0]=484.0, toolType[0]=TOOL_TYPE_UNKNOWN, id[1]=1, x[1]=411.0, y[1]=169.0, toolType[1]=TOOL_TYPE_UNKNOWN, buttonState=0, metaState=0, flags=0x0, edgeFlags=0x0, pointerCount=2, historySize=0, eventTime=234157, downTime=234013, deviceId=0, source=0x1002 }
D/InputEventConsistencyVerifier(  424):   3: sent at 234155000000, MotionEvent { action=ACTION_MOVE, id[0]=0, x[0]=53.0, y[0]=478.0, toolType[0]=TOOL_TYPE_UNKNOWN, id[1]=1, x[1]=410.0, y[1]=170.0, toolType[1]=TOOL_TYPE_UNKNOWN, buttonState=0, metaState=0, flags=0x0, edgeFlags=0x0, pointerCount=2, historySize=7, eventTime=234155, downTime=234013, deviceId=0, source=0x1002 }
D/InputEventConsistencyVerifier(  424):   4: sent at 234058000000, MotionEvent { action=ACTION_POINTER_DOWN(1), id[0]=0, x[0]=127.0, y[0]=445.0, toolType[0]=TOOL_TYPE_UNKNOWN, id[1]=1, x[1]=365.0, y[1]=199.0, toolType[1]=TOOL_TYPE_UNKNOWN, buttonState=0, metaState=0, flags=0x0, edgeFlags=0x0, pointerCount=2, historySize=0, eventTime=234058, downTime=234013, deviceId=0, source=0x1002 }
D/InputEventConsistencyVerifier(  424):   5: sent at 234019000000, MotionEvent { action=ACTION_DOWN, id[0]=0, x[0]=131.0, y[0]=443.0, toolType[0]=TOOL_TYPE_UNKNOWN, buttonState=0, metaState=0, flags=0x0, edgeFlags=0x0, pointerCount=1, historySize=0, eventTime=234019, downTime=234013, deviceId=0, source=0x1002 }
D/InputEventConsistencyVerifier(  424): KeyEvent: ACTION_UP but key was not down.
D/InputEventConsistencyVerifier(  424):   in android.widget.FrameLayout@b3df9240
D/InputEventConsistencyVerifier(  424):   0: sent at 234217000000, KeyEvent { action=ACTION_UP, keyCode=KEYCODE_DPAD_DOWN, scanCode=0, metaState=0, flags=0x8, repeatCount=0, eventTime=234217, downTime=234217, deviceId=-1, source=0x101 }
D/InputEventConsistencyVerifier(  424):   -- recent events --
D/InputEventConsistencyVerifier(  424):   1: sent at 232978000000, (unhandled) KeyEvent { action=ACTION_DOWN, keyCode=KEYCODE_DPAD_UP, scanCode=0, metaState=0, flags=0x8, repeatCount=0, eventTime=232978, downTime=232978, deviceId=-1, source=0x101 }
D/InputEventConsistencyVerifier(  424):   2: sent at 232958000000, (unhandled) KeyEvent { action=ACTION_UP, keyCode=KEYCODE_DPAD_RIGHT, scanCode=0, metaState=0, flags=0x8, repeatCount=0, eventTime=232958, downTime=232958, deviceId=-1, source=0x101 }
D/InputEventConsistencyVerifier(  424):   3: sent at 232951000000, (unhandled) KeyEvent { action=ACTION_DOWN, keyCode=KEYCODE_DPAD_RIGHT, scanCode=0, metaState=0, flags=0x8, repeatCount=0, eventTime=232951, downTime=232951, deviceId=-1, source=0x101 }
D/InputEventConsistencyVerifier(  424):   4: sent at 232913000000, (unhandled) KeyEvent { action=ACTION_UP, keyCode=KEYCODE_DPAD_CENTER, scanCode=0, metaState=0, flags=0x8, repeatCount=0, eventTime=232913, downTime=232913, deviceId=-1, source=0x101 }
D/InputEventConsistencyVerifier(  424):   5: sent at 232905000000, (unhandled) KeyEvent { action=ACTION_DOWN, keyCode=KEYCODE_DPAD_CENTER, scanCode=0, metaState=0, flags=0x8, repeatCount=0, eventTime=232905, downTime=232905, deviceId=-1, source=0x101 }
D/InputEventConsistencyVerifier(  424): TouchEvent: ACTION_DOWN but pointers are already down.  Probably missing ACTION_UP from previous gesture.
D/InputEventConsistencyVerifier(  424):   in android.view.ScaleGestureDetector@b3ed7a58
D/InputEventConsistencyVerifier(  424):   0: sent at 234255000000, MotionEvent { action=ACTION_DOWN, id[0]=0, x[0]=266.0, y[0]=26.0, toolType[0]=TOOL_TYPE_UNKNOWN, buttonState=0, metaState=0, flags=0x0, edgeFlags=0x0, pointerCount=1, historySize=0, eventTime=234255, downTime=234254, deviceId=0, source=0x1002 }
D/InputEventConsistencyVerifier(  424):   -- recent events --
D/InputEventConsistencyVerifier(  424):   1: sent at 234019000000, MotionEvent { action=ACTION_DOWN, id[0]=0, x[0]=131.0, y[0]=443.0, toolType[0]=TOOL_TYPE_UNKNOWN, buttonState=0, metaState=0, flags=0x80000000, edgeFlags=0x0, pointerCount=1, historySize=0, eventTime=234019, downTime=234013, deviceId=0, source=0x1002 }
D/InputEventConsistencyVerifier(  424):   2: sent at 233681000000, MotionEvent { action=ACTION_DOWN, id[0]=0, x[0]=87.0, y[0]=201.0, toolType[0]=TOOL_TYPE_UNKNOWN, buttonState=0, metaState=0, flags=0x80000000, edgeFlags=0x0, pointerCount=1, historySize=0, eventTime=233681, downTime=233681, deviceId=0, source=0x1002 }
D/InputEventConsistencyVerifier(  424):   3: sent at 233392000000, MotionEvent { action=ACTION_DOWN, id[0]=0, x[0]=227.0, y[0]=649.0, toolType[0]=TOOL_TYPE_UNKNOWN, buttonState=0, metaState=0, flags=0x0, edgeFlags=0x0, pointerCount=1, historySize=0, eventTime=233392, downTime=233379, deviceId=0, source=0x1002 }
D/InputEventConsistencyVerifier(  424):   4: sent at 233073000000, MotionEvent { action=ACTION_UP, id[0]=0, x[0]=401.0, y[0]=37.0, toolType[0]=TOOL_TYPE_UNKNOWN, buttonState=0, metaState=0, flags=0x0, edgeFlags=0x0, pointerCount=1, historySize=0, eventTime=233073, downTime=233017, deviceId=0, source=0x1002 }
D/InputEventConsistencyVerifier(  424):   5: sent at 233018000000, MotionEvent { action=ACTION_DOWN, id[0]=0, x[0]=396.0, y[0]=22.0, toolType[0]=TOOL_TYPE_UNKNOWN, buttonState=0, metaState=0, flags=0x80000000, edgeFlags=0x0, pointerCount=1, historySize=0, eventTime=233018, downTime=233017, deviceId=0, source=0x1002 }
I/Choreographer(  424): Skipped 51 frames!  The application may be doing too much work on its main thread.
V/PhoneStatusBar(  424): setLightsOn(true)
D/PhoneStatusBar(  424): disable: < expand icons alerts ticker* system_info back home recent clock >
W/DroidBox( 1106): DroidBox: { "ServiceStart": { "name": "com.android.music.MediaPlaybackService" } }
W/DroidBox( 1106): DroidBox: { "ServiceStart": { "name": "com.android.music.MediaPlaybackService" } }
I/AudioService(  227):  AudioFocus  requestAudioFocus() from android.media.AudioManager@b3e16ef8com.android.music.MediaPlaybackService$3@b3e15730
I/AudioService(  227):   Remote Control   registerMediaButtonIntent() for PendingIntent{b3ec9700: PendingIntentRecord{b3eb9b88 com.android.music broadcastIntent}}
I/Choreographer( 1016): Skipped 53 frames!  The application may be doing too much work on its main thread.
D/InputEventConsistencyVerifier( 1016): TrackballEvent: Trackball is down but pressure is not greater than 0.
D/InputEventConsistencyVerifier( 1016):   in android.view.ViewRootImpl@b3e09f78
D/InputEventConsistencyVerifier( 1016):   0: sent at 235206000000, MotionEvent { action=ACTION_DOWN, id[0]=0, x[0]=0.0, y[0]=0.0, toolType[0]=TOOL_TYPE_UNKNOWN, buttonState=0, metaState=0, flags=0x0, edgeFlags=0x0, pointerCount=1, historySize=0, eventTime=235206, downTime=235124, deviceId=0, source=0x10004 }
D/InputEventConsistencyVerifier( 1016):   -- recent events --
D/InputEventConsistencyVerifier( 1016):   1: sent at 235254000000, KeyEvent { action=ACTION_UP, keyCode=KEYCODE_DPAD_DOWN, scanCode=0, metaState=0, flags=0x400, repeatCount=0, eventTime=235254, downTime=235254, deviceId=-1, source=0x101 }
D/InputEventConsistencyVerifier( 1016):   2: sent at 235254000000, KeyEvent { action=ACTION_DOWN, keyCode=KEYCODE_DPAD_DOWN, scanCode=0, metaState=0, flags=0x400, repeatCount=0, eventTime=235254, downTime=235254, deviceId=-1, source=0x101 }
D/InputEventConsistencyVerifier( 1016):   3: sent at 235254000000, KeyEvent { action=ACTION_UP, keyCode=KEYCODE_DPAD_DOWN, scanCode=0, metaState=0, flags=0x400, repeatCount=0, eventTime=235254, downTime=235254, deviceId=-1, source=0x101 }
D/InputEventConsistencyVerifier( 1016):   4: sent at 235254000000, KeyEvent { action=ACTION_DOWN, keyCode=KEYCODE_DPAD_DOWN, scanCode=0, metaState=0, flags=0x400, repeatCount=0, eventTime=235254, downTime=235254, deviceId=-1, source=0x101 }
D/InputEventConsistencyVerifier( 1016):   5: sent at 235253000000, KeyEvent { action=ACTION_UP, keyCode=KEYCODE_DPAD_DOWN, scanCode=0, metaState=0, flags=0x400, repeatCount=0, eventTime=235253, downTime=235253, deviceId=-1, source=0x101 }
I/Choreographer( 1016): Skipped 106 frames!  The application may be doing too much work on its main thread.
I/Choreographer( 1016): Skipped 51 frames!  The application may be doing too much work on its main thread.
W/InputMethodManagerService(  227): Window already focused, ignoring focus gain of: com.android.internal.view.IInputMethodClient$Stub$Proxy@b3e34180 attribute=android.view.inputmethod.EditorInfo@b3ee9720
D/InputEventConsistencyVerifier( 1016): KeyEvent: ACTION_UP but key was not down.
D/InputEventConsistencyVerifier( 1016):   in com.android.internal.policy.impl.PhoneWindow$DecorView@b3e59a20
D/InputEventConsistencyVerifier( 1016):   0: sent at 235803000000, KeyEvent { action=ACTION_UP, keyCode=KEYCODE_DPAD_DOWN, scanCode=0, metaState=0, flags=0x400, repeatCount=0, eventTime=235803, downTime=235803, deviceId=-1, source=0x101 }
D/InputEventConsistencyVerifier( 1016):   -- recent events --
D/InputEventConsistencyVerifier( 1016):   1: sent at 235790000000, (unhandled) MotionEvent { action=ACTION_MOVE, id[0]=0, x[0]=4.0, y[0]=4.0, toolType[0]=TOOL_TYPE_UNKNOWN, buttonState=0, metaState=0, flags=0x0, edgeFlags=0x0, pointerCount=1, historySize=11, eventTime=235790, downTime=-1, deviceId=0, source=0x10004 }
D/InputEventConsistencyVerifier( 1016):   2: sent at 235568000000, MotionEvent { action=ACTION_UP, id[0]=0, x[0]=399.0, y[0]=348.0, toolType[0]=TOOL_TYPE_UNKNOWN, buttonState=0, metaState=0, flags=0x0, edgeFlags=0x0, pointerCount=1, historySize=0, eventTime=235568, downTime=235497, deviceId=0, source=0x1002 }
D/InputEventConsistencyVerifier( 1016):   3: sent at 235533000000, MotionEvent { action=ACTION_MOVE, id[0]=0, x[0]=395.0, y[0]=349.0, toolType[0]=TOOL_TYPE_UNKNOWN, buttonState=0, metaState=0, flags=0x0, edgeFlags=0x0, pointerCount=1, historySize=4, eventTime=235533, downTime=235497, deviceId=0, source=0x1002 }
D/InputEventConsistencyVerifier( 1016):   4: sent at 235499000000, MotionEvent { action=ACTION_DOWN, id[0]=0, x[0]=373.0, y[0]=376.0, toolType[0]=TOOL_TYPE_UNKNOWN, buttonState=0, metaState=0, flags=0x0, edgeFlags=0x0, pointerCount=1, historySize=0, eventTime=235499, downTime=235497, deviceId=0, source=0x1002 }
D/InputEventConsistencyVerifier( 1016):   5: sent at 233083000000, (unhandled) KeyEvent { action=ACTION_UP, keyCode=KEYCODE_MENU, scanCode=0, metaState=0, flags=0x8, repeatCount=0, eventTime=233083, downTime=233083, deviceId=-1, source=0x101 }
D/InputEventConsistencyVerifier( 1016): KeyEvent: ACTION_UP but key was not down.
D/InputEventConsistencyVerifier( 1016):   in android.widget.Button@b3e477a0
D/InputEventConsistencyVerifier( 1016):   0: sent at 235804000000, KeyEvent { action=ACTION_UP, keyCode=KEYCODE_DPAD_DOWN, scanCode=0, metaState=0, flags=0x400, repeatCount=0, eventTime=235804, downTime=235804, deviceId=-1, source=0x101 }
D/InputEventConsistencyVerifier( 1016):   -- recent events --
D/InputEventConsistencyVerifier( 1016):   1: sent at 231896000000, (unhandled) KeyEvent { action=ACTION_UP, keyCode=KEYCODE_MOVE_HOME, scanCode=0, metaState=0, flags=0x8, repeatCount=0, eventTime=231896, downTime=231896, deviceId=-1, source=0x101 }
D/InputEventConsistencyVerifier( 1016):   2: sent at 231822000000, (unhandled) KeyEvent { action=ACTION_DOWN, keyCode=KEYCODE_MOVE_HOME, scanCode=0, metaState=0, flags=0x8, repeatCount=0, eventTime=231822, downTime=231822, deviceId=-1, source=0x101 }
D/InputEventConsistencyVerifier( 1016):   3: sent at 231779000000, (unhandled) KeyEvent { action=ACTION_UP, keyCode=KEYCODE_DPAD_DOWN, scanCode=0, metaState=0, flags=0x80000008, repeatCount=0, eventTime=231779, downTime=231779, deviceId=-1, source=0x101 }
D/InputEventConsistencyVerifier( 1016):   4: sent at 230799000000, (unhandled) KeyEvent { action=ACTION_UP, keyCode=KEYCODE_DPAD_DOWN, scanCode=0, metaState=0, flags=0x80000008, repeatCount=0, eventTime=230799, downTime=230799, deviceId=-1, source=0x101 }
D/InputEventConsistencyVerifier( 1016):   5: sent at 229394000000, MotionEvent { action=ACTION_MOVE, id[0]=0, x[0]=3.0, y[0]=0.0, toolType[0]=TOOL_TYPE_UNKNOWN, buttonState=0, metaState=0, flags=0x0, edgeFlags=0x0, pointerCount=1, historySize=9, eventTime=229394, downTime=-1, deviceId=0, source=0x10004 }
D/InputEventConsistencyVerifier( 1016): KeyEvent: ACTION_UP but key was not down.
D/InputEventConsistencyVerifier( 1016):   in android.widget.Button@b3e299b8
D/InputEventConsistencyVerifier( 1016):   0: sent at 235805000000, KeyEvent { action=ACTION_UP, keyCode=KEYCODE_DPAD_DOWN, scanCode=0, metaState=0, flags=0x400, repeatCount=0, eventTime=235805, downTime=235805, deviceId=-1, source=0x101 }
D/InputEventConsistencyVerifier( 1016):   -- recent events --
D/InputEventConsistencyVerifier( 1016):   1: sent at 230132000000, MotionEvent { action=ACTION_UP, id[0]=0, x[0]=231.0, y[0]=55.0, toolType[0]=TOOL_TYPE_UNKNOWN, buttonState=0, metaState=0, flags=0x0, edgeFlags=0x0, pointerCount=1, historySize=0, eventTime=230132, downTime=230101, deviceId=0, source=0x1002 }
D/InputEventConsistencyVerifier( 1016):   2: sent at 230102000000, MotionEvent { action=ACTION_DOWN, id[0]=0, x[0]=232.0, y[0]=50.0, toolType[0]=TOOL_TYPE_UNKNOWN, buttonState=0, metaState=0, flags=0x0, edgeFlags=0x0, pointerCount=1, historySize=0, eventTime=230102, downTime=230101, deviceId=0, source=0x1002 }
D/InputEventConsistencyVerifier( 1016):   3: sent at 226164000000, (unhandled) KeyEvent { action=ACTION_DOWN, keyCode=KEYCODE_DPAD_UP, scanCode=0, metaState=0, flags=0x8, repeatCount=0, eventTime=226164, downTime=226164, deviceId=-1, source=0x101 }
D/InputEventConsistencyVerifier( 1016):   4: sent at 226060000000, KeyEvent { action=ACTION_UP, keyCode=KEYCODE_DPAD_CENTER, scanCode=0, metaState=0, flags=0x8, repeatCount=0, eventTime=226060, downTime=226060, deviceId=-1, source=0x101 }
D/InputEventConsistencyVerifier( 1016):   5: sent at 226024000000, KeyEvent { action=ACTION_DOWN, keyCode=KEYCODE_DPAD_CENTER, scanCode=0, metaState=0, flags=0x8, repeatCount=0, eventTime=226024, downTime=226024, deviceId=-1, source=0x101 }
D/InputEventConsistencyVerifier( 1016): KeyEvent: ACTION_UP but key was not down.
D/InputEventConsistencyVerifier( 1016):   in com.android.internal.policy.impl.PhoneWindow$DecorView@b3e59a20
D/InputEventConsistencyVerifier( 1016):   0: sent at 236354000000, KeyEvent { action=ACTION_UP, keyCode=KEYCODE_DPAD_RIGHT, scanCode=0, metaState=0, flags=0x400, repeatCount=0, eventTime=236354, downTime=236354, deviceId=-1, source=0x101 }
D/InputEventConsistencyVerifier( 1016):   -- recent events --
D/InputEventConsistencyVerifier( 1016):   1: sent at 235836000000, (unhandled) MotionEvent { action=ACTION_MOVE, id[0]=0, x[0]=3.0, y[0]=0.0, toolType[0]=TOOL_TYPE_UNKNOWN, buttonState=0, metaState=0, flags=0x0, edgeFlags=0x0, pointerCount=1, historySize=7, eventTime=235836, downTime=-1, deviceId=0, source=0x10004 }
D/InputEventConsistencyVerifier( 1016):   2: sent at 235871000000, MotionEvent { action=ACTION_UP, id[0]=0, x[0]=326.0, y[0]=152.0, toolType[0]=TOOL_TYPE_UNKNOWN, buttonState=0, metaState=0, flags=0x0, edgeFlags=0x0, pointerCount=1, historySize=0, eventTime=235871, downTime=235841, deviceId=0, source=0x1002 }
D/InputEventConsistencyVerifier( 1016):   3: sent at 235848000000, MotionEvent { action=ACTION_MOVE, id[0]=0, x[0]=334.0, y[0]=167.0, toolType[0]=TOOL_TYPE_UNKNOWN, buttonState=0, metaState=0, flags=0x0, edgeFlags=0x0, pointerCount=1, historySize=0, eventTime=235848, downTime=235841, deviceId=0, source=0x1002 }
D/InputEventConsistencyVerifier( 1016):   4: sent at 235842000000, MotionEvent { action=ACTION_DOWN, id[0]=0, x[0]=353.0, y[0]=173.0, toolType[0]=TOOL_TYPE_UNKNOWN, buttonState=0, metaState=0, flags=0x0, edgeFlags=0x0, pointerCount=1, historySize=0, eventTime=235842, downTime=235841, deviceId=0, source=0x1002 }
D/InputEventConsistencyVerifier( 1016):   5: sent at 235806000000, (unhandled) KeyEvent { action=ACTION_UP, keyCode=KEYCODE_DPAD_DOWN, scanCode=0, metaState=0, flags=0x400, repeatCount=0, eventTime=235806, downTime=235806, deviceId=-1, source=0x101 }
W/dalvikvm(  424): DroidBox: { "FdAccess": { "path": "2f70726f632f6d656d696e666f", "id": "1592499200" } }
W/DroidBox(  424): DroidBox: { "FileRW": { "operation": "read", "data": "4d656d546f74616c3a202020202020202020373438393634206b420a4d656d467265653a20202020202020202020343634303834206b420a427566666572733a20202020202020202020202035343030206b420a4361636865643a202020202020202020", "id": "1592499200" } }
W/dalvikvm(  424): DroidBox: { "FdAccess": { "path": "2f70726f632f6d656d696e666f", "id": "522012321" } }
W/DroidBox(  424): DroidBox: { "FileRW": { "operation": "read", "data": "4d656d546f74616c3a202020202020202020373438393634206b420a4d656d467265653a20202020202020202020343634303834206b420a427566666572733a20202020202020202020202035343030206b420a4361636865643a202020202020202020", "id": "522012321" } }
I/Choreographer(  424): Skipped 40 frames!  The application may be doing too much work on its main thread.
D/InputEventConsistencyVerifier(  424): KeyEvent: ACTION_UP but key was not down.
D/InputEventConsistencyVerifier(  424):   in android.widget.FrameLayout@b3df9240
D/InputEventConsistencyVerifier(  424):   0: sent at 236959000000, KeyEvent { action=ACTION_UP, keyCode=KEYCODE_DPAD_DOWN, scanCode=0, metaState=0, flags=0x400, repeatCount=0, eventTime=236959, downTime=236959, deviceId=-1, source=0x101 }
D/InputEventConsistencyVerifier(  424):   -- recent events --
D/InputEventConsistencyVerifier(  424):   1: sent at 234249000000, (unhandled) KeyEvent { action=ACTION_UP, keyCode=KEYCODE_MENU, scanCode=0, metaState=0, flags=0x8, repeatCount=0, eventTime=234249, downTime=234249, deviceId=-1, source=0x101 }
D/InputEventConsistencyVerifier(  424):   2: sent at 234240000000, (unhandled) KeyEvent { action=ACTION_DOWN, keyCode=KEYCODE_MENU, scanCode=0, metaState=0, flags=0x8, repeatCount=0, eventTime=234240, downTime=234240, deviceId=-1, source=0x101 }
D/InputEventConsistencyVerifier(  424):   3: sent at 234236000000, (unhandled) KeyEvent { action=ACTION_UP, keyCode=KEYCODE_DPAD_DOWN, scanCode=0, metaState=0, flags=0x8, repeatCount=0, eventTime=234236, downTime=234236, deviceId=-1, source=0x101 }
D/InputEventConsistencyVerifier(  424):   4: sent at 234229000000, (unhandled) KeyEvent { action=ACTION_DOWN, keyCode=KEYCODE_DPAD_DOWN, scanCode=0, metaState=0, flags=0x8, repeatCount=0, eventTime=234229, downTime=234229, deviceId=-1, source=0x101 }
D/InputEventConsistencyVerifier(  424):   5: sent at 234217000000, (unhandled) KeyEvent { action=ACTION_UP, keyCode=KEYCODE_DPAD_DOWN, scanCode=0, metaState=0, flags=0x80000008, repeatCount=0, eventTime=234217, downTime=234217, deviceId=-1, source=0x101 }
D/InputEventConsistencyVerifier(  424): KeyEvent: ACTION_UP but key was not down.
D/InputEventConsistencyVerifier(  424):   in com.android.systemui.statusbar.phone.PhoneStatusBarView@b3e39298
D/InputEventConsistencyVerifier(  424):   0: sent at 237016000000, KeyEvent { action=ACTION_UP, keyCode=KEYCODE_DPAD_UP, scanCode=0, metaState=0, flags=0x400, repeatCount=0, eventTime=237016, downTime=237016, deviceId=-1, source=0x101 }
D/InputEventConsistencyVerifier(  424):   -- recent events --
D/InputEventConsistencyVerifier(  424):   1: sent at 236959000000, (unhandled) KeyEvent { action=ACTION_DOWN, keyCode=KEYCODE_DPAD_DOWN, scanCode=0, metaState=0, flags=0x400, repeatCount=0, eventTime=236959, downTime=236959, deviceId=-1, source=0x101 }
D/InputEventConsistencyVerifier(  424):   2: sent at 236934000000, (unhandled) MotionEvent { action=ACTION_MOVE, id[0]=0, x[0]=-2.0, y[0]=4.0, toolType[0]=TOOL_TYPE_UNKNOWN, buttonState=0, metaState=0, flags=0x0, edgeFlags=0x0, pointerCount=1, historySize=1, eventTime=236934, downTime=-1, deviceId=0, source=0x10004 }
D/InputEventConsistencyVerifier(  424):   3: sent at 236834000000, (unhandled) KeyEvent { action=ACTION_UP, keyCode=KEYCODE_DPAD_LEFT, scanCode=0, metaState=0, flags=0x8, repeatCount=0, eventTime=236834, downTime=236834, deviceId=-1, source=0x101 }
D/InputEventConsistencyVerifier(  424):   4: sent at 236777000000, (unhandled) KeyEvent { action=ACTION_DOWN, keyCode=KEYCODE_DPAD_LEFT, scanCode=0, metaState=0, flags=0x8, repeatCount=0, eventTime=236777, downTime=236777, deviceId=-1, source=0x101 }
D/InputEventConsistencyVerifier(  424):   5: sent at 236771000000, MotionEvent { action=ACTION_UP, id[0]=0, x[0]=81.0, y[0]=10.0, toolType[0]=TOOL_TYPE_UNKNOWN, buttonState=0, metaState=0, flags=0x0, edgeFlags=0x0, pointerCount=1, historySize=0, eventTime=236771, downTime=236764, deviceId=0, source=0x1002 }
W/dalvikvm(  424): DroidBox: { "FdAccess": { "path": "2f70726f632f6d656d696e666f", "id": "2015260769" } }
W/DroidBox(  424): DroidBox: { "FileRW": { "operation": "read", "data": "4d656d546f74616c3a202020202020202020373438393634206b420a4d656d467265653a20202020202020202020343634313030206b420a427566666572733a20202020202020202020202035343030206b420a4361636865643a202020202020202020", "id": "2015260769" } }
V/PhoneStatusBar(  424): setLightsOn(true)
D/PhoneStatusBar(  424): disable: < expand icons alerts TICKER* system_info back home recent clock >
W/dalvikvm(  424): DroidBox: { "FdAccess": { "path": "2f70726f632f6d656d696e666f", "id": "1318929928" } }
W/DroidBox(  424): DroidBox: { "FileRW": { "operation": "read", "data": "4d656d546f74616c3a202020202020202020373438393634206b420a4d656d467265653a20202020202020202020343634313030206b420a427566666572733a20202020202020202020202035343030206b420a4361636865643a202020202020202020", "id": "1318929928" } }
D/InputEventConsistencyVerifier(  424): KeyEvent: ACTION_UP but key was not down.
D/InputEventConsistencyVerifier(  424):   in com.android.systemui.statusbar.phone.StatusBarWindowView@b3e37300
D/InputEventConsistencyVerifier(  424):   0: sent at 237222000000, KeyEvent { action=ACTION_UP, keyCode=KEYCODE_DPAD_LEFT, scanCode=0, metaState=0, flags=0x8, repeatCount=0, eventTime=237222, downTime=237222, deviceId=-1, source=0x101 }
D/InputEventConsistencyVerifier(  424):   -- recent events --
D/InputEventConsistencyVerifier(  424):   1: sent at 237139000000, MotionEvent { action=ACTION_UP, id[0]=0, x[0]=448.0, y[0]=620.0, toolType[0]=TOOL_TYPE_UNKNOWN, buttonState=0, metaState=0, flags=0x0, edgeFlags=0x0, pointerCount=1, historySize=0, eventTime=237139, downTime=237133, deviceId=0, source=0x1002 }
D/InputEventConsistencyVerifier(  424):   2: sent at 237134000000, MotionEvent { action=ACTION_DOWN, id[0]=0, x[0]=437.0, y[0]=615.0, toolType[0]=TOOL_TYPE_UNKNOWN, buttonState=0, metaState=0, flags=0x0, edgeFlags=0x0, pointerCount=1, historySize=0, eventTime=237134, downTime=237133, deviceId=0, source=0x1002 }
D/InputEventConsistencyVerifier(  424):   3: sent at 237126000000, (unhandled) KeyEvent { action=ACTION_UP, keyCode=KEYCODE_DPAD_CENTER, scanCode=0, metaState=0, flags=0x8, repeatCount=0, eventTime=237126, downTime=237126, deviceId=-1, source=0x101 }
D/InputEventConsistencyVerifier(  424):   4: sent at 237075000000, (unhandled) KeyEvent { action=ACTION_DOWN, keyCode=KEYCODE_DPAD_CENTER, scanCode=0, metaState=0, flags=0x8, repeatCount=0, eventTime=237075, downTime=237075, deviceId=-1, source=0x101 }
D/InputEventConsistencyVerifier(  424):   5: sent at 237120000000, (unhandled) KeyEvent { action=ACTION_UP, keyCode=KEYCODE_DPAD_LEFT, scanCode=0, metaState=0, flags=0x400, repeatCount=0, eventTime=237120, downTime=237120, deviceId=-1, source=0x101 }
D/InputEventConsistencyVerifier(  424): TouchEvent: ACTION_DOWN but pointers are already down.  Probably missing ACTION_UP from previous gesture.
D/InputEventConsistencyVerifier(  424):   in android.view.ScaleGestureDetector@b3ed7a58
D/InputEventConsistencyVerifier(  424):   0: sent at 237236000000, MotionEvent { action=ACTION_DOWN, id[0]=0, x[0]=32.0, y[0]=5.0, toolType[0]=TOOL_TYPE_UNKNOWN, buttonState=0, metaState=0, flags=0x0, edgeFlags=0x0, pointerCount=1, historySize=0, eventTime=237236, downTime=237231, deviceId=0, source=0x1002 }
D/InputEventConsistencyVerifier(  424):   -- recent events --
D/InputEventConsistencyVerifier(  424):   1: sent at 237134000000, MotionEvent { action=ACTION_DOWN, id[0]=0, x[0]=437.0, y[0]=615.0, toolType[0]=TOOL_TYPE_UNKNOWN, buttonState=0, metaState=0, flags=0x0, edgeFlags=0x0, pointerCount=1, historySize=0, eventTime=237134, downTime=237133, deviceId=0, source=0x1002 }
D/InputEventConsistencyVerifier(  424):   2: sent at 236771000000, MotionEvent { action=ACTION_UP, id[0]=0, x[0]=81.0, y[0]=10.0, toolType[0]=TOOL_TYPE_UNKNOWN, buttonState=0, metaState=0, flags=0x0, edgeFlags=0x0, pointerCount=1, historySize=0, eventTime=236771, downTime=236764, deviceId=0, source=0x1002 }
D/InputEventConsistencyVerifier(  424):   3: sent at 236765000000, MotionEvent { action=ACTION_DOWN, id[0]=0, x[0]=72.0, y[0]=27.0, toolType[0]=TOOL_TYPE_UNKNOWN, buttonState=0, metaState=0, flags=0x0, edgeFlags=0x0, pointerCount=1, historySize=0, eventTime=236765, downTime=236764, deviceId=0, source=0x1002 }
D/InputEventConsistencyVerifier(  424):   4: sent at 234260000000, MotionEvent { action=ACTION_UP, id[0]=0, x[0]=259.0, y[0]=24.0, toolType[0]=TOOL_TYPE_UNKNOWN, buttonState=0, metaState=0, flags=0x0, edgeFlags=0x0, pointerCount=1, historySize=0, eventTime=234260, downTime=234254, deviceId=0, source=0x1002 }
D/InputEventConsistencyVerifier(  424):   5: sent at 234255000000, MotionEvent { action=ACTION_DOWN, id[0]=0, x[0]=266.0, y[0]=26.0, toolType[0]=TOOL_TYPE_UNKNOWN, buttonState=0, metaState=0, flags=0x80000000, edgeFlags=0x0, pointerCount=1, historySize=0, eventTime=234255, downTime=234254, deviceId=0, source=0x1002 }
I/Choreographer(  424): Skipped 38 frames!  The application may be doing too much work on its main thread.
W/dalvikvm(  424): DroidBox: { "FdAccess": { "path": "2f70726f632f6d656d696e666f", "id": "488213231" } }
W/DroidBox(  424): DroidBox: { "FileRW": { "operation": "read", "data": "4d656d546f74616c3a202020202020202020373438393634206b420a4d656d467265653a20202020202020202020343632383630206b420a427566666572733a20202020202020202020202035343030206b420a4361636865643a202020202020202020", "id": "488213231" } }
W/InputMethodManagerService(  227): Window already focused, ignoring focus gain of: com.android.internal.view.IInputMethodClient$Stub$Proxy@b3e2e790 attribute=android.view.inputmethod.EditorInfo@b40b11f0
V/PhoneStatusBar(  424): setLightsOn(true)
D/PhoneStatusBar(  424): disable: < expand icons alerts ticker* system_info back home recent clock >
D/InputEventConsistencyVerifier( 1016): KeyEvent: ACTION_UP but key was not down.
D/InputEventConsistencyVerifier( 1016):   in android.view.ViewRootImpl@b3e28d88
D/InputEventConsistencyVerifier( 1016):   0: sent at 237945000000, KeyEvent { action=ACTION_UP, keyCode=KEYCODE_LANGUAGE_SWITCH, scanCode=0, metaState=0, flags=0x8, repeatCount=0, eventTime=237945, downTime=237945, deviceId=-1, source=0x101 }
D/InputEventConsistencyVerifier( 1016):   -- recent events --
D/InputEventConsistencyVerifier( 1016):   1: sent at 237870000000, KeyEvent { action=ACTION_UP, keyCode=KEYCODE_DVR, scanCode=0, metaState=0, flags=0x8, repeatCount=0, eventTime=237870, downTime=237870, deviceId=-1, source=0x101 }
D/InputEventConsistencyVerifier( 1016):   2: sent at 237846000000, KeyEvent { action=ACTION_DOWN, keyCode=KEYCODE_DVR, scanCode=0, metaState=0, flags=0x8, repeatCount=0, eventTime=237846, downTime=237846, deviceId=-1, source=0x101 }
D/InputEventConsistencyVerifier( 1016):   3: sent at 237807000000, KeyEvent { action=ACTION_UP, keyCode=KEYCODE_L, scanCode=0, metaState=0, flags=0x8, repeatCount=0, eventTime=237807, downTime=237807, deviceId=-1, source=0x101 }
D/InputEventConsistencyVerifier( 1016):   4: sent at 237727000000, KeyEvent { action=ACTION_DOWN, keyCode=KEYCODE_L, scanCode=0, metaState=0, flags=0x8, repeatCount=0, eventTime=237727, downTime=237727, deviceId=-1, source=0x101 }
D/InputEventConsistencyVerifier( 1016):   5: sent at 237710000000, MotionEvent { action=ACTION_UP, id[0]=0, x[0]=256.0, y[0]=305.0, toolType[0]=TOOL_TYPE_UNKNOWN, buttonState=0, metaState=0, flags=0x0, edgeFlags=0x0, pointerCount=1, historySize=0, eventTime=237710, downTime=237660, deviceId=0, source=0x1002 }
I/Choreographer( 1016): Skipped 30 frames!  The application may be doing too much work on its main thread.
I/Choreographer(  227): Skipped 45 frames!  The application may be doing too much work on its main thread.
W/InputMethodManagerService(  227): Window already focused, ignoring focus gain of: com.android.internal.view.IInputMethodClient$Stub$Proxy@b3ebd660 attribute=null
I/Choreographer( 1016): Skipped 37 frames!  The application may be doing too much work on its main thread.
D/InputEventConsistencyVerifier( 1016): TrackballEvent: Trackball is down but pressure is not greater than 0.
D/InputEventConsistencyVerifier( 1016):   in android.view.ViewRootImpl@b3e28d88
D/InputEventConsistencyVerifier( 1016):   0: sent at 239138000000, MotionEvent { action=ACTION_DOWN, id[0]=0, x[0]=0.0, y[0]=0.0, toolType[0]=TOOL_TYPE_UNKNOWN, buttonState=0, metaState=0, flags=0x0, edgeFlags=0x0, pointerCount=1, historySize=0, eventTime=239138, downTime=238884, deviceId=0, source=0x10004 }
D/InputEventConsistencyVerifier( 1016):   -- recent events --
D/InputEventConsistencyVerifier( 1016):   1: sent at 239160000000, KeyEvent { action=ACTION_UP, keyCode=KEYCODE_DPAD_LEFT, scanCode=0, metaState=0, flags=0x400, repeatCount=0, eventTime=239160, downTime=239160, deviceId=-1, source=0x101 }
D/InputEventConsistencyVerifier( 1016):   2: sent at 239160000000, KeyEvent { action=ACTION_DOWN, keyCode=KEYCODE_DPAD_LEFT, scanCode=0, metaState=0, flags=0x400, repeatCount=0, eventTime=239160, downTime=239160, deviceId=-1, source=0x101 }
D/InputEventConsistencyVerifier( 1016):   3: sent at 239159000000, KeyEvent { action=ACTION_UP, keyCode=KEYCODE_DPAD_LEFT, scanCode=0, metaState=0, flags=0x400, repeatCount=0, eventTime=239159, downTime=239159, deviceId=-1, source=0x101 }
D/InputEventConsistencyVerifier( 1016):   4: sent at 239159000000, KeyEvent { action=ACTION_DOWN, keyCode=KEYCODE_DPAD_LEFT, scanCode=0, metaState=0, flags=0x400, repeatCount=0, eventTime=239159, downTime=239159, deviceId=-1, source=0x101 }
D/InputEventConsistencyVerifier( 1016):   5: sent at 239136000000, MotionEvent { action=ACTION_MOVE, id[0]=0, x[0]=-2.0, y[0]=0.0, toolType[0]=TOOL_TYPE_UNKNOWN, buttonState=0, metaState=0, flags=0x0, edgeFlags=0x0, pointerCount=1, historySize=9, eventTime=239136, downTime=-1, deviceId=0, source=0x10004 }
I/ActivityManager(  227): START {act=android.intent.action.VIEW dat=http://umisite.net/?u=64505 cmp=com.android.browser/.BrowserActivity u=0} from pid 1016
I/ActivityManager(  227): START {act=android.intent.action.VIEW dat=http://umisite.net/?u=64505 cmp=com.android.browser/.BrowserActivity u=0} from pid 1016
I/Choreographer( 1016): Skipped 48 frames!  The application may be doing too much work on its main thread.
D/InputEventConsistencyVerifier( 1016): KeyEvent: ACTION_UP but key was not down.
D/InputEventConsistencyVerifier( 1016):   in com.android.internal.policy.impl.PhoneWindow$DecorView@b3e59a20
D/InputEventConsistencyVerifier( 1016):   0: sent at 239664000000, KeyEvent { action=ACTION_UP, keyCode=KEYCODE_DPAD_RIGHT, scanCode=0, metaState=0, flags=0x8, repeatCount=0, eventTime=239664, downTime=239664, deviceId=-1, source=0x101 }
D/InputEventConsistencyVerifier( 1016):   -- recent events --
D/InputEventConsistencyVerifier( 1016):   1: sent at 239593000000, MotionEvent { action=ACTION_UP, id[0]=0, x[0]=387.0, y[0]=705.0, toolType[0]=TOOL_TYPE_UNKNOWN, buttonState=0, metaState=0, flags=0x0, edgeFlags=0x0, pointerCount=1, historySize=0, eventTime=239593, downTime=239587, deviceId=0, source=0x1002 }
D/InputEventConsistencyVerifier( 1016):   2: sent at 239588000000, MotionEvent { action=ACTION_DOWN, id[0]=0, x[0]=401.0, y[0]=691.0, toolType[0]=TOOL_TYPE_UNKNOWN, buttonState=0, metaState=0, flags=0x0, edgeFlags=0x0, pointerCount=1, historySize=0, eventTime=239588, downTime=239587, deviceId=0, source=0x1002 }
D/InputEventConsistencyVerifier( 1016):   3: sent at 239549000000, MotionEvent { action=ACTION_UP, id[0]=0, x[0]=216.0, y[0]=651.0, toolType[0]=TOOL_TYPE_UNKNOWN, buttonState=0, metaState=0, flags=0x0, edgeFlags=0x0, pointerCount=1, historySize=0, eventTime=239549, downTime=239487, deviceId=0, source=0x1002 }
D/InputEventConsistencyVerifier( 1016):   4: sent at 239487000000, MotionEvent { action=ACTION_DOWN, id[0]=0, x[0]=206.0, y[0]=659.0, toolType[0]=TOOL_TYPE_UNKNOWN, buttonState=0, metaState=0, flags=0x0, edgeFlags=0x0, pointerCount=1, historySize=0, eventTime=239487, downTime=239487, deviceId=0, source=0x1002 }
D/InputEventConsistencyVerifier( 1016):   5: sent at 239329000000, (unhandled) KeyEvent { action=ACTION_UP, keyCode=KEYCODE_DPAD_RIGHT, scanCode=0, metaState=0, flags=0x8, repeatCount=0, eventTime=239329, downTime=239329, deviceId=-1, source=0x101 }
D/InputEventConsistencyVerifier( 1016): KeyEvent: ACTION_UP but key was not down.
D/InputEventConsistencyVerifier( 1016):   in com.android.internal.policy.impl.PhoneWindow$DecorView@b3e59a20
D/InputEventConsistencyVerifier( 1016):   0: sent at 240124000000, KeyEvent { action=ACTION_UP, keyCode=KEYCODE_DPAD_UP, scanCode=0, metaState=0, flags=0x8, repeatCount=0, eventTime=240124, downTime=240124, deviceId=-1, source=0x101 }
D/InputEventConsistencyVerifier( 1016):   -- recent events --
D/InputEventConsistencyVerifier( 1016):   1: sent at 240035000000, MotionEvent { action=ACTION_UP, id[0]=0, x[0]=0.0, y[0]=618.0, toolType[0]=TOOL_TYPE_UNKNOWN, buttonState=0, metaState=0, flags=0x0, edgeFlags=0x0, pointerCount=1, historySize=0, eventTime=240035, downTime=240018, deviceId=0, source=0x1002 }
D/InputEventConsistencyVerifier( 1016):   2: sent at 240019000000, MotionEvent { action=ACTION_DOWN, id[0]=0, x[0]=1.0, y[0]=616.0, toolType[0]=TOOL_TYPE_UNKNOWN, buttonState=0, metaState=0, flags=0x0, edgeFlags=0x0, pointerCount=1, historySize=0, eventTime=240019, downTime=240018, deviceId=0, source=0x1002 }
D/InputEve