I/Choreographer( 1014): Skipped 34 frames!  The application may be doing too much work on its main thread.
E/WVMExtractor(   62): Failed to open libwvm.so
E/WVMExtractor(   62): Failed to open libwvm.so
I/Choreographer( 1014): Skipped 33 frames!  The application may be doing too much work on its main thread.
E/WVMExtractor(   62): Failed to open libwvm.so
I/Choreographer( 1014): Skipped 43 frames!  The application may be doing too much work on its main thread.
W/dalvikvm(  225): DroidBox: { "FdAccess": { "path": "2f70726f632f3232352f6e65742f78745f717461677569642f7374617473", "id": "44899902" } }
W/DroidBox(  225): DroidBox: { "FileRW": { "operation": "read", "data": "69647820696661636520616363745f7461675f686578207569645f7461675f696e7420636e745f7365742072785f62797465732072785f7061636b6574732074785f62797465732074785f7061636b6574732072785f7463705f62797465732072785f74", "id": "44899902" } }
W/dalvikvm(  225): DroidBox: { "FdAccess": { "path": "2f70726f632f3232352f6e65742f78745f717461677569642f7374617473", "id": "2057877676" } }
W/DroidBox(  225): DroidBox: { "FileRW": { "operation": "read", "data": "30203020302030203020302030203020302030203020300a300a300a300a300a300a30203020300a3020300a203020300a300a302030203020302030203020302030203020302030203020300a300a3020300a300a300a300a30203020300a3020300a20", "id": "2057877676" } }
W/dalvikvm(  225): DroidBox: { "FdAccess": { "path": "2f70726f632f3232352f6e65742f78745f717461677569642f69666163655f737461745f666d74", "id": "1437812745" } }
W/DroidBox(  225): DroidBox: { "FileRW": { "operation": "read", "data": "69666e616d6520746f74616c5f736b625f72785f627974657320746f74616c5f736b625f72785f7061636b65747320746f74616c5f736b625f74785f627974657320746f74616c5f736b625f74785f7061636b6574732072785f7463705f627974657320", "id": "1437812745" } }
W/dalvikvm(  225): DroidBox: { "FdAccess": { "path": "2f70726f632f3232352f6e65742f78745f717461677569642f69666163655f737461745f666d74", "id": "230635984" } }
W/DroidBox(  225): DroidBox: { "FileRW": { "operation": "read", "data": "30203020302030203020302030203020302030203020300a300a300a300a300a20300a353320373620353620310a6c6f20302030203020302030203020302030203020302030203020302030203020300a203020300a2030203020300a203020300a3020", "id": "230635984" } }
I/Choreographer( 1014): Skipped 90 frames!  The application may be doing too much work on its main thread.
W/dalvikvm(  225): DroidBox: { "FdAccess": { "path": "2f70726f632f3232352f6e65742f78745f717461677569642f69666163655f737461745f616c6c", "id": "1989860143" } }
W/DroidBox(  225): DroidBox: { "FileRW": { "operation": "read", "data": "6574683020312030203020302030203230383039303820333632382035333431353020323731370a6c6f20312030203020302030203336333620353120333633362035310a00000000000000000000000000000000000000000000000000000000000000", "id": "1989860143" } }
W/dalvikvm(  225): DroidBox: { "FdAccess": { "path": "2f70726f632f3232352f6e65742f78745f717461677569642f69666163655f737461745f616c6c", "id": "1680621767" } }
W/DroidBox(  225): DroidBox: { "FileRW": { "operation": "read", "data": "35310a362035310a35310a362035310a310a310a310a310a310a35310a362035310a3633362035310a362035310a333633362035310a310a310a310a310a310a362035310a00000000000000000000000000000000000000000000000000000000000000", "id": "1680621767" } }
I/Choreographer( 1014): Skipped 51 frames!  The application may be doing too much work on its main thread.
I/Choreographer( 1014): Skipped 33 frames!  The application may be doing too much work on its main thread.
E/WVMExtractor(   62): Failed to open libwvm.so
I/Choreographer( 1014): Skipped 34 frames!  The application may be doing too much work on its main thread.
I/Choreographer( 1014): Skipped 36 frames!  The application may be doing too much work on its main thread.
E/WVMExtractor(   62): Failed to open libwvm.so
E/WVMExtractor(   62): Failed to open libwvm.so
E/WVMExtractor(   62): Failed to open libwvm.so
I/Choreographer( 1014): Skipped 33 frames!  The application may be doing too much work on its main thread.
I/Choreographer( 1014): Skipped 37 frames!  The application may be doing too much work on its main thread.
E/WVMExtractor(   62): Failed to open libwvm.so
E/WVMExtractor(   62): Failed to open libwvm.so
E/WVMExtractor(   62): Failed to open libwvm.so
D/InputEventConsistencyVerifier( 1014): KeyEvent: ACTION_UP but key was not down.
D/InputEventConsistencyVerifier( 1014):   in com.android.internal.view.menu.IconMenuItemView@b3eb3da8
D/InputEventConsistencyVerifier( 1014):   0: sent at 185407000000, KeyEvent { action=ACTION_UP, keyCode=KEYCODE_DPAD_RIGHT, scanCode=0, metaState=0, flags=0x8, repeatCount=0, eventTime=185407, downTime=185407, deviceId=-1, source=0x101 }
D/InputEventConsistencyVerifier( 1014):   -- recent events --
D/InputEventConsistencyVerifier( 1014):   1: sent at 168925000000, MotionEvent { action=ACTION_UP, id[0]=0, x[0]=97.0, y[0]=-1.3333435, toolType[0]=TOOL_TYPE_UNKNOWN, buttonState=0, metaState=0, flags=0x0, edgeFlags=0x0, pointerCount=1, historySize=0, eventTime=168925, downTime=168849, deviceId=0, source=0x1002 }
D/InputEventConsistencyVerifier( 1014):   2: sent at 168849000000, MotionEvent { action=ACTION_DOWN, id[0]=0, x[0]=97.66667, y[0]=3.3333435, toolType[0]=TOOL_TYPE_UNKNOWN, buttonState=0, metaState=0, flags=0x0, edgeFlags=0x0, pointerCount=1, historySize=0, eventTime=168849, downTime=168849, deviceId=0, source=0x1002 }
D/InputEventConsistencyVerifier( 1014):   3: sent at 156761000000, (unhandled) KeyEvent { action=ACTION_DOWN, keyCode=KEYCODE_DPAD_LEFT, scanCode=0, metaState=0, flags=0x8, repeatCount=0, eventTime=156761, downTime=156761, deviceId=-1, source=0x101 }
D/InputEventConsistencyVerifier( 1014):   4: sent at 156754000000, (unhandled) KeyEvent { action=ACTION_UP, keyCode=KEYCODE_NUMPAD_COMMA, scanCode=0, metaState=0, flags=0x8, repeatCount=0, eventTime=156754, downTime=156754, deviceId=-1, source=0x101 }
D/InputEventConsistencyVerifier( 1014):   5: sent at 156503000000, (unhandled) KeyEvent { action=ACTION_DOWN, keyCode=KEYCODE_NUMPAD_COMMA, scanCode=0, metaState=0, flags=0x8, repeatCount=0, eventTime=156503, downTime=156503, deviceId=-1, source=0x101 }
I/Choreographer( 1014): Skipped 107 frames!  The application may be doing too much work on its main thread.
E/WVMExtractor(   62): Failed to open libwvm.so
I/Choreographer( 1014): Skipped 87 frames!  The application may be doing too much work on its main thread.
E/WVMExtractor(   62): Failed to open libwvm.so
D/InputEventConsistencyVerifier( 1014): KeyEvent: ACTION_UP but key was not down.
D/InputEventConsistencyVerifier( 1014):   in com.android.internal.policy.impl.PhoneWindow$DecorView@b3f14b78
D/InputEventConsistencyVerifier( 1014):   0: sent at 186008000000, KeyEvent { action=ACTION_UP, keyCode=KEYCODE_DPAD_LEFT, scanCode=0, metaState=0, flags=0x8, repeatCount=0, eventTime=186008, downTime=186008, deviceId=-1, source=0x101 }
D/InputEventConsistencyVerifier( 1014):   -- recent events --
D/InputEventConsistencyVerifier( 1014):   1: sent at 185944000000, (unhandled) MotionEvent { action=ACTION_UP, id[0]=0, x[0]=224.66667, y[0]=-296.0, toolType[0]=TOOL_TYPE_UNKNOWN, buttonState=0, metaState=0, flags=0x0, edgeFlags=0x0, pointerCount=1, historySize=0, eventTime=185944, downTime=185937, deviceId=0, source=0x1002 }
D/InputEventConsistencyVerifier( 1014):   2: sent at 185937000000, MotionEvent { action=ACTION_DOWN, id[0]=0, x[0]=228.66667, y[0]=-282.0, toolType[0]=TOOL_TYPE_UNKNOWN, buttonState=0, metaState=0, flags=0x0, edgeFlags=0x0, pointerCount=1, historySize=0, eventTime=185937, downTime=185937, deviceId=0, source=0x1002 }
D/InputEventConsistencyVerifier( 1014):   3: sent at 185902000000, (unhandled) KeyEvent { action=ACTION_UP, keyCode=KEYCODE_MEDIA_RECORD, scanCode=0, metaState=0, flags=0x8, repeatCount=0, eventTime=185902, downTime=185902, deviceId=-1, source=0x101 }
D/InputEventConsistencyVerifier( 1014):   4: sent at 185755000000, (unhandled) KeyEvent { action=ACTION_DOWN, keyCode=KEYCODE_MEDIA_RECORD, scanCode=0, metaState=0, flags=0x8, repeatCount=0, eventTime=185755, downTime=185755, deviceId=-1, source=0x101 }
D/InputEventConsistencyVerifier( 1014):   5: sent at 185867000000, (unhandled) KeyEvent { action=ACTION_UP, keyCode=KEYCODE_DPAD_DOWN, scanCode=0, metaState=0, flags=0x400, repeatCount=0, eventTime=185867, downTime=185867, deviceId=-1, source=0x101 }
D/InputEventConsistencyVerifier( 1014): KeyEvent: ACTION_UP but key was not down.
D/InputEventConsistencyVerifier( 1014):   in android.view.ViewRootImpl@b40661d0
D/InputEventConsistencyVerifier( 1014):   0: sent at 186600000000, KeyEvent { action=ACTION_UP, keyCode=KEYCODE_DPAD_UP, scanCode=0, metaState=0, flags=0x8, repeatCount=0, eventTime=186600, downTime=186600, deviceId=-1, source=0x101 }
D/InputEventConsistencyVerifier( 1014):   -- recent events --
D/InputEventConsistencyVerifier( 1014):   1: sent at 183492000000, KeyEvent { action=ACTION_UP, keyCode=KEYCODE_MENU, scanCode=0, metaState=0, flags=0x8, repeatCount=0, eventTime=183492, downTime=183492, deviceId=-1, source=0x101 }
D/InputEventConsistencyVerifier( 1014):   2: sent at 181595000000, KeyEvent { action=ACTION_DOWN, keyCode=KEYCODE_MENU, scanCode=0, metaState=0, flags=0x8, repeatCount=0, eventTime=181595, downTime=181595, deviceId=-1, source=0x101 }
D/InputEventConsistencyVerifier( 1014):   3: sent at 183460000000, KeyEvent { action=ACTION_UP, keyCode=KEYCODE_DPAD_UP, scanCode=0, metaState=0, flags=0x400, repeatCount=0, eventTime=183460, downTime=183460, deviceId=-1, source=0x101 }
D/InputEventConsistencyVerifier( 1014):   4: sent at 183460000000, KeyEvent { action=ACTION_DOWN, keyCode=KEYCODE_DPAD_UP, scanCode=0, metaState=0, flags=0x400, repeatCount=0, eventTime=183460, downTime=183460, deviceId=-1, source=0x101 }
D/InputEventConsistencyVerifier( 1014):   5: sent at 183460000000, KeyEvent { action=ACTION_UP, keyCode=KEYCODE_DPAD_UP, scanCode=0, metaState=0, flags=0x400, repeatCount=0, eventTime=183460, downTime=183460, deviceId=-1, source=0x101 }
I/Choreographer( 1014): Skipped 75 frames!  The application may be doing too much work on its main thread.
W/InputMethodManagerService(  225): Window already focused, ignoring focus gain of: com.android.internal.view.IInputMethodClient$Stub$Proxy@b3f6de88 attribute=android.view.inputmethod.EditorInfo@b3f6dea0
D/InputEventConsistencyVerifier( 1014): KeyEvent: ACTION_UP but key was not down.
D/InputEventConsistencyVerifier( 1014):   in com.android.internal.policy.impl.PhoneWindow$DecorView@b3f17198
D/InputEventConsistencyVerifier( 1014):   0: sent at 186943000000, KeyEvent { action=ACTION_UP, keyCode=KEYCODE_DPAD_CENTER, scanCode=0, metaState=0, flags=0x8, repeatCount=0, eventTime=186943, downTime=186943, deviceId=-1, source=0x101 }
D/InputEventConsistencyVerifier( 1014):   -- recent events --
D/InputEventConsistencyVerifier( 1014):   1: sent at 186650000000, MotionEvent { action=ACTION_UP, id[0]=0, x[0]=284.6667, y[0]=180.0, toolType[0]=TOOL_TYPE_UNKNOWN, buttonState=0, metaState=0, flags=0x0, edgeFlags=0x0, pointerCount=1, historySize=0, eventTime=186650, downTime=186642, deviceId=0, source=0x1002 }
D/InputEventConsistencyVerifier( 1014):   2: sent at 186643000000, MotionEvent { action=ACTION_DOWN, id[0]=0, x[0]=282.0, y[0]=181.33334, toolType[0]=TOOL_TYPE_UNKNOWN, buttonState=0, metaState=0, flags=0x0, edgeFlags=0x0, pointerCount=1, historySize=0, eventTime=186643, downTime=186642, deviceId=0, source=0x1002 }
D/InputEventConsistencyVerifier( 1014):   3: sent at 186600000000, (unhandled) KeyEvent { action=ACTION_UP, keyCode=KEYCODE_DPAD_UP, scanCode=0, metaState=0, flags=0x80000008, repeatCount=0, eventTime=186600, downTime=186600, deviceId=-1, source=0x101 }
D/InputEventConsistencyVerifier( 1014):   4: sent at 183492000000, (unhandled) KeyEvent { action=ACTION_UP, keyCode=KEYCODE_MENU, scanCode=0, metaState=0, flags=0x8, repeatCount=0, eventTime=183492, downTime=183492, deviceId=-1, source=0x101 }
D/InputEventConsistencyVerifier( 1014):   5: sent at 181595000000, (unhandled) KeyEvent { action=ACTION_DOWN, keyCode=KEYCODE_MENU, scanCode=0, metaState=0, flags=0x8, repeatCount=0, eventTime=181595, downTime=181595, deviceId=-1, source=0x101 }
D/InputEventConsistencyVerifier(  418): KeyEvent: ACTION_UP but key was not down.
D/InputEventConsistencyVerifier(  418):   in android.view.ViewRootImpl@b3efd860
D/InputEventConsistencyVerifier(  418):   0: sent at 187328000000, KeyEvent { action=ACTION_UP, keyCode=KEYCODE_DPAD_LEFT, scanCode=0, metaState=0, flags=0x8, repeatCount=0, eventTime=187328, downTime=187328, deviceId=-1, source=0x101 }
D/InputEventConsistencyVerifier(  418):   -- recent events --
D/InputEventConsistencyVerifier(  418):   1: sent at 187265000000, MotionEvent { action=ACTION_UP, id[0]=0, x[0]=436.0, y[0]=19.0, toolType[0]=TOOL_TYPE_UNKNOWN, buttonState=0, metaState=0, flags=0x0, edgeFlags=0x0, pointerCount=1, historySize=0, eventTime=187265, downTime=187260, deviceId=0, source=0x1002 }
D/InputEventConsistencyVerifier(  418):   2: sent at 187260000000, MotionEvent { action=ACTION_DOWN, id[0]=0, x[0]=437.0, y[0]=19.0, toolType[0]=TOOL_TYPE_UNKNOWN, buttonState=0, metaState=0, flags=0x0, edgeFlags=0x0, pointerCount=1, historySize=0, eventTime=187260, downTime=187260, deviceId=0, source=0x1002 }
D/InputEventConsistencyVerifier(  418):   3: sent at 177224000000, KeyEvent { action=ACTION_UP, keyCode=KEYCODE_DPAD_RIGHT, scanCode=0, metaState=0, flags=0x28, repeatCount=0, eventTime=177224, downTime=177193, deviceId=-1, source=0x101 }
D/InputEventConsistencyVerifier(  418):   4: sent at 177193000000, KeyEvent { action=ACTION_DOWN, keyCode=KEYCODE_DPAD_RIGHT, scanCode=0, metaState=0, flags=0x8, repeatCount=0, eventTime=177193, downTime=177193, deviceId=-1, source=0x101 }
D/InputEventConsistencyVerifier(  418):   5: sent at 177089000000, KeyEvent { action=ACTION_UP, keyCode=KEYCODE_DPAD_DOWN, scanCode=0, metaState=0, flags=0x8, repeatCount=0, eventTime=177089, downTime=177089, deviceId=-1, source=0x101 }
W/dalvikvm(  418): DroidBox: { "FdAccess": { "path": "2f70726f632f6d656d696e666f", "id": "90290773" } }
W/DroidBox(  418): DroidBox: { "FileRW": { "operation": "read", "data": "4d656d546f74616c3a202020202020202020373438393634206b420a4d656d467265653a20202020202020202020343334313336206b420a427566666572733a20202020202020202020202035363230206b420a4361636865643a202020202020202020", "id": "90290773" } }
I/Choreographer(  418): Skipped 50 frames!  The application may be doing too much work on its main thread.
I/Choreographer( 1014): Skipped 59 frames!  The application may be doing too much work on its main thread.
D/InputEventConsistencyVerifier(  418): KeyEvent: ACTION_UP but key was not down.
D/InputEventConsistencyVerifier(  418):   in com.android.systemui.statusbar.phone.StatusBarWindowView@b3e6d1d8
D/InputEventConsistencyVerifier(  418):   0: sent at 187496000000, KeyEvent { action=ACTION_UP, keyCode=KEYCODE_DPAD_LEFT, scanCode=0, metaState=0, flags=0x400, repeatCount=0, eventTime=187496, downTime=187496, deviceId=-1, source=0x101 }
D/InputEventConsistencyVerifier(  418):   -- recent events --
D/InputEventConsistencyVerifier(  418):   1: sent at 187450000000, (unhandled) MotionEvent { action=ACTION_MOVE, id[0]=0, x[0]=-3.0, y[0]=-1.0, toolType[0]=TOOL_TYPE_UNKNOWN, buttonState=0, metaState=0, flags=0x0, edgeFlags=0x0, pointerCount=1, historySize=9, eventTime=187450, downTime=-1, deviceId=0, source=0x10004 }
D/InputEventConsistencyVerifier(  418):   2: sent at 187328000000, (unhandled) KeyEvent { action=ACTION_UP, keyCode=KEYCODE_DPAD_LEFT, scanCode=0, metaState=0, flags=0x80000008, repeatCount=0, eventTime=187328, downTime=187328, deviceId=-1, source=0x101 }
D/InputEventConsistencyVerifier(  418):   3: sent at 187265000000, MotionEvent { action=ACTION_UP, id[0]=0, x[0]=436.0, y[0]=19.0, toolType[0]=TOOL_TYPE_UNKNOWN, buttonState=0, metaState=0, flags=0x0, edgeFlags=0x0, pointerCount=1, historySize=0, eventTime=187265, downTime=187260, deviceId=0, source=0x1002 }
D/InputEventConsistencyVerifier(  418):   4: sent at 187260000000, MotionEvent { action=ACTION_DOWN, id[0]=0, x[0]=437.0, y[0]=19.0, toolType[0]=TOOL_TYPE_UNKNOWN, buttonState=0, metaState=0, flags=0x0, edgeFlags=0x0, pointerCount=1, historySize=0, eventTime=187260, downTime=187260, deviceId=0, source=0x1002 }
D/InputEventConsistencyVerifier(  418):   5: sent at 177224000000, (unhandled) KeyEvent { action=ACTION_UP, keyCode=KEYCODE_DPAD_RIGHT, scanCode=0, metaState=0, flags=0x28, repeatCount=0, eventTime=177224, downTime=177193, deviceId=-1, source=0x101 }
D/InputEventConsistencyVerifier(  418): TouchEvent: ACTION_DOWN but pointers are already down.  Probably missing ACTION_UP from previous gesture.
D/InputEventConsistencyVerifier(  418):   in android.view.ScaleGestureDetector@b3f0ba40
D/InputEventConsistencyVerifier(  418):   0: sent at 187612000000, MotionEvent { action=ACTION_DOWN, id[0]=0, x[0]=442.0, y[0]=618.0, toolType[0]=TOOL_TYPE_UNKNOWN, buttonState=0, metaState=0, flags=0x0, edgeFlags=0x0, pointerCount=1, historySize=0, eventTime=187612, downTime=187612, deviceId=0, source=0x1002 }
D/InputEventConsistencyVerifier(  418):   -- recent events --
D/InputEventConsistencyVerifier(  418):   1: sent at 187596000000, MotionEvent { action=ACTION_DOWN, id[0]=0, x[0]=402.0, y[0]=181.0, toolType[0]=TOOL_TYPE_UNKNOWN, buttonState=0, metaState=0, flags=0x0, edgeFlags=0x0, pointerCount=1, historySize=0, eventTime=187596, downTime=187595, deviceId=0, source=0x1002 }
D/InputEventConsistencyVerifier(  418):   2: sent at 187265000000, MotionEvent { action=ACTION_UP, id[0]=0, x[0]=436.0, y[0]=19.0, toolType[0]=TOOL_TYPE_UNKNOWN, buttonState=0, metaState=0, flags=0x0, edgeFlags=0x0, pointerCount=1, historySize=0, eventTime=187265, downTime=187260, deviceId=0, source=0x1002 }
D/InputEventConsistencyVerifier(  418):   3: sent at 187260000000, MotionEvent { action=ACTION_DOWN, id[0]=0, x[0]=437.0, y[0]=19.0, toolType[0]=TOOL_TYPE_UNKNOWN, buttonState=0, metaState=0, flags=0x0, edgeFlags=0x0, pointerCount=1, historySize=0, eventTime=187260, downTime=187260, deviceId=0, source=0x1002 }
D/InputEventConsistencyVerifier(  418):   4: sent at 176794000000, MotionEvent { action=ACTION_UP, id[0]=0, x[0]=86.0, y[0]=5.0, toolType[0]=TOOL_TYPE_UNKNOWN, buttonState=0, metaState=0, flags=0x0, edgeFlags=0x0, pointerCount=1, historySize=0, eventTime=176794, downTime=176789, deviceId=0, source=0x1002 }
D/InputEventConsistencyVerifier(  418):   5: sent at 176789000000, MotionEvent { action=ACTION_DOWN, id[0]=0, x[0]=78.0, y[0]=13.0, toolType[0]=TOOL_TYPE_UNKNOWN, buttonState=0, metaState=0, flags=0x80000000, edgeFlags=0x0, pointerCount=1, historySize=0, eventTime=176789, downTime=176789, deviceId=0, source=0x1002 }
I/Choreographer( 1014): Skipped 49 frames!  The application may be doing too much work on its main thread.
D/PhoneStatusBar(  418): disable: < expand icons alerts TICKER* system_info back home recent clock >
V/PhoneStatusBar(  418): setLightsOn(true)
I/Choreographer(  418): Skipped 61 frames!  The application may be doing too much work on its main thread.
W/dalvikvm(  418): DroidBox: { "FdAccess": { "path": "2f70726f632f6d656d696e666f", "id": "338238493" } }
W/DroidBox(  418): DroidBox: { "FileRW": { "operation": "read", "data": "4d656d546f74616c3a202020202020202020373438393634206b420a4d656d467265653a20202020202020202020343333383838206b420a427566666572733a20202020202020202020202035363230206b420a4361636865643a202020202020202020", "id": "338238493" } }
I/ActivityManager(  225): START {act=android.intent.action.MAIN cat=[android.intent.category.LAUNCHER] flg=0x10000000 cmp=com.android.calendar/.AllInOneActivity sel={act=android.intent.action.MAIN cat=[android.intent.category.APP_CALENDAR]} u=0} from pid 225
D/InputEventConsistencyVerifier(  418): KeyEvent: ACTION_UP but key was not down.
D/InputEventConsistencyVerifier(  418):   in android.view.ViewRootImpl@b3efd860
D/InputEventConsistencyVerifier(  418):   0: sent at 188060000000, KeyEvent { action=ACTION_UP, keyCode=KEYCODE_CALENDAR, scanCode=0, metaState=0, flags=0x8, repeatCount=0, eventTime=188060, downTime=188060, deviceId=-1, source=0x101 }
D/InputEventConsistencyVerifier(  418):   -- recent events --
D/InputEventConsistencyVerifier(  418):   1: sent at 187704000000, KeyEvent { action=ACTION_UP, keyCode=KEYCODE_NUMPAD_MULTIPLY, scanCode=0, metaState=0, flags=0x8, repeatCount=0, eventTime=187704, downTime=187704, deviceId=-1, source=0x101 }
D/InputEventConsistencyVerifier(  418):   2: sent at 187630000000, KeyEvent { action=ACTION_DOWN, keyCode=KEYCODE_NUMPAD_MULTIPLY, scanCode=0, metaState=0, flags=0x8, repeatCount=0, eventTime=187630, downTime=187630, deviceId=-1, source=0x101 }
D/InputEventConsistencyVerifier(  418):   3: sent at 187625000000, MotionEvent { action=ACTION_UP, id[0]=0, x[0]=454.0, y[0]=618.0, toolType[0]=TOOL_TYPE_UNKNOWN, buttonState=0, metaState=0, flags=0x0, edgeFlags=0x0, pointerCount=1, historySize=0, eventTime=187625, downTime=187612, deviceId=0, source=0x1002 }
D/InputEventConsistencyVerifier(  418):   4: sent at 187612000000, MotionEvent { action=ACTION_DOWN, id[0]=0, x[0]=442.0, y[0]=618.0, toolType[0]=TOOL_TYPE_UNKNOWN, buttonState=0, metaState=0, flags=0x0, edgeFlags=0x0, pointerCount=1, historySize=0, eventTime=187612, downTime=187612, deviceId=0, source=0x1002 }
D/InputEventConsistencyVerifier(  418):   5: sent at 187604000000, MotionEvent { action=ACTION_UP, id[0]=0, x[0]=385.0, y[0]=166.0, toolType[0]=TOOL_TYPE_UNKNOWN, buttonState=0, metaState=0, flags=0x0, edgeFlags=0x0, pointerCount=1, historySize=0, eventTime=187604, downTime=187595, deviceId=0, source=0x1002 }
D/InputEventConsistencyVerifier(  418): KeyEvent: ACTION_UP but key was not down.
D/InputEventConsistencyVerifier(  418):   in com.android.systemui.statusbar.phone.PhoneStatusBarView@b3e6f170
D/InputEventConsistencyVerifier(  418):   0: sent at 188203000000, KeyEvent { action=ACTION_UP, keyCode=KEYCODE_BUTTON_3, scanCode=0, metaState=0, flags=0x8, repeatCount=0, eventTime=188203, downTime=188203, deviceId=-1, source=0x101 }
D/InputEventConsistencyVerifier(  418):   -- recent events --
D/InputEventConsistencyVerifier(  418):   1: sent at 187704000000, (unhandled) KeyEvent { action=ACTION_UP, keyCode=KEYCODE_NUMPAD_MULTIPLY, scanCode=0, metaState=0, flags=0x8, repeatCount=0, eventTime=187704, downTime=187704, deviceId=-1, source=0x101 }
D/InputEventConsistencyVerifier(  418):   2: sent at 187630000000, (unhandled) KeyEvent { action=ACTION_DOWN, keyCode=KEYCODE_NUMPAD_MULTIPLY, scanCode=0, metaState=0, flags=0x8, repeatCount=0, eventTime=187630, downTime=187630, deviceId=-1, source=0x101 }
D/InputEventConsistencyVerifier(  418):   3: sent at 187499000000, (unhandled) KeyEvent { action=ACTION_UP, keyCode=KEYCODE_DPAD_CENTER, scanCode=0, metaState=0, flags=0x8, repeatCount=0, eventTime=187499, downTime=187499, deviceId=-1, source=0x101 }
D/InputEventConsistencyVerifier(  418):   4: sent at 187461000000, (unhandled) KeyEvent { action=ACTION_DOWN, keyCode=KEYCODE_DPAD_CENTER, scanCode=0, metaState=0, flags=0x8, repeatCount=0, eventTime=187461, downTime=187461, deviceId=-1, source=0x101 }
D/InputEventConsistencyVerifier(  418):   5: sent at 187496000000, (unhandled) KeyEvent { action=ACTION_UP, keyCode=KEYCODE_DPAD_LEFT, scanCode=0, metaState=0, flags=0x400, repeatCount=0, eventTime=187496, downTime=187496, deviceId=-1, source=0x101 }
D/InputEventConsistencyVerifier(  418): TouchEvent: ACTION_DOWN but pointers are already down.  Probably missing ACTION_UP from previous gesture.
D/InputEventConsistencyVerifier(  418):   in android.view.ScaleGestureDetector@b3f0ba40
D/InputEventConsistencyVerifier(  418):   0: sent at 188215000000, MotionEvent { action=ACTION_DOWN, id[0]=0, x[0]=389.0, y[0]=212.0, toolType[0]=TOOL_TYPE_UNKNOWN, buttonState=0, metaState=0, flags=0x0, edgeFlags=0x0, pointerCount=1, historySize=0, eventTime=188215, downTime=188215, deviceId=0, source=0x1002 }
D/InputEventConsistencyVerifier(  418):   -- recent events --
D/InputEventConsistencyVerifier(  418):   1: sent at 187612000000, MotionEvent { action=ACTION_DOWN, id[0]=0, x[0]=442.0, y[0]=618.0, toolType[0]=TOOL_TYPE_UNKNOWN, buttonState=0, metaState=0, flags=0x80000000, edgeFlags=0x0, pointerCount=1, historySize=0, eventTime=187612, downTime=187612, deviceId=0, source=0x1002 }
D/InputEventConsistencyVerifier(  418):   2: sent at 187596000000, MotionEvent { action=ACTION_DOWN, id[0]=0, x[0]=402.0, y[0]=181.0, toolType[0]=TOOL_TYPE_UNKNOWN, buttonState=0, metaState=0, flags=0x0, edgeFlags=0x0, pointerCount=1, historySize=0, eventTime=187596, downTime=187595, deviceId=0, source=0x1002 }
D/InputEventConsistencyVerifier(  418):   3: sent at 187265000000, MotionEvent { action=ACTION_UP, id[0]=0, x[0]=436.0, y[0]=19.0, toolType[0]=TOOL_TYPE_UNKNOWN, buttonState=0, metaState=0, flags=0x0, edgeFlags=0x0, pointerCount=1, historySize=0, eventTime=187265, downTime=187260, deviceId=0, source=0x1002 }
D/InputEventConsistencyVerifier(  418):   4: sent at 187260000000, MotionEvent { action=ACTION_DOWN, id[0]=0, x[0]=437.0, y[0]=19.0, toolType[0]=TOOL_TYPE_UNKNOWN, buttonState=0, metaState=0, flags=0x0, edgeFlags=0x0, pointerCount=1, historySize=0, eventTime=187260, downTime=187260, deviceId=0, source=0x1002 }
D/InputEventConsistencyVerifier(  418):   5: sent at 176794000000, MotionEvent { action=ACTION_UP, id[0]=0, x[0]=86.0, y[0]=5.0, toolType[0]=TOOL_TYPE_UNKNOWN, buttonState=0, metaState=0, flags=0x0, edgeFlags=0x0, pointerCount=1, historySize=0, eventTime=176794, downTime=176789, deviceId=0, source=0x1002 }
D/InputEventConsistencyVerifier(  418): KeyEvent: ACTION_UP but key was not down.
D/InputEventConsistencyVerifier(  418):   in com.android.systemui.statusbar.phone.StatusBarWindowView@b3e6d1d8
D/InputEventConsistencyVerifier(  418):   0: sent at 188203000000, KeyEvent { action=ACTION_UP, keyCode=KEYCODE_DPAD_CENTER, scanCode=0, metaState=0, flags=0x8, repeatCount=0, eventTime=188203, downTime=188203, deviceId=-1, source=0x101 }
D/InputEventConsistencyVerifier(  418):   -- recent events --
D/InputEventConsistencyVerifier(  418):   1: sent at 188215000000, MotionEvent { action=ACTION_DOWN, id[0]=0, x[0]=389.0, y[0]=212.0, toolType[0]=TOOL_TYPE_UNKNOWN, buttonState=0, metaState=0, flags=0x0, edgeFlags=0x0, pointerCount=1, historySize=0, eventTime=188215, downTime=188215, deviceId=0, source=0x1002 }
D/InputEventConsistencyVerifier(  418):   2: sent at 188203000000, (unhandled) KeyEvent { action=ACTION_UP, keyCode=KEYCODE_BUTTON_3, scanCode=0, metaState=0, flags=0x8, repeatCount=0, eventTime=188203, downTime=188203, deviceId=-1, source=0x101 }
D/InputEventConsistencyVerifier(  418):   3: sent at 188064000000, (unhandled) KeyEvent { action=ACTION_DOWN, keyCode=KEYCODE_BUTTON_3, scanCode=0, metaState=0, flags=0x8, repeatCount=0, eventTime=188064, downTime=188064, deviceId=-1, source=0x101 }
D/InputEventConsistencyVerifier(  418):   4: sent at 188060000000, (unhandled) KeyEvent { action=ACTION_UP, keyCode=KEYCODE_CALENDAR, scanCode=0, metaState=0, flags=0x80000008, repeatCount=0, eventTime=188060, downTime=188060, deviceId=-1, source=0x101 }
D/InputEventConsistencyVerifier(  418):   5: sent at 187704000000, (unhandled) KeyEvent { action=ACTION_UP, keyCode=KEYCODE_NUMPAD_MULTIPLY, scanCode=0, metaState=0, flags=0x8, repeatCount=0, eventTime=187704, downTime=187704, deviceId=-1, source=0x101 }
I/Choreographer(  418): Skipped 72 frames!  The application may be doing too much work on its main thread.
W/BackupManagerService(  225): dataChanged but no participant pkg='com.android.providers.settings' uid=10011
V/PhoneStatusBar(  418): setLightsOn(true)
D/PhoneStatusBar(  418): disable: < expand icons alerts ticker* system_info back home recent clock >
D/InputEventConsistencyVerifier( 1014): KeyEvent: ACTION_UP but key was not down.
D/InputEventConsistencyVerifier( 1014):   in com.android.internal.policy.impl.PhoneWindow$DecorView@b3f14b78
D/InputEventConsistencyVerifier( 1014):   0: sent at 188315000000, KeyEvent { action=ACTION_UP, keyCode=KEYCODE_DPAD_UP, scanCode=0, metaState=0, flags=0x8, repeatCount=0, eventTime=188315, downTime=188315, deviceId=-1, source=0x101 }
D/InputEventConsistencyVerifier( 1014):   -- recent events --
D/InputEventConsistencyVerifier( 1014):   1: sent at 187367000000, (unhandled) KeyEvent { action=ACTION_UP, keyCode=KEYCODE_DPAD_LEFT, scanCode=0, metaState=0, flags=0x28, repeatCount=0, eventTime=187367, downTime=187271, deviceId=-1, source=0x101 }
D/InputEventConsistencyVerifier( 1014):   2: sent at 187271000000, (unhandled) KeyEvent { action=ACTION_DOWN, keyCode=KEYCODE_DPAD_LEFT, scanCode=0, metaState=0, flags=0x8, repeatCount=0, eventTime=187271, downTime=187271, deviceId=-1, source=0x101 }
D/InputEventConsistencyVerifier( 1014):   3: sent at 186091000000, (unhandled) MotionEvent { action=ACTION_UP, id[0]=0, x[0]=46.666668, y[0]=-94.66666, toolType[0]=TOOL_TYPE_UNKNOWN, buttonState=0, metaState=0, flags=0x0, edgeFlags=0x0, pointerCount=1, historySize=0, eventTime=186091, downTime=186085, deviceId=0, source=0x1002 }
D/InputEventConsistencyVerifier( 1014):   4: sent at 186086000000, MotionEvent { action=ACTION_DOWN, id[0]=0, x[0]=59.333336, y[0]=-98.0, toolType[0]=TOOL_TYPE_UNKNOWN, buttonState=0, metaState=0, flags=0x0, edgeFlags=0x0, pointerCount=1, historySize=0, eventTime=186086, downTime=186085, deviceId=0, source=0x1002 }
D/InputEventConsistencyVerifier( 1014):   5: sent at 186008000000, (unhandled) KeyEvent { action=ACTION_UP, keyCode=KEYCODE_DPAD_LEFT, scanCode=0, metaState=0, flags=0x80000008, repeatCount=0, eventTime=186008, downTime=186008, deviceId=-1, source=0x101 }
I/Choreographer( 1014): Skipped 38 frames!  The application may be doing too much work on its main thread.
E/WVMExtractor(   62): Failed to open libwvm.so
I/ActivityManager(  225): START {act=android.intent.action.MAIN cat=[android.intent.category.LAUNCHER] flg=0x10200000 cmp=com.keji.danti428/com.keji.danti.MainA u=0} from pid 976
D/InputEventConsistencyVerifier( 1014): KeyEvent: ACTION_UP but key was not down.
D/InputEventConsistencyVerifier( 1014):   in com.android.internal.policy.impl.PhoneWindow$DecorView@b3f14b78
D/InputEventConsistencyVerifier( 1014):   0: sent at 188591000000, KeyEvent { action=ACTION_UP, keyCode=KEYCODE_DPAD_DOWN, scanCode=0, metaState=0, flags=0x8, repeatCount=0, eventTime=188591, downTime=188591, deviceId=-1, source=0x101 }
D/InputEventConsistencyVerifier( 1014):   -- recent events --
D/InputEventConsistencyVerifier( 1014):   1: sent at 188500000000, (unhandled) MotionEvent { action=ACTION_UP, id[0]=0, x[0]=241.33334, y[0]=-88.0, toolType[0]=TOOL_TYPE_UNKNOWN, buttonState=0, metaState=0, flags=0x0, edgeFlags=0x0, pointerCount=1, historySize=0, eventTime=188500, downTime=188491, deviceId=0, source=0x1002 }
D/InputEventConsistencyVerifier( 1014):   2: sent at 188493000000, MotionEvent { action=ACTION_DOWN, id[0]=0, x[0]=255.33334, y[0]=-85.33334, toolType[0]=TOOL_TYPE_UNKNOWN, buttonState=0, metaState=0, flags=0x0, edgeFlags=0x0, pointerCount=1, historySize=0, eventTime=188493, downTime=188491, deviceId=0, source=0x1002 }
D/InputEventConsistencyVerifier( 1014):   3: sent at 188462000000, (unhandled) KeyEvent { action=ACTION_UP, keyCode=KEYCODE_DPAD_UP, scanCode=0, metaState=0, flags=0x8, repeatCount=0, eventTime=188462, downTime=188462, deviceId=-1, source=0x101 }
D/InputEventConsistencyVerifier( 1014):   4: sent at 188450000000, (unhandled) KeyEvent { action=ACTION_DOWN, keyCode=KEYCODE_DPAD_UP, scanCode=0, metaState=0, flags=0x8, repeatCount=0, eventTime=188450, downTime=188450, deviceId=-1, source=0x101 }
D/InputEventConsistencyVerifier( 1014):   5: sent at 188443000000, (unhandled) KeyEvent { action=ACTION_UP, keyCode=KEYCODE_DPAD_DOWN, scanCode=0, metaState=0, flags=0x8, repeatCount=0, eventTime=188443, downTime=188443, deviceId=-1, source=0x101 }
I/Choreographer( 1014): Skipped 43 frames!  The application may be doing too much work on its main thread.
D/InputEventConsistencyVerifier( 1014): TrackballEvent: Trackball is down but pressure is not greater than 0.
D/InputEventConsistencyVerifier( 1014):   in android.view.ViewRootImpl@b41cfcb0
D/InputEventConsistencyVerifier( 1014):   0: sent at 188966000000, MotionEvent { action=ACTION_DOWN, id[0]=0, x[0]=0.0, y[0]=0.0, toolType[0]=TOOL_TYPE_UNKNOWN, buttonState=0, metaState=0, flags=0x0, edgeFlags=0x0, pointerCount=1, historySize=0, eventTime=188966, downTime=188942, deviceId=0, source=0x10004 }
D/InputEventConsistencyVerifier( 1014):   -- recent events --
D/InputEventConsistencyVerifier( 1014):   1: sent at 189198000000, KeyEvent { action=ACTION_UP, keyCode=KEYCODE_DPAD_DOWN, scanCode=0, metaState=0, flags=0x400, repeatCount=0, eventTime=189198, downTime=189198, deviceId=-1, source=0x101 }
D/InputEventConsistencyVerifier( 1014):   2: sent at 189198000000, KeyEvent { action=ACTION_DOWN, keyCode=KEYCODE_DPAD_DOWN, scanCode=0, metaState=0, flags=0x400, repeatCount=0, eventTime=189198, downTime=189198, deviceId=-1, source=0x101 }
D/InputEventConsistencyVerifier( 1014):   3: sent at 189196000000, KeyEvent { action=ACTION_UP, keyCode=KEYCODE_DPAD_DOWN, scanCode=0, metaState=0, flags=0x400, repeatCount=0, eventTime=189196, downTime=189196, deviceId=-1, source=0x101 }
D/InputEventConsistencyVerifier( 1014):   4: sent at 189196000000, KeyEvent { action=ACTION_DOWN, keyCode=KEYCODE_DPAD_DOWN, scanCode=0, metaState=0, flags=0x400, repeatCount=0, eventTime=189196, downTime=189196, deviceId=-1, source=0x101 }
D/InputEventConsistencyVerifier( 1014):   5: sent at 188964000000, MotionEvent { action=ACTION_MOVE, id[0]=0, x[0]=-2.0, y[0]=2.0, toolType[0]=TOOL_TYPE_UNKNOWN, buttonState=0, metaState=0, flags=0x0, edgeFlags=0x0, pointerCount=1, historySize=9, eventTime=188964, downTime=-1, deviceId=0, source=0x10004 }
E/WVMExtractor(   62): Failed to open libwvm.so
D/InputEventConsistencyVerifier( 1014): KeyEvent: ACTION_UP but key was not down.
D/InputEventConsistencyVerifier( 1014):   in android.view.ViewRootImpl@b4195950
D/InputEventConsistencyVerifier( 1014):   0: sent at 189268000000, KeyEvent { action=ACTION_UP, keyCode=KEYCODE_MENU, scanCode=0, metaState=0, flags=0x8, repeatCount=0, eventTime=189268, downTime=189268, deviceId=-1, source=0x101 }
I/Choreographer( 1014): Skipped 79 frames!  The application may be doing too much work on its main thread.
E/MetadataRetrieverClient(   62): failed to extract an album art
E/WVMExtractor(   62): Failed to open libwvm.so
D/InputEventConsistencyVerifier( 1014): KeyEvent: ACTION_UP but key was not down.
D/InputEventConsistencyVerifier( 1014):   in android.widget.FrameLayout@b40b94e0
D/InputEventConsistencyVerifier( 1014):   0: sent at 189491000000, KeyEvent { action=ACTION_UP, keyCode=KEYCODE_ALT_LEFT, scanCode=0, metaState=0, flags=0x8, repeatCount=0, eventTime=189491, downTime=189491, deviceId=-1, source=0x101 }
E/WVMExtractor(   62): Failed to open libwvm.so
I/Choreographer( 1014): Skipped 206 frames!  The application may be doing too much work on its main thread.
I/Choreographer( 1014): Skipped 116 frames!  The application may be doing too much work on its main thread.
I/Choreographer( 1014): Skipped 81 frames!  The application may be doing too much work on its main thread.
E/WVMExtractor(   62): Failed to open libwvm.so
I/Choreographer( 1014): Skipped 62 frames!  The application may be doing too much work on its main thread.
I/Choreographer( 1014): Skipped 32 frames!  The application may be doing too much work on its main thread.
D/InputEventConsistencyVerifier( 1014): KeyEvent: ACTION_UP but key was not down.
D/InputEventConsistencyVerifier( 1014):   in android.widget.LinearLayout@b40b7ec8
D/InputEventConsistencyVerifier( 1014):   0: sent at 192436000000, KeyEvent { action=ACTION_UP, keyCode=KEYCODE_DPAD_DOWN, scanCode=0, metaState=0, flags=0x400, repeatCount=0, eventTime=192436, downTime=192436, deviceId=-1, source=0x101 }
D/InputEventConsistencyVerifier( 1014): TrackballEvent: Trackball is down but pressure is not greater than 0.
D/InputEventConsistencyVerifier( 1014):   in android.view.ViewRootImpl@b4195950
D/InputEventConsistencyVerifier( 1014):   0: sent at 192419000000, MotionEvent { action=ACTION_DOWN, id[0]=0, x[0]=0.0, y[0]=0.0, toolType[0]=TOOL_TYPE_UNKNOWN, buttonState=0, metaState=0, flags=0x0, edgeFlags=0x0, pointerCount=1, historySize=0, eventTime=192419, downTime=192286, deviceId=0, source=0x10004 }
D/InputEventConsistencyVerifier( 1014):   -- recent events --
D/InputEventConsistencyVerifier( 1014):   1: sent at 192436000000, KeyEvent { action=ACTION_UP, keyCode=KEYCODE_DPAD_DOWN, scanCode=0, metaState=0, flags=0x400, repeatCount=0, eventTime=192436, downTime=192436, deviceId=-1, source=0x101 }
D/InputEventConsistencyVerifier( 1014):   2: sent at 192436000000, KeyEvent { action=ACTION_DOWN, keyCode=KEYCODE_DPAD_DOWN, scanCode=0, metaState=0, flags=0x400, repeatCount=0, eventTime=192436, downTime=192436, deviceId=-1, source=0x101 }
D/InputEventConsistencyVerifier( 1014):   3: sent at 192435000000, KeyEvent { action=ACTION_UP, keyCode=KEYCODE_DPAD_DOWN, scanCode=0, metaState=0, flags=0x400, repeatCount=0, eventTime=192435, downTime=192435, deviceId=-1, source=0x101 }
D/InputEventConsistencyVerifier( 1014):   4: sent at 192435000000, KeyEvent { action=ACTION_DOWN, keyCode=KEYCODE_DPAD_DOWN, scanCode=0, metaState=0, flags=0x400, repeatCount=0, eventTime=192435, downTime=192435, deviceId=-1, source=0x101 }
D/InputEventConsistencyVerifier( 1014):   5: sent at 192434000000, KeyEvent { action=ACTION_UP, keyCode=KEYCODE_DPAD_DOWN, scanCode=0, metaState=0, flags=0x400, repeatCount=0, eventTime=192434, downTime=192434, deviceId=-1, source=0x101 }
E/WVMExtractor(   62): Failed to open libwvm.so
D/InputEventConsistencyVerifier( 1014): KeyEvent: ACTION_UP but key was not down.
D/InputEventConsistencyVerifier( 1014):   in com.android.internal.policy.impl.PhoneWindow$DecorView@b40dd6c0
D/InputEventConsistencyVerifier( 1014):   0: sent at 192689000000, KeyEvent { action=ACTION_UP, keyCode=KEYCODE_DPAD_LEFT, scanCode=0, metaState=0, flags=0x8, repeatCount=0, eventTime=192689, downTime=192689, deviceId=-1, source=0x101 }
D/InputEventConsistencyVerifier( 1014):   -- recent events --
D/InputEventConsistencyVerifier( 1014):   1: sent at 192571000000, (unhandled) MotionEvent { action=ACTION_UP, id[0]=0, x[0]=0.0, y[0]=362.0, toolType[0]=TOOL_TYPE_UNKNOWN, buttonState=0, metaState=0, flags=0x0, edgeFlags=0x0, pointerCount=1, historySize=0, eventTime=192571, downTime=192483, deviceId=0, source=0x1002 }
D/InputEventConsistencyVerifier( 1014):   2: sent at 192531000000, (unhandled) MotionEvent { action=ACTION_MOVE, id[0]=0, x[0]=3.3333335, y[0]=356.66666, toolType[0]=TOOL_TYPE_UNKNOWN, buttonState=0, metaState=0, flags=0x0, edgeFlags=0x0, pointerCount=1, historySize=2, eventTime=192531, downTime=192483, deviceId=0, source=0x1002 }
D/InputEventConsistencyVerifier( 1014):   3: sent at 192485000000, (unhandled) MotionEvent { action=ACTION_DOWN, id[0]=0, x[0]=5.3333335, y[0]=344.0, toolType[0]=TOOL_TYPE_UNKNOWN, buttonState=0, metaState=0, flags=0x0, edgeFlags=0x0, pointerCount=1, historySize=0, eventTime=192485, downTime=192483, deviceId=0, source=0x1002 }
D/InputEventConsistencyVerifier( 1014):   4: sent at 192470000000, MotionEvent { action=ACTION_UP, id[0]=0, x[0]=232.0, y[0]=144.00002, toolType[0]=TOOL_TYPE_UNKNOWN, buttonState=0, metaState=0, flags=0x0, edgeFlags=0x0, pointerCount=1, historySize=0, eventTime=192470, downTime=192465, deviceId=0, source=0x1002 }
D/InputEventConsistencyVerifier( 1014):   5: sent at 192465000000, MotionEvent { action=ACTION_DOWN, id[0]=0, x[0]=240.66667, y[0]=143.33334, toolType[0]=TOOL_TYPE_UNKNOWN, buttonState=0, metaState=0, flags=0x0, edgeFlags=0x0, pointerCount=1, historySize=0, eventTime=192465, downTime=192465, deviceId=0, source=0x1002 }
I/ActivityManager(  225): START {act=android.intent.action.SENDTO dat=smsto: cmp=com.android.mms/.ui.ComposeMessageActivity (has extras) u=0} from pid 1014
E/WVMExtractor(   62): Failed to open libwvm.so
I/Choreographer( 1014): Skipped 180 frames!  The application may be doing too much work on its main thread.
I/ActivityManager(  225): START {act=android.intent.action.SENDTO dat=smsto: cmp=com.android.mms/.ui.ComposeMessageActivity (has extras) u=0} from pid 1014
D/InputEventConsistencyVerifier( 1014): KeyEvent: ACTION_UP but key was not down.
D/InputEventConsistencyVerifier( 1014):   in android.view.ViewRootImpl@b40661d0
D/InputEventConsistencyVerifier( 1014):   0: sent at 193463000000, KeyEvent { action=ACTION_UP, keyCode=KEYCODE_BOOKMARK, scanCode=0, metaState=0, flags=0x8, repeatCount=0, eventTime=193463, downTime=193463, deviceId=-1, source=0x101 }
D/InputEventConsistencyVerifier( 1014):   -- recent events --
D/InputEventConsistencyVerifier( 1014):   1: sent at 188935000000, MotionEvent { action=ACTION_UP, id[0]=0, x[0]=307.0, y[0]=375.0, toolType[0]=TOOL_TYPE_UNKNOWN, buttonState=0, metaState=0, flags=0x0, edgeFlags=0x0, pointerCount=1, historySize=0, eventTime=188935, downTime=188927, deviceId=0, source=0x1002 }
D/InputEventConsistencyVerifier( 1014):   2: sent at 188929000000, MotionEvent { action=ACTION_DOWN, id[0]=0, x[0]=297.0, y[0]=375.0, toolType[0]=TOOL_TYPE_UNKNOWN, buttonState=0, metaState=0, flags=0x0, edgeFlags=0x0, pointerCount=1, historySize=0, eventTime=188929, downTime=188927, deviceId=0, source=0x1002 }
D/InputEventConsistencyVerifier( 1014):   3: sent at 187227000000, KeyEvent { action=ACTION_UP, keyCode=KEYCODE_MENU, scanCode=0, metaState=0, flags=0x8, repeatCount=0, eventTime=187227, downTime=187227, deviceId=-1, source=0x101 }
D/InputEventConsistencyVerifier( 1014):   4: sent at 187104000000, KeyEvent { action=ACTION_DOWN, keyCode=KEYCODE_MENU, scanCode=0, metaState=0, flags=0x8, repeatCount=0, eventTime=187104, downTime=187104, deviceId=-1, source=0x101 }
D/InputEventConsistencyVerifier( 1014):   5: sent at 186943000000, KeyEvent { action=ACTION_UP, keyCode=KEYCODE_DPAD_CENTER, scanCode=0, metaState=0, flags=0x8, repeatCount=0, eventTime=186943, downTime=186943, deviceId=-1, source=0x101 }
I/Choreographer( 1014): Skipped 81 frames!  The application may be doing too much work on its main thread.
W/InputMethodManagerService(  225): Window already focused, ignoring focus gain of: com.android.internal.view.IInputMethodClient$Stub$Proxy@b3ed00f0 attribute=null
E/WVMExtractor(   62): Failed to open libwvm.so
E/WVMExtractor(   62): Failed to open libwvm.so
E/WVMExtractor(   62): Failed to open libwvm.so
I/Choreographer( 1014): Skipped 44 frames!  The application may be doing too much work on its main thread.
E/WVMExtractor(   62): Failed to open libwvm.so
I/Choreographer( 1014): Skipped 54 frames!  The application may be doing too much work on its main thread.
E/WVMExtractor(   62): Failed to open libwvm.so
E/WVMExtractor(   62): Failed to open libwvm.so
I/Choreographer( 1014): Skipped 37 frames!  The application may be doing too much work on its main thread.
I/Choreographer( 1014): Skipped 35 frames!  The application may be doing too much work on its main thread.
I/Choreographer( 1014): Skipped 31 frames!  The application may be doing too much work on its main thread.
E/WVMExtractor(   62): Failed to open libwvm.so
I/Choreographer( 1014): Skipped 33 frames!  The application may be doing too much work on its main thread.
E/WVMExtractor(   62): Failed to open libwvm.so
E/WVMExtractor(   62): Failed to open libwvm.so
I/Choreographer( 1014): Skipped 37 frames!  The application may be doing too much work on its main thread.
E/WVMExtractor(   62): Failed to open libwvm.so
I/Choreographer( 1014): Skipped 83 frames!  The application may be doing too much work on its main thread.
E/WVMExtractor(   62): Failed to open libwvm.so
I/Choreographer( 1014): Skipped 69 frames!  The application may be doing too much work on its main thread.
D/InputEventConsistencyVerifier( 1014): KeyEvent: ACTION_UP but key was not down.
D/InputEventConsistencyVerifier( 1014):   in com.android.internal.policy.impl.PhoneWindow$DecorView@b3f14b78
D/InputEventConsistencyVerifier( 1014):   0: sent at 197407000000, KeyEvent { action=ACTION_UP, keyCode=KEYCODE_DPAD_LEFT, scanCode=0, metaState=0, flags=0x400, repeatCount=0, eventTime=197407, downTime=197407, deviceId=-1, source=0x101 }
D/InputEventConsistencyVerifier( 1014):   -- recent events --
D/InputEventConsistencyVerifier( 1014):   1: sent at 197211000000, (unhandled) MotionEvent { action=ACTION_MOVE, id[0]=0, x[0]=-4.0, y[0]=-2.0, toolType[0]=TOOL_TYPE_UNKNOWN, buttonState=0, metaState=0, flags=0x0, edgeFlags=0x0, pointerCount=1, historySize=9, eventTime=197211, downTime=-1, deviceId=0, source=0x10004 }
D/InputEventConsistencyVerifier( 1014):   2: sent at 197301000000, (unhandled) MotionEvent { action=ACTION_UP, id[0]=0, x[0]=131.33334, y[0]=-134.66666, toolType[0]=TOOL_TYPE_UNKNOWN, buttonState=0, metaState=0, flags=0x0, edgeFlags=0x0, pointerCount=1, historySize=0, eventTime=197301, downTime=197296, deviceId=0, source=0x1002 }
D/InputEventConsistencyVerifier( 1014):   3: sent at 197296000000, MotionEvent { action=ACTION_DOWN, id[0]=0, x[0]=131.33334, y[0]=-142.0, toolType[0]=TOOL_TYPE_UNKNOWN, buttonState=0, metaState=0, flags=0x0, edgeFlags=0x0, pointerCount=1, historySize=0, eventTime=197296, downTime=197296, deviceId=0, source=0x1002 }
D/InputEventConsistencyVerifier( 1014):   4: sent at 197279000000, (unhandled) MotionEvent { action=ACTION_UP, id[0]=0, x[0]=73.333336, y[0]=-422.0, toolType[0]=TOOL_TYPE_UNKNOWN, buttonState=0, metaState=0, flags=0x0, edgeFlags=0x0, pointerCount=1, historySize=0, eventTime=197279, downTime=197227, deviceId=0, source=0x1002 }
D/InputEventConsistencyVerifier( 1014):   5: sent at 197228000000, MotionEvent { action=ACTION_DOWN, id[0]=0, x[0]=76.0, y[0]=-424.6667, toolType[0]=TOOL_TYPE_UNKNOWN, buttonState=0, metaState=0, flags=0x0, edgeFlags=0x0, pointerCount=1, historySize=0, eventTime=197228, downTime=197227, deviceId=0, source=0x1002 }
E/WVMExtractor(   62): Failed to open libwvm.so
I/Choreographer(  225): Skipped 55 frames!  The application may be doing too much work on its main thread.
E/WVMExtractor(   62): Failed to open libwvm.so
D/InputEventConsistencyVerifier( 1014): KeyEvent: ACTION_UP but key was not down.
D/InputEventConsistencyVerifier( 1014):   in com.android.internal.policy.impl.PhoneWindow$DecorView@b3f14b78
D/InputEventConsistencyVerifier( 1014):   0: sent at 199204000000, KeyEvent { action=ACTION_UP, keyCode=KEYCODE_DPAD_CENTER, scanCode=0, metaState=0, flags=0x8, repeatCount=0, eventTime=199204, downTime=199204, deviceId=-1, source=0x101 }
D/InputEventConsistencyVerifier( 1014):   -- recent events --
D/InputEventConsistencyVerifier( 1014):   1: sent at 198984000000, (unhandled) KeyEvent { action=ACTION_UP, keyCode=KEYCODE_MENU, scanCode=0, metaState=0, flags=0x8, repeatCount=0, eventTime=198984, downTime=198984, deviceId=-1, source=0x101 }
D/InputEventConsistencyVerifier( 1014):   2: sent at 198738000000, (unhandled) KeyEvent { action=ACTION_DOWN, keyCode=KEYCODE_MENU, scanCode=0, metaState=0, flags=0x8, repeatCount=0, eventTime=198738, downTime=198738, deviceId=-1, source=0x101 }
D/InputEventConsistencyVerifier( 1014):   3: sent at 198699000000, (unhandled) MotionEvent { action=ACTION_UP, id[0]=0, x[0]=119.333336, y[0]=12.0, toolType[0]=TOOL_TYPE_UNKNOWN, buttonState=0, metaState=0, flags=0x0, edgeFlags=0x0, pointerCount=1, historySize=0, eventTime=198699, downTime=198687, deviceId=0, source=0x1002 }
D/InputEventConsistencyVerifier( 1014):   4: sent at 198688000000, MotionEvent { action=ACTION_DOWN, id[0]=0, x[0]=129.33334, y[0]=12.0, toolType[0]=TOOL_TYPE_UNKNOWN, buttonState=0, metaState=0, flags=0x0, edgeFlags=0x0, pointerCount=1, historySize=0, eventTime=198688, downTime=198687, deviceId=0, source=0x1002 }
D/InputEventConsistencyVerifier( 1014):   5: sent at 198076000000, (unhandled) KeyEvent { action=ACTION_UP, keyCode=KEYCODE_F11, scanCode=0, metaState=0, flags=0x8, repeatCount=0, eventTime=198076, downTime=198076, deviceId=-1, source=0x101 }
E/WVMExtractor(   62): Failed to open libwvm.so
I/Choreographer( 1014): Skipped 394 frames!  The application may be doing too much work on its main thread.
E/WVMExtractor(   62): Failed to open libwvm.so
D/InputEventConsistencyVerifier( 1014): KeyEvent: ACTION_UP but key was not down.
D/InputEventConsistencyVerifier( 1014):   in com.android.internal.policy.impl.PhoneWindow$DecorView@b3f14b78
D/InputEventConsistencyVerifier( 1014):   0: sent at 200017000000, KeyEvent { action=ACTION_UP, keyCode=KEYCODE_DPAD_DOWN, scanCode=0, metaState=0, flags=0x400, repeatCount=0, eventTime=200017, downTime=200017, deviceId=-1, source=0x101 }
D/InputEventConsistencyVerifier( 1014):   -- recent events --
D/InputEventConsistencyVerifier( 1014):   1: sent at 199715000000, (unhandled) MotionEvent { action=ACTION_MOVE, id[0]=0, x[0]=-2.0, y[0]=2.0, toolType[0]=TOOL_TYPE_UNKNOWN, buttonState=0, metaState=0, flags=0x0, edgeFlags=0x0, pointerCount=1, historySize=19, eventTime=199715, downTime=-1, deviceId=0, source=0x10004 }
D/InputEventConsistencyVerifier( 1014):   2: sent at 199446000000, (unhandled) KeyEvent { action=ACTION_UP, keyCode=KEYCODE_F11, scanCode=0, metaState=0, flags=0x8, repeatCount=0, eventTime=199446, downTime=199446, deviceId=-1, source=0x101 }
D/InputEventConsistencyVerifier( 1014):   3: sent at 199443000000, (unhandled) KeyEvent { action=ACTION_DOWN, keyCode=KEYCODE_F11, scanCode=0, metaState=0, flags=0x8, repeatCount=0, eventTime=199443, downTime=199443, deviceId=-1, source=0x101 }
D/InputEventConsistencyVerifier( 1014):   4: sent at 199383000000, (unhandled) MotionEvent { action=ACTION_UP, id[0]=0, x[0]=205.33334, y[0]=-195.33334, toolType[0]=TOOL_TYPE_UNKNOWN, buttonState=0, metaState=0, flags=0x0, edgeFlags=0x0, pointerCount=1, historySize=0, eventTime=199383, downTime=199378, deviceId=0, source=0x1002 }
