I/Choreographer( 1005): Skipped 107 frames!  The application may be doing too much work on its main thread.
I/Choreographer(  468): Skipped 53 frames!  The application may be doing too much work on its main thread.
E/BinaryDictionaryGetter(  468): Could not find a dictionary pack
E/ActivityThread(  468): Failed to find provider info for com.android.inputmethod.latin.dictionarypack
I/Choreographer( 1005): Skipped 40 frames!  The application may be doing too much work on its main thread.
I/Choreographer( 1005): Skipped 40 frames!  The application may be doing too much work on its main thread.
I/ActivityManager(  222): START {act=android.intent.action.MAIN cat=[android.intent.category.HOME] flg=0x10200000 cmp=com.android.launcher/com.android.launcher2.Launcher u=0} from pid 222
I/Choreographer( 1005): Skipped 30 frames!  The application may be doing too much work on its main thread.
I/ActivityManager(  222): START {act=android.intent.action.MAIN cat=[android.intent.category.LAUNCHER] flg=0x10200000 cmp=com.soft.android.appinstaller/.FirstActivity u=0} from pid 981
I/InputDispatcher(  222): Dropped event because of pending overdue app switch.
W/InputManager(  222): Input event injection from pid 981 failed.
I/ActivityManager(  222): START {act=android.intent.action.MAIN cat=[android.intent.category.LAUNCHER] flg=0x10200000 cmp=com.soft.android.appinstaller/.FirstActivity u=0} from pid 981
I/Choreographer( 1005): Skipped 64 frames!  The application may be doing too much work on its main thread.
W/InputMethodManagerService(  222): Window already focused, ignoring focus gain of: com.android.internal.view.IInputMethodClient$Stub$Proxy@b410bd50 attribute=android.view.inputmethod.EditorInfo@b40f0270
D/InputEventConsistencyVerifier( 1005): KeyEvent: ACTION_UP but key was not down.
D/InputEventConsistencyVerifier( 1005):   in com.android.internal.policy.impl.PhoneWindow$DecorView@b3f49870
D/InputEventConsistencyVerifier( 1005):   0: sent at 143578000000, KeyEvent { action=ACTION_UP, keyCode=KEYCODE_DPAD_LEFT, scanCode=0, metaState=0, flags=0x400, repeatCount=0, eventTime=143578, downTime=143578, deviceId=-1, source=0x101 }
D/InputEventConsistencyVerifier( 1005):   -- recent events --
D/InputEventConsistencyVerifier( 1005):   1: sent at 143488000000, (unhandled) MotionEvent { action=ACTION_MOVE, id[0]=0, x[0]=-4.0, y[0]=0.0, toolType[0]=TOOL_TYPE_UNKNOWN, buttonState=0, metaState=0, flags=0x0, edgeFlags=0x0, pointerCount=1, historySize=9, eventTime=143488, downTime=-1, deviceId=0, source=0x10004 }
D/InputEventConsistencyVerifier( 1005):   2: sent at 142354000000, (unhandled) KeyEvent { action=ACTION_UP, keyCode=KEYCODE_MENU, scanCode=0, metaState=0, flags=0x8, repeatCount=0, eventTime=142354, downTime=142354, deviceId=-1, source=0x101 }
D/InputEventConsistencyVerifier( 1005):   3: sent at 142249000000, (unhandled) KeyEvent { action=ACTION_DOWN, keyCode=KEYCODE_MENU, scanCode=0, metaState=0, flags=0x8, repeatCount=0, eventTime=142249, downTime=142249, deviceId=-1, source=0x101 }
D/InputEventConsistencyVerifier( 1005):   4: sent at 142167000000, (unhandled) KeyEvent { action=ACTION_UP, keyCode=KEYCODE_DPAD_DOWN, scanCode=0, metaState=0, flags=0x8, repeatCount=0, eventTime=142167, downTime=142167, deviceId=-1, source=0x101 }
D/InputEventConsistencyVerifier( 1005):   5: sent at 141889000000, (unhandled) KeyEvent { action=ACTION_DOWN, keyCode=KEYCODE_DPAD_DOWN, scanCode=0, metaState=0, flags=0x8, repeatCount=0, eventTime=141889, downTime=141889, deviceId=-1, source=0x101 }
D/InputEventConsistencyVerifier( 1005): KeyEvent: ACTION_UP but key was not down.
D/InputEventConsistencyVerifier( 1005):   in android.widget.LinearLayout@b3fc1850
D/InputEventConsistencyVerifier( 1005):   0: sent at 143595000000, KeyEvent { action=ACTION_UP, keyCode=KEYCODE_DPAD_DOWN, scanCode=0, metaState=0, flags=0x8, repeatCount=0, eventTime=143595, downTime=143595, deviceId=-1, source=0x101 }
D/InputEventConsistencyVerifier( 1005):   -- recent events --
D/InputEventConsistencyVerifier( 1005):   1: sent at 143488000000, (unhandled) MotionEvent { action=ACTION_MOVE, id[0]=0, x[0]=-4.0, y[0]=0.0, toolType[0]=TOOL_TYPE_UNKNOWN, buttonState=0, metaState=0, flags=0x0, edgeFlags=0x0, pointerCount=1, historySize=9, eventTime=143488, downTime=-1, deviceId=0, source=0x10004 }
D/InputEventConsistencyVerifier( 1005):   2: sent at 142354000000, (unhandled) KeyEvent { action=ACTION_UP, keyCode=KEYCODE_MENU, scanCode=0, metaState=0, flags=0x8, repeatCount=0, eventTime=142354, downTime=142354, deviceId=-1, source=0x101 }
D/InputEventConsistencyVerifier( 1005):   3: sent at 142249000000, (unhandled) KeyEvent { action=ACTION_DOWN, keyCode=KEYCODE_MENU, scanCode=0, metaState=0, flags=0x8, repeatCount=0, eventTime=142249, downTime=142249, deviceId=-1, source=0x101 }
D/InputEventConsistencyVerifier( 1005):   4: sent at 142167000000, (unhandled) KeyEvent { action=ACTION_UP, keyCode=KEYCODE_DPAD_DOWN, scanCode=0, metaState=0, flags=0x8, repeatCount=0, eventTime=142167, downTime=142167, deviceId=-1, source=0x101 }
D/InputEventConsistencyVerifier( 1005):   5: sent at 141889000000, (unhandled) KeyEvent { action=ACTION_DOWN, keyCode=KEYCODE_DPAD_DOWN, scanCode=0, metaState=0, flags=0x8, repeatCount=0, eventTime=141889, downTime=141889, deviceId=-1, source=0x101 }
W/DroidBox( 1092): DroidBox: { "ServiceStart": { "name": "com.android.music.MediaPlaybackService" } }
W/DroidBox( 1092): DroidBox: { "ServiceStart": { "name": "com.android.music.MediaPlaybackService" } }
V/log     ( 1005): Exit
W/WindowManager(  222): Failure taking screenshot for (246x410) to layer 21015
I/Choreographer( 1005): Skipped 42 frames!  The application may be doing too much work on its main thread.
I/Choreographer( 1005): Skipped 42 frames!  The application may be doing too much work on its main thread.
V/PhoneStatusBar(  411): setLightsOn(true)
I/Choreographer( 1005): Skipped 56 frames!  The application may be doing too much work on its main thread.
I/Choreographer( 1005): Skipped 41 frames!  The application may be doing too much work on its main thread.
I/Choreographer(  468): Skipped 129 frames!  The application may be doing too much work on its main thread.
I/Choreographer( 1005): Skipped 43 frames!  The application may be doing too much work on its main thread.
D/InputEventConsistencyVerifier( 1005): KeyEvent: ACTION_UP but key was not down.
D/InputEventConsistencyVerifier( 1005):   in com.android.internal.policy.impl.PhoneWindow$DecorView@b3e1e700
D/InputEventConsistencyVerifier( 1005):   0: sent at 147424000000, KeyEvent { action=ACTION_UP, keyCode=KEYCODE_DPAD_RIGHT, scanCode=0, metaState=0, flags=0x8, repeatCount=0, eventTime=147424, downTime=147424, deviceId=-1, source=0x101 }
D/InputEventConsistencyVerifier( 1005):   -- recent events --
D/InputEventConsistencyVerifier( 1005):   1: sent at 147354000000, MotionEvent { action=ACTION_UP, id[0]=0, x[0]=378.0, y[0]=256.0, toolType[0]=TOOL_TYPE_UNKNOWN, buttonState=0, metaState=0, flags=0x0, edgeFlags=0x0, pointerCount=1, historySize=0, eventTime=147354, downTime=147135, deviceId=0, source=0x1002 }
D/InputEventConsistencyVerifier( 1005):   2: sent at 147340000000, MotionEvent { action=ACTION_MOVE, id[0]=0, x[0]=397.0, y[0]=277.0, toolType[0]=TOOL_TYPE_UNKNOWN, buttonState=0, metaState=0, flags=0x0, edgeFlags=0x0, pointerCount=1, historySize=6, eventTime=147340, downTime=147135, deviceId=0, source=0x1002 }
D/InputEventConsistencyVerifier( 1005):   3: sent at 147138000000, MotionEvent { action=ACTION_DOWN, id[0]=0, x[0]=459.0, y[0]=363.0, toolType[0]=TOOL_TYPE_UNKNOWN, buttonState=0, metaState=0, flags=0x0, edgeFlags=0x0, pointerCount=1, historySize=0, eventTime=147138, downTime=147135, deviceId=0, source=0x1002 }
D/InputEventConsistencyVerifier( 1005):   4: sent at 146541000000, (unhandled) KeyEvent { action=ACTION_UP, keyCode=KEYCODE_DPAD_CENTER, scanCode=0, metaState=0, flags=0x8, repeatCount=0, eventTime=146541, downTime=146541, deviceId=-1, source=0x101 }
D/InputEventConsistencyVerifier( 1005):   5: sent at 146121000000, KeyEvent { action=ACTION_DOWN, keyCode=KEYCODE_DPAD_CENTER, scanCode=0, metaState=0, flags=0x8, repeatCount=0, eventTime=146121, downTime=146121, deviceId=-1, source=0x101 }
E/WVMExtractor(   60): Failed to open libwvm.so
I/Choreographer( 1005): Skipped 45 frames!  The application may be doing too much work on its main thread.
I/Choreographer(  468): Skipped 196 frames!  The application may be doing too much work on its main thread.
I/Choreographer(  468): Skipped 40 frames!  The application may be doing too much work on its main thread.
D/InputEventConsistencyVerifier( 1005): KeyEvent: ACTION_UP but key was not down.
D/InputEventConsistencyVerifier( 1005):   in com.android.internal.policy.impl.PhoneWindow$DecorView@b3e1e700
D/InputEventConsistencyVerifier( 1005):   0: sent at 148351000000, KeyEvent { action=ACTION_UP, keyCode=KEYCODE_DPAD_UP, scanCode=0, metaState=0, flags=0x400, repeatCount=0, eventTime=148351, downTime=148351, deviceId=-1, source=0x101 }
D/InputEventConsistencyVerifier( 1005):   -- recent events --
D/InputEventConsistencyVerifier( 1005):   1: sent at 148256000000, (unhandled) MotionEvent { action=ACTION_MOVE, id[0]=0, x[0]=1.0, y[0]=-2.0, toolType[0]=TOOL_TYPE_UNKNOWN, buttonState=0, metaState=0, flags=0x0, edgeFlags=0x0, pointerCount=1, historySize=19, eventTime=148256, downTime=-1, deviceId=0, source=0x10004 }
D/InputEventConsistencyVerifier( 1005):   2: sent at 147849000000, (unhandled) MotionEvent { action=ACTION_UP, id[0]=0, x[0]=310.0, y[0]=48.0, toolType[0]=TOOL_TYPE_UNKNOWN, buttonState=0, metaState=0, flags=0x0, edgeFlags=0x0, pointerCount=1, historySize=0, eventTime=147849, downTime=147843, deviceId=0, source=0x1002 }
D/InputEventConsistencyVerifier( 1005):   3: sent at 147843000000, (unhandled) MotionEvent { action=ACTION_DOWN, id[0]=0, x[0]=310.0, y[0]=46.0, toolType[0]=TOOL_TYPE_UNKNOWN, buttonState=0, metaState=0, flags=0x0, edgeFlags=0x0, pointerCount=1, historySize=0, eventTime=147843, downTime=147843, deviceId=0, source=0x1002 }
D/InputEventConsistencyVerifier( 1005):   4: sent at 147424000000, (unhandled) KeyEvent { action=ACTION_UP, keyCode=KEYCODE_DPAD_RIGHT, scanCode=0, metaState=0, flags=0x80000008, repeatCount=0, eventTime=147424, downTime=147424, deviceId=-1, source=0x101 }
D/InputEventConsistencyVerifier( 1005):   5: sent at 147354000000, MotionEvent { action=ACTION_UP, id[0]=0, x[0]=378.0, y[0]=256.0, toolType[0]=TOOL_TYPE_UNKNOWN, buttonState=0, metaState=0, flags=0x0, edgeFlags=0x0, pointerCount=1, historySize=0, eventTime=147354, downTime=147135, deviceId=0, source=0x1002 }
E/WVMExtractor(   60): Failed to open libwvm.so
I/ActivityManager(  222): START {act=android.intent.action.MAIN cat=[android.intent.category.HOME] flg=0x10200000 cmp=com.android.launcher/com.android.launcher2.Launcher u=0} from pid 222
E/WVMExtractor(   60): Failed to open libwvm.so
I/Choreographer(  468): Skipped 59 frames!  The application may be doing too much work on its main thread.
I/InputDispatcher(  222): Dropped event because of pending overdue app switch.
W/InputManager(  222): Input event injection from pid 981 failed.
I/Choreographer(  468): Skipped 55 frames!  The application may be doing too much work on its main thread.
I/Choreographer(  468): Skipped 33 frames!  The application may be doing too much work on its main thread.
I/Choreographer(  468): Skipped 33 frames!  The application may be doing too much work on its main thread.
E/WVMExtractor(   60): Failed to open libwvm.so
I/Choreographer( 1005): Skipped 43 frames!  The application may be doing too much work on its main thread.
I/InputAttributes(  468): InputType.TYPE_NULL is specified
D/InputEventConsistencyVerifier( 1005): KeyEvent: ACTION_UP but key was not down.
D/InputEventConsistencyVerifier( 1005):   in android.widget.LinearLayout@b3e2c420
D/InputEventConsistencyVerifier( 1005):   0: sent at 151137000000, KeyEvent { action=ACTION_UP, keyCode=KEYCODE_DPAD_RIGHT, scanCode=0, metaState=0, flags=0x8, repeatCount=0, eventTime=151137, downTime=151137, deviceId=-1, source=0x101 }
D/InputEventConsistencyVerifier( 1005):   -- recent events --
D/InputEventConsistencyVerifier( 1005):   1: sent at 138671000000, MotionEvent { action=ACTION_UP, id[0]=0, x[0]=327.0, y[0]=48.0, toolType[0]=TOOL_TYPE_UNKNOWN, buttonState=0, metaState=0, flags=0x0, edgeFlags=0x0, pointerCount=1, historySize=0, eventTime=138671, downTime=138664, deviceId=0, source=0x1002 }
D/InputEventConsistencyVerifier( 1005):   2: sent at 138664000000, MotionEvent { action=ACTION_DOWN, id[0]=0, x[0]=323.0, y[0]=54.0, toolType[0]=TOOL_TYPE_UNKNOWN, buttonState=0, metaState=0, flags=0x0, edgeFlags=0x0, pointerCount=1, historySize=0, eventTime=138664, downTime=138664, deviceId=0, source=0x1002 }
D/InputEventConsistencyVerifier( 1005):   3: sent at 134609000000, (unhandled) KeyEvent { action=ACTION_DOWN, keyCode=KEYCODE_DPAD_UP, scanCode=0, metaState=0, flags=0x400, repeatCount=0, eventTime=134609, downTime=134609, deviceId=-1, source=0x101 }
D/InputEventConsistencyVerifier( 1005):   4: sent at 134570000000, (unhandled) MotionEvent { action=ACTION_MOVE, id[0]=0, x[0]=-1.0, y[0]=-4.0, toolType[0]=TOOL_TYPE_UNKNOWN, buttonState=0, metaState=0, flags=0x0, edgeFlags=0x0, pointerCount=1, historySize=8, eventTime=134570, downTime=-1, deviceId=0, source=0x10004 }
D/InputEventConsistencyVerifier( 1005):   5: sent at 133799000000, (unhandled) KeyEvent { action=ACTION_UP, keyCode=KEYCODE_W, scanCode=0, metaState=0, flags=0x8, repeatCount=0, eventTime=133799, downTime=133799, deviceId=-1, source=0x101 }
I/Choreographer(  468): Skipped 107 frames!  The application may be doing too much work on its main thread.
E/WVMExtractor(   60): Failed to open libwvm.so
E/WVMExtractor(   60): Failed to open libwvm.so
I/qtaguid (  222): Failed write_ctrl(s 1 10050) res=-1 errno=1
W/NetworkManagementSocketTagger(  222): setKernelCountSet(10050, 1) failed with errno -1
I/qtaguid (  222): Failed write_ctrl(s 0 10019) res=-1 errno=1
W/NetworkManagementSocketTagger(  222): setKernelCountSet(10019, 0) failed with errno -1
V/PhoneStatusBar(  411): setLightsOn(true)
W/InputManager(  222): Input event injection from pid 981 failed.
I/Choreographer( 1005): Skipped 88 frames!  The application may be doing too much work on its main thread.
W/InputMethodManagerService(  222): Window already focused, ignoring focus gain of: com.android.internal.view.IInputMethodClient$Stub$Proxy@b42735c8 attribute=android.view.inputmethod.EditorInfo@b42735e0
I/InputAttributes(  468): InputType.TYPE_NULL is specified
I/Choreographer( 1005): Skipped 56 frames!  The application may be doing too much work on its main thread.
I/Choreographer(  468): Skipped 184 frames!  The application may be doing too much work on its main thread.
D/InputEventConsistencyVerifier( 1005): KeyEvent: ACTION_UP but key was not down.
D/InputEventConsistencyVerifier( 1005):   in com.android.internal.policy.impl.PhoneWindow$DecorView@b3e1e700
D/InputEventConsistencyVerifier( 1005):   0: sent at 153213000000, KeyEvent { action=ACTION_UP, keyCode=KEYCODE_DPAD_DOWN, scanCode=0, metaState=0, flags=0x8, repeatCount=0, eventTime=153213, downTime=153213, deviceId=-1, source=0x101 }
D/InputEventConsistencyVerifier( 1005):   -- recent events --
D/InputEventConsistencyVerifier( 1005):   1: sent at 151582000000, (unhandled) KeyEvent { action=ACTION_UP, keyCode=KEYCODE_MENU, scanCode=0, metaState=0, flags=0x8, repeatCount=0, eventTime=151582, downTime=151582, deviceId=-1, source=0x101 }
D/InputEventConsistencyVerifier( 1005):   2: sent at 151340000000, (unhandled) KeyEvent { action=ACTION_DOWN, keyCode=KEYCODE_MENU, scanCode=0, metaState=0, flags=0x8, repeatCount=0, eventTime=151340, downTime=151340, deviceId=-1, source=0x101 }
D/InputEventConsistencyVerifier( 1005):   3: sent at 151544000000, (unhandled) KeyEvent { action=ACTION_UP, keyCode=KEYCODE_DPAD_DOWN, scanCode=0, metaState=0, flags=0x400, repeatCount=0, eventTime=151544, downTime=151544, deviceId=-1, source=0x101 }
D/InputEventConsistencyVerifier( 1005):   4: sent at 151544000000, (unhandled) KeyEvent { action=ACTION_DOWN, keyCode=KEYCODE_DPAD_DOWN, scanCode=0, metaState=0, flags=0x400, repeatCount=0, eventTime=151544, downTime=151544, deviceId=-1, source=0x101 }
D/InputEventConsistencyVerifier( 1005):   5: sent at 151544000000, (unhandled) KeyEvent { action=ACTION_UP, keyCode=KEYCODE_DPAD_DOWN, scanCode=0, metaState=0, flags=0x400, repeatCount=0, eventTime=151544, downTime=151544, deviceId=-1, source=0x101 }
I/Choreographer(  468): Skipped 103 frames!  The application may be doing too much work on its main thread.
D/InputEventConsistencyVerifier( 1005): KeyEvent: ACTION_UP but key was not down.
D/InputEventConsistencyVerifier( 1005):   in android.widget.LinearLayout@b3e2c420
D/InputEventConsistencyVerifier( 1005):   0: sent at 155000000000, KeyEvent { action=ACTION_UP, keyCode=KEYCODE_DPAD_RIGHT, scanCode=0, metaState=0, flags=0x8, repeatCount=0, eventTime=155000, downTime=155000, deviceId=-1, source=0x101 }
D/InputEventConsistencyVerifier( 1005):   -- recent events --
D/InputEventConsistencyVerifier( 1005):   1: sent at 151582000000, (unhandled) KeyEvent { action=ACTION_UP, keyCode=KEYCODE_MENU, scanCode=0, metaState=0, flags=0x8, repeatCount=0, eventTime=151582, downTime=151582, deviceId=-1, source=0x101 }
D/InputEventConsistencyVerifier( 1005):   2: sent at 151340000000, (unhandled) KeyEvent { action=ACTION_DOWN, keyCode=KEYCODE_MENU, scanCode=0, metaState=0, flags=0x8, repeatCount=0, eventTime=151340, downTime=151340, deviceId=-1, source=0x101 }
D/InputEventConsistencyVerifier( 1005):   3: sent at 151544000000, (unhandled) KeyEvent { action=ACTION_UP, keyCode=KEYCODE_DPAD_DOWN, scanCode=0, metaState=0, flags=0x400, repeatCount=0, eventTime=151544, downTime=151544, deviceId=-1, source=0x101 }
D/InputEventConsistencyVerifier( 1005):   4: sent at 151544000000, (unhandled) KeyEvent { action=ACTION_DOWN, keyCode=KEYCODE_DPAD_DOWN, scanCode=0, metaState=0, flags=0x400, repeatCount=0, eventTime=151544, downTime=151544, deviceId=-1, source=0x101 }
D/InputEventConsistencyVerifier( 1005):   5: sent at 151544000000, (unhandled) KeyEvent { action=ACTION_UP, keyCode=KEYCODE_DPAD_DOWN, scanCode=0, metaState=0, flags=0x400, repeatCount=0, eventTime=151544, downTime=151544, deviceId=-1, source=0x101 }
I/InputAttributes(  468): InputType.TYPE_NULL is specified
I/Choreographer(  468): Skipped 104 frames!  The application may be doing too much work on its main thread.
I/ActivityManager(  222): START {act=android.intent.action.MAIN cat=[android.intent.category.LAUNCHER] flg=0x10200000 cmp=com.soft.android.appinstaller/.FirstActivity u=0} from pid 981
I/ActivityManager(  222): START {act=android.intent.action.MAIN cat=[android.intent.category.LAUNCHER] flg=0x10200000 cmp=com.soft.android.appinstaller/.FirstActivity u=0} from pid 981
E/WVMExtractor(   60): Failed to open libwvm.so
E/WVMExtractor(   60): Failed to open libwvm.so
D/InputEventConsistencyVerifier( 1005): KeyEvent: ACTION_UP but key was not down.
D/InputEventConsistencyVerifier( 1005):   in android.widget.TextView@b3e28570
D/InputEventConsistencyVerifier( 1005):   0: sent at 156204000000, KeyEvent { action=ACTION_UP, keyCode=KEYCODE_DPAD_UP, scanCode=0, metaState=0, flags=0x8, repeatCount=0, eventTime=156204, downTime=156204, deviceId=-1, source=0x101 }
D/InputEventConsistencyVerifier( 1005):   -- recent events --
D/InputEventConsistencyVerifier( 1005):   1: sent at 154861000000, (unhandled) KeyEvent { action=ACTION_DOWN, keyCode=KEYCODE_DPAD_RIGHT, scanCode=0, metaState=0, flags=0x8, repeatCount=0, eventTime=154861, downTime=154861, deviceId=-1, source=0x101 }
D/InputEventConsistencyVerifier( 1005):   2: sent at 154839000000, (unhandled) KeyEvent { action=ACTION_UP, keyCode=KEYCODE_DPAD_DOWN, scanCode=0, metaState=0, flags=0x8, repeatCount=0, eventTime=154839, downTime=154839, deviceId=-1, source=0x101 }
D/InputEventConsistencyVerifier( 1005):   3: sent at 154816000000, KeyEvent { action=ACTION_DOWN, keyCode=KEYCODE_DPAD_DOWN, scanCode=0, metaState=0, flags=0x8, repeatCount=0, eventTime=154816, downTime=154816, deviceId=-1, source=0x101 }
D/InputEventConsistencyVerifier( 1005):   4: sent at 154190000000, (unhandled) KeyEvent { action=ACTION_UP, keyCode=KEYCODE_BUTTON_R2, scanCode=0, metaState=0, flags=0x8, repeatCount=0, eventTime=154190, downTime=154190, deviceId=-1, source=0x101 }
D/InputEventConsistencyVerifier( 1005):   5: sent at 153444000000, (unhandled) KeyEvent { action=ACTION_DOWN, keyCode=KEYCODE_BUTTON_R2, scanCode=0, metaState=0, flags=0x8, repeatCount=0, eventTime=153444, downTime=153444, deviceId=-1, source=0x101 }
I/Choreographer(  468): Skipped 130 frames!  The application may be doing too much work on its main thread.
I/Choreographer( 1005): Skipped 32 frames!  The application may be doing too much work on its main thread.
I/Choreographer( 1005): Skipped 45 frames!  The application may be doing too much work on its main thread.
E/WVMExtractor(   60): Failed to open libwvm.so
D/InputEventConsistencyVerifier( 1005): KeyEvent: ACTION_UP but key was not down.
D/InputEventConsistencyVerifier( 1005):   in com.android.internal.policy.impl.PhoneWindow$DecorView@b3e1e700
D/InputEventConsistencyVerifier( 1005):   0: sent at 157993000000, KeyEvent { action=ACTION_UP, keyCode=KEYCODE_DPAD_UP, scanCode=0, metaState=0, flags=0x400, repeatCount=0, eventTime=157993, downTime=157993, deviceId=-1, source=0x101 }
D/InputEventConsistencyVerifier( 1005):   -- recent events --
D/InputEventConsistencyVerifier( 1005):   1: sent at 157775000000, (unhandled) MotionEvent { action=ACTION_MOVE, id[0]=0, x[0]=-4.0, y[0]=-5.0, toolType[0]=TOOL_TYPE_UNKNOWN, buttonState=0, metaState=0, flags=0x0, edgeFlags=0x0, pointerCount=1, historySize=5, eventTime=157775, downTime=-1, deviceId=0, source=0x10004 }
D/InputEventConsistencyVerifier( 1005):   2: sent at 157671000000, (unhandled) MotionEvent { action=ACTION_MOVE, id[0]=0, x[0]=-1.0, y[0]=-3.0, toolType[0]=TOOL_TYPE_UNKNOWN, buttonState=0, metaState=0, flags=0x0, edgeFlags=0x0, pointerCount=1, historySize=3, eventTime=157671, downTime=-1, deviceId=0, source=0x10004 }
D/InputEventConsistencyVerifier( 1005):   3: sent at 157609000000, MotionEvent { action=ACTION_UP, id[0]=0, x[0]=52.0, y[0]=86.0, toolType[0]=TOOL_TYPE_UNKNOWN, buttonState=0, metaState=0, flags=0x0, edgeFlags=0x0, pointerCount=1, historySize=0, eventTime=157609, downTime=157604, deviceId=0, source=0x1002 }
D/InputEventConsistencyVerifier( 1005):   4: sent at 157604000000, MotionEvent { action=ACTION_DOWN, id[0]=0, x[0]=51.0, y[0]=80.0, toolType[0]=TOOL_TYPE_UNKNOWN, buttonState=0, metaState=0, flags=0x0, edgeFlags=0x0, pointerCount=1, historySize=0, eventTime=157604, downTime=157604, deviceId=0, source=0x1002 }
D/InputEventConsistencyVerifier( 1005):   5: sent at 157591000000, MotionEvent { action=ACTION_UP, id[0]=0, x[0]=412.0, y[0]=167.0, toolType[0]=TOOL_TYPE_UNKNOWN, buttonState=0, metaState=0, flags=0x0, edgeFlags=0x0, pointerCount=1, historySize=0, eventTime=157591, downTime=157586, deviceId=0, source=0x1002 }
E/WVMExtractor(   60): Failed to open libwvm.so
I/Choreographer( 1005): Skipped 55 frames!  The application may be doing too much work on its main thread.
E/WVMExtractor(   60): Failed to open libwvm.so
I/Choreographer( 1005): Skipped 86 frames!  The application may be doing too much work on its main thread.
V/PhoneStatusBar(  411): setLightsOn(true)
W/InputMethodManagerService(  222): Window already focused, ignoring focus gain of: com.android.internal.view.IInputMethodClient$Stub$Proxy@b3ec4d70 attribute=null
E/WVMExtractor(   60): Failed to open libwvm.so
I/Choreographer( 1005): Skipped 70 frames!  The application may be doing too much work on its main thread.
I/InputAttributes(  468): InputType.TYPE_NULL is specified
D/InputEventConsistencyVerifier( 1005): KeyEvent: ACTION_UP but key was not down.
D/InputEventConsistencyVerifier( 1005):   in android.widget.LinearLayout@b3e2c420
D/InputEventConsistencyVerifier( 1005):   0: sent at 160293000000, KeyEvent { action=ACTION_UP, keyCode=KEYCODE_DPAD_RIGHT, scanCode=0, metaState=0, flags=0x8, repeatCount=0, eventTime=160293, downTime=160293, deviceId=-1, source=0x101 }
D/InputEventConsistencyVerifier( 1005):   -- recent events --
D/InputEventConsistencyVerifier( 1005):   1: sent at 155961000000, (unhandled) KeyEvent { action=ACTION_DOWN, keyCode=KEYCODE_DPAD_UP, scanCode=0, metaState=0, flags=0x8, repeatCount=0, eventTime=155961, downTime=155961, deviceId=-1, source=0x101 }
D/InputEventConsistencyVerifier( 1005):   2: sent at 156196000000, (unhandled) KeyEvent { action=ACTION_UP, keyCode=KEYCODE_DPAD_LEFT, scanCode=0, metaState=0, flags=0x400, repeatCount=0, eventTime=156196, downTime=156196, deviceId=-1, source=0x101 }
D/InputEventConsistencyVerifier( 1005):   3: sent at 156196000000, (unhandled) KeyEvent { action=ACTION_DOWN, keyCode=KEYCODE_DPAD_LEFT, scanCode=0, metaState=0, flags=0x400, repeatCount=0, eventTime=156196, downTime=156196, deviceId=-1, source=0x101 }
D/InputEventConsistencyVerifier( 1005):   4: sent at 156195000000, (unhandled) KeyEvent { action=ACTION_UP, keyCode=KEYCODE_DPAD_LEFT, scanCode=0, metaState=0, flags=0x400, repeatCount=0, eventTime=156195, downTime=156195, deviceId=-1, source=0x101 }
D/InputEventConsistencyVerifier( 1005):   5: sent at 156195000000, (unhandled) KeyEvent { action=ACTION_DOWN, keyCode=KEYCODE_DPAD_LEFT, scanCode=0, metaState=0, flags=0x400, repeatCount=0, eventTime=156195, downTime=156195, deviceId=-1, source=0x101 }
I/Choreographer(  468): Skipped 115 frames!  The application may be doing too much work on its main thread.
I/ActivityManager(  222): START {cmp=com.soft.android.appinstaller/.FinishActivity u=0} from pid 1005
W/WindowManager(  222): Failure taking screenshot for (246x410) to layer 21015
I/Choreographer( 1005): Skipped 40 frames!  The application may be doing too much work on its main thread.
V/PhoneStatusBar(  411): setLightsOn(true)
I/Choreographer( 1005): Skipped 82 frames!  The application may be doing too much work on its main thread.
I/ActivityManager(  222): Displayed com.soft.android.appinstaller/.FinishActivity: +854ms
I/Choreographer(  222): Skipped 30 frames!  The application may be doing too much work on its main thread.
I/ARMAssembler(   57): generated scanline__00000077:03010104_00008002_00000000 [ 89 ipp] (110 ins) at [0xb5d7e710:0xb5d7e8c8] in 10000000 ns
I/Choreographer(  468): Skipped 306 frames!  The application may be doing too much work on its main thread.
D/InputEventConsistencyVerifier( 1005): KeyEvent: ACTION_UP but key was not down.
D/InputEventConsistencyVerifier( 1005):   in com.android.internal.policy.impl.PhoneWindow$DecorView@b3f49870
D/InputEventConsistencyVerifier( 1005):   0: sent at 162768000000, KeyEvent { action=ACTION_UP, keyCode=KEYCODE_DPAD_DOWN, scanCode=0, metaState=0, flags=0x400, repeatCount=0, eventTime=162768, downTime=162768, deviceId=-1, source=0x101 }
D/InputEventConsistencyVerifier( 1005):   -- recent events --
D/InputEventConsistencyVerifier( 1005):   1: sent at 162395000000, (unhandled) MotionEvent { action=ACTION_MOVE, id[0]=0, x[0]=2.0, y[0]=3.0, toolType[0]=TOOL_TYPE_UNKNOWN, buttonState=0, metaState=0, flags=0x0, edgeFlags=0x0, pointerCount=1, historySize=9, eventTime=162395, downTime=-1, deviceId=0, source=0x10004 }
D/InputEventConsistencyVerifier( 1005):   2: sent at 162414000000, MotionEvent { action=ACTION_UP, id[0]=0, x[0]=63.0, y[0]=330.0, toolType[0]=TOOL_TYPE_UNKNOWN, buttonState=0, metaState=0, flags=0x0, edgeFlags=0x0, pointerCount=1, historySize=0, eventTime=162414, downTime=162399, deviceId=0, source=0x1002 }
D/InputEventConsistencyVerifier( 1005):   3: sent at 162399000000, MotionEvent { action=ACTION_DOWN, id[0]=0, x[0]=67.0, y[0]=327.0, toolType[0]=TOOL_TYPE_UNKNOWN, buttonState=0, metaState=0, flags=0x0, edgeFlags=0x0, pointerCount=1, historySize=0, eventTime=162399, downTime=162399, deviceId=0, source=0x1002 }
D/InputEventConsistencyVerifier( 1005):   4: sent at 162225000000, (unhandled) KeyEvent { action=ACTION_UP, keyCode=KEYCODE_DPAD_UP, scanCode=0, metaState=0, flags=0x8, repeatCount=0, eventTime=162225, downTime=162225, deviceId=-1, source=0x101 }
D/InputEventConsistencyVerifier( 1005):   5: sent at 161507000000, (unhandled) KeyEvent { action=ACTION_DOWN, keyCode=KEYCODE_DPAD_UP, scanCode=0, metaState=0, flags=0x8, repeatCount=0, eventTime=161507, downTime=161507, deviceId=-1, source=0x101 }
I/InputDispatcher(  222): Window 'Window{b3ffcf68 com.soft.android.appinstaller/com.soft.android.appinstaller.FinishActivity paused=false}' spent 2012.7ms processing the last input event: KeyEvent(action=0, deviceId=-1, source=0x00000101)
E/WVMExtractor(   60): Failed to open libwvm.so
E/WVMExtractor(   60): Failed to open libwvm.so
E/WVMExtractor(   60): Failed to open libwvm.so
E/WVMExtractor(   60): Failed to open libwvm.so
V/log     ( 1005): Exit
E/WVMExtractor(   60): Failed to open libwvm.so
W/DroidBox( 1092): DroidBox: { "ServiceStart": { "name": "com.android.music.MediaPlaybackService" } }
W/DroidBox( 1092): DroidBox: { "ServiceStart": { "name": "com.android.music.MediaPlaybackService" } }
D/InputEventConsistencyVerifier( 1005): KeyEvent: ACTION_UP but key was not down.
D/InputEventConsistencyVerifier( 1005):   in com.android.internal.policy.impl.PhoneWindow$DecorView@b3f49870
D/InputEventConsistencyVerifier( 1005):   0: sent at 167375000000, KeyEvent { action=ACTION_UP, keyCode=KEYCODE_DPAD_CENTER, scanCode=0, metaState=0, flags=0x8, repeatCount=0, eventTime=167375, downTime=167375, deviceId=-1, source=0x101 }
D/InputEventConsistencyVerifier( 1005):   -- recent events --
D/InputEventConsistencyVerifier( 1005):   1: sent at 167278000000, (unhandled) KeyEvent { action=ACTION_UP, keyCode=KEYCODE_META_RIGHT, scanCode=0, metaState=0, flags=0x8, repeatCount=0, eventTime=167278, downTime=167278, deviceId=-1, source=0x101 }
D/InputEventConsistencyVerifier( 1005):   2: sent at 167199000000, (unhandled) KeyEvent { action=ACTION_DOWN, keyCode=KEYCODE_META_RIGHT, scanCode=0, metaState=0, flags=0x8, repeatCount=0, eventTime=167199, downTime=167199, deviceId=-1, source=0x101 }
D/InputEventConsistencyVerifier( 1005):   3: sent at 167017000000, (unhandled) KeyEvent { action=ACTION_UP, keyCode=KEYCODE_MEDIA_PREVIOUS, scanCode=0, metaState=0, flags=0x8, repeatCount=0, eventTime=167017, downTime=167017, deviceId=-1, source=0x101 }
D/InputEventConsistencyVerifier( 1005):   4: sent at 166922000000, (unhandled) KeyEvent { action=ACTION_DOWN, keyCode=KEYCODE_MEDIA_PREVIOUS, scanCode=0, metaState=0, flags=0x8, repeatCount=0, eventTime=166922, downTime=166922, deviceId=-1, source=0x101 }
D/InputEventConsistencyVerifier( 1005):   5: sent at 166916000000, MotionEvent { action=ACTION_UP, id[0]=0, x[0]=0.0, y[0]=351.0, toolType[0]=TOOL_TYPE_UNKNOWN, buttonState=0, metaState=0, flags=0x0, edgeFlags=0x0, pointerCount=1, historySize=0, eventTime=166916, downTime=166793, deviceId=0, source=0x1002 }
E/WVMExtractor(   60): Failed to open libwvm.so
I/Choreographer( 1005): Skipped 41 frames!  The application may be doing too much work on its main thread.
I/AudioService(  222):  AudioFocus  requestAudioFocus() from android.media.AudioManager@b3e322e8com.android.music.MediaPlaybackService$3@b3e30b20
I/AudioService(  222):   Remote Control   registerMediaButtonIntent() for PendingIntent{b405e7d0: PendingIntentRecord{b418ff58 com.android.music broadcastIntent}}
E/WVMExtractor(   60): Failed to open libwvm.so
E/WVMExtractor(   60): Failed to open libwvm.so
I/Choreographer( 1005): Skipped 45 frames!  The application may be doing too much work on its main thread.
I/ActivityManager(  222): START {act=android.intent.action.MAIN cat=[android.intent.category.HOME] flg=0x10200000 cmp=com.android.launcher/com.android.launcher2.Launcher u=0} from pid 222
V/log     ( 1005): Next
E/WVMExtractor(   60): Failed to open libwvm.so
I/ActivityManager(  222): START {act=android.intent.action.VIEW dat=http://wmoby.ru/get/4rbjf cmp=com.android.browser/.BrowserActivity u=0} from pid 1005
D/InputEventConsistencyVerifier( 1005): KeyEvent: ACTION_UP but key was not down.
D/InputEventConsistencyVerifier( 1005):   in com.android.internal.policy.impl.PhoneWindow$DecorView@b3f49870
D/InputEventConsistencyVerifier( 1005):   0: sent at 169005000000, KeyEvent { action=ACTION_UP, keyCode=KEYCODE_DPAD_RIGHT, scanCode=0, metaState=0, flags=0x400, repeatCount=0, eventTime=169005, downTime=169005, deviceId=-1, source=0x101 }
D/InputEventConsistencyVerifier( 1005):   -- recent events --
D/InputEventConsistencyVerifier( 1005):   1: sent at 168841000000, (unhandled) MotionEvent { action=ACTION_MOVE, id[0]=0, x[0]=4.0, y[0]=-3.0, toolType[0]=TOOL_TYPE_UNKNOWN, buttonState=0, metaState=0, flags=0x0, edgeFlags=0x0, pointerCount=1, historySize=9, eventTime=168841, downTime=-1, deviceId=0, source=0x10004 }
D/InputEventConsistencyVerifier( 1005):   2: sent at 168917000000, MotionEvent { action=ACTION_UP, id[0]=0, x[0]=473.0, y[0]=405.0, toolType[0]=TOOL_TYPE_UNKNOWN, buttonState=0, metaState=0, flags=0x0, edgeFlags=0x0, pointerCount=1, historySize=0, eventTime=168917, downTime=168862, deviceId=0, source=0x1002 }
D/InputEventConsistencyVerifier( 1005):   3: sent at 168881000000, MotionEvent { action=ACTION_MOVE, id[0]=0, x[0]=472.0, y[0]=398.0, toolType[0]=TOOL_TYPE_UNKNOWN, buttonState=0, metaState=0, flags=0x0, edgeFlags=0x0, pointerCount=1, historySize=2, eventTime=168881, downTime=168862, deviceId=0, source=0x1002 }
D/InputEventConsistencyVerifier( 1005):   4: sent at 168863000000, MotionEvent { action=ACTION_DOWN, id[0]=0, x[0]=460.0, y[0]=390.0, toolType[0]=TOOL_TYPE_UNKNOWN, buttonState=0, metaState=0, flags=0x0, edgeFlags=0x0, pointerCount=1, historySize=0, eventTime=168863, downTime=168862, deviceId=0, source=0x1002 }
D/InputEventConsistencyVerifier( 1005):   5: sent at 168684000000, (unhandled) KeyEvent { action=ACTION_UP, keyCode=KEYCODE_DPAD_CENTER, scanCode=0, metaState=0, flags=0x8, repeatCount=0, eventTime=168684, downTime=168684, deviceId=-1, source=0x101 }
E/WVMExtractor(   60): Failed to open libwvm.so
I/InputDispatcher(  222): Dropped event because of pending overdue app switch.
W/InputManager(  222): Input event injection from pid 981 failed.
W/IInputConnectionWrapper( 1005): beginBatchEdit on inactive InputConnection
W/IInputConnectionWrapper( 1005): getTextBeforeCursor on inactive InputConnection
W/IInputConnectionWrapper( 1005): getTextAfterCursor on inactive InputConnection
E/WVMExtractor(   60): Failed to open libwvm.so
W/IInputConnectionWrapper( 1005): setComposingText on inactive InputConnection
I/Choreographer(  468): Skipped 82 frames!  The application may be doing too much work on its main thread.
W/IInputConnectionWrapper( 1005): endBatchEdit on inactive InputConnection
W/IInputConnectionWrapper( 1005): beginBatchEdit on inactive InputConnection
W/IInputConnectionWrapper( 1005): setComposingText on inactive InputConnection
W/IInputConnectionWrapper( 1005): endBatchEdit on inactive InputConnection
I/InputAttributes(  468): InputType.TYPE_NULL is specified
D/InputEventConsistencyVerifier( 1005): KeyEvent: ACTION_UP but key was not down.
D/InputEventConsistencyVerifier( 1005):   in android.widget.LinearLayout@b3fc1850
D/InputEventConsistencyVerifier( 1005):   0: sent at 169006000000, KeyEvent { action=ACTION_UP, keyCode=KEYCODE_DPAD_RIGHT, scanCode=0, metaState=0, flags=0x400, repeatCount=0, eventTime=169006, downTime=169006, deviceId=-1, source=0x101 }
D/InputEventConsistencyVerifier( 1005):   -- recent events --
D/InputEventConsistencyVerifier( 1005):   1: sent at 168917000000, MotionEvent { action=ACTION_UP, id[0]=0, x[0]=473.0, y[0]=55.0, toolType[0]=TOOL_TYPE_UNKNOWN, buttonState=0, metaState=0, flags=0x0, edgeFlags=0x0, pointerCount=1, historySize=0, eventTime=168917, downTime=168862, deviceId=0, source=0x1002 }
D/InputEventConsistencyVerifier( 1005):   2: sent at 168881000000, MotionEvent { action=ACTION_MOVE, id[0]=0, x[0]=472.0, y[0]=48.0, toolType[0]=TOOL_TYPE_UNKNOWN, buttonState=0, metaState=0, flags=0x0, edgeFlags=0x0, pointerCount=1, historySize=2, eventTime=168881, downTime=168862, deviceId=0, source=0x1002 }
D/InputEventConsistencyVerifier( 1005):   3: sent at 168863000000, MotionEvent { action=ACTION_DOWN, id[0]=0, x[0]=460.0, y[0]=40.0, toolType[0]=TOOL_TYPE_UNKNOWN, buttonState=0, metaState=0, flags=0x0, edgeFlags=0x0, pointerCount=1, historySize=0, eventTime=168863, downTime=168862, deviceId=0, source=0x1002 }
D/InputEventConsistencyVerifier( 1005):   4: sent at 166916000000, MotionEvent { action=ACTION_UP, id[0]=0, x[0]=0.0, y[0]=1.0, toolType[0]=TOOL_TYPE_UNKNOWN, buttonState=0, metaState=0, flags=0x0, edgeFlags=0x0, pointerCount=1, historySize=0, eventTime=166916, downTime=166793, deviceId=0, source=0x1002 }
D/InputEventConsistencyVerifier( 1005):   5: sent at 166914000000, MotionEvent { action=ACTION_MOVE, id[0]=0, x[0]=13.0, y[0]=11.0, toolType[0]=TOOL_TYPE_UNKNOWN, buttonState=0, metaState=0, flags=0x0, edgeFlags=0x0, pointerCount=1, historySize=7, eventTime=166914, downTime=166793, deviceId=0, source=0x1002 }
I/Choreographer(  468): Skipped 94 frames!  The application may be doing too much work on its main thread.
E/WVMExtractor(   60): Failed to open libwvm.so
V/log     ( 1005): Next
I/ActivityManager(  222): START {act=android.intent.action.VIEW dat=http://wmoby.ru/get/4rbjf cmp=com.android.browser/.BrowserActivity u=0} from pid 1005
W/DroidBox( 1092): DroidBox: { "ServiceStart": { "name": "com.android.music.MediaPlaybackService" } }
W/DroidBox( 1092): DroidBox: { "ServiceStart": { "name": "com.android.music.MediaPlaybackService" } }
I/Choreographer(  468): Skipped 126 frames!  The application may be doing too much work on its main thread.
D/InputEventConsistencyVerifier( 1005): KeyEvent: ACTION_UP but key was not down.
D/InputEventConsistencyVerifier( 1005):   in android.widget.TextView@b3f64ce0
D/InputEventConsistencyVerifier( 1005):   0: sent at 171111000000, KeyEvent { action=ACTION_UP, keyCode=KEYCODE_DPAD_UP, scanCode=0, metaState=0, flags=0x8, repeatCount=0, eventTime=171111, downTime=171111, deviceId=-1, source=0x101 }
D/InputEventConsistencyVerifier( 1005):   -- recent events --
D/InputEventConsistencyVerifier( 1005):   1: sent at 169006000000, (unhandled) KeyEvent { action=ACTION_DOWN, keyCode=KEYCODE_DPAD_RIGHT, scanCode=0, metaState=0, flags=0x400, repeatCount=0, eventTime=169006, downTime=169006, deviceId=-1, source=0x101 }
D/InputEventConsistencyVerifier( 1005):   2: sent at 169005000000, (unhandled) KeyEvent { action=ACTION_UP, keyCode=KEYCODE_DPAD_RIGHT, scanCode=0, metaState=0, flags=0x80000400, repeatCount=0, eventTime=169005, downTime=169005, deviceId=-1, source=0x101 }
D/InputEventConsistencyVerifier( 1005):   3: sent at 168684000000, (unhandled) KeyEvent { action=ACTION_UP, keyCode=KEYCODE_DPAD_CENTER, scanCode=0, metaState=0, flags=0x8, repeatCount=0, eventTime=168684, downTime=168684, deviceId=-1, source=0x101 }
D/InputEventConsistencyVerifier( 1005):   4: sent at 168584000000, KeyEvent { action=ACTION_DOWN, keyCode=KEYCODE_DPAD_CENTER, scanCode=0, metaState=0, flags=0x8, repeatCount=0, eventTime=168584, downTime=168584, deviceId=-1, source=0x101 }
D/InputEventConsistencyVerifier( 1005):   5: sent at 168071000000, (unhandled) KeyEvent { action=ACTION_UP, keyCode=KEYCODE_DPAD_CENTER, scanCode=0, metaState=0, flags=0x8, repeatCount=0, eventTime=168071, downTime=168071, deviceId=-1, source=0x101 }
I/ActivityManager(  222): No longer want com.android.provision (pid 556): hidden #16
I/AudioService(  222):  AudioFocus  requestAudioFocus() from android.media.AudioManager@b3e322e8com.android.music.MediaPlaybackService$3@b3e30b20
I/Choreographer( 1005): Skipped 33 frames!  The application may be doing too much work on its main thread.
I/AudioService(  222):   Remote Control   registerMediaButtonIntent() for PendingIntent{b3e7e440: PendingIntentRecord{b418ff58 com.android.music broadcastIntent}}
I/Choreographer(  468): Skipped 111 frames!  The application may be doing too much work on its main thread.
E/WVMExtractor(   60): Failed to open libwvm.so
E/WVMExtractor(   60): Failed to open libwvm.so
D/InputEventConsistencyVerifier( 1005): KeyEvent: ACTION_UP but key was not down.
D/InputEventConsistencyVerifier( 1005):   in com.android.internal.policy.impl.PhoneWindow$DecorView@b3f49870
D/InputEventConsistencyVerifier( 1005):   0: sent at 173146000000, KeyEvent { action=ACTION_UP, keyCode=KEYCODE_DPAD_UP, scanCode=0, metaState=0, flags=0x8, repeatCount=0, eventTime=173146, downTime=173146, deviceId=-1, source=0x101 }
D/InputEventConsistencyVerifier( 1005):   -- recent events --
D/InputEventConsistencyVerifier( 1005):   1: sent at 173057000000, MotionEvent { action=ACTION_UP, id[0]=0, x[0]=203.0, y[0]=151.0, toolType[0]=TOOL_TYPE_UNKNOWN, buttonState=0, metaState=0, flags=0x0, edgeFlags=0x0, pointerCount=1, historySize=0, eventTime=173057, downTime=173038, deviceId=0, source=0x1002 }
D/InputEventConsistencyVerifier( 1005):   2: sent at 173039000000, MotionEvent { action=ACTION_DOWN, id[0]=0, x[0]=190.0, y[0]=138.0, toolType[0]=TOOL_TYPE_UNKNOWN, buttonState=0, metaState=0, flags=0x0, edgeFlags=0x0, pointerCount=1, historySize=0, eventTime=173039, downTime=173038, deviceId=0, source=0x1002 }
D/InputEventConsistencyVerifier( 1005):   3: sent at 173031000000, MotionEvent { action=ACTION_UP, id[0]=0, x[0]=65.0, y[0]=248.0, toolType[0]=TOOL_TYPE_UNKNOWN, buttonState=0, metaState=0, flags=0x0, edgeFlags=0x0, pointerCount=1, historySize=0, eventTime=173031, downTime=173022, deviceId=0, source=0x1002 }
D/InputEventConsistencyVerifier( 1005):   4: sent at 173022000000, MotionEvent { action=ACTION_DOWN, id[0]=0, x[0]=65.0, y[0]=251.0, toolType[0]=TOOL_TYPE_UNKNOWN, buttonState=0, metaState=0, flags=0x0, edgeFlags=0x0, pointerCount=1, historySize=0, eventTime=173022, downTime=173022, deviceId=0, source=0x1002 }
D/InputEventConsistencyVerifier( 1005):   5: sent at 172985000000, (unhandled) KeyEvent { action=ACTION_UP, keyCode=KEYCODE_DPAD_LEFT, scanCode=0, metaState=0, flags=0x8, repeatCount=0, eventTime=172985, downTime=172985, deviceId=-1, source=0x101 }
E/WVMExtractor(   60): Failed to open libwvm.so
W/dalvikvm(  981): DroidBox: { "FdAccess": { "path": "2f6465762f696e7075742f6576656e7430", "id": "1532410126" } }
W/DroidBox(  981): DroidBox: { "FileRW": { "operation": "write", "data": "efbfbd060000efbfbdefbfbd0c000500000000000000", "id": "1532410126" } }
E/WVMExtractor(   60): Failed to open libwvm.so
I/Choreographer( 1005): Skipped 60 frames!  The application may be doing too much work on its main thread.
V/PhoneStatusBar(  411): setLightsOn(true)
W/InputMethodManagerService(  222): Window already focused, ignoring focus gain of: com.android.internal.view.IInputMethodClient$Stub$Proxy@b3fdf2b0 attribute=null
I/Choreographer( 1005): Skipped 36 frames!  The application may be doing too much work on its main thread.
I/ActivityManager(  222): START {act=android.intent.action.MAIN cat=[android.intent.category.HOME] flg=0x10200000 cmp=com.android.launcher/com.android.launcher2.Launcher u=0} from pid 222
E/WVMExtractor(   60): Failed to open libwvm.so
I/InputDispatcher(  222): Dropped event because of pending overdue app switch.
W/InputManager(  222): Input event injection from pid 981 failed.
I/ActivityManager(  222): START {act=android.intent.action.MAIN cat=[android.intent.category.LAUNCHER] flg=0x10200000 cmp=com.soft.android.appinstaller/.FirstActivity u=0} from pid 981
E/WVMExtractor(   60): Failed to open libwvm.so
E/WVMExtractor(   60): Failed to open libwvm.so
I/InputAttributes(  468): InputType.TYPE_NULL is specified
D/InputEventConsistencyVerifier( 1005): KeyEvent: ACTION_UP but key was not down.
D/InputEventConsistencyVerifier( 1005):   in android.widget.LinearLayout@b3fc1850
D/InputEventConsistencyVerifier( 1005):   0: sent at 175707000000, KeyEvent { action=ACTION_UP, keyCode=KEYCODE_DPAD_RIGHT, scanCode=0, metaState=0, flags=0x8, repeatCount=0, eventTime=175707, downTime=175707, deviceId=-1, source=0x101 }
D/InputEventConsistencyVerifier( 1005):   -- recent events --
D/InputEventConsistencyVerifier( 1005):   1: sent at 170966000000, (unhandled) KeyEvent { action=ACTION_DOWN, keyCode=KEYCODE_DPAD_UP, scanCode=0, metaState=0, flags=0x8, repeatCount=0, eventTime=170966, downTime=170966, deviceId=-1, source=0x101 }
D/InputEventConsistencyVerifier( 1005):   2: sent at 170891000000, KeyEvent { action=ACTION_UP, keyCode=KEYCODE_DPAD_CENTER, scanCode=0, metaState=0, flags=0x8, repeatCount=0, eventTime=170891, downTime=170891, deviceId=-1, source=0x101 }
D/InputEventConsistencyVerifier( 1005):   3: sent at 170853000000, KeyEvent { action=ACTION_DOWN, keyCode=KEYCODE_DPAD_CENTER, scanCode=0, metaState=0, flags=0x8, repeatCount=0, eventTime=170853, downTime=170853, deviceId=-1, source=0x101 }
D/InputEventConsistencyVerifier( 1005):   4: sent at 170809000000, (unhandled) KeyEvent { action=ACTION_UP, keyCode=KEYCODE_MEDIA_PLAY, scanCode=0, metaState=0, flags=0x8, repeatCount=0, eventTime=170809, downTime=170809, deviceId=-1, source=0x101 }
D/InputEventConsistencyVerifier( 1005):   5: sent at 170638000000, (unhandled) KeyEvent { action=ACTION_DOWN, keyCode=KEYCODE_MEDIA_PLAY, scanCode=0, metaState=0, flags=0x8, repeatCount=0, eventTime=170638, downTime=170638, deviceId=-1, source=0x101 }
I/Choreographer(  468): Skipped 74 frames!  The application may be doing too much work on its main thread.
V/log     ( 1005): Next
I/ActivityManager(  222): START {act=android.intent.action.VIEW dat=http://wmoby.ru/get/4rbjf cmp=com.android.browser/.BrowserActivity u=0} from pid 1005
I/Choreographer( 1005): Skipped 31 frames!  The application may be doing too much work on its main thread.
E/WVMExtractor(   60): Failed to open libwvm.so
D/InputEventConsistencyVerifier( 1005): KeyEvent: ACTION_UP but key was not down.
D/InputEventConsistencyVerifier( 1005):   in com.android.internal.policy.impl.PhoneWindow$DecorView@b3f49870
D/InputEventConsistencyVerifier( 1005):   0: sent at 176495000000, KeyEvent { action=ACTION_UP, keyCode=KEYCODE_DPAD_RIGHT, scanCode=0, metaState=0, flags=0x8, repeatCount=0, eventTime=176495, downTime=176495, deviceId=-1, source=0x101 }
D/InputEventConsistencyVerifier( 1005):   -- recent events --
D/InputEventConsistencyVerifier( 1005):   1: sent at 176371000000, MotionEvent { action=ACTION_UP, id[0]=0, x[0]=415.0, y[0]=230.0, toolType[0]=TOOL_TYPE_UNKNOWN, buttonState=0, metaState=0, flags=0x0, edgeFlags=0x0, pointerCount=1, historySize=0, eventTime=176371, downTime=176352, deviceId=0, source=0x1002 }
D/InputEventConsistencyVerifier( 1005):   2: sent at 176353000000, MotionEvent { action=ACTION_DOWN, id[0]=0, x[0]=415.0, y[0]=245.0, toolType[0]=TOOL_TYPE_UNKNOWN, buttonState=0, metaState=0, flags=0x0, edgeFlags=0x0, pointerCount=1, historySize=0, eventTime=176353, downTime=176352, deviceId=0, source=0x1002 }
D/InputEventConsistencyVerifier( 1005):   3: sent at 175941000000, KeyEvent { action=ACTION_UP, keyCode=KEYCODE_DPAD_CENTER, scanCode=0, metaState=0, flags=0x8, repeatCount=0, eventTime=175941, downTime=175941, deviceId=-1, source=0x101 }
D/InputEventConsistencyVerifier( 1005):   4: sent at 175763000000, KeyEvent { action=ACTION_DOWN, keyCode=KEYCODE_DPAD_CENTER, scanCode=0, metaState=0, flags=0x8, repeatCount=0, eventTime=175763, downTime=175763, deviceId=-1, source=0x101 }
D/InputEventConsistencyVerifier( 1005):   5: sent at 175707000000, (unhandled) KeyEvent { action=ACTION_UP, keyCode=KEYCODE_DPAD_RIGHT, scanCode=0, metaState=0, flags=0x8, repeatCount=0, eventTime=175707, downTime=175707, deviceId=-1, source=0x101 }
I/Choreographer(  468): Skipped 80 frames!  The application may be doing too much work on its main thread.
E/WVMExtractor(   60): Failed to open libwvm.so
E/WVMExtractor(   60): Failed to open libwvm.so
I/InputAttributes(  468): InputType.TYPE_NULL is specified
D/InputEventConsistencyVerifier( 1005): KeyEvent: ACTION_UP but key was not down.
D/InputEventConsistencyVerifier( 1005):   in android.widget.LinearLayout@b3fc1850
D/InputEventConsistencyVerifier( 1005):   0: sent at 176898000000, KeyEvent { action=ACTION_UP, keyCode=KEYCODE_DPAD_RIGHT, scanCode=0, metaState=0, flags=0x8, repeatCount=0, eventTime=176898, downTime=176898, deviceId=-1, source=0x101 }
D/InputEventConsistencyVerifier( 1005):   -- recent events --
D/InputEventConsistencyVerifier( 1005):   1: sent at 175941000000, KeyEvent { action=ACTION_UP, keyCode=KEYCODE_DPAD_CENTER, scanCode=0, metaState=0, flags=0x8, repeatCount=0, eventTime=175941, downTime=175941, deviceId=-1, source=0x101 }
D/InputEventConsistencyVerifier( 1005):   2: sent at 175763000000, KeyEvent { action=ACTION_DOWN, keyCode=KEYCODE_DPAD_CENTER, scanCode=0, metaState=0, flags=0x8, repeatCount=0, eventTime=175763, downTime=175763, deviceId=-1, source=0x101 }
D/InputEventConsistencyVerifier( 1005):   3: sent at 175707000000, (unhandled) KeyEvent { action=ACTION_UP, keyCode=KEYCODE_DPAD_RIGHT, scanCode=0, metaState=0, flags=0x80000008, repeatCount=0, eventTime=175707, downTime=175707, deviceId=-1, source=0x101 }
D/InputEventConsistencyVerifier( 1005):   4: sent at 170966000000, (unhandled) KeyEvent { action=ACTION_DOWN, keyCode=KEYCODE_DPAD_UP, scanCode=0, metaState=0, flags=0x8, repeatCount=0, eventTime=170966, downTime=170966, deviceId=-1, source=0x101 }
D/InputEventConsistencyVerifier( 1005):   5: sent at 170891000000, KeyEvent { action=ACTION_UP, keyCode=KEYCODE_DPAD_CENTER, scanCode=0, metaState=0, flags=0x8, repeatCount=0, eventTime=170891, downTime=170891, deviceId=-1, source=0x101 }
I/Choreographer( 1005): Skipped 31 frames!  The application may be doing too much work on its main thread.
I/Choreographer(  468): Skipped 102 frames!  The application may be doing too much work on its main thread.
E/WVMExtractor(   60): Failed to open libwvm.so
D/InputEventConsistencyVerifier( 1005): KeyEvent: ACTION_UP but key was not down.
D/InputEventConsistencyVerifier( 1005):   in android.widget.Button@b3fbf7a8
