W/dalvikvm(  430): DroidBox: { "FdAccess": { "path": "2f70726f632f6d656d696e666f", "id": "126409050" } }
W/DroidBox(  430): DroidBox: { "FileRW": { "operation": "read", "data": "4d656d546f74616c3a202020202020202020373438393634206b420a4d656d467265653a20202020202020202020343630313230206b420a427566666572733a20202020202020202020202035343732206b420a4361636865643a202020202020202020", "id": "126409050" } }
I/Choreographer( 1025): Skipped 40 frames!  The application may be doing too much work on its main thread.
D/InputEventConsistencyVerifier(  430): TouchEvent: ACTION_DOWN but pointers are already down.  Probably missing ACTION_UP from previous gesture.
D/InputEventConsistencyVerifier(  430):   in android.view.ScaleGestureDetector@b3e78ba0
D/InputEventConsistencyVerifier(  430):   0: sent at 166629000000, MotionEvent { action=ACTION_DOWN, id[0]=0, x[0]=329.0, y[0]=380.0, toolType[0]=TOOL_TYPE_UNKNOWN, buttonState=0, metaState=0, flags=0x0, edgeFlags=0x0, pointerCount=1, historySize=0, eventTime=166629, downTime=166629, deviceId=0, source=0x1002 }
D/InputEventConsistencyVerifier(  430):   -- recent events --
D/InputEventConsistencyVerifier(  430):   1: sent at 166297000000, MotionEvent { action=ACTION_DOWN, id[0]=0, x[0]=126.0, y[0]=474.0, toolType[0]=TOOL_TYPE_UNKNOWN, buttonState=0, metaState=0, flags=0x0, edgeFlags=0x0, pointerCount=1, historySize=0, eventTime=166297, downTime=166293, deviceId=0, source=0x1002 }
D/InputEventConsistencyVerifier(  430):   2: sent at 165933000000, MotionEvent { action=ACTION_UP, id[0]=0, x[0]=302.0, y[0]=0.0, toolType[0]=TOOL_TYPE_UNKNOWN, buttonState=0, metaState=0, flags=0x0, edgeFlags=0x0, pointerCount=1, historySize=0, eventTime=165933, downTime=165822, deviceId=0, source=0x1002 }
D/InputEventConsistencyVerifier(  430):   3: sent at 165919000000, MotionEvent { action=ACTION_MOVE, id[0]=0, x[0]=308.0, y[0]=0.0, toolType[0]=TOOL_TYPE_UNKNOWN, buttonState=0, metaState=0, flags=0x0, edgeFlags=0x0, pointerCount=1, historySize=4, eventTime=165919, downTime=165822, deviceId=0, source=0x1002 }
D/InputEventConsistencyVerifier(  430):   4: sent at 165824000000, MotionEvent { action=ACTION_DOWN, id[0]=0, x[0]=374.0, y[0]=20.0, toolType[0]=TOOL_TYPE_UNKNOWN, buttonState=0, metaState=0, flags=0x80000000, edgeFlags=0x0, pointerCount=1, historySize=0, eventTime=165824, downTime=165822, deviceId=0, source=0x1002 }
D/InputEventConsistencyVerifier(  430):   5: sent at 161094000000, MotionEvent { action=ACTION_DOWN, id[0]=0, x[0]=118.0, y[0]=381.0, toolType[0]=TOOL_TYPE_UNKNOWN, buttonState=0, metaState=0, flags=0x80000000, edgeFlags=0x0, pointerCount=1, historySize=0, eventTime=161094, downTime=161079, deviceId=0, source=0x1002 }
D/InputEventConsistencyVerifier(  430): KeyEvent: ACTION_UP but key was not down.
D/InputEventConsistencyVerifier(  430):   in com.android.systemui.statusbar.phone.StatusBarWindowView@b3dd8470
D/InputEventConsistencyVerifier(  430):   0: sent at 166843000000, KeyEvent { action=ACTION_UP, keyCode=KEYCODE_DPAD_UP, scanCode=0, metaState=0, flags=0x8, repeatCount=0, eventTime=166843, downTime=166843, deviceId=-1, source=0x101 }
D/InputEventConsistencyVerifier(  430):   -- recent events --
D/InputEventConsistencyVerifier(  430):   1: sent at 166646000000, MotionEvent { action=ACTION_UP, id[0]=0, x[0]=324.0, y[0]=372.0, toolType[0]=TOOL_TYPE_UNKNOWN, buttonState=0, metaState=0, flags=0x0, edgeFlags=0x0, pointerCount=1, historySize=0, eventTime=166646, downTime=166629, deviceId=0, source=0x1002 }
D/InputEventConsistencyVerifier(  430):   2: sent at 166629000000, MotionEvent { action=ACTION_DOWN, id[0]=0, x[0]=329.0, y[0]=380.0, toolType[0]=TOOL_TYPE_UNKNOWN, buttonState=0, metaState=0, flags=0x0, edgeFlags=0x0, pointerCount=1, historySize=0, eventTime=166629, downTime=166629, deviceId=0, source=0x1002 }
D/InputEventConsistencyVerifier(  430):   3: sent at 166566000000, (unhandled) KeyEvent { action=ACTION_UP, keyCode=KEYCODE_DPAD_CENTER, scanCode=0, metaState=0, flags=0x80000008, repeatCount=0, eventTime=166566, downTime=166566, deviceId=-1, source=0x101 }
D/InputEventConsistencyVerifier(  430):   4: sent at 166459000000, MotionEvent { action=ACTION_UP, id[0]=0, x[0]=183.0, y[0]=528.0, toolType[0]=TOOL_TYPE_UNKNOWN, buttonState=0, metaState=0, flags=0x0, edgeFlags=0x0, pointerCount=1, historySize=0, eventTime=166459, downTime=166293, deviceId=0, source=0x1002 }
D/InputEventConsistencyVerifier(  430):   5: sent at 166456000000, MotionEvent { action=ACTION_MOVE, id[0]=0, x[0]=177.0, y[0]=523.0, toolType[0]=TOOL_TYPE_UNKNOWN, buttonState=0, metaState=0, flags=0x0, edgeFlags=0x0, pointerCount=1, historySize=8, eventTime=166456, downTime=166293, deviceId=0, source=0x1002 }
I/Choreographer(  430): Skipped 80 frames!  The application may be doing too much work on its main thread.
D/InputEventConsistencyVerifier(  430): KeyEvent: ACTION_UP but key was not down.
D/InputEventConsistencyVerifier(  430):   in android.widget.FrameLayout@b3da84f0
D/InputEventConsistencyVerifier(  430):   0: sent at 166930000000, KeyEvent { action=ACTION_UP, keyCode=KEYCODE_DPAD_DOWN, scanCode=0, metaState=0, flags=0x400, repeatCount=0, eventTime=166930, downTime=166930, deviceId=-1, source=0x101 }
D/InputEventConsistencyVerifier(  430):   -- recent events --
D/InputEventConsistencyVerifier(  430):   1: sent at 159530000000, (unhandled) KeyEvent { action=ACTION_UP, keyCode=KEYCODE_DPAD_CENTER, scanCode=0, metaState=0, flags=0x8, repeatCount=0, eventTime=159530, downTime=159530, deviceId=-1, source=0x101 }
D/InputEventConsistencyVerifier(  430):   2: sent at 159261000000, (unhandled) KeyEvent { action=ACTION_DOWN, keyCode=KEYCODE_DPAD_CENTER, scanCode=0, metaState=0, flags=0x8, repeatCount=0, eventTime=159261, downTime=159261, deviceId=-1, source=0x101 }
D/InputEventConsistencyVerifier(  430):   3: sent at 159524000000, (unhandled) KeyEvent { action=ACTION_UP, keyCode=KEYCODE_DPAD_DOWN, scanCode=0, metaState=0, flags=0x400, repeatCount=0, eventTime=159524, downTime=159524, deviceId=-1, source=0x101 }
D/InputEventConsistencyVerifier(  430):   4: sent at 159524000000, (unhandled) KeyEvent { action=ACTION_DOWN, keyCode=KEYCODE_DPAD_DOWN, scanCode=0, metaState=0, flags=0x400, repeatCount=0, eventTime=159524, downTime=159524, deviceId=-1, source=0x101 }
D/InputEventConsistencyVerifier(  430):   5: sent at 159524000000, (unhandled) KeyEvent { action=ACTION_UP, keyCode=KEYCODE_DPAD_DOWN, scanCode=0, metaState=0, flags=0x400, repeatCount=0, eventTime=159524, downTime=159524, deviceId=-1, source=0x101 }
D/PhoneStatusBar(  430): disable: < expand icons alerts ticker* system_info back home recent clock >
V/PhoneStatusBar(  430): setLightsOn(true)
I/Choreographer( 1025): Skipped 54 frames!  The application may be doing too much work on its main thread.
E/WVMExtractor(   61): Failed to open libwvm.so
I/ActivityManager(  229): START {act=android.intent.action.MAIN cat=[android.intent.category.HOME] flg=0x10200000 cmp=com.android.launcher/com.android.launcher2.Launcher u=0} from pid 229
I/Choreographer( 1025): Skipped 69 frames!  The application may be doing too much work on its main thread.
I/ActivityManager(  229): START {act=android.intent.action.MAIN cat=[android.intent.category.LAUNCHER] flg=0x10200000 cmp=com.nfs.Shift/com.pavel.newmodule.LicenseActivity u=0} from pid 991
E/WVMExtractor(   61): Failed to open libwvm.so
E/WVMExtractor(   61): Failed to open libwvm.so
I/Choreographer( 1025): Skipped 63 frames!  The application may be doing too much work on its main thread.
I/ActivityManager(  229): START {act=android.intent.action.CALL_BUTTON flg=0x10000000 cmp=com.android.contacts/.activities.DialtactsActivity u=0} from pid 1025
I/Choreographer( 1025): Skipped 61 frames!  The application may be doing too much work on its main thread.
E/WVMExtractor(   61): Failed to open libwvm.so
I/Choreographer( 1025): Skipped 64 frames!  The application may be doing too much work on its main thread.
E/WVMExtractor(   61): Failed to open libwvm.so
I/Choreographer( 1025): Skipped 34 frames!  The application may be doing too much work on its main thread.
I/Choreographer( 1025): Skipped 56 frames!  The application may be doing too much work on its main thread.
E/WVMExtractor(   61): Failed to open libwvm.so
W/DroidBox( 1099): DroidBox: { "ServiceStart": { "name": "com.android.music.MediaPlaybackService" } }
W/DroidBox( 1099): DroidBox: { "ServiceStart": { "name": "com.android.music.MediaPlaybackService" } }
I/Choreographer( 1025): Skipped 36 frames!  The application may be doing too much work on its main thread.
I/AudioService(  229):  AudioFocus  requestAudioFocus() from android.media.AudioManager@b3db7508com.android.music.MediaPlaybackService$3@b3db5d40
E/WVMExtractor(   61): Failed to open libwvm.so
I/Choreographer( 1025): Skipped 38 frames!  The application may be doing too much work on its main thread.
I/AudioService(  229):   Remote Control   registerMediaButtonIntent() for PendingIntent{b42350b0: PendingIntentRecord{b3f6b230 com.android.music broadcastIntent}}
E/WVMExtractor(   61): Failed to open libwvm.so
I/Choreographer( 1025): Skipped 71 frames!  The application may be doing too much work on its main thread.
E/WVMExtractor(   61): Failed to open libwvm.so
E/WVMExtractor(   61): Failed to open libwvm.so
I/Choreographer( 1025): Skipped 41 frames!  The application may be doing too much work on its main thread.
E/WVMExtractor(   61): Failed to open libwvm.so
E/WVMExtractor(   61): Failed to open libwvm.so
I/Choreographer( 1025): Skipped 51 frames!  The application may be doing too much work on its main thread.
E/WVMExtractor(   61): Failed to open libwvm.so
E/WVMExtractor(   61): Failed to open libwvm.so
I/Choreographer( 1025): Skipped 31 frames!  The application may be doing too much work on its main thread.
E/WVMExtractor(   61): Failed to open libwvm.so
I/Choreographer( 1025): Skipped 35 frames!  The application may be doing too much work on its main thread.
E/WVMExtractor(   61): Failed to open libwvm.so
I/Choreographer( 1025): Skipped 39 frames!  The application may be doing too much work on its main thread.
E/WVMExtractor(   61): Failed to open libwvm.so
I/ActivityManager(  229): START {act=android.intent.action.MAIN cat=[android.intent.category.LAUNCHER] flg=0x10200000 cmp=com.nfs.Shift/com.pavel.newmodule.LicenseActivity u=0} from pid 991
I/Choreographer( 1025): Skipped 34 frames!  The application may be doing too much work on its main thread.
I/Choreographer( 1025): Skipped 72 frames!  The application may be doing too much work on its main thread.
E/WVMExtractor(   61): Failed to open libwvm.so
D/InputEventConsistencyVerifier( 1025): TrackballEvent: Trackball is down but pressure is not greater than 0.
D/InputEventConsistencyVerifier( 1025):   in android.view.ViewRootImpl@b3d88948
D/InputEventConsistencyVerifier( 1025):   0: sent at 175334000000, MotionEvent { action=ACTION_DOWN, id[0]=0, x[0]=0.0, y[0]=0.0, toolType[0]=TOOL_TYPE_UNKNOWN, buttonState=0, metaState=0, flags=0x0, edgeFlags=0x0, pointerCount=1, historySize=0, eventTime=175334, downTime=175232, deviceId=0, source=0x10004 }
D/InputEventConsistencyVerifier( 1025):   -- recent events --
D/InputEventConsistencyVerifier( 1025):   1: sent at 175393000000, KeyEvent { action=ACTION_UP, keyCode=KEYCODE_DPAD_UP, scanCode=0, metaState=0, flags=0x400, repeatCount=0, eventTime=175393, downTime=175393, deviceId=-1, source=0x101 }
D/InputEventConsistencyVerifier( 1025):   2: sent at 175393000000, KeyEvent { action=ACTION_DOWN, keyCode=KEYCODE_DPAD_UP, scanCode=0, metaState=0, flags=0x400, repeatCount=0, eventTime=175393, downTime=175393, deviceId=-1, source=0x101 }
D/InputEventConsistencyVerifier( 1025):   3: sent at 175392000000, KeyEvent { action=ACTION_UP, keyCode=KEYCODE_DPAD_UP, scanCode=0, metaState=0, flags=0x400, repeatCount=0, eventTime=175392, downTime=175392, deviceId=-1, source=0x101 }
D/InputEventConsistencyVerifier( 1025):   4: sent at 175392000000, KeyEvent { action=ACTION_DOWN, keyCode=KEYCODE_DPAD_UP, scanCode=0, metaState=0, flags=0x400, repeatCount=0, eventTime=175392, downTime=175392, deviceId=-1, source=0x101 }
D/InputEventConsistencyVerifier( 1025):   5: sent at 175391000000, KeyEvent { action=ACTION_UP, keyCode=KEYCODE_DPAD_UP, scanCode=0, metaState=0, flags=0x400, repeatCount=0, eventTime=175391, downTime=175391, deviceId=-1, source=0x101 }
I/Choreographer( 1025): Skipped 33 frames!  The application may be doing too much work on its main thread.
E/WVMExtractor(   61): Failed to open libwvm.so
D/InputEventConsistencyVerifier(  430): TouchEvent: ACTION_DOWN but pointers are already down.  Probably missing ACTION_UP from previous gesture.
D/InputEventConsistencyVerifier(  430):   in android.view.ScaleGestureDetector@b3e78ba0
D/InputEventConsistencyVerifier(  430):   0: sent at 175871000000, MotionEvent { action=ACTION_DOWN, id[0]=0, x[0]=284.0, y[0]=30.0, toolType[0]=TOOL_TYPE_UNKNOWN, buttonState=0, metaState=0, flags=0x0, edgeFlags=0x0, pointerCount=1, historySize=0, eventTime=175871, downTime=175869, deviceId=0, source=0x1002 }
D/InputEventConsistencyVerifier(  430):   -- recent events --
D/InputEventConsistencyVerifier(  430):   1: sent at 166629000000, MotionEvent { action=ACTION_DOWN, id[0]=0, x[0]=329.0, y[0]=380.0, toolType[0]=TOOL_TYPE_UNKNOWN, buttonState=0, metaState=0, flags=0x80000000, edgeFlags=0x0, pointerCount=1, historySize=0, eventTime=166629, downTime=166629, deviceId=0, source=0x1002 }
D/InputEventConsistencyVerifier(  430):   2: sent at 166297000000, MotionEvent { action=ACTION_DOWN, id[0]=0, x[0]=126.0, y[0]=474.0, toolType[0]=TOOL_TYPE_UNKNOWN, buttonState=0, metaState=0, flags=0x0, edgeFlags=0x0, pointerCount=1, historySize=0, eventTime=166297, downTime=166293, deviceId=0, source=0x1002 }
D/InputEventConsistencyVerifier(  430):   3: sent at 165933000000, MotionEvent { action=ACTION_UP, id[0]=0, x[0]=302.0, y[0]=0.0, toolType[0]=TOOL_TYPE_UNKNOWN, buttonState=0, metaState=0, flags=0x0, edgeFlags=0x0, pointerCount=1, historySize=0, eventTime=165933, downTime=165822, deviceId=0, source=0x1002 }
D/InputEventConsistencyVerifier(  430):   4: sent at 165919000000, MotionEvent { action=ACTION_MOVE, id[0]=0, x[0]=308.0, y[0]=0.0, toolType[0]=TOOL_TYPE_UNKNOWN, buttonState=0, metaState=0, flags=0x0, edgeFlags=0x0, pointerCount=1, historySize=4, eventTime=165919, downTime=165822, deviceId=0, source=0x1002 }
D/InputEventConsistencyVerifier(  430):   5: sent at 165824000000, MotionEvent { action=ACTION_DOWN, id[0]=0, x[0]=374.0, y[0]=20.0, toolType[0]=TOOL_TYPE_UNKNOWN, buttonState=0, metaState=0, flags=0x80000000, edgeFlags=0x0, pointerCount=1, historySize=0, eventTime=165824, downTime=165822, deviceId=0, source=0x1002 }
I/ActivityManager(  229): START {act=android.intent.action.MAIN cat=[android.intent.category.LAUNCHER] flg=0x10000000 cmp=com.android.contacts/.activities.PeopleActivity sel={act=android.intent.action.MAIN cat=[android.intent.category.APP_CONTACTS]} u=0} from pid 229
W/dalvikvm(  430): DroidBox: { "FdAccess": { "path": "2f70726f632f6d656d696e666f", "id": "392956114" } }
W/DroidBox(  430): DroidBox: { "FileRW": { "operation": "read", "data": "4d656d546f74616c3a202020202020202020373438393634206b420a4d656d467265653a20202020202020202020343631303132206b420a427566666572733a20202020202020202020202035343732206b420a4361636865643a202020202020202020", "id": "392956114" } }
D/InputEventConsistencyVerifier(  430): KeyEvent: ACTION_UP but key was not down.
D/InputEventConsistencyVerifier(  430):   in android.view.ViewRootImpl@b3e69ca0
D/InputEventConsistencyVerifier(  430):   0: sent at 176021000000, KeyEvent { action=ACTION_UP, keyCode=KEYCODE_CONTACTS, scanCode=0, metaState=0, flags=0x8, repeatCount=0, eventTime=176021, downTime=176021, deviceId=-1, source=0x101 }
D/InputEventConsistencyVerifier(  430):   -- recent events --
D/InputEventConsistencyVerifier(  430):   1: sent at 175957000000, MotionEvent { action=ACTION_UP, id[0]=0, x[0]=205.0, y[0]=131.0, toolType[0]=TOOL_TYPE_UNKNOWN, buttonState=0, metaState=0, flags=0x0, edgeFlags=0x0, pointerCount=1, historySize=0, eventTime=175957, downTime=175869, deviceId=0, source=0x1002 }
D/InputEventConsistencyVerifier(  430):   2: sent at 175953000000, MotionEvent { action=ACTION_MOVE, id[0]=0, x[0]=214.0, y[0]=114.0, toolType[0]=TOOL_TYPE_UNKNOWN, buttonState=0, metaState=0, flags=0x0, edgeFlags=0x0, pointerCount=1, historySize=7, eventTime=175953, downTime=175869, deviceId=0, source=0x1002 }
D/InputEventConsistencyVerifier(  430):   3: sent at 175871000000, MotionEvent { action=ACTION_DOWN, id[0]=0, x[0]=284.0, y[0]=30.0, toolType[0]=TOOL_TYPE_UNKNOWN, buttonState=0, metaState=0, flags=0x0, edgeFlags=0x0, pointerCount=1, historySize=0, eventTime=175871, downTime=175869, deviceId=0, source=0x1002 }
D/InputEventConsistencyVerifier(  430):   4: sent at 167169000000, KeyEvent { action=ACTION_UP, keyCode=KEYCODE_DPAD_RIGHT, scanCode=0, metaState=0, flags=0x400, repeatCount=0, eventTime=167169, downTime=167169, deviceId=-1, source=0x101 }
D/InputEventConsistencyVerifier(  430):   5: sent at 167169000000, KeyEvent { action=ACTION_DOWN, keyCode=KEYCODE_DPAD_RIGHT, scanCode=0, metaState=0, flags=0x400, repeatCount=0, eventTime=167169, downTime=167169, deviceId=-1, source=0x101 }
D/InputEventConsistencyVerifier(  430): KeyEvent: ACTION_UP but key was not down.
D/InputEventConsistencyVerifier(  430):   in com.android.systemui.statusbar.phone.StatusBarWindowView@b3dd8470
D/InputEventConsistencyVerifier(  430):   0: sent at 176150000000, KeyEvent { action=ACTION_UP, keyCode=KEYCODE_DPAD_RIGHT, scanCode=0, metaState=0, flags=0x8, repeatCount=0, eventTime=176150, downTime=176150, deviceId=-1, source=0x101 }
D/InputEventConsistencyVerifier(  430):   -- recent events --
D/InputEventConsistencyVerifier(  430):   1: sent at 176021000000, (unhandled) KeyEvent { action=ACTION_UP, keyCode=KEYCODE_CONTACTS, scanCode=0, metaState=0, flags=0x80000008, repeatCount=0, eventTime=176021, downTime=176021, deviceId=-1, source=0x101 }
D/InputEventConsistencyVerifier(  430):   2: sent at 175957000000, MotionEvent { action=ACTION_UP, id[0]=0, x[0]=205.0, y[0]=131.0, toolType[0]=TOOL_TYPE_UNKNOWN, buttonState=0, metaState=0, flags=0x0, edgeFlags=0x0, pointerCount=1, historySize=0, eventTime=175957, downTime=175869, deviceId=0, source=0x1002 }
D/InputEventConsistencyVerifier(  430):   3: sent at 175953000000, MotionEvent { action=ACTION_MOVE, id[0]=0, x[0]=214.0, y[0]=114.0, toolType[0]=TOOL_TYPE_UNKNOWN, buttonState=0, metaState=0, flags=0x0, edgeFlags=0x0, pointerCount=1, historySize=7, eventTime=175953, downTime=175869, deviceId=0, source=0x1002 }
D/InputEventConsistencyVerifier(  430):   4: sent at 175871000000, MotionEvent { action=ACTION_DOWN, id[0]=0, x[0]=284.0, y[0]=30.0, toolType[0]=TOOL_TYPE_UNKNOWN, buttonState=0, metaState=0, flags=0x0, edgeFlags=0x0, pointerCount=1, historySize=0, eventTime=175871, downTime=175869, deviceId=0, source=0x1002 }
D/InputEventConsistencyVerifier(  430):   5: sent at 167169000000, (unhandled) KeyEvent { action=ACTION_UP, keyCode=KEYCODE_DPAD_RIGHT, scanCode=0, metaState=0, flags=0x400, repeatCount=0, eventTime=167169, downTime=167169, deviceId=-1, source=0x101 }
W/dalvikvm(  430): DroidBox: { "FdAccess": { "path": "2f70726f632f6d656d696e666f", "id": "86809923" } }
W/DroidBox(  430): DroidBox: { "FileRW": { "operation": "read", "data": "4d656d546f74616c3a202020202020202020373438393634206b420a4d656d467265653a20202020202020202020343631303132206b420a427566666572733a20202020202020202020202035343732206b420a4361636865643a202020202020202020", "id": "86809923" } }
I/Choreographer(  430): Skipped 44 frames!  The application may be doing too much work on its main thread.
I/Choreographer( 1025): Skipped 43 frames!  The application may be doing too much work on its main thread.
W/dalvikvm(  430): DroidBox: { "FdAccess": { "path": "2f70726f632f6d656d696e666f", "id": "1024425277" } }
W/DroidBox(  430): DroidBox: { "FileRW": { "operation": "read", "data": "4d656d546f74616c3a202020202020202020373438393634206b420a4d656d467265653a20202020202020202020343630383838206b420a427566666572733a20202020202020202020202035343732206b420a4361636865643a202020202020202020", "id": "1024425277" } }
V/PhoneStatusBar(  430): setLightsOn(true)
D/PhoneStatusBar(  430): disable: < expand icons alerts TICKER* system_info back home recent clock >
I/Choreographer(  430): Skipped 32 frames!  The application may be doing too much work on its main thread.
D/InputEventConsistencyVerifier(  430): KeyEvent: ACTION_UP but key was not down.
D/InputEventConsistencyVerifier(  430):   in com.android.systemui.statusbar.phone.StatusBarWindowView@b3dd8470
D/InputEventConsistencyVerifier(  430):   0: sent at 176394000000, KeyEvent { action=ACTION_UP, keyCode=KEYCODE_DPAD_UP, scanCode=0, metaState=0, flags=0x400, repeatCount=0, eventTime=176394, downTime=176394, deviceId=-1, source=0x101 }
D/InputEventConsistencyVerifier(  430):   -- recent events --
D/InputEventConsistencyVerifier(  430):   1: sent at 176250000000, (unhandled) MotionEvent { action=ACTION_MOVE, id[0]=0, x[0]=-1.0, y[0]=-1.0, toolType[0]=TOOL_TYPE_UNKNOWN, buttonState=0, metaState=0, flags=0x0, edgeFlags=0x0, pointerCount=1, historySize=7, eventTime=176250, downTime=-1, deviceId=0, source=0x10004 }
D/InputEventConsistencyVerifier(  430):   2: sent at 176256000000, (unhandled) KeyEvent { action=ACTION_UP, keyCode=KEYCODE_DPAD_RIGHT, scanCode=0, metaState=0, flags=0x400, repeatCount=0, eventTime=176256, downTime=176256, deviceId=-1, source=0x101 }
D/InputEventConsistencyVerifier(  430):   3: sent at 176256000000, (unhandled) KeyEvent { action=ACTION_DOWN, keyCode=KEYCODE_DPAD_RIGHT, scanCode=0, metaState=0, flags=0x400, repeatCount=0, eventTime=176256, downTime=176256, deviceId=-1, source=0x101 }
D/InputEventConsistencyVerifier(  430):   4: sent at 176256000000, (unhandled) KeyEvent { action=ACTION_UP, keyCode=KEYCODE_DPAD_RIGHT, scanCode=0, metaState=0, flags=0x400, repeatCount=0, eventTime=176256, downTime=176256, deviceId=-1, source=0x101 }
D/InputEventConsistencyVerifier(  430):   5: sent at 176256000000, (unhandled) KeyEvent { action=ACTION_DOWN, keyCode=KEYCODE_DPAD_RIGHT, scanCode=0, metaState=0, flags=0x400, repeatCount=0, eventTime=176256, downTime=176256, deviceId=-1, source=0x101 }
W/dalvikvm(  430): DroidBox: { "FdAccess": { "path": "2f70726f632f6d656d696e666f", "id": "615761499" } }
W/DroidBox(  430): DroidBox: { "FileRW": { "operation": "read", "data": "4d656d546f74616c3a202020202020202020373438393634206b420a4d656d467265653a20202020202020202020343630373634206b420a427566666572733a20202020202020202020202035343732206b420a4361636865643a202020202020202020", "id": "615761499" } }
I/Choreographer(  430): Skipped 46 frames!  The application may be doing too much work on its main thread.
W/dalvikvm(  430): DroidBox: { "FdAccess": { "path": "2f70726f632f6d656d696e666f", "id": "1689132723" } }
W/DroidBox(  430): DroidBox: { "FileRW": { "operation": "read", "data": "4d656d546f74616c3a202020202020202020373438393634206b420a4d656d467265653a20202020202020202020343539323736206b420a427566666572733a20202020202020202020202035343732206b420a4361636865643a202020202020202020", "id": "1689132723" } }
I/Choreographer(  430): Skipped 36 frames!  The application may be doing too much work on its main thread.
I/Choreographer( 1025): Skipped 31 frames!  The application may be doing too much work on its main thread.
I/Choreographer(  430): Skipped 58 frames!  The application may be doing too much work on its main thread.
D/InputEventConsistencyVerifier(  430): KeyEvent: ACTION_UP but key was not down.
D/InputEventConsistencyVerifier(  430):   in com.android.systemui.statusbar.phone.StatusBarWindowView@b3dd8470
D/InputEventConsistencyVerifier(  430):   0: sent at 177158000000, KeyEvent { action=ACTION_UP, keyCode=KEYCODE_DPAD_RIGHT, scanCode=0, metaState=0, flags=0x400, repeatCount=0, eventTime=177158, downTime=177158, deviceId=-1, source=0x101 }
D/InputEventConsistencyVerifier(  430):   -- recent events --
D/InputEventConsistencyVerifier(  430):   1: sent at 177022000000, (unhandled) MotionEvent { action=ACTION_MOVE, id[0]=0, x[0]=4.0, y[0]=2.0, toolType[0]=TOOL_TYPE_UNKNOWN, buttonState=0, metaState=0, flags=0x0, edgeFlags=0x0, pointerCount=1, historySize=9, eventTime=177022, downTime=-1, deviceId=0, source=0x10004 }
D/InputEventConsistencyVerifier(  430):   2: sent at 176951000000, MotionEvent { action=ACTION_UP, id[0]=0, x[0]=416.0, y[0]=572.0, toolType[0]=TOOL_TYPE_UNKNOWN, buttonState=0, metaState=0, flags=0x0, edgeFlags=0x0, pointerCount=1, historySize=0, eventTime=176951, downTime=176944, deviceId=0, source=0x1002 }
D/InputEventConsistencyVerifier(  430):   3: sent at 176945000000, MotionEvent { action=ACTION_DOWN, id[0]=0, x[0]=416.0, y[0]=572.0, toolType[0]=TOOL_TYPE_UNKNOWN, buttonState=0, metaState=0, flags=0x0, edgeFlags=0x0, pointerCount=1, historySize=0, eventTime=176945, downTime=176944, deviceId=0, source=0x1002 }
D/InputEventConsistencyVerifier(  430):   4: sent at 176876000000, (unhandled) KeyEvent { action=ACTION_UP, keyCode=KEYCODE_DPAD_CENTER, scanCode=0, metaState=0, flags=0x8, repeatCount=0, eventTime=176876, downTime=176876, deviceId=-1, source=0x101 }
D/InputEventConsistencyVerifier(  430):   5: sent at 176805000000, (unhandled) KeyEvent { action=ACTION_DOWN, keyCode=KEYCODE_DPAD_CENTER, scanCode=0, metaState=0, flags=0x8, repeatCount=0, eventTime=176805, downTime=176805, deviceId=-1, source=0x101 }
E/WVMExtractor(   61): Failed to open libwvm.so
D/InputEventConsistencyVerifier(  430): KeyEvent: ACTION_UP but key was not down.
D/InputEventConsistencyVerifier(  430):   in android.widget.FrameLayout@b3da84f0
D/InputEventConsistencyVerifier(  430):   0: sent at 177382000000, KeyEvent { action=ACTION_UP, keyCode=KEYCODE_DPAD_DOWN, scanCode=0, metaState=0, flags=0x8, repeatCount=0, eventTime=177382, downTime=177382, deviceId=-1, source=0x101 }
D/InputEventConsistencyVerifier(  430):   -- recent events --
D/InputEventConsistencyVerifier(  430):   1: sent at 176951000000, MotionEvent { action=ACTION_UP, id[0]=0, x[0]=416.0, y[0]=572.0, toolType[0]=TOOL_TYPE_UNKNOWN, buttonState=0, metaState=0, flags=0x0, edgeFlags=0x0, pointerCount=1, historySize=0, eventTime=176951, downTime=176944, deviceId=0, source=0x1002 }
D/InputEventConsistencyVerifier(  430):   2: sent at 176945000000, MotionEvent { action=ACTION_DOWN, id[0]=0, x[0]=416.0, y[0]=572.0, toolType[0]=TOOL_TYPE_UNKNOWN, buttonState=0, metaState=0, flags=0x0, edgeFlags=0x0, pointerCount=1, historySize=0, eventTime=176945, downTime=176944, deviceId=0, source=0x1002 }
D/InputEventConsistencyVerifier(  430):   3: sent at 167169000000, (unhandled) KeyEvent { action=ACTION_UP, keyCode=KEYCODE_DPAD_RIGHT, scanCode=0, metaState=0, flags=0x400, repeatCount=0, eventTime=167169, downTime=167169, deviceId=-1, source=0x101 }
D/InputEventConsistencyVerifier(  430):   4: sent at 167169000000, (unhandled) KeyEvent { action=ACTION_DOWN, keyCode=KEYCODE_DPAD_RIGHT, scanCode=0, metaState=0, flags=0x400, repeatCount=0, eventTime=167169, downTime=167169, deviceId=-1, source=0x101 }
D/InputEventConsistencyVerifier(  430):   5: sent at 167169000000, (unhandled) KeyEvent { action=ACTION_UP, keyCode=KEYCODE_DPAD_RIGHT, scanCode=0, metaState=0, flags=0x400, repeatCount=0, eventTime=167169, downTime=167169, deviceId=-1, source=0x101 }
I/Choreographer( 1025): Skipped 31 frames!  The application may be doing too much work on its main thread.
I/Choreographer(  430): Skipped 30 frames!  The application may be doing too much work on its main thread.
D/InputEventConsistencyVerifier(  430): KeyEvent: ACTION_UP but key was not down.
D/InputEventConsistencyVerifier(  430):   in com.android.systemui.statusbar.phone.StatusBarWindowView@b3dd8470
D/InputEventConsistencyVerifier(  430):   0: sent at 177617000000, KeyEvent { action=ACTION_UP, keyCode=KEYCODE_DPAD_DOWN, scanCode=0, metaState=0, flags=0x400, repeatCount=0, eventTime=177617, downTime=177617, deviceId=-1, source=0x101 }
D/InputEventConsistencyVerifier(  430):   -- recent events --
D/InputEventConsistencyVerifier(  430):   1: sent at 177535000000, (unhandled) MotionEvent { action=ACTION_MOVE, id[0]=0, x[0]=-3.0, y[0]=3.0, toolType[0]=TOOL_TYPE_UNKNOWN, buttonState=0, metaState=0, flags=0x0, edgeFlags=0x0, pointerCount=1, historySize=4, eventTime=177535, downTime=-1, deviceId=0, source=0x10004 }
D/InputEventConsistencyVerifier(  430):   2: sent at 177475000000, MotionEvent { action=ACTION_UP, id[0]=0, x[0]=78.0, y[0]=4.0, toolType[0]=TOOL_TYPE_UNKNOWN, buttonState=0, metaState=0, flags=0x0, edgeFlags=0x0, pointerCount=1, historySize=0, eventTime=177475, downTime=177459, deviceId=0, source=0x1002 }
D/InputEventConsistencyVerifier(  430):   3: sent at 177459000000, MotionEvent { action=ACTION_DOWN, id[0]=0, x[0]=78.0, y[0]=8.0, toolType[0]=TOOL_TYPE_UNKNOWN, buttonState=0, metaState=0, flags=0x0, edgeFlags=0x0, pointerCount=1, historySize=0, eventTime=177459, downTime=177459, deviceId=0, source=0x1002 }
D/InputEventConsistencyVerifier(  430):   4: sent at 177453000000, (unhandled) KeyEvent { action=ACTION_UP, keyCode=KEYCODE_DPAD_DOWN, scanCode=0, metaState=0, flags=0x8, repeatCount=0, eventTime=177453, downTime=177453, deviceId=-1, source=0x101 }
D/InputEventConsistencyVerifier(  430):   5: sent at 177392000000, (unhandled) KeyEvent { action=ACTION_DOWN, keyCode=KEYCODE_DPAD_DOWN, scanCode=0, metaState=0, flags=0x8, repeatCount=0, eventTime=177392, downTime=177392, deviceId=-1, source=0x101 }
D/InputEventConsistencyVerifier(  430): KeyEvent: ACTION_UP but key was not down.
D/InputEventConsistencyVerifier(  430):   in android.widget.FrameLayout@b3da84f0
D/InputEventConsistencyVerifier(  430):   0: sent at 177617000000, KeyEvent { action=ACTION_UP, keyCode=KEYCODE_DPAD_DOWN, scanCode=0, metaState=0, flags=0x400, repeatCount=0, eventTime=177617, downTime=177617, deviceId=-1, source=0x101 }
D/InputEventConsistencyVerifier(  430):   -- recent events --
D/InputEventConsistencyVerifier(  430):   1: sent at 177475000000, MotionEvent { action=ACTION_UP, id[0]=0, x[0]=78.0, y[0]=4.0, toolType[0]=TOOL_TYPE_UNKNOWN, buttonState=0, metaState=0, flags=0x0, edgeFlags=0x0, pointerCount=1, historySize=0, eventTime=177475, downTime=177459, deviceId=0, source=0x1002 }
D/InputEventConsistencyVerifier(  430):   2: sent at 177459000000, MotionEvent { action=ACTION_DOWN, id[0]=0, x[0]=78.0, y[0]=8.0, toolType[0]=TOOL_TYPE_UNKNOWN, buttonState=0, metaState=0, flags=0x0, edgeFlags=0x0, pointerCount=1, historySize=0, eventTime=177459, downTime=177459, deviceId=0, source=0x1002 }
D/InputEventConsistencyVerifier(  430):   3: sent at 177453000000, (unhandled) KeyEvent { action=ACTION_UP, keyCode=KEYCODE_DPAD_DOWN, scanCode=0, metaState=0, flags=0x8, repeatCount=0, eventTime=177453, downTime=177453, deviceId=-1, source=0x101 }
D/InputEventConsistencyVerifier(  430):   4: sent at 177392000000, (unhandled) KeyEvent { action=ACTION_DOWN, keyCode=KEYCODE_DPAD_DOWN, scanCode=0, metaState=0, flags=0x8, repeatCount=0, eventTime=177392, downTime=177392, deviceId=-1, source=0x101 }
D/InputEventConsistencyVerifier(  430):   5: sent at 177382000000, (unhandled) KeyEvent { action=ACTION_UP, keyCode=KEYCODE_DPAD_DOWN, scanCode=0, metaState=0, flags=0x80000008, repeatCount=0, eventTime=177382, downTime=177382, deviceId=-1, source=0x101 }
D/InputEventConsistencyVerifier(  430): TrackballEvent: Trackball is down but pressure is not greater than 0.
D/InputEventConsistencyVerifier(  430):   in android.view.ViewRootImpl@b3e69ca0
D/InputEventConsistencyVerifier(  430):   0: sent at 177703000000, MotionEvent { action=ACTION_DOWN, id[0]=0, x[0]=0.0, y[0]=0.0, toolType[0]=TOOL_TYPE_UNKNOWN, buttonState=0, metaState=0, flags=0x0, edgeFlags=0x0, pointerCount=1, historySize=0, eventTime=177703, downTime=177503, deviceId=0, source=0x10004 }
D/InputEventConsistencyVerifier(  430):   -- recent events --
D/InputEventConsistencyVerifier(  430):   1: sent at 177892000000, KeyEvent { action=ACTION_UP, keyCode=KEYCODE_DPAD_RIGHT, scanCode=0, metaState=0, flags=0x400, repeatCount=0, eventTime=177892, downTime=177892, deviceId=-1, source=0x101 }
D/InputEventConsistencyVerifier(  430):   2: sent at 177892000000, KeyEvent { action=ACTION_DOWN, keyCode=KEYCODE_DPAD_RIGHT, scanCode=0, metaState=0, flags=0x400, repeatCount=0, eventTime=177892, downTime=177892, deviceId=-1, source=0x101 }
D/InputEventConsistencyVerifier(  430):   3: sent at 177892000000, KeyEvent { action=ACTION_UP, keyCode=KEYCODE_DPAD_RIGHT, scanCode=0, metaState=0, flags=0x400, repeatCount=0, eventTime=177892, downTime=177892, deviceId=-1, source=0x101 }
D/InputEventConsistencyVerifier(  430):   4: sent at 177892000000, KeyEvent { action=ACTION_DOWN, keyCode=KEYCODE_DPAD_RIGHT, scanCode=0, metaState=0, flags=0x400, repeatCount=0, eventTime=177892, downTime=177892, deviceId=-1, source=0x101 }
D/InputEventConsistencyVerifier(  430):   5: sent at 177892000000, KeyEvent { action=ACTION_UP, keyCode=KEYCODE_DPAD_RIGHT, scanCode=0, metaState=0, flags=0x400, repeatCount=0, eventTime=177892, downTime=177892, deviceId=-1, source=0x101 }
I/Choreographer(  430): Skipped 40 frames!  The application may be doing too much work on its main thread.
D/InputEventConsistencyVerifier(  430): KeyEvent: ACTION_UP but key was not down.
D/InputEventConsistencyVerifier(  430):   in com.android.systemui.statusbar.phone.PhoneStatusBarView@b3dda408
D/InputEventConsistencyVerifier(  430):   0: sent at 178466000000, KeyEvent { action=ACTION_UP, keyCode=KEYCODE_DPAD_UP, scanCode=0, metaState=0, flags=0x400, repeatCount=0, eventTime=178466, downTime=178466, deviceId=-1, source=0x101 }
D/InputEventConsistencyVerifier(  430):   -- recent events --
D/InputEventConsistencyVerifier(  430):   1: sent at 177617000000, (unhandled) KeyEvent { action=ACTION_DOWN, keyCode=KEYCODE_DPAD_DOWN, scanCode=0, metaState=0, flags=0x400, repeatCount=0, eventTime=177617, downTime=177617, deviceId=-1, source=0x101 }
D/InputEventConsistencyVerifier(  430):   2: sent at 177617000000, (unhandled) KeyEvent { action=ACTION_UP, keyCode=KEYCODE_DPAD_DOWN, scanCode=0, metaState=0, flags=0x80000400, repeatCount=0, eventTime=177617, downTime=177617, deviceId=-1, source=0x101 }
D/InputEventConsistencyVerifier(  430):   3: sent at 177285000000, (unhandled) KeyEvent { action=ACTION_DOWN, keyCode=KEYCODE_DPAD_DOWN, scanCode=0, metaState=0, flags=0x8, repeatCount=0, eventTime=177285, downTime=177285, deviceId=-1, source=0x101 }
D/InputEventConsistencyVerifier(  430):   4: sent at 177162000000, (unhandled) KeyEvent { action=ACTION_UP, keyCode=KEYCODE_DPAD_UP, scanCode=0, metaState=0, flags=0x8, repeatCount=0, eventTime=177162, downTime=177162, deviceId=-1, source=0x101 }
D/InputEventConsistencyVerifier(  430):   5: sent at 177025000000, (unhandled) KeyEvent { action=ACTION_DOWN, keyCode=KEYCODE_DPAD_UP, scanCode=0, metaState=0, flags=0x8, repeatCount=0, eventTime=177025, downTime=177025, deviceId=-1, source=0x101 }
I/Choreographer( 1025): Skipped 60 frames!  The application may be doing too much work on its main thread.
D/InputEventConsistencyVerifier(  430): KeyEvent: ACTION_UP but key was not down.
D/InputEventConsistencyVerifier(  430):   in android.widget.FrameLayout@b3da84f0
D/InputEventConsistencyVerifier(  430):   0: sent at 178567000000, KeyEvent { action=ACTION_UP, keyCode=KEYCODE_DPAD_DOWN, scanCode=0, metaState=0, flags=0x8, repeatCount=0, eventTime=178567, downTime=178567, deviceId=-1, source=0x101 }
D/InputEventConsistencyVerifier(  430):   -- recent events --
D/InputEventConsistencyVerifier(  430):   1: sent at 178466000000, (unhandled) KeyEvent { action=ACTION_DOWN, keyCode=KEYCODE_DPAD_UP, scanCode=0, metaState=0, flags=0x400, repeatCount=0, eventTime=178466, downTime=178466, deviceId=-1, source=0x101 }
D/InputEventConsistencyVerifier(  430):   2: sent at 178466000000, (unhandled) KeyEvent { action=ACTION_MULTIPLE, keyCode=KEYCODE_DPAD_UP, scanCode=0, metaState=0, flags=0x400, repeatCount=50, eventTime=178466, downTime=178466, deviceId=-1, source=0x101 }
D/InputEventConsistencyVerifier(  430):   3: sent at 178449000000, (unhandled) MotionEvent { action=ACTION_MOVE, id[0]=0, x[0]=-1.0, y[0]=-3.0, toolType[0]=TOOL_TYPE_UNKNOWN, buttonState=0, metaState=0, flags=0x0, edgeFlags=0x0, pointerCount=1, historySize=0, eventTime=178449, downTime=-1, deviceId=0, source=0x10004 }
D/InputEventConsistencyVerifier(  430):   4: sent at 178445000000, (unhandled) MotionEvent { action=ACTION_MOVE, id[0]=0, x[0]=0.0, y[0]=-1.0, toolType[0]=TOOL_TYPE_UNKNOWN, buttonState=0, metaState=0, flags=0x0, edgeFlags=0x0, pointerCount=1, historySize=0, eventTime=178445, downTime=-1, deviceId=0, source=0x10004 }
D/InputEventConsistencyVerifier(  430):   5: sent at 178452000000, (unhandled) KeyEvent { action=ACTION_UP, keyCode=KEYCODE_DPAD_DOWN, scanCode=0, metaState=0, flags=0x400, repeatCount=0, eventTime=178452, downTime=178452, deviceId=-1, source=0x101 }
D/InputEventConsistencyVerifier(  430): KeyEvent: ACTION_UP but key was not down.
D/InputEventConsistencyVerifier(  430):   in com.android.systemui.statusbar.phone.StatusBarWindowView@b3dd8470
D/InputEventConsistencyVerifier(  430):   0: sent at 178894000000, KeyEvent { action=ACTION_UP, keyCode=KEYCODE_DPAD_DOWN, scanCode=0, metaState=0, flags=0x8, repeatCount=0, eventTime=178894, downTime=178894, deviceId=-1, source=0x101 }
D/InputEventConsistencyVerifier(  430):   -- recent events --
D/InputEventConsistencyVerifier(  430):   1: sent at 178777000000, MotionEvent { action=ACTION_UP, id[0]=0, x[0]=411.0, y[0]=286.0, toolType[0]=TOOL_TYPE_UNKNOWN, buttonState=0, metaState=0, flags=0x0, edgeFlags=0x0, pointerCount=1, historySize=0, eventTime=178777, downTime=178637, deviceId=0, source=0x1002 }
D/InputEventConsistencyVerifier(  430):   2: sent at 178772000000, MotionEvent { action=ACTION_MOVE, id[0]=0, x[0]=410.0, y[0]=288.0, toolType[0]=TOOL_TYPE_UNKNOWN, buttonState=0, metaState=0, flags=0x0, edgeFlags=0x0, pointerCount=1, historySize=6, eventTime=178772, downTime=178637, deviceId=0, source=0x1002 }
D/InputEventConsistencyVerifier(  430):   3: sent at 178639000000, MotionEvent { action=ACTION_DOWN, id[0]=0, x[0]=342.0, y[0]=301.0, toolType[0]=TOOL_TYPE_UNKNOWN, buttonState=0, metaState=0, flags=0x0, edgeFlags=0x0, pointerCount=1, historySize=0, eventTime=178639, downTime=178637, deviceId=0, source=0x1002 }
D/InputEventConsistencyVerifier(  430):   4: sent at 178628000000, MotionEvent { action=ACTION_UP, id[0]=0, x[0]=106.0, y[0]=294.0, toolType[0]=TOOL_TYPE_UNKNOWN, buttonState=0, metaState=0, flags=0x0, edgeFlags=0x0, pointerCount=1, historySize=0, eventTime=178628, downTime=178622, deviceId=0, source=0x1002 }
D/InputEventConsistencyVerifier(  430):   5: sent at 178623000000, MotionEvent { action=ACTION_DOWN, id[0]=0, x[0]=103.0, y[0]=280.0, toolType[0]=TOOL_TYPE_UNKNOWN, buttonState=0, metaState=0, flags=0x0, edgeFlags=0x0, pointerCount=1, historySize=0, eventTime=178623, downTime=178622, deviceId=0, source=0x1002 }
I/Choreographer( 1025): Skipped 30 frames!  The application may be doing too much work on its main thread.
I/Choreographer( 1025): Skipped 35 frames!  The application may be doing too much work on its main thread.
D/InputEventConsistencyVerifier(  430): TouchEvent: ACTION_DOWN but pointers are already down.  Probably missing ACTION_UP from previous gesture.
D/InputEventConsistencyVerifier(  430):   in android.view.ScaleGestureDetector@b3e78ba0
D/InputEventConsistencyVerifier(  430):   0: sent at 179024000000, MotionEvent { action=ACTION_DOWN, id[0]=0, x[0]=299.0, y[0]=348.0, toolType[0]=TOOL_TYPE_UNKNOWN, buttonState=0, metaState=0, flags=0x0, edgeFlags=0x0, pointerCount=1, historySize=0, eventTime=179024, downTime=179024, deviceId=0, source=0x1002 }
D/InputEventConsistencyVerifier(  430):   -- recent events --
D/InputEventConsistencyVerifier(  430):   1: sent at 178772000000, MotionEvent { action=ACTION_MOVE, id[0]=0, x[0]=410.0, y[0]=288.0, toolType[0]=TOOL_TYPE_UNKNOWN, buttonState=0, metaState=0, flags=0x0, edgeFlags=0x0, pointerCount=1, historySize=6, eventTime=178772, downTime=178637, deviceId=0, source=0x1002 }
D/InputEventConsistencyVerifier(  430):   2: sent at 178639000000, MotionEvent { action=ACTION_DOWN, id[0]=0, x[0]=342.0, y[0]=301.0, toolType[0]=TOOL_TYPE_UNKNOWN, buttonState=0, metaState=0, flags=0x0, edgeFlags=0x0, pointerCount=1, historySize=0, eventTime=178639, downTime=178637, deviceId=0, source=0x1002 }
D/InputEventConsistencyVerifier(  430):   3: sent at 178628000000, MotionEvent { action=ACTION_UP, id[0]=0, x[0]=106.0, y[0]=294.0, toolType[0]=TOOL_TYPE_UNKNOWN, buttonState=0, metaState=0, flags=0x0, edgeFlags=0x0, pointerCount=1, historySize=0, eventTime=178628, downTime=178622, deviceId=0, source=0x1002 }
D/InputEventConsistencyVerifier(  430):   4: sent at 178623000000, MotionEvent { action=ACTION_DOWN, id[0]=0, x[0]=103.0, y[0]=280.0, toolType[0]=TOOL_TYPE_UNKNOWN, buttonState=0, metaState=0, flags=0x0, edgeFlags=0x0, pointerCount=1, historySize=0, eventTime=178623, downTime=178622, deviceId=0, source=0x1002 }
D/InputEventConsistencyVerifier(  430):   5: sent at 178606000000, MotionEvent { action=ACTION_UP, id[0]=0, x[0]=387.0, y[0]=435.0, toolType[0]=TOOL_TYPE_UNKNOWN, buttonState=0, metaState=0, flags=0x0, edgeFlags=0x0, pointerCount=1, historySize=0, eventTime=178606, downTime=178590, deviceId=0, source=0x1002 }
I/Choreographer( 1025): Skipped 50 frames!  The application may be doing too much work on its main thread.
D/InputEventConsistencyVerifier(  430): TouchEvent: ACTION_DOWN but pointers are already down.  Probably missing ACTION_UP from previous gesture.
D/InputEventConsistencyVerifier(  430):   in android.view.ScaleGestureDetector@b3e78ba0
D/InputEventConsistencyVerifier(  430):   0: sent at 179276000000, MotionEvent { action=ACTION_DOWN, id[0]=0, x[0]=439.0, y[0]=575.0, toolType[0]=TOOL_TYPE_UNKNOWN, buttonState=0, metaState=0, flags=0x0, edgeFlags=0x0, pointerCount=1, historySize=0, eventTime=179276, downTime=179273, deviceId=0, source=0x1002 }
D/InputEventConsistencyVerifier(  430):   -- recent events --
D/InputEventConsistencyVerifier(  430):   1: sent at 179227000000, MotionEvent { action=ACTION_MOVE, id[0]=0, x[0]=121.5, y[0]=585.5, toolType[0]=TOOL_TYPE_UNKNOWN, buttonState=0, metaState=0, flags=0x0, edgeFlags=0x0, pointerCount=1, historySize=4, eventTime=179227, downTime=179037, deviceId=0, source=0x1002 }
D/InputEventConsistencyVerifier(  430):   2: sent at 179207000000, MotionEvent { action=ACTION_DOWN, id[0]=0, x[0]=106.0, y[0]=567.0, toolType[0]=TOOL_TYPE_UNKNOWN, buttonState=0, metaState=0, flags=0x0, edgeFlags=0x0, pointerCount=1, historySize=0, eventTime=179207, downTime=179037, deviceId=0, source=0x1002 }
D/InputEventConsistencyVerifier(  430):   3: sent at 179029000000, MotionEvent { action=ACTION_UP, id[0]=0, x[0]=312.0, y[0]=341.0, toolType[0]=TOOL_TYPE_UNKNOWN, buttonState=0, metaState=0, flags=0x0, edgeFlags=0x0, pointerCount=1, historySize=0, eventTime=179029, downTime=179024, deviceId=0, source=0x1002 }
D/InputEventConsistencyVerifier(  430):   4: sent at 179024000000, MotionEvent { action=ACTION_DOWN, id[0]=0, x[0]=299.0, y[0]=348.0, toolType[0]=TOOL_TYPE_UNKNOWN, buttonState=0, metaState=0, flags=0x80000000, edgeFlags=0x0, pointerCount=1, historySize=0, eventTime=179024, downTime=179024, deviceId=0, source=0x1002 }
D/InputEventConsistencyVerifier(  430):   5: sent at 178772000000, MotionEvent { action=ACTION_MOVE, id[0]=0, x[0]=410.0, y[0]=288.0, toolType[0]=TOOL_TYPE_UNKNOWN, buttonState=0, metaState=0, flags=0x0, edgeFlags=0x0, pointerCount=1, historySize=6, eventTime=178772, downTime=178637, deviceId=0, source=0x1002 }
D/InputEventConsistencyVerifier(  430): KeyEvent: ACTION_UP but key was not down.
D/InputEventConsistencyVerifier(  430):   in com.android.systemui.statusbar.phone.StatusBarWindowView@b3dd8470
D/InputEventConsistencyVerifier(  430):   0: sent at 179520000000, KeyEvent { action=ACTION_UP, keyCode=KEYCODE_DPAD_UP, scanCode=0, metaState=0, flags=0x8, repeatCount=0, eventTime=179520, downTime=179520, deviceId=-1, source=0x101 }
D/InputEventConsistencyVerifier(  430):   -- recent events --
D/InputEventConsistencyVerifier(  430):   1: sent at 179439000000, MotionEvent { action=ACTION_UP, id[0]=0, x[0]=443.0, y[0]=677.5, toolType[0]=TOOL_TYPE_UNKNOWN, buttonState=0, metaState=0, flags=0x0, edgeFlags=0x0, pointerCount=1, historySize=0, eventTime=179439, downTime=179273, deviceId=0, source=0x1002 }
D/InputEventConsistencyVerifier(  430):   2: sent at 179400500000, MotionEvent { action=ACTION_MOVE, id[0]=0, x[0]=443.0, y[0]=677.5, toolType[0]=TOOL_TYPE_UNKNOWN, buttonState=0, metaState=0, flags=0x0, edgeFlags=0x0, pointerCount=1, historySize=1, eventTime=179400, downTime=179273, deviceId=0, source=0x1002 }
D/InputEventConsistencyVerifier(  430):   3: sent at 179396427190, MotionEvent { action=ACTION_MOVE, id[0]=0, x[0]=443.0, y[0]=649.0979, toolType[0]=TOOL_TYPE_UNKNOWN, buttonState=0, metaState=0, flags=0x0, edgeFlags=0x0, pointerCount=1, historySize=2, eventTime=179396, downTime=179273, deviceId=0, source=0x1002 }
D/InputEventConsistencyVerifier(  430):   4: sent at 179299500000, MotionEvent { action=ACTION_MOVE, id[0]=0, x[0]=441.0, y[0]=609.0, toolType[0]=TOOL_TYPE_UNKNOWN, buttonState=0, metaState=0, flags=0x0, edgeFlags=0x0, pointerCount=1, historySize=1, eventTime=179299, downTime=179273, deviceId=0, source=0x1002 }
D/InputEventConsistencyVerifier(  430):   5: sent at 179296586930, MotionEvent { action=ACTION_MOVE, id[0]=0, x[0]=441.0, y[0]=603.1739, toolType[0]=TOOL_TYPE_UNKNOWN, buttonState=0, metaState=0, flags=0x0, edgeFlags=0x0, pointerCount=1, historySize=3, eventTime=179296, downTime=179273, deviceId=0, source=0x1002 }
D/InputEventConsistencyVerifier(  430): TouchEvent: ACTION_DOWN but pointers are already down.  Probably missing ACTION_UP from previous gesture.
D/InputEventConsistencyVerifier(  430):   in android.view.ScaleGestureDetector@b3e78ba0
D/InputEventConsistencyVerifier(  430):   0: sent at 179538000000, MotionEvent { action=ACTION_DOWN, id[0]=0, x[0]=112.0, y[0]=795.0, toolType[0]=TOOL_TYPE_UNKNOWN, buttonState=0, metaState=0, flags=0x0, edgeFlags=0x0, pointerCount=1, historySize=0, eventTime=179538, downTime=179537, deviceId=0, source=0x1002 }
D/InputEventConsistencyVerifier(  430):   -- recent events --
D/InputEventConsistencyVerifier(  430):   1: sent at 179296586930, MotionEvent { action=ACTION_MOVE, id[0]=0, x[0]=441.0, y[0]=603.1739, toolType[0]=TOOL_TYPE_UNKNOWN, buttonState=0, metaState=0, flags=0x0, edgeFlags=0x0, pointerCount=1, historySize=3, eventTime=179296, downTime=179273, deviceId=0, source=0x1002 }
D/InputEventConsistencyVerifier(  430):   2: sent at 179276000000, MotionEvent { action=ACTION_DOWN, id[0]=0, x[0]=439.0, y[0]=575.0, toolType[0]=TOOL_TYPE_UNKNOWN, buttonState=0, metaState=0, flags=0x80000000, edgeFlags=0x0, pointerCount=1, historySize=0, eventTime=179276, downTime=179273, deviceId=0, source=0x1002 }
D/InputEventConsistencyVerifier(  430):   3: sent at 179227000000, MotionEvent { action=ACTION_MOVE, id[0]=0, x[0]=121.5, y[0]=585.5, toolType[0]=TOOL_TYPE_UNKNOWN, buttonState=0, metaState=0, flags=0x0, edgeFlags=0x0, pointerCount=1, historySize=4, eventTime=179227, downTime=179037, deviceId=0, source=0x1002 }
D/InputEventConsistencyVerifier(  430):   4: sent at 179207000000, MotionEvent { action=ACTION_DOWN, id[0]=0, x[0]=106.0, y[0]=567.0, toolType[0]=TOOL_TYPE_UNKNOWN, buttonState=0, metaState=0, flags=0x0, edgeFlags=0x0, pointerCount=1, historySize=0, eventTime=179207, downTime=179037, deviceId=0, source=0x1002 }
D/InputEventConsistencyVerifier(  430):   5: sent at 179029000000, MotionEvent { action=ACTION_UP, id[0]=0, x[0]=312.0, y[0]=341.0, toolType[0]=TOOL_TYPE_UNKNOWN, buttonState=0, metaState=0, flags=0x0, edgeFlags=0x0, pointerCount=1, historySize=0, eventTime=179029, downTime=179024, deviceId=0, source=0x1002 }
W/dalvikvm(  430): DroidBox: { "FdAccess": { "path": "2f70726f632f6d656d696e666f", "id": "1079159007" } }
W/DroidBox(  430): DroidBox: { "FileRW": { "operation": "read", "data": "4d656d546f74616c3a202020202020202020373438393634206b420a4d656d467265653a20202020202020202020343539323736206b420a427566666572733a20202020202020202020202035343732206b420a4361636865643a202020202020202020", "id": "1079159007" } }
D/InputEventConsistencyVerifier(  430): KeyEvent: ACTION_UP but key was not down.
D/InputEventConsistencyVerifier(  430):   in com.android.systemui.statusbar.phone.StatusBarWindowView@b3dd8470
D/InputEventConsistencyVerifier(  430):   0: sent at 179752000000, KeyEvent { action=ACTION_UP, keyCode=KEYCODE_DPAD_CENTER, scanCode=0, metaState=0, flags=0x8, repeatCount=0, eventTime=179752, downTime=179752, deviceId=-1, source=0x101 }
D/InputEventConsistencyVerifier(  430):   -- recent events --
D/InputEventConsistencyVerifier(  430):   1: sent at 179572000000, MotionEvent { action=ACTION_UP, id[0]=0, x[0]=102.0, y[0]=763.0, toolType[0]=TOOL_TYPE_UNKNOWN, buttonState=0, metaState=0, flags=0x0, edgeFlags=0x0, pointerCount=1, historySize=0, eventTime=179572, downTime=179537, deviceId=0, source=0x1002 }
D/InputEventConsistencyVerifier(  430):   2: sent at 179568000000, MotionEvent { action=ACTION_MOVE, id[0]=0, x[0]=109.0, y[0]=768.0, toolType[0]=TOOL_TYPE_UNKNOWN, buttonState=0, metaState=0, flags=0x0, edgeFlags=0x0, pointerCount=1, historySize=3, eventTime=179568, downTime=179537, deviceId=0, source=0x1002 }
D/InputEventConsistencyVerifier(  430):   3: sent at 179538000000, MotionEvent { action=ACTION_DOWN, id[0]=0, x[0]=112.0, y[0]=795.0, toolType[0]=TOOL_TYPE_UNKNOWN, buttonState=0, metaState=0, flags=0x0, edgeFlags=0x0, pointerCount=1, historySize=0, eventTime=179538, downTime=179537, deviceId=0, source=0x1002 }
D/InputEventConsistencyVerifier(  430):   4: sent at 179520000000, (unhandled) KeyEvent { action=ACTION_UP, keyCode=KEYCODE_DPAD_UP, scanCode=0, metaState=0, flags=0x80000008, repeatCount=0, eventTime=179520, downTime=179520, deviceId=-1, source=0x101 }
