D/InputEventConsistencyVerifier( 1057):   5: sent at 148068000000, KeyEvent { action=ACTION_UP, keyCode=KEYCODE_DPAD_RIGHT, scanCode=0, metaState=0, flags=0x400, repeatCount=0, eventTime=148068, downTime=148068, deviceId=-1, source=0x101 }
I/Choreographer( 1057): Skipped 67 frames!  The application may be doing too much work on its main thread.
W/InputMethodManagerService(  224): Window already focused, ignoring focus gain of: com.android.internal.view.IInputMethodClient$Stub$Proxy@b3fa16b0 attribute=android.view.inputmethod.EditorInfo@b3fa16c8
I/Choreographer( 1057): Skipped 36 frames!  The application may be doing too much work on its main thread.
D/InputEventConsistencyVerifier( 1057): KeyEvent: ACTION_UP but key was not down.
D/InputEventConsistencyVerifier( 1057):   in com.android.internal.policy.impl.PhoneWindow$DecorView@b3e1d658
D/InputEventConsistencyVerifier( 1057):   0: sent at 151140000000, KeyEvent { action=ACTION_UP, keyCode=KEYCODE_DPAD_RIGHT, scanCode=0, metaState=0, flags=0x8, repeatCount=0, eventTime=151140, downTime=151140, deviceId=-1, source=0x101 }
D/InputEventConsistencyVerifier( 1057):   -- recent events --
D/InputEventConsistencyVerifier( 1057):   1: sent at 150785000000, (unhandled) KeyEvent { action=ACTION_UP, keyCode=KEYCODE_DPAD_LEFT, scanCode=0, metaState=0, flags=0x80000008, repeatCount=0, eventTime=150785, downTime=150785, deviceId=-1, source=0x101 }
D/InputEventConsistencyVerifier( 1057):   2: sent at 148123000000, (unhandled) KeyEvent { action=ACTION_UP, keyCode=KEYCODE_MENU, scanCode=0, metaState=0, flags=0x8, repeatCount=0, eventTime=148123, downTime=148123, deviceId=-1, source=0x101 }
D/InputEventConsistencyVerifier( 1057):   3: sent at 147877000000, (unhandled) KeyEvent { action=ACTION_DOWN, keyCode=KEYCODE_MENU, scanCode=0, metaState=0, flags=0x8, repeatCount=0, eventTime=147877, downTime=147877, deviceId=-1, source=0x101 }
D/InputEventConsistencyVerifier( 1057):   4: sent at 148069000000, (unhandled) KeyEvent { action=ACTION_UP, keyCode=KEYCODE_DPAD_RIGHT, scanCode=0, metaState=0, flags=0x400, repeatCount=0, eventTime=148069, downTime=148069, deviceId=-1, source=0x101 }
D/InputEventConsistencyVerifier( 1057):   5: sent at 148069000000, (unhandled) KeyEvent { action=ACTION_DOWN, keyCode=KEYCODE_DPAD_RIGHT, scanCode=0, metaState=0, flags=0x400, repeatCount=0, eventTime=148069, downTime=148069, deviceId=-1, source=0x101 }
E/WVMExtractor(   62): Failed to open libwvm.so
E/WVMExtractor(   62): Failed to open libwvm.so
I/ActivityManager(  224): START {cmp=dream.color.games.ibeauty/.PuzzleActivity u=0} from pid 1057
W/WindowManager(  224): Failure taking screenshot for (218x363) to layer 21010
E/WVMExtractor(   62): Failed to open libwvm.so
I/dalvikvm-heap( 1057): Grow heap (frag case) to 11.943MB for 1600016-byte allocation
E/WVMExtractor(   62): Failed to open libwvm.so
E/WVMExtractor(   62): Failed to open libwvm.so
E/WVMExtractor(   62): Failed to open libwvm.so
E/WVMExtractor(   62): Failed to open libwvm.so
I/Choreographer( 1057): Skipped 409 frames!  The application may be doing too much work on its main thread.
E/WVMExtractor(   62): Failed to open libwvm.so
V/PhoneStatusBar(  420): setLightsOn(true)
I/ActivityManager(  224): START {act=android.intent.action.CALL_BUTTON flg=0x10000000 cmp=com.android.contacts/.activities.DialtactsActivity u=0} from pid 1057
E/WVMExtractor(   62): Failed to open libwvm.so
I/Choreographer( 1057): Skipped 63 frames!  The application may be doing too much work on its main thread.
I/ActivityManager(  224): Start proc com.android.music for broadcast com.android.music/.MediaButtonIntentReceiver: pid=1108 uid=10024 gids={3003, 1015, 1028}
I/ActivityManager(  224): Displayed dream.color.games.ibeauty/.PuzzleActivity: +2s818ms
W/BackupManagerService(  224): dataChanged but no participant pkg='com.android.providers.settings' uid=10011
E/Trace   ( 1108): error opening trace file: No such file or directory (2)
E/WVMExtractor(   62): Failed to open libwvm.so
I/Choreographer(  224): Skipped 43 frames!  The application may be doing too much work on its main thread.
W/dalvikvm(  224): DroidBox: { "FdAccess": { "path": "2f70726f632f313130382f636d646c696e65", "id": "286630553" } }
W/DroidBox(  224): DroidBox: { "FileRW": { "operation": "read", "data": "636f6d2e616e64726f69642e6d75736963000000000000000000000000000000000000000000000000000000000000000000000000000000000000000000000000000000000000000000000038656663396435393634623261656334646336392e61706b", "id": "286630553" } }
I/dalvikvm-heap(  420): Grow heap (frag case) to 10.885MB for 1600016-byte allocation
W/DroidBox( 1108): DroidBox: { "DexClassLoader": { "path": "/system/app/Music.apk" } }
I/ActivityManager(  224): START {act=android.intent.action.CALL_BUTTON flg=0x10000000 cmp=com.android.contacts/.activities.DialtactsActivity u=0} from pid 1057
W/DroidBox( 1108): DroidBox: { "ServiceStart": { "name": "com.android.music.MediaPlaybackService" } }
W/DroidBox( 1108): DroidBox: { "ServiceStart": { "name": "com.android.music.MediaPlaybackService" } }
I/Choreographer( 1057): Skipped 33 frames!  The application may be doing too much work on its main thread.
I/dalvikvm-heap(  420): Grow heap (frag case) to 13.812MB for 3072016-byte allocation
I/AudioService(  224):   Remote Control   registerMediaButtonIntent() for PendingIntent{b3ed4e50: PendingIntentRecord{b3ed18e0 com.android.music broadcastIntent}}
D/InputEventConsistencyVerifier( 1057): TrackballEvent: Trackball is down but pressure is not greater than 0.
D/InputEventConsistencyVerifier( 1057):   in android.view.ViewRootImpl@b3fd1f88
D/InputEventConsistencyVerifier( 1057):   0: sent at 159476000000, MotionEvent { action=ACTION_DOWN, id[0]=0, x[0]=0.0, y[0]=0.0, toolType[0]=TOOL_TYPE_UNKNOWN, buttonState=0, metaState=0, flags=0x0, edgeFlags=0x0, pointerCount=1, historySize=0, eventTime=159476, downTime=159409, deviceId=0, source=0x10004 }
D/InputEventConsistencyVerifier( 1057):   -- recent events --
D/InputEventConsistencyVerifier( 1057):   1: sent at 159474000000, MotionEvent { action=ACTION_MOVE, id[0]=0, x[0]=-1.0, y[0]=-1.0, toolType[0]=TOOL_TYPE_UNKNOWN, buttonState=0, metaState=0, flags=0x0, edgeFlags=0x0, pointerCount=1, historySize=9, eventTime=159474, downTime=-1, deviceId=0, source=0x10004 }
D/InputEventConsistencyVerifier( 1057):   2: sent at 159401000000, MotionEvent { action=ACTION_UP, id[0]=0, x[0]=277.0, y[0]=152.0, toolType[0]=TOOL_TYPE_UNKNOWN, buttonState=0, metaState=0, flags=0x0, edgeFlags=0x0, pointerCount=1, historySize=0, eventTime=159401, downTime=159375, deviceId=0, source=0x1002 }
D/InputEventConsistencyVerifier( 1057):   3: sent at 159375000000, MotionEvent { action=ACTION_DOWN, id[0]=0, x[0]=280.0, y[0]=161.0, toolType[0]=TOOL_TYPE_UNKNOWN, buttonState=0, metaState=0, flags=0x0, edgeFlags=0x0, pointerCount=1, historySize=0, eventTime=159375, downTime=159375, deviceId=0, source=0x1002 }
D/InputEventConsistencyVerifier( 1057):   4: sent at 159368000000, MotionEvent { action=ACTION_UP, id[0]=0, x[0]=376.0, y[0]=368.0, toolType[0]=TOOL_TYPE_UNKNOWN, buttonState=0, metaState=0, flags=0x0, edgeFlags=0x0, pointerCount=1, historySize=0, eventTime=159368, downTime=159341, deviceId=0, source=0x1002 }
D/InputEventConsistencyVerifier( 1057):   5: sent at 159366000000, MotionEvent { action=ACTION_POINTER_UP(1), id[0]=0, x[0]=358.0, y[0]=359.0, toolType[0]=TOOL_TYPE_UNKNOWN, id[1]=1, x[1]=776.0, y[1]=203.0, toolType[1]=TOOL_TYPE_UNKNOWN, buttonState=0, metaState=0, flags=0x0, edgeFlags=0x0, pointerCount=2, historySize=0, eventTime=159366, downTime=159341, deviceId=0, source=0x1002 }
I/Choreographer( 1057): Skipped 45 frames!  The application may be doing too much work on its main thread.
E/WVMExtractor(   62): Failed to open libwvm.so
E/MetadataRetrieverClient(   62): failed to extract an album art
I/ActivityManager(  224): START {act=android.intent.action.MAIN cat=[android.intent.category.HOME] flg=0x10200000 cmp=com.android.launcher/com.android.launcher2.Launcher u=0} from pid 224
E/WVMExtractor(   62): Failed to open libwvm.so
E/WVMExtractor(   62): Failed to open libwvm.so
I/InputDispatcher(  224): Dropped event because of pending overdue app switch.
W/InputManager(  224): Input event injection from pid 1039 failed.
I/ActivityManager(  224): START {act=android.intent.action.MAIN cat=[android.intent.category.LAUNCHER] flg=0x10200000 cmp=dream.color.games.ibeauty/.Main u=0} from pid 1039
W/dalvikvm( 1108): DroidBox: { "FdAccess": { "path": "2f646174612f646174612f636f6d2e616e64726f69642e6d757369632f7368617265645f70726566732f4d757369632e786d6c", "id": "1459144286" } }
W/DroidBox( 1108): DroidBox: { "FileRW": { "operation": "write", "data": "3c3f786d6c2076657273696f6e3d27312e302720656e636f64696e673d277574662d3827207374616e64616c6f6e653d2779657327203f3e0a3c6d61703e0a3c737472696e67206e616d653d227175657565223e3c2f737472696e673e0a3c696e74206e", "id": "1459144286" } }
E/WVMExtractor(   62): Failed to open libwvm.so
E/WVMExtractor(   62): Failed to open libwvm.so
I/ActivityManager(  224): START {act=android.intent.action.CALL_BUTTON flg=0x10000000 cmp=com.android.contacts/.activities.DialtactsActivity u=0} from pid 1057
E/WVMExtractor(   62): Failed to open libwvm.so
E/WVMExtractor(   62): Failed to open libwvm.so
D/InputEventConsistencyVerifier( 1057): TrackballEvent: Trackball is down but pressure is not greater than 0.
D/InputEventConsistencyVerifier( 1057):   in android.view.ViewRootImpl@b3fd1f88
D/InputEventConsistencyVerifier( 1057):   0: sent at 163333000000, MotionEvent { action=ACTION_DOWN, id[0]=0, x[0]=0.0, y[0]=0.0, toolType[0]=TOOL_TYPE_UNKNOWN, buttonState=0, metaState=0, flags=0x0, edgeFlags=0x0, pointerCount=1, historySize=0, eventTime=163333, downTime=163244, deviceId=0, source=0x10004 }
D/InputEventConsistencyVerifier( 1057):   -- recent events --
D/InputEventConsistencyVerifier( 1057):   1: sent at 163324000000, MotionEvent { action=ACTION_MOVE, id[0]=0, x[0]=-3.0, y[0]=0.0, toolType[0]=TOOL_TYPE_UNKNOWN, buttonState=0, metaState=0, flags=0x0, edgeFlags=0x0, pointerCount=1, historySize=2, eventTime=163324, downTime=-1, deviceId=0, source=0x10004 }
D/InputEventConsistencyVerifier( 1057):   2: sent at 163337000000, KeyEvent { action=ACTION_UP, keyCode=KEYCODE_DPAD_LEFT, scanCode=0, metaState=0, flags=0x400, repeatCount=0, eventTime=163337, downTime=163337, deviceId=-1, source=0x101 }
D/InputEventConsistencyVerifier( 1057):   3: sent at 163337000000, KeyEvent { action=ACTION_DOWN, keyCode=KEYCODE_DPAD_LEFT, scanCode=0, metaState=0, flags=0x400, repeatCount=0, eventTime=163337, downTime=163337, deviceId=-1, source=0x101 }
D/InputEventConsistencyVerifier( 1057):   4: sent at 163336000000, KeyEvent { action=ACTION_UP, keyCode=KEYCODE_DPAD_LEFT, scanCode=0, metaState=0, flags=0x400, repeatCount=0, eventTime=163336, downTime=163336, deviceId=-1, source=0x101 }
D/InputEventConsistencyVerifier( 1057):   5: sent at 163336000000, KeyEvent { action=ACTION_DOWN, keyCode=KEYCODE_DPAD_LEFT, scanCode=0, metaState=0, flags=0x400, repeatCount=0, eventTime=163336, downTime=163336, deviceId=-1, source=0x101 }
E/WVMExtractor(   62): Failed to open libwvm.so
E/WVMExtractor(   62): Failed to open libwvm.so
E/WVMExtractor(   62): Failed to open libwvm.so
E/WVMExtractor(   62): Failed to open libwvm.so
E/WVMExtractor(   62): Failed to open libwvm.so
I/ActivityManager(  224): START {act=android.intent.action.MAIN cat=[android.intent.category.LAUNCHER] flg=0x10200000 cmp=dream.color.games.ibeauty/.Main u=0} from pid 1039
I/Choreographer( 1057): Skipped 86 frames!  The application may be doing too much work on its main thread.
D/InputEventConsistencyVerifier( 1057): KeyEvent: ACTION_UP but key was not down.
D/InputEventConsistencyVerifier( 1057):   in com.android.internal.view.menu.IconMenuView@b402f660
D/InputEventConsistencyVerifier( 1057):   0: sent at 166166000000, KeyEvent { action=ACTION_UP, keyCode=KEYCODE_DPAD_CENTER, scanCode=0, metaState=0, flags=0x8, repeatCount=0, eventTime=166166, downTime=166166, deviceId=-1, source=0x101 }
I/Choreographer( 1057): Skipped 49 frames!  The application may be doing too much work on its main thread.
D/InputEventConsistencyVerifier( 1057): KeyEvent: ACTION_UP but key was not down.
D/InputEventConsistencyVerifier( 1057):   in com.android.internal.policy.impl.PhoneWindow$DecorView@b401ab48
D/InputEventConsistencyVerifier( 1057):   0: sent at 166358000000, KeyEvent { action=ACTION_UP, keyCode=KEYCODE_DPAD_RIGHT, scanCode=0, metaState=0, flags=0x8, repeatCount=0, eventTime=166358, downTime=166358, deviceId=-1, source=0x101 }
D/InputEventConsistencyVerifier( 1057):   -- recent events --
D/InputEventConsistencyVerifier( 1057):   1: sent at 166304000000, (unhandled) KeyEvent { action=ACTION_UP, keyCode=KEYCODE_F7, scanCode=0, metaState=0, flags=0x8, repeatCount=0, eventTime=166304, downTime=166304, deviceId=-1, source=0x101 }
D/InputEventConsistencyVerifier( 1057):   2: sent at 166227000000, (unhandled) KeyEvent { action=ACTION_DOWN, keyCode=KEYCODE_F7, scanCode=0, metaState=0, flags=0x8, repeatCount=0, eventTime=166227, downTime=166227, deviceId=-1, source=0x101 }
D/InputEventConsistencyVerifier( 1057):   3: sent at 166166000000, (unhandled) KeyEvent { action=ACTION_UP, keyCode=KEYCODE_DPAD_CENTER, scanCode=0, metaState=0, flags=0x8, repeatCount=0, eventTime=166166, downTime=166166, deviceId=-1, source=0x101 }
D/InputEventConsistencyVerifier( 1057):   4: sent at 166160000000, (unhandled) KeyEvent { action=ACTION_DOWN, keyCode=KEYCODE_DPAD_CENTER, scanCode=0, metaState=0, flags=0x8, repeatCount=0, eventTime=166160, downTime=166160, deviceId=-1, source=0x101 }
D/InputEventConsistencyVerifier( 1057):   5: sent at 165972000000, (unhandled) KeyEvent { action=ACTION_UP, keyCode=KEYCODE_DPAD_DOWN, scanCode=0, metaState=0, flags=0x8, repeatCount=0, eventTime=165972, downTime=165972, deviceId=-1, source=0x101 }
W/WindowManager(  224): Failure taking screenshot for (218x363) to layer 21020
I/ActivityManager(  224): START {cmp=dream.color.games.ibeauty/.SettingsActivity u=0} from pid 1057
I/Choreographer( 1057): Skipped 66 frames!  The application may be doing too much work on its main thread.
E/WVMExtractor(   62): Failed to open libwvm.so
W/Resources( 1057): Converting to string: TypedValue{t=0x10/d=0x3 a=-1}
W/Resources( 1057): Converting to string: TypedValue{t=0x10/d=0x3 a=-1}
W/dalvikvm( 1057): DroidBox: { "FdAccess": { "path": "2f646174612f646174612f647265616d2e636f6c6f722e67616d65732e696265617574792f7368617265645f70726566732f647265616d2e636f6c6f722e67616d65732e696265617574795f707265666572656e6365732e786d6c", "id": "315131150" } }
W/DroidBox( 1057): DroidBox: { "FileRW": { "operation": "write", "data": "3c3f786d6c2076657273696f6e3d27312e302720656e636f64696e673d277574662d3827207374616e64616c6f6e653d2779657327203f3e0a3c6d61703e0a3c737472696e67206e616d653d22677269645f73697a65223e333c2f737472696e673e0a3c", "id": "315131150" } }
E/WVMExtractor(   62): Failed to open libwvm.so
V/PhoneStatusBar(  420): setLightsOn(true)
E/WVMExtractor(   62): Failed to open libwvm.so
I/Choreographer( 1057): Skipped 151 frames!  The application may be doing too much work on its main thread.
I/ActivityManager(  224): Displayed dream.color.games.ibeauty/.SettingsActivity: +1s487ms
I/Choreographer( 1057): Skipped 130 frames!  The application may be doing too much work on its main thread.
E/WVMExtractor(   62): Failed to open libwvm.so
E/WVMExtractor(   62): Failed to open libwvm.so
D/InputEventConsistencyVerifier( 1057): KeyEvent: ACTION_UP but key was not down.
D/InputEventConsistencyVerifier( 1057):   in android.view.ViewRootImpl@b43a9b60
D/InputEventConsistencyVerifier( 1057):   0: sent at 169107000000, KeyEvent { action=ACTION_UP, keyCode=KEYCODE_DPAD_RIGHT, scanCode=0, metaState=0, flags=0x8, repeatCount=0, eventTime=169107, downTime=169107, deviceId=-1, source=0x101 }
I/Choreographer( 1057): Skipped 71 frames!  The application may be doing too much work on its main thread.
I/Choreographer( 1057): Skipped 120 frames!  The application may be doing too much work on its main thread.
E/WVMExtractor(   62): Failed to open libwvm.so
I/ActivityManager(  224): START {act=android.intent.action.MAIN cat=[android.intent.category.HOME] flg=0x10200000 cmp=com.android.launcher/com.android.launcher2.Launcher u=0} from pid 224
I/ActivityManager(  224): START {act=android.intent.action.MAIN cat=[android.intent.category.LAUNCHER] flg=0x10200000 cmp=dream.color.games.ibeauty/.Main u=0} from pid 1039
I/Choreographer( 1057): Skipped 156 frames!  The application may be doing too much work on its main thread.
I/InputDispatcher(  224): Dropped event because of pending overdue app switch.
W/InputManager(  224): Input event injection from pid 1039 failed.
I/ActivityManager(  224): START {act=android.intent.action.MAIN cat=[android.intent.category.LAUNCHER] flg=0x10200000 cmp=dream.color.games.ibeauty/.Main u=0} from pid 1039
E/WVMExtractor(   62): Failed to open libwvm.so
D/InputEventConsistencyVerifier( 1057): KeyEvent: ACTION_UP but key was not down.
D/InputEventConsistencyVerifier( 1057):   in android.view.ViewRootImpl@b43a9b60
D/InputEventConsistencyVerifier( 1057):   0: sent at 171372000000, KeyEvent { action=ACTION_UP, keyCode=KEYCODE_DPAD_CENTER, scanCode=0, metaState=0, flags=0x8, repeatCount=0, eventTime=171372, downTime=171372, deviceId=-1, source=0x101 }
D/InputEventConsistencyVerifier( 1057):   -- recent events --
D/InputEventConsistencyVerifier( 1057):   1: sent at 171297000000, KeyEvent { action=ACTION_UP, keyCode=KEYCODE_DPAD_RIGHT, scanCode=0, metaState=0, flags=0x400, repeatCount=0, eventTime=171297, downTime=171297, deviceId=-1, source=0x101 }
D/InputEventConsistencyVerifier( 1057):   2: sent at 171297000000, KeyEvent { action=ACTION_DOWN, keyCode=KEYCODE_DPAD_RIGHT, scanCode=0, metaState=0, flags=0x400, repeatCount=0, eventTime=171297, downTime=171297, deviceId=-1, source=0x101 }
D/InputEventConsistencyVerifier( 1057):   3: sent at 171296000000, KeyEvent { action=ACTION_UP, keyCode=KEYCODE_DPAD_RIGHT, scanCode=0, metaState=0, flags=0x400, repeatCount=0, eventTime=171296, downTime=171296, deviceId=-1, source=0x101 }
D/InputEventConsistencyVerifier( 1057):   4: sent at 171296000000, KeyEvent { action=ACTION_DOWN, keyCode=KEYCODE_DPAD_RIGHT, scanCode=0, metaState=0, flags=0x400, repeatCount=0, eventTime=171296, downTime=171296, deviceId=-1, source=0x101 }
D/InputEventConsistencyVerifier( 1057):   5: sent at 171296000000, KeyEvent { action=ACTION_UP, keyCode=KEYCODE_DPAD_RIGHT, scanCode=0, metaState=0, flags=0x400, repeatCount=0, eventTime=171296, downTime=171296, deviceId=-1, source=0x101 }
I/Choreographer( 1057): Skipped 68 frames!  The application may be doing too much work on its main thread.
E/WVMExtractor(   62): Failed to open libwvm.so
E/WVMExtractor(   62): Failed to open libwvm.so
W/InputManager(  224): Input event injection from pid 1039 failed.
W/dalvikvm( 1057): DroidBox: { "FdAccess": { "path": "2f646174612f646174612f647265616d2e636f6c6f722e67616d65732e696265617574792f7368617265645f70726566732f647265616d2e636f6c6f722e67616d65732e696265617574795f707265666572656e6365732e786d6c", "id": "512763970" } }
W/DroidBox( 1057): DroidBox: { "FileRW": { "operation": "write", "data": "3c3f786d6c2076657273696f6e3d27312e302720656e636f64696e673d277574662d3827207374616e64616c6f6e653d2779657327203f3e0a3c6d61703e0a3c737472696e67206e616d653d22677269645f73697a65223e353c2f737472696e673e0a3c", "id": "512763970" } }
I/Choreographer( 1057): Skipped 192 frames!  The application may be doing too much work on its main thread.
W/InputMethodManagerService(  224): Window already focused, ignoring focus gain of: com.android.internal.view.IInputMethodClient$Stub$Proxy@b3fa4dc8 attribute=null
I/Choreographer( 1057): Skipped 31 frames!  The application may be doing too much work on its main thread.
I/InputDispatcher(  224): Window 'Window{b3ebd468 dream.color.games.ibeauty/dream.color.games.ibeauty.SettingsActivity paused=false}' spent 4588.7ms processing the last input event: KeyEvent(action=0, deviceId=-1, source=0x00000101)
I/InputDispatcher(  224): Window 'Window{b3ebd468 dream.color.games.ibeauty/dream.color.games.ibeauty.SettingsActivity paused=false}' spent 4112.3ms processing the last input event: KeyEvent(action=1, deviceId=-1, source=0x00000101)
W/DroidBox( 1108): DroidBox: { "ServiceStart": { "name": "com.android.music.MediaPlaybackService" } }
I/Choreographer( 1057): Skipped 45 frames!  The application may be doing too much work on its main thread.
W/DroidBox( 1108): DroidBox: { "ServiceStart": { "name": "com.android.music.MediaPlaybackService" } }
E/WVMExtractor(   62): Failed to open libwvm.so
I/Choreographer( 1057): Skipped 78 frames!  The application may be doing too much work on its main thread.
W/dalvikvm( 1057): DroidBox: { "FdAccess": { "path": "2f646174612f646174612f647265616d2e636f6c6f722e67616d65732e696265617574792f7368617265645f70726566732f647265616d2e636f6c6f722e67616d65732e696265617574795f707265666572656e6365732e786d6c", "id": "147532143" } }
W/DroidBox( 1057): DroidBox: { "FileRW": { "operation": "write", "data": "3c3f786d6c2076657273696f6e3d27312e302720656e636f64696e673d277574662d3827207374616e64616c6f6e653d2779657327203f3e0a3c6d61703e0a3c626f6f6c65616e206e616d653d2273686f775f6e756d62657273222076616c75653d2274", "id": "147532143" } }
E/WVMExtractor(   62): Failed to open libwvm.so
I/ActivityManager(  224): START {act=android.intent.action.MAIN cat=[android.intent.category.HOME] flg=0x10200000 cmp=com.android.launcher/com.android.launcher2.Launcher u=0} from pid 224
E/WVMExtractor(   62): Failed to open libwvm.so
W/dalvikvm( 1057): DroidBox: { "FdAccess": { "path": "2f646174612f646174612f647265616d2e636f6c6f722e67616d65732e696265617574792f7368617265645f70726566732f647265616d2e636f6c6f722e67616d65732e696265617574795f707265666572656e6365732e786d6c", "id": "111103166" } }
W/DroidBox( 1057): DroidBox: { "FileRW": { "operation": "write", "data": "3c3f786d6c2076657273696f6e3d27312e302720656e636f64696e673d277574662d3827207374616e64616c6f6e653d2779657327203f3e0a3c6d61703e0a3c626f6f6c65616e206e616d653d2273686f775f6e756d62657273222076616c75653d2266", "id": "111103166" } }
I/InputDispatcher(  224): Dropped event because of pending overdue app switch.
W/InputManager(  224): Input event injection from pid 1039 failed.
D/InputEventConsistencyVerifier( 1057): KeyEvent: ACTION_UP but key was not down.
D/InputEventConsistencyVerifier( 1057):   in android.view.ViewRootImpl@b4359930
D/InputEventConsistencyVerifier( 1057):   0: sent at 175556000000, KeyEvent { action=ACTION_UP, keyCode=KEYCODE_DPAD_CENTER, scanCode=0, metaState=0, flags=0x8, repeatCount=0, eventTime=175556, downTime=175556, deviceId=-1, source=0x101 }
D/InputEventConsistencyVerifier( 1057):   -- recent events --
D/InputEventConsistencyVerifier( 1057):   1: sent at 175175000000, KeyEvent { action=ACTION_UP, keyCode=KEYCODE_DPAD_CENTER, scanCode=0, metaState=0, flags=0x8, repeatCount=0, eventTime=175175, downTime=175175, deviceId=-1, source=0x101 }
D/InputEventConsistencyVerifier( 1057):   2: sent at 175157000000, KeyEvent { action=ACTION_DOWN, keyCode=KEYCODE_DPAD_CENTER, scanCode=0, metaState=0, flags=0x8, repeatCount=0, eventTime=175157, downTime=175157, deviceId=-1, source=0x101 }
D/InputEventConsistencyVerifier( 1057):   3: sent at 175120000000, MotionEvent { action=ACTION_UP, id[0]=0, x[0]=290.0, y[0]=66.0, toolType[0]=TOOL_TYPE_UNKNOWN, buttonState=0, metaState=0, flags=0x0, edgeFlags=0x0, pointerCount=1, historySize=0, eventTime=175120, downTime=175093, deviceId=0, source=0x1002 }
D/InputEventConsistencyVerifier( 1057):   4: sent at 175093000000, MotionEvent { action=ACTION_DOWN, id[0]=0, x[0]=283.0, y[0]=65.0, toolType[0]=TOOL_TYPE_UNKNOWN, buttonState=0, metaState=0, flags=0x0, edgeFlags=0x0, pointerCount=1, historySize=0, eventTime=175093, downTime=175093, deviceId=0, source=0x1002 }
D/InputEventConsistencyVerifier( 1057):   5: sent at 175031000000, KeyEvent { action=ACTION_UP, keyCode=KEYCODE_DPAD_LEFT, scanCode=0, metaState=0, flags=0x8, repeatCount=0, eventTime=175031, downTime=175031, deviceId=-1, source=0x101 }
E/WVMExtractor(   62): Failed to open libwvm.so
E/WVMExtractor(   62): Failed to open libwvm.so
I/Choreographer( 1057): Skipped 58 frames!  The application may be doing too much work on its main thread.
E/WVMExtractor(   62): Failed to open libwvm.so
I/Choreographer( 1057): Skipped 98 frames!  The application may be doing too much work on its main thread.
E/WVMExtractor(   62): Failed to open libwvm.so
D/InputEventConsistencyVerifier( 1057): KeyEvent: ACTION_UP but key was not down.
D/InputEventConsistencyVerifier( 1057):   in android.widget.LinearLayout@b43c3208
D/InputEventConsistencyVerifier( 1057):   0: sent at 176808000000, KeyEvent { action=ACTION_UP, keyCode=KEYCODE_DPAD_DOWN, scanCode=0, metaState=0, flags=0x400, repeatCount=0, eventTime=176808, downTime=176808, deviceId=-1, source=0x101 }
D/InputEventConsistencyVerifier( 1057): KeyEvent: ACTION_UP but key was not down.
D/InputEventConsistencyVerifier( 1057):   in com.android.internal.policy.impl.PhoneWindow$DecorView@b4010020
D/InputEventConsistencyVerifier( 1057):   0: sent at 177351000000, KeyEvent { action=ACTION_UP, keyCode=KEYCODE_DPAD_DOWN, scanCode=0, metaState=0, flags=0x8, repeatCount=0, eventTime=177351, downTime=177351, deviceId=-1, source=0x101 }
D/InputEventConsistencyVerifier( 1057):   -- recent events --
D/InputEventConsistencyVerifier( 1057):   1: sent at 177299000000, (unhandled) MotionEvent { action=ACTION_UP, id[0]=0, x[0]=86.00001, y[0]=26.666668, toolType[0]=TOOL_TYPE_UNKNOWN, buttonState=0, metaState=0, flags=0x0, edgeFlags=0x0, pointerCount=1, historySize=0, eventTime=177299, downTime=177284, deviceId=0, source=0x1002 }
D/InputEventConsistencyVerifier( 1057):   2: sent at 177284000000, (unhandled) MotionEvent { action=ACTION_DOWN, id[0]=0, x[0]=88.666664, y[0]=19.333334, toolType[0]=TOOL_TYPE_UNKNOWN, buttonState=0, metaState=0, flags=0x0, edgeFlags=0x0, pointerCount=1, historySize=0, eventTime=177284, downTime=177284, deviceId=0, source=0x1002 }
D/InputEventConsistencyVerifier( 1057):   3: sent at 177088000000, (unhandled) KeyEvent { action=ACTION_UP, keyCode=KEYCODE_TV_POWER, scanCode=0, metaState=0, flags=0x8, repeatCount=0, eventTime=177088, downTime=177088, deviceId=-1, source=0x101 }
D/InputEventConsistencyVerifier( 1057):   4: sent at 177059000000, (unhandled) KeyEvent { action=ACTION_DOWN, keyCode=KEYCODE_TV_POWER, scanCode=0, metaState=0, flags=0x8, repeatCount=0, eventTime=177059, downTime=177059, deviceId=-1, source=0x101 }
D/InputEventConsistencyVerifier( 1057):   5: sent at 177053000000, MotionEvent { action=ACTION_UP, id[0]=0, x[0]=205.33334, y[0]=234.0, toolType[0]=TOOL_TYPE_UNKNOWN, buttonState=0, metaState=0, flags=0x0, edgeFlags=0x0, pointerCount=1, historySize=0, eventTime=177053, downTime=177046, deviceId=0, source=0x1002 }
D/InputEventConsistencyVerifier( 1057): KeyEvent: ACTION_UP but key was not down.
D/InputEventConsistencyVerifier( 1057):   in android.widget.LinearLayout@b43c3208
D/InputEventConsistencyVerifier( 1057):   0: sent at 177455000000, KeyEvent { action=ACTION_UP, keyCode=KEYCODE_DPAD_DOWN, scanCode=0, metaState=0, flags=0x8, repeatCount=0, eventTime=177455, downTime=177455, deviceId=-1, source=0x101 }
D/InputEventConsistencyVerifier( 1057):   -- recent events --
D/InputEventConsistencyVerifier( 1057):   1: sent at 177016000000, (unhandled) KeyEvent { action=ACTION_UP, keyCode=KEYCODE_MENU, scanCode=0, metaState=0, flags=0x8, repeatCount=0, eventTime=177016, downTime=177016, deviceId=-1, source=0x101 }
D/InputEventConsistencyVerifier( 1057):   2: sent at 176999000000, (unhandled) KeyEvent { action=ACTION_DOWN, keyCode=KEYCODE_MENU, scanCode=0, metaState=0, flags=0x8, repeatCount=0, eventTime=176999, downTime=176999, deviceId=-1, source=0x101 }
D/InputEventConsistencyVerifier( 1057):   3: sent at 176982000000, (unhandled) KeyEvent { action=ACTION_UP, keyCode=KEYCODE_DPAD_LEFT, scanCode=0, metaState=0, flags=0x8, repeatCount=0, eventTime=176982, downTime=176982, deviceId=-1, source=0x101 }
D/InputEventConsistencyVerifier( 1057):   4: sent at 176958000000, (unhandled) KeyEvent { action=ACTION_DOWN, keyCode=KEYCODE_DPAD_LEFT, scanCode=0, metaState=0, flags=0x8, repeatCount=0, eventTime=176958, downTime=176958, deviceId=-1, source=0x101 }
D/InputEventConsistencyVerifier( 1057):   5: sent at 176948000000, KeyEvent { action=ACTION_UP, keyCode=KEYCODE_DPAD_CENTER, scanCode=0, metaState=0, flags=0x8, repeatCount=0, eventTime=176948, downTime=176948, deviceId=-1, source=0x101 }
I/Choreographer( 1057): Skipped 111 frames!  The application may be doing too much work on its main thread.
D/InputEventConsistencyVerifier( 1057): KeyEvent: ACTION_UP but key was not down.
D/InputEventConsistencyVerifier( 1057):   in android.widget.LinearLayout@b4050478
D/InputEventConsistencyVerifier( 1057):   0: sent at 177821000000, KeyEvent { action=ACTION_UP, keyCode=KEYCODE_DPAD_UP, scanCode=0, metaState=0, flags=0x400, repeatCount=0, eventTime=177821, downTime=177821, deviceId=-1, source=0x101 }
D/InputEventConsistencyVerifier( 1057):   -- recent events --
D/InputEventConsistencyVerifier( 1057):   1: sent at 177422000000, (unhandled) KeyEvent { action=ACTION_DOWN, keyCode=KEYCODE_DPAD_DOWN, scanCode=0, metaState=0, flags=0x8, repeatCount=0, eventTime=177422, downTime=177422, deviceId=-1, source=0x101 }
D/InputEventConsistencyVerifier( 1057):   2: sent at 177416000000, (unhandled) KeyEvent { action=ACTION_UP, keyCode=KEYCODE_BUTTON_R2, scanCode=0, metaState=0, flags=0x8, repeatCount=0, eventTime=177416, downTime=177416, deviceId=-1, source=0x101 }
D/InputEventConsistencyVerifier( 1057):   3: sent at 177398000000, (unhandled) KeyEvent { action=ACTION_DOWN, keyCode=KEYCODE_BUTTON_R2, scanCode=0, metaState=0, flags=0x8, repeatCount=0, eventTime=177398, downTime=177398, deviceId=-1, source=0x101 }
D/InputEventConsistencyVerifier( 1057):   4: sent at 177351000000, (unhandled) KeyEvent { action=ACTION_UP, keyCode=KEYCODE_DPAD_DOWN, scanCode=0, metaState=0, flags=0x80000008, repeatCount=0, eventTime=177351, downTime=177351, deviceId=-1, source=0x101 }
D/InputEventConsistencyVerifier( 1057):   5: sent at 177053000000, MotionEvent { action=ACTION_UP, id[0]=0, x[0]=202.33334, y[0]=164.0, toolType[0]=TOOL_TYPE_UNKNOWN, buttonState=0, metaState=0, flags=0x0, edgeFlags=0x0, pointerCount=1, historySize=0, eventTime=177053, downTime=177046, deviceId=0, source=0x1002 }
I/ActivityManager(  224): START {act=android.intent.action.MAIN cat=[android.intent.category.LAUNCHER] flg=0x10200000 cmp=dream.color.games.ibeauty/.Main u=0} from pid 1039
I/ActivityManager(  224): START {act=android.intent.action.MAIN cat=[android.intent.category.LAUNCHER] flg=0x10200000 cmp=dream.color.games.ibeauty/.Main u=0} from pid 1039
D/InputEventConsistencyVerifier( 1057): KeyEvent: ACTION_UP but key was not down.
D/InputEventConsistencyVerifier( 1057):   in android.view.ViewRootImpl@b4359930
D/InputEventConsistencyVerifier( 1057):   0: sent at 178150000000, KeyEvent { action=ACTION_UP, keyCode=KEYCODE_DPAD_UP, scanCode=0, metaState=0, flags=0x8, repeatCount=0, eventTime=178150, downTime=178150, deviceId=-1, source=0x101 }
D/InputEventConsistencyVerifier( 1057):   -- recent events --
D/InputEventConsistencyVerifier( 1057):   1: sent at 175967000000, KeyEvent { action=ACTION_UP, keyCode=KEYCODE_DPAD_UP, scanCode=0, metaState=0, flags=0x8, repeatCount=0, eventTime=175967, downTime=175967, deviceId=-1, source=0x101 }
D/InputEventConsistencyVerifier( 1057):   2: sent at 175801000000, KeyEvent { action=ACTION_DOWN, keyCode=KEYCODE_DPAD_UP, scanCode=0, metaState=0, flags=0x8, repeatCount=0, eventTime=175801, downTime=175801, deviceId=-1, source=0x101 }
D/InputEventConsistencyVerifier( 1057):   3: sent at 175795000000, MotionEvent { action=ACTION_UP, id[0]=0, x[0]=748.0, y[0]=187.0, toolType[0]=TOOL_TYPE_UNKNOWN, buttonState=0, metaState=0, flags=0x0, edgeFlags=0x0, pointerCount=1, historySize=0, eventTime=175795, downTime=175768, deviceId=0, source=0x1002 }
D/InputEventConsistencyVerifier( 1057):   4: sent at 175769000000, MotionEvent { action=ACTION_DOWN, id[0]=0, x[0]=754.0, y[0]=182.0, toolType[0]=TOOL_TYPE_UNKNOWN, buttonState=0, metaState=0, flags=0x0, edgeFlags=0x0, pointerCount=1, historySize=0, eventTime=175769, downTime=175768, deviceId=0, source=0x1002 }
D/InputEventConsistencyVerifier( 1057):   5: sent at 175692000000, KeyEvent { action=ACTION_UP, keyCode=KEYCODE_DPAD_LEFT, scanCode=0, metaState=0, flags=0x8, repeatCount=0, eventTime=175692, downTime=175692, deviceId=-1, source=0x101 }
I/Choreographer( 1057): Skipped 102 frames!  The application may be doing too much work on its main thread.
W/dalvikvm( 1057): DroidBox: { "FdAccess": { "path": "2f646174612f646174612f647265616d2e636f6c6f722e67616d65732e696265617574792f7368617265645f70726566732f647265616d2e636f6c6f722e67616d65732e696265617574795f707265666572656e6365732e786d6c", "id": "392807879" } }
W/DroidBox( 1057): DroidBox: { "FileRW": { "operation": "write", "data": "3c3f786d6c2076657273696f6e3d27312e302720656e636f64696e673d277574662d3827207374616e64616c6f6e653d2779657327203f3e0a3c6d61703e0a3c626f6f6c65616e206e616d653d2273686f775f6e756d62657273222076616c75653d2266", "id": "392807879" } }
W/InputMethodManagerService(  224): Window already focused, ignoring focus gain of: com.android.internal.view.IInputMethodClient$Stub$Proxy@b3e94dc8 attribute=null
I/Choreographer( 1057): Skipped 31 frames!  The application may be doing too much work on its main thread.
I/Choreographer( 1057): Skipped 35 frames!  The application may be doing too much work on its main thread.
E/WVMExtractor(   62): Failed to open libwvm.so
I/Choreographer( 1057): Skipped 47 frames!  The application may be doing too much work on its main thread.
W/dalvikvm( 1057): DroidBox: { "FdAccess": { "path": "2f646174612f646174612f647265616d2e636f6c6f722e67616d65732e696265617574792f7368617265645f70726566732f647265616d2e636f6c6f722e67616d65732e696265617574795f707265666572656e6365732e786d6c", "id": "574975384" } }
W/DroidBox( 1057): DroidBox: { "FileRW": { "operation": "write", "data": "3c3f786d6c2076657273696f6e3d27312e302720656e636f64696e673d277574662d3827207374616e64616c6f6e653d2779657327203f3e0a3c6d61703e0a3c626f6f6c65616e206e616d653d2273686f775f6e756d62657273222076616c75653d2274", "id": "574975384" } }
E/WVMExtractor(   62): Failed to open libwvm.so
I/Choreographer( 1057): Skipped 33 frames!  The application may be doing too much work on its main thread.
E/WVMExtractor(   62): Failed to open libwvm.so
E/WVMExtractor(   62): Failed to open libwvm.so
I/Choreographer( 1057): Skipped 74 frames!  The application may be doing too much work on its main thread.
E/WVMExtractor(   62): Failed to open libwvm.so
D/InputEventConsistencyVerifier( 1057): KeyEvent: ACTION_UP but key was not down.
D/InputEventConsistencyVerifier( 1057):   in android.view.ViewRootImpl@b4359930
D/InputEventConsistencyVerifier( 1057):   0: sent at 181544000000, KeyEvent { action=ACTION_UP, keyCode=KEYCODE_DPAD_UP, scanCode=0, metaState=0, flags=0x8, repeatCount=0, eventTime=181544, downTime=181544, deviceId=-1, source=0x101 }
D/InputEventConsistencyVerifier( 1057):   -- recent events --
D/InputEventConsistencyVerifier( 1057):   1: sent at 179942000000, KeyEvent { action=ACTION_UP, keyCode=KEYCODE_MENU, scanCode=0, metaState=0, flags=0x8, repeatCount=0, eventTime=179942, downTime=179942, deviceId=-1, source=0x101 }
D/InputEventConsistencyVerifier( 1057):   2: sent at 179157000000, KeyEvent { action=ACTION_DOWN, keyCode=KEYCODE_MENU, scanCode=0, metaState=0, flags=0x8, repeatCount=0, eventTime=179157, downTime=179157, deviceId=-1, source=0x101 }
D/InputEventConsistencyVerifier( 1057):   3: sent at 179938000000, KeyEvent { action=ACTION_UP, keyCode=KEYCODE_DPAD_UP, scanCode=0, metaState=0, flags=0x400, repeatCount=0, eventTime=179938, downTime=179938, deviceId=-1, source=0x101 }
D/InputEventConsistencyVerifier( 1057):   4: sent at 179938000000, KeyEvent { action=ACTION_DOWN, keyCode=KEYCODE_DPAD_UP, scanCode=0, metaState=0, flags=0x400, repeatCount=0, eventTime=179938, downTime=179938, deviceId=-1, source=0x101 }
D/InputEventConsistencyVerifier( 1057):   5: sent at 179937000000, KeyEvent { action=ACTION_UP, keyCode=KEYCODE_DPAD_UP, scanCode=0, metaState=0, flags=0x400, repeatCount=0, eventTime=179937, downTime=179937, deviceId=-1, source=0x101 }
W/InputMethodManagerService(  224): Window already focused, ignoring focus gain of: com.android.internal.view.IInputMethodClient$Stub$Proxy@b4342cd8 attribute=null
W/dalvikvm( 1057): DroidBox: { "FdAccess": { "path": "2f646174612f646174612f647265616d2e636f6c6f722e67616d65732e696265617574792f7368617265645f70726566732f647265616d2e636f6c6f722e67616d65732e696265617574795f707265666572656e6365732e786d6c", "id": "769702512" } }
W/DroidBox( 1057): DroidBox: { "FileRW": { "operation": "write", "data": "3c3f786d6c2076657273696f6e3d27312e302720656e636f64696e673d277574662d3827207374616e64616c6f6e653d2779657327203f3e0a3c6d61703e0a3c626f6f6c65616e206e616d653d2273686f775f6e756d62657273222076616c75653d2266", "id": "769702512" } }
E/WVMExtractor(   62): Failed to open libwvm.so
E/WVMExtractor(   62): Failed to open libwvm.so
W/DroidBox( 1108): DroidBox: { "ServiceStart": { "name": "com.android.music.MediaPlaybackService" } }
W/DroidBox( 1108): DroidBox: { "ServiceStart": { "name": "com.android.music.MediaPlaybackService" } }
I/Choreographer( 1057): Skipped 55 frames!  The application may be doing too much work on its main thread.
I/Choreographer( 1057): Skipped 31 frames!  The application may be doing too much work on its main thread.
E/WVMExtractor(   62): Failed to open libwvm.so
I/AudioService(  224):  AudioFocus  requestAudioFocus() from android.media.AudioManager@b3e2c528com.android.music.MediaPlaybackService$3@b3e2ad60
I/AudioService(  224):   Remote Control   registerMediaButtonIntent() for PendingIntent{b4173b48: PendingIntentRecord{b3ed18e0 com.android.music broadcastIntent}}
I/Choreographer( 1057): Skipped 32 frames!  The application may be doing too much work on its main thread.
E/WVMExtractor(   62): Failed to open libwvm.so
E/WVMExtractor(   62): Failed to open libwvm.so
E/WVMExtractor(   62): Failed to open libwvm.so
W/dalvikvm( 1057): DroidBox: { "FdAccess": { "path": "2f646174612f646174612f647265616d2e636f6c6f722e67616d65732e696265617574792f7368617265645f70726566732f647265616d2e636f6c6f722e67616d65732e696265617574795f707265666572656e6365732e786d6c", "id": "692048062" } }
W/DroidBox( 1057): DroidBox: { "FileRW": { "operation": "write", "data": "3c3f786d6c2076657273696f6e3d27312e302720656e636f64696e673d277574662d3827207374616e64616c6f6e653d2779657327203f3e0a3c6d61703e0a3c626f6f6c65616e206e616d653d2273686f775f6e756d62657273222076616c75653d2274", "id": "692048062" } }
I/Choreographer( 1057): Skipped 39 frames!  The application may be doing too much work on its main thread.
I/ActivityManager(  224): START {act=android.intent.action.MAIN cat=[android.intent.category.HOME] flg=0x10200000 cmp=com.android.launcher/com.android.launcher2.Launcher u=0} from pid 224
W/dalvikvm( 1057): DroidBox: { "FdAccess": { "path": "2f646174612f646174612f647265616d2e636f6c6f722e67616d65732e696265617574792f7368617265645f70726566732f647265616d2e636f6c6f722e67616d65732e696265617574795f707265666572656e6365732e786d6c", "id": "1368474418" } }
W/DroidBox( 1057): DroidBox: { "FileRW": { "operation": "write", "data": "3c3f786d6c2076657273696f6e3d27312e302720656e636f64696e673d277574662d3827207374616e64616c6f6e653d2779657327203f3e0a3c6d61703e0a3c626f6f6c65616e206e616d653d2273686f775f6e756d62657273222076616c75653d2266", "id": "1368474418" } }
E/WVMExtractor(   62): Failed to open libwvm.so
I/InputDispatcher(  224): Dropped event because of pending overdue app switch.
W/InputManager(  224): Input event injection from pid 1039 failed.
W/dalvikvm( 1057): DroidBox: { "FdAccess": { "path": "2f646174612f646174612f647265616d2e636f6c6f722e67616d65732e696265617574792f7368617265645f70726566732f647265616d2e636f6c6f722e67616d65732e696265617574795f707265666572656e6365732e786d6c", "id": "1619321161" } }
W/DroidBox( 1057): DroidBox: { "FileRW": { "operation": "write", "data": "3c3f786d6c2076657273696f6e3d27312e302720656e636f64696e673d277574662d3827207374616e64616c6f6e653d2779657327203f3e0a3c6d61703e0a3c626f6f6c65616e206e616d653d2273686f775f6e756d62657273222076616c75653d2274", "id": "1619321161" } }
I/Choreographer( 1057): Skipped 78 frames!  The application may be doing too much work on its main thread.
E/WVMExtractor(   62): Failed to open libwvm.so
E/WVMExtractor(   62): Failed to open libwvm.so
E/WVMExtractor(   62): Failed to open libwvm.so
W/DroidBox( 1108): DroidBox: { "ServiceStart": { "name": "com.android.music.MediaPlaybackService" } }
W/DroidBox( 1108): DroidBox: { "ServiceStart": { "name": "com.android.music.MediaPlaybackService" } }
I/AudioService(  224):  AudioFocus  requestAudioFocus() from android.media.AudioManager@b3e2c528com.android.music.MediaPlaybackService$3@b3e2ad60
E/WVMExtractor(   62): Failed to open libwvm.so
I/AudioService(  224):   Remote Control   registerMediaButtonIntent() for PendingIntent{b3f9e6f0: PendingIntentRecord{b3ed18e0 com.android.music broadcastIntent}}
I/Choreographer( 1057): Skipped 49 frames!  The application may be doing too much work on its main thread.
E/WVMExtractor(   62): Failed to open libwvm.so
I/Choreographer( 1057): Skipped 45 frames!  The application may be doing too much work on its main thread.
I/Choreographer( 1057): Skipped 87 frames!  The application may be doing too much work on its main thread.
W/dalvikvm( 1039): DroidBox: { "FdAccess": { "path": "2f6465762f696e7075742f6576656e7430", "id": "2050413861" } }
W/DroidBox( 1039): DroidBox: { "FileRW": { "operation": "write", "data": "efbfbd060000efbfbdefbfbd0c000500000000000000", "id": "2050413861" } }
I/Choreographer( 1057): Skipped 188 frames!  The application may be doing too much work on its main thread.
E/WVMExtractor(   62): Failed to open libwvm.so
I/ActivityManager(  224): START {act=android.intent.action.MAIN cat=[android.intent.category.HOME] flg=0x10200000 cmp=com.android.launcher/com.android.launcher2.Launcher u=0} from pid 224
I/Choreographer( 1057): Skipped 169 frames!  The application may be doing too much work on its main thread.
I/ActivityManager(  224): START {act=android.intent.action.MAIN cat=[android.intent.category.LAUNCHER] flg=0x10200000 cmp=dream.color.games.ibeauty/.Main u=0} from pid 1039
I/InputDispatcher(  224): Dropped event because of pending overdue app switch.
W/InputManager(  224): Input event injection from pid 1039 failed.
E/WVMExtractor(   62): Failed to open libwvm.so
I/Choreographer( 1057): Skipped 177 frames!  The application may be doing too much work on its main thread.
E/WVMExtractor(   62): Failed to open libwvm.so
I/Choreographer( 1057): Skipped 124 frames!  The application may be doing too much work on its main thread.
W/InputMethodManagerService(  224): Window already focused, ignoring focus gain of: com.android.internal.view.IInputMethodClient$Stub$Proxy@b4237bc8 attribute=null
I/Choreographer( 1057): Skipped 50 frames!  The application may be doing too much work on its main thread.
E/WVMExtractor(   62): Failed to open libwvm.so
E/WVMExtractor(   62): Failed to open libwvm.so
W/dalvikvm( 1057): DroidBox: { "FdAccess": { "path": "2f646174612f646174612f647265616d2e636f6c6f722e67616d65732e696265617574792f7368617265645f70726566732f647265616d2e636f6c6f722e67616d65732e696265617574795f707265666572656e6365732e786d6c", "id": "274589856" } }
W/DroidBox( 1057): DroidBox: { "FileRW": { "operation": "write", "data": "3c3f786d6c2076657273696f6e3d27312e302720656e636f64696e673d277574662d3827207374616e64616c6f6e653d2779657327203f3e0a3c6d61703e0a3c626f6f6c65616e206e616d653d2273686f775f6e756d62657273222076616c75653d2266", "id": "274589856" } }
I/Choreographer( 1057): Skipped 75 frames!  The application may be doing too much work on its main thread.
E/WVMExtractor(   62): Failed to open libwvm.so
I/Choreographer( 1057): Skipped 53 frames!  The application may be doing too much work on its main thread.
E/WVMExtractor(   62): Failed to open libwvm.so
W/dalvikvm( 1057): DroidBox: { "FdAccess": { "path": "2f646174612f646174612f647265616d2e636f6c6f722e67616d65732e696265617574792f7368617265645f70726566732f647265616d2e636f6c6f722e67616d65732e696265617574795f707265666572656e6365732e786d6c", "id": "446904443" } }
W/DroidBox( 1057): DroidBox: { "FileRW": { "operation": "write", "data": "3c3f786d6c2076657273696f6e3d27312e302720656e636f64696e673d277574662d3827207374616e64616c6f6e653d2779657327203f3e0a3c6d61703e0a3c626f6f6c65616e206e616d653d2273686f775f6e756d62657273222076616c75653d2274", "id": "446904443" } }
I/ActivityManager(  224): START {act=android.intent.action.CALL_BUTTON flg=0x10000000 cmp=com.android.contacts/.activities.DialtactsActivity u=0} from pid 1057
E/WVMExtractor(   62): Failed to open libwvm.so
E/WVMExtractor(   62): Failed to open libwvm.so
E/WVMExtractor(   62): Failed to open libwvm.so
E/WVMExtractor(   62): Failed to open libwvm.so
E/WVMExtractor(   62): Failed to open libwvm.so
E/WVMExtractor(   62): Failed to open libwvm.so
E/WVMExtractor(   62): Failed to open libwvm.so
I/Choreographer( 1057): Skipped 100 frames!  The application may be doing too much work on its main thread.
I/Choreographer( 1057): Skipped 98 frames!  The application may be doing too much work on its main thread.
I/Choreographer( 1057): Skipped 40 frames!  The application may be doing too much work on its main thread.
I/Choreographer( 1057): Skipped 63 frames!  The application may be doing too much work on its main thread.
E/WVMExtractor(   62): Failed to open libwvm.so
I/Choreographer( 1057): Skipped 224 frames!  The application may be doing too much work on its main thread.
W/InputMethodManagerService(  224): Window already focused, ignoring focus gain of: com.android.internal.view.IInputMethodClient$Stub$Proxy@b3f6d4a0 attribute=null
I/Choreographer( 1057): Skipped 60 frames!  The application may be doing too much work on its main thread.
I/InputDispatcher(  224): Window 'Window{b3ebd468 dream.color.games.ibeauty/dream.color.games.ibeauty.SettingsActivity paused=false}' spent 3841.1ms processing the last input event: MotionEvent(action=0, deviceId=0, source=0x00001002)
I/InputDispatcher(  224): Window 'Window{b3ebd468 dream.color.games.ibeauty/dream.color.games.ibeauty.SettingsActivity paused=false}' spent 3810.2ms processing the last input event: MotionEvent(action=2, deviceId=0, source=0x00001002)
I/InputDispatcher(  224): Window 'Window{b3ebd468 dream.color.games.ibeauty/dream.color.games.ibeauty.SettingsActivity paused=false}' spent 3811.2ms processing the last input event: MotionEvent(action=2, deviceId=0, source=0x00001002)
I/InputDispatcher(  224): Window 'Window{b3ebd468 dream.color.games.ibeauty/dream.color.games.ibeauty.SettingsActivity paused=false}' spent 3810.4ms processing the last input event: MotionEvent(action=2, deviceId=0, source=0x00001002)
I/InputDispatcher(  224): Window 'Window{b3ebd468 dream.color.games.ibeauty/dream.color.games.ibeauty.SettingsActivity paused=false}' spent 3809.3ms processing the last input event: MotionEvent(action=2, deviceId=0, source=0x00001002)
I/InputDispatcher(  224): Window 'Window{b3ebd468 dream.color.games.ibeauty/dream.color.games.ibeauty.SettingsActivity paused=false}' spent 3808.4ms processing the last input event: MotionEvent(action=2, deviceId=0, source=0x00001002)
I/InputDispatcher(  224): Window 'Window{b3ebd468 dream.color.games.ibeauty/dream.color.games.ibeauty.SettingsActivity paused=false}' spent 3807.6ms processing the last input event: MotionEvent(action=2, deviceId=0, source=0x00001002)
I/InputDispatcher(  224): Window 'Window{b3ebd468 dream.color.games.ibeauty/dream.color.games.ibeauty.SettingsActivity paused=false}' spent 3806.8ms processing the last input event: MotionEvent(action=2, deviceId=0, source=0x00001002)
I/InputDispatcher(  224): Window 'Window{b3ebd468 dream.color.games.ibeauty/dream.color.games.ibeauty.SettingsActivity paused=false}' spent 3806.1ms processing the last input event: MotionEvent(action=2, deviceId=0, source=0x00001002)
I/InputDispatcher(  224): Window 'Window{b3ebd468 dream.color.games.ibeauty/dream.color.games.ibeauty.SettingsActivity paused=false}' spent 3801.6ms processing the last input event: MotionEvent(action=1, deviceId=0, source=0x00001002)
I/InputDispatcher(  224): Window 'Window{b3ebd468 dream.color.games.ibeauty/dream.color.games.ibeauty.SettingsActivity paused=false}' spent 3777.6ms processing the last input event: MotionEvent(action=0, deviceId=0, source=0x00001002)
I/InputDispatcher(  224): Window 'Window{b3ebd468 dream.color.games.ibeauty/dream.color.games.ibeauty.SettingsActivity paused=false}' spent 3774.9ms processing the last input event: MotionEvent(action=1, deviceId=0, source=0x00001002)
I/InputDispatcher(  224): Window 'Window{b3ebd468 dream.color.games.ibeauty/dream.color.games.ibeauty.SettingsActivity paused=false}' spent 3915.8ms processing the last input event: MotionEvent(action=2, deviceId=0, source=0x00010004)
I/InputDispatcher(  224): Window 'Window{b3ebd468 dream.color.games.ibeauty/dream.color.games.ibeauty.SettingsActivity paused=false}' spent 3914.2ms processing the last input event: MotionEvent(action=2, deviceId=0, source=0x00010004)
D/InputEventConsistencyVerifier( 1057): KeyEvent: ACTION_UP but key was not down.
D/InputEventConsistencyVerifier( 1057):   in android.view.ViewRootImpl@b4359930
D/InputEventConsistencyVerifier( 1057):   0: sent at 202292000000, KeyEvent { action=ACTION_UP, keyCode=KEYCODE_DPAD_LEFT, scanCode=0, metaState=0, flags=0x8, repeatCount=0, eventTime=202292, downTime=202292, deviceId=-1, source=0x101 }
D/InputEventConsistencyVerifier( 1057):   -- recent events --
