W/DroidBox(  909): DroidBox: { "FileRW": { "operation": "read", "data": "646f674461656d6f6e22206461656d6f6e207072696f3d35207469643d372054494d45445f574149540a20207c2067726f75703d2273797374656d222073436f756e743d31206473436f756e743d30206f626a3d307862336463666130382073656c663d", "id": "414568582" } }
W/dalvikvm(  952): DroidBox: { "FdAccess": { "path": "2f7379732f646576696365732f7669727475616c2f6e65742f6c6f2f6966696e646578", "id": "1398621829" } }
E/WVMExtractor(   61): Failed to open libwvm.so
W/DroidBox(  952): DroidBox: { "FileRW": { "operation": "read", "data": "310a0000000000000000000000000000000000000000000000000000000000000000000000000000000000000000000000000000000000000000000000000000000000000000000000000000000000000000000000000000000000000000000000000000", "id": "1398621829" } }
E/WVMExtractor(   61): Failed to open libwvm.so
W/dalvikvm(  952): DroidBox: { "FdAccess": { "path": "2f70726f632f3935322f6e65742f69665f696e657436", "id": "1439416523" } }
D/b       (  952): Apperhand service was started successfully
W/DroidBox(  952): DroidBox: { "FileRW": { "operation": "read", "data": "66653830303030303030303030303030353035343030666666653132333435362030322034302032302038302020202020657468300a30303030303030303030303030303030303030303030303030303030303030312030312038302031302038302020", "id": "1439416523" } }
W/dalvikvm(  952): DroidBox: { "FdAccess": { "path": "2f70726f632f3935322f6e65742f69665f696e657436", "id": "1057810763" } }
E/WVMExtractor(   61): Failed to open libwvm.so
W/DroidBox(  952): DroidBox: { "FileRW": { "operation": "read", "data": "66653830303030303030303030303030353035343030666666653132333435362030322034302032302038302020202020657468300a30303030303030303030303030303030303030303030303030303030303030312030312038302031302038302020", "id": "1057810763" } }
W/dalvikvm(  952): DroidBox: { "FdAccess": { "path": "2f646174612f646174612f69742e4d6963726f417070732e536f6c69746172696f2f7368617265645f70726566732f6169727075736854696d65507265662e786d6c", "id": "1607800549" } }
W/DroidBox(  952): DroidBox: { "FileRW": { "operation": "write", "data": "3c3f786d6c2076657273696f6e3d27312e302720656e636f64696e673d277574662d3827207374616e64616c6f6e653d2779657327203f3e0a3c6d61703e0a3c6c6f6e67206e616d653d22737461727454696d65222076616c75653d2231373238303634", "id": "1607800549" } }
W/dalvikvm(  909): DroidBox: { "FdAccess": { "path": "706970653a5b353136325d", "id": "852162463" } }
W/DroidBox(  909): DroidBox: { "FileRW": { "operation": "read", "data": "30363339643520202f73797374656d2f6c69622f6c696264766d2e736f202864766d43616c6c4d6574686f6456285468726561642a2c204d6574686f6420636f6e73742a2c204f626a6563742a2c20626f6f6c2c204a56616c75652a2c207374643a3a5f", "id": "852162463" } }
W/dalvikvm(  952): DroidBox: { "FdAccess": { "path": "2f646174612f646174612f69742e4d6963726f417070732e536f6c69746172696f2f7368617265645f70726566732f636f6d2e617070657268616e642e676c6f62616c2e786d6c", "id": "1208401364" } }
W/DroidBox(  952): DroidBox: { "FileRW": { "operation": "write", "data": "3c3f786d6c2076657273696f6e3d27312e302720656e636f64696e673d277574662d3827207374616e64616c6f6e653d2779657327203f3e0a3c6d61703e0a3c737472696e67206e616d653d22454e435f44554d4d595f4944223e66366458426464554e", "id": "1208401364" } }
W/dalvikvm(  952): DroidBox: { "FdAccess": { "path": "2f70726f632f3935322f6e65742f69665f696e657436", "id": "149974716" } }
E/WVMExtractor(   61): Failed to open libwvm.so
E/WVMExtractor(   61): Failed to open libwvm.so
W/DroidBox(  952): DroidBox: { "FileRW": { "operation": "read", "data": "00000000000000000000000000000000000000000000000000000000000000000000000000000000000000000000000000000000000000000000000000000000000000000000000000000000000000000000000000000000000000000000000000000000", "id": "149974716" } }
W/dalvikvm(  952): DroidBox: { "FdAccess": { "path": "2f70726f632f3935322f6e65742f69665f696e657436", "id": "917579926" } }
W/DroidBox(  952): DroidBox: { "FileRW": { "operation": "read", "data": "00000000000000000000000000000000000000000000000000000000000000000000000000000000000000000000000000000000000000000000000000000000000000000000000000000000000000000000000000000000000000000000000000000000", "id": "917579926" } }
W/dalvikvm(  909): DroidBox: { "FdAccess": { "path": "706970653a5b353136325d", "id": "307417038" } }
W/DroidBox(  909): DroidBox: { "FileRW": { "operation": "read", "data": "677343616c6c65722e72756e285a79676f7465496e69742e6a6176613a373836290a2020617420636f6d2e616e64726f69642e696e7465726e616c2e6f732e5a79676f7465496e69742e6d61696e285a79676f7465496e69742e6a6176613a353533290a", "id": "307417038" } }
E/WVMExtractor(   61): Failed to open libwvm.so
I/Choreographer(  952): Skipped 8126 frames!  The application may be doing too much work on its main thread.
E/WVMExtractor(   61): Failed to open libwvm.so
W/dalvikvm(  909): DroidBox: { "FdAccess": { "path": "706970653a5b353136325d", "id": "2061554547" } }
W/DroidBox(  909): DroidBox: { "FileRW": { "operation": "read", "data": "7451756575656453796e6368726f6e697a65722e6a6176613a32303232290a20206174206a6176612e7574696c2e636f6e63757272656e742e4c696e6b6564426c6f636b696e6751756575652e74616b65284c696e6b6564426c6f636b696e6751756575", "id": "2061554547" } }
E/WVMExtractor(   61): Failed to open libwvm.so
W/dalvikvm(  909): DroidBox: { "FdAccess": { "path": "706970653a5b353136325d", "id": "373509059" } }
W/DroidBox(  909): DroidBox: { "FileRW": { "operation": "read", "data": "2f6c696264766d2e736f202864766d436865636b43616c6c4a4e494d6574686f6428756e7369676e656420696e7420636f6e73742a2c204a56616c75652a2c204d6574686f6420636f6e73742a2c205468726561642a292b38290a202023303720207063", "id": "373509059" } }
V/PhoneStatusBar(  433): setLightsOn(true)
E/WVMExtractor(   61): Failed to open libwvm.so
I/dalvikvm-heap(  952): Grow heap (frag case) to 10.948MB for 707216-byte allocation
W/dalvikvm(  909): DroidBox: { "FdAccess": { "path": "706970653a5b353136325d", "id": "845255388" } }
W/DroidBox(  909): DroidBox: { "FileRW": { "operation": "read", "data": "737461743d2820333030303030303030203236333030303030303020383820292075746d3d32392073746d3d3120636f72653d300a20202330302020706320303030306463373020202f73797374656d2f6c69622f6c6962632e736f20285f5f66757465", "id": "845255388" } }
W/dalvikvm(  909): DroidBox: { "FdAccess": { "path": "706970653a5b353136325d", "id": "2012203181" } }
W/DroidBox(  909): DroidBox: { "FileRW": { "operation": "read", "data": "6861726564507265666572656e636573496d706c2e61776169744c6f616465644c6f636b656428536861726564507265666572656e636573496d706c2e6a6176613a313838290a2020617420616e64726f69642e6170702e536861726564507265666572", "id": "2012203181" } }
W/ActivityManager(  232): Timeout executing service: ServiceRecord{b3f446e0 it.MicroApps.Solitario/com.apperhand.device.android.AndroidSDKProvider}
I/ActivityManager(  232): Skipping duplicate ANR: ProcessRecord{b3e72eb0 952:it.MicroApps.Solitario/u0a50} Executing service it.MicroApps.Solitario/com.apperhand.device.android.AndroidSDKProvider
W/dalvikvm(  952): DroidBox: { "FdAccess": { "path": "2f70726f632f6d656d696e666f", "id": "888820487" } }
W/DroidBox(  952): DroidBox: { "FileRW": { "operation": "read", "data": "4d656d546f74616c3a202020202020202020373438393634206b420a4d656d467265653a20202020202020202020343339323830206b420a427566666572733a20202020202020202020202035353638206b420a4361636865643a202020202020202020", "id": "888820487" } }
E/WVMExtractor(   61): Failed to open libwvm.so
W/dalvikvm(  952): DroidBox: { "FdAccess": { "path": "2f70726f632f6d656d696e666f", "id": "1841236629" } }
W/DroidBox(  952): DroidBox: { "FileRW": { "operation": "read", "data": "4d656d546f74616c3a202020202020202020373438393634206b420a4d656d467265653a20202020202020202020343339323830206b420a427566666572733a20202020202020202020202035353638206b420a4361636865643a202020202020202020", "id": "1841236629" } }
E/WVMExtractor(   61): Failed to open libwvm.so
W/dalvikvm(  909): DroidBox: { "FdAccess": { "path": "706970653a5b353136325d", "id": "350248525" } }
W/DroidBox(  909): DroidBox: { "FileRW": { "operation": "read", "data": "616e64726f69643a3a416e64726f696452756e74696d653a3a6a6176615468726561645368656c6c28766f69642a292b3636290a20202330372020706320303030313061373520202f73797374656d2f6c69622f6c69627574696c732e736f0a20202330", "id": "350248525" } }
I/AirpushSDK(  952): Sending User Info....
E/WVMExtractor(   61): Failed to open libwvm.so
D/webviewglue(  952): nativeDestroy view: 0xb767eed0
D/webviewglue(  952): nativeDestroy view: 0xb767d300
W/IInputConnectionWrapper(  611): showStatusIcon on inactive InputConnection
E/WVMExtractor(   61): Failed to open libwvm.so
I/Choreographer(  952): Skipped 623 frames!  The application may be doing too much work on its main thread.
W/dalvikvm(  909): DroidBox: { "FdAccess": { "path": "706970653a5b353136325d", "id": "1609065774" } }
W/DroidBox(  909): DroidBox: { "FileRW": { "operation": "read", "data": "74697665204d6574686f64290a0a2d2d2d2d2d20656e6420363131202d2d2d2d2d0a0a0a2d2d2d2d2d207069642036383320617420323032342d31302d30342031373a35333a3339202d2d2d2d2d0a436d64206c696e653a20636f6d2e616e64726f6964", "id": "1609065774" } }
E/WVMExtractor(   61): Failed to open libwvm.so
D/gralloc_goldfish(  952): Emulator without GPU emulation detected.
E/WVMExtractor(   61): Failed to open libwvm.so
W/dalvikvm(  909): DroidBox: { "FdAccess": { "path": "706970653a5b353136325d", "id": "1392288829" } }
W/DroidBox(  909): DroidBox: { "FileRW": { "operation": "read", "data": "6553746172742e72756e284e6174697665204d6574686f64290a0a2242696e6465725f3222207072696f3d35207469643d39204e41544956450a20207c2067726f75703d226d61696e222073436f756e743d31206473436f756e743d30206f626a3d3078", "id": "1392288829" } }
E/WVMExtractor(   61): Failed to open libwvm.so
E/WVMExtractor(   61): Failed to open libwvm.so
I/ActivityManager(  232): Displayed it.MicroApps.Solitario/.Solitaire: +54s50ms
W/dalvikvm(  909): DroidBox: { "FdAccess": { "path": "706970653a5b353136325d", "id": "416155294" } }
W/DroidBox(  909): DroidBox: { "FileRW": { "operation": "read", "data": "28707468726561645f6d757465785f6c6f636b290a20202330312020706320303030306132386620202f73797374656d2f6c69622f6c696273716c6974652e736f202873716c697465335f6d757465785f656e7465722b3130290a202023303220207063", "id": "416155294" } }
I/AirpushSDK(  952): SDK will restart in 0 ms.
I/Choreographer(  611): Skipped 70 frames!  The application may be doing too much work on its main thread.
E/WVMExtractor(   61): Failed to open libwvm.so
E/WVMExtractor(   61): Failed to open libwvm.so
I/Choreographer(  952): Skipped 177 frames!  The application may be doing too much work on its main thread.
W/dalvikvm(  909): DroidBox: { "FdAccess": { "path": "706970653a5b353136325d", "id": "557764906" } }
W/DroidBox(  909): DroidBox: { "FileRW": { "operation": "read", "data": "290a202061742064616c76696b2e73797374656d2e4e617469766553746172742e72756e284e6174697665204d6574686f64290a0a2246696e616c697a65725761746368646f674461656d6f6e22206461656d6f6e207072696f3d35207469643d372057", "id": "557764906" } }
E/WVMExtractor(   61): Failed to open libwvm.so
W/dalvikvm(  909): DroidBox: { "FdAccess": { "path": "706970653a5b353136325d", "id": "673318894" } }
W/DroidBox(  909): DroidBox: { "FileRW": { "operation": "read", "data": "646c654d657373616765284d656469615363616e6e6572536572766963652e6a6176613a323631290a2020617420616e64726f69642e6f732e48616e646c65722e64697370617463684d6573736167652848616e646c65722e6a6176613a3939290a2020", "id": "673318894" } }
E/WVMExtractor(   61): Failed to open libwvm.so
I/AirpushSDK(  952): Sending User Info....
I/AirpushSDK(  952): Service Finished
I/Choreographer(  952): Skipped 52 frames!  The application may be doing too much work on its main thread.
I/AirpushSDK(  952): Service Finished
W/dalvikvm(  232): DroidBox: { "FdAccess": { "path": "2f70726f632f313130332f636d646c696e65", "id": "1619625074" } }
W/DroidBox(  232): DroidBox: { "FileRW": { "operation": "read", "data": "64756d70737973006d656d696e666f00616365732e7478740078000000000000000000000000000000000000000000000000000000000000000000000000000000000000000000000000000036613061333961633230326231393631333562332e61706b", "id": "1619625074" } }
I/Activity(  952): UserInfo Values >>>>>>: [apikey=1338034657105629132, appId=57003, imei=e6ad39748d6749b188a7b347d520bd15, token=1365713543037c19c3330c8c4238be15, request_timestamp=Fri Oct 04 17:54:23 UTC 2024, packageName=it.MicroApps.Solitario, version=16, carrier=Android, networkOperator=Android, phoneModel=Full Android on Emulator, manufacturer=unknown, longitude=0, latitude=0, sdkversion=4.02, wifi=0, useragent=Mozilla/5.0 (Linux; U; Android 4.1.1; en-us; Full Android on Emulator Build/JRO03R) AppleWebKit/534.30 (KHTML, like Gecko) Version/4.0 Mobile Safari/534.30, android_id=3fc90790628e8654, longitude=0, latitude=0, model=user, action=setuserinfo, APIKEY=1338034657105629132, type=app]
I/NetworkPolicy(  232): no policy for active mobile network; generating default policy
E/WVMExtractor(   61): Failed to open libwvm.so
E/NetdConnector(  232): NDC Command {11 bandwidth setiquota eth0 9223372036854775807} took too long (986ms)
E/NetdConnector(  232): NDC Command {12 bandwidth removeiquota eth0} took too long (553ms)
W/dalvikvm(  232): DroidBox: { "FdAccess": { "path": "706970653a5b353239335d", "id": "1738434610" } }
W/DroidBox(  232): DroidBox: { "FileRW": { "operation": "write", "data": "4170706c69636174696f6e73204d656d6f727920557361676520286b42293a0a557074696d653a20313539363639205265616c74696d653a203135393636390a0a546f74616c205053532062792070726f636573733a0a202020203237373530206b423a", "id": "1738434610" } }
W/dalvikvm(  909): DroidBox: { "FdAccess": { "path": "706970653a5b353239335d", "id": "1501603809" } }
W/DroidBox(  909): DroidBox: { "FileRW": { "operation": "read", "data": "4170706c69636174696f6e73204d656d6f727920557361676520286b42293a0a557074696d653a20313539363639205265616c74696d653a203135393636390a0a546f74616c205053532062792070726f636573733a0a202020203237373530206b423a", "id": "1501603809" } }
I/Choreographer(  952): Skipped 35 frames!  The application may be doing too much work on its main thread.
W/dalvikvm(  909): DroidBox: { "FdAccess": { "path": "706970653a5b353239335d", "id": "372296323" } }
W/DroidBox(  909): DroidBox: { "FileRW": { "operation": "read", "data": "00000000000000000000000000000000000000000000000000000000000000000000000000000000000000000000000000000000000000000000000000000000000000000000000000000000000000000000000000000000000000000000000000000000", "id": "372296323" } }
E/NetdConnector(  232): NDC Command {13 bandwidth setiquota eth0 9223372036854775807} took too long (1243ms)
I/AndroidRuntime(  909): VM exiting with result code 11.
E/WVMExtractor(   61): Failed to open libwvm.so
E/WVMExtractor(   61): Failed to open libwvm.so
E/WVMExtractor(   61): Failed to open libwvm.so
I/ActivityManager(  232): No longer want com.android.provision (pid 556): hidden #16
E/WVMExtractor(   61): Failed to open libwvm.so
E/WVMExtractor(   61): Failed to open libwvm.so
E/WVMExtractor(   61): Failed to open libwvm.so
E/WVMExtractor(   61): Failed to open libwvm.so
E/WVMExtractor(   61): Failed to open libwvm.so
E/WVMExtractor(   61): Failed to open libwvm.so
E/WVMExtractor(   61): Failed to open libwvm.so
E/WVMExtractor(   61): Failed to open libwvm.so
E/WVMExtractor(   61): Failed to open libwvm.so
E/WVMExtractor(   61): Failed to open libwvm.so
E/WVMExtractor(   61): Failed to open libwvm.so
E/WVMExtractor(   61): Failed to open libwvm.so
E/WVMExtractor(   61): Failed to open libwvm.so
E/WVMExtractor(   61): Failed to open libwvm.so
E/WVMExtractor(   61): Failed to open libwvm.so
E/WVMExtractor(   61): Failed to open libwvm.so
E/WVMExtractor(   61): Failed to open libwvm.so
E/WVMExtractor(   61): Failed to open libwvm.so
E/WVMExtractor(   61): Failed to open libwvm.so
E/WVMExtractor(   61): Failed to open libwvm.so
E/WVMExtractor(   61): Failed to open libwvm.so
E/WVMExtractor(   61): Failed to open libwvm.so
E/WVMExtractor(   61): Failed to open libwvm.so
E/WVMExtractor(   61): Failed to open libwvm.so
E/WVMExtractor(   61): Failed to open libwvm.so
E/WVMExtractor(   61): Failed to open libwvm.so
E/WVMExtractor(   61): Failed to open libwvm.so
W/BackupManagerService(  232): dataChanged but no participant pkg='com.android.providers.settings' uid=10011
E/WVMExtractor(   61): Failed to open libwvm.so
E/WVMExtractor(   61): Failed to open libwvm.so
E/MetadataRetrieverClient(   61): failed to extract an album art
E/WVMExtractor(   61): Failed to open libwvm.so
E/WVMExtractor(   61): Failed to open libwvm.so
E/WVMExtractor(   61): Failed to open libwvm.so
E/WVMExtractor(   61): Failed to open libwvm.so
E/WVMExtractor(   61): Failed to open libwvm.so
E/WVMExtractor(   61): Failed to open libwvm.so
E/WVMExtractor(   61): Failed to open libwvm.so
E/WVMExtractor(   61): Failed to open libwvm.so
E/WVMExtractor(   61): Failed to open libwvm.so
E/WVMExtractor(   61): Failed to open libwvm.so
E/WVMExtractor(   61): Failed to open libwvm.so
E/WVMExtractor(   61): Failed to open libwvm.so
E/WVMExtractor(   61): Failed to open libwvm.so
E/WVMExtractor(   61): Failed to open libwvm.so
E/WVMExtractor(   61): Failed to open libwvm.so
E/WVMExtractor(   61): Failed to open libwvm.so
E/WVMExtractor(   61): Failed to open libwvm.so
E/WVMExtractor(   61): Failed to open libwvm.so
E/WVMExtractor(   61): Failed to open libwvm.so
E/WVMExtractor(   61): Failed to open libwvm.so
E/WVMExtractor(   61): Failed to open libwvm.so
E/WVMExtractor(   61): Failed to open libwvm.so
E/WVMExtractor(   61): Failed to open libwvm.so
E/WVMExtractor(   61): Failed to open libwvm.so
E/WVMExtractor(   61): Failed to open libwvm.so
E/WVMExtractor(   61): Failed to open libwvm.so
E/WVMExtractor(   61): Failed to open libwvm.so
E/WVMExtractor(   61): Failed to open libwvm.so
E/WVMExtractor(   61): Failed to open libwvm.so
E/WVMExtractor(   61): Failed to open libwvm.so
E/WVMExtractor(   61): Failed to open libwvm.so
E/WVMExtractor(   61): Failed to open libwvm.so
E/WVMExtractor(   61): Failed to open libwvm.so
E/WVMExtractor(   61): Failed to open libwvm.so
E/WVMExtractor(   61): Failed to open libwvm.so
E/WVMExtractor(   61): Failed to open libwvm.so
E/WVMExtractor(   61): Failed to open libwvm.so
E/WVMExtractor(   61): Failed to open libwvm.so
E/WVMExtractor(   61): Failed to open libwvm.so
E/WVMExtractor(   61): Failed to open libwvm.so
E/WVMExtractor(   61): Failed to open libwvm.so
E/WVMExtractor(   61): Failed to open libwvm.so
E/WVMExtractor(   61): Failed to open libwvm.so
E/WVMExtractor(   61): Failed to open libwvm.so
E/WVMExtractor(   61): Failed to open libwvm.so
E/WVMExtractor(   61): Failed to open libwvm.so
E/WVMExtractor(   61): Failed to open libwvm.so
E/WVMExtractor(   61): Failed to open libwvm.so
E/WVMExtractor(   61): Failed to open libwvm.so
E/WVMExtractor(   61): Failed to open libwvm.so
E/WVMExtractor(   61): Failed to open libwvm.so
E/WVMExtractor(   61): Failed to open libwvm.so
E/WVMExtractor(   61): Failed to open libwvm.so
E/WVMExtractor(   61): Failed to open libwvm.so
E/WVMExtractor(   61): Failed to open libwvm.so
E/WVMExtractor(   61): Failed to open libwvm.so
E/WVMExtractor(   61): Failed to open libwvm.so
E/WVMExtractor(   61): Failed to open libwvm.so
E/WVMExtractor(   61): Failed to open libwvm.so
E/WVMExtractor(   61): Failed to open libwvm.so
E/WVMExtractor(   61): Failed to open libwvm.so
E/WVMExtractor(   61): Failed to open libwvm.so
W/SocketClient(   55): write error (Broken pipe)
E/WVMExtractor(   61): Failed to open libwvm.so
E/WVMExtractor(   61): Failed to open libwvm.so
E/WVMExtractor(   61): Failed to open libwvm.so
W/SocketClient(   55): write error (Broken pipe)
E/WVMExtractor(   61): Failed to open libwvm.so
E/WVMExtractor(   61): Failed to open libwvm.so
E/WVMExtractor(   61): Failed to open libwvm.so
E/WVMExtractor(   61): Failed to open libwvm.so
E/WVMExtractor(   61): Failed to open libwvm.so
E/WVMExtractor(   61): Failed to open libwvm.so
E/WVMExtractor(   61): Failed to open libwvm.so
E/WVMExtractor(   61): Failed to open libwvm.so
E/WVMExtractor(   61): Failed to open libwvm.so
W/BackupManagerService(  232): dataChanged but no participant pkg='com.android.providers.settings' uid=10011
E/WVMExtractor(   61): Failed to open libwvm.so
E/MetadataRetrieverClient(   61): failed to extract an album art
E/WVMExtractor(   61): Failed to open libwvm.so
E/WVMExtractor(   61): Failed to open libwvm.so
E/WVMExtractor(   61): Failed to open libwvm.so
E/WVMExtractor(   61): Failed to open libwvm.so
E/WVMExtractor(   61): Failed to open libwvm.so
E/WVMExtractor(   61): Failed to open libwvm.so
E/WVMExtractor(   61): Failed to open libwvm.so
E/WVMExtractor(   61): Failed to open libwvm.so
E/WVMExtractor(   61): Failed to open libwvm.so
E/WVMExtractor(   61): Failed to open libwvm.so
E/WVMExtractor(   61): Failed to open libwvm.so
E/WVMExtractor(   61): Failed to open libwvm.so
E/WVMExtractor(   61): Failed to open libwvm.so
E/WVMExtractor(   61): Failed to open libwvm.so
E/WVMExtractor(   61): Failed to open libwvm.so
E/WVMExtractor(   61): Failed to open libwvm.so
E/WVMExtractor(   61): Failed to open libwvm.so
E/WVMExtractor(   61): Failed to open libwvm.so
E/WVMExtractor(   61): Failed to open libwvm.so
E/WVMExtractor(   61): Failed to open libwvm.so
E/WVMExtractor(   61): Failed to open libwvm.so
E/WVMExtractor(   61): Failed to open libwvm.so
E/WVMExtractor(   61): Failed to open libwvm.so
E/WVMExtractor(   61): Failed to open libwvm.so
E/WVMExtractor(   61): Failed to open libwvm.so
E/WVMExtractor(   61): Failed to open libwvm.so
E/WVMExtractor(   61): Failed to open libwvm.so
E/WVMExtractor(   61): Failed to open libwvm.so
E/WVMExtractor(   61): Failed to open libwvm.so
E/WVMExtractor(   61): Failed to open libwvm.so
E/WVMExtractor(   61): Failed to open libwvm.so
E/WVMExtractor(   61): Failed to open libwvm.so
E/WVMExtractor(   61): Failed to open libwvm.so
E/WVMExtractor(   61): Failed to open libwvm.so
E/WVMExtractor(   61): Failed to open libwvm.so
E/WVMExtractor(   61): Failed to open libwvm.so
E/WVMExtractor(   61): Failed to open libwvm.so
E/WVMExtractor(   61): Failed to open libwvm.so
E/MetadataRetrieverClient(   61): failed to extract an album art
E/WVMExtractor(   61): Failed to open libwvm.so
I/ActivityManager(  232): No longer want com.android.contacts (pid 725): hidden #16
E/MetadataRetrieverClient(   61): failed to extract an album art
D/LBAdController(  952): java.net.UnknownHostException: Unable to resolve host "ad.leadboltapps.net": No address associated with hostname
D/LBAdController(  952): 	at java.net.InetAddress.lookupHostByName(InetAddress.java:424)
D/LBAdController(  952): 	at java.net.InetAddress.getAllByNameImpl(InetAddress.java:236)
D/LBAdController(  952): 	at java.net.InetAddress.getAllByName(InetAddress.java:214)
D/LBAdController(  952): 	at org.apache.http.impl.conn.DefaultClientConnectionOperator.openConnection(DefaultClientConnectionOperator.java:137)
D/LBAdController(  952): 	at org.apache.http.impl.conn.AbstractPoolEntry.open(AbstractPoolEntry.java:164)
D/LBAdController(  952): 	at org.apache.http.impl.conn.AbstractPooledConnAdapter.open(AbstractPooledConnAdapter.java:119)
D/LBAdController(  952): 	at org.apache.http.impl.client.DefaultRequestDirector.execute(DefaultRequestDirector.java:360)
D/LBAdController(  952): 	at org.apache.http.impl.client.AbstractHttpClient.execute(AbstractHttpClient.java:555)
D/LBAdController(  952): 	at org.apache.http.impl.client.AbstractHttpClient.execute(AbstractHttpClient.java:487)
D/LBAdController(  952): 	at org.apache.http.impl.client.AbstractHttpClient.execute(AbstractHttpClient.java:465)
D/LBAdController(  952): 	at com.Leadbolt.AdController.makeLBRequest(AdController.java:2578)
D/LBAdController(  952): 	at com.Leadbolt.AdController.access$0(AdController.java:2316)
D/LBAdController(  952): 	at com.Leadbolt.AdController$LBRequest.doInBackground(AdController.java:2712)
D/LBAdController(  952): 	at com.Leadbolt.AdController$LBRequest.doInBackground(AdController.java:1)
D/LBAdController(  952): 	at android.os.AsyncTask$2.call(AsyncTask.java:287)
D/LBAdController(  952): 	at java.util.concurrent.FutureTask$Sync.innerRun(FutureTask.java:305)
D/LBAdController(  952): 	at java.util.concurrent.FutureTask.run(FutureTask.java:137)
D/LBAdController(  952): 	at java.util.concurrent.ThreadPoolExecutor.runWorker(ThreadPoolExecutor.java:1076)
D/LBAdController(  952): 	at java.util.concurrent.ThreadPoolExecutor$Worker.run(ThreadPoolExecutor.java:569)
D/LBAdController(  952): 	at java.lang.Thread.run(Thread.java:856)
D/LBAdController(  952): Caused by: libcore.io.GaiException: getaddrinfo failed: EAI_NODATA (No address associated with hostname)
D/LBAdController(  952): 	at libcore.io.Posix.getaddrinfo(Native Method)
D/LBAdController(  952): 	at libcore.io.ForwardingOs.getaddrinfo(ForwardingOs.java:55)
D/LBAdController(  952): 	at java.net.InetAddress.lookupHostByName(InetAddress.java:405)
D/LBAdController(  952): 	... 19 more
D/LBAdController(  952): Caused by: libcore.io.ErrnoException: getaddrinfo failed: ETIMEDOUT (Connection timed out)
D/LBAdController(  952): 	... 22 more
D/LBAdController(  952): java.net.UnknownHostException: Unable to resolve host "ad.leadboltapps.net": No address associated with hostname
D/LBAdController(  952): 	at java.net.InetAddress.lookupHostByName(InetAddress.java:394)
D/LBAdController(  952): 	at java.net.InetAddress.getAllByNameImpl(InetAddress.java:236)
D/LBAdController(  952): 	at java.net.InetAddress.getAllByName(InetAddress.java:214)
D/LBAdController(  952): 	at org.apache.http.impl.conn.DefaultClientConnectionOperator.openConnection(DefaultClientConnectionOperator.java:137)
D/LBAdController(  952): 	at org.apache.http.impl.conn.AbstractPoolEntry.open(AbstractPoolEntry.java:164)
D/LBAdController(  952): 	at org.apache.http.impl.conn.AbstractPooledConnAdapter.open(AbstractPooledConnAdapter.java:119)
D/LBAdController(  952): 	at org.apache.http.impl.client.DefaultRequestDirector.execute(DefaultRequestDirector.java:360)
D/LBAdController(  952): 	at org.apache.http.impl.client.AbstractHttpClient.execute(AbstractHttpClient.java:555)
D/LBAdController(  952): 	at org.apache.http.impl.client.AbstractHttpClient.execute(AbstractHttpClient.java:487)
D/LBAdController(  952): 	at org.apache.http.impl.client.AbstractHttpClient.execute(AbstractHttpClient.java:465)
D/LBAdController(  952): 	at com.Leadbolt.AdController.makeLBRequest(AdController.java:2578)
D/LBAdController(  952): 	at com.Leadbolt.AdController.access$0(AdController.java:2316)
D/LBAdController(  952): 	at com.Leadbolt.AdController$LBRequest.doInBackground(AdController.java:2712)
D/LBAdController(  952): 	at com.Leadbolt.AdController$LBRequest.doInBackground(AdController.java:1)
D/LBAdController(  952): 	at android.os.AsyncTask$2.call(AsyncTask.java:287)
D/LBAdController(  952): 	at java.util.concurrent.FutureTask$Sync.innerRun(FutureTask.java:305)
D/LBAdController(  952): 	at java.util.concurrent.FutureTask.run(FutureTask.java:137)
D/LBAdController(  952): 	at java.util.concurrent.ThreadPoolExecutor.runWorker(ThreadPoolExecutor.java:1076)
D/LBAdController(  952): 	at java.util.concurrent.ThreadPoolExecutor$Worker.run(ThreadPoolExecutor.java:569)
D/LBAdController(  952): 	at java.lang.Thread.run(Thread.java:856)
D/LBAdController(  952): java.net.UnknownHostException: Unable to resolve host "ad.leadboltapps.net": No address associated with hostname
D/LBAdController(  952): 	at java.net.InetAddress.lookupHostByName(InetAddress.java:394)
D/LBAdController(  952): 	at java.net.InetAddress.getAllByNameImpl(InetAddress.java:236)
D/LBAdController(  952): 	at java.net.InetAddress.getAllByName(InetAddress.java:214)
D/LBAdController(  952): 	at org.apache.http.impl.conn.DefaultClientConnectionOperator.openConnection(DefaultClientConnectionOperator.java:137)
D/LBAdController(  952): 	at org.apache.http.impl.conn.AbstractPoolEntry.open(AbstractPoolEntry.java:164)
D/LBAdController(  952): 	at org.apache.http.impl.conn.AbstractPooledConnAdapter.open(AbstractPooledConnAdapter.java:119)
D/LBAdController(  952): 	at org.apache.http.impl.client.DefaultRequestDirector.execute(DefaultRequestDirector.java:360)
D/LBAdController(  952): 	at org.apache.http.impl.client.AbstractHttpClient.execute(AbstractHttpClient.java:555)
D/LBAdController(  952): 	at org.apache.http.impl.client.AbstractHttpClient.execute(AbstractHttpClient.java:487)
D/LBAdController(  952): 	at org.apache.http.impl.client.AbstractHttpClient.execute(AbstractHttpClient.java:465)
D/LBAdController(  952): 	at com.Leadbolt.AdController.makeLBRequest(AdController.java:2578)
D/LBAdController(  952): 	at com.Leadbolt.AdController.access$0(AdController.java:2316)
D/LBAdController(  952): 	at com.Leadbolt.AdController$LBRequest.doInBackground(AdController.java:2712)
D/LBAdController(  952): 	at com.Leadbolt.AdController$LBRequest.doInBackground(AdController.java:1)
D/LBAdController(  952): 	at android.os.AsyncTask$2.call(AsyncTask.java:287)
D/LBAdController(  952): 	at java.util.concurrent.FutureTask$Sync.innerRun(FutureTask.java:305)
D/LBAdController(  952): 	at java.util.concurrent.FutureTask.run(FutureTask.java:137)
D/LBAdController(  952): 	at java.util.concurrent.ThreadPoolExecutor.runWorker(ThreadPoolExecutor.java:1076)
D/LBAdController(  952): 	at java.util.concurrent.ThreadPoolExecutor$Worker.run(ThreadPoolExecutor.java:569)
D/LBAdController(  952): 	at java.lang.Thread.run(Thread.java:856)
D/LBAdController(  952): java.net.UnknownHostException: Unable to resolve host "ad.leadboltapps.net": No address associated with hostname
D/LBAdController(  952): 	at java.net.InetAddress.lookupHostByName(InetAddress.java:394)
D/LBAdController(  952): 	at java.net.InetAddress.getAllByNameImpl(InetAddress.java:236)
D/LBAdController(  952): 	at java.net.InetAddress.getAllByName(InetAddress.java:214)
D/LBAdController(  952): 	at org.apache.http.impl.conn.DefaultClientConnectionOperator.openConnection(DefaultClientConnectionOperator.java:137)
D/LBAdController(  952): 	at org.apache.http.impl.conn.AbstractPoolEntry.open(AbstractPoolEntry.java:164)
D/LBAdController(  952): 	at org.apache.http.impl.conn.AbstractPooledConnAdapter.open(AbstractPooledConnAdapter.java:119)
D/LBAdController(  952): 	at org.apache.http.impl.client.DefaultRequestDirector.execute(DefaultRequestDirector.java:360)
D/LBAdController(  952): 	at org.apache.http.impl.client.AbstractHttpClient.execute(AbstractHttpClient.java:555)
D/LBAdController(  952): 	at org.apache.http.impl.client.AbstractHttpClient.execute(AbstractHttpClient.java:487)
D/LBAdController(  952): 	at org.apache.http.impl.client.AbstractHttpClient.execute(AbstractHttpClient.java:465)
D/LBAdController(  952): 	at com.Leadbolt.AdController.makeLBRequest(AdController.java:2578)
D/LBAdController(  952): 	at com.Leadbolt.AdController.access$0(AdController.java:2316)
D/LBAdController(  952): 	at com.Leadbolt.AdController$LBRequest.doInBackground(AdController.java:2712)
D/LBAdController(  952): 	at com.Leadbolt.AdController$LBRequest.doInBackground(AdController.java:1)
D/LBAdController(  952): 	at android.os.AsyncTask$2.call(AsyncTask.java:287)
D/LBAdController(  952): 	at java.util.concurrent.FutureTask$Sync.innerRun(FutureTask.java:305)
D/LBAdController(  952): 	at java.util.concurrent.FutureTask.run(FutureTask.java:137)
D/LBAdController(  952): 	at java.util.concurrent.ThreadPoolExecutor.runWorker(ThreadPoolExecutor.java:1076)
D/LBAdController(  952): 	at java.util.concurrent.ThreadPoolExecutor$Worker.run(ThreadPoolExecutor.java:569)
D/LBAdController(  952): 	at java.lang.Thread.run(Thread.java:856)
D/LBAdController(  952): java.net.UnknownHostException: Unable to resolve host "ad.leadboltapps.net": No address associated with hostname
D/LBAdController(  952): 	at java.net.InetAddress.lookupHostByName(InetAddress.java:394)
D/LBAdController(  952): 	at java.net.InetAddress.getAllByNameImpl(InetAddress.java:236)
D/LBAdController(  952): 	at java.net.InetAddress.getAllByName(InetAddress.java:214)
D/LBAdController(  952): 	at org.apache.http.impl.conn.DefaultClientConnectionOperator.openConnection(DefaultClientConnectionOperator.java:137)
D/LBAdController(  952): 	at org.apache.http.impl.conn.AbstractPoolEntry.open(AbstractPoolEntry.java:164)
D/LBAdController(  952): 	at org.apache.http.impl.conn.AbstractPooledConnAdapter.open(AbstractPooledConnAdapter.java:119)
D/LBAdController(  952): 	at org.apache.http.impl.client.DefaultRequestDirector.execute(DefaultRequestDirector.java:360)
D/LBAdController(  952): 	at org.apache.http.impl.client.AbstractHttpClient.execute(AbstractHttpClient.java:555)
D/LBAdController(  952): 	at org.apache.http.impl.client.AbstractHttpClient.execute(AbstractHttpClient.java:487)
D/LBAdController(  952): 	at org.apache.http.impl.client.AbstractHttpClient.execute(AbstractHttpClient.java:465)
D/LBAdController(  952): 	at com.Leadbolt.AdController.makeLBRequest(AdController.java:2578)
D/LBAdController(  952): 	at com.Leadbolt.AdController.access$0(AdController.java:2316)
D/LBAdController(  952): 	at com.Leadbolt.AdController$LBRequest.doInBackground(AdController.java:2712)
D/LBAdController(  952): 	at com.Leadbolt.AdController$LBRequest.doInBackground(AdController.java:1)
D/LBAdController(  952): 	at android.os.AsyncTask$2.call(AsyncTask.java:287)
D/LBAdController(  952): 	at java.util.concurrent.FutureTask$Sync.innerRun(FutureTask.java:305)
D/LBAdController(  952): 	at java.util.concurrent.FutureTask.run(FutureTask.java:137)
D/LBAdController(  952): 	at java.util.concurrent.ThreadPoolExecutor.runWorker(ThreadPoolExecutor.java:1076)
D/LBAdController(  952): 	at java.util.concurrent.ThreadPoolExecutor$Worker.run(ThreadPoolExecutor.java:569)
D/LBAdController(  952): 	at java.lang.Thread.run(Thread.java:856)
D/LBAdController(  952): java.net.UnknownHostException: Unable to resolve host "ad.leadboltapps.net": No address associated with hostname
D/LBAdController(  952): 	at java.net.InetAddress.lookupHostByName(InetAddress.java:394)
D/LBAdController(  952): 	at java.net.InetAddress.getAllByNameImpl(InetAddress.java:236)
D/LBAdController(  952): 	at java.net.InetAddress.getAllByName(InetAddress.java:214)
D/LBAdController(  952): 	at org.apache.http.impl.conn.DefaultClientConnectionOperator.openConnection(DefaultClientConnectionOperator.java:137)
D/LBAdController(  952): 	at org.apache.http.impl.conn.AbstractPoolEntry.open(AbstractPoolEntry.java:164)
D/LBAdController(  952): 	at org.apache.http.impl.conn.AbstractPooledConnAdapter.open(AbstractPooledConnAdapter.java:119)
D/LBAdController(  952): 	at org.apache.http.impl.client.DefaultRequestDirector.execute(DefaultRequestDirector.java:360)
D/LBAdController(  952): 	at org.apache.http.impl.client.AbstractHttpClient.execute(AbstractHttpClient.java:555)
D/LBAdController(  952): 	at org.apache.http.impl.client.AbstractHttpClient.execute(AbstractHttpClient.java:487)
D/LBAdController(  952): 	at org.apache.http.impl.client.AbstractHttpClient.execute(AbstractHttpClient.java:465)
D/LBAdController(  952): 	at com.Leadbolt.AdController.makeLBRequest(AdController.java:2578)
D/LBAdController(  952): 	at com.Leadbolt.AdController.access$0(AdController.java:2316)
D/LBAdController(  952): 	at com.Leadbolt.AdController$LBRequest.doInBackground(AdController.java:2712)
D/LBAdController(  952): 	at com.Leadbolt.AdController$LBRequest.doInBackground(AdController.java:1)
D/LBAdController(  952): 	at android.os.AsyncTask$2.call(AsyncTask.java:287)
D/LBAdController(  952): 	at java.util.concurrent.FutureTask$Sync.innerRun(FutureTask.java:305)
D/LBAdController(  952): 	at java.util.concurrent.FutureTask.run(FutureTask.java:137)
D/LBAdController(  952): 	at java.util.concurrent.ThreadPoolExecutor.runWorker(ThreadPoolExecutor.java:1076)
D/LBAdController(  952): 	at java.util.concurrent.ThreadPoolExecutor$Worker.run(ThreadPoolExecutor.java:569)
D/LBAdController(  952): 	at java.lang.Thread.run(Thread.java:856)
D/LBAdController(  952): java.net.UnknownHostException: Unable to resolve host "ad.leadboltapps.net": No address associated with hostname
D/LBAdController(  952): 	at java.net.InetAddress.lookupHostByName(InetAddress.java:394)
D/LBAdController(  952): 	at java.net.InetAddress.getAllByNameImpl(InetAddress.java:236)
D/LBAdController(  952): 	at java.net.InetAddress.getAllByName(InetAddress.java:214)
D/LBAdController(  952): 	at org.apache.http.impl.conn.DefaultClientConnectionOperator.openConnection(DefaultClientConnectionOperator.java:137)
D/LBAdController(  952): 	at org.apache.http.impl.conn.AbstractPoolEntry.open(AbstractPoolEntry.java:164)
D/LBAdController(  952): 	at org.apache.http.impl.conn.AbstractPooledConnAdapter.open(AbstractPooledConnAdapter.java:119)
D/LBAdController(  952): 	at org.apache.http.impl.client.DefaultRequestDirector.execute(DefaultRequestDirector.java:360)
D/LBAdController(  952): 	at org.apache.http.impl.client.AbstractHttpClient.execute(AbstractHttpClient.java:555)
D/LBAdController(  952): 	at org.apache.http.impl.client.AbstractHttpClient.execute(AbstractHttpClient.java:487)
D/LBAdController(  952): 	at org.apache.http.impl.client.AbstractHttpClient.execute(AbstractHttpClient.java:465)
D/LBAdController(  952): 	at com.Leadbolt.AdController.makeLBRequest(AdController.java:2578)
D/LBAdController(  952): 	at com.Leadbolt.AdController.access$0(AdController.java:2316)
D/LBAdController(  952): 	at com.Leadbolt.AdController$LBRequest.doInBackground(AdController.java:2712)
D/LBAdController(  952): 	at com.Leadbolt.AdController$LBRequest.doInBackground(AdController.java:1)
D/LBAdController(  952): 	at android.os.AsyncTask$2.call(AsyncTask.java:287)
D/LBAdController(  952): 	at java.util.concurrent.FutureTask$Sync.innerRun(FutureTask.java:305)
D/LBAdController(  952): 	at java.util.concurrent.FutureTask.run(FutureTask.java:137)
D/LBAdController(  952): 	at java.util.concurrent.ThreadPoolExecutor.runWorker(ThreadPoolExecutor.java:1076)
D/LBAdController(  952): 	at java.util.concurrent.ThreadPoolExecutor$Worker.run(ThreadPoolExecutor.java:569)
D/LBAdController(  952): 	at java.lang.Thread.run(Thread.java:856)
D/LBAdController(  952): java.net.UnknownHostException: Unable to resolve host "ad.leadboltapps.net": No address associated with hostname
D/LBAdController(  952): 	at java.net.InetAddress.lookupHostByName(InetAddress.java:394)
D/LBAdController(  952): 	at java.net.InetAddress.getAllByNameImpl(InetAddress.java:236)
D/LBAdController(  952): 	at java.net.InetAddress.getAllByName(InetAddress.java:214)
D/LBAdController(  952): 	at org.apache.http.impl.conn.DefaultClientConnectionOperator.openConnection(DefaultClientConnectionOperator.java:137)
D/LBAdController(  952): 	at org.apache.http.impl.conn.AbstractPoolEntry.open(AbstractPoolEntry.java:164)
D/LBAdController(  952): 	at org.apache.http.impl.conn.AbstractPooledConnAdapter.open(AbstractPooledConnAdapter.java:119)
D/LBAdController(  952): 	at org.apache.http.impl.client.DefaultRequestDirector.execute(DefaultRequestDirector.java:360)
D/LBAdController(  952): 	at org.apache.http.impl.client.AbstractHttpClient.execute(AbstractHttpClient.java:555)
D/LBAdController(  952): 	at org.apache.http.impl.client.AbstractHttpClient.execute(AbstractHttpClient.java:487)
D/LBAdController(  952): 	at org.apache.http.impl.client.AbstractHttpClient.execute(AbstractHttpClient.java:465)
D/LBAdController(  952): 	at com.Leadbolt.AdController.makeLBRequest(AdController.java:2578)
D/LBAdController(  952): 	at com.Leadbolt.AdController.access$0(AdController.java:2316)
D/LBAdController(  952): 	at com.Leadbolt.AdController$LBRequest.doInBackground(AdController.java:2712)
D/LBAdController(  952): 	at com.Leadbolt.AdController$LBRequest.doInBackground(AdController.java:1)
D/LBAdController(  952): 	at android.os.AsyncTask$2.call(AsyncTask.java:287)
D/LBAdController(  952): 	at java.util.concurrent.FutureTask$Sync.innerRun(FutureTask.java:305)
D/LBAdController(  952): 	at java.util.concurrent.FutureTask.run(FutureTask.java:137)
D/LBAdController(  952): 	at java.util.concurrent.ThreadPoolExecutor.runWorker(ThreadPoolExecutor.java:1076)
D/LBAdController(  952): 	at java.util.concurrent.ThreadPoolExecutor$Worker.run(ThreadPoolExecutor.java:569)
D/LBAdController(  952): 	at java.lang.Thread.run(Thread.java:856)
D/LBAdController(  952): java.net.UnknownHostException: Unable to resolve host "ad.leadboltapps.net": No address associated with hostname
D/LBAdController(  952): 	at java.net.InetAddress.lookupHostByName(InetAddress.java:394)
D/LBAdController(  952): 	at java.net.InetAddress.getAllByNameImpl(InetAddress.java:236)
D/LBAdController(  952): 	at java.net.InetAddress.getAllByName(InetAddress.java:214)
D/LBAdController(  952): 	at org.apache.http.impl.conn.DefaultClientConnectionOperator.openConnection(DefaultClientConnectionOperator.java:137)
D/LBAdController(  952): 	at org.apache.http.impl.conn.AbstractPoolEntry.open(AbstractPoolEntry.java:164)
D/LBAdController(  952): 	at org.apache.http.impl.conn.AbstractPooledConnAdapter.open(AbstractPooledConnAdapter.java:119)
D/LBAdController(  952): 	at org.apache.http.impl.client.DefaultRequestDirector.execute(DefaultRequestDirector.java:360)
D/LBAdController(  952): 	at org.apache.http.impl.client.AbstractHttpClient.execute(AbstractHttpClient.java:555)
D/LBAdController(  952): 	at org.apache.http.impl.client.AbstractHttpClient.execute(AbstractHttpClient.java:487)
D/LBAdController(  952): 	at org.apache.http.impl.client.AbstractHttpClient.execute(AbstractHttpClient.java:465)
D/LBAdController(  952): 	at com.Leadbolt.AdController.makeLBRequest(AdController.java:2578)
D/LBAdController(  952): 	at com.Leadbolt.AdController.access$0(AdController.java:2316)
D/LBAdController(  952): 	at com.Leadbolt.AdController$LBRequest.doInBackground(AdController.java:2712)
D/LBAdController(  952): 	at com.Leadbolt.AdController$LBRequest.doInBackground(AdController.java:1)
D/LBAdController(  952): 	at android.os.AsyncTask$2.call(AsyncTask.java:287)
D/LBAdController(  952): 	at java.util.concurrent.FutureTask$Sync.innerRun(FutureTask.java:305)
D/LBAdController(  952): 	at java.util.concurrent.FutureTask.run(FutureTask.java:137)
D/LBAdController(  952): 	at java.util.concurrent.ThreadPoolExecutor.runWorker(ThreadPoolExecutor.java:1076)
D/LBAdController(  952): 	at java.util.concurrent.ThreadPoolExecutor$Worker.run(ThreadPoolExecutor.java:569)
D/LBAdController(  952): 	at java.lang.Thread.run(Thread.java:856)
D/LBAdController(  952): java.net.UnknownHostException: Unable to resolve host "ad.leadboltapps.net": No address associated with hostname
D/LBAdController(  952): 	at java.net.InetAddress.lookupHostByName(InetAddress.java:394)
D/LBAdController(  952): 	at java.net.InetAddress.getAllByNameImpl(InetAddress.java:236)
D/LBAdController(  952): 	at java.net.InetAddress.getAllByName(InetAddress.java:214)
D/LBAdController(  952): 	at org.apache.http.impl.conn.DefaultClientConnectionOperator.openConnection(DefaultClientConnectionOperator.java:137)
D/LBAdController(  952): 	at org.apache.http.impl.conn.AbstractPoolEntry.open(AbstractPoolEntry.java:164)
D/LBAdController(  952): 	at org.apache.http.impl.conn.AbstractPooledConnAdapter.open(AbstractPooledConnAdapter.java:119)
D/LBAdController(  952): 	at org.apache.http.impl.client.DefaultRequestDirector.execute(DefaultRequestDirector.java:360)
D/LBAdController(  952): 	at org.apache.http.impl.client.AbstractHttpClient.execute(AbstractHttpClient.java:555)
D/LBAdController(  952): 	at org.apache.http.impl.client.AbstractHttpClient.execute(AbstractHttpClient.java:487)
D/LBAdController(  952): 	at org.apache.http.impl.client.AbstractHttpClient.execute(AbstractHttpClient.java:465)
D/LBAdController(  952): 	at com.Leadbolt.AdController.makeLBRequest(AdController.java:2578)
D/LBAdController(  952): 	at com.Leadbolt.AdController.access$0(AdController.java:2316)
D/LBAdController(  952): 	at com.Leadbolt.AdController$LBRequest.doInBackground(AdController.java:2712)
D/LBAdController(  952): 	at com.Leadbolt.AdController$LBRequest.doInBackground(AdController.java:1)
D/LBAdController(  952): 	at android.os.AsyncTask$2.call(AsyncTask.java:287)
D/LBAdController(  952): 	at java.util.concurrent.FutureTask$Sync.innerRun(FutureTask.java:305)
D/LBAdController(  952): 	at java.util.concurrent.FutureTask.run(FutureTask.java:137)
D/LBAdController(  952): 	at java.util.concurrent.ThreadPoolExecutor.runWorker(ThreadPoolExecutor.java:1076)
D/LBAdController(  952): 	at java.util.concurrent.ThreadPoolExecutor$Worker.run(ThreadPoolExecutor.java:569)
D/LBAdController(  952): 	at java.lang.Thread.run(Thread.java:856)
W/dalvikvm(  952): DroidBox: { "FdAccess": { "path": "2f7379732f646576696365732f7669727475616c2f6e65742f736974302f6966696e646578", "id": "1851077265" } }
W/DroidBox(  952): DroidBox: { "FileRW": { "operation": "read", "data": "330a0000000000000000000000000000000000000000000000000000000000000000000000000000000000000000000000000000000000000000000000000000000000000000000000000000000000000000000000000000000000000000000000000000", "id": "1851077265" } }
W/dalvikvm(  952): DroidBox: { "FdAccess": { "path": "2f7379732f646576696365732f7669727475616c2f6e65742f736974302f6966696e646578", "id": "2125998230" } }
W/DroidBox(  952): DroidBox: { "FileRW": { "operation": "read", "data": "330a0000000000000000000000000000000000000000000000000000000000000000000000000000000000000000000000000000000000000000000000000000000000000000000000000000000000000000000000000000000000000000000000000000", "id": "2125998230" } }
W/dalvikvm(  952): DroidBox: { "FdAccess": { "path": "2f70726f632f3935322f6e65742f69665f696e657436", "id": "779879906" } }
W/DroidBox(  952): DroidBox: { "FileRW": { "operation": "read", "data": "66653830303030303030303030303030353035343030666666653132333435362030322034302032302038302020202020657468300a30303030303030303030303030303030303030303030303030303030303030312030312038302031302038302020", "id": "779879906" } }
W/dalvikvm(  952): DroidBox: { "FdAccess": { "path": "2f70726f632f3935322f6e65742f69665f696e657436", "id": "1083990438" } }
W/DroidBox(  952): DroidBox: { "FileRW": { "operation": "read", "data": "00000000000000000000000000000000000000000000000000000000000000000000000000000000000000000000000000000000000000000000000000000000000000000000000000000000000000000000000000000000000000000000000000000000", "id": "1083990438" } }
W/dalvikvm(  952): DroidBox: { "FdAccess": { "path": "2f7379732f646576696365732f706c6174666f726d2f736d633931782e302f6e65742f657468302f6966696e646578", "id": "338962374" } }
W/DroidBox(  952): DroidBox: { "FileRW": { "operation": "read", "data": "320a0000000000000000000000000000000000000000000000000000000000000000000000000000000000000000000000000000000000000000000000000000000000000000000000000000000000000000000000000000000000000000000000000000", "id": "338962374" } }
W/dalvikvm(  952): DroidBox: { "FdAccess": { "path": "2f7379732f646576696365732f706c6174666f726d2f736d633931782e302f6e65742f657468302f6966696e646578", "id": "1568990754" } }
W/DroidBox(  952): DroidBox: { "FileRW": { "operation": "read", "data": "320a0000000000000000000000000000000000000000000000000000000000000000000000000000000000000000000000000000000000000000000000000000000000000000000000000000000000000000000000000000000000000000000000000000", "id": "1568990754" } }
W/dalvikvm(  952): DroidBox: { "FdAccess": { "path": "2f70726f632f3935322f6e65742f69665f696e657436", "id": "1725858990" } }
W/DroidBox(  952): DroidBox: { "FileRW": { "operation": "read", "data": "66653830303030303030303030303030353035343030666666653132333435362030322034302032302038302020202020657468300a30303030303030303030303030303030303030303030303030303030303030312030312038302031302038302020", "id": "1725858990" } }
W/dalvikvm(  952): DroidBox: { "FdAccess": { "path": "2f70726f632f3935322f6e65742f69665f696e657436", "id": "109023279" } }
W/DroidBox(  952): DroidBox: { "FileRW": { "operation": "read", "data": "00000000000000000000000000000000000000000000000000000000000000000000000000000000000000000000000000000000000000000000000000000000000000000000000000000000000000000000000000000000000000000000000000000000", "id": "109023279" } }
W/dalvikvm(  952): DroidBox: { "FdAccess": { "path": "2f7379732f646576696365732f7669727475616c2f6e65742f6c6f2f6966696e646578", "id": "497844287" } }
W/DroidBox(  952): DroidBox: { "FileRW": { "operation": "read", "data": "310a0000000000000000000000000000000000000000000000000000000000000000000000000000000000000000000000000000000000000000000000000000000000000000000000000000000000000000000000000000000000000000000000000000", "id": "497844287" } }
W/dalvikvm(  952): DroidBox: { "FdAccess": { "path": "2f7379732f646576696365732f7669727475616c2f6e65742f6c6f2f6966696e646578", "id": "563538859" } }
W/DroidBox(  952): DroidBox: { "FileRW": { "operation": "read", "data": "310a0000000000000000000000000000000000000000000000000000000000000000000000000000000000000000000000000000000000000000000000000000000000000000000000000000000000000000000000000000000000000000000000000000", "id": "563538859" } }
W/dalvikvm(  952): DroidBox: { "FdAccess": { "path": "2f70726f632f3935322f6e65742f69665f696e657436", "id": "1439976905" } }
W/DroidBox(  952): DroidBox: { "FileRW": { "operation": "read", "data": "66653830303030303030303030303030353035343030666666653132333435362030322034302032302038302020202020657468300a30303030303030303030303030303030303030303030303030303030303030312030312038302031302038302020", "id": "1439976905" } }
W/dalvikvm(  952): DroidBox: { "FdAccess": { "path": "2f70726f632f3935322f6e65742f69665f696e657436", "id": "716824983" } }
W/DroidBox(  952): DroidBox: { "FileRW": { "operation": "read", "data": "00000000000000000000000000000000000000000000000000000000000000000000000000000000000000000000000000000000000000000000000000000000000000000000000000000000000000000000000000000000000000000000000000000000", "id": "716824983" } }
D/LBAdController(  952): java.net.UnknownHostException: Unable to resolve host "ad.leadboltapps.net": No address associated with hostname
