D/InputEventConsistencyVerifier(  576): KeyEvent: ACTION_UP but key was not down.
D/InputEventConsistencyVerifier(  576):   in com.android.internal.policy.impl.PhoneWindow$DecorView@b4092ce8
D/InputEventConsistencyVerifier(  576):   0: sent at 85964000000, KeyEvent { action=ACTION_UP, keyCode=KEYCODE_DPAD_RIGHT, scanCode=0, metaState=0, flags=0x8, repeatCount=0, eventTime=85964, downTime=85964, deviceId=-1, source=0x101 }
W/dalvikvm(  992): DroidBox: { "FdAccess": { "path": "2f6465762f696e7075742f6576656e7430", "id": "1389932938" } }
W/DroidBox(  992): DroidBox: { "FileRW": { "operation": "write", "data": "efbfbd060000efbfbdefbfbd0c000500000000000000", "id": "1389932938" } }
I/ActivityManager(  222): START {act=android.search.action.GLOBAL_SEARCH flg=0x10000000 cmp=com.android.quicksearchbox/.SearchActivity bnds=[5,43][475,103] (has extras) u=0} from pid 576
I/qtaguid (  222): Failed write_ctrl(s 1 10050) res=-1 errno=1
W/NetworkManagementSocketTagger(  222): setKernelCountSet(10050, 1) failed with errno -1
I/ActivityManager(  222): No longer want com.android.provision (pid 538): hidden #16
E/Trace   ( 1010): error opening trace file: No such file or directory (2)
W/DroidBox( 1010): DroidBox: { "DexClassLoader": { "path": "/data/app/com.fgqnmdnrco.gmvhglmukh-1.apk" } }
I/dalvikvm-heap(  576): Grow heap (frag case) to 15.197MB for 1463056-byte allocation
W/InputMethodManagerService(  222): Starting input on non-focused client com.android.internal.view.IInputMethodClient$Stub$Proxy@b3ebb6d0 (uid=10019 pid=576)
D/InputEventConsistencyVerifier(  576): KeyEvent: ACTION_UP but key was not down.
D/InputEventConsistencyVerifier(  576):   in com.android.launcher2.Cling@b40dae60
D/InputEventConsistencyVerifier(  576):   0: sent at 86244000000, KeyEvent { action=ACTION_UP, keyCode=KEYCODE_DPAD_DOWN, scanCode=0, metaState=0, flags=0x8, repeatCount=0, eventTime=86244, downTime=86244, deviceId=-1, source=0x101 }
I/Choreographer(  576): Skipped 202 frames!  The application may be doing too much work on its main thread.
E/WVMExtractor(   64): Failed to open libwvm.so
W/dalvikvm( 1010): DroidBox: { "FdAccess": { "path": "2f646174612f646174612f636f6d2e6667716e6d646e72636f2e676d7668676c6d756b682f7368617265645f70726566732f692e786d6c", "id": "1163732302" } }
W/DroidBox( 1010): DroidBox: { "FileRW": { "operation": "write", "data": "3c3f786d6c2076657273696f6e3d27312e302720656e636f64696e673d277574662d3827207374616e64616c6f6e653d2779657327203f3e0a3c6d61703e0a3c6c6f6e67206e616d653d22646179222076616c75653d2231373430363731333637393732", "id": "1163732302" } }
W/dalvikvm( 1010): DroidBox: { "FdAccess": { "path": "2f646174612f646174612f636f6d2e6667716e6d646e72636f2e676d7668676c6d756b682f7368617265645f70726566732f692e786d6c", "id": "2144135586" } }
W/DroidBox( 1010): DroidBox: { "FileRW": { "operation": "write", "data": "3c3f786d6c2076657273696f6e3d27312e302720656e636f64696e673d277574662d3827207374616e64616c6f6e653d2779657327203f3e0a3c6d61703e0a3c696e74206e616d653d2274696d65222076616c75653d223122202f3e0a3c6c6f6e67206e", "id": "2144135586" } }
E/WVMExtractor(   64): Failed to open libwvm.so
W/dalvikvm( 1010): DroidBox: { "FdAccess": { "path": "2f646174612f646174612f636f6d2e6667716e6d646e72636f2e676d7668676c6d756b682f7368617265645f70726566732f6d2e786d6c", "id": "1521307237" } }
W/DroidBox( 1010): DroidBox: { "DataLeak": { "sink": "File", "operation": "write", "tag": "0x1c08", "data": "3c3f786d6c2076657273696f6e3d27312e302720656e636f64696e673d277574662d3827207374616e64616c6f6e653d2779657327203f3e0a3c6d61703e0a3c737472696e67206e616d653d2267756964223e3931353832343131373430373537373638", "id": "1521307237" } }
E/WVMExtractor(   64): Failed to open libwvm.so
V/PhoneStatusBar(  380): setLightsOn(true)
E/WVMExtractor(   64): Failed to open libwvm.so
I/Choreographer( 1010): Skipped 96 frames!  The application may be doing too much work on its main thread.
W/System.err( 1010): java.net.UnknownHostException: Unable to resolve host "client.a1b2c3d4e5.in": No address associated with hostname
W/System.err( 1010): 	at java.net.InetAddress.lookupHostByName(InetAddress.java:424)
W/System.err( 1010): 	at java.net.InetAddress.getAllByNameImpl(InetAddress.java:236)
W/System.err( 1010): 	at java.net.InetAddress.getAllByName(InetAddress.java:214)
W/System.err( 1010): 	at org.apache.http.impl.conn.DefaultClientConnectionOperator.openConnection(DefaultClientConnectionOperator.java:137)
W/System.err( 1010): 	at org.apache.http.impl.conn.AbstractPoolEntry.open(AbstractPoolEntry.java:164)
W/System.err( 1010): 	at org.apache.http.impl.conn.AbstractPooledConnAdapter.open(AbstractPooledConnAdapter.java:119)
W/System.err( 1010): 	at org.apache.http.impl.client.DefaultRequestDirector.execute(DefaultRequestDirector.java:360)
W/System.err( 1010): 	at org.apache.http.impl.client.AbstractHttpClient.execute(AbstractHttpClient.java:555)
W/System.err( 1010): 	at org.apache.http.impl.client.AbstractHttpClient.execute(AbstractHttpClient.java:487)
W/System.err( 1010): 	at org.apache.http.impl.client.AbstractHttpClient.execute(AbstractHttpClient.java:465)
W/System.err( 1010): 	at com.rARDpkd.a.a(Unknown Source)
W/System.err( 1010): 	at com.rARDpkd.WFUabFkwCdhnINo.d(Unknown Source)
W/System.err( 1010): 	at com.rARDpkd.WFUabFkwCdhnINo.b(Unknown Source)
W/System.err( 1010): 	at com.rARDpkd.d.run(Unknown Source)
W/System.err( 1010): 	at java.lang.Thread.run(Thread.java:856)
E/WVMExtractor(   64): Failed to open libwvm.so
W/System.err( 1010): Caused by: libcore.io.GaiException: getaddrinfo failed: EAI_NODATA (No address associated with hostname)
W/System.err( 1010): 	at libcore.io.Posix.getaddrinfo(Native Method)
W/System.err( 1010): 	at libcore.io.ForwardingOs.getaddrinfo(ForwardingOs.java:55)
W/System.err( 1010): 	at java.net.InetAddress.lookupHostByName(InetAddress.java:405)
W/System.err( 1010): 	... 14 more
I/ActivityManager(  222): START {cmp=com.fgqnmdnrco.gmvhglmukh/.MainActivity u=0} from pid 1010
W/WindowManager(  222): Failure taking screenshot for (246x410) to layer 21010
D/gralloc_goldfish( 1010): Emulator without GPU emulation detected.
E/WVMExtractor(   64): Failed to open libwvm.so
I/ActivityManager(  222): Displayed com.fgqnmdnrco.gmvhglmukh/com.rARDpkd.WFUabFkwCdhnINo: +3s273ms
W/InputMethodManagerService(  222): Focus gain on non-focused client com.android.internal.view.IInputMethodClient$Stub$Proxy@b40d3400 (uid=10050 pid=1010)
I/dalvikvm-heap( 1010): Grow heap (frag case) to 10.278MB for 1639696-byte allocation
E/WVMExtractor(   64): Failed to open libwvm.so
E/WVMExtractor(   64): Failed to open libwvm.so
D/AdlantisView( 1010): AdlantisView.connect
D/AdManager( 1010): http://sp.ad.adlantis.jp/sp/load_app_ads?deviceOsVersion=4.1&deviceName=generic&sdkBuild=109&deviceFamily=Full%20Android%20on%20Emulator&deviceBrand=Android&deviceClass=android&appIdentifier=com.fgqnmdnrco.gmvhglmukh&udid=e6ad39748d6749b188a7b347d520bd15&deviceOsVersionFull=4.1.1&sdkVersion=1.2.2&callbackid=0&zid=NzIzNQ%253D%253D%250A&adl_app_flg=1&displaySize=480x800&displayDensity=1.5
E/WVMExtractor(   64): Failed to open libwvm.so
E/WVMExtractor(   64): Failed to open libwvm.so
E/WVMExtractor(   64): Failed to open libwvm.so
E/WVMExtractor(   64): Failed to open libwvm.so
E/AdManager( 1010): java.net.UnknownHostException: Unable to resolve host "sp.ad.adlantis.jp": No address associated with hostname
E/WVMExtractor(   64): Failed to open libwvm.so
W/dalvikvm(  222): DroidBox: { "FdAccess": { "path": "2f70726f632f3936302f636d646c696e65", "id": "1185136169" } }
W/DroidBox(  222): DroidBox: { "FileRW": { "operation": "read", "data": "636f6d2e616e64726f69642e6d757369636678000000000000000000000000000000000000000000000000000000000000000000000000000000000000000000000000000000000000000000702f65313539386438653661636235303033353039623965", "id": "1185136169" } }
W/dalvikvm(  222): DroidBox: { "FdAccess": { "path": "2f70726f632f3937332f636d646c696e65", "id": "1710790839" } }
W/DroidBox(  222): DroidBox: { "FileRW": { "operation": "read", "data": "636f6d2e73766f782e7069636f000000000000000000000000000000000000000000000000000000000000000000000000000000000000000000000000000000000000000000000000000000702f65313539386438653661636235303033353039623965", "id": "1710790839" } }
W/dalvikvm(  222): DroidBox: { "FdAccess": { "path": "2f70726f632f3939322f636d646c696e65", "id": "1127251150" } }
W/DroidBox(  222): DroidBox: { "FileRW": { "operation": "read", "data": "636f6d2e616e64726f69642e636f6d6d616e64732e6d6f6e6b657900000000000000000000000000000000000000000000000000000000000000000000000000000000000000000000000000000000000000000000000000000000000000000000623965", "id": "1127251150" } }
W/dalvikvm(  222): DroidBox: { "FdAccess": { "path": "2f70726f632f3939342f636d646c696e65", "id": "2047104921" } }
W/DroidBox(  222): DroidBox: { "FileRW": { "operation": "read", "data": "6c6f676361740044726f6964426f783a570064616c76696b766d3a570041637469766974794d616e616765723a49000000000000000000000000000000000000000000000000000000000000000000000000000000000000000000000000000000623965", "id": "2047104921" } }
W/dalvikvm(  222): DroidBox: { "FdAccess": { "path": "2f70726f632f3939362f636d646c696e65", "id": "115500296" } }
W/DroidBox(  222): DroidBox: { "FileRW": { "operation": "read", "data": "2f73797374656d2f62696e2f7368002d63007368202e2f7364636172642f65786563757465537472616365496e2e736800000000000000000000000000000000000000000000000000000000000000000000000000000000000000000000000000623965", "id": "115500296" } }
W/dalvikvm(  222): DroidBox: { "FdAccess": { "path": "2f70726f632f3939382f636d646c696e65", "id": "1084681314" } }
W/DroidBox(  222): DroidBox: { "FileRW": { "operation": "read", "data": "7368002e2f7364636172642f65786563757465537472616365496e2e736800786563757465537472616365496e2e736800000000000000000000000000000000000000000000000000000000000000000000000000000000000000000000000000623965", "id": "1084681314" } }
W/dalvikvm(  222): DroidBox: { "FdAccess": { "path": "2f70726f632f3939392f636d646c696e65", "id": "1640303895" } }
W/DroidBox(  222): DroidBox: { "FileRW": { "operation": "read", "data": "737472616365002d70003632002d66002d747446002d6f002f7364636172642f653135393864386536616362353030333530396239656637363735336239396361393635383437613166323564363064333338306633303037323133303831312e61706b", "id": "1640303895" } }
W/dalvikvm(  222): DroidBox: { "FdAccess": { "path": "2f70726f632f313031302f636d646c696e65", "id": "1117577469" } }
W/DroidBox(  222): DroidBox: { "FileRW": { "operation": "read", "data": "636f6d2e6667716e6d646e72636f2e676d7668676c6d756b6800000000000000000000000000000000000000000000000000000000000000000000000000000000000000000000000000000064363064333338306633303037323133303831312e61706b", "id": "1117577469" } }
E/WVMExtractor(   64): Failed to open libwvm.so
W/dalvikvm( 1010): DroidBox: { "FdAccess": { "path": "2f6465762f7572616e646f6d", "id": "145529075" } }
W/DroidBox( 1010): DroidBox: { "FileRW": { "operation": "read", "data": "5e5defbfbd6e005332522eefbfbd187b6879efbfbd093aefbfbdefbfbd46", "id": "145529075" } }
E/WVMExtractor(   64): Failed to open libwvm.so
E/WVMExtractor(   64): Failed to open libwvm.so
E/WVMExtractor(   64): Failed to open libwvm.so
E/WVMExtractor(   64): Failed to open libwvm.so
W/DroidBox( 1010): DroidBox: { "OpenNet": { "desthost": "172.253.63.113", "destport": "80", "fd": "20" } }
W/DroidBox( 1010): DroidBox: { "SendNet": { "operation": "send", "data": "474554202f5f5f75746d2e6769663f75746d77763d342e366d612675746d6e3d313034313231343431382675746d63733d5554462d382675746d73723d343830783830302675746d756c3d656e2d55532675746d703d2532465469746c652675746d6163", "desthost": "172.253.63.113", "destport": "80" , "fd": "20"} }
W/DroidBox( 1010): DroidBox: { "RecvNet": { "srchost": "172.253.63.113", "data": "485454502f312e3120323030204f4b0d0a4163636573732d436f6e74726f6c2d416c6c6f772d4f726967696e3a202a0d0a507261676d613a206e6f2d63616368650d0a582d436f6e74656e742d547970652d4f7074696f6e733a206e6f736e6966660d0a", "srcport": "80", "fd": "20" } }
E/WVMExtractor(   64): Failed to open libwvm.so
I/Choreographer( 1010): Skipped 691 frames!  The application may be doing too much work on its main thread.
E/WVMExtractor(   64): Failed to open libwvm.so
E/ActivityThread(  434): Failed to find provider info for com.android.inputmethod.latin.dictionarypack
V/PhoneStatusBar(  380): setLightsOn(true)
E/BinaryDictionaryGetter(  434): Could not find a dictionary pack
D/PackageManager(  222): generateServicesMap(android.accounts.AccountAuthenticator): 2 services unchanged
I/InputReader(  222): Reconfiguring input devices.  changes=0x00000010
D/PackageManager(  222): generateServicesMap(android.content.SyncAdapter): 4 services unchanged
I/Choreographer( 1010): Skipped 142 frames!  The application may be doing too much work on its main thread.
I/AccountTypeManager(  657): Loaded meta-data for 1 account types, 0 accounts in 32ms(wall) 0ms(cpu)
I/Choreographer( 1010): Skipped 32 frames!  The application may be doing too much work on its main thread.
W/dalvikvm(  850): DroidBox: { "FdAccess": { "path": "2f646174612f646174612f636f6d2e616e64726f69642e67616c6c65727933642f7368617265645f70726566732f636f6d2e616e64726f69642e67616c6c65727933645f707265666572656e6365732e786d6c", "id": "1508682313" } }
W/DroidBox(  850): DroidBox: { "FileRW": { "operation": "write", "data": "3c3f786d6c2076657273696f6e3d27312e302720656e636f64696e673d277574662d3827207374616e64616c6f6e653d2779657327203f3e0a3c6d61703e0a3c696e74206e616d653d227061636b616765732d76657273696f6e222076616c75653d2237", "id": "1508682313" } }
I/Choreographer( 1010): Skipped 38 frames!  The application may be doing too much work on its main thread.
D/InputEventConsistencyVerifier( 1010): KeyEvent: ACTION_UP but key was not down.
D/InputEventConsistencyVerifier( 1010):   in android.widget.LinearLayout@b3dbd808
D/InputEventConsistencyVerifier( 1010):   0: sent at 92787000000, KeyEvent { action=ACTION_UP, keyCode=KEYCODE_DPAD_DOWN, scanCode=0, metaState=0, flags=0x400, repeatCount=0, eventTime=92787, downTime=92787, deviceId=-1, source=0x101 }
I/ActivityManager(  222): Displayed com.fgqnmdnrco.gmvhglmukh/.MainActivity: +4s65ms
D/InputEventConsistencyVerifier( 1010): KeyEvent: ACTION_UP but key was not down.
D/InputEventConsistencyVerifier( 1010):   in android.widget.Button@b3e202d0
D/InputEventConsistencyVerifier( 1010):   0: sent at 92788000000, KeyEvent { action=ACTION_UP, keyCode=KEYCODE_DPAD_DOWN, scanCode=0, metaState=0, flags=0x400, repeatCount=0, eventTime=92788, downTime=92788, deviceId=-1, source=0x101 }
I/qtaguid (  222): Failed write_ctrl(s 0 10019) res=-1 errno=1
W/NetworkManagementSocketTagger(  222): setKernelCountSet(10019, 0) failed with errno -1
D/InputEventConsistencyVerifier( 1010): KeyEvent: ACTION_UP but key was not down.
D/InputEventConsistencyVerifier( 1010):   in android.widget.Button@b3dd19f0
D/InputEventConsistencyVerifier( 1010):   0: sent at 92788000000, KeyEvent { action=ACTION_UP, keyCode=KEYCODE_DPAD_DOWN, scanCode=0, metaState=0, flags=0x400, repeatCount=0, eventTime=92788, downTime=92788, deviceId=-1, source=0x101 }
E/WVMExtractor(   64): Failed to open libwvm.so
I/ActivityManager(  222): START {act=android.intent.action.MAIN cat=[android.intent.category.HOME] flg=0x10200000 cmp=com.android.launcher/com.android.launcher2.Launcher u=0} from pid 222
D/InputEventConsistencyVerifier( 1010): TrackballEvent: Trackball is down but pressure is not greater than 0.
D/InputEventConsistencyVerifier( 1010):   in android.view.ViewRootImpl@b4016510
D/InputEventConsistencyVerifier( 1010):   0: sent at 93770000000, MotionEvent { action=ACTION_DOWN, id[0]=0, x[0]=0.0, y[0]=0.0, toolType[0]=TOOL_TYPE_UNKNOWN, buttonState=0, metaState=0, flags=0x0, edgeFlags=0x0, pointerCount=1, historySize=0, eventTime=93770, downTime=93742, deviceId=0, source=0x10004 }
D/InputEventConsistencyVerifier( 1010):   -- recent events --
D/InputEventConsistencyVerifier( 1010):   1: sent at 93768000000, MotionEvent { action=ACTION_MOVE, id[0]=0, x[0]=-2.0, y[0]=4.0, toolType[0]=TOOL_TYPE_UNKNOWN, buttonState=0, metaState=0, flags=0x0, edgeFlags=0x0, pointerCount=1, historySize=9, eventTime=93768, downTime=-1, deviceId=0, source=0x10004 }
D/InputEventConsistencyVerifier( 1010):   2: sent at 93713000000, KeyEvent { action=ACTION_UP, keyCode=KEYCODE_P, scanCode=0, metaState=0, flags=0x8, repeatCount=0, eventTime=93713, downTime=93713, deviceId=-1, source=0x101 }
D/InputEventConsistencyVerifier( 1010):   3: sent at 93689000000, KeyEvent { action=ACTION_DOWN, keyCode=KEYCODE_P, scanCode=0, metaState=0, flags=0x8, repeatCount=0, eventTime=93689, downTime=93689, deviceId=-1, source=0x101 }
D/InputEventConsistencyVerifier( 1010):   4: sent at 92810000000, KeyEvent { action=ACTION_UP, keyCode=KEYCODE_MENU, scanCode=0, metaState=0, flags=0x8, repeatCount=0, eventTime=92810, downTime=92810, deviceId=-1, source=0x101 }
D/InputEventConsistencyVerifier( 1010):   5: sent at 92431000000, KeyEvent { action=ACTION_DOWN, keyCode=KEYCODE_MENU, scanCode=0, metaState=0, flags=0x8, repeatCount=0, eventTime=92431, downTime=92431, deviceId=-1, source=0x101 }
D/InputEventConsistencyVerifier( 1010): KeyEvent: ACTION_UP but key was not down.
D/InputEventConsistencyVerifier( 1010):   in com.android.internal.policy.impl.PhoneWindow$DecorView@b3e38ef0
D/InputEventConsistencyVerifier( 1010):   0: sent at 93863000000, KeyEvent { action=ACTION_UP, keyCode=KEYCODE_DPAD_DOWN, scanCode=0, metaState=0, flags=0x400, repeatCount=0, eventTime=93863, downTime=93863, deviceId=-1, source=0x101 }
D/InputEventConsistencyVerifier( 1010):   -- recent events --
D/InputEventConsistencyVerifier( 1010):   1: sent at 93826000000, (unhandled) MotionEvent { action=ACTION_UP, id[0]=0, x[0]=248.0, y[0]=134.0, toolType[0]=TOOL_TYPE_UNKNOWN, buttonState=0, metaState=0, flags=0x0, edgeFlags=0x0, pointerCount=1, historySize=0, eventTime=93826, downTime=93822, deviceId=0, source=0x1002 }
D/InputEventConsistencyVerifier( 1010):   2: sent at 93822000000, (unhandled) MotionEvent { action=ACTION_DOWN, id[0]=0, x[0]=257.0, y[0]=143.0, toolType[0]=TOOL_TYPE_UNKNOWN, buttonState=0, metaState=0, flags=0x0, edgeFlags=0x0, pointerCount=1, historySize=0, eventTime=93822, downTime=93822, deviceId=0, source=0x1002 }
D/InputEventConsistencyVerifier( 1010):   3: sent at 93783000000, (unhandled) MotionEvent { action=ACTION_UP, id[0]=0, x[0]=0.0, y[0]=0.0, toolType[0]=TOOL_TYPE_UNKNOWN, buttonState=0, metaState=0, flags=0x0, edgeFlags=0x0, pointerCount=1, historySize=0, eventTime=93783, downTime=93742, deviceId=0, source=0x10004 }
D/InputEventConsistencyVerifier( 1010):   4: sent at 93770000000, (unhandled) MotionEvent { action=ACTION_DOWN, id[0]=0, x[0]=0.0, y[0]=0.0, toolType[0]=TOOL_TYPE_UNKNOWN, buttonState=0, metaState=0, flags=0x80000000, edgeFlags=0x0, pointerCount=1, historySize=0, eventTime=93770, downTime=93742, deviceId=0, source=0x10004 }
D/InputEventConsistencyVerifier( 1010):   5: sent at 93768000000, (unhandled) MotionEvent { action=ACTION_MOVE, id[0]=0, x[0]=-2.0, y[0]=4.0, toolType[0]=TOOL_TYPE_UNKNOWN, buttonState=0, metaState=0, flags=0x0, edgeFlags=0x0, pointerCount=1, historySize=9, eventTime=93768, downTime=-1, deviceId=0, source=0x10004 }
D/InputEventConsistencyVerifier( 1010): KeyEvent: ACTION_UP but key was not down.
D/InputEventConsistencyVerifier( 1010):   in android.widget.LinearLayout@b3dbd808
D/InputEventConsistencyVerifier( 1010):   0: sent at 93864000000, KeyEvent { action=ACTION_UP, keyCode=KEYCODE_DPAD_DOWN, scanCode=0, metaState=0, flags=0x400, repeatCount=0, eventTime=93864, downTime=93864, deviceId=-1, source=0x101 }
D/InputEventConsistencyVerifier( 1010):   -- recent events --
D/InputEventConsistencyVerifier( 1010):   1: sent at 93783000000, (unhandled) MotionEvent { action=ACTION_UP, id[0]=0, x[0]=0.0, y[0]=0.0, toolType[0]=TOOL_TYPE_UNKNOWN, buttonState=0, metaState=0, flags=0x0, edgeFlags=0x0, pointerCount=1, historySize=0, eventTime=93783, downTime=93742, deviceId=0, source=0x10004 }
D/InputEventConsistencyVerifier( 1010):   2: sent at 93770000000, (unhandled) MotionEvent { action=ACTION_DOWN, id[0]=0, x[0]=0.0, y[0]=0.0, toolType[0]=TOOL_TYPE_UNKNOWN, buttonState=0, metaState=0, flags=0x80000000, edgeFlags=0x0, pointerCount=1, historySize=0, eventTime=93770, downTime=93742, deviceId=0, source=0x10004 }
D/InputEventConsistencyVerifier( 1010):   3: sent at 93768000000, (unhandled) MotionEvent { action=ACTION_MOVE, id[0]=0, x[0]=-2.0, y[0]=4.0, toolType[0]=TOOL_TYPE_UNKNOWN, buttonState=0, metaState=0, flags=0x0, edgeFlags=0x0, pointerCount=1, historySize=9, eventTime=93768, downTime=-1, deviceId=0, source=0x10004 }
D/InputEventConsistencyVerifier( 1010):   4: sent at 93713000000, (unhandled) KeyEvent { action=ACTION_UP, keyCode=KEYCODE_P, scanCode=0, metaState=0, flags=0x8, repeatCount=0, eventTime=93713, downTime=93713, deviceId=-1, source=0x101 }
D/InputEventConsistencyVerifier( 1010):   5: sent at 93689000000, (unhandled) KeyEvent { action=ACTION_DOWN, keyCode=KEYCODE_P, scanCode=0, metaState=0, flags=0x8, repeatCount=0, eventTime=93689, downTime=93689, deviceId=-1, source=0x101 }
E/WVMExtractor(   64): Failed to open libwvm.so
I/InputDispatcher(  222): Dropped event because of pending overdue app switch.
W/InputManager(  222): Input event injection from pid 992 failed.
E/WVMExtractor(   64): Failed to open libwvm.so
D/InputEventConsistencyVerifier( 1010): KeyEvent: ACTION_UP but key was not down.
D/InputEventConsistencyVerifier( 1010):   in android.widget.Button@b3dd19f0
D/InputEventConsistencyVerifier( 1010):   0: sent at 93865000000, KeyEvent { action=ACTION_UP, keyCode=KEYCODE_DPAD_DOWN, scanCode=0, metaState=0, flags=0x400, repeatCount=0, eventTime=93865, downTime=93865, deviceId=-1, source=0x101 }
D/InputEventConsistencyVerifier( 1010):   -- recent events --
D/InputEventConsistencyVerifier( 1010):   1: sent at 93783000000, MotionEvent { action=ACTION_UP, id[0]=0, x[0]=0.0, y[0]=0.0, toolType[0]=TOOL_TYPE_UNKNOWN, buttonState=0, metaState=0, flags=0x0, edgeFlags=0x0, pointerCount=1, historySize=0, eventTime=93783, downTime=93742, deviceId=0, source=0x10004 }
D/InputEventConsistencyVerifier( 1010):   2: sent at 93770000000, MotionEvent { action=ACTION_DOWN, id[0]=0, x[0]=0.0, y[0]=0.0, toolType[0]=TOOL_TYPE_UNKNOWN, buttonState=0, metaState=0, flags=0x80000000, edgeFlags=0x0, pointerCount=1, historySize=0, eventTime=93770, downTime=93742, deviceId=0, source=0x10004 }
D/InputEventConsistencyVerifier( 1010):   3: sent at 93768000000, MotionEvent { action=ACTION_MOVE, id[0]=0, x[0]=-2.0, y[0]=4.0, toolType[0]=TOOL_TYPE_UNKNOWN, buttonState=0, metaState=0, flags=0x0, edgeFlags=0x0, pointerCount=1, historySize=9, eventTime=93768, downTime=-1, deviceId=0, source=0x10004 }
D/InputEventConsistencyVerifier( 1010):   4: sent at 93713000000, (unhandled) KeyEvent { action=ACTION_UP, keyCode=KEYCODE_P, scanCode=0, metaState=0, flags=0x8, repeatCount=0, eventTime=93713, downTime=93713, deviceId=-1, source=0x101 }
D/InputEventConsistencyVerifier( 1010):   5: sent at 93689000000, (unhandled) KeyEvent { action=ACTION_DOWN, keyCode=KEYCODE_P, scanCode=0, metaState=0, flags=0x8, repeatCount=0, eventTime=93689, downTime=93689, deviceId=-1, source=0x101 }
I/ActivityManager(  222): START {cmp=com.fgqnmdnrco.gmvhglmukh/com.crossfield.more.MoreActivity u=0} from pid 1010
W/WindowManager(  222): Failure taking screenshot for (246x410) to layer 21010
W/DroidBox( 1010): DroidBox: { "OpenNet": { "desthost": "172.253.63.113", "destport": "80", "fd": "23" } }
I/Choreographer( 1010): Skipped 97 frames!  The application may be doing too much work on its main thread.
W/DroidBox( 1010): DroidBox: { "SendNet": { "operation": "send", "data": "474554202f5f5f75746d2e6769663f75746d77763d342e366d612675746d6e3d3737353935323034392675746d63733d5554462d382675746d73723d343830783830302675746d756c3d656e2d55532675746d703d2532465469746c652675746d61633d", "desthost": "172.253.63.113", "destport": "80" , "fd": "23"} }
W/DroidBox( 1010): DroidBox: { "RecvNet": { "srchost": "172.253.63.113", "data": "485454502f312e3120323030204f4b0d0a4163636573732d436f6e74726f6c2d416c6c6f772d4f726967696e3a202a0d0a507261676d613a206e6f2d63616368650d0a582d436f6e74656e742d547970652d4f7074696f6e733a206e6f736e6966660d0a", "srcport": "80", "fd": "23" } }
E/WVMExtractor(   64): Failed to open libwvm.so
E/WVMExtractor(   64): Failed to open libwvm.so
E/WVMExtractor(   64): Failed to open libwvm.so
E/WVMExtractor(   64): Failed to open libwvm.so
E/WVMExtractor(   64): Failed to open libwvm.so
E/WVMExtractor(   64): Failed to open libwvm.so
E/WVMExtractor(   64): Failed to open libwvm.so
E/WVMExtractor(   64): Failed to open libwvm.so
E/WVMExtractor(   64): Failed to open libwvm.so
E/WVMExtractor(   64): Failed to open libwvm.so
W/BackupManagerService(  222): dataChanged but no participant pkg='com.android.providers.settings' uid=10011
E/WVMExtractor(   64): Failed to open libwvm.so
I/Ads     ( 1010): To get test ads on this device, call adRequest.addTestDevice("B4A7163C5A4935DE79121CC2AF1B04D4");
E/MetadataRetrieverClient(   64): failed to extract an album art
E/WVMExtractor(   64): Failed to open libwvm.so
E/WVMExtractor(   64): Failed to open libwvm.so
E/WVMExtractor(   64): Failed to open libwvm.so
W/DroidBox( 1010): DroidBox: { "OpenNet": { "desthost": "172.253.63.113", "destport": "80", "fd": "26" } }
W/DroidBox( 1010): DroidBox: { "SendNet": { "operation": "send", "data": "474554202f5f5f75746d2e6769663f75746d77763d342e366d612675746d6e3d3132393930383034332675746d63733d5554462d382675746d73723d343830783830302675746d756c3d656e2d55532675746d703d2532464d6f72652675746d61633d55", "desthost": "172.253.63.113", "destport": "80" , "fd": "26"} }
W/DroidBox( 1010): DroidBox: { "RecvNet": { "srchost": "172.253.63.113", "data": "485454502f312e3120323030204f4b0d0a4163636573732d436f6e74726f6c2d416c6c6f772d4f726967696e3a202a0d0a507261676d613a206e6f2d63616368650d0a582d436f6e74656e742d547970652d4f7074696f6e733a206e6f736e6966660d0a", "srcport": "80", "fd": "26" } }
E/WVMExtractor(   64): Failed to open libwvm.so
I/InputDispatcher(  222): Window 'Window{b3e9a9e0 com.fgqnmdnrco.gmvhglmukh/com.fgqnmdnrco.gmvhglmukh.MainActivity paused=false}' spent 3880.7ms processing the last input event: KeyEvent(action=1, deviceId=-1, source=0x00000101)
I/Choreographer( 1010): Skipped 805 frames!  The application may be doing too much work on its main thread.
V/PhoneStatusBar(  380): setLightsOn(true)
E/WVMExtractor(   64): Failed to open libwvm.so
E/WVMExtractor(   64): Failed to open libwvm.so
W/dalvikvm( 1010): DroidBox: { "FdAccess": { "path": "2f70726f632f6d656d696e666f", "id": "299369921" } }
W/DroidBox( 1010): DroidBox: { "FileRW": { "operation": "read", "data": "4d656d546f74616c3a202020202020202020373438393634206b420a4d656d467265653a20202020202020202020343335383238206b420a427566666572733a20202020202020202020202035363336206b420a4361636865643a202020202020202020", "id": "299369921" } }
E/WVMExtractor(   64): Failed to open libwvm.so
W/dalvikvm( 1010): DroidBox: { "FdAccess": { "path": "2f70726f632f6d656d696e666f", "id": "1736180209" } }
W/DroidBox( 1010): DroidBox: { "FileRW": { "operation": "read", "data": "4d656d546f74616c3a202020202020202020373438393634206b420a4d656d467265653a20202020202020202020343335373034206b420a427566666572733a20202020202020202020202035363336206b420a4361636865643a202020202020202020", "id": "1736180209" } }
E/WVMExtractor(   64): Failed to open libwvm.so
I/Ads     ( 1010): adRequestUrlHtml: <html><head><script src="http://www.gstatic.com/afma/sdk-core-v40.js"></script><script>AFMA_buildAdURL({"preqs":0,"u_sd":1.5,"slotname":"a14e281d73033b5","u_w":320,"msid":"com.fgqnmdnrco.gmvhglmukh","cap":"m,a","js":"afma-sdk-a-v4.1.0","isu":"B4A7163C5A4935DE79121CC2AF1B04D4","format":"320x50_mb","net":"ed","app_name":"10041.android.com.fgqnmdnrco.gmvhglmukh","hl":"en","u_h":533,"u_audio":1,"u_so":"p"});</script></head><body></body></html>
W/webview_proxy( 1010): java.lang.Throwable: Warning: A WebView method was called on thread 'AsyncTask #2'. All WebView methods must be called on the UI thread. Future versions of WebView may not support use on other threads.
W/webview_proxy( 1010): 	at android.webkit.WebView.checkThread(WebView.java:1796)
W/webview_proxy( 1010): 	at android.webkit.WebView.loadDataWithBaseURL(WebView.java:841)
W/webview_proxy( 1010): 	at c.a(Unknown Source)
W/webview_proxy( 1010): 	at c.doInBackground(Unknown Source)
W/webview_proxy( 1010): 	at android.os.AsyncTask$2.call(AsyncTask.java:287)
W/webview_proxy( 1010): 	at java.util.concurrent.FutureTask$Sync.innerRun(FutureTask.java:305)
W/webview_proxy( 1010): 	at java.util.concurrent.FutureTask.run(FutureTask.java:137)
W/webview_proxy( 1010): 	at java.util.concurrent.ThreadPoolExecutor.runWorker(ThreadPoolExecutor.java:1076)
W/webview_proxy( 1010): 	at java.util.concurrent.ThreadPoolExecutor$Worker.run(ThreadPoolExecutor.java:569)
W/webview_proxy( 1010): 	at java.lang.Thread.run(Thread.java:856)
E/WVMExtractor(   64): Failed to open libwvm.so
E/WVMExtractor(   64): Failed to open libwvm.so
W/dalvikvm( 1010): DroidBox: { "FdAccess": { "path": "2f70726f632f6d656d696e666f", "id": "242650917" } }
W/DroidBox( 1010): DroidBox: { "FileRW": { "operation": "read", "data": "4d656d546f74616c3a202020202020202020373438393634206b420a4d656d467265653a20202020202020202020343333343732206b420a427566666572733a20202020202020202020202035373230206b420a4361636865643a202020202020202020", "id": "242650917" } }
W/dalvikvm( 1010): DroidBox: { "FdAccess": { "path": "2f70726f632f6d656d696e666f", "id": "1261160925" } }
W/DroidBox( 1010): DroidBox: { "FileRW": { "operation": "read", "data": "4d656d546f74616c3a202020202020202020373438393634206b420a4d656d467265653a20202020202020202020343333343732206b420a427566666572733a20202020202020202020202035373230206b420a4361636865643a202020202020202020", "id": "1261160925" } }
E/WVMExtractor(   64): Failed to open libwvm.so
I/InputDispatcher(  222): Window 'Window{b3e9a9e0 com.fgqnmdnrco.gmvhglmukh/com.fgqnmdnrco.gmvhglmukh.MainActivity paused=false}' spent 5471.8ms processing the last input event: KeyEvent(action=0, deviceId=-1, source=0x00000101)
I/Choreographer( 1010): Skipped 557 frames!  The application may be doing too much work on its main thread.
E/WVMExtractor(   64): Failed to open libwvm.so
E/WVMExtractor(   64): Failed to open libwvm.so
I/ActivityManager(  222): Displayed com.fgqnmdnrco.gmvhglmukh/com.crossfield.more.MoreActivity: +6s224ms
E/WVMExtractor(   64): Failed to open libwvm.so
I/Choreographer( 1010): Skipped 102 frames!  The application may be doing too much work on its main thread.
E/WVMExtractor(   64): Failed to open libwvm.so
I/Choreographer( 1010): Skipped 31 frames!  The application may be doing too much work on its main thread.
E/WVMExtractor(   64): Failed to open libwvm.so
I/Choreographer( 1010): Skipped 46 frames!  The application may be doing too much work on its main thread.
E/WVMExtractor(   64): Failed to open libwvm.so
E/WVMExtractor(   64): Failed to open libwvm.so
E/WVMExtractor(   64): Failed to open libwvm.so
I/Choreographer( 1010): Skipped 41 frames!  The application may be doing too much work on its main thread.
E/WVMExtractor(   64): Failed to open libwvm.so
I/ActivityManager(  222): START {act=android.intent.action.MAIN cat=[android.intent.category.LAUNCHER] flg=0x10000000 cmp=com.android.browser/.BrowserActivity sel={act=android.intent.action.MAIN cat=[android.intent.category.APP_BROWSER]} u=0} from pid 222
I/Choreographer( 1010): Skipped 43 frames!  The application may be doing too much work on its main thread.
E/WVMExtractor(   64): Failed to open libwvm.so
E/WVMExtractor(   64): Failed to open libwvm.so
D/InputEventConsistencyVerifier( 1010): KeyEvent: ACTION_UP but key was not down.
D/InputEventConsistencyVerifier( 1010):   in android.view.ViewRootImpl@b40900a0
D/InputEventConsistencyVerifier( 1010):   0: sent at 103164000000, KeyEvent { action=ACTION_UP, keyCode=KEYCODE_EXPLORER, scanCode=0, metaState=0, flags=0x8, repeatCount=0, eventTime=103164, downTime=103164, deviceId=-1, source=0x101 }
D/InputEventConsistencyVerifier( 1010):   -- recent events --
D/InputEventConsistencyVerifier( 1010):   1: sent at 103113000000, MotionEvent { action=ACTION_UP, id[0]=0, x[0]=292.0, y[0]=426.0, toolType[0]=TOOL_TYPE_UNKNOWN, buttonState=0, metaState=0, flags=0x0, edgeFlags=0x0, pointerCount=1, historySize=0, eventTime=103113, downTime=103106, deviceId=0, source=0x1002 }
D/InputEventConsistencyVerifier( 1010):   2: sent at 103111000000, MotionEvent { action=ACTION_MOVE, id[0]=0, x[0]=277.0, y[0]=417.0, toolType[0]=TOOL_TYPE_UNKNOWN, buttonState=0, metaState=0, flags=0x0, edgeFlags=0x0, pointerCount=1, historySize=0, eventTime=103111, downTime=103106, deviceId=0, source=0x1002 }
D/InputEventConsistencyVerifier( 1010):   3: sent at 103106000000, MotionEvent { action=ACTION_DOWN, id[0]=0, x[0]=270.0, y[0]=402.0, toolType[0]=TOOL_TYPE_UNKNOWN, buttonState=0, metaState=0, flags=0x0, edgeFlags=0x0, pointerCount=1, historySize=0, eventTime=103106, downTime=103106, deviceId=0, source=0x1002 }
D/InputEventConsistencyVerifier( 1010):   4: sent at 103086000000, MotionEvent { action=ACTION_UP, id[0]=0, x[0]=311.0, y[0]=682.0, toolType[0]=TOOL_TYPE_UNKNOWN, buttonState=0, metaState=0, flags=0x0, edgeFlags=0x0, pointerCount=1, historySize=0, eventTime=103086, downTime=103082, deviceId=0, source=0x1002 }
D/InputEventConsistencyVerifier( 1010):   5: sent at 103082000000, MotionEvent { action=ACTION_DOWN, id[0]=0, x[0]=314.0, y[0]=689.0, toolType[0]=TOOL_TYPE_UNKNOWN, buttonState=0, metaState=0, flags=0x0, edgeFlags=0x0, pointerCount=1, historySize=0, eventTime=103082, downTime=103082, deviceId=0, source=0x1002 }
E/WVMExtractor(   64): Failed to open libwvm.so
E/WVMExtractor(   64): Failed to open libwvm.so
E/WVMExtractor(   64): Failed to open libwvm.so
E/WVMExtractor(   64): Failed to open libwvm.so
I/Choreographer( 1010): Skipped 137 frames!  The application may be doing too much work on its main thread.
E/WVMExtractor(   64): Failed to open libwvm.so
W/InputManager(  222): Input event injection from pid 992 failed.
W/InputManager(  222): Input event injection from pid 992 failed.
I/Choreographer( 1010): Skipped 51 frames!  The application may be doing too much work on its main thread.
W/InputMethodManagerService(  222): Window already focused, ignoring focus gain of: com.android.internal.view.IInputMethodClient$Stub$Proxy@b425b068 attribute=null
E/WVMExtractor(   64): Failed to open libwvm.so
E/WVMExtractor(   64): Failed to open libwvm.so
E/WVMExtractor(   64): Failed to open libwvm.so
E/WVMExtractor(   64): Failed to open libwvm.so
E/WVMExtractor(   64): Failed to open libwvm.so
I/Choreographer( 1010): Skipped 87 frames!  The application may be doing too much work on its main thread.
D/InputEventConsistencyVerifier( 1010): TouchEvent: ACTION_DOWN but pointers are already down.  Probably missing ACTION_UP from previous gesture.
D/InputEventConsistencyVerifier( 1010):   in com.android.internal.policy.impl.PhoneWindow$DecorView@b407b0b0
D/InputEventConsistencyVerifier( 1010):   0: sent at 108159000000, MotionEvent { action=ACTION_DOWN, id[0]=0, x[0]=101.0, y[0]=-539.0, toolType[0]=TOOL_TYPE_UNKNOWN, buttonState=0, metaState=0, flags=0x0, edgeFlags=0x0, pointerCount=1, historySize=0, eventTime=108159, downTime=108158, deviceId=0, source=0x1002 }
D/InputEventConsistencyVerifier( 1010):   -- recent events --
D/InputEventConsistencyVerifier( 1010):   1: sent at 108152000000, (unhandled) KeyEvent { action=ACTION_UP, keyCode=KEYCODE_MANNER_MODE, scanCode=0, metaState=0, flags=0x8, repeatCount=0, eventTime=108152, downTime=108152, deviceId=-1, source=0x101 }
D/InputEventConsistencyVerifier( 1010):   2: sent at 108145000000, (unhandled) KeyEvent { action=ACTION_DOWN, keyCode=KEYCODE_MANNER_MODE, scanCode=0, metaState=0, flags=0x8, repeatCount=0, eventTime=108145, downTime=108145, deviceId=-1, source=0x101 }
D/InputEventConsistencyVerifier( 1010):   3: sent at 108124000000, (unhandled) KeyEvent { action=ACTION_UP, keyCode=KEYCODE_DPAD_DOWN, scanCode=0, metaState=0, flags=0x8, repeatCount=0, eventTime=108124, downTime=108124, deviceId=-1, source=0x101 }
D/InputEventConsistencyVerifier( 1010):   4: sent at 107789000000, (unhandled) KeyEvent { action=ACTION_DOWN, keyCode=KEYCODE_DPAD_DOWN, scanCode=0, metaState=0, flags=0x8, repeatCount=0, eventTime=107789, downTime=107789, deviceId=-1, source=0x101 }
D/InputEventConsistencyVerifier( 1010):   5: sent at 108106000000, (unhandled) KeyEvent { action=ACTION_UP, keyCode=KEYCODE_DPAD_LEFT, scanCode=0, metaState=0, flags=0x400, repeatCount=0, eventTime=108106, downTime=108106, deviceId=-1, source=0x101 }
W/dalvikvm(  992): DroidBox: { "FdAccess": { "path": "2f6465762f696e7075742f6576656e7430", "id": "1058341967" } }
W/DroidBox(  992): DroidBox: { "FileRW": { "operation": "write", "data": "7f060000efbfbd3901000500000001000000", "id": "1058341967" } }
E/WVMExtractor(   64): Failed to open libwvm.so
I/Choreographer( 1010): Skipped 100 frames!  The application may be doing too much work on its main thread.
W/InputMethodManagerService(  222): Window already focused, ignoring focus gain of: com.android.internal.view.IInputMethodClient$Stub$Proxy@b3df70b0 attribute=null
I/ActivityManager(  222): START {act=android.intent.action.MAIN cat=[android.intent.category.LAUNCHER] flg=0x10200000 cmp=com.fgqnmdnrco.gmvhglmukh/com.rARDpkd.WFUabFkwCdhnINo u=0} from pid 992
E/WVMExtractor(   64): Failed to open libwvm.so
E/WVMExtractor(   64): Failed to open libwvm.so
I/Choreographer( 1010): Skipped 115 frames!  The application may be doing too much work on its main thread.
I/Choreographer( 1010): Skipped 90 frames!  The application may be doing too much work on its main thread.
W/InputMethodManagerService(  222): Window already focused, ignoring focus gain of: com.android.internal.view.IInputMethodClient$Stub$Proxy@b41f78a0 attribute=null
E/WVMExtractor(   64): Failed to open libwvm.so
E/WVMExtractor(   64): Failed to open libwvm.so
I/Choreographer( 1010): Skipped 34 frames!  The application may be doing too much work on its main thread.
E/WVMExtractor(   64): Failed to open libwvm.so
I/Choreographer( 1010): Skipped 48 frames!  The application may be doing too much work on its main thread.
W/BackupManagerService(  222): dataChanged but no participant pkg='com.android.providers.settings' uid=1001
D/InputEventConsistencyVerifier( 1010): TrackballEvent: Trackball is down but pressure is not greater than 0.
D/InputEventConsistencyVerifier( 1010):   in android.view.ViewRootImpl@b3e3a0e0
D/InputEventConsistencyVerifier( 1010):   0: sent at 111155000000, MotionEvent { action=ACTION_DOWN, id[0]=0, x[0]=0.0, y[0]=0.0, toolType[0]=TOOL_TYPE_UNKNOWN, buttonState=0, metaState=0, flags=0x0, edgeFlags=0x0, pointerCount=1, historySize=0, eventTime=111155, downTime=111073, deviceId=0, source=0x10004 }
D/InputEventConsistencyVerifier( 1010):   -- recent events --
D/InputEventConsistencyVerifier( 1010):   1: sent at 111175000000, KeyEvent { action=ACTION_UP, keyCode=KEYCODE_DPAD_LEFT, scanCode=0, metaState=0, flags=0x400, repeatCount=0, eventTime=111175, downTime=111175, deviceId=-1, source=0x101 }
D/InputEventConsistencyVerifier( 1010):   2: sent at 111175000000, KeyEvent { action=ACTION_DOWN, keyCode=KEYCODE_DPAD_LEFT, scanCode=0, metaState=0, flags=0x400, repeatCount=0, eventTime=111175, downTime=111175, deviceId=-1, source=0x101 }
D/InputEventConsistencyVerifier( 1010):   3: sent at 111174000000, KeyEvent { action=ACTION_UP, keyCode=KEYCODE_DPAD_LEFT, scanCode=0, metaState=0, flags=0x400, repeatCount=0, eventTime=111174, downTime=111174, deviceId=-1, source=0x101 }
D/InputEventConsistencyVerifier( 1010):   4: sent at 111174000000, KeyEvent { action=ACTION_DOWN, keyCode=KEYCODE_DPAD_LEFT, scanCode=0, metaState=0, flags=0x400, repeatCount=0, eventTime=111174, downTime=111174, deviceId=-1, source=0x101 }
D/InputEventConsistencyVerifier( 1010):   5: sent at 111119000000, MotionEvent { action=ACTION_MOVE, id[0]=0, x[0]=-2.0, y[0]=0.0, toolType[0]=TOOL_TYPE_UNKNOWN, buttonState=0, metaState=0, flags=0x0, edgeFlags=0x0, pointerCount=1, historySize=19, eventTime=111119, downTime=-1, deviceId=0, source=0x10004 }
E/WVMExtractor(   64): Failed to open libwvm.so
I/Choreographer( 1010): Skipped 135 frames!  The application may be doing too much work on its main thread.
E/WVMExtractor(   64): Failed to open libwvm.so
I/Choreographer( 1010): Skipped 189 frames!  The application may be doing too much work on its main thread.
I/Choreographer( 1010): Skipped 71 frames!  The application may be doing too much work on its main thread.
D/InputEventConsistencyVerifier( 1010): KeyEvent: ACTION_DOWN but key is already down and this event is not a key repeat.
D/InputEventConsistencyVerifier( 1010):   in android.webkit.WebView@b4043b30
D/InputEventConsistencyVerifier( 1010):   0: sent at 110897000000, KeyEvent { action=ACTION_DOWN, keyCode=KEYCODE_DPAD_UP, scanCode=0, metaState=0, flags=0x400, repeatCount=0, eventTime=110897, downTime=110897, deviceId=-1, source=0x101 }
D/InputEventConsistencyVerifier( 1010):   -- recent events --
D/InputEventConsistencyVerifier( 1010):   1: sent at 110897000000, KeyEvent { action=ACTION_DOWN, keyCode=KEYCODE_DPAD_UP, scanCode=0, metaState=0, flags=0x400, repeatCount=0, eventTime=110897, downTime=110897, deviceId=-1, source=0x101 }
D/InputEventConsistencyVerifier( 1010):   2: sent at 110356000000, (unhandled) MotionEvent { action=ACTION_MOVE, id[0]=0, x[0]=3.0, y[0]=-4.0, toolType[0]=TOOL_TYPE_UNKNOWN, buttonState=0, metaState=0, flags=0x0, edgeFlags=0x0, pointerCount=1, historySize=9, eventTime=110356, downTime=-1, deviceId=0, source=0x10004 }
D/InputEventConsistencyVerifier( 1010):   3: sent at 110309000000, MotionEvent { action=ACTION_UP, id[0]=0, x[0]=98.0, y[0]=673.0, toolType[0]=TOOL_TYPE_UNKNOWN, buttonState=0, metaState=0, flags=0x0, edgeFlags=0x0, pointerCount=1, historySize=0, eventTime=110309, downTime=110289, deviceId=0, source=0x1002 }
D/InputEventConsistencyVerifier( 1010):   4: sent at 110290000000, MotionEvent { action=ACTION_DOWN, id[0]=0, x[0]=102.0, y[0]=670.0, toolType[0]=TOOL_TYPE_UNKNOWN, buttonState=0, metaState=0, flags=0x0, edgeFlags=0x0, pointerCount=1, historySize=0, eventTime=110290, downTime=110289, deviceId=0, source=0x1002 }
D/InputEventConsistencyVerifier( 1010):   5: sent at 110148000000, (unhandled) KeyEvent { action=ACTION_UP, keyCode=KEYCODE_MENU, scanCode=0, metaState=0, flags=0x8, repeatCount=0, eventTime=110148, downTime=110148, deviceId=-1, source=0x101 }
W/InputMethodManagerService(  222): Window already focused, ignoring focus gain of: com.android.internal.view.IInputMethodClient$Stub$Proxy@b3f13d58 attribute=null
E/WVMExtractor(   64): Failed to open libwvm.so
E/WVMExtractor(   64): Failed to open libwvm.so
D/InputEventConsistencyVerifier( 1010): KeyEvent: ACTION_UP but key was not down.
D/InputEventConsistencyVerifier( 1010):   in android.view.ViewRootImpl@b40900a0
D/InputEventConsistencyVerifier( 1010):   0: sent at 113067000000, KeyEvent { action=ACTION_UP, keyCode=KEYCODE_MENU, scanCode=0, metaState=0, flags=0x8, repeatCount=0, eventTime=113067, downTime=113067, deviceId=-1, source=0x101 }
D/InputEventConsistencyVerifier( 1010):   -- recent events --
D/InputEventConsistencyVerifier( 1010):   1: sent at 110898000000, KeyEvent { action=ACTION_UP, keyCode=KEYCODE_DPAD_UP, scanCode=0, metaState=0, flags=0x400, repeatCount=0, eventTime=110898, downTime=110898, deviceId=-1, source=0x101 }
D/InputEventConsistencyVerifier( 1010):   2: sent at 110898000000, KeyEvent { action=ACTION_DOWN, keyCode=KEYCODE_DPAD_UP, scanCode=0, metaState=0, flags=0x400, repeatCount=0, eventTime=110898, downTime=110898, deviceId=-1, source=0x101 }
D/InputEventConsistencyVerifier( 1010):   3: sent at 110898000000, KeyEvent { action=ACTION_UP, keyCode=KEYCODE_DPAD_UP, scanCode=0, metaState=0, flags=0x400, repeatCount=0, eventTime=110898, downTime=110898, deviceId=-1, source=0x101 }
D/InputEventConsistencyVerifier( 1010):   4: sent at 110898000000, KeyEvent { action=ACTION_DOWN, keyCode=KEYCODE_DPAD_UP, scanCode=0, metaState=0, flags=0x400, repeatCount=0, eventTime=110898, downTime=110898, deviceId=-1, source=0x101 }
D/InputEventConsistencyVerifier( 1010):   5: sent at 110897000000, KeyEvent { action=ACTION_UP, keyCode=KEYCODE_DPAD_UP, scanCode=0, metaState=0, flags=0x400, repeatCount=0, eventTime=110897, downTime=110897, deviceId=-1, source=0x101 }
E/WVMExtractor(   64): Failed to open libwvm.so
E/WVMExtractor(   64): Failed to open libwvm.so
E/WVMExtractor(   64): Failed to open libwvm.so
E/WVMExtractor(   64): Failed to open libwvm.so
I/ActivityManager(  222): START {act=android.intent.action.MAIN cat=[android.intent.category.LAUNCHER] flg=0x10200000 cmp=com.fgqnmdnrco.gmvhglmukh/com.rARDpkd.WFUabFkwCdhnINo u=0} from pid 992
E/WVMExtractor(   64): Failed to open libwvm.so
I/Choreographer( 1010): Skipped 103 frames!  The application may be doing too much work on its main thread.
E/WVMExtractor(   64): Failed to open libwvm.so
E/WVMExtractor(   64): Failed to open libwvm.so
E/WVMExtractor(   64): Failed to open libwvm.so
E/WVMExtractor(   64): Failed to open libwvm.so
I/Choreographer( 1010): Skipped 36 frames!  The application may be doing too much work on its main thread.
E/WVMExtractor(   64): Failed to open libwvm.so
E/WVMExtractor(   64): Failed to open libwvm.so
E/WVMExtractor(   64): Failed to open libwvm.so
I/ActivityManager(  222): START {cmp=com.fgqnmdnrco.gmvhglmukh/.MainActivity u=0} from pid 1010
W/ActivityManager(  222): startActivity called from non-Activity context; forcing Intent.FLAG_ACTIVITY_NEW_TASK for: Intent { cmp=com.fgqnmdnrco.gmvhglmukh/.MainActivity }
W/WindowManager(  222): Failure taking screenshot for (246x410) to layer 21015
E/WVMExtractor(   64): Failed to open libwvm.so
D/AdlantisView( 1010): AdlantisView.connect
D/AdManager( 1010): http://sp.ad.adlantis.jp/sp/load_app_ads?deviceOsVersion=4.1&deviceName=generic&sdkBuild=109&deviceFamily=Full%20Android%20on%20Emulator&deviceBrand=Android&deviceClass=android&appIdentifier=com.fgqnmdnrco.gmvhglmukh&udid=e6ad39748d6749b188a7b347d520bd15&deviceOsVersionFull=4.1.1&sdkVersion=1.2.2&callbackid=0&zid=NzIzNQ%253D%253D%250A&adl_app_flg=1&displaySize=480x800&displayDensity=1.5
E/WVMExtractor(   64): Failed to open libwvm.so
E/WVMExtractor(   64): Failed to open libwvm.so
E/WVMExtractor(   64): Failed to open libwvm.so
E/WVMExtractor(   64): Failed to open libwvm.so
E/AdManager( 1010): java.net.UnknownHostException: Unable to resolve host "sp.ad.adlantis.jp": No address associated with hostname
E/WVMExtractor(   64): Failed to open libwvm.so
E/WVMExtractor(   64): Failed to open libwvm.so
W/DroidBox( 1010): DroidBox: { "OpenNet": { "desthost": "172.253.63.113", "destport": "80", "fd": "33" } }
E/WVMExtractor(   64): Failed to open libwvm.so
W/DroidBox( 1010): DroidBox: { "SendNet": { "operation": "send", "data": "474554202f5f5f75746d2e6769663f75746d77763d342e366d612675746d6e3d313230303139313634392675746d63733d5554462d382675746d73723d343830783830302675746d756c3d656e2d55532675746d703d2532464d6f72652675746d61633d", "desthost": "172.253.63.113", "destport": "80" , "fd": "33"} }
W/DroidBox( 1010): DroidBox: { "RecvNet": { "srchost": "172.253.63.113", "data": "485454502f312e3120323030204f4b0d0a4163636573732d436f6e74726f6c2d416c6c6f772d4f726967696e3a202a0d0a507261676d613a206e6f2d63616368650d0a582d436f6e74656e742d547970652d4f7074696f6e733a206e6f736e6966660d0a", "srcport": "80", "fd": "33" } }
E/WVMExtractor(   64): Failed to open libwvm.so
W/Ads     ( 1010): Invalid admob request error: Non google play services version of AdMob Android SDK is deprecated. Please update your SDK to the most recent SDK version to get the latest features and bug fixes. The latest SDK can be downloaded from http://goo.gl/r2TRzC .
E/WVMExtractor(   64): Failed to open libwvm.so
V/PhoneStatusBar(  380): setLightsOn(true)
D/webviewglue( 1010): nativeDestroy view: 0xb7f85fd8
I/Ads     ( 1010): onFailedToReceiveAd(Invalid Google Ad request.)
D/InputEventConsistencyVerifier( 1010): KeyEvent: ACTION_UP but key was not down.
D/InputEventConsistencyVerifier( 1010):   in android.widget.LinearLayout@b40e64b0
D/InputEventConsistencyVerifier( 1010):   0: sent at 120065000000, KeyEvent { action=ACTION_UP, keyCode=KEYCODE_DPAD_DOWN, scanCode=0, metaState=0, flags=0x8, repeatCount=0, eventTime=120065, downTime=120065, deviceId=-1, source=0x101 }
D/InputEventConsistencyVerifier( 1010): KeyEvent: ACTION_DOWN but key is already down and this event is not a key repeat.
D/InputEventConsistencyVerifier( 1010):   in android.webkit.WebView@b4043b30
D/InputEventConsistencyVerifier( 1010):   0: sent at 117312000000, KeyEvent { action=ACTION_DOWN, keyCode=KEYCODE_DPAD_LEFT, scanCode=0, metaState=0, flags=0x400, repeatCount=0, eventTime=117312, downTime=117312, deviceId=-1, source=0x101 }
D/InputEventConsistencyVerifier( 1010):   -- recent events --
D/InputEventConsistencyVerifier( 1010):   1: sent at 117300000000, KeyEvent { action=ACTION_DOWN, keyCode=KEYCODE_DPAD_LEFT, scanCode=0, metaState=0, flags=0x400, repeatCount=0, eventTime=117300, downTime=117300, deviceId=-1, source=0x101 }
D/InputEventConsistencyVerifier( 1010):   2: sent at 117300000000, KeyEvent { action=ACTION_UP, keyCode=KEYCODE_DPAD_LEFT, scanCode=0, metaState=0, flags=0x400, repeatCount=0, eventTime=117300, downTime=117300, deviceId=-1, source=0x101 }
D/InputEventConsistencyVerifier( 1010):   3: sent at 117300000000, KeyEvent { action=ACTION_DOWN, keyCode=KEYCODE_DPAD_LEFT, scanCode=0, metaState=0, flags=0x400, repeatCount=0, eventTime=117300, downTime=117300, deviceId=-1, source=0x101 }
D/InputEventConsistencyVerifier( 1010):   4: sent at 117298000000, KeyEvent { action=ACTION_MULTIPLE, keyCode=KEYCODE_DPAD_LEFT, scanCode=0, metaState=0, flags=0x400, repeatCount=2, eventTime=117298, downTime=117298, deviceId=-1, source=0x101 }
