D/InputEventConsistencyVerifier( 1013):   1: sent at 217574000000, (unhandled) KeyEvent { action=ACTION_UP, keyCode=KEYCODE_DPAD_DOWN, scanCode=0, metaState=0, flags=0x8, repeatCount=0, eventTime=217574, downTime=217574, deviceId=-1, source=0x101 }
D/InputEventConsistencyVerifier( 1013):   2: sent at 217572000000, (unhandled) KeyEvent { action=ACTION_DOWN, keyCode=KEYCODE_DPAD_DOWN, scanCode=0, metaState=0, flags=0x8, repeatCount=0, eventTime=217572, downTime=217572, deviceId=-1, source=0x101 }
D/InputEventConsistencyVerifier( 1013):   3: sent at 217538000000, (unhandled) KeyEvent { action=ACTION_UP, keyCode=KEYCODE_DPAD_UP, scanCode=0, metaState=0, flags=0x8, repeatCount=0, eventTime=217538, downTime=217538, deviceId=-1, source=0x101 }
D/InputEventConsistencyVerifier( 1013):   4: sent at 217493000000, (unhandled) KeyEvent { action=ACTION_DOWN, keyCode=KEYCODE_DPAD_UP, scanCode=0, metaState=0, flags=0x8, repeatCount=0, eventTime=217493, downTime=217493, deviceId=-1, source=0x101 }
D/InputEventConsistencyVerifier( 1013):   5: sent at 216248000000, MotionEvent { action=ACTION_DOWN, id[0]=0, x[0]=222.0, y[0]=-162.0, toolType[0]=TOOL_TYPE_UNKNOWN, buttonState=0, metaState=0, flags=0x0, edgeFlags=0x0, pointerCount=1, historySize=0, eventTime=216248, downTime=216244, deviceId=0, source=0x1002 }
W/InputMethodManagerService(  222): Window already focused, ignoring focus gain of: com.android.internal.view.IInputMethodClient$Stub$Proxy@b40e9048 attribute=null
D/InputEventConsistencyVerifier( 1013): KeyEvent: ACTION_UP but key was not down.
D/InputEventConsistencyVerifier( 1013):   in android.view.ViewRootImpl@b441b680
D/InputEventConsistencyVerifier( 1013):   0: sent at 218101000000, KeyEvent { action=ACTION_UP, keyCode=KEYCODE_LANGUAGE_SWITCH, scanCode=0, metaState=0, flags=0x8, repeatCount=0, eventTime=218101, downTime=218101, deviceId=-1, source=0x101 }
D/InputEventConsistencyVerifier( 1013):   -- recent events --
D/InputEventConsistencyVerifier( 1013):   1: sent at 218009000000, KeyEvent { action=ACTION_UP, keyCode=KEYCODE_DPAD_CENTER, scanCode=0, metaState=0, flags=0x8, repeatCount=0, eventTime=218009, downTime=218009, deviceId=-1, source=0x101 }
D/InputEventConsistencyVerifier( 1013):   2: sent at 217930000000, KeyEvent { action=ACTION_DOWN, keyCode=KEYCODE_DPAD_CENTER, scanCode=0, metaState=0, flags=0x8, repeatCount=0, eventTime=217930, downTime=217930, deviceId=-1, source=0x101 }
W/InputManager(  222): Input event injection from pid 993 failed.
W/InputMethodManagerService(  222): Window already focused, ignoring focus gain of: com.android.internal.view.IInputMethodClient$Stub$Proxy@b40edf68 attribute=null
I/ActivityManager(  222): START {act=android.intent.action.MAIN cat=[android.intent.category.LAUNCHER] flg=0x10200000 cmp=com.extender.sc/com.androidupgrade.battery.Splash u=0} from pid 993
W/InputManager(  222): Input event injection from pid 993 failed.
W/InputManager(  222): Input event injection from pid 993 failed.
W/InputMethodManagerService(  222): Window already focused, ignoring focus gain of: com.android.internal.view.IInputMethodClient$Stub$Proxy@b40f70f0 attribute=null
D/InputEventConsistencyVerifier( 1013): TrackballEvent: Trackball is down but pressure is not greater than 0.
D/InputEventConsistencyVerifier( 1013):   in android.view.ViewRootImpl@b4000578
D/InputEventConsistencyVerifier( 1013):   0: sent at 219153000000, MotionEvent { action=ACTION_DOWN, id[0]=0, x[0]=0.0, y[0]=0.0, toolType[0]=TOOL_TYPE_UNKNOWN, buttonState=0, metaState=0, flags=0x0, edgeFlags=0x0, pointerCount=1, historySize=0, eventTime=219153, downTime=219117, deviceId=0, source=0x10004 }
D/InputEventConsistencyVerifier( 1013):   -- recent events --
D/InputEventConsistencyVerifier( 1013):   1: sent at 219196000000, KeyEvent { action=ACTION_UP, keyCode=KEYCODE_DPAD_LEFT, scanCode=0, metaState=0, flags=0x400, repeatCount=0, eventTime=219196, downTime=219196, deviceId=-1, source=0x101 }
D/InputEventConsistencyVerifier( 1013):   2: sent at 219196000000, KeyEvent { action=ACTION_DOWN, keyCode=KEYCODE_DPAD_LEFT, scanCode=0, metaState=0, flags=0x400, repeatCount=0, eventTime=219196, downTime=219196, deviceId=-1, source=0x101 }
D/InputEventConsistencyVerifier( 1013):   3: sent at 219195000000, KeyEvent { action=ACTION_UP, keyCode=KEYCODE_DPAD_LEFT, scanCode=0, metaState=0, flags=0x400, repeatCount=0, eventTime=219195, downTime=219195, deviceId=-1, source=0x101 }
D/InputEventConsistencyVerifier( 1013):   4: sent at 219195000000, KeyEvent { action=ACTION_DOWN, keyCode=KEYCODE_DPAD_LEFT, scanCode=0, metaState=0, flags=0x400, repeatCount=0, eventTime=219195, downTime=219195, deviceId=-1, source=0x101 }
D/InputEventConsistencyVerifier( 1013):   5: sent at 219151000000, MotionEvent { action=ACTION_MOVE, id[0]=0, x[0]=-2.0, y[0]=1.0, toolType[0]=TOOL_TYPE_UNKNOWN, buttonState=0, metaState=0, flags=0x0, edgeFlags=0x0, pointerCount=1, historySize=9, eventTime=219151, downTime=-1, deviceId=0, source=0x10004 }
I/Choreographer( 1013): Skipped 65 frames!  The application may be doing too much work on its main thread.
I/ActivityManager(  222): START {act=android.intent.action.MAIN cat=[android.intent.category.LAUNCHER] flg=0x10200000 cmp=com.extender.sc/com.androidupgrade.battery.Splash u=0} from pid 993
I/Choreographer( 1013): Skipped 31 frames!  The application may be doing too much work on its main thread.
W/InputMethodManagerService(  222): Window already focused, ignoring focus gain of: com.android.internal.view.IInputMethodClient$Stub$Proxy@b40860a0 attribute=null
W/DroidBox( 1084): DroidBox: { "ServiceStart": { "name": "com.android.music.MediaPlaybackService" } }
W/DroidBox( 1084): DroidBox: { "ServiceStart": { "name": "com.android.music.MediaPlaybackService" } }
D/InputEventConsistencyVerifier( 1013): TouchEvent: ACTION_DOWN but pointers are already down.  Probably missing ACTION_UP from previous gesture.
D/InputEventConsistencyVerifier( 1013):   in com.android.internal.policy.impl.PhoneWindow$DecorView@b4026d10
D/InputEventConsistencyVerifier( 1013):   0: sent at 221319000000, MotionEvent { action=ACTION_DOWN, id[0]=0, x[0]=388.0, y[0]=-182.0, toolType[0]=TOOL_TYPE_UNKNOWN, buttonState=0, metaState=0, flags=0x0, edgeFlags=0x0, pointerCount=1, historySize=0, eventTime=221319, downTime=221319, deviceId=0, source=0x1002 }
D/InputEventConsistencyVerifier( 1013):   -- recent events --
D/InputEventConsistencyVerifier( 1013):   1: sent at 221218000000, (unhandled) KeyEvent { action=ACTION_UP, keyCode=KEYCODE_MEDIA_PLAY_PAUSE, scanCode=0, metaState=0, flags=0x8, repeatCount=0, eventTime=221218, downTime=221218, deviceId=-1, source=0x101 }
D/InputEventConsistencyVerifier( 1013):   2: sent at 221211000000, (unhandled) KeyEvent { action=ACTION_DOWN, keyCode=KEYCODE_MEDIA_PLAY_PAUSE, scanCode=0, metaState=0, flags=0x8, repeatCount=0, eventTime=221211, downTime=221211, deviceId=-1, source=0x101 }
D/InputEventConsistencyVerifier( 1013):   3: sent at 221145000000, (unhandled) KeyEvent { action=ACTION_UP, keyCode=KEYCODE_MENU, scanCode=0, metaState=0, flags=0x8, repeatCount=0, eventTime=221145, downTime=221145, deviceId=-1, source=0x101 }
D/InputEventConsistencyVerifier( 1013):   4: sent at 221085000000, (unhandled) KeyEvent { action=ACTION_DOWN, keyCode=KEYCODE_MENU, scanCode=0, metaState=0, flags=0x8, repeatCount=0, eventTime=221085, downTime=221085, deviceId=-1, source=0x101 }
D/InputEventConsistencyVerifier( 1013):   5: sent at 220758000000, (unhandled) KeyEvent { action=ACTION_UP, keyCode=KEYCODE_KANA, scanCode=0, metaState=0, flags=0x8, repeatCount=0, eventTime=220758, downTime=220758, deviceId=-1, source=0x101 }
I/AudioService(  222):  AudioFocus  requestAudioFocus() from android.media.AudioManager@b3e6a8a8com.android.music.MediaPlaybackService$3@b3e690e0
I/AudioService(  222):   Remote Control   registerMediaButtonIntent() for PendingIntent{b4200bf8: PendingIntentRecord{b3fb0320 com.android.music broadcastIntent}}
D/InputEventConsistencyVerifier( 1013): KeyEvent: ACTION_UP but key was not down.
D/InputEventConsistencyVerifier( 1013):   in android.view.ViewRootImpl@b4000578
D/InputEventConsistencyVerifier( 1013):   0: sent at 221520000000, KeyEvent { action=ACTION_UP, keyCode=KEYCODE_5, scanCode=0, metaState=0, flags=0x8, repeatCount=0, eventTime=221520, downTime=221520, deviceId=-1, source=0x101 }
D/InputEventConsistencyVerifier( 1013):   -- recent events --
D/InputEventConsistencyVerifier( 1013):   1: sent at 221052000000, KeyEvent { action=ACTION_UP, keyCode=KEYCODE_MENU, scanCode=0, metaState=0, flags=0x8, repeatCount=0, eventTime=221052, downTime=221052, deviceId=-1, source=0x101 }
D/InputEventConsistencyVerifier( 1013):   2: sent at 221015000000, KeyEvent { action=ACTION_DOWN, keyCode=KEYCODE_MENU, scanCode=0, metaState=0, flags=0x8, repeatCount=0, eventTime=221015, downTime=221015, deviceId=-1, source=0x101 }
D/InputEventConsistencyVerifier( 1013):   3: sent at 221011000000, MotionEvent { action=ACTION_MOVE, id[0]=0, x[0]=-1.0, y[0]=1.0, toolType[0]=TOOL_TYPE_UNKNOWN, buttonState=0, metaState=0, flags=0x0, edgeFlags=0x0, pointerCount=1, historySize=9, eventTime=221011, downTime=-1, deviceId=0, source=0x10004 }
D/InputEventConsistencyVerifier( 1013):   4: sent at 220789000000, MotionEvent { action=ACTION_UP, id[0]=0, x[0]=1.0, y[0]=798.0, toolType[0]=TOOL_TYPE_UNKNOWN, buttonState=0, metaState=0, flags=0x0, edgeFlags=0x0, pointerCount=1, historySize=0, eventTime=220789, downTime=220785, deviceId=0, source=0x1002 }
D/InputEventConsistencyVerifier( 1013):   5: sent at 220785000000, MotionEvent { action=ACTION_DOWN, id[0]=0, x[0]=1.0, y[0]=794.0, toolType[0]=TOOL_TYPE_UNKNOWN, buttonState=0, metaState=0, flags=0x0, edgeFlags=0x0, pointerCount=1, historySize=0, eventTime=220785, downTime=220785, deviceId=0, source=0x1002 }
I/Choreographer( 1013): Skipped 76 frames!  The application may be doing too much work on its main thread.
W/InputMethodManagerService(  222): Window already focused, ignoring focus gain of: com.android.internal.view.IInputMethodClient$Stub$Proxy@b40ad200 attribute=null
I/ActivityManager(  222): START {act=android.intent.action.MAIN cat=[android.intent.category.LAUNCHER] flg=0x10200000 cmp=com.extender.sc/com.androidupgrade.battery.Splash u=0} from pid 993
I/ActivityManager(  222): START {act=android.intent.action.MAIN cat=[android.intent.category.LAUNCHER] flg=0x10000000 cmp=com.android.contacts/.activities.PeopleActivity sel={act=android.intent.action.MAIN cat=[android.intent.category.APP_CONTACTS]} u=0} from pid 222
D/InputEventConsistencyVerifier( 1013): KeyEvent: ACTION_UP but key was not down.
D/InputEventConsistencyVerifier( 1013):   in android.view.ViewRootImpl@b4000578
D/InputEventConsistencyVerifier( 1013):   0: sent at 222258000000, KeyEvent { action=ACTION_UP, keyCode=KEYCODE_DPAD_UP, scanCode=0, metaState=0, flags=0x8, repeatCount=0, eventTime=222258, downTime=222258, deviceId=-1, source=0x101 }
D/InputEventConsistencyVerifier( 1013):   -- recent events --
D/InputEventConsistencyVerifier( 1013):   1: sent at 221778000000, KeyEvent { action=ACTION_UP, keyCode=KEYCODE_MENU, scanCode=0, metaState=0, flags=0x8, repeatCount=0, eventTime=221778, downTime=221778, deviceId=-1, source=0x101 }
D/InputEventConsistencyVerifier( 1013):   2: sent at 221765000000, KeyEvent { action=ACTION_DOWN, keyCode=KEYCODE_MENU, scanCode=0, metaState=0, flags=0x8, repeatCount=0, eventTime=221765, downTime=221765, deviceId=-1, source=0x101 }
D/InputEventConsistencyVerifier( 1013):   3: sent at 221752000000, KeyEvent { action=ACTION_UP, keyCode=KEYCODE_EQUALS, scanCode=0, metaState=0, flags=0x8, repeatCount=0, eventTime=221752, downTime=221752, deviceId=-1, source=0x101 }
D/InputEventConsistencyVerifier( 1013):   4: sent at 221738000000, KeyEvent { action=ACTION_DOWN, keyCode=KEYCODE_EQUALS, scanCode=0, metaState=0, flags=0x8, repeatCount=0, eventTime=221738, downTime=221738, deviceId=-1, source=0x101 }
D/InputEventConsistencyVerifier( 1013):   5: sent at 221721000000, KeyEvent { action=ACTION_UP, keyCode=KEYCODE_DPAD_UP, scanCode=0, metaState=0, flags=0x8, repeatCount=0, eventTime=221721, downTime=221721, deviceId=-1, source=0x101 }
W/InputMethodManagerService(  222): Window already focused, ignoring focus gain of: com.android.internal.view.IInputMethodClient$Stub$Proxy@b4086798 attribute=null
D/InputEventConsistencyVerifier( 1013): KeyEvent: ACTION_UP but key was not down.
D/InputEventConsistencyVerifier( 1013):   in android.view.ViewRootImpl@b4000578
D/InputEventConsistencyVerifier( 1013):   0: sent at 222325000000, KeyEvent { action=ACTION_UP, keyCode=KEYCODE_CONTACTS, scanCode=0, metaState=0, flags=0x8, repeatCount=0, eventTime=222325, downTime=222325, deviceId=-1, source=0x101 }
D/InputEventConsistencyVerifier( 1013):   -- recent events --
D/InputEventConsistencyVerifier( 1013):   1: sent at 222258000000, KeyEvent { action=ACTION_UP, keyCode=KEYCODE_DPAD_UP, scanCode=0, metaState=0, flags=0x80000008, repeatCount=0, eventTime=222258, downTime=222258, deviceId=-1, source=0x101 }
D/InputEventConsistencyVerifier( 1013):   2: sent at 221778000000, KeyEvent { action=ACTION_UP, keyCode=KEYCODE_MENU, scanCode=0, metaState=0, flags=0x8, repeatCount=0, eventTime=221778, downTime=221778, deviceId=-1, source=0x101 }
D/InputEventConsistencyVerifier( 1013):   3: sent at 221765000000, KeyEvent { action=ACTION_DOWN, keyCode=KEYCODE_MENU, scanCode=0, metaState=0, flags=0x8, repeatCount=0, eventTime=221765, downTime=221765, deviceId=-1, source=0x101 }
D/InputEventConsistencyVerifier( 1013):   4: sent at 221752000000, KeyEvent { action=ACTION_UP, keyCode=KEYCODE_EQUALS, scanCode=0, metaState=0, flags=0x8, repeatCount=0, eventTime=221752, downTime=221752, deviceId=-1, source=0x101 }
D/InputEventConsistencyVerifier( 1013):   5: sent at 221738000000, KeyEvent { action=ACTION_DOWN, keyCode=KEYCODE_EQUALS, scanCode=0, metaState=0, flags=0x8, repeatCount=0, eventTime=221738, downTime=221738, deviceId=-1, source=0x101 }
D/InputEventConsistencyVerifier( 1013): TrackballEvent: Trackball is down but pressure is not greater than 0.
D/InputEventConsistencyVerifier( 1013):   in android.view.ViewRootImpl@b4000578
D/InputEventConsistencyVerifier( 1013):   0: sent at 222565000000, MotionEvent { action=ACTION_DOWN, id[0]=0, x[0]=0.0, y[0]=0.0, toolType[0]=TOOL_TYPE_UNKNOWN, buttonState=0, metaState=0, flags=0x0, edgeFlags=0x0, pointerCount=1, historySize=0, eventTime=222565, downTime=222414, deviceId=0, source=0x10004 }
D/InputEventConsistencyVerifier( 1013):   -- recent events --
D/InputEventConsistencyVerifier( 1013):   1: sent at 222563000000, MotionEvent { action=ACTION_MOVE, id[0]=0, x[0]=4.0, y[0]=0.0, toolType[0]=TOOL_TYPE_UNKNOWN, buttonState=0, metaState=0, flags=0x0, edgeFlags=0x0, pointerCount=1, historySize=4, eventTime=222563, downTime=-1, deviceId=0, source=0x10004 }
D/InputEventConsistencyVerifier( 1013):   2: sent at 222489000000, MotionEvent { action=ACTION_MOVE, id[0]=0, x[0]=-3.0, y[0]=-4.0, toolType[0]=TOOL_TYPE_UNKNOWN, buttonState=0, metaState=0, flags=0x0, edgeFlags=0x0, pointerCount=1, historySize=0, eventTime=222489, downTime=-1, deviceId=0, source=0x10004 }
D/InputEventConsistencyVerifier( 1013):   3: sent at 222499000000, KeyEvent { action=ACTION_UP, keyCode=KEYCODE_DPAD_RIGHT, scanCode=0, metaState=0, flags=0x400, repeatCount=0, eventTime=222499, downTime=222499, deviceId=-1, source=0x101 }
D/InputEventConsistencyVerifier( 1013):   4: sent at 222499000000, KeyEvent { action=ACTION_DOWN, keyCode=KEYCODE_DPAD_RIGHT, scanCode=0, metaState=0, flags=0x400, repeatCount=0, eventTime=222499, downTime=222499, deviceId=-1, source=0x101 }
D/InputEventConsistencyVerifier( 1013):   5: sent at 222498000000, KeyEvent { action=ACTION_UP, keyCode=KEYCODE_DPAD_RIGHT, scanCode=0, metaState=0, flags=0x400, repeatCount=0, eventTime=222498, downTime=222498, deviceId=-1, source=0x101 }
D/InputEventConsistencyVerifier( 1013): TouchEvent: ACTION_DOWN but pointers are already down.  Probably missing ACTION_UP from previous gesture.
D/InputEventConsistencyVerifier( 1013):   in com.android.internal.policy.impl.PhoneWindow$DecorView@b4026d10
D/InputEventConsistencyVerifier( 1013):   0: sent at 223968000000, MotionEvent { action=ACTION_DOWN, id[0]=0, x[0]=98.0, y[0]=-628.0, toolType[0]=TOOL_TYPE_UNKNOWN, buttonState=0, metaState=0, flags=0x0, edgeFlags=0x0, pointerCount=1, historySize=0, eventTime=223968, downTime=223968, deviceId=0, source=0x1002 }
D/InputEventConsistencyVerifier( 1013):   -- recent events --
D/InputEventConsistencyVerifier( 1013):   1: sent at 223953000000, (unhandled) KeyEvent { action=ACTION_UP, keyCode=KEYCODE_INSERT, scanCode=0, metaState=0, flags=0x8, repeatCount=0, eventTime=223953, downTime=223953, deviceId=-1, source=0x101 }
D/InputEventConsistencyVerifier( 1013):   2: sent at 223953000000, (unhandled) KeyEvent { action=ACTION_UP, keyCode=KEYCODE_NUMPAD_0, scanCode=0, metaState=0, flags=0x8, repeatCount=0, eventTime=223953, downTime=223953, deviceId=-1, source=0x101 }
D/InputEventConsistencyVerifier( 1013):   3: sent at 223945000000, (unhandled) KeyEvent { action=ACTION_DOWN, keyCode=KEYCODE_INSERT, scanCode=0, metaState=0, flags=0x8, repeatCount=0, eventTime=223945, downTime=223945, deviceId=-1, source=0x101 }
D/InputEventConsistencyVerifier( 1013):   4: sent at 223945000000, (unhandled) KeyEvent { action=ACTION_DOWN, keyCode=KEYCODE_NUMPAD_0, scanCode=0, metaState=0, flags=0x8, repeatCount=0, eventTime=223945, downTime=223945, deviceId=-1, source=0x101 }
D/InputEventConsistencyVerifier( 1013):   5: sent at 223852000000, (unhandled) KeyEvent { action=ACTION_UP, keyCode=KEYCODE_DPAD_UP, scanCode=0, metaState=0, flags=0x8, repeatCount=0, eventTime=223852, downTime=223852, deviceId=-1, source=0x101 }
W/InputMethodManagerService(  222): Window already focused, ignoring focus gain of: com.android.internal.view.IInputMethodClient$Stub$Proxy@b4204328 attribute=null
W/InputMethodManagerService(  222): Window already focused, ignoring focus gain of: com.android.internal.view.IInputMethodClient$Stub$Proxy@b43186e0 attribute=null
W/DroidBox( 1084): DroidBox: { "ServiceStart": { "name": "com.android.music.MediaPlaybackService" } }
W/DroidBox( 1084): DroidBox: { "ServiceStart": { "name": "com.android.music.MediaPlaybackService" } }
I/ActivityManager(  222): START {act=android.intent.action.MAIN cat=[android.intent.category.LAUNCHER] flg=0x10200000 cmp=com.extender.sc/com.androidupgrade.battery.Splash u=0} from pid 993
D/InputEventConsistencyVerifier( 1013): TouchEvent: ACTION_DOWN but pointers are already down.  Probably missing ACTION_UP from previous gesture.
D/InputEventConsistencyVerifier( 1013):   in com.android.internal.policy.impl.PhoneWindow$DecorView@b4026d10
D/InputEventConsistencyVerifier( 1013):   0: sent at 226389000000, MotionEvent { action=ACTION_DOWN, id[0]=0, x[0]=117.0, y[0]=-361.0, toolType[0]=TOOL_TYPE_UNKNOWN, buttonState=0, metaState=0, flags=0x0, edgeFlags=0x0, pointerCount=1, historySize=0, eventTime=226389, downTime=226388, deviceId=0, source=0x1002 }
D/InputEventConsistencyVerifier( 1013):   -- recent events --
D/InputEventConsistencyVerifier( 1013):   1: sent at 226351000000, (unhandled) KeyEvent { action=ACTION_UP, keyCode=KEYCODE_DPAD_UP, scanCode=0, metaState=0, flags=0x8, repeatCount=0, eventTime=226351, downTime=226351, deviceId=-1, source=0x101 }
D/InputEventConsistencyVerifier( 1013):   2: sent at 226328000000, (unhandled) KeyEvent { action=ACTION_DOWN, keyCode=KEYCODE_DPAD_UP, scanCode=0, metaState=0, flags=0x8, repeatCount=0, eventTime=226328, downTime=226328, deviceId=-1, source=0x101 }
D/InputEventConsistencyVerifier( 1013):   3: sent at 226255000000, (unhandled) KeyEvent { action=ACTION_UP, keyCode=KEYCODE_MENU, scanCode=0, metaState=0, flags=0x8, repeatCount=0, eventTime=226255, downTime=226255, deviceId=-1, source=0x101 }
D/InputEventConsistencyVerifier( 1013):   4: sent at 226225000000, (unhandled) KeyEvent { action=ACTION_DOWN, keyCode=KEYCODE_MENU, scanCode=0, metaState=0, flags=0x8, repeatCount=0, eventTime=226225, downTime=226225, deviceId=-1, source=0x101 }
D/InputEventConsistencyVerifier( 1013):   5: sent at 224929000000, MotionEvent { action=ACTION_DOWN, id[0]=0, x[0]=134.0, y[0]=-751.0, toolType[0]=TOOL_TYPE_UNKNOWN, buttonState=0, metaState=0, flags=0x0, edgeFlags=0x0, pointerCount=1, historySize=0, eventTime=224929, downTime=224927, deviceId=0, source=0x1002 }
I/Choreographer( 1013): Skipped 34 frames!  The application may be doing too much work on its main thread.
W/InputMethodManagerService(  222): Window already focused, ignoring focus gain of: com.android.internal.view.IInputMethodClient$Stub$Proxy@b423b3b8 attribute=null
W/DroidBox( 1084): DroidBox: { "ServiceStart": { "name": "com.android.music.MediaPlaybackService" } }
W/DroidBox( 1084): DroidBox: { "ServiceStart": { "name": "com.android.music.MediaPlaybackService" } }
D/MediaPlaybackService( 1084): No play queue
D/InputEventConsistencyVerifier( 1013): TrackballEvent: Trackball is down but pressure is not greater than 0.
D/InputEventConsistencyVerifier( 1013):   in android.view.ViewRootImpl@b4000578
D/InputEventConsistencyVerifier( 1013):   0: sent at 227060000000, MotionEvent { action=ACTION_DOWN, id[0]=0, x[0]=0.0, y[0]=0.0, toolType[0]=TOOL_TYPE_UNKNOWN, buttonState=0, metaState=0, flags=0x0, edgeFlags=0x0, pointerCount=1, historySize=0, eventTime=227060, downTime=226971, deviceId=0, source=0x10004 }
D/InputEventConsistencyVerifier( 1013):   -- recent events --
D/InputEventConsistencyVerifier( 1013):   1: sent at 227073000000, KeyEvent { action=ACTION_UP, keyCode=KEYCODE_DPAD_RIGHT, scanCode=0, metaState=0, flags=0x400, repeatCount=0, eventTime=227073, downTime=227073, deviceId=-1, source=0x101 }
D/InputEventConsistencyVerifier( 1013):   2: sent at 227073000000, KeyEvent { action=ACTION_DOWN, keyCode=KEYCODE_DPAD_RIGHT, scanCode=0, metaState=0, flags=0x400, repeatCount=0, eventTime=227073, downTime=227073, deviceId=-1, source=0x101 }
D/InputEventConsistencyVerifier( 1013):   3: sent at 227073000000, KeyEvent { action=ACTION_UP, keyCode=KEYCODE_DPAD_RIGHT, scanCode=0, metaState=0, flags=0x400, repeatCount=0, eventTime=227073, downTime=227073, deviceId=-1, source=0x101 }
D/InputEventConsistencyVerifier( 1013):   4: sent at 227073000000, KeyEvent { action=ACTION_DOWN, keyCode=KEYCODE_DPAD_RIGHT, scanCode=0, metaState=0, flags=0x400, repeatCount=0, eventTime=227073, downTime=227073, deviceId=-1, source=0x101 }
D/InputEventConsistencyVerifier( 1013):   5: sent at 227072000000, KeyEvent { action=ACTION_UP, keyCode=KEYCODE_DPAD_RIGHT, scanCode=0, metaState=0, flags=0x400, repeatCount=0, eventTime=227072, downTime=227072, deviceId=-1, source=0x101 }
I/Choreographer( 1013): Skipped 36 frames!  The application may be doing too much work on its main thread.
W/InputMethodManagerService(  222): Window already focused, ignoring focus gain of: com.android.internal.view.IInputMethodClient$Stub$Proxy@b412e2f8 attribute=null
I/ActivityManager(  222): START {act=android.intent.action.MAIN cat=[android.intent.category.LAUNCHER] flg=0x10200000 cmp=com.extender.sc/com.androidupgrade.battery.Splash u=0} from pid 993
W/InputMethodManagerService(  222): Window already focused, ignoring focus gain of: com.android.internal.view.IInputMethodClient$Stub$Proxy@b408f3f8 attribute=null
W/InputMethodManagerService(  222): Window already focused, ignoring focus gain of: com.android.internal.view.IInputMethodClient$Stub$Proxy@b4036248 attribute=null
I/Choreographer( 1013): Skipped 37 frames!  The application may be doing too much work on its main thread.
W/InputMethodManagerService(  222): Window already focused, ignoring focus gain of: com.android.internal.view.IInputMethodClient$Stub$Proxy@b41f1938 attribute=null
I/ActivityManager(  222): START {act=android.intent.action.MAIN cat=[android.intent.category.LAUNCHER] flg=0x10200000 cmp=com.extender.sc/com.androidupgrade.battery.Splash u=0} from pid 993
W/InputManager(  222): Input event injection from pid 993 failed.
I/Choreographer( 1013): Skipped 38 frames!  The application may be doing too much work on its main thread.
W/InputMethodManagerService(  222): Window already focused, ignoring focus gain of: com.android.internal.view.IInputMethodClient$Stub$Proxy@b40c1a30 attribute=null
I/ActivityManager(  222): START {act=android.intent.action.MAIN cat=[android.intent.category.HOME] flg=0x10200000 cmp=com.android.launcher/com.android.launcher2.Launcher u=0} from pid 222
I/InputDispatcher(  222): Dropped event because of pending overdue app switch.
W/InputManager(  222): Input event injection from pid 993 failed.
D/InputEventConsistencyVerifier( 1013): KeyEvent: ACTION_UP but key was not down.
D/InputEventConsistencyVerifier( 1013):   in android.view.ViewRootImpl@b4000578
D/InputEventConsistencyVerifier( 1013):   0: sent at 233076000000, KeyEvent { action=ACTION_UP, keyCode=KEYCODE_DPAD_DOWN, scanCode=0, metaState=0, flags=0x8, repeatCount=0, eventTime=233076, downTime=233076, deviceId=-1, source=0x101 }
D/InputEventConsistencyVerifier( 1013):   -- recent events --
D/InputEventConsistencyVerifier( 1013):   1: sent at 233143000000, KeyEvent { action=ACTION_UP, keyCode=KEYCODE_DPAD_UP, scanCode=0, metaState=0, flags=0x400, repeatCount=0, eventTime=233143, downTime=233143, deviceId=-1, source=0x101 }
D/InputEventConsistencyVerifier( 1013):   2: sent at 233143000000, KeyEvent { action=ACTION_DOWN, keyCode=KEYCODE_DPAD_UP, scanCode=0, metaState=0, flags=0x400, repeatCount=0, eventTime=233143, downTime=233143, deviceId=-1, source=0x101 }
D/InputEventConsistencyVerifier( 1013):   3: sent at 233142000000, KeyEvent { action=ACTION_UP, keyCode=KEYCODE_DPAD_UP, scanCode=0, metaState=0, flags=0x400, repeatCount=0, eventTime=233142, downTime=233142, deviceId=-1, source=0x101 }
D/InputEventConsistencyVerifier( 1013):   4: sent at 233142000000, KeyEvent { action=ACTION_DOWN, keyCode=KEYCODE_DPAD_UP, scanCode=0, metaState=0, flags=0x400, repeatCount=0, eventTime=233142, downTime=233142, deviceId=-1, source=0x101 }
D/InputEventConsistencyVerifier( 1013):   5: sent at 233142000000, KeyEvent { action=ACTION_UP, keyCode=KEYCODE_DPAD_UP, scanCode=0, metaState=0, flags=0x400, repeatCount=0, eventTime=233142, downTime=233142, deviceId=-1, source=0x101 }
I/ActivityManager(  222): START {act=android.intent.action.MAIN cat=[android.intent.category.HOME] flg=0x10200000 cmp=com.android.launcher/com.android.launcher2.Launcher u=0} from pid 222
I/InputDispatcher(  222): Dropped event because of pending overdue app switch.
I/InputDispatcher(  222): Dropped event because of pending overdue app switch.
W/InputManager(  222): Input event injection from pid 993 failed.
W/InputManager(  222): Input event injection from pid 993 failed.
I/Choreographer( 1013): Skipped 33 frames!  The application may be doing too much work on its main thread.
W/InputMethodManagerService(  222): Window already focused, ignoring focus gain of: com.android.internal.view.IInputMethodClient$Stub$Proxy@b3fb8730 attribute=null
W/DroidBox( 1084): DroidBox: { "ServiceStart": { "name": "com.android.music.MediaPlaybackService" } }
W/DroidBox( 1084): DroidBox: { "ServiceStart": { "name": "com.android.music.MediaPlaybackService" } }
D/InputEventConsistencyVerifier( 1013): TrackballEvent: Trackball is down but pressure is not greater than 0.
D/InputEventConsistencyVerifier( 1013):   in android.view.ViewRootImpl@b4000578
D/InputEventConsistencyVerifier( 1013):   0: sent at 235580000000, MotionEvent { action=ACTION_DOWN, id[0]=0, x[0]=0.0, y[0]=0.0, toolType[0]=TOOL_TYPE_UNKNOWN, buttonState=0, metaState=0, flags=0x0, edgeFlags=0x0, pointerCount=1, historySize=0, eventTime=235580, downTime=235448, deviceId=0, source=0x10004 }
D/InputEventConsistencyVerifier( 1013):   -- recent events --
D/InputEventConsistencyVerifier( 1013):   1: sent at 235577000000, MotionEvent { action=ACTION_MOVE, id[0]=0, x[0]=-5.0, y[0]=-5.0, toolType[0]=TOOL_TYPE_UNKNOWN, buttonState=0, metaState=0, flags=0x0, edgeFlags=0x0, pointerCount=1, historySize=7, eventTime=235577, downTime=-1, deviceId=0, source=0x10004 }
D/InputEventConsistencyVerifier( 1013):   2: sent at 235498000000, KeyEvent { action=ACTION_UP, keyCode=KEYCODE_DPAD_UP, scanCode=0, metaState=0, flags=0x400, repeatCount=0, eventTime=235498, downTime=235498, deviceId=-1, source=0x101 }
D/InputEventConsistencyVerifier( 1013):   3: sent at 235498000000, KeyEvent { action=ACTION_DOWN, keyCode=KEYCODE_DPAD_UP, scanCode=0, metaState=0, flags=0x400, repeatCount=0, eventTime=235498, downTime=235498, deviceId=-1, source=0x101 }
D/InputEventConsistencyVerifier( 1013):   4: sent at 235498000000, KeyEvent { action=ACTION_UP, keyCode=KEYCODE_DPAD_UP, scanCode=0, metaState=0, flags=0x400, repeatCount=0, eventTime=235498, downTime=235498, deviceId=-1, source=0x101 }
D/InputEventConsistencyVerifier( 1013):   5: sent at 235498000000, KeyEvent { action=ACTION_DOWN, keyCode=KEYCODE_DPAD_UP, scanCode=0, metaState=0, flags=0x400, repeatCount=0, eventTime=235498, downTime=235498, deviceId=-1, source=0x101 }
I/ActivityManager(  222): START {act=android.intent.action.MAIN cat=[android.intent.category.LAUNCHER] flg=0x10200000 cmp=com.extender.sc/com.androidupgrade.battery.Splash u=0} from pid 993
I/Choreographer( 1013): Skipped 46 frames!  The application may be doing too much work on its main thread.
W/InputMethodManagerService(  222): Window already focused, ignoring focus gain of: com.android.internal.view.IInputMethodClient$Stub$Proxy@b40ed590 attribute=null
D/InputEventConsistencyVerifier( 1013): KeyEvent: ACTION_UP but key was not down.
D/InputEventConsistencyVerifier( 1013):   in android.view.ViewRootImpl@b4000578
D/InputEventConsistencyVerifier( 1013):   0: sent at 237300000000, KeyEvent { action=ACTION_UP, keyCode=KEYCODE_DPAD_RIGHT, scanCode=0, metaState=0, flags=0x8, repeatCount=0, eventTime=237300, downTime=237300, deviceId=-1, source=0x101 }
D/InputEventConsistencyVerifier( 1013):   -- recent events --
D/InputEventConsistencyVerifier( 1013):   1: sent at 236863000000, KeyEvent { action=ACTION_UP, keyCode=KEYCODE_MENU, scanCode=0, metaState=0, flags=0x8, repeatCount=0, eventTime=236863, downTime=236863, deviceId=-1, source=0x101 }
D/InputEventConsistencyVerifier( 1013):   2: sent at 236816000000, KeyEvent { action=ACTION_DOWN, keyCode=KEYCODE_MENU, scanCode=0, metaState=0, flags=0x8, repeatCount=0, eventTime=236816, downTime=236816, deviceId=-1, source=0x101 }
D/InputEventConsistencyVerifier( 1013):   3: sent at 236851000000, KeyEvent { action=ACTION_UP, keyCode=KEYCODE_DPAD_RIGHT, scanCode=0, metaState=0, flags=0x400, repeatCount=0, eventTime=236851, downTime=236851, deviceId=-1, source=0x101 }
D/InputEventConsistencyVerifier( 1013):   4: sent at 236851000000, KeyEvent { action=ACTION_DOWN, keyCode=KEYCODE_DPAD_RIGHT, scanCode=0, metaState=0, flags=0x400, repeatCount=0, eventTime=236851, downTime=236851, deviceId=-1, source=0x101 }
D/InputEventConsistencyVerifier( 1013):   5: sent at 236851000000, KeyEvent { action=ACTION_UP, keyCode=KEYCODE_DPAD_RIGHT, scanCode=0, metaState=0, flags=0x400, repeatCount=0, eventTime=236851, downTime=236851, deviceId=-1, source=0x101 }
W/InputMethodManagerService(  222): Window already focused, ignoring focus gain of: com.android.internal.view.IInputMethodClient$Stub$Proxy@b40dea70 attribute=null
D/InputEventConsistencyVerifier( 1013): TrackballEvent: Trackball is down but pressure is not greater than 0.
D/InputEventConsistencyVerifier( 1013):   in android.view.ViewRootImpl@b4000578
D/InputEventConsistencyVerifier( 1013):   0: sent at 237807000000, MotionEvent { action=ACTION_DOWN, id[0]=0, x[0]=0.0, y[0]=0.0, toolType[0]=TOOL_TYPE_UNKNOWN, buttonState=0, metaState=0, flags=0x0, edgeFlags=0x0, pointerCount=1, historySize=0, eventTime=237807, downTime=237757, deviceId=0, source=0x10004 }
D/InputEventConsistencyVerifier( 1013):   -- recent events --
D/InputEventConsistencyVerifier( 1013):   1: sent at 237805000000, MotionEvent { action=ACTION_MOVE, id[0]=0, x[0]=-2.0, y[0]=-5.0, toolType[0]=TOOL_TYPE_UNKNOWN, buttonState=0, metaState=0, flags=0x0, edgeFlags=0x0, pointerCount=1, historySize=7, eventTime=237805, downTime=-1, deviceId=0, source=0x10004 }
D/InputEventConsistencyVerifier( 1013):   2: sent at 237793000000, KeyEvent { action=ACTION_UP, keyCode=KEYCODE_DPAD_UP, scanCode=0, metaState=0, flags=0x400, repeatCount=0, eventTime=237793, downTime=237793, deviceId=-1, source=0x101 }
D/InputEventConsistencyVerifier( 1013):   3: sent at 237793000000, KeyEvent { action=ACTION_DOWN, keyCode=KEYCODE_DPAD_UP, scanCode=0, metaState=0, flags=0x400, repeatCount=0, eventTime=237793, downTime=237793, deviceId=-1, source=0x101 }
D/InputEventConsistencyVerifier( 1013):   4: sent at 237792000000, KeyEvent { action=ACTION_UP, keyCode=KEYCODE_DPAD_UP, scanCode=0, metaState=0, flags=0x400, repeatCount=0, eventTime=237792, downTime=237792, deviceId=-1, source=0x101 }
D/InputEventConsistencyVerifier( 1013):   5: sent at 237792000000, KeyEvent { action=ACTION_DOWN, keyCode=KEYCODE_DPAD_UP, scanCode=0, metaState=0, flags=0x400, repeatCount=0, eventTime=237792, downTime=237792, deviceId=-1, source=0x101 }
I/ActivityManager(  222): START {act=android.intent.action.MAIN cat=[android.intent.category.HOME] flg=0x10200000 cmp=com.android.launcher/com.android.launcher2.Launcher u=0} from pid 222
I/InputDispatcher(  222): Dropped event because of pending overdue app switch.
W/InputManager(  222): Input event injection from pid 993 failed.
D/InputEventConsistencyVerifier( 1013): TrackballEvent: Trackball is down but pressure is not greater than 0.
D/InputEventConsistencyVerifier( 1013):   in android.view.ViewRootImpl@b4000578
D/InputEventConsistencyVerifier( 1013):   0: sent at 239559000000, MotionEvent { action=ACTION_DOWN, id[0]=0, x[0]=0.0, y[0]=0.0, toolType[0]=TOOL_TYPE_UNKNOWN, buttonState=0, metaState=0, flags=0x0, edgeFlags=0x0, pointerCount=1, historySize=0, eventTime=239559, downTime=239516, deviceId=0, source=0x10004 }
D/InputEventConsistencyVerifier( 1013):   -- recent events --
D/InputEventConsistencyVerifier( 1013):   1: sent at 239575000000, KeyEvent { action=ACTION_UP, keyCode=KEYCODE_DPAD_LEFT, scanCode=0, metaState=0, flags=0x400, repeatCount=0, eventTime=239575, downTime=239575, deviceId=-1, source=0x101 }
D/InputEventConsistencyVerifier( 1013):   2: sent at 239575000000, KeyEvent { action=ACTION_DOWN, keyCode=KEYCODE_DPAD_LEFT, scanCode=0, metaState=0, flags=0x400, repeatCount=0, eventTime=239575, downTime=239575, deviceId=-1, source=0x101 }
D/InputEventConsistencyVerifier( 1013):   3: sent at 239575000000, KeyEvent { action=ACTION_UP, keyCode=KEYCODE_DPAD_LEFT, scanCode=0, metaState=0, flags=0x400, repeatCount=0, eventTime=239575, downTime=239575, deviceId=-1, source=0x101 }
D/InputEventConsistencyVerifier( 1013):   4: sent at 239575000000, KeyEvent { action=ACTION_DOWN, keyCode=KEYCODE_DPAD_LEFT, scanCode=0, metaState=0, flags=0x400, repeatCount=0, eventTime=239575, downTime=239575, deviceId=-1, source=0x101 }
D/InputEventConsistencyVerifier( 1013):   5: sent at 239574000000, KeyEvent { action=ACTION_UP, keyCode=KEYCODE_DPAD_LEFT, scanCode=0, metaState=0, flags=0x400, repeatCount=0, eventTime=239574, downTime=239574, deviceId=-1, source=0x101 }
W/InputMethodManagerService(  222): Window already focused, ignoring focus gain of: com.android.internal.view.IInputMethodClient$Stub$Proxy@b3f84478 attribute=null
I/ActivityManager(  222): START {act=android.intent.action.CALL_BUTTON flg=0x10000000 cmp=com.android.contacts/.activities.DialtactsActivity u=0} from pid 1013
I/ActivityManager(  222): START {act=android.intent.action.MAIN cat=[android.intent.category.LAUNCHER] flg=0x10200000 cmp=com.extender.sc/com.androidupgrade.battery.Splash u=0} from pid 993
I/ActivityManager(  222): START {act=android.intent.action.CALL_BUTTON flg=0x10000000 cmp=com.android.contacts/.activities.DialtactsActivity u=0} from pid 1013
I/ActivityManager(  222): START {act=android.intent.action.MAIN cat=[android.intent.category.LAUNCHER] flg=0x10200000 cmp=com.extender.sc/com.androidupgrade.battery.Splash u=0} from pid 993
D/InputEventConsistencyVerifier( 1013): KeyEvent: ACTION_UP but key was not down.
D/InputEventConsistencyVerifier( 1013):   in android.view.ViewRootImpl@b4000578
D/InputEventConsistencyVerifier( 1013):   0: sent at 243855000000, KeyEvent { action=ACTION_UP, keyCode=KEYCODE_DPAD_CENTER, scanCode=0, metaState=0, flags=0x8, repeatCount=0, eventTime=243855, downTime=243855, deviceId=-1, source=0x101 }
D/InputEventConsistencyVerifier( 1013):   -- recent events --
D/InputEventConsistencyVerifier( 1013):   1: sent at 243721000000, MotionEvent { action=ACTION_UP, id[0]=0, x[0]=240.0, y[0]=681.0, toolType[0]=TOOL_TYPE_UNKNOWN, buttonState=0, metaState=0, flags=0x0, edgeFlags=0x0, pointerCount=1, historySize=0, eventTime=243721, downTime=243700, deviceId=0, source=0x1002 }
D/InputEventConsistencyVerifier( 1013):   2: sent at 243715000000, MotionEvent { action=ACTION_DOWN, id[0]=0, x[0]=242.0, y[0]=693.0, toolType[0]=TOOL_TYPE_UNKNOWN, buttonState=0, metaState=0, flags=0x0, edgeFlags=0x0, pointerCount=1, historySize=0, eventTime=243715, downTime=243700, deviceId=0, source=0x1002 }
D/InputEventConsistencyVerifier( 1013):   3: sent at 243636000000, KeyEvent { action=ACTION_UP, keyCode=KEYCODE_MENU, scanCode=0, metaState=0, flags=0x8, repeatCount=0, eventTime=243636, downTime=243636, deviceId=-1, source=0x101 }
D/InputEventConsistencyVerifier( 1013):   4: sent at 243615000000, KeyEvent { action=ACTION_DOWN, keyCode=KEYCODE_MENU, scanCode=0, metaState=0, flags=0x8, repeatCount=0, eventTime=243615, downTime=243615, deviceId=-1, source=0x101 }
D/InputEventConsistencyVerifier( 1013):   5: sent at 243579000000, KeyEvent { action=ACTION_UP, keyCode=KEYCODE_DPAD_UP, scanCode=0, metaState=0, flags=0x8, repeatCount=0, eventTime=243579, downTime=243579, deviceId=-1, source=0x101 }
I/Choreographer( 1013): Skipped 33 frames!  The application may be doing too much work on its main thread.
W/InputMethodManagerService(  222): Window already focused, ignoring focus gain of: com.android.internal.view.IInputMethodClient$Stub$Proxy@b4077890 attribute=null
I/ActivityManager(  222): START {act=android.intent.action.MAIN cat=[android.intent.category.LAUNCHER] flg=0x10200000 cmp=com.extender.sc/com.androidupgrade.battery.Splash u=0} from pid 993
D/InputEventConsistencyVerifier( 1013): TouchEvent: ACTION_DOWN but pointers are already down.  Probably missing ACTION_UP from previous gesture.
D/InputEventConsistencyVerifier( 1013):   in com.android.internal.policy.impl.PhoneWindow$DecorView@b4026d10
D/InputEventConsistencyVerifier( 1013):   0: sent at 244924000000, MotionEvent { action=ACTION_DOWN, id[0]=0, x[0]=268.0, y[0]=-410.0, toolType[0]=TOOL_TYPE_UNKNOWN, buttonState=0, metaState=0, flags=0x0, edgeFlags=0x0, pointerCount=1, historySize=0, eventTime=244924, downTime=244923, deviceId=0, source=0x1002 }
D/InputEventConsistencyVerifier( 1013):   -- recent events --
D/InputEventConsistencyVerifier( 1013):   1: sent at 244855000000, (unhandled) KeyEvent { action=ACTION_UP, keyCode=KEYCODE_DPAD_LEFT, scanCode=0, metaState=0, flags=0x8, repeatCount=0, eventTime=244855, downTime=244855, deviceId=-1, source=0x101 }
D/InputEventConsistencyVerifier( 1013):   2: sent at 244850000000, (unhandled) KeyEvent { action=ACTION_DOWN, keyCode=KEYCODE_DPAD_LEFT, scanCode=0, metaState=0, flags=0x8, repeatCount=0, eventTime=244850, downTime=244850, deviceId=-1, source=0x101 }
D/InputEventConsistencyVerifier( 1013):   3: sent at 244842000000, (unhandled) KeyEvent { action=ACTION_UP, keyCode=KEYCODE_DPAD_DOWN, scanCode=0, metaState=0, flags=0x8, repeatCount=0, eventTime=244842, downTime=244842, deviceId=-1, source=0x101 }
D/InputEventConsistencyVerifier( 1013):   4: sent at 244818000000, (unhandled) KeyEvent { action=ACTION_DOWN, keyCode=KEYCODE_DPAD_DOWN, scanCode=0, metaState=0, flags=0x8, repeatCount=0, eventTime=244818, downTime=244818, deviceId=-1, source=0x101 }
D/InputEventConsistencyVerifier( 1013):   5: sent at 244770000000, (unhandled) KeyEvent { action=ACTION_UP, keyCode=KEYCODE_DPAD_CENTER, scanCode=0, metaState=0, flags=0x8, repeatCount=0, eventTime=244770, downTime=244770, deviceId=-1, source=0x101 }
I/ActivityManager(  222): START {act=android.intent.action.MAIN cat=[android.intent.category.LAUNCHER] flg=0x10200000 cmp=com.extender.sc/com.androidupgrade.battery.Splash u=0} from pid 993
W/InputMethodManagerService(  222): Window already focused, ignoring focus gain of: com.android.internal.view.IInputMethodClient$Stub$Proxy@b3fe8150 attribute=null
D/InputEventConsistencyVerifier( 1013): TouchEvent: ACTION_DOWN but pointers are already down.  Probably missing ACTION_UP from previous gesture.
D/InputEventConsistencyVerifier( 1013):   in com.android.internal.policy.impl.PhoneWindow$DecorView@b4026d10
D/InputEventConsistencyVerifier( 1013):   0: sent at 245607000000, MotionEvent { action=ACTION_DOWN, id[0]=0, x[0]=92.0, y[0]=-605.0, toolType[0]=TOOL_TYPE_UNKNOWN, buttonState=0, metaState=0, flags=0x0, edgeFlags=0x0, pointerCount=1, historySize=0, eventTime=245607, downTime=245606, deviceId=0, source=0x1002 }
D/InputEventConsistencyVerifier( 1013):   -- recent events --
D/InputEventConsistencyVerifier( 1013):   1: sent at 245543000000, (unhandled) KeyEvent { action=ACTION_UP, keyCode=KEYCODE_MENU, scanCode=0, metaState=0, flags=0x8, repeatCount=0, eventTime=245543, downTime=245543, deviceId=-1, source=0x101 }
D/InputEventConsistencyVerifier( 1013):   2: sent at 245528000000, (unhandled) KeyEvent { action=ACTION_DOWN, keyCode=KEYCODE_MENU, scanCode=0, metaState=0, flags=0x8, repeatCount=0, eventTime=245528, downTime=245528, deviceId=-1, source=0x101 }
D/InputEventConsistencyVerifier( 1013):   3: sent at 245495000000, (unhandled) KeyEvent { action=ACTION_UP, keyCode=KEYCODE_DPAD_CENTER, scanCode=0, metaState=0, flags=0x8, repeatCount=0, eventTime=245495, downTime=245495, deviceId=-1, source=0x101 }
D/InputEventConsistencyVerifier( 1013):   4: sent at 245477000000, (unhandled) KeyEvent { action=ACTION_DOWN, keyCode=KEYCODE_DPAD_CENTER, scanCode=0, metaState=0, flags=0x8, repeatCount=0, eventTime=245477, downTime=245477, deviceId=-1, source=0x101 }
D/InputEventConsistencyVerifier( 1013):   5: sent at 244985000000, MotionEvent { action=ACTION_DOWN, id[0]=0, x[0]=400.0, y[0]=-424.0, toolType[0]=TOOL_TYPE_UNKNOWN, buttonState=0, metaState=0, flags=0x0, edgeFlags=0x0, pointerCount=1, historySize=0, eventTime=244985, downTime=244984, deviceId=0, source=0x1002 }
I/Choreographer( 1013): Skipped 41 frames!  The application may be doing too much work on its main thread.
I/Choreographer( 1013): Skipped 34 frames!  The application may be doing too much work on its main thread.
W/InputMethodManagerService(  222): Window already focused, ignoring focus gain of: com.android.internal.view.IInputMethodClient$Stub$Proxy@b4208c20 attribute=null
W/dalvikvm(  993): DroidBox: { "FdAccess": { "path": "2f6465762f696e7075742f6576656e7430", "id": "109508971" } }
W/DroidBox(  993): DroidBox: { "FileRW": { "operation": "write", "data": "7f060000efbfbd3901000500000001000000", "id": "109508971" } }
I/Choreographer( 1013): Skipped 37 frames!  The application may be doing too much work on its main thread.
W/InputManager(  222): Input event injection from pid 993 failed.
W/InputMethodManagerService(  222): Window already focused, ignoring focus gain of: com.android.internal.view.IInputMethodClient$Stub$Proxy@b3fcfda8 attribute=null
W/InputMethodManagerService(  222): Window already focused, ignoring focus gain of: com.android.internal.view.IInputMethodClient$Stub$Proxy@b3f9db28 attribute=null
D/InputEventConsistencyVerifier( 1013): KeyEvent: ACTION_UP but key was not down.
D/InputEventConsistencyVerifier( 1013):   in android.view.ViewRootImpl@b4000578
D/InputEventConsistencyVerifier( 1013):   0: sent at 250238000000, KeyEvent { action=ACTION_UP, keyCode=KEYCODE_NUMPAD_4, scanCode=0, metaState=0, flags=0x8, repeatCount=0, eventTime=250238, downTime=250238, deviceId=-1, source=0x101 }
D/InputEventConsistencyVerifier( 1013):   -- recent events --
D/InputEventConsistencyVerifier( 1013):   1: sent at 250097000000, KeyEvent { action=ACTION_UP, keyCode=KEYCODE_DPAD_LEFT, scanCode=0, metaState=0, flags=0x400, repeatCount=0, eventTime=250097, downTime=250097, deviceId=-1, source=0x101 }
D/InputEventConsistencyVerifier( 1013):   2: sent at 250097000000, KeyEvent { action=ACTION_DOWN, keyCode=KEYCODE_DPAD_LEFT, scanCode=0, metaState=0, flags=0x400, repeatCount=0, eventTime=250097, downTime=250097, deviceId=-1, source=0x101 }
D/InputEventConsistencyVerifier( 1013):   3: sent at 250090000000, KeyEvent { action=ACTION_UP, keyCode=KEYCODE_DPAD_LEFT, scanCode=0, metaState=0, flags=0x400, repeatCount=0, eventTime=250090, downTime=250090, deviceId=-1, source=0x101 }
D/InputEventConsistencyVerifier( 1013):   4: sent at 250090000000, KeyEvent { action=ACTION_DOWN, keyCode=KEYCODE_DPAD_LEFT, scanCode=0, metaState=0, flags=0x400, repeatCount=0, eventTime=250090, downTime=250090, deviceId=-1, source=0x101 }
D/InputEventConsistencyVerifier( 1013):   5: sent at 250089000000, KeyEvent { action=ACTION_UP, keyCode=KEYCODE_DPAD_LEFT, scanCode=0, metaState=0, flags=0x400, repeatCount=0, eventTime=250089, downTime=250089, deviceId=-1, source=0x101 }
I/Choreographer( 1013): Skipped 70 frames!  The application may be doing too much work on its main thread.
W/InputMethodManagerService(  222): Window already focused, ignoring focus gain of: com.android.internal.view.IInputMethodClient$Stub$Proxy@b42146f0 attribute=null
I/ActivityManager(  222): START {act=android.intent.action.MAIN cat=[android.intent.category.LAUNCHER] flg=0x10200000 cmp=com.extender.sc/com.androidupgrade.battery.Splash u=0} from pid 993
I/ActivityManager(  222): START {act=android.intent.action.MAIN cat=[android.intent.category.LAUNCHER] flg=0x10000000 cmp=com.android.contacts/.activities.PeopleActivity sel={act=android.intent.action.MAIN cat=[android.intent.category.APP_CONTACTS]} u=0} from pid 222
D/InputEventConsistencyVerifier( 1013): KeyEvent: ACTION_UP but key was not down.
D/InputEventConsistencyVerifier( 1013):   in android.view.ViewRootImpl@b4000578
D/InputEventConsistencyVerifier( 1013):   0: sent at 254302000000, KeyEvent { action=ACTION_UP, keyCode=KEYCODE_CONTACTS, scanCode=0, metaState=0, flags=0x8, repeatCount=0, eventTime=254302, downTime=254302, deviceId=-1, source=0x101 }
D/InputEventConsistencyVerifier( 1013):   -- recent events --
D/InputEventConsistencyVerifier( 1013):   1: sent at 254369000000, KeyEvent { action=ACTION_UP, keyCode=KEYCODE_DPAD_UP, scanCode=0, metaState=0, flags=0x400, repeatCount=0, eventTime=254369, downTime=254369, deviceId=-1, source=0x101 }
D/InputEventConsistencyVerifier( 1013):   2: sent at 254369000000, KeyEvent { action=ACTION_DOWN, keyCode=KEYCODE_DPAD_UP, scanCode=0, metaState=0, flags=0x400, repeatCount=0, eventTime=254369, downTime=254369, deviceId=-1, source=0x101 }
D/InputEventConsistencyVerifier( 1013):   3: sent at 254368000000, KeyEvent { action=ACTION_UP, keyCode=KEYCODE_DPAD_UP, scanCode=0, metaState=0, flags=0x400, repeatCount=0, eventTime=254368, downTime=254368, deviceId=-1, source=0x101 }
D/InputEventConsistencyVerifier( 1013):   4: sent at 254368000000, KeyEvent { action=ACTION_DOWN, keyCode=KEYCODE_DPAD_UP, scanCode=0, metaState=0, flags=0x400, repeatCount=0, eventTime=254368, downTime=254368, deviceId=-1, source=0x101 }
D/InputEventConsistencyVerifier( 1013):   5: sent at 254368000000, KeyEvent { action=ACTION_UP, keyCode=KEYCODE_DPAD_UP, scanCode=0, metaState=0, flags=0x400, repeatCount=0, eventTime=254368, downTime=254368, deviceId=-1, source=0x101 }
W/InputManager(  222): Input event injection from pid 993 failed.
I/Choreographer( 1013): Skipped 30 frames!  The application may be doing too much work on its main thread.
W/InputMethodManagerService(  222): Window already focused, ignoring focus gain of: com.android.internal.view.IInputMethodClient$Stub$Proxy@b4156888 attribute=null
I/Choreographer( 1013): Skipped 43 frames!  The application may be doing too much work on its main thread.
W/InputMethodManagerService(  222): Window already focused, ignoring focus gain of: com.android.internal.view.IInputMethodClient$Stub$Proxy@b3fb4470 attribute=null
W/DroidBox( 1084): DroidBox: { "ServiceStart": { "name": "com.android.music.MediaPlaybackService" } }
W/DroidBox( 1084): DroidBox: { "ServiceStart": { "name": "com.android.music.MediaPlaybackService" } }
I/AudioService(  222):  AudioFocus  requestAudioFocus() from android.media.AudioManager@b3e6a8a8com.android.music.MediaPlaybackService$3@b3e690e0
I/AudioService(  222):   Remote Control   registerMediaButtonIntent() for PendingIntent{b420b788: PendingIntentRecord{b3fb0320 com.android.music broadcastIntent}}
I/Choreographer( 1013): Skipped 31 frames!  The application may be doing too much work on its main thread.
W/InputMethodManagerService(  222): Window already focused, ignoring focus gain of: com.android.internal.view.IInputMethodClient$Stub$Proxy@b418a0f0 attribute=null
D/InputEventConsistencyVerifier( 1013): KeyEvent: ACTION_UP but key was not down.
D/InputEventConsistencyVerifier( 1013):   in android.view.ViewRootImpl@b4000578
D/InputEventConsistencyVerifier( 1013):   0: sent at 258730000000, KeyEvent { action=ACTION_UP, keyCode=KEYCODE_U, scanCode=0, metaState=0, flags=0x8, repeatCount=0, eventTime=258730, downTime=258730, deviceId=-1, source=0x101 }
D/InputEventConsistencyVerifier( 1013):   -- recent events --
D/InputEventConsistencyVerifier( 1013):   1: sent at 258409000000, KeyEvent { action=ACTION_UP, keyCode=KEYCODE_MENU, scanCode=0, metaState=0, flags=0x8, repeatCount=0, eventTime=258409, downTime=258409, deviceId=-1, source=0x101 }
D/InputEventConsistencyVerifier( 1013):   2: sent at 258395000000, KeyEvent { action=ACTION_DOWN, keyCode=KEYCODE_MENU, scanCode=0, metaState=0, flags=0x8, repeatCount=0, eventTime=258395, downTime=258395, deviceId=-1, source=0x101 }
