W/DroidBox(  383): DroidBox: { "FileRW": { "operation": "read", "data": "4d656d546f74616c3a202020202020202020373438393634206b420a4d656d467265653a20202020202020202020343339383136206b420a427566666572733a20202020202020202020202035353034206b420a4361636865643a202020202020202020", "id": "759562486" } }
D/InputEventConsistencyVerifier( 1013): KeyEvent: ACTION_UP but key was not down.
D/InputEventConsistencyVerifier( 1013):   in android.view.ViewRootImpl@b3fed2e0
D/InputEventConsistencyVerifier( 1013):   0: sent at 109666000000, KeyEvent { action=ACTION_UP, keyCode=KEYCODE_DPAD_UP, scanCode=0, metaState=0, flags=0x8, repeatCount=0, eventTime=109666, downTime=109666, deviceId=-1, source=0x101 }
V/PhoneStatusBar(  383): setLightsOn(true)
D/PhoneStatusBar(  383): disable: < expand icons alerts ticker* system_info back home recent clock >
E/WVMExtractor(   60): Failed to open libwvm.so
I/Choreographer( 1013): Skipped 78 frames!  The application may be doing too much work on its main thread.
E/WVMExtractor(   60): Failed to open libwvm.so
E/Trace   ( 1084): error opening trace file: No such file or directory (2)
W/DroidBox( 1084): DroidBox: { "DexClassLoader": { "path": "/system/app/Music.apk" } }
I/ActivityManager(  222): START {cmp=com.extender.sc/com.androidupgrade.battery.RatingActivity u=0} from pid 1013
W/WindowManager(  222): Failure taking screenshot for (246x410) to layer 21015
W/DroidBox( 1084): DroidBox: { "ServiceStart": { "name": "com.android.music.MediaPlaybackService" } }
W/DroidBox( 1084): DroidBox: { "ServiceStart": { "name": "com.android.music.MediaPlaybackService" } }
D/InputEventConsistencyVerifier( 1013): KeyEvent: ACTION_UP but key was not down.
D/InputEventConsistencyVerifier( 1013):   in android.widget.TabWidget@b401ab98
D/InputEventConsistencyVerifier( 1013):   0: sent at 109892000000, KeyEvent { action=ACTION_UP, keyCode=KEYCODE_CALL, scanCode=0, metaState=0, flags=0x8, repeatCount=0, eventTime=109892, downTime=109892, deviceId=-1, source=0x101 }
D/InputEventConsistencyVerifier( 1013):   -- recent events --
D/InputEventConsistencyVerifier( 1013):   1: sent at 109666000000, (unhandled) KeyEvent { action=ACTION_UP, keyCode=KEYCODE_DPAD_UP, scanCode=0, metaState=0, flags=0x80000008, repeatCount=0, eventTime=109666, downTime=109666, deviceId=-1, source=0x101 }
W/InputMethodManagerService(  222): Starting input on non-focused client com.android.internal.view.IInputMethodClient$Stub$Proxy@b42003f0 (uid=10050 pid=1013)
E/WVMExtractor(   60): Failed to open libwvm.so
W/BackupManagerService(  222): dataChanged but no participant pkg='com.android.providers.settings' uid=10011
E/WVMExtractor(   60): Failed to open libwvm.so
I/AudioService(  222):   Remote Control   registerMediaButtonIntent() for PendingIntent{b421a218: PendingIntentRecord{b3fb0320 com.android.music broadcastIntent}}
E/MetadataRetrieverClient(   60): failed to extract an album art
V/PhoneStatusBar(  383): setLightsOn(true)
I/Choreographer( 1013): Skipped 78 frames!  The application may be doing too much work on its main thread.
E/WVMExtractor(   60): Failed to open libwvm.so
I/ActivityManager(  222): Displayed com.extender.sc/com.androidupgrade.battery.RatingActivity: +1s495ms
I/Choreographer( 1013): Skipped 30 frames!  The application may be doing too much work on its main thread.
D/gralloc_goldfish(  437): Emulator without GPU emulation detected.
I/dalvikvm-heap(  437): Grow heap (frag case) to 10.139MB for 591376-byte allocation
E/WVMExtractor(   60): Failed to open libwvm.so
E/WVMExtractor(   60): Failed to open libwvm.so
D/InputEventConsistencyVerifier(  383): TouchEvent: ACTION_DOWN but pointers are already down.  Probably missing ACTION_UP from previous gesture.
D/InputEventConsistencyVerifier(  383):   in android.view.ScaleGestureDetector@b3f2ada0
D/InputEventConsistencyVerifier(  383):   0: sent at 114335000000, MotionEvent { action=ACTION_DOWN, id[0]=0, x[0]=335.0, y[0]=23.0, toolType[0]=TOOL_TYPE_UNKNOWN, buttonState=0, metaState=0, flags=0x0, edgeFlags=0x0, pointerCount=1, historySize=0, eventTime=114335, downTime=114333, deviceId=0, source=0x1002 }
D/InputEventConsistencyVerifier(  383):   -- recent events --
D/InputEventConsistencyVerifier(  383):   1: sent at 109548000000, MotionEvent { action=ACTION_DOWN, id[0]=0, x[0]=214.0, y[0]=671.0, toolType[0]=TOOL_TYPE_UNKNOWN, buttonState=0, metaState=0, flags=0x80000000, edgeFlags=0x0, pointerCount=1, historySize=0, eventTime=109548, downTime=109547, deviceId=0, source=0x1002 }
D/InputEventConsistencyVerifier(  383):   2: sent at 109505000000, MotionEvent { action=ACTION_DOWN, id[0]=0, x[0]=62.0, y[0]=722.0, toolType[0]=TOOL_TYPE_UNKNOWN, buttonState=0, metaState=0, flags=0x0, edgeFlags=0x0, pointerCount=1, historySize=0, eventTime=109505, downTime=109504, deviceId=0, source=0x1002 }
D/InputEventConsistencyVerifier(  383):   3: sent at 109107000000, MotionEvent { action=ACTION_UP, id[0]=0, x[0]=134.0, y[0]=130.0, toolType[0]=TOOL_TYPE_UNKNOWN, buttonState=0, metaState=0, flags=0x0, edgeFlags=0x0, pointerCount=1, historySize=0, eventTime=109107, downTime=109101, deviceId=0, source=0x1002 }
D/InputEventConsistencyVerifier(  383):   4: sent at 109101000000, MotionEvent { action=ACTION_DOWN, id[0]=0, x[0]=132.0, y[0]=148.0, toolType[0]=TOOL_TYPE_UNKNOWN, buttonState=0, metaState=0, flags=0x0, edgeFlags=0x0, pointerCount=1, historySize=0, eventTime=109101, downTime=109101, deviceId=0, source=0x1002 }
D/InputEventConsistencyVerifier(  383):   5: sent at 109094000000, MotionEvent { action=ACTION_UP, id[0]=0, x[0]=218.0, y[0]=606.0, toolType[0]=TOOL_TYPE_UNKNOWN, buttonState=0, metaState=0, flags=0x0, edgeFlags=0x0, pointerCount=1, historySize=0, eventTime=109094, downTime=109079, deviceId=0, source=0x1002 }
W/dalvikvm(  383): DroidBox: { "FdAccess": { "path": "2f70726f632f6d656d696e666f", "id": "1178415090" } }
W/DroidBox(  383): DroidBox: { "FileRW": { "operation": "read", "data": "4d656d546f74616c3a202020202020202020373438393634206b420a4d656d467265653a20202020202020202020343238363038206b420a427566666572733a20202020202020202020202035353238206b420a4361636865643a202020202020202020", "id": "1178415090" } }
I/Choreographer(  383): Skipped 35 frames!  The application may be doing too much work on its main thread.
W/dalvikvm(  383): DroidBox: { "FdAccess": { "path": "2f70726f632f6d656d696e666f", "id": "270449312" } }
W/DroidBox(  383): DroidBox: { "FileRW": { "operation": "read", "data": "4d656d546f74616c3a202020202020202020373438393634206b420a4d656d467265653a20202020202020202020343238343834206b420a427566666572733a20202020202020202020202035353238206b420a4361636865643a202020202020202020", "id": "270449312" } }
D/InputEventConsistencyVerifier(  383): TrackballEvent: Trackball is down but pressure is not greater than 0.
D/InputEventConsistencyVerifier(  383):   in android.view.ViewRootImpl@b3f1cbc0
D/InputEventConsistencyVerifier(  383):   0: sent at 114588000000, MotionEvent { action=ACTION_DOWN, id[0]=0, x[0]=0.0, y[0]=0.0, toolType[0]=TOOL_TYPE_UNKNOWN, buttonState=0, metaState=0, flags=0x0, edgeFlags=0x0, pointerCount=1, historySize=0, eventTime=114588, downTime=114432, deviceId=0, source=0x10004 }
D/InputEventConsistencyVerifier(  383):   -- recent events --
D/InputEventConsistencyVerifier(  383):   1: sent at 114586000000, MotionEvent { action=ACTION_MOVE, id[0]=0, x[0]=-1.0, y[0]=-1.0, toolType[0]=TOOL_TYPE_UNKNOWN, buttonState=0, metaState=0, flags=0x0, edgeFlags=0x0, pointerCount=1, historySize=3, eventTime=114586, downTime=-1, deviceId=0, source=0x10004 }
D/InputEventConsistencyVerifier(  383):   2: sent at 114376000000, MotionEvent { action=ACTION_UP, id[0]=0, x[0]=376.0, y[0]=48.0, toolType[0]=TOOL_TYPE_UNKNOWN, buttonState=0, metaState=0, flags=0x0, edgeFlags=0x0, pointerCount=1, historySize=0, eventTime=114376, downTime=114333, deviceId=0, source=0x1002 }
D/InputEventConsistencyVerifier(  383):   3: sent at 114370000000, MotionEvent { action=ACTION_POINTER_UP(1), id[0]=0, x[0]=358.0, y[0]=39.0, toolType[0]=TOOL_TYPE_UNKNOWN, id[1]=1, x[1]=456.0, y[1]=43.0, toolType[1]=TOOL_TYPE_UNKNOWN, buttonState=0, metaState=0, flags=0x0, edgeFlags=0x0, pointerCount=2, historySize=0, eventTime=114370, downTime=114333, deviceId=0, source=0x1002 }
D/InputEventConsistencyVerifier(  383):   4: sent at 114352000000, MotionEvent { action=ACTION_MOVE, id[0]=0, x[0]=346.0, y[0]=38.0, toolType[0]=TOOL_TYPE_UNKNOWN, id[1]=1, x[1]=451.0, y[1]=45.0, toolType[1]=TOOL_TYPE_UNKNOWN, buttonState=0, metaState=0, flags=0x0, edgeFlags=0x0, pointerCount=2, historySize=0, eventTime=114352, downTime=114333, deviceId=0, source=0x1002 }
D/InputEventConsistencyVerifier(  383):   5: sent at 114344000000, MotionEvent { action=ACTION_POINTER_DOWN(1), id[0]=0, x[0]=344.0, y[0]=31.0, toolType[0]=TOOL_TYPE_UNKNOWN, id[1]=1, x[1]=437.0, y[1]=46.0, toolType[1]=TOOL_TYPE_UNKNOWN, buttonState=0, metaState=0, flags=0x0, edgeFlags=0x0, pointerCount=2, historySize=0, eventTime=114344, downTime=114333, deviceId=0, source=0x1002 }
D/InputEventConsistencyVerifier(  383): TrackballEvent: ACTION_UP but trackball is not down.
D/InputEventConsistencyVerifier(  383):   in com.android.systemui.statusbar.phone.PhoneStatusBarView@b3e8d408
D/InputEventConsistencyVerifier(  383):   0: sent at 114589000000, MotionEvent { action=ACTION_UP, id[0]=0, x[0]=0.0, y[0]=0.0, toolType[0]=TOOL_TYPE_UNKNOWN, buttonState=0, metaState=0, flags=0x0, edgeFlags=0x0, pointerCount=1, historySize=0, eventTime=114589, downTime=114432, deviceId=0, source=0x10004 }
D/InputEventConsistencyVerifier(  383):   -- recent events --
D/InputEventConsistencyVerifier(  383):   1: sent at 114376000000, MotionEvent { action=ACTION_UP, id[0]=0, x[0]=376.0, y[0]=48.0, toolType[0]=TOOL_TYPE_UNKNOWN, buttonState=0, metaState=0, flags=0x0, edgeFlags=0x0, pointerCount=1, historySize=0, eventTime=114376, downTime=114333, deviceId=0, source=0x1002 }
D/InputEventConsistencyVerifier(  383):   2: sent at 114370000000, MotionEvent { action=ACTION_POINTER_UP(1), id[0]=0, x[0]=358.0, y[0]=39.0, toolType[0]=TOOL_TYPE_UNKNOWN, id[1]=1, x[1]=456.0, y[1]=43.0, toolType[1]=TOOL_TYPE_UNKNOWN, buttonState=0, metaState=0, flags=0x0, edgeFlags=0x0, pointerCount=2, historySize=0, eventTime=114370, downTime=114333, deviceId=0, source=0x1002 }
D/InputEventConsistencyVerifier(  383):   3: sent at 114352000000, MotionEvent { action=ACTION_MOVE, id[0]=0, x[0]=346.0, y[0]=38.0, toolType[0]=TOOL_TYPE_UNKNOWN, id[1]=1, x[1]=451.0, y[1]=45.0, toolType[1]=TOOL_TYPE_UNKNOWN, buttonState=0, metaState=0, flags=0x0, edgeFlags=0x0, pointerCount=2, historySize=0, eventTime=114352, downTime=114333, deviceId=0, source=0x1002 }
D/InputEventConsistencyVerifier(  383):   4: sent at 114344000000, MotionEvent { action=ACTION_POINTER_DOWN(1), id[0]=0, x[0]=344.0, y[0]=31.0, toolType[0]=TOOL_TYPE_UNKNOWN, id[1]=1, x[1]=437.0, y[1]=46.0, toolType[1]=TOOL_TYPE_UNKNOWN, buttonState=0, metaState=0, flags=0x0, edgeFlags=0x0, pointerCount=2, historySize=0, eventTime=114344, downTime=114333, deviceId=0, source=0x1002 }
D/InputEventConsistencyVerifier(  383):   5: sent at 114335000000, MotionEvent { action=ACTION_DOWN, id[0]=0, x[0]=335.0, y[0]=23.0, toolType[0]=TOOL_TYPE_UNKNOWN, buttonState=0, metaState=0, flags=0x80000000, edgeFlags=0x0, pointerCount=1, historySize=0, eventTime=114335, downTime=114333, deviceId=0, source=0x1002 }
D/InputEventConsistencyVerifier(  383): KeyEvent: ACTION_UP but key was not down.
D/InputEventConsistencyVerifier(  383):   in com.android.systemui.statusbar.phone.StatusBarWindowView@b3e8b470
D/InputEventConsistencyVerifier(  383):   0: sent at 114663000000, KeyEvent { action=ACTION_UP, keyCode=KEYCODE_DPAD_CENTER, scanCode=0, metaState=0, flags=0x400, repeatCount=0, eventTime=114663, downTime=114663, deviceId=-1, source=0x101 }
D/InputEventConsistencyVerifier(  383):   -- recent events --
D/InputEventConsistencyVerifier(  383):   1: sent at 114589000000, (unhandled) MotionEvent { action=ACTION_UP, id[0]=0, x[0]=0.0, y[0]=0.0, toolType[0]=TOOL_TYPE_UNKNOWN, buttonState=0, metaState=0, flags=0x0, edgeFlags=0x0, pointerCount=1, historySize=0, eventTime=114589, downTime=114432, deviceId=0, source=0x10004 }
D/InputEventConsistencyVerifier(  383):   2: sent at 114588000000, (unhandled) MotionEvent { action=ACTION_DOWN, id[0]=0, x[0]=0.0, y[0]=0.0, toolType[0]=TOOL_TYPE_UNKNOWN, buttonState=0, metaState=0, flags=0x80000000, edgeFlags=0x0, pointerCount=1, historySize=0, eventTime=114588, downTime=114432, deviceId=0, source=0x10004 }
D/InputEventConsistencyVerifier(  383):   3: sent at 114586000000, (unhandled) MotionEvent { action=ACTION_MOVE, id[0]=0, x[0]=-1.0, y[0]=-1.0, toolType[0]=TOOL_TYPE_UNKNOWN, buttonState=0, metaState=0, flags=0x0, edgeFlags=0x0, pointerCount=1, historySize=3, eventTime=114586, downTime=-1, deviceId=0, source=0x10004 }
D/InputEventConsistencyVerifier(  383):   4: sent at 114376000000, MotionEvent { action=ACTION_UP, id[0]=0, x[0]=376.0, y[0]=48.0, toolType[0]=TOOL_TYPE_UNKNOWN, buttonState=0, metaState=0, flags=0x0, edgeFlags=0x0, pointerCount=1, historySize=0, eventTime=114376, downTime=114333, deviceId=0, source=0x1002 }
D/InputEventConsistencyVerifier(  383):   5: sent at 114370000000, MotionEvent { action=ACTION_POINTER_UP(1), id[0]=0, x[0]=358.0, y[0]=39.0, toolType[0]=TOOL_TYPE_UNKNOWN, id[1]=1, x[1]=456.0, y[1]=43.0, toolType[1]=TOOL_TYPE_UNKNOWN, buttonState=0, metaState=0, flags=0x0, edgeFlags=0x0, pointerCount=2, historySize=0, eventTime=114370, downTime=114333, deviceId=0, source=0x1002 }
I/Choreographer(  383): Skipped 50 frames!  The application may be doing too much work on its main thread.
W/dalvikvm(  383): DroidBox: { "FdAccess": { "path": "2f70726f632f6d656d696e666f", "id": "1647202923" } }
W/DroidBox(  383): DroidBox: { "FileRW": { "operation": "read", "data": "4d656d546f74616c3a202020202020202020373438393634206b420a4d656d467265653a20202020202020202020343238333630206b420a427566666572733a20202020202020202020202035353238206b420a4361636865643a202020202020202020", "id": "1647202923" } }
W/dalvikvm(  383): DroidBox: { "FdAccess": { "path": "2f70726f632f6d656d696e666f", "id": "1965387567" } }
D/PhoneStatusBar(  383): disable: < expand icons alerts TICKER* system_info back home recent clock >
W/DroidBox(  383): DroidBox: { "FileRW": { "operation": "read", "data": "4d656d546f74616c3a202020202020202020373438393634206b420a4d656d467265653a20202020202020202020343238333630206b420a427566666572733a20202020202020202020202035353238206b420a4361636865643a202020202020202020", "id": "1965387567" } }
I/Choreographer(  383): Skipped 41 frames!  The application may be doing too much work on its main thread.
D/InputEventConsistencyVerifier(  383): KeyEvent: ACTION_UP but key was not down.
D/InputEventConsistencyVerifier(  383):   in com.android.systemui.statusbar.phone.StatusBarWindowView@b3e8b470
D/InputEventConsistencyVerifier(  383):   0: sent at 115020000000, KeyEvent { action=ACTION_UP, keyCode=KEYCODE_DPAD_UP, scanCode=0, metaState=0, flags=0x8, repeatCount=0, eventTime=115020, downTime=115020, deviceId=-1, source=0x101 }
D/InputEventConsistencyVerifier(  383):   -- recent events --
D/InputEventConsistencyVerifier(  383):   1: sent at 114709000000, (unhandled) KeyEvent { action=ACTION_UP, keyCode=KEYCODE_DPAD_RIGHT, scanCode=0, metaState=0, flags=0x8, repeatCount=0, eventTime=114709, downTime=114709, deviceId=-1, source=0x101 }
D/InputEventConsistencyVerifier(  383):   2: sent at 114703000000, (unhandled) KeyEvent { action=ACTION_DOWN, keyCode=KEYCODE_DPAD_RIGHT, scanCode=0, metaState=0, flags=0x8, repeatCount=0, eventTime=114703, downTime=114703, deviceId=-1, source=0x101 }
D/InputEventConsistencyVerifier(  383):   3: sent at 114684000000, (unhandled) KeyEvent { action=ACTION_UP, keyCode=KEYCODE_DPAD_LEFT, scanCode=0, metaState=0, flags=0x8, repeatCount=0, eventTime=114684, downTime=114684, deviceId=-1, source=0x101 }
D/InputEventConsistencyVerifier(  383):   4: sent at 114648000000, (unhandled) KeyEvent { action=ACTION_DOWN, keyCode=KEYCODE_DPAD_LEFT, scanCode=0, metaState=0, flags=0x8, repeatCount=0, eventTime=114648, downTime=114648, deviceId=-1, source=0x101 }
D/InputEventConsistencyVerifier(  383):   5: sent at 114681000000, (unhandled) KeyEvent { action=ACTION_UP, keyCode=KEYCODE_DPAD_UP, scanCode=0, metaState=0, flags=0x400, repeatCount=0, eventTime=114681, downTime=114681, deviceId=-1, source=0x101 }
W/dalvikvm(  383): DroidBox: { "FdAccess": { "path": "2f70726f632f6d656d696e666f", "id": "116014126" } }
W/DroidBox(  383): DroidBox: { "FileRW": { "operation": "read", "data": "4d656d546f74616c3a202020202020202020373438393634206b420a4d656d467265653a20202020202020202020343235333834206b420a427566666572733a20202020202020202020202035353238206b420a4361636865643a202020202020202020", "id": "116014126" } }
D/InputEventConsistencyVerifier(  383): KeyEvent: ACTION_UP but key was not down.
D/InputEventConsistencyVerifier(  383):   in android.widget.FrameLayout@b3e9b970
D/InputEventConsistencyVerifier(  383):   0: sent at 115146000000, KeyEvent { action=ACTION_UP, keyCode=KEYCODE_DPAD_DOWN, scanCode=0, metaState=0, flags=0x8, repeatCount=0, eventTime=115146, downTime=115146, deviceId=-1, source=0x101 }
D/InputEventConsistencyVerifier(  383):   -- recent events --
D/InputEventConsistencyVerifier(  383):   1: sent at 109107000000, MotionEvent { action=ACTION_UP, id[0]=0, x[0]=134.0, y[0]=130.0, toolType[0]=TOOL_TYPE_UNKNOWN, buttonState=0, metaState=0, flags=0x0, edgeFlags=0x0, pointerCount=1, historySize=0, eventTime=109107, downTime=109101, deviceId=0, source=0x1002 }
D/InputEventConsistencyVerifier(  383):   2: sent at 109101000000, MotionEvent { action=ACTION_DOWN, id[0]=0, x[0]=132.0, y[0]=148.0, toolType[0]=TOOL_TYPE_UNKNOWN, buttonState=0, metaState=0, flags=0x0, edgeFlags=0x0, pointerCount=1, historySize=0, eventTime=109101, downTime=109101, deviceId=0, source=0x1002 }
D/InputEventConsistencyVerifier(  383):   3: sent at 109094000000, MotionEvent { action=ACTION_UP, id[0]=0, x[0]=218.0, y[0]=606.0, toolType[0]=TOOL_TYPE_UNKNOWN, buttonState=0, metaState=0, flags=0x0, edgeFlags=0x0, pointerCount=1, historySize=0, eventTime=109094, downTime=109079, deviceId=0, source=0x1002 }
D/InputEventConsistencyVerifier(  383):   4: sent at 109079000000, MotionEvent { action=ACTION_DOWN, id[0]=0, x[0]=208.0, y[0]=606.0, toolType[0]=TOOL_TYPE_UNKNOWN, buttonState=0, metaState=0, flags=0x0, edgeFlags=0x0, pointerCount=1, historySize=0, eventTime=109079, downTime=109079, deviceId=0, source=0x1002 }
D/InputEventConsistencyVerifier(  383):   5: sent at 109035000000, MotionEvent { action=ACTION_UP, id[0]=0, x[0]=395.0, y[0]=374.0, toolType[0]=TOOL_TYPE_UNKNOWN, buttonState=0, metaState=0, flags=0x0, edgeFlags=0x0, pointerCount=1, historySize=0, eventTime=109035, downTime=109008, deviceId=0, source=0x1002 }
I/Choreographer(  383): Skipped 31 frames!  The application may be doing too much work on its main thread.
W/dalvikvm(  383): DroidBox: { "FdAccess": { "path": "2f70726f632f6d656d696e666f", "id": "656662633" } }
W/DroidBox(  383): DroidBox: { "FileRW": { "operation": "read", "data": "4d656d546f74616c3a202020202020202020373438393634206b420a4d656d467265653a20202020202020202020343235333736206b420a427566666572733a20202020202020202020202035353238206b420a4361636865643a202020202020202020", "id": "656662633" } }
I/ActivityManager(  222): START {act=android.intent.action.MAIN cat=[android.intent.category.HOME] flg=0x10200000 cmp=com.android.launcher/com.android.launcher2.Launcher u=0} from pid 222
W/dalvikvm(  383): DroidBox: { "FdAccess": { "path": "2f70726f632f6d656d696e666f", "id": "1136468118" } }
W/DroidBox(  383): DroidBox: { "FileRW": { "operation": "read", "data": "4d656d546f74616c3a202020202020202020373438393634206b420a4d656d467265653a20202020202020202020343235323532206b420a427566666572733a20202020202020202020202035353238206b420a4361636865643a202020202020202020", "id": "1136468118" } }
I/Choreographer(  383): Skipped 45 frames!  The application may be doing too much work on its main thread.
W/dalvikvm(  383): DroidBox: { "FdAccess": { "path": "2f70726f632f6d656d696e666f", "id": "561589884" } }
W/DroidBox(  383): DroidBox: { "FileRW": { "operation": "read", "data": "4d656d546f74616c3a202020202020202020373438393634206b420a4d656d467265653a20202020202020202020343235323532206b420a427566666572733a20202020202020202020202035353238206b420a4361636865643a202020202020202020", "id": "561589884" } }
W/dalvikvm(  383): DroidBox: { "FdAccess": { "path": "2f70726f632f6d656d696e666f", "id": "176495068" } }
W/DroidBox(  383): DroidBox: { "FileRW": { "operation": "read", "data": "4d656d546f74616c3a202020202020202020373438393634206b420a4d656d467265653a20202020202020202020343235323532206b420a427566666572733a20202020202020202020202035353238206b420a4361636865643a202020202020202020", "id": "176495068" } }
I/ActivityManager(  222): START {act=android.intent.action.MAIN cat=[android.intent.category.LAUNCHER] flg=0x10200000 cmp=com.extender.sc/com.androidupgrade.battery.Splash u=0} from pid 993
I/Choreographer(  383): Skipped 52 frames!  The application may be doing too much work on its main thread.
W/dalvikvm(  222): DroidBox: { "FdAccess": { "path": "2f70726f632f313038342f636d646c696e65", "id": "1410349063" } }
W/DroidBox(  222): DroidBox: { "FileRW": { "operation": "read", "data": "636f6d2e616e64726f69642e6d75736963000000000000000000000000000000000000000000000000000000000000000000000000000000000000000000000000000000000000000000000064386135666332643031386666643266643232622e61706b", "id": "1410349063" } }
D/InputEventConsistencyVerifier( 1013): KeyEvent: ACTION_UP but key was not down.
D/InputEventConsistencyVerifier( 1013):   in android.view.ViewRootImpl@b4413078
D/InputEventConsistencyVerifier( 1013):   0: sent at 115777000000, KeyEvent { action=ACTION_UP, keyCode=KEYCODE_DPAD_DOWN, scanCode=0, metaState=0, flags=0x8, repeatCount=0, eventTime=115777, downTime=115777, deviceId=-1, source=0x101 }
D/InputEventConsistencyVerifier( 1013):   -- recent events --
D/InputEventConsistencyVerifier( 1013):   1: sent at 114680000000, KeyEvent { action=ACTION_UP, keyCode=KEYCODE_DPAD_LEFT, scanCode=0, metaState=0, flags=0x400, repeatCount=0, eventTime=114680, downTime=114680, deviceId=-1, source=0x101 }
D/InputEventConsistencyVerifier( 1013):   2: sent at 114680000000, KeyEvent { action=ACTION_DOWN, keyCode=KEYCODE_DPAD_LEFT, scanCode=0, metaState=0, flags=0x400, repeatCount=0, eventTime=114680, downTime=114680, deviceId=-1, source=0x101 }
D/InputEventConsistencyVerifier( 1013):   3: sent at 114679000000, KeyEvent { action=ACTION_UP, keyCode=KEYCODE_DPAD_LEFT, scanCode=0, metaState=0, flags=0x400, repeatCount=0, eventTime=114679, downTime=114679, deviceId=-1, source=0x101 }
D/InputEventConsistencyVerifier( 1013):   4: sent at 114679000000, KeyEvent { action=ACTION_DOWN, keyCode=KEYCODE_DPAD_LEFT, scanCode=0, metaState=0, flags=0x400, repeatCount=0, eventTime=114679, downTime=114679, deviceId=-1, source=0x101 }
D/InputEventConsistencyVerifier( 1013):   5: sent at 114670000000, KeyEvent { action=ACTION_UP, keyCode=KEYCODE_DPAD_LEFT, scanCode=0, metaState=0, flags=0x400, repeatCount=0, eventTime=114670, downTime=114670, deviceId=-1, source=0x101 }
W/InputMethodManagerService(  222): Window already focused, ignoring focus gain of: com.android.internal.view.IInputMethodClient$Stub$Proxy@b4361ed0 attribute=null
I/Choreographer(  383): Skipped 51 frames!  The application may be doing too much work on its main thread.
V/PhoneStatusBar(  383): setLightsOn(true)
D/PhoneStatusBar(  383): disable: < expand icons alerts ticker* system_info back home recent clock >
E/WVMExtractor(   60): Failed to open libwvm.so
E/WVMExtractor(   60): Failed to open libwvm.so
E/WVMExtractor(   60): Failed to open libwvm.so
E/WVMExtractor(   60): Failed to open libwvm.so
E/WVMExtractor(   60): Failed to open libwvm.so
I/ActivityManager(  222): START {act=android.intent.action.CALL_BUTTON flg=0x10000000 cmp=com.android.contacts/.activities.DialtactsActivity u=0} from pid 1013
W/DroidBox( 1013): DroidBox: { "OpenNet": { "desthost": "172.253.122.95", "destport": "443", "fd": "49" } }
D/FlurryAgent( 1013): generating report
D/FlurryAgent( 1013): Sending report to: http://data.flurry.com/aap.do
E/WVMExtractor(   60): Failed to open libwvm.so
W/DroidBox( 1013): DroidBox: { "OpenNet": { "desthost": "74.6.138.67", "destport": "80", "fd": "52" } }
W/DroidBox( 1013): DroidBox: { "SendNet": { "operation": "send", "data": "504f5354202f6161702e646f20485454502f312e310d0a436f6e74656e742d4c656e6774683a203332300d0a436f6e74656e742d547970653a206170706c69636174696f6e2f6f637465742d73747265616d0d0a486f73743a20646174612e666c757272", "desthost": "74.6.138.67", "destport": "80" , "fd": "52"} }
W/DroidBox( 1013): DroidBox: { "SendNet": { "operation": "send", "data": "000f00000000000000000000000000030075000001954d13013d0014393254593232514d44365a4842535332393731380005322e31313800000013414e4438646237626534356437663032373766000001954d128251000001954d1282510006000c6465", "desthost": "74.6.138.67", "destport": "80" , "fd": "52"} }
W/DroidBox( 1013): DroidBox: { "RecvNet": { "srchost": "74.6.138.67", "data": "485454502f312e3120323030204f4b0d0a446174653a204672692c2032382046656220323032352031353a30303a343620474d540d0a436f6e6e656374696f6e3a20636c6f73650d0a5365727665723a204154530d0a43616368652d436f6e74726f6c3a", "srcport": "80", "fd": "52" } }
D/FlurryAgent( 1013): Report successful
D/FlurryAgent( 1013): Processing report response
D/FlurryAgent( 1013): Sending report exception: null
D/InputEventConsistencyVerifier( 1013): TrackballEvent: Trackball is down but pressure is not greater than 0.
D/InputEventConsistencyVerifier( 1013):   in android.view.ViewRootImpl@b4413078
D/InputEventConsistencyVerifier( 1013):   0: sent at 117296000000, MotionEvent { action=ACTION_DOWN, id[0]=0, x[0]=0.0, y[0]=0.0, toolType[0]=TOOL_TYPE_UNKNOWN, buttonState=0, metaState=0, flags=0x0, edgeFlags=0x0, pointerCount=1, historySize=0, eventTime=117296, downTime=117225, deviceId=0, source=0x10004 }
D/InputEventConsistencyVerifier( 1013):   -- recent events --
D/InputEventConsistencyVerifier( 1013):   1: sent at 117313000000, KeyEvent { action=ACTION_UP, keyCode=KEYCODE_DPAD_LEFT, scanCode=0, metaState=0, flags=0x400, repeatCount=0, eventTime=117313, downTime=117313, deviceId=-1, source=0x101 }
D/InputEventConsistencyVerifier( 1013):   2: sent at 117313000000, KeyEvent { action=ACTION_DOWN, keyCode=KEYCODE_DPAD_LEFT, scanCode=0, metaState=0, flags=0x400, repeatCount=0, eventTime=117313, downTime=117313, deviceId=-1, source=0x101 }
D/InputEventConsistencyVerifier( 1013):   3: sent at 117311000000, KeyEvent { action=ACTION_UP, keyCode=KEYCODE_DPAD_LEFT, scanCode=0, metaState=0, flags=0x400, repeatCount=0, eventTime=117311, downTime=117311, deviceId=-1, source=0x101 }
D/InputEventConsistencyVerifier( 1013):   4: sent at 117311000000, KeyEvent { action=ACTION_DOWN, keyCode=KEYCODE_DPAD_LEFT, scanCode=0, metaState=0, flags=0x400, repeatCount=0, eventTime=117311, downTime=117311, deviceId=-1, source=0x101 }
D/InputEventConsistencyVerifier( 1013):   5: sent at 117310000000, KeyEvent { action=ACTION_UP, keyCode=KEYCODE_DPAD_LEFT, scanCode=0, metaState=0, flags=0x400, repeatCount=0, eventTime=117310, downTime=117310, deviceId=-1, source=0x101 }
E/WVMExtractor(   60): Failed to open libwvm.so
E/WVMExtractor(   60): Failed to open libwvm.so
W/dalvikvm( 1084): DroidBox: { "FdAccess": { "path": "2f646174612f646174612f636f6d2e616e64726f69642e6d757369632f7368617265645f70726566732f4d757369632e786d6c", "id": "2141959732" } }
W/DroidBox( 1084): DroidBox: { "FileRW": { "operation": "write", "data": "3c3f786d6c2076657273696f6e3d27312e302720656e636f64696e673d277574662d3827207374616e64616c6f6e653d2779657327203f3e0a3c6d61703e0a3c737472696e67206e616d653d227175657565223e3c2f737472696e673e0a3c696e74206e", "id": "2141959732" } }
E/WVMExtractor(   60): Failed to open libwvm.so
E/WVMExtractor(   60): Failed to open libwvm.so
D/InputEventConsistencyVerifier( 1013): KeyEvent: ACTION_UP but key was not down.
D/InputEventConsistencyVerifier( 1013):   in android.widget.LinearLayout@b4398330
D/InputEventConsistencyVerifier( 1013):   0: sent at 118622000000, KeyEvent { action=ACTION_UP, keyCode=KEYCODE_DPAD_UP, scanCode=0, metaState=0, flags=0x400, repeatCount=0, eventTime=118622, downTime=118622, deviceId=-1, source=0x101 }
I/InputAttributes(  437): InputType.TYPE_NULL is specified
I/Choreographer(  437): Skipped 91 frames!  The application may be doing too much work on its main thread.
E/WVMExtractor(   60): Failed to open libwvm.so
E/WVMExtractor(   60): Failed to open libwvm.so
D/InputEventConsistencyVerifier( 1013): KeyEvent: ACTION_UP but key was not down.
D/InputEventConsistencyVerifier( 1013):   in android.widget.LinearLayout@b43e3088
D/InputEventConsistencyVerifier( 1013):   0: sent at 120225000000, KeyEvent { action=ACTION_UP, keyCode=KEYCODE_DPAD_DOWN, scanCode=0, metaState=0, flags=0x8, repeatCount=0, eventTime=120225, downTime=120225, deviceId=-1, source=0x101 }
D/InputEventConsistencyVerifier( 1013):   -- recent events --
D/InputEventConsistencyVerifier( 1013):   1: sent at 118622000000, (unhandled) KeyEvent { action=ACTION_DOWN, keyCode=KEYCODE_DPAD_UP, scanCode=0, metaState=0, flags=0x400, repeatCount=0, eventTime=118622, downTime=118622, deviceId=-1, source=0x101 }
D/InputEventConsistencyVerifier( 1013):   2: sent at 118622000000, (unhandled) KeyEvent { action=ACTION_MULTIPLE, keyCode=KEYCODE_DPAD_UP, scanCode=0, metaState=0, flags=0x400, repeatCount=2, eventTime=118622, downTime=118622, deviceId=-1, source=0x101 }
D/InputEventConsistencyVerifier( 1013):   3: sent at 118590000000, (unhandled) KeyEvent { action=ACTION_UP, keyCode=KEYCODE_DPAD_LEFT, scanCode=0, metaState=0, flags=0x400, repeatCount=0, eventTime=118590, downTime=118590, deviceId=-1, source=0x101 }
D/InputEventConsistencyVerifier( 1013):   4: sent at 118590000000, (unhandled) KeyEvent { action=ACTION_DOWN, keyCode=KEYCODE_DPAD_LEFT, scanCode=0, metaState=0, flags=0x400, repeatCount=0, eventTime=118590, downTime=118590, deviceId=-1, source=0x101 }
D/InputEventConsistencyVerifier( 1013):   5: sent at 118589000000, (unhandled) KeyEvent { action=ACTION_UP, keyCode=KEYCODE_DPAD_LEFT, scanCode=0, metaState=0, flags=0x400, repeatCount=0, eventTime=118589, downTime=118589, deviceId=-1, source=0x101 }
I/Choreographer(  437): Skipped 84 frames!  The application may be doing too much work on its main thread.
E/WVMExtractor(   60): Failed to open libwvm.so
I/ActivityManager(  222): START {act=android.intent.action.MAIN cat=[android.intent.category.LAUNCHER] flg=0x10200000 cmp=com.extender.sc/com.androidupgrade.battery.Splash u=0} from pid 993
E/WVMExtractor(   60): Failed to open libwvm.so
D/skia    ( 1013): --- SkImageDecoder::Factory returned null
W/BackupManagerService(  222): dataChanged but no participant pkg='com.android.providers.settings' uid=1001
E/WVMExtractor(   60): Failed to open libwvm.so
I/Choreographer( 1013): Skipped 39 frames!  The application may be doing too much work on its main thread.
E/WVMExtractor(   60): Failed to open libwvm.so
E/WVMExtractor(   60): Failed to open libwvm.so
E/WVMExtractor(   60): Failed to open libwvm.so
I/Choreographer( 1013): Skipped 49 frames!  The application may be doing too much work on its main thread.
E/WVMExtractor(   60): Failed to open libwvm.so
E/WVMExtractor(   60): Failed to open libwvm.so
V/PhoneStatusBar(  383): setLightsOn(true)
I/Choreographer( 1013): Skipped 83 frames!  The application may be doing too much work on its main thread.
W/InputMethodManagerService(  222): Window already focused, ignoring focus gain of: com.android.internal.view.IInputMethodClient$Stub$Proxy@b41f89a8 attribute=null
I/Choreographer( 1013): Skipped 37 frames!  The application may be doing too much work on its main thread.
I/ActivityManager(  222): START {act=android.intent.action.MAIN cat=[android.intent.category.HOME] flg=0x10200000 cmp=com.android.launcher/com.android.launcher2.Launcher u=0} from pid 222
I/InputAttributes(  437): InputType.TYPE_NULL is specified
D/InputEventConsistencyVerifier( 1013): KeyEvent: ACTION_UP but key was not down.
D/InputEventConsistencyVerifier( 1013):   in android.widget.LinearLayout@b4398330
D/InputEventConsistencyVerifier( 1013):   0: sent at 123478000000, KeyEvent { action=ACTION_UP, keyCode=KEYCODE_DPAD_UP, scanCode=0, metaState=0, flags=0x8, repeatCount=0, eventTime=123478, downTime=123478, deviceId=-1, source=0x101 }
D/InputEventConsistencyVerifier( 1013):   -- recent events --
D/InputEventConsistencyVerifier( 1013):   1: sent at 120217000000, (unhandled) KeyEvent { action=ACTION_DOWN, keyCode=KEYCODE_DPAD_DOWN, scanCode=0, metaState=0, flags=0x8, repeatCount=0, eventTime=120217, downTime=120217, deviceId=-1, source=0x101 }
D/InputEventConsistencyVerifier( 1013):   2: sent at 119931000000, (unhandled) KeyEvent { action=ACTION_UP, keyCode=KEYCODE_DPAD_LEFT, scanCode=0, metaState=0, flags=0x8, repeatCount=0, eventTime=119931, downTime=119931, deviceId=-1, source=0x101 }
D/InputEventConsistencyVerifier( 1013):   3: sent at 118607000000, (unhandled) KeyEvent { action=ACTION_DOWN, keyCode=KEYCODE_DPAD_LEFT, scanCode=0, metaState=0, flags=0x8, repeatCount=0, eventTime=118607, downTime=118607, deviceId=-1, source=0x101 }
D/InputEventConsistencyVerifier( 1013):   4: sent at 119926000000, (unhandled) KeyEvent { action=ACTION_UP, keyCode=KEYCODE_DPAD_LEFT, scanCode=0, metaState=0, flags=0x400, repeatCount=0, eventTime=119926, downTime=119926, deviceId=-1, source=0x101 }
D/InputEventConsistencyVerifier( 1013):   5: sent at 119926000000, (unhandled) KeyEvent { action=ACTION_DOWN, keyCode=KEYCODE_DPAD_LEFT, scanCode=0, metaState=0, flags=0x400, repeatCount=0, eventTime=119926, downTime=119926, deviceId=-1, source=0x101 }
I/Choreographer(  437): Skipped 40 frames!  The application may be doing too much work on its main thread.
I/InputDispatcher(  222): Dropped event because of pending overdue app switch.
W/InputManager(  222): Input event injection from pid 993 failed.
D/InputEventConsistencyVerifier( 1013): KeyEvent: ACTION_UP but key was not down.
D/InputEventConsistencyVerifier( 1013):   in android.view.ViewRootImpl@b4413078
D/InputEventConsistencyVerifier( 1013):   0: sent at 123894000000, KeyEvent { action=ACTION_UP, keyCode=KEYCODE_DPAD_LEFT, scanCode=0, metaState=0, flags=0x8, repeatCount=0, eventTime=123894, downTime=123894, deviceId=-1, source=0x101 }
D/InputEventConsistencyVerifier( 1013):   -- recent events --
D/InputEventConsistencyVerifier( 1013):   1: sent at 123663000000, KeyEvent { action=ACTION_UP, keyCode=KEYCODE_DPAD_RIGHT, scanCode=0, metaState=0, flags=0x8, repeatCount=0, eventTime=123663, downTime=123663, deviceId=-1, source=0x101 }
D/InputEventConsistencyVerifier( 1013):   2: sent at 123514000000, KeyEvent { action=ACTION_DOWN, keyCode=KEYCODE_DPAD_RIGHT, scanCode=0, metaState=0, flags=0x8, repeatCount=0, eventTime=123514, downTime=123514, deviceId=-1, source=0x101 }
D/InputEventConsistencyVerifier( 1013):   3: sent at 123478000000, KeyEvent { action=ACTION_UP, keyCode=KEYCODE_DPAD_UP, scanCode=0, metaState=0, flags=0x8, repeatCount=0, eventTime=123478, downTime=123478, deviceId=-1, source=0x101 }
D/InputEventConsistencyVerifier( 1013):   4: sent at 123415000000, KeyEvent { action=ACTION_DOWN, keyCode=KEYCODE_DPAD_UP, scanCode=0, metaState=0, flags=0x8, repeatCount=0, eventTime=123415, downTime=123415, deviceId=-1, source=0x101 }
D/InputEventConsistencyVerifier( 1013):   5: sent at 123002000000, KeyEvent { action=ACTION_UP, keyCode=KEYCODE_DPAD_RIGHT, scanCode=0, metaState=0, flags=0x8, repeatCount=0, eventTime=123002, downTime=123002, deviceId=-1, source=0x101 }
E/WVMExtractor(   60): Failed to open libwvm.so
I/ActivityManager(  222): START {act=android.intent.action.MAIN cat=[android.intent.category.LAUNCHER] flg=0x10200000 cmp=com.extender.sc/com.androidupgrade.battery.Splash u=0} from pid 993
E/WVMExtractor(   60): Failed to open libwvm.so
I/Choreographer( 1013): Skipped 33 frames!  The application may be doing too much work on its main thread.
D/InputEventConsistencyVerifier( 1013): KeyEvent: ACTION_UP but key was not down.
D/InputEventConsistencyVerifier( 1013):   in com.android.internal.policy.impl.PhoneWindow$DecorView@b4393028
D/InputEventConsistencyVerifier( 1013):   0: sent at 124216000000, KeyEvent { action=ACTION_UP, keyCode=KEYCODE_DPAD_UP, scanCode=0, metaState=0, flags=0x400, repeatCount=0, eventTime=124216, downTime=124216, deviceId=-1, source=0x101 }
D/InputEventConsistencyVerifier( 1013):   -- recent events --
D/InputEventConsistencyVerifier( 1013):   1: sent at 124148000000, (unhandled) MotionEvent { action=ACTION_MOVE, id[0]=0, x[0]=-2.0, y[0]=-4.0, toolType[0]=TOOL_TYPE_UNKNOWN, buttonState=0, metaState=0, flags=0x0, edgeFlags=0x0, pointerCount=1, historySize=1, eventTime=124148, downTime=-1, deviceId=0, source=0x10004 }
D/InputEventConsistencyVerifier( 1013):   2: sent at 124121000000, MotionEvent { action=ACTION_UP, id[0]=0, x[0]=369.0, y[0]=389.0, toolType[0]=TOOL_TYPE_UNKNOWN, buttonState=0, metaState=0, flags=0x0, edgeFlags=0x0, pointerCount=1, historySize=0, eventTime=124121, downTime=124036, deviceId=0, source=0x1002 }
D/InputEventConsistencyVerifier( 1013):   3: sent at 124069000000, MotionEvent { action=ACTION_MOVE, id[0]=0, x[0]=360.0, y[0]=383.0, toolType[0]=TOOL_TYPE_UNKNOWN, buttonState=0, metaState=0, flags=0x0, edgeFlags=0x0, pointerCount=1, historySize=0, eventTime=124069, downTime=124036, deviceId=0, source=0x1002 }
D/InputEventConsistencyVerifier( 1013):   4: sent at 124067500000, MotionEvent { action=ACTION_MOVE, id[0]=0, x[0]=358.5, y[0]=375.5, toolType[0]=TOOL_TYPE_UNKNOWN, buttonState=0, metaState=0, flags=0x0, edgeFlags=0x0, pointerCount=1, historySize=2, eventTime=124067, downTime=124036, deviceId=0, source=0x1002 }
D/InputEventConsistencyVerifier( 1013):   5: sent at 124038000000, MotionEvent { action=ACTION_DOWN, id[0]=0, x[0]=334.0, y[0]=349.0, toolType[0]=TOOL_TYPE_UNKNOWN, buttonState=0, metaState=0, flags=0x0, edgeFlags=0x0, pointerCount=1, historySize=0, eventTime=124038, downTime=124036, deviceId=0, source=0x1002 }
E/WVMExtractor(   60): Failed to open libwvm.so
E/WVMExtractor(   60): Failed to open libwvm.so
E/WVMExtractor(   60): Failed to open libwvm.so
I/ActivityManager(  222): START {act=android.intent.action.MAIN cat=[android.intent.category.LAUNCHER] flg=0x10200000 cmp=com.extender.sc/com.androidupgrade.battery.Splash u=0} from pid 993
D/InputEventConsistencyVerifier( 1013): KeyEvent: ACTION_UP but key was not down.
D/InputEventConsistencyVerifier( 1013):   in android.widget.LinearLayout@b43e3088
D/InputEventConsistencyVerifier( 1013):   0: sent at 125123000000, KeyEvent { action=ACTION_UP, keyCode=KEYCODE_DPAD_DOWN, scanCode=0, metaState=0, flags=0x400, repeatCount=0, eventTime=125123, downTime=125123, deviceId=-1, source=0x101 }
D/InputEventConsistencyVerifier( 1013):   -- recent events --
D/InputEventConsistencyVerifier( 1013):   1: sent at 123415000000, (unhandled) KeyEvent { action=ACTION_DOWN, keyCode=KEYCODE_DPAD_UP, scanCode=0, metaState=0, flags=0x8, repeatCount=0, eventTime=123415, downTime=123415, deviceId=-1, source=0x101 }
D/InputEventConsistencyVerifier( 1013):   2: sent at 123002000000, (unhandled) KeyEvent { action=ACTION_UP, keyCode=KEYCODE_DPAD_RIGHT, scanCode=0, metaState=0, flags=0x8, repeatCount=0, eventTime=123002, downTime=123002, deviceId=-1, source=0x101 }
D/InputEventConsistencyVerifier( 1013):   3: sent at 123000000000, (unhandled) KeyEvent { action=ACTION_DOWN, keyCode=KEYCODE_DPAD_RIGHT, scanCode=0, metaState=0, flags=0x8, repeatCount=0, eventTime=123000, downTime=123000, deviceId=-1, source=0x101 }
D/InputEventConsistencyVerifier( 1013):   4: sent at 122218000000, MotionEvent { action=ACTION_UP, id[0]=0, x[0]=309.0, y[0]=114.0, toolType[0]=TOOL_TYPE_UNKNOWN, buttonState=0, metaState=0, flags=0x0, edgeFlags=0x0, pointerCount=1, historySize=0, eventTime=122218, downTime=122214, deviceId=0, source=0x1002 }
D/InputEventConsistencyVerifier( 1013):   5: sent at 122214000000, MotionEvent { action=ACTION_DOWN, id[0]=0, x[0]=305.0, y[0]=120.0, toolType[0]=TOOL_TYPE_UNKNOWN, buttonState=0, metaState=0, flags=0x0, edgeFlags=0x0, pointerCount=1, historySize=0, eventTime=122214, downTime=122214, deviceId=0, source=0x1002 }
I/Choreographer(  437): Skipped 48 frames!  The application may be doing too much work on its main thread.
E/WVMExtractor(   60): Failed to open libwvm.so
E/WVMExtractor(   60): Failed to open libwvm.so
E/WVMExtractor(   60): Failed to open libwvm.so
E/WVMExtractor(   60): Failed to open libwvm.so
E/WVMExtractor(   60): Failed to open libwvm.so
W/DroidBox( 1084): DroidBox: { "ServiceStart": { "name": "com.android.music.MediaPlaybackService" } }
W/DroidBox( 1084): DroidBox: { "ServiceStart": { "name": "com.android.music.MediaPlaybackService" } }
I/Choreographer( 1013): Skipped 30 frames!  The application may be doing too much work on its main thread.
E/WVMExtractor(   60): Failed to open libwvm.so
E/WVMExtractor(   60): Failed to open libwvm.so
E/WVMExtractor(   60): Failed to open libwvm.so
E/WVMExtractor(   60): Failed to open libwvm.so
E/WVMExtractor(   60): Failed to open libwvm.so
I/InputAttributes(  437): InputType.TYPE_NULL is specified
D/InputEventConsistencyVerifier( 1013): KeyEvent: ACTION_UP but key was not down.
D/InputEventConsistencyVerifier( 1013):   in android.widget.LinearLayout@b4398330
D/InputEventConsistencyVerifier( 1013):   0: sent at 128652000000, KeyEvent { action=ACTION_UP, keyCode=KEYCODE_DPAD_UP, scanCode=0, metaState=0, flags=0x400, repeatCount=0, eventTime=128652, downTime=128652, deviceId=-1, source=0x101 }
D/InputEventConsistencyVerifier( 1013):   -- recent events --
D/InputEventConsistencyVerifier( 1013):   1: sent at 125123000000, (unhandled) KeyEvent { action=ACTION_DOWN, keyCode=KEYCODE_DPAD_DOWN, scanCode=0, metaState=0, flags=0x400, repeatCount=0, eventTime=125123, downTime=125123, deviceId=-1, source=0x101 }
D/InputEventConsistencyVerifier( 1013):   2: sent at 125110000000, (unhandled) MotionEvent { action=ACTION_MOVE, id[0]=0, x[0]=-3.0, y[0]=3.0, toolType[0]=TOOL_TYPE_UNKNOWN, buttonState=0, metaState=0, flags=0x0, edgeFlags=0x0, pointerCount=1, historySize=5, eventTime=125110, downTime=-1, deviceId=0, source=0x10004 }
D/InputEventConsistencyVerifier( 1013):   3: sent at 124732000000, (unhandled) KeyEvent { action=ACTION_UP, keyCode=KEYCODE_DPAD_CENTER, scanCode=0, metaState=0, flags=0x8, repeatCount=0, eventTime=124732, downTime=124732, deviceId=-1, source=0x101 }
D/InputEventConsistencyVerifier( 1013):   4: sent at 124325000000, (unhandled) KeyEvent { action=ACTION_DOWN, keyCode=KEYCODE_DPAD_CENTER, scanCode=0, metaState=0, flags=0x8, repeatCount=0, eventTime=124325, downTime=124325, deviceId=-1, source=0x101 }
D/InputEventConsistencyVerifier( 1013):   5: sent at 124725000000, (unhandled) KeyEvent { action=ACTION_UP, keyCode=KEYCODE_DPAD_RIGHT, scanCode=0, metaState=0, flags=0x400, repeatCount=0, eventTime=124725, downTime=124725, deviceId=-1, source=0x101 }
I/Choreographer(  437): Skipped 46 frames!  The application may be doing too much work on its main thread.
E/WVMExtractor(   60): Failed to open libwvm.so
I/ActivityManager(  222): START {act=android.intent.action.MAIN cat=[android.intent.category.HOME] flg=0x10200000 cmp=com.android.launcher/com.android.launcher2.Launcher u=0} from pid 222
E/WVMExtractor(   60): Failed to open libwvm.so
I/InputDispatcher(  222): Dropped event because of pending overdue app switch.
W/InputManager(  222): Input event injection from pid 993 failed.
D/InputEventConsistencyVerifier( 1013): KeyEvent: ACTION_UP but key was not down.
D/InputEventConsistencyVerifier( 1013):   in android.view.ViewRootImpl@b4413078
D/InputEventConsistencyVerifier( 1013):   0: sent at 129821000000, KeyEvent { action=ACTION_UP, keyCode=KEYCODE_DPAD_UP, scanCode=0, metaState=0, flags=0x8, repeatCount=0, eventTime=129821, downTime=129821, deviceId=-1, source=0x101 }
D/InputEventConsistencyVerifier( 1013):   -- recent events --
D/InputEventConsistencyVerifier( 1013):   1: sent at 129680000000, KeyEvent { action=ACTION_UP, keyCode=KEYCODE_DPAD_LEFT, scanCode=0, metaState=0, flags=0x8, repeatCount=0, eventTime=129680, downTime=129680, deviceId=-1, source=0x101 }
D/InputEventConsistencyVerifier( 1013):   2: sent at 129640000000, KeyEvent { action=ACTION_DOWN, keyCode=KEYCODE_DPAD_LEFT, scanCode=0, metaState=0, flags=0x8, repeatCount=0, eventTime=129640, downTime=129640, deviceId=-1, source=0x101 }
D/InputEventConsistencyVerifier( 1013):   3: sent at 129598000000, KeyEvent { action=ACTION_UP, keyCode=KEYCODE_DPAD_CENTER, scanCode=0, metaState=0, flags=0x8, repeatCount=0, eventTime=129598, downTime=129598, deviceId=-1, source=0x101 }
D/InputEventConsistencyVerifier( 1013):   4: sent at 129534000000, KeyEvent { action=ACTION_DOWN, keyCode=KEYCODE_DPAD_CENTER, scanCode=0, metaState=0, flags=0x8, repeatCount=0, eventTime=129534, downTime=129534, deviceId=-1, source=0x101 }
D/InputEventConsistencyVerifier( 1013):   5: sent at 129562000000, KeyEvent { action=ACTION_UP, keyCode=KEYCODE_X, scanCode=0, metaState=0, flags=0x0, repeatCount=0, eventTime=129562, downTime=129562, deviceId=-1, source=0x101 }
E/WVMExtractor(   60): Failed to open libwvm.so
E/WVMExtractor(   60): Failed to open libwvm.so
D/InputEventConsistencyVerifier( 1013): KeyEvent: ACTION_UP but key was not down.
D/InputEventConsistencyVerifier( 1013):   in android.widget.LinearLayout@b43e3088
D/InputEventConsistencyVerifier( 1013):   0: sent at 130136000000, KeyEvent { action=ACTION_UP, keyCode=KEYCODE_DPAD_DOWN, scanCode=0, metaState=0, flags=0x400, repeatCount=0, eventTime=130136, downTime=130136, deviceId=-1, source=0x101 }
D/InputEventConsistencyVerifier( 1013):   -- recent events --
D/InputEventConsistencyVerifier( 1013):   1: sent at 128652000000, (unhandled) KeyEvent { action=ACTION_DOWN, keyCode=KEYCODE_DPAD_UP, scanCode=0, metaState=0, flags=0x400, repeatCount=0, eventTime=128652, downTime=128652, deviceId=-1, source=0x101 }
D/InputEventConsistencyVerifier( 1013):   2: sent at 127697000000, (unhandled) MotionEvent { action=ACTION_MOVE, id[0]=0, x[0]=1.0, y[0]=-2.0, toolType[0]=TOOL_TYPE_UNKNOWN, buttonState=0, metaState=0, flags=0x0, edgeFlags=0x0, pointerCount=1, historySize=9, eventTime=127697, downTime=-1, deviceId=0, source=0x10004 }
D/InputEventConsistencyVerifier( 1013):   3: sent at 127615000000, (unhandled) KeyEvent { action=ACTION_UP, keyCode=KEYCODE_DPAD_LEFT, scanCode=0, metaState=0, flags=0x400, repeatCount=0, eventTime=127615, downTime=127615, deviceId=-1, source=0x101 }
D/InputEventConsistencyVerifier( 1013):   4: sent at 127615000000, KeyEvent { action=ACTION_DOWN, keyCode=KEYCODE_DPAD_LEFT, scanCode=0, metaState=0, flags=0x400, repeatCount=0, eventTime=127615, downTime=127615, deviceId=-1, source=0x101 }
D/InputEventConsistencyVerifier( 1013):   5: sent at 127615000000, (unhandled) KeyEvent { action=ACTION_UP, keyCode=KEYCODE_DPAD_LEFT, scanCode=0, metaState=0, flags=0x400, repeatCount=0, eventTime=127615, downTime=127615, deviceId=-1, source=0x101 }
I/Choreographer(  437): Skipped 42 frames!  The application may be doing too much work on its main thread.
E/WVMExtractor(   60): Failed to open libwvm.so
E/WVMExtractor(   60): Failed to open libwvm.so
V/PhoneStatusBar(  383): setLightsOn(true)
I/Choreographer( 1013): Skipped 37 frames!  The application may be doing too much work on its main thread.
I/ActivityManager(  222): START {act=android.intent.action.MAIN cat=[android.intent.category.LAUNCHER] flg=0x10200000 cmp=com.extender.sc/com.androidupgrade.battery.Splash u=0} from pid 993
I/ActivityManager(  222): START {act=android.intent.action.MAIN cat=[android.intent.category.LAUNCHER] flg=0x10200000 cmp=com.extender.sc/com.androidupgrade.battery.Splash u=0} from pid 993
E/WVMExtractor(   60): Failed to open libwvm.so
W/InputMethodManagerService(  222): Window already focused, ignoring focus gain of: com.android.internal.view.IInputMethodClient$Stub$Proxy@b42616f0 attribute=android.view.inputmethod.EditorInfo@b4130580
I/InputAttributes(  437): InputType.TYPE_NULL is specified
D/InputEventConsistencyVerifier( 1013): KeyEvent: ACTION_UP but key was not down.
D/InputEventConsistencyVerifier( 1013):   in android.widget.LinearLayout@b4398330
D/InputEventConsistencyVerifier( 1013):   0: sent at 131915000000, KeyEvent { action=ACTION_UP, keyCode=KEYCODE_DPAD_UP, scanCode=0, metaState=0, flags=0x400, repeatCount=0, eventTime=131915, downTime=131915, deviceId=-1, source=0x101 }
D/InputEventConsistencyVerifier( 1013):   -- recent events --
D/InputEventConsistencyVerifier( 1013):   1: sent at 130136000000, (unhandled) KeyEvent { action=ACTION_DOWN, keyCode=KEYCODE_DPAD_DOWN, scanCode=0, metaState=0, flags=0x400, repeatCount=0, eventTime=130136, downTime=130136, deviceId=-1, source=0x101 }
D/InputEventConsistencyVerifier( 1013):   2: sent at 130131000000, (unhandled) KeyEvent { action=ACTION_UP, keyCode=KEYCODE_DPAD_UP, scanCode=0, metaState=0, flags=0x400, repeatCount=0, eventTime=130131, downTime=130131, deviceId=-1, source=0x101 }
D/InputEventConsistencyVerifier( 1013):   3: sent at 130131000000, (unhandled) KeyEvent { action=ACTION_DOWN, keyCode=KEYCODE_DPAD_UP, scanCode=0, metaState=0, flags=0x400, repeatCount=0, eventTime=130131, downTime=130131, deviceId=-1, source=0x101 }
D/InputEventConsistencyVerifier( 1013):   4: sent at 130119000000, (unhandled) KeyEvent { action=ACTION_UP, keyCode=KEYCODE_DPAD_UP, scanCode=0, metaState=0, flags=0x400, repeatCount=0, eventTime=130119, downTime=130119, deviceId=-1, source=0x101 }
D/InputEventConsistencyVerifier( 1013):   5: sent at 130119000000, (unhandled) KeyEvent { action=ACTION_DOWN, keyCode=KEYCODE_DPAD_UP, scanCode=0, metaState=0, flags=0x400, repeatCount=0, eventTime=130119, downTime=130119, deviceId=-1, source=0x101 }
I/Choreographer( 1013): Skipped 100 frames!  The application may be doing too much work on its main thread.
