I/Choreographer( 1039): Skipped 45 frames!  The application may be doing too much work on its main thread.
E/WVMExtractor(   62): Failed to open libwvm.so
E/WVMExtractor(   62): Failed to open libwvm.so
E/WVMExtractor(   62): Failed to open libwvm.so
I/Choreographer( 1039): Skipped 65 frames!  The application may be doing too much work on its main thread.
E/WVMExtractor(   62): Failed to open libwvm.so
I/ActivityManager(  222): START {act=android.intent.action.MAIN cat=[android.intent.category.HOME] flg=0x10200000 cmp=com.android.launcher/com.android.launcher2.Launcher u=0} from pid 222
E/WVMExtractor(   62): Failed to open libwvm.so
W/ActivityManager(  222): Activity idle timeout for ActivityRecord{b3f494c8 ujmbb.qjlhrjp10l/.wallsport0221j}
D/InputEventConsistencyVerifier( 1039): TrackballEvent: Trackball is down but pressure is not greater than 0.
D/InputEventConsistencyVerifier( 1039):   in android.view.ViewRootImpl@b405fcb0
D/InputEventConsistencyVerifier( 1039):   0: sent at 104003000000, MotionEvent { action=ACTION_DOWN, id[0]=0, x[0]=0.0, y[0]=0.0, toolType[0]=TOOL_TYPE_UNKNOWN, buttonState=0, metaState=0, flags=0x0, edgeFlags=0x0, pointerCount=1, historySize=0, eventTime=104003, downTime=103946, deviceId=0, source=0x10004 }
D/InputEventConsistencyVerifier( 1039):   -- recent events --
D/InputEventConsistencyVerifier( 1039):   1: sent at 104158000000, KeyEvent { action=ACTION_UP, keyCode=KEYCODE_DPAD_DOWN, scanCode=0, metaState=0, flags=0x400, repeatCount=0, eventTime=104158, downTime=104158, deviceId=-1, source=0x101 }
D/InputEventConsistencyVerifier( 1039):   2: sent at 104158000000, KeyEvent { action=ACTION_DOWN, keyCode=KEYCODE_DPAD_DOWN, scanCode=0, metaState=0, flags=0x400, repeatCount=0, eventTime=104158, downTime=104158, deviceId=-1, source=0x101 }
D/InputEventConsistencyVerifier( 1039):   3: sent at 104157000000, KeyEvent { action=ACTION_UP, keyCode=KEYCODE_DPAD_DOWN, scanCode=0, metaState=0, flags=0x400, repeatCount=0, eventTime=104157, downTime=104157, deviceId=-1, source=0x101 }
D/InputEventConsistencyVerifier( 1039):   4: sent at 104157000000, KeyEvent { action=ACTION_DOWN, keyCode=KEYCODE_DPAD_DOWN, scanCode=0, metaState=0, flags=0x400, repeatCount=0, eventTime=104157, downTime=104157, deviceId=-1, source=0x101 }
D/InputEventConsistencyVerifier( 1039):   5: sent at 104157000000, KeyEvent { action=ACTION_UP, keyCode=KEYCODE_DPAD_DOWN, scanCode=0, metaState=0, flags=0x400, repeatCount=0, eventTime=104157, downTime=104157, deviceId=-1, source=0x101 }
E/WVMExtractor(   62): Failed to open libwvm.so
E/WVMExtractor(   62): Failed to open libwvm.so
I/Choreographer( 1039): Skipped 159 frames!  The application may be doing too much work on its main thread.
E/WVMExtractor(   62): Failed to open libwvm.so
I/Choreographer( 1039): Skipped 40 frames!  The application may be doing too much work on its main thread.
E/WVMExtractor(   62): Failed to open libwvm.so
E/WVMExtractor(   62): Failed to open libwvm.so
E/WVMExtractor(   62): Failed to open libwvm.so
D/webviewglue( 1039): nativeDestroy view: 0xb8f26f68
I/Choreographer( 1039): Skipped 138 frames!  The application may be doing too much work on its main thread.
D/InputEventConsistencyVerifier( 1039): KeyEvent: ACTION_UP but key was not down.
D/InputEventConsistencyVerifier( 1039):   in android.widget.LinearLayout@b3e4e0d8
D/InputEventConsistencyVerifier( 1039):   0: sent at 106471000000, KeyEvent { action=ACTION_UP, keyCode=KEYCODE_DPAD_RIGHT, scanCode=0, metaState=0, flags=0x8, repeatCount=0, eventTime=106471, downTime=106471, deviceId=-1, source=0x101 }
I/ActivityManager(  222): START {act=android.intent.action.MAIN cat=[android.intent.category.LAUNCHER] flg=0x10000000 cmp=com.android.browser/.BrowserActivity sel={act=android.intent.action.MAIN cat=[android.intent.category.APP_BROWSER]} u=0} from pid 222
E/WVMExtractor(   62): Failed to open libwvm.so
I/ARMAssembler(   59): generated scanline__00000077:03515104_00009001_00000000 [131 ipp] (153 ins) at [0xb5cd88d0:0xb5cd8b34] in 0 ns
D/InputEventConsistencyVerifier( 1039): KeyEvent: ACTION_UP but key was not down.
D/InputEventConsistencyVerifier( 1039):   in android.view.ViewRootImpl@b3e41040
D/InputEventConsistencyVerifier( 1039):   0: sent at 106598000000, KeyEvent { action=ACTION_UP, keyCode=KEYCODE_EXPLORER, scanCode=0, metaState=0, flags=0x8, repeatCount=0, eventTime=106598, downTime=106598, deviceId=-1, source=0x101 }
D/InputEventConsistencyVerifier( 1039):   -- recent events --
D/InputEventConsistencyVerifier( 1039):   1: sent at 106535000000, MotionEvent { action=ACTION_UP, id[0]=0, x[0]=292.0, y[0]=200.0, toolType[0]=TOOL_TYPE_UNKNOWN, buttonState=0, metaState=0, flags=0x0, edgeFlags=0x0, pointerCount=1, historySize=0, eventTime=106535, downTime=106515, deviceId=0, source=0x1002 }
D/InputEventConsistencyVerifier( 1039):   2: sent at 106531000000, MotionEvent { action=ACTION_MOVE, id[0]=0, x[0]=277.0, y[0]=191.0, toolType[0]=TOOL_TYPE_UNKNOWN, buttonState=0, metaState=0, flags=0x0, edgeFlags=0x0, pointerCount=1, historySize=0, eventTime=106531, downTime=106515, deviceId=0, source=0x1002 }
D/InputEventConsistencyVerifier( 1039):   3: sent at 106516000000, MotionEvent { action=ACTION_DOWN, id[0]=0, x[0]=270.0, y[0]=176.0, toolType[0]=TOOL_TYPE_UNKNOWN, buttonState=0, metaState=0, flags=0x0, edgeFlags=0x0, pointerCount=1, historySize=0, eventTime=106516, downTime=106515, deviceId=0, source=0x1002 }
D/InputEventConsistencyVerifier( 1039):   4: sent at 106507000000, MotionEvent { action=ACTION_UP, id[0]=0, x[0]=311.0, y[0]=456.0, toolType[0]=TOOL_TYPE_UNKNOWN, buttonState=0, metaState=0, flags=0x0, edgeFlags=0x0, pointerCount=1, historySize=0, eventTime=106507, downTime=106488, deviceId=0, source=0x1002 }
D/InputEventConsistencyVerifier( 1039):   5: sent at 106488000000, MotionEvent { action=ACTION_DOWN, id[0]=0, x[0]=314.0, y[0]=463.0, toolType[0]=TOOL_TYPE_UNKNOWN, buttonState=0, metaState=0, flags=0x0, edgeFlags=0x0, pointerCount=1, historySize=0, eventTime=106488, downTime=106488, deviceId=0, source=0x1002 }
W/InputManager(  222): Input event injection from pid 1007 failed.
W/InputManager(  222): Input event injection from pid 1007 failed.
W/InputManager(  222): Input event injection from pid 1007 failed.
W/ActivityManager(  222): Launch timeout has expired, giving up wake lock!
W/InputManager(  222): Input event injection from pid 1007 failed.
I/Choreographer( 1039): Skipped 182 frames!  The application may be doing too much work on its main thread.
W/InputManager(  222): Input event injection from pid 1007 failed.
W/InputManager(  222): Input event injection from pid 1007 failed.
D/InputEventConsistencyVerifier( 1039): KeyEvent: ACTION_UP but key was not down.
D/InputEventConsistencyVerifier( 1039):   in com.android.internal.policy.impl.PhoneWindow$DecorView@b3f64f08
D/InputEventConsistencyVerifier( 1039):   0: sent at 107642000000, KeyEvent { action=ACTION_UP, keyCode=KEYCODE_DPAD_CENTER, scanCode=0, metaState=0, flags=0x8, repeatCount=0, eventTime=107642, downTime=107642, deviceId=-1, source=0x101 }
D/InputEventConsistencyVerifier( 1039):   -- recent events --
D/InputEventConsistencyVerifier( 1039):   1: sent at 104505000000, (unhandled) MotionEvent { action=ACTION_UP, id[0]=0, x[0]=318.6667, y[0]=282.0, toolType[0]=TOOL_TYPE_UNKNOWN, buttonState=0, metaState=0, flags=0x0, edgeFlags=0x0, pointerCount=1, historySize=0, eventTime=104505, downTime=104437, deviceId=0, source=0x1002 }
D/InputEventConsistencyVerifier( 1039):   2: sent at 104499000000, (unhandled) MotionEvent { action=ACTION_MOVE, id[0]=0, x[0]=316.6667, y[0]=277.33334, toolType[0]=TOOL_TYPE_UNKNOWN, buttonState=0, metaState=0, flags=0x0, edgeFlags=0x0, pointerCount=1, historySize=7, eventTime=104499, downTime=104437, deviceId=0, source=0x1002 }
D/InputEventConsistencyVerifier( 1039):   3: sent at 104439000000, (unhandled) MotionEvent { action=ACTION_DOWN, id[0]=0, x[0]=306.6667, y[0]=245.33334, toolType[0]=TOOL_TYPE_UNKNOWN, buttonState=0, metaState=0, flags=0x0, edgeFlags=0x0, pointerCount=1, historySize=0, eventTime=104439, downTime=104437, deviceId=0, source=0x1002 }
D/InputEventConsistencyVerifier( 1039):   4: sent at 104427000000, (unhandled) MotionEvent { action=ACTION_UP, id[0]=0, x[0]=244.66667, y[0]=194.66667, toolType[0]=TOOL_TYPE_UNKNOWN, buttonState=0, metaState=0, flags=0x0, edgeFlags=0x0, pointerCount=1, historySize=0, eventTime=104427, downTime=104401, deviceId=0, source=0x1002 }
D/InputEventConsistencyVerifier( 1039):   5: sent at 104425000000, (unhandled) MotionEvent { action=ACTION_POINTER_UP(1), id[0]=0, x[0]=242.66667, y[0]=194.66667, toolType[0]=TOOL_TYPE_UNKNOWN, id[1]=1, x[1]=303.33334, y[1]=378.0, toolType[1]=TOOL_TYPE_UNKNOWN, buttonState=0, metaState=0, flags=0x0, edgeFlags=0x0, pointerCount=2, historySize=0, eventTime=104425, downTime=104401, deviceId=0, source=0x1002 }
E/WVMExtractor(   62): Failed to open libwvm.so
I/Choreographer( 1039): Skipped 30 frames!  The application may be doing too much work on its main thread.
D/InputEventConsistencyVerifier( 1039): KeyEvent: ACTION_UP but key was not down.
D/InputEventConsistencyVerifier( 1039):   in com.android.internal.policy.impl.PhoneWindow$DecorView@b3f47e18
D/InputEventConsistencyVerifier( 1039):   0: sent at 108355000000, KeyEvent { action=ACTION_UP, keyCode=KEYCODE_DPAD_UP, scanCode=0, metaState=0, flags=0x400, repeatCount=0, eventTime=108355, downTime=108355, deviceId=-1, source=0x101 }
D/InputEventConsistencyVerifier( 1039):   -- recent events --
D/InputEventConsistencyVerifier( 1039):   1: sent at 108254000000, (unhandled) MotionEvent { action=ACTION_MOVE, id[0]=0, x[0]=3.0, y[0]=-4.0, toolType[0]=TOOL_TYPE_UNKNOWN, buttonState=0, metaState=0, flags=0x0, edgeFlags=0x0, pointerCount=1, historySize=9, eventTime=108254, downTime=-1, deviceId=0, source=0x10004 }
D/InputEventConsistencyVerifier( 1039):   2: sent at 108194000000, (unhandled) KeyEvent { action=ACTION_UP, keyCode=KEYCODE_MENU, scanCode=0, metaState=0, flags=0x8, repeatCount=0, eventTime=108194, downTime=108194, deviceId=-1, source=0x101 }
D/InputEventConsistencyVerifier( 1039):   3: sent at 107982000000, (unhandled) KeyEvent { action=ACTION_DOWN, keyCode=KEYCODE_MENU, scanCode=0, metaState=0, flags=0x8, repeatCount=0, eventTime=107982, downTime=107982, deviceId=-1, source=0x101 }
E/WVMExtractor(   62): Failed to open libwvm.so
D/InputEventConsistencyVerifier( 1039): KeyEvent: ACTION_UP but key was not down.
D/InputEventConsistencyVerifier( 1039):   in com.android.internal.policy.impl.PhoneWindow$DecorView@b3f47e18
D/InputEventConsistencyVerifier( 1039):   0: sent at 108722000000, KeyEvent { action=ACTION_UP, keyCode=KEYCODE_DPAD_RIGHT, scanCode=0, metaState=0, flags=0x8, repeatCount=0, eventTime=108722, downTime=108722, deviceId=-1, source=0x101 }
D/InputEventConsistencyVerifier( 1039):   -- recent events --
D/InputEventConsistencyVerifier( 1039):   1: sent at 108496000000, MotionEvent { action=ACTION_UP, id[0]=0, x[0]=315.33334, y[0]=198.0, toolType[0]=TOOL_TYPE_UNKNOWN, buttonState=0, metaState=0, flags=0x0, edgeFlags=0x0, pointerCount=1, historySize=0, eventTime=108496, downTime=108416, deviceId=0, source=0x1002 }
D/InputEventConsistencyVerifier( 1039):   2: sent at 108495000000, MotionEvent { action=ACTION_MOVE, id[0]=0, x[0]=314.0, y[0]=190.66666, toolType[0]=TOOL_TYPE_UNKNOWN, buttonState=0, metaState=0, flags=0x0, edgeFlags=0x0, pointerCount=1, historySize=7, eventTime=108495, downTime=108416, deviceId=0, source=0x1002 }
D/InputEventConsistencyVerifier( 1039):   3: sent at 108418000000, MotionEvent { action=ACTION_DOWN, id[0]=0, x[0]=303.33334, y[0]=143.33334, toolType[0]=TOOL_TYPE_UNKNOWN, buttonState=0, metaState=0, flags=0x0, edgeFlags=0x0, pointerCount=1, historySize=0, eventTime=108418, downTime=108416, deviceId=0, source=0x1002 }
D/InputEventConsistencyVerifier( 1039):   4: sent at 108399000000, (unhandled) KeyEvent { action=ACTION_UP, keyCode=KEYCODE_MENU, scanCode=0, metaState=0, flags=0x8, repeatCount=0, eventTime=108399, downTime=108399, deviceId=-1, source=0x101 }
D/InputEventConsistencyVerifier( 1039):   5: sent at 108393000000, (unhandled) KeyEvent { action=ACTION_DOWN, keyCode=KEYCODE_MENU, scanCode=0, metaState=0, flags=0x8, repeatCount=0, eventTime=108393, downTime=108393, deviceId=-1, source=0x101 }
I/Choreographer( 1039): Skipped 45 frames!  The application may be doing too much work on its main thread.
D/InputEventConsistencyVerifier( 1039): KeyEvent: ACTION_UP but key was not down.
D/InputEventConsistencyVerifier( 1039):   in android.widget.Button@b3e5a3f0
D/InputEventConsistencyVerifier( 1039):   0: sent at 108931000000, KeyEvent { action=ACTION_UP, keyCode=KEYCODE_DPAD_RIGHT, scanCode=0, metaState=0, flags=0x8, repeatCount=0, eventTime=108931, downTime=108931, deviceId=-1, source=0x101 }
E/WVMExtractor(   62): Failed to open libwvm.so
I/dalvikvm-heap( 1039): Grow heap (frag case) to 11.458MB for 614416-byte allocation
E/WVMExtractor(   62): Failed to open libwvm.so
V/-------String.valueOf(width)-----( 1039): 320
V/------String.valueOf(height)---------( 1039): 480
V/---String.valueOf(newWidth)--------( 1039): 320
V/----String.valueOf(newHeight)-----( 1039): 533
I/dalvikvm-heap( 1039): Grow heap (frag case) to 12.077MB for 682256-byte allocation
E/WVMExtractor(   62): Failed to open libwvm.so
E/WVMExtractor(   62): Failed to open libwvm.so
E/WVMExtractor(   62): Failed to open libwvm.so
D/InputEventConsistencyVerifier( 1039): KeyEvent: ACTION_UP but key was not down.
D/InputEventConsistencyVerifier( 1039):   in com.android.internal.policy.impl.PhoneWindow$DecorView@b3f47e18
D/InputEventConsistencyVerifier( 1039):   0: sent at 110452000000, KeyEvent { action=ACTION_UP, keyCode=KEYCODE_DPAD_CENTER, scanCode=0, metaState=0, flags=0x8, repeatCount=0, eventTime=110452, downTime=110452, deviceId=-1, source=0x101 }
D/InputEventConsistencyVerifier( 1039):   -- recent events --
D/InputEventConsistencyVerifier( 1039):   1: sent at 109063000000, (unhandled) MotionEvent { action=ACTION_UP, id[0]=0, x[0]=151.33334, y[0]=338.0, toolType[0]=TOOL_TYPE_UNKNOWN, buttonState=0, metaState=0, flags=0x0, edgeFlags=0x0, pointerCount=1, historySize=0, eventTime=109063, downTime=109047, deviceId=0, source=0x1002 }
D/InputEventConsistencyVerifier( 1039):   2: sent at 109047000000, (unhandled) MotionEvent { action=ACTION_DOWN, id[0]=0, x[0]=146.66667, y[0]=348.0, toolType[0]=TOOL_TYPE_UNKNOWN, buttonState=0, metaState=0, flags=0x0, edgeFlags=0x0, pointerCount=1, historySize=0, eventTime=109047, downTime=109047, deviceId=0, source=0x1002 }
D/InputEventConsistencyVerifier( 1039):   3: sent at 108931000000, (unhandled) KeyEvent { action=ACTION_UP, keyCode=KEYCODE_DPAD_RIGHT, scanCode=0, metaState=0, flags=0x8, repeatCount=0, eventTime=108931, downTime=108931, deviceId=-1, source=0x101 }
D/InputEventConsistencyVerifier( 1039):   4: sent at 108782000000, (unhandled) KeyEvent { action=ACTION_DOWN, keyCode=KEYCODE_DPAD_RIGHT, scanCode=0, metaState=0, flags=0x8, repeatCount=0, eventTime=108782, downTime=108782, deviceId=-1, source=0x101 }
D/InputEventConsistencyVerifier( 1039):   5: sent at 108762000000, KeyEvent { action=ACTION_UP, keyCode=KEYCODE_DPAD_CENTER, scanCode=0, metaState=0, flags=0x8, repeatCount=0, eventTime=108762, downTime=108762, deviceId=-1, source=0x101 }
I/Choreographer( 1039): Skipped 430 frames!  The application may be doing too much work on its main thread.
I/dalvikvm-heap(  408): Grow heap (frag case) to 12.940MB for 3072016-byte allocation
W/InputMethodManagerService(  222): Window already focused, ignoring focus gain of: com.android.internal.view.IInputMethodClient$Stub$Proxy@b427fa28 attribute=android.view.inputmethod.EditorInfo@b427fa40
I/Choreographer( 1039): Skipped 75 frames!  The application may be doing too much work on its main thread.
D/InputEventConsistencyVerifier( 1039): KeyEvent: ACTION_UP but key was not down.
D/InputEventConsistencyVerifier( 1039):   in com.android.internal.policy.impl.PhoneWindow$DecorView@b3e96168
D/InputEventConsistencyVerifier( 1039):   0: sent at 111661000000, KeyEvent { action=ACTION_UP, keyCode=KEYCODE_DPAD_DOWN, scanCode=0, metaState=0, flags=0x8, repeatCount=0, eventTime=111661, downTime=111661, deviceId=-1, source=0x101 }
D/InputEventConsistencyVerifier( 1039):   -- recent events --
D/InputEventConsistencyVerifier( 1039):   1: sent at 111601000000, (unhandled) KeyEvent { action=ACTION_UP, keyCode=KEYCODE_MANNER_MODE, scanCode=0, metaState=0, flags=0x8, repeatCount=0, eventTime=111601, downTime=111601, deviceId=-1, source=0x101 }
D/InputEventConsistencyVerifier( 1039):   2: sent at 111579000000, (unhandled) KeyEvent { action=ACTION_DOWN, keyCode=KEYCODE_MANNER_MODE, scanCode=0, metaState=0, flags=0x8, repeatCount=0, eventTime=111579, downTime=111579, deviceId=-1, source=0x101 }
D/InputEventConsistencyVerifier( 1039):   3: sent at 111508000000, (unhandled) KeyEvent { action=ACTION_UP, keyCode=KEYCODE_DPAD_DOWN, scanCode=0, metaState=0, flags=0x8, repeatCount=0, eventTime=111508, downTime=111508, deviceId=-1, source=0x101 }
D/InputEventConsistencyVerifier( 1039):   4: sent at 111126000000, (unhandled) KeyEvent { action=ACTION_DOWN, keyCode=KEYCODE_DPAD_DOWN, scanCode=0, metaState=0, flags=0x8, repeatCount=0, eventTime=111126, downTime=111126, deviceId=-1, source=0x101 }
I/Choreographer( 1039): Skipped 67 frames!  The application may be doing too much work on its main thread.
W/dalvikvm( 1007): DroidBox: { "FdAccess": { "path": "2f6465762f696e7075742f6576656e7430", "id": "2051386644" } }
W/DroidBox( 1007): DroidBox: { "FileRW": { "operation": "write", "data": "7f060000efbfbd3901000500000001000000", "id": "2051386644" } }
D/InputEventConsistencyVerifier( 1039): KeyEvent: ACTION_UP but key was not down.
D/InputEventConsistencyVerifier( 1039):   in com.android.internal.policy.impl.PhoneWindow$DecorView@b3e96168
D/InputEventConsistencyVerifier( 1039):   0: sent at 112318000000, KeyEvent { action=ACTION_UP, keyCode=KEYCODE_DPAD_RIGHT, scanCode=0, metaState=0, flags=0x8, repeatCount=0, eventTime=112318, downTime=112318, deviceId=-1, source=0x101 }
D/InputEventConsistencyVerifier( 1039):   -- recent events --
D/InputEventConsistencyVerifier( 1039):   1: sent at 111989000000, (unhandled) KeyEvent { action=ACTION_UP, keyCode=KEYCODE_MENU, scanCode=0, metaState=0, flags=0x8, repeatCount=0, eventTime=111989, downTime=111989, deviceId=-1, source=0x101 }
D/InputEventConsistencyVerifier( 1039):   2: sent at 111927000000, (unhandled) KeyEvent { action=ACTION_DOWN, keyCode=KEYCODE_MENU, scanCode=0, metaState=0, flags=0x8, repeatCount=0, eventTime=111927, downTime=111927, deviceId=-1, source=0x101 }
D/InputEventConsistencyVerifier( 1039):   3: sent at 111909000000, (unhandled) MotionEvent { action=ACTION_UP, id[0]=0, x[0]=11.333334, y[0]=283.33334, toolType[0]=TOOL_TYPE_UNKNOWN, buttonState=0, metaState=0, flags=0x0, edgeFlags=0x0, pointerCount=1, historySize=0, eventTime=111909, downTime=111904, deviceId=0, source=0x1002 }
D/InputEventConsistencyVerifier( 1039):   4: sent at 111904000000, (unhandled) MotionEvent { action=ACTION_DOWN, id[0]=0, x[0]=6.666667, y[0]=284.0, toolType[0]=TOOL_TYPE_UNKNOWN, buttonState=0, metaState=0, flags=0x0, edgeFlags=0x0, pointerCount=1, historySize=0, eventTime=111904, downTime=111904, deviceId=0, source=0x1002 }
D/InputEventConsistencyVerifier( 1039):   5: sent at 111661000000, (unhandled) KeyEvent { action=ACTION_UP, keyCode=KEYCODE_DPAD_DOWN, scanCode=0, metaState=0, flags=0x80000008, repeatCount=0, eventTime=111661, downTime=111661, deviceId=-1, source=0x101 }
W/InputManager(  222): Input event injection from pid 1007 failed.
D/InputEventConsistencyVerifier( 1039): KeyEvent: ACTION_UP but key was not down.
D/InputEventConsistencyVerifier( 1039):   in com.android.internal.policy.impl.PhoneWindow$DecorView@b3f64f08
D/InputEventConsistencyVerifier( 1039):   0: sent at 111633000000, KeyEvent { action=ACTION_UP, keyCode=KEYCODE_DPAD_LEFT, scanCode=0, metaState=0, flags=0x400, repeatCount=0, eventTime=111633, downTime=111633, deviceId=-1, source=0x101 }
D/InputEventConsistencyVerifier( 1039):   -- recent events --
D/InputEventConsistencyVerifier( 1039):   1: sent at 111026000000, (unhandled) MotionEvent { action=ACTION_MOVE, id[0]=0, x[0]=-3.0, y[0]=-2.0, toolType[0]=TOOL_TYPE_UNKNOWN, buttonState=0, metaState=0, flags=0x0, edgeFlags=0x0, pointerCount=1, historySize=9, eventTime=111026, downTime=-1, deviceId=0, source=0x10004 }
D/InputEventConsistencyVerifier( 1039):   2: sent at 111110000000, MotionEvent { action=ACTION_UP, id[0]=0, x[0]=178.0, y[0]=402.0, toolType[0]=TOOL_TYPE_UNKNOWN, buttonState=0, metaState=0, flags=0x0, edgeFlags=0x0, pointerCount=1, historySize=0, eventTime=111110, downTime=111104, deviceId=0, source=0x1002 }
D/InputEventConsistencyVerifier( 1039):   3: sent at 111105000000, MotionEvent { action=ACTION_DOWN, id[0]=0, x[0]=178.66667, y[0]=411.33334, toolType[0]=TOOL_TYPE_UNKNOWN, buttonState=0, metaState=0, flags=0x0, edgeFlags=0x0, pointerCount=1, historySize=0, eventTime=111105, downTime=111104, deviceId=0, source=0x1002 }
D/InputEventConsistencyVerifier( 1039):   4: sent at 111088000000, (unhandled) MotionEvent { action=ACTION_UP, id[0]=0, x[0]=272.0, y[0]=516.6667, toolType[0]=TOOL_TYPE_UNKNOWN, buttonState=0, metaState=0, flags=0x0, edgeFlags=0x0, pointerCount=1, historySize=0, eventTime=111088, downTime=111082, deviceId=0, source=0x1002 }
D/InputEventConsistencyVerifier( 1039):   5: sent at 111083000000, (unhandled) MotionEvent { action=ACTION_DOWN, id[0]=0, x[0]=274.6667, y[0]=518.0, toolType[0]=TOOL_TYPE_UNKNOWN, buttonState=0, metaState=0, flags=0x0, edgeFlags=0x0, pointerCount=1, historySize=0, eventTime=111083, downTime=111082, deviceId=0, source=0x1002 }
I/Choreographer( 1039): Skipped 59 frames!  The application may be doing too much work on its main thread.
W/InputMethodManagerService(  222): Window already focused, ignoring focus gain of: com.android.internal.view.IInputMethodClient$Stub$Proxy@b3eb86d8 attribute=null
I/ActivityManager(  222): START {act=android.intent.action.MAIN cat=[android.intent.category.LAUNCHER] flg=0x10200000 cmp=ujmbb.qjlhrjp10l/com.hwRIPoqRf.wDcdTEsV u=0} from pid 1007
E/WVMExtractor(   62): Failed to open libwvm.so
I/Choreographer( 1039): Skipped 54 frames!  The application may be doing too much work on its main thread.
E/WVMExtractor(   62): Failed to open libwvm.so
D/InputEventConsistencyVerifier( 1039): KeyEvent: ACTION_UP but key was not down.
D/InputEventConsistencyVerifier( 1039):   in com.android.internal.policy.impl.PhoneWindow$DecorView@b3f48d08
D/InputEventConsistencyVerifier( 1039):   0: sent at 113657000000, KeyEvent { action=ACTION_UP, keyCode=KEYCODE_DPAD_CENTER, scanCode=0, metaState=0, flags=0x8, repeatCount=0, eventTime=113657, downTime=113657, deviceId=-1, source=0x101 }
D/InputEventConsistencyVerifier( 1039):   -- recent events --
D/InputEventConsistencyVerifier( 1039):   1: sent at 113578000000, (unhandled) MotionEvent { action=ACTION_UP, id[0]=0, x[0]=92.66667, y[0]=-349.33334, toolType[0]=TOOL_TYPE_UNKNOWN, buttonState=0, metaState=0, flags=0x0, edgeFlags=0x0, pointerCount=1, historySize=0, eventTime=113578, downTime=113574, deviceId=0, source=0x1002 }
D/InputEventConsistencyVerifier( 1039):   2: sent at 113574000000, MotionEvent { action=ACTION_DOWN, id[0]=0, x[0]=88.66667, y[0]=-342.6667, toolType[0]=TOOL_TYPE_UNKNOWN, buttonState=0, metaState=0, flags=0x0, edgeFlags=0x0, pointerCount=1, historySize=0, eventTime=113574, downTime=113574, deviceId=0, source=0x1002 }
D/InputEventConsistencyVerifier( 1039):   3: sent at 113555000000, MotionEvent { action=ACTION_UP, id[0]=0, x[0]=224.0, y[0]=25.333344, toolType[0]=TOOL_TYPE_UNKNOWN, buttonState=0, metaState=0, flags=0x0, edgeFlags=0x0, pointerCount=1, historySize=0, eventTime=113555, downTime=113538, deviceId=0, source=0x1002 }
D/InputEventConsistencyVerifier( 1039):   4: sent at 113538000000, MotionEvent { action=ACTION_DOWN, id[0]=0, x[0]=219.33334, y[0]=30.666656, toolType[0]=TOOL_TYPE_UNKNOWN, buttonState=0, metaState=0, flags=0x0, edgeFlags=0x0, pointerCount=1, historySize=0, eventTime=113538, downTime=113538, deviceId=0, source=0x1002 }
D/InputEventConsistencyVerifier( 1039):   5: sent at 113532000000, (unhandled) MotionEvent { action=ACTION_UP, id[0]=0, x[0]=58.666668, y[0]=-158.0, toolType[0]=TOOL_TYPE_UNKNOWN, buttonState=0, metaState=0, flags=0x0, edgeFlags=0x0, pointerCount=1, historySize=0, eventTime=113532, downTime=113476, deviceId=0, source=0x1002 }
I/Choreographer( 1039): Skipped 83 frames!  The application may be doing too much work on its main thread.
I/Choreographer( 1039): Skipped 93 frames!  The application may be doing too much work on its main thread.
W/InputMethodManagerService(  222): Window already focused, ignoring focus gain of: com.android.internal.view.IInputMethodClient$Stub$Proxy@b4360418 attribute=android.view.inputmethod.EditorInfo@b4360430
E/WVMExtractor(   62): Failed to open libwvm.so
E/WVMExtractor(   62): Failed to open libwvm.so
D/InputEventConsistencyVerifier( 1039): KeyEvent: ACTION_UP but key was not down.
D/InputEventConsistencyVerifier( 1039):   in com.android.internal.policy.impl.PhoneWindow$DecorView@b3f48d08
D/InputEventConsistencyVerifier( 1039):   0: sent at 114677000000, KeyEvent { action=ACTION_UP, keyCode=KEYCODE_DPAD_LEFT, scanCode=0, metaState=0, flags=0x400, repeatCount=0, eventTime=114677, downTime=114677, deviceId=-1, source=0x101 }
D/InputEventConsistencyVerifier( 1039):   -- recent events --
D/InputEventConsistencyVerifier( 1039):   1: sent at 114548000000, (unhandled) MotionEvent { action=ACTION_MOVE, id[0]=0, x[0]=-3.0, y[0]=-1.0, toolType[0]=TOOL_TYPE_UNKNOWN, buttonState=0, metaState=0, flags=0x0, edgeFlags=0x0, pointerCount=1, historySize=9, eventTime=114548, downTime=-1, deviceId=0, source=0x10004 }
D/InputEventConsistencyVerifier( 1039):   2: sent at 114421000000, (unhandled) KeyEvent { action=ACTION_UP, keyCode=KEYCODE_DPAD_CENTER, scanCode=0, metaState=0, flags=0x8, repeatCount=0, eventTime=114421, downTime=114421, deviceId=-1, source=0x101 }
D/InputEventConsistencyVerifier( 1039):   3: sent at 114414000000, (unhandled) KeyEvent { action=ACTION_DOWN, keyCode=KEYCODE_DPAD_CENTER, scanCode=0, metaState=0, flags=0x8, repeatCount=0, eventTime=114414, downTime=114414, deviceId=-1, source=0x101 }
D/InputEventConsistencyVerifier( 1039):   4: sent at 113894000000, (unhandled) MotionEvent { action=ACTION_UP, id[0]=0, x[0]=158.66667, y[0]=-283.33334, toolType[0]=TOOL_TYPE_UNKNOWN, buttonState=0, metaState=0, flags=0x0, edgeFlags=0x0, pointerCount=1, historySize=0, eventTime=113894, downTime=113817, deviceId=0, source=0x1002 }
D/InputEventConsistencyVerifier( 1039):   5: sent at 113817000000, MotionEvent { action=ACTION_DOWN, id[0]=0, x[0]=164.66667, y[0]=-279.33334, toolType[0]=TOOL_TYPE_UNKNOWN, buttonState=0, metaState=0, flags=0x0, edgeFlags=0x0, pointerCount=1, historySize=0, eventTime=113817, downTime=113817, deviceId=0, source=0x1002 }
D/InputEventConsistencyVerifier( 1039): KeyEvent: ACTION_UP but key was not down.
D/InputEventConsistencyVerifier( 1039):   in com.android.internal.view.menu.IconMenuItemView@b4046290
D/InputEventConsistencyVerifier( 1039):   0: sent at 114687000000, KeyEvent { action=ACTION_UP, keyCode=KEYCODE_DPAD_RIGHT, scanCode=0, metaState=0, flags=0x8, repeatCount=0, eventTime=114687, downTime=114687, deviceId=-1, source=0x101 }
E/WVMExtractor(   62): Failed to open libwvm.so
D/InputEventConsistencyVerifier( 1039): KeyEvent: ACTION_UP but key was not down.
D/InputEventConsistencyVerifier( 1039):   in com.android.internal.view.menu.IconMenuItemView@b3f4d478
D/InputEventConsistencyVerifier( 1039):   0: sent at 115056000000, KeyEvent { action=ACTION_UP, keyCode=KEYCODE_DPAD_LEFT, scanCode=0, metaState=0, flags=0x400, repeatCount=0, eventTime=115056, downTime=115056, deviceId=-1, source=0x101 }
D/InputEventConsistencyVerifier( 1039):   -- recent events --
D/InputEventConsistencyVerifier( 1039):   1: sent at 114549000000, (unhandled) KeyEvent { action=ACTION_DOWN, keyCode=KEYCODE_DPAD_RIGHT, scanCode=0, metaState=0, flags=0x8, repeatCount=0, eventTime=114549, downTime=114549, deviceId=-1, source=0x101 }
D/InputEventConsistencyVerifier( 1039):   2: sent at 114678000000, (unhandled) KeyEvent { action=ACTION_UP, keyCode=KEYCODE_DPAD_LEFT, scanCode=0, metaState=0, flags=0x400, repeatCount=0, eventTime=114678, downTime=114678, deviceId=-1, source=0x101 }
D/InputEventConsistencyVerifier( 1039):   3: sent at 114678000000, (unhandled) KeyEvent { action=ACTION_DOWN, keyCode=KEYCODE_DPAD_LEFT, scanCode=0, metaState=0, flags=0x400, repeatCount=0, eventTime=114678, downTime=114678, deviceId=-1, source=0x101 }
D/InputEventConsistencyVerifier( 1039):   4: sent at 114678000000, (unhandled) KeyEvent { action=ACTION_UP, keyCode=KEYCODE_DPAD_LEFT, scanCode=0, metaState=0, flags=0x400, repeatCount=0, eventTime=114678, downTime=114678, deviceId=-1, source=0x101 }
D/InputEventConsistencyVerifier( 1039):   5: sent at 114678000000, (unhandled) KeyEvent { action=ACTION_DOWN, keyCode=KEYCODE_DPAD_LEFT, scanCode=0, metaState=0, flags=0x400, repeatCount=0, eventTime=114678, downTime=114678, deviceId=-1, source=0x101 }
D/InputEventConsistencyVerifier( 1039): TrackballEvent: Trackball is down but pressure is not greater than 0.
D/InputEventConsistencyVerifier( 1039):   in android.view.ViewRootImpl@b41ce478
D/InputEventConsistencyVerifier( 1039):   0: sent at 114809000000, MotionEvent { action=ACTION_DOWN, id[0]=0, x[0]=0.0, y[0]=0.0, toolType[0]=TOOL_TYPE_UNKNOWN, buttonState=0, metaState=0, flags=0x0, edgeFlags=0x0, pointerCount=1, historySize=0, eventTime=114809, downTime=114787, deviceId=0, source=0x10004 }
D/InputEventConsistencyVerifier( 1039):   -- recent events --
D/InputEventConsistencyVerifier( 1039):   1: sent at 115057000000, KeyEvent { action=ACTION_UP, keyCode=KEYCODE_DPAD_LEFT, scanCode=0, metaState=0, flags=0x400, repeatCount=0, eventTime=115057, downTime=115057, deviceId=-1, source=0x101 }
D/InputEventConsistencyVerifier( 1039):   2: sent at 115057000000, KeyEvent { action=ACTION_DOWN, keyCode=KEYCODE_DPAD_LEFT, scanCode=0, metaState=0, flags=0x400, repeatCount=0, eventTime=115057, downTime=115057, deviceId=-1, source=0x101 }
D/InputEventConsistencyVerifier( 1039):   3: sent at 115056000000, KeyEvent { action=ACTION_UP, keyCode=KEYCODE_DPAD_LEFT, scanCode=0, metaState=0, flags=0x400, repeatCount=0, eventTime=115056, downTime=115056, deviceId=-1, source=0x101 }
D/InputEventConsistencyVerifier( 1039):   4: sent at 115056000000, KeyEvent { action=ACTION_DOWN, keyCode=KEYCODE_DPAD_LEFT, scanCode=0, metaState=0, flags=0x400, repeatCount=0, eventTime=115056, downTime=115056, deviceId=-1, source=0x101 }
D/InputEventConsistencyVerifier( 1039):   5: sent at 114808000000, MotionEvent { action=ACTION_MOVE, id[0]=0, x[0]=-2.0, y[0]=0.0, toolType[0]=TOOL_TYPE_UNKNOWN, buttonState=0, metaState=0, flags=0x0, edgeFlags=0x0, pointerCount=1, historySize=19, eventTime=114808, downTime=-1, deviceId=0, source=0x10004 }
D/InputEventConsistencyVerifier( 1039): KeyEvent: ACTION_UP but key was not down.
D/InputEventConsistencyVerifier( 1039):   in android.view.ViewRootImpl@b41e3568
D/InputEventConsistencyVerifier( 1039):   0: sent at 115158000000, KeyEvent { action=ACTION_UP, keyCode=KEYCODE_DPAD_RIGHT, scanCode=0, metaState=0, flags=0x8, repeatCount=0, eventTime=115158, downTime=115158, deviceId=-1, source=0x101 }
D/InputEventConsistencyVerifier( 1039): KeyEvent: ACTION_UP but key was not down.
D/InputEventConsistencyVerifier( 1039):   in com.android.internal.policy.impl.PhoneWindow$DecorView@b3f64f08
D/InputEventConsistencyVerifier( 1039):   0: sent at 114497000000, KeyEvent { action=ACTION_UP, keyCode=KEYCODE_DPAD_UP, scanCode=0, metaState=0, flags=0x400, repeatCount=0, eventTime=114497, downTime=114497, deviceId=-1, source=0x101 }
D/InputEventConsistencyVerifier( 1039):   -- recent events --
D/InputEventConsistencyVerifier( 1039):   1: sent at 114412000000, (unhandled) MotionEvent { action=ACTION_MOVE, id[0]=0, x[0]=3.0, y[0]=-4.0, toolType[0]=TOOL_TYPE_UNKNOWN, buttonState=0, metaState=0, flags=0x0, edgeFlags=0x0, pointerCount=1, historySize=9, eventTime=114412, downTime=-1, deviceId=0, source=0x10004 }
D/InputEventConsistencyVerifier( 1039):   2: sent at 114364000000, MotionEvent { action=ACTION_UP, id[0]=0, x[0]=65.333336, y[0]=474.0, toolType[0]=TOOL_TYPE_UNKNOWN, buttonState=0, metaState=0, flags=0x0, edgeFlags=0x0, pointerCount=1, historySize=0, eventTime=114364, downTime=114338, deviceId=0, source=0x1002 }
D/InputEventConsistencyVerifier( 1039):   3: sent at 114338000000, MotionEvent { action=ACTION_DOWN, id[0]=0, x[0]=68.0, y[0]=472.0, toolType[0]=TOOL_TYPE_UNKNOWN, buttonState=0, metaState=0, flags=0x0, edgeFlags=0x0, pointerCount=1, historySize=0, eventTime=114338, downTime=114338, deviceId=0, source=0x1002 }
D/InputEventConsistencyVerifier( 1039):   4: sent at 114293000000, (unhandled) KeyEvent { action=ACTION_UP, keyCode=KEYCODE_MENU, scanCode=0, metaState=0, flags=0x8, repeatCount=0, eventTime=114293, downTime=114293, deviceId=-1, source=0x101 }
D/InputEventConsistencyVerifier( 1039):   5: sent at 114278000000, (unhandled) KeyEvent { action=ACTION_DOWN, keyCode=KEYCODE_MENU, scanCode=0, metaState=0, flags=0x8, repeatCount=0, eventTime=114278, downTime=114278, deviceId=-1, source=0x101 }
I/Choreographer( 1039): Skipped 54 frames!  The application may be doing too much work on its main thread.
E/WVMExtractor(   62): Failed to open libwvm.so
I/Choreographer( 1039): Skipped 78 frames!  The application may be doing too much work on its main thread.
E/WVMExtractor(   62): Failed to open libwvm.so
E/WVMExtractor(   62): Failed to open libwvm.so
D/InputEventConsistencyVerifier( 1039): KeyEvent: ACTION_UP but key was not down.
D/InputEventConsistencyVerifier( 1039):   in android.widget.LinearLayout@b3e4e0d8
D/InputEventConsistencyVerifier( 1039):   0: sent at 116356000000, KeyEvent { action=ACTION_UP, keyCode=KEYCODE_DPAD_DOWN, scanCode=0, metaState=0, flags=0x8, repeatCount=0, eventTime=116356, downTime=116356, deviceId=-1, source=0x101 }
D/InputEventConsistencyVerifier( 1039):   -- recent events --
D/InputEventConsistencyVerifier( 1039):   1: sent at 106471000000, (unhandled) KeyEvent { action=ACTION_UP, keyCode=KEYCODE_DPAD_RIGHT, scanCode=0, metaState=0, flags=0x80000008, repeatCount=0, eventTime=106471, downTime=106471, deviceId=-1, source=0x101 }
E/WVMExtractor(   62): Failed to open libwvm.so
E/WVMExtractor(   62): Failed to open libwvm.so
D/InputEventConsistencyVerifier( 1039): KeyEvent: ACTION_UP but key was not down.
D/InputEventConsistencyVerifier( 1039):   in com.android.internal.policy.impl.PhoneWindow$DecorView@b4078320
D/InputEventConsistencyVerifier( 1039):   0: sent at 117510000000, KeyEvent { action=ACTION_UP, keyCode=KEYCODE_DPAD_UP, scanCode=0, metaState=0, flags=0x8, repeatCount=0, eventTime=117510, downTime=117510, deviceId=-1, source=0x101 }
D/InputEventConsistencyVerifier( 1039):   -- recent events --
D/InputEventConsistencyVerifier( 1039):   1: sent at 117328000000, (unhandled) KeyEvent { action=ACTION_UP, keyCode=KEYCODE_CAMERA, scanCode=0, metaState=0, flags=0x8, repeatCount=0, eventTime=117328, downTime=117328, deviceId=-1, source=0x101 }
D/InputEventConsistencyVerifier( 1039):   2: sent at 117206000000, (unhandled) KeyEvent { action=ACTION_DOWN, keyCode=KEYCODE_CAMERA, scanCode=0, metaState=0, flags=0x8, repeatCount=0, eventTime=117206, downTime=117206, deviceId=-1, source=0x101 }
D/InputEventConsistencyVerifier( 1039):   3: sent at 117188000000, (unhandled) MotionEvent { action=ACTION_UP, id[0]=0, x[0]=166.0, y[0]=116.66667, toolType[0]=TOOL_TYPE_UNKNOWN, buttonState=0, metaState=0, flags=0x0, edgeFlags=0x0, pointerCount=1, historySize=0, eventTime=117188, downTime=117166, deviceId=0, source=0x1002 }
D/InputEventConsistencyVerifier( 1039):   4: sent at 117166000000, (unhandled) MotionEvent { action=ACTION_DOWN, id[0]=0, x[0]=168.0, y[0]=120.66667, toolType[0]=TOOL_TYPE_UNKNOWN, buttonState=0, metaState=0, flags=0x0, edgeFlags=0x0, pointerCount=1, historySize=0, eventTime=117166, downTime=117166, deviceId=0, source=0x1002 }
D/InputEventConsistencyVerifier( 1039):   5: sent at 117047000000, (unhandled) KeyEvent { action=ACTION_UP, keyCode=KEYCODE_DPAD_LEFT, scanCode=0, metaState=0, flags=0x8, repeatCount=0, eventTime=117047, downTime=117047, deviceId=-1, source=0x101 }
E/WVMExtractor(   62): Failed to open libwvm.so
W/IInputConnectionWrapper( 1039): showStatusIcon on inactive InputConnection
E/WVMExtractor(   62): Failed to open libwvm.so
W/InputEventReceiver( 1039): Attempted to finish an input event but the input event receiver has already been disposed.
W/AdMobSDK( 1039): Ignoring requestFreshAd() because we are requesting an ad right now already.
E/WVMExtractor(   62): Failed to open libwvm.so
D/InputEventConsistencyVerifier( 1039): KeyEvent: ACTION_UP but key was not down.
D/InputEventConsistencyVerifier( 1039):   in com.android.internal.policy.impl.PhoneWindow$DecorView@b3f64f08
D/InputEventConsistencyVerifier( 1039):   0: sent at 118285000000, KeyEvent { action=ACTION_UP, keyCode=KEYCODE_DPAD_UP, scanCode=0, metaState=0, flags=0x400, repeatCount=0, eventTime=118285, downTime=118285, deviceId=-1, source=0x101 }
D/InputEventConsistencyVerifier( 1039):   -- recent events --
D/InputEventConsistencyVerifier( 1039):   1: sent at 118113000000, (unhandled) MotionEvent { action=ACTION_MOVE, id[0]=0, x[0]=1.0, y[0]=-2.0, toolType[0]=TOOL_TYPE_UNKNOWN, buttonState=0, metaState=0, flags=0x0, edgeFlags=0x0, pointerCount=1, historySize=9, eventTime=118113, downTime=-1, deviceId=0, source=0x10004 }
D/InputEventConsistencyVerifier( 1039):   2: sent at 118121000000, (unhandled) MotionEvent { action=ACTION_UP, id[0]=0, x[0]=172.66667, y[0]=194.66667, toolType[0]=TOOL_TYPE_UNKNOWN, buttonState=0, metaState=0, flags=0x0, edgeFlags=0x0, pointerCount=1, historySize=0, eventTime=118121, downTime=118116, deviceId=0, source=0x1002 }
D/InputEventConsistencyVerifier( 1039):   3: sent at 118116000000, (unhandled) MotionEvent { action=ACTION_DOWN, id[0]=0, x[0]=174.66667, y[0]=196.0, toolType[0]=TOOL_TYPE_UNKNOWN, buttonState=0, metaState=0, flags=0x0, edgeFlags=0x0, pointerCount=1, historySize=0, eventTime=118116, downTime=118116, deviceId=0, source=0x1002 }
D/InputEventConsistencyVerifier( 1039):   4: sent at 118060000000, (unhandled) MotionEvent { action=ACTION_UP, id[0]=0, x[0]=68.0, y[0]=193.33334, toolType[0]=TOOL_TYPE_UNKNOWN, buttonState=0, metaState=0, flags=0x0, edgeFlags=0x0, pointerCount=1, historySize=0, eventTime=118060, downTime=118056, deviceId=0, source=0x1002 }
D/InputEventConsistencyVerifier( 1039):   5: sent at 118056000000, (unhandled) MotionEvent { action=ACTION_DOWN, id[0]=0, x[0]=62.666668, y[0]=193.33334, toolType[0]=TOOL_TYPE_UNKNOWN, buttonState=0, metaState=0, flags=0x0, edgeFlags=0x0, pointerCount=1, historySize=0, eventTime=118056, downTime=118056, deviceId=0, source=0x1002 }
W/AdMobSDK( 1039): Ignoring requestFreshAd() because we are requesting an ad right now already.
W/AdMobSDK( 1039): Ignoring requestFreshAd() because we are requesting an ad right now already.
W/AdMobSDK( 1039): could not open connection to url http://r.admob.com/ad_source.php
W/AdMobSDK( 1039): could not open connection to url http://r.admob.com/ad_source.php
W/AdMobSDK( 1039): could not open connection to url http://r.admob.com/ad_source.php
I/AdMobSDK( 1039): No fill.  Server replied that no ads are available (236ms)
E/WVMExtractor(   62): Failed to open libwvm.so
E/WVMExtractor(   62): Failed to open libwvm.so
I/ActivityManager(  222): START {act=android.intent.action.MAIN cat=[android.intent.category.LAUNCHER] flg=0x10200000 cmp=ujmbb.qjlhrjp10l/com.hwRIPoqRf.wDcdTEsV u=0} from pid 1007
E/WVMExtractor(   62): Failed to open libwvm.so
E/WVMExtractor(   62): Failed to open libwvm.so
E/WVMExtractor(   62): Failed to open libwvm.so
E/WVMExtractor(   62): Failed to open libwvm.so
I/Choreographer( 1039): Skipped 71 frames!  The application may be doing too much work on its main thread.
E/WVMExtractor(   62): Failed to open libwvm.so
W/AdMobSDK( 1039): Ignoring requestFreshAd() because we are requesting an ad right now already.
W/BackupManagerService(  222): dataChanged but no participant pkg='com.android.providers.settings' uid=1001
W/AdMobSDK( 1039): could not open connection to url http://r.admob.com/ad_source.php
W/AdMobSDK( 1039): could not open connection to url http://r.admob.com/ad_source.php
W/AdMobSDK( 1039): could not open connection to url http://r.admob.com/ad_source.php
I/AdMobSDK( 1039): No fill.  Server replied that no ads are available (92ms)
E/WVMExtractor(   62): Failed to open libwvm.so
D/InputEventConsistencyVerifier( 1039): KeyEvent: ACTION_UP but key was not down.
D/InputEventConsistencyVerifier( 1039):   in com.android.internal.policy.impl.PhoneWindow$DecorView@b3f64f08
D/InputEventConsistencyVerifier( 1039):   0: sent at 120743000000, KeyEvent { action=ACTION_UP, keyCode=KEYCODE_DPAD_DOWN, scanCode=0, metaState=0, flags=0x8, repeatCount=0, eventTime=120743, downTime=120743, deviceId=-1, source=0x101 }
D/InputEventConsistencyVerifier( 1039):   -- recent events --
D/InputEventConsistencyVerifier( 1039):   1: sent at 120671000000, (unhandled) MotionEvent { action=ACTION_UP, id[0]=0, x[0]=60.0, y[0]=197.33334, toolType[0]=TOOL_TYPE_UNKNOWN, buttonState=0, metaState=0, flags=0x0, edgeFlags=0x0, pointerCount=1, historySize=0, eventTime=120671, downTime=120624, deviceId=0, source=0x1002 }
D/InputEventConsistencyVerifier( 1039):   2: sent at 120659000000, (unhandled) MotionEvent { action=ACTION_POINTER_UP(1), id[0]=0, x[0]=57.333336, y[0]=197.33334, toolType[0]=TOOL_TYPE_UNKNOWN, id[1]=1, x[1]=248.66667, y[1]=402.6667, toolType[1]=TOOL_TYPE_UNKNOWN, buttonState=0, metaState=0, flags=0x0, edgeFlags=0x0, pointerCount=2, historySize=0, eventTime=120659, downTime=120624, deviceId=0, source=0x1002 }
D/InputEventConsistencyVerifier( 1039):   3: sent at 120655000000, (unhandled) MotionEvent { action=ACTION_MOVE, id[0]=0, x[0]=53.333336, y[0]=208.0, toolType[0]=TOOL_TYPE_UNKNOWN, id[1]=1, x[1]=253.33334, y[1]=407.33334, toolType[1]=TOOL_TYPE_UNKNOWN, buttonState=0, metaState=0, flags=0x0, edgeFlags=0x0, pointerCount=2, historySize=0, eventTime=120655, downTime=120624, deviceId=0, source=0x1002 }
D/InputEventConsistencyVerifier( 1039):   4: sent at 120630000000, (unhandled) MotionEvent { action=ACTION_POINTER_DOWN(1), id[0]=0, x[0]=52.666668, y[0]=216.0, toolType[0]=TOOL_TYPE_UNKNOWN, id[1]=1, x[1]=260.6667, y[1]=416.6667, toolType[1]=TOOL_TYPE_UNKNOWN, buttonState=0, metaState=0, flags=0x0, edgeFlags=0x0, pointerCount=2, historySize=0, eventTime=120630, downTime=120624, deviceId=0, source=0x1002 }
D/InputEventConsistencyVerifier( 1039):   5: sent at 120626000000, (unhandled) MotionEvent { action=ACTION_DOWN, id[0]=0, x[0]=51.333336, y[0]=219.33334, toolType[0]=TOOL_TYPE_UNKNOWN, buttonState=0, metaState=0, flags=0x0, edgeFlags=0x0, pointerCount=1, historySize=0, eventTime=120626, downTime=120624, deviceId=0, source=0x1002 }
E/WVMExtractor(   62): Failed to open libwvm.so
I/Choreographer( 1039): Skipped 130 frames!  The application may be doing too much work on its main thread.
E/WVMExtractor(   62): Failed to open libwvm.so
W/AdMobSDK( 1039): Ignoring requestFreshAd() because we are requesting an ad right now already.
E/WVMExtractor(   62): Failed to open libwvm.so
W/AdMobSDK( 1039): could not open connection to url http://r.admob.com/ad_source.php
W/AdMobSDK( 1039): could not open connection to url http://r.admob.com/ad_source.php
E/WVMExtractor(   62): Failed to open libwvm.so
W/AdMobSDK( 1039): could not open connection to url http://r.admob.com/ad_source.php
I/AdMobSDK( 1039): No fill.  Server replied that no ads are available (221ms)
E/WVMExtractor(   62): Failed to open libwvm.so
I/Choreographer( 1039): Skipped 81 frames!  The application may be doing too much work on its main thread.
W/AdMobSDK( 1039): Ignoring requestFreshAd() because we are requesting an ad right now already.
W/AdMobSDK( 1039): could not open connection to url http://r.admob.com/ad_source.php
W/AdMobSDK( 1039): could not open connection to url http://r.admob.com/ad_source.php
W/AdMobSDK( 1039): could not open connection to url http://r.admob.com/ad_source.php
I/AdMobSDK( 1039): No fill.  Server replied that no ads are available (48ms)
E/WVMExtractor(   62): Failed to open libwvm.so
D/---------startActivity(webScreenItent);-----------( 1039): startActivity(webScreenItent);
I/ActivityManager(  222): START {cmp=ujmbb.qjlhrjp10l/.MyWebView u=0} from pid 1039
W/WindowManager(  222): Failure taking screenshot for (246x410) to layer 21015
E/WVMExtractor(   62): Failed to open libwvm.so
D/--------- onCreate(Bundle icicle)-----------( 1039):  onCreate(Bundle icicle)
D/=========lang===========( 1039): en/down.htm
E/WVMExtractor(   62): Failed to open libwvm.so
I/AdMobSDK( 1039): Requesting fresh ads every 15 seconds.
E/WVMExtractor(   62): Failed to open libwvm.so
E/WVMExtractor(   62): Failed to open libwvm.so
I/Choreographer( 1039): Skipped 160 frames!  The application may be doing too much work on its main thread.
V/PhoneStatusBar(  408): setLightsOn(true)
E/WVMExtractor(   62): Failed to open libwvm.so
W/dalvikvm( 1039): DroidBox: { "FdAccess": { "path": "2f70726f632f6d656d696e666f", "id": "324684270" } }
W/DroidBox( 1039): DroidBox: { "FileRW": { "operation": "read", "data": "4d656d546f74616c3a202020202020202020373438393634206b420a4d656d467265653a20202020202020202020343534303932206b420a427566666572733a20202020202020202020202035383630206b420a4361636865643a202020202020202020", "id": "324684270" } }
E/WVMExtractor(   62): Failed to open libwvm.so
I/Choreographer( 1039): Skipped 139 frames!  The application may be doing too much work on its main thread.
W/AdMobSDK( 1039): could not open connection to url http://r.admob.com/ad_source.php
W/AdMobSDK( 1039): could not open connection to url http://r.admob.com/ad_source.php
W/AdMobSDK( 1039): could not open connection to url http://r.admob.com/ad_source.php
I/AdMobSDK( 1039): No fill.  Server replied that no ads are available (193ms)
E/WVMExtractor(   62): Failed to open libwvm.so
W/AudioTrack(   62): stepServer() could not lock cblk
E/WVMExtractor(   62): Failed to open libwvm.so
I/ActivityManager(  222): Displayed ujmbb.qjlhrjp10l/.MyWebView: +2s57ms
E/WVMExtractor(   62): Failed to open libwvm.so
I/Choreographer( 1039): Skipped 256 frames!  The application may be doing too much work on its main thread.
E/WVMExtractor(   62): Failed to open libwvm.so
W/AdMobSDK( 1039): could not open connection to url http://r.admob.com/ad_source.php
W/AdMobSDK( 1039): could not open connection to url http://r.admob.com/ad_source.php
W/AdMobSDK( 1039): could not open connection to url http://r.admob.com/ad_source.php
I/AdMobSDK( 1039): No fill.  Server replied that no ads are available (224ms)
I/Choreographer( 1039): Skipped 87 frames!  The application may be doing too much work on its main thread.
E/WVMExtractor(   62): Failed to open libwvm.so
E/WVMExtractor(   62): Failed to open libwvm.so
E/WVMExtractor(   62): Failed to open libwvm.so
D/InputEventConsistencyVerifier( 1039): KeyEvent: ACTION_UP but key was not down.
D/InputEventConsistencyVerifier( 1039):   in android.widget.Button@b3dcd570
D/InputEventConsistencyVerifier( 1039):   0: sent at 125407000000, KeyEvent { action=ACTION_UP, keyCode=KEYCODE_DPAD_RIGHT, scanCode=0, metaState=0, flags=0x8, repeatCount=0, eventTime=125407, downTime=125407, deviceId=-1, source=0x101 }
E/WVMExtractor(   62): Failed to open libwvm.so
D/InputEventConsistencyVerifier( 1039): KeyEvent: ACTION_UP but key was not down.
D/InputEventConsistencyVerifier( 1039):   in android.widget.Button@b3e99848
D/InputEventConsistencyVerifier( 1039):   0: sent at 126477000000, KeyEvent { action=ACTION_UP, keyCode=KEYCODE_DPAD_LEFT, scanCode=0, metaState=0, flags=0x8, repeatCount=0, eventTime=126477, downTime=126477, deviceId=-1, source=0x101 }
D/InputEventConsistencyVerifier( 1039):   -- recent events --
D/InputEventConsistencyVerifier( 1039):   1: sent at 124154000000, (unhandled) KeyEvent { action=ACTION_DOWN, keyCode=KEYCODE_DPAD_RIGHT, scanCode=0, metaState=0, flags=0x8, repeatCount=0, eventTime=124154, downTime=124154, deviceId=-1, source=0x101 }
D/InputEventConsistencyVerifier( 1039):   2: sent at 125359000000, (unhandled) KeyEvent { action=ACTION_UP, keyCode=KEYCODE_DPAD_DOWN, scanCode=0, metaState=0, flags=0x400, repeatCount=0, eventTime=125359, downTime=125359, deviceId=-1, source=0x101 }
D/InputEventConsistencyVerifier( 1039):   3: sent at 125359000000, (unhandled) KeyEvent { action=ACTION_DOWN, keyCode=KEYCODE_DPAD_DOWN, scanCode=0, metaState=0, flags=0x400, repeatCount=0, eventTime=125359, downTime=125359, deviceId=-1, source=0x101 }
D/InputEventConsistencyVerifier( 1039):   4: sent at 125358000000, (unhandled) KeyEvent { action=ACTION_UP, keyCode=KEYCODE_DPAD_DOWN, scanCode=0, metaState=0, flags=0x400, repeatCount=0, eventTime=125358, downTime=125358, deviceId=-1, source=0x101 }
D/InputEventConsistencyVerifier( 1039):   5: sent at 125358000000, (unhandled) KeyEvent { action=ACTION_DOWN, keyCode=KEYCODE_DPAD_DOWN, scanCode=0, metaState=0, flags=0x400, repeatCount=0, eventTime=125358, downTime=125358, deviceId=-1, source=0x101 }
I/Choreographer( 1039): Skipped 43 frames!  The application may be doing too much work on its main thread.
E/WVMExtractor(   62): Failed to open libwvm.so
E/WVMExtractor(   62): Failed to open libwvm.so
I/Choreographer( 1039): Skipped 110 frames!  The application may be doing too much work on its main thread.
E/WVMExtractor(   62): Failed to open libwvm.so
W/BackupManagerService(  222): dataChanged but no participant pkg='com.android.providers.settings' uid=10011
E/WVMExtractor(   62): Failed to open libwvm.so
E/MetadataRetrieverClient(   62): failed to extract an album art
E/WVMExtractor(   62): Failed to open libwvm.so
E/WVMExtractor(   62): Failed to open libwvm.so
