I/Choreographer( 1013): Skipped 37 frames!  The application may be doing too much work on its main thread.
D/InputEventConsistencyVerifier( 1013): KeyEvent: ACTION_UP but key was not down.
D/InputEventConsistencyVerifier( 1013):   in android.widget.LinearLayout@b43e3088
D/InputEventConsistencyVerifier( 1013):   0: sent at 159772000000, KeyEvent { action=ACTION_UP, keyCode=KEYCODE_DPAD_DOWN, scanCode=0, metaState=0, flags=0x8, repeatCount=0, eventTime=159772, downTime=159772, deviceId=-1, source=0x101 }
D/InputEventConsistencyVerifier( 1013):   -- recent events --
D/InputEventConsistencyVerifier( 1013):   1: sent at 154876000000, (unhandled) KeyEvent { action=ACTION_DOWN, keyCode=KEYCODE_DPAD_UP, scanCode=0, metaState=0, flags=0x400, repeatCount=0, eventTime=154876, downTime=154876, deviceId=-1, source=0x101 }
D/InputEventConsistencyVerifier( 1013):   2: sent at 154876000000, (unhandled) KeyEvent { action=ACTION_MULTIPLE, keyCode=KEYCODE_DPAD_UP, scanCode=0, metaState=0, flags=0x400, repeatCount=4, eventTime=154876, downTime=154876, deviceId=-1, source=0x101 }
D/InputEventConsistencyVerifier( 1013):   3: sent at 154874000000, (unhandled) KeyEvent { action=ACTION_UP, keyCode=KEYCODE_DPAD_RIGHT, scanCode=0, metaState=0, flags=0x400, repeatCount=0, eventTime=154874, downTime=154874, deviceId=-1, source=0x101 }
D/InputEventConsistencyVerifier( 1013):   4: sent at 154874000000, KeyEvent { action=ACTION_DOWN, keyCode=KEYCODE_DPAD_RIGHT, scanCode=0, metaState=0, flags=0x400, repeatCount=0, eventTime=154874, downTime=154874, deviceId=-1, source=0x101 }
D/InputEventConsistencyVerifier( 1013):   5: sent at 154873000000, (unhandled) KeyEvent { action=ACTION_UP, keyCode=KEYCODE_DPAD_RIGHT, scanCode=0, metaState=0, flags=0x400, repeatCount=0, eventTime=154873, downTime=154873, deviceId=-1, source=0x101 }
I/Choreographer(  437): Skipped 47 frames!  The application may be doing too much work on its main thread.
I/ActivityManager(  222): START {act=android.intent.action.MAIN cat=[android.intent.category.LAUNCHER] flg=0x10200000 cmp=com.extender.sc/com.androidupgrade.battery.Splash u=0} from pid 993
W/IInputConnectionWrapper( 1013): beginBatchEdit on inactive InputConnection
W/IInputConnectionWrapper( 1013): getTextBeforeCursor on inactive InputConnection
W/IInputConnectionWrapper( 1013): getTextAfterCursor on inactive InputConnection
E/WVMExtractor(   60): Failed to open libwvm.so
I/Choreographer(  437): Skipped 42 frames!  The application may be doing too much work on its main thread.
D/InputEventConsistencyVerifier( 1013): KeyEvent: ACTION_UP but key was not down.
D/InputEventConsistencyVerifier( 1013):   in android.widget.LinearLayout@b4398330
D/InputEventConsistencyVerifier( 1013):   0: sent at 159940000000, KeyEvent { action=ACTION_UP, keyCode=KEYCODE_DPAD_UP, scanCode=0, metaState=0, flags=0x8, repeatCount=0, eventTime=159940, downTime=159940, deviceId=-1, source=0x101 }
D/InputEventConsistencyVerifier( 1013):   -- recent events --
D/InputEventConsistencyVerifier( 1013):   1: sent at 159634000000, (unhandled) KeyEvent { action=ACTION_DOWN, keyCode=KEYCODE_DPAD_DOWN, scanCode=0, metaState=0, flags=0x8, repeatCount=0, eventTime=159634, downTime=159634, deviceId=-1, source=0x101 }
D/InputEventConsistencyVerifier( 1013):   2: sent at 159506000000, (unhandled) KeyEvent { action=ACTION_UP, keyCode=KEYCODE_K, scanCode=0, metaState=0, flags=0x8, repeatCount=0, eventTime=159506, downTime=159506, deviceId=-1, source=0x101 }
D/InputEventConsistencyVerifier( 1013):   3: sent at 159489000000, (unhandled) KeyEvent { action=ACTION_DOWN, keyCode=KEYCODE_K, scanCode=0, metaState=0, flags=0x8, repeatCount=0, eventTime=159489, downTime=159489, deviceId=-1, source=0x101 }
D/InputEventConsistencyVerifier( 1013):   4: sent at 158323000000, (unhandled) KeyEvent { action=ACTION_UP, keyCode=KEYCODE_MENU, scanCode=0, metaState=0, flags=0x8, repeatCount=0, eventTime=158323, downTime=158323, deviceId=-1, source=0x101 }
D/InputEventConsistencyVerifier( 1013):   5: sent at 158015000000, (unhandled) KeyEvent { action=ACTION_DOWN, keyCode=KEYCODE_MENU, scanCode=0, metaState=0, flags=0x8, repeatCount=0, eventTime=158015, downTime=158015, deviceId=-1, source=0x101 }
W/IInputConnectionWrapper( 1013): setComposingText on inactive InputConnection
W/IInputConnectionWrapper( 1013): endBatchEdit on inactive InputConnection
I/InputAttributes(  437): InputType.TYPE_NULL is specified
I/Choreographer(  437): Skipped 73 frames!  The application may be doing too much work on its main thread.
D/InputEventConsistencyVerifier( 1013): KeyEvent: ACTION_UP but key was not down.
D/InputEventConsistencyVerifier( 1013):   in android.widget.LinearLayout@b43e3088
D/InputEventConsistencyVerifier( 1013):   0: sent at 160477000000, KeyEvent { action=ACTION_UP, keyCode=KEYCODE_DPAD_DOWN, scanCode=0, metaState=0, flags=0x8, repeatCount=0, eventTime=160477, downTime=160477, deviceId=-1, source=0x101 }
D/InputEventConsistencyVerifier( 1013):   -- recent events --
D/InputEventConsistencyVerifier( 1013):   1: sent at 159821000000, (unhandled) KeyEvent { action=ACTION_DOWN, keyCode=KEYCODE_DPAD_UP, scanCode=0, metaState=0, flags=0x8, repeatCount=0, eventTime=159821, downTime=159821, deviceId=-1, source=0x101 }
D/InputEventConsistencyVerifier( 1013):   2: sent at 159772000000, (unhandled) KeyEvent { action=ACTION_UP, keyCode=KEYCODE_DPAD_DOWN, scanCode=0, metaState=0, flags=0x80000008, repeatCount=0, eventTime=159772, downTime=159772, deviceId=-1, source=0x101 }
D/InputEventConsistencyVerifier( 1013):   3: sent at 154876000000, (unhandled) KeyEvent { action=ACTION_DOWN, keyCode=KEYCODE_DPAD_UP, scanCode=0, metaState=0, flags=0x400, repeatCount=0, eventTime=154876, downTime=154876, deviceId=-1, source=0x101 }
D/InputEventConsistencyVerifier( 1013):   4: sent at 154876000000, (unhandled) KeyEvent { action=ACTION_MULTIPLE, keyCode=KEYCODE_DPAD_UP, scanCode=0, metaState=0, flags=0x400, repeatCount=4, eventTime=154876, downTime=154876, deviceId=-1, source=0x101 }
D/InputEventConsistencyVerifier( 1013):   5: sent at 154874000000, (unhandled) KeyEvent { action=ACTION_UP, keyCode=KEYCODE_DPAD_RIGHT, scanCode=0, metaState=0, flags=0x400, repeatCount=0, eventTime=154874, downTime=154874, deviceId=-1, source=0x101 }
I/Choreographer(  437): Skipped 48 frames!  The application may be doing too much work on its main thread.
E/WVMExtractor(   60): Failed to open libwvm.so
D/InputEventConsistencyVerifier( 1013): TrackballEvent: Trackball is down but pressure is not greater than 0.
D/InputEventConsistencyVerifier( 1013):   in android.view.ViewRootImpl@b4084c38
D/InputEventConsistencyVerifier( 1013):   0: sent at 161595000000, MotionEvent { action=ACTION_DOWN, id[0]=0, x[0]=0.0, y[0]=0.0, toolType[0]=TOOL_TYPE_UNKNOWN, buttonState=0, metaState=0, flags=0x0, edgeFlags=0x0, pointerCount=1, historySize=0, eventTime=161595, downTime=161549, deviceId=0, source=0x10004 }
D/InputEventConsistencyVerifier( 1013):   -- recent events --
D/InputEventConsistencyVerifier( 1013):   1: sent at 161712000000, KeyEvent { action=ACTION_UP, keyCode=KEYCODE_DPAD_DOWN, scanCode=0, metaState=0, flags=0x400, repeatCount=0, eventTime=161712, downTime=161712, deviceId=-1, source=0x101 }
D/InputEventConsistencyVerifier( 1013):   2: sent at 161712000000, KeyEvent { action=ACTION_DOWN, keyCode=KEYCODE_DPAD_DOWN, scanCode=0, metaState=0, flags=0x400, repeatCount=0, eventTime=161712, downTime=161712, deviceId=-1, source=0x101 }
D/InputEventConsistencyVerifier( 1013):   3: sent at 161690000000, KeyEvent { action=ACTION_UP, keyCode=KEYCODE_DPAD_DOWN, scanCode=0, metaState=0, flags=0x400, repeatCount=0, eventTime=161690, downTime=161690, deviceId=-1, source=0x101 }
D/InputEventConsistencyVerifier( 1013):   4: sent at 161690000000, KeyEvent { action=ACTION_DOWN, keyCode=KEYCODE_DPAD_DOWN, scanCode=0, metaState=0, flags=0x400, repeatCount=0, eventTime=161690, downTime=161690, deviceId=-1, source=0x101 }
D/InputEventConsistencyVerifier( 1013):   5: sent at 161593000000, MotionEvent { action=ACTION_MOVE, id[0]=0, x[0]=-2.0, y[0]=2.0, toolType[0]=TOOL_TYPE_UNKNOWN, buttonState=0, metaState=0, flags=0x0, edgeFlags=0x0, pointerCount=1, historySize=9, eventTime=161593, downTime=-1, deviceId=0, source=0x10004 }
I/Choreographer( 1013): Skipped 82 frames!  The application may be doing too much work on its main thread.
E/WVMExtractor(   60): Failed to open libwvm.so
I/Choreographer( 1013): Skipped 97 frames!  The application may be doing too much work on its main thread.
V/PhoneStatusBar(  383): setLightsOn(true)
I/Choreographer( 1013): Skipped 62 frames!  The application may be doing too much work on its main thread.
W/InputMethodManagerService(  222): Window already focused, ignoring focus gain of: com.android.internal.view.IInputMethodClient$Stub$Proxy@b417acb0 attribute=null
E/WVMExtractor(   60): Failed to open libwvm.so
D/InputEventConsistencyVerifier( 1013): KeyEvent: ACTION_UP but key was not down.
D/InputEventConsistencyVerifier( 1013):   in android.view.ViewRootImpl@b4413078
D/InputEventConsistencyVerifier( 1013):   0: sent at 162972000000, KeyEvent { action=ACTION_UP, keyCode=KEYCODE_L, scanCode=0, metaState=0, flags=0x8, repeatCount=0, eventTime=162972, downTime=162972, deviceId=-1, source=0x101 }
D/InputEventConsistencyVerifier( 1013):   -- recent events --
D/InputEventConsistencyVerifier( 1013):   1: sent at 161537000000, MotionEvent { action=ACTION_UP, id[0]=0, x[0]=307.0, y[0]=375.0, toolType[0]=TOOL_TYPE_UNKNOWN, buttonState=0, metaState=0, flags=0x0, edgeFlags=0x0, pointerCount=1, historySize=0, eventTime=161537, downTime=161531, deviceId=0, source=0x1002 }
D/InputEventConsistencyVerifier( 1013):   2: sent at 161788000000, KeyEvent { action=ACTION_UP, keyCode=KEYCODE_DPAD_DOWN, scanCode=0, metaState=0, flags=0x400, repeatCount=0, eventTime=161788, downTime=161788, deviceId=-1, source=0x101 }
D/InputEventConsistencyVerifier( 1013):   3: sent at 161788000000, KeyEvent { action=ACTION_DOWN, keyCode=KEYCODE_DPAD_DOWN, scanCode=0, metaState=0, flags=0x400, repeatCount=0, eventTime=161788, downTime=161788, deviceId=-1, source=0x101 }
D/InputEventConsistencyVerifier( 1013):   4: sent at 161786000000, KeyEvent { action=ACTION_UP, keyCode=KEYCODE_DPAD_DOWN, scanCode=0, metaState=0, flags=0x400, repeatCount=0, eventTime=161786, downTime=161786, deviceId=-1, source=0x101 }
D/InputEventConsistencyVerifier( 1013):   5: sent at 161786000000, KeyEvent { action=ACTION_DOWN, keyCode=KEYCODE_DPAD_DOWN, scanCode=0, metaState=0, flags=0x400, repeatCount=0, eventTime=161786, downTime=161786, deviceId=-1, source=0x101 }
E/WVMExtractor(   60): Failed to open libwvm.so
I/Choreographer(  437): Skipped 40 frames!  The application may be doing too much work on its main thread.
E/WVMExtractor(   60): Failed to open libwvm.so
E/WVMExtractor(   60): Failed to open libwvm.so
D/InputEventConsistencyVerifier( 1013): TrackballEvent: Trackball is down but pressure is not greater than 0.
D/InputEventConsistencyVerifier( 1013):   in android.view.ViewRootImpl@b4413078
D/InputEventConsistencyVerifier( 1013):   0: sent at 164543000000, MotionEvent { action=ACTION_DOWN, id[0]=0, x[0]=0.0, y[0]=0.0, toolType[0]=TOOL_TYPE_UNKNOWN, buttonState=0, metaState=0, flags=0x0, edgeFlags=0x0, pointerCount=1, historySize=0, eventTime=164543, downTime=164509, deviceId=0, source=0x10004 }
D/InputEventConsistencyVerifier( 1013):   -- recent events --
D/InputEventConsistencyVerifier( 1013):   1: sent at 164542000000, MotionEvent { action=ACTION_MOVE, id[0]=0, x[0]=-2.0, y[0]=4.0, toolType[0]=TOOL_TYPE_UNKNOWN, buttonState=0, metaState=0, flags=0x0, edgeFlags=0x0, pointerCount=1, historySize=9, eventTime=164542, downTime=-1, deviceId=0, source=0x10004 }
D/InputEventConsistencyVerifier( 1013):   2: sent at 164398000000, KeyEvent { action=ACTION_UP, keyCode=KEYCODE_SCROLL_LOCK, scanCode=0, metaState=0, flags=0x8, repeatCount=0, eventTime=164398, downTime=164398, deviceId=-1, source=0x101 }
D/InputEventConsistencyVerifier( 1013):   3: sent at 164387000000, KeyEvent { action=ACTION_DOWN, keyCode=KEYCODE_SCROLL_LOCK, scanCode=0, metaState=0, flags=0x8, repeatCount=0, eventTime=164387, downTime=164387, deviceId=-1, source=0x101 }
D/InputEventConsistencyVerifier( 1013):   4: sent at 164031000000, KeyEvent { action=ACTION_UP, keyCode=KEYCODE_DPAD_RIGHT, scanCode=0, metaState=0, flags=0x8, repeatCount=0, eventTime=164031, downTime=164031, deviceId=-1, source=0x101 }
D/InputEventConsistencyVerifier( 1013):   5: sent at 163984000000, KeyEvent { action=ACTION_DOWN, keyCode=KEYCODE_DPAD_RIGHT, scanCode=0, metaState=0, flags=0x8, repeatCount=0, eventTime=163984, downTime=163984, deviceId=-1, source=0x101 }
E/WVMExtractor(   60): Failed to open libwvm.so
V/Localytics( 1013): Opening old closed session and reconnecting
E/WVMExtractor(   60): Failed to open libwvm.so
E/WVMExtractor(   60): Failed to open libwvm.so
E/WVMExtractor(   60): Failed to open libwvm.so
I/Choreographer( 1013): Skipped 44 frames!  The application may be doing too much work on its main thread.
E/WVMExtractor(   60): Failed to open libwvm.so
D/InputEventConsistencyVerifier( 1013): KeyEvent: ACTION_UP but key was not down.
D/InputEventConsistencyVerifier( 1013):   in android.widget.LinearLayout@b4398330
D/InputEventConsistencyVerifier( 1013):   0: sent at 165815000000, KeyEvent { action=ACTION_UP, keyCode=KEYCODE_DPAD_UP, scanCode=0, metaState=0, flags=0x400, repeatCount=0, eventTime=165815, downTime=165815, deviceId=-1, source=0x101 }
D/InputEventConsistencyVerifier( 1013):   -- recent events --
D/InputEventConsistencyVerifier( 1013):   1: sent at 165669000000, (unhandled) MotionEvent { action=ACTION_DOWN, id[0]=0, x[0]=346.0, y[0]=3.0, toolType[0]=TOOL_TYPE_UNKNOWN, buttonState=0, metaState=0, flags=0x0, edgeFlags=0x0, pointerCount=1, historySize=0, eventTime=165669, downTime=165669, deviceId=0, source=0x1002 }
D/InputEventConsistencyVerifier( 1013):   2: sent at 163724000000, MotionEvent { action=ACTION_UP, id[0]=0, x[0]=166.0, y[0]=86.0, toolType[0]=TOOL_TYPE_UNKNOWN, buttonState=0, metaState=0, flags=0x0, edgeFlags=0x0, pointerCount=1, historySize=0, eventTime=163724, downTime=163542, deviceId=0, source=0x1002 }
D/InputEventConsistencyVerifier( 1013):   3: sent at 163543000000, MotionEvent { action=ACTION_DOWN, id[0]=0, x[0]=163.0, y[0]=98.0, toolType[0]=TOOL_TYPE_UNKNOWN, buttonState=0, metaState=0, flags=0x0, edgeFlags=0x0, pointerCount=1, historySize=0, eventTime=163543, downTime=163542, deviceId=0, source=0x1002 }
D/InputEventConsistencyVerifier( 1013):   4: sent at 160295000000, (unhandled) KeyEvent { action=ACTION_DOWN, keyCode=KEYCODE_DPAD_DOWN, scanCode=0, metaState=0, flags=0x8, repeatCount=0, eventTime=160295, downTime=160295, deviceId=-1, source=0x101 }
D/InputEventConsistencyVerifier( 1013):   5: sent at 159940000000, (unhandled) KeyEvent { action=ACTION_UP, keyCode=KEYCODE_DPAD_UP, scanCode=0, metaState=0, flags=0x80000008, repeatCount=0, eventTime=159940, downTime=159940, deviceId=-1, source=0x101 }
I/InputAttributes(  437): InputType.TYPE_NULL is specified
I/Choreographer(  437): Skipped 54 frames!  The application may be doing too much work on its main thread.
E/WVMExtractor(   60): Failed to open libwvm.so
E/WVMExtractor(   60): Failed to open libwvm.so
D/InputEventConsistencyVerifier( 1013): KeyEvent: ACTION_UP but key was not down.
D/InputEventConsistencyVerifier( 1013):   in android.widget.LinearLayout@b43e3088
D/InputEventConsistencyVerifier( 1013):   0: sent at 166851000000, KeyEvent { action=ACTION_UP, keyCode=KEYCODE_DPAD_DOWN, scanCode=0, metaState=0, flags=0x8, repeatCount=0, eventTime=166851, downTime=166851, deviceId=-1, source=0x101 }
D/InputEventConsistencyVerifier( 1013):   -- recent events --
D/InputEventConsistencyVerifier( 1013):   1: sent at 165815000000, (unhandled) KeyEvent { action=ACTION_DOWN, keyCode=KEYCODE_DPAD_UP, scanCode=0, metaState=0, flags=0x400, repeatCount=0, eventTime=165815, downTime=165815, deviceId=-1, source=0x101 }
D/InputEventConsistencyVerifier( 1013):   2: sent at 165813000000, (unhandled) KeyEvent { action=ACTION_MULTIPLE, keyCode=KEYCODE_DPAD_UP, scanCode=0, metaState=0, flags=0x400, repeatCount=2, eventTime=165813, downTime=165813, deviceId=-1, source=0x101 }
D/InputEventConsistencyVerifier( 1013):   3: sent at 165762000000, (unhandled) MotionEvent { action=ACTION_MOVE, id[0]=0, x[0]=-2.0, y[0]=-5.0, toolType[0]=TOOL_TYPE_UNKNOWN, buttonState=0, metaState=0, flags=0x0, edgeFlags=0x0, pointerCount=1, historySize=19, eventTime=165762, downTime=-1, deviceId=0, source=0x10004 }
D/InputEventConsistencyVerifier( 1013):   4: sent at 165541000000, (unhandled) KeyEvent { action=ACTION_UP, keyCode=KEYCODE_DPAD_DOWN, scanCode=0, metaState=0, flags=0x8, repeatCount=0, eventTime=165541, downTime=165541, deviceId=-1, source=0x101 }
D/InputEventConsistencyVerifier( 1013):   5: sent at 165457000000, (unhandled) KeyEvent { action=ACTION_DOWN, keyCode=KEYCODE_DPAD_DOWN, scanCode=0, metaState=0, flags=0x8, repeatCount=0, eventTime=165457, downTime=165457, deviceId=-1, source=0x101 }
I/Choreographer(  437): Skipped 45 frames!  The application may be doing too much work on its main thread.
E/WVMExtractor(   60): Failed to open libwvm.so
E/WVMExtractor(   60): Failed to open libwvm.so
E/WVMExtractor(   60): Failed to open libwvm.so
E/WVMExtractor(   60): Failed to open libwvm.so
I/Choreographer(  437): Skipped 125 frames!  The application may be doing too much work on its main thread.
I/Choreographer(  437): Skipped 39 frames!  The application may be doing too much work on its main thread.
I/Choreographer( 1013): Skipped 46 frames!  The application may be doing too much work on its main thread.
I/Choreographer( 1013): Skipped 77 frames!  The application may be doing too much work on its main thread.
I/Choreographer( 1013): Skipped 68 frames!  The application may be doing too much work on its main thread.
D/InputEventConsistencyVerifier( 1013): TrackballEvent: Trackball is down but pressure is not greater than 0.
D/InputEventConsistencyVerifier( 1013):   in android.view.ViewRootImpl@b4420378
D/InputEventConsistencyVerifier( 1013):   0: sent at 170269000000, MotionEvent { action=ACTION_DOWN, id[0]=0, x[0]=0.0, y[0]=0.0, toolType[0]=TOOL_TYPE_UNKNOWN, buttonState=0, metaState=0, flags=0x0, edgeFlags=0x0, pointerCount=1, historySize=0, eventTime=170269, downTime=170204, deviceId=0, source=0x10004 }
D/InputEventConsistencyVerifier( 1013):   -- recent events --
D/InputEventConsistencyVerifier( 1013):   1: sent at 170304000000, KeyEvent { action=ACTION_UP, keyCode=KEYCODE_DPAD_DOWN, scanCode=0, metaState=0, flags=0x400, repeatCount=0, eventTime=170304, downTime=170304, deviceId=-1, source=0x101 }
D/InputEventConsistencyVerifier( 1013):   2: sent at 170304000000, KeyEvent { action=ACTION_DOWN, keyCode=KEYCODE_DPAD_DOWN, scanCode=0, metaState=0, flags=0x400, repeatCount=0, eventTime=170304, downTime=170304, deviceId=-1, source=0x101 }
D/InputEventConsistencyVerifier( 1013):   3: sent at 170303000000, KeyEvent { action=ACTION_UP, keyCode=KEYCODE_DPAD_DOWN, scanCode=0, metaState=0, flags=0x400, repeatCount=0, eventTime=170303, downTime=170303, deviceId=-1, source=0x101 }
D/InputEventConsistencyVerifier( 1013):   4: sent at 170303000000, KeyEvent { action=ACTION_DOWN, keyCode=KEYCODE_DPAD_DOWN, scanCode=0, metaState=0, flags=0x400, repeatCount=0, eventTime=170303, downTime=170303, deviceId=-1, source=0x101 }
D/InputEventConsistencyVerifier( 1013):   5: sent at 170266000000, MotionEvent { action=ACTION_MOVE, id[0]=0, x[0]=-2.0, y[0]=2.0, toolType[0]=TOOL_TYPE_UNKNOWN, buttonState=0, metaState=0, flags=0x0, edgeFlags=0x0, pointerCount=1, historySize=7, eventTime=170266, downTime=-1, deviceId=0, source=0x10004 }
D/InputEventConsistencyVerifier( 1013): TouchEvent: ACTION_DOWN but pointers are already down.  Probably missing ACTION_UP from previous gesture.
D/InputEventConsistencyVerifier( 1013):   in com.android.internal.policy.impl.PhoneWindow$DecorView@b44780f8
D/InputEventConsistencyVerifier( 1013):   0: sent at 170358000000, MotionEvent { action=ACTION_DOWN, id[0]=0, x[0]=35.0, y[0]=-272.0, toolType[0]=TOOL_TYPE_UNKNOWN, buttonState=0, metaState=0, flags=0x0, edgeFlags=0x0, pointerCount=1, historySize=0, eventTime=170358, downTime=170357, deviceId=0, source=0x1002 }
D/InputEventConsistencyVerifier( 1013):   -- recent events --
D/InputEventConsistencyVerifier( 1013):   1: sent at 170412000000, MotionEvent { action=ACTION_DOWN, id[0]=0, x[0]=478.0, y[0]=-444.0, toolType[0]=TOOL_TYPE_UNKNOWN, buttonState=0, metaState=0, flags=0x0, edgeFlags=0x0, pointerCount=1, historySize=0, eventTime=170412, downTime=170412, deviceId=0, source=0x1002 }
D/InputEventConsistencyVerifier( 1013):   2: sent at 170405000000, (unhandled) MotionEvent { action=ACTION_UP, id[0]=0, x[0]=81.0, y[0]=-203.0, toolType[0]=TOOL_TYPE_UNKNOWN, buttonState=0, metaState=0, flags=0x0, edgeFlags=0x0, pointerCount=1, historySize=0, eventTime=170405, downTime=170400, deviceId=0, source=0x1002 }
D/InputEventConsistencyVerifier( 1013):   3: sent at 170401000000, MotionEvent { action=ACTION_DOWN, id[0]=0, x[0]=77.0, y[0]=-190.0, toolType[0]=TOOL_TYPE_UNKNOWN, buttonState=0, metaState=0, flags=0x0, edgeFlags=0x0, pointerCount=1, historySize=0, eventTime=170401, downTime=170400, deviceId=0, source=0x1002 }
D/InputEventConsistencyVerifier( 1013):   4: sent at 170343000000, (unhandled) KeyEvent { action=ACTION_UP, keyCode=KEYCODE_DPAD_DOWN, scanCode=0, metaState=0, flags=0x8, repeatCount=0, eventTime=170343, downTime=170343, deviceId=-1, source=0x101 }
D/InputEventConsistencyVerifier( 1013):   5: sent at 170277000000, (unhandled) KeyEvent { action=ACTION_DOWN, keyCode=KEYCODE_DPAD_DOWN, scanCode=0, metaState=0, flags=0x8, repeatCount=0, eventTime=170277, downTime=170277, deviceId=-1, source=0x101 }
I/Choreographer( 1013): Skipped 66 frames!  The application may be doing too much work on its main thread.
I/Choreographer(  437): Skipped 255 frames!  The application may be doing too much work on its main thread.
I/ActivityManager(  222): START {act=android.intent.action.MAIN cat=[android.intent.category.LAUNCHER] flg=0x10200000 cmp=com.extender.sc/com.androidupgrade.battery.Splash u=0} from pid 993
I/Choreographer(  437): Skipped 61 frames!  The application may be doing too much work on its main thread.
V/PhoneStatusBar(  383): setLightsOn(true)
D/InputEventConsistencyVerifier( 1013): KeyEvent: ACTION_UP but key was not down.
D/InputEventConsistencyVerifier( 1013):   in android.view.ViewRootImpl@b4413078
D/InputEventConsistencyVerifier( 1013):   0: sent at 171241000000, KeyEvent { action=ACTION_UP, keyCode=KEYCODE_DPAD_UP, scanCode=0, metaState=0, flags=0x8, repeatCount=0, eventTime=171241, downTime=171241, deviceId=-1, source=0x101 }
D/InputEventConsistencyVerifier( 1013):   -- recent events --
D/InputEventConsistencyVerifier( 1013):   1: sent at 168348000000, MotionEvent { action=ACTION_UP, id[0]=0, x[0]=209.0, y[0]=64.0, toolType[0]=TOOL_TYPE_UNKNOWN, buttonState=0, metaState=0, flags=0x0, edgeFlags=0x0, pointerCount=1, historySize=0, eventTime=168348, downTime=168317, deviceId=0, source=0x1002 }
D/InputEventConsistencyVerifier( 1013):   2: sent at 168346000000, MotionEvent { action=ACTION_MOVE, id[0]=0, x[0]=209.0, y[0]=71.0, toolType[0]=TOOL_TYPE_UNKNOWN, buttonState=0, metaState=0, flags=0x0, edgeFlags=0x0, pointerCount=1, historySize=1, eventTime=168346, downTime=168317, deviceId=0, source=0x1002 }
D/InputEventConsistencyVerifier( 1013):   3: sent at 168318000000, MotionEvent { action=ACTION_DOWN, id[0]=0, x[0]=212.0, y[0]=78.0, toolType[0]=TOOL_TYPE_UNKNOWN, buttonState=0, metaState=0, flags=0x0, edgeFlags=0x0, pointerCount=1, historySize=0, eventTime=168318, downTime=168317, deviceId=0, source=0x1002 }
D/InputEventConsistencyVerifier( 1013):   4: sent at 168027000000, KeyEvent { action=ACTION_UP, keyCode=KEYCODE_MENU, scanCode=0, metaState=0, flags=0x8, repeatCount=0, eventTime=168027, downTime=168027, deviceId=-1, source=0x101 }
D/InputEventConsistencyVerifier( 1013):   5: sent at 167971000000, KeyEvent { action=ACTION_DOWN, keyCode=KEYCODE_MENU, scanCode=0, metaState=0, flags=0x8, repeatCount=0, eventTime=167971, downTime=167971, deviceId=-1, source=0x101 }
I/Choreographer(  437): Skipped 40 frames!  The application may be doing too much work on its main thread.
W/InputMethodManagerService(  222): Window already focused, ignoring focus gain of: com.android.internal.view.IInputMethodClient$Stub$Proxy@b411f0d0 attribute=null
D/InputEventConsistencyVerifier( 1013): KeyEvent: ACTION_UP but key was not down.
D/InputEventConsistencyVerifier( 1013):   in android.widget.LinearLayout@b4398330
D/InputEventConsistencyVerifier( 1013):   0: sent at 173283000000, KeyEvent { action=ACTION_UP, keyCode=KEYCODE_DPAD_UP, scanCode=0, metaState=0, flags=0x400, repeatCount=0, eventTime=173283, downTime=173283, deviceId=-1, source=0x101 }
D/InputEventConsistencyVerifier( 1013):   -- recent events --
D/InputEventConsistencyVerifier( 1013):   1: sent at 168318000000, (unhandled) MotionEvent { action=ACTION_DOWN, id[0]=0, x[0]=194.0, y[0]=2.0, toolType[0]=TOOL_TYPE_UNKNOWN, buttonState=0, metaState=0, flags=0x0, edgeFlags=0x0, pointerCount=1, historySize=0, eventTime=168318, downTime=168317, deviceId=0, source=0x1002 }
D/InputEventConsistencyVerifier( 1013):   2: sent at 166805000000, (unhandled) KeyEvent { action=ACTION_DOWN, keyCode=KEYCODE_DPAD_DOWN, scanCode=0, metaState=0, flags=0x8, repeatCount=0, eventTime=166805, downTime=166805, deviceId=-1, source=0x101 }
D/InputEventConsistencyVerifier( 1013):   3: sent at 166830000000, (unhandled) KeyEvent { action=ACTION_UP, keyCode=KEYCODE_DPAD_UP, scanCode=0, metaState=0, flags=0x400, repeatCount=0, eventTime=166830, downTime=166830, deviceId=-1, source=0x101 }
D/InputEventConsistencyVerifier( 1013):   4: sent at 166830000000, (unhandled) KeyEvent { action=ACTION_DOWN, keyCode=KEYCODE_DPAD_UP, scanCode=0, metaState=0, flags=0x400, repeatCount=0, eventTime=166830, downTime=166830, deviceId=-1, source=0x101 }
D/InputEventConsistencyVerifier( 1013):   5: sent at 166829000000, (unhandled) KeyEvent { action=ACTION_UP, keyCode=KEYCODE_DPAD_UP, scanCode=0, metaState=0, flags=0x400, repeatCount=0, eventTime=166829, downTime=166829, deviceId=-1, source=0x101 }
D/InputEventConsistencyVerifier( 1013): KeyEvent: ACTION_UP but key was not down.
D/InputEventConsistencyVerifier( 1013):   in android.widget.LinearLayout@b43e3088
D/InputEventConsistencyVerifier( 1013):   0: sent at 173286000000, KeyEvent { action=ACTION_UP, keyCode=KEYCODE_DPAD_DOWN, scanCode=0, metaState=0, flags=0x400, repeatCount=0, eventTime=173286, downTime=173286, deviceId=-1, source=0x101 }
D/InputEventConsistencyVerifier( 1013):   -- recent events --
D/InputEventConsistencyVerifier( 1013):   1: sent at 173283000000, (unhandled) KeyEvent { action=ACTION_DOWN, keyCode=KEYCODE_DPAD_UP, scanCode=0, metaState=0, flags=0x400, repeatCount=0, eventTime=173283, downTime=173283, deviceId=-1, source=0x101 }
D/InputEventConsistencyVerifier( 1013):   2: sent at 173214000000, (unhandled) MotionEvent { action=ACTION_MOVE, id[0]=0, x[0]=-1.0, y[0]=2.0, toolType[0]=TOOL_TYPE_UNKNOWN, buttonState=0, metaState=0, flags=0x0, edgeFlags=0x0, pointerCount=1, historySize=8, eventTime=173214, downTime=-1, deviceId=0, source=0x10004 }
D/InputEventConsistencyVerifier( 1013):   3: sent at 173163000000, (unhandled) MotionEvent { action=ACTION_MOVE, id[0]=0, x[0]=0.0, y[0]=-2.0, toolType[0]=TOOL_TYPE_UNKNOWN, buttonState=0, metaState=0, flags=0x0, edgeFlags=0x0, pointerCount=1, historySize=0, eventTime=173163, downTime=-1, deviceId=0, source=0x10004 }
D/InputEventConsistencyVerifier( 1013):   4: sent at 172838000000, (unhandled) KeyEvent { action=ACTION_UP, keyCode=KEYCODE_DPAD_LEFT, scanCode=0, metaState=0, flags=0x8, repeatCount=0, eventTime=172838, downTime=172838, deviceId=-1, source=0x101 }
D/InputEventConsistencyVerifier( 1013):   5: sent at 172797000000, KeyEvent { action=ACTION_DOWN, keyCode=KEYCODE_DPAD_LEFT, scanCode=0, metaState=0, flags=0x8, repeatCount=0, eventTime=172797, downTime=172797, deviceId=-1, source=0x101 }
D/Localytics( 1013): KEY=device_id
W/dalvikvm( 1013): DroidBox: { "FdAccess": { "path": "2f646174612f646174612f636f6d2e657874656e6465722e73632f7368617265645f70726566732f73717565657a655f70726566732e786d6c", "id": "1894267276" } }
W/DroidBox( 1013): DroidBox: { "DataLeak": { "sink": "File", "operation": "write", "tag": "0x400", "data": "3c3f786d6c2076657273696f6e3d27312e302720656e636f64696e673d277574662d3827207374616e64616c6f6e653d2779657327203f3e0a3c6d61703e0a3c737472696e67206e616d653d22637573746f6d5f746167223e656e2d6d796d6f62696c65", "id": "1894267276" } }
V/Localytics( 1013): Opening old closed session and reconnecting
W/WindowManager(  222): Failure taking screenshot for (246x410) to layer 21020
I/Choreographer( 1013): Skipped 42 frames!  The application may be doing too much work on its main thread.
W/System.err( 1013): java.net.UnknownHostException: Unable to resolve host "sigma.sgadtracker.com": No address associated with hostname
W/System.err( 1013): 	at java.net.InetAddress.lookupHostByName(InetAddress.java:424)
W/System.err( 1013): 	at java.net.InetAddress.getAllByNameImpl(InetAddress.java:236)
W/System.err( 1013): 	at java.net.InetAddress.getAllByName(InetAddress.java:214)
W/System.err( 1013): 	at org.apache.http.impl.conn.DefaultClientConnectionOperator.openConnection(DefaultClientConnectionOperator.java:137)
W/System.err( 1013): 	at org.apache.http.impl.conn.AbstractPoolEntry.open(AbstractPoolEntry.java:164)
W/System.err( 1013): 	at org.apache.http.impl.conn.AbstractPooledConnAdapter.open(AbstractPooledConnAdapter.java:119)
W/System.err( 1013): 	at org.apache.http.impl.client.DefaultRequestDirector.execute(DefaultRequestDirector.java:360)
W/System.err( 1013): 	at org.apache.http.impl.client.AbstractHttpClient.execute(AbstractHttpClient.java:555)
W/System.err( 1013): 	at org.apache.http.impl.client.AbstractHttpClient.execute(AbstractHttpClient.java:487)
W/System.err( 1013): 	at org.apache.http.impl.client.AbstractHttpClient.execute(AbstractHttpClient.java:465)
W/System.err( 1013): 	at com.mobsqueeze.WebService$1.run(WebService.java:247)
W/System.err( 1013): 	at java.lang.Thread.run(Thread.java:856)
W/System.err( 1013): Caused by: libcore.io.GaiException: getaddrinfo failed: EAI_NODATA (No address associated with hostname)
W/System.err( 1013): 	at libcore.io.Posix.getaddrinfo(Native Method)
W/System.err( 1013): 	at libcore.io.ForwardingOs.getaddrinfo(ForwardingOs.java:55)
W/System.err( 1013): 	at java.net.InetAddress.lookupHostByName(InetAddress.java:405)
W/System.err( 1013): 	... 11 more
V/PhoneStatusBar(  383): setLightsOn(true)
I/Choreographer( 1013): Skipped 32 frames!  The application may be doing too much work on its main thread.
D/InputEventConsistencyVerifier( 1013): KeyEvent: ACTION_UP but key was not down.
D/InputEventConsistencyVerifier( 1013):   in android.widget.TabWidget@b401ab98
D/InputEventConsistencyVerifier( 1013):   0: sent at 175694000000, KeyEvent { action=ACTION_UP, keyCode=KEYCODE_DPAD_UP, scanCode=0, metaState=0, flags=0x8, repeatCount=0, eventTime=175694, downTime=175694, deviceId=-1, source=0x101 }
D/InputEventConsistencyVerifier( 1013):   -- recent events --
D/InputEventConsistencyVerifier( 1013):   1: sent at 109892000000, (unhandled) KeyEvent { action=ACTION_UP, keyCode=KEYCODE_CALL, scanCode=0, metaState=0, flags=0x80000008, repeatCount=0, eventTime=109892, downTime=109892, deviceId=-1, source=0x101 }
D/InputEventConsistencyVerifier( 1013):   2: sent at 109666000000, (unhandled) KeyEvent { action=ACTION_UP, keyCode=KEYCODE_DPAD_UP, scanCode=0, metaState=0, flags=0x80000008, repeatCount=0, eventTime=109666, downTime=109666, deviceId=-1, source=0x101 }
D/InputEventConsistencyVerifier(  383): TouchEvent: ACTION_DOWN but pointers are already down.  Probably missing ACTION_UP from previous gesture.
D/InputEventConsistencyVerifier(  383):   in android.view.ScaleGestureDetector@b3f2ada0
D/InputEventConsistencyVerifier(  383):   0: sent at 176167000000, MotionEvent { action=ACTION_DOWN, id[0]=0, x[0]=274.0, y[0]=2.0, toolType[0]=TOOL_TYPE_UNKNOWN, buttonState=0, metaState=0, flags=0x0, edgeFlags=0x0, pointerCount=1, historySize=0, eventTime=176167, downTime=176166, deviceId=0, source=0x1002 }
D/InputEventConsistencyVerifier(  383):   -- recent events --
D/InputEventConsistencyVerifier(  383):   1: sent at 158863000000, MotionEvent { action=ACTION_DOWN, id[0]=0, x[0]=442.0, y[0]=618.0, toolType[0]=TOOL_TYPE_UNKNOWN, buttonState=0, metaState=0, flags=0x80000000, edgeFlags=0x0, pointerCount=1, historySize=0, eventTime=158863, downTime=158862, deviceId=0, source=0x1002 }
D/InputEventConsistencyVerifier(  383):   2: sent at 158820000000, MotionEvent { action=ACTION_DOWN, id[0]=0, x[0]=402.0, y[0]=181.0, toolType[0]=TOOL_TYPE_UNKNOWN, buttonState=0, metaState=0, flags=0x0, edgeFlags=0x0, pointerCount=1, historySize=0, eventTime=158820, downTime=158819, deviceId=0, source=0x1002 }
D/InputEventConsistencyVerifier(  383):   3: sent at 158561000000, MotionEvent { action=ACTION_UP, id[0]=0, x[0]=436.0, y[0]=19.0, toolType[0]=TOOL_TYPE_UNKNOWN, buttonState=0, metaState=0, flags=0x0, edgeFlags=0x0, pointerCount=1, historySize=0, eventTime=158561, downTime=158530, deviceId=0, source=0x1002 }
D/InputEventConsistencyVerifier(  383):   4: sent at 158530000000, MotionEvent { action=ACTION_DOWN, id[0]=0, x[0]=437.0, y[0]=19.0, toolType[0]=TOOL_TYPE_UNKNOWN, buttonState=0, metaState=0, flags=0x80000000, edgeFlags=0x0, pointerCount=1, historySize=0, eventTime=158530, downTime=158530, deviceId=0, source=0x1002 }
D/InputEventConsistencyVerifier(  383):   5: sent at 151917000000, MotionEvent { action=ACTION_DOWN, id[0]=0, x[0]=1.0, y[0]=186.0, toolType[0]=TOOL_TYPE_UNKNOWN, buttonState=0, metaState=0, flags=0x80000000, edgeFlags=0x0, pointerCount=1, historySize=0, eventTime=151917, downTime=151916, deviceId=0, source=0x1002 }
D/InputEventConsistencyVerifier(  383): KeyEvent: ACTION_DOWN but key is already down and this event is not a key repeat.
D/InputEventConsistencyVerifier(  383):   in android.view.ViewRootImpl@b3f1cbc0
D/InputEventConsistencyVerifier(  383):   0: sent at 176219000000, KeyEvent { action=ACTION_DOWN, keyCode=KEYCODE_DPAD_CENTER, scanCode=0, metaState=0, flags=0x8, repeatCount=0, eventTime=176219, downTime=176219, deviceId=-1, source=0x101 }
D/InputEventConsistencyVerifier(  383):   -- recent events --
D/InputEventConsistencyVerifier(  383):   1: sent at 176172000000, MotionEvent { action=ACTION_UP, id[0]=0, x[0]=269.0, y[0]=6.0, toolType[0]=TOOL_TYPE_UNKNOWN, buttonState=0, metaState=0, flags=0x0, edgeFlags=0x0, pointerCount=1, historySize=0, eventTime=176172, downTime=176166, deviceId=0, source=0x1002 }
D/InputEventConsistencyVerifier(  383):   2: sent at 176167000000, MotionEvent { action=ACTION_DOWN, id[0]=0, x[0]=274.0, y[0]=2.0, toolType[0]=TOOL_TYPE_UNKNOWN, buttonState=0, metaState=0, flags=0x0, edgeFlags=0x0, pointerCount=1, historySize=0, eventTime=176167, downTime=176166, deviceId=0, source=0x1002 }
D/InputEventConsistencyVerifier(  383):   3: sent at 159198000000, KeyEvent { action=ACTION_DOWN, keyCode=KEYCODE_DPAD_CENTER, scanCode=0, metaState=0, flags=0x8, repeatCount=0, eventTime=159198, downTime=159198, deviceId=-1, source=0x101 }
D/InputEventConsistencyVerifier(  383):   4: sent at 159343000000, KeyEvent { action=ACTION_UP, keyCode=KEYCODE_BUTTON_3, scanCode=0, metaState=0, flags=0x28, repeatCount=0, eventTime=159343, downTime=159198, deviceId=-1, source=0x101 }
D/InputEventConsistencyVerifier(  383):   5: sent at 159198000000, KeyEvent { action=ACTION_DOWN, keyCode=KEYCODE_BUTTON_3, scanCode=0, metaState=0, flags=0x8, repeatCount=0, eventTime=159198, downTime=159198, deviceId=-1, source=0x101 }
W/dalvikvm(  383): DroidBox: { "FdAccess": { "path": "2f70726f632f6d656d696e666f", "id": "1353952704" } }
W/DroidBox(  383): DroidBox: { "FileRW": { "operation": "read", "data": "4d656d546f74616c3a202020202020202020373438393634206b420a4d656d467265653a20202020202020202020343236303838206b420a427566666572733a20202020202020202020202035383034206b420a4361636865643a202020202020202020", "id": "1353952704" } }
W/dalvikvm(  383): DroidBox: { "FdAccess": { "path": "2f70726f632f6d656d696e666f", "id": "1104279841" } }
W/DroidBox(  383): DroidBox: { "FileRW": { "operation": "read", "data": "4d656d546f74616c3a202020202020202020373438393634206b420a4d656d467265653a20202020202020202020343236303838206b420a427566666572733a20202020202020202020202035383034206b420a4361636865643a202020202020202020", "id": "1104279841" } }
D/InputEventConsistencyVerifier(  383): TouchEvent: ACTION_DOWN but pointers are already down.  Probably missing ACTION_UP from previous gesture.
D/InputEventConsistencyVerifier(  383):   in android.view.ScaleGestureDetector@b3f2ada0
D/InputEventConsistencyVerifier(  383):   0: sent at 176346000000, MotionEvent { action=ACTION_DOWN, id[0]=0, x[0]=42.0, y[0]=271.0, toolType[0]=TOOL_TYPE_UNKNOWN, buttonState=0, metaState=0, flags=0x0, edgeFlags=0x0, pointerCount=1, historySize=0, eventTime=176346, downTime=176346, deviceId=0, source=0x1002 }
D/InputEventConsistencyVerifier(  383):   -- recent events --
D/InputEventConsistencyVerifier(  383):   1: sent at 176322000000, MotionEvent { action=ACTION_DOWN, id[0]=0, x[0]=30.0, y[0]=630.0, toolType[0]=TOOL_TYPE_UNKNOWN, buttonState=0, metaState=0, flags=0x0, edgeFlags=0x0, pointerCount=1, historySize=0, eventTime=176322, downTime=176321, deviceId=0, source=0x1002 }
D/InputEventConsistencyVerifier(  383):   2: sent at 176172000000, MotionEvent { action=ACTION_UP, id[0]=0, x[0]=269.0, y[0]=6.0, toolType[0]=TOOL_TYPE_UNKNOWN, buttonState=0, metaState=0, flags=0x0, edgeFlags=0x0, pointerCount=1, historySize=0, eventTime=176172, downTime=176166, deviceId=0, source=0x1002 }
D/InputEventConsistencyVerifier(  383):   3: sent at 176167000000, MotionEvent { action=ACTION_DOWN, id[0]=0, x[0]=274.0, y[0]=2.0, toolType[0]=TOOL_TYPE_UNKNOWN, buttonState=0, metaState=0, flags=0x80000000, edgeFlags=0x0, pointerCount=1, historySize=0, eventTime=176167, downTime=176166, deviceId=0, source=0x1002 }
D/InputEventConsistencyVerifier(  383):   4: sent at 158863000000, MotionEvent { action=ACTION_DOWN, id[0]=0, x[0]=442.0, y[0]=618.0, toolType[0]=TOOL_TYPE_UNKNOWN, buttonState=0, metaState=0, flags=0x80000000, edgeFlags=0x0, pointerCount=1, historySize=0, eventTime=158863, downTime=158862, deviceId=0, source=0x1002 }
D/InputEventConsistencyVerifier(  383):   5: sent at 158820000000, MotionEvent { action=ACTION_DOWN, id[0]=0, x[0]=402.0, y[0]=181.0, toolType[0]=TOOL_TYPE_UNKNOWN, buttonState=0, metaState=0, flags=0x0, edgeFlags=0x0, pointerCount=1, historySize=0, eventTime=158820, downTime=158819, deviceId=0, source=0x1002 }
D/PhoneStatusBar(  383): disable: < expand icons alerts TICKER* system_info back home recent clock >
I/Choreographer(  383): Skipped 44 frames!  The application may be doing too much work on its main thread.
W/dalvikvm(  383): DroidBox: { "FdAccess": { "path": "2f70726f632f6d656d696e666f", "id": "2104805322" } }
W/DroidBox(  383): DroidBox: { "FileRW": { "operation": "read", "data": "4d656d546f74616c3a202020202020202020373438393634206b420a4d656d467265653a20202020202020202020343234363030206b420a427566666572733a20202020202020202020202035383034206b420a4361636865643a202020202020202020", "id": "2104805322" } }
W/InputMethodManagerService(  222): Window already focused, ignoring focus gain of: com.android.internal.view.IInputMethodClient$Stub$Proxy@b3f7c7a0 attribute=null
I/Choreographer(  383): Skipped 39 frames!  The application may be doing too much work on its main thread.
D/InputEventConsistencyVerifier(  383): KeyEvent: ACTION_UP but key was not down.
D/InputEventConsistencyVerifier(  383):   in com.android.systemui.statusbar.phone.StatusBarWindowView@b3e8b470
D/InputEventConsistencyVerifier(  383):   0: sent at 176674000000, KeyEvent { action=ACTION_UP, keyCode=KEYCODE_DPAD_DOWN, scanCode=0, metaState=0, flags=0x400, repeatCount=0, eventTime=176674, downTime=176674, deviceId=-1, source=0x101 }
D/InputEventConsistencyVerifier(  383):   -- recent events --
D/InputEventConsistencyVerifier(  383):   1: sent at 176584000000, (unhandled) MotionEvent { action=ACTION_MOVE, id[0]=0, x[0]=3.0, y[0]=4.0, toolType[0]=TOOL_TYPE_UNKNOWN, buttonState=0, metaState=0, flags=0x0, edgeFlags=0x0, pointerCount=1, historySize=9, eventTime=176584, downTime=-1, deviceId=0, source=0x10004 }
D/InputEventConsistencyVerifier(  383):   2: sent at 176489000000, (unhandled) KeyEvent { action=ACTION_UP, keyCode=KEYCODE_MENU, scanCode=0, metaState=0, flags=0x8, repeatCount=0, eventTime=176489, downTime=176489, deviceId=-1, source=0x101 }
D/InputEventConsistencyVerifier(  383):   3: sent at 176459000000, (unhandled) KeyEvent { action=ACTION_DOWN, keyCode=KEYCODE_MENU, scanCode=0, metaState=0, flags=0x8, repeatCount=0, eventTime=176459, downTime=176459, deviceId=-1, source=0x101 }
D/InputEventConsistencyVerifier(  383):   4: sent at 176417000000, (unhandled) KeyEvent { action=ACTION_UP, keyCode=KEYCODE_MEDIA_PREVIOUS, scanCode=0, metaState=0, flags=0x8, repeatCount=0, eventTime=176417, downTime=176417, deviceId=-1, source=0x101 }
D/InputEventConsistencyVerifier(  383):   5: sent at 176365000000, (unhandled) KeyEvent { action=ACTION_DOWN, keyCode=KEYCODE_MEDIA_PREVIOUS, scanCode=0, metaState=0, flags=0x8, repeatCount=0, eventTime=176365, downTime=176365, deviceId=-1, source=0x101 }
D/InputEventConsistencyVerifier(  383): KeyEvent: ACTION_UP but key was not down.
D/InputEventConsistencyVerifier(  383):   in android.widget.FrameLayout@b3e9b970
D/InputEventConsistencyVerifier(  383):   0: sent at 176674000000, KeyEvent { action=ACTION_UP, keyCode=KEYCODE_DPAD_DOWN, scanCode=0, metaState=0, flags=0x400, repeatCount=0, eventTime=176674, downTime=176674, deviceId=-1, source=0x101 }
D/InputEventConsistencyVerifier(  383):   -- recent events --
D/InputEventConsistencyVerifier(  383):   1: sent at 151850000000, (unhandled) KeyEvent { action=ACTION_UP, keyCode=KEYCODE_DPAD_DOWN, scanCode=0, metaState=0, flags=0x8, repeatCount=0, eventTime=151850, downTime=151850, deviceId=-1, source=0x101 }
D/InputEventConsistencyVerifier(  383):   2: sent at 151772000000, (unhandled) KeyEvent { action=ACTION_DOWN, keyCode=KEYCODE_DPAD_DOWN, scanCode=0, metaState=0, flags=0x8, repeatCount=0, eventTime=151772, downTime=151772, deviceId=-1, source=0x101 }
D/InputEventConsistencyVerifier(  383):   3: sent at 151739000000, (unhandled) KeyEvent { action=ACTION_UP, keyCode=KEYCODE_DPAD_RIGHT, scanCode=0, metaState=0, flags=0x8, repeatCount=0, eventTime=151739, downTime=151739, deviceId=-1, source=0x101 }
D/InputEventConsistencyVerifier(  383):   4: sent at 151734000000, (unhandled) KeyEvent { action=ACTION_DOWN, keyCode=KEYCODE_DPAD_RIGHT, scanCode=0, metaState=0, flags=0x8, repeatCount=0, eventTime=151734, downTime=151734, deviceId=-1, source=0x101 }
D/InputEventConsistencyVerifier(  383):   5: sent at 151714000000, (unhandled) KeyEvent { action=ACTION_UP, keyCode=KEYCODE_DPAD_DOWN, scanCode=0, metaState=0, flags=0x80000008, repeatCount=0, eventTime=151714, downTime=151714, deviceId=-1, source=0x101 }
D/PhoneStatusBar(  383): disable: < expand icons alerts ticker* system_info back home recent clock >
V/PhoneStatusBar(  383): setLightsOn(true)
W/DroidBox( 1084): DroidBox: { "ServiceStart": { "name": "com.android.music.MediaPlaybackService" } }
W/DroidBox( 1084): DroidBox: { "ServiceStart": { "name": "com.android.music.MediaPlaybackService" } }
D/InputEventConsistencyVerifier( 1013): KeyEvent: ACTION_UP but key was not down.
D/InputEventConsistencyVerifier( 1013):   in android.widget.FrameLayout@b40128f0
D/InputEventConsistencyVerifier( 1013):   0: sent at 176712000000, KeyEvent { action=ACTION_UP, keyCode=KEYCODE_DPAD_DOWN, scanCode=0, metaState=0, flags=0x400, repeatCount=0, eventTime=176712, downTime=176712, deviceId=-1, source=0x101 }
D/InputEventConsistencyVerifier( 1013):   -- recent events --
D/InputEventConsistencyVerifier( 1013):   1: sent at 176627000000, (unhandled) MotionEvent { action=ACTION_MOVE, id[0]=0, x[0]=1.0, y[0]=4.0, toolType[0]=TOOL_TYPE_UNKNOWN, buttonState=0, metaState=0, flags=0x0, edgeFlags=0x0, pointerCount=1, historySize=9, eventTime=176627, downTime=-1, deviceId=0, source=0x10004 }
D/InputEventConsistencyVerifier( 1013):   2: sent at 176187000000, (unhandled) MotionEvent { action=ACTION_DOWN, id[0]=0, x[0]=46.0, y[0]=91.0, toolType[0]=TOOL_TYPE_UNKNOWN, buttonState=0, metaState=0, flags=0x0, edgeFlags=0x0, pointerCount=1, historySize=0, eventTime=176187, downTime=176186, deviceId=0, source=0x1002 }
D/InputEventConsistencyVerifier( 1013):   3: sent at 176123000000, KeyEvent { action=ACTION_UP, keyCode=KEYCODE_MENU, scanCode=0, metaState=0, flags=0x8, repeatCount=0, eventTime=176123, downTime=176123, deviceId=-1, source=0x101 }
D/InputEventConsistencyVerifier( 1013):   4: sent at 176101000000, KeyEvent { action=ACTION_DOWN, keyCode=KEYCODE_MENU, scanCode=0, metaState=0, flags=0x8, repeatCount=0, eventTime=176101, downTime=176101, deviceId=-1, source=0x101 }
D/InputEventConsistencyVerifier( 1013):   5: sent at 175686000000, (unhandled) KeyEvent { action=ACTION_DOWN, keyCode=KEYCODE_DPAD_UP, scanCode=0, metaState=0, flags=0x8, repeatCount=0, eventTime=175686, downTime=175686, deviceId=-1, source=0x101 }
E/WVMExtractor(   60): Failed to open libwvm.so
E/MetadataRetrieverClient(   60): failed to extract an album art
E/WVMExtractor(   60): Failed to open libwvm.so
I/ActivityManager(  222): START {act=android.intent.action.CALL_BUTTON flg=0x10000000 cmp=com.android.contacts/.activities.DialtactsActivity u=0} from pid 1013
I/AudioService(  222):  AudioFocus  requestAudioFocus() from android.media.AudioManager@b3e6a8a8com.android.music.MediaPlaybackService$3@b3e690e0
W/WindowManager(  222): Failure taking screenshot for (246x410) to layer 21015
E/MetadataRetrieverClient(   60): failed to extract an album art
I/AudioService(  222):   Remote Control   registerMediaButtonIntent() for PendingIntent{b3eda330: PendingIntentRecord{b3fb0320 com.android.music broadcastIntent}}
D/FlurryAgent( 1013): Initializing Flurry session
D/FlurryAgent( 1013): New session
D/FlurryAgent( 1013): generating report
D/FlurryAgent( 1013): Sending report to: http://data.flurry.com/aap.do
V/PhoneStatusBar(  383): setLightsOn(true)
I/ActivityManager(  222): No longer want com.android.contacts (pid 660): hidden #16
W/DroidBox( 1013): DroidBox: { "OpenNet": { "desthost": "74.6.138.65", "destport": "80", "fd": "57" } }
I/Choreographer( 1013): Skipped 54 frames!  The application may be doing too much work on its main thread.
W/DroidBox( 1013): DroidBox: { "SendNet": { "operation": "send", "data": "504f5354202f6161702e646f20485454502f312e310d0a436f6e74656e742d4c656e6774683a203234360d0a436f6e74656e742d547970653a206170706c69636174696f6e2f6f637465742d73747265616d0d0a486f73743a20646174612e666c757272", "desthost": "74.6.138.65", "destport": "80" , "fd": "57"} }
W/DroidBox( 1013): DroidBox: { "RecvNet": { "srchost": "74.6.138.65", "data": "485454502f312e3120323030204f4b0d0a446174653a204672692c2032382046656220323032352031353a30313a343720474d540d0a436f6e6e656374696f6e3a20636c6f73650d0a5365727665723a204154530d0a43616368652d436f6e74726f6c3a", "srcport": "80", "fd": "57" } }
D/FlurryAgent( 1013): Report successful
D/FlurryAgent( 1013): Processing report response
D/FlurryAgent( 1013): Sending report exception: null
I/Choreographer( 1013): Skipped 53 frames!  The application may be doing too much work on its main thread.
W/dalvikvm( 1013): DroidBox: { "FdAccess": { "path": "706970653a5b333936355d", "id": "1240108374" } }
W/DroidBox( 1013): DroidBox: { "FileRW": { "operation": "read", "data": "5553455220202020205049442020205050494420205653495a4520205253532020202020574348414e2020202050432020202020202020204e414d450a726f6f742020202020203120202020203020202020203334342020202032303820202066666666", "id": "1240108374" } }
W/dalvikvm( 1013): DroidBox: { "FdAccess": { "path": "706970653a5b333936355d", "id": "283282405" } }
W/DroidBox( 1013): DroidBox: { "FileRW": { "operation": "read", "data": "202020383230202020353820202020313637303932203239393732206666666666666666203030303030303030205320636f6d2e616e64726f69642e646566636f6e7461696e65720a75305f613132202020203833342020203538202020203137393132", "id": "283282405" } }
W/dalvikvm( 1013): DroidBox: { "FdAccess": { "path": "706970653a5b333936355d", "id": "872932417" } }
W/DroidBox( 1013): DroidBox: { "FileRW": { "operation": "read", "data": "00000000000000000000000000000000000000000000000000000000000000000000000000000000000000000000000000000000000000000000000000000000000000000000000000000000000000000000000000000000000000000000000000000000", "id": "872932417" } }
W/DroidBox( 1013): DroidBox: { "OpenNet": { "desthost": "172.253.122.95", "destport": "443", "fd": "60" } }
D/skia    ( 1013): --- SkImageDecoder::Factory returned null
W/dalvikvm(  993): DroidBox: { "FdAccess": { "path": "2f6465762f696e7075742f6576656e7430", "id": "1257393604" } }
W/DroidBox(  993): DroidBox: { "FileRW": { "operation": "write", "data": "7f060000efbfbd3901000500000001000000", "id": "1257393604" } }
I/Choreographer( 1013): Skipped 143 frames!  The application may be doing too much work on its main thread.
W/InputMethodManagerService(  222): Window already focused, ignoring focus gain of: com.android.internal.view.IInputMethodClient$Stub$Proxy@b3fe51d8 attribute=null
V/Localytics( 1013): Opening old closed session and reconnecting
V/Localytics( 1013): Opening old closed session and reconnecting
I/Choreographer( 1013): Skipped 54 frames!  The application may be doing too much work on its main thread.
I/Choreographer( 1013): Skipped 30 frames!  The application may be doing too much work on its main thread.
I/Choreographer( 1013): Skipped 87 frames!  The application may be doing too much work on its main thread.
