D/InputEventConsistencyVerifier(  427):   0: sent at 119751000000, KeyEvent { action=ACTION_UP, keyCode=KEYCODE_DPAD_RIGHT, scanCode=0, metaState=0, flags=0x8, repeatCount=0, eventTime=119751, downTime=119751, deviceId=-1, source=0x101 }
D/InputEventConsistencyVerifier(  427):   -- recent events --
D/InputEventConsistencyVerifier(  427):   1: sent at 119607000000, (unhandled) KeyEvent { action=ACTION_UP, keyCode=KEYCODE_DPAD_DOWN, scanCode=0, metaState=0, flags=0x8, repeatCount=0, eventTime=119607, downTime=119607, deviceId=-1, source=0x101 }
D/InputEventConsistencyVerifier(  427):   2: sent at 119603000000, (unhandled) KeyEvent { action=ACTION_DOWN, keyCode=KEYCODE_DPAD_DOWN, scanCode=0, metaState=0, flags=0x8, repeatCount=0, eventTime=119603, downTime=119603, deviceId=-1, source=0x101 }
D/InputEventConsistencyVerifier(  427):   3: sent at 119587000000, (unhandled) KeyEvent { action=ACTION_UP, keyCode=KEYCODE_DPAD_UP, scanCode=0, metaState=0, flags=0x8, repeatCount=0, eventTime=119587, downTime=119587, deviceId=-1, source=0x101 }
D/InputEventConsistencyVerifier(  427):   4: sent at 119582000000, (unhandled) KeyEvent { action=ACTION_DOWN, keyCode=KEYCODE_DPAD_UP, scanCode=0, metaState=0, flags=0x8, repeatCount=0, eventTime=119582, downTime=119582, deviceId=-1, source=0x101 }
D/InputEventConsistencyVerifier(  427):   5: sent at 119532000000, (unhandled) KeyEvent { action=ACTION_UP, keyCode=KEYCODE_DPAD_UP, scanCode=0, metaState=0, flags=0x8, repeatCount=0, eventTime=119532, downTime=119532, deviceId=-1, source=0x101 }
I/Choreographer(  427): Skipped 61 frames!  The application may be doing too much work on its main thread.
W/dalvikvm(  427): DroidBox: { "FdAccess": { "path": "2f70726f632f6d656d696e666f", "id": "1202569318" } }
W/DroidBox(  427): DroidBox: { "FileRW": { "operation": "read", "data": "4d656d546f74616c3a202020202020202020373438393634206b420a4d656d467265653a20202020202020202020343736303230206b420a427566666572733a20202020202020202020202034393238206b420a4361636865643a202020202020202020", "id": "1202569318" } }
W/dalvikvm(  427): DroidBox: { "FdAccess": { "path": "2f70726f632f6d656d696e666f", "id": "1393497296" } }
W/DroidBox(  427): DroidBox: { "FileRW": { "operation": "read", "data": "4d656d546f74616c3a202020202020202020373438393634206b420a4d656d467265653a20202020202020202020343736303230206b420a427566666572733a20202020202020202020202034393238206b420a4361636865643a202020202020202020", "id": "1393497296" } }
W/dalvikvm(  427): DroidBox: { "FdAccess": { "path": "2f70726f632f6d656d696e666f", "id": "728850511" } }
W/DroidBox(  427): DroidBox: { "FileRW": { "operation": "read", "data": "4d656d546f74616c3a202020202020202020373438393634206b420a4d656d467265653a20202020202020202020343736303230206b420a427566666572733a20202020202020202020202034393238206b420a4361636865643a202020202020202020", "id": "728850511" } }
W/dalvikvm(  427): DroidBox: { "FdAccess": { "path": "2f70726f632f6d656d696e666f", "id": "1557178570" } }
W/DroidBox(  427): DroidBox: { "FileRW": { "operation": "read", "data": "4d656d546f74616c3a202020202020202020373438393634206b420a4d656d467265653a20202020202020202020343736303230206b420a427566666572733a20202020202020202020202034393238206b420a4361636865643a202020202020202020", "id": "1557178570" } }
E/WVMExtractor(   63): Failed to open libwvm.so
I/InputDispatcher(  232): Dropped event because of pending overdue app switch.
W/InputManager(  232): Input event injection from pid 942 failed.
I/ActivityManager(  232): START {act=android.intent.action.MAIN cat=[android.intent.category.LAUNCHER] flg=0x10200000 cmp=org.me.androidapplication1/.MoviePlayer u=0} from pid 942
D/InputEventConsistencyVerifier(  427): KeyEvent: ACTION_UP but key was not down.
D/InputEventConsistencyVerifier(  427):   in android.widget.FrameLayout@b3e3e200
D/InputEventConsistencyVerifier(  427):   0: sent at 120366000000, KeyEvent { action=ACTION_UP, keyCode=KEYCODE_DPAD_DOWN, scanCode=0, metaState=0, flags=0x8, repeatCount=0, eventTime=120366, downTime=120366, deviceId=-1, source=0x101 }
D/InputEventConsistencyVerifier(  427):   -- recent events --
D/InputEventConsistencyVerifier(  427):   1: sent at 119607000000, (unhandled) KeyEvent { action=ACTION_UP, keyCode=KEYCODE_DPAD_DOWN, scanCode=0, metaState=0, flags=0x80000008, repeatCount=0, eventTime=119607, downTime=119607, deviceId=-1, source=0x101 }
D/InputEventConsistencyVerifier(  427):   2: sent at 118903000000, (unhandled) KeyEvent { action=ACTION_UP, keyCode=KEYCODE_S, scanCode=0, metaState=0, flags=0x8, repeatCount=0, eventTime=118903, downTime=118903, deviceId=-1, source=0x101 }
D/InputEventConsistencyVerifier(  427):   3: sent at 118897000000, (unhandled) KeyEvent { action=ACTION_DOWN, keyCode=KEYCODE_S, scanCode=0, metaState=0, flags=0x8, repeatCount=0, eventTime=118897, downTime=118897, deviceId=-1, source=0x101 }
D/InputEventConsistencyVerifier(  427):   4: sent at 118888000000, (unhandled) KeyEvent { action=ACTION_UP, keyCode=KEYCODE_DPAD_LEFT, scanCode=0, metaState=0, flags=0x8, repeatCount=0, eventTime=118888, downTime=118888, deviceId=-1, source=0x101 }
D/InputEventConsistencyVerifier(  427):   5: sent at 118873000000, (unhandled) KeyEvent { action=ACTION_DOWN, keyCode=KEYCODE_DPAD_LEFT, scanCode=0, metaState=0, flags=0x8, repeatCount=0, eventTime=118873, downTime=118873, deviceId=-1, source=0x101 }
I/Choreographer(  427): Skipped 89 frames!  The application may be doing too much work on its main thread.
W/dalvikvm(  427): DroidBox: { "FdAccess": { "path": "2f70726f632f6d656d696e666f", "id": "1772144110" } }
W/DroidBox(  427): DroidBox: { "FileRW": { "operation": "read", "data": "4d656d546f74616c3a202020202020202020373438393634206b420a4d656d467265653a20202020202020202020343735363430206b420a427566666572733a20202020202020202020202034393238206b420a4361636865643a202020202020202020", "id": "1772144110" } }
W/InputMethodManagerService(  232): Window already focused, ignoring focus gain of: com.android.internal.view.IInputMethodClient$Stub$Proxy@b3f58800 attribute=null
I/Choreographer(  427): Skipped 39 frames!  The application may be doing too much work on its main thread.
D/PhoneStatusBar(  427): disable: < expand icons alerts ticker* system_info back home recent clock >
V/PhoneStatusBar(  427): setLightsOn(true)
W/DroidBox(  775): DroidBox: { "ServiceStart": { "name": "com.android.providers.downloads.DownloadService" } }
W/DroidBox(  775): DroidBox: { "ServiceStart": { "name": "com.android.providers.downloads.DownloadService" } }
D/AlertReceiver(  608): onReceive: a=android.intent.action.PROVIDER_CHANGED Intent { act=android.intent.action.PROVIDER_CHANGED dat=content://com.android.calendar flg=0x10 cmp=com.android.calendar/.alerts.AlertReceiver }
W/DroidBox(  608): DroidBox: { "ServiceStart": { "name": "com.android.calendar.alerts.AlertService" } }
W/DroidBox(  608): DroidBox: { "ServiceStart": { "name": "com.android.calendar.alerts.AlertService" } }
D/AlertService(  608): 0 Action = android.intent.action.PROVIDER_CHANGED
D/AlertService(  608): Beginning updateAlertNotification
I/ActivityManager(  232): START {act=android.intent.action.CALL_BUTTON flg=0x10000000 cmp=com.android.contacts/.activities.DialtactsActivity u=0} from pid 960
W/DroidBox(  725): DroidBox: { "ServiceStart": { "name": "com.android.providers.calendar.CalendarProviderIntentService" } }
W/DroidBox(  725): DroidBox: { "ServiceStart": { "name": "com.android.providers.calendar.CalendarProviderIntentService" } }
W/dalvikvm(  857): DroidBox: { "FdAccess": { "path": "2f646174612f646174612f636f6d2e616e64726f69642e67616c6c65727933642f7368617265645f70726566732f636f6d2e616e64726f69642e67616c6c65727933645f707265666572656e6365732e786d6c", "id": "1404695654" } }
W/DroidBox(  857): DroidBox: { "FileRW": { "operation": "write", "data": "3c3f786d6c2076657273696f6e3d27312e302720656e636f64696e673d277574662d3827207374616e64616c6f6e653d2779657327203f3e0a3c6d61703e0a3c696e74206e616d653d227061636b616765732d76657273696f6e222076616c75653d2234", "id": "1404695654" } }
D/InputEventConsistencyVerifier(  960): TrackballEvent: Trackball is down but pressure is not greater than 0.
D/InputEventConsistencyVerifier(  960):   in android.view.ViewRootImpl@b3e51e38
D/InputEventConsistencyVerifier(  960):   0: sent at 121965000000, MotionEvent { action=ACTION_DOWN, id[0]=0, x[0]=0.0, y[0]=0.0, toolType[0]=TOOL_TYPE_UNKNOWN, buttonState=0, metaState=0, flags=0x0, edgeFlags=0x0, pointerCount=1, historySize=0, eventTime=121965, downTime=121836, deviceId=0, source=0x10004 }
D/InputEventConsistencyVerifier(  960):   -- recent events --
D/InputEventConsistencyVerifier(  960):   1: sent at 121935000000, MotionEvent { action=ACTION_MOVE, id[0]=0, x[0]=-3.0, y[0]=0.0, toolType[0]=TOOL_TYPE_UNKNOWN, buttonState=0, metaState=0, flags=0x0, edgeFlags=0x0, pointerCount=1, historySize=6, eventTime=121935, downTime=-1, deviceId=0, source=0x10004 }
D/InputEventConsistencyVerifier(  960):   2: sent at 121941000000, KeyEvent { action=ACTION_UP, keyCode=KEYCODE_DPAD_DOWN, scanCode=0, metaState=0, flags=0x400, repeatCount=0, eventTime=121941, downTime=121941, deviceId=-1, source=0x101 }
D/InputEventConsistencyVerifier(  960):   3: sent at 121941000000, KeyEvent { action=ACTION_DOWN, keyCode=KEYCODE_DPAD_DOWN, scanCode=0, metaState=0, flags=0x400, repeatCount=0, eventTime=121941, downTime=121941, deviceId=-1, source=0x101 }
D/InputEventConsistencyVerifier(  960):   4: sent at 121931000000, KeyEvent { action=ACTION_UP, keyCode=KEYCODE_DPAD_DOWN, scanCode=0, metaState=0, flags=0x400, repeatCount=0, eventTime=121931, downTime=121931, deviceId=-1, source=0x101 }
D/InputEventConsistencyVerifier(  960):   5: sent at 121931000000, KeyEvent { action=ACTION_DOWN, keyCode=KEYCODE_DPAD_DOWN, scanCode=0, metaState=0, flags=0x400, repeatCount=0, eventTime=121931, downTime=121931, deviceId=-1, source=0x101 }
I/ActivityManager(  232): Start proc com.android.musicfx for broadcast com.android.musicfx/.Compatibility$Receiver: pid=1006 uid=10025 gids={3003, 3002, 1028}
I/Choreographer(  627): Skipped 39 frames!  The application may be doing too much work on its main thread.
W/BackupManagerService(  232): dataChanged but no participant pkg='com.android.providers.settings' uid=10011
E/Trace   ( 1006): error opening trace file: No such file or directory (2)
E/MetadataRetrieverClient(   63): failed to extract an album art
E/WVMExtractor(   63): Failed to open libwvm.so
W/DroidBox( 1006): DroidBox: { "DexClassLoader": { "path": "/system/app/MusicFX.apk" } }
W/DroidBox( 1006): DroidBox: { "ServiceStart": { "name": "com.android.musicfx.Compatibility$Service" } }
W/DroidBox( 1006): DroidBox: { "ServiceStart": { "name": "com.android.musicfx.Compatibility$Service" } }
I/ContactsDatabaseHelper(  567): Locale change completed in 11903ms
I/ContactsDatabaseHelper(  567): Switching to locale en_US
I/ActivityManager(  232): Start proc com.svox.pico for broadcast com.svox.pico/.VoiceDataInstallerReceiver: pid=1019 uid=10030 gids={1015, 1028}
E/WVMExtractor(   63): Failed to open libwvm.so
I/ActivityManager(  232): START {act=android.intent.action.MAIN cat=[android.intent.category.LAUNCHER] flg=0x10200000 cmp=org.me.androidapplication1/.MoviePlayer u=0} from pid 942
E/Trace   ( 1019): error opening trace file: No such file or directory (2)
I/Choreographer(  960): Skipped 86 frames!  The application may be doing too much work on its main thread.
W/DroidBox( 1019): DroidBox: { "DexClassLoader": { "path": "/system/app/PicoTts.apk" } }
W/InputMethodManagerService(  232): Window already focused, ignoring focus gain of: com.android.internal.view.IInputMethodClient$Stub$Proxy@b3eda500 attribute=null
I/ActivityThread( 1019): Pub com.svox.pico.providers.SettingsProvider: com.svox.pico.providers.SettingsProvider
W/dalvikvm(  232): DroidBox: { "FdAccess": { "path": "2f70726f632f313030362f636d646c696e65", "id": "175408003" } }
W/DroidBox(  232): DroidBox: { "FileRW": { "operation": "read", "data": "636f6d2e616e64726f69642e6d75736963667800000000000000000000000000000000000000000000000000000000000000000000000000000000000000000000000000000000000000000035323233373561313961303561353231656461302e61706b", "id": "175408003" } }
W/dalvikvm(  232): DroidBox: { "FdAccess": { "path": "2f70726f632f313031392f636d646c696e65", "id": "1044351481" } }
W/DroidBox(  232): DroidBox: { "FileRW": { "operation": "read", "data": "636f6d2e73766f782e7069636f00000000000000000000000000000000000000000000000000000000000000000000000000000000000000000000000000000000000000000000000000000035323233373561313961303561353231656461302e61706b", "id": "1044351481" } }
I/Choreographer(  960): Skipped 30 frames!  The application may be doing too much work on its main thread.
W/ActivityManager(  232): Permission denied: checkComponentPermission() owningUid=1000
W/BroadcastQueue(  232): Permission Denial: broadcasting Intent { act=android.appwidget.action.APPWIDGET_UPDATE_OPTIONS flg=0x10 cmp=com.android.settings/.widget.SettingsAppWidgetProvider (has extras) } from android (pid=627, uid=10019) is not exported from uid 1000 due to receiver com.android.settings/com.android.settings.widget.SettingsAppWidgetProvider
I/ActivityManager(  232): Start proc com.android.quicksearchbox for broadcast com.android.quicksearchbox/.CorporaUpdateReceiver: pid=1035 uid=10033 gids={3003, 1028}
D/ExchangeService(  827): Received deviceId from Email app: androidc1412937439
D/ExchangeService(  827): Reconciling accounts...
E/WVMExtractor(   63): Failed to open libwvm.so
E/Trace   ( 1035): error opening trace file: No such file or directory (2)
W/DroidBox( 1035): DroidBox: { "DexClassLoader": { "path": "/system/app/QuickSearchBox.apk" } }
W/dalvikvm( 1006): DroidBox: { "FdAccess": { "path": "2f646174612f646174612f636f6d2e616e64726f69642e6d7573696366782f7368617265645f70726566732f6d7573696366782e786d6c", "id": "1132408437" } }
I/Choreographer(  960): Skipped 45 frames!  The application may be doing too much work on its main thread.
W/DroidBox( 1006): DroidBox: { "FileRW": { "operation": "write", "data": "3c3f786d6c2076657273696f6e3d27312e302720656e636f64696e673d277574662d3827207374616e64616c6f6e653d2779657327203f3e0a3c6d61703e0a3c737472696e67206e616d653d2264656661756c7470616e656c7061636b616765223e636f", "id": "1132408437" } }
I/ActivityThread( 1035): Pub com.android.quicksearchbox.google: com.android.quicksearchbox.google.GoogleSuggestionProvider
I/ActivityManager(  232): START {act=android.intent.action.MAIN cat=[android.intent.category.HOME] flg=0x10200000 cmp=com.android.launcher/com.android.launcher2.Launcher u=0} from pid 232
I/Choreographer(  960): Skipped 80 frames!  The application may be doing too much work on its main thread.
W/InputMethodManagerService(  232): Window already focused, ignoring focus gain of: com.android.internal.view.IInputMethodClient$Stub$Proxy@b3f212c0 attribute=null
E/WVMExtractor(   63): Failed to open libwvm.so
I/ActivityThread( 1035): Pub com.android.quicksearchbox.shortcuts: com.android.quicksearchbox.ShortcutsProvider
I/ActivityManager(  232): START {act=android.intent.action.MAIN cat=[android.intent.category.LAUNCHER] flg=0x10200000 cmp=org.me.androidapplication1/.MoviePlayer u=0} from pid 942
W/dalvikvm(  857): DroidBox: { "FdAccess": { "path": "2f646174612f646174612f636f6d2e616e64726f69642e67616c6c65727933642f7368617265645f70726566732f636f6d2e616e64726f69642e67616c6c65727933645f707265666572656e6365732e786d6c", "id": "753332009" } }
W/DroidBox(  857): DroidBox: { "FileRW": { "operation": "write", "data": "3c3f786d6c2076657273696f6e3d27312e302720656e636f64696e673d277574662d3827207374616e64616c6f6e653d2779657327203f3e0a3c6d61703e0a3c696e74206e616d653d227061636b616765732d76657273696f6e222076616c75653d2235", "id": "753332009" } }
W/dalvikvm(  857): DroidBox: { "FdAccess": { "path": "2f646174612f646174612f636f6d2e616e64726f69642e67616c6c65727933642f7368617265645f70726566732f636f6d2e616e64726f69642e67616c6c65727933645f707265666572656e6365732e786d6c", "id": "1873840997" } }
W/DroidBox(  857): DroidBox: { "FileRW": { "operation": "write", "data": "3c3f786d6c2076657273696f6e3d27312e302720656e636f64696e673d277574662d3827207374616e64616c6f6e653d2779657327203f3e0a3c6d61703e0a3c696e74206e616d653d227061636b616765732d76657273696f6e222076616c75653d2236", "id": "1873840997" } }
I/Email   (  801): Onetime initialization: completed.
W/dalvikvm(  801): DroidBox: { "FdAccess": { "path": "2f646174612f646174612f636f6d2e616e64726f69642e656d61696c2f7368617265645f70726566732f416e64726f69644d61696c2e4d61696e2e786d6c", "id": "739483275" } }
W/DroidBox(  801): DroidBox: { "FileRW": { "operation": "write", "data": "3c3f786d6c2076657273696f6e3d27312e302720656e636f64696e673d277574662d3827207374616e64616c6f6e653d2779657327203f3e0a3c6d61703e0a3c696e74206e616d653d226f6e6554696d65496e697469616c697a6174696f6e50726f6772", "id": "739483275" } }
I/ActivityManager(  232): Start proc com.android.music for broadcast com.android.music/.MediaButtonIntentReceiver: pid=1057 uid=10024 gids={3003, 1015, 1028}
D/ExchangeService(  827): !!! EAS ExchangeService, onStartCommand, startingUp = false, running = false
D/ExchangeService(  827): Reconciling accounts...
D/PackageManager(  232): generateServicesMap(android.accounts.AccountAuthenticator): 2 services unchanged
D/PackageManager(  232): generateServicesMap(android.content.SyncAdapter): 4 services unchanged
I/ActivityManager(  232): START {act=android.intent.action.MAIN cat=[android.intent.category.LAUNCHER] flg=0x10200000 cmp=org.me.androidapplication1/.MoviePlayer u=0} from pid 942
I/InputReader(  232): Reconfiguring input devices.  changes=0x00000010
D/PackageManager(  232): generateServicesMap(android.accounts.AccountAuthenticator): 2 services unchanged
D/PackageManager(  232): generateServicesMap(android.content.SyncAdapter): 4 services unchanged
I/InputReader(  232): Reconfiguring input devices.  changes=0x00000010
E/Trace   ( 1057): error opening trace file: No such file or directory (2)
I/AccountTypeManager(  703): Loaded meta-data for 1 account types, 0 accounts in 106ms(wall) 0ms(cpu)
I/AccountTypeManager(  703): Loaded meta-data for 1 account types, 0 accounts in 81ms(wall) 10ms(cpu)
I/Launcher(  627): setLoadOnResume
W/DroidBox( 1057): DroidBox: { "DexClassLoader": { "path": "/system/app/Music.apk" } }
I/ContactsDatabaseHelper(  567): Locale change completed in 7586ms
W/dalvikvm(  567): DroidBox: { "FdAccess": { "path": "2f646174612f646174612f636f6d2e616e64726f69642e70726f7669646572732e636f6e74616374732f7368617265645f70726566732f636f6d2e616e64726f69642e70726f7669646572732e636f6e74616374735f707265666572656e6365732e786d6c", "id": "811063512" } }
W/DroidBox(  567): DroidBox: { "FileRW": { "operation": "write", "data": "3c3f786d6c2076657273696f6e3d27312e302720656e636f64696e673d277574662d3827207374616e64616c6f6e653d2779657327203f3e0a3c6d61703e0a3c737472696e67206e616d653d226c6f63616c65223e656e5f55533c2f737472696e673e0a", "id": "811063512" } }
I/ContactsProvider(  567): Upgrading aggregation algorithm
I/ContactAggregator(  567): Marked all visible contacts for aggregation: 0 raw contacts, 67 ms
I/ContactsProvider(  567): Aggregation algorithm upgraded for 0 raw contacts in 239ms
W/DroidBox( 1057): DroidBox: { "ServiceStart": { "name": "com.android.music.MediaPlaybackService" } }
W/DroidBox( 1057): DroidBox: { "ServiceStart": { "name": "com.android.music.MediaPlaybackService" } }
I/ContactsFTS(  567): Rebuild contact search index in 484ms, 0 contacts
E/WVMExtractor(   63): Failed to open libwvm.so
I/AudioService(  232):   Remote Control   registerMediaButtonIntent() for PendingIntent{b41b4c30: PendingIntentRecord{b3ecb430 com.android.music broadcastIntent}}
I/ActivityManager(  232): START {act=android.intent.action.MAIN cat=[android.intent.category.HOME] flg=0x10200000 cmp=com.android.launcher/com.android.launcher2.Launcher u=0} from pid 232
I/InputDispatcher(  232): Dropped event because of pending overdue app switch.
W/InputManager(  232): Input event injection from pid 942 failed.
D/InputEventConsistencyVerifier(  960): KeyEvent: ACTION_UP but key was not down.
D/InputEventConsistencyVerifier(  960):   in android.view.ViewRootImpl@b3e51e38
D/InputEventConsistencyVerifier(  960):   0: sent at 135465000000, KeyEvent { action=ACTION_UP, keyCode=KEYCODE_DPAD_UP, scanCode=0, metaState=0, flags=0x8, repeatCount=0, eventTime=135465, downTime=135465, deviceId=-1, source=0x101 }
D/InputEventConsistencyVerifier(  960):   -- recent events --
D/InputEventConsistencyVerifier(  960):   1: sent at 135422000000, MotionEvent { action=ACTION_UP, id[0]=0, x[0]=268.0, y[0]=507.0, toolType[0]=TOOL_TYPE_UNKNOWN, buttonState=0, metaState=0, flags=0x0, edgeFlags=0x0, pointerCount=1, historySize=0, eventTime=135422, downTime=135398, deviceId=0, source=0x1002 }
D/InputEventConsistencyVerifier(  960):   2: sent at 135398000000, MotionEvent { action=ACTION_DOWN, id[0]=0, x[0]=274.0, y[0]=502.0, toolType[0]=TOOL_TYPE_UNKNOWN, buttonState=0, metaState=0, flags=0x0, edgeFlags=0x0, pointerCount=1, historySize=0, eventTime=135398, downTime=135398, deviceId=0, source=0x1002 }
D/InputEventConsistencyVerifier(  960):   3: sent at 135329000000, KeyEvent { action=ACTION_UP, keyCode=KEYCODE_DPAD_LEFT, scanCode=0, metaState=0, flags=0x8, repeatCount=0, eventTime=135329, downTime=135329, deviceId=-1, source=0x101 }
D/InputEventConsistencyVerifier(  960):   4: sent at 135282000000, KeyEvent { action=ACTION_DOWN, keyCode=KEYCODE_DPAD_LEFT, scanCode=0, metaState=0, flags=0x8, repeatCount=0, eventTime=135282, downTime=135282, deviceId=-1, source=0x101 }
D/InputEventConsistencyVerifier(  960):   5: sent at 135220000000, KeyEvent { action=ACTION_UP, keyCode=KEYCODE_DPAD_CENTER, scanCode=0, metaState=0, flags=0x8, repeatCount=0, eventTime=135220, downTime=135220, deviceId=-1, source=0x101 }
W/dalvikvm( 1057): DroidBox: { "FdAccess": { "path": "2f646174612f646174612f636f6d2e616e64726f69642e6d757369632f7368617265645f70726566732f4d757369632e786d6c", "id": "88051930" } }
W/DroidBox( 1057): DroidBox: { "FileRW": { "operation": "write", "data": "3c3f786d6c2076657273696f6e3d27312e302720656e636f64696e673d277574662d3827207374616e64616c6f6e653d2779657327203f3e0a3c6d61703e0a3c737472696e67206e616d653d227175657565223e3c2f737472696e673e0a3c696e74206e", "id": "88051930" } }
E/WVMExtractor(   63): Failed to open libwvm.so
D/AlertService(  608): No fired or scheduled alerts
W/dalvikvm(  232): DroidBox: { "FdAccess": { "path": "2f70726f632f313033352f636d646c696e65", "id": "269808657" } }
W/DroidBox(  232): DroidBox: { "FileRW": { "operation": "read", "data": "636f6d2e616e64726f69642e717569636b736561726368626f78000000000000000000000000000000000000000000000000000000000000000000000000000000000000000000000000000035323233373561313961303561353231656461302e61706b", "id": "269808657" } }
W/dalvikvm(  232): DroidBox: { "FdAccess": { "path": "2f70726f632f313035372f636d646c696e65", "id": "822311867" } }
W/DroidBox(  232): DroidBox: { "FileRW": { "operation": "read", "data": "636f6d2e616e64726f69642e6d75736963000000000000000000000000000000000000000000000000000000000000000000000000000000000000000000000000000000000000000000000035323233373561313961303561353231656461302e61706b", "id": "822311867" } }
W/dalvikvm(  857): DroidBox: { "FdAccess": { "path": "2f646174612f646174612f636f6d2e616e64726f69642e67616c6c65727933642f7368617265645f70726566732f636f6d2e616e64726f69642e67616c6c65727933645f707265666572656e6365732e786d6c", "id": "205312797" } }
W/DroidBox(  857): DroidBox: { "FileRW": { "operation": "write", "data": "3c3f786d6c2076657273696f6e3d27312e302720656e636f64696e673d277574662d3827207374616e64616c6f6e653d2779657327203f3e0a3c6d61703e0a3c696e74206e616d653d227061636b616765732d76657273696f6e222076616c75653d2237", "id": "205312797" } }
I/Choreographer(  960): Skipped 52 frames!  The application may be doing too much work on its main thread.
W/dalvikvm(  857): DroidBox: { "FdAccess": { "path": "2f646174612f646174612f636f6d2e616e64726f69642e67616c6c65727933642f7368617265645f70726566732f636f6d2e616e64726f69642e67616c6c65727933645f707265666572656e6365732e786d6c", "id": "1620671186" } }
W/DroidBox(  857): DroidBox: { "FileRW": { "operation": "write", "data": "3c3f786d6c2076657273696f6e3d27312e302720656e636f64696e673d277574662d3827207374616e64616c6f6e653d2779657327203f3e0a3c6d61703e0a3c696e74206e616d653d227061636b616765732d76657273696f6e222076616c75653d2238", "id": "1620671186" } }
I/Choreographer(  960): Skipped 80 frames!  The application may be doing too much work on its main thread.
D/InputEventConsistencyVerifier(  960): KeyEvent: ACTION_UP but key was not down.
D/InputEventConsistencyVerifier(  960):   in android.view.ViewRootImpl@b3e51e38
D/InputEventConsistencyVerifier(  960):   0: sent at 137581000000, KeyEvent { action=ACTION_UP, keyCode=KEYCODE_DPAD_RIGHT, scanCode=0, metaState=0, flags=0x8, repeatCount=0, eventTime=137581, downTime=137581, deviceId=-1, source=0x101 }
D/InputEventConsistencyVerifier(  960):   -- recent events --
D/InputEventConsistencyVerifier(  960):   1: sent at 135810000000, KeyEvent { action=ACTION_UP, keyCode=KEYCODE_MENU, scanCode=0, metaState=0, flags=0x8, repeatCount=0, eventTime=135810, downTime=135810, deviceId=-1, source=0x101 }
D/InputEventConsistencyVerifier(  960):   2: sent at 135704000000, KeyEvent { action=ACTION_DOWN, keyCode=KEYCODE_MENU, scanCode=0, metaState=0, flags=0x8, repeatCount=0, eventTime=135704, downTime=135704, deviceId=-1, source=0x101 }
D/InputEventConsistencyVerifier(  960):   3: sent at 135770000000, KeyEvent { action=ACTION_UP, keyCode=KEYCODE_DPAD_DOWN, scanCode=0, metaState=0, flags=0x400, repeatCount=0, eventTime=135770, downTime=135770, deviceId=-1, source=0x101 }
D/InputEventConsistencyVerifier(  960):   4: sent at 135770000000, KeyEvent { action=ACTION_DOWN, keyCode=KEYCODE_DPAD_DOWN, scanCode=0, metaState=0, flags=0x400, repeatCount=0, eventTime=135770, downTime=135770, deviceId=-1, source=0x101 }
D/InputEventConsistencyVerifier(  960):   5: sent at 135769000000, KeyEvent { action=ACTION_UP, keyCode=KEYCODE_DPAD_DOWN, scanCode=0, metaState=0, flags=0x400, repeatCount=0, eventTime=135769, downTime=135769, deviceId=-1, source=0x101 }
W/InputMethodManagerService(  232): Window already focused, ignoring focus gain of: com.android.internal.view.IInputMethodClient$Stub$Proxy@b41dbef0 attribute=null
I/ActivityManager(  232): START {act=android.intent.action.MAIN cat=[android.intent.category.LAUNCHER] flg=0x10200000 cmp=org.me.androidapplication1/.MoviePlayer u=0} from pid 942
I/ActivityManager(  232): START {act=android.intent.action.MAIN cat=[android.intent.category.LAUNCHER] flg=0x10200000 cmp=org.me.androidapplication1/.MoviePlayer u=0} from pid 942
W/DroidBox( 1057): DroidBox: { "ServiceStart": { "name": "com.android.music.MediaPlaybackService" } }
W/DroidBox( 1057): DroidBox: { "ServiceStart": { "name": "com.android.music.MediaPlaybackService" } }
E/WVMExtractor(   63): Failed to open libwvm.so
E/WVMExtractor(   63): Failed to open libwvm.so
W/BackupManagerService(  232): dataChanged but no participant pkg='com.android.providers.settings' uid=1001
E/WVMExtractor(   63): Failed to open libwvm.so
E/WVMExtractor(   63): Failed to open libwvm.so
E/WVMExtractor(   63): Failed to open libwvm.so
I/Choreographer(  960): Skipped 47 frames!  The application may be doing too much work on its main thread.
E/WVMExtractor(   63): Failed to open libwvm.so
I/Choreographer(  960): Skipped 31 frames!  The application may be doing too much work on its main thread.
W/InputMethodManagerService(  232): Window already focused, ignoring focus gain of: com.android.internal.view.IInputMethodClient$Stub$Proxy@b3e65470 attribute=null
E/WVMExtractor(   63): Failed to open libwvm.so
E/WVMExtractor(   63): Failed to open libwvm.so
E/WVMExtractor(   63): Failed to open libwvm.so
W/DroidBox( 1057): DroidBox: { "ServiceStart": { "name": "com.android.music.MediaPlaybackService" } }
W/DroidBox( 1057): DroidBox: { "ServiceStart": { "name": "com.android.music.MediaPlaybackService" } }
E/WVMExtractor(   63): Failed to open libwvm.so
I/Choreographer(  960): Skipped 49 frames!  The application may be doing too much work on its main thread.
I/AudioService(  232):  AudioFocus  requestAudioFocus() from android.media.AudioManager@b3e5a450com.android.music.MediaPlaybackService$3@b3e58a00
E/WVMExtractor(   63): Failed to open libwvm.so
I/AudioService(  232):   Remote Control   registerMediaButtonIntent() for PendingIntent{b3f2abe0: PendingIntentRecord{b3ecb430 com.android.music broadcastIntent}}
E/WVMExtractor(   63): Failed to open libwvm.so
E/WVMExtractor(   63): Failed to open libwvm.so
I/ActivityManager(  232): START {act=android.intent.action.MAIN cat=[android.intent.category.HOME] flg=0x10200000 cmp=com.android.launcher/com.android.launcher2.Launcher u=0} from pid 232
E/WVMExtractor(   63): Failed to open libwvm.so
I/InputDispatcher(  232): Dropped event because of pending overdue app switch.
W/InputManager(  232): Input event injection from pid 942 failed.
E/WVMExtractor(   63): Failed to open libwvm.so
E/WVMExtractor(   63): Failed to open libwvm.so
E/WVMExtractor(   63): Failed to open libwvm.so
W/DroidBox( 1057): DroidBox: { "ServiceStart": { "name": "com.android.music.MediaPlaybackService" } }
W/DroidBox( 1057): DroidBox: { "ServiceStart": { "name": "com.android.music.MediaPlaybackService" } }
I/AudioService(  232):  AudioFocus  requestAudioFocus() from android.media.AudioManager@b3e5a450com.android.music.MediaPlaybackService$3@b3e58a00
I/AudioService(  232):   Remote Control   registerMediaButtonIntent() for PendingIntent{b3e34f88: PendingIntentRecord{b3ecb430 com.android.music broadcastIntent}}
E/WVMExtractor(   63): Failed to open libwvm.so
I/Choreographer(  960): Skipped 53 frames!  The application may be doing too much work on its main thread.
I/Choreographer(  960): Skipped 56 frames!  The application may be doing too much work on its main thread.
E/WVMExtractor(   63): Failed to open libwvm.so
W/dalvikvm(  942): DroidBox: { "FdAccess": { "path": "2f6465762f696e7075742f6576656e7430", "id": "541820500" } }
W/DroidBox(  942): DroidBox: { "FileRW": { "operation": "write", "data": "efbfbd060000efbfbdefbfbd0c000500000000000000", "id": "541820500" } }
D/InputEventConsistencyVerifier(  960): KeyEvent: ACTION_UP but key was not down.
D/InputEventConsistencyVerifier(  960):   in android.view.ViewRootImpl@b3e51e38
D/InputEventConsistencyVerifier(  960):   0: sent at 148426000000, KeyEvent { action=ACTION_UP, keyCode=KEYCODE_NUMPAD_DIVIDE, scanCode=0, metaState=0, flags=0x8, repeatCount=0, eventTime=148426, downTime=148426, deviceId=-1, source=0x101 }
D/InputEventConsistencyVerifier(  960):   -- recent events --
D/InputEventConsistencyVerifier(  960):   1: sent at 146969000000, MotionEvent { action=ACTION_UP, id[0]=0, x[0]=203.0, y[0]=151.0, toolType[0]=TOOL_TYPE_UNKNOWN, buttonState=0, metaState=0, flags=0x0, edgeFlags=0x0, pointerCount=1, historySize=0, eventTime=146969, downTime=146949, deviceId=0, source=0x1002 }
D/InputEventConsistencyVerifier(  960):   2: sent at 146950000000, MotionEvent { action=ACTION_DOWN, id[0]=0, x[0]=190.0, y[0]=138.0, toolType[0]=TOOL_TYPE_UNKNOWN, buttonState=0, metaState=0, flags=0x0, edgeFlags=0x0, pointerCount=1, historySize=0, eventTime=146950, downTime=146949, deviceId=0, source=0x1002 }
D/InputEventConsistencyVerifier(  960):   3: sent at 146941000000, MotionEvent { action=ACTION_UP, id[0]=0, x[0]=65.0, y[0]=248.0, toolType[0]=TOOL_TYPE_UNKNOWN, buttonState=0, metaState=0, flags=0x0, edgeFlags=0x0, pointerCount=1, historySize=0, eventTime=146941, downTime=146918, deviceId=0, source=0x1002 }
D/InputEventConsistencyVerifier(  960):   4: sent at 146918000000, MotionEvent { action=ACTION_DOWN, id[0]=0, x[0]=65.0, y[0]=251.0, toolType[0]=TOOL_TYPE_UNKNOWN, buttonState=0, metaState=0, flags=0x0, edgeFlags=0x0, pointerCount=1, historySize=0, eventTime=146918, downTime=146918, deviceId=0, source=0x1002 }
D/InputEventConsistencyVerifier(  960):   5: sent at 146701000000, KeyEvent { action=ACTION_UP, keyCode=KEYCODE_MENU, scanCode=0, metaState=0, flags=0x8, repeatCount=0, eventTime=146701, downTime=146701, deviceId=-1, source=0x101 }
I/Choreographer(  960): Skipped 74 frames!  The application may be doing too much work on its main thread.
W/InputMethodManagerService(  232): Window already focused, ignoring focus gain of: com.android.internal.view.IInputMethodClient$Stub$Proxy@b41772e8 attribute=null
I/ActivityManager(  232): START {act=android.intent.action.MAIN cat=[android.intent.category.HOME] flg=0x10200000 cmp=com.android.launcher/com.android.launcher2.Launcher u=0} from pid 232
E/WVMExtractor(   63): Failed to open libwvm.so
I/InputDispatcher(  232): Dropped event because of pending overdue app switch.
W/InputManager(  232): Input event injection from pid 942 failed.
I/ActivityManager(  232): START {act=android.intent.action.MAIN cat=[android.intent.category.LAUNCHER] flg=0x10200000 cmp=org.me.androidapplication1/.MoviePlayer u=0} from pid 942
E/WVMExtractor(   63): Failed to open libwvm.so
D/InputEventConsistencyVerifier(  960): KeyEvent: ACTION_UP but key was not down.
D/InputEventConsistencyVerifier(  960):   in android.view.ViewRootImpl@b3e51e38
D/InputEventConsistencyVerifier(  960):   0: sent at 149279000000, KeyEvent { action=ACTION_UP, keyCode=KEYCODE_DPAD_CENTER, scanCode=0, metaState=0, flags=0x8, repeatCount=0, eventTime=149279, downTime=149279, deviceId=-1, source=0x101 }
D/InputEventConsistencyVerifier(  960):   -- recent events --
D/InputEventConsistencyVerifier(  960):   1: sent at 149386000000, KeyEvent { action=ACTION_UP, keyCode=KEYCODE_DPAD_LEFT, scanCode=0, metaState=0, flags=0x400, repeatCount=0, eventTime=149386, downTime=149386, deviceId=-1, source=0x101 }
D/InputEventConsistencyVerifier(  960):   2: sent at 149386000000, KeyEvent { action=ACTION_DOWN, keyCode=KEYCODE_DPAD_LEFT, scanCode=0, metaState=0, flags=0x400, repeatCount=0, eventTime=149386, downTime=149386, deviceId=-1, source=0x101 }
D/InputEventConsistencyVerifier(  960):   3: sent at 149385000000, KeyEvent { action=ACTION_UP, keyCode=KEYCODE_DPAD_LEFT, scanCode=0, metaState=0, flags=0x400, repeatCount=0, eventTime=149385, downTime=149385, deviceId=-1, source=0x101 }
D/InputEventConsistencyVerifier(  960):   4: sent at 149385000000, KeyEvent { action=ACTION_DOWN, keyCode=KEYCODE_DPAD_LEFT, scanCode=0, metaState=0, flags=0x400, repeatCount=0, eventTime=149385, downTime=149385, deviceId=-1, source=0x101 }
D/InputEventConsistencyVerifier(  960):   5: sent at 149384000000, KeyEvent { action=ACTION_UP, keyCode=KEYCODE_DPAD_LEFT, scanCode=0, metaState=0, flags=0x400, repeatCount=0, eventTime=149384, downTime=149384, deviceId=-1, source=0x101 }
E/WVMExtractor(   63): Failed to open libwvm.so
E/WVMExtractor(   63): Failed to open libwvm.so
E/WVMExtractor(   63): Failed to open libwvm.so
E/WVMExtractor(   63): Failed to open libwvm.so
I/Choreographer(  960): Skipped 39 frames!  The application may be doing too much work on its main thread.
I/ActivityManager(  232): START {act=android.intent.action.CALL_BUTTON flg=0x10000000 cmp=com.android.contacts/.activities.DialtactsActivity u=0} from pid 960
I/Choreographer(  960): Skipped 120 frames!  The application may be doing too much work on its main thread.
W/InputMethodManagerService(  232): Window already focused, ignoring focus gain of: com.android.internal.view.IInputMethodClient$Stub$Proxy@b4299870 attribute=null
E/WVMExtractor(   63): Failed to open libwvm.so
E/WVMExtractor(   63): Failed to open libwvm.so
E/WVMExtractor(   63): Failed to open libwvm.so
E/WVMExtractor(   63): Failed to open libwvm.so
E/WVMExtractor(   63): Failed to open libwvm.so
E/WVMExtractor(   63): Failed to open libwvm.so
E/WVMExtractor(   63): Failed to open libwvm.so
D/InputEventConsistencyVerifier(  427): TouchEvent: ACTION_DOWN but pointers are already down.  Probably missing ACTION_UP from previous gesture.
D/InputEventConsistencyVerifier(  427):   in android.view.ScaleGestureDetector@b3f1bcd8
D/InputEventConsistencyVerifier(  427):   0: sent at 154891000000, MotionEvent { action=ACTION_DOWN, id[0]=0, x[0]=78.0, y[0]=13.0, toolType[0]=TOOL_TYPE_UNKNOWN, buttonState=0, metaState=0, flags=0x0, edgeFlags=0x0, pointerCount=1, historySize=0, eventTime=154891, downTime=154890, deviceId=0, source=0x1002 }
D/InputEventConsistencyVerifier(  427):   -- recent events --
D/InputEventConsistencyVerifier(  427):   1: sent at 118978000000, MotionEvent { action=ACTION_DOWN, id[0]=0, x[0]=280.0, y[0]=321.0, toolType[0]=TOOL_TYPE_UNKNOWN, buttonState=0, metaState=0, flags=0x0, edgeFlags=0x0, pointerCount=1, historySize=0, eventTime=118978, downTime=118977, deviceId=0, source=0x1002 }
D/InputEventConsistencyVerifier(  427):   2: sent at 118957000000, MotionEvent { action=ACTION_UP, id[0]=0, x[0]=376.0, y[0]=48.0, toolType[0]=TOOL_TYPE_UNKNOWN, buttonState=0, metaState=0, flags=0x0, edgeFlags=0x0, pointerCount=1, historySize=0, eventTime=118957, downTime=118921, deviceId=0, source=0x1002 }
D/InputEventConsistencyVerifier(  427):   3: sent at 118954000000, MotionEvent { action=ACTION_POINTER_UP(1), id[0]=0, x[0]=358.0, y[0]=39.0, toolType[0]=TOOL_TYPE_UNKNOWN, id[1]=1, x[1]=456.0, y[1]=43.0, toolType[1]=TOOL_TYPE_UNKNOWN, buttonState=0, metaState=0, flags=0x0, edgeFlags=0x0, pointerCount=2, historySize=0, eventTime=118954, downTime=118921, deviceId=0, source=0x1002 }
D/InputEventConsistencyVerifier(  427):   4: sent at 118946000000, MotionEvent { action=ACTION_MOVE, id[0]=0, x[0]=346.0, y[0]=38.0, toolType[0]=TOOL_TYPE_UNKNOWN, id[1]=1, x[1]=451.0, y[1]=45.0, toolType[1]=TOOL_TYPE_UNKNOWN, buttonState=0, metaState=0, flags=0x0, edgeFlags=0x0, pointerCount=2, historySize=0, eventTime=118946, downTime=118921, deviceId=0, source=0x1002 }
D/InputEventConsistencyVerifier(  427):   5: sent at 118942000000, MotionEvent { action=ACTION_POINTER_DOWN(1), id[0]=0, x[0]=344.0, y[0]=31.0, toolType[0]=TOOL_TYPE_UNKNOWN, id[1]=1, x[1]=437.0, y[1]=46.0, toolType[1]=TOOL_TYPE_UNKNOWN, buttonState=0, metaState=0, flags=0x0, edgeFlags=0x0, pointerCount=2, historySize=0, eventTime=118942, downTime=118921, deviceId=0, source=0x1002 }
D/InputEventConsistencyVerifier(  427): KeyEvent: ACTION_UP but key was not down.
D/InputEventConsistencyVerifier(  427):   in android.widget.FrameLayout@b3e3e200
D/InputEventConsistencyVerifier(  427):   0: sent at 155028000000, KeyEvent { action=ACTION_UP, keyCode=KEYCODE_DPAD_DOWN, scanCode=0, metaState=0, flags=0x8, repeatCount=0, eventTime=155028, downTime=155028, deviceId=-1, source=0x101 }
D/InputEventConsistencyVerifier(  427):   -- recent events --
D/InputEventConsistencyVerifier(  427):   1: sent at 120488000000, (unhandled) KeyEvent { action=ACTION_UP, keyCode=KEYCODE_DPAD_DOWN, scanCode=0, metaState=0, flags=0x8, repeatCount=0, eventTime=120488, downTime=120488, deviceId=-1, source=0x101 }
D/InputEventConsistencyVerifier(  427):   2: sent at 120427000000, (unhandled) KeyEvent { action=ACTION_DOWN, keyCode=KEYCODE_DPAD_DOWN, scanCode=0, metaState=0, flags=0x8, repeatCount=0, eventTime=120427, downTime=120427, deviceId=-1, source=0x101 }
D/InputEventConsistencyVerifier(  427):   3: sent at 120419000000, (unhandled) KeyEvent { action=ACTION_UP, keyCode=KEYCODE_DPAD_CENTER, scanCode=0, metaState=0, flags=0x8, repeatCount=0, eventTime=120419, downTime=120419, deviceId=-1, source=0x101 }
D/InputEventConsistencyVerifier(  427):   4: sent at 120411000000, (unhandled) KeyEvent { action=ACTION_DOWN, keyCode=KEYCODE_DPAD_CENTER, scanCode=0, metaState=0, flags=0x8, repeatCount=0, eventTime=120411, downTime=120411, deviceId=-1, source=0x101 }
D/InputEventConsistencyVerifier(  427):   5: sent at 120366000000, (unhandled) KeyEvent { action=ACTION_UP, keyCode=KEYCODE_DPAD_DOWN, scanCode=0, metaState=0, flags=0x80000008, repeatCount=0, eventTime=120366, downTime=120366, deviceId=-1, source=0x101 }
W/dalvikvm(  427): DroidBox: { "FdAccess": { "path": "2f70726f632f6d656d696e666f", "id": "1172394744" } }
W/DroidBox(  427): DroidBox: { "FileRW": { "operation": "read", "data": "4d656d546f74616c3a202020202020202020373438393634206b420a4d656d467265653a20202020202020202020343535343030206b420a427566666572733a20202020202020202020202035353038206b420a4361636865643a202020202020202020", "id": "1172394744" } }
I/Choreographer(  427): Skipped 61 frames!  The application may be doing too much work on its main thread.
W/dalvikvm(  427): DroidBox: { "FdAccess": { "path": "2f70726f632f6d656d696e666f", "id": "804305419" } }
W/DroidBox(  427): DroidBox: { "FileRW": { "operation": "read", "data": "4d656d546f74616c3a202020202020202020373438393634206b420a4d656d467265653a20202020202020202020343535343030206b420a427566666572733a20202020202020202020202035353038206b420a4361636865643a202020202020202020", "id": "804305419" } }
V/PhoneStatusBar(  427): setLightsOn(true)
I/Choreographer(  427): Skipped 54 frames!  The application may be doing too much work on its main thread.
D/PhoneStatusBar(  427): disable: < expand icons alerts TICKER* system_info back home recent clock >
D/InputEventConsistencyVerifier(  427): KeyEvent: ACTION_UP but key was not down.
D/InputEventConsistencyVerifier(  427):   in com.android.systemui.statusbar.phone.StatusBarWindowView@b3e7b1d8
D/InputEventConsistencyVerifier(  427):   0: sent at 155575000000, KeyEvent { action=ACTION_UP, keyCode=KEYCODE_DPAD_DOWN, scanCode=0, metaState=0, flags=0x28, repeatCount=0, eventTime=155575, downTime=155530, deviceId=-1, source=0x101 }
D/InputEventConsistencyVerifier(  427):   -- recent events --
D/InputEventConsistencyVerifier(  427):   1: sent at 155523000000, (unhandled) KeyEvent { action=ACTION_UP, keyCode=KEYCODE_DPAD_RIGHT, scanCode=0, metaState=0, flags=0x8, repeatCount=0, eventTime=155523, downTime=155523, deviceId=-1, source=0x101 }
D/InputEventConsistencyVerifier(  427):   2: sent at 155488000000, (unhandled) KeyEvent { action=ACTION_DOWN, keyCode=KEYCODE_DPAD_RIGHT, scanCode=0, metaState=0, flags=0x8, repeatCount=0, eventTime=155488, downTime=155488, deviceId=-1, source=0x101 }
D/InputEventConsistencyVerifier(  427):   3: sent at 155483000000, (unhandled) KeyEvent { action=ACTION_UP, keyCode=KEYCODE_DPAD_DOWN, scanCode=0, metaState=0, flags=0x8, repeatCount=0, eventTime=155483, downTime=155483, deviceId=-1, source=0x101 }
D/InputEventConsistencyVerifier(  427):   4: sent at 155419000000, (unhandled) KeyEvent { action=ACTION_DOWN, keyCode=KEYCODE_DPAD_DOWN, scanCode=0, metaState=0, flags=0x8, repeatCount=0, eventTime=155419, downTime=155419, deviceId=-1, source=0x101 }
D/InputEventConsistencyVerifier(  427):   5: sent at 155379000000, (unhandled) KeyEvent { action=ACTION_UP, keyCode=KEYCODE_EISU, scanCode=0, metaState=0, flags=0x8, repeatCount=0, eventTime=155379, downTime=155379, deviceId=-1, source=0x101 }
I/Choreographer(  427): Skipped 37 frames!  The application may be doing too much work on its main thread.
W/InputMethodManagerService(  232): Window already focused, ignoring focus gain of: com.android.internal.view.IInputMethodClient$Stub$Proxy@b40a5e98 attribute=null
V/PhoneStatusBar(  427): setLightsOn(true)
D/PhoneStatusBar(  427): disable: < expand icons alerts ticker* system_info back home recent clock >
E/WVMExtractor(   63): Failed to open libwvm.so
D/InputEventConsistencyVerifier(  960): KeyEvent: ACTION_UP but key was not down.
D/InputEventConsistencyVerifier(  960):   in android.view.ViewRootImpl@b3e51e38
D/InputEventConsistencyVerifier(  960):   0: sent at 155550000000, KeyEvent { action=ACTION_UP, keyCode=KEYCODE_DPAD_DOWN, scanCode=0, metaState=0, flags=0x8, repeatCount=0, eventTime=155550, downTime=155550, deviceId=-1, source=0x101 }
D/InputEventConsistencyVerifier(  960):   -- recent events --
D/InputEventConsistencyVerifier(  960):   1: sent at 155516000000, KeyEvent { action=ACTION_UP, keyCode=KEYCODE_DPAD_DOWN, scanCode=0, metaState=0, flags=0x400, repeatCount=0, eventTime=155516, downTime=155516, deviceId=-1, source=0x101 }
D/InputEventConsistencyVerifier(  960):   2: sent at 155516000000, KeyEvent { action=ACTION_DOWN, keyCode=KEYCODE_DPAD_DOWN, scanCode=0, metaState=0, flags=0x400, repeatCount=0, eventTime=155516, downTime=155516, deviceId=-1, source=0x101 }
D/InputEventConsistencyVerifier(  960):   3: sent at 155515000000, KeyEvent { action=ACTION_UP, keyCode=KEYCODE_DPAD_DOWN, scanCode=0, metaState=0, flags=0x400, repeatCount=0, eventTime=155515, downTime=155515, deviceId=-1, source=0x101 }
D/InputEventConsistencyVerifier(  960):   4: sent at 155515000000, KeyEvent { action=ACTION_DOWN, keyCode=KEYCODE_DPAD_DOWN, scanCode=0, metaState=0, flags=0x400, repeatCount=0, eventTime=155515, downTime=155515, deviceId=-1, source=0x101 }
D/InputEventConsistencyVerifier(  960):   5: sent at 154793000000, MotionEvent { action=ACTION_MOVE, id[0]=0, x[0]=1.0, y[0]=2.0, toolType[0]=TOOL_TYPE_UNKNOWN, buttonState=0, metaState=0, flags=0x0, edgeFlags=0x0, pointerCount=1, historySize=3, eventTime=154793, downTime=-1, deviceId=0, source=0x10004 }
E/WVMExtractor(   63): Failed to open libwvm.so
E/WVMExtractor(   63): Failed to open libwvm.so
I/NetworkPolicy(  232): no policy for active mobile network; generating default policy
E/WVMExtractor(   63): Failed to open libwvm.so
E/WVMExtractor(   63): Failed to open libwvm.so
E/WVMExtractor(   63): Failed to open libwvm.so
E/NetdConnector(  232): NDC Command {11 bandwidth setiquota eth0 9223372036854775807} took too long (1301ms)
E/WVMExtractor(   63): Failed to open libwvm.so
E/NetdConnector(  232): NDC Command {12 bandwidth removeiquota eth0} took too long (660ms)
I/Choreographer(  960): Skipped 73 frames!  The application may be doing too much work on its main thread.
E/WVMExtractor(   63): Failed to open libwvm.so
I/Choreographer(  960): Skipped 51 frames!  The application may be doing too much work on its main thread.
W/ProcessStats(  232): Skipping unknown process pid 1122
E/NetdConnector(  232): NDC Command {13 bandwidth setiquota eth0 9223372036854775807} took too long (1372ms)
I/Choreographer(  232): Skipped 53 frames!  The application may be doing too much work on its main thread.
W/InputMethodManagerService(  232): Window already focused, ignoring focus gain of: com.android.internal.view.IInputMethodClient$Stub$Proxy@b4068fe8 attribute=null
I/Choreographer(  232): Skipped 50 frames!  The application may be doing too much work on its main thread.
E/WVMExtractor(   63): Failed to open libwvm.so
E/WVMExtractor(   63): Failed to open libwvm.so
W/dalvikvm(  427): DroidBox: { "FdAccess": { "path": "2f70726f632f6d656d696e666f", "id": "556414935" } }
W/DroidBox(  427): DroidBox: { "FileRW": { "operation": "read", "data": "4d656d546f74616c3a202020202020202020373438393634206b420a4d656d467265653a20202020202020202020343537323434206b420a427566666572733a20202020202020202020202035353136206b420a4361636865643a202020202020202020", "id": "556414935" } }
D/InputEventConsistencyVerifier(  427): KeyEvent: ACTION_UP but key was not down.
D/InputEventConsistencyVerifier(  427):   in com.android.systemui.statusbar.phone.StatusBarWindowView@b3e7b1d8
D/InputEventConsistencyVerifier(  427):   0: sent at 161264000000, KeyEvent { action=ACTION_UP, keyCode=KEYCODE_DPAD_LEFT, scanCode=0, metaState=0, flags=0x8, repeatCount=0, eventTime=161264, downTime=161264, deviceId=-1, source=0x101 }
D/InputEventConsistencyVerifier(  427):   -- recent events --
D/InputEventConsistencyVerifier(  427):   1: sent at 161125000000, MotionEvent { action=ACTION_UP, id[0]=0, x[0]=436.0, y[0]=19.0, toolType[0]=TOOL_TYPE_UNKNOWN, buttonState=0, metaState=0, flags=0x0, edgeFlags=0x0, pointerCount=1, historySize=0, eventTime=161125, downTime=161037, deviceId=0, source=0x1002 }
D/InputEventConsistencyVerifier(  427):   2: sent at 161037000000, MotionEvent { action=ACTION_DOWN, id[0]=0, x[0]=437.0, y[0]=19.0, toolType[0]=TOOL_TYPE_UNKNOWN, buttonState=0, metaState=0, flags=0x0, edgeFlags=0x0, pointerCount=1, historySize=0, eventTime=161037, downTime=161037, deviceId=0, source=0x1002 }
D/InputEventConsistencyVerifier(  427):   3: sent at 155575000000, (unhandled) KeyEvent { action=ACTION_UP, keyCode=KEYCODE_DPAD_DOWN, scanCode=0, metaState=0, flags=0x80000028, repeatCount=0, eventTime=155575, downTime=155530, deviceId=-1, source=0x101 }
D/InputEventConsistencyVerifier(  427):   4: sent at 155523000000, (unhandled) KeyEvent { action=ACTION_UP, keyCode=KEYCODE_DPAD_RIGHT, scanCode=0, metaState=0, flags=0x8, repeatCount=0, eventTime=155523, downTime=155523, deviceId=-1, source=0x101 }
D/InputEventConsistencyVerifier(  427):   5: sent at 155488000000, (unhandled) KeyEvent { action=ACTION_DOWN, keyCode=KEYCODE_DPAD_RIGHT, scanCode=0, metaState=0, flags=0x8, repeatCount=0, eventTime=155488, downTime=155488, deviceId=-1, source=0x101 }
I/Choreographer(  427): Skipped 59 frames!  The application may be doing too much work on its main thread.
W/dalvikvm(  427): DroidBox: { "FdAccess": { "path": "2f70726f632f6d656d696e666f", "id": "1396145402" } }
W/DroidBox(  427): DroidBox: { "FileRW": { "operation": "read", "data": "4d656d546f74616c3a202020202020202020373438393634206b420a4d656d467265653a20202020202020202020343537323434206b420a427566666572733a20202020202020202020202035353136206b420a4361636865643a202020202020202020", "id": "1396145402" } }
I/Choreographer(  960): Skipped 75 frames!  The application may be doing too much work on its main thread.
V/PhoneStatusBar(  427): setLightsOn(true)
I/Choreographer(  427): Skipped 54 frames!  The application may be doing too much work on its main thread.
D/PhoneStatusBar(  427): disable: < expand icons alerts TICKER* system_info back home recent clock >
D/InputEventConsistencyVerifier(  427): KeyEvent: ACTION_UP but key was not down.
D/InputEventConsistencyVerifier(  427):   in com.android.systemui.statusbar.phone.StatusBarWindowView@b3e7b1d8
D/InputEventConsistencyVerifier(  427):   0: sent at 161573000000, KeyEvent { action=ACTION_UP, keyCode=KEYCODE_DPAD_LEFT, scanCode=0, metaState=0, flags=0x400, repeatCount=0, eventTime=161573, downTime=161573, deviceId=-1, source=0x101 }
