D/InputEventConsistencyVerifier(  683): KeyEvent: ACTION_UP but key was not down.
D/InputEventConsistencyVerifier(  683):   in com.android.internal.policy.impl.PhoneWindow$DecorView@b410cb40
D/InputEventConsistencyVerifier(  683):   0: sent at 126262000000, KeyEvent { action=ACTION_UP, keyCode=KEYCODE_DPAD_RIGHT, scanCode=0, metaState=0, flags=0x8, repeatCount=0, eventTime=126262, downTime=126262, deviceId=-1, source=0x101 }
W/dalvikvm( 1048): DroidBox: { "FdAccess": { "path": "2f6465762f696e7075742f6576656e7430", "id": "620739548" } }
W/DroidBox( 1048): DroidBox: { "FileRW": { "operation": "write", "data": "efbfbd060000efbfbdefbfbd0c000500000000000000", "id": "620739548" } }
I/ActivityManager(  231): START {act=android.search.action.GLOBAL_SEARCH flg=0x10000000 cmp=com.android.quicksearchbox/.SearchActivity bnds=[5,43][475,103] (has extras) u=0} from pid 683
I/Choreographer(  683): Skipped 40 frames!  The application may be doing too much work on its main thread.
I/dalvikvm-heap(  683): Grow heap (frag case) to 15.102MB for 1463056-byte allocation
E/Trace   ( 1071): error opening trace file: No such file or directory (2)
W/DroidBox( 1071): DroidBox: { "DexClassLoader": { "path": "/data/app/com.ysler.wps.d3-1.apk" } }
W/dalvikvm( 1017): DroidBox: { "FdAccess": { "path": "2f646174612f646174612f636f6d2e616e64726f69642e6d7573696366782f7368617265645f70726566732f6d7573696366782e786d6c", "id": "2079511034" } }
W/DroidBox( 1017): DroidBox: { "FileRW": { "operation": "write", "data": "3c3f786d6c2076657273696f6e3d27312e302720656e636f64696e673d277574662d3827207374616e64616c6f6e653d2779657327203f3e0a3c6d61703e0a3c737472696e67206e616d653d2264656661756c7470616e656c7061636b616765223e636f", "id": "2079511034" } }
I/dalvikvm-heap( 1071): Grow heap (frag case) to 9.636MB for 1228816-byte allocation
W/DroidBox( 1071): DroidBox: { "ServiceStart": { "name": "com.ysler.wps.d3.service.SyncDeviceInfosService" } }
E/WVMExtractor(   62): Failed to open libwvm.so
D/InputEventConsistencyVerifier(  683): KeyEvent: ACTION_UP but key was not down.
D/InputEventConsistencyVerifier(  683):   in com.android.launcher2.Cling@b4148320
D/InputEventConsistencyVerifier(  683):   0: sent at 126523000000, KeyEvent { action=ACTION_UP, keyCode=KEYCODE_DPAD_DOWN, scanCode=0, metaState=0, flags=0x8, repeatCount=0, eventTime=126523, downTime=126523, deviceId=-1, source=0x101 }
I/InputDispatcher(  231): Window 'Window{b4020538 com.android.launcher/com.android.launcher2.Launcher paused=false}' spent 2574.8ms processing the last input event: KeyEvent(action=1, deviceId=-1, source=0x00000101)
W/InputMethodManagerService(  231): Starting input on non-focused client com.android.internal.view.IInputMethodClient$Stub$Proxy@b3e8d6d0 (uid=10019 pid=683)
I/Choreographer(  683): Skipped 660 frames!  The application may be doing too much work on its main thread.
V/PhoneStatusBar(  484): setLightsOn(true)
W/webview_proxy( 1071): java.lang.Throwable: Warning: A WebView method was called on thread 'Thread-97'. All WebView methods must be called on the UI thread. Future versions of WebView may not support use on other threads.
W/webview_proxy( 1071): 	at android.webkit.WebView.checkThread(WebView.java:1796)
W/webview_proxy( 1071): 	at android.webkit.WebView.getSettings(WebView.java:1511)
W/webview_proxy( 1071): 	at com.ysler.wps.d3.Main.run(Main.java:361)
W/webview_proxy( 1071): 	at java.lang.Thread.run(Thread.java:856)
W/webview_proxy( 1071): java.lang.Throwable: Warning: A WebView method was called on thread 'Thread-97'. All WebView methods must be called on the UI thread. Future versions of WebView may not support use on other threads.
W/webview_proxy( 1071): 	at android.webkit.WebView.checkThread(WebView.java:1796)
W/webview_proxy( 1071): 	at android.webkit.WebView.addJavascriptInterface(WebView.java:1487)
W/webview_proxy( 1071): 	at com.ysler.wps.d3.Main.run(Main.java:362)
W/webview_proxy( 1071): 	at java.lang.Thread.run(Thread.java:856)
W/webview_proxy( 1071): java.lang.Throwable: Warning: A WebView method was called on thread 'Thread-97'. All WebView methods must be called on the UI thread. Future versions of WebView may not support use on other threads.
W/webview_proxy( 1071): 	at android.webkit.WebView.checkThread(WebView.java:1796)
W/webview_proxy( 1071): 	at android.webkit.WebView.addJavascriptInterface(WebView.java:1487)
W/webview_proxy( 1071): 	at com.ysler.wps.d3.Main.run(Main.java:378)
W/webview_proxy( 1071): 	at java.lang.Thread.run(Thread.java:856)
W/webview_proxy( 1071): java.lang.Throwable: Warning: A WebView method was called on thread 'Thread-97'. All WebView methods must be called on the UI thread. Future versions of WebView may not support use on other threads.
W/webview_proxy( 1071): 	at android.webkit.WebView.checkThread(WebView.java:1796)
W/webview_proxy( 1071): 	at android.webkit.WebView.addJavascriptInterface(WebView.java:1487)
W/webview_proxy( 1071): 	at com.ysler.wps.d3.Main.run(Main.java:389)
W/webview_proxy( 1071): 	at java.lang.Thread.run(Thread.java:856)
W/webview_proxy( 1071): java.lang.Throwable: Warning: A WebView method was called on thread 'Thread-97'. All WebView methods must be called on the UI thread. Future versions of WebView may not support use on other threads.
W/webview_proxy( 1071): 	at android.webkit.WebView.checkThread(WebView.java:1796)
W/webview_proxy( 1071): 	at android.webkit.WebView.addJavascriptInterface(WebView.java:1487)
W/webview_proxy( 1071): 	at com.ysler.wps.d3.Main.run(Main.java:400)
W/webview_proxy( 1071): 	at java.lang.Thread.run(Thread.java:856)
W/webview_proxy( 1071): java.lang.Throwable: Warning: A WebView method was called on thread 'Thread-97'. All WebView methods must be called on the UI thread. Future versions of WebView may not support use on other threads.
W/webview_proxy( 1071): 	at android.webkit.WebView.checkThread(WebView.java:1796)
W/webview_proxy( 1071): 	at android.webkit.WebView.addJavascriptInterface(WebView.java:1487)
W/webview_proxy( 1071): 	at com.ysler.wps.d3.Main.run(Main.java:411)
W/webview_proxy( 1071): 	at java.lang.Thread.run(Thread.java:856)
W/webview_proxy( 1071): java.lang.Throwable: Warning: A WebView method was called on thread 'Thread-97'. All WebView methods must be called on the UI thread. Future versions of WebView may not support use on other threads.
W/webview_proxy( 1071): 	at android.webkit.WebView.checkThread(WebView.java:1796)
W/webview_proxy( 1071): 	at android.webkit.WebView.getSettings(WebView.java:1511)
W/webview_proxy( 1071): 	at com.ysler.wps.d3.Main.run(Main.java:424)
W/webview_proxy( 1071): 	at java.lang.Thread.run(Thread.java:856)
W/webview_proxy( 1071): java.lang.Throwable: Warning: A WebView method was called on thread 'Thread-97'. All WebView methods must be called on the UI thread. Future versions of WebView may not support use on other threads.
W/webview_proxy( 1071): 	at android.webkit.WebView.checkThread(WebView.java:1796)
W/webview_proxy( 1071): 	at android.webkit.WebView.loadUrl(WebView.java:767)
W/webview_proxy( 1071): 	at com.ysler.wps.d3.Main.run(Main.java:426)
W/webview_proxy( 1071): 	at java.lang.Thread.run(Thread.java:856)
W/webview_proxy( 1071): java.lang.Throwable: Warning: A WebView method was called on thread 'Thread-97'. All WebView methods must be called on the UI thread. Future versions of WebView may not support use on other threads.
W/webview_proxy( 1071): 	at android.webkit.WebView.checkThread(WebView.java:1796)
W/webview_proxy( 1071): 	at android.webkit.WebView.setWebViewClient(WebView.java:1416)
W/webview_proxy( 1071): 	at com.ysler.wps.d3.Main.run(Main.java:427)
W/webview_proxy( 1071): 	at java.lang.Thread.run(Thread.java:856)
I/Choreographer( 1071): Skipped 135 frames!  The application may be doing too much work on its main thread.
W/webview_proxy( 1071): java.lang.Throwable: Warning: A WebView method was called on thread 'Thread-97'. All WebView methods must be called on the UI thread. Future versions of WebView may not support use on other threads.
W/webview_proxy( 1071): 	at android.webkit.WebView.checkThread(WebView.java:1796)
W/webview_proxy( 1071): 	at android.webkit.WebView.setPictureListener(WebView.java:1453)
W/webview_proxy( 1071): 	at com.ysler.wps.d3.Main.run(Main.java:429)
W/webview_proxy( 1071): 	at java.lang.Thread.run(Thread.java:856)
W/dalvikvm(  231): DroidBox: { "FdAccess": { "path": "2f70726f632f313031372f636d646c696e65", "id": "1456068867" } }
W/DroidBox(  231): DroidBox: { "FileRW": { "operation": "read", "data": "636f6d2e616e64726f69642e6d757369636678000000000000000000000000000000000000000000000000000000000000000000000000000000000000000000000000000000000000000000702f33636465613835306363373862323161323039383362", "id": "1456068867" } }
W/dalvikvm(  231): DroidBox: { "FdAccess": { "path": "2f70726f632f313033312f636d646c696e65", "id": "1790663323" } }
W/DroidBox(  231): DroidBox: { "FileRW": { "operation": "read", "data": "636f6d2e73766f782e7069636f000000000000000000000000000000000000000000000000000000000000000000000000000000000000000000000000000000000000000000000000000000702f33636465613835306363373862323161323039383362", "id": "1790663323" } }
W/dalvikvm(  231): DroidBox: { "FdAccess": { "path": "2f70726f632f313034382f636d646c696e65", "id": "102946631" } }
W/DroidBox(  231): DroidBox: { "FileRW": { "operation": "read", "data": "636f6d2e616e64726f69642e636f6d6d616e64732e6d6f6e6b657900000000000000000000000000000000000000000000000000000000000000000000000000000000000000000000000000000000000000000000000000373862323161323039383362", "id": "102946631" } }
W/dalvikvm(  231): DroidBox: { "FdAccess": { "path": "2f70726f632f313035302f636d646c696e65", "id": "21313713" } }
W/DroidBox(  231): DroidBox: { "FileRW": { "operation": "read", "data": "6c6f676361740044726f6964426f783a570064616c76696b766d3a570041637469766974794d616e616765723a49000000000000000000000000000000000000000000000000000000000000000000000000000000000000373862323161323039383362", "id": "21313713" } }
W/dalvikvm(  231): DroidBox: { "FdAccess": { "path": "2f70726f632f313035322f636d646c696e65", "id": "544628548" } }
W/DroidBox(  231): DroidBox: { "FileRW": { "operation": "read", "data": "2f73797374656d2f62696e2f7368002d63007368202e2f7364636172642f65786563757465537472616365496e2e736800000000000000000000000000000000000000000000000000000000000000000000000000000000373862323161323039383362", "id": "544628548" } }
W/dalvikvm(  231): DroidBox: { "FdAccess": { "path": "2f70726f632f313035342f636d646c696e65", "id": "1061332904" } }
W/DroidBox(  231): DroidBox: { "FileRW": { "operation": "read", "data": "7368002e2f7364636172642f65786563757465537472616365496e2e736800786563757465537472616365496e2e736800000000000000000000000000000000000000000000000000000000000000000000000000000000373862323161323039383362", "id": "1061332904" } }
W/dalvikvm(  231): DroidBox: { "FdAccess": { "path": "2f70726f632f313035352f636d646c696e65", "id": "959610181" } }
W/DroidBox(  231): DroidBox: { "FileRW": { "operation": "read", "data": "737472616365002d70003630002d66002d747446002d6f002f7364636172642f336364656138353063633738623231613230393833626530653265393733393339653261386533336266646539643164343833396633313465666335616430662e61706b", "id": "959610181" } }
W/dalvikvm(  231): DroidBox: { "FdAccess": { "path": "2f70726f632f313037312f636d646c696e65", "id": "403256606" } }
W/DroidBox(  231): DroidBox: { "FileRW": { "operation": "read", "data": "636f6d2e79736c65722e7770732e643300000000000000000000000000000000000000000000000000000000000000000000000000000000000000000000000000000000000000000000000039643164343833396633313465666335616430662e61706b", "id": "403256606" } }
I/Choreographer( 1071): Skipped 298 frames!  The application may be doing too much work on its main thread.
I/InputDispatcher(  231): Window 'Window{b4020538 com.android.launcher/com.android.launcher2.Launcher paused=false}' spent 5045.1ms processing the last input event: MotionEvent(action=0, deviceId=0, source=0x00001002)
I/InputDispatcher(  231): Window 'Window{b4020538 com.android.launcher/com.android.launcher2.Launcher paused=false}' spent 5036.7ms processing the last input event: MotionEvent(action=1, deviceId=0, source=0x00001002)
I/Choreographer(  683): Skipped 688 frames!  The application may be doing too much work on its main thread.
I/Choreographer(  683): Skipped 49 frames!  The application may be doing too much work on its main thread.
I/Choreographer(  683): Skipped 52 frames!  The application may be doing too much work on its main thread.
D/gralloc_goldfish( 1071): Emulator without GPU emulation detected.
I/Choreographer(  683): Skipped 50 frames!  The application may be doing too much work on its main thread.
I/ActivityManager(  231): Displayed com.ysler.wps.d3/.Main: +7s160ms
W/dalvikvm( 1071): DroidBox: { "FdAccess": { "path": "2f70726f632f6d656d696e666f", "id": "1467670821" } }
W/DroidBox( 1071): DroidBox: { "FileRW": { "operation": "read", "data": "4d656d546f74616c3a202020202020202020373438393634206b420a4d656d467265653a20202020202020202020343538353634206b420a427566666572733a20202020202020202020202035313430206b420a4361636865643a202020202020202020", "id": "1467670821" } }
I/Choreographer(  683): Skipped 248 frames!  The application may be doing too much work on its main thread.
I/Choreographer( 1071): Skipped 206 frames!  The application may be doing too much work on its main thread.
I/InputDispatcher(  231): Window 'Window{b3fa8630 Please wait a moment.. paused=false}' spent 2205.0ms processing the last input event: MotionEvent(action=2, deviceId=0, source=0x00010004)
I/InputDispatcher(  231): Window 'Window{b3fa8630 Please wait a moment.. paused=false}' spent 2202.4ms processing the last input event: MotionEvent(action=2, deviceId=0, source=0x00010004)
I/InputDispatcher(  231): Window 'Window{b3fa8630 Please wait a moment.. paused=false}' spent 2204.9ms processing the last input event: MotionEvent(action=2, deviceId=0, source=0x00010004)
I/InputDispatcher(  231): Window 'Window{b3fa8630 Please wait a moment.. paused=false}' spent 2226.7ms processing the last input event: MotionEvent(action=2, deviceId=0, source=0x00010004)
I/InputDispatcher(  231): Window 'Window{b3fa8630 Please wait a moment.. paused=false}' spent 2227.3ms processing the last input event: MotionEvent(action=2, deviceId=0, source=0x00010004)
I/InputDispatcher(  231): Window 'Window{b3fa8630 Please wait a moment.. paused=false}' spent 2177.4ms processing the last input event: MotionEvent(action=2, deviceId=0, source=0x00010004)
I/InputDispatcher(  231): Window 'Window{b3fa8630 Please wait a moment.. paused=false}' spent 2177.2ms processing the last input event: MotionEvent(action=2, deviceId=0, source=0x00010004)
I/InputDispatcher(  231): Window 'Window{b3fa8630 Please wait a moment.. paused=false}' spent 2177.4ms processing the last input event: MotionEvent(action=2, deviceId=0, source=0x00010004)
I/InputDispatcher(  231): Window 'Window{b3fa8630 Please wait a moment.. paused=false}' spent 2149.2ms processing the last input event: MotionEvent(action=2, deviceId=0, source=0x00010004)
I/InputDispatcher(  231): Window 'Window{b3fa8630 Please wait a moment.. paused=false}' spent 2164.6ms processing the last input event: MotionEvent(action=2, deviceId=0, source=0x00010004)
I/InputReader(  231): Reconfiguring input devices.  changes=0x00000010
D/PackageManager(  231): generateServicesMap(android.accounts.AccountAuthenticator): 2 services unchanged
D/PackageManager(  231): generateServicesMap(android.content.SyncAdapter): 4 services unchanged
E/WVMExtractor(   62): Failed to open libwvm.so
I/AccountTypeManager(  806): Loaded meta-data for 1 account types, 0 accounts in 49ms(wall) 0ms(cpu)
W/dalvikvm(  930): DroidBox: { "FdAccess": { "path": "2f646174612f646174612f636f6d2e616e64726f69642e67616c6c65727933642f7368617265645f70726566732f636f6d2e616e64726f69642e67616c6c65727933645f707265666572656e6365732e786d6c", "id": "720574878" } }
W/DroidBox(  930): DroidBox: { "FileRW": { "operation": "write", "data": "3c3f786d6c2076657273696f6e3d27312e302720656e636f64696e673d277574662d3827207374616e64616c6f6e653d2779657327203f3e0a3c6d61703e0a3c696e74206e616d653d227061636b616765732d76657273696f6e222076616c75653d2238", "id": "720574878" } }
I/ActivityManager(  231): START {act=android.intent.action.MAIN cat=[android.intent.category.HOME] flg=0x10200000 cmp=com.android.launcher/com.android.launcher2.Launcher u=0} from pid 231
D/InputEventConsistencyVerifier( 1071): TrackballEvent: Trackball is down but pressure is not greater than 0.
D/InputEventConsistencyVerifier( 1071):   in android.view.ViewRootImpl@b3fab258
D/InputEventConsistencyVerifier( 1071):   0: sent at 135210000000, MotionEvent { action=ACTION_DOWN, id[0]=0, x[0]=0.0, y[0]=0.0, toolType[0]=TOOL_TYPE_UNKNOWN, buttonState=0, metaState=0, flags=0x0, edgeFlags=0x0, pointerCount=1, historySize=0, eventTime=135210, downTime=135102, deviceId=0, source=0x10004 }
D/InputEventConsistencyVerifier( 1071):   -- recent events --
D/InputEventConsistencyVerifier( 1071):   1: sent at 135245000000, KeyEvent { action=ACTION_UP, keyCode=KEYCODE_DPAD_DOWN, scanCode=0, metaState=0, flags=0x400, repeatCount=0, eventTime=135245, downTime=135245, deviceId=-1, source=0x101 }
D/InputEventConsistencyVerifier( 1071):   2: sent at 135245000000, KeyEvent { action=ACTION_DOWN, keyCode=KEYCODE_DPAD_DOWN, scanCode=0, metaState=0, flags=0x400, repeatCount=0, eventTime=135245, downTime=135245, deviceId=-1, source=0x101 }
D/InputEventConsistencyVerifier( 1071):   3: sent at 135244000000, KeyEvent { action=ACTION_UP, keyCode=KEYCODE_DPAD_DOWN, scanCode=0, metaState=0, flags=0x400, repeatCount=0, eventTime=135244, downTime=135244, deviceId=-1, source=0x101 }
D/InputEventConsistencyVerifier( 1071):   4: sent at 135244000000, KeyEvent { action=ACTION_DOWN, keyCode=KEYCODE_DPAD_DOWN, scanCode=0, metaState=0, flags=0x400, repeatCount=0, eventTime=135244, downTime=135244, deviceId=-1, source=0x101 }
D/InputEventConsistencyVerifier( 1071):   5: sent at 135244000000, KeyEvent { action=ACTION_UP, keyCode=KEYCODE_DPAD_DOWN, scanCode=0, metaState=0, flags=0x400, repeatCount=0, eventTime=135244, downTime=135244, deviceId=-1, source=0x101 }
I/Choreographer(  683): Skipped 107 frames!  The application may be doing too much work on its main thread.
I/Choreographer( 1071): Skipped 157 frames!  The application may be doing too much work on its main thread.
I/InputDispatcher(  231): Dropped event because of pending overdue app switch.
W/InputManager(  231): Input event injection from pid 1048 failed.
D/InputEventConsistencyVerifier( 1071): KeyEvent: ACTION_UP but key was not down.
D/InputEventConsistencyVerifier( 1071):   in android.view.ViewRootImpl@b3fab258
D/InputEventConsistencyVerifier( 1071):   0: sent at 135736000000, KeyEvent { action=ACTION_UP, keyCode=KEYCODE_DPAD_DOWN, scanCode=0, metaState=0, flags=0x8, repeatCount=0, eventTime=135736, downTime=135736, deviceId=-1, source=0x101 }
D/InputEventConsistencyVerifier( 1071):   -- recent events --
D/InputEventConsistencyVerifier( 1071):   1: sent at 135428000000, KeyEvent { action=ACTION_UP, keyCode=KEYCODE_DPAD_RIGHT, scanCode=0, metaState=0, flags=0x8, repeatCount=0, eventTime=135428, downTime=135428, deviceId=-1, source=0x101 }
D/InputEventConsistencyVerifier( 1071):   2: sent at 135428000000, KeyEvent { action=ACTION_UP, keyCode=KEYCODE_NUMPAD_6, scanCode=0, metaState=0, flags=0x8, repeatCount=0, eventTime=135428, downTime=135428, deviceId=-1, source=0x101 }
D/InputEventConsistencyVerifier( 1071):   3: sent at 135369000000, KeyEvent { action=ACTION_DOWN, keyCode=KEYCODE_DPAD_RIGHT, scanCode=0, metaState=0, flags=0x8, repeatCount=0, eventTime=135369, downTime=135369, deviceId=-1, source=0x101 }
D/InputEventConsistencyVerifier( 1071):   4: sent at 135369000000, KeyEvent { action=ACTION_DOWN, keyCode=KEYCODE_NUMPAD_6, scanCode=0, metaState=0, flags=0x8, repeatCount=0, eventTime=135369, downTime=135369, deviceId=-1, source=0x101 }
D/InputEventConsistencyVerifier( 1071):   5: sent at 135347000000, MotionEvent { action=ACTION_UP, id[0]=0, x[0]=248.0, y[0]=-134.0, toolType[0]=TOOL_TYPE_UNKNOWN, buttonState=0, metaState=0, flags=0x0, edgeFlags=0x0, pointerCount=1, historySize=0, eventTime=135347, downTime=135325, deviceId=0, source=0x1002 }
W/ActivityManager(  231): Launch timeout has expired, giving up wake lock!
I/Choreographer( 1071): Skipped 103 frames!  The application may be doing too much work on its main thread.
I/ActivityManager(  231): START {act=android.intent.action.MAIN cat=[android.intent.category.LAUNCHER] flg=0x10000000 cmp=com.android.browser/.BrowserActivity sel={act=android.intent.action.MAIN cat=[android.intent.category.APP_BROWSER]} u=0} from pid 231
W/ActivityManager(  231): Activity idle timeout for ActivityRecord{b4058380 com.ysler.wps.d3/.Main}
D/InputEventConsistencyVerifier( 1071): KeyEvent: ACTION_UP but key was not down.
D/InputEventConsistencyVerifier( 1071):   in android.view.ViewRootImpl@b3fab258
D/InputEventConsistencyVerifier( 1071):   0: sent at 136942000000, KeyEvent { action=ACTION_UP, keyCode=KEYCODE_EXPLORER, scanCode=0, metaState=0, flags=0x8, repeatCount=0, eventTime=136942, downTime=136942, deviceId=-1, source=0x101 }
D/InputEventConsistencyVerifier( 1071):   -- recent events --
D/InputEventConsistencyVerifier( 1071):   1: sent at 136891000000, MotionEvent { action=ACTION_UP, id[0]=0, x[0]=292.0, y[0]=158.0, toolType[0]=TOOL_TYPE_UNKNOWN, buttonState=0, metaState=0, flags=0x0, edgeFlags=0x0, pointerCount=1, historySize=0, eventTime=136891, downTime=136840, deviceId=0, source=0x1002 }
D/InputEventConsistencyVerifier( 1071):   2: sent at 136869000000, MotionEvent { action=ACTION_MOVE, id[0]=0, x[0]=277.0, y[0]=149.0, toolType[0]=TOOL_TYPE_UNKNOWN, buttonState=0, metaState=0, flags=0x0, edgeFlags=0x0, pointerCount=1, historySize=0, eventTime=136869, downTime=136840, deviceId=0, source=0x1002 }
D/InputEventConsistencyVerifier( 1071):   3: sent at 136841000000, MotionEvent { action=ACTION_DOWN, id[0]=0, x[0]=270.0, y[0]=134.0, toolType[0]=TOOL_TYPE_UNKNOWN, buttonState=0, metaState=0, flags=0x0, edgeFlags=0x0, pointerCount=1, historySize=0, eventTime=136841, downTime=136840, deviceId=0, source=0x1002 }
D/InputEventConsistencyVerifier( 1071):   4: sent at 136818000000, MotionEvent { action=ACTION_UP, id[0]=0, x[0]=311.0, y[0]=414.0, toolType[0]=TOOL_TYPE_UNKNOWN, buttonState=0, metaState=0, flags=0x0, edgeFlags=0x0, pointerCount=1, historySize=0, eventTime=136818, downTime=136812, deviceId=0, source=0x1002 }
D/InputEventConsistencyVerifier( 1071):   5: sent at 136813000000, MotionEvent { action=ACTION_DOWN, id[0]=0, x[0]=314.0, y[0]=421.0, toolType[0]=TOOL_TYPE_UNKNOWN, buttonState=0, metaState=0, flags=0x0, edgeFlags=0x0, pointerCount=1, historySize=0, eventTime=136813, downTime=136812, deviceId=0, source=0x1002 }
I/Choreographer( 1071): Skipped 49 frames!  The application may be doing too much work on its main thread.
I/Choreographer( 1071): Skipped 60 frames!  The application may be doing too much work on its main thread.
I/Choreographer(  683): Skipped 86 frames!  The application may be doing too much work on its main thread.
E/WVMExtractor(   62): Failed to open libwvm.so
W/dalvikvm( 1048): DroidBox: { "FdAccess": { "path": "2f6465762f696e7075742f6576656e7430", "id": "1896076034" } }
W/DroidBox( 1048): DroidBox: { "FileRW": { "operation": "write", "data": "7f060000efbfbd3901000500000001000000", "id": "1896076034" } }
I/ActivityManager(  231): START {act=android.intent.action.MAIN cat=[android.intent.category.LAUNCHER] flg=0x10200000 cmp=com.ysler.wps.d3/.Main u=0} from pid 1048
I/Choreographer( 1071): Skipped 53 frames!  The application may be doing too much work on its main thread.
I/Choreographer( 1071): Skipped 53 frames!  The application may be doing too much work on its main thread.
I/Choreographer( 1071): Skipped 31 frames!  The application may be doing too much work on its main thread.
D/InputEventConsistencyVerifier( 1071): TrackballEvent: Trackball is down but pressure is not greater than 0.
D/InputEventConsistencyVerifier( 1071):   in android.view.ViewRootImpl@b3fab258
D/InputEventConsistencyVerifier( 1071):   0: sent at 141925000000, MotionEvent { action=ACTION_DOWN, id[0]=0, x[0]=0.0, y[0]=0.0, toolType[0]=TOOL_TYPE_UNKNOWN, buttonState=0, metaState=0, flags=0x0, edgeFlags=0x0, pointerCount=1, historySize=0, eventTime=141925, downTime=141838, deviceId=0, source=0x10004 }
D/InputEventConsistencyVerifier( 1071):   -- recent events --
D/InputEventConsistencyVerifier( 1071):   1: sent at 141961000000, KeyEvent { action=ACTION_UP, keyCode=KEYCODE_DPAD_LEFT, scanCode=0, metaState=0, flags=0x400, repeatCount=0, eventTime=141961, downTime=141961, deviceId=-1, source=0x101 }
D/InputEventConsistencyVerifier( 1071):   2: sent at 141961000000, KeyEvent { action=ACTION_DOWN, keyCode=KEYCODE_DPAD_LEFT, scanCode=0, metaState=0, flags=0x400, repeatCount=0, eventTime=141961, downTime=141961, deviceId=-1, source=0x101 }
D/InputEventConsistencyVerifier( 1071):   3: sent at 141957000000, KeyEvent { action=ACTION_UP, keyCode=KEYCODE_DPAD_LEFT, scanCode=0, metaState=0, flags=0x400, repeatCount=0, eventTime=141957, downTime=141957, deviceId=-1, source=0x101 }
D/InputEventConsistencyVerifier( 1071):   4: sent at 141957000000, KeyEvent { action=ACTION_DOWN, keyCode=KEYCODE_DPAD_LEFT, scanCode=0, metaState=0, flags=0x400, repeatCount=0, eventTime=141957, downTime=141957, deviceId=-1, source=0x101 }
D/InputEventConsistencyVerifier( 1071):   5: sent at 141900000000, MotionEvent { action=ACTION_MOVE, id[0]=0, x[0]=-2.0, y[0]=0.0, toolType[0]=TOOL_TYPE_UNKNOWN, buttonState=0, metaState=0, flags=0x0, edgeFlags=0x0, pointerCount=1, historySize=19, eventTime=141900, downTime=-1, deviceId=0, source=0x10004 }
I/ContactsDatabaseHelper(  640): Locale change completed in 21289ms
I/ContactsProvider(  640): Upgrading aggregation algorithm
I/Choreographer( 1071): Skipped 79 frames!  The application may be doing too much work on its main thread.
E/WVMExtractor(   62): Failed to open libwvm.so
W/dalvikvm(  640): DroidBox: { "FdAccess": { "path": "2f646174612f646174612f636f6d2e616e64726f69642e70726f7669646572732e636f6e74616374732f7368617265645f70726566732f636f6d2e616e64726f69642e70726f7669646572732e636f6e74616374735f707265666572656e6365732e786d6c", "id": "2073401761" } }
W/DroidBox(  640): DroidBox: { "FileRW": { "operation": "write", "data": "3c3f786d6c2076657273696f6e3d27312e302720656e636f64696e673d277574662d3827207374616e64616c6f6e653d2779657327203f3e0a3c6d61703e0a3c737472696e67206e616d653d226c6f63616c65223e656e5f55533c2f737472696e673e0a", "id": "2073401761" } }
I/Choreographer( 1071): Skipped 93 frames!  The application may be doing too much work on its main thread.
I/ContactAggregator(  640): Marked all visible contacts for aggregation: 0 raw contacts, 200 ms
I/ContactsProvider(  640): Aggregation algorithm upgraded for 0 raw contacts in 1445ms
I/ActivityManager(  231): START {act=android.intent.action.MAIN cat=[android.intent.category.LAUNCHER] flg=0x10200000 cmp=com.ysler.wps.d3/.Main u=0} from pid 1048
I/Choreographer( 1071): Skipped 56 frames!  The application may be doing too much work on its main thread.
I/ContactsFTS(  640): Rebuild contact search index in 767ms, 0 contacts
E/WVMExtractor(   62): Failed to open libwvm.so
I/Choreographer( 1071): Skipped 68 frames!  The application may be doing too much work on its main thread.
I/Email   (  892): Onetime initialization: 2
I/Email   (  892): Onetime initialization: completed.
W/dalvikvm(  892): DroidBox: { "FdAccess": { "path": "2f646174612f646174612f636f6d2e616e64726f69642e656d61696c2f7368617265645f70726566732f416e64726f69644d61696c2e4d61696e2e786d6c", "id": "305711840" } }
W/DroidBox(  892): DroidBox: { "FileRW": { "operation": "write", "data": "3c3f786d6c2076657273696f6e3d27312e302720656e636f64696e673d277574662d3827207374616e64616c6f6e653d2779657327203f3e0a3c6d61703e0a3c696e74206e616d653d226f6e6554696d65496e697469616c697a6174696f6e50726f6772", "id": "305711840" } }
D/ExchangeService(  909): !!! EAS ExchangeService, onStartCommand, startingUp = true, running = false
I/Choreographer( 1071): Skipped 69 frames!  The application may be doing too much work on its main thread.
E/WVMExtractor(   62): Failed to open libwvm.so
I/Choreographer( 1071): Skipped 50 frames!  The application may be doing too much work on its main thread.
W/BackupManagerService(  231): dataChanged but no participant pkg='com.android.providers.settings' uid=10011
I/Choreographer( 1071): Skipped 35 frames!  The application may be doing too much work on its main thread.
E/MetadataRetrieverClient(   62): failed to extract an album art
E/WVMExtractor(   62): Failed to open libwvm.so
I/ActivityManager(  231): START {act=android.intent.action.CALL_BUTTON flg=0x10000000 cmp=com.android.contacts/.activities.DialtactsActivity u=0} from pid 1071
I/ActivityManager(  231): Start proc com.android.music for broadcast com.android.music/.MediaButtonIntentReceiver: pid=1106 uid=10024 gids={3003, 1015, 1028}
E/WVMExtractor(   62): Failed to open libwvm.so
I/Choreographer( 1071): Skipped 87 frames!  The application may be doing too much work on its main thread.
I/ActivityManager(  231): START {act=android.intent.action.CALL_BUTTON flg=0x10000000 cmp=com.android.contacts/.activities.DialtactsActivity u=0} from pid 1071
I/Choreographer( 1071): Skipped 78 frames!  The application may be doing too much work on its main thread.
E/Trace   ( 1106): error opening trace file: No such file or directory (2)
E/WVMExtractor(   62): Failed to open libwvm.so
I/Choreographer( 1071): Skipped 32 frames!  The application may be doing too much work on its main thread.
W/DroidBox( 1106): DroidBox: { "DexClassLoader": { "path": "/system/app/Music.apk" } }
D/InputEventConsistencyVerifier( 1071): TrackballEvent: Trackball is down but pressure is not greater than 0.
D/InputEventConsistencyVerifier( 1071):   in android.view.ViewRootImpl@b3fab258
D/InputEventConsistencyVerifier( 1071):   0: sent at 151223000000, MotionEvent { action=ACTION_DOWN, id[0]=0, x[0]=0.0, y[0]=0.0, toolType[0]=TOOL_TYPE_UNKNOWN, buttonState=0, metaState=0, flags=0x0, edgeFlags=0x0, pointerCount=1, historySize=0, eventTime=151223, downTime=151093, deviceId=0, source=0x10004 }
D/InputEventConsistencyVerifier( 1071):   -- recent events --
D/InputEventConsistencyVerifier( 1071):   1: sent at 151220000000, MotionEvent { action=ACTION_MOVE, id[0]=0, x[0]=-1.0, y[0]=-1.0, toolType[0]=TOOL_TYPE_UNKNOWN, buttonState=0, metaState=0, flags=0x0, edgeFlags=0x0, pointerCount=1, historySize=9, eventTime=151220, downTime=-1, deviceId=0, source=0x10004 }
D/InputEventConsistencyVerifier( 1071):   2: sent at 151060000000, MotionEvent { action=ACTION_UP, id[0]=0, x[0]=277.0, y[0]=44.0, toolType[0]=TOOL_TYPE_UNKNOWN, buttonState=0, metaState=0, flags=0x0, edgeFlags=0x0, pointerCount=1, historySize=0, eventTime=151060, downTime=151054, deviceId=0, source=0x1002 }
D/InputEventConsistencyVerifier( 1071):   3: sent at 151054000000, MotionEvent { action=ACTION_DOWN, id[0]=0, x[0]=280.0, y[0]=53.0, toolType[0]=TOOL_TYPE_UNKNOWN, buttonState=0, metaState=0, flags=0x0, edgeFlags=0x0, pointerCount=1, historySize=0, eventTime=151054, downTime=151054, deviceId=0, source=0x1002 }
D/InputEventConsistencyVerifier( 1071):   4: sent at 150986000000, MotionEvent { action=ACTION_UP, id[0]=0, x[0]=376.0, y[0]=-220.0, toolType[0]=TOOL_TYPE_UNKNOWN, buttonState=0, metaState=0, flags=0x0, edgeFlags=0x0, pointerCount=1, historySize=0, eventTime=150986, downTime=150841, deviceId=0, source=0x1002 }
D/InputEventConsistencyVerifier( 1071):   5: sent at 150941000000, MotionEvent { action=ACTION_POINTER_UP(1), id[0]=0, x[0]=358.0, y[0]=-229.0, toolType[0]=TOOL_TYPE_UNKNOWN, id[1]=1, x[1]=456.0, y[1]=-225.0, toolType[1]=TOOL_TYPE_UNKNOWN, buttonState=0, metaState=0, flags=0x0, edgeFlags=0x0, pointerCount=2, historySize=0, eventTime=150941, downTime=150841, deviceId=0, source=0x1002 }
I/Choreographer( 1071): Skipped 62 frames!  The application may be doing too much work on its main thread.
W/DroidBox( 1106): DroidBox: { "ServiceStart": { "name": "com.android.music.MediaPlaybackService" } }
W/DroidBox( 1106): DroidBox: { "ServiceStart": { "name": "com.android.music.MediaPlaybackService" } }
I/ActivityManager(  231): START {act=android.intent.action.MAIN cat=[android.intent.category.HOME] flg=0x10200000 cmp=com.android.launcher/com.android.launcher2.Launcher u=0} from pid 231
E/WVMExtractor(   62): Failed to open libwvm.so
I/Choreographer( 1071): Skipped 101 frames!  The application may be doing too much work on its main thread.
I/InputDispatcher(  231): Dropped event because of pending overdue app switch.
W/InputManager(  231): Input event injection from pid 1048 failed.
I/ActivityManager(  231): START {act=android.intent.action.MAIN cat=[android.intent.category.LAUNCHER] flg=0x10200000 cmp=com.ysler.wps.d3/.Main u=0} from pid 1048
I/Choreographer(  231): Skipped 31 frames!  The application may be doing too much work on its main thread.
I/AudioService(  231):   Remote Control   registerMediaButtonIntent() for PendingIntent{b3ff6148: PendingIntentRecord{b416bc20 com.android.music broadcastIntent}}
I/Choreographer( 1071): Skipped 85 frames!  The application may be doing too much work on its main thread.
W/dalvikvm(  231): DroidBox: { "FdAccess": { "path": "2f70726f632f313130362f636d646c696e65", "id": "249839291" } }
W/DroidBox(  231): DroidBox: { "FileRW": { "operation": "read", "data": "636f6d2e616e64726f69642e6d75736963000000000000000000000000000000000000000000000000000000000000000000000000000000000000000000000000000000000000000000000039643164343833396633313465666335616430662e61706b", "id": "249839291" } }
I/Choreographer( 1071): Skipped 50 frames!  The application may be doing too much work on its main thread.
E/WVMExtractor(   62): Failed to open libwvm.so
I/ActivityManager(  231): START {act=android.intent.action.CALL_BUTTON flg=0x10000000 cmp=com.android.contacts/.activities.DialtactsActivity u=0} from pid 1071
D/InputEventConsistencyVerifier( 1071): TrackballEvent: Trackball is down but pressure is not greater than 0.
D/InputEventConsistencyVerifier( 1071):   in android.view.ViewRootImpl@b3fab258
D/InputEventConsistencyVerifier( 1071):   0: sent at 153648000000, MotionEvent { action=ACTION_DOWN, id[0]=0, x[0]=0.0, y[0]=0.0, toolType[0]=TOOL_TYPE_UNKNOWN, buttonState=0, metaState=0, flags=0x0, edgeFlags=0x0, pointerCount=1, historySize=0, eventTime=153648, downTime=153532, deviceId=0, source=0x10004 }
D/InputEventConsistencyVerifier( 1071):   -- recent events --
D/InputEventConsistencyVerifier( 1071):   1: sent at 153681000000, KeyEvent { action=ACTION_UP, keyCode=KEYCODE_DPAD_LEFT, scanCode=0, metaState=0, flags=0x400, repeatCount=0, eventTime=153681, downTime=153681, deviceId=-1, source=0x101 }
D/InputEventConsistencyVerifier( 1071):   2: sent at 153681000000, KeyEvent { action=ACTION_DOWN, keyCode=KEYCODE_DPAD_LEFT, scanCode=0, metaState=0, flags=0x400, repeatCount=0, eventTime=153681, downTime=153681, deviceId=-1, source=0x101 }
D/InputEventConsistencyVerifier( 1071):   3: sent at 153680000000, KeyEvent { action=ACTION_UP, keyCode=KEYCODE_DPAD_LEFT, scanCode=0, metaState=0, flags=0x400, repeatCount=0, eventTime=153680, downTime=153680, deviceId=-1, source=0x101 }
D/InputEventConsistencyVerifier( 1071):   4: sent at 153680000000, KeyEvent { action=ACTION_DOWN, keyCode=KEYCODE_DPAD_LEFT, scanCode=0, metaState=0, flags=0x400, repeatCount=0, eventTime=153680, downTime=153680, deviceId=-1, source=0x101 }
D/InputEventConsistencyVerifier( 1071):   5: sent at 153679000000, KeyEvent { action=ACTION_UP, keyCode=KEYCODE_DPAD_LEFT, scanCode=0, metaState=0, flags=0x400, repeatCount=0, eventTime=153679, downTime=153679, deviceId=-1, source=0x101 }
I/Choreographer( 1071): Skipped 50 frames!  The application may be doing too much work on its main thread.
I/ActivityManager(  231): START {act=android.intent.action.MAIN cat=[android.intent.category.LAUNCHER] flg=0x10200000 cmp=com.ysler.wps.d3/.Main u=0} from pid 1048
E/WVMExtractor(   62): Failed to open libwvm.so
I/Choreographer( 1071): Skipped 45 frames!  The application may be doing too much work on its main thread.
I/Choreographer( 1071): Skipped 37 frames!  The application may be doing too much work on its main thread.
E/WVMExtractor(   62): Failed to open libwvm.so
W/dalvikvm( 1106): DroidBox: { "FdAccess": { "path": "2f646174612f646174612f636f6d2e616e64726f69642e6d757369632f7368617265645f70726566732f4d757369632e786d6c", "id": "521449800" } }
W/DroidBox( 1106): DroidBox: { "FileRW": { "operation": "write", "data": "3c3f786d6c2076657273696f6e3d27312e302720656e636f64696e673d277574662d3827207374616e64616c6f6e653d2779657327203f3e0a3c6d61703e0a3c737472696e67206e616d653d227175657565223e3c2f737472696e673e0a3c696e74206e", "id": "521449800" } }
I/ActivityManager(  231): START {act=android.intent.action.MAIN cat=[android.intent.category.HOME] flg=0x10200000 cmp=com.android.launcher/com.android.launcher2.Launcher u=0} from pid 231
D/ExchangeService(  909): Received deviceId from Email app: androidc1412937439
D/ExchangeService(  909): Reconciling accounts...
I/Choreographer( 1071): Skipped 63 frames!  The application may be doing too much work on its main thread.
I/ActivityManager(  231): START {act=android.intent.action.MAIN cat=[android.intent.category.LAUNCHER] flg=0x10200000 cmp=com.ysler.wps.d3/.Main u=0} from pid 1048
E/WVMExtractor(   62): Failed to open libwvm.so
I/ActivityManager(  231): START {act=android.intent.action.MAIN cat=[android.intent.category.LAUNCHER] flg=0x10200000 cmp=com.ysler.wps.d3/.Main u=0} from pid 1048
I/ActivityManager(  231): No longer want com.android.provision (pid 627): hidden #16
E/WVMExtractor(   62): Failed to open libwvm.so
I/Choreographer( 1071): Skipped 97 frames!  The application may be doing too much work on its main thread.
W/DroidBox( 1106): DroidBox: { "ServiceStart": { "name": "com.android.music.MediaPlaybackService" } }
W/DroidBox( 1106): DroidBox: { "ServiceStart": { "name": "com.android.music.MediaPlaybackService" } }
I/Choreographer( 1071): Skipped 79 frames!  The application may be doing too much work on its main thread.
I/ActivityManager(  231): START {act=android.intent.action.MAIN cat=[android.intent.category.HOME] flg=0x10200000 cmp=com.android.launcher/com.android.launcher2.Launcher u=0} from pid 231
I/Choreographer( 1071): Skipped 50 frames!  The application may be doing too much work on its main thread.
E/WVMExtractor(   62): Failed to open libwvm.so
I/InputDispatcher(  231): Dropped event because of pending overdue app switch.
W/InputManager(  231): Input event injection from pid 1048 failed.
D/InputEventConsistencyVerifier( 1071): KeyEvent: ACTION_UP but key was not down.
D/InputEventConsistencyVerifier( 1071):   in android.view.ViewRootImpl@b3fab258
D/InputEventConsistencyVerifier( 1071):   0: sent at 159184000000, KeyEvent { action=ACTION_UP, keyCode=KEYCODE_DPAD_UP, scanCode=0, metaState=0, flags=0x8, repeatCount=0, eventTime=159184, downTime=159184, deviceId=-1, source=0x101 }
D/InputEventConsistencyVerifier( 1071):   -- recent events --
D/InputEventConsistencyVerifier( 1071):   1: sent at 159147000000, MotionEvent { action=ACTION_UP, id[0]=0, x[0]=268.0, y[0]=239.0, toolType[0]=TOOL_TYPE_UNKNOWN, buttonState=0, metaState=0, flags=0x0, edgeFlags=0x0, pointerCount=1, historySize=0, eventTime=159147, downTime=159129, deviceId=0, source=0x1002 }
D/InputEventConsistencyVerifier( 1071):   2: sent at 159130000000, MotionEvent { action=ACTION_DOWN, id[0]=0, x[0]=274.0, y[0]=234.0, toolType[0]=TOOL_TYPE_UNKNOWN, buttonState=0, metaState=0, flags=0x0, edgeFlags=0x0, pointerCount=1, historySize=0, eventTime=159130, downTime=159129, deviceId=0, source=0x1002 }
D/InputEventConsistencyVerifier( 1071):   3: sent at 159042000000, KeyEvent { action=ACTION_UP, keyCode=KEYCODE_DPAD_LEFT, scanCode=0, metaState=0, flags=0x8, repeatCount=0, eventTime=159042, downTime=159042, deviceId=-1, source=0x101 }
D/InputEventConsistencyVerifier( 1071):   4: sent at 158967000000, KeyEvent { action=ACTION_DOWN, keyCode=KEYCODE_DPAD_LEFT, scanCode=0, metaState=0, flags=0x8, repeatCount=0, eventTime=158967, downTime=158967, deviceId=-1, source=0x101 }
D/InputEventConsistencyVerifier( 1071):   5: sent at 158885000000, KeyEvent { action=ACTION_UP, keyCode=KEYCODE_DPAD_CENTER, scanCode=0, metaState=0, flags=0x8, repeatCount=0, eventTime=158885, downTime=158885, deviceId=-1, source=0x101 }
I/Choreographer( 1071): Skipped 36 frames!  The application may be doing too much work on its main thread.
I/Choreographer( 1071): Skipped 30 frames!  The application may be doing too much work on its main thread.
E/WVMExtractor(   62): Failed to open libwvm.so
I/ActivityManager(  231): START {act=android.intent.action.MAIN cat=[android.intent.category.LAUNCHER] flg=0x10200000 cmp=com.ysler.wps.d3/.Main u=0} from pid 1048
I/ActivityManager(  231): START {act=android.intent.action.MAIN cat=[android.intent.category.LAUNCHER] flg=0x10200000 cmp=com.ysler.wps.d3/.Main u=0} from pid 1048
I/Choreographer( 1071): Skipped 39 frames!  The application may be doing too much work on its main thread.
I/Choreographer( 1071): Skipped 43 frames!  The application may be doing too much work on its main thread.
E/WVMExtractor(   62): Failed to open libwvm.so
I/Choreographer( 1071): Skipped 30 frames!  The application may be doing too much work on its main thread.
I/Choreographer( 1071): Skipped 31 frames!  The application may be doing too much work on its main thread.
E/WVMExtractor(   62): Failed to open libwvm.so
W/BackupManagerService(  231): dataChanged but no participant pkg='com.android.providers.settings' uid=1001
I/Choreographer( 1071): Skipped 36 frames!  The application may be doing too much work on its main thread.
E/WVMExtractor(   62): Failed to open libwvm.so
W/DroidBox( 1106): DroidBox: { "ServiceStart": { "name": "com.android.music.MediaPlaybackService" } }
W/DroidBox( 1106): DroidBox: { "ServiceStart": { "name": "com.android.music.MediaPlaybackService" } }
I/AudioService(  231):  AudioFocus  requestAudioFocus() from android.media.AudioManager@b3e4de20com.android.music.MediaPlaybackService$3@b3e4bc98
I/ActivityManager(  231): START {act=android.intent.action.MAIN cat=[android.intent.category.HOME] flg=0x10200000 cmp=com.android.launcher/com.android.launcher2.Launcher u=0} from pid 231
I/Choreographer( 1071): Skipped 52 frames!  The application may be doing too much work on its main thread.
E/WVMExtractor(   62): Failed to open libwvm.so
I/AudioService(  231):   Remote Control   registerMediaButtonIntent() for PendingIntent{b41b95f8: PendingIntentRecord{b416bc20 com.android.music broadcastIntent}}
I/InputDispatcher(  231): Dropped event because of pending overdue app switch.
W/InputManager(  231): Input event injection from pid 1048 failed.
I/Choreographer( 1071): Skipped 62 frames!  The application may be doing too much work on its main thread.
I/Choreographer( 1071): Skipped 39 frames!  The application may be doing too much work on its main thread.
E/WVMExtractor(   62): Failed to open libwvm.so
W/DroidBox( 1106): DroidBox: { "ServiceStart": { "name": "com.android.music.MediaPlaybackService" } }
W/DroidBox( 1106): DroidBox: { "ServiceStart": { "name": "com.android.music.MediaPlaybackService" } }
W/dalvikvm( 1048): DroidBox: { "FdAccess": { "path": "2f6465762f696e7075742f6576656e7430", "id": "2021178057" } }
W/DroidBox( 1048): DroidBox: { "FileRW": { "operation": "write", "data": "efbfbd060000efbfbdefbfbd0c000500000000000000", "id": "2021178057" } }
I/Choreographer( 1071): Skipped 61 frames!  The application may be doing too much work on its main thread.
I/AudioService(  231):  AudioFocus  requestAudioFocus() from android.media.AudioManager@b3e4de20com.android.music.MediaPlaybackService$3@b3e4bc98
I/Choreographer( 1071): Skipped 30 frames!  The application may be doing too much work on its main thread.
E/WVMExtractor(   62): Failed to open libwvm.so
I/AudioService(  231):   Remote Control   registerMediaButtonIntent() for PendingIntent{b4054b48: PendingIntentRecord{b416bc20 com.android.music broadcastIntent}}
I/ActivityManager(  231): START {act=android.intent.action.MAIN cat=[android.intent.category.HOME] flg=0x10200000 cmp=com.android.launcher/com.android.launcher2.Launcher u=0} from pid 231
I/ActivityManager(  231): START {act=android.intent.action.MAIN cat=[android.intent.category.LAUNCHER] flg=0x10200000 cmp=com.ysler.wps.d3/.Main u=0} from pid 1048
E/WVMExtractor(   62): Failed to open libwvm.so
E/WVMExtractor(   62): Failed to open libwvm.so
I/ActivityManager(  231): START {act=android.intent.action.CALL_BUTTON flg=0x10000000 cmp=com.android.contacts/.activities.DialtactsActivity u=0} from pid 1071
I/Choreographer( 1071): Skipped 33 frames!  The application may be doing too much work on its main thread.
E/WVMExtractor(   62): Failed to open libwvm.so
I/Choreographer( 1071): Skipped 42 frames!  The application may be doing too much work on its main thread.
E/WVMExtractor(   62): Failed to open libwvm.so
E/WVMExtractor(   62): Failed to open libwvm.so
I/Choreographer( 1071): Skipped 65 frames!  The application may be doing too much work on its main thread.
E/WVMExtractor(   62): Failed to open libwvm.so
I/Choreographer( 1071): Skipped 32 frames!  The application may be doing too much work on its main thread.
I/Choreographer( 1071): Skipped 44 frames!  The application may be doing too much work on its main thread.
E/WVMExtractor(   62): Failed to open libwvm.so
I/Choreographer( 1071): Skipped 55 frames!  The application may be doing too much work on its main thread.
E/WVMExtractor(   62): Failed to open libwvm.so
I/Choreographer( 1071): Skipped 35 frames!  The application may be doing too much work on its main thread.
I/ActivityManager(  231): START {act=android.intent.action.MAIN cat=[android.intent.category.LAUNCHER] flg=0x10000000 cmp=com.android.calendar/.AllInOneActivity sel={act=android.intent.action.MAIN cat=[android.intent.category.APP_CALENDAR]} u=0} from pid 231
D/InputEventConsistencyVerifier( 1071): KeyEvent: ACTION_UP but key was not down.
D/InputEventConsistencyVerifier( 1071):   in android.view.ViewRootImpl@b3fab258
D/InputEventConsistencyVerifier( 1071):   0: sent at 173216000000, KeyEvent { action=ACTION_UP, keyCode=KEYCODE_CALENDAR, scanCode=0, metaState=0, flags=0x8, repeatCount=0, eventTime=173216, downTime=173216, deviceId=-1, source=0x101 }
D/InputEventConsistencyVerifier( 1071):   -- recent events --
D/InputEventConsistencyVerifier( 1071):   1: sent at 173181000000, KeyEvent { action=ACTION_UP, keyCode=KEYCODE_NUMPAD_MULTIPLY, scanCode=0, metaState=0, flags=0x8, repeatCount=0, eventTime=173181, downTime=173181, deviceId=-1, source=0x101 }
D/InputEventConsistencyVerifier( 1071):   2: sent at 173159000000, KeyEvent { action=ACTION_DOWN, keyCode=KEYCODE_NUMPAD_MULTIPLY, scanCode=0, metaState=0, flags=0x8, repeatCount=0, eventTime=173159, downTime=173159, deviceId=-1, source=0x101 }
D/InputEventConsistencyVerifier( 1071):   3: sent at 173130000000, MotionEvent { action=ACTION_UP, id[0]=0, x[0]=454.0, y[0]=350.0, toolType[0]=TOOL_TYPE_UNKNOWN, buttonState=0, metaState=0, flags=0x0, edgeFlags=0x0, pointerCount=1, historySize=0, eventTime=173130, downTime=173123, deviceId=0, source=0x1002 }
D/InputEventConsistencyVerifier( 1071):   4: sent at 173124000000, MotionEvent { action=ACTION_DOWN, id[0]=0, x[0]=442.0, y[0]=350.0, toolType[0]=TOOL_TYPE_UNKNOWN, buttonState=0, metaState=0, flags=0x0, edgeFlags=0x0, pointerCount=1, historySize=0, eventTime=173124, downTime=173123, deviceId=0, source=0x1002 }
D/InputEventConsistencyVerifier( 1071):   5: sent at 173105000000, MotionEvent { action=ACTION_UP, id[0]=0, x[0]=385.0, y[0]=-102.0, toolType[0]=TOOL_TYPE_UNKNOWN, buttonState=0, metaState=0, flags=0x0, edgeFlags=0x0, pointerCount=1, historySize=0, eventTime=173105, downTime=173099, deviceId=0, source=0x1002 }
I/Choreographer( 1071): Skipped 52 frames!  The application may be doing too much work on its main thread.
E/WVMExtractor(   62): Failed to open libwvm.so
I/ActivityManager(  231): START {act=android.intent.action.MAIN cat=[android.intent.category.LAUNCHER] flg=0x10200000 cmp=com.ysler.wps.d3/.Main u=0} from pid 1048
E/WVMExtractor(   62): Failed to open libwvm.so
D/InputEventConsistencyVerifier( 1071): TrackballEvent: Trackball is down but pressure is not greater than 0.
D/InputEventConsistencyVerifier( 1071):   in android.view.ViewRootImpl@b3fab258
D/InputEventConsistencyVerifier( 1071):   0: sent at 174156000000, MotionEvent { action=ACTION_DOWN, id[0]=0, x[0]=0.0, y[0]=0.0, toolType[0]=TOOL_TYPE_UNKNOWN, buttonState=0, metaState=0, flags=0x0, edgeFlags=0x0, pointerCount=1, historySize=0, eventTime=174156, downTime=174049, deviceId=0, source=0x10004 }
D/InputEventConsistencyVerifier( 1071):   -- recent events --
D/InputEventConsistencyVerifier( 1071):   1: sent at 174238000000, KeyEvent { action=ACTION_UP, keyCode=KEYCODE_DPAD_DOWN, scanCode=0, metaState=0, flags=0x400, repeatCount=0, eventTime=174238, downTime=174238, deviceId=-1, source=0x101 }
D/InputEventConsistencyVerifier( 1071):   2: sent at 174238000000, KeyEvent { action=ACTION_DOWN, keyCode=KEYCODE_DPAD_DOWN, scanCode=0, metaState=0, flags=0x400, repeatCount=0, eventTime=174238, downTime=174238, deviceId=-1, source=0x101 }
D/InputEventConsistencyVerifier( 1071):   3: sent at 174236000000, KeyEvent { action=ACTION_UP, keyCode=KEYCODE_DPAD_DOWN, scanCode=0, metaState=0, flags=0x400, repeatCount=0, eventTime=174236, downTime=174236, deviceId=-1, source=0x101 }
D/InputEventConsistencyVerifier( 1071):   4: sent at 174236000000, KeyEvent { action=ACTION_DOWN, keyCode=KEYCODE_DPAD_DOWN, scanCode=0, metaState=0, flags=0x400, repeatCount=0, eventTime=174236, downTime=174236, deviceId=-1, source=0x101 }
