D/InputEventConsistencyVerifier(  421):   4: sent at 116610000000, MotionEvent { action=ACTION_UP, id[0]=0, x[0]=3.0, y[0]=709.0, toolType[0]=TOOL_TYPE_UNKNOWN, buttonState=0, metaState=0, flags=0x0, edgeFlags=0x0, pointerCount=1, historySize=0, eventTime=116610, downTime=116604, deviceId=0, source=0x1002 }
D/InputEventConsistencyVerifier(  421):   5: sent at 116604000000, MotionEvent { action=ACTION_DOWN, id[0]=0, x[0]=0.0, y[0]=719.0, toolType[0]=TOOL_TYPE_UNKNOWN, buttonState=0, metaState=0, flags=0x0, edgeFlags=0x0, pointerCount=1, historySize=0, eventTime=116604, downTime=116604, deviceId=0, source=0x1002 }
I/Choreographer(  421): Skipped 36 frames!  The application may be doing too much work on its main thread.
D/InputEventConsistencyVerifier(  421): KeyEvent: ACTION_UP but key was not down.
D/InputEventConsistencyVerifier(  421):   in com.android.systemui.statusbar.phone.PhoneStatusBarView@b3e6f298
D/InputEventConsistencyVerifier(  421):   0: sent at 117060000000, KeyEvent { action=ACTION_UP, keyCode=KEYCODE_DPAD_UP, scanCode=0, metaState=0, flags=0x8, repeatCount=0, eventTime=117060, downTime=117060, deviceId=-1, source=0x101 }
D/InputEventConsistencyVerifier(  421):   -- recent events --
D/InputEventConsistencyVerifier(  421):   1: sent at 116847000000, (unhandled) KeyEvent { action=ACTION_DOWN, keyCode=KEYCODE_DPAD_DOWN, scanCode=0, metaState=0, flags=0x400, repeatCount=0, eventTime=116847, downTime=116847, deviceId=-1, source=0x101 }
D/InputEventConsistencyVerifier(  421):   2: sent at 116847000000, (unhandled) KeyEvent { action=ACTION_MULTIPLE, keyCode=KEYCODE_DPAD_DOWN, scanCode=0, metaState=0, flags=0x400, repeatCount=2, eventTime=116847, downTime=116847, deviceId=-1, source=0x101 }
D/InputEventConsistencyVerifier(  421):   3: sent at 116838000000, (unhandled) MotionEvent { action=ACTION_MOVE, id[0]=0, x[0]=4.0, y[0]=4.0, toolType[0]=TOOL_TYPE_UNKNOWN, buttonState=0, metaState=0, flags=0x0, edgeFlags=0x0, pointerCount=1, historySize=1, eventTime=116838, downTime=-1, deviceId=0, source=0x10004 }
D/InputEventConsistencyVerifier(  421):   4: sent at 116842000000, (unhandled) KeyEvent { action=ACTION_UP, keyCode=KEYCODE_DPAD_LEFT, scanCode=0, metaState=0, flags=0x400, repeatCount=0, eventTime=116842, downTime=116842, deviceId=-1, source=0x101 }
D/InputEventConsistencyVerifier(  421):   5: sent at 116842000000, (unhandled) KeyEvent { action=ACTION_DOWN, keyCode=KEYCODE_DPAD_LEFT, scanCode=0, metaState=0, flags=0x400, repeatCount=0, eventTime=116842, downTime=116842, deviceId=-1, source=0x101 }
D/InputEventConsistencyVerifier(  421): KeyEvent: ACTION_UP but key was not down.
D/InputEventConsistencyVerifier(  421):   in com.android.systemui.statusbar.phone.StatusBarWindowView@b3e6d300
D/InputEventConsistencyVerifier(  421):   0: sent at 117098000000, KeyEvent { action=ACTION_UP, keyCode=KEYCODE_DPAD_RIGHT, scanCode=0, metaState=0, flags=0x8, repeatCount=0, eventTime=117098, downTime=117098, deviceId=-1, source=0x101 }
D/InputEventConsistencyVerifier(  421):   -- recent events --
D/InputEventConsistencyVerifier(  421):   1: sent at 117082000000, MotionEvent { action=ACTION_UP, id[0]=0, x[0]=35.0, y[0]=3.0, toolType[0]=TOOL_TYPE_UNKNOWN, buttonState=0, metaState=0, flags=0x0, edgeFlags=0x0, pointerCount=1, historySize=0, eventTime=117082, downTime=117076, deviceId=0, source=0x1002 }
D/InputEventConsistencyVerifier(  421):   2: sent at 117077000000, MotionEvent { action=ACTION_DOWN, id[0]=0, x[0]=40.0, y[0]=6.0, toolType[0]=TOOL_TYPE_UNKNOWN, buttonState=0, metaState=0, flags=0x0, edgeFlags=0x0, pointerCount=1, historySize=0, eventTime=117077, downTime=117076, deviceId=0, source=0x1002 }
D/InputEventConsistencyVerifier(  421):   3: sent at 117060000000, (unhandled) KeyEvent { action=ACTION_UP, keyCode=KEYCODE_DPAD_UP, scanCode=0, metaState=0, flags=0x8, repeatCount=0, eventTime=117060, downTime=117060, deviceId=-1, source=0x101 }
D/InputEventConsistencyVerifier(  421):   4: sent at 117055000000, (unhandled) KeyEvent { action=ACTION_DOWN, keyCode=KEYCODE_DPAD_UP, scanCode=0, metaState=0, flags=0x8, repeatCount=0, eventTime=117055, downTime=117055, deviceId=-1, source=0x101 }
D/InputEventConsistencyVerifier(  421):   5: sent at 117050000000, (unhandled) KeyEvent { action=ACTION_UP, keyCode=KEYCODE_MENU, scanCode=0, metaState=0, flags=0x8, repeatCount=0, eventTime=117050, downTime=117050, deviceId=-1, source=0x101 }
D/InputEventConsistencyVerifier(  421): KeyEvent: ACTION_UP but key was not down.
D/InputEventConsistencyVerifier(  421):   in com.android.systemui.statusbar.phone.StatusBarWindowView@b3e6d300
D/InputEventConsistencyVerifier(  421):   0: sent at 117290000000, KeyEvent { action=ACTION_UP, keyCode=KEYCODE_DPAD_DOWN, scanCode=0, metaState=0, flags=0x8, repeatCount=0, eventTime=117290, downTime=117290, deviceId=-1, source=0x101 }
D/InputEventConsistencyVerifier(  421):   -- recent events --
D/InputEventConsistencyVerifier(  421):   1: sent at 117246000000, MotionEvent { action=ACTION_UP, id[0]=0, x[0]=149.0, y[0]=281.0, toolType[0]=TOOL_TYPE_UNKNOWN, buttonState=0, metaState=0, flags=0x0, edgeFlags=0x0, pointerCount=1, historySize=0, eventTime=117246, downTime=117177, deviceId=0, source=0x1002 }
D/InputEventConsistencyVerifier(  421):   2: sent at 117243000000, MotionEvent { action=ACTION_MOVE, id[0]=0, x[0]=155.0, y[0]=268.0, toolType[0]=TOOL_TYPE_UNKNOWN, buttonState=0, metaState=0, flags=0x0, edgeFlags=0x0, pointerCount=1, historySize=1, eventTime=117243, downTime=117177, deviceId=0, source=0x1002 }
D/InputEventConsistencyVerifier(  421):   3: sent at 117205000000, MotionEvent { action=ACTION_MOVE, id[0]=0, x[0]=164.47368, y[0]=261.94736, toolType[0]=TOOL_TYPE_UNKNOWN, buttonState=0, metaState=0, flags=0x0, edgeFlags=0x0, pointerCount=1, historySize=1, eventTime=117205, downTime=117177, deviceId=0, source=0x1002 }
D/InputEventConsistencyVerifier(  421):   4: sent at 117178000000, MotionEvent { action=ACTION_DOWN, id[0]=0, x[0]=173.0, y[0]=252.0, toolType[0]=TOOL_TYPE_UNKNOWN, buttonState=0, metaState=0, flags=0x0, edgeFlags=0x0, pointerCount=1, historySize=0, eventTime=117178, downTime=117177, deviceId=0, source=0x1002 }
D/InputEventConsistencyVerifier(  421):   5: sent at 117171000000, (unhandled) KeyEvent { action=ACTION_UP, keyCode=KEYCODE_MENU, scanCode=0, metaState=0, flags=0x8, repeatCount=0, eventTime=117171, downTime=117171, deviceId=-1, source=0x101 }
D/InputEventConsistencyVerifier(  421): TouchEvent: ACTION_DOWN but pointers are already down.  Probably missing ACTION_UP from previous gesture.
D/InputEventConsistencyVerifier(  421):   in android.view.ScaleGestureDetector@b3f0d220
D/InputEventConsistencyVerifier(  421):   0: sent at 117315000000, MotionEvent { action=ACTION_DOWN, id[0]=0, x[0]=363.0, y[0]=329.0, toolType[0]=TOOL_TYPE_UNKNOWN, buttonState=0, metaState=0, flags=0x0, edgeFlags=0x0, pointerCount=1, historySize=0, eventTime=117315, downTime=117315, deviceId=0, source=0x1002 }
D/InputEventConsistencyVerifier(  421):   -- recent events --
D/InputEventConsistencyVerifier(  421):   1: sent at 117243000000, MotionEvent { action=ACTION_MOVE, id[0]=0, x[0]=155.0, y[0]=268.0, toolType[0]=TOOL_TYPE_UNKNOWN, buttonState=0, metaState=0, flags=0x0, edgeFlags=0x0, pointerCount=1, historySize=1, eventTime=117243, downTime=117177, deviceId=0, source=0x1002 }
D/InputEventConsistencyVerifier(  421):   2: sent at 117205000000, MotionEvent { action=ACTION_MOVE, id[0]=0, x[0]=164.47368, y[0]=261.94736, toolType[0]=TOOL_TYPE_UNKNOWN, buttonState=0, metaState=0, flags=0x0, edgeFlags=0x0, pointerCount=1, historySize=1, eventTime=117205, downTime=117177, deviceId=0, source=0x1002 }
D/InputEventConsistencyVerifier(  421):   3: sent at 117178000000, MotionEvent { action=ACTION_DOWN, id[0]=0, x[0]=173.0, y[0]=252.0, toolType[0]=TOOL_TYPE_UNKNOWN, buttonState=0, metaState=0, flags=0x0, edgeFlags=0x0, pointerCount=1, historySize=0, eventTime=117178, downTime=117177, deviceId=0, source=0x1002 }
D/InputEventConsistencyVerifier(  421):   4: sent at 117082000000, MotionEvent { action=ACTION_UP, id[0]=0, x[0]=35.0, y[0]=3.0, toolType[0]=TOOL_TYPE_UNKNOWN, buttonState=0, metaState=0, flags=0x0, edgeFlags=0x0, pointerCount=1, historySize=0, eventTime=117082, downTime=117076, deviceId=0, source=0x1002 }
D/InputEventConsistencyVerifier(  421):   5: sent at 117077000000, MotionEvent { action=ACTION_DOWN, id[0]=0, x[0]=40.0, y[0]=6.0, toolType[0]=TOOL_TYPE_UNKNOWN, buttonState=0, metaState=0, flags=0x0, edgeFlags=0x0, pointerCount=1, historySize=0, eventTime=117077, downTime=117076, deviceId=0, source=0x1002 }
W/dalvikvm(  478): DroidBox: { "FdAccess": { "path": "2f646174612f646174612f636f6d2e616e64726f69642e696e7075746d6574686f642e6c6174696e2f66696c65732f636f6e74616374732e656e5f55532e646963742e74656d70", "id": "2000523994" } }
W/DroidBox(  478): DroidBox: { "FileRW": { "operation": "write", "data": "78efbfbd010000", "id": "2000523994" } }
W/dalvikvm(  478): DroidBox: { "FdAccess": { "path": "2f646174612f646174612f636f6d2e616e64726f69642e696e7075746d6574686f642e6c6174696e2f66696c65732f636f6e74616374732e656e5f55532e646963742e74656d70", "id": "810895415" } }
W/DroidBox(  478): DroidBox: { "FileRW": { "operation": "write", "data": "00", "id": "810895415" } }
D/InputEventConsistencyVerifier(  421): KeyEvent: ACTION_UP but key was not down.
D/InputEventConsistencyVerifier(  421):   in com.android.systemui.statusbar.phone.StatusBarWindowView@b3e6d300
D/InputEventConsistencyVerifier(  421):   0: sent at 117465000000, KeyEvent { action=ACTION_UP, keyCode=KEYCODE_DPAD_LEFT, scanCode=0, metaState=0, flags=0x8, repeatCount=0, eventTime=117465, downTime=117465, deviceId=-1, source=0x101 }
D/InputEventConsistencyVerifier(  421):   -- recent events --
D/InputEventConsistencyVerifier(  421):   1: sent at 117452000000, MotionEvent { action=ACTION_UP, id[0]=0, x[0]=20.0, y[0]=41.0, toolType[0]=TOOL_TYPE_UNKNOWN, buttonState=0, metaState=0, flags=0x0, edgeFlags=0x0, pointerCount=1, historySize=0, eventTime=117452, downTime=117432, deviceId=0, source=0x1002 }
D/InputEventConsistencyVerifier(  421):   2: sent at 117433000000, MotionEvent { action=ACTION_DOWN, id[0]=0, x[0]=29.0, y[0]=40.0, toolType[0]=TOOL_TYPE_UNKNOWN, buttonState=0, metaState=0, flags=0x0, edgeFlags=0x0, pointerCount=1, historySize=0, eventTime=117433, downTime=117432, deviceId=0, source=0x1002 }
D/InputEventConsistencyVerifier(  421):   3: sent at 117383000000, MotionEvent { action=ACTION_UP, id[0]=0, x[0]=467.0, y[0]=508.0, toolType[0]=TOOL_TYPE_UNKNOWN, buttonState=0, metaState=0, flags=0x0, edgeFlags=0x0, pointerCount=1, historySize=0, eventTime=117383, downTime=117376, deviceId=0, source=0x1002 }
D/InputEventConsistencyVerifier(  421):   4: sent at 117377000000, MotionEvent { action=ACTION_DOWN, id[0]=0, x[0]=455.0, y[0]=512.0, toolType[0]=TOOL_TYPE_UNKNOWN, buttonState=0, metaState=0, flags=0x0, edgeFlags=0x0, pointerCount=1, historySize=0, eventTime=117377, downTime=117376, deviceId=0, source=0x1002 }
D/InputEventConsistencyVerifier(  421):   5: sent at 117368000000, MotionEvent { action=ACTION_UP, id[0]=0, x[0]=362.0, y[0]=329.0, toolType[0]=TOOL_TYPE_UNKNOWN, buttonState=0, metaState=0, flags=0x0, edgeFlags=0x0, pointerCount=1, historySize=0, eventTime=117368, downTime=117315, deviceId=0, source=0x1002 }
D/InputEventConsistencyVerifier(  421): KeyEvent: ACTION_UP but key was not down.
D/InputEventConsistencyVerifier(  421):   in android.widget.FrameLayout@b3e30328
D/InputEventConsistencyVerifier(  421):   0: sent at 117573000000, KeyEvent { action=ACTION_UP, keyCode=KEYCODE_DPAD_DOWN, scanCode=0, metaState=0, flags=0x400, repeatCount=0, eventTime=117573, downTime=117573, deviceId=-1, source=0x101 }
D/InputEventConsistencyVerifier(  421):   -- recent events --
D/InputEventConsistencyVerifier(  421):   1: sent at 117452000000, MotionEvent { action=ACTION_UP, id[0]=0, x[0]=20.0, y[0]=41.0, toolType[0]=TOOL_TYPE_UNKNOWN, buttonState=0, metaState=0, flags=0x0, edgeFlags=0x0, pointerCount=1, historySize=0, eventTime=117452, downTime=117432, deviceId=0, source=0x1002 }
D/InputEventConsistencyVerifier(  421):   2: sent at 117433000000, MotionEvent { action=ACTION_DOWN, id[0]=0, x[0]=29.0, y[0]=40.0, toolType[0]=TOOL_TYPE_UNKNOWN, buttonState=0, metaState=0, flags=0x0, edgeFlags=0x0, pointerCount=1, historySize=0, eventTime=117433, downTime=117432, deviceId=0, source=0x1002 }
D/InputEventConsistencyVerifier(  421):   3: sent at 117383000000, MotionEvent { action=ACTION_UP, id[0]=0, x[0]=467.0, y[0]=508.0, toolType[0]=TOOL_TYPE_UNKNOWN, buttonState=0, metaState=0, flags=0x0, edgeFlags=0x0, pointerCount=1, historySize=0, eventTime=117383, downTime=117376, deviceId=0, source=0x1002 }
D/InputEventConsistencyVerifier(  421):   4: sent at 117377000000, MotionEvent { action=ACTION_DOWN, id[0]=0, x[0]=455.0, y[0]=512.0, toolType[0]=TOOL_TYPE_UNKNOWN, buttonState=0, metaState=0, flags=0x0, edgeFlags=0x0, pointerCount=1, historySize=0, eventTime=117377, downTime=117376, deviceId=0, source=0x1002 }
D/InputEventConsistencyVerifier(  421):   5: sent at 117368000000, MotionEvent { action=ACTION_UP, id[0]=0, x[0]=362.0, y[0]=329.0, toolType[0]=TOOL_TYPE_UNKNOWN, buttonState=0, metaState=0, flags=0x0, edgeFlags=0x0, pointerCount=1, historySize=0, eventTime=117368, downTime=117315, deviceId=0, source=0x1002 }
D/InputEventConsistencyVerifier(  421): KeyEvent: ACTION_UP but key was not down.
D/InputEventConsistencyVerifier(  421):   in com.android.systemui.statusbar.phone.PhoneStatusBarView@b3e6f298
D/InputEventConsistencyVerifier(  421):   0: sent at 117714000000, KeyEvent { action=ACTION_UP, keyCode=KEYCODE_DPAD_UP, scanCode=0, metaState=0, flags=0x8, repeatCount=0, eventTime=117714, downTime=117714, deviceId=-1, source=0x101 }
D/InputEventConsistencyVerifier(  421):   -- recent events --
D/InputEventConsistencyVerifier(  421):   1: sent at 117573000000, (unhandled) KeyEvent { action=ACTION_DOWN, keyCode=KEYCODE_DPAD_DOWN, scanCode=0, metaState=0, flags=0x400, repeatCount=0, eventTime=117573, downTime=117573, deviceId=-1, source=0x101 }
D/InputEventConsistencyVerifier(  421):   2: sent at 117539000000, (unhandled) MotionEvent { action=ACTION_MOVE, id[0]=0, x[0]=2.0, y[0]=3.0, toolType[0]=TOOL_TYPE_UNKNOWN, buttonState=0, metaState=0, flags=0x0, edgeFlags=0x0, pointerCount=1, historySize=1, eventTime=117539, downTime=-1, deviceId=0, source=0x10004 }
D/InputEventConsistencyVerifier(  421):   3: sent at 117511000000, (unhandled) KeyEvent { action=ACTION_UP, keyCode=KEYCODE_DPAD_RIGHT, scanCode=0, metaState=0, flags=0x8, repeatCount=0, eventTime=117511, downTime=117511, deviceId=-1, source=0x101 }
D/InputEventConsistencyVerifier(  421):   4: sent at 117508000000, (unhandled) KeyEvent { action=ACTION_DOWN, keyCode=KEYCODE_DPAD_RIGHT, scanCode=0, metaState=0, flags=0x8, repeatCount=0, eventTime=117508, downTime=117508, deviceId=-1, source=0x101 }
D/InputEventConsistencyVerifier(  421):   5: sent at 117465000000, (unhandled) KeyEvent { action=ACTION_UP, keyCode=KEYCODE_DPAD_LEFT, scanCode=0, metaState=0, flags=0x80000008, repeatCount=0, eventTime=117465, downTime=117465, deviceId=-1, source=0x101 }
D/InputEventConsistencyVerifier(  421): KeyEvent: ACTION_UP but key was not down.
D/InputEventConsistencyVerifier(  421):   in com.android.systemui.statusbar.phone.StatusBarWindowView@b3e6d300
D/InputEventConsistencyVerifier(  421):   0: sent at 117832000000, KeyEvent { action=ACTION_UP, keyCode=KEYCODE_DPAD_RIGHT, scanCode=0, metaState=0, flags=0x8, repeatCount=0, eventTime=117832, downTime=117832, deviceId=-1, source=0x101 }
D/InputEventConsistencyVerifier(  421):   -- recent events --
D/InputEventConsistencyVerifier(  421):   1: sent at 117825000000, (unhandled) KeyEvent { action=ACTION_UP, keyCode=KEYCODE_MENU, scanCode=0, metaState=0, flags=0x8, repeatCount=0, eventTime=117825, downTime=117825, deviceId=-1, source=0x101 }
D/InputEventConsistencyVerifier(  421):   2: sent at 117794000000, (unhandled) KeyEvent { action=ACTION_DOWN, keyCode=KEYCODE_MENU, scanCode=0, metaState=0, flags=0x8, repeatCount=0, eventTime=117794, downTime=117794, deviceId=-1, source=0x101 }
D/InputEventConsistencyVerifier(  421):   3: sent at 117779000000, MotionEvent { action=ACTION_UP, id[0]=0, x[0]=61.0, y[0]=710.0, toolType[0]=TOOL_TYPE_UNKNOWN, buttonState=0, metaState=0, flags=0x0, edgeFlags=0x0, pointerCount=1, historySize=0, eventTime=117779, downTime=117765, deviceId=0, source=0x1002 }
D/InputEventConsistencyVerifier(  421):   4: sent at 117765000000, MotionEvent { action=ACTION_DOWN, id[0]=0, x[0]=48.0, y[0]=718.0, toolType[0]=TOOL_TYPE_UNKNOWN, buttonState=0, metaState=0, flags=0x0, edgeFlags=0x0, pointerCount=1, historySize=0, eventTime=117765, downTime=117765, deviceId=0, source=0x1002 }
D/InputEventConsistencyVerifier(  421):   5: sent at 117757000000, MotionEvent { action=ACTION_UP, id[0]=0, x[0]=49.0, y[0]=74.0, toolType[0]=TOOL_TYPE_UNKNOWN, buttonState=0, metaState=0, flags=0x0, edgeFlags=0x0, pointerCount=1, historySize=0, eventTime=117757, downTime=117739, deviceId=0, source=0x1002 }
I/Choreographer(  421): Skipped 32 frames!  The application may be doing too much work on its main thread.
D/InputEventConsistencyVerifier(  421): KeyEvent: ACTION_UP but key was not down.
D/InputEventConsistencyVerifier(  421):   in com.android.systemui.statusbar.phone.StatusBarWindowView@b3e6d300
D/InputEventConsistencyVerifier(  421):   0: sent at 117998000000, KeyEvent { action=ACTION_UP, keyCode=KEYCODE_DPAD_DOWN, scanCode=0, metaState=0, flags=0x8, repeatCount=0, eventTime=117998, downTime=117998, deviceId=-1, source=0x101 }
D/InputEventConsistencyVerifier(  421):   -- recent events --
D/InputEventConsistencyVerifier(  421):   1: sent at 117987000000, MotionEvent { action=ACTION_UP, id[0]=0, x[0]=176.5, y[0]=704.0, toolType[0]=TOOL_TYPE_UNKNOWN, buttonState=0, metaState=0, flags=0x0, edgeFlags=0x0, pointerCount=1, historySize=0, eventTime=117987, downTime=117875, deviceId=0, source=0x1002 }
D/InputEventConsistencyVerifier(  421):   2: sent at 117947500000, MotionEvent { action=ACTION_MOVE, id[0]=0, x[0]=176.5, y[0]=704.0, toolType[0]=TOOL_TYPE_UNKNOWN, buttonState=0, metaState=0, flags=0x0, edgeFlags=0x0, pointerCount=1, historySize=4, eventTime=117947, downTime=117875, deviceId=0, source=0x1002 }
D/InputEventConsistencyVerifier(  421):   3: sent at 117885000000, MotionEvent { action=ACTION_MOVE, id[0]=0, x[0]=184.0, y[0]=706.0, toolType[0]=TOOL_TYPE_UNKNOWN, buttonState=0, metaState=0, flags=0x0, edgeFlags=0x0, pointerCount=1, historySize=2, eventTime=117885, downTime=117875, deviceId=0, source=0x1002 }
D/InputEventConsistencyVerifier(  421):   4: sent at 117877000000, MotionEvent { action=ACTION_DOWN, id[0]=0, x[0]=194.0, y[0]=707.0, toolType[0]=TOOL_TYPE_UNKNOWN, buttonState=0, metaState=0, flags=0x0, edgeFlags=0x0, pointerCount=1, historySize=0, eventTime=117877, downTime=117875, deviceId=0, source=0x1002 }
D/InputEventConsistencyVerifier(  421):   5: sent at 117869000000, (unhandled) KeyEvent { action=ACTION_UP, keyCode=KEYCODE_DPAD_CENTER, scanCode=0, metaState=0, flags=0x8, repeatCount=0, eventTime=117869, downTime=117869, deviceId=-1, source=0x101 }
D/InputEventConsistencyVerifier(  421): KeyEvent: ACTION_UP but key was not down.
D/InputEventConsistencyVerifier(  421):   in com.android.systemui.statusbar.phone.StatusBarWindowView@b3e6d300
D/InputEventConsistencyVerifier(  421):   0: sent at 118158000000, KeyEvent { action=ACTION_UP, keyCode=KEYCODE_DPAD_RIGHT, scanCode=0, metaState=0, flags=0x400, repeatCount=0, eventTime=118158, downTime=118158, deviceId=-1, source=0x101 }
D/InputEventConsistencyVerifier(  421):   -- recent events --
D/InputEventConsistencyVerifier(  421):   1: sent at 118090000000, (unhandled) MotionEvent { action=ACTION_MOVE, id[0]=0, x[0]=3.0, y[0]=0.0, toolType[0]=TOOL_TYPE_UNKNOWN, buttonState=0, metaState=0, flags=0x0, edgeFlags=0x0, pointerCount=1, historySize=9, eventTime=118090, downTime=-1, deviceId=0, source=0x10004 }
D/InputEventConsistencyVerifier(  421):   2: sent at 118142000000, MotionEvent { action=ACTION_UP, id[0]=0, x[0]=134.0, y[0]=130.0, toolType[0]=TOOL_TYPE_UNKNOWN, buttonState=0, metaState=0, flags=0x0, edgeFlags=0x0, pointerCount=1, historySize=0, eventTime=118142, downTime=118136, deviceId=0, source=0x1002 }
D/InputEventConsistencyVerifier(  421):   3: sent at 118137000000, MotionEvent { action=ACTION_DOWN, id[0]=0, x[0]=132.0, y[0]=148.0, toolType[0]=TOOL_TYPE_UNKNOWN, buttonState=0, metaState=0, flags=0x0, edgeFlags=0x0, pointerCount=1, historySize=0, eventTime=118137, downTime=118136, deviceId=0, source=0x1002 }
D/InputEventConsistencyVerifier(  421):   4: sent at 118100000000, MotionEvent { action=ACTION_UP, id[0]=0, x[0]=218.0, y[0]=606.0, toolType[0]=TOOL_TYPE_UNKNOWN, buttonState=0, metaState=0, flags=0x0, edgeFlags=0x0, pointerCount=1, historySize=0, eventTime=118100, downTime=118095, deviceId=0, source=0x1002 }
D/InputEventConsistencyVerifier(  421):   5: sent at 118095000000, MotionEvent { action=ACTION_DOWN, id[0]=0, x[0]=208.0, y[0]=606.0, toolType[0]=TOOL_TYPE_UNKNOWN, buttonState=0, metaState=0, flags=0x0, edgeFlags=0x0, pointerCount=1, historySize=0, eventTime=118095, downTime=118095, deviceId=0, source=0x1002 }
I/ActivityManager(  223): START {act=android.intent.action.CALL_BUTTON flg=0x10000000 cmp=com.android.contacts/.activities.DialtactsActivity u=0} from pid 421
W/dalvikvm(  421): DroidBox: { "FdAccess": { "path": "2f70726f632f6d656d696e666f", "id": "648718084" } }
W/DroidBox(  421): DroidBox: { "FileRW": { "operation": "read", "data": "4d656d546f74616c3a202020202020202020373438393634206b420a4d656d467265653a20202020202020202020343633343234206b420a427566666572733a20202020202020202020202035303332206b420a4361636865643a202020202020202020", "id": "648718084" } }
I/ActivityManager(  223): Start proc com.android.music for broadcast com.android.music/.MediaButtonIntentReceiver: pid=1090 uid=10024 gids={3003, 1015, 1028}
W/dalvikvm(  421): DroidBox: { "FdAccess": { "path": "2f70726f632f6d656d696e666f", "id": "2038660319" } }
W/DroidBox(  421): DroidBox: { "FileRW": { "operation": "read", "data": "4d656d546f74616c3a202020202020202020373438393634206b420a4d656d467265653a20202020202020202020343632393034206b420a427566666572733a20202020202020202020202035303332206b420a4361636865643a202020202020202020", "id": "2038660319" } }
W/dalvikvm(  421): DroidBox: { "FdAccess": { "path": "2f70726f632f6d656d696e666f", "id": "826380281" } }
W/DroidBox(  421): DroidBox: { "FileRW": { "operation": "read", "data": "4d656d546f74616c3a202020202020202020373438393634206b420a4d656d467265653a20202020202020202020343632383936206b420a427566666572733a20202020202020202020202035303332206b420a4361636865643a202020202020202020", "id": "826380281" } }
D/InputEventConsistencyVerifier(  421): TouchEvent: ACTION_DOWN but pointers are already down.  Probably missing ACTION_UP from previous gesture.
D/InputEventConsistencyVerifier(  421):   in android.view.ScaleGestureDetector@b3f0d220
D/InputEventConsistencyVerifier(  421):   0: sent at 118760000000, MotionEvent { action=ACTION_DOWN, id[0]=0, x[0]=214.0, y[0]=671.0, toolType[0]=TOOL_TYPE_UNKNOWN, buttonState=0, metaState=0, flags=0x0, edgeFlags=0x0, pointerCount=1, historySize=0, eventTime=118760, downTime=118758, deviceId=0, source=0x1002 }
D/InputEventConsistencyVerifier(  421):   -- recent events --
D/InputEventConsistencyVerifier(  421):   1: sent at 118737000000, MotionEvent { action=ACTION_DOWN, id[0]=0, x[0]=62.0, y[0]=722.0, toolType[0]=TOOL_TYPE_UNKNOWN, buttonState=0, metaState=0, flags=0x0, edgeFlags=0x0, pointerCount=1, historySize=0, eventTime=118737, downTime=118735, deviceId=0, source=0x1002 }
D/InputEventConsistencyVerifier(  421):   2: sent at 118142000000, MotionEvent { action=ACTION_UP, id[0]=0, x[0]=134.0, y[0]=130.0, toolType[0]=TOOL_TYPE_UNKNOWN, buttonState=0, metaState=0, flags=0x0, edgeFlags=0x0, pointerCount=1, historySize=0, eventTime=118142, downTime=118136, deviceId=0, source=0x1002 }
D/InputEventConsistencyVerifier(  421):   3: sent at 118137000000, MotionEvent { action=ACTION_DOWN, id[0]=0, x[0]=132.0, y[0]=148.0, toolType[0]=TOOL_TYPE_UNKNOWN, buttonState=0, metaState=0, flags=0x0, edgeFlags=0x0, pointerCount=1, historySize=0, eventTime=118137, downTime=118136, deviceId=0, source=0x1002 }
D/InputEventConsistencyVerifier(  421):   4: sent at 118100000000, MotionEvent { action=ACTION_UP, id[0]=0, x[0]=218.0, y[0]=606.0, toolType[0]=TOOL_TYPE_UNKNOWN, buttonState=0, metaState=0, flags=0x0, edgeFlags=0x0, pointerCount=1, historySize=0, eventTime=118100, downTime=118095, deviceId=0, source=0x1002 }
D/InputEventConsistencyVerifier(  421):   5: sent at 118095000000, MotionEvent { action=ACTION_DOWN, id[0]=0, x[0]=208.0, y[0]=606.0, toolType[0]=TOOL_TYPE_UNKNOWN, buttonState=0, metaState=0, flags=0x0, edgeFlags=0x0, pointerCount=1, historySize=0, eventTime=118095, downTime=118095, deviceId=0, source=0x1002 }
I/Choreographer(  421): Skipped 111 frames!  The application may be doing too much work on its main thread.
D/PhoneStatusBar(  421): disable: < expand icons alerts ticker* system_info back home recent clock >
V/PhoneStatusBar(  421): setLightsOn(true)
W/SQLiteConnectionPool(  671): The connection pool for database '/data/user/0/com.android.providers.calendar/databases/calendar.db' has been unable to grant a connection to thread 54 (Binder_1) with flags 0x1 for 30.134 seconds.
W/SQLiteConnectionPool(  671): Connections: 0 active, 1 idle, 0 available.
W/SQLiteConnectionPool(  671): The connection pool for database '/data/user/0/com.android.providers.calendar/databases/calendar.db' has been unable to grant a connection to thread 57 (Binder_3) with flags 0x1 for 33.051003 seconds.
W/SQLiteConnectionPool(  671): Connections: 0 active, 1 idle, 0 available.
E/Trace   ( 1090): error opening trace file: No such file or directory (2)
W/InputMethodManagerService(  223): Window already focused, ignoring focus gain of: com.android.internal.view.IInputMethodClient$Stub$Proxy@b3fad308 attribute=null
D/AlertService(  613): No fired or scheduled alerts
W/DroidBox( 1090): DroidBox: { "DexClassLoader": { "path": "/system/app/Music.apk" } }
I/ActivityManager(  223): START {act=android.intent.action.CALL_BUTTON flg=0x10000000 cmp=com.android.contacts/.activities.DialtactsActivity u=0} from pid 1051
D/InputEventConsistencyVerifier( 1051): KeyEvent: ACTION_UP but key was not down.
D/InputEventConsistencyVerifier( 1051):   in com.android.internal.policy.impl.PhoneWindow$DecorView@b3e5cb48
D/InputEventConsistencyVerifier( 1051):   0: sent at 120059000000, KeyEvent { action=ACTION_UP, keyCode=KEYCODE_DPAD_LEFT, scanCode=0, metaState=0, flags=0x8, repeatCount=0, eventTime=120059, downTime=120059, deviceId=-1, source=0x101 }
D/InputEventConsistencyVerifier( 1051):   -- recent events --
D/InputEventConsistencyVerifier( 1051):   1: sent at 119701000000, (unhandled) KeyEvent { action=ACTION_UP, keyCode=KEYCODE_CALL, scanCode=0, metaState=0, flags=0x8, repeatCount=0, eventTime=119701, downTime=119701, deviceId=-1, source=0x101 }
D/InputEventConsistencyVerifier( 1051):   2: sent at 119666000000, (unhandled) KeyEvent { action=ACTION_DOWN, keyCode=KEYCODE_CALL, scanCode=0, metaState=0, flags=0x8, repeatCount=0, eventTime=119666, downTime=119666, deviceId=-1, source=0x101 }
D/InputEventConsistencyVerifier( 1051):   3: sent at 119659000000, (unhandled) MotionEvent { action=ACTION_UP, id[0]=0, x[0]=130.0, y[0]=752.0, toolType[0]=TOOL_TYPE_UNKNOWN, buttonState=0, metaState=0, flags=0x0, edgeFlags=0x0, pointerCount=1, historySize=0, eventTime=119659, downTime=119651, deviceId=0, source=0x1002 }
D/InputEventConsistencyVerifier( 1051):   4: sent at 119651000000, (unhandled) MotionEvent { action=ACTION_DOWN, id[0]=0, x[0]=131.0, y[0]=754.0, toolType[0]=TOOL_TYPE_UNKNOWN, buttonState=0, metaState=0, flags=0x0, edgeFlags=0x0, pointerCount=1, historySize=0, eventTime=119651, downTime=119651, deviceId=0, source=0x1002 }
D/InputEventConsistencyVerifier( 1051):   5: sent at 119627000000, (unhandled) KeyEvent { action=ACTION_UP, keyCode=KEYCODE_DPAD_UP, scanCode=0, metaState=0, flags=0x8, repeatCount=0, eventTime=119627, downTime=119627, deviceId=-1, source=0x101 }
W/DroidBox( 1090): DroidBox: { "ServiceStart": { "name": "com.android.music.MediaPlaybackService" } }
W/DroidBox( 1090): DroidBox: { "ServiceStart": { "name": "com.android.music.MediaPlaybackService" } }
I/Choreographer( 1051): Skipped 49 frames!  The application may be doing too much work on its main thread.
E/WVMExtractor(   63): Failed to open libwvm.so
D/InputEventConsistencyVerifier( 1051): KeyEvent: ACTION_UP but key was not down.
D/InputEventConsistencyVerifier( 1051):   in com.android.internal.policy.impl.PhoneWindow$DecorView@b3e5cb48
D/InputEventConsistencyVerifier( 1051):   0: sent at 120391000000, KeyEvent { action=ACTION_UP, keyCode=KEYCODE_DPAD_DOWN, scanCode=0, metaState=0, flags=0x400, repeatCount=0, eventTime=120391, downTime=120391, deviceId=-1, source=0x101 }
D/InputEventConsistencyVerifier( 1051):   -- recent events --
D/InputEventConsistencyVerifier( 1051):   1: sent at 120264000000, (unhandled) MotionEvent { action=ACTION_MOVE, id[0]=0, x[0]=-4.0, y[0]=1.0, toolType[0]=TOOL_TYPE_UNKNOWN, buttonState=0, metaState=0, flags=0x0, edgeFlags=0x0, pointerCount=1, historySize=7, eventTime=120264, downTime=-1, deviceId=0, source=0x10004 }
D/InputEventConsistencyVerifier( 1051):   2: sent at 120187000000, (unhandled) MotionEvent { action=ACTION_MOVE, id[0]=0, x[0]=0.0, y[0]=3.0, toolType[0]=TOOL_TYPE_UNKNOWN, buttonState=0, metaState=0, flags=0x0, edgeFlags=0x0, pointerCount=1, historySize=0, eventTime=120187, downTime=-1, deviceId=0, source=0x10004 }
D/InputEventConsistencyVerifier( 1051):   3: sent at 120115000000, (unhandled) MotionEvent { action=ACTION_UP, id[0]=0, x[0]=367.0, y[0]=548.0, toolType[0]=TOOL_TYPE_UNKNOWN, buttonState=0, metaState=0, flags=0x0, edgeFlags=0x0, pointerCount=1, historySize=0, eventTime=120115, downTime=120107, deviceId=0, source=0x1002 }
D/InputEventConsistencyVerifier( 1051):   4: sent at 120108000000, (unhandled) MotionEvent { action=ACTION_DOWN, id[0]=0, x[0]=364.0, y[0]=547.0, toolType[0]=TOOL_TYPE_UNKNOWN, buttonState=0, metaState=0, flags=0x0, edgeFlags=0x0, pointerCount=1, historySize=0, eventTime=120108, downTime=120107, deviceId=0, source=0x1002 }
D/InputEventConsistencyVerifier( 1051):   5: sent at 120059000000, (unhandled) KeyEvent { action=ACTION_UP, keyCode=KEYCODE_DPAD_LEFT, scanCode=0, metaState=0, flags=0x80000008, repeatCount=0, eventTime=120059, downTime=120059, deviceId=-1, source=0x101 }
I/AudioService(  223):   Remote Control   registerMediaButtonIntent() for PendingIntent{b42474a0: PendingIntentRecord{b415df10 com.android.music broadcastIntent}}
I/ContactDirectoryManager(  575): deleted 0 stale rows which don't have any relevant directory
D/InputEventConsistencyVerifier( 1051): KeyEvent: ACTION_UP but key was not down.
D/InputEventConsistencyVerifier( 1051):   in android.widget.LinearLayout@b3ea6518
D/InputEventConsistencyVerifier( 1051):   0: sent at 120422000000, KeyEvent { action=ACTION_UP, keyCode=KEYCODE_DPAD_DOWN, scanCode=0, metaState=0, flags=0x400, repeatCount=0, eventTime=120422, downTime=120422, deviceId=-1, source=0x101 }
I/ContactDirectoryManager(  575): Discovered 0 contact directories in 3373ms
W/dalvikvm(  223): DroidBox: { "FdAccess": { "path": "2f70726f632f313039302f636d646c696e65", "id": "481927151" } }
W/DroidBox(  223): DroidBox: { "FileRW": { "operation": "read", "data": "636f6d2e616e64726f69642e6d75736963000000000000000000000000000000000000000000000000000000000000000000000000000000000000000000000000000000000000000000000066383762623839373432653064313230333639332e61706b", "id": "481927151" } }
I/ContactsDatabaseHelper(  575): Switching to locale en_US
D/InputEventConsistencyVerifier(  421): TouchEvent: ACTION_DOWN but pointers are already down.  Probably missing ACTION_UP from previous gesture.
D/InputEventConsistencyVerifier(  421):   in android.view.ScaleGestureDetector@b3f0d220
D/InputEventConsistencyVerifier(  421):   0: sent at 122226000000, MotionEvent { action=ACTION_DOWN, id[0]=0, x[0]=335.0, y[0]=23.0, toolType[0]=TOOL_TYPE_UNKNOWN, buttonState=0, metaState=0, flags=0x0, edgeFlags=0x0, pointerCount=1, historySize=0, eventTime=122226, downTime=122224, deviceId=0, source=0x1002 }
D/InputEventConsistencyVerifier(  421):   -- recent events --
D/InputEventConsistencyVerifier(  421):   1: sent at 118760000000, MotionEvent { action=ACTION_DOWN, id[0]=0, x[0]=214.0, y[0]=671.0, toolType[0]=TOOL_TYPE_UNKNOWN, buttonState=0, metaState=0, flags=0x80000000, edgeFlags=0x0, pointerCount=1, historySize=0, eventTime=118760, downTime=118758, deviceId=0, source=0x1002 }
D/InputEventConsistencyVerifier(  421):   2: sent at 118737000000, MotionEvent { action=ACTION_DOWN, id[0]=0, x[0]=62.0, y[0]=722.0, toolType[0]=TOOL_TYPE_UNKNOWN, buttonState=0, metaState=0, flags=0x0, edgeFlags=0x0, pointerCount=1, historySize=0, eventTime=118737, downTime=118735, deviceId=0, source=0x1002 }
D/InputEventConsistencyVerifier(  421):   3: sent at 118142000000, MotionEvent { action=ACTION_UP, id[0]=0, x[0]=134.0, y[0]=130.0, toolType[0]=TOOL_TYPE_UNKNOWN, buttonState=0, metaState=0, flags=0x0, edgeFlags=0x0, pointerCount=1, historySize=0, eventTime=118142, downTime=118136, deviceId=0, source=0x1002 }
D/InputEventConsistencyVerifier(  421):   4: sent at 118137000000, MotionEvent { action=ACTION_DOWN, id[0]=0, x[0]=132.0, y[0]=148.0, toolType[0]=TOOL_TYPE_UNKNOWN, buttonState=0, metaState=0, flags=0x0, edgeFlags=0x0, pointerCount=1, historySize=0, eventTime=118137, downTime=118136, deviceId=0, source=0x1002 }
D/InputEventConsistencyVerifier(  421):   5: sent at 118100000000, MotionEvent { action=ACTION_UP, id[0]=0, x[0]=218.0, y[0]=606.0, toolType[0]=TOOL_TYPE_UNKNOWN, buttonState=0, metaState=0, flags=0x0, edgeFlags=0x0, pointerCount=1, historySize=0, eventTime=118100, downTime=118095, deviceId=0, source=0x1002 }
W/dalvikvm(  421): DroidBox: { "FdAccess": { "path": "2f70726f632f6d656d696e666f", "id": "846615004" } }
W/DroidBox(  421): DroidBox: { "FileRW": { "operation": "read", "data": "4d656d546f74616c3a202020202020202020373438393634206b420a4d656d467265653a20202020202020202020343535373732206b420a427566666572733a20202020202020202020202035303532206b420a4361636865643a202020202020202020", "id": "846615004" } }
D/InputEventConsistencyVerifier(  421): TrackballEvent: Trackball is down but pressure is not greater than 0.
D/InputEventConsistencyVerifier(  421):   in android.view.ViewRootImpl@b3efeca8
D/InputEventConsistencyVerifier(  421):   0: sent at 122416000000, MotionEvent { action=ACTION_DOWN, id[0]=0, x[0]=0.0, y[0]=0.0, toolType[0]=TOOL_TYPE_UNKNOWN, buttonState=0, metaState=0, flags=0x0, edgeFlags=0x0, pointerCount=1, historySize=0, eventTime=122416, downTime=122380, deviceId=0, source=0x10004 }
D/InputEventConsistencyVerifier(  421):   -- recent events --
D/InputEventConsistencyVerifier(  421):   1: sent at 122413000000, MotionEvent { action=ACTION_MOVE, id[0]=0, x[0]=-1.0, y[0]=-1.0, toolType[0]=TOOL_TYPE_UNKNOWN, buttonState=0, metaState=0, flags=0x0, edgeFlags=0x0, pointerCount=1, historySize=9, eventTime=122413, downTime=-1, deviceId=0, source=0x10004 }
D/InputEventConsistencyVerifier(  421):   2: sent at 122258000000, MotionEvent { action=ACTION_UP, id[0]=0, x[0]=376.0, y[0]=48.0, toolType[0]=TOOL_TYPE_UNKNOWN, buttonState=0, metaState=0, flags=0x0, edgeFlags=0x0, pointerCount=1, historySize=0, eventTime=122258, downTime=122224, deviceId=0, source=0x1002 }
D/InputEventConsistencyVerifier(  421):   3: sent at 122254000000, MotionEvent { action=ACTION_POINTER_UP(1), id[0]=0, x[0]=358.0, y[0]=39.0, toolType[0]=TOOL_TYPE_UNKNOWN, id[1]=1, x[1]=456.0, y[1]=43.0, toolType[1]=TOOL_TYPE_UNKNOWN, buttonState=0, metaState=0, flags=0x0, edgeFlags=0x0, pointerCount=2, historySize=0, eventTime=122254, downTime=122224, deviceId=0, source=0x1002 }
D/InputEventConsistencyVerifier(  421):   4: sent at 122245000000, MotionEvent { action=ACTION_MOVE, id[0]=0, x[0]=346.0, y[0]=38.0, toolType[0]=TOOL_TYPE_UNKNOWN, id[1]=1, x[1]=451.0, y[1]=45.0, toolType[1]=TOOL_TYPE_UNKNOWN, buttonState=0, metaState=0, flags=0x0, edgeFlags=0x0, pointerCount=2, historySize=0, eventTime=122245, downTime=122224, deviceId=0, source=0x1002 }
D/InputEventConsistencyVerifier(  421):   5: sent at 122239000000, MotionEvent { action=ACTION_POINTER_DOWN(1), id[0]=0, x[0]=344.0, y[0]=31.0, toolType[0]=TOOL_TYPE_UNKNOWN, id[1]=1, x[1]=437.0, y[1]=46.0, toolType[1]=TOOL_TYPE_UNKNOWN, buttonState=0, metaState=0, flags=0x0, edgeFlags=0x0, pointerCount=2, historySize=0, eventTime=122239, downTime=122224, deviceId=0, source=0x1002 }
I/Choreographer( 1051): Skipped 34 frames!  The application may be doing too much work on its main thread.
D/InputEventConsistencyVerifier(  421): TrackballEvent: ACTION_UP but trackball is not down.
D/InputEventConsistencyVerifier(  421):   in com.android.systemui.statusbar.phone.PhoneStatusBarView@b3e6f298
D/InputEventConsistencyVerifier(  421):   0: sent at 122418000000, MotionEvent { action=ACTION_UP, id[0]=0, x[0]=0.0, y[0]=0.0, toolType[0]=TOOL_TYPE_UNKNOWN, buttonState=0, metaState=0, flags=0x0, edgeFlags=0x0, pointerCount=1, historySize=0, eventTime=122418, downTime=122380, deviceId=0, source=0x10004 }
D/InputEventConsistencyVerifier(  421):   -- recent events --
D/InputEventConsistencyVerifier(  421):   1: sent at 122258000000, MotionEvent { action=ACTION_UP, id[0]=0, x[0]=376.0, y[0]=48.0, toolType[0]=TOOL_TYPE_UNKNOWN, buttonState=0, metaState=0, flags=0x0, edgeFlags=0x0, pointerCount=1, historySize=0, eventTime=122258, downTime=122224, deviceId=0, source=0x1002 }
D/InputEventConsistencyVerifier(  421):   2: sent at 122254000000, MotionEvent { action=ACTION_POINTER_UP(1), id[0]=0, x[0]=358.0, y[0]=39.0, toolType[0]=TOOL_TYPE_UNKNOWN, id[1]=1, x[1]=456.0, y[1]=43.0, toolType[1]=TOOL_TYPE_UNKNOWN, buttonState=0, metaState=0, flags=0x0, edgeFlags=0x0, pointerCount=2, historySize=0, eventTime=122254, downTime=122224, deviceId=0, source=0x1002 }
D/InputEventConsistencyVerifier(  421):   3: sent at 122245000000, MotionEvent { action=ACTION_MOVE, id[0]=0, x[0]=346.0, y[0]=38.0, toolType[0]=TOOL_TYPE_UNKNOWN, id[1]=1, x[1]=451.0, y[1]=45.0, toolType[1]=TOOL_TYPE_UNKNOWN, buttonState=0, metaState=0, flags=0x0, edgeFlags=0x0, pointerCount=2, historySize=0, eventTime=122245, downTime=122224, deviceId=0, source=0x1002 }
D/InputEventConsistencyVerifier(  421):   4: sent at 122239000000, MotionEvent { action=ACTION_POINTER_DOWN(1), id[0]=0, x[0]=344.0, y[0]=31.0, toolType[0]=TOOL_TYPE_UNKNOWN, id[1]=1, x[1]=437.0, y[1]=46.0, toolType[1]=TOOL_TYPE_UNKNOWN, buttonState=0, metaState=0, flags=0x0, edgeFlags=0x0, pointerCount=2, historySize=0, eventTime=122239, downTime=122224, deviceId=0, source=0x1002 }
D/InputEventConsistencyVerifier(  421):   5: sent at 122226000000, MotionEvent { action=ACTION_DOWN, id[0]=0, x[0]=335.0, y[0]=23.0, toolType[0]=TOOL_TYPE_UNKNOWN, buttonState=0, metaState=0, flags=0x80000000, edgeFlags=0x0, pointerCount=1, historySize=0, eventTime=122226, downTime=122224, deviceId=0, source=0x1002 }
D/InputEventConsistencyVerifier(  421): KeyEvent: ACTION_UP but key was not down.
D/InputEventConsistencyVerifier(  421):   in com.android.systemui.statusbar.phone.StatusBarWindowView@b3e6d300
D/InputEventConsistencyVerifier(  421):   0: sent at 122553000000, KeyEvent { action=ACTION_UP, keyCode=KEYCODE_DPAD_CENTER, scanCode=0, metaState=0, flags=0x400, repeatCount=0, eventTime=122553, downTime=122553, deviceId=-1, source=0x101 }
D/InputEventConsistencyVerifier(  421):   -- recent events --
D/InputEventConsistencyVerifier(  421):   1: sent at 122418000000, (unhandled) MotionEvent { action=ACTION_UP, id[0]=0, x[0]=0.0, y[0]=0.0, toolType[0]=TOOL_TYPE_UNKNOWN, buttonState=0, metaState=0, flags=0x0, edgeFlags=0x0, pointerCount=1, historySize=0, eventTime=122418, downTime=122380, deviceId=0, source=0x10004 }
D/InputEventConsistencyVerifier(  421):   2: sent at 122416000000, (unhandled) MotionEvent { action=ACTION_DOWN, id[0]=0, x[0]=0.0, y[0]=0.0, toolType[0]=TOOL_TYPE_UNKNOWN, buttonState=0, metaState=0, flags=0x80000000, edgeFlags=0x0, pointerCount=1, historySize=0, eventTime=122416, downTime=122380, deviceId=0, source=0x10004 }
D/InputEventConsistencyVerifier(  421):   3: sent at 122413000000, (unhandled) MotionEvent { action=ACTION_MOVE, id[0]=0, x[0]=-1.0, y[0]=-1.0, toolType[0]=TOOL_TYPE_UNKNOWN, buttonState=0, metaState=0, flags=0x0, edgeFlags=0x0, pointerCount=1, historySize=9, eventTime=122413, downTime=-1, deviceId=0, source=0x10004 }
D/InputEventConsistencyVerifier(  421):   4: sent at 122258000000, MotionEvent { action=ACTION_UP, id[0]=0, x[0]=376.0, y[0]=48.0, toolType[0]=TOOL_TYPE_UNKNOWN, buttonState=0, metaState=0, flags=0x0, edgeFlags=0x0, pointerCount=1, historySize=0, eventTime=122258, downTime=122224, deviceId=0, source=0x1002 }
D/InputEventConsistencyVerifier(  421):   5: sent at 122254000000, MotionEvent { action=ACTION_POINTER_UP(1), id[0]=0, x[0]=358.0, y[0]=39.0, toolType[0]=TOOL_TYPE_UNKNOWN, id[1]=1, x[1]=456.0, y[1]=43.0, toolType[1]=TOOL_TYPE_UNKNOWN, buttonState=0, metaState=0, flags=0x0, edgeFlags=0x0, pointerCount=2, historySize=0, eventTime=122254, downTime=122224, deviceId=0, source=0x1002 }
W/dalvikvm(  421): DroidBox: { "FdAccess": { "path": "2f70726f632f6d656d696e666f", "id": "590354391" } }
W/DroidBox(  421): DroidBox: { "FileRW": { "operation": "read", "data": "4d656d546f74616c3a202020202020202020373438393634206b420a4d656d467265653a20202020202020202020343535363438206b420a427566666572733a20202020202020202020202035303532206b420a4361636865643a202020202020202020", "id": "590354391" } }
I/Choreographer(  421): Skipped 61 frames!  The application may be doing too much work on its main thread.
W/dalvikvm(  421): DroidBox: { "FdAccess": { "path": "2f70726f632f6d656d696e666f", "id": "1698146245" } }
W/DroidBox(  421): DroidBox: { "FileRW": { "operation": "read", "data": "4d656d546f74616c3a202020202020202020373438393634206b420a4d656d467265653a20202020202020202020343535353234206b420a427566666572733a20202020202020202020202035303532206b420a4361636865643a202020202020202020", "id": "1698146245" } }
D/PhoneStatusBar(  421): disable: < expand icons alerts TICKER* system_info back home recent clock >
V/PhoneStatusBar(  421): setLightsOn(true)
D/InputEventConsistencyVerifier(  421): KeyEvent: ACTION_UP but key was not down.
D/InputEventConsistencyVerifier(  421):   in com.android.systemui.statusbar.phone.StatusBarWindowView@b3e6d300
D/InputEventConsistencyVerifier(  421):   0: sent at 122669000000, KeyEvent { action=ACTION_UP, keyCode=KEYCODE_DPAD_RIGHT, scanCode=0, metaState=0, flags=0x8, repeatCount=0, eventTime=122669, downTime=122669, deviceId=-1, source=0x101 }
D/InputEventConsistencyVerifier(  421):   -- recent events --
D/InputEventConsistencyVerifier(  421):   1: sent at 122569000000, (unhandled) KeyEvent { action=ACTION_UP, keyCode=KEYCODE_DPAD_LEFT, scanCode=0, metaState=0, flags=0x8, repeatCount=0, eventTime=122569, downTime=122569, deviceId=-1, source=0x101 }
D/InputEventConsistencyVerifier(  421):   2: sent at 122491000000, (unhandled) KeyEvent { action=ACTION_DOWN, keyCode=KEYCODE_DPAD_LEFT, scanCode=0, metaState=0, flags=0x8, repeatCount=0, eventTime=122491, downTime=122491, deviceId=-1, source=0x101 }
D/InputEventConsistencyVerifier(  421):   3: sent at 122565000000, (unhandled) KeyEvent { action=ACTION_UP, keyCode=KEYCODE_DPAD_UP, scanCode=0, metaState=0, flags=0x400, repeatCount=0, eventTime=122565, downTime=122565, deviceId=-1, source=0x101 }
D/InputEventConsistencyVerifier(  421):   4: sent at 122565000000, (unhandled) KeyEvent { action=ACTION_DOWN, keyCode=KEYCODE_DPAD_UP, scanCode=0, metaState=0, flags=0x400, repeatCount=0, eventTime=122565, downTime=122565, deviceId=-1, source=0x101 }
D/InputEventConsistencyVerifier(  421):   5: sent at 122565000000, (unhandled) KeyEvent { action=ACTION_UP, keyCode=KEYCODE_DPAD_UP, scanCode=0, metaState=0, flags=0x400, repeatCount=0, eventTime=122565, downTime=122565, deviceId=-1, source=0x101 }
I/ActivityManager(  223): START {act=android.intent.action.MAIN cat=[android.intent.category.HOME] flg=0x10200000 cmp=com.android.launcher/com.android.launcher2.Launcher u=0} from pid 223
D/InputEventConsistencyVerifier(  421): KeyEvent: ACTION_UP but key was not down.
D/InputEventConsistencyVerifier(  421):   in android.widget.FrameLayout@b3e30328
D/InputEventConsistencyVerifier(  421):   0: sent at 122704000000, KeyEvent { action=ACTION_UP, keyCode=KEYCODE_DPAD_DOWN, scanCode=0, metaState=0, flags=0x8, repeatCount=0, eventTime=122704, downTime=122704, deviceId=-1, source=0x101 }
D/InputEventConsistencyVerifier(  421):   -- recent events --
D/InputEventConsistencyVerifier(  421):   1: sent at 118142000000, MotionEvent { action=ACTION_UP, id[0]=0, x[0]=134.0, y[0]=130.0, toolType[0]=TOOL_TYPE_UNKNOWN, buttonState=0, metaState=0, flags=0x0, edgeFlags=0x0, pointerCount=1, historySize=0, eventTime=118142, downTime=118136, deviceId=0, source=0x1002 }
D/InputEventConsistencyVerifier(  421):   2: sent at 118137000000, MotionEvent { action=ACTION_DOWN, id[0]=0, x[0]=132.0, y[0]=148.0, toolType[0]=TOOL_TYPE_UNKNOWN, buttonState=0, metaState=0, flags=0x0, edgeFlags=0x0, pointerCount=1, historySize=0, eventTime=118137, downTime=118136, deviceId=0, source=0x1002 }
D/InputEventConsistencyVerifier(  421):   3: sent at 118100000000, MotionEvent { action=ACTION_UP, id[0]=0, x[0]=218.0, y[0]=606.0, toolType[0]=TOOL_TYPE_UNKNOWN, buttonState=0, metaState=0, flags=0x0, edgeFlags=0x0, pointerCount=1, historySize=0, eventTime=118100, downTime=118095, deviceId=0, source=0x1002 }
D/InputEventConsistencyVerifier(  421):   4: sent at 118095000000, MotionEvent { action=ACTION_DOWN, id[0]=0, x[0]=208.0, y[0]=606.0, toolType[0]=TOOL_TYPE_UNKNOWN, buttonState=0, metaState=0, flags=0x0, edgeFlags=0x0, pointerCount=1, historySize=0, eventTime=118095, downTime=118095, deviceId=0, source=0x1002 }
D/InputEventConsistencyVerifier(  421):   5: sent at 118044000000, MotionEvent { action=ACTION_UP, id[0]=0, x[0]=395.0, y[0]=374.0, toolType[0]=TOOL_TYPE_UNKNOWN, buttonState=0, metaState=0, flags=0x0, edgeFlags=0x0, pointerCount=1, historySize=0, eventTime=118044, downTime=118035, deviceId=0, source=0x1002 }
I/Choreographer(  421): Skipped 50 frames!  The application may be doing too much work on its main thread.
W/dalvikvm(  421): DroidBox: { "FdAccess": { "path": "2f70726f632f6d656d696e666f", "id": "819477336" } }
W/DroidBox(  421): DroidBox: { "FileRW": { "operation": "read", "data": "4d656d546f74616c3a202020202020202020373438393634206b420a4d656d467265653a20202020202020202020343534303336206b420a427566666572733a20202020202020202020202035303532206b420a4361636865643a202020202020202020", "id": "819477336" } }
W/dalvikvm(  421): DroidBox: { "FdAccess": { "path": "2f70726f632f6d656d696e666f", "id": "1434587431" } }
W/DroidBox(  421): DroidBox: { "FileRW": { "operation": "read", "data": "4d656d546f74616c3a202020202020202020373438393634206b420a4d656d467265653a20202020202020202020343532353438206b420a427566666572733a20202020202020202020202035303532206b420a4361636865643a202020202020202020", "id": "1434587431" } }
I/Choreographer(  421): Skipped 30 frames!  The application may be doing too much work on its main thread.
W/dalvikvm(  421): DroidBox: { "FdAccess": { "path": "2f70726f632f6d656d696e666f", "id": "309158604" } }
W/DroidBox(  421): DroidBox: { "FileRW": { "operation": "read", "data": "4d656d546f74616c3a202020202020202020373438393634206b420a4d656d467265653a20202020202020202020343532353438206b420a427566666572733a20202020202020202020202035303532206b420a4361636865643a202020202020202020", "id": "309158604" } }
W/dalvikvm(  421): DroidBox: { "FdAccess": { "path": "2f70726f632f6d656d696e666f", "id": "841283196" } }
W/DroidBox(  421): DroidBox: { "FileRW": { "operation": "read", "data": "4d656d546f74616c3a202020202020202020373438393634206b420a4d656d467265653a20202020202020202020343532353438206b420a427566666572733a20202020202020202020202035303532206b420a4361636865643a202020202020202020", "id": "841283196" } }
W/dalvikvm(  421): DroidBox: { "FdAccess": { "path": "2f70726f632f6d656d696e666f", "id": "1259852524" } }
W/DroidBox(  421): DroidBox: { "FileRW": { "operation": "read", "data": "4d656d546f74616c3a202020202020202020373438393634206b420a4d656d467265653a20202020202020202020343532353438206b420a427566666572733a20202020202020202020202035303532206b420a4361636865643a202020202020202020", "id": "1259852524" } }
I/ActivityManager(  223): START {act=android.intent.action.MAIN cat=[android.intent.category.LAUNCHER] flg=0x10200000 cmp=nuu643.JJK73f/.Njjkreh u=0} from pid 1029
I/Choreographer(  421): Skipped 51 frames!  The application may be doing too much work on its main thread.
W/dalvikvm(  421): DroidBox: { "FdAccess": { "path": "2f70726f632f6d656d696e666f", "id": "1472344680" } }
W/DroidBox(  421): DroidBox: { "FileRW": { "operation": "read", "data": "4d656d546f74616c3a202020202020202020373438393634206b420a4d656d467265653a20202020202020202020343532333030206b420a427566666572733a20202020202020202020202035303532206b420a4361636865643a202020202020202020", "id": "1472344680" } }
I/Choreographer(  421): Skipped 38 frames!  The application may be doing too much work on its main thread.
V/PhoneStatusBar(  421): setLightsOn(true)
E/WVMExtractor(   63): Failed to open libwvm.so
D/PhoneStatusBar(  421): disable: < expand icons alerts ticker* system_info back home recent clock >
W/InputMethodManagerService(  223): Window already focused, ignoring focus gain of: com.android.internal.view.IInputMethodClient$Stub$Proxy@b3e92ef8 attribute=android.view.inputmethod.EditorInfo@b43708e8
D/InputEventConsistencyVerifier( 1051): KeyEvent: ACTION_UP but key was not down.
D/InputEventConsistencyVerifier( 1051):   in com.android.internal.policy.impl.PhoneWindow$DecorView@b3e5cb48
