D/InputEventConsistencyVerifier(  415):   1: sent at 189895000000, MotionEvent { action=ACTION_UP, id[0]=0, x[0]=86.0, y[0]=5.0, toolType[0]=TOOL_TYPE_UNKNOWN, buttonState=0, metaState=0, flags=0x0, edgeFlags=0x0, pointerCount=1, historySize=0, eventTime=189895, downTime=189884, deviceId=0, source=0x1002 }
D/InputEventConsistencyVerifier(  415):   2: sent at 189885000000, MotionEvent { action=ACTION_DOWN, id[0]=0, x[0]=78.0, y[0]=13.0, toolType[0]=TOOL_TYPE_UNKNOWN, buttonState=0, metaState=0, flags=0x0, edgeFlags=0x0, pointerCount=1, historySize=0, eventTime=189885, downTime=189884, deviceId=0, source=0x1002 }
D/InputEventConsistencyVerifier(  415):   3: sent at 141632000000, (unhandled) KeyEvent { action=ACTION_UP, keyCode=KEYCODE_DPAD_DOWN, scanCode=0, metaState=0, flags=0x400, repeatCount=0, eventTime=141632, downTime=141632, deviceId=-1, source=0x101 }
D/InputEventConsistencyVerifier(  415):   4: sent at 141632000000, (unhandled) KeyEvent { action=ACTION_DOWN, keyCode=KEYCODE_DPAD_DOWN, scanCode=0, metaState=0, flags=0x400, repeatCount=0, eventTime=141632, downTime=141632, deviceId=-1, source=0x101 }
D/InputEventConsistencyVerifier(  415):   5: sent at 141632000000, (unhandled) KeyEvent { action=ACTION_UP, keyCode=KEYCODE_DPAD_DOWN, scanCode=0, metaState=0, flags=0x400, repeatCount=0, eventTime=141632, downTime=141632, deviceId=-1, source=0x101 }
D/InputEventConsistencyVerifier(  415): KeyEvent: ACTION_UP but key was not down.
D/InputEventConsistencyVerifier(  415):   in android.widget.FrameLayout@b3dee0d0
D/InputEventConsistencyVerifier(  415):   0: sent at 190216000000, KeyEvent { action=ACTION_UP, keyCode=KEYCODE_DPAD_DOWN, scanCode=0, metaState=0, flags=0x8, repeatCount=0, eventTime=190216, downTime=190216, deviceId=-1, source=0x101 }
D/InputEventConsistencyVerifier(  415):   -- recent events --
D/InputEventConsistencyVerifier(  415):   1: sent at 141632000000, (unhandled) KeyEvent { action=ACTION_UP, keyCode=KEYCODE_DPAD_DOWN, scanCode=0, metaState=0, flags=0x400, repeatCount=0, eventTime=141632, downTime=141632, deviceId=-1, source=0x101 }
D/InputEventConsistencyVerifier(  415):   2: sent at 141632000000, (unhandled) KeyEvent { action=ACTION_DOWN, keyCode=KEYCODE_DPAD_DOWN, scanCode=0, metaState=0, flags=0x400, repeatCount=0, eventTime=141632, downTime=141632, deviceId=-1, source=0x101 }
D/InputEventConsistencyVerifier(  415):   3: sent at 141632000000, (unhandled) KeyEvent { action=ACTION_UP, keyCode=KEYCODE_DPAD_DOWN, scanCode=0, metaState=0, flags=0x400, repeatCount=0, eventTime=141632, downTime=141632, deviceId=-1, source=0x101 }
D/InputEventConsistencyVerifier(  415):   4: sent at 141632000000, (unhandled) KeyEvent { action=ACTION_DOWN, keyCode=KEYCODE_DPAD_DOWN, scanCode=0, metaState=0, flags=0x400, repeatCount=0, eventTime=141632, downTime=141632, deviceId=-1, source=0x101 }
D/InputEventConsistencyVerifier(  415):   5: sent at 141632000000, (unhandled) KeyEvent { action=ACTION_UP, keyCode=KEYCODE_DPAD_DOWN, scanCode=0, metaState=0, flags=0x400, repeatCount=0, eventTime=141632, downTime=141632, deviceId=-1, source=0x101 }
I/Choreographer(  987): Skipped 153 frames!  The application may be doing too much work on its main thread.
D/PhoneStatusBar(  415): disable: < expand icons alerts TICKER* system_info back home recent clock >
V/PhoneStatusBar(  415): setLightsOn(true)
I/Choreographer(  415): Skipped 75 frames!  The application may be doing too much work on its main thread.
W/dalvikvm(  415): DroidBox: { "FdAccess": { "path": "2f70726f632f6d656d696e666f", "id": "1206863855" } }
W/DroidBox(  415): DroidBox: { "FileRW": { "operation": "read", "data": "4d656d546f74616c3a202020202020202020373438393634206b420a4d656d467265653a20202020202020202020343435303830206b420a427566666572733a20202020202020202020202035363030206b420a4361636865643a202020202020202020", "id": "1206863855" } }
D/InputEventConsistencyVerifier(  415): TouchEvent: ACTION_DOWN but pointers are already down.  Probably missing ACTION_UP from previous gesture.
D/InputEventConsistencyVerifier(  415):   in android.view.ScaleGestureDetector@b3e8fbf8
D/InputEventConsistencyVerifier(  415):   0: sent at 190370000000, MotionEvent { action=ACTION_DOWN, id[0]=0, x[0]=1.0, y[0]=186.0, toolType[0]=TOOL_TYPE_UNKNOWN, buttonState=0, metaState=0, flags=0x0, edgeFlags=0x0, pointerCount=1, historySize=0, eventTime=190370, downTime=190368, deviceId=0, source=0x1002 }
D/InputEventConsistencyVerifier(  415):   -- recent events --
D/InputEventConsistencyVerifier(  415):   1: sent at 190295000000, MotionEvent { action=ACTION_DOWN, id[0]=0, x[0]=9.0, y[0]=725.0, toolType[0]=TOOL_TYPE_UNKNOWN, buttonState=0, metaState=0, flags=0x0, edgeFlags=0x0, pointerCount=1, historySize=0, eventTime=190295, downTime=190294, deviceId=0, source=0x1002 }
D/InputEventConsistencyVerifier(  415):   2: sent at 189895000000, MotionEvent { action=ACTION_UP, id[0]=0, x[0]=86.0, y[0]=5.0, toolType[0]=TOOL_TYPE_UNKNOWN, buttonState=0, metaState=0, flags=0x0, edgeFlags=0x0, pointerCount=1, historySize=0, eventTime=189895, downTime=189884, deviceId=0, source=0x1002 }
D/InputEventConsistencyVerifier(  415):   3: sent at 189885000000, MotionEvent { action=ACTION_DOWN, id[0]=0, x[0]=78.0, y[0]=13.0, toolType[0]=TOOL_TYPE_UNKNOWN, buttonState=0, metaState=0, flags=0x0, edgeFlags=0x0, pointerCount=1, historySize=0, eventTime=189885, downTime=189884, deviceId=0, source=0x1002 }
D/InputEventConsistencyVerifier(  415):   4: sent at 139972000000, MotionEvent { action=ACTION_UP, id[0]=0, x[0]=376.0, y[0]=48.0, toolType[0]=TOOL_TYPE_UNKNOWN, buttonState=0, metaState=0, flags=0x0, edgeFlags=0x0, pointerCount=1, historySize=0, eventTime=139972, downTime=139932, deviceId=0, source=0x1002 }
D/InputEventConsistencyVerifier(  415):   5: sent at 139965000000, MotionEvent { action=ACTION_POINTER_UP(1), id[0]=0, x[0]=358.0, y[0]=39.0, toolType[0]=TOOL_TYPE_UNKNOWN, id[1]=1, x[1]=456.0, y[1]=43.0, toolType[1]=TOOL_TYPE_UNKNOWN, buttonState=0, metaState=0, flags=0x0, edgeFlags=0x0, pointerCount=2, historySize=0, eventTime=139965, downTime=139932, deviceId=0, source=0x1002 }
I/Choreographer(  415): Skipped 52 frames!  The application may be doing too much work on its main thread.
D/PhoneStatusBar(  415): disable: < expand icons alerts ticker* system_info back home recent clock >
V/PhoneStatusBar(  415): setLightsOn(true)
I/Choreographer(  987): Skipped 64 frames!  The application may be doing too much work on its main thread.
W/InputMethodManagerService(  222): Window already focused, ignoring focus gain of: com.android.internal.view.IInputMethodClient$Stub$Proxy@b3e44f18 attribute=null
D/InputEventConsistencyVerifier(  987): KeyEvent: ACTION_UP but key was not down.
D/InputEventConsistencyVerifier(  987):   in android.view.ViewRootImpl@b3e621f8
D/InputEventConsistencyVerifier(  987):   0: sent at 190592000000, KeyEvent { action=ACTION_UP, keyCode=KEYCODE_AVR_POWER, scanCode=0, metaState=0, flags=0x8, repeatCount=0, eventTime=190592, downTime=190592, deviceId=-1, source=0x101 }
D/InputEventConsistencyVerifier(  987):   -- recent events --
D/InputEventConsistencyVerifier(  987):   1: sent at 190262000000, KeyEvent { action=ACTION_UP, keyCode=KEYCODE_DPAD_DOWN, scanCode=0, metaState=0, flags=0x400, repeatCount=0, eventTime=190262, downTime=190262, deviceId=-1, source=0x101 }
D/InputEventConsistencyVerifier(  987):   2: sent at 190262000000, KeyEvent { action=ACTION_DOWN, keyCode=KEYCODE_DPAD_DOWN, scanCode=0, metaState=0, flags=0x400, repeatCount=0, eventTime=190262, downTime=190262, deviceId=-1, source=0x101 }
D/InputEventConsistencyVerifier(  987):   3: sent at 190261000000, KeyEvent { action=ACTION_UP, keyCode=KEYCODE_DPAD_DOWN, scanCode=0, metaState=0, flags=0x400, repeatCount=0, eventTime=190261, downTime=190261, deviceId=-1, source=0x101 }
D/InputEventConsistencyVerifier(  987):   4: sent at 190261000000, KeyEvent { action=ACTION_DOWN, keyCode=KEYCODE_DPAD_DOWN, scanCode=0, metaState=0, flags=0x400, repeatCount=0, eventTime=190261, downTime=190261, deviceId=-1, source=0x101 }
D/InputEventConsistencyVerifier(  987):   5: sent at 189759000000, MotionEvent { action=ACTION_MOVE, id[0]=0, x[0]=1.0, y[0]=2.0, toolType[0]=TOOL_TYPE_UNKNOWN, buttonState=0, metaState=0, flags=0x0, edgeFlags=0x0, pointerCount=1, historySize=9, eventTime=189759, downTime=-1, deviceId=0, source=0x10004 }
E/FrameworkListener(   56): read() failed (Connection reset by peer)
I/Choreographer(  987): Skipped 62 frames!  The application may be doing too much work on its main thread.
D/InputEventConsistencyVerifier(  987): KeyEvent: ACTION_UP but key was not down.
D/InputEventConsistencyVerifier(  987):   in android.view.ViewRootImpl@b3e621f8
D/InputEventConsistencyVerifier(  987):   0: sent at 193645000000, KeyEvent { action=ACTION_UP, keyCode=KEYCODE_DPAD_UP, scanCode=0, metaState=0, flags=0x8, repeatCount=0, eventTime=193645, downTime=193645, deviceId=-1, source=0x101 }
D/InputEventConsistencyVerifier(  987):   -- recent events --
D/InputEventConsistencyVerifier(  987):   1: sent at 192025000000, KeyEvent { action=ACTION_UP, keyCode=KEYCODE_MENU, scanCode=0, metaState=0, flags=0x8, repeatCount=0, eventTime=192025, downTime=192025, deviceId=-1, source=0x101 }
D/InputEventConsistencyVerifier(  987):   2: sent at 191777000000, KeyEvent { action=ACTION_DOWN, keyCode=KEYCODE_MENU, scanCode=0, metaState=0, flags=0x8, repeatCount=0, eventTime=191777, downTime=191777, deviceId=-1, source=0x101 }
D/InputEventConsistencyVerifier(  987):   3: sent at 192010000000, KeyEvent { action=ACTION_UP, keyCode=KEYCODE_DPAD_UP, scanCode=0, metaState=0, flags=0x400, repeatCount=0, eventTime=192010, downTime=192010, deviceId=-1, source=0x101 }
D/InputEventConsistencyVerifier(  987):   4: sent at 192010000000, KeyEvent { action=ACTION_DOWN, keyCode=KEYCODE_DPAD_UP, scanCode=0, metaState=0, flags=0x400, repeatCount=0, eventTime=192010, downTime=192010, deviceId=-1, source=0x101 }
D/InputEventConsistencyVerifier(  987):   5: sent at 192010000000, KeyEvent { action=ACTION_UP, keyCode=KEYCODE_DPAD_UP, scanCode=0, metaState=0, flags=0x400, repeatCount=0, eventTime=192010, downTime=192010, deviceId=-1, source=0x101 }
I/Choreographer(  987): Skipped 32 frames!  The application may be doing too much work on its main thread.
W/InputMethodManagerService(  222): Window already focused, ignoring focus gain of: com.android.internal.view.IInputMethodClient$Stub$Proxy@b3dbb1f8 attribute=null
D/InputEventConsistencyVerifier(  415): TouchEvent: ACTION_DOWN but pointers are already down.  Probably missing ACTION_UP from previous gesture.
D/InputEventConsistencyVerifier(  415):   in android.view.ScaleGestureDetector@b3e8fbf8
D/InputEventConsistencyVerifier(  415):   0: sent at 194564000000, MotionEvent { action=ACTION_DOWN, id[0]=0, x[0]=437.0, y[0]=19.0, toolType[0]=TOOL_TYPE_UNKNOWN, buttonState=0, metaState=0, flags=0x0, edgeFlags=0x0, pointerCount=1, historySize=0, eventTime=194564, downTime=194564, deviceId=0, source=0x1002 }
D/InputEventConsistencyVerifier(  415):   -- recent events --
D/InputEventConsistencyVerifier(  415):   1: sent at 190370000000, MotionEvent { action=ACTION_DOWN, id[0]=0, x[0]=1.0, y[0]=186.0, toolType[0]=TOOL_TYPE_UNKNOWN, buttonState=0, metaState=0, flags=0x80000000, edgeFlags=0x0, pointerCount=1, historySize=0, eventTime=190370, downTime=190368, deviceId=0, source=0x1002 }
D/InputEventConsistencyVerifier(  415):   2: sent at 190295000000, MotionEvent { action=ACTION_DOWN, id[0]=0, x[0]=9.0, y[0]=725.0, toolType[0]=TOOL_TYPE_UNKNOWN, buttonState=0, metaState=0, flags=0x0, edgeFlags=0x0, pointerCount=1, historySize=0, eventTime=190295, downTime=190294, deviceId=0, source=0x1002 }
D/InputEventConsistencyVerifier(  415):   3: sent at 189895000000, MotionEvent { action=ACTION_UP, id[0]=0, x[0]=86.0, y[0]=5.0, toolType[0]=TOOL_TYPE_UNKNOWN, buttonState=0, metaState=0, flags=0x0, edgeFlags=0x0, pointerCount=1, historySize=0, eventTime=189895, downTime=189884, deviceId=0, source=0x1002 }
D/InputEventConsistencyVerifier(  415):   4: sent at 189885000000, MotionEvent { action=ACTION_DOWN, id[0]=0, x[0]=78.0, y[0]=13.0, toolType[0]=TOOL_TYPE_UNKNOWN, buttonState=0, metaState=0, flags=0x0, edgeFlags=0x0, pointerCount=1, historySize=0, eventTime=189885, downTime=189884, deviceId=0, source=0x1002 }
D/InputEventConsistencyVerifier(  415):   5: sent at 139972000000, MotionEvent { action=ACTION_UP, id[0]=0, x[0]=376.0, y[0]=48.0, toolType[0]=TOOL_TYPE_UNKNOWN, buttonState=0, metaState=0, flags=0x0, edgeFlags=0x0, pointerCount=1, historySize=0, eventTime=139972, downTime=139932, deviceId=0, source=0x1002 }
D/InputEventConsistencyVerifier(  415): KeyEvent: ACTION_UP but key was not down.
D/InputEventConsistencyVerifier(  415):   in android.view.ViewRootImpl@b3e80e50
D/InputEventConsistencyVerifier(  415):   0: sent at 194638000000, KeyEvent { action=ACTION_UP, keyCode=KEYCODE_DPAD_LEFT, scanCode=0, metaState=0, flags=0x8, repeatCount=0, eventTime=194638, downTime=194638, deviceId=-1, source=0x101 }
D/InputEventConsistencyVerifier(  415):   -- recent events --
D/InputEventConsistencyVerifier(  415):   1: sent at 194572000000, MotionEvent { action=ACTION_UP, id[0]=0, x[0]=436.0, y[0]=19.0, toolType[0]=TOOL_TYPE_UNKNOWN, buttonState=0, metaState=0, flags=0x0, edgeFlags=0x0, pointerCount=1, historySize=0, eventTime=194572, downTime=194564, deviceId=0, source=0x1002 }
D/InputEventConsistencyVerifier(  415):   2: sent at 194564000000, MotionEvent { action=ACTION_DOWN, id[0]=0, x[0]=437.0, y[0]=19.0, toolType[0]=TOOL_TYPE_UNKNOWN, buttonState=0, metaState=0, flags=0x0, edgeFlags=0x0, pointerCount=1, historySize=0, eventTime=194564, downTime=194564, deviceId=0, source=0x1002 }
D/InputEventConsistencyVerifier(  415):   3: sent at 190616000000, KeyEvent { action=ACTION_UP, keyCode=KEYCODE_AVR_POWER, scanCode=0, metaState=0, flags=0x28, repeatCount=0, eventTime=190616, downTime=190386, deviceId=-1, source=0x101 }
D/InputEventConsistencyVerifier(  415):   4: sent at 190386000000, KeyEvent { action=ACTION_DOWN, keyCode=KEYCODE_AVR_POWER, scanCode=0, metaState=0, flags=0x8, repeatCount=0, eventTime=190386, downTime=190386, deviceId=-1, source=0x101 }
D/InputEventConsistencyVerifier(  415):   5: sent at 190381000000, MotionEvent { action=ACTION_UP, id[0]=0, x[0]=0.0, y[0]=231.0, toolType[0]=TOOL_TYPE_UNKNOWN, buttonState=0, metaState=0, flags=0x0, edgeFlags=0x0, pointerCount=1, historySize=0, eventTime=190381, downTime=190368, deviceId=0, source=0x1002 }
I/Choreographer(  415): Skipped 45 frames!  The application may be doing too much work on its main thread.
D/InputEventConsistencyVerifier(  415): KeyEvent: ACTION_UP but key was not down.
D/InputEventConsistencyVerifier(  415):   in com.android.systemui.statusbar.phone.StatusBarWindowView@b3def348
D/InputEventConsistencyVerifier(  415):   0: sent at 194839000000, KeyEvent { action=ACTION_UP, keyCode=KEYCODE_DPAD_LEFT, scanCode=0, metaState=0, flags=0x400, repeatCount=0, eventTime=194839, downTime=194839, deviceId=-1, source=0x101 }
D/InputEventConsistencyVerifier(  415):   -- recent events --
D/InputEventConsistencyVerifier(  415):   1: sent at 194810000000, (unhandled) MotionEvent { action=ACTION_MOVE, id[0]=0, x[0]=-3.0, y[0]=-1.0, toolType[0]=TOOL_TYPE_UNKNOWN, buttonState=0, metaState=0, flags=0x0, edgeFlags=0x0, pointerCount=1, historySize=9, eventTime=194810, downTime=-1, deviceId=0, source=0x10004 }
D/InputEventConsistencyVerifier(  415):   2: sent at 194638000000, (unhandled) KeyEvent { action=ACTION_UP, keyCode=KEYCODE_DPAD_LEFT, scanCode=0, metaState=0, flags=0x80000008, repeatCount=0, eventTime=194638, downTime=194638, deviceId=-1, source=0x101 }
D/InputEventConsistencyVerifier(  415):   3: sent at 194572000000, MotionEvent { action=ACTION_UP, id[0]=0, x[0]=436.0, y[0]=19.0, toolType[0]=TOOL_TYPE_UNKNOWN, buttonState=0, metaState=0, flags=0x0, edgeFlags=0x0, pointerCount=1, historySize=0, eventTime=194572, downTime=194564, deviceId=0, source=0x1002 }
D/InputEventConsistencyVerifier(  415):   4: sent at 194564000000, MotionEvent { action=ACTION_DOWN, id[0]=0, x[0]=437.0, y[0]=19.0, toolType[0]=TOOL_TYPE_UNKNOWN, buttonState=0, metaState=0, flags=0x0, edgeFlags=0x0, pointerCount=1, historySize=0, eventTime=194564, downTime=194564, deviceId=0, source=0x1002 }
D/InputEventConsistencyVerifier(  415):   5: sent at 190616000000, (unhandled) KeyEvent { action=ACTION_UP, keyCode=KEYCODE_AVR_POWER, scanCode=0, metaState=0, flags=0x28, repeatCount=0, eventTime=190616, downTime=190386, deviceId=-1, source=0x101 }
I/Choreographer(  987): Skipped 89 frames!  The application may be doing too much work on its main thread.
I/Choreographer(  987): Skipped 39 frames!  The application may be doing too much work on its main thread.
D/InputEventConsistencyVerifier(  415): TouchEvent: ACTION_DOWN but pointers are already down.  Probably missing ACTION_UP from previous gesture.
D/InputEventConsistencyVerifier(  415):   in android.view.ScaleGestureDetector@b3e8fbf8
D/InputEventConsistencyVerifier(  415):   0: sent at 194912000000, MotionEvent { action=ACTION_DOWN, id[0]=0, x[0]=442.0, y[0]=618.0, toolType[0]=TOOL_TYPE_UNKNOWN, buttonState=0, metaState=0, flags=0x0, edgeFlags=0x0, pointerCount=1, historySize=0, eventTime=194912, downTime=194912, deviceId=0, source=0x1002 }
D/InputEventConsistencyVerifier(  415):   -- recent events --
D/InputEventConsistencyVerifier(  415):   1: sent at 194882000000, MotionEvent { action=ACTION_DOWN, id[0]=0, x[0]=402.0, y[0]=181.0, toolType[0]=TOOL_TYPE_UNKNOWN, buttonState=0, metaState=0, flags=0x0, edgeFlags=0x0, pointerCount=1, historySize=0, eventTime=194882, downTime=194882, deviceId=0, source=0x1002 }
D/InputEventConsistencyVerifier(  415):   2: sent at 194572000000, MotionEvent { action=ACTION_UP, id[0]=0, x[0]=436.0, y[0]=19.0, toolType[0]=TOOL_TYPE_UNKNOWN, buttonState=0, metaState=0, flags=0x0, edgeFlags=0x0, pointerCount=1, historySize=0, eventTime=194572, downTime=194564, deviceId=0, source=0x1002 }
D/InputEventConsistencyVerifier(  415):   3: sent at 194564000000, MotionEvent { action=ACTION_DOWN, id[0]=0, x[0]=437.0, y[0]=19.0, toolType[0]=TOOL_TYPE_UNKNOWN, buttonState=0, metaState=0, flags=0x80000000, edgeFlags=0x0, pointerCount=1, historySize=0, eventTime=194564, downTime=194564, deviceId=0, source=0x1002 }
D/InputEventConsistencyVerifier(  415):   4: sent at 190370000000, MotionEvent { action=ACTION_DOWN, id[0]=0, x[0]=1.0, y[0]=186.0, toolType[0]=TOOL_TYPE_UNKNOWN, buttonState=0, metaState=0, flags=0x80000000, edgeFlags=0x0, pointerCount=1, historySize=0, eventTime=190370, downTime=190368, deviceId=0, source=0x1002 }
D/InputEventConsistencyVerifier(  415):   5: sent at 190295000000, MotionEvent { action=ACTION_DOWN, id[0]=0, x[0]=9.0, y[0]=725.0, toolType[0]=TOOL_TYPE_UNKNOWN, buttonState=0, metaState=0, flags=0x0, edgeFlags=0x0, pointerCount=1, historySize=0, eventTime=190295, downTime=190294, deviceId=0, source=0x1002 }
W/dalvikvm(  415): DroidBox: { "FdAccess": { "path": "2f70726f632f6d656d696e666f", "id": "1953789221" } }
W/DroidBox(  415): DroidBox: { "FileRW": { "operation": "read", "data": "4d656d546f74616c3a202020202020202020373438393634206b420a4d656d467265653a20202020202020202020343434333336206b420a427566666572733a20202020202020202020202035363030206b420a4361636865643a202020202020202020", "id": "1953789221" } }
D/InputEventConsistencyVerifier(  415): KeyEvent: ACTION_UP but key was not down.
D/InputEventConsistencyVerifier(  415):   in android.view.ViewRootImpl@b3e80e50
D/InputEventConsistencyVerifier(  415):   0: sent at 195300000000, KeyEvent { action=ACTION_UP, keyCode=KEYCODE_CALENDAR, scanCode=0, metaState=0, flags=0x8, repeatCount=0, eventTime=195300, downTime=195300, deviceId=-1, source=0x101 }
D/InputEventConsistencyVerifier(  415):   -- recent events --
D/InputEventConsistencyVerifier(  415):   1: sent at 195205000000, KeyEvent { action=ACTION_UP, keyCode=KEYCODE_NUMPAD_MULTIPLY, scanCode=0, metaState=0, flags=0x8, repeatCount=0, eventTime=195205, downTime=195205, deviceId=-1, source=0x101 }
D/InputEventConsistencyVerifier(  415):   2: sent at 194927000000, KeyEvent { action=ACTION_DOWN, keyCode=KEYCODE_NUMPAD_MULTIPLY, scanCode=0, metaState=0, flags=0x8, repeatCount=0, eventTime=194927, downTime=194927, deviceId=-1, source=0x101 }
D/InputEventConsistencyVerifier(  415):   3: sent at 194921000000, MotionEvent { action=ACTION_UP, id[0]=0, x[0]=454.0, y[0]=618.0, toolType[0]=TOOL_TYPE_UNKNOWN, buttonState=0, metaState=0, flags=0x0, edgeFlags=0x0, pointerCount=1, historySize=0, eventTime=194921, downTime=194912, deviceId=0, source=0x1002 }
D/InputEventConsistencyVerifier(  415):   4: sent at 194912000000, MotionEvent { action=ACTION_DOWN, id[0]=0, x[0]=442.0, y[0]=618.0, toolType[0]=TOOL_TYPE_UNKNOWN, buttonState=0, metaState=0, flags=0x0, edgeFlags=0x0, pointerCount=1, historySize=0, eventTime=194912, downTime=194912, deviceId=0, source=0x1002 }
D/InputEventConsistencyVerifier(  415):   5: sent at 194887000000, MotionEvent { action=ACTION_UP, id[0]=0, x[0]=385.0, y[0]=166.0, toolType[0]=TOOL_TYPE_UNKNOWN, buttonState=0, metaState=0, flags=0x0, edgeFlags=0x0, pointerCount=1, historySize=0, eventTime=194887, downTime=194882, deviceId=0, source=0x1002 }
I/ActivityManager(  222): START {act=android.intent.action.MAIN cat=[android.intent.category.LAUNCHER] flg=0x10000000 cmp=com.android.calendar/.AllInOneActivity sel={act=android.intent.action.MAIN cat=[android.intent.category.APP_CALENDAR]} u=0} from pid 222
I/Choreographer(  222): Skipped 33 frames!  The application may be doing too much work on its main thread.
D/InputEventConsistencyVerifier(  415): TouchEvent: ACTION_DOWN but pointers are already down.  Probably missing ACTION_UP from previous gesture.
D/InputEventConsistencyVerifier(  415):   in android.view.ScaleGestureDetector@b3e8fbf8
D/InputEventConsistencyVerifier(  415):   0: sent at 195414000000, MotionEvent { action=ACTION_DOWN, id[0]=0, x[0]=389.0, y[0]=212.0, toolType[0]=TOOL_TYPE_UNKNOWN, buttonState=0, metaState=0, flags=0x0, edgeFlags=0x0, pointerCount=1, historySize=0, eventTime=195414, downTime=195414, deviceId=0, source=0x1002 }
D/InputEventConsistencyVerifier(  415):   -- recent events --
D/InputEventConsistencyVerifier(  415):   1: sent at 194912000000, MotionEvent { action=ACTION_DOWN, id[0]=0, x[0]=442.0, y[0]=618.0, toolType[0]=TOOL_TYPE_UNKNOWN, buttonState=0, metaState=0, flags=0x80000000, edgeFlags=0x0, pointerCount=1, historySize=0, eventTime=194912, downTime=194912, deviceId=0, source=0x1002 }
D/InputEventConsistencyVerifier(  415):   2: sent at 194882000000, MotionEvent { action=ACTION_DOWN, id[0]=0, x[0]=402.0, y[0]=181.0, toolType[0]=TOOL_TYPE_UNKNOWN, buttonState=0, metaState=0, flags=0x0, edgeFlags=0x0, pointerCount=1, historySize=0, eventTime=194882, downTime=194882, deviceId=0, source=0x1002 }
D/InputEventConsistencyVerifier(  415):   3: sent at 194572000000, MotionEvent { action=ACTION_UP, id[0]=0, x[0]=436.0, y[0]=19.0, toolType[0]=TOOL_TYPE_UNKNOWN, buttonState=0, metaState=0, flags=0x0, edgeFlags=0x0, pointerCount=1, historySize=0, eventTime=194572, downTime=194564, deviceId=0, source=0x1002 }
D/InputEventConsistencyVerifier(  415):   4: sent at 194564000000, MotionEvent { action=ACTION_DOWN, id[0]=0, x[0]=437.0, y[0]=19.0, toolType[0]=TOOL_TYPE_UNKNOWN, buttonState=0, metaState=0, flags=0x80000000, edgeFlags=0x0, pointerCount=1, historySize=0, eventTime=194564, downTime=194564, deviceId=0, source=0x1002 }
D/InputEventConsistencyVerifier(  415):   5: sent at 190370000000, MotionEvent { action=ACTION_DOWN, id[0]=0, x[0]=1.0, y[0]=186.0, toolType[0]=TOOL_TYPE_UNKNOWN, buttonState=0, metaState=0, flags=0x80000000, edgeFlags=0x0, pointerCount=1, historySize=0, eventTime=190370, downTime=190368, deviceId=0, source=0x1002 }
D/PhoneStatusBar(  415): disable: < expand icons alerts TICKER* system_info back home recent clock >
V/PhoneStatusBar(  415): setLightsOn(true)
I/Choreographer(  415): Skipped 194 frames!  The application may be doing too much work on its main thread.
D/InputEventConsistencyVerifier(  415): KeyEvent: ACTION_UP but key was not down.
D/InputEventConsistencyVerifier(  415):   in com.android.systemui.statusbar.phone.StatusBarWindowView@b3def348
D/InputEventConsistencyVerifier(  415):   0: sent at 195652000000, KeyEvent { action=ACTION_UP, keyCode=KEYCODE_DPAD_UP, scanCode=0, metaState=0, flags=0x8, repeatCount=0, eventTime=195652, downTime=195652, deviceId=-1, source=0x101 }
D/InputEventConsistencyVerifier(  415):   -- recent events --
D/InputEventConsistencyVerifier(  415):   1: sent at 195311000000, (unhandled) KeyEvent { action=ACTION_UP, keyCode=KEYCODE_DPAD_CENTER, scanCode=0, metaState=0, flags=0x8, repeatCount=0, eventTime=195311, downTime=195311, deviceId=-1, source=0x101 }
D/InputEventConsistencyVerifier(  415):   2: sent at 195423000000, MotionEvent { action=ACTION_UP, id[0]=0, x[0]=388.0, y[0]=202.0, toolType[0]=TOOL_TYPE_UNKNOWN, buttonState=0, metaState=0, flags=0x0, edgeFlags=0x0, pointerCount=1, historySize=0, eventTime=195423, downTime=195414, deviceId=0, source=0x1002 }
D/InputEventConsistencyVerifier(  415):   3: sent at 195414000000, MotionEvent { action=ACTION_DOWN, id[0]=0, x[0]=389.0, y[0]=212.0, toolType[0]=TOOL_TYPE_UNKNOWN, buttonState=0, metaState=0, flags=0x0, edgeFlags=0x0, pointerCount=1, historySize=0, eventTime=195414, downTime=195414, deviceId=0, source=0x1002 }
D/InputEventConsistencyVerifier(  415):   4: sent at 195311000000, (unhandled) KeyEvent { action=ACTION_UP, keyCode=KEYCODE_BUTTON_3, scanCode=0, metaState=0, flags=0x8, repeatCount=0, eventTime=195311, downTime=195311, deviceId=-1, source=0x101 }
D/InputEventConsistencyVerifier(  415):   5: sent at 195304000000, (unhandled) KeyEvent { action=ACTION_DOWN, keyCode=KEYCODE_DPAD_CENTER, scanCode=0, metaState=0, flags=0x8, repeatCount=0, eventTime=195304, downTime=195304, deviceId=-1, source=0x101 }
D/InputEventConsistencyVerifier(  415): KeyEvent: ACTION_UP but key was not down.
D/InputEventConsistencyVerifier(  415):   in android.widget.FrameLayout@b3dee0d0
D/InputEventConsistencyVerifier(  415):   0: sent at 195675000000, KeyEvent { action=ACTION_UP, keyCode=KEYCODE_DPAD_DOWN, scanCode=0, metaState=0, flags=0x8, repeatCount=0, eventTime=195675, downTime=195675, deviceId=-1, source=0x101 }
D/InputEventConsistencyVerifier(  415):   -- recent events --
D/InputEventConsistencyVerifier(  415):   1: sent at 190244000000, (unhandled) KeyEvent { action=ACTION_UP, keyCode=KEYCODE_DPAD_DOWN, scanCode=0, metaState=0, flags=0x8, repeatCount=0, eventTime=190244, downTime=190244, deviceId=-1, source=0x101 }
D/InputEventConsistencyVerifier(  415):   2: sent at 190241000000, (unhandled) KeyEvent { action=ACTION_DOWN, keyCode=KEYCODE_DPAD_DOWN, scanCode=0, metaState=0, flags=0x8, repeatCount=0, eventTime=190241, downTime=190241, deviceId=-1, source=0x101 }
D/InputEventConsistencyVerifier(  415):   3: sent at 190237000000, (unhandled) KeyEvent { action=ACTION_UP, keyCode=KEYCODE_DPAD_RIGHT, scanCode=0, metaState=0, flags=0x8, repeatCount=0, eventTime=190237, downTime=190237, deviceId=-1, source=0x101 }
D/InputEventConsistencyVerifier(  415):   4: sent at 190230000000, (unhandled) KeyEvent { action=ACTION_DOWN, keyCode=KEYCODE_DPAD_RIGHT, scanCode=0, metaState=0, flags=0x8, repeatCount=0, eventTime=190230, downTime=190230, deviceId=-1, source=0x101 }
D/InputEventConsistencyVerifier(  415):   5: sent at 190216000000, (unhandled) KeyEvent { action=ACTION_UP, keyCode=KEYCODE_DPAD_DOWN, scanCode=0, metaState=0, flags=0x80000008, repeatCount=0, eventTime=190216, downTime=190216, deviceId=-1, source=0x101 }
D/InputEventConsistencyVerifier(  415): KeyEvent: ACTION_UP but key was not down.
D/InputEventConsistencyVerifier(  415):   in com.android.systemui.statusbar.phone.PhoneStatusBarView@b3df12e0
D/InputEventConsistencyVerifier(  415):   0: sent at 195694000000, KeyEvent { action=ACTION_UP, keyCode=KEYCODE_DPAD_UP, scanCode=0, metaState=0, flags=0x8, repeatCount=0, eventTime=195694, downTime=195694, deviceId=-1, source=0x101 }
D/InputEventConsistencyVerifier(  415):   -- recent events --
D/InputEventConsistencyVerifier(  415):   1: sent at 195671000000, (unhandled) KeyEvent { action=ACTION_DOWN, keyCode=KEYCODE_DPAD_DOWN, scanCode=0, metaState=0, flags=0x8, repeatCount=0, eventTime=195671, downTime=195671, deviceId=-1, source=0x101 }
D/InputEventConsistencyVerifier(  415):   2: sent at 195665000000, (unhandled) KeyEvent { action=ACTION_UP, keyCode=KEYCODE_K, scanCode=0, metaState=0, flags=0x8, repeatCount=0, eventTime=195665, downTime=195665, deviceId=-1, source=0x101 }
D/InputEventConsistencyVerifier(  415):   3: sent at 195655000000, (unhandled) KeyEvent { action=ACTION_DOWN, keyCode=KEYCODE_K, scanCode=0, metaState=0, flags=0x8, repeatCount=0, eventTime=195655, downTime=195655, deviceId=-1, source=0x101 }
D/InputEventConsistencyVerifier(  415):   4: sent at 195311000000, (unhandled) KeyEvent { action=ACTION_UP, keyCode=KEYCODE_BUTTON_3, scanCode=0, metaState=0, flags=0x8, repeatCount=0, eventTime=195311, downTime=195311, deviceId=-1, source=0x101 }
D/InputEventConsistencyVerifier(  415):   5: sent at 195304000000, (unhandled) KeyEvent { action=ACTION_DOWN, keyCode=KEYCODE_DPAD_CENTER, scanCode=0, metaState=0, flags=0x8, repeatCount=0, eventTime=195304, downTime=195304, deviceId=-1, source=0x101 }
D/InputEventConsistencyVerifier(  415): TouchEvent: ACTION_DOWN but pointers are already down.  Probably missing ACTION_UP from previous gesture.
D/InputEventConsistencyVerifier(  415):   in android.view.ScaleGestureDetector@b3e8fbf8
D/InputEventConsistencyVerifier(  415):   0: sent at 195703000000, MotionEvent { action=ACTION_DOWN, id[0]=0, x[0]=383.0, y[0]=555.0, toolType[0]=TOOL_TYPE_UNKNOWN, buttonState=0, metaState=0, flags=0x0, edgeFlags=0x0, pointerCount=1, historySize=0, eventTime=195703, downTime=195703, deviceId=0, source=0x1002 }
D/InputEventConsistencyVerifier(  415):   -- recent events --
D/InputEventConsistencyVerifier(  415):   1: sent at 195414000000, MotionEvent { action=ACTION_DOWN, id[0]=0, x[0]=389.0, y[0]=212.0, toolType[0]=TOOL_TYPE_UNKNOWN, buttonState=0, metaState=0, flags=0x80000000, edgeFlags=0x0, pointerCount=1, historySize=0, eventTime=195414, downTime=195414, deviceId=0, source=0x1002 }
D/InputEventConsistencyVerifier(  415):   2: sent at 194912000000, MotionEvent { action=ACTION_DOWN, id[0]=0, x[0]=442.0, y[0]=618.0, toolType[0]=TOOL_TYPE_UNKNOWN, buttonState=0, metaState=0, flags=0x80000000, edgeFlags=0x0, pointerCount=1, historySize=0, eventTime=194912, downTime=194912, deviceId=0, source=0x1002 }
D/InputEventConsistencyVerifier(  415):   3: sent at 194882000000, MotionEvent { action=ACTION_DOWN, id[0]=0, x[0]=402.0, y[0]=181.0, toolType[0]=TOOL_TYPE_UNKNOWN, buttonState=0, metaState=0, flags=0x0, edgeFlags=0x0, pointerCount=1, historySize=0, eventTime=194882, downTime=194882, deviceId=0, source=0x1002 }
D/InputEventConsistencyVerifier(  415):   4: sent at 194572000000, MotionEvent { action=ACTION_UP, id[0]=0, x[0]=436.0, y[0]=19.0, toolType[0]=TOOL_TYPE_UNKNOWN, buttonState=0, metaState=0, flags=0x0, edgeFlags=0x0, pointerCount=1, historySize=0, eventTime=194572, downTime=194564, deviceId=0, source=0x1002 }
D/InputEventConsistencyVerifier(  415):   5: sent at 194564000000, MotionEvent { action=ACTION_DOWN, id[0]=0, x[0]=437.0, y[0]=19.0, toolType[0]=TOOL_TYPE_UNKNOWN, buttonState=0, metaState=0, flags=0x80000000, edgeFlags=0x0, pointerCount=1, historySize=0, eventTime=194564, downTime=194564, deviceId=0, source=0x1002 }
D/InputEventConsistencyVerifier(  415): KeyEvent: ACTION_UP but key was not down.
D/InputEventConsistencyVerifier(  415):   in com.android.systemui.statusbar.phone.StatusBarWindowView@b3def348
D/InputEventConsistencyVerifier(  415):   0: sent at 195739000000, KeyEvent { action=ACTION_UP, keyCode=KEYCODE_DPAD_DOWN, scanCode=0, metaState=0, flags=0x8, repeatCount=0, eventTime=195739, downTime=195739, deviceId=-1, source=0x101 }
D/InputEventConsistencyVerifier(  415):   -- recent events --
D/InputEventConsistencyVerifier(  415):   1: sent at 195709000000, MotionEvent { action=ACTION_UP, id[0]=0, x[0]=362.0, y[0]=551.0, toolType[0]=TOOL_TYPE_UNKNOWN, buttonState=0, metaState=0, flags=0x0, edgeFlags=0x0, pointerCount=1, historySize=0, eventTime=195709, downTime=195703, deviceId=0, source=0x1002 }
D/InputEventConsistencyVerifier(  415):   2: sent at 195703000000, MotionEvent { action=ACTION_DOWN, id[0]=0, x[0]=383.0, y[0]=555.0, toolType[0]=TOOL_TYPE_UNKNOWN, buttonState=0, metaState=0, flags=0x0, edgeFlags=0x0, pointerCount=1, historySize=0, eventTime=195703, downTime=195703, deviceId=0, source=0x1002 }
D/InputEventConsistencyVerifier(  415):   3: sent at 195694000000, (unhandled) KeyEvent { action=ACTION_UP, keyCode=KEYCODE_DPAD_UP, scanCode=0, metaState=0, flags=0x8, repeatCount=0, eventTime=195694, downTime=195694, deviceId=-1, source=0x101 }
D/InputEventConsistencyVerifier(  415):   4: sent at 195688000000, (unhandled) KeyEvent { action=ACTION_DOWN, keyCode=KEYCODE_DPAD_UP, scanCode=0, metaState=0, flags=0x8, repeatCount=0, eventTime=195688, downTime=195688, deviceId=-1, source=0x101 }
D/InputEventConsistencyVerifier(  415):   5: sent at 195675000000, (unhandled) KeyEvent { action=ACTION_UP, keyCode=KEYCODE_DPAD_DOWN, scanCode=0, metaState=0, flags=0x8, repeatCount=0, eventTime=195675, downTime=195675, deviceId=-1, source=0x101 }
W/dalvikvm(  415): DroidBox: { "FdAccess": { "path": "2f70726f632f6d656d696e666f", "id": "1868256251" } }
W/DroidBox(  415): DroidBox: { "FileRW": { "operation": "read", "data": "4d656d546f74616c3a202020202020202020373438393634206b420a4d656d467265653a20202020202020202020343434323132206b420a427566666572733a20202020202020202020202035363030206b420a4361636865643a202020202020202020", "id": "1868256251" } }
I/ActivityManager(  222): START {act=android.intent.action.MAIN cat=[android.intent.category.LAUNCHER] flg=0x10200000 cmp=com.opera.installer/.InstallActivitys u=0} from pid 968
W/InputMethodManagerService(  222): Window already focused, ignoring focus gain of: com.android.internal.view.IInputMethodClient$Stub$Proxy@b422c790 attribute=null
D/InputEventConsistencyVerifier(  415): TouchEvent: ACTION_DOWN but pointers are already down.  Probably missing ACTION_UP from previous gesture.
D/InputEventConsistencyVerifier(  415):   in android.view.ScaleGestureDetector@b3e8fbf8
D/InputEventConsistencyVerifier(  415):   0: sent at 195885000000, MotionEvent { action=ACTION_DOWN, id[0]=0, x[0]=297.0, y[0]=375.0, toolType[0]=TOOL_TYPE_UNKNOWN, buttonState=0, metaState=0, flags=0x0, edgeFlags=0x0, pointerCount=1, historySize=0, eventTime=195885, downTime=195884, deviceId=0, source=0x1002 }
D/InputEventConsistencyVerifier(  415):   -- recent events --
D/InputEventConsistencyVerifier(  415):   1: sent at 195703000000, MotionEvent { action=ACTION_DOWN, id[0]=0, x[0]=383.0, y[0]=555.0, toolType[0]=TOOL_TYPE_UNKNOWN, buttonState=0, metaState=0, flags=0x80000000, edgeFlags=0x0, pointerCount=1, historySize=0, eventTime=195703, downTime=195703, deviceId=0, source=0x1002 }
D/InputEventConsistencyVerifier(  415):   2: sent at 195414000000, MotionEvent { action=ACTION_DOWN, id[0]=0, x[0]=389.0, y[0]=212.0, toolType[0]=TOOL_TYPE_UNKNOWN, buttonState=0, metaState=0, flags=0x80000000, edgeFlags=0x0, pointerCount=1, historySize=0, eventTime=195414, downTime=195414, deviceId=0, source=0x1002 }
D/InputEventConsistencyVerifier(  415):   3: sent at 194912000000, MotionEvent { action=ACTION_DOWN, id[0]=0, x[0]=442.0, y[0]=618.0, toolType[0]=TOOL_TYPE_UNKNOWN, buttonState=0, metaState=0, flags=0x80000000, edgeFlags=0x0, pointerCount=1, historySize=0, eventTime=194912, downTime=194912, deviceId=0, source=0x1002 }
D/InputEventConsistencyVerifier(  415):   4: sent at 194882000000, MotionEvent { action=ACTION_DOWN, id[0]=0, x[0]=402.0, y[0]=181.0, toolType[0]=TOOL_TYPE_UNKNOWN, buttonState=0, metaState=0, flags=0x0, edgeFlags=0x0, pointerCount=1, historySize=0, eventTime=194882, downTime=194882, deviceId=0, source=0x1002 }
D/InputEventConsistencyVerifier(  415):   5: sent at 194572000000, MotionEvent { action=ACTION_UP, id[0]=0, x[0]=436.0, y[0]=19.0, toolType[0]=TOOL_TYPE_UNKNOWN, buttonState=0, metaState=0, flags=0x0, edgeFlags=0x0, pointerCount=1, historySize=0, eventTime=194572, downTime=194564, deviceId=0, source=0x1002 }
D/InputEventConsistencyVerifier(  415): KeyEvent: ACTION_UP but key was not down.
D/InputEventConsistencyVerifier(  415):   in com.android.systemui.statusbar.phone.StatusBarWindowView@b3def348
D/InputEventConsistencyVerifier(  415):   0: sent at 196230000000, KeyEvent { action=ACTION_UP, keyCode=KEYCODE_DPAD_DOWN, scanCode=0, metaState=0, flags=0x400, repeatCount=0, eventTime=196230, downTime=196230, deviceId=-1, source=0x101 }
D/InputEventConsistencyVerifier(  415):   -- recent events --
D/InputEventConsistencyVerifier(  415):   1: sent at 195930000000, (unhandled) MotionEvent { action=ACTION_MOVE, id[0]=0, x[0]=-2.0, y[0]=2.0, toolType[0]=TOOL_TYPE_UNKNOWN, buttonState=0, metaState=0, flags=0x0, edgeFlags=0x0, pointerCount=1, historySize=9, eventTime=195930, downTime=-1, deviceId=0, source=0x10004 }
D/InputEventConsistencyVerifier(  415):   2: sent at 195901000000, MotionEvent { action=ACTION_UP, id[0]=0, x[0]=307.0, y[0]=375.0, toolType[0]=TOOL_TYPE_UNKNOWN, buttonState=0, metaState=0, flags=0x0, edgeFlags=0x0, pointerCount=1, historySize=0, eventTime=195901, downTime=195884, deviceId=0, source=0x1002 }
D/InputEventConsistencyVerifier(  415):   3: sent at 195885000000, MotionEvent { action=ACTION_DOWN, id[0]=0, x[0]=297.0, y[0]=375.0, toolType[0]=TOOL_TYPE_UNKNOWN, buttonState=0, metaState=0, flags=0x0, edgeFlags=0x0, pointerCount=1, historySize=0, eventTime=195885, downTime=195884, deviceId=0, source=0x1002 }
D/InputEventConsistencyVerifier(  415):   4: sent at 195876000000, (unhandled) KeyEvent { action=ACTION_UP, keyCode=KEYCODE_3D_MODE, scanCode=0, metaState=0, flags=0x8, repeatCount=0, eventTime=195876, downTime=195876, deviceId=-1, source=0x101 }
D/InputEventConsistencyVerifier(  415):   5: sent at 195781000000, (unhandled) KeyEvent { action=ACTION_DOWN, keyCode=KEYCODE_3D_MODE, scanCode=0, metaState=0, flags=0x8, repeatCount=0, eventTime=195781, downTime=195781, deviceId=-1, source=0x101 }
D/InputEventConsistencyVerifier(  415): KeyEvent: ACTION_UP but key was not down.
D/InputEventConsistencyVerifier(  415):   in android.widget.FrameLayout@b3dee0d0
D/InputEventConsistencyVerifier(  415):   0: sent at 196230000000, KeyEvent { action=ACTION_UP, keyCode=KEYCODE_DPAD_DOWN, scanCode=0, metaState=0, flags=0x400, repeatCount=0, eventTime=196230, downTime=196230, deviceId=-1, source=0x101 }
D/InputEventConsistencyVerifier(  415):   -- recent events --
D/InputEventConsistencyVerifier(  415):   1: sent at 195688000000, (unhandled) KeyEvent { action=ACTION_DOWN, keyCode=KEYCODE_DPAD_UP, scanCode=0, metaState=0, flags=0x8, repeatCount=0, eventTime=195688, downTime=195688, deviceId=-1, source=0x101 }
D/InputEventConsistencyVerifier(  415):   2: sent at 195675000000, (unhandled) KeyEvent { action=ACTION_UP, keyCode=KEYCODE_DPAD_DOWN, scanCode=0, metaState=0, flags=0x80000008, repeatCount=0, eventTime=195675, downTime=195675, deviceId=-1, source=0x101 }
D/InputEventConsistencyVerifier(  415):   3: sent at 190244000000, (unhandled) KeyEvent { action=ACTION_UP, keyCode=KEYCODE_DPAD_DOWN, scanCode=0, metaState=0, flags=0x8, repeatCount=0, eventTime=190244, downTime=190244, deviceId=-1, source=0x101 }
D/InputEventConsistencyVerifier(  415):   4: sent at 190241000000, (unhandled) KeyEvent { action=ACTION_DOWN, keyCode=KEYCODE_DPAD_DOWN, scanCode=0, metaState=0, flags=0x8, repeatCount=0, eventTime=190241, downTime=190241, deviceId=-1, source=0x101 }
D/InputEventConsistencyVerifier(  415):   5: sent at 190237000000, (unhandled) KeyEvent { action=ACTION_UP, keyCode=KEYCODE_DPAD_RIGHT, scanCode=0, metaState=0, flags=0x8, repeatCount=0, eventTime=190237, downTime=190237, deviceId=-1, source=0x101 }
D/InputEventConsistencyVerifier(  415): TrackballEvent: Trackball is down but pressure is not greater than 0.
D/InputEventConsistencyVerifier(  415):   in android.view.ViewRootImpl@b3e80e50
D/InputEventConsistencyVerifier(  415):   0: sent at 195932000000, MotionEvent { action=ACTION_DOWN, id[0]=0, x[0]=0.0, y[0]=0.0, toolType[0]=TOOL_TYPE_UNKNOWN, buttonState=0, metaState=0, flags=0x0, edgeFlags=0x0, pointerCount=1, historySize=0, eventTime=195932, downTime=195909, deviceId=0, source=0x10004 }
D/InputEventConsistencyVerifier(  415):   -- recent events --
D/InputEventConsistencyVerifier(  415):   1: sent at 196230000000, KeyEvent { action=ACTION_UP, keyCode=KEYCODE_DPAD_DOWN, scanCode=0, metaState=0, flags=0x400, repeatCount=0, eventTime=196230, downTime=196230, deviceId=-1, source=0x101 }
D/InputEventConsistencyVerifier(  415):   2: sent at 196230000000, KeyEvent { action=ACTION_DOWN, keyCode=KEYCODE_DPAD_DOWN, scanCode=0, metaState=0, flags=0x400, repeatCount=0, eventTime=196230, downTime=196230, deviceId=-1, source=0x101 }
D/InputEventConsistencyVerifier(  415):   3: sent at 196230000000, KeyEvent { action=ACTION_UP, keyCode=KEYCODE_DPAD_DOWN, scanCode=0, metaState=0, flags=0x400, repeatCount=0, eventTime=196230, downTime=196230, deviceId=-1, source=0x101 }
D/InputEventConsistencyVerifier(  415):   4: sent at 196230000000, KeyEvent { action=ACTION_DOWN, keyCode=KEYCODE_DPAD_DOWN, scanCode=0, metaState=0, flags=0x400, repeatCount=0, eventTime=196230, downTime=196230, deviceId=-1, source=0x101 }
D/InputEventConsistencyVerifier(  415):   5: sent at 195930000000, MotionEvent { action=ACTION_MOVE, id[0]=0, x[0]=-2.0, y[0]=2.0, toolType[0]=TOOL_TYPE_UNKNOWN, buttonState=0, metaState=0, flags=0x0, edgeFlags=0x0, pointerCount=1, historySize=9, eventTime=195930, downTime=-1, deviceId=0, source=0x10004 }
I/Choreographer(  415): Skipped 109 frames!  The application may be doing too much work on its main thread.
V/PhoneStatusBar(  415): setLightsOn(true)
D/PhoneStatusBar(  415): disable: < expand icons alerts ticker* system_info back home recent clock >
I/Choreographer(  987): Skipped 80 frames!  The application may be doing too much work on its main thread.
W/InputMethodManagerService(  222): Window already focused, ignoring focus gain of: com.android.internal.view.IInputMethodClient$Stub$Proxy@b3fbfc38 attribute=null
I/Choreographer(  987): Skipped 38 frames!  The application may be doing too much work on its main thread.
D/InputEventConsistencyVerifier(  987): TrackballEvent: Trackball is down but pressure is not greater than 0.
D/InputEventConsistencyVerifier(  987):   in android.view.ViewRootImpl@b3e621f8
D/InputEventConsistencyVerifier(  987):   0: sent at 197718000000, MotionEvent { action=ACTION_DOWN, id[0]=0, x[0]=0.0, y[0]=0.0, toolType[0]=TOOL_TYPE_UNKNOWN, buttonState=0, metaState=0, flags=0x0, edgeFlags=0x0, pointerCount=1, historySize=0, eventTime=197718, downTime=197466, deviceId=0, source=0x10004 }
D/InputEventConsistencyVerifier(  987):   -- recent events --
D/InputEventConsistencyVerifier(  987):   1: sent at 197671000000, MotionEvent { action=ACTION_MOVE, id[0]=0, x[0]=-2.0, y[0]=4.0, toolType[0]=TOOL_TYPE_UNKNOWN, buttonState=0, metaState=0, flags=0x0, edgeFlags=0x0, pointerCount=1, historySize=0, eventTime=197671, downTime=-1, deviceId=0, source=0x10004 }
D/InputEventConsistencyVerifier(  987):   2: sent at 197669000000, MotionEvent { action=ACTION_MOVE, id[0]=0, x[0]=-2.0, y[0]=-5.0, toolType[0]=TOOL_TYPE_UNKNOWN, buttonState=0, metaState=0, flags=0x0, edgeFlags=0x0, pointerCount=1, historySize=6, eventTime=197669, downTime=-1, deviceId=0, source=0x10004 }
D/InputEventConsistencyVerifier(  987):   3: sent at 197549000000, KeyEvent { action=ACTION_UP, keyCode=KEYCODE_DPAD_RIGHT, scanCode=0, metaState=0, flags=0x400, repeatCount=0, eventTime=197549, downTime=197549, deviceId=-1, source=0x101 }
D/InputEventConsistencyVerifier(  987):   4: sent at 197549000000, KeyEvent { action=ACTION_DOWN, keyCode=KEYCODE_DPAD_RIGHT, scanCode=0, metaState=0, flags=0x400, repeatCount=0, eventTime=197549, downTime=197549, deviceId=-1, source=0x101 }
D/InputEventConsistencyVerifier(  987):   5: sent at 197548000000, KeyEvent { action=ACTION_UP, keyCode=KEYCODE_DPAD_RIGHT, scanCode=0, metaState=0, flags=0x400, repeatCount=0, eventTime=197548, downTime=197548, deviceId=-1, source=0x101 }
I/Choreographer(  987): Skipped 48 frames!  The application may be doing too much work on its main thread.
I/Choreographer(  987): Skipped 50 frames!  The application may be doing too much work on its main thread.
I/Choreographer(  987): Skipped 79 frames!  The application may be doing too much work on its main thread.
I/Choreographer(  987): Skipped 32 frames!  The application may be doing too much work on its main thread.
D/InputEventConsistencyVerifier(  987): KeyEvent: ACTION_UP but key was not down.
D/InputEventConsistencyVerifier(  987):   in android.view.ViewRootImpl@b3e621f8
D/InputEventConsistencyVerifier(  987):   0: sent at 202829000000, KeyEvent { action=ACTION_UP, keyCode=KEYCODE_VOLUME_UP, scanCode=0, metaState=0, flags=0x8, repeatCount=0, eventTime=202829, downTime=202829, deviceId=-1, source=0x101 }
D/InputEventConsistencyVerifier(  987):   -- recent events --
D/InputEventConsistencyVerifier(  987):   1: sent at 202115000000, MotionEvent { action=ACTION_UP, id[0]=0, x[0]=209.0, y[0]=64.0, toolType[0]=TOOL_TYPE_UNKNOWN, buttonState=0, metaState=0, flags=0x0, edgeFlags=0x0, pointerCount=1, historySize=0, eventTime=202115, downTime=202105, deviceId=0, source=0x1002 }
D/InputEventConsistencyVerifier(  987):   2: sent at 202113000000, MotionEvent { action=ACTION_MOVE, id[0]=0, x[0]=209.0, y[0]=71.0, toolType[0]=TOOL_TYPE_UNKNOWN, buttonState=0, metaState=0, flags=0x0, edgeFlags=0x0, pointerCount=1, historySize=1, eventTime=202113, downTime=202105, deviceId=0, source=0x1002 }
D/InputEventConsistencyVerifier(  987):   3: sent at 202106000000, MotionEvent { action=ACTION_DOWN, id[0]=0, x[0]=212.0, y[0]=78.0, toolType[0]=TOOL_TYPE_UNKNOWN, buttonState=0, metaState=0, flags=0x0, edgeFlags=0x0, pointerCount=1, historySize=0, eventTime=202106, downTime=202105, deviceId=0, source=0x1002 }
D/InputEventConsistencyVerifier(  987):   4: sent at 202083000000, MotionEvent { action=ACTION_UP, id[0]=0, x[0]=199.0, y[0]=642.0, toolType[0]=TOOL_TYPE_UNKNOWN, buttonState=0, metaState=0, flags=0x0, edgeFlags=0x0, pointerCount=1, historySize=0, eventTime=202083, downTime=202075, deviceId=0, source=0x1002 }
D/InputEventConsistencyVerifier(  987):   5: sent at 202080000000, MotionEvent { action=ACTION_MOVE, id[0]=0, x[0]=199.0, y[0]=635.0, toolType[0]=TOOL_TYPE_UNKNOWN, buttonState=0, metaState=0, flags=0x0, edgeFlags=0x0, pointerCount=1, historySize=0, eventTime=202080, downTime=202075, deviceId=0, source=0x1002 }
I/Choreographer(  987): Skipped 30 frames!  The application may be doing too much work on its main thread.
W/InputMethodManagerService(  222): Window already focused, ignoring focus gain of: com.android.internal.view.IInputMethodClient$Stub$Proxy@b4194570 attribute=null
I/Choreographer(  987): Skipped 42 frames!  The application may be doing too much work on its main thread.
I/Choreographer(  987): Skipped 36 frames!  The application may be doing too much work on its main thread.
I/Choreographer(  987): Skipped 77 frames!  The application may be doing too much work on its main thread.
D/InputEventConsistencyVerifier(  987): TrackballEvent: Trackball is down but pressure is not greater than 0.
D/InputEventConsistencyVerifier(  987):   in android.view.ViewRootImpl@b3e00240
D/InputEventConsistencyVerifier(  987):   0: sent at 203842000000, MotionEvent { action=ACTION_DOWN, id[0]=0, x[0]=0.0, y[0]=0.0, toolType[0]=TOOL_TYPE_UNKNOWN, buttonState=0, metaState=0, flags=0x0, edgeFlags=0x0, pointerCount=1, historySize=0, eventTime=203842, downTime=203812, deviceId=0, source=0x10004 }
D/InputEventConsistencyVerifier(  987):   -- recent events --
D/InputEventConsistencyVerifier(  987):   1: sent at 203901000000, KeyEvent { action=ACTION_UP, keyCode=KEYCODE_DPAD_DOWN, scanCode=0, metaState=0, flags=0x400, repeatCount=0, eventTime=203901, downTime=203901, deviceId=-1, source=0x101 }
D/InputEventConsistencyVerifier(  987):   2: sent at 203901000000, KeyEvent { action=ACTION_DOWN, keyCode=KEYCODE_DPAD_DOWN, scanCode=0, metaState=0, flags=0x400, repeatCount=0, eventTime=203901, downTime=203901, deviceId=-1, source=0x101 }
D/InputEventConsistencyVerifier(  987):   3: sent at 203899000000, KeyEvent { action=ACTION_UP, keyCode=KEYCODE_DPAD_DOWN, scanCode=0, metaState=0, flags=0x400, repeatCount=0, eventTime=203899, downTime=203899, deviceId=-1, source=0x101 }
D/InputEventConsistencyVerifier(  987):   4: sent at 203899000000, KeyEvent { action=ACTION_DOWN, keyCode=KEYCODE_DPAD_DOWN, scanCode=0, metaState=0, flags=0x400, repeatCount=0, eventTime=203899, downTime=203899, deviceId=-1, source=0x101 }
D/InputEventConsistencyVerifier(  987):   5: sent at 203840000000, MotionEvent { action=ACTION_MOVE, id[0]=0, x[0]=-2.0, y[0]=2.0, toolType[0]=TOOL_TYPE_UNKNOWN, buttonState=0, metaState=0, flags=0x0, edgeFlags=0x0, pointerCount=1, historySize=18, eventTime=203840, downTime=-1, deviceId=0, source=0x10004 }
I/Choreographer(  987): Skipped 89 frames!  The application may be doing too much work on its main thread.
D/InputEventConsistencyVerifier(  987): KeyEvent: ACTION_UP but key was not down.
D/InputEventConsistencyVerifier(  987):   in android.view.ViewRootImpl@b3e621f8
D/InputEventConsistencyVerifier(  987):   0: sent at 204161000000, KeyEvent { action=ACTION_UP, keyCode=KEYCODE_DPAD_DOWN, scanCode=0, metaState=0, flags=0x8, repeatCount=0, eventTime=204161, downTime=204161, deviceId=-1, source=0x101 }
D/InputEventConsistencyVerifier(  987):   -- recent events --
