D/InputEventConsistencyVerifier( 1043):   1: sent at 226756000000, (unhandled) MotionEvent { action=ACTION_UP, id[0]=0, x[0]=0.0, y[0]=387.33334, toolType[0]=TOOL_TYPE_UNKNOWN, buttonState=0, metaState=0, flags=0x0, edgeFlags=0x0, pointerCount=1, historySize=0, eventTime=226756, downTime=226741, deviceId=0, source=0x1002 }
D/InputEventConsistencyVerifier( 1043):   2: sent at 226753000000, (unhandled) MotionEvent { action=ACTION_MOVE, id[0]=0, x[0]=3.3333335, y[0]=382.0, toolType[0]=TOOL_TYPE_UNKNOWN, buttonState=0, metaState=0, flags=0x0, edgeFlags=0x0, pointerCount=1, historySize=2, eventTime=226753, downTime=226741, deviceId=0, source=0x1002 }
D/InputEventConsistencyVerifier( 1043):   3: sent at 226743000000, (unhandled) MotionEvent { action=ACTION_DOWN, id[0]=0, x[0]=5.3333335, y[0]=369.33334, toolType[0]=TOOL_TYPE_UNKNOWN, buttonState=0, metaState=0, flags=0x0, edgeFlags=0x0, pointerCount=1, historySize=0, eventTime=226743, downTime=226741, deviceId=0, source=0x1002 }
D/InputEventConsistencyVerifier( 1043):   4: sent at 226709000000, (unhandled) MotionEvent { action=ACTION_UP, id[0]=0, x[0]=232.0, y[0]=169.33334, toolType[0]=TOOL_TYPE_UNKNOWN, buttonState=0, metaState=0, flags=0x0, edgeFlags=0x0, pointerCount=1, historySize=0, eventTime=226709, downTime=226703, deviceId=0, source=0x1002 }
D/InputEventConsistencyVerifier( 1043):   5: sent at 226703000000, (unhandled) MotionEvent { action=ACTION_DOWN, id[0]=0, x[0]=240.66667, y[0]=168.66667, toolType[0]=TOOL_TYPE_UNKNOWN, buttonState=0, metaState=0, flags=0x0, edgeFlags=0x0, pointerCount=1, historySize=0, eventTime=226703, downTime=226703, deviceId=0, source=0x1002 }
D/InputEventConsistencyVerifier( 1043): KeyEvent: ACTION_UP but key was not down.
D/InputEventConsistencyVerifier( 1043):   in com.android.internal.policy.impl.PhoneWindow$DecorView@b3e6dc08
D/InputEventConsistencyVerifier( 1043):   0: sent at 227637000000, KeyEvent { action=ACTION_UP, keyCode=KEYCODE_DPAD_RIGHT, scanCode=0, metaState=0, flags=0x400, repeatCount=0, eventTime=227637, downTime=227637, deviceId=-1, source=0x101 }
D/InputEventConsistencyVerifier( 1043):   -- recent events --
D/InputEventConsistencyVerifier( 1043):   1: sent at 227597000000, (unhandled) MotionEvent { action=ACTION_MOVE, id[0]=0, x[0]=-2.0, y[0]=-5.0, toolType[0]=TOOL_TYPE_UNKNOWN, buttonState=0, metaState=0, flags=0x0, edgeFlags=0x0, pointerCount=1, historySize=10, eventTime=227597, downTime=-1, deviceId=0, source=0x10004 }
D/InputEventConsistencyVerifier( 1043):   2: sent at 227526000000, (unhandled) MotionEvent { action=ACTION_UP, id[0]=0, x[0]=239.33334, y[0]=61.333336, toolType[0]=TOOL_TYPE_UNKNOWN, buttonState=0, metaState=0, flags=0x0, edgeFlags=0x0, pointerCount=1, historySize=0, eventTime=227526, downTime=227511, deviceId=0, source=0x1002 }
D/InputEventConsistencyVerifier( 1043):   3: sent at 227511000000, (unhandled) MotionEvent { action=ACTION_DOWN, id[0]=0, x[0]=242.66667, y[0]=52.666668, toolType[0]=TOOL_TYPE_UNKNOWN, buttonState=0, metaState=0, flags=0x0, edgeFlags=0x0, pointerCount=1, historySize=0, eventTime=227511, downTime=227511, deviceId=0, source=0x1002 }
D/InputEventConsistencyVerifier( 1043):   4: sent at 227478000000, (unhandled) MotionEvent { action=ACTION_MOVE, id[0]=0, x[0]=4.0, y[0]=0.0, toolType[0]=TOOL_TYPE_UNKNOWN, buttonState=0, metaState=0, flags=0x0, edgeFlags=0x0, pointerCount=1, historySize=8, eventTime=227478, downTime=-1, deviceId=0, source=0x10004 }
D/InputEventConsistencyVerifier( 1043):   5: sent at 227501000000, (unhandled) MotionEvent { action=ACTION_UP, id[0]=0, x[0]=80.0, y[0]=512.6667, toolType[0]=TOOL_TYPE_UNKNOWN, buttonState=0, metaState=0, flags=0x0, edgeFlags=0x0, pointerCount=1, historySize=0, eventTime=227501, downTime=227495, deviceId=0, source=0x1002 }
D/ELOS    ( 1043): clear unit tag
D/ELOS    ( 1043): clear unit tag
D/ELOS    ( 1043): clear unit tag
D/ELOS    ( 1043): clear unit tag
D/ELOS    ( 1043): Checkguard
D/ELOS    ( 1043): IsWholeLineDrawed
D/ELOS    ( 1043): ElosLogic is ok
D/ELOS    ( 1043): in loop1
D/ELOS    ( 1043): in loop1
D/ELOS    ( 1043): in loop2
D/ELOS    ( 1043): in loop2
D/ELOS    ( 1043): in loop2
D/ELOS    ( 1043): in loop2
D/ELOS    ( 1043): out of loop
D/ELOS    ( 1043): IsWholeLineDrawed
D/ELOS    ( 1043): ElosLogic is ok
D/ELOS    ( 1043): in loop1
D/ELOS    ( 1043): in loop1
D/ELOS    ( 1043): in loop2
D/ELOS    ( 1043): in loop2
D/ELOS    ( 1043): in loop2
D/ELOS    ( 1043): in loop2
D/ELOS    ( 1043): out of loop
D/ELOS    ( 1043): Checkguard finished
I/Choreographer( 1043): Skipped 48 frames!  The application may be doing too much work on its main thread.
I/Choreographer( 1043): Skipped 54 frames!  The application may be doing too much work on its main thread.
D/InputEventConsistencyVerifier( 1043): KeyEvent: ACTION_UP but key was not down.
D/InputEventConsistencyVerifier( 1043):   in com.android.internal.policy.impl.PhoneWindow$DecorView@b3eaa698
D/InputEventConsistencyVerifier( 1043):   0: sent at 230600000000, KeyEvent { action=ACTION_UP, keyCode=KEYCODE_DPAD_LEFT, scanCode=0, metaState=0, flags=0x400, repeatCount=0, eventTime=230600, downTime=230600, deviceId=-1, source=0x101 }
D/InputEventConsistencyVerifier( 1043):   -- recent events --
D/InputEventConsistencyVerifier( 1043):   1: sent at 230516000000, (unhandled) MotionEvent { action=ACTION_MOVE, id[0]=0, x[0]=-4.0, y[0]=-2.0, toolType[0]=TOOL_TYPE_UNKNOWN, buttonState=0, metaState=0, flags=0x0, edgeFlags=0x0, pointerCount=1, historySize=9, eventTime=230516, downTime=-1, deviceId=0, source=0x10004 }
D/InputEventConsistencyVerifier( 1043):   2: sent at 230566000000, (unhandled) MotionEvent { action=ACTION_UP, id[0]=0, x[0]=131.33334, y[0]=-134.66666, toolType[0]=TOOL_TYPE_UNKNOWN, buttonState=0, metaState=0, flags=0x0, edgeFlags=0x0, pointerCount=1, historySize=0, eventTime=230566, downTime=230548, deviceId=0, source=0x1002 }
D/InputEventConsistencyVerifier( 1043):   3: sent at 230549000000, MotionEvent { action=ACTION_DOWN, id[0]=0, x[0]=131.33334, y[0]=-142.0, toolType[0]=TOOL_TYPE_UNKNOWN, buttonState=0, metaState=0, flags=0x0, edgeFlags=0x0, pointerCount=1, historySize=0, eventTime=230549, downTime=230548, deviceId=0, source=0x1002 }
D/InputEventConsistencyVerifier( 1043):   4: sent at 230538000000, (unhandled) MotionEvent { action=ACTION_UP, id[0]=0, x[0]=73.333336, y[0]=-422.0, toolType[0]=TOOL_TYPE_UNKNOWN, buttonState=0, metaState=0, flags=0x0, edgeFlags=0x0, pointerCount=1, historySize=0, eventTime=230538, downTime=230532, deviceId=0, source=0x1002 }
D/InputEventConsistencyVerifier( 1043):   5: sent at 230533000000, MotionEvent { action=ACTION_DOWN, id[0]=0, x[0]=76.0, y[0]=-424.6667, toolType[0]=TOOL_TYPE_UNKNOWN, buttonState=0, metaState=0, flags=0x0, edgeFlags=0x0, pointerCount=1, historySize=0, eventTime=230533, downTime=230532, deviceId=0, source=0x1002 }
I/Choreographer(  227): Skipped 34 frames!  The application may be doing too much work on its main thread.
D/InputEventConsistencyVerifier( 1043): KeyEvent: ACTION_UP but key was not down.
D/InputEventConsistencyVerifier( 1043):   in com.android.internal.policy.impl.PhoneWindow$DecorView@b3eaa698
D/InputEventConsistencyVerifier( 1043):   0: sent at 231270000000, KeyEvent { action=ACTION_UP, keyCode=KEYCODE_DPAD_CENTER, scanCode=0, metaState=0, flags=0x8, repeatCount=0, eventTime=231270, downTime=231270, deviceId=-1, source=0x101 }
D/InputEventConsistencyVerifier( 1043):   -- recent events --
D/InputEventConsistencyVerifier( 1043):   1: sent at 231239000000, (unhandled) KeyEvent { action=ACTION_UP, keyCode=KEYCODE_MENU, scanCode=0, metaState=0, flags=0x8, repeatCount=0, eventTime=231239, downTime=231239, deviceId=-1, source=0x101 }
D/InputEventConsistencyVerifier( 1043):   2: sent at 231175000000, (unhandled) KeyEvent { action=ACTION_DOWN, keyCode=KEYCODE_MENU, scanCode=0, metaState=0, flags=0x8, repeatCount=0, eventTime=231175, downTime=231175, deviceId=-1, source=0x101 }
D/InputEventConsistencyVerifier( 1043):   3: sent at 231159000000, MotionEvent { action=ACTION_UP, id[0]=0, x[0]=119.333336, y[0]=12.0, toolType[0]=TOOL_TYPE_UNKNOWN, buttonState=0, metaState=0, flags=0x0, edgeFlags=0x0, pointerCount=1, historySize=0, eventTime=231159, downTime=231144, deviceId=0, source=0x1002 }
D/InputEventConsistencyVerifier( 1043):   4: sent at 231144000000, MotionEvent { action=ACTION_DOWN, id[0]=0, x[0]=129.33334, y[0]=12.0, toolType[0]=TOOL_TYPE_UNKNOWN, buttonState=0, metaState=0, flags=0x0, edgeFlags=0x0, pointerCount=1, historySize=0, eventTime=231144, downTime=231144, deviceId=0, source=0x1002 }
D/InputEventConsistencyVerifier( 1043):   5: sent at 230932000000, (unhandled) KeyEvent { action=ACTION_UP, keyCode=KEYCODE_F11, scanCode=0, metaState=0, flags=0x8, repeatCount=0, eventTime=230932, downTime=230932, deviceId=-1, source=0x101 }
I/Choreographer( 1043): Skipped 235 frames!  The application may be doing too much work on its main thread.
D/InputEventConsistencyVerifier( 1043): KeyEvent: ACTION_UP but key was not down.
D/InputEventConsistencyVerifier( 1043):   in com.android.internal.policy.impl.PhoneWindow$DecorView@b3eaa698
D/InputEventConsistencyVerifier( 1043):   0: sent at 232244000000, KeyEvent { action=ACTION_UP, keyCode=KEYCODE_DPAD_DOWN, scanCode=0, metaState=0, flags=0x400, repeatCount=0, eventTime=232244, downTime=232244, deviceId=-1, source=0x101 }
D/InputEventConsistencyVerifier( 1043):   -- recent events --
D/InputEventConsistencyVerifier( 1043):   1: sent at 231897000000, (unhandled) MotionEvent { action=ACTION_MOVE, id[0]=0, x[0]=-2.0, y[0]=2.0, toolType[0]=TOOL_TYPE_UNKNOWN, buttonState=0, metaState=0, flags=0x0, edgeFlags=0x0, pointerCount=1, historySize=18, eventTime=231897, downTime=-1, deviceId=0, source=0x10004 }
D/InputEventConsistencyVerifier( 1043):   2: sent at 231871000000, (unhandled) KeyEvent { action=ACTION_UP, keyCode=KEYCODE_DPAD_RIGHT, scanCode=0, metaState=0, flags=0x400, repeatCount=0, eventTime=231871, downTime=231871, deviceId=-1, source=0x101 }
D/InputEventConsistencyVerifier( 1043):   3: sent at 231871000000, (unhandled) KeyEvent { action=ACTION_DOWN, keyCode=KEYCODE_DPAD_RIGHT, scanCode=0, metaState=0, flags=0x400, repeatCount=0, eventTime=231871, downTime=231871, deviceId=-1, source=0x101 }
D/InputEventConsistencyVerifier( 1043):   4: sent at 231870000000, (unhandled) KeyEvent { action=ACTION_UP, keyCode=KEYCODE_DPAD_RIGHT, scanCode=0, metaState=0, flags=0x400, repeatCount=0, eventTime=231870, downTime=231870, deviceId=-1, source=0x101 }
D/InputEventConsistencyVerifier( 1043):   5: sent at 231870000000, (unhandled) KeyEvent { action=ACTION_DOWN, keyCode=KEYCODE_DPAD_RIGHT, scanCode=0, metaState=0, flags=0x400, repeatCount=0, eventTime=231870, downTime=231870, deviceId=-1, source=0x101 }
D/InputEventConsistencyVerifier( 1043): TrackballEvent: Trackball is down but pressure is not greater than 0.
D/InputEventConsistencyVerifier( 1043):   in android.view.ViewRootImpl@b3f07a00
D/InputEventConsistencyVerifier( 1043):   0: sent at 231900000000, MotionEvent { action=ACTION_DOWN, id[0]=0, x[0]=0.0, y[0]=0.0, toolType[0]=TOOL_TYPE_UNKNOWN, buttonState=0, metaState=0, flags=0x0, edgeFlags=0x0, pointerCount=1, historySize=0, eventTime=231900, downTime=231834, deviceId=0, source=0x10004 }
D/InputEventConsistencyVerifier( 1043):   -- recent events --
D/InputEventConsistencyVerifier( 1043):   1: sent at 232245000000, KeyEvent { action=ACTION_UP, keyCode=KEYCODE_DPAD_DOWN, scanCode=0, metaState=0, flags=0x400, repeatCount=0, eventTime=232245, downTime=232245, deviceId=-1, source=0x101 }
D/InputEventConsistencyVerifier( 1043):   2: sent at 232245000000, KeyEvent { action=ACTION_DOWN, keyCode=KEYCODE_DPAD_DOWN, scanCode=0, metaState=0, flags=0x400, repeatCount=0, eventTime=232245, downTime=232245, deviceId=-1, source=0x101 }
D/InputEventConsistencyVerifier( 1043):   3: sent at 232244000000, KeyEvent { action=ACTION_UP, keyCode=KEYCODE_DPAD_DOWN, scanCode=0, metaState=0, flags=0x400, repeatCount=0, eventTime=232244, downTime=232244, deviceId=-1, source=0x101 }
D/InputEventConsistencyVerifier( 1043):   4: sent at 232244000000, KeyEvent { action=ACTION_DOWN, keyCode=KEYCODE_DPAD_DOWN, scanCode=0, metaState=0, flags=0x400, repeatCount=0, eventTime=232244, downTime=232244, deviceId=-1, source=0x101 }
D/InputEventConsistencyVerifier( 1043):   5: sent at 231897000000, MotionEvent { action=ACTION_MOVE, id[0]=0, x[0]=-2.0, y[0]=2.0, toolType[0]=TOOL_TYPE_UNKNOWN, buttonState=0, metaState=0, flags=0x0, edgeFlags=0x0, pointerCount=1, historySize=18, eventTime=231897, downTime=-1, deviceId=0, source=0x10004 }
D/InputEventConsistencyVerifier( 1043): KeyEvent: ACTION_UP but key was not down.
D/InputEventConsistencyVerifier( 1043):   in com.android.internal.policy.impl.PhoneWindow$DecorView@b3eaa698
D/InputEventConsistencyVerifier( 1043):   0: sent at 232773000000, KeyEvent { action=ACTION_UP, keyCode=KEYCODE_DPAD_DOWN, scanCode=0, metaState=0, flags=0x8, repeatCount=0, eventTime=232773, downTime=232773, deviceId=-1, source=0x101 }
D/InputEventConsistencyVerifier( 1043):   -- recent events --
D/InputEventConsistencyVerifier( 1043):   1: sent at 232421000000, (unhandled) MotionEvent { action=ACTION_UP, id[0]=0, x[0]=320.0, y[0]=-224.0, toolType[0]=TOOL_TYPE_UNKNOWN, buttonState=0, metaState=0, flags=0x0, edgeFlags=0x0, pointerCount=1, historySize=0, eventTime=232421, downTime=232415, deviceId=0, source=0x1002 }
D/InputEventConsistencyVerifier( 1043):   2: sent at 232415000000, MotionEvent { action=ACTION_DOWN, id[0]=0, x[0]=318.6667, y[0]=-218.0, toolType[0]=TOOL_TYPE_UNKNOWN, buttonState=0, metaState=0, flags=0x0, edgeFlags=0x0, pointerCount=1, historySize=0, eventTime=232415, downTime=232415, deviceId=0, source=0x1002 }
D/InputEventConsistencyVerifier( 1043):   3: sent at 232403000000, (unhandled) MotionEvent { action=ACTION_UP, id[0]=0, x[0]=54.0, y[0]=-57.333344, toolType[0]=TOOL_TYPE_UNKNOWN, buttonState=0, metaState=0, flags=0x0, edgeFlags=0x0, pointerCount=1, historySize=0, eventTime=232403, downTime=232387, deviceId=0, source=0x1002 }
D/InputEventConsistencyVerifier( 1043):   4: sent at 232387000000, MotionEvent { action=ACTION_DOWN, id[0]=0, x[0]=51.333336, y[0]=-48.666656, toolType[0]=TOOL_TYPE_UNKNOWN, buttonState=0, metaState=0, flags=0x0, edgeFlags=0x0, pointerCount=1, historySize=0, eventTime=232387, downTime=232387, deviceId=0, source=0x1002 }
D/InputEventConsistencyVerifier( 1043):   5: sent at 232360000000, (unhandled) MotionEvent { action=ACTION_UP, id[0]=0, x[0]=14.0, y[0]=-102.0, toolType[0]=TOOL_TYPE_UNKNOWN, buttonState=0, metaState=0, flags=0x0, edgeFlags=0x0, pointerCount=1, historySize=0, eventTime=232360, downTime=232353, deviceId=0, source=0x1002 }
I/ActivityManager(  227): START {act=android.intent.action.MAIN cat=[android.intent.category.LAUNCHER] flg=0x10200000 cmp=com.ps.square/.Square u=0} from pid 1025
I/Choreographer( 1043): Skipped 342 frames!  The application may be doing too much work on its main thread.
D/InputEventConsistencyVerifier( 1043): KeyEvent: ACTION_UP but key was not down.
D/InputEventConsistencyVerifier( 1043):   in android.view.ViewRootImpl@b3e7a138
D/InputEventConsistencyVerifier( 1043):   0: sent at 233599000000, KeyEvent { action=ACTION_UP, keyCode=KEYCODE_DPAD_LEFT, scanCode=0, metaState=0, flags=0x8, repeatCount=0, eventTime=233599, downTime=233599, deviceId=-1, source=0x101 }
D/InputEventConsistencyVerifier( 1043):   -- recent events --
D/InputEventConsistencyVerifier( 1043):   1: sent at 233335000000, MotionEvent { action=ACTION_UP, id[0]=0, x[0]=348.0, y[0]=365.0, toolType[0]=TOOL_TYPE_UNKNOWN, buttonState=0, metaState=0, flags=0x0, edgeFlags=0x0, pointerCount=1, historySize=0, eventTime=233335, downTime=233319, deviceId=0, source=0x1002 }
D/InputEventConsistencyVerifier( 1043):   2: sent at 233320000000, MotionEvent { action=ACTION_DOWN, id[0]=0, x[0]=347.0, y[0]=366.0, toolType[0]=TOOL_TYPE_UNKNOWN, buttonState=0, metaState=0, flags=0x0, edgeFlags=0x0, pointerCount=1, historySize=0, eventTime=233320, downTime=233319, deviceId=0, source=0x1002 }
D/InputEventConsistencyVerifier( 1043):   3: sent at 229924000000, MotionEvent { action=ACTION_UP, id[0]=0, x[0]=209.0, y[0]=64.0, toolType[0]=TOOL_TYPE_UNKNOWN, buttonState=0, metaState=0, flags=0x0, edgeFlags=0x0, pointerCount=1, historySize=0, eventTime=229924, downTime=229900, deviceId=0, source=0x1002 }
D/InputEventConsistencyVerifier( 1043):   4: sent at 229911000000, MotionEvent { action=ACTION_MOVE, id[0]=0, x[0]=209.0, y[0]=71.0, toolType[0]=TOOL_TYPE_UNKNOWN, buttonState=0, metaState=0, flags=0x0, edgeFlags=0x0, pointerCount=1, historySize=1, eventTime=229911, downTime=229900, deviceId=0, source=0x1002 }
D/InputEventConsistencyVerifier( 1043):   5: sent at 229901000000, MotionEvent { action=ACTION_DOWN, id[0]=0, x[0]=212.0, y[0]=78.0, toolType[0]=TOOL_TYPE_UNKNOWN, buttonState=0, metaState=0, flags=0x0, edgeFlags=0x0, pointerCount=1, historySize=0, eventTime=229901, downTime=229900, deviceId=0, source=0x1002 }
I/Choreographer( 1043): Skipped 73 frames!  The application may be doing too much work on its main thread.
W/InputMethodManagerService(  227): Window already focused, ignoring focus gain of: com.android.internal.view.IInputMethodClient$Stub$Proxy@b400c390 attribute=null
W/WindowManager(  227): Failure taking screenshot for (246x410) to layer 21015
V/PhoneStatusBar(  445): setLightsOn(true)
D/InputEventConsistencyVerifier( 1043): KeyEvent: ACTION_UP but key was not down.
D/InputEventConsistencyVerifier( 1043):   in android.view.ViewRootImpl@b3e8e788
D/InputEventConsistencyVerifier( 1043):   0: sent at 233967000000, KeyEvent { action=ACTION_UP, keyCode=KEYCODE_DPAD_LEFT, scanCode=0, metaState=0, flags=0x8, repeatCount=0, eventTime=233967, downTime=233967, deviceId=-1, source=0x101 }
D/InputEventConsistencyVerifier( 1043):   -- recent events --
D/InputEventConsistencyVerifier( 1043):   1: sent at 126167000000, KeyEvent { action=ACTION_UP, keyCode=KEYCODE_DPAD_CENTER, scanCode=0, metaState=0, flags=0x8, repeatCount=0, eventTime=126167, downTime=126167, deviceId=-1, source=0x101 }
D/InputEventConsistencyVerifier( 1043):   2: sent at 126155000000, KeyEvent { action=ACTION_DOWN, keyCode=KEYCODE_DPAD_CENTER, scanCode=0, metaState=0, flags=0x8, repeatCount=0, eventTime=126155, downTime=126155, deviceId=-1, source=0x101 }
D/InputEventConsistencyVerifier( 1043):   3: sent at 126151000000, KeyEvent { action=ACTION_UP, keyCode=KEYCODE_5, scanCode=0, metaState=0, flags=0x8, repeatCount=0, eventTime=126151, downTime=126151, deviceId=-1, source=0x101 }
D/InputEventConsistencyVerifier( 1043):   4: sent at 126134000000, KeyEvent { action=ACTION_DOWN, keyCode=KEYCODE_5, scanCode=0, metaState=0, flags=0x8, repeatCount=0, eventTime=126134, downTime=126134, deviceId=-1, source=0x101 }
D/InputEventConsistencyVerifier( 1043):   5: sent at 125771000000, KeyEvent { action=ACTION_UP, keyCode=KEYCODE_DPAD_LEFT, scanCode=0, metaState=0, flags=0x8, repeatCount=0, eventTime=125771, downTime=125771, deviceId=-1, source=0x101 }
I/Choreographer( 1043): Skipped 39 frames!  The application may be doing too much work on its main thread.
I/Choreographer( 1043): Skipped 39 frames!  The application may be doing too much work on its main thread.
D/InputEventConsistencyVerifier(  445): TouchEvent: ACTION_DOWN but pointers are already down.  Probably missing ACTION_UP from previous gesture.
D/InputEventConsistencyVerifier(  445):   in android.view.ScaleGestureDetector@b3e5ff08
D/InputEventConsistencyVerifier(  445):   0: sent at 235599000000, MotionEvent { action=ACTION_DOWN, id[0]=0, x[0]=274.0, y[0]=2.0, toolType[0]=TOOL_TYPE_UNKNOWN, buttonState=0, metaState=0, flags=0x0, edgeFlags=0x0, pointerCount=1, historySize=0, eventTime=235599, downTime=235598, deviceId=0, source=0x1002 }
D/InputEventConsistencyVerifier(  445):   -- recent events --
D/InputEventConsistencyVerifier(  445):   1: sent at 223288000000, MotionEvent { action=ACTION_DOWN, id[0]=0, x[0]=389.0, y[0]=212.0, toolType[0]=TOOL_TYPE_UNKNOWN, buttonState=0, metaState=0, flags=0x80000000, edgeFlags=0x0, pointerCount=1, historySize=0, eventTime=223288, downTime=223288, deviceId=0, source=0x1002 }
D/InputEventConsistencyVerifier(  445):   2: sent at 222785000000, MotionEvent { action=ACTION_DOWN, id[0]=0, x[0]=442.0, y[0]=618.0, toolType[0]=TOOL_TYPE_UNKNOWN, buttonState=0, metaState=0, flags=0x80000000, edgeFlags=0x0, pointerCount=1, historySize=0, eventTime=222785, downTime=222785, deviceId=0, source=0x1002 }
D/InputEventConsistencyVerifier(  445):   3: sent at 222615000000, MotionEvent { action=ACTION_DOWN, id[0]=0, x[0]=402.0, y[0]=181.0, toolType[0]=TOOL_TYPE_UNKNOWN, buttonState=0, metaState=0, flags=0x0, edgeFlags=0x0, pointerCount=1, historySize=0, eventTime=222615, downTime=222615, deviceId=0, source=0x1002 }
D/InputEventConsistencyVerifier(  445):   4: sent at 222170000000, MotionEvent { action=ACTION_UP, id[0]=0, x[0]=436.0, y[0]=19.0, toolType[0]=TOOL_TYPE_UNKNOWN, buttonState=0, metaState=0, flags=0x0, edgeFlags=0x0, pointerCount=1, historySize=0, eventTime=222170, downTime=222159, deviceId=0, source=0x1002 }
D/InputEventConsistencyVerifier(  445):   5: sent at 222160000000, MotionEvent { action=ACTION_DOWN, id[0]=0, x[0]=437.0, y[0]=19.0, toolType[0]=TOOL_TYPE_UNKNOWN, buttonState=0, metaState=0, flags=0x80000000, edgeFlags=0x0, pointerCount=1, historySize=0, eventTime=222160, downTime=222159, deviceId=0, source=0x1002 }
W/dalvikvm(  445): DroidBox: { "FdAccess": { "path": "2f70726f632f6d656d696e666f", "id": "134177123" } }
W/DroidBox(  445): DroidBox: { "FileRW": { "operation": "read", "data": "4d656d546f74616c3a202020202020202020373438393634206b420a4d656d467265653a20202020202020202020343330333234206b420a427566666572733a20202020202020202020202035363234206b420a4361636865643a202020202020202020", "id": "134177123" } }
W/dalvikvm(  227): DroidBox: { "FdAccess": { "path": "2f70726f632f3232372f6e65742f78745f717461677569642f69666163655f737461745f616c6c", "id": "32056215" } }
W/DroidBox(  227): DroidBox: { "FileRW": { "operation": "read", "data": "6c6f20312030203020302030203336333620353120333633362035310a6574683020312030203020302030203235313233333320343839312036393035323420333636390a00000000000000000000000000000000000000000000000000000000000000", "id": "32056215" } }
W/dalvikvm(  227): DroidBox: { "FdAccess": { "path": "2f70726f632f3232372f6e65742f78745f717461677569642f69666163655f737461745f616c6c", "id": "1185557755" } }
W/dalvikvm(  445): DroidBox: { "FdAccess": { "path": "2f70726f632f6d656d696e666f", "id": "2124056274" } }
W/DroidBox(  445): DroidBox: { "FileRW": { "operation": "read", "data": "4d656d546f74616c3a202020202020202020373438393634206b420a4d656d467265653a20202020202020202020343330333234206b420a427566666572733a20202020202020202020202035363234206b420a4361636865643a202020202020202020", "id": "2124056274" } }
W/DroidBox(  227): DroidBox: { "FileRW": { "operation": "read", "data": "333636390a3420333636390a333636390a323420333636390a390a390a390a390a390a333636390a36390a333636390a36390a333636390a390a390a390a390a390a36390a00000000000000000000000000000000000000000000000000000000000000", "id": "1185557755" } }
W/ThrottleService(  227): unable to find stats for iface rmnet0
E/ThrottleService(  227): Error reading data file
I/Choreographer( 1043): Skipped 38 frames!  The application may be doing too much work on its main thread.
D/InputEventConsistencyVerifier(  445): TouchEvent: ACTION_DOWN but pointers are already down.  Probably missing ACTION_UP from previous gesture.
D/InputEventConsistencyVerifier(  445):   in android.view.ScaleGestureDetector@b3e5ff08
D/InputEventConsistencyVerifier(  445):   0: sent at 235835000000, MotionEvent { action=ACTION_DOWN, id[0]=0, x[0]=42.0, y[0]=271.0, toolType[0]=TOOL_TYPE_UNKNOWN, buttonState=0, metaState=0, flags=0x0, edgeFlags=0x0, pointerCount=1, historySize=0, eventTime=235835, downTime=235835, deviceId=0, source=0x1002 }
D/InputEventConsistencyVerifier(  445):   -- recent events --
D/InputEventConsistencyVerifier(  445):   1: sent at 235786000000, MotionEvent { action=ACTION_DOWN, id[0]=0, x[0]=30.0, y[0]=630.0, toolType[0]=TOOL_TYPE_UNKNOWN, buttonState=0, metaState=0, flags=0x0, edgeFlags=0x0, pointerCount=1, historySize=0, eventTime=235786, downTime=235785, deviceId=0, source=0x1002 }
D/InputEventConsistencyVerifier(  445):   2: sent at 235620000000, MotionEvent { action=ACTION_UP, id[0]=0, x[0]=269.0, y[0]=6.0, toolType[0]=TOOL_TYPE_UNKNOWN, buttonState=0, metaState=0, flags=0x0, edgeFlags=0x0, pointerCount=1, historySize=0, eventTime=235620, downTime=235598, deviceId=0, source=0x1002 }
D/InputEventConsistencyVerifier(  445):   3: sent at 235599000000, MotionEvent { action=ACTION_DOWN, id[0]=0, x[0]=274.0, y[0]=2.0, toolType[0]=TOOL_TYPE_UNKNOWN, buttonState=0, metaState=0, flags=0x80000000, edgeFlags=0x0, pointerCount=1, historySize=0, eventTime=235599, downTime=235598, deviceId=0, source=0x1002 }
D/InputEventConsistencyVerifier(  445):   4: sent at 223288000000, MotionEvent { action=ACTION_DOWN, id[0]=0, x[0]=389.0, y[0]=212.0, toolType[0]=TOOL_TYPE_UNKNOWN, buttonState=0, metaState=0, flags=0x80000000, edgeFlags=0x0, pointerCount=1, historySize=0, eventTime=223288, downTime=223288, deviceId=0, source=0x1002 }
D/InputEventConsistencyVerifier(  445):   5: sent at 222785000000, MotionEvent { action=ACTION_DOWN, id[0]=0, x[0]=442.0, y[0]=618.0, toolType[0]=TOOL_TYPE_UNKNOWN, buttonState=0, metaState=0, flags=0x80000000, edgeFlags=0x0, pointerCount=1, historySize=0, eventTime=222785, downTime=222785, deviceId=0, source=0x1002 }
V/PhoneStatusBar(  445): setLightsOn(true)
I/Choreographer(  445): Skipped 64 frames!  The application may be doing too much work on its main thread.
D/PhoneStatusBar(  445): disable: < expand icons alerts TICKER* system_info back home recent clock >
W/dalvikvm(  445): DroidBox: { "FdAccess": { "path": "2f70726f632f6d656d696e666f", "id": "954190435" } }
W/DroidBox(  445): DroidBox: { "FileRW": { "operation": "read", "data": "4d656d546f74616c3a202020202020202020373438393634206b420a4d656d467265653a20202020202020202020343238373132206b420a427566666572733a20202020202020202020202035363234206b420a4361636865643a202020202020202020", "id": "954190435" } }
W/DroidBox( 1102): DroidBox: { "ServiceStart": { "name": "com.android.music.MediaPlaybackService" } }
W/DroidBox( 1102): DroidBox: { "ServiceStart": { "name": "com.android.music.MediaPlaybackService" } }
I/Choreographer( 1043): Skipped 41 frames!  The application may be doing too much work on its main thread.
I/Choreographer(  445): Skipped 32 frames!  The application may be doing too much work on its main thread.
D/InputEventConsistencyVerifier(  445): KeyEvent: ACTION_UP but key was not down.
D/InputEventConsistencyVerifier(  445):   in android.widget.FrameLayout@b3d8f360
D/InputEventConsistencyVerifier(  445):   0: sent at 236383000000, KeyEvent { action=ACTION_UP, keyCode=KEYCODE_DPAD_DOWN, scanCode=0, metaState=0, flags=0x400, repeatCount=0, eventTime=236383, downTime=236383, deviceId=-1, source=0x101 }
D/InputEventConsistencyVerifier(  445):   -- recent events --
D/InputEventConsistencyVerifier(  445):   1: sent at 217391000000, (unhandled) KeyEvent { action=ACTION_UP, keyCode=KEYCODE_DPAD_RIGHT, scanCode=0, metaState=0, flags=0x8, repeatCount=0, eventTime=217391, downTime=217391, deviceId=-1, source=0x101 }
D/InputEventConsistencyVerifier(  445):   2: sent at 217384000000, (unhandled) KeyEvent { action=ACTION_DOWN, keyCode=KEYCODE_DPAD_RIGHT, scanCode=0, metaState=0, flags=0x8, repeatCount=0, eventTime=217384, downTime=217384, deviceId=-1, source=0x101 }
D/InputEventConsistencyVerifier(  445):   3: sent at 217358000000, (unhandled) KeyEvent { action=ACTION_UP, keyCode=KEYCODE_DPAD_DOWN, scanCode=0, metaState=0, flags=0x80000008, repeatCount=0, eventTime=217358, downTime=217358, deviceId=-1, source=0x101 }
D/InputEventConsistencyVerifier(  445):   4: sent at 164245000000, (unhandled) KeyEvent { action=ACTION_UP, keyCode=KEYCODE_DPAD_DOWN, scanCode=0, metaState=0, flags=0x28, repeatCount=0, eventTime=164245, downTime=164201, deviceId=-1, source=0x101 }
D/InputEventConsistencyVerifier(  445):   5: sent at 164201000000, (unhandled) KeyEvent { action=ACTION_DOWN, keyCode=KEYCODE_DPAD_DOWN, scanCode=0, metaState=0, flags=0x8, repeatCount=0, eventTime=164201, downTime=164201, deviceId=-1, source=0x101 }
I/AudioService(  227):  AudioFocus  requestAudioFocus() from android.media.AudioManager@b3d9fe28com.android.music.MediaPlaybackService$3@b3d9e660
I/AudioService(  227):   Remote Control   registerMediaButtonIntent() for PendingIntent{b3fa77d0: PendingIntentRecord{b4056fd8 com.android.music broadcastIntent}}
D/InputEventConsistencyVerifier( 1043): KeyEvent: ACTION_UP but key was not down.
D/InputEventConsistencyVerifier( 1043):   in android.view.ViewRootImpl@b3ef3808
D/InputEventConsistencyVerifier( 1043):   0: sent at 236420000000, KeyEvent { action=ACTION_UP, keyCode=KEYCODE_DPAD_CENTER, scanCode=0, metaState=0, flags=0x8, repeatCount=0, eventTime=236420, downTime=236420, deviceId=-1, source=0x101 }
D/InputEventConsistencyVerifier(  445): KeyEvent: ACTION_UP but key was not down.
D/InputEventConsistencyVerifier(  445):   in com.android.systemui.statusbar.phone.StatusBarWindowView@b3dc01d8
D/InputEventConsistencyVerifier(  445):   0: sent at 236525000000, KeyEvent { action=ACTION_UP, keyCode=KEYCODE_DPAD_CENTER, scanCode=0, metaState=0, flags=0x28, repeatCount=0, eventTime=236525, downTime=236392, deviceId=-1, source=0x101 }
D/InputEventConsistencyVerifier(  445):   -- recent events --
D/InputEventConsistencyVerifier(  445):   1: sent at 236383000000, (unhandled) KeyEvent { action=ACTION_UP, keyCode=KEYCODE_DPAD_DOWN, scanCode=0, metaState=0, flags=0x400, repeatCount=0, eventTime=236383, downTime=236383, deviceId=-1, source=0x101 }
D/InputEventConsistencyVerifier(  445):   2: sent at 236383000000, (unhandled) KeyEvent { action=ACTION_DOWN, keyCode=KEYCODE_DPAD_DOWN, scanCode=0, metaState=0, flags=0x400, repeatCount=0, eventTime=236383, downTime=236383, deviceId=-1, source=0x101 }
D/InputEventConsistencyVerifier(  445):   3: sent at 236383000000, (unhandled) KeyEvent { action=ACTION_UP, keyCode=KEYCODE_DPAD_DOWN, scanCode=0, metaState=0, flags=0x400, repeatCount=0, eventTime=236383, downTime=236383, deviceId=-1, source=0x101 }
D/InputEventConsistencyVerifier(  445):   4: sent at 236383000000, (unhandled) KeyEvent { action=ACTION_DOWN, keyCode=KEYCODE_DPAD_DOWN, scanCode=0, metaState=0, flags=0x400, repeatCount=0, eventTime=236383, downTime=236383, deviceId=-1, source=0x101 }
D/InputEventConsistencyVerifier(  445):   5: sent at 236383000000, (unhandled) KeyEvent { action=ACTION_UP, keyCode=KEYCODE_DPAD_DOWN, scanCode=0, metaState=0, flags=0x400, repeatCount=0, eventTime=236383, downTime=236383, deviceId=-1, source=0x101 }
I/Choreographer(  445): Skipped 138 frames!  The application may be doing too much work on its main thread.
V/PhoneStatusBar(  445): setLightsOn(true)
D/PhoneStatusBar(  445): disable: < expand icons alerts ticker* system_info back home recent clock >
I/ActivityManager(  227): START {act=android.intent.action.CALL_BUTTON flg=0x10000000 cmp=com.android.contacts/.activities.DialtactsActivity u=0} from pid 1043
W/InputManager(  227): Input event injection from pid 1025 failed.
I/Choreographer( 1043): Skipped 90 frames!  The application may be doing too much work on its main thread.
W/InputMethodManagerService(  227): Window already focused, ignoring focus gain of: com.android.internal.view.IInputMethodClient$Stub$Proxy@b411dde8 attribute=null
D/AndroidRuntime( 1043): Shutting down VM
W/dalvikvm( 1043): threadid=1: thread exiting with uncaught exception (group=0xb351ee20)
E/AndroidRuntime( 1043): FATAL EXCEPTION: main
E/AndroidRuntime( 1043): java.lang.RuntimeException: Unable to stop activity {com.ps.square/com.ps.square.elos.Elos}: java.lang.UnsupportedOperationException
E/AndroidRuntime( 1043): 	at android.app.ActivityThread.performDestroyActivity(ActivityThread.java:3237)
E/AndroidRuntime( 1043): 	at android.app.ActivityThread.handleDestroyActivity(ActivityThread.java:3291)
E/AndroidRuntime( 1043): 	at android.app.ActivityThread.access$1200(ActivityThread.java:130)
E/AndroidRuntime( 1043): 	at android.app.ActivityThread$H.handleMessage(ActivityThread.java:1248)
E/AndroidRuntime( 1043): 	at android.os.Handler.dispatchMessage(Handler.java:99)
E/AndroidRuntime( 1043): 	at android.os.Looper.loop(Looper.java:137)
E/AndroidRuntime( 1043): 	at android.app.ActivityThread.main(ActivityThread.java:4745)
E/AndroidRuntime( 1043): 	at java.lang.reflect.Method.invokeNative(Native Method)
E/AndroidRuntime( 1043): 	at java.lang.reflect.Method.invoke(Method.java:511)
E/AndroidRuntime( 1043): 	at com.android.internal.os.ZygoteInit$MethodAndArgsCaller.run(ZygoteInit.java:786)
E/AndroidRuntime( 1043): 	at com.android.internal.os.ZygoteInit.main(ZygoteInit.java:553)
E/AndroidRuntime( 1043): 	at dalvik.system.NativeStart.main(Native Method)
E/AndroidRuntime( 1043): Caused by: java.lang.UnsupportedOperationException
E/AndroidRuntime( 1043): 	at java.lang.Thread.stop(Thread.java:1076)
E/AndroidRuntime( 1043): 	at java.lang.Thread.stop(Thread.java:1063)
E/AndroidRuntime( 1043): 	at com.ps.square.elos.Elos.onStop(Elos.java:378)
E/AndroidRuntime( 1043): 	at android.app.Instrumentation.callActivityOnStop(Instrumentation.java:1204)
E/AndroidRuntime( 1043): 	at android.app.Activity.performStop(Activity.java:5155)
E/AndroidRuntime( 1043): 	at android.app.ActivityThread.performDestroyActivity(ActivityThread.java:3232)
E/AndroidRuntime( 1043): 	... 11 more
W/ActivityManager(  227):   Force finishing activity com.ps.square/.Square
W/WindowManager(  227): Failure taking screenshot for (246x410) to layer 21010
I/Process ( 1043): Sending signal. PID: 1043 SIG: 9
I/WindowState(  227): WIN DEATH: Window{b411f868 com.ps.square/com.ps.square.Square paused=true}
I/ActivityManager(  227): Process com.ps.square (pid 1043) has died.
I/AndroidRuntime( 1025): VM exiting with result code 2014.
I/WindowState(  227): WIN DEATH: Window{b3ff32c8 com.ps.square/com.ps.square.elos.Elos paused=false}
W/InputMethodManagerService(  227): Got RemoteException sending setActive(false) notification to pid 1043 uid 10050
W/ActivityManager(  227): Activity destroy timeout for ActivityRecord{b3ffd278 com.ps.square/.elos.Elos}
W/SocketClient(   57): write error (Broken pipe)
I/qtaguid (  227): Failed write_ctrl(s 1 10050) res=-1 errno=1
W/NetworkManagementSocketTagger(  227): setKernelCountSet(10050, 1) failed with errno -1
I/qtaguid (  227): Failed write_ctrl(s 0 10019) res=-1 errno=1
W/NetworkManagementSocketTagger(  227): setKernelCountSet(10019, 0) failed with errno -1
I/qtaguid (  227): Failed write_ctrl(s 0 10050) res=-1 errno=1
W/NetworkManagementSocketTagger(  227): setKernelCountSet(10050, 0) failed with errno -1
I/qtaguid (  227): Failed write_ctrl(s 1 10019) res=-1 errno=1
W/NetworkManagementSocketTagger(  227): setKernelCountSet(10019, 1) failed with errno -1
W/SocketClient(   57): write error (Broken pipe)
I/AudioService(  227):  AudioFocus  abandonAudioFocus() from android.media.AudioManager@b3d9fe28com.android.music.MediaPlaybackService$3@b3d9e660
V/MusicFXControlPanelReceiver(  991): onReceive
V/MusicFXControlPanelReceiver(  991): Action: android.media.action.CLOSE_AUDIO_EFFECT_CONTROL_SESSION
V/MusicFXControlPanelReceiver(  991): Package name: com.android.music
V/MusicFXControlPanelReceiver(  991): Audio session: 23
V/MusicFXControlPanelEffect(  991): closeSession(android.app.ReceiverRestrictedContext@b3d87790, com.android.music, 23)
I/ActivityManager(  227): No longer want com.android.exchange (pid 841): hidden #16
