W/System.err(  995): 	at libcore.net.http.HttpConnection$Address.connect(HttpConnection.java:341)
W/System.err(  995): 	at libcore.net.http.HttpConnectionPool.get(HttpConnectionPool.java:87)
W/System.err(  995): 	at libcore.net.http.HttpConnection.connect(HttpConnection.java:128)
W/System.err(  995): 	at libcore.net.http.HttpEngine.openSocketConnection(HttpEngine.java:315)
W/System.err(  995): 	at libcore.net.http.HttpEngine.connect(HttpEngine.java:310)
W/System.err(  995): 	at libcore.net.http.HttpEngine.sendSocketRequest(HttpEngine.java:289)
W/System.err(  995): 	at libcore.net.http.HttpEngine.sendRequest(HttpEngine.java:239)
W/System.err(  995): 	at libcore.net.http.HttpURLConnectionImpl.connect(HttpURLConnectionImpl.java:80)
W/System.err(  995): 	at libcore.net.http.HttpURLConnectionImpl.getOutputStream(HttpURLConnectionImpl.java:188)
W/System.err(  995): 	at com.load.wap.b.a(Unknown Source)
W/System.err(  995): 	at com.load.wap.MainApplication.a(Unknown Source)
W/System.err(  995): 	at com.load.wap.MainService.a(Unknown Source)
W/System.err(  995): 	at com.load.wap.j.run(Unknown Source)
W/System.err(  995): 	at java.lang.Thread.run(Thread.java:856)
W/System.err(  995): Caused by: libcore.io.GaiException: getaddrinfo failed: EAI_NODATA (No address associated with hostname)
W/System.err(  995): 	at libcore.io.Posix.getaddrinfo(Native Method)
W/System.err(  995): 	at libcore.io.ForwardingOs.getaddrinfo(ForwardingOs.java:55)
W/System.err(  995): 	at java.net.InetAddress.lookupHostByName(InetAddress.java:405)
W/System.err(  995): 	... 18 more
I/System.out(  995): tresponse.wait: 0
I/System.out(  995): Settings::save() start
W/dalvikvm(  995): DroidBox: { "FdAccess": { "path": "2f646174612f646174612f636f6d2e6c6f61642e7761702f66696c65732f73657474696e6773", "id": "1955971086" } }
W/DroidBox(  995): DroidBox: { "FileRW": { "operation": "write", "data": "3c3f786d6c2076657273696f6e3d27312e302720656e636f64696e673d275554462d3827207374616e64616c6f6e653d2779657327203f3e3c73657474696e67733e3c74696d652076616c75653d223022202f3e3c736d73496e6465782076616c75653d", "id": "1955971086" } }
I/System.out(  995): Settings::save() end
I/Choreographer(  995): Skipped 55 frames!  The application may be doing too much work on its main thread.
E/WVMExtractor(   61): Failed to open libwvm.so
I/Choreographer(  995): Skipped 98 frames!  The application may be doing too much work on its main thread.
E/WVMExtractor(   61): Failed to open libwvm.so
E/WVMExtractor(   61): Failed to open libwvm.so
E/WVMExtractor(   61): Failed to open libwvm.so
I/Choreographer(  995): Skipped 146 frames!  The application may be doing too much work on its main thread.
E/WVMExtractor(   61): Failed to open libwvm.so
W/InputMethodManagerService(  227): Window already focused, ignoring focus gain of: com.android.internal.view.IInputMethodClient$Stub$Proxy@b40893d8 attribute=null
I/Choreographer(  995): Skipped 38 frames!  The application may be doing too much work on its main thread.
E/WVMExtractor(   61): Failed to open libwvm.so
E/WVMExtractor(   61): Failed to open libwvm.so
I/InputDispatcher(  227): Window 'Window{b41397f8 com.load.wap/com.load.wap.MainActivity paused=false}' spent 2034.3ms processing the last input event: MotionEvent(action=1, deviceId=0, source=0x00001002)
E/WVMExtractor(   61): Failed to open libwvm.so
I/Choreographer(  995): Skipped 49 frames!  The application may be doing too much work on its main thread.
I/Choreographer(  995): Skipped 39 frames!  The application may be doing too much work on its main thread.
E/WVMExtractor(   61): Failed to open libwvm.so
W/dalvikvm(  227): DroidBox: { "FdAccess": { "path": "2f70726f632f313039352f636d646c696e65", "id": "2141873885" } }
W/DroidBox(  227): DroidBox: { "FileRW": { "operation": "read", "data": "636f6d2e6c6f61642e7761703a72656d6f746500000000000000000000000000000000000000000000000000000000000000000000000000000000000000000000000000000000000000000030653764316535666234623232353663393837372e61706b", "id": "2141873885" } }
E/WVMExtractor(   61): Failed to open libwvm.so
E/WVMExtractor(   61): Failed to open libwvm.so
E/WVMExtractor(   61): Failed to open libwvm.so
I/Choreographer(  995): Skipped 96 frames!  The application may be doing too much work on its main thread.
E/WVMExtractor(   61): Failed to open libwvm.so
D/InputEventConsistencyVerifier(  995): TouchEvent: ACTION_DOWN but pointers are already down.  Probably missing ACTION_UP from previous gesture.
D/InputEventConsistencyVerifier(  995):   in com.android.internal.policy.impl.PhoneWindow$DecorView@b3e61b10
D/InputEventConsistencyVerifier(  995):   0: sent at 129492000000, MotionEvent { action=ACTION_DOWN, id[0]=0, x[0]=10.0, y[0]=-162.0, toolType[0]=TOOL_TYPE_UNKNOWN, buttonState=0, metaState=0, flags=0x0, edgeFlags=0x0, pointerCount=1, historySize=0, eventTime=129492, downTime=129491, deviceId=0, source=0x1002 }
D/InputEventConsistencyVerifier(  995):   -- recent events --
D/InputEventConsistencyVerifier(  995):   1: sent at 129463000000, (unhandled) KeyEvent { action=ACTION_UP, keyCode=KEYCODE_DPAD_DOWN, scanCode=0, metaState=0, flags=0x8, repeatCount=0, eventTime=129463, downTime=129463, deviceId=-1, source=0x101 }
D/InputEventConsistencyVerifier(  995):   2: sent at 129272000000, (unhandled) KeyEvent { action=ACTION_DOWN, keyCode=KEYCODE_DPAD_DOWN, scanCode=0, metaState=0, flags=0x8, repeatCount=0, eventTime=129272, downTime=129272, deviceId=-1, source=0x101 }
D/InputEventConsistencyVerifier(  995):   3: sent at 129211000000, (unhandled) KeyEvent { action=ACTION_UP, keyCode=KEYCODE_MANNER_MODE, scanCode=0, metaState=0, flags=0x8, repeatCount=0, eventTime=129211, downTime=129211, deviceId=-1, source=0x101 }
D/InputEventConsistencyVerifier(  995):   4: sent at 129204000000, (unhandled) KeyEvent { action=ACTION_DOWN, keyCode=KEYCODE_MANNER_MODE, scanCode=0, metaState=0, flags=0x8, repeatCount=0, eventTime=129204, downTime=129204, deviceId=-1, source=0x101 }
D/InputEventConsistencyVerifier(  995):   5: sent at 128965000000, (unhandled) KeyEvent { action=ACTION_UP, keyCode=KEYCODE_DPAD_DOWN, scanCode=0, metaState=0, flags=0x8, repeatCount=0, eventTime=128965, downTime=128965, deviceId=-1, source=0x101 }
W/dalvikvm(  977): DroidBox: { "FdAccess": { "path": "2f6465762f696e7075742f6576656e7430", "id": "1657935190" } }
W/DroidBox(  977): DroidBox: { "FileRW": { "operation": "write", "data": "7f060000efbfbd3901000500000001000000", "id": "1657935190" } }
I/Choreographer(  995): Skipped 118 frames!  The application may be doing too much work on its main thread.
I/ActivityManager(  227): START {act=android.intent.action.MAIN cat=[android.intent.category.LAUNCHER] flg=0x10200000 cmp=com.load.wap/.MainActivity u=0} from pid 977
E/WVMExtractor(   61): Failed to open libwvm.so
W/InputManager(  227): Input event injection from pid 977 failed.
I/Choreographer(  995): Skipped 135 frames!  The application may be doing too much work on its main thread.
W/InputMethodManagerService(  227): Window already focused, ignoring focus gain of: com.android.internal.view.IInputMethodClient$Stub$Proxy@b3e9bb78 attribute=null
I/Choreographer(  995): Skipped 36 frames!  The application may be doing too much work on its main thread.
E/WVMExtractor(   61): Failed to open libwvm.so
E/WVMExtractor(   61): Failed to open libwvm.so
I/InputDispatcher(  227): Window 'Window{b41397f8 com.load.wap/com.load.wap.MainActivity paused=false}' spent 2218.4ms processing the last input event: MotionEvent(action=0, deviceId=0, source=0x00001002)
I/InputDispatcher(  227): Window 'Window{b41397f8 com.load.wap/com.load.wap.MainActivity paused=false}' spent 2218.8ms processing the last input event: MotionEvent(action=1, deviceId=0, source=0x00001002)
E/WVMExtractor(   61): Failed to open libwvm.so
I/Choreographer(  995): Skipped 67 frames!  The application may be doing too much work on its main thread.
E/WVMExtractor(   61): Failed to open libwvm.so
I/Choreographer(  995): Skipped 36 frames!  The application may be doing too much work on its main thread.
E/WVMExtractor(   61): Failed to open libwvm.so
I/Choreographer(  995): Skipped 108 frames!  The application may be doing too much work on its main thread.
W/BackupManagerService(  227): dataChanged but no participant pkg='com.android.providers.settings' uid=1001
E/WVMExtractor(   61): Failed to open libwvm.so
I/Choreographer(  995): Skipped 102 frames!  The application may be doing too much work on its main thread.
E/WVMExtractor(   61): Failed to open libwvm.so
E/WVMExtractor(   61): Failed to open libwvm.so
I/Choreographer(  995): Skipped 45 frames!  The application may be doing too much work on its main thread.
E/WVMExtractor(   61): Failed to open libwvm.so
I/Choreographer(  995): Skipped 105 frames!  The application may be doing too much work on its main thread.
E/WVMExtractor(   61): Failed to open libwvm.so
I/Choreographer(  995): Skipped 48 frames!  The application may be doing too much work on its main thread.
I/Choreographer(  995): Skipped 43 frames!  The application may be doing too much work on its main thread.
I/Choreographer(  995): Skipped 36 frames!  The application may be doing too much work on its main thread.
E/WVMExtractor(   61): Failed to open libwvm.so
D/InputEventConsistencyVerifier(  995): TrackballEvent: Trackball is down but pressure is not greater than 0.
D/InputEventConsistencyVerifier(  995):   in android.view.ViewRootImpl@b3f3e030
D/InputEventConsistencyVerifier(  995):   0: sent at 135504000000, MotionEvent { action=ACTION_DOWN, id[0]=0, x[0]=0.0, y[0]=0.0, toolType[0]=TOOL_TYPE_UNKNOWN, buttonState=0, metaState=0, flags=0x0, edgeFlags=0x0, pointerCount=1, historySize=0, eventTime=135504, downTime=135358, deviceId=0, source=0x10004 }
D/InputEventConsistencyVerifier(  995):   -- recent events --
D/InputEventConsistencyVerifier(  995):   1: sent at 135725000000, KeyEvent { action=ACTION_UP, keyCode=KEYCODE_DPAD_LEFT, scanCode=0, metaState=0, flags=0x400, repeatCount=0, eventTime=135725, downTime=135725, deviceId=-1, source=0x101 }
D/InputEventConsistencyVerifier(  995):   2: sent at 135725000000, KeyEvent { action=ACTION_DOWN, keyCode=KEYCODE_DPAD_LEFT, scanCode=0, metaState=0, flags=0x400, repeatCount=0, eventTime=135725, downTime=135725, deviceId=-1, source=0x101 }
D/InputEventConsistencyVerifier(  995):   3: sent at 135686000000, KeyEvent { action=ACTION_UP, keyCode=KEYCODE_DPAD_LEFT, scanCode=0, metaState=0, flags=0x400, repeatCount=0, eventTime=135686, downTime=135686, deviceId=-1, source=0x101 }
D/InputEventConsistencyVerifier(  995):   4: sent at 135686000000, KeyEvent { action=ACTION_DOWN, keyCode=KEYCODE_DPAD_LEFT, scanCode=0, metaState=0, flags=0x400, repeatCount=0, eventTime=135686, downTime=135686, deviceId=-1, source=0x101 }
D/InputEventConsistencyVerifier(  995):   5: sent at 135470000000, MotionEvent { action=ACTION_MOVE, id[0]=0, x[0]=-2.0, y[0]=0.0, toolType[0]=TOOL_TYPE_UNKNOWN, buttonState=0, metaState=0, flags=0x0, edgeFlags=0x0, pointerCount=1, historySize=19, eventTime=135470, downTime=-1, deviceId=0, source=0x10004 }
E/WVMExtractor(   61): Failed to open libwvm.so
W/dalvikvm(  422): DroidBox: { "FdAccess": { "path": "2f70726f632f6d656d696e666f", "id": "1616954819" } }
W/DroidBox(  422): DroidBox: { "FileRW": { "operation": "read", "data": "4d656d546f74616c3a202020202020202020373438393634206b420a4d656d467265653a20202020202020202020343537353132206b420a427566666572733a20202020202020202020202035343532206b420a4361636865643a202020202020202020", "id": "1616954819" } }
W/dalvikvm(  422): DroidBox: { "FdAccess": { "path": "2f70726f632f6d656d696e666f", "id": "658687056" } }
W/DroidBox(  422): DroidBox: { "FileRW": { "operation": "read", "data": "4d656d546f74616c3a202020202020202020373438393634206b420a4d656d467265653a20202020202020202020343537353132206b420a427566666572733a20202020202020202020202035343532206b420a4361636865643a202020202020202020", "id": "658687056" } }
I/Choreographer(  995): Skipped 85 frames!  The application may be doing too much work on its main thread.
W/dalvikvm(  422): DroidBox: { "FdAccess": { "path": "2f70726f632f6d656d696e666f", "id": "1039861147" } }
W/DroidBox(  422): DroidBox: { "FileRW": { "operation": "read", "data": "4d656d546f74616c3a202020202020202020373438393634206b420a4d656d467265653a20202020202020202020343535373736206b420a427566666572733a20202020202020202020202035343532206b420a4361636865643a202020202020202020", "id": "1039861147" } }
I/Choreographer(  422): Skipped 79 frames!  The application may be doing too much work on its main thread.
D/InputEventConsistencyVerifier(  422): KeyEvent: ACTION_UP but key was not down.
D/InputEventConsistencyVerifier(  422):   in com.android.systemui.statusbar.phone.StatusBarWindowView@b3e98300
D/InputEventConsistencyVerifier(  422):   0: sent at 136426000000, KeyEvent { action=ACTION_UP, keyCode=KEYCODE_DPAD_LEFT, scanCode=0, metaState=0, flags=0x400, repeatCount=0, eventTime=136426, downTime=136426, deviceId=-1, source=0x101 }
D/InputEventConsistencyVerifier(  422):   -- recent events --
D/InputEventConsistencyVerifier(  422):   1: sent at 136131000000, (unhandled) MotionEvent { action=ACTION_MOVE, id[0]=0, x[0]=-4.0, y[0]=-2.0, toolType[0]=TOOL_TYPE_UNKNOWN, buttonState=0, metaState=0, flags=0x0, edgeFlags=0x0, pointerCount=1, historySize=0, eventTime=136131, downTime=-1, deviceId=0, source=0x10004 }
D/InputEventConsistencyVerifier(  422):   2: sent at 136202000000, MotionEvent { action=ACTION_UP, id[0]=0, x[0]=353.0, y[0]=440.0, toolType[0]=TOOL_TYPE_UNKNOWN, buttonState=0, metaState=0, flags=0x0, edgeFlags=0x0, pointerCount=1, historySize=0, eventTime=136202, downTime=136197, deviceId=0, source=0x1002 }
D/InputEventConsistencyVerifier(  422):   3: sent at 136197000000, MotionEvent { action=ACTION_DOWN, id[0]=0, x[0]=365.0, y[0]=455.0, toolType[0]=TOOL_TYPE_UNKNOWN, buttonState=0, metaState=0, flags=0x0, edgeFlags=0x0, pointerCount=1, historySize=0, eventTime=136197, downTime=136197, deviceId=0, source=0x1002 }
D/InputEventConsistencyVerifier(  422):   4: sent at 136039000000, MotionEvent { action=ACTION_UP, id[0]=0, x[0]=480.0, y[0]=74.5, toolType[0]=TOOL_TYPE_UNKNOWN, buttonState=0, metaState=0, flags=0x0, edgeFlags=0x0, pointerCount=1, historySize=0, eventTime=136039, downTime=135953, deviceId=0, source=0x1002 }
D/InputEventConsistencyVerifier(  422):   5: sent at 136038500000, MotionEvent { action=ACTION_MOVE, id[0]=0, x[0]=480.0, y[0]=74.5, toolType[0]=TOOL_TYPE_UNKNOWN, buttonState=0, metaState=0, flags=0x0, edgeFlags=0x0, pointerCount=1, historySize=6, eventTime=136038, downTime=135953, deviceId=0, source=0x1002 }
D/InputEventConsistencyVerifier(  422): KeyEvent: ACTION_UP but key was not down.
D/InputEventConsistencyVerifier(  422):   in android.widget.FrameLayout@b3eb7e50
D/InputEventConsistencyVerifier(  422):   0: sent at 136512000000, KeyEvent { action=ACTION_UP, keyCode=KEYCODE_DPAD_DOWN, scanCode=0, metaState=0, flags=0x8, repeatCount=0, eventTime=136512, downTime=136512, deviceId=-1, source=0x101 }
W/dalvikvm(  422): DroidBox: { "FdAccess": { "path": "2f70726f632f6d656d696e666f", "id": "1376015012" } }
W/DroidBox(  422): DroidBox: { "FileRW": { "operation": "read", "data": "4d656d546f74616c3a202020202020202020373438393634206b420a4d656d467265653a20202020202020202020343535373736206b420a427566666572733a20202020202020202020202035343532206b420a4361636865643a202020202020202020", "id": "1376015012" } }
I/Choreographer(  995): Skipped 50 frames!  The application may be doing too much work on its main thread.
V/PhoneStatusBar(  422): setLightsOn(true)
D/PhoneStatusBar(  422): disable: < expand icons alerts TICKER* system_info back home recent clock >
I/Choreographer(  422): Skipped 129 frames!  The application may be doing too much work on its main thread.
W/dalvikvm(  422): DroidBox: { "FdAccess": { "path": "2f70726f632f6d656d696e666f", "id": "1505450418" } }
W/DroidBox(  422): DroidBox: { "FileRW": { "operation": "read", "data": "4d656d546f74616c3a202020202020202020373438393634206b420a4d656d467265653a20202020202020202020343534323838206b420a427566666572733a20202020202020202020202035343532206b420a4361636865643a202020202020202020", "id": "1505450418" } }
I/Choreographer(  422): Skipped 63 frames!  The application may be doing too much work on its main thread.
D/InputEventConsistencyVerifier(  422): TouchEvent: ACTION_DOWN but pointers are already down.  Probably missing ACTION_UP from previous gesture.
D/InputEventConsistencyVerifier(  422):   in android.view.ScaleGestureDetector@b3f37cc8
D/InputEventConsistencyVerifier(  422):   0: sent at 137269000000, MotionEvent { action=ACTION_DOWN, id[0]=0, x[0]=252.0, y[0]=407.0, toolType[0]=TOOL_TYPE_UNKNOWN, buttonState=0, metaState=0, flags=0x0, edgeFlags=0x0, pointerCount=1, historySize=0, eventTime=137269, downTime=137269, deviceId=0, source=0x1002 }
D/InputEventConsistencyVerifier(  422):   -- recent events --
D/InputEventConsistencyVerifier(  422):   1: sent at 136197000000, MotionEvent { action=ACTION_DOWN, id[0]=0, x[0]=365.0, y[0]=455.0, toolType[0]=TOOL_TYPE_UNKNOWN, buttonState=0, metaState=0, flags=0x0, edgeFlags=0x0, pointerCount=1, historySize=0, eventTime=136197, downTime=136197, deviceId=0, source=0x1002 }
D/InputEventConsistencyVerifier(  422):   2: sent at 136039000000, MotionEvent { action=ACTION_UP, id[0]=0, x[0]=480.0, y[0]=74.5, toolType[0]=TOOL_TYPE_UNKNOWN, buttonState=0, metaState=0, flags=0x0, edgeFlags=0x0, pointerCount=1, historySize=0, eventTime=136039, downTime=135953, deviceId=0, source=0x1002 }
D/InputEventConsistencyVerifier(  422):   3: sent at 136038500000, MotionEvent { action=ACTION_MOVE, id[0]=0, x[0]=480.0, y[0]=74.5, toolType[0]=TOOL_TYPE_UNKNOWN, buttonState=0, metaState=0, flags=0x0, edgeFlags=0x0, pointerCount=1, historySize=6, eventTime=136038, downTime=135953, deviceId=0, source=0x1002 }
D/InputEventConsistencyVerifier(  422):   4: sent at 135955000000, MotionEvent { action=ACTION_DOWN, id[0]=0, x[0]=452.0, y[0]=11.0, toolType[0]=TOOL_TYPE_UNKNOWN, buttonState=0, metaState=0, flags=0x0, edgeFlags=0x0, pointerCount=1, historySize=0, eventTime=135955, downTime=135953, deviceId=0, source=0x1002 }
D/InputEventConsistencyVerifier(  422): KeyEvent: ACTION_UP but key was not down.
D/InputEventConsistencyVerifier(  422):   in com.android.systemui.statusbar.phone.StatusBarWindowView@b3e98300
D/InputEventConsistencyVerifier(  422):   0: sent at 137463000000, KeyEvent { action=ACTION_UP, keyCode=KEYCODE_DPAD_UP, scanCode=0, metaState=0, flags=0x8, repeatCount=0, eventTime=137463, downTime=137463, deviceId=-1, source=0x101 }
D/InputEventConsistencyVerifier(  422):   -- recent events --
D/InputEventConsistencyVerifier(  422):   1: sent at 137336000000, (unhandled) KeyEvent { action=ACTION_UP, keyCode=KEYCODE_CAMERA, scanCode=0, metaState=0, flags=0x8, repeatCount=0, eventTime=137336, downTime=137336, deviceId=-1, source=0x101 }
D/InputEventConsistencyVerifier(  422):   2: sent at 137299000000, (unhandled) KeyEvent { action=ACTION_DOWN, keyCode=KEYCODE_CAMERA, scanCode=0, metaState=0, flags=0x8, repeatCount=0, eventTime=137299, downTime=137299, deviceId=-1, source=0x101 }
D/InputEventConsistencyVerifier(  422):   3: sent at 137293000000, MotionEvent { action=ACTION_UP, id[0]=0, x[0]=249.0, y[0]=401.0, toolType[0]=TOOL_TYPE_UNKNOWN, buttonState=0, metaState=0, flags=0x0, edgeFlags=0x0, pointerCount=1, historySize=0, eventTime=137293, downTime=137269, deviceId=0, source=0x1002 }
D/InputEventConsistencyVerifier(  422):   4: sent at 137269000000, MotionEvent { action=ACTION_DOWN, id[0]=0, x[0]=252.0, y[0]=407.0, toolType[0]=TOOL_TYPE_UNKNOWN, buttonState=0, metaState=0, flags=0x0, edgeFlags=0x0, pointerCount=1, historySize=0, eventTime=137269, downTime=137269, deviceId=0, source=0x1002 }
D/InputEventConsistencyVerifier(  422):   5: sent at 137039000000, (unhandled) KeyEvent { action=ACTION_UP, keyCode=KEYCODE_DPAD_LEFT, scanCode=0, metaState=0, flags=0x8, repeatCount=0, eventTime=137039, downTime=137039, deviceId=-1, source=0x101 }
I/Choreographer(  422): Skipped 45 frames!  The application may be doing too much work on its main thread.
D/InputEventConsistencyVerifier(  422): KeyEvent: ACTION_UP but key was not down.
D/InputEventConsistencyVerifier(  422):   in com.android.systemui.statusbar.phone.StatusBarWindowView@b3e98300
D/InputEventConsistencyVerifier(  422):   0: sent at 137614000000, KeyEvent { action=ACTION_UP, keyCode=KEYCODE_DPAD_UP, scanCode=0, metaState=0, flags=0x400, repeatCount=0, eventTime=137614, downTime=137614, deviceId=-1, source=0x101 }
D/InputEventConsistencyVerifier(  422):   -- recent events --
D/InputEventConsistencyVerifier(  422):   1: sent at 137577000000, (unhandled) MotionEvent { action=ACTION_MOVE, id[0]=0, x[0]=-2.0, y[0]=-3.0, toolType[0]=TOOL_TYPE_UNKNOWN, buttonState=0, metaState=0, flags=0x0, edgeFlags=0x0, pointerCount=1, historySize=2, eventTime=137577, downTime=-1, deviceId=0, source=0x10004 }
D/InputEventConsistencyVerifier(  422):   2: sent at 137532000000, MotionEvent { action=ACTION_UP, id[0]=0, x[0]=140.0, y[0]=726.0, toolType[0]=TOOL_TYPE_UNKNOWN, buttonState=0, metaState=0, flags=0x0, edgeFlags=0x0, pointerCount=1, historySize=0, eventTime=137532, downTime=137490, deviceId=0, source=0x1002 }
D/InputEventConsistencyVerifier(  422):   3: sent at 137530000000, MotionEvent { action=ACTION_MOVE, id[0]=0, x[0]=147.0, y[0]=715.0, toolType[0]=TOOL_TYPE_UNKNOWN, buttonState=0, metaState=0, flags=0x0, edgeFlags=0x0, pointerCount=1, historySize=1, eventTime=137530, downTime=137490, deviceId=0, source=0x1002 }
D/InputEventConsistencyVerifier(  422):   4: sent at 137491000000, MotionEvent { action=ACTION_DOWN, id[0]=0, x[0]=162.0, y[0]=700.0, toolType[0]=TOOL_TYPE_UNKNOWN, buttonState=0, metaState=0, flags=0x0, edgeFlags=0x0, pointerCount=1, historySize=0, eventTime=137491, downTime=137490, deviceId=0, source=0x1002 }
D/InputEventConsistencyVerifier(  422):   5: sent at 137485000000, (unhandled) KeyEvent { action=ACTION_UP, keyCode=KEYCODE_DPAD_CENTER, scanCode=0, metaState=0, flags=0x8, repeatCount=0, eventTime=137485, downTime=137485, deviceId=-1, source=0x101 }
D/InputEventConsistencyVerifier(  422): KeyEvent: ACTION_UP but key was not down.
D/InputEventConsistencyVerifier(  422):   in android.widget.FrameLayout@b3eb7e50
D/InputEventConsistencyVerifier(  422):   0: sent at 137747000000, KeyEvent { action=ACTION_UP, keyCode=KEYCODE_DPAD_DOWN, scanCode=0, metaState=0, flags=0x400, repeatCount=0, eventTime=137747, downTime=137747, deviceId=-1, source=0x101 }
D/InputEventConsistencyVerifier(  422):   -- recent events --
D/InputEventConsistencyVerifier(  422):   1: sent at 137532000000, MotionEvent { action=ACTION_UP, id[0]=0, x[0]=140.0, y[0]=726.0, toolType[0]=TOOL_TYPE_UNKNOWN, buttonState=0, metaState=0, flags=0x0, edgeFlags=0x0, pointerCount=1, historySize=0, eventTime=137532, downTime=137490, deviceId=0, source=0x1002 }
D/InputEventConsistencyVerifier(  422):   2: sent at 137530000000, MotionEvent { action=ACTION_MOVE, id[0]=0, x[0]=147.0, y[0]=715.0, toolType[0]=TOOL_TYPE_UNKNOWN, buttonState=0, metaState=0, flags=0x0, edgeFlags=0x0, pointerCount=1, historySize=1, eventTime=137530, downTime=137490, deviceId=0, source=0x1002 }
D/InputEventConsistencyVerifier(  422):   3: sent at 137491000000, MotionEvent { action=ACTION_DOWN, id[0]=0, x[0]=162.0, y[0]=700.0, toolType[0]=TOOL_TYPE_UNKNOWN, buttonState=0, metaState=0, flags=0x0, edgeFlags=0x0, pointerCount=1, historySize=0, eventTime=137491, downTime=137490, deviceId=0, source=0x1002 }
D/InputEventConsistencyVerifier(  422):   4: sent at 137293000000, MotionEvent { action=ACTION_UP, id[0]=0, x[0]=249.0, y[0]=401.0, toolType[0]=TOOL_TYPE_UNKNOWN, buttonState=0, metaState=0, flags=0x0, edgeFlags=0x0, pointerCount=1, historySize=0, eventTime=137293, downTime=137269, deviceId=0, source=0x1002 }
D/InputEventConsistencyVerifier(  422):   5: sent at 137269000000, MotionEvent { action=ACTION_DOWN, id[0]=0, x[0]=252.0, y[0]=407.0, toolType[0]=TOOL_TYPE_UNKNOWN, buttonState=0, metaState=0, flags=0x80000000, edgeFlags=0x0, pointerCount=1, historySize=0, eventTime=137269, downTime=137269, deviceId=0, source=0x1002 }
D/InputEventConsistencyVerifier(  422): TouchEvent: ACTION_DOWN but pointers are already down.  Probably missing ACTION_UP from previous gesture.
D/InputEventConsistencyVerifier(  422):   in android.view.ScaleGestureDetector@b3f37cc8
D/InputEventConsistencyVerifier(  422):   0: sent at 137916000000, MotionEvent { action=ACTION_DOWN, id[0]=0, x[0]=316.0, y[0]=446.0, toolType[0]=TOOL_TYPE_UNKNOWN, buttonState=0, metaState=0, flags=0x0, edgeFlags=0x0, pointerCount=1, historySize=0, eventTime=137916, downTime=137916, deviceId=0, source=0x1002 }
D/InputEventConsistencyVerifier(  422):   -- recent events --
D/InputEventConsistencyVerifier(  422):   1: sent at 137530000000, MotionEvent { action=ACTION_MOVE, id[0]=0, x[0]=147.0, y[0]=715.0, toolType[0]=TOOL_TYPE_UNKNOWN, buttonState=0, metaState=0, flags=0x0, edgeFlags=0x0, pointerCount=1, historySize=1, eventTime=137530, downTime=137490, deviceId=0, source=0x1002 }
D/InputEventConsistencyVerifier(  422):   2: sent at 137491000000, MotionEvent { action=ACTION_DOWN, id[0]=0, x[0]=162.0, y[0]=700.0, toolType[0]=TOOL_TYPE_UNKNOWN, buttonState=0, metaState=0, flags=0x0, edgeFlags=0x0, pointerCount=1, historySize=0, eventTime=137491, downTime=137490, deviceId=0, source=0x1002 }
D/InputEventConsistencyVerifier(  422):   3: sent at 137293000000, MotionEvent { action=ACTION_UP, id[0]=0, x[0]=249.0, y[0]=401.0, toolType[0]=TOOL_TYPE_UNKNOWN, buttonState=0, metaState=0, flags=0x0, edgeFlags=0x0, pointerCount=1, historySize=0, eventTime=137293, downTime=137269, deviceId=0, source=0x1002 }
D/InputEventConsistencyVerifier(  422):   4: sent at 137269000000, MotionEvent { action=ACTION_DOWN, id[0]=0, x[0]=252.0, y[0]=407.0, toolType[0]=TOOL_TYPE_UNKNOWN, buttonState=0, metaState=0, flags=0x80000000, edgeFlags=0x0, pointerCount=1, historySize=0, eventTime=137269, downTime=137269, deviceId=0, source=0x1002 }
D/InputEventConsistencyVerifier(  422):   5: sent at 136197000000, MotionEvent { action=ACTION_DOWN, id[0]=0, x[0]=365.0, y[0]=455.0, toolType[0]=TOOL_TYPE_UNKNOWN, buttonState=0, metaState=0, flags=0x0, edgeFlags=0x0, pointerCount=1, historySize=0, eventTime=136197, downTime=136197, deviceId=0, source=0x1002 }
D/InputEventConsistencyVerifier(  422): KeyEvent: ACTION_UP but key was not down.
D/InputEventConsistencyVerifier(  422):   in android.widget.FrameLayout@b3eb7e50
D/InputEventConsistencyVerifier(  422):   0: sent at 138045000000, KeyEvent { action=ACTION_UP, keyCode=KEYCODE_DPAD_DOWN, scanCode=0, metaState=0, flags=0x400, repeatCount=0, eventTime=138045, downTime=138045, deviceId=-1, source=0x101 }
D/InputEventConsistencyVerifier(  422):   -- recent events --
D/InputEventConsistencyVerifier(  422):   1: sent at 137975000000, MotionEvent { action=ACTION_UP, id[0]=0, x[0]=102.0, y[0]=290.0, toolType[0]=TOOL_TYPE_UNKNOWN, buttonState=0, metaState=0, flags=0x0, edgeFlags=0x0, pointerCount=1, historySize=0, eventTime=137975, downTime=137958, deviceId=0, source=0x1002 }
D/InputEventConsistencyVerifier(  422):   2: sent at 137958000000, MotionEvent { action=ACTION_DOWN, id[0]=0, x[0]=94.0, y[0]=290.0, toolType[0]=TOOL_TYPE_UNKNOWN, buttonState=0, metaState=0, flags=0x0, edgeFlags=0x0, pointerCount=1, historySize=0, eventTime=137958, downTime=137958, deviceId=0, source=0x1002 }
D/InputEventConsistencyVerifier(  422):   3: sent at 137935000000, MotionEvent { action=ACTION_UP, id[0]=0, x[0]=330.0, y[0]=445.0, toolType[0]=TOOL_TYPE_UNKNOWN, buttonState=0, metaState=0, flags=0x0, edgeFlags=0x0, pointerCount=1, historySize=0, eventTime=137935, downTime=137916, deviceId=0, source=0x1002 }
D/InputEventConsistencyVerifier(  422):   4: sent at 137916000000, MotionEvent { action=ACTION_DOWN, id[0]=0, x[0]=316.0, y[0]=446.0, toolType[0]=TOOL_TYPE_UNKNOWN, buttonState=0, metaState=0, flags=0x80000000, edgeFlags=0x0, pointerCount=1, historySize=0, eventTime=137916, downTime=137916, deviceId=0, source=0x1002 }
D/InputEventConsistencyVerifier(  422):   5: sent at 137906000000, (unhandled) KeyEvent { action=ACTION_UP, keyCode=KEYCODE_MENU, scanCode=0, metaState=0, flags=0x8, repeatCount=0, eventTime=137906, downTime=137906, deviceId=-1, source=0x101 }
D/InputEventConsistencyVerifier(  422): KeyEvent: ACTION_UP but key was not down.
D/InputEventConsistencyVerifier(  422):   in com.android.systemui.statusbar.phone.StatusBarWindowView@b3e98300
D/InputEventConsistencyVerifier(  422):   0: sent at 138184000000, KeyEvent { action=ACTION_UP, keyCode=KEYCODE_DPAD_UP, scanCode=0, metaState=0, flags=0x400, repeatCount=0, eventTime=138184, downTime=138184, deviceId=-1, source=0x101 }
D/InputEventConsistencyVerifier(  422):   -- recent events --
D/InputEventConsistencyVerifier(  422):   1: sent at 138081000000, (unhandled) MotionEvent { action=ACTION_MOVE, id[0]=0, x[0]=1.0, y[0]=-2.0, toolType[0]=TOOL_TYPE_UNKNOWN, buttonState=0, metaState=0, flags=0x0, edgeFlags=0x0, pointerCount=1, historySize=6, eventTime=138081, downTime=-1, deviceId=0, source=0x10004 }
D/InputEventConsistencyVerifier(  422):   2: sent at 138102000000, MotionEvent { action=ACTION_UP, id[0]=0, x[0]=259.0, y[0]=292.0, toolType[0]=TOOL_TYPE_UNKNOWN, buttonState=0, metaState=0, flags=0x0, edgeFlags=0x0, pointerCount=1, historySize=0, eventTime=138102, downTime=138096, deviceId=0, source=0x1002 }
D/InputEventConsistencyVerifier(  422):   3: sent at 138096000000, MotionEvent { action=ACTION_DOWN, id[0]=0, x[0]=262.0, y[0]=294.0, toolType[0]=TOOL_TYPE_UNKNOWN, buttonState=0, metaState=0, flags=0x0, edgeFlags=0x0, pointerCount=1, historySize=0, eventTime=138096, downTime=138096, deviceId=0, source=0x1002 }
D/InputEventConsistencyVerifier(  422):   4: sent at 138045000000, (unhandled) KeyEvent { action=ACTION_UP, keyCode=KEYCODE_DPAD_DOWN, scanCode=0, metaState=0, flags=0x400, repeatCount=0, eventTime=138045, downTime=138045, deviceId=-1, source=0x101 }
D/InputEventConsistencyVerifier(  422):   5: sent at 138045000000, (unhandled) KeyEvent { action=ACTION_DOWN, keyCode=KEYCODE_DPAD_DOWN, scanCode=0, metaState=0, flags=0x400, repeatCount=0, eventTime=138045, downTime=138045, deviceId=-1, source=0x101 }
D/InputEventConsistencyVerifier(  422): KeyEvent: ACTION_UP but key was not down.
D/InputEventConsistencyVerifier(  422):   in android.widget.FrameLayout@b3eb7e50
D/InputEventConsistencyVerifier(  422):   0: sent at 138218000000, KeyEvent { action=ACTION_UP, keyCode=KEYCODE_DPAD_DOWN, scanCode=0, metaState=0, flags=0x8, repeatCount=0, eventTime=138218, downTime=138218, deviceId=-1, source=0x101 }
D/InputEventConsistencyVerifier(  422):   -- recent events --
D/InputEventConsistencyVerifier(  422):   1: sent at 138102000000, MotionEvent { action=ACTION_UP, id[0]=0, x[0]=259.0, y[0]=292.0, toolType[0]=TOOL_TYPE_UNKNOWN, buttonState=0, metaState=0, flags=0x0, edgeFlags=0x0, pointerCount=1, historySize=0, eventTime=138102, downTime=138096, deviceId=0, source=0x1002 }
D/InputEventConsistencyVerifier(  422):   2: sent at 138096000000, MotionEvent { action=ACTION_DOWN, id[0]=0, x[0]=262.0, y[0]=294.0, toolType[0]=TOOL_TYPE_UNKNOWN, buttonState=0, metaState=0, flags=0x0, edgeFlags=0x0, pointerCount=1, historySize=0, eventTime=138096, downTime=138096, deviceId=0, source=0x1002 }
D/InputEventConsistencyVerifier(  422):   3: sent at 138045000000, (unhandled) KeyEvent { action=ACTION_UP, keyCode=KEYCODE_DPAD_DOWN, scanCode=0, metaState=0, flags=0x400, repeatCount=0, eventTime=138045, downTime=138045, deviceId=-1, source=0x101 }
D/InputEventConsistencyVerifier(  422):   4: sent at 138045000000, (unhandled) KeyEvent { action=ACTION_DOWN, keyCode=KEYCODE_DPAD_DOWN, scanCode=0, metaState=0, flags=0x400, repeatCount=0, eventTime=138045, downTime=138045, deviceId=-1, source=0x101 }
D/InputEventConsistencyVerifier(  422):   5: sent at 138045000000, (unhandled) KeyEvent { action=ACTION_UP, keyCode=KEYCODE_DPAD_DOWN, scanCode=0, metaState=0, flags=0x400, repeatCount=0, eventTime=138045, downTime=138045, deviceId=-1, source=0x101 }
D/InputEventConsistencyVerifier(  422): TouchEvent: ACTION_DOWN but pointers are already down.  Probably missing ACTION_UP from previous gesture.
D/InputEventConsistencyVerifier(  422):   in android.view.ScaleGestureDetector@b3f37cc8
D/InputEventConsistencyVerifier(  422):   0: sent at 138318000000, MotionEvent { action=ACTION_DOWN, id[0]=0, x[0]=44.0, y[0]=625.0, toolType[0]=TOOL_TYPE_UNKNOWN, buttonState=0, metaState=0, flags=0x0, edgeFlags=0x0, pointerCount=1, historySize=0, eventTime=138318, downTime=138317, deviceId=0, source=0x1002 }
D/InputEventConsistencyVerifier(  422):   -- recent events --
D/InputEventConsistencyVerifier(  422):   1: sent at 138245000000, MotionEvent { action=ACTION_MOVE, id[0]=0, x[0]=184.0, y[0]=566.0, toolType[0]=TOOL_TYPE_UNKNOWN, buttonState=0, metaState=0, flags=0x0, edgeFlags=0x0, pointerCount=1, historySize=3, eventTime=138245, downTime=138231, deviceId=0, source=0x1002 }
D/InputEventConsistencyVerifier(  422):   2: sent at 138233000000, MotionEvent { action=ACTION_DOWN, id[0]=0, x[0]=188.0, y[0]=602.0, toolType[0]=TOOL_TYPE_UNKNOWN, buttonState=0, metaState=0, flags=0x0, edgeFlags=0x0, pointerCount=1, historySize=0, eventTime=138233, downTime=138231, deviceId=0, source=0x1002 }
D/InputEventConsistencyVerifier(  422):   3: sent at 138102000000, MotionEvent { action=ACTION_UP, id[0]=0, x[0]=259.0, y[0]=292.0, toolType[0]=TOOL_TYPE_UNKNOWN, buttonState=0, metaState=0, flags=0x0, edgeFlags=0x0, pointerCount=1, historySize=0, eventTime=138102, downTime=138096, deviceId=0, source=0x1002 }
D/InputEventConsistencyVerifier(  422):   4: sent at 138096000000, MotionEvent { action=ACTION_DOWN, id[0]=0, x[0]=262.0, y[0]=294.0, toolType[0]=TOOL_TYPE_UNKNOWN, buttonState=0, metaState=0, flags=0x0, edgeFlags=0x0, pointerCount=1, historySize=0, eventTime=138096, downTime=138096, deviceId=0, source=0x1002 }
D/InputEventConsistencyVerifier(  422):   5: sent at 137975000000, MotionEvent { action=ACTION_UP, id[0]=0, x[0]=102.0, y[0]=290.0, toolType[0]=TOOL_TYPE_UNKNOWN, buttonState=0, metaState=0, flags=0x0, edgeFlags=0x0, pointerCount=1, historySize=0, eventTime=137975, downTime=137958, deviceId=0, source=0x1002 }
I/ActivityManager(  227): START {act=android.intent.action.MAIN cat=[android.intent.category.LAUNCHER] flg=0x10200000 cmp=com.load.wap/.MainActivity u=0} from pid 977
D/InputEventConsistencyVerifier(  422): TouchEvent: ACTION_DOWN but pointers are already down.  Probably missing ACTION_UP from previous gesture.
D/InputEventConsistencyVerifier(  422):   in android.view.ScaleGestureDetector@b3f37cc8
D/InputEventConsistencyVerifier(  422):   0: sent at 138499000000, MotionEvent { action=ACTION_DOWN, id[0]=0, x[0]=77.0, y[0]=176.0, toolType[0]=TOOL_TYPE_UNKNOWN, buttonState=0, metaState=0, flags=0x0, edgeFlags=0x0, pointerCount=1, historySize=0, eventTime=138499, downTime=138496, deviceId=0, source=0x1002 }
D/InputEventConsistencyVerifier(  422):   -- recent events --
D/InputEventConsistencyVerifier(  422):   1: sent at 138467000000, MotionEvent { action=ACTION_MOVE, id[0]=0, x[0]=386.0, y[0]=422.0, toolType[0]=TOOL_TYPE_UNKNOWN, buttonState=0, metaState=0, flags=0x0, edgeFlags=0x0, pointerCount=1, historySize=3, eventTime=138467, downTime=138452, deviceId=0, source=0x1002 }
D/InputEventConsistencyVerifier(  422):   2: sent at 138453000000, MotionEvent { action=ACTION_DOWN, id[0]=0, x[0]=425.0, y[0]=464.0, toolType[0]=TOOL_TYPE_UNKNOWN, buttonState=0, metaState=0, flags=0x0, edgeFlags=0x0, pointerCount=1, historySize=0, eventTime=138453, downTime=138452, deviceId=0, source=0x1002 }
D/InputEventConsistencyVerifier(  422):   3: sent at 138445000000, MotionEvent { action=ACTION_UP, id[0]=0, x[0]=41.0, y[0]=696.0, toolType[0]=TOOL_TYPE_UNKNOWN, buttonState=0, metaState=0, flags=0x0, edgeFlags=0x0, pointerCount=1, historySize=0, eventTime=138445, downTime=138435, deviceId=0, source=0x1002 }
D/InputEventConsistencyVerifier(  422):   4: sent at 138435000000, MotionEvent { action=ACTION_DOWN, id[0]=0, x[0]=42.0, y[0]=693.0, toolType[0]=TOOL_TYPE_UNKNOWN, buttonState=0, metaState=0, flags=0x0, edgeFlags=0x0, pointerCount=1, historySize=0, eventTime=138435, downTime=138435, deviceId=0, source=0x1002 }
D/InputEventConsistencyVerifier(  422):   5: sent at 138348000000, MotionEvent { action=ACTION_UP, id[0]=0, x[0]=47.0, y[0]=601.0, toolType[0]=TOOL_TYPE_UNKNOWN, buttonState=0, metaState=0, flags=0x0, edgeFlags=0x0, pointerCount=1, historySize=0, eventTime=138348, downTime=138317, deviceId=0, source=0x1002 }
D/InputEventConsistencyVerifier(  422): KeyEvent: ACTION_UP but key was not down.
D/InputEventConsistencyVerifier(  422):   in com.android.systemui.statusbar.phone.StatusBarWindowView@b3e98300
D/InputEventConsistencyVerifier(  422):   0: sent at 138557000000, KeyEvent { action=ACTION_UP, keyCode=KEYCODE_DPAD_DOWN, scanCode=0, metaState=0, flags=0x8, repeatCount=0, eventTime=138557, downTime=138557, deviceId=-1, source=0x101 }
D/InputEventConsistencyVerifier(  422):   -- recent events --
D/InputEventConsistencyVerifier(  422):   1: sent at 138525000000, MotionEvent { action=ACTION_UP, id[0]=0, x[0]=90.0, y[0]=143.0, toolType[0]=TOOL_TYPE_UNKNOWN, buttonState=0, metaState=0, flags=0x0, edgeFlags=0x0, pointerCount=1, historySize=0, eventTime=138525, downTime=138496, deviceId=0, source=0x1002 }
D/InputEventConsistencyVerifier(  422):   2: sent at 138522000000, MotionEvent { action=ACTION_POINTER_UP(1), id[0]=0, x[0]=86.0, y[0]=143.0, toolType[0]=TOOL_TYPE_UNKNOWN, id[1]=1, x[1]=373.0, y[1]=451.0, toolType[1]=TOOL_TYPE_UNKNOWN, buttonState=0, metaState=0, flags=0x0, edgeFlags=0x0, pointerCount=2, historySize=0, eventTime=138522, downTime=138496, deviceId=0, source=0x1002 }
D/InputEventConsistencyVerifier(  422):   3: sent at 138519000000, MotionEvent { action=ACTION_MOVE, id[0]=0, x[0]=80.0, y[0]=159.0, toolType[0]=TOOL_TYPE_UNKNOWN, id[1]=1, x[1]=380.0, y[1]=458.0, toolType[1]=TOOL_TYPE_UNKNOWN, buttonState=0, metaState=0, flags=0x0, edgeFlags=0x0, pointerCount=2, historySize=0, eventTime=138519, downTime=138496, deviceId=0, source=0x1002 }
D/InputEventConsistencyVerifier(  422):   4: sent at 138516000000, MotionEvent { action=ACTION_POINTER_DOWN(1), id[0]=0, x[0]=79.0, y[0]=171.0, toolType[0]=TOOL_TYPE_UNKNOWN, id[1]=1, x[1]=391.0, y[1]=472.0, toolType[1]=TOOL_TYPE_UNKNOWN, buttonState=0, metaState=0, flags=0x0, edgeFlags=0x0, pointerCount=2, historySize=0, eventTime=138516, downTime=138496, deviceId=0, source=0x1002 }
D/InputEventConsistencyVerifier(  422):   5: sent at 138499000000, MotionEvent { action=ACTION_DOWN, id[0]=0, x[0]=77.0, y[0]=176.0, toolType[0]=TOOL_TYPE_UNKNOWN, buttonState=0, metaState=0, flags=0x0, edgeFlags=0x0, pointerCount=1, historySize=0, eventTime=138499, downTime=138496, deviceId=0, source=0x1002 }
I/Choreographer(  422): Skipped 36 frames!  The application may be doing too much work on its main thread.
D/InputEventConsistencyVerifier(  422): KeyEvent: ACTION_UP but key was not down.
D/InputEventConsistencyVerifier(  422):   in android.widget.FrameLayout@b3eb7e50
D/InputEventConsistencyVerifier(  422):   0: sent at 138678000000, KeyEvent { action=ACTION_UP, keyCode=KEYCODE_DPAD_DOWN, scanCode=0, metaState=0, flags=0x400, repeatCount=0, eventTime=138678, downTime=138678, deviceId=-1, source=0x101 }
D/InputEventConsistencyVerifier(  422):   -- recent events --
D/InputEventConsistencyVerifier(  422):   1: sent at 138525000000, MotionEvent { action=ACTION_UP, id[0]=0, x[0]=90.0, y[0]=143.0, toolType[0]=TOOL_TYPE_UNKNOWN, buttonState=0, metaState=0, flags=0x0, edgeFlags=0x0, pointerCount=1, historySize=0, eventTime=138525, downTime=138496, deviceId=0, source=0x1002 }
D/InputEventConsistencyVerifier(  422):   2: sent at 138522000000, MotionEvent { action=ACTION_POINTER_UP(1), id[0]=0, x[0]=86.0, y[0]=143.0, toolType[0]=TOOL_TYPE_UNKNOWN, id[1]=1, x[1]=373.0, y[1]=451.0, toolType[1]=TOOL_TYPE_UNKNOWN, buttonState=0, metaState=0, flags=0x0, edgeFlags=0x0, pointerCount=2, historySize=0, eventTime=138522, downTime=138496, deviceId=0, source=0x1002 }
D/InputEventConsistencyVerifier(  422):   3: sent at 138519000000, MotionEvent { action=ACTION_MOVE, id[0]=0, x[0]=80.0, y[0]=159.0, toolType[0]=TOOL_TYPE_UNKNOWN, id[1]=1, x[1]=380.0, y[1]=458.0, toolType[1]=TOOL_TYPE_UNKNOWN, buttonState=0, metaState=0, flags=0x0, edgeFlags=0x0, pointerCount=2, historySize=0, eventTime=138519, downTime=138496, deviceId=0, source=0x1002 }
D/InputEventConsistencyVerifier(  422):   4: sent at 138516000000, MotionEvent { action=ACTION_POINTER_DOWN(1), id[0]=0, x[0]=79.0, y[0]=171.0, toolType[0]=TOOL_TYPE_UNKNOWN, id[1]=1, x[1]=391.0, y[1]=472.0, toolType[1]=TOOL_TYPE_UNKNOWN, buttonState=0, metaState=0, flags=0x0, edgeFlags=0x0, pointerCount=2, historySize=0, eventTime=138516, downTime=138496, deviceId=0, source=0x1002 }
D/InputEventConsistencyVerifier(  422):   5: sent at 138499000000, MotionEvent { action=ACTION_DOWN, id[0]=0, x[0]=77.0, y[0]=176.0, toolType[0]=TOOL_TYPE_UNKNOWN, buttonState=0, metaState=0, flags=0x80000000, edgeFlags=0x0, pointerCount=1, historySize=0, eventTime=138499, downTime=138496, deviceId=0, source=0x1002 }
D/InputEventConsistencyVerifier(  422): TouchEvent: ACTION_DOWN but pointers are already down.  Probably missing ACTION_UP from previous gesture.
D/InputEventConsistencyVerifier(  422):   in android.view.ScaleGestureDetector@b3f37cc8
D/InputEventConsistencyVerifier(  422):   0: sent at 138735000000, MotionEvent { action=ACTION_DOWN, id[0]=0, x[0]=279.0, y[0]=172.0, toolType[0]=TOOL_TYPE_UNKNOWN, buttonState=0, metaState=0, flags=0x0, edgeFlags=0x0, pointerCount=1, historySize=0, eventTime=138735, downTime=138734, deviceId=0, source=0x1002 }
D/InputEventConsistencyVerifier(  422):   -- recent events --
D/InputEventConsistencyVerifier(  422):   1: sent at 138519000000, MotionEvent { action=ACTION_MOVE, id[0]=0, x[0]=80.0, y[0]=159.0, toolType[0]=TOOL_TYPE_UNKNOWN, id[1]=1, x[1]=380.0, y[1]=458.0, toolType[1]=TOOL_TYPE_UNKNOWN, buttonState=0, metaState=0, flags=0x0, edgeFlags=0x0, pointerCount=2, historySize=0, eventTime=138519, downTime=138496, deviceId=0, source=0x1002 }
D/InputEventConsistencyVerifier(  422):   2: sent at 138516000000, MotionEvent { action=ACTION_POINTER_DOWN(1), id[0]=0, x[0]=79.0, y[0]=171.0, toolType[0]=TOOL_TYPE_UNKNOWN, id[1]=1, x[1]=391.0, y[1]=472.0, toolType[1]=TOOL_TYPE_UNKNOWN, buttonState=0, metaState=0, flags=0x0, edgeFlags=0x0, pointerCount=2, historySize=0, eventTime=138516, downTime=138496, deviceId=0, source=0x1002 }
D/InputEventConsistencyVerifier(  422):   3: sent at 138499000000, MotionEvent { action=ACTION_DOWN, id[0]=0, x[0]=77.0, y[0]=176.0, toolType[0]=TOOL_TYPE_UNKNOWN, buttonState=0, metaState=0, flags=0x80000000, edgeFlags=0x0, pointerCount=1, historySize=0, eventTime=138499, downTime=138496, deviceId=0, source=0x1002 }
D/InputEventConsistencyVerifier(  422):   4: sent at 138467000000, MotionEvent { action=ACTION_MOVE, id[0]=0, x[0]=386.0, y[0]=422.0, toolType[0]=TOOL_TYPE_UNKNOWN, buttonState=0, metaState=0, flags=0x0, edgeFlags=0x0, pointerCount=1, historySize=3, eventTime=138467, downTime=138452, deviceId=0, source=0x1002 }
D/InputEventConsistencyVerifier(  422):   5: sent at 138453000000, MotionEvent { action=ACTION_DOWN, id[0]=0, x[0]=425.0, y[0]=464.0, toolType[0]=TOOL_TYPE_UNKNOWN, buttonState=0, metaState=0, flags=0x0, edgeFlags=0x0, pointerCount=1, historySize=0, eventTime=138453, downTime=138452, deviceId=0, source=0x1002 }
I/Choreographer(  422): Skipped 44 frames!  The application may be doing too much work on its main thread.
D/InputEventConsistencyVerifier(  422): KeyEvent: ACTION_UP but key was not down.
D/InputEventConsistencyVerifier(  422):   in android.widget.FrameLayout@b3eb7e50
D/InputEventConsistencyVerifier(  422):   0: sent at 138857000000, KeyEvent { action=ACTION_UP, keyCode=KEYCODE_DPAD_DOWN, scanCode=0, metaState=0, flags=0x400, repeatCount=0, eventTime=138857, downTime=138857, deviceId=-1, source=0x101 }
D/InputEventConsistencyVerifier(  422):   -- recent events --
D/InputEventConsistencyVerifier(  422):   1: sent at 138820000000, MotionEvent { action=ACTION_UP, id[0]=0, x[0]=309.0, y[0]=674.0, toolType[0]=TOOL_TYPE_UNKNOWN, buttonState=0, metaState=0, flags=0x0, edgeFlags=0x0, pointerCount=1, historySize=0, eventTime=138820, downTime=138798, deviceId=0, source=0x1002 }
D/InputEventConsistencyVerifier(  422):   2: sent at 138818000000, MotionEvent { action=ACTION_MOVE, id[0]=0, x[0]=303.0, y[0]=678.0, toolType[0]=TOOL_TYPE_UNKNOWN, buttonState=0, metaState=0, flags=0x0, edgeFlags=0x0, pointerCount=1, historySize=0, eventTime=138818, downTime=138798, deviceId=0, source=0x1002 }
D/InputEventConsistencyVerifier(  422):   3: sent at 138799000000, MotionEvent { action=ACTION_DOWN, id[0]=0, x[0]=294.0, y[0]=682.0, toolType[0]=TOOL_TYPE_UNKNOWN, buttonState=0, metaState=0, flags=0x0, edgeFlags=0x0, pointerCount=1, historySize=0, eventTime=138799, downTime=138798, deviceId=0, source=0x1002 }
D/InputEventConsistencyVerifier(  422):   4: sent at 138784000000, MotionEvent { action=ACTION_UP, id[0]=0, x[0]=3.0, y[0]=709.0, toolType[0]=TOOL_TYPE_UNKNOWN, buttonState=0, metaState=0, flags=0x0, edgeFlags=0x0, pointerCount=1, historySize=0, eventTime=138784, downTime=138779, deviceId=0, source=0x1002 }
D/InputEventConsistencyVerifier(  422):   5: sent at 138780000000, MotionEvent { action=ACTION_DOWN, id[0]=0, x[0]=0.0, y[0]=719.0, toolType[0]=TOOL_TYPE_UNKNOWN, buttonState=0, metaState=0, flags=0x0, edgeFlags=0x0, pointerCount=1, historySize=0, eventTime=138780, downTime=138779, deviceId=0, source=0x1002 }
D/InputEventConsistencyVerifier(  422): KeyEvent: ACTION_UP but key was not down.
D/InputEventConsistencyVerifier(  422):   in com.android.systemui.statusbar.phone.PhoneStatusBarView@b3e9a298
D/InputEventConsistencyVerifier(  422):   0: sent at 139035000000, KeyEvent { action=ACTION_UP, keyCode=KEYCODE_DPAD_UP, scanCode=0, metaState=0, flags=0x400, repeatCount=0, eventTime=139035, downTime=139035, deviceId=-1, source=0x101 }
D/InputEventConsistencyVerifier(  422):   -- recent events --
D/InputEventConsistencyVerifier(  422):   1: sent at 138857000000, (unhandled) KeyEvent { action=ACTION_DOWN, keyCode=KEYCODE_DPAD_DOWN, scanCode=0, metaState=0, flags=0x400, repeatCount=0, eventTime=138857, downTime=138857, deviceId=-1, source=0x101 }
D/InputEventConsistencyVerifier(  422):   2: sent at 138678000000, (unhandled) KeyEvent { action=ACTION_DOWN, keyCode=KEYCODE_DPAD_DOWN, scanCode=0, metaState=0, flags=0x400, repeatCount=0, eventTime=138678, downTime=138678, deviceId=-1, source=0x101 }
D/InputEventConsistencyVerifier(  422):   3: sent at 138678000000, (unhandled) KeyEvent { action=ACTION_MULTIPLE, keyCode=KEYCODE_DPAD_DOWN, scanCode=0, metaState=0, flags=0x400, repeatCount=2, eventTime=138678, downTime=138678, deviceId=-1, source=0x101 }
D/InputEventConsistencyVerifier(  422):   4: sent at 138625000000, (unhandled) MotionEvent { action=ACTION_MOVE, id[0]=0, x[0]=4.0, y[0]=4.0, toolType[0]=TOOL_TYPE_UNKNOWN, buttonState=0, metaState=0, flags=0x0, edgeFlags=0x0, pointerCount=1, historySize=0, eventTime=138625, downTime=-1, deviceId=0, source=0x10004 }
D/InputEventConsistencyVerifier(  422):   5: sent at 138631000000, (unhandled) KeyEvent { action=ACTION_UP, keyCode=KEYCODE_DPAD_RIGHT, scanCode=0, metaState=0, flags=0x400, repeatCount=0, eventTime=138631, downTime=138631, deviceId=-1, source=0x101 }
E/WVMExtractor(   61): Failed to open libwvm.so
D/InputEventConsistencyVerifier(  422): KeyEvent: ACTION_UP but key was not down.
D/InputEventConsistencyVerifier(  422):   in android.widget.FrameLayout@b3eb7e50
D/InputEventConsistencyVerifier(  422):   0: sent at 139290000000, KeyEvent { action=ACTION_UP, keyCode=KEYCODE_DPAD_DOWN, scanCode=0, metaState=0, flags=0x8, repeatCount=0, eventTime=139290, downTime=139290, deviceId=-1, source=0x101 }
D/InputEventConsistencyVerifier(  422):   -- recent events --
D/InputEventConsistencyVerifier(  422):   1: sent at 139035000000, (unhandled) KeyEvent { action=ACTION_DOWN, keyCode=KEYCODE_DPAD_UP, scanCode=0, metaState=0, flags=0x400, repeatCount=0, eventTime=139035, downTime=139035, deviceId=-1, source=0x101 }
D/InputEventConsistencyVerifier(  422):   2: sent at 139035000000, (unhandled) KeyEvent { action=ACTION_MULTIPLE, keyCode=KEYCODE_DPAD_UP, scanCode=0, metaState=0, flags=0x400, repeatCount=2, eventTime=139035, downTime=139035, deviceId=-1, source=0x101 }
D/InputEventConsistencyVerifier(  422):   3: sent at 139008000000, (unhandled) MotionEvent { action=ACTION_MOVE, id[0]=0, x[0]=2.0, y[0]=-4.0, toolType[0]=TOOL_TYPE_UNKNOWN, buttonState=0, metaState=0, flags=0x0, edgeFlags=0x0, pointerCount=1, historySize=0, eventTime=139008, downTime=-1, deviceId=0, source=0x10004 }
D/InputEventConsistencyVerifier(  422):   4: sent at 139019000000, (unhandled) KeyEvent { action=ACTION_UP, keyCode=KEYCODE_DPAD_LEFT, scanCode=0, metaState=0, flags=0x400, repeatCount=0, eventTime=139019, downTime=139019, deviceId=-1, source=0x101 }
D/InputEventConsistencyVerifier(  422):   5: sent at 139019000000, (unhandled) KeyEvent { action=ACTION_DOWN, keyCode=KEYCODE_DPAD_LEFT, scanCode=0, metaState=0, flags=0x400, repeatCount=0, eventTime=139019, downTime=139019, deviceId=-1, source=0x101 }
D/InputEventConsistencyVerifier(  422): KeyEvent: ACTION_UP but key was not down.
D/InputEventConsistencyVerifier(  422):   in com.android.systemui.statusbar.phone.PhoneStatusBarView@b3e9a298
D/InputEventConsistencyVerifier(  422):   0: sent at 139361000000, KeyEvent { action=ACTION_UP, keyCode=KEYCODE_DPAD_UP, scanCode=0, metaState=0, flags=0x8, repeatCount=0, eventTime=139361, downTime=139361, deviceId=-1, source=0x101 }
D/InputEventConsistencyVerifier(  422):   -- recent events --
D/InputEventConsistencyVerifier(  422):   1: sent at 139276000000, (unhandled) KeyEvent { action=ACTION_DOWN, keyCode=KEYCODE_DPAD_DOWN, scanCode=0, metaState=0, flags=0x8, repeatCount=0, eventTime=139276, downTime=139276, deviceId=-1, source=0x101 }
