D/InputEventConsistencyVerifier(  631): KeyEvent: ACTION_UP but key was not down.
D/InputEventConsistencyVerifier(  631):   in com.android.internal.policy.impl.PhoneWindow$DecorView@b411e910
D/InputEventConsistencyVerifier(  631):   0: sent at 120728000000, KeyEvent { action=ACTION_UP, keyCode=KEYCODE_DPAD_RIGHT, scanCode=0, metaState=0, flags=0x8, repeatCount=0, eventTime=120728, downTime=120728, deviceId=-1, source=0x101 }
W/dalvikvm( 1013): DroidBox: { "FdAccess": { "path": "2f6465762f696e7075742f6576656e7430", "id": "343561363" } }
W/DroidBox( 1013): DroidBox: { "FileRW": { "operation": "write", "data": "efbfbd060000efbfbdefbfbd0c000500000000000000", "id": "343561363" } }
I/ActivityManager(  230): START {act=android.search.action.GLOBAL_SEARCH flg=0x10000000 cmp=com.android.quicksearchbox/.SearchActivity bnds=[5,43][475,103] (has extras) u=0} from pid 631
I/Choreographer(  631): Skipped 42 frames!  The application may be doing too much work on its main thread.
I/Choreographer(  631): Skipped 32 frames!  The application may be doing too much work on its main thread.
I/dalvikvm-heap(  631): Grow heap (frag case) to 15.329MB for 1463056-byte allocation
E/Trace   ( 1031): error opening trace file: No such file or directory (2)
W/DroidBox( 1031): DroidBox: { "DexClassLoader": { "path": "/data/app/com.software.app-1.apk" } }
D/InputEventConsistencyVerifier(  631): KeyEvent: ACTION_UP but key was not down.
D/InputEventConsistencyVerifier(  631):   in com.android.launcher2.Cling@b41619d0
D/InputEventConsistencyVerifier(  631):   0: sent at 120999000000, KeyEvent { action=ACTION_UP, keyCode=KEYCODE_DPAD_DOWN, scanCode=0, metaState=0, flags=0x8, repeatCount=0, eventTime=120999, downTime=120999, deviceId=-1, source=0x101 }
I/Choreographer(  631): Skipped 239 frames!  The application may be doing too much work on its main thread.
W/InputMethodManagerService(  230): Starting input on non-focused client com.android.internal.view.IInputMethodClient$Stub$Proxy@b3e87080 (uid=10019 pid=631)
E/WVMExtractor(   61): Failed to open libwvm.so
W/dalvikvm( 1031): DroidBox: { "FdAccess": { "path": "2f646174612f646174612f636f6d2e736f6674776172652e6170702f7368617265645f70726566732f50524546532e786d6c", "id": "647874813" } }
W/DroidBox( 1031): DroidBox: { "FileRW": { "operation": "write", "data": "3c3f786d6c2076657273696f6e3d27312e302720656e636f64696e673d277574662d3827207374616e64616c6f6e653d2779657327203f3e0a3c6d61703e0a3c737472696e67206e616d653d224e45545f4f50223e3331303236303c2f737472696e673e", "id": "647874813" } }
E/WVMExtractor(   61): Failed to open libwvm.so
W/dalvikvm( 1031): DroidBox: { "FdAccess": { "path": "2f646174612f646174612f636f6d2e736f6674776172652e6170702f7368617265645f70726566732f50524546532e786d6c", "id": "1076837358" } }
W/DroidBox( 1031): DroidBox: { "FileRW": { "operation": "write", "data": "3c3f786d6c2076657273696f6e3d27312e302720656e636f64696e673d277574662d3827207374616e64616c6f6e653d2779657327203f3e0a3c6d61703e0a3c737472696e67206e616d653d224e45545f4f50223e3331303236303c2f737472696e673e", "id": "1076837358" } }
W/ActivityManager(  230): Unable to start service Intent { act=com.google.android.c2dm.intent.REGISTER pkg=com.google.android.gsf (has extras) }: not found
W/dalvikvm( 1031): DroidBox: { "FdAccess": { "path": "2f646174612f646174612f636f6d2e736f6674776172652e6170702f7368617265645f70726566732f50524546532e786d6c", "id": "1395573025" } }
W/DroidBox( 1031): DroidBox: { "FileRW": { "operation": "write", "data": "3c3f786d6c2076657273696f6e3d27312e302720656e636f64696e673d277574662d3827207374616e64616c6f6e653d2779657327203f3e0a3c6d61703e0a3c696e74206e616d653d224b45595f4e4f54494649434154494f4e5f4e554d424552222076", "id": "1395573025" } }
E/WVMExtractor(   61): Failed to open libwvm.so
V/PhoneStatusBar(  430): setLightsOn(true)
E/WVMExtractor(   61): Failed to open libwvm.so
I/Choreographer( 1031): Skipped 159 frames!  The application may be doing too much work on its main thread.
D/InputEventConsistencyVerifier( 1031): KeyEvent: ACTION_UP but key was not down.
D/InputEventConsistencyVerifier( 1031):   in com.android.internal.policy.impl.PhoneWindow$DecorView@b3e11f28
D/InputEventConsistencyVerifier( 1031):   0: sent at 123991000000, KeyEvent { action=ACTION_UP, keyCode=KEYCODE_DPAD_LEFT, scanCode=0, metaState=0, flags=0x400, repeatCount=0, eventTime=123991, downTime=123991, deviceId=-1, source=0x101 }
D/InputEventConsistencyVerifier( 1031):   -- recent events --
D/InputEventConsistencyVerifier( 1031):   1: sent at 123752000000, (unhandled) MotionEvent { action=ACTION_MOVE, id[0]=0, x[0]=-2.0, y[0]=1.0, toolType[0]=TOOL_TYPE_UNKNOWN, buttonState=0, metaState=0, flags=0x0, edgeFlags=0x0, pointerCount=1, historySize=9, eventTime=123752, downTime=-1, deviceId=0, source=0x10004 }
D/InputEventConsistencyVerifier( 1031):   2: sent at 123682000000, (unhandled) MotionEvent { action=ACTION_UP, id[0]=0, x[0]=432.0, y[0]=722.0, toolType[0]=TOOL_TYPE_UNKNOWN, buttonState=0, metaState=0, flags=0x1, edgeFlags=0x0, pointerCount=1, historySize=0, eventTime=123682, downTime=123665, deviceId=0, source=0x1002 }
D/InputEventConsistencyVerifier( 1031):   3: sent at 123666000000, (unhandled) MotionEvent { action=ACTION_DOWN, id[0]=0, x[0]=427.0, y[0]=724.0, toolType[0]=TOOL_TYPE_UNKNOWN, buttonState=0, metaState=0, flags=0x1, edgeFlags=0x0, pointerCount=1, historySize=0, eventTime=123666, downTime=123665, deviceId=0, source=0x1002 }
D/InputEventConsistencyVerifier( 1031):   4: sent at 123566000000, (unhandled) KeyEvent { action=ACTION_UP, keyCode=KEYCODE_MENU, scanCode=0, metaState=0, flags=0x8, repeatCount=0, eventTime=123566, downTime=123566, deviceId=-1, source=0x101 }
D/InputEventConsistencyVerifier( 1031):   5: sent at 121189000000, (unhandled) KeyEvent { action=ACTION_DOWN, keyCode=KEYCODE_MENU, scanCode=0, metaState=0, flags=0x8, repeatCount=0, eventTime=121189, downTime=121189, deviceId=-1, source=0x101 }
E/WVMExtractor(   61): Failed to open libwvm.so
D/gralloc_goldfish( 1031): Emulator without GPU emulation detected.
I/Choreographer( 1031): Skipped 60 frames!  The application may be doing too much work on its main thread.
I/ActivityManager(  230): Displayed com.software.app/.Main: +4s525ms
D/InputEventConsistencyVerifier( 1031): KeyEvent: ACTION_UP but key was not down.
D/InputEventConsistencyVerifier( 1031):   in com.android.internal.policy.impl.PhoneWindow$DecorView@b3e47de0
D/InputEventConsistencyVerifier( 1031):   0: sent at 124844000000, KeyEvent { action=ACTION_UP, keyCode=KEYCODE_DPAD_CENTER, scanCode=0, metaState=0, flags=0x8, repeatCount=0, eventTime=124844, downTime=124844, deviceId=-1, source=0x101 }
D/InputEventConsistencyVerifier( 1031):   -- recent events --
D/InputEventConsistencyVerifier( 1031):   1: sent at 124768000000, (unhandled) KeyEvent { action=ACTION_UP, keyCode=KEYCODE_5, scanCode=0, metaState=0, flags=0x8, repeatCount=0, eventTime=124768, downTime=124768, deviceId=-1, source=0x101 }
D/InputEventConsistencyVerifier( 1031):   2: sent at 124764000000, (unhandled) KeyEvent { action=ACTION_DOWN, keyCode=KEYCODE_5, scanCode=0, metaState=0, flags=0x8, repeatCount=0, eventTime=124764, downTime=124764, deviceId=-1, source=0x101 }
D/InputEventConsistencyVerifier( 1031):   3: sent at 124102000000, (unhandled) KeyEvent { action=ACTION_UP, keyCode=KEYCODE_DPAD_LEFT, scanCode=0, metaState=0, flags=0x8, repeatCount=0, eventTime=124102, downTime=124102, deviceId=-1, source=0x101 }
D/InputEventConsistencyVerifier( 1031):   4: sent at 124088000000, (unhandled) KeyEvent { action=ACTION_DOWN, keyCode=KEYCODE_DPAD_LEFT, scanCode=0, metaState=0, flags=0x8, repeatCount=0, eventTime=124088, downTime=124088, deviceId=-1, source=0x101 }
D/InputEventConsistencyVerifier( 1031):   5: sent at 123885000000, (unhandled) KeyEvent { action=ACTION_UP, keyCode=KEYCODE_DPAD_DOWN, scanCode=0, metaState=0, flags=0x8, repeatCount=0, eventTime=123885, downTime=123885, deviceId=-1, source=0x101 }
E/WVMExtractor(   61): Failed to open libwvm.so
I/Choreographer( 1031): Skipped 52 frames!  The application may be doing too much work on its main thread.
W/dalvikvm(  230): DroidBox: { "FdAccess": { "path": "2f70726f632f313031332f636d646c696e65", "id": "186156756" } }
W/DroidBox(  230): DroidBox: { "FileRW": { "operation": "read", "data": "636f6d2e616e64726f69642e636f6d6d616e64732e6d6f6e6b65790000000000000000000000000000000000000000000000000000000000000000000000000000000000000000000000000000000000000000000000000032613061326165312e61706b", "id": "186156756" } }
W/dalvikvm(  230): DroidBox: { "FdAccess": { "path": "2f70726f632f313033312f636d646c696e65", "id": "677662771" } }
W/DroidBox(  230): DroidBox: { "FileRW": { "operation": "read", "data": "636f6d2e736f6674776172652e61707000000000000000000000000000000000000000000000000000000000000000000000000000000000000000000000000000000000000000000000000000000000000000000000000032613061326165312e61706b", "id": "677662771" } }
I/InputReader(  230): Reconfiguring input devices.  changes=0x00000010
I/Choreographer( 1031): Skipped 63 frames!  The application may be doing too much work on its main thread.
D/PackageManager(  230): generateServicesMap(android.accounts.AccountAuthenticator): 2 services unchanged
I/ActivityManager(  230): START {act=android.intent.action.MAIN cat=[android.intent.category.HOME] flg=0x10200000 cmp=com.android.launcher/com.android.launcher2.Launcher u=0} from pid 230
W/InputMethodManagerService(  230): Window already focused, ignoring focus gain of: com.android.internal.view.IInputMethodClient$Stub$Proxy@b3eec198 attribute=android.view.inputmethod.EditorInfo@b3faa6b8
D/PackageManager(  230): generateServicesMap(android.content.SyncAdapter): 4 services unchanged
I/Choreographer( 1031): Skipped 54 frames!  The application may be doing too much work on its main thread.
I/InputDispatcher(  230): Dropped event because of pending overdue app switch.
W/InputManager(  230): Input event injection from pid 1013 failed.
I/AccountTypeManager(  696): Loaded meta-data for 1 account types, 0 accounts in 112ms(wall) 10ms(cpu)
W/dalvikvm(  851): DroidBox: { "FdAccess": { "path": "2f646174612f646174612f636f6d2e616e64726f69642e67616c6c65727933642f7368617265645f70726566732f636f6d2e616e64726f69642e67616c6c65727933645f707265666572656e6365732e786d6c", "id": "799534599" } }
W/DroidBox(  851): DroidBox: { "FileRW": { "operation": "write", "data": "3c3f786d6c2076657273696f6e3d27312e302720656e636f64696e673d277574662d3827207374616e64616c6f6e653d2779657327203f3e0a3c6d61703e0a3c696e74206e616d653d227061636b616765732d76657273696f6e222076616c75653d2238", "id": "799534599" } }
D/InputEventConsistencyVerifier( 1031): KeyEvent: ACTION_UP but key was not down.
D/InputEventConsistencyVerifier( 1031):   in android.widget.LinearLayout@b3e13740
D/InputEventConsistencyVerifier( 1031):   0: sent at 126273000000, KeyEvent { action=ACTION_UP, keyCode=KEYCODE_NUMPAD_6, scanCode=0, metaState=0, flags=0x28, repeatCount=0, eventTime=126273, downTime=125979, deviceId=-1, source=0x101 }
D/InputEventConsistencyVerifier( 1031):   -- recent events --
D/InputEventConsistencyVerifier( 1031):   1: sent at 125957000000, (unhandled) MotionEvent { action=ACTION_DOWN, id[0]=0, x[0]=257.0, y[0]=143.0, toolType[0]=TOOL_TYPE_UNKNOWN, buttonState=0, metaState=0, flags=0x0, edgeFlags=0x0, pointerCount=1, historySize=0, eventTime=125957, downTime=125957, deviceId=0, source=0x1002 }
D/InputEventConsistencyVerifier( 1031):   2: sent at 123992000000, (unhandled) KeyEvent { action=ACTION_UP, keyCode=KEYCODE_DPAD_LEFT, scanCode=0, metaState=0, flags=0x400, repeatCount=0, eventTime=123992, downTime=123992, deviceId=-1, source=0x101 }
D/InputEventConsistencyVerifier( 1031):   3: sent at 123992000000, (unhandled) KeyEvent { action=ACTION_DOWN, keyCode=KEYCODE_DPAD_LEFT, scanCode=0, metaState=0, flags=0x400, repeatCount=0, eventTime=123992, downTime=123992, deviceId=-1, source=0x101 }
D/InputEventConsistencyVerifier( 1031):   4: sent at 123991000000, (unhandled) KeyEvent { action=ACTION_UP, keyCode=KEYCODE_DPAD_LEFT, scanCode=0, metaState=0, flags=0x80000400, repeatCount=0, eventTime=123991, downTime=123991, deviceId=-1, source=0x101 }
D/InputEventConsistencyVerifier( 1031):   5: sent at 123666000000, (unhandled) MotionEvent { action=ACTION_DOWN, id[0]=0, x[0]=427.0, y[0]=724.0, toolType[0]=TOOL_TYPE_UNKNOWN, buttonState=0, metaState=0, flags=0x1, edgeFlags=0x0, pointerCount=1, historySize=0, eventTime=123666, downTime=123665, deviceId=0, source=0x1002 }
I/Choreographer( 1031): Skipped 31 frames!  The application may be doing too much work on its main thread.
I/Choreographer( 1031): Skipped 39 frames!  The application may be doing too much work on its main thread.
D/InputEventConsistencyVerifier( 1031): KeyEvent: ACTION_UP but key was not down.
D/InputEventConsistencyVerifier( 1031):   in com.android.internal.policy.impl.PhoneWindow$DecorView@b3e11f28
D/InputEventConsistencyVerifier( 1031):   0: sent at 126837000000, KeyEvent { action=ACTION_UP, keyCode=KEYCODE_DPAD_DOWN, scanCode=0, metaState=0, flags=0x400, repeatCount=0, eventTime=126837, downTime=126837, deviceId=-1, source=0x101 }
D/InputEventConsistencyVerifier( 1031):   -- recent events --
D/InputEventConsistencyVerifier( 1031):   1: sent at 126629000000, (unhandled) MotionEvent { action=ACTION_MOVE, id[0]=0, x[0]=-2.0, y[0]=3.0, toolType[0]=TOOL_TYPE_UNKNOWN, buttonState=0, metaState=0, flags=0x0, edgeFlags=0x0, pointerCount=1, historySize=9, eventTime=126629, downTime=-1, deviceId=0, source=0x10004 }
D/InputEventConsistencyVerifier( 1031):   2: sent at 126788290190, MotionEvent { action=ACTION_MOVE, id[0]=0, x[0]=469.58444, y[0]=397.4459, toolType[0]=TOOL_TYPE_UNKNOWN, buttonState=0, metaState=0, flags=0x0, edgeFlags=0x0, pointerCount=1, historySize=4, eventTime=126788, downTime=126703, deviceId=0, source=0x1002 }
D/InputEventConsistencyVerifier( 1031):   3: sent at 126706000000, MotionEvent { action=ACTION_DOWN, id[0]=0, x[0]=460.0, y[0]=368.0, toolType[0]=TOOL_TYPE_UNKNOWN, buttonState=0, metaState=0, flags=0x0, edgeFlags=0x0, pointerCount=1, historySize=0, eventTime=126706, downTime=126703, deviceId=0, source=0x1002 }
D/InputEventConsistencyVerifier( 1031):   4: sent at 126695000000, MotionEvent { action=ACTION_UP, id[0]=0, x[0]=367.0, y[0]=292.0, toolType[0]=TOOL_TYPE_UNKNOWN, buttonState=0, metaState=0, flags=0x0, edgeFlags=0x0, pointerCount=1, historySize=0, eventTime=126695, downTime=126651, deviceId=0, source=0x1002 }
D/InputEventConsistencyVerifier( 1031):   5: sent at 126680000000, MotionEvent { action=ACTION_POINTER_UP(1), id[0]=0, x[0]=364.0, y[0]=292.0, toolType[0]=TOOL_TYPE_UNKNOWN, id[1]=1, x[1]=455.0, y[1]=567.0, toolType[1]=TOOL_TYPE_UNKNOWN, buttonState=0, metaState=0, flags=0x0, edgeFlags=0x0, pointerCount=2, historySize=0, eventTime=126680, downTime=126651, deviceId=0, source=0x1002 }
I/Choreographer(  631): Skipped 37 frames!  The application may be doing too much work on its main thread.
E/WVMExtractor(   61): Failed to open libwvm.so
E/WVMExtractor(   61): Failed to open libwvm.so
W/SocketClient(   55): write error (Broken pipe)
E/WVMExtractor(   61): Failed to open libwvm.so
E/WVMExtractor(   61): Failed to open libwvm.so
I/Choreographer( 1031): Skipped 40 frames!  The application may be doing too much work on its main thread.
I/ActivityManager(  230): START {act=android.intent.action.MAIN cat=[android.intent.category.LAUNCHER] flg=0x10000000 cmp=com.android.browser/.BrowserActivity sel={act=android.intent.action.MAIN cat=[android.intent.category.APP_BROWSER]} u=0} from pid 230
D/InputEventConsistencyVerifier( 1031): KeyEvent: ACTION_UP but key was not down.
D/InputEventConsistencyVerifier( 1031):   in android.view.ViewRootImpl@b3e8da60
D/InputEventConsistencyVerifier( 1031):   0: sent at 129328000000, KeyEvent { action=ACTION_UP, keyCode=KEYCODE_EXPLORER, scanCode=0, metaState=0, flags=0x8, repeatCount=0, eventTime=129328, downTime=129328, deviceId=-1, source=0x101 }
D/InputEventConsistencyVerifier( 1031):   -- recent events --
D/InputEventConsistencyVerifier( 1031):   1: sent at 129115000000, KeyEvent { action=ACTION_UP, keyCode=KEYCODE_DPAD_RIGHT, scanCode=0, metaState=0, flags=0x8, repeatCount=0, eventTime=129115, downTime=129115, deviceId=-1, source=0x101 }
D/InputEventConsistencyVerifier( 1031):   2: sent at 129081000000, KeyEvent { action=ACTION_DOWN, keyCode=KEYCODE_DPAD_RIGHT, scanCode=0, metaState=0, flags=0x8, repeatCount=0, eventTime=129081, downTime=129081, deviceId=-1, source=0x101 }
I/Choreographer( 1031): Skipped 73 frames!  The application may be doing too much work on its main thread.
E/WVMExtractor(   61): Failed to open libwvm.so
D/InputEventConsistencyVerifier( 1031): KeyEvent: ACTION_UP but key was not down.
D/InputEventConsistencyVerifier( 1031):   in com.android.internal.policy.impl.PhoneWindow$DecorView@b3e47de0
D/InputEventConsistencyVerifier( 1031):   0: sent at 129891000000, KeyEvent { action=ACTION_UP, keyCode=KEYCODE_DPAD_CENTER, scanCode=0, metaState=0, flags=0x8, repeatCount=0, eventTime=129891, downTime=129891, deviceId=-1, source=0x101 }
D/InputEventConsistencyVerifier( 1031):   -- recent events --
D/InputEventConsistencyVerifier( 1031):   1: sent at 129663000000, (unhandled) MotionEvent { action=ACTION_UP, id[0]=0, x[0]=174.0, y[0]=-65.0, toolType[0]=TOOL_TYPE_UNKNOWN, buttonState=0, metaState=0, flags=0x0, edgeFlags=0x0, pointerCount=1, historySize=0, eventTime=129663, downTime=129601, deviceId=0, source=0x1002 }
D/InputEventConsistencyVerifier( 1031):   2: sent at 129660000000, (unhandled) MotionEvent { action=ACTION_MOVE, id[0]=0, x[0]=175.0, y[0]=-58.0, toolType[0]=TOOL_TYPE_UNKNOWN, buttonState=0, metaState=0, flags=0x0, edgeFlags=0x0, pointerCount=1, historySize=7, eventTime=129660, downTime=129601, deviceId=0, source=0x1002 }
D/InputEventConsistencyVerifier( 1031):   3: sent at 129625000000, MotionEvent { action=ACTION_DOWN, id[0]=0, x[0]=180.0, y[0]=-16.0, toolType[0]=TOOL_TYPE_UNKNOWN, buttonState=0, metaState=0, flags=0x0, edgeFlags=0x0, pointerCount=1, historySize=0, eventTime=129625, downTime=129601, deviceId=0, source=0x1002 }
D/InputEventConsistencyVerifier( 1031):   4: sent at 129591000000, (unhandled) KeyEvent { action=ACTION_UP, keyCode=KEYCODE_DPAD_UP, scanCode=0, metaState=0, flags=0x8, repeatCount=0, eventTime=129591, downTime=129591, deviceId=-1, source=0x101 }
D/InputEventConsistencyVerifier( 1031):   5: sent at 129584000000, (unhandled) KeyEvent { action=ACTION_DOWN, keyCode=KEYCODE_DPAD_UP, scanCode=0, metaState=0, flags=0x8, repeatCount=0, eventTime=129584, downTime=129584, deviceId=-1, source=0x101 }
I/Choreographer( 1031): Skipped 130 frames!  The application may be doing too much work on its main thread.
W/InputMethodManagerService(  230): Window already focused, ignoring focus gain of: com.android.internal.view.IInputMethodClient$Stub$Proxy@b3fac0d8 attribute=android.view.inputmethod.EditorInfo@b3fac0f0
I/Choreographer( 1031): Skipped 44 frames!  The application may be doing too much work on its main thread.
D/InputEventConsistencyVerifier( 1031): KeyEvent: ACTION_UP but key was not down.
D/InputEventConsistencyVerifier( 1031):   in com.android.internal.policy.impl.PhoneWindow$DecorView@b3e11f28
D/InputEventConsistencyVerifier( 1031):   0: sent at 130152000000, KeyEvent { action=ACTION_UP, keyCode=KEYCODE_DPAD_DOWN, scanCode=0, metaState=0, flags=0x400, repeatCount=0, eventTime=130152, downTime=130152, deviceId=-1, source=0x101 }
D/InputEventConsistencyVerifier( 1031):   -- recent events --
D/InputEventConsistencyVerifier( 1031):   1: sent at 130117000000, (unhandled) MotionEvent { action=ACTION_MOVE, id[0]=0, x[0]=1.0, y[0]=3.0, toolType[0]=TOOL_TYPE_UNKNOWN, buttonState=0, metaState=0, flags=0x0, edgeFlags=0x0, pointerCount=1, historySize=2, eventTime=130117, downTime=-1, deviceId=0, source=0x10004 }
D/InputEventConsistencyVerifier( 1031):   2: sent at 129293000000, MotionEvent { action=ACTION_UP, id[0]=0, x[0]=292.0, y[0]=426.0, toolType[0]=TOOL_TYPE_UNKNOWN, buttonState=0, metaState=0, flags=0x0, edgeFlags=0x0, pointerCount=1, historySize=0, eventTime=129293, downTime=129258, deviceId=0, source=0x1002 }
D/InputEventConsistencyVerifier( 1031):   3: sent at 129279000000, MotionEvent { action=ACTION_MOVE, id[0]=0, x[0]=277.0, y[0]=417.0, toolType[0]=TOOL_TYPE_UNKNOWN, buttonState=0, metaState=0, flags=0x0, edgeFlags=0x0, pointerCount=1, historySize=0, eventTime=129279, downTime=129258, deviceId=0, source=0x1002 }
D/InputEventConsistencyVerifier( 1031):   4: sent at 129259000000, MotionEvent { action=ACTION_DOWN, id[0]=0, x[0]=270.0, y[0]=402.0, toolType[0]=TOOL_TYPE_UNKNOWN, buttonState=0, metaState=0, flags=0x0, edgeFlags=0x0, pointerCount=1, historySize=0, eventTime=129259, downTime=129258, deviceId=0, source=0x1002 }
D/InputEventConsistencyVerifier( 1031):   5: sent at 129251000000, (unhandled) MotionEvent { action=ACTION_UP, id[0]=0, x[0]=311.0, y[0]=682.0, toolType[0]=TOOL_TYPE_UNKNOWN, buttonState=0, metaState=0, flags=0x0, edgeFlags=0x0, pointerCount=1, historySize=0, eventTime=129251, downTime=129219, deviceId=0, source=0x1002 }
E/WVMExtractor(   61): Failed to open libwvm.so
D/InputEventConsistencyVerifier( 1031): KeyEvent: ACTION_UP but key was not down.
D/InputEventConsistencyVerifier( 1031):   in com.android.internal.policy.impl.PhoneWindow$DecorView@b3e11f28
D/InputEventConsistencyVerifier( 1031):   0: sent at 130154000000, KeyEvent { action=ACTION_UP, keyCode=KEYCODE_DPAD_DOWN, scanCode=0, metaState=0, flags=0x400, repeatCount=0, eventTime=130154, downTime=130154, deviceId=-1, source=0x101 }
D/InputEventConsistencyVerifier( 1031):   -- recent events --
D/InputEventConsistencyVerifier( 1031):   1: sent at 130152000000, (unhandled) KeyEvent { action=ACTION_UP, keyCode=KEYCODE_DPAD_DOWN, scanCode=0, metaState=0, flags=0x80000400, repeatCount=0, eventTime=130152, downTime=130152, deviceId=-1, source=0x101 }
D/InputEventConsistencyVerifier( 1031):   2: sent at 130117000000, (unhandled) MotionEvent { action=ACTION_MOVE, id[0]=0, x[0]=1.0, y[0]=3.0, toolType[0]=TOOL_TYPE_UNKNOWN, buttonState=0, metaState=0, flags=0x0, edgeFlags=0x0, pointerCount=1, historySize=2, eventTime=130117, downTime=-1, deviceId=0, source=0x10004 }
D/InputEventConsistencyVerifier( 1031):   3: sent at 129293000000, MotionEvent { action=ACTION_UP, id[0]=0, x[0]=292.0, y[0]=426.0, toolType[0]=TOOL_TYPE_UNKNOWN, buttonState=0, metaState=0, flags=0x0, edgeFlags=0x0, pointerCount=1, historySize=0, eventTime=129293, downTime=129258, deviceId=0, source=0x1002 }
D/InputEventConsistencyVerifier( 1031):   4: sent at 129279000000, MotionEvent { action=ACTION_MOVE, id[0]=0, x[0]=277.0, y[0]=417.0, toolType[0]=TOOL_TYPE_UNKNOWN, buttonState=0, metaState=0, flags=0x0, edgeFlags=0x0, pointerCount=1, historySize=0, eventTime=129279, downTime=129258, deviceId=0, source=0x1002 }
D/InputEventConsistencyVerifier( 1031):   5: sent at 129259000000, MotionEvent { action=ACTION_DOWN, id[0]=0, x[0]=270.0, y[0]=402.0, toolType[0]=TOOL_TYPE_UNKNOWN, buttonState=0, metaState=0, flags=0x0, edgeFlags=0x0, pointerCount=1, historySize=0, eventTime=129259, downTime=129258, deviceId=0, source=0x1002 }
E/WVMExtractor(   61): Failed to open libwvm.so
E/WVMExtractor(   61): Failed to open libwvm.so
E/WVMExtractor(   61): Failed to open libwvm.so
I/Choreographer( 1031): Skipped 49 frames!  The application may be doing too much work on its main thread.
D/InputEventConsistencyVerifier( 1031): KeyEvent: ACTION_UP but key was not down.
D/InputEventConsistencyVerifier( 1031):   in com.android.internal.policy.impl.PhoneWindow$DecorView@b3e47de0
D/InputEventConsistencyVerifier( 1031):   0: sent at 131747000000, KeyEvent { action=ACTION_UP, keyCode=KEYCODE_DPAD_CENTER, scanCode=0, metaState=0, flags=0x8, repeatCount=0, eventTime=131747, downTime=131747, deviceId=-1, source=0x101 }
D/InputEventConsistencyVerifier( 1031):   -- recent events --
D/InputEventConsistencyVerifier( 1031):   1: sent at 131693000000, (unhandled) KeyEvent { action=ACTION_UP, keyCode=KEYCODE_DPAD_RIGHT, scanCode=0, metaState=0, flags=0x8, repeatCount=0, eventTime=131693, downTime=131693, deviceId=-1, source=0x101 }
D/InputEventConsistencyVerifier( 1031):   2: sent at 131666000000, (unhandled) KeyEvent { action=ACTION_DOWN, keyCode=KEYCODE_DPAD_RIGHT, scanCode=0, metaState=0, flags=0x8, repeatCount=0, eventTime=131666, downTime=131666, deviceId=-1, source=0x101 }
D/InputEventConsistencyVerifier( 1031):   3: sent at 131653000000, (unhandled) KeyEvent { action=ACTION_UP, keyCode=KEYCODE_DPAD_CENTER, scanCode=0, metaState=0, flags=0x8, repeatCount=0, eventTime=131653, downTime=131653, deviceId=-1, source=0x101 }
D/InputEventConsistencyVerifier( 1031):   4: sent at 131642000000, (unhandled) KeyEvent { action=ACTION_DOWN, keyCode=KEYCODE_DPAD_CENTER, scanCode=0, metaState=0, flags=0x8, repeatCount=0, eventTime=131642, downTime=131642, deviceId=-1, source=0x101 }
D/InputEventConsistencyVerifier( 1031):   5: sent at 131482000000, (unhandled) KeyEvent { action=ACTION_UP, keyCode=KEYCODE_DPAD_RIGHT, scanCode=0, metaState=0, flags=0x8, repeatCount=0, eventTime=131482, downTime=131482, deviceId=-1, source=0x101 }
I/Choreographer( 1031): Skipped 43 frames!  The application may be doing too much work on its main thread.
D/InputEventConsistencyVerifier( 1031): TouchEvent: ACTION_DOWN but pointers are already down.  Probably missing ACTION_UP from previous gesture.
D/InputEventConsistencyVerifier( 1031):   in com.android.internal.policy.impl.PhoneWindow$DecorView@b3e47de0
D/InputEventConsistencyVerifier( 1031):   0: sent at 132084000000, MotionEvent { action=ACTION_DOWN, id[0]=0, x[0]=60.0, y[0]=-195.0, toolType[0]=TOOL_TYPE_UNKNOWN, buttonState=0, metaState=0, flags=0x0, edgeFlags=0x0, pointerCount=1, historySize=0, eventTime=132084, downTime=132081, deviceId=0, source=0x1002 }
D/InputEventConsistencyVerifier( 1031):   -- recent events --
D/InputEventConsistencyVerifier( 1031):   1: sent at 132022000000, (unhandled) KeyEvent { action=ACTION_UP, keyCode=KEYCODE_DPAD_DOWN, scanCode=0, metaState=0, flags=0x8, repeatCount=0, eventTime=132022, downTime=132022, deviceId=-1, source=0x101 }
D/InputEventConsistencyVerifier( 1031):   2: sent at 132005000000, (unhandled) KeyEvent { action=ACTION_DOWN, keyCode=KEYCODE_DPAD_DOWN, scanCode=0, metaState=0, flags=0x8, repeatCount=0, eventTime=132005, downTime=132005, deviceId=-1, source=0x101 }
D/InputEventConsistencyVerifier( 1031):   3: sent at 131930000000, (unhandled) KeyEvent { action=ACTION_UP, keyCode=KEYCODE_DPAD_LEFT, scanCode=0, metaState=0, flags=0x8, repeatCount=0, eventTime=131930, downTime=131930, deviceId=-1, source=0x101 }
D/InputEventConsistencyVerifier( 1031):   4: sent at 131900000000, (unhandled) KeyEvent { action=ACTION_DOWN, keyCode=KEYCODE_DPAD_LEFT, scanCode=0, metaState=0, flags=0x8, repeatCount=0, eventTime=131900, downTime=131900, deviceId=-1, source=0x101 }
D/InputEventConsistencyVerifier( 1031):   5: sent at 131747000000, (unhandled) KeyEvent { action=ACTION_UP, keyCode=KEYCODE_DPAD_CENTER, scanCode=0, metaState=0, flags=0x80000008, repeatCount=0, eventTime=131747, downTime=131747, deviceId=-1, source=0x101 }
E/WVMExtractor(   61): Failed to open libwvm.so
I/Choreographer( 1031): Skipped 36 frames!  The application may be doing too much work on its main thread.
D/InputEventConsistencyVerifier( 1031): KeyEvent: ACTION_UP but key was not down.
D/InputEventConsistencyVerifier( 1031):   in com.android.internal.policy.impl.PhoneWindow$DecorView@b3e47de0
D/InputEventConsistencyVerifier( 1031):   0: sent at 132334000000, KeyEvent { action=ACTION_UP, keyCode=KEYCODE_DPAD_DOWN, scanCode=0, metaState=0, flags=0x400, repeatCount=0, eventTime=132334, downTime=132334, deviceId=-1, source=0x101 }
D/InputEventConsistencyVerifier( 1031):   -- recent events --
D/InputEventConsistencyVerifier( 1031):   1: sent at 132244000000, (unhandled) MotionEvent { action=ACTION_MOVE, id[0]=0, x[0]=-1.0, y[0]=2.0, toolType[0]=TOOL_TYPE_UNKNOWN, buttonState=0, metaState=0, flags=0x0, edgeFlags=0x0, pointerCount=1, historySize=9, eventTime=132244, downTime=-1, deviceId=0, source=0x10004 }
D/InputEventConsistencyVerifier( 1031):   2: sent at 132158000000, (unhandled) MotionEvent { action=ACTION_UP, id[0]=0, x[0]=0.0, y[0]=-318.0, toolType[0]=TOOL_TYPE_UNKNOWN, buttonState=0, metaState=0, flags=0x0, edgeFlags=0x0, pointerCount=1, historySize=0, eventTime=132158, downTime=132114, deviceId=0, source=0x1002 }
D/InputEventConsistencyVerifier( 1031):   3: sent at 132155000000, (unhandled) MotionEvent { action=ACTION_MOVE, id[0]=0, x[0]=0.0, y[0]=-316.0, toolType[0]=TOOL_TYPE_UNKNOWN, buttonState=0, metaState=0, flags=0x0, edgeFlags=0x0, pointerCount=1, historySize=3, eventTime=132155, downTime=132114, deviceId=0, source=0x1002 }
D/InputEventConsistencyVerifier( 1031):   4: sent at 132115000000, MotionEvent { action=ACTION_DOWN, id[0]=0, x[0]=17.0, y[0]=-306.0, toolType[0]=TOOL_TYPE_UNKNOWN, buttonState=0, metaState=0, flags=0x0, edgeFlags=0x0, pointerCount=1, historySize=0, eventTime=132115, downTime=132114, deviceId=0, source=0x1002 }
D/InputEventConsistencyVerifier( 1031):   5: sent at 132092000000, (unhandled) MotionEvent { action=ACTION_UP, id[0]=0, x[0]=59.0, y[0]=-191.0, toolType[0]=TOOL_TYPE_UNKNOWN, buttonState=0, metaState=0, flags=0x0, edgeFlags=0x0, pointerCount=1, historySize=0, eventTime=132092, downTime=132081, deviceId=0, source=0x1002 }
I/Choreographer( 1031): Skipped 108 frames!  The application may be doing too much work on its main thread.
D/InputEventConsistencyVerifier( 1031): KeyEvent: ACTION_UP but key was not down.
D/InputEventConsistencyVerifier( 1031):   in com.android.internal.policy.impl.PhoneWindow$DecorView@b3e47de0
D/InputEventConsistencyVerifier( 1031):   0: sent at 132826000000, KeyEvent { action=ACTION_UP, keyCode=KEYCODE_DPAD_LEFT, scanCode=0, metaState=0, flags=0x400, repeatCount=0, eventTime=132826, downTime=132826, deviceId=-1, source=0x101 }
D/InputEventConsistencyVerifier( 1031):   -- recent events --
D/InputEventConsistencyVerifier( 1031):   1: sent at 132464000000, (unhandled) MotionEvent { action=ACTION_MOVE, id[0]=0, x[0]=-3.0, y[0]=-2.0, toolType[0]=TOOL_TYPE_UNKNOWN, buttonState=0, metaState=0, flags=0x0, edgeFlags=0x0, pointerCount=1, historySize=6, eventTime=132464, downTime=-1, deviceId=0, source=0x10004 }
D/InputEventConsistencyVerifier( 1031):   2: sent at 132634000000, (unhandled) MotionEvent { action=ACTION_UP, id[0]=0, x[0]=267.0, y[0]=-80.0, toolType[0]=TOOL_TYPE_UNKNOWN, buttonState=0, metaState=0, flags=0x0, edgeFlags=0x0, pointerCount=1, historySize=0, eventTime=132634, downTime=132615, deviceId=0, source=0x1002 }
D/InputEventConsistencyVerifier( 1031):   3: sent at 132615000000, MotionEvent { action=ACTION_DOWN, id[0]=0, x[0]=268.0, y[0]=-66.0, toolType[0]=TOOL_TYPE_UNKNOWN, buttonState=0, metaState=0, flags=0x0, edgeFlags=0x0, pointerCount=1, historySize=0, eventTime=132615, downTime=132615, deviceId=0, source=0x1002 }
D/InputEventConsistencyVerifier( 1031):   4: sent at 132563000000, MotionEvent { action=ACTION_UP, id[0]=0, x[0]=408.0, y[0]=92.0, toolType[0]=TOOL_TYPE_UNKNOWN, buttonState=0, metaState=0, flags=0x0, edgeFlags=0x0, pointerCount=1, historySize=0, eventTime=132563, downTime=132557, deviceId=0, source=0x1002 }
D/InputEventConsistencyVerifier( 1031):   5: sent at 132558000000, MotionEvent { action=ACTION_DOWN, id[0]=0, x[0]=412.0, y[0]=94.0, toolType[0]=TOOL_TYPE_UNKNOWN, buttonState=0, metaState=0, flags=0x0, edgeFlags=0x0, pointerCount=1, historySize=0, eventTime=132558, downTime=132557, deviceId=0, source=0x1002 }
I/Choreographer( 1031): Skipped 75 frames!  The application may be doing too much work on its main thread.
W/InputMethodManagerService(  230): Window already focused, ignoring focus gain of: com.android.internal.view.IInputMethodClient$Stub$Proxy@b428eda8 attribute=null
E/WVMExtractor(   61): Failed to open libwvm.so
W/dalvikvm( 1013): DroidBox: { "FdAccess": { "path": "2f6465762f696e7075742f6576656e7430", "id": "1752276117" } }
W/DroidBox( 1013): DroidBox: { "FileRW": { "operation": "write", "data": "7f060000efbfbd3901000500000001000000", "id": "1752276117" } }
I/ActivityManager(  230): START {act=android.intent.action.MAIN cat=[android.intent.category.LAUNCHER] flg=0x10200000 cmp=com.software.app/.Main u=0} from pid 1013
D/InputEventConsistencyVerifier( 1031): KeyEvent: ACTION_UP but key was not down.
D/InputEventConsistencyVerifier( 1031):   in com.android.internal.policy.impl.PhoneWindow$DecorView@b3e47de0
D/InputEventConsistencyVerifier( 1031):   0: sent at 134106000000, KeyEvent { action=ACTION_UP, keyCode=KEYCODE_DPAD_LEFT, scanCode=0, metaState=0, flags=0x8, repeatCount=0, eventTime=134106, downTime=134106, deviceId=-1, source=0x101 }
D/InputEventConsistencyVerifier( 1031):   -- recent events --
D/InputEventConsistencyVerifier( 1031):   1: sent at 134018000000, MotionEvent { action=ACTION_UP, id[0]=0, x[0]=21.0, y[0]=67.0, toolType[0]=TOOL_TYPE_UNKNOWN, buttonState=0, metaState=0, flags=0x0, edgeFlags=0x0, pointerCount=1, historySize=0, eventTime=134018, downTime=134013, deviceId=0, source=0x1002 }
D/InputEventConsistencyVerifier( 1031):   2: sent at 134013000000, MotionEvent { action=ACTION_DOWN, id[0]=0, x[0]=22.0, y[0]=63.0, toolType[0]=TOOL_TYPE_UNKNOWN, buttonState=0, metaState=0, flags=0x0, edgeFlags=0x0, pointerCount=1, historySize=0, eventTime=134013, downTime=134013, deviceId=0, source=0x1002 }
D/InputEventConsistencyVerifier( 1031):   3: sent at 133994000000, (unhandled) KeyEvent { action=ACTION_UP, keyCode=KEYCODE_MENU, scanCode=0, metaState=0, flags=0x8, repeatCount=0, eventTime=133994, downTime=133994, deviceId=-1, source=0x101 }
D/InputEventConsistencyVerifier( 1031):   4: sent at 133991000000, (unhandled) KeyEvent { action=ACTION_DOWN, keyCode=KEYCODE_MENU, scanCode=0, metaState=0, flags=0x8, repeatCount=0, eventTime=133991, downTime=133991, deviceId=-1, source=0x101 }
D/InputEventConsistencyVerifier( 1031):   5: sent at 133756000000, (unhandled) KeyEvent { action=ACTION_UP, keyCode=KEYCODE_DPAD_RIGHT, scanCode=0, metaState=0, flags=0x8, repeatCount=0, eventTime=133756, downTime=133756, deviceId=-1, source=0x101 }
I/Choreographer( 1031): Skipped 77 frames!  The application may be doing too much work on its main thread.
E/WVMExtractor(   61): Failed to open libwvm.so
W/InputManager(  230): Input event injection from pid 1013 failed.
I/Choreographer( 1031): Skipped 53 frames!  The application may be doing too much work on its main thread.
W/InputMethodManagerService(  230): Window already focused, ignoring focus gain of: com.android.internal.view.IInputMethodClient$Stub$Proxy@b3f67fe0 attribute=android.view.inputmethod.EditorInfo@b3f67ff8
D/InputEventConsistencyVerifier( 1031): KeyEvent: ACTION_UP but key was not down.
D/InputEventConsistencyVerifier( 1031):   in com.android.internal.policy.impl.PhoneWindow$DecorView@b3e11f28
D/InputEventConsistencyVerifier( 1031):   0: sent at 134744000000, KeyEvent { action=ACTION_UP, keyCode=KEYCODE_DPAD_CENTER, scanCode=0, metaState=0, flags=0x8, repeatCount=0, eventTime=134744, downTime=134744, deviceId=-1, source=0x101 }
D/InputEventConsistencyVerifier( 1031):   -- recent events --
D/InputEventConsistencyVerifier( 1031):   1: sent at 134658000000, (unhandled) MotionEvent { action=ACTION_UP, id[0]=0, x[0]=139.0, y[0]=159.0, toolType[0]=TOOL_TYPE_UNKNOWN, buttonState=0, metaState=0, flags=0x0, edgeFlags=0x0, pointerCount=1, historySize=0, eventTime=134658, downTime=134615, deviceId=0, source=0x1002 }
D/InputEventConsistencyVerifier( 1031):   2: sent at 134615000000, (unhandled) MotionEvent { action=ACTION_DOWN, id[0]=0, x[0]=133.0, y[0]=169.0, toolType[0]=TOOL_TYPE_UNKNOWN, buttonState=0, metaState=0, flags=0x0, edgeFlags=0x0, pointerCount=1, historySize=0, eventTime=134615, downTime=134615, deviceId=0, source=0x1002 }
D/InputEventConsistencyVerifier( 1031):   3: sent at 133969000000, (unhandled) MotionEvent { action=ACTION_UP, id[0]=0, x[0]=144.0, y[0]=609.0, toolType[0]=TOOL_TYPE_UNKNOWN, buttonState=0, metaState=0, flags=0x0, edgeFlags=0x0, pointerCount=1, historySize=0, eventTime=133969, downTime=133884, deviceId=0, source=0x1002 }
D/InputEventConsistencyVerifier( 1031):   4: sent at 133966000000, (unhandled) MotionEvent { action=ACTION_MOVE, id[0]=0, x[0]=143.0, y[0]=606.0, toolType[0]=TOOL_TYPE_UNKNOWN, buttonState=0, metaState=0, flags=0x0, edgeFlags=0x0, pointerCount=1, historySize=3, eventTime=133966, downTime=133884, deviceId=0, source=0x1002 }
D/InputEventConsistencyVerifier( 1031):   5: sent at 133886000000, (unhandled) MotionEvent { action=ACTION_DOWN, id[0]=0, x[0]=114.0, y[0]=587.0, toolType[0]=TOOL_TYPE_UNKNOWN, buttonState=0, metaState=0, flags=0x0, edgeFlags=0x0, pointerCount=1, historySize=0, eventTime=133886, downTime=133884, deviceId=0, source=0x1002 }
I/Choreographer( 1031): Skipped 44 frames!  The application may be doing too much work on its main thread.
E/WVMExtractor(   61): Failed to open libwvm.so
D/InputEventConsistencyVerifier( 1031): KeyEvent: ACTION_UP but key was not down.
D/InputEventConsistencyVerifier( 1031):   in com.android.internal.policy.impl.PhoneWindow$DecorView@b3e11f28
D/InputEventConsistencyVerifier( 1031):   0: sent at 135231000000, KeyEvent { action=ACTION_UP, keyCode=KEYCODE_DPAD_UP, scanCode=0, metaState=0, flags=0x8, repeatCount=0, eventTime=135231, downTime=135231, deviceId=-1, source=0x101 }
D/InputEventConsistencyVerifier( 1031):   -- recent events --
D/InputEventConsistencyVerifier( 1031):   1: sent at 135119000000, (unhandled) KeyEvent { action=ACTION_UP, keyCode=KEYCODE_BREAK, scanCode=0, metaState=0, flags=0x8, repeatCount=0, eventTime=135119, downTime=135119, deviceId=-1, source=0x101 }
D/InputEventConsistencyVerifier( 1031):   2: sent at 134967000000, (unhandled) KeyEvent { action=ACTION_DOWN, keyCode=KEYCODE_BREAK, scanCode=0, metaState=0, flags=0x8, repeatCount=0, eventTime=134967, downTime=134967, deviceId=-1, source=0x101 }
D/InputEventConsistencyVerifier( 1031):   3: sent at 134962000000, (unhandled) MotionEvent { action=ACTION_UP, id[0]=0, x[0]=238.0, y[0]=258.0, toolType[0]=TOOL_TYPE_UNKNOWN, buttonState=0, metaState=0, flags=0x0, edgeFlags=0x0, pointerCount=1, historySize=0, eventTime=134962, downTime=134948, deviceId=0, source=0x1002 }
D/InputEventConsistencyVerifier( 1031):   4: sent at 134948000000, (unhandled) MotionEvent { action=ACTION_DOWN, id[0]=0, x[0]=247.0, y[0]=264.0, toolType[0]=TOOL_TYPE_UNKNOWN, buttonState=0, metaState=0, flags=0x0, edgeFlags=0x0, pointerCount=1, historySize=0, eventTime=134948, downTime=134948, deviceId=0, source=0x1002 }
D/InputEventConsistencyVerifier( 1031):   5: sent at 134940000000, (unhandled) MotionEvent { action=ACTION_UP, id[0]=0, x[0]=107.0, y[0]=780.0, toolType[0]=TOOL_TYPE_UNKNOWN, buttonState=0, metaState=0, flags=0x0, edgeFlags=0x0, pointerCount=1, historySize=0, eventTime=134940, downTime=134934, deviceId=0, source=0x1002 }
I/Choreographer( 1031): Skipped 31 frames!  The application may be doing too much work on its main thread.
I/Choreographer( 1031): Skipped 35 frames!  The application may be doing too much work on its main thread.
E/WVMExtractor(   61): Failed to open libwvm.so
E/WVMExtractor(   61): Failed to open libwvm.so
D/InputEventConsistencyVerifier( 1031): KeyEvent: ACTION_UP but key was not down.
D/InputEventConsistencyVerifier( 1031):   in com.android.internal.policy.impl.PhoneWindow$DecorView@b3e47de0
D/InputEventConsistencyVerifier( 1031):   0: sent at 136130000000, KeyEvent { action=ACTION_UP, keyCode=KEYCODE_DPAD_LEFT, scanCode=0, metaState=0, flags=0x400, repeatCount=0, eventTime=136130, downTime=136130, deviceId=-1, source=0x101 }
D/InputEventConsistencyVerifier( 1031):   -- recent events --
D/InputEventConsistencyVerifier( 1031):   1: sent at 135966000000, (unhandled) MotionEvent { action=ACTION_MOVE, id[0]=0, x[0]=-3.0, y[0]=-1.0, toolType[0]=TOOL_TYPE_UNKNOWN, buttonState=0, metaState=0, flags=0x0, edgeFlags=0x0, pointerCount=1, historySize=9, eventTime=135966, downTime=-1, deviceId=0, source=0x10004 }
D/InputEventConsistencyVerifier( 1031):   2: sent at 135784000000, (unhandled) KeyEvent { action=ACTION_UP, keyCode=KEYCODE_DPAD_CENTER, scanCode=0, metaState=0, flags=0x8, repeatCount=0, eventTime=135784, downTime=135784, deviceId=-1, source=0x101 }
D/InputEventConsistencyVerifier( 1031):   3: sent at 135709000000, (unhandled) KeyEvent { action=ACTION_DOWN, keyCode=KEYCODE_DPAD_CENTER, scanCode=0, metaState=0, flags=0x8, repeatCount=0, eventTime=135709, downTime=135709, deviceId=-1, source=0x101 }
D/InputEventConsistencyVerifier( 1031):   4: sent at 135771000000, (unhandled) KeyEvent { action=ACTION_UP, keyCode=KEYCODE_DPAD_UP, scanCode=0, metaState=0, flags=0x400, repeatCount=0, eventTime=135771, downTime=135771, deviceId=-1, source=0x101 }
D/InputEventConsistencyVerifier( 1031):   5: sent at 135771000000, (unhandled) KeyEvent { action=ACTION_DOWN, keyCode=KEYCODE_DPAD_UP, scanCode=0, metaState=0, flags=0x400, repeatCount=0, eventTime=135771, downTime=135771, deviceId=-1, source=0x101 }
D/InputEventConsistencyVerifier( 1031): TrackballEvent: Trackball is down but pressure is not greater than 0.
D/InputEventConsistencyVerifier( 1031):   in android.view.ViewRootImpl@b3e59658
D/InputEventConsistencyVerifier( 1031):   0: sent at 136538000000, MotionEvent { action=ACTION_DOWN, id[0]=0, x[0]=0.0, y[0]=0.0, toolType[0]=TOOL_TYPE_UNKNOWN, buttonState=0, metaState=0, flags=0x0, edgeFlags=0x0, pointerCount=1, historySize=0, eventTime=136538, downTime=136269, deviceId=0, source=0x10004 }
D/InputEventConsistencyVerifier( 1031):   -- recent events --
D/InputEventConsistencyVerifier( 1031):   1: sent at 136579000000, KeyEvent { action=ACTION_UP, keyCode=KEYCODE_DPAD_LEFT, scanCode=0, metaState=0, flags=0x400, repeatCount=0, eventTime=136579, downTime=136579, deviceId=-1, source=0x101 }
D/InputEventConsistencyVerifier( 1031):   2: sent at 136579000000, KeyEvent { action=ACTION_DOWN, keyCode=KEYCODE_DPAD_LEFT, scanCode=0, metaState=0, flags=0x400, repeatCount=0, eventTime=136579, downTime=136579, deviceId=-1, source=0x101 }
D/InputEventConsistencyVerifier( 1031):   3: sent at 136577000000, KeyEvent { action=ACTION_UP, keyCode=KEYCODE_DPAD_LEFT, scanCode=0, metaState=0, flags=0x400, repeatCount=0, eventTime=136577, downTime=136577, deviceId=-1, source=0x101 }
D/InputEventConsistencyVerifier( 1031):   4: sent at 136577000000, KeyEvent { action=ACTION_DOWN, keyCode=KEYCODE_DPAD_LEFT, scanCode=0, metaState=0, flags=0x400, repeatCount=0, eventTime=136577, downTime=136577, deviceId=-1, source=0x101 }
D/InputEventConsistencyVerifier( 1031):   5: sent at 136536000000, MotionEvent { action=ACTION_MOVE, id[0]=0, x[0]=-2.0, y[0]=0.0, toolType[0]=TOOL_TYPE_UNKNOWN, buttonState=0, metaState=0, flags=0x0, edgeFlags=0x0, pointerCount=1, historySize=19, eventTime=136536, downTime=-1, deviceId=0, source=0x10004 }
I/ActivityManager(  230): START {cmp=com.software.app/.OffertActivity u=0} from pid 1031
W/WindowManager(  230): Failure taking screenshot for (246x410) to layer 21015
D/InputEventConsistencyVerifier( 1031): KeyEvent: ACTION_UP but key was not down.
D/InputEventConsistencyVerifier( 1031):   in com.android.internal.policy.impl.PhoneWindow$DecorView@b3e11f28
D/InputEventConsistencyVerifier( 1031):   0: sent at 135897000000, KeyEvent { action=ACTION_UP, keyCode=KEYCODE_DPAD_DOWN, scanCode=0, metaState=0, flags=0x400, repeatCount=0, eventTime=135897, downTime=135897, deviceId=-1, source=0x101 }
D/InputEventConsistencyVerifier( 1031):   -- recent events --
D/InputEventConsistencyVerifier( 1031):   1: sent at 135677000000, (unhandled) MotionEvent { action=ACTION_MOVE, id[0]=0, x[0]=-2.0, y[0]=3.0, toolType[0]=TOOL_TYPE_UNKNOWN, buttonState=0, metaState=0, flags=0x0, edgeFlags=0x0, pointerCount=1, historySize=7, eventTime=135677, downTime=-1, deviceId=0, source=0x10004 }
D/InputEventConsistencyVerifier( 1031):   2: sent at 135589000000, (unhandled) MotionEvent { action=ACTION_UP, id[0]=0, x[0]=98.0, y[0]=711.0, toolType[0]=TOOL_TYPE_UNKNOWN, buttonState=0, metaState=0, flags=0x0, edgeFlags=0x0, pointerCount=1, historySize=0, eventTime=135589, downTime=135559, deviceId=0, source=0x1002 }
D/InputEventConsistencyVerifier( 1031):   3: sent at 135560000000, (unhandled) MotionEvent { action=ACTION_DOWN, id[0]=0, x[0]=102.0, y[0]=708.0, toolType[0]=TOOL_TYPE_UNKNOWN, buttonState=0, metaState=0, flags=0x0, edgeFlags=0x0, pointerCount=1, historySize=0, eventTime=135560, downTime=135559, deviceId=0, source=0x1002 }
D/InputEventConsistencyVerifier( 1031):   4: sent at 135499000000, (unhandled) KeyEvent { action=ACTION_UP, keyCode=KEYCODE_MENU, scanCode=0, metaState=0, flags=0x8, repeatCount=0, eventTime=135499, downTime=135499, deviceId=-1, source=0x101 }
D/InputEventConsistencyVerifier( 1031):   5: sent at 135448000000, (unhandled) KeyEvent { action=ACTION_DOWN, keyCode=KEYCODE_MENU, scanCode=0, metaState=0, flags=0x8, repeatCount=0, eventTime=135448, downTime=135448, deviceId=-1, source=0x101 }
I/Choreographer( 1031): Skipped 82 frames!  The application may be doing too much work on its main thread.
E/WVMExtractor(   61): Failed to open libwvm.so
E/WVMExtractor(   61): Failed to open libwvm.so
I/Choreographer( 1031): Skipped 31 frames!  The application may be doing too much work on its main thread.
E/WVMExtractor(   61): Failed to open libwvm.so
E/WVMExtractor(   61): Failed to open libwvm.so
V/PhoneStatusBar(  430): setLightsOn(true)
D/InputEventConsistencyVerifier( 1031): KeyEvent: ACTION_UP but key was not down.
D/InputEventConsistencyVerifier( 1031):   in android.view.ViewRootImpl@b3e89b98
D/InputEventConsistencyVerifier( 1031):   0: sent at 136675000000, KeyEvent { action=ACTION_UP, keyCode=KEYCODE_DPAD_RIGHT, scanCode=0, metaState=0, flags=0x8, repeatCount=0, eventTime=136675, downTime=136675, deviceId=-1, source=0x101 }
W/dalvikvm(  430): DroidBox: { "FdAccess": { "path": "2f70726f632f6d656d696e666f", "id": "886988445" } }
W/DroidBox(  430): DroidBox: { "FileRW": { "operation": "read", "data": "4d656d546f74616c3a202020202020202020373438393634206b420a4d656d467265653a20202020202020202020343438313336206b420a427566666572733a20202020202020202020202035333936206b420a4361636865643a202020202020202020", "id": "886988445" } }
I/Choreographer( 1031): Skipped 180 frames!  The application may be doing too much work on its main thread.
W/dalvikvm(  430): DroidBox: { "FdAccess": { "path": "2f70726f632f6d656d696e666f", "id": "1806825210" } }
W/DroidBox(  430): DroidBox: { "FileRW": { "operation": "read", "data": "4d656d546f74616c3a202020202020202020373438393634206b420a4d656d467265653a20202020202020202020343436353234206b420a427566666572733a20202020202020202020202035333936206b420a4361636865643a202020202020202020", "id": "1806825210" } }
I/Choreographer(  430): Skipped 32 frames!  The application may be doing too much work on its main thread.
D/InputEventConsistencyVerifier(  430): KeyEvent: ACTION_UP but key was not down.
D/InputEventConsistencyVerifier(  430):   in android.widget.FrameLayout@b3e54e98
D/InputEventConsistencyVerifier(  430):   0: sent at 138433000000, KeyEvent { action=ACTION_UP, keyCode=KEYCODE_DPAD_DOWN, scanCode=0, metaState=0, flags=0x8, repeatCount=0, eventTime=138433, downTime=138433, deviceId=-1, source=0x101 }
I/ActivityManager(  230): Displayed com.software.app/.OffertActivity: +1s753ms
I/ARMAssembler(   58): generated scanline__00000077:03010104_00008002_00000000 [ 89 ipp] (110 ins) at [0xb5c4c710:0xb5c4c8c8] in 0 ns
I/Choreographer( 1031): Skipped 145 frames!  The application may be doing too much work on its main thread.
W/dalvikvm(  430): DroidBox: { "FdAccess": { "path": "2f70726f632f6d656d696e666f", "id": "535850040" } }
W/DroidBox(  430): DroidBox: { "FileRW": { "operation": "read", "data": "4d656d546f74616c3a202020202020202020373438393634206b420a4d656d467265653a20202020202020202020343437373536206b420a427566666572733a20202020202020202020202035343132206b420a4361636865643a202020202020202020", "id": "535850040" } }
I/Choreographer(  430): Skipped 392 frames!  The application may be doing too much work on its main thread.
D/InputEventConsistencyVerifier(  430): KeyEvent: ACTION_UP but key was not down.
D/InputEventConsistencyVerifier(  430):   in com.android.systemui.statusbar.phone.StatusBarWindowView@b3e35348
D/InputEventConsistencyVerifier(  430):   0: sent at 139845000000, KeyEvent { action=ACTION_UP, keyCode=KEYCODE_DPAD_UP, scanCode=0, metaState=0, flags=0x8, repeatCount=0, eventTime=139845, downTime=139845, deviceId=-1, source=0x101 }
D/InputEventConsistencyVerifier(  430):   -- recent events --
D/InputEventConsistencyVerifier(  430):   1: sent at 139772000000, (unhandled) KeyEvent { action=ACTION_UP, keyCode=KEYCODE_CAMERA, scanCode=0, metaState=0, flags=0x8, repeatCount=0, eventTime=139772, downTime=139772, deviceId=-1, source=0x101 }
D/InputEventConsistencyVerifier(  430):   2: sent at 139709000000, (unhandled) KeyEvent { action=ACTION_DOWN, keyCode=KEYCODE_CAMERA, scanCode=0, metaState=0, flags=0x8, repeatCount=0, eventTime=139709, downTime=139709, deviceId=-1, source=0x101 }
D/InputEventConsistencyVerifier(  430):   3: sent at 139703000000, MotionEvent { action=ACTION_UP, id[0]=0, x[0]=249.0, y[0]=401.0, toolType[0]=TOOL_TYPE_UNKNOWN, buttonState=0, metaState=0, flags=0x0, edgeFlags=0x0, pointerCount=1, historySize=0, eventTime=139703, downTime=139692, deviceId=0, source=0x1002 }
D/InputEventConsistencyVerifier(  430):   4: sent at 139692000000, MotionEvent { action=ACTION_DOWN, id[0]=0, x[0]=252.0, y[0]=407.0, toolType[0]=TOOL_TYPE_UNKNOWN, buttonState=0, metaState=0, flags=0x0, edgeFlags=0x0, pointerCount=1, historySize=0, eventTime=139692, downTime=139692, deviceId=0, source=0x1002 }
D/InputEventConsistencyVerifier(  430):   5: sent at 139667000000, (unhandled) KeyEvent { action=ACTION_UP, keyCode=KEYCODE_DPAD_LEFT, scanCode=0, metaState=0, flags=0x8, repeatCount=0, eventTime=139667, downTime=139667, deviceId=-1, source=0x101 }
I/Choreographer( 1031): Skipped 82 frames!  The application may be doing too much work on its main thread.
