D/InputEventConsistencyVerifier(  418):   1: sent at 137286000000, MotionEvent { action=ACTION_UP, id[0]=0, x[0]=20.0, y[0]=41.0, toolType[0]=TOOL_TYPE_UNKNOWN, buttonState=0, metaState=0, flags=0x0, edgeFlags=0x0, pointerCount=1, historySize=0, eventTime=137286, downTime=137279, deviceId=0, source=0x1002 }
D/InputEventConsistencyVerifier(  418):   2: sent at 137279000000, MotionEvent { action=ACTION_DOWN, id[0]=0, x[0]=29.0, y[0]=40.0, toolType[0]=TOOL_TYPE_UNKNOWN, buttonState=0, metaState=0, flags=0x0, edgeFlags=0x0, pointerCount=1, historySize=0, eventTime=137279, downTime=137279, deviceId=0, source=0x1002 }
D/InputEventConsistencyVerifier(  418):   3: sent at 137270000000, MotionEvent { action=ACTION_UP, id[0]=0, x[0]=467.0, y[0]=508.0, toolType[0]=TOOL_TYPE_UNKNOWN, buttonState=0, metaState=0, flags=0x0, edgeFlags=0x0, pointerCount=1, historySize=0, eventTime=137270, downTime=137173, deviceId=0, source=0x1002 }
D/InputEventConsistencyVerifier(  418):   4: sent at 137218000000, MotionEvent { action=ACTION_DOWN, id[0]=0, x[0]=455.0, y[0]=512.0, toolType[0]=TOOL_TYPE_UNKNOWN, buttonState=0, metaState=0, flags=0x0, edgeFlags=0x0, pointerCount=1, historySize=0, eventTime=137218, downTime=137173, deviceId=0, source=0x1002 }
D/InputEventConsistencyVerifier(  418):   5: sent at 137135000000, MotionEvent { action=ACTION_UP, id[0]=0, x[0]=362.0, y[0]=329.0, toolType[0]=TOOL_TYPE_UNKNOWN, buttonState=0, metaState=0, flags=0x0, edgeFlags=0x0, pointerCount=1, historySize=0, eventTime=137135, downTime=137066, deviceId=0, source=0x1002 }
W/dalvikvm( 1020): DroidBox: { "FdAccess": { "path": "2f646174612f646174612f636f6d2e616e64726f69642e6d7573696366782f7368617265645f70726566732f6d7573696366782e786d6c", "id": "1388075971" } }
W/DroidBox( 1020): DroidBox: { "FileRW": { "operation": "write", "data": "3c3f786d6c2076657273696f6e3d27312e302720656e636f64696e673d277574662d3827207374616e64616c6f6e653d2779657327203f3e0a3c6d61703e0a3c737472696e67206e616d653d2264656661756c7470616e656c7061636b616765223e636f", "id": "1388075971" } }
D/InputEventConsistencyVerifier(  418): KeyEvent: ACTION_UP but key was not down.
D/InputEventConsistencyVerifier(  418):   in android.widget.FrameLayout@b3e6d3c8
D/InputEventConsistencyVerifier(  418):   0: sent at 137499000000, KeyEvent { action=ACTION_UP, keyCode=KEYCODE_DPAD_DOWN, scanCode=0, metaState=0, flags=0x8, repeatCount=0, eventTime=137499, downTime=137499, deviceId=-1, source=0x101 }
D/InputEventConsistencyVerifier(  418):   -- recent events --
D/InputEventConsistencyVerifier(  418):   1: sent at 137286000000, MotionEvent { action=ACTION_UP, id[0]=0, x[0]=20.0, y[0]=41.0, toolType[0]=TOOL_TYPE_UNKNOWN, buttonState=0, metaState=0, flags=0x0, edgeFlags=0x0, pointerCount=1, historySize=0, eventTime=137286, downTime=137279, deviceId=0, source=0x1002 }
D/InputEventConsistencyVerifier(  418):   2: sent at 137279000000, MotionEvent { action=ACTION_DOWN, id[0]=0, x[0]=29.0, y[0]=40.0, toolType[0]=TOOL_TYPE_UNKNOWN, buttonState=0, metaState=0, flags=0x0, edgeFlags=0x0, pointerCount=1, historySize=0, eventTime=137279, downTime=137279, deviceId=0, source=0x1002 }
D/InputEventConsistencyVerifier(  418):   3: sent at 137270000000, MotionEvent { action=ACTION_UP, id[0]=0, x[0]=467.0, y[0]=508.0, toolType[0]=TOOL_TYPE_UNKNOWN, buttonState=0, metaState=0, flags=0x0, edgeFlags=0x0, pointerCount=1, historySize=0, eventTime=137270, downTime=137173, deviceId=0, source=0x1002 }
D/InputEventConsistencyVerifier(  418):   4: sent at 137218000000, MotionEvent { action=ACTION_DOWN, id[0]=0, x[0]=455.0, y[0]=512.0, toolType[0]=TOOL_TYPE_UNKNOWN, buttonState=0, metaState=0, flags=0x0, edgeFlags=0x0, pointerCount=1, historySize=0, eventTime=137218, downTime=137173, deviceId=0, source=0x1002 }
D/InputEventConsistencyVerifier(  418):   5: sent at 137135000000, MotionEvent { action=ACTION_UP, id[0]=0, x[0]=362.0, y[0]=329.0, toolType[0]=TOOL_TYPE_UNKNOWN, buttonState=0, metaState=0, flags=0x0, edgeFlags=0x0, pointerCount=1, historySize=0, eventTime=137135, downTime=137066, deviceId=0, source=0x1002 }
I/ActivityManager(  225): No longer want com.android.provision (pid 555): hidden #16
D/InputEventConsistencyVerifier(  418): KeyEvent: ACTION_UP but key was not down.
D/InputEventConsistencyVerifier(  418):   in com.android.systemui.statusbar.phone.PhoneStatusBarView@b3e9f2e0
D/InputEventConsistencyVerifier(  418):   0: sent at 137625000000, KeyEvent { action=ACTION_UP, keyCode=KEYCODE_DPAD_UP, scanCode=0, metaState=0, flags=0x8, repeatCount=0, eventTime=137625, downTime=137625, deviceId=-1, source=0x101 }
D/InputEventConsistencyVerifier(  418):   -- recent events --
D/InputEventConsistencyVerifier(  418):   1: sent at 137485000000, (unhandled) KeyEvent { action=ACTION_DOWN, keyCode=KEYCODE_DPAD_DOWN, scanCode=0, metaState=0, flags=0x8, repeatCount=0, eventTime=137485, downTime=137485, deviceId=-1, source=0x101 }
D/InputEventConsistencyVerifier(  418):   2: sent at 137480000000, (unhandled) KeyEvent { action=ACTION_UP, keyCode=KEYCODE_DPAD_CENTER, scanCode=0, metaState=0, flags=0x8, repeatCount=0, eventTime=137480, downTime=137480, deviceId=-1, source=0x101 }
D/InputEventConsistencyVerifier(  418):   3: sent at 137476000000, (unhandled) KeyEvent { action=ACTION_DOWN, keyCode=KEYCODE_DPAD_CENTER, scanCode=0, metaState=0, flags=0x8, repeatCount=0, eventTime=137476, downTime=137476, deviceId=-1, source=0x101 }
D/InputEventConsistencyVerifier(  418):   4: sent at 137471000000, (unhandled) KeyEvent { action=ACTION_UP, keyCode=KEYCODE_MENU, scanCode=0, metaState=0, flags=0x8, repeatCount=0, eventTime=137471, downTime=137471, deviceId=-1, source=0x101 }
D/InputEventConsistencyVerifier(  418):   5: sent at 137369000000, (unhandled) KeyEvent { action=ACTION_DOWN, keyCode=KEYCODE_MENU, scanCode=0, metaState=0, flags=0x8, repeatCount=0, eventTime=137369, downTime=137369, deviceId=-1, source=0x101 }
D/InputEventConsistencyVerifier(  418): KeyEvent: ACTION_UP but key was not down.
D/InputEventConsistencyVerifier(  418):   in com.android.systemui.statusbar.phone.StatusBarWindowView@b3e9d348
D/InputEventConsistencyVerifier(  418):   0: sent at 137815000000, KeyEvent { action=ACTION_UP, keyCode=KEYCODE_DPAD_RIGHT, scanCode=0, metaState=0, flags=0x8, repeatCount=0, eventTime=137815, downTime=137815, deviceId=-1, source=0x101 }
D/InputEventConsistencyVerifier(  418):   -- recent events --
D/InputEventConsistencyVerifier(  418):   1: sent at 137806000000, (unhandled) KeyEvent { action=ACTION_UP, keyCode=KEYCODE_MENU, scanCode=0, metaState=0, flags=0x8, repeatCount=0, eventTime=137806, downTime=137806, deviceId=-1, source=0x101 }
D/InputEventConsistencyVerifier(  418):   2: sent at 137754000000, (unhandled) KeyEvent { action=ACTION_DOWN, keyCode=KEYCODE_MENU, scanCode=0, metaState=0, flags=0x8, repeatCount=0, eventTime=137754, downTime=137754, deviceId=-1, source=0x101 }
D/InputEventConsistencyVerifier(  418):   3: sent at 137745000000, MotionEvent { action=ACTION_UP, id[0]=0, x[0]=61.0, y[0]=710.0, toolType[0]=TOOL_TYPE_UNKNOWN, buttonState=0, metaState=0, flags=0x0, edgeFlags=0x0, pointerCount=1, historySize=0, eventTime=137745, downTime=137733, deviceId=0, source=0x1002 }
D/InputEventConsistencyVerifier(  418):   4: sent at 137733000000, MotionEvent { action=ACTION_DOWN, id[0]=0, x[0]=48.0, y[0]=718.0, toolType[0]=TOOL_TYPE_UNKNOWN, buttonState=0, metaState=0, flags=0x0, edgeFlags=0x0, pointerCount=1, historySize=0, eventTime=137733, downTime=137733, deviceId=0, source=0x1002 }
D/InputEventConsistencyVerifier(  418):   5: sent at 137720000000, MotionEvent { action=ACTION_UP, id[0]=0, x[0]=49.0, y[0]=74.0, toolType[0]=TOOL_TYPE_UNKNOWN, buttonState=0, metaState=0, flags=0x0, edgeFlags=0x0, pointerCount=1, historySize=0, eventTime=137720, downTime=137714, deviceId=0, source=0x1002 }
D/InputEventConsistencyVerifier(  418): KeyEvent: ACTION_UP but key was not down.
D/InputEventConsistencyVerifier(  418):   in com.android.systemui.statusbar.phone.StatusBarWindowView@b3e9d348
D/InputEventConsistencyVerifier(  418):   0: sent at 137937000000, KeyEvent { action=ACTION_UP, keyCode=KEYCODE_DPAD_DOWN, scanCode=0, metaState=0, flags=0x8, repeatCount=0, eventTime=137937, downTime=137937, deviceId=-1, source=0x101 }
D/InputEventConsistencyVerifier(  418):   -- recent events --
D/InputEventConsistencyVerifier(  418):   1: sent at 137887000000, MotionEvent { action=ACTION_UP, id[0]=0, x[0]=170.0, y[0]=703.0, toolType[0]=TOOL_TYPE_UNKNOWN, buttonState=0, metaState=0, flags=0x0, edgeFlags=0x0, pointerCount=1, historySize=0, eventTime=137887, downTime=137837, deviceId=0, source=0x1002 }
D/InputEventConsistencyVerifier(  418):   2: sent at 137885000000, MotionEvent { action=ACTION_MOVE, id[0]=0, x[0]=177.0, y[0]=704.0, toolType[0]=TOOL_TYPE_UNKNOWN, buttonState=0, metaState=0, flags=0x0, edgeFlags=0x0, pointerCount=1, historySize=5, eventTime=137885, downTime=137837, deviceId=0, source=0x1002 }
D/InputEventConsistencyVerifier(  418):   3: sent at 137839000000, MotionEvent { action=ACTION_DOWN, id[0]=0, x[0]=194.0, y[0]=707.0, toolType[0]=TOOL_TYPE_UNKNOWN, buttonState=0, metaState=0, flags=0x0, edgeFlags=0x0, pointerCount=1, historySize=0, eventTime=137839, downTime=137837, deviceId=0, source=0x1002 }
D/InputEventConsistencyVerifier(  418):   4: sent at 137828000000, (unhandled) KeyEvent { action=ACTION_UP, keyCode=KEYCODE_DPAD_CENTER, scanCode=0, metaState=0, flags=0x8, repeatCount=0, eventTime=137828, downTime=137828, deviceId=-1, source=0x101 }
D/InputEventConsistencyVerifier(  418):   5: sent at 137819000000, (unhandled) KeyEvent { action=ACTION_DOWN, keyCode=KEYCODE_DPAD_CENTER, scanCode=0, metaState=0, flags=0x8, repeatCount=0, eventTime=137819, downTime=137819, deviceId=-1, source=0x101 }
D/InputEventConsistencyVerifier(  418): KeyEvent: ACTION_UP but key was not down.
D/InputEventConsistencyVerifier(  418):   in com.android.systemui.statusbar.phone.StatusBarWindowView@b3e9d348
D/InputEventConsistencyVerifier(  418):   0: sent at 138102000000, KeyEvent { action=ACTION_UP, keyCode=KEYCODE_DPAD_RIGHT, scanCode=0, metaState=0, flags=0x400, repeatCount=0, eventTime=138102, downTime=138102, deviceId=-1, source=0x101 }
D/InputEventConsistencyVerifier(  418):   -- recent events --
D/InputEventConsistencyVerifier(  418):   1: sent at 138000000000, (unhandled) MotionEvent { action=ACTION_MOVE, id[0]=0, x[0]=3.0, y[0]=0.0, toolType[0]=TOOL_TYPE_UNKNOWN, buttonState=0, metaState=0, flags=0x0, edgeFlags=0x0, pointerCount=1, historySize=9, eventTime=138000, downTime=-1, deviceId=0, source=0x10004 }
D/InputEventConsistencyVerifier(  418):   2: sent at 138071000000, MotionEvent { action=ACTION_UP, id[0]=0, x[0]=134.0, y[0]=130.0, toolType[0]=TOOL_TYPE_UNKNOWN, buttonState=0, metaState=0, flags=0x0, edgeFlags=0x0, pointerCount=1, historySize=0, eventTime=138071, downTime=138016, deviceId=0, source=0x1002 }
D/InputEventConsistencyVerifier(  418):   3: sent at 138016000000, MotionEvent { action=ACTION_DOWN, id[0]=0, x[0]=132.0, y[0]=148.0, toolType[0]=TOOL_TYPE_UNKNOWN, buttonState=0, metaState=0, flags=0x0, edgeFlags=0x0, pointerCount=1, historySize=0, eventTime=138016, downTime=138016, deviceId=0, source=0x1002 }
D/InputEventConsistencyVerifier(  418):   4: sent at 138009000000, MotionEvent { action=ACTION_UP, id[0]=0, x[0]=218.0, y[0]=606.0, toolType[0]=TOOL_TYPE_UNKNOWN, buttonState=0, metaState=0, flags=0x0, edgeFlags=0x0, pointerCount=1, historySize=0, eventTime=138009, downTime=138004, deviceId=0, source=0x1002 }
D/InputEventConsistencyVerifier(  418):   5: sent at 138004000000, MotionEvent { action=ACTION_DOWN, id[0]=0, x[0]=208.0, y[0]=606.0, toolType[0]=TOOL_TYPE_UNKNOWN, buttonState=0, metaState=0, flags=0x0, edgeFlags=0x0, pointerCount=1, historySize=0, eventTime=138004, downTime=138004, deviceId=0, source=0x1002 }
E/WVMExtractor(   62): Failed to open libwvm.so
I/Choreographer(  418): Skipped 31 frames!  The application may be doing too much work on its main thread.
I/ActivityManager(  225): START {act=android.intent.action.CALL_BUTTON flg=0x10000000 cmp=com.android.contacts/.activities.DialtactsActivity u=0} from pid 418
W/dalvikvm(  418): DroidBox: { "FdAccess": { "path": "2f70726f632f6d656d696e666f", "id": "995700177" } }
W/DroidBox(  418): DroidBox: { "FileRW": { "operation": "read", "data": "4d656d546f74616c3a202020202020202020373438393634206b420a4d656d467265653a20202020202020202020343531393830206b420a427566666572733a20202020202020202020202035303630206b420a4361636865643a202020202020202020", "id": "995700177" } }
I/Choreographer(  418): Skipped 40 frames!  The application may be doing too much work on its main thread.
W/dalvikvm(  418): DroidBox: { "FdAccess": { "path": "2f70726f632f6d656d696e666f", "id": "1518387970" } }
W/DroidBox(  418): DroidBox: { "FileRW": { "operation": "read", "data": "4d656d546f74616c3a202020202020202020373438393634206b420a4d656d467265653a20202020202020202020343531383430206b420a427566666572733a20202020202020202020202035303630206b420a4361636865643a202020202020202020", "id": "1518387970" } }
V/PhoneStatusBar(  418): setLightsOn(true)
D/PhoneStatusBar(  418): disable: < expand icons alerts ticker* system_info back home recent clock >
I/ActivityManager(  225): Start proc com.android.music for broadcast com.android.music/.MediaButtonIntentReceiver: pid=1102 uid=10024 gids={3003, 1015, 1028}
W/InputMethodManagerService(  225): Window already focused, ignoring focus gain of: com.android.internal.view.IInputMethodClient$Stub$Proxy@b3f08ce8 attribute=null
E/Trace   ( 1102): error opening trace file: No such file or directory (2)
W/DroidBox( 1102): DroidBox: { "DexClassLoader": { "path": "/system/app/Music.apk" } }
I/ContactsDatabaseHelper(  567): Locale change completed in 25860ms
W/DroidBox( 1102): DroidBox: { "ServiceStart": { "name": "com.android.music.MediaPlaybackService" } }
I/Choreographer(  476): Skipped 216 frames!  The application may be doing too much work on its main thread.
W/DroidBox( 1102): DroidBox: { "ServiceStart": { "name": "com.android.music.MediaPlaybackService" } }
W/dalvikvm(  225): DroidBox: { "FdAccess": { "path": "2f70726f632f313130322f636d646c696e65", "id": "632689956" } }
W/DroidBox(  225): DroidBox: { "FileRW": { "operation": "read", "data": "636f6d2e616e64726f69642e6d757369630000000000000000000000000000000000000000000000000000000000000000000000000000000000000000000000000000000000000000000000000000000000000000000000000000000000000000000000", "id": "632689956" } }
I/Choreographer(  476): Skipped 84 frames!  The application may be doing too much work on its main thread.
I/Choreographer(  476): Skipped 31 frames!  The application may be doing too much work on its main thread.
W/dalvikvm(  567): DroidBox: { "FdAccess": { "path": "2f646174612f646174612f636f6d2e616e64726f69642e70726f7669646572732e636f6e74616374732f7368617265645f70726566732f636f6d2e616e64726f69642e70726f7669646572732e636f6e74616374735f707265666572656e6365732e786d6c", "id": "1058199751" } }
W/DroidBox(  567): DroidBox: { "FileRW": { "operation": "write", "data": "3c3f786d6c2076657273696f6e3d27312e302720656e636f64696e673d277574662d3827207374616e64616c6f6e653d2779657327203f3e0a3c6d61703e0a3c737472696e67206e616d653d226c6f63616c65223e656e5f55533c2f737472696e673e0a", "id": "1058199751" } }
I/ContactsProvider(  567): Upgrading aggregation algorithm
I/ContactAggregator(  567): Marked all visible contacts for aggregation: 0 raw contacts, 42 ms
I/ContactsProvider(  567): Aggregation algorithm upgraded for 0 raw contacts in 214ms
I/AudioService(  225):   Remote Control   registerMediaButtonIntent() for PendingIntent{b42fb150: PendingIntentRecord{b423ab58 com.android.music broadcastIntent}}
I/Choreographer(  991): Skipped 30 frames!  The application may be doing too much work on its main thread.
I/ContactsFTS(  567): Rebuild contact search index in 81ms, 0 contacts
E/WVMExtractor(   62): Failed to open libwvm.so
I/Choreographer(  476): Skipped 101 frames!  The application may be doing too much work on its main thread.
I/ActivityManager(  225): START {act=android.intent.action.CALL_BUTTON flg=0x10000000 cmp=com.android.contacts/.activities.DialtactsActivity u=0} from pid 991
I/Choreographer(  476): Skipped 87 frames!  The application may be doing too much work on its main thread.
E/WVMExtractor(   62): Failed to open libwvm.so
W/dalvikvm( 1102): DroidBox: { "FdAccess": { "path": "2f646174612f646174612f636f6d2e616e64726f69642e6d757369632f7368617265645f70726566732f4d757369632e786d6c", "id": "952601290" } }
W/DroidBox( 1102): DroidBox: { "FileRW": { "operation": "write", "data": "3c3f786d6c2076657273696f6e3d27312e302720656e636f64696e673d277574662d3827207374616e64616c6f6e653d2779657327203f3e0a3c6d61703e0a3c737472696e67206e616d653d227175657565223e3c2f737472696e673e0a3c696e74206e", "id": "952601290" } }
E/WVMExtractor(   62): Failed to open libwvm.so
E/WVMExtractor(   62): Failed to open libwvm.so
W/BackupManagerService(  225): dataChanged but no participant pkg='com.android.providers.settings' uid=10011
E/WVMExtractor(   62): Failed to open libwvm.so
I/InputAttributes(  476): InputType.TYPE_NULL is specified
D/InputEventConsistencyVerifier(  991): KeyEvent: ACTION_UP but key was not down.
D/InputEventConsistencyVerifier(  991):   in android.widget.LinearLayout@b3f8e4b0
D/InputEventConsistencyVerifier(  991):   0: sent at 142738000000, KeyEvent { action=ACTION_UP, keyCode=KEYCODE_DPAD_RIGHT, scanCode=0, metaState=0, flags=0x400, repeatCount=0, eventTime=142738, downTime=142738, deviceId=-1, source=0x101 }
I/Choreographer(  476): Skipped 136 frames!  The application may be doing too much work on its main thread.
E/MetadataRetrieverClient(   62): failed to extract an album art
D/InputEventConsistencyVerifier(  991): KeyEvent: ACTION_UP but key was not down.
D/InputEventConsistencyVerifier(  991):   in com.android.internal.policy.impl.PhoneWindow$DecorView@b4005fe0
D/InputEventConsistencyVerifier(  991):   0: sent at 142739000000, KeyEvent { action=ACTION_UP, keyCode=KEYCODE_DPAD_RIGHT, scanCode=0, metaState=0, flags=0x400, repeatCount=0, eventTime=142739, downTime=142739, deviceId=-1, source=0x101 }
D/InputEventConsistencyVerifier(  991):   -- recent events --
D/InputEventConsistencyVerifier(  991):   1: sent at 142738000000, (unhandled) KeyEvent { action=ACTION_UP, keyCode=KEYCODE_DPAD_RIGHT, scanCode=0, metaState=0, flags=0x400, repeatCount=0, eventTime=142738, downTime=142738, deviceId=-1, source=0x101 }
D/InputEventConsistencyVerifier(  991):   2: sent at 142738000000, (unhandled) KeyEvent { action=ACTION_DOWN, keyCode=KEYCODE_DPAD_RIGHT, scanCode=0, metaState=0, flags=0x400, repeatCount=0, eventTime=142738, downTime=142738, deviceId=-1, source=0x101 }
D/InputEventConsistencyVerifier(  991):   3: sent at 142737000000, (unhandled) KeyEvent { action=ACTION_MULTIPLE, keyCode=KEYCODE_DPAD_RIGHT, scanCode=0, metaState=0, flags=0x400, repeatCount=2, eventTime=142737, downTime=142737, deviceId=-1, source=0x101 }
D/InputEventConsistencyVerifier(  991):   4: sent at 142733000000, (unhandled) KeyEvent { action=ACTION_UP, keyCode=KEYCODE_DPAD_UP, scanCode=0, metaState=0, flags=0x400, repeatCount=0, eventTime=142733, downTime=142733, deviceId=-1, source=0x101 }
D/InputEventConsistencyVerifier(  991):   5: sent at 142733000000, (unhandled) KeyEvent { action=ACTION_DOWN, keyCode=KEYCODE_DPAD_UP, scanCode=0, metaState=0, flags=0x400, repeatCount=0, eventTime=142733, downTime=142733, deviceId=-1, source=0x101 }
I/Choreographer(  476): Skipped 73 frames!  The application may be doing too much work on its main thread.
E/WVMExtractor(   62): Failed to open libwvm.so
W/dalvikvm(  225): DroidBox: { "FdAccess": { "path": "2f70726f632f3232352f6e65742f78745f717461677569642f69666163655f737461745f616c6c", "id": "258362080" } }
D/InputEventConsistencyVerifier(  991): KeyEvent: ACTION_UP but key was not down.
D/InputEventConsistencyVerifier(  991):   in android.widget.LinearLayout@b3f8e4b0
D/InputEventConsistencyVerifier(  991):   0: sent at 142740000000, KeyEvent { action=ACTION_UP, keyCode=KEYCODE_DPAD_RIGHT, scanCode=0, metaState=0, flags=0x400, repeatCount=0, eventTime=142740, downTime=142740, deviceId=-1, source=0x101 }
D/InputEventConsistencyVerifier(  991):   -- recent events --
D/InputEventConsistencyVerifier(  991):   1: sent at 142738000000, (unhandled) KeyEvent { action=ACTION_UP, keyCode=KEYCODE_DPAD_RIGHT, scanCode=0, metaState=0, flags=0x80000400, repeatCount=0, eventTime=142738, downTime=142738, deviceId=-1, source=0x101 }
W/DroidBox(  225): DroidBox: { "FileRW": { "operation": "read", "data": "65746830203120302030203020302031393532343820313633362032373738393820313339340a6c6f20312030203020302030203234323420333720323432342033370a0000000000000000000000000000000000000000000000000000000000000000", "id": "258362080" } }
I/InputAttributes(  476): InputType.TYPE_NULL is specified
W/dalvikvm(  225): DroidBox: { "FdAccess": { "path": "2f70726f632f3232352f6e65742f78745f717461677569642f69666163655f737461745f616c6c", "id": "552342062" } }
W/DroidBox(  225): DroidBox: { "FileRW": { "operation": "read", "data": "33370a342033370a33370a342033370a370a370a370a370a370a33370a342033370a3432342033370a342033370a3432342033370a370a370a370a370a370a342033370a0000000000000000000000000000000000000000000000000000000000000000", "id": "552342062" } }
W/ThrottleService(  225): unable to find stats for iface rmnet0
E/ThrottleService(  225): Error reading data file
I/Choreographer(  476): Skipped 86 frames!  The application may be doing too much work on its main thread.
I/InputDispatcher(  225): Window 'Window{b419a378 com.soft.android.appinstaller/com.soft.android.appinstaller.FinishActivity paused=false}' spent 3206.4ms processing the last input event: KeyEvent(action=0, deviceId=-1, source=0x00000101)
I/InputAttributes(  476): InputType.TYPE_NULL is specified
D/InputEventConsistencyVerifier(  991): KeyEvent: ACTION_UP but key was not down.
D/InputEventConsistencyVerifier(  991):   in android.widget.Button@b3f8eb50
D/InputEventConsistencyVerifier(  991):   0: sent at 146006000000, KeyEvent { action=ACTION_UP, keyCode=KEYCODE_DPAD_LEFT, scanCode=0, metaState=0, flags=0x8, repeatCount=0, eventTime=146006, downTime=146006, deviceId=-1, source=0x101 }
I/Choreographer(  476): Skipped 63 frames!  The application may be doing too much work on its main thread.
E/WVMExtractor(   62): Failed to open libwvm.so
W/dalvikvm(  418): DroidBox: { "FdAccess": { "path": "2f70726f632f6d656d696e666f", "id": "486253134" } }
W/DroidBox(  418): DroidBox: { "FileRW": { "operation": "read", "data": "4d656d546f74616c3a202020202020202020373438393634206b420a4d656d467265653a20202020202020202020343439343034206b420a427566666572733a20202020202020202020202035343038206b420a4361636865643a202020202020202020", "id": "486253134" } }
I/Choreographer(  418): Skipped 31 frames!  The application may be doing too much work on its main thread.
D/InputEventConsistencyVerifier(  418): KeyEvent: ACTION_UP but key was not down.
D/InputEventConsistencyVerifier(  418):   in com.android.systemui.statusbar.phone.StatusBarWindowView@b3e9d348
D/InputEventConsistencyVerifier(  418):   0: sent at 146933000000, KeyEvent { action=ACTION_UP, keyCode=KEYCODE_DPAD_LEFT, scanCode=0, metaState=0, flags=0x8, repeatCount=0, eventTime=146933, downTime=146933, deviceId=-1, source=0x101 }
D/InputEventConsistencyVerifier(  418):   -- recent events --
D/InputEventConsistencyVerifier(  418):   1: sent at 146688000000, MotionEvent { action=ACTION_UP, id[0]=0, x[0]=376.0, y[0]=48.0, toolType[0]=TOOL_TYPE_UNKNOWN, buttonState=0, metaState=0, flags=0x0, edgeFlags=0x0, pointerCount=1, historySize=0, eventTime=146688, downTime=146639, deviceId=0, source=0x1002 }
D/InputEventConsistencyVerifier(  418):   2: sent at 146685000000, MotionEvent { action=ACTION_POINTER_UP(1), id[0]=0, x[0]=358.0, y[0]=39.0, toolType[0]=TOOL_TYPE_UNKNOWN, id[1]=1, x[1]=456.0, y[1]=43.0, toolType[1]=TOOL_TYPE_UNKNOWN, buttonState=0, metaState=0, flags=0x0, edgeFlags=0x0, pointerCount=2, historySize=0, eventTime=146685, downTime=146639, deviceId=0, source=0x1002 }
D/InputEventConsistencyVerifier(  418):   3: sent at 146681000000, MotionEvent { action=ACTION_MOVE, id[0]=0, x[0]=346.0, y[0]=38.0, toolType[0]=TOOL_TYPE_UNKNOWN, id[1]=1, x[1]=451.0, y[1]=45.0, toolType[1]=TOOL_TYPE_UNKNOWN, buttonState=0, metaState=0, flags=0x0, edgeFlags=0x0, pointerCount=2, historySize=0, eventTime=146681, downTime=146639, deviceId=0, source=0x1002 }
D/InputEventConsistencyVerifier(  418):   4: sent at 146675000000, MotionEvent { action=ACTION_POINTER_DOWN(1), id[0]=0, x[0]=344.0, y[0]=31.0, toolType[0]=TOOL_TYPE_UNKNOWN, id[1]=1, x[1]=437.0, y[1]=46.0, toolType[1]=TOOL_TYPE_UNKNOWN, buttonState=0, metaState=0, flags=0x0, edgeFlags=0x0, pointerCount=2, historySize=0, eventTime=146675, downTime=146639, deviceId=0, source=0x1002 }
D/InputEventConsistencyVerifier(  418):   5: sent at 146668000000, MotionEvent { action=ACTION_DOWN, id[0]=0, x[0]=335.0, y[0]=23.0, toolType[0]=TOOL_TYPE_UNKNOWN, buttonState=0, metaState=0, flags=0x0, edgeFlags=0x0, pointerCount=1, historySize=0, eventTime=146668, downTime=146639, deviceId=0, source=0x1002 }
I/InputReader(  225): Reconfiguring input devices.  changes=0x00000010
I/Choreographer(  225): Skipped 33 frames!  The application may be doing too much work on its main thread.
D/PackageManager(  225): generateServicesMap(android.accounts.AccountAuthenticator): 2 services unchanged
D/PackageManager(  225): generateServicesMap(android.content.SyncAdapter): 4 services unchanged
W/dalvikvm(  418): DroidBox: { "FdAccess": { "path": "2f70726f632f6d656d696e666f", "id": "77399778" } }
W/DroidBox(  418): DroidBox: { "FileRW": { "operation": "read", "data": "4d656d546f74616c3a202020202020202020373438393634206b420a4d656d467265653a20202020202020202020343439313536206b420a427566666572733a20202020202020202020202035343038206b420a4361636865643a202020202020202020", "id": "77399778" } }
I/Choreographer(  418): Skipped 87 frames!  The application may be doing too much work on its main thread.
W/dalvikvm(  418): DroidBox: { "FdAccess": { "path": "2f70726f632f6d656d696e666f", "id": "1506457691" } }
W/DroidBox(  418): DroidBox: { "FileRW": { "operation": "read", "data": "4d656d546f74616c3a202020202020202020373438393634206b420a4d656d467265653a20202020202020202020343439313536206b420a427566666572733a20202020202020202020202035343038206b420a4361636865643a202020202020202020", "id": "1506457691" } }
D/InputEventConsistencyVerifier(  418): KeyEvent: ACTION_UP but key was not down.
D/InputEventConsistencyVerifier(  418):   in android.widget.FrameLayout@b3e6d3c8
D/InputEventConsistencyVerifier(  418):   0: sent at 147293000000, KeyEvent { action=ACTION_UP, keyCode=KEYCODE_DPAD_DOWN, scanCode=0, metaState=0, flags=0x8, repeatCount=0, eventTime=147293, downTime=147293, deviceId=-1, source=0x101 }
D/InputEventConsistencyVerifier(  418):   -- recent events --
D/InputEventConsistencyVerifier(  418):   1: sent at 138071000000, MotionEvent { action=ACTION_UP, id[0]=0, x[0]=134.0, y[0]=130.0, toolType[0]=TOOL_TYPE_UNKNOWN, buttonState=0, metaState=0, flags=0x0, edgeFlags=0x0, pointerCount=1, historySize=0, eventTime=138071, downTime=138016, deviceId=0, source=0x1002 }
D/InputEventConsistencyVerifier(  418):   2: sent at 138016000000, MotionEvent { action=ACTION_DOWN, id[0]=0, x[0]=132.0, y[0]=148.0, toolType[0]=TOOL_TYPE_UNKNOWN, buttonState=0, metaState=0, flags=0x0, edgeFlags=0x0, pointerCount=1, historySize=0, eventTime=138016, downTime=138016, deviceId=0, source=0x1002 }
D/InputEventConsistencyVerifier(  418):   3: sent at 138009000000, MotionEvent { action=ACTION_UP, id[0]=0, x[0]=218.0, y[0]=606.0, toolType[0]=TOOL_TYPE_UNKNOWN, buttonState=0, metaState=0, flags=0x0, edgeFlags=0x0, pointerCount=1, historySize=0, eventTime=138009, downTime=138004, deviceId=0, source=0x1002 }
D/InputEventConsistencyVerifier(  418):   4: sent at 138004000000, MotionEvent { action=ACTION_DOWN, id[0]=0, x[0]=208.0, y[0]=606.0, toolType[0]=TOOL_TYPE_UNKNOWN, buttonState=0, metaState=0, flags=0x0, edgeFlags=0x0, pointerCount=1, historySize=0, eventTime=138004, downTime=138004, deviceId=0, source=0x1002 }
D/InputEventConsistencyVerifier(  418):   5: sent at 137961000000, MotionEvent { action=ACTION_UP, id[0]=0, x[0]=395.0, y[0]=374.0, toolType[0]=TOOL_TYPE_UNKNOWN, buttonState=0, metaState=0, flags=0x0, edgeFlags=0x0, pointerCount=1, historySize=0, eventTime=137961, downTime=137943, deviceId=0, source=0x1002 }
W/dalvikvm(  418): DroidBox: { "FdAccess": { "path": "2f70726f632f6d656d696e666f", "id": "1994764323" } }
W/DroidBox(  418): DroidBox: { "FileRW": { "operation": "read", "data": "4d656d546f74616c3a202020202020202020373438393634206b420a4d656d467265653a20202020202020202020343439303234206b420a427566666572733a20202020202020202020202035343136206b420a4361636865643a202020202020202020", "id": "1994764323" } }
D/PhoneStatusBar(  418): disable: < expand icons alerts TICKER* system_info back home recent clock >
I/ActivityManager(  225): START {act=android.intent.action.MAIN cat=[android.intent.category.HOME] flg=0x10200000 cmp=com.android.launcher/com.android.launcher2.Launcher u=0} from pid 225
I/Choreographer(  991): Skipped 63 frames!  The application may be doing too much work on its main thread.
D/InputEventConsistencyVerifier(  418): KeyEvent: ACTION_UP but key was not down.
D/InputEventConsistencyVerifier(  418):   in com.android.systemui.statusbar.phone.StatusBarWindowView@b3e9d348
D/InputEventConsistencyVerifier(  418):   0: sent at 147390000000, KeyEvent { action=ACTION_UP, keyCode=KEYCODE_DPAD_RIGHT, scanCode=0, metaState=0, flags=0x8, repeatCount=0, eventTime=147390, downTime=147390, deviceId=-1, source=0x101 }
D/InputEventConsistencyVerifier(  418):   -- recent events --
D/InputEventConsistencyVerifier(  418):   1: sent at 147293000000, (unhandled) KeyEvent { action=ACTION_UP, keyCode=KEYCODE_DPAD_DOWN, scanCode=0, metaState=0, flags=0x8, repeatCount=0, eventTime=147293, downTime=147293, deviceId=-1, source=0x101 }
D/InputEventConsistencyVerifier(  418):   2: sent at 147185000000, (unhandled) KeyEvent { action=ACTION_DOWN, keyCode=KEYCODE_DPAD_DOWN, scanCode=0, metaState=0, flags=0x8, repeatCount=0, eventTime=147185, downTime=147185, deviceId=-1, source=0x101 }
D/InputEventConsistencyVerifier(  418):   3: sent at 147141000000, (unhandled) KeyEvent { action=ACTION_UP, keyCode=KEYCODE_DPAD_UP, scanCode=0, metaState=0, flags=0x8, repeatCount=0, eventTime=147141, downTime=147141, deviceId=-1, source=0x101 }
D/InputEventConsistencyVerifier(  418):   4: sent at 147138000000, (unhandled) KeyEvent { action=ACTION_DOWN, keyCode=KEYCODE_DPAD_UP, scanCode=0, metaState=0, flags=0x8, repeatCount=0, eventTime=147138, downTime=147138, deviceId=-1, source=0x101 }
D/InputEventConsistencyVerifier(  418):   5: sent at 147134000000, (unhandled) KeyEvent { action=ACTION_UP, keyCode=KEYCODE_DPAD_UP, scanCode=0, metaState=0, flags=0x8, repeatCount=0, eventTime=147134, downTime=147134, deviceId=-1, source=0x101 }
I/Choreographer(  418): Skipped 51 frames!  The application may be doing too much work on its main thread.
W/dalvikvm(  418): DroidBox: { "FdAccess": { "path": "2f70726f632f6d656d696e666f", "id": "345649269" } }
W/DroidBox(  418): DroidBox: { "FileRW": { "operation": "read", "data": "4d656d546f74616c3a202020202020202020373438393634206b420a4d656d467265653a20202020202020202020343437353336206b420a427566666572733a20202020202020202020202035343136206b420a4361636865643a202020202020202020", "id": "345649269" } }
W/dalvikvm(  418): DroidBox: { "FdAccess": { "path": "2f70726f632f6d656d696e666f", "id": "949093385" } }
W/DroidBox(  418): DroidBox: { "FileRW": { "operation": "read", "data": "4d656d546f74616c3a202020202020202020373438393634206b420a4d656d467265653a20202020202020202020343437353336206b420a427566666572733a20202020202020202020202035343136206b420a4361636865643a202020202020202020", "id": "949093385" } }
I/Choreographer(  418): Skipped 35 frames!  The application may be doing too much work on its main thread.
D/InputEventConsistencyVerifier(  991): KeyEvent: ACTION_UP but key was not down.
D/InputEventConsistencyVerifier(  991):   in com.android.internal.policy.impl.PhoneWindow$DecorView@b4005fe0
D/InputEventConsistencyVerifier(  991):   0: sent at 146811000000, KeyEvent { action=ACTION_UP, keyCode=KEYCODE_DPAD_DOWN, scanCode=0, metaState=0, flags=0x400, repeatCount=0, eventTime=146811, downTime=146811, deviceId=-1, source=0x101 }
D/InputEventConsistencyVerifier(  991):   -- recent events --
D/InputEventConsistencyVerifier(  991):   1: sent at 146776000000, (unhandled) MotionEvent { action=ACTION_MOVE, id[0]=0, x[0]=3.0, y[0]=4.0, toolType[0]=TOOL_TYPE_UNKNOWN, buttonState=0, metaState=0, flags=0x0, edgeFlags=0x0, pointerCount=1, historySize=2, eventTime=146776, downTime=-1, deviceId=0, source=0x10004 }
D/InputEventConsistencyVerifier(  991):   2: sent at 146702000000, MotionEvent { action=ACTION_UP, id[0]=0, x[0]=277.0, y[0]=312.0, toolType[0]=TOOL_TYPE_UNKNOWN, buttonState=0, metaState=0, flags=0x0, edgeFlags=0x0, pointerCount=1, historySize=0, eventTime=146702, downTime=146696, deviceId=0, source=0x1002 }
D/InputEventConsistencyVerifier(  991):   3: sent at 146696000000, MotionEvent { action=ACTION_DOWN, id[0]=0, x[0]=280.0, y[0]=321.0, toolType[0]=TOOL_TYPE_UNKNOWN, buttonState=0, metaState=0, flags=0x0, edgeFlags=0x0, pointerCount=1, historySize=0, eventTime=146696, downTime=146696, deviceId=0, source=0x1002 }
D/InputEventConsistencyVerifier(  991):   4: sent at 146261000000, (unhandled) KeyEvent { action=ACTION_UP, keyCode=KEYCODE_S, scanCode=0, metaState=0, flags=0x8, repeatCount=0, eventTime=146261, downTime=146261, deviceId=-1, source=0x101 }
D/InputEventConsistencyVerifier(  991):   5: sent at 146075000000, (unhandled) KeyEvent { action=ACTION_DOWN, keyCode=KEYCODE_S, scanCode=0, metaState=0, flags=0x8, repeatCount=0, eventTime=146075, downTime=146075, deviceId=-1, source=0x101 }
I/ActivityManager(  225): START {act=android.intent.action.MAIN cat=[android.intent.category.LAUNCHER] flg=0x10200000 cmp=com.soft.android.appinstaller/.FirstActivity u=0} from pid 939
I/InputDispatcher(  225): Dropped event because of pending overdue app switch.
W/InputManager(  225): Input event injection from pid 939 failed.
W/dalvikvm(  418): DroidBox: { "FdAccess": { "path": "2f70726f632f6d656d696e666f", "id": "628825556" } }
W/DroidBox(  418): DroidBox: { "FileRW": { "operation": "read", "data": "4d656d546f74616c3a202020202020202020373438393634206b420a4d656d467265653a20202020202020202020343437353336206b420a427566666572733a20202020202020202020202035343136206b420a4361636865643a202020202020202020", "id": "628825556" } }
D/InputEventConsistencyVerifier(  418): KeyEvent: ACTION_UP but key was not down.
D/InputEventConsistencyVerifier(  418):   in android.view.ViewRootImpl@b3f2ef68
D/InputEventConsistencyVerifier(  418):   0: sent at 147851000000, KeyEvent { action=ACTION_UP, keyCode=KEYCODE_DPAD_DOWN, scanCode=0, metaState=0, flags=0x8, repeatCount=0, eventTime=147851, downTime=147851, deviceId=-1, source=0x101 }
D/InputEventConsistencyVerifier(  418):   -- recent events --
D/InputEventConsistencyVerifier(  418):   1: sent at 147786000000, KeyEvent { action=ACTION_UP, keyCode=KEYCODE_VOLUME_DOWN, scanCode=0, metaState=0, flags=0x8, repeatCount=0, eventTime=147786, downTime=147786, deviceId=-1, source=0x101 }
D/InputEventConsistencyVerifier(  418):   2: sent at 147585000000, KeyEvent { action=ACTION_DOWN, keyCode=KEYCODE_VOLUME_DOWN, scanCode=0, metaState=0, flags=0x8, repeatCount=0, eventTime=147585, downTime=147585, deviceId=-1, source=0x101 }
D/InputEventConsistencyVerifier(  418):   3: sent at 147782000000, KeyEvent { action=ACTION_UP, keyCode=KEYCODE_DPAD_LEFT, scanCode=0, metaState=0, flags=0x400, repeatCount=0, eventTime=147782, downTime=147782, deviceId=-1, source=0x101 }
D/InputEventConsistencyVerifier(  418):   4: sent at 147782000000, KeyEvent { action=ACTION_DOWN, keyCode=KEYCODE_DPAD_LEFT, scanCode=0, metaState=0, flags=0x400, repeatCount=0, eventTime=147782, downTime=147782, deviceId=-1, source=0x101 }
D/InputEventConsistencyVerifier(  418):   5: sent at 147782000000, KeyEvent { action=ACTION_UP, keyCode=KEYCODE_DPAD_LEFT, scanCode=0, metaState=0, flags=0x400, repeatCount=0, eventTime=147782, downTime=147782, deviceId=-1, source=0x101 }
D/InputEventConsistencyVerifier(  418): KeyEvent: ACTION_UP but key was not down.
D/InputEventConsistencyVerifier(  418):   in android.widget.FrameLayout@b3e6d3c8
D/InputEventConsistencyVerifier(  418):   0: sent at 148144000000, KeyEvent { action=ACTION_UP, keyCode=KEYCODE_DPAD_DOWN, scanCode=0, metaState=0, flags=0x8, repeatCount=0, eventTime=148144, downTime=148144, deviceId=-1, source=0x101 }
D/InputEventConsistencyVerifier(  418):   -- recent events --
D/InputEventConsistencyVerifier(  418):   1: sent at 147293000000, (unhandled) KeyEvent { action=ACTION_UP, keyCode=KEYCODE_DPAD_DOWN, scanCode=0, metaState=0, flags=0x80000008, repeatCount=0, eventTime=147293, downTime=147293, deviceId=-1, source=0x101 }
D/InputEventConsistencyVerifier(  418):   2: sent at 138071000000, MotionEvent { action=ACTION_UP, id[0]=0, x[0]=134.0, y[0]=130.0, toolType[0]=TOOL_TYPE_UNKNOWN, buttonState=0, metaState=0, flags=0x0, edgeFlags=0x0, pointerCount=1, historySize=0, eventTime=138071, downTime=138016, deviceId=0, source=0x1002 }
D/InputEventConsistencyVerifier(  418):   3: sent at 138016000000, MotionEvent { action=ACTION_DOWN, id[0]=0, x[0]=132.0, y[0]=148.0, toolType[0]=TOOL_TYPE_UNKNOWN, buttonState=0, metaState=0, flags=0x0, edgeFlags=0x0, pointerCount=1, historySize=0, eventTime=138016, downTime=138016, deviceId=0, source=0x1002 }
D/InputEventConsistencyVerifier(  418):   4: sent at 138009000000, MotionEvent { action=ACTION_UP, id[0]=0, x[0]=218.0, y[0]=606.0, toolType[0]=TOOL_TYPE_UNKNOWN, buttonState=0, metaState=0, flags=0x0, edgeFlags=0x0, pointerCount=1, historySize=0, eventTime=138009, downTime=138004, deviceId=0, source=0x1002 }
D/InputEventConsistencyVerifier(  418):   5: sent at 138004000000, MotionEvent { action=ACTION_DOWN, id[0]=0, x[0]=208.0, y[0]=606.0, toolType[0]=TOOL_TYPE_UNKNOWN, buttonState=0, metaState=0, flags=0x0, edgeFlags=0x0, pointerCount=1, historySize=0, eventTime=138004, downTime=138004, deviceId=0, source=0x1002 }
I/Choreographer(  418): Skipped 98 frames!  The application may be doing too much work on its main thread.
W/dalvikvm(  418): DroidBox: { "FdAccess": { "path": "2f70726f632f6d656d696e666f", "id": "222789367" } }
W/DroidBox(  418): DroidBox: { "FileRW": { "operation": "read", "data": "4d656d546f74616c3a202020202020202020373438393634206b420a4d656d467265653a20202020202020202020343437313536206b420a427566666572733a20202020202020202020202035343136206b420a4361636865643a202020202020202020", "id": "222789367" } }
I/Choreographer(  418): Skipped 38 frames!  The application may be doing too much work on its main thread.
D/PhoneStatusBar(  418): disable: < expand icons alerts ticker* system_info back home recent clock >
V/PhoneStatusBar(  418): setLightsOn(true)
W/dalvikvm(  900): DroidBox: { "FdAccess": { "path": "2f646174612f646174612f636f6d2e616e64726f69642e67616c6c65727933642f7368617265645f70726566732f636f6d2e616e64726f69642e67616c6c65727933645f707265666572656e6365732e786d6c", "id": "455291832" } }
W/DroidBox(  900): DroidBox: { "FileRW": { "operation": "write", "data": "3c3f786d6c2076657273696f6e3d27312e302720656e636f64696e673d277574662d3827207374616e64616c6f6e653d2779657327203f3e0a3c6d61703e0a3c696e74206e616d653d227061636b616765732d76657273696f6e222076616c75653d2238", "id": "455291832" } }
W/InputMethodManagerService(  225): Window already focused, ignoring focus gain of: com.android.internal.view.IInputMethodClient$Stub$Proxy@b3f98438 attribute=null
I/Choreographer(  476): Skipped 345 frames!  The application may be doing too much work on its main thread.
I/AccountTypeManager(  704): Loaded meta-data for 1 account types, 0 accounts in 959ms(wall) 0ms(cpu)
I/InputDispatcher(  225): Window 'Window{b419a378 com.soft.android.appinstaller/com.soft.android.appinstaller.FinishActivity paused=false}' spent 2861.2ms processing the last input event: MotionEvent(action=2, deviceId=0, source=0x00010004)
I/InputDispatcher(  225): Window 'Window{b419a378 com.soft.android.appinstaller/com.soft.android.appinstaller.FinishActivity paused=false}' spent 2849.6ms processing the last input event: MotionEvent(action=2, deviceId=0, source=0x00010004)
I/InputDispatcher(  225): Window 'Window{b419a378 com.soft.android.appinstaller/com.soft.android.appinstaller.FinishActivity paused=false}' spent 2851.0ms processing the last input event: MotionEvent(action=2, deviceId=0, source=0x00010004)
I/InputDispatcher(  225): Window 'Window{b419a378 com.soft.android.appinstaller/com.soft.android.appinstaller.FinishActivity paused=false}' spent 2871.6ms processing the last input event: MotionEvent(action=2, deviceId=0, source=0x00010004)
I/InputDispatcher(  225): Window 'Window{b419a378 com.soft.android.appinstaller/com.soft.android.appinstaller.FinishActivity paused=false}' spent 2871.0ms processing the last input event: MotionEvent(action=2, deviceId=0, source=0x00010004)
I/InputDispatcher(  225): Window 'Window{b419a378 com.soft.android.appinstaller/com.soft.android.appinstaller.FinishActivity paused=false}' spent 2870.3ms processing the last input event: MotionEvent(action=2, deviceId=0, source=0x00010004)
E/WVMExtractor(   62): Failed to open libwvm.so
I/InputDispatcher(  225): Window 'Window{b419a378 com.soft.android.appinstaller/com.soft.android.appinstaller.FinishActivity paused=false}' spent 2875.4ms processing the last input event: MotionEvent(action=2, deviceId=0, source=0x00010004)
D/InputEventConsistencyVerifier(  991): TrackballEvent: Trackball is down but pressure is not greater than 0.
D/InputEventConsistencyVerifier(  991):   in android.view.ViewRootImpl@b3fee410
D/InputEventConsistencyVerifier(  991):   0: sent at 146827000000, MotionEvent { action=ACTION_DOWN, id[0]=0, x[0]=0.0, y[0]=0.0, toolType[0]=TOOL_TYPE_UNKNOWN, buttonState=0, metaState=0, flags=0x0, edgeFlags=0x0, pointerCount=1, historySize=0, eventTime=146827, downTime=146709, deviceId=0, source=0x10004 }
D/InputEventConsistencyVerifier(  991):   -- recent events --
D/InputEventConsistencyVerifier(  991):   1: sent at 146803000000, MotionEvent { action=ACTION_MOVE, id[0]=0, x[0]=-1.0, y[0]=-1.0, toolType[0]=TOOL_TYPE_UNKNOWN, buttonState=0, metaState=0, flags=0x0, edgeFlags=0x0, pointerCount=1, historySize=6, eventTime=146803, downTime=-1, deviceId=0, source=0x10004 }
D/InputEventConsistencyVerifier(  991):   2: sent at 146817000000, KeyEvent { action=ACTION_UP, keyCode=KEYCODE_DPAD_DOWN, scanCode=0, metaState=0, flags=0x400, repeatCount=0, eventTime=146817, downTime=146817, deviceId=-1, source=0x101 }
D/InputEventConsistencyVerifier(  991):   3: sent at 146817000000, KeyEvent { action=ACTION_DOWN, keyCode=KEYCODE_DPAD_DOWN, scanCode=0, metaState=0, flags=0x400, repeatCount=0, eventTime=146817, downTime=146817, deviceId=-1, source=0x101 }
D/InputEventConsistencyVerifier(  991):   4: sent at 146816000000, KeyEvent { action=ACTION_UP, keyCode=KEYCODE_DPAD_DOWN, scanCode=0, metaState=0, flags=0x400, repeatCount=0, eventTime=146816, downTime=146816, deviceId=-1, source=0x101 }
D/InputEventConsistencyVerifier(  991):   5: sent at 146816000000, KeyEvent { action=ACTION_DOWN, keyCode=KEYCODE_DPAD_DOWN, scanCode=0, metaState=0, flags=0x400, repeatCount=0, eventTime=146816, downTime=146816, deviceId=-1, source=0x101 }
I/InputDispatcher(  225): Window 'Window{b419a378 com.soft.android.appinstaller/com.soft.android.appinstaller.FinishActivity paused=false}' spent 2883.7ms processing the last input event: MotionEvent(action=0, deviceId=0, source=0x00010004)
I/InputDispatcher(  225): Window 'Window{b419a378 com.soft.android.appinstaller/com.soft.android.appinstaller.FinishActivity paused=false}' spent 2863.6ms processing the last input event: MotionEvent(action=1, deviceId=0, source=0x00010004)
I/InputDispatcher(  225): Window 'Window{b419a378 com.soft.android.appinstaller/com.soft.android.appinstaller.FinishActivity paused=false}' spent 2865.1ms processing the last input event: MotionEvent(action=2, deviceId=0, source=0x00010004)
I/InputDispatcher(  225): Window 'Window{b419a378 com.soft.android.appinstaller/com.soft.android.appinstaller.FinishActivity paused=false}' spent 2860.2ms processing the last input event: MotionEvent(action=2, deviceId=0, source=0x00010004)
I/InputDispatcher(  225): Window 'Window{b419a378 com.soft.android.appinstaller/com.soft.android.appinstaller.FinishActivity paused=false}' spent 2857.9ms processing the last input event: MotionEvent(action=2, deviceId=0, source=0x00010004)
I/InputDispatcher(  225): Window 'Window{b419a378 com.soft.android.appinstaller/com.soft.android.appinstaller.FinishActivity paused=false}' spent 2838.1ms processing the last input event: MotionEvent(action=2, deviceId=0, source=0x00010004)
I/InputDispatcher(  225): Window 'Window{b419a378 com.soft.android.appinstaller/com.soft.android.appinstaller.FinishActivity paused=false}' spent 2835.3ms processing the last input event: MotionEvent(action=2, deviceId=0, source=0x00010004)
I/InputDispatcher(  225): Window 'Window{b419a378 com.soft.android.appinstaller/com.soft.android.appinstaller.FinishActivity paused=false}' spent 2833.0ms processing the last input event: MotionEvent(action=2, deviceId=0, source=0x00010004)
I/InputDispatcher(  225): Window 'Window{b419a378 com.soft.android.appinstaller/com.soft.android.appinstaller.FinishActivity paused=false}' spent 2830.8ms processing the last input event: MotionEvent(action=2, deviceId=0, source=0x00010004)
I/InputDispatcher(  225): Window 'Window{b419a378 com.soft.android.appinstaller/com.soft.android.appinstaller.FinishActivity paused=false}' spent 2827.1ms processing the last input event: MotionEvent(action=2, deviceId=0, source=0x00010004)
I/InputDispatcher(  225): Window 'Window{b419a378 com.soft.android.appinstaller/com.soft.android.appinstaller.FinishActivity paused=false}' spent 2824.8ms processing the last input event: MotionEvent(action=2, deviceId=0, source=0x00010004)
I/InputDispatcher(  225): Window 'Window{b419a378 com.soft.android.appinstaller/com.soft.android.appinstaller.FinishActivity paused=false}' spent 2822.4ms processing the last input event: MotionEvent(action=2, deviceId=0, source=0x00010004)
I/Choreographer(  991): Skipped 43 frames!  The application may be doing too much work on its main thread.
I/Choreographer(  991): Skipped 34 frames!  The application may be doing too much work on its main thread.
E/WVMExtractor(   62): Failed to open libwvm.so
E/WVMExtractor(   62): Failed to open libwvm.so
E/WVMExtractor(   62): Failed to open libwvm.so
E/WVMExtractor(   62): Failed to open libwvm.so
I/Choreographer(  991): Skipped 31 frames!  The application may be doing too much work on its main thread.
E/WVMExtractor(   62): Failed to open libwvm.so
I/ActivityManager(  225): START {act=android.intent.action.CALL_BUTTON flg=0x10000000 cmp=com.android.contacts/.activities.DialtactsActivity u=0} from pid 991
I/Choreographer(  991): Skipped 33 frames!  The application may be doing too much work on its main thread.
D/InputEventConsistencyVerifier(  991): TrackballEvent: Trackball is down but pressure is not greater than 0.
D/InputEventConsistencyVerifier(  991):   in android.view.ViewRootImpl@b3fee410
D/InputEventConsistencyVerifier(  991):   0: sent at 153343000000, MotionEvent { action=ACTION_DOWN, id[0]=0, x[0]=0.0, y[0]=0.0, toolType[0]=TOOL_TYPE_UNKNOWN, buttonState=0, metaState=0, flags=0x0, edgeFlags=0x0, pointerCount=1, historySize=0, eventTime=153343, downTime=153262, deviceId=0, source=0x10004 }
D/InputEventConsistencyVerifier(  991):   -- recent events --
D/InputEventConsistencyVerifier(  991):   1: sent at 153335000000, MotionEvent { action=ACTION_MOVE, id[0]=0, x[0]=-3.0, y[0]=0.0, toolType[0]=TOOL_TYPE_UNKNOWN, buttonState=0, metaState=0, flags=0x0, edgeFlags=0x0, pointerCount=1, historySize=6, eventTime=153335, downTime=-1, deviceId=0, source=0x10004 }
D/InputEventConsistencyVerifier(  991):   2: sent at 153277000000, MotionEvent { action=ACTION_MOVE, id[0]=0, x[0]=2.0, y[0]=3.0, toolType[0]=TOOL_TYPE_UNKNOWN, buttonState=0, metaState=0, flags=0x0, edgeFlags=0x0, pointerCount=1, historySize=2, eventTime=153277, downTime=-1, deviceId=0, source=0x10004 }
D/InputEventConsistencyVerifier(  991):   3: sent at 153164000000, KeyEvent { action=ACTION_UP, keyCode=KEYCODE_DPAD_CENTER, scanCode=0, metaState=0, flags=0x8, repeatCount=0, eventTime=153164, downTime=153164, deviceId=-1, source=0x101 }
D/InputEventConsistencyVerifier(  991):   4: sent at 153088000000, KeyEvent { action=ACTION_DOWN, keyCode=KEYCODE_DPAD_CENTER, scanCode=0, metaState=0, flags=0x8, repeatCount=0, eventTime=153088, downTime=153088, deviceId=-1, source=0x101 }
D/InputEventConsistencyVerifier(  991):   5: sent at 153031000000, KeyEvent { action=ACTION_UP, keyCode=KEYCODE_CALL, scanCode=0, metaState=0, flags=0x8, repeatCount=0, eventTime=153031, downTime=153031, deviceId=-1, source=0x101 }
E/WVMExtractor(   62): Failed to open libwvm.so
E/WVMExtractor(   62): Failed to open libwvm.so
I/Choreographer(  991): Skipped 40 frames!  The application may be doing too much work on its main thread.
E/WVMExtractor(   62): Failed to open libwvm.so
E/WVMExtractor(   62): Failed to open libwvm.so
I/InputAttributes(  476): InputType.TYPE_NULL is specified
D/InputEventConsistencyVerifier(  991): KeyEvent: ACTION_UP but key was not down.
D/InputEventConsistencyVerifier(  991):   in android.widget.LinearLayout@b3f8e4b0
D/InputEventConsistencyVerifier(  991):   0: sent at 155221000000, KeyEvent { action=ACTION_UP, keyCode=KEYCODE_DPAD_RIGHT, scanCode=0, metaState=0, flags=0x8, repeatCount=0, eventTime=155221, downTime=155221, deviceId=-1, source=0x101 }
D/InputEventConsistencyVerifier(  991):   -- recent events --
