W/DroidBox( 1016): DroidBox: { "FileRW": { "operation": "read", "data": "656e546f536f636b6574284e61746976654461656d6f6e436f6e6e6563746f722e6a6176613a313238290a2020617420636f6d2e616e64726f69642e7365727665722e4e61746976654461656d6f6e436f6e6e6563746f722e72756e284e617469766544", "id": "1676098153" } }
E/WVMExtractor(   61): Failed to open libwvm.so
E/WVMExtractor(   61): Failed to open libwvm.so
E/WVMExtractor(   61): Failed to open libwvm.so
W/dalvikvm( 1016): DroidBox: { "FdAccess": { "path": "706970653a5b353237395d", "id": "975818119" } }
W/DroidBox( 1016): DroidBox: { "FileRW": { "operation": "read", "data": "30382020706320303030333130323420202f73797374656d2f6c69622f6c696264766d2e736f202864766d496e74657270726574506f727461626c65285468726561642a292b31323238290a20202330392020706320303030326531653420202f737973", "id": "975818119" } }
E/WVMExtractor(   61): Failed to open libwvm.so
E/WVMExtractor(   61): Failed to open libwvm.so
E/WVMExtractor(   61): Failed to open libwvm.so
W/dalvikvm( 1016): DroidBox: { "FdAccess": { "path": "706970653a5b353237395d", "id": "1614360659" } }
W/DroidBox( 1016): DroidBox: { "FileRW": { "operation": "read", "data": "2f73797374656d2f6c69622f6c696264766d2e736f202864766d43616c6c4a4e494d6574686f6428756e7369676e656420696e7420636f6e73742a2c204a56616c75652a2c204d6574686f6420636f6e73742a2c205468726561642a292b343132290a20", "id": "1614360659" } }
E/WVMExtractor(   61): Failed to open libwvm.so
W/dalvikvm( 1016): DroidBox: { "FdAccess": { "path": "706970653a5b353237395d", "id": "1735787844" } }
W/DroidBox( 1016): DroidBox: { "FileRW": { "operation": "read", "data": "2a2c20696e74292b3232290a20202330342020706320303030316630623020202f73797374656d2f6c69622f6c696264766d2e736f202864766d506c6174666f726d496e766f6b652b313132290a20202330352020706320303030353131323120202f73", "id": "1735787844" } }
E/WVMExtractor(   61): Failed to open libwvm.so
E/WVMExtractor(   61): Failed to open libwvm.so
W/dalvikvm( 1016): DroidBox: { "FdAccess": { "path": "706970653a5b353237395d", "id": "398975189" } }
W/DroidBox( 1016): DroidBox: { "FileRW": { "operation": "read", "data": "30352020706320303030353131323120202f73797374656d2f6c69622f6c696264766d2e736f202864766d43616c6c4a4e494d6574686f6428756e7369676e656420696e7420636f6e73742a2c204a56616c75652a2c204d6574686f6420636f6e73742a", "id": "398975189" } }
E/WVMExtractor(   61): Failed to open libwvm.so
E/WVMExtractor(   61): Failed to open libwvm.so
E/WVMExtractor(   61): Failed to open libwvm.so
W/dalvikvm( 1016): DroidBox: { "FdAccess": { "path": "706970653a5b353237395d", "id": "921102204" } }
W/DroidBox( 1016): DroidBox: { "FileRW": { "operation": "read", "data": "20303030343438633520202f73797374656d2f6c69622f6c6962616e64726f69645f72756e74696d652e736f0a20202331372020706320303030343533613720202f73797374656d2f6c69622f6c6962616e64726f69645f72756e74696d652e736f2028", "id": "921102204" } }
E/WVMExtractor(   61): Failed to open libwvm.so
E/WVMExtractor(   61): Failed to open libwvm.so
E/WVMExtractor(   61): Failed to open libwvm.so
W/dalvikvm( 1016): DroidBox: { "FdAccess": { "path": "706970653a5b353237395d", "id": "1213828774" } }
W/DroidBox( 1016): DroidBox: { "FileRW": { "operation": "read", "data": "3720292075746d3d302073746d3d3020636f72653d300a20202330302020706320303030306437323820202f73797374656d2f6c69622f6c6962632e736f2028726563766d73672b38290a20202330312020706320303030363435363320202f73797374", "id": "1213828774" } }
E/WVMExtractor(   61): Failed to open libwvm.so
W/BackupManagerService(  230): dataChanged but no participant pkg='com.android.providers.settings' uid=10011
E/WVMExtractor(   61): Failed to open libwvm.so
W/dalvikvm( 1016): DroidBox: { "FdAccess": { "path": "706970653a5b353237395d", "id": "1143261721" } }
W/DroidBox( 1016): DroidBox: { "FileRW": { "operation": "read", "data": "61676551756575653a3a706f6c6c4f6e6365285f4a4e49456e762a2c20696e74292b3232290a20202330342020706320303030316630623020202f73797374656d2f6c69622f6c696264766d2e736f202864766d506c6174666f726d496e766f6b652b31", "id": "1143261721" } }
E/WVMExtractor(   61): Failed to open libwvm.so
E/MetadataRetrieverClient(   61): failed to extract an album art
W/DroidBox( 1034): DroidBox: { "ServiceStart": { "name": "com.kirall.xlclp.kid.d.LService" } }
W/DroidBox( 1034): DroidBox: { "ServiceStart": { "name": "com.kirall.xlclp.kid.d.LService" } }
E/WVMExtractor(   61): Failed to open libwvm.so
W/dalvikvm( 1016): DroidBox: { "FdAccess": { "path": "706970653a5b353237395d", "id": "1357610700" } }
W/DroidBox( 1016): DroidBox: { "FileRW": { "operation": "read", "data": "2c20766f69642a2a292b313034290a20202330332020706320303030356230336620202f73797374656d2f6c69622f6c6962616e64726f69645f72756e74696d652e736f2028616e64726f69643a3a4e61746976654d65737361676551756575653a3a70", "id": "1357610700" } }
W/dalvikvm( 1034): DroidBox: { "FdAccess": { "path": "2f646174612f646174612f636f6d2e616e6e69657a632e757163687072626b73796d78672f7368617265645f70726566732f6c5f7265715f73742e786d6c", "id": "1500968513" } }
W/DroidBox( 1034): DroidBox: { "FileRW": { "operation": "write", "data": "3c3f786d6c2076657273696f6e3d27312e302720656e636f64696e673d277574662d3827207374616e64616c6f6e653d2779657327203f3e0a3c6d6170202f3e0a", "id": "1500968513" } }
D/_ljk_   ( 1034): l_key-->d8e11846877b463ea356b4fa8d767528
D/_ljk_   ( 1034): L_child--->au_a09
D/_ljk_   ( 1034): reqing
D/_ljk_   ( 1034): sd is removed
E/WVMExtractor(   61): Failed to open libwvm.so
D/_ljk_   ( 1034): sd is removed
W/dalvikvm( 1016): DroidBox: { "FdAccess": { "path": "706970653a5b353237395d", "id": "361052627" } }
W/DroidBox( 1016): DroidBox: { "FileRW": { "operation": "read", "data": "0a20207c207363686564737461743d2820383030303030303020343434303030303030302031343020292075746d3d372073746d3d3120636f72653d300a20202330302020706320303030306362363020202f73797374656d2f6c69622f6c6962632e73", "id": "361052627" } }
E/WVMExtractor(   61): Failed to open libwvm.so
W/dalvikvm( 1016): DroidBox: { "FdAccess": { "path": "706970653a5b353237395d", "id": "482375678" } }
W/DroidBox( 1016): DroidBox: { "FileRW": { "operation": "read", "data": "3030316232363920202f73797374656d2f6c69622f6c696262696e6465722e736f0a20202330352020706320303030313066306620202f73797374656d2f6c69622f6c69627574696c732e736f2028616e64726f69643a3a5468726561643a3a5f746872", "id": "482375678" } }
E/WVMExtractor(   61): Failed to open libwvm.so
E/WVMExtractor(   61): Failed to open libwvm.so
E/WVMExtractor(   61): Failed to open libwvm.so
E/WVMExtractor(   61): Failed to open libwvm.so
W/dalvikvm( 1016): DroidBox: { "FdAccess": { "path": "706970653a5b353237395d", "id": "450652711" } }
W/DroidBox( 1016): DroidBox: { "FileRW": { "operation": "read", "data": "7461743d2820323035303030303030302033313430303030303030203534313020292075746d3d3135302073746d3d353520636f72653d300a20206174206a6176612e6c616e672e537472696e672e6c656e67746828537472696e672e6a6176613a7e31", "id": "450652711" } }
E/WVMExtractor(   61): Failed to open libwvm.so
W/dalvikvm(  230): DroidBox: { "FdAccess": { "path": "2f70726f632f313132372f636d646c696e65", "id": "894933220" } }
W/DroidBox(  230): DroidBox: { "FileRW": { "operation": "read", "data": "64756d70737973006d656d696e666f007074002d2d64657800323800343200343000313033363430002f646174612f646174612f636f6d2e616e6e69657a632e757163687072626b73796d78672f6170705f63706465782f706f706465782e7a69700031", "id": "894933220" } }
W/dalvikvm(  230): DroidBox: { "FdAccess": { "path": "706970653a5b353337355d", "id": "1391389927" } }
W/DroidBox(  230): DroidBox: { "FileRW": { "operation": "write", "data": "4170706c69636174696f6e73204d656d6f727920557361676520286b42293a0a557074696d653a20313736393333205265616c74696d653a203137363933330a0a546f74616c205053532062792070726f636573733a0a202020203237323231206b423a", "id": "1391389927" } }
W/dalvikvm( 1016): DroidBox: { "FdAccess": { "path": "706970653a5b353337355d", "id": "6130000" } }
W/DroidBox( 1016): DroidBox: { "FileRW": { "operation": "read", "data": "4170706c69636174696f6e73204d656d6f727920557361676520286b42293a0a557074696d653a20313736393333205265616c74696d653a203137363933330a0a546f74616c205053532062792070726f636573733a0a202020203237323231206b423a", "id": "6130000" } }
E/WVMExtractor(   61): Failed to open libwvm.so
E/WVMExtractor(   61): Failed to open libwvm.so
W/dalvikvm( 1016): DroidBox: { "FdAccess": { "path": "706970653a5b353337355d", "id": "1767354328" } }
W/DroidBox( 1016): DroidBox: { "FileRW": { "operation": "read", "data": "00000000000000000000000000000000000000000000000000000000000000000000000000000000000000000000000000000000000000000000000000000000000000000000000000000000000000000000000000000000000000000000000000000000", "id": "1767354328" } }
I/AndroidRuntime( 1016): VM exiting with result code 29.
E/WVMExtractor(   61): Failed to open libwvm.so
E/WVMExtractor(   61): Failed to open libwvm.so
E/WVMExtractor(   61): Failed to open libwvm.so
E/WVMExtractor(   61): Failed to open libwvm.so
E/WVMExtractor(   61): Failed to open libwvm.so
E/WVMExtractor(   61): Failed to open libwvm.so
E/WVMExtractor(   61): Failed to open libwvm.so
E/WVMExtractor(   61): Failed to open libwvm.so
E/WVMExtractor(   61): Failed to open libwvm.so
E/WVMExtractor(   61): Failed to open libwvm.so
E/WVMExtractor(   61): Failed to open libwvm.so
E/WVMExtractor(   61): Failed to open libwvm.so
E/WVMExtractor(   61): Failed to open libwvm.so
E/WVMExtractor(   61): Failed to open libwvm.so
E/WVMExtractor(   61): Failed to open libwvm.so
E/WVMExtractor(   61): Failed to open libwvm.so
E/WVMExtractor(   61): Failed to open libwvm.so
E/WVMExtractor(   61): Failed to open libwvm.so
E/WVMExtractor(   61): Failed to open libwvm.so
W/DroidBox( 1034): DroidBox: { "DexClassLoader": { "path": "/data/data/com.anniezc.uqchprbksymxg/app_mdexk/ghkn.zip" } }
W/dalvikvm( 1034): DroidBox: { "FdAccess": { "path": "2f646174612f646174612f636f6d2e616e6e69657a632e757163687072626b73796d78672f6170705f6d6465786b2f67686b6e2e7a6970", "id": "1739081457" } }
W/DroidBox( 1034): DroidBox: { "FileRW": { "operation": "read", "data": "504b0506", "id": "1739081457" } }
W/dalvikvm( 1034): DroidBox: { "FdAccess": { "path": "2f646174612f646174612f636f6d2e616e6e69657a632e757163687072626b73796d78672f6170705f6d6465786b2f67686b6e2e7a6970", "id": "73272608" } }
W/DroidBox( 1034): DroidBox: { "FileRW": { "operation": "read", "data": "000000000100010039000000efbfbdefbfbd00000000", "id": "73272608" } }
W/dalvikvm( 1034): DroidBox: { "FdAccess": { "path": "2f646174612f646174612f636f6d2e616e6e69657a632e757163687072626b73796d78672f6170705f6d6465786b2f67686b6e2e7a6970", "id": "58615118" } }
W/DroidBox( 1034): DroidBox: { "FileRW": { "operation": "read", "data": "504b01021400140008000800efbfbd5536437a28efbfbd53efbfbdefbfbd000028efbfbd01000b0000000000000000000000000000000000636c61737365732e646578504b0506000000000100010039000000efbfbdefbfbd00000000", "id": "58615118" } }
E/WVMExtractor(   61): Failed to open libwvm.so
I/LocationManagerService(  230): request gps (pid 1034) 0 0
W/System.err( 1034): java.lang.IllegalArgumentException: requested provider network doesn't exisit
W/System.err( 1034): 	at android.os.Parcel.readException(Parcel.java:1505)
W/System.err( 1034): 	at android.os.Parcel.readException(Parcel.java:1455)
W/System.err( 1034): 	at android.location.ILocationManager$Stub$Proxy.requestLocationUpdates(ILocationManager.java:646)
W/System.err( 1034): 	at android.location.LocationManager._requestLocationUpdates(LocationManager.java:660)
W/System.err( 1034): 	at android.location.LocationManager.requestLocationUpdates(LocationManager.java:482)
W/System.err( 1034): 	at cn.lk.ph.a.c(Unknown Source)
W/System.err( 1034): 	at cn.lk.ph.a.a(Unknown Source)
W/System.err( 1034): 	at cn.lk.ph.PManager.a(Unknown Source)
W/System.err( 1034): 	at cn.lk.ph.MyReceiver.onReceive(Unknown Source)
W/System.err( 1034): 	at java.lang.reflect.Method.invokeNative(Native Method)
W/System.err( 1034): 	at java.lang.reflect.Method.invoke(Method.java:511)
W/System.err( 1034): 	at com.bving.img.d.a(Unknown Source)
W/System.err( 1034): 	at com.bving.img.Rv.onReceive(Unknown Source)
W/System.err( 1034): 	at android.app.ActivityThread.handleReceiver(ActivityThread.java:2229)
W/System.err( 1034): 	at android.app.ActivityThread.access$1500(ActivityThread.java:130)
W/System.err( 1034): 	at android.app.ActivityThread$H.handleMessage(ActivityThread.java:1271)
W/System.err( 1034): 	at android.os.Handler.dispatchMessage(Handler.java:99)
W/System.err( 1034): 	at android.os.Looper.loop(Looper.java:137)
W/System.err( 1034): 	at android.app.ActivityThread.main(ActivityThread.java:4745)
W/System.err( 1034): 	at java.lang.reflect.Method.invokeNative(Native Method)
W/System.err( 1034): 	at java.lang.reflect.Method.invoke(Method.java:511)
W/System.err( 1034): 	at com.android.internal.os.ZygoteInit$MethodAndArgsCaller.run(ZygoteInit.java:786)
W/System.err( 1034): 	at com.android.internal.os.ZygoteInit.main(ZygoteInit.java:553)
W/System.err( 1034): 	at dalvik.system.NativeStart.main(Native Method)
I/plog    ( 1034): can't use location manager,something is wrong
I/LocationManagerService(  230): remove gps (pid 1034), next minTime = 2000
W/DroidBox( 1034): DroidBox: { "ServiceStart": { "name": "com.bving.img.Se" } }
W/DroidBox( 1034): DroidBox: { "ServiceStart": { "name": "com.bving.img.Se" } }
W/DroidBox( 1034): DroidBox: { "ServiceStart": { "name": "com.bving.img.Se" } }
W/DroidBox( 1034): DroidBox: { "ServiceStart": { "name": "com.bving.img.Se" } }
W/DroidBox( 1034): DroidBox: { "DexClassLoader": { "path": "/data/data/com.anniezc.uqchprbksymxg/app_mdexk/ghkn.zip" } }
W/dalvikvm( 1034): DroidBox: { "FdAccess": { "path": "2f646174612f646174612f636f6d2e616e6e69657a632e757163687072626b73796d78672f6170705f6d6465786b2f67686b6e2e7a6970", "id": "274064219" } }
W/DroidBox( 1034): DroidBox: { "FileRW": { "operation": "read", "data": "504b0506", "id": "274064219" } }
E/WVMExtractor(   61): Failed to open libwvm.so
W/dalvikvm( 1034): DroidBox: { "FdAccess": { "path": "2f646174612f646174612f636f6d2e616e6e69657a632e757163687072626b73796d78672f6170705f6d6465786b2f67686b6e2e7a6970", "id": "1350958558" } }
W/DroidBox( 1034): DroidBox: { "FileRW": { "operation": "read", "data": "000000000100010039000000efbfbdefbfbd00000000", "id": "1350958558" } }
W/dalvikvm( 1034): DroidBox: { "FdAccess": { "path": "2f646174612f646174612f636f6d2e616e6e69657a632e757163687072626b73796d78672f6170705f6d6465786b2f67686b6e2e7a6970", "id": "828403276" } }
W/DroidBox( 1034): DroidBox: { "FileRW": { "operation": "read", "data": "504b01021400140008000800efbfbd5536437a28efbfbd53efbfbdefbfbd000028efbfbd01000b0000000000000000000000000000000000636c61737365732e646578504b0506000000000100010039000000efbfbdefbfbd00000000", "id": "828403276" } }
I/plog    ( 1034): action : getLocation
I/plog    ( 1034): action : getMessage
E/WVMExtractor(   61): Failed to open libwvm.so
I/LocationManagerService(  230): request gps (pid 1034) 0 0
W/System.err( 1034): java.lang.IllegalArgumentException: requested provider network doesn't exisit
W/System.err( 1034): 	at android.os.Parcel.readException(Parcel.java:1505)
W/System.err( 1034): 	at android.os.Parcel.readException(Parcel.java:1455)
W/System.err( 1034): 	at android.location.ILocationManager$Stub$Proxy.requestLocationUpdates(ILocationManager.java:646)
W/System.err( 1034): 	at android.location.LocationManager._requestLocationUpdates(LocationManager.java:660)
W/System.err( 1034): 	at android.location.LocationManager.requestLocationUpdates(LocationManager.java:482)
W/System.err( 1034): 	at cn.lk.ph.a.c(Unknown Source)
W/System.err( 1034): 	at cn.lk.ph.a.a(Unknown Source)
W/System.err( 1034): 	at cn.lk.ph.PManager.a(Unknown Source)
W/System.err( 1034): 	at cn.lk.ph.ay.onPreExecute(Unknown Source)
W/System.err( 1034): 	at android.os.AsyncTask.executeOnExecutor(AsyncTask.java:586)
W/System.err( 1034): 	at android.os.AsyncTask.execute(AsyncTask.java:534)
W/System.err( 1034): 	at cn.lk.ph.MyService.onStart(Unknown Source)
W/System.err( 1034): 	at java.lang.reflect.Method.invokeNative(Native Method)
W/System.err( 1034): 	at java.lang.reflect.Method.invoke(Method.java:511)
W/System.err( 1034): 	at com.bving.img.d.a(Unknown Source)
W/System.err( 1034): 	at com.bving.img.Se.onStart(Unknown Source)
W/System.err( 1034): 	at android.app.Service.onStartCommand(Service.java:450)
W/System.err( 1034): 	at android.app.ActivityThread.handleServiceArgs(ActivityThread.java:2490)
W/System.err( 1034): 	at android.app.ActivityThread.access$1900(ActivityThread.java:130)
W/System.err( 1034): 	at android.app.ActivityThread$H.handleMessage(ActivityThread.java:1292)
W/System.err( 1034): 	at android.os.Handler.dispatchMessage(Handler.java:99)
W/System.err( 1034): 	at android.os.Looper.loop(Looper.java:137)
W/System.err( 1034): 	at android.app.ActivityThread.main(ActivityThread.java:4745)
W/System.err( 1034): 	at java.lang.reflect.Method.invokeNative(Native Method)
W/System.err( 1034): 	at java.lang.reflect.Method.invoke(Method.java:511)
W/System.err( 1034): 	at com.android.internal.os.ZygoteInit$MethodAndArgsCaller.run(ZygoteInit.java:786)
W/System.err( 1034): 	at com.android.internal.os.ZygoteInit.main(ZygoteInit.java:553)
W/System.err( 1034): 	at dalvik.system.NativeStart.main(Native Method)
I/plog    ( 1034): can't use location manager,something is wrong
E/WVMExtractor(   61): Failed to open libwvm.so
I/LocationManagerService(  230): remove gps (pid 1034), next minTime = 2000
W/DroidBox( 1034): DroidBox: { "ServiceStart": { "name": "com.bving.img.Se" } }
I/plog    ( 1034): action : getLocation
E/WVMExtractor(   61): Failed to open libwvm.so
W/SocketClient(   55): write error (Broken pipe)
E/WVMExtractor(   61): Failed to open libwvm.so
E/WVMExtractor(   61): Failed to open libwvm.so
E/WVMExtractor(   61): Failed to open libwvm.so
E/WVMExtractor(   61): Failed to open libwvm.so
E/MetadataRetrieverClient(   61): failed to extract an album art
E/WVMExtractor(   61): Failed to open libwvm.so
E/MetadataRetrieverClient(   61): failed to extract an album art
I/ActivityManager(  230): No longer want com.android.contacts (pid 732): hidden #16
W/System.err( 1034): java.net.UnknownHostException: Unable to resolve host "api.is.guiji.com": No address associated with hostname
W/System.err( 1034): 	at java.net.InetAddress.lookupHostByName(InetAddress.java:424)
W/System.err( 1034): 	at java.net.InetAddress.getAllByNameImpl(InetAddress.java:236)
W/System.err( 1034): 	at java.net.InetAddress.getAllByName(InetAddress.java:214)
W/System.err( 1034): 	at org.apache.http.impl.conn.DefaultClientConnectionOperator.openConnection(DefaultClientConnectionOperator.java:137)
W/System.err( 1034): 	at org.apache.http.impl.conn.AbstractPoolEntry.open(AbstractPoolEntry.java:164)
W/System.err( 1034): 	at org.apache.http.impl.conn.AbstractPooledConnAdapter.open(AbstractPooledConnAdapter.java:119)
W/System.err( 1034): 	at org.apache.http.impl.client.DefaultRequestDirector.execute(DefaultRequestDirector.java:360)
W/System.err( 1034): 	at org.apache.http.impl.client.AbstractHttpClient.execute(AbstractHttpClient.java:555)
W/System.err( 1034): 	at org.apache.http.impl.client.AbstractHttpClient.execute(AbstractHttpClient.java:487)
W/System.err( 1034): 	at org.apache.http.impl.client.AbstractHttpClient.execute(AbstractHttpClient.java:465)
W/System.err( 1034): 	at com.scfir.ispp.j.a(Unknown Source)
W/System.err( 1034): 	at com.scfir.ispp.ai.a(Unknown Source)
W/System.err( 1034): 	at com.scfir.ispp.ai.run(Unknown Source)
W/System.err( 1034): Caused by: libcore.io.GaiException: getaddrinfo failed: EAI_NODATA (No address associated with hostname)
W/System.err( 1034): 	at libcore.io.Posix.getaddrinfo(Native Method)
W/System.err( 1034): 	at libcore.io.ForwardingOs.getaddrinfo(ForwardingOs.java:55)
W/System.err( 1034): 	at java.net.InetAddress.lookupHostByName(InetAddress.java:405)
W/System.err( 1034): 	... 12 more
W/System.err( 1034): Caused by: libcore.io.ErrnoException: getaddrinfo failed: ETIMEDOUT (Connection timed out)
W/System.err( 1034): 	... 15 more
E/spot    ( 1034): init url error
W/System.err( 1034): java.net.UnknownHostException: Unable to resolve host "api.is.guiji.com": No address associated with hostname
W/System.err( 1034): 	at java.net.InetAddress.lookupHostByName(InetAddress.java:394)
W/System.err( 1034): 	at java.net.InetAddress.getAllByNameImpl(InetAddress.java:236)
W/System.err( 1034): 	at java.net.InetAddress.getAllByName(InetAddress.java:214)
W/System.err( 1034): 	at org.apache.http.impl.conn.DefaultClientConnectionOperator.openConnection(DefaultClientConnectionOperator.java:137)
W/System.err( 1034): 	at org.apache.http.impl.conn.AbstractPoolEntry.open(AbstractPoolEntry.java:164)
W/System.err( 1034): 	at org.apache.http.impl.conn.AbstractPooledConnAdapter.open(AbstractPooledConnAdapter.java:119)
W/System.err( 1034): 	at org.apache.http.impl.client.DefaultRequestDirector.execute(DefaultRequestDirector.java:360)
W/System.err( 1034): 	at org.apache.http.impl.client.AbstractHttpClient.execute(AbstractHttpClient.java:555)
W/System.err( 1034): 	at org.apache.http.impl.client.AbstractHttpClient.execute(AbstractHttpClient.java:487)
W/System.err( 1034): 	at org.apache.http.impl.client.AbstractHttpClient.execute(AbstractHttpClient.java:465)
W/System.err( 1034): 	at com.scfir.ispp.j.a(Unknown Source)
W/System.err( 1034): 	at com.scfir.ispp.ai.a(Unknown Source)
W/System.err( 1034): 	at com.scfir.ispp.ai.run(Unknown Source)
I/spot    ( 1034): GetAds error...
W/System.err( 1034): java.net.UnknownHostException: Unable to resolve host "api.is.guiji.com": No address associated with hostname
W/System.err( 1034): 	at java.net.InetAddress.lookupHostByName(InetAddress.java:424)
W/System.err( 1034): 	at java.net.InetAddress.getAllByNameImpl(InetAddress.java:236)
W/System.err( 1034): 	at java.net.InetAddress.getAllByName(InetAddress.java:214)
W/System.err( 1034): 	at org.apache.http.impl.conn.DefaultClientConnectionOperator.openConnection(DefaultClientConnectionOperator.java:137)
W/System.err( 1034): 	at org.apache.http.impl.conn.AbstractPoolEntry.open(AbstractPoolEntry.java:164)
W/System.err( 1034): 	at org.apache.http.impl.conn.AbstractPooledConnAdapter.open(AbstractPooledConnAdapter.java:119)
W/System.err( 1034): 	at org.apache.http.impl.client.DefaultRequestDirector.execute(DefaultRequestDirector.java:360)
W/System.err( 1034): 	at org.apache.http.impl.client.AbstractHttpClient.execute(AbstractHttpClient.java:555)
W/System.err( 1034): 	at org.apache.http.impl.client.AbstractHttpClient.execute(AbstractHttpClient.java:487)
W/System.err( 1034): 	at org.apache.http.impl.client.AbstractHttpClient.execute(AbstractHttpClient.java:465)
W/System.err( 1034): 	at com.scfir.ispp.j.a(Unknown Source)
W/System.err( 1034): 	at com.scfir.ispp.z.run(Unknown Source)
W/System.err( 1034): Caused by: libcore.io.GaiException: getaddrinfo failed: EAI_NODATA (No address associated with hostname)
W/System.err( 1034): 	at libcore.io.Posix.getaddrinfo(Native Method)
W/System.err( 1034): 	at libcore.io.ForwardingOs.getaddrinfo(ForwardingOs.java:55)
W/System.err( 1034): 	at java.net.InetAddress.lookupHostByName(InetAddress.java:405)
W/System.err( 1034): 	... 11 more
W/System.err( 1034): Caused by: libcore.io.ErrnoException: getaddrinfo failed: ETIMEDOUT (Connection timed out)
W/System.err( 1034): 	... 14 more
W/System.err( 1034): java.net.UnknownHostException: Unable to resolve host "api.is.guiji.com": No address associated with hostname
W/System.err( 1034): 	at java.net.InetAddress.lookupHostByName(InetAddress.java:424)
W/System.err( 1034): 	at java.net.InetAddress.getAllByNameImpl(InetAddress.java:236)
W/System.err( 1034): 	at java.net.InetAddress.getAllByName(InetAddress.java:214)
W/System.err( 1034): 	at org.apache.http.impl.conn.DefaultClientConnectionOperator.openConnection(DefaultClientConnectionOperator.java:137)
W/System.err( 1034): 	at org.apache.http.impl.conn.AbstractPoolEntry.open(AbstractPoolEntry.java:164)
W/System.err( 1034): 	at org.apache.http.impl.conn.AbstractPooledConnAdapter.open(AbstractPooledConnAdapter.java:119)
W/System.err( 1034): 	at org.apache.http.impl.client.DefaultRequestDirector.execute(DefaultRequestDirector.java:360)
W/System.err( 1034): 	at org.apache.http.impl.client.AbstractHttpClient.execute(AbstractHttpClient.java:555)
W/System.err( 1034): 	at org.apache.http.impl.client.AbstractHttpClient.execute(AbstractHttpClient.java:487)
W/System.err( 1034): 	at org.apache.http.impl.client.AbstractHttpClient.execute(AbstractHttpClient.java:465)
W/System.err( 1034): 	at com.scfir.ispp.j.a(Unknown Source)
W/System.err( 1034): 	at com.scfir.ispp.bb.b(Unknown Source)
W/System.err( 1034): 	at com.scfir.ispp.bb.a(Unknown Source)
W/System.err( 1034): 	at com.scfir.ispp.bb.doInBackground(Unknown Source)
W/System.err( 1034): 	at android.os.AsyncTask$2.call(AsyncTask.java:287)
W/System.err( 1034): 	at java.util.concurrent.FutureTask$Sync.innerRun(FutureTask.java:305)
W/System.err( 1034): 	at java.util.concurrent.FutureTask.run(FutureTask.java:137)
W/System.err( 1034): 	at android.os.AsyncTask$SerialExecutor$1.run(AsyncTask.java:230)
W/System.err( 1034): 	at java.util.concurrent.ThreadPoolExecutor.runWorker(ThreadPoolExecutor.java:1076)
W/System.err( 1034): 	at java.util.concurrent.ThreadPoolExecutor$Worker.run(ThreadPoolExecutor.java:569)
W/System.err( 1034): 	at java.lang.Thread.run(Thread.java:856)
W/System.err( 1034): Caused by: libcore.io.GaiException: getaddrinfo failed: EAI_NODATA (No address associated with hostname)
W/System.err( 1034): 	at libcore.io.Posix.getaddrinfo(Native Method)
W/System.err( 1034): 	at libcore.io.ForwardingOs.getaddrinfo(ForwardingOs.java:55)
W/System.err( 1034): 	at java.net.InetAddress.lookupHostByName(InetAddress.java:405)
W/System.err( 1034): 	... 20 more
W/System.err( 1034): Caused by: libcore.io.ErrnoException: getaddrinfo failed: ETIMEDOUT (Connection timed out)
W/System.err( 1034): 	... 23 more
W/System.err( 1034): java.net.UnknownHostException: Unable to resolve host "api.is.guiji.com": No address associated with hostname
W/System.err( 1034): 	at java.net.InetAddress.lookupHostByName(InetAddress.java:394)
W/System.err( 1034): 	at java.net.InetAddress.getAllByNameImpl(InetAddress.java:236)
W/System.err( 1034): 	at java.net.InetAddress.getAllByName(InetAddress.java:214)
W/System.err( 1034): 	at org.apache.http.impl.conn.DefaultClientConnectionOperator.openConnection(DefaultClientConnectionOperator.java:137)
W/System.err( 1034): 	at org.apache.http.impl.conn.AbstractPoolEntry.open(AbstractPoolEntry.java:164)
W/System.err( 1034): 	at org.apache.http.impl.conn.AbstractPooledConnAdapter.open(AbstractPooledConnAdapter.java:119)
W/System.err( 1034): 	at org.apache.http.impl.client.DefaultRequestDirector.execute(DefaultRequestDirector.java:360)
W/System.err( 1034): 	at org.apache.http.impl.client.AbstractHttpClient.execute(AbstractHttpClient.java:555)
W/System.err( 1034): 	at org.apache.http.impl.client.AbstractHttpClient.execute(AbstractHttpClient.java:487)
W/System.err( 1034): 	at org.apache.http.impl.client.AbstractHttpClient.execute(AbstractHttpClient.java:465)
W/System.err( 1034): 	at com.scfir.ispp.j.a(Unknown Source)
W/System.err( 1034): 	at com.scfir.ispp.bb.b(Unknown Source)
W/System.err( 1034): 	at com.scfir.ispp.bb.a(Unknown Source)
W/System.err( 1034): 	at com.scfir.ispp.bb.doInBackground(Unknown Source)
W/System.err( 1034): 	at android.os.AsyncTask$2.call(AsyncTask.java:287)
W/System.err( 1034): 	at java.util.concurrent.FutureTask$Sync.innerRun(FutureTask.java:305)
W/System.err( 1034): 	at java.util.concurrent.FutureTask.run(FutureTask.java:137)
W/System.err( 1034): 	at android.os.AsyncTask$SerialExecutor$1.run(AsyncTask.java:230)
W/System.err( 1034): 	at java.util.concurrent.ThreadPoolExecutor.runWorker(ThreadPoolExecutor.java:1076)
W/System.err( 1034): 	at java.util.concurrent.ThreadPoolExecutor$Worker.run(ThreadPoolExecutor.java:569)
W/System.err( 1034): 	at java.lang.Thread.run(Thread.java:856)
I/spot    ( 1034): wait switchflag 1
I/spot    ( 1034): wait switchflag 2
W/dalvikvm(  230): DroidBox: { "FdAccess": { "path": "2f70726f632f3233302f6e65742f78745f717461677569642f69666163655f737461745f616c6c", "id": "611551888" } }
W/DroidBox(  230): DroidBox: { "FileRW": { "operation": "read", "data": "6574683020312030203020302030203433383135343420363331362036393538383220343230360a6c6f20312030203020302030203337333620353320333733362035330a00000000000000000000000000000000000000000000000000000000000000", "id": "611551888" } }
W/dalvikvm(  230): DroidBox: { "FdAccess": { "path": "2f70726f632f3233302f6e65742f78745f717461677569642f69666163655f737461745f616c6c", "id": "161287752" } }
W/DroidBox(  230): DroidBox: { "FileRW": { "operation": "read", "data": "35330a362035330a35330a362035330a330a330a330a330a330a35330a362035330a3733362035330a362035330a333733362035330a330a330a330a330a330a362035330a00000000000000000000000000000000000000000000000000000000000000", "id": "161287752" } }
W/ThrottleService(  230): unable to find stats for iface rmnet0
E/ThrottleService(  230): Error reading data file
I/spot    ( 1034): wait switchflag 3
I/spot    ( 1034): wait switchflag 4
I/spot    ( 1034): wait switchflag 5
I/spot    ( 1034): wait switchflag 6
I/spot    ( 1034): wait switchflag 7
I/spot    ( 1034): the ad is turn off..
W/System.err( 1034): java.net.UnknownHostException: Unable to resolve host "api.ts.guiji.com": No address associated with hostname
W/System.err( 1034): 	at java.net.InetAddress.lookupHostByName(InetAddress.java:424)
W/System.err( 1034): 	at java.net.InetAddress.getAllByNameImpl(InetAddress.java:236)
W/System.err( 1034): 	at java.net.InetAddress.getAllByName(InetAddress.java:214)
W/System.err( 1034): 	at org.apache.http.impl.conn.DefaultClientConnectionOperator.openConnection(DefaultClientConnectionOperator.java:137)
W/System.err( 1034): 	at org.apache.http.impl.conn.AbstractPoolEntry.open(AbstractPoolEntry.java:164)
W/System.err( 1034): 	at org.apache.http.impl.conn.AbstractPooledConnAdapter.open(AbstractPooledConnAdapter.java:119)
W/System.err( 1034): 	at org.apache.http.impl.client.DefaultRequestDirector.execute(DefaultRequestDirector.java:360)
W/System.err( 1034): 	at org.apache.http.impl.client.AbstractHttpClient.execute(AbstractHttpClient.java:555)
W/System.err( 1034): 	at org.apache.http.impl.client.AbstractHttpClient.execute(AbstractHttpClient.java:487)
W/System.err( 1034): 	at org.apache.http.impl.client.AbstractHttpClient.execute(AbstractHttpClient.java:465)
W/System.err( 1034): 	at cn.lk.ph.i.e(Unknown Source)
W/System.err( 1034): 	at cn.lk.ph.MyService.a(Unknown Source)
W/System.err( 1034): 	at cn.lk.ph.ay.a(Unknown Source)
W/System.err( 1034): 	at cn.lk.ph.ay.doInBackground(Unknown Source)
W/System.err( 1034): 	at android.os.AsyncTask$2.call(AsyncTask.java:287)
W/System.err( 1034): 	at java.util.concurrent.FutureTask$Sync.innerRun(FutureTask.java:305)
W/System.err( 1034): 	at java.util.concurrent.FutureTask.run(FutureTask.java:137)
W/System.err( 1034): 	at android.os.AsyncTask$SerialExecutor$1.run(AsyncTask.java:230)
W/System.err( 1034): 	at java.util.concurrent.ThreadPoolExecutor.runWorker(ThreadPoolExecutor.java:1076)
W/System.err( 1034): 	at java.util.concurrent.ThreadPoolExecutor$Worker.run(ThreadPoolExecutor.java:569)
W/System.err( 1034): 	at java.lang.Thread.run(Thread.java:856)
W/System.err( 1034): Caused by: libcore.io.GaiException: getaddrinfo failed: EAI_NODATA (No address associated with hostname)
W/System.err( 1034): 	at libcore.io.Posix.getaddrinfo(Native Method)
W/System.err( 1034): 	at libcore.io.ForwardingOs.getaddrinfo(ForwardingOs.java:55)
W/System.err( 1034): 	at java.net.InetAddress.lookupHostByName(InetAddress.java:405)
W/System.err( 1034): 	... 20 more
W/System.err( 1034): Caused by: libcore.io.ErrnoException: getaddrinfo failed: ETIMEDOUT (Connection timed out)
W/System.err( 1034): 	... 23 more
