D/InputEventConsistencyVerifier(  623): KeyEvent: ACTION_UP but key was not down.
D/InputEventConsistencyVerifier(  623):   in com.android.internal.policy.impl.PhoneWindow$DecorView@b4131818
D/InputEventConsistencyVerifier(  623):   0: sent at 93992000000, KeyEvent { action=ACTION_UP, keyCode=KEYCODE_DPAD_RIGHT, scanCode=0, metaState=0, flags=0x8, repeatCount=0, eventTime=93992, downTime=93992, deviceId=-1, source=0x101 }
W/dalvikvm(  945): DroidBox: { "FdAccess": { "path": "2f6465762f696e7075742f6576656e7430", "id": "364377528" } }
W/DroidBox(  945): DroidBox: { "FileRW": { "operation": "write", "data": "efbfbd060000efbfbdefbfbd0c000500000000000000", "id": "364377528" } }
I/ActivityManager(  228): START {act=android.search.action.GLOBAL_SEARCH flg=0x10000000 cmp=com.android.quicksearchbox/.SearchActivity bnds=[5,43][475,103] (has extras) u=0} from pid 623
I/Choreographer(  623): Skipped 55 frames!  The application may be doing too much work on its main thread.
D/InputEventConsistencyVerifier(  623): KeyEvent: ACTION_UP but key was not down.
D/InputEventConsistencyVerifier(  623):   in com.android.launcher2.Cling@b416cce8
D/InputEventConsistencyVerifier(  623):   0: sent at 94232000000, KeyEvent { action=ACTION_UP, keyCode=KEYCODE_DPAD_DOWN, scanCode=0, metaState=0, flags=0x8, repeatCount=0, eventTime=94232, downTime=94232, deviceId=-1, source=0x101 }
I/dalvikvm-heap(  623): Grow heap (frag case) to 15.095MB for 1463056-byte allocation
I/Choreographer(  623): Skipped 99 frames!  The application may be doing too much work on its main thread.
E/Trace   (  968): error opening trace file: No such file or directory (2)
W/DroidBox(  968): DroidBox: { "DexClassLoader": { "path": "/system/app/Mms.apk" } }
I/ActivityThread(  968): Pub mms_temp_file: com.android.mms.TempFileProvider
I/ActivityThread(  968): Pub com.android.mms.SuggestionsProvider: com.android.mms.SuggestionsProvider
I/qtaguid (  228): Failed write_ctrl(s 1 10050) res=-1 errno=1
W/NetworkManagementSocketTagger(  228): setKernelCountSet(10050, 1) failed with errno -1
E/Trace   (  975): error opening trace file: No such file or directory (2)
I/Choreographer(  623): Skipped 165 frames!  The application may be doing too much work on its main thread.
W/dalvikvm(  968): DroidBox: { "FdAccess": { "path": "2f646174612f646174612f636f6d2e616e64726f69642e6d6d732f7368617265645f70726566732f636f6d2e616e64726f69642e6d6d735f707265666572656e6365732e786d6c", "id": "1887959469" } }
W/DroidBox(  968): DroidBox: { "FileRW": { "operation": "write", "data": "3c3f786d6c2076657273696f6e3d27312e302720656e636f64696e673d277574662d3827207374616e64616c6f6e653d2779657327203f3e0a3c6d61703e0a3c626f6f6c65616e206e616d653d22707265665f6b65795f6d6d735f6175746f5f72657472", "id": "1887959469" } }
W/DroidBox(  975): DroidBox: { "DexClassLoader": { "path": "/data/app/ad.notify1-1.apk" } }
I/Choreographer(  623): Skipped 70 frames!  The application may be doing too much work on its main thread.
D/CountryDetector(  228): The first listener is added
I/System.out(  975): *****************************                          **     WHELCOME TO HELL     **                          *****************************
I/Choreographer(  623): Skipped 109 frames!  The application may be doing too much work on its main thread.
D/EmailProvider(  886): Creating EmailProviderBody database
W/dalvikvm(  968): DroidBox: { "FdAccess": { "path": "2f646174612f646174612f636f6d2e616e64726f69642e6d6d732f7368617265645f70726566732f5f6861735f7365745f64656661756c745f76616c7565732e786d6c", "id": "1742308356" } }
W/DroidBox(  968): DroidBox: { "FileRW": { "operation": "write", "data": "3c3f786d6c2076657273696f6e3d27312e302720656e636f64696e673d277574662d3827207374616e64616c6f6e653d2779657327203f3e0a3c6d61703e0a3c626f6f6c65616e206e616d653d225f6861735f7365745f64656661756c745f76616c7565", "id": "1742308356" } }
I/Choreographer(  623): Skipped 36 frames!  The application may be doing too much work on its main thread.
V/MmsConfig(  968): mnc/mcc: 310260
V/MmsConfig(  968): tag: bool value: enabledMMS - true
V/MmsConfig(  968): tag: int value: maxMessageSize - 307200
V/MmsConfig(  968): tag: int value: maxImageHeight - 480
V/MmsConfig(  968): tag: int value: maxImageWidth - 640
V/MmsConfig(  968): tag: int value: defaultSMSMessagesPerThread - 500
V/MmsConfig(  968): tag: int value: defaultMMSMessagesPerThread - 50
V/MmsConfig(  968): tag: int value: minMessageCountPerThread - 10
V/MmsConfig(  968): tag: int value: maxMessageCountPerThread - 5000
W/dalvikvm(  623): DroidBox: { "FdAccess": { "path": "2f646174612f646174612f636f6d2e616e64726f69642e6c61756e636865722f7368617265645f70726566732f636f6d2e616e64726f69642e6c61756e63686572322e70726566732e786d6c", "id": "482479216" } }
W/DroidBox(  623): DroidBox: { "FileRW": { "operation": "write", "data": "3c3f786d6c2076657273696f6e3d27312e302720656e636f64696e673d277574662d3827207374616e64616c6f6e653d2779657327203f3e0a3c6d61703e0a3c626f6f6c65616e206e616d653d22636c696e672e776f726b73706163652e6469736d6973", "id": "482479216" } }
V/MmsConfig(  968): tag: string value: uaProfUrl - http://www.google.com/oha/rdf/ua-profile-kila.xml
V/MmsConfig(  968): tag: int value: recipientLimit - -1
V/MmsConfig(  968): tag: bool value: enableMultipartSMS - true
V/MmsConfig(  968): tag: int value: smsToMmsTextThreshold - -1
I/ContactsDatabaseHelper(  572): Locale change completed in 6431ms
I/ContactsDatabaseHelper(  572): Switching to locale en_US
V/MmsConfig(  968): tag: bool value: enableSlideDuration - true
V/MmsConfig(  968): tag: int value: maxMessageTextSize - -1
D/EmailProvider(  886): Creating EmailProvider database
I/MediaProvider(  786): Upgrading media database from version 0 to 509, which will destroy all old data
I/System.out(  975): Db load OK
I/System.out(  975): table.rowsCount(): 63
I/System.out(  975): adUrl: http://m-love12.net/?aid=0&s=1&imei=357242043237511
D/EmailProvider(  886): fromDatabase accounts: 0
I/System.out(  975): adPeriod: 7200
D/EmailProvider(  886): ending toDatabase transaction; copyCount = 0
I/System.out(  975): sms: [ad.notify.SmsItem@b3e67250]
I/System.out(  975): smsCount: 1
D/EmailProvider(  886): ending fromDatabase transaction; copyCount = 0
I/System.out(  975): 5537: 8612314815048695826743.1
I/Email   (  886): Onetime initialization: completed.
I/System.out(  975): Settings::load() start
W/System.err(  975): java.io.FileNotFoundException: /data/data/ad.notify1/files/settings: open failed: ENOENT (No such file or directory)
W/System.err(  975): 	at libcore.io.IoBridge.open(IoBridge.java:416)
W/System.err(  975): 	at java.io.FileInputStream.<init>(FileInputStream.java:78)
W/System.err(  975): 	at android.app.ContextImpl.openFileInput(ContextImpl.java:647)
W/System.err(  975): 	at android.content.ContextWrapper.openFileInput(ContextWrapper.java:161)
W/System.err(  975): 	at ad.notify.Settings.load(Settings.java:56)
W/System.err(  975): 	at ad.notify.NotificationApplication.onCreate(NotificationApplication.java:94)
W/System.err(  975): 	at android.app.Instrumentation.callApplicationOnCreate(Instrumentation.java:999)
W/System.err(  975): 	at android.app.ActivityThread.handleBindApplication(ActivityThread.java:4151)
W/System.err(  975): 	at android.app.ActivityThread.access$1300(ActivityThread.java:130)
W/dalvikvm(  228): DroidBox: { "FdAccess": { "path": "2f70726f632f3934352f636d646c696e65", "id": "2107041795" } }
W/System.err(  975): 	at android.app.ActivityThread$H.handleMessage(ActivityThread.java:1255)
W/System.err(  975): 	at android.os.Handler.dispatchMessage(Handler.java:99)
W/System.err(  975): 	at android.os.Looper.loop(Looper.java:137)
W/System.err(  975): 	at android.app.ActivityThread.main(ActivityThread.java:4745)
W/System.err(  975): 	at java.lang.reflect.Method.invokeNative(Native Method)
W/System.err(  975): 	at java.lang.reflect.Method.invoke(Method.java:511)
W/System.err(  975): 	at com.android.internal.os.ZygoteInit$MethodAndArgsCaller.run(ZygoteInit.java:786)
W/System.err(  975): 	at com.android.internal.os.ZygoteInit.main(ZygoteInit.java:553)
W/System.err(  975): 	at dalvik.system.NativeStart.main(Native Method)
W/System.err(  975): Caused by: libcore.io.ErrnoException: open failed: ENOENT (No such file or directory)
W/DroidBox(  228): DroidBox: { "FileRW": { "operation": "read", "data": "636f6d2e616e64726f69642e636f6d6d616e64732e6d6f6e6b65790000000000000000000000000000000000000000000000000000000000000000000000000000000000000000000000000000000000000033646636313035643233396430332e61706b", "id": "2107041795" } }
W/System.err(  975): 	at libcore.io.Posix.open(Native Method)
W/System.err(  975): 	at libcore.io.BlockGuardOs.open(BlockGuardOs.java:110)
W/System.err(  975): 	at libcore.io.IoBridge.open(IoBridge.java:400)
W/System.err(  975): 	... 17 more
I/System.out(  975): Settings::load() end
I/System.out(  975): Settings::save() start
W/dalvikvm(  228): DroidBox: { "FdAccess": { "path": "2f70726f632f3936382f636d646c696e65", "id": "1623727648" } }
W/DroidBox(  228): DroidBox: { "FileRW": { "operation": "read", "data": "636f6d2e616e64726f69642e6d6d730000000000000000000000000000000000000000000000000000000000000000000000000000000000000000000000000000000000000000000000000000000000000033646636313035643233396430332e61706b", "id": "1623727648" } }
W/dalvikvm(  975): DroidBox: { "FdAccess": { "path": "2f646174612f646174612f61642e6e6f74696679312f66696c65732f73657474696e6773", "id": "1536568617" } }
W/DroidBox(  975): DroidBox: { "FileRW": { "operation": "write", "data": "efbfbdefbfbd00057372001561642e6e6f746966792e53657474696e67735365742753efbfbd4d4cefbfbdefbfbdefbfbd0200035a000c6973466972737453746172744a000474696d654c0003736d737400124c6a6176612f6c616e672f537472696e673b7870010000000000000000", "id": "1536568617" } }
W/dalvikvm(  228): DroidBox: { "FdAccess": { "path": "2f70726f632f3937352f636d646c696e65", "id": "1050722332" } }
W/DroidBox(  228): DroidBox: { "FileRW": { "operation": "read", "data": "61642e6e6f746966793100000000000000000000000000000000000000000000000000000000000000000000000000000000000000000000000000000000000000000000000000000000000000000000000033646636313035643233396430332e61706b", "id": "1050722332" } }
I/System.out(  975): Settings::save() end
I/System.out(  975): Settings::save() start
W/dalvikvm(  975): DroidBox: { "FdAccess": { "path": "2f646174612f646174612f61642e6e6f74696679312f66696c65732f73657474696e6773", "id": "913932467" } }
W/DroidBox(  975): DroidBox: { "FileRW": { "operation": "write", "data": "efbfbdefbfbd00057372001561642e6e6f746966792e53657474696e67735365742753efbfbd4d4cefbfbdefbfbdefbfbd0200035a000c6973466972737453746172744a000474696d654c0003736d737400124c6a6176612f6c616e672f537472696e673b7870000000000000000000", "id": "913932467" } }
I/System.out(  975): Settings::save() end
I/System.out(  975): FIRST START
W/DroidBox(  968): DroidBox: { "ServiceStart": { "name": "com.android.mms.transaction.SmsReceiverService" } }
W/DroidBox(  968): DroidBox: { "ServiceStart": { "name": "com.android.mms.transaction.SmsReceiverService" } }
W/dalvikvm(  886): DroidBox: { "FdAccess": { "path": "2f646174612f646174612f636f6d2e616e64726f69642e656d61696c2f7368617265645f70726566732f416e64726f69644d61696c2e4d61696e2e786d6c", "id": "473252755" } }
W/DroidBox(  886): DroidBox: { "FileRW": { "operation": "write", "data": "3c3f786d6c2076657273696f6e3d27312e302720656e636f64696e673d277574662d3827207374616e64616c6f6e653d2779657327203f3e0a3c6d61703e0a3c696e74206e616d653d226f6e6554696d65496e697469616c697a6174696f6e50726f6772", "id": "473252755" } }
I/ActivityManager(  228): Start proc com.android.voicedialer for broadcast com.android.voicedialer/.VoiceDialerReceiver: pid=1010 uid=10040 gids={3002, 1028}
D/PackageManager(  228): generateServicesMap(android.accounts.AccountAuthenticator): 2 services unchanged
D/PackageManager(  228): generateServicesMap(android.content.SyncAdapter): 4 services unchanged
I/InputReader(  228): Reconfiguring input devices.  changes=0x00000010
D/PackageManager(  228): generateServicesMap(android.accounts.AccountAuthenticator): 2 services unchanged
I/InputReader(  228): Reconfiguring input devices.  changes=0x00000010
D/PackageManager(  228): generateServicesMap(android.content.SyncAdapter): 4 services unchanged
I/Launcher(  623): setLoadOnResume
D/ExchangeService(  903): !!! EAS ExchangeService, onStartCommand, startingUp = true, running = false
E/Trace   ( 1010): error opening trace file: No such file or directory (2)
I/InputDispatcher(  228): Application is not responding: AppWindowToken{b3f23fb0 token=Token{b423c250 ActivityRecord{b40b8c18 ad.notify1/ad.notify.OperaUpdaterActivity}}}.  It has been 5198.0ms since event, 5004.8ms since wait started.  Reason: Waiting because no window has focus but there is a focused application that may eventually add a window when it finishes starting up.
I/WindowManager(  228): Input event dispatching timed out sending to application AppWindowToken{b3f23fb0 token=Token{b423c250 ActivityRecord{b40b8c18 ad.notify1/ad.notify.OperaUpdaterActivity}}}
I/Process (  228): Sending signal. PID: 975 SIG: 3
I/AccountTypeManager(  736): Loaded meta-data for 1 account types, 0 accounts in 857ms(wall) 10ms(cpu)
I/Launcher(  623): setLoadOnResume
I/AccountTypeManager(  736): Loaded meta-data for 1 account types, 0 accounts in 83ms(wall) 20ms(cpu)
I/Process (  228): Sending signal. PID: 228 SIG: 3
I/Process (  228): Sending signal. PID: 422 SIG: 3
I/Process (  228): Sending signal. PID: 493 SIG: 3
W/DroidBox( 1010): DroidBox: { "DexClassLoader": { "path": "/system/app/VoiceDialer.apk" } }
W/dalvikvm(  228): DroidBox: { "FdAccess": { "path": "2f70726f632f312f636d646c696e65", "id": "1717362402" } }
W/DroidBox(  228): DroidBox: { "FileRW": { "operation": "read", "data": "2f696e69740000000000000000000000000000000000000000000000000000000000000000000000000000000000000000000000000000000000000000000000000000000000000000000000000000000000000000000000000000000000000000000000", "id": "1717362402" } }
W/dalvikvm(  228): DroidBox: { "FdAccess": { "path": "2f70726f632f322f636d646c696e65", "id": "281794600" } }
W/DroidBox(  228): DroidBox: { "FileRW": { "operation": "read", "data": "2f696e69740000000000000000000000000000000000000000000000000000000000000000000000000000000000000000000000000000000000000000000000000000000000000000000000000000000000000000000000000000000000000000000000", "id": "281794600" } }
W/dalvikvm(  228): DroidBox: { "FdAccess": { "path": "2f70726f632f332f636d646c696e65", "id": "326376899" } }
W/DroidBox(  228): DroidBox: { "FileRW": { "operation": "read", "data": "2f696e69740000000000000000000000000000000000000000000000000000000000000000000000000000000000000000000000000000000000000000000000000000000000000000000000000000000000000000000000000000000000000000000000", "id": "326376899" } }
W/dalvikvm(  228): DroidBox: { "FdAccess": { "path": "2f70726f632f342f636d646c696e65", "id": "1717919428" } }
W/DroidBox(  228): DroidBox: { "FileRW": { "operation": "read", "data": "2f696e69740000000000000000000000000000000000000000000000000000000000000000000000000000000000000000000000000000000000000000000000000000000000000000000000000000000000000000000000000000000000000000000000", "id": "1717919428" } }
W/dalvikvm(  228): DroidBox: { "FdAccess": { "path": "2f70726f632f352f636d646c696e65", "id": "459466328" } }
W/DroidBox(  228): DroidBox: { "FileRW": { "operation": "read", "data": "2f696e69740000000000000000000000000000000000000000000000000000000000000000000000000000000000000000000000000000000000000000000000000000000000000000000000000000000000000000000000000000000000000000000000", "id": "459466328" } }
W/dalvikvm(  228): DroidBox: { "FdAccess": { "path": "2f70726f632f362f636d646c696e65", "id": "905776153" } }
W/DroidBox(  228): DroidBox: { "FileRW": { "operation": "read", "data": "2f696e69740000000000000000000000000000000000000000000000000000000000000000000000000000000000000000000000000000000000000000000000000000000000000000000000000000000000000000000000000000000000000000000000", "id": "905776153" } }
W/dalvikvm(  228): DroidBox: { "FdAccess": { "path": "2f70726f632f372f636d646c696e65", "id": "1637565544" } }
W/DroidBox(  228): DroidBox: { "FileRW": { "operation": "read", "data": "2f696e69740000000000000000000000000000000000000000000000000000000000000000000000000000000000000000000000000000000000000000000000000000000000000000000000000000000000000000000000000000000000000000000000", "id": "1637565544" } }
W/dalvikvm(  228): DroidBox: { "FdAccess": { "path": "2f70726f632f382f636d646c696e65", "id": "243441502" } }
W/DroidBox(  228): DroidBox: { "FileRW": { "operation": "read", "data": "2f696e69740000000000000000000000000000000000000000000000000000000000000000000000000000000000000000000000000000000000000000000000000000000000000000000000000000000000000000000000000000000000000000000000", "id": "243441502" } }
W/dalvikvm(  228): DroidBox: { "FdAccess": { "path": "2f70726f632f392f636d646c696e65", "id": "813221113" } }
W/DroidBox(  228): DroidBox: { "FileRW": { "operation": "read", "data": "2f696e69740000000000000000000000000000000000000000000000000000000000000000000000000000000000000000000000000000000000000000000000000000000000000000000000000000000000000000000000000000000000000000000000", "id": "813221113" } }
W/dalvikvm(  228): DroidBox: { "FdAccess": { "path": "2f70726f632f31302f636d646c696e65", "id": "1163577105" } }
W/DroidBox(  228): DroidBox: { "FileRW": { "operation": "read", "data": "2f696e69740000000000000000000000000000000000000000000000000000000000000000000000000000000000000000000000000000000000000000000000000000000000000000000000000000000000000000000000000000000000000000000000", "id": "1163577105" } }
W/dalvikvm(  228): DroidBox: { "FdAccess": { "path": "2f70726f632f31312f636d646c696e65", "id": "1170301855" } }
W/DroidBox(  228): DroidBox: { "FileRW": { "operation": "read", "data": "2f696e69740000000000000000000000000000000000000000000000000000000000000000000000000000000000000000000000000000000000000000000000000000000000000000000000000000000000000000000000000000000000000000000000", "id": "1170301855" } }
W/dalvikvm(  228): DroidBox: { "FdAccess": { "path": "2f70726f632f31322f636d646c696e65", "id": "809948752" } }
W/DroidBox(  228): DroidBox: { "FileRW": { "operation": "read", "data": "2f696e69740000000000000000000000000000000000000000000000000000000000000000000000000000000000000000000000000000000000000000000000000000000000000000000000000000000000000000000000000000000000000000000000", "id": "809948752" } }
W/dalvikvm(  228): DroidBox: { "FdAccess": { "path": "2f70726f632f31332f636d646c696e65", "id": "1178037794" } }
W/DroidBox(  228): DroidBox: { "FileRW": { "operation": "read", "data": "2f696e69740000000000000000000000000000000000000000000000000000000000000000000000000000000000000000000000000000000000000000000000000000000000000000000000000000000000000000000000000000000000000000000000", "id": "1178037794" } }
W/dalvikvm(  228): DroidBox: { "FdAccess": { "path": "2f70726f632f31342f636d646c696e65", "id": "1767226501" } }
W/DroidBox(  228): DroidBox: { "FileRW": { "operation": "read", "data": "2f696e69740000000000000000000000000000000000000000000000000000000000000000000000000000000000000000000000000000000000000000000000000000000000000000000000000000000000000000000000000000000000000000000000", "id": "1767226501" } }
W/dalvikvm(  228): DroidBox: { "FdAccess": { "path": "2f70726f632f32352f636d646c696e65", "id": "943048896" } }
W/DroidBox(  228): DroidBox: { "FileRW": { "operation": "read", "data": "2f696e69740000000000000000000000000000000000000000000000000000000000000000000000000000000000000000000000000000000000000000000000000000000000000000000000000000000000000000000000000000000000000000000000", "id": "943048896" } }
W/dalvikvm(  228): DroidBox: { "FdAccess": { "path": "2f70726f632f32362f636d646c696e65", "id": "807550449" } }
W/DroidBox(  228): DroidBox: { "FileRW": { "operation": "read", "data": "2f696e69740000000000000000000000000000000000000000000000000000000000000000000000000000000000000000000000000000000000000000000000000000000000000000000000000000000000000000000000000000000000000000000000", "id": "807550449" } }
W/dalvikvm(  228): DroidBox: { "FdAccess": { "path": "2f70726f632f32372f636d646c696e65", "id": "606020323" } }
W/DroidBox(  228): DroidBox: { "FileRW": { "operation": "read", "data": "2f696e69740000000000000000000000000000000000000000000000000000000000000000000000000000000000000000000000000000000000000000000000000000000000000000000000000000000000000000000000000000000000000000000000", "id": "606020323" } }
W/dalvikvm(  228): DroidBox: { "FdAccess": { "path": "2f70726f632f32382f636d646c696e65", "id": "2024149223" } }
W/DroidBox(  228): DroidBox: { "FileRW": { "operation": "read", "data": "2f696e69740000000000000000000000000000000000000000000000000000000000000000000000000000000000000000000000000000000000000000000000000000000000000000000000000000000000000000000000000000000000000000000000", "id": "2024149223" } }
W/dalvikvm(  228): DroidBox: { "FdAccess": { "path": "2f70726f632f32392f636d646c696e65", "id": "1892825833" } }
W/DroidBox(  228): DroidBox: { "FileRW": { "operation": "read", "data": "2f696e69740000000000000000000000000000000000000000000000000000000000000000000000000000000000000000000000000000000000000000000000000000000000000000000000000000000000000000000000000000000000000000000000", "id": "1892825833" } }
W/dalvikvm(  228): DroidBox: { "FdAccess": { "path": "2f70726f632f33302f636d646c696e65", "id": "1685776280" } }
W/DroidBox(  228): DroidBox: { "FileRW": { "operation": "read", "data": "2f696e69740000000000000000000000000000000000000000000000000000000000000000000000000000000000000000000000000000000000000000000000000000000000000000000000000000000000000000000000000000000000000000000000", "id": "1685776280" } }
W/dalvikvm(  228): DroidBox: { "FdAccess": { "path": "2f70726f632f33312f636d646c696e65", "id": "854961003" } }
W/DroidBox(  228): DroidBox: { "FileRW": { "operation": "read", "data": "2f7362696e2f756576656e7464000000000000000000000000000000000000000000000000000000000000000000000000000000000000000000000000000000000000000000000000000000000000000000000000000000000000000000000000000000", "id": "854961003" } }
W/dalvikvm(  228): DroidBox: { "FdAccess": { "path": "2f70726f632f33332f636d646c696e65", "id": "1570892690" } }
W/DroidBox(  228): DroidBox: { "FileRW": { "operation": "read", "data": "2f7362696e2f756576656e7464000000000000000000000000000000000000000000000000000000000000000000000000000000000000000000000000000000000000000000000000000000000000000000000000000000000000000000000000000000", "id": "1570892690" } }
W/dalvikvm(  228): DroidBox: { "FdAccess": { "path": "2f70726f632f33342f636d646c696e65", "id": "873940368" } }
W/DroidBox(  228): DroidBox: { "FileRW": { "operation": "read", "data": "2f7362696e2f756576656e7464000000000000000000000000000000000000000000000000000000000000000000000000000000000000000000000000000000000000000000000000000000000000000000000000000000000000000000000000000000", "id": "873940368" } }
W/dalvikvm(  228): DroidBox: { "FdAccess": { "path": "2f70726f632f33382f636d646c696e65", "id": "377679692" } }
W/DroidBox(  228): DroidBox: { "FileRW": { "operation": "read", "data": "2f7362696e2f756576656e7464000000000000000000000000000000000000000000000000000000000000000000000000000000000000000000000000000000000000000000000000000000000000000000000000000000000000000000000000000000", "id": "377679692" } }
W/dalvikvm(  228): DroidBox: { "FdAccess": { "path": "2f70726f632f34302f636d646c696e65", "id": "1416157286" } }
W/DroidBox(  228): DroidBox: { "FileRW": { "operation": "read", "data": "2f7362696e2f756576656e7464000000000000000000000000000000000000000000000000000000000000000000000000000000000000000000000000000000000000000000000000000000000000000000000000000000000000000000000000000000", "id": "1416157286" } }
W/dalvikvm(  228): DroidBox: { "FdAccess": { "path": "2f70726f632f34312f636d646c696e65", "id": "1791104987" } }
W/DroidBox(  228): DroidBox: { "FileRW": { "operation": "read", "data": "2f7362696e2f756576656e7464000000000000000000000000000000000000000000000000000000000000000000000000000000000000000000000000000000000000000000000000000000000000000000000000000000000000000000000000000000", "id": "1791104987" } }
W/dalvikvm(  228): DroidBox: { "FdAccess": { "path": "2f70726f632f34342f636d646c696e65", "id": "1556123638" } }
W/DroidBox(  228): DroidBox: { "FileRW": { "operation": "read", "data": "2f7362696e2f756576656e7464000000000000000000000000000000000000000000000000000000000000000000000000000000000000000000000000000000000000000000000000000000000000000000000000000000000000000000000000000000", "id": "1556123638" } }
W/dalvikvm(  228): DroidBox: { "FdAccess": { "path": "2f70726f632f34362f636d646c696e65", "id": "1223306447" } }
W/DroidBox(  228): DroidBox: { "FileRW": { "operation": "read", "data": "2f7362696e2f756576656e7464000000000000000000000000000000000000000000000000000000000000000000000000000000000000000000000000000000000000000000000000000000000000000000000000000000000000000000000000000000", "id": "1223306447" } }
W/dalvikvm(  228): DroidBox: { "FdAccess": { "path": "2f70726f632f34372f636d646c696e65", "id": "507816883" } }
W/DroidBox(  228): DroidBox: { "FileRW": { "operation": "read", "data": "2f7362696e2f756576656e7464000000000000000000000000000000000000000000000000000000000000000000000000000000000000000000000000000000000000000000000000000000000000000000000000000000000000000000000000000000", "id": "507816883" } }
W/dalvikvm(  228): DroidBox: { "FdAccess": { "path": "2f70726f632f34382f636d646c696e65", "id": "460561594" } }
W/DroidBox(  228): DroidBox: { "FileRW": { "operation": "read", "data": "2f73797374656d2f62696e2f71656d75640000000000000000000000000000000000000000000000000000000000000000000000000000000000000000000000000000000000000000000000000000000000000000000000000000000000000000000000", "id": "460561594" } }
W/dalvikvm(  228): DroidBox: { "FdAccess": { "path": "2f70726f632f35312f636d646c696e65", "id": "958250472" } }
W/DroidBox(  228): DroidBox: { "FileRW": { "operation": "read", "data": "2f73797374656d2f62696e2f71656d75640000000000000000000000000000000000000000000000000000000000000000000000000000000000000000000000000000000000000000000000000000000000000000000000000000000000000000000000", "id": "958250472" } }
W/dalvikvm(  228): DroidBox: { "FdAccess": { "path": "2f70726f632f35332f636d646c696e65", "id": "1056637990" } }
W/DroidBox(  228): DroidBox: { "FileRW": { "operation": "read", "data": "2f73797374656d2f62696e2f736572766963656d616e616765720000000000000000000000000000000000000000000000000000000000000000000000000000000000000000000000000000000000000000000000000000000000000000000000000000", "id": "1056637990" } }
W/dalvikvm(  228): DroidBox: { "FdAccess": { "path": "2f70726f632f35342f636d646c696e65", "id": "99368992" } }
W/DroidBox(  228): DroidBox: { "FileRW": { "operation": "read", "data": "2f73797374656d2f62696e2f766f6c640063656d616e616765720000000000000000000000000000000000000000000000000000000000000000000000000000000000000000000000000000000000000000000000000000000000000000000000000000", "id": "99368992" } }
W/dalvikvm(  228): DroidBox: { "FdAccess": { "path": "2f70726f632f35362f636d646c696e65", "id": "615259262" } }
W/DroidBox(  228): DroidBox: { "FileRW": { "operation": "read", "data": "2f73797374656d2f62696e2f6e6574640063656d616e616765720000000000000000000000000000000000000000000000000000000000000000000000000000000000000000000000000000000000000000000000000000000000000000000000000000", "id": "615259262" } }
W/dalvikvm(  228): DroidBox: { "FdAccess": { "path": "2f70726f632f35372f636d646c696e65", "id": "1906183011" } }
W/DroidBox(  228): DroidBox: { "FileRW": { "operation": "read", "data": "2f73797374656d2f62696e2f64656275676765726400616765720000000000000000000000000000000000000000000000000000000000000000000000000000000000000000000000000000000000000000000000000000000000000000000000000000", "id": "1906183011" } }
W/dalvikvm(  228): DroidBox: { "FdAccess": { "path": "2f70726f632f35382f636d646c696e65", "id": "1287560384" } }
W/DroidBox(  228): DroidBox: { "FileRW": { "operation": "read", "data": "2f73797374656d2f62696e2f72696c64006765726400616765720000000000000000000000000000000000000000000000000000000000000000000000000000000000000000000000000000000000000000000000000000000000000000000000000000", "id": "1287560384" } }
W/dalvikvm(  228): DroidBox: { "FdAccess": { "path": "2f70726f632f35392f636d646c696e65", "id": "1609737577" } }
W/DroidBox(  228): DroidBox: { "FileRW": { "operation": "read", "data": "2f73797374656d2f62696e2f73757266616365666c696e6765720000000000000000000000000000000000000000000000000000000000000000000000000000000000000000000000000000000000000000000000000000000000000000000000000000", "id": "1609737577" } }
W/dalvikvm(  228): DroidBox: { "FdAccess": { "path": "2f70726f632f36302f636d646c696e65", "id": "2017201993" } }
W/DroidBox(  228): DroidBox: { "FileRW": { "operation": "read", "data": "7a79676f7465002f62696e2f6170705f70726f63657373002d587a79676f7465002f73797374656d2f62696e002d2d7a79676f7465002d2d73746172742d73797374656d2d73657276657200000000000000000000000000000000000000000000000000", "id": "2017201993" } }
W/dalvikvm(  228): DroidBox: { "FdAccess": { "path": "2f70726f632f36312f636d646c696e65", "id": "196842838" } }
W/DroidBox(  228): DroidBox: { "FileRW": { "operation": "read", "data": "2f73797374656d2f62696e2f64726d7365727665720073002d587a79676f7465002f73797374656d2f62696e002d2d7a79676f7465002d2d73746172742d73797374656d2d73657276657200000000000000000000000000000000000000000000000000", "id": "196842838" } }
W/dalvikvm(  228): DroidBox: { "FdAccess": { "path": "2f70726f632f36322f636d646c696e65", "id": "1985602217" } }
W/DroidBox(  228): DroidBox: { "FileRW": { "operation": "read", "data": "2f73797374656d2f62696e2f6d65646961736572766572002d587a79676f7465002f73797374656d2f62696e002d2d7a79676f7465002d2d73746172742d73797374656d2d73657276657200000000000000000000000000000000000000000000000000", "id": "1985602217" } }
W/dalvikvm(  228): DroidBox: { "FdAccess": { "path": "2f70726f632f36332f636d646c696e65", "id": "434054212" } }
W/DroidBox(  228): DroidBox: { "FileRW": { "operation": "read", "data": "2f73797374656d2f62696e2f646275732d6461656d6f6e002d2d73797374656d002d2d6e6f666f726b00696e002d2d7a79676f7465002d2d73746172742d73797374656d2d73657276657200000000000000000000000000000000000000000000000000", "id": "434054212" } }
W/dalvikvm(  228): DroidBox: { "FdAccess": { "path": "2f70726f632f36342f636d646c696e65", "id": "1014878407" } }
W/DroidBox(  228): DroidBox: { "FileRW": { "operation": "read", "data": "2f73797374656d2f62696e2f696e7374616c6c64006f6e002d2d73797374656d002d2d6e6f666f726b00696e002d2d7a79676f7465002d2d73746172742d73797374656d2d73657276657200000000000000000000000000000000000000000000000000", "id": "1014878407" } }
W/dalvikvm(  228): DroidBox: { "FdAccess": { "path": "2f70726f632f36352f636d646c696e65", "id": "1903037847" } }
W/DroidBox(  228): DroidBox: { "FileRW": { "operation": "read", "data": "2f73797374656d2f62696e2f6b657973746f7265002f646174612f6d6973632f6b657973746f72650000696e002d2d7a79676f7465002d2d73746172742d73797374656d2d73657276657200000000000000000000000000000000000000000000000000", "id": "1903037847" } }
W/dalvikvm(  228): DroidBox: { "FdAccess": { "path": "2f70726f632f36362f636d646c696e65", "id": "2022847454" } }
W/DroidBox(  228): DroidBox: { "FileRW": { "operation": "read", "data": "2f73797374656d2f62696e2f73680073746f7265002f646174612f6d6973632f6b657973746f72650000696e002d2d7a79676f7465002d2d73746172742d73797374656d2d73657276657200000000000000000000000000000000000000000000000000", "id": "2022847454" } }
W/dalvikvm(  228): DroidBox: { "FdAccess": { "path": "2f70726f632f36372f636d646c696e65", "id": "1885869663" } }
W/DroidBox(  228): DroidBox: { "FileRW": { "operation": "read", "data": "2f7362696e2f61646264002f73680073746f7265002f646174612f6d6973632f6b657973746f72650000696e002d2d7a79676f7465002d2d73746172742d73797374656d2d73657276657200000000000000000000000000000000000000000000000000", "id": "1885869663" } }
W/dalvikvm(  228): DroidBox: { "FdAccess": { "path": "2f70726f632f3232382f636d646c696e65", "id": "660397921" } }
W/DroidBox(  228): DroidBox: { "FileRW": { "operation": "read", "data": "73797374656d5f736572766572000000000000000000000000000000000000000000000000000000000000000000000000000000000000000000000000000000000000000000000000000000000000000000000000000000000000000000000000000000", "id": "660397921" } }
W/dalvikvm(  228): DroidBox: { "FdAccess": { "path": "2f70726f632f3432322f636d646c696e65", "id": "647297135" } }
W/DroidBox(  228): DroidBox: { "FileRW": { "operation": "read", "data": "636f6d2e616e64726f69642e73797374656d75690000000000000000000000000000000000000000000000000000000000000000000000000000000000000000000000000000000000000000000000000000000000000000000000000000000000000000", "id": "647297135" } }
W/dalvikvm(  228): DroidBox: { "FdAccess": { "path": "2f70726f632f3437382f636d646c696e65", "id": "1057417502" } }
W/DroidBox(  228): DroidBox: { "FileRW": { "operation": "read", "data": "636f6d2e616e64726f69642e696e7075746d6574686f642e6c6174696e0000000000000000000000000000000000000000000000000000000000000000000000000000000000000000000000000000000000000000000000000000000000000000000000", "id": "1057417502" } }
W/dalvikvm(  228): DroidBox: { "FdAccess": { "path": "2f70726f632f3439332f636d646c696e65", "id": "161421854" } }
W/DroidBox(  228): DroidBox: { "FileRW": { "operation": "read", "data": "636f6d2e616e64726f69642e70686f6e650000000000000000000000000000000000000000000000000000000000000000000000000000000000000000000000000000000000000000000000000000000000000000000000000000000000000000000000", "id": "161421854" } }
W/dalvikvm(  228): DroidBox: { "FdAccess": { "path": "2f70726f632f3531322f636d646c696e65", "id": "1554479978" } }
W/DroidBox(  228): DroidBox: { "FileRW": { "operation": "read", "data": "636f6d2e616e64726f69642e73657474696e67730000000000000000000000000000000000000000000000000000000000000000000000000000000000000000000000000000000000000000000000000000000000000000000000000000000000000000", "id": "1554479978" } }
W/dalvikvm(  228): DroidBox: { "FdAccess": { "path": "2f70726f632f3534372f636d646c696e65", "id": "1724396612" } }
W/DroidBox(  228): DroidBox: { "FileRW": { "operation": "read", "data": "636f6d2e616e64726f69642e736d7370757368000000000000000000000000000000000000000000000000000000000000000000000000000000000000000000000000000000000000000000000000000000000000000000000000000000000000000000", "id": "1724396612" } }
W/dalvikvm(  228): DroidBox: { "FdAccess": { "path": "2f70726f632f3535382f636d646c696e65", "id": "1706107353" } }
W/DroidBox(  228): DroidBox: { "FileRW": { "operation": "read", "data": "636f6d2e616e64726f69642e70726f766973696f6e00000000000000000000000000000000000000000000000000000000000000000000000000000000000000000000000000000000000000000000000000000000000000000000000000000000000000", "id": "1706107353" } }
W/dalvikvm(  228): DroidBox: { "FdAccess": { "path": "2f70726f632f3537322f636d646c696e65", "id": "2124731500" } }
W/DroidBox(  228): DroidBox: { "FileRW": { "operation": "read", "data": "616e64726f69642e70726f636573732e61636f726500000000000000000000000000000000000000000000000000000000000000000000000000000000000000000000000000000000000000000000000000000000000000000000000000000000000000", "id": "2124731500" } }
W/dalvikvm(  228): DroidBox: { "FdAccess": { "path": "2f70726f632f3630342f636d646c696e65", "id": "1523002050" } }
W/DroidBox(  228): DroidBox: { "FileRW": { "operation": "read", "data": "636f6d2e616e64726f69642e63616c656e6461720000000000000000000000000000000000000000000000000000000000000000000000000000000000000000000000000000000000000000000000000000000000000000000000000000000000000000", "id": "1523002050" } }
W/dalvikvm(  228): DroidBox: { "FdAccess": { "path": "2f70726f632f3632332f636d646c696e65", "id": "1839722" } }
W/DroidBox(  228): DroidBox: { "FileRW": { "operation": "read", "data": "636f6d2e616e64726f69642e6c61756e636865720000000000000000000000000000000000000000000000000000000000000000000000000000000000000000000000000000000000000000000000000000000000000000000000000000000000000000", "id": "1839722" } }
W/dalvikvm(  228): DroidBox: { "FdAccess": { "path": "2f70726f632f3634372f636d646c696e65", "id": "1896082396" } }
W/DroidBox(  228): DroidBox: { "FileRW": { "operation": "read", "data": "636f6d2e616e64726f69642e6465736b636c6f636b00000000000000000000000000000000000000000000000000000000000000000000000000000000000000000000000000000000000000000000000000000000000000000000000000000000000000", "id": "1896082396" } }
W/dalvikvm(  228): DroidBox: { "FdAccess": { "path": "2f70726f632f3637372f636d646c696e65", "id": "306294377" } }
W/DroidBox(  228): DroidBox: { "FileRW": { "operation": "read", "data": "636f6d2e616e64726f69642e70726f7669646572732e63616c656e64617200000000000000000000000000000000000000000000000000000000000000000000000000000000000000000000000000000000000000000000000000000000000000000000", "id": "306294377" } }
W/dalvikvm(  228): DroidBox: { "FdAccess": { "path": "2f70726f632f3733362f636d646c696e65", "id": "1454568065" } }
W/DroidBox(  228): DroidBox: { "FileRW": { "operation": "read", "data": "636f6d2e616e64726f69642e636f6e74616374730000000000000000000000000000000000000000000000000000000000000000000000000000000000000000000000000000000000000000000000000000000000000000000000000000000000000000", "id": "1454568065" } }
D/MmsSmsDatabaseHelper(  493): [MmsSmsDb] tableName: threads hasAutoIncrement: CREATE TABLE threads (_id INTEGER PRIMARY KEY AUTOINCREMENT,date INTEGER DEFAULT 0,message_count INTEGER DEFAULT 0,recipient_ids TEXT,snippet TEXT,snippet_cs INTEGER DEFAULT 0,read INTEGER DEFAULT 1,type INTEGER DEFAULT 0,error INTEGER DEFAULT 0,has_attachment INTEGER DEFAULT 0) result: true
D/MmsSmsDatabaseHelper(  493): [MmsSmsDb] tableName: canonical_addresses hasAutoIncrement: CREATE TABLE canonical_addresses (_id INTEGER PRIMARY KEY AUTOINCREMENT,address TEXT) result: true
W/dalvikvm(  228): DroidBox: { "FdAccess": { "path": "2f70726f632f3738362f636d646c696e65", "id": "108110483" } }
W/DroidBox(  228): DroidBox: { "FileRW": { "operation": "read", "data": "616e64726f69642e70726f636573732e6d6564696100000000000000000000000000000000000000000000000000000000000000000000000000000000000000000000000000000000000000000000000000000000000000000000000000000000000000", "id": "108110483" } }
W/dalvikvm(  228): DroidBox: { "FdAccess": { "path": "2f70726f632f3835382f636d646c696e65", "id": "1348187428" } }
W/DroidBox(  228): DroidBox: { "FileRW": { "operation": "read", "data": "636f6d2e616e64726f69642e646566636f6e7461696e657200000000000000000000000000000000000000000000000000000000000000000000000000000000000000000000000000000000000000000000000000000000000000000000000000000000", "id": "1348187428" } }
W/dalvikvm(  228): DroidBox: { "FdAccess": { "path": "2f70726f632f3838362f636d646c696e65", "id": "192994380" } }
W/DroidBox(  228): DroidBox: { "FileRW": { "operation": "read", "data": "636f6d2e616e64726f69642e656d61696c0000000000000000000000000000000000000000000000000000000000000000000000000000000000000000000000000000000000000000000000000000000000000000000000000000000000000000000000", "id": "192994380" } }
W/dalvikvm(  228): DroidBox: { "FdAccess": { "path": "2f70726f632f3930332f636d646c696e65", "id": "1523445386" } }
W/DroidBox(  228): DroidBox: { "FileRW": { "operation": "read", "data": "636f6d2e616e64726f69642e65786368616e67650000000000000000000000000000000000000000000000000000000000000000000000000000000000000000000000000000000000000000000000000000000000000000000000000000000000000000", "id": "1523445386" } }
W/dalvikvm(  228): DroidBox: { "FdAccess": { "path": "2f70726f632f3931392f636d646c696e65", "id": "1680451808" } }
W/DroidBox(  228): DroidBox: { "FileRW": { "operation": "read", "data": "636f6d2e616e64726f69642e67616c6c657279336400000000000000000000000000000000000000000000000000000000000000000000000000000000000000000000000000000000000000000000000000000000000000000000000000000000000000", "id": "1680451808" } }
W/dalvikvm(  228): DroidBox: { "FdAccess": { "path": "2f70726f632f3934352f636d646c696e65", "id": "78547509" } }
W/DroidBox(  228): DroidBox: { "FileRW": { "operation": "read", "data": "636f6d2e616e64726f69642e636f6d6d616e64732e6d6f6e6b657900000000000000000000000000000000000000000000000000000000000000000000000000000000000000000000000000000000000000000000000000000000000000000000000000", "id": "78547509" } }
W/dalvikvm(  228): DroidBox: { "FdAccess": { "path": "2f70726f632f3935302f636d646c696e65", "id": "16505959" } }
W/DroidBox(  228): DroidBox: { "FileRW": { "operation": "read", "data": "6c6f676361740044726f6964426f783a570064616c76696b766d3a570041637469766974794d616e616765723a49000000000000000000000000000000000000000000000000000000000000000000000000000000000000000000000000000000000000", "id": "16505959" } }
W/dalvikvm(  228): DroidBox: { "FdAccess": { "path": "2f70726f632f3935322f636d646c696e65", "id": "157866374" } }
W/DroidBox(  228): DroidBox: { "FileRW": { "operation": "read", "data": "2f73797374656d2f62696e2f7368002d63007368202e2f7364636172642f65786563757465537472616365496e2e736800000000000000000000000000000000000000000000000000000000000000000000000000000000000000000000000000000000", "id": "157866374" } }
W/dalvikvm(  228): DroidBox: { "FdAccess": { "path": "2f70726f632f3935342f636d646c696e65", "id": "331443235" } }
W/DroidBox(  228): DroidBox: { "FileRW": { "operation": "read", "data": "7368002e2f7364636172642f65786563757465537472616365496e2e736800786563757465537472616365496e2e736800000000000000000000000000000000000000000000000000000000000000000000000000000000000000000000000000000000", "id": "331443235" } }
W/dalvikvm(  228): DroidBox: { "FdAccess": { "path": "2f70726f632f3935352f636d646c696e65", "id": "710996060" } }
W/DroidBox(  228): DroidBox: { "FileRW": { "operation": "read", "data": "737472616365002d70003630002d66002d747446002d6f002f7364636172642f306239653531313035363861373536393036626431613338653865326464366364303064326563653761386236343439386333646636313035643233396430332e61706b", "id": "710996060" } }
W/dalvikvm(  228): DroidBox: { "FdAccess": { "path": "2f70726f632f3936382f636d646c696e65", "id": "1920441136" } }
W/DroidBox(  228): DroidBox: { "FileRW": { "operation": "read", "data": "636f6d2e616e64726f69642e6d6d730000000000000000000000000000000000000000000000000000000000000000000000000000000000000000000000000000000000000000000000000036343439386333646636313035643233396430332e61706b", "id": "1920441136" } }
W/dalvikvm(  228): DroidBox: { "FdAccess": { "path": "2f70726f632f3937352f636d646c696e65", "id": "263219765" } }
W/DroidBox(  228): DroidBox: { "FileRW": { "operation": "read", "data": "61642e6e6f746966793100000000000000000000000000000000000000000000000000000000000000000000000000000000000000000000000000000000000000000000000000000000000036343439386333646636313035643233396430332e61706b", "id": "263219765" } }
W/dalvikvm(  228): DroidBox: { "FdAccess": { "path": "2f70726f632f313031302f636d646c696e65", "id": "210836308" } }
W/DroidBox(  228): DroidBox: { "FileRW": { "operation": "read", "data": "636f6d2e616e64726f69642e766f6963656469616c6572000000000000000000000000000000000000000000000000000000000000000000000000000000000000000000000000000000000036343439386333646636313035643233396430332e61706b", "id": "210836308" } }
W/ActivityManager(  228): Launch timeout has expired, giving up wake lock!
D/MmsSmsDatabaseHelper(  493): [getWritableDatabase] hasAutoIncrementThreads: true hasAutoIncrementAddresses: true
W/dalvikvm(  228): DroidBox: { "FdAccess": { "path": "2f70726f632f313031302f636d646c696e65", "id": "911109803" } }
W/DroidBox(  228): DroidBox: { "FileRW": { "operation": "read", "data": "636f6d2e616e64726f69642e766f6963656469616c6572000000000000000000000000000000000000000000000000000000000000000000000000000000000000000000000000000000000000000000000033646636313035643233396430332e61706b", "id": "911109803" } }
W/dalvikvm(  919): DroidBox: { "FdAccess": { "path": "2f646174612f646174612f636f6d2e616e64726f69642e67616c6c65727933642f7368617265645f70726566732f636f6d2e616e64726f69642e67616c6c65727933645f707265666572656e6365732e786d6c", "id": "1260963481" } }
W/DroidBox(  919): DroidBox: { "FileRW": { "operation": "write", "data": "3c3f786d6c2076657273696f6e3d27312e302720656e636f64696e673d277574662d3827207374616e64616c6f6e653d2779657327203f3e0a3c6d61703e0a3c696e74206e616d653d227061636b616765732d76657273696f6e222076616c75653d2232", "id": "1260963481" } }
V/PhoneStatusBar(  422): setLightsOn(true)
I/Choreographer(  975): Skipped 85 frames!  The application may be doing too much work on its main thread.
D/gralloc_goldfish(  975): Emulator without GPU emulation detected.
I/Process (  228): Sending signal. PID: 623 SIG: 3
W/dalvikvm(  919): DroidBox: { "FdAccess": { "path": "2f646174612f646174612f636f6d2e616e64726f69642e67616c6c65727933642f7368617265645f70726566732f636f6d2e616e64726f69642e67616c6c65727933645f707265666572656e6365732e786d6c", "id": "1801181224" } }
W/DroidBox(  919): DroidBox: { "FileRW": { "operation": "write", "data": "3c3f786d6c2076657273696f6e3d27312e302720656e636f64696e673d277574662d3827207374616e64616c6f6e653d2779657327203f3e0a3c6d61703e0a3c696e74206e616d653d227061636b616765732d76657273696f6e222076616c75653d2233", "id": "1801181224" } }
I/Process (  228): Sending signal. PID: 572 SIG: 3
I/Process (  228): Sending signal. PID: 919 SIG: 3
I/Process (  228): Sending signal. PID: 1010 SIG: 3
I/Choreographer(  975): Skipped 38 frames!  The application may be doing too much work on its main thread.
I/ActivityManager(  228): Displayed ad.notify1/ad.notify.OperaUpdaterActivity: +11s399ms
E/ActivityManager(  228): ANR in ad.notify1 (ad.notify1/ad.notify.OperaUpdaterActivity)
E/ActivityManager(  228): Reason: keyDispatchingTimedOut
E/ActivityManager(  228): Load: 8.98 / 2.52 / 0.87
E/ActivityManager(  228): CPU usage from 1662ms to -3576ms ago:
E/ActivityManager(  228):   32% 228/system_server: 25% user + 6.5% kernel / faults: 1789 minor 2 major
E/ActivityManager(  228):   21% 955/strace: 7.6% user + 13% kernel
E/ActivityManager(  228):   9.4% 975/ad.notify1: 5.2% user + 4.2% kernel / faults: 1075 minor
E/ActivityManager(  228):   9% 67/adbd: 0.1% user + 8.8% kernel / faults: 621 minor
E/ActivityManager(  228):   5.5% 786/android.process.media: 4.1% user + 1.3% kernel / faults: 151 minor
E/ActivityManager(  228):   4.3% 572/android.process.acore: 4.3% user + 0% kernel / faults: 144 minor
E/ActivityManager(  228):   4% 950/logcat: 0% user + 4% kernel
E/ActivityManager(  228):   2.6% 623/com.android.launcher: 1.7% user + 0.9% kernel / faults: 562 minor
E/ActivityManager(  228):   2.4% 493/com.android.phone: 1.6% user + 0.7% kernel / faults: 163 minor
E/ActivityManager(  228):   1.3% 59/surfaceflinger: 0.1% user + 1.1% kernel / faults: 375 minor
E/ActivityManager(  228):   0.7% 62/mediaserver: 0.3% user + 0.3% kernel
E/ActivityManager(  228):   0.2% 736/com.android.contacts: 0.1% user + 0% kernel / faults: 3 minor
E/ActivityManager(  228):   0.5% 886/com.android.email: 0.5% user + 0% kernel / faults: 176 minor
E/ActivityManager(  228):   0.1% 51/kworker/0:2: 0% user + 0.1% kernel
E/ActivityManager(  228):   0.3% 60/zygote: 0% user + 0.3% kernel / faults: 70 minor
E/ActivityManager(  228):   0.1% 422/com.android.systemui: 0% user + 0.1% kernel / faults: 98 minor
E/ActivityManager(  228):   0.3% 968/com.android.mms: 0.3% user + 0% kernel / faults: 15 minor
E/ActivityManager(  228):   0.1% 26/mtdblock1: 0% user + 0.1% kernel
E/ActivityManager(  228):   0.1% 40/jbd2/mtdblock1-: 0% user + 0.1% kernel
E/ActivityManager(  228):   0% 903/com.android.exchange: 0% user + 0% kernel / faults: 54 minor
E/ActivityManager(  228):   0% 919/com.android.gallery3d: 0% user + 0% kernel / faults: 92 minor
E/ActivityManager(  228):  +0% 1010/com.android.voicedialer: 0% user + 0% kernel
E/ActivityManager(  228): 100% TOTAL: 54% user + 44% kernel + 0.2% softirq
E/ActivityManager(  228): CPU usage from 3318ms to 3875ms later:
E/ActivityManager(  228):   15% 955/strace: 3.1% user + 12% kernel
E/ActivityManager(  228):   21% 228/system_server: 10% user + 10% kernel / faults: 23 minor
E/ActivityManager(  228):     7.1% 340/InputDispatcher: 0% user + 7.1% kernel
E/ActivityManager(  228):     1.7% 238/Binder_1: 1.7% user + 0% kernel
E/ActivityManager(  228):     1.7% 242/ActivityManager: 0% user + 1.7% kernel
E/ActivityManager(  228):     1.7% 248/PackageManager: 1.7% user + 0% kernel
E/ActivityManager(  228):     1.7% 322/PackageMonitor: 0% user + 1.7% kernel
E/ActivityManager(  228):     1.7% 400/Binder_3: 1.7% user + 0% kernel
E/ActivityManager(  228):     1.7% 596/Binder_7: 1.7% user + 0% kernel
E/ActivityManager(  228):     1.7% 883/Binder_B: 1.7% user + 0% kernel
E/ActivityManager(  228):     1.7% 884/Binder_C: 1.7% user + 0% kernel
E/ActivityManager(  228):   8.6% 975/ad.notify1: 3.2% user + 5.3% kernel / faults: 493 minor
E/ActivityManager(  228):     8.6% 975/ad.notify1: 3.2% user + 5.3% kernel
E/ActivityManager(  228):   4.3% 623/com.android.launcher: 4.3% user + 0% kernel / faults: 7 minor
E/ActivityManager(  228):     4.3% 623/ndroid.launcher: 4.3% user + 0% kernel
E/ActivityManager(  228):   2.1% 59/surfaceflinger: 1% user + 1% kernel
E/ActivityManager(  228):     1.5% 95/SurfaceFlinger: 1% user + 0.5% kernel
E/ActivityManager(  228):     0.5% 98/VSyncThread: 0.5% user + 0% kernel
E/ActivityManager(  228):   5.3% 67/adbd: 3.5% user + 1.7% kernel / faults: 28 minor
E/ActivityManager(  228):     5.3% 223/adbd: 1.7% user + 3.5% kernel
E/ActivityManager(  228):   4.2% 572/android.process.acore: 4.2% user + 0% kernel / faults: 8 minor
E/ActivityManager(  228):     2.8% 644/ContactsProvide: 2.8% user + 0% kernel
E/ActivityManager(  228):     1.4% 633/ApplicationsPro: 1.4% user + 0% kernel
E/ActivityManager(  228):   2.9% 919/com.android.gallery3d: 1.9% user + 0.9% kernel / faults: 93 minor
E/ActivityManager(  228):     0.9% 919/droid.gallery3d: 0.9% user + 0% kernel
E/ActivityManager(  228):     0.9% 931/Binder_2: 0.9% user + 0% kernel
