D/InputEventConsistencyVerifier(  636): KeyEvent: ACTION_UP but key was not down.
D/InputEventConsistencyVerifier(  636):   in com.android.internal.policy.impl.PhoneWindow$DecorView@b4189f78
D/InputEventConsistencyVerifier(  636):   0: sent at 126197000000, KeyEvent { action=ACTION_UP, keyCode=KEYCODE_DPAD_RIGHT, scanCode=0, metaState=0, flags=0x8, repeatCount=0, eventTime=126197, downTime=126197, deviceId=-1, source=0x101 }
W/dalvikvm( 1025): DroidBox: { "FdAccess": { "path": "2f6465762f696e7075742f6576656e7430", "id": "1874233346" } }
W/DroidBox( 1025): DroidBox: { "FileRW": { "operation": "write", "data": "efbfbd060000efbfbdefbfbd0c000500000000000000", "id": "1874233346" } }
I/ActivityManager(  235): START {act=android.search.action.GLOBAL_SEARCH flg=0x10000000 cmp=com.android.quicksearchbox/.SearchActivity bnds=[5,43][475,103] (has extras) u=0} from pid 636
E/Trace   ( 1058): error opening trace file: No such file or directory (2)
I/Choreographer(  636): Skipped 71 frames!  The application may be doing too much work on its main thread.
I/Choreographer(  636): Skipped 46 frames!  The application may be doing too much work on its main thread.
W/DroidBox( 1058): DroidBox: { "DexClassLoader": { "path": "/system/app/PicoTts.apk" } }
I/ActivityThread( 1058): Pub com.svox.pico.providers.SettingsProvider: com.svox.pico.providers.SettingsProvider
I/qtaguid (  235): Failed write_ctrl(s 1 10050) res=-1 errno=1
E/Trace   ( 1070): error opening trace file: No such file or directory (2)
W/NetworkManagementSocketTagger(  235): setKernelCountSet(10050, 1) failed with errno -1
W/DroidBox( 1070): DroidBox: { "DexClassLoader": { "path": "/data/app/com.talkweb.ycya.free-1.apk" } }
W/dalvikvm( 1044): DroidBox: { "FdAccess": { "path": "2f646174612f646174612f636f6d2e616e64726f69642e6d7573696366782f7368617265645f70726566732f6d7573696366782e786d6c", "id": "514000217" } }
I/dalvikvm-heap(  636): Grow heap (frag case) to 15.122MB for 1463056-byte allocation
W/DroidBox( 1044): DroidBox: { "FileRW": { "operation": "write", "data": "3c3f786d6c2076657273696f6e3d27312e302720656e636f64696e673d277574662d3827207374616e64616c6f6e653d2779657327203f3e0a3c6d61703e0a3c737472696e67206e616d653d2264656661756c7470616e656c7061636b616765223e636f", "id": "514000217" } }
I/dalvikvm-heap( 1070): Grow heap (frag case) to 9.004MB for 497936-byte allocation
I/ActivityManager(  235): No longer want com.android.provision (pid 577): hidden #16
W/InputMethodManagerService(  235): Starting input on non-focused client com.android.internal.view.IInputMethodClient$Stub$Proxy@b432c8e0 (uid=10019 pid=636)
D/InputEventConsistencyVerifier(  636): KeyEvent: ACTION_UP but key was not down.
D/InputEventConsistencyVerifier(  636):   in com.android.launcher2.Cling@b41220f0
D/InputEventConsistencyVerifier(  636):   0: sent at 126718000000, KeyEvent { action=ACTION_UP, keyCode=KEYCODE_DPAD_DOWN, scanCode=0, metaState=0, flags=0x8, repeatCount=0, eventTime=126718, downTime=126718, deviceId=-1, source=0x101 }
I/dalvikvm-heap( 1070): Grow heap (frag case) to 10.071MB for 1121296-byte allocation
I/Choreographer(  636): Skipped 31 frames!  The application may be doing too much work on its main thread.
I/dalvikvm-heap( 1070): Grow heap (frag case) to 10.900MB for 944768-byte allocation
W/dalvikvm(  235): DroidBox: { "FdAccess": { "path": "2f70726f632f313031362f636d646c696e65", "id": "207757040" } }
W/DroidBox(  235): DroidBox: { "FileRW": { "operation": "read", "data": "636f6d2e616e64726f69642e717569636b736561726368626f780000000000000000000000000000000000000000000000000000000000000000000000000000000000000000000000000000702f31666337643862386166643930393166623266393566", "id": "207757040" } }
W/dalvikvm(  235): DroidBox: { "FdAccess": { "path": "2f70726f632f313032352f636d646c696e65", "id": "822231214" } }
W/DroidBox(  235): DroidBox: { "FileRW": { "operation": "read", "data": "636f6d2e616e64726f69642e636f6d6d616e64732e6d6f6e6b657900000000000000000000000000000000000000000000000000000000000000000000000000000000000000000000000000000000000000000000000000000000000066623266393566", "id": "822231214" } }
W/dalvikvm(  235): DroidBox: { "FdAccess": { "path": "2f70726f632f313032362f636d646c696e65", "id": "79019748" } }
W/DroidBox(  235): DroidBox: { "FileRW": { "operation": "read", "data": "6c6f676361740044726f6964426f783a570064616c76696b766d3a570041637469766974794d616e616765723a49000000000000000000000000000000000000000000000000000000000000000000000000000000000000000000000066623266393566", "id": "79019748" } }
W/dalvikvm(  235): DroidBox: { "FdAccess": { "path": "2f70726f632f313032382f636d646c696e65", "id": "1276240276" } }
W/DroidBox(  235): DroidBox: { "FileRW": { "operation": "read", "data": "2f73797374656d2f62696e2f7368002d63007368202e2f7364636172642f65786563757465537472616365496e2e736800000000000000000000000000000000000000000000000000000000000000000000000000000000000000000066623266393566", "id": "1276240276" } }
W/dalvikvm(  235): DroidBox: { "FdAccess": { "path": "2f70726f632f313033312f636d646c696e65", "id": "1470541666" } }
W/DroidBox(  235): DroidBox: { "FileRW": { "operation": "read", "data": "7368002e2f7364636172642f65786563757465537472616365496e2e736800786563757465537472616365496e2e736800000000000000000000000000000000000000000000000000000000000000000000000000000000000000000066623266393566", "id": "1470541666" } }
W/dalvikvm(  235): DroidBox: { "FdAccess": { "path": "2f70726f632f313033322f636d646c696e65", "id": "129201232" } }
W/DroidBox(  235): DroidBox: { "FileRW": { "operation": "read", "data": "737472616365002d70003539002d66002d747446002d6f002f7364636172642f316663376438623861666439303931666232663935666233623537306539373237653132646661333933353861326263313236653664636236333961636338302e61706b", "id": "129201232" } }
W/dalvikvm(  235): DroidBox: { "FdAccess": { "path": "2f70726f632f313034342f636d646c696e65", "id": "915804764" } }
W/DroidBox(  235): DroidBox: { "FileRW": { "operation": "read", "data": "636f6d2e616e64726f69642e6d75736963667800000000000000000000000000000000000000000000000000000000000000000000000000000000000000000000000000000000000000000061326263313236653664636236333961636338302e61706b", "id": "915804764" } }
W/dalvikvm(  235): DroidBox: { "FdAccess": { "path": "2f70726f632f313035382f636d646c696e65", "id": "737510411" } }
W/DroidBox(  235): DroidBox: { "FileRW": { "operation": "read", "data": "636f6d2e73766f782e7069636f00000000000000000000000000000000000000000000000000000000000000000000000000000000000000000000000000000000000000000000000000000061326263313236653664636236333961636338302e61706b", "id": "737510411" } }
W/dalvikvm(  235): DroidBox: { "FdAccess": { "path": "2f70726f632f313037302f636d646c696e65", "id": "1359338171" } }
W/DroidBox(  235): DroidBox: { "FileRW": { "operation": "read", "data": "636f6d2e74616c6b7765622e796379612e667265650000000000000000000000000000000000000000000000000000000000000000000000000000000000000000000000000000000000000061326263313236653664636236333961636338302e61706b", "id": "1359338171" } }
V/PhoneStatusBar(  438): setLightsOn(true)
E/WVMExtractor(   61): Failed to open libwvm.so
E/WVMExtractor(   61): Failed to open libwvm.so
I/Choreographer( 1070): Skipped 114 frames!  The application may be doing too much work on its main thread.
D/gralloc_goldfish( 1070): Emulator without GPU emulation detected.
E/WVMExtractor(   61): Failed to open libwvm.so
I/ActivityManager(  235): Displayed com.talkweb.ycya.free/com.talkweb.ycya.LoginActivity: +4s931ms
I/Choreographer( 1070): Skipped 36 frames!  The application may be doing too much work on its main thread.
I/qtaguid (  235): Failed write_ctrl(s 0 10019) res=-1 errno=1
W/NetworkManagementSocketTagger(  235): setKernelCountSet(10019, 0) failed with errno -1
E/WVMExtractor(   61): Failed to open libwvm.so
I/ActivityManager(  235): START {cmp=com.talkweb.ycya.free/com.talkweb.main.MainActivity (has extras) u=0} from pid 1070
W/WindowManager(  235): Failure taking screenshot for (246x410) to layer 21010
I/Choreographer( 1070): Skipped 31 frames!  The application may be doing too much work on its main thread.
E/WVMExtractor(   61): Failed to open libwvm.so
E/WVMExtractor(   61): Failed to open libwvm.so
I/Choreographer( 1070): Skipped 156 frames!  The application may be doing too much work on its main thread.
V/PhoneStatusBar(  438): setLightsOn(true)
E/WVMExtractor(   61): Failed to open libwvm.so
I/Choreographer( 1070): Skipped 251 frames!  The application may be doing too much work on its main thread.
I/ActivityManager(  235): Displayed com.talkweb.ycya.free/com.talkweb.main.MainActivity: +2s41ms
E/WVMExtractor(   61): Failed to open libwvm.so
I/Choreographer( 1070): Skipped 198 frames!  The application may be doing too much work on its main thread.
I/Choreographer( 1070): Skipped 59 frames!  The application may be doing too much work on its main thread.
I/Choreographer( 1070): Skipped 38 frames!  The application may be doing too much work on its main thread.
E/WVMExtractor(   61): Failed to open libwvm.so
I/Choreographer( 1070): Skipped 42 frames!  The application may be doing too much work on its main thread.
I/Choreographer( 1070): Skipped 32 frames!  The application may be doing too much work on its main thread.
E/WVMExtractor(   61): Failed to open libwvm.so
I/Choreographer( 1070): Skipped 38 frames!  The application may be doing too much work on its main thread.
W/System.err( 1070): android.view.InflateException: Binary XML file line #17: Error inflating class com.android.internal.view.menu.IconMenuItemView
W/System.err( 1070): 	at android.view.LayoutInflater.createView(LayoutInflater.java:613)
W/System.err( 1070): 	at com.talkweb.main.MainActivity$6.onCreateView(MainActivity.java:330)
E/WVMExtractor(   61): Failed to open libwvm.so
W/System.err( 1070): 	at android.view.LayoutInflater.createViewFromTag(LayoutInflater.java:676)
W/System.err( 1070): 	at android.view.LayoutInflater.inflate(LayoutInflater.java:466)
W/System.err( 1070): 	at android.view.LayoutInflater.inflate(LayoutInflater.java:396)
W/System.err( 1070): 	at com.android.internal.view.menu.BaseMenuPresenter.createItemView(BaseMenuPresenter.java:153)
W/System.err( 1070): 	at com.android.internal.view.menu.BaseMenuPresenter.getItemView(BaseMenuPresenter.java:172)
W/System.err( 1070): 	at com.android.internal.view.menu.BaseMenuPresenter.updateMenuView(BaseMenuPresenter.java:96)
W/System.err( 1070): 	at com.android.internal.view.menu.IconMenuPresenter.updateMenuView(IconMenuPresenter.java:108)
W/System.err( 1070): 	at com.android.internal.view.menu.BaseMenuPresenter.getMenuView(BaseMenuPresenter.java:72)
W/System.err( 1070): 	at com.android.internal.policy.impl.PhoneWindow$PanelFeatureState.getIconMenuView(PhoneWindow.java:3400)
W/System.err( 1070): 	at com.android.internal.policy.impl.PhoneWindow.initializePanelContent(PhoneWindow.java:1104)
W/System.err( 1070): 	at com.android.internal.policy.impl.PhoneWindow.openPanel(PhoneWindow.java:564)
W/System.err( 1070): 	at com.android.internal.policy.impl.PhoneWindow.onKeyUpPanel(PhoneWindow.java:825)
W/System.err( 1070): 	at com.android.internal.policy.impl.PhoneWindow.onKeyUp(PhoneWindow.java:1494)
W/System.err( 1070): 	at com.android.internal.policy.impl.PhoneWindow$DecorView.dispatchKeyEvent(PhoneWindow.java:1826)
W/System.err( 1070): 	at android.view.ViewRootImpl.deliverKeyEventPostIme(ViewRootImpl.java:3575)
W/System.err( 1070): 	at android.view.ViewRootImpl.handleImeFinishedEvent(ViewRootImpl.java:3545)
W/System.err( 1070): 	at android.view.ViewRootImpl$ViewRootHandler.handleMessage(ViewRootImpl.java:2795)
W/System.err( 1070): 	at android.os.Handler.dispatchMessage(Handler.java:99)
W/System.err( 1070): 	at android.os.Looper.loop(Looper.java:137)
W/System.err( 1070): 	at android.app.ActivityThread.main(ActivityThread.java:4745)
W/System.err( 1070): 	at java.lang.reflect.Method.invokeNative(Native Method)
W/System.err( 1070): 	at java.lang.reflect.Method.invoke(Method.java:511)
W/System.err( 1070): 	at com.android.internal.os.ZygoteInit$MethodAndArgsCaller.run(ZygoteInit.java:786)
W/System.err( 1070): 	at com.android.internal.os.ZygoteInit.main(ZygoteInit.java:553)
W/System.err( 1070): 	at dalvik.system.NativeStart.main(Native Method)
W/System.err( 1070): Caused by: java.lang.reflect.InvocationTargetException
W/System.err( 1070): 	at java.lang.reflect.Constructor.constructNative(Native Method)
W/System.err( 1070): 	at java.lang.reflect.Constructor.newInstance(Constructor.java:417)
W/System.err( 1070): 	at android.view.LayoutInflater.createView(LayoutInflater.java:587)
W/System.err( 1070): 	... 26 more
W/System.err( 1070): Caused by: java.lang.NullPointerException
W/System.err( 1070): 	at android.view.ViewConfiguration.get(ViewConfiguration.java:332)
W/System.err( 1070): 	at android.view.View.<init>(View.java:3236)
W/System.err( 1070): 	at android.view.View.<init>(View.java:3295)
W/System.err( 1070): 	at android.widget.TextView.<init>(TextView.java:447)
W/System.err( 1070): 	at android.widget.TextView.<init>(TextView.java:442)
W/System.err( 1070): 	at com.android.internal.view.menu.IconMenuItemView.<init>(IconMenuItemView.java:61)
W/System.err( 1070): 	at com.android.internal.view.menu.IconMenuItemView.<init>(IconMenuItemView.java:86)
W/System.err( 1070): 	... 29 more
W/System.err( 1070): android.view.InflateException: Binary XML file line #17: Error inflating class <unknown>
W/System.err( 1070): 	at android.view.LayoutInflater.createView(LayoutInflater.java:613)
W/System.err( 1070): 	at com.talkweb.main.MainActivity$6.onCreateView(MainActivity.java:330)
W/System.err( 1070): 	at android.view.LayoutInflater.createViewFromTag(LayoutInflater.java:676)
W/System.err( 1070): 	at android.view.LayoutInflater.inflate(LayoutInflater.java:466)
W/System.err( 1070): 	at android.view.LayoutInflater.inflate(LayoutInflater.java:396)
E/WVMExtractor(   61): Failed to open libwvm.so
W/System.err( 1070): 	at com.android.internal.view.menu.BaseMenuPresenter.createItemView(BaseMenuPresenter.java:153)
W/System.err( 1070): 	at com.android.internal.view.menu.BaseMenuPresenter.getItemView(BaseMenuPresenter.java:172)
W/System.err( 1070): 	at com.android.internal.view.menu.BaseMenuPresenter.updateMenuView(BaseMenuPresenter.java:96)
W/System.err( 1070): 	at com.android.internal.view.menu.IconMenuPresenter.updateMenuView(IconMenuPresenter.java:108)
W/System.err( 1070): 	at com.android.internal.view.menu.BaseMenuPresenter.getMenuView(BaseMenuPresenter.java:72)
W/System.err( 1070): 	at com.android.internal.policy.impl.PhoneWindow$PanelFeatureState.getIconMenuView(PhoneWindow.java:3400)
W/System.err( 1070): 	at com.android.internal.policy.impl.PhoneWindow.initializePanelContent(PhoneWindow.java:1104)
W/System.err( 1070): 	at com.android.internal.policy.impl.PhoneWindow.openPanel(PhoneWindow.java:564)
W/System.err( 1070): 	at com.android.internal.policy.impl.PhoneWindow.onKeyUpPanel(PhoneWindow.java:825)
W/System.err( 1070): 	at com.android.internal.policy.impl.PhoneWindow.onKeyUp(PhoneWindow.java:1494)
W/System.err( 1070): 	at com.android.internal.policy.impl.PhoneWindow$DecorView.dispatchKeyEvent(PhoneWindow.java:1826)
W/System.err( 1070): 	at android.view.ViewRootImpl.deliverKeyEventPostIme(ViewRootImpl.java:3575)
W/System.err( 1070): 	at android.view.ViewRootImpl.handleImeFinishedEvent(ViewRootImpl.java:3545)
W/System.err( 1070): 	at android.view.ViewRootImpl$ViewRootHandler.handleMessage(ViewRootImpl.java:2795)
W/System.err( 1070): 	at android.os.Handler.dispatchMessage(Handler.java:99)
W/System.err( 1070): 	at android.os.Looper.loop(Looper.java:137)
W/System.err( 1070): 	at android.app.ActivityThread.main(ActivityThread.java:4745)
W/System.err( 1070): 	at java.lang.reflect.Method.invokeNative(Native Method)
W/System.err( 1070): 	at java.lang.reflect.Method.invoke(Method.java:511)
W/System.err( 1070): 	at com.android.internal.os.ZygoteInit$MethodAndArgsCaller.run(ZygoteInit.java:786)
W/System.err( 1070): 	at com.android.internal.os.ZygoteInit.main(ZygoteInit.java:553)
W/System.err( 1070): 	at dalvik.system.NativeStart.main(Native Method)
W/System.err( 1070): Caused by: java.lang.reflect.InvocationTargetException
W/System.err( 1070): 	at java.lang.reflect.Constructor.constructNative(Native Method)
W/System.err( 1070): 	at java.lang.reflect.Constructor.newInstance(Constructor.java:417)
W/System.err( 1070): 	at android.view.LayoutInflater.createView(LayoutInflater.java:587)
W/System.err( 1070): 	... 26 more
W/System.err( 1070): Caused by: java.lang.NullPointerException
W/System.err( 1070): 	at android.view.ViewConfiguration.get(ViewConfiguration.java:332)
W/System.err( 1070): 	at android.view.View.<init>(View.java:3236)
W/System.err( 1070): 	at android.view.View.<init>(View.java:3295)
W/System.err( 1070): 	at android.widget.TextView.<init>(TextView.java:447)
W/System.err( 1070): 	at android.widget.TextView.<init>(TextView.java:442)
W/System.err( 1070): 	at com.android.internal.view.menu.IconMenuItemView.<init>(IconMenuItemView.java:61)
W/System.err( 1070): 	at com.android.internal.view.menu.IconMenuItemView.<init>(IconMenuItemView.java:86)
W/System.err( 1070): 	... 29 more
W/System.err( 1070): android.view.InflateException: Binary XML file line #17: Error inflating class <unknown>
W/System.err( 1070): 	at android.view.LayoutInflater.createView(LayoutInflater.java:613)
W/System.err( 1070): 	at com.talkweb.main.MainActivity$6.onCreateView(MainActivity.java:330)
W/System.err( 1070): 	at android.view.LayoutInflater.createViewFromTag(LayoutInflater.java:676)
W/System.err( 1070): 	at android.view.LayoutInflater.inflate(LayoutInflater.java:466)
W/System.err( 1070): 	at android.view.LayoutInflater.inflate(LayoutInflater.java:396)
W/System.err( 1070): 	at com.android.internal.view.menu.BaseMenuPresenter.createItemView(BaseMenuPresenter.java:153)
W/System.err( 1070): 	at com.android.internal.view.menu.BaseMenuPresenter.getItemView(BaseMenuPresenter.java:172)
W/System.err( 1070): 	at com.android.internal.view.menu.BaseMenuPresenter.updateMenuView(BaseMenuPresenter.java:96)
W/System.err( 1070): 	at com.android.internal.view.menu.IconMenuPresenter.updateMenuView(IconMenuPresenter.java:108)
W/System.err( 1070): 	at com.android.internal.view.menu.BaseMenuPresenter.getMenuView(BaseMenuPresenter.java:72)
W/System.err( 1070): 	at com.android.internal.policy.impl.PhoneWindow$PanelFeatureState.getIconMenuView(PhoneWindow.java:3400)
W/System.err( 1070): 	at com.android.internal.policy.impl.PhoneWindow.initializePanelContent(PhoneWindow.java:1104)
W/System.err( 1070): 	at com.android.internal.policy.impl.PhoneWindow.openPanel(PhoneWindow.java:564)
W/System.err( 1070): 	at com.android.internal.policy.impl.PhoneWindow.onKeyUpPanel(PhoneWindow.java:825)
W/System.err( 1070): 	at com.android.internal.policy.impl.PhoneWindow.onKeyUp(PhoneWindow.java:1494)
W/System.err( 1070): 	at com.android.internal.policy.impl.PhoneWindow$DecorView.dispatchKeyEvent(PhoneWindow.java:1826)
W/System.err( 1070): 	at android.view.ViewRootImpl.deliverKeyEventPostIme(ViewRootImpl.java:3575)
W/System.err( 1070): 	at android.view.ViewRootImpl.handleImeFinishedEvent(ViewRootImpl.java:3545)
W/System.err( 1070): 	at android.view.ViewRootImpl$ViewRootHandler.handleMessage(ViewRootImpl.java:2795)
W/System.err( 1070): 	at android.os.Handler.dispatchMessage(Handler.java:99)
W/System.err( 1070): 	at android.os.Looper.loop(Looper.java:137)
W/System.err( 1070): 	at android.app.ActivityThread.main(ActivityThread.java:4745)
W/System.err( 1070): 	at java.lang.reflect.Method.invokeNative(Native Method)
W/System.err( 1070): 	at java.lang.reflect.Method.invoke(Method.java:511)
W/System.err( 1070): 	at com.android.internal.os.ZygoteInit$MethodAndArgsCaller.run(ZygoteInit.java:786)
W/System.err( 1070): 	at com.android.internal.os.ZygoteInit.main(ZygoteInit.java:553)
W/System.err( 1070): 	at dalvik.system.NativeStart.main(Native Method)
W/System.err( 1070): Caused by: java.lang.reflect.InvocationTargetException
W/System.err( 1070): 	at java.lang.reflect.Constructor.constructNative(Native Method)
W/System.err( 1070): 	at java.lang.reflect.Constructor.newInstance(Constructor.java:417)
W/System.err( 1070): 	at android.view.LayoutInflater.createView(LayoutInflater.java:587)
W/System.err( 1070): 	... 26 more
W/System.err( 1070): Caused by: java.lang.NullPointerException
W/System.err( 1070): 	at android.view.ViewConfiguration.get(ViewConfiguration.java:332)
W/System.err( 1070): 	at android.view.View.<init>(View.java:3236)
W/System.err( 1070): 	at android.view.View.<init>(View.java:3295)
W/System.err( 1070): 	at android.widget.TextView.<init>(TextView.java:447)
W/System.err( 1070): 	at android.widget.TextView.<init>(TextView.java:442)
W/System.err( 1070): 	at com.android.internal.view.menu.IconMenuItemView.<init>(IconMenuItemView.java:61)
W/System.err( 1070): 	at com.android.internal.view.menu.IconMenuItemView.<init>(IconMenuItemView.java:86)
W/System.err( 1070): 	... 29 more
E/WVMExtractor(   61): Failed to open libwvm.so
W/System.err( 1070): android.view.InflateException: Binary XML file line #17: Error inflating class <unknown>
W/System.err( 1070): 	at android.view.LayoutInflater.createView(LayoutInflater.java:613)
W/System.err( 1070): 	at com.talkweb.main.MainActivity$6.onCreateView(MainActivity.java:330)
W/System.err( 1070): 	at android.view.LayoutInflater.createViewFromTag(LayoutInflater.java:676)
W/System.err( 1070): 	at android.view.LayoutInflater.inflate(LayoutInflater.java:466)
W/System.err( 1070): 	at android.view.LayoutInflater.inflate(LayoutInflater.java:396)
W/System.err( 1070): 	at com.android.internal.view.menu.BaseMenuPresenter.createItemView(BaseMenuPresenter.java:153)
W/System.err( 1070): 	at com.android.internal.view.menu.BaseMenuPresenter.getItemView(BaseMenuPresenter.java:172)
W/System.err( 1070): 	at com.android.internal.view.menu.BaseMenuPresenter.updateMenuView(BaseMenuPresenter.java:96)
W/System.err( 1070): 	at com.android.internal.view.menu.IconMenuPresenter.updateMenuView(IconMenuPresenter.java:108)
W/System.err( 1070): 	at com.android.internal.view.menu.BaseMenuPresenter.getMenuView(BaseMenuPresenter.java:72)
W/System.err( 1070): 	at com.android.internal.policy.impl.PhoneWindow$PanelFeatureState.getIconMenuView(PhoneWindow.java:3400)
W/System.err( 1070): 	at com.android.internal.policy.impl.PhoneWindow.initializePanelContent(PhoneWindow.java:1104)
W/System.err( 1070): 	at com.android.internal.policy.impl.PhoneWindow.openPanel(PhoneWindow.java:564)
W/System.err( 1070): 	at com.android.internal.policy.impl.PhoneWindow.onKeyUpPanel(PhoneWindow.java:825)
W/System.err( 1070): 	at com.android.internal.policy.impl.PhoneWindow.onKeyUp(PhoneWindow.java:1494)
W/System.err( 1070): 	at com.android.internal.policy.impl.PhoneWindow$DecorView.dispatchKeyEvent(PhoneWindow.java:1826)
W/System.err( 1070): 	at android.view.ViewRootImpl.deliverKeyEventPostIme(ViewRootImpl.java:3575)
W/System.err( 1070): 	at android.view.ViewRootImpl.handleImeFinishedEvent(ViewRootImpl.java:3545)
W/System.err( 1070): 	at android.view.ViewRootImpl$ViewRootHandler.handleMessage(ViewRootImpl.java:2795)
W/System.err( 1070): 	at android.os.Handler.dispatchMessage(Handler.java:99)
W/System.err( 1070): 	at android.os.Looper.loop(Looper.java:137)
W/System.err( 1070): 	at android.app.ActivityThread.main(ActivityThread.java:4745)
W/System.err( 1070): 	at java.lang.reflect.Method.invokeNative(Native Method)
W/CursorWrapperInner( 1070): Cursor finalized without prior close()
W/System.err( 1070): 	at java.lang.reflect.Method.invoke(Method.java:511)
W/System.err( 1070): 	at com.android.internal.os.ZygoteInit$MethodAndArgsCaller.run(ZygoteInit.java:786)
W/System.err( 1070): 	at com.android.internal.os.ZygoteInit.main(ZygoteInit.java:553)
W/System.err( 1070): 	at dalvik.system.NativeStart.main(Native Method)
W/System.err( 1070): Caused by: java.lang.reflect.InvocationTargetException
W/System.err( 1070): 	at java.lang.reflect.Constructor.constructNative(Native Method)
W/System.err( 1070): 	at java.lang.reflect.Constructor.newInstance(Constructor.java:417)
W/System.err( 1070): 	at android.view.LayoutInflater.createView(LayoutInflater.java:587)
W/System.err( 1070): 	... 26 more
W/System.err( 1070): Caused by: java.lang.NullPointerException
W/System.err( 1070): 	at android.view.ViewConfiguration.get(ViewConfiguration.java:332)
W/System.err( 1070): 	at android.view.View.<init>(View.java:3236)
W/System.err( 1070): 	at android.view.View.<init>(View.java:3295)
W/System.err( 1070): 	at android.widget.TextView.<init>(TextView.java:447)
W/System.err( 1070): 	at android.widget.TextView.<init>(TextView.java:442)
W/System.err( 1070): 	at com.android.internal.view.menu.IconMenuItemView.<init>(IconMenuItemView.java:61)
W/System.err( 1070): 	at com.android.internal.view.menu.IconMenuItemView.<init>(IconMenuItemView.java:86)
W/System.err( 1070): 	... 29 more
I/InputReader(  235): Reconfiguring input devices.  changes=0x00000010
D/PackageManager(  235): generateServicesMap(android.accounts.AccountAuthenticator): 2 services unchanged
D/PackageManager(  235): generateServicesMap(android.content.SyncAdapter): 4 services unchanged
I/InputDispatcher(  235): Window 'Window{b3f26370 com.talkweb.ycya.free/com.talkweb.main.MainActivity paused=false}' spent 2155.6ms processing the last input event: KeyEvent(action=1, deviceId=-1, source=0x00000101)
I/AccountTypeManager(  718): Loaded meta-data for 1 account types, 0 accounts in 222ms(wall) 10ms(cpu)
I/ActivityManager(  235): START {act=android.intent.action.MAIN cat=[android.intent.category.HOME] flg=0x10200000 cmp=com.android.launcher/com.android.launcher2.Launcher u=0} from pid 235
W/dalvikvm(  890): DroidBox: { "FdAccess": { "path": "2f646174612f646174612f636f6d2e616e64726f69642e67616c6c65727933642f7368617265645f70726566732f636f6d2e616e64726f69642e67616c6c65727933645f707265666572656e6365732e786d6c", "id": "499602431" } }
W/DroidBox(  890): DroidBox: { "FileRW": { "operation": "write", "data": "3c3f786d6c2076657273696f6e3d27312e302720656e636f64696e673d277574662d3827207374616e64616c6f6e653d2779657327203f3e0a3c6d61703e0a3c696e74206e616d653d227061636b616765732d76657273696f6e222076616c75653d2238", "id": "499602431" } }
D/InputEventConsistencyVerifier( 1070): TrackballEvent: Trackball is down but pressure is not greater than 0.
D/InputEventConsistencyVerifier( 1070):   in android.view.ViewRootImpl@b3ef3580
D/InputEventConsistencyVerifier( 1070):   0: sent at 138337000000, MotionEvent { action=ACTION_DOWN, id[0]=0, x[0]=0.0, y[0]=0.0, toolType[0]=TOOL_TYPE_UNKNOWN, buttonState=0, metaState=0, flags=0x0, edgeFlags=0x0, pointerCount=1, historySize=0, eventTime=138337, downTime=138273, deviceId=0, source=0x10004 }
D/InputEventConsistencyVerifier( 1070):   -- recent events --
D/InputEventConsistencyVerifier( 1070):   1: sent at 138450000000, KeyEvent { action=ACTION_UP, keyCode=KEYCODE_DPAD_DOWN, scanCode=0, metaState=0, flags=0x400, repeatCount=0, eventTime=138450, downTime=138450, deviceId=-1, source=0x101 }
D/InputEventConsistencyVerifier( 1070):   2: sent at 138450000000, KeyEvent { action=ACTION_DOWN, keyCode=KEYCODE_DPAD_DOWN, scanCode=0, metaState=0, flags=0x400, repeatCount=0, eventTime=138450, downTime=138450, deviceId=-1, source=0x101 }
D/InputEventConsistencyVerifier( 1070):   3: sent at 138449000000, KeyEvent { action=ACTION_UP, keyCode=KEYCODE_DPAD_DOWN, scanCode=0, metaState=0, flags=0x400, repeatCount=0, eventTime=138449, downTime=138449, deviceId=-1, source=0x101 }
D/InputEventConsistencyVerifier( 1070):   4: sent at 138449000000, KeyEvent { action=ACTION_DOWN, keyCode=KEYCODE_DPAD_DOWN, scanCode=0, metaState=0, flags=0x400, repeatCount=0, eventTime=138449, downTime=138449, deviceId=-1, source=0x101 }
D/InputEventConsistencyVerifier( 1070):   5: sent at 138448000000, KeyEvent { action=ACTION_UP, keyCode=KEYCODE_DPAD_DOWN, scanCode=0, metaState=0, flags=0x400, repeatCount=0, eventTime=138448, downTime=138448, deviceId=-1, source=0x101 }
I/InputDispatcher(  235): Dropped event because of pending overdue app switch.
W/InputManager(  235): Input event injection from pid 1025 failed.
I/Choreographer( 1070): Skipped 735 frames!  The application may be doing too much work on its main thread.
I/Choreographer( 1070): Skipped 176 frames!  The application may be doing too much work on its main thread.
I/Choreographer(  636): Skipped 151 frames!  The application may be doing too much work on its main thread.
W/InputManager(  235): Input event injection from pid 1025 failed.
W/InputManager(  235): Input event injection from pid 1025 failed.
W/InputManager(  235): Input event injection from pid 1025 failed.
I/Choreographer( 1070): Skipped 117 frames!  The application may be doing too much work on its main thread.
W/InputMethodManagerService(  235): Window already focused, ignoring focus gain of: com.android.internal.view.IInputMethodClient$Stub$Proxy@b41e99b0 attribute=null
I/ActivityManager(  235): START {act=android.intent.action.MAIN cat=[android.intent.category.LAUNCHER] flg=0x10000000 cmp=com.android.browser/.BrowserActivity sel={act=android.intent.action.MAIN cat=[android.intent.category.APP_BROWSER]} u=0} from pid 235
I/Choreographer( 1070): Skipped 48 frames!  The application may be doing too much work on its main thread.
D/InputEventConsistencyVerifier( 1070): KeyEvent: ACTION_UP but key was not down.
D/InputEventConsistencyVerifier( 1070):   in android.view.ViewRootImpl@b4163fc8
D/InputEventConsistencyVerifier( 1070):   0: sent at 140849000000, KeyEvent { action=ACTION_UP, keyCode=KEYCODE_EXPLORER, scanCode=0, metaState=0, flags=0x8, repeatCount=0, eventTime=140849, downTime=140849, deviceId=-1, source=0x101 }
D/InputEventConsistencyVerifier( 1070):   -- recent events --
D/InputEventConsistencyVerifier( 1070):   1: sent at 140811000000, MotionEvent { action=ACTION_UP, id[0]=0, x[0]=292.0, y[0]=426.0, toolType[0]=TOOL_TYPE_UNKNOWN, buttonState=0, metaState=0, flags=0x0, edgeFlags=0x0, pointerCount=1, historySize=0, eventTime=140811, downTime=140777, deviceId=0, source=0x1002 }
D/InputEventConsistencyVerifier( 1070):   2: sent at 140807000000, MotionEvent { action=ACTION_MOVE, id[0]=0, x[0]=277.0, y[0]=417.0, toolType[0]=TOOL_TYPE_UNKNOWN, buttonState=0, metaState=0, flags=0x0, edgeFlags=0x0, pointerCount=1, historySize=0, eventTime=140807, downTime=140777, deviceId=0, source=0x1002 }
D/InputEventConsistencyVerifier( 1070):   3: sent at 140778000000, MotionEvent { action=ACTION_DOWN, id[0]=0, x[0]=270.0, y[0]=402.0, toolType[0]=TOOL_TYPE_UNKNOWN, buttonState=0, metaState=0, flags=0x0, edgeFlags=0x0, pointerCount=1, historySize=0, eventTime=140778, downTime=140777, deviceId=0, source=0x1002 }
D/InputEventConsistencyVerifier( 1070):   4: sent at 140743000000, MotionEvent { action=ACTION_UP, id[0]=0, x[0]=311.0, y[0]=682.0, toolType[0]=TOOL_TYPE_UNKNOWN, buttonState=0, metaState=0, flags=0x0, edgeFlags=0x0, pointerCount=1, historySize=0, eventTime=140743, downTime=140737, deviceId=0, source=0x1002 }
D/InputEventConsistencyVerifier( 1070):   5: sent at 140737000000, MotionEvent { action=ACTION_DOWN, id[0]=0, x[0]=314.0, y[0]=689.0, toolType[0]=TOOL_TYPE_UNKNOWN, buttonState=0, metaState=0, flags=0x0, edgeFlags=0x0, pointerCount=1, historySize=0, eventTime=140737, downTime=140737, deviceId=0, source=0x1002 }
I/ActivityManager(  235): START {cmp=com.talkweb.ycya.free/com.talkweb.mzzd.MzzdActivity u=0} from pid 1070
W/WindowManager(  235): Failure taking screenshot for (246x410) to layer 21010
I/Choreographer( 1070): Skipped 34 frames!  The application may be doing too much work on its main thread.
E/WVMExtractor(   61): Failed to open libwvm.so
E/WVMExtractor(   61): Failed to open libwvm.so
I/dalvikvm-heap( 1070): Grow heap (frag case) to 12.145MB for 1169296-byte allocation
E/WVMExtractor(   61): Failed to open libwvm.so
E/WVMExtractor(   61): Failed to open libwvm.so
W/BackupManagerService(  235): dataChanged but no participant pkg='com.android.providers.settings' uid=1001
I/Choreographer( 1070): Skipped 365 frames!  The application may be doing too much work on its main thread.
V/PhoneStatusBar(  438): setLightsOn(true)
D/InputEventConsistencyVerifier( 1070): KeyEvent: ACTION_UP but key was not down.
D/InputEventConsistencyVerifier( 1070):   in android.view.ViewRootImpl@b3e8f368
D/InputEventConsistencyVerifier( 1070):   0: sent at 141293000000, KeyEvent { action=ACTION_UP, keyCode=KEYCODE_N, scanCode=0, metaState=0, flags=0x8, repeatCount=0, eventTime=141293, downTime=141293, deviceId=-1, source=0x101 }
D/InputEventConsistencyVerifier( 1070): KeyEvent: ACTION_UP but key was not down.
D/InputEventConsistencyVerifier( 1070):   in android.widget.Button@b3ef3580
D/InputEventConsistencyVerifier( 1070):   0: sent at 143956000000, KeyEvent { action=ACTION_UP, keyCode=KEYCODE_DPAD_UP, scanCode=0, metaState=0, flags=0x8, repeatCount=0, eventTime=143956, downTime=143956, deviceId=-1, source=0x101 }
E/WVMExtractor(   61): Failed to open libwvm.so
W/WiYun   ( 1070): Failed to get ad
W/WiYun   ( 1070): Failed to get ad
I/Choreographer( 1070): Skipped 123 frames!  The application may be doing too much work on its main thread.
I/ActivityManager(  235): Displayed com.talkweb.ycya.free/com.talkweb.mzzd.MzzdActivity: +3s22ms
I/Choreographer( 1070): Skipped 48 frames!  The application may be doing too much work on its main thread.
E/WVMExtractor(   61): Failed to open libwvm.so
D/InputEventConsistencyVerifier( 1070): KeyEvent: ACTION_UP but key was not down.
D/InputEventConsistencyVerifier( 1070):   in com.android.internal.policy.impl.PhoneWindow$DecorView@b4128120
D/InputEventConsistencyVerifier( 1070):   0: sent at 144371000000, KeyEvent { action=ACTION_UP, keyCode=KEYCODE_DPAD_CENTER, scanCode=0, metaState=0, flags=0x8, repeatCount=0, eventTime=144371, downTime=144371, deviceId=-1, source=0x101 }
D/InputEventConsistencyVerifier( 1070):   -- recent events --
D/InputEventConsistencyVerifier( 1070):   1: sent at 144301000000, (unhandled) MotionEvent { action=ACTION_UP, id[0]=0, x[0]=174.0, y[0]=618.0, toolType[0]=TOOL_TYPE_UNKNOWN, buttonState=0, metaState=0, flags=0x0, edgeFlags=0x0, pointerCount=1, historySize=0, eventTime=144301, downTime=144146, deviceId=0, source=0x1002 }
D/InputEventConsistencyVerifier( 1070):   2: sent at 144299000000, (unhandled) MotionEvent { action=ACTION_MOVE, id[0]=0, x[0]=175.0, y[0]=625.0, toolType[0]=TOOL_TYPE_UNKNOWN, buttonState=0, metaState=0, flags=0x0, edgeFlags=0x0, pointerCount=1, historySize=7, eventTime=144299, downTime=144146, deviceId=0, source=0x1002 }
D/InputEventConsistencyVerifier( 1070):   3: sent at 144150000000, (unhandled) MotionEvent { action=ACTION_DOWN, id[0]=0, x[0]=180.0, y[0]=667.0, toolType[0]=TOOL_TYPE_UNKNOWN, buttonState=0, metaState=0, flags=0x0, edgeFlags=0x0, pointerCount=1, historySize=0, eventTime=144150, downTime=144146, deviceId=0, source=0x1002 }
D/InputEventConsistencyVerifier( 1070):   4: sent at 143956000000, (unhandled) KeyEvent { action=ACTION_UP, keyCode=KEYCODE_DPAD_UP, scanCode=0, metaState=0, flags=0x8, repeatCount=0, eventTime=143956, downTime=143956, deviceId=-1, source=0x101 }
D/InputEventConsistencyVerifier( 1070):   5: sent at 143846000000, (unhandled) KeyEvent { action=ACTION_DOWN, keyCode=KEYCODE_DPAD_UP, scanCode=0, metaState=0, flags=0x8, repeatCount=0, eventTime=143846, downTime=143846, deviceId=-1, source=0x101 }
E/WVMExtractor(   61): Failed to open libwvm.so
D/InputEventConsistencyVerifier( 1070): KeyEvent: ACTION_UP but key was not down.
D/InputEventConsistencyVerifier( 1070):   in android.widget.LinearLayout@b3e8b770
D/InputEventConsistencyVerifier( 1070):   0: sent at 145472000000, KeyEvent { action=ACTION_UP, keyCode=KEYCODE_DPAD_DOWN, scanCode=0, metaState=0, flags=0x8, repeatCount=0, eventTime=145472, downTime=145472, deviceId=-1, source=0x101 }
I/InputAttributes(  495): InputType.TYPE_NULL is specified
I/Choreographer(  495): Skipped 184 frames!  The application may be doing too much work on its main thread.
D/gralloc_goldfish(  495): Emulator without GPU emulation detected.
I/dalvikvm-heap(  495): Grow heap (frag case) to 10.202MB for 591376-byte allocation
E/WVMExtractor(   61): Failed to open libwvm.so
I/Choreographer( 1070): Skipped 42 frames!  The application may be doing too much work on its main thread.
D/InputEventConsistencyVerifier( 1070): KeyEvent: ACTION_UP but key was not down.
D/InputEventConsistencyVerifier( 1070):   in com.android.internal.policy.impl.PhoneWindow$DecorView@b4128120
D/InputEventConsistencyVerifier( 1070):   0: sent at 148765000000, KeyEvent { action=ACTION_UP, keyCode=KEYCODE_DPAD_UP, scanCode=0, metaState=0, flags=0x400, repeatCount=0, eventTime=148765, downTime=148765, deviceId=-1, source=0x101 }
D/InputEventConsistencyVerifier( 1070):   -- recent events --
D/InputEventConsistencyVerifier( 1070):   1: sent at 148689000000, (unhandled) MotionEvent { action=ACTION_MOVE, id[0]=0, x[0]=3.0, y[0]=-4.0, toolType[0]=TOOL_TYPE_UNKNOWN, buttonState=0, metaState=0, flags=0x0, edgeFlags=0x0, pointerCount=1, historySize=9, eventTime=148689, downTime=-1, deviceId=0, source=0x10004 }
D/InputEventConsistencyVerifier( 1070):   2: sent at 147468000000, (unhandled) KeyEvent { action=ACTION_UP, keyCode=KEYCODE_MENU, scanCode=0, metaState=0, flags=0x8, repeatCount=0, eventTime=147468, downTime=147468, deviceId=-1, source=0x101 }
D/InputEventConsistencyVerifier( 1070):   3: sent at 147459000000, (unhandled) KeyEvent { action=ACTION_DOWN, keyCode=KEYCODE_MENU, scanCode=0, metaState=0, flags=0x8, repeatCount=0, eventTime=147459, downTime=147459, deviceId=-1, source=0x101 }
D/InputEventConsistencyVerifier( 1070):   4: sent at 147314000000, (unhandled) MotionEvent { action=ACTION_UP, id[0]=0, x[0]=260.0, y[0]=628.0, toolType[0]=TOOL_TYPE_UNKNOWN, buttonState=0, metaState=0, flags=0x0, edgeFlags=0x0, pointerCount=1, historySize=0, eventTime=147314, downTime=147254, deviceId=0, source=0x1002 }
D/InputEventConsistencyVerifier( 1070):   5: sent at 147254000000, (unhandled) MotionEvent { action=ACTION_DOWN, id[0]=0, x[0]=263.0, y[0]=629.0, toolType[0]=TOOL_TYPE_UNKNOWN, buttonState=0, metaState=0, flags=0x0, edgeFlags=0x0, pointerCount=1, historySize=0, eventTime=147254, downTime=147254, deviceId=0, source=0x1002 }
I/Choreographer(  495): Skipped 89 frames!  The application may be doing too much work on its main thread.
I/InputAttributes(  495): InputType.TYPE_NULL is specified
D/InputEventConsistencyVerifier( 1070): KeyEvent: ACTION_UP but key was not down.
D/InputEventConsistencyVerifier( 1070):   in android.widget.Button@b3ef3580
D/InputEventConsistencyVerifier( 1070):   0: sent at 148766000000, KeyEvent { action=ACTION_UP, keyCode=KEYCODE_DPAD_UP, scanCode=0, metaState=0, flags=0x400, repeatCount=0, eventTime=148766, downTime=148766, deviceId=-1, source=0x101 }
D/InputEventConsistencyVerifier( 1070):   -- recent events --
D/InputEventConsistencyVerifier( 1070):   1: sent at 143956000000, (unhandled) KeyEvent { action=ACTION_UP, keyCode=KEYCODE_DPAD_UP, scanCode=0, metaState=0, flags=0x80000008, repeatCount=0, eventTime=143956, downTime=143956, deviceId=-1, source=0x101 }
I/Choreographer(  495): Skipped 86 frames!  The application may be doing too much work on its main thread.
E/WVMExtractor(   61): Failed to open libwvm.so
E/WVMExtractor(   61): Failed to open libwvm.so
I/InputDispatcher(  235): Window 'Window{b3f26370 com.talkweb.ycya.free/com.talkweb.main.MainActivity paused=false}' spent 9461.6ms processing the last input event: KeyEvent(action=0, deviceId=-1, source=0x00000101)
E/WVMExtractor(   61): Failed to open libwvm.so
I/InputDispatcher(  235): Window 'Window{b3f26370 com.talkweb.ycya.free/com.talkweb.main.MainActivity paused=false}' spent 9203.5ms processing the last input event: KeyEvent(action=1, deviceId=-1, source=0x00000101)
I/InputDispatcher(  235): Window 'Window{b3fdd508 com.talkweb.ycya.free/com.talkweb.mzzd.MzzdActivity paused=false}' spent 2066.7ms processing the last input event: KeyEvent(action=0, deviceId=-1, source=0x00000101)
E/WVMExtractor(   61): Failed to open libwvm.so
I/Choreographer( 1070): Skipped 72 frames!  The application may be doing too much work on its main thread.
I/Choreographer( 1070): Skipped 42 frames!  The application may be doing too much work on its main thread.
E/WVMExtractor(   61): Failed to open libwvm.so
D/InputEventConsistencyVerifier( 1070): KeyEvent: ACTION_UP but key was not down.
D/InputEventConsistencyVerifier( 1070):   in com.android.internal.policy.impl.PhoneWindow$DecorView@b4128120
D/InputEventConsistencyVerifier( 1070):   0: sent at 151916000000, KeyEvent { action=ACTION_UP, keyCode=KEYCODE_SPACE, scanCode=0, metaState=0, flags=0x0, repeatCount=0, eventTime=151916, downTime=151916, deviceId=-1, source=0x101 }
D/InputEventConsistencyVerifier( 1070):   -- recent events --
D/InputEventConsistencyVerifier( 1070):   1: sent at 151126000000, (unhandled) MotionEvent { action=ACTION_UP, id[0]=0, x[0]=473.0, y[0]=509.0, toolType[0]=TOOL_TYPE_UNKNOWN, buttonState=0, metaState=0, flags=0x0, edgeFlags=0x0, pointerCount=1, historySize=0, eventTime=151126, downTime=150979, deviceId=0, source=0x1002 }
D/InputEventConsistencyVerifier( 1070):   2: sent at 151098000000, (unhandled) MotionEvent { action=ACTION_MOVE, id[0]=0, x[0]=471.0, y[0]=498.0, toolType[0]=TOOL_TYPE_UNKNOWN, buttonState=0, metaState=0, flags=0x0, edgeFlags=0x0, pointerCount=1, historySize=5, eventTime=151098, downTime=150979, deviceId=0, source=0x1002 }
D/InputEventConsistencyVerifier( 1070):   3: sent at 151038000000, (unhandled) MotionEvent { action=ACTION_MOVE, id[0]=0, x[0]=461.0, y[0]=453.5, toolType[0]=TOOL_TYPE_UNKNOWN, buttonState=0, metaState=0, flags=0x0, edgeFlags=0x0, pointerCount=1, historySize=2, eventTime=151038, downTime=150979, deviceId=0, source=0x1002 }
D/InputEventConsistencyVerifier( 1070):   4: sent at 151006000000, (unhandled) MotionEvent { action=ACTION_DOWN, id[0]=0, x[0]=455.0, y[0]=427.0, toolType[0]=TOOL_TYPE_UNKNOWN, buttonState=0, metaState=0, flags=0x0, edgeFlags=0x0, pointerCount=1, historySize=0, eventTime=151006, downTime=150979, deviceId=0, source=0x1002 }
D/InputEventConsistencyVerifier( 1070):   5: sent at 150925000000, (unhandled) KeyEvent { action=ACTION_UP, keyCode=KEYCODE_MENU, scanCode=0, metaState=0, flags=0x8, repeatCount=0, eventTime=150925, downTime=150925, deviceId=-1, source=0x101 }
I/Choreographer( 1070): Skipped 52 frames!  The application may be doing too much work on its main thread.
V/PhoneStatusBar(  438): setLightsOn(true)
W/InputMethodManagerService(  235): Window already focused, ignoring focus gain of: com.android.internal.view.IInputMethodClient$Stub$Proxy@b3f9e5f0 attribute=android.view.inputmethod.EditorInfo@b3f9e608
I/Choreographer(  495): Skipped 347 frames!  The application may be doing too much work on its main thread.
I/Choreographer( 1070): Skipped 134 frames!  The application may be doing too much work on its main thread.
E/WVMExtractor(   61): Failed to open libwvm.so
W/IInputConnectionWrapper( 1070): beginBatchEdit on inactive InputConnection
W/IInputConnectionWrapper( 1070): sendKeyEvent on inactive InputConnection
W/IInputConnectionWrapper( 1070): sendKeyEvent on inactive InputConnection
W/IInputConnectionWrapper( 1070): endBatchEdit on inactive InputConnection
W/IInputConnectionWrapper( 1070): beginBatchEdit on inactive InputConnection
W/IInputConnectionWrapper( 1070): getTextBeforeCursor on inactive InputConnection
W/IInputConnectionWrapper( 1070): getTextAfterCursor on inactive InputConnection
W/IInputConnectionWrapper( 1070): setComposingText on inactive InputConnection
I/Choreographer(  495): Skipped 242 frames!  The application may be doing too much work on its main thread.
W/IInputConnectionWrapper( 1070): endBatchEdit on inactive InputConnection
D/InputEventConsistencyVerifier( 1070): KeyEvent: ACTION_UP but key was not down.
D/InputEventConsistencyVerifier( 1070):   in android.widget.LinearLayout@b3e8b770
D/InputEventConsistencyVerifier( 1070):   0: sent at 152399000000, KeyEvent { action=ACTION_UP, keyCode=KEYCODE_DPAD_DOWN, scanCode=0, metaState=0, flags=0x400, repeatCount=0, eventTime=152399, downTime=152399, deviceId=-1, source=0x101 }
D/InputEventConsistencyVerifier( 1070):   -- recent events --
D/InputEventConsistencyVerifier( 1070):   1: sent at 145472000000, (unhandled) KeyEvent { action=ACTION_UP, keyCode=KEYCODE_DPAD_DOWN, scanCode=0, metaState=0, flags=0x80000008, repeatCount=0, eventTime=145472, downTime=145472, deviceId=-1, source=0x101 }
I/InputAttributes(  495): InputType.TYPE_NULL is specified
I/Choreographer(  495): Skipped 159 frames!  The application may be doing too much work on its main thread.
W/dalvikvm(  235): DroidBox: { "FdAccess": { "path": "2f70726f632f3233352f6e65742f78745f717461677569642f69666163655f737461745f616c6c", "id": "1709096580" } }
W/DroidBox(  235): DroidBox: { "FileRW": { "operation": "read", "data": "6574683020312030203020302030203138363839333620323936362033313733323120313937300a6c6f20312030203020302030203235323420333920323532342033390a00000000000000000000000000000000000000000000000000000000000000", "id": "1709096580" } }
W/dalvikvm(  235): DroidBox: { "FdAccess": { "path": "2f70726f632f3233352f6e65742f78745f717461677569642f69666163655f737461745f616c6c", "id": "940518151" } }
W/DroidBox(  235): DroidBox: { "FileRW": { "operation": "read", "data": "33390a342033390a33390a342033390a390a390a390a390a390a33390a342033390a3532342033390a342033390a323532342033390a390a390a390a390a390a342033390a00000000000000000000000000000000000000000000000000000000000000", "id": "940518151" } }
W/ThrottleService(  235): unable to find stats for iface rmnet0
E/ThrottleService(  235): Error reading data file
I/Choreographer(  495): Skipped 72 frames!  The application may be doing too much work on its main thread.
I/InputAttributes(  495): InputType.TYPE_NULL is specified
D/InputEventConsistencyVerifier( 1070): KeyEvent: ACTION_UP but key was not down.
D/InputEventConsistencyVerifier( 1070):   in android.widget.LinearLayout@b3e80dc0
D/InputEventConsistencyVerifier( 1070):   0: sent at 152403000000, KeyEvent { action=ACTION_UP, keyCode=KEYCODE_DPAD_DOWN, scanCode=0, metaState=0, flags=0x400, repeatCount=0, eventTime=152403, downTime=152403, deviceId=-1, source=0x101 }
I/Choreographer(  495): Skipped 143 frames!  The application may be doing too much work on its main thread.
I/InputAttributes(  495): InputType.TYPE_NULL is specified
D/InputEventConsistencyVerifier( 1070): KeyEvent: ACTION_UP but key was not down.
D/InputEventConsistencyVerifier( 1070):   in android.widget.LinearLayout@b3e90be0
D/InputEventConsistencyVerifier( 1070):   0: sent at 152404000000, KeyEvent { action=ACTION_UP, keyCode=KEYCODE_DPAD_DOWN, scanCode=0, metaState=0, flags=0x400, repeatCount=0, eventTime=152404, downTime=152404, deviceId=-1, source=0x101 }
I/Choreographer(  495): Skipped 92 frames!  The application may be doing too much work on its main thread.
E/WVMExtractor(   61): Failed to open libwvm.so
I/InputDispatcher(  235): Window 'Window{b3fdd508 com.talkweb.ycya.free/com.talkweb.mzzd.MzzdActivity paused=false}' spent 3925.9ms processing the last input event: MotionEvent(action=2, deviceId=0, source=0x00010004)
I/InputDispatcher(  235): Window 'Window{b3fdd508 com.talkweb.ycya.free/com.talkweb.mzzd.MzzdActivity paused=false}' spent 3922.7ms processing the last input event: MotionEvent(action=2, deviceId=0, source=0x00010004)
I/InputDispatcher(  235): Window 'Window{b3fdd508 com.talkweb.ycya.free/com.talkweb.mzzd.MzzdActivity paused=false}' spent 3865.3ms processing the last input event: MotionEvent(action=2, deviceId=0, source=0x00010004)
I/InputDispatcher(  235): Window 'Window{b3fdd508 com.talkweb.ycya.free/com.talkweb.mzzd.MzzdActivity paused=false}' spent 3856.9ms processing the last input event: MotionEvent(action=2, deviceId=0, source=0x00010004)
I/InputDispatcher(  235): Window 'Window{b3fdd508 com.talkweb.ycya.free/com.talkweb.mzzd.MzzdActivity paused=false}' spent 3854.3ms processing the last input event: MotionEvent(action=2, deviceId=0, source=0x00010004)
I/InputDispatcher(  235): Window 'Window{b3fdd508 com.talkweb.ycya.free/com.talkweb.mzzd.MzzdActivity paused=false}' spent 3791.0ms processing the last input event: MotionEvent(action=2, deviceId=0, source=0x00010004)
I/InputDispatcher(  235): Window 'Window{b3fdd508 com.talkweb.ycya.free/com.talkweb.mzzd.MzzdActivity paused=false}' spent 3788.2ms processing the last input event: MotionEvent(action=2, deviceId=0, source=0x00010004)
I/InputDispatcher(  235): Window 'Window{b3fdd508 com.talkweb.ycya.free/com.talkweb.mzzd.MzzdActivity paused=false}' spent 3785.3ms processing the last input event: MotionEvent(action=2, deviceId=0, source=0x00010004)
I/InputDispatcher(  235): Window 'Window{b3fdd508 com.talkweb.ycya.free/com.talkweb.mzzd.MzzdActivity paused=false}' spent 3782.9ms processing the last input event: MotionEvent(action=2, deviceId=0, source=0x00010004)
E/WVMExtractor(   61): Failed to open libwvm.so
D/InputEventConsistencyVerifier( 1070): KeyEvent: ACTION_UP but key was not down.
D/InputEventConsistencyVerifier( 1070):   in com.android.internal.policy.impl.PhoneWindow$DecorView@b4128120
D/InputEventConsistencyVerifier( 1070):   0: sent at 156814000000, KeyEvent { action=ACTION_UP, keyCode=KEYCODE_DPAD_DOWN, scanCode=0, metaState=0, flags=0x8, repeatCount=0, eventTime=156814, downTime=156814, deviceId=-1, source=0x101 }
D/InputEventConsistencyVerifier( 1070):   -- recent events --
D/InputEventConsistencyVerifier( 1070):   1: sent at 156760000000, (unhandled) MotionEvent { action=ACTION_UP, id[0]=0, x[0]=98.0, y[0]=531.0, toolType[0]=TOOL_TYPE_UNKNOWN, buttonState=0, metaState=0, flags=0x0, edgeFlags=0x0, pointerCount=1, historySize=0, eventTime=156760, downTime=156730, deviceId=0, source=0x1002 }
