D/InputEventConsistencyVerifier(  624): KeyEvent: ACTION_UP but key was not down.
D/InputEventConsistencyVerifier(  624):   in com.android.internal.policy.impl.PhoneWindow$DecorView@b40d3520
D/InputEventConsistencyVerifier(  624):   0: sent at 115129000000, KeyEvent { action=ACTION_UP, keyCode=KEYCODE_DPAD_RIGHT, scanCode=0, metaState=0, flags=0x8, repeatCount=0, eventTime=115129, downTime=115129, deviceId=-1, source=0x101 }
W/dalvikvm( 1002): DroidBox: { "FdAccess": { "path": "2f6465762f696e7075742f6576656e7430", "id": "1055438868" } }
W/DroidBox( 1002): DroidBox: { "FileRW": { "operation": "write", "data": "efbfbd060000efbfbdefbfbd0c000500000000000000", "id": "1055438868" } }
I/ActivityManager(  230): START {act=android.search.action.GLOBAL_SEARCH flg=0x10000000 cmp=com.android.quicksearchbox/.SearchActivity bnds=[5,43][475,103] (has extras) u=0} from pid 624
I/Choreographer(  624): Skipped 35 frames!  The application may be doing too much work on its main thread.
E/Trace   ( 1021): error opening trace file: No such file or directory (2)
W/DroidBox( 1021): DroidBox: { "DexClassLoader": { "path": "/data/app/eh.dr.nufusp3fnbbr-1.apk" } }
I/dalvikvm-heap(  624): Grow heap (frag case) to 15.147MB for 1463056-byte allocation
D/InputEventConsistencyVerifier(  624): KeyEvent: ACTION_UP but key was not down.
D/InputEventConsistencyVerifier(  624):   in com.android.launcher2.Cling@b4110848
D/InputEventConsistencyVerifier(  624):   0: sent at 115474000000, KeyEvent { action=ACTION_UP, keyCode=KEYCODE_DPAD_DOWN, scanCode=0, metaState=0, flags=0x8, repeatCount=0, eventTime=115474, downTime=115474, deviceId=-1, source=0x101 }
W/InputMethodManagerService(  230): Starting input on non-focused client com.android.internal.view.IInputMethodClient$Stub$Proxy@b3ebae60 (uid=10019 pid=624)
I/Choreographer(  624): Skipped 34 frames!  The application may be doing too much work on its main thread.
E/WVMExtractor(   62): Failed to open libwvm.so
W/DroidBox( 1021): DroidBox: { "ServiceStart": { "name": "com.GdFFE.qonaDEWsJ11" } }
W/dalvikvm( 1021): DroidBox: { "FdAccess": { "path": "2f70726f632f637075696e666f", "id": "822979726" } }
W/DroidBox( 1021): DroidBox: { "FileRW": { "operation": "read", "data": "50726f636573736f72093a2041524d76372050726f636573736f72207265762030202876376c290a426f676f4d495053093a203431302e34310a4665617475726573093a207377702068616c66207468756d6220666173746d756c742076667020656473", "id": "822979726" } }
E/WVMExtractor(   62): Failed to open libwvm.so
E/WVMExtractor(   62): Failed to open libwvm.so
E/WVMExtractor(   62): Failed to open libwvm.so
E/WVMExtractor(   62): Failed to open libwvm.so
W/dalvikvm( 1021): DroidBox: { "FdAccess": { "path": "2f646174612f646174612f65682e64722e6e756675737033666e6262722f7368617265645f70726566732f716f6e61444557734a31312e786d6c", "id": "1591859732" } }
W/DroidBox( 1021): DroidBox: { "FileRW": { "operation": "write", "data": "3c3f786d6c2076657273696f6e3d27312e302720656e636f64696e673d277574662d3827207374616e64616c6f6e653d2779657327203f3e0a3c6d61703e0a3c737472696e67206e616d653d226e6574776f726b74797065223e6570632e746d6f62696c", "id": "1591859732" } }
W/dalvikvm( 1021): DroidBox: { "FdAccess": { "path": "2f70726f632f637075696e666f", "id": "280987660" } }
W/DroidBox( 1021): DroidBox: { "FileRW": { "operation": "read", "data": "50726f636573736f72093a2041524d76372050726f636573736f72207265762030202876376c290a426f676f4d495053093a203431302e34310a4665617475726573093a207377702068616c66207468756d6220666173746d756c742076667020656473", "id": "280987660" } }
W/dalvikvm( 1021): DroidBox: { "FdAccess": { "path": "2f646174612f646174612f65682e64722e6e756675737033666e6262722f7368617265645f70726566732f716f6e61444557734a31312e786d6c", "id": "409326713" } }
W/DroidBox( 1021): DroidBox: { "DataLeak": { "sink": "File", "operation": "write", "tag": "0x1c08", "data": "3c3f786d6c2076657273696f6e3d27312e302720656e636f64696e673d277574662d3827207374616e64616c6f6e653d2779657327203f3e0a3c6d61703e0a3c737472696e67206e616d653d2273696d6e756d223e383930313431303332313131313835", "id": "409326713" } }
E/WVMExtractor(   62): Failed to open libwvm.so
W/dalvikvm( 1021): DroidBox: { "FdAccess": { "path": "2f646174612f646174612f65682e64722e6e756675737033666e6262722f7368617265645f70726566732f716f6e61444557734a31312e786d6c", "id": "547863516" } }
W/DroidBox( 1021): DroidBox: { "DataLeak": { "sink": "File", "operation": "write", "tag": "0x1c08", "data": "3c3f786d6c2076657273696f6e3d27312e302720656e636f64696e673d277574662d3827207374616e64616c6f6e653d2779657327203f3e0a3c6d61703e0a3c737472696e67206e616d653d2273696d6e756d223e383930313431303332313131313835", "id": "547863516" } }
W/dalvikvm(  230): DroidBox: { "FdAccess": { "path": "2f70726f632f313030322f636d646c696e65", "id": "377814910" } }
W/DroidBox(  230): DroidBox: { "FileRW": { "operation": "read", "data": "636f6d2e616e64726f69642e636f6d6d616e64732e6d6f6e6b65790000000000000000000000000000000000000000000000000000000000000000000000000000000000000000000000000000000000000000000000000000003166326133362e61706b", "id": "377814910" } }
W/dalvikvm(  230): DroidBox: { "FdAccess": { "path": "2f70726f632f313032312f636d646c696e65", "id": "988031719" } }
W/dalvikvm( 1021): DroidBox: { "FdAccess": { "path": "2f646174612f646174612f65682e64722e6e756675737033666e6262722f7368617265645f70726566732f716f6e61444557734a31312e786d6c", "id": "1830452345" } }
W/DroidBox( 1021): DroidBox: { "DataLeak": { "sink": "File", "operation": "write", "tag": "0x1c08", "data": "3c3f786d6c2076657273696f6e3d27312e302720656e636f64696e673d277574662d3827207374616e64616c6f6e653d2779657327203f3e0a3c6d61703e0a3c737472696e67206e616d653d2273696d6e756d223e383930313431303332313131313835", "id": "1830452345" } }
W/DroidBox(  230): DroidBox: { "FileRW": { "operation": "read", "data": "65682e64722e6e756675737033666e6262720000000000000000000000000000000000000000000000000000000000000000000000000000000000000000000000000000000000000000000000000000000000000000000000003166326133362e61706b", "id": "988031719" } }
E/WVMExtractor(   62): Failed to open libwvm.so
W/dalvikvm( 1021): DroidBox: { "FdAccess": { "path": "2f646174612f646174612f65682e64722e6e756675737033666e6262722f7368617265645f70726566732f716f6e61444557734a31312e786d6c", "id": "716629642" } }
W/DroidBox( 1021): DroidBox: { "DataLeak": { "sink": "File", "operation": "write", "tag": "0x1c08", "data": "3c3f786d6c2076657273696f6e3d27312e302720656e636f64696e673d277574662d3827207374616e64616c6f6e653d2779657327203f3e0a3c6d61703e0a3c737472696e67206e616d653d2273696d6e756d223e383930313431303332313131313835", "id": "716629642" } }
E/WVMExtractor(   62): Failed to open libwvm.so
W/dalvikvm( 1021): DroidBox: { "FdAccess": { "path": "2f646174612f646174612f65682e64722e6e756675737033666e6262722f7368617265645f70726566732f716f6e61444557734a31312e786d6c", "id": "1359964942" } }
W/DroidBox( 1021): DroidBox: { "DataLeak": { "sink": "File", "operation": "write", "tag": "0x1c08", "data": "3c3f786d6c2076657273696f6e3d27312e302720656e636f64696e673d277574662d3827207374616e64616c6f6e653d2779657327203f3e0a3c6d61703e0a3c737472696e67206e616d653d2273696d6e756d223e383930313431303332313131313835", "id": "1359964942" } }
E/WVMExtractor(   62): Failed to open libwvm.so
I/Choreographer( 1021): Skipped 929 frames!  The application may be doing too much work on its main thread.
I/InputDispatcher(  230): Application is not responding: AppWindowToken{b3e69c18 token=Token{b3fda100 ActivityRecord{b3fd9e88 eh.dr.nufusp3fnbbr/com.GdFFE.qonaDEWsJ21}}}.  It has been 5146.1ms since event, 5003.5ms since wait started.  Reason: Waiting because no window has focus but there is a focused application that may eventually add a window when it finishes starting up.
I/WindowManager(  230): Input event dispatching timed out sending to application AppWindowToken{b3e69c18 token=Token{b3fda100 ActivityRecord{b3fd9e88 eh.dr.nufusp3fnbbr/com.GdFFE.qonaDEWsJ21}}}
V/PhoneStatusBar(  426): setLightsOn(true)
I/Process (  230): Sending signal. PID: 1021 SIG: 3
I/Process (  230): Sending signal. PID: 230 SIG: 3
I/Process (  230): Sending signal. PID: 426 SIG: 3
I/Process (  230): Sending signal. PID: 500 SIG: 3
W/dalvikvm(  230): DroidBox: { "FdAccess": { "path": "2f70726f632f312f636d646c696e65", "id": "946424217" } }
W/DroidBox(  230): DroidBox: { "FileRW": { "operation": "read", "data": "2f696e69740000000000000000000000000000000000000000000000000000000000000000000000000000000000000000000000000000000000000000000000000000000000000000000000000000000000000000000000000000000000000000000000", "id": "946424217" } }
W/dalvikvm(  230): DroidBox: { "FdAccess": { "path": "2f70726f632f322f636d646c696e65", "id": "354201925" } }
W/DroidBox(  230): DroidBox: { "FileRW": { "operation": "read", "data": "2f696e69740000000000000000000000000000000000000000000000000000000000000000000000000000000000000000000000000000000000000000000000000000000000000000000000000000000000000000000000000000000000000000000000", "id": "354201925" } }
W/dalvikvm(  230): DroidBox: { "FdAccess": { "path": "2f70726f632f332f636d646c696e65", "id": "153817878" } }
W/DroidBox(  230): DroidBox: { "FileRW": { "operation": "read", "data": "2f696e69740000000000000000000000000000000000000000000000000000000000000000000000000000000000000000000000000000000000000000000000000000000000000000000000000000000000000000000000000000000000000000000000", "id": "153817878" } }
W/dalvikvm(  230): DroidBox: { "FdAccess": { "path": "2f70726f632f342f636d646c696e65", "id": "1280484453" } }
W/DroidBox(  230): DroidBox: { "FileRW": { "operation": "read", "data": "2f696e69740000000000000000000000000000000000000000000000000000000000000000000000000000000000000000000000000000000000000000000000000000000000000000000000000000000000000000000000000000000000000000000000", "id": "1280484453" } }
W/dalvikvm(  230): DroidBox: { "FdAccess": { "path": "2f70726f632f352f636d646c696e65", "id": "1406502983" } }
W/DroidBox(  230): DroidBox: { "FileRW": { "operation": "read", "data": "2f696e69740000000000000000000000000000000000000000000000000000000000000000000000000000000000000000000000000000000000000000000000000000000000000000000000000000000000000000000000000000000000000000000000", "id": "1406502983" } }
W/dalvikvm(  230): DroidBox: { "FdAccess": { "path": "2f70726f632f362f636d646c696e65", "id": "1691912112" } }
W/DroidBox(  230): DroidBox: { "FileRW": { "operation": "read", "data": "2f696e69740000000000000000000000000000000000000000000000000000000000000000000000000000000000000000000000000000000000000000000000000000000000000000000000000000000000000000000000000000000000000000000000", "id": "1691912112" } }
W/dalvikvm(  230): DroidBox: { "FdAccess": { "path": "2f70726f632f372f636d646c696e65", "id": "1350038187" } }
W/DroidBox(  230): DroidBox: { "FileRW": { "operation": "read", "data": "2f696e69740000000000000000000000000000000000000000000000000000000000000000000000000000000000000000000000000000000000000000000000000000000000000000000000000000000000000000000000000000000000000000000000", "id": "1350038187" } }
W/dalvikvm(  230): DroidBox: { "FdAccess": { "path": "2f70726f632f382f636d646c696e65", "id": "506582761" } }
W/DroidBox(  230): DroidBox: { "FileRW": { "operation": "read", "data": "2f696e69740000000000000000000000000000000000000000000000000000000000000000000000000000000000000000000000000000000000000000000000000000000000000000000000000000000000000000000000000000000000000000000000", "id": "506582761" } }
W/dalvikvm(  230): DroidBox: { "FdAccess": { "path": "2f70726f632f392f636d646c696e65", "id": "287642915" } }
W/DroidBox(  230): DroidBox: { "FileRW": { "operation": "read", "data": "2f696e69740000000000000000000000000000000000000000000000000000000000000000000000000000000000000000000000000000000000000000000000000000000000000000000000000000000000000000000000000000000000000000000000", "id": "287642915" } }
W/dalvikvm(  230): DroidBox: { "FdAccess": { "path": "2f70726f632f31302f636d646c696e65", "id": "723584848" } }
W/DroidBox(  230): DroidBox: { "FileRW": { "operation": "read", "data": "2f696e69740000000000000000000000000000000000000000000000000000000000000000000000000000000000000000000000000000000000000000000000000000000000000000000000000000000000000000000000000000000000000000000000", "id": "723584848" } }
W/dalvikvm(  230): DroidBox: { "FdAccess": { "path": "2f70726f632f31312f636d646c696e65", "id": "105334806" } }
W/DroidBox(  230): DroidBox: { "FileRW": { "operation": "read", "data": "2f696e69740000000000000000000000000000000000000000000000000000000000000000000000000000000000000000000000000000000000000000000000000000000000000000000000000000000000000000000000000000000000000000000000", "id": "105334806" } }
W/dalvikvm(  230): DroidBox: { "FdAccess": { "path": "2f70726f632f31322f636d646c696e65", "id": "110725017" } }
W/DroidBox(  230): DroidBox: { "FileRW": { "operation": "read", "data": "2f696e69740000000000000000000000000000000000000000000000000000000000000000000000000000000000000000000000000000000000000000000000000000000000000000000000000000000000000000000000000000000000000000000000", "id": "110725017" } }
W/dalvikvm(  230): DroidBox: { "FdAccess": { "path": "2f70726f632f31332f636d646c696e65", "id": "2090124814" } }
W/DroidBox(  230): DroidBox: { "FileRW": { "operation": "read", "data": "2f696e69740000000000000000000000000000000000000000000000000000000000000000000000000000000000000000000000000000000000000000000000000000000000000000000000000000000000000000000000000000000000000000000000", "id": "2090124814" } }
W/dalvikvm(  230): DroidBox: { "FdAccess": { "path": "2f70726f632f31342f636d646c696e65", "id": "925429770" } }
W/DroidBox(  230): DroidBox: { "FileRW": { "operation": "read", "data": "2f696e69740000000000000000000000000000000000000000000000000000000000000000000000000000000000000000000000000000000000000000000000000000000000000000000000000000000000000000000000000000000000000000000000", "id": "925429770" } }
W/dalvikvm(  230): DroidBox: { "FdAccess": { "path": "2f70726f632f32352f636d646c696e65", "id": "418618080" } }
W/DroidBox(  230): DroidBox: { "FileRW": { "operation": "read", "data": "2f696e69740000000000000000000000000000000000000000000000000000000000000000000000000000000000000000000000000000000000000000000000000000000000000000000000000000000000000000000000000000000000000000000000", "id": "418618080" } }
W/dalvikvm(  230): DroidBox: { "FdAccess": { "path": "2f70726f632f32362f636d646c696e65", "id": "1421559352" } }
W/DroidBox(  230): DroidBox: { "FileRW": { "operation": "read", "data": "2f696e69740000000000000000000000000000000000000000000000000000000000000000000000000000000000000000000000000000000000000000000000000000000000000000000000000000000000000000000000000000000000000000000000", "id": "1421559352" } }
W/dalvikvm(  230): DroidBox: { "FdAccess": { "path": "2f70726f632f32372f636d646c696e65", "id": "1714028663" } }
W/DroidBox(  230): DroidBox: { "FileRW": { "operation": "read", "data": "2f696e69740000000000000000000000000000000000000000000000000000000000000000000000000000000000000000000000000000000000000000000000000000000000000000000000000000000000000000000000000000000000000000000000", "id": "1714028663" } }
W/dalvikvm(  230): DroidBox: { "FdAccess": { "path": "2f70726f632f32382f636d646c696e65", "id": "849501627" } }
W/DroidBox(  230): DroidBox: { "FileRW": { "operation": "read", "data": "2f696e69740000000000000000000000000000000000000000000000000000000000000000000000000000000000000000000000000000000000000000000000000000000000000000000000000000000000000000000000000000000000000000000000", "id": "849501627" } }
W/dalvikvm(  230): DroidBox: { "FdAccess": { "path": "2f70726f632f32392f636d646c696e65", "id": "585224074" } }
W/DroidBox(  230): DroidBox: { "FileRW": { "operation": "read", "data": "2f696e69740000000000000000000000000000000000000000000000000000000000000000000000000000000000000000000000000000000000000000000000000000000000000000000000000000000000000000000000000000000000000000000000", "id": "585224074" } }
W/dalvikvm(  230): DroidBox: { "FdAccess": { "path": "2f70726f632f33302f636d646c696e65", "id": "1852862407" } }
W/DroidBox(  230): DroidBox: { "FileRW": { "operation": "read", "data": "2f696e69740000000000000000000000000000000000000000000000000000000000000000000000000000000000000000000000000000000000000000000000000000000000000000000000000000000000000000000000000000000000000000000000", "id": "1852862407" } }
W/dalvikvm(  230): DroidBox: { "FdAccess": { "path": "2f70726f632f33312f636d646c696e65", "id": "1458164621" } }
W/DroidBox(  230): DroidBox: { "FileRW": { "operation": "read", "data": "2f7362696e2f756576656e7464000000000000000000000000000000000000000000000000000000000000000000000000000000000000000000000000000000000000000000000000000000000000000000000000000000000000000000000000000000", "id": "1458164621" } }
W/dalvikvm(  230): DroidBox: { "FdAccess": { "path": "2f70726f632f33332f636d646c696e65", "id": "1735259031" } }
W/DroidBox(  230): DroidBox: { "FileRW": { "operation": "read", "data": "2f7362696e2f756576656e7464000000000000000000000000000000000000000000000000000000000000000000000000000000000000000000000000000000000000000000000000000000000000000000000000000000000000000000000000000000", "id": "1735259031" } }
W/dalvikvm(  230): DroidBox: { "FdAccess": { "path": "2f70726f632f33342f636d646c696e65", "id": "991684049" } }
W/DroidBox(  230): DroidBox: { "FileRW": { "operation": "read", "data": "2f7362696e2f756576656e7464000000000000000000000000000000000000000000000000000000000000000000000000000000000000000000000000000000000000000000000000000000000000000000000000000000000000000000000000000000", "id": "991684049" } }
W/dalvikvm(  230): DroidBox: { "FdAccess": { "path": "2f70726f632f33382f636d646c696e65", "id": "600381949" } }
W/DroidBox(  230): DroidBox: { "FileRW": { "operation": "read", "data": "2f7362696e2f756576656e7464000000000000000000000000000000000000000000000000000000000000000000000000000000000000000000000000000000000000000000000000000000000000000000000000000000000000000000000000000000", "id": "600381949" } }
W/dalvikvm(  230): DroidBox: { "FdAccess": { "path": "2f70726f632f34302f636d646c696e65", "id": "1471503118" } }
W/DroidBox(  230): DroidBox: { "FileRW": { "operation": "read", "data": "2f7362696e2f756576656e7464000000000000000000000000000000000000000000000000000000000000000000000000000000000000000000000000000000000000000000000000000000000000000000000000000000000000000000000000000000", "id": "1471503118" } }
W/dalvikvm(  230): DroidBox: { "FdAccess": { "path": "2f70726f632f34312f636d646c696e65", "id": "670019967" } }
W/DroidBox(  230): DroidBox: { "FileRW": { "operation": "read", "data": "2f7362696e2f756576656e7464000000000000000000000000000000000000000000000000000000000000000000000000000000000000000000000000000000000000000000000000000000000000000000000000000000000000000000000000000000", "id": "670019967" } }
W/dalvikvm(  230): DroidBox: { "FdAccess": { "path": "2f70726f632f34342f636d646c696e65", "id": "995414650" } }
W/DroidBox(  230): DroidBox: { "FileRW": { "operation": "read", "data": "2f7362696e2f756576656e7464000000000000000000000000000000000000000000000000000000000000000000000000000000000000000000000000000000000000000000000000000000000000000000000000000000000000000000000000000000", "id": "995414650" } }
W/dalvikvm(  230): DroidBox: { "FdAccess": { "path": "2f70726f632f34362f636d646c696e65", "id": "1958305371" } }
W/DroidBox(  230): DroidBox: { "FileRW": { "operation": "read", "data": "2f7362696e2f756576656e7464000000000000000000000000000000000000000000000000000000000000000000000000000000000000000000000000000000000000000000000000000000000000000000000000000000000000000000000000000000", "id": "1958305371" } }
W/dalvikvm(  230): DroidBox: { "FdAccess": { "path": "2f70726f632f34372f636d646c696e65", "id": "508083065" } }
W/DroidBox(  230): DroidBox: { "FileRW": { "operation": "read", "data": "2f7362696e2f756576656e7464000000000000000000000000000000000000000000000000000000000000000000000000000000000000000000000000000000000000000000000000000000000000000000000000000000000000000000000000000000", "id": "508083065" } }
W/dalvikvm(  230): DroidBox: { "FdAccess": { "path": "2f70726f632f34382f636d646c696e65", "id": "1223404156" } }
W/DroidBox(  230): DroidBox: { "FileRW": { "operation": "read", "data": "2f73797374656d2f62696e2f71656d75640000000000000000000000000000000000000000000000000000000000000000000000000000000000000000000000000000000000000000000000000000000000000000000000000000000000000000000000", "id": "1223404156" } }
W/dalvikvm(  230): DroidBox: { "FdAccess": { "path": "2f70726f632f35332f636d646c696e65", "id": "160334488" } }
W/DroidBox(  230): DroidBox: { "FileRW": { "operation": "read", "data": "2f73797374656d2f62696e2f736572766963656d616e616765720000000000000000000000000000000000000000000000000000000000000000000000000000000000000000000000000000000000000000000000000000000000000000000000000000", "id": "160334488" } }
W/dalvikvm(  230): DroidBox: { "FdAccess": { "path": "2f70726f632f35342f636d646c696e65", "id": "869844625" } }
W/DroidBox(  230): DroidBox: { "FileRW": { "operation": "read", "data": "2f73797374656d2f62696e2f766f6c640063656d616e616765720000000000000000000000000000000000000000000000000000000000000000000000000000000000000000000000000000000000000000000000000000000000000000000000000000", "id": "869844625" } }
W/dalvikvm(  230): DroidBox: { "FdAccess": { "path": "2f70726f632f35362f636d646c696e65", "id": "1423435838" } }
W/DroidBox(  230): DroidBox: { "FileRW": { "operation": "read", "data": "2f73797374656d2f62696e2f6e6574640063656d616e616765720000000000000000000000000000000000000000000000000000000000000000000000000000000000000000000000000000000000000000000000000000000000000000000000000000", "id": "1423435838" } }
W/dalvikvm(  230): DroidBox: { "FdAccess": { "path": "2f70726f632f35372f636d646c696e65", "id": "413570696" } }
W/DroidBox(  230): DroidBox: { "FileRW": { "operation": "read", "data": "2f73797374656d2f62696e2f64656275676765726400616765720000000000000000000000000000000000000000000000000000000000000000000000000000000000000000000000000000000000000000000000000000000000000000000000000000", "id": "413570696" } }
W/dalvikvm(  230): DroidBox: { "FdAccess": { "path": "2f70726f632f35382f636d646c696e65", "id": "971665443" } }
W/DroidBox(  230): DroidBox: { "FileRW": { "operation": "read", "data": "2f73797374656d2f62696e2f72696c64006765726400616765720000000000000000000000000000000000000000000000000000000000000000000000000000000000000000000000000000000000000000000000000000000000000000000000000000", "id": "971665443" } }
W/dalvikvm(  230): DroidBox: { "FdAccess": { "path": "2f70726f632f35392f636d646c696e65", "id": "1535559628" } }
W/DroidBox(  230): DroidBox: { "FileRW": { "operation": "read", "data": "2f73797374656d2f62696e2f73757266616365666c696e6765720000000000000000000000000000000000000000000000000000000000000000000000000000000000000000000000000000000000000000000000000000000000000000000000000000", "id": "1535559628" } }
W/dalvikvm(  230): DroidBox: { "FdAccess": { "path": "2f70726f632f36302f636d646c696e65", "id": "477605179" } }
W/DroidBox(  230): DroidBox: { "FileRW": { "operation": "read", "data": "7a79676f7465002f62696e2f6170705f70726f63657373002d587a79676f7465002f73797374656d2f62696e002d2d7a79676f7465002d2d73746172742d73797374656d2d73657276657200000000000000000000000000000000000000000000000000", "id": "477605179" } }
W/dalvikvm(  230): DroidBox: { "FdAccess": { "path": "2f70726f632f36312f636d646c696e65", "id": "1831104294" } }
W/DroidBox(  230): DroidBox: { "FileRW": { "operation": "read", "data": "2f73797374656d2f62696e2f64726d7365727665720073002d587a79676f7465002f73797374656d2f62696e002d2d7a79676f7465002d2d73746172742d73797374656d2d73657276657200000000000000000000000000000000000000000000000000", "id": "1831104294" } }
W/dalvikvm(  230): DroidBox: { "FdAccess": { "path": "2f70726f632f36322f636d646c696e65", "id": "601568779" } }
W/DroidBox(  230): DroidBox: { "FileRW": { "operation": "read", "data": "2f73797374656d2f62696e2f6d65646961736572766572002d587a79676f7465002f73797374656d2f62696e002d2d7a79676f7465002d2d73746172742d73797374656d2d73657276657200000000000000000000000000000000000000000000000000", "id": "601568779" } }
W/dalvikvm(  230): DroidBox: { "FdAccess": { "path": "2f70726f632f36332f636d646c696e65", "id": "1856552925" } }
W/DroidBox(  230): DroidBox: { "FileRW": { "operation": "read", "data": "2f73797374656d2f62696e2f646275732d6461656d6f6e002d2d73797374656d002d2d6e6f666f726b00696e002d2d7a79676f7465002d2d73746172742d73797374656d2d73657276657200000000000000000000000000000000000000000000000000", "id": "1856552925" } }
W/dalvikvm(  230): DroidBox: { "FdAccess": { "path": "2f70726f632f36342f636d646c696e65", "id": "1301282186" } }
W/DroidBox(  230): DroidBox: { "FileRW": { "operation": "read", "data": "2f73797374656d2f62696e2f696e7374616c6c64006f6e002d2d73797374656d002d2d6e6f666f726b00696e002d2d7a79676f7465002d2d73746172742d73797374656d2d73657276657200000000000000000000000000000000000000000000000000", "id": "1301282186" } }
W/dalvikvm(  230): DroidBox: { "FdAccess": { "path": "2f70726f632f36352f636d646c696e65", "id": "967034070" } }
W/DroidBox(  230): DroidBox: { "FileRW": { "operation": "read", "data": "2f73797374656d2f62696e2f6b657973746f7265002f646174612f6d6973632f6b657973746f72650000696e002d2d7a79676f7465002d2d73746172742d73797374656d2d73657276657200000000000000000000000000000000000000000000000000", "id": "967034070" } }
W/dalvikvm(  230): DroidBox: { "FdAccess": { "path": "2f70726f632f36362f636d646c696e65", "id": "1224139743" } }
W/DroidBox(  230): DroidBox: { "FileRW": { "operation": "read", "data": "2f73797374656d2f62696e2f6b657973746f7265002f646174612f6d6973632f6b657973746f72650000696e002d2d7a79676f7465002d2d73746172742d73797374656d2d73657276657200000000000000000000000000000000000000000000000000", "id": "1224139743" } }
W/dalvikvm(  230): DroidBox: { "FdAccess": { "path": "2f70726f632f36372f636d646c696e65", "id": "189754204" } }
W/DroidBox(  230): DroidBox: { "FileRW": { "operation": "read", "data": "2f73797374656d2f62696e2f73680073746f7265002f646174612f6d6973632f6b657973746f72650000696e002d2d7a79676f7465002d2d73746172742d73797374656d2d73657276657200000000000000000000000000000000000000000000000000", "id": "189754204" } }
W/dalvikvm(  230): DroidBox: { "FdAccess": { "path": "2f70726f632f36382f636d646c696e65", "id": "494232251" } }
W/DroidBox(  230): DroidBox: { "FileRW": { "operation": "read", "data": "2f7362696e2f61646264002f73680073746f7265002f646174612f6d6973632f6b657973746f72650000696e002d2d7a79676f7465002d2d73746172742d73797374656d2d73657276657200000000000000000000000000000000000000000000000000", "id": "494232251" } }
W/dalvikvm(  230): DroidBox: { "FdAccess": { "path": "2f70726f632f3233302f636d646c696e65", "id": "139747554" } }
W/DroidBox(  230): DroidBox: { "FileRW": { "operation": "read", "data": "73797374656d5f736572766572000000000000000000000000000000000000000000000000000000000000000000000000000000000000000000000000000000000000000000000000000000000000000000000000000000000000000000000000000000", "id": "139747554" } }
W/dalvikvm(  230): DroidBox: { "FdAccess": { "path": "2f70726f632f3432362f636d646c696e65", "id": "1010658132" } }
W/DroidBox(  230): DroidBox: { "FileRW": { "operation": "read", "data": "636f6d2e616e64726f69642e73797374656d75690000000000000000000000000000000000000000000000000000000000000000000000000000000000000000000000000000000000000000000000000000000000000000000000000000000000000000", "id": "1010658132" } }
W/dalvikvm(  230): DroidBox: { "FdAccess": { "path": "2f70726f632f3438342f636d646c696e65", "id": "2134698365" } }
W/DroidBox(  230): DroidBox: { "FileRW": { "operation": "read", "data": "636f6d2e616e64726f69642e696e7075746d6574686f642e6c6174696e0000000000000000000000000000000000000000000000000000000000000000000000000000000000000000000000000000000000000000000000000000000000000000000000", "id": "2134698365" } }
W/dalvikvm(  230): DroidBox: { "FdAccess": { "path": "2f70726f632f3530302f636d646c696e65", "id": "908271614" } }
W/DroidBox(  230): DroidBox: { "FileRW": { "operation": "read", "data": "636f6d2e616e64726f69642e70686f6e650000000000000000000000000000000000000000000000000000000000000000000000000000000000000000000000000000000000000000000000000000000000000000000000000000000000000000000000", "id": "908271614" } }
W/dalvikvm(  230): DroidBox: { "FdAccess": { "path": "2f70726f632f3531332f636d646c696e65", "id": "1230764422" } }
W/DroidBox(  230): DroidBox: { "FileRW": { "operation": "read", "data": "636f6d2e616e64726f69642e73657474696e67730000000000000000000000000000000000000000000000000000000000000000000000000000000000000000000000000000000000000000000000000000000000000000000000000000000000000000", "id": "1230764422" } }
W/dalvikvm(  230): DroidBox: { "FdAccess": { "path": "2f70726f632f3535342f636d646c696e65", "id": "1774902870" } }
I/InputReader(  230): Reconfiguring input devices.  changes=0x00000010
W/DroidBox(  230): DroidBox: { "FileRW": { "operation": "read", "data": "636f6d2e616e64726f69642e736d7370757368000000000000000000000000000000000000000000000000000000000000000000000000000000000000000000000000000000000000000000000000000000000000000000000000000000000000000000", "id": "1774902870" } }
D/PackageManager(  230): generateServicesMap(android.accounts.AccountAuthenticator): 2 services unchanged
W/dalvikvm(  230): DroidBox: { "FdAccess": { "path": "2f70726f632f3538332f636d646c696e65", "id": "1340029242" } }
W/DroidBox(  230): DroidBox: { "FileRW": { "operation": "read", "data": "616e64726f69642e70726f636573732e61636f726500000000000000000000000000000000000000000000000000000000000000000000000000000000000000000000000000000000000000000000000000000000000000000000000000000000000000", "id": "1340029242" } }
W/dalvikvm(  230): DroidBox: { "FdAccess": { "path": "2f70726f632f3630392f636d646c696e65", "id": "846110106" } }
W/DroidBox(  230): DroidBox: { "FileRW": { "operation": "read", "data": "636f6d2e616e64726f69642e63616c656e6461720000000000000000000000000000000000000000000000000000000000000000000000000000000000000000000000000000000000000000000000000000000000000000000000000000000000000000", "id": "846110106" } }
D/PackageManager(  230): generateServicesMap(android.content.SyncAdapter): 4 services unchanged
W/dalvikvm(  230): DroidBox: { "FdAccess": { "path": "2f70726f632f3632342f636d646c696e65", "id": "627423462" } }
W/DroidBox(  230): DroidBox: { "FileRW": { "operation": "read", "data": "636f6d2e616e64726f69642e6c61756e636865720000000000000000000000000000000000000000000000000000000000000000000000000000000000000000000000000000000000000000000000000000000000000000000000000000000000000000", "id": "627423462" } }
W/dalvikvm(  230): DroidBox: { "FdAccess": { "path": "2f70726f632f3635362f636d646c696e65", "id": "1984627932" } }
W/DroidBox(  230): DroidBox: { "FileRW": { "operation": "read", "data": "636f6d2e616e64726f69642e6465736b636c6f636b00000000000000000000000000000000000000000000000000000000000000000000000000000000000000000000000000000000000000000000000000000000000000000000000000000000000000", "id": "1984627932" } }
W/dalvikvm(  230): DroidBox: { "FdAccess": { "path": "2f70726f632f3636392f636d646c696e65", "id": "526630699" } }
W/DroidBox(  230): DroidBox: { "FileRW": { "operation": "read", "data": "636f6d2e616e64726f69642e70726f7669646572732e63616c656e64617200000000000000000000000000000000000000000000000000000000000000000000000000000000000000000000000000000000000000000000000000000000000000000000", "id": "526630699" } }
W/dalvikvm(  230): DroidBox: { "FdAccess": { "path": "2f70726f632f3732352f636d646c696e65", "id": "857800902" } }
W/DroidBox(  230): DroidBox: { "FileRW": { "operation": "read", "data": "636f6d2e616e64726f69642e636f6e74616374730000000000000000000000000000000000000000000000000000000000000000000000000000000000000000000000000000000000000000000000000000000000000000000000000000000000000000", "id": "857800902" } }
W/dalvikvm(  230): DroidBox: { "FdAccess": { "path": "2f70726f632f3738372f636d646c696e65", "id": "181624671" } }
W/DroidBox(  230): DroidBox: { "FileRW": { "operation": "read", "data": "616e64726f69642e70726f636573732e6d6564696100000000000000000000000000000000000000000000000000000000000000000000000000000000000000000000000000000000000000000000000000000000000000000000000000000000000000", "id": "181624671" } }
W/dalvikvm(  230): DroidBox: { "FdAccess": { "path": "2f70726f632f3831312f636d646c696e65", "id": "1247781870" } }
W/DroidBox(  230): DroidBox: { "FileRW": { "operation": "read", "data": "636f6d2e616e64726f69642e656d61696c0000000000000000000000000000000000000000000000000000000000000000000000000000000000000000000000000000000000000000000000000000000000000000000000000000000000000000000000", "id": "1247781870" } }
W/dalvikvm( 1021): DroidBox: { "FdAccess": { "path": "2f646174612f646174612f65682e64722e6e756675737033666e6262722f7368617265645f70726566732f716f6e61444557734a31312e786d6c", "id": "1470318278" } }
W/dalvikvm(  230): DroidBox: { "FdAccess": { "path": "2f70726f632f3834302f636d646c696e65", "id": "1448186827" } }
W/DroidBox(  230): DroidBox: { "FileRW": { "operation": "read", "data": "636f6d2e616e64726f69642e646566636f6e7461696e657200000000000000000000000000000000000000000000000000000000000000000000000000000000000000000000000000000000000000000000000000000000000000000000000000000000", "id": "1448186827" } }
W/dalvikvm(  230): DroidBox: { "FdAccess": { "path": "2f70726f632f3835302f636d646c696e65", "id": "317734973" } }
W/DroidBox( 1021): DroidBox: { "DataLeak": { "sink": "File", "operation": "write", "tag": "0x1c08", "data": "3c3f786d6c2076657273696f6e3d27312e302720656e636f64696e673d277574662d3827207374616e64616c6f6e653d2779657327203f3e0a3c6d61703e0a3c737472696e67206e616d653d2273696d6e756d223e383930313431303332313131313835", "id": "1470318278" } }
W/DroidBox(  230): DroidBox: { "FileRW": { "operation": "read", "data": "636f6d2e616e64726f69642e65786368616e67650000000000000000000000000000000000000000000000000000000000000000000000000000000000000000000000000000000000000000000000000000000000000000000000000000000000000000", "id": "317734973" } }
W/dalvikvm(  230): DroidBox: { "FdAccess": { "path": "2f70726f632f3836392f636d646c696e65", "id": "1801457675" } }
W/DroidBox(  230): DroidBox: { "FileRW": { "operation": "read", "data": "636f6d2e616e64726f69642e67616c6c657279336400000000000000000000000000000000000000000000000000000000000000000000000000000000000000000000000000000000000000000000000000000000000000000000000000000000000000", "id": "1801457675" } }
W/dalvikvm(  230): DroidBox: { "FdAccess": { "path": "2f70726f632f3839302f636d646c696e65", "id": "1036980385" } }
W/DroidBox(  230): DroidBox: { "FileRW": { "operation": "read", "data": "636f6d2e616e64726f69642e6d6d7300000000000000000000000000000000000000000000000000000000000000000000000000000000000000000000000000000000000000000000000000000000000000000000000000000000000000000000000000", "id": "1036980385" } }
W/dalvikvm(  230): DroidBox: { "FdAccess": { "path": "2f70726f632f3931362f636d646c696e65", "id": "70867595" } }
W/DroidBox(  230): DroidBox: { "FileRW": { "operation": "read", "data": "636f6d2e616e64726f69642e766f6963656469616c65720000000000000000000000000000000000000000000000000000000000000000000000000000000000000000000000000000000000000000000000000000000000000000000000000000000000", "id": "70867595" } }
W/dalvikvm(  230): DroidBox: { "FdAccess": { "path": "2f70726f632f3935362f636d646c696e65", "id": "1941416137" } }
W/DroidBox(  230): DroidBox: { "FileRW": { "operation": "read", "data": "636f6d2e616e64726f69642e717569636b736561726368626f780000000000000000000000000000000000000000000000000000000000000000000000000000000000000000000000000000000000000000000000000000000000000000000000000000", "id": "1941416137" } }
W/dalvikvm(  230): DroidBox: { "FdAccess": { "path": "2f70726f632f3937312f636d646c696e65", "id": "263807685" } }
W/DroidBox(  230): DroidBox: { "FileRW": { "operation": "read", "data": "636f6d2e616e64726f69642e6d757369636678000000000000000000000000000000000000000000000000000000000000000000000000000000000000000000000000000000000000000000000000000000000000000000000000000000000000000000", "id": "263807685" } }
W/dalvikvm(  230): DroidBox: { "FdAccess": { "path": "2f70726f632f3938342f636d646c696e65", "id": "1192778045" } }
W/DroidBox(  230): DroidBox: { "FileRW": { "operation": "read", "data": "636f6d2e73766f782e7069636f000000000000000000000000000000000000000000000000000000000000000000000000000000000000000000000000000000000000000000000000000000000000000000000000000000000000000000000000000000", "id": "1192778045" } }
W/dalvikvm(  230): DroidBox: { "FdAccess": { "path": "2f70726f632f313030322f636d646c696e65", "id": "842092941" } }
W/DroidBox(  230): DroidBox: { "FileRW": { "operation": "read", "data": "636f6d2e616e64726f69642e636f6d6d616e64732e6d6f6e6b657900000000000000000000000000000000000000000000000000000000000000000000000000000000000000000000000000000000000000000000000000000000000000000000000000", "id": "842092941" } }
W/dalvikvm(  230): DroidBox: { "FdAccess": { "path": "2f70726f632f313030342f636d646c696e65", "id": "993237578" } }
W/DroidBox(  230): DroidBox: { "FileRW": { "operation": "read", "data": "6c6f676361740044726f6964426f783a570064616c76696b766d3a570041637469766974794d616e616765723a49000000000000000000000000000000000000000000000000000000000000000000000000000000000000000000000000000000000000", "id": "993237578" } }
W/dalvikvm(  230): DroidBox: { "FdAccess": { "path": "2f70726f632f313030362f636d646c696e65", "id": "1807183780" } }
W/DroidBox(  230): DroidBox: { "FileRW": { "operation": "read", "data": "2f73797374656d2f62696e2f7368002d63007368202e2f7364636172642f65786563757465537472616365496e2e736800000000000000000000000000000000000000000000000000000000000000000000000000000000000000000000000000000000", "id": "1807183780" } }
W/dalvikvm(  230): DroidBox: { "FdAccess": { "path": "2f70726f632f313030382f636d646c696e65", "id": "1622724381" } }
W/DroidBox(  230): DroidBox: { "FileRW": { "operation": "read", "data": "7368002e2f7364636172642f65786563757465537472616365496e2e736800786563757465537472616365496e2e736800000000000000000000000000000000000000000000000000000000000000000000000000000000000000000000000000000000", "id": "1622724381" } }
W/dalvikvm(  230): DroidBox: { "FdAccess": { "path": "2f70726f632f313030392f636d646c696e65", "id": "2091200580" } }
W/DroidBox(  230): DroidBox: { "FileRW": { "operation": "read", "data": "737472616365002d70003630002d66002d747446002d6f002f7364636172642f313761343665393436353335386163613530653965633163626639646164616463663033633035366133636363333631333238383465316633313166326133362e61706b", "id": "2091200580" } }
W/dalvikvm(  230): DroidBox: { "FdAccess": { "path": "2f70726f632f313032312f636d646c696e65", "id": "617434570" } }
W/DroidBox(  230): DroidBox: { "FileRW": { "operation": "read", "data": "65682e64722e6e756675737033666e6262720000000000000000000000000000000000000000000000000000000000000000000000000000000000000000000000000000000000000000000063333631333238383465316633313166326133362e61706b", "id": "617434570" } }
W/dalvikvm( 1021): DroidBox: { "FdAccess": { "path": "2f646174612f646174612f65682e64722e6e756675737033666e6262722f7368617265645f70726566732f716f6e61444557734a31312e786d6c", "id": "1545134291" } }
W/DroidBox( 1021): DroidBox: { "DataLeak": { "sink": "File", "operation": "write", "tag": "0x1c08", "data": "3c3f786d6c2076657273696f6e3d27312e302720656e636f64696e673d277574662d3827207374616e64616c6f6e653d2779657327203f3e0a3c6d61703e0a3c737472696e67206e616d653d2273696d6e756d223e383930313431303332313131313835", "id": "1545134291" } }
W/dalvikvm( 1021): DroidBox: { "FdAccess": { "path": "2f70726f632f6d656d696e666f", "id": "817679700" } }
W/DroidBox( 1021): DroidBox: { "FileRW": { "operation": "read", "data": "4d656d546f74616c3a202020202020202020373438393634206b420a4d656d467265653a20202020202020202020343539383132206b420a427566666572733a20202020202020202020202035353532206b420a4361636865643a202020202020202020", "id": "817679700" } }
W/ActivityManager(  230): Launch timeout has expired, giving up wake lock!
I/AccountTypeManager(  725): Loaded meta-data for 1 account types, 0 accounts in 557ms(wall) 0ms(cpu)
I/Choreographer( 1021): Skipped 447 frames!  The application may be doing too much work on its main thread.
W/dalvikvm(  869): DroidBox: { "FdAccess": { "path": "2f646174612f646174612f636f6d2e616e64726f69642e67616c6c65727933642f7368617265645f70726566732f636f6d2e616e64726f69642e67616c6c65727933645f707265666572656e6365732e786d6c", "id": "573366717" } }
W/DroidBox(  869): DroidBox: { "FileRW": { "operation": "write", "data": "3c3f786d6c2076657273696f6e3d27312e302720656e636f64696e673d277574662d3827207374616e64616c6f6e653d2779657327203f3e0a3c6d61703e0a3c696e74206e616d653d227061636b616765732d76657273696f6e222076616c75653d2238", "id": "573366717" } }
E/WVMExtractor(   62): Failed to open libwvm.so
I/Process (  230): Sending signal. PID: 869 SIG: 3
D/gralloc_goldfish( 1021): Emulator without GPU emulation detected.
I/Process (  230): Sending signal. PID: 583 SIG: 3
W/dalvikvm( 1021): DroidBox: { "FdAccess": { "path": "2f646174612f646174612f65682e64722e6e756675737033666e6262722f66696c65732f69636f6e732f69636f6e735f616e64726f69642e69636f", "id": "1311993665" } }
W/DroidBox( 1021): DroidBox: { "FileRW": { "operation": "write", "data": "efbfbd504e470d0a1a0a", "id": "1311993665" } }
W/dalvikvm( 1021): DroidBox: { "FdAccess": { "path": "2f646174612f646174612f65682e64722e6e756675737033666e6262722f66696c65732f69636f6e732f69636f6e735f616e64726f69642e69636f", "id": "2021939811" } }
W/DroidBox( 1021): DroidBox: { "FileRW": { "operation": "write", "data": "0000000d49484452", "id": "2021939811" } }
W/dalvikvm( 1021): DroidBox: { "FdAccess": { "path": "2f646174612f646174612f65682e64722e6e756675737033666e6262722f66696c65732f69636f6e732f69636f6e735f616e64726f69642e69636f", "id": "550457662" } }
W/DroidBox( 1021): DroidBox: { "FileRW": { "operation": "write", "data": "00000048000000480806000000", "id": "550457662" } }
W/dalvikvm( 1021): DroidBox: { "FdAccess": { "path": "2f646174612f646174612f65682e64722e6e756675737033666e6262722f66696c65732f69636f6e732f69636f6e735f616e64726f69642e69636f", "id": "298830136" } }
W/DroidBox( 1021): DroidBox: { "FileRW": { "operation": "write", "data": "55efbfbd47", "id": "298830136" } }
W/dalvikvm( 1021): DroidBox: { "FdAccess": { "path": "2f646174612f646174612f65682e64722e6e756675737033666e6262722f66696c65732f69636f6e732f69636f6e735f616e64726f69642e69636f", "id": "569541003" } }
W/DroidBox( 1021): DroidBox: { "FileRW": { "operation": "write", "data": "0000000473424954", "id": "569541003" } }
E/ActivityManager(  230): ANR in eh.dr.nufusp3fnbbr (eh.dr.nufusp3fnbbr/com.GdFFE.qonaDEWsJ21)
E/ActivityManager(  230): Reason: keyDispatchingTimedOut
E/ActivityManager(  230): Load: 8.17 / 2.81 / 1.0
E/ActivityManager(  230): CPU usage from 1232ms to -4676ms ago:
E/ActivityManager(  230):   40% 230/system_server: 33% user + 6.5% kernel / faults: 2056 minor 2 major
E/ActivityManager(  230):   22% 1009/strace: 4.7% user + 17% kernel
E/ActivityManager(  230):   13% 1021/eh.dr.nufusp3fnbbr: 9.3% user + 4.4% kernel / faults: 986 minor
E/ActivityManager(  230):   6.4% 62/mediaserver: 1% user + 5.3% kernel
E/ActivityManager(  230):   4.7% 68/adbd: 0.1% user + 4.5% kernel / faults: 852 minor
E/ActivityManager(  230):   3% 1004/logcat: 1.3% user + 1.6% kernel
E/ActivityManager(  230):   2.1% 500/com.android.phone: 2% user + 0.1% kernel / faults: 156 minor
E/ActivityManager(  230):   2% 59/surfaceflinger: 1.8% user + 0.1% kernel / faults: 375 minor
E/ActivityManager(  230):   1.3% 787/android.process.media: 0.6% user + 0.6% kernel / faults: 58 minor
E/ActivityManager(  230):   0.4% 869/com.android.gallery3d: 0.2% user + 0.1% kernel / faults: 127 minor
E/ActivityManager(  230):   0.3% 583/android.process.acore: 0.2% user + 0.1% kernel / faults: 21 minor
E/ActivityManager(  230):   0.5% 26/mtdblock1: 0% user + 0.5% kernel
E/ActivityManager(  230):   0.2% 426/com.android.systemui: 0% user + 0.2% kernel / faults: 102 minor
E/ActivityManager(  230):   0.3% 11/kworker/0:1: 0% user + 0.3% kernel
E/ActivityManager(  230):   0.1% 25/mtdblock0: 0% user + 0.1% kernel
E/ActivityManager(  230):   0.1% 40/jbd2/mtdblock1-: 0% user + 0.1% kernel
E/ActivityManager(  230):   0.1% 56/netd: 0% user + 0.1% kernel / faults: 35 minor
E/ActivityManager(  230): 100% TOTAL: 56% user + 43% kernel + 0.1% softirq
E/ActivityManager(  230): CPU usage from 3618ms to 4265ms later:
E/ActivityManager(  230):   30% 1009/strace: 4.8% user + 25% kernel
E/ActivityManager(  230):   28% 230/system_server: 20% user + 7.8% kernel / faults: 1004 minor
E/ActivityManager(  230):     10% 342/InputDispatcher: 9.3% user + 1.5% kernel
E/ActivityManager(  230):     7.8% 327/PackageMonitor: 1.5% user + 6.2% kernel
E/ActivityManager(  230):     3.1% 482/Binder_3: 3.1% user + 0% kernel
E/ActivityManager(  230):     1.5% 230/system_server: 1.5% user + 0% kernel
E/ActivityManager(  230):     1.5% 250/PackageManager: 1.5% user + 0% kernel
E/ActivityManager(  230):     1.5% 548/Binder_4: 1.5% user + 0% kernel
E/ActivityManager(  230):     1.5% 595/Binder_5: 1.5% user + 0% kernel
E/ActivityManager(  230):   22% 1021/eh.dr.nufusp3fnbbr: 16% user + 6.4% kernel / faults: 101 minor
E/ActivityManager(  230):     11% 1043/Thread-101: 8% user + 3.2% kernel
E/ActivityManager(  230):     8% 1021/dr.nufusp3fnbbr: 4.8% user + 3.2% kernel
E/ActivityManager(  230):     1.6% 1053/Thread-104: 1.6% user + 0% kernel
E/ActivityManager(  230):    +0% 1054/Binder_3: 0% user + 0% kernel
E/ActivityManager(  230):   7.9% 62/mediaserver: 3.1% user + 4.7% kernel
E/ActivityManager(  230):     7.9% 117/Binder_1: 3.1% user + 4.7% kernel
E/ActivityManager(  230):   2.1% 869/com.android.gallery3d: 1.4% user + 0.7% kernel / faults: 19 minor
E/ActivityManager(  230):     0.7% 880/Binder_1: 0.7% user + 0% kernel
E/ActivityManager(  230):   1.5% 26/mtdblock1: 0% user + 1.5% kernel
E/ActivityManager(  230):   0.3% 40/jbd2/mtdblock1-: 0% user + 0.3% kernel
E/ActivityManager(  230):   1.5% 583/android.process.acore: 1.5% user + 0% kernel
E/ActivityManager(  230):     1.5% 647/ContactsProvide: 1.5% user + 0% kernel
E/ActivityManager(  230): 100% TOTAL: 52% user + 47% kernel
I/InputDispatcher(  230): Dropped event because it is stale.
W/InputManager(  230): Input event injection from pid 1002 failed.
W/dalvikvm( 1021): DroidBox: { "FdAccess": { "path": "2f646174612f646174612f65682e64722e6e756675737033666e6262722f66696c65732f69636f6e732f69636f6e735f616e64726f69642e69636f", "id": "1901890783" } }
W/dalvikvm(  230): DroidBox: { "FdAccess": { "path": "2f646174612f616e722f7472616365732e747874", "id": "1485379582" } }
W/ActivityManager(  230): Activity idle timeout for ActivityRecord{b3fd9e88 eh.dr.nufusp3fnbbr/com.GdFFE.qonaDEWsJ21}
W/DroidBox(  230): DroidBox: { "FileRW": { "operation": "read", "data": "0a0a2d2d2d2d2d207069642032333020617420323032352d30332d30322032333a31343a3234202d2d2d2d2d0a436d64206c696e653a2073797374656d5f7365727665720a0a44414c56494b20544852454144533a0a286d7574657865733a20746c6c3d", "id": "1485379582" } }
W/DroidBox( 1021): DroidBox: { "FileRW": { "operation": "write", "data": "08080808", "id": "1901890783" } }
W/dalvikvm( 1021): DroidBox: { "FdAccess": { "path": "2f646174612f646174612f65682e64722e6e756675737033666e6262722f66696c65732f69636f6e732f69636f6e735f616e64726f69642e69636f", "id": "1843616790" } }
W/DroidBox( 1021): DroidBox: { "FileRW": { "operation": "write", "data": "7c0864efbfbd", "id": "1843616790" } }
I/dalvikvm-heap(  230): Grow heap (frag case) to 12.283MB for 349536-byte allocation
W/dalvikvm( 1021): DroidBox: { "FdAccess": { "path": "2f646174612f646174612f65682e64722e6e756675737033666e6262722f66696c65732f69636f6e732f69636f6e735f616e64726f69642e69636f", "id": "408368855" } }
W/DroidBox( 1021): DroidBox: { "FileRW": { "operation": "write", "data": "00001cefbfbd49444154", "id": "408368855" } }
W/dalvikvm( 1021): DroidBox: { "FdAccess": { "path": "2f646174612f646174612f65682e64722e6e756675737033666e6262722f66696c65732f69636f6e732f69636f6e735f616e64726f69642e69636f", "id": "1200722109" } }
W/DroidBox( 1021): DroidBox: { "FileRW": { "operation": "write", "data": "78efbfbdefbfbddb8f1cd79defbfbd3fefbfbdefbfbdefbfbdefbfbdefbfbdefbfbd7338efbfbd48efbfbd22efbfbd2b4befbfbd656b29071076efbfbd36efbfbd5a60efbfbd0049efbfbd0f79efbfbd43efbfbd3cefbfbdefbfbd49efbfbd10efbfbdc588efbfbd3c25efbfbd60efbfbd31e48dadefbfbd6c4befbfbd4c4a24efbfbd213933efbfbdefbfbdefbfbdefbfbd77efbfbdefbfbdefbfbd690d2551efbfbdefbfbd0eefbfbd031c", "id": "1200722109" } }
W/dalvikvm( 1021): DroidBox: { "FdAccess": { "path": "2f646174612f646174612f65682e64722e6e756675737033666e6262722f66696c65732f69636f6e732f69636f6e735f616e64726f69642e69636f", "id": "1008032710" } }
W/DroidBox( 1021): DroidBox: { "FileRW": { "operation": "write", "data": "1206efbfbdefbfbd1defbfbd70efbfbd2defbfbd54efbfbdefbfbdefbfbd2d6809efbfbd2a552cefbfbdd0a8203322efbfbdc3800eefbfbdefbfbd7fdfb6efbfbdefbfbd4eefbfbdefbfbdefbfbd2b57345defbfbd45efbfbd24efbfbd41efbfbd713cefbfbdefbfbd1c4eefbfbd5d2aefbfbd304d73efbfbd5878565a50efbfbdefbfbdefbfbd31efbfbdefbfbdefbfbdefbfbd5cefbfbdefbfbdefbfbd2d77efbfbdefbfbd64efbfbdefbfbd7d7cd7871822", "id": "1008032710" } }
W/dalvikvm( 1021): DroidBox: { "FdAccess": { "path": "2f646174612f646174612f65682e64722e6e756675737033666e6262722f66696c65732f69636f6e732f69636f6e735f616e64726f69642e69636f", "id": "37897354" } }
W/DroidBox( 1021): DroidBox: { "FileRW": { "operation": "write", "data": "efbfbd1b45efbfbd", "id": "37897354" } }
W/dalvikvm( 1021): DroidBox: { "FdAccess": { "path": "2f646174612f646174612f65682e64722e6e756675737033666e6262722f66696c65732f69636f6e732f69636f6e735f616e64726f69642e69636f", "id": "43459036" } }
W/DroidBox( 1021): DroidBox: { "FileRW": { "operation": "write", "data": "0000000049454e44", "id": "43459036" } }
W/dalvikvm( 1021): DroidBox: { "FdAccess": { "path": "2f646174612f646174612f65682e64722e6e756675737033666e6262722f66696c65732f69636f6e732f69636f6e735f616e64726f69642e69636f", "id": "927169627" } }
