W/DroidBox(  944): DroidBox: { "FileRW": { "operation": "write", "data": "00000000efbfbde58299e680a5e99c80e38082e9979ce5a5bde99680e7aa97efbc8ce6aaa2e69fa5e99680e7aa97e698afe590a6e5a085e59bbaefbc9be58f96e4b88be5aea4e5a496e687b8e68c82e79a84e69db1e8a5bfefbc9be6aaa2e69fa5e99bbbefbfbd", "id": "813592859" } }
W/dalvikvm(  944): DroidBox: { "FdAccess": { "path": "2f646174612f646174612f636f6d2e695068616e642e46697273744169642f6461746162617365732f66697273746169642e73716c697465", "id": "1711928533" } }
W/DroidBox(  944): DroidBox: { "FileRW": { "operation": "write", "data": "00000000efbfbdefbfbde887b3e58d81e6adb2e788b220323020e887b320323520e6aca1efbc8c313120e887b320313420e6adb2e788b220313820e887b320323020e6aca1e38082e9ab98e78792e38081e882bae983a8e69c89e79785e38081e5bf83e8879fefbfbd", "id": "1711928533" } }
W/dalvikvm(  944): DroidBox: { "FdAccess": { "path": "2f646174612f646174612f636f6d2e695068616e642e46697273744169642f6461746162617365732f66697273746169642e73716c697465", "id": "245300265" } }
W/DroidBox(  944): DroidBox: { "FileRW": { "operation": "write", "data": "0d0000000101efbfbd0001efbfbd000000000000000000000000000000000000000000000000000000000000000000000000000000000000000000000000000000000000000000000000000000000000000000000000000000000000000000000000000000000000", "id": "245300265" } }
W/dalvikvm(  944): DroidBox: { "FdAccess": { "path": "2f646174612f646174612f636f6d2e695068616e642e46697273744169642f6461746162617365732f66697273746169642e73716c697465", "id": "369363586" } }
E/WVMExtractor(   62): Failed to open libwvm.so
W/DroidBox(  944): DroidBox: { "FileRW": { "operation": "write", "data": "0d0000000202efbfbd00035202efbfbd00000000000000000000000000000000000000000000000000000000000000000000000000000000000000000000000000000000000000000000000000000000000000000000000000000000000000000000000000000000", "id": "369363586" } }
W/dalvikvm(  944): DroidBox: { "FdAccess": { "path": "2f646174612f646174612f636f6d2e695068616e642e46697273744169642f6461746162617365732f66697273746169642e73716c697465", "id": "1159037516" } }
W/DroidBox(  944): DroidBox: { "FileRW": { "operation": "write", "data": "0d0000000101efbfbd0001efbfbd000000000000000000000000000000000000000000000000000000000000000000000000000000000000000000000000000000000000000000000000000000000000000000000000000000000000000000000000000000000000", "id": "1159037516" } }
W/dalvikvm(  944): DroidBox: { "FdAccess": { "path": "2f646174612f646174612f636f6d2e695068616e642e46697273744169642f6461746162617365732f66697273746169642e73716c697465", "id": "1877711281" } }
W/DroidBox(  944): DroidBox: { "FileRW": { "operation": "write", "data": "0d00000001005600005600000000000000000000000000000000000000000000000000000000000000000000000000000000000000000000000000000000000000000000000000000000000000000000000000000000efbfbd1f280a0001111925efbfbd69efbfbd310b", "id": "1877711281" } }
W/dalvikvm(  944): DroidBox: { "FdAccess": { "path": "2f646174612f646174612f636f6d2e695068616e642e46697273744169642f6461746162617365732f66697273746169642e73716c697465", "id": "279430632" } }
W/DroidBox(  944): DroidBox: { "FileRW": { "operation": "write", "data": "00000000efbfbde7a59ee4b99fe999b7e585a5e88888e5a5aee78b80e6858befbc8ce9968be5a78be79799e694a3efbc8ce59ab4e9878de88085e582b7e58fa3e99984e8bf91e79a84e8828ce88289e58fafe883bde587bae78fbee9babbe797b9e79a84efbfbd", "id": "279430632" } }
W/dalvikvm(  944): DroidBox: { "FdAccess": { "path": "2f646174612f646174612f636f6d2e695068616e642e46697273744169642f6461746162617365732f66697273746169642e73716c697465", "id": "2091062594" } }
W/DroidBox(  944): DroidBox: { "FileRW": { "operation": "write", "data": "0d000000010155000155000000000000000000000000000000000000000000000000000000000000000000000000000000000000000000000000000000000000000000000000000000000000000000000000000000000000000000000000000000000000", "id": "2091062594" } }
W/dalvikvm(  944): DroidBox: { "FdAccess": { "path": "2f646174612f646174612f636f6d2e695068616e642e46697273744169642f6461746162617365732f66697273746169642e73716c697465", "id": "373896134" } }
W/DroidBox(  944): DroidBox: { "FileRW": { "operation": "write", "data": "000001efbfbde78fbee8b1a1e38082e4b880e888ace799bce7949fe7aa81e784b6efbc8ce8808ce4b894e58a87e78388efbc8ce4bd86e698afe68c81e7ba8ce79a84e69982e99693e4b88de995b7efbc8ce58faae69c89e5b9bee58886e99098e38082e79785", "id": "373896134" } }
W/dalvikvm(  944): DroidBox: { "FdAccess": { "path": "2f646174612f646174612f636f6d2e695068616e642e46697273744169642f6461746162617365732f66697273746169642e73716c697465", "id": "1923964364" } }
W/DroidBox(  944): DroidBox: { "FileRW": { "operation": "write", "data": "0d00000001004400004400000000000000000000000000000000000000000000000000000000000000000000000000000000000000000000000000000000000000000000efbfbd31370a0001111919efbfbd13efbfbd371a3736636f6d6d6f6ee9a0ade7979be794b1efbfbd", "id": "1923964364" } }
W/dalvikvm(  944): DroidBox: { "FdAccess": { "path": "2f646174612f646174612f636f6d2e695068616e642e46697273744169642f6461746162617365732f66697273746169642e73716c697465", "id": "1687195677" } }
W/DroidBox(  944): DroidBox: { "FileRW": { "operation": "write", "data": "0d000000010152000152000000000000000000000000000000000000000000000000000000000000000000000000000000000000000000000000000000000000000000000000000000000000000000000000000000000000000000000000000000000000", "id": "1687195677" } }
W/dalvikvm(  944): DroidBox: { "FdAccess": { "path": "2f646174612f646174612f636f6d2e695068616e642e46697273744169642f6461746162617365732f66697273746169642e73716c697465", "id": "979491579" } }
W/DroidBox(  944): DroidBox: { "FileRW": { "operation": "write", "data": "00000000efbfbde380820a0ae69591e6b2bbe696b9e6b3950a312e09e4bba5e6b6bce6af9be5b7bee693a6e68badefbc9ae794a8e7a88de6b6bce79a84e6af9be5b7beefbc88e7b4843235e28483efbc89e59ca8e9a18de9a0ade38081e88789e4b88ae693a6", "id": "979491579" } }
W/dalvikvm(  944): DroidBox: { "FdAccess": { "path": "2f646174612f646174612f636f6d2e695068616e642e46697273744169642f6461746162617365732f66697273746169642e73716c697465", "id": "1332632472" } }
E/WVMExtractor(   62): Failed to open libwvm.so
W/DroidBox(  944): DroidBox: { "FileRW": { "operation": "write", "data": "00000000efbfbdefbfbde696b9e6b3950a312e09e794b1e8bfb7e8b5b0e7a59ee7b693e58a9fe883bde4baa2e980b2e5bc95e8b5b7e79a84e5bf83e8b7b3e9818ee685a2e4b880e888ace784a1e99c80e789b9e6ae8ae6b2bbe79982e38082e4bd86e8a681e6b3a8", "id": "1332632472" } }
W/dalvikvm(  944): DroidBox: { "FdAccess": { "path": "2f646174612f646174612f636f6d2e695068616e642e46697273744169642f6461746162617365732f66697273746169642e73716c697465", "id": "1220154293" } }
W/DroidBox(  944): DroidBox: { "FileRW": { "operation": "write", "data": "00000000e5a4b1e5b8b8efbc8ce5bc95e58b95e5819ce7a98de4b98be797b0efbc8ce8808ce5b08ee887b4e797b0e9b3b4e6b0a3e59698e380820a332e09e585b6e79785e79787e4b8bbe8a681e8a1a8e78fbee788b2e799bce4bd9ce7aa81e784b6efbfbd", "id": "1220154293" } }
W/dalvikvm(  944): DroidBox: { "FdAccess": { "path": "2f646174612f646174612f636f6d2e695068616e642e46697273744169642f6461746162617365732f66697273746169642e73716c697465", "id": "1958448688" } }
W/DroidBox(  944): DroidBox: { "FileRW": { "operation": "write", "data": "000001efbfbde88887e7bcbae6b0a7e68980e5bc95e8b5b7e79a84e887a8e5ba8ae7b69ce59088e79787e38082e79785e59ba0e58f8ae79787e78b800a312e09e5bf83e7b59ee7979be698afe794b1e696bce586a0e78b80e58b95e88488e7b2a5e6a8a3efbfbd", "id": "1958448688" } }
W/dalvikvm(  944): DroidBox: { "FdAccess": { "path": "2f646174612f646174612f636f6d2e695068616e642e46697273744169642f6461746162617365732f66697273746169642e73716c697465", "id": "1736768933" } }
W/DroidBox(  944): DroidBox: { "FileRW": { "operation": "write", "data": "000001efbfbde883b0e7aea1e585a7e5a393e58a9be9a99fe784b6e5a29ee9ab98e5928ce883b0e885bae8a180e6b6b2e6b78be5b7b4e5beaae792b0e99a9ce7a499e7ad89e5bc95e8b5b7e883b0e885bae6b688e58c96e985b6e5b08de887aae68891e6b688", "id": "1736768933" } }
W/dalvikvm(  944): DroidBox: { "FdAccess": { "path": "2f646174612f646174612f636f6d2e695068616e642e46697273744169642f6461746162617365732f66697273746169642e73716c697465", "id": "175519241" } }
W/DroidBox(  944): DroidBox: { "FileRW": { "operation": "write", "data": "00000000efbfbde696b9e59091e68c81e7ba8ce789bde5bc95efbc8ce58fa6e4b880e58faae6898be6898be68e8ce887aae88298e5898de696b9e59091e882b1e9aaa8e4b88be7abafe59091e5be8ce68ea8e5a393efbc8ce585b6e4bd99e59b9be68c87efbfbd", "id": "175519241" } }
W/dalvikvm(  944): DroidBox: { "FdAccess": { "path": "2f646174612f646174612f636f6d2e695068616e642e46697273744169642f6461746162617365732f66697273746169642e73716c697465", "id": "1054332764" } }
W/DroidBox(  944): DroidBox: { "FileRW": { "operation": "write", "data": "00000000efbfbde680a7e68896e4ba9ee680a5e680a7e8b5b7e79785efbc8ce5b091e695b8e788b2e685a2e680a7e8b5b7e79785e38082e796bce7979be5b8b8e887aae885b0e983a8e59091e4b880e581b4e88780e983a8e38081e5a4a7e885bfe5be8cefbfbd", "id": "1054332764" } }
W/dalvikvm(  944): DroidBox: { "FdAccess": { "path": "2f646174612f646174612f636f6d2e695068616e642e46697273744169642f6461746162617365732f66697273746169642e73716c697465", "id": "1332567387" } }
W/DroidBox(  944): DroidBox: { "FileRW": { "operation": "write", "data": "00000000efbfbdefbfbde38081e7828ee79787e5928ce885abe798a4e69c80e788b2e5a49ae8a68be38082e5a496e582b7e680a7e587bae8a180e5b8b8e8a68be696bce794a8e6898be68c87e68c96e9bcbbe5ad94e79a84e4babaefbc8ce4b88de9818ee98099efbfbd", "id": "1332567387" } }
W/dalvikvm(  944): DroidBox: { "FdAccess": { "path": "2f646174612f646174612f636f6d2e695068616e642e46697273744169642f6461746162617365732f66697273746169642e73716c697465", "id": "282346682" } }
W/DroidBox(  944): DroidBox: { "FileRW": { "operation": "write", "data": "0d0000000100efbfbd0000efbfbd000000000000000000000000000000000000000000000000000000000000000000000000000000000000000000000000000000000000000000000000000000000000000000000000000000000000000000000000000000000000", "id": "282346682" } }
W/dalvikvm(  944): DroidBox: { "FdAccess": { "path": "2f646174612f646174612f636f6d2e695068616e642e46697273744169642f6461746162617365732f66697273746169642e73716c697465", "id": "1827019551" } }
W/DroidBox(  944): DroidBox: { "FileRW": { "operation": "write", "data": "0d0000000100240000240000000000000000000000000000000000000000000000000000efbfbd51630a000113152befbfbd5defbfbd1d4631363866616365e680a5e680a7e68981e6a183e885bae795b6e79785e6af92e68896e7b4b0e88f8ce585a5e4beb5efbc8cefbfbd", "id": "1827019551" } }
W/dalvikvm(  944): DroidBox: { "FdAccess": { "path": "2f646174612f646174612f636f6d2e695068616e642e46697273744169642f6461746162617365732f66697273746169642e73716c697465", "id": "98105745" } }
W/DroidBox(  944): DroidBox: { "FileRW": { "operation": "write", "data": "0d00000001012b00012b000000000000000000000000000000000000000000000000000000000000000000000000000000000000000000000000000000000000000000000000000000000000000000000000000000000000000000000000000000000000", "id": "98105745" } }
W/dalvikvm(  944): DroidBox: { "FdAccess": { "path": "2f646174612f646174612f636f6d2e695068616e642e46697273744169642f6461746162617365732f66697273746169642e73716c697465", "id": "777281224" } }
W/DroidBox(  944): DroidBox: { "FileRW": { "operation": "write", "data": "0d000000010125000125000000000000000000000000000000000000000000000000000000000000000000000000000000000000000000000000000000000000000000000000000000000000000000000000000000000000000000000000000000000000", "id": "777281224" } }
W/dalvikvm(  944): DroidBox: { "FdAccess": { "path": "2f646174612f646174612f636f6d2e695068616e642e46697273744169642f6461746162617365732f66697273746169642e73716c697465", "id": "878947848" } }
W/DroidBox(  944): DroidBox: { "FileRW": { "operation": "write", "data": "00000000e8a68be79a84e680a5e79787e38082e79785e59ba0e58f8ae8a1a8e78fbe0a312e09e5a496e6849fe982aae6af92efbc8ce68896e585a7e582b7e4b883e68385e7ad89efbc8ce980a0e68890e8879fe88591e999b0e999bde6b0a3e8a180efbfbd", "id": "878947848" } }
W/dalvikvm(  944): DroidBox: { "FdAccess": { "path": "2f646174612f646174612f636f6d2e695068616e642e46697273744169642f6461746162617365732f66697273746169642e73716c697465", "id": "1492440487" } }
W/DroidBox(  944): DroidBox: { "FileRW": { "operation": "write", "data": "0d000000010028000028000000000000000000000000000000000000000000000000000000000000efbfbd4d740a0001132319efbfbd75efbfbd01573230327061656469617472696373e6b0b4e79798e794b1e6b0b4e79798e5b8b6e78b80e796b1e796b9e79785efbfbd", "id": "1492440487" } }
W/dalvikvm(  944): DroidBox: { "FdAccess": { "path": "2f646174612f646174612f636f6d2e695068616e642e46697273744169642f6461746162617365732f66697273746169642e73716c697465", "id": "31701161" } }
W/DroidBox(  944): DroidBox: { "FileRW": { "operation": "write", "data": "0d00000001012f00012f000000000000000000000000000000000000000000000000000000000000000000000000000000000000000000000000000000000000000000000000000000000000000000000000000000000000000000000000000000000000", "id": "31701161" } }
W/dalvikvm(  944): DroidBox: { "FdAccess": { "path": "2f646174612f646174612f636f6d2e695068616e642e46697273744169642f6461746162617365732f66697273746169642e73716c697465", "id": "194486668" } }
E/WVMExtractor(   62): Failed to open libwvm.so
W/DroidBox(  944): DroidBox: { "FileRW": { "operation": "write", "data": "0d00000002003c0000efbfbd003c000000000000000000000000000000000000000000000000000000000000000000000000000000000000000000000000efbfbd427d0a000113152befbfbd3fefbfbd1d60323138736b696ee680a5e680a7e89581e9babbe796b9e680a5efbfbd", "id": "194486668" } }
W/dalvikvm(  944): DroidBox: { "FdAccess": { "path": "2f646174612f646174612f636f6d2e695068616e642e46697273744169642f6461746162617365732f66697273746169642e73716c697465", "id": "423021236" } }
W/DroidBox(  944): DroidBox: { "FileRW": { "operation": "write", "data": "0d0000000200efbfbd0001efbfbd00efbfbd00000000000000000000000000000000000000000000000000000000000000000000000000000000000000000000000000000000000000000000000000000000000000000000000000000000000000000000000000000000", "id": "423021236" } }
W/dalvikvm(  944): DroidBox: { "FdAccess": { "path": "2f646174612f646174612f636f6d2e695068616e642e46697273744169642f6461746162617365732f66697273746169642e73716c697465", "id": "190183245" } }
W/DroidBox(  944): DroidBox: { "FileRW": { "operation": "write", "data": "0d000000010066000066000000000000000000000000000000000000000000000000000000000000000000000000000000000000000000000000000000000000000000000000000000000000000000000000000000000000000000000000000000000000", "id": "190183245" } }
W/dalvikvm(  944): DroidBox: { "FdAccess": { "path": "2f646174612f646174612f636f6d2e695068616e642e46697273744169642f6461746162617365732f66697273746169642e73716c697465", "id": "129998383" } }
W/DroidBox(  944): DroidBox: { "FileRW": { "operation": "write", "data": "00000232efbfbdefbfbde5bf83e79086e796bee79785efbc8ce585b6e887a8e5ba8ae8a1a8e78fbee8bc95e59e8befbc8ce79785e4babae5a496e8a1a8e5a682e5b8b8efbc8ce585a7e5bf83e69c89e7979be88ba6e9ab94e9a997e38082e68a91e9acb1e79787efbfbd", "id": "129998383" } }
E/WVMExtractor(   62): Failed to open libwvm.so
E/WVMExtractor(   62): Failed to open libwvm.so
E/WVMExtractor(   62): Failed to open libwvm.so
I/Choreographer(  944): Skipped 1075 frames!  The application may be doing too much work on its main thread.
E/WVMExtractor(   62): Failed to open libwvm.so
V/PhoneStatusBar(  425): setLightsOn(true)
E/WVMExtractor(   62): Failed to open libwvm.so
I/ActivityManager(  230): START {cmp=com.iPhand.FirstAid/.DetailView (has extras) u=0} from pid 944
W/WindowManager(  230): Failure taking screenshot for (246x410) to layer 21015
I/Choreographer(  944): Skipped 98 frames!  The application may be doing too much work on its main thread.
E/WVMExtractor(   62): Failed to open libwvm.so
I/Choreographer(  944): Skipped 42 frames!  The application may be doing too much work on its main thread.
E/WVMExtractor(   62): Failed to open libwvm.so
E/WVMExtractor(   62): Failed to open libwvm.so
I/dalvikvm-heap(  944): Grow heap (frag case) to 10.403MB for 477456-byte allocation
I/dalvikvm-heap(  944): Grow heap (frag case) to 10.810MB for 434016-byte allocation
E/WVMExtractor(   62): Failed to open libwvm.so
I/AdMob SDK(  944): Requesting fresh ads every 30 seconds.
I/AdMob SDK(  944): AdMob SDK version is 20091123-ANDROID-3312276cc1406347
W/Settings(  944): Setting android_id has moved from android.provider.Settings.System to android.provider.Settings.Secure, returning read-only value.
I/AdMob SDK(  944): The user ID is 79E451140E668DD9CB9CF06D5DC59103
E/AdMob SDK(  944): Could not read ADMOB_PUBLISHER_ID meta-data from AndroidManifest.xml.
E/AdMob SDK(  944): java.lang.NullPointerException
E/AdMob SDK(  944): 	at com.admob.android.ads.AdManager.getPublisherId(Unknown Source)
E/AdMob SDK(  944): 	at com.admob.android.ads.AdRequester.buildParamString(Unknown Source)
E/AdMob SDK(  944): 	at com.admob.android.ads.AdRequester.requestAd(Unknown Source)
E/AdMob SDK(  944): 	at com.admob.android.ads.AdView$1.run(Unknown Source)
W/AdMob SDK(  944): Could not get ad from AdMob servers.
W/AdMob SDK(  944): java.lang.IllegalStateException: Publisher ID is not set!  To serve ads you must set your publisher ID assigned from www.admob.com.  Either add it to AndroidManifest.xml under the <application> tag or call AdManager.setPublisherId().
W/AdMob SDK(  944): 	at com.admob.android.ads.AdRequester.buildParamString(Unknown Source)
W/AdMob SDK(  944): 	at com.admob.android.ads.AdRequester.requestAd(Unknown Source)
W/AdMob SDK(  944): 	at com.admob.android.ads.AdView$1.run(Unknown Source)
I/AdMob SDK(  944): Server replied that no ads are available (104ms)
E/WVMExtractor(   62): Failed to open libwvm.so
E/WVMExtractor(   62): Failed to open libwvm.so
E/WVMExtractor(   62): Failed to open libwvm.so
E/WVMExtractor(   62): Failed to open libwvm.so
V/PhoneStatusBar(  425): setLightsOn(true)
E/WVMExtractor(   62): Failed to open libwvm.so
D/InputEventConsistencyVerifier(  944): KeyEvent: ACTION_UP but key was not down.
D/InputEventConsistencyVerifier(  944):   in android.widget.RelativeLayout@b3e58b18
D/InputEventConsistencyVerifier(  944):   0: sent at 198826000000, KeyEvent { action=ACTION_UP, keyCode=KEYCODE_DPAD_LEFT, scanCode=0, metaState=0, flags=0x8, repeatCount=0, eventTime=198826, downTime=198826, deviceId=-1, source=0x101 }
D/InputEventConsistencyVerifier(  425): TouchEvent: ACTION_DOWN but pointers are already down.  Probably missing ACTION_UP from previous gesture.
D/InputEventConsistencyVerifier(  425):   in android.view.ScaleGestureDetector@b3f39688
D/InputEventConsistencyVerifier(  425):   0: sent at 198903000000, MotionEvent { action=ACTION_DOWN, id[0]=0, x[0]=274.0, y[0]=2.0, toolType[0]=TOOL_TYPE_UNKNOWN, buttonState=0, metaState=0, flags=0x0, edgeFlags=0x0, pointerCount=1, historySize=0, eventTime=198903, downTime=198903, deviceId=0, source=0x1002 }
D/InputEventConsistencyVerifier(  425):   -- recent events --
D/InputEventConsistencyVerifier(  425):   1: sent at 175956000000, MotionEvent { action=ACTION_DOWN, id[0]=0, x[0]=383.0, y[0]=555.0, toolType[0]=TOOL_TYPE_UNKNOWN, buttonState=0, metaState=0, flags=0x80000000, edgeFlags=0x0, pointerCount=1, historySize=0, eventTime=175956, downTime=175955, deviceId=0, source=0x1002 }
D/InputEventConsistencyVerifier(  425):   2: sent at 175795000000, MotionEvent { action=ACTION_DOWN, id[0]=0, x[0]=389.0, y[0]=212.0, toolType[0]=TOOL_TYPE_UNKNOWN, buttonState=0, metaState=0, flags=0x80000000, edgeFlags=0x0, pointerCount=1, historySize=0, eventTime=175795, downTime=175795, deviceId=0, source=0x1002 }
D/InputEventConsistencyVerifier(  425):   3: sent at 175336000000, MotionEvent { action=ACTION_DOWN, id[0]=0, x[0]=442.0, y[0]=618.0, toolType[0]=TOOL_TYPE_UNKNOWN, buttonState=0, metaState=0, flags=0x80000000, edgeFlags=0x0, pointerCount=1, historySize=0, eventTime=175336, downTime=175336, deviceId=0, source=0x1002 }
D/InputEventConsistencyVerifier(  425):   4: sent at 175301000000, MotionEvent { action=ACTION_DOWN, id[0]=0, x[0]=402.0, y[0]=181.0, toolType[0]=TOOL_TYPE_UNKNOWN, buttonState=0, metaState=0, flags=0x0, edgeFlags=0x0, pointerCount=1, historySize=0, eventTime=175301, downTime=175300, deviceId=0, source=0x1002 }
D/InputEventConsistencyVerifier(  425):   5: sent at 174540000000, MotionEvent { action=ACTION_UP, id[0]=0, x[0]=436.0, y[0]=19.0, toolType[0]=TOOL_TYPE_UNKNOWN, buttonState=0, metaState=0, flags=0x0, edgeFlags=0x0, pointerCount=1, historySize=0, eventTime=174540, downTime=174532, deviceId=0, source=0x1002 }
D/InputEventConsistencyVerifier(  425): KeyEvent: ACTION_UP but key was not down.
D/InputEventConsistencyVerifier(  425):   in com.android.systemui.statusbar.phone.StatusBarWindowView@b3e99290
D/InputEventConsistencyVerifier(  425):   0: sent at 199067000000, KeyEvent { action=ACTION_UP, keyCode=KEYCODE_DPAD_CENTER, scanCode=0, metaState=0, flags=0x8, repeatCount=0, eventTime=199067, downTime=199067, deviceId=-1, source=0x101 }
D/InputEventConsistencyVerifier(  425):   -- recent events --
D/InputEventConsistencyVerifier(  425):   1: sent at 198926000000, MotionEvent { action=ACTION_UP, id[0]=0, x[0]=269.0, y[0]=6.0, toolType[0]=TOOL_TYPE_UNKNOWN, buttonState=0, metaState=0, flags=0x0, edgeFlags=0x0, pointerCount=1, historySize=0, eventTime=198926, downTime=198903, deviceId=0, source=0x1002 }
D/InputEventConsistencyVerifier(  425):   2: sent at 198903000000, MotionEvent { action=ACTION_DOWN, id[0]=0, x[0]=274.0, y[0]=2.0, toolType[0]=TOOL_TYPE_UNKNOWN, buttonState=0, metaState=0, flags=0x0, edgeFlags=0x0, pointerCount=1, historySize=0, eventTime=198903, downTime=198903, deviceId=0, source=0x1002 }
D/InputEventConsistencyVerifier(  425):   3: sent at 176075000000, (unhandled) KeyEvent { action=ACTION_UP, keyCode=KEYCODE_DPAD_DOWN, scanCode=0, metaState=0, flags=0x80000028, repeatCount=0, eventTime=176075, downTime=176019, deviceId=-1, source=0x101 }
D/InputEventConsistencyVerifier(  425):   4: sent at 175961000000, MotionEvent { action=ACTION_UP, id[0]=0, x[0]=362.0, y[0]=551.0, toolType[0]=TOOL_TYPE_UNKNOWN, buttonState=0, metaState=0, flags=0x0, edgeFlags=0x0, pointerCount=1, historySize=0, eventTime=175961, downTime=175955, deviceId=0, source=0x1002 }
D/InputEventConsistencyVerifier(  425):   5: sent at 175956000000, MotionEvent { action=ACTION_DOWN, id[0]=0, x[0]=383.0, y[0]=555.0, toolType[0]=TOOL_TYPE_UNKNOWN, buttonState=0, metaState=0, flags=0x0, edgeFlags=0x0, pointerCount=1, historySize=0, eventTime=175956, downTime=175955, deviceId=0, source=0x1002 }
W/dalvikvm(  425): DroidBox: { "FdAccess": { "path": "2f70726f632f6d656d696e666f", "id": "1117597616" } }
W/DroidBox(  425): DroidBox: { "FileRW": { "operation": "read", "data": "4d656d546f74616c3a202020202020202020373438393634206b420a4d656d467265653a20202020202020202020343333393732206b420a427566666572733a20202020202020202020202035353238206b420a4361636865643a202020202020202020", "id": "1117597616" } }
I/Choreographer(  425): Skipped 51 frames!  The application may be doing too much work on its main thread.
D/PhoneStatusBar(  425): disable: < expand icons alerts TICKER* system_info back home recent clock >
D/InputEventConsistencyVerifier(  425): TouchEvent: ACTION_DOWN but pointers are already down.  Probably missing ACTION_UP from previous gesture.
D/InputEventConsistencyVerifier(  425):   in android.view.ScaleGestureDetector@b3f39688
D/InputEventConsistencyVerifier(  425):   0: sent at 199198000000, MotionEvent { action=ACTION_DOWN, id[0]=0, x[0]=42.0, y[0]=271.0, toolType[0]=TOOL_TYPE_UNKNOWN, buttonState=0, metaState=0, flags=0x0, edgeFlags=0x0, pointerCount=1, historySize=0, eventTime=199198, downTime=199198, deviceId=0, source=0x1002 }
D/InputEventConsistencyVerifier(  425):   -- recent events --
D/InputEventConsistencyVerifier(  425):   1: sent at 199128000000, MotionEvent { action=ACTION_DOWN, id[0]=0, x[0]=30.0, y[0]=630.0, toolType[0]=TOOL_TYPE_UNKNOWN, buttonState=0, metaState=0, flags=0x0, edgeFlags=0x0, pointerCount=1, historySize=0, eventTime=199128, downTime=199127, deviceId=0, source=0x1002 }
D/InputEventConsistencyVerifier(  425):   2: sent at 198926000000, MotionEvent { action=ACTION_UP, id[0]=0, x[0]=269.0, y[0]=6.0, toolType[0]=TOOL_TYPE_UNKNOWN, buttonState=0, metaState=0, flags=0x0, edgeFlags=0x0, pointerCount=1, historySize=0, eventTime=198926, downTime=198903, deviceId=0, source=0x1002 }
D/InputEventConsistencyVerifier(  425):   3: sent at 198903000000, MotionEvent { action=ACTION_DOWN, id[0]=0, x[0]=274.0, y[0]=2.0, toolType[0]=TOOL_TYPE_UNKNOWN, buttonState=0, metaState=0, flags=0x80000000, edgeFlags=0x0, pointerCount=1, historySize=0, eventTime=198903, downTime=198903, deviceId=0, source=0x1002 }
D/InputEventConsistencyVerifier(  425):   4: sent at 175956000000, MotionEvent { action=ACTION_DOWN, id[0]=0, x[0]=383.0, y[0]=555.0, toolType[0]=TOOL_TYPE_UNKNOWN, buttonState=0, metaState=0, flags=0x80000000, edgeFlags=0x0, pointerCount=1, historySize=0, eventTime=175956, downTime=175955, deviceId=0, source=0x1002 }
D/InputEventConsistencyVerifier(  425):   5: sent at 175795000000, MotionEvent { action=ACTION_DOWN, id[0]=0, x[0]=389.0, y[0]=212.0, toolType[0]=TOOL_TYPE_UNKNOWN, buttonState=0, metaState=0, flags=0x80000000, edgeFlags=0x0, pointerCount=1, historySize=0, eventTime=175795, downTime=175795, deviceId=0, source=0x1002 }
V/PhoneStatusBar(  425): setLightsOn(true)
I/Choreographer(  425): Skipped 49 frames!  The application may be doing too much work on its main thread.
W/dalvikvm(  425): DroidBox: { "FdAccess": { "path": "2f70726f632f6d656d696e666f", "id": "182536744" } }
W/DroidBox(  425): DroidBox: { "FileRW": { "operation": "read", "data": "4d656d546f74616c3a202020202020202020373438393634206b420a4d656d467265653a20202020202020202020343332343834206b420a427566666572733a20202020202020202020202035353238206b420a4361636865643a202020202020202020", "id": "182536744" } }
I/Choreographer(  944): Skipped 248 frames!  The application may be doing too much work on its main thread.
I/Choreographer(  425): Skipped 32 frames!  The application may be doing too much work on its main thread.
W/dalvikvm(  425): DroidBox: { "FdAccess": { "path": "2f70726f632f6d656d696e666f", "id": "597222945" } }
W/DroidBox(  425): DroidBox: { "FileRW": { "operation": "read", "data": "4d656d546f74616c3a202020202020202020373438393634206b420a4d656d467265653a20202020202020202020343330373438206b420a427566666572733a20202020202020202020202035353238206b420a4361636865643a202020202020202020", "id": "597222945" } }
D/InputEventConsistencyVerifier(  425): KeyEvent: ACTION_UP but key was not down.
D/InputEventConsistencyVerifier(  425):   in com.android.systemui.statusbar.phone.StatusBarWindowView@b3e99290
D/InputEventConsistencyVerifier(  425):   0: sent at 199555000000, KeyEvent { action=ACTION_UP, keyCode=KEYCODE_DPAD_UP, scanCode=0, metaState=0, flags=0x400, repeatCount=0, eventTime=199555, downTime=199555, deviceId=-1, source=0x101 }
D/InputEventConsistencyVerifier(  425):   -- recent events --
D/InputEventConsistencyVerifier(  425):   1: sent at 199524000000, (unhandled) MotionEvent { action=ACTION_MOVE, id[0]=0, x[0]=1.0, y[0]=-3.0, toolType[0]=TOOL_TYPE_UNKNOWN, buttonState=0, metaState=0, flags=0x0, edgeFlags=0x0, pointerCount=1, historySize=3, eventTime=199524, downTime=-1, deviceId=0, source=0x10004 }
D/InputEventConsistencyVerifier(  425):   2: sent at 199464000000, (unhandled) KeyEvent { action=ACTION_UP, keyCode=KEYCODE_MENU, scanCode=0, metaState=0, flags=0x8, repeatCount=0, eventTime=199464, downTime=199464, deviceId=-1, source=0x101 }
D/InputEventConsistencyVerifier(  425):   3: sent at 199361000000, (unhandled) KeyEvent { action=ACTION_DOWN, keyCode=KEYCODE_MENU, scanCode=0, metaState=0, flags=0x8, repeatCount=0, eventTime=199361, downTime=199361, deviceId=-1, source=0x101 }
D/InputEventConsistencyVerifier(  425):   4: sent at 199301000000, (unhandled) KeyEvent { action=ACTION_UP, keyCode=KEYCODE_MEDIA_PREVIOUS, scanCode=0, metaState=0, flags=0x8, repeatCount=0, eventTime=199301, downTime=199301, deviceId=-1, source=0x101 }
D/InputEventConsistencyVerifier(  425):   5: sent at 199254000000, (unhandled) KeyEvent { action=ACTION_DOWN, keyCode=KEYCODE_MEDIA_PREVIOUS, scanCode=0, metaState=0, flags=0x8, repeatCount=0, eventTime=199254, downTime=199254, deviceId=-1, source=0x101 }
I/Choreographer(  425): Skipped 41 frames!  The application may be doing too much work on its main thread.
V/PhoneStatusBar(  425): setLightsOn(true)
D/PhoneStatusBar(  425): disable: < expand icons alerts ticker* system_info back home recent clock >
W/DroidBox( 1068): DroidBox: { "ServiceStart": { "name": "com.android.music.MediaPlaybackService" } }
W/DroidBox( 1068): DroidBox: { "ServiceStart": { "name": "com.android.music.MediaPlaybackService" } }
E/WVMExtractor(   62): Failed to open libwvm.so
I/ActivityManager(  230): Displayed com.iPhand.FirstAid/.ClassesListView: +9s590ms
W/ActivityManager(  230): Launch timeout has expired, giving up wake lock!
W/ActivityManager(  230): Activity idle timeout for ActivityRecord{b3f58778 com.iPhand.FirstAid/.ClassesListView}
I/AudioService(  230):  AudioFocus  requestAudioFocus() from android.media.AudioManager@b3e78ed8com.android.music.MediaPlaybackService$3@b3e77710
I/Choreographer(  944): Skipped 113 frames!  The application may be doing too much work on its main thread.
E/WVMExtractor(   62): Failed to open libwvm.so
E/InputEventReceiver(  944): Exception dispatching input event.
I/ActivityManager(  230): START {act=android.intent.action.VIEW dat=mailto: (has extras) u=0} from pid 944
I/AudioService(  230):   Remote Control   registerMediaButtonIntent() for PendingIntent{b3f303d0: PendingIntentRecord{b3ef5008 com.android.music broadcastIntent}}
D/AndroidRuntime(  944): Shutting down VM
W/dalvikvm(  944): threadid=1: thread exiting with uncaught exception (group=0xb35f7e20)
E/AndroidRuntime(  944): FATAL EXCEPTION: main
E/AndroidRuntime(  944): android.content.ActivityNotFoundException: No Activity found to handle Intent { act=android.intent.action.VIEW dat=mailto: (has extras) }
E/AndroidRuntime(  944): 	at android.app.Instrumentation.checkStartActivityResult(Instrumentation.java:1545)
E/AndroidRuntime(  944): 	at android.app.Instrumentation.execStartActivity(Instrumentation.java:1416)
E/AndroidRuntime(  944): 	at android.app.Activity.startActivityForResult(Activity.java:3353)
E/AndroidRuntime(  944): 	at android.app.Activity.startActivityForResult(Activity.java:3314)
E/AndroidRuntime(  944): 	at android.app.Activity.startActivity(Activity.java:3531)
E/AndroidRuntime(  944): 	at android.app.Activity.startActivity(Activity.java:3499)
E/AndroidRuntime(  944): 	at com.iPhand.FirstAid.DetailView.share(Unknown Source)
E/AndroidRuntime(  944): 	at com.iPhand.FirstAid.DetailView.onOptionsItemSelected(Unknown Source)
E/AndroidRuntime(  944): 	at android.app.Activity.onMenuItemSelected(Activity.java:2536)
E/AndroidRuntime(  944): 	at com.android.internal.policy.impl.PhoneWindow.onMenuItemSelected(PhoneWindow.java:958)
E/AndroidRuntime(  944): 	at com.android.internal.view.menu.MenuBuilder.dispatchMenuItemSelected(MenuBuilder.java:735)
E/AndroidRuntime(  944): 	at com.android.internal.view.menu.MenuItemImpl.invoke(MenuItemImpl.java:149)
E/AndroidRuntime(  944): 	at com.android.internal.view.menu.MenuBuilder.performItemAction(MenuBuilder.java:874)
E/AndroidRuntime(  944): 	at com.android.internal.view.menu.IconMenuView.invokeItem(IconMenuView.java:468)
E/AndroidRuntime(  944): 	at com.android.internal.view.menu.IconMenuItemView.performClick(IconMenuItemView.java:126)
E/AndroidRuntime(  944): 	at android.view.View.onKeyUp(View.java:7669)
E/AndroidRuntime(  944): 	at android.widget.TextView.onKeyUp(TextView.java:5328)
E/AndroidRuntime(  944): 	at android.view.KeyEvent.dispatch(KeyEvent.java:2633)
E/AndroidRuntime(  944): 	at android.view.View.dispatchKeyEvent(View.java:7086)
E/AndroidRuntime(  944): 	at android.view.ViewGroup.dispatchKeyEvent(ViewGroup.java:1358)
E/AndroidRuntime(  944): 	at com.android.internal.view.menu.IconMenuView.dispatchKeyEvent(IconMenuView.java:558)
E/AndroidRuntime(  944): 	at android.view.ViewGroup.dispatchKeyEvent(ViewGroup.java:1358)
E/AndroidRuntime(  944): 	at com.android.internal.policy.impl.PhoneWindow$DecorView.dispatchKeyEvent(PhoneWindow.java:1819)
E/AndroidRuntime(  944): 	at android.view.ViewRootImpl.deliverKeyEventPostIme(ViewRootImpl.java:3575)
E/AndroidRuntime(  944): 	at android.view.ViewRootImpl.deliverKeyEvent(ViewRootImpl.java:3531)
E/AndroidRuntime(  944): 	at android.view.ViewRootImpl.deliverInputEvent(ViewRootImpl.java:3113)
E/AndroidRuntime(  944): 	at android.view.ViewRootImpl.doProcessInputEvents(ViewRootImpl.java:4153)
E/AndroidRuntime(  944): 	at android.view.ViewRootImpl.enqueueInputEvent(ViewRootImpl.java:4132)
E/AndroidRuntime(  944): 	at android.view.ViewRootImpl$WindowInputEventReceiver.onInputEvent(ViewRootImpl.java:4224)
E/AndroidRuntime(  944): 	at android.view.InputEventReceiver.dispatchInputEvent(InputEventReceiver.java:171)
E/AndroidRuntime(  944): 	at android.view.InputEventReceiver.nativeConsumeBatchedInputEvents(Native Method)
E/AndroidRuntime(  944): 	at android.view.InputEventReceiver.consumeBatchedInputEvents(InputEventReceiver.java:163)
E/AndroidRuntime(  944): 	at android.view.ViewRootImpl.doConsumeBatchedInput(ViewRootImpl.java:4203)
E/AndroidRuntime(  944): 	at android.view.ViewRootImpl$ConsumeBatchedInputRunnable.run(ViewRootImpl.java:4243)
E/AndroidRuntime(  944): 	at android.view.Choreographer$CallbackRecord.run(Choreographer.java:725)
E/AndroidRuntime(  944): 	at android.view.Choreographer.doCallbacks(Choreographer.java:555)
E/AndroidRuntime(  944): 	at android.view.Choreographer.doFrame(Choreographer.java:523)
E/AndroidRuntime(  944): 	at android.view.Choreographer$FrameDisplayEventReceiver.run(Choreographer.java:711)
E/AndroidRuntime(  944): 	at android.os.Handler.handleCallback(Handler.java:615)
E/AndroidRuntime(  944): 	at android.os.Handler.dispatchMessage(Handler.java:92)
E/AndroidRuntime(  944): 	at android.os.Looper.loop(Looper.java:137)
E/AndroidRuntime(  944): 	at android.app.ActivityThread.main(ActivityThread.java:4745)
E/AndroidRuntime(  944): 	at java.lang.reflect.Method.invokeNative(Native Method)
E/AndroidRuntime(  944): 	at java.lang.reflect.Method.invoke(Method.java:511)
E/AndroidRuntime(  944): 	at com.android.internal.os.ZygoteInit$MethodAndArgsCaller.run(ZygoteInit.java:786)
E/AndroidRuntime(  944): 	at com.android.internal.os.ZygoteInit.main(ZygoteInit.java:553)
E/AndroidRuntime(  944): 	at dalvik.system.NativeStart.main(Native Method)
W/ActivityManager(  230):   Force finishing activity com.iPhand.FirstAid/.DetailView
W/WindowManager(  230): Failure taking screenshot for (246x410) to layer 21025
W/ActivityManager(  230):   Force finishing activity com.iPhand.FirstAid/.ClassesListView
I/Process (  944): Sending signal. PID: 944 SIG: 9
I/WindowState(  230): WIN DEATH: Window{b40c6db8 AtchDlg:com.iPhand.FirstAid/com.iPhand.FirstAid.DetailView paused=false}
I/WindowState(  230): WIN DEATH: Window{b426eab8 com.iPhand.FirstAid/com.iPhand.FirstAid.FirstAid paused=false}
W/InputDispatcher(  230): channel 'b3ff3c38 com.iPhand.FirstAid/com.iPhand.FirstAid.ClassesListView (server)' ~ Consumer closed input channel or an error occurred.  events=0x9
E/InputDispatcher(  230): channel 'b3ff3c38 com.iPhand.FirstAid/com.iPhand.FirstAid.ClassesListView (server)' ~ Channel is unrecoverably broken and will be disposed!
I/ActivityManager(  230): Process com.iPhand.FirstAid (pid 944) has died.
I/WindowState(  230): WIN DEATH: Window{b401ccf0 com.iPhand.FirstAid/com.iPhand.FirstAid.DetailView paused=true}
W/InputDispatcher(  230): Attempted to unregister already unregistered input channel 'b3ff3c38 com.iPhand.FirstAid/com.iPhand.FirstAid.ClassesListView (server)'
I/WindowState(  230): WIN DEATH: Window{b3ff3c38 com.iPhand.FirstAid/com.iPhand.FirstAid.ClassesListView paused=true}
I/WindowManager(  230): WINDOW DIED Window{b3ff3c38 com.iPhand.FirstAid/com.iPhand.FirstAid.ClassesListView paused=true}
W/ActivityManager(  230): Force removing ActivityRecord{b3edeed8 com.iPhand.FirstAid/.FirstAid}: app died, no saved state
I/InputDispatcher(  230): Dropping event because there is no focused window or focused application.
W/InputManager(  230): Input event injection from pid 912 failed.
I/AndroidRuntime(  912): VM exiting with result code 1980.
I/Choreographer(  618): Skipped 46 frames!  The application may be doing too much work on its main thread.
W/InputMethodManagerService(  230): Got RemoteException sending setActive(false) notification to pid 944 uid 10050
I/ActivityManager(  230): Displayed com.iPhand.FirstAid/.DetailView: +6s182ms
I/Choreographer(  618): Skipped 46 frames!  The application may be doing too much work on its main thread.
W/dalvikvm(  618): DroidBox: { "FdAccess": { "path": "2f646174612f646174612f636f6d2e616e64726f69642e6c61756e636865722f7368617265645f70726566732f636f6d2e616e64726f69642e6c61756e63686572322e70726566732e786d6c", "id": "664631121" } }
W/DroidBox(  618): DroidBox: { "FileRW": { "operation": "write", "data": "3c3f786d6c2076657273696f6e3d27312e302720656e636f64696e673d277574662d3827207374616e64616c6f6e653d2779657327203f3e0a3c6d61703e0a3c696e74206e616d653d22617070732e6e65772e70616765222076616c75653d222d312220", "id": "664631121" } }
E/WVMExtractor(   62): Failed to open libwvm.so
E/WVMExtractor(   62): Failed to open libwvm.so
E/WVMExtractor(   62): Failed to open libwvm.so
E/WVMExtractor(   62): Failed to open libwvm.so
E/WVMExtractor(   62): Failed to open libwvm.so
E/WVMExtractor(   62): Failed to open libwvm.so
E/WVMExtractor(   62): Failed to open libwvm.so
E/WVMExtractor(   62): Failed to open libwvm.so
E/WVMExtractor(   62): Failed to open libwvm.so
E/WVMExtractor(   62): Failed to open libwvm.so
E/WVMExtractor(   62): Failed to open libwvm.so
E/WVMExtractor(   62): Failed to open libwvm.so
E/WVMExtractor(   62): Failed to open libwvm.so
E/WVMExtractor(   62): Failed to open libwvm.so
E/WVMExtractor(   62): Failed to open libwvm.so
E/WVMExtractor(   62): Failed to open libwvm.so
E/WVMExtractor(   62): Failed to open libwvm.so
W/BackupManagerService(  230): dataChanged but no participant pkg='com.android.providers.settings' uid=10011
E/WVMExtractor(   62): Failed to open libwvm.so
E/WVMExtractor(   62): Failed to open libwvm.so
E/MetadataRetrieverClient(   62): failed to extract an album art
E/WVMExtractor(   62): Failed to open libwvm.so
E/WVMExtractor(   62): Failed to open libwvm.so
E/WVMExtractor(   62): Failed to open libwvm.so
E/WVMExtractor(   62): Failed to open libwvm.so
E/WVMExtractor(   62): Failed to open libwvm.so
E/WVMExtractor(   62): Failed to open libwvm.so
E/WVMExtractor(   62): Failed to open libwvm.so
E/WVMExtractor(   62): Failed to open libwvm.so
E/WVMExtractor(   62): Failed to open libwvm.so
E/WVMExtractor(   62): Failed to open libwvm.so
E/WVMExtractor(   62): Failed to open libwvm.so
E/WVMExtractor(   62): Failed to open libwvm.so
E/WVMExtractor(   62): Failed to open libwvm.so
E/WVMExtractor(   62): Failed to open libwvm.so
E/WVMExtractor(   62): Failed to open libwvm.so
E/WVMExtractor(   62): Failed to open libwvm.so
E/WVMExtractor(   62): Failed to open libwvm.so
E/WVMExtractor(   62): Failed to open libwvm.so
E/WVMExtractor(   62): Failed to open libwvm.so
E/WVMExtractor(   62): Failed to open libwvm.so
E/WVMExtractor(   62): Failed to open libwvm.so
E/WVMExtractor(   62): Failed to open libwvm.so
E/WVMExtractor(   62): Failed to open libwvm.so
E/WVMExtractor(   62): Failed to open libwvm.so
E/WVMExtractor(   62): Failed to open libwvm.so
E/WVMExtractor(   62): Failed to open libwvm.so
E/WVMExtractor(   62): Failed to open libwvm.so
E/WVMExtractor(   62): Failed to open libwvm.so
E/WVMExtractor(   62): Failed to open libwvm.so
E/WVMExtractor(   62): Failed to open libwvm.so
E/WVMExtractor(   62): Failed to open libwvm.so
E/WVMExtractor(   62): Failed to open libwvm.so
E/WVMExtractor(   62): Failed to open libwvm.so
E/WVMExtractor(   62): Failed to open libwvm.so
E/WVMExtractor(   62): Failed to open libwvm.so
E/WVMExtractor(   62): Failed to open libwvm.so
E/WVMExtractor(   62): Failed to open libwvm.so
E/WVMExtractor(   62): Failed to open libwvm.so
E/MetadataRetrieverClient(   62): failed to extract an album art
E/WVMExtractor(   62): Failed to open libwvm.so
E/MetadataRetrieverClient(   62): failed to extract an album art
I/ActivityManager(  230): No longer want com.android.contacts (pid 706): hidden #16
W/dalvikvm(  230): DroidBox: { "FdAccess": { "path": "2f70726f632f3233302f6e65742f78745f717461677569642f69666163655f737461745f616c6c", "id": "158151384" } }
W/DroidBox(  230): DroidBox: { "FileRW": { "operation": "read", "data": "65746830203120302030203020302038303735323620333237392035313132383120323738340a6c6f20312030203020302030203338333620353520333833362035350a0000000000000000000000000000000000000000000000000000000000000000", "id": "158151384" } }
W/dalvikvm(  230): DroidBox: { "FdAccess": { "path": "2f70726f632f3233302f6e65742f78745f717461677569642f69666163655f737461745f616c6c", "id": "367992764" } }
W/DroidBox(  230): DroidBox: { "FileRW": { "operation": "read", "data": "35350a362035350a35350a362035350a350a350a350a350a350a35350a362035350a3833362035350a362035350a3833362035350a350a350a350a350a350a362035350a0000000000000000000000000000000000000000000000000000000000000000", "id": "367992764" } }
W/ThrottleService(  230): unable to find stats for iface rmnet0
E/ThrottleService(  230): Error reading data file
W/SocketClient(   56): write error (Broken pipe)
I/qtaguid (  230): Failed write_ctrl(s 1 10050) res=-1 errno=1
W/NetworkManagementSocketTagger(  230): setKernelCountSet(10050, 1) failed with errno -1
I/qtaguid (  230): Failed write_ctrl(s 0 10019) res=-1 errno=1
W/NetworkManagementSocketTagger(  230): setKernelCountSet(10019, 0) failed with errno -1
I/qtaguid (  230): Failed write_ctrl(s 0 10050) res=-1 errno=1
W/NetworkManagementSocketTagger(  230): setKernelCountSet(10050, 0) failed with errno -1
I/qtaguid (  230): Failed write_ctrl(s 1 10019) res=-1 errno=1
W/NetworkManagementSocketTagger(  230): setKernelCountSet(10019, 1) failed with errno -1
V/MusicFXControlPanelReceiver( 1002): onReceive
V/MusicFXControlPanelReceiver( 1002): Action: android.media.action.CLOSE_AUDIO_EFFECT_CONTROL_SESSION
I/AudioService(  230):  AudioFocus  abandonAudioFocus() from android.media.AudioManager@b3e78ed8com.android.music.MediaPlaybackService$3@b3e77710
V/MusicFXControlPanelReceiver( 1002): Package name: com.android.music
V/MusicFXControlPanelReceiver( 1002): Audio session: 28
V/MusicFXControlPanelEffect( 1002): closeSession(android.app.ReceiverRestrictedContext@b3e60980, com.android.music, 28)
I/ActivityManager(  230): No longer want com.android.defcontainer (pid 823): hidden #16
