D/InputEventConsistencyVerifier( 1013):   2: sent at 175447000000, (unhandled) KeyEvent { action=ACTION_MULTIPLE, keyCode=KEYCODE_DPAD_UP, scanCode=0, metaState=0, flags=0x400, repeatCount=2, eventTime=175447, downTime=175447, deviceId=-1, source=0x101 }
D/InputEventConsistencyVerifier( 1013):   3: sent at 175249000000, (unhandled) MotionEvent { action=ACTION_MOVE, id[0]=0, x[0]=2.0, y[0]=-5.0, toolType[0]=TOOL_TYPE_UNKNOWN, buttonState=0, metaState=0, flags=0x0, edgeFlags=0x0, pointerCount=1, historySize=9, eventTime=175249, downTime=-1, deviceId=0, source=0x10004 }
D/InputEventConsistencyVerifier( 1013):   4: sent at 175051000000, KeyEvent { action=ACTION_UP, keyCode=KEYCODE_DPAD_CENTER, scanCode=0, metaState=0, flags=0x8, repeatCount=0, eventTime=175051, downTime=175051, deviceId=-1, source=0x101 }
D/InputEventConsistencyVerifier( 1013):   5: sent at 175051000000, (unhandled) KeyEvent { action=ACTION_UP, keyCode=KEYCODE_BUTTON_8, scanCode=0, metaState=0, flags=0x8, repeatCount=0, eventTime=175051, downTime=175051, deviceId=-1, source=0x101 }
E/WVMExtractor(   62): Failed to open libwvm.so
I/ActivityManager(  225): START {act=android.intent.action.VIEW dat=http://erohard.info/index.php?fromgod=reg cmp=com.android.browser/.BrowserActivity u=0} from pid 1013
E/WVMExtractor(   62): Failed to open libwvm.so
I/Choreographer( 1013): Skipped 33 frames!  The application may be doing too much work on its main thread.
E/WVMExtractor(   62): Failed to open libwvm.so
D/InputEventConsistencyVerifier( 1013): KeyEvent: ACTION_UP but key was not down.
D/InputEventConsistencyVerifier( 1013):   in android.view.ViewRootImpl@b3e23b90
D/InputEventConsistencyVerifier( 1013):   0: sent at 181802000000, KeyEvent { action=ACTION_UP, keyCode=KEYCODE_MENU, scanCode=0, metaState=0, flags=0x8, repeatCount=0, eventTime=181802, downTime=181802, deviceId=-1, source=0x101 }
D/InputEventConsistencyVerifier( 1013):   -- recent events --
D/InputEventConsistencyVerifier( 1013):   1: sent at 180425000000, KeyEvent { action=ACTION_UP, keyCode=KEYCODE_MENU, scanCode=0, metaState=0, flags=0x8, repeatCount=0, eventTime=180425, downTime=180425, deviceId=-1, source=0x101 }
D/InputEventConsistencyVerifier( 1013):   2: sent at 180229000000, KeyEvent { action=ACTION_DOWN, keyCode=KEYCODE_MENU, scanCode=0, metaState=0, flags=0x8, repeatCount=0, eventTime=180229, downTime=180229, deviceId=-1, source=0x101 }
D/InputEventConsistencyVerifier( 1013):   3: sent at 180421000000, KeyEvent { action=ACTION_UP, keyCode=KEYCODE_DPAD_CENTER, scanCode=0, metaState=0, flags=0x400, repeatCount=0, eventTime=180421, downTime=180421, deviceId=-1, source=0x101 }
D/InputEventConsistencyVerifier( 1013):   4: sent at 180418000000, KeyEvent { action=ACTION_DOWN, keyCode=KEYCODE_DPAD_CENTER, scanCode=0, metaState=0, flags=0x400, repeatCount=0, eventTime=180418, downTime=180418, deviceId=-1, source=0x101 }
D/InputEventConsistencyVerifier( 1013):   5: sent at 180401000000, KeyEvent { action=ACTION_UP, keyCode=KEYCODE_DPAD_DOWN, scanCode=0, metaState=0, flags=0x400, repeatCount=0, eventTime=180401, downTime=180401, deviceId=-1, source=0x101 }
I/Choreographer( 1013): Skipped 48 frames!  The application may be doing too much work on its main thread.
W/InputMethodManagerService(  225): Window already focused, ignoring focus gain of: com.android.internal.view.IInputMethodClient$Stub$Proxy@b4126338 attribute=null
I/Choreographer( 1013): Skipped 32 frames!  The application may be doing too much work on its main thread.
E/WVMExtractor(   62): Failed to open libwvm.so
E/WVMExtractor(   62): Failed to open libwvm.so
E/WVMExtractor(   62): Failed to open libwvm.so
E/WVMExtractor(   62): Failed to open libwvm.so
I/Choreographer( 1013): Skipped 35 frames!  The application may be doing too much work on its main thread.
E/WVMExtractor(   62): Failed to open libwvm.so
D/InputEventConsistencyVerifier( 1013): KeyEvent: ACTION_UP but key was not down.
D/InputEventConsistencyVerifier( 1013):   in com.android.internal.policy.impl.PhoneWindow$DecorView@b3dfbe90
D/InputEventConsistencyVerifier( 1013):   0: sent at 183311000000, KeyEvent { action=ACTION_UP, keyCode=KEYCODE_DPAD_RIGHT, scanCode=0, metaState=0, flags=0x8, repeatCount=0, eventTime=183311, downTime=183311, deviceId=-1, source=0x101 }
D/InputEventConsistencyVerifier( 1013):   -- recent events --
D/InputEventConsistencyVerifier( 1013):   1: sent at 183190000000, MotionEvent { action=ACTION_UP, id[0]=0, x[0]=270.6667, y[0]=337.33334, toolType[0]=TOOL_TYPE_UNKNOWN, buttonState=0, metaState=0, flags=0x0, edgeFlags=0x0, pointerCount=1, historySize=0, eventTime=183190, downTime=183184, deviceId=0, source=0x1002 }
D/InputEventConsistencyVerifier( 1013):   2: sent at 183184000000, MotionEvent { action=ACTION_DOWN, id[0]=0, x[0]=273.33334, y[0]=347.33334, toolType[0]=TOOL_TYPE_UNKNOWN, buttonState=0, metaState=0, flags=0x0, edgeFlags=0x0, pointerCount=1, historySize=0, eventTime=183184, downTime=183184, deviceId=0, source=0x1002 }
D/InputEventConsistencyVerifier( 1013):   3: sent at 183174000000, MotionEvent { action=ACTION_UP, id[0]=0, x[0]=121.333336, y[0]=202.66667, toolType[0]=TOOL_TYPE_UNKNOWN, buttonState=0, metaState=0, flags=0x0, edgeFlags=0x0, pointerCount=1, historySize=0, eventTime=183174, downTime=183163, deviceId=0, source=0x1002 }
D/InputEventConsistencyVerifier( 1013):   4: sent at 183164000000, MotionEvent { action=ACTION_DOWN, id[0]=0, x[0]=120.0, y[0]=206.0, toolType[0]=TOOL_TYPE_UNKNOWN, buttonState=0, metaState=0, flags=0x0, edgeFlags=0x0, pointerCount=1, historySize=0, eventTime=183164, downTime=183163, deviceId=0, source=0x1002 }
D/InputEventConsistencyVerifier( 1013):   5: sent at 183119000000, (unhandled) KeyEvent { action=ACTION_UP, keyCode=KEYCODE_MANNER_MODE, scanCode=0, metaState=0, flags=0x8, repeatCount=0, eventTime=183119, downTime=183119, deviceId=-1, source=0x101 }
E/WVMExtractor(   62): Failed to open libwvm.so
I/Choreographer( 1013): Skipped 48 frames!  The application may be doing too much work on its main thread.
E/WVMExtractor(   62): Failed to open libwvm.so
E/WVMExtractor(   62): Failed to open libwvm.so
D/InputEventConsistencyVerifier( 1013): TrackballEvent: Trackball is down but pressure is not greater than 0.
D/InputEventConsistencyVerifier( 1013):   in android.view.ViewRootImpl@b3e23b90
D/InputEventConsistencyVerifier( 1013):   0: sent at 183863000000, MotionEvent { action=ACTION_DOWN, id[0]=0, x[0]=0.0, y[0]=0.0, toolType[0]=TOOL_TYPE_UNKNOWN, buttonState=0, metaState=0, flags=0x0, edgeFlags=0x0, pointerCount=1, historySize=0, eventTime=183863, downTime=183739, deviceId=0, source=0x10004 }
D/InputEventConsistencyVerifier( 1013):   -- recent events --
D/InputEventConsistencyVerifier( 1013):   1: sent at 183857000000, MotionEvent { action=ACTION_MOVE, id[0]=0, x[0]=-2.0, y[0]=4.0, toolType[0]=TOOL_TYPE_UNKNOWN, buttonState=0, metaState=0, flags=0x0, edgeFlags=0x0, pointerCount=1, historySize=3, eventTime=183857, downTime=-1, deviceId=0, source=0x10004 }
D/InputEventConsistencyVerifier( 1013):   2: sent at 183824000000, KeyEvent { action=ACTION_UP, keyCode=KEYCODE_DPAD_UP, scanCode=0, metaState=0, flags=0x400, repeatCount=0, eventTime=183824, downTime=183824, deviceId=-1, source=0x101 }
D/InputEventConsistencyVerifier( 1013):   3: sent at 183824000000, KeyEvent { action=ACTION_DOWN, keyCode=KEYCODE_DPAD_UP, scanCode=0, metaState=0, flags=0x400, repeatCount=0, eventTime=183824, downTime=183824, deviceId=-1, source=0x101 }
D/InputEventConsistencyVerifier( 1013):   4: sent at 183823000000, KeyEvent { action=ACTION_UP, keyCode=KEYCODE_DPAD_UP, scanCode=0, metaState=0, flags=0x400, repeatCount=0, eventTime=183823, downTime=183823, deviceId=-1, source=0x101 }
D/InputEventConsistencyVerifier( 1013):   5: sent at 183823000000, KeyEvent { action=ACTION_DOWN, keyCode=KEYCODE_DPAD_UP, scanCode=0, metaState=0, flags=0x400, repeatCount=0, eventTime=183823, downTime=183823, deviceId=-1, source=0x101 }
D/InputEventConsistencyVerifier( 1013): KeyEvent: ACTION_UP but key was not down.
D/InputEventConsistencyVerifier( 1013):   in com.android.internal.policy.impl.PhoneWindow$DecorView@b3dfbe90
D/InputEventConsistencyVerifier( 1013):   0: sent at 184544000000, KeyEvent { action=ACTION_UP, keyCode=KEYCODE_DPAD_DOWN, scanCode=0, metaState=0, flags=0x400, repeatCount=0, eventTime=184544, downTime=184544, deviceId=-1, source=0x101 }
D/InputEventConsistencyVerifier( 1013):   -- recent events --
D/InputEventConsistencyVerifier( 1013):   1: sent at 183981000000, MotionEvent { action=ACTION_UP, id[0]=0, x[0]=0.0, y[0]=387.33334, toolType[0]=TOOL_TYPE_UNKNOWN, buttonState=0, metaState=0, flags=0x0, edgeFlags=0x0, pointerCount=1, historySize=0, eventTime=183981, downTime=183933, deviceId=0, source=0x1002 }
D/InputEventConsistencyVerifier( 1013):   2: sent at 183958000000, MotionEvent { action=ACTION_MOVE, id[0]=0, x[0]=3.3333335, y[0]=382.0, toolType[0]=TOOL_TYPE_UNKNOWN, buttonState=0, metaState=0, flags=0x0, edgeFlags=0x0, pointerCount=1, historySize=2, eventTime=183958, downTime=183933, deviceId=0, source=0x1002 }
D/InputEventConsistencyVerifier( 1013):   3: sent at 183934000000, MotionEvent { action=ACTION_DOWN, id[0]=0, x[0]=5.3333335, y[0]=369.33334, toolType[0]=TOOL_TYPE_UNKNOWN, buttonState=0, metaState=0, flags=0x0, edgeFlags=0x0, pointerCount=1, historySize=0, eventTime=183934, downTime=183933, deviceId=0, source=0x1002 }
D/InputEventConsistencyVerifier( 1013):   4: sent at 183899000000, MotionEvent { action=ACTION_UP, id[0]=0, x[0]=232.0, y[0]=169.33334, toolType[0]=TOOL_TYPE_UNKNOWN, buttonState=0, metaState=0, flags=0x0, edgeFlags=0x0, pointerCount=1, historySize=0, eventTime=183899, downTime=183893, deviceId=0, source=0x1002 }
D/InputEventConsistencyVerifier( 1013):   5: sent at 183894000000, MotionEvent { action=ACTION_DOWN, id[0]=0, x[0]=240.66667, y[0]=168.66667, toolType[0]=TOOL_TYPE_UNKNOWN, buttonState=0, metaState=0, flags=0x0, edgeFlags=0x0, pointerCount=1, historySize=0, eventTime=183894, downTime=183893, deviceId=0, source=0x1002 }
D/InputEventConsistencyVerifier( 1013): KeyEvent: ACTION_UP but key was not down.
D/InputEventConsistencyVerifier( 1013):   in android.widget.LinearLayout@b3e05d70
D/InputEventConsistencyVerifier( 1013):   0: sent at 184545000000, KeyEvent { action=ACTION_UP, keyCode=KEYCODE_DPAD_DOWN, scanCode=0, metaState=0, flags=0x400, repeatCount=0, eventTime=184545, downTime=184545, deviceId=-1, source=0x101 }
D/InputEventConsistencyVerifier( 1013):   -- recent events --
D/InputEventConsistencyVerifier( 1013):   1: sent at 182122000000, (unhandled) KeyEvent { action=ACTION_UP, keyCode=KEYCODE_L, scanCode=0, metaState=0, flags=0x8, repeatCount=0, eventTime=182122, downTime=182122, deviceId=-1, source=0x101 }
D/InputEventConsistencyVerifier( 1013):   2: sent at 182043000000, (unhandled) KeyEvent { action=ACTION_DOWN, keyCode=KEYCODE_L, scanCode=0, metaState=0, flags=0x8, repeatCount=0, eventTime=182043, downTime=182043, deviceId=-1, source=0x101 }
D/InputEventConsistencyVerifier( 1013):   3: sent at 182074000000, (unhandled) KeyEvent { action=ACTION_UP, keyCode=KEYCODE_DPAD_LEFT, scanCode=0, metaState=0, flags=0x400, repeatCount=0, eventTime=182074, downTime=182074, deviceId=-1, source=0x101 }
D/InputEventConsistencyVerifier( 1013):   4: sent at 182074000000, (unhandled) KeyEvent { action=ACTION_DOWN, keyCode=KEYCODE_DPAD_LEFT, scanCode=0, metaState=0, flags=0x400, repeatCount=0, eventTime=182074, downTime=182074, deviceId=-1, source=0x101 }
D/InputEventConsistencyVerifier( 1013):   5: sent at 182073000000, (unhandled) KeyEvent { action=ACTION_UP, keyCode=KEYCODE_DPAD_LEFT, scanCode=0, metaState=0, flags=0x400, repeatCount=0, eventTime=182073, downTime=182073, deviceId=-1, source=0x101 }
E/WVMExtractor(   62): Failed to open libwvm.so
I/Choreographer( 1013): Skipped 46 frames!  The application may be doing too much work on its main thread.
E/WVMExtractor(   62): Failed to open libwvm.so
I/ActivityManager(  225): START {act=android.intent.action.VIEW dat=http://erohard.info/index.php?fromgod=reg cmp=com.android.browser/.BrowserActivity u=0} from pid 1013
E/WVMExtractor(   62): Failed to open libwvm.so
I/ActivityManager(  225): START {act=android.intent.action.VIEW dat=http://erohard.info/index.php?fromgod=reg cmp=com.android.browser/.BrowserActivity u=0} from pid 1013
E/WVMExtractor(   62): Failed to open libwvm.so
I/Choreographer( 1013): Skipped 52 frames!  The application may be doing too much work on its main thread.
E/WVMExtractor(   62): Failed to open libwvm.so
E/WVMExtractor(   62): Failed to open libwvm.so
D/InputEventConsistencyVerifier( 1013): KeyEvent: ACTION_UP but key was not down.
D/InputEventConsistencyVerifier( 1013):   in com.android.internal.policy.impl.PhoneWindow$DecorView@b3dfbe90
D/InputEventConsistencyVerifier( 1013):   0: sent at 186404000000, KeyEvent { action=ACTION_UP, keyCode=KEYCODE_DPAD_LEFT, scanCode=0, metaState=0, flags=0x400, repeatCount=0, eventTime=186404, downTime=186404, deviceId=-1, source=0x101 }
D/InputEventConsistencyVerifier( 1013):   -- recent events --
D/InputEventConsistencyVerifier( 1013):   1: sent at 186196000000, (unhandled) MotionEvent { action=ACTION_MOVE, id[0]=0, x[0]=-2.0, y[0]=-5.0, toolType[0]=TOOL_TYPE_UNKNOWN, buttonState=0, metaState=0, flags=0x0, edgeFlags=0x0, pointerCount=1, historySize=9, eventTime=186196, downTime=-1, deviceId=0, source=0x10004 }
D/InputEventConsistencyVerifier( 1013):   2: sent at 186097000000, MotionEvent { action=ACTION_UP, id[0]=0, x[0]=239.33334, y[0]=61.333336, toolType[0]=TOOL_TYPE_UNKNOWN, buttonState=0, metaState=0, flags=0x0, edgeFlags=0x0, pointerCount=1, historySize=0, eventTime=186097, downTime=186039, deviceId=0, source=0x1002 }
D/InputEventConsistencyVerifier( 1013):   3: sent at 186040000000, MotionEvent { action=ACTION_DOWN, id[0]=0, x[0]=242.66667, y[0]=52.666668, toolType[0]=TOOL_TYPE_UNKNOWN, buttonState=0, metaState=0, flags=0x0, edgeFlags=0x0, pointerCount=1, historySize=0, eventTime=186040, downTime=186039, deviceId=0, source=0x1002 }
D/InputEventConsistencyVerifier( 1013):   4: sent at 186032000000, (unhandled) MotionEvent { action=ACTION_UP, id[0]=0, x[0]=80.0, y[0]=512.6667, toolType[0]=TOOL_TYPE_UNKNOWN, buttonState=0, metaState=0, flags=0x0, edgeFlags=0x0, pointerCount=1, historySize=0, eventTime=186032, downTime=186016, deviceId=0, source=0x1002 }
D/InputEventConsistencyVerifier( 1013):   5: sent at 186017000000, (unhandled) MotionEvent { action=ACTION_DOWN, id[0]=0, x[0]=68.66667, y[0]=510.0, toolType[0]=TOOL_TYPE_UNKNOWN, buttonState=0, metaState=0, flags=0x0, edgeFlags=0x0, pointerCount=1, historySize=0, eventTime=186017, downTime=186016, deviceId=0, source=0x1002 }
E/WVMExtractor(   62): Failed to open libwvm.so
E/WVMExtractor(   62): Failed to open libwvm.so
E/WVMExtractor(   62): Failed to open libwvm.so
E/WVMExtractor(   62): Failed to open libwvm.so
E/WVMExtractor(   62): Failed to open libwvm.so
E/WVMExtractor(   62): Failed to open libwvm.so
E/WVMExtractor(   62): Failed to open libwvm.so
D/InputEventConsistencyVerifier( 1013): KeyEvent: ACTION_UP but key was not down.
D/InputEventConsistencyVerifier( 1013):   in android.widget.LinearLayout@b3e05d70
D/InputEventConsistencyVerifier( 1013):   0: sent at 187947000000, KeyEvent { action=ACTION_UP, keyCode=KEYCODE_DPAD_DOWN, scanCode=0, metaState=0, flags=0x8, repeatCount=0, eventTime=187947, downTime=187947, deviceId=-1, source=0x101 }
D/InputEventConsistencyVerifier( 1013):   -- recent events --
D/InputEventConsistencyVerifier( 1013):   1: sent at 186017000000, (unhandled) MotionEvent { action=ACTION_DOWN, id[0]=0, x[0]=68.66667, y[0]=24.0, toolType[0]=TOOL_TYPE_UNKNOWN, buttonState=0, metaState=0, flags=0x0, edgeFlags=0x0, pointerCount=1, historySize=0, eventTime=186017, downTime=186016, deviceId=0, source=0x1002 }
D/InputEventConsistencyVerifier( 1013):   2: sent at 185950000000, (unhandled) MotionEvent { action=ACTION_MOVE, id[0]=0, x[0]=-4.0, y[0]=2.0, toolType[0]=TOOL_TYPE_UNKNOWN, buttonState=0, metaState=0, flags=0x0, edgeFlags=0x0, pointerCount=1, historySize=7, eventTime=185950, downTime=-1, deviceId=0, source=0x10004 }
D/InputEventConsistencyVerifier( 1013):   3: sent at 185908000000, (unhandled) KeyEvent { action=ACTION_UP, keyCode=KEYCODE_DPAD_DOWN, scanCode=0, metaState=0, flags=0x400, repeatCount=0, eventTime=185908, downTime=185908, deviceId=-1, source=0x101 }
D/InputEventConsistencyVerifier( 1013):   4: sent at 185908000000, (unhandled) KeyEvent { action=ACTION_DOWN, keyCode=KEYCODE_DPAD_DOWN, scanCode=0, metaState=0, flags=0x400, repeatCount=0, eventTime=185908, downTime=185908, deviceId=-1, source=0x101 }
D/InputEventConsistencyVerifier( 1013):   5: sent at 185908000000, (unhandled) KeyEvent { action=ACTION_UP, keyCode=KEYCODE_DPAD_DOWN, scanCode=0, metaState=0, flags=0x400, repeatCount=0, eventTime=185908, downTime=185908, deviceId=-1, source=0x101 }
E/WVMExtractor(   62): Failed to open libwvm.so
I/Choreographer( 1013): Skipped 53 frames!  The application may be doing too much work on its main thread.
E/WVMExtractor(   62): Failed to open libwvm.so
E/WVMExtractor(   62): Failed to open libwvm.so
E/WVMExtractor(   62): Failed to open libwvm.so
I/Choreographer( 1013): Skipped 34 frames!  The application may be doing too much work on its main thread.
I/Choreographer( 1013): Skipped 35 frames!  The application may be doing too much work on its main thread.
E/WVMExtractor(   62): Failed to open libwvm.so
D/InputEventConsistencyVerifier( 1013): KeyEvent: ACTION_UP but key was not down.
D/InputEventConsistencyVerifier( 1013):   in android.view.ViewRootImpl@b3e23b90
D/InputEventConsistencyVerifier( 1013):   0: sent at 189719000000, KeyEvent { action=ACTION_UP, keyCode=KEYCODE_DPAD_UP, scanCode=0, metaState=0, flags=0x8, repeatCount=0, eventTime=189719, downTime=189719, deviceId=-1, source=0x101 }
D/InputEventConsistencyVerifier( 1013):   -- recent events --
D/InputEventConsistencyVerifier( 1013):   1: sent at 189218000000, MotionEvent { action=ACTION_UP, id[0]=0, x[0]=199.0, y[0]=642.0, toolType[0]=TOOL_TYPE_UNKNOWN, buttonState=0, metaState=0, flags=0x0, edgeFlags=0x0, pointerCount=1, historySize=0, eventTime=189218, downTime=189210, deviceId=0, source=0x1002 }
D/InputEventConsistencyVerifier( 1013):   2: sent at 189216000000, MotionEvent { action=ACTION_MOVE, id[0]=0, x[0]=199.0, y[0]=635.0, toolType[0]=TOOL_TYPE_UNKNOWN, buttonState=0, metaState=0, flags=0x0, edgeFlags=0x0, pointerCount=1, historySize=0, eventTime=189216, downTime=189210, deviceId=0, source=0x1002 }
D/InputEventConsistencyVerifier( 1013):   3: sent at 189210000000, MotionEvent { action=ACTION_DOWN, id[0]=0, x[0]=199.0, y[0]=629.0, toolType[0]=TOOL_TYPE_UNKNOWN, buttonState=0, metaState=0, flags=0x0, edgeFlags=0x0, pointerCount=1, historySize=0, eventTime=189210, downTime=189210, deviceId=0, source=0x1002 }
D/InputEventConsistencyVerifier( 1013):   4: sent at 188948000000, KeyEvent { action=ACTION_UP, keyCode=KEYCODE_MENU, scanCode=0, metaState=0, flags=0x8, repeatCount=0, eventTime=188948, downTime=188948, deviceId=-1, source=0x101 }
D/InputEventConsistencyVerifier( 1013):   5: sent at 188926000000, KeyEvent { action=ACTION_DOWN, keyCode=KEYCODE_MENU, scanCode=0, metaState=0, flags=0x8, repeatCount=0, eventTime=188926, downTime=188926, deviceId=-1, source=0x101 }
I/Choreographer(  225): Skipped 35 frames!  The application may be doing too much work on its main thread.
I/Choreographer( 1013): Skipped 62 frames!  The application may be doing too much work on its main thread.
W/InputMethodManagerService(  225): Window already focused, ignoring focus gain of: com.android.internal.view.IInputMethodClient$Stub$Proxy@b3eded40 attribute=android.view.inputmethod.EditorInfo@b3eded58
E/WVMExtractor(   62): Failed to open libwvm.so
E/WVMExtractor(   62): Failed to open libwvm.so
I/Choreographer( 1013): Skipped 67 frames!  The application may be doing too much work on its main thread.
E/WVMExtractor(   62): Failed to open libwvm.so
E/WVMExtractor(   62): Failed to open libwvm.so
D/InputEventConsistencyVerifier( 1013): KeyEvent: ACTION_UP but key was not down.
D/InputEventConsistencyVerifier( 1013):   in com.android.internal.policy.impl.PhoneWindow$DecorView@b3dfbe90
D/InputEventConsistencyVerifier( 1013):   0: sent at 191043000000, KeyEvent { action=ACTION_UP, keyCode=KEYCODE_DPAD_LEFT, scanCode=0, metaState=0, flags=0x400, repeatCount=0, eventTime=191043, downTime=191043, deviceId=-1, source=0x101 }
D/InputEventConsistencyVerifier( 1013):   -- recent events --
D/InputEventConsistencyVerifier( 1013):   1: sent at 190750000000, (unhandled) MotionEvent { action=ACTION_MOVE, id[0]=0, x[0]=-4.0, y[0]=-2.0, toolType[0]=TOOL_TYPE_UNKNOWN, buttonState=0, metaState=0, flags=0x0, edgeFlags=0x0, pointerCount=1, historySize=9, eventTime=190750, downTime=-1, deviceId=0, source=0x10004 }
D/InputEventConsistencyVerifier( 1013):   2: sent at 190810000000, MotionEvent { action=ACTION_UP, id[0]=0, x[0]=131.33334, y[0]=320.6667, toolType[0]=TOOL_TYPE_UNKNOWN, buttonState=0, metaState=0, flags=0x0, edgeFlags=0x0, pointerCount=1, historySize=0, eventTime=190810, downTime=190788, deviceId=0, source=0x1002 }
D/InputEventConsistencyVerifier( 1013):   3: sent at 190789000000, MotionEvent { action=ACTION_DOWN, id[0]=0, x[0]=131.33334, y[0]=313.33334, toolType[0]=TOOL_TYPE_UNKNOWN, buttonState=0, metaState=0, flags=0x0, edgeFlags=0x0, pointerCount=1, historySize=0, eventTime=190789, downTime=190788, deviceId=0, source=0x1002 }
D/InputEventConsistencyVerifier( 1013):   4: sent at 190769000000, (unhandled) MotionEvent { action=ACTION_UP, id[0]=0, x[0]=73.333336, y[0]=33.333336, toolType[0]=TOOL_TYPE_UNKNOWN, buttonState=0, metaState=0, flags=0x0, edgeFlags=0x0, pointerCount=1, historySize=0, eventTime=190769, downTime=190761, deviceId=0, source=0x1002 }
D/InputEventConsistencyVerifier( 1013):   5: sent at 190762000000, (unhandled) MotionEvent { action=ACTION_DOWN, id[0]=0, x[0]=76.0, y[0]=30.666668, toolType[0]=TOOL_TYPE_UNKNOWN, buttonState=0, metaState=0, flags=0x0, edgeFlags=0x0, pointerCount=1, historySize=0, eventTime=190762, downTime=190761, deviceId=0, source=0x1002 }
D/InputEventConsistencyVerifier( 1013): TrackballEvent: Trackball is down but pressure is not greater than 0.
D/InputEventConsistencyVerifier( 1013):   in android.view.ViewRootImpl@b3e5bfb0
D/InputEventConsistencyVerifier( 1013):   0: sent at 193100000000, MotionEvent { action=ACTION_DOWN, id[0]=0, x[0]=0.0, y[0]=0.0, toolType[0]=TOOL_TYPE_UNKNOWN, buttonState=0, metaState=0, flags=0x0, edgeFlags=0x0, pointerCount=1, historySize=0, eventTime=193100, downTime=192976, deviceId=0, source=0x10004 }
D/InputEventConsistencyVerifier( 1013):   -- recent events --
D/InputEventConsistencyVerifier( 1013):   1: sent at 193141000000, KeyEvent { action=ACTION_UP, keyCode=KEYCODE_DPAD_DOWN, scanCode=0, metaState=0, flags=0x400, repeatCount=0, eventTime=193141, downTime=193141, deviceId=-1, source=0x101 }
D/InputEventConsistencyVerifier( 1013):   2: sent at 193141000000, KeyEvent { action=ACTION_DOWN, keyCode=KEYCODE_DPAD_DOWN, scanCode=0, metaState=0, flags=0x400, repeatCount=0, eventTime=193141, downTime=193141, deviceId=-1, source=0x101 }
D/InputEventConsistencyVerifier( 1013):   3: sent at 193123000000, KeyEvent { action=ACTION_UP, keyCode=KEYCODE_DPAD_DOWN, scanCode=0, metaState=0, flags=0x400, repeatCount=0, eventTime=193123, downTime=193123, deviceId=-1, source=0x101 }
D/InputEventConsistencyVerifier( 1013):   4: sent at 193123000000, KeyEvent { action=ACTION_DOWN, keyCode=KEYCODE_DPAD_DOWN, scanCode=0, metaState=0, flags=0x400, repeatCount=0, eventTime=193123, downTime=193123, deviceId=-1, source=0x101 }
D/InputEventConsistencyVerifier( 1013):   5: sent at 193081000000, MotionEvent { action=ACTION_MOVE, id[0]=0, x[0]=-2.0, y[0]=2.0, toolType[0]=TOOL_TYPE_UNKNOWN, buttonState=0, metaState=0, flags=0x0, edgeFlags=0x0, pointerCount=1, historySize=19, eventTime=193081, downTime=-1, deviceId=0, source=0x10004 }
I/Choreographer( 1013): Skipped 215 frames!  The application may be doing too much work on its main thread.
D/InputEventConsistencyVerifier( 1013): KeyEvent: ACTION_UP but key was not down.
D/InputEventConsistencyVerifier( 1013):   in android.view.ViewRootImpl@b3e23b90
D/InputEventConsistencyVerifier( 1013):   0: sent at 193518000000, KeyEvent { action=ACTION_UP, keyCode=KEYCODE_DPAD_DOWN, scanCode=0, metaState=0, flags=0x8, repeatCount=0, eventTime=193518, downTime=193518, deviceId=-1, source=0x101 }
D/InputEventConsistencyVerifier( 1013):   -- recent events --
D/InputEventConsistencyVerifier( 1013):   1: sent at 192275000000, MotionEvent { action=ACTION_UP, id[0]=0, x[0]=179.0, y[0]=701.0, toolType[0]=TOOL_TYPE_UNKNOWN, buttonState=0, metaState=0, flags=0x0, edgeFlags=0x0, pointerCount=1, historySize=0, eventTime=192275, downTime=192266, deviceId=0, source=0x1002 }
D/InputEventConsistencyVerifier( 1013):   2: sent at 192266000000, MotionEvent { action=ACTION_DOWN, id[0]=0, x[0]=194.0, y[0]=701.0, toolType[0]=TOOL_TYPE_UNKNOWN, buttonState=0, metaState=0, flags=0x0, edgeFlags=0x0, pointerCount=1, historySize=0, eventTime=192266, downTime=192266, deviceId=0, source=0x1002 }
D/InputEventConsistencyVerifier( 1013):   3: sent at 192109000000, MotionEvent { action=ACTION_UP, id[0]=0, x[0]=78.0, y[0]=718.0, toolType[0]=TOOL_TYPE_UNKNOWN, buttonState=0, metaState=0, flags=0x0, edgeFlags=0x0, pointerCount=1, historySize=0, eventTime=192109, downTime=192102, deviceId=0, source=0x1002 }
D/InputEventConsistencyVerifier( 1013):   4: sent at 192102000000, MotionEvent { action=ACTION_DOWN, id[0]=0, x[0]=79.0, y[0]=717.0, toolType[0]=TOOL_TYPE_UNKNOWN, buttonState=0, metaState=0, flags=0x0, edgeFlags=0x0, pointerCount=1, historySize=0, eventTime=192102, downTime=192102, deviceId=0, source=0x1002 }
D/InputEventConsistencyVerifier( 1013):   5: sent at 192031000000, KeyEvent { action=ACTION_UP, keyCode=KEYCODE_MENU, scanCode=0, metaState=0, flags=0x8, repeatCount=0, eventTime=192031, downTime=192031, deviceId=-1, source=0x101 }
I/Choreographer( 1013): Skipped 88 frames!  The application may be doing too much work on its main thread.
W/InputMethodManagerService(  225): Window already focused, ignoring focus gain of: com.android.internal.view.IInputMethodClient$Stub$Proxy@b4316888 attribute=android.view.inputmethod.EditorInfo@b4317a10
I/ActivityManager(  225): START {act=android.intent.action.MAIN cat=[android.intent.category.LAUNCHER] flg=0x10200000 cmp=com.termate/.MainActivity u=0} from pid 981
I/Choreographer( 1013): Skipped 38 frames!  The application may be doing too much work on its main thread.
D/InputEventConsistencyVerifier( 1013): KeyEvent: ACTION_UP but key was not down.
D/InputEventConsistencyVerifier( 1013):   in com.android.internal.policy.impl.PhoneWindow$DecorView@b3dfbe90
D/InputEventConsistencyVerifier( 1013):   0: sent at 194050000000, KeyEvent { action=ACTION_UP, keyCode=KEYCODE_DPAD_UP, scanCode=0, metaState=0, flags=0x400, repeatCount=0, eventTime=194050, downTime=194050, deviceId=-1, source=0x101 }
D/InputEventConsistencyVerifier( 1013):   -- recent events --
D/InputEventConsistencyVerifier( 1013):   1: sent at 193935000000, (unhandled) MotionEvent { action=ACTION_MOVE, id[0]=0, x[0]=1.0, y[0]=-4.0, toolType[0]=TOOL_TYPE_UNKNOWN, buttonState=0, metaState=0, flags=0x0, edgeFlags=0x0, pointerCount=1, historySize=9, eventTime=193935, downTime=-1, deviceId=0, source=0x10004 }
D/InputEventConsistencyVerifier( 1013):   2: sent at 193822000000, (unhandled) KeyEvent { action=ACTION_UP, keyCode=KEYCODE_MENU, scanCode=0, metaState=0, flags=0x8, repeatCount=0, eventTime=193822, downTime=193822, deviceId=-1, source=0x101 }
D/InputEventConsistencyVerifier( 1013):   3: sent at 193608000000, (unhandled) KeyEvent { action=ACTION_DOWN, keyCode=KEYCODE_MENU, scanCode=0, metaState=0, flags=0x8, repeatCount=0, eventTime=193608, downTime=193608, deviceId=-1, source=0x101 }
D/InputEventConsistencyVerifier( 1013):   4: sent at 193518000000, (unhandled) KeyEvent { action=ACTION_UP, keyCode=KEYCODE_DPAD_DOWN, scanCode=0, metaState=0, flags=0x80000008, repeatCount=0, eventTime=193518, downTime=193518, deviceId=-1, source=0x101 }
D/InputEventConsistencyVerifier( 1013):   5: sent at 192275000000, MotionEvent { action=ACTION_UP, id[0]=0, x[0]=119.333336, y[0]=467.33334, toolType[0]=TOOL_TYPE_UNKNOWN, buttonState=0, metaState=0, flags=0x0, edgeFlags=0x0, pointerCount=1, historySize=0, eventTime=192275, downTime=192266, deviceId=0, source=0x1002 }
I/Choreographer( 1013): Skipped 60 frames!  The application may be doing too much work on its main thread.
W/InputMethodManagerService(  225): Window already focused, ignoring focus gain of: com.android.internal.view.IInputMethodClient$Stub$Proxy@b41d7888 attribute=null
D/InputEventConsistencyVerifier( 1013): KeyEvent: ACTION_UP but key was not down.
D/InputEventConsistencyVerifier( 1013):   in android.widget.LinearLayout@b3e05d70
D/InputEventConsistencyVerifier( 1013):   0: sent at 196108000000, KeyEvent { action=ACTION_UP, keyCode=KEYCODE_DPAD_DOWN, scanCode=0, metaState=0, flags=0x400, repeatCount=0, eventTime=196108, downTime=196108, deviceId=-1, source=0x101 }
D/InputEventConsistencyVerifier( 1013):   -- recent events --
D/InputEventConsistencyVerifier( 1013):   1: sent at 188948000000, (unhandled) KeyEvent { action=ACTION_UP, keyCode=KEYCODE_MENU, scanCode=0, metaState=0, flags=0x8, repeatCount=0, eventTime=188948, downTime=188948, deviceId=-1, source=0x101 }
D/InputEventConsistencyVerifier( 1013):   2: sent at 188926000000, (unhandled) KeyEvent { action=ACTION_DOWN, keyCode=KEYCODE_MENU, scanCode=0, metaState=0, flags=0x8, repeatCount=0, eventTime=188926, downTime=188926, deviceId=-1, source=0x101 }
D/InputEventConsistencyVerifier( 1013):   3: sent at 188841000000, (unhandled) KeyEvent { action=ACTION_UP, keyCode=KEYCODE_DPAD_LEFT, scanCode=0, metaState=0, flags=0x8, repeatCount=0, eventTime=188841, downTime=188841, deviceId=-1, source=0x101 }
D/InputEventConsistencyVerifier( 1013):   4: sent at 188773000000, (unhandled) KeyEvent { action=ACTION_DOWN, keyCode=KEYCODE_DPAD_LEFT, scanCode=0, metaState=0, flags=0x8, repeatCount=0, eventTime=188773, downTime=188773, deviceId=-1, source=0x101 }
D/InputEventConsistencyVerifier( 1013):   5: sent at 188729000000, (unhandled) KeyEvent { action=ACTION_UP, keyCode=KEYCODE_DPAD_RIGHT, scanCode=0, metaState=0, flags=0x8, repeatCount=0, eventTime=188729, downTime=188729, deviceId=-1, source=0x101 }
D/InputEventConsistencyVerifier( 1013): KeyEvent: ACTION_UP but key was not down.
D/InputEventConsistencyVerifier( 1013):   in android.widget.LinearLayout@b3e05d70
D/InputEventConsistencyVerifier( 1013):   0: sent at 196769000000, KeyEvent { action=ACTION_UP, keyCode=KEYCODE_DPAD_DOWN, scanCode=0, metaState=0, flags=0x8, repeatCount=0, eventTime=196769, downTime=196769, deviceId=-1, source=0x101 }
D/InputEventConsistencyVerifier( 1013):   -- recent events --
D/InputEventConsistencyVerifier( 1013):   1: sent at 196376000000, (unhandled) MotionEvent { action=ACTION_DOWN, id[0]=0, x[0]=145.33334, y[0]=31.333374, toolType[0]=TOOL_TYPE_UNKNOWN, buttonState=0, metaState=0, flags=0x0, edgeFlags=0x0, pointerCount=1, historySize=0, eventTime=196376, downTime=196375, deviceId=0, source=0x1002 }
D/InputEventConsistencyVerifier( 1013):   2: sent at 196124000000, (unhandled) KeyEvent { action=ACTION_UP, keyCode=KEYCODE_DPAD_LEFT, scanCode=0, metaState=0, flags=0x8, repeatCount=0, eventTime=196124, downTime=196124, deviceId=-1, source=0x101 }
D/InputEventConsistencyVerifier( 1013):   3: sent at 195928000000, (unhandled) KeyEvent { action=ACTION_DOWN, keyCode=KEYCODE_DPAD_LEFT, scanCode=0, metaState=0, flags=0x8, repeatCount=0, eventTime=195928, downTime=195928, deviceId=-1, source=0x101 }
D/InputEventConsistencyVerifier( 1013):   4: sent at 196112000000, (unhandled) KeyEvent { action=ACTION_UP, keyCode=KEYCODE_DPAD_DOWN, scanCode=0, metaState=0, flags=0x400, repeatCount=0, eventTime=196112, downTime=196112, deviceId=-1, source=0x101 }
D/InputEventConsistencyVerifier( 1013):   5: sent at 196112000000, (unhandled) KeyEvent { action=ACTION_DOWN, keyCode=KEYCODE_DPAD_DOWN, scanCode=0, metaState=0, flags=0x400, repeatCount=0, eventTime=196112, downTime=196112, deviceId=-1, source=0x101 }
E/WVMExtractor(   62): Failed to open libwvm.so
D/InputEventConsistencyVerifier( 1013): KeyEvent: ACTION_UP but key was not down.
D/InputEventConsistencyVerifier( 1013):   in android.widget.TextView@b3e043b0
D/InputEventConsistencyVerifier( 1013):   0: sent at 196927000000, KeyEvent { action=ACTION_UP, keyCode=KEYCODE_DPAD_UP, scanCode=0, metaState=0, flags=0x8, repeatCount=0, eventTime=196927, downTime=196927, deviceId=-1, source=0x101 }
D/InputEventConsistencyVerifier( 1013):   -- recent events --
D/InputEventConsistencyVerifier( 1013):   1: sent at 196765000000, (unhandled) KeyEvent { action=ACTION_DOWN, keyCode=KEYCODE_DPAD_DOWN, scanCode=0, metaState=0, flags=0x8, repeatCount=0, eventTime=196765, downTime=196765, deviceId=-1, source=0x101 }
D/InputEventConsistencyVerifier( 1013):   2: sent at 196717000000, (unhandled) KeyEvent { action=ACTION_UP, keyCode=KEYCODE_DPAD_CENTER, scanCode=0, metaState=0, flags=0x8, repeatCount=0, eventTime=196717, downTime=196717, deviceId=-1, source=0x101 }
D/InputEventConsistencyVerifier( 1013):   3: sent at 196668000000, KeyEvent { action=ACTION_DOWN, keyCode=KEYCODE_DPAD_CENTER, scanCode=0, metaState=0, flags=0x8, repeatCount=0, eventTime=196668, downTime=196668, deviceId=-1, source=0x101 }
D/InputEventConsistencyVerifier( 1013):   4: sent at 196557000000, (unhandled) KeyEvent { action=ACTION_UP, keyCode=KEYCODE_NUMPAD_SUBTRACT, scanCode=0, metaState=0, flags=0x8, repeatCount=0, eventTime=196557, downTime=196557, deviceId=-1, source=0x101 }
D/InputEventConsistencyVerifier( 1013):   5: sent at 196409000000, (unhandled) KeyEvent { action=ACTION_DOWN, keyCode=KEYCODE_NUMPAD_SUBTRACT, scanCode=0, metaState=0, flags=0x8, repeatCount=0, eventTime=196409, downTime=196409, deviceId=-1, source=0x101 }
E/MetadataRetrieverClient(   62): failed to extract an album art
D/InputEventConsistencyVerifier(  425): TouchEvent: ACTION_DOWN but pointers are already down.  Probably missing ACTION_UP from previous gesture.
D/InputEventConsistencyVerifier(  425):   in android.view.ScaleGestureDetector@b3ed2dc8
D/InputEventConsistencyVerifier(  425):   0: sent at 197315000000, MotionEvent { action=ACTION_DOWN, id[0]=0, x[0]=274.0, y[0]=2.0, toolType[0]=TOOL_TYPE_UNKNOWN, buttonState=0, metaState=0, flags=0x0, edgeFlags=0x0, pointerCount=1, historySize=0, eventTime=197315, downTime=197314, deviceId=0, source=0x1002 }
D/InputEventConsistencyVerifier(  425):   -- recent events --
D/InputEventConsistencyVerifier(  425):   1: sent at 179277000000, MotionEvent { action=ACTION_DOWN, id[0]=0, x[0]=383.0, y[0]=555.0, toolType[0]=TOOL_TYPE_UNKNOWN, buttonState=0, metaState=0, flags=0x80000000, edgeFlags=0x0, pointerCount=1, historySize=0, eventTime=179277, downTime=179277, deviceId=0, source=0x1002 }
D/InputEventConsistencyVerifier(  425):   2: sent at 178836000000, MotionEvent { action=ACTION_DOWN, id[0]=0, x[0]=389.0, y[0]=212.0, toolType[0]=TOOL_TYPE_UNKNOWN, buttonState=0, metaState=0, flags=0x80000000, edgeFlags=0x0, pointerCount=1, historySize=0, eventTime=178836, downTime=178836, deviceId=0, source=0x1002 }
D/InputEventConsistencyVerifier(  425):   3: sent at 178640000000, MotionEvent { action=ACTION_DOWN, id[0]=0, x[0]=442.0, y[0]=618.0, toolType[0]=TOOL_TYPE_UNKNOWN, buttonState=0, metaState=0, flags=0x80000000, edgeFlags=0x0, pointerCount=1, historySize=0, eventTime=178640, downTime=178640, deviceId=0, source=0x1002 }
D/InputEventConsistencyVerifier(  425):   4: sent at 178627000000, MotionEvent { action=ACTION_DOWN, id[0]=0, x[0]=402.0, y[0]=181.0, toolType[0]=TOOL_TYPE_UNKNOWN, buttonState=0, metaState=0, flags=0x0, edgeFlags=0x0, pointerCount=1, historySize=0, eventTime=178627, downTime=178627, deviceId=0, source=0x1002 }
D/InputEventConsistencyVerifier(  425):   5: sent at 178345000000, MotionEvent { action=ACTION_UP, id[0]=0, x[0]=436.0, y[0]=19.0, toolType[0]=TOOL_TYPE_UNKNOWN, buttonState=0, metaState=0, flags=0x0, edgeFlags=0x0, pointerCount=1, historySize=0, eventTime=178345, downTime=178331, deviceId=0, source=0x1002 }
I/Choreographer( 1013): Skipped 31 frames!  The application may be doing too much work on its main thread.
W/dalvikvm(  425): DroidBox: { "FdAccess": { "path": "2f70726f632f6d656d696e666f", "id": "779919370" } }
W/DroidBox(  425): DroidBox: { "FileRW": { "operation": "read", "data": "4d656d546f74616c3a202020202020202020373438393634206b420a4d656d467265653a20202020202020202020343535393434206b420a427566666572733a20202020202020202020202035343736206b420a4361636865643a202020202020202020", "id": "779919370" } }
E/WVMExtractor(   62): Failed to open libwvm.so
D/InputEventConsistencyVerifier(  425): TouchEvent: ACTION_DOWN but pointers are already down.  Probably missing ACTION_UP from previous gesture.
D/InputEventConsistencyVerifier(  425):   in android.view.ScaleGestureDetector@b3ed2dc8
D/InputEventConsistencyVerifier(  425):   0: sent at 197602000000, MotionEvent { action=ACTION_DOWN, id[0]=0, x[0]=42.0, y[0]=271.0, toolType[0]=TOOL_TYPE_UNKNOWN, buttonState=0, metaState=0, flags=0x0, edgeFlags=0x0, pointerCount=1, historySize=0, eventTime=197602, downTime=197602, deviceId=0, source=0x1002 }
D/InputEventConsistencyVerifier(  425):   -- recent events --
D/InputEventConsistencyVerifier(  425):   1: sent at 197443000000, MotionEvent { action=ACTION_DOWN, id[0]=0, x[0]=30.0, y[0]=630.0, toolType[0]=TOOL_TYPE_UNKNOWN, buttonState=0, metaState=0, flags=0x0, edgeFlags=0x0, pointerCount=1, historySize=0, eventTime=197443, downTime=197442, deviceId=0, source=0x1002 }
D/InputEventConsistencyVerifier(  425):   2: sent at 197323000000, MotionEvent { action=ACTION_UP, id[0]=0, x[0]=269.0, y[0]=6.0, toolType[0]=TOOL_TYPE_UNKNOWN, buttonState=0, metaState=0, flags=0x0, edgeFlags=0x0, pointerCount=1, historySize=0, eventTime=197323, downTime=197314, deviceId=0, source=0x1002 }
D/InputEventConsistencyVerifier(  425):   3: sent at 197315000000, MotionEvent { action=ACTION_DOWN, id[0]=0, x[0]=274.0, y[0]=2.0, toolType[0]=TOOL_TYPE_UNKNOWN, buttonState=0, metaState=0, flags=0x80000000, edgeFlags=0x0, pointerCount=1, historySize=0, eventTime=197315, downTime=197314, deviceId=0, source=0x1002 }
D/InputEventConsistencyVerifier(  425):   4: sent at 179277000000, MotionEvent { action=ACTION_DOWN, id[0]=0, x[0]=383.0, y[0]=555.0, toolType[0]=TOOL_TYPE_UNKNOWN, buttonState=0, metaState=0, flags=0x80000000, edgeFlags=0x0, pointerCount=1, historySize=0, eventTime=179277, downTime=179277, deviceId=0, source=0x1002 }
D/InputEventConsistencyVerifier(  425):   5: sent at 178836000000, MotionEvent { action=ACTION_DOWN, id[0]=0, x[0]=389.0, y[0]=212.0, toolType[0]=TOOL_TYPE_UNKNOWN, buttonState=0, metaState=0, flags=0x80000000, edgeFlags=0x0, pointerCount=1, historySize=0, eventTime=178836, downTime=178836, deviceId=0, source=0x1002 }
I/Choreographer(  425): Skipped 122 frames!  The application may be doing too much work on its main thread.
W/dalvikvm(  425): DroidBox: { "FdAccess": { "path": "2f70726f632f6d656d696e666f", "id": "1403111500" } }
W/DroidBox(  425): DroidBox: { "FileRW": { "operation": "read", "data": "4d656d546f74616c3a202020202020202020373438393634206b420a4d656d467265653a20202020202020202020343535393434206b420a427566666572733a20202020202020202020202035343736206b420a4361636865643a202020202020202020", "id": "1403111500" } }
V/PhoneStatusBar(  425): setLightsOn(true)
I/Choreographer(  425): Skipped 75 frames!  The application may be doing too much work on its main thread.
D/PhoneStatusBar(  425): disable: < expand icons alerts TICKER* system_info back home recent clock >
D/InputEventConsistencyVerifier(  425): KeyEvent: ACTION_UP but key was not down.
D/InputEventConsistencyVerifier(  425):   in android.widget.FrameLayout@b3e52de0
D/InputEventConsistencyVerifier(  425):   0: sent at 198185000000, KeyEvent { action=ACTION_UP, keyCode=KEYCODE_DPAD_DOWN, scanCode=0, metaState=0, flags=0x400, repeatCount=0, eventTime=198185, downTime=198185, deviceId=-1, source=0x101 }
D/InputEventConsistencyVerifier(  425):   -- recent events --
D/InputEventConsistencyVerifier(  425):   1: sent at 173034000000, (unhandled) KeyEvent { action=ACTION_UP, keyCode=KEYCODE_DPAD_DOWN, scanCode=0, metaState=0, flags=0x8, repeatCount=0, eventTime=173034, downTime=173034, deviceId=-1, source=0x101 }
D/InputEventConsistencyVerifier(  425):   2: sent at 172969000000, (unhandled) KeyEvent { action=ACTION_DOWN, keyCode=KEYCODE_DPAD_DOWN, scanCode=0, metaState=0, flags=0x8, repeatCount=0, eventTime=172969, downTime=172969, deviceId=-1, source=0x101 }
D/InputEventConsistencyVerifier(  425):   3: sent at 172965000000, (unhandled) KeyEvent { action=ACTION_UP, keyCode=KEYCODE_EISU, scanCode=0, metaState=0, flags=0x8, repeatCount=0, eventTime=172965, downTime=172965, deviceId=-1, source=0x101 }
D/InputEventConsistencyVerifier(  425):   4: sent at 172821000000, (unhandled) KeyEvent { action=ACTION_DOWN, keyCode=KEYCODE_EISU, scanCode=0, metaState=0, flags=0x8, repeatCount=0, eventTime=172821, downTime=172821, deviceId=-1, source=0x101 }
D/InputEventConsistencyVerifier(  425):   5: sent at 172763000000, (unhandled) KeyEvent { action=ACTION_UP, keyCode=KEYCODE_DPAD_DOWN, scanCode=0, metaState=0, flags=0x80000008, repeatCount=0, eventTime=172763, downTime=172763, deviceId=-1, source=0x101 }
D/InputEventConsistencyVerifier(  425): TouchEvent: ACTION_DOWN but pointers are already down.  Probably missing ACTION_UP from previous gesture.
D/InputEventConsistencyVerifier(  425):   in android.view.ScaleGestureDetector@b3ed2dc8
D/InputEventConsistencyVerifier(  425):   0: sent at 198294000000, MotionEvent { action=ACTION_DOWN, id[0]=0, x[0]=409.0, y[0]=502.0, toolType[0]=TOOL_TYPE_UNKNOWN, buttonState=0, metaState=0, flags=0x0, edgeFlags=0x0, pointerCount=1, historySize=0, eventTime=198294, downTime=198291, deviceId=0, source=0x1002 }
D/InputEventConsistencyVerifier(  425):   -- recent events --
D/InputEventConsistencyVerifier(  425):   1: sent at 197602000000, MotionEvent { action=ACTION_DOWN, id[0]=0, x[0]=42.0, y[0]=271.0, toolType[0]=TOOL_TYPE_UNKNOWN, buttonState=0, metaState=0, flags=0x80000000, edgeFlags=0x0, pointerCount=1, historySize=0, eventTime=197602, downTime=197602, deviceId=0, source=0x1002 }
D/InputEventConsistencyVerifier(  425):   2: sent at 197443000000, MotionEvent { action=ACTION_DOWN, id[0]=0, x[0]=30.0, y[0]=630.0, toolType[0]=TOOL_TYPE_UNKNOWN, buttonState=0, metaState=0, flags=0x0, edgeFlags=0x0, pointerCount=1, historySize=0, eventTime=197443, downTime=197442, deviceId=0, source=0x1002 }
D/InputEventConsistencyVerifier(  425):   3: sent at 197323000000, MotionEvent { action=ACTION_UP, id[0]=0, x[0]=269.0, y[0]=6.0, toolType[0]=TOOL_TYPE_UNKNOWN, buttonState=0, metaState=0, flags=0x0, edgeFlags=0x0, pointerCount=1, historySize=0, eventTime=197323, downTime=197314, deviceId=0, source=0x1002 }
D/InputEventConsistencyVerifier(  425):   4: sent at 197315000000, MotionEvent { action=ACTION_DOWN, id[0]=0, x[0]=274.0, y[0]=2.0, toolType[0]=TOOL_TYPE_UNKNOWN, buttonState=0, metaState=0, flags=0x80000000, edgeFlags=0x0, pointerCount=1, historySize=0, eventTime=197315, downTime=197314, deviceId=0, source=0x1002 }
D/InputEventConsistencyVerifier(  425):   5: sent at 179277000000, MotionEvent { action=ACTION_DOWN, id[0]=0, x[0]=383.0, y[0]=555.0, toolType[0]=TOOL_TYPE_UNKNOWN, buttonState=0, metaState=0, flags=0x80000000, edgeFlags=0x0, pointerCount=1, historySize=0, eventTime=179277, downTime=179277, deviceId=0, source=0x1002 }
I/ActivityManager(  225): START {act=android.intent.action.CALL_BUTTON flg=0x10000000 cmp=com.android.contacts/.activities.DialtactsActivity u=0} from pid 1013
I/Choreographer(  425): Skipped 42 frames!  The application may be doing too much work on its main thread.
V/PhoneStatusBar(  425): setLightsOn(true)
D/PhoneStatusBar(  425): disable: < expand icons alerts ticker* system_info back home recent clock >
W/DroidBox( 1059): DroidBox: { "ServiceStart": { "name": "com.android.music.MediaPlaybackService" } }
W/DroidBox( 1059): DroidBox: { "ServiceStart": { "name": "com.android.music.MediaPlaybackService" } }
E/MetadataRetrieverClient(   62): failed to extract an album art
I/Choreographer( 1013): Skipped 111 frames!  The application may be doing too much work on its main thread.
W/InputMethodManagerService(  225): Window already focused, ignoring focus gain of: com.android.internal.view.IInputMethodClient$Stub$Proxy@b42e0ca0 attribute=android.view.inputmethod.EditorInfo@b42c1ad0
I/AudioService(  225):  AudioFocus  requestAudioFocus() from android.media.AudioManager@b3e12fc0com.android.music.MediaPlaybackService$3@b3e117f8
I/AudioService(  225):   Remote Control   registerMediaButtonIntent() for PendingIntent{b3ed9d48: PendingIntentRecord{b4022850 com.android.music broadcastIntent}}
I/ActivityManager(  225): No longer want com.android.contacts (pid 701): hidden #16
W/dalvikvm(  981): DroidBox: { "FdAccess": { "path": "2f6465762f696e7075742f6576656e7430", "id": "1970063163" } }
I/Choreographer( 1013): Skipped 150 frames!  The application may be doing too much work on its main thread.
W/DroidBox(  981): DroidBox: { "FileRW": { "operation": "write", "data": "7f060000efbfbd3901000500000001000000", "id": "1970063163" } }
I/Choreographer( 1013): Skipped 119 frames!  The application may be doing too much work on its main thread.
W/InputMethodManagerService(  225): Window already focused, ignoring focus gain of: com.android.internal.view.IInputMethodClient$Stub$Proxy@b42c91c0 attribute=null
D/InputEventConsistencyVerifier( 1013): KeyEvent: ACTION_UP but key was not down.
D/InputEventConsistencyVerifier( 1013):   in com.android.internal.policy.impl.PhoneWindow$DecorView@b3dfbe90
D/InputEventConsistencyVerifier( 1013):   0: sent at 200993000000, KeyEvent { action=ACTION_UP, keyCode=KEYCODE_DPAD_RIGHT, scanCode=0, metaState=0, flags=0x400, repeatCount=0, eventTime=200993, downTime=200993, deviceId=-1, source=0x101 }
D/InputEventConsistencyVerifier( 1013):   -- recent events --
D/InputEventConsistencyVerifier( 1013):   1: sent at 200733000000, (unhandled) MotionEvent { action=ACTION_MOVE, id[0]=0, x[0]=4.0, y[0]=2.0, toolType[0]=TOOL_TYPE_UNKNOWN, buttonState=0, metaState=0, flags=0x0, edgeFlags=0x0, pointerCount=1, historySize=8, eventTime=200733, downTime=-1, deviceId=0, source=0x10004 }
D/InputEventConsistencyVerifier( 1013):   2: sent at 200576000000, MotionEvent { action=ACTION_UP, id[0]=0, x[0]=44.0, y[0]=124.0, toolType[0]=TOOL_TYPE_UNKNOWN, buttonState=0, metaState=0, flags=0x0, edgeFlags=0x0, pointerCount=1, historySize=0, eventTime=200576, downTime=200490, deviceId=0, source=0x1002 }
D/InputEventConsistencyVerifier( 1013):   3: sent at 200491000000, MotionEvent { action=ACTION_DOWN, id[0]=0, x[0]=53.333336, y[0]=122.66667, toolType[0]=TOOL_TYPE_UNKNOWN, buttonState=0, metaState=0, flags=0x0, edgeFlags=0x0, pointerCount=1, historySize=0, eventTime=200491, downTime=200490, deviceId=0, source=0x1002 }
D/InputEventConsistencyVerifier( 1013):   4: sent at 200484000000, MotionEvent { action=ACTION_UP, id[0]=0, x[0]=244.0, y[0]=356.0, toolType[0]=TOOL_TYPE_UNKNOWN, buttonState=0, metaState=0, flags=0x0, edgeFlags=0x0, pointerCount=1, historySize=0, eventTime=200484, downTime=200478, deviceId=0, source=0x1002 }
D/InputEventConsistencyVerifier( 1013):   5: sent at 200478000000, MotionEvent { action=ACTION_DOWN, id[0]=0, x[0]=245.33334, y[0]=357.33334, toolType[0]=TOOL_TYPE_UNKNOWN, buttonState=0, metaState=0, flags=0x0, edgeFlags=0x0, pointerCount=1, historySize=0, eventTime=200478, downTime=200478, deviceId=0, source=0x1002 }
D/InputEventConsistencyVerifier( 1013): KeyEvent: ACTION_UP but key was not down.
D/InputEventConsistencyVerifier( 1013):   in android.widget.LinearLayout@b3e05d70
D/InputEventConsistencyVerifier( 1013):   0: sent at 201507000000, KeyEvent { action=ACTION_UP, keyCode=KEYCODE_DPAD_DOWN, scanCode=0, metaState=0, flags=0x400, repeatCount=0, eventTime=201507, downTime=201507, deviceId=-1, source=0x101 }
D/InputEventConsistencyVerifier( 1013):   -- recent events --
D/InputEventConsistencyVerifier( 1013):   1: sent at 196814000000, (unhandled) KeyEvent { action=ACTION_DOWN, keyCode=KEYCODE_DPAD_UP, scanCode=0, metaState=0, flags=0x8, repeatCount=0, eventTime=196814, downTime=196814, deviceId=-1, source=0x101 }
D/InputEventConsistencyVerifier( 1013):   2: sent at 196769000000, (unhandled) KeyEvent { action=ACTION_UP, keyCode=KEYCODE_DPAD_DOWN, scanCode=0, metaState=0, flags=0x80000008, repeatCount=0, eventTime=196769, downTime=196769, deviceId=-1, source=0x101 }
D/InputEventConsistencyVerifier( 1013):   3: sent at 196376000000, (unhandled) MotionEvent { action=ACTION_DOWN, id[0]=0, x[0]=145.33334, y[0]=31.333374, toolType[0]=TOOL_TYPE_UNKNOWN, buttonState=0, metaState=0, flags=0x0, edgeFlags=0x0, pointerCount=1, historySize=0, eventTime=196376, downTime=196375, deviceId=0, source=0x1002 }
D/InputEventConsistencyVerifier( 1013):   4: sent at 196124000000, (unhandled) KeyEvent { action=ACTION_UP, keyCode=KEYCODE_DPAD_LEFT, scanCode=0, metaState=0, flags=0x8, repeatCount=0, eventTime=196124, downTime=196124, deviceId=-1, source=0x101 }
D/InputEventConsistencyVerifier( 1013):   5: sent at 195928000000, (unhandled) KeyEvent { action=ACTION_DOWN, keyCode=KEYCODE_DPAD_LEFT, scanCode=0, metaState=0, flags=0x8, repeatCount=0, eventTime=195928, downTime=195928, deviceId=-1, source=0x101 }
D/InputEventConsistencyVerifier( 1013): KeyEvent: ACTION_UP but key was not down.
D/InputEventConsistencyVerifier( 1013):   in android.widget.TextView@b3e043b0
D/InputEventConsistencyVerifier( 1013):   0: sent at 201847000000, KeyEvent { action=ACTION_UP, keyCode=KEYCODE_DPAD_UP, scanCode=0, metaState=0, flags=0x400, repeatCount=0, eventTime=201847, downTime=201847, deviceId=-1, source=0x101 }
