D/InputEventConsistencyVerifier( 1010):   4: sent at 318401000000, (unhandled) KeyEvent { action=ACTION_UP, keyCode=KEYCODE_DPAD_LEFT, scanCode=0, metaState=0, flags=0x400, repeatCount=0, eventTime=318401, downTime=318401, deviceId=-1, source=0x101 }
D/InputEventConsistencyVerifier( 1010):   5: sent at 318401000000, (unhandled) KeyEvent { action=ACTION_DOWN, keyCode=KEYCODE_DPAD_LEFT, scanCode=0, metaState=0, flags=0x400, repeatCount=0, eventTime=318401, downTime=318401, deviceId=-1, source=0x101 }
I/Choreographer(  434): Skipped 252 frames!  The application may be doing too much work on its main thread.
I/Choreographer( 1010): Skipped 66 frames!  The application may be doing too much work on its main thread.
W/InputMethodManagerService(  221): Window already focused, ignoring focus gain of: com.android.internal.view.IInputMethodClient$Stub$Proxy@b3ffcfc0 attribute=null
I/Choreographer(  434): Skipped 99 frames!  The application may be doing too much work on its main thread.
I/Choreographer(  221): Skipped 34 frames!  The application may be doing too much work on its main thread.
I/Choreographer( 1010): Skipped 55 frames!  The application may be doing too much work on its main thread.
I/Choreographer(  434): Skipped 79 frames!  The application may be doing too much work on its main thread.
I/InputDispatcher(  221): Window 'Window{b4146908 com.estrongs.android.pop/com.estrongs.android.pop.view.PopPreferenceActivity paused=false}' spent 2192.0ms processing the last input event: MotionEvent(action=0, deviceId=0, source=0x00001002)
I/InputDispatcher(  221): Window 'Window{b4146908 com.estrongs.android.pop/com.estrongs.android.pop.view.PopPreferenceActivity paused=false}' spent 2191.4ms processing the last input event: MotionEvent(action=2, deviceId=0, source=0x00001002)
I/InputDispatcher(  221): Window 'Window{b4146908 com.estrongs.android.pop/com.estrongs.android.pop.view.PopPreferenceActivity paused=false}' spent 2199.0ms processing the last input event: MotionEvent(action=2, deviceId=0, source=0x00001002)
I/InputDispatcher(  221): Window 'Window{b4146908 com.estrongs.android.pop/com.estrongs.android.pop.view.PopPreferenceActivity paused=false}' spent 2196.0ms processing the last input event: MotionEvent(action=2, deviceId=0, source=0x00001002)
I/InputDispatcher(  221): Window 'Window{b4146908 com.estrongs.android.pop/com.estrongs.android.pop.view.PopPreferenceActivity paused=false}' spent 2193.1ms processing the last input event: MotionEvent(action=2, deviceId=0, source=0x00001002)
I/InputDispatcher(  221): Window 'Window{b4146908 com.estrongs.android.pop/com.estrongs.android.pop.view.PopPreferenceActivity paused=false}' spent 2190.3ms processing the last input event: MotionEvent(action=2, deviceId=0, source=0x00001002)
I/InputDispatcher(  221): Window 'Window{b4146908 com.estrongs.android.pop/com.estrongs.android.pop.view.PopPreferenceActivity paused=false}' spent 2188.1ms processing the last input event: MotionEvent(action=2, deviceId=0, source=0x00001002)
I/InputDispatcher(  221): Window 'Window{b4146908 com.estrongs.android.pop/com.estrongs.android.pop.view.PopPreferenceActivity paused=false}' spent 2186.4ms processing the last input event: MotionEvent(action=2, deviceId=0, source=0x00001002)
I/InputDispatcher(  221): Window 'Window{b4146908 com.estrongs.android.pop/com.estrongs.android.pop.view.PopPreferenceActivity paused=false}' spent 2182.7ms processing the last input event: MotionEvent(action=1, deviceId=0, source=0x00001002)
D/InputEventConsistencyVerifier( 1010): KeyEvent: ACTION_UP but key was not down.
D/InputEventConsistencyVerifier( 1010):   in android.view.ViewRootImpl@b44679f0
D/InputEventConsistencyVerifier( 1010):   0: sent at 318866000000, KeyEvent { action=ACTION_UP, keyCode=KEYCODE_CLEAR, scanCode=0, metaState=0, flags=0x8, repeatCount=0, eventTime=318866, downTime=318866, deviceId=-1, source=0x101 }
D/InputEventConsistencyVerifier( 1010):   -- recent events --
D/InputEventConsistencyVerifier( 1010):   1: sent at 318147000000, KeyEvent { action=ACTION_UP, keyCode=KEYCODE_COMMA, scanCode=0, metaState=0, flags=0x0, repeatCount=0, eventTime=318147, downTime=318147, deviceId=-1, source=0x101 }
D/InputEventConsistencyVerifier( 1010):   2: sent at 318147000000, KeyEvent { action=ACTION_DOWN, keyCode=KEYCODE_COMMA, scanCode=0, metaState=0, flags=0x0, repeatCount=0, eventTime=318147, downTime=318147, deviceId=-1, source=0x101 }
D/InputEventConsistencyVerifier( 1010):   3: sent at 317935000000, MotionEvent { action=ACTION_UP, id[0]=0, x[0]=306.0, y[0]=16.0, toolType[0]=TOOL_TYPE_UNKNOWN, buttonState=0, metaState=0, flags=0x0, edgeFlags=0x0, pointerCount=1, historySize=0, eventTime=317935, downTime=317899, deviceId=0, source=0x1002 }
D/InputEventConsistencyVerifier( 1010):   4: sent at 317933000000, MotionEvent { action=ACTION_MOVE, id[0]=0, x[0]=314.0, y[0]=16.0, toolType[0]=TOOL_TYPE_UNKNOWN, buttonState=0, metaState=0, flags=0x0, edgeFlags=0x0, pointerCount=1, historySize=6, eventTime=317933, downTime=317899, deviceId=0, source=0x1002 }
D/InputEventConsistencyVerifier( 1010):   5: sent at 317900000000, MotionEvent { action=ACTION_DOWN, id[0]=0, x[0]=350.0, y[0]=16.0, toolType[0]=TOOL_TYPE_UNKNOWN, buttonState=0, metaState=0, flags=0x0, edgeFlags=0x0, pointerCount=1, historySize=0, eventTime=317900, downTime=317899, deviceId=0, source=0x1002 }
I/ActivityManager(  221): START {act=android.intent.action.MAIN cat=[android.intent.category.LAUNCHER] flg=0x10200000 cmp=com.estrongs.android.pop/.view.FileExplorerActivity u=0} from pid 992
D/InputEventConsistencyVerifier( 1010): KeyEvent: ACTION_UP but key was not down.
D/InputEventConsistencyVerifier( 1010):   in android.view.ViewRootImpl@b469f4d0
D/InputEventConsistencyVerifier( 1010):   0: sent at 320289000000, KeyEvent { action=ACTION_UP, keyCode=KEYCODE_PROG_RED, scanCode=0, metaState=0, flags=0x8, repeatCount=0, eventTime=320289, downTime=320289, deviceId=-1, source=0x101 }
I/Choreographer( 1010): Skipped 56 frames!  The application may be doing too much work on its main thread.
I/Choreographer( 1010): Skipped 41 frames!  The application may be doing too much work on its main thread.
I/ActivityManager(  221): START {act=android.intent.action.MAIN cat=[android.intent.category.LAUNCHER] flg=0x10200000 cmp=com.estrongs.android.pop/.view.FileExplorerActivity u=0} from pid 992
D/InputEventConsistencyVerifier( 1010): KeyEvent: ACTION_UP but key was not down.
D/InputEventConsistencyVerifier( 1010):   in android.view.ViewRootImpl@b47cb588
D/InputEventConsistencyVerifier( 1010):   0: sent at 321623000000, KeyEvent { action=ACTION_UP, keyCode=KEYCODE_DPAD_DOWN, scanCode=0, metaState=0, flags=0x8, repeatCount=0, eventTime=321623, downTime=321623, deviceId=-1, source=0x101 }
I/Choreographer( 1010): Skipped 45 frames!  The application may be doing too much work on its main thread.
I/ActivityManager(  221): START {act=android.intent.action.MAIN cat=[android.intent.category.LAUNCHER] flg=0x10200000 cmp=com.estrongs.android.pop/.view.FileExplorerActivity u=0} from pid 992
I/Choreographer( 1010): Skipped 200 frames!  The application may be doing too much work on its main thread.
W/InputManager(  221): Input event injection from pid 992 failed.
W/InputManager(  221): Input event injection from pid 992 failed.
W/dalvikvm( 1010): DroidBox: { "FdAccess": { "path": "2f646174612f646174612f636f6d2e657374726f6e67732e616e64726f69642e706f702f7368617265645f70726566732f636f6d2e657374726f6e67732e616e64726f69642e706f705f707265666572656e6365732e786d6c", "id": "2146441243" } }
W/DroidBox( 1010): DroidBox: { "FileRW": { "operation": "write", "data": "3c3f786d6c2076657273696f6e3d27312e302720656e636f64696e673d277574662d3827207374616e64616c6f6e653d2779657327203f3e0a3c6d61703e0a3c626f6f6c65616e206e616d653d22686964655f636c6970626f6172645f6f6e5f70617374", "id": "2146441243" } }
W/InputManager(  221): Input event injection from pid 992 failed.
I/Choreographer( 1010): Skipped 63 frames!  The application may be doing too much work on its main thread.
W/InputMethodManagerService(  221): Window already focused, ignoring focus gain of: com.android.internal.view.IInputMethodClient$Stub$Proxy@b4040cb0 attribute=null
I/Choreographer( 1010): Skipped 39 frames!  The application may be doing too much work on its main thread.
I/InputDispatcher(  221): Window 'Window{b3f01d20 Theme Settings paused=false}' spent 2257.9ms processing the last input event: KeyEvent(action=0, deviceId=-1, source=0x00000101)
I/InputDispatcher(  221): Window 'Window{b3f01d20 Theme Settings paused=false}' spent 2183.2ms processing the last input event: KeyEvent(action=1, deviceId=-1, source=0x00000101)
W/dalvikvm(  992): DroidBox: { "FdAccess": { "path": "2f6465762f696e7075742f6576656e7430", "id": "1785423549" } }
W/DroidBox(  992): DroidBox: { "FileRW": { "operation": "write", "data": "efbfbd060000efbfbdefbfbd0c000500000000000000", "id": "1785423549" } }
I/Choreographer( 1010): Skipped 36 frames!  The application may be doing too much work on its main thread.
D/PhoneStatusBar(  378): disable: < EXPAND* icons alerts ticker system_info back home recent clock >
D/InputEventConsistencyVerifier(  221): KeyEvent: ACTION_UP but key was not down.
D/InputEventConsistencyVerifier(  221):   in android.view.ViewRootImpl@b4139d40
D/InputEventConsistencyVerifier(  221):   0: sent at 324462000000, KeyEvent { action=ACTION_UP, keyCode=KEYCODE_DPAD_LEFT, scanCode=0, metaState=0, flags=0x8, repeatCount=0, eventTime=324462, downTime=324462, deviceId=-1, source=0x101 }
D/InputEventConsistencyVerifier(  221): KeyEvent: ACTION_UP but key was not down.
D/InputEventConsistencyVerifier(  221):   in com.android.internal.policy.impl.PhoneWindow$DecorView@b405d458
D/InputEventConsistencyVerifier(  221):   0: sent at 324573000000, KeyEvent { action=ACTION_UP, keyCode=KEYCODE_DPAD_DOWN, scanCode=0, metaState=0, flags=0x400, repeatCount=0, eventTime=324573, downTime=324573, deviceId=-1, source=0x101 }
D/InputEventConsistencyVerifier(  221):   -- recent events --
D/InputEventConsistencyVerifier(  221):   1: sent at 324559000000, (unhandled) MotionEvent { action=ACTION_MOVE, id[0]=0, x[0]=1.0, y[0]=2.0, toolType[0]=TOOL_TYPE_UNKNOWN, buttonState=0, metaState=0, flags=0x0, edgeFlags=0x0, pointerCount=1, historySize=7, eventTime=324559, downTime=-1, deviceId=0, source=0x10004 }
D/InputEventConsistencyVerifier(  221):   2: sent at 324498000000, (unhandled) KeyEvent { action=ACTION_UP, keyCode=KEYCODE_DVR, scanCode=0, metaState=0, flags=0x8, repeatCount=0, eventTime=324498, downTime=324498, deviceId=-1, source=0x101 }
D/InputEventConsistencyVerifier(  221):   3: sent at 324478000000, (unhandled) KeyEvent { action=ACTION_DOWN, keyCode=KEYCODE_DVR, scanCode=0, metaState=0, flags=0x8, repeatCount=0, eventTime=324478, downTime=324478, deviceId=-1, source=0x101 }
D/InputEventConsistencyVerifier(  221):   4: sent at 324462000000, (unhandled) KeyEvent { action=ACTION_UP, keyCode=KEYCODE_DPAD_LEFT, scanCode=0, metaState=0, flags=0x80000008, repeatCount=0, eventTime=324462, downTime=324462, deviceId=-1, source=0x101 }
D/InputEventConsistencyVerifier(  221):   5: sent at 199844000000, KeyEvent { action=ACTION_UP, keyCode=KEYCODE_DPAD_CENTER, scanCode=0, metaState=0, flags=0x8, repeatCount=0, eventTime=199844, downTime=199844, deviceId=-1, source=0x101 }
W/WindowManager(  221): Failure taking screenshot for (246x410) to layer 21020
D/PhoneStatusBar(  378): disable: < expand* icons alerts ticker system_info back home recent clock >
V/PhoneStatusBar(  378): setLightsOn(true)
I/ActivityManager(  221): START {act=android.intent.action.MAIN cat=[android.intent.category.LAUNCHER] flg=0x10200000 cmp=com.estrongs.android.pop/.view.FileExplorerActivity u=0} from pid 992
I/Choreographer( 1010): Skipped 205 frames!  The application may be doing too much work on its main thread.
W/ActivityManager(  221): Activity pause timeout for ActivityRecord{b401d180 com.estrongs.android.pop/.view.PopPreferenceActivity}
I/ActivityManager(  221): START {act=android.intent.action.MAIN cat=[android.intent.category.LAUNCHER] flg=0x10200000 cmp=com.estrongs.android.pop/.view.FileExplorerActivity u=0} from pid 992
I/Choreographer( 1010): Skipped 160 frames!  The application may be doing too much work on its main thread.
W/InputMethodManagerService(  221): Window already focused, ignoring focus gain of: com.android.internal.view.IInputMethodClient$Stub$Proxy@b3f72e58 attribute=null
I/Choreographer( 1010): Skipped 46 frames!  The application may be doing too much work on its main thread.
W/dalvikvm(  992): DroidBox: { "FdAccess": { "path": "2f6465762f696e7075742f6576656e7430", "id": "1747742978" } }
W/DroidBox(  992): DroidBox: { "FileRW": { "operation": "write", "data": "7f060000efbfbd3901000500000001000000", "id": "1747742978" } }
W/DroidBox( 1092): DroidBox: { "ServiceStart": { "name": "com.android.music.MediaPlaybackService" } }
W/DroidBox( 1092): DroidBox: { "ServiceStart": { "name": "com.android.music.MediaPlaybackService" } }
I/AudioService(  221):  AudioFocus  requestAudioFocus() from android.media.AudioManager@b3e83f28com.android.music.MediaPlaybackService$3@b3e82760
I/Choreographer( 1010): Skipped 57 frames!  The application may be doing too much work on its main thread.
I/AudioService(  221):   Remote Control   registerMediaButtonIntent() for PendingIntent{b3f54010: PendingIntentRecord{b4015418 com.android.music broadcastIntent}}
I/Choreographer( 1010): Skipped 88 frames!  The application may be doing too much work on its main thread.
D/InputEventConsistencyVerifier( 1010): KeyEvent: ACTION_UP but key was not down.
D/InputEventConsistencyVerifier( 1010):   in android.view.ViewRootImpl@b4740820
D/InputEventConsistencyVerifier( 1010):   0: sent at 328105000000, KeyEvent { action=ACTION_UP, keyCode=KEYCODE_DPAD_UP, scanCode=0, metaState=0, flags=0x8, repeatCount=0, eventTime=328105, downTime=328105, deviceId=-1, source=0x101 }
I/Choreographer( 1010): Skipped 77 frames!  The application may be doing too much work on its main thread.
I/ActivityManager(  221): START {act=android.intent.action.MAIN cat=[android.intent.category.LAUNCHER] flg=0x10200000 cmp=com.estrongs.android.pop/.view.FileExplorerActivity u=0} from pid 992
D/InputEventConsistencyVerifier( 1010): TrackballEvent: Trackball is down but pressure is not greater than 0.
D/InputEventConsistencyVerifier( 1010):   in android.view.ViewRootImpl@b4740820
D/InputEventConsistencyVerifier( 1010):   0: sent at 328577000000, MotionEvent { action=ACTION_DOWN, id[0]=0, x[0]=0.0, y[0]=0.0, toolType[0]=TOOL_TYPE_UNKNOWN, buttonState=0, metaState=0, flags=0x0, edgeFlags=0x0, pointerCount=1, historySize=0, eventTime=328577, downTime=328519, deviceId=0, source=0x10004 }
D/InputEventConsistencyVerifier( 1010):   -- recent events --
D/InputEventConsistencyVerifier( 1010):   1: sent at 328645000000, KeyEvent { action=ACTION_UP, keyCode=KEYCODE_DPAD_RIGHT, scanCode=0, metaState=0, flags=0x400, repeatCount=0, eventTime=328645, downTime=328645, deviceId=-1, source=0x101 }
D/InputEventConsistencyVerifier( 1010):   2: sent at 328645000000, KeyEvent { action=ACTION_DOWN, keyCode=KEYCODE_DPAD_RIGHT, scanCode=0, metaState=0, flags=0x400, repeatCount=0, eventTime=328645, downTime=328645, deviceId=-1, source=0x101 }
D/InputEventConsistencyVerifier( 1010):   3: sent at 328645000000, KeyEvent { action=ACTION_UP, keyCode=KEYCODE_DPAD_RIGHT, scanCode=0, metaState=0, flags=0x400, repeatCount=0, eventTime=328645, downTime=328645, deviceId=-1, source=0x101 }
D/InputEventConsistencyVerifier( 1010):   4: sent at 328645000000, KeyEvent { action=ACTION_DOWN, keyCode=KEYCODE_DPAD_RIGHT, scanCode=0, metaState=0, flags=0x400, repeatCount=0, eventTime=328645, downTime=328645, deviceId=-1, source=0x101 }
D/InputEventConsistencyVerifier( 1010):   5: sent at 328644000000, KeyEvent { action=ACTION_UP, keyCode=KEYCODE_DPAD_RIGHT, scanCode=0, metaState=0, flags=0x400, repeatCount=0, eventTime=328644, downTime=328644, deviceId=-1, source=0x101 }
W/dalvikvm( 1010): DroidBox: { "FdAccess": { "path": "2f646174612f646174612f636f6d2e657374726f6e67732e616e64726f69642e706f702f7368617265645f70726566732f636f6d2e657374726f6e67732e616e64726f69642e706f705f707265666572656e6365732e786d6c", "id": "1035480789" } }
W/DroidBox( 1010): DroidBox: { "FileRW": { "operation": "write", "data": "3c3f786d6c2076657273696f6e3d27312e302720656e636f64696e673d277574662d3827207374616e64616c6f6e653d2779657327203f3e0a3c6d61703e0a3c626f6f6c65616e206e616d653d22686964655f636c6970626f6172645f6f6e5f70617374", "id": "1035480789" } }
D/InputEventConsistencyVerifier( 1010): KeyEvent: ACTION_UP but key was not down.
D/InputEventConsistencyVerifier( 1010):   in com.android.internal.policy.impl.PhoneWindow$DecorView@b4579390
D/InputEventConsistencyVerifier( 1010):   0: sent at 328734000000, KeyEvent { action=ACTION_UP, keyCode=KEYCODE_DPAD_RIGHT, scanCode=0, metaState=0, flags=0x8, repeatCount=0, eventTime=328734, downTime=328734, deviceId=-1, source=0x101 }
D/InputEventConsistencyVerifier( 1010):   -- recent events --
D/InputEventConsistencyVerifier( 1010):   1: sent at 328630000000, MotionEvent { action=ACTION_UP, id[0]=0, x[0]=385.0, y[0]=323.0, toolType[0]=TOOL_TYPE_UNKNOWN, buttonState=0, metaState=0, flags=0x0, edgeFlags=0x0, pointerCount=1, historySize=0, eventTime=328630, downTime=328623, deviceId=0, source=0x1002 }
D/InputEventConsistencyVerifier( 1010):   2: sent at 328629000000, MotionEvent { action=ACTION_MOVE, id[0]=0, x[0]=392.0, y[0]=324.0, toolType[0]=TOOL_TYPE_UNKNOWN, buttonState=0, metaState=0, flags=0x0, edgeFlags=0x0, pointerCount=1, historySize=1, eventTime=328629, downTime=328623, deviceId=0, source=0x1002 }
D/InputEventConsistencyVerifier( 1010):   3: sent at 328623000000, MotionEvent { action=ACTION_DOWN, id[0]=0, x[0]=393.0, y[0]=350.0, toolType[0]=TOOL_TYPE_UNKNOWN, buttonState=0, metaState=0, flags=0x0, edgeFlags=0x0, pointerCount=1, historySize=0, eventTime=328623, downTime=328623, deviceId=0, source=0x1002 }
D/InputEventConsistencyVerifier( 1010):   4: sent at 328617000000, (unhandled) MotionEvent { action=ACTION_UP, id[0]=0, x[0]=443.0, y[0]=480.0, toolType[0]=TOOL_TYPE_UNKNOWN, buttonState=0, metaState=0, flags=0x0, edgeFlags=0x0, pointerCount=1, historySize=0, eventTime=328617, downTime=328596, deviceId=0, source=0x1002 }
D/InputEventConsistencyVerifier( 1010):   5: sent at 328596000000, (unhandled) MotionEvent { action=ACTION_DOWN, id[0]=0, x[0]=428.0, y[0]=482.0, toolType[0]=TOOL_TYPE_UNKNOWN, buttonState=0, metaState=0, flags=0x0, edgeFlags=0x0, pointerCount=1, historySize=0, eventTime=328596, downTime=328596, deviceId=0, source=0x1002 }
D/InputEventConsistencyVerifier( 1010): KeyEvent: ACTION_UP but key was not down.
D/InputEventConsistencyVerifier( 1010):   in android.widget.Button@b462fee8
D/InputEventConsistencyVerifier( 1010):   0: sent at 328748000000, KeyEvent { action=ACTION_UP, keyCode=KEYCODE_DPAD_DOWN, scanCode=0, metaState=0, flags=0x8, repeatCount=0, eventTime=328748, downTime=328748, deviceId=-1, source=0x101 }
W/DroidBox( 1092): DroidBox: { "ServiceStart": { "name": "com.android.music.MediaPlaybackService" } }
W/DroidBox( 1092): DroidBox: { "ServiceStart": { "name": "com.android.music.MediaPlaybackService" } }
I/AudioService(  221):  AudioFocus  requestAudioFocus() from android.media.AudioManager@b3e83f28com.android.music.MediaPlaybackService$3@b3e82760
I/AudioService(  221):   Remote Control   registerMediaButtonIntent() for PendingIntent{b41a2770: PendingIntentRecord{b4015418 com.android.music broadcastIntent}}
I/Choreographer( 1010): Skipped 182 frames!  The application may be doing too much work on its main thread.
W/dalvikvm(  992): DroidBox: { "FdAccess": { "path": "2f6465762f696e7075742f6576656e7430", "id": "1347079750" } }
W/DroidBox(  992): DroidBox: { "FileRW": { "operation": "write", "data": "efbfbd060000efbfbdefbfbd0c000500000000000000", "id": "1347079750" } }
I/Choreographer( 1010): Skipped 110 frames!  The application may be doing too much work on its main thread.
W/InputEventReceiver( 1010): Attempted to finish an input event but the input event receiver has already been disposed.
I/Choreographer( 1010): Skipped 36 frames!  The application may be doing too much work on its main thread.
I/ActivityManager(  221): START {act=android.intent.action.MAIN cat=[android.intent.category.LAUNCHER] flg=0x10200000 cmp=com.estrongs.android.pop/.view.FileExplorerActivity u=0} from pid 992
W/InputManager(  221): Input event injection from pid 992 failed.
W/InputEventReceiver( 1010): Attempted to finish an input event but the input event receiver has already been disposed.
W/dalvikvm(  992): DroidBox: { "FdAccess": { "path": "2f6465762f696e7075742f6576656e7430", "id": "104558016" } }
W/DroidBox(  992): DroidBox: { "FileRW": { "operation": "write", "data": "7f060000efbfbd3901000500000001000000", "id": "104558016" } }
I/Choreographer( 1010): Skipped 72 frames!  The application may be doing too much work on its main thread.
D/InputEventConsistencyVerifier( 1010): KeyEvent: ACTION_UP but key was not down.
D/InputEventConsistencyVerifier( 1010):   in android.view.ViewRootImpl@b4776168
D/InputEventConsistencyVerifier( 1010):   0: sent at 332576000000, KeyEvent { action=ACTION_UP, keyCode=KEYCODE_DPAD_CENTER, scanCode=0, metaState=0, flags=0x8, repeatCount=0, eventTime=332576, downTime=332576, deviceId=-1, source=0x101 }
I/Choreographer( 1010): Skipped 41 frames!  The application may be doing too much work on its main thread.
I/ActivityManager(  221): START {act=android.intent.action.MAIN cat=[android.intent.category.HOME] flg=0x10200000 cmp=com.android.launcher/com.android.launcher2.Launcher u=0} from pid 221
I/Choreographer( 1010): Skipped 77 frames!  The application may be doing too much work on its main thread.
I/Choreographer( 1010): Skipped 189 frames!  The application may be doing too much work on its main thread.
W/dalvikvm( 1010): DroidBox: { "FdAccess": { "path": "2f646174612f646174612f636f6d2e657374726f6e67732e616e64726f69642e706f702f7368617265645f70726566732f636f6d2e657374726f6e67732e616e64726f69642e706f705f707265666572656e6365732e786d6c", "id": "1222474912" } }
W/DroidBox( 1010): DroidBox: { "FileRW": { "operation": "write", "data": "3c3f786d6c2076657273696f6e3d27312e302720656e636f64696e673d277574662d3827207374616e64616c6f6e653d2779657327203f3e0a3c6d61703e0a3c626f6f6c65616e206e616d653d22686964655f636c6970626f6172645f6f6e5f70617374", "id": "1222474912" } }
W/dalvikvm( 1010): DroidBox: { "FdAccess": { "path": "2f646174612f646174612f636f6d2e657374726f6e67732e616e64726f69642e706f702f7368617265645f70726566732f636f6d2e657374726f6e67732e616e64726f69642e706f705f707265666572656e6365732e786d6c", "id": "1288608595" } }
W/DroidBox( 1010): DroidBox: { "FileRW": { "operation": "write", "data": "3c3f786d6c2076657273696f6e3d27312e302720656e636f64696e673d277574662d3827207374616e64616c6f6e653d2779657327203f3e0a3c6d61703e0a3c626f6f6c65616e206e616d653d22686964655f636c6970626f6172645f6f6e5f70617374", "id": "1288608595" } }
W/dalvikvm( 1010): DroidBox: { "FdAccess": { "path": "2f646174612f646174612f636f6d2e657374726f6e67732e616e64726f69642e706f702f7368617265645f70726566732f636f6d2e657374726f6e67732e616e64726f69642e706f705f707265666572656e6365732e786d6c", "id": "1322792704" } }
W/DroidBox( 1010): DroidBox: { "FileRW": { "operation": "write", "data": "3c3f786d6c2076657273696f6e3d27312e302720656e636f64696e673d277574662d3827207374616e64616c6f6e653d2779657327203f3e0a3c6d61703e0a3c626f6f6c65616e206e616d653d22686964655f636c6970626f6172645f6f6e5f70617374", "id": "1322792704" } }
W/dalvikvm( 1010): DroidBox: { "FdAccess": { "path": "2f646174612f646174612f636f6d2e657374726f6e67732e616e64726f69642e706f702f7368617265645f70726566732f636f6d2e657374726f6e67732e616e64726f69642e706f705f707265666572656e6365732e786d6c", "id": "1745165049" } }
W/DroidBox( 1010): DroidBox: { "FileRW": { "operation": "write", "data": "3c3f786d6c2076657273696f6e3d27312e302720656e636f64696e673d277574662d3827207374616e64616c6f6e653d2779657327203f3e0a3c6d61703e0a3c626f6f6c65616e206e616d653d22686964655f636c6970626f6172645f6f6e5f70617374", "id": "1745165049" } }
I/Choreographer( 1010): Skipped 48 frames!  The application may be doing too much work on its main thread.
W/dalvikvm( 1010): DroidBox: { "FdAccess": { "path": "2f646174612f646174612f636f6d2e657374726f6e67732e616e64726f69642e706f702f7368617265645f70726566732f636f6d2e657374726f6e67732e616e64726f69642e706f705f707265666572656e6365732e786d6c", "id": "1991430062" } }
W/DroidBox( 1010): DroidBox: { "FileRW": { "operation": "write", "data": "3c3f786d6c2076657273696f6e3d27312e302720656e636f64696e673d277574662d3827207374616e64616c6f6e653d2779657327203f3e0a3c6d61703e0a3c626f6f6c65616e206e616d653d22686964655f636c6970626f6172645f6f6e5f70617374", "id": "1991430062" } }
I/Choreographer( 1010): Skipped 86 frames!  The application may be doing too much work on its main thread.
W/dalvikvm( 1010): DroidBox: { "FdAccess": { "path": "2f646174612f646174612f636f6d2e657374726f6e67732e616e64726f69642e706f702f7368617265645f70726566732f636f6d2e657374726f6e67732e616e64726f69642e706f705f707265666572656e6365732e786d6c", "id": "1084907191" } }
W/DroidBox( 1010): DroidBox: { "FileRW": { "operation": "write", "data": "3c3f786d6c2076657273696f6e3d27312e302720656e636f64696e673d277574662d3827207374616e64616c6f6e653d2779657327203f3e0a3c6d61703e0a3c626f6f6c65616e206e616d653d22686964655f636c6970626f6172645f6f6e5f70617374", "id": "1084907191" } }
D/InputEventConsistencyVerifier( 1010): TrackballEvent: Trackball is down but pressure is not greater than 0.
D/InputEventConsistencyVerifier( 1010):   in android.view.ViewRootImpl@b4776168
D/InputEventConsistencyVerifier( 1010):   0: sent at 337562000000, MotionEvent { action=ACTION_DOWN, id[0]=0, x[0]=0.0, y[0]=0.0, toolType[0]=TOOL_TYPE_UNKNOWN, buttonState=0, metaState=0, flags=0x0, edgeFlags=0x0, pointerCount=1, historySize=0, eventTime=337562, downTime=337508, deviceId=0, source=0x10004 }
D/InputEventConsistencyVerifier( 1010):   -- recent events --
D/InputEventConsistencyVerifier( 1010):   1: sent at 337540000000, MotionEvent { action=ACTION_MOVE, id[0]=0, x[0]=0.0, y[0]=4.0, toolType[0]=TOOL_TYPE_UNKNOWN, buttonState=0, metaState=0, flags=0x0, edgeFlags=0x0, pointerCount=1, historySize=2, eventTime=337540, downTime=-1, deviceId=0, source=0x10004 }
D/InputEventConsistencyVerifier( 1010):   2: sent at 337534000000, MotionEvent { action=ACTION_MOVE, id[0]=0, x[0]=1.0, y[0]=0.0, toolType[0]=TOOL_TYPE_UNKNOWN, buttonState=0, metaState=0, flags=0x0, edgeFlags=0x0, pointerCount=1, historySize=6, eventTime=337534, downTime=-1, deviceId=0, source=0x10004 }
D/InputEventConsistencyVerifier( 1010):   3: sent at 337489000000, KeyEvent { action=ACTION_UP, keyCode=KEYCODE_DPAD_DOWN, scanCode=0, metaState=0, flags=0x8, repeatCount=0, eventTime=337489, downTime=337489, deviceId=-1, source=0x101 }
D/InputEventConsistencyVerifier( 1010):   4: sent at 337476000000, KeyEvent { action=ACTION_DOWN, keyCode=KEYCODE_DPAD_DOWN, scanCode=0, metaState=0, flags=0x8, repeatCount=0, eventTime=337476, downTime=337476, deviceId=-1, source=0x101 }
D/InputEventConsistencyVerifier( 1010):   5: sent at 337462000000, KeyEvent { action=ACTION_UP, keyCode=KEYCODE_MENU, scanCode=0, metaState=0, flags=0x8, repeatCount=0, eventTime=337462, downTime=337462, deviceId=-1, source=0x101 }
W/dalvikvm( 1010): DroidBox: { "FdAccess": { "path": "2f646174612f646174612f636f6d2e657374726f6e67732e616e64726f69642e706f702f7368617265645f70726566732f636f6d2e657374726f6e67732e616e64726f69642e706f705f707265666572656e6365732e786d6c", "id": "1676845156" } }
W/DroidBox( 1010): DroidBox: { "FileRW": { "operation": "write", "data": "3c3f786d6c2076657273696f6e3d27312e302720656e636f64696e673d277574662d3827207374616e64616c6f6e653d2779657327203f3e0a3c6d61703e0a3c626f6f6c65616e206e616d653d22686964655f636c6970626f6172645f6f6e5f70617374", "id": "1676845156" } }
I/ActivityManager(  221): START {act=android.intent.action.MAIN cat=[android.intent.category.LAUNCHER] flg=0x10000000 cmp=com.android.music/.MusicBrowserActivity sel={act=android.intent.action.MAIN cat=[android.intent.category.APP_MUSIC]} u=0} from pid 221
D/InputEventConsistencyVerifier( 1010): KeyEvent: ACTION_UP but key was not down.
D/InputEventConsistencyVerifier( 1010):   in android.view.ViewRootImpl@b4776168
D/InputEventConsistencyVerifier( 1010):   0: sent at 338475000000, KeyEvent { action=ACTION_UP, keyCode=KEYCODE_MUSIC, scanCode=0, metaState=0, flags=0x8, repeatCount=0, eventTime=338475, downTime=338475, deviceId=-1, source=0x101 }
D/InputEventConsistencyVerifier( 1010):   -- recent events --
D/InputEventConsistencyVerifier( 1010):   1: sent at 338446000000, KeyEvent { action=ACTION_UP, keyCode=KEYCODE_DPAD_RIGHT, scanCode=0, metaState=0, flags=0x8, repeatCount=0, eventTime=338446, downTime=338446, deviceId=-1, source=0x101 }
D/InputEventConsistencyVerifier( 1010):   2: sent at 338392000000, KeyEvent { action=ACTION_DOWN, keyCode=KEYCODE_DPAD_RIGHT, scanCode=0, metaState=0, flags=0x8, repeatCount=0, eventTime=338392, downTime=338392, deviceId=-1, source=0x101 }
D/InputEventConsistencyVerifier( 1010):   3: sent at 338361000000, KeyEvent { action=ACTION_UP, keyCode=KEYCODE_DPAD_DOWN, scanCode=0, metaState=0, flags=0x8, repeatCount=0, eventTime=338361, downTime=338361, deviceId=-1, source=0x101 }
D/InputEventConsistencyVerifier( 1010):   4: sent at 338198000000, KeyEvent { action=ACTION_DOWN, keyCode=KEYCODE_DPAD_DOWN, scanCode=0, metaState=0, flags=0x8, repeatCount=0, eventTime=338198, downTime=338198, deviceId=-1, source=0x101 }
D/InputEventConsistencyVerifier( 1010):   5: sent at 337630000000, KeyEvent { action=ACTION_UP, keyCode=KEYCODE_DPAD_DOWN, scanCode=0, metaState=0, flags=0x8, repeatCount=0, eventTime=337630, downTime=337630, deviceId=-1, source=0x101 }
I/ActivityManager(  221): START {act=android.intent.action.MAIN cat=[android.intent.category.LAUNCHER] flg=0x10000000 cmp=com.android.calendar/.AllInOneActivity sel={act=android.intent.action.MAIN cat=[android.intent.category.APP_CALENDAR]} u=0} from pid 221
D/InputEventConsistencyVerifier( 1010): KeyEvent: ACTION_UP but key was not down.
D/InputEventConsistencyVerifier( 1010):   in android.view.ViewRootImpl@b4776168
D/InputEventConsistencyVerifier( 1010):   0: sent at 338531000000, KeyEvent { action=ACTION_UP, keyCode=KEYCODE_CALENDAR, scanCode=0, metaState=0, flags=0x8, repeatCount=0, eventTime=338531, downTime=338531, deviceId=-1, source=0x101 }
D/InputEventConsistencyVerifier( 1010):   -- recent events --
D/InputEventConsistencyVerifier( 1010):   1: sent at 338505000000, KeyEvent { action=ACTION_UP, keyCode=KEYCODE_MENU, scanCode=0, metaState=0, flags=0x8, repeatCount=0, eventTime=338505, downTime=338505, deviceId=-1, source=0x101 }
D/InputEventConsistencyVerifier( 1010):   2: sent at 338488000000, KeyEvent { action=ACTION_DOWN, keyCode=KEYCODE_MENU, scanCode=0, metaState=0, flags=0x8, repeatCount=0, eventTime=338488, downTime=338488, deviceId=-1, source=0x101 }
D/InputEventConsistencyVerifier( 1010):   3: sent at 338475000000, KeyEvent { action=ACTION_UP, keyCode=KEYCODE_MUSIC, scanCode=0, metaState=0, flags=0x80000008, repeatCount=0, eventTime=338475, downTime=338475, deviceId=-1, source=0x101 }
D/InputEventConsistencyVerifier( 1010):   4: sent at 338446000000, KeyEvent { action=ACTION_UP, keyCode=KEYCODE_DPAD_RIGHT, scanCode=0, metaState=0, flags=0x8, repeatCount=0, eventTime=338446, downTime=338446, deviceId=-1, source=0x101 }
D/InputEventConsistencyVerifier( 1010):   5: sent at 338392000000, KeyEvent { action=ACTION_DOWN, keyCode=KEYCODE_DPAD_RIGHT, scanCode=0, metaState=0, flags=0x8, repeatCount=0, eventTime=338392, downTime=338392, deviceId=-1, source=0x101 }
I/ActivityManager(  221): START {act=android.intent.action.MAIN cat=[android.intent.category.LAUNCHER] flg=0x10200000 cmp=com.estrongs.android.pop/.view.FileExplorerActivity u=0} from pid 992
W/dalvikvm( 1010): DroidBox: { "FdAccess": { "path": "2f646174612f646174612f636f6d2e657374726f6e67732e616e64726f69642e706f702f7368617265645f70726566732f636f6d2e657374726f6e67732e616e64726f69642e706f705f707265666572656e6365732e786d6c", "id": "274276879" } }
W/DroidBox( 1010): DroidBox: { "FileRW": { "operation": "write", "data": "3c3f786d6c2076657273696f6e3d27312e302720656e636f64696e673d277574662d3827207374616e64616c6f6e653d2779657327203f3e0a3c6d61703e0a3c626f6f6c65616e206e616d653d22686964655f636c6970626f6172645f6f6e5f70617374", "id": "274276879" } }
W/dalvikvm( 1010): DroidBox: { "FdAccess": { "path": "2f646174612f646174612f636f6d2e657374726f6e67732e616e64726f69642e706f702f7368617265645f70726566732f636f6d2e657374726f6e67732e616e64726f69642e706f705f707265666572656e6365732e786d6c", "id": "1376074953" } }
W/DroidBox( 1010): DroidBox: { "FileRW": { "operation": "write", "data": "3c3f786d6c2076657273696f6e3d27312e302720656e636f64696e673d277574662d3827207374616e64616c6f6e653d2779657327203f3e0a3c6d61703e0a3c626f6f6c65616e206e616d653d22686964655f636c6970626f6172645f6f6e5f70617374", "id": "1376074953" } }
W/dalvikvm( 1010): DroidBox: { "FdAccess": { "path": "2f646174612f646174612f636f6d2e657374726f6e67732e616e64726f69642e706f702f7368617265645f70726566732f636f6d2e657374726f6e67732e616e64726f69642e706f705f707265666572656e6365732e786d6c", "id": "1759922050" } }
W/DroidBox( 1010): DroidBox: { "FileRW": { "operation": "write", "data": "3c3f786d6c2076657273696f6e3d27312e302720656e636f64696e673d277574662d3827207374616e64616c6f6e653d2779657327203f3e0a3c6d61703e0a3c626f6f6c65616e206e616d653d22686964655f636c6970626f6172645f6f6e5f70617374", "id": "1759922050" } }
I/Choreographer( 1010): Skipped 43 frames!  The application may be doing too much work on its main thread.
W/dalvikvm( 1010): DroidBox: { "FdAccess": { "path": "2f646174612f646174612f636f6d2e657374726f6e67732e616e64726f69642e706f702f7368617265645f70726566732f636f6d2e657374726f6e67732e616e64726f69642e706f705f707265666572656e6365732e786d6c", "id": "1347101073" } }
W/DroidBox( 1010): DroidBox: { "FileRW": { "operation": "write", "data": "3c3f786d6c2076657273696f6e3d27312e302720656e636f64696e673d277574662d3827207374616e64616c6f6e653d2779657327203f3e0a3c6d61703e0a3c626f6f6c65616e206e616d653d22686964655f636c6970626f6172645f6f6e5f70617374", "id": "1347101073" } }
W/dalvikvm( 1010): DroidBox: { "FdAccess": { "path": "2f646174612f646174612f636f6d2e657374726f6e67732e616e64726f69642e706f702f7368617265645f70726566732f636f6d2e657374726f6e67732e616e64726f69642e706f705f707265666572656e6365732e786d6c", "id": "517873487" } }
W/DroidBox( 1010): DroidBox: { "FileRW": { "operation": "write", "data": "3c3f786d6c2076657273696f6e3d27312e302720656e636f64696e673d277574662d3827207374616e64616c6f6e653d2779657327203f3e0a3c6d61703e0a3c626f6f6c65616e206e616d653d22686964655f636c6970626f6172645f6f6e5f70617374", "id": "517873487" } }
W/dalvikvm( 1010): DroidBox: { "FdAccess": { "path": "2f646174612f646174612f636f6d2e657374726f6e67732e616e64726f69642e706f702f7368617265645f70726566732f636f6d2e657374726f6e67732e616e64726f69642e706f705f707265666572656e6365732e786d6c", "id": "147201544" } }
W/DroidBox( 1010): DroidBox: { "FileRW": { "operation": "write", "data": "3c3f786d6c2076657273696f6e3d27312e302720656e636f64696e673d277574662d3827207374616e64616c6f6e653d2779657327203f3e0a3c6d61703e0a3c626f6f6c65616e206e616d653d22686964655f636c6970626f6172645f6f6e5f70617374", "id": "147201544" } }
D/InputEventConsistencyVerifier( 1010): KeyEvent: ACTION_UP but key was not down.
D/InputEventConsistencyVerifier( 1010):   in android.view.ViewRootImpl@b470e3c8
D/InputEventConsistencyVerifier( 1010):   0: sent at 343271000000, KeyEvent { action=ACTION_UP, keyCode=KEYCODE_F5, scanCode=0, metaState=0, flags=0x8, repeatCount=0, eventTime=343271, downTime=343271, deviceId=-1, source=0x101 }
I/Choreographer( 1010): Skipped 111 frames!  The application may be doing too much work on its main thread.
W/dalvikvm( 1010): DroidBox: { "FdAccess": { "path": "2f646174612f646174612f636f6d2e657374726f6e67732e616e64726f69642e706f702f7368617265645f70726566732f636f6d2e657374726f6e67732e616e64726f69642e706f705f707265666572656e6365732e786d6c", "id": "817924901" } }
W/DroidBox( 1010): DroidBox: { "FileRW": { "operation": "write", "data": "3c3f786d6c2076657273696f6e3d27312e302720656e636f64696e673d277574662d3827207374616e64616c6f6e653d2779657327203f3e0a3c6d61703e0a3c626f6f6c65616e206e616d653d22686964655f636c6970626f6172645f6f6e5f70617374", "id": "817924901" } }
D/InputEventConsistencyVerifier( 1010): KeyEvent: ACTION_UP but key was not down.
D/InputEventConsistencyVerifier( 1010):   in android.view.ViewRootImpl@b4776168
D/InputEventConsistencyVerifier( 1010):   0: sent at 344320000000, KeyEvent { action=ACTION_UP, keyCode=KEYCODE_DPAD_LEFT, scanCode=0, metaState=0, flags=0x8, repeatCount=0, eventTime=344320, downTime=344320, deviceId=-1, source=0x101 }
D/InputEventConsistencyVerifier( 1010):   -- recent events --
D/InputEventConsistencyVerifier( 1010):   1: sent at 343508000000, MotionEvent { action=ACTION_UP, id[0]=0, x[0]=95.0, y[0]=790.0, toolType[0]=TOOL_TYPE_UNKNOWN, buttonState=0, metaState=0, flags=0x0, edgeFlags=0x0, pointerCount=1, historySize=0, eventTime=343508, downTime=343482, deviceId=0, source=0x1002 }
D/InputEventConsistencyVerifier( 1010):   2: sent at 343500000000, MotionEvent { action=ACTION_MOVE, id[0]=0, x[0]=94.0, y[0]=789.0, toolType[0]=TOOL_TYPE_UNKNOWN, buttonState=0, metaState=0, flags=0x0, edgeFlags=0x0, pointerCount=1, historySize=2, eventTime=343500, downTime=343482, deviceId=0, source=0x1002 }
D/InputEventConsistencyVerifier( 1010):   3: sent at 343483000000, MotionEvent { action=ACTION_DOWN, id[0]=0, x[0]=86.0, y[0]=788.0, toolType[0]=TOOL_TYPE_UNKNOWN, buttonState=0, metaState=0, flags=0x0, edgeFlags=0x0, pointerCount=1, historySize=0, eventTime=343483, downTime=343482, deviceId=0, source=0x1002 }
D/InputEventConsistencyVerifier( 1010):   4: sent at 343467000000, MotionEvent { action=ACTION_UP, id[0]=0, x[0]=390.0, y[0]=178.0, toolType[0]=TOOL_TYPE_UNKNOWN, buttonState=0, metaState=0, flags=0x0, edgeFlags=0x0, pointerCount=1, historySize=0, eventTime=343467, downTime=343433, deviceId=0, source=0x1002 }
D/InputEventConsistencyVerifier( 1010):   5: sent at 343465000000, MotionEvent { action=ACTION_POINTER_UP(1), id[0]=0, x[0]=394.0, y[0]=161.0, toolType[0]=TOOL_TYPE_UNKNOWN, id[1]=1, x[1]=469.0, y[1]=266.0, toolType[1]=TOOL_TYPE_UNKNOWN, buttonState=0, metaState=0, flags=0x0, edgeFlags=0x0, pointerCount=2, historySize=0, eventTime=343465, downTime=343433, deviceId=0, source=0x1002 }
I/Choreographer( 1010): Skipped 91 frames!  The application may be doing too much work on its main thread.
W/InputMethodManagerService(  221): Window already focused, ignoring focus gain of: com.android.internal.view.IInputMethodClient$Stub$Proxy@b4012830 attribute=null
W/dalvikvm(  992): DroidBox: { "FdAccess": { "path": "2f6465762f696e7075742f6576656e7430", "id": "716576657" } }
W/DroidBox(  992): DroidBox: { "FileRW": { "operation": "write", "data": "efbfbd060000efbfbdefbfbd0c000500000000000000", "id": "716576657" } }
W/dalvikvm( 1010): DroidBox: { "FdAccess": { "path": "2f646174612f646174612f636f6d2e657374726f6e67732e616e64726f69642e706f702f7368617265645f70726566732f636f6d2e657374726f6e67732e616e64726f69642e706f705f707265666572656e6365732e786d6c", "id": "319289185" } }
W/DroidBox( 1010): DroidBox: { "FileRW": { "operation": "write", "data": "3c3f786d6c2076657273696f6e3d27312e302720656e636f64696e673d277574662d3827207374616e64616c6f6e653d2779657327203f3e0a3c6d61703e0a3c626f6f6c65616e206e616d653d22686964655f636c6970626f6172645f6f6e5f70617374", "id": "319289185" } }
I/Choreographer( 1010): Skipped 106 frames!  The application may be doing too much work on its main thread.
W/InputMethodManagerService(  221): Window already focused, ignoring focus gain of: com.android.internal.view.IInputMethodClient$Stub$Proxy@b3f587a8 attribute=null
W/dalvikvm( 1010): DroidBox: { "FdAccess": { "path": "2f646174612f646174612f636f6d2e657374726f6e67732e616e64726f69642e706f702f7368617265645f70726566732f636f6d2e657374726f6e67732e616e64726f69642e706f705f707265666572656e6365732e786d6c", "id": "359065835" } }
W/DroidBox( 1010): DroidBox: { "FileRW": { "operation": "write", "data": "3c3f786d6c2076657273696f6e3d27312e302720656e636f64696e673d277574662d3827207374616e64616c6f6e653d2779657327203f3e0a3c6d61703e0a3c626f6f6c65616e206e616d653d22686964655f636c6970626f6172645f6f6e5f70617374", "id": "359065835" } }
W/dalvikvm( 1010): DroidBox: { "FdAccess": { "path": "2f646174612f646174612f636f6d2e657374726f6e67732e616e64726f69642e706f702f7368617265645f70726566732f636f6d2e657374726f6e67732e616e64726f69642e706f705f707265666572656e6365732e786d6c", "id": "167318226" } }
W/DroidBox( 1010): DroidBox: { "FileRW": { "operation": "write", "data": "3c3f786d6c2076657273696f6e3d27312e302720656e636f64696e673d277574662d3827207374616e64616c6f6e653d2779657327203f3e0a3c6d61703e0a3c626f6f6c65616e206e616d653d22686964655f636c6970626f6172645f6f6e5f70617374", "id": "167318226" } }
W/dalvikvm( 1010): DroidBox: { "FdAccess": { "path": "2f646174612f646174612f636f6d2e657374726f6e67732e616e64726f69642e706f702f7368617265645f70726566732f636f6d2e657374726f6e67732e616e64726f69642e706f705f707265666572656e6365732e786d6c", "id": "1109336295" } }
W/DroidBox( 1010): DroidBox: { "FileRW": { "operation": "write", "data": "3c3f786d6c2076657273696f6e3d27312e302720656e636f64696e673d277574662d3827207374616e64616c6f6e653d2779657327203f3e0a3c6d61703e0a3c626f6f6c65616e206e616d653d22686964655f636c6970626f6172645f6f6e5f70617374", "id": "1109336295" } }
I/ActivityManager(  221): START {act=android.intent.action.CALL_BUTTON flg=0x10000000 cmp=com.android.contacts/.activities.DialtactsActivity u=0} from pid 1010
I/Choreographer( 1010): Skipped 35 frames!  The application may be doing too much work on its main thread.
I/ActivityManager(  221): START {act=android.intent.action.MAIN cat=[android.intent.category.LAUNCHER] flg=0x10000000 cmp=com.android.email/.activity.Welcome sel={act=android.intent.action.MAIN cat=[android.intent.category.APP_EMAIL]} u=0} from pid 221
D/InputEventConsistencyVerifier( 1010): KeyEvent: ACTION_UP but key was not down.
D/InputEventConsistencyVerifier( 1010):   in android.view.ViewRootImpl@b4776168
D/InputEventConsistencyVerifier( 1010):   0: sent at 349528000000, KeyEvent { action=ACTION_UP, keyCode=KEYCODE_ENVELOPE, scanCode=0, metaState=0, flags=0x8, repeatCount=0, eventTime=349528, downTime=349528, deviceId=-1, source=0x101 }
D/InputEventConsistencyVerifier( 1010):   -- recent events --
D/InputEventConsistencyVerifier( 1010):   1: sent at 349472000000, KeyEvent { action=ACTION_UP, keyCode=KEYCODE_MENU, scanCode=0, metaState=0, flags=0x8, repeatCount=0, eventTime=349472, downTime=349472, deviceId=-1, source=0x101 }
D/InputEventConsistencyVerifier( 1010):   2: sent at 349423000000, KeyEvent { action=ACTION_DOWN, keyCode=KEYCODE_MENU, scanCode=0, metaState=0, flags=0x8, repeatCount=0, eventTime=349423, downTime=349423, deviceId=-1, source=0x101 }
D/InputEventConsistencyVerifier( 1010):   3: sent at 349399000000, KeyEvent { action=ACTION_UP, keyCode=KEYCODE_DPAD_CENTER, scanCode=0, metaState=0, flags=0x8, repeatCount=0, eventTime=349399, downTime=349399, deviceId=-1, source=0x101 }
D/InputEventConsistencyVerifier( 1010):   4: sent at 349307000000, KeyEvent { action=ACTION_DOWN, keyCode=KEYCODE_DPAD_CENTER, scanCode=0, metaState=0, flags=0x8, repeatCount=0, eventTime=349307, downTime=349307, deviceId=-1, source=0x101 }
D/InputEventConsistencyVerifier( 1010):   5: sent at 349092000000, KeyEvent { action=ACTION_UP, keyCode=KEYCODE_MENU, scanCode=0, metaState=0, flags=0x8, repeatCount=0, eventTime=349092, downTime=349092, deviceId=-1, source=0x101 }
I/ActivityManager(  221): START {act=android.intent.action.MAIN cat=[android.intent.category.LAUNCHER] flg=0x10200000 cmp=com.estrongs.android.pop/.view.FileExplorerActivity u=0} from pid 992
W/dalvikvm( 1010): DroidBox: { "FdAccess": { "path": "2f646174612f646174612f636f6d2e657374726f6e67732e616e64726f69642e706f702f7368617265645f70726566732f636f6d2e657374726f6e67732e616e64726f69642e706f705f707265666572656e6365732e786d6c", "id": "633085942" } }
W/DroidBox( 1010): DroidBox: { "FileRW": { "operation": "write", "data": "3c3f786d6c2076657273696f6e3d27312e302720656e636f64696e673d277574662d3827207374616e64616c6f6e653d2779657327203f3e0a3c6d61703e0a3c626f6f6c65616e206e616d653d22686964655f636c6970626f6172645f6f6e5f70617374", "id": "633085942" } }
W/dalvikvm( 1010): DroidBox: { "FdAccess": { "path": "2f646174612f646174612f636f6d2e657374726f6e67732e616e64726f69642e706f702f7368617265645f70726566732f636f6d2e657374726f6e67732e616e64726f69642e706f705f707265666572656e6365732e786d6c", "id": "1145858164" } }
W/DroidBox( 1010): DroidBox: { "FileRW": { "operation": "write", "data": "3c3f786d6c2076657273696f6e3d27312e302720656e636f64696e673d277574662d3827207374616e64616c6f6e653d2779657327203f3e0a3c6d61703e0a3c626f6f6c65616e206e616d653d22686964655f636c6970626f6172645f6f6e5f70617374", "id": "1145858164" } }
W/dalvikvm( 1010): DroidBox: { "FdAccess": { "path": "2f646174612f646174612f636f6d2e657374726f6e67732e616e64726f69642e706f702f7368617265645f70726566732f636f6d2e657374726f6e67732e616e64726f69642e706f705f707265666572656e6365732e786d6c", "id": "222791702" } }
W/DroidBox( 1010): DroidBox: { "FileRW": { "operation": "write", "data": "3c3f786d6c2076657273696f6e3d27312e302720656e636f64696e673d277574662d3827207374616e64616c6f6e653d2779657327203f3e0a3c6d61703e0a3c626f6f6c65616e206e616d653d22686964655f636c6970626f6172645f6f6e5f70617374", "id": "222791702" } }
W/dalvikvm( 1010): DroidBox: { "FdAccess": { "path": "2f646174612f646174612f636f6d2e657374726f6e67732e616e64726f69642e706f702f7368617265645f70726566732f636f6d2e657374726f6e67732e616e64726f69642e706f705f707265666572656e6365732e786d6c", "id": "879224431" } }
W/DroidBox( 1010): DroidBox: { "FileRW": { "operation": "write", "data": "3c3f786d6c2076657273696f6e3d27312e302720656e636f64696e673d277574662d3827207374616e64616c6f6e653d2779657327203f3e0a3c6d61703e0a3c626f6f6c65616e206e616d653d22686964655f636c6970626f6172645f6f6e5f70617374", "id": "879224431" } }
W/dalvikvm( 1010): DroidBox: { "FdAccess": { "path": "2f646174612f646174612f636f6d2e657374726f6e67732e616e64726f69642e706f702f7368617265645f70726566732f636f6d2e657374726f6e67732e616e64726f69642e706f705f707265666572656e6365732e786d6c", "id": "1289957525" } }
W/DroidBox( 1010): DroidBox: { "FileRW": { "operation": "write", "data": "3c3f786d6c2076657273696f6e3d27312e302720656e636f64696e673d277574662d3827207374616e64616c6f6e653d2779657327203f3e0a3c6d61703e0a3c626f6f6c65616e206e616d653d22686964655f636c6970626f6172645f6f6e5f70617374", "id": "1289957525" } }
W/dalvikvm( 1010): DroidBox: { "FdAccess": { "path": "2f646174612f646174612f636f6d2e657374726f6e67732e616e64726f69642e706f702f7368617265645f70726566732f636f6d2e657374726f6e67732e616e64726f69642e706f705f707265666572656e6365732e786d6c", "id": "1337411244" } }
W/DroidBox( 1010): DroidBox: { "FileRW": { "operation": "write", "data": "3c3f786d6c2076657273696f6e3d27312e302720656e636f64696e673d277574662d3827207374616e64616c6f6e653d2779657327203f3e0a3c6d61703e0a3c626f6f6c65616e206e616d653d22686964655f636c6970626f6172645f6f6e5f70617374", "id": "1337411244" } }
W/dalvikvm( 1010): DroidBox: { "FdAccess": { "path": "2f646174612f646174612f636f6d2e657374726f6e67732e616e64726f69642e706f702f7368617265645f70726566732f636f6d2e657374726f6e67732e616e64726f69642e706f705f707265666572656e6365732e786d6c", "id": "1953646123" } }
W/DroidBox( 1010): DroidBox: { "FileRW": { "operation": "write", "data": "3c3f786d6c2076657273696f6e3d27312e302720656e636f64696e673d277574662d3827207374616e64616c6f6e653d2779657327203f3e0a3c6d61703e0a3c626f6f6c65616e206e616d653d22686964655f636c6970626f6172645f6f6e5f70617374", "id": "1953646123" } }
W/dalvikvm( 1010): DroidBox: { "FdAccess": { "path": "2f646174612f646174612f636f6d2e657374726f6e67732e616e64726f69642e706f702f7368617265645f70726566732f636f6d2e657374726f6e67732e616e64726f69642e706f705f707265666572656e6365732e786d6c", "id": "1258307976" } }
W/DroidBox( 1010): DroidBox: { "FileRW": { "operation": "write", "data": "3c3f786d6c2076657273696f6e3d27312e302720656e636f64696e673d277574662d3827207374616e64616c6f6e653d2779657327203f3e0a3c6d61703e0a3c626f6f6c65616e206e616d653d22686964655f636c6970626f6172645f6f6e5f70617374", "id": "1258307976" } }
W/InputEventReceiver( 1010): Attempted to finish an input event but the input event receiver has already been disposed.
W/InputEventReceiver( 1010): Attempted to finish an input event but the input event receiver has already been disposed.
W/InputEventReceiver( 1010): Attempted to finish an input event but the input event receiver has already been disposed.
W/InputEventReceiver( 1010): Attempted to finish an input event but the input event receiver has already been disposed.
W/InputEventReceiver( 1010): Attempted to finish an input event but the input event receiver has already been disposed.
W/DroidBox( 1092): DroidBox: { "ServiceStart": { "name": "com.android.music.MediaPlaybackService" } }
W/DroidBox( 1092): DroidBox: { "ServiceStart": { "name": "com.android.music.MediaPlaybackService" } }
I/AudioService(  221):  AudioFocus  requestAudioFocus() from android.media.AudioManager@b3e83f28com.android.music.MediaPlaybackService$3@b3e82760
I/AudioService(  221):   Remote Control   registerMediaButtonIntent() for PendingIntent{b3f40590: PendingIntentRecord{b4015418 com.android.music broadcastIntent}}
W/DroidBox( 1092): DroidBox: { "ServiceStart": { "name": "com.android.music.MediaPlaybackService" } }
W/DroidBox( 1092): DroidBox: { "ServiceStart": { "name": "com.android.music.MediaPlaybackService" } }
I/AudioService(  221):  AudioFocus  requestAudioFocus() from android.media.AudioManager@b3e83f28com.android.music.MediaPlaybackService$3@b3e82760
I/AudioService(  221):   Remote Control   registerMediaButtonIntent() for PendingIntent{b40beaf8: PendingIntentRecord{b4015418 com.android.music broadcastIntent}}
