W/dalvikvm( 1130): DroidBox: { "FdAccess": { "path": "2f70726f632f313030302f636d646c696e65", "id": "2087135218" } }
W/DroidBox( 1130): DroidBox: { "FileRW": { "operation": "read", "data": "2f73797374656d2f62696e2f6e6574640073657276657200766d3a570041637469766974794d616e616765723a49000000000000000000000000000000000000000000000000000000000000000000000000000000000000000000000000000000000000", "id": "2087135218" } }
W/dalvikvm( 1130): DroidBox: { "FdAccess": { "path": "2f70726f632f313030312f636d646c696e65", "id": "1560991230" } }
W/DroidBox( 1130): DroidBox: { "FileRW": { "operation": "read", "data": "7a79676f7465002f62696e2f6170705f70726f63657373002d587a79676f7465002f73797374656d2f62696e002d2d7a79676f7465002d2d73746172742d73797374656d2d73657276657200000000000000000000000000000000000000000000000000", "id": "1560991230" } }
W/dalvikvm( 1130): DroidBox: { "FdAccess": { "path": "2f70726f632f313030322f636d646c696e65", "id": "1901196868" } }
W/DroidBox( 1130): DroidBox: { "FileRW": { "operation": "read", "data": "2f73797374656d2f62696e2f626f6f74616e696d6174696f6e007a79676f7465002f73797374656d2f62696e002d2d7a79676f7465002d2d73746172742d73797374656d2d73657276657200000000000000000000000000000000000000000000000000", "id": "1901196868" } }
W/dalvikvm( 1130): DroidBox: { "FdAccess": { "path": "2f70726f632f313133302f636d646c696e65", "id": "2008630062" } }
W/DroidBox( 1130): DroidBox: { "FileRW": { "operation": "read", "data": "73797374656d5f736572766572000000000000000000000000000000000000000000000000000000000000000000000000000000000000000000000000000000000000000000000000000000000000000000000000000000000000000000000000000000", "id": "2008630062" } }
I/ActivityManager( 1130): Enabled StrictMode logging for AThread's Looper
I/SystemServer( 1130): Telephony Registry
I/SystemServer( 1130): Scheduling Policy
I/SystemServer( 1130): Package Manager
W/PackageManager( 1130): Running ENG build: no pre-dexopt!
W/PackageParser( 1130): No actions in intent filter at /system/app/Bluetooth.apk Binary XML file line #159
W/PackageParser( 1130): No actions in intent filter at /system/app/Contacts.apk Binary XML file line #533
W/PackageManager( 1130): Package com.android.gallery3d desires unavailable shared library com.google.android.media.effects; ignoring!
D/PackageManager( 1130): No files in app dir /vendor/app
I/installd(   64): new connection
I/Installer( 1130): connecting...
W/PackageParser( 1130): No actions in intent filter at /data/app/ApiDemos.apk Binary XML file line #2674
W/PackageParser( 1130): No actions in intent filter at /data/app/ApiDemos.apk Binary XML file line #2680
W/PackageManager( 1130): Package com.example.android.apis desires unavailable shared library com.example.will.never.exist; ignoring!
I/PackageManager( 1130): Time to scan packages: 2.515 seconds
W/PackageManager( 1130): Unknown permission com.htc.launcher.permission.READ_SETTINGS in package tetris.chelle
W/PackageManager( 1130): Unknown permission com.motorola.launcher.permission.READ_SETTINGS in package tetris.chelle
W/PackageManager( 1130): Unknown permission com.motorola.dlauncher.permission.READ_SETTINGS in package tetris.chelle
W/PackageManager( 1130): Unknown permission com.fede.launcher.permission.READ_SETTINGS in package tetris.chelle
W/PackageManager( 1130): Unknown permission com.lge.launcher.permission.READ_SETTINGS in package tetris.chelle
W/PackageManager( 1130): Unknown permission org.adw.launcher.permission.READ_SETTINGS in package tetris.chelle
W/PackageManager( 1130): Unknown permission com.motorola.launcher.permission.INSTALL_SHORTCUT in package tetris.chelle
W/PackageManager( 1130): Unknown permission com.motorola.dlauncher.permission.INSTALL_SHORTCUT in package tetris.chelle
W/PackageManager( 1130): Unknown permission com.lge.launcher.permission.INSTALL_SHORTCUT in package tetris.chelle
W/PackageManager( 1130): Unknown permission com.google.android.googleapps.permission.GOOGLE_AUTH.mail in package com.android.contacts
W/PackageManager( 1130): Unknown permission android.permission.ADD_SYSTEM_SERVICE in package com.android.phone
W/PackageManager( 1130): Unknown permission com.google.android.googleapps.permission.GOOGLE_AUTH in package com.android.providers.calendar
W/PackageManager( 1130): Unknown permission com.google.android.googleapps.permission.GOOGLE_AUTH.cl in package com.android.providers.calendar
W/PackageManager( 1130): Unknown permission com.google.android.googleapps.permission.GOOGLE_AUTH.mail in package com.android.calendar
W/PackageManager( 1130): Not granting permission android.permission.SEND_DOWNLOAD_COMPLETED_INTENTS to package com.android.browser (protectionLevel=2 flags=0x9be45)
W/PackageManager( 1130): Not granting permission android.permission.BIND_APPWIDGET to package com.android.widgetpreview (protectionLevel=18 flags=0x8be44)
W/PackageManager( 1130): Unknown permission com.google.android.googleapps.permission.GOOGLE_AUTH in package com.android.settings
W/PackageManager( 1130): Unknown permission com.google.android.googleapps.permission.GOOGLE_AUTH in package com.android.providers.contacts
W/PackageManager( 1130): Unknown permission com.google.android.googleapps.permission.GOOGLE_AUTH.cp in package com.android.providers.contacts
W/PackageManager( 1130): Unknown permission com.google.android.googleapps.permission.ACCESS_GOOGLE_PASSWORD in package com.android.development
W/PackageManager( 1130): Unknown permission com.google.android.googleapps.permission.GOOGLE_AUTH in package com.android.development
W/PackageManager( 1130): Unknown permission com.google.android.googleapps.permission.GOOGLE_AUTH.ALL_SERVICES in package com.android.development
W/PackageManager( 1130): Unknown permission com.google.android.googleapps.permission.GOOGLE_AUTH.YouTubeUser in package com.android.development
W/PackageManager( 1130): Not granting permission android.permission.DEVICE_POWER to package com.android.deskclock (protectionLevel=2 flags=0x8be45)
I/SystemServer( 1130): Account Manager
D/PackageManager( 1130): generateServicesMap(android.accounts.AccountAuthenticator): 2 services unchanged
I/SystemServer( 1130): Content Manager
W/dalvikvm( 1130): DroidBox: { "FdAccess": { "path": "2f70726f632f6d656d696e666f", "id": "646865535" } }
W/DroidBox( 1130): DroidBox: { "FileRW": { "operation": "read", "data": "4d656d546f74616c3a202020202020202020373438393634206b420a4d656d467265653a20202020202020202020353932363834206b420a427566666572733a20202020202020202020202035303438206b420a4361636865643a202020202020202020", "id": "646865535" } }
D/PackageManager( 1130): generateServicesMap(android.content.SyncAdapter): 4 services unchanged
I/ActivityThread( 1130): Pub settings: com.android.providers.settings.SettingsProvider
W/DroidBox( 1130): DroidBox: { "DexClassLoader": { "path": "/system/app/SettingsProvider.apk" } }
I/SystemServer( 1130): System Content Providers
D/SettingsProvider( 1130): cache for settings table 'secure' rows=38; fullycached=true
D/SettingsProvider( 1130): cache for settings table 'system' rows=48; fullycached=true
I/SystemServer( 1130): Lights Service
I/SystemServer( 1130): Battery Service
I/SystemServer( 1130): Vibrator Service
E/libsuspend( 1130): Error opening /sys/power/autosleep: No such file or directory
I/libsuspend( 1130): Selected wakeup count
D/AlarmManagerService( 1130): Kernel timezone updated to 0 minutes west of GMT
I/SystemServer( 1130): Alarm Manager
I/SystemServer( 1130): Init Watchdog
I/SystemServer( 1130): Window Manager
I/InputManager( 1130): Initializing input manager
W/StatusBarManager( 1130): warning: no STATUS_BAR_SERVICE
I/InputManager( 1130): Starting input manager
E/EventHub( 1130): could not get driver version for /dev/input/mouse0, Not a typewriter
I/WindowManager( 1130): Enabled StrictMode for PolicyThread's Looper
I/SystemServer( 1130): No Bluetooh Service (emulator)
I/SystemServer( 1130): Input Method Service
I/WindowManager( 1130): Enabled StrictMode logging for WMThread's Looper
W/InputMethodManagerService( 1130): Couldn't create dir.: /data/system/inputmethod
I/EventHub( 1130): New device: id=1, fd=97, path='/dev/input/event0', name='qwerty2', classes=0x2d, configuration='/system/usr/idc/qwerty2.idc', keyLayout='/system/usr/keylayout/qwerty.kl', keyCharacterMap='/system/usr/keychars/qwerty2.kcm', builtinKeyboard=true, usingSuspendBlockIoctl=true, usingClockIoctl=true
E/EventHub( 1130): could not get driver version for /dev/input/mice, Not a typewriter
I/InputReader( 1130): Device added: id=-1, name='Virtual', sources=0x00000301
I/InputReader( 1130):   Touch device 'qwerty2' could not query the properties of its associated display 0.  The device will be inoperable until the display size becomes available.
I/InputReader( 1130): Device added: id=0, name='qwerty2', sources=0x00011307
E/Trace   ( 1130): error opening trace file: No such file or directory (2)
E/WVMExtractor(  999): Failed to open libwvm.so
E/Trace   (  999): error opening trace file: No such file or directory (2)
W/ResourceType( 1130): Failure getting entry for 0x7f060000 (t=5 e=0) in package 0 (error -75)
I/InputReader( 1130): Reconfiguring input devices.  changes=0x00000004
I/SystemServer( 1130): Accessibility Manager
I/InputReader( 1130): Device reconfigured: id=0, name='qwerty2', surface size is now 480x800, mode is 1
W/dalvikvm( 1130): DroidBox: { "FdAccess": { "path": "2f7379732f6d6f64756c652f6c6f776d656d6f72796b696c6c65722f706172616d65746572732f61646a", "id": "277783612" } }
W/DroidBox( 1130): DroidBox: { "FileRW": { "operation": "write", "data": "302c312c322c342c392c3135", "id": "277783612" } }
W/dalvikvm( 1130): DroidBox: { "FdAccess": { "path": "2f7379732f6d6f64756c652f6c6f776d656d6f72796b696c6c65722f706172616d65746572732f6d696e66726565", "id": "1608071791" } }
W/DroidBox( 1130): DroidBox: { "FileRW": { "operation": "write", "data": "383139322c31303234302c31323238382c31343333362c31363338342c3230343830", "id": "1608071791" } }
I/ActivityManager( 1130): Config changed: {1.0 0mcc0mnc en_US sw320dp w320dp h508dp nrml long port ?uimode ?night -touch -keyb/v/h tball/v s.2}
I/SystemServer( 1130): Mount Service
D/MountService( 1130): got storage path: /mnt/sdcard description: USB storage primary: true removable: false emulated: false mtpReserve: 0 allowMassStorage: false maxFileSize: 0
I/SystemServer( 1130): LockSettingsService
I/SystemServer( 1130): Device Policy
I/SystemServer( 1130): Status Bar
I/SystemServer( 1130): Clipboard Service
I/SystemServer( 1130): NetworkManagement Service
I/SystemServer( 1130): Text Service Manager Service
E/WVMExtractor(  999): Failed to open libwvm.so
I/SystemServer( 1130): NetworkStats Service
D/VoldCmdListener(   54): volume list
I/SystemServer( 1130): NetworkPolicy Service
I/SystemServer( 1130): Wi-Fi P2pService
I/SystemServer( 1130): Wi-Fi Service
D/MountService( 1130): volume state changed for /mnt/sdcard (null -> removed)
W/MountService( 1130): getSecureContainerList() called when storage not mounted
D/VoldCmdListener(   54): asec list
W/dalvikvm( 1130): DroidBox: { "FdAccess": { "path": "2f646174612f6d6973632f776966692f736f667461702e636f6e66", "id": "119647662" } }
W/DroidBox( 1130): DroidBox: { "FileRW": { "operation": "read", "data": "000000010009416e64726f6964415000000004000c63376336373164333539613700000000000000000000000000000000000000000000000000000000000000000000000000000000000000000000000000000000000000000000000000000000000000", "id": "119647662" } }
E/CommandListener( 1000): Failed to open /proc/sys/net/ipv6/conf/wlan0/disable_ipv6: No such file or directory
I/PackageManager( 1130): No secure containers on sdcard
I/SystemServer( 1130): Connectivity Service
D/ConnectivityService( 1130): ConnectivityService starting up
E/WifiStateMachine( 1130): Failed to disable IPv6: java.lang.IllegalStateException: command '1 interface ipv6 wlan0 disable' failed with '400 1 Failed to change IPv6 state (No such file or directory)'
W/PackageManager( 1130): Unknown permission com.htc.launcher.permission.READ_SETTINGS in package tetris.chelle
W/PackageManager( 1130): Unknown permission com.motorola.launcher.permission.READ_SETTINGS in package tetris.chelle
W/PackageManager( 1130): Unknown permission com.motorola.dlauncher.permission.READ_SETTINGS in package tetris.chelle
W/PackageManager( 1130): Unknown permission com.fede.launcher.permission.READ_SETTINGS in package tetris.chelle
W/PackageManager( 1130): Unknown permission com.lge.launcher.permission.READ_SETTINGS in package tetris.chelle
W/PackageManager( 1130): Unknown permission org.adw.launcher.permission.READ_SETTINGS in package tetris.chelle
W/PackageManager( 1130): Unknown permission com.motorola.launcher.permission.INSTALL_SHORTCUT in package tetris.chelle
W/PackageManager( 1130): Unknown permission com.motorola.dlauncher.permission.INSTALL_SHORTCUT in package tetris.chelle
W/PackageManager( 1130): Unknown permission com.lge.launcher.permission.INSTALL_SHORTCUT in package tetris.chelle
W/PackageManager( 1130): Unknown permission com.google.android.googleapps.permission.GOOGLE_AUTH.mail in package com.android.contacts
W/PackageManager( 1130): Unknown permission android.permission.ADD_SYSTEM_SERVICE in package com.android.phone
W/PackageManager( 1130): Unknown permission com.google.android.googleapps.permission.GOOGLE_AUTH in package com.android.providers.calendar
W/PackageManager( 1130): Unknown permission com.google.android.googleapps.permission.GOOGLE_AUTH.cl in package com.android.providers.calendar
W/PackageManager( 1130): Unknown permission com.google.android.googleapps.permission.GOOGLE_AUTH.mail in package com.android.calendar
W/PackageManager( 1130): Not granting permission android.permission.SEND_DOWNLOAD_COMPLETED_INTENTS to package com.android.browser (protectionLevel=2 flags=0x9be45)
W/PackageManager( 1130): Not granting permission android.permission.BIND_APPWIDGET to package com.android.widgetpreview (protectionLevel=18 flags=0x8be44)
W/PackageManager( 1130): Unknown permission com.google.android.googleapps.permission.GOOGLE_AUTH in package com.android.settings
E/MobileDataStateTracker( 1130): default: Ignoring feature request because could not acquire PhoneService
E/MobileDataStateTracker( 1130): default: Could not enable APN type "default"
W/PackageManager( 1130): Unknown permission com.google.android.googleapps.permission.GOOGLE_AUTH in package com.android.providers.contacts
W/PackageManager( 1130): Unknown permission com.google.android.googleapps.permission.GOOGLE_AUTH.cp in package com.android.providers.contacts
W/PackageManager( 1130): Unknown permission com.google.android.googleapps.permission.ACCESS_GOOGLE_PASSWORD in package com.android.development
W/PackageManager( 1130): Unknown permission com.google.android.googleapps.permission.GOOGLE_AUTH in package com.android.development
W/PackageManager( 1130): Unknown permission com.google.android.googleapps.permission.GOOGLE_AUTH.ALL_SERVICES in package com.android.development
W/PackageManager( 1130): Unknown permission com.google.android.googleapps.permission.GOOGLE_AUTH.YouTubeUser in package com.android.development
W/PackageManager( 1130): Not granting permission android.permission.DEVICE_POWER to package com.android.deskclock (protectionLevel=2 flags=0x8be45)
I/WifiService( 1130): WifiService starting up with Wi-Fi disabled
I/SystemServer( 1130): Network Service Discovery Service
D/NsdService( 1130): Network service discovery enabled true
I/SystemServer( 1130): Throttle Service
I/SystemServer( 1130): UpdateLock Service
I/SystemServer( 1130): Notification Manager
I/SystemServer( 1130): Device Storage Monitor
I/SystemServer( 1130): Location Manager
I/SystemServer( 1130): Country Detector
I/SystemServer( 1130): Search Service
I/SystemServer( 1130): DropBox Service
I/SystemServer( 1130): Wallpaper Service
I/SystemServer( 1130): Audio Service
I/SystemServer( 1130): Dock Observer
W/DockObserver( 1130): This kernel does not have dock station support
I/SystemServer( 1130): Wired Accessory Observer
W/WiredAccessoryObserver( 1130): This kernel does not have wired headset support
W/WiredAccessoryObserver( 1130): This kernel does not have usb audio support
W/WiredAccessoryObserver( 1130): This kernel does not have HDMI audio support
I/SystemServer( 1130): USB Service
I/SystemServer( 1130): Serial Service
I/SystemServer( 1130): UI Mode Manager Service
I/SystemServer( 1130): Backup Service
V/BackupManagerService( 1130): Initializing package tracking
V/BackupManagerService( 1130): No ancestral data
V/BackupManagerService( 1130): addPackageParticipantsLocked: all
I/BackupManagerService( 1130): New app android never backed up; scheduling
D/BackupManagerService( 1130): Now staging backup of android
W/dalvikvm( 1130): DroidBox: { "FdAccess": { "path": "2f646174612f6261636b75702f70656e64696e672f6a6f75726e616c3135373534323735392e746d70", "id": "1783710761" } }
W/DroidBox( 1130): DroidBox: { "FileRW": { "operation": "write", "data": "0007616e64726f6964", "id": "1783710761" } }
I/BackupManagerService( 1130): New app com.android.browser never backed up; scheduling
D/BackupManagerService( 1130): Now staging backup of com.android.browser
W/dalvikvm( 1130): DroidBox: { "FdAccess": { "path": "2f646174612f6261636b75702f70656e64696e672f6a6f75726e616c3135373534323735392e746d70", "id": "1485524529" } }
W/DroidBox( 1130): DroidBox: { "FileRW": { "operation": "write", "data": "0013636f6d2e616e64726f69642e62726f77736572", "id": "1485524529" } }
W/dalvikvm( 1130): DroidBox: { "FdAccess": { "path": "2f646174612f6261636b75702f70656e64696e672f6a6f75726e616c3135373534323735392e746d70", "id": "974511457" } }
I/BackupManagerService( 1130): New app com.android.calendar never backed up; scheduling
D/BackupManagerService( 1130): Now staging backup of com.android.calendar
W/DroidBox( 1130): DroidBox: { "FileRW": { "operation": "write", "data": "0014636f6d2e616e64726f69642e63616c656e646172", "id": "974511457" } }
W/dalvikvm( 1130): DroidBox: { "FdAccess": { "path": "2f646174612f6261636b75702f70656e64696e672f6a6f75726e616c3135373534323735392e746d70", "id": "1893359366" } }
W/DroidBox( 1130): DroidBox: { "FileRW": { "operation": "write", "data": "001d636f6d2e616e64726f69642e696e7075746d6574686f642e6c6174696e", "id": "1893359366" } }
W/dalvikvm( 1130): DroidBox: { "FdAccess": { "path": "2f646174612f6261636b75702f70656e64696e672f6a6f75726e616c3135373534323735392e746d70", "id": "251457028" } }
W/DroidBox( 1130): DroidBox: { "FileRW": { "operation": "write", "data": "001e636f6d2e616e64726f69642e70726f7669646572732e73657474696e6773", "id": "251457028" } }
W/dalvikvm( 1130): DroidBox: { "FdAccess": { "path": "2f646174612f6261636b75702f70656e64696e672f6a6f75726e616c3135373534323735392e746d70", "id": "1892122532" } }
W/DroidBox( 1130): DroidBox: { "FileRW": { "operation": "write", "data": "0024636f6d2e616e64726f69642e70726f7669646572732e7573657264696374696f6e617279", "id": "1892122532" } }
W/dalvikvm( 1130): DroidBox: { "FdAccess": { "path": "2f646174612f6261636b75702f70656e64696e672f6a6f75726e616c3135373534323735392e746d70", "id": "855034005" } }
W/DroidBox( 1130): DroidBox: { "FileRW": { "operation": "write", "data": "001f636f6d2e616e64726f69642e73686172656473746f726167656261636b7570", "id": "855034005" } }
W/dalvikvm( 1130): DroidBox: { "FdAccess": { "path": "2f646174612f6261636b75702f70656e64696e672f6a6f75726e616c2d313834363237373133302e746d70", "id": "462265396" } }
W/DroidBox( 1130): DroidBox: { "FileRW": { "operation": "read", "data": "0007", "id": "462265396" } }
W/dalvikvm( 1130): DroidBox: { "FdAccess": { "path": "2f646174612f6261636b75702f70656e64696e672f6a6f75726e616c2d313834363237373133302e746d70", "id": "55688424" } }
W/DroidBox( 1130): DroidBox: { "FileRW": { "operation": "read", "data": "616e64726f6964", "id": "55688424" } }
I/BackupManagerService( 1130): New app com.android.inputmethod.latin never backed up; scheduling
D/BackupManagerService( 1130): Now staging backup of com.android.inputmethod.latin
I/BackupManagerService( 1130): New app com.android.providers.settings never backed up; scheduling
D/BackupManagerService( 1130): Now staging backup of com.android.providers.settings
I/BackupManagerService( 1130): New app com.android.providers.userdictionary never backed up; scheduling
D/BackupManagerService( 1130): Now staging backup of com.android.providers.userdictionary
I/BackupManagerService( 1130): New app com.android.sharedstoragebackup never backed up; scheduling
D/BackupManagerService( 1130): Now staging backup of com.android.sharedstoragebackup
V/BackupManagerService( 1130): Registering transport android/com.android.internal.backup.LocalTransport = com.android.internal.backup.LocalTransport@b3ff6020
V/BackupManagerService( 1130): Starting with transport android/com.android.internal.backup.LocalTransport
V/BackupManagerService( 1130): Google transport not present
I/BackupManagerService( 1130): Found stale backup journal, scheduling
W/dalvikvm( 1130): DroidBox: { "FdAccess": { "path": "2f646174612f6261636b75702f70656e64696e672f6a6f75726e616c2d313834363237373133302e746d70", "id": "1420574261" } }
W/DroidBox( 1130): DroidBox: { "FileRW": { "operation": "read", "data": "0013", "id": "1420574261" } }
W/dalvikvm( 1130): DroidBox: { "FdAccess": { "path": "2f646174612f6261636b75702f70656e64696e672f6a6f75726e616c2d313834363237373133302e746d70", "id": "337947441" } }
W/DroidBox( 1130): DroidBox: { "FileRW": { "operation": "read", "data": "636f6d2e616e64726f69642e62726f77736572", "id": "337947441" } }
W/dalvikvm( 1130): DroidBox: { "FdAccess": { "path": "2f646174612f6261636b75702f70656e64696e672f6a6f75726e616c2d313834363237373133302e746d70", "id": "1355259434" } }
W/DroidBox( 1130): DroidBox: { "FileRW": { "operation": "read", "data": "0014", "id": "1355259434" } }
W/dalvikvm( 1130): DroidBox: { "FdAccess": { "path": "2f646174612f6261636b75702f70656e64696e672f6a6f75726e616c2d313834363237373133302e746d70", "id": "1353648960" } }
W/DroidBox( 1130): DroidBox: { "FileRW": { "operation": "read", "data": "636f6d2e616e64726f69642e63616c656e646172", "id": "1353648960" } }
I/BackupManagerService( 1130):   android
I/BackupManagerService( 1130):   com.android.browser
I/BackupManagerService( 1130):   com.android.calendar
W/dalvikvm( 1130): DroidBox: { "FdAccess": { "path": "2f646174612f6261636b75702f70656e64696e672f6a6f75726e616c2d313834363237373133302e746d70", "id": "1385638866" } }
W/DroidBox( 1130): DroidBox: { "FileRW": { "operation": "read", "data": "001d", "id": "1385638866" } }
W/dalvikvm( 1130): DroidBox: { "FdAccess": { "path": "2f646174612f6261636b75702f70656e64696e672f6a6f75726e616c2d313834363237373133302e746d70", "id": "2019917475" } }
W/DroidBox( 1130): DroidBox: { "FileRW": { "operation": "read", "data": "636f6d2e616e64726f69642e696e7075746d6574686f642e6c6174696e", "id": "2019917475" } }
I/BackupManagerService( 1130):   com.android.inputmethod.latin
W/dalvikvm( 1130): DroidBox: { "FdAccess": { "path": "2f646174612f6261636b75702f70656e64696e672f6a6f75726e616c2d313834363237373133302e746d70", "id": "436456748" } }
W/DroidBox( 1130): DroidBox: { "FileRW": { "operation": "read", "data": "001e", "id": "436456748" } }
W/dalvikvm( 1130): DroidBox: { "FdAccess": { "path": "2f646174612f6261636b75702f70656e64696e672f6a6f75726e616c2d313834363237373133302e746d70", "id": "1518954147" } }
W/DroidBox( 1130): DroidBox: { "FileRW": { "operation": "read", "data": "636f6d2e616e64726f69642e70726f7669646572732e73657474696e6773", "id": "1518954147" } }
W/dalvikvm( 1130): DroidBox: { "FdAccess": { "path": "2f646174612f6261636b75702f70656e64696e672f6a6f75726e616c2d313834363237373133302e746d70", "id": "215832587" } }
W/DroidBox( 1130): DroidBox: { "FileRW": { "operation": "read", "data": "0024", "id": "215832587" } }
W/dalvikvm( 1130): DroidBox: { "FdAccess": { "path": "2f646174612f6261636b75702f70656e64696e672f6a6f75726e616c2d313834363237373133302e746d70", "id": "1437691379" } }
W/DroidBox( 1130): DroidBox: { "FileRW": { "operation": "read", "data": "636f6d2e616e64726f69642e70726f7669646572732e7573657264696374696f6e617279", "id": "1437691379" } }
I/BackupManagerService( 1130):   com.android.providers.settings
I/BackupManagerService( 1130):   com.android.providers.userdictionary
W/dalvikvm( 1130): DroidBox: { "FdAccess": { "path": "2f646174612f6261636b75702f70656e64696e672f6a6f75726e616c2d313834363237373133302e746d70", "id": "904575324" } }
W/DroidBox( 1130): DroidBox: { "FileRW": { "operation": "read", "data": "001f", "id": "904575324" } }
W/dalvikvm( 1130): DroidBox: { "FdAccess": { "path": "2f646174612f6261636b75702f70656e64696e672f6a6f75726e616c2d313834363237373133302e746d70", "id": "1710140854" } }
W/DroidBox( 1130): DroidBox: { "FileRW": { "operation": "read", "data": "636f6d2e616e64726f69642e73686172656473746f726167656261636b7570", "id": "1710140854" } }
W/dalvikvm( 1130): DroidBox: { "FdAccess": { "path": "2f646174612f6261636b75702f70656e64696e672f6a6f75726e616c2d313834363237373133302e746d70", "id": "664958104" } }
W/DroidBox( 1130): DroidBox: { "FileRW": { "operation": "read", "data": "001f", "id": "664958104" } }
I/BackupManagerService( 1130):   com.android.sharedstoragebackup
I/BackupManagerService( 1130): Backup enabled => false
I/BackupManagerService( 1130): Opting out of backup
I/WindowManager( 1130): SAFE MODE not enabled
I/SystemServer( 1130): AppWidget Service
I/SystemServer( 1130): Recognition Service
I/SystemServer( 1130): DiskStats Service
I/SystemServer( 1130): SamplingProfiler Service
I/SystemServer( 1130): NetworkTimeUpdateService
I/SystemServer( 1130): CommonTimeManagementService
I/SystemServer( 1130): CertBlacklister
D/PowerManagerService( 1130): system ready!
I/ActivityManager( 1130): System now ready
W/dalvikvm( 1130): DroidBox: { "FdAccess": { "path": "2f70726f632f6d656d696e666f", "id": "1987129563" } }
W/DroidBox( 1130): DroidBox: { "FileRW": { "operation": "read", "data": "4d656d546f74616c3a202020202020202020373438393634206b420a4d656d467265653a20202020202020202020353839343230206b420a427566666572733a20202020202020202020202035313638206b420a4361636865643a202020202020202020", "id": "1987129563" } }
W/dalvikvm( 1130): DroidBox: { "FdAccess": { "path": "2f70726f632f6d656d696e666f", "id": "551642556" } }
W/DroidBox( 1130): DroidBox: { "FileRW": { "operation": "read", "data": "4d656d546f74616c3a202020202020202020373438393634206b420a4d656d467265653a20202020202020202020353839343230206b420a427566666572733a20202020202020202020202035313638206b420a4361636865643a202020202020202020", "id": "551642556" } }
I/SystemServer( 1130): Making services ready
D/SystemServer( 1130): Starting service: Intent { cmp=com.android.systemui/.SystemUIService }
V/LockPatternKeyguardView( 1130): Set visibility on com.android.internal.policy.impl.LockPatternKeyguardView$4@b3d83118 to 0
I/Zygote  ( 1130): Process: zygote socket opened
I/ActivityManager( 1130): Start proc com.android.systemui for service com.android.systemui/.SystemUIService: pid=1194 uid=10037 gids={1028, 1015, 3002, 3001}
D/NetworkManagementService( 1130): enabling bandwidth control
E/Trace   ( 1194): error opening trace file: No such file or directory (2)
W/DroidBox( 1194): DroidBox: { "DexClassLoader": { "path": "/system/app/SystemUI.apk" } }
E/NetdConnector( 1130): NDC Command {2 bandwidth enable} took too long (1653ms)
W/dalvikvm( 1130): DroidBox: { "FdAccess": { "path": "2f70726f632f313133302f6e65742f78745f717461677569642f7374617473", "id": "498531286" } }
W/DroidBox( 1130): DroidBox: { "FileRW": { "operation": "read", "data": "69647820696661636520616363745f7461675f686578207569645f7461675f696e7420636e745f7365742072785f62797465732072785f7061636b6574732074785f62797465732074785f7061636b6574732072785f7463705f62797465732072785f74", "id": "498531286" } }
D/SystemUIService( 1194): loading: class com.android.systemui.statusbar.phone.PhoneStatusBar
D/SystemUIService( 1194): running: com.android.systemui.statusbar.phone.PhoneStatusBar@b3d9ef50
W/dalvikvm( 1130): DroidBox: { "FdAccess": { "path": "2f70726f632f313133302f6e65742f78745f717461677569642f7374617473", "id": "1298352859" } }
W/DroidBox( 1130): DroidBox: { "FileRW": { "operation": "read", "data": "30203020302030203020302030203020302030203020300a300a300a300a300a300a203020300a3020300a203020300a300a302030203020302030203020302030203020302030203020300a300a20300a300a20300a300a203020300a3020300a203020", "id": "1298352859" } }
W/dalvikvm( 1130): DroidBox: { "FdAccess": { "path": "2f70726f632f313133302f6e65742f78745f717461677569642f69666163655f737461745f666d74", "id": "925811272" } }
W/DroidBox( 1130): DroidBox: { "FileRW": { "operation": "read", "data": "69666e616d6520746f74616c5f736b625f72785f627974657320746f74616c5f736b625f72785f7061636b65747320746f74616c5f736b625f74785f627974657320746f74616c5f736b625f74785f7061636b6574732072785f7463705f627974657320", "id": "925811272" } }
W/dalvikvm( 1130): DroidBox: { "FdAccess": { "path": "2f70726f632f313133302f6e65742f78745f717461677569642f69666163655f737461745f666d74", "id": "135815810" } }
W/DroidBox( 1130): DroidBox: { "FileRW": { "operation": "read", "data": "30203020302030203020302030203020302030203020300a300a300a300a300a20300a343420322031333220320a6c6f20302030203020302030203020302030203020302030203020302030203020300a203020300a2030203020300a203020300a2030", "id": "135815810" } }
W/dalvikvm( 1130): DroidBox: { "FdAccess": { "path": "2f70726f632f313133302f6e65742f78745f717461677569642f69666163655f737461745f616c6c", "id": "1287668480" } }
W/DroidBox( 1130): DroidBox: { "FileRW": { "operation": "read", "data": "65746830203120302030203020302038373437393520323233352032373031303520313631390a6c6f20312030203020302030203335383420353020333538342035300a0000000000000000000000000000000000000000000000000000000000000000", "id": "1287668480" } }
W/dalvikvm( 1130): DroidBox: { "FdAccess": { "path": "2f70726f632f313133302f6e65742f78745f717461677569642f69666163655f737461745f616c6c", "id": "645915259" } }
W/DroidBox( 1130): DroidBox: { "FileRW": { "operation": "read", "data": "35300a342035300a35300a342035300a300a300a300a300a300a35300a342035300a3538342035300a342035300a3538342035300a300a300a300a300a300a342035300a0000000000000000000000000000000000000000000000000000000000000000", "id": "645915259" } }
V/TransportControlView( 1130): Create TCV com.android.internal.widget.TransportControlView@b405a0f0
I/StatusBarManagerService( 1130): registerStatusBar bar=com.android.internal.statusbar.IStatusBar$Stub$Proxy@b3f995a8
V/KeyguardViewManager( 1130): KGVM: Set visibility on com.android.internal.policy.impl.KeyguardViewManager$KeyguardViewHost@b401d8b8 to 6291456
I/ActivityManager( 1130): Config changed: {1.0 0mcc0mnc en_US sw320dp w320dp h508dp nrml long port -touch -keyb/v/h tball/v s.3}
W/RecognitionManagerService( 1130): no available voice recognition services found
D/gralloc_goldfish( 1130): Emulator without GPU emulation detected.
I/Choreographer( 1130): Skipped 691 frames!  The application may be doing too much work on its main thread.
W/dalvikvm( 1194): DroidBox: { "FdAccess": { "path": "2f70726f632f6d656d696e666f", "id": "1201012222" } }
W/DroidBox( 1194): DroidBox: { "FileRW": { "operation": "read", "data": "4d656d546f74616c3a202020202020202020373438393634206b420a4d656d467265653a20202020202020202020353737393234206b420a427566666572733a20202020202020202020202035313638206b420a4361636865643a202020202020202020", "id": "1201012222" } }
V/LockPatternKeyguardView( 1130): Set visibility on com.android.internal.policy.impl.LockPatternKeyguardView$4@b3d83118 to 8388608
I/Choreographer( 1130): Skipped 122 frames!  The application may be doing too much work on its main thread.
V/LockPatternKeyguardView( 1130): Set visibility on com.android.internal.policy.impl.LockPatternKeyguardView$4@b3d83118 to 8388608
I/Choreographer( 1130): Skipped 54 frames!  The application may be doing too much work on its main thread.
I/Choreographer( 1130): Skipped 49 frames!  The application may be doing too much work on its main thread.
W/InputMethodManagerService( 1130): Ignoring setImeWindowStatus of uid 1000 token: null
W/dalvikvm( 1194): DroidBox: { "FdAccess": { "path": "2f70726f632f6d656d696e666f", "id": "708160523" } }
W/DroidBox( 1194): DroidBox: { "FileRW": { "operation": "read", "data": "4d656d546f74616c3a202020202020202020373438393634206b420a4d656d467265653a20202020202020202020353637373536206b420a427566666572733a20202020202020202020202035313638206b420a4361636865643a202020202020202020", "id": "708160523" } }
W/dalvikvm( 1194): DroidBox: { "FdAccess": { "path": "2f70726f632f6d656d696e666f", "id": "3037672" } }
W/DroidBox( 1194): DroidBox: { "FileRW": { "operation": "read", "data": "4d656d546f74616c3a202020202020202020373438393634206b420a4d656d467265653a20202020202020202020353637373536206b420a427566666572733a20202020202020202020202035313638206b420a4361636865643a202020202020202020", "id": "3037672" } }
W/ResourceType( 1130): Failure getting entry for 0x7f060000 (t=5 e=0) in package 0 (error -75)
W/ResourceType( 1130): Failure getting entry for 0x7f060000 (t=5 e=0) in package 0 (error -75)
W/InputMethodManagerService( 1130): Found no subtypes in a system IME: com.android.inputmethod.pinyin
I/ActivityManager( 1130): Start proc com.android.inputmethod.latin for service com.android.inputmethod.latin/.LatinIME: pid=1239 uid=10018 gids={1028}
I/CommonTimeManagementService( 1130): No common time service detected on this platform.  Common time services will be unavailable.
D/SystemClock( 1130): Setting time of day to sec=1724679355
W/dalvikvm( 1130): DroidBox: { "FdAccess": { "path": "2f70726f632f313133302f6e65742f78745f717461677569642f69666163655f737461745f616c6c", "id": "453984202" } }
I/Choreographer( 1130): Skipped 137 frames!  The application may be doing too much work on its main thread.
W/GpsLocationProvider( 1130): Could not open GPS configuration file /etc/gps.conf
I/InputReader( 1130): Reconfiguring input devices.  changes=0x00000030
I/ActivityManager( 1130): Start proc com.android.phone for added application com.android.phone: pid=1257 uid=1001 gids={3002, 3001, 3003, 1015, 1028}
I/ActivityManager( 1130): START {act=android.intent.action.MAIN cat=[android.intent.category.HOME] flg=0x10000000 cmp=com.android.launcher/com.android.launcher2.Launcher u=0} from pid 0
E/Trace   ( 1239): error opening trace file: No such file or directory (2)
W/DroidBox( 1130): DroidBox: { "FileRW": { "operation": "read", "data": "65746830203120302030203020302038373839343320323239322032373837393820313637310a6c6f20312030203020302030203335383420353020333538342035300a0000000000000000000000000000000000000000000000000000000000000000", "id": "453984202" } }
I/Choreographer( 1130): Skipped 79 frames!  The application may be doing too much work on its main thread.
W/dalvikvm( 1130): DroidBox: { "FdAccess": { "path": "2f70726f632f313133302f6e65742f78745f717461677569642f69666163655f737461745f616c6c", "id": "388748942" } }
W/DroidBox( 1130): DroidBox: { "FileRW": { "operation": "read", "data": "35300a342035300a35300a342035300a300a300a300a300a300a35300a342035300a3538342035300a342035300a3538342035300a300a300a300a300a300a342035300a0000000000000000000000000000000000000000000000000000000000000000", "id": "388748942" } }
W/ThrottleService( 1130): unable to find stats for iface rmnet0
W/DroidBox( 1239): DroidBox: { "DexClassLoader": { "path": "/system/app/LatinIME.apk" } }
I/Choreographer( 1130): Skipped 31 frames!  The application may be doing too much work on its main thread.
I/ActivityManager( 1130): Start proc com.android.launcher for activity com.android.launcher/com.android.launcher2.Launcher: pid=1272 uid=10019 gids={1028}
I/SystemServer( 1130): Enabled StrictMode for system server main thread.
D/PhoneStatusBar( 1194): disable: < expand icons alerts ticker system_info back home recent clock >
I/ActivityManager( 1130): Start proc com.android.calendar for broadcast com.android.calendar/.widget.CalendarAppWidgetService$CalendarFactory: pid=1283 uid=10005 gids={3003, 1028}
I/Choreographer( 1130): Skipped 87 frames!  The application may be doing too much work on its main thread.
I/Choreographer( 1130): Skipped 41 frames!  The application may be doing too much work on its main thread.
W/dalvikvm( 1130): DroidBox: { "FdAccess": { "path": "2f70726f632f313133302f6e65742f78745f717461677569642f69666163655f737461745f616c6c", "id": "1547911681" } }
D/StorageNotification( 1194): Startup with UMS connection false (media state removed)
I/StorageNotification( 1194): UMS connection changed to false (media state removed)
E/Trace   ( 1257): error opening trace file: No such file or directory (2)
W/DroidBox( 1130): DroidBox: { "FileRW": { "operation": "read", "data": "65746830203120302030203020302038383137343720323333312032383337383020313730340a6c6f20312030203020302030203335383420353020333538342035300a0000000000000000000000000000000000000000000000000000000000000000", "id": "1547911681" } }
W/dalvikvm( 1130): DroidBox: { "FdAccess": { "path": "2f70726f632f313133302f6e65742f78745f717461677569642f69666163655f737461745f616c6c", "id": "2017811703" } }
W/DroidBox( 1130): DroidBox: { "FileRW": { "operation": "read", "data": "35300a342035300a35300a342035300a300a300a300a300a300a35300a342035300a3538342035300a342035300a3538342035300a300a300a300a300a300a342035300a0000000000000000000000000000000000000000000000000000000000000000", "id": "2017811703" } }
W/ThrottleService( 1130): unable to find stats for iface rmnet0
W/dalvikvm( 1257): DroidBox: { "FdAccess": { "path": "2f70726f632f6d656d696e666f", "id": "1524686347" } }
W/DroidBox( 1257): DroidBox: { "FileRW": { "operation": "read", "data": "4d656d546f74616c3a202020202020202020373438393634206b420a4d656d467265653a20202020202020202020353639353634206b420a427566666572733a20202020202020202020202035313736206b420a4361636865643a202020202020202020", "id": "1524686347" } }
I/LocationManagerService( 1130): request passive (pid 1130) 0 0
E/Trace   ( 1283): error opening trace file: No such file or directory (2)
D/SystemUIService( 1194): loading: class com.android.systemui.power.PowerUI
D/SystemUIService( 1194): running: com.android.systemui.power.PowerUI@b3e49580
I/qtaguid ( 1130): Failed write_ctrl(s 1 10019) res=-1 errno=1
W/NetworkManagementSocketTagger( 1130): setKernelCountSet(10019, 1) failed with errno -1
D/SystemUIService( 1194): loading: class com.android.systemui.media.RingtonePlayer
D/SystemUIService( 1194): running: com.android.systemui.media.RingtonePlayer@b3e4a5c0
W/DroidBox( 1257): DroidBox: { "DexClassLoader": { "path": "/system/app/Phone.apk" } }
E/Trace   ( 1272): error opening trace file: No such file or directory (2)
W/dalvikvm( 1194): DroidBox: { "FdAccess": { "path": "2f70726f632f6d656d696e666f", "id": "419949254" } }
W/DroidBox( 1283): DroidBox: { "DexClassLoader": { "path": "/system/app/Calendar.apk" } }
W/DroidBox( 1272): DroidBox: { "DexClassLoader": { "path": "/system/app/Launcher2.apk" } }
W/DroidBox( 1194): DroidBox: { "FileRW": { "operation": "read", "data": "4d656d546f74616c3a202020202020202020373438393634206b420a4d656d467265653a20202020202020202020353635343634206b420a427566666572733a20202020202020202020202035313736206b420a4361636865643a202020202020202020", "id": "419949254" } }
W/dalvikvm( 1194): DroidBox: { "FdAccess": { "path": "2f70726f632f6d656d696e666f", "id": "1797278256" } }
W/DroidBox( 1194): DroidBox: { "FileRW": { "operation": "read", "data": "4d656d546f74616c3a202020202020202020373438393634206b420a4d656d467265653a20202020202020202020353635303932206b420a427566666572733a20202020202020202020202035313736206b420a4361636865643a202020202020202020", "id": "1797278256" } }
I/Choreographer( 1194): Skipped 868 frames!  The application may be doing too much work on its main thread.
I/ActivityThread( 1257): Pub mms: com.android.providers.telephony.MmsProvider
W/DroidBox( 1257): DroidBox: { "DexClassLoader": { "path": "/system/app/TelephonyProvider.apk" } }
I/ActivityThread( 1257): Pub sms: com.android.providers.telephony.SmsProvider
I/ActivityThread( 1257): Pub telephony: com.android.providers.telephony.TelephonyProvider
I/ActivityThread( 1283): Pub com.android.calendar.CalendarRecentSuggestionsProvider: com.android.calendar.CalendarRecentSuggestionsProvider
W/dalvikvm( 1257): DroidBox: { "FdAccess": { "path": "2f646174612f646174612f636f6d2e616e64726f69642e70726f7669646572732e74656c6570686f6e792f7368617265645f70726566732f7072656665727265642d61706e2e786d6c", "id": "553617737" } }
W/DroidBox( 1257): DroidBox: { "FileRW": { "operation": "read", "data": "3c3f786d6c2076657273696f6e3d27312e302720656e636f64696e673d277574662d3827207374616e64616c6f6e653d2779657327203f3e0a3c6d61703e0a3c6c6f6e67206e616d653d2261706e5f6964222076616c75653d223122202f3e0a3c2f6d61", "id": "553617737" } }
I/ActivityThread( 1272): Pub com.android.launcher2.settings: com.android.launcher2.LauncherProvider
W/TelephonyProvider( 1257): onCreate: confFile=/system/etc/apns-conf.xml oldCheckSum=-1
W/dalvikvm( 1257): DroidBox: { "FdAccess": { "path": "2f70726f632f636d646c696e65", "id": "511901072" } }
W/DroidBox( 1257): DroidBox: { "FileRW": { "operation": "read", "data": "71656d752e676c65733d302071656d753d3120636f6e736f6c653d747479533020616e64726f69642e71656d75643d747479533120616e64726f69642e636865636b6a6e693d31206e646e733d310a000000000000000000000000000000000000000000", "id": "511901072" } }
I/ActivityThread( 1257): Pub icc: com.android.phone.IccProvider
W/dalvikvm( 1283): DroidBox: { "FdAccess": { "path": "2f646174612f646174612f636f6d2e616e64726f69642e63616c656e6461722f7368617265645f70726566732f5f6861735f7365745f64656661756c745f76616c7565732e786d6c", "id": "336840212" } }
W/DroidBox( 1283): DroidBox: { "FileRW": { "operation": "read", "data": "3c3f786d6c2076657273696f6e3d27312e302720656e636f64696e673d277574662d3827207374616e64616c6f6e653d2779657327203f3e0a3c6d61703e0a3c626f6f6c65616e206e616d653d225f6861735f7365745f64656661756c745f76616c7565", "id": "336840212" } }
W/dalvikvm( 1283): DroidBox: { "FdAccess": { "path": "2f646174612f646174612f636f6d2e616e64726f69642e63616c656e6461722f7368617265645f70726566732f636f6d2e616e64726f69642e63616c656e6461725f707265666572656e6365732e786d6c", "id": "940771731" } }
W/DroidBox( 1283): DroidBox: { "FileRW": { "operation": "read", "data": "3c3f786d6c2076657273696f6e3d27312e302720656e636f64696e673d277574662d3827207374616e64616c6f6e653d2779657327203f3e0a3c6d61703e0a3c626f6f6c65616e206e616d653d22707265666572656e6365735f686f6d655f747a5f656e", "id": "940771731" } }
I/ActivityManager( 1130): Start proc com.android.deskclock for broadcast com.android.deskclock/.AlarmInitReceiver: pid=1307 uid=10009 gids={1028}
I/ActivityThread( 1257): Pub mms-sms: com.android.providers.telephony.MmsSmsProvider
I/ActivityManager( 1130): Start proc com.android.providers.calendar for content provider com.android.providers.calendar/.CalendarProvider2: pid=1318 uid=10006 gids={3003, 1015, 1028}
D/WifiService( 1130): New client listening to asynchronous messages
D/PhoneStatusBar( 1194): disable: < expand icons alerts ticker system_info BACK* HOME* RECENT* CLOCK* >
W/dalvikvm( 1130): DroidBox: { "FdAccess": { "path": "2f70726f632f313139342f636d646c696e65", "id": "735766936" } }
W/DroidBox( 1130): DroidBox: { "FileRW": { "operation": "read", "data": "636f6d2e616e64726f69642e73797374656d75690000000000000000000000000000000000000000000000000000000000000000000000000000000000000000000000000000000000000000000000000000000000000000000000000000000000000000", "id": "735766936" } }
W/dalvikvm( 1130): DroidBox: { "FdAccess": { "path": "2f70726f632f313233392f636d646c696e65", "id": "941309131" } }
W/DroidBox( 1130): DroidBox: { "FileRW": { "operation": "read", "data": "636f6d2e616e64726f69642e696e7075746d6574686f642e6c6174696e0000000000000000000000000000000000000000000000000000000000000000000000000000000000000000000000000000000000000000000000000000000000000000000000", "id": "941309131" } }
W/dalvikvm( 1130): DroidBox: { "FdAccess": { "path": "2f70726f632f313235372f636d646c696e65", "id": "914075692" } }
W/DroidBox( 1130): DroidBox: { "FileRW": { "operation": "read", "data": "636f6d2e616e64726f69642e70686f6e650000000000000000000000000000000000000000000000000000000000000000000000000000000000000000000000000000000000000000000000000000000000000000000000000000000000000000000000", "id": "914075692" } }
W/dalvikvm( 1130): DroidBox: { "FdAccess": { "path": "2f70726f632f313237322f636d646c696e65", "id": "226026610" } }
W/DroidBox( 1130): DroidBox: { "FileRW": { "operation": "read", "data": "636f6d2e616e64726f69642e6c61756e636865720000000000000000000000000000000000000000000000000000000000000000000000000000000000000000000000000000000000000000000000000000000000000000000000000000000000000000", "id": "226026610" } }
W/dalvikvm( 1130): DroidBox: { "FdAccess": { "path": "2f70726f632f313238332f636d646c696e65", "id": "1292068938" } }
W/DroidBox( 1130): DroidBox: { "FileRW": { "operation": "read", "data": "636f6d2e616e64726f69642e63616c656e6461720000000000000000000000000000000000000000000000000000000000000000000000000000000000000000000000000000000000000000000000000000000000000000000000000000000000000000", "id": "1292068938" } }
W/dalvikvm( 1130): DroidBox: { "FdAccess": { "path": "2f70726f632f313330372f636d646c696e65", "id": "2074705201" } }
W/DroidBox( 1130): DroidBox: { "FileRW": { "operation": "read", "data": "636f6d2e616e64726f69642e6465736b636c6f636b00000000000000000000000000000000000000000000000000000000000000000000000000000000000000000000000000000000000000000000000000000000000000000000000000000000000000", "id": "2074705201" } }
W/dalvikvm( 1130): DroidBox: { "FdAccess": { "path": "2f70726f632f313331382f636d646c696e65", "id": "1042175575" } }
W/DroidBox( 1130): DroidBox: { "FileRW": { "operation": "read", "data": "3c7072652d696e697469616c697a65643e0000000000000000000000000000000000000000000000000000000000000000000000000000000000000000000000000000000000000000000000000000000000000000000000000000000000000000000000", "id": "1042175575" } }
W/InputAttributes( 1239): No editor info for this field. Bug?
D/CAT     ( 1257): CatService: Running CAT service. STK app installed:false
D/CAT     ( 1257): CatService: NEW sInstance
I/Choreographer( 1194): Skipped 474 frames!  The application may be doing too much work on its main thread.
D/gralloc_goldfish( 1194): Emulator without GPU emulation detected.
E/Trace   ( 1318): error opening trace file: No such file or directory (2)
W/DroidBox( 1318): DroidBox: { "DexClassLoader": { "path": "/system/framework/android.test.runner.jar:/system/app/CalendarProvider.apk" } }
E/ActivityThread( 1239): Failed to find provider info for com.android.inputmethod.latin.dictionarypack
E/BinaryDictionaryGetter( 1239): Could not find a dictionary pack
W/dalvikvm( 1272): DroidBox: { "FdAccess": { "path": "2f646174612f646174612f636f6d2e616e64726f69642e6c61756e636865722f7368617265645f70726566732f636f6d2e616e64726f69642e6c61756e63686572322e70726566732e786d6c", "id": "1090280035" } }
W/DroidBox( 1272): DroidBox: { "FileRW": { "operation": "read", "data": "3c3f786d6c2076657273696f6e3d27312e302720656e636f64696e673d277574662d3827207374616e64616c6f6e653d2779657327203f3e0a3c6d61703e0a3c696e74206e616d653d22617070732e6e65772e70616765222076616c75653d222d312220", "id": "1090280035" } }
E/Trace   ( 1307): error opening trace file: No such file or directory (2)
I/ActivityManager( 1130): Start proc com.android.smspush for service com.android.smspush/.WapPushManager: pid=1343 uid=10042 gids={1028}
I/ActivityThread( 1318): Pub com.android.calendar: com.android.providers.calendar.CalendarProvider2
I/ActivityManager( 1130): Start proc android.process.acore for content provider com.android.providers.userdictionary/.UserDictionaryProvider: pid=1354 uid=10000 gids={3003, 1015, 1028}
D/        ( 1257): [ApnContext:default] set reason as dataEnabled,current state IDLE
D/        ( 1257): [ApnContext:default] setRetryCount: 0
D/        ( 1257): [ApnContext:mms] set reason as dataEnabled,current state IDLE
D/        ( 1257): [ApnContext:mms] setRetryCount: 0
D/        ( 1257): [ApnContext:supl] set reason as dataEnabled,current state IDLE
D/        ( 1257): [ApnContext:supl] setRetryCount: 0
D/        ( 1257): [ApnContext:hipri] set reason as dataEnabled,current state IDLE
D/        ( 1257): [ApnContext:hipri] setRetryCount: 0
D/        ( 1257): [ApnContext:fota] set reason as dataEnabled,current state IDLE
D/        ( 1257): [ApnContext:fota] setRetryCount: 0
D/        ( 1257): [ApnContext:ims] set reason as dataEnabled,current state IDLE
D/        ( 1257): [ApnContext:ims] setRetryCount: 0
D/        ( 1257): [ApnContext:cbs] set reason as dataEnabled,current state IDLE
D/        ( 1257): [ApnContext:cbs] setRetryCount: 0
W/DroidBox( 1257): DroidBox: { "ServiceStart": { "name": "com.android.phone.TelephonyDebugService" } }
W/ResourceType( 1130): Failure getting entry for 0x7f060000 (t=5 e=0) in package 0 (error -75)
W/ResourceType( 1130): Failure getting entry for 0x7f060000 (t=5 e=0) in package 0 (error -75)
W/InputMethodManagerService( 1130): Found no subtypes in a system IME: com.android.inputmethod.pinyin
W/DroidBox( 1307): DroidBox: { "DexClassLoader": { "path": "/system/app/DeskClock.apk" } }
D/CallManager( 1257): registerPhone(GSM Handler (com.android.internal.telephony.PhoneProxy) {b3db76a8})
E/Trace   ( 1343): error opening trace file: No such file or directory (2)
I/dalvikvm-heap( 1194): Grow heap (frag case) to 12.364MB for 3072016-byte allocation
I/ActivityThread( 1307): Pub com.android.deskclock: com.android.deskclock.AlarmProvider
W/DroidBox( 1343): DroidBox: { "DexClassLoader": { "path": "/system/app/WAPPushManager.apk" } }
W/ActivityManager( 1130): Unable to start service Intent { act=com.android.ussd.IExtendedNetworkService }: not found
W/dalvikvm( 1307): DroidBox: { "FdAccess": { "path": "2f646174612f646174612f636f6d2e616e64726f69642e6465736b636c6f636b2f7368617265645f70726566732f416c61726d436c6f636b2e786d6c", "id": "221870856" } }
W/DroidBox( 1307): DroidBox: { "FileRW": { "operation": "read", "data": "3c3f786d6c2076657273696f6e3d27312e302720656e636f64696e673d277574662d3827207374616e64616c6f6e653d2779657327203f3e0a3c6d6170202f3e0a0000000000000000000000000000000000000000000000000000000000000000000000", "id": "221870856" } }
