D/InputEventConsistencyVerifier(  416):   4: sent at 224409000000, (unhandled) KeyEvent { action=ACTION_UP, keyCode=KEYCODE_DPAD_CENTER, scanCode=0, metaState=0, flags=0x80000008, repeatCount=0, eventTime=224409, downTime=224409, deviceId=-1, source=0x101 }
D/InputEventConsistencyVerifier(  416):   5: sent at 224300000000, (unhandled) KeyEvent { action=ACTION_UP, keyCode=KEYCODE_DPAD_UP, scanCode=0, metaState=0, flags=0x80000008, repeatCount=0, eventTime=224300, downTime=224300, deviceId=-1, source=0x101 }
W/dalvikvm(  416): DroidBox: { "FdAccess": { "path": "2f70726f632f6d656d696e666f", "id": "1618671404" } }
W/DroidBox(  416): DroidBox: { "FileRW": { "operation": "read", "data": "4d656d546f74616c3a202020202020202020373438393634206b420a4d656d467265653a20202020202020202020343433343136206b420a427566666572733a20202020202020202020202035353838206b420a4361636865643a202020202020202020", "id": "1618671404" } }
D/InputEventConsistencyVerifier(  416): TouchEvent: ACTION_DOWN but pointers are already down.  Probably missing ACTION_UP from previous gesture.
D/InputEventConsistencyVerifier(  416):   in android.view.ScaleGestureDetector@b3f0ba90
D/InputEventConsistencyVerifier(  416):   0: sent at 224841000000, MotionEvent { action=ACTION_DOWN, id[0]=0, x[0]=463.0, y[0]=438.0, toolType[0]=TOOL_TYPE_UNKNOWN, buttonState=0, metaState=0, flags=0x0, edgeFlags=0x0, pointerCount=1, historySize=0, eventTime=224841, downTime=224839, deviceId=0, source=0x1002 }
D/InputEventConsistencyVerifier(  416):   -- recent events --
D/InputEventConsistencyVerifier(  416):   1: sent at 224483000000, MotionEvent { action=ACTION_MOVE, id[0]=0, x[0]=184.0, y[0]=695.0, toolType[0]=TOOL_TYPE_UNKNOWN, buttonState=0, metaState=0, flags=0x0, edgeFlags=0x0, pointerCount=1, historySize=7, eventTime=224483, downTime=224437, deviceId=0, source=0x1002 }
D/InputEventConsistencyVerifier(  416):   2: sent at 224442000000, MotionEvent { action=ACTION_DOWN, id[0]=0, x[0]=126.0, y[0]=643.0, toolType[0]=TOOL_TYPE_UNKNOWN, buttonState=0, metaState=0, flags=0x0, edgeFlags=0x0, pointerCount=1, historySize=0, eventTime=224442, downTime=224437, deviceId=0, source=0x1002 }
D/InputEventConsistencyVerifier(  416):   3: sent at 224377000000, MotionEvent { action=ACTION_UP, id[0]=0, x[0]=102.0, y[0]=763.0, toolType[0]=TOOL_TYPE_UNKNOWN, buttonState=0, metaState=0, flags=0x0, edgeFlags=0x0, pointerCount=1, historySize=0, eventTime=224377, downTime=224350, deviceId=0, source=0x1002 }
D/InputEventConsistencyVerifier(  416):   4: sent at 224375000000, MotionEvent { action=ACTION_MOVE, id[0]=0, x[0]=109.0, y[0]=768.0, toolType[0]=TOOL_TYPE_UNKNOWN, buttonState=0, metaState=0, flags=0x0, edgeFlags=0x0, pointerCount=1, historySize=3, eventTime=224375, downTime=224350, deviceId=0, source=0x1002 }
D/InputEventConsistencyVerifier(  416):   5: sent at 224352000000, MotionEvent { action=ACTION_DOWN, id[0]=0, x[0]=112.0, y[0]=795.0, toolType[0]=TOOL_TYPE_UNKNOWN, buttonState=0, metaState=0, flags=0x80000000, edgeFlags=0x0, pointerCount=1, historySize=0, eventTime=224352, downTime=224350, deviceId=0, source=0x1002 }
I/Choreographer(  416): Skipped 52 frames!  The application may be doing too much work on its main thread.
W/dalvikvm(  416): DroidBox: { "FdAccess": { "path": "2f70726f632f6d656d696e666f", "id": "449088410" } }
W/DroidBox(  416): DroidBox: { "FileRW": { "operation": "read", "data": "4d656d546f74616c3a202020202020202020373438393634206b420a4d656d467265653a20202020202020202020343433343136206b420a427566666572733a20202020202020202020202035353838206b420a4361636865643a202020202020202020", "id": "449088410" } }
I/ActivityManager(  221): START {act=android.intent.action.CALL_BUTTON flg=0x10000000 cmp=com.android.contacts/.activities.DialtactsActivity u=0} from pid 416
W/dalvikvm(  416): DroidBox: { "FdAccess": { "path": "2f70726f632f6d656d696e666f", "id": "391885996" } }
W/DroidBox(  416): DroidBox: { "FileRW": { "operation": "read", "data": "4d656d546f74616c3a202020202020202020373438393634206b420a4d656d467265653a20202020202020202020343433343136206b420a427566666572733a20202020202020202020202035353838206b420a4361636865643a202020202020202020", "id": "391885996" } }
W/dalvikvm(  416): DroidBox: { "FdAccess": { "path": "2f70726f632f6d656d696e666f", "id": "412943323" } }
W/DroidBox(  416): DroidBox: { "FileRW": { "operation": "read", "data": "4d656d546f74616c3a202020202020202020373438393634206b420a4d656d467265653a20202020202020202020343433363634206b420a427566666572733a20202020202020202020202035353838206b420a4361636865643a202020202020202020", "id": "412943323" } }
W/InputMethodManagerService(  221): Window already focused, ignoring focus gain of: com.android.internal.view.IInputMethodClient$Stub$Proxy@b40f16b8 attribute=android.view.inputmethod.EditorInfo@b40f16d0
V/PhoneStatusBar(  416): setLightsOn(true)
D/PhoneStatusBar(  416): disable: < expand icons alerts ticker* system_info back home recent clock >
D/InputEventConsistencyVerifier( 1044): KeyEvent: ACTION_UP but key was not down.
D/InputEventConsistencyVerifier( 1044):   in com.android.internal.policy.impl.PhoneWindow$DecorView@b3e7f070
D/InputEventConsistencyVerifier( 1044):   0: sent at 225378000000, KeyEvent { action=ACTION_UP, keyCode=KEYCODE_DPAD_RIGHT, scanCode=0, metaState=0, flags=0x400, repeatCount=0, eventTime=225378, downTime=225378, deviceId=-1, source=0x101 }
D/InputEventConsistencyVerifier( 1044):   -- recent events --
D/InputEventConsistencyVerifier( 1044):   1: sent at 225354000000, (unhandled) MotionEvent { action=ACTION_MOVE, id[0]=0, x[0]=3.0, y[0]=-2.0, toolType[0]=TOOL_TYPE_UNKNOWN, buttonState=0, metaState=0, flags=0x0, edgeFlags=0x0, pointerCount=1, historySize=4, eventTime=225354, downTime=-1, deviceId=0, source=0x10004 }
D/InputEventConsistencyVerifier( 1044):   2: sent at 225228000000, (unhandled) MotionEvent { action=ACTION_MOVE, id[0]=0, x[0]=-1.0, y[0]=0.0, toolType[0]=TOOL_TYPE_UNKNOWN, buttonState=0, metaState=0, flags=0x0, edgeFlags=0x0, pointerCount=1, historySize=1, eventTime=225228, downTime=-1, deviceId=0, source=0x10004 }
D/InputEventConsistencyVerifier( 1044):   3: sent at 221732000000, MotionEvent { action=ACTION_UP, id[0]=0, x[0]=244.0, y[0]=498.0, toolType[0]=TOOL_TYPE_UNKNOWN, buttonState=0, metaState=0, flags=0x0, edgeFlags=0x0, pointerCount=1, historySize=0, eventTime=221732, downTime=221727, deviceId=0, source=0x1002 }
D/InputEventConsistencyVerifier( 1044):   4: sent at 221728000000, MotionEvent { action=ACTION_DOWN, id[0]=0, x[0]=244.0, y[0]=508.0, toolType[0]=TOOL_TYPE_UNKNOWN, buttonState=0, metaState=0, flags=0x0, edgeFlags=0x0, pointerCount=1, historySize=0, eventTime=221728, downTime=221727, deviceId=0, source=0x1002 }
D/InputEventConsistencyVerifier( 1044):   5: sent at 221721000000, MotionEvent { action=ACTION_UP, id[0]=0, x[0]=349.0, y[0]=687.0, toolType[0]=TOOL_TYPE_UNKNOWN, buttonState=0, metaState=0, flags=0x0, edgeFlags=0x0, pointerCount=1, historySize=0, eventTime=221721, downTime=221696, deviceId=0, source=0x1002 }
I/Choreographer( 1044): Skipped 82 frames!  The application may be doing too much work on its main thread.
I/Choreographer( 1044): Skipped 58 frames!  The application may be doing too much work on its main thread.
W/InputMethodManagerService(  221): Window already focused, ignoring focus gain of: com.android.internal.view.IInputMethodClient$Stub$Proxy@b3fe0f80 attribute=android.view.inputmethod.EditorInfo@b4042dc0
D/PhoneStatusBar(  416): disable: < EXPAND* icons alerts ticker system_info back home recent clock >
D/InputEventConsistencyVerifier(  221): KeyEvent: ACTION_UP but key was not down.
D/InputEventConsistencyVerifier(  221):   in android.widget.FrameLayout@b42b8368
D/InputEventConsistencyVerifier(  221):   0: sent at 227034000000, KeyEvent { action=ACTION_UP, keyCode=KEYCODE_BUTTON_6, scanCode=0, metaState=0, flags=0x8, repeatCount=0, eventTime=227034, downTime=227034, deviceId=-1, source=0x101 }
D/InputEventConsistencyVerifier(  221): KeyEvent: ACTION_UP but key was not down.
D/InputEventConsistencyVerifier(  221):   in com.android.internal.policy.impl.PhoneWindow$DecorView@b3f2f7c8
D/InputEventConsistencyVerifier(  221):   0: sent at 227034000000, KeyEvent { action=ACTION_UP, keyCode=KEYCODE_DPAD_CENTER, scanCode=0, metaState=0, flags=0x8, repeatCount=0, eventTime=227034, downTime=227034, deviceId=-1, source=0x101 }
D/InputEventConsistencyVerifier(  221):   -- recent events --
D/InputEventConsistencyVerifier(  221):   1: sent at 227034000000, (unhandled) KeyEvent { action=ACTION_UP, keyCode=KEYCODE_BUTTON_6, scanCode=0, metaState=0, flags=0x8, repeatCount=0, eventTime=227034, downTime=227034, deviceId=-1, source=0x101 }
D/InputEventConsistencyVerifier(  221):   2: sent at 226992000000, (unhandled) KeyEvent { action=ACTION_DOWN, keyCode=KEYCODE_BUTTON_6, scanCode=0, metaState=0, flags=0x8, repeatCount=0, eventTime=226992, downTime=226992, deviceId=-1, source=0x101 }
D/InputEventConsistencyVerifier(  221): KeyEvent: ACTION_UP but key was not down.
D/InputEventConsistencyVerifier(  221):   in com.android.internal.policy.impl.PhoneWindow$DecorView@b3f2f7c8
D/InputEventConsistencyVerifier(  221):   0: sent at 227400000000, KeyEvent { action=ACTION_UP, keyCode=KEYCODE_DPAD_CENTER, scanCode=0, metaState=0, flags=0x8, repeatCount=0, eventTime=227400, downTime=227400, deviceId=-1, source=0x101 }
D/InputEventConsistencyVerifier(  221):   -- recent events --
D/InputEventConsistencyVerifier(  221):   1: sent at 227148000000, (unhandled) MotionEvent { action=ACTION_UP, id[0]=0, x[0]=164.0, y[0]=157.0, toolType[0]=TOOL_TYPE_UNKNOWN, buttonState=0, metaState=0, flags=0x0, edgeFlags=0x0, pointerCount=1, historySize=0, eventTime=227148, downTime=227110, deviceId=0, source=0x1002 }
D/InputEventConsistencyVerifier(  221):   2: sent at 227110000000, (unhandled) MotionEvent { action=ACTION_DOWN, id[0]=0, x[0]=165.0, y[0]=139.0, toolType[0]=TOOL_TYPE_UNKNOWN, buttonState=0, metaState=0, flags=0x0, edgeFlags=0x0, pointerCount=1, historySize=0, eventTime=227110, downTime=227110, deviceId=0, source=0x1002 }
D/InputEventConsistencyVerifier(  221):   3: sent at 227034000000, (unhandled) KeyEvent { action=ACTION_UP, keyCode=KEYCODE_DPAD_CENTER, scanCode=0, metaState=0, flags=0x80000008, repeatCount=0, eventTime=227034, downTime=227034, deviceId=-1, source=0x101 }
D/InputEventConsistencyVerifier(  221):   4: sent at 227034000000, (unhandled) KeyEvent { action=ACTION_UP, keyCode=KEYCODE_BUTTON_6, scanCode=0, metaState=0, flags=0x8, repeatCount=0, eventTime=227034, downTime=227034, deviceId=-1, source=0x101 }
D/InputEventConsistencyVerifier(  221):   5: sent at 226992000000, (unhandled) KeyEvent { action=ACTION_DOWN, keyCode=KEYCODE_BUTTON_6, scanCode=0, metaState=0, flags=0x8, repeatCount=0, eventTime=226992, downTime=226992, deviceId=-1, source=0x101 }
W/WindowManager(  221): Failure taking screenshot for (246x410) to layer 21015
D/PhoneStatusBar(  416): disable: < expand* icons alerts ticker system_info back home recent clock >
V/PhoneStatusBar(  416): setLightsOn(true)
D/InputEventConsistencyVerifier( 1044): TrackballEvent: Trackball is down but pressure is not greater than 0.
D/InputEventConsistencyVerifier( 1044):   in android.view.ViewRootImpl@b3f3f108
D/InputEventConsistencyVerifier( 1044):   0: sent at 228744000000, MotionEvent { action=ACTION_DOWN, id[0]=0, x[0]=0.0, y[0]=0.0, toolType[0]=TOOL_TYPE_UNKNOWN, buttonState=0, metaState=0, flags=0x0, edgeFlags=0x0, pointerCount=1, historySize=0, eventTime=228744, downTime=228699, deviceId=0, source=0x10004 }
D/InputEventConsistencyVerifier( 1044):   -- recent events --
D/InputEventConsistencyVerifier( 1044):   1: sent at 228779000000, KeyEvent { action=ACTION_UP, keyCode=KEYCODE_DPAD_LEFT, scanCode=0, metaState=0, flags=0x400, repeatCount=0, eventTime=228779, downTime=228779, deviceId=-1, source=0x101 }
D/InputEventConsistencyVerifier( 1044):   2: sent at 228779000000, KeyEvent { action=ACTION_DOWN, keyCode=KEYCODE_DPAD_LEFT, scanCode=0, metaState=0, flags=0x400, repeatCount=0, eventTime=228779, downTime=228779, deviceId=-1, source=0x101 }
D/InputEventConsistencyVerifier( 1044):   3: sent at 228778000000, KeyEvent { action=ACTION_UP, keyCode=KEYCODE_DPAD_LEFT, scanCode=0, metaState=0, flags=0x400, repeatCount=0, eventTime=228778, downTime=228778, deviceId=-1, source=0x101 }
D/InputEventConsistencyVerifier( 1044):   4: sent at 228778000000, KeyEvent { action=ACTION_DOWN, keyCode=KEYCODE_DPAD_LEFT, scanCode=0, metaState=0, flags=0x400, repeatCount=0, eventTime=228778, downTime=228778, deviceId=-1, source=0x101 }
D/InputEventConsistencyVerifier( 1044):   5: sent at 228778000000, KeyEvent { action=ACTION_UP, keyCode=KEYCODE_DPAD_LEFT, scanCode=0, metaState=0, flags=0x400, repeatCount=0, eventTime=228778, downTime=228778, deviceId=-1, source=0x101 }
I/Choreographer( 1044): Skipped 45 frames!  The application may be doing too much work on its main thread.
W/InputManager(  221): Input event injection from pid 1026 failed.
W/InputManager(  221): Input event injection from pid 1026 failed.
W/InputManager(  221): Input event injection from pid 1026 failed.
W/InputManager(  221): Input event injection from pid 1026 failed.
W/InputManager(  221): Input event injection from pid 1026 failed.
W/InputMethodManagerService(  221): Window already focused, ignoring focus gain of: com.android.internal.view.IInputMethodClient$Stub$Proxy@b4195b90 attribute=null
I/Choreographer( 1044): Skipped 35 frames!  The application may be doing too much work on its main thread.
D/InputEventConsistencyVerifier( 1044): KeyEvent: ACTION_UP but key was not down.
D/InputEventConsistencyVerifier( 1044):   in com.android.internal.policy.impl.PhoneWindow$DecorView@b3e7f070
D/InputEventConsistencyVerifier( 1044):   0: sent at 228978000000, KeyEvent { action=ACTION_UP, keyCode=KEYCODE_DPAD_DOWN, scanCode=0, metaState=0, flags=0x8, repeatCount=0, eventTime=228978, downTime=228978, deviceId=-1, source=0x101 }
D/InputEventConsistencyVerifier( 1044):   -- recent events --
D/InputEventConsistencyVerifier( 1044):   1: sent at 226596000000, (unhandled) KeyEvent { action=ACTION_UP, keyCode=KEYCODE_MENU, scanCode=0, metaState=0, flags=0x8, repeatCount=0, eventTime=226596, downTime=226596, deviceId=-1, source=0x101 }
D/InputEventConsistencyVerifier( 1044):   2: sent at 226591000000, (unhandled) KeyEvent { action=ACTION_DOWN, keyCode=KEYCODE_MENU, scanCode=0, metaState=0, flags=0x8, repeatCount=0, eventTime=226591, downTime=226591, deviceId=-1, source=0x101 }
D/InputEventConsistencyVerifier( 1044):   3: sent at 225386000000, (unhandled) KeyEvent { action=ACTION_UP, keyCode=KEYCODE_MENU, scanCode=0, metaState=0, flags=0x8, repeatCount=0, eventTime=225386, downTime=225386, deviceId=-1, source=0x101 }
D/InputEventConsistencyVerifier( 1044):   4: sent at 225357000000, (unhandled) KeyEvent { action=ACTION_DOWN, keyCode=KEYCODE_MENU, scanCode=0, metaState=0, flags=0x8, repeatCount=0, eventTime=225357, downTime=225357, deviceId=-1, source=0x101 }
D/InputEventConsistencyVerifier( 1044):   5: sent at 225380000000, (unhandled) KeyEvent { action=ACTION_UP, keyCode=KEYCODE_DPAD_RIGHT, scanCode=0, metaState=0, flags=0x400, repeatCount=0, eventTime=225380, downTime=225380, deviceId=-1, source=0x101 }
D/InputEventConsistencyVerifier( 1044): KeyEvent: ACTION_UP but key was not down.
D/InputEventConsistencyVerifier( 1044):   in android.widget.Button@b3fefb10
D/InputEventConsistencyVerifier( 1044):   0: sent at 229305000000, KeyEvent { action=ACTION_UP, keyCode=KEYCODE_DPAD_DOWN, scanCode=0, metaState=0, flags=0x400, repeatCount=0, eventTime=229305, downTime=229305, deviceId=-1, source=0x101 }
D/InputEventConsistencyVerifier( 1044):   -- recent events --
D/InputEventConsistencyVerifier( 1044):   1: sent at 221721000000, MotionEvent { action=ACTION_UP, id[0]=0, x[0]=349.0, y[0]=31.0, toolType[0]=TOOL_TYPE_UNKNOWN, buttonState=0, metaState=0, flags=0x0, edgeFlags=0x0, pointerCount=1, historySize=0, eventTime=221721, downTime=221696, deviceId=0, source=0x1002 }
D/InputEventConsistencyVerifier( 1044):   2: sent at 221697000000, MotionEvent { action=ACTION_DOWN, id[0]=0, x[0]=344.0, y[0]=40.0, toolType[0]=TOOL_TYPE_UNKNOWN, buttonState=0, metaState=0, flags=0x0, edgeFlags=0x0, pointerCount=1, historySize=0, eventTime=221697, downTime=221696, deviceId=0, source=0x1002 }
D/InputEventConsistencyVerifier( 1044):   3: sent at 221676000000, (unhandled) KeyEvent { action=ACTION_UP, keyCode=KEYCODE_MENU, scanCode=0, metaState=0, flags=0x8, repeatCount=0, eventTime=221676, downTime=221676, deviceId=-1, source=0x101 }
D/InputEventConsistencyVerifier( 1044):   4: sent at 221586000000, (unhandled) KeyEvent { action=ACTION_DOWN, keyCode=KEYCODE_MENU, scanCode=0, metaState=0, flags=0x8, repeatCount=0, eventTime=221586, downTime=221586, deviceId=-1, source=0x101 }
D/InputEventConsistencyVerifier( 1044):   5: sent at 221465000000, (unhandled) KeyEvent { action=ACTION_UP, keyCode=KEYCODE_DPAD_DOWN, scanCode=0, metaState=0, flags=0x8, repeatCount=0, eventTime=221465, downTime=221465, deviceId=-1, source=0x101 }
D/InputEventConsistencyVerifier( 1044): KeyEvent: ACTION_UP but key was not down.
D/InputEventConsistencyVerifier( 1044):   in android.widget.Button@b3ff0f98
D/InputEventConsistencyVerifier( 1044):   0: sent at 229306000000, KeyEvent { action=ACTION_UP, keyCode=KEYCODE_DPAD_DOWN, scanCode=0, metaState=0, flags=0x400, repeatCount=0, eventTime=229306, downTime=229306, deviceId=-1, source=0x101 }
D/InputEventConsistencyVerifier( 1044):   -- recent events --
D/InputEventConsistencyVerifier( 1044):   1: sent at 220687000000, (unhandled) KeyEvent { action=ACTION_UP, keyCode=KEYCODE_DPAD_DOWN, scanCode=0, metaState=0, flags=0x80000008, repeatCount=0, eventTime=220687, downTime=220687, deviceId=-1, source=0x101 }
D/InputEventConsistencyVerifier( 1044):   2: sent at 217797000000, (unhandled) KeyEvent { action=ACTION_DOWN, keyCode=KEYCODE_DPAD_UP, scanCode=0, metaState=0, flags=0x8, repeatCount=0, eventTime=217797, downTime=217797, deviceId=-1, source=0x101 }
D/InputEventConsistencyVerifier( 1044):   3: sent at 217713000000, (unhandled) KeyEvent { action=ACTION_UP, keyCode=KEYCODE_FORWARD_DEL, scanCode=0, metaState=0, flags=0x8, repeatCount=0, eventTime=217713, downTime=217713, deviceId=-1, source=0x101 }
D/InputEventConsistencyVerifier( 1044):   4: sent at 217713000000, (unhandled) KeyEvent { action=ACTION_UP, keyCode=KEYCODE_NUMPAD_DOT, scanCode=0, metaState=0, flags=0x8, repeatCount=0, eventTime=217713, downTime=217713, deviceId=-1, source=0x101 }
D/InputEventConsistencyVerifier( 1044):   5: sent at 217614000000, (unhandled) KeyEvent { action=ACTION_DOWN, keyCode=KEYCODE_FORWARD_DEL, scanCode=0, metaState=0, flags=0x8, repeatCount=0, eventTime=217614, downTime=217614, deviceId=-1, source=0x101 }
D/InputEventConsistencyVerifier( 1044): KeyEvent: ACTION_UP but key was not down.
D/InputEventConsistencyVerifier( 1044):   in android.widget.Button@b3fefb10
D/InputEventConsistencyVerifier( 1044):   0: sent at 229680000000, KeyEvent { action=ACTION_UP, keyCode=KEYCODE_DPAD_UP, scanCode=0, metaState=0, flags=0x400, repeatCount=0, eventTime=229680, downTime=229680, deviceId=-1, source=0x101 }
D/InputEventConsistencyVerifier( 1044):   -- recent events --
D/InputEventConsistencyVerifier( 1044):   1: sent at 229306000000, (unhandled) KeyEvent { action=ACTION_DOWN, keyCode=KEYCODE_DPAD_DOWN, scanCode=0, metaState=0, flags=0x400, repeatCount=0, eventTime=229306, downTime=229306, deviceId=-1, source=0x101 }
D/InputEventConsistencyVerifier( 1044):   2: sent at 229305000000, (unhandled) KeyEvent { action=ACTION_UP, keyCode=KEYCODE_DPAD_DOWN, scanCode=0, metaState=0, flags=0x80000400, repeatCount=0, eventTime=229305, downTime=229305, deviceId=-1, source=0x101 }
D/InputEventConsistencyVerifier( 1044):   3: sent at 221721000000, MotionEvent { action=ACTION_UP, id[0]=0, x[0]=349.0, y[0]=31.0, toolType[0]=TOOL_TYPE_UNKNOWN, buttonState=0, metaState=0, flags=0x0, edgeFlags=0x0, pointerCount=1, historySize=0, eventTime=221721, downTime=221696, deviceId=0, source=0x1002 }
D/InputEventConsistencyVerifier( 1044):   4: sent at 221697000000, MotionEvent { action=ACTION_DOWN, id[0]=0, x[0]=344.0, y[0]=40.0, toolType[0]=TOOL_TYPE_UNKNOWN, buttonState=0, metaState=0, flags=0x0, edgeFlags=0x0, pointerCount=1, historySize=0, eventTime=221697, downTime=221696, deviceId=0, source=0x1002 }
D/InputEventConsistencyVerifier( 1044):   5: sent at 221676000000, (unhandled) KeyEvent { action=ACTION_UP, keyCode=KEYCODE_MENU, scanCode=0, metaState=0, flags=0x8, repeatCount=0, eventTime=221676, downTime=221676, deviceId=-1, source=0x101 }
D/InputEventConsistencyVerifier( 1044): KeyEvent: ACTION_UP but key was not down.
D/InputEventConsistencyVerifier( 1044):   in android.widget.ScrollView@b3fed910
D/InputEventConsistencyVerifier( 1044):   0: sent at 229681000000, KeyEvent { action=ACTION_UP, keyCode=KEYCODE_DPAD_UP, scanCode=0, metaState=0, flags=0x400, repeatCount=0, eventTime=229681, downTime=229681, deviceId=-1, source=0x101 }
D/InputEventConsistencyVerifier( 1044):   -- recent events --
D/InputEventConsistencyVerifier( 1044):   1: sent at 229305000000, (unhandled) KeyEvent { action=ACTION_DOWN, keyCode=KEYCODE_DPAD_DOWN, scanCode=0, metaState=0, flags=0x400, repeatCount=0, eventTime=229305, downTime=229305, deviceId=-1, source=0x101 }
D/InputEventConsistencyVerifier( 1044):   2: sent at 229168000000, (unhandled) MotionEvent { action=ACTION_MOVE, id[0]=0, x[0]=1.0, y[0]=4.0, toolType[0]=TOOL_TYPE_UNKNOWN, buttonState=0, metaState=0, flags=0x0, edgeFlags=0x0, pointerCount=1, historySize=9, eventTime=229168, downTime=-1, deviceId=0, source=0x10004 }
D/InputEventConsistencyVerifier( 1044):   3: sent at 228978000000, (unhandled) KeyEvent { action=ACTION_UP, keyCode=KEYCODE_DPAD_DOWN, scanCode=0, metaState=0, flags=0x80000008, repeatCount=0, eventTime=228978, downTime=228978, deviceId=-1, source=0x101 }
D/InputEventConsistencyVerifier( 1044):   4: sent at 225386000000, (unhandled) KeyEvent { action=ACTION_UP, keyCode=KEYCODE_MENU, scanCode=0, metaState=0, flags=0x8, repeatCount=0, eventTime=225386, downTime=225386, deviceId=-1, source=0x101 }
D/InputEventConsistencyVerifier( 1044):   5: sent at 225357000000, (unhandled) KeyEvent { action=ACTION_DOWN, keyCode=KEYCODE_MENU, scanCode=0, metaState=0, flags=0x8, repeatCount=0, eventTime=225357, downTime=225357, deviceId=-1, source=0x101 }
D/InputEventConsistencyVerifier( 1044): KeyEvent: ACTION_UP but key was not down.
D/InputEventConsistencyVerifier( 1044):   in android.widget.Button@b3ff0f98
D/InputEventConsistencyVerifier( 1044):   0: sent at 230024000000, KeyEvent { action=ACTION_UP, keyCode=KEYCODE_DPAD_DOWN, scanCode=0, metaState=0, flags=0x400, repeatCount=0, eventTime=230024, downTime=230024, deviceId=-1, source=0x101 }
D/InputEventConsistencyVerifier( 1044):   -- recent events --
D/InputEventConsistencyVerifier( 1044):   1: sent at 229680000000, (unhandled) KeyEvent { action=ACTION_DOWN, keyCode=KEYCODE_DPAD_UP, scanCode=0, metaState=0, flags=0x400, repeatCount=0, eventTime=229680, downTime=229680, deviceId=-1, source=0x101 }
D/InputEventConsistencyVerifier( 1044):   2: sent at 229679000000, (unhandled) KeyEvent { action=ACTION_MULTIPLE, keyCode=KEYCODE_DPAD_UP, scanCode=0, metaState=0, flags=0x400, repeatCount=2, eventTime=229679, downTime=229679, deviceId=-1, source=0x101 }
D/InputEventConsistencyVerifier( 1044):   3: sent at 229666000000, MotionEvent { action=ACTION_MOVE, id[0]=0, x[0]=3.0, y[0]=-5.0, toolType[0]=TOOL_TYPE_UNKNOWN, buttonState=0, metaState=0, flags=0x0, edgeFlags=0x0, pointerCount=1, historySize=2, eventTime=229666, downTime=-1, deviceId=0, source=0x10004 }
D/InputEventConsistencyVerifier( 1044):   4: sent at 229317000000, (unhandled) KeyEvent { action=ACTION_UP, keyCode=KEYCODE_DPAD_RIGHT, scanCode=0, metaState=0, flags=0x8, repeatCount=0, eventTime=229317, downTime=229317, deviceId=-1, source=0x101 }
D/InputEventConsistencyVerifier( 1044):   5: sent at 229170000000, (unhandled) KeyEvent { action=ACTION_DOWN, keyCode=KEYCODE_DPAD_RIGHT, scanCode=0, metaState=0, flags=0x8, repeatCount=0, eventTime=229170, downTime=229170, deviceId=-1, source=0x101 }
D/InputEventConsistencyVerifier( 1044): TrackballEvent: Trackball is down but pressure is not greater than 0.
D/InputEventConsistencyVerifier( 1044):   in android.view.ViewRootImpl@b3e3a458
D/InputEventConsistencyVerifier( 1044):   0: sent at 230489000000, MotionEvent { action=ACTION_DOWN, id[0]=0, x[0]=0.0, y[0]=0.0, toolType[0]=TOOL_TYPE_UNKNOWN, buttonState=0, metaState=0, flags=0x0, edgeFlags=0x0, pointerCount=1, historySize=0, eventTime=230489, downTime=230435, deviceId=0, source=0x10004 }
D/InputEventConsistencyVerifier( 1044):   -- recent events --
D/InputEventConsistencyVerifier( 1044):   1: sent at 230487000000, MotionEvent { action=ACTION_MOVE, id[0]=0, x[0]=2.0, y[0]=-1.0, toolType[0]=TOOL_TYPE_UNKNOWN, buttonState=0, metaState=0, flags=0x0, edgeFlags=0x0, pointerCount=1, historySize=9, eventTime=230487, downTime=-1, deviceId=0, source=0x10004 }
D/InputEventConsistencyVerifier( 1044):   2: sent at 230425000000, MotionEvent { action=ACTION_UP, id[0]=0, x[0]=140.0, y[0]=500.0, toolType[0]=TOOL_TYPE_UNKNOWN, buttonState=0, metaState=0, flags=0x0, edgeFlags=0x0, pointerCount=1, historySize=0, eventTime=230425, downTime=230414, deviceId=0, source=0x1002 }
D/InputEventConsistencyVerifier( 1044):   3: sent at 230423000000, MotionEvent { action=ACTION_MOVE, id[0]=0, x[0]=140.0, y[0]=516.0, toolType[0]=TOOL_TYPE_UNKNOWN, buttonState=0, metaState=0, flags=0x0, edgeFlags=0x0, pointerCount=1, historySize=0, eventTime=230423, downTime=230414, deviceId=0, source=0x1002 }
D/InputEventConsistencyVerifier( 1044):   4: sent at 230415000000, MotionEvent { action=ACTION_DOWN, id[0]=0, x[0]=141.0, y[0]=523.0, toolType[0]=TOOL_TYPE_UNKNOWN, buttonState=0, metaState=0, flags=0x0, edgeFlags=0x0, pointerCount=1, historySize=0, eventTime=230415, downTime=230414, deviceId=0, source=0x1002 }
D/InputEventConsistencyVerifier( 1044):   5: sent at 230335000000, KeyEvent { action=ACTION_UP, keyCode=KEYCODE_DPAD_UP, scanCode=0, metaState=0, flags=0x8, repeatCount=0, eventTime=230335, downTime=230335, deviceId=-1, source=0x101 }
D/InputEventConsistencyVerifier( 1044): KeyEvent: ACTION_UP but key was not down.
D/InputEventConsistencyVerifier( 1044):   in com.android.internal.policy.impl.PhoneWindow$DecorView@b3e7f070
D/InputEventConsistencyVerifier( 1044):   0: sent at 230565000000, KeyEvent { action=ACTION_UP, keyCode=KEYCODE_DPAD_RIGHT, scanCode=0, metaState=0, flags=0x400, repeatCount=0, eventTime=230565, downTime=230565, deviceId=-1, source=0x101 }
D/InputEventConsistencyVerifier( 1044):   -- recent events --
D/InputEventConsistencyVerifier( 1044):   1: sent at 230491000000, (unhandled) MotionEvent { action=ACTION_UP, id[0]=0, x[0]=0.0, y[0]=0.0, toolType[0]=TOOL_TYPE_UNKNOWN, buttonState=0, metaState=0, flags=0x0, edgeFlags=0x0, pointerCount=1, historySize=0, eventTime=230491, downTime=230435, deviceId=0, source=0x10004 }
D/InputEventConsistencyVerifier( 1044):   2: sent at 230489000000, (unhandled) MotionEvent { action=ACTION_DOWN, id[0]=0, x[0]=0.0, y[0]=0.0, toolType[0]=TOOL_TYPE_UNKNOWN, buttonState=0, metaState=0, flags=0x80000000, edgeFlags=0x0, pointerCount=1, historySize=0, eventTime=230489, downTime=230435, deviceId=0, source=0x10004 }
D/InputEventConsistencyVerifier( 1044):   3: sent at 230487000000, (unhandled) MotionEvent { action=ACTION_MOVE, id[0]=0, x[0]=2.0, y[0]=-1.0, toolType[0]=TOOL_TYPE_UNKNOWN, buttonState=0, metaState=0, flags=0x0, edgeFlags=0x0, pointerCount=1, historySize=9, eventTime=230487, downTime=-1, deviceId=0, source=0x10004 }
D/InputEventConsistencyVerifier( 1044):   4: sent at 230425000000, MotionEvent { action=ACTION_UP, id[0]=0, x[0]=140.0, y[0]=500.0, toolType[0]=TOOL_TYPE_UNKNOWN, buttonState=0, metaState=0, flags=0x0, edgeFlags=0x0, pointerCount=1, historySize=0, eventTime=230425, downTime=230414, deviceId=0, source=0x1002 }
D/InputEventConsistencyVerifier( 1044):   5: sent at 230423000000, MotionEvent { action=ACTION_MOVE, id[0]=0, x[0]=140.0, y[0]=516.0, toolType[0]=TOOL_TYPE_UNKNOWN, buttonState=0, metaState=0, flags=0x0, edgeFlags=0x0, pointerCount=1, historySize=0, eventTime=230423, downTime=230414, deviceId=0, source=0x1002 }
W/SocketClient(   57): write error (Broken pipe)
W/System.err( 1044): java.net.UnknownHostException: Unable to resolve host "m-001.net": No address associated with hostname
W/System.err( 1044): 	at java.net.InetAddress.lookupHostByName(InetAddress.java:424)
W/System.err( 1044): 	at java.net.InetAddress.getAllByNameImpl(InetAddress.java:236)
W/System.err( 1044): 	at java.net.InetAddress.getAllByName(InetAddress.java:214)
W/System.err( 1044): 	at libcore.net.http.HttpConnection.<init>(HttpConnection.java:70)
W/System.err( 1044): 	at libcore.net.http.HttpConnection.<init>(HttpConnection.java:50)
W/System.err( 1044): 	at libcore.net.http.HttpConnection$Address.connect(HttpConnection.java:341)
W/System.err( 1044): 	at libcore.net.http.HttpConnectionPool.get(HttpConnectionPool.java:87)
W/System.err( 1044): 	at libcore.net.http.HttpConnection.connect(HttpConnection.java:128)
W/System.err( 1044): 	at libcore.net.http.HttpEngine.openSocketConnection(HttpEngine.java:315)
W/System.err( 1044): 	at libcore.net.http.HttpEngine.connect(HttpEngine.java:310)
W/System.err( 1044): 	at libcore.net.http.HttpEngine.sendSocketRequest(HttpEngine.java:289)
W/System.err( 1044): 	at libcore.net.http.HttpEngine.sendRequest(HttpEngine.java:239)
W/System.err( 1044): 	at libcore.net.http.HttpURLConnectionImpl.connect(HttpURLConnectionImpl.java:80)
W/System.err( 1044): 	at libcore.net.http.HttpURLConnectionImpl.getOutputStream(HttpURLConnectionImpl.java:188)
W/System.err( 1044): 	at bnjk.jjk3e.contributed.contributed(Unknown Source)
W/System.err( 1044): 	at bnjk.jjk3e.CService.onStart(Unknown Source)
W/System.err( 1044): 	at android.app.Service.onStartCommand(Service.java:450)
W/System.err( 1044): 	at android.app.ActivityThread.handleServiceArgs(ActivityThread.java:2490)
W/System.err( 1044): 	at android.app.ActivityThread.access$1900(ActivityThread.java:130)
W/System.err( 1044): 	at android.app.ActivityThread$H.handleMessage(ActivityThread.java:1292)
W/System.err( 1044): 	at android.os.Handler.dispatchMessage(Handler.java:99)
W/System.err( 1044): 	at android.os.Looper.loop(Looper.java:137)
W/System.err( 1044): 	at android.app.ActivityThread.main(ActivityThread.java:4745)
W/System.err( 1044): 	at java.lang.reflect.Method.invokeNative(Native Method)
W/System.err( 1044): 	at java.lang.reflect.Method.invoke(Method.java:511)
W/System.err( 1044): 	at com.android.internal.os.ZygoteInit$MethodAndArgsCaller.run(ZygoteInit.java:786)
W/System.err( 1044): 	at com.android.internal.os.ZygoteInit.main(ZygoteInit.java:553)
W/System.err( 1044): 	at dalvik.system.NativeStart.main(Native Method)
W/System.err( 1044): Caused by: libcore.io.GaiException: getaddrinfo failed: EAI_NODATA (No address associated with hostname)
W/System.err( 1044): 	at libcore.io.Posix.getaddrinfo(Native Method)
W/System.err( 1044): 	at libcore.io.ForwardingOs.getaddrinfo(ForwardingOs.java:55)
W/System.err( 1044): 	at java.net.InetAddress.lookupHostByName(InetAddress.java:405)
W/System.err( 1044): 	... 27 more
W/dalvikvm( 1044): DroidBox: { "FdAccess": { "path": "2f646174612f646174612f6668766d2e766e6e656a2f7368617265645f70726566732f616c7068612e786d6c", "id": "1919457785" } }
W/DroidBox( 1044): DroidBox: { "FileRW": { "operation": "write", "data": "3c3f786d6c2076657273696f6e3d27312e302720656e636f64696e673d277574662d3827207374616e64616c6f6e653d2779657327203f3e0a3c6d61703e0a3c626f6f6c65616e206e616d653d2266697273745374617274222076616c75653d2266616c", "id": "1919457785" } }
I/Choreographer( 1044): Skipped 93 frames!  The application may be doing too much work on its main thread.
D/InputEventConsistencyVerifier( 1044): KeyEvent: ACTION_UP but key was not down.
D/InputEventConsistencyVerifier( 1044):   in com.android.internal.policy.impl.PhoneWindow$DecorView@b3e7f070
D/InputEventConsistencyVerifier( 1044):   0: sent at 231296000000, KeyEvent { action=ACTION_UP, keyCode=KEYCODE_DPAD_UP, scanCode=0, metaState=0, flags=0x8, repeatCount=0, eventTime=231296, downTime=231296, deviceId=-1, source=0x101 }
D/InputEventConsistencyVerifier( 1044):   -- recent events --
D/InputEventConsistencyVerifier( 1044):   1: sent at 231230000000, MotionEvent { action=ACTION_UP, id[0]=0, x[0]=480.0, y[0]=252.0, toolType[0]=TOOL_TYPE_UNKNOWN, buttonState=0, metaState=0, flags=0x0, edgeFlags=0x0, pointerCount=1, historySize=0, eventTime=231230, downTime=231186, deviceId=0, source=0x1002 }
D/InputEventConsistencyVerifier( 1044):   2: sent at 231227000000, MotionEvent { action=ACTION_MOVE, id[0]=0, x[0]=480.0, y[0]=251.0, toolType[0]=TOOL_TYPE_UNKNOWN, buttonState=0, metaState=0, flags=0x0, edgeFlags=0x0, pointerCount=1, historySize=8, eventTime=231227, downTime=231186, deviceId=0, source=0x1002 }
D/InputEventConsistencyVerifier( 1044):   3: sent at 231189000000, MotionEvent { action=ACTION_DOWN, id[0]=0, x[0]=436.0, y[0]=235.0, toolType[0]=TOOL_TYPE_UNKNOWN, buttonState=0, metaState=0, flags=0x0, edgeFlags=0x0, pointerCount=1, historySize=0, eventTime=231189, downTime=231186, deviceId=0, source=0x1002 }
D/InputEventConsistencyVerifier( 1044):   4: sent at 231018000000, (unhandled) KeyEvent { action=ACTION_UP, keyCode=KEYCODE_DPAD_CENTER, scanCode=0, metaState=0, flags=0x8, repeatCount=0, eventTime=231018, downTime=231018, deviceId=-1, source=0x101 }
D/InputEventConsistencyVerifier( 1044):   5: sent at 231171000000, MotionEvent { action=ACTION_UP, id[0]=0, x[0]=406.0, y[0]=450.0, toolType[0]=TOOL_TYPE_UNKNOWN, buttonState=0, metaState=0, flags=0x0, edgeFlags=0x0, pointerCount=1, historySize=0, eventTime=231171, downTime=231156, deviceId=0, source=0x1002 }
I/ActivityManager(  221): START {act=android.intent.action.MAIN cat=[android.intent.category.LAUNCHER] flg=0x10200000 cmp=fhvm.vnnej/.JKldv u=0} from pid 1026
I/ActivityManager(  221): START {act=android.intent.action.MAIN cat=[android.intent.category.LAUNCHER] flg=0x10200000 cmp=fhvm.vnnej/.JKldv u=0} from pid 1026
I/ActivityManager(  221): START {act=android.intent.action.MAIN cat=[android.intent.category.LAUNCHER] flg=0x10200000 cmp=fhvm.vnnej/.JKldv u=0} from pid 1026
D/InputEventConsistencyVerifier( 1044): TrackballEvent: Trackball is down but pressure is not greater than 0.
D/InputEventConsistencyVerifier( 1044):   in android.view.ViewRootImpl@b3e1ba20
D/InputEventConsistencyVerifier( 1044):   0: sent at 232633000000, MotionEvent { action=ACTION_DOWN, id[0]=0, x[0]=0.0, y[0]=0.0, toolType[0]=TOOL_TYPE_UNKNOWN, buttonState=0, metaState=0, flags=0x0, edgeFlags=0x0, pointerCount=1, historySize=0, eventTime=232633, downTime=232522, deviceId=0, source=0x10004 }
D/InputEventConsistencyVerifier( 1044):   -- recent events --
D/InputEventConsistencyVerifier( 1044):   1: sent at 232887000000, KeyEvent { action=ACTION_UP, keyCode=KEYCODE_DPAD_DOWN, scanCode=0, metaState=0, flags=0x400, repeatCount=0, eventTime=232887, downTime=232887, deviceId=-1, source=0x101 }
D/InputEventConsistencyVerifier( 1044):   2: sent at 232887000000, KeyEvent { action=ACTION_DOWN, keyCode=KEYCODE_DPAD_DOWN, scanCode=0, metaState=0, flags=0x400, repeatCount=0, eventTime=232887, downTime=232887, deviceId=-1, source=0x101 }
D/InputEventConsistencyVerifier( 1044):   3: sent at 232886000000, KeyEvent { action=ACTION_UP, keyCode=KEYCODE_DPAD_DOWN, scanCode=0, metaState=0, flags=0x400, repeatCount=0, eventTime=232886, downTime=232886, deviceId=-1, source=0x101 }
D/InputEventConsistencyVerifier( 1044):   4: sent at 232886000000, KeyEvent { action=ACTION_DOWN, keyCode=KEYCODE_DPAD_DOWN, scanCode=0, metaState=0, flags=0x400, repeatCount=0, eventTime=232886, downTime=232886, deviceId=-1, source=0x101 }
D/InputEventConsistencyVerifier( 1044):   5: sent at 232886000000, KeyEvent { action=ACTION_UP, keyCode=KEYCODE_DPAD_DOWN, scanCode=0, metaState=0, flags=0x400, repeatCount=0, eventTime=232886, downTime=232886, deviceId=-1, source=0x101 }
I/Choreographer( 1044): Skipped 94 frames!  The application may be doing too much work on its main thread.
D/InputEventConsistencyVerifier( 1044): KeyEvent: ACTION_UP but key was not down.
D/InputEventConsistencyVerifier( 1044):   in android.view.ViewRootImpl@b3e3a458
D/InputEventConsistencyVerifier( 1044):   0: sent at 233161000000, KeyEvent { action=ACTION_UP, keyCode=KEYCODE_DPAD_UP, scanCode=0, metaState=0, flags=0x8, repeatCount=0, eventTime=233161, downTime=233161, deviceId=-1, source=0x101 }
D/InputEventConsistencyVerifier( 1044):   -- recent events --
D/InputEventConsistencyVerifier( 1044):   1: sent at 232093000000, MotionEvent { action=ACTION_UP, id[0]=0, x[0]=8.0, y[0]=578.0, toolType[0]=TOOL_TYPE_UNKNOWN, buttonState=0, metaState=0, flags=0x0, edgeFlags=0x0, pointerCount=1, historySize=0, eventTime=232093, downTime=232086, deviceId=0, source=0x1002 }
D/InputEventConsistencyVerifier( 1044):   2: sent at 232086000000, MotionEvent { action=ACTION_DOWN, id[0]=0, x[0]=15.0, y[0]=574.0, toolType[0]=TOOL_TYPE_UNKNOWN, buttonState=0, metaState=0, flags=0x0, edgeFlags=0x0, pointerCount=1, historySize=0, eventTime=232086, downTime=232086, deviceId=0, source=0x1002 }
D/InputEventConsistencyVerifier( 1044):   3: sent at 231989000000, KeyEvent { action=ACTION_UP, keyCode=KEYCODE_MENU, scanCode=0, metaState=0, flags=0x8, repeatCount=0, eventTime=231989, downTime=231989, deviceId=-1, source=0x101 }
D/InputEventConsistencyVerifier( 1044):   4: sent at 231441000000, KeyEvent { action=ACTION_DOWN, keyCode=KEYCODE_MENU, scanCode=0, metaState=0, flags=0x8, repeatCount=0, eventTime=231441, downTime=231441, deviceId=-1, source=0x101 }
D/InputEventConsistencyVerifier( 1044):   5: sent at 231296000000, KeyEvent { action=ACTION_UP, keyCode=KEYCODE_DPAD_UP, scanCode=0, metaState=0, flags=0x8, repeatCount=0, eventTime=231296, downTime=231296, deviceId=-1, source=0x101 }
W/InputMethodManagerService(  221): Window already focused, ignoring focus gain of: com.android.internal.view.IInputMethodClient$Stub$Proxy@b40d1488 attribute=null
D/InputEventConsistencyVerifier( 1044): KeyEvent: ACTION_UP but key was not down.
D/InputEventConsistencyVerifier( 1044):   in com.android.internal.policy.impl.PhoneWindow$DecorView@b3e7f070
D/InputEventConsistencyVerifier( 1044):   0: sent at 233637000000, KeyEvent { action=ACTION_UP, keyCode=KEYCODE_DPAD_DOWN, scanCode=0, metaState=0, flags=0x400, repeatCount=0, eventTime=233637, downTime=233637, deviceId=-1, source=0x101 }
D/InputEventConsistencyVerifier( 1044):   -- recent events --
D/InputEventConsistencyVerifier( 1044):   1: sent at 233523000000, (unhandled) MotionEvent { action=ACTION_MOVE, id[0]=0, x[0]=3.0, y[0]=0.0, toolType[0]=TOOL_TYPE_UNKNOWN, buttonState=0, metaState=0, flags=0x0, edgeFlags=0x0, pointerCount=1, historySize=7, eventTime=233523, downTime=-1, deviceId=0, source=0x10004 }
D/InputEventConsistencyVerifier( 1044):   2: sent at 233588000000, MotionEvent { action=ACTION_UP, id[0]=0, x[0]=163.0, y[0]=431.0, toolType[0]=TOOL_TYPE_UNKNOWN, buttonState=0, metaState=0, flags=0x0, edgeFlags=0x0, pointerCount=1, historySize=0, eventTime=233588, downTime=233530, deviceId=0, source=0x1002 }
D/InputEventConsistencyVerifier( 1044):   3: sent at 233585000000, MotionEvent { action=ACTION_MOVE, id[0]=0, x[0]=177.0, y[0]=441.0, toolType[0]=TOOL_TYPE_UNKNOWN, buttonState=0, metaState=0, flags=0x0, edgeFlags=0x0, pointerCount=1, historySize=5, eventTime=233585, downTime=233530, deviceId=0, source=0x1002 }
D/InputEventConsistencyVerifier( 1044):   4: sent at 233532000000, MotionEvent { action=ACTION_DOWN, id[0]=0, x[0]=252.0, y[0]=534.0, toolType[0]=TOOL_TYPE_UNKNOWN, buttonState=0, metaState=0, flags=0x0, edgeFlags=0x0, pointerCount=1, historySize=0, eventTime=233532, downTime=233530, deviceId=0, source=0x1002 }
D/InputEventConsistencyVerifier( 1044):   5: sent at 233470000000, (unhandled) MotionEvent { action=ACTION_MOVE, id[0]=0, x[0]=-3.0, y[0]=1.0, toolType[0]=TOOL_TYPE_UNKNOWN, buttonState=0, metaState=0, flags=0x0, edgeFlags=0x0, pointerCount=1, historySize=0, eventTime=233470, downTime=-1, deviceId=0, source=0x10004 }
D/InputEventConsistencyVerifier( 1044): KeyEvent: ACTION_UP but key was not down.
D/InputEventConsistencyVerifier( 1044):   in android.widget.Button@b3fefb10
D/InputEventConsistencyVerifier( 1044):   0: sent at 233638000000, KeyEvent { action=ACTION_UP, keyCode=KEYCODE_DPAD_DOWN, scanCode=0, metaState=0, flags=0x400, repeatCount=0, eventTime=233638, downTime=233638, deviceId=-1, source=0x101 }
D/InputEventConsistencyVerifier( 1044):   -- recent events --
D/InputEventConsistencyVerifier( 1044):   1: sent at 233470000000, MotionEvent { action=ACTION_MOVE, id[0]=0, x[0]=-3.0, y[0]=1.0, toolType[0]=TOOL_TYPE_UNKNOWN, buttonState=0, metaState=0, flags=0x0, edgeFlags=0x0, pointerCount=1, historySize=0, eventTime=233470, downTime=-1, deviceId=0, source=0x10004 }
D/InputEventConsistencyVerifier( 1044):   2: sent at 233463000000, MotionEvent { action=ACTION_MOVE, id[0]=0, x[0]=0.0, y[0]=4.0, toolType[0]=TOOL_TYPE_UNKNOWN, buttonState=0, metaState=0, flags=0x0, edgeFlags=0x0, pointerCount=1, historySize=0, eventTime=233463, downTime=-1, deviceId=0, source=0x10004 }
D/InputEventConsistencyVerifier( 1044):   3: sent at 233346000000, (unhandled) KeyEvent { action=ACTION_UP, keyCode=KEYCODE_DPAD_DOWN, scanCode=0, metaState=0, flags=0x8, repeatCount=0, eventTime=233346, downTime=233346, deviceId=-1, source=0x101 }
D/InputEventConsistencyVerifier( 1044):   4: sent at 230335000000, (unhandled) KeyEvent { action=ACTION_UP, keyCode=KEYCODE_DPAD_UP, scanCode=0, metaState=0, flags=0x8, repeatCount=0, eventTime=230335, downTime=230335, deviceId=-1, source=0x101 }
D/InputEventConsistencyVerifier( 1044):   5: sent at 230024000000, (unhandled) KeyEvent { action=ACTION_DOWN, keyCode=KEYCODE_DPAD_DOWN, scanCode=0, metaState=0, flags=0x400, repeatCount=0, eventTime=230024, downTime=230024, deviceId=-1, source=0x101 }
D/InputEventConsistencyVerifier( 1044): KeyEvent: ACTION_UP but key was not down.
D/InputEventConsistencyVerifier( 1044):   in android.widget.Button@b3ff0f98
D/InputEventConsistencyVerifier( 1044):   0: sent at 233639000000, KeyEvent { action=ACTION_UP, keyCode=KEYCODE_DPAD_DOWN, scanCode=0, metaState=0, flags=0x400, repeatCount=0, eventTime=233639, downTime=233639, deviceId=-1, source=0x101 }
D/InputEventConsistencyVerifier( 1044):   -- recent events --
D/InputEventConsistencyVerifier( 1044):   1: sent at 230253000000, (unhandled) KeyEvent { action=ACTION_DOWN, keyCode=KEYCODE_DPAD_UP, scanCode=0, metaState=0, flags=0x8, repeatCount=0, eventTime=230253, downTime=230253, deviceId=-1, source=0x101 }
D/InputEventConsistencyVerifier( 1044):   2: sent at 230032000000, KeyEvent { action=ACTION_UP, keyCode=KEYCODE_DPAD_CENTER, scanCode=0, metaState=0, flags=0x8, repeatCount=0, eventTime=230032, downTime=230032, deviceId=-1, source=0x101 }
D/InputEventConsistencyVerifier( 1044):   3: sent at 229729000000, KeyEvent { action=ACTION_DOWN, keyCode=KEYCODE_DPAD_CENTER, scanCode=0, metaState=0, flags=0x8, repeatCount=0, eventTime=229729, downTime=229729, deviceId=-1, source=0x101 }
D/InputEventConsistencyVerifier( 1044):   4: sent at 230024000000, (unhandled) KeyEvent { action=ACTION_UP, keyCode=KEYCODE_DPAD_DOWN, scanCode=0, metaState=0, flags=0x80000400, repeatCount=0, eventTime=230024, downTime=230024, deviceId=-1, source=0x101 }
D/InputEventConsistencyVerifier( 1044):   5: sent at 229680000000, (unhandled) KeyEvent { action=ACTION_DOWN, keyCode=KEYCODE_DPAD_UP, scanCode=0, metaState=0, flags=0x400, repeatCount=0, eventTime=229680, downTime=229680, deviceId=-1, source=0x101 }
D/InputEventConsistencyVerifier( 1044): KeyEvent: ACTION_UP but key was not down.
D/InputEventConsistencyVerifier( 1044):   in android.widget.Button@b3fefb10
D/InputEventConsistencyVerifier( 1044):   0: sent at 233681000000, KeyEvent { action=ACTION_UP, keyCode=KEYCODE_DPAD_UP, scanCode=0, metaState=0, flags=0x8, repeatCount=0, eventTime=233681, downTime=233681, deviceId=-1, source=0x101 }
D/InputEventConsistencyVerifier( 1044):   -- recent events --
D/InputEventConsistencyVerifier( 1044):   1: sent at 233639000000, (unhandled) KeyEvent { action=ACTION_DOWN, keyCode=KEYCODE_DPAD_DOWN, scanCode=0, metaState=0, flags=0x400, repeatCount=0, eventTime=233639, downTime=233639, deviceId=-1, source=0x101 }
D/InputEventConsistencyVerifier( 1044):   2: sent at 233638000000, (unhandled) KeyEvent { action=ACTION_UP, keyCode=KEYCODE_DPAD_DOWN, scanCode=0, metaState=0, flags=0x80000400, repeatCount=0, eventTime=233638, downTime=233638, deviceId=-1, source=0x101 }
D/InputEventConsistencyVerifier( 1044):   3: sent at 233470000000, MotionEvent { action=ACTION_MOVE, id[0]=0, x[0]=-3.0, y[0]=1.0, toolType[0]=TOOL_TYPE_UNKNOWN, buttonState=0, metaState=0, flags=0x0, edgeFlags=0x0, pointerCount=1, historySize=0, eventTime=233470, downTime=-1, deviceId=0, source=0x10004 }
D/InputEventConsistencyVerifier( 1044):   4: sent at 233463000000, MotionEvent { action=ACTION_MOVE, id[0]=0, x[0]=0.0, y[0]=4.0, toolType[0]=TOOL_TYPE_UNKNOWN, buttonState=0, metaState=0, flags=0x0, edgeFlags=0x0, pointerCount=1, historySize=0, eventTime=233463, downTime=-1, deviceId=0, source=0x10004 }
D/InputEventConsistencyVerifier( 1044):   5: sent at 233346000000, (unhandled) KeyEvent { action=ACTION_UP, keyCode=KEYCODE_DPAD_DOWN, scanCode=0, metaState=0, flags=0x8, repeatCount=0, eventTime=233346, downTime=233346, deviceId=-1, source=0x101 }
D/InputEventConsistencyVerifier( 1044): KeyEvent: ACTION_UP but key was not down.
D/InputEventConsistencyVerifier( 1044):   in android.widget.ScrollView@b3fed910
D/InputEventConsistencyVerifier( 1044):   0: sent at 234311000000, KeyEvent { action=ACTION_UP, keyCode=KEYCODE_DPAD_UP, scanCode=0, metaState=0, flags=0x8, repeatCount=0, eventTime=234311, downTime=234311, deviceId=-1, source=0x101 }
D/InputEventConsistencyVerifier( 1044):   -- recent events --
D/InputEventConsistencyVerifier( 1044):   1: sent at 233638000000, (unhandled) KeyEvent { action=ACTION_DOWN, keyCode=KEYCODE_DPAD_DOWN, scanCode=0, metaState=0, flags=0x400, repeatCount=0, eventTime=233638, downTime=233638, deviceId=-1, source=0x101 }
D/InputEventConsistencyVerifier( 1044):   2: sent at 233637000000, (unhandled) KeyEvent { action=ACTION_UP, keyCode=KEYCODE_DPAD_DOWN, scanCode=0, metaState=0, flags=0x80000400, repeatCount=0, eventTime=233637, downTime=233637, deviceId=-1, source=0x101 }
D/InputEventConsistencyVerifier( 1044):   3: sent at 233588000000, MotionEvent { action=ACTION_UP, id[0]=0, x[0]=163.0, y[0]=355.0, toolType[0]=TOOL_TYPE_UNKNOWN, buttonState=0, metaState=0, flags=0x0, edgeFlags=0x0, pointerCount=1, historySize=0, eventTime=233588, downTime=233530, deviceId=0, source=0x1002 }
D/InputEventConsistencyVerifier( 1044):   4: sent at 233585000000, MotionEvent { action=ACTION_MOVE, id[0]=0, x[0]=177.0, y[0]=365.0, toolType[0]=TOOL_TYPE_UNKNOWN, buttonState=0, metaState=0, flags=0x0, edgeFlags=0x0, pointerCount=1, historySize=5, eventTime=233585, downTime=233530, deviceId=0, source=0x1002 }
D/InputEventConsistencyVerifier( 1044):   5: sent at 233532000000, MotionEvent { action=ACTION_DOWN, id[0]=0, x[0]=252.0, y[0]=458.0, toolType[0]=TOOL_TYPE_UNKNOWN, buttonState=0, metaState=0, flags=0x0, edgeFlags=0x0, pointerCount=1, historySize=0, eventTime=233532, downTime=233530, deviceId=0, source=0x1002 }
I/Choreographer( 1044): Skipped 41 frames!  The application may be doing too much work on its main thread.
D/InputEventConsistencyVerifier( 1044): KeyEvent: ACTION_UP but key was not down.
D/InputEventConsistencyVerifier( 1044):   in com.android.internal.policy.impl.PhoneWindow$DecorView@b3e7f070
D/InputEventConsistencyVerifier( 1044):   0: sent at 234953000000, KeyEvent { action=ACTION_UP, keyCode=KEYCODE_DPAD_UP, scanCode=0, metaState=0, flags=0x8, repeatCount=0, eventTime=234953, downTime=234953, deviceId=-1, source=0x101 }
D/InputEventConsistencyVerifier( 1044):   -- recent events --
D/InputEventConsistencyVerifier( 1044):   1: sent at 234842000000, MotionEvent { action=ACTION_UP, id[0]=0, x[0]=231.0, y[0]=783.0, toolType[0]=TOOL_TYPE_UNKNOWN, buttonState=0, metaState=0, flags=0x0, edgeFlags=0x0, pointerCount=1, historySize=0, eventTime=234842, downTime=234833, deviceId=0, source=0x1002 }
D/InputEventConsistencyVerifier( 1044):   2: sent at 234833000000, MotionEvent { action=ACTION_DOWN, id[0]=0, x[0]=232.0, y[0]=778.0, toolType[0]=TOOL_TYPE_UNKNOWN, buttonState=0, metaState=0, flags=0x0, edgeFlags=0x0, pointerCount=1, historySize=0, eventTime=234833, downTime=234833, deviceId=0, source=0x1002 }
D/InputEventConsistencyVerifier( 1044):   3: sent at 234742000000, (unhandled) KeyEvent { action=ACTION_UP, keyCode=KEYCODE_BOOKMARK, scanCode=0, metaState=0, flags=0x8, repeatCount=0, eventTime=234742, downTime=234742, deviceId=-1, source=0x101 }
D/InputEventConsistencyVerifier( 1044):   4: sent at 234595000000, (unhandled) KeyEvent { action=ACTION_DOWN, keyCode=KEYCODE_BOOKMARK, scanCode=0, metaState=0, flags=0x8, repeatCount=0, eventTime=234595, downTime=234595, deviceId=-1, source=0x101 }
D/InputEventConsistencyVerifier( 1044):   5: sent at 234478000000, (unhandled) KeyEvent { action=ACTION_UP, keyCode=KEYCODE_VOLUME_UP, scanCode=0, metaState=0, flags=0x8, repeatCount=0, eventTime=234478, downTime=234478, deviceId=-1, source=0x101 }
I/ActivityManager(  221): START {act=android.intent.action.MAIN cat=[android.intent.category.LAUNCHER] flg=0x10000000 cmp=com.android.email/.activity.Welcome sel={act=android.intent.action.MAIN cat=[android.intent.category.APP_EMAIL]} u=0} from pid 221
D/InputEventConsistencyVerifier( 1044): KeyEvent: ACTION_UP but key was not down.
D/InputEventConsistencyVerifier( 1044):   in com.android.internal.policy.impl.PhoneWindow$DecorView@b3e7f070
