D/InputEventConsistencyVerifier(  428):   0: sent at 178990000000, MotionEvent { action=ACTION_DOWN, id[0]=0, x[0]=42.0, y[0]=271.0, toolType[0]=TOOL_TYPE_UNKNOWN, buttonState=0, metaState=0, flags=0x0, edgeFlags=0x0, pointerCount=1, historySize=0, eventTime=178990, downTime=178990, deviceId=0, source=0x1002 }
D/InputEventConsistencyVerifier(  428):   -- recent events --
D/InputEventConsistencyVerifier(  428):   1: sent at 178971000000, MotionEvent { action=ACTION_DOWN, id[0]=0, x[0]=30.0, y[0]=630.0, toolType[0]=TOOL_TYPE_UNKNOWN, buttonState=0, metaState=0, flags=0x0, edgeFlags=0x0, pointerCount=1, historySize=0, eventTime=178971, downTime=178970, deviceId=0, source=0x1002 }
D/InputEventConsistencyVerifier(  428):   2: sent at 178830000000, MotionEvent { action=ACTION_UP, id[0]=0, x[0]=269.0, y[0]=6.0, toolType[0]=TOOL_TYPE_UNKNOWN, buttonState=0, metaState=0, flags=0x0, edgeFlags=0x0, pointerCount=1, historySize=0, eventTime=178830, downTime=178810, deviceId=0, source=0x1002 }
D/InputEventConsistencyVerifier(  428):   3: sent at 178822000000, MotionEvent { action=ACTION_DOWN, id[0]=0, x[0]=274.0, y[0]=2.0, toolType[0]=TOOL_TYPE_UNKNOWN, buttonState=0, metaState=0, flags=0x80000000, edgeFlags=0x0, pointerCount=1, historySize=0, eventTime=178822, downTime=178810, deviceId=0, source=0x1002 }
D/InputEventConsistencyVerifier(  428):   4: sent at 164295000000, MotionEvent { action=ACTION_DOWN, id[0]=0, x[0]=389.0, y[0]=212.0, toolType[0]=TOOL_TYPE_UNKNOWN, buttonState=0, metaState=0, flags=0x80000000, edgeFlags=0x0, pointerCount=1, historySize=0, eventTime=164295, downTime=164295, deviceId=0, source=0x1002 }
D/InputEventConsistencyVerifier(  428):   5: sent at 164004000000, MotionEvent { action=ACTION_DOWN, id[0]=0, x[0]=442.0, y[0]=618.0, toolType[0]=TOOL_TYPE_UNKNOWN, buttonState=0, metaState=0, flags=0x80000000, edgeFlags=0x0, pointerCount=1, historySize=0, eventTime=164004, downTime=164004, deviceId=0, source=0x1002 }
I/Choreographer( 1051): Skipped 54 frames!  The application may be doing too much work on its main thread.
W/dalvikvm(  428): DroidBox: { "FdAccess": { "path": "2f70726f632f6d656d696e666f", "id": "1075938279" } }
W/DroidBox(  428): DroidBox: { "FileRW": { "operation": "read", "data": "4d656d546f74616c3a202020202020202020373438393634206b420a4d656d467265653a20202020202020202020343535333536206b420a427566666572733a20202020202020202020202035353038206b420a4361636865643a202020202020202020", "id": "1075938279" } }
I/Choreographer(  428): Skipped 63 frames!  The application may be doing too much work on its main thread.
D/InputEventConsistencyVerifier(  428): KeyEvent: ACTION_UP but key was not down.
D/InputEventConsistencyVerifier(  428):   in com.android.systemui.statusbar.phone.StatusBarWindowView@b3e4c348
D/InputEventConsistencyVerifier(  428):   0: sent at 179142000000, KeyEvent { action=ACTION_UP, keyCode=KEYCODE_DPAD_RIGHT, scanCode=0, metaState=0, flags=0x400, repeatCount=0, eventTime=179142, downTime=179142, deviceId=-1, source=0x101 }
D/InputEventConsistencyVerifier(  428):   -- recent events --
D/InputEventConsistencyVerifier(  428):   1: sent at 179130000000, (unhandled) MotionEvent { action=ACTION_MOVE, id[0]=0, x[0]=2.0, y[0]=0.0, toolType[0]=TOOL_TYPE_UNKNOWN, buttonState=0, metaState=0, flags=0x0, edgeFlags=0x0, pointerCount=1, historySize=4, eventTime=179130, downTime=-1, deviceId=0, source=0x10004 }
D/InputEventConsistencyVerifier(  428):   2: sent at 179108000000, (unhandled) KeyEvent { action=ACTION_UP, keyCode=KEYCODE_MENU, scanCode=0, metaState=0, flags=0x8, repeatCount=0, eventTime=179108, downTime=179108, deviceId=-1, source=0x101 }
D/InputEventConsistencyVerifier(  428):   3: sent at 179101000000, (unhandled) KeyEvent { action=ACTION_DOWN, keyCode=KEYCODE_MENU, scanCode=0, metaState=0, flags=0x8, repeatCount=0, eventTime=179101, downTime=179101, deviceId=-1, source=0x101 }
D/InputEventConsistencyVerifier(  428):   4: sent at 179069000000, (unhandled) KeyEvent { action=ACTION_UP, keyCode=KEYCODE_MEDIA_PREVIOUS, scanCode=0, metaState=0, flags=0x8, repeatCount=0, eventTime=179069, downTime=179069, deviceId=-1, source=0x101 }
D/InputEventConsistencyVerifier(  428):   5: sent at 179029000000, (unhandled) KeyEvent { action=ACTION_DOWN, keyCode=KEYCODE_MEDIA_PREVIOUS, scanCode=0, metaState=0, flags=0x8, repeatCount=0, eventTime=179029, downTime=179029, deviceId=-1, source=0x101 }
W/dalvikvm(  428): DroidBox: { "FdAccess": { "path": "2f70726f632f6d656d696e666f", "id": "65242989" } }
W/DroidBox(  428): DroidBox: { "FileRW": { "operation": "read", "data": "4d656d546f74616c3a202020202020202020373438393634206b420a4d656d467265653a20202020202020202020343535333536206b420a427566666572733a20202020202020202020202035353038206b420a4361636865643a202020202020202020", "id": "65242989" } }
V/PhoneStatusBar(  428): setLightsOn(true)
D/PhoneStatusBar(  428): disable: < expand icons alerts TICKER* system_info back home recent clock >
I/Choreographer( 1051): Skipped 37 frames!  The application may be doing too much work on its main thread.
D/InputEventConsistencyVerifier(  428): KeyEvent: ACTION_UP but key was not down.
D/InputEventConsistencyVerifier(  428):   in android.widget.FrameLayout@b3e1c3c8
D/InputEventConsistencyVerifier(  428):   0: sent at 179230000000, KeyEvent { action=ACTION_UP, keyCode=KEYCODE_DPAD_DOWN, scanCode=0, metaState=0, flags=0x400, repeatCount=0, eventTime=179230, downTime=179230, deviceId=-1, source=0x101 }
D/InputEventConsistencyVerifier(  428):   -- recent events --
D/InputEventConsistencyVerifier(  428):   1: sent at 159411000000, (unhandled) KeyEvent { action=ACTION_UP, keyCode=KEYCODE_DPAD_DOWN, scanCode=0, metaState=0, flags=0x80000008, repeatCount=0, eventTime=159411, downTime=159411, deviceId=-1, source=0x101 }
D/InputEventConsistencyVerifier(  428):   2: sent at 129912000000, (unhandled) KeyEvent { action=ACTION_UP, keyCode=KEYCODE_DPAD_DOWN, scanCode=0, metaState=0, flags=0x400, repeatCount=0, eventTime=129912, downTime=129912, deviceId=-1, source=0x101 }
D/InputEventConsistencyVerifier(  428):   3: sent at 129912000000, (unhandled) KeyEvent { action=ACTION_DOWN, keyCode=KEYCODE_DPAD_DOWN, scanCode=0, metaState=0, flags=0x400, repeatCount=0, eventTime=129912, downTime=129912, deviceId=-1, source=0x101 }
D/InputEventConsistencyVerifier(  428):   4: sent at 129912000000, (unhandled) KeyEvent { action=ACTION_UP, keyCode=KEYCODE_DPAD_DOWN, scanCode=0, metaState=0, flags=0x400, repeatCount=0, eventTime=129912, downTime=129912, deviceId=-1, source=0x101 }
D/InputEventConsistencyVerifier(  428):   5: sent at 129912000000, (unhandled) KeyEvent { action=ACTION_DOWN, keyCode=KEYCODE_DPAD_DOWN, scanCode=0, metaState=0, flags=0x400, repeatCount=0, eventTime=129912, downTime=129912, deviceId=-1, source=0x101 }
W/dalvikvm(  428): DroidBox: { "FdAccess": { "path": "2f70726f632f6d656d696e666f", "id": "1776134752" } }
W/DroidBox(  428): DroidBox: { "FileRW": { "operation": "read", "data": "4d656d546f74616c3a202020202020202020373438393634206b420a4d656d467265653a20202020202020202020343533363230206b420a427566666572733a20202020202020202020202035353136206b420a4361636865643a202020202020202020", "id": "1776134752" } }
I/Choreographer(  428): Skipped 99 frames!  The application may be doing too much work on its main thread.
D/InputEventConsistencyVerifier(  428): TouchEvent: ACTION_DOWN but pointers are already down.  Probably missing ACTION_UP from previous gesture.
D/InputEventConsistencyVerifier(  428):   in android.view.ScaleGestureDetector@b3eec0d8
D/InputEventConsistencyVerifier(  428):   0: sent at 179746000000, MotionEvent { action=ACTION_DOWN, id[0]=0, x[0]=409.0, y[0]=502.0, toolType[0]=TOOL_TYPE_UNKNOWN, buttonState=0, metaState=0, flags=0x0, edgeFlags=0x0, pointerCount=1, historySize=0, eventTime=179746, downTime=179742, deviceId=0, source=0x1002 }
D/InputEventConsistencyVerifier(  428):   -- recent events --
D/InputEventConsistencyVerifier(  428):   1: sent at 178990000000, MotionEvent { action=ACTION_DOWN, id[0]=0, x[0]=42.0, y[0]=271.0, toolType[0]=TOOL_TYPE_UNKNOWN, buttonState=0, metaState=0, flags=0x80000000, edgeFlags=0x0, pointerCount=1, historySize=0, eventTime=178990, downTime=178990, deviceId=0, source=0x1002 }
D/InputEventConsistencyVerifier(  428):   2: sent at 178971000000, MotionEvent { action=ACTION_DOWN, id[0]=0, x[0]=30.0, y[0]=630.0, toolType[0]=TOOL_TYPE_UNKNOWN, buttonState=0, metaState=0, flags=0x0, edgeFlags=0x0, pointerCount=1, historySize=0, eventTime=178971, downTime=178970, deviceId=0, source=0x1002 }
D/InputEventConsistencyVerifier(  428):   3: sent at 178830000000, MotionEvent { action=ACTION_UP, id[0]=0, x[0]=269.0, y[0]=6.0, toolType[0]=TOOL_TYPE_UNKNOWN, buttonState=0, metaState=0, flags=0x0, edgeFlags=0x0, pointerCount=1, historySize=0, eventTime=178830, downTime=178810, deviceId=0, source=0x1002 }
D/InputEventConsistencyVerifier(  428):   4: sent at 178822000000, MotionEvent { action=ACTION_DOWN, id[0]=0, x[0]=274.0, y[0]=2.0, toolType[0]=TOOL_TYPE_UNKNOWN, buttonState=0, metaState=0, flags=0x80000000, edgeFlags=0x0, pointerCount=1, historySize=0, eventTime=178822, downTime=178810, deviceId=0, source=0x1002 }
D/InputEventConsistencyVerifier(  428):   5: sent at 164295000000, MotionEvent { action=ACTION_DOWN, id[0]=0, x[0]=389.0, y[0]=212.0, toolType[0]=TOOL_TYPE_UNKNOWN, buttonState=0, metaState=0, flags=0x80000000, edgeFlags=0x0, pointerCount=1, historySize=0, eventTime=164295, downTime=164295, deviceId=0, source=0x1002 }
D/PhoneStatusBar(  428): disable: < expand icons alerts ticker* system_info back home recent clock >
V/PhoneStatusBar(  428): setLightsOn(true)
W/DroidBox( 1093): DroidBox: { "ServiceStart": { "name": "com.android.music.MediaPlaybackService" } }
E/WVMExtractor(   61): Failed to open libwvm.so
I/ActivityManager(  226): START {act=android.intent.action.CALL_BUTTON flg=0x10000000 cmp=com.android.contacts/.activities.DialtactsActivity u=0} from pid 1051
W/DroidBox( 1093): DroidBox: { "ServiceStart": { "name": "com.android.music.MediaPlaybackService" } }
W/InputMethodManagerService(  226): Window already focused, ignoring focus gain of: com.android.internal.view.IInputMethodClient$Stub$Proxy@b42765e8 attribute=android.view.inputmethod.EditorInfo@b4276600
E/WVMExtractor(   61): Failed to open libwvm.so
E/WVMExtractor(   61): Failed to open libwvm.so
I/AudioService(  226):  AudioFocus  requestAudioFocus() from android.media.AudioManager@b3e2c048com.android.music.MediaPlaybackService$3@b3e2a880
I/AudioService(  226):   Remote Control   registerMediaButtonIntent() for PendingIntent{b3ebcc38: PendingIntentRecord{b4267918 com.android.music broadcastIntent}}
E/WVMExtractor(   61): Failed to open libwvm.so
D/InputEventConsistencyVerifier( 1051): KeyEvent: ACTION_UP but key was not down.
D/InputEventConsistencyVerifier( 1051):   in com.android.internal.policy.impl.PhoneWindow$DecorView@b3e17dc8
D/InputEventConsistencyVerifier( 1051):   0: sent at 181388000000, KeyEvent { action=ACTION_UP, keyCode=KEYCODE_DPAD_DOWN, scanCode=0, metaState=0, flags=0x400, repeatCount=0, eventTime=181388, downTime=181388, deviceId=-1, source=0x101 }
D/InputEventConsistencyVerifier( 1051):   -- recent events --
D/InputEventConsistencyVerifier( 1051):   1: sent at 180789000000, (unhandled) MotionEvent { action=ACTION_MOVE, id[0]=0, x[0]=-2.0, y[0]=-3.0, toolType[0]=TOOL_TYPE_UNKNOWN, buttonState=0, metaState=0, flags=0x0, edgeFlags=0x0, pointerCount=1, historySize=4, eventTime=180789, downTime=-1, deviceId=0, source=0x10004 }
D/InputEventConsistencyVerifier( 1051):   2: sent at 180812000000, (unhandled) MotionEvent { action=ACTION_UP, id[0]=0, x[0]=196.0, y[0]=282.0, toolType[0]=TOOL_TYPE_UNKNOWN, buttonState=0, metaState=0, flags=0x0, edgeFlags=0x0, pointerCount=1, historySize=0, eventTime=180812, downTime=180793, deviceId=0, source=0x1002 }
D/InputEventConsistencyVerifier( 1051):   3: sent at 180807000000, (unhandled) MotionEvent { action=ACTION_MOVE, id[0]=0, x[0]=179.0, y[0]=283.0, toolType[0]=TOOL_TYPE_UNKNOWN, buttonState=0, metaState=0, flags=0x0, edgeFlags=0x0, pointerCount=1, historySize=0, eventTime=180807, downTime=180793, deviceId=0, source=0x1002 }
D/InputEventConsistencyVerifier( 1051):   4: sent at 180795000000, (unhandled) MotionEvent { action=ACTION_DOWN, id[0]=0, x[0]=174.0, y[0]=284.0, toolType[0]=TOOL_TYPE_UNKNOWN, buttonState=0, metaState=0, flags=0x0, edgeFlags=0x0, pointerCount=1, historySize=0, eventTime=180795, downTime=180793, deviceId=0, source=0x1002 }
D/InputEventConsistencyVerifier( 1051):   5: sent at 180766000000, (unhandled) MotionEvent { action=ACTION_MOVE, id[0]=0, x[0]=0.0, y[0]=2.0, toolType[0]=TOOL_TYPE_UNKNOWN, buttonState=0, metaState=0, flags=0x0, edgeFlags=0x0, pointerCount=1, historySize=13, eventTime=180766, downTime=-1, deviceId=0, source=0x10004 }
E/WVMExtractor(   61): Failed to open libwvm.so
E/WVMExtractor(   61): Failed to open libwvm.so
I/Choreographer( 1051): Skipped 44 frames!  The application may be doing too much work on its main thread.
E/WVMExtractor(   61): Failed to open libwvm.so
I/Choreographer( 1051): Skipped 34 frames!  The application may be doing too much work on its main thread.
E/WVMExtractor(   61): Failed to open libwvm.so
W/dalvikvm( 1028): DroidBox: { "FdAccess": { "path": "2f6465762f696e7075742f6576656e7430", "id": "1353649300" } }
W/DroidBox( 1028): DroidBox: { "FileRW": { "operation": "write", "data": "7f060000efbfbd3901000500000001000000", "id": "1353649300" } }
I/Choreographer( 1051): Skipped 42 frames!  The application may be doing too much work on its main thread.
W/InputMethodManagerService(  226): Window already focused, ignoring focus gain of: com.android.internal.view.IInputMethodClient$Stub$Proxy@b3eb1888 attribute=android.view.inputmethod.EditorInfo@b3eb18a0
D/InputEventConsistencyVerifier( 1051): KeyEvent: ACTION_UP but key was not down.
D/InputEventConsistencyVerifier( 1051):   in com.android.internal.policy.impl.PhoneWindow$DecorView@b3e17dc8
D/InputEventConsistencyVerifier( 1051):   0: sent at 183522000000, KeyEvent { action=ACTION_UP, keyCode=KEYCODE_DPAD_LEFT, scanCode=0, metaState=0, flags=0x8, repeatCount=0, eventTime=183522, downTime=183522, deviceId=-1, source=0x101 }
D/InputEventConsistencyVerifier( 1051):   -- recent events --
D/InputEventConsistencyVerifier( 1051):   1: sent at 181451000000, (unhandled) KeyEvent { action=ACTION_UP, keyCode=KEYCODE_MENU, scanCode=0, metaState=0, flags=0x8, repeatCount=0, eventTime=181451, downTime=181451, deviceId=-1, source=0x101 }
D/InputEventConsistencyVerifier( 1051):   2: sent at 180820000000, (unhandled) KeyEvent { action=ACTION_DOWN, keyCode=KEYCODE_MENU, scanCode=0, metaState=0, flags=0x8, repeatCount=0, eventTime=180820, downTime=180820, deviceId=-1, source=0x101 }
D/InputEventConsistencyVerifier( 1051):   3: sent at 181428000000, (unhandled) KeyEvent { action=ACTION_UP, keyCode=KEYCODE_DPAD_UP, scanCode=0, metaState=0, flags=0x400, repeatCount=0, eventTime=181428, downTime=181428, deviceId=-1, source=0x101 }
D/InputEventConsistencyVerifier( 1051):   4: sent at 181428000000, (unhandled) KeyEvent { action=ACTION_DOWN, keyCode=KEYCODE_DPAD_UP, scanCode=0, metaState=0, flags=0x400, repeatCount=0, eventTime=181428, downTime=181428, deviceId=-1, source=0x101 }
D/InputEventConsistencyVerifier( 1051):   5: sent at 181428000000, (unhandled) KeyEvent { action=ACTION_UP, keyCode=KEYCODE_DPAD_UP, scanCode=0, metaState=0, flags=0x400, repeatCount=0, eventTime=181428, downTime=181428, deviceId=-1, source=0x101 }
E/WVMExtractor(   61): Failed to open libwvm.so
E/WVMExtractor(   61): Failed to open libwvm.so
I/Choreographer( 1051): Skipped 59 frames!  The application may be doing too much work on its main thread.
D/InputEventConsistencyVerifier( 1051): KeyEvent: ACTION_UP but key was not down.
D/InputEventConsistencyVerifier( 1051):   in com.android.internal.policy.impl.PhoneWindow$DecorView@b3f61ea8
D/InputEventConsistencyVerifier( 1051):   0: sent at 184492000000, KeyEvent { action=ACTION_UP, keyCode=KEYCODE_DPAD_LEFT, scanCode=0, metaState=0, flags=0x8, repeatCount=0, eventTime=184492, downTime=184492, deviceId=-1, source=0x101 }
D/InputEventConsistencyVerifier( 1051):   -- recent events --
D/InputEventConsistencyVerifier( 1051):   1: sent at 184399000000, (unhandled) KeyEvent { action=ACTION_UP, keyCode=KEYCODE_CAPS_LOCK, scanCode=0, metaState=0, flags=0x8, repeatCount=0, eventTime=184399, downTime=184399, deviceId=-1, source=0x101 }
D/InputEventConsistencyVerifier( 1051):   2: sent at 184358000000, (unhandled) KeyEvent { action=ACTION_DOWN, keyCode=KEYCODE_CAPS_LOCK, scanCode=0, metaState=0, flags=0x8, repeatCount=0, eventTime=184358, downTime=184358, deviceId=-1, source=0x101 }
D/InputEventConsistencyVerifier( 1051):   3: sent at 183399000000, (unhandled) KeyEvent { action=ACTION_UP, keyCode=KEYCODE_CAPTIONS, scanCode=0, metaState=0, flags=0x8, repeatCount=0, eventTime=183399, downTime=183399, deviceId=-1, source=0x101 }
D/InputEventConsistencyVerifier( 1051):   4: sent at 183193000000, (unhandled) KeyEvent { action=ACTION_DOWN, keyCode=KEYCODE_CAPTIONS, scanCode=0, metaState=0, flags=0x8, repeatCount=0, eventTime=183193, downTime=183193, deviceId=-1, source=0x101 }
D/InputEventConsistencyVerifier( 1051):   5: sent at 183181000000, (unhandled) MotionEvent { action=ACTION_UP, id[0]=0, x[0]=383.0, y[0]=-452.0, toolType[0]=TOOL_TYPE_UNKNOWN, buttonState=0, metaState=0, flags=0x0, edgeFlags=0x0, pointerCount=1, historySize=0, eventTime=183181, downTime=183152, deviceId=0, source=0x1002 }
I/Choreographer( 1051): Skipped 34 frames!  The application may be doing too much work on its main thread.
E/WVMExtractor(   61): Failed to open libwvm.so
I/Choreographer( 1051): Skipped 134 frames!  The application may be doing too much work on its main thread.
D/InputEventConsistencyVerifier( 1051): KeyEvent: ACTION_UP but key was not down.
D/InputEventConsistencyVerifier( 1051):   in com.android.internal.policy.impl.PhoneWindow$DecorView@b3f61ea8
D/InputEventConsistencyVerifier( 1051):   0: sent at 185230000000, KeyEvent { action=ACTION_UP, keyCode=KEYCODE_DPAD_RIGHT, scanCode=0, metaState=0, flags=0x400, repeatCount=0, eventTime=185230, downTime=185230, deviceId=-1, source=0x101 }
D/InputEventConsistencyVerifier( 1051):   -- recent events --
D/InputEventConsistencyVerifier( 1051):   1: sent at 185187000000, (unhandled) MotionEvent { action=ACTION_MOVE, id[0]=0, x[0]=4.0, y[0]=2.0, toolType[0]=TOOL_TYPE_UNKNOWN, buttonState=0, metaState=0, flags=0x0, edgeFlags=0x0, pointerCount=1, historySize=9, eventTime=185187, downTime=-1, deviceId=0, source=0x10004 }
D/InputEventConsistencyVerifier( 1051):   2: sent at 185088000000, (unhandled) MotionEvent { action=ACTION_UP, id[0]=0, x[0]=66.0, y[0]=-497.0, toolType[0]=TOOL_TYPE_UNKNOWN, buttonState=0, metaState=0, flags=0x0, edgeFlags=0x0, pointerCount=1, historySize=0, eventTime=185088, downTime=185083, deviceId=0, source=0x1002 }
D/InputEventConsistencyVerifier( 1051):   3: sent at 185083000000, MotionEvent { action=ACTION_DOWN, id[0]=0, x[0]=80.0, y[0]=-499.0, toolType[0]=TOOL_TYPE_UNKNOWN, buttonState=0, metaState=0, flags=0x0, edgeFlags=0x0, pointerCount=1, historySize=0, eventTime=185083, downTime=185083, deviceId=0, source=0x1002 }
D/InputEventConsistencyVerifier( 1051):   4: sent at 185034000000, (unhandled) MotionEvent { action=ACTION_UP, id[0]=0, x[0]=366.0, y[0]=-149.0, toolType[0]=TOOL_TYPE_UNKNOWN, buttonState=0, metaState=0, flags=0x0, edgeFlags=0x0, pointerCount=1, historySize=0, eventTime=185034, downTime=185015, deviceId=0, source=0x1002 }
D/InputEventConsistencyVerifier( 1051):   5: sent at 185015000000, MotionEvent { action=ACTION_DOWN, id[0]=0, x[0]=368.0, y[0]=-147.0, toolType[0]=TOOL_TYPE_UNKNOWN, buttonState=0, metaState=0, flags=0x0, edgeFlags=0x0, pointerCount=1, historySize=0, eventTime=185015, downTime=185015, deviceId=0, source=0x1002 }
D/InputEventConsistencyVerifier( 1051): KeyEvent: ACTION_UP but key was not down.
D/InputEventConsistencyVerifier( 1051):   in android.view.ViewRootImpl@b3e19b80
D/InputEventConsistencyVerifier( 1051):   0: sent at 185539000000, KeyEvent { action=ACTION_UP, keyCode=KEYCODE_DPAD_LEFT, scanCode=0, metaState=0, flags=0x8, repeatCount=0, eventTime=185539, downTime=185539, deviceId=-1, source=0x101 }
D/InputEventConsistencyVerifier( 1051):   -- recent events --
D/InputEventConsistencyVerifier( 1051):   1: sent at 184349000000, MotionEvent { action=ACTION_UP, id[0]=0, x[0]=332.0, y[0]=675.0, toolType[0]=TOOL_TYPE_UNKNOWN, buttonState=0, metaState=0, flags=0x0, edgeFlags=0x0, pointerCount=1, historySize=0, eventTime=184349, downTime=184290, deviceId=0, source=0x1002 }
D/InputEventConsistencyVerifier( 1051):   2: sent at 184347000000, MotionEvent { action=ACTION_POINTER_UP(1), id[0]=0, x[0]=332.0, y[0]=668.0, toolType[0]=TOOL_TYPE_UNKNOWN, id[1]=1, x[1]=140.0, y[1]=381.0, toolType[1]=TOOL_TYPE_UNKNOWN, buttonState=0, metaState=0, flags=0x0, edgeFlags=0x0, pointerCount=2, historySize=0, eventTime=184347, downTime=184290, deviceId=0, source=0x1002 }
D/InputEventConsistencyVerifier( 1051):   3: sent at 184343000000, MotionEvent { action=ACTION_MOVE, id[0]=0, x[0]=332.0, y[0]=659.0, toolType[0]=TOOL_TYPE_UNKNOWN, id[1]=1, x[1]=141.0, y[1]=377.0, toolType[1]=TOOL_TYPE_UNKNOWN, buttonState=0, metaState=0, flags=0x0, edgeFlags=0x0, pointerCount=2, historySize=2, eventTime=184343, downTime=184290, deviceId=0, source=0x1002 }
D/InputEventConsistencyVerifier( 1051):   4: sent at 184330000000, MotionEvent { action=ACTION_POINTER_DOWN(1), id[0]=0, x[0]=332.0, y[0]=623.0, toolType[0]=TOOL_TYPE_UNKNOWN, id[1]=1, x[1]=161.0, y[1]=356.0, toolType[1]=TOOL_TYPE_UNKNOWN, buttonState=0, metaState=0, flags=0x0, edgeFlags=0x0, pointerCount=2, historySize=0, eventTime=184330, downTime=184290, deviceId=0, source=0x1002 }
D/InputEventConsistencyVerifier( 1051):   5: sent at 184296000000, MotionEvent { action=ACTION_DOWN, id[0]=0, x[0]=333.0, y[0]=613.0, toolType[0]=TOOL_TYPE_UNKNOWN, buttonState=0, metaState=0, flags=0x0, edgeFlags=0x0, pointerCount=1, historySize=0, eventTime=184296, downTime=184290, deviceId=0, source=0x1002 }
I/Choreographer( 1051): Skipped 66 frames!  The application may be doing too much work on its main thread.
W/InputMethodManagerService(  226): Window already focused, ignoring focus gain of: com.android.internal.view.IInputMethodClient$Stub$Proxy@b41278d8 attribute=null
E/WVMExtractor(   61): Failed to open libwvm.so
W/BackupManagerService(  226): dataChanged but no participant pkg='com.android.providers.settings' uid=10011
E/MetadataRetrieverClient(   61): failed to extract an album art
E/WVMExtractor(   61): Failed to open libwvm.so
E/WVMExtractor(   61): Failed to open libwvm.so
I/ActivityManager(  226): START {act=android.intent.action.MAIN cat=[android.intent.category.LAUNCHER] flg=0x10200000 cmp=com.appz.solf/.AppActivity u=0} from pid 1028
D/InputEventConsistencyVerifier( 1051): KeyEvent: ACTION_UP but key was not down.
D/InputEventConsistencyVerifier( 1051):   in com.android.internal.policy.impl.PhoneWindow$DecorView@b3e17dc8
D/InputEventConsistencyVerifier( 1051):   0: sent at 186695000000, KeyEvent { action=ACTION_UP, keyCode=KEYCODE_DPAD_CENTER, scanCode=0, metaState=0, flags=0x8, repeatCount=0, eventTime=186695, downTime=186695, deviceId=-1, source=0x101 }
D/InputEventConsistencyVerifier( 1051):   -- recent events --
D/InputEventConsistencyVerifier( 1051):   1: sent at 186604000000, (unhandled) MotionEvent { action=ACTION_UP, id[0]=0, x[0]=368.0, y[0]=112.0, toolType[0]=TOOL_TYPE_UNKNOWN, buttonState=0, metaState=0, flags=0x0, edgeFlags=0x0, pointerCount=1, historySize=0, eventTime=186604, downTime=186530, deviceId=0, source=0x1002 }
D/InputEventConsistencyVerifier( 1051):   2: sent at 186600000000, (unhandled) MotionEvent { action=ACTION_MOVE, id[0]=0, x[0]=369.0, y[0]=110.0, toolType[0]=TOOL_TYPE_UNKNOWN, buttonState=0, metaState=0, flags=0x0, edgeFlags=0x0, pointerCount=1, historySize=4, eventTime=186600, downTime=186530, deviceId=0, source=0x1002 }
D/InputEventConsistencyVerifier( 1051):   3: sent at 186563000000, (unhandled) MotionEvent { action=ACTION_DOWN, id[0]=0, x[0]=372.0, y[0]=87.0, toolType[0]=TOOL_TYPE_UNKNOWN, buttonState=0, metaState=0, flags=0x0, edgeFlags=0x0, pointerCount=1, historySize=0, eventTime=186563, downTime=186530, deviceId=0, source=0x1002 }
D/InputEventConsistencyVerifier( 1051):   4: sent at 186463000000, (unhandled) KeyEvent { action=ACTION_UP, keyCode=KEYCODE_SCROLL_LOCK, scanCode=0, metaState=0, flags=0x8, repeatCount=0, eventTime=186463, downTime=186463, deviceId=-1, source=0x101 }
D/InputEventConsistencyVerifier( 1051):   5: sent at 186392000000, (unhandled) KeyEvent { action=ACTION_DOWN, keyCode=KEYCODE_SCROLL_LOCK, scanCode=0, metaState=0, flags=0x8, repeatCount=0, eventTime=186392, downTime=186392, deviceId=-1, source=0x101 }
E/WVMExtractor(   61): Failed to open libwvm.so
E/WVMExtractor(   61): Failed to open libwvm.so
E/WVMExtractor(   61): Failed to open libwvm.so
I/Choreographer( 1051): Skipped 83 frames!  The application may be doing too much work on its main thread.
W/InputMethodManagerService(  226): Window already focused, ignoring focus gain of: com.android.internal.view.IInputMethodClient$Stub$Proxy@b3fe5660 attribute=android.view.inputmethod.EditorInfo@b3fe5678
D/InputEventConsistencyVerifier( 1051): KeyEvent: ACTION_UP but key was not down.
D/InputEventConsistencyVerifier( 1051):   in com.android.internal.policy.impl.PhoneWindow$DecorView@b3e17dc8
D/InputEventConsistencyVerifier( 1051):   0: sent at 188074000000, KeyEvent { action=ACTION_UP, keyCode=KEYCODE_DPAD_DOWN, scanCode=0, metaState=0, flags=0x400, repeatCount=0, eventTime=188074, downTime=188074, deviceId=-1, source=0x101 }
D/InputEventConsistencyVerifier( 1051):   -- recent events --
D/InputEventConsistencyVerifier( 1051):   1: sent at 188010000000, (unhandled) MotionEvent { action=ACTION_MOVE, id[0]=0, x[0]=1.0, y[0]=3.0, toolType[0]=TOOL_TYPE_UNKNOWN, buttonState=0, metaState=0, flags=0x0, edgeFlags=0x0, pointerCount=1, historySize=7, eventTime=188010, downTime=-1, deviceId=0, source=0x10004 }
D/InputEventConsistencyVerifier( 1051):   2: sent at 187650000000, (unhandled) MotionEvent { action=ACTION_UP, id[0]=0, x[0]=362.0, y[0]=105.0, toolType[0]=TOOL_TYPE_UNKNOWN, buttonState=0, metaState=0, flags=0x0, edgeFlags=0x0, pointerCount=1, historySize=0, eventTime=187650, downTime=187643, deviceId=0, source=0x1002 }
D/InputEventConsistencyVerifier( 1051):   3: sent at 187645000000, (unhandled) MotionEvent { action=ACTION_DOWN, id[0]=0, x[0]=360.0, y[0]=106.0, toolType[0]=TOOL_TYPE_UNKNOWN, buttonState=0, metaState=0, flags=0x0, edgeFlags=0x0, pointerCount=1, historySize=0, eventTime=187645, downTime=187643, deviceId=0, source=0x1002 }
D/InputEventConsistencyVerifier( 1051):   4: sent at 187228000000, (unhandled) KeyEvent { action=ACTION_UP, keyCode=KEYCODE_MENU, scanCode=0, metaState=0, flags=0x8, repeatCount=0, eventTime=187228, downTime=187228, deviceId=-1, source=0x101 }
D/InputEventConsistencyVerifier( 1051):   5: sent at 186974000000, (unhandled) KeyEvent { action=ACTION_DOWN, keyCode=KEYCODE_MENU, scanCode=0, metaState=0, flags=0x8, repeatCount=0, eventTime=186974, downTime=186974, deviceId=-1, source=0x101 }
E/WVMExtractor(   61): Failed to open libwvm.so
I/Choreographer( 1051): Skipped 31 frames!  The application may be doing too much work on its main thread.
E/WVMExtractor(   61): Failed to open libwvm.so
D/InputEventConsistencyVerifier( 1051): KeyEvent: ACTION_UP but key was not down.
D/InputEventConsistencyVerifier( 1051):   in com.android.internal.policy.impl.PhoneWindow$DecorView@b3f61ea8
D/InputEventConsistencyVerifier( 1051):   0: sent at 189275000000, KeyEvent { action=ACTION_UP, keyCode=KEYCODE_DPAD_DOWN, scanCode=0, metaState=0, flags=0x8, repeatCount=0, eventTime=189275, downTime=189275, deviceId=-1, source=0x101 }
D/InputEventConsistencyVerifier( 1051):   -- recent events --
D/InputEventConsistencyVerifier( 1051):   1: sent at 189160000000, (unhandled) MotionEvent { action=ACTION_UP, id[0]=0, x[0]=94.0, y[0]=-458.0, toolType[0]=TOOL_TYPE_UNKNOWN, buttonState=0, metaState=0, flags=0x0, edgeFlags=0x0, pointerCount=1, historySize=0, eventTime=189160, downTime=189116, deviceId=0, source=0x1002 }
D/InputEventConsistencyVerifier( 1051):   2: sent at 189145000000, (unhandled) MotionEvent { action=ACTION_POINTER_UP(1), id[0]=0, x[0]=96.0, y[0]=-454.0, toolType[0]=TOOL_TYPE_UNKNOWN, id[1]=1, x[1]=318.0, y[1]=41.0, toolType[1]=TOOL_TYPE_UNKNOWN, buttonState=0, metaState=0, flags=0x0, edgeFlags=0x0, pointerCount=2, historySize=0, eventTime=189145, downTime=189116, deviceId=0, source=0x1002 }
D/InputEventConsistencyVerifier( 1051):   3: sent at 189142000000, (unhandled) MotionEvent { action=ACTION_MOVE, id[0]=0, x[0]=99.0, y[0]=-452.0, toolType[0]=TOOL_TYPE_UNKNOWN, id[1]=1, x[1]=317.0, y[1]=50.0, toolType[1]=TOOL_TYPE_UNKNOWN, buttonState=0, metaState=0, flags=0x0, edgeFlags=0x0, pointerCount=2, historySize=3, eventTime=189142, downTime=189116, deviceId=0, source=0x1002 }
D/InputEventConsistencyVerifier( 1051):   4: sent at 189130000000, (unhandled) MotionEvent { action=ACTION_POINTER_DOWN(1), id[0]=0, x[0]=116.0, y[0]=-439.0, toolType[0]=TOOL_TYPE_UNKNOWN, id[1]=1, x[1]=312.0, y[1]=97.0, toolType[1]=TOOL_TYPE_UNKNOWN, buttonState=0, metaState=0, flags=0x0, edgeFlags=0x0, pointerCount=2, historySize=0, eventTime=189130, downTime=189116, deviceId=0, source=0x1002 }
D/InputEventConsistencyVerifier( 1051):   5: sent at 189123000000, MotionEvent { action=ACTION_DOWN, id[0]=0, x[0]=118.0, y[0]=-437.0, toolType[0]=TOOL_TYPE_UNKNOWN, buttonState=0, metaState=0, flags=0x0, edgeFlags=0x0, pointerCount=1, historySize=0, eventTime=189123, downTime=189116, deviceId=0, source=0x1002 }
W/InputMethodManagerService(  226): Window already focused, ignoring focus gain of: com.android.internal.view.IInputMethodClient$Stub$Proxy@b3fed168 attribute=null
E/WVMExtractor(   61): Failed to open libwvm.so
E/WVMExtractor(   61): Failed to open libwvm.so
E/WVMExtractor(   61): Failed to open libwvm.so
E/WVMExtractor(   61): Failed to open libwvm.so
E/WVMExtractor(   61): Failed to open libwvm.so
D/InputEventConsistencyVerifier(  428): TouchEvent: ACTION_DOWN but pointers are already down.  Probably missing ACTION_UP from previous gesture.
D/InputEventConsistencyVerifier(  428):   in android.view.ScaleGestureDetector@b3eec0d8
D/InputEventConsistencyVerifier(  428):   0: sent at 191852000000, MotionEvent { action=ACTION_DOWN, id[0]=0, x[0]=374.0, y[0]=20.0, toolType[0]=TOOL_TYPE_UNKNOWN, buttonState=0, metaState=0, flags=0x0, edgeFlags=0x0, pointerCount=1, historySize=0, eventTime=191852, downTime=191847, deviceId=0, source=0x1002 }
D/InputEventConsistencyVerifier(  428):   -- recent events --
D/InputEventConsistencyVerifier(  428):   1: sent at 179746000000, MotionEvent { action=ACTION_DOWN, id[0]=0, x[0]=409.0, y[0]=502.0, toolType[0]=TOOL_TYPE_UNKNOWN, buttonState=0, metaState=0, flags=0x80000000, edgeFlags=0x0, pointerCount=1, historySize=0, eventTime=179746, downTime=179742, deviceId=0, source=0x1002 }
D/InputEventConsistencyVerifier(  428):   2: sent at 178990000000, MotionEvent { action=ACTION_DOWN, id[0]=0, x[0]=42.0, y[0]=271.0, toolType[0]=TOOL_TYPE_UNKNOWN, buttonState=0, metaState=0, flags=0x80000000, edgeFlags=0x0, pointerCount=1, historySize=0, eventTime=178990, downTime=178990, deviceId=0, source=0x1002 }
D/InputEventConsistencyVerifier(  428):   3: sent at 178971000000, MotionEvent { action=ACTION_DOWN, id[0]=0, x[0]=30.0, y[0]=630.0, toolType[0]=TOOL_TYPE_UNKNOWN, buttonState=0, metaState=0, flags=0x0, edgeFlags=0x0, pointerCount=1, historySize=0, eventTime=178971, downTime=178970, deviceId=0, source=0x1002 }
D/InputEventConsistencyVerifier(  428):   4: sent at 178830000000, MotionEvent { action=ACTION_UP, id[0]=0, x[0]=269.0, y[0]=6.0, toolType[0]=TOOL_TYPE_UNKNOWN, buttonState=0, metaState=0, flags=0x0, edgeFlags=0x0, pointerCount=1, historySize=0, eventTime=178830, downTime=178810, deviceId=0, source=0x1002 }
D/InputEventConsistencyVerifier(  428):   5: sent at 178822000000, MotionEvent { action=ACTION_DOWN, id[0]=0, x[0]=274.0, y[0]=2.0, toolType[0]=TOOL_TYPE_UNKNOWN, buttonState=0, metaState=0, flags=0x80000000, edgeFlags=0x0, pointerCount=1, historySize=0, eventTime=178822, downTime=178810, deviceId=0, source=0x1002 }
W/dalvikvm(  428): DroidBox: { "FdAccess": { "path": "2f70726f632f6d656d696e666f", "id": "1006937992" } }
W/DroidBox(  428): DroidBox: { "FileRW": { "operation": "read", "data": "4d656d546f74616c3a202020202020202020373438393634206b420a4d656d467265653a20202020202020202020343534343830206b420a427566666572733a20202020202020202020202035353234206b420a4361636865643a202020202020202020", "id": "1006937992" } }
W/dalvikvm(  428): DroidBox: { "FdAccess": { "path": "2f70726f632f6d656d696e666f", "id": "2024902365" } }
W/DroidBox(  428): DroidBox: { "FileRW": { "operation": "read", "data": "4d656d546f74616c3a202020202020202020373438393634206b420a4d656d467265653a20202020202020202020343534343830206b420a427566666572733a20202020202020202020202035353234206b420a4361636865643a202020202020202020", "id": "2024902365" } }
I/Choreographer(  428): Skipped 48 frames!  The application may be doing too much work on its main thread.
W/dalvikvm(  428): DroidBox: { "FdAccess": { "path": "2f70726f632f6d656d696e666f", "id": "1544134447" } }
W/DroidBox(  428): DroidBox: { "FileRW": { "operation": "read", "data": "4d656d546f74616c3a202020202020202020373438393634206b420a4d656d467265653a20202020202020202020343534343830206b420a427566666572733a20202020202020202020202035353234206b420a4361636865643a202020202020202020", "id": "1544134447" } }
V/PhoneStatusBar(  428): setLightsOn(true)
D/PhoneStatusBar(  428): disable: < expand icons alerts TICKER* system_info back home recent clock >
W/dalvikvm(  428): DroidBox: { "FdAccess": { "path": "2f70726f632f6d656d696e666f", "id": "999938601" } }
W/DroidBox(  428): DroidBox: { "FileRW": { "operation": "read", "data": "4d656d546f74616c3a202020202020202020373438393634206b420a4d656d467265653a20202020202020202020343533313136206b420a427566666572733a20202020202020202020202035353234206b420a4361636865643a202020202020202020", "id": "999938601" } }
I/Choreographer(  428): Skipped 69 frames!  The application may be doing too much work on its main thread.
W/dalvikvm(  428): DroidBox: { "FdAccess": { "path": "2f70726f632f6d656d696e666f", "id": "24646046" } }
W/DroidBox(  428): DroidBox: { "FileRW": { "operation": "read", "data": "4d656d546f74616c3a202020202020202020373438393634206b420a4d656d467265653a20202020202020202020343531363238206b420a427566666572733a20202020202020202020202035353234206b420a4361636865643a202020202020202020", "id": "24646046" } }
D/InputEventConsistencyVerifier( 1051): KeyEvent: ACTION_UP but key was not down.
D/InputEventConsistencyVerifier( 1051):   in com.android.internal.policy.impl.PhoneWindow$DecorView@b3e17dc8
D/InputEventConsistencyVerifier( 1051):   0: sent at 192278000000, KeyEvent { action=ACTION_UP, keyCode=KEYCODE_DPAD_DOWN, scanCode=0, metaState=0, flags=0x400, repeatCount=0, eventTime=192278, downTime=192278, deviceId=-1, source=0x101 }
D/InputEventConsistencyVerifier( 1051):   -- recent events --
D/InputEventConsistencyVerifier( 1051):   1: sent at 191772000000, (unhandled) MotionEvent { action=ACTION_MOVE, id[0]=0, x[0]=-5.0, y[0]=1.0, toolType[0]=TOOL_TYPE_UNKNOWN, buttonState=0, metaState=0, flags=0x0, edgeFlags=0x0, pointerCount=1, historySize=4, eventTime=191772, downTime=-1, deviceId=0, source=0x10004 }
D/InputEventConsistencyVerifier( 1051):   2: sent at 191838000000, (unhandled) MotionEvent { action=ACTION_UP, id[0]=0, x[0]=422.0, y[0]=629.0, toolType[0]=TOOL_TYPE_UNKNOWN, buttonState=0, metaState=0, flags=0x0, edgeFlags=0x0, pointerCount=1, historySize=0, eventTime=191838, downTime=191777, deviceId=0, source=0x1002 }
D/InputEventConsistencyVerifier( 1051):   3: sent at 191830000000, (unhandled) MotionEvent { action=ACTION_MOVE, id[0]=0, x[0]=407.0, y[0]=644.0, toolType[0]=TOOL_TYPE_UNKNOWN, buttonState=0, metaState=0, flags=0x0, edgeFlags=0x0, pointerCount=1, historySize=3, eventTime=191830, downTime=191777, deviceId=0, source=0x1002 }
D/InputEventConsistencyVerifier( 1051):   4: sent at 191779000000, (unhandled) MotionEvent { action=ACTION_DOWN, id[0]=0, x[0]=355.0, y[0]=691.0, toolType[0]=TOOL_TYPE_UNKNOWN, buttonState=0, metaState=0, flags=0x0, edgeFlags=0x0, pointerCount=1, historySize=0, eventTime=191779, downTime=191777, deviceId=0, source=0x1002 }
D/InputEventConsistencyVerifier( 1051):   5: sent at 191652000000, (unhandled) MotionEvent { action=ACTION_MOVE, id[0]=0, x[0]=-4.0, y[0]=4.0, toolType[0]=TOOL_TYPE_UNKNOWN, buttonState=0, metaState=0, flags=0x0, edgeFlags=0x0, pointerCount=1, historySize=0, eventTime=191652, downTime=-1, deviceId=0, source=0x10004 }
W/dalvikvm(  428): DroidBox: { "FdAccess": { "path": "2f70726f632f6d656d696e666f", "id": "1250631230" } }
W/DroidBox(  428): DroidBox: { "FileRW": { "operation": "read", "data": "4d656d546f74616c3a202020202020202020373438393634206b420a4d656d467265653a20202020202020202020343531363238206b420a427566666572733a20202020202020202020202035353234206b420a4361636865643a202020202020202020", "id": "1250631230" } }
D/InputEventConsistencyVerifier(  428): KeyEvent: ACTION_UP but key was not down.
D/InputEventConsistencyVerifier(  428):   in com.android.systemui.statusbar.phone.StatusBarWindowView@b3e4c348
D/InputEventConsistencyVerifier(  428):   0: sent at 192701000000, KeyEvent { action=ACTION_UP, keyCode=KEYCODE_DPAD_CENTER, scanCode=0, metaState=0, flags=0x8, repeatCount=0, eventTime=192701, downTime=192701, deviceId=-1, source=0x101 }
D/InputEventConsistencyVerifier(  428):   -- recent events --
D/InputEventConsistencyVerifier(  428):   1: sent at 192482000000, MotionEvent { action=ACTION_UP, id[0]=0, x[0]=183.0, y[0]=528.0, toolType[0]=TOOL_TYPE_UNKNOWN, buttonState=0, metaState=0, flags=0x0, edgeFlags=0x0, pointerCount=1, historySize=0, eventTime=192482, downTime=192304, deviceId=0, source=0x1002 }
D/InputEventConsistencyVerifier(  428):   2: sent at 192480000000, MotionEvent { action=ACTION_MOVE, id[0]=0, x[0]=177.0, y[0]=523.0, toolType[0]=TOOL_TYPE_UNKNOWN, buttonState=0, metaState=0, flags=0x0, edgeFlags=0x0, pointerCount=1, historySize=8, eventTime=192480, downTime=192304, deviceId=0, source=0x1002 }
D/InputEventConsistencyVerifier(  428):   3: sent at 192310000000, MotionEvent { action=ACTION_DOWN, id[0]=0, x[0]=126.0, y[0]=474.0, toolType[0]=TOOL_TYPE_UNKNOWN, buttonState=0, metaState=0, flags=0x0, edgeFlags=0x0, pointerCount=1, historySize=0, eventTime=192310, downTime=192304, deviceId=0, source=0x1002 }
D/InputEventConsistencyVerifier(  428):   4: sent at 192264000000, (unhandled) KeyEvent { action=ACTION_UP, keyCode=KEYCODE_DPAD_RIGHT, scanCode=0, metaState=0, flags=0x8, repeatCount=0, eventTime=192264, downTime=192264, deviceId=-1, source=0x101 }
D/InputEventConsistencyVerifier(  428):   5: sent at 192238000000, (unhandled) KeyEvent { action=ACTION_DOWN, keyCode=KEYCODE_DPAD_RIGHT, scanCode=0, metaState=0, flags=0x8, repeatCount=0, eventTime=192238, downTime=192238, deviceId=-1, source=0x101 }
D/InputEventConsistencyVerifier(  428): TouchEvent: ACTION_DOWN but pointers are already down.  Probably missing ACTION_UP from previous gesture.
D/InputEventConsistencyVerifier(  428):   in android.view.ScaleGestureDetector@b3eec0d8
D/InputEventConsistencyVerifier(  428):   0: sent at 192709000000, MotionEvent { action=ACTION_DOWN, id[0]=0, x[0]=329.0, y[0]=380.0, toolType[0]=TOOL_TYPE_UNKNOWN, buttonState=0, metaState=0, flags=0x0, edgeFlags=0x0, pointerCount=1, historySize=0, eventTime=192709, downTime=192709, deviceId=0, source=0x1002 }
D/InputEventConsistencyVerifier(  428):   -- recent events --
D/InputEventConsistencyVerifier(  428):   1: sent at 192310000000, MotionEvent { action=ACTION_DOWN, id[0]=0, x[0]=126.0, y[0]=474.0, toolType[0]=TOOL_TYPE_UNKNOWN, buttonState=0, metaState=0, flags=0x0, edgeFlags=0x0, pointerCount=1, historySize=0, eventTime=192310, downTime=192304, deviceId=0, source=0x1002 }
D/InputEventConsistencyVerifier(  428):   2: sent at 191905000000, MotionEvent { action=ACTION_UP, id[0]=0, x[0]=302.0, y[0]=0.0, toolType[0]=TOOL_TYPE_UNKNOWN, buttonState=0, metaState=0, flags=0x0, edgeFlags=0x0, pointerCount=1, historySize=0, eventTime=191905, downTime=191847, deviceId=0, source=0x1002 }
D/InputEventConsistencyVerifier(  428):   3: sent at 191901000000, MotionEvent { action=ACTION_MOVE, id[0]=0, x[0]=308.0, y[0]=0.0, toolType[0]=TOOL_TYPE_UNKNOWN, buttonState=0, metaState=0, flags=0x0, edgeFlags=0x0, pointerCount=1, historySize=4, eventTime=191901, downTime=191847, deviceId=0, source=0x1002 }
D/InputEventConsistencyVerifier(  428):   4: sent at 191852000000, MotionEvent { action=ACTION_DOWN, id[0]=0, x[0]=374.0, y[0]=20.0, toolType[0]=TOOL_TYPE_UNKNOWN, buttonState=0, metaState=0, flags=0x80000000, edgeFlags=0x0, pointerCount=1, historySize=0, eventTime=191852, downTime=191847, deviceId=0, source=0x1002 }
D/InputEventConsistencyVerifier(  428):   5: sent at 179746000000, MotionEvent { action=ACTION_DOWN, id[0]=0, x[0]=409.0, y[0]=502.0, toolType[0]=TOOL_TYPE_UNKNOWN, buttonState=0, metaState=0, flags=0x80000000, edgeFlags=0x0, pointerCount=1, historySize=0, eventTime=179746, downTime=179742, deviceId=0, source=0x1002 }
D/InputEventConsistencyVerifier(  428): KeyEvent: ACTION_UP but key was not down.
D/InputEventConsistencyVerifier(  428):   in com.android.systemui.statusbar.phone.StatusBarWindowView@b3e4c348
D/InputEventConsistencyVerifier(  428):   0: sent at 192806000000, KeyEvent { action=ACTION_UP, keyCode=KEYCODE_DPAD_UP, scanCode=0, metaState=0, flags=0x8, repeatCount=0, eventTime=192806, downTime=192806, deviceId=-1, source=0x101 }
D/InputEventConsistencyVerifier(  428):   -- recent events --
D/InputEventConsistencyVerifier(  428):   1: sent at 192714000000, MotionEvent { action=ACTION_UP, id[0]=0, x[0]=324.0, y[0]=372.0, toolType[0]=TOOL_TYPE_UNKNOWN, buttonState=0, metaState=0, flags=0x0, edgeFlags=0x0, pointerCount=1, historySize=0, eventTime=192714, downTime=192709, deviceId=0, source=0x1002 }
D/InputEventConsistencyVerifier(  428):   2: sent at 192709000000, MotionEvent { action=ACTION_DOWN, id[0]=0, x[0]=329.0, y[0]=380.0, toolType[0]=TOOL_TYPE_UNKNOWN, buttonState=0, metaState=0, flags=0x0, edgeFlags=0x0, pointerCount=1, historySize=0, eventTime=192709, downTime=192709, deviceId=0, source=0x1002 }
D/InputEventConsistencyVerifier(  428):   3: sent at 192701000000, (unhandled) KeyEvent { action=ACTION_UP, keyCode=KEYCODE_DPAD_CENTER, scanCode=0, metaState=0, flags=0x80000008, repeatCount=0, eventTime=192701, downTime=192701, deviceId=-1, source=0x101 }
D/InputEventConsistencyVerifier(  428):   4: sent at 192482000000, MotionEvent { action=ACTION_UP, id[0]=0, x[0]=183.0, y[0]=528.0, toolType[0]=TOOL_TYPE_UNKNOWN, buttonState=0, metaState=0, flags=0x0, edgeFlags=0x0, pointerCount=1, historySize=0, eventTime=192482, downTime=192304, deviceId=0, source=0x1002 }
D/InputEventConsistencyVerifier(  428):   5: sent at 192480000000, MotionEvent { action=ACTION_MOVE, id[0]=0, x[0]=177.0, y[0]=523.0, toolType[0]=TOOL_TYPE_UNKNOWN, buttonState=0, metaState=0, flags=0x0, edgeFlags=0x0, pointerCount=1, historySize=8, eventTime=192480, downTime=192304, deviceId=0, source=0x1002 }
I/Choreographer(  428): Skipped 55 frames!  The application may be doing too much work on its main thread.
W/dalvikvm(  428): DroidBox: { "FdAccess": { "path": "2f70726f632f6d656d696e666f", "id": "645822905" } }
W/DroidBox(  428): DroidBox: { "FileRW": { "operation": "read", "data": "4d656d546f74616c3a202020202020202020373438393634206b420a4d656d467265653a20202020202020202020343531363238206b420a427566666572733a20202020202020202020202035353234206b420a4361636865643a202020202020202020", "id": "645822905" } }
I/Choreographer(  428): Skipped 53 frames!  The application may be doing too much work on its main thread.
D/InputEventConsistencyVerifier(  428): KeyEvent: ACTION_UP but key was not down.
D/InputEventConsistencyVerifier(  428):   in com.android.systemui.statusbar.phone.StatusBarWindowView@b3e4c348
D/InputEventConsistencyVerifier(  428):   0: sent at 193081000000, KeyEvent { action=ACTION_UP, keyCode=KEYCODE_DPAD_UP, scanCode=0, metaState=0, flags=0x400, repeatCount=0, eventTime=193081, downTime=193081, deviceId=-1, source=0x101 }
D/InputEventConsistencyVerifier(  428):   -- recent events --
D/InputEventConsistencyVerifier(  428):   1: sent at 192871000000, (unhandled) MotionEvent { action=ACTION_MOVE, id[0]=0, x[0]=0.0, y[0]=-3.0, toolType[0]=TOOL_TYPE_UNKNOWN, buttonState=0, metaState=0, flags=0x0, edgeFlags=0x0, pointerCount=1, historySize=9, eventTime=192871, downTime=-1, deviceId=0, source=0x10004 }
D/InputEventConsistencyVerifier(  428):   2: sent at 192917000000, MotionEvent { action=ACTION_UP, id[0]=0, x[0]=419.0, y[0]=226.0, toolType[0]=TOOL_TYPE_UNKNOWN, buttonState=0, metaState=0, flags=0x0, edgeFlags=0x0, pointerCount=1, historySize=0, eventTime=192917, downTime=192885, deviceId=0, source=0x1002 }
D/InputEventConsistencyVerifier(  428):   3: sent at 192915000000, MotionEvent { action=ACTION_MOVE, id[0]=0, x[0]=426.0, y[0]=237.0, toolType[0]=TOOL_TYPE_UNKNOWN, buttonState=0, metaState=0, flags=0x0, edgeFlags=0x0, pointerCount=1, historySize=1, eventTime=192915, downTime=192885, deviceId=0, source=0x1002 }
D/InputEventConsistencyVerifier(  428):   4: sent at 192886000000, MotionEvent { action=ACTION_DOWN, id[0]=0, x[0]=436.0, y[0]=252.0, toolType[0]=TOOL_TYPE_UNKNOWN, buttonState=0, metaState=0, flags=0x0, edgeFlags=0x0, pointerCount=1, historySize=0, eventTime=192886, downTime=192885, deviceId=0, source=0x1002 }
D/InputEventConsistencyVerifier(  428):   5: sent at 192806000000, (unhandled) KeyEvent { action=ACTION_UP, keyCode=KEYCODE_DPAD_UP, scanCode=0, metaState=0, flags=0x80000008, repeatCount=0, eventTime=192806, downTime=192806, deviceId=-1, source=0x101 }
I/ActivityManager(  226): START {act=android.intent.action.MAIN cat=[android.intent.category.HOME] flg=0x10200000 cmp=com.android.launcher/com.android.launcher2.Launcher u=0} from pid 226
D/InputEventConsistencyVerifier(  428): TouchEvent: ACTION_DOWN but pointers are already down.  Probably missing ACTION_UP from previous gesture.
D/InputEventConsistencyVerifier(  428):   in android.view.ScaleGestureDetector@b3eec0d8
D/InputEventConsistencyVerifier(  428):   0: sent at 193125000000, MotionEvent { action=ACTION_DOWN, id[0]=0, x[0]=242.0, y[0]=668.0, toolType[0]=TOOL_TYPE_UNKNOWN, buttonState=0, metaState=0, flags=0x0, edgeFlags=0x0, pointerCount=1, historySize=0, eventTime=193125, downTime=193120, deviceId=0, source=0x1002 }
D/InputEventConsistencyVerifier(  428):   -- recent events --
D/InputEventConsistencyVerifier(  428):   1: sent at 192915000000, MotionEvent { action=ACTION_MOVE, id[0]=0, x[0]=426.0, y[0]=237.0, toolType[0]=TOOL_TYPE_UNKNOWN, buttonState=0, metaState=0, flags=0x0, edgeFlags=0x0, pointerCount=1, historySize=1, eventTime=192915, downTime=192885, deviceId=0, source=0x1002 }
D/InputEventConsistencyVerifier(  428):   2: sent at 192886000000, MotionEvent { action=ACTION_DOWN, id[0]=0, x[0]=436.0, y[0]=252.0, toolType[0]=TOOL_TYPE_UNKNOWN, buttonState=0, metaState=0, flags=0x0, edgeFlags=0x0, pointerCount=1, historySize=0, eventTime=192886, downTime=192885, deviceId=0, source=0x1002 }
D/InputEventConsistencyVerifier(  428):   3: sent at 192714000000, MotionEvent { action=ACTION_UP, id[0]=0, x[0]=324.0, y[0]=372.0, toolType[0]=TOOL_TYPE_UNKNOWN, buttonState=0, metaState=0, flags=0x0, edgeFlags=0x0, pointerCount=1, historySize=0, eventTime=192714, downTime=192709, deviceId=0, source=0x1002 }
D/InputEventConsistencyVerifier(  428):   4: sent at 192709000000, MotionEvent { action=ACTION_DOWN, id[0]=0, x[0]=329.0, y[0]=380.0, toolType[0]=TOOL_TYPE_UNKNOWN, buttonState=0, metaState=0, flags=0x80000000, edgeFlags=0x0, pointerCount=1, historySize=0, eventTime=192709, downTime=192709, deviceId=0, source=0x1002 }
D/InputEventConsistencyVerifier(  428):   5: sent at 192310000000, MotionEvent { action=ACTION_DOWN, id[0]=0, x[0]=126.0, y[0]=474.0, toolType[0]=TOOL_TYPE_UNKNOWN, buttonState=0, metaState=0, flags=0x0, edgeFlags=0x0, pointerCount=1, historySize=0, eventTime=192310, downTime=192304, deviceId=0, source=0x1002 }
D/InputEventConsistencyVerifier(  428): KeyEvent: ACTION_UP but key was not down.
D/InputEventConsistencyVerifier(  428):   in com.android.systemui.statusbar.phone.StatusBarWindowView@b3e4c348
D/InputEventConsistencyVerifier(  428):   0: sent at 193271000000, KeyEvent { action=ACTION_UP, keyCode=KEYCODE_DPAD_LEFT, scanCode=0, metaState=0, flags=0x8, repeatCount=0, eventTime=193271, downTime=193271, deviceId=-1, source=0x101 }
D/InputEventConsistencyVerifier(  428):   -- recent events --
D/InputEventConsistencyVerifier(  428):   1: sent at 193182000000, MotionEvent { action=ACTION_UP, id[0]=0, x[0]=219.0, y[0]=638.0, toolType[0]=TOOL_TYPE_UNKNOWN, buttonState=0, metaState=0, flags=0x0, edgeFlags=0x0, pointerCount=1, historySize=0, eventTime=193182, downTime=193120, deviceId=0, source=0x1002 }
D/InputEventConsistencyVerifier(  428):   2: sent at 193180000000, MotionEvent { action=ACTION_MOVE, id[0]=0, x[0]=225.0, y[0]=644.0, toolType[0]=TOOL_TYPE_UNKNOWN, buttonState=0, metaState=0, flags=0x0, edgeFlags=0x0, pointerCount=1, historySize=6, eventTime=193180, downTime=193120, deviceId=0, source=0x1002 }
D/InputEventConsistencyVerifier(  428):   3: sent at 193125000000, MotionEvent { action=ACTION_DOWN, id[0]=0, x[0]=242.0, y[0]=668.0, toolType[0]=TOOL_TYPE_UNKNOWN, buttonState=0, metaState=0, flags=0x0, edgeFlags=0x0, pointerCount=1, historySize=0, eventTime=193125, downTime=193120, deviceId=0, source=0x1002 }
D/InputEventConsistencyVerifier(  428):   4: sent at 193085000000, (unhandled) KeyEvent { action=ACTION_UP, keyCode=KEYCODE_3D_MODE, scanCode=0, metaState=0, flags=0x8, repeatCount=0, eventTime=193085, downTime=193085, deviceId=-1, source=0x101 }
