D/InputEventConsistencyVerifier(  426):   1: sent at 196546000000, MotionEvent { action=ACTION_UP, id[0]=0, x[0]=324.0, y[0]=372.0, toolType[0]=TOOL_TYPE_UNKNOWN, buttonState=0, metaState=0, flags=0x0, edgeFlags=0x0, pointerCount=1, historySize=0, eventTime=196546, downTime=196488, deviceId=0, source=0x1002 }
D/InputEventConsistencyVerifier(  426):   2: sent at 196488000000, MotionEvent { action=ACTION_DOWN, id[0]=0, x[0]=329.0, y[0]=380.0, toolType[0]=TOOL_TYPE_UNKNOWN, buttonState=0, metaState=0, flags=0x0, edgeFlags=0x0, pointerCount=1, historySize=0, eventTime=196488, downTime=196488, deviceId=0, source=0x1002 }
D/InputEventConsistencyVerifier(  426):   3: sent at 196453000000, (unhandled) KeyEvent { action=ACTION_UP, keyCode=KEYCODE_DPAD_CENTER, scanCode=0, metaState=0, flags=0x80000008, repeatCount=0, eventTime=196453, downTime=196453, deviceId=-1, source=0x101 }
D/InputEventConsistencyVerifier(  426):   4: sent at 196422000000, MotionEvent { action=ACTION_UP, id[0]=0, x[0]=183.0, y[0]=528.0, toolType[0]=TOOL_TYPE_UNKNOWN, buttonState=0, metaState=0, flags=0x0, edgeFlags=0x0, pointerCount=1, historySize=0, eventTime=196422, downTime=196335, deviceId=0, source=0x1002 }
D/InputEventConsistencyVerifier(  426):   5: sent at 196420000000, MotionEvent { action=ACTION_MOVE, id[0]=0, x[0]=177.0, y[0]=523.0, toolType[0]=TOOL_TYPE_UNKNOWN, buttonState=0, metaState=0, flags=0x0, edgeFlags=0x0, pointerCount=1, historySize=8, eventTime=196420, downTime=196335, deviceId=0, source=0x1002 }
I/Choreographer(  426): Skipped 35 frames!  The application may be doing too much work on its main thread.
W/dalvikvm(  426): DroidBox: { "FdAccess": { "path": "2f70726f632f6d656d696e666f", "id": "1857405020" } }
W/DroidBox(  426): DroidBox: { "FileRW": { "operation": "read", "data": "4d656d546f74616c3a202020202020202020373438393634206b420a4d656d467265653a20202020202020202020343538303634206b420a427566666572733a20202020202020202020202035343732206b420a4361636865643a202020202020202020", "id": "1857405020" } }
D/InputEventConsistencyVerifier(  426): TouchEvent: ACTION_DOWN but pointers are already down.  Probably missing ACTION_UP from previous gesture.
D/InputEventConsistencyVerifier(  426):   in android.view.ScaleGestureDetector@b3e64388
D/InputEventConsistencyVerifier(  426):   0: sent at 197029000000, MotionEvent { action=ACTION_DOWN, id[0]=0, x[0]=436.0, y[0]=252.0, toolType[0]=TOOL_TYPE_UNKNOWN, buttonState=0, metaState=0, flags=0x0, edgeFlags=0x0, pointerCount=1, historySize=0, eventTime=197029, downTime=197028, deviceId=0, source=0x1002 }
D/InputEventConsistencyVerifier(  426):   -- recent events --
D/InputEventConsistencyVerifier(  426):   1: sent at 196488000000, MotionEvent { action=ACTION_DOWN, id[0]=0, x[0]=329.0, y[0]=380.0, toolType[0]=TOOL_TYPE_UNKNOWN, buttonState=0, metaState=0, flags=0x80000000, edgeFlags=0x0, pointerCount=1, historySize=0, eventTime=196488, downTime=196488, deviceId=0, source=0x1002 }
D/InputEventConsistencyVerifier(  426):   2: sent at 196338000000, MotionEvent { action=ACTION_DOWN, id[0]=0, x[0]=126.0, y[0]=474.0, toolType[0]=TOOL_TYPE_UNKNOWN, buttonState=0, metaState=0, flags=0x0, edgeFlags=0x0, pointerCount=1, historySize=0, eventTime=196338, downTime=196335, deviceId=0, source=0x1002 }
D/InputEventConsistencyVerifier(  426):   3: sent at 196068000000, MotionEvent { action=ACTION_UP, id[0]=0, x[0]=302.0, y[0]=0.0, toolType[0]=TOOL_TYPE_UNKNOWN, buttonState=0, metaState=0, flags=0x0, edgeFlags=0x0, pointerCount=1, historySize=0, eventTime=196068, downTime=195986, deviceId=0, source=0x1002 }
D/InputEventConsistencyVerifier(  426):   4: sent at 196039000000, MotionEvent { action=ACTION_MOVE, id[0]=0, x[0]=308.0, y[0]=0.0, toolType[0]=TOOL_TYPE_UNKNOWN, buttonState=0, metaState=0, flags=0x0, edgeFlags=0x0, pointerCount=1, historySize=4, eventTime=196039, downTime=195986, deviceId=0, source=0x1002 }
D/InputEventConsistencyVerifier(  426):   5: sent at 195988000000, MotionEvent { action=ACTION_DOWN, id[0]=0, x[0]=374.0, y[0]=20.0, toolType[0]=TOOL_TYPE_UNKNOWN, buttonState=0, metaState=0, flags=0x80000000, edgeFlags=0x0, pointerCount=1, historySize=0, eventTime=195988, downTime=195986, deviceId=0, source=0x1002 }
I/Choreographer(  426): Skipped 62 frames!  The application may be doing too much work on its main thread.
D/InputEventConsistencyVerifier(  426): KeyEvent: ACTION_UP but key was not down.
D/InputEventConsistencyVerifier(  426):   in com.android.systemui.statusbar.phone.StatusBarWindowView@b3dc53b8
D/InputEventConsistencyVerifier(  426):   0: sent at 197223000000, KeyEvent { action=ACTION_UP, keyCode=KEYCODE_DPAD_UP, scanCode=0, metaState=0, flags=0x400, repeatCount=0, eventTime=197223, downTime=197223, deviceId=-1, source=0x101 }
D/InputEventConsistencyVerifier(  426):   -- recent events --
D/InputEventConsistencyVerifier(  426):   1: sent at 197024000000, (unhandled) MotionEvent { action=ACTION_MOVE, id[0]=0, x[0]=0.0, y[0]=-3.0, toolType[0]=TOOL_TYPE_UNKNOWN, buttonState=0, metaState=0, flags=0x0, edgeFlags=0x0, pointerCount=1, historySize=5, eventTime=197024, downTime=-1, deviceId=0, source=0x10004 }
D/InputEventConsistencyVerifier(  426):   2: sent at 197094000000, MotionEvent { action=ACTION_UP, id[0]=0, x[0]=419.0, y[0]=226.0, toolType[0]=TOOL_TYPE_UNKNOWN, buttonState=0, metaState=0, flags=0x0, edgeFlags=0x0, pointerCount=1, historySize=0, eventTime=197094, downTime=197028, deviceId=0, source=0x1002 }
D/InputEventConsistencyVerifier(  426):   3: sent at 197089000000, MotionEvent { action=ACTION_MOVE, id[0]=0, x[0]=426.0, y[0]=237.0, toolType[0]=TOOL_TYPE_UNKNOWN, buttonState=0, metaState=0, flags=0x0, edgeFlags=0x0, pointerCount=1, historySize=1, eventTime=197089, downTime=197028, deviceId=0, source=0x1002 }
D/InputEventConsistencyVerifier(  426):   4: sent at 197029000000, MotionEvent { action=ACTION_DOWN, id[0]=0, x[0]=436.0, y[0]=252.0, toolType[0]=TOOL_TYPE_UNKNOWN, buttonState=0, metaState=0, flags=0x0, edgeFlags=0x0, pointerCount=1, historySize=0, eventTime=197029, downTime=197028, deviceId=0, source=0x1002 }
D/InputEventConsistencyVerifier(  426):   5: sent at 196984000000, (unhandled) KeyEvent { action=ACTION_UP, keyCode=KEYCODE_DPAD_RIGHT, scanCode=0, metaState=0, flags=0x400, repeatCount=0, eventTime=196984, downTime=196984, deviceId=-1, source=0x101 }
D/InputEventConsistencyVerifier(  426): TouchEvent: ACTION_DOWN but pointers are already down.  Probably missing ACTION_UP from previous gesture.
D/InputEventConsistencyVerifier(  426):   in android.view.ScaleGestureDetector@b3e64388
D/InputEventConsistencyVerifier(  426):   0: sent at 197289000000, MotionEvent { action=ACTION_DOWN, id[0]=0, x[0]=242.0, y[0]=668.0, toolType[0]=TOOL_TYPE_UNKNOWN, buttonState=0, metaState=0, flags=0x0, edgeFlags=0x0, pointerCount=1, historySize=0, eventTime=197289, downTime=197287, deviceId=0, source=0x1002 }
D/InputEventConsistencyVerifier(  426):   -- recent events --
D/InputEventConsistencyVerifier(  426):   1: sent at 197089000000, MotionEvent { action=ACTION_MOVE, id[0]=0, x[0]=426.0, y[0]=237.0, toolType[0]=TOOL_TYPE_UNKNOWN, buttonState=0, metaState=0, flags=0x0, edgeFlags=0x0, pointerCount=1, historySize=1, eventTime=197089, downTime=197028, deviceId=0, source=0x1002 }
D/InputEventConsistencyVerifier(  426):   2: sent at 197029000000, MotionEvent { action=ACTION_DOWN, id[0]=0, x[0]=436.0, y[0]=252.0, toolType[0]=TOOL_TYPE_UNKNOWN, buttonState=0, metaState=0, flags=0x80000000, edgeFlags=0x0, pointerCount=1, historySize=0, eventTime=197029, downTime=197028, deviceId=0, source=0x1002 }
D/InputEventConsistencyVerifier(  426):   3: sent at 196488000000, MotionEvent { action=ACTION_DOWN, id[0]=0, x[0]=329.0, y[0]=380.0, toolType[0]=TOOL_TYPE_UNKNOWN, buttonState=0, metaState=0, flags=0x80000000, edgeFlags=0x0, pointerCount=1, historySize=0, eventTime=196488, downTime=196488, deviceId=0, source=0x1002 }
D/InputEventConsistencyVerifier(  426):   4: sent at 196338000000, MotionEvent { action=ACTION_DOWN, id[0]=0, x[0]=126.0, y[0]=474.0, toolType[0]=TOOL_TYPE_UNKNOWN, buttonState=0, metaState=0, flags=0x0, edgeFlags=0x0, pointerCount=1, historySize=0, eventTime=196338, downTime=196335, deviceId=0, source=0x1002 }
D/InputEventConsistencyVerifier(  426):   5: sent at 196068000000, MotionEvent { action=ACTION_UP, id[0]=0, x[0]=302.0, y[0]=0.0, toolType[0]=TOOL_TYPE_UNKNOWN, buttonState=0, metaState=0, flags=0x0, edgeFlags=0x0, pointerCount=1, historySize=0, eventTime=196068, downTime=195986, deviceId=0, source=0x1002 }
I/ActivityManager(  223): START {act=android.intent.action.MAIN cat=[android.intent.category.HOME] flg=0x10200000 cmp=com.android.launcher/com.android.launcher2.Launcher u=0} from pid 223
D/InputEventConsistencyVerifier(  426): KeyEvent: ACTION_UP but key was not down.
D/InputEventConsistencyVerifier(  426):   in com.android.systemui.statusbar.phone.StatusBarWindowView@b3dc53b8
D/InputEventConsistencyVerifier(  426):   0: sent at 197488000000, KeyEvent { action=ACTION_UP, keyCode=KEYCODE_DPAD_LEFT, scanCode=0, metaState=0, flags=0x8, repeatCount=0, eventTime=197488, downTime=197488, deviceId=-1, source=0x101 }
D/InputEventConsistencyVerifier(  426):   -- recent events --
D/InputEventConsistencyVerifier(  426):   1: sent at 197407000000, MotionEvent { action=ACTION_UP, id[0]=0, x[0]=219.0, y[0]=638.0, toolType[0]=TOOL_TYPE_UNKNOWN, buttonState=0, metaState=0, flags=0x0, edgeFlags=0x0, pointerCount=1, historySize=0, eventTime=197407, downTime=197287, deviceId=0, source=0x1002 }
D/InputEventConsistencyVerifier(  426):   2: sent at 197405000000, MotionEvent { action=ACTION_MOVE, id[0]=0, x[0]=225.0, y[0]=644.0, toolType[0]=TOOL_TYPE_UNKNOWN, buttonState=0, metaState=0, flags=0x0, edgeFlags=0x0, pointerCount=1, historySize=6, eventTime=197405, downTime=197287, deviceId=0, source=0x1002 }
D/InputEventConsistencyVerifier(  426):   3: sent at 197289000000, MotionEvent { action=ACTION_DOWN, id[0]=0, x[0]=242.0, y[0]=668.0, toolType[0]=TOOL_TYPE_UNKNOWN, buttonState=0, metaState=0, flags=0x0, edgeFlags=0x0, pointerCount=1, historySize=0, eventTime=197289, downTime=197287, deviceId=0, source=0x1002 }
D/InputEventConsistencyVerifier(  426):   4: sent at 197274000000, (unhandled) KeyEvent { action=ACTION_UP, keyCode=KEYCODE_3D_MODE, scanCode=0, metaState=0, flags=0x8, repeatCount=0, eventTime=197274, downTime=197274, deviceId=-1, source=0x101 }
D/InputEventConsistencyVerifier(  426):   5: sent at 197271000000, (unhandled) KeyEvent { action=ACTION_DOWN, keyCode=KEYCODE_3D_MODE, scanCode=0, metaState=0, flags=0x8, repeatCount=0, eventTime=197271, downTime=197271, deviceId=-1, source=0x101 }
W/dalvikvm(  426): DroidBox: { "FdAccess": { "path": "2f70726f632f6d656d696e666f", "id": "1754582519" } }
W/DroidBox(  426): DroidBox: { "FileRW": { "operation": "read", "data": "4d656d546f74616c3a202020202020202020373438393634206b420a4d656d467265653a20202020202020202020343538303634206b420a427566666572733a20202020202020202020202035343732206b420a4361636865643a202020202020202020", "id": "1754582519" } }
I/ActivityManager(  223): START {act=android.intent.action.MAIN cat=[android.intent.category.LAUNCHER] flg=0x10200000 cmp=jp.kabukichogozennizi/.MainActivity u=0} from pid 897
W/dalvikvm(  426): DroidBox: { "FdAccess": { "path": "2f70726f632f6d656d696e666f", "id": "1271518274" } }
W/DroidBox(  426): DroidBox: { "FileRW": { "operation": "read", "data": "4d656d546f74616c3a202020202020202020373438393634206b420a4d656d467265653a20202020202020202020343538303634206b420a427566666572733a20202020202020202020202035343732206b420a4361636865643a202020202020202020", "id": "1271518274" } }
D/InputEventConsistencyVerifier(  426): KeyEvent: ACTION_UP but key was not down.
D/InputEventConsistencyVerifier(  426):   in android.widget.FrameLayout@b3de4f08
D/InputEventConsistencyVerifier(  426):   0: sent at 197705000000, KeyEvent { action=ACTION_UP, keyCode=KEYCODE_DPAD_DOWN, scanCode=0, metaState=0, flags=0x8, repeatCount=0, eventTime=197705, downTime=197705, deviceId=-1, source=0x101 }
D/InputEventConsistencyVerifier(  426):   -- recent events --
D/InputEventConsistencyVerifier(  426):   1: sent at 197407000000, MotionEvent { action=ACTION_UP, id[0]=0, x[0]=219.0, y[0]=638.0, toolType[0]=TOOL_TYPE_UNKNOWN, buttonState=0, metaState=0, flags=0x0, edgeFlags=0x0, pointerCount=1, historySize=0, eventTime=197407, downTime=197287, deviceId=0, source=0x1002 }
D/InputEventConsistencyVerifier(  426):   2: sent at 197405000000, MotionEvent { action=ACTION_MOVE, id[0]=0, x[0]=225.0, y[0]=644.0, toolType[0]=TOOL_TYPE_UNKNOWN, buttonState=0, metaState=0, flags=0x0, edgeFlags=0x0, pointerCount=1, historySize=6, eventTime=197405, downTime=197287, deviceId=0, source=0x1002 }
D/InputEventConsistencyVerifier(  426):   3: sent at 197289000000, MotionEvent { action=ACTION_DOWN, id[0]=0, x[0]=242.0, y[0]=668.0, toolType[0]=TOOL_TYPE_UNKNOWN, buttonState=0, metaState=0, flags=0x80000000, edgeFlags=0x0, pointerCount=1, historySize=0, eventTime=197289, downTime=197287, deviceId=0, source=0x1002 }
D/InputEventConsistencyVerifier(  426):   4: sent at 197094000000, MotionEvent { action=ACTION_UP, id[0]=0, x[0]=419.0, y[0]=226.0, toolType[0]=TOOL_TYPE_UNKNOWN, buttonState=0, metaState=0, flags=0x0, edgeFlags=0x0, pointerCount=1, historySize=0, eventTime=197094, downTime=197028, deviceId=0, source=0x1002 }
D/InputEventConsistencyVerifier(  426):   5: sent at 197089000000, MotionEvent { action=ACTION_MOVE, id[0]=0, x[0]=426.0, y[0]=237.0, toolType[0]=TOOL_TYPE_UNKNOWN, buttonState=0, metaState=0, flags=0x0, edgeFlags=0x0, pointerCount=1, historySize=1, eventTime=197089, downTime=197028, deviceId=0, source=0x1002 }
D/InputEventConsistencyVerifier(  426): TouchEvent: ACTION_DOWN but pointers are already down.  Probably missing ACTION_UP from previous gesture.
D/InputEventConsistencyVerifier(  426):   in android.view.ScaleGestureDetector@b3e64388
D/InputEventConsistencyVerifier(  426):   0: sent at 197745000000, MotionEvent { action=ACTION_DOWN, id[0]=0, x[0]=66.0, y[0]=52.0, toolType[0]=TOOL_TYPE_UNKNOWN, buttonState=0, metaState=0, flags=0x0, edgeFlags=0x0, pointerCount=1, historySize=0, eventTime=197745, downTime=197745, deviceId=0, source=0x1002 }
D/InputEventConsistencyVerifier(  426):   -- recent events --
D/InputEventConsistencyVerifier(  426):   1: sent at 197405000000, MotionEvent { action=ACTION_MOVE, id[0]=0, x[0]=225.0, y[0]=644.0, toolType[0]=TOOL_TYPE_UNKNOWN, buttonState=0, metaState=0, flags=0x0, edgeFlags=0x0, pointerCount=1, historySize=6, eventTime=197405, downTime=197287, deviceId=0, source=0x1002 }
D/InputEventConsistencyVerifier(  426):   2: sent at 197289000000, MotionEvent { action=ACTION_DOWN, id[0]=0, x[0]=242.0, y[0]=668.0, toolType[0]=TOOL_TYPE_UNKNOWN, buttonState=0, metaState=0, flags=0x80000000, edgeFlags=0x0, pointerCount=1, historySize=0, eventTime=197289, downTime=197287, deviceId=0, source=0x1002 }
D/InputEventConsistencyVerifier(  426):   3: sent at 197089000000, MotionEvent { action=ACTION_MOVE, id[0]=0, x[0]=426.0, y[0]=237.0, toolType[0]=TOOL_TYPE_UNKNOWN, buttonState=0, metaState=0, flags=0x0, edgeFlags=0x0, pointerCount=1, historySize=1, eventTime=197089, downTime=197028, deviceId=0, source=0x1002 }
D/InputEventConsistencyVerifier(  426):   4: sent at 197029000000, MotionEvent { action=ACTION_DOWN, id[0]=0, x[0]=436.0, y[0]=252.0, toolType[0]=TOOL_TYPE_UNKNOWN, buttonState=0, metaState=0, flags=0x80000000, edgeFlags=0x0, pointerCount=1, historySize=0, eventTime=197029, downTime=197028, deviceId=0, source=0x1002 }
D/InputEventConsistencyVerifier(  426):   5: sent at 196488000000, MotionEvent { action=ACTION_DOWN, id[0]=0, x[0]=329.0, y[0]=380.0, toolType[0]=TOOL_TYPE_UNKNOWN, buttonState=0, metaState=0, flags=0x80000000, edgeFlags=0x0, pointerCount=1, historySize=0, eventTime=196488, downTime=196488, deviceId=0, source=0x1002 }
D/InputEventConsistencyVerifier(  426): KeyEvent: ACTION_UP but key was not down.
D/InputEventConsistencyVerifier(  426):   in com.android.systemui.statusbar.phone.StatusBarWindowView@b3dc53b8
D/InputEventConsistencyVerifier(  426):   0: sent at 197789000000, KeyEvent { action=ACTION_UP, keyCode=KEYCODE_DPAD_CENTER, scanCode=0, metaState=0, flags=0x8, repeatCount=0, eventTime=197789, downTime=197789, deviceId=-1, source=0x101 }
D/InputEventConsistencyVerifier(  426):   -- recent events --
D/InputEventConsistencyVerifier(  426):   1: sent at 197751000000, MotionEvent { action=ACTION_UP, id[0]=0, x[0]=47.0, y[0]=68.0, toolType[0]=TOOL_TYPE_UNKNOWN, buttonState=0, metaState=0, flags=0x0, edgeFlags=0x0, pointerCount=1, historySize=0, eventTime=197751, downTime=197745, deviceId=0, source=0x1002 }
D/InputEventConsistencyVerifier(  426):   2: sent at 197745000000, MotionEvent { action=ACTION_DOWN, id[0]=0, x[0]=66.0, y[0]=52.0, toolType[0]=TOOL_TYPE_UNKNOWN, buttonState=0, metaState=0, flags=0x0, edgeFlags=0x0, pointerCount=1, historySize=0, eventTime=197745, downTime=197745, deviceId=0, source=0x1002 }
D/InputEventConsistencyVerifier(  426):   3: sent at 197705000000, (unhandled) KeyEvent { action=ACTION_UP, keyCode=KEYCODE_DPAD_DOWN, scanCode=0, metaState=0, flags=0x8, repeatCount=0, eventTime=197705, downTime=197705, deviceId=-1, source=0x101 }
D/InputEventConsistencyVerifier(  426):   4: sent at 197671000000, (unhandled) KeyEvent { action=ACTION_DOWN, keyCode=KEYCODE_DPAD_DOWN, scanCode=0, metaState=0, flags=0x8, repeatCount=0, eventTime=197671, downTime=197671, deviceId=-1, source=0x101 }
D/InputEventConsistencyVerifier(  426):   5: sent at 197703000000, (unhandled) KeyEvent { action=ACTION_UP, keyCode=KEYCODE_DPAD_UP, scanCode=0, metaState=0, flags=0x400, repeatCount=0, eventTime=197703, downTime=197703, deviceId=-1, source=0x101 }
W/dalvikvm(  426): DroidBox: { "FdAccess": { "path": "2f70726f632f6d656d696e666f", "id": "152946517" } }
W/DroidBox(  426): DroidBox: { "FileRW": { "operation": "read", "data": "4d656d546f74616c3a202020202020202020373438393634206b420a4d656d467265653a20202020202020202020343538303634206b420a427566666572733a20202020202020202020202035343732206b420a4361636865643a202020202020202020", "id": "152946517" } }
I/Choreographer(  426): Skipped 40 frames!  The application may be doing too much work on its main thread.
W/dalvikvm(  426): DroidBox: { "FdAccess": { "path": "2f70726f632f6d656d696e666f", "id": "713145418" } }
W/DroidBox(  426): DroidBox: { "FileRW": { "operation": "read", "data": "4d656d546f74616c3a202020202020202020373438393634206b420a4d656d467265653a20202020202020202020343538303634206b420a427566666572733a20202020202020202020202035343732206b420a4361636865643a202020202020202020", "id": "713145418" } }
W/InputMethodManagerService(  223): Window already focused, ignoring focus gain of: com.android.internal.view.IInputMethodClient$Stub$Proxy@b3e3f918 attribute=null
V/PhoneStatusBar(  426): setLightsOn(true)
D/PhoneStatusBar(  426): disable: < expand icons alerts ticker* system_info back home recent clock >
I/ActivityManager(  223): START {act=android.intent.action.CALL_BUTTON flg=0x10000000 cmp=com.android.contacts/.activities.DialtactsActivity u=0} from pid 941
D/InputEventConsistencyVerifier(  941): KeyEvent: ACTION_UP but key was not down.
D/InputEventConsistencyVerifier(  941):   in android.view.ViewRootImpl@b3dfb3f8
D/InputEventConsistencyVerifier(  941):   0: sent at 199620000000, KeyEvent { action=ACTION_UP, keyCode=KEYCODE_M, scanCode=0, metaState=0, flags=0x8, repeatCount=0, eventTime=199620, downTime=199620, deviceId=-1, source=0x101 }
D/InputEventConsistencyVerifier(  941):   -- recent events --
D/InputEventConsistencyVerifier(  941):   1: sent at 199090000000, KeyEvent { action=ACTION_UP, keyCode=KEYCODE_MENU, scanCode=0, metaState=0, flags=0x8, repeatCount=0, eventTime=199090, downTime=199090, deviceId=-1, source=0x101 }
D/InputEventConsistencyVerifier(  941):   2: sent at 199070000000, KeyEvent { action=ACTION_DOWN, keyCode=KEYCODE_MENU, scanCode=0, metaState=0, flags=0x8, repeatCount=0, eventTime=199070, downTime=199070, deviceId=-1, source=0x101 }
D/InputEventConsistencyVerifier(  941):   3: sent at 198827000000, KeyEvent { action=ACTION_UP, keyCode=KEYCODE_DPAD_CENTER, scanCode=0, metaState=0, flags=0x8, repeatCount=0, eventTime=198827, downTime=198827, deviceId=-1, source=0x101 }
D/InputEventConsistencyVerifier(  941):   4: sent at 198679000000, KeyEvent { action=ACTION_DOWN, keyCode=KEYCODE_DPAD_CENTER, scanCode=0, metaState=0, flags=0x8, repeatCount=0, eventTime=198679, downTime=198679, deviceId=-1, source=0x101 }
D/InputEventConsistencyVerifier(  941):   5: sent at 198821000000, KeyEvent { action=ACTION_UP, keyCode=KEYCODE_DPAD_LEFT, scanCode=0, metaState=0, flags=0x400, repeatCount=0, eventTime=198821, downTime=198821, deviceId=-1, source=0x101 }
I/Choreographer(  941): Skipped 54 frames!  The application may be doing too much work on its main thread.
W/InputMethodManagerService(  223): Window already focused, ignoring focus gain of: com.android.internal.view.IInputMethodClient$Stub$Proxy@b419bae8 attribute=null
W/DroidBox( 1051): DroidBox: { "ServiceStart": { "name": "com.android.music.MediaPlaybackService" } }
W/DroidBox( 1051): DroidBox: { "ServiceStart": { "name": "com.android.music.MediaPlaybackService" } }
I/AudioService(  223):  AudioFocus  requestAudioFocus() from android.media.AudioManager@b3da5018com.android.music.MediaPlaybackService$3@b3da2c08
I/AudioService(  223):   Remote Control   registerMediaButtonIntent() for PendingIntent{b4025df8: PendingIntentRecord{b3ea8220 com.android.music broadcastIntent}}
I/Choreographer(  941): Skipped 32 frames!  The application may be doing too much work on its main thread.
D/InputEventConsistencyVerifier(  941): KeyEvent: ACTION_UP but key was not down.
D/InputEventConsistencyVerifier(  941):   in android.view.ViewRootImpl@b3dfb3f8
D/InputEventConsistencyVerifier(  941):   0: sent at 201078000000, KeyEvent { action=ACTION_UP, keyCode=KEYCODE_DPAD_UP, scanCode=0, metaState=0, flags=0x8, repeatCount=0, eventTime=201078, downTime=201078, deviceId=-1, source=0x101 }
D/InputEventConsistencyVerifier(  941):   -- recent events --
D/InputEventConsistencyVerifier(  941):   1: sent at 200414000000, MotionEvent { action=ACTION_UP, id[0]=0, x[0]=212.0, y[0]=278.0, toolType[0]=TOOL_TYPE_UNKNOWN, buttonState=0, metaState=0, flags=0x0, edgeFlags=0x0, pointerCount=1, historySize=0, eventTime=200414, downTime=200397, deviceId=0, source=0x1002 }
D/InputEventConsistencyVerifier(  941):   2: sent at 200398000000, MotionEvent { action=ACTION_DOWN, id[0]=0, x[0]=204.0, y[0]=289.0, toolType[0]=TOOL_TYPE_UNKNOWN, buttonState=0, metaState=0, flags=0x0, edgeFlags=0x0, pointerCount=1, historySize=0, eventTime=200398, downTime=200397, deviceId=0, source=0x1002 }
D/InputEventConsistencyVerifier(  941):   3: sent at 200176000000, KeyEvent { action=ACTION_UP, keyCode=KEYCODE_MENU, scanCode=0, metaState=0, flags=0x8, repeatCount=0, eventTime=200176, downTime=200176, deviceId=-1, source=0x101 }
D/InputEventConsistencyVerifier(  941):   4: sent at 200092000000, KeyEvent { action=ACTION_DOWN, keyCode=KEYCODE_MENU, scanCode=0, metaState=0, flags=0x8, repeatCount=0, eventTime=200092, downTime=200092, deviceId=-1, source=0x101 }
D/InputEventConsistencyVerifier(  941):   5: sent at 199976000000, KeyEvent { action=ACTION_UP, keyCode=KEYCODE_MEDIA_PLAY, scanCode=0, metaState=0, flags=0x8, repeatCount=0, eventTime=199976, downTime=199976, deviceId=-1, source=0x101 }
I/Choreographer(  941): Skipped 45 frames!  The application may be doing too much work on its main thread.
W/InputMethodManagerService(  223): Window already focused, ignoring focus gain of: com.android.internal.view.IInputMethodClient$Stub$Proxy@b4194208 attribute=null
I/Choreographer(  941): Skipped 33 frames!  The application may be doing too much work on its main thread.
D/InputEventConsistencyVerifier(  941): KeyEvent: ACTION_UP but key was not down.
D/InputEventConsistencyVerifier(  941):   in android.view.ViewRootImpl@b3dfb3f8
D/InputEventConsistencyVerifier(  941):   0: sent at 202387000000, KeyEvent { action=ACTION_UP, keyCode=KEYCODE_DPAD_UP, scanCode=0, metaState=0, flags=0x8, repeatCount=0, eventTime=202387, downTime=202387, deviceId=-1, source=0x101 }
D/InputEventConsistencyVerifier(  941):   -- recent events --
D/InputEventConsistencyVerifier(  941):   1: sent at 201857000000, MotionEvent { action=ACTION_UP, id[0]=0, x[0]=224.0, y[0]=114.0, toolType[0]=TOOL_TYPE_UNKNOWN, buttonState=0, metaState=0, flags=0x0, edgeFlags=0x0, pointerCount=1, historySize=0, eventTime=201857, downTime=201817, deviceId=0, source=0x1002 }
D/InputEventConsistencyVerifier(  941):   2: sent at 201852000000, MotionEvent { action=ACTION_MOVE, id[0]=0, x[0]=217.0, y[0]=117.0, toolType[0]=TOOL_TYPE_UNKNOWN, buttonState=0, metaState=0, flags=0x0, edgeFlags=0x0, pointerCount=1, historySize=7, eventTime=201852, downTime=201817, deviceId=0, source=0x1002 }
D/InputEventConsistencyVerifier(  941):   3: sent at 201819000000, MotionEvent { action=ACTION_DOWN, id[0]=0, x[0]=156.0, y[0]=158.0, toolType[0]=TOOL_TYPE_UNKNOWN, buttonState=0, metaState=0, flags=0x0, edgeFlags=0x0, pointerCount=1, historySize=0, eventTime=201819, downTime=201817, deviceId=0, source=0x1002 }
D/InputEventConsistencyVerifier(  941):   4: sent at 201811000000, MotionEvent { action=ACTION_UP, id[0]=0, x[0]=18.0, y[0]=240.0, toolType[0]=TOOL_TYPE_UNKNOWN, buttonState=0, metaState=0, flags=0x0, edgeFlags=0x0, pointerCount=1, historySize=0, eventTime=201811, downTime=201804, deviceId=0, source=0x1002 }
D/InputEventConsistencyVerifier(  941):   5: sent at 201805000000, MotionEvent { action=ACTION_DOWN, id[0]=0, x[0]=6.0, y[0]=246.0, toolType[0]=TOOL_TYPE_UNKNOWN, buttonState=0, metaState=0, flags=0x0, edgeFlags=0x0, pointerCount=1, historySize=0, eventTime=201805, downTime=201804, deviceId=0, source=0x1002 }
I/Choreographer(  941): Skipped 36 frames!  The application may be doing too much work on its main thread.
W/InputMethodManagerService(  223): Window already focused, ignoring focus gain of: com.android.internal.view.IInputMethodClient$Stub$Proxy@b3e50808 attribute=null
D/InputEventConsistencyVerifier(  941): KeyEvent: ACTION_UP but key was not down.
D/InputEventConsistencyVerifier(  941):   in android.view.ViewRootImpl@b3dfb3f8
D/InputEventConsistencyVerifier(  941):   0: sent at 203242000000, KeyEvent { action=ACTION_UP, keyCode=KEYCODE_DPAD_CENTER, scanCode=0, metaState=0, flags=0x8, repeatCount=0, eventTime=203242, downTime=203242, deviceId=-1, source=0x101 }
D/InputEventConsistencyVerifier(  941):   -- recent events --
D/InputEventConsistencyVerifier(  941):   1: sent at 202837000000, MotionEvent { action=ACTION_UP, id[0]=0, x[0]=423.0, y[0]=74.0, toolType[0]=TOOL_TYPE_UNKNOWN, buttonState=0, metaState=0, flags=0x0, edgeFlags=0x0, pointerCount=1, historySize=0, eventTime=202837, downTime=202820, deviceId=0, source=0x1002 }
D/InputEventConsistencyVerifier(  941):   2: sent at 202821000000, MotionEvent { action=ACTION_DOWN, id[0]=0, x[0]=423.0, y[0]=76.0, toolType[0]=TOOL_TYPE_UNKNOWN, buttonState=0, metaState=0, flags=0x0, edgeFlags=0x0, pointerCount=1, historySize=0, eventTime=202821, downTime=202820, deviceId=0, source=0x1002 }
D/InputEventConsistencyVerifier(  941):   3: sent at 202624000000, MotionEvent { action=ACTION_UP, id[0]=0, x[0]=350.0, y[0]=319.0, toolType[0]=TOOL_TYPE_UNKNOWN, buttonState=0, metaState=0, flags=0x0, edgeFlags=0x0, pointerCount=1, historySize=0, eventTime=202624, downTime=202617, deviceId=0, source=0x1002 }
D/InputEventConsistencyVerifier(  941):   4: sent at 202617000000, MotionEvent { action=ACTION_DOWN, id[0]=0, x[0]=346.0, y[0]=325.0, toolType[0]=TOOL_TYPE_UNKNOWN, buttonState=0, metaState=0, flags=0x0, edgeFlags=0x0, pointerCount=1, historySize=0, eventTime=202617, downTime=202617, deviceId=0, source=0x1002 }
D/InputEventConsistencyVerifier(  941):   5: sent at 202567000000, KeyEvent { action=ACTION_UP, keyCode=KEYCODE_MENU, scanCode=0, metaState=0, flags=0x8, repeatCount=0, eventTime=202567, downTime=202567, deviceId=-1, source=0x101 }
W/InputMethodManagerService(  223): Window already focused, ignoring focus gain of: com.android.internal.view.IInputMethodClient$Stub$Proxy@b4181568 attribute=null
I/ActivityManager(  223): START {act=android.intent.action.MAIN cat=[android.intent.category.LAUNCHER] flg=0x10200000 cmp=jp.kabukichogozennizi/.MainActivity u=0} from pid 897
I/Choreographer(  941): Skipped 56 frames!  The application may be doing too much work on its main thread.
W/InputMethodManagerService(  223): Window already focused, ignoring focus gain of: com.android.internal.view.IInputMethodClient$Stub$Proxy@b3e2c288 attribute=null
D/InputEventConsistencyVerifier(  941): TrackballEvent: Trackball is down but pressure is not greater than 0.
D/InputEventConsistencyVerifier(  941):   in android.view.ViewRootImpl@b3e19b50
D/InputEventConsistencyVerifier(  941):   0: sent at 204622000000, MotionEvent { action=ACTION_DOWN, id[0]=0, x[0]=0.0, y[0]=0.0, toolType[0]=TOOL_TYPE_UNKNOWN, buttonState=0, metaState=0, flags=0x0, edgeFlags=0x0, pointerCount=1, historySize=0, eventTime=204622, downTime=204557, deviceId=0, source=0x10004 }
D/InputEventConsistencyVerifier(  941):   -- recent events --
D/InputEventConsistencyVerifier(  941):   1: sent at 204654000000, KeyEvent { action=ACTION_UP, keyCode=KEYCODE_DPAD_UP, scanCode=0, metaState=0, flags=0x400, repeatCount=0, eventTime=204654, downTime=204654, deviceId=-1, source=0x101 }
D/InputEventConsistencyVerifier(  941):   2: sent at 204654000000, KeyEvent { action=ACTION_DOWN, keyCode=KEYCODE_DPAD_UP, scanCode=0, metaState=0, flags=0x400, repeatCount=0, eventTime=204654, downTime=204654, deviceId=-1, source=0x101 }
D/InputEventConsistencyVerifier(  941):   3: sent at 204654000000, KeyEvent { action=ACTION_UP, keyCode=KEYCODE_DPAD_UP, scanCode=0, metaState=0, flags=0x400, repeatCount=0, eventTime=204654, downTime=204654, deviceId=-1, source=0x101 }
D/InputEventConsistencyVerifier(  941):   4: sent at 204654000000, KeyEvent { action=ACTION_DOWN, keyCode=KEYCODE_DPAD_UP, scanCode=0, metaState=0, flags=0x400, repeatCount=0, eventTime=204654, downTime=204654, deviceId=-1, source=0x101 }
D/InputEventConsistencyVerifier(  941):   5: sent at 204653000000, KeyEvent { action=ACTION_UP, keyCode=KEYCODE_DPAD_UP, scanCode=0, metaState=0, flags=0x400, repeatCount=0, eventTime=204653, downTime=204653, deviceId=-1, source=0x101 }
D/InputEventConsistencyVerifier(  426): TouchEvent: ACTION_DOWN but pointers are already down.  Probably missing ACTION_UP from previous gesture.
D/InputEventConsistencyVerifier(  426):   in android.view.ScaleGestureDetector@b3e64388
D/InputEventConsistencyVerifier(  426):   0: sent at 204949000000, MotionEvent { action=ACTION_DOWN, id[0]=0, x[0]=284.0, y[0]=30.0, toolType[0]=TOOL_TYPE_UNKNOWN, buttonState=0, metaState=0, flags=0x0, edgeFlags=0x0, pointerCount=1, historySize=0, eventTime=204949, downTime=204947, deviceId=0, source=0x1002 }
D/InputEventConsistencyVerifier(  426):   -- recent events --
D/InputEventConsistencyVerifier(  426):   1: sent at 197989000000, MotionEvent { action=ACTION_DOWN, id[0]=0, x[0]=90.0, y[0]=714.0, toolType[0]=TOOL_TYPE_UNKNOWN, buttonState=0, metaState=0, flags=0x0, edgeFlags=0x0, pointerCount=1, historySize=0, eventTime=197989, downTime=197987, deviceId=0, source=0x1002 }
D/InputEventConsistencyVerifier(  426):   2: sent at 197751000000, MotionEvent { action=ACTION_UP, id[0]=0, x[0]=47.0, y[0]=68.0, toolType[0]=TOOL_TYPE_UNKNOWN, buttonState=0, metaState=0, flags=0x0, edgeFlags=0x0, pointerCount=1, historySize=0, eventTime=197751, downTime=197745, deviceId=0, source=0x1002 }
D/InputEventConsistencyVerifier(  426):   3: sent at 197745000000, MotionEvent { action=ACTION_DOWN, id[0]=0, x[0]=66.0, y[0]=52.0, toolType[0]=TOOL_TYPE_UNKNOWN, buttonState=0, metaState=0, flags=0x80000000, edgeFlags=0x0, pointerCount=1, historySize=0, eventTime=197745, downTime=197745, deviceId=0, source=0x1002 }
D/InputEventConsistencyVerifier(  426):   4: sent at 197405000000, MotionEvent { action=ACTION_MOVE, id[0]=0, x[0]=225.0, y[0]=644.0, toolType[0]=TOOL_TYPE_UNKNOWN, buttonState=0, metaState=0, flags=0x0, edgeFlags=0x0, pointerCount=1, historySize=6, eventTime=197405, downTime=197287, deviceId=0, source=0x1002 }
D/InputEventConsistencyVerifier(  426):   5: sent at 197289000000, MotionEvent { action=ACTION_DOWN, id[0]=0, x[0]=242.0, y[0]=668.0, toolType[0]=TOOL_TYPE_UNKNOWN, buttonState=0, metaState=0, flags=0x80000000, edgeFlags=0x0, pointerCount=1, historySize=0, eventTime=197289, downTime=197287, deviceId=0, source=0x1002 }
I/ActivityManager(  223): START {act=android.intent.action.MAIN cat=[android.intent.category.LAUNCHER] flg=0x10000000 cmp=com.android.contacts/.activities.PeopleActivity sel={act=android.intent.action.MAIN cat=[android.intent.category.APP_CONTACTS]} u=0} from pid 223
D/InputEventConsistencyVerifier(  941): KeyEvent: ACTION_UP but key was not down.
D/InputEventConsistencyVerifier(  941):   in android.view.ViewRootImpl@b3e19b50
D/InputEventConsistencyVerifier(  941):   0: sent at 205036000000, KeyEvent { action=ACTION_UP, keyCode=KEYCODE_CONTACTS, scanCode=0, metaState=0, flags=0x8, repeatCount=0, eventTime=205036, downTime=205036, deviceId=-1, source=0x101 }
D/InputEventConsistencyVerifier(  941):   -- recent events --
D/InputEventConsistencyVerifier(  941):   1: sent at 205100000000, KeyEvent { action=ACTION_UP, keyCode=KEYCODE_DPAD_DOWN, scanCode=0, metaState=0, flags=0x400, repeatCount=0, eventTime=205100, downTime=205100, deviceId=-1, source=0x101 }
D/InputEventConsistencyVerifier(  941):   2: sent at 205100000000, KeyEvent { action=ACTION_DOWN, keyCode=KEYCODE_DPAD_DOWN, scanCode=0, metaState=0, flags=0x400, repeatCount=0, eventTime=205100, downTime=205100, deviceId=-1, source=0x101 }
D/InputEventConsistencyVerifier(  941):   3: sent at 205098000000, KeyEvent { action=ACTION_UP, keyCode=KEYCODE_DPAD_DOWN, scanCode=0, metaState=0, flags=0x400, repeatCount=0, eventTime=205098, downTime=205098, deviceId=-1, source=0x101 }
D/InputEventConsistencyVerifier(  941):   4: sent at 205098000000, KeyEvent { action=ACTION_DOWN, keyCode=KEYCODE_DPAD_DOWN, scanCode=0, metaState=0, flags=0x400, repeatCount=0, eventTime=205098, downTime=205098, deviceId=-1, source=0x101 }
D/InputEventConsistencyVerifier(  941):   5: sent at 204940000000, MotionEvent { action=ACTION_MOVE, id[0]=0, x[0]=2.0, y[0]=2.0, toolType[0]=TOOL_TYPE_UNKNOWN, buttonState=0, metaState=0, flags=0x0, edgeFlags=0x0, pointerCount=1, historySize=9, eventTime=204940, downTime=-1, deviceId=0, source=0x10004 }
W/dalvikvm(  426): DroidBox: { "FdAccess": { "path": "2f70726f632f6d656d696e666f", "id": "597536397" } }
W/DroidBox(  426): DroidBox: { "FileRW": { "operation": "read", "data": "4d656d546f74616c3a202020202020202020373438393634206b420a4d656d467265653a20202020202020202020343633353336206b420a427566666572733a20202020202020202020202035343732206b420a4361636865643a202020202020202020", "id": "597536397" } }
W/dalvikvm(  426): DroidBox: { "FdAccess": { "path": "2f70726f632f6d656d696e666f", "id": "1573679440" } }
W/DroidBox(  426): DroidBox: { "FileRW": { "operation": "read", "data": "4d656d546f74616c3a202020202020202020373438393634206b420a4d656d467265653a20202020202020202020343632343230206b420a427566666572733a20202020202020202020202035343732206b420a4361636865643a202020202020202020", "id": "1573679440" } }
I/Choreographer(  426): Skipped 67 frames!  The application may be doing too much work on its main thread.
W/dalvikvm(  426): DroidBox: { "FdAccess": { "path": "2f70726f632f6d656d696e666f", "id": "1242112376" } }
W/DroidBox(  426): DroidBox: { "FileRW": { "operation": "read", "data": "4d656d546f74616c3a202020202020202020373438393634206b420a4d656d467265653a20202020202020202020343632323936206b420a427566666572733a20202020202020202020202035343732206b420a4361636865643a202020202020202020", "id": "1242112376" } }
V/PhoneStatusBar(  426): setLightsOn(true)
D/PhoneStatusBar(  426): disable: < expand icons alerts TICKER* system_info back home recent clock >
W/dalvikvm(  426): DroidBox: { "FdAccess": { "path": "2f70726f632f6d656d696e666f", "id": "1104946690" } }
W/DroidBox(  426): DroidBox: { "FileRW": { "operation": "read", "data": "4d656d546f74616c3a202020202020202020373438393634206b420a4d656d467265653a20202020202020202020343630383038206b420a427566666572733a20202020202020202020202035343732206b420a4361636865643a202020202020202020", "id": "1104946690" } }
D/InputEventConsistencyVerifier(  426): KeyEvent: ACTION_UP but key was not down.
D/InputEventConsistencyVerifier(  426):   in com.android.systemui.statusbar.phone.StatusBarWindowView@b3dc53b8
D/InputEventConsistencyVerifier(  426):   0: sent at 205862000000, KeyEvent { action=ACTION_UP, keyCode=KEYCODE_DPAD_RIGHT, scanCode=0, metaState=0, flags=0x400, repeatCount=0, eventTime=205862, downTime=205862, deviceId=-1, source=0x101 }
D/InputEventConsistencyVerifier(  426):   -- recent events --
D/InputEventConsistencyVerifier(  426):   1: sent at 205744000000, (unhandled) MotionEvent { action=ACTION_MOVE, id[0]=0, x[0]=4.0, y[0]=2.0, toolType[0]=TOOL_TYPE_UNKNOWN, buttonState=0, metaState=0, flags=0x0, edgeFlags=0x0, pointerCount=1, historySize=9, eventTime=205744, downTime=-1, deviceId=0, source=0x10004 }
D/InputEventConsistencyVerifier(  426):   2: sent at 205680000000, MotionEvent { action=ACTION_UP, id[0]=0, x[0]=416.0, y[0]=572.0, toolType[0]=TOOL_TYPE_UNKNOWN, buttonState=0, metaState=0, flags=0x0, edgeFlags=0x0, pointerCount=1, historySize=0, eventTime=205680, downTime=205674, deviceId=0, source=0x1002 }
D/InputEventConsistencyVerifier(  426):   3: sent at 205674000000, MotionEvent { action=ACTION_DOWN, id[0]=0, x[0]=416.0, y[0]=572.0, toolType[0]=TOOL_TYPE_UNKNOWN, buttonState=0, metaState=0, flags=0x0, edgeFlags=0x0, pointerCount=1, historySize=0, eventTime=205674, downTime=205674, deviceId=0, source=0x1002 }
D/InputEventConsistencyVerifier(  426):   4: sent at 205657000000, (unhandled) KeyEvent { action=ACTION_UP, keyCode=KEYCODE_DPAD_CENTER, scanCode=0, metaState=0, flags=0x8, repeatCount=0, eventTime=205657, downTime=205657, deviceId=-1, source=0x101 }
D/InputEventConsistencyVerifier(  426):   5: sent at 205572000000, (unhandled) KeyEvent { action=ACTION_DOWN, keyCode=KEYCODE_DPAD_CENTER, scanCode=0, metaState=0, flags=0x8, repeatCount=0, eventTime=205572, downTime=205572, deviceId=-1, source=0x101 }
W/dalvikvm(  426): DroidBox: { "FdAccess": { "path": "2f70726f632f6d656d696e666f", "id": "1913073103" } }
W/DroidBox(  426): DroidBox: { "FileRW": { "operation": "read", "data": "4d656d546f74616c3a202020202020202020373438393634206b420a4d656d467265653a20202020202020202020343539303732206b420a427566666572733a20202020202020202020202035343732206b420a4361636865643a202020202020202020", "id": "1913073103" } }
D/InputEventConsistencyVerifier(  426): KeyEvent: ACTION_UP but key was not down.
D/InputEventConsistencyVerifier(  426):   in android.widget.FrameLayout@b3de4f08
D/InputEventConsistencyVerifier(  426):   0: sent at 205884000000, KeyEvent { action=ACTION_UP, keyCode=KEYCODE_DPAD_DOWN, scanCode=0, metaState=0, flags=0x8, repeatCount=0, eventTime=205884, downTime=205884, deviceId=-1, source=0x101 }
D/InputEventConsistencyVerifier(  426):   -- recent events --
D/InputEventConsistencyVerifier(  426):   1: sent at 197751000000, MotionEvent { action=ACTION_UP, id[0]=0, x[0]=47.0, y[0]=68.0, toolType[0]=TOOL_TYPE_UNKNOWN, buttonState=0, metaState=0, flags=0x0, edgeFlags=0x0, pointerCount=1, historySize=0, eventTime=197751, downTime=197745, deviceId=0, source=0x1002 }
D/InputEventConsistencyVerifier(  426):   2: sent at 197745000000, MotionEvent { action=ACTION_DOWN, id[0]=0, x[0]=66.0, y[0]=52.0, toolType[0]=TOOL_TYPE_UNKNOWN, buttonState=0, metaState=0, flags=0x80000000, edgeFlags=0x0, pointerCount=1, historySize=0, eventTime=197745, downTime=197745, deviceId=0, source=0x1002 }
D/InputEventConsistencyVerifier(  426):   3: sent at 197705000000, (unhandled) KeyEvent { action=ACTION_UP, keyCode=KEYCODE_DPAD_DOWN, scanCode=0, metaState=0, flags=0x80000008, repeatCount=0, eventTime=197705, downTime=197705, deviceId=-1, source=0x101 }
D/InputEventConsistencyVerifier(  426):   4: sent at 197407000000, MotionEvent { action=ACTION_UP, id[0]=0, x[0]=219.0, y[0]=638.0, toolType[0]=TOOL_TYPE_UNKNOWN, buttonState=0, metaState=0, flags=0x0, edgeFlags=0x0, pointerCount=1, historySize=0, eventTime=197407, downTime=197287, deviceId=0, source=0x1002 }
D/InputEventConsistencyVerifier(  426):   5: sent at 197405000000, MotionEvent { action=ACTION_MOVE, id[0]=0, x[0]=225.0, y[0]=644.0, toolType[0]=TOOL_TYPE_UNKNOWN, buttonState=0, metaState=0, flags=0x0, edgeFlags=0x0, pointerCount=1, historySize=6, eventTime=197405, downTime=197287, deviceId=0, source=0x1002 }
D/InputEventConsistencyVerifier(  426): TouchEvent: ACTION_DOWN but pointers are already down.  Probably missing ACTION_UP from previous gesture.
D/InputEventConsistencyVerifier(  426):   in android.view.ScaleGestureDetector@b3e64388
D/InputEventConsistencyVerifier(  426):   0: sent at 205993000000, MotionEvent { action=ACTION_DOWN, id[0]=0, x[0]=78.0, y[0]=8.0, toolType[0]=TOOL_TYPE_UNKNOWN, buttonState=0, metaState=0, flags=0x0, edgeFlags=0x0, pointerCount=1, historySize=0, eventTime=205993, downTime=205993, deviceId=0, source=0x1002 }
D/InputEventConsistencyVerifier(  426):   -- recent events --
D/InputEventConsistencyVerifier(  426):   1: sent at 205674000000, MotionEvent { action=ACTION_DOWN, id[0]=0, x[0]=416.0, y[0]=572.0, toolType[0]=TOOL_TYPE_UNKNOWN, buttonState=0, metaState=0, flags=0x0, edgeFlags=0x0, pointerCount=1, historySize=0, eventTime=205674, downTime=205674, deviceId=0, source=0x1002 }
D/InputEventConsistencyVerifier(  426):   2: sent at 204997000000, MotionEvent { action=ACTION_UP, id[0]=0, x[0]=205.0, y[0]=131.0, toolType[0]=TOOL_TYPE_UNKNOWN, buttonState=0, metaState=0, flags=0x0, edgeFlags=0x0, pointerCount=1, historySize=0, eventTime=204997, downTime=204947, deviceId=0, source=0x1002 }
D/InputEventConsistencyVerifier(  426):   3: sent at 204994000000, MotionEvent { action=ACTION_MOVE, id[0]=0, x[0]=214.0, y[0]=114.0, toolType[0]=TOOL_TYPE_UNKNOWN, buttonState=0, metaState=0, flags=0x0, edgeFlags=0x0, pointerCount=1, historySize=7, eventTime=204994, downTime=204947, deviceId=0, source=0x1002 }
D/InputEventConsistencyVerifier(  426):   4: sent at 204949000000, MotionEvent { action=ACTION_DOWN, id[0]=0, x[0]=284.0, y[0]=30.0, toolType[0]=TOOL_TYPE_UNKNOWN, buttonState=0, metaState=0, flags=0x80000000, edgeFlags=0x0, pointerCount=1, historySize=0, eventTime=204949, downTime=204947, deviceId=0, source=0x1002 }
D/InputEventConsistencyVerifier(  426):   5: sent at 197989000000, MotionEvent { action=ACTION_DOWN, id[0]=0, x[0]=90.0, y[0]=714.0, toolType[0]=TOOL_TYPE_UNKNOWN, buttonState=0, metaState=0, flags=0x0, edgeFlags=0x0, pointerCount=1, historySize=0, eventTime=197989, downTime=197987, deviceId=0, source=0x1002 }
D/InputEventConsistencyVerifier(  426): TrackballEvent: Trackball is down but pressure is not greater than 0.
D/InputEventConsistencyVerifier(  426):   in android.view.ViewRootImpl@b3e55470
D/InputEventConsistencyVerifier(  426):   0: sent at 206081000000, MotionEvent { action=ACTION_DOWN, id[0]=0, x[0]=0.0, y[0]=0.0, toolType[0]=TOOL_TYPE_UNKNOWN, buttonState=0, metaState=0, flags=0x0, edgeFlags=0x0, pointerCount=1, historySize=0, eventTime=206081, downTime=206013, deviceId=0, source=0x10004 }
D/InputEventConsistencyVerifier(  426):   -- recent events --
D/InputEventConsistencyVerifier(  426):   1: sent at 206093000000, KeyEvent { action=ACTION_UP, keyCode=KEYCODE_DPAD_RIGHT, scanCode=0, metaState=0, flags=0x400, repeatCount=0, eventTime=206093, downTime=206093, deviceId=-1, source=0x101 }
D/InputEventConsistencyVerifier(  426):   2: sent at 206093000000, KeyEvent { action=ACTION_DOWN, keyCode=KEYCODE_DPAD_RIGHT, scanCode=0, metaState=0, flags=0x400, repeatCount=0, eventTime=206093, downTime=206093, deviceId=-1, source=0x101 }
D/InputEventConsistencyVerifier(  426):   3: sent at 206093000000, KeyEvent { action=ACTION_UP, keyCode=KEYCODE_DPAD_RIGHT, scanCode=0, metaState=0, flags=0x400, repeatCount=0, eventTime=206093, downTime=206093, deviceId=-1, source=0x101 }
D/InputEventConsistencyVerifier(  426):   4: sent at 206093000000, KeyEvent { action=ACTION_DOWN, keyCode=KEYCODE_DPAD_RIGHT, scanCode=0, metaState=0, flags=0x400, repeatCount=0, eventTime=206093, downTime=206093, deviceId=-1, source=0x101 }
D/InputEventConsistencyVerifier(  426):   5: sent at 206083000000, KeyEvent { action=ACTION_MULTIPLE, keyCode=KEYCODE_DPAD_RIGHT, scanCode=0, metaState=0, flags=0x400, repeatCount=12, eventTime=206083, downTime=206083, deviceId=-1, source=0x101 }
D/InputEventConsistencyVerifier(  426): KeyEvent: ACTION_UP but key was not down.
D/InputEventConsistencyVerifier(  426):   in android.widget.FrameLayout@b3de4f08
D/InputEventConsistencyVerifier(  426):   0: sent at 206203000000, KeyEvent { action=ACTION_UP, keyCode=KEYCODE_DPAD_DOWN, scanCode=0, metaState=0, flags=0x400, repeatCount=0, eventTime=206203, downTime=206203, deviceId=-1, source=0x101 }
D/InputEventConsistencyVerifier(  426):   -- recent events --
D/InputEventConsistencyVerifier(  426):   1: sent at 206004000000, MotionEvent { action=ACTION_UP, id[0]=0, x[0]=78.0, y[0]=4.0, toolType[0]=TOOL_TYPE_UNKNOWN, buttonState=0, metaState=0, flags=0x0, edgeFlags=0x0, pointerCount=1, historySize=0, eventTime=206004, downTime=205993, deviceId=0, source=0x1002 }
D/InputEventConsistencyVerifier(  426):   2: sent at 205993000000, MotionEvent { action=ACTION_DOWN, id[0]=0, x[0]=78.0, y[0]=8.0, toolType[0]=TOOL_TYPE_UNKNOWN, buttonState=0, metaState=0, flags=0x80000000, edgeFlags=0x0, pointerCount=1, historySize=0, eventTime=205993, downTime=205993, deviceId=0, source=0x1002 }
D/InputEventConsistencyVerifier(  426):   3: sent at 205944000000, (unhandled) KeyEvent { action=ACTION_UP, keyCode=KEYCODE_DPAD_DOWN, scanCode=0, metaState=0, flags=0x8, repeatCount=0, eventTime=205944, downTime=205944, deviceId=-1, source=0x101 }
D/InputEventConsistencyVerifier(  426):   4: sent at 205929000000, (unhandled) KeyEvent { action=ACTION_DOWN, keyCode=KEYCODE_DPAD_DOWN, scanCode=0, metaState=0, flags=0x8, repeatCount=0, eventTime=205929, downTime=205929, deviceId=-1, source=0x101 }
D/InputEventConsistencyVerifier(  426):   5: sent at 205884000000, (unhandled) KeyEvent { action=ACTION_UP, keyCode=KEYCODE_DPAD_DOWN, scanCode=0, metaState=0, flags=0x80000008, repeatCount=0, eventTime=205884, downTime=205884, deviceId=-1, source=0x101 }
D/InputEventConsistencyVerifier(  426): KeyEvent: ACTION_UP but key was not down.
D/InputEventConsistencyVerifier(  426):   in com.android.systemui.statusbar.phone.PhoneStatusBarView@b3dc7350
D/InputEventConsistencyVerifier(  426):   0: sent at 206338000000, KeyEvent { action=ACTION_UP, keyCode=KEYCODE_DPAD_UP, scanCode=0, metaState=0, flags=0x400, repeatCount=0, eventTime=206338, downTime=206338, deviceId=-1, source=0x101 }
D/InputEventConsistencyVerifier(  426):   -- recent events --
D/InputEventConsistencyVerifier(  426):   1: sent at 206203000000, (unhandled) KeyEvent { action=ACTION_DOWN, keyCode=KEYCODE_DPAD_DOWN, scanCode=0, metaState=0, flags=0x400, repeatCount=0, eventTime=206203, downTime=206203, deviceId=-1, source=0x101 }
D/InputEventConsistencyVerifier(  426):   2: sent at 206202000000, (unhandled) KeyEvent { action=ACTION_MULTIPLE, keyCode=KEYCODE_DPAD_DOWN, scanCode=0, metaState=0, flags=0x400, repeatCount=2, eventTime=206202, downTime=206202, deviceId=-1, source=0x101 }
D/InputEventConsistencyVerifier(  426):   3: sent at 206174000000, (unhandled) MotionEvent { action=ACTION_MOVE, id[0]=0, x[0]=-2.0, y[0]=4.0, toolType[0]=TOOL_TYPE_UNKNOWN, buttonState=0, metaState=0, flags=0x0, edgeFlags=0x0, pointerCount=1, historySize=8, eventTime=206174, downTime=-1, deviceId=0, source=0x10004 }
D/InputEventConsistencyVerifier(  426):   4: sent at 206127000000, (unhandled) KeyEvent { action=ACTION_UP, keyCode=KEYCODE_DPAD_LEFT, scanCode=0, metaState=0, flags=0x400, repeatCount=0, eventTime=206127, downTime=206127, deviceId=-1, source=0x101 }
D/InputEventConsistencyVerifier(  426):   5: sent at 206127000000, (unhandled) KeyEvent { action=ACTION_DOWN, keyCode=KEYCODE_DPAD_LEFT, scanCode=0, metaState=0, flags=0x400, repeatCount=0, eventTime=206127, downTime=206127, deviceId=-1, source=0x101 }
I/Choreographer(  426): Skipped 33 frames!  The application may be doing too much work on its main thread.
D/InputEventConsistencyVerifier(  426): KeyEvent: ACTION_UP but key was not down.
D/InputEventConsistencyVerifier(  426):   in android.widget.FrameLayout@b3de4f08
D/InputEventConsistencyVerifier(  426):   0: sent at 206483000000, KeyEvent { action=ACTION_UP, keyCode=KEYCODE_DPAD_DOWN, scanCode=0, metaState=0, flags=0x8, repeatCount=0, eventTime=206483, downTime=206483, deviceId=-1, source=0x101 }
D/InputEventConsistencyVerifier(  426):   -- recent events --
D/InputEventConsistencyVerifier(  426):   1: sent at 206338000000, (unhandled) KeyEvent { action=ACTION_DOWN, keyCode=KEYCODE_DPAD_UP, scanCode=0, metaState=0, flags=0x400, repeatCount=0, eventTime=206338, downTime=206338, deviceId=-1, source=0x101 }
D/InputEventConsistencyVerifier(  426):   2: sent at 206338000000, (unhandled) KeyEvent { action=ACTION_MULTIPLE, keyCode=KEYCODE_DPAD_UP, scanCode=0, metaState=0, flags=0x400, repeatCount=95, eventTime=206338, downTime=206338, deviceId=-1, source=0x101 }
D/InputEventConsistencyVerifier(  426):   3: sent at 206307000000, (unhandled) MotionEvent { action=ACTION_MOVE, id[0]=0, x[0]=-2.0, y[0]=-4.0, toolType[0]=TOOL_TYPE_UNKNOWN, buttonState=0, metaState=0, flags=0x0, edgeFlags=0x0, pointerCount=1, historySize=0, eventTime=206307, downTime=-1, deviceId=0, source=0x10004 }
