D/InputEventConsistencyVerifier(  941):   3: sent at 242938000000, MotionEvent { action=ACTION_DOWN, id[0]=0, x[0]=303.0, y[0]=684.0, toolType[0]=TOOL_TYPE_UNKNOWN, buttonState=0, metaState=0, flags=0x0, edgeFlags=0x0, pointerCount=1, historySize=0, eventTime=242938, downTime=242936, deviceId=0, source=0x1002 }
D/InputEventConsistencyVerifier(  941):   4: sent at 242805000000, MotionEvent { action=ACTION_UP, id[0]=0, x[0]=301.0, y[0]=96.0, toolType[0]=TOOL_TYPE_UNKNOWN, buttonState=0, metaState=0, flags=0x0, edgeFlags=0x0, pointerCount=1, historySize=0, eventTime=242805, downTime=242799, deviceId=0, source=0x1002 }
D/InputEventConsistencyVerifier(  941):   5: sent at 242799000000, MotionEvent { action=ACTION_DOWN, id[0]=0, x[0]=291.0, y[0]=85.0, toolType[0]=TOOL_TYPE_UNKNOWN, buttonState=0, metaState=0, flags=0x0, edgeFlags=0x0, pointerCount=1, historySize=0, eventTime=242799, downTime=242799, deviceId=0, source=0x1002 }
I/Choreographer(  941): Skipped 66 frames!  The application may be doing too much work on its main thread.
W/InputMethodManagerService(  223): Window already focused, ignoring focus gain of: com.android.internal.view.IInputMethodClient$Stub$Proxy@b407b7f0 attribute=null
I/ActivityManager(  223): START {act=android.intent.action.MAIN cat=[android.intent.category.LAUNCHER] flg=0x10200000 cmp=jp.kabukichogozennizi/.MainActivity u=0} from pid 897
D/InputEventConsistencyVerifier(  941): KeyEvent: ACTION_UP but key was not down.
D/InputEventConsistencyVerifier(  941):   in android.view.ViewRootImpl@b3dfb3f8
D/InputEventConsistencyVerifier(  941):   0: sent at 244509000000, KeyEvent { action=ACTION_UP, keyCode=KEYCODE_DPAD_DOWN, scanCode=0, metaState=0, flags=0x8, repeatCount=0, eventTime=244509, downTime=244509, deviceId=-1, source=0x101 }
D/InputEventConsistencyVerifier(  941):   -- recent events --
D/InputEventConsistencyVerifier(  941):   1: sent at 244150000000, MotionEvent { action=ACTION_UP, id[0]=0, x[0]=335.0, y[0]=385.0, toolType[0]=TOOL_TYPE_UNKNOWN, buttonState=0, metaState=0, flags=0x0, edgeFlags=0x0, pointerCount=1, historySize=0, eventTime=244150, downTime=244144, deviceId=0, source=0x1002 }
D/InputEventConsistencyVerifier(  941):   2: sent at 244144000000, MotionEvent { action=ACTION_DOWN, id[0]=0, x[0]=342.0, y[0]=382.0, toolType[0]=TOOL_TYPE_UNKNOWN, buttonState=0, metaState=0, flags=0x0, edgeFlags=0x0, pointerCount=1, historySize=0, eventTime=244144, downTime=244144, deviceId=0, source=0x1002 }
D/InputEventConsistencyVerifier(  941):   3: sent at 244009000000, KeyEvent { action=ACTION_UP, keyCode=KEYCODE_MENU, scanCode=0, metaState=0, flags=0x8, repeatCount=0, eventTime=244009, downTime=244009, deviceId=-1, source=0x101 }
D/InputEventConsistencyVerifier(  941):   4: sent at 243969000000, KeyEvent { action=ACTION_DOWN, keyCode=KEYCODE_MENU, scanCode=0, metaState=0, flags=0x8, repeatCount=0, eventTime=243969, downTime=243969, deviceId=-1, source=0x101 }
D/InputEventConsistencyVerifier(  941):   5: sent at 243940000000, KeyEvent { action=ACTION_UP, keyCode=KEYCODE_DPAD_DOWN, scanCode=0, metaState=0, flags=0x8, repeatCount=0, eventTime=243940, downTime=243940, deviceId=-1, source=0x101 }
W/InputMethodManagerService(  223): Window already focused, ignoring focus gain of: com.android.internal.view.IInputMethodClient$Stub$Proxy@b3e4c5e8 attribute=null
I/Choreographer(  223): Skipped 30 frames!  The application may be doing too much work on its main thread.
I/Choreographer(  941): Skipped 32 frames!  The application may be doing too much work on its main thread.
I/Choreographer(  223): Skipped 31 frames!  The application may be doing too much work on its main thread.
D/InputEventConsistencyVerifier(  941): TouchEvent: ACTION_DOWN but pointers are already down.  Probably missing ACTION_UP from previous gesture.
D/InputEventConsistencyVerifier(  941):   in com.android.internal.policy.impl.PhoneWindow$DecorView@b3e154b0
D/InputEventConsistencyVerifier(  941):   0: sent at 245601000000, MotionEvent { action=ACTION_DOWN, id[0]=0, x[0]=85.0, y[0]=-234.0, toolType[0]=TOOL_TYPE_UNKNOWN, buttonState=0, metaState=0, flags=0x0, edgeFlags=0x0, pointerCount=1, historySize=0, eventTime=245601, downTime=245579, deviceId=0, source=0x1002 }
D/InputEventConsistencyVerifier(  941):   -- recent events --
D/InputEventConsistencyVerifier(  941):   1: sent at 245528000000, (unhandled) KeyEvent { action=ACTION_UP, keyCode=KEYCODE_DPAD_UP, scanCode=0, metaState=0, flags=0x8, repeatCount=0, eventTime=245528, downTime=245528, deviceId=-1, source=0x101 }
D/InputEventConsistencyVerifier(  941):   2: sent at 245522000000, (unhandled) KeyEvent { action=ACTION_DOWN, keyCode=KEYCODE_DPAD_UP, scanCode=0, metaState=0, flags=0x8, repeatCount=0, eventTime=245522, downTime=245522, deviceId=-1, source=0x101 }
D/InputEventConsistencyVerifier(  941):   3: sent at 245512000000, (unhandled) KeyEvent { action=ACTION_UP, keyCode=KEYCODE_DPAD_RIGHT, scanCode=0, metaState=0, flags=0x8, repeatCount=0, eventTime=245512, downTime=245512, deviceId=-1, source=0x101 }
D/InputEventConsistencyVerifier(  941):   4: sent at 245497000000, (unhandled) KeyEvent { action=ACTION_DOWN, keyCode=KEYCODE_DPAD_RIGHT, scanCode=0, metaState=0, flags=0x8, repeatCount=0, eventTime=245497, downTime=245497, deviceId=-1, source=0x101 }
D/InputEventConsistencyVerifier(  941):   5: sent at 245491000000, (unhandled) KeyEvent { action=ACTION_UP, keyCode=KEYCODE_MENU, scanCode=0, metaState=0, flags=0x8, repeatCount=0, eventTime=245491, downTime=245491, deviceId=-1, source=0x101 }
I/Choreographer(  941): Skipped 112 frames!  The application may be doing too much work on its main thread.
W/InputMethodManagerService(  223): Window already focused, ignoring focus gain of: com.android.internal.view.IInputMethodClient$Stub$Proxy@b4183d48 attribute=null
I/qtaguid (  223): Failed write_ctrl(s 1 10050) res=-1 errno=1
W/NetworkManagementSocketTagger(  223): setKernelCountSet(10050, 1) failed with errno -1
I/qtaguid (  223): Failed write_ctrl(s 0 10019) res=-1 errno=1
W/NetworkManagementSocketTagger(  223): setKernelCountSet(10019, 0) failed with errno -1
D/InputEventConsistencyVerifier(  941): TrackballEvent: Trackball is down but pressure is not greater than 0.
D/InputEventConsistencyVerifier(  941):   in android.view.ViewRootImpl@b3dfb3f8
D/InputEventConsistencyVerifier(  941):   0: sent at 246826000000, MotionEvent { action=ACTION_DOWN, id[0]=0, x[0]=0.0, y[0]=0.0, toolType[0]=TOOL_TYPE_UNKNOWN, buttonState=0, metaState=0, flags=0x0, edgeFlags=0x0, pointerCount=1, historySize=0, eventTime=246826, downTime=246736, deviceId=0, source=0x10004 }
D/InputEventConsistencyVerifier(  941):   -- recent events --
D/InputEventConsistencyVerifier(  941):   1: sent at 246823000000, MotionEvent { action=ACTION_MOVE, id[0]=0, x[0]=3.0, y[0]=-5.0, toolType[0]=TOOL_TYPE_UNKNOWN, buttonState=0, metaState=0, flags=0x0, edgeFlags=0x0, pointerCount=1, historySize=4, eventTime=246823, downTime=-1, deviceId=0, source=0x10004 }
D/InputEventConsistencyVerifier(  941):   2: sent at 246804000000, KeyEvent { action=ACTION_UP, keyCode=KEYCODE_DPAD_UP, scanCode=0, metaState=0, flags=0x400, repeatCount=0, eventTime=246804, downTime=246804, deviceId=-1, source=0x101 }
D/InputEventConsistencyVerifier(  941):   3: sent at 246804000000, KeyEvent { action=ACTION_DOWN, keyCode=KEYCODE_DPAD_UP, scanCode=0, metaState=0, flags=0x400, repeatCount=0, eventTime=246804, downTime=246804, deviceId=-1, source=0x101 }
D/InputEventConsistencyVerifier(  941):   4: sent at 246803000000, KeyEvent { action=ACTION_UP, keyCode=KEYCODE_DPAD_UP, scanCode=0, metaState=0, flags=0x400, repeatCount=0, eventTime=246803, downTime=246803, deviceId=-1, source=0x101 }
D/InputEventConsistencyVerifier(  941):   5: sent at 246803000000, KeyEvent { action=ACTION_DOWN, keyCode=KEYCODE_DPAD_UP, scanCode=0, metaState=0, flags=0x400, repeatCount=0, eventTime=246803, downTime=246803, deviceId=-1, source=0x101 }
I/ActivityManager(  223): START {act=android.intent.action.MAIN cat=[android.intent.category.LAUNCHER] flg=0x10200000 cmp=jp.kabukichogozennizi/.MainActivity u=0} from pid 897
I/Choreographer(  941): Skipped 57 frames!  The application may be doing too much work on its main thread.
W/InputMethodManagerService(  223): Window already focused, ignoring focus gain of: com.android.internal.view.IInputMethodClient$Stub$Proxy@b3f973d8 attribute=null
I/ActivityManager(  223): START {act=android.intent.action.MAIN cat=[android.intent.category.HOME] flg=0x10200000 cmp=com.android.launcher/com.android.launcher2.Launcher u=0} from pid 223
I/ActivityManager(  223): START {act=android.intent.action.MAIN cat=[android.intent.category.HOME] flg=0x10200000 cmp=com.android.launcher/com.android.launcher2.Launcher u=0} from pid 223
I/InputDispatcher(  223): Dropped event because of pending overdue app switch.
D/InputEventConsistencyVerifier(  941): KeyEvent: ACTION_UP but key was not down.
D/InputEventConsistencyVerifier(  941):   in android.view.ViewRootImpl@b3d84410
D/InputEventConsistencyVerifier(  941):   0: sent at 250517000000, KeyEvent { action=ACTION_UP, keyCode=KEYCODE_DPAD_RIGHT, scanCode=0, metaState=0, flags=0x8, repeatCount=0, eventTime=250517, downTime=250517, deviceId=-1, source=0x101 }
D/InputEventConsistencyVerifier(  941):   -- recent events --
D/InputEventConsistencyVerifier(  941):   1: sent at 250474000000, KeyEvent { action=ACTION_UP, keyCode=KEYCODE_DPAD_CENTER, scanCode=0, metaState=0, flags=0x8, repeatCount=0, eventTime=250474, downTime=250474, deviceId=-1, source=0x101 }
D/InputEventConsistencyVerifier(  941):   2: sent at 250422000000, KeyEvent { action=ACTION_DOWN, keyCode=KEYCODE_DPAD_CENTER, scanCode=0, metaState=0, flags=0x8, repeatCount=0, eventTime=250422, downTime=250422, deviceId=-1, source=0x101 }
W/InputManager(  223): Input event injection from pid 897 failed.
D/InputEventConsistencyVerifier(  941): TouchEvent: ACTION_DOWN but pointers are already down.  Probably missing ACTION_UP from previous gesture.
D/InputEventConsistencyVerifier(  941):   in com.android.internal.policy.impl.PhoneWindow$DecorView@b3e154b0
D/InputEventConsistencyVerifier(  941):   0: sent at 250705000000, MotionEvent { action=ACTION_DOWN, id[0]=0, x[0]=437.0, y[0]=-471.0, toolType[0]=TOOL_TYPE_UNKNOWN, buttonState=0, metaState=0, flags=0x0, edgeFlags=0x0, pointerCount=1, historySize=0, eventTime=250705, downTime=250704, deviceId=0, source=0x1002 }
D/InputEventConsistencyVerifier(  941):   -- recent events --
D/InputEventConsistencyVerifier(  941):   1: sent at 250534000000, (unhandled) KeyEvent { action=ACTION_UP, keyCode=KEYCODE_DPAD_CENTER, scanCode=0, metaState=0, flags=0x8, repeatCount=0, eventTime=250534, downTime=250534, deviceId=-1, source=0x101 }
D/InputEventConsistencyVerifier(  941):   2: sent at 250534000000, (unhandled) KeyEvent { action=ACTION_UP, keyCode=KEYCODE_BUTTON_15, scanCode=0, metaState=0, flags=0x8, repeatCount=0, eventTime=250534, downTime=250534, deviceId=-1, source=0x101 }
D/InputEventConsistencyVerifier(  941):   3: sent at 250521000000, (unhandled) KeyEvent { action=ACTION_DOWN, keyCode=KEYCODE_DPAD_CENTER, scanCode=0, metaState=0, flags=0x8, repeatCount=0, eventTime=250521, downTime=250521, deviceId=-1, source=0x101 }
D/InputEventConsistencyVerifier(  941):   4: sent at 250521000000, (unhandled) KeyEvent { action=ACTION_DOWN, keyCode=KEYCODE_BUTTON_15, scanCode=0, metaState=0, flags=0x8, repeatCount=0, eventTime=250521, downTime=250521, deviceId=-1, source=0x101 }
D/InputEventConsistencyVerifier(  941):   5: sent at 250517000000, (unhandled) KeyEvent { action=ACTION_UP, keyCode=KEYCODE_DPAD_RIGHT, scanCode=0, metaState=0, flags=0x80000008, repeatCount=0, eventTime=250517, downTime=250517, deviceId=-1, source=0x101 }
I/Choreographer(  941): Skipped 64 frames!  The application may be doing too much work on its main thread.
W/InputMethodManagerService(  223): Window already focused, ignoring focus gain of: com.android.internal.view.IInputMethodClient$Stub$Proxy@b3f37080 attribute=null
W/DroidBox( 1051): DroidBox: { "ServiceStart": { "name": "com.android.music.MediaPlaybackService" } }
W/DroidBox( 1051): DroidBox: { "ServiceStart": { "name": "com.android.music.MediaPlaybackService" } }
D/InputEventConsistencyVerifier(  941): TrackballEvent: Trackball is down but pressure is not greater than 0.
D/InputEventConsistencyVerifier(  941):   in android.view.ViewRootImpl@b3dfb3f8
D/InputEventConsistencyVerifier(  941):   0: sent at 251941000000, MotionEvent { action=ACTION_DOWN, id[0]=0, x[0]=0.0, y[0]=0.0, toolType[0]=TOOL_TYPE_UNKNOWN, buttonState=0, metaState=0, flags=0x0, edgeFlags=0x0, pointerCount=1, historySize=0, eventTime=251941, downTime=251840, deviceId=0, source=0x10004 }
D/InputEventConsistencyVerifier(  941):   -- recent events --
D/InputEventConsistencyVerifier(  941):   1: sent at 251919000000, MotionEvent { action=ACTION_MOVE, id[0]=0, x[0]=-5.0, y[0]=-5.0, toolType[0]=TOOL_TYPE_UNKNOWN, buttonState=0, metaState=0, flags=0x0, edgeFlags=0x0, pointerCount=1, historySize=0, eventTime=251919, downTime=-1, deviceId=0, source=0x10004 }
D/InputEventConsistencyVerifier(  941):   2: sent at 251937000000, KeyEvent { action=ACTION_UP, keyCode=KEYCODE_DPAD_DOWN, scanCode=0, metaState=0, flags=0x400, repeatCount=0, eventTime=251937, downTime=251937, deviceId=-1, source=0x101 }
D/InputEventConsistencyVerifier(  941):   3: sent at 251937000000, KeyEvent { action=ACTION_DOWN, keyCode=KEYCODE_DPAD_DOWN, scanCode=0, metaState=0, flags=0x400, repeatCount=0, eventTime=251937, downTime=251937, deviceId=-1, source=0x101 }
D/InputEventConsistencyVerifier(  941):   4: sent at 251936000000, KeyEvent { action=ACTION_UP, keyCode=KEYCODE_DPAD_DOWN, scanCode=0, metaState=0, flags=0x400, repeatCount=0, eventTime=251936, downTime=251936, deviceId=-1, source=0x101 }
D/InputEventConsistencyVerifier(  941):   5: sent at 251936000000, KeyEvent { action=ACTION_DOWN, keyCode=KEYCODE_DPAD_DOWN, scanCode=0, metaState=0, flags=0x400, repeatCount=0, eventTime=251936, downTime=251936, deviceId=-1, source=0x101 }
I/ActivityManager(  223): START {act=android.intent.action.MAIN cat=[android.intent.category.LAUNCHER] flg=0x10200000 cmp=jp.kabukichogozennizi/.MainActivity u=0} from pid 897
I/Choreographer(  941): Skipped 145 frames!  The application may be doing too much work on its main thread.
W/InputMethodManagerService(  223): Window already focused, ignoring focus gain of: com.android.internal.view.IInputMethodClient$Stub$Proxy@b3e62aa8 attribute=null
D/InputEventConsistencyVerifier(  941): TrackballEvent: Trackball is down but pressure is not greater than 0.
D/InputEventConsistencyVerifier(  941):   in android.view.ViewRootImpl@b3dfb3f8
D/InputEventConsistencyVerifier(  941):   0: sent at 254118000000, MotionEvent { action=ACTION_DOWN, id[0]=0, x[0]=0.0, y[0]=0.0, toolType[0]=TOOL_TYPE_UNKNOWN, buttonState=0, metaState=0, flags=0x0, edgeFlags=0x0, pointerCount=1, historySize=0, eventTime=254118, downTime=254014, deviceId=0, source=0x10004 }
D/InputEventConsistencyVerifier(  941):   -- recent events --
D/InputEventConsistencyVerifier(  941):   1: sent at 254185000000, KeyEvent { action=ACTION_UP, keyCode=KEYCODE_DPAD_UP, scanCode=0, metaState=0, flags=0x400, repeatCount=0, eventTime=254185, downTime=254185, deviceId=-1, source=0x101 }
D/InputEventConsistencyVerifier(  941):   2: sent at 254185000000, KeyEvent { action=ACTION_DOWN, keyCode=KEYCODE_DPAD_UP, scanCode=0, metaState=0, flags=0x400, repeatCount=0, eventTime=254185, downTime=254185, deviceId=-1, source=0x101 }
D/InputEventConsistencyVerifier(  941):   3: sent at 254184000000, KeyEvent { action=ACTION_UP, keyCode=KEYCODE_DPAD_UP, scanCode=0, metaState=0, flags=0x400, repeatCount=0, eventTime=254184, downTime=254184, deviceId=-1, source=0x101 }
D/InputEventConsistencyVerifier(  941):   4: sent at 254184000000, KeyEvent { action=ACTION_DOWN, keyCode=KEYCODE_DPAD_UP, scanCode=0, metaState=0, flags=0x400, repeatCount=0, eventTime=254184, downTime=254184, deviceId=-1, source=0x101 }
D/InputEventConsistencyVerifier(  941):   5: sent at 254184000000, KeyEvent { action=ACTION_UP, keyCode=KEYCODE_DPAD_UP, scanCode=0, metaState=0, flags=0x400, repeatCount=0, eventTime=254184, downTime=254184, deviceId=-1, source=0x101 }
I/ActivityManager(  223): START {act=android.intent.action.MAIN cat=[android.intent.category.HOME] flg=0x10200000 cmp=com.android.launcher/com.android.launcher2.Launcher u=0} from pid 223
I/InputDispatcher(  223): Dropped event because of pending overdue app switch.
W/InputManager(  223): Input event injection from pid 897 failed.
D/InputEventConsistencyVerifier(  941): KeyEvent: ACTION_UP but key was not down.
D/InputEventConsistencyVerifier(  941):   in android.view.ViewRootImpl@b3dfb3f8
D/InputEventConsistencyVerifier(  941):   0: sent at 255918000000, KeyEvent { action=ACTION_UP, keyCode=KEYCODE_F12, scanCode=0, metaState=0, flags=0x8, repeatCount=0, eventTime=255918, downTime=255918, deviceId=-1, source=0x101 }
D/InputEventConsistencyVerifier(  941):   -- recent events --
D/InputEventConsistencyVerifier(  941):   1: sent at 255962000000, KeyEvent { action=ACTION_UP, keyCode=KEYCODE_DPAD_LEFT, scanCode=0, metaState=0, flags=0x400, repeatCount=0, eventTime=255962, downTime=255962, deviceId=-1, source=0x101 }
D/InputEventConsistencyVerifier(  941):   2: sent at 255962000000, KeyEvent { action=ACTION_DOWN, keyCode=KEYCODE_DPAD_LEFT, scanCode=0, metaState=0, flags=0x400, repeatCount=0, eventTime=255962, downTime=255962, deviceId=-1, source=0x101 }
D/InputEventConsistencyVerifier(  941):   3: sent at 255961000000, KeyEvent { action=ACTION_UP, keyCode=KEYCODE_DPAD_LEFT, scanCode=0, metaState=0, flags=0x400, repeatCount=0, eventTime=255961, downTime=255961, deviceId=-1, source=0x101 }
D/InputEventConsistencyVerifier(  941):   4: sent at 255961000000, KeyEvent { action=ACTION_DOWN, keyCode=KEYCODE_DPAD_LEFT, scanCode=0, metaState=0, flags=0x400, repeatCount=0, eventTime=255961, downTime=255961, deviceId=-1, source=0x101 }
D/InputEventConsistencyVerifier(  941):   5: sent at 255959000000, KeyEvent { action=ACTION_UP, keyCode=KEYCODE_DPAD_LEFT, scanCode=0, metaState=0, flags=0x400, repeatCount=0, eventTime=255959, downTime=255959, deviceId=-1, source=0x101 }
D/InputEventConsistencyVerifier(  941): TrackballEvent: Trackball is down but pressure is not greater than 0.
D/InputEventConsistencyVerifier(  941):   in android.view.ViewRootImpl@b3dfb3f8
D/InputEventConsistencyVerifier(  941):   0: sent at 256558000000, MotionEvent { action=ACTION_DOWN, id[0]=0, x[0]=0.0, y[0]=0.0, toolType[0]=TOOL_TYPE_UNKNOWN, buttonState=0, metaState=0, flags=0x0, edgeFlags=0x0, pointerCount=1, historySize=0, eventTime=256558, downTime=256497, deviceId=0, source=0x10004 }
D/InputEventConsistencyVerifier(  941):   -- recent events --
D/InputEventConsistencyVerifier(  941):   1: sent at 256580000000, KeyEvent { action=ACTION_UP, keyCode=KEYCODE_DPAD_LEFT, scanCode=0, metaState=0, flags=0x400, repeatCount=0, eventTime=256580, downTime=256580, deviceId=-1, source=0x101 }
D/InputEventConsistencyVerifier(  941):   2: sent at 256580000000, KeyEvent { action=ACTION_DOWN, keyCode=KEYCODE_DPAD_LEFT, scanCode=0, metaState=0, flags=0x400, repeatCount=0, eventTime=256580, downTime=256580, deviceId=-1, source=0x101 }
D/InputEventConsistencyVerifier(  941):   3: sent at 256580000000, KeyEvent { action=ACTION_UP, keyCode=KEYCODE_DPAD_LEFT, scanCode=0, metaState=0, flags=0x400, repeatCount=0, eventTime=256580, downTime=256580, deviceId=-1, source=0x101 }
D/InputEventConsistencyVerifier(  941):   4: sent at 256580000000, KeyEvent { action=ACTION_DOWN, keyCode=KEYCODE_DPAD_LEFT, scanCode=0, metaState=0, flags=0x400, repeatCount=0, eventTime=256580, downTime=256580, deviceId=-1, source=0x101 }
D/InputEventConsistencyVerifier(  941):   5: sent at 256579000000, KeyEvent { action=ACTION_UP, keyCode=KEYCODE_DPAD_LEFT, scanCode=0, metaState=0, flags=0x400, repeatCount=0, eventTime=256579, downTime=256579, deviceId=-1, source=0x101 }
I/Choreographer(  941): Skipped 32 frames!  The application may be doing too much work on its main thread.
D/InputEventConsistencyVerifier(  941): KeyEvent: ACTION_UP but key was not down.
D/InputEventConsistencyVerifier(  941):   in android.view.ViewRootImpl@b3dfb3f8
D/InputEventConsistencyVerifier(  941):   0: sent at 257450000000, KeyEvent { action=ACTION_UP, keyCode=KEYCODE_VOLUME_UP, scanCode=0, metaState=0, flags=0x8, repeatCount=0, eventTime=257450, downTime=257450, deviceId=-1, source=0x101 }
D/InputEventConsistencyVerifier(  941):   -- recent events --
D/InputEventConsistencyVerifier(  941):   1: sent at 257087000000, MotionEvent { action=ACTION_UP, id[0]=0, x[0]=480.0, y[0]=568.0, toolType[0]=TOOL_TYPE_UNKNOWN, buttonState=0, metaState=0, flags=0x0, edgeFlags=0x0, pointerCount=1, historySize=0, eventTime=257087, downTime=257074, deviceId=0, source=0x1002 }
D/InputEventConsistencyVerifier(  941):   2: sent at 257085000000, MotionEvent { action=ACTION_MOVE, id[0]=0, x[0]=480.0, y[0]=584.0, toolType[0]=TOOL_TYPE_UNKNOWN, buttonState=0, metaState=0, flags=0x0, edgeFlags=0x0, pointerCount=1, historySize=1, eventTime=257085, downTime=257074, deviceId=0, source=0x1002 }
D/InputEventConsistencyVerifier(  941):   3: sent at 257075000000, MotionEvent { action=ACTION_DOWN, id[0]=0, x[0]=470.0, y[0]=603.0, toolType[0]=TOOL_TYPE_UNKNOWN, buttonState=0, metaState=0, flags=0x0, edgeFlags=0x0, pointerCount=1, historySize=0, eventTime=257075, downTime=257074, deviceId=0, source=0x1002 }
D/InputEventConsistencyVerifier(  941):   4: sent at 256928000000, KeyEvent { action=ACTION_UP, keyCode=KEYCODE_MENU, scanCode=0, metaState=0, flags=0x8, repeatCount=0, eventTime=256928, downTime=256928, deviceId=-1, source=0x101 }
D/InputEventConsistencyVerifier(  941):   5: sent at 256913000000, KeyEvent { action=ACTION_DOWN, keyCode=KEYCODE_MENU, scanCode=0, metaState=0, flags=0x8, repeatCount=0, eventTime=256913, downTime=256913, deviceId=-1, source=0x101 }
W/InputMethodManagerService(  223): Window already focused, ignoring focus gain of: com.android.internal.view.IInputMethodClient$Stub$Proxy@b418c6f0 attribute=null
I/ActivityManager(  223): START {act=android.intent.action.CALL_BUTTON flg=0x10000000 cmp=com.android.contacts/.activities.DialtactsActivity u=0} from pid 941
I/ActivityManager(  223): START {act=android.intent.action.MAIN cat=[android.intent.category.LAUNCHER] flg=0x10200000 cmp=jp.kabukichogozennizi/.MainActivity u=0} from pid 897
I/ActivityManager(  223): START {act=android.intent.action.CALL_BUTTON flg=0x10000000 cmp=com.android.contacts/.activities.DialtactsActivity u=0} from pid 941
I/ActivityManager(  223): START {act=android.intent.action.MAIN cat=[android.intent.category.LAUNCHER] flg=0x10200000 cmp=jp.kabukichogozennizi/.MainActivity u=0} from pid 897
I/Choreographer(  941): Skipped 31 frames!  The application may be doing too much work on its main thread.
I/ActivityManager(  223): START {act=android.intent.action.MAIN cat=[android.intent.category.LAUNCHER] flg=0x10200000 cmp=jp.kabukichogozennizi/.MainActivity u=0} from pid 897
D/InputEventConsistencyVerifier(  941): KeyEvent: ACTION_UP but key was not down.
D/InputEventConsistencyVerifier(  941):   in android.view.ViewRootImpl@b3dfb3f8
D/InputEventConsistencyVerifier(  941):   0: sent at 261703000000, KeyEvent { action=ACTION_UP, keyCode=KEYCODE_DPAD_DOWN, scanCode=0, metaState=0, flags=0x8, repeatCount=0, eventTime=261703, downTime=261703, deviceId=-1, source=0x101 }
D/InputEventConsistencyVerifier(  941):   -- recent events --
D/InputEventConsistencyVerifier(  941):   1: sent at 261265000000, MotionEvent { action=ACTION_UP, id[0]=0, x[0]=240.0, y[0]=681.0, toolType[0]=TOOL_TYPE_UNKNOWN, buttonState=0, metaState=0, flags=0x0, edgeFlags=0x0, pointerCount=1, historySize=0, eventTime=261265, downTime=261255, deviceId=0, source=0x1002 }
D/InputEventConsistencyVerifier(  941):   2: sent at 261256000000, MotionEvent { action=ACTION_DOWN, id[0]=0, x[0]=242.0, y[0]=693.0, toolType[0]=TOOL_TYPE_UNKNOWN, buttonState=0, metaState=0, flags=0x0, edgeFlags=0x0, pointerCount=1, historySize=0, eventTime=261256, downTime=261255, deviceId=0, source=0x1002 }
D/InputEventConsistencyVerifier(  941):   3: sent at 261147000000, KeyEvent { action=ACTION_UP, keyCode=KEYCODE_MENU, scanCode=0, metaState=0, flags=0x8, repeatCount=0, eventTime=261147, downTime=261147, deviceId=-1, source=0x101 }
D/InputEventConsistencyVerifier(  941):   4: sent at 261125000000, KeyEvent { action=ACTION_DOWN, keyCode=KEYCODE_MENU, scanCode=0, metaState=0, flags=0x8, repeatCount=0, eventTime=261125, downTime=261125, deviceId=-1, source=0x101 }
D/InputEventConsistencyVerifier(  941):   5: sent at 261107000000, KeyEvent { action=ACTION_UP, keyCode=KEYCODE_DPAD_UP, scanCode=0, metaState=0, flags=0x8, repeatCount=0, eventTime=261107, downTime=261107, deviceId=-1, source=0x101 }
I/Choreographer(  941): Skipped 51 frames!  The application may be doing too much work on its main thread.
W/InputMethodManagerService(  223): Window already focused, ignoring focus gain of: com.android.internal.view.IInputMethodClient$Stub$Proxy@b3f9ac60 attribute=null
W/InputMethodManagerService(  223): Window already focused, ignoring focus gain of: com.android.internal.view.IInputMethodClient$Stub$Proxy@b3e12ec0 attribute=null
I/ActivityManager(  223): START {act=android.intent.action.MAIN cat=[android.intent.category.LAUNCHER] flg=0x10200000 cmp=jp.kabukichogozennizi/.MainActivity u=0} from pid 897
I/Choreographer(  941): Skipped 52 frames!  The application may be doing too much work on its main thread.
I/Choreographer(  941): Skipped 92 frames!  The application may be doing too much work on its main thread.
D/InputEventConsistencyVerifier(  941): KeyEvent: ACTION_UP but key was not down.
D/InputEventConsistencyVerifier(  941):   in android.view.ViewRootImpl@b3dfb3f8
D/InputEventConsistencyVerifier(  941):   0: sent at 264408000000, KeyEvent { action=ACTION_UP, keyCode=KEYCODE_NUMPAD_LEFT_PAREN, scanCode=0, metaState=0, flags=0x8, repeatCount=0, eventTime=264408, downTime=264408, deviceId=-1, source=0x101 }
D/InputEventConsistencyVerifier(  941):   -- recent events --
D/InputEventConsistencyVerifier(  941):   1: sent at 263579000000, MotionEvent { action=ACTION_UP, id[0]=0, x[0]=336.0, y[0]=661.0, toolType[0]=TOOL_TYPE_UNKNOWN, buttonState=0, metaState=0, flags=0x0, edgeFlags=0x0, pointerCount=1, historySize=0, eventTime=263579, downTime=263574, deviceId=0, source=0x1002 }
D/InputEventConsistencyVerifier(  941):   2: sent at 263574000000, MotionEvent { action=ACTION_DOWN, id[0]=0, x[0]=344.0, y[0]=652.0, toolType[0]=TOOL_TYPE_UNKNOWN, buttonState=0, metaState=0, flags=0x0, edgeFlags=0x0, pointerCount=1, historySize=0, eventTime=263574, downTime=263574, deviceId=0, source=0x1002 }
D/InputEventConsistencyVerifier(  941):   3: sent at 263527000000, MotionEvent { action=ACTION_UP, id[0]=0, x[0]=91.0, y[0]=204.0, toolType[0]=TOOL_TYPE_UNKNOWN, buttonState=0, metaState=0, flags=0x0, edgeFlags=0x0, pointerCount=1, historySize=0, eventTime=263527, downTime=263518, deviceId=0, source=0x1002 }
D/InputEventConsistencyVerifier(  941):   4: sent at 263519000000, MotionEvent { action=ACTION_DOWN, id[0]=0, x[0]=92.0, y[0]=195.0, toolType[0]=TOOL_TYPE_UNKNOWN, buttonState=0, metaState=0, flags=0x0, edgeFlags=0x0, pointerCount=1, historySize=0, eventTime=263519, downTime=263518, deviceId=0, source=0x1002 }
D/InputEventConsistencyVerifier(  941):   5: sent at 263413000000, MotionEvent { action=ACTION_UP, id[0]=0, x[0]=219.0, y[0]=64.0, toolType[0]=TOOL_TYPE_UNKNOWN, buttonState=0, metaState=0, flags=0x0, edgeFlags=0x0, pointerCount=1, historySize=0, eventTime=263413, downTime=263384, deviceId=0, source=0x1002 }
W/InputMethodManagerService(  223): Window already focused, ignoring focus gain of: com.android.internal.view.IInputMethodClient$Stub$Proxy@b3ea4190 attribute=null
W/dalvikvm(  897): DroidBox: { "FdAccess": { "path": "2f6465762f696e7075742f6576656e7430", "id": "597773922" } }
W/DroidBox(  897): DroidBox: { "FileRW": { "operation": "write", "data": "7f060000efbfbd3901000500000001000000", "id": "597773922" } }
I/Choreographer(  941): Skipped 62 frames!  The application may be doing too much work on its main thread.
I/Choreographer(  941): Skipped 61 frames!  The application may be doing too much work on its main thread.
W/InputMethodManagerService(  223): Window already focused, ignoring focus gain of: com.android.internal.view.IInputMethodClient$Stub$Proxy@b3e5a6c0 attribute=null
I/Choreographer(  941): Skipped 46 frames!  The application may be doing too much work on its main thread.
W/InputMethodManagerService(  223): Window already focused, ignoring focus gain of: com.android.internal.view.IInputMethodClient$Stub$Proxy@b407bc00 attribute=null
I/ActivityManager(  223): START {act=android.intent.action.MAIN cat=[android.intent.category.LAUNCHER] flg=0x10200000 cmp=jp.kabukichogozennizi/.MainActivity u=0} from pid 897
I/Choreographer(  941): Skipped 47 frames!  The application may be doing too much work on its main thread.
I/ActivityManager(  223): START {act=android.intent.action.MAIN cat=[android.intent.category.LAUNCHER] flg=0x10000000 cmp=com.android.contacts/.activities.PeopleActivity sel={act=android.intent.action.MAIN cat=[android.intent.category.APP_CONTACTS]} u=0} from pid 223
D/InputEventConsistencyVerifier(  941): KeyEvent: ACTION_UP but key was not down.
D/InputEventConsistencyVerifier(  941):   in android.view.ViewRootImpl@b3dfb3f8
D/InputEventConsistencyVerifier(  941):   0: sent at 272255000000, KeyEvent { action=ACTION_UP, keyCode=KEYCODE_CONTACTS, scanCode=0, metaState=0, flags=0x8, repeatCount=0, eventTime=272255, downTime=272255, deviceId=-1, source=0x101 }
D/InputEventConsistencyVerifier(  941):   -- recent events --
D/InputEventConsistencyVerifier(  941):   1: sent at 272271000000, KeyEvent { action=ACTION_UP, keyCode=KEYCODE_DPAD_UP, scanCode=0, metaState=0, flags=0x400, repeatCount=0, eventTime=272271, downTime=272271, deviceId=-1, source=0x101 }
D/InputEventConsistencyVerifier(  941):   2: sent at 272271000000, KeyEvent { action=ACTION_DOWN, keyCode=KEYCODE_DPAD_UP, scanCode=0, metaState=0, flags=0x400, repeatCount=0, eventTime=272271, downTime=272271, deviceId=-1, source=0x101 }
D/InputEventConsistencyVerifier(  941):   3: sent at 272270000000, KeyEvent { action=ACTION_UP, keyCode=KEYCODE_DPAD_UP, scanCode=0, metaState=0, flags=0x400, repeatCount=0, eventTime=272270, downTime=272270, deviceId=-1, source=0x101 }
D/InputEventConsistencyVerifier(  941):   4: sent at 272270000000, KeyEvent { action=ACTION_DOWN, keyCode=KEYCODE_DPAD_UP, scanCode=0, metaState=0, flags=0x400, repeatCount=0, eventTime=272270, downTime=272270, deviceId=-1, source=0x101 }
D/InputEventConsistencyVerifier(  941):   5: sent at 272269000000, KeyEvent { action=ACTION_UP, keyCode=KEYCODE_DPAD_UP, scanCode=0, metaState=0, flags=0x400, repeatCount=0, eventTime=272269, downTime=272269, deviceId=-1, source=0x101 }
I/Choreographer(  941): Skipped 36 frames!  The application may be doing too much work on its main thread.
D/InputEventConsistencyVerifier(  941): KeyEvent: ACTION_UP but key was not down.
D/InputEventConsistencyVerifier(  941):   in android.view.ViewRootImpl@b3dfb3f8
D/InputEventConsistencyVerifier(  941):   0: sent at 274331000000, KeyEvent { action=ACTION_UP, keyCode=KEYCODE_MENU, scanCode=0, metaState=0, flags=0x8, repeatCount=0, eventTime=274331, downTime=274331, deviceId=-1, source=0x101 }
D/InputEventConsistencyVerifier(  941):   -- recent events --
D/InputEventConsistencyVerifier(  941):   1: sent at 274146000000, MotionEvent { action=ACTION_UP, id[0]=0, x[0]=158.0, y[0]=56.0, toolType[0]=TOOL_TYPE_UNKNOWN, buttonState=0, metaState=0, flags=0x0, edgeFlags=0x0, pointerCount=1, historySize=0, eventTime=274146, downTime=274140, deviceId=0, source=0x1002 }
D/InputEventConsistencyVerifier(  941):   2: sent at 274141000000, MotionEvent { action=ACTION_DOWN, id[0]=0, x[0]=159.0, y[0]=62.0, toolType[0]=TOOL_TYPE_UNKNOWN, buttonState=0, metaState=0, flags=0x0, edgeFlags=0x0, pointerCount=1, historySize=0, eventTime=274141, downTime=274140, deviceId=0, source=0x1002 }
D/InputEventConsistencyVerifier(  941):   3: sent at 273988000000, MotionEvent { action=ACTION_UP, id[0]=0, x[0]=312.0, y[0]=244.0, toolType[0]=TOOL_TYPE_UNKNOWN, buttonState=0, metaState=0, flags=0x0, edgeFlags=0x0, pointerCount=1, historySize=0, eventTime=273988, downTime=273983, deviceId=0, source=0x1002 }
D/InputEventConsistencyVerifier(  941):   4: sent at 273983000000, MotionEvent { action=ACTION_DOWN, id[0]=0, x[0]=309.0, y[0]=241.0, toolType[0]=TOOL_TYPE_UNKNOWN, buttonState=0, metaState=0, flags=0x0, edgeFlags=0x0, pointerCount=1, historySize=0, eventTime=273983, downTime=273983, deviceId=0, source=0x1002 }
D/InputEventConsistencyVerifier(  941):   5: sent at 273962000000, KeyEvent { action=ACTION_UP, keyCode=KEYCODE_MENU, scanCode=0, metaState=0, flags=0x8, repeatCount=0, eventTime=273962, downTime=273962, deviceId=-1, source=0x101 }
I/Choreographer(  941): Skipped 32 frames!  The application may be doing too much work on its main thread.
W/InputMethodManagerService(  223): Window already focused, ignoring focus gain of: com.android.internal.view.IInputMethodClient$Stub$Proxy@b4185a68 attribute=null
I/Choreographer(  941): Skipped 33 frames!  The application may be doing too much work on its main thread.
W/DroidBox( 1051): DroidBox: { "ServiceStart": { "name": "com.android.music.MediaPlaybackService" } }
W/DroidBox( 1051): DroidBox: { "ServiceStart": { "name": "com.android.music.MediaPlaybackService" } }
I/AudioService(  223):  AudioFocus  requestAudioFocus() from android.media.AudioManager@b3da5018com.android.music.MediaPlaybackService$3@b3da2c08
I/Choreographer(  941): Skipped 81 frames!  The application may be doing too much work on its main thread.
I/AudioService(  223):   Remote Control   registerMediaButtonIntent() for PendingIntent{b40a8cf0: PendingIntentRecord{b3ea8220 com.android.music broadcastIntent}}
W/InputMethodManagerService(  223): Window already focused, ignoring focus gain of: com.android.internal.view.IInputMethodClient$Stub$Proxy@b3e5cb70 attribute=null
I/Choreographer(  941): Skipped 43 frames!  The application may be doing too much work on its main thread.
D/InputEventConsistencyVerifier(  941): TouchEvent: ACTION_DOWN but pointers are already down.  Probably missing ACTION_UP from previous gesture.
D/InputEventConsistencyVerifier(  941):   in com.android.internal.policy.impl.PhoneWindow$DecorView@b3e154b0
D/InputEventConsistencyVerifier(  941):   0: sent at 276403000000, MotionEvent { action=ACTION_DOWN, id[0]=0, x[0]=323.0, y[0]=-418.0, toolType[0]=TOOL_TYPE_UNKNOWN, buttonState=0, metaState=0, flags=0x0, edgeFlags=0x0, pointerCount=1, historySize=0, eventTime=276403, downTime=276403, deviceId=0, source=0x1002 }
D/InputEventConsistencyVerifier(  941):   -- recent events --
D/InputEventConsistencyVerifier(  941):   1: sent at 276393000000, (unhandled) KeyEvent { action=ACTION_UP, keyCode=KEYCODE_DPAD_RIGHT, scanCode=0, metaState=0, flags=0x8, repeatCount=0, eventTime=276393, downTime=276393, deviceId=-1, source=0x101 }
D/InputEventConsistencyVerifier(  941):   2: sent at 276376000000, (unhandled) KeyEvent { action=ACTION_DOWN, keyCode=KEYCODE_DPAD_RIGHT, scanCode=0, metaState=0, flags=0x8, repeatCount=0, eventTime=276376, downTime=276376, deviceId=-1, source=0x101 }
D/InputEventConsistencyVerifier(  941):   3: sent at 276370000000, (unhandled) KeyEvent { action=ACTION_UP, keyCode=KEYCODE_MENU, scanCode=0, metaState=0, flags=0x8, repeatCount=0, eventTime=276370, downTime=276370, deviceId=-1, source=0x101 }
D/InputEventConsistencyVerifier(  941):   4: sent at 276363000000, (unhandled) KeyEvent { action=ACTION_DOWN, keyCode=KEYCODE_MENU, scanCode=0, metaState=0, flags=0x8, repeatCount=0, eventTime=276363, downTime=276363, deviceId=-1, source=0x101 }
D/InputEventConsistencyVerifier(  941):   5: sent at 276354000000, (unhandled) KeyEvent { action=ACTION_UP, keyCode=KEYCODE_DPAD_DOWN, scanCode=0, metaState=0, flags=0x8, repeatCount=0, eventTime=276354, downTime=276354, deviceId=-1, source=0x101 }
W/InputMethodManagerService(  223): Window already focused, ignoring focus gain of: com.android.internal.view.IInputMethodClient$Stub$Proxy@b3e59af8 attribute=null
I/Choreographer(  941): Skipped 32 frames!  The application may be doing too much work on its main thread.
W/InputMethodManagerService(  223): Window already focused, ignoring focus gain of: com.android.internal.view.IInputMethodClient$Stub$Proxy@b4056a88 attribute=null
I/Choreographer(  941): Skipped 60 frames!  The application may be doing too much work on its main thread.
I/Choreographer(  941): Skipped 80 frames!  The application may be doing too much work on its main thread.
W/InputMethodManagerService(  223): Window already focused, ignoring focus gain of: com.android.internal.view.IInputMethodClient$Stub$Proxy@b40214c8 attribute=null
D/InputEventConsistencyVerifier(  426): KeyEvent: ACTION_UP but key was not down.
D/InputEventConsistencyVerifier(  426):   in com.android.systemui.statusbar.phone.StatusBarWindowView@b3dc53b8
D/InputEventConsistencyVerifier(  426):   0: sent at 279951000000, KeyEvent { action=ACTION_UP, keyCode=KEYCODE_DPAD_CENTER, scanCode=0, metaState=0, flags=0x8, repeatCount=0, eventTime=279951, downTime=279951, deviceId=-1, source=0x101 }
D/InputEventConsistencyVerifier(  426):   -- recent events --
D/InputEventConsistencyVerifier(  426):   1: sent at 279769000000, MotionEvent { action=ACTION_UP, id[0]=0, x[0]=12.0, y[0]=21.0, toolType[0]=TOOL_TYPE_UNKNOWN, buttonState=0, metaState=0, flags=0x0, edgeFlags=0x0, pointerCount=1, historySize=0, eventTime=279769, downTime=279762, deviceId=0, source=0x1002 }
D/InputEventConsistencyVerifier(  426):   2: sent at 279762000000, MotionEvent { action=ACTION_DOWN, id[0]=0, x[0]=24.0, y[0]=10.0, toolType[0]=TOOL_TYPE_UNKNOWN, buttonState=0, metaState=0, flags=0x0, edgeFlags=0x0, pointerCount=1, historySize=0, eventTime=279762, downTime=279762, deviceId=0, source=0x1002 }
D/InputEventConsistencyVerifier(  426):   3: sent at 242152000000, (unhandled) KeyEvent { action=ACTION_UP, keyCode=KEYCODE_DPAD_UP, scanCode=0, metaState=0, flags=0x400, repeatCount=0, eventTime=242152, downTime=242152, deviceId=-1, source=0x101 }
D/InputEventConsistencyVerifier(  426):   4: sent at 242152000000, (unhandled) KeyEvent { action=ACTION_DOWN, keyCode=KEYCODE_DPAD_UP, scanCode=0, metaState=0, flags=0x400, repeatCount=0, eventTime=242152, downTime=242152, deviceId=-1, source=0x101 }
D/InputEventConsistencyVerifier(  426):   5: sent at 242152000000, (unhandled) KeyEvent { action=ACTION_UP, keyCode=KEYCODE_DPAD_UP, scanCode=0, metaState=0, flags=0x400, repeatCount=0, eventTime=242152, downTime=242152, deviceId=-1, source=0x101 }
W/dalvikvm(  426): DroidBox: { "FdAccess": { "path": "2f70726f632f6d656d696e666f", "id": "1665977428" } }
W/DroidBox(  426): DroidBox: { "FileRW": { "operation": "read", "data": "4d656d546f74616c3a202020202020202020373438393634206b420a4d656d467265653a20202020202020202020343539303438206b420a427566666572733a20202020202020202020202035353332206b420a4361636865643a202020202020202020", "id": "1665977428" } }
I/Choreographer(  426): Skipped 91 frames!  The application may be doing too much work on its main thread.
D/InputEventConsistencyVerifier(  426): KeyEvent: ACTION_UP but key was not down.
D/InputEventConsistencyVerifier(  426):   in com.android.systemui.statusbar.phone.StatusBarWindowView@b3dc53b8
D/InputEventConsistencyVerifier(  426):   0: sent at 280362000000, KeyEvent { action=ACTION_UP, keyCode=KEYCODE_DPAD_LEFT, scanCode=0, metaState=0, flags=0x8, repeatCount=0, eventTime=280362, downTime=280362, deviceId=-1, source=0x101 }
D/InputEventConsistencyVerifier(  426):   -- recent events --
D/InputEventConsistencyVerifier(  426):   1: sent at 280224000000, (unhandled) KeyEvent { action=ACTION_UP, keyCode=KEYCODE_MENU, scanCode=0, metaState=0, flags=0x8, repeatCount=0, eventTime=280224, downTime=280224, deviceId=-1, source=0x101 }
D/InputEventConsistencyVerifier(  426):   2: sent at 280157000000, (unhandled) KeyEvent { action=ACTION_DOWN, keyCode=KEYCODE_MENU, scanCode=0, metaState=0, flags=0x8, repeatCount=0, eventTime=280157, downTime=280157, deviceId=-1, source=0x101 }
D/InputEventConsistencyVerifier(  426):   3: sent at 280094000000, MotionEvent { action=ACTION_UP, id[0]=0, x[0]=296.0, y[0]=507.0, toolType[0]=TOOL_TYPE_UNKNOWN, buttonState=0, metaState=0, flags=0x0, edgeFlags=0x0, pointerCount=1, historySize=0, eventTime=280094, downTime=280051, deviceId=0, source=0x1002 }
D/InputEventConsistencyVerifier(  426):   4: sent at 280092000000, MotionEvent { action=ACTION_POINTER_UP(1), id[0]=0, x[0]=286.0, y[0]=508.0, toolType[0]=TOOL_TYPE_UNKNOWN, id[1]=1, x[1]=460.0, y[1]=800.0, toolType[1]=TOOL_TYPE_UNKNOWN, buttonState=0, metaState=0, flags=0x0, edgeFlags=0x0, pointerCount=2, historySize=0, eventTime=280092, downTime=280051, deviceId=0, source=0x1002 }
D/InputEventConsistencyVerifier(  426):   5: sent at 280090000000, MotionEvent { action=ACTION_MOVE, id[0]=0, x[0]=273.0, y[0]=515.0, toolType[0]=TOOL_TYPE_UNKNOWN, id[1]=1, x[1]=460.0, y[1]=800.0, toolType[1]=TOOL_TYPE_UNKNOWN, buttonState=0, metaState=0, flags=0x0, edgeFlags=0x0, pointerCount=2, historySize=7, eventTime=280090, downTime=280051, deviceId=0, source=0x1002 }
D/InputEventConsistencyVerifier(  426): KeyEvent: ACTION_UP but key was not down.
D/InputEventConsistencyVerifier(  426):   in android.widget.FrameLayout@b3de4f08
D/InputEventConsistencyVerifier(  426):   0: sent at 280392000000, KeyEvent { action=ACTION_UP, keyCode=KEYCODE_DPAD_DOWN, scanCode=0, metaState=0, flags=0x8, repeatCount=0, eventTime=280392, downTime=280392, deviceId=-1, source=0x101 }
D/InputEventConsistencyVerifier(  426):   -- recent events --
D/InputEventConsistencyVerifier(  426):   1: sent at 226521000000, (unhandled) KeyEvent { action=ACTION_UP, keyCode=KEYCODE_DPAD_DOWN, scanCode=0, metaState=0, flags=0x400, repeatCount=0, eventTime=226521, downTime=226521, deviceId=-1, source=0x101 }
D/InputEventConsistencyVerifier(  426):   2: sent at 226521000000, (unhandled) KeyEvent { action=ACTION_DOWN, keyCode=KEYCODE_DPAD_DOWN, scanCode=0, metaState=0, flags=0x400, repeatCount=0, eventTime=226521, downTime=226521, deviceId=-1, source=0x101 }
D/InputEventConsistencyVerifier(  426):   3: sent at 226521000000, (unhandled) KeyEvent { action=ACTION_UP, keyCode=KEYCODE_DPAD_DOWN, scanCode=0, metaState=0, flags=0x400, repeatCount=0, eventTime=226521, downTime=226521, deviceId=-1, source=0x101 }
D/InputEventConsistencyVerifier(  426):   4: sent at 226521000000, (unhandled) KeyEvent { action=ACTION_DOWN, keyCode=KEYCODE_DPAD_DOWN, scanCode=0, metaState=0, flags=0x400, repeatCount=0, eventTime=226521, downTime=226521, deviceId=-1, source=0x101 }
D/InputEventConsistencyVerifier(  426):   5: sent at 226521000000, (unhandled) KeyEvent { action=ACTION_UP, keyCode=KEYCODE_DPAD_DOWN, scanCode=0, metaState=0, flags=0x400, repeatCount=0, eventTime=226521, downTime=226521, deviceId=-1, source=0x101 }
V/PhoneStatusBar(  426): setLightsOn(true)
I/Choreographer(  426): Skipped 78 frames!  The application may be doing too much work on its main thread.
W/dalvikvm(  426): DroidBox: { "FdAccess": { "path": "2f70726f632f6d656d696e666f", "id": "2053275900" } }
D/PhoneStatusBar(  426): disable: < expand icons alerts TICKER* system_info back home recent clock >
W/DroidBox(  426): DroidBox: { "FileRW": { "operation": "read", "data": "4d656d546f74616c3a202020202020202020373438393634206b420a4d656d467265653a20202020202020202020343537353630206b420a427566666572733a20202020202020202020202035353332206b420a4361636865643a202020202020202020", "id": "2053275900" } }
W/dalvikvm(  426): DroidBox: { "FdAccess": { "path": "2f70726f632f6d656d696e666f", "id": "1476146861" } }
W/DroidBox(  426): DroidBox: { "FileRW": { "operation": "read", "data": "4d656d546f74616c3a202020202020202020373438393634206b420a4d656d467265653a20202020202020202020343536313936206b420a427566666572733a20202020202020202020202035353332206b420a4361636865643a202020202020202020", "id": "1476146861" } }
W/dalvikvm(  426): DroidBox: { "FdAccess": { "path": "2f70726f632f6d656d696e666f", "id": "1685415481" } }
W/DroidBox(  426): DroidBox: { "FileRW": { "operation": "read", "data": "4d656d546f74616c3a202020202020202020373438393634206b420a4d656d467265653a20202020202020202020343536313936206b420a427566666572733a20202020202020202020202035353332206b420a4361636865643a202020202020202020", "id": "1685415481" } }
D/InputEventConsistencyVerifier(  426): KeyEvent: ACTION_UP but key was not down.
D/InputEventConsistencyVerifier(  426):   in com.android.systemui.statusbar.phone.StatusBarWindowView@b3dc53b8
D/InputEventConsistencyVerifier(  426):   0: sent at 280497000000, KeyEvent { action=ACTION_UP, keyCode=KEYCODE_DPAD_UP, scanCode=0, metaState=0, flags=0x8, repeatCount=0, eventTime=280497, downTime=280497, deviceId=-1, source=0x101 }
D/InputEventConsistencyVerifier(  426):   -- recent events --
D/InputEventConsistencyVerifier(  426):   1: sent at 280416000000, (unhandled) KeyEvent { action=ACTION_UP, keyCode=KEYCODE_DPAD_CENTER, scanCode=0, metaState=0, flags=0x8, repeatCount=0, eventTime=280416, downTime=280416, deviceId=-1, source=0x101 }
D/InputEventConsistencyVerifier(  426):   2: sent at 280416000000, (unhandled) KeyEvent { action=ACTION_UP, keyCode=KEYCODE_BUTTON_Y, scanCode=0, metaState=0, flags=0x8, repeatCount=0, eventTime=280416, downTime=280416, deviceId=-1, source=0x101 }
D/InputEventConsistencyVerifier(  426):   3: sent at 280410000000, (unhandled) KeyEvent { action=ACTION_DOWN, keyCode=KEYCODE_DPAD_CENTER, scanCode=0, metaState=0, flags=0x8, repeatCount=0, eventTime=280410, downTime=280410, deviceId=-1, source=0x101 }
D/InputEventConsistencyVerifier(  426):   4: sent at 280410000000, (unhandled) KeyEvent { action=ACTION_DOWN, keyCode=KEYCODE_BUTTON_Y, scanCode=0, metaState=0, flags=0x8, repeatCount=0, eventTime=280410, downTime=280410, deviceId=-1, source=0x101 }
D/InputEventConsistencyVerifier(  426):   5: sent at 280392000000, (unhandled) KeyEvent { action=ACTION_UP, keyCode=KEYCODE_DPAD_DOWN, scanCode=0, metaState=0, flags=0x8, repeatCount=0, eventTime=280392, downTime=280392, deviceId=-1, source=0x101 }
D/InputEventConsistencyVerifier(  941): KeyEvent: ACTION_UP but key was not down.
D/InputEventConsistencyVerifier(  941):   in android.view.ViewRootImpl@b3da9778
D/InputEventConsistencyVerifier(  941):   0: sent at 280680000000, KeyEvent { action=ACTION_UP, keyCode=KEYCODE_DPAD_DOWN, scanCode=0, metaState=0, flags=0x8, repeatCount=0, eventTime=280680, downTime=280680, deviceId=-1, source=0x101 }
D/InputEventConsistencyVerifier(  941):   -- recent events --
D/InputEventConsistencyVerifier(  941):   1: sent at 279789000000, KeyEvent { action=ACTION_UP, keyCode=KEYCODE_DPAD_CENTER, scanCode=0, metaState=0, flags=0x8, repeatCount=0, eventTime=279789, downTime=279789, deviceId=-1, source=0x101 }
D/InputEventConsistencyVerifier(  941):   2: sent at 279786000000, KeyEvent { action=ACTION_DOWN, keyCode=KEYCODE_DPAD_CENTER, scanCode=0, metaState=0, flags=0x8, repeatCount=0, eventTime=279786, downTime=279786, deviceId=-1, source=0x101 }
D/InputEventConsistencyVerifier(  941):   3: sent at 279737000000, KeyEvent { action=ACTION_UP, keyCode=KEYCODE_MOVE_END, scanCode=0, metaState=0, flags=0x8, repeatCount=0, eventTime=279737, downTime=279737, deviceId=-1, source=0x101 }
D/InputEventConsistencyVerifier(  941):   4: sent at 279696000000, KeyEvent { action=ACTION_DOWN, keyCode=KEYCODE_MOVE_END, scanCode=0, metaState=0, flags=0x8, repeatCount=0, eventTime=279696, downTime=279696, deviceId=-1, source=0x101 }
D/InputEventConsistencyVerifier(  941):   5: sent at 279731000000, KeyEvent { action=ACTION_UP, keyCode=KEYCODE_DPAD_UP, scanCode=0, metaState=0, flags=0x400, repeatCount=0, eventTime=279731, downTime=279731, deviceId=-1, source=0x101 }
D/InputEventConsistencyVerifier(  426): KeyEvent: ACTION_UP but key was not down.
D/InputEventConsistencyVerifier(  426):   in android.widget.FrameLayout@b3de4f08
D/InputEventConsistencyVerifier(  426):   0: sent at 280767000000, KeyEvent { action=ACTION_UP, keyCode=KEYCODE_DPAD_DOWN, scanCode=0, metaState=0, flags=0x28, repeatCount=0, eventTime=280767, downTime=280672, deviceId=-1, source=0x101 }
D/InputEventConsistencyVerifier(  426):   -- recent events --
D/InputEventConsistencyVerifier(  426):   1: sent at 280416000000, (unhandled) KeyEvent { action=ACTION_UP, keyCode=KEYCODE_DPAD_CENTER, scanCode=0, metaState=0, flags=0x8, repeatCount=0, eventTime=280416, downTime=280416, deviceId=-1, source=0x101 }
D/InputEventConsistencyVerifier(  426):   2: sent at 280416000000, (unhandled) KeyEvent { action=ACTION_UP, keyCode=KEYCODE_BUTTON_Y, scanCode=0, metaState=0, flags=0x8, repeatCount=0, eventTime=280416, downTime=280416, deviceId=-1, source=0x101 }
D/InputEventConsistencyVerifier(  426):   3: sent at 280410000000, (unhandled) KeyEvent { action=ACTION_DOWN, keyCode=KEYCODE_DPAD_CENTER, scanCode=0, metaState=0, flags=0x8, repeatCount=0, eventTime=280410, downTime=280410, deviceId=-1, source=0x101 }
D/InputEventConsistencyVerifier(  426):   4: sent at 280410000000, (unhandled) KeyEvent { action=ACTION_DOWN, keyCode=KEYCODE_BUTTON_Y, scanCode=0, metaState=0, flags=0x8, repeatCount=0, eventTime=280410, downTime=280410, deviceId=-1, source=0x101 }
D/InputEventConsistencyVerifier(  426):   5: sent at 280392000000, (unhandled) KeyEvent { action=ACTION_UP, keyCode=KEYCODE_DPAD_DOWN, scanCode=0, metaState=0, flags=0x80000008, repeatCount=0, eventTime=280392, downTime=280392, deviceId=-1, source=0x101 }
I/Choreographer(  426): Skipped 68 frames!  The application may be doing too much work on its main thread.
D/PhoneStatusBar(  426): disable: < expand icons alerts ticker* system_info back home recent clock >
V/PhoneStatusBar(  426): setLightsOn(true)
