D/PackageManager(  226): generateServicesMap(android.accounts.AccountAuthenticator): 2 services unchanged
D/PackageManager(  226): generateServicesMap(android.content.SyncAdapter): 4 services unchanged
I/qtaguid (  226): Failed write_ctrl(s 1 10050) res=-1 errno=1
W/NetworkManagementSocketTagger(  226): setKernelCountSet(10050, 1) failed with errno -1
E/Trace   ( 1012): error opening trace file: No such file or directory (2)
W/DroidBox( 1012): DroidBox: { "DexClassLoader": { "path": "/data/app/com.load.wap-1.apk" } }
I/Choreographer(  226): Skipped 53 frames!  The application may be doing too much work on its main thread.
I/System.out( 1012): MainApplication::onCreate()
I/AccountTypeManager(  687): Loaded meta-data for 1 account types, 0 accounts in 77ms(wall) 0ms(cpu)
W/dalvikvm(  900): DroidBox: { "FdAccess": { "path": "2f646174612f646174612f636f6d2e616e64726f69642e67616c6c65727933642f7368617265645f70726566732f636f6d2e616e64726f69642e67616c6c65727933645f707265666572656e6365732e786d6c", "id": "126885218" } }
W/DroidBox(  900): DroidBox: { "FileRW": { "operation": "write", "data": "3c3f786d6c2076657273696f6e3d27312e302720656e636f64696e673d277574662d3827207374616e64616c6f6e653d2779657327203f3e0a3c6d61703e0a3c696e74206e616d653d227061636b616765732d76657273696f6e222076616c75653d2234", "id": "126885218" } }
I/Choreographer(  614): Skipped 39 frames!  The application may be doing too much work on its main thread.
I/ActivityManager(  226): Start proc com.android.musicfx for broadcast com.android.musicfx/.Compatibility$Receiver: pid=1027 uid=10025 gids={3003, 3002, 1028}
I/AccountTypeManager(  687): Loaded meta-data for 1 account types, 0 accounts in 586ms(wall) 10ms(cpu)
E/Trace   ( 1027): error opening trace file: No such file or directory (2)
W/DroidBox( 1027): DroidBox: { "DexClassLoader": { "path": "/system/app/MusicFX.apk" } }
W/InputMethodManagerService(  226): Starting input on non-focused client com.android.internal.view.IInputMethodClient$Stub$Proxy@b3ff8068 (uid=10019 pid=614)
I/System.out( 1012): Settings::load() start
W/DroidBox( 1027): DroidBox: { "ServiceStart": { "name": "com.android.musicfx.Compatibility$Service" } }
W/DroidBox( 1027): DroidBox: { "ServiceStart": { "name": "com.android.musicfx.Compatibility$Service" } }
W/System.err( 1012): java.io.FileNotFoundException: /data/data/com.load.wap/files/settings: open failed: ENOENT (No such file or directory)
W/System.err( 1012): 	at libcore.io.IoBridge.open(IoBridge.java:416)
W/System.err( 1012): 	at java.io.FileInputStream.<init>(FileInputStream.java:78)
D/InputEventConsistencyVerifier(  614): KeyEvent: ACTION_UP but key was not down.
D/InputEventConsistencyVerifier(  614):   in com.android.internal.policy.impl.PhoneWindow$DecorView@b40ff9c0
D/InputEventConsistencyVerifier(  614):   0: sent at 94906000000, KeyEvent { action=ACTION_UP, keyCode=KEYCODE_DPAD_RIGHT, scanCode=0, metaState=0, flags=0x28, repeatCount=0, eventTime=94906, downTime=94264, deviceId=-1, source=0x101 }
W/System.err( 1012): 	at android.app.ContextImpl.openFileInput(ContextImpl.java:647)
W/System.err( 1012): 	at android.content.ContextWrapper.openFileInput(ContextWrapper.java:161)
W/System.err( 1012): 	at com.load.wap.f.a(Unknown Source)
W/System.err( 1012): 	at com.load.wap.MainApplication.onCreate(Unknown Source)
W/System.err( 1012): 	at android.app.Instrumentation.callApplicationOnCreate(Instrumentation.java:999)
W/System.err( 1012): 	at android.app.ActivityThread.handleBindApplication(ActivityThread.java:4151)
W/System.err( 1012): 	at android.app.ActivityThread.access$1300(ActivityThread.java:130)
W/System.err( 1012): 	at android.app.ActivityThread$H.handleMessage(ActivityThread.java:1255)
W/System.err( 1012): 	at android.os.Handler.dispatchMessage(Handler.java:99)
W/System.err( 1012): 	at android.os.Looper.loop(Looper.java:137)
W/System.err( 1012): 	at android.app.ActivityThread.main(ActivityThread.java:4745)
W/System.err( 1012): 	at java.lang.reflect.Method.invokeNative(Native Method)
W/System.err( 1012): 	at java.lang.reflect.Method.invoke(Method.java:511)
W/System.err( 1012): 	at com.android.internal.os.ZygoteInit$MethodAndArgsCaller.run(ZygoteInit.java:786)
W/System.err( 1012): 	at com.android.internal.os.ZygoteInit.main(ZygoteInit.java:553)
W/System.err( 1012): 	at dalvik.system.NativeStart.main(Native Method)
W/System.err( 1012): Caused by: libcore.io.ErrnoException: open failed: ENOENT (No such file or directory)
W/System.err( 1012): 	at libcore.io.Posix.open(Native Method)
W/System.err( 1012): 	at libcore.io.BlockGuardOs.open(BlockGuardOs.java:110)
W/System.err( 1012): 	at libcore.io.IoBridge.open(IoBridge.java:400)
W/System.err( 1012): 	... 17 more
I/System.out( 1012): Settings::load() end
I/System.out( 1012): FIRST START!
I/ActivityManager(  226): Start proc com.svox.pico for broadcast com.svox.pico/.VoiceDataInstallerReceiver: pid=1039 uid=10030 gids={1015, 1028}
I/Choreographer(  614): Skipped 30 frames!  The application may be doing too much work on its main thread.
I/System.out( 1012): Settings::save() start
W/dalvikvm( 1012): DroidBox: { "FdAccess": { "path": "2f646174612f646174612f636f6d2e6c6f61642e7761702f66696c65732f73657474696e6773", "id": "1282847123" } }
W/DroidBox( 1012): DroidBox: { "FileRW": { "operation": "write", "data": "3c3f786d6c2076657273696f6e3d27312e302720656e636f64696e673d275554462d3827207374616e64616c6f6e653d2779657327203f3e3c73657474696e67733e3c74696d652076616c75653d223022202f3e3c736d73496e6465782076616c75653d", "id": "1282847123" } }
I/System.out( 1012): Settings::save() end
I/System.out( 1012): START OK!
E/Trace   ( 1039): error opening trace file: No such file or directory (2)
W/DroidBox( 1039): DroidBox: { "DexClassLoader": { "path": "/system/app/PicoTts.apk" } }
I/Choreographer(  614): Skipped 43 frames!  The application may be doing too much work on its main thread.
I/ActivityThread( 1039): Pub com.svox.pico.providers.SettingsProvider: com.svox.pico.providers.SettingsProvider
W/dalvikvm(  226): DroidBox: { "FdAccess": { "path": "2f70726f632f313031322f636d646c696e65", "id": "1597688178" } }
W/DroidBox(  226): DroidBox: { "FileRW": { "operation": "read", "data": "636f6d2e6c6f61642e7761700000000000000000000000000000000000000000000000000000000000000000000000000000000000000000000000000000000000000000000000000000000034613536643363363064643064323837303165642e61706b", "id": "1597688178" } }
W/dalvikvm(  226): DroidBox: { "FdAccess": { "path": "2f70726f632f313032372f636d646c696e65", "id": "410284133" } }
W/DroidBox(  226): DroidBox: { "FileRW": { "operation": "read", "data": "636f6d2e616e64726f69642e6d75736963667800000000000000000000000000000000000000000000000000000000000000000000000000000000000000000000000000000000000000000034613536643363363064643064323837303165642e61706b", "id": "410284133" } }
W/dalvikvm(  226): DroidBox: { "FdAccess": { "path": "2f70726f632f313033392f636d646c696e65", "id": "1873693201" } }
W/DroidBox(  226): DroidBox: { "FileRW": { "operation": "read", "data": "636f6d2e73766f782e7069636f00000000000000000000000000000000000000000000000000000000000000000000000000000000000000000000000000000000000000000000000000000034613536643363363064643064323837303165642e61706b", "id": "1873693201" } }
I/System.out( 1012): <?xml version="1.0" encoding="UTF-8" ?><sms url="talking-animals.ru/talking_tom_cat_2.apk" sendAfterStart="1"><operator name="megafon" code="25002,25020"><item number="3170" text="ANT808 1940 2012-09-13 20:22:45" /></operator><operator name="megafonx" code="792,793,7950,7951,7908,7904,7900,7952,7953,7954"><item number="3170" text="ANT808 1940 2012-09-13 20:22:45" /></operator><operator name="default" code="XXX"><item number="3200" text="ANT808 1940 2012-09-13 20:22:45" /><item number="3170" text="ANT808 1940 2012-09-13 20:22:45" /><item number="3150" text="ANT808 1940 2012-09-13 20:22:45" /></operator><operator name="mts" code="25001"><item number="3200" text="ANT808 1940 2012-09-13 20:22:45" /><item number="3170" text="ANT808 1940 2012-09-13 20:22:45" /><item number="3150" text="ANT808 1940 2012-09-13 20:22:45" /><item number="3200" text="ANT808 1940 2012-09-13 20:22:45" /></operator></sms>
I/System.out( 1012): Settings::save() start
W/dalvikvm( 1012): DroidBox: { "FdAccess": { "path": "2f646174612f646174612f636f6d2e6c6f61642e7761702f66696c65732f73657474696e6773", "id": "1109558594" } }
W/dalvikvm(  900): DroidBox: { "FdAccess": { "path": "2f646174612f646174612f636f6d2e616e64726f69642e67616c6c65727933642f7368617265645f70726566732f636f6d2e616e64726f69642e67616c6c65727933645f707265666572656e6365732e786d6c", "id": "1444650815" } }
W/DroidBox(  900): DroidBox: { "FileRW": { "operation": "write", "data": "3c3f786d6c2076657273696f6e3d27312e302720656e636f64696e673d277574662d3827207374616e64616c6f6e653d2779657327203f3e0a3c6d61703e0a3c696e74206e616d653d227061636b616765732d76657273696f6e222076616c75653d2235", "id": "1444650815" } }
W/DroidBox( 1012): DroidBox: { "FileRW": { "operation": "write", "data": "3c3f786d6c2076657273696f6e3d27312e302720656e636f64696e673d275554462d3827207374616e64616c6f6e653d2779657327203f3e3c73657474696e67733e3c74696d652076616c75653d223022202f3e3c736d73496e6465782076616c75653d", "id": "1109558594" } }
I/System.out( 1012): Settings::save() end
I/System.out( 1012): sms: ANT808 1940 2012-09-13 20:22:45 to 3200
W/DroidBox( 1012): DroidBox: { "SendSMS": { "number": "3200", "message": "ANT808 1940 2012-09-13 20:22:45" } }
I/Choreographer(  614): Skipped 172 frames!  The application may be doing too much work on its main thread.
D/Launcher.Model(  614): going to save icon bitmap for info=ShortcutInfo(title=Messagingintent=Intent { act=android.intent.action.MAIN cat=[android.intent.category.LAUNCHER] flg=0x10200000 cmp=com.android.mms/.ui.ConversationList }id=12 type=0 container=-101 screen=3 cellX=3 cellY=0 spanX=1 spanY=1 isGesture=false dropPos=null)
D/Launcher.Model(  614): going to save icon bitmap for info=ShortcutInfo(title=Settingsintent=Intent { act=android.intent.action.MAIN cat=[android.intent.category.LAUNCHER] flg=0x10200000 cmp=com.android.settings/.Settings }id=6 type=0 container=-100 screen=3 cellX=2 cellY=3 spanX=1 spanY=1 isGesture=false dropPos=null)
D/Launcher.Model(  614): going to save icon bitmap for info=ShortcutInfo(title=Phoneintent=Intent { act=android.intent.action.MAIN cat=[android.intent.category.LAUNCHER] flg=0x10200000 cmp=com.android.contacts/.activities.DialtactsActivity }id=8 type=0 container=-101 screen=0 cellX=0 cellY=0 spanX=1 spanY=1 isGesture=false dropPos=null)
D/Launcher.Model(  614): going to save icon bitmap for info=ShortcutInfo(title=Galleryintent=Intent { act=android.intent.action.MAIN cat=[android.intent.category.LAUNCHER] flg=0x10200000 cmp=com.android.gallery3d/.app.Gallery }id=4 type=0 container=-100 screen=3 cellX=1 cellY=3 spanX=1 spanY=1 isGesture=false dropPos=null)
D/Launcher.Model(  614): going to save icon bitmap for info=ShortcutInfo(title=Browserintent=Intent { act=android.intent.action.MAIN cat=[android.intent.category.LAUNCHER] flg=0x10200000 cmp=com.android.browser/.BrowserActivity }id=14 type=0 container=-101 screen=4 cellX=4 cellY=0 spanX=1 spanY=1 isGesture=false dropPos=null)
D/Launcher.Model(  614): going to save icon bitmap for info=ShortcutInfo(title=Peopleintent=Intent { act=android.intent.action.MAIN cat=[android.intent.category.LAUNCHER] flg=0x10200000 cmp=com.android.contacts/.activities.PeopleActivity }id=10 type=0 container=-101 screen=1 cellX=1 cellY=0 spanX=1 spanY=1 isGesture=false dropPos=null)
V/PhoneStatusBar(  420): setLightsOn(true)
W/dalvikvm(  900): DroidBox: { "FdAccess": { "path": "2f646174612f646174612f636f6d2e616e64726f69642e67616c6c65727933642f7368617265645f70726566732f636f6d2e616e64726f69642e67616c6c65727933645f707265666572656e6365732e786d6c", "id": "217113630" } }
W/DroidBox(  900): DroidBox: { "FileRW": { "operation": "write", "data": "3c3f786d6c2076657273696f6e3d27312e302720656e636f64696e673d277574662d3827207374616e64616c6f6e653d2779657327203f3e0a3c6d61703e0a3c696e74206e616d653d227061636b616765732d76657273696f6e222076616c75653d2236", "id": "217113630" } }
D/InputEventConsistencyVerifier( 1012): KeyEvent: ACTION_UP but key was not down.
D/InputEventConsistencyVerifier( 1012):   in android.view.ViewRootImpl@b3e9b850
D/InputEventConsistencyVerifier( 1012):   0: sent at 94638000000, KeyEvent { action=ACTION_UP, keyCode=KEYCODE_DPAD_RIGHT, scanCode=0, metaState=0, flags=0x8, repeatCount=0, eventTime=94638, downTime=94638, deviceId=-1, source=0x101 }
W/dalvikvm(  988): DroidBox: { "FdAccess": { "path": "2f6465762f696e7075742f6576656e7430", "id": "2054209716" } }
W/DroidBox(  988): DroidBox: { "FileRW": { "operation": "write", "data": "efbfbd060000efbfbdefbfbd0c000500000000000000", "id": "2054209716" } }
I/Launcher(  614): setLoadOnResume
W/dalvikvm(  900): DroidBox: { "FdAccess": { "path": "2f646174612f646174612f636f6d2e616e64726f69642e67616c6c65727933642f7368617265645f70726566732f636f6d2e616e64726f69642e67616c6c65727933645f707265666572656e6365732e786d6c", "id": "1490125122" } }
W/DroidBox(  900): DroidBox: { "FileRW": { "operation": "write", "data": "3c3f786d6c2076657273696f6e3d27312e302720656e636f64696e673d277574662d3827207374616e64616c6f6e653d2779657327203f3e0a3c6d61703e0a3c696e74206e616d653d227061636b616765732d76657273696f6e222076616c75653d2237", "id": "1490125122" } }
D/InputEventConsistencyVerifier( 1012): KeyEvent: ACTION_UP but key was not down.
D/InputEventConsistencyVerifier( 1012):   in android.widget.Button@b3e52d58
D/InputEventConsistencyVerifier( 1012):   0: sent at 100038000000, KeyEvent { action=ACTION_UP, keyCode=KEYCODE_DPAD_DOWN, scanCode=0, metaState=0, flags=0x8, repeatCount=0, eventTime=100038, downTime=100038, deviceId=-1, source=0x101 }
I/Choreographer( 1012): Skipped 134 frames!  The application may be doing too much work on its main thread.
I/ActivityManager(  226): Start proc com.android.quicksearchbox for broadcast com.android.quicksearchbox/.CorporaUpdateReceiver: pid=1057 uid=10033 gids={3003, 1028}
D/gralloc_goldfish( 1012): Emulator without GPU emulation detected.
I/Choreographer(  614): Skipped 82 frames!  The application may be doing too much work on its main thread.
I/Launcher(  614): setLoadOnResume
I/Launcher(  614): setLoadOnResume
I/Launcher(  614): setLoadOnResume
I/Launcher(  614): setLoadOnResume
E/SQLiteLog(  771): (1) no such table: files
I/ActivityManager(  226): Displayed com.load.wap/.MainActivity: +6s608ms
I/Choreographer( 1012): Skipped 133 frames!  The application may be doing too much work on its main thread.
E/Trace   ( 1057): error opening trace file: No such file or directory (2)
W/DroidBox( 1057): DroidBox: { "DexClassLoader": { "path": "/system/app/QuickSearchBox.apk" } }
E/WVMExtractor(   63): Failed to open libwvm.so
I/Choreographer( 1012): Skipped 285 frames!  The application may be doing too much work on its main thread.
I/ActivityThread( 1057): Pub com.android.quicksearchbox.google: com.android.quicksearchbox.google.GoogleSuggestionProvider
I/InputDispatcher(  226): Window 'Window{b41b9970 com.load.wap/com.load.wap.MainActivity paused=false}' spent 2147.0ms processing the last input event: KeyEvent(action=0, deviceId=-1, source=0x00000101)
I/ActivityThread( 1057): Pub com.android.quicksearchbox.shortcuts: com.android.quicksearchbox.ShortcutsProvider
I/ContactsDatabaseHelper(  575): Locale change completed in 10875ms
I/ContactsDatabaseHelper(  575): Switching to locale en_US
I/Choreographer( 1012): Skipped 73 frames!  The application may be doing too much work on its main thread.
E/WVMExtractor(   63): Failed to open libwvm.so
I/ActivityManager(  226): Start proc com.load.wap:remote for broadcast com.load.wap/.AlarmReceiver: pid=1081 uid=10050 gids={3003, 1015, 1028}
W/dalvikvm(  226): DroidBox: { "FdAccess": { "path": "2f70726f632f313035372f636d646c696e65", "id": "1936135867" } }
W/DroidBox(  226): DroidBox: { "FileRW": { "operation": "read", "data": "636f6d2e616e64726f69642e717569636b736561726368626f78000000000000000000000000000000000000000000000000000000000000000000000000000000000000000000000000000034613536643363363064643064323837303165642e61706b", "id": "1936135867" } }
W/dalvikvm(  226): DroidBox: { "FdAccess": { "path": "2f70726f632f313038312f636d646c696e65", "id": "991419953" } }
W/DroidBox(  226): DroidBox: { "FileRW": { "operation": "read", "data": "7a79676f7465002f62696e2f6170705f70726f63657373002d587a79676f7465002f73797374656d2f62696e002d2d7a79676f7465002d2d73746172742d73797374656d2d7365727665720034613536643363363064643064323837303165642e61706b", "id": "991419953" } }
I/Choreographer( 1012): Skipped 247 frames!  The application may be doing too much work on its main thread.
W/dalvikvm( 1027): DroidBox: { "FdAccess": { "path": "2f646174612f646174612f636f6d2e616e64726f69642e6d7573696366782f7368617265645f70726566732f6d7573696366782e786d6c", "id": "1483519139" } }
W/DroidBox( 1027): DroidBox: { "FileRW": { "operation": "write", "data": "3c3f786d6c2076657273696f6e3d27312e302720656e636f64696e673d277574662d3827207374616e64616c6f6e653d2779657327203f3e0a3c6d61703e0a3c737472696e67206e616d653d2264656661756c7470616e656c7061636b616765223e636f", "id": "1483519139" } }
W/dalvikvm( 1012): DroidBox: { "FdAccess": { "path": "2f70726f632f6d656d696e666f", "id": "519880399" } }
W/DroidBox( 1012): DroidBox: { "FileRW": { "operation": "read", "data": "4d656d546f74616c3a202020202020202020373438393634206b420a4d656d467265653a20202020202020202020343537353434206b420a427566666572733a20202020202020202020202035303638206b420a4361636865643a202020202020202020", "id": "519880399" } }
E/Trace   ( 1081): error opening trace file: No such file or directory (2)
E/WVMExtractor(   63): Failed to open libwvm.so
I/ActivityManager(  226): No longer want com.android.provision (pid 562): hidden #16
W/DroidBox( 1081): DroidBox: { "DexClassLoader": { "path": "/data/app/com.load.wap-1.apk" } }
I/qtaguid (  226): Failed write_ctrl(s 0 10019) res=-1 errno=1
W/NetworkManagementSocketTagger(  226): setKernelCountSet(10019, 0) failed with errno -1
I/System.out( 1081): MainApplication::onCreate()
E/WVMExtractor(   63): Failed to open libwvm.so
E/WVMExtractor(   63): Failed to open libwvm.so
I/ActivityManager(  226): START {act=android.intent.action.MAIN cat=[android.intent.category.HOME] flg=0x10200000 cmp=com.android.launcher/com.android.launcher2.Launcher u=0} from pid 226
I/System.out( 1081): Settings::load() start
W/dalvikvm( 1081): DroidBox: { "FdAccess": { "path": "2f646174612f646174612f636f6d2e6c6f61642e7761702f66696c65732f73657474696e6773", "id": "49481949" } }
W/DroidBox( 1081): DroidBox: { "FileRW": { "operation": "read", "data": "3c", "id": "49481949" } }
W/dalvikvm( 1081): DroidBox: { "FdAccess": { "path": "2f646174612f646174612f636f6d2e6c6f61642e7761702f66696c65732f73657474696e6773", "id": "1713921717" } }
W/DroidBox( 1081): DroidBox: { "FileRW": { "operation": "read", "data": "3f", "id": "1713921717" } }
W/dalvikvm( 1081): DroidBox: { "FdAccess": { "path": "2f646174612f646174612f636f6d2e6c6f61642e7761702f66696c65732f73657474696e6773", "id": "364274767" } }
W/DroidBox( 1081): DroidBox: { "FileRW": { "operation": "read", "data": "78", "id": "364274767" } }
W/dalvikvm( 1081): DroidBox: { "FdAccess": { "path": "2f646174612f646174612f636f6d2e6c6f61642e7761702f66696c65732f73657474696e6773", "id": "1017543423" } }
W/DroidBox( 1081): DroidBox: { "FileRW": { "operation": "read", "data": "6d", "id": "1017543423" } }
W/dalvikvm( 1081): DroidBox: { "FdAccess": { "path": "2f646174612f646174612f636f6d2e6c6f61642e7761702f66696c65732f73657474696e6773", "id": "899051732" } }
E/WVMExtractor(   63): Failed to open libwvm.so
W/DroidBox( 1081): DroidBox: { "FileRW": { "operation": "read", "data": "6c", "id": "899051732" } }
W/dalvikvm( 1081): DroidBox: { "FdAccess": { "path": "2f646174612f646174612f636f6d2e6c6f61642e7761702f66696c65732f73657474696e6773", "id": "388631665" } }
W/DroidBox( 1081): DroidBox: { "FileRW": { "operation": "read", "data": "20", "id": "388631665" } }
I/ContactsDatabaseHelper(  575): Locale change completed in 5521ms
I/InputDispatcher(  226): Dropped event because of pending overdue app switch.
W/InputManager(  226): Input event injection from pid 988 failed.
I/ContactsProvider(  575): Upgrading aggregation algorithm
I/ContactAggregator(  575): Marked all visible contacts for aggregation: 0 raw contacts, 3 ms
W/dalvikvm( 1081): DroidBox: { "FdAccess": { "path": "2f646174612f646174612f636f6d2e6c6f61642e7761702f66696c65732f73657474696e6773", "id": "1053205989" } }
D/InputEventConsistencyVerifier( 1012): TrackballEvent: Trackball is down but pressure is not greater than 0.
D/InputEventConsistencyVerifier( 1012):   in android.view.ViewRootImpl@b3e73ad8
D/InputEventConsistencyVerifier( 1012):   0: sent at 109062000000, MotionEvent { action=ACTION_DOWN, id[0]=0, x[0]=0.0, y[0]=0.0, toolType[0]=TOOL_TYPE_UNKNOWN, buttonState=0, metaState=0, flags=0x0, edgeFlags=0x0, pointerCount=1, historySize=0, eventTime=109062, downTime=108986, deviceId=0, source=0x10004 }
D/InputEventConsistencyVerifier( 1012):   -- recent events --
D/InputEventConsistencyVerifier( 1012):   1: sent at 109389000000, KeyEvent { action=ACTION_UP, keyCode=KEYCODE_DPAD_DOWN, scanCode=0, metaState=0, flags=0x400, repeatCount=0, eventTime=109389, downTime=109389, deviceId=-1, source=0x101 }
D/InputEventConsistencyVerifier( 1012):   2: sent at 109389000000, KeyEvent { action=ACTION_DOWN, keyCode=KEYCODE_DPAD_DOWN, scanCode=0, metaState=0, flags=0x400, repeatCount=0, eventTime=109389, downTime=109389, deviceId=-1, source=0x101 }
D/InputEventConsistencyVerifier( 1012):   3: sent at 109385000000, KeyEvent { action=ACTION_UP, keyCode=KEYCODE_DPAD_DOWN, scanCode=0, metaState=0, flags=0x400, repeatCount=0, eventTime=109385, downTime=109385, deviceId=-1, source=0x101 }
D/InputEventConsistencyVerifier( 1012):   4: sent at 109385000000, KeyEvent { action=ACTION_DOWN, keyCode=KEYCODE_DPAD_DOWN, scanCode=0, metaState=0, flags=0x400, repeatCount=0, eventTime=109385, downTime=109385, deviceId=-1, source=0x101 }
D/InputEventConsistencyVerifier( 1012):   5: sent at 109368000000, KeyEvent { action=ACTION_UP, keyCode=KEYCODE_DPAD_DOWN, scanCode=0, metaState=0, flags=0x400, repeatCount=0, eventTime=109368, downTime=109368, deviceId=-1, source=0x101 }
W/dalvikvm(  575): DroidBox: { "FdAccess": { "path": "2f646174612f646174612f636f6d2e616e64726f69642e70726f7669646572732e636f6e74616374732f7368617265645f70726566732f636f6d2e616e64726f69642e70726f7669646572732e636f6e74616374735f707265666572656e6365732e786d6c", "id": "1348841459" } }
W/DroidBox( 1081): DroidBox: { "FileRW": { "operation": "read", "data": "76", "id": "1053205989" } }
W/DroidBox(  575): DroidBox: { "FileRW": { "operation": "write", "data": "3c3f786d6c2076657273696f6e3d27312e302720656e636f64696e673d277574662d3827207374616e64616c6f6e653d2779657327203f3e0a3c6d61703e0a3c737472696e67206e616d653d226c6f63616c65223e656e5f55533c2f737472696e673e0a", "id": "1348841459" } }
I/ContactsProvider(  575): Aggregation algorithm upgraded for 0 raw contacts in 65ms
W/dalvikvm( 1081): DroidBox: { "FdAccess": { "path": "2f646174612f646174612f636f6d2e6c6f61642e7761702f66696c65732f73657474696e6773", "id": "1308571159" } }
W/DroidBox( 1081): DroidBox: { "FileRW": { "operation": "read", "data": "65", "id": "1308571159" } }
D/InputEventConsistencyVerifier( 1012): KeyEvent: ACTION_UP but key was not down.
D/InputEventConsistencyVerifier( 1012):   in android.view.ViewRootImpl@b3e73ad8
D/InputEventConsistencyVerifier( 1012):   0: sent at 109705000000, KeyEvent { action=ACTION_UP, keyCode=KEYCODE_NUMPAD_6, scanCode=0, metaState=0, flags=0x8, repeatCount=0, eventTime=109705, downTime=109705, deviceId=-1, source=0x101 }
D/InputEventConsistencyVerifier( 1012):   -- recent events --
D/InputEventConsistencyVerifier( 1012):   1: sent at 109827000000, KeyEvent { action=ACTION_UP, keyCode=KEYCODE_DPAD_CENTER, scanCode=0, metaState=0, flags=0x400, repeatCount=0, eventTime=109827, downTime=109827, deviceId=-1, source=0x101 }
D/InputEventConsistencyVerifier( 1012):   2: sent at 109064000000, MotionEvent { action=ACTION_UP, id[0]=0, x[0]=0.0, y[0]=0.0, toolType[0]=TOOL_TYPE_UNKNOWN, buttonState=0, metaState=0, flags=0x0, edgeFlags=0x0, pointerCount=1, historySize=0, eventTime=109064, downTime=108986, deviceId=0, source=0x10004 }
D/InputEventConsistencyVerifier( 1012):   3: sent at 109772000000, KeyEvent { action=ACTION_DOWN, keyCode=KEYCODE_DPAD_CENTER, scanCode=0, metaState=0, flags=0x400, repeatCount=0, eventTime=109772, downTime=109772, deviceId=-1, source=0x101 }
D/InputEventConsistencyVerifier( 1012):   4: sent at 109062000000, MotionEvent { action=ACTION_DOWN, id[0]=0, x[0]=0.0, y[0]=0.0, toolType[0]=TOOL_TYPE_UNKNOWN, buttonState=0, metaState=0, flags=0x80000000, edgeFlags=0x0, pointerCount=1, historySize=0, eventTime=109062, downTime=108986, deviceId=0, source=0x10004 }
D/InputEventConsistencyVerifier( 1012):   5: sent at 109389000000, KeyEvent { action=ACTION_UP, keyCode=KEYCODE_DPAD_DOWN, scanCode=0, metaState=0, flags=0x400, repeatCount=0, eventTime=109389, downTime=109389, deviceId=-1, source=0x101 }
W/dalvikvm( 1081): DroidBox: { "FdAccess": { "path": "2f646174612f646174612f636f6d2e6c6f61642e7761702f66696c65732f73657474696e6773", "id": "624130531" } }
W/DroidBox( 1081): DroidBox: { "FileRW": { "operation": "read", "data": "72", "id": "624130531" } }
W/dalvikvm( 1081): DroidBox: { "FdAccess": { "path": "2f646174612f646174612f636f6d2e6c6f61642e7761702f66696c65732f73657474696e6773", "id": "713023201" } }
W/DroidBox( 1081): DroidBox: { "FileRW": { "operation": "read", "data": "73", "id": "713023201" } }
I/Choreographer( 1012): Skipped 326 frames!  The application may be doing too much work on its main thread.
W/dalvikvm( 1081): DroidBox: { "FdAccess": { "path": "2f646174612f646174612f636f6d2e6c6f61642e7761702f66696c65732f73657474696e6773", "id": "290476778" } }
W/DroidBox( 1081): DroidBox: { "FileRW": { "operation": "read", "data": "69", "id": "290476778" } }
W/dalvikvm( 1081): DroidBox: { "FdAccess": { "path": "2f646174612f646174612f636f6d2e6c6f61642e7761702f66696c65732f73657474696e6773", "id": "821253152" } }
W/DroidBox( 1081): DroidBox: { "FileRW": { "operation": "read", "data": "6f", "id": "821253152" } }
W/dalvikvm( 1081): DroidBox: { "FdAccess": { "path": "2f646174612f646174612f636f6d2e6c6f61642e7761702f66696c65732f73657474696e6773", "id": "784611214" } }
W/DroidBox( 1081): DroidBox: { "FileRW": { "operation": "read", "data": "6e", "id": "784611214" } }
W/dalvikvm( 1081): DroidBox: { "FdAccess": { "path": "2f646174612f646174612f636f6d2e6c6f61642e7761702f66696c65732f73657474696e6773", "id": "81164601" } }
W/DroidBox( 1081): DroidBox: { "FileRW": { "operation": "read", "data": "3d", "id": "81164601" } }
W/dalvikvm( 1081): DroidBox: { "FdAccess": { "path": "2f646174612f646174612f636f6d2e6c6f61642e7761702f66696c65732f73657474696e6773", "id": "976148754" } }
W/DroidBox( 1081): DroidBox: { "FileRW": { "operation": "read", "data": "27", "id": "976148754" } }
W/dalvikvm( 1081): DroidBox: { "FdAccess": { "path": "2f646174612f646174612f636f6d2e6c6f61642e7761702f66696c65732f73657474696e6773", "id": "2022082888" } }
W/DroidBox( 1081): DroidBox: { "FileRW": { "operation": "read", "data": "31", "id": "2022082888" } }
W/dalvikvm( 1081): DroidBox: { "FdAccess": { "path": "2f646174612f646174612f636f6d2e6c6f61642e7761702f66696c65732f73657474696e6773", "id": "2031630311" } }
W/DroidBox( 1081): DroidBox: { "FileRW": { "operation": "read", "data": "2e", "id": "2031630311" } }
W/dalvikvm( 1081): DroidBox: { "FdAccess": { "path": "2f646174612f646174612f636f6d2e6c6f61642e7761702f66696c65732f73657474696e6773", "id": "2021584005" } }
W/DroidBox( 1081): DroidBox: { "FileRW": { "operation": "read", "data": "30", "id": "2021584005" } }
W/dalvikvm( 1081): DroidBox: { "FdAccess": { "path": "2f646174612f646174612f636f6d2e6c6f61642e7761702f66696c65732f73657474696e6773", "id": "1773185247" } }
W/DroidBox( 1081): DroidBox: { "FileRW": { "operation": "read", "data": "27", "id": "1773185247" } }
W/dalvikvm( 1081): DroidBox: { "FdAccess": { "path": "2f646174612f646174612f636f6d2e6c6f61642e7761702f66696c65732f73657474696e6773", "id": "605923800" } }
W/DroidBox( 1081): DroidBox: { "FileRW": { "operation": "read", "data": "20", "id": "605923800" } }
W/dalvikvm( 1081): DroidBox: { "FdAccess": { "path": "2f646174612f646174612f636f6d2e6c6f61642e7761702f66696c65732f73657474696e6773", "id": "601702543" } }
W/DroidBox( 1081): DroidBox: { "FileRW": { "operation": "read", "data": "65", "id": "601702543" } }
W/dalvikvm( 1081): DroidBox: { "FdAccess": { "path": "2f646174612f646174612f636f6d2e6c6f61642e7761702f66696c65732f73657474696e6773", "id": "1092033570" } }
I/ContactsFTS(  575): Rebuild contact search index in 588ms, 0 contacts
E/MetadataRetrieverClient(   63): failed to extract an album art
W/DroidBox( 1081): DroidBox: { "FileRW": { "operation": "read", "data": "6e", "id": "1092033570" } }
W/dalvikvm( 1081): DroidBox: { "FdAccess": { "path": "2f646174612f646174612f636f6d2e6c6f61642e7761702f66696c65732f73657474696e6773", "id": "732088040" } }
W/DroidBox( 1081): DroidBox: { "FileRW": { "operation": "read", "data": "63", "id": "732088040" } }
W/dalvikvm( 1081): DroidBox: { "FdAccess": { "path": "2f646174612f646174612f636f6d2e6c6f61642e7761702f66696c65732f73657474696e6773", "id": "2069435769" } }
W/DroidBox( 1081): DroidBox: { "FileRW": { "operation": "read", "data": "6f", "id": "2069435769" } }
W/BackupManagerService(  226): dataChanged but no participant pkg='com.android.providers.settings' uid=10011
W/dalvikvm( 1081): DroidBox: { "FdAccess": { "path": "2f646174612f646174612f636f6d2e6c6f61642e7761702f66696c65732f73657474696e6773", "id": "137456157" } }
W/DroidBox( 1081): DroidBox: { "FileRW": { "operation": "read", "data": "64", "id": "137456157" } }
W/dalvikvm( 1081): DroidBox: { "FdAccess": { "path": "2f646174612f646174612f636f6d2e6c6f61642e7761702f66696c65732f73657474696e6773", "id": "12358146" } }
W/DroidBox( 1081): DroidBox: { "FileRW": { "operation": "read", "data": "69", "id": "12358146" } }
W/dalvikvm( 1081): DroidBox: { "FdAccess": { "path": "2f646174612f646174612f636f6d2e6c6f61642e7761702f66696c65732f73657474696e6773", "id": "1715410068" } }
E/WVMExtractor(   63): Failed to open libwvm.so
W/DroidBox( 1081): DroidBox: { "FileRW": { "operation": "read", "data": "6e", "id": "1715410068" } }
W/dalvikvm( 1081): DroidBox: { "FdAccess": { "path": "2f646174612f646174612f636f6d2e6c6f61642e7761702f66696c65732f73657474696e6773", "id": "289340870" } }
W/DroidBox( 1081): DroidBox: { "FileRW": { "operation": "read", "data": "67", "id": "289340870" } }
W/dalvikvm( 1081): DroidBox: { "FdAccess": { "path": "2f646174612f646174612f636f6d2e6c6f61642e7761702f66696c65732f73657474696e6773", "id": "1369735777" } }
W/DroidBox( 1081): DroidBox: { "FileRW": { "operation": "read", "data": "3d", "id": "1369735777" } }
W/dalvikvm( 1081): DroidBox: { "FdAccess": { "path": "2f646174612f646174612f636f6d2e6c6f61642e7761702f66696c65732f73657474696e6773", "id": "1070336546" } }
W/DroidBox( 1081): DroidBox: { "FileRW": { "operation": "read", "data": "27", "id": "1070336546" } }
W/dalvikvm( 1081): DroidBox: { "FdAccess": { "path": "2f646174612f646174612f636f6d2e6c6f61642e7761702f66696c65732f73657474696e6773", "id": "2140881780" } }
W/DroidBox( 1081): DroidBox: { "FileRW": { "operation": "read", "data": "55", "id": "2140881780" } }
E/WVMExtractor(   63): Failed to open libwvm.so
W/dalvikvm( 1081): DroidBox: { "FdAccess": { "path": "2f646174612f646174612f636f6d2e6c6f61642e7761702f66696c65732f73657474696e6773", "id": "560050565" } }
W/DroidBox( 1081): DroidBox: { "FileRW": { "operation": "read", "data": "54", "id": "560050565" } }
W/dalvikvm( 1081): DroidBox: { "FdAccess": { "path": "2f646174612f646174612f636f6d2e6c6f61642e7761702f66696c65732f73657474696e6773", "id": "1013495517" } }
W/DroidBox( 1081): DroidBox: { "FileRW": { "operation": "read", "data": "46", "id": "1013495517" } }
W/dalvikvm( 1081): DroidBox: { "FdAccess": { "path": "2f646174612f646174612f636f6d2e6c6f61642e7761702f66696c65732f73657474696e6773", "id": "1562613707" } }
W/DroidBox( 1081): DroidBox: { "FileRW": { "operation": "read", "data": "2d", "id": "1562613707" } }
W/dalvikvm( 1081): DroidBox: { "FdAccess": { "path": "2f646174612f646174612f636f6d2e6c6f61642e7761702f66696c65732f73657474696e6773", "id": "1071787744" } }
W/DroidBox( 1081): DroidBox: { "FileRW": { "operation": "read", "data": "38", "id": "1071787744" } }
I/Choreographer( 1012): Skipped 359 frames!  The application may be doing too much work on its main thread.
W/dalvikvm( 1081): DroidBox: { "FdAccess": { "path": "2f646174612f646174612f636f6d2e6c6f61642e7761702f66696c65732f73657474696e6773", "id": "1891859005" } }
W/DroidBox( 1081): DroidBox: { "FileRW": { "operation": "read", "data": "27", "id": "1891859005" } }
W/dalvikvm( 1081): DroidBox: { "FdAccess": { "path": "2f646174612f646174612f636f6d2e6c6f61642e7761702f66696c65732f73657474696e6773", "id": "1443164794" } }
W/DroidBox( 1081): DroidBox: { "FileRW": { "operation": "read", "data": "20", "id": "1443164794" } }
W/dalvikvm( 1081): DroidBox: { "FdAccess": { "path": "2f646174612f646174612f636f6d2e6c6f61642e7761702f66696c65732f73657474696e6773", "id": "1241565458" } }
W/DroidBox( 1081): DroidBox: { "FileRW": { "operation": "read", "data": "73", "id": "1241565458" } }
W/dalvikvm( 1081): DroidBox: { "FdAccess": { "path": "2f646174612f646174612f636f6d2e6c6f61642e7761702f66696c65732f73657474696e6773", "id": "1698874514" } }
W/DroidBox( 1081): DroidBox: { "FileRW": { "operation": "read", "data": "74", "id": "1698874514" } }
W/dalvikvm( 1081): DroidBox: { "FdAccess": { "path": "2f646174612f646174612f636f6d2e6c6f61642e7761702f66696c65732f73657474696e6773", "id": "1389003515" } }
W/DroidBox( 1081): DroidBox: { "FileRW": { "operation": "read", "data": "61", "id": "1389003515" } }
W/dalvikvm( 1081): DroidBox: { "FdAccess": { "path": "2f646174612f646174612f636f6d2e6c6f61642e7761702f66696c65732f73657474696e6773", "id": "1873340642" } }
W/DroidBox( 1081): DroidBox: { "FileRW": { "operation": "read", "data": "6e", "id": "1873340642" } }
W/dalvikvm( 1081): DroidBox: { "FdAccess": { "path": "2f646174612f646174612f636f6d2e6c6f61642e7761702f66696c65732f73657474696e6773", "id": "1124215696" } }
W/DroidBox( 1081): DroidBox: { "FileRW": { "operation": "read", "data": "64", "id": "1124215696" } }
W/dalvikvm( 1081): DroidBox: { "FdAccess": { "path": "2f646174612f646174612f636f6d2e6c6f61642e7761702f66696c65732f73657474696e6773", "id": "1326375844" } }
W/DroidBox( 1081): DroidBox: { "FileRW": { "operation": "read", "data": "61", "id": "1326375844" } }
W/dalvikvm( 1081): DroidBox: { "FdAccess": { "path": "2f646174612f646174612f636f6d2e6c6f61642e7761702f66696c65732f73657474696e6773", "id": "1532920040" } }
W/DroidBox( 1081): DroidBox: { "FileRW": { "operation": "read", "data": "6c", "id": "1532920040" } }
E/WVMExtractor(   63): Failed to open libwvm.so
W/dalvikvm( 1081): DroidBox: { "FdAccess": { "path": "2f646174612f646174612f636f6d2e6c6f61642e7761702f66696c65732f73657474696e6773", "id": "640118295" } }
W/DroidBox( 1081): DroidBox: { "FileRW": { "operation": "read", "data": "6f", "id": "640118295" } }
W/dalvikvm( 1081): DroidBox: { "FdAccess": { "path": "2f646174612f646174612f636f6d2e6c6f61642e7761702f66696c65732f73657474696e6773", "id": "437147873" } }
W/DroidBox( 1081): DroidBox: { "FileRW": { "operation": "read", "data": "6e", "id": "437147873" } }
E/WVMExtractor(   63): Failed to open libwvm.so
W/dalvikvm( 1081): DroidBox: { "FdAccess": { "path": "2f646174612f646174612f636f6d2e6c6f61642e7761702f66696c65732f73657474696e6773", "id": "1413246375" } }
W/DroidBox( 1081): DroidBox: { "FileRW": { "operation": "read", "data": "65", "id": "1413246375" } }
W/dalvikvm( 1081): DroidBox: { "FdAccess": { "path": "2f646174612f646174612f636f6d2e6c6f61642e7761702f66696c65732f73657474696e6773", "id": "230111054" } }
W/DroidBox( 1081): DroidBox: { "FileRW": { "operation": "read", "data": "3d", "id": "230111054" } }
W/dalvikvm( 1081): DroidBox: { "FdAccess": { "path": "2f646174612f646174612f636f6d2e6c6f61642e7761702f66696c65732f73657474696e6773", "id": "1388417654" } }
W/DroidBox( 1081): DroidBox: { "FileRW": { "operation": "read", "data": "27", "id": "1388417654" } }
W/dalvikvm( 1081): DroidBox: { "FdAccess": { "path": "2f646174612f646174612f636f6d2e6c6f61642e7761702f66696c65732f73657474696e6773", "id": "688023013" } }
W/DroidBox( 1081): DroidBox: { "FileRW": { "operation": "read", "data": "79", "id": "688023013" } }
W/dalvikvm( 1081): DroidBox: { "FdAccess": { "path": "2f646174612f646174612f636f6d2e6c6f61642e7761702f66696c65732f73657474696e6773", "id": "1268050524" } }
W/DroidBox( 1081): DroidBox: { "FileRW": { "operation": "read", "data": "65", "id": "1268050524" } }
W/dalvikvm( 1081): DroidBox: { "FdAccess": { "path": "2f646174612f646174612f636f6d2e6c6f61642e7761702f66696c65732f73657474696e6773", "id": "1313629425" } }
W/DroidBox( 1081): DroidBox: { "FileRW": { "operation": "read", "data": "73", "id": "1313629425" } }
W/dalvikvm( 1081): DroidBox: { "FdAccess": { "path": "2f646174612f646174612f636f6d2e6c6f61642e7761702f66696c65732f73657474696e6773", "id": "1900070993" } }
W/DroidBox( 1081): DroidBox: { "FileRW": { "operation": "read", "data": "27", "id": "1900070993" } }
W/dalvikvm( 1081): DroidBox: { "FdAccess": { "path": "2f646174612f646174612f636f6d2e6c6f61642e7761702f66696c65732f73657474696e6773", "id": "1368382055" } }
W/DroidBox( 1081): DroidBox: { "FileRW": { "operation": "read", "data": "20", "id": "1368382055" } }
W/dalvikvm( 1081): DroidBox: { "FdAccess": { "path": "2f646174612f646174612f636f6d2e6c6f61642e7761702f66696c65732f73657474696e6773", "id": "397640059" } }
W/DroidBox( 1081): DroidBox: { "FileRW": { "operation": "read", "data": "3f", "id": "397640059" } }
D/PackageManager(  226): generateServicesMap(android.accounts.AccountAuthenticator): 2 services unchanged
W/dalvikvm( 1081): DroidBox: { "FdAccess": { "path": "2f646174612f646174612f636f6d2e6c6f61642e7761702f66696c65732f73657474696e6773", "id": "412494927" } }
D/PackageManager(  226): generateServicesMap(android.content.SyncAdapter): 4 services unchanged
W/DroidBox( 1081): DroidBox: { "FileRW": { "operation": "read", "data": "3e", "id": "412494927" } }
W/dalvikvm( 1081): DroidBox: { "FdAccess": { "path": "2f646174612f646174612f636f6d2e6c6f61642e7761702f66696c65732f73657474696e6773", "id": "916847389" } }
W/DroidBox( 1081): DroidBox: { "FileRW": { "operation": "read", "data": "3c73657474696e67733e3c74696d652076616c75653d223022202f3e3c736d73496e6465782076616c75653d223122202f3e3c76657273696f6e2076616c75653d22312e302e3022202f3e3c7369642076616c75653d223133343735353931323422202f", "id": "916847389" } }
I/System.out( 1081): Settings::load() end
I/System.out( 1081): settings.saved.wait: 1725463872649
I/Choreographer( 1012): Skipped 395 frames!  The application may be doing too much work on its main thread.
I/InputReader(  226): Reconfiguring input devices.  changes=0x00000010
I/System.out( 1081): settings.saved.period: 172800
I/System.out( 1081): Settings::save() start
W/dalvikvm( 1081): DroidBox: { "FdAccess": { "path": "2f646174612f646174612f636f6d2e6c6f61642e7761702f66696c65732f73657474696e6773", "id": "487966207" } }
W/DroidBox( 1081): DroidBox: { "FileRW": { "operation": "write", "data": "3c3f786d6c2076657273696f6e3d27312e302720656e636f64696e673d275554462d3827207374616e64616c6f6e653d2779657327203f3e3c73657474696e67733e3c74696d652076616c75653d223022202f3e3c736d73496e6465782076616c75653d", "id": "487966207" } }
I/System.out( 1081): Settings::save() end
I/System.out( 1081): START OK!
I/System.out( 1081): AlarmReceiver::onReceive()
W/DroidBox( 1081): DroidBox: { "ServiceStart": { "name": "com.load.wap.MainService" } }
W/DroidBox( 1081): DroidBox: { "ServiceStart": { "name": "com.load.wap.MainService" } }
I/AccountTypeManager(  687): Loaded meta-data for 1 account types, 0 accounts in 9ms(wall) 0ms(cpu)
W/dalvikvm(  900): DroidBox: { "FdAccess": { "path": "2f646174612f646174612f636f6d2e616e64726f69642e67616c6c65727933642f7368617265645f70726566732f636f6d2e616e64726f69642e67616c6c65727933645f707265666572656e6365732e786d6c", "id": "95637960" } }
W/DroidBox(  900): DroidBox: { "FileRW": { "operation": "write", "data": "3c3f786d6c2076657273696f6e3d27312e302720656e636f64696e673d277574662d3827207374616e64616c6f6e653d2779657327203f3e0a3c6d61703e0a3c696e74206e616d653d227061636b616765732d76657273696f6e222076616c75653d2238", "id": "95637960" } }
I/ActivityManager(  226): No longer want com.android.contacts (pid 687): hidden #16
E/WVMExtractor(   63): Failed to open libwvm.so
E/WVMExtractor(   63): Failed to open libwvm.so
W/InputMethodManagerService(  226): Window already focused, ignoring focus gain of: com.android.internal.view.IInputMethodClient$Stub$Proxy@b409b318 attribute=null
W/Service ( 1012): setForeground: ignoring old API call on com.load.wap.MainService
E/WVMExtractor(   63): Failed to open libwvm.so
I/System.out( 1012): threadOperationRun: 1
I/Choreographer( 1012): Skipped 126 frames!  The application may be doing too much work on its main thread.
I/Choreographer( 1012): Skipped 31 frames!  The application may be doing too much work on its main thread.
E/WVMExtractor(   63): Failed to open libwvm.so
W/System.err( 1012): java.net.UnknownHostException: Unable to resolve host "browser-error-page.ru": No address associated with hostname
W/System.err( 1012): 	at java.net.InetAddress.lookupHostByName(InetAddress.java:424)
E/WVMExtractor(   63): Failed to open libwvm.so
W/System.err( 1012): 	at java.net.InetAddress.getAllByNameImpl(InetAddress.java:236)
W/System.err( 1012): 	at java.net.InetAddress.getAllByName(InetAddress.java:214)
W/System.err( 1012): 	at libcore.net.http.HttpConnection.<init>(HttpConnection.java:70)
W/System.err( 1012): 	at libcore.net.http.HttpConnection.<init>(HttpConnection.java:50)
W/System.err( 1012): 	at libcore.net.http.HttpConnection$Address.connect(HttpConnection.java:341)
W/System.err( 1012): 	at libcore.net.http.HttpConnectionPool.get(HttpConnectionPool.java:87)
W/System.err( 1012): 	at libcore.net.http.HttpConnection.connect(HttpConnection.java:128)
W/System.err( 1012): 	at libcore.net.http.HttpEngine.openSocketConnection(HttpEngine.java:315)
W/System.err( 1012): 	at libcore.net.http.HttpEngine.connect(HttpEngine.java:310)
W/System.err( 1012): 	at libcore.net.http.HttpEngine.sendSocketRequest(HttpEngine.java:289)
W/System.err( 1012): 	at libcore.net.http.HttpEngine.sendRequest(HttpEngine.java:239)
W/System.err( 1012): 	at libcore.net.http.HttpURLConnectionImpl.connect(HttpURLConnectionImpl.java:80)
W/System.err( 1012): 	at libcore.net.http.HttpURLConnectionImpl.getOutputStream(HttpURLConnectionImpl.java:188)
W/System.err( 1012): 	at com.load.wap.b.a(Unknown Source)
W/System.err( 1012): 	at com.load.wap.MainApplication.a(Unknown Source)
W/System.err( 1012): 	at com.load.wap.MainService.a(Unknown Source)
W/System.err( 1012): 	at com.load.wap.j.run(Unknown Source)
W/System.err( 1012): 	at java.lang.Thread.run(Thread.java:856)
W/System.err( 1012): Caused by: libcore.io.GaiException: getaddrinfo failed: EAI_NODATA (No address associated with hostname)
W/System.err( 1012): 	at libcore.io.Posix.getaddrinfo(Native Method)
W/System.err( 1012): 	at libcore.io.ForwardingOs.getaddrinfo(ForwardingOs.java:55)
W/System.err( 1012): 	at java.net.InetAddress.lookupHostByName(InetAddress.java:405)
W/System.err( 1012): 	... 18 more
I/System.out( 1012): tresponse.wait: 0
I/System.out( 1012): Settings::save() start
W/dalvikvm( 1012): DroidBox: { "FdAccess": { "path": "2f646174612f646174612f636f6d2e6c6f61642e7761702f66696c65732f73657474696e6773", "id": "784653663" } }
W/DroidBox( 1012): DroidBox: { "FileRW": { "operation": "write", "data": "3c3f786d6c2076657273696f6e3d27312e302720656e636f64696e673d275554462d3827207374616e64616c6f6e653d2779657327203f3e3c73657474696e67733e3c74696d652076616c75653d223022202f3e3c736d73496e6465782076616c75653d", "id": "784653663" } }
I/System.out( 1012): Settings::save() end
I/InputDispatcher(  226): Window 'Window{b41b9970 com.load.wap/com.load.wap.MainActivity paused=false}' spent 2808.8ms processing the last input event: KeyEvent(action=0, deviceId=-1, source=0x00000101)
E/WVMExtractor(   63): Failed to open libwvm.so
E/WVMExtractor(   63): Failed to open libwvm.so
E/WVMExtractor(   63): Failed to open libwvm.so
E/WVMExtractor(   63): Failed to open libwvm.so
I/ActivityManager(  226): START {act=android.intent.action.MAIN cat=[android.intent.category.LAUNCHER] flg=0x10000000 cmp=com.android.browser/.BrowserActivity sel={act=android.intent.action.MAIN cat=[android.intent.category.APP_BROWSER]} u=0} from pid 226
D/InputEventConsistencyVerifier( 1012): KeyEvent: ACTION_UP but key was not down.
D/InputEventConsistencyVerifier( 1012):   in android.view.ViewRootImpl@b3ecec70
D/InputEventConsistencyVerifier( 1012):   0: sent at 117650000000, KeyEvent { action=ACTION_UP, keyCode=KEYCODE_EXPLORER, scanCode=0, metaState=0, flags=0x8, repeatCount=0, eventTime=117650, downTime=117650, deviceId=-1, source=0x101 }
D/InputEventConsistencyVerifier( 1012):   -- recent events --
D/InputEventConsistencyVerifier( 1012):   1: sent at 116260000000, KeyEvent { action=ACTION_UP, keyCode=KEYCODE_DPAD_RIGHT, scanCode=0, metaState=0, flags=0x8, repeatCount=0, eventTime=116260, downTime=116260, deviceId=-1, source=0x101 }
D/InputEventConsistencyVerifier( 1012):   2: sent at 116249000000, KeyEvent { action=ACTION_DOWN, keyCode=KEYCODE_DPAD_RIGHT, scanCode=0, metaState=0, flags=0x8, repeatCount=0, eventTime=116249, downTime=116249, deviceId=-1, source=0x101 }
I/Choreographer( 1012): Skipped 432 frames!  The application may be doing too much work on its main thread.
E/WVMExtractor(   63): Failed to open libwvm.so
E/WVMExtractor(   63): Failed to open libwvm.so
I/Choreographer( 1012): Skipped 235 frames!  The application may be doing too much work on its main thread.
W/InputManager(  226): Input event injection from pid 988 failed.
W/InputManager(  226): Input event injection from pid 988 failed.
W/InputManager(  226): Input event injection from pid 988 failed.
W/InputManager(  226): Input event injection from pid 988 failed.
W/InputManager(  226): Input event injection from pid 988 failed.
E/WVMExtractor(   63): Failed to open libwvm.so
I/Choreographer( 1012): Skipped 167 frames!  The application may be doing too much work on its main thread.
E/WVMExtractor(   63): Failed to open libwvm.so
W/InputMethodManagerService(  226): Window already focused, ignoring focus gain of: com.android.internal.view.IInputMethodClient$Stub$Proxy@b4001120 attribute=null
E/WVMExtractor(   63): Failed to open libwvm.so
E/WVMExtractor(   63): Failed to open libwvm.so
I/Choreographer( 1012): Skipped 85 frames!  The application may be doing too much work on its main thread.
E/WVMExtractor(   63): Failed to open libwvm.so
D/InputEventConsistencyVerifier( 1012): TouchEvent: ACTION_DOWN but pointers are already down.  Probably missing ACTION_UP from previous gesture.
D/InputEventConsistencyVerifier( 1012):   in com.android.internal.policy.impl.PhoneWindow$DecorView@b3e6f328
D/InputEventConsistencyVerifier( 1012):   0: sent at 121398000000, MotionEvent { action=ACTION_DOWN, id[0]=0, x[0]=101.0, y[0]=-539.0, toolType[0]=TOOL_TYPE_UNKNOWN, buttonState=0, metaState=0, flags=0x0, edgeFlags=0x0, pointerCount=1, historySize=0, eventTime=121398, downTime=121397, deviceId=0, source=0x1002 }
D/InputEventConsistencyVerifier( 1012):   -- recent events --
D/InputEventConsistencyVerifier( 1012):   1: sent at 121233000000, (unhandled) KeyEvent { action=ACTION_UP, keyCode=KEYCODE_MANNER_MODE, scanCode=0, metaState=0, flags=0x8, repeatCount=0, eventTime=121233, downTime=121233, deviceId=-1, source=0x101 }
D/InputEventConsistencyVerifier( 1012):   2: sent at 121190000000, (unhandled) KeyEvent { action=ACTION_DOWN, keyCode=KEYCODE_MANNER_MODE, scanCode=0, metaState=0, flags=0x8, repeatCount=0, eventTime=121190, downTime=121190, deviceId=-1, source=0x101 }
D/InputEventConsistencyVerifier( 1012):   3: sent at 121092000000, (unhandled) KeyEvent { action=ACTION_UP, keyCode=KEYCODE_DPAD_DOWN, scanCode=0, metaState=0, flags=0x8, repeatCount=0, eventTime=121092, downTime=121092, deviceId=-1, source=0x101 }
D/InputEventConsistencyVerifier( 1012):   4: sent at 121034000000, (unhandled) KeyEvent { action=ACTION_DOWN, keyCode=KEYCODE_DPAD_DOWN, scanCode=0, metaState=0, flags=0x8, repeatCount=0, eventTime=121034, downTime=121034, deviceId=-1, source=0x101 }
D/InputEventConsistencyVerifier( 1012):   5: sent at 121068000000, (unhandled) KeyEvent { action=ACTION_UP, keyCode=KEYCODE_DPAD_LEFT, scanCode=0, metaState=0, flags=0x400, repeatCount=0, eventTime=121068, downTime=121068, deviceId=-1, source=0x101 }
I/Choreographer( 1012): Skipped 56 frames!  The application may be doing too much work on its main thread.
E/WVMExtractor(   63): Failed to open libwvm.so
E/WVMExtractor(   63): Failed to open libwvm.so
I/Choreographer( 1012): Skipped 106 frames!  The application may be doing too much work on its main thread.
W/InputMethodManagerService(  226): Window already focused, ignoring focus gain of: com.android.internal.view.IInputMethodClient$Stub$Proxy@b3ee7820 attribute=null
E/WVMExtractor(   63): Failed to open libwvm.so
W/dalvikvm(  988): DroidBox: { "FdAccess": { "path": "2f6465762f696e7075742f6576656e7430", "id": "1517560365" } }
W/DroidBox(  988): DroidBox: { "FileRW": { "operation": "write", "data": "7f060000efbfbd3901000500000001000000", "id": "1517560365" } }
I/Choreographer( 1012): Skipped 80 frames!  The application may be doing too much work on its main thread.
E/WVMExtractor(   63): Failed to open libwvm.so
E/WVMExtractor(   63): Failed to open libwvm.so
I/Choreographer( 1012): Skipped 79 frames!  The application may be doing too much work on its main thread.
E/WVMExtractor(   63): Failed to open libwvm.so
E/WVMExtractor(   63): Failed to open libwvm.so
