D/InputEventConsistencyVerifier(  426):   0: sent at 247226000000, KeyEvent { action=ACTION_UP, keyCode=KEYCODE_DPAD_DOWN, scanCode=0, metaState=0, flags=0x400, repeatCount=0, eventTime=247226, downTime=247226, deviceId=-1, source=0x101 }
D/InputEventConsistencyVerifier(  426):   -- recent events --
D/InputEventConsistencyVerifier(  426):   1: sent at 247163000000, MotionEvent { action=ACTION_UP, id[0]=0, x[0]=157.0, y[0]=493.0, toolType[0]=TOOL_TYPE_UNKNOWN, buttonState=0, metaState=0, flags=0x0, edgeFlags=0x0, pointerCount=1, historySize=0, eventTime=247163, downTime=247091, deviceId=0, source=0x1002 }
D/InputEventConsistencyVerifier(  426):   2: sent at 247151000000, MotionEvent { action=ACTION_MOVE, id[0]=0, x[0]=165.0, y[0]=486.0, toolType[0]=TOOL_TYPE_UNKNOWN, buttonState=0, metaState=0, flags=0x0, edgeFlags=0x0, pointerCount=1, historySize=5, eventTime=247151, downTime=247091, deviceId=0, source=0x1002 }
D/InputEventConsistencyVerifier(  426):   3: sent at 247095000000, MotionEvent { action=ACTION_DOWN, id[0]=0, x[0]=219.0, y[0]=450.0, toolType[0]=TOOL_TYPE_UNKNOWN, buttonState=0, metaState=0, flags=0x0, edgeFlags=0x0, pointerCount=1, historySize=0, eventTime=247095, downTime=247091, deviceId=0, source=0x1002 }
D/InputEventConsistencyVerifier(  426):   4: sent at 246900000000, MotionEvent { action=ACTION_UP, id[0]=0, x[0]=471.0, y[0]=706.0, toolType[0]=TOOL_TYPE_UNKNOWN, buttonState=0, metaState=0, flags=0x0, edgeFlags=0x0, pointerCount=1, historySize=0, eventTime=246900, downTime=246888, deviceId=0, source=0x1002 }
D/InputEventConsistencyVerifier(  426):   5: sent at 246888000000, MotionEvent { action=ACTION_DOWN, id[0]=0, x[0]=459.0, y[0]=714.0, toolType[0]=TOOL_TYPE_UNKNOWN, buttonState=0, metaState=0, flags=0x0, edgeFlags=0x0, pointerCount=1, historySize=0, eventTime=246888, downTime=246888, deviceId=0, source=0x1002 }
D/InputEventConsistencyVerifier(  426): TrackballEvent: Trackball is down but pressure is not greater than 0.
D/InputEventConsistencyVerifier(  426):   in android.view.ViewRootImpl@b3e94a10
D/InputEventConsistencyVerifier(  426):   0: sent at 247326000000, MotionEvent { action=ACTION_DOWN, id[0]=0, x[0]=0.0, y[0]=0.0, toolType[0]=TOOL_TYPE_UNKNOWN, buttonState=0, metaState=0, flags=0x0, edgeFlags=0x0, pointerCount=1, historySize=0, eventTime=247326, downTime=247172, deviceId=0, source=0x10004 }
D/InputEventConsistencyVerifier(  426):   -- recent events --
D/InputEventConsistencyVerifier(  426):   1: sent at 247404000000, KeyEvent { action=ACTION_UP, keyCode=KEYCODE_DPAD_LEFT, scanCode=0, metaState=0, flags=0x400, repeatCount=0, eventTime=247404, downTime=247404, deviceId=-1, source=0x101 }
D/InputEventConsistencyVerifier(  426):   2: sent at 247404000000, KeyEvent { action=ACTION_DOWN, keyCode=KEYCODE_DPAD_LEFT, scanCode=0, metaState=0, flags=0x400, repeatCount=0, eventTime=247404, downTime=247404, deviceId=-1, source=0x101 }
D/InputEventConsistencyVerifier(  426):   3: sent at 247404000000, KeyEvent { action=ACTION_UP, keyCode=KEYCODE_DPAD_LEFT, scanCode=0, metaState=0, flags=0x400, repeatCount=0, eventTime=247404, downTime=247404, deviceId=-1, source=0x101 }
D/InputEventConsistencyVerifier(  426):   4: sent at 247404000000, KeyEvent { action=ACTION_DOWN, keyCode=KEYCODE_DPAD_LEFT, scanCode=0, metaState=0, flags=0x400, repeatCount=0, eventTime=247404, downTime=247404, deviceId=-1, source=0x101 }
D/InputEventConsistencyVerifier(  426):   5: sent at 247324000000, MotionEvent { action=ACTION_MOVE, id[0]=0, x[0]=-2.0, y[0]=0.0, toolType[0]=TOOL_TYPE_UNKNOWN, buttonState=0, metaState=0, flags=0x0, edgeFlags=0x0, pointerCount=1, historySize=2, eventTime=247324, downTime=-1, deviceId=0, source=0x10004 }
D/InputEventConsistencyVerifier(  426): TouchEvent: ACTION_DOWN but pointers are already down.  Probably missing ACTION_UP from previous gesture.
D/InputEventConsistencyVerifier(  426):   in android.view.ScaleGestureDetector@b3ea3928
D/InputEventConsistencyVerifier(  426):   0: sent at 247431000000, MotionEvent { action=ACTION_DOWN, id[0]=0, x[0]=206.0, y[0]=659.0, toolType[0]=TOOL_TYPE_UNKNOWN, buttonState=0, metaState=0, flags=0x0, edgeFlags=0x0, pointerCount=1, historySize=0, eventTime=247431, downTime=247431, deviceId=0, source=0x1002 }
D/InputEventConsistencyVerifier(  426):   -- recent events --
D/InputEventConsistencyVerifier(  426):   1: sent at 247151000000, MotionEvent { action=ACTION_MOVE, id[0]=0, x[0]=165.0, y[0]=486.0, toolType[0]=TOOL_TYPE_UNKNOWN, buttonState=0, metaState=0, flags=0x0, edgeFlags=0x0, pointerCount=1, historySize=5, eventTime=247151, downTime=247091, deviceId=0, source=0x1002 }
D/InputEventConsistencyVerifier(  426):   2: sent at 247095000000, MotionEvent { action=ACTION_DOWN, id[0]=0, x[0]=219.0, y[0]=450.0, toolType[0]=TOOL_TYPE_UNKNOWN, buttonState=0, metaState=0, flags=0x0, edgeFlags=0x0, pointerCount=1, historySize=0, eventTime=247095, downTime=247091, deviceId=0, source=0x1002 }
D/InputEventConsistencyVerifier(  426):   3: sent at 246900000000, MotionEvent { action=ACTION_UP, id[0]=0, x[0]=471.0, y[0]=706.0, toolType[0]=TOOL_TYPE_UNKNOWN, buttonState=0, metaState=0, flags=0x0, edgeFlags=0x0, pointerCount=1, historySize=0, eventTime=246900, downTime=246888, deviceId=0, source=0x1002 }
D/InputEventConsistencyVerifier(  426):   4: sent at 246888000000, MotionEvent { action=ACTION_DOWN, id[0]=0, x[0]=459.0, y[0]=714.0, toolType[0]=TOOL_TYPE_UNKNOWN, buttonState=0, metaState=0, flags=0x0, edgeFlags=0x0, pointerCount=1, historySize=0, eventTime=246888, downTime=246888, deviceId=0, source=0x1002 }
D/InputEventConsistencyVerifier(  426):   5: sent at 246662000000, MotionEvent { action=ACTION_UP, id[0]=0, x[0]=328.0, y[0]=185.0, toolType[0]=TOOL_TYPE_UNKNOWN, buttonState=0, metaState=0, flags=0x0, edgeFlags=0x0, pointerCount=1, historySize=0, eventTime=246662, downTime=246655, deviceId=0, source=0x1002 }
D/InputEventConsistencyVerifier(  426): KeyEvent: ACTION_UP but key was not down.
D/InputEventConsistencyVerifier(  426):   in com.android.systemui.statusbar.phone.StatusBarWindowView@b3e03290
D/InputEventConsistencyVerifier(  426):   0: sent at 247596000000, KeyEvent { action=ACTION_UP, keyCode=KEYCODE_DPAD_RIGHT, scanCode=0, metaState=0, flags=0x8, repeatCount=0, eventTime=247596, downTime=247596, deviceId=-1, source=0x101 }
D/InputEventConsistencyVerifier(  426):   -- recent events --
D/InputEventConsistencyVerifier(  426):   1: sent at 247518000000, MotionEvent { action=ACTION_UP, id[0]=0, x[0]=387.0, y[0]=705.0, toolType[0]=TOOL_TYPE_UNKNOWN, buttonState=0, metaState=0, flags=0x0, edgeFlags=0x0, pointerCount=1, historySize=0, eventTime=247518, downTime=247498, deviceId=0, source=0x1002 }
D/InputEventConsistencyVerifier(  426):   2: sent at 247498000000, MotionEvent { action=ACTION_DOWN, id[0]=0, x[0]=401.0, y[0]=691.0, toolType[0]=TOOL_TYPE_UNKNOWN, buttonState=0, metaState=0, flags=0x0, edgeFlags=0x0, pointerCount=1, historySize=0, eventTime=247498, downTime=247498, deviceId=0, source=0x1002 }
D/InputEventConsistencyVerifier(  426):   3: sent at 247457000000, MotionEvent { action=ACTION_UP, id[0]=0, x[0]=216.0, y[0]=651.0, toolType[0]=TOOL_TYPE_UNKNOWN, buttonState=0, metaState=0, flags=0x0, edgeFlags=0x0, pointerCount=1, historySize=0, eventTime=247457, downTime=247431, deviceId=0, source=0x1002 }
D/InputEventConsistencyVerifier(  426):   4: sent at 247431000000, MotionEvent { action=ACTION_DOWN, id[0]=0, x[0]=206.0, y[0]=659.0, toolType[0]=TOOL_TYPE_UNKNOWN, buttonState=0, metaState=0, flags=0x0, edgeFlags=0x0, pointerCount=1, historySize=0, eventTime=247431, downTime=247431, deviceId=0, source=0x1002 }
D/InputEventConsistencyVerifier(  426):   5: sent at 247418000000, (unhandled) KeyEvent { action=ACTION_UP, keyCode=KEYCODE_DPAD_RIGHT, scanCode=0, metaState=0, flags=0x8, repeatCount=0, eventTime=247418, downTime=247418, deviceId=-1, source=0x101 }
D/InputEventConsistencyVerifier(  426): KeyEvent: ACTION_UP but key was not down.
D/InputEventConsistencyVerifier(  426):   in com.android.systemui.statusbar.phone.StatusBarWindowView@b3e03290
D/InputEventConsistencyVerifier(  426):   0: sent at 247821000000, KeyEvent { action=ACTION_UP, keyCode=KEYCODE_DPAD_UP, scanCode=0, metaState=0, flags=0x8, repeatCount=0, eventTime=247821, downTime=247821, deviceId=-1, source=0x101 }
D/InputEventConsistencyVerifier(  426):   -- recent events --
D/InputEventConsistencyVerifier(  426):   1: sent at 247628000000, MotionEvent { action=ACTION_UP, id[0]=0, x[0]=0.0, y[0]=618.0, toolType[0]=TOOL_TYPE_UNKNOWN, buttonState=0, metaState=0, flags=0x0, edgeFlags=0x0, pointerCount=1, historySize=0, eventTime=247628, downTime=247623, deviceId=0, source=0x1002 }
D/InputEventConsistencyVerifier(  426):   2: sent at 247623000000, MotionEvent { action=ACTION_DOWN, id[0]=0, x[0]=1.0, y[0]=616.0, toolType[0]=TOOL_TYPE_UNKNOWN, buttonState=0, metaState=0, flags=0x0, edgeFlags=0x0, pointerCount=1, historySize=0, eventTime=247623, downTime=247623, deviceId=0, source=0x1002 }
D/InputEventConsistencyVerifier(  426):   3: sent at 247596000000, (unhandled) KeyEvent { action=ACTION_UP, keyCode=KEYCODE_DPAD_RIGHT, scanCode=0, metaState=0, flags=0x80000008, repeatCount=0, eventTime=247596, downTime=247596, deviceId=-1, source=0x101 }
D/InputEventConsistencyVerifier(  426):   4: sent at 247518000000, MotionEvent { action=ACTION_UP, id[0]=0, x[0]=387.0, y[0]=705.0, toolType[0]=TOOL_TYPE_UNKNOWN, buttonState=0, metaState=0, flags=0x0, edgeFlags=0x0, pointerCount=1, historySize=0, eventTime=247518, downTime=247498, deviceId=0, source=0x1002 }
D/InputEventConsistencyVerifier(  426):   5: sent at 247498000000, MotionEvent { action=ACTION_DOWN, id[0]=0, x[0]=401.0, y[0]=691.0, toolType[0]=TOOL_TYPE_UNKNOWN, buttonState=0, metaState=0, flags=0x0, edgeFlags=0x0, pointerCount=1, historySize=0, eventTime=247498, downTime=247498, deviceId=0, source=0x1002 }
D/InputEventConsistencyVerifier(  426): TouchEvent: ACTION_DOWN but pointers are already down.  Probably missing ACTION_UP from previous gesture.
D/InputEventConsistencyVerifier(  426):   in android.view.ScaleGestureDetector@b3ea3928
D/InputEventConsistencyVerifier(  426):   0: sent at 247940000000, MotionEvent { action=ACTION_DOWN, id[0]=0, x[0]=197.0, y[0]=223.0, toolType[0]=TOOL_TYPE_UNKNOWN, buttonState=0, metaState=0, flags=0x0, edgeFlags=0x0, pointerCount=1, historySize=0, eventTime=247940, downTime=247938, deviceId=0, source=0x1002 }
D/InputEventConsistencyVerifier(  426):   -- recent events --
D/InputEventConsistencyVerifier(  426):   1: sent at 247876000000, MotionEvent { action=ACTION_MOVE, id[0]=0, x[0]=184.0, y[0]=228.0, toolType[0]=TOOL_TYPE_UNKNOWN, buttonState=0, metaState=0, flags=0x0, edgeFlags=0x0, pointerCount=1, historySize=6, eventTime=247876, downTime=247828, deviceId=0, source=0x1002 }
D/InputEventConsistencyVerifier(  426):   2: sent at 247845000000, MotionEvent { action=ACTION_DOWN, id[0]=0, x[0]=224.0, y[0]=154.0, toolType[0]=TOOL_TYPE_UNKNOWN, buttonState=0, metaState=0, flags=0x0, edgeFlags=0x0, pointerCount=1, historySize=0, eventTime=247845, downTime=247828, deviceId=0, source=0x1002 }
D/InputEventConsistencyVerifier(  426):   3: sent at 247628000000, MotionEvent { action=ACTION_UP, id[0]=0, x[0]=0.0, y[0]=618.0, toolType[0]=TOOL_TYPE_UNKNOWN, buttonState=0, metaState=0, flags=0x0, edgeFlags=0x0, pointerCount=1, historySize=0, eventTime=247628, downTime=247623, deviceId=0, source=0x1002 }
D/InputEventConsistencyVerifier(  426):   4: sent at 247623000000, MotionEvent { action=ACTION_DOWN, id[0]=0, x[0]=1.0, y[0]=616.0, toolType[0]=TOOL_TYPE_UNKNOWN, buttonState=0, metaState=0, flags=0x0, edgeFlags=0x0, pointerCount=1, historySize=0, eventTime=247623, downTime=247623, deviceId=0, source=0x1002 }
D/InputEventConsistencyVerifier(  426):   5: sent at 247518000000, MotionEvent { action=ACTION_UP, id[0]=0, x[0]=387.0, y[0]=705.0, toolType[0]=TOOL_TYPE_UNKNOWN, buttonState=0, metaState=0, flags=0x0, edgeFlags=0x0, pointerCount=1, historySize=0, eventTime=247518, downTime=247498, deviceId=0, source=0x1002 }
D/InputEventConsistencyVerifier(  426): KeyEvent: ACTION_UP but key was not down.
D/InputEventConsistencyVerifier(  426):   in com.android.systemui.statusbar.phone.StatusBarWindowView@b3e03290
D/InputEventConsistencyVerifier(  426):   0: sent at 248101000000, KeyEvent { action=ACTION_UP, keyCode=KEYCODE_DPAD_DOWN, scanCode=0, metaState=0, flags=0x400, repeatCount=0, eventTime=248101, downTime=248101, deviceId=-1, source=0x101 }
D/InputEventConsistencyVerifier(  426):   -- recent events --
D/InputEventConsistencyVerifier(  426):   1: sent at 248048000000, (unhandled) MotionEvent { action=ACTION_MOVE, id[0]=0, x[0]=-1.0, y[0]=2.0, toolType[0]=TOOL_TYPE_UNKNOWN, buttonState=0, metaState=0, flags=0x0, edgeFlags=0x0, pointerCount=1, historySize=9, eventTime=248048, downTime=-1, deviceId=0, source=0x10004 }
D/InputEventConsistencyVerifier(  426):   2: sent at 247986000000, MotionEvent { action=ACTION_UP, id[0]=0, x[0]=169.0, y[0]=236.0, toolType[0]=TOOL_TYPE_UNKNOWN, buttonState=0, metaState=0, flags=0x0, edgeFlags=0x0, pointerCount=1, historySize=0, eventTime=247986, downTime=247938, deviceId=0, source=0x1002 }
D/InputEventConsistencyVerifier(  426):   3: sent at 247984000000, MotionEvent { action=ACTION_MOVE, id[0]=0, x[0]=177.0, y[0]=234.0, toolType[0]=TOOL_TYPE_UNKNOWN, buttonState=0, metaState=0, flags=0x0, edgeFlags=0x0, pointerCount=1, historySize=2, eventTime=247984, downTime=247938, deviceId=0, source=0x1002 }
D/InputEventConsistencyVerifier(  426):   4: sent at 247940000000, MotionEvent { action=ACTION_DOWN, id[0]=0, x[0]=197.0, y[0]=223.0, toolType[0]=TOOL_TYPE_UNKNOWN, buttonState=0, metaState=0, flags=0x0, edgeFlags=0x0, pointerCount=1, historySize=0, eventTime=247940, downTime=247938, deviceId=0, source=0x1002 }
D/InputEventConsistencyVerifier(  426):   5: sent at 247879000000, MotionEvent { action=ACTION_UP, id[0]=0, x[0]=176.0, y[0]=233.0, toolType[0]=TOOL_TYPE_UNKNOWN, buttonState=0, metaState=0, flags=0x0, edgeFlags=0x0, pointerCount=1, historySize=0, eventTime=247879, downTime=247828, deviceId=0, source=0x1002 }
D/InputEventConsistencyVerifier(  426): KeyEvent: ACTION_UP but key was not down.
D/InputEventConsistencyVerifier(  426):   in android.widget.FrameLayout@b3e02018
D/InputEventConsistencyVerifier(  426):   0: sent at 248101000000, KeyEvent { action=ACTION_UP, keyCode=KEYCODE_DPAD_DOWN, scanCode=0, metaState=0, flags=0x400, repeatCount=0, eventTime=248101, downTime=248101, deviceId=-1, source=0x101 }
D/InputEventConsistencyVerifier(  426):   -- recent events --
D/InputEventConsistencyVerifier(  426):   1: sent at 247986000000, MotionEvent { action=ACTION_UP, id[0]=0, x[0]=169.0, y[0]=236.0, toolType[0]=TOOL_TYPE_UNKNOWN, buttonState=0, metaState=0, flags=0x0, edgeFlags=0x0, pointerCount=1, historySize=0, eventTime=247986, downTime=247938, deviceId=0, source=0x1002 }
D/InputEventConsistencyVerifier(  426):   2: sent at 247984000000, MotionEvent { action=ACTION_MOVE, id[0]=0, x[0]=177.0, y[0]=234.0, toolType[0]=TOOL_TYPE_UNKNOWN, buttonState=0, metaState=0, flags=0x0, edgeFlags=0x0, pointerCount=1, historySize=2, eventTime=247984, downTime=247938, deviceId=0, source=0x1002 }
D/InputEventConsistencyVerifier(  426):   3: sent at 247940000000, MotionEvent { action=ACTION_DOWN, id[0]=0, x[0]=197.0, y[0]=223.0, toolType[0]=TOOL_TYPE_UNKNOWN, buttonState=0, metaState=0, flags=0x80000000, edgeFlags=0x0, pointerCount=1, historySize=0, eventTime=247940, downTime=247938, deviceId=0, source=0x1002 }
D/InputEventConsistencyVerifier(  426):   4: sent at 247879000000, MotionEvent { action=ACTION_UP, id[0]=0, x[0]=176.0, y[0]=233.0, toolType[0]=TOOL_TYPE_UNKNOWN, buttonState=0, metaState=0, flags=0x0, edgeFlags=0x0, pointerCount=1, historySize=0, eventTime=247879, downTime=247828, deviceId=0, source=0x1002 }
D/InputEventConsistencyVerifier(  426):   5: sent at 247876000000, MotionEvent { action=ACTION_MOVE, id[0]=0, x[0]=184.0, y[0]=228.0, toolType[0]=TOOL_TYPE_UNKNOWN, buttonState=0, metaState=0, flags=0x0, edgeFlags=0x0, pointerCount=1, historySize=6, eventTime=247876, downTime=247828, deviceId=0, source=0x1002 }
D/InputEventConsistencyVerifier(  426): KeyEvent: ACTION_UP but key was not down.
D/InputEventConsistencyVerifier(  426):   in com.android.systemui.statusbar.phone.PhoneStatusBarView@b3e05228
D/InputEventConsistencyVerifier(  426):   0: sent at 248236000000, KeyEvent { action=ACTION_UP, keyCode=KEYCODE_DPAD_UP, scanCode=0, metaState=0, flags=0x8, repeatCount=0, eventTime=248236, downTime=248236, deviceId=-1, source=0x101 }
D/InputEventConsistencyVerifier(  426):   -- recent events --
D/InputEventConsistencyVerifier(  426):   1: sent at 248101000000, (unhandled) KeyEvent { action=ACTION_DOWN, keyCode=KEYCODE_DPAD_DOWN, scanCode=0, metaState=0, flags=0x400, repeatCount=0, eventTime=248101, downTime=248101, deviceId=-1, source=0x101 }
D/InputEventConsistencyVerifier(  426):   2: sent at 248101000000, (unhandled) KeyEvent { action=ACTION_UP, keyCode=KEYCODE_DPAD_DOWN, scanCode=0, metaState=0, flags=0x80000400, repeatCount=0, eventTime=248101, downTime=248101, deviceId=-1, source=0x101 }
D/InputEventConsistencyVerifier(  426):   3: sent at 247821000000, (unhandled) KeyEvent { action=ACTION_UP, keyCode=KEYCODE_DPAD_UP, scanCode=0, metaState=0, flags=0x80000008, repeatCount=0, eventTime=247821, downTime=247821, deviceId=-1, source=0x101 }
D/InputEventConsistencyVerifier(  426):   4: sent at 247596000000, (unhandled) KeyEvent { action=ACTION_UP, keyCode=KEYCODE_DPAD_RIGHT, scanCode=0, metaState=0, flags=0x80000008, repeatCount=0, eventTime=247596, downTime=247596, deviceId=-1, source=0x101 }
D/InputEventConsistencyVerifier(  426):   5: sent at 247226000000, (unhandled) KeyEvent { action=ACTION_DOWN, keyCode=KEYCODE_DPAD_DOWN, scanCode=0, metaState=0, flags=0x400, repeatCount=0, eventTime=247226, downTime=247226, deviceId=-1, source=0x101 }
D/InputEventConsistencyVerifier(  426): KeyEvent: ACTION_UP but key was not down.
D/InputEventConsistencyVerifier(  426):   in com.android.systemui.statusbar.phone.StatusBarWindowView@b3e03290
D/InputEventConsistencyVerifier(  426):   0: sent at 248279000000, KeyEvent { action=ACTION_UP, keyCode=KEYCODE_DPAD_LEFT, scanCode=0, metaState=0, flags=0x8, repeatCount=0, eventTime=248279, downTime=248279, deviceId=-1, source=0x101 }
D/InputEventConsistencyVerifier(  426):   -- recent events --
D/InputEventConsistencyVerifier(  426):   1: sent at 248261000000, MotionEvent { action=ACTION_UP, id[0]=0, x[0]=205.0, y[0]=340.0, toolType[0]=TOOL_TYPE_UNKNOWN, buttonState=0, metaState=0, flags=0x0, edgeFlags=0x0, pointerCount=1, historySize=0, eventTime=248261, downTime=248255, deviceId=0, source=0x1002 }
D/InputEventConsistencyVerifier(  426):   2: sent at 248255000000, MotionEvent { action=ACTION_DOWN, id[0]=0, x[0]=197.0, y[0]=324.0, toolType[0]=TOOL_TYPE_UNKNOWN, buttonState=0, metaState=0, flags=0x0, edgeFlags=0x0, pointerCount=1, historySize=0, eventTime=248255, downTime=248255, deviceId=0, source=0x1002 }
D/InputEventConsistencyVerifier(  426):   3: sent at 248236000000, (unhandled) KeyEvent { action=ACTION_UP, keyCode=KEYCODE_DPAD_UP, scanCode=0, metaState=0, flags=0x8, repeatCount=0, eventTime=248236, downTime=248236, deviceId=-1, source=0x101 }
D/InputEventConsistencyVerifier(  426):   4: sent at 248183000000, (unhandled) KeyEvent { action=ACTION_DOWN, keyCode=KEYCODE_DPAD_UP, scanCode=0, metaState=0, flags=0x8, repeatCount=0, eventTime=248183, downTime=248183, deviceId=-1, source=0x101 }
D/InputEventConsistencyVerifier(  426):   5: sent at 248232000000, (unhandled) KeyEvent { action=ACTION_UP, keyCode=KEYCODE_DPAD_RIGHT, scanCode=0, metaState=0, flags=0x400, repeatCount=0, eventTime=248232, downTime=248232, deviceId=-1, source=0x101 }
D/InputEventConsistencyVerifier(  426): KeyEvent: ACTION_UP but key was not down.
D/InputEventConsistencyVerifier(  426):   in com.android.systemui.statusbar.phone.StatusBarWindowView@b3e03290
D/InputEventConsistencyVerifier(  426):   0: sent at 248400000000, KeyEvent { action=ACTION_UP, keyCode=KEYCODE_DPAD_UP, scanCode=0, metaState=0, flags=0x8, repeatCount=0, eventTime=248400, downTime=248400, deviceId=-1, source=0x101 }
D/InputEventConsistencyVerifier(  426):   -- recent events --
D/InputEventConsistencyVerifier(  426):   1: sent at 248352000000, MotionEvent { action=ACTION_UP, id[0]=0, x[0]=144.0, y[0]=181.0, toolType[0]=TOOL_TYPE_UNKNOWN, buttonState=0, metaState=0, flags=0x0, edgeFlags=0x0, pointerCount=1, historySize=0, eventTime=248352, downTime=248312, deviceId=0, source=0x1002 }
D/InputEventConsistencyVerifier(  426):   2: sent at 248339000000, MotionEvent { action=ACTION_POINTER_UP(1), id[0]=0, x[0]=138.0, y[0]=194.0, toolType[0]=TOOL_TYPE_UNKNOWN, id[1]=1, x[1]=192.0, y[1]=713.0, toolType[1]=TOOL_TYPE_UNKNOWN, buttonState=0, metaState=0, flags=0x0, edgeFlags=0x0, pointerCount=2, historySize=0, eventTime=248339, downTime=248312, deviceId=0, source=0x1002 }
D/InputEventConsistencyVerifier(  426):   3: sent at 248336000000, MotionEvent { action=ACTION_MOVE, id[0]=0, x[0]=125.0, y[0]=196.0, toolType[0]=TOOL_TYPE_UNKNOWN, id[1]=1, x[1]=210.0, y[1]=709.0, toolType[1]=TOOL_TYPE_UNKNOWN, buttonState=0, metaState=0, flags=0x0, edgeFlags=0x0, pointerCount=2, historySize=1, eventTime=248336, downTime=248312, deviceId=0, source=0x1002 }
D/InputEventConsistencyVerifier(  426):   4: sent at 248320000000, MotionEvent { action=ACTION_POINTER_DOWN(1), id[0]=0, x[0]=109.0, y[0]=218.0, toolType[0]=TOOL_TYPE_UNKNOWN, id[1]=1, x[1]=216.0, y[1]=695.0, toolType[1]=TOOL_TYPE_UNKNOWN, buttonState=0, metaState=0, flags=0x0, edgeFlags=0x0, pointerCount=2, historySize=0, eventTime=248320, downTime=248312, deviceId=0, source=0x1002 }
D/InputEventConsistencyVerifier(  426):   5: sent at 248315000000, MotionEvent { action=ACTION_DOWN, id[0]=0, x[0]=95.0, y[0]=226.0, toolType[0]=TOOL_TYPE_UNKNOWN, buttonState=0, metaState=0, flags=0x0, edgeFlags=0x0, pointerCount=1, historySize=0, eventTime=248315, downTime=248312, deviceId=0, source=0x1002 }
I/Choreographer(  426): Skipped 46 frames!  The application may be doing too much work on its main thread.
D/InputEventConsistencyVerifier(  426): TouchEvent: ACTION_DOWN but pointers are already down.  Probably missing ACTION_UP from previous gesture.
D/InputEventConsistencyVerifier(  426):   in android.view.ScaleGestureDetector@b3ea3928
D/InputEventConsistencyVerifier(  426):   0: sent at 248436000000, MotionEvent { action=ACTION_DOWN, id[0]=0, x[0]=350.0, y[0]=170.0, toolType[0]=TOOL_TYPE_UNKNOWN, buttonState=0, metaState=0, flags=0x0, edgeFlags=0x0, pointerCount=1, historySize=0, eventTime=248436, downTime=248435, deviceId=0, source=0x1002 }
D/InputEventConsistencyVerifier(  426):   -- recent events --
D/InputEventConsistencyVerifier(  426):   1: sent at 248336000000, MotionEvent { action=ACTION_MOVE, id[0]=0, x[0]=125.0, y[0]=196.0, toolType[0]=TOOL_TYPE_UNKNOWN, id[1]=1, x[1]=210.0, y[1]=709.0, toolType[1]=TOOL_TYPE_UNKNOWN, buttonState=0, metaState=0, flags=0x0, edgeFlags=0x0, pointerCount=2, historySize=1, eventTime=248336, downTime=248312, deviceId=0, source=0x1002 }
D/InputEventConsistencyVerifier(  426):   2: sent at 248320000000, MotionEvent { action=ACTION_POINTER_DOWN(1), id[0]=0, x[0]=109.0, y[0]=218.0, toolType[0]=TOOL_TYPE_UNKNOWN, id[1]=1, x[1]=216.0, y[1]=695.0, toolType[1]=TOOL_TYPE_UNKNOWN, buttonState=0, metaState=0, flags=0x0, edgeFlags=0x0, pointerCount=2, historySize=0, eventTime=248320, downTime=248312, deviceId=0, source=0x1002 }
D/InputEventConsistencyVerifier(  426):   3: sent at 248315000000, MotionEvent { action=ACTION_DOWN, id[0]=0, x[0]=95.0, y[0]=226.0, toolType[0]=TOOL_TYPE_UNKNOWN, buttonState=0, metaState=0, flags=0x0, edgeFlags=0x0, pointerCount=1, historySize=0, eventTime=248315, downTime=248312, deviceId=0, source=0x1002 }
D/InputEventConsistencyVerifier(  426):   4: sent at 248261000000, MotionEvent { action=ACTION_UP, id[0]=0, x[0]=205.0, y[0]=340.0, toolType[0]=TOOL_TYPE_UNKNOWN, buttonState=0, metaState=0, flags=0x0, edgeFlags=0x0, pointerCount=1, historySize=0, eventTime=248261, downTime=248255, deviceId=0, source=0x1002 }
D/InputEventConsistencyVerifier(  426):   5: sent at 248255000000, MotionEvent { action=ACTION_DOWN, id[0]=0, x[0]=197.0, y[0]=324.0, toolType[0]=TOOL_TYPE_UNKNOWN, buttonState=0, metaState=0, flags=0x0, edgeFlags=0x0, pointerCount=1, historySize=0, eventTime=248255, downTime=248255, deviceId=0, source=0x1002 }
I/ActivityManager(  227): START {act=android.intent.action.MAIN cat=[android.intent.category.HOME] flg=0x10200000 cmp=com.android.launcher/com.android.launcher2.Launcher u=0} from pid 227
W/dalvikvm(  426): DroidBox: { "FdAccess": { "path": "2f70726f632f6d656d696e666f", "id": "702802648" } }
W/DroidBox(  426): DroidBox: { "FileRW": { "operation": "read", "data": "4d656d546f74616c3a202020202020202020373438393634206b420a4d656d467265653a20202020202020202020343437323434206b420a427566666572733a20202020202020202020202035373932206b420a4361636865643a202020202020202020", "id": "702802648" } }
D/InputEventConsistencyVerifier(  426): KeyEvent: ACTION_UP but key was not down.
D/InputEventConsistencyVerifier(  426):   in com.android.systemui.statusbar.phone.StatusBarWindowView@b3e03290
D/InputEventConsistencyVerifier(  426):   0: sent at 248653000000, KeyEvent { action=ACTION_UP, keyCode=KEYCODE_DPAD_DOWN, scanCode=0, metaState=0, flags=0x8, repeatCount=0, eventTime=248653, downTime=248653, deviceId=-1, source=0x101 }
D/InputEventConsistencyVerifier(  426):   -- recent events --
D/InputEventConsistencyVerifier(  426):   1: sent at 248608000000, (unhandled) KeyEvent { action=ACTION_UP, keyCode=KEYCODE_MENU, scanCode=0, metaState=0, flags=0x8, repeatCount=0, eventTime=248608, downTime=248608, deviceId=-1, source=0x101 }
D/InputEventConsistencyVerifier(  426):   2: sent at 248605000000, (unhandled) KeyEvent { action=ACTION_DOWN, keyCode=KEYCODE_MENU, scanCode=0, metaState=0, flags=0x8, repeatCount=0, eventTime=248605, downTime=248605, deviceId=-1, source=0x101 }
D/InputEventConsistencyVerifier(  426):   3: sent at 248548000000, (unhandled) KeyEvent { action=ACTION_UP, keyCode=KEYCODE_BUTTON_START, scanCode=0, metaState=0, flags=0x8, repeatCount=0, eventTime=248548, downTime=248548, deviceId=-1, source=0x101 }
D/InputEventConsistencyVerifier(  426):   4: sent at 248507000000, (unhandled) KeyEvent { action=ACTION_DOWN, keyCode=KEYCODE_BUTTON_START, scanCode=0, metaState=0, flags=0x8, repeatCount=0, eventTime=248507, downTime=248507, deviceId=-1, source=0x101 }
D/InputEventConsistencyVerifier(  426):   5: sent at 248501000000, MotionEvent { action=ACTION_UP, id[0]=0, x[0]=363.0, y[0]=5.0, toolType[0]=TOOL_TYPE_UNKNOWN, buttonState=0, metaState=0, flags=0x0, edgeFlags=0x0, pointerCount=1, historySize=0, eventTime=248501, downTime=248495, deviceId=0, source=0x1002 }
W/dalvikvm(  426): DroidBox: { "FdAccess": { "path": "2f70726f632f6d656d696e666f", "id": "85334352" } }
W/DroidBox(  426): DroidBox: { "FileRW": { "operation": "read", "data": "4d656d546f74616c3a202020202020202020373438393634206b420a4d656d467265653a20202020202020202020343437323434206b420a427566666572733a20202020202020202020202035373932206b420a4361636865643a202020202020202020", "id": "85334352" } }
W/dalvikvm(  426): DroidBox: { "FdAccess": { "path": "2f70726f632f6d656d696e666f", "id": "823166061" } }
W/DroidBox(  426): DroidBox: { "FileRW": { "operation": "read", "data": "4d656d546f74616c3a202020202020202020373438393634206b420a4d656d467265653a20202020202020202020343437323434206b420a427566666572733a20202020202020202020202035373932206b420a4361636865643a202020202020202020", "id": "823166061" } }
W/dalvikvm(  426): DroidBox: { "FdAccess": { "path": "2f70726f632f6d656d696e666f", "id": "84791398" } }
W/DroidBox(  426): DroidBox: { "FileRW": { "operation": "read", "data": "4d656d546f74616c3a202020202020202020373438393634206b420a4d656d467265653a20202020202020202020343437323434206b420a427566666572733a20202020202020202020202035373932206b420a4361636865643a202020202020202020", "id": "84791398" } }
D/InputEventConsistencyVerifier( 1010): KeyEvent: ACTION_UP but key was not down.
D/InputEventConsistencyVerifier( 1010):   in android.view.ViewRootImpl@b3db49b0
D/InputEventConsistencyVerifier( 1010):   0: sent at 248901000000, KeyEvent { action=ACTION_UP, keyCode=KEYCODE_BUTTON_14, scanCode=0, metaState=0, flags=0x8, repeatCount=0, eventTime=248901, downTime=248901, deviceId=-1, source=0x101 }
D/InputEventConsistencyVerifier( 1010):   -- recent events --
D/InputEventConsistencyVerifier( 1010):   1: sent at 243981000000, KeyEvent { action=ACTION_UP, keyCode=KEYCODE_DPAD_UP, scanCode=0, metaState=0, flags=0x400, repeatCount=0, eventTime=243981, downTime=243981, deviceId=-1, source=0x101 }
D/InputEventConsistencyVerifier( 1010):   2: sent at 243981000000, KeyEvent { action=ACTION_DOWN, keyCode=KEYCODE_DPAD_UP, scanCode=0, metaState=0, flags=0x400, repeatCount=0, eventTime=243981, downTime=243981, deviceId=-1, source=0x101 }
D/InputEventConsistencyVerifier( 1010):   3: sent at 243980000000, KeyEvent { action=ACTION_UP, keyCode=KEYCODE_DPAD_UP, scanCode=0, metaState=0, flags=0x400, repeatCount=0, eventTime=243980, downTime=243980, deviceId=-1, source=0x101 }
D/InputEventConsistencyVerifier( 1010):   4: sent at 243980000000, KeyEvent { action=ACTION_DOWN, keyCode=KEYCODE_DPAD_UP, scanCode=0, metaState=0, flags=0x400, repeatCount=0, eventTime=243980, downTime=243980, deviceId=-1, source=0x101 }
D/InputEventConsistencyVerifier( 1010):   5: sent at 243979000000, KeyEvent { action=ACTION_UP, keyCode=KEYCODE_DPAD_UP, scanCode=0, metaState=0, flags=0x400, repeatCount=0, eventTime=243979, downTime=243979, deviceId=-1, source=0x101 }
W/InputMethodManagerService(  227): Window already focused, ignoring focus gain of: com.android.internal.view.IInputMethodClient$Stub$Proxy@b41ce0c0 attribute=null
I/Choreographer(  426): Skipped 47 frames!  The application may be doing too much work on its main thread.
V/PhoneStatusBar(  426): setLightsOn(true)
D/PhoneStatusBar(  426): disable: < expand icons alerts ticker* system_info back home recent clock >
I/PintuActivity( 1010): x1:y1 = 216:451
I/PintuActivity( 1010): x1:y1 = 216:451
I/PintuActivity( 1010): x2:y2 = 253:395
I/PintuActivity( 1010): Math.abs(x1 - x2) = 37
I/PintuActivity( 1010): Math.abs(y1 - y2) = 56
I/PintuActivity( 1010): up or down
I/PintuActivity( 1010): up
I/PintuActivity( 1010): x:y:x1:y1=0:1:1:1
I/Choreographer( 1010): Skipped 94 frames!  The application may be doing too much work on its main thread.
I/PintuActivity( 1010): x1:y1 = 397:458
I/PintuActivity( 1010): x1:y1 = 397:458
I/PintuActivity( 1010): x2:y2 = 338:563
I/PintuActivity( 1010): Math.abs(x1 - x2) = 59
I/PintuActivity( 1010): Math.abs(y1 - y2) = 105
I/PintuActivity( 1010): up or down
I/PintuActivity( 1010): down
I/PintuActivity( 1010): x:y:x1:y1=2:2:1:2
I/Choreographer( 1010): Skipped 123 frames!  The application may be doing too much work on its main thread.
I/Choreographer( 1010): Skipped 56 frames!  The application may be doing too much work on its main thread.
W/InputManager(  227): Input event injection from pid 991 failed.
I/Choreographer( 1010): Skipped 46 frames!  The application may be doing too much work on its main thread.
W/InputMethodManagerService(  227): Window already focused, ignoring focus gain of: com.android.internal.view.IInputMethodClient$Stub$Proxy@b408d8d0 attribute=null
W/InputManager(  227): Input event injection from pid 991 failed.
W/InputManager(  227): Input event injection from pid 991 failed.
W/InputManager(  227): Input event injection from pid 991 failed.
W/InputManager(  227): Input event injection from pid 991 failed.
W/InputManager(  227): Input event injection from pid 991 failed.
I/PintuActivity( 1010): x1:y1 = 222:638
I/PintuActivity( 1010): x1:y1 = 222:638
I/PintuActivity( 1010): x2:y2 = 230:645
I/PintuActivity( 1010): Math.abs(x1 - x2) = 8
I/ActivityManager(  227): START {act=android.intent.action.MAIN cat=[android.intent.category.LAUNCHER] flg=0x10000000 cmp=com.android.contacts/.activities.PeopleActivity sel={act=android.intent.action.MAIN cat=[android.intent.category.APP_CONTACTS]} u=0} from pid 227
I/PintuActivity( 1010): Math.abs(y1 - y2) = 7
I/PintuActivity( 1010): left or right
I/PintuActivity( 1010): right
I/PintuActivity( 1010): x:y:x1:y1=2:2:2:1
D/InputEventConsistencyVerifier( 1010): KeyEvent: ACTION_UP but key was not down.
D/InputEventConsistencyVerifier( 1010):   in android.view.ViewRootImpl@b3db49b0
D/InputEventConsistencyVerifier( 1010):   0: sent at 251748000000, KeyEvent { action=ACTION_UP, keyCode=KEYCODE_CONTACTS, scanCode=0, metaState=0, flags=0x8, repeatCount=0, eventTime=251748, downTime=251748, deviceId=-1, source=0x101 }
D/InputEventConsistencyVerifier( 1010):   -- recent events --
D/InputEventConsistencyVerifier( 1010):   1: sent at 251690000000, MotionEvent { action=ACTION_UP, id[0]=0, x[0]=167.0, y[0]=501.0, toolType[0]=TOOL_TYPE_UNKNOWN, buttonState=0, metaState=0, flags=0x0, edgeFlags=0x0, pointerCount=1, historySize=0, eventTime=251690, downTime=251652, deviceId=0, source=0x1002 }
D/InputEventConsistencyVerifier( 1010):   2: sent at 251688000000, MotionEvent { action=ACTION_POINTER_UP(1), id[0]=0, x[0]=164.0, y[0]=498.0, toolType[0]=TOOL_TYPE_UNKNOWN, id[1]=1, x[1]=41.0, y[1]=237.0, toolType[1]=TOOL_TYPE_UNKNOWN, buttonState=0, metaState=0, flags=0x0, edgeFlags=0x0, pointerCount=2, historySize=0, eventTime=251688, downTime=251652, deviceId=0, source=0x1002 }
D/InputEventConsistencyVerifier( 1010):   3: sent at 251685000000, MotionEvent { action=ACTION_MOVE, id[0]=0, x[0]=164.0, y[0]=496.0, toolType[0]=TOOL_TYPE_UNKNOWN, id[1]=1, x[1]=40.0, y[1]=237.0, toolType[1]=TOOL_TYPE_UNKNOWN, buttonState=0, metaState=0, flags=0x0, edgeFlags=0x0, pointerCount=2, historySize=4, eventTime=251685, downTime=251652, deviceId=0, source=0x1002 }
D/InputEventConsistencyVerifier( 1010):   4: sent at 251661000000, MotionEvent { action=ACTION_POINTER_DOWN(1), id[0]=0, x[0]=151.0, y[0]=480.0, toolType[0]=TOOL_TYPE_UNKNOWN, id[1]=1, x[1]=35.0, y[1]=235.0, toolType[1]=TOOL_TYPE_UNKNOWN, buttonState=0, metaState=0, flags=0x0, edgeFlags=0x0, pointerCount=2, historySize=0, eventTime=251661, downTime=251652, deviceId=0, source=0x1002 }
D/InputEventConsistencyVerifier( 1010):   5: sent at 251656000000, MotionEvent { action=ACTION_DOWN, id[0]=0, x[0]=149.0, y[0]=478.0, toolType[0]=TOOL_TYPE_UNKNOWN, buttonState=0, metaState=0, flags=0x0, edgeFlags=0x0, pointerCount=1, historySize=0, eventTime=251656, downTime=251652, deviceId=0, source=0x1002 }
I/Choreographer( 1010): Skipped 109 frames!  The application may be doing too much work on its main thread.
I/PintuActivity( 1010): x1:y1 = 14:487
I/PintuActivity( 1010): x1:y1 = 14:487
I/PintuActivity( 1010): x2:y2 = 41:474
I/PintuActivity( 1010): Math.abs(x1 - x2) = 27
I/PintuActivity( 1010): Math.abs(y1 - y2) = 13
I/PintuActivity( 1010): left or right
I/PintuActivity( 1010): right
I/PintuActivity( 1010): x:y:x1:y1=2:1:2:0
I/Choreographer( 1010): Skipped 153 frames!  The application may be doing too much work on its main thread.
I/PintuActivity( 1010): x1:y1 = 235:634
I/PintuActivity( 1010): x1:y1 = 235:634
I/PintuActivity( 1010): x2:y2 = 244:616
I/PintuActivity( 1010): Math.abs(x1 - x2) = 9
I/PintuActivity( 1010): Math.abs(y1 - y2) = 18
I/PintuActivity( 1010): up or down
I/PintuActivity( 1010): up
I/PintuActivity( 1010): x:y:x1:y1=1:1:2:1
I/Choreographer( 1010): Skipped 90 frames!  The application may be doing too much work on its main thread.
I/PintuActivity( 1010): x1:y1 = 155:143
I/PintuActivity( 1010): x1:y1 = 155:143
I/PintuActivity( 1010): x2:y2 = 165:142
I/PintuActivity( 1010): Math.abs(x1 - x2) = 10
I/PintuActivity( 1010): Math.abs(y1 - y2) = 1
I/PintuActivity( 1010): left or right
I/PintuActivity( 1010): right
I/PintuActivity( 1010): x:y:x1:y1=0:1:0:0
I/Choreographer( 1010): Skipped 86 frames!  The application may be doing too much work on its main thread.
D/InputEventConsistencyVerifier( 1010): TrackballEvent: Trackball is down but pressure is not greater than 0.
D/InputEventConsistencyVerifier( 1010):   in android.view.ViewRootImpl@b3db49b0
D/InputEventConsistencyVerifier( 1010):   0: sent at 253678000000, MotionEvent { action=ACTION_DOWN, id[0]=0, x[0]=0.0, y[0]=0.0, toolType[0]=TOOL_TYPE_UNKNOWN, buttonState=0, metaState=0, flags=0x0, edgeFlags=0x0, pointerCount=1, historySize=0, eventTime=253678, downTime=253598, deviceId=0, source=0x10004 }
D/InputEventConsistencyVerifier( 1010):   -- recent events --
D/InputEventConsistencyVerifier( 1010):   1: sent at 253888000000, KeyEvent { action=ACTION_UP, keyCode=KEYCODE_DPAD_DOWN, scanCode=0, metaState=0, flags=0x400, repeatCount=0, eventTime=253888, downTime=253888, deviceId=-1, source=0x101 }
D/InputEventConsistencyVerifier( 1010):   2: sent at 253888000000, KeyEvent { action=ACTION_DOWN, keyCode=KEYCODE_DPAD_DOWN, scanCode=0, metaState=0, flags=0x400, repeatCount=0, eventTime=253888, downTime=253888, deviceId=-1, source=0x101 }
D/InputEventConsistencyVerifier( 1010):   3: sent at 253888000000, KeyEvent { action=ACTION_UP, keyCode=KEYCODE_DPAD_DOWN, scanCode=0, metaState=0, flags=0x400, repeatCount=0, eventTime=253888, downTime=253888, deviceId=-1, source=0x101 }
D/InputEventConsistencyVerifier( 1010):   4: sent at 253888000000, KeyEvent { action=ACTION_DOWN, keyCode=KEYCODE_DPAD_DOWN, scanCode=0, metaState=0, flags=0x400, repeatCount=0, eventTime=253888, downTime=253888, deviceId=-1, source=0x101 }
D/InputEventConsistencyVerifier( 1010):   5: sent at 253886000000, KeyEvent { action=ACTION_UP, keyCode=KEYCODE_DPAD_DOWN, scanCode=0, metaState=0, flags=0x400, repeatCount=0, eventTime=253886, downTime=253886, deviceId=-1, source=0x101 }
D/InputEventConsistencyVerifier( 1010): TouchEvent: ACTION_DOWN but pointers are already down.  Probably missing ACTION_UP from previous gesture.
D/InputEventConsistencyVerifier( 1010):   in com.android.internal.policy.impl.PhoneWindow$DecorView@b41cee48
D/InputEventConsistencyVerifier( 1010):   0: sent at 254394000000, MotionEvent { action=ACTION_DOWN, id[0]=0, x[0]=60.0, y[0]=-207.0, toolType[0]=TOOL_TYPE_UNKNOWN, buttonState=0, metaState=0, flags=0x0, edgeFlags=0x0, pointerCount=1, historySize=0, eventTime=254394, downTime=254393, deviceId=0, source=0x1002 }
D/InputEventConsistencyVerifier( 1010):   -- recent events --
D/InputEventConsistencyVerifier( 1010):   1: sent at 254302000000, (unhandled) KeyEvent { action=ACTION_UP, keyCode=KEYCODE_DPAD_DOWN, scanCode=0, metaState=0, flags=0x8, repeatCount=0, eventTime=254302, downTime=254302, deviceId=-1, source=0x101 }
D/InputEventConsistencyVerifier( 1010):   2: sent at 254288000000, (unhandled) KeyEvent { action=ACTION_DOWN, keyCode=KEYCODE_DPAD_DOWN, scanCode=0, metaState=0, flags=0x8, repeatCount=0, eventTime=254288, downTime=254288, deviceId=-1, source=0x101 }
D/InputEventConsistencyVerifier( 1010):   3: sent at 254253000000, (unhandled) KeyEvent { action=ACTION_UP, keyCode=KEYCODE_DPAD_UP, scanCode=0, metaState=0, flags=0x8, repeatCount=0, eventTime=254253, downTime=254253, deviceId=-1, source=0x101 }
D/InputEventConsistencyVerifier( 1010):   4: sent at 254204000000, (unhandled) KeyEvent { action=ACTION_DOWN, keyCode=KEYCODE_DPAD_UP, scanCode=0, metaState=0, flags=0x8, repeatCount=0, eventTime=254204, downTime=254204, deviceId=-1, source=0x101 }
D/InputEventConsistencyVerifier( 1010):   5: sent at 251304000000, MotionEvent { action=ACTION_DOWN, id[0]=0, x[0]=381.0, y[0]=-647.0, toolType[0]=TOOL_TYPE_UNKNOWN, buttonState=0, metaState=0, flags=0x0, edgeFlags=0x0, pointerCount=1, historySize=0, eventTime=251304, downTime=251300, deviceId=0, source=0x1002 }
D/InputEventConsistencyVerifier( 1010): KeyEvent: ACTION_UP but key was not down.
D/InputEventConsistencyVerifier( 1010):   in android.view.ViewRootImpl@b3db49b0
D/InputEventConsistencyVerifier( 1010):   0: sent at 254621000000, KeyEvent { action=ACTION_UP, keyCode=KEYCODE_MENU, scanCode=0, metaState=0, flags=0x8, repeatCount=0, eventTime=254621, downTime=254621, deviceId=-1, source=0x101 }
D/InputEventConsistencyVerifier( 1010):   -- recent events --
D/InputEventConsistencyVerifier( 1010):   1: sent at 254139000000, KeyEvent { action=ACTION_UP, keyCode=KEYCODE_MENU, scanCode=0, metaState=0, flags=0x8, repeatCount=0, eventTime=254139, downTime=254139, deviceId=-1, source=0x101 }
D/InputEventConsistencyVerifier( 1010):   2: sent at 253698000000, KeyEvent { action=ACTION_DOWN, keyCode=KEYCODE_MENU, scanCode=0, metaState=0, flags=0x8, repeatCount=0, eventTime=253698, downTime=253698, deviceId=-1, source=0x101 }
D/InputEventConsistencyVerifier( 1010):   3: sent at 254136000000, KeyEvent { action=ACTION_UP, keyCode=KEYCODE_DPAD_CENTER, scanCode=0, metaState=0, flags=0x400, repeatCount=0, eventTime=254136, downTime=254136, deviceId=-1, source=0x101 }
D/InputEventConsistencyVerifier( 1010):   4: sent at 254133000000, KeyEvent { action=ACTION_DOWN, keyCode=KEYCODE_DPAD_CENTER, scanCode=0, metaState=0, flags=0x400, repeatCount=0, eventTime=254133, downTime=254133, deviceId=-1, source=0x101 }
D/InputEventConsistencyVerifier( 1010):   5: sent at 253693000000, MotionEvent { action=ACTION_UP, id[0]=0, x[0]=0.0, y[0]=0.0, toolType[0]=TOOL_TYPE_UNKNOWN, buttonState=0, metaState=0, flags=0x0, edgeFlags=0x0, pointerCount=1, historySize=0, eventTime=253693, downTime=253598, deviceId=0, source=0x10004 }
I/Choreographer( 1010): Skipped 39 frames!  The application may be doing too much work on its main thread.
W/InputMethodManagerService(  227): Window already focused, ignoring focus gain of: com.android.internal.view.IInputMethodClient$Stub$Proxy@b3f75208 attribute=null
I/PintuActivity( 1010): x1:y1 = 34:60
I/PintuActivity( 1010): x1:y1 = 34:60
I/PintuActivity( 1010): x2:y2 = 20:56
I/PintuActivity( 1010): Math.abs(x1 - x2) = 14
I/PintuActivity( 1010): Math.abs(y1 - y2) = 4
I/PintuActivity( 1010): left or right
I/PintuActivity( 1010): left
D/InputEventConsistencyVerifier( 1010): KeyEvent: ACTION_UP but key was not down.
D/InputEventConsistencyVerifier( 1010):   in android.view.ViewRootImpl@b3db49b0
D/InputEventConsistencyVerifier( 1010):   0: sent at 254901000000, KeyEvent { action=ACTION_UP, keyCode=KEYCODE_LANGUAGE_SWITCH, scanCode=0, metaState=0, flags=0x8, repeatCount=0, eventTime=254901, downTime=254901, deviceId=-1, source=0x101 }
D/InputEventConsistencyVerifier( 1010):   -- recent events --
D/InputEventConsistencyVerifier( 1010):   1: sent at 254886000000, MotionEvent { action=ACTION_UP, id[0]=0, x[0]=20.0, y[0]=56.0, toolType[0]=TOOL_TYPE_UNKNOWN, buttonState=0, metaState=0, flags=0x0, edgeFlags=0x0, pointerCount=1, historySize=0, eventTime=254886, downTime=254875, deviceId=0, source=0x1002 }
D/InputEventConsistencyVerifier( 1010):   2: sent at 254875000000, MotionEvent { action=ACTION_DOWN, id[0]=0, x[0]=34.0, y[0]=60.0, toolType[0]=TOOL_TYPE_UNKNOWN, buttonState=0, metaState=0, flags=0x0, edgeFlags=0x0, pointerCount=1, historySize=0, eventTime=254875, downTime=254875, deviceId=0, source=0x1002 }
D/InputEventConsistencyVerifier( 1010):   3: sent at 254805000000, KeyEvent { action=ACTION_UP, keyCode=KEYCODE_DPAD_CENTER, scanCode=0, metaState=0, flags=0x8, repeatCount=0, eventTime=254805, downTime=254805, deviceId=-1, source=0x101 }
D/InputEventConsistencyVerifier( 1010):   4: sent at 254628000000, KeyEvent { action=ACTION_DOWN, keyCode=KEYCODE_DPAD_CENTER, scanCode=0, metaState=0, flags=0x8, repeatCount=0, eventTime=254628, downTime=254628, deviceId=-1, source=0x101 }
D/InputEventConsistencyVerifier( 1010):   5: sent at 254621000000, KeyEvent { action=ACTION_UP, keyCode=KEYCODE_MENU, scanCode=0, metaState=0, flags=0x80000008, repeatCount=0, eventTime=254621, downTime=254621, deviceId=-1, source=0x101 }
I/PintuActivity( 1010): x1:y1 = 156:83
I/PintuActivity( 1010): x1:y1 = 156:83
I/PintuActivity( 1010): x2:y2 = 177:74
I/PintuActivity( 1010): Math.abs(x1 - x2) = 21
I/PintuActivity( 1010): Math.abs(y1 - y2) = 9
I/PintuActivity( 1010): left or right
I/PintuActivity( 1010): right
I/PintuActivity( 1010): x:y:x1:y1=0:1:0:0
I/Choreographer( 1010): Skipped 66 frames!  The application may be doing too much work on its main thread.
I/ActivityManager(  227): START {act=android.intent.action.MAIN cat=[android.intent.category.LAUNCHER] flg=0x10200000 cmp=com.android_isoxgmnppkan/.PintuActivity u=0} from pid 991
I/Choreographer( 1010): Skipped 44 frames!  The application may be doing too much work on its main thread.
W/InputMethodManagerService(  227): Window already focused, ignoring focus gain of: com.android.internal.view.IInputMethodClient$Stub$Proxy@b40c5370 attribute=null
D/InputEventConsistencyVerifier( 1010): TrackballEvent: Trackball is down but pressure is not greater than 0.
D/InputEventConsistencyVerifier( 1010):   in android.view.ViewRootImpl@b4189058
D/InputEventConsistencyVerifier( 1010):   0: sent at 256622000000, MotionEvent { action=ACTION_DOWN, id[0]=0, x[0]=0.0, y[0]=0.0, toolType[0]=TOOL_TYPE_UNKNOWN, buttonState=0, metaState=0, flags=0x0, edgeFlags=0x0, pointerCount=1, historySize=0, eventTime=256622, downTime=256547, deviceId=0, source=0x10004 }
D/InputEventConsistencyVerifier( 1010):   -- recent events --
D/InputEventConsistencyVerifier( 1010):   1: sent at 256672000000, KeyEvent { action=ACTION_UP, keyCode=KEYCODE_DPAD_LEFT, scanCode=0, metaState=0, flags=0x400, repeatCount=0, eventTime=256672, downTime=256672, deviceId=-1, source=0x101 }
D/InputEventConsistencyVerifier( 1010):   2: sent at 256672000000, KeyEvent { action=ACTION_DOWN, keyCode=KEYCODE_DPAD_LEFT, scanCode=0, metaState=0, flags=0x400, repeatCount=0, eventTime=256672, downTime=256672, deviceId=-1, source=0x101 }
D/InputEventConsistencyVerifier( 1010):   3: sent at 256671000000, KeyEvent { action=ACTION_UP, keyCode=KEYCODE_DPAD_LEFT, scanCode=0, metaState=0, flags=0x400, repeatCount=0, eventTime=256671, downTime=256671, deviceId=-1, source=0x101 }
D/InputEventConsistencyVerifier( 1010):   4: sent at 256671000000, KeyEvent { action=ACTION_DOWN, keyCode=KEYCODE_DPAD_LEFT, scanCode=0, metaState=0, flags=0x400, repeatCount=0, eventTime=256671, downTime=256671, deviceId=-1, source=0x101 }
D/InputEventConsistencyVerifier( 1010):   5: sent at 256600000000, MotionEvent { action=ACTION_MOVE, id[0]=0, x[0]=-2.0, y[0]=1.0, toolType[0]=TOOL_TYPE_UNKNOWN, buttonState=0, metaState=0, flags=0x0, edgeFlags=0x0, pointerCount=1, historySize=0, eventTime=256600, downTime=-1, deviceId=0, source=0x10004 }
I/Choreographer( 1010): Skipped 35 frames!  The application may be doing too much work on its main thread.
I/Choreographer( 1010): Skipped 159 frames!  The application may be doing too much work on its main thread.
I/Choreographer( 1010): Skipped 154 frames!  The application may be doing too much work on its main thread.
I/ActivityManager(  227): START {act=android.intent.action.MAIN cat=[android.intent.category.LAUNCHER] flg=0x10200000 cmp=com.android_isoxgmnppkan/.PintuActivity u=0} from pid 991
W/InputMethodManagerService(  227): Window already focused, ignoring focus gain of: com.android.internal.view.IInputMethodClient$Stub$Proxy@b40bd500 attribute=null
I/Choreographer( 1010): Skipped 54 frames!  The application may be doing too much work on its main thread.
I/Choreographer( 1010): Skipped 52 frames!  The application may be doing too much work on its main thread.
W/DroidBox( 1064): DroidBox: { "ServiceStart": { "name": "com.android.music.MediaPlaybackService" } }
W/DroidBox( 1064): DroidBox: { "ServiceStart": { "name": "com.android.music.MediaPlaybackService" } }
I/AudioService(  227):  AudioFocus  requestAudioFocus() from android.media.AudioManager@b3de2560com.android.music.MediaPlaybackService$3@b3de0d98
I/AudioService(  227):   Remote Control   registerMediaButtonIntent() for PendingIntent{b3f1d9e8: PendingIntentRecord{b401be58 com.android.music broadcastIntent}}
I/PintuActivity( 1010): x1:y1 = 388:618
I/PintuActivity( 1010): x1:y1 = 388:618
I/PintuActivity( 1010): x2:y2 = 389:622
I/PintuActivity( 1010): Math.abs(x1 - x2) = 1
I/PintuActivity( 1010): Math.abs(y1 - y2) = 4
I/PintuActivity( 1010): up or down
I/PintuActivity( 1010): down
I/PintuActivity( 1010): x1:y1 = 227:76
I/PintuActivity( 1010): x1:y1 = 227:76
I/PintuActivity( 1010): x2:y2 = 242:117
I/PintuActivity( 1010): Math.abs(x1 - x2) = 15
I/PintuActivity( 1010): Math.abs(y1 - y2) = 41
I/PintuActivity( 1010): up or down
I/PintuActivity( 1010): down
I/PintuActivity( 1010): x:y:x1:y1=1:1:0:1
I/ActivityManager(  227): START {act=android.intent.action.MAIN cat=[android.intent.category.LAUNCHER] flg=0x10200000 cmp=com.android_isoxgmnppkan/.PintuActivity u=0} from pid 991
I/Choreographer( 1010): Skipped 164 frames!  The application may be doing too much work on its main thread.
W/InputMethodManagerService(  227): Window already focused, ignoring focus gain of: com.android.internal.view.IInputMethodClient$Stub$Proxy@b3e65d30 attribute=null
I/PintuActivity( 1010): x1:y1 = 241:244
I/PintuActivity( 1010): x1:y1 = 241:244
I/PintuActivity( 1010): x2:y2 = 187:265
I/PintuActivity( 1010): Math.abs(x1 - x2) = 54
I/PintuActivity( 1010): Math.abs(y1 - y2) = 21
I/PintuActivity( 1010): left or right
I/PintuActivity( 1010): left
I/PintuActivity( 1010): x:y:x1:y1=0:0:0:1
I/Choreographer( 1010): Skipped 85 frames!  The application may be doing too much work on its main thread.
I/ActivityManager(  227): START {act=android.intent.action.MAIN cat=[android.intent.category.LAUNCHER] flg=0x10000000 cmp=com.android.contacts/.activities.PeopleActivity sel={act=android.intent.action.MAIN cat=[android.intent.category.APP_CONTACTS]} u=0} from pid 227
D/InputEventConsistencyVerifier( 1010): KeyEvent: ACTION_UP but key was not down.
D/InputEventConsistencyVerifier( 1010):   in android.view.ViewRootImpl@b3db49b0
D/InputEventConsistencyVerifier( 1010):   0: sent at 261395000000, KeyEvent { action=ACTION_UP, keyCode=KEYCODE_CONTACTS, scanCode=0, metaState=0, flags=0x8, repeatCount=0, eventTime=261395, downTime=261395, deviceId=-1, source=0x101 }
D/InputEventConsistencyVerifier( 1010):   -- recent events --
