D/InputEventConsistencyVerifier(  604): KeyEvent: ACTION_UP but key was not down.
D/InputEventConsistencyVerifier(  604):   in com.android.internal.policy.impl.PhoneWindow$DecorView@b4139dc8
D/InputEventConsistencyVerifier(  604):   0: sent at 97747000000, KeyEvent { action=ACTION_UP, keyCode=KEYCODE_DPAD_RIGHT, scanCode=0, metaState=0, flags=0x8, repeatCount=0, eventTime=97747, downTime=97747, deviceId=-1, source=0x101 }
W/dalvikvm(  916): DroidBox: { "FdAccess": { "path": "2f6465762f696e7075742f6576656e7430", "id": "1651854673" } }
W/DroidBox(  916): DroidBox: { "FileRW": { "operation": "write", "data": "efbfbd060000efbfbdefbfbd0c000500000000000000", "id": "1651854673" } }
I/ActivityManager(  227): START {act=android.search.action.GLOBAL_SEARCH flg=0x10000000 cmp=com.android.quicksearchbox/.SearchActivity bnds=[5,43][475,103] (has extras) u=0} from pid 604
E/Trace   (  978): error opening trace file: No such file or directory (2)
I/Choreographer(  227): Skipped 39 frames!  The application may be doing too much work on its main thread.
D/AlertService(  614): No fired or scheduled alerts
W/DroidBox(  978): DroidBox: { "DexClassLoader": { "path": "/data/app/com.xlabtech.MonsterTruckRally-1.apk" } }
W/dalvikvm(  227): DroidBox: { "FdAccess": { "path": "2f70726f632f3838312f636d646c696e65", "id": "657795551" } }
W/DroidBox(  227): DroidBox: { "FileRW": { "operation": "read", "data": "636f6d2e616e64726f69642e656d61696c0000000000000000000000000000000000000000000000000000000000000000000000000000000000000000000000000000000000000000000000702f34623833636363616538373964303066646431623564", "id": "657795551" } }
W/dalvikvm(  227): DroidBox: { "FdAccess": { "path": "2f70726f632f3930382f636d646c696e65", "id": "1715311890" } }
W/DroidBox(  227): DroidBox: { "FileRW": { "operation": "read", "data": "636f6d2e616e64726f69642e6d6d7300000000000000000000000000000000000000000000000000000000000000000000000000000000000000000000000000000000000000000000000000702f34623833636363616538373964303066646431623564", "id": "1715311890" } }
W/dalvikvm(  227): DroidBox: { "FdAccess": { "path": "2f70726f632f3931362f636d646c696e65", "id": "545702879" } }
W/DroidBox(  227): DroidBox: { "FileRW": { "operation": "read", "data": "636f6d2e616e64726f69642e636f6d6d616e64732e6d6f6e6b657900000000000000000000000000000000000000000000000000000000000000000000000000000000000000000000000000000000000000000000000000000000000000000000000000", "id": "545702879" } }
W/dalvikvm(  227): DroidBox: { "FdAccess": { "path": "2f70726f632f3932312f636d646c696e65", "id": "1519754770" } }
W/DroidBox(  227): DroidBox: { "FileRW": { "operation": "read", "data": "6c6f676361740044726f6964426f783a570064616c76696b766d3a570041637469766974794d616e616765723a49000000000000000000000000000000000000000000000000000000000000000000000000000000000000000000000000000000000000", "id": "1519754770" } }
W/dalvikvm(  227): DroidBox: { "FdAccess": { "path": "2f70726f632f3932332f636d646c696e65", "id": "1948309" } }
W/DroidBox(  227): DroidBox: { "FileRW": { "operation": "read", "data": "2f73797374656d2f62696e2f7368002d63007368202e2f7364636172642f65786563757465537472616365496e2e736800000000000000000000000000000000000000000000000000000000000000000000000000000000000000000000000000000000", "id": "1948309" } }
W/dalvikvm(  227): DroidBox: { "FdAccess": { "path": "2f70726f632f3932362f636d646c696e65", "id": "164933187" } }
W/DroidBox(  227): DroidBox: { "FileRW": { "operation": "read", "data": "7368002e2f7364636172642f65786563757465537472616365496e2e736800786563757465537472616365496e2e736800000000000000000000000000000000000000000000000000000000000000000000000000000000000000000000000000000000", "id": "164933187" } }
W/dalvikvm(  227): DroidBox: { "FdAccess": { "path": "2f70726f632f3932382f636d646c696e65", "id": "848129891" } }
W/DroidBox(  227): DroidBox: { "FileRW": { "operation": "read", "data": "737472616365002d70003631002d66002d747446002d6f002f7364636172642f346238336363636165383739643030666464316235643464393266356532623435356432626437393332366334613332383336633662633735316435336134322e61706b", "id": "848129891" } }
W/dalvikvm(  227): DroidBox: { "FdAccess": { "path": "2f70726f632f3935332f636d646c696e65", "id": "992723419" } }
W/DroidBox(  227): DroidBox: { "FileRW": { "operation": "read", "data": "636f6d2e616e64726f69642e766f6963656469616c6572000000000000000000000000000000000000000000000000000000000000000000000000000000000000000000000000000000000034613332383336633662633735316435336134322e61706b", "id": "992723419" } }
W/dalvikvm(  227): DroidBox: { "FdAccess": { "path": "2f70726f632f3937382f636d646c696e65", "id": "1249586337" } }
W/DroidBox(  227): DroidBox: { "FileRW": { "operation": "read", "data": "636f6d2e786c6162746563682e4d6f6e73746572547275636b52616c6c790000000000000000000000000000000000000000000000000000000000000000000000000000000000000000000034613332383336633662633735316435336134322e61706b", "id": "1249586337" } }
W/dalvikvm(  978): Denying lib /data/data/com.xlabtech.MonsterTruckRally/lib/libMonsterTruckRally.so (not "/system" prefix)
W/dalvikvm(  978): Exception Ljava/lang/UnsatisfiedLinkError; thrown while initializing Lcom/xlabtech/MonsterTruckRally/MonsterTruckRally;
D/AndroidRuntime(  978): Shutting down VM
W/dalvikvm(  978): threadid=1: thread exiting with uncaught exception (group=0xb35b6e20)
E/AndroidRuntime(  978): FATAL EXCEPTION: main
E/AndroidRuntime(  978): java.lang.ExceptionInInitializerError
E/AndroidRuntime(  978): 	at java.lang.Class.classForName(Native Method)
E/AndroidRuntime(  978): 	at java.lang.Class.forName(Class.java:217)
E/AndroidRuntime(  978): 	at java.lang.Class.forName(Class.java:172)
E/AndroidRuntime(  978): 	at com.xlabtech.MonsterTruckRally.rally.h.onCreate(Unknown Source)
E/AndroidRuntime(  978): 	at android.app.Activity.performCreate(Activity.java:5017)
E/AndroidRuntime(  978): 	at android.app.Instrumentation.callActivityOnCreate(Instrumentation.java:1079)
E/AndroidRuntime(  978): 	at android.app.ActivityThread.performLaunchActivity(ActivityThread.java:2023)
E/AndroidRuntime(  978): 	at android.app.ActivityThread.handleLaunchActivity(ActivityThread.java:2084)
E/AndroidRuntime(  978): 	at android.app.ActivityThread.access$600(ActivityThread.java:130)
E/AndroidRuntime(  978): 	at android.app.ActivityThread$H.handleMessage(ActivityThread.java:1195)
E/AndroidRuntime(  978): 	at android.os.Handler.dispatchMessage(Handler.java:99)
E/AndroidRuntime(  978): 	at android.os.Looper.loop(Looper.java:137)
E/AndroidRuntime(  978): 	at android.app.ActivityThread.main(ActivityThread.java:4745)
E/AndroidRuntime(  978): 	at java.lang.reflect.Method.invokeNative(Native Method)
E/AndroidRuntime(  978): 	at java.lang.reflect.Method.invoke(Method.java:511)
E/AndroidRuntime(  978): 	at com.android.internal.os.ZygoteInit$MethodAndArgsCaller.run(ZygoteInit.java:786)
E/AndroidRuntime(  978): 	at com.android.internal.os.ZygoteInit.main(ZygoteInit.java:553)
E/AndroidRuntime(  978): 	at dalvik.system.NativeStart.main(Native Method)
E/AndroidRuntime(  978): Caused by: java.lang.UnsatisfiedLinkError: unknown failure
E/AndroidRuntime(  978): 	at java.lang.Runtime.loadLibrary(Runtime.java:370)
E/AndroidRuntime(  978): 	at java.lang.System.loadLibrary(System.java:535)
E/AndroidRuntime(  978): 	at com.xlabtech.MonsterTruckRally.MonsterTruckRally.<clinit>(MonsterTruckRally.java:349)
E/AndroidRuntime(  978): 	... 18 more
W/DroidBox(  978): DroidBox: { "OpenNet": { "desthost": "127.0.0.1", "destport": "5432", "fd": "16" } }
W/DroidBox(  978): DroidBox: { "OpenNet": { "desthost": "127.0.0.1", "destport": "4501", "fd": "19" } }
W/ActivityManager(  227):   Force finishing activity com.xlabtech.MonsterTruckRally/.rally.c.bDhjknvj
W/WindowManager(  227): Failure taking screenshot for (246x410) to layer 21010
I/Process (  978): Sending signal. PID: 978 SIG: 9
I/ActivityManager(  227): Process com.xlabtech.MonsterTruckRally (pid 978) has died.
I/dalvikvm-heap(  604): Grow heap (frag case) to 15.125MB for 1463056-byte allocation
I/Choreographer(  604): Skipped 452 frames!  The application may be doing too much work on its main thread.
D/InputEventConsistencyVerifier(  604): KeyEvent: ACTION_UP but key was not down.
D/InputEventConsistencyVerifier(  604):   in com.android.launcher2.Cling@b4176c38
D/InputEventConsistencyVerifier(  604):   0: sent at 98068000000, KeyEvent { action=ACTION_UP, keyCode=KEYCODE_DPAD_DOWN, scanCode=0, metaState=0, flags=0x8, repeatCount=0, eventTime=98068, downTime=98068, deviceId=-1, source=0x101 }
W/InputMethodManagerService(  227): Window already focused, ignoring focus gain of: com.android.internal.view.IInputMethodClient$Stub$Proxy@b3e8fa00 attribute=null
I/Choreographer(  604): Skipped 45 frames!  The application may be doing too much work on its main thread.
I/AndroidRuntime(  916): VM exiting with result code 11.
I/Choreographer(  604): Skipped 78 frames!  The application may be doing too much work on its main thread.
I/InputReader(  227): Reconfiguring input devices.  changes=0x00000010
D/PackageManager(  227): generateServicesMap(android.accounts.AccountAuthenticator): 2 services unchanged
D/PackageManager(  227): generateServicesMap(android.content.SyncAdapter): 4 services unchanged
D/PackageManager(  227): generateServicesMap(android.accounts.AccountAuthenticator): 2 services unchanged
I/InputReader(  227): Reconfiguring input devices.  changes=0x00000010
D/PackageManager(  227): generateServicesMap(android.content.SyncAdapter): 4 services unchanged
I/AccountTypeManager(  688): Loaded meta-data for 1 account types, 0 accounts in 264ms(wall) 0ms(cpu)
I/AccountTypeManager(  688): Loaded meta-data for 1 account types, 0 accounts in 33ms(wall) 0ms(cpu)
D/EmailProvider(  881): Creating EmailProviderBody database
W/DroidBox(  776): DroidBox: { "ServiceStart": { "name": "com.android.providers.downloads.DownloadService" } }
W/DroidBox(  776): DroidBox: { "ServiceStart": { "name": "com.android.providers.downloads.DownloadService" } }
D/AlertReceiver(  614): onReceive: a=android.intent.action.PROVIDER_CHANGED Intent { act=android.intent.action.PROVIDER_CHANGED dat=content://com.android.calendar flg=0x10 cmp=com.android.calendar/.alerts.AlertReceiver }
W/DroidBox(  614): DroidBox: { "ServiceStart": { "name": "com.android.calendar.alerts.AlertService" } }
W/DroidBox(  614): DroidBox: { "ServiceStart": { "name": "com.android.calendar.alerts.AlertService" } }
D/AlertService(  614): 0 Action = android.intent.action.PROVIDER_CHANGED
D/AlertService(  614): Beginning updateAlertNotification
W/ActivityManager(  227): Permission denied: checkComponentPermission() owningUid=1000
W/BroadcastQueue(  227): Permission Denial: broadcasting Intent { act=android.appwidget.action.APPWIDGET_UPDATE_OPTIONS flg=0x10 cmp=com.android.settings/.widget.SettingsAppWidgetProvider (has extras) } from android (pid=604, uid=10019) is not exported from uid 1000 due to receiver com.android.settings/com.android.settings.widget.SettingsAppWidgetProvider
W/DroidBox(  659): DroidBox: { "ServiceStart": { "name": "com.android.providers.calendar.CalendarProviderIntentService" } }
W/DroidBox(  659): DroidBox: { "ServiceStart": { "name": "com.android.providers.calendar.CalendarProviderIntentService" } }
D/EmailProvider(  881): Creating EmailProvider database
W/dalvikvm(  867): DroidBox: { "FdAccess": { "path": "2f646174612f646174612f636f6d2e616e64726f69642e67616c6c65727933642f7368617265645f70726566732f636f6d2e616e64726f69642e67616c6c65727933645f707265666572656e6365732e786d6c", "id": "1351076515" } }
W/DroidBox(  867): DroidBox: { "FileRW": { "operation": "write", "data": "3c3f786d6c2076657273696f6e3d27312e302720656e636f64696e673d277574662d3827207374616e64616c6f6e653d2779657327203f3e0a3c6d61703e0a3c696e74206e616d653d227061636b616765732d76657273696f6e222076616c75653d2234", "id": "1351076515" } }
I/ActivityManager(  227): Start proc com.android.musicfx for broadcast com.android.musicfx/.Compatibility$Receiver: pid=1006 uid=10025 gids={3003, 3002, 1028}
E/Trace   ( 1006): error opening trace file: No such file or directory (2)
W/DroidBox( 1006): DroidBox: { "DexClassLoader": { "path": "/system/app/MusicFX.apk" } }
W/DroidBox( 1006): DroidBox: { "ServiceStart": { "name": "com.android.musicfx.Compatibility$Service" } }
W/DroidBox( 1006): DroidBox: { "ServiceStart": { "name": "com.android.musicfx.Compatibility$Service" } }
I/ActivityManager(  227): Start proc com.svox.pico for broadcast com.svox.pico/.VoiceDataInstallerReceiver: pid=1019 uid=10030 gids={1015, 1028}
W/dalvikvm(  227): DroidBox: { "FdAccess": { "path": "2f70726f632f313030362f636d646c696e65", "id": "147480992" } }
W/DroidBox(  227): DroidBox: { "FileRW": { "operation": "read", "data": "636f6d2e616e64726f69642e6d75736963667800000000000000000000000000000000000000000000000000000000000000000000000000000000000000000000000000000000000000000034613332383336633662633735316435336134322e61706b", "id": "147480992" } }
W/dalvikvm(  227): DroidBox: { "FdAccess": { "path": "2f70726f632f313031392f636d646c696e65", "id": "1323044176" } }
W/DroidBox(  227): DroidBox: { "FileRW": { "operation": "read", "data": "3c7072652d696e697469616c697a65643e000000000000000000000000000000000000000000000000000000000000000000000000000000000000000000000000000000000000000000000034613332383336633662633735316435336134322e61706b", "id": "1323044176" } }
E/Trace   ( 1019): error opening trace file: No such file or directory (2)
I/Choreographer(  604): Skipped 49 frames!  The application may be doing too much work on its main thread.
W/DroidBox( 1019): DroidBox: { "DexClassLoader": { "path": "/system/app/PicoTts.apk" } }
I/ActivityThread( 1019): Pub com.svox.pico.providers.SettingsProvider: com.svox.pico.providers.SettingsProvider
D/EmailProvider(  881): fromDatabase accounts: 0
W/dalvikvm( 1006): DroidBox: { "FdAccess": { "path": "2f646174612f646174612f636f6d2e616e64726f69642e6d7573696366782f7368617265645f70726566732f6d7573696366782e786d6c", "id": "194624019" } }
W/DroidBox( 1006): DroidBox: { "FileRW": { "operation": "write", "data": "3c3f786d6c2076657273696f6e3d27312e302720656e636f64696e673d277574662d3827207374616e64616c6f6e653d2779657327203f3e0a3c6d61703e0a3c737472696e67206e616d653d2264656661756c7470616e656c7061636b616765223e636f", "id": "194624019" } }
D/EmailProvider(  881): ending toDatabase transaction; copyCount = 0
D/EmailProvider(  881): ending fromDatabase transaction; copyCount = 0
W/dalvikvm(  867): DroidBox: { "FdAccess": { "path": "2f646174612f646174612f636f6d2e616e64726f69642e67616c6c65727933642f7368617265645f70726566732f636f6d2e616e64726f69642e67616c6c65727933645f707265666572656e6365732e786d6c", "id": "1542172276" } }
W/DroidBox(  867): DroidBox: { "FileRW": { "operation": "write", "data": "3c3f786d6c2076657273696f6e3d27312e302720656e636f64696e673d277574662d3827207374616e64616c6f6e653d2779657327203f3e0a3c6d61703e0a3c696e74206e616d653d227061636b616765732d76657273696f6e222076616c75653d2235", "id": "1542172276" } }
W/dalvikvm(  867): DroidBox: { "FdAccess": { "path": "2f646174612f646174612f636f6d2e616e64726f69642e67616c6c65727933642f7368617265645f70726566732f636f6d2e616e64726f69642e67616c6c65727933645f707265666572656e6365732e786d6c", "id": "1875089151" } }
W/DroidBox(  867): DroidBox: { "FileRW": { "operation": "write", "data": "3c3f786d6c2076657273696f6e3d27312e302720656e636f64696e673d277574662d3827207374616e64616c6f6e653d2779657327203f3e0a3c6d61703e0a3c696e74206e616d653d227061636b616765732d76657273696f6e222076616c75653d2236", "id": "1875089151" } }
I/ActivityManager(  227): Start proc com.android.quicksearchbox for broadcast com.android.quicksearchbox/.CorporaUpdateReceiver: pid=1034 uid=10033 gids={3003, 1028}
D/Eas Debug(  842): Logging: 
I/Email   (  881): Onetime initialization: 1
E/Trace   ( 1034): error opening trace file: No such file or directory (2)
I/ContactsDatabaseHelper(  583): Locale change completed in 15466ms
I/ContactsDatabaseHelper(  583): Switching to locale en_US
I/Email   (  881): Onetime initialization: 2
W/DroidBox( 1034): DroidBox: { "DexClassLoader": { "path": "/system/app/QuickSearchBox.apk" } }
I/Email   (  881): Onetime initialization: completed.
I/ActivityThread( 1034): Pub com.android.quicksearchbox.google: com.android.quicksearchbox.google.GoogleSuggestionProvider
W/dalvikvm(  881): DroidBox: { "FdAccess": { "path": "2f646174612f646174612f636f6d2e616e64726f69642e656d61696c2f7368617265645f70726566732f416e64726f69644d61696c2e4d61696e2e786d6c", "id": "1277410227" } }
W/DroidBox(  881): DroidBox: { "FileRW": { "operation": "write", "data": "3c3f786d6c2076657273696f6e3d27312e302720656e636f64696e673d277574662d3827207374616e64616c6f6e653d2779657327203f3e0a3c6d61703e0a3c696e74206e616d653d226f6e6554696d65496e697469616c697a6174696f6e50726f6772", "id": "1277410227" } }
I/ActivityThread( 1034): Pub com.android.quicksearchbox.shortcuts: com.android.quicksearchbox.ShortcutsProvider
D/ExchangeService(  842): !!! EAS ExchangeService, onStartCommand, startingUp = true, running = false
E/SQLiteLog(  776): (1) no such table: files
E/WVMExtractor(   63): Failed to open libwvm.so
I/ContactsDatabaseHelper(  583): Locale change completed in 1606ms
I/ContactsProvider(  583): Upgrading aggregation algorithm
W/dalvikvm(  583): DroidBox: { "FdAccess": { "path": "2f646174612f646174612f636f6d2e616e64726f69642e70726f7669646572732e636f6e74616374732f7368617265645f70726566732f636f6d2e616e64726f69642e70726f7669646572732e636f6e74616374735f707265666572656e6365732e786d6c", "id": "1803572148" } }
W/DroidBox(  583): DroidBox: { "FileRW": { "operation": "write", "data": "3c3f786d6c2076657273696f6e3d27312e302720656e636f64696e673d277574662d3827207374616e64616c6f6e653d2779657327203f3e0a3c6d61703e0a3c737472696e67206e616d653d226c6f63616c65223e656e5f55533c2f737472696e673e0a", "id": "1803572148" } }
I/ContactAggregator(  583): Marked all visible contacts for aggregation: 0 raw contacts, 3 ms
I/ContactsProvider(  583): Aggregation algorithm upgraded for 0 raw contacts in 89ms
I/ContactsFTS(  583): Rebuild contact search index in 66ms, 0 contacts
E/WVMExtractor(   63): Failed to open libwvm.so
E/WVMExtractor(   63): Failed to open libwvm.so
E/WVMExtractor(   63): Failed to open libwvm.so
E/WVMExtractor(   63): Failed to open libwvm.so
D/AlertService(  614): No fired or scheduled alerts
E/WVMExtractor(   63): Failed to open libwvm.so
D/MmsSmsDatabaseHelper(  493): [MmsSmsDb] tableName: threads hasAutoIncrement: CREATE TABLE threads (_id INTEGER PRIMARY KEY AUTOINCREMENT,date INTEGER DEFAULT 0,message_count INTEGER DEFAULT 0,recipient_ids TEXT,snippet TEXT,snippet_cs INTEGER DEFAULT 0,read INTEGER DEFAULT 1,type INTEGER DEFAULT 0,error INTEGER DEFAULT 0,has_attachment INTEGER DEFAULT 0) result: true
D/MmsSmsDatabaseHelper(  493): [MmsSmsDb] tableName: canonical_addresses hasAutoIncrement: CREATE TABLE canonical_addresses (_id INTEGER PRIMARY KEY AUTOINCREMENT,address TEXT) result: true
D/MmsSmsDatabaseHelper(  493): [getWritableDatabase] hasAutoIncrementThreads: true hasAutoIncrementAddresses: true
W/BackupManagerService(  227): dataChanged but no participant pkg='com.android.providers.settings' uid=10011
E/MetadataRetrieverClient(   63): failed to extract an album art
I/ActivityManager(  227): No longer want com.android.provision (pid 549): hidden #16
E/WVMExtractor(   63): Failed to open libwvm.so
E/WVMExtractor(   63): Failed to open libwvm.so
E/WVMExtractor(   63): Failed to open libwvm.so
E/WVMExtractor(   63): Failed to open libwvm.so
W/dalvikvm(  227): DroidBox: { "FdAccess": { "path": "2f70726f632f313031392f636d646c696e65", "id": "1851592235" } }
W/DroidBox(  227): DroidBox: { "FileRW": { "operation": "read", "data": "636f6d2e73766f782e7069636f00000000000000000000000000000000000000000000000000000000000000000000000000000000000000000000000000000000000000000000000000000034613332383336633662633735316435336134322e61706b", "id": "1851592235" } }
W/dalvikvm(  227): DroidBox: { "FdAccess": { "path": "2f70726f632f313033342f636d646c696e65", "id": "1216153934" } }
W/DroidBox(  227): DroidBox: { "FileRW": { "operation": "read", "data": "636f6d2e616e64726f69642e717569636b736561726368626f78000000000000000000000000000000000000000000000000000000000000000000000000000000000000000000000000000034613332383336633662633735316435336134322e61706b", "id": "1216153934" } }
E/WVMExtractor(   63): Failed to open libwvm.so
E/WVMExtractor(   63): Failed to open libwvm.so
E/WVMExtractor(   63): Failed to open libwvm.so
E/WVMExtractor(   63): Failed to open libwvm.so
E/WVMExtractor(   63): Failed to open libwvm.so
E/WVMExtractor(   63): Failed to open libwvm.so
E/WVMExtractor(   63): Failed to open libwvm.so
E/WVMExtractor(   63): Failed to open libwvm.so
E/WVMExtractor(   63): Failed to open libwvm.so
E/WVMExtractor(   63): Failed to open libwvm.so
E/WVMExtractor(   63): Failed to open libwvm.so
E/WVMExtractor(   63): Failed to open libwvm.so
E/WVMExtractor(   63): Failed to open libwvm.so
E/WVMExtractor(   63): Failed to open libwvm.so
E/WVMExtractor(   63): Failed to open libwvm.so
E/WVMExtractor(   63): Failed to open libwvm.so
E/WVMExtractor(   63): Failed to open libwvm.so
E/WVMExtractor(   63): Failed to open libwvm.so
E/WVMExtractor(   63): Failed to open libwvm.so
E/WVMExtractor(   63): Failed to open libwvm.so
E/WVMExtractor(   63): Failed to open libwvm.so
E/WVMExtractor(   63): Failed to open libwvm.so
E/WVMExtractor(   63): Failed to open libwvm.so
E/WVMExtractor(   63): Failed to open libwvm.so
E/WVMExtractor(   63): Failed to open libwvm.so
E/WVMExtractor(   63): Failed to open libwvm.so
E/WVMExtractor(   63): Failed to open libwvm.so
E/WVMExtractor(   63): Failed to open libwvm.so
E/WVMExtractor(   63): Failed to open libwvm.so
E/WVMExtractor(   63): Failed to open libwvm.so
I/InputReader(  227): Reconfiguring input devices.  changes=0x00000010
D/PackageManager(  227): generateServicesMap(android.accounts.AccountAuthenticator): 2 services unchanged
I/InputReader(  227): Reconfiguring input devices.  changes=0x00000010
D/PackageManager(  227): generateServicesMap(android.content.SyncAdapter): 4 services unchanged
D/PackageManager(  227): generateServicesMap(android.accounts.AccountAuthenticator): 2 services unchanged
D/PackageManager(  227): generateServicesMap(android.content.SyncAdapter): 4 services unchanged
I/AccountTypeManager(  688): Loaded meta-data for 1 account types, 0 accounts in 40ms(wall) 10ms(cpu)
W/dalvikvm(  867): DroidBox: { "FdAccess": { "path": "2f646174612f646174612f636f6d2e616e64726f69642e67616c6c65727933642f7368617265645f70726566732f636f6d2e616e64726f69642e67616c6c65727933645f707265666572656e6365732e786d6c", "id": "703779671" } }
W/DroidBox(  867): DroidBox: { "FileRW": { "operation": "write", "data": "3c3f786d6c2076657273696f6e3d27312e302720656e636f64696e673d277574662d3827207374616e64616c6f6e653d2779657327203f3e0a3c6d61703e0a3c696e74206e616d653d227061636b616765732d76657273696f6e222076616c75653d2237", "id": "703779671" } }
I/AccountTypeManager(  688): Loaded meta-data for 1 account types, 0 accounts in 42ms(wall) 10ms(cpu)
W/dalvikvm(  867): DroidBox: { "FdAccess": { "path": "2f646174612f646174612f636f6d2e616e64726f69642e67616c6c65727933642f7368617265645f70726566732f636f6d2e616e64726f69642e67616c6c65727933645f707265666572656e6365732e786d6c", "id": "1065988765" } }
W/DroidBox(  867): DroidBox: { "FileRW": { "operation": "write", "data": "3c3f786d6c2076657273696f6e3d27312e302720656e636f64696e673d277574662d3827207374616e64616c6f6e653d2779657327203f3e0a3c6d61703e0a3c696e74206e616d653d227061636b616765732d76657273696f6e222076616c75653d2238", "id": "1065988765" } }
E/WVMExtractor(   63): Failed to open libwvm.so
E/WVMExtractor(   63): Failed to open libwvm.so
E/WVMExtractor(   63): Failed to open libwvm.so
E/WVMExtractor(   63): Failed to open libwvm.so
E/WVMExtractor(   63): Failed to open libwvm.so
E/WVMExtractor(   63): Failed to open libwvm.so
E/WVMExtractor(   63): Failed to open libwvm.so
E/WVMExtractor(   63): Failed to open libwvm.so
E/WVMExtractor(   63): Failed to open libwvm.so
E/WVMExtractor(   63): Failed to open libwvm.so
E/WVMExtractor(   63): Failed to open libwvm.so
E/WVMExtractor(   63): Failed to open libwvm.so
E/WVMExtractor(   63): Failed to open libwvm.so
E/WVMExtractor(   63): Failed to open libwvm.so
E/WVMExtractor(   63): Failed to open libwvm.so
E/WVMExtractor(   63): Failed to open libwvm.so
E/WVMExtractor(   63): Failed to open libwvm.so
E/WVMExtractor(   63): Failed to open libwvm.so
E/WVMExtractor(   63): Failed to open libwvm.so
E/WVMExtractor(   63): Failed to open libwvm.so
E/WVMExtractor(   63): Failed to open libwvm.so
E/WVMExtractor(   63): Failed to open libwvm.so
E/WVMExtractor(   63): Failed to open libwvm.so
E/WVMExtractor(   63): Failed to open libwvm.so
E/WVMExtractor(   63): Failed to open libwvm.so
E/WVMExtractor(   63): Failed to open libwvm.so
E/WVMExtractor(   63): Failed to open libwvm.so
E/WVMExtractor(   63): Failed to open libwvm.so
E/WVMExtractor(   63): Failed to open libwvm.so
E/WVMExtractor(   63): Failed to open libwvm.so
E/WVMExtractor(   63): Failed to open libwvm.so
E/WVMExtractor(   63): Failed to open libwvm.so
E/WVMExtractor(   63): Failed to open libwvm.so
E/WVMExtractor(   63): Failed to open libwvm.so
E/WVMExtractor(   63): Failed to open libwvm.so
E/WVMExtractor(   63): Failed to open libwvm.so
E/WVMExtractor(   63): Failed to open libwvm.so
E/WVMExtractor(   63): Failed to open libwvm.so
E/WVMExtractor(   63): Failed to open libwvm.so
E/WVMExtractor(   63): Failed to open libwvm.so
E/WVMExtractor(   63): Failed to open libwvm.so
E/WVMExtractor(   63): Failed to open libwvm.so
E/WVMExtractor(   63): Failed to open libwvm.so
E/WVMExtractor(   63): Failed to open libwvm.so
E/WVMExtractor(   63): Failed to open libwvm.so
E/WVMExtractor(   63): Failed to open libwvm.so
E/WVMExtractor(   63): Failed to open libwvm.so
W/BackupManagerService(  227): dataChanged but no participant pkg='com.android.providers.settings' uid=10011
E/WVMExtractor(   63): Failed to open libwvm.so
E/MetadataRetrieverClient(   63): failed to extract an album art
E/WVMExtractor(   63): Failed to open libwvm.so
E/WVMExtractor(   63): Failed to open libwvm.so
E/WVMExtractor(   63): Failed to open libwvm.so
E/WVMExtractor(   63): Failed to open libwvm.so
E/WVMExtractor(   63): Failed to open libwvm.so
E/WVMExtractor(   63): Failed to open libwvm.so
E/WVMExtractor(   63): Failed to open libwvm.so
E/WVMExtractor(   63): Failed to open libwvm.so
E/WVMExtractor(   63): Failed to open libwvm.so
E/WVMExtractor(   63): Failed to open libwvm.so
E/WVMExtractor(   63): Failed to open libwvm.so
E/WVMExtractor(   63): Failed to open libwvm.so
E/WVMExtractor(   63): Failed to open libwvm.so
E/WVMExtractor(   63): Failed to open libwvm.so
E/WVMExtractor(   63): Failed to open libwvm.so
E/WVMExtractor(   63): Failed to open libwvm.so
E/WVMExtractor(   63): Failed to open libwvm.so
E/WVMExtractor(   63): Failed to open libwvm.so
E/WVMExtractor(   63): Failed to open libwvm.so
E/WVMExtractor(   63): Failed to open libwvm.so
E/WVMExtractor(   63): Failed to open libwvm.so
E/WVMExtractor(   63): Failed to open libwvm.so
E/WVMExtractor(   63): Failed to open libwvm.so
E/WVMExtractor(   63): Failed to open libwvm.so
E/WVMExtractor(   63): Failed to open libwvm.so
E/WVMExtractor(   63): Failed to open libwvm.so
E/WVMExtractor(   63): Failed to open libwvm.so
E/WVMExtractor(   63): Failed to open libwvm.so
E/WVMExtractor(   63): Failed to open libwvm.so
E/WVMExtractor(   63): Failed to open libwvm.so
E/WVMExtractor(   63): Failed to open libwvm.so
E/WVMExtractor(   63): Failed to open libwvm.so
E/WVMExtractor(   63): Failed to open libwvm.so
E/WVMExtractor(   63): Failed to open libwvm.so
E/WVMExtractor(   63): Failed to open libwvm.so
E/WVMExtractor(   63): Failed to open libwvm.so
E/WVMExtractor(   63): Failed to open libwvm.so
E/WVMExtractor(   63): Failed to open libwvm.so
E/WVMExtractor(   63): Failed to open libwvm.so
E/WVMExtractor(   63): Failed to open libwvm.so
E/WVMExtractor(   63): Failed to open libwvm.so
E/WVMExtractor(   63): Failed to open libwvm.so
E/WVMExtractor(   63): Failed to open libwvm.so
E/WVMExtractor(   63): Failed to open libwvm.so
E/WVMExtractor(   63): Failed to open libwvm.so
E/WVMExtractor(   63): Failed to open libwvm.so
E/WVMExtractor(   63): Failed to open libwvm.so
E/WVMExtractor(   63): Failed to open libwvm.so
E/WVMExtractor(   63): Failed to open libwvm.so
E/WVMExtractor(   63): Failed to open libwvm.so
E/WVMExtractor(   63): Failed to open libwvm.so
E/WVMExtractor(   63): Failed to open libwvm.so
E/WVMExtractor(   63): Failed to open libwvm.so
E/WVMExtractor(   63): Failed to open libwvm.so
E/WVMExtractor(   63): Failed to open libwvm.so
E/WVMExtractor(   63): Failed to open libwvm.so
E/WVMExtractor(   63): Failed to open libwvm.so
E/WVMExtractor(   63): Failed to open libwvm.so
E/WVMExtractor(   63): Failed to open libwvm.so
E/WVMExtractor(   63): Failed to open libwvm.so
E/WVMExtractor(   63): Failed to open libwvm.so
E/WVMExtractor(   63): Failed to open libwvm.so
E/WVMExtractor(   63): Failed to open libwvm.so
E/WVMExtractor(   63): Failed to open libwvm.so
E/WVMExtractor(   63): Failed to open libwvm.so
E/WVMExtractor(   63): Failed to open libwvm.so
E/WVMExtractor(   63): Failed to open libwvm.so
E/WVMExtractor(   63): Failed to open libwvm.so
E/WVMExtractor(   63): Failed to open libwvm.so
E/WVMExtractor(   63): Failed to open libwvm.so
E/WVMExtractor(   63): Failed to open libwvm.so
E/WVMExtractor(   63): Failed to open libwvm.so
E/WVMExtractor(   63): Failed to open libwvm.so
W/BackupManagerService(  227): dataChanged but no participant pkg='com.android.providers.settings' uid=10011
E/WVMExtractor(   63): Failed to open libwvm.so
E/WVMExtractor(   63): Failed to open libwvm.so
E/MetadataRetrieverClient(   63): failed to extract an album art
E/WVMExtractor(   63): Failed to open libwvm.so
E/WVMExtractor(   63): Failed to open libwvm.so
E/WVMExtractor(   63): Failed to open libwvm.so
E/WVMExtractor(   63): Failed to open libwvm.so
E/WVMExtractor(   63): Failed to open libwvm.so
E/WVMExtractor(   63): Failed to open libwvm.so
E/WVMExtractor(   63): Failed to open libwvm.so
E/WVMExtractor(   63): Failed to open libwvm.so
E/WVMExtractor(   63): Failed to open libwvm.so
E/WVMExtractor(   63): Failed to open libwvm.so
E/WVMExtractor(   63): Failed to open libwvm.so
E/WVMExtractor(   63): Failed to open libwvm.so
E/WVMExtractor(   63): Failed to open libwvm.so
E/WVMExtractor(   63): Failed to open libwvm.so
E/WVMExtractor(   63): Failed to open libwvm.so
E/WVMExtractor(   63): Failed to open libwvm.so
E/WVMExtractor(   63): Failed to open libwvm.so
E/WVMExtractor(   63): Failed to open libwvm.so
E/WVMExtractor(   63): Failed to open libwvm.so
E/WVMExtractor(   63): Failed to open libwvm.so
E/WVMExtractor(   63): Failed to open libwvm.so
E/WVMExtractor(   63): Failed to open libwvm.so
E/WVMExtractor(   63): Failed to open libwvm.so
E/WVMExtractor(   63): Failed to open libwvm.so
E/WVMExtractor(   63): Failed to open libwvm.so
E/WVMExtractor(   63): Failed to open libwvm.so
E/WVMExtractor(   63): Failed to open libwvm.so
E/WVMExtractor(   63): Failed to open libwvm.so
E/WVMExtractor(   63): Failed to open libwvm.so
E/WVMExtractor(   63): Failed to open libwvm.so
E/WVMExtractor(   63): Failed to open libwvm.so
E/WVMExtractor(   63): Failed to open libwvm.so
E/WVMExtractor(   63): Failed to open libwvm.so
E/WVMExtractor(   63): Failed to open libwvm.so
E/WVMExtractor(   63): Failed to open libwvm.so
E/WVMExtractor(   63): Failed to open libwvm.so
E/WVMExtractor(   63): Failed to open libwvm.so
W/BackupManagerService(  227): dataChanged but no participant pkg='com.android.providers.settings' uid=1001
E/WVMExtractor(   63): Failed to open libwvm.so
E/MetadataRetrieverClient(   63): failed to extract an album art
E/WVMExtractor(   63): Failed to open libwvm.so
E/MetadataRetrieverClient(   63): failed to extract an album art
I/ActivityManager(  227): No longer want com.android.contacts (pid 688): hidden #16
I/NetworkPolicy(  227): no policy for active mobile network; generating default policy
E/NetdConnector(  227): NDC Command {13 bandwidth setiquota eth0 9223372036854775807} took too long (731ms)
I/qtaguid (  227): Failed write_ctrl(s 1 10050) res=-1 errno=1
W/NetworkManagementSocketTagger(  227): setKernelCountSet(10050, 1) failed with errno -1
I/qtaguid (  227): Failed write_ctrl(s 0 10050) res=-1 errno=1
W/NetworkManagementSocketTagger(  227): setKernelCountSet(10050, 0) failed with errno -1
W/dalvikvm(  227): DroidBox: { "FdAccess": { "path": "2f70726f632f3232372f6e65742f78745f717461677569642f69666163655f737461745f616c6c", "id": "1175606214" } }
W/DroidBox(  227): DroidBox: { "FileRW": { "operation": "read", "data": "6c6f20312030203020302030203237323420343320323732342034330a65746830203120302030203020302034373034343120313836362032323330383020313539350a0000000000000000000000000000000000000000000000000000000000000000", "id": "1175606214" } }
W/dalvikvm(  227): DroidBox: { "FdAccess": { "path": "2f70726f632f3232372f6e65742f78745f717461677569642f69666163655f737461745f616c6c", "id": "500908805" } }
W/DroidBox(  227): DroidBox: { "FileRW": { "operation": "read", "data": "313539350a3020313539350a313539350a3020313539350a350a350a350a350a350a313539350a39350a313539350a39350a313539350a350a350a350a350a350a39350a0000000000000000000000000000000000000000000000000000000000000000", "id": "500908805" } }
W/ThrottleService(  227): unable to find stats for iface rmnet0
E/ThrottleService(  227): Error reading data file
