D/InputEventConsistencyVerifier( 1002):   in android.view.ViewRootImpl@b3fabfe8
D/InputEventConsistencyVerifier( 1002):   0: sent at 189040000000, KeyEvent { action=ACTION_UP, keyCode=KEYCODE_DPAD_LEFT, scanCode=0, metaState=0, flags=0x8, repeatCount=0, eventTime=189040, downTime=189040, deviceId=-1, source=0x101 }
D/InputEventConsistencyVerifier( 1002):   -- recent events --
D/InputEventConsistencyVerifier( 1002):   1: sent at 187839000000, MotionEvent { action=ACTION_UP, id[0]=0, x[0]=104.0, y[0]=184.0, toolType[0]=TOOL_TYPE_UNKNOWN, buttonState=0, metaState=0, flags=0x0, edgeFlags=0x0, pointerCount=1, historySize=0, eventTime=187839, downTime=187832, deviceId=0, source=0x1002 }
D/InputEventConsistencyVerifier( 1002):   2: sent at 187833000000, MotionEvent { action=ACTION_DOWN, id[0]=0, x[0]=99.0, y[0]=200.0, toolType[0]=TOOL_TYPE_UNKNOWN, buttonState=0, metaState=0, flags=0x0, edgeFlags=0x0, pointerCount=1, historySize=0, eventTime=187833, downTime=187832, deviceId=0, source=0x1002 }
D/InputEventConsistencyVerifier( 1002):   3: sent at 187767000000, KeyEvent { action=ACTION_UP, keyCode=KEYCODE_DPAD_UP, scanCode=0, metaState=0, flags=0x400, repeatCount=0, eventTime=187767, downTime=187767, deviceId=-1, source=0x101 }
D/InputEventConsistencyVerifier( 1002):   4: sent at 187767000000, KeyEvent { action=ACTION_DOWN, keyCode=KEYCODE_DPAD_UP, scanCode=0, metaState=0, flags=0x400, repeatCount=0, eventTime=187767, downTime=187767, deviceId=-1, source=0x101 }
D/InputEventConsistencyVerifier( 1002):   5: sent at 187766000000, KeyEvent { action=ACTION_UP, keyCode=KEYCODE_DPAD_UP, scanCode=0, metaState=0, flags=0x400, repeatCount=0, eventTime=187766, downTime=187766, deviceId=-1, source=0x101 }
E/WVMExtractor(   60): Failed to open libwvm.so
W/dalvikvm( 1002): DroidBox: { "FdAccess": { "path": "2f646174612f646174612f636f6d2e617070657268616e642e6d792e72656d696e6465722e7769646765742e70726f2f7368617265645f70726566732f636f6d2e617070657268616e642e6d792e72656d696e6465722e7769646765742e70726f5f707265666572656e6365732e786d6c", "id": "1039232333" } }
W/DroidBox( 1002): DroidBox: { "FileRW": { "operation": "write", "data": "3c3f786d6c2076657273696f6e3d27312e302720656e636f64696e673d277574662d3827207374616e64616c6f6e653d2779657327203f3e0a3c6d61703e0a3c626f6f6c65616e206e616d653d22706f7374706f6e655f72656d222076616c75653d2266", "id": "1039232333" } }
I/Choreographer( 1002): Skipped 57 frames!  The application may be doing too much work on its main thread.
W/dalvikvm(  427): DroidBox: { "FdAccess": { "path": "2f70726f632f6d656d696e666f", "id": "1197514951" } }
W/DroidBox(  427): DroidBox: { "FileRW": { "operation": "read", "data": "4d656d546f74616c3a202020202020202020373438393634206b420a4d656d467265653a20202020202020202020343339303136206b420a427566666572733a20202020202020202020202035373132206b420a4361636865643a202020202020202020", "id": "1197514951" } }
I/Choreographer( 1002): Skipped 117 frames!  The application may be doing too much work on its main thread.
D/InputEventConsistencyVerifier(  427): KeyEvent: ACTION_UP but key was not down.
D/InputEventConsistencyVerifier(  427):   in com.android.systemui.statusbar.phone.StatusBarWindowView@b3e81348
D/InputEventConsistencyVerifier(  427):   0: sent at 190636000000, KeyEvent { action=ACTION_UP, keyCode=KEYCODE_DPAD_DOWN, scanCode=0, metaState=0, flags=0x8, repeatCount=0, eventTime=190636, downTime=190636, deviceId=-1, source=0x101 }
D/InputEventConsistencyVerifier(  427):   -- recent events --
D/InputEventConsistencyVerifier(  427):   1: sent at 190551000000, MotionEvent { action=ACTION_UP, id[0]=0, x[0]=86.0, y[0]=5.0, toolType[0]=TOOL_TYPE_UNKNOWN, buttonState=0, metaState=0, flags=0x0, edgeFlags=0x0, pointerCount=1, historySize=0, eventTime=190551, downTime=190545, deviceId=0, source=0x1002 }
D/InputEventConsistencyVerifier(  427):   2: sent at 190545000000, MotionEvent { action=ACTION_DOWN, id[0]=0, x[0]=78.0, y[0]=13.0, toolType[0]=TOOL_TYPE_UNKNOWN, buttonState=0, metaState=0, flags=0x0, edgeFlags=0x0, pointerCount=1, historySize=0, eventTime=190545, downTime=190545, deviceId=0, source=0x1002 }
D/InputEventConsistencyVerifier(  427):   3: sent at 146279000000, (unhandled) KeyEvent { action=ACTION_UP, keyCode=KEYCODE_DPAD_CENTER, scanCode=0, metaState=0, flags=0x8, repeatCount=0, eventTime=146279, downTime=146279, deviceId=-1, source=0x101 }
D/InputEventConsistencyVerifier(  427):   4: sent at 146273000000, (unhandled) KeyEvent { action=ACTION_DOWN, keyCode=KEYCODE_DPAD_CENTER, scanCode=0, metaState=0, flags=0x8, repeatCount=0, eventTime=146273, downTime=146273, deviceId=-1, source=0x101 }
D/InputEventConsistencyVerifier(  427):   5: sent at 146175000000, (unhandled) KeyEvent { action=ACTION_UP, keyCode=KEYCODE_DPAD_DOWN, scanCode=0, metaState=0, flags=0x8, repeatCount=0, eventTime=146175, downTime=146175, deviceId=-1, source=0x101 }
I/Choreographer(  427): Skipped 63 frames!  The application may be doing too much work on its main thread.
W/dalvikvm(  427): DroidBox: { "FdAccess": { "path": "2f70726f632f6d656d696e666f", "id": "390766697" } }
W/DroidBox(  427): DroidBox: { "FileRW": { "operation": "read", "data": "4d656d546f74616c3a202020202020202020373438393634206b420a4d656d467265653a20202020202020202020343339303136206b420a427566666572733a20202020202020202020202035373132206b420a4361636865643a202020202020202020", "id": "390766697" } }
D/InputEventConsistencyVerifier(  427): KeyEvent: ACTION_UP but key was not down.
D/InputEventConsistencyVerifier(  427):   in android.widget.FrameLayout@b3ea0e98
D/InputEventConsistencyVerifier(  427):   0: sent at 190838000000, KeyEvent { action=ACTION_UP, keyCode=KEYCODE_DPAD_DOWN, scanCode=0, metaState=0, flags=0x8, repeatCount=0, eventTime=190838, downTime=190838, deviceId=-1, source=0x101 }
D/InputEventConsistencyVerifier(  427):   -- recent events --
D/InputEventConsistencyVerifier(  427):   1: sent at 146279000000, (unhandled) KeyEvent { action=ACTION_UP, keyCode=KEYCODE_DPAD_CENTER, scanCode=0, metaState=0, flags=0x8, repeatCount=0, eventTime=146279, downTime=146279, deviceId=-1, source=0x101 }
D/InputEventConsistencyVerifier(  427):   2: sent at 146273000000, (unhandled) KeyEvent { action=ACTION_DOWN, keyCode=KEYCODE_DPAD_CENTER, scanCode=0, metaState=0, flags=0x8, repeatCount=0, eventTime=146273, downTime=146273, deviceId=-1, source=0x101 }
D/InputEventConsistencyVerifier(  427):   3: sent at 146175000000, (unhandled) KeyEvent { action=ACTION_UP, keyCode=KEYCODE_DPAD_DOWN, scanCode=0, metaState=0, flags=0x8, repeatCount=0, eventTime=146175, downTime=146175, deviceId=-1, source=0x101 }
D/InputEventConsistencyVerifier(  427):   4: sent at 146154000000, (unhandled) KeyEvent { action=ACTION_DOWN, keyCode=KEYCODE_DPAD_DOWN, scanCode=0, metaState=0, flags=0x8, repeatCount=0, eventTime=146154, downTime=146154, deviceId=-1, source=0x101 }
D/InputEventConsistencyVerifier(  427):   5: sent at 146110000000, (unhandled) KeyEvent { action=ACTION_UP, keyCode=KEYCODE_DPAD_CENTER, scanCode=0, metaState=0, flags=0x8, repeatCount=0, eventTime=146110, downTime=146110, deviceId=-1, source=0x101 }
D/PhoneStatusBar(  427): disable: < expand icons alerts TICKER* system_info back home recent clock >
D/InputEventConsistencyVerifier(  427): TouchEvent: ACTION_DOWN but pointers are already down.  Probably missing ACTION_UP from previous gesture.
D/InputEventConsistencyVerifier(  427):   in android.view.ScaleGestureDetector@b3f21a88
D/InputEventConsistencyVerifier(  427):   0: sent at 191085000000, MotionEvent { action=ACTION_DOWN, id[0]=0, x[0]=1.0, y[0]=186.0, toolType[0]=TOOL_TYPE_UNKNOWN, buttonState=0, metaState=0, flags=0x0, edgeFlags=0x0, pointerCount=1, historySize=0, eventTime=191085, downTime=191083, deviceId=0, source=0x1002 }
D/InputEventConsistencyVerifier(  427):   -- recent events --
D/InputEventConsistencyVerifier(  427):   1: sent at 191055000000, MotionEvent { action=ACTION_DOWN, id[0]=0, x[0]=9.0, y[0]=725.0, toolType[0]=TOOL_TYPE_UNKNOWN, buttonState=0, metaState=0, flags=0x0, edgeFlags=0x0, pointerCount=1, historySize=0, eventTime=191055, downTime=191055, deviceId=0, source=0x1002 }
D/InputEventConsistencyVerifier(  427):   2: sent at 190551000000, MotionEvent { action=ACTION_UP, id[0]=0, x[0]=86.0, y[0]=5.0, toolType[0]=TOOL_TYPE_UNKNOWN, buttonState=0, metaState=0, flags=0x0, edgeFlags=0x0, pointerCount=1, historySize=0, eventTime=190551, downTime=190545, deviceId=0, source=0x1002 }
D/InputEventConsistencyVerifier(  427):   3: sent at 190545000000, MotionEvent { action=ACTION_DOWN, id[0]=0, x[0]=78.0, y[0]=13.0, toolType[0]=TOOL_TYPE_UNKNOWN, buttonState=0, metaState=0, flags=0x0, edgeFlags=0x0, pointerCount=1, historySize=0, eventTime=190545, downTime=190545, deviceId=0, source=0x1002 }
D/InputEventConsistencyVerifier(  427):   4: sent at 144389000000, MotionEvent { action=ACTION_UP, id[0]=0, x[0]=376.0, y[0]=48.0, toolType[0]=TOOL_TYPE_UNKNOWN, buttonState=0, metaState=0, flags=0x0, edgeFlags=0x0, pointerCount=1, historySize=0, eventTime=144389, downTime=144364, deviceId=0, source=0x1002 }
D/InputEventConsistencyVerifier(  427):   5: sent at 144385000000, MotionEvent { action=ACTION_POINTER_UP(1), id[0]=0, x[0]=358.0, y[0]=39.0, toolType[0]=TOOL_TYPE_UNKNOWN, id[1]=1, x[1]=456.0, y[1]=43.0, toolType[1]=TOOL_TYPE_UNKNOWN, buttonState=0, metaState=0, flags=0x0, edgeFlags=0x0, pointerCount=2, historySize=0, eventTime=144385, downTime=144364, deviceId=0, source=0x1002 }
V/PhoneStatusBar(  427): setLightsOn(true)
I/Choreographer(  427): Skipped 78 frames!  The application may be doing too much work on its main thread.
V/PhoneStatusBar(  427): setLightsOn(true)
D/PhoneStatusBar(  427): disable: < expand icons alerts ticker* system_info back home recent clock >
E/WVMExtractor(   60): Failed to open libwvm.so
W/InputMethodManagerService(  228): Window already focused, ignoring focus gain of: com.android.internal.view.IInputMethodClient$Stub$Proxy@b3f4c060 attribute=null
E/WVMExtractor(   60): Failed to open libwvm.so
I/Choreographer( 1002): Skipped 90 frames!  The application may be doing too much work on its main thread.
E/WVMExtractor(   60): Failed to open libwvm.so
E/WVMExtractor(   60): Failed to open libwvm.so
E/WVMExtractor(   60): Failed to open libwvm.so
I/ActivityManager(  228): START {act=android.intent.action.RINGTONE_PICKER cmp=com.android.providers.media/.RingtonePickerActivity (has extras) u=0} from pid 1002
E/WVMExtractor(   60): Failed to open libwvm.so
I/ActivityManager(  228): START {act=android.intent.action.RINGTONE_PICKER cmp=com.android.providers.media/.RingtonePickerActivity (has extras) u=0} from pid 1002
E/WVMExtractor(   60): Failed to open libwvm.so
E/WVMExtractor(   60): Failed to open libwvm.so
E/WVMExtractor(   60): Failed to open libwvm.so
E/a       ( 1002): Unexpected error!!!
W/dalvikvm( 1002): DroidBox: { "FdAccess": { "path": "2f6465762f7572616e646f6d", "id": "2013018628" } }
W/DroidBox( 1002): DroidBox: { "FileRW": { "operation": "read", "data": "47efbfbd03efbfbd3628efbfbdefbfbd0f68efbfbd366defbfbd4c61515217efbfbd", "id": "2013018628" } }
I/Choreographer(  228): Skipped 47 frames!  The application may be doing too much work on its main thread.
I/Choreographer( 1002): Skipped 122 frames!  The application may be doing too much work on its main thread.
E/WVMExtractor(   60): Failed to open libwvm.so
I/Choreographer( 1002): Skipped 113 frames!  The application may be doing too much work on its main thread.
W/InputMethodManagerService(  228): Window already focused, ignoring focus gain of: com.android.internal.view.IInputMethodClient$Stub$Proxy@b405c2a0 attribute=null
I/Choreographer( 1002): Skipped 36 frames!  The application may be doing too much work on its main thread.
D/InputEventConsistencyVerifier(  427): TouchEvent: ACTION_DOWN but pointers are already down.  Probably missing ACTION_UP from previous gesture.
D/InputEventConsistencyVerifier(  427):   in android.view.ScaleGestureDetector@b3f21a88
D/InputEventConsistencyVerifier(  427):   0: sent at 198397000000, MotionEvent { action=ACTION_DOWN, id[0]=0, x[0]=437.0, y[0]=19.0, toolType[0]=TOOL_TYPE_UNKNOWN, buttonState=0, metaState=0, flags=0x0, edgeFlags=0x0, pointerCount=1, historySize=0, eventTime=198397, downTime=198396, deviceId=0, source=0x1002 }
D/InputEventConsistencyVerifier(  427):   -- recent events --
D/InputEventConsistencyVerifier(  427):   1: sent at 191085000000, MotionEvent { action=ACTION_DOWN, id[0]=0, x[0]=1.0, y[0]=186.0, toolType[0]=TOOL_TYPE_UNKNOWN, buttonState=0, metaState=0, flags=0x80000000, edgeFlags=0x0, pointerCount=1, historySize=0, eventTime=191085, downTime=191083, deviceId=0, source=0x1002 }
D/InputEventConsistencyVerifier(  427):   2: sent at 191055000000, MotionEvent { action=ACTION_DOWN, id[0]=0, x[0]=9.0, y[0]=725.0, toolType[0]=TOOL_TYPE_UNKNOWN, buttonState=0, metaState=0, flags=0x0, edgeFlags=0x0, pointerCount=1, historySize=0, eventTime=191055, downTime=191055, deviceId=0, source=0x1002 }
D/InputEventConsistencyVerifier(  427):   3: sent at 190551000000, MotionEvent { action=ACTION_UP, id[0]=0, x[0]=86.0, y[0]=5.0, toolType[0]=TOOL_TYPE_UNKNOWN, buttonState=0, metaState=0, flags=0x0, edgeFlags=0x0, pointerCount=1, historySize=0, eventTime=190551, downTime=190545, deviceId=0, source=0x1002 }
D/InputEventConsistencyVerifier(  427):   4: sent at 190545000000, MotionEvent { action=ACTION_DOWN, id[0]=0, x[0]=78.0, y[0]=13.0, toolType[0]=TOOL_TYPE_UNKNOWN, buttonState=0, metaState=0, flags=0x0, edgeFlags=0x0, pointerCount=1, historySize=0, eventTime=190545, downTime=190545, deviceId=0, source=0x1002 }
D/InputEventConsistencyVerifier(  427):   5: sent at 144389000000, MotionEvent { action=ACTION_UP, id[0]=0, x[0]=376.0, y[0]=48.0, toolType[0]=TOOL_TYPE_UNKNOWN, buttonState=0, metaState=0, flags=0x0, edgeFlags=0x0, pointerCount=1, historySize=0, eventTime=144389, downTime=144364, deviceId=0, source=0x1002 }
I/Choreographer( 1002): Skipped 36 frames!  The application may be doing too much work on its main thread.
W/dalvikvm(  427): DroidBox: { "FdAccess": { "path": "2f70726f632f6d656d696e666f", "id": "449036781" } }
W/DroidBox(  427): DroidBox: { "FileRW": { "operation": "read", "data": "4d656d546f74616c3a202020202020202020373438393634206b420a4d656d467265653a20202020202020202020343336353336206b420a427566666572733a20202020202020202020202035373230206b420a4361636865643a202020202020202020", "id": "449036781" } }
I/Choreographer(  427): Skipped 85 frames!  The application may be doing too much work on its main thread.
W/dalvikvm(  427): DroidBox: { "FdAccess": { "path": "2f70726f632f6d656d696e666f", "id": "1097129070" } }
W/DroidBox(  427): DroidBox: { "FileRW": { "operation": "read", "data": "4d656d546f74616c3a202020202020202020373438393634206b420a4d656d467265653a20202020202020202020343336343034206b420a427566666572733a20202020202020202020202035373230206b420a4361636865643a202020202020202020", "id": "1097129070" } }
D/InputEventConsistencyVerifier(  427): TouchEvent: ACTION_DOWN but pointers are already down.  Probably missing ACTION_UP from previous gesture.
D/InputEventConsistencyVerifier(  427):   in android.view.ScaleGestureDetector@b3f21a88
D/InputEventConsistencyVerifier(  427):   0: sent at 198882000000, MotionEvent { action=ACTION_DOWN, id[0]=0, x[0]=442.0, y[0]=618.0, toolType[0]=TOOL_TYPE_UNKNOWN, buttonState=0, metaState=0, flags=0x0, edgeFlags=0x0, pointerCount=1, historySize=0, eventTime=198882, downTime=198881, deviceId=0, source=0x1002 }
D/InputEventConsistencyVerifier(  427):   -- recent events --
D/InputEventConsistencyVerifier(  427):   1: sent at 198853000000, MotionEvent { action=ACTION_DOWN, id[0]=0, x[0]=402.0, y[0]=181.0, toolType[0]=TOOL_TYPE_UNKNOWN, buttonState=0, metaState=0, flags=0x0, edgeFlags=0x0, pointerCount=1, historySize=0, eventTime=198853, downTime=198853, deviceId=0, source=0x1002 }
D/InputEventConsistencyVerifier(  427):   2: sent at 198418000000, MotionEvent { action=ACTION_UP, id[0]=0, x[0]=436.0, y[0]=19.0, toolType[0]=TOOL_TYPE_UNKNOWN, buttonState=0, metaState=0, flags=0x0, edgeFlags=0x0, pointerCount=1, historySize=0, eventTime=198418, downTime=198396, deviceId=0, source=0x1002 }
D/InputEventConsistencyVerifier(  427):   3: sent at 198397000000, MotionEvent { action=ACTION_DOWN, id[0]=0, x[0]=437.0, y[0]=19.0, toolType[0]=TOOL_TYPE_UNKNOWN, buttonState=0, metaState=0, flags=0x80000000, edgeFlags=0x0, pointerCount=1, historySize=0, eventTime=198397, downTime=198396, deviceId=0, source=0x1002 }
D/InputEventConsistencyVerifier(  427):   4: sent at 191085000000, MotionEvent { action=ACTION_DOWN, id[0]=0, x[0]=1.0, y[0]=186.0, toolType[0]=TOOL_TYPE_UNKNOWN, buttonState=0, metaState=0, flags=0x80000000, edgeFlags=0x0, pointerCount=1, historySize=0, eventTime=191085, downTime=191083, deviceId=0, source=0x1002 }
D/InputEventConsistencyVerifier(  427):   5: sent at 191055000000, MotionEvent { action=ACTION_DOWN, id[0]=0, x[0]=9.0, y[0]=725.0, toolType[0]=TOOL_TYPE_UNKNOWN, buttonState=0, metaState=0, flags=0x0, edgeFlags=0x0, pointerCount=1, historySize=0, eventTime=191055, downTime=191055, deviceId=0, source=0x1002 }
D/PhoneStatusBar(  427): disable: < expand icons alerts TICKER* system_info back home recent clock >
I/ActivityManager(  228): START {act=android.intent.action.MAIN cat=[android.intent.category.LAUNCHER] flg=0x10000000 cmp=com.android.calendar/.AllInOneActivity sel={act=android.intent.action.MAIN cat=[android.intent.category.APP_CALENDAR]} u=0} from pid 228
V/PhoneStatusBar(  427): setLightsOn(true)
I/Choreographer(  427): Skipped 63 frames!  The application may be doing too much work on its main thread.
D/InputEventConsistencyVerifier(  427): KeyEvent: ACTION_UP but key was not down.
D/InputEventConsistencyVerifier(  427):   in android.view.ViewRootImpl@b3f12d50
D/InputEventConsistencyVerifier(  427):   0: sent at 199191000000, KeyEvent { action=ACTION_UP, keyCode=KEYCODE_CALENDAR, scanCode=0, metaState=0, flags=0x8, repeatCount=0, eventTime=199191, downTime=199191, deviceId=-1, source=0x101 }
D/InputEventConsistencyVerifier(  427):   -- recent events --
D/InputEventConsistencyVerifier(  427):   1: sent at 199081000000, KeyEvent { action=ACTION_UP, keyCode=KEYCODE_NUMPAD_MULTIPLY, scanCode=0, metaState=0, flags=0x8, repeatCount=0, eventTime=199081, downTime=199081, deviceId=-1, source=0x101 }
D/InputEventConsistencyVerifier(  427):   2: sent at 198901000000, KeyEvent { action=ACTION_DOWN, keyCode=KEYCODE_NUMPAD_MULTIPLY, scanCode=0, metaState=0, flags=0x8, repeatCount=0, eventTime=198901, downTime=198901, deviceId=-1, source=0x101 }
D/InputEventConsistencyVerifier(  427):   3: sent at 198889000000, MotionEvent { action=ACTION_UP, id[0]=0, x[0]=454.0, y[0]=618.0, toolType[0]=TOOL_TYPE_UNKNOWN, buttonState=0, metaState=0, flags=0x0, edgeFlags=0x0, pointerCount=1, historySize=0, eventTime=198889, downTime=198881, deviceId=0, source=0x1002 }
D/InputEventConsistencyVerifier(  427):   4: sent at 198882000000, MotionEvent { action=ACTION_DOWN, id[0]=0, x[0]=442.0, y[0]=618.0, toolType[0]=TOOL_TYPE_UNKNOWN, buttonState=0, metaState=0, flags=0x0, edgeFlags=0x0, pointerCount=1, historySize=0, eventTime=198882, downTime=198881, deviceId=0, source=0x1002 }
D/InputEventConsistencyVerifier(  427):   5: sent at 198859000000, MotionEvent { action=ACTION_UP, id[0]=0, x[0]=385.0, y[0]=166.0, toolType[0]=TOOL_TYPE_UNKNOWN, buttonState=0, metaState=0, flags=0x0, edgeFlags=0x0, pointerCount=1, historySize=0, eventTime=198859, downTime=198853, deviceId=0, source=0x1002 }
V/PhoneStatusBar(  427): setLightsOn(true)
D/PhoneStatusBar(  427): disable: < expand icons alerts ticker* system_info back home recent clock >
E/WVMExtractor(   60): Failed to open libwvm.so
I/Choreographer( 1002): Skipped 105 frames!  The application may be doing too much work on its main thread.
I/ActivityManager(  228): START {act=android.intent.action.MAIN cat=[android.intent.category.LAUNCHER] flg=0x10200000 cmp=com.apperhand.my.reminder.widget.pro/.Main u=0} from pid 956
W/InputMethodManagerService(  228): Window already focused, ignoring focus gain of: com.android.internal.view.IInputMethodClient$Stub$Proxy@b41a57d0 attribute=null
I/Choreographer( 1002): Skipped 45 frames!  The application may be doing too much work on its main thread.
E/WVMExtractor(   60): Failed to open libwvm.so
I/Choreographer( 1002): Skipped 30 frames!  The application may be doing too much work on its main thread.
E/WVMExtractor(   60): Failed to open libwvm.so
D/InputEventConsistencyVerifier( 1002): TrackballEvent: Trackball is down but pressure is not greater than 0.
D/InputEventConsistencyVerifier( 1002):   in android.view.ViewRootImpl@b3ed70a8
D/InputEventConsistencyVerifier( 1002):   0: sent at 200695000000, MotionEvent { action=ACTION_DOWN, id[0]=0, x[0]=0.0, y[0]=0.0, toolType[0]=TOOL_TYPE_UNKNOWN, buttonState=0, metaState=0, flags=0x0, edgeFlags=0x0, pointerCount=1, historySize=0, eventTime=200695, downTime=200663, deviceId=0, source=0x10004 }
D/InputEventConsistencyVerifier( 1002):   -- recent events --
D/InputEventConsistencyVerifier( 1002):   1: sent at 200953000000, KeyEvent { action=ACTION_UP, keyCode=KEYCODE_DPAD_DOWN, scanCode=0, metaState=0, flags=0x400, repeatCount=0, eventTime=200953, downTime=200953, deviceId=-1, source=0x101 }
D/InputEventConsistencyVerifier( 1002):   2: sent at 200953000000, KeyEvent { action=ACTION_DOWN, keyCode=KEYCODE_DPAD_DOWN, scanCode=0, metaState=0, flags=0x400, repeatCount=0, eventTime=200953, downTime=200953, deviceId=-1, source=0x101 }
D/InputEventConsistencyVerifier( 1002):   3: sent at 200939000000, KeyEvent { action=ACTION_UP, keyCode=KEYCODE_DPAD_DOWN, scanCode=0, metaState=0, flags=0x400, repeatCount=0, eventTime=200939, downTime=200939, deviceId=-1, source=0x101 }
D/InputEventConsistencyVerifier( 1002):   4: sent at 200939000000, KeyEvent { action=ACTION_DOWN, keyCode=KEYCODE_DPAD_DOWN, scanCode=0, metaState=0, flags=0x400, repeatCount=0, eventTime=200939, downTime=200939, deviceId=-1, source=0x101 }
D/InputEventConsistencyVerifier( 1002):   5: sent at 200688000000, MotionEvent { action=ACTION_MOVE, id[0]=0, x[0]=-2.0, y[0]=2.0, toolType[0]=TOOL_TYPE_UNKNOWN, buttonState=0, metaState=0, flags=0x0, edgeFlags=0x0, pointerCount=1, historySize=9, eventTime=200688, downTime=-1, deviceId=0, source=0x10004 }
I/Choreographer( 1002): Skipped 84 frames!  The application may be doing too much work on its main thread.
I/Choreographer( 1002): Skipped 112 frames!  The application may be doing too much work on its main thread.
W/InputMethodManagerService(  228): Window already focused, ignoring focus gain of: com.android.internal.view.IInputMethodClient$Stub$Proxy@b4060de8 attribute=null
E/WVMExtractor(   60): Failed to open libwvm.so
W/dalvikvm( 1002): DroidBox: { "FdAccess": { "path": "2f646174612f646174612f636f6d2e617070657268616e642e6d792e72656d696e6465722e7769646765742e70726f2f7368617265645f70726566732f636f6d2e617070657268616e642e6d792e72656d696e6465722e7769646765742e70726f5f707265666572656e6365732e786d6c", "id": "961614780" } }
W/DroidBox( 1002): DroidBox: { "FileRW": { "operation": "write", "data": "3c3f786d6c2076657273696f6e3d27312e302720656e636f64696e673d277574662d3827207374616e64616c6f6e653d2779657327203f3e0a3c6d61703e0a3c626f6f6c65616e206e616d653d22706f7374706f6e655f72656d222076616c75653d2274", "id": "961614780" } }
D/InputEventConsistencyVerifier( 1002): KeyEvent: ACTION_UP but key was not down.
D/InputEventConsistencyVerifier( 1002):   in android.view.ViewRootImpl@b3fabfe8
D/InputEventConsistencyVerifier( 1002):   0: sent at 201739000000, KeyEvent { action=ACTION_UP, keyCode=KEYCODE_MENU, scanCode=0, metaState=0, flags=0x8, repeatCount=0, eventTime=201739, downTime=201739, deviceId=-1, source=0x101 }
D/InputEventConsistencyVerifier( 1002):   -- recent events --
D/InputEventConsistencyVerifier( 1002):   1: sent at 200655000000, MotionEvent { action=ACTION_UP, id[0]=0, x[0]=307.0, y[0]=189.0, toolType[0]=TOOL_TYPE_UNKNOWN, buttonState=0, metaState=0, flags=0x0, edgeFlags=0x0, pointerCount=1, historySize=0, eventTime=200655, downTime=200625, deviceId=0, source=0x1002 }
D/InputEventConsistencyVerifier( 1002):   2: sent at 201054000000, KeyEvent { action=ACTION_UP, keyCode=KEYCODE_DPAD_RIGHT, scanCode=0, metaState=0, flags=0x400, repeatCount=0, eventTime=201054, downTime=201054, deviceId=-1, source=0x101 }
D/InputEventConsistencyVerifier( 1002):   3: sent at 201054000000, KeyEvent { action=ACTION_DOWN, keyCode=KEYCODE_DPAD_RIGHT, scanCode=0, metaState=0, flags=0x400, repeatCount=0, eventTime=201054, downTime=201054, deviceId=-1, source=0x101 }
D/InputEventConsistencyVerifier( 1002):   4: sent at 201053000000, KeyEvent { action=ACTION_UP, keyCode=KEYCODE_DPAD_RIGHT, scanCode=0, metaState=0, flags=0x400, repeatCount=0, eventTime=201053, downTime=201053, deviceId=-1, source=0x101 }
D/InputEventConsistencyVerifier( 1002):   5: sent at 201053000000, KeyEvent { action=ACTION_DOWN, keyCode=KEYCODE_DPAD_RIGHT, scanCode=0, metaState=0, flags=0x400, repeatCount=0, eventTime=201053, downTime=201053, deviceId=-1, source=0x101 }
E/WVMExtractor(   60): Failed to open libwvm.so
E/WVMExtractor(   60): Failed to open libwvm.so
E/WVMExtractor(   60): Failed to open libwvm.so
I/Choreographer( 1002): Skipped 31 frames!  The application may be doing too much work on its main thread.
E/WVMExtractor(   60): Failed to open libwvm.so
I/Choreographer( 1002): Skipped 142 frames!  The application may be doing too much work on its main thread.
I/ActivityManager(  228): START {act=android.intent.action.RINGTONE_PICKER cmp=com.android.providers.media/.RingtonePickerActivity (has extras) u=0} from pid 1002
W/InputMethodManagerService(  228): Window already focused, ignoring focus gain of: com.android.internal.view.IInputMethodClient$Stub$Proxy@b3ff53c0 attribute=null
I/Choreographer( 1002): Skipped 128 frames!  The application may be doing too much work on its main thread.
E/WVMExtractor(   60): Failed to open libwvm.so
E/WVMExtractor(   60): Failed to open libwvm.so
D/InputEventConsistencyVerifier( 1002): TrackballEvent: Trackball is down but pressure is not greater than 0.
D/InputEventConsistencyVerifier( 1002):   in android.view.ViewRootImpl@b3fabfe8
D/InputEventConsistencyVerifier( 1002):   0: sent at 205094000000, MotionEvent { action=ACTION_DOWN, id[0]=0, x[0]=0.0, y[0]=0.0, toolType[0]=TOOL_TYPE_UNKNOWN, buttonState=0, metaState=0, flags=0x0, edgeFlags=0x0, pointerCount=1, historySize=0, eventTime=205094, downTime=204866, deviceId=0, source=0x10004 }
D/InputEventConsistencyVerifier( 1002):   -- recent events --
D/InputEventConsistencyVerifier( 1002):   1: sent at 205193000000, KeyEvent { action=ACTION_UP, keyCode=KEYCODE_DPAD_DOWN, scanCode=0, metaState=0, flags=0x400, repeatCount=0, eventTime=205193, downTime=205193, deviceId=-1, source=0x101 }
D/InputEventConsistencyVerifier( 1002):   2: sent at 205193000000, KeyEvent { action=ACTION_DOWN, keyCode=KEYCODE_DPAD_DOWN, scanCode=0, metaState=0, flags=0x400, repeatCount=0, eventTime=205193, downTime=205193, deviceId=-1, source=0x101 }
D/InputEventConsistencyVerifier( 1002):   3: sent at 205192000000, KeyEvent { action=ACTION_UP, keyCode=KEYCODE_DPAD_DOWN, scanCode=0, metaState=0, flags=0x400, repeatCount=0, eventTime=205192, downTime=205192, deviceId=-1, source=0x101 }
D/InputEventConsistencyVerifier( 1002):   4: sent at 205192000000, KeyEvent { action=ACTION_DOWN, keyCode=KEYCODE_DPAD_DOWN, scanCode=0, metaState=0, flags=0x400, repeatCount=0, eventTime=205192, downTime=205192, deviceId=-1, source=0x101 }
D/InputEventConsistencyVerifier( 1002):   5: sent at 205191000000, KeyEvent { action=ACTION_UP, keyCode=KEYCODE_DPAD_DOWN, scanCode=0, metaState=0, flags=0x400, repeatCount=0, eventTime=205191, downTime=205191, deviceId=-1, source=0x101 }
E/WVMExtractor(   60): Failed to open libwvm.so
I/Choreographer( 1002): Skipped 55 frames!  The application may be doing too much work on its main thread.
E/WVMExtractor(   60): Failed to open libwvm.so
E/WVMExtractor(   60): Failed to open libwvm.so
I/ActivityManager(  228): START {act=android.intent.action.RINGTONE_PICKER cmp=com.android.providers.media/.RingtonePickerActivity (has extras) u=0} from pid 1002
E/WVMExtractor(   60): Failed to open libwvm.so
I/Choreographer( 1002): Skipped 53 frames!  The application may be doing too much work on its main thread.
E/WVMExtractor(   60): Failed to open libwvm.so
E/WVMExtractor(   60): Failed to open libwvm.so
E/WVMExtractor(   60): Failed to open libwvm.so
E/WVMExtractor(   60): Failed to open libwvm.so
E/WVMExtractor(   60): Failed to open libwvm.so
E/WVMExtractor(   60): Failed to open libwvm.so
E/WVMExtractor(   60): Failed to open libwvm.so
E/WVMExtractor(   60): Failed to open libwvm.so
E/WVMExtractor(   60): Failed to open libwvm.so
E/WVMExtractor(   60): Failed to open libwvm.so
E/WVMExtractor(   60): Failed to open libwvm.so
I/Choreographer( 1002): Skipped 48 frames!  The application may be doing too much work on its main thread.
E/WVMExtractor(   60): Failed to open libwvm.so
I/Choreographer( 1002): Skipped 46 frames!  The application may be doing too much work on its main thread.
I/Choreographer( 1002): Skipped 44 frames!  The application may be doing too much work on its main thread.
W/InputMethodManagerService(  228): Window already focused, ignoring focus gain of: com.android.internal.view.IInputMethodClient$Stub$Proxy@b3ffd590 attribute=null
I/Choreographer( 1002): Skipped 56 frames!  The application may be doing too much work on its main thread.
E/WVMExtractor(   60): Failed to open libwvm.so
I/Choreographer( 1002): Skipped 36 frames!  The application may be doing too much work on its main thread.
E/WVMExtractor(   60): Failed to open libwvm.so
I/Choreographer( 1002): Skipped 60 frames!  The application may be doing too much work on its main thread.
W/dalvikvm( 1002): DroidBox: { "FdAccess": { "path": "2f646174612f646174612f636f6d2e617070657268616e642e6d792e72656d696e6465722e7769646765742e70726f2f7368617265645f70726566732f636f6d2e617070657268616e642e6d792e72656d696e6465722e7769646765742e70726f5f707265666572656e6365732e786d6c", "id": "2050300380" } }
W/DroidBox( 1002): DroidBox: { "FileRW": { "operation": "write", "data": "3c3f786d6c2076657273696f6e3d27312e302720656e636f64696e673d277574662d3827207374616e64616c6f6e653d2779657327203f3e0a3c6d61703e0a3c626f6f6c65616e206e616d653d22706f7374706f6e655f72656d222076616c75653d2266", "id": "2050300380" } }
W/InputMethodManagerService(  228): Window already focused, ignoring focus gain of: com.android.internal.view.IInputMethodClient$Stub$Proxy@b419ec00 attribute=null
I/Choreographer( 1002): Skipped 46 frames!  The application may be doing too much work on its main thread.
E/WVMExtractor(   60): Failed to open libwvm.so
E/WVMExtractor(   60): Failed to open libwvm.so
D/InputEventConsistencyVerifier( 1002): TrackballEvent: Trackball is down but pressure is not greater than 0.
D/InputEventConsistencyVerifier( 1002):   in android.view.ViewRootImpl@b3fabfe8
D/InputEventConsistencyVerifier( 1002):   0: sent at 215525000000, MotionEvent { action=ACTION_DOWN, id[0]=0, x[0]=0.0, y[0]=0.0, toolType[0]=TOOL_TYPE_UNKNOWN, buttonState=0, metaState=0, flags=0x0, edgeFlags=0x0, pointerCount=1, historySize=0, eventTime=215525, downTime=215458, deviceId=0, source=0x10004 }
D/InputEventConsistencyVerifier( 1002):   -- recent events --
D/InputEventConsistencyVerifier( 1002):   1: sent at 215523000000, MotionEvent { action=ACTION_MOVE, id[0]=0, x[0]=-2.0, y[0]=2.0, toolType[0]=TOOL_TYPE_UNKNOWN, buttonState=0, metaState=0, flags=0x0, edgeFlags=0x0, pointerCount=1, historySize=11, eventTime=215523, downTime=-1, deviceId=0, source=0x10004 }
D/InputEventConsistencyVerifier( 1002):   2: sent at 215422000000, KeyEvent { action=ACTION_UP, keyCode=KEYCODE_DPAD_RIGHT, scanCode=0, metaState=0, flags=0x400, repeatCount=0, eventTime=215422, downTime=215422, deviceId=-1, source=0x101 }
D/InputEventConsistencyVerifier( 1002):   3: sent at 215422000000, KeyEvent { action=ACTION_DOWN, keyCode=KEYCODE_DPAD_RIGHT, scanCode=0, metaState=0, flags=0x400, repeatCount=0, eventTime=215422, downTime=215422, deviceId=-1, source=0x101 }
D/InputEventConsistencyVerifier( 1002):   4: sent at 215421000000, KeyEvent { action=ACTION_UP, keyCode=KEYCODE_DPAD_RIGHT, scanCode=0, metaState=0, flags=0x400, repeatCount=0, eventTime=215421, downTime=215421, deviceId=-1, source=0x101 }
D/InputEventConsistencyVerifier( 1002):   5: sent at 215421000000, KeyEvent { action=ACTION_DOWN, keyCode=KEYCODE_DPAD_RIGHT, scanCode=0, metaState=0, flags=0x400, repeatCount=0, eventTime=215421, downTime=215421, deviceId=-1, source=0x101 }
W/BackupManagerService(  228): dataChanged but no participant pkg='com.android.providers.settings' uid=10011
E/WVMExtractor(   60): Failed to open libwvm.so
W/dalvikvm( 1002): DroidBox: { "FdAccess": { "path": "2f646174612f646174612f636f6d2e617070657268616e642e6d792e72656d696e6465722e7769646765742e70726f2f7368617265645f70726566732f636f6d2e617070657268616e642e6d792e72656d696e6465722e7769646765742e70726f5f707265666572656e6365732e786d6c", "id": "1135610674" } }
W/DroidBox( 1002): DroidBox: { "FileRW": { "operation": "write", "data": "3c3f786d6c2076657273696f6e3d27312e302720656e636f64696e673d277574662d3827207374616e64616c6f6e653d2779657327203f3e0a3c6d61703e0a3c626f6f6c65616e206e616d653d22706f7374706f6e655f72656d222076616c75653d2266", "id": "1135610674" } }
E/WVMExtractor(   60): Failed to open libwvm.so
E/MetadataRetrieverClient(   60): failed to extract an album art
I/Choreographer( 1002): Skipped 42 frames!  The application may be doing too much work on its main thread.
I/ActivityManager(  228): START {act=android.intent.action.RINGTONE_PICKER cmp=com.android.providers.media/.RingtonePickerActivity (has extras) u=0} from pid 1002
E/WVMExtractor(   60): Failed to open libwvm.so
I/Choreographer( 1002): Skipped 50 frames!  The application may be doing too much work on its main thread.
E/WVMExtractor(   60): Failed to open libwvm.so
I/Choreographer( 1002): Skipped 50 frames!  The application may be doing too much work on its main thread.
I/ActivityManager(  228): START {act=android.intent.action.MAIN cat=[android.intent.category.LAUNCHER] flg=0x10200000 cmp=com.apperhand.my.reminder.widget.pro/.Main u=0} from pid 956
I/Choreographer( 1002): Skipped 74 frames!  The application may be doing too much work on its main thread.
I/Choreographer( 1002): Skipped 76 frames!  The application may be doing too much work on its main thread.
W/InputMethodManagerService(  228): Window already focused, ignoring focus gain of: com.android.internal.view.IInputMethodClient$Stub$Proxy@b415e3a0 attribute=null
I/Choreographer( 1002): Skipped 34 frames!  The application may be doing too much work on its main thread.
E/WVMExtractor(   60): Failed to open libwvm.so
E/WVMExtractor(   60): Failed to open libwvm.so
E/WVMExtractor(   60): Failed to open libwvm.so
E/WVMExtractor(   60): Failed to open libwvm.so
W/WindowManager(  228): Failure taking screenshot for (246x410) to layer 21020
V/PhoneStatusBar(  427): setLightsOn(true)
I/Choreographer( 1002): Skipped 59 frames!  The application may be doing too much work on its main thread.
I/Choreographer( 1002): Skipped 43 frames!  The application may be doing too much work on its main thread.
E/WVMExtractor(   60): Failed to open libwvm.so
D/InputEventConsistencyVerifier( 1002): KeyEvent: ACTION_UP but key was not down.
D/InputEventConsistencyVerifier( 1002):   in android.widget.Button@b3f84430
D/InputEventConsistencyVerifier( 1002):   0: sent at 222518000000, KeyEvent { action=ACTION_UP, keyCode=KEYCODE_DPAD_DOWN, scanCode=0, metaState=0, flags=0x400, repeatCount=0, eventTime=222518, downTime=222518, deviceId=-1, source=0x101 }
D/InputEventConsistencyVerifier( 1002):   -- recent events --
D/InputEventConsistencyVerifier( 1002):   1: sent at 120667000000, MotionEvent { action=ACTION_CANCEL, id[0]=0, x[0]=194.0, y[0]=152.0, toolType[0]=TOOL_TYPE_UNKNOWN, buttonState=0, metaState=0, flags=0x0, edgeFlags=0x0, pointerCount=1, historySize=0, eventTime=120667, downTime=120620, deviceId=0, source=0x1002 }
D/InputEventConsistencyVerifier( 1002):   2: sent at 120662000000, MotionEvent { action=ACTION_DOWN, id[0]=0, x[0]=172.0, y[0]=65.0, toolType[0]=TOOL_TYPE_UNKNOWN, buttonState=0, metaState=0, flags=0x0, edgeFlags=0x0, pointerCount=1, historySize=0, eventTime=120662, downTime=120620, deviceId=0, source=0x1002 }
D/InputEventConsistencyVerifier( 1002): KeyEvent: ACTION_UP but key was not down.
D/InputEventConsistencyVerifier( 1002):   in android.widget.EditText@b3efbe88
D/InputEventConsistencyVerifier( 1002):   0: sent at 222521000000, KeyEvent { action=ACTION_UP, keyCode=KEYCODE_DPAD_DOWN, scanCode=0, metaState=0, flags=0x400, repeatCount=0, eventTime=222521, downTime=222521, deviceId=-1, source=0x101 }
E/WVMExtractor(   60): Failed to open libwvm.so
D/InputEventConsistencyVerifier( 1002): KeyEvent: ACTION_UP but key was not down.
D/InputEventConsistencyVerifier( 1002):   in android.widget.LinearLayout@b3f51a78
D/InputEventConsistencyVerifier( 1002):   0: sent at 222534000000, KeyEvent { action=ACTION_UP, keyCode=KEYCODE_DPAD_DOWN, scanCode=0, metaState=0, flags=0x400, repeatCount=0, eventTime=222534, downTime=222534, deviceId=-1, source=0x101 }
D/InputEventConsistencyVerifier( 1002):   -- recent events --
D/InputEventConsistencyVerifier( 1002):   1: sent at 127007000000, MotionEvent { action=ACTION_CANCEL, id[0]=0, x[0]=60.0, y[0]=341.0, toolType[0]=TOOL_TYPE_UNKNOWN, buttonState=0, metaState=0, flags=0x0, edgeFlags=0x0, pointerCount=1, historySize=3, eventTime=127007, downTime=126964, deviceId=0, source=0x1002 }
D/InputEventConsistencyVerifier( 1002):   2: sent at 126965000000, MotionEvent { action=ACTION_DOWN, id[0]=0, x[0]=16.0, y[0]=62.0, toolType[0]=TOOL_TYPE_UNKNOWN, buttonState=0, metaState=0, flags=0x0, edgeFlags=0x0, pointerCount=1, historySize=0, eventTime=126965, downTime=126964, deviceId=0, source=0x1002 }
E/WVMExtractor(   60): Failed to open libwvm.so
E/WVMExtractor(   60): Failed to open libwvm.so
E/WVMExtractor(   60): Failed to open libwvm.so
E/WVMExtractor(   60): Failed to open libwvm.so
E/WVMExtractor(   60): Failed to open libwvm.so
E/WVMExtractor(   60): Failed to open libwvm.so
I/dalvikvm-heap( 1002): Grow heap (frag case) to 10.110MB for 30436-byte allocation
E/WVMExtractor(   60): Failed to open libwvm.so
I/dalvikvm-heap( 1002): Grow heap (frag case) to 10.166MB for 30436-byte allocation
I/dalvikvm-heap( 1002): Grow heap (frag case) to 10.223MB for 30436-byte allocation
E/WVMExtractor(   60): Failed to open libwvm.so
E/WVMExtractor(   60): Failed to open libwvm.so
E/WVMExtractor(   60): Failed to open libwvm.so
E/WVMExtractor(   60): Failed to open libwvm.so
E/WVMExtractor(   60): Failed to open libwvm.so
E/WVMExtractor(   60): Failed to open libwvm.so
E/WVMExtractor(   60): Failed to open libwvm.so
E/WVMExtractor(   60): Failed to open libwvm.so
W/dalvikvm(  228): DroidBox: { "FdAccess": { "path": "2f70726f632f3232382f6e65742f78745f717461677569642f69666163655f737461745f616c6c", "id": "788356571" } }
W/DroidBox(  228): DroidBox: { "FileRW": { "operation": "read", "data": "65746830203120302030203020302036303338353420323738372034333836363520323436390a6c6f20312030203020302030203337333620353320333733362035330a0000000000000000000000000000000000000000000000000000000000000000", "id": "788356571" } }
W/dalvikvm(  228): DroidBox: { "FdAccess": { "path": "2f70726f632f3232382f6e65742f78745f717461677569642f69666163655f737461745f616c6c", "id": "1033396356" } }
W/DroidBox(  228): DroidBox: { "FileRW": { "operation": "read", "data": "35330a362035330a35330a362035330a330a330a330a330a330a35330a362035330a3733362035330a362035330a3733362035330a330a330a330a330a330a362035330a0000000000000000000000000000000000000000000000000000000000000000", "id": "1033396356" } }
W/ThrottleService(  228): unable to find stats for iface rmnet0
E/ThrottleService(  228): Error reading data file
E/WVMExtractor(   60): Failed to open libwvm.so
E/WVMExtractor(   60): Failed to open libwvm.so
I/dalvikvm-heap( 1002): Grow heap (frag case) to 10.052MB for 69136-byte allocation
I/dalvikvm-heap( 1002): Grow heap (frag case) to 10.200MB for 155536-byte allocation
E/WVMExtractor(   60): Failed to open libwvm.so
I/InputDispatcher(  228): Application is not responding: AppWindowToken{b406f250 token=Token{b3fe9cc8 ActivityRecord{b3fe9a50 com.apperhand.my.reminder.widget.pro/.NewReminder}}} - Window{b407ce88 com.apperhand.my.reminder.widget.pro/com.apperhand.my.reminder.widget.pro.NewReminder paused=false}.  It has been 5005.5ms since event, 5001.3ms since wait started.  Reason: Waiting because the focused window has not finished processing the input events that were previously delivered to it.
I/WindowManager(  228): Input event dispatching timed out sending to com.apperhand.my.reminder.widget.pro/com.apperhand.my.reminder.widget.pro.NewReminder
I/Process (  228): Sending signal. PID: 1002 SIG: 3
E/WVMExtractor(   60): Failed to open libwvm.so
I/Process (  228): Sending signal. PID: 228 SIG: 3
I/Process (  228): Sending signal. PID: 427 SIG: 3
I/Process (  228): Sending signal. PID: 496 SIG: 3
W/dalvikvm(  228): DroidBox: { "FdAccess": { "path": "2f70726f632f312f636d646c696e65", "id": "1536750917" } }
W/DroidBox(  228): DroidBox: { "FileRW": { "operation": "read", "data": "2f696e69740000000000000000000000000000000000000000000000000000000000000000000000000000000000000000000000000000000000000000000000000000000000000000000000000000000000000000000000000000000000000000000000", "id": "1536750917" } }
W/dalvikvm(  228): DroidBox: { "FdAccess": { "path": "2f70726f632f322f636d646c696e65", "id": "861995873" } }
W/DroidBox(  228): DroidBox: { "FileRW": { "operation": "read", "data": "2f696e69740000000000000000000000000000000000000000000000000000000000000000000000000000000000000000000000000000000000000000000000000000000000000000000000000000000000000000000000000000000000000000000000", "id": "861995873" } }
W/dalvikvm(  228): DroidBox: { "FdAccess": { "path": "2f70726f632f332f636d646c696e65", "id": "1769677066" } }
W/DroidBox(  228): DroidBox: { "FileRW": { "operation": "read", "data": "2f696e69740000000000000000000000000000000000000000000000000000000000000000000000000000000000000000000000000000000000000000000000000000000000000000000000000000000000000000000000000000000000000000000000", "id": "1769677066" } }
W/dalvikvm(  228): DroidBox: { "FdAccess": { "path": "2f70726f632f342f636d646c696e65", "id": "1378160148" } }
W/DroidBox(  228): DroidBox: { "FileRW": { "operation": "read", "data": "2f696e69740000000000000000000000000000000000000000000000000000000000000000000000000000000000000000000000000000000000000000000000000000000000000000000000000000000000000000000000000000000000000000000000", "id": "1378160148" } }
W/dalvikvm(  228): DroidBox: { "FdAccess": { "path": "2f70726f632f352f636d646c696e65", "id": "1451502686" } }
W/DroidBox(  228): DroidBox: { "FileRW": { "operation": "read", "data": "2f696e69740000000000000000000000000000000000000000000000000000000000000000000000000000000000000000000000000000000000000000000000000000000000000000000000000000000000000000000000000000000000000000000000", "id": "1451502686" } }
W/dalvikvm(  228): DroidBox: { "FdAccess": { "path": "2f70726f632f362f636d646c696e65", "id": "1580792451" } }
W/DroidBox(  228): DroidBox: { "FileRW": { "operation": "read", "data": "2f696e69740000000000000000000000000000000000000000000000000000000000000000000000000000000000000000000000000000000000000000000000000000000000000000000000000000000000000000000000000000000000000000000000", "id": "1580792451" } }
W/dalvikvm(  228): DroidBox: { "FdAccess": { "path": "2f70726f632f372f636d646c696e65", "id": "1499251038" } }
W/DroidBox(  228): DroidBox: { "FileRW": { "operation": "read", "data": "2f696e69740000000000000000000000000000000000000000000000000000000000000000000000000000000000000000000000000000000000000000000000000000000000000000000000000000000000000000000000000000000000000000000000", "id": "1499251038" } }
W/dalvikvm(  228): DroidBox: { "FdAccess": { "path": "2f70726f632f382f636d646c696e65", "id": "911995352" } }
W/DroidBox(  228): DroidBox: { "FileRW": { "operation": "read", "data": "2f696e69740000000000000000000000000000000000000000000000000000000000000000000000000000000000000000000000000000000000000000000000000000000000000000000000000000000000000000000000000000000000000000000000", "id": "911995352" } }
W/dalvikvm(  228): DroidBox: { "FdAccess": { "path": "2f70726f632f392f636d646c696e65", "id": "380608848" } }
W/DroidBox(  228): DroidBox: { "FileRW": { "operation": "read", "data": "2f696e69740000000000000000000000000000000000000000000000000000000000000000000000000000000000000000000000000000000000000000000000000000000000000000000000000000000000000000000000000000000000000000000000", "id": "380608848" } }
W/dalvikvm(  228): DroidBox: { "FdAccess": { "path": "2f70726f632f31302f636d646c696e65", "id": "797863853" } }
W/DroidBox(  228): DroidBox: { "FileRW": { "operation": "read", "data": "2f696e69740000000000000000000000000000000000000000000000000000000000000000000000000000000000000000000000000000000000000000000000000000000000000000000000000000000000000000000000000000000000000000000000", "id": "797863853" } }
W/dalvikvm(  228): DroidBox: { "FdAccess": { "path": "2f70726f632f31312f636d646c696e65", "id": "938999315" } }
W/DroidBox(  228): DroidBox: { "FileRW": { "operation": "read", "data": "2f696e69740000000000000000000000000000000000000000000000000000000000000000000000000000000000000000000000000000000000000000000000000000000000000000000000000000000000000000000000000000000000000000000000", "id": "938999315" } }
W/dalvikvm(  228): DroidBox: { "FdAccess": { "path": "2f70726f632f31322f636d646c696e65", "id": "812216887" } }
W/DroidBox(  228): DroidBox: { "FileRW": { "operation": "read", "data": "2f696e69740000000000000000000000000000000000000000000000000000000000000000000000000000000000000000000000000000000000000000000000000000000000000000000000000000000000000000000000000000000000000000000000", "id": "812216887" } }
W/dalvikvm(  228): DroidBox: { "FdAccess": { "path": "2f70726f632f31332f636d646c696e65", "id": "1040858935" } }
W/DroidBox(  228): DroidBox: { "FileRW": { "operation": "read", "data": "2f696e69740000000000000000000000000000000000000000000000000000000000000000000000000000000000000000000000000000000000000000000000000000000000000000000000000000000000000000000000000000000000000000000000", "id": "1040858935" } }
W/dalvikvm(  228): DroidBox: { "FdAccess": { "path": "2f70726f632f31342f636d646c696e65", "id": "958118046" } }
W/DroidBox(  228): DroidBox: { "FileRW": { "operation": "read", "data": "2f696e69740000000000000000000000000000000000000000000000000000000000000000000000000000000000000000000000000000000000000000000000000000000000000000000000000000000000000000000000000000000000000000000000", "id": "958118046" } }
W/dalvikvm(  228): DroidBox: { "FdAccess": { "path": "2f70726f632f32352f636d646c696e65", "id": "2074012489" } }
W/DroidBox(  228): DroidBox: { "FileRW": { "operation": "read", "data": "2f696e69740000000000000000000000000000000000000000000000000000000000000000000000000000000000000000000000000000000000000000000000000000000000000000000000000000000000000000000000000000000000000000000000", "id": "2074012489" } }
W/dalvikvm(  228): DroidBox: { "FdAccess": { "path": "2f70726f632f32362f636d646c696e65", "id": "1834007743" } }
W/DroidBox(  228): DroidBox: { "FileRW": { "operation": "read", "data": "2f696e69740000000000000000000000000000000000000000000000000000000000000000000000000000000000000000000000000000000000000000000000000000000000000000000000000000000000000000000000000000000000000000000000", "id": "1834007743" } }
W/dalvikvm(  228): DroidBox: { "FdAccess": { "path": "2f70726f632f32372f636d646c696e65", "id": "1332257369" } }
W/DroidBox(  228): DroidBox: { "FileRW": { "operation": "read", "data": "2f696e69740000000000000000000000000000000000000000000000000000000000000000000000000000000000000000000000000000000000000000000000000000000000000000000000000000000000000000000000000000000000000000000000", "id": "1332257369" } }
W/dalvikvm(  228): DroidBox: { "FdAccess": { "path": "2f70726f632f32382f636d646c696e65", "id": "2069922138" } }
W/DroidBox(  228): DroidBox: { "FileRW": { "operation": "read", "data": "2f696e69740000000000000000000000000000000000000000000000000000000000000000000000000000000000000000000000000000000000000000000000000000000000000000000000000000000000000000000000000000000000000000000000", "id": "2069922138" } }
W/dalvikvm(  228): DroidBox: { "FdAccess": { "path": "2f70726f632f32392f636d646c696e65", "id": "1159070824" } }
W/DroidBox(  228): DroidBox: { "FileRW": { "operation": "read", "data": "2f696e69740000000000000000000000000000000000000000000000000000000000000000000000000000000000000000000000000000000000000000000000000000000000000000000000000000000000000000000000000000000000000000000000", "id": "1159070824" } }
W/dalvikvm(  228): DroidBox: { "FdAccess": { "path": "2f70726f632f33302f636d646c696e65", "id": "227283085" } }
W/DroidBox(  228): DroidBox: { "FileRW": { "operation": "read", "data": "2f696e69740000000000000000000000000000000000000000000000000000000000000000000000000000000000000000000000000000000000000000000000000000000000000000000000000000000000000000000000000000000000000000000000", "id": "227283085" } }
W/dalvikvm(  228): DroidBox: { "FdAccess": { "path": "2f70726f632f33312f636d646c696e65", "id": "1812075712" } }
W/DroidBox(  228): DroidBox: { "FileRW": { "operation": "read", "data": "2f7362696e2f756576656e7464000000000000000000000000000000000000000000000000000000000000000000000000000000000000000000000000000000000000000000000000000000000000000000000000000000000000000000000000000000", "id": "1812075712" } }
W/dalvikvm(  228): DroidBox: { "FdAccess": { "path": "2f70726f632f33332f636d646c696e65", "id": "2076415447" } }
