D/InputEventConsistencyVerifier(  631): KeyEvent: ACTION_UP but key was not down.
D/InputEventConsistencyVerifier(  631):   in com.android.internal.policy.impl.PhoneWindow$DecorView@b4067268
D/InputEventConsistencyVerifier(  631):   0: sent at 109792000000, KeyEvent { action=ACTION_UP, keyCode=KEYCODE_DPAD_RIGHT, scanCode=0, metaState=0, flags=0x8, repeatCount=0, eventTime=109792, downTime=109792, deviceId=-1, source=0x101 }
W/dalvikvm( 1009): DroidBox: { "FdAccess": { "path": "2f6465762f696e7075742f6576656e7430", "id": "1158873089" } }
W/DroidBox( 1009): DroidBox: { "FileRW": { "operation": "write", "data": "efbfbd060000efbfbdefbfbd0c000500000000000000", "id": "1158873089" } }
I/ActivityManager(  231): START {act=android.search.action.GLOBAL_SEARCH flg=0x10000000 cmp=com.android.quicksearchbox/.SearchActivity bnds=[5,43][475,103] (has extras) u=0} from pid 631
I/Choreographer(  631): Skipped 42 frames!  The application may be doing too much work on its main thread.
I/Choreographer(  631): Skipped 42 frames!  The application may be doing too much work on its main thread.
E/Trace   ( 1031): error opening trace file: No such file or directory (2)
W/DroidBox( 1031): DroidBox: { "DexClassLoader": { "path": "/data/app/com.getinfo.phone-1.apk" } }
E/WVMExtractor(   61): Failed to open libwvm.so
I/dalvikvm-heap(  631): Grow heap (frag case) to 15.145MB for 1463056-byte allocation
W/InputMethodManagerService(  231): Starting input on non-focused client com.android.internal.view.IInputMethodClient$Stub$Proxy@b405d638 (uid=10019 pid=631)
D/InputEventConsistencyVerifier(  631): KeyEvent: ACTION_UP but key was not down.
D/InputEventConsistencyVerifier(  631):   in com.android.launcher2.Cling@b40abcb8
D/InputEventConsistencyVerifier(  631):   0: sent at 110072000000, KeyEvent { action=ACTION_UP, keyCode=KEYCODE_DPAD_DOWN, scanCode=0, metaState=0, flags=0x8, repeatCount=0, eventTime=110072, downTime=110072, deviceId=-1, source=0x101 }
W/DroidBox( 1031): DroidBox: { "ServiceStart": { "name": "com.getinfo.phone.protact.DreamerService" } }
I/ContactDirectoryManager(  567): deleted 0 stale rows which don't have any relevant directory
I/ContactDirectoryManager(  567): Discovered 0 contact directories in 9242ms
I/ContactsDatabaseHelper(  567): Switching to locale en_US
W/dalvikvm( 1031): DroidBox: { "FdAccess": { "path": "2f70726f632f73746174", "id": "951106314" } }
W/DroidBox( 1031): DroidBox: { "FileRW": { "operation": "read", "data": "63707520203833313020343034203233373620313237203020302031312030203020300a63707530203833313020343034203233373620313237203020302031312030203020300a696e7472203137333130203020312030203135303536203020302030", "id": "951106314" } }
W/dalvikvm( 1031): DroidBox: { "FdAccess": { "path": "2f70726f632f73746174", "id": "202641347" } }
W/DroidBox( 1031): DroidBox: { "FileRW": { "operation": "read", "data": "63707520203833313220343035203233373820313237203020302031312030203020300a63707530203833313220343035203233373820313237203020302031312030203020300a696e7472203137333232203020312030203135303632203020302030", "id": "202641347" } }
W/dalvikvm( 1031): DroidBox: { "FdAccess": { "path": "2f646174612f646174612f636f6d2e676574696e666f2e70686f6e652f66696c65732f667265652e626172", "id": "1248359678" } }
W/DroidBox( 1031): DroidBox: { "FileRW": { "operation": "write", "data": "0defbfbdefbfbd25efbfbd50efbfbd52efbfbdd3b4efbfbd23efbfbd3d1e4b07530befbfbd464defbfbd6e100036efbfbdefbfbd387eefbfbdefbfbd0e24efbfbdefbfbd", "id": "1248359678" } }
I/Choreographer( 1031): Skipped 138 frames!  The application may be doing too much work on its main thread.
W/dalvikvm(  231): DroidBox: { "FdAccess": { "path": "2f70726f632f313033312f636d646c696e65", "id": "1339003972" } }
W/DroidBox(  231): DroidBox: { "FileRW": { "operation": "read", "data": "636f6d2e676574696e666f2e70686f6e65000000000000000000000000000000000000000000000000000000000000000000000000000000000000000000000000000000000000000000000064383038656434643638303864373062393563302e61706b", "id": "1339003972" } }
V/PhoneStatusBar(  436): setLightsOn(true)
W/dalvikvm( 1031): DroidBox: { "FdAccess": { "path": "2f70726f632f6d656d696e666f", "id": "629063640" } }
W/DroidBox( 1031): DroidBox: { "FileRW": { "operation": "read", "data": "4d656d546f74616c3a202020202020202020373438393634206b420a4d656d467265653a20202020202020202020343436383834206b420a427566666572733a20202020202020202020202035303230206b420a4361636865643a202020202020202020", "id": "629063640" } }
W/dalvikvm( 1031): DroidBox: { "FdAccess": { "path": "2f70726f632f73746174", "id": "2136293400" } }
W/DroidBox( 1031): DroidBox: { "FileRW": { "operation": "read", "data": "63707520203833393820343231203234333820313237203020302031312030203020300a63707530203833393820343231203234333820313237203020302031312030203020300a696e7472203137353639203020312030203135323433203020302030", "id": "2136293400" } }
W/dalvikvm( 1031): DroidBox: { "FdAccess": { "path": "2f70726f632f6d656d696e666f", "id": "1863890289" } }
W/DroidBox( 1031): DroidBox: { "FileRW": { "operation": "read", "data": "4d656d546f74616c3a202020202020202020373438393634206b420a4d656d467265653a20202020202020202020343436303136206b420a427566666572733a20202020202020202020202035303230206b420a4361636865643a202020202020202020", "id": "1863890289" } }
W/dalvikvm( 1031): DroidBox: { "FdAccess": { "path": "2f7379732f646576696365732f706c6174666f726d2f676f6c64666973682d626174746572792e302f706f7765725f737570706c792f61632f6f6e6c696e65", "id": "281648662" } }
W/DroidBox( 1031): DroidBox: { "FileRW": { "operation": "read", "data": "310a0000000000000000000000000000000000000000000000000000000000000000000000000000000000000000000000000000000000000000000000000000000000000000000000000000000000000000000000000000000000000000000000000000", "id": "281648662" } }
W/dalvikvm( 1031): DroidBox: { "FdAccess": { "path": "2f7379732f646576696365732f706c6174666f726d2f676f6c64666973682d626174746572792e302f706f7765725f737570706c792f61632f6f6e6c696e65", "id": "1872460613" } }
W/DroidBox( 1031): DroidBox: { "FileRW": { "operation": "read", "data": "00000000000000000000000000000000000000000000000000000000000000000000000000000000000000000000000000000000000000000000000000000000000000000000000000000000000000000000000000000000000000000000000000000000", "id": "1872460613" } }
D/AndroidRuntime( 1031): Shutting down VM
W/dalvikvm( 1031): threadid=1: thread exiting with uncaught exception (group=0xb353ce20)
E/AndroidRuntime( 1031): FATAL EXCEPTION: main
E/AndroidRuntime( 1031): java.lang.NullPointerException
E/AndroidRuntime( 1031): 	at java.lang.StringToReal.parseFloat(StringToReal.java:285)
E/AndroidRuntime( 1031): 	at java.lang.Float.parseFloat(Float.java:321)
E/AndroidRuntime( 1031): 	at java.lang.Float.<init>(Float.java:142)
E/AndroidRuntime( 1031): 	at com.getinfo.phone.main.bindData(main.java:147)
E/AndroidRuntime( 1031): 	at com.getinfo.phone.main.access$1(main.java:88)
E/AndroidRuntime( 1031): 	at com.getinfo.phone.main$1.run(main.java:156)
E/AndroidRuntime( 1031): 	at android.os.Handler.handleCallback(Handler.java:615)
E/AndroidRuntime( 1031): 	at android.os.Handler.dispatchMessage(Handler.java:92)
E/AndroidRuntime( 1031): 	at android.os.Looper.loop(Looper.java:137)
E/AndroidRuntime( 1031): 	at android.app.ActivityThread.main(ActivityThread.java:4745)
E/AndroidRuntime( 1031): 	at java.lang.reflect.Method.invokeNative(Native Method)
E/AndroidRuntime( 1031): 	at java.lang.reflect.Method.invoke(Method.java:511)
E/AndroidRuntime( 1031): 	at com.android.internal.os.ZygoteInit$MethodAndArgsCaller.run(ZygoteInit.java:786)
E/AndroidRuntime( 1031): 	at com.android.internal.os.ZygoteInit.main(ZygoteInit.java:553)
E/AndroidRuntime( 1031): 	at dalvik.system.NativeStart.main(Native Method)
E/WVMExtractor(   61): Failed to open libwvm.so
W/ActivityManager(  231):   Force finishing activity com.getinfo.phone/.main
W/WindowManager(  231): Failure taking screenshot for (246x410) to layer 21015
I/Process ( 1031): Sending signal. PID: 1031 SIG: 9
I/ActivityManager(  231): Process com.getinfo.phone (pid 1031) has died.
I/WindowState(  231): WIN DEATH: Window{b3f3a9b8 com.getinfo.phone/com.getinfo.phone.main paused=true}
W/ActivityManager(  231): Scheduling restart of crashed service com.getinfo.phone/.protact.DreamerService in 5000ms
W/InputDispatcher(  231): channel 'b3e83f90 AtchDlg:com.getinfo.phone/com.getinfo.phone.main (server)' ~ Consumer closed input channel or an error occurred.  events=0xd
E/InputDispatcher(  231): channel 'b3e83f90 AtchDlg:com.getinfo.phone/com.getinfo.phone.main (server)' ~ Channel is unrecoverably broken and will be disposed!
W/InputDispatcher(  231): Attempted to unregister already unregistered input channel 'b3e83f90 AtchDlg:com.getinfo.phone/com.getinfo.phone.main (server)'
I/WindowState(  231): WIN DEATH: Window{b3e83f90 AtchDlg:com.getinfo.phone/com.getinfo.phone.main paused=false}
I/WindowManager(  231): WINDOW DIED Window{b3e83f90 AtchDlg:com.getinfo.phone/com.getinfo.phone.main paused=false}
W/WindowManager(  231): Rebuild removed 2 windows but added 1
W/WindowManager(  231): This window was lost: Window{b3f3a9b8 com.getinfo.phone/com.getinfo.phone.main paused=true}
W/WindowManager(  231): mSession=Session{b411bb90 uid 10050} mClient=android.os.BinderProxy@b411d7b0
W/WindowManager(  231): mAttrs=WM.LayoutParams{(0,0)(fillxfill) sim=#110 ty=1 fl=#8010100 pfl=0x8 wanim=0x1030001}
W/WindowManager(  231): Requested w=480 h=800 mLayoutSeq=38
W/WindowManager(  231): mBaseLayer=21000 mSubLayer=0 mAnimLayer=21000+0=21000 mLastLayer=21010
W/WindowManager(  231): mToken=AppWindowToken{b400b868 token=Token{b3f07548 ActivityRecord{b3efb5f8 com.getinfo.phone/.main}}}
W/WindowManager(  231): mRootToken=AppWindowToken{b400b868 token=Token{b3f07548 ActivityRecord{b3efb5f8 com.getinfo.phone/.main}}}
W/WindowManager(  231): mAppToken=AppWindowToken{b400b868 token=Token{b3f07548 ActivityRecord{b3efb5f8 com.getinfo.phone/.main}}}
W/WindowManager(  231): mViewVisibility=0x0 mHaveFrame=true mObscured=true
W/WindowManager(  231): mSeq=0 mSystemUiVisibility=0x0
W/WindowManager(  231): mGivenContentInsets=[0,0][0,0] mGivenVisibleInsets=[0,0][0,0]
W/WindowManager(  231): mConfiguration={1.0 310mcc260mnc en_US sw320dp w320dp h508dp nrml long port -touch -keyb/v/h tball/v s.6}
W/WindowManager(  231): mHasSurface=true mShownFrame=[0.0,0.0][480.0,800.0]
W/WindowManager(  231): mFrame=[0,0][480,800] last=[0,0][480,800]
W/WindowManager(  231): mSystemDecorRect=[0,38][480,800] last=[0,38][480,800]
W/WindowManager(  231): Frames: containing=[0,0][480,800] parent=[0,0][480,800] display=[0,0][480,800]
W/WindowManager(  231):     content=[0,38][480,800] visible=[0,38][480,800]
W/WindowManager(  231): Cur insets: content=[0,38][0,0] visible=[0,38][0,0]
W/WindowManager(  231): Lst insets: content=[0,38][0,0] visible=[0,38][0,0]
W/WindowManager(  231): mSurface=Surface(name=com.getinfo.phone/com.getinfo.phone.main, identity=12)
W/WindowManager(  231): mDrawState=DRAW_PENDING mLastHidden=true
W/WindowManager(  231): Surface: shown=false layer=21010 alpha=1.0 rect=(0.0,0.0) 480.0 x 800.0
W/WindowManager(  231): mExiting=true mRemoveOnExit=true mDestroying=false mRemoved=false
W/WindowManager(  231): Current app token list:
V/WindowManager(  231):   #0: Token{b3fee7e8 ActivityRecord{b3e2f698 com.android.launcher/com.android.launcher2.Launcher}}
W/WindowManager(  231): Final window list:
V/WindowManager(  231):   #3: Window{b3ec32c0 RecentsPanel paused=false}
V/WindowManager(  231):   #2: Window{b3e163c8 StatusBar paused=false}
V/WindowManager(  231):   #1: Window{b3f10458 com.android.launcher/com.android.launcher2.Launcher paused=false}
V/WindowManager(  231):   #0: Window{b404e3e0 com.android.systemui.ImageWallpaper paused=false}
I/InputDispatcher(  231): Window 'Window{b3f10458 com.android.launcher/com.android.launcher2.Launcher paused=false}' spent 7837.0ms processing the last input event: MotionEvent(action=0, deviceId=0, source=0x00001002)
I/InputDispatcher(  231): Window 'Window{b3f10458 com.android.launcher/com.android.launcher2.Launcher paused=false}' spent 7826.7ms processing the last input event: MotionEvent(action=1, deviceId=0, source=0x00001002)
I/Choreographer(  631): Skipped 1760 frames!  The application may be doing too much work on its main thread.
I/AndroidRuntime( 1009): VM exiting with result code 27.
W/InputMethodManagerService(  231): Focus gain on non-focused client com.android.internal.view.IInputMethodClient$Stub$Proxy@b405d638 (uid=10019 pid=631)
I/Choreographer(  631): Skipped 136 frames!  The application may be doing too much work on its main thread.
D/InputEventConsistencyVerifier(  631): KeyEvent: ACTION_UP but key was not down.
D/InputEventConsistencyVerifier(  631):   in com.android.internal.policy.impl.PhoneWindow$DecorView@b4067268
D/InputEventConsistencyVerifier(  631):   0: sent at 118169000000, KeyEvent { action=ACTION_UP, keyCode=KEYCODE_DPAD_LEFT, scanCode=0, metaState=0, flags=0x28, repeatCount=0, eventTime=118169, downTime=115242, deviceId=-1, source=0x101 }
D/InputEventConsistencyVerifier(  631):   -- recent events --
D/InputEventConsistencyVerifier(  631):   1: sent at 110301000000, MotionEvent { action=ACTION_UP, id[0]=0, x[0]=313.0, y[0]=367.0, toolType[0]=TOOL_TYPE_UNKNOWN, buttonState=0, metaState=0, flags=0x0, edgeFlags=0x0, pointerCount=1, historySize=0, eventTime=110301, downTime=110259, deviceId=0, source=0x1002 }
D/InputEventConsistencyVerifier(  631):   2: sent at 110260000000, MotionEvent { action=ACTION_DOWN, id[0]=0, x[0]=313.0, y[0]=367.0, toolType[0]=TOOL_TYPE_UNKNOWN, buttonState=0, metaState=0, flags=0x0, edgeFlags=0x0, pointerCount=1, historySize=0, eventTime=110260, downTime=110259, deviceId=0, source=0x1002 }
D/InputEventConsistencyVerifier(  631):   3: sent at 110072000000, (unhandled) KeyEvent { action=ACTION_UP, keyCode=KEYCODE_DPAD_DOWN, scanCode=0, metaState=0, flags=0x8, repeatCount=0, eventTime=110072, downTime=110072, deviceId=-1, source=0x101 }
D/InputEventConsistencyVerifier(  631):   4: sent at 109910000000, (unhandled) KeyEvent { action=ACTION_DOWN, keyCode=KEYCODE_DPAD_DOWN, scanCode=0, metaState=0, flags=0x8, repeatCount=0, eventTime=109910, downTime=109910, deviceId=-1, source=0x101 }
D/InputEventConsistencyVerifier(  631):   5: sent at 109882000000, KeyEvent { action=ACTION_UP, keyCode=KEYCODE_DPAD_CENTER, scanCode=0, metaState=0, flags=0x8, repeatCount=0, eventTime=109882, downTime=109882, deviceId=-1, source=0x101 }
I/Choreographer(  631): Skipped 33 frames!  The application may be doing too much work on its main thread.
W/InputMethodManagerService(  231): Window already focused, ignoring focus gain of: com.android.internal.view.IInputMethodClient$Stub$Proxy@b3f119b8 attribute=null
E/WVMExtractor(   61): Failed to open libwvm.so
E/WVMExtractor(   61): Failed to open libwvm.so
I/ContactsDatabaseHelper(  567): Locale change completed in 7433ms
I/ContactsDatabaseHelper(  567): Switching to locale en_US
E/WVMExtractor(   61): Failed to open libwvm.so
W/BackupManagerService(  231): dataChanged but no participant pkg='com.android.providers.settings' uid=10011
I/ActivityManager(  231): Start proc com.getinfo.phone for service com.getinfo.phone/.protact.DreamerService: pid=1061 uid=10050 gids={3003, 1028}
E/WVMExtractor(   61): Failed to open libwvm.so
E/MetadataRetrieverClient(   61): failed to extract an album art
E/Trace   ( 1061): error opening trace file: No such file or directory (2)
W/DroidBox( 1061): DroidBox: { "DexClassLoader": { "path": "/data/app/com.getinfo.phone-1.apk" } }
E/WVMExtractor(   61): Failed to open libwvm.so
D/AndroidRuntime( 1061): Shutting down VM
W/dalvikvm( 1061): threadid=1: thread exiting with uncaught exception (group=0xb353ce20)
E/AndroidRuntime( 1061): FATAL EXCEPTION: main
E/AndroidRuntime( 1061): java.lang.RuntimeException: Unable to start service com.getinfo.phone.protact.DreamerService@b3da71f0 with null: java.lang.NullPointerException
E/AndroidRuntime( 1061): 	at android.app.ActivityThread.handleServiceArgs(ActivityThread.java:2507)
E/AndroidRuntime( 1061): 	at android.app.ActivityThread.access$1900(ActivityThread.java:130)
E/AndroidRuntime( 1061): 	at android.app.ActivityThread$H.handleMessage(ActivityThread.java:1292)
E/AndroidRuntime( 1061): 	at android.os.Handler.dispatchMessage(Handler.java:99)
E/AndroidRuntime( 1061): 	at android.os.Looper.loop(Looper.java:137)
E/AndroidRuntime( 1061): 	at android.app.ActivityThread.main(ActivityThread.java:4745)
E/AndroidRuntime( 1061): 	at java.lang.reflect.Method.invokeNative(Native Method)
E/AndroidRuntime( 1061): 	at java.lang.reflect.Method.invoke(Method.java:511)
E/AndroidRuntime( 1061): 	at com.android.internal.os.ZygoteInit$MethodAndArgsCaller.run(ZygoteInit.java:786)
E/AndroidRuntime( 1061): 	at com.android.internal.os.ZygoteInit.main(ZygoteInit.java:553)
E/AndroidRuntime( 1061): 	at dalvik.system.NativeStart.main(Native Method)
E/AndroidRuntime( 1061): Caused by: java.lang.NullPointerException
E/AndroidRuntime( 1061): 	at com.getinfo.phone.protact.DreamerService.onStart(DreamerService.java:143)
E/AndroidRuntime( 1061): 	at android.app.Service.onStartCommand(Service.java:450)
E/AndroidRuntime( 1061): 	at android.app.ActivityThread.handleServiceArgs(ActivityThread.java:2490)
E/AndroidRuntime( 1061): 	... 10 more
I/Process ( 1061): Sending signal. PID: 1061 SIG: 9
I/ActivityManager(  231): Process com.getinfo.phone (pid 1061) has died.
W/ActivityManager(  231): Service crashed 2 times, stopping: ServiceRecord{b3fd8ad0 com.getinfo.phone/.protact.DreamerService}
I/ContactsDatabaseHelper(  567): Locale change completed in 2621ms
W/dalvikvm(  567): DroidBox: { "FdAccess": { "path": "2f646174612f646174612f636f6d2e616e64726f69642e70726f7669646572732e636f6e74616374732f7368617265645f70726566732f636f6d2e616e64726f69642e70726f7669646572732e636f6e74616374735f707265666572656e6365732e786d6c", "id": "1799197933" } }
W/DroidBox(  567): DroidBox: { "FileRW": { "operation": "write", "data": "3c3f786d6c2076657273696f6e3d27312e302720656e636f64696e673d277574662d3827207374616e64616c6f6e653d2779657327203f3e0a3c6d61703e0a3c737472696e67206e616d653d226c6f63616c65223e656e5f55533c2f737472696e673e0a", "id": "1799197933" } }
I/ContactsProvider(  567): Upgrading aggregation algorithm
I/ContactAggregator(  567): Marked all visible contacts for aggregation: 0 raw contacts, 12 ms
I/ContactsProvider(  567): Aggregation algorithm upgraded for 0 raw contacts in 53ms
I/ActivityManager(  231): No longer want com.android.provision (pid 590): hidden #16
I/ContactsFTS(  567): Rebuild contact search index in 206ms, 0 contacts
E/WVMExtractor(   61): Failed to open libwvm.so
E/WVMExtractor(   61): Failed to open libwvm.so
E/WVMExtractor(   61): Failed to open libwvm.so
E/WVMExtractor(   61): Failed to open libwvm.so
E/WVMExtractor(   61): Failed to open libwvm.so
E/WVMExtractor(   61): Failed to open libwvm.so
E/WVMExtractor(   61): Failed to open libwvm.so
E/WVMExtractor(   61): Failed to open libwvm.so
E/WVMExtractor(   61): Failed to open libwvm.so
E/WVMExtractor(   61): Failed to open libwvm.so
E/WVMExtractor(   61): Failed to open libwvm.so
E/WVMExtractor(   61): Failed to open libwvm.so
E/WVMExtractor(   61): Failed to open libwvm.so
I/NetworkPolicy(  231): no policy for active mobile network; generating default policy
E/WVMExtractor(   61): Failed to open libwvm.so
E/WVMExtractor(   61): Failed to open libwvm.so
E/NetdConnector(  231): NDC Command {11 bandwidth setiquota eth0 9223372036854775807} took too long (1008ms)
E/WVMExtractor(   61): Failed to open libwvm.so
E/WVMExtractor(   61): Failed to open libwvm.so
W/ProcessStats(  231): Skipping unknown process pid 1099
E/NetdConnector(  231): NDC Command {12 bandwidth removeiquota eth0} took too long (534ms)
E/WVMExtractor(   61): Failed to open libwvm.so
E/WVMExtractor(   61): Failed to open libwvm.so
E/WVMExtractor(   61): Failed to open libwvm.so
E/WVMExtractor(   61): Failed to open libwvm.so
E/NetdConnector(  231): NDC Command {13 bandwidth setiquota eth0 9223372036854775807} took too long (876ms)
E/WVMExtractor(   61): Failed to open libwvm.so
E/WVMExtractor(   61): Failed to open libwvm.so
E/WVMExtractor(   61): Failed to open libwvm.so
E/WVMExtractor(   61): Failed to open libwvm.so
E/WVMExtractor(   61): Failed to open libwvm.so
E/WVMExtractor(   61): Failed to open libwvm.so
E/WVMExtractor(   61): Failed to open libwvm.so
E/WVMExtractor(   61): Failed to open libwvm.so
E/WVMExtractor(   61): Failed to open libwvm.so
E/WVMExtractor(   61): Failed to open libwvm.so
E/WVMExtractor(   61): Failed to open libwvm.so
E/WVMExtractor(   61): Failed to open libwvm.so
E/WVMExtractor(   61): Failed to open libwvm.so
E/WVMExtractor(   61): Failed to open libwvm.so
E/WVMExtractor(   61): Failed to open libwvm.so
E/WVMExtractor(   61): Failed to open libwvm.so
E/WVMExtractor(   61): Failed to open libwvm.so
E/WVMExtractor(   61): Failed to open libwvm.so
E/WVMExtractor(   61): Failed to open libwvm.so
E/WVMExtractor(   61): Failed to open libwvm.so
E/WVMExtractor(   61): Failed to open libwvm.so
E/WVMExtractor(   61): Failed to open libwvm.so
E/WVMExtractor(   61): Failed to open libwvm.so
E/WVMExtractor(   61): Failed to open libwvm.so
E/WVMExtractor(   61): Failed to open libwvm.so
E/WVMExtractor(   61): Failed to open libwvm.so
E/WVMExtractor(   61): Failed to open libwvm.so
E/WVMExtractor(   61): Failed to open libwvm.so
E/WVMExtractor(   61): Failed to open libwvm.so
E/WVMExtractor(   61): Failed to open libwvm.so
E/WVMExtractor(   61): Failed to open libwvm.so
E/WVMExtractor(   61): Failed to open libwvm.so
E/WVMExtractor(   61): Failed to open libwvm.so
E/WVMExtractor(   61): Failed to open libwvm.so
E/WVMExtractor(   61): Failed to open libwvm.so
E/WVMExtractor(   61): Failed to open libwvm.so
E/WVMExtractor(   61): Failed to open libwvm.so
E/WVMExtractor(   61): Failed to open libwvm.so
E/WVMExtractor(   61): Failed to open libwvm.so
E/WVMExtractor(   61): Failed to open libwvm.so
E/WVMExtractor(   61): Failed to open libwvm.so
E/WVMExtractor(   61): Failed to open libwvm.so
E/WVMExtractor(   61): Failed to open libwvm.so
E/WVMExtractor(   61): Failed to open libwvm.so
E/WVMExtractor(   61): Failed to open libwvm.so
E/WVMExtractor(   61): Failed to open libwvm.so
E/WVMExtractor(   61): Failed to open libwvm.so
E/WVMExtractor(   61): Failed to open libwvm.so
E/WVMExtractor(   61): Failed to open libwvm.so
E/WVMExtractor(   61): Failed to open libwvm.so
E/WVMExtractor(   61): Failed to open libwvm.so
E/WVMExtractor(   61): Failed to open libwvm.so
E/WVMExtractor(   61): Failed to open libwvm.so
E/WVMExtractor(   61): Failed to open libwvm.so
E/WVMExtractor(   61): Failed to open libwvm.so
E/WVMExtractor(   61): Failed to open libwvm.so
E/WVMExtractor(   61): Failed to open libwvm.so
E/WVMExtractor(   61): Failed to open libwvm.so
W/BackupManagerService(  231): dataChanged but no participant pkg='com.android.providers.settings' uid=10011
E/WVMExtractor(   61): Failed to open libwvm.so
E/MetadataRetrieverClient(   61): failed to extract an album art
E/WVMExtractor(   61): Failed to open libwvm.so
E/WVMExtractor(   61): Failed to open libwvm.so
E/WVMExtractor(   61): Failed to open libwvm.so
E/WVMExtractor(   61): Failed to open libwvm.so
E/WVMExtractor(   61): Failed to open libwvm.so
E/WVMExtractor(   61): Failed to open libwvm.so
E/WVMExtractor(   61): Failed to open libwvm.so
E/WVMExtractor(   61): Failed to open libwvm.so
E/WVMExtractor(   61): Failed to open libwvm.so
E/WVMExtractor(   61): Failed to open libwvm.so
E/WVMExtractor(   61): Failed to open libwvm.so
E/WVMExtractor(   61): Failed to open libwvm.so
E/WVMExtractor(   61): Failed to open libwvm.so
E/WVMExtractor(   61): Failed to open libwvm.so
E/WVMExtractor(   61): Failed to open libwvm.so
E/WVMExtractor(   61): Failed to open libwvm.so
E/WVMExtractor(   61): Failed to open libwvm.so
E/WVMExtractor(   61): Failed to open libwvm.so
E/WVMExtractor(   61): Failed to open libwvm.so
E/WVMExtractor(   61): Failed to open libwvm.so
E/WVMExtractor(   61): Failed to open libwvm.so
E/WVMExtractor(   61): Failed to open libwvm.so
E/WVMExtractor(   61): Failed to open libwvm.so
E/WVMExtractor(   61): Failed to open libwvm.so
E/WVMExtractor(   61): Failed to open libwvm.so
E/WVMExtractor(   61): Failed to open libwvm.so
E/WVMExtractor(   61): Failed to open libwvm.so
E/WVMExtractor(   61): Failed to open libwvm.so
E/WVMExtractor(   61): Failed to open libwvm.so
E/WVMExtractor(   61): Failed to open libwvm.so
E/WVMExtractor(   61): Failed to open libwvm.so
E/WVMExtractor(   61): Failed to open libwvm.so
E/WVMExtractor(   61): Failed to open libwvm.so
E/WVMExtractor(   61): Failed to open libwvm.so
E/WVMExtractor(   61): Failed to open libwvm.so
E/WVMExtractor(   61): Failed to open libwvm.so
E/WVMExtractor(   61): Failed to open libwvm.so
E/WVMExtractor(   61): Failed to open libwvm.so
E/WVMExtractor(   61): Failed to open libwvm.so
E/WVMExtractor(   61): Failed to open libwvm.so
E/WVMExtractor(   61): Failed to open libwvm.so
E/WVMExtractor(   61): Failed to open libwvm.so
E/WVMExtractor(   61): Failed to open libwvm.so
E/WVMExtractor(   61): Failed to open libwvm.so
E/WVMExtractor(   61): Failed to open libwvm.so
E/WVMExtractor(   61): Failed to open libwvm.so
E/WVMExtractor(   61): Failed to open libwvm.so
E/WVMExtractor(   61): Failed to open libwvm.so
E/WVMExtractor(   61): Failed to open libwvm.so
E/WVMExtractor(   61): Failed to open libwvm.so
E/WVMExtractor(   61): Failed to open libwvm.so
E/WVMExtractor(   61): Failed to open libwvm.so
E/WVMExtractor(   61): Failed to open libwvm.so
E/WVMExtractor(   61): Failed to open libwvm.so
W/BackupManagerService(  231): dataChanged but no participant pkg='com.android.providers.settings' uid=1001
E/WVMExtractor(   61): Failed to open libwvm.so
E/WVMExtractor(   61): Failed to open libwvm.so
E/WVMExtractor(   61): Failed to open libwvm.so
E/WVMExtractor(   61): Failed to open libwvm.so
E/WVMExtractor(   61): Failed to open libwvm.so
E/WVMExtractor(   61): Failed to open libwvm.so
E/WVMExtractor(   61): Failed to open libwvm.so
E/WVMExtractor(   61): Failed to open libwvm.so
E/WVMExtractor(   61): Failed to open libwvm.so
E/WVMExtractor(   61): Failed to open libwvm.so
E/WVMExtractor(   61): Failed to open libwvm.so
E/WVMExtractor(   61): Failed to open libwvm.so
E/WVMExtractor(   61): Failed to open libwvm.so
E/WVMExtractor(   61): Failed to open libwvm.so
E/WVMExtractor(   61): Failed to open libwvm.so
E/WVMExtractor(   61): Failed to open libwvm.so
E/WVMExtractor(   61): Failed to open libwvm.so
E/WVMExtractor(   61): Failed to open libwvm.so
E/WVMExtractor(   61): Failed to open libwvm.so
W/BackupManagerService(  231): dataChanged but no participant pkg='com.android.providers.settings' uid=10011
E/WVMExtractor(   61): Failed to open libwvm.so
E/WVMExtractor(   61): Failed to open libwvm.so
E/MetadataRetrieverClient(   61): failed to extract an album art
W/SocketClient(   55): write error (Broken pipe)
E/WVMExtractor(   61): Failed to open libwvm.so
E/WVMExtractor(   61): Failed to open libwvm.so
E/WVMExtractor(   61): Failed to open libwvm.so
E/WVMExtractor(   61): Failed to open libwvm.so
E/WVMExtractor(   61): Failed to open libwvm.so
E/WVMExtractor(   61): Failed to open libwvm.so
E/WVMExtractor(   61): Failed to open libwvm.so
E/WVMExtractor(   61): Failed to open libwvm.so
E/WVMExtractor(   61): Failed to open libwvm.so
E/WVMExtractor(   61): Failed to open libwvm.so
E/WVMExtractor(   61): Failed to open libwvm.so
E/WVMExtractor(   61): Failed to open libwvm.so
E/WVMExtractor(   61): Failed to open libwvm.so
E/WVMExtractor(   61): Failed to open libwvm.so
E/WVMExtractor(   61): Failed to open libwvm.so
E/WVMExtractor(   61): Failed to open libwvm.so
E/WVMExtractor(   61): Failed to open libwvm.so
E/WVMExtractor(   61): Failed to open libwvm.so
E/WVMExtractor(   61): Failed to open libwvm.so
E/WVMExtractor(   61): Failed to open libwvm.so
E/WVMExtractor(   61): Failed to open libwvm.so
E/WVMExtractor(   61): Failed to open libwvm.so
E/WVMExtractor(   61): Failed to open libwvm.so
E/WVMExtractor(   61): Failed to open libwvm.so
E/WVMExtractor(   61): Failed to open libwvm.so
E/WVMExtractor(   61): Failed to open libwvm.so
E/WVMExtractor(   61): Failed to open libwvm.so
E/WVMExtractor(   61): Failed to open libwvm.so
E/WVMExtractor(   61): Failed to open libwvm.so
E/WVMExtractor(   61): Failed to open libwvm.so
E/WVMExtractor(   61): Failed to open libwvm.so
E/WVMExtractor(   61): Failed to open libwvm.so
E/WVMExtractor(   61): Failed to open libwvm.so
E/WVMExtractor(   61): Failed to open libwvm.so
E/WVMExtractor(   61): Failed to open libwvm.so
E/WVMExtractor(   61): Failed to open libwvm.so
E/WVMExtractor(   61): Failed to open libwvm.so
E/WVMExtractor(   61): Failed to open libwvm.so
E/MetadataRetrieverClient(   61): failed to extract an album art
E/WVMExtractor(   61): Failed to open libwvm.so
E/MetadataRetrieverClient(   61): failed to extract an album art
I/ActivityManager(  231): No longer want com.android.contacts (pid 702): hidden #16
I/qtaguid (  231): Failed write_ctrl(s 1 10050) res=-1 errno=1
W/NetworkManagementSocketTagger(  231): setKernelCountSet(10050, 1) failed with errno -1
I/qtaguid (  231): Failed write_ctrl(s 0 10050) res=-1 errno=1
W/NetworkManagementSocketTagger(  231): setKernelCountSet(10050, 0) failed with errno -1
W/dalvikvm(  231): DroidBox: { "FdAccess": { "path": "2f70726f632f3233312f6e65742f78745f717461677569642f69666163655f737461745f616c6c", "id": "1788859510" } }
W/DroidBox(  231): DroidBox: { "FileRW": { "operation": "read", "data": "65746830203120302030203020302032333336373220313531372031393732333220313335330a6c6f20312030203020302030203338333620353520333833362035350a0000000000000000000000000000000000000000000000000000000000000000", "id": "1788859510" } }
W/dalvikvm(  231): DroidBox: { "FdAccess": { "path": "2f70726f632f3233312f6e65742f78745f717461677569642f69666163655f737461745f616c6c", "id": "335320097" } }
W/DroidBox(  231): DroidBox: { "FileRW": { "operation": "read", "data": "35350a362035350a35350a362035350a350a350a350a350a350a35350a362035350a3833362035350a362035350a3833362035350a350a350a350a350a350a362035350a0000000000000000000000000000000000000000000000000000000000000000", "id": "335320097" } }
W/ThrottleService(  231): unable to find stats for iface rmnet0
E/ThrottleService(  231): Error reading data file
