D/InputEventConsistencyVerifier(  424):   3: sent at 126896000000, (unhandled) KeyEvent { action=ACTION_DOWN, keyCode=KEYCODE_KANA, scanCode=0, metaState=0, flags=0x8, repeatCount=0, eventTime=126896, downTime=126896, deviceId=-1, source=0x101 }
D/InputEventConsistencyVerifier(  424):   4: sent at 126892000000, (unhandled) MotionEvent { action=ACTION_MOVE, id[0]=0, x[0]=1.0, y[0]=0.0, toolType[0]=TOOL_TYPE_UNKNOWN, buttonState=0, metaState=0, flags=0x0, edgeFlags=0x0, pointerCount=1, historySize=18, eventTime=126892, downTime=-1, deviceId=0, source=0x10004 }
D/InputEventConsistencyVerifier(  424):   5: sent at 126907000000, (unhandled) KeyEvent { action=ACTION_UP, keyCode=KEYCODE_DPAD_LEFT, scanCode=0, metaState=0, flags=0x400, repeatCount=0, eventTime=126907, downTime=126907, deviceId=-1, source=0x101 }
D/InputEventConsistencyVerifier(  424): KeyEvent: ACTION_UP but key was not down.
D/InputEventConsistencyVerifier(  424):   in com.android.systemui.statusbar.phone.StatusBarWindowView@b3ea01d8
D/InputEventConsistencyVerifier(  424):   0: sent at 127457000000, KeyEvent { action=ACTION_UP, keyCode=KEYCODE_DPAD_RIGHT, scanCode=0, metaState=0, flags=0x8, repeatCount=0, eventTime=127457, downTime=127457, deviceId=-1, source=0x101 }
D/InputEventConsistencyVerifier(  424):   -- recent events --
D/InputEventConsistencyVerifier(  424):   1: sent at 127325000000, MotionEvent { action=ACTION_UP, id[0]=0, x[0]=35.0, y[0]=3.0, toolType[0]=TOOL_TYPE_UNKNOWN, buttonState=0, metaState=0, flags=0x0, edgeFlags=0x0, pointerCount=1, historySize=0, eventTime=127325, downTime=127308, deviceId=0, source=0x1002 }
D/InputEventConsistencyVerifier(  424):   2: sent at 127308000000, MotionEvent { action=ACTION_DOWN, id[0]=0, x[0]=40.0, y[0]=6.0, toolType[0]=TOOL_TYPE_UNKNOWN, buttonState=0, metaState=0, flags=0x0, edgeFlags=0x0, pointerCount=1, historySize=0, eventTime=127308, downTime=127308, deviceId=0, source=0x1002 }
D/InputEventConsistencyVerifier(  424):   3: sent at 127198000000, (unhandled) KeyEvent { action=ACTION_UP, keyCode=KEYCODE_DPAD_UP, scanCode=0, metaState=0, flags=0x8, repeatCount=0, eventTime=127198, downTime=127198, deviceId=-1, source=0x101 }
D/InputEventConsistencyVerifier(  424):   4: sent at 127045000000, (unhandled) KeyEvent { action=ACTION_DOWN, keyCode=KEYCODE_DPAD_UP, scanCode=0, metaState=0, flags=0x8, repeatCount=0, eventTime=127045, downTime=127045, deviceId=-1, source=0x101 }
D/InputEventConsistencyVerifier(  424):   5: sent at 127041000000, (unhandled) KeyEvent { action=ACTION_UP, keyCode=KEYCODE_MENU, scanCode=0, metaState=0, flags=0x8, repeatCount=0, eventTime=127041, downTime=127041, deviceId=-1, source=0x101 }
D/InputEventConsistencyVerifier(  424): KeyEvent: ACTION_UP but key was not down.
D/InputEventConsistencyVerifier(  424):   in com.android.systemui.statusbar.phone.StatusBarWindowView@b3ea01d8
D/InputEventConsistencyVerifier(  424):   0: sent at 127820000000, KeyEvent { action=ACTION_UP, keyCode=KEYCODE_DPAD_DOWN, scanCode=0, metaState=0, flags=0x8, repeatCount=0, eventTime=127820, downTime=127820, deviceId=-1, source=0x101 }
D/InputEventConsistencyVerifier(  424):   -- recent events --
D/InputEventConsistencyVerifier(  424):   1: sent at 127732000000, MotionEvent { action=ACTION_UP, id[0]=0, x[0]=149.0, y[0]=281.0, toolType[0]=TOOL_TYPE_UNKNOWN, buttonState=0, metaState=0, flags=0x0, edgeFlags=0x0, pointerCount=1, historySize=0, eventTime=127732, downTime=127702, deviceId=0, source=0x1002 }
D/InputEventConsistencyVerifier(  424):   2: sent at 127728000000, MotionEvent { action=ACTION_MOVE, id[0]=0, x[0]=155.0, y[0]=268.0, toolType[0]=TOOL_TYPE_UNKNOWN, buttonState=0, metaState=0, flags=0x0, edgeFlags=0x0, pointerCount=1, historySize=2, eventTime=127728, downTime=127702, deviceId=0, source=0x1002 }
D/InputEventConsistencyVerifier(  424):   3: sent at 127703000000, MotionEvent { action=ACTION_DOWN, id[0]=0, x[0]=173.0, y[0]=252.0, toolType[0]=TOOL_TYPE_UNKNOWN, buttonState=0, metaState=0, flags=0x0, edgeFlags=0x0, pointerCount=1, historySize=0, eventTime=127703, downTime=127702, deviceId=0, source=0x1002 }
D/InputEventConsistencyVerifier(  424):   4: sent at 127684000000, (unhandled) KeyEvent { action=ACTION_UP, keyCode=KEYCODE_MENU, scanCode=0, metaState=0, flags=0x8, repeatCount=0, eventTime=127684, downTime=127684, deviceId=-1, source=0x101 }
D/InputEventConsistencyVerifier(  424):   5: sent at 127670000000, (unhandled) KeyEvent { action=ACTION_DOWN, keyCode=KEYCODE_MENU, scanCode=0, metaState=0, flags=0x8, repeatCount=0, eventTime=127670, downTime=127670, deviceId=-1, source=0x101 }
D/InputEventConsistencyVerifier(  424): TouchEvent: ACTION_DOWN but pointers are already down.  Probably missing ACTION_UP from previous gesture.
D/InputEventConsistencyVerifier(  424):   in android.view.ScaleGestureDetector@b3f40ab0
D/InputEventConsistencyVerifier(  424):   0: sent at 127837000000, MotionEvent { action=ACTION_DOWN, id[0]=0, x[0]=363.0, y[0]=329.0, toolType[0]=TOOL_TYPE_UNKNOWN, buttonState=0, metaState=0, flags=0x0, edgeFlags=0x0, pointerCount=1, historySize=0, eventTime=127837, downTime=127836, deviceId=0, source=0x1002 }
D/InputEventConsistencyVerifier(  424):   -- recent events --
D/InputEventConsistencyVerifier(  424):   1: sent at 127728000000, MotionEvent { action=ACTION_MOVE, id[0]=0, x[0]=155.0, y[0]=268.0, toolType[0]=TOOL_TYPE_UNKNOWN, buttonState=0, metaState=0, flags=0x0, edgeFlags=0x0, pointerCount=1, historySize=2, eventTime=127728, downTime=127702, deviceId=0, source=0x1002 }
D/InputEventConsistencyVerifier(  424):   2: sent at 127703000000, MotionEvent { action=ACTION_DOWN, id[0]=0, x[0]=173.0, y[0]=252.0, toolType[0]=TOOL_TYPE_UNKNOWN, buttonState=0, metaState=0, flags=0x0, edgeFlags=0x0, pointerCount=1, historySize=0, eventTime=127703, downTime=127702, deviceId=0, source=0x1002 }
D/InputEventConsistencyVerifier(  424):   3: sent at 127325000000, MotionEvent { action=ACTION_UP, id[0]=0, x[0]=35.0, y[0]=3.0, toolType[0]=TOOL_TYPE_UNKNOWN, buttonState=0, metaState=0, flags=0x0, edgeFlags=0x0, pointerCount=1, historySize=0, eventTime=127325, downTime=127308, deviceId=0, source=0x1002 }
D/InputEventConsistencyVerifier(  424):   4: sent at 127308000000, MotionEvent { action=ACTION_DOWN, id[0]=0, x[0]=40.0, y[0]=6.0, toolType[0]=TOOL_TYPE_UNKNOWN, buttonState=0, metaState=0, flags=0x0, edgeFlags=0x0, pointerCount=1, historySize=0, eventTime=127308, downTime=127308, deviceId=0, source=0x1002 }
D/InputEventConsistencyVerifier(  424):   5: sent at 126387000000, MotionEvent { action=ACTION_UP, id[0]=0, x[0]=309.0, y[0]=674.0, toolType[0]=TOOL_TYPE_UNKNOWN, buttonState=0, metaState=0, flags=0x0, edgeFlags=0x0, pointerCount=1, historySize=0, eventTime=126387, downTime=126369, deviceId=0, source=0x1002 }
D/InputEventConsistencyVerifier(  424): KeyEvent: ACTION_UP but key was not down.
D/InputEventConsistencyVerifier(  424):   in com.android.systemui.statusbar.phone.StatusBarWindowView@b3ea01d8
D/InputEventConsistencyVerifier(  424):   0: sent at 128133000000, KeyEvent { action=ACTION_UP, keyCode=KEYCODE_DPAD_LEFT, scanCode=0, metaState=0, flags=0x8, repeatCount=0, eventTime=128133, downTime=128133, deviceId=-1, source=0x101 }
D/InputEventConsistencyVerifier(  424):   -- recent events --
D/InputEventConsistencyVerifier(  424):   1: sent at 128037000000, MotionEvent { action=ACTION_UP, id[0]=0, x[0]=20.0, y[0]=41.0, toolType[0]=TOOL_TYPE_UNKNOWN, buttonState=0, metaState=0, flags=0x0, edgeFlags=0x0, pointerCount=1, historySize=0, eventTime=128037, downTime=127956, deviceId=0, source=0x1002 }
D/InputEventConsistencyVerifier(  424):   2: sent at 127956000000, MotionEvent { action=ACTION_DOWN, id[0]=0, x[0]=29.0, y[0]=40.0, toolType[0]=TOOL_TYPE_UNKNOWN, buttonState=0, metaState=0, flags=0x0, edgeFlags=0x0, pointerCount=1, historySize=0, eventTime=127956, downTime=127956, deviceId=0, source=0x1002 }
D/InputEventConsistencyVerifier(  424):   3: sent at 127886000000, MotionEvent { action=ACTION_UP, id[0]=0, x[0]=467.0, y[0]=508.0, toolType[0]=TOOL_TYPE_UNKNOWN, buttonState=0, metaState=0, flags=0x0, edgeFlags=0x0, pointerCount=1, historySize=0, eventTime=127886, downTime=127872, deviceId=0, source=0x1002 }
D/InputEventConsistencyVerifier(  424):   4: sent at 127872000000, MotionEvent { action=ACTION_DOWN, id[0]=0, x[0]=455.0, y[0]=512.0, toolType[0]=TOOL_TYPE_UNKNOWN, buttonState=0, metaState=0, flags=0x0, edgeFlags=0x0, pointerCount=1, historySize=0, eventTime=127872, downTime=127872, deviceId=0, source=0x1002 }
D/InputEventConsistencyVerifier(  424):   5: sent at 127862000000, MotionEvent { action=ACTION_UP, id[0]=0, x[0]=362.0, y[0]=329.0, toolType[0]=TOOL_TYPE_UNKNOWN, buttonState=0, metaState=0, flags=0x0, edgeFlags=0x0, pointerCount=1, historySize=0, eventTime=127862, downTime=127836, deviceId=0, source=0x1002 }
I/Choreographer( 1022): Skipped 44 frames!  The application may be doing too much work on its main thread.
D/InputEventConsistencyVerifier(  424): KeyEvent: ACTION_UP but key was not down.
D/InputEventConsistencyVerifier(  424):   in android.widget.FrameLayout@b3ebfd28
D/InputEventConsistencyVerifier(  424):   0: sent at 128326000000, KeyEvent { action=ACTION_UP, keyCode=KEYCODE_DPAD_DOWN, scanCode=0, metaState=0, flags=0x400, repeatCount=0, eventTime=128326, downTime=128326, deviceId=-1, source=0x101 }
D/InputEventConsistencyVerifier(  424):   -- recent events --
D/InputEventConsistencyVerifier(  424):   1: sent at 128037000000, MotionEvent { action=ACTION_UP, id[0]=0, x[0]=20.0, y[0]=41.0, toolType[0]=TOOL_TYPE_UNKNOWN, buttonState=0, metaState=0, flags=0x0, edgeFlags=0x0, pointerCount=1, historySize=0, eventTime=128037, downTime=127956, deviceId=0, source=0x1002 }
D/InputEventConsistencyVerifier(  424):   2: sent at 127956000000, MotionEvent { action=ACTION_DOWN, id[0]=0, x[0]=29.0, y[0]=40.0, toolType[0]=TOOL_TYPE_UNKNOWN, buttonState=0, metaState=0, flags=0x0, edgeFlags=0x0, pointerCount=1, historySize=0, eventTime=127956, downTime=127956, deviceId=0, source=0x1002 }
D/InputEventConsistencyVerifier(  424):   3: sent at 127886000000, MotionEvent { action=ACTION_UP, id[0]=0, x[0]=467.0, y[0]=508.0, toolType[0]=TOOL_TYPE_UNKNOWN, buttonState=0, metaState=0, flags=0x0, edgeFlags=0x0, pointerCount=1, historySize=0, eventTime=127886, downTime=127872, deviceId=0, source=0x1002 }
D/InputEventConsistencyVerifier(  424):   4: sent at 127872000000, MotionEvent { action=ACTION_DOWN, id[0]=0, x[0]=455.0, y[0]=512.0, toolType[0]=TOOL_TYPE_UNKNOWN, buttonState=0, metaState=0, flags=0x0, edgeFlags=0x0, pointerCount=1, historySize=0, eventTime=127872, downTime=127872, deviceId=0, source=0x1002 }
D/InputEventConsistencyVerifier(  424):   5: sent at 127862000000, MotionEvent { action=ACTION_UP, id[0]=0, x[0]=362.0, y[0]=329.0, toolType[0]=TOOL_TYPE_UNKNOWN, buttonState=0, metaState=0, flags=0x0, edgeFlags=0x0, pointerCount=1, historySize=0, eventTime=127862, downTime=127836, deviceId=0, source=0x1002 }
D/InputEventConsistencyVerifier(  424): KeyEvent: ACTION_UP but key was not down.
D/InputEventConsistencyVerifier(  424):   in com.android.systemui.statusbar.phone.PhoneStatusBarView@b3ea2170
D/InputEventConsistencyVerifier(  424):   0: sent at 128487000000, KeyEvent { action=ACTION_UP, keyCode=KEYCODE_DPAD_UP, scanCode=0, metaState=0, flags=0x400, repeatCount=0, eventTime=128487, downTime=128487, deviceId=-1, source=0x101 }
D/InputEventConsistencyVerifier(  424):   -- recent events --
D/InputEventConsistencyVerifier(  424):   1: sent at 128326000000, (unhandled) KeyEvent { action=ACTION_DOWN, keyCode=KEYCODE_DPAD_DOWN, scanCode=0, metaState=0, flags=0x400, repeatCount=0, eventTime=128326, downTime=128326, deviceId=-1, source=0x101 }
D/InputEventConsistencyVerifier(  424):   2: sent at 128231000000, (unhandled) MotionEvent { action=ACTION_MOVE, id[0]=0, x[0]=2.0, y[0]=3.0, toolType[0]=TOOL_TYPE_UNKNOWN, buttonState=0, metaState=0, flags=0x0, edgeFlags=0x0, pointerCount=1, historySize=0, eventTime=128231, downTime=-1, deviceId=0, source=0x10004 }
D/InputEventConsistencyVerifier(  424):   3: sent at 128236000000, (unhandled) KeyEvent { action=ACTION_UP, keyCode=KEYCODE_DPAD_LEFT, scanCode=0, metaState=0, flags=0x400, repeatCount=0, eventTime=128236, downTime=128236, deviceId=-1, source=0x101 }
D/InputEventConsistencyVerifier(  424):   4: sent at 128236000000, (unhandled) KeyEvent { action=ACTION_DOWN, keyCode=KEYCODE_DPAD_LEFT, scanCode=0, metaState=0, flags=0x400, repeatCount=0, eventTime=128236, downTime=128236, deviceId=-1, source=0x101 }
D/InputEventConsistencyVerifier(  424):   5: sent at 128236000000, (unhandled) KeyEvent { action=ACTION_UP, keyCode=KEYCODE_DPAD_LEFT, scanCode=0, metaState=0, flags=0x400, repeatCount=0, eventTime=128236, downTime=128236, deviceId=-1, source=0x101 }
I/Choreographer(  424): Skipped 72 frames!  The application may be doing too much work on its main thread.
D/InputEventConsistencyVerifier(  424): KeyEvent: ACTION_UP but key was not down.
D/InputEventConsistencyVerifier(  424):   in android.widget.FrameLayout@b3ebfd28
D/InputEventConsistencyVerifier(  424):   0: sent at 128752000000, KeyEvent { action=ACTION_UP, keyCode=KEYCODE_DPAD_DOWN, scanCode=0, metaState=0, flags=0x8, repeatCount=0, eventTime=128752, downTime=128752, deviceId=-1, source=0x101 }
D/InputEventConsistencyVerifier(  424):   -- recent events --
D/InputEventConsistencyVerifier(  424):   1: sent at 128487000000, (unhandled) KeyEvent { action=ACTION_DOWN, keyCode=KEYCODE_DPAD_UP, scanCode=0, metaState=0, flags=0x400, repeatCount=0, eventTime=128487, downTime=128487, deviceId=-1, source=0x101 }
D/InputEventConsistencyVerifier(  424):   2: sent at 128320000000, (unhandled) MotionEvent { action=ACTION_MOVE, id[0]=0, x[0]=-1.0, y[0]=-3.0, toolType[0]=TOOL_TYPE_UNKNOWN, buttonState=0, metaState=0, flags=0x0, edgeFlags=0x0, pointerCount=1, historySize=0, eventTime=128320, downTime=-1, deviceId=0, source=0x10004 }
D/InputEventConsistencyVerifier(  424):   3: sent at 128326000000, (unhandled) KeyEvent { action=ACTION_UP, keyCode=KEYCODE_DPAD_DOWN, scanCode=0, metaState=0, flags=0x400, repeatCount=0, eventTime=128326, downTime=128326, deviceId=-1, source=0x101 }
D/InputEventConsistencyVerifier(  424):   4: sent at 128326000000, (unhandled) KeyEvent { action=ACTION_DOWN, keyCode=KEYCODE_DPAD_DOWN, scanCode=0, metaState=0, flags=0x400, repeatCount=0, eventTime=128326, downTime=128326, deviceId=-1, source=0x101 }
D/InputEventConsistencyVerifier(  424):   5: sent at 128326000000, (unhandled) KeyEvent { action=ACTION_UP, keyCode=KEYCODE_DPAD_DOWN, scanCode=0, metaState=0, flags=0x400, repeatCount=0, eventTime=128326, downTime=128326, deviceId=-1, source=0x101 }
D/InputEventConsistencyVerifier(  424): KeyEvent: ACTION_UP but key was not down.
D/InputEventConsistencyVerifier(  424):   in com.android.systemui.statusbar.phone.PhoneStatusBarView@b3ea2170
D/InputEventConsistencyVerifier(  424):   0: sent at 128933000000, KeyEvent { action=ACTION_UP, keyCode=KEYCODE_DPAD_UP, scanCode=0, metaState=0, flags=0x8, repeatCount=0, eventTime=128933, downTime=128933, deviceId=-1, source=0x101 }
D/InputEventConsistencyVerifier(  424):   -- recent events --
D/InputEventConsistencyVerifier(  424):   1: sent at 128748000000, (unhandled) KeyEvent { action=ACTION_DOWN, keyCode=KEYCODE_DPAD_DOWN, scanCode=0, metaState=0, flags=0x8, repeatCount=0, eventTime=128748, downTime=128748, deviceId=-1, source=0x101 }
D/InputEventConsistencyVerifier(  424):   2: sent at 128743000000, (unhandled) KeyEvent { action=ACTION_UP, keyCode=KEYCODE_DPAD_CENTER, scanCode=0, metaState=0, flags=0x8, repeatCount=0, eventTime=128743, downTime=128743, deviceId=-1, source=0x101 }
D/InputEventConsistencyVerifier(  424):   3: sent at 128618000000, (unhandled) KeyEvent { action=ACTION_DOWN, keyCode=KEYCODE_DPAD_CENTER, scanCode=0, metaState=0, flags=0x8, repeatCount=0, eventTime=128618, downTime=128618, deviceId=-1, source=0x101 }
D/InputEventConsistencyVerifier(  424):   4: sent at 128607000000, (unhandled) KeyEvent { action=ACTION_UP, keyCode=KEYCODE_MENU, scanCode=0, metaState=0, flags=0x8, repeatCount=0, eventTime=128607, downTime=128607, deviceId=-1, source=0x101 }
D/InputEventConsistencyVerifier(  424):   5: sent at 128353000000, (unhandled) KeyEvent { action=ACTION_DOWN, keyCode=KEYCODE_MENU, scanCode=0, metaState=0, flags=0x8, repeatCount=0, eventTime=128353, downTime=128353, deviceId=-1, source=0x101 }
I/Choreographer(  424): Skipped 61 frames!  The application may be doing too much work on its main thread.
D/InputEventConsistencyVerifier(  424): KeyEvent: ACTION_UP but key was not down.
D/InputEventConsistencyVerifier(  424):   in com.android.systemui.statusbar.phone.StatusBarWindowView@b3ea01d8
D/InputEventConsistencyVerifier(  424):   0: sent at 129147000000, KeyEvent { action=ACTION_UP, keyCode=KEYCODE_DPAD_RIGHT, scanCode=0, metaState=0, flags=0x8, repeatCount=0, eventTime=129147, downTime=129147, deviceId=-1, source=0x101 }
D/InputEventConsistencyVerifier(  424):   -- recent events --
D/InputEventConsistencyVerifier(  424):   1: sent at 129136000000, (unhandled) KeyEvent { action=ACTION_UP, keyCode=KEYCODE_MENU, scanCode=0, metaState=0, flags=0x8, repeatCount=0, eventTime=129136, downTime=129136, deviceId=-1, source=0x101 }
D/InputEventConsistencyVerifier(  424):   2: sent at 129037000000, (unhandled) KeyEvent { action=ACTION_DOWN, keyCode=KEYCODE_MENU, scanCode=0, metaState=0, flags=0x8, repeatCount=0, eventTime=129037, downTime=129037, deviceId=-1, source=0x101 }
D/InputEventConsistencyVerifier(  424):   3: sent at 129018000000, MotionEvent { action=ACTION_UP, id[0]=0, x[0]=61.0, y[0]=710.0, toolType[0]=TOOL_TYPE_UNKNOWN, buttonState=0, metaState=0, flags=0x0, edgeFlags=0x0, pointerCount=1, historySize=0, eventTime=129018, downTime=129012, deviceId=0, source=0x1002 }
D/InputEventConsistencyVerifier(  424):   4: sent at 129012000000, MotionEvent { action=ACTION_DOWN, id[0]=0, x[0]=48.0, y[0]=718.0, toolType[0]=TOOL_TYPE_UNKNOWN, buttonState=0, metaState=0, flags=0x0, edgeFlags=0x0, pointerCount=1, historySize=0, eventTime=129012, downTime=129012, deviceId=0, source=0x1002 }
D/InputEventConsistencyVerifier(  424):   5: sent at 128988000000, MotionEvent { action=ACTION_UP, id[0]=0, x[0]=49.0, y[0]=74.0, toolType[0]=TOOL_TYPE_UNKNOWN, buttonState=0, metaState=0, flags=0x0, edgeFlags=0x0, pointerCount=1, historySize=0, eventTime=128988, downTime=128982, deviceId=0, source=0x1002 }
D/InputEventConsistencyVerifier(  424): KeyEvent: ACTION_UP but key was not down.
D/InputEventConsistencyVerifier(  424):   in com.android.systemui.statusbar.phone.StatusBarWindowView@b3ea01d8
D/InputEventConsistencyVerifier(  424):   0: sent at 129452000000, KeyEvent { action=ACTION_UP, keyCode=KEYCODE_DPAD_DOWN, scanCode=0, metaState=0, flags=0x8, repeatCount=0, eventTime=129452, downTime=129452, deviceId=-1, source=0x101 }
D/InputEventConsistencyVerifier(  424):   -- recent events --
D/InputEventConsistencyVerifier(  424):   1: sent at 129349000000, MotionEvent { action=ACTION_UP, id[0]=0, x[0]=170.0, y[0]=703.0, toolType[0]=TOOL_TYPE_UNKNOWN, buttonState=0, metaState=0, flags=0x0, edgeFlags=0x0, pointerCount=1, historySize=0, eventTime=129349, downTime=129308, deviceId=0, source=0x1002 }
D/InputEventConsistencyVerifier(  424):   2: sent at 129346000000, MotionEvent { action=ACTION_MOVE, id[0]=0, x[0]=177.0, y[0]=704.0, toolType[0]=TOOL_TYPE_UNKNOWN, buttonState=0, metaState=0, flags=0x0, edgeFlags=0x0, pointerCount=1, historySize=2, eventTime=129346, downTime=129308, deviceId=0, source=0x1002 }
D/InputEventConsistencyVerifier(  424):   3: sent at 129330000000, MotionEvent { action=ACTION_MOVE, id[0]=0, x[0]=186.0, y[0]=704.5, toolType[0]=TOOL_TYPE_UNKNOWN, buttonState=0, metaState=0, flags=0x0, edgeFlags=0x0, pointerCount=1, historySize=3, eventTime=129330, downTime=129308, deviceId=0, source=0x1002 }
D/InputEventConsistencyVerifier(  424):   4: sent at 129310000000, MotionEvent { action=ACTION_DOWN, id[0]=0, x[0]=194.0, y[0]=707.0, toolType[0]=TOOL_TYPE_UNKNOWN, buttonState=0, metaState=0, flags=0x0, edgeFlags=0x0, pointerCount=1, historySize=0, eventTime=129310, downTime=129308, deviceId=0, source=0x1002 }
D/InputEventConsistencyVerifier(  424):   5: sent at 129277000000, (unhandled) KeyEvent { action=ACTION_UP, keyCode=KEYCODE_DPAD_CENTER, scanCode=0, metaState=0, flags=0x8, repeatCount=0, eventTime=129277, downTime=129277, deviceId=-1, source=0x101 }
D/InputEventConsistencyVerifier(  424): KeyEvent: ACTION_UP but key was not down.
D/InputEventConsistencyVerifier(  424):   in com.android.systemui.statusbar.phone.StatusBarWindowView@b3ea01d8
D/InputEventConsistencyVerifier(  424):   0: sent at 129706000000, KeyEvent { action=ACTION_UP, keyCode=KEYCODE_DPAD_RIGHT, scanCode=0, metaState=0, flags=0x400, repeatCount=0, eventTime=129706, downTime=129706, deviceId=-1, source=0x101 }
D/InputEventConsistencyVerifier(  424):   -- recent events --
D/InputEventConsistencyVerifier(  424):   1: sent at 129560000000, (unhandled) MotionEvent { action=ACTION_MOVE, id[0]=0, x[0]=3.0, y[0]=0.0, toolType[0]=TOOL_TYPE_UNKNOWN, buttonState=0, metaState=0, flags=0x0, edgeFlags=0x0, pointerCount=1, historySize=9, eventTime=129560, downTime=-1, deviceId=0, source=0x10004 }
D/InputEventConsistencyVerifier(  424):   2: sent at 129638000000, MotionEvent { action=ACTION_UP, id[0]=0, x[0]=134.0, y[0]=130.0, toolType[0]=TOOL_TYPE_UNKNOWN, buttonState=0, metaState=0, flags=0x0, edgeFlags=0x0, pointerCount=1, historySize=0, eventTime=129638, downTime=129632, deviceId=0, source=0x1002 }
D/InputEventConsistencyVerifier(  424):   3: sent at 129633000000, MotionEvent { action=ACTION_DOWN, id[0]=0, x[0]=132.0, y[0]=148.0, toolType[0]=TOOL_TYPE_UNKNOWN, buttonState=0, metaState=0, flags=0x0, edgeFlags=0x0, pointerCount=1, historySize=0, eventTime=129633, downTime=129632, deviceId=0, source=0x1002 }
D/InputEventConsistencyVerifier(  424):   4: sent at 129570000000, MotionEvent { action=ACTION_UP, id[0]=0, x[0]=218.0, y[0]=606.0, toolType[0]=TOOL_TYPE_UNKNOWN, buttonState=0, metaState=0, flags=0x0, edgeFlags=0x0, pointerCount=1, historySize=0, eventTime=129570, downTime=129564, deviceId=0, source=0x1002 }
D/InputEventConsistencyVerifier(  424):   5: sent at 129564000000, MotionEvent { action=ACTION_DOWN, id[0]=0, x[0]=208.0, y[0]=606.0, toolType[0]=TOOL_TYPE_UNKNOWN, buttonState=0, metaState=0, flags=0x0, edgeFlags=0x0, pointerCount=1, historySize=0, eventTime=129564, downTime=129564, deviceId=0, source=0x1002 }
I/Choreographer(  424): Skipped 38 frames!  The application may be doing too much work on its main thread.
I/ActivityManager(  230): START {act=android.intent.action.CALL_BUTTON flg=0x10000000 cmp=com.android.contacts/.activities.DialtactsActivity u=0} from pid 424
W/dalvikvm(  424): DroidBox: { "FdAccess": { "path": "2f70726f632f6d656d696e666f", "id": "1361292734" } }
W/DroidBox(  424): DroidBox: { "FileRW": { "operation": "read", "data": "4d656d546f74616c3a202020202020202020373438393634206b420a4d656d467265653a20202020202020202020343531353932206b420a427566666572733a20202020202020202020202035333834206b420a4361636865643a202020202020202020", "id": "1361292734" } }
I/ActivityManager(  230): Start proc com.android.music for broadcast com.android.music/.MediaButtonIntentReceiver: pid=1097 uid=10024 gids={3003, 1015, 1028}
W/dalvikvm(  424): DroidBox: { "FdAccess": { "path": "2f70726f632f6d656d696e666f", "id": "1861595356" } }
W/DroidBox(  424): DroidBox: { "FileRW": { "operation": "read", "data": "4d656d546f74616c3a202020202020202020373438393634206b420a4d656d467265653a20202020202020202020343531313838206b420a427566666572733a20202020202020202020202035333834206b420a4361636865643a202020202020202020", "id": "1861595356" } }
I/Choreographer( 1022): Skipped 87 frames!  The application may be doing too much work on its main thread.
D/InputEventConsistencyVerifier(  424): TouchEvent: ACTION_DOWN but pointers are already down.  Probably missing ACTION_UP from previous gesture.
D/InputEventConsistencyVerifier(  424):   in android.view.ScaleGestureDetector@b3f40ab0
D/InputEventConsistencyVerifier(  424):   0: sent at 130630000000, MotionEvent { action=ACTION_DOWN, id[0]=0, x[0]=214.0, y[0]=671.0, toolType[0]=TOOL_TYPE_UNKNOWN, buttonState=0, metaState=0, flags=0x0, edgeFlags=0x0, pointerCount=1, historySize=0, eventTime=130630, downTime=130628, deviceId=0, source=0x1002 }
D/InputEventConsistencyVerifier(  424):   -- recent events --
D/InputEventConsistencyVerifier(  424):   1: sent at 130602000000, MotionEvent { action=ACTION_DOWN, id[0]=0, x[0]=62.0, y[0]=722.0, toolType[0]=TOOL_TYPE_UNKNOWN, buttonState=0, metaState=0, flags=0x0, edgeFlags=0x0, pointerCount=1, historySize=0, eventTime=130602, downTime=130601, deviceId=0, source=0x1002 }
D/InputEventConsistencyVerifier(  424):   2: sent at 129638000000, MotionEvent { action=ACTION_UP, id[0]=0, x[0]=134.0, y[0]=130.0, toolType[0]=TOOL_TYPE_UNKNOWN, buttonState=0, metaState=0, flags=0x0, edgeFlags=0x0, pointerCount=1, historySize=0, eventTime=129638, downTime=129632, deviceId=0, source=0x1002 }
D/InputEventConsistencyVerifier(  424):   3: sent at 129633000000, MotionEvent { action=ACTION_DOWN, id[0]=0, x[0]=132.0, y[0]=148.0, toolType[0]=TOOL_TYPE_UNKNOWN, buttonState=0, metaState=0, flags=0x0, edgeFlags=0x0, pointerCount=1, historySize=0, eventTime=129633, downTime=129632, deviceId=0, source=0x1002 }
D/InputEventConsistencyVerifier(  424):   4: sent at 129570000000, MotionEvent { action=ACTION_UP, id[0]=0, x[0]=218.0, y[0]=606.0, toolType[0]=TOOL_TYPE_UNKNOWN, buttonState=0, metaState=0, flags=0x0, edgeFlags=0x0, pointerCount=1, historySize=0, eventTime=129570, downTime=129564, deviceId=0, source=0x1002 }
D/InputEventConsistencyVerifier(  424):   5: sent at 129564000000, MotionEvent { action=ACTION_DOWN, id[0]=0, x[0]=208.0, y[0]=606.0, toolType[0]=TOOL_TYPE_UNKNOWN, buttonState=0, metaState=0, flags=0x0, edgeFlags=0x0, pointerCount=1, historySize=0, eventTime=129564, downTime=129564, deviceId=0, source=0x1002 }
I/Choreographer( 1022): Skipped 44 frames!  The application may be doing too much work on its main thread.
I/Choreographer(  424): Skipped 76 frames!  The application may be doing too much work on its main thread.
D/InputEventConsistencyVerifier( 1022): KeyEvent: ACTION_UP but key was not down.
D/InputEventConsistencyVerifier( 1022):   in android.view.ViewRootImpl@b3e6f430
D/InputEventConsistencyVerifier( 1022):   0: sent at 130804000000, KeyEvent { action=ACTION_UP, keyCode=KEYCODE_H, scanCode=0, metaState=0, flags=0x8, repeatCount=0, eventTime=130804, downTime=130804, deviceId=-1, source=0x101 }
D/InputEventConsistencyVerifier( 1022):   -- recent events --
D/InputEventConsistencyVerifier( 1022):   1: sent at 121506000000, KeyEvent { action=ACTION_UP, keyCode=KEYCODE_DPAD_LEFT, scanCode=0, metaState=0, flags=0x400, repeatCount=0, eventTime=121506, downTime=121506, deviceId=-1, source=0x101 }
D/InputEventConsistencyVerifier( 1022):   2: sent at 121506000000, KeyEvent { action=ACTION_DOWN, keyCode=KEYCODE_DPAD_LEFT, scanCode=0, metaState=0, flags=0x400, repeatCount=0, eventTime=121506, downTime=121506, deviceId=-1, source=0x101 }
D/InputEventConsistencyVerifier( 1022):   3: sent at 121505000000, KeyEvent { action=ACTION_UP, keyCode=KEYCODE_DPAD_LEFT, scanCode=0, metaState=0, flags=0x400, repeatCount=0, eventTime=121505, downTime=121505, deviceId=-1, source=0x101 }
D/InputEventConsistencyVerifier( 1022):   4: sent at 121505000000, KeyEvent { action=ACTION_DOWN, keyCode=KEYCODE_DPAD_LEFT, scanCode=0, metaState=0, flags=0x400, repeatCount=0, eventTime=121505, downTime=121505, deviceId=-1, source=0x101 }
D/InputEventConsistencyVerifier( 1022):   5: sent at 121504000000, KeyEvent { action=ACTION_UP, keyCode=KEYCODE_DPAD_LEFT, scanCode=0, metaState=0, flags=0x400, repeatCount=0, eventTime=121504, downTime=121504, deviceId=-1, source=0x101 }
D/PhoneStatusBar(  424): disable: < expand icons alerts ticker* system_info back home recent clock >
V/PhoneStatusBar(  424): setLightsOn(true)
I/ActivityManager(  230): START {act=android.intent.action.CALL_BUTTON flg=0x10000000 cmp=com.android.contacts/.activities.DialtactsActivity u=0} from pid 1022
I/Choreographer( 1022): Skipped 135 frames!  The application may be doing too much work on its main thread.
I/Choreographer( 1022): Skipped 40 frames!  The application may be doing too much work on its main thread.
D/InputEventConsistencyVerifier(  424): TouchEvent: ACTION_DOWN but pointers are already down.  Probably missing ACTION_UP from previous gesture.
D/InputEventConsistencyVerifier(  424):   in android.view.ScaleGestureDetector@b3f40ab0
D/InputEventConsistencyVerifier(  424):   0: sent at 131671000000, MotionEvent { action=ACTION_DOWN, id[0]=0, x[0]=335.0, y[0]=23.0, toolType[0]=TOOL_TYPE_UNKNOWN, buttonState=0, metaState=0, flags=0x0, edgeFlags=0x0, pointerCount=1, historySize=0, eventTime=131671, downTime=131658, deviceId=0, source=0x1002 }
D/InputEventConsistencyVerifier(  424):   -- recent events --
D/InputEventConsistencyVerifier(  424):   1: sent at 130630000000, MotionEvent { action=ACTION_DOWN, id[0]=0, x[0]=214.0, y[0]=671.0, toolType[0]=TOOL_TYPE_UNKNOWN, buttonState=0, metaState=0, flags=0x80000000, edgeFlags=0x0, pointerCount=1, historySize=0, eventTime=130630, downTime=130628, deviceId=0, source=0x1002 }
D/InputEventConsistencyVerifier(  424):   2: sent at 130602000000, MotionEvent { action=ACTION_DOWN, id[0]=0, x[0]=62.0, y[0]=722.0, toolType[0]=TOOL_TYPE_UNKNOWN, buttonState=0, metaState=0, flags=0x0, edgeFlags=0x0, pointerCount=1, historySize=0, eventTime=130602, downTime=130601, deviceId=0, source=0x1002 }
D/InputEventConsistencyVerifier(  424):   3: sent at 129638000000, MotionEvent { action=ACTION_UP, id[0]=0, x[0]=134.0, y[0]=130.0, toolType[0]=TOOL_TYPE_UNKNOWN, buttonState=0, metaState=0, flags=0x0, edgeFlags=0x0, pointerCount=1, historySize=0, eventTime=129638, downTime=129632, deviceId=0, source=0x1002 }
D/InputEventConsistencyVerifier(  424):   4: sent at 129633000000, MotionEvent { action=ACTION_DOWN, id[0]=0, x[0]=132.0, y[0]=148.0, toolType[0]=TOOL_TYPE_UNKNOWN, buttonState=0, metaState=0, flags=0x0, edgeFlags=0x0, pointerCount=1, historySize=0, eventTime=129633, downTime=129632, deviceId=0, source=0x1002 }
D/InputEventConsistencyVerifier(  424):   5: sent at 129570000000, MotionEvent { action=ACTION_UP, id[0]=0, x[0]=218.0, y[0]=606.0, toolType[0]=TOOL_TYPE_UNKNOWN, buttonState=0, metaState=0, flags=0x0, edgeFlags=0x0, pointerCount=1, historySize=0, eventTime=129570, downTime=129564, deviceId=0, source=0x1002 }
W/dalvikvm(  424): DroidBox: { "FdAccess": { "path": "2f70726f632f6d656d696e666f", "id": "2032496327" } }
W/DroidBox(  424): DroidBox: { "FileRW": { "operation": "read", "data": "4d656d546f74616c3a202020202020202020373438393634206b420a4d656d467265653a20202020202020202020343532313234206b420a427566666572733a20202020202020202020202035333838206b420a4361636865643a202020202020202020", "id": "2032496327" } }
I/Choreographer(  424): Skipped 33 frames!  The application may be doing too much work on its main thread.
D/InputEventConsistencyVerifier( 1022): TrackballEvent: Trackball is down but pressure is not greater than 0.
D/InputEventConsistencyVerifier( 1022):   in android.view.ViewRootImpl@b3e6f430
D/InputEventConsistencyVerifier( 1022):   0: sent at 131909000000, MotionEvent { action=ACTION_DOWN, id[0]=0, x[0]=0.0, y[0]=0.0, toolType[0]=TOOL_TYPE_UNKNOWN, buttonState=0, metaState=0, flags=0x0, edgeFlags=0x0, pointerCount=1, historySize=0, eventTime=131909, downTime=131786, deviceId=0, source=0x10004 }
D/InputEventConsistencyVerifier( 1022):   -- recent events --
D/InputEventConsistencyVerifier( 1022):   1: sent at 131905000000, MotionEvent { action=ACTION_MOVE, id[0]=0, x[0]=-1.0, y[0]=-1.0, toolType[0]=TOOL_TYPE_UNKNOWN, buttonState=0, metaState=0, flags=0x0, edgeFlags=0x0, pointerCount=1, historySize=9, eventTime=131905, downTime=-1, deviceId=0, source=0x10004 }
D/InputEventConsistencyVerifier( 1022):   2: sent at 131769000000, MotionEvent { action=ACTION_UP, id[0]=0, x[0]=179.0, y[0]=21.0, toolType[0]=TOOL_TYPE_UNKNOWN, buttonState=0, metaState=0, flags=0x0, edgeFlags=0x0, pointerCount=1, historySize=0, eventTime=131769, downTime=131706, deviceId=0, source=0x1002 }
D/InputEventConsistencyVerifier( 1022):   3: sent at 131707000000, MotionEvent { action=ACTION_DOWN, id[0]=0, x[0]=182.0, y[0]=30.0, toolType[0]=TOOL_TYPE_UNKNOWN, buttonState=0, metaState=0, flags=0x0, edgeFlags=0x0, pointerCount=1, historySize=0, eventTime=131707, downTime=131706, deviceId=0, source=0x1002 }
D/InputEventConsistencyVerifier( 1022):   4: sent at 131640000000, KeyEvent { action=ACTION_UP, keyCode=KEYCODE_S, scanCode=0, metaState=0, flags=0x8, repeatCount=0, eventTime=131640, downTime=131640, deviceId=-1, source=0x101 }
D/InputEventConsistencyVerifier( 1022):   5: sent at 131634000000, KeyEvent { action=ACTION_DOWN, keyCode=KEYCODE_S, scanCode=0, metaState=0, flags=0x8, repeatCount=0, eventTime=131634, downTime=131634, deviceId=-1, source=0x101 }
I/Choreographer( 1022): Skipped 147 frames!  The application may be doing too much work on its main thread.
D/InputEventConsistencyVerifier(  424): KeyEvent: ACTION_UP but key was not down.
D/InputEventConsistencyVerifier(  424):   in com.android.systemui.statusbar.phone.StatusBarWindowView@b3ea01d8
D/InputEventConsistencyVerifier(  424):   0: sent at 132025000000, KeyEvent { action=ACTION_UP, keyCode=KEYCODE_DPAD_LEFT, scanCode=0, metaState=0, flags=0x8, repeatCount=0, eventTime=132025, downTime=132025, deviceId=-1, source=0x101 }
D/InputEventConsistencyVerifier(  424):   -- recent events --
D/InputEventConsistencyVerifier(  424):   1: sent at 131688000000, MotionEvent { action=ACTION_UP, id[0]=0, x[0]=376.0, y[0]=48.0, toolType[0]=TOOL_TYPE_UNKNOWN, buttonState=0, metaState=0, flags=0x0, edgeFlags=0x0, pointerCount=1, historySize=0, eventTime=131688, downTime=131658, deviceId=0, source=0x1002 }
D/InputEventConsistencyVerifier(  424):   2: sent at 131685000000, MotionEvent { action=ACTION_POINTER_UP(1), id[0]=0, x[0]=358.0, y[0]=39.0, toolType[0]=TOOL_TYPE_UNKNOWN, id[1]=1, x[1]=456.0, y[1]=43.0, toolType[1]=TOOL_TYPE_UNKNOWN, buttonState=0, metaState=0, flags=0x0, edgeFlags=0x0, pointerCount=2, historySize=0, eventTime=131685, downTime=131658, deviceId=0, source=0x1002 }
D/InputEventConsistencyVerifier(  424):   3: sent at 131681000000, MotionEvent { action=ACTION_MOVE, id[0]=0, x[0]=346.0, y[0]=38.0, toolType[0]=TOOL_TYPE_UNKNOWN, id[1]=1, x[1]=451.0, y[1]=45.0, toolType[1]=TOOL_TYPE_UNKNOWN, buttonState=0, metaState=0, flags=0x0, edgeFlags=0x0, pointerCount=2, historySize=0, eventTime=131681, downTime=131658, deviceId=0, source=0x1002 }
D/InputEventConsistencyVerifier(  424):   4: sent at 131677000000, MotionEvent { action=ACTION_POINTER_DOWN(1), id[0]=0, x[0]=344.0, y[0]=31.0, toolType[0]=TOOL_TYPE_UNKNOWN, id[1]=1, x[1]=437.0, y[1]=46.0, toolType[1]=TOOL_TYPE_UNKNOWN, buttonState=0, metaState=0, flags=0x0, edgeFlags=0x0, pointerCount=2, historySize=0, eventTime=131677, downTime=131658, deviceId=0, source=0x1002 }
D/InputEventConsistencyVerifier(  424):   5: sent at 131671000000, MotionEvent { action=ACTION_DOWN, id[0]=0, x[0]=335.0, y[0]=23.0, toolType[0]=TOOL_TYPE_UNKNOWN, buttonState=0, metaState=0, flags=0x0, edgeFlags=0x0, pointerCount=1, historySize=0, eventTime=131671, downTime=131658, deviceId=0, source=0x1002 }
E/Trace   ( 1097): error opening trace file: No such file or directory (2)
I/ActivityManager(  230): START {act=android.intent.action.MAIN cat=[android.intent.category.HOME] flg=0x10200000 cmp=com.android.launcher/com.android.launcher2.Launcher u=0} from pid 230
D/InputEventConsistencyVerifier(  424): KeyEvent: ACTION_UP but key was not down.
D/InputEventConsistencyVerifier(  424):   in android.widget.FrameLayout@b3ebfd28
D/InputEventConsistencyVerifier(  424):   0: sent at 132352000000, KeyEvent { action=ACTION_UP, keyCode=KEYCODE_DPAD_DOWN, scanCode=0, metaState=0, flags=0x8, repeatCount=0, eventTime=132352, downTime=132352, deviceId=-1, source=0x101 }
D/InputEventConsistencyVerifier(  424):   -- recent events --
D/InputEventConsistencyVerifier(  424):   1: sent at 129638000000, MotionEvent { action=ACTION_UP, id[0]=0, x[0]=134.0, y[0]=130.0, toolType[0]=TOOL_TYPE_UNKNOWN, buttonState=0, metaState=0, flags=0x0, edgeFlags=0x0, pointerCount=1, historySize=0, eventTime=129638, downTime=129632, deviceId=0, source=0x1002 }
D/InputEventConsistencyVerifier(  424):   2: sent at 129633000000, MotionEvent { action=ACTION_DOWN, id[0]=0, x[0]=132.0, y[0]=148.0, toolType[0]=TOOL_TYPE_UNKNOWN, buttonState=0, metaState=0, flags=0x0, edgeFlags=0x0, pointerCount=1, historySize=0, eventTime=129633, downTime=129632, deviceId=0, source=0x1002 }
D/InputEventConsistencyVerifier(  424):   3: sent at 129570000000, MotionEvent { action=ACTION_UP, id[0]=0, x[0]=218.0, y[0]=606.0, toolType[0]=TOOL_TYPE_UNKNOWN, buttonState=0, metaState=0, flags=0x0, edgeFlags=0x0, pointerCount=1, historySize=0, eventTime=129570, downTime=129564, deviceId=0, source=0x1002 }
D/InputEventConsistencyVerifier(  424):   4: sent at 129564000000, MotionEvent { action=ACTION_DOWN, id[0]=0, x[0]=208.0, y[0]=606.0, toolType[0]=TOOL_TYPE_UNKNOWN, buttonState=0, metaState=0, flags=0x0, edgeFlags=0x0, pointerCount=1, historySize=0, eventTime=129564, downTime=129564, deviceId=0, source=0x1002 }
D/InputEventConsistencyVerifier(  424):   5: sent at 129502000000, MotionEvent { action=ACTION_UP, id[0]=0, x[0]=395.0, y[0]=374.0, toolType[0]=TOOL_TYPE_UNKNOWN, buttonState=0, metaState=0, flags=0x0, edgeFlags=0x0, pointerCount=1, historySize=0, eventTime=129502, downTime=129490, deviceId=0, source=0x1002 }
W/dalvikvm(  424): DroidBox: { "FdAccess": { "path": "2f70726f632f6d656d696e666f", "id": "1315238441" } }
W/DroidBox(  424): DroidBox: { "FileRW": { "operation": "read", "data": "4d656d546f74616c3a202020202020202020373438393634206b420a4d656d467265653a20202020202020202020343532303038206b420a427566666572733a20202020202020202020202035333838206b420a4361636865643a202020202020202020", "id": "1315238441" } }
I/Choreographer(  424): Skipped 192 frames!  The application may be doing too much work on its main thread.
W/dalvikvm(  424): DroidBox: { "FdAccess": { "path": "2f70726f632f6d656d696e666f", "id": "519519498" } }
W/DroidBox(  424): DroidBox: { "FileRW": { "operation": "read", "data": "4d656d546f74616c3a202020202020202020373438393634206b420a4d656d467265653a20202020202020202020343532303038206b420a427566666572733a20202020202020202020202035333838206b420a4361636865643a202020202020202020", "id": "519519498" } }
D/PhoneStatusBar(  424): disable: < expand icons alerts TICKER* system_info back home recent clock >
I/ActivityManager(  230): START {act=android.intent.action.MAIN cat=[android.intent.category.LAUNCHER] flg=0x10200000 cmp=com.jx.theme.n1094357875/com.jx.MainActivity u=0} from pid 974
I/Choreographer( 1022): Skipped 55 frames!  The application may be doing too much work on its main thread.
I/InputDispatcher(  230): Dropped event because of pending overdue app switch.
W/InputManager(  230): Input event injection from pid 974 failed.
D/InputEventConsistencyVerifier(  424): KeyEvent: ACTION_UP but key was not down.
D/InputEventConsistencyVerifier(  424):   in android.view.ViewRootImpl@b3f31d60
D/InputEventConsistencyVerifier(  424):   0: sent at 132936000000, KeyEvent { action=ACTION_UP, keyCode=KEYCODE_DPAD_DOWN, scanCode=0, metaState=0, flags=0x8, repeatCount=0, eventTime=132936, downTime=132936, deviceId=-1, source=0x101 }
D/InputEventConsistencyVerifier(  424):   -- recent events --
D/InputEventConsistencyVerifier(  424):   1: sent at 132718000000, KeyEvent { action=ACTION_UP, keyCode=KEYCODE_VOLUME_DOWN, scanCode=0, metaState=0, flags=0x8, repeatCount=0, eventTime=132718, downTime=132718, deviceId=-1, source=0x101 }
D/InputEventConsistencyVerifier(  424):   2: sent at 132563000000, KeyEvent { action=ACTION_DOWN, keyCode=KEYCODE_VOLUME_DOWN, scanCode=0, metaState=0, flags=0x8, repeatCount=0, eventTime=132563, downTime=132563, deviceId=-1, source=0x101 }
D/InputEventConsistencyVerifier(  424):   3: sent at 132602000000, KeyEvent { action=ACTION_UP, keyCode=KEYCODE_DPAD_LEFT, scanCode=0, metaState=0, flags=0x400, repeatCount=0, eventTime=132602, downTime=132602, deviceId=-1, source=0x101 }
D/InputEventConsistencyVerifier(  424):   4: sent at 132602000000, KeyEvent { action=ACTION_DOWN, keyCode=KEYCODE_DPAD_LEFT, scanCode=0, metaState=0, flags=0x400, repeatCount=0, eventTime=132602, downTime=132602, deviceId=-1, source=0x101 }
D/InputEventConsistencyVerifier(  424):   5: sent at 132602000000, KeyEvent { action=ACTION_UP, keyCode=KEYCODE_DPAD_LEFT, scanCode=0, metaState=0, flags=0x400, repeatCount=0, eventTime=132602, downTime=132602, deviceId=-1, source=0x101 }
I/Choreographer( 1022): Skipped 33 frames!  The application may be doing too much work on its main thread.
I/Choreographer(  230): Skipped 39 frames!  The application may be doing too much work on its main thread.
W/DroidBox( 1097): DroidBox: { "DexClassLoader": { "path": "/system/app/Music.apk" } }
I/Choreographer( 1022): Skipped 41 frames!  The application may be doing too much work on its main thread.
D/InputEventConsistencyVerifier(  424): KeyEvent: ACTION_UP but key was not down.
D/InputEventConsistencyVerifier(  424):   in com.android.systemui.statusbar.phone.StatusBarWindowView@b3ea01d8
D/InputEventConsistencyVerifier(  424):   0: sent at 133182000000, KeyEvent { action=ACTION_UP, keyCode=KEYCODE_DPAD_CENTER, scanCode=0, metaState=0, flags=0x8, repeatCount=0, eventTime=133182, downTime=133182, deviceId=-1, source=0x101 }
D/InputEventConsistencyVerifier(  424):   -- recent events --
D/InputEventConsistencyVerifier(  424):   1: sent at 133127000000, (unhandled) KeyEvent { action=ACTION_UP, keyCode=KEYCODE_DPAD_DOWN, scanCode=0, metaState=0, flags=0x8, repeatCount=0, eventTime=133127, downTime=133127, deviceId=-1, source=0x101 }
D/InputEventConsistencyVerifier(  424):   2: sent at 133118000000, (unhandled) KeyEvent { action=ACTION_DOWN, keyCode=KEYCODE_DPAD_DOWN, scanCode=0, metaState=0, flags=0x8, repeatCount=0, eventTime=133118, downTime=133118, deviceId=-1, source=0x101 }
D/InputEventConsistencyVerifier(  424):   3: sent at 132980000000, (unhandled) KeyEvent { action=ACTION_UP, keyCode=KEYCODE_DPAD_CENTER, scanCode=0, metaState=0, flags=0x8, repeatCount=0, eventTime=132980, downTime=132980, deviceId=-1, source=0x101 }
D/InputEventConsistencyVerifier(  424):   4: sent at 132955000000, (unhandled) KeyEvent { action=ACTION_DOWN, keyCode=KEYCODE_DPAD_CENTER, scanCode=0, metaState=0, flags=0x8, repeatCount=0, eventTime=132955, downTime=132955, deviceId=-1, source=0x101 }
D/InputEventConsistencyVerifier(  424):   5: sent at 132936000000, (unhandled) KeyEvent { action=ACTION_UP, keyCode=KEYCODE_DPAD_DOWN, scanCode=0, metaState=0, flags=0x80000008, repeatCount=0, eventTime=132936, downTime=132936, deviceId=-1, source=0x101 }
V/PhoneStatusBar(  424): setLightsOn(true)
W/dalvikvm(  424): DroidBox: { "FdAccess": { "path": "2f70726f632f6d656d696e666f", "id": "1067040059" } }
W/DroidBox(  424): DroidBox: { "FileRW": { "operation": "read", "data": "4d656d546f74616c3a202020202020202020373438393634206b420a4d656d467265653a20202020202020202020343439363434206b420a427566666572733a20202020202020202020202035343038206b420a4361636865643a202020202020202020", "id": "1067040059" } }
I/Choreographer(  424): Skipped 200 frames!  The application may be doing too much work on its main thread.
W/dalvikvm(  424): DroidBox: { "FdAccess": { "path": "2f70726f632f6d656d696e666f", "id": "368666397" } }
W/DroidBox(  424): DroidBox: { "FileRW": { "operation": "read", "data": "4d656d546f74616c3a202020202020202020373438393634206b420a4d656d467265653a20202020202020202020343439353230206b420a427566666572733a20202020202020202020202035343038206b420a4361636865643a202020202020202020", "id": "368666397" } }
D/InputEventConsistencyVerifier(  424): KeyEvent: ACTION_UP but key was not down.
D/InputEventConsistencyVerifier(  424):   in android.widget.FrameLayout@b3ebfd28
D/InputEventConsistencyVerifier(  424):   0: sent at 133677000000, KeyEvent { action=ACTION_UP, keyCode=KEYCODE_DPAD_DOWN, scanCode=0, metaState=0, flags=0x400, repeatCount=0, eventTime=133677, downTime=133677, deviceId=-1, source=0x101 }
D/InputEventConsistencyVerifier(  424):   -- recent events --
D/InputEventConsistencyVerifier(  424):   1: sent at 133127000000, (unhandled) KeyEvent { action=ACTION_UP, keyCode=KEYCODE_DPAD_DOWN, scanCode=0, metaState=0, flags=0x8, repeatCount=0, eventTime=133127, downTime=133127, deviceId=-1, source=0x101 }
D/InputEventConsistencyVerifier(  424):   2: sent at 133118000000, (unhandled) KeyEvent { action=ACTION_DOWN, keyCode=KEYCODE_DPAD_DOWN, scanCode=0, metaState=0, flags=0x8, repeatCount=0, eventTime=133118, downTime=133118, deviceId=-1, source=0x101 }
D/InputEventConsistencyVerifier(  424):   3: sent at 132980000000, (unhandled) KeyEvent { action=ACTION_UP, keyCode=KEYCODE_DPAD_CENTER, scanCode=0, metaState=0, flags=0x8, repeatCount=0, eventTime=132980, downTime=132980, deviceId=-1, source=0x101 }
D/InputEventConsistencyVerifier(  424):   4: sent at 132955000000, (unhandled) KeyEvent { action=ACTION_DOWN, keyCode=KEYCODE_DPAD_CENTER, scanCode=0, metaState=0, flags=0x8, repeatCount=0, eventTime=132955, downTime=132955, deviceId=-1, source=0x101 }
D/InputEventConsistencyVerifier(  424):   5: sent at 132936000000, (unhandled) KeyEvent { action=ACTION_UP, keyCode=KEYCODE_DPAD_DOWN, scanCode=0, metaState=0, flags=0x80000008, repeatCount=0, eventTime=132936, downTime=132936, deviceId=-1, source=0x101 }
W/dalvikvm(  424): DroidBox: { "FdAccess": { "path": "2f70726f632f6d656d696e666f", "id": "2088310297" } }
W/DroidBox(  424): DroidBox: { "FileRW": { "operation": "read", "data": "4d656d546f74616c3a202020202020202020373438393634206b420a4d656d467265653a20202020202020202020343437393038206b420a427566666572733a20202020202020202020202035343038206b420a4361636865643a202020202020202020", "id": "2088310297" } }
I/Choreographer(  424): Skipped 43 frames!  The application may be doing too much work on its main thread.
D/InputEventConsistencyVerifier( 1022): KeyEvent: ACTION_UP but key was not down.
D/InputEventConsistencyVerifier( 1022):   in android.view.ViewRootImpl@b3e6f430
D/InputEventConsistencyVerifier( 1022):   0: sent at 133882000000, KeyEvent { action=ACTION_UP, keyCode=KEYCODE_DPAD_DOWN, scanCode=0, metaState=0, flags=0x8, repeatCount=0, eventTime=133882, downTime=133882, deviceId=-1, source=0x101 }
D/InputEventConsistencyVerifier( 1022):   -- recent events --
D/InputEventConsistencyVerifier( 1022):   1: sent at 132266000000, KeyEvent { action=ACTION_UP, keyCode=KEYCODE_DPAD_UP, scanCode=0, metaState=0, flags=0x400, repeatCount=0, eventTime=132266, downTime=132266, deviceId=-1, source=0x101 }
D/InputEventConsistencyVerifier( 1022):   2: sent at 132266000000, KeyEvent { action=ACTION_DOWN, keyCode=KEYCODE_DPAD_UP, scanCode=0, metaState=0, flags=0x400, repeatCount=0, eventTime=132266, downTime=132266, deviceId=-1, source=0x101 }
D/InputEventConsistencyVerifier( 1022):   3: sent at 132265000000, KeyEvent { action=ACTION_UP, keyCode=KEYCODE_DPAD_UP, scanCode=0, metaState=0, flags=0x400, repeatCount=0, eventTime=132265, downTime=132265, deviceId=-1, source=0x101 }
D/InputEventConsistencyVerifier( 1022):   4: sent at 132265000000, KeyEvent { action=ACTION_DOWN, keyCode=KEYCODE_DPAD_UP, scanCode=0, metaState=0, flags=0x400, repeatCount=0, eventTime=132265, downTime=132265, deviceId=-1, source=0x101 }
D/InputEventConsistencyVerifier( 1022):   5: sent at 132264000000, KeyEvent { action=ACTION_UP, keyCode=KEYCODE_DPAD_UP, scanCode=0, metaState=0, flags=0x400, repeatCount=0, eventTime=132264, downTime=132264, deviceId=-1, source=0x101 }
W/DroidBox( 1097): DroidBox: { "ServiceStart": { "name": "com.android.music.MediaPlaybackService" } }
W/DroidBox( 1097): DroidBox: { "ServiceStart": { "name": "com.android.music.MediaPlaybackService" } }
I/Choreographer(  424): Skipped 105 frames!  The application may be doing too much work on its main thread.
V/PhoneStatusBar(  424): setLightsOn(true)
D/PhoneStatusBar(  424): disable: < expand icons alerts ticker* system_info back home recent clock >
I/ActivityManager(  230): START {act=android.intent.action.CALL_BUTTON flg=0x10000000 cmp=com.android.contacts/.activities.DialtactsActivity u=0} from pid 1022
D/InputEventConsistencyVerifier( 1022): TrackballEvent: Trackball is down but pressure is not greater than 0.
D/InputEventConsistencyVerifier( 1022):   in android.view.ViewRootImpl@b3e6f430
D/InputEventConsistencyVerifier( 1022):   0: sent at 134528000000, MotionEvent { action=ACTION_DOWN, id[0]=0, x[0]=0.0, y[0]=0.0, toolType[0]=TOOL_TYPE_UNKNOWN, buttonState=0, metaState=0, flags=0x0, edgeFlags=0x0, pointerCount=1, historySize=0, eventTime=134528, downTime=134419, deviceId=0, source=0x10004 }
D/InputEventConsistencyVerifier( 1022):   -- recent events --
D/InputEventConsistencyVerifier( 1022):   1: sent at 134565000000, KeyEvent { action=ACTION_UP, keyCode=KEYCODE_DPAD_LEFT, scanCode=0, metaState=0, flags=0x400, repeatCount=0, eventTime=134565, downTime=134565, deviceId=-1, source=0x101 }
D/InputEventConsistencyVerifier( 1022):   2: sent at 134565000000, KeyEvent { action=ACTION_DOWN, keyCode=KEYCODE_DPAD_LEFT, scanCode=0, metaState=0, flags=0x400, repeatCount=0, eventTime=134565, downTime=134565, deviceId=-1, source=0x101 }
D/InputEventConsistencyVerifier( 1022):   3: sent at 134564000000, KeyEvent { action=ACTION_UP, keyCode=KEYCODE_DPAD_LEFT, scanCode=0, metaState=0, flags=0x400, repeatCount=0, eventTime=134564, downTime=134564, deviceId=-1, source=0x101 }
D/InputEventConsistencyVerifier( 1022):   4: sent at 134564000000, KeyEvent { action=ACTION_DOWN, keyCode=KEYCODE_DPAD_LEFT, scanCode=0, metaState=0, flags=0x400, repeatCount=0, eventTime=134564, downTime=134564, deviceId=-1, source=0x101 }
