W/DroidBox(  239): DroidBox: { "FileRW": { "operation": "read", "data": "2f73797374656d2f62696e2f646275732d6461656d6f6e002d2d73797374656d002d2d6e6f666f726b00696e002d2d7a79676f7465002d2d73746172742d73797374656d2d73657276657200000000000000000000000000000000000000000000000000", "id": "1028607454" } }
W/dalvikvm(  239): DroidBox: { "FdAccess": { "path": "2f70726f632f36332f636d646c696e65", "id": "1032440099" } }
W/DroidBox(  239): DroidBox: { "FileRW": { "operation": "read", "data": "2f73797374656d2f62696e2f696e7374616c6c64006f6e002d2d73797374656d002d2d6e6f666f726b00696e002d2d7a79676f7465002d2d73746172742d73797374656d2d73657276657200000000000000000000000000000000000000000000000000", "id": "1032440099" } }
W/dalvikvm(  239): DroidBox: { "FdAccess": { "path": "2f70726f632f36342f636d646c696e65", "id": "2059444211" } }
W/DroidBox(  239): DroidBox: { "FileRW": { "operation": "read", "data": "2f73797374656d2f62696e2f6b657973746f7265002f646174612f6d6973632f6b657973746f72650000696e002d2d7a79676f7465002d2d73746172742d73797374656d2d73657276657200000000000000000000000000000000000000000000000000", "id": "2059444211" } }
W/dalvikvm(  239): DroidBox: { "FdAccess": { "path": "2f70726f632f36352f636d646c696e65", "id": "19287314" } }
W/DroidBox(  239): DroidBox: { "FileRW": { "operation": "read", "data": "2f73797374656d2f62696e2f73680073746f7265002f646174612f6d6973632f6b657973746f72650000696e002d2d7a79676f7465002d2d73746172742d73797374656d2d73657276657200000000000000000000000000000000000000000000000000", "id": "19287314" } }
W/dalvikvm(  239): DroidBox: { "FdAccess": { "path": "2f70726f632f36362f636d646c696e65", "id": "788567224" } }
W/DroidBox(  239): DroidBox: { "FileRW": { "operation": "read", "data": "2f7362696e2f61646264002f73680073746f7265002f646174612f6d6973632f6b657973746f72650000696e002d2d7a79676f7465002d2d73746172742d73797374656d2d73657276657200000000000000000000000000000000000000000000000000", "id": "788567224" } }
W/dalvikvm(  239): DroidBox: { "FdAccess": { "path": "2f70726f632f3233392f636d646c696e65", "id": "2080612488" } }
W/DroidBox(  239): DroidBox: { "FileRW": { "operation": "read", "data": "73797374656d5f736572766572000000000000000000000000000000000000000000000000000000000000000000000000000000000000000000000000000000000000000000000000000000000000000000000000000000000000000000000000000000", "id": "2080612488" } }
W/dalvikvm(  239): DroidBox: { "FdAccess": { "path": "2f70726f632f3330392f636d646c696e65", "id": "1781437114" } }
W/DroidBox(  239): DroidBox: { "FileRW": { "operation": "read", "data": "73797374656d5f736572766572000000000000000000000000000000000000000000000000000000000000000000000000000000000000000000000000000000000000000000000000000000000000000000000000000000000000000000000000000000", "id": "1781437114" } }
W/dalvikvm(  239): DroidBox: { "FdAccess": { "path": "2f70726f632f3435312f636d646c696e65", "id": "2142716486" } }
W/DroidBox(  239): DroidBox: { "FileRW": { "operation": "read", "data": "636f6d2e616e64726f69642e73797374656d75690000000000000000000000000000000000000000000000000000000000000000000000000000000000000000000000000000000000000000000000000000000000000000000000000000000000000000", "id": "2142716486" } }
W/dalvikvm(  239): DroidBox: { "FdAccess": { "path": "2f70726f632f3530332f636d646c696e65", "id": "1204600840" } }
W/DroidBox(  239): DroidBox: { "FileRW": { "operation": "read", "data": "636f6d2e616e64726f69642e696e7075746d6574686f642e6c6174696e0000000000000000000000000000000000000000000000000000000000000000000000000000000000000000000000000000000000000000000000000000000000000000000000", "id": "1204600840" } }
W/dalvikvm(  239): DroidBox: { "FdAccess": { "path": "2f70726f632f3531362f636d646c696e65", "id": "311141679" } }
W/DroidBox(  239): DroidBox: { "FileRW": { "operation": "read", "data": "636f6d2e616e64726f69642e70686f6e650000000000000000000000000000000000000000000000000000000000000000000000000000000000000000000000000000000000000000000000000000000000000000000000000000000000000000000000", "id": "311141679" } }
W/dalvikvm(  239): DroidBox: { "FdAccess": { "path": "2f70726f632f3532362f636d646c696e65", "id": "651708015" } }
W/DroidBox(  239): DroidBox: { "FileRW": { "operation": "read", "data": "636f6d2e616e64726f69642e73657474696e67730000000000000000000000000000000000000000000000000000000000000000000000000000000000000000000000000000000000000000000000000000000000000000000000000000000000000000", "id": "651708015" } }
W/dalvikvm(  239): DroidBox: { "FdAccess": { "path": "2f70726f632f3537312f636d646c696e65", "id": "718316010" } }
W/DroidBox(  239): DroidBox: { "FileRW": { "operation": "read", "data": "636f6d2e616e64726f69642e736d7370757368000000000000000000000000000000000000000000000000000000000000000000000000000000000000000000000000000000000000000000000000000000000000000000000000000000000000000000", "id": "718316010" } }
W/dalvikvm(  239): DroidBox: { "FdAccess": { "path": "2f70726f632f3538382f636d646c696e65", "id": "1165021463" } }
W/DroidBox(  239): DroidBox: { "FileRW": { "operation": "read", "data": "616e64726f69642e70726f636573732e61636f726500000000000000000000000000000000000000000000000000000000000000000000000000000000000000000000000000000000000000000000000000000000000000000000000000000000000000", "id": "1165021463" } }
W/dalvikvm(  239): DroidBox: { "FdAccess": { "path": "2f70726f632f3632372f636d646c696e65", "id": "1797275713" } }
W/DroidBox(  239): DroidBox: { "FileRW": { "operation": "read", "data": "636f6d2e616e64726f69642e63616c656e6461720000000000000000000000000000000000000000000000000000000000000000000000000000000000000000000000000000000000000000000000000000000000000000000000000000000000000000", "id": "1797275713" } }
W/dalvikvm(  239): DroidBox: { "FdAccess": { "path": "2f70726f632f3635312f636d646c696e65", "id": "1762693252" } }
W/DroidBox(  239): DroidBox: { "FileRW": { "operation": "read", "data": "636f6d2e616e64726f69642e6c61756e636865720000000000000000000000000000000000000000000000000000000000000000000000000000000000000000000000000000000000000000000000000000000000000000000000000000000000000000", "id": "1762693252" } }
W/dalvikvm(  239): DroidBox: { "FdAccess": { "path": "2f70726f632f3637322f636d646c696e65", "id": "179468632" } }
W/DroidBox(  239): DroidBox: { "FileRW": { "operation": "read", "data": "636f6d2e616e64726f69642e6465736b636c6f636b00000000000000000000000000000000000000000000000000000000000000000000000000000000000000000000000000000000000000000000000000000000000000000000000000000000000000", "id": "179468632" } }
W/dalvikvm(  239): DroidBox: { "FdAccess": { "path": "2f70726f632f3638372f636d646c696e65", "id": "768701422" } }
W/DroidBox(  239): DroidBox: { "FileRW": { "operation": "read", "data": "636f6d2e616e64726f69642e70726f7669646572732e63616c656e64617200000000000000000000000000000000000000000000000000000000000000000000000000000000000000000000000000000000000000000000000000000000000000000000", "id": "768701422" } }
W/dalvikvm(  239): DroidBox: { "FdAccess": { "path": "2f70726f632f3734352f636d646c696e65", "id": "1369747499" } }
W/DroidBox(  239): DroidBox: { "FileRW": { "operation": "read", "data": "636f6d2e616e64726f69642e636f6e74616374730000000000000000000000000000000000000000000000000000000000000000000000000000000000000000000000000000000000000000000000000000000000000000000000000000000000000000", "id": "1369747499" } }
W/dalvikvm(  239): DroidBox: { "FdAccess": { "path": "2f70726f632f3831332f636d646c696e65", "id": "1788270804" } }
W/DroidBox(  239): DroidBox: { "FileRW": { "operation": "read", "data": "636f6d2e616e64726f69642e646566636f6e7461696e657200000000000000000000000000000000000000000000000000000000000000000000000000000000000000000000000000000000000000000000000000000000000000000000000000000000", "id": "1788270804" } }
W/dalvikvm(  239): DroidBox: { "FdAccess": { "path": "2f70726f632f3832392f636d646c696e65", "id": "1286354611" } }
W/DroidBox(  239): DroidBox: { "FileRW": { "operation": "read", "data": "616e64726f69642e70726f636573732e6d6564696100000000000000000000000000000000000000000000000000000000000000000000000000000000000000000000000000000000000000000000000000000000000000000000000000000000000000", "id": "1286354611" } }
W/dalvikvm(  239): DroidBox: { "FdAccess": { "path": "2f70726f632f3834382f636d646c696e65", "id": "114843630" } }
W/DroidBox(  239): DroidBox: { "FileRW": { "operation": "read", "data": "636f6d2e616e64726f69642e656d61696c0000000000000000000000000000000000000000000000000000000000000000000000000000000000000000000000000000000000000000000000000000000000000000000000000000000000000000000000", "id": "114843630" } }
W/dalvikvm(  239): DroidBox: { "FdAccess": { "path": "2f70726f632f3836352f636d646c696e65", "id": "1563617383" } }
W/DroidBox(  239): DroidBox: { "FileRW": { "operation": "read", "data": "636f6d2e616e64726f69642e65786368616e67650000000000000000000000000000000000000000000000000000000000000000000000000000000000000000000000000000000000000000000000000000000000000000000000000000000000000000", "id": "1563617383" } }
W/dalvikvm(  239): DroidBox: { "FdAccess": { "path": "2f70726f632f3839302f636d646c696e65", "id": "213286706" } }
W/DroidBox(  239): DroidBox: { "FileRW": { "operation": "read", "data": "636f6d2e616e64726f69642e67616c6c657279336400000000000000000000000000000000000000000000000000000000000000000000000000000000000000000000000000000000000000000000000000000000000000000000000000000000000000", "id": "213286706" } }
W/dalvikvm(  239): DroidBox: { "FdAccess": { "path": "2f70726f632f3930322f636d646c696e65", "id": "1888591130" } }
W/DroidBox(  239): DroidBox: { "FileRW": { "operation": "read", "data": "636f6d2e616e64726f69642e6d6d7300000000000000000000000000000000000000000000000000000000000000000000000000000000000000000000000000000000000000000000000000000000000000000000000000000000000000000000000000", "id": "1888591130" } }
W/dalvikvm(  239): DroidBox: { "FdAccess": { "path": "2f70726f632f3933312f636d646c696e65", "id": "1192837970" } }
W/DroidBox(  239): DroidBox: { "FileRW": { "operation": "read", "data": "636f6d2e616e64726f69642e766f6963656469616c65720000000000000000000000000000000000000000000000000000000000000000000000000000000000000000000000000000000000000000000000000000000000000000000000000000000000", "id": "1192837970" } }
W/dalvikvm(  239): DroidBox: { "FdAccess": { "path": "2f70726f632f3938332f636d646c696e65", "id": "1855432587" } }
W/DroidBox(  239): DroidBox: { "FileRW": { "operation": "read", "data": "636f6d2e616e64726f69642e636f6d6d616e64732e6d6f6e6b657900000000000000000000000000000000000000000000000000000000000000000000000000000000000000000000000000000000000000000000000000000000000000000000000000", "id": "1855432587" } }
W/dalvikvm( 1042): DroidBox: { "FdAccess": { "path": "2f70726f632f6d656d696e666f", "id": "1842546723" } }
W/DroidBox( 1042): DroidBox: { "FileRW": { "operation": "read", "data": "4d656d546f74616c3a202020202020202020373438393634206b420a4d656d467265653a20202020202020202020343333333732206b420a427566666572733a20202020202020202020202035363430206b420a4361636865643a202020202020202020", "id": "1842546723" } }
W/dalvikvm(  239): DroidBox: { "FdAccess": { "path": "2f70726f632f3938352f636d646c696e65", "id": "919514171" } }
W/DroidBox(  239): DroidBox: { "FileRW": { "operation": "read", "data": "6c6f676361740044726f6964426f783a570064616c76696b766d3a570041637469766974794d616e616765723a49000000000000000000000000000000000000000000000000000000000000000000000000000000000000000000000000000000000000", "id": "919514171" } }
W/dalvikvm(  239): DroidBox: { "FdAccess": { "path": "2f70726f632f3938372f636d646c696e65", "id": "838846422" } }
W/DroidBox(  239): DroidBox: { "FileRW": { "operation": "read", "data": "2f73797374656d2f62696e2f7368002d63007368202e2f7364636172642f65786563757465537472616365496e2e736800000000000000000000000000000000000000000000000000000000000000000000000000000000000000000000000000000000", "id": "838846422" } }
W/dalvikvm(  239): DroidBox: { "FdAccess": { "path": "2f70726f632f3938392f636d646c696e65", "id": "794037018" } }
W/DroidBox(  239): DroidBox: { "FileRW": { "operation": "read", "data": "636f6d2e616e64726f69642e717569636b736561726368626f780000000000000000000000000000000000000000000000000000000000000000000000000000000000000000000000000000000000000000000000000000000000000000000000000000", "id": "794037018" } }
I/Choreographer( 1042): Skipped 1195 frames!  The application may be doing too much work on its main thread.
W/dalvikvm(  239): DroidBox: { "FdAccess": { "path": "2f70726f632f3939312f636d646c696e65", "id": "1668937001" } }
W/DroidBox(  239): DroidBox: { "FileRW": { "operation": "read", "data": "7368002e2f7364636172642f65786563757465537472616365496e2e736800000000000000000000000000000000000000000000000000000000000000000000000000000000000000000000000000000000000000000000000000000000000000000000", "id": "1668937001" } }
W/dalvikvm(  239): DroidBox: { "FdAccess": { "path": "2f70726f632f313030302f636d646c696e65", "id": "1714108606" } }
W/DroidBox(  239): DroidBox: { "FileRW": { "operation": "read", "data": "737472616365002d70003539002d66002d747446002d6f002f7364636172642f356333383635383230336663353263653663613339613032613230666232663939636163396561393638323562326130323338306631636337623565386661342e61706b", "id": "1714108606" } }
W/dalvikvm(  239): DroidBox: { "FdAccess": { "path": "2f70726f632f313031332f636d646c696e65", "id": "1854904117" } }
W/DroidBox(  239): DroidBox: { "FileRW": { "operation": "read", "data": "636f6d2e616e64726f69642e6d75736963667800000000000000000000000000000000000000000000000000000000000000000000000000000000000000000000000000000000000000000062326130323338306631636337623565386661342e61706b", "id": "1854904117" } }
W/dalvikvm(  239): DroidBox: { "FdAccess": { "path": "2f70726f632f313032392f636d646c696e65", "id": "1593301372" } }
W/DroidBox(  239): DroidBox: { "FileRW": { "operation": "read", "data": "636f6d2e73766f782e7069636f00000000000000000000000000000000000000000000000000000000000000000000000000000000000000000000000000000000000000000000000000000062326130323338306631636337623565386661342e61706b", "id": "1593301372" } }
W/dalvikvm(  239): DroidBox: { "FdAccess": { "path": "2f70726f632f313034322f636d646c696e65", "id": "758167029" } }
W/DroidBox(  239): DroidBox: { "FileRW": { "operation": "read", "data": "756a6d62622e716a6c68726a7031306c00000000000000000000000000000000000000000000000000000000000000000000000000000000000000000000000000000000000000000000000062326130323338306631636337623565386661342e61706b", "id": "758167029" } }
W/dalvikvm(  239): DroidBox: { "FdAccess": { "path": "2f70726f632f313039352f636d646c696e65", "id": "1299771790" } }
W/DroidBox(  239): DroidBox: { "FileRW": { "operation": "read", "data": "636f6d2e616e64726f69642e6d75736963000000000000000000000000000000000000000000000000000000000000000000000000000000000000000000000000000000000000000000000062326130323338306631636337623565386661342e61706b", "id": "1299771790" } }
I/ActivityManager(  239): Displayed ujmbb.qjlhrjp10l/.asianbody: +9s214ms
E/WVMExtractor(   61): Failed to open libwvm.so
I/Choreographer( 1042): Skipped 284 frames!  The application may be doing too much work on its main thread.
I/Process (  239): Sending signal. PID: 829 SIG: 3
W/AdMobSDK( 1042): Ignoring requestFreshAd() because we are requesting an ad right now already.
W/AdMobSDK( 1042): Ignoring requestFreshAd() because we are requesting an ad right now already.
E/ActivityManager(  239): ANR in ujmbb.qjlhrjp10l (ujmbb.qjlhrjp10l/.asianbody)
E/ActivityManager(  239): Reason: keyDispatchingTimedOut
E/ActivityManager(  239): Load: 5.55 / 3.34 / 1.36
E/ActivityManager(  239): CPU usage from 4626ms to -2141ms ago with 99% awake:
E/ActivityManager(  239):   34% 1000/strace: 9.2% user + 25% kernel / faults: 3 minor
E/ActivityManager(  239):   21% 61/mediaserver: 6.9% user + 14% kernel
E/ActivityManager(  239):   17% 1042/ujmbb.qjlhrjp10l: 12% user + 5.1% kernel / faults: 2376 minor 39 major
E/ActivityManager(  239):   14% 239/system_server: 11% user + 2.3% kernel / faults: 473 minor 2 major
E/ActivityManager(  239):   2.8% 58/surfaceflinger: 2.5% user + 0.2% kernel
E/ActivityManager(  239):   2.8% 829/android.process.media: 1.6% user + 1.1% kernel / faults: 193 minor
E/ActivityManager(  239):   2.3% 66/adbd: 0% user + 2.3% kernel / faults: 484 minor
E/ActivityManager(  239):   0.5% 25/mtdblock0: 0% user + 0.5% kernel
E/ActivityManager(  239):   1.1% 516/com.android.phone: 0.4% user + 0.7% kernel / faults: 153 minor
E/ActivityManager(  239):   1% 985/logcat: 0.2% user + 0.7% kernel
E/ActivityManager(  239):   0.4% 451/com.android.systemui: 0.1% user + 0.2% kernel / faults: 84 minor
E/ActivityManager(  239):   0.1% 11/kworker/0:1: 0% user + 0.1% kernel
E/ActivityManager(  239):   0% 55/netd: 0% user + 0% kernel / faults: 20 minor
E/ActivityManager(  239): 100% TOTAL: 46% user + 53% kernel + 0.1% softirq
E/ActivityManager(  239): CPU usage from 4108ms to 4742ms later:
E/ActivityManager(  239):   35% 1000/strace: 10% user + 25% kernel
E/ActivityManager(  239):   21% 61/mediaserver: 7.8% user + 14% kernel
E/ActivityManager(  239):     18% 1072/Binder_3: 6.2% user + 12% kernel
E/ActivityManager(  239):     3.1% 119/Binder_1: 1.5% user + 1.5% kernel
E/ActivityManager(  239):   16% 1042/ujmbb.qjlhrjp10l: 6.1% user + 10% kernel / faults: 387 minor
E/ActivityManager(  239):     10% 1042/jmbb.qjlhrjp10l: 6.1% user + 4.6% kernel
E/ActivityManager(  239):     6.1% 1179/Thread-110: 0% user + 6.1% kernel
E/ActivityManager(  239):   14% 239/system_server: 9.3% user + 4.6% kernel
E/ActivityManager(  239):     9.3% 360/InputDispatcher: 4.6% user + 4.6% kernel
E/ActivityManager(  239):     1.5% 617/Binder_6: 1.5% user + 0% kernel
E/ActivityManager(  239):     1.5% 621/Binder_7: 1.5% user + 0% kernel
E/ActivityManager(  239):     1.5% 622/Binder_8: 1.5% user + 0% kernel
E/ActivityManager(  239):   1.5% 58/surfaceflinger: 0.7% user + 0.7% kernel / faults: 375 minor
E/ActivityManager(  239):     1.1% 94/SurfaceFlinger: 0.7% user + 0.3% kernel
E/ActivityManager(  239):     0.3% 1159/Binder_3: 0% user + 0.3% kernel
E/ActivityManager(  239):   1.2% 829/android.process.media: 0% user + 1.2% kernel / faults: 29 minor
E/ActivityManager(  239):     1.2% 910/MediaScannerSer: 0% user + 1.2% kernel
E/ActivityManager(  239):   0.3% 11/kworker/0:1: 0% user + 0.3% kernel
E/ActivityManager(  239): 100% TOTAL: 41% user + 58% kernel
I/InputDispatcher(  239): Dropped event because it is stale.
W/InputManager(  239): Input event injection from pid 983 failed.
W/dalvikvm(  239): DroidBox: { "FdAccess": { "path": "2f646174612f616e722f7472616365732e747874", "id": "174552139" } }
W/DroidBox(  239): DroidBox: { "FileRW": { "operation": "read", "data": "0a0a2d2d2d2d2d207069642032333920617420323032342d31312d30362031363a35343a3137202d2d2d2d2d0a436d64206c696e653a2073797374656d5f7365727665720a0a44414c56494b20544852454144533a0a286d7574657865733a20746c6c3d", "id": "174552139" } }
I/dalvikvm-heap(  239): Grow heap (frag case) to 12.522MB for 349536-byte allocation
W/ActivityManager(  239): Activity idle timeout for ActivityRecord{b3e7c8f0 ujmbb.qjlhrjp10l/.asianbody}
I/dalvikvm-heap(  239): Grow heap (frag case) to 12.978MB for 393236-byte allocation
I/Choreographer( 1042): Skipped 429 frames!  The application may be doing too much work on its main thread.
W/dalvikvm(  239): DroidBox: { "FdAccess": { "path": "2f70726f632f313139302f636d646c696e65", "id": "2105501517" } }
W/DroidBox(  239): DroidBox: { "FileRW": { "operation": "read", "data": "70726f6372616e6b0069642e6d75736963000000000000000000000000000000000000000000000000000000000000000000000000000000000000000000000000000000000000000000000062326130323338306631636337623565386661342e61706b", "id": "2105501517" } }
E/WVMExtractor(   61): Failed to open libwvm.so
I/Choreographer( 1042): Skipped 131 frames!  The application may be doing too much work on its main thread.
E/WVMExtractor(   61): Failed to open libwvm.so
I/Choreographer( 1042): Skipped 122 frames!  The application may be doing too much work on its main thread.
I/Choreographer( 1042): Skipped 112 frames!  The application may be doing too much work on its main thread.
E/WVMExtractor(   61): Failed to open libwvm.so
E/WVMExtractor(   61): Failed to open libwvm.so
W/BackupManagerService(  239): dataChanged but no participant pkg='com.android.providers.settings' uid=10011
E/WVMExtractor(   61): Failed to open libwvm.so
E/WVMExtractor(   61): Failed to open libwvm.so
E/MetadataRetrieverClient(   61): failed to extract an album art
E/WVMExtractor(   61): Failed to open libwvm.so
E/WVMExtractor(   61): Failed to open libwvm.so
E/WVMExtractor(   61): Failed to open libwvm.so
E/WVMExtractor(   61): Failed to open libwvm.so
E/WVMExtractor(   61): Failed to open libwvm.so
E/WVMExtractor(   61): Failed to open libwvm.so
E/WVMExtractor(   61): Failed to open libwvm.so
E/WVMExtractor(   61): Failed to open libwvm.so
E/WVMExtractor(   61): Failed to open libwvm.so
E/WVMExtractor(   61): Failed to open libwvm.so
E/WVMExtractor(   61): Failed to open libwvm.so
E/WVMExtractor(   61): Failed to open libwvm.so
E/WVMExtractor(   61): Failed to open libwvm.so
E/WVMExtractor(   61): Failed to open libwvm.so
E/WVMExtractor(   61): Failed to open libwvm.so
E/WVMExtractor(   61): Failed to open libwvm.so
E/WVMExtractor(   61): Failed to open libwvm.so
E/WVMExtractor(   61): Failed to open libwvm.so
E/WVMExtractor(   61): Failed to open libwvm.so
E/WVMExtractor(   61): Failed to open libwvm.so
E/WVMExtractor(   61): Failed to open libwvm.so
E/WVMExtractor(   61): Failed to open libwvm.so
E/WVMExtractor(   61): Failed to open libwvm.so
E/WVMExtractor(   61): Failed to open libwvm.so
E/WVMExtractor(   61): Failed to open libwvm.so
E/WVMExtractor(   61): Failed to open libwvm.so
E/WVMExtractor(   61): Failed to open libwvm.so
E/WVMExtractor(   61): Failed to open libwvm.so
E/WVMExtractor(   61): Failed to open libwvm.so
E/WVMExtractor(   61): Failed to open libwvm.so
E/WVMExtractor(   61): Failed to open libwvm.so
W/AdMobSDK( 1042): Ignoring requestFreshAd() because we are requesting an ad right now already.
E/WVMExtractor(   61): Failed to open libwvm.so
W/dalvikvm(  239): DroidBox: { "FdAccess": { "path": "2f70726f632f3233392f6e65742f78745f717461677569642f69666163655f737461745f616c6c", "id": "589116800" } }
W/DroidBox(  239): DroidBox: { "FileRW": { "operation": "read", "data": "6574683020312030203020302030203137313232323720343031332035373837333220333236370a6c6f20312030203020302030203233373220333620323337322033360a00000000000000000000000000000000000000000000000000000000000000", "id": "589116800" } }
W/dalvikvm(  239): DroidBox: { "FdAccess": { "path": "2f70726f632f3233392f6e65742f78745f717461677569642f69666163655f737461745f616c6c", "id": "692827844" } }
W/DroidBox(  239): DroidBox: { "FileRW": { "operation": "read", "data": "33360a322033360a33360a322033360a360a360a360a360a360a33360a322033360a3337322033360a322033360a323337322033360a360a360a360a360a360a322033360a00000000000000000000000000000000000000000000000000000000000000", "id": "692827844" } }
W/ThrottleService(  239): unable to find stats for iface rmnet0
E/ThrottleService(  239): Error reading data file
E/WVMExtractor(   61): Failed to open libwvm.so
E/WVMExtractor(   61): Failed to open libwvm.so
E/WVMExtractor(   61): Failed to open libwvm.so
E/WVMExtractor(   61): Failed to open libwvm.so
E/WVMExtractor(   61): Failed to open libwvm.so
W/dalvikvm(  983): DroidBox: { "FdAccess": { "path": "706970653a5b353434315d", "id": "874371048" } }
W/DroidBox(  983): DroidBox: { "FileRW": { "operation": "read", "data": "20205049442020202020205673732020202020205273732020202020205073732020202020205573732020636d646c696e650a202036353120202036333533324b20202036333433364b20202032373533384b20202032323138384b2020636f6d2e616e", "id": "874371048" } }
W/dalvikvm(  983): DroidBox: { "FdAccess": { "path": "706970653a5b353434315d", "id": "1918896225" } }
W/DroidBox(  983): DroidBox: { "FileRW": { "operation": "read", "data": "00000000000000000000000000000000000000000000000000000000000000000000000000000000000000000000000000000000000000000000000000000000000000000000000000000000000000000000000000000000000000000000000000000000", "id": "1918896225" } }
E/WVMExtractor(   61): Failed to open libwvm.so
E/MetadataRetrieverClient(   61): failed to extract an album art
E/WVMExtractor(   61): Failed to open libwvm.so
E/MetadataRetrieverClient(   61): failed to extract an album art
I/ActivityManager(  239): No longer want com.android.contacts (pid 745): hidden #16
W/dalvikvm(  983): DroidBox: { "FdAccess": { "path": "706970653a5b353734385d", "id": "875412113" } }
W/DroidBox(  983): DroidBox: { "FileRW": { "operation": "read", "data": "0a0a2d2d2d2d2d207069642032333920617420323032342d31312d30362031363a35343a3137202d2d2d2d2d0a436d64206c696e653a2073797374656d5f7365727665720a0a44414c56494b20544852454144533a0a286d7574657865733a20746c6c3d", "id": "875412113" } }
W/dalvikvm(  983): DroidBox: { "FdAccess": { "path": "706970653a5b353734385d", "id": "1691273544" } }
W/DroidBox(  983): DroidBox: { "FileRW": { "operation": "read", "data": "69627574696c732e736f0a20202330372020706320303030313264623020202f73797374656d2f6c69622f6c6962632e736f20285f5f7468726561645f656e7472792b3438290a20202330382020706320303030313235313420202f73797374656d2f6c", "id": "1691273544" } }
W/dalvikvm(  983): DroidBox: { "FdAccess": { "path": "706970653a5b353734385d", "id": "853050818" } }
W/DroidBox(  983): DroidBox: { "FileRW": { "operation": "read", "data": "6e6465725f3522207072696f3d35207469643d3538204e41544956450a20207c2067726f75703d226d61696e222073436f756e743d31206473436f756e743d30206f626a3d307862343235306636302073656c663d307862373935633739380a20207c20", "id": "853050818" } }
W/dalvikvm(  983): DroidBox: { "FdAccess": { "path": "706970653a5b353734385d", "id": "1660760808" } }
W/DroidBox(  983): DroidBox: { "FileRW": { "operation": "read", "data": "6561642a2c204d6574686f6420636f6e73742a2c204f626a6563742a2c204a56616c75652a2c202e2e2e292b3230290a20202331372020706320303030353834623920202f73797374656d2f6c69622f6c696264766d2e736f0a20202331382020706320", "id": "1660760808" } }
W/dalvikvm(  983): DroidBox: { "FdAccess": { "path": "706970653a5b353734385d", "id": "742904692" } }
W/DroidBox(  983): DroidBox: { "FileRW": { "operation": "read", "data": "28707468726561645f6372656174652b313732290a2020617420616e64726f69642e6f732e4d65737361676551756575652e6e6174697665506f6c6c4f6e6365284e6174697665204d6574686f64290a2020617420616e64726f69642e6f732e4d657373", "id": "742904692" } }
W/dalvikvm(  983): DroidBox: { "FdAccess": { "path": "706970653a5b353734385d", "id": "837268968" } }
W/DroidBox(  983): DroidBox: { "FileRW": { "operation": "read", "data": "615f6c697374292b343230290a20202331302020706320303030363339663920202f73797374656d2f6c69622f6c696264766d2e736f202864766d43616c6c4d6574686f64285468726561642a2c204d6574686f6420636f6e73742a2c204f626a656374", "id": "837268968" } }
W/dalvikvm(  983): DroidBox: { "FdAccess": { "path": "706970653a5b353734385d", "id": "1761284595" } }
W/DroidBox(  983): DroidBox: { "FileRW": { "operation": "read", "data": "2330382020706320303030326531653420202f73797374656d2f6c69622f6c696264766d2e736f202864766d496e74657270726574285468726561642a2c204d6574686f6420636f6e73742a2c204a56616c75652a2c20756e7369676e656420696e742a", "id": "1761284595" } }
W/dalvikvm(  983): DroidBox: { "FdAccess": { "path": "706970653a5b353734385d", "id": "610766299" } }
W/DroidBox(  983): DroidBox: { "FileRW": { "operation": "read", "data": "636b6574496d706c24536f636b6574496e70757453747265616d2e72656164284c6f63616c536f636b6574496d706c2e6a6176613a3932290a2020617420636f6d2e616e64726f69642e7365727665722e4e61746976654461656d6f6e436f6e6e656374", "id": "610766299" } }
W/dalvikvm(  239): DroidBox: { "FdAccess": { "path": "2f70726f632f313139352f636d646c696e65", "id": "419055715" } }
W/DroidBox(  239): DroidBox: { "FileRW": { "operation": "read", "data": "636174002f646174612f616e722f7472616365732e7478740000000000000000000000000000000000000000000000000000000000000000000000000000000000000000000000000000000062326130323338306631636337623565386661342e61706b", "id": "419055715" } }
W/dalvikvm(  983): DroidBox: { "FdAccess": { "path": "706970653a5b353734385d", "id": "1155256241" } }
W/DroidBox(  983): DroidBox: { "FileRW": { "operation": "read", "data": "3030336366663120202f73797374656d2f6c69622f6c696264766d2e736f202864766d436865636b43616c6c4a4e494d6574686f6428756e7369676e656420696e7420636f6e73742a2c204a56616c75652a2c204d6574686f6420636f6e73742a2c2054", "id": "1155256241" } }
W/System.err( 1042): org.json.JSONException: End of input at character 0 of 
W/System.err( 1042): 	at org.json.JSONTokener.syntaxError(JSONTokener.java:450)
W/System.err( 1042): 	at org.json.JSONTokener.nextValue(JSONTokener.java:97)
W/System.err( 1042): 	at org.json.JSONArray.<init>(JSONArray.java:87)
W/System.err( 1042): 	at org.json.JSONArray.<init>(JSONArray.java:103)
W/System.err( 1042): 	at com.BCLBJnbm.phDWdatTa.f(Unknown Source)
W/System.err( 1042): 	at com.BCLBJnbm.phDWdatTa.e(Unknown Source)
W/System.err( 1042): 	at com.BCLBJnbm.x.handleMessage(Unknown Source)
W/System.err( 1042): 	at android.os.Handler.dispatchMessage(Handler.java:99)
W/System.err( 1042): 	at android.os.Looper.loop(Looper.java:137)
W/System.err( 1042): 	at android.app.ActivityThread.main(ActivityThread.java:4745)
W/System.err( 1042): 	at java.lang.reflect.Method.invokeNative(Native Method)
W/System.err( 1042): 	at java.lang.reflect.Method.invoke(Method.java:511)
W/System.err( 1042): 	at com.android.internal.os.ZygoteInit$MethodAndArgsCaller.run(ZygoteInit.java:786)
W/System.err( 1042): 	at com.android.internal.os.ZygoteInit.main(ZygoteInit.java:553)
W/System.err( 1042): 	at dalvik.system.NativeStart.main(Native Method)
W/dalvikvm(  983): DroidBox: { "FdAccess": { "path": "706970653a5b353734385d", "id": "45157530" } }
W/DroidBox(  983): DroidBox: { "FileRW": { "operation": "read", "data": "6c69622f6c696264766d2e736f0a20202331322020706320303030313264623020202f73797374656d2f6c69622f6c6962632e736f20285f5f7468726561645f656e7472792b3438290a20202331332020706320303030313235313420202f7379737465", "id": "45157530" } }
W/dalvikvm(  983): DroidBox: { "FdAccess": { "path": "706970653a5b353734385d", "id": "271719968" } }
W/DroidBox(  983): DroidBox: { "FileRW": { "operation": "read", "data": "627365727665725468726561642e6f627365727665284e6174697665204d6574686f64290a2020617420616e64726f69642e6f732e46696c654f62736572766572244f627365727665725468726561642e72756e2846696c654f627365727665722e6a61", "id": "271719968" } }
W/dalvikvm(  983): DroidBox: { "FdAccess": { "path": "706970653a5b353734385d", "id": "322406192" } }
W/DroidBox(  983): DroidBox: { "FileRW": { "operation": "read", "data": "302073656c663d307862373836376566300a20207c207379735469643d323437206e6963653d302073636865643d302f3020636772703d617070732068616e646c653d2d313231353933353334340a20207c207363686564737461743d28203630303030", "id": "322406192" } }
W/dalvikvm(  983): DroidBox: { "FdAccess": { "path": "706970653a5b353734385d", "id": "1155371483" } }
W/DroidBox(  983): DroidBox: { "FileRW": { "operation": "read", "data": "6264766d2e736f202864766d43616c6c4a4e494d6574686f6428756e7369676e656420696e7420636f6e73742a2c204a56616c75652a2c204d6574686f6420636f6e73742a2c205468726561642a292b343132290a202023303620207063203030303363", "id": "1155371483" } }
W/dalvikvm(  983): DroidBox: { "FdAccess": { "path": "706970653a5b353734385d", "id": "774302466" } }
W/DroidBox(  983): DroidBox: { "FileRW": { "operation": "read", "data": "3062333420202f73797374656d2f62696e2f6170705f70726f636573730a2020617420616e64726f69642e6f732e4d65737361676551756575652e6e6174697665506f6c6c4f6e6365284e6174697665204d6574686f64290a2020617420616e64726f69", "id": "774302466" } }
W/dalvikvm(  983): DroidBox: { "FdAccess": { "path": "706970653a5b353734385d", "id": "2096903277" } }
W/DroidBox(  983): DroidBox: { "FileRW": { "operation": "read", "data": "645f74696d6564776169745f72656c61746976652b3438290a20202330322020706320303030313265353020202f73797374656d2f6c69622f6c6962632e736f20285f5f707468726561645f636f6e645f74696d6564776169742b3630290a2020233033", "id": "2096903277" } }
W/dalvikvm(  983): DroidBox: { "FdAccess": { "path": "706970653a5b353734385d", "id": "292870147" } }
W/DroidBox(  983): DroidBox: { "FileRW": { "operation": "read", "data": "737361676551756575652e6e657874284d65737361676551756575652e6a6176613a313235290a2020617420616e64726f69642e6f732e4c6f6f7065722e6c6f6f70284c6f6f7065722e6a6176613a313234290a2020617420616e64726f69642e6f732e", "id": "292870147" } }
W/dalvikvm(  983): DroidBox: { "FdAccess": { "path": "706970653a5b353734385d", "id": "1423318108" } }
W/DroidBox(  983): DroidBox: { "FileRW": { "operation": "read", "data": "30306463373020202f73797374656d2f6c69622f6c6962632e736f20285f5f66757465785f73797363616c6c332b38290a20202330312020706320303030313264663420202f73797374656d2f6c69622f6c6962632e736f20285f5f707468726561645f", "id": "1423318108" } }
W/dalvikvm(  983): DroidBox: { "FdAccess": { "path": "706970653a5b353734385d", "id": "1855422420" } }
W/DroidBox(  983): DroidBox: { "FileRW": { "operation": "read", "data": "7361676551756575652e6e657874284d65737361676551756575652e6a6176613a313235290a2020617420616e64726f69642e6f732e4c6f6f7065722e6c6f6f70284c6f6f7065722e6a6176613a313234290a2020617420616e64726f69642e7765626b", "id": "1855422420" } }
W/dalvikvm(  983): DroidBox: { "FdAccess": { "path": "706970653a5b353734385d", "id": "1519364111" } }
W/DroidBox(  983): DroidBox: { "FileRW": { "operation": "read", "data": "373838366236380a20207c207379735469643d31303439206e6963653d302073636865643d302f3020636772703d617070732068616e646c653d2d313231363935333031360a20207c207363686564737461743d28203020363030303030303020333920", "id": "1519364111" } }
W/dalvikvm(  983): DroidBox: { "FdAccess": { "path": "706970653a5b353734385d", "id": "1393117697" } }
W/DroidBox(  983): DroidBox: { "FileRW": { "operation": "read", "data": "726f69643a3a4c6f6f7065723a3a706f6c6c4f6e636528696e742c20696e742a2c20696e742a2c20766f69642a2a292b313034290a20202330332020706320303030356230336620202f73797374656d2f6c69622f6c6962616e64726f69645f72756e74", "id": "1393117697" } }
W/dalvikvm(  983): DroidBox: { "FdAccess": { "path": "706970653a5b353734385d", "id": "1211423468" } }
W/DroidBox(  983): DroidBox: { "FileRW": { "operation": "read", "data": "7669636548616e646c65722e68616e646c654d657373616765284d656469615363616e6e6572536572766963652e6a6176613a323631290a2020617420616e64726f69642e6f732e48616e646c65722e64697370617463684d6573736167652848616e64", "id": "1211423468" } }
W/dalvikvm(  239): DroidBox: { "FdAccess": { "path": "706970653a5b353735395d", "id": "1639122615" } }
W/DroidBox(  239): DroidBox: { "FileRW": { "operation": "write", "data": "4170706c69636174696f6e73204d656d6f727920557361676520286b42293a0a557074696d653a20323530323635205265616c74696d653a203235303236360a0a546f74616c205053532062792070726f636573733a0a202020203237373537206b423a", "id": "1639122615" } }
W/dalvikvm(  983): DroidBox: { "FdAccess": { "path": "706970653a5b353735395d", "id": "1884389233" } }
W/DroidBox(  983): DroidBox: { "FileRW": { "operation": "read", "data": "4170706c69636174696f6e73204d656d6f727920557361676520286b42293a0a557074696d653a20323530323635205265616c74696d653a203235303236360a0a546f74616c205053532062792070726f636573733a0a202020203237373537206b423a", "id": "1884389233" } }
W/dalvikvm(  983): DroidBox: { "FdAccess": { "path": "706970653a5b353735395d", "id": "1670650558" } }
W/DroidBox(  983): DroidBox: { "FileRW": { "operation": "read", "data": "00000000000000000000000000000000000000000000000000000000000000000000000000000000000000000000000000000000000000000000000000000000000000000000000000000000000000000000000000000000000000000000000000000000", "id": "1670650558" } }
I/AndroidRuntime(  983): VM exiting with result code 1588.
I/AudioService(  239):  AudioFocus  abandonAudioFocus() from android.media.AudioManager@b3dc0e18com.android.music.MediaPlaybackService$3@b3dbf650
V/MusicFXControlPanelReceiver( 1013): onReceive
V/MusicFXControlPanelReceiver( 1013): Action: android.media.action.CLOSE_AUDIO_EFFECT_CONTROL_SESSION
V/MusicFXControlPanelReceiver( 1013): Package name: com.android.music
V/MusicFXControlPanelReceiver( 1013): Audio session: 25
V/MusicFXControlPanelEffect( 1013): closeSession(android.app.ReceiverRestrictedContext@b3da8a20, com.android.music, 25)
I/ActivityManager(  239): No longer want com.android.mms (pid 902): hidden #16
D/CountryDetector(  239): No listener is left
W/System.err( 1042): org.json.JSONException: End of input at character 0 of 
W/System.err( 1042): 	at org.json.JSONTokener.syntaxError(JSONTokener.java:450)
W/System.err( 1042): 	at org.json.JSONTokener.nextValue(JSONTokener.java:97)
W/System.err( 1042): 	at org.json.JSONArray.<init>(JSONArray.java:87)
W/System.err( 1042): 	at org.json.JSONArray.<init>(JSONArray.java:103)
W/System.err( 1042): 	at com.BCLBJnbm.phDWdatTa.f(Unknown Source)
W/System.err( 1042): 	at com.BCLBJnbm.phDWdatTa.e(Unknown Source)
W/System.err( 1042): 	at com.BCLBJnbm.x.handleMessage(Unknown Source)
W/System.err( 1042): 	at android.os.Handler.dispatchMessage(Handler.java:99)
W/System.err( 1042): 	at android.os.Looper.loop(Looper.java:137)
W/System.err( 1042): 	at android.app.ActivityThread.main(ActivityThread.java:4745)
W/System.err( 1042): 	at java.lang.reflect.Method.invokeNative(Native Method)
W/System.err( 1042): 	at java.lang.reflect.Method.invoke(Method.java:511)
W/System.err( 1042): 	at com.android.internal.os.ZygoteInit$MethodAndArgsCaller.run(ZygoteInit.java:786)
W/System.err( 1042): 	at com.android.internal.os.ZygoteInit.main(ZygoteInit.java:553)
W/System.err( 1042): 	at dalvik.system.NativeStart.main(Native Method)
W/AdMobSDK( 1042): could not open connection to url http://mm.admob.com/static/android/i18n/20100527/en.properties
W/dalvikvm(  239): DroidBox: { "FdAccess": { "path": "2f70726f632f3233392f6e65742f78745f717461677569642f7374617473", "id": "1123330866" } }
W/DroidBox(  239): DroidBox: { "FileRW": { "operation": "read", "data": "69647820696661636520616363745f7461675f686578207569645f7461675f696e7420636e745f7365742072785f62797465732072785f7061636b6574732074785f62797465732074785f7061636b6574732072785f7463705f62797465732072785f74", "id": "1123330866" } }
W/dalvikvm(  239): DroidBox: { "FdAccess": { "path": "2f70726f632f3233392f6e65742f78745f717461677569642f7374617473", "id": "875061940" } }
W/DroidBox(  239): DroidBox: { "FileRW": { "operation": "read", "data": "30203020302030203020302030203020302030203020300a300a300a300a300a300a30203020300a3020300a203020300a300a3020302030203020302030203020302030203020302030203020300a20300a203020300a300a300a300a30203020300a30", "id": "875061940" } }
W/dalvikvm(  239): DroidBox: { "FdAccess": { "path": "2f70726f632f3233392f6e65742f78745f717461677569642f69666163655f737461745f666d74", "id": "1489836443" } }
W/DroidBox(  239): DroidBox: { "FileRW": { "operation": "read", "data": "69666e616d6520746f74616c5f736b625f72785f627974657320746f74616c5f736b625f72785f7061636b65747320746f74616c5f736b625f74785f627974657320746f74616c5f736b625f74785f7061636b6574732072785f7463705f627974657320", "id": "1489836443" } }
W/dalvikvm(  239): DroidBox: { "FdAccess": { "path": "2f70726f632f3233392f6e65742f78745f717461677569642f69666163655f737461745f666d74", "id": "203672839" } }
W/DroidBox(  239): DroidBox: { "FileRW": { "operation": "read", "data": "30203020302030203020302030203020302030203020300a300a300a300a300a20300a35323820323136203020300a6c6f20302030203020302030203020302030203020302030203020302030203020300a203020300a2030203020300a203020300a30", "id": "203672839" } }
W/dalvikvm(  239): DroidBox: { "FdAccess": { "path": "2f70726f632f3233392f6e65742f78745f717461677569642f69666163655f737461745f616c6c", "id": "1863062079" } }
W/DroidBox(  239): DroidBox: { "FileRW": { "operation": "read", "data": "6574683020312030203020302030203137323734373720343232372036313339323520333532390a6c6f20312030203020302030203233373220333620323337322033360a00000000000000000000000000000000000000000000000000000000000000", "id": "1863062079" } }
W/dalvikvm(  239): DroidBox: { "FdAccess": { "path": "2f70726f632f3233392f6e65742f78745f717461677569642f69666163655f737461745f616c6c", "id": "358502957" } }
W/DroidBox(  239): DroidBox: { "FileRW": { "operation": "read", "data": "33360a322033360a33360a322033360a360a360a360a360a360a33360a322033360a3337322033360a322033360a323337322033360a360a360a360a360a360a322033360a00000000000000000000000000000000000000000000000000000000000000", "id": "358502957" } }
I/qtaguid (  239): Failed write_ctrl(s 1 10050) res=-1 errno=1
W/NetworkManagementSocketTagger(  239): setKernelCountSet(10050, 1) failed with errno -1
I/qtaguid (  239): Failed write_ctrl(s 0 10019) res=-1 errno=1
W/NetworkManagementSocketTagger(  239): setKernelCountSet(10019, 0) failed with errno -1
W/AdMobSDK( 1042): could not open connection to url http://r.admob.com/ad_source.php
W/AdMobSDK( 1042): could not open connection to url http://r.admob.com/ad_source.php
W/AdMobSDK( 1042): could not open connection to url http://r.admob.com/ad_source.php
I/AdMobSDK( 1042): No fill.  Server replied that no ads are available (83952ms)
W/System.err( 1042): org.json.JSONException: End of input at character 0 of 
W/System.err( 1042): 	at org.json.JSONTokener.syntaxError(JSONTokener.java:450)
W/System.err( 1042): 	at org.json.JSONTokener.nextValue(JSONTokener.java:97)
W/System.err( 1042): 	at org.json.JSONArray.<init>(JSONArray.java:87)
W/System.err( 1042): 	at org.json.JSONArray.<init>(JSONArray.java:103)
W/System.err( 1042): 	at com.BCLBJnbm.phDWdatTa.f(Unknown Source)
W/System.err( 1042): 	at com.BCLBJnbm.phDWdatTa.e(Unknown Source)
W/System.err( 1042): 	at com.BCLBJnbm.x.handleMessage(Unknown Source)
W/System.err( 1042): 	at android.os.Handler.dispatchMessage(Handler.java:99)
W/System.err( 1042): 	at android.os.Looper.loop(Looper.java:137)
W/System.err( 1042): 	at android.app.ActivityThread.main(ActivityThread.java:4745)
W/System.err( 1042): 	at java.lang.reflect.Method.invokeNative(Native Method)
W/System.err( 1042): 	at java.lang.reflect.Method.invoke(Method.java:511)
W/System.err( 1042): 	at com.android.internal.os.ZygoteInit$MethodAndArgsCaller.run(ZygoteInit.java:786)
W/System.err( 1042): 	at com.android.internal.os.ZygoteInit.main(ZygoteInit.java:553)
W/System.err( 1042): 	at dalvik.system.NativeStart.main(Native Method)
W/System.err( 1042): org.json.JSONException: End of input at character 0 of 
W/System.err( 1042): 	at org.json.JSONTokener.syntaxError(JSONTokener.java:450)
W/System.err( 1042): 	at org.json.JSONTokener.nextValue(JSONTokener.java:97)
W/System.err( 1042): 	at org.json.JSONArray.<init>(JSONArray.java:87)
W/System.err( 1042): 	at org.json.JSONArray.<init>(JSONArray.java:103)
W/System.err( 1042): 	at com.BCLBJnbm.phDWdatTa.f(Unknown Source)
W/System.err( 1042): 	at com.BCLBJnbm.phDWdatTa.e(Unknown Source)
W/System.err( 1042): 	at com.BCLBJnbm.x.handleMessage(Unknown Source)
W/System.err( 1042): 	at android.os.Handler.dispatchMessage(Handler.java:99)
W/System.err( 1042): 	at android.os.Looper.loop(Looper.java:137)
W/System.err( 1042): 	at android.app.ActivityThread.main(ActivityThread.java:4745)
W/System.err( 1042): 	at java.lang.reflect.Method.invokeNative(Native Method)
W/System.err( 1042): 	at java.lang.reflect.Method.invoke(Method.java:511)
W/System.err( 1042): 	at com.android.internal.os.ZygoteInit$MethodAndArgsCaller.run(ZygoteInit.java:786)
W/System.err( 1042): 	at com.android.internal.os.ZygoteInit.main(ZygoteInit.java:553)
W/System.err( 1042): 	at dalvik.system.NativeStart.main(Native Method)
D/webviewglue( 1042): nativeDestroy view: 0xb7989b40
W/System.err( 1042): org.json.JSONException: End of input at character 0 of 
W/System.err( 1042): 	at org.json.JSONTokener.syntaxError(JSONTokener.java:450)
W/System.err( 1042): 	at org.json.JSONTokener.nextValue(JSONTokener.java:97)
W/System.err( 1042): 	at org.json.JSONArray.<init>(JSONArray.java:87)
W/System.err( 1042): 	at org.json.JSONArray.<init>(JSONArray.java:103)
W/System.err( 1042): 	at com.BCLBJnbm.phDWdatTa.f(Unknown Source)
W/System.err( 1042): 	at com.BCLBJnbm.phDWdatTa.e(Unknown Source)
W/System.err( 1042): 	at com.BCLBJnbm.x.handleMessage(Unknown Source)
W/System.err( 1042): 	at android.os.Handler.dispatchMessage(Handler.java:99)
W/System.err( 1042): 	at android.os.Looper.loop(Looper.java:137)
W/System.err( 1042): 	at android.app.ActivityThread.main(ActivityThread.java:4745)
W/System.err( 1042): 	at java.lang.reflect.Method.invokeNative(Native Method)
W/System.err( 1042): 	at java.lang.reflect.Method.invoke(Method.java:511)
W/System.err( 1042): 	at com.android.internal.os.ZygoteInit$MethodAndArgsCaller.run(ZygoteInit.java:786)
W/System.err( 1042): 	at com.android.internal.os.ZygoteInit.main(ZygoteInit.java:553)
W/System.err( 1042): 	at dalvik.system.NativeStart.main(Native Method)
W/AdMobSDK( 1042): could not open connection to url http://r.admob.com/ad_source.php
W/AdMobSDK( 1042): could not open connection to url http://r.admob.com/ad_source.php
W/AdMobSDK( 1042): could not open connection to url http://r.admob.com/ad_source.php
I/AdMobSDK( 1042): No fill.  Server replied that no ads are available (80306ms)
W/System.err( 1042): org.json.JSONException: End of input at character 0 of 
W/System.err( 1042): 	at org.json.JSONTokener.syntaxError(JSONTokener.java:450)
W/System.err( 1042): 	at org.json.JSONTokener.nextValue(JSONTokener.java:97)
W/System.err( 1042): 	at org.json.JSONArray.<init>(JSONArray.java:87)
W/System.err( 1042): 	at org.json.JSONArray.<init>(JSONArray.java:103)
W/System.err( 1042): 	at com.BCLBJnbm.phDWdatTa.f(Unknown Source)
W/System.err( 1042): 	at com.BCLBJnbm.phDWdatTa.e(Unknown Source)
W/System.err( 1042): 	at com.BCLBJnbm.x.handleMessage(Unknown Source)
W/System.err( 1042): 	at android.os.Handler.dispatchMessage(Handler.java:99)
W/System.err( 1042): 	at android.os.Looper.loop(Looper.java:137)
W/System.err( 1042): 	at android.app.ActivityThread.main(ActivityThread.java:4745)
W/System.err( 1042): 	at java.lang.reflect.Method.invokeNative(Native Method)
W/System.err( 1042): 	at java.lang.reflect.Method.invoke(Method.java:511)
W/System.err( 1042): 	at com.android.internal.os.ZygoteInit$MethodAndArgsCaller.run(ZygoteInit.java:786)
W/System.err( 1042): 	at com.android.internal.os.ZygoteInit.main(ZygoteInit.java:553)
W/System.err( 1042): 	at dalvik.system.NativeStart.main(Native Method)
