D/InputEventConsistencyVerifier(  444):   0: sent at 279170000000, MotionEvent { action=ACTION_DOWN, id[0]=0, x[0]=350.0, y[0]=170.0, toolType[0]=TOOL_TYPE_UNKNOWN, buttonState=0, metaState=0, flags=0x0, edgeFlags=0x0, pointerCount=1, historySize=0, eventTime=279170, downTime=279170, deviceId=0, source=0x1002 }
D/InputEventConsistencyVerifier(  444):   -- recent events --
D/InputEventConsistencyVerifier(  444):   1: sent at 279039000000, MotionEvent { action=ACTION_MOVE, id[0]=0, x[0]=125.0, y[0]=196.0, toolType[0]=TOOL_TYPE_UNKNOWN, id[1]=1, x[1]=210.0, y[1]=709.0, toolType[1]=TOOL_TYPE_UNKNOWN, buttonState=0, metaState=0, flags=0x0, edgeFlags=0x0, pointerCount=2, historySize=1, eventTime=279039, downTime=279009, deviceId=0, source=0x1002 }
D/InputEventConsistencyVerifier(  444):   2: sent at 279033000000, MotionEvent { action=ACTION_POINTER_DOWN(1), id[0]=0, x[0]=109.0, y[0]=218.0, toolType[0]=TOOL_TYPE_UNKNOWN, id[1]=1, x[1]=216.0, y[1]=695.0, toolType[1]=TOOL_TYPE_UNKNOWN, buttonState=0, metaState=0, flags=0x0, edgeFlags=0x0, pointerCount=2, historySize=0, eventTime=279033, downTime=279009, deviceId=0, source=0x1002 }
D/InputEventConsistencyVerifier(  444):   3: sent at 279027000000, MotionEvent { action=ACTION_DOWN, id[0]=0, x[0]=95.0, y[0]=226.0, toolType[0]=TOOL_TYPE_UNKNOWN, buttonState=0, metaState=0, flags=0x0, edgeFlags=0x0, pointerCount=1, historySize=0, eventTime=279027, downTime=279009, deviceId=0, source=0x1002 }
D/InputEventConsistencyVerifier(  444):   4: sent at 278897000000, MotionEvent { action=ACTION_UP, id[0]=0, x[0]=205.0, y[0]=340.0, toolType[0]=TOOL_TYPE_UNKNOWN, buttonState=0, metaState=0, flags=0x0, edgeFlags=0x0, pointerCount=1, historySize=0, eventTime=278897, downTime=278876, deviceId=0, source=0x1002 }
D/InputEventConsistencyVerifier(  444):   5: sent at 278877000000, MotionEvent { action=ACTION_DOWN, id[0]=0, x[0]=197.0, y[0]=324.0, toolType[0]=TOOL_TYPE_UNKNOWN, buttonState=0, metaState=0, flags=0x0, edgeFlags=0x0, pointerCount=1, historySize=0, eventTime=278877, downTime=278876, deviceId=0, source=0x1002 }
I/ActivityManager(  237): START {act=android.intent.action.MAIN cat=[android.intent.category.HOME] flg=0x10200000 cmp=com.android.launcher/com.android.launcher2.Launcher u=0} from pid 237
I/ActivityManager(  237): START {act=android.settings.SETTINGS flg=0x10000000 cmp=com.android.settings/.Settings u=0} from pid 444
D/InputEventConsistencyVerifier(  444): KeyEvent: ACTION_UP but key was not down.
D/InputEventConsistencyVerifier(  444):   in com.android.systemui.statusbar.phone.StatusBarWindowView@b3de41d8
D/InputEventConsistencyVerifier(  444):   0: sent at 279458000000, KeyEvent { action=ACTION_UP, keyCode=KEYCODE_DPAD_DOWN, scanCode=0, metaState=0, flags=0x8, repeatCount=0, eventTime=279458, downTime=279458, deviceId=-1, source=0x101 }
D/InputEventConsistencyVerifier(  444):   -- recent events --
D/InputEventConsistencyVerifier(  444):   1: sent at 279368000000, (unhandled) KeyEvent { action=ACTION_UP, keyCode=KEYCODE_MENU, scanCode=0, metaState=0, flags=0x8, repeatCount=0, eventTime=279368, downTime=279368, deviceId=-1, source=0x101 }
D/InputEventConsistencyVerifier(  444):   2: sent at 279301000000, (unhandled) KeyEvent { action=ACTION_DOWN, keyCode=KEYCODE_MENU, scanCode=0, metaState=0, flags=0x8, repeatCount=0, eventTime=279301, downTime=279301, deviceId=-1, source=0x101 }
D/InputEventConsistencyVerifier(  444):   3: sent at 279295000000, (unhandled) KeyEvent { action=ACTION_UP, keyCode=KEYCODE_BUTTON_START, scanCode=0, metaState=0, flags=0x8, repeatCount=0, eventTime=279295, downTime=279295, deviceId=-1, source=0x101 }
D/InputEventConsistencyVerifier(  444):   4: sent at 279254000000, (unhandled) KeyEvent { action=ACTION_DOWN, keyCode=KEYCODE_BUTTON_START, scanCode=0, metaState=0, flags=0x8, repeatCount=0, eventTime=279254, downTime=279254, deviceId=-1, source=0x101 }
D/InputEventConsistencyVerifier(  444):   5: sent at 279217000000, MotionEvent { action=ACTION_UP, id[0]=0, x[0]=363.0, y[0]=5.0, toolType[0]=TOOL_TYPE_UNKNOWN, buttonState=0, metaState=0, flags=0x0, edgeFlags=0x0, pointerCount=1, historySize=0, eventTime=279217, downTime=279195, deviceId=0, source=0x1002 }
W/dalvikvm(  444): DroidBox: { "FdAccess": { "path": "2f70726f632f6d656d696e666f", "id": "340205527" } }
W/DroidBox(  444): DroidBox: { "FileRW": { "operation": "read", "data": "4d656d546f74616c3a202020202020202020373438393634206b420a4d656d467265653a20202020202020202020343435353638206b420a427566666572733a20202020202020202020202035373638206b420a4361636865643a202020202020202020", "id": "340205527" } }
W/dalvikvm(  444): DroidBox: { "FdAccess": { "path": "2f70726f632f6d656d696e666f", "id": "957611562" } }
W/DroidBox(  444): DroidBox: { "FileRW": { "operation": "read", "data": "4d656d546f74616c3a202020202020202020373438393634206b420a4d656d467265653a20202020202020202020343435353638206b420a427566666572733a20202020202020202020202035373638206b420a4361636865643a202020202020202020", "id": "957611562" } }
D/InputEventConsistencyVerifier(  444): KeyEvent: ACTION_UP but key was not down.
D/InputEventConsistencyVerifier(  444):   in com.android.systemui.statusbar.phone.PhoneStatusBarView@b3de6170
D/InputEventConsistencyVerifier(  444):   0: sent at 279813000000, KeyEvent { action=ACTION_UP, keyCode=KEYCODE_BUTTON_14, scanCode=0, metaState=0, flags=0x8, repeatCount=0, eventTime=279813, downTime=279813, deviceId=-1, source=0x101 }
D/InputEventConsistencyVerifier(  444):   -- recent events --
D/InputEventConsistencyVerifier(  444):   1: sent at 279589000000, (unhandled) KeyEvent { action=ACTION_UP, keyCode=KEYCODE_DPAD_CENTER, scanCode=0, metaState=0, flags=0x8, repeatCount=0, eventTime=279589, downTime=279589, deviceId=-1, source=0x101 }
D/InputEventConsistencyVerifier(  444):   2: sent at 279550000000, (unhandled) KeyEvent { action=ACTION_DOWN, keyCode=KEYCODE_DPAD_CENTER, scanCode=0, metaState=0, flags=0x8, repeatCount=0, eventTime=279550, downTime=279550, deviceId=-1, source=0x101 }
D/InputEventConsistencyVerifier(  444):   3: sent at 279514000000, (unhandled) KeyEvent { action=ACTION_UP, keyCode=KEYCODE_CTRL_LEFT, scanCode=0, metaState=0, flags=0x8, repeatCount=0, eventTime=279514, downTime=279514, deviceId=-1, source=0x101 }
D/InputEventConsistencyVerifier(  444):   4: sent at 279498000000, (unhandled) KeyEvent { action=ACTION_DOWN, keyCode=KEYCODE_CTRL_LEFT, scanCode=0, metaState=0, flags=0x8, repeatCount=0, eventTime=279498, downTime=279498, deviceId=-1, source=0x101 }
D/InputEventConsistencyVerifier(  444):   5: sent at 279458000000, (unhandled) KeyEvent { action=ACTION_UP, keyCode=KEYCODE_DPAD_DOWN, scanCode=0, metaState=0, flags=0x80000008, repeatCount=0, eventTime=279458, downTime=279458, deviceId=-1, source=0x101 }
D/InputEventConsistencyVerifier(  444): KeyEvent: ACTION_UP but key was not down.
D/InputEventConsistencyVerifier(  444):   in com.android.systemui.statusbar.phone.StatusBarWindowView@b3de41d8
D/InputEventConsistencyVerifier(  444):   0: sent at 279813000000, KeyEvent { action=ACTION_UP, keyCode=KEYCODE_DPAD_CENTER, scanCode=0, metaState=0, flags=0x8, repeatCount=0, eventTime=279813, downTime=279813, deviceId=-1, source=0x101 }
D/InputEventConsistencyVerifier(  444):   -- recent events --
D/InputEventConsistencyVerifier(  444):   1: sent at 279813000000, (unhandled) KeyEvent { action=ACTION_UP, keyCode=KEYCODE_BUTTON_14, scanCode=0, metaState=0, flags=0x8, repeatCount=0, eventTime=279813, downTime=279813, deviceId=-1, source=0x101 }
D/InputEventConsistencyVerifier(  444):   2: sent at 279794000000, (unhandled) KeyEvent { action=ACTION_DOWN, keyCode=KEYCODE_BUTTON_14, scanCode=0, metaState=0, flags=0x8, repeatCount=0, eventTime=279794, downTime=279794, deviceId=-1, source=0x101 }
D/InputEventConsistencyVerifier(  444):   3: sent at 279759000000, MotionEvent { action=ACTION_UP, id[0]=0, x[0]=163.0, y[0]=77.0, toolType[0]=TOOL_TYPE_UNKNOWN, buttonState=0, metaState=0, flags=0x0, edgeFlags=0x0, pointerCount=1, historySize=0, eventTime=279759, downTime=279711, deviceId=0, source=0x1002 }
D/InputEventConsistencyVerifier(  444):   4: sent at 279712000000, MotionEvent { action=ACTION_DOWN, id[0]=0, x[0]=177.0, y[0]=82.0, toolType[0]=TOOL_TYPE_UNKNOWN, buttonState=0, metaState=0, flags=0x0, edgeFlags=0x0, pointerCount=1, historySize=0, eventTime=279712, downTime=279711, deviceId=0, source=0x1002 }
D/InputEventConsistencyVerifier(  444):   5: sent at 279671000000, MotionEvent { action=ACTION_UP, id[0]=0, x[0]=204.0, y[0]=99.0, toolType[0]=TOOL_TYPE_UNKNOWN, buttonState=0, metaState=0, flags=0x0, edgeFlags=0x0, pointerCount=1, historySize=0, eventTime=279671, downTime=279617, deviceId=0, source=0x1002 }
I/Choreographer(  444): Skipped 53 frames!  The application may be doing too much work on its main thread.
W/dalvikvm(  444): DroidBox: { "FdAccess": { "path": "2f70726f632f6d656d696e666f", "id": "1054276942" } }
W/DroidBox(  444): DroidBox: { "FileRW": { "operation": "read", "data": "4d656d546f74616c3a202020202020202020373438393634206b420a4d656d467265653a20202020202020202020343435353638206b420a427566666572733a20202020202020202020202035373638206b420a4361636865643a202020202020202020", "id": "1054276942" } }
D/PhoneStatusBar(  444): disable: < expand icons alerts ticker* system_info back home recent clock >
W/InputMethodManagerService(  237): Window already focused, ignoring focus gain of: com.android.internal.view.IInputMethodClient$Stub$Proxy@b3e87a88 attribute=null
V/PhoneStatusBar(  444): setLightsOn(true)
I/Choreographer( 1041): Skipped 42 frames!  The application may be doing too much work on its main thread.
I/Choreographer( 1041): Skipped 43 frames!  The application may be doing too much work on its main thread.
I/Choreographer( 1041): Skipped 32 frames!  The application may be doing too much work on its main thread.
I/Choreographer( 1041): Skipped 98 frames!  The application may be doing too much work on its main thread.
I/ActivityManager(  237): START {act=android.intent.action.MAIN cat=[android.intent.category.LAUNCHER] flg=0x10000000 cmp=com.android.contacts/.activities.PeopleActivity sel={act=android.intent.action.MAIN cat=[android.intent.category.APP_CONTACTS]} u=0} from pid 237
W/InputMethodManagerService(  237): Window already focused, ignoring focus gain of: com.android.internal.view.IInputMethodClient$Stub$Proxy@b3e3de30 attribute=null
I/Choreographer( 1041): Skipped 55 frames!  The application may be doing too much work on its main thread.
I/Choreographer( 1041): Skipped 30 frames!  The application may be doing too much work on its main thread.
I/Choreographer( 1041): Skipped 45 frames!  The application may be doing too much work on its main thread.
I/Choreographer( 1041): Skipped 40 frames!  The application may be doing too much work on its main thread.
D/InputEventConsistencyVerifier( 1041): TrackballEvent: Trackball is down but pressure is not greater than 0.
D/InputEventConsistencyVerifier( 1041):   in android.view.ViewRootImpl@b3e2acc0
D/InputEventConsistencyVerifier( 1041):   0: sent at 284689000000, MotionEvent { action=ACTION_DOWN, id[0]=0, x[0]=0.0, y[0]=0.0, toolType[0]=TOOL_TYPE_UNKNOWN, buttonState=0, metaState=0, flags=0x0, edgeFlags=0x0, pointerCount=1, historySize=0, eventTime=284689, downTime=284615, deviceId=0, source=0x10004 }
D/InputEventConsistencyVerifier( 1041):   -- recent events --
D/InputEventConsistencyVerifier( 1041):   1: sent at 284791000000, KeyEvent { action=ACTION_UP, keyCode=KEYCODE_DPAD_DOWN, scanCode=0, metaState=0, flags=0x400, repeatCount=0, eventTime=284791, downTime=284791, deviceId=-1, source=0x101 }
D/InputEventConsistencyVerifier( 1041):   2: sent at 284791000000, KeyEvent { action=ACTION_DOWN, keyCode=KEYCODE_DPAD_DOWN, scanCode=0, metaState=0, flags=0x400, repeatCount=0, eventTime=284791, downTime=284791, deviceId=-1, source=0x101 }
D/InputEventConsistencyVerifier( 1041):   3: sent at 284790000000, KeyEvent { action=ACTION_UP, keyCode=KEYCODE_DPAD_DOWN, scanCode=0, metaState=0, flags=0x400, repeatCount=0, eventTime=284790, downTime=284790, deviceId=-1, source=0x101 }
D/InputEventConsistencyVerifier( 1041):   4: sent at 284790000000, KeyEvent { action=ACTION_DOWN, keyCode=KEYCODE_DPAD_DOWN, scanCode=0, metaState=0, flags=0x400, repeatCount=0, eventTime=284790, downTime=284790, deviceId=-1, source=0x101 }
D/InputEventConsistencyVerifier( 1041):   5: sent at 284790000000, KeyEvent { action=ACTION_UP, keyCode=KEYCODE_DPAD_DOWN, scanCode=0, metaState=0, flags=0x400, repeatCount=0, eventTime=284790, downTime=284790, deviceId=-1, source=0x101 }
I/Choreographer( 1041): Skipped 39 frames!  The application may be doing too much work on its main thread.
W/InputMethodManagerService(  237): Window already focused, ignoring focus gain of: com.android.internal.view.IInputMethodClient$Stub$Proxy@b3f9a720 attribute=null
I/Choreographer( 1041): Skipped 49 frames!  The application may be doing too much work on its main thread.
I/ActivityManager(  237): START {act=android.intent.action.MAIN cat=[android.intent.category.LAUNCHER] flg=0x10200000 cmp=ru.droid.install/.ui.HeadActivity u=0} from pid 1018
I/Choreographer( 1041): Skipped 60 frames!  The application may be doing too much work on its main thread.
I/Choreographer( 1041): Skipped 56 frames!  The application may be doing too much work on its main thread.
D/InputEventConsistencyVerifier( 1041): TrackballEvent: Trackball is down but pressure is not greater than 0.
D/InputEventConsistencyVerifier( 1041):   in android.view.ViewRootImpl@b3e79448
D/InputEventConsistencyVerifier( 1041):   0: sent at 287640000000, MotionEvent { action=ACTION_DOWN, id[0]=0, x[0]=0.0, y[0]=0.0, toolType[0]=TOOL_TYPE_UNKNOWN, buttonState=0, metaState=0, flags=0x0, edgeFlags=0x0, pointerCount=1, historySize=0, eventTime=287640, downTime=287571, deviceId=0, source=0x10004 }
D/InputEventConsistencyVerifier( 1041):   -- recent events --
D/InputEventConsistencyVerifier( 1041):   1: sent at 287649000000, KeyEvent { action=ACTION_UP, keyCode=KEYCODE_DPAD_LEFT, scanCode=0, metaState=0, flags=0x400, repeatCount=0, eventTime=287649, downTime=287649, deviceId=-1, source=0x101 }
D/InputEventConsistencyVerifier( 1041):   2: sent at 287649000000, KeyEvent { action=ACTION_DOWN, keyCode=KEYCODE_DPAD_LEFT, scanCode=0, metaState=0, flags=0x400, repeatCount=0, eventTime=287649, downTime=287649, deviceId=-1, source=0x101 }
D/InputEventConsistencyVerifier( 1041):   3: sent at 287647000000, KeyEvent { action=ACTION_UP, keyCode=KEYCODE_DPAD_LEFT, scanCode=0, metaState=0, flags=0x400, repeatCount=0, eventTime=287647, downTime=287647, deviceId=-1, source=0x101 }
D/InputEventConsistencyVerifier( 1041):   4: sent at 287647000000, KeyEvent { action=ACTION_DOWN, keyCode=KEYCODE_DPAD_LEFT, scanCode=0, metaState=0, flags=0x400, repeatCount=0, eventTime=287647, downTime=287647, deviceId=-1, source=0x101 }
D/InputEventConsistencyVerifier( 1041):   5: sent at 287637000000, MotionEvent { action=ACTION_MOVE, id[0]=0, x[0]=-2.0, y[0]=1.0, toolType[0]=TOOL_TYPE_UNKNOWN, buttonState=0, metaState=0, flags=0x0, edgeFlags=0x0, pointerCount=1, historySize=8, eventTime=287637, downTime=-1, deviceId=0, source=0x10004 }
I/Choreographer( 1041): Skipped 40 frames!  The application may be doing too much work on its main thread.
W/InputMethodManagerService(  237): Window already focused, ignoring focus gain of: com.android.internal.view.IInputMethodClient$Stub$Proxy@b3e3ef98 attribute=null
I/Choreographer( 1041): Skipped 52 frames!  The application may be doing too much work on its main thread.
I/Choreographer( 1041): Skipped 32 frames!  The application may be doing too much work on its main thread.
I/Choreographer( 1041): Skipped 123 frames!  The application may be doing too much work on its main thread.
I/Choreographer( 1041): Skipped 74 frames!  The application may be doing too much work on its main thread.
I/ActivityManager(  237): START {act=android.intent.action.MAIN cat=[android.intent.category.LAUNCHER] flg=0x10200000 cmp=ru.droid.install/.ui.HeadActivity u=0} from pid 1018
I/Choreographer( 1041): Skipped 53 frames!  The application may be doing too much work on its main thread.
I/Choreographer( 1041): Skipped 95 frames!  The application may be doing too much work on its main thread.
W/InputMethodManagerService(  237): Window already focused, ignoring focus gain of: com.android.internal.view.IInputMethodClient$Stub$Proxy@b3ee14c8 attribute=null
D/InputEventConsistencyVerifier( 1041): KeyEvent: ACTION_DOWN but key is already down and this event is not a key repeat.
D/InputEventConsistencyVerifier( 1041):   in android.webkit.WebView@b3db01f0
D/InputEventConsistencyVerifier( 1041):   0: sent at 291390000000, KeyEvent { action=ACTION_DOWN, keyCode=KEYCODE_DPAD_UP, scanCode=0, metaState=0, flags=0x400, repeatCount=0, eventTime=291390, downTime=291390, deviceId=-1, source=0x101 }
D/InputEventConsistencyVerifier( 1041):   -- recent events --
D/InputEventConsistencyVerifier( 1041):   1: sent at 291385000000, KeyEvent { action=ACTION_DOWN, keyCode=KEYCODE_DPAD_UP, scanCode=0, metaState=0, flags=0x400, repeatCount=0, eventTime=291385, downTime=291385, deviceId=-1, source=0x101 }
D/InputEventConsistencyVerifier( 1041):   2: sent at 291144000000, (unhandled) MotionEvent { action=ACTION_MOVE, id[0]=0, x[0]=0.0, y[0]=-4.0, toolType[0]=TOOL_TYPE_UNKNOWN, buttonState=0, metaState=0, flags=0x0, edgeFlags=0x0, pointerCount=1, historySize=8, eventTime=291144, downTime=-1, deviceId=0, source=0x10004 }
D/InputEventConsistencyVerifier( 1041):   3: sent at 291238000000, MotionEvent { action=ACTION_UP, id[0]=0, x[0]=190.0, y[0]=626.0, toolType[0]=TOOL_TYPE_UNKNOWN, buttonState=0, metaState=0, flags=0x0, edgeFlags=0x0, pointerCount=1, historySize=0, eventTime=291238, downTime=291223, deviceId=0, source=0x1002 }
D/InputEventConsistencyVerifier( 1041):   4: sent at 291224000000, MotionEvent { action=ACTION_DOWN, id[0]=0, x[0]=201.0, y[0]=629.0, toolType[0]=TOOL_TYPE_UNKNOWN, buttonState=0, metaState=0, flags=0x0, edgeFlags=0x0, pointerCount=1, historySize=0, eventTime=291224, downTime=291223, deviceId=0, source=0x1002 }
D/InputEventConsistencyVerifier( 1041):   5: sent at 291214000000, MotionEvent { action=ACTION_UP, id[0]=0, x[0]=352.0, y[0]=717.0, toolType[0]=TOOL_TYPE_UNKNOWN, buttonState=0, metaState=0, flags=0x0, edgeFlags=0x0, pointerCount=1, historySize=0, eventTime=291214, downTime=291169, deviceId=0, source=0x1002 }
I/ActivityManager(  237): START {act=android.intent.action.MAIN cat=[android.intent.category.LAUNCHER] flg=0x10200000 cmp=ru.droid.install/.ui.HeadActivity u=0} from pid 1018
I/Choreographer( 1041): Skipped 30 frames!  The application may be doing too much work on its main thread.
I/ActivityManager(  237): START {act=android.intent.action.MAIN cat=[android.intent.category.LAUNCHER] flg=0x10000000 cmp=com.android.contacts/.activities.PeopleActivity sel={act=android.intent.action.MAIN cat=[android.intent.category.APP_CONTACTS]} u=0} from pid 237
I/Choreographer( 1041): Skipped 69 frames!  The application may be doing too much work on its main thread.
D/InputEventConsistencyVerifier( 1041): KeyEvent: ACTION_UP but key was not down.
D/InputEventConsistencyVerifier( 1041):   in android.view.ViewRootImpl@b3ddbd58
D/InputEventConsistencyVerifier( 1041):   0: sent at 294540000000, KeyEvent { action=ACTION_UP, keyCode=KEYCODE_CONTACTS, scanCode=0, metaState=0, flags=0x8, repeatCount=0, eventTime=294540, downTime=294540, deviceId=-1, source=0x101 }
D/InputEventConsistencyVerifier( 1041):   -- recent events --
D/InputEventConsistencyVerifier( 1041):   1: sent at 294412000000, KeyEvent { action=ACTION_UP, keyCode=KEYCODE_DPAD_UP, scanCode=0, metaState=0, flags=0x8, repeatCount=0, eventTime=294412, downTime=294412, deviceId=-1, source=0x101 }
D/InputEventConsistencyVerifier( 1041):   2: sent at 294353000000, KeyEvent { action=ACTION_DOWN, keyCode=KEYCODE_DPAD_UP, scanCode=0, metaState=0, flags=0x8, repeatCount=0, eventTime=294353, downTime=294353, deviceId=-1, source=0x101 }
D/InputEventConsistencyVerifier( 1041):   3: sent at 294335000000, MotionEvent { action=ACTION_UP, id[0]=0, x[0]=184.0, y[0]=-537.0, toolType[0]=TOOL_TYPE_UNKNOWN, buttonState=0, metaState=0, flags=0x0, edgeFlags=0x0, pointerCount=1, historySize=0, eventTime=294335, downTime=294230, deviceId=0, source=0x1002 }
D/InputEventConsistencyVerifier( 1041):   4: sent at 294331000000, MotionEvent { action=ACTION_MOVE, id[0]=0, x[0]=193.0, y[0]=-537.0, toolType[0]=TOOL_TYPE_UNKNOWN, buttonState=0, metaState=0, flags=0x0, edgeFlags=0x0, pointerCount=1, historySize=5, eventTime=294331, downTime=294230, deviceId=0, source=0x1002 }
D/InputEventConsistencyVerifier( 1041):   5: sent at 294274000000, MotionEvent { action=ACTION_DOWN, id[0]=0, x[0]=241.0, y[0]=-556.0, toolType[0]=TOOL_TYPE_UNKNOWN, buttonState=0, metaState=0, flags=0x0, edgeFlags=0x0, pointerCount=1, historySize=0, eventTime=294274, downTime=294230, deviceId=0, source=0x1002 }
D/InputEventConsistencyVerifier( 1041): TrackballEvent: Trackball is down but pressure is not greater than 0.
D/InputEventConsistencyVerifier( 1041):   in android.view.ViewRootImpl@b3ddbd58
D/InputEventConsistencyVerifier( 1041):   0: sent at 294669000000, MotionEvent { action=ACTION_DOWN, id[0]=0, x[0]=0.0, y[0]=0.0, toolType[0]=TOOL_TYPE_UNKNOWN, buttonState=0, metaState=0, flags=0x0, edgeFlags=0x0, pointerCount=1, historySize=0, eventTime=294669, downTime=294571, deviceId=0, source=0x10004 }
D/InputEventConsistencyVerifier( 1041):   -- recent events --
D/InputEventConsistencyVerifier( 1041):   1: sent at 294700000000, KeyEvent { action=ACTION_UP, keyCode=KEYCODE_DPAD_RIGHT, scanCode=0, metaState=0, flags=0x400, repeatCount=0, eventTime=294700, downTime=294700, deviceId=-1, source=0x101 }
D/InputEventConsistencyVerifier( 1041):   2: sent at 294700000000, KeyEvent { action=ACTION_DOWN, keyCode=KEYCODE_DPAD_RIGHT, scanCode=0, metaState=0, flags=0x400, repeatCount=0, eventTime=294700, downTime=294700, deviceId=-1, source=0x101 }
D/InputEventConsistencyVerifier( 1041):   3: sent at 294699000000, KeyEvent { action=ACTION_UP, keyCode=KEYCODE_DPAD_RIGHT, scanCode=0, metaState=0, flags=0x400, repeatCount=0, eventTime=294699, downTime=294699, deviceId=-1, source=0x101 }
D/InputEventConsistencyVerifier( 1041):   4: sent at 294699000000, KeyEvent { action=ACTION_DOWN, keyCode=KEYCODE_DPAD_RIGHT, scanCode=0, metaState=0, flags=0x400, repeatCount=0, eventTime=294699, downTime=294699, deviceId=-1, source=0x101 }
D/InputEventConsistencyVerifier( 1041):   5: sent at 294698000000, KeyEvent { action=ACTION_UP, keyCode=KEYCODE_DPAD_RIGHT, scanCode=0, metaState=0, flags=0x400, repeatCount=0, eventTime=294698, downTime=294698, deviceId=-1, source=0x101 }
W/InputMethodManagerService(  237): Window already focused, ignoring focus gain of: com.android.internal.view.IInputMethodClient$Stub$Proxy@b3f58638 attribute=null
I/Choreographer( 1041): Skipped 51 frames!  The application may be doing too much work on its main thread.
I/Choreographer( 1041): Skipped 36 frames!  The application may be doing too much work on its main thread.
I/Choreographer( 1041): Skipped 83 frames!  The application may be doing too much work on its main thread.
I/Choreographer( 1041): Skipped 43 frames!  The application may be doing too much work on its main thread.
I/Choreographer(  444): Skipped 36 frames!  The application may be doing too much work on its main thread.
I/Choreographer( 1041): Skipped 267 frames!  The application may be doing too much work on its main thread.
W/DroidBox( 1126): DroidBox: { "ServiceStart": { "name": "com.android.music.MediaPlaybackService" } }
W/DroidBox( 1126): DroidBox: { "ServiceStart": { "name": "com.android.music.MediaPlaybackService" } }
D/InputEventConsistencyVerifier( 1041): KeyEvent: ACTION_UP but key was not down.
D/InputEventConsistencyVerifier( 1041):   in android.view.ViewRootImpl@b3e2acc0
D/InputEventConsistencyVerifier( 1041):   0: sent at 299868000000, KeyEvent { action=ACTION_UP, keyCode=KEYCODE_DPAD_RIGHT, scanCode=0, metaState=0, flags=0x8, repeatCount=0, eventTime=299868, downTime=299868, deviceId=-1, source=0x101 }
D/InputEventConsistencyVerifier( 1041):   -- recent events --
D/InputEventConsistencyVerifier( 1041):   1: sent at 296996000000, MotionEvent { action=ACTION_UP, id[0]=0, x[0]=107.0, y[0]=165.0, toolType[0]=TOOL_TYPE_UNKNOWN, buttonState=0, metaState=0, flags=0x0, edgeFlags=0x0, pointerCount=1, historySize=0, eventTime=296996, downTime=296977, deviceId=0, source=0x1002 }
D/InputEventConsistencyVerifier( 1041):   2: sent at 296978000000, MotionEvent { action=ACTION_DOWN, id[0]=0, x[0]=98.0, y[0]=172.0, toolType[0]=TOOL_TYPE_UNKNOWN, buttonState=0, metaState=0, flags=0x0, edgeFlags=0x0, pointerCount=1, historySize=0, eventTime=296978, downTime=296977, deviceId=0, source=0x1002 }
D/InputEventConsistencyVerifier( 1041):   3: sent at 296374000000, KeyEvent { action=ACTION_UP, keyCode=KEYCODE_MENU, scanCode=0, metaState=0, flags=0x8, repeatCount=0, eventTime=296374, downTime=296374, deviceId=-1, source=0x101 }
D/InputEventConsistencyVerifier( 1041):   4: sent at 296128000000, KeyEvent { action=ACTION_DOWN, keyCode=KEYCODE_MENU, scanCode=0, metaState=0, flags=0x8, repeatCount=0, eventTime=296128, downTime=296128, deviceId=-1, source=0x101 }
D/InputEventConsistencyVerifier( 1041):   5: sent at 296276000000, KeyEvent { action=ACTION_UP, keyCode=KEYCODE_DPAD_UP, scanCode=0, metaState=0, flags=0x400, repeatCount=0, eventTime=296276, downTime=296276, deviceId=-1, source=0x101 }
I/Choreographer( 1041): Skipped 95 frames!  The application may be doing too much work on its main thread.
W/InputMethodManagerService(  237): Window already focused, ignoring focus gain of: com.android.internal.view.IInputMethodClient$Stub$Proxy@b40cbbc8 attribute=null
D/InputEventConsistencyVerifier(  444): TouchEvent: ACTION_DOWN but pointers are already down.  Probably missing ACTION_UP from previous gesture.
D/InputEventConsistencyVerifier(  444):   in android.view.ScaleGestureDetector@b3e84958
D/InputEventConsistencyVerifier(  444):   0: sent at 301202000000, MotionEvent { action=ACTION_DOWN, id[0]=0, x[0]=267.0, y[0]=417.0, toolType[0]=TOOL_TYPE_UNKNOWN, buttonState=0, metaState=0, flags=0x0, edgeFlags=0x0, pointerCount=1, historySize=0, eventTime=301202, downTime=301201, deviceId=0, source=0x1002 }
D/InputEventConsistencyVerifier(  444):   -- recent events --
D/InputEventConsistencyVerifier(  444):   1: sent at 301167000000, MotionEvent { action=ACTION_DOWN, id[0]=0, x[0]=160.0, y[0]=713.0, toolType[0]=TOOL_TYPE_UNKNOWN, buttonState=0, metaState=0, flags=0x0, edgeFlags=0x0, pointerCount=1, historySize=0, eventTime=301167, downTime=301166, deviceId=0, source=0x1002 }
D/InputEventConsistencyVerifier(  444):   2: sent at 301149000000, MotionEvent { action=ACTION_UP, id[0]=0, x[0]=25.0, y[0]=2.0, toolType[0]=TOOL_TYPE_UNKNOWN, buttonState=0, metaState=0, flags=0x0, edgeFlags=0x0, pointerCount=1, historySize=0, eventTime=301149, downTime=301142, deviceId=0, source=0x1002 }
D/InputEventConsistencyVerifier(  444):   3: sent at 301143000000, MotionEvent { action=ACTION_DOWN, id[0]=0, x[0]=15.0, y[0]=15.0, toolType[0]=TOOL_TYPE_UNKNOWN, buttonState=0, metaState=0, flags=0x0, edgeFlags=0x0, pointerCount=1, historySize=0, eventTime=301143, downTime=301142, deviceId=0, source=0x1002 }
D/InputEventConsistencyVerifier(  444):   4: sent at 301072000000, MotionEvent { action=ACTION_UP, id[0]=0, x[0]=118.0, y[0]=9.0, toolType[0]=TOOL_TYPE_UNKNOWN, buttonState=0, metaState=0, flags=0x0, edgeFlags=0x0, pointerCount=1, historySize=0, eventTime=301072, downTime=301064, deviceId=0, source=0x1002 }
D/InputEventConsistencyVerifier(  444):   5: sent at 301064000000, MotionEvent { action=ACTION_DOWN, id[0]=0, x[0]=119.0, y[0]=10.0, toolType[0]=TOOL_TYPE_UNKNOWN, buttonState=0, metaState=0, flags=0x0, edgeFlags=0x0, pointerCount=1, historySize=0, eventTime=301064, downTime=301064, deviceId=0, source=0x1002 }
D/InputEventConsistencyVerifier(  444): KeyEvent: ACTION_UP but key was not down.
D/InputEventConsistencyVerifier(  444):   in com.android.systemui.statusbar.phone.StatusBarWindowView@b3de41d8
D/InputEventConsistencyVerifier(  444):   0: sent at 301323000000, KeyEvent { action=ACTION_UP, keyCode=KEYCODE_DPAD_UP, scanCode=0, metaState=0, flags=0x8, repeatCount=0, eventTime=301323, downTime=301323, deviceId=-1, source=0x101 }
D/InputEventConsistencyVerifier(  444):   -- recent events --
D/InputEventConsistencyVerifier(  444):   1: sent at 301207000000, MotionEvent { action=ACTION_UP, id[0]=0, x[0]=266.0, y[0]=416.0, toolType[0]=TOOL_TYPE_UNKNOWN, buttonState=0, metaState=0, flags=0x0, edgeFlags=0x0, pointerCount=1, historySize=0, eventTime=301207, downTime=301201, deviceId=0, source=0x1002 }
D/InputEventConsistencyVerifier(  444):   2: sent at 301202000000, MotionEvent { action=ACTION_DOWN, id[0]=0, x[0]=267.0, y[0]=417.0, toolType[0]=TOOL_TYPE_UNKNOWN, buttonState=0, metaState=0, flags=0x0, edgeFlags=0x0, pointerCount=1, historySize=0, eventTime=301202, downTime=301201, deviceId=0, source=0x1002 }
D/InputEventConsistencyVerifier(  444):   3: sent at 301194000000, MotionEvent { action=ACTION_UP, id[0]=0, x[0]=152.0, y[0]=712.0, toolType[0]=TOOL_TYPE_UNKNOWN, buttonState=0, metaState=0, flags=0x0, edgeFlags=0x0, pointerCount=1, historySize=0, eventTime=301194, downTime=301166, deviceId=0, source=0x1002 }
D/InputEventConsistencyVerifier(  444):   4: sent at 301167000000, MotionEvent { action=ACTION_DOWN, id[0]=0, x[0]=160.0, y[0]=713.0, toolType[0]=TOOL_TYPE_UNKNOWN, buttonState=0, metaState=0, flags=0x0, edgeFlags=0x0, pointerCount=1, historySize=0, eventTime=301167, downTime=301166, deviceId=0, source=0x1002 }
D/InputEventConsistencyVerifier(  444):   5: sent at 301149000000, MotionEvent { action=ACTION_UP, id[0]=0, x[0]=25.0, y[0]=2.0, toolType[0]=TOOL_TYPE_UNKNOWN, buttonState=0, metaState=0, flags=0x0, edgeFlags=0x0, pointerCount=1, historySize=0, eventTime=301149, downTime=301142, deviceId=0, source=0x1002 }
W/dalvikvm(  444): DroidBox: { "FdAccess": { "path": "2f70726f632f6d656d696e666f", "id": "283141100" } }
W/DroidBox(  444): DroidBox: { "FileRW": { "operation": "read", "data": "4d656d546f74616c3a202020202020202020373438393634206b420a4d656d467265653a20202020202020202020343438313732206b420a427566666572733a20202020202020202020202035383030206b420a4361636865643a202020202020202020", "id": "283141100" } }
I/Choreographer(  444): Skipped 64 frames!  The application may be doing too much work on its main thread.
W/dalvikvm(  444): DroidBox: { "FdAccess": { "path": "2f70726f632f6d656d696e666f", "id": "1690315571" } }
W/DroidBox(  444): DroidBox: { "FileRW": { "operation": "read", "data": "4d656d546f74616c3a202020202020202020373438393634206b420a4d656d467265653a20202020202020202020343438313732206b420a427566666572733a20202020202020202020202035383030206b420a4361636865643a202020202020202020", "id": "1690315571" } }
D/InputEventConsistencyVerifier(  444): KeyEvent: ACTION_UP but key was not down.
D/InputEventConsistencyVerifier(  444):   in android.widget.FrameLayout@b3de2f60
D/InputEventConsistencyVerifier(  444):   0: sent at 301361000000, KeyEvent { action=ACTION_UP, keyCode=KEYCODE_DPAD_DOWN, scanCode=0, metaState=0, flags=0x8, repeatCount=0, eventTime=301361, downTime=301361, deviceId=-1, source=0x101 }
D/InputEventConsistencyVerifier(  444):   -- recent events --
D/InputEventConsistencyVerifier(  444):   1: sent at 279759000000, MotionEvent { action=ACTION_UP, id[0]=0, x[0]=163.0, y[0]=77.0, toolType[0]=TOOL_TYPE_UNKNOWN, buttonState=0, metaState=0, flags=0x0, edgeFlags=0x0, pointerCount=1, historySize=0, eventTime=279759, downTime=279711, deviceId=0, source=0x1002 }
D/InputEventConsistencyVerifier(  444):   2: sent at 279712000000, MotionEvent { action=ACTION_DOWN, id[0]=0, x[0]=177.0, y[0]=82.0, toolType[0]=TOOL_TYPE_UNKNOWN, buttonState=0, metaState=0, flags=0x0, edgeFlags=0x0, pointerCount=1, historySize=0, eventTime=279712, downTime=279711, deviceId=0, source=0x1002 }
D/InputEventConsistencyVerifier(  444):   3: sent at 279671000000, MotionEvent { action=ACTION_UP, id[0]=0, x[0]=204.0, y[0]=99.0, toolType[0]=TOOL_TYPE_UNKNOWN, buttonState=0, metaState=0, flags=0x0, edgeFlags=0x0, pointerCount=1, historySize=0, eventTime=279671, downTime=279617, deviceId=0, source=0x1002 }
D/InputEventConsistencyVerifier(  444):   4: sent at 279644000000, MotionEvent { action=ACTION_POINTER_UP(1), id[0]=0, x[0]=190.0, y[0]=94.0, toolType[0]=TOOL_TYPE_UNKNOWN, id[1]=1, x[1]=52.0, y[1]=228.0, toolType[1]=TOOL_TYPE_UNKNOWN, buttonState=0, metaState=0, flags=0x0, edgeFlags=0x0, pointerCount=2, historySize=0, eventTime=279644, downTime=279617, deviceId=0, source=0x1002 }
D/InputEventConsistencyVerifier(  444):   5: sent at 279636000000, MotionEvent { action=ACTION_POINTER_DOWN(1), id[0]=0, x[0]=183.0, y[0]=81.0, toolType[0]=TOOL_TYPE_UNKNOWN, id[1]=1, x[1]=29.0, y[1]=228.0, toolType[1]=TOOL_TYPE_UNKNOWN, buttonState=0, metaState=0, flags=0x0, edgeFlags=0x0, pointerCount=2, historySize=0, eventTime=279636, downTime=279617, deviceId=0, source=0x1002 }
D/PhoneStatusBar(  444): disable: < expand icons alerts TICKER* system_info back home recent clock >
D/InputEventConsistencyVerifier(  444): TouchEvent: ACTION_DOWN but pointers are already down.  Probably missing ACTION_UP from previous gesture.
D/InputEventConsistencyVerifier(  444):   in android.view.ScaleGestureDetector@b3e84958
D/InputEventConsistencyVerifier(  444):   0: sent at 301538000000, MotionEvent { action=ACTION_DOWN, id[0]=0, x[0]=245.0, y[0]=88.0, toolType[0]=TOOL_TYPE_UNKNOWN, buttonState=0, metaState=0, flags=0x0, edgeFlags=0x0, pointerCount=1, historySize=0, eventTime=301538, downTime=301538, deviceId=0, source=0x1002 }
D/InputEventConsistencyVerifier(  444):   -- recent events --
D/InputEventConsistencyVerifier(  444):   1: sent at 301202000000, MotionEvent { action=ACTION_DOWN, id[0]=0, x[0]=267.0, y[0]=417.0, toolType[0]=TOOL_TYPE_UNKNOWN, buttonState=0, metaState=0, flags=0x80000000, edgeFlags=0x0, pointerCount=1, historySize=0, eventTime=301202, downTime=301201, deviceId=0, source=0x1002 }
D/InputEventConsistencyVerifier(  444):   2: sent at 301167000000, MotionEvent { action=ACTION_DOWN, id[0]=0, x[0]=160.0, y[0]=713.0, toolType[0]=TOOL_TYPE_UNKNOWN, buttonState=0, metaState=0, flags=0x0, edgeFlags=0x0, pointerCount=1, historySize=0, eventTime=301167, downTime=301166, deviceId=0, source=0x1002 }
D/InputEventConsistencyVerifier(  444):   3: sent at 301149000000, MotionEvent { action=ACTION_UP, id[0]=0, x[0]=25.0, y[0]=2.0, toolType[0]=TOOL_TYPE_UNKNOWN, buttonState=0, metaState=0, flags=0x0, edgeFlags=0x0, pointerCount=1, historySize=0, eventTime=301149, downTime=301142, deviceId=0, source=0x1002 }
D/InputEventConsistencyVerifier(  444):   4: sent at 301143000000, MotionEvent { action=ACTION_DOWN, id[0]=0, x[0]=15.0, y[0]=15.0, toolType[0]=TOOL_TYPE_UNKNOWN, buttonState=0, metaState=0, flags=0x0, edgeFlags=0x0, pointerCount=1, historySize=0, eventTime=301143, downTime=301142, deviceId=0, source=0x1002 }
D/InputEventConsistencyVerifier(  444):   5: sent at 301072000000, MotionEvent { action=ACTION_UP, id[0]=0, x[0]=118.0, y[0]=9.0, toolType[0]=TOOL_TYPE_UNKNOWN, buttonState=0, metaState=0, flags=0x0, edgeFlags=0x0, pointerCount=1, historySize=0, eventTime=301072, downTime=301064, deviceId=0, source=0x1002 }
I/ActivityManager(  237): START {act=android.intent.action.MAIN cat=[android.intent.category.LAUNCHER] flg=0x10200000 cmp=ru.droid.install/.ui.HeadActivity u=0} from pid 1018
D/InputEventConsistencyVerifier(  444): TouchEvent: ACTION_DOWN but pointers are already down.  Probably missing ACTION_UP from previous gesture.
D/InputEventConsistencyVerifier(  444):   in android.view.ScaleGestureDetector@b3e84958
D/InputEventConsistencyVerifier(  444):   0: sent at 301576000000, MotionEvent { action=ACTION_DOWN, id[0]=0, x[0]=168.0, y[0]=491.0, toolType[0]=TOOL_TYPE_UNKNOWN, buttonState=0, metaState=0, flags=0x0, edgeFlags=0x0, pointerCount=1, historySize=0, eventTime=301576, downTime=301575, deviceId=0, source=0x1002 }
D/InputEventConsistencyVerifier(  444):   -- recent events --
D/InputEventConsistencyVerifier(  444):   1: sent at 301538000000, MotionEvent { action=ACTION_DOWN, id[0]=0, x[0]=245.0, y[0]=88.0, toolType[0]=TOOL_TYPE_UNKNOWN, buttonState=0, metaState=0, flags=0x80000000, edgeFlags=0x0, pointerCount=1, historySize=0, eventTime=301538, downTime=301538, deviceId=0, source=0x1002 }
D/InputEventConsistencyVerifier(  444):   2: sent at 301202000000, MotionEvent { action=ACTION_DOWN, id[0]=0, x[0]=267.0, y[0]=417.0, toolType[0]=TOOL_TYPE_UNKNOWN, buttonState=0, metaState=0, flags=0x80000000, edgeFlags=0x0, pointerCount=1, historySize=0, eventTime=301202, downTime=301201, deviceId=0, source=0x1002 }
D/InputEventConsistencyVerifier(  444):   3: sent at 301167000000, MotionEvent { action=ACTION_DOWN, id[0]=0, x[0]=160.0, y[0]=713.0, toolType[0]=TOOL_TYPE_UNKNOWN, buttonState=0, metaState=0, flags=0x0, edgeFlags=0x0, pointerCount=1, historySize=0, eventTime=301167, downTime=301166, deviceId=0, source=0x1002 }
D/InputEventConsistencyVerifier(  444):   4: sent at 301149000000, MotionEvent { action=ACTION_UP, id[0]=0, x[0]=25.0, y[0]=2.0, toolType[0]=TOOL_TYPE_UNKNOWN, buttonState=0, metaState=0, flags=0x0, edgeFlags=0x0, pointerCount=1, historySize=0, eventTime=301149, downTime=301142, deviceId=0, source=0x1002 }
D/InputEventConsistencyVerifier(  444):   5: sent at 301143000000, MotionEvent { action=ACTION_DOWN, id[0]=0, x[0]=15.0, y[0]=15.0, toolType[0]=TOOL_TYPE_UNKNOWN, buttonState=0, metaState=0, flags=0x0, edgeFlags=0x0, pointerCount=1, historySize=0, eventTime=301143, downTime=301142, deviceId=0, source=0x1002 }
V/PhoneStatusBar(  444): setLightsOn(true)
I/Choreographer(  444): Skipped 82 frames!  The application may be doing too much work on its main thread.
D/InputEventConsistencyVerifier(  444): TouchEvent: ACTION_DOWN but pointers are already down.  Probably missing ACTION_UP from previous gesture.
D/InputEventConsistencyVerifier(  444):   in android.view.ScaleGestureDetector@b3e84958
D/InputEventConsistencyVerifier(  444):   0: sent at 301790000000, MotionEvent { action=ACTION_DOWN, id[0]=0, x[0]=298.0, y[0]=102.0, toolType[0]=TOOL_TYPE_UNKNOWN, buttonState=0, metaState=0, flags=0x0, edgeFlags=0x0, pointerCount=1, historySize=0, eventTime=301790, downTime=301789, deviceId=0, source=0x1002 }
D/InputEventConsistencyVerifier(  444):   -- recent events --
D/InputEventConsistencyVerifier(  444):   1: sent at 301576000000, MotionEvent { action=ACTION_DOWN, id[0]=0, x[0]=168.0, y[0]=491.0, toolType[0]=TOOL_TYPE_UNKNOWN, buttonState=0, metaState=0, flags=0x80000000, edgeFlags=0x0, pointerCount=1, historySize=0, eventTime=301576, downTime=301575, deviceId=0, source=0x1002 }
D/InputEventConsistencyVerifier(  444):   2: sent at 301538000000, MotionEvent { action=ACTION_DOWN, id[0]=0, x[0]=245.0, y[0]=88.0, toolType[0]=TOOL_TYPE_UNKNOWN, buttonState=0, metaState=0, flags=0x80000000, edgeFlags=0x0, pointerCount=1, historySize=0, eventTime=301538, downTime=301538, deviceId=0, source=0x1002 }
D/InputEventConsistencyVerifier(  444):   3: sent at 301202000000, MotionEvent { action=ACTION_DOWN, id[0]=0, x[0]=267.0, y[0]=417.0, toolType[0]=TOOL_TYPE_UNKNOWN, buttonState=0, metaState=0, flags=0x80000000, edgeFlags=0x0, pointerCount=1, historySize=0, eventTime=301202, downTime=301201, deviceId=0, source=0x1002 }
D/InputEventConsistencyVerifier(  444):   4: sent at 301167000000, MotionEvent { action=ACTION_DOWN, id[0]=0, x[0]=160.0, y[0]=713.0, toolType[0]=TOOL_TYPE_UNKNOWN, buttonState=0, metaState=0, flags=0x0, edgeFlags=0x0, pointerCount=1, historySize=0, eventTime=301167, downTime=301166, deviceId=0, source=0x1002 }
D/InputEventConsistencyVerifier(  444):   5: sent at 301149000000, MotionEvent { action=ACTION_UP, id[0]=0, x[0]=25.0, y[0]=2.0, toolType[0]=TOOL_TYPE_UNKNOWN, buttonState=0, metaState=0, flags=0x0, edgeFlags=0x0, pointerCount=1, historySize=0, eventTime=301149, downTime=301142, deviceId=0, source=0x1002 }
I/Choreographer(  444): Skipped 54 frames!  The application may be doing too much work on its main thread.
D/InputEventConsistencyVerifier(  444): KeyEvent: ACTION_UP but key was not down.
D/InputEventConsistencyVerifier(  444):   in com.android.systemui.statusbar.phone.StatusBarWindowView@b3de41d8
D/InputEventConsistencyVerifier(  444):   0: sent at 301926000000, KeyEvent { action=ACTION_UP, keyCode=KEYCODE_DPAD_UP, scanCode=0, metaState=0, flags=0x8, repeatCount=0, eventTime=301926, downTime=301926, deviceId=-1, source=0x101 }
D/InputEventConsistencyVerifier(  444):   -- recent events --
D/InputEventConsistencyVerifier(  444):   1: sent at 301808000000, MotionEvent { action=ACTION_UP, id[0]=0, x[0]=290.0, y[0]=109.0, toolType[0]=TOOL_TYPE_UNKNOWN, buttonState=0, metaState=0, flags=0x0, edgeFlags=0x0, pointerCount=1, historySize=0, eventTime=301808, downTime=301789, deviceId=0, source=0x1002 }
D/InputEventConsistencyVerifier(  444):   2: sent at 301790000000, MotionEvent { action=ACTION_DOWN, id[0]=0, x[0]=298.0, y[0]=102.0, toolType[0]=TOOL_TYPE_UNKNOWN, buttonState=0, metaState=0, flags=0x0, edgeFlags=0x0, pointerCount=1, historySize=0, eventTime=301790, downTime=301789, deviceId=0, source=0x1002 }
D/InputEventConsistencyVerifier(  444):   3: sent at 301718000000, (unhandled) KeyEvent { action=ACTION_UP, keyCode=KEYCODE_MENU, scanCode=0, metaState=0, flags=0x8, repeatCount=0, eventTime=301718, downTime=301718, deviceId=-1, source=0x101 }
D/InputEventConsistencyVerifier(  444):   4: sent at 301689000000, (unhandled) KeyEvent { action=ACTION_DOWN, keyCode=KEYCODE_MENU, scanCode=0, metaState=0, flags=0x8, repeatCount=0, eventTime=301689, downTime=301689, deviceId=-1, source=0x101 }
D/InputEventConsistencyVerifier(  444):   5: sent at 301684000000, (unhandled) KeyEvent { action=ACTION_UP, keyCode=KEYCODE_MENU, scanCode=0, metaState=0, flags=0x8, repeatCount=0, eventTime=301684, downTime=301684, deviceId=-1, source=0x101 }
D/InputEventConsistencyVerifier(  444): TouchEvent: ACTION_DOWN but pointers are already down.  Probably missing ACTION_UP from previous gesture.
D/InputEventConsistencyVerifier(  444):   in android.view.ScaleGestureDetector@b3e84958
D/InputEventConsistencyVerifier(  444):   0: sent at 301935000000, MotionEvent { action=ACTION_DOWN, id[0]=0, x[0]=117.0, y[0]=439.0, toolType[0]=TOOL_TYPE_UNKNOWN, buttonState=0, metaState=0, flags=0x0, edgeFlags=0x0, pointerCount=1, historySize=0, eventTime=301935, downTime=301934, deviceId=0, source=0x1002 }
D/InputEventConsistencyVerifier(  444):   -- recent events --
D/InputEventConsistencyVerifier(  444):   1: sent at 301790000000, MotionEvent { action=ACTION_DOWN, id[0]=0, x[0]=298.0, y[0]=102.0, toolType[0]=TOOL_TYPE_UNKNOWN, buttonState=0, metaState=0, flags=0x80000000, edgeFlags=0x0, pointerCount=1, historySize=0, eventTime=301790, downTime=301789, deviceId=0, source=0x1002 }
D/InputEventConsistencyVerifier(  444):   2: sent at 301576000000, MotionEvent { action=ACTION_DOWN, id[0]=0, x[0]=168.0, y[0]=491.0, toolType[0]=TOOL_TYPE_UNKNOWN, buttonState=0, metaState=0, flags=0x80000000, edgeFlags=0x0, pointerCount=1, historySize=0, eventTime=301576, downTime=301575, deviceId=0, source=0x1002 }
D/InputEventConsistencyVerifier(  444):   3: sent at 301538000000, MotionEvent { action=ACTION_DOWN, id[0]=0, x[0]=245.0, y[0]=88.0, toolType[0]=TOOL_TYPE_UNKNOWN, buttonState=0, metaState=0, flags=0x80000000, edgeFlags=0x0, pointerCount=1, historySize=0, eventTime=301538, downTime=301538, deviceId=0, source=0x1002 }
D/InputEventConsistencyVerifier(  444):   4: sent at 301202000000, MotionEvent { action=ACTION_DOWN, id[0]=0, x[0]=267.0, y[0]=417.0, toolType[0]=TOOL_TYPE_UNKNOWN, buttonState=0, metaState=0, flags=0x80000000, edgeFlags=0x0, pointerCount=1, historySize=0, eventTime=301202, downTime=301201, deviceId=0, source=0x1002 }
D/InputEventConsistencyVerifier(  444):   5: sent at 301167000000, MotionEvent { action=ACTION_DOWN, id[0]=0, x[0]=160.0, y[0]=713.0, toolType[0]=TOOL_TYPE_UNKNOWN, buttonState=0, metaState=0, flags=0x0, edgeFlags=0x0, pointerCount=1, historySize=0, eventTime=301167, downTime=301166, deviceId=0, source=0x1002 }
D/PhoneStatusBar(  444): disable: < expand icons alerts ticker* system_info back home recent clock >
V/PhoneStatusBar(  444): setLightsOn(true)
D/InputEventConsistencyVerifier(  444): TouchEvent: ACTION_DOWN but pointers are already down.  Probably missing ACTION_UP from previous gesture.
D/InputEventConsistencyVerifier(  444):   in android.view.ScaleGestureDetector@b3e84958
D/InputEventConsistencyVerifier(  444):   0: sent at 302155000000, MotionEvent { action=ACTION_DOWN, id[0]=0, x[0]=314.0, y[0]=10.0, toolType[0]=TOOL_TYPE_UNKNOWN, buttonState=0, metaState=0, flags=0x0, edgeFlags=0x0, pointerCount=1, historySize=0, eventTime=302155, downTime=302155, deviceId=0, source=0x1002 }
D/InputEventConsistencyVerifier(  444):   -- recent events --
D/InputEventConsistencyVerifier(  444):   1: sent at 301935000000, MotionEvent { action=ACTION_DOWN, id[0]=0, x[0]=117.0, y[0]=439.0, toolType[0]=TOOL_TYPE_UNKNOWN, buttonState=0, metaState=0, flags=0x80000000, edgeFlags=0x0, pointerCount=1, historySize=0, eventTime=301935, downTime=301934, deviceId=0, source=0x1002 }
D/InputEventConsistencyVerifier(  444):   2: sent at 301790000000, MotionEvent { action=ACTION_DOWN, id[0]=0, x[0]=298.0, y[0]=102.0, toolType[0]=TOOL_TYPE_UNKNOWN, buttonState=0, metaState=0, flags=0x80000000, edgeFlags=0x0, pointerCount=1, historySize=0, eventTime=301790, downTime=301789, deviceId=0, source=0x1002 }
D/InputEventConsistencyVerifier(  444):   3: sent at 301576000000, MotionEvent { action=ACTION_DOWN, id[0]=0, x[0]=168.0, y[0]=491.0, toolType[0]=TOOL_TYPE_UNKNOWN, buttonState=0, metaState=0, flags=0x80000000, edgeFlags=0x0, pointerCount=1, historySize=0, eventTime=301576, downTime=301575, deviceId=0, source=0x1002 }
D/InputEventConsistencyVerifier(  444):   4: sent at 301538000000, MotionEvent { action=ACTION_DOWN, id[0]=0, x[0]=245.0, y[0]=88.0, toolType[0]=TOOL_TYPE_UNKNOWN, buttonState=0, metaState=0, flags=0x80000000, edgeFlags=0x0, pointerCount=1, historySize=0, eventTime=301538, downTime=301538, deviceId=0, source=0x1002 }
D/InputEventConsistencyVerifier(  444):   5: sent at 301202000000, MotionEvent { action=ACTION_DOWN, id[0]=0, x[0]=267.0, y[0]=417.0, toolType[0]=TOOL_TYPE_UNKNOWN, buttonState=0, metaState=0, flags=0x80000000, edgeFlags=0x0, pointerCount=1, historySize=0, eventTime=301202, downTime=301201, deviceId=0, source=0x1002 }
I/Choreographer( 1041): Skipped 87 frames!  The application may be doing too much work on its main thread.
W/dalvikvm(  444): DroidBox: { "FdAccess": { "path": "2f70726f632f6d656d696e666f", "id": "800986096" } }
W/DroidBox(  444): DroidBox: { "FileRW": { "operation": "read", "data": "4d656d546f74616c3a202020202020202020373438393634206b420a4d656d467265653a20202020202020202020343437363736206b420a427566666572733a20202020202020202020202035383030206b420a4361636865643a202020202020202020", "id": "800986096" } }
I/Choreographer(  444): Skipped 36 frames!  The application may be doing too much work on its main thread.
W/dalvikvm(  444): DroidBox: { "FdAccess": { "path": "2f70726f632f6d656d696e666f", "id": "1093385678" } }
W/DroidBox(  444): DroidBox: { "FileRW": { "operation": "read", "data": "4d656d546f74616c3a202020202020202020373438393634206b420a4d656d467265653a20202020202020202020343437363736206b420a427566666572733a20202020202020202020202035383030206b420a4361636865643a202020202020202020", "id": "1093385678" } }
W/DroidBox( 1126): DroidBox: { "ServiceStart": { "name": "com.android.music.MediaPlaybackService" } }
W/DroidBox( 1126): DroidBox: { "ServiceStart": { "name": "com.android.music.MediaPlaybackService" } }
D/MediaPlaybackService( 1126): No play queue
W/InputMethodManagerService(  237): Window already focused, ignoring focus gain of: com.android.internal.view.IInputMethodClient$Stub$Proxy@b40d54a8 attribute=null
D/InputEventConsistencyVerifier(  444): KeyEvent: ACTION_UP but key was not down.
D/InputEventConsistencyVerifier(  444):   in com.android.systemui.statusbar.phone.StatusBarWindowView@b3de41d8
D/InputEventConsistencyVerifier(  444):   0: sent at 302338000000, KeyEvent { action=ACTION_UP, keyCode=KEYCODE_DPAD_CENTER, scanCode=0, metaState=0, flags=0x8, repeatCount=0, eventTime=302338, downTime=302338, deviceId=-1, source=0x101 }
D/InputEventConsistencyVerifier(  444):   -- recent events --
D/InputEventConsistencyVerifier(  444):   1: sent at 302251000000, (unhandled) KeyEvent { action=ACTION_UP, keyCode=KEYCODE_MEDIA_NEXT, scanCode=0, metaState=0, flags=0x8, repeatCount=0, eventTime=302251, downTime=302251, deviceId=-1, source=0x101 }
D/InputEventConsistencyVerifier(  444):   2: sent at 302185000000, (unhandled) KeyEvent { action=ACTION_DOWN, keyCode=KEYCODE_MEDIA_NEXT, scanCode=0, metaState=0, flags=0x8, repeatCount=0, eventTime=302185, downTime=302185, deviceId=-1, source=0x101 }
D/InputEventConsistencyVerifier(  444):   3: sent at 302160000000, MotionEvent { action=ACTION_UP, id[0]=0, x[0]=313.0, y[0]=8.0, toolType[0]=TOOL_TYPE_UNKNOWN, buttonState=0, metaState=0, flags=0x0, edgeFlags=0x0, pointerCount=1, historySize=0, eventTime=302160, downTime=302155, deviceId=0, source=0x1002 }
D/InputEventConsistencyVerifier(  444):   4: sent at 302155000000, MotionEvent { action=ACTION_DOWN, id[0]=0, x[0]=314.0, y[0]=10.0, toolType[0]=TOOL_TYPE_UNKNOWN, buttonState=0, metaState=0, flags=0x0, edgeFlags=0x0, pointerCount=1, historySize=0, eventTime=302155, downTime=302155, deviceId=0, source=0x1002 }
D/InputEventConsistencyVerifier(  444):   5: sent at 301942000000, MotionEvent { action=ACTION_UP, id[0]=0, x[0]=124.0, y[0]=437.0, toolType[0]=TOOL_TYPE_UNKNOWN, buttonState=0, metaState=0, flags=0x0, edgeFlags=0x0, pointerCount=1, historySize=0, eventTime=301942, downTime=301934, deviceId=0, source=0x1002 }
D/PhoneStatusBar(  444): disable: < expand icons alerts TICKER* system_info back home recent clock >
