D/InputEventConsistencyVerifier( 1010):   5: sent at 268874000000, KeyEvent { action=ACTION_UP, keyCode=KEYCODE_DPAD_UP, scanCode=0, metaState=0, flags=0x400, repeatCount=0, eventTime=268874, downTime=268874, deviceId=-1, source=0x101 }
E/WVMExtractor(   61): Failed to open libwvm.so
I/Choreographer( 1010): Skipped 62 frames!  The application may be doing too much work on its main thread.
D/InputEventConsistencyVerifier(  419): TouchEvent: ACTION_DOWN but pointers are already down.  Probably missing ACTION_UP from previous gesture.
D/InputEventConsistencyVerifier(  419):   in android.view.ScaleGestureDetector@b3f34f18
D/InputEventConsistencyVerifier(  419):   0: sent at 269218000000, MotionEvent { action=ACTION_DOWN, id[0]=0, x[0]=284.0, y[0]=30.0, toolType[0]=TOOL_TYPE_UNKNOWN, buttonState=0, metaState=0, flags=0x0, edgeFlags=0x0, pointerCount=1, historySize=0, eventTime=269218, downTime=269215, deviceId=0, source=0x1002 }
D/InputEventConsistencyVerifier(  419):   -- recent events --
D/InputEventConsistencyVerifier(  419):   1: sent at 243080000000, MotionEvent { action=ACTION_DOWN, id[0]=0, x[0]=126.0, y[0]=474.0, toolType[0]=TOOL_TYPE_UNKNOWN, buttonState=0, metaState=0, flags=0x0, edgeFlags=0x0, pointerCount=1, historySize=0, eventTime=243080, downTime=243030, deviceId=0, source=0x1002 }
D/InputEventConsistencyVerifier(  419):   2: sent at 242512000000, MotionEvent { action=ACTION_UP, id[0]=0, x[0]=302.0, y[0]=0.0, toolType[0]=TOOL_TYPE_UNKNOWN, buttonState=0, metaState=0, flags=0x0, edgeFlags=0x0, pointerCount=1, historySize=0, eventTime=242512, downTime=242323, deviceId=0, source=0x1002 }
D/InputEventConsistencyVerifier(  419):   3: sent at 242505000000, MotionEvent { action=ACTION_MOVE, id[0]=0, x[0]=308.0, y[0]=0.0, toolType[0]=TOOL_TYPE_UNKNOWN, buttonState=0, metaState=0, flags=0x0, edgeFlags=0x0, pointerCount=1, historySize=4, eventTime=242505, downTime=242323, deviceId=0, source=0x1002 }
D/InputEventConsistencyVerifier(  419):   4: sent at 242325000000, MotionEvent { action=ACTION_DOWN, id[0]=0, x[0]=374.0, y[0]=20.0, toolType[0]=TOOL_TYPE_UNKNOWN, buttonState=0, metaState=0, flags=0x80000000, edgeFlags=0x0, pointerCount=1, historySize=0, eventTime=242325, downTime=242323, deviceId=0, source=0x1002 }
D/InputEventConsistencyVerifier(  419):   5: sent at 226175000000, MotionEvent { action=ACTION_DOWN, id[0]=0, x[0]=100.0, y[0]=737.0, toolType[0]=TOOL_TYPE_UNKNOWN, buttonState=0, metaState=0, flags=0x80000000, edgeFlags=0x0, pointerCount=1, historySize=0, eventTime=226175, downTime=226172, deviceId=0, source=0x1002 }
I/Choreographer( 1010): Skipped 35 frames!  The application may be doing too much work on its main thread.
I/ActivityManager(  227): START {act=android.intent.action.MAIN cat=[android.intent.category.LAUNCHER] flg=0x10000000 cmp=com.android.contacts/.activities.PeopleActivity sel={act=android.intent.action.MAIN cat=[android.intent.category.APP_CONTACTS]} u=0} from pid 227
W/dalvikvm(  419): DroidBox: { "FdAccess": { "path": "2f70726f632f6d656d696e666f", "id": "1264344635" } }
W/DroidBox(  419): DroidBox: { "FileRW": { "operation": "read", "data": "4d656d546f74616c3a202020202020202020373438393634206b420a4d656d467265653a20202020202020202020343435373630206b420a427566666572733a20202020202020202020202035343732206b420a4361636865643a202020202020202020", "id": "1264344635" } }
D/InputEventConsistencyVerifier( 1010): KeyEvent: ACTION_UP but key was not down.
D/InputEventConsistencyVerifier( 1010):   in android.view.ViewRootImpl@b3ff1b88
D/InputEventConsistencyVerifier( 1010):   0: sent at 269528000000, KeyEvent { action=ACTION_UP, keyCode=KEYCODE_CONTACTS, scanCode=0, metaState=0, flags=0x8, repeatCount=0, eventTime=269528, downTime=269528, deviceId=-1, source=0x101 }
D/InputEventConsistencyVerifier( 1010):   -- recent events --
D/InputEventConsistencyVerifier( 1010):   1: sent at 269398000000, KeyEvent { action=ACTION_UP, keyCode=KEYCODE_DPAD_DOWN, scanCode=0, metaState=0, flags=0x400, repeatCount=0, eventTime=269398, downTime=269398, deviceId=-1, source=0x101 }
D/InputEventConsistencyVerifier( 1010):   2: sent at 269398000000, KeyEvent { action=ACTION_DOWN, keyCode=KEYCODE_DPAD_DOWN, scanCode=0, metaState=0, flags=0x400, repeatCount=0, eventTime=269398, downTime=269398, deviceId=-1, source=0x101 }
D/InputEventConsistencyVerifier( 1010):   3: sent at 269395000000, KeyEvent { action=ACTION_UP, keyCode=KEYCODE_DPAD_DOWN, scanCode=0, metaState=0, flags=0x400, repeatCount=0, eventTime=269395, downTime=269395, deviceId=-1, source=0x101 }
D/InputEventConsistencyVerifier( 1010):   4: sent at 269395000000, KeyEvent { action=ACTION_DOWN, keyCode=KEYCODE_DPAD_DOWN, scanCode=0, metaState=0, flags=0x400, repeatCount=0, eventTime=269395, downTime=269395, deviceId=-1, source=0x101 }
D/InputEventConsistencyVerifier( 1010):   5: sent at 269182000000, MotionEvent { action=ACTION_MOVE, id[0]=0, x[0]=2.0, y[0]=2.0, toolType[0]=TOOL_TYPE_UNKNOWN, buttonState=0, metaState=0, flags=0x0, edgeFlags=0x0, pointerCount=1, historySize=9, eventTime=269182, downTime=-1, deviceId=0, source=0x10004 }
I/Choreographer( 1010): Skipped 66 frames!  The application may be doing too much work on its main thread.
I/Choreographer(  419): Skipped 125 frames!  The application may be doing too much work on its main thread.
I/Choreographer( 1010): Skipped 43 frames!  The application may be doing too much work on its main thread.
I/Choreographer(  474): Skipped 380 frames!  The application may be doing too much work on its main thread.
W/dalvikvm(  419): DroidBox: { "FdAccess": { "path": "2f70726f632f6d656d696e666f", "id": "1042834938" } }
W/DroidBox(  419): DroidBox: { "FileRW": { "operation": "read", "data": "4d656d546f74616c3a202020202020202020373438393634206b420a4d656d467265653a20202020202020202020343434323732206b420a427566666572733a20202020202020202020202035343732206b420a4361636865643a202020202020202020", "id": "1042834938" } }
I/Choreographer(  419): Skipped 98 frames!  The application may be doing too much work on its main thread.
I/Choreographer(  474): Skipped 53 frames!  The application may be doing too much work on its main thread.
D/PhoneStatusBar(  419): disable: < expand icons alerts TICKER* system_info back home recent clock >
I/Choreographer(  419): Skipped 68 frames!  The application may be doing too much work on its main thread.
W/dalvikvm(  419): DroidBox: { "FdAccess": { "path": "2f70726f632f6d656d696e666f", "id": "81056990" } }
W/DroidBox(  419): DroidBox: { "FileRW": { "operation": "read", "data": "4d656d546f74616c3a202020202020202020373438393634206b420a4d656d467265653a20202020202020202020343432393038206b420a427566666572733a20202020202020202020202035343732206b420a4361636865643a202020202020202020", "id": "81056990" } }
I/Choreographer(  474): Skipped 93 frames!  The application may be doing too much work on its main thread.
I/Choreographer(  419): Skipped 34 frames!  The application may be doing too much work on its main thread.
W/dalvikvm(  419): DroidBox: { "FdAccess": { "path": "2f70726f632f6d656d696e666f", "id": "1622842626" } }
W/DroidBox(  419): DroidBox: { "FileRW": { "operation": "read", "data": "4d656d546f74616c3a202020202020202020373438393634206b420a4d656d467265653a20202020202020202020343431343230206b420a427566666572733a20202020202020202020202035343732206b420a4361636865643a202020202020202020", "id": "1622842626" } }
I/Choreographer(  419): Skipped 37 frames!  The application may be doing too much work on its main thread.
D/InputEventConsistencyVerifier(  419): KeyEvent: ACTION_UP but key was not down.
D/InputEventConsistencyVerifier(  419):   in com.android.systemui.statusbar.phone.StatusBarWindowView@b3e951d8
D/InputEventConsistencyVerifier(  419):   0: sent at 270934000000, KeyEvent { action=ACTION_UP, keyCode=KEYCODE_DPAD_RIGHT, scanCode=0, metaState=0, flags=0x400, repeatCount=0, eventTime=270934, downTime=270934, deviceId=-1, source=0x101 }
D/InputEventConsistencyVerifier(  419):   -- recent events --
D/InputEventConsistencyVerifier(  419):   1: sent at 270876000000, (unhandled) MotionEvent { action=ACTION_MOVE, id[0]=0, x[0]=4.0, y[0]=2.0, toolType[0]=TOOL_TYPE_UNKNOWN, buttonState=0, metaState=0, flags=0x0, edgeFlags=0x0, pointerCount=1, historySize=9, eventTime=270876, downTime=-1, deviceId=0, source=0x10004 }
D/InputEventConsistencyVerifier(  419):   2: sent at 270754000000, MotionEvent { action=ACTION_UP, id[0]=0, x[0]=416.0, y[0]=572.0, toolType[0]=TOOL_TYPE_UNKNOWN, buttonState=0, metaState=0, flags=0x0, edgeFlags=0x0, pointerCount=1, historySize=0, eventTime=270754, downTime=270737, deviceId=0, source=0x1002 }
D/InputEventConsistencyVerifier(  419):   3: sent at 270737000000, MotionEvent { action=ACTION_DOWN, id[0]=0, x[0]=416.0, y[0]=572.0, toolType[0]=TOOL_TYPE_UNKNOWN, buttonState=0, metaState=0, flags=0x0, edgeFlags=0x0, pointerCount=1, historySize=0, eventTime=270737, downTime=270737, deviceId=0, source=0x1002 }
D/InputEventConsistencyVerifier(  419):   4: sent at 270722000000, (unhandled) KeyEvent { action=ACTION_UP, keyCode=KEYCODE_DPAD_CENTER, scanCode=0, metaState=0, flags=0x8, repeatCount=0, eventTime=270722, downTime=270722, deviceId=-1, source=0x101 }
D/InputEventConsistencyVerifier(  419):   5: sent at 270519000000, (unhandled) KeyEvent { action=ACTION_DOWN, keyCode=KEYCODE_DPAD_CENTER, scanCode=0, metaState=0, flags=0x8, repeatCount=0, eventTime=270519, downTime=270519, deviceId=-1, source=0x101 }
D/InputEventConsistencyVerifier(  419): KeyEvent: ACTION_UP but key was not down.
D/InputEventConsistencyVerifier(  419):   in android.widget.FrameLayout@b3e65258
D/InputEventConsistencyVerifier(  419):   0: sent at 271031000000, KeyEvent { action=ACTION_UP, keyCode=KEYCODE_DPAD_DOWN, scanCode=0, metaState=0, flags=0x8, repeatCount=0, eventTime=271031, downTime=271031, deviceId=-1, source=0x101 }
D/InputEventConsistencyVerifier(  419):   -- recent events --
D/InputEventConsistencyVerifier(  419):   1: sent at 270754000000, MotionEvent { action=ACTION_UP, id[0]=0, x[0]=416.0, y[0]=572.0, toolType[0]=TOOL_TYPE_UNKNOWN, buttonState=0, metaState=0, flags=0x0, edgeFlags=0x0, pointerCount=1, historySize=0, eventTime=270754, downTime=270737, deviceId=0, source=0x1002 }
D/InputEventConsistencyVerifier(  419):   2: sent at 270737000000, MotionEvent { action=ACTION_DOWN, id[0]=0, x[0]=416.0, y[0]=572.0, toolType[0]=TOOL_TYPE_UNKNOWN, buttonState=0, metaState=0, flags=0x0, edgeFlags=0x0, pointerCount=1, historySize=0, eventTime=270737, downTime=270737, deviceId=0, source=0x1002 }
D/InputEventConsistencyVerifier(  419):   3: sent at 225858000000, (unhandled) KeyEvent { action=ACTION_UP, keyCode=KEYCODE_DPAD_CENTER, scanCode=0, metaState=0, flags=0x8, repeatCount=0, eventTime=225858, downTime=225858, deviceId=-1, source=0x101 }
D/InputEventConsistencyVerifier(  419):   4: sent at 225520000000, (unhandled) KeyEvent { action=ACTION_DOWN, keyCode=KEYCODE_DPAD_CENTER, scanCode=0, metaState=0, flags=0x80000008, repeatCount=0, eventTime=225520, downTime=225520, deviceId=-1, source=0x101 }
D/InputEventConsistencyVerifier(  419):   5: sent at 225856000000, (unhandled) KeyEvent { action=ACTION_UP, keyCode=KEYCODE_DPAD_DOWN, scanCode=0, metaState=0, flags=0x400, repeatCount=0, eventTime=225856, downTime=225856, deviceId=-1, source=0x101 }
I/Choreographer(  419): Skipped 33 frames!  The application may be doing too much work on its main thread.
D/InputEventConsistencyVerifier(  419): KeyEvent: ACTION_UP but key was not down.
D/InputEventConsistencyVerifier(  419):   in com.android.systemui.statusbar.phone.StatusBarWindowView@b3e951d8
D/InputEventConsistencyVerifier(  419):   0: sent at 271264000000, KeyEvent { action=ACTION_UP, keyCode=KEYCODE_DPAD_RIGHT, scanCode=0, metaState=0, flags=0x400, repeatCount=0, eventTime=271264, downTime=271264, deviceId=-1, source=0x101 }
D/InputEventConsistencyVerifier(  419):   -- recent events --
D/InputEventConsistencyVerifier(  419):   1: sent at 271219000000, (unhandled) MotionEvent { action=ACTION_MOVE, id[0]=0, x[0]=3.0, y[0]=0.0, toolType[0]=TOOL_TYPE_UNKNOWN, buttonState=0, metaState=0, flags=0x0, edgeFlags=0x0, pointerCount=1, historySize=9, eventTime=271219, downTime=-1, deviceId=0, source=0x10004 }
D/InputEventConsistencyVerifier(  419):   2: sent at 271133000000, MotionEvent { action=ACTION_UP, id[0]=0, x[0]=78.0, y[0]=4.0, toolType[0]=TOOL_TYPE_UNKNOWN, buttonState=0, metaState=0, flags=0x0, edgeFlags=0x0, pointerCount=1, historySize=0, eventTime=271133, downTime=271128, deviceId=0, source=0x1002 }
D/InputEventConsistencyVerifier(  419):   3: sent at 271128000000, MotionEvent { action=ACTION_DOWN, id[0]=0, x[0]=78.0, y[0]=8.0, toolType[0]=TOOL_TYPE_UNKNOWN, buttonState=0, metaState=0, flags=0x0, edgeFlags=0x0, pointerCount=1, historySize=0, eventTime=271128, downTime=271128, deviceId=0, source=0x1002 }
D/InputEventConsistencyVerifier(  419):   4: sent at 271121000000, (unhandled) KeyEvent { action=ACTION_UP, keyCode=KEYCODE_DPAD_DOWN, scanCode=0, metaState=0, flags=0x8, repeatCount=0, eventTime=271121, downTime=271121, deviceId=-1, source=0x101 }
D/InputEventConsistencyVerifier(  419):   5: sent at 271113000000, (unhandled) KeyEvent { action=ACTION_DOWN, keyCode=KEYCODE_DPAD_DOWN, scanCode=0, metaState=0, flags=0x8, repeatCount=0, eventTime=271113, downTime=271113, deviceId=-1, source=0x101 }
D/InputEventConsistencyVerifier(  419): TrackballEvent: Trackball is down but pressure is not greater than 0.
D/InputEventConsistencyVerifier(  419):   in android.view.ViewRootImpl@b3f26cc8
D/InputEventConsistencyVerifier(  419):   0: sent at 271221000000, MotionEvent { action=ACTION_DOWN, id[0]=0, x[0]=0.0, y[0]=0.0, toolType[0]=TOOL_TYPE_UNKNOWN, buttonState=0, metaState=0, flags=0x0, edgeFlags=0x0, pointerCount=1, historySize=0, eventTime=271221, downTime=271172, deviceId=0, source=0x10004 }
D/InputEventConsistencyVerifier(  419):   -- recent events --
D/InputEventConsistencyVerifier(  419):   1: sent at 271265000000, KeyEvent { action=ACTION_UP, keyCode=KEYCODE_DPAD_RIGHT, scanCode=0, metaState=0, flags=0x400, repeatCount=0, eventTime=271265, downTime=271265, deviceId=-1, source=0x101 }
D/InputEventConsistencyVerifier(  419):   2: sent at 271265000000, KeyEvent { action=ACTION_DOWN, keyCode=KEYCODE_DPAD_RIGHT, scanCode=0, metaState=0, flags=0x400, repeatCount=0, eventTime=271265, downTime=271265, deviceId=-1, source=0x101 }
D/InputEventConsistencyVerifier(  419):   3: sent at 271264000000, KeyEvent { action=ACTION_UP, keyCode=KEYCODE_DPAD_RIGHT, scanCode=0, metaState=0, flags=0x400, repeatCount=0, eventTime=271264, downTime=271264, deviceId=-1, source=0x101 }
D/InputEventConsistencyVerifier(  419):   4: sent at 271264000000, KeyEvent { action=ACTION_DOWN, keyCode=KEYCODE_DPAD_RIGHT, scanCode=0, metaState=0, flags=0x400, repeatCount=0, eventTime=271264, downTime=271264, deviceId=-1, source=0x101 }
D/InputEventConsistencyVerifier(  419):   5: sent at 271264000000, KeyEvent { action=ACTION_UP, keyCode=KEYCODE_DPAD_RIGHT, scanCode=0, metaState=0, flags=0x400, repeatCount=0, eventTime=271264, downTime=271264, deviceId=-1, source=0x101 }
D/InputEventConsistencyVerifier(  419): KeyEvent: ACTION_UP but key was not down.
D/InputEventConsistencyVerifier(  419):   in android.widget.FrameLayout@b3e65258
D/InputEventConsistencyVerifier(  419):   0: sent at 271418000000, KeyEvent { action=ACTION_UP, keyCode=KEYCODE_DPAD_DOWN, scanCode=0, metaState=0, flags=0x400, repeatCount=0, eventTime=271418, downTime=271418, deviceId=-1, source=0x101 }
D/InputEventConsistencyVerifier(  419):   -- recent events --
D/InputEventConsistencyVerifier(  419):   1: sent at 271133000000, MotionEvent { action=ACTION_UP, id[0]=0, x[0]=78.0, y[0]=4.0, toolType[0]=TOOL_TYPE_UNKNOWN, buttonState=0, metaState=0, flags=0x0, edgeFlags=0x0, pointerCount=1, historySize=0, eventTime=271133, downTime=271128, deviceId=0, source=0x1002 }
D/InputEventConsistencyVerifier(  419):   2: sent at 271128000000, MotionEvent { action=ACTION_DOWN, id[0]=0, x[0]=78.0, y[0]=8.0, toolType[0]=TOOL_TYPE_UNKNOWN, buttonState=0, metaState=0, flags=0x0, edgeFlags=0x0, pointerCount=1, historySize=0, eventTime=271128, downTime=271128, deviceId=0, source=0x1002 }
D/InputEventConsistencyVerifier(  419):   3: sent at 271121000000, (unhandled) KeyEvent { action=ACTION_UP, keyCode=KEYCODE_DPAD_DOWN, scanCode=0, metaState=0, flags=0x8, repeatCount=0, eventTime=271121, downTime=271121, deviceId=-1, source=0x101 }
D/InputEventConsistencyVerifier(  419):   4: sent at 271113000000, (unhandled) KeyEvent { action=ACTION_DOWN, keyCode=KEYCODE_DPAD_DOWN, scanCode=0, metaState=0, flags=0x8, repeatCount=0, eventTime=271113, downTime=271113, deviceId=-1, source=0x101 }
D/InputEventConsistencyVerifier(  419):   5: sent at 271031000000, (unhandled) KeyEvent { action=ACTION_UP, keyCode=KEYCODE_DPAD_DOWN, scanCode=0, metaState=0, flags=0x80000008, repeatCount=0, eventTime=271031, downTime=271031, deviceId=-1, source=0x101 }
D/InputEventConsistencyVerifier(  419): KeyEvent: ACTION_UP but key was not down.
D/InputEventConsistencyVerifier(  419):   in com.android.systemui.statusbar.phone.PhoneStatusBarView@b3e97170
D/InputEventConsistencyVerifier(  419):   0: sent at 271527000000, KeyEvent { action=ACTION_UP, keyCode=KEYCODE_DPAD_UP, scanCode=0, metaState=0, flags=0x400, repeatCount=0, eventTime=271527, downTime=271527, deviceId=-1, source=0x101 }
D/InputEventConsistencyVerifier(  419):   -- recent events --
D/InputEventConsistencyVerifier(  419):   1: sent at 271418000000, (unhandled) KeyEvent { action=ACTION_DOWN, keyCode=KEYCODE_DPAD_DOWN, scanCode=0, metaState=0, flags=0x400, repeatCount=0, eventTime=271418, downTime=271418, deviceId=-1, source=0x101 }
D/InputEventConsistencyVerifier(  419):   2: sent at 271404000000, (unhandled) MotionEvent { action=ACTION_MOVE, id[0]=0, x[0]=-2.0, y[0]=4.0, toolType[0]=TOOL_TYPE_UNKNOWN, buttonState=0, metaState=0, flags=0x0, edgeFlags=0x0, pointerCount=1, historySize=0, eventTime=271404, downTime=-1, deviceId=0, source=0x10004 }
D/InputEventConsistencyVerifier(  419):   3: sent at 271410000000, (unhandled) KeyEvent { action=ACTION_UP, keyCode=KEYCODE_DPAD_UP, scanCode=0, metaState=0, flags=0x400, repeatCount=0, eventTime=271410, downTime=271410, deviceId=-1, source=0x101 }
D/InputEventConsistencyVerifier(  419):   4: sent at 271410000000, (unhandled) KeyEvent { action=ACTION_DOWN, keyCode=KEYCODE_DPAD_UP, scanCode=0, metaState=0, flags=0x400, repeatCount=0, eventTime=271410, downTime=271410, deviceId=-1, source=0x101 }
D/InputEventConsistencyVerifier(  419):   5: sent at 271410000000, (unhandled) KeyEvent { action=ACTION_UP, keyCode=KEYCODE_DPAD_UP, scanCode=0, metaState=0, flags=0x400, repeatCount=0, eventTime=271410, downTime=271410, deviceId=-1, source=0x101 }
D/InputEventConsistencyVerifier(  419): KeyEvent: ACTION_UP but key was not down.
D/InputEventConsistencyVerifier(  419):   in android.widget.FrameLayout@b3e65258
D/InputEventConsistencyVerifier(  419):   0: sent at 271674000000, KeyEvent { action=ACTION_UP, keyCode=KEYCODE_DPAD_DOWN, scanCode=0, metaState=0, flags=0x8, repeatCount=0, eventTime=271674, downTime=271674, deviceId=-1, source=0x101 }
D/InputEventConsistencyVerifier(  419):   -- recent events --
D/InputEventConsistencyVerifier(  419):   1: sent at 271527000000, (unhandled) KeyEvent { action=ACTION_DOWN, keyCode=KEYCODE_DPAD_UP, scanCode=0, metaState=0, flags=0x400, repeatCount=0, eventTime=271527, downTime=271527, deviceId=-1, source=0x101 }
D/InputEventConsistencyVerifier(  419):   2: sent at 271517000000, (unhandled) MotionEvent { action=ACTION_MOVE, id[0]=0, x[0]=-2.0, y[0]=-2.0, toolType[0]=TOOL_TYPE_UNKNOWN, buttonState=0, metaState=0, flags=0x0, edgeFlags=0x0, pointerCount=1, historySize=11, eventTime=271517, downTime=-1, deviceId=0, source=0x10004 }
D/InputEventConsistencyVerifier(  419):   3: sent at 271446000000, (unhandled) KeyEvent { action=ACTION_UP, keyCode=KEYCODE_DPAD_RIGHT, scanCode=0, metaState=0, flags=0x8, repeatCount=0, eventTime=271446, downTime=271446, deviceId=-1, source=0x101 }
D/InputEventConsistencyVerifier(  419):   4: sent at 271439000000, (unhandled) KeyEvent { action=ACTION_DOWN, keyCode=KEYCODE_DPAD_RIGHT, scanCode=0, metaState=0, flags=0x8, repeatCount=0, eventTime=271439, downTime=271439, deviceId=-1, source=0x101 }
D/InputEventConsistencyVerifier(  419):   5: sent at 271425000000, (unhandled) KeyEvent { action=ACTION_UP, keyCode=KEYCODE_DPAD_CENTER, scanCode=0, metaState=0, flags=0x8, repeatCount=0, eventTime=271425, downTime=271425, deviceId=-1, source=0x101 }
D/InputEventConsistencyVerifier(  419): KeyEvent: ACTION_UP but key was not down.
D/InputEventConsistencyVerifier(  419):   in com.android.systemui.statusbar.phone.StatusBarWindowView@b3e951d8
D/InputEventConsistencyVerifier(  419):   0: sent at 271898000000, KeyEvent { action=ACTION_UP, keyCode=KEYCODE_DPAD_DOWN, scanCode=0, metaState=0, flags=0x8, repeatCount=0, eventTime=271898, downTime=271898, deviceId=-1, source=0x101 }
D/InputEventConsistencyVerifier(  419):   -- recent events --
D/InputEventConsistencyVerifier(  419):   1: sent at 271882000000, MotionEvent { action=ACTION_UP, id[0]=0, x[0]=411.0, y[0]=286.0, toolType[0]=TOOL_TYPE_UNKNOWN, buttonState=0, metaState=0, flags=0x0, edgeFlags=0x0, pointerCount=1, historySize=0, eventTime=271882, downTime=271817, deviceId=0, source=0x1002 }
D/InputEventConsistencyVerifier(  419):   2: sent at 271859000000, MotionEvent { action=ACTION_MOVE, id[0]=0, x[0]=410.0, y[0]=288.0, toolType[0]=TOOL_TYPE_UNKNOWN, buttonState=0, metaState=0, flags=0x0, edgeFlags=0x0, pointerCount=1, historySize=6, eventTime=271859, downTime=271817, deviceId=0, source=0x1002 }
D/InputEventConsistencyVerifier(  419):   3: sent at 271819000000, MotionEvent { action=ACTION_DOWN, id[0]=0, x[0]=342.0, y[0]=301.0, toolType[0]=TOOL_TYPE_UNKNOWN, buttonState=0, metaState=0, flags=0x0, edgeFlags=0x0, pointerCount=1, historySize=0, eventTime=271819, downTime=271817, deviceId=0, source=0x1002 }
D/InputEventConsistencyVerifier(  419):   4: sent at 271797000000, MotionEvent { action=ACTION_UP, id[0]=0, x[0]=106.0, y[0]=294.0, toolType[0]=TOOL_TYPE_UNKNOWN, buttonState=0, metaState=0, flags=0x0, edgeFlags=0x0, pointerCount=1, historySize=0, eventTime=271797, downTime=271759, deviceId=0, source=0x1002 }
D/InputEventConsistencyVerifier(  419):   5: sent at 271784000000, MotionEvent { action=ACTION_DOWN, id[0]=0, x[0]=103.0, y[0]=280.0, toolType[0]=TOOL_TYPE_UNKNOWN, buttonState=0, metaState=0, flags=0x0, edgeFlags=0x0, pointerCount=1, historySize=0, eventTime=271784, downTime=271759, deviceId=0, source=0x1002 }
D/InputEventConsistencyVerifier(  419): TouchEvent: ACTION_DOWN but pointers are already down.  Probably missing ACTION_UP from previous gesture.
D/InputEventConsistencyVerifier(  419):   in android.view.ScaleGestureDetector@b3f34f18
D/InputEventConsistencyVerifier(  419):   0: sent at 271987000000, MotionEvent { action=ACTION_DOWN, id[0]=0, x[0]=299.0, y[0]=348.0, toolType[0]=TOOL_TYPE_UNKNOWN, buttonState=0, metaState=0, flags=0x0, edgeFlags=0x0, pointerCount=1, historySize=0, eventTime=271987, downTime=271986, deviceId=0, source=0x1002 }
D/InputEventConsistencyVerifier(  419):   -- recent events --
D/InputEventConsistencyVerifier(  419):   1: sent at 271859000000, MotionEvent { action=ACTION_MOVE, id[0]=0, x[0]=410.0, y[0]=288.0, toolType[0]=TOOL_TYPE_UNKNOWN, buttonState=0, metaState=0, flags=0x0, edgeFlags=0x0, pointerCount=1, historySize=6, eventTime=271859, downTime=271817, deviceId=0, source=0x1002 }
D/InputEventConsistencyVerifier(  419):   2: sent at 271819000000, MotionEvent { action=ACTION_DOWN, id[0]=0, x[0]=342.0, y[0]=301.0, toolType[0]=TOOL_TYPE_UNKNOWN, buttonState=0, metaState=0, flags=0x0, edgeFlags=0x0, pointerCount=1, historySize=0, eventTime=271819, downTime=271817, deviceId=0, source=0x1002 }
D/InputEventConsistencyVerifier(  419):   3: sent at 271797000000, MotionEvent { action=ACTION_UP, id[0]=0, x[0]=106.0, y[0]=294.0, toolType[0]=TOOL_TYPE_UNKNOWN, buttonState=0, metaState=0, flags=0x0, edgeFlags=0x0, pointerCount=1, historySize=0, eventTime=271797, downTime=271759, deviceId=0, source=0x1002 }
D/InputEventConsistencyVerifier(  419):   4: sent at 271784000000, MotionEvent { action=ACTION_DOWN, id[0]=0, x[0]=103.0, y[0]=280.0, toolType[0]=TOOL_TYPE_UNKNOWN, buttonState=0, metaState=0, flags=0x0, edgeFlags=0x0, pointerCount=1, historySize=0, eventTime=271784, downTime=271759, deviceId=0, source=0x1002 }
D/InputEventConsistencyVerifier(  419):   5: sent at 271722000000, MotionEvent { action=ACTION_UP, id[0]=0, x[0]=387.0, y[0]=435.0, toolType[0]=TOOL_TYPE_UNKNOWN, buttonState=0, metaState=0, flags=0x0, edgeFlags=0x0, pointerCount=1, historySize=0, eventTime=271722, downTime=271716, deviceId=0, source=0x1002 }
D/InputEventConsistencyVerifier(  419): TouchEvent: ACTION_DOWN but pointers are already down.  Probably missing ACTION_UP from previous gesture.
D/InputEventConsistencyVerifier(  419):   in android.view.ScaleGestureDetector@b3f34f18
D/InputEventConsistencyVerifier(  419):   0: sent at 272123000000, MotionEvent { action=ACTION_DOWN, id[0]=0, x[0]=439.0, y[0]=575.0, toolType[0]=TOOL_TYPE_UNKNOWN, buttonState=0, metaState=0, flags=0x0, edgeFlags=0x0, pointerCount=1, historySize=0, eventTime=272123, downTime=272121, deviceId=0, source=0x1002 }
D/InputEventConsistencyVerifier(  419):   -- recent events --
D/InputEventConsistencyVerifier(  419):   1: sent at 272067388520, MotionEvent { action=ACTION_MOVE, id[0]=0, x[0]=117.48565, y[0]=581.87415, toolType[0]=TOOL_TYPE_UNKNOWN, buttonState=0, metaState=0, flags=0x0, edgeFlags=0x0, pointerCount=1, historySize=1, eventTime=272067, downTime=272042, deviceId=0, source=0x1002 }
D/InputEventConsistencyVerifier(  419):   2: sent at 272063548510, MotionEvent { action=ACTION_MOVE, id[0]=0, x[0]=112.68564, y[0]=573.23413, toolType[0]=TOOL_TYPE_UNKNOWN, buttonState=0, metaState=0, flags=0x0, edgeFlags=0x0, pointerCount=1, historySize=2, eventTime=272063, downTime=272042, deviceId=0, source=0x1002 }
D/InputEventConsistencyVerifier(  419):   3: sent at 272044000000, MotionEvent { action=ACTION_DOWN, id[0]=0, x[0]=106.0, y[0]=567.0, toolType[0]=TOOL_TYPE_UNKNOWN, buttonState=0, metaState=0, flags=0x0, edgeFlags=0x0, pointerCount=1, historySize=0, eventTime=272044, downTime=272042, deviceId=0, source=0x1002 }
D/InputEventConsistencyVerifier(  419):   4: sent at 272002000000, MotionEvent { action=ACTION_UP, id[0]=0, x[0]=312.0, y[0]=341.0, toolType[0]=TOOL_TYPE_UNKNOWN, buttonState=0, metaState=0, flags=0x0, edgeFlags=0x0, pointerCount=1, historySize=0, eventTime=272002, downTime=271986, deviceId=0, source=0x1002 }
D/InputEventConsistencyVerifier(  419):   5: sent at 271987000000, MotionEvent { action=ACTION_DOWN, id[0]=0, x[0]=299.0, y[0]=348.0, toolType[0]=TOOL_TYPE_UNKNOWN, buttonState=0, metaState=0, flags=0x80000000, edgeFlags=0x0, pointerCount=1, historySize=0, eventTime=271987, downTime=271986, deviceId=0, source=0x1002 }
D/InputEventConsistencyVerifier(  419): KeyEvent: ACTION_UP but key was not down.
D/InputEventConsistencyVerifier(  419):   in com.android.systemui.statusbar.phone.StatusBarWindowView@b3e951d8
D/InputEventConsistencyVerifier(  419):   0: sent at 272171000000, KeyEvent { action=ACTION_UP, keyCode=KEYCODE_DPAD_UP, scanCode=0, metaState=0, flags=0x8, repeatCount=0, eventTime=272171, downTime=272171, deviceId=-1, source=0x101 }
D/InputEventConsistencyVerifier(  419):   -- recent events --
D/InputEventConsistencyVerifier(  419):   1: sent at 272147000000, MotionEvent { action=ACTION_UP, id[0]=0, x[0]=446.0, y[0]=686.0, toolType[0]=TOOL_TYPE_UNKNOWN, buttonState=0, metaState=0, flags=0x0, edgeFlags=0x0, pointerCount=1, historySize=0, eventTime=272147, downTime=272121, deviceId=0, source=0x1002 }
D/InputEventConsistencyVerifier(  419):   2: sent at 272145000000, MotionEvent { action=ACTION_MOVE, id[0]=0, x[0]=443.0, y[0]=668.0, toolType[0]=TOOL_TYPE_UNKNOWN, buttonState=0, metaState=0, flags=0x0, edgeFlags=0x0, pointerCount=1, historySize=6, eventTime=272145, downTime=272121, deviceId=0, source=0x1002 }
D/InputEventConsistencyVerifier(  419):   3: sent at 272123000000, MotionEvent { action=ACTION_DOWN, id[0]=0, x[0]=439.0, y[0]=575.0, toolType[0]=TOOL_TYPE_UNKNOWN, buttonState=0, metaState=0, flags=0x0, edgeFlags=0x0, pointerCount=1, historySize=0, eventTime=272123, downTime=272121, deviceId=0, source=0x1002 }
D/InputEventConsistencyVerifier(  419):   4: sent at 272110000000, (unhandled) KeyEvent { action=ACTION_UP, keyCode=KEYCODE_NUMPAD_SUBTRACT, scanCode=0, metaState=0, flags=0x8, repeatCount=0, eventTime=272110, downTime=272110, deviceId=-1, source=0x101 }
D/InputEventConsistencyVerifier(  419):   5: sent at 272102000000, (unhandled) KeyEvent { action=ACTION_DOWN, keyCode=KEYCODE_NUMPAD_SUBTRACT, scanCode=0, metaState=0, flags=0x8, repeatCount=0, eventTime=272102, downTime=272102, deviceId=-1, source=0x101 }
D/InputEventConsistencyVerifier(  419): TouchEvent: ACTION_DOWN but pointers are already down.  Probably missing ACTION_UP from previous gesture.
D/InputEventConsistencyVerifier(  419):   in android.view.ScaleGestureDetector@b3f34f18
D/InputEventConsistencyVerifier(  419):   0: sent at 272180000000, MotionEvent { action=ACTION_DOWN, id[0]=0, x[0]=112.0, y[0]=795.0, toolType[0]=TOOL_TYPE_UNKNOWN, buttonState=0, metaState=0, flags=0x0, edgeFlags=0x0, pointerCount=1, historySize=0, eventTime=272180, downTime=272179, deviceId=0, source=0x1002 }
D/InputEventConsistencyVerifier(  419):   -- recent events --
D/InputEventConsistencyVerifier(  419):   1: sent at 272145000000, MotionEvent { action=ACTION_MOVE, id[0]=0, x[0]=443.0, y[0]=668.0, toolType[0]=TOOL_TYPE_UNKNOWN, buttonState=0, metaState=0, flags=0x0, edgeFlags=0x0, pointerCount=1, historySize=6, eventTime=272145, downTime=272121, deviceId=0, source=0x1002 }
D/InputEventConsistencyVerifier(  419):   2: sent at 272123000000, MotionEvent { action=ACTION_DOWN, id[0]=0, x[0]=439.0, y[0]=575.0, toolType[0]=TOOL_TYPE_UNKNOWN, buttonState=0, metaState=0, flags=0x80000000, edgeFlags=0x0, pointerCount=1, historySize=0, eventTime=272123, downTime=272121, deviceId=0, source=0x1002 }
D/InputEventConsistencyVerifier(  419):   3: sent at 272067388520, MotionEvent { action=ACTION_MOVE, id[0]=0, x[0]=117.48565, y[0]=581.87415, toolType[0]=TOOL_TYPE_UNKNOWN, buttonState=0, metaState=0, flags=0x0, edgeFlags=0x0, pointerCount=1, historySize=1, eventTime=272067, downTime=272042, deviceId=0, source=0x1002 }
D/InputEventConsistencyVerifier(  419):   4: sent at 272063548510, MotionEvent { action=ACTION_MOVE, id[0]=0, x[0]=112.68564, y[0]=573.23413, toolType[0]=TOOL_TYPE_UNKNOWN, buttonState=0, metaState=0, flags=0x0, edgeFlags=0x0, pointerCount=1, historySize=2, eventTime=272063, downTime=272042, deviceId=0, source=0x1002 }
D/InputEventConsistencyVerifier(  419):   5: sent at 272044000000, MotionEvent { action=ACTION_DOWN, id[0]=0, x[0]=106.0, y[0]=567.0, toolType[0]=TOOL_TYPE_UNKNOWN, buttonState=0, metaState=0, flags=0x0, edgeFlags=0x0, pointerCount=1, historySize=0, eventTime=272044, downTime=272042, deviceId=0, source=0x1002 }
I/Choreographer(  419): Skipped 30 frames!  The application may be doing too much work on its main thread.
W/dalvikvm(  419): DroidBox: { "FdAccess": { "path": "2f70726f632f6d656d696e666f", "id": "130432098" } }
W/DroidBox(  419): DroidBox: { "FileRW": { "operation": "read", "data": "4d656d546f74616c3a202020202020202020373438393634206b420a4d656d467265653a20202020202020202020343431313732206b420a427566666572733a20202020202020202020202035343732206b420a4361636865643a202020202020202020", "id": "130432098" } }
D/InputEventConsistencyVerifier(  419): KeyEvent: ACTION_UP but key was not down.
D/InputEventConsistencyVerifier(  419):   in com.android.systemui.statusbar.phone.StatusBarWindowView@b3e951d8
D/InputEventConsistencyVerifier(  419):   0: sent at 272250000000, KeyEvent { action=ACTION_UP, keyCode=KEYCODE_DPAD_CENTER, scanCode=0, metaState=0, flags=0x8, repeatCount=0, eventTime=272250, downTime=272250, deviceId=-1, source=0x101 }
D/InputEventConsistencyVerifier(  419):   -- recent events --
D/InputEventConsistencyVerifier(  419):   1: sent at 272231000000, MotionEvent { action=ACTION_UP, id[0]=0, x[0]=108.91405, y[0]=766.88257, toolType[0]=TOOL_TYPE_UNKNOWN, buttonState=0, metaState=0, flags=0x0, edgeFlags=0x0, pointerCount=1, historySize=0, eventTime=272231, downTime=272179, deviceId=0, source=0x1002 }
D/InputEventConsistencyVerifier(  419):   2: sent at 272217148910, MotionEvent { action=ACTION_MOVE, id[0]=0, x[0]=108.91405, y[0]=766.88257, toolType[0]=TOOL_TYPE_UNKNOWN, buttonState=0, metaState=0, flags=0x0, edgeFlags=0x0, pointerCount=1, historySize=4, eventTime=272217, downTime=272179, deviceId=0, source=0x1002 }
D/InputEventConsistencyVerifier(  419):   3: sent at 272180000000, MotionEvent { action=ACTION_DOWN, id[0]=0, x[0]=112.0, y[0]=795.0, toolType[0]=TOOL_TYPE_UNKNOWN, buttonState=0, metaState=0, flags=0x0, edgeFlags=0x0, pointerCount=1, historySize=0, eventTime=272180, downTime=272179, deviceId=0, source=0x1002 }
D/InputEventConsistencyVerifier(  419):   4: sent at 272171000000, (unhandled) KeyEvent { action=ACTION_UP, keyCode=KEYCODE_DPAD_UP, scanCode=0, metaState=0, flags=0x80000008, repeatCount=0, eventTime=272171, downTime=272171, deviceId=-1, source=0x101 }
D/InputEventConsistencyVerifier(  419):   5: sent at 272147000000, MotionEvent { action=ACTION_UP, id[0]=0, x[0]=446.0, y[0]=686.0, toolType[0]=TOOL_TYPE_UNKNOWN, buttonState=0, metaState=0, flags=0x0, edgeFlags=0x0, pointerCount=1, historySize=0, eventTime=272147, downTime=272121, deviceId=0, source=0x1002 }
D/InputEventConsistencyVerifier(  419): KeyEvent: ACTION_UP but key was not down.
D/InputEventConsistencyVerifier(  419):   in com.android.systemui.statusbar.phone.StatusBarWindowView@b3e951d8
D/InputEventConsistencyVerifier(  419):   0: sent at 272337000000, KeyEvent { action=ACTION_UP, keyCode=KEYCODE_DPAD_CENTER, scanCode=0, metaState=0, flags=0x8, repeatCount=0, eventTime=272337, downTime=272337, deviceId=-1, source=0x101 }
D/InputEventConsistencyVerifier(  419):   -- recent events --
D/InputEventConsistencyVerifier(  419):   1: sent at 272311000000, MotionEvent { action=ACTION_UP, id[0]=0, x[0]=186.0, y[0]=703.0, toolType[0]=TOOL_TYPE_UNKNOWN, buttonState=0, metaState=0, flags=0x0, edgeFlags=0x0, pointerCount=1, historySize=0, eventTime=272311, downTime=272256, deviceId=0, source=0x1002 }
D/InputEventConsistencyVerifier(  419):   2: sent at 272309000000, MotionEvent { action=ACTION_MOVE, id[0]=0, x[0]=184.0, y[0]=695.0, toolType[0]=TOOL_TYPE_UNKNOWN, buttonState=0, metaState=0, flags=0x0, edgeFlags=0x0, pointerCount=1, historySize=7, eventTime=272309, downTime=272256, deviceId=0, source=0x1002 }
D/InputEventConsistencyVerifier(  419):   3: sent at 272259000000, MotionEvent { action=ACTION_DOWN, id[0]=0, x[0]=126.0, y[0]=643.0, toolType[0]=TOOL_TYPE_UNKNOWN, buttonState=0, metaState=0, flags=0x0, edgeFlags=0x0, pointerCount=1, historySize=0, eventTime=272259, downTime=272256, deviceId=0, source=0x1002 }
D/InputEventConsistencyVerifier(  419):   4: sent at 272250000000, (unhandled) KeyEvent { action=ACTION_UP, keyCode=KEYCODE_DPAD_CENTER, scanCode=0, metaState=0, flags=0x80000008, repeatCount=0, eventTime=272250, downTime=272250, deviceId=-1, source=0x101 }
D/InputEventConsistencyVerifier(  419):   5: sent at 272231000000, MotionEvent { action=ACTION_UP, id[0]=0, x[0]=108.91405, y[0]=766.88257, toolType[0]=TOOL_TYPE_UNKNOWN, buttonState=0, metaState=0, flags=0x0, edgeFlags=0x0, pointerCount=1, historySize=0, eventTime=272231, downTime=272179, deviceId=0, source=0x1002 }
D/InputEventConsistencyVerifier(  419): KeyEvent: ACTION_UP but key was not down.
D/InputEventConsistencyVerifier(  419):   in android.widget.FrameLayout@b3e65258
D/InputEventConsistencyVerifier(  419):   0: sent at 272408000000, KeyEvent { action=ACTION_UP, keyCode=KEYCODE_DPAD_DOWN, scanCode=0, metaState=0, flags=0x400, repeatCount=0, eventTime=272408, downTime=272408, deviceId=-1, source=0x101 }
D/InputEventConsistencyVerifier(  419):   -- recent events --
D/InputEventConsistencyVerifier(  419):   1: sent at 272311000000, MotionEvent { action=ACTION_UP, id[0]=0, x[0]=186.0, y[0]=703.0, toolType[0]=TOOL_TYPE_UNKNOWN, buttonState=0, metaState=0, flags=0x0, edgeFlags=0x0, pointerCount=1, historySize=0, eventTime=272311, downTime=272256, deviceId=0, source=0x1002 }
D/InputEventConsistencyVerifier(  419):   2: sent at 272309000000, MotionEvent { action=ACTION_MOVE, id[0]=0, x[0]=184.0, y[0]=695.0, toolType[0]=TOOL_TYPE_UNKNOWN, buttonState=0, metaState=0, flags=0x0, edgeFlags=0x0, pointerCount=1, historySize=7, eventTime=272309, downTime=272256, deviceId=0, source=0x1002 }
D/InputEventConsistencyVerifier(  419):   3: sent at 272259000000, MotionEvent { action=ACTION_DOWN, id[0]=0, x[0]=126.0, y[0]=643.0, toolType[0]=TOOL_TYPE_UNKNOWN, buttonState=0, metaState=0, flags=0x0, edgeFlags=0x0, pointerCount=1, historySize=0, eventTime=272259, downTime=272256, deviceId=0, source=0x1002 }
D/InputEventConsistencyVerifier(  419):   4: sent at 272231000000, MotionEvent { action=ACTION_UP, id[0]=0, x[0]=108.91405, y[0]=766.88257, toolType[0]=TOOL_TYPE_UNKNOWN, buttonState=0, metaState=0, flags=0x0, edgeFlags=0x0, pointerCount=1, historySize=0, eventTime=272231, downTime=272179, deviceId=0, source=0x1002 }
D/InputEventConsistencyVerifier(  419):   5: sent at 272217148910, MotionEvent { action=ACTION_MOVE, id[0]=0, x[0]=108.91405, y[0]=766.88257, toolType[0]=TOOL_TYPE_UNKNOWN, buttonState=0, metaState=0, flags=0x0, edgeFlags=0x0, pointerCount=1, historySize=4, eventTime=272217, downTime=272179, deviceId=0, source=0x1002 }
D/InputEventConsistencyVerifier(  419): KeyEvent: ACTION_UP but key was not down.
D/InputEventConsistencyVerifier(  419):   in com.android.systemui.statusbar.phone.PhoneStatusBarView@b3e97170
D/InputEventConsistencyVerifier(  419):   0: sent at 272506000000, KeyEvent { action=ACTION_UP, keyCode=KEYCODE_DPAD_UP, scanCode=0, metaState=0, flags=0x400, repeatCount=0, eventTime=272506, downTime=272506, deviceId=-1, source=0x101 }
D/InputEventConsistencyVerifier(  419):   -- recent events --
D/InputEventConsistencyVerifier(  419):   1: sent at 272408000000, (unhandled) KeyEvent { action=ACTION_DOWN, keyCode=KEYCODE_DPAD_DOWN, scanCode=0, metaState=0, flags=0x400, repeatCount=0, eventTime=272408, downTime=272408, deviceId=-1, source=0x101 }
D/InputEventConsistencyVerifier(  419):   2: sent at 272394000000, (unhandled) MotionEvent { action=ACTION_MOVE, id[0]=0, x[0]=-2.0, y[0]=4.0, toolType[0]=TOOL_TYPE_UNKNOWN, buttonState=0, metaState=0, flags=0x0, edgeFlags=0x0, pointerCount=1, historySize=9, eventTime=272394, downTime=-1, deviceId=0, source=0x10004 }
D/InputEventConsistencyVerifier(  419):   3: sent at 272337000000, (unhandled) KeyEvent { action=ACTION_UP, keyCode=KEYCODE_DPAD_CENTER, scanCode=0, metaState=0, flags=0x80000008, repeatCount=0, eventTime=272337, downTime=272337, deviceId=-1, source=0x101 }
D/InputEventConsistencyVerifier(  419):   4: sent at 272250000000, (unhandled) KeyEvent { action=ACTION_UP, keyCode=KEYCODE_DPAD_CENTER, scanCode=0, metaState=0, flags=0x80000008, repeatCount=0, eventTime=272250, downTime=272250, deviceId=-1, source=0x101 }
D/InputEventConsistencyVerifier(  419):   5: sent at 272171000000, (unhandled) KeyEvent { action=ACTION_UP, keyCode=KEYCODE_DPAD_UP, scanCode=0, metaState=0, flags=0x80000008, repeatCount=0, eventTime=272171, downTime=272171, deviceId=-1, source=0x101 }
W/dalvikvm(  419): DroidBox: { "FdAccess": { "path": "2f70726f632f6d656d696e666f", "id": "273176921" } }
W/DroidBox(  419): DroidBox: { "FileRW": { "operation": "read", "data": "4d656d546f74616c3a202020202020202020373438393634206b420a4d656d467265653a20202020202020202020343431313732206b420a427566666572733a20202020202020202020202035343732206b420a4361636865643a202020202020202020", "id": "273176921" } }
D/InputEventConsistencyVerifier(  419): TouchEvent: ACTION_DOWN but pointers are already down.  Probably missing ACTION_UP from previous gesture.
D/InputEventConsistencyVerifier(  419):   in android.view.ScaleGestureDetector@b3f34f18
D/InputEventConsistencyVerifier(  419):   0: sent at 272569000000, MotionEvent { action=ACTION_DOWN, id[0]=0, x[0]=463.0, y[0]=438.0, toolType[0]=TOOL_TYPE_UNKNOWN, buttonState=0, metaState=0, flags=0x0, edgeFlags=0x0, pointerCount=1, historySize=0, eventTime=272569, downTime=272567, deviceId=0, source=0x1002 }
D/InputEventConsistencyVerifier(  419):   -- recent events --
D/InputEventConsistencyVerifier(  419):   1: sent at 272309000000, MotionEvent { action=ACTION_MOVE, id[0]=0, x[0]=184.0, y[0]=695.0, toolType[0]=TOOL_TYPE_UNKNOWN, buttonState=0, metaState=0, flags=0x0, edgeFlags=0x0, pointerCount=1, historySize=7, eventTime=272309, downTime=272256, deviceId=0, source=0x1002 }
D/InputEventConsistencyVerifier(  419):   2: sent at 272259000000, MotionEvent { action=ACTION_DOWN, id[0]=0, x[0]=126.0, y[0]=643.0, toolType[0]=TOOL_TYPE_UNKNOWN, buttonState=0, metaState=0, flags=0x0, edgeFlags=0x0, pointerCount=1, historySize=0, eventTime=272259, downTime=272256, deviceId=0, source=0x1002 }
D/InputEventConsistencyVerifier(  419):   3: sent at 272231000000, MotionEvent { action=ACTION_UP, id[0]=0, x[0]=108.91405, y[0]=766.88257, toolType[0]=TOOL_TYPE_UNKNOWN, buttonState=0, metaState=0, flags=0x0, edgeFlags=0x0, pointerCount=1, historySize=0, eventTime=272231, downTime=272179, deviceId=0, source=0x1002 }
D/InputEventConsistencyVerifier(  419):   4: sent at 272217148910, MotionEvent { action=ACTION_MOVE, id[0]=0, x[0]=108.91405, y[0]=766.88257, toolType[0]=TOOL_TYPE_UNKNOWN, buttonState=0, metaState=0, flags=0x0, edgeFlags=0x0, pointerCount=1, historySize=4, eventTime=272217, downTime=272179, deviceId=0, source=0x1002 }
D/InputEventConsistencyVerifier(  419):   5: sent at 272180000000, MotionEvent { action=ACTION_DOWN, id[0]=0, x[0]=112.0, y[0]=795.0, toolType[0]=TOOL_TYPE_UNKNOWN, buttonState=0, metaState=0, flags=0x80000000, edgeFlags=0x0, pointerCount=1, historySize=0, eventTime=272180, downTime=272179, deviceId=0, source=0x1002 }
I/ActivityManager(  227): START {act=android.intent.action.CALL_BUTTON flg=0x10000000 cmp=com.android.contacts/.activities.DialtactsActivity u=0} from pid 419
I/Choreographer(  419): Skipped 109 frames!  The application may be doing too much work on its main thread.
D/InputEventConsistencyVerifier(  419): KeyEvent: ACTION_UP but key was not down.
D/InputEventConsistencyVerifier(  419):   in com.android.systemui.statusbar.phone.StatusBarWindowView@b3e951d8
D/InputEventConsistencyVerifier(  419):   0: sent at 272974000000, KeyEvent { action=ACTION_UP, keyCode=KEYCODE_DPAD_RIGHT, scanCode=0, metaState=0, flags=0x400, repeatCount=0, eventTime=272974, downTime=272974, deviceId=-1, source=0x101 }
D/InputEventConsistencyVerifier(  419):   -- recent events --
D/InputEventConsistencyVerifier(  419):   1: sent at 272932000000, (unhandled) MotionEvent { action=ACTION_MOVE, id[0]=0, x[0]=3.0, y[0]=-2.0, toolType[0]=TOOL_TYPE_UNKNOWN, buttonState=0, metaState=0, flags=0x0, edgeFlags=0x0, pointerCount=1, historySize=9, eventTime=272932, downTime=-1, deviceId=0, source=0x10004 }
D/InputEventConsistencyVerifier(  419):   2: sent at 272705000000, (unhandled) KeyEvent { action=ACTION_UP, keyCode=KEYCODE_CALL, scanCode=0, metaState=0, flags=0x8, repeatCount=0, eventTime=272705, downTime=272705, deviceId=-1, source=0x101 }
D/InputEventConsistencyVerifier(  419):   3: sent at 272629000000, (unhandled) KeyEvent { action=ACTION_DOWN, keyCode=KEYCODE_CALL, scanCode=0, metaState=0, flags=0x8, repeatCount=0, eventTime=272629, downTime=272629, deviceId=-1, source=0x101 }
D/InputEventConsistencyVerifier(  419):   4: sent at 272623000000, MotionEvent { action=ACTION_UP, id[0]=0, x[0]=388.0, y[0]=505.0, toolType[0]=TOOL_TYPE_UNKNOWN, buttonState=0, metaState=0, flags=0x0, edgeFlags=0x0, pointerCount=1, historySize=0, eventTime=272623, downTime=272567, deviceId=0, source=0x1002 }
D/InputEventConsistencyVerifier(  419):   5: sent at 272621000000, MotionEvent { action=ACTION_MOVE, id[0]=0, x[0]=404.0, y[0]=494.0, toolType[0]=TOOL_TYPE_UNKNOWN, buttonState=0, metaState=0, flags=0x0, edgeFlags=0x0, pointerCount=1, historySize=6, eventTime=272621, downTime=272567, deviceId=0, source=0x1002 }
W/dalvikvm(  419): DroidBox: { "FdAccess": { "path": "2f70726f632f6d656d696e666f", "id": "161137676" } }
W/DroidBox(  419): DroidBox: { "FileRW": { "operation": "read", "data": "4d656d546f74616c3a202020202020202020373438393634206b420a4d656d467265653a20202020202020202020343431313732206b420a427566666572733a20202020202020202020202035343732206b420a4361636865643a202020202020202020", "id": "161137676" } }
W/dalvikvm(  419): DroidBox: { "FdAccess": { "path": "2f70726f632f6d656d696e666f", "id": "623662386" } }
W/DroidBox(  419): DroidBox: { "FileRW": { "operation": "read", "data": "4d656d546f74616c3a202020202020202020373438393634206b420a4d656d467265653a20202020202020202020343431313732206b420a427566666572733a20202020202020202020202035343732206b420a4361636865643a202020202020202020", "id": "623662386" } }
D/InputEventConsistencyVerifier(  419): TouchEvent: ACTION_DOWN but pointers are already down.  Probably missing ACTION_UP from previous gesture.
D/InputEventConsistencyVerifier(  419):   in android.view.ScaleGestureDetector@b3f34f18
D/InputEventConsistencyVerifier(  419):   0: sent at 273236000000, MotionEvent { action=ACTION_DOWN, id[0]=0, x[0]=217.0, y[0]=713.0, toolType[0]=TOOL_TYPE_UNKNOWN, buttonState=0, metaState=0, flags=0x0, edgeFlags=0x0, pointerCount=1, historySize=0, eventTime=273236, downTime=273235, deviceId=0, source=0x1002 }
D/InputEventConsistencyVerifier(  419):   -- recent events --
D/InputEventConsistencyVerifier(  419):   1: sent at 272621000000, MotionEvent { action=ACTION_MOVE, id[0]=0, x[0]=404.0, y[0]=494.0, toolType[0]=TOOL_TYPE_UNKNOWN, buttonState=0, metaState=0, flags=0x0, edgeFlags=0x0, pointerCount=1, historySize=6, eventTime=272621, downTime=272567, deviceId=0, source=0x1002 }
D/InputEventConsistencyVerifier(  419):   2: sent at 272569000000, MotionEvent { action=ACTION_DOWN, id[0]=0, x[0]=463.0, y[0]=438.0, toolType[0]=TOOL_TYPE_UNKNOWN, buttonState=0, metaState=0, flags=0x80000000, edgeFlags=0x0, pointerCount=1, historySize=0, eventTime=272569, downTime=272567, deviceId=0, source=0x1002 }
D/InputEventConsistencyVerifier(  419):   3: sent at 272309000000, MotionEvent { action=ACTION_MOVE, id[0]=0, x[0]=184.0, y[0]=695.0, toolType[0]=TOOL_TYPE_UNKNOWN, buttonState=0, metaState=0, flags=0x0, edgeFlags=0x0, pointerCount=1, historySize=7, eventTime=272309, downTime=272256, deviceId=0, source=0x1002 }
D/InputEventConsistencyVerifier(  419):   4: sent at 272259000000, MotionEvent { action=ACTION_DOWN, id[0]=0, x[0]=126.0, y[0]=643.0, toolType[0]=TOOL_TYPE_UNKNOWN, buttonState=0, metaState=0, flags=0x0, edgeFlags=0x0, pointerCount=1, historySize=0, eventTime=272259, downTime=272256, deviceId=0, source=0x1002 }
D/InputEventConsistencyVerifier(  419):   5: sent at 272231000000, MotionEvent { action=ACTION_UP, id[0]=0, x[0]=108.91405, y[0]=766.88257, toolType[0]=TOOL_TYPE_UNKNOWN, buttonState=0, metaState=0, flags=0x0, edgeFlags=0x0, pointerCount=1, historySize=0, eventTime=272231, downTime=272179, deviceId=0, source=0x1002 }
I/Choreographer(  419): Skipped 57 frames!  The application may be doing too much work on its main thread.
D/InputEventConsistencyVerifier(  419): KeyEvent: ACTION_UP but key was not down.
D/InputEventConsistencyVerifier(  419):   in com.android.systemui.statusbar.phone.StatusBarWindowView@b3e951d8
D/InputEventConsistencyVerifier(  419):   0: sent at 273354000000, KeyEvent { action=ACTION_UP, keyCode=KEYCODE_DPAD_DOWN, scanCode=0, metaState=0, flags=0x400, repeatCount=0, eventTime=273354, downTime=273354, deviceId=-1, source=0x101 }
D/InputEventConsistencyVerifier(  419):   -- recent events --
D/InputEventConsistencyVerifier(  419):   1: sent at 273207000000, (unhandled) MotionEvent { action=ACTION_MOVE, id[0]=0, x[0]=0.0, y[0]=4.0, toolType[0]=TOOL_TYPE_UNKNOWN, buttonState=0, metaState=0, flags=0x0, edgeFlags=0x0, pointerCount=1, historySize=9, eventTime=273207, downTime=-1, deviceId=0, source=0x10004 }
D/InputEventConsistencyVerifier(  419):   2: sent at 273254000000, MotionEvent { action=ACTION_UP, id[0]=0, x[0]=219.0, y[0]=694.0, toolType[0]=TOOL_TYPE_UNKNOWN, buttonState=0, metaState=0, flags=0x0, edgeFlags=0x0, pointerCount=1, historySize=0, eventTime=273254, downTime=273235, deviceId=0, source=0x1002 }
D/InputEventConsistencyVerifier(  419):   3: sent at 273236000000, MotionEvent { action=ACTION_DOWN, id[0]=0, x[0]=217.0, y[0]=713.0, toolType[0]=TOOL_TYPE_UNKNOWN, buttonState=0, metaState=0, flags=0x0, edgeFlags=0x0, pointerCount=1, historySize=0, eventTime=273236, downTime=273235, deviceId=0, source=0x1002 }
D/InputEventConsistencyVerifier(  419):   4: sent at 273072000000, (unhandled) KeyEvent { action=ACTION_UP, keyCode=KEYCODE_DPAD_UP, scanCode=0, metaState=0, flags=0x8, repeatCount=0, eventTime=273072, downTime=273072, deviceId=-1, source=0x101 }
D/InputEventConsistencyVerifier(  419):   5: sent at 272998000000, (unhandled) KeyEvent { action=ACTION_DOWN, keyCode=KEYCODE_DPAD_UP, scanCode=0, metaState=0, flags=0x8, repeatCount=0, eventTime=272998, downTime=272998, deviceId=-1, source=0x101 }
D/InputEventConsistencyVerifier(  419): KeyEvent: ACTION_UP but key was not down.
D/InputEventConsistencyVerifier(  419):   in android.widget.FrameLayout@b3e65258
D/InputEventConsistencyVerifier(  419):   0: sent at 273354000000, KeyEvent { action=ACTION_UP, keyCode=KEYCODE_DPAD_DOWN, scanCode=0, metaState=0, flags=0x400, repeatCount=0, eventTime=273354, downTime=273354, deviceId=-1, source=0x101 }
D/InputEventConsistencyVerifier(  419):   -- recent events --
