I/ActivityManager(  228): START {act=android.intent.action.CALL_BUTTON flg=0x10000000 cmp=com.android.contacts/.activities.DialtactsActivity u=0} from pid 1025
I/Choreographer( 1025): Skipped 58 frames!  The application may be doing too much work on its main thread.
D/InputEventConsistencyVerifier( 1025): TrackballEvent: Trackball is down but pressure is not greater than 0.
D/InputEventConsistencyVerifier( 1025):   in android.view.ViewRootImpl@b3e412b8
D/InputEventConsistencyVerifier( 1025):   0: sent at 159225000000, MotionEvent { action=ACTION_DOWN, id[0]=0, x[0]=0.0, y[0]=0.0, toolType[0]=TOOL_TYPE_UNKNOWN, buttonState=0, metaState=0, flags=0x0, edgeFlags=0x0, pointerCount=1, historySize=0, eventTime=159225, downTime=159094, deviceId=0, source=0x10004 }
D/InputEventConsistencyVerifier( 1025):   -- recent events --
D/InputEventConsistencyVerifier( 1025):   1: sent at 159252000000, KeyEvent { action=ACTION_UP, keyCode=KEYCODE_DPAD_LEFT, scanCode=0, metaState=0, flags=0x400, repeatCount=0, eventTime=159252, downTime=159252, deviceId=-1, source=0x101 }
D/InputEventConsistencyVerifier( 1025):   2: sent at 159252000000, KeyEvent { action=ACTION_DOWN, keyCode=KEYCODE_DPAD_LEFT, scanCode=0, metaState=0, flags=0x400, repeatCount=0, eventTime=159252, downTime=159252, deviceId=-1, source=0x101 }
D/InputEventConsistencyVerifier( 1025):   3: sent at 159251000000, KeyEvent { action=ACTION_UP, keyCode=KEYCODE_DPAD_LEFT, scanCode=0, metaState=0, flags=0x400, repeatCount=0, eventTime=159251, downTime=159251, deviceId=-1, source=0x101 }
D/InputEventConsistencyVerifier( 1025):   4: sent at 159251000000, KeyEvent { action=ACTION_DOWN, keyCode=KEYCODE_DPAD_LEFT, scanCode=0, metaState=0, flags=0x400, repeatCount=0, eventTime=159251, downTime=159251, deviceId=-1, source=0x101 }
D/InputEventConsistencyVerifier( 1025):   5: sent at 159247000000, KeyEvent { action=ACTION_UP, keyCode=KEYCODE_DPAD_LEFT, scanCode=0, metaState=0, flags=0x400, repeatCount=0, eventTime=159247, downTime=159247, deviceId=-1, source=0x101 }
I/Choreographer( 1025): Skipped 43 frames!  The application may be doing too much work on its main thread.
I/AudioService(  228):   Remote Control   registerMediaButtonIntent() for PendingIntent{b3ea7a90: PendingIntentRecord{b3fd3770 com.android.music broadcastIntent}}
E/WVMExtractor(   62): Failed to open libwvm.so
I/Choreographer( 1025): Skipped 41 frames!  The application may be doing too much work on its main thread.
I/ActivityManager(  228): START {act=android.intent.action.MAIN cat=[android.intent.category.LAUNCHER] flg=0x10200000 cmp=ru.wallpapermobile.worldofwarcraft/com.pavel.wallpaper.LicenseActivity u=0} from pid 993
I/Choreographer( 1025): Skipped 31 frames!  The application may be doing too much work on its main thread.
E/WVMExtractor(   62): Failed to open libwvm.so
I/NetworkPolicy(  228): no policy for active mobile network; generating default policy
I/Choreographer( 1025): Skipped 132 frames!  The application may be doing too much work on its main thread.
I/Choreographer( 1025): Skipped 46 frames!  The application may be doing too much work on its main thread.
I/Choreographer( 1025): Skipped 70 frames!  The application may be doing too much work on its main thread.
E/WVMExtractor(   62): Failed to open libwvm.so
I/Choreographer( 1025): Skipped 34 frames!  The application may be doing too much work on its main thread.
I/Choreographer( 1025): Skipped 34 frames!  The application may be doing too much work on its main thread.
I/ActivityManager(  228): START {act=android.intent.action.MAIN cat=[android.intent.category.HOME] flg=0x10200000 cmp=com.android.launcher/com.android.launcher2.Launcher u=0} from pid 228
E/NetdConnector(  228): NDC Command {11 bandwidth setiquota eth0 9223372036854775807} took too long (1495ms)
W/dalvikvm(  228): DroidBox: { "FdAccess": { "path": "2f70726f632f313035372f636d646c696e65", "id": "1474727403" } }
W/DroidBox(  228): DroidBox: { "FileRW": { "operation": "read", "data": "636f6d2e616e64726f69642e6d75736963000000000000000000000000000000000000000000000000000000000000000000000000000000000000000000000000000000000000000000000061663636626237653063376439663738623264372e61706b", "id": "1474727403" } }
W/ProcessStats(  228): Skipping unknown process pid 1086
I/Choreographer( 1025): Skipped 84 frames!  The application may be doing too much work on its main thread.
W/dalvikvm(  228): DroidBox: { "FdAccess": { "path": "2f70726f632f3232382f6e65742f78745f717461677569642f7374617473", "id": "1599138847" } }
W/DroidBox(  228): DroidBox: { "FileRW": { "operation": "read", "data": "69647820696661636520616363745f7461675f686578207569645f7461675f696e7420636e745f7365742072785f62797465732072785f7061636b6574732074785f62797465732074785f7061636b6574732072785f7463705f62797465732072785f74", "id": "1599138847" } }
W/dalvikvm(  228): DroidBox: { "FdAccess": { "path": "2f70726f632f3232382f6e65742f78745f717461677569642f7374617473", "id": "325929014" } }
W/DroidBox(  228): DroidBox: { "FileRW": { "operation": "read", "data": "30203020302030203020302030203020302030203020300a300a300a300a300a300a203020300a3020300a203020300a300a3020302030203020302030203020302030203020302030203020300a20300a203020300a300a300a300a203020300a302030", "id": "325929014" } }
W/dalvikvm(  228): DroidBox: { "FdAccess": { "path": "2f70726f632f3232382f6e65742f78745f717461677569642f69666163655f737461745f666d74", "id": "1741716810" } }
W/DroidBox(  228): DroidBox: { "FileRW": { "operation": "read", "data": "69666e616d6520746f74616c5f736b625f72785f627974657320746f74616c5f736b625f72785f7061636b65747320746f74616c5f736b625f74785f627974657320746f74616c5f736b625f74785f7061636b6574732072785f7463705f627974657320", "id": "1741716810" } }
W/dalvikvm(  228): DroidBox: { "FdAccess": { "path": "2f70726f632f3232382f6e65742f78745f717461677569642f69666163655f737461745f666d74", "id": "1554092021" } }
W/DroidBox(  228): DroidBox: { "FileRW": { "operation": "read", "data": "30203020302030203020302030203020302030203020300a300a300a300a300a20300a303020353020353620310a6c6f20302030203020302030203020302030203020302030203020302030203020300a203020300a2030203020300a203020300a3020", "id": "1554092021" } }
W/dalvikvm(  228): DroidBox: { "FdAccess": { "path": "2f70726f632f3232382f6e65742f78745f717461677569642f69666163655f737461745f616c6c", "id": "791048694" } }
W/DroidBox(  228): DroidBox: { "FileRW": { "operation": "read", "data": "6574683020312030203020302030203931313335323820393032372037323735383320353338310a6c6f20312030203020302030203338333620353520333833362035350a00000000000000000000000000000000000000000000000000000000000000", "id": "791048694" } }
W/dalvikvm(  228): DroidBox: { "FdAccess": { "path": "2f70726f632f3232382f6e65742f78745f717461677569642f69666163655f737461745f616c6c", "id": "1268454056" } }
W/DroidBox(  228): DroidBox: { "FileRW": { "operation": "read", "data": "35350a362035350a35350a362035350a350a350a350a350a350a35350a362035350a3833362035350a362035350a333833362035350a350a350a350a350a350a362035350a00000000000000000000000000000000000000000000000000000000000000", "id": "1268454056" } }
I/Choreographer( 1025): Skipped 66 frames!  The application may be doing too much work on its main thread.
I/Choreographer( 1025): Skipped 44 frames!  The application may be doing too much work on its main thread.
E/NetdConnector(  228): NDC Command {12 bandwidth removeiquota eth0} took too long (648ms)
I/ActivityManager(  228): START {act=android.intent.action.MAIN cat=[android.intent.category.LAUNCHER] flg=0x10200000 cmp=ru.wallpapermobile.worldofwarcraft/com.pavel.wallpaper.LicenseActivity u=0} from pid 993
I/ActivityManager(  228): START {act=android.intent.action.MAIN cat=[android.intent.category.LAUNCHER] flg=0x10200000 cmp=ru.wallpapermobile.worldofwarcraft/com.pavel.wallpaper.LicenseActivity u=0} from pid 993
I/Choreographer( 1025): Skipped 33 frames!  The application may be doing too much work on its main thread.
I/Choreographer( 1025): Skipped 89 frames!  The application may be doing too much work on its main thread.
W/BackupManagerService(  228): dataChanged but no participant pkg='com.android.providers.settings' uid=10011
E/WVMExtractor(   62): Failed to open libwvm.so
E/NetdConnector(  228): NDC Command {14 bandwidth setiquota eth0 9223372036854775807} took too long (1371ms)
I/Choreographer( 1025): Skipped 73 frames!  The application may be doing too much work on its main thread.
I/qtaguid (  228): Failed write_ctrl(s 1 10050) res=-1 errno=1
W/NetworkManagementSocketTagger(  228): setKernelCountSet(10050, 1) failed with errno -1
I/qtaguid (  228): Failed write_ctrl(s 0 10019) res=-1 errno=1
W/NetworkManagementSocketTagger(  228): setKernelCountSet(10019, 0) failed with errno -1
I/Choreographer( 1025): Skipped 42 frames!  The application may be doing too much work on its main thread.
I/Choreographer( 1025): Skipped 47 frames!  The application may be doing too much work on its main thread.
E/WVMExtractor(   62): Failed to open libwvm.so
I/Choreographer( 1025): Skipped 30 frames!  The application may be doing too much work on its main thread.
I/ActivityManager(  228): START {act=android.intent.action.MAIN cat=[android.intent.category.HOME] flg=0x10200000 cmp=com.android.launcher/com.android.launcher2.Launcher u=0} from pid 228
W/dalvikvm( 1057): DroidBox: { "FdAccess": { "path": "2f646174612f646174612f636f6d2e616e64726f69642e6d757369632f7368617265645f70726566732f4d757369632e786d6c", "id": "1212864704" } }
W/DroidBox( 1057): DroidBox: { "FileRW": { "operation": "write", "data": "3c3f786d6c2076657273696f6e3d27312e302720656e636f64696e673d277574662d3827207374616e64616c6f6e653d2779657327203f3e0a3c6d61703e0a3c737472696e67206e616d653d227175657565223e3c2f737472696e673e0a3c696e74206e", "id": "1212864704" } }
I/Choreographer( 1025): Skipped 69 frames!  The application may be doing too much work on its main thread.
E/MetadataRetrieverClient(   62): failed to extract an album art
I/Choreographer( 1025): Skipped 44 frames!  The application may be doing too much work on its main thread.
E/WVMExtractor(   62): Failed to open libwvm.so
I/Choreographer( 1025): Skipped 31 frames!  The application may be doing too much work on its main thread.
I/ActivityManager(  228): START {act=android.intent.action.MAIN cat=[android.intent.category.LAUNCHER] flg=0x10200000 cmp=ru.wallpapermobile.worldofwarcraft/com.pavel.wallpaper.LicenseActivity u=0} from pid 993
I/ActivityManager(  228): START {act=android.intent.action.MAIN cat=[android.intent.category.LAUNCHER] flg=0x10200000 cmp=ru.wallpapermobile.worldofwarcraft/com.pavel.wallpaper.LicenseActivity u=0} from pid 993
I/Choreographer( 1025): Skipped 41 frames!  The application may be doing too much work on its main thread.
W/DroidBox( 1057): DroidBox: { "ServiceStart": { "name": "com.android.music.MediaPlaybackService" } }
I/Choreographer( 1025): Skipped 56 frames!  The application may be doing too much work on its main thread.
W/DroidBox( 1057): DroidBox: { "ServiceStart": { "name": "com.android.music.MediaPlaybackService" } }
E/WVMExtractor(   62): Failed to open libwvm.so
I/Choreographer( 1025): Skipped 34 frames!  The application may be doing too much work on its main thread.
E/WVMExtractor(   62): Failed to open libwvm.so
I/Choreographer( 1025): Skipped 42 frames!  The application may be doing too much work on its main thread.
E/WVMExtractor(   62): Failed to open libwvm.so
W/DroidBox( 1057): DroidBox: { "ServiceStart": { "name": "com.android.music.MediaPlaybackService" } }
W/DroidBox( 1057): DroidBox: { "ServiceStart": { "name": "com.android.music.MediaPlaybackService" } }
I/Choreographer( 1025): Skipped 32 frames!  The application may be doing too much work on its main thread.
I/Choreographer( 1025): Skipped 33 frames!  The application may be doing too much work on its main thread.
I/AudioService(  228):  AudioFocus  requestAudioFocus() from android.media.AudioManager@b3e124f0com.android.music.MediaPlaybackService$3@b3e10ad8
E/WVMExtractor(   62): Failed to open libwvm.so
I/ActivityManager(  228): START {act=android.intent.action.MAIN cat=[android.intent.category.HOME] flg=0x10200000 cmp=com.android.launcher/com.android.launcher2.Launcher u=0} from pid 228
I/AudioService(  228):   Remote Control   registerMediaButtonIntent() for PendingIntent{b40ded68: PendingIntentRecord{b3fd3770 com.android.music broadcastIntent}}
I/Choreographer( 1025): Skipped 51 frames!  The application may be doing too much work on its main thread.
E/WVMExtractor(   62): Failed to open libwvm.so
I/InputDispatcher(  228): Dropped event because of pending overdue app switch.
W/InputManager(  228): Input event injection from pid 993 failed.
I/Choreographer( 1025): Skipped 35 frames!  The application may be doing too much work on its main thread.
W/dalvikvm(  993): DroidBox: { "FdAccess": { "path": "2f6465762f696e7075742f6576656e7430", "id": "2088946243" } }
W/DroidBox(  993): DroidBox: { "FileRW": { "operation": "write", "data": "efbfbd060000efbfbdefbfbd0c000500000000000000", "id": "2088946243" } }
E/WVMExtractor(   62): Failed to open libwvm.so
I/Choreographer( 1025): Skipped 88 frames!  The application may be doing too much work on its main thread.
E/WVMExtractor(   62): Failed to open libwvm.so
I/ActivityManager(  228): START {act=android.intent.action.MAIN cat=[android.intent.category.HOME] flg=0x10200000 cmp=com.android.launcher/com.android.launcher2.Launcher u=0} from pid 228
I/Choreographer( 1025): Skipped 35 frames!  The application may be doing too much work on its main thread.
I/ActivityManager(  228): START {act=android.intent.action.MAIN cat=[android.intent.category.LAUNCHER] flg=0x10200000 cmp=ru.wallpapermobile.worldofwarcraft/com.pavel.wallpaper.LicenseActivity u=0} from pid 993
W/DroidBox( 1057): DroidBox: { "ServiceStart": { "name": "com.android.music.MediaPlaybackService" } }
W/DroidBox( 1057): DroidBox: { "ServiceStart": { "name": "com.android.music.MediaPlaybackService" } }
I/Choreographer( 1025): Skipped 36 frames!  The application may be doing too much work on its main thread.
E/WVMExtractor(   62): Failed to open libwvm.so
I/AudioService(  228):  AudioFocus  requestAudioFocus() from android.media.AudioManager@b3e124f0com.android.music.MediaPlaybackService$3@b3e10ad8
E/WVMExtractor(   62): Failed to open libwvm.so
I/AudioService(  228):   Remote Control   registerMediaButtonIntent() for PendingIntent{b3ea1210: PendingIntentRecord{b3fd3770 com.android.music broadcastIntent}}
I/ActivityManager(  228): START {act=android.intent.action.CALL_BUTTON flg=0x10000000 cmp=com.android.contacts/.activities.DialtactsActivity u=0} from pid 1025
E/WVMExtractor(   62): Failed to open libwvm.so
I/Choreographer( 1025): Skipped 37 frames!  The application may be doing too much work on its main thread.
D/InputEventConsistencyVerifier(  425): KeyEvent: ACTION_UP but key was not down.
D/InputEventConsistencyVerifier(  425):   in com.android.systemui.statusbar.phone.StatusBarWindowView@b3e331d8
D/InputEventConsistencyVerifier(  425):   0: sent at 174567000000, KeyEvent { action=ACTION_UP, keyCode=KEYCODE_DPAD_DOWN, scanCode=0, metaState=0, flags=0x8, repeatCount=0, eventTime=174567, downTime=174567, deviceId=-1, source=0x101 }
D/InputEventConsistencyVerifier(  425):   -- recent events --
D/InputEventConsistencyVerifier(  425):   1: sent at 174458000000, MotionEvent { action=ACTION_UP, id[0]=0, x[0]=86.0, y[0]=5.0, toolType[0]=TOOL_TYPE_UNKNOWN, buttonState=0, metaState=0, flags=0x0, edgeFlags=0x0, pointerCount=1, historySize=0, eventTime=174458, downTime=174430, deviceId=0, source=0x1002 }
D/InputEventConsistencyVerifier(  425):   2: sent at 174430000000, MotionEvent { action=ACTION_DOWN, id[0]=0, x[0]=78.0, y[0]=13.0, toolType[0]=TOOL_TYPE_UNKNOWN, buttonState=0, metaState=0, flags=0x0, edgeFlags=0x0, pointerCount=1, historySize=0, eventTime=174430, downTime=174430, deviceId=0, source=0x1002 }
D/InputEventConsistencyVerifier(  425):   3: sent at 157665000000, (unhandled) KeyEvent { action=ACTION_UP, keyCode=KEYCODE_DPAD_RIGHT, scanCode=0, metaState=0, flags=0x28, repeatCount=0, eventTime=157665, downTime=157643, deviceId=-1, source=0x101 }
D/InputEventConsistencyVerifier(  425):   4: sent at 157643000000, (unhandled) KeyEvent { action=ACTION_DOWN, keyCode=KEYCODE_DPAD_RIGHT, scanCode=0, metaState=0, flags=0x8, repeatCount=0, eventTime=157643, downTime=157643, deviceId=-1, source=0x101 }
D/InputEventConsistencyVerifier(  425):   5: sent at 157398000000, (unhandled) KeyEvent { action=ACTION_UP, keyCode=KEYCODE_DPAD_DOWN, scanCode=0, metaState=0, flags=0x80000008, repeatCount=0, eventTime=157398, downTime=157398, deviceId=-1, source=0x101 }
W/dalvikvm(  425): DroidBox: { "FdAccess": { "path": "2f70726f632f6d656d696e666f", "id": "2016191238" } }
W/DroidBox(  425): DroidBox: { "FileRW": { "operation": "read", "data": "4d656d546f74616c3a202020202020202020373438393634206b420a4d656d467265653a20202020202020202020343336373332206b420a427566666572733a20202020202020202020202035343834206b420a4361636865643a202020202020202020", "id": "2016191238" } }
D/InputEventConsistencyVerifier(  425): KeyEvent: ACTION_UP but key was not down.
D/InputEventConsistencyVerifier(  425):   in android.widget.FrameLayout@b3e31f60
D/InputEventConsistencyVerifier(  425):   0: sent at 174813000000, KeyEvent { action=ACTION_UP, keyCode=KEYCODE_DPAD_DOWN, scanCode=0, metaState=0, flags=0x8, repeatCount=0, eventTime=174813, downTime=174813, deviceId=-1, source=0x101 }
D/InputEventConsistencyVerifier(  425):   -- recent events --
D/InputEventConsistencyVerifier(  425):   1: sent at 154603000000, MotionEvent { action=ACTION_UP, id[0]=0, x[0]=134.0, y[0]=130.0, toolType[0]=TOOL_TYPE_UNKNOWN, buttonState=0, metaState=0, flags=0x0, edgeFlags=0x0, pointerCount=1, historySize=0, eventTime=154603, downTime=154587, deviceId=0, source=0x1002 }
D/InputEventConsistencyVerifier(  425):   2: sent at 154587000000, MotionEvent { action=ACTION_DOWN, id[0]=0, x[0]=132.0, y[0]=148.0, toolType[0]=TOOL_TYPE_UNKNOWN, buttonState=0, metaState=0, flags=0x0, edgeFlags=0x0, pointerCount=1, historySize=0, eventTime=154587, downTime=154587, deviceId=0, source=0x1002 }
D/InputEventConsistencyVerifier(  425):   3: sent at 154577000000, MotionEvent { action=ACTION_UP, id[0]=0, x[0]=218.0, y[0]=606.0, toolType[0]=TOOL_TYPE_UNKNOWN, buttonState=0, metaState=0, flags=0x0, edgeFlags=0x0, pointerCount=1, historySize=0, eventTime=154577, downTime=154559, deviceId=0, source=0x1002 }
D/InputEventConsistencyVerifier(  425):   4: sent at 154559000000, MotionEvent { action=ACTION_DOWN, id[0]=0, x[0]=208.0, y[0]=606.0, toolType[0]=TOOL_TYPE_UNKNOWN, buttonState=0, metaState=0, flags=0x0, edgeFlags=0x0, pointerCount=1, historySize=0, eventTime=154559, downTime=154559, deviceId=0, source=0x1002 }
D/InputEventConsistencyVerifier(  425):   5: sent at 154380000000, MotionEvent { action=ACTION_UP, id[0]=0, x[0]=395.0, y[0]=374.0, toolType[0]=TOOL_TYPE_UNKNOWN, buttonState=0, metaState=0, flags=0x0, edgeFlags=0x0, pointerCount=1, historySize=0, eventTime=154380, downTime=154358, deviceId=0, source=0x1002 }
I/Choreographer(  425): Skipped 84 frames!  The application may be doing too much work on its main thread.
W/dalvikvm(  425): DroidBox: { "FdAccess": { "path": "2f70726f632f6d656d696e666f", "id": "2020701616" } }
W/DroidBox(  425): DroidBox: { "FileRW": { "operation": "read", "data": "4d656d546f74616c3a202020202020202020373438393634206b420a4d656d467265653a20202020202020202020343336373332206b420a427566666572733a20202020202020202020202035343834206b420a4361636865643a202020202020202020", "id": "2020701616" } }
V/PhoneStatusBar(  425): setLightsOn(true)
D/PhoneStatusBar(  425): disable: < expand icons alerts TICKER* system_info back home recent clock >
I/Choreographer( 1025): Skipped 51 frames!  The application may be doing too much work on its main thread.
D/InputEventConsistencyVerifier(  425): TouchEvent: ACTION_DOWN but pointers are already down.  Probably missing ACTION_UP from previous gesture.
D/InputEventConsistencyVerifier(  425):   in android.view.ScaleGestureDetector@b3ed39d0
D/InputEventConsistencyVerifier(  425):   0: sent at 175050000000, MotionEvent { action=ACTION_DOWN, id[0]=0, x[0]=1.0, y[0]=186.0, toolType[0]=TOOL_TYPE_UNKNOWN, buttonState=0, metaState=0, flags=0x0, edgeFlags=0x0, pointerCount=1, historySize=0, eventTime=175050, downTime=175049, deviceId=0, source=0x1002 }
D/InputEventConsistencyVerifier(  425):   -- recent events --
D/InputEventConsistencyVerifier(  425):   1: sent at 175035000000, MotionEvent { action=ACTION_DOWN, id[0]=0, x[0]=9.0, y[0]=725.0, toolType[0]=TOOL_TYPE_UNKNOWN, buttonState=0, metaState=0, flags=0x0, edgeFlags=0x0, pointerCount=1, historySize=0, eventTime=175035, downTime=175034, deviceId=0, source=0x1002 }
D/InputEventConsistencyVerifier(  425):   2: sent at 174458000000, MotionEvent { action=ACTION_UP, id[0]=0, x[0]=86.0, y[0]=5.0, toolType[0]=TOOL_TYPE_UNKNOWN, buttonState=0, metaState=0, flags=0x0, edgeFlags=0x0, pointerCount=1, historySize=0, eventTime=174458, downTime=174430, deviceId=0, source=0x1002 }
D/InputEventConsistencyVerifier(  425):   3: sent at 174430000000, MotionEvent { action=ACTION_DOWN, id[0]=0, x[0]=78.0, y[0]=13.0, toolType[0]=TOOL_TYPE_UNKNOWN, buttonState=0, metaState=0, flags=0x0, edgeFlags=0x0, pointerCount=1, historySize=0, eventTime=174430, downTime=174430, deviceId=0, source=0x1002 }
D/InputEventConsistencyVerifier(  425):   4: sent at 156650000000, MotionEvent { action=ACTION_UP, id[0]=0, x[0]=376.0, y[0]=48.0, toolType[0]=TOOL_TYPE_UNKNOWN, buttonState=0, metaState=0, flags=0x0, edgeFlags=0x0, pointerCount=1, historySize=0, eventTime=156650, downTime=156509, deviceId=0, source=0x1002 }
D/InputEventConsistencyVerifier(  425):   5: sent at 156646000000, MotionEvent { action=ACTION_POINTER_UP(1), id[0]=0, x[0]=358.0, y[0]=39.0, toolType[0]=TOOL_TYPE_UNKNOWN, id[1]=1, x[1]=456.0, y[1]=43.0, toolType[1]=TOOL_TYPE_UNKNOWN, buttonState=0, metaState=0, flags=0x0, edgeFlags=0x0, pointerCount=2, historySize=0, eventTime=156646, downTime=156509, deviceId=0, source=0x1002 }
I/Choreographer(  425): Skipped 61 frames!  The application may be doing too much work on its main thread.
D/PhoneStatusBar(  425): disable: < expand icons alerts ticker* system_info back home recent clock >
V/PhoneStatusBar(  425): setLightsOn(true)
I/Choreographer( 1025): Skipped 44 frames!  The application may be doing too much work on its main thread.
E/WVMExtractor(   62): Failed to open libwvm.so
I/Choreographer( 1025): Skipped 39 frames!  The application may be doing too much work on its main thread.
E/WVMExtractor(   62): Failed to open libwvm.so
I/Choreographer( 1025): Skipped 63 frames!  The application may be doing too much work on its main thread.
I/Choreographer( 1025): Skipped 31 frames!  The application may be doing too much work on its main thread.
D/InputEventConsistencyVerifier(  425): TouchEvent: ACTION_DOWN but pointers are already down.  Probably missing ACTION_UP from previous gesture.
D/InputEventConsistencyVerifier(  425):   in android.view.ScaleGestureDetector@b3ed39d0
D/InputEventConsistencyVerifier(  425):   0: sent at 177379000000, MotionEvent { action=ACTION_DOWN, id[0]=0, x[0]=437.0, y[0]=19.0, toolType[0]=TOOL_TYPE_UNKNOWN, buttonState=0, metaState=0, flags=0x0, edgeFlags=0x0, pointerCount=1, historySize=0, eventTime=177379, downTime=177378, deviceId=0, source=0x1002 }
D/InputEventConsistencyVerifier(  425):   -- recent events --
D/InputEventConsistencyVerifier(  425):   1: sent at 175050000000, MotionEvent { action=ACTION_DOWN, id[0]=0, x[0]=1.0, y[0]=186.0, toolType[0]=TOOL_TYPE_UNKNOWN, buttonState=0, metaState=0, flags=0x80000000, edgeFlags=0x0, pointerCount=1, historySize=0, eventTime=175050, downTime=175049, deviceId=0, source=0x1002 }
D/InputEventConsistencyVerifier(  425):   2: sent at 175035000000, MotionEvent { action=ACTION_DOWN, id[0]=0, x[0]=9.0, y[0]=725.0, toolType[0]=TOOL_TYPE_UNKNOWN, buttonState=0, metaState=0, flags=0x0, edgeFlags=0x0, pointerCount=1, historySize=0, eventTime=175035, downTime=175034, deviceId=0, source=0x1002 }
D/InputEventConsistencyVerifier(  425):   3: sent at 174458000000, MotionEvent { action=ACTION_UP, id[0]=0, x[0]=86.0, y[0]=5.0, toolType[0]=TOOL_TYPE_UNKNOWN, buttonState=0, metaState=0, flags=0x0, edgeFlags=0x0, pointerCount=1, historySize=0, eventTime=174458, downTime=174430, deviceId=0, source=0x1002 }
D/InputEventConsistencyVerifier(  425):   4: sent at 174430000000, MotionEvent { action=ACTION_DOWN, id[0]=0, x[0]=78.0, y[0]=13.0, toolType[0]=TOOL_TYPE_UNKNOWN, buttonState=0, metaState=0, flags=0x0, edgeFlags=0x0, pointerCount=1, historySize=0, eventTime=174430, downTime=174430, deviceId=0, source=0x1002 }
D/InputEventConsistencyVerifier(  425):   5: sent at 156650000000, MotionEvent { action=ACTION_UP, id[0]=0, x[0]=376.0, y[0]=48.0, toolType[0]=TOOL_TYPE_UNKNOWN, buttonState=0, metaState=0, flags=0x0, edgeFlags=0x0, pointerCount=1, historySize=0, eventTime=156650, downTime=156509, deviceId=0, source=0x1002 }
I/Choreographer( 1025): Skipped 33 frames!  The application may be doing too much work on its main thread.
W/dalvikvm(  425): DroidBox: { "FdAccess": { "path": "2f70726f632f6d656d696e666f", "id": "15239314" } }
W/DroidBox(  425): DroidBox: { "FileRW": { "operation": "read", "data": "4d656d546f74616c3a202020202020202020373438393634206b420a4d656d467265653a20202020202020202020343336333736206b420a427566666572733a20202020202020202020202035343834206b420a4361636865643a202020202020202020", "id": "15239314" } }
I/Choreographer(  425): Skipped 52 frames!  The application may be doing too much work on its main thread.
D/InputEventConsistencyVerifier(  425): TouchEvent: ACTION_DOWN but pointers are already down.  Probably missing ACTION_UP from previous gesture.
D/InputEventConsistencyVerifier(  425):   in android.view.ScaleGestureDetector@b3ed39d0
D/InputEventConsistencyVerifier(  425):   0: sent at 177781000000, MotionEvent { action=ACTION_DOWN, id[0]=0, x[0]=442.0, y[0]=618.0, toolType[0]=TOOL_TYPE_UNKNOWN, buttonState=0, metaState=0, flags=0x0, edgeFlags=0x0, pointerCount=1, historySize=0, eventTime=177781, downTime=177771, deviceId=0, source=0x1002 }
D/InputEventConsistencyVerifier(  425):   -- recent events --
D/InputEventConsistencyVerifier(  425):   1: sent at 177747000000, MotionEvent { action=ACTION_DOWN, id[0]=0, x[0]=402.0, y[0]=181.0, toolType[0]=TOOL_TYPE_UNKNOWN, buttonState=0, metaState=0, flags=0x0, edgeFlags=0x0, pointerCount=1, historySize=0, eventTime=177747, downTime=177746, deviceId=0, source=0x1002 }
D/InputEventConsistencyVerifier(  425):   2: sent at 177404000000, MotionEvent { action=ACTION_UP, id[0]=0, x[0]=436.0, y[0]=19.0, toolType[0]=TOOL_TYPE_UNKNOWN, buttonState=0, metaState=0, flags=0x0, edgeFlags=0x0, pointerCount=1, historySize=0, eventTime=177404, downTime=177378, deviceId=0, source=0x1002 }
D/InputEventConsistencyVerifier(  425):   3: sent at 177379000000, MotionEvent { action=ACTION_DOWN, id[0]=0, x[0]=437.0, y[0]=19.0, toolType[0]=TOOL_TYPE_UNKNOWN, buttonState=0, metaState=0, flags=0x80000000, edgeFlags=0x0, pointerCount=1, historySize=0, eventTime=177379, downTime=177378, deviceId=0, source=0x1002 }
D/InputEventConsistencyVerifier(  425):   4: sent at 175050000000, MotionEvent { action=ACTION_DOWN, id[0]=0, x[0]=1.0, y[0]=186.0, toolType[0]=TOOL_TYPE_UNKNOWN, buttonState=0, metaState=0, flags=0x80000000, edgeFlags=0x0, pointerCount=1, historySize=0, eventTime=175050, downTime=175049, deviceId=0, source=0x1002 }
D/InputEventConsistencyVerifier(  425):   5: sent at 175035000000, MotionEvent { action=ACTION_DOWN, id[0]=0, x[0]=9.0, y[0]=725.0, toolType[0]=TOOL_TYPE_UNKNOWN, buttonState=0, metaState=0, flags=0x0, edgeFlags=0x0, pointerCount=1, historySize=0, eventTime=175035, downTime=175034, deviceId=0, source=0x1002 }
D/PhoneStatusBar(  425): disable: < expand icons alerts TICKER* system_info back home recent clock >
I/ActivityManager(  228): START {act=android.intent.action.MAIN cat=[android.intent.category.LAUNCHER] flg=0x10000000 cmp=com.android.calendar/.AllInOneActivity sel={act=android.intent.action.MAIN cat=[android.intent.category.APP_CALENDAR]} u=0} from pid 228
D/InputEventConsistencyVerifier(  425): KeyEvent: ACTION_UP but key was not down.
D/InputEventConsistencyVerifier(  425):   in android.view.ViewRootImpl@b3ec4d60
D/InputEventConsistencyVerifier(  425):   0: sent at 177961000000, KeyEvent { action=ACTION_UP, keyCode=KEYCODE_CALENDAR, scanCode=0, metaState=0, flags=0x8, repeatCount=0, eventTime=177961, downTime=177961, deviceId=-1, source=0x101 }
D/InputEventConsistencyVerifier(  425):   -- recent events --
D/InputEventConsistencyVerifier(  425):   1: sent at 177912000000, KeyEvent { action=ACTION_UP, keyCode=KEYCODE_NUMPAD_MULTIPLY, scanCode=0, metaState=0, flags=0x8, repeatCount=0, eventTime=177912, downTime=177912, deviceId=-1, source=0x101 }
D/InputEventConsistencyVerifier(  425):   2: sent at 177809000000, KeyEvent { action=ACTION_DOWN, keyCode=KEYCODE_NUMPAD_MULTIPLY, scanCode=0, metaState=0, flags=0x8, repeatCount=0, eventTime=177809, downTime=177809, deviceId=-1, source=0x101 }
D/InputEventConsistencyVerifier(  425):   3: sent at 177789000000, MotionEvent { action=ACTION_UP, id[0]=0, x[0]=454.0, y[0]=618.0, toolType[0]=TOOL_TYPE_UNKNOWN, buttonState=0, metaState=0, flags=0x0, edgeFlags=0x0, pointerCount=1, historySize=0, eventTime=177789, downTime=177771, deviceId=0, source=0x1002 }
D/InputEventConsistencyVerifier(  425):   4: sent at 177781000000, MotionEvent { action=ACTION_DOWN, id[0]=0, x[0]=442.0, y[0]=618.0, toolType[0]=TOOL_TYPE_UNKNOWN, buttonState=0, metaState=0, flags=0x0, edgeFlags=0x0, pointerCount=1, historySize=0, eventTime=177781, downTime=177771, deviceId=0, source=0x1002 }
D/InputEventConsistencyVerifier(  425):   5: sent at 177763000000, MotionEvent { action=ACTION_UP, id[0]=0, x[0]=385.0, y[0]=166.0, toolType[0]=TOOL_TYPE_UNKNOWN, buttonState=0, metaState=0, flags=0x0, edgeFlags=0x0, pointerCount=1, historySize=0, eventTime=177763, downTime=177746, deviceId=0, source=0x1002 }
V/PhoneStatusBar(  425): setLightsOn(true)
I/Choreographer(  425): Skipped 72 frames!  The application may be doing too much work on its main thread.
W/dalvikvm(  425): DroidBox: { "FdAccess": { "path": "2f70726f632f6d656d696e666f", "id": "851396524" } }
W/DroidBox(  425): DroidBox: { "FileRW": { "operation": "read", "data": "4d656d546f74616c3a202020202020202020373438393634206b420a4d656d467265653a20202020202020202020343336333736206b420a427566666572733a20202020202020202020202035343834206b420a4361636865643a202020202020202020", "id": "851396524" } }
D/InputEventConsistencyVerifier(  425): TouchEvent: ACTION_DOWN but pointers are already down.  Probably missing ACTION_UP from previous gesture.
D/InputEventConsistencyVerifier(  425):   in android.view.ScaleGestureDetector@b3ed39d0
D/InputEventConsistencyVerifier(  425):   0: sent at 178052000000, MotionEvent { action=ACTION_DOWN, id[0]=0, x[0]=389.0, y[0]=212.0, toolType[0]=TOOL_TYPE_UNKNOWN, buttonState=0, metaState=0, flags=0x0, edgeFlags=0x0, pointerCount=1, historySize=0, eventTime=178052, downTime=178051, deviceId=0, source=0x1002 }
D/InputEventConsistencyVerifier(  425):   -- recent events --
D/InputEventConsistencyVerifier(  425):   1: sent at 177781000000, MotionEvent { action=ACTION_DOWN, id[0]=0, x[0]=442.0, y[0]=618.0, toolType[0]=TOOL_TYPE_UNKNOWN, buttonState=0, metaState=0, flags=0x80000000, edgeFlags=0x0, pointerCount=1, historySize=0, eventTime=177781, downTime=177771, deviceId=0, source=0x1002 }
D/InputEventConsistencyVerifier(  425):   2: sent at 177747000000, MotionEvent { action=ACTION_DOWN, id[0]=0, x[0]=402.0, y[0]=181.0, toolType[0]=TOOL_TYPE_UNKNOWN, buttonState=0, metaState=0, flags=0x0, edgeFlags=0x0, pointerCount=1, historySize=0, eventTime=177747, downTime=177746, deviceId=0, source=0x1002 }
D/InputEventConsistencyVerifier(  425):   3: sent at 177404000000, MotionEvent { action=ACTION_UP, id[0]=0, x[0]=436.0, y[0]=19.0, toolType[0]=TOOL_TYPE_UNKNOWN, buttonState=0, metaState=0, flags=0x0, edgeFlags=0x0, pointerCount=1, historySize=0, eventTime=177404, downTime=177378, deviceId=0, source=0x1002 }
D/InputEventConsistencyVerifier(  425):   4: sent at 177379000000, MotionEvent { action=ACTION_DOWN, id[0]=0, x[0]=437.0, y[0]=19.0, toolType[0]=TOOL_TYPE_UNKNOWN, buttonState=0, metaState=0, flags=0x80000000, edgeFlags=0x0, pointerCount=1, historySize=0, eventTime=177379, downTime=177378, deviceId=0, source=0x1002 }
D/InputEventConsistencyVerifier(  425):   5: sent at 175050000000, MotionEvent { action=ACTION_DOWN, id[0]=0, x[0]=1.0, y[0]=186.0, toolType[0]=TOOL_TYPE_UNKNOWN, buttonState=0, metaState=0, flags=0x80000000, edgeFlags=0x0, pointerCount=1, historySize=0, eventTime=175050, downTime=175049, deviceId=0, source=0x1002 }
D/InputEventConsistencyVerifier(  425): KeyEvent: ACTION_UP but key was not down.
D/InputEventConsistencyVerifier(  425):   in com.android.systemui.statusbar.phone.StatusBarWindowView@b3e331d8
D/InputEventConsistencyVerifier(  425):   0: sent at 178266000000, KeyEvent { action=ACTION_UP, keyCode=KEYCODE_DPAD_UP, scanCode=0, metaState=0, flags=0x8, repeatCount=0, eventTime=178266, downTime=178266, deviceId=-1, source=0x101 }
D/InputEventConsistencyVerifier(  425):   -- recent events --
D/InputEventConsistencyVerifier(  425):   1: sent at 178080000000, MotionEvent { action=ACTION_UP, id[0]=0, x[0]=388.0, y[0]=202.0, toolType[0]=TOOL_TYPE_UNKNOWN, buttonState=0, metaState=0, flags=0x0, edgeFlags=0x0, pointerCount=1, historySize=0, eventTime=178080, downTime=178051, deviceId=0, source=0x1002 }
D/InputEventConsistencyVerifier(  425):   2: sent at 178052000000, MotionEvent { action=ACTION_DOWN, id[0]=0, x[0]=389.0, y[0]=212.0, toolType[0]=TOOL_TYPE_UNKNOWN, buttonState=0, metaState=0, flags=0x0, edgeFlags=0x0, pointerCount=1, historySize=0, eventTime=178052, downTime=178051, deviceId=0, source=0x1002 }
D/InputEventConsistencyVerifier(  425):   3: sent at 178043000000, (unhandled) KeyEvent { action=ACTION_UP, keyCode=KEYCODE_DPAD_CENTER, scanCode=0, metaState=0, flags=0x8, repeatCount=0, eventTime=178043, downTime=178043, deviceId=-1, source=0x101 }
D/InputEventConsistencyVerifier(  425):   4: sent at 178043000000, (unhandled) KeyEvent { action=ACTION_UP, keyCode=KEYCODE_BUTTON_3, scanCode=0, metaState=0, flags=0x8, repeatCount=0, eventTime=178043, downTime=178043, deviceId=-1, source=0x101 }
D/InputEventConsistencyVerifier(  425):   5: sent at 178003000000, (unhandled) KeyEvent { action=ACTION_DOWN, keyCode=KEYCODE_DPAD_CENTER, scanCode=0, metaState=0, flags=0x8, repeatCount=0, eventTime=178003, downTime=178003, deviceId=-1, source=0x101 }
I/Choreographer(  425): Skipped 46 frames!  The application may be doing too much work on its main thread.
D/InputEventConsistencyVerifier(  425): KeyEvent: ACTION_UP but key was not down.
D/InputEventConsistencyVerifier(  425):   in android.widget.FrameLayout@b3e31f60
D/InputEventConsistencyVerifier(  425):   0: sent at 178392000000, KeyEvent { action=ACTION_UP, keyCode=KEYCODE_DPAD_DOWN, scanCode=0, metaState=0, flags=0x8, repeatCount=0, eventTime=178392, downTime=178392, deviceId=-1, source=0x101 }
D/InputEventConsistencyVerifier(  425):   -- recent events --
D/InputEventConsistencyVerifier(  425):   1: sent at 175027000000, (unhandled) KeyEvent { action=ACTION_UP, keyCode=KEYCODE_DPAD_DOWN, scanCode=0, metaState=0, flags=0x8, repeatCount=0, eventTime=175027, downTime=175027, deviceId=-1, source=0x101 }
D/InputEventConsistencyVerifier(  425):   2: sent at 175023000000, (unhandled) KeyEvent { action=ACTION_DOWN, keyCode=KEYCODE_DPAD_DOWN, scanCode=0, metaState=0, flags=0x8, repeatCount=0, eventTime=175023, downTime=175023, deviceId=-1, source=0x101 }
D/InputEventConsistencyVerifier(  425):   3: sent at 174858000000, (unhandled) KeyEvent { action=ACTION_UP, keyCode=KEYCODE_DPAD_RIGHT, scanCode=0, metaState=0, flags=0x8, repeatCount=0, eventTime=174858, downTime=174858, deviceId=-1, source=0x101 }
D/InputEventConsistencyVerifier(  425):   4: sent at 174822000000, (unhandled) KeyEvent { action=ACTION_DOWN, keyCode=KEYCODE_DPAD_RIGHT, scanCode=0, metaState=0, flags=0x8, repeatCount=0, eventTime=174822, downTime=174822, deviceId=-1, source=0x101 }
D/InputEventConsistencyVerifier(  425):   5: sent at 174813000000, (unhandled) KeyEvent { action=ACTION_UP, keyCode=KEYCODE_DPAD_DOWN, scanCode=0, metaState=0, flags=0x80000008, repeatCount=0, eventTime=174813, downTime=174813, deviceId=-1, source=0x101 }
D/InputEventConsistencyVerifier(  425): KeyEvent: ACTION_UP but key was not down.
D/InputEventConsistencyVerifier(  425):   in com.android.systemui.statusbar.phone.PhoneStatusBarView@b3e35170
D/InputEventConsistencyVerifier(  425):   0: sent at 178483000000, KeyEvent { action=ACTION_UP, keyCode=KEYCODE_DPAD_UP, scanCode=0, metaState=0, flags=0x8, repeatCount=0, eventTime=178483, downTime=178483, deviceId=-1, source=0x101 }
D/InputEventConsistencyVerifier(  425):   -- recent events --
D/InputEventConsistencyVerifier(  425):   1: sent at 178348000000, (unhandled) KeyEvent { action=ACTION_DOWN, keyCode=KEYCODE_DPAD_DOWN, scanCode=0, metaState=0, flags=0x8, repeatCount=0, eventTime=178348, downTime=178348, deviceId=-1, source=0x101 }
D/InputEventConsistencyVerifier(  425):   2: sent at 178332000000, (unhandled) KeyEvent { action=ACTION_UP, keyCode=KEYCODE_K, scanCode=0, metaState=0, flags=0x8, repeatCount=0, eventTime=178332, downTime=178332, deviceId=-1, source=0x101 }
D/InputEventConsistencyVerifier(  425):   3: sent at 178275000000, (unhandled) KeyEvent { action=ACTION_DOWN, keyCode=KEYCODE_K, scanCode=0, metaState=0, flags=0x8, repeatCount=0, eventTime=178275, downTime=178275, deviceId=-1, source=0x101 }
D/InputEventConsistencyVerifier(  425):   4: sent at 178266000000, (unhandled) KeyEvent { action=ACTION_UP, keyCode=KEYCODE_DPAD_UP, scanCode=0, metaState=0, flags=0x80000008, repeatCount=0, eventTime=178266, downTime=178266, deviceId=-1, source=0x101 }
D/InputEventConsistencyVerifier(  425):   5: sent at 178043000000, (unhandled) KeyEvent { action=ACTION_UP, keyCode=KEYCODE_DPAD_CENTER, scanCode=0, metaState=0, flags=0x8, repeatCount=0, eventTime=178043, downTime=178043, deviceId=-1, source=0x101 }
I/Choreographer( 1025): Skipped 51 frames!  The application may be doing too much work on its main thread.
I/ActivityManager(  228): START {act=android.intent.action.MAIN cat=[android.intent.category.LAUNCHER] flg=0x10200000 cmp=ru.wallpapermobile.worldofwarcraft/com.pavel.wallpaper.LicenseActivity u=0} from pid 993
I/Choreographer( 1025): Skipped 52 frames!  The application may be doing too much work on its main thread.
D/InputEventConsistencyVerifier(  425): TouchEvent: ACTION_DOWN but pointers are already down.  Probably missing ACTION_UP from previous gesture.
D/InputEventConsistencyVerifier(  425):   in android.view.ScaleGestureDetector@b3ed39d0
D/InputEventConsistencyVerifier(  425):   0: sent at 178523000000, MotionEvent { action=ACTION_DOWN, id[0]=0, x[0]=383.0, y[0]=555.0, toolType[0]=TOOL_TYPE_UNKNOWN, buttonState=0, metaState=0, flags=0x0, edgeFlags=0x0, pointerCount=1, historySize=0, eventTime=178523, downTime=178523, deviceId=0, source=0x1002 }
D/InputEventConsistencyVerifier(  425):   -- recent events --
D/InputEventConsistencyVerifier(  425):   1: sent at 178052000000, MotionEvent { action=ACTION_DOWN, id[0]=0, x[0]=389.0, y[0]=212.0, toolType[0]=TOOL_TYPE_UNKNOWN, buttonState=0, metaState=0, flags=0x80000000, edgeFlags=0x0, pointerCount=1, historySize=0, eventTime=178052, downTime=178051, deviceId=0, source=0x1002 }
D/InputEventConsistencyVerifier(  425):   2: sent at 177781000000, MotionEvent { action=ACTION_DOWN, id[0]=0, x[0]=442.0, y[0]=618.0, toolType[0]=TOOL_TYPE_UNKNOWN, buttonState=0, metaState=0, flags=0x80000000, edgeFlags=0x0, pointerCount=1, historySize=0, eventTime=177781, downTime=177771, deviceId=0, source=0x1002 }
D/InputEventConsistencyVerifier(  425):   3: sent at 177747000000, MotionEvent { action=ACTION_DOWN, id[0]=0, x[0]=402.0, y[0]=181.0, toolType[0]=TOOL_TYPE_UNKNOWN, buttonState=0, metaState=0, flags=0x0, edgeFlags=0x0, pointerCount=1, historySize=0, eventTime=177747, downTime=177746, deviceId=0, source=0x1002 }
D/InputEventConsistencyVerifier(  425):   4: sent at 177404000000, MotionEvent { action=ACTION_UP, id[0]=0, x[0]=436.0, y[0]=19.0, toolType[0]=TOOL_TYPE_UNKNOWN, buttonState=0, metaState=0, flags=0x0, edgeFlags=0x0, pointerCount=1, historySize=0, eventTime=177404, downTime=177378, deviceId=0, source=0x1002 }
D/InputEventConsistencyVerifier(  425):   5: sent at 177379000000, MotionEvent { action=ACTION_DOWN, id[0]=0, x[0]=437.0, y[0]=19.0, toolType[0]=TOOL_TYPE_UNKNOWN, buttonState=0, metaState=0, flags=0x80000000, edgeFlags=0x0, pointerCount=1, historySize=0, eventTime=177379, downTime=177378, deviceId=0, source=0x1002 }
V/PhoneStatusBar(  425): setLightsOn(true)
D/PhoneStatusBar(  425): disable: < expand icons alerts ticker* system_info back home recent clock >
D/InputEventConsistencyVerifier( 1025): TrackballEvent: Trackball is down but pressure is not greater than 0.
D/InputEventConsistencyVerifier( 1025):   in android.view.ViewRootImpl@b3e412b8
D/InputEventConsistencyVerifier( 1025):   0: sent at 179171000000, MotionEvent { action=ACTION_DOWN, id[0]=0, x[0]=0.0, y[0]=0.0, toolType[0]=TOOL_TYPE_UNKNOWN, buttonState=0, metaState=0, flags=0x0, edgeFlags=0x0, pointerCount=1, historySize=0, eventTime=179171, downTime=179114, deviceId=0, source=0x10004 }
D/InputEventConsistencyVerifier( 1025):   -- recent events --
D/InputEventConsistencyVerifier( 1025):   1: sent at 179234000000, KeyEvent { action=ACTION_UP, keyCode=KEYCODE_DPAD_DOWN, scanCode=0, metaState=0, flags=0x400, repeatCount=0, eventTime=179234, downTime=179234, deviceId=-1, source=0x101 }
D/InputEventConsistencyVerifier( 1025):   2: sent at 179234000000, KeyEvent { action=ACTION_DOWN, keyCode=KEYCODE_DPAD_DOWN, scanCode=0, metaState=0, flags=0x400, repeatCount=0, eventTime=179234, downTime=179234, deviceId=-1, source=0x101 }
D/InputEventConsistencyVerifier( 1025):   3: sent at 179232000000, KeyEvent { action=ACTION_UP, keyCode=KEYCODE_DPAD_DOWN, scanCode=0, metaState=0, flags=0x400, repeatCount=0, eventTime=179232, downTime=179232, deviceId=-1, source=0x101 }
D/InputEventConsistencyVerifier( 1025):   4: sent at 179232000000, KeyEvent { action=ACTION_DOWN, keyCode=KEYCODE_DPAD_DOWN, scanCode=0, metaState=0, flags=0x400, repeatCount=0, eventTime=179232, downTime=179232, deviceId=-1, source=0x101 }
D/InputEventConsistencyVerifier( 1025):   5: sent at 179168000000, MotionEvent { action=ACTION_MOVE, id[0]=0, x[0]=-2.0, y[0]=2.0, toolType[0]=TOOL_TYPE_UNKNOWN, buttonState=0, metaState=0, flags=0x0, edgeFlags=0x0, pointerCount=1, historySize=9, eventTime=179168, downTime=-1, deviceId=0, source=0x10004 }
I/Choreographer( 1025): Skipped 51 frames!  The application may be doing too much work on its main thread.
E/WVMExtractor(   62): Failed to open libwvm.so
E/WVMExtractor(   62): Failed to open libwvm.so
I/Choreographer( 1025): Skipped 48 frames!  The application may be doing too much work on its main thread.
D/InputEventConsistencyVerifier( 1025): TrackballEvent: Trackball is down but pressure is not greater than 0.
D/InputEventConsistencyVerifier( 1025):   in android.view.ViewRootImpl@b3e412b8
D/InputEventConsistencyVerifier( 1025):   0: sent at 180546000000, MotionEvent { action=ACTION_DOWN, id[0]=0, x[0]=0.0, y[0]=0.0, toolType[0]=TOOL_TYPE_UNKNOWN, buttonState=0, metaState=0, flags=0x0, edgeFlags=0x0, pointerCount=1, historySize=0, eventTime=180546, downTime=180440, deviceId=0, source=0x10004 }
D/InputEventConsistencyVerifier( 1025):   -- recent events --
D/InputEventConsistencyVerifier( 1025):   1: sent at 180674000000, KeyEvent { action=ACTION_UP, keyCode=KEYCODE_DPAD_DOWN, scanCode=0, metaState=0, flags=0x400, repeatCount=0, eventTime=180674, downTime=180674, deviceId=-1, source=0x101 }
D/InputEventConsistencyVerifier( 1025):   2: sent at 180674000000, KeyEvent { action=ACTION_DOWN, keyCode=KEYCODE_DPAD_DOWN, scanCode=0, metaState=0, flags=0x400, repeatCount=0, eventTime=180674, downTime=180674, deviceId=-1, source=0x101 }
D/InputEventConsistencyVerifier( 1025):   3: sent at 180673000000, KeyEvent { action=ACTION_UP, keyCode=KEYCODE_DPAD_DOWN, scanCode=0, metaState=0, flags=0x400, repeatCount=0, eventTime=180673, downTime=180673, deviceId=-1, source=0x101 }
D/InputEventConsistencyVerifier( 1025):   4: sent at 180673000000, KeyEvent { action=ACTION_DOWN, keyCode=KEYCODE_DPAD_DOWN, scanCode=0, metaState=0, flags=0x400, repeatCount=0, eventTime=180673, downTime=180673, deviceId=-1, source=0x101 }
D/InputEventConsistencyVerifier( 1025):   5: sent at 180672000000, KeyEvent { action=ACTION_UP, keyCode=KEYCODE_DPAD_DOWN, scanCode=0, metaState=0, flags=0x400, repeatCount=0, eventTime=180672, downTime=180672, deviceId=-1, source=0x101 }
E/WVMExtractor(   62): Failed to open libwvm.so
I/Choreographer( 1025): Skipped 35 frames!  The application may be doing too much work on its main thread.
E/WVMExtractor(   62): Failed to open libwvm.so
E/WVMExtractor(   62): Failed to open libwvm.so
I/Choreographer( 1025): Skipped 34 frames!  The application may be doing too much work on its main thread.
E/WVMExtractor(   62): Failed to open libwvm.so
I/Choreographer( 1025): Skipped 57 frames!  The application may be doing too much work on its main thread.
I/Choreographer( 1025): Skipped 48 frames!  The application may be doing too much work on its main thread.
I/Choreographer( 1025): Skipped 40 frames!  The application may be doing too much work on its main thread.
D/InputEventConsistencyVerifier( 1025): TrackballEvent: Trackball is down but pressure is not greater than 0.
D/InputEventConsistencyVerifier( 1025):   in android.view.ViewRootImpl@b3e412b8
D/InputEventConsistencyVerifier( 1025):   0: sent at 183716000000, MotionEvent { action=ACTION_DOWN, id[0]=0, x[0]=0.0, y[0]=0.0, toolType[0]=TOOL_TYPE_UNKNOWN, buttonState=0, metaState=0, flags=0x0, edgeFlags=0x0, pointerCount=1, historySize=0, eventTime=183716, downTime=183650, deviceId=0, source=0x10004 }
D/InputEventConsistencyVerifier( 1025):   -- recent events --
D/InputEventConsistencyVerifier( 1025):   1: sent at 183750000000, KeyEvent { action=ACTION_UP, keyCode=KEYCODE_DPAD_DOWN, scanCode=0, metaState=0, flags=0x400, repeatCount=0, eventTime=183750, downTime=183750, deviceId=-1, source=0x101 }
D/InputEventConsistencyVerifier( 1025):   2: sent at 183750000000, KeyEvent { action=ACTION_DOWN, keyCode=KEYCODE_DPAD_DOWN, scanCode=0, metaState=0, flags=0x400, repeatCount=0, eventTime=183750, downTime=183750, deviceId=-1, source=0x101 }
D/InputEventConsistencyVerifier( 1025):   3: sent at 183748000000, KeyEvent { action=ACTION_UP, keyCode=KEYCODE_DPAD_DOWN, scanCode=0, metaState=0, flags=0x400, repeatCount=0, eventTime=183748, downTime=183748, deviceId=-1, source=0x101 }
D/InputEventConsistencyVerifier( 1025):   4: sent at 183748000000, KeyEvent { action=ACTION_DOWN, keyCode=KEYCODE_DPAD_DOWN, scanCode=0, metaState=0, flags=0x400, repeatCount=0, eventTime=183748, downTime=183748, deviceId=-1, source=0x101 }
D/InputEventConsistencyVerifier( 1025):   5: sent at 183699000000, MotionEvent { action=ACTION_MOVE, id[0]=0, x[0]=-2.0, y[0]=2.0, toolType[0]=TOOL_TYPE_UNKNOWN, buttonState=0, metaState=0, flags=0x0, edgeFlags=0x0, pointerCount=1, historySize=19, eventTime=183699, downTime=-1, deviceId=0, source=0x10004 }
I/Choreographer( 1025): Skipped 94 frames!  The application may be doing too much work on its main thread.
I/ActivityManager(  228): START {act=android.intent.action.MAIN cat=[android.intent.category.LAUNCHER] flg=0x10200000 cmp=ru.wallpapermobile.worldofwarcraft/com.pavel.wallpaper.LicenseActivity u=0} from pid 993
E/WVMExtractor(   62): Failed to open libwvm.so
I/Choreographer( 1025): Skipped 39 frames!  The application may be doing too much work on its main thread.
E/WVMExtractor(   62): Failed to open libwvm.so
I/Choreographer( 1025): Skipped 33 frames!  The application may be doing too much work on its main thread.
E/WVMExtractor(   62): Failed to open libwvm.so
D/InputEventConsistencyVerifier(  425): TouchEvent: ACTION_DOWN but pointers are already down.  Probably missing ACTION_UP from previous gesture.
D/InputEventConsistencyVerifier(  425):   in android.view.ScaleGestureDetector@b3ed39d0
D/InputEventConsistencyVerifier(  425):   0: sent at 185687000000, MotionEvent { action=ACTION_DOWN, id[0]=0, x[0]=274.0, y[0]=2.0, toolType[0]=TOOL_TYPE_UNKNOWN, buttonState=0, metaState=0, flags=0x0, edgeFlags=0x0, pointerCount=1, historySize=0, eventTime=185687, downTime=185686, deviceId=0, source=0x1002 }
D/InputEventConsistencyVerifier(  425):   -- recent events --
D/InputEventConsistencyVerifier(  425):   1: sent at 178523000000, MotionEvent { action=ACTION_DOWN, id[0]=0, x[0]=383.0, y[0]=555.0, toolType[0]=TOOL_TYPE_UNKNOWN, buttonState=0, metaState=0, flags=0x80000000, edgeFlags=0x0, pointerCount=1, historySize=0, eventTime=178523, downTime=178523, deviceId=0, source=0x1002 }
D/InputEventConsistencyVerifier(  425):   2: sent at 178052000000, MotionEvent { action=ACTION_DOWN, id[0]=0, x[0]=389.0, y[0]=212.0, toolType[0]=TOOL_TYPE_UNKNOWN, buttonState=0, metaState=0, flags=0x80000000, edgeFlags=0x0, pointerCount=1, historySize=0, eventTime=178052, downTime=178051, deviceId=0, source=0x1002 }
D/InputEventConsistencyVerifier(  425):   3: sent at 177781000000, MotionEvent { action=ACTION_DOWN, id[0]=0, x[0]=442.0, y[0]=618.0, toolType[0]=TOOL_TYPE_UNKNOWN, buttonState=0, metaState=0, flags=0x80000000, edgeFlags=0x0, pointerCount=1, historySize=0, eventTime=177781, downTime=177771, deviceId=0, source=0x1002 }
D/InputEventConsistencyVerifier(  425):   4: sent at 177747000000, MotionEvent { action=ACTION_DOWN, id[0]=0, x[0]=402.0, y[0]=181.0, toolType[0]=TOOL_TYPE_UNKNOWN, buttonState=0, metaState=0, flags=0x0, edgeFlags=0x0, pointerCount=1, historySize=0, eventTime=177747, downTime=177746, deviceId=0, source=0x1002 }
