I/ActivityManager(  223): Skipping duplicate ANR: ProcessRecord{b3f3bca8 1003:com.banana.videowallpaperlite/u0a50} Executing service com.banana.videowallpaperlite/com.appbrain.AppBrainService
W/dalvikvm( 1003): DroidBox: { "FdAccess": { "path": "2f646174612f646174612f636f6d2e62616e616e612e766964656f77616c6c70617065726c6974652f66696c65732f70726f6d6f7465645f64617461", "id": "2061801579" } }
W/dalvikvm( 1003): DroidBox: { "FdAccess": { "path": "2f646174612f646174612f636f6d2e62616e616e612e766964656f77616c6c70617065726c6974652f7368617265645f70726566732f636f6d2e6170706c6f76696e2e73646b2e312e786d6c", "id": "210097109" } }
E/WVMExtractor(   62): Failed to open libwvm.so
W/DroidBox( 1003): DroidBox: { "FileRW": { "operation": "read", "data": "efbfbdd19525efbfbdefbfbd7d1cefbfbdefbfbdefbfbd497befbfbd55695befbfbd2eefbfbd7b16efbfbd3b2b0173efbfbdefbfbdefbfbd731f0a73efbfbd1f69efbfbdefbfbd03efbfbdddb9efbfbd3aefbfbd5f30773e14efbfbdefbfbd79487befbfbd2960efbfbd623cefbfbd5defbfbdefbfbdefbfbdefbfbd4befbfbdefbfbd4531efbfbdefbfbd35efbfbd3aefbfbd38efbfbd3befbfbd0873efbfbd6cefbfbdefbfbd390a73176561efbfbdefbfbd0befbfbd6e", "id": "2061801579" } }
W/DroidBox( 1003): DroidBox: { "FileRW": { "operation": "write", "data": "3c3f786d6c2076657273696f6e3d27312e302720656e636f64696e673d277574662d3827207374616e64616c6f6e653d2779657327203f3e0a3c6d61703e0a3c737472696e67206e616d653d227374617473223e7b2671756f743b696e69745f73746172", "id": "210097109" } }
D/AppLovinSdk( 1003): [SettingsManager] Setting update: device_id set to ""
D/AppLovinSdk( 1003): [SettingsManager] Setting update: device_token set to ""
D/AppLovinSdk( 1003): [SettingsManager] Setting update: next_device_init set to "0"
I/AppLovinSdk( 1003): [SettingsManager] Saving settings with the application...
D/PackageManager(  223): generateServicesMap(android.accounts.AccountAuthenticator): 2 services unchanged
W/dalvikvm( 1003): DroidBox: { "FdAccess": { "path": "2f646174612f646174612f636f6d2e62616e616e612e766964656f77616c6c70617065726c6974652f7368617265645f70726566732f636f6d2e6170706c6f76696e2e73646b2e312e786d6c", "id": "1860368114" } }
W/dalvikvm( 1003): DroidBox: { "FdAccess": { "path": "2f646174612f646174612f636f6d2e62616e616e612e766964656f77616c6c70617065726c6974652f66696c65732f70726f6d6f7465645f64617461", "id": "1565920905" } }
I/InputReader(  223): Reconfiguring input devices.  changes=0x00000010
D/PackageManager(  223): generateServicesMap(android.content.SyncAdapter): 4 services unchanged
W/DroidBox( 1003): DroidBox: { "FileRW": { "operation": "write", "data": "3c3f786d6c2076657273696f6e3d27312e302720656e636f64696e673d277574662d3827207374616e64616c6f6e653d2779657327203f3e0a3c6d61703e0a3c696e74206e616d653d22636f6d2e6170706c6f76696e2e73646b2e67626d4f2e6c6f6361", "id": "1860368114" } }
W/DroidBox( 1003): DroidBox: { "FileRW": { "operation": "read", "data": "7d1ccc9defbfbd53efbfbdefbfbd0fefbfbd2e4361efbfbd262dcc9defbfbd2173efbfbd0e73efbfbd7f60efbfbdefbfbd21efbfbd5defbfbdefbfbdefbfbdefbfbd307751efbfbd3aefbfbd3077731eefbfbd6460efbfbdefbfbd3132efbfbdefbfbd30777d0befbfbd6e3fefbfbd6defbfbd57efbfbdefbfbd16efbfbd6eefbfbdefbfbdefbfbd25efbfbd3befbfbd40efbfbd32efbfbd3077474732efbfbd4d307733efbfbdefbfbd7d14", "id": "1565920905" } }
W/dalvikvm( 1003): DroidBox: { "FdAccess": { "path": "2f646174612f646174612f636f6d2e62616e616e612e766964656f77616c6c70617065726c6974652f66696c65732f70726f6d6f7465645f64617461", "id": "119274435" } }
W/DroidBox( 1003): DroidBox: { "FileRW": { "operation": "read", "data": "2a3befbfbdefbfbd68efbfbd3befbfbd49efbfbdefbfbd0aefbfbdefbfbd63efbfbd73efbfbd047367efbfbd60efbfbdefbfbd39efbfbdefbfbd38efbfbdefbfbdefbfbd4eefbfbd323e64efbfbd0769cfbd386dcbbcefbfbdefbfbdefbfbdefbfbd3077efbfbd651eefbfbdefbfbdefbfbd5f61efbfbdefbfbd28efbfbd5ddd80efbfbdefbfbd64efbfbd4761efbfbd7c0d75efbfbdefbfbd60efbfbd313077efbfbd18efbfbd5d56efbfbdefbfbdefbfbd4aefbfbdefbfbd6e", "id": "119274435" } }
D/AppLovinSdk( 1003): [SettingsManager] Settings saved with the application.
D/AppLovinSdk( 1003): [TaskInitializeSdk] AppLovin SDK 2.1.0 initialization complete, SDK is disabled
I/AND.Provider( 1003): onCreate
I/AppLovinSdk( 1003): [PromptOptin] Task re-scheduled...
D/AppLovinSdk( 1003): [PromptOptin] Scheduling PromptOptin on MAIN queue
W/dalvikvm(  904): DroidBox: { "FdAccess": { "path": "2f646174612f646174612f636f6d2e616e64726f69642e67616c6c65727933642f7368617265645f70726566732f636f6d2e616e64726f69642e67616c6c65727933645f707265666572656e6365732e786d6c", "id": "1320419808" } }
W/DroidBox(  904): DroidBox: { "FileRW": { "operation": "write", "data": "3c3f786d6c2076657273696f6e3d27312e302720656e636f64696e673d277574662d3827207374616e64616c6f6e653d2779657327203f3e0a3c6d61703e0a3c696e74206e616d653d227061636b616765732d76657273696f6e222076616c75653d2238", "id": "1320419808" } }
I/AppLovinSdk( 1003): [FetchNextAd] Task re-scheduled...
D/AppLovinSdk( 1003): [FetchNextAd] Scheduling FetchNextAd on MAIN queue
W/dalvikvm( 1003): DroidBox: { "FdAccess": { "path": "2f646174612f646174612f636f6d2e62616e616e612e766964656f77616c6c70617065726c6974652f66696c65732f70726f6d6f7465645f64617461", "id": "1616296355" } }
W/DroidBox( 1003): DroidBox: { "FileRW": { "operation": "read", "data": "3defbfbd61efbfbdefbfbd1defbfbddd9319efbfbd2eefbfbdefbfbdefbfbd5921efbfbdefbfbd7e4aefbfbd3e0ee6aeb3efbfbdefbfbdefbfbdefbfbdefbfbdefbfbd2fefbfbdefbfbdd38cefbfbdefbfbd7befbfbdefbfbdefbfbd1eefbfbdcebd05efbfbdefbfbd4aefbfbdefbfbdefbfbdefbfbd0a73efbfbdefbfbd61efbfbdefbfbd26efbfbd5d46d29eefbfbd45efbfbdefbfbdefbfbdefbfbddc93efbfbdefbfbdefbfbdefbfbd1d60efbfbd3211efbfbd6e24efbfbdefbfbd50efbfbdefbfbd33efbfbddc8d37efbfbd", "id": "1616296355" } }
W/dalvikvm( 1003): DroidBox: { "FdAccess": { "path": "2f646174612f646174612f636f6d2e62616e616e612e766964656f77616c6c70617065726c6974652f66696c65732f70726f6d6f7465645f64617461", "id": "490322485" } }
W/DroidBox( 1003): DroidBox: { "FileRW": { "operation": "read", "data": "efbfbdefbfbd15efbfbdefbfbdefbfbd6defbfbdefbfbd30efbfbd7fefbfbdefbfbd734f0f73377361efbfbdefbfbd1fefbfbd6eefbfbdefbfbdefbfbdefbfbd4761efbfbdefbfbd0b3077e586b9efbfbd5e30773d12efbfbdefbfbd1846efbfbdefbfbd1aefbfbd6e16efbfbdefbfbdefbfbdefbfbddcad2fd4b90fefbfbd3defbfbdefbfbd3077efbfbd15efbfbdefbfbd6defbfbdefbfbddd99efbfbdefbfbd166defbfbd7cefbfbdefbfbdefbfbdefbfbd30771e09734fefbfbd01", "id": "490322485" } }
W/dalvikvm( 1003): DroidBox: { "FdAccess": { "path": "2f646174612f646174612f636f6d2e62616e616e612e766964656f77616c6c70617065726c6974652f66696c65732f70726f6d6f7465645f64617461", "id": "1642249083" } }
I/AccountTypeManager(  713): Loaded meta-data for 1 account types, 0 accounts in 647ms(wall) 0ms(cpu)
W/DroidBox( 1003): DroidBox: { "FileRW": { "operation": "read", "data": "7d1c3fefbfbdefbfbdefbfbd73efbfbdefbfbd56efbfbdefbfbd1319efbfbd1051efbfbdefbfbd1eefbfbd21215b56192544212befbfbdefbfbd525609efbfbd6cefbfbd4851efbfbd262564efbfbdefbfbdcc86efbfbdefbfbdefbfbdefbfbdefbfbd3eefbfbdefbfbd7a3cefbfbd1fefbfbdd79fefbfbddf9eefbfbdefbfbd0b730fefbfbd62efbfbd3e1373efbfbddc89efbfbdefbfbdefbfbdefbfbd7b7a55efbfbdefbfbdefbfbd2defbfbd1673efbfbdefbfbd31", "id": "1642249083" } }
W/dalvikvm( 1003): DroidBox: { "FdAccess": { "path": "2f646174612f646174612f636f6d2e62616e616e612e766964656f77616c6c70617065726c6974652f66696c65732f70726f6d6f7465645f64617461", "id": "1946987888" } }
W/DroidBox( 1003): DroidBox: { "FileRW": { "operation": "read", "data": "efbfbdefbfbd3e0273efbfbd2b3177efbfbd1173777defbfbd73efbfbd0c73375fefbfbdefbfbdefbfbd63efbfbdefbfbd1befbfbdefbfbd6f61efbfbdefbfbd2fefbfbdddac51efbfbd7d07efbfbd525b264defbfbd1e2eefbfbdefbfbdefbfbdefbfbd17efbfbdefbfbdefbfbd12efbfbd7b3401734fefbfbd505b6627efbfbd6e7262efbfbdefbfbdefbfbd6aefbfbd74efbfbdefbfbdefbfbd45efbfbdefbfbd460befbfbd3d6cefbfbdefbfbdefbfbd5bdab9", "id": "1946987888" } }
D/b       ( 1003): Apperhand service was started successfully
W/dalvikvm( 1003): DroidBox: { "FdAccess": { "path": "2f646174612f646174612f636f6d2e62616e616e612e766964656f77616c6c70617065726c6974652f66696c65732f70726f6d6f7465645f64617461", "id": "430211771" } }
W/dalvikvm( 1003): DroidBox: { "FdAccess": { "path": "2f70726f632f6d656d696e666f", "id": "527115980" } }
W/DroidBox( 1003): DroidBox: { "FileRW": { "operation": "read", "data": "4d656d546f74616c3a202020202020202020373438393634206b420a4d656d467265653a20202020202020202020343439353132206b420a427566666572733a20202020202020202020202035353038206b420a4361636865643a202020202020202020", "id": "527115980" } }
W/DroidBox( 1003): DroidBox: { "FileRW": { "operation": "read", "data": "efbfbd61efbfbdefbfbdefbfbdefbfbd1eefbfbdefbfbd4beab9afefbfbdefbfbdefbfbd4aefbfbd7b7a4befbfbdefbfbdefbfbd26735fefbfbdefbfbdefbfbd04efbfbd6eefbfbd63efbfbdefbfbdccbd35efbfbd6eefbfbd62efbfbd37efbfbd65efbfbd63d596e98fb9dbbfefbfbd73efbfbdefbfbdefbfbd7b4aefbfbdefbfbd1973efbfbd73efbfbd733f2b735fefbfbdefbfbd47efbfbd3077efbfbd13730fee91b9efbfbdefbfbdefbfbd7d0fefbfbd3d38", "id": "430211771" } }
D/AppLovinSdk( 1003): [TaskInitializeSdk] Initializing AppLovin SDK 2.1.0-2.1.3...
W/dalvikvm( 1003): DroidBox: { "FdAccess": { "path": "2f646174612f646174612f636f6d2e62616e616e612e766964656f77616c6c70617065726c6974652f66696c65732f70726f6d6f7465645f64617461", "id": "1239152362" } }
W/DroidBox( 1003): DroidBox: { "FileRW": { "operation": "read", "data": "efbfbd7befbfbd0d730fefbfbd63efbfbdefbfbd12efbfbd3d5aefbfbdefbfbdefbfbdefbfbdefbfbd7b7c1d73efbfbdefbfbdefbfbd433543efbfbdefbfbd5c3defbfbd7d1a73efbfbdefbfbd30efbfbdefbfbd64efbfbdefbfbd7defbfbdefbfbd07efbfbd30775b1573775531efbfbd7eefbfbdefbfbdefbfbdefbfbdefbfbd66efbfbdefbfbd6b62efbfbdc398efbfbd39efbfbdefbfbd7befbfbdefbfbd074fefbfbdefbfbd3fefbfbd6fefbfbdefbfbd1c56efbfbdefbfbd2b", "id": "1239152362" } }
W/dalvikvm( 1003): DroidBox: { "FdAccess": { "path": "2f646174612f646174612f636f6d2e62616e616e612e766964656f77616c6c70617065726c6974652f7368617265645f70726566732f636f6d2e6170706c6f76696e2e73646b2e312e786d6c", "id": "488384797" } }
W/dalvikvm( 1003): DroidBox: { "FdAccess": { "path": "2f70726f632f6d656d696e666f", "id": "361439928" } }
W/DroidBox( 1003): DroidBox: { "FileRW": { "operation": "read", "data": "4d656d546f74616c3a202020202020202020373438393634206b420a4d656d467265653a20202020202020202020343438363532206b420a427566666572733a20202020202020202020202035353038206b420a4361636865643a202020202020202020", "id": "361439928" } }
W/dalvikvm( 1003): DroidBox: { "FdAccess": { "path": "2f646174612f646174612f636f6d2e62616e616e612e766964656f77616c6c70617065726c6974652f66696c65732f70726f6d6f7465645f64617461", "id": "1376690739" } }
W/DroidBox( 1003): DroidBox: { "FileRW": { "operation": "write", "data": "3c3f786d6c2076657273696f6e3d27312e302720656e636f64696e673d277574662d3827207374616e64616c6f6e653d2779657327203f3e0a3c6d61703e0a3c696e74206e616d653d22636f6d2e6170706c6f76696e2e73646b2e67626d4f2e6c6f6361", "id": "488384797" } }
W/DroidBox( 1003): DroidBox: { "FileRW": { "operation": "read", "data": "32efbfbd7b62efbfbdefbfbd32efbfbd68efbfbdefbfbd10730fefbfbd505befbfbdefbfbd7eefbfbdefbfbdefbfbddca33eefbfbd7b700d73777f63efbfbd0defbfbdefbfbdd596efbfbd4330efbfbd40efbfbd1e6eefbfbdefbfbdefbfbd0532efbfbdefbfbd31777f443f544b62efbfbdefbfbd2defbfbdefbfbd2fefbfbdefbfbde98eb95befbfbdefbfbd27efbfbdefbfbdefbfbdefbfbd16efbfbdefbfbd74efbfbdefbfbd2fefbfbdefbfbdefbfbd31efbfbdefbfbd76efbfbd", "id": "1376690739" } }
W/dalvikvm( 1003): DroidBox: { "FdAccess": { "path": "2f646174612f646174612f636f6d2e62616e616e612e766964656f77616c6c70617065726c6974652f66696c65732f70726f6d6f7465645f64617461", "id": "373748871" } }
W/DroidBox( 1003): DroidBox: { "FileRW": { "operation": "read", "data": "3fefbfbdefbfbd6d2defbfbdddbcefbfbdefbfbdefbfbd53efbfbdefbfbd3defbfbdefbfbddb8eefbfbdefbfbd4d60efbfbd3befbfbd1eec95b96f535befbfbdefbfbd7eefbfbd7655cfbd0befbfbdefbfbd1762efbfbdefbfbd0b61efbfbdefbfbd2defbfbd505defbfbdefbfbd5f58efbfbdefbfbd0775efbfbd73efbfbd1fefbfbdefbfbdefbfbd731fefbfbdefbfbdefbfbd06efbfbd4fefbfbdefbfbdefbfbd32efbfbd32efbfbd0befbfbd0d73efbfbd6f69", "id": "373748871" } }
W/dalvikvm( 1003): DroidBox: { "FdAccess": { "path": "2f70726f632f6d656d696e666f", "id": "1983834962" } }
W/DroidBox( 1003): DroidBox: { "FileRW": { "operation": "read", "data": "4d656d546f74616c3a202020202020202020373438393634206b420a4d656d467265653a20202020202020202020343436393136206b420a427566666572733a20202020202020202020202035353136206b420a4361636865643a202020202020202020", "id": "1983834962" } }
W/dalvikvm( 1003): DroidBox: { "FdAccess": { "path": "2f646174612f646174612f636f6d2e62616e616e612e766964656f77616c6c70617065726c6974652f7368617265645f70726566732f636f6d2e617070657268616e642e676c6f62616c2e786d6c", "id": "1200862196" } }
W/DroidBox( 1003): DroidBox: { "FileRW": { "operation": "write", "data": "3c3f786d6c2076657273696f6e3d27312e302720656e636f64696e673d277574662d3827207374616e64616c6f6e653d2779657327203f3e0a3c6d61703e0a3c737472696e67206e616d653d22454e435f44554d4d595f4944223e66366458426464554e", "id": "1200862196" } }
W/dalvikvm( 1003): DroidBox: { "FdAccess": { "path": "2f646174612f646174612f636f6d2e62616e616e612e766964656f77616c6c70617065726c6974652f66696c65732f70726f6d6f7465645f64617461", "id": "2030283854" } }
W/DroidBox( 1003): DroidBox: { "FileRW": { "operation": "read", "data": "efbfbd7befbfbd30efbfbdefbfbd6eefbfbd50cda6efbfbd4c1fefbfbdefbfbd3fefbfbdefbfbdefbfbddf98efbfbdefbfbd0cefbfbd3d7a45efbfbd7e0073efbfbdefbfbd63efbfbdefbfbd4defbfbdefbfbd0eefbfbd0fefbfbd0cefbfbd7b53efbfbd50efbfbdefbfbdefbfbdefbfbd1cefbfbdefbfbdefbfbdefbfbdefbfbd27efbfbd61efbfbdefbfbd69efbfbd7b03efbfbd3defbfbd2373efbfbdefbfbdefbfbdefbfbd67317737423f54efbfbd62eeae867eefbfbddeafefbfbd4c2befbfbd", "id": "2030283854" } }
W/dalvikvm( 1003): DroidBox: { "FdAccess": { "path": "2f646174612f646174612f636f6d2e62616e616e612e766964656f77616c6c70617065726c6974652f7368617265645f70726566732f636f6d2e6170706c6f76696e2e73646b2e312e786d6c", "id": "149047074" } }
W/DroidBox( 1003): DroidBox: { "FileRW": { "operation": "write", "data": "3c3f786d6c2076657273696f6e3d27312e302720656e636f64696e673d277574662d3827207374616e64616c6f6e653d2779657327203f3e0a3c6d61703e0a3c696e74206e616d653d22636f6d2e6170706c6f76696e2e73646b2e67626d4f2e6c6f6361", "id": "149047074" } }
I/Choreographer( 1003): Skipped 873 frames!  The application may be doing too much work on its main thread.
W/dalvikvm( 1003): DroidBox: { "FdAccess": { "path": "2f646174612f646174612f636f6d2e62616e616e612e766964656f77616c6c70617065726c6974652f66696c65732f70726f6d6f7465645f64617461", "id": "1278352977" } }
W/DroidBox( 1003): DroidBox: { "FileRW": { "operation": "read", "data": "efbfbd6453efbfbdefbfbd28efbfbd652eefbfbd6a17efbfbdefbfbd7defbfbdefbfbdefbfbdefbfbd31efbfbdefbfbd71efbfbd3dce8defbfbd67e692b94fefbfbdefbfbd33efbfbd565befbfbd22efbfbd1e3fefbfbdefbfbd07efbfbd30efbfbd442befbfbddd8e55efbfbd5d3f54efbfbd49efbfbdefbfbd7f5befbfbd7e37efbfbd1e34efbfbdefbfbdefbfbd70efbfbdefbfbdefbfbd6befbfbd7e453defbfbdefbfbddab94fefbfbdefbfbdefbfbd70efbfbd7b7defbfbd504d", "id": "1278352977" } }
W/dalvikvm( 1003): DroidBox: { "FdAccess": { "path": "2f646174612f646174612f636f6d2e62616e616e612e766964656f77616c6c70617065726c6974652f66696c65732f70726f6d6f7465645f64617461", "id": "1592343060" } }
I/Choreographer(  595): Skipped 53 frames!  The application may be doing too much work on its main thread.
W/DroidBox( 1003): DroidBox: { "FileRW": { "operation": "read", "data": "efbfbdefbfbd60efbfbd3d6eefbfbdefbfbd7befbfbdccbdefbfbd7eefbfbdefbfbdefbfbdefbfbd6d65efbfbd3defbfbdefbfbdefbfbddba6efbfbdefbfbd794cefbfbd5e01730fefbfbdefbfbdefbfbdc382efbfbd0c7377efbfbd3077efbfbd04efbfbd6eefbfbd63efbfbd610eefbfbdefbfbdefbfbdefbfbd43efbfbd63efbfbd360373efbfbd0eefbfbdefbfbdefbfbd50efbfbdefbfbd10efbfbdefbfbdefbfbd63eea6a1efbfbd7defbfbdefbfbdefbfbd1fefbfbdefbfbdefbfbd555befbfbd39efbfbd", "id": "1592343060" } }
E/WVMExtractor(   62): Failed to open libwvm.so
W/dalvikvm( 1003): DroidBox: { "FdAccess": { "path": "2f646174612f646174612f636f6d2e62616e616e612e766964656f77616c6c70617065726c6974652f7368617265645f70726566732f636f6d2e6170706c6f76696e2e73646b2e312e786d6c", "id": "2114079274" } }
W/DroidBox( 1003): DroidBox: { "FileRW": { "operation": "write", "data": "3c3f786d6c2076657273696f6e3d27312e302720656e636f64696e673d277574662d3827207374616e64616c6f6e653d2779657327203f3e0a3c6d61703e0a3c696e74206e616d653d22636f6d2e6170706c6f76696e2e73646b2e67626d4f2e6c6f6361", "id": "2114079274" } }
W/dalvikvm( 1003): DroidBox: { "FdAccess": { "path": "2f646174612f646174612f636f6d2e62616e616e612e766964656f77616c6c70617065726c6974652f66696c65732f70726f6d6f7465645f64617461", "id": "1965553453" } }
W/DroidBox( 1003): DroidBox: { "FileRW": { "operation": "read", "data": "efbfbdefbfbd61efbfbd0cefbfbd6eefbfbd62eeb68cefbfbd32efbfbdd49619efbfbdefbfbd4c287337efbfbdefbfbd59efbfbdefbfbd074d31efbfbdefbfbd59efbfbd3defbfbd0a73efbfbdefbfbdefbfbdefbfbd17efbfbdefbfbdefbfbd0873efbfbdefbfbd65efbfbd3077370173efbfbdefbfbdefbfbdefbfbdefbfbd60efbfbd3d52efbfbdddb4efbfbdefbfbd63efbfbdefbfbddd83efbfbdefbfbdc985efbfbde79e87efbfbd27efbfbd505befbfbd3eefbfbd3d6d11efbfbd", "id": "1965553453" } }
W/dalvikvm( 1003): DroidBox: { "FdAccess": { "path": "2f646174612f646174612f636f6d2e62616e616e612e766964656f77616c6c70617065726c6974652f66696c65732f70726f6d6f7465645f64617461", "id": "1973173280" } }
W/DroidBox( 1003): DroidBox: { "FileRW": { "operation": "read", "data": "efbfbddab9efbfbdefbfbdefbfbd4d5fefbfbddd9eefbfbdcebd36efbfbd6e66efbfbdefbfbdefbfbdefbfbd76efbfbdefbfbdefbfbd2761efbfbdefbfbdefbfbdefbfbdefbfbd0f73efbfbd1eefbfbdefbfbd0fefbfbdefbfbddd8332efbfbd6332efbfbdd9987befbfbd14efbfbdefbfbd5663efbfbd41efbfbdefbfbd32dab9efbfbdefbfbd32efbfbd0edab95fefbfbdefbfbdefbfbd33efbfbdefbfbd6f2473cf86efbfbd073365efbfbd3177efbfbd37efbfbd", "id": "1973173280" } }
I/AppLovinSdk( 1003): [ConnectionManager] Sending POST request to "http://d.applovin.com/device?api_key=gTJg8NPVL4o0qG7NKbVO84qHD5zZB8XmTQyJ9DsV59ZEeN81-puP_-XqbXV4XDutkSzR5wvE0LbHbuy5RAgbmO"...
D/AppLovinSdk( 1003): [ConnectionManager] Request to "http://d.applovin.com/device?api_key=gTJg8NPVL4o0qG7NKbVO84qHD5zZB8XmTQyJ9DsV59ZEeN81-puP_-XqbXV4XDutkSzR5wvE0LbHbuy5RAgbmO" is {"app_info":{"package_name":"com.banana.videowallpaperlite","created_at":1724806439,"app_version":"3","applovin_sdk_version":"2.1.0-2.1.3","app_name":"MovieLiveWallpaperLite"},"errors":[{"timestamp":1724806477,"details":"ConnectionManager: Failed POST returned 401 in 0.622 s over 3g to \"http:\/\/d.applovin.com\/device?api_key=gTJg8NPVL4o0qG7NKbVO84qHD5zZB8XmTQyJ9DsV59ZEeN81-puP_-XqbXV4XDutkSzR5wvE0LbHbuy5RAgbmO\": No authentication challenges found","code":"IOException"},{"timestamp":1724806477,"details":"ConnectionManager: Failed POST returned 401 in 0.622 s over 3g to \"http:\/\/d.applovin.com\/device?api_key=gTJg8NPVL4o0qG7NKbVO84qHD5zZB8XmTQyJ9DsV59ZEeN81-puP_-XqbXV4XDutkSzR5wvE0LbHbuy5RAgbmO\": No authentication challenges found","code":"IOException"}],"device_info":{"android_id":"1e5adb40ab613bb8","os":"4.1.1","model":"Full Android on Emulator","phone_number":"4bdd4f929f3a1062253e4e496bafba0bdfb5db75","locale":"en_US","carrier":"Android","sdk_version":16,"brand":"unknown","emails":[],"udid":"357242043237511","type":"android","country_code":"US"},"stats":{"init_start":2},"settings":{"optin_state":"ask"}}
W/BackupManagerService(  223): dataChanged but no participant pkg='com.android.providers.settings' uid=1001
W/dalvikvm(  975): DroidBox: { "FdAccess": { "path": "706970653a5b353032305d", "id": "796988779" } }
W/DroidBox(  975): DroidBox: { "FileRW": { "operation": "read", "data": "20205049442020202020205673732020202020205273732020202020205073732020202020205573732020636d646c696e650a202035363720202035383138304b20202035383039364b20202032343435354b20202031393532304b2020616e64726f69", "id": "796988779" } }
W/dalvikvm( 1003): DroidBox: { "FdAccess": { "path": "2f646174612f646174612f636f6d2e62616e616e612e766964656f77616c6c70617065726c6974652f66696c65732f70726f6d6f7465645f64617461", "id": "438652699" } }
W/DroidBox( 1003): DroidBox: { "FileRW": { "operation": "read", "data": "5cefbfbdefbfbdefbfbd02efbfbdefbfbd77efbfbdefbfbdefbfbde79eaeefbfbdefbfbdefbfbdefbfbd2cefbfbdefbfbdefbfbdefbfbd324565efbfbdc7b5734f535b66efbfbd7aefbfbdefbfbd73efbfbd1173373befbfbd736fefbfbdefbfbdefbfbdefbfbd62efbfbdefbfbd77efbfbdefbfbd6761efbfbd1ddab94fefbfbdefbfbdefbfbd20efbfbd7b3fefbfbd3d7befbfbdefbfbdefbfbdefbfbdefbfbdefbfbdefbfbdefbfbd074b30efbfbd28efbfbdc8af1fefbfbd73", "id": "438652699" } }
W/DroidBox( 1003): DroidBox: { "OpenNet": { "desthost": "34.110.179.88", "destport": "80", "fd": "65" } }
W/dalvikvm(  975): DroidBox: { "FdAccess": { "path": "706970653a5b353032305d", "id": "1749812959" } }
W/DroidBox(  975): DroidBox: { "FileRW": { "operation": "read", "data": "00000000000000000000000000000000000000000000000000000000000000000000000000000000000000000000000000000000000000000000000000000000000000000000000000000000000000000000000000000000000000000000000000000000", "id": "1749812959" } }
E/WVMExtractor(   62): Failed to open libwvm.so
W/dalvikvm( 1003): DroidBox: { "FdAccess": { "path": "2f646174612f646174612f636f6d2e62616e616e612e766964656f77616c6c70617065726c6974652f66696c65732f70726f6d6f7465645f64617461", "id": "655911846" } }
W/DroidBox( 1003): DroidBox: { "FileRW": { "operation": "read", "data": "7b78197377efbfbd30efbfbdefbfbdefbfbddab9efbfbd23737f4d6defbfbd6eefbfbdefbfbdc9a1efbfbdefbfbd62efbfbdefbfbdc7aa2defbfbd0073efbfbd6befbfbddcabefbfbd2defbfbd00efbfbd1eefbfbdefbfbdefbfbd4d2defbfbd3d785f3befbfbdefbfbd65efbfbd353077efbfbd42efbfbdefbfbd52efbfbd3e47efbfbdefbfbdefbfbd76efbfbd3dd596efbfbdefbfbdefbfbdefbfbd16734fefbfbdefbfbdefbfbdefbfbddd987befbfbdefbfbd32efbfbd56efbfbd7b", "id": "655911846" } }
W/DroidBox( 1003): DroidBox: { "DataLeak": { "sink": "Network", "operation": "send", "tag": "0x408", "data": "504f5354202f6465766963653f6170695f6b65793d67544a67384e50564c346f307147374e4b62564f3834714844357a5a4238586d5451794a3944735635395a45654e38312d7075505f2d587162585634584475746b537a5235777645304c6248627579", "desthost": "34.110.179.88", "destport": "80" , "fd": "65"} }
W/dalvikvm( 1003): DroidBox: { "FdAccess": { "path": "2f7379732f646576696365732f706c6174666f726d2f736d633931782e302f6e65742f657468302f6966696e646578", "id": "892874623" } }
W/DroidBox( 1003): DroidBox: { "RecvNet": { "srchost": "34.110.179.88", "data": "485454502f312e312034303120556e617574686f72697a65640d0a646174653a205765642c2032382041756720323032342030303a35343a343320474d540d0a436f6e74656e742d4c656e6774683a20300d0a7669613a20312e3120676f6f676c650d0a", "srcport": "80", "fd": "65" } }
W/dalvikvm( 1003): DroidBox: { "FdAccess": { "path": "2f646174612f646174612f636f6d2e62616e616e612e766964656f77616c6c70617065726c6974652f66696c65732f70726f6d6f7465645f64617461", "id": "1916962678" } }
W/DroidBox( 1003): DroidBox: { "FileRW": { "operation": "read", "data": "d596efbfbdefbfbd1fefbfbdefbfbd62efbfbd662fefbfbdefbfbdefbfbdeab3987befbfbdefbfbd32efbfbd3077efbfbdefbfbdefbfbd07efbfbdd496efbfbd0873efbfbdefbfbd563f54efbfbd565befbfbdefbfbdefbfbd6befbfbdefbfbdce987befbfbd3defbfbd7b7c516defbfbdefbfbd31efbfbdefbfbd0eefbfbd50dd83efbfbd472b64efbfbd21efbfbdefbfbd4fefbfbd5e573befbfbd2f30773b1773efbfbddf90efbfbdefbfbd", "id": "1916962678" } }
W/DroidBox( 1003): DroidBox: { "FileRW": { "operation": "read", "data": "320a0000000000000000000000000000000000000000000000000000000000000000000000000000000000000000000000000000000000000000000000000000000000000000000000000000000000000000000000000000000000000000000000000000", "id": "892874623" } }
E/WVMExtractor(   62): Failed to open libwvm.so
W/dalvikvm( 1003): DroidBox: { "FdAccess": { "path": "2f646174612f646174612f636f6d2e62616e616e612e766964656f77616c6c70617065726c6974652f66696c65732f70726f6d6f7465645f64617461", "id": "1698198900" } }
W/dalvikvm( 1003): DroidBox: { "FdAccess": { "path": "2f7379732f646576696365732f706c6174666f726d2f736d633931782e302f6e65742f657468302f6966696e646578", "id": "126048746" } }
D/AppLovinSdk( 1003): [f] Network 0/3 resolved to 3g
W/DroidBox( 1003): DroidBox: { "FileRW": { "operation": "read", "data": "4cefbfbdefbfbd27efbfbdefbfbdcf91efbfbdefbfbdefbfbdefbfbdefbfbd3eefbfbd3d5eefbfbdefbfbdefbfbd01efbfbd67efbfbdefbfbdefbfbd1befbfbdddacefbfbd0fefbfbd773077efbfbd1f734fefbfbd2e732fefbfbdefbfbd7b1befbfbd3d510573efbfbdefbfbdefbfbd732fefbfbdefbfbd4cefbfbd7aefbfbd65efbfbd393077efbfbd06734fefbfbdefbfbd5befbfbd3fefbfbdefbfbd07efbfbdd49669efbfbdefbfbdefbfbd53dab92f50efbfbd", "id": "1698198900" } }
V/PhoneStatusBar(  417): setLightsOn(true)
E/AppLovinSdk( 1003): [ConnectionManager] Failed POST returned 401 in 0.913 s over 3g to "http://d.applovin.com/device?api_key=gTJg8NPVL4o0qG7NKbVO84qHD5zZB8XmTQyJ9DsV59ZEeN81-puP_-XqbXV4XDutkSzR5wvE0LbHbuy5RAgbmO"
E/AppLovinSdk( 1003): java.io.IOException: No authentication challenges found
E/AppLovinSdk( 1003): 	at libcore.net.http.HttpURLConnectionImpl.getAuthorizationCredentials(HttpURLConnectionImpl.java:427)
E/AppLovinSdk( 1003): 	at libcore.net.http.HttpURLConnectionImpl.processAuthHeader(HttpURLConnectionImpl.java:407)
E/AppLovinSdk( 1003): 	at libcore.net.http.HttpURLConnectionImpl.processResponseHeaders(HttpURLConnectionImpl.java:356)
E/AppLovinSdk( 1003): 	at libcore.net.http.HttpURLConnectionImpl.getResponse(HttpURLConnectionImpl.java:292)
E/AppLovinSdk( 1003): 	at libcore.net.http.HttpURLConnectionImpl.getResponseCode(HttpURLConnectionImpl.java:486)
E/AppLovinSdk( 1003): 	at com.applovin.impl.sdk.c.a(Unknown Source)
E/AppLovinSdk( 1003): 	at com.applovin.impl.sdk.c.b(Unknown Source)
E/AppLovinSdk( 1003): 	at com.applovin.impl.sdk.S.a(Unknown Source)
E/AppLovinSdk( 1003): 	at com.applovin.impl.sdk.S.run(Unknown Source)
E/AppLovinSdk( 1003): 	at java.util.concurrent.Executors$RunnableAdapter.call(Executors.java:442)
E/AppLovinSdk( 1003): 	at java.util.concurrent.FutureTask$Sync.innerRun(FutureTask.java:305)
E/AppLovinSdk( 1003): 	at java.util.concurrent.FutureTask.run(FutureTask.java:137)
E/AppLovinSdk( 1003): 	at java.util.concurrent.ScheduledThreadPoolExecutor$ScheduledFutureTask.access$201(ScheduledThreadPoolExecutor.java:150)
E/AppLovinSdk( 1003): 	at java.util.concurrent.ScheduledThreadPoolExecutor$ScheduledFutureTask.run(ScheduledThreadPoolExecutor.java:264)
E/AppLovinSdk( 1003): 	at java.util.concurrent.ThreadPoolExecutor.runWorker(ThreadPoolExecutor.java:1076)
E/AppLovinSdk( 1003): 	at java.util.concurrent.ThreadPoolExecutor$Worker.run(ThreadPoolExecutor.java:569)
E/AppLovinSdk( 1003): 	at java.lang.Thread.run(Thread.java:856)
D/webviewglue( 1003): nativeDestroy view: 0xb7320050
D/webviewglue( 1003): nativeDestroy view: 0xb73204e8
W/dalvikvm( 1003): DroidBox: { "FdAccess": { "path": "2f646174612f646174612f636f6d2e62616e616e612e766964656f77616c6c70617065726c6974652f7368617265645f70726566732f636f6d2e6170706c6f76696e2e73646b2e312e786d6c", "id": "1554883801" } }
W/DroidBox( 1003): DroidBox: { "FileRW": { "operation": "write", "data": "3c3f786d6c2076657273696f6e3d27312e302720656e636f64696e673d277574662d3827207374616e64616c6f6e653d2779657327203f3e0a3c6d61703e0a3c696e74206e616d653d22636f6d2e6170706c6f76696e2e73646b2e67626d4f2e6c6f6361", "id": "1554883801" } }
D/AppLovinSdk( 1003): [SettingsManager] Setting update: device_id set to ""
D/AppLovinSdk( 1003): [SettingsManager] Setting update: device_token set to ""
D/AppLovinSdk( 1003): [SettingsManager] Setting update: next_device_init set to "0"
I/AppLovinSdk( 1003): [SettingsManager] Saving settings with the application...
D/AppLovinSdk( 1003): [SettingsManager] Settings saved with the application.
E/AppLovinSdk( 1003): [TaskInitializeSdk] SDK key "gTJg8NPVL4o0qG7NKbVO84qHD5zZB8XmTQyJ9DsV59ZEeN81-puP_-XqbXV4XDutkSzR5wvE0LbHbuy5RAgbmO" is rejected by AppLovin. Please make sure the SDK key is correct.
I/Choreographer( 1003): Skipped 63 frames!  The application may be doing too much work on its main thread.
W/dalvikvm( 1003): DroidBox: { "FdAccess": { "path": "2f646174612f646174612f636f6d2e62616e616e612e766964656f77616c6c70617065726c6974652f66696c65732f70726f6d6f7465645f64617461", "id": "1992634010" } }
W/dalvikvm( 1003): DroidBox: { "FdAccess": { "path": "2f7379732f646576696365732f706c6174666f726d2f736d633931782e302f6e65742f657468302f6966696e646578", "id": "439859568" } }
E/WVMExtractor(   62): Failed to open libwvm.so
W/dalvikvm( 1003): DroidBox: { "FdAccess": { "path": "2f646174612f646174612f636f6d2e62616e616e612e766964656f77616c6c70617065726c6974652f7368617265645f70726566732f636f6d2e6170706c6f76696e2e73646b2e312e786d6c", "id": "1923794320" } }
W/DroidBox( 1003): DroidBox: { "FileRW": { "operation": "write", "data": "3c3f786d6c2076657273696f6e3d27312e302720656e636f64696e673d277574662d3827207374616e64616c6f6e653d2779657327203f3e0a3c6d61703e0a3c696e74206e616d653d22636f6d2e6170706c6f76696e2e73646b2e67626d4f2e6c6f6361", "id": "1923794320" } }
D/AppLovinSdk( 1003): [TaskInitializeSdk] AppLovin SDK 2.1.0 initialization complete, SDK is disabled
W/DroidBox( 1003): DroidBox: { "FileRW": { "operation": "read", "data": "07efbfbd31777f37efbfbd1eefbfbdefbfbdefbfbd7317efbfbdefbfbdefbfbd67efbfbd7befbfbd5b3befbfbd0defbfbdefbfbdefbfbd443f54efbfbd62efbfbdefbfbd03efbfbd7befbfbdefbfbd76efbfbd7f62efbfbde793b95fefbfbdefbfbdefbfbd00efbfbdefbfbd73efbfbdefbfbdefbfbd7defbfbd7aefbfbd6befbfbd735fefbfbdefbfbdc7a7efbfbd437531efbfbd6eefbfbd73efbfbd7965efbfbdefbfbd31efbfbdefbfbd19efbfbd3defbfbd62efbfbd3defbfbd37efbfbd3d", "id": "1992634010" } }
I/AppLovinSdk( 1003): [FetchNextAd] Task re-scheduled...
D/AppLovinSdk( 1003): [FetchNextAd] Scheduling FetchNextAd on MAIN queue
D/AppLovinSdk( 1003): [TaskInitializeSdk] Initializing AppLovin SDK 2.1.0-2.1.3...
W/DroidBox( 1003): DroidBox: { "OpenNet": { "desthost": "217.65.36.152", "destport": "80", "fd": "69" } }
E/WVMExtractor(   62): Failed to open libwvm.so
W/DroidBox( 1003): DroidBox: { "FileRW": { "operation": "read", "data": "320a0000000000000000000000000000000000000000000000000000000000000000000000000000000000000000000000000000000000000000000000000000000000000000000000000000000000000000000000000000000000000000000000000000", "id": "439859568" } }
D/gralloc_goldfish( 1003): Emulator without GPU emulation detected.
W/dalvikvm( 1003): DroidBox: { "FdAccess": { "path": "2f646174612f646174612f636f6d2e62616e616e612e766964656f77616c6c70617065726c6974652f66696c65732f70726f6d6f7465645f64617461", "id": "1945219065" } }
W/DroidBox( 1003): DroidBox: { "FileRW": { "operation": "read", "data": "efbfbdefbfbd38efbfbd65d2b573cf85efbfbdefbfbdefbfbdefbfbdefbfbdc98defbfbd476fefbfbddc9f55efbfbd3defbfbdefbfbdefbfbd7defbfbdefbfbd4cefbfbdefbfbdefbfbd515b66efbfbdefbfbd3defbfbdefbfbdefbfbdefbfbd6aefbfbd24efbfbd4375efbfbd7aefbfbd0d64efbfbd196aefbfbdefbfbdefbfbdefbfbdefbfbd79efbfbdefbfbd52efbfbd65efbfbd62efbfbd4106efbfbd1eefbfbdefbfbdefbfbd7d15efbfbdefbfbd1762efbfbdefbfbd28efbfbd7b7befbfbdddbdefbfbdefbfbd7b69", "id": "1945219065" } }
W/DroidBox( 1003): DroidBox: { "FileRW": { "operation": "read", "data": "320a0000000000000000000000000000000000000000000000000000000000000000000000000000000000000000000000000000000000000000000000000000000000000000000000000000000000000000000000000000000000000000000000000000", "id": "126048746" } }
W/dalvikvm( 1003): DroidBox: { "FdAccess": { "path": "2f646174612f646174612f636f6d2e62616e616e612e766964656f77616c6c70617065726c6974652f66696c65732f70726f6d6f7465645f64617461", "id": "2024726912" } }
W/DroidBox( 1003): DroidBox: { "FileRW": { "operation": "read", "data": "efbfbd76efbfbd1befbfbd73efbfbd1e734f6eefbfbd0fefbfbd6eefbfbdefbfbd37efbfbd1eefbfbdefbfbdefbfbdefbfbd7defbfbd7befbfbd29efbfbdefbfbd6eefbfbddc97efbfbd2d534cefbfbd5e483f54efbfbd565b66efbfbd7eefbfbdefbfbdefbfbdefbfbdc3bfd496791273efbfbdefbfbdefbfbdefbfbd4befbfbdefbfbd18efbfbd506defbfbdefbfbdefbfbd29eab98fefbfbdefbfbdefbfbd575b263fefbfbd6eefbfbdefbfbd6a07efbfbd3defbfbdefbfbdefbfbd", "id": "2024726912" } }
W/dalvikvm( 1003): DroidBox: { "FdAccess": { "path": "2f646174612f646174612f636f6d2e62616e616e612e766964656f77616c6c70617065726c6974652f7368617265645f70726566732f636f6d2e6170706c6f76696e2e73646b2e312e786d6c", "id": "1416749095" } }
W/DroidBox( 1003): DroidBox: { "FileRW": { "operation": "write", "data": "3c3f786d6c2076657273696f6e3d27312e302720656e636f64696e673d277574662d3827207374616e64616c6f6e653d2779657327203f3e0a3c6d61703e0a3c696e74206e616d653d22636f6d2e6170706c6f76696e2e73646b2e67626d4f2e6c6f6361", "id": "1416749095" } }
E/WVMExtractor(   62): Failed to open libwvm.so
W/dalvikvm( 1003): DroidBox: { "FdAccess": { "path": "2f646174612f646174612f636f6d2e62616e616e612e766964656f77616c6c70617065726c6974652f7368617265645f70726566732f636f6d2e6170706c6f76696e2e73646b2e312e786d6c", "id": "1938161335" } }
W/DroidBox( 1003): DroidBox: { "FileRW": { "operation": "write", "data": "3c3f786d6c2076657273696f6e3d27312e302720656e636f64696e673d277574662d3827207374616e64616c6f6e653d2779657327203f3e0a3c6d61703e0a3c696e74206e616d653d22636f6d2e6170706c6f76696e2e73646b2e67626d4f2e6c6f6361", "id": "1938161335" } }
W/dalvikvm( 1003): DroidBox: { "FdAccess": { "path": "2f646174612f646174612f636f6d2e62616e616e612e766964656f77616c6c70617065726c6974652f66696c65732f70726f6d6f7465645f64617461", "id": "369742652" } }
W/dalvikvm( 1003): DroidBox: { "FdAccess": { "path": "2f646174612f646174612f636f6d2e62616e616e612e766964656f77616c6c70617065726c6974652f7368617265645f70726566732f636f6d2e6170706c6f76696e2e73646b2e312e786d6c", "id": "608024187" } }
W/DroidBox( 1003): DroidBox: { "FileRW": { "operation": "write", "data": "3c3f786d6c2076657273696f6e3d27312e302720656e636f64696e673d277574662d3827207374616e64616c6f6e653d2779657327203f3e0a3c6d61703e0a3c696e74206e616d653d22636f6d2e6170706c6f76696e2e73646b2e67626d4f2e6c6f6361", "id": "608024187" } }
W/DroidBox( 1003): DroidBox: { "FileRW": { "operation": "read", "data": "73efbfbd0773efbfbd3730776330777b423defbfbd12efbfbdefbfbdefbfbdefbfbdefbfbdefbfbd3aeab9bfefbfbdefbfbdefbfbd7befbfbd0cefbfbd507d0773377fefbfbdefbfbdefbfbd60efbfbd2e1befbfbde88db9efbfbd28efbfbd1fefbfbdefbfbdefbfbd43efbfbd23efbfbdefbfbd3befbfbdefbfbd1b60efbfbd6e09efbfbd6eefbfbd69efbfbdefbfbdefbfbd43efbfbd6befbfbd50efbfbdd496efbfbdefbfbdefbfbdefbfbd4aefbfbdefbfbddfa3efbfbdefbfbd68", "id": "369742652" } }
W/dalvikvm( 1003): DroidBox: { "FdAccess": { "path": "2f646174612f646174612f636f6d2e62616e616e612e766964656f77616c6c70617065726c6974652f66696c65732f70726f6d6f7465645f64617461", "id": "1986989346" } }
W/dalvikvm( 1003): DroidBox: { "FdAccess": { "path": "2f7379732f646576696365732f706c6174666f726d2f736d633931782e302f6e65742f657468302f6966696e646578", "id": "49771896" } }
W/DroidBox( 1003): DroidBox: { "FileRW": { "operation": "read", "data": "efbfbdefbfbdefbfbd4defbfbdefbfbd58efbfbd65efbfbdefbfbdefbfbd0fefbfbdefbfbd5756efbfbdefbfbd7eefbfbd16efbfbd0fefbfbd32dab9efbfbdefbfbdefbfbd533befbfbd43efbfbd5eefbfbdefbfbd2defbfbdefbfbdefbfbd4b32efbfbd41dab9efbfbdefbfbdefbfbdefbfbd28efbfbd3defbfbdefbfbdefbfbdefbfbd34efbfbdefbfbd26efbfbd737f423f54efbfbdefbfbdefbfbd6d56efbfbdefbfbd77efbfbd0fefbfbd56dab95fefbfbd0fd5b3efbfbdefbfbd515bc68eefbfbdefbfbd17efbfbd", "id": "1986989346" } }
E/WVMExtractor(   62): Failed to open libwvm.so
W/dalvikvm( 1003): DroidBox: { "FdAccess": { "path": "2f646174612f646174612f636f6d2e62616e616e612e766964656f77616c6c70617065726c6974652f66696c65732f70726f6d6f7465645f64617461", "id": "1418017185" } }
W/dalvikvm( 1003): DroidBox: { "FdAccess": { "path": "2f646174612f646174612f636f6d2e62616e616e612e766964656f77616c6c70617065726c6974652f7368617265645f70726566732f636f6d2e6170706c6f76696e2e73646b2e312e786d6c", "id": "1393215524" } }
W/DroidBox( 1003): DroidBox: { "FileRW": { "operation": "write", "data": "3c3f786d6c2076657273696f6e3d27312e302720656e636f64696e673d277574662d3827207374616e64616c6f6e653d2779657327203f3e0a3c6d61703e0a3c696e74206e616d653d22636f6d2e6170706c6f76696e2e73646b2e67626d4f2e6c6f6361", "id": "1393215524" } }
I/AppLovinSdk( 1003): [ConnectionManager] Sending POST request to "http://d.applovin.com/device?api_key=gTJg8NPVL4o0qG7NKbVO84qHD5zZB8XmTQyJ9DsV59ZEeN81-puP_-XqbXV4XDutkSzR5wvE0LbHbuy5RAgbmO"...
D/AppLovinSdk( 1003): [ConnectionManager] Request to "http://d.applovin.com/device?api_key=gTJg8NPVL4o0qG7NKbVO84qHD5zZB8XmTQyJ9DsV59ZEeN81-puP_-XqbXV4XDutkSzR5wvE0LbHbuy5RAgbmO" is {"app_info":{"package_name":"com.banana.videowallpaperlite","created_at":1724806439,"app_version":"3","applovin_sdk_version":"2.1.0-2.1.3","app_name":"MovieLiveWallpaperLite"},"errors":[{"timestamp":1724806483,"details":"ConnectionManager: Failed POST returned 401 in 0.913 s over 3g to \"http:\/\/d.applovin.com\/device?api_key=gTJg8NPVL4o0qG7NKbVO84qHD5zZB8XmTQyJ9DsV59ZEeN81-puP_-XqbXV4XDutkSzR5wvE0LbHbuy5RAgbmO\": No authentication challenges found","code":"IOException"},{"timestamp":1724806484,"details":"TaskInitializeSdk: SDK key \"gTJg8NPVL4o0qG7NKbVO84qHD5zZB8XmTQyJ9DsV59ZEeN81-puP_-XqbXV4XDutkSzR5wvE0LbHbuy5RAgbmO\" is rejected by AppLovin. Please make sure the SDK key is correct.","code":"UserError"},{"timestamp":1724806483,"details":"ConnectionManager: Failed POST returned 401 in 0.913 s over 3g to \"http:\/\/d.applovin.com\/device?api_key=gTJg8NPVL4o0qG7NKbVO84qHD5zZB8XmTQyJ9DsV59ZEeN81-puP_-XqbXV4XDutkSzR5wvE0LbHbuy5RAgbmO\": No authentication challenges found","code":"IOException"},{"timestamp":1724806484,"details":"TaskInitializeSdk: SDK key \"gTJg8NPVL4o0qG7NKbVO84qHD5zZB8XmTQyJ9DsV59ZEeN81-puP_-XqbXV4XDutkSzR5wvE0LbHbuy5RAgbmO\" is rejected by AppLovin. Please make sure the SDK key is correct.","code":"UserError"}],"device_info":{"android_id":"1e5adb40ab613bb8","os":"4.1.1","model":"Full Android on Emulator","phone_number":"4bdd4f929f3a1062253e4e496bafba0bdfb5db75","locale":"en_US","carrier":"Android","sdk_version":16,"brand":"unknown","emails":[],"udid":"357242043237511","type":"android","country_code":"US"},"stats":{"init_start":3},"settings":{"optin_state":"ask"}}
W/DroidBox( 1003): DroidBox: { "FileRW": { "operation": "read", "data": "efbfbdefbfbdefbfbd3f31771befbfbdefbfbd6b62efbfbdefbfbd1eefbfbdefbfbdefbfbd63efbfbdefbfbdefbfbdefbfbd4cefbfbdefbfbd75efbfbdefbfbd7defbfbdccbd12efbfbdefbfbd2f69efbfbd1fefbfbdefbfbd31efbfbddda9efbfbd6eefbfbdefbfbd1fefbfbdefbfbd64efbfbd3d65efbfbd4defbfbd73efbfbdefbfbdefbfbd07efbfbd30efbfbdefbfbdefbfbd32efbfbd7eefbfbd16545befbfbdefbfbdefbfbd5d3d777f0e733707efbfbd43efbfbdefbfbdefbfbdefbfbd63efbfbdefbfbdefbfbd", "id": "1418017185" } }
W/DroidBox( 1003): DroidBox: { "OpenNet": { "desthost": "34.110.179.88", "destport": "80", "fd": "76" } }
W/DroidBox( 1003): DroidBox: { "FileRW": { "operation": "read", "data": "320a0000000000000000000000000000000000000000000000000000000000000000000000000000000000000000000000000000000000000000000000000000000000000000000000000000000000000000000000000000000000000000000000000000", "id": "49771896" } }
W/dalvikvm( 1003): DroidBox: { "FdAccess": { "path": "2f646174612f646174612f636f6d2e62616e616e612e766964656f77616c6c70617065726c6974652f66696c65732f70726f6d6f7465645f64617461", "id": "224430228" } }
W/dalvikvm( 1003): DroidBox: { "FdAccess": { "path": "2f70726f632f313030332f6e65742f69665f696e657436", "id": "539599897" } }
W/DroidBox( 1003): DroidBox: { "FileRW": { "operation": "read", "data": "7defbfbd73efbfbd4b3f54efbfbdefbfbdefbfbd4b68efbfbd3e0e7337753077efbfbd4b3f54efbfbdefbfbdefbfbd23efbfbd65efbfbd60efbfbd27efbfbd6e1eefbfbdefbfbd4defbfbd76efbfbd27efbfbd737f413defbfbdefbfbd392e737f1b7337efbfbdefbfbd73df82efbfbdefbfbdefbfbdefbfbdefbfbd1fefbfbdefbfbd4d0befbfbd65efbfbd61efbfbd2aefbfbd1e1fefbfbdefbfbdefbfbdefbfbd0fefbfbd59dab9efbfbdefbfbd", "id": "224430228" } }
E/WVMExtractor(   62): Failed to open libwvm.so
I/ActivityManager(  223): Displayed com.banana.videowallpaperlite/.Main: +31s883ms
W/DroidBox( 1003): DroidBox: { "DataLeak": { "sink": "Network", "operation": "send", "tag": "0x408", "data": "504f5354202f6465766963653f6170695f6b65793d67544a67384e50564c346f307147374e4b62564f3834714844357a5a4238586d5451794a3944735635395a45654e38312d7075505f2d587162585634584475746b537a5235777645304c6248627579", "desthost": "34.110.179.88", "destport": "80" , "fd": "76"} }
I/MoolahMessageReceiver( 1003): onReceive
W/DroidBox( 1003): DroidBox: { "ServiceStart": { "name": "com.moolah.NotificationService" } }
W/DroidBox( 1003): DroidBox: { "ServiceStart": { "name": "com.moolah.NotificationService" } }
W/DroidBox( 1003): DroidBox: { "RecvNet": { "srchost": "34.110.179.88", "data": "485454502f312e312034303120556e617574686f72697a65640d0a646174653a205765642c2032382041756720323032342030303a35343a343620474d540d0a436f6e74656e742d4c656e6774683a20300d0a7669613a20312e3120676f6f676c650d0a", "srcport": "80", "fd": "76" } }
W/dalvikvm( 1003): DroidBox: { "FdAccess": { "path": "2f646174612f646174612f636f6d2e62616e616e612e766964656f77616c6c70617065726c6974652f66696c65732f70726f6d6f7465645f64617461", "id": "1111963050" } }
W/DroidBox( 1003): DroidBox: { "FileRW": { "operation": "read", "data": "efbfbdefbfbd0373777f60efbfbd260d73efbfbd55efbfbd733fefbfbdefbfbdcc8332efbfbd4932efbfbd3c6aefbfbd1455efbfbd3defbfbdefbfbd3255efbfbd73df83efbfbdefbfbdefbfbdefbfbd41efbfbdefbfbd1373efbfbd1530775f44e69e81efbfbd5f7d4eefbfbdefbfbdefbfbd76efbfbd4f68efbfbd047337efbfbd31efbfbdefbfbdefbfbdefbfbd43efbfbd51efbfbd3d0cd496d9a5efbfbdefbfbdefbfbddab9efbfbdefbfbdefbfbd", "id": "1111963050" } }
I/ActivityManager(  223): Start proc com.banana.videowallpaperlite:com.moolah.pushnotification for service com.banana.videowallpaperlite/com.moolah.NotificationService: pid=1122 uid=10050 gids={1015, 3003, 1028}
W/DroidBox( 1003): DroidBox: { "FileRW": { "operation": "read", "data": "66653830303030303030303030303030353035343030666666653132333435362030322034302032302038302020202020657468300a30303030303030303030303030303030303030303030303030303030303030312030312038302031302038302020", "id": "539599897" } }
D/AppLovinSdk( 1003): [f] Network 0/3 resolved to 3g
E/AppLovinSdk( 1003): [ConnectionManager] Failed POST returned 401 in 0.797 s over 3g to "http://d.applovin.com/device?api_key=gTJg8NPVL4o0qG7NKbVO84qHD5zZB8XmTQyJ9DsV59ZEeN81-puP_-XqbXV4XDutkSzR5wvE0LbHbuy5RAgbmO"
E/AppLovinSdk( 1003): java.io.IOException: No authentication challenges found
E/AppLovinSdk( 1003): 	at libcore.net.http.HttpURLConnectionImpl.getAuthorizationCredentials(HttpURLConnectionImpl.java:427)
E/AppLovinSdk( 1003): 	at libcore.net.http.HttpURLConnectionImpl.processAuthHeader(HttpURLConnectionImpl.java:407)
E/AppLovinSdk( 1003): 	at libcore.net.http.HttpURLConnectionImpl.processResponseHeaders(HttpURLConnectionImpl.java:356)
E/AppLovinSdk( 1003): 	at libcore.net.http.HttpURLConnectionImpl.getResponse(HttpURLConnectionImpl.java:292)
E/AppLovinSdk( 1003): 	at libcore.net.http.HttpURLConnectionImpl.getResponseCode(HttpURLConnectionImpl.java:486)
E/AppLovinSdk( 1003): 	at com.applovin.impl.sdk.c.a(Unknown Source)
E/AppLovinSdk( 1003): 	at com.applovin.impl.sdk.c.b(Unknown Source)
E/AppLovinSdk( 1003): 	at com.applovin.impl.sdk.S.a(Unknown Source)
E/AppLovinSdk( 1003): 	at com.applovin.impl.sdk.S.run(Unknown Source)
E/AppLovinSdk( 1003): 	at java.util.concurrent.Executors$RunnableAdapter.call(Executors.java:442)
E/AppLovinSdk( 1003): 	at java.util.concurrent.FutureTask$Sync.innerRun(FutureTask.java:305)
E/AppLovinSdk( 1003): 	at java.util.concurrent.FutureTask.run(FutureTask.java:137)
E/AppLovinSdk( 1003): 	at java.util.concurrent.ScheduledThreadPoolExecutor$ScheduledFutureTask.access$201(ScheduledThreadPoolExecutor.java:150)
E/AppLovinSdk( 1003): 	at java.util.concurrent.ScheduledThreadPoolExecutor$ScheduledFutureTask.run(ScheduledThreadPoolExecutor.java:264)
E/AppLovinSdk( 1003): 	at java.util.concurrent.ThreadPoolExecutor.runWorker(ThreadPoolExecutor.java:1076)
E/AppLovinSdk( 1003): 	at java.util.concurrent.ThreadPoolExecutor$Worker.run(ThreadPoolExecutor.java:569)
E/AppLovinSdk( 1003): 	at java.lang.Thread.run(Thread.java:856)
W/dalvikvm( 1003): DroidBox: { "FdAccess": { "path": "2f646174612f646174612f636f6d2e62616e616e612e766964656f77616c6c70617065726c6974652f7368617265645f70726566732f61625f73646b5f707265662e786d6c", "id": "1787517544" } }
W/DroidBox( 1003): DroidBox: { "FileRW": { "operation": "write", "data": "3c3f786d6c2076657273696f6e3d27312e302720656e636f64696e673d277574662d3827207374616e64616c6f6e653d2779657327203f3e0a3c6d61703e0a3c696e74206e616d653d22696e69745f63616c6c6564222076616c75653d223122202f3e0a", "id": "1787517544" } }
E/WVMExtractor(   62): Failed to open libwvm.so
W/dalvikvm( 1003): DroidBox: { "FdAccess": { "path": "2f646174612f646174612f636f6d2e62616e616e612e766964656f77616c6c70617065726c6974652f7368617265645f70726566732f636f6d2e6170706c6f76696e2e73646b2e312e786d6c", "id": "693694623" } }
W/DroidBox( 1003): DroidBox: { "FileRW": { "operation": "write", "data": "3c3f786d6c2076657273696f6e3d27312e302720656e636f64696e673d277574662d3827207374616e64616c6f6e653d2779657327203f3e0a3c6d61703e0a3c696e74206e616d653d22636f6d2e6170706c6f76696e2e73646b2e67626d4f2e6c6f6361", "id": "693694623" } }
D/AppLovinSdk( 1003): [SettingsManager] Setting update: device_id set to ""
D/AppLovinSdk( 1003): [SettingsManager] Setting update: device_token set to ""
D/AppLovinSdk( 1003): [SettingsManager] Setting update: next_device_init set to "0"
I/AppLovinSdk( 1003): [SettingsManager] Saving settings with the application...
D/AppLovinSdk( 1003): [SettingsManager] Settings saved with the application.
D/AppLovinSdk( 1003): [TaskInitializeSdk] AppLovin SDK 2.1.0 initialization complete, SDK is disabled
I/AppLovinSdk( 1003): [FetchNextAd] Task re-scheduled...
D/AppLovinSdk( 1003): [FetchNextAd] Scheduling FetchNextAd on MAIN queue
W/dalvikvm( 1003): DroidBox: { "FdAccess": { "path": "2f70726f632f313030332f6e65742f69665f696e657436", "id": "195501067" } }
W/DroidBox( 1003): DroidBox: { "FileRW": { "operation": "read", "data": "00000000000000000000000000000000000000000000000000000000000000000000000000000000000000000000000000000000000000000000000000000000000000000000000000000000000000000000000000000000000000000000000000000000", "id": "195501067" } }
W/dalvikvm( 1003): DroidBox: { "FdAccess": { "path": "2f70726f632f313030332f6e65742f69665f696e657436", "id": "1339663136" } }
W/DroidBox( 1003): DroidBox: { "FileRW": { "operation": "read", "data": "66653830303030303030303030303030353035343030666666653132333435362030322034302032302038302020202020657468300a30303030303030303030303030303030303030303030303030303030303030312030312038302031302038302020", "id": "1339663136" } }
E/WVMExtractor(   62): Failed to open libwvm.so
W/dalvikvm( 1003): DroidBox: { "FdAccess": { "path": "2f70726f632f313030332f6e65742f69665f696e657436", "id": "389175898" } }
E/Trace   ( 1122): error opening trace file: No such file or directory (2)
W/DroidBox( 1003): DroidBox: { "FileRW": { "operation": "read", "data": "00000000000000000000000000000000000000000000000000000000000000000000000000000000000000000000000000000000000000000000000000000000000000000000000000000000000000000000000000000000000000000000000000000000", "id": "389175898" } }
W/DroidBox( 1122): DroidBox: { "DexClassLoader": { "path": "/data/app/com.banana.videowallpaperlite-1.apk" } }
W/dalvikvm(  223): DroidBox: { "FdAccess": { "path": "2f70726f632f313132322f636d646c696e65", "id": "739493808" } }
W/DroidBox(  223): DroidBox: { "FileRW": { "operation": "read", "data": "636f6d2e62616e616e612e766964656f77616c6c70617065726c6974653a636f6d2e6d6f6f6c61682e707573686e6f74696669636174696f6e0000000000000000000000000000000000000066396539333138336633353265643439666132312e61706b", "id": "739493808" } }
E/WVMExtractor(   62): Failed to open libwvm.so
W/dalvikvm( 1003): DroidBox: { "FdAccess": { "path": "2f7379732f646576696365732f7669727475616c2f6e65742f6c6f2f6966696e646578", "id": "1445700278" } }
I/MoolahNotificationService( 1122): onStart
W/DroidBox( 1003): DroidBox: { "FileRW": { "operation": "read", "data": "310a0000000000000000000000000000000000000000000000000000000000000000000000000000000000000000000000000000000000000000000000000000000000000000000000000000000000000000000000000000000000000000000000000000", "id": "1445700278" } }
D/AppLovinSdk( 1003): [TaskInitializeSdk] Initializing AppLovin SDK 2.1.0-2.1.3...
W/dalvikvm( 1003): DroidBox: { "FdAccess": { "path": "2f646174612f646174612f636f6d2e62616e616e612e766964656f77616c6c70617065726c6974652f7368617265645f70726566732f636f6d2e6170706c6f76696e2e73646b2e312e786d6c", "id": "847072871" } }
W/DroidBox( 1003): DroidBox: { "FileRW": { "operation": "write", "data": "3c3f786d6c2076657273696f6e3d27312e302720656e636f64696e673d277574662d3827207374616e64616c6f6e653d2779657327203f3e0a3c6d61703e0a3c696e74206e616d653d22636f6d2e6170706c6f76696e2e73646b2e67626d4f2e6c6f6361", "id": "847072871" } }
W/dalvikvm( 1003): DroidBox: { "FdAccess": { "path": "2f7379732f646576696365732f7669727475616c2f6e65742f6c6f2f6966696e646578", "id": "652339293" } }
W/dalvikvm( 1003): DroidBox: { "FdAccess": { "path": "2f7379732f646576696365732f7669727475616c2f6e65742f6c6f2f6966696e646578", "id": "1606056091" } }
W/dalvikvm( 1003): DroidBox: { "FdAccess": { "path": "2f646174612f646174612f636f6d2e62616e616e612e766964656f77616c6c70617065726c6974652f7368617265645f70726566732f636f6d2e6170706c6f76696e2e73646b2e312e786d6c", "id": "1127977238" } }
W/DroidBox( 1003): DroidBox: { "FileRW": { "operation": "write", "data": "3c3f786d6c2076657273696f6e3d27312e302720656e636f64696e673d277574662d3827207374616e64616c6f6e653d2779657327203f3e0a3c6d61703e0a3c696e74206e616d653d22636f6d2e6170706c6f76696e2e73646b2e67626d4f2e6c6f6361", "id": "1127977238" } }
W/DroidBox( 1003): DroidBox: { "FileRW": { "operation": "read", "data": "310a0000000000000000000000000000000000000000000000000000000000000000000000000000000000000000000000000000000000000000000000000000000000000000000000000000000000000000000000000000000000000000000000000000", "id": "652339293" } }
W/DroidBox( 1003): DroidBox: { "FileRW": { "operation": "read", "data": "310a0000000000000000000000000000000000000000000000000000000000000000000000000000000000000000000000000000000000000000000000000000000000000000000000000000000000000000000000000000000000000000000000000000", "id": "1606056091" } }
E/WVMExtractor(   62): Failed to open libwvm.so
W/dalvikvm( 1003): DroidBox: { "FdAccess": { "path": "2f646174612f646174612f636f6d2e62616e616e612e766964656f77616c6c70617065726c6974652f7368617265645f70726566732f636f6d2e6170706c6f76696e2e73646b2e312e786d6c", "id": "980888742" } }
