D/InputEventConsistencyVerifier(  416):   5: sent at 143630000000, MotionEvent { action=ACTION_UP, id[0]=0, x[0]=49.0, y[0]=74.0, toolType[0]=TOOL_TYPE_UNKNOWN, buttonState=0, metaState=0, flags=0x0, edgeFlags=0x0, pointerCount=1, historySize=0, eventTime=143630, downTime=143625, deviceId=0, source=0x1002 }
E/WVMExtractor(   61): Failed to open libwvm.so
D/InputEventConsistencyVerifier(  416): KeyEvent: ACTION_UP but key was not down.
D/InputEventConsistencyVerifier(  416):   in com.android.systemui.statusbar.phone.StatusBarWindowView@b3e0c248
D/InputEventConsistencyVerifier(  416):   0: sent at 144187000000, KeyEvent { action=ACTION_UP, keyCode=KEYCODE_DPAD_DOWN, scanCode=0, metaState=0, flags=0x8, repeatCount=0, eventTime=144187, downTime=144187, deviceId=-1, source=0x101 }
D/InputEventConsistencyVerifier(  416):   -- recent events --
D/InputEventConsistencyVerifier(  416):   1: sent at 144034000000, MotionEvent { action=ACTION_UP, id[0]=0, x[0]=170.0, y[0]=703.0, toolType[0]=TOOL_TYPE_UNKNOWN, buttonState=0, metaState=0, flags=0x0, edgeFlags=0x0, pointerCount=1, historySize=0, eventTime=144034, downTime=143984, deviceId=0, source=0x1002 }
D/InputEventConsistencyVerifier(  416):   2: sent at 144031000000, MotionEvent { action=ACTION_MOVE, id[0]=0, x[0]=177.0, y[0]=704.0, toolType[0]=TOOL_TYPE_UNKNOWN, buttonState=0, metaState=0, flags=0x0, edgeFlags=0x0, pointerCount=1, historySize=4, eventTime=144031, downTime=143984, deviceId=0, source=0x1002 }
D/InputEventConsistencyVerifier(  416):   3: sent at 143998000000, MotionEvent { action=ACTION_MOVE, id[0]=0, x[0]=188.0, y[0]=705.5, toolType[0]=TOOL_TYPE_UNKNOWN, buttonState=0, metaState=0, flags=0x0, edgeFlags=0x0, pointerCount=1, historySize=1, eventTime=143998, downTime=143984, deviceId=0, source=0x1002 }
D/InputEventConsistencyVerifier(  416):   4: sent at 143986000000, MotionEvent { action=ACTION_DOWN, id[0]=0, x[0]=194.0, y[0]=707.0, toolType[0]=TOOL_TYPE_UNKNOWN, buttonState=0, metaState=0, flags=0x0, edgeFlags=0x0, pointerCount=1, historySize=0, eventTime=143986, downTime=143984, deviceId=0, source=0x1002 }
D/InputEventConsistencyVerifier(  416):   5: sent at 143937000000, (unhandled) KeyEvent { action=ACTION_UP, keyCode=KEYCODE_DPAD_CENTER, scanCode=0, metaState=0, flags=0x8, repeatCount=0, eventTime=143937, downTime=143937, deviceId=-1, source=0x101 }
I/Choreographer( 1015): Skipped 79 frames!  The application may be doing too much work on its main thread.
E/WVMExtractor(   61): Failed to open libwvm.so
E/WVMExtractor(   61): Failed to open libwvm.so
I/Choreographer(  416): Skipped 101 frames!  The application may be doing too much work on its main thread.
I/Choreographer( 1015): Skipped 105 frames!  The application may be doing too much work on its main thread.
D/InputEventConsistencyVerifier(  416): KeyEvent: ACTION_UP but key was not down.
D/InputEventConsistencyVerifier(  416):   in com.android.systemui.statusbar.phone.StatusBarWindowView@b3e0c248
D/InputEventConsistencyVerifier(  416):   0: sent at 144689000000, KeyEvent { action=ACTION_UP, keyCode=KEYCODE_DPAD_RIGHT, scanCode=0, metaState=0, flags=0x400, repeatCount=0, eventTime=144689, downTime=144689, deviceId=-1, source=0x101 }
D/InputEventConsistencyVerifier(  416):   -- recent events --
D/InputEventConsistencyVerifier(  416):   1: sent at 144261000000, (unhandled) MotionEvent { action=ACTION_MOVE, id[0]=0, x[0]=3.0, y[0]=0.0, toolType[0]=TOOL_TYPE_UNKNOWN, buttonState=0, metaState=0, flags=0x0, edgeFlags=0x0, pointerCount=1, historySize=9, eventTime=144261, downTime=-1, deviceId=0, source=0x10004 }
D/InputEventConsistencyVerifier(  416):   2: sent at 144283000000, MotionEvent { action=ACTION_UP, id[0]=0, x[0]=134.0, y[0]=130.0, toolType[0]=TOOL_TYPE_UNKNOWN, buttonState=0, metaState=0, flags=0x0, edgeFlags=0x0, pointerCount=1, historySize=0, eventTime=144283, downTime=144278, deviceId=0, source=0x1002 }
D/InputEventConsistencyVerifier(  416):   3: sent at 144278000000, MotionEvent { action=ACTION_DOWN, id[0]=0, x[0]=132.0, y[0]=148.0, toolType[0]=TOOL_TYPE_UNKNOWN, buttonState=0, metaState=0, flags=0x0, edgeFlags=0x0, pointerCount=1, historySize=0, eventTime=144278, downTime=144278, deviceId=0, source=0x1002 }
D/InputEventConsistencyVerifier(  416):   4: sent at 144271000000, MotionEvent { action=ACTION_UP, id[0]=0, x[0]=218.0, y[0]=606.0, toolType[0]=TOOL_TYPE_UNKNOWN, buttonState=0, metaState=0, flags=0x0, edgeFlags=0x0, pointerCount=1, historySize=0, eventTime=144271, downTime=144266, deviceId=0, source=0x1002 }
D/InputEventConsistencyVerifier(  416):   5: sent at 144266000000, MotionEvent { action=ACTION_DOWN, id[0]=0, x[0]=208.0, y[0]=606.0, toolType[0]=TOOL_TYPE_UNKNOWN, buttonState=0, metaState=0, flags=0x0, edgeFlags=0x0, pointerCount=1, historySize=0, eventTime=144266, downTime=144266, deviceId=0, source=0x1002 }
I/Choreographer( 1015): Skipped 39 frames!  The application may be doing too much work on its main thread.
I/ActivityManager(  223): START {act=android.intent.action.CALL_BUTTON flg=0x10000000 cmp=com.android.contacts/.activities.DialtactsActivity u=0} from pid 416
W/dalvikvm(  416): DroidBox: { "FdAccess": { "path": "2f70726f632f6d656d696e666f", "id": "423172518" } }
W/DroidBox(  416): DroidBox: { "FileRW": { "operation": "read", "data": "4d656d546f74616c3a202020202020202020373438393634206b420a4d656d467265653a20202020202020202020343432303234206b420a427566666572733a20202020202020202020202035353830206b420a4361636865643a202020202020202020", "id": "423172518" } }
I/ActivityManager(  223): Start proc com.android.music for broadcast com.android.music/.MediaButtonIntentReceiver: pid=1113 uid=10024 gids={3003, 1015, 1028}
I/Choreographer( 1015): Skipped 44 frames!  The application may be doing too much work on its main thread.
D/InputEventConsistencyVerifier(  416): TouchEvent: ACTION_DOWN but pointers are already down.  Probably missing ACTION_UP from previous gesture.
D/InputEventConsistencyVerifier(  416):   in android.view.ScaleGestureDetector@b3eac8d0
D/InputEventConsistencyVerifier(  416):   0: sent at 145349000000, MotionEvent { action=ACTION_DOWN, id[0]=0, x[0]=214.0, y[0]=671.0, toolType[0]=TOOL_TYPE_UNKNOWN, buttonState=0, metaState=0, flags=0x0, edgeFlags=0x0, pointerCount=1, historySize=0, eventTime=145349, downTime=145347, deviceId=0, source=0x1002 }
D/InputEventConsistencyVerifier(  416):   -- recent events --
D/InputEventConsistencyVerifier(  416):   1: sent at 145337000000, MotionEvent { action=ACTION_MOVE, id[0]=0, x[0]=69.0, y[0]=709.0, toolType[0]=TOOL_TYPE_UNKNOWN, buttonState=0, metaState=0, flags=0x0, edgeFlags=0x0, pointerCount=1, historySize=0, eventTime=145337, downTime=145331, deviceId=0, source=0x1002 }
D/InputEventConsistencyVerifier(  416):   2: sent at 145332000000, MotionEvent { action=ACTION_DOWN, id[0]=0, x[0]=62.0, y[0]=722.0, toolType[0]=TOOL_TYPE_UNKNOWN, buttonState=0, metaState=0, flags=0x0, edgeFlags=0x0, pointerCount=1, historySize=0, eventTime=145332, downTime=145331, deviceId=0, source=0x1002 }
D/InputEventConsistencyVerifier(  416):   3: sent at 144283000000, MotionEvent { action=ACTION_UP, id[0]=0, x[0]=134.0, y[0]=130.0, toolType[0]=TOOL_TYPE_UNKNOWN, buttonState=0, metaState=0, flags=0x0, edgeFlags=0x0, pointerCount=1, historySize=0, eventTime=144283, downTime=144278, deviceId=0, source=0x1002 }
D/InputEventConsistencyVerifier(  416):   4: sent at 144278000000, MotionEvent { action=ACTION_DOWN, id[0]=0, x[0]=132.0, y[0]=148.0, toolType[0]=TOOL_TYPE_UNKNOWN, buttonState=0, metaState=0, flags=0x0, edgeFlags=0x0, pointerCount=1, historySize=0, eventTime=144278, downTime=144278, deviceId=0, source=0x1002 }
D/InputEventConsistencyVerifier(  416):   5: sent at 144271000000, MotionEvent { action=ACTION_UP, id[0]=0, x[0]=218.0, y[0]=606.0, toolType[0]=TOOL_TYPE_UNKNOWN, buttonState=0, metaState=0, flags=0x0, edgeFlags=0x0, pointerCount=1, historySize=0, eventTime=144271, downTime=144266, deviceId=0, source=0x1002 }
D/InputEventConsistencyVerifier(  416): KeyEvent: ACTION_UP but key was not down.
D/InputEventConsistencyVerifier(  416):   in com.android.systemui.statusbar.phone.StatusBarWindowView@b3e0c248
D/InputEventConsistencyVerifier(  416):   0: sent at 145466000000, KeyEvent { action=ACTION_UP, keyCode=KEYCODE_DPAD_LEFT, scanCode=0, metaState=0, flags=0x8, repeatCount=0, eventTime=145466, downTime=145466, deviceId=-1, source=0x101 }
D/InputEventConsistencyVerifier(  416):   -- recent events --
D/InputEventConsistencyVerifier(  416):   1: sent at 145437000000, (unhandled) KeyEvent { action=ACTION_UP, keyCode=KEYCODE_CALL, scanCode=0, metaState=0, flags=0x8, repeatCount=0, eventTime=145437, downTime=145437, deviceId=-1, source=0x101 }
D/InputEventConsistencyVerifier(  416):   2: sent at 145427000000, (unhandled) KeyEvent { action=ACTION_DOWN, keyCode=KEYCODE_CALL, scanCode=0, metaState=0, flags=0x8, repeatCount=0, eventTime=145427, downTime=145427, deviceId=-1, source=0x101 }
D/InputEventConsistencyVerifier(  416):   3: sent at 145422000000, MotionEvent { action=ACTION_UP, id[0]=0, x[0]=130.0, y[0]=752.0, toolType[0]=TOOL_TYPE_UNKNOWN, buttonState=0, metaState=0, flags=0x0, edgeFlags=0x0, pointerCount=1, historySize=0, eventTime=145422, downTime=145417, deviceId=0, source=0x1002 }
D/InputEventConsistencyVerifier(  416):   4: sent at 145417000000, MotionEvent { action=ACTION_DOWN, id[0]=0, x[0]=131.0, y[0]=754.0, toolType[0]=TOOL_TYPE_UNKNOWN, buttonState=0, metaState=0, flags=0x0, edgeFlags=0x0, pointerCount=1, historySize=0, eventTime=145417, downTime=145417, deviceId=0, source=0x1002 }
D/InputEventConsistencyVerifier(  416):   5: sent at 145410000000, (unhandled) KeyEvent { action=ACTION_UP, keyCode=KEYCODE_DPAD_UP, scanCode=0, metaState=0, flags=0x8, repeatCount=0, eventTime=145410, downTime=145410, deviceId=-1, source=0x101 }
I/Choreographer(  416): Skipped 108 frames!  The application may be doing too much work on its main thread.
I/ActivityManager(  223): START {act=android.intent.action.CALL_BUTTON flg=0x10000000 cmp=com.android.contacts/.activities.DialtactsActivity u=0} from pid 416
D/InputEventConsistencyVerifier(  416): KeyEvent: ACTION_UP but key was not down.
D/InputEventConsistencyVerifier(  416):   in com.android.systemui.statusbar.phone.StatusBarWindowView@b3e0c248
D/InputEventConsistencyVerifier(  416):   0: sent at 145625000000, KeyEvent { action=ACTION_UP, keyCode=KEYCODE_DPAD_RIGHT, scanCode=0, metaState=0, flags=0x400, repeatCount=0, eventTime=145625, downTime=145625, deviceId=-1, source=0x101 }
D/InputEventConsistencyVerifier(  416):   -- recent events --
D/InputEventConsistencyVerifier(  416):   1: sent at 145508000000, (unhandled) MotionEvent { action=ACTION_MOVE, id[0]=0, x[0]=4.0, y[0]=2.0, toolType[0]=TOOL_TYPE_UNKNOWN, buttonState=0, metaState=0, flags=0x0, edgeFlags=0x0, pointerCount=1, historySize=9, eventTime=145508, downTime=-1, deviceId=0, source=0x10004 }
D/InputEventConsistencyVerifier(  416):   2: sent at 145478000000, MotionEvent { action=ACTION_UP, id[0]=0, x[0]=367.0, y[0]=548.0, toolType[0]=TOOL_TYPE_UNKNOWN, buttonState=0, metaState=0, flags=0x0, edgeFlags=0x0, pointerCount=1, historySize=0, eventTime=145478, downTime=145473, deviceId=0, source=0x1002 }
D/InputEventConsistencyVerifier(  416):   3: sent at 145473000000, MotionEvent { action=ACTION_DOWN, id[0]=0, x[0]=364.0, y[0]=547.0, toolType[0]=TOOL_TYPE_UNKNOWN, buttonState=0, metaState=0, flags=0x0, edgeFlags=0x0, pointerCount=1, historySize=0, eventTime=145473, downTime=145473, deviceId=0, source=0x1002 }
D/InputEventConsistencyVerifier(  416):   4: sent at 145466000000, (unhandled) KeyEvent { action=ACTION_UP, keyCode=KEYCODE_DPAD_LEFT, scanCode=0, metaState=0, flags=0x80000008, repeatCount=0, eventTime=145466, downTime=145466, deviceId=-1, source=0x101 }
D/InputEventConsistencyVerifier(  416):   5: sent at 145437000000, (unhandled) KeyEvent { action=ACTION_UP, keyCode=KEYCODE_CALL, scanCode=0, metaState=0, flags=0x8, repeatCount=0, eventTime=145437, downTime=145437, deviceId=-1, source=0x101 }
D/InputEventConsistencyVerifier(  416): KeyEvent: ACTION_UP but key was not down.
D/InputEventConsistencyVerifier(  416):   in android.widget.FrameLayout@b3e0afd0
D/InputEventConsistencyVerifier(  416):   0: sent at 145629000000, KeyEvent { action=ACTION_UP, keyCode=KEYCODE_DPAD_DOWN, scanCode=0, metaState=0, flags=0x8, repeatCount=0, eventTime=145629, downTime=145629, deviceId=-1, source=0x101 }
D/InputEventConsistencyVerifier(  416):   -- recent events --
D/InputEventConsistencyVerifier(  416):   1: sent at 145478000000, MotionEvent { action=ACTION_UP, id[0]=0, x[0]=367.0, y[0]=548.0, toolType[0]=TOOL_TYPE_UNKNOWN, buttonState=0, metaState=0, flags=0x0, edgeFlags=0x0, pointerCount=1, historySize=0, eventTime=145478, downTime=145473, deviceId=0, source=0x1002 }
D/InputEventConsistencyVerifier(  416):   2: sent at 145473000000, MotionEvent { action=ACTION_DOWN, id[0]=0, x[0]=364.0, y[0]=547.0, toolType[0]=TOOL_TYPE_UNKNOWN, buttonState=0, metaState=0, flags=0x0, edgeFlags=0x0, pointerCount=1, historySize=0, eventTime=145473, downTime=145473, deviceId=0, source=0x1002 }
D/InputEventConsistencyVerifier(  416):   3: sent at 145422000000, MotionEvent { action=ACTION_UP, id[0]=0, x[0]=130.0, y[0]=752.0, toolType[0]=TOOL_TYPE_UNKNOWN, buttonState=0, metaState=0, flags=0x0, edgeFlags=0x0, pointerCount=1, historySize=0, eventTime=145422, downTime=145417, deviceId=0, source=0x1002 }
D/InputEventConsistencyVerifier(  416):   4: sent at 145417000000, MotionEvent { action=ACTION_DOWN, id[0]=0, x[0]=131.0, y[0]=754.0, toolType[0]=TOOL_TYPE_UNKNOWN, buttonState=0, metaState=0, flags=0x0, edgeFlags=0x0, pointerCount=1, historySize=0, eventTime=145417, downTime=145417, deviceId=0, source=0x1002 }
D/InputEventConsistencyVerifier(  416):   5: sent at 145366000000, MotionEvent { action=ACTION_UP, id[0]=0, x[0]=289.0, y[0]=676.0, toolType[0]=TOOL_TYPE_UNKNOWN, buttonState=0, metaState=0, flags=0x0, edgeFlags=0x0, pointerCount=1, historySize=0, eventTime=145366, downTime=145347, deviceId=0, source=0x1002 }
I/Choreographer( 1015): Skipped 111 frames!  The application may be doing too much work on its main thread.
W/dalvikvm(  416): DroidBox: { "FdAccess": { "path": "2f70726f632f6d656d696e666f", "id": "1513223894" } }
W/DroidBox(  416): DroidBox: { "FileRW": { "operation": "read", "data": "4d656d546f74616c3a202020202020202020373438393634206b420a4d656d467265653a20202020202020202020343431333438206b420a427566666572733a20202020202020202020202035353830206b420a4361636865643a202020202020202020", "id": "1513223894" } }
I/Choreographer(  416): Skipped 33 frames!  The application may be doing too much work on its main thread.
W/dalvikvm(  416): DroidBox: { "FdAccess": { "path": "2f70726f632f6d656d696e666f", "id": "1902161018" } }
W/DroidBox(  416): DroidBox: { "FileRW": { "operation": "read", "data": "4d656d546f74616c3a202020202020202020373438393634206b420a4d656d467265653a20202020202020202020343431333438206b420a427566666572733a20202020202020202020202035353830206b420a4361636865643a202020202020202020", "id": "1902161018" } }
I/Choreographer( 1015): Skipped 80 frames!  The application may be doing too much work on its main thread.
D/InputEventConsistencyVerifier(  416): TrackballEvent: Trackball is down but pressure is not greater than 0.
D/InputEventConsistencyVerifier(  416):   in android.view.ViewRootImpl@b3e9da28
D/InputEventConsistencyVerifier(  416):   0: sent at 146065000000, MotionEvent { action=ACTION_DOWN, id[0]=0, x[0]=0.0, y[0]=0.0, toolType[0]=TOOL_TYPE_UNKNOWN, buttonState=0, metaState=0, flags=0x0, edgeFlags=0x0, pointerCount=1, historySize=0, eventTime=146065, downTime=145983, deviceId=0, source=0x10004 }
D/InputEventConsistencyVerifier(  416):   -- recent events --
D/InputEventConsistencyVerifier(  416):   1: sent at 146030000000, MotionEvent { action=ACTION_MOVE, id[0]=0, x[0]=-1.0, y[0]=-1.0, toolType[0]=TOOL_TYPE_UNKNOWN, buttonState=0, metaState=0, flags=0x0, edgeFlags=0x0, pointerCount=1, historySize=9, eventTime=146030, downTime=-1, deviceId=0, source=0x10004 }
D/InputEventConsistencyVerifier(  416):   2: sent at 145954000000, MotionEvent { action=ACTION_UP, id[0]=0, x[0]=277.0, y[0]=312.0, toolType[0]=TOOL_TYPE_UNKNOWN, buttonState=0, metaState=0, flags=0x0, edgeFlags=0x0, pointerCount=1, historySize=0, eventTime=145954, downTime=145937, deviceId=0, source=0x1002 }
D/InputEventConsistencyVerifier(  416):   3: sent at 145938000000, MotionEvent { action=ACTION_DOWN, id[0]=0, x[0]=280.0, y[0]=321.0, toolType[0]=TOOL_TYPE_UNKNOWN, buttonState=0, metaState=0, flags=0x0, edgeFlags=0x0, pointerCount=1, historySize=0, eventTime=145938, downTime=145937, deviceId=0, source=0x1002 }
D/InputEventConsistencyVerifier(  416):   4: sent at 145922000000, MotionEvent { action=ACTION_UP, id[0]=0, x[0]=376.0, y[0]=48.0, toolType[0]=TOOL_TYPE_UNKNOWN, buttonState=0, metaState=0, flags=0x0, edgeFlags=0x0, pointerCount=1, historySize=0, eventTime=145922, downTime=145824, deviceId=0, source=0x1002 }
D/InputEventConsistencyVerifier(  416):   5: sent at 145898000000, MotionEvent { action=ACTION_POINTER_UP(1), id[0]=0, x[0]=358.0, y[0]=39.0, toolType[0]=TOOL_TYPE_UNKNOWN, id[1]=1, x[1]=456.0, y[1]=43.0, toolType[1]=TOOL_TYPE_UNKNOWN, buttonState=0, metaState=0, flags=0x0, edgeFlags=0x0, pointerCount=2, historySize=0, eventTime=145898, downTime=145824, deviceId=0, source=0x1002 }
D/InputEventConsistencyVerifier(  416): TrackballEvent: ACTION_UP but trackball is not down.
D/InputEventConsistencyVerifier(  416):   in com.android.systemui.statusbar.phone.PhoneStatusBarView@b3e0e1e0
D/InputEventConsistencyVerifier(  416):   0: sent at 146067000000, MotionEvent { action=ACTION_UP, id[0]=0, x[0]=0.0, y[0]=0.0, toolType[0]=TOOL_TYPE_UNKNOWN, buttonState=0, metaState=0, flags=0x0, edgeFlags=0x0, pointerCount=1, historySize=0, eventTime=146067, downTime=145983, deviceId=0, source=0x10004 }
D/InputEventConsistencyVerifier(  416):   -- recent events --
D/InputEventConsistencyVerifier(  416):   1: sent at 145518000000, (unhandled) KeyEvent { action=ACTION_DOWN, keyCode=KEYCODE_DPAD_DOWN, scanCode=0, metaState=0, flags=0x8, repeatCount=0, eventTime=145518, downTime=145518, deviceId=-1, source=0x101 }
D/InputEventConsistencyVerifier(  416):   2: sent at 145625000000, (unhandled) KeyEvent { action=ACTION_UP, keyCode=KEYCODE_DPAD_RIGHT, scanCode=0, metaState=0, flags=0x400, repeatCount=0, eventTime=145625, downTime=145625, deviceId=-1, source=0x101 }
D/InputEventConsistencyVerifier(  416):   3: sent at 145625000000, (unhandled) KeyEvent { action=ACTION_DOWN, keyCode=KEYCODE_DPAD_RIGHT, scanCode=0, metaState=0, flags=0x400, repeatCount=0, eventTime=145625, downTime=145625, deviceId=-1, source=0x101 }
D/InputEventConsistencyVerifier(  416):   4: sent at 145625000000, (unhandled) KeyEvent { action=ACTION_UP, keyCode=KEYCODE_DPAD_RIGHT, scanCode=0, metaState=0, flags=0x400, repeatCount=0, eventTime=145625, downTime=145625, deviceId=-1, source=0x101 }
D/InputEventConsistencyVerifier(  416):   5: sent at 145625000000, (unhandled) KeyEvent { action=ACTION_DOWN, keyCode=KEYCODE_DPAD_RIGHT, scanCode=0, metaState=0, flags=0x400, repeatCount=0, eventTime=145625, downTime=145625, deviceId=-1, source=0x101 }
D/InputEventConsistencyVerifier(  416): KeyEvent: ACTION_UP but key was not down.
D/InputEventConsistencyVerifier(  416):   in com.android.systemui.statusbar.phone.StatusBarWindowView@b3e0c248
D/InputEventConsistencyVerifier(  416):   0: sent at 146145000000, KeyEvent { action=ACTION_UP, keyCode=KEYCODE_DPAD_CENTER, scanCode=0, metaState=0, flags=0x400, repeatCount=0, eventTime=146145, downTime=146145, deviceId=-1, source=0x101 }
D/InputEventConsistencyVerifier(  416):   -- recent events --
D/InputEventConsistencyVerifier(  416):   1: sent at 146067000000, (unhandled) MotionEvent { action=ACTION_UP, id[0]=0, x[0]=0.0, y[0]=0.0, toolType[0]=TOOL_TYPE_UNKNOWN, buttonState=0, metaState=0, flags=0x0, edgeFlags=0x0, pointerCount=1, historySize=0, eventTime=146067, downTime=145983, deviceId=0, source=0x10004 }
D/InputEventConsistencyVerifier(  416):   2: sent at 146065000000, (unhandled) MotionEvent { action=ACTION_DOWN, id[0]=0, x[0]=0.0, y[0]=0.0, toolType[0]=TOOL_TYPE_UNKNOWN, buttonState=0, metaState=0, flags=0x80000000, edgeFlags=0x0, pointerCount=1, historySize=0, eventTime=146065, downTime=145983, deviceId=0, source=0x10004 }
D/InputEventConsistencyVerifier(  416):   3: sent at 146030000000, (unhandled) MotionEvent { action=ACTION_MOVE, id[0]=0, x[0]=-1.0, y[0]=-1.0, toolType[0]=TOOL_TYPE_UNKNOWN, buttonState=0, metaState=0, flags=0x0, edgeFlags=0x0, pointerCount=1, historySize=9, eventTime=146030, downTime=-1, deviceId=0, source=0x10004 }
D/InputEventConsistencyVerifier(  416):   4: sent at 145954000000, MotionEvent { action=ACTION_UP, id[0]=0, x[0]=277.0, y[0]=312.0, toolType[0]=TOOL_TYPE_UNKNOWN, buttonState=0, metaState=0, flags=0x0, edgeFlags=0x0, pointerCount=1, historySize=0, eventTime=145954, downTime=145937, deviceId=0, source=0x1002 }
D/InputEventConsistencyVerifier(  416):   5: sent at 145938000000, MotionEvent { action=ACTION_DOWN, id[0]=0, x[0]=280.0, y[0]=321.0, toolType[0]=TOOL_TYPE_UNKNOWN, buttonState=0, metaState=0, flags=0x0, edgeFlags=0x0, pointerCount=1, historySize=0, eventTime=145938, downTime=145937, deviceId=0, source=0x1002 }
I/Choreographer(  416): Skipped 74 frames!  The application may be doing too much work on its main thread.
D/InputEventConsistencyVerifier(  416): KeyEvent: ACTION_UP but key was not down.
D/InputEventConsistencyVerifier(  416):   in android.widget.FrameLayout@b3e0afd0
D/InputEventConsistencyVerifier(  416):   0: sent at 146199000000, KeyEvent { action=ACTION_UP, keyCode=KEYCODE_DPAD_DOWN, scanCode=0, metaState=0, flags=0x400, repeatCount=0, eventTime=146199, downTime=146199, deviceId=-1, source=0x101 }
D/InputEventConsistencyVerifier(  416):   -- recent events --
D/InputEventConsistencyVerifier(  416):   1: sent at 145954000000, MotionEvent { action=ACTION_UP, id[0]=0, x[0]=277.0, y[0]=312.0, toolType[0]=TOOL_TYPE_UNKNOWN, buttonState=0, metaState=0, flags=0x0, edgeFlags=0x0, pointerCount=1, historySize=0, eventTime=145954, downTime=145937, deviceId=0, source=0x1002 }
D/InputEventConsistencyVerifier(  416):   2: sent at 145938000000, MotionEvent { action=ACTION_DOWN, id[0]=0, x[0]=280.0, y[0]=321.0, toolType[0]=TOOL_TYPE_UNKNOWN, buttonState=0, metaState=0, flags=0x0, edgeFlags=0x0, pointerCount=1, historySize=0, eventTime=145938, downTime=145937, deviceId=0, source=0x1002 }
D/InputEventConsistencyVerifier(  416):   3: sent at 145922000000, MotionEvent { action=ACTION_UP, id[0]=0, x[0]=376.0, y[0]=48.0, toolType[0]=TOOL_TYPE_UNKNOWN, buttonState=0, metaState=0, flags=0x0, edgeFlags=0x0, pointerCount=1, historySize=0, eventTime=145922, downTime=145824, deviceId=0, source=0x1002 }
D/InputEventConsistencyVerifier(  416):   4: sent at 145898000000, MotionEvent { action=ACTION_POINTER_UP(1), id[0]=0, x[0]=358.0, y[0]=39.0, toolType[0]=TOOL_TYPE_UNKNOWN, id[1]=1, x[1]=456.0, y[1]=43.0, toolType[1]=TOOL_TYPE_UNKNOWN, buttonState=0, metaState=0, flags=0x0, edgeFlags=0x0, pointerCount=2, historySize=0, eventTime=145898, downTime=145824, deviceId=0, source=0x1002 }
D/InputEventConsistencyVerifier(  416):   5: sent at 145895000000, MotionEvent { action=ACTION_MOVE, id[0]=0, x[0]=346.0, y[0]=38.0, toolType[0]=TOOL_TYPE_UNKNOWN, id[1]=1, x[1]=451.0, y[1]=45.0, toolType[1]=TOOL_TYPE_UNKNOWN, buttonState=0, metaState=0, flags=0x0, edgeFlags=0x0, pointerCount=2, historySize=0, eventTime=145895, downTime=145824, deviceId=0, source=0x1002 }
W/dalvikvm(  416): DroidBox: { "FdAccess": { "path": "2f70726f632f6d656d696e666f", "id": "1929267460" } }
W/DroidBox(  416): DroidBox: { "FileRW": { "operation": "read", "data": "4d656d546f74616c3a202020202020202020373438393634206b420a4d656d467265653a20202020202020202020343430373034206b420a427566666572733a20202020202020202020202035353838206b420a4361636865643a202020202020202020", "id": "1929267460" } }
I/Choreographer( 1015): Skipped 47 frames!  The application may be doing too much work on its main thread.
W/dalvikvm(  416): DroidBox: { "FdAccess": { "path": "2f70726f632f6d656d696e666f", "id": "1660806199" } }
I/ActivityManager(  223): START {act=android.settings.SETTINGS flg=0x10000000 cmp=com.android.settings/.Settings u=0} from pid 416
E/Trace   ( 1113): error opening trace file: No such file or directory (2)
W/DroidBox( 1113): DroidBox: { "DexClassLoader": { "path": "/system/app/Music.apk" } }
W/DroidBox( 1113): DroidBox: { "ServiceStart": { "name": "com.android.music.MediaPlaybackService" } }
W/DroidBox( 1113): DroidBox: { "ServiceStart": { "name": "com.android.music.MediaPlaybackService" } }
I/AudioService(  223):   Remote Control   registerMediaButtonIntent() for PendingIntent{b42455b8: PendingIntentRecord{b4245558 com.android.music broadcastIntent}}
W/DroidBox(  416): DroidBox: { "FileRW": { "operation": "read", "data": "4d656d546f74616c3a202020202020202020373438393634206b420a4d656d467265653a20202020202020202020343430353732206b420a427566666572733a20202020202020202020202035353838206b420a4361636865643a202020202020202020", "id": "1660806199" } }
I/Choreographer(  416): Skipped 177 frames!  The application may be doing too much work on its main thread.
D/InputEventConsistencyVerifier(  416): KeyEvent: ACTION_UP but key was not down.
D/InputEventConsistencyVerifier(  416):   in com.android.systemui.statusbar.phone.PhoneStatusBarView@b3e0e1e0
D/InputEventConsistencyVerifier(  416):   0: sent at 146978000000, KeyEvent { action=ACTION_UP, keyCode=KEYCODE_DPAD_UP, scanCode=0, metaState=0, flags=0x400, repeatCount=0, eventTime=146978, downTime=146978, deviceId=-1, source=0x101 }
D/InputEventConsistencyVerifier(  416):   -- recent events --
D/InputEventConsistencyVerifier(  416):   1: sent at 146199000000, (unhandled) KeyEvent { action=ACTION_DOWN, keyCode=KEYCODE_DPAD_DOWN, scanCode=0, metaState=0, flags=0x400, repeatCount=0, eventTime=146199, downTime=146199, deviceId=-1, source=0x101 }
D/InputEventConsistencyVerifier(  416):   2: sent at 146198000000, (unhandled) KeyEvent { action=ACTION_MULTIPLE, keyCode=KEYCODE_DPAD_DOWN, scanCode=0, metaState=0, flags=0x400, repeatCount=2, eventTime=146198, downTime=146198, deviceId=-1, source=0x101 }
D/InputEventConsistencyVerifier(  416):   3: sent at 146156000000, (unhandled) MotionEvent { action=ACTION_MOVE, id[0]=0, x[0]=-2.0, y[0]=4.0, toolType[0]=TOOL_TYPE_UNKNOWN, buttonState=0, metaState=0, flags=0x0, edgeFlags=0x0, pointerCount=1, historySize=5, eventTime=146156, downTime=-1, deviceId=0, source=0x10004 }
D/InputEventConsistencyVerifier(  416):   4: sent at 146145000000, (unhandled) KeyEvent { action=ACTION_UP, keyCode=KEYCODE_DPAD_CENTER, scanCode=0, metaState=0, flags=0x80000400, repeatCount=0, eventTime=146145, downTime=146145, deviceId=-1, source=0x101 }
D/InputEventConsistencyVerifier(  416):   5: sent at 146067000000, (unhandled) MotionEvent { action=ACTION_UP, id[0]=0, x[0]=0.0, y[0]=0.0, toolType[0]=TOOL_TYPE_UNKNOWN, buttonState=0, metaState=0, flags=0x80000000, edgeFlags=0x0, pointerCount=1, historySize=0, eventTime=146067, downTime=145983, deviceId=0, source=0x10004 }
W/dalvikvm(  416): DroidBox: { "FdAccess": { "path": "2f70726f632f6d656d696e666f", "id": "1845580658" } }
W/DroidBox(  416): DroidBox: { "FileRW": { "operation": "read", "data": "4d656d546f74616c3a202020202020202020373438393634206b420a4d656d467265653a20202020202020202020343338363936206b420a427566666572733a20202020202020202020202035363034206b420a4361636865643a202020202020202020", "id": "1845580658" } }
I/Choreographer( 1015): Skipped 33 frames!  The application may be doing too much work on its main thread.
I/Choreographer(  416): Skipped 40 frames!  The application may be doing too much work on its main thread.
I/Choreographer( 1015): Skipped 36 frames!  The application may be doing too much work on its main thread.
E/WVMExtractor(   61): Failed to open libwvm.so
I/ActivityManager(  223): START {act=android.intent.action.MAIN cat=[android.intent.category.HOME] flg=0x10200000 cmp=com.android.launcher/com.android.launcher2.Launcher u=0} from pid 223
D/InputEventConsistencyVerifier(  416): KeyEvent: ACTION_UP but key was not down.
D/InputEventConsistencyVerifier(  416):   in android.widget.FrameLayout@b3e0afd0
D/InputEventConsistencyVerifier(  416):   0: sent at 147173000000, KeyEvent { action=ACTION_UP, keyCode=KEYCODE_DPAD_DOWN, scanCode=0, metaState=0, flags=0x8, repeatCount=0, eventTime=147173, downTime=147173, deviceId=-1, source=0x101 }
D/InputEventConsistencyVerifier(  416):   -- recent events --
D/InputEventConsistencyVerifier(  416):   1: sent at 146978000000, (unhandled) KeyEvent { action=ACTION_DOWN, keyCode=KEYCODE_DPAD_UP, scanCode=0, metaState=0, flags=0x400, repeatCount=0, eventTime=146978, downTime=146978, deviceId=-1, source=0x101 }
D/InputEventConsistencyVerifier(  416):   2: sent at 146251000000, (unhandled) MotionEvent { action=ACTION_MOVE, id[0]=0, x[0]=4.0, y[0]=-4.0, toolType[0]=TOOL_TYPE_UNKNOWN, buttonState=0, metaState=0, flags=0x0, edgeFlags=0x0, pointerCount=1, historySize=3, eventTime=146251, downTime=-1, deviceId=0, source=0x10004 }
D/InputEventConsistencyVerifier(  416):   3: sent at 146199000000, (unhandled) KeyEvent { action=ACTION_UP, keyCode=KEYCODE_DPAD_DOWN, scanCode=0, metaState=0, flags=0x400, repeatCount=0, eventTime=146199, downTime=146199, deviceId=-1, source=0x101 }
D/InputEventConsistencyVerifier(  416):   4: sent at 146199000000, (unhandled) KeyEvent { action=ACTION_DOWN, keyCode=KEYCODE_DPAD_DOWN, scanCode=0, metaState=0, flags=0x400, repeatCount=0, eventTime=146199, downTime=146199, deviceId=-1, source=0x101 }
D/InputEventConsistencyVerifier(  416):   5: sent at 146199000000, (unhandled) KeyEvent { action=ACTION_UP, keyCode=KEYCODE_DPAD_DOWN, scanCode=0, metaState=0, flags=0x400, repeatCount=0, eventTime=146199, downTime=146199, deviceId=-1, source=0x101 }
D/PhoneStatusBar(  416): disable: < expand icons alerts ticker* system_info back home recent clock >
V/PhoneStatusBar(  416): setLightsOn(true)
I/Choreographer( 1015): Skipped 53 frames!  The application may be doing too much work on its main thread.
W/InputMethodManagerService(  223): Window already focused, ignoring focus gain of: com.android.internal.view.IInputMethodClient$Stub$Proxy@b3e82928 attribute=null
E/WVMExtractor(   61): Failed to open libwvm.so
I/Choreographer( 1015): Skipped 50 frames!  The application may be doing too much work on its main thread.
I/InputDispatcher(  223): Dropped event because of pending overdue app switch.
I/InputDispatcher(  223): Dropped event because of pending overdue app switch.
W/InputManager(  223): Input event injection from pid 981 failed.
W/InputManager(  223): Input event injection from pid 981 failed.
I/ActivityManager(  223): START {act=android.intent.action.MAIN cat=[android.intent.category.LAUNCHER] flg=0x10200000 cmp=cn.ozunimo.kuaidi/.LoginActivity u=0} from pid 981
D/InputEventConsistencyVerifier( 1015): KeyEvent: ACTION_DOWN but key is already down and this event is not a key repeat.
D/InputEventConsistencyVerifier( 1015):   in android.webkit.WebView@b3ec4f20
D/InputEventConsistencyVerifier( 1015):   0: sent at 147799000000, KeyEvent { action=ACTION_DOWN, keyCode=KEYCODE_DPAD_LEFT, scanCode=0, metaState=0, flags=0x400, repeatCount=0, eventTime=147799, downTime=147799, deviceId=-1, source=0x101 }
D/InputEventConsistencyVerifier( 1015):   -- recent events --
D/InputEventConsistencyVerifier( 1015):   1: sent at 147691000000, (unhandled) MotionEvent { action=ACTION_MOVE, id[0]=0, x[0]=-3.0, y[0]=-2.0, toolType[0]=TOOL_TYPE_UNKNOWN, buttonState=0, metaState=0, flags=0x0, edgeFlags=0x0, pointerCount=1, historySize=9, eventTime=147691, downTime=-1, deviceId=0, source=0x10004 }
D/InputEventConsistencyVerifier( 1015):   2: sent at 147398000000, KeyEvent { action=ACTION_UP, keyCode=KEYCODE_DPAD_RIGHT, scanCode=0, metaState=0, flags=0x8, repeatCount=0, eventTime=147398, downTime=147398, deviceId=-1, source=0x101 }
D/InputEventConsistencyVerifier( 1015):   3: sent at 147394000000, KeyEvent { action=ACTION_DOWN, keyCode=KEYCODE_DPAD_RIGHT, scanCode=0, metaState=0, flags=0x8, repeatCount=0, eventTime=147394, downTime=147394, deviceId=-1, source=0x101 }
D/InputEventConsistencyVerifier( 1015):   4: sent at 137087000000, KeyEvent { action=ACTION_DOWN, keyCode=KEYCODE_DPAD_LEFT, scanCode=0, metaState=0, flags=0x8, repeatCount=0, eventTime=137087, downTime=137087, deviceId=-1, source=0x101 }
D/InputEventConsistencyVerifier( 1015):   5: sent at 137008000000, KeyEvent { action=ACTION_UP, keyCode=KEYCODE_DPAD_DOWN, scanCode=0, metaState=0, flags=0x8, repeatCount=0, eventTime=137008, downTime=137008, deviceId=-1, source=0x101 }
E/WVMExtractor(   61): Failed to open libwvm.so
E/WVMExtractor(   61): Failed to open libwvm.so
E/WVMExtractor(   61): Failed to open libwvm.so
I/Choreographer( 1015): Skipped 38 frames!  The application may be doing too much work on its main thread.
E/WVMExtractor(   61): Failed to open libwvm.so
I/Choreographer( 1015): Skipped 39 frames!  The application may be doing too much work on its main thread.
E/WVMExtractor(   61): Failed to open libwvm.so
I/Choreographer( 1015): Skipped 88 frames!  The application may be doing too much work on its main thread.
E/WVMExtractor(   61): Failed to open libwvm.so
I/Choreographer( 1015): Skipped 33 frames!  The application may be doing too much work on its main thread.
E/WVMExtractor(   61): Failed to open libwvm.so
I/Choreographer( 1015): Skipped 42 frames!  The application may be doing too much work on its main thread.
I/Choreographer( 1015): Skipped 38 frames!  The application may be doing too much work on its main thread.
W/dalvikvm( 1113): DroidBox: { "FdAccess": { "path": "2f646174612f646174612f636f6d2e616e64726f69642e6d757369632f7368617265645f70726566732f4d757369632e786d6c", "id": "1398972595" } }
W/DroidBox( 1113): DroidBox: { "FileRW": { "operation": "write", "data": "3c3f786d6c2076657273696f6e3d27312e302720656e636f64696e673d277574662d3827207374616e64616c6f6e653d2779657327203f3e0a3c6d61703e0a3c737472696e67206e616d653d227175657565223e3c2f737472696e673e0a3c696e74206e", "id": "1398972595" } }
E/WVMExtractor(   61): Failed to open libwvm.so
I/Choreographer( 1015): Skipped 35 frames!  The application may be doing too much work on its main thread.
E/WVMExtractor(   61): Failed to open libwvm.so
E/WVMExtractor(   61): Failed to open libwvm.so
E/WVMExtractor(   61): Failed to open libwvm.so
I/Choreographer( 1015): Skipped 48 frames!  The application may be doing too much work on its main thread.
E/WVMExtractor(   61): Failed to open libwvm.so
I/Choreographer( 1015): Skipped 34 frames!  The application may be doing too much work on its main thread.
I/Choreographer( 1015): Skipped 55 frames!  The application may be doing too much work on its main thread.
E/WVMExtractor(   61): Failed to open libwvm.so
I/Choreographer( 1015): Skipped 40 frames!  The application may be doing too much work on its main thread.
E/WVMExtractor(   61): Failed to open libwvm.so
I/ActivityManager(  223): START {act=android.intent.action.CALL_BUTTON flg=0x10000000 cmp=com.android.contacts/.activities.DialtactsActivity u=0} from pid 1015
I/Choreographer( 1015): Skipped 44 frames!  The application may be doing too much work on its main thread.
E/WVMExtractor(   61): Failed to open libwvm.so
D/InputEventConsistencyVerifier( 1015): TrackballEvent: Trackball is down but pressure is not greater than 0.
D/InputEventConsistencyVerifier( 1015):   in android.view.ViewRootImpl@b3e0d158
D/InputEventConsistencyVerifier( 1015):   0: sent at 153278000000, MotionEvent { action=ACTION_DOWN, id[0]=0, x[0]=0.0, y[0]=0.0, toolType[0]=TOOL_TYPE_UNKNOWN, buttonState=0, metaState=0, flags=0x0, edgeFlags=0x0, pointerCount=1, historySize=0, eventTime=153278, downTime=153203, deviceId=0, source=0x10004 }
D/InputEventConsistencyVerifier( 1015):   -- recent events --
D/InputEventConsistencyVerifier( 1015):   1: sent at 153269000000, MotionEvent { action=ACTION_MOVE, id[0]=0, x[0]=-3.0, y[0]=0.0, toolType[0]=TOOL_TYPE_UNKNOWN, buttonState=0, metaState=0, flags=0x0, edgeFlags=0x0, pointerCount=1, historySize=9, eventTime=153269, downTime=-1, deviceId=0, source=0x10004 }
D/InputEventConsistencyVerifier( 1015):   2: sent at 153036000000, KeyEvent { action=ACTION_UP, keyCode=KEYCODE_DPAD_CENTER, scanCode=0, metaState=0, flags=0x8, repeatCount=0, eventTime=153036, downTime=153036, deviceId=-1, source=0x101 }
D/InputEventConsistencyVerifier( 1015):   3: sent at 152849000000, KeyEvent { action=ACTION_DOWN, keyCode=KEYCODE_DPAD_CENTER, scanCode=0, metaState=0, flags=0x8, repeatCount=0, eventTime=152849, downTime=152849, deviceId=-1, source=0x101 }
D/InputEventConsistencyVerifier( 1015):   4: sent at 152748000000, KeyEvent { action=ACTION_UP, keyCode=KEYCODE_CALL, scanCode=0, metaState=0, flags=0x8, repeatCount=0, eventTime=152748, downTime=152748, deviceId=-1, source=0x101 }
D/InputEventConsistencyVerifier( 1015):   5: sent at 152454000000, KeyEvent { action=ACTION_DOWN, keyCode=KEYCODE_CALL, scanCode=0, metaState=0, flags=0x8, repeatCount=0, eventTime=152454, downTime=152454, deviceId=-1, source=0x101 }
I/Choreographer( 1015): Skipped 32 frames!  The application may be doing too much work on its main thread.
E/WVMExtractor(   61): Failed to open libwvm.so
E/WVMExtractor(   61): Failed to open libwvm.so
E/WVMExtractor(   61): Failed to open libwvm.so
E/WVMExtractor(   61): Failed to open libwvm.so
E/WVMExtractor(   61): Failed to open libwvm.so
I/Choreographer( 1015): Skipped 37 frames!  The application may be doing too much work on its main thread.
I/Choreographer( 1015): Skipped 35 frames!  The application may be doing too much work on its main thread.
E/WVMExtractor(   61): Failed to open libwvm.so
I/Choreographer( 1015): Skipped 31 frames!  The application may be doing too much work on its main thread.
E/WVMExtractor(   61): Failed to open libwvm.so
I/Choreographer( 1015): Skipped 38 frames!  The application may be doing too much work on its main thread.
E/WVMExtractor(   61): Failed to open libwvm.so
E/WVMExtractor(   61): Failed to open libwvm.so
I/Choreographer( 1015): Skipped 45 frames!  The application may be doing too much work on its main thread.
I/Choreographer( 1015): Skipped 37 frames!  The application may be doing too much work on its main thread.
E/WVMExtractor(   61): Failed to open libwvm.so
I/Choreographer( 1015): Skipped 36 frames!  The application may be doing too much work on its main thread.
I/NetworkPolicy(  223): no policy for active mobile network; generating default policy
I/Choreographer( 1015): Skipped 35 frames!  The application may be doing too much work on its main thread.
I/Choreographer( 1015): Skipped 43 frames!  The application may be doing too much work on its main thread.
I/Choreographer( 1015): Skipped 43 frames!  The application may be doing too much work on its main thread.
E/WVMExtractor(   61): Failed to open libwvm.so
I/Choreographer( 1015): Skipped 44 frames!  The application may be doing too much work on its main thread.
E/NetdConnector(  223): NDC Command {11 bandwidth setiquota eth0 9223372036854775807} took too long (1257ms)
I/Choreographer( 1015): Skipped 45 frames!  The application may be doing too much work on its main thread.
E/WVMExtractor(   61): Failed to open libwvm.so
I/Choreographer( 1015): Skipped 72 frames!  The application may be doing too much work on its main thread.
I/Choreographer( 1015): Skipped 35 frames!  The application may be doing too much work on its main thread.
E/NetdConnector(  223): NDC Command {12 bandwidth removeiquota eth0} took too long (751ms)
E/WVMExtractor(   61): Failed to open libwvm.so
I/Choreographer( 1015): Skipped 53 frames!  The application may be doing too much work on its main thread.
I/Choreographer( 1015): Skipped 62 frames!  The application may be doing too much work on its main thread.
E/WVMExtractor(   61): Failed to open libwvm.so
I/Choreographer( 1015): Skipped 44 frames!  The application may be doing too much work on its main thread.
I/Choreographer( 1015): Skipped 53 frames!  The application may be doing too much work on its main thread.
E/WVMExtractor(   61): Failed to open libwvm.so
E/NetdConnector(  223): NDC Command {13 bandwidth setiquota eth0 9223372036854775807} took too long (1354ms)
I/Choreographer( 1015): Skipped 62 frames!  The application may be doing too much work on its main thread.
I/ActivityManager(  223): START {act=android.intent.action.MAIN cat=[android.intent.category.LAUNCHER] flg=0x10200000 cmp=cn.ozunimo.kuaidi/.LoginActivity u=0} from pid 981
E/WVMExtractor(   61): Failed to open libwvm.so
I/Choreographer( 1015): Skipped 32 frames!  The application may be doing too much work on its main thread.
E/webcoreglue( 1015): Should not happen: no rect-based-test nodes found
E/WVMExtractor(   61): Failed to open libwvm.so
I/Choreographer( 1015): Skipped 166 frames!  The application may be doing too much work on its main thread.
I/Choreographer( 1015): Skipped 103 frames!  The application may be doing too much work on its main thread.
E/WVMExtractor(   61): Failed to open libwvm.so
E/WVMExtractor(   61): Failed to open libwvm.so
E/WVMExtractor(   61): Failed to open libwvm.so
I/Choreographer(  223): Skipped 70 frames!  The application may be doing too much work on its main thread.
I/ActivityManager(  223): START {act=android.intent.action.MAIN cat=[android.intent.category.HOME] flg=0x10200000 cmp=com.android.launcher/com.android.launcher2.Launcher u=0} from pid 223
D/InputEventConsistencyVerifier( 1015): KeyEvent: ACTION_UP but key was not down.
D/InputEventConsistencyVerifier( 1015):   in android.view.ViewRootImpl@b3e0d158
D/InputEventConsistencyVerifier( 1015):   0: sent at 162320000000, KeyEvent { action=ACTION_UP, keyCode=KEYCODE_DPAD_RIGHT, scanCode=0, metaState=0, flags=0x8, repeatCount=0, eventTime=162320, downTime=162320, deviceId=-1, source=0x101 }
D/InputEventConsistencyVerifier( 1015):   -- recent events --
D/InputEventConsistencyVerifier( 1015):   1: sent at 160691000000, MotionEvent { action=ACTION_UP, id[0]=0, x[0]=263.0, y[0]=480.0, toolType[0]=TOOL_TYPE_UNKNOWN, buttonState=0, metaState=0, flags=0x0, edgeFlags=0x0, pointerCount=1, historySize=0, eventTime=160691, downTime=160676, deviceId=0, source=0x1002 }
D/InputEventConsistencyVerifier( 1015):   2: sent at 160685000000, MotionEvent { action=ACTION_MOVE, id[0]=0, x[0]=263.0, y[0]=491.0, toolType[0]=TOOL_TYPE_UNKNOWN, buttonState=0, metaState=0, flags=0x0, edgeFlags=0x0, pointerCount=1, historySize=0, eventTime=160685, downTime=160676, deviceId=0, source=0x1002 }
D/InputEventConsistencyVerifier( 1015):   3: sent at 160677000000, MotionEvent { action=ACTION_DOWN, id[0]=0, x[0]=264.0, y[0]=496.0, toolType[0]=TOOL_TYPE_UNKNOWN, buttonState=0, metaState=0, flags=0x0, edgeFlags=0x0, pointerCount=1, historySize=0, eventTime=160677, downTime=160676, deviceId=0, source=0x1002 }
D/InputEventConsistencyVerifier( 1015):   4: sent at 160584000000, MotionEvent { action=ACTION_UP, id[0]=0, x[0]=327.0, y[0]=398.0, toolType[0]=TOOL_TYPE_UNKNOWN, buttonState=0, metaState=0, flags=0x0, edgeFlags=0x0, pointerCount=1, historySize=0, eventTime=160584, downTime=160577, deviceId=0, source=0x1002 }
D/InputEventConsistencyVerifier( 1015):   5: sent at 160577000000, MotionEvent { action=ACTION_DOWN, id[0]=0, x[0]=323.0, y[0]=404.0, toolType[0]=TOOL_TYPE_UNKNOWN, buttonState=0, metaState=0, flags=0x0, edgeFlags=0x0, pointerCount=1, historySize=0, eventTime=160577, downTime=160577, deviceId=0, source=0x1002 }
E/WVMExtractor(   61): Failed to open libwvm.so
E/WVMExtractor(   61): Failed to open libwvm.so
I/InputDispatcher(  223): Dropped event because of pending overdue app switch.
I/Choreographer(  223): Skipped 56 frames!  The application may be doing too much work on its main thread.
W/InputManager(  223): Input event injection from pid 981 failed.
I/Choreographer( 1015): Skipped 147 frames!  The application may be doing too much work on its main thread.
D/InputEventConsistencyVerifier( 1015): KeyEvent: ACTION_UP but key was not down.
D/InputEventConsistencyVerifier( 1015):   in android.view.ViewRootImpl@b3e0d158
D/InputEventConsistencyVerifier( 1015):   0: sent at 162711000000, KeyEvent { action=ACTION_UP, keyCode=KEYCODE_DPAD_LEFT, scanCode=0, metaState=0, flags=0x8, repeatCount=0, eventTime=162711, downTime=162711, deviceId=-1, source=0x101 }
D/InputEventConsistencyVerifier( 1015):   -- recent events --
D/InputEventConsistencyVerifier( 1015):   1: sent at 162320000000, KeyEvent { action=ACTION_UP, keyCode=KEYCODE_DPAD_RIGHT, scanCode=0, metaState=0, flags=0x80000008, repeatCount=0, eventTime=162320, downTime=162320, deviceId=-1, source=0x101 }
D/InputEventConsistencyVerifier( 1015):   2: sent at 160691000000, MotionEvent { action=ACTION_UP, id[0]=0, x[0]=263.0, y[0]=480.0, toolType[0]=TOOL_TYPE_UNKNOWN, buttonState=0, metaState=0, flags=0x0, edgeFlags=0x0, pointerCount=1, historySize=0, eventTime=160691, downTime=160676, deviceId=0, source=0x1002 }
D/InputEventConsistencyVerifier( 1015):   3: sent at 160685000000, MotionEvent { action=ACTION_MOVE, id[0]=0, x[0]=263.0, y[0]=491.0, toolType[0]=TOOL_TYPE_UNKNOWN, buttonState=0, metaState=0, flags=0x0, edgeFlags=0x0, pointerCount=1, historySize=0, eventTime=160685, downTime=160676, deviceId=0, source=0x1002 }
D/InputEventConsistencyVerifier( 1015):   4: sent at 160677000000, MotionEvent { action=ACTION_DOWN, id[0]=0, x[0]=264.0, y[0]=496.0, toolType[0]=TOOL_TYPE_UNKNOWN, buttonState=0, metaState=0, flags=0x0, edgeFlags=0x0, pointerCount=1, historySize=0, eventTime=160677, downTime=160676, deviceId=0, source=0x1002 }
D/InputEventConsistencyVerifier( 1015):   5: sent at 160584000000, MotionEvent { action=ACTION_UP, id[0]=0, x[0]=327.0, y[0]=398.0, toolType[0]=TOOL_TYPE_UNKNOWN, buttonState=0, metaState=0, flags=0x0, edgeFlags=0x0, pointerCount=1, historySize=0, eventTime=160584, downTime=160577, deviceId=0, source=0x1002 }
W/InputMethodManagerService(  223): Window already focused, ignoring focus gain of: com.android.internal.view.IInputMethodClient$Stub$Proxy@b4291fd0 attribute=null
I/Choreographer( 1015): Skipped 47 frames!  The application may be doing too much work on its main thread.
I/ActivityManager(  223): START {act=android.intent.action.MAIN cat=[android.intent.category.LAUNCHER] flg=0x10200000 cmp=cn.ozunimo.kuaidi/.LoginActivity u=0} from pid 981
E/webcoreglue( 1015): Should not happen: no rect-based-test nodes found
E/WVMExtractor(   61): Failed to open libwvm.so
I/Choreographer( 1015): Skipped 50 frames!  The application may be doing too much work on its main thread.
E/WVMExtractor(   61): Failed to open libwvm.so
I/Choreographer( 1015): Skipped 32 frames!  The application may be doing too much work on its main thread.
E/WVMExtractor(   61): Failed to open libwvm.so
E/WVMExtractor(   61): Failed to open libwvm.so
E/FrameworkListener(   55): read() failed (Connection reset by peer)
E/WVMExtractor(   61): Failed to open libwvm.so
I/Choreographer( 1015): Skipped 34 frames!  The application may be doing too much work on its main thread.
E/WVMExtractor(   61): Failed to open libwvm.so
E/WVMExtractor(   61): Failed to open libwvm.so
E/WVMExtractor(   61): Failed to open libwvm.so
I/Choreographer( 1015): Skipped 30 frames!  The application may be doing too much work on its main thread.
E/WVMExtractor(   61): Failed to open libwvm.so
E/WVMExtractor(   61): Failed to open libwvm.so
E/WVMExtractor(   61): Failed to open libwvm.so
I/InputDispatcher(  223): Window 'Window{b3fb1890 cn.ozunimo.kuaidi/com.waps.OffersWebView paused=false}' spent 2912.6ms processing the last input event: KeyEvent(action=0, deviceId=-1, source=0x00000101)
I/Choreographer( 1015): Skipped 42 frames!  The application may be doing too much work on its main thread.
I/ActivityManager(  223): START {act=android.intent.action.MAIN cat=[android.intent.category.LAUNCHER] flg=0x10200000 cmp=cn.ozunimo.kuaidi/.LoginActivity u=0} from pid 981
E/WVMExtractor(   61): Failed to open libwvm.so
E/WVMExtractor(   61): Failed to open libwvm.so
E/webcoreglue( 1015): Should not happen: no rect-based-test nodes found
W/AudioFlinger(   61): write blocked for 442 msecs, 5 delayed writes, thread 0xb8a9f080
E/WVMExtractor(   61): Failed to open libwvm.so
E/WVMExtractor(   61): Failed to open libwvm.so
E/WVMExtractor(   61): Failed to open libwvm.so
W/dalvikvm(  223): DroidBox: { "FdAccess": { "path": "2f70726f632f313131332f636d646c696e65", "id": "2017152980" } }
W/DroidBox(  223): DroidBox: { "FileRW": { "operation": "read", "data": "636f6d2e616e64726f69642e6d75736963000000000000000000000000000000000000000000000000000000000000000000000000000000000000000000000000000000000000000000000034376230653330373565306132326564353836372e61706b", "id": "2017152980" } }
I/Choreographer( 1015): Skipped 238 frames!  The application may be doing too much work on its main thread.
I/Choreographer( 1015): Skipped 35 frames!  The application may be doing too much work on its main thread.
E/webcoreglue( 1015): Should not happen: no rect-based-test nodes found
E/WVMExtractor(   61): Failed to open libwvm.so
E/webcoreglue( 1015): Should not happen: no rect-based-test nodes found
I/Choreographer( 1015): Skipped 206 frames!  The application may be doing too much work on its main thread.
W/DroidBox( 1113): DroidBox: { "ServiceStart": { "name": "com.android.music.MediaPlaybackService" } }
W/DroidBox( 1113): DroidBox: { "ServiceStart": { "name": "com.android.music.MediaPlaybackService" } }
E/WVMExtractor(   61): Failed to open libwvm.so
I/Choreographer( 1015): Skipped 77 frames!  The application may be doing too much work on its main thread.
E/webcoreglue( 1015): Should not happen: no rect-based-test nodes found
I/ActivityManager(  223): START {act=android.intent.action.MAIN cat=[android.intent.category.HOME] flg=0x10200000 cmp=com.android.launcher/com.android.launcher2.Launcher u=0} from pid 223
E/WVMExtractor(   61): Failed to open libwvm.so
E/WVMExtractor(   61): Failed to open libwvm.so
