D/InputEventConsistencyVerifier(  605): KeyEvent: ACTION_UP but key was not down.
D/InputEventConsistencyVerifier(  605):   in com.android.internal.policy.impl.PhoneWindow$DecorView@b41130a8
D/InputEventConsistencyVerifier(  605):   0: sent at 100136000000, KeyEvent { action=ACTION_UP, keyCode=KEYCODE_DPAD_RIGHT, scanCode=0, metaState=0, flags=0x8, repeatCount=0, eventTime=100136, downTime=100136, deviceId=-1, source=0x101 }
W/dalvikvm(  861): DroidBox: { "FdAccess": { "path": "2f646174612f646174612f636f6d2e616e64726f69642e67616c6c65727933642f7368617265645f70726566732f636f6d2e616e64726f69642e67616c6c65727933645f707265666572656e6365732e786d6c", "id": "769560297" } }
W/DroidBox(  861): DroidBox: { "FileRW": { "operation": "write", "data": "3c3f786d6c2076657273696f6e3d27312e302720656e636f64696e673d277574662d3827207374616e64616c6f6e653d2779657327203f3e0a3c6d61703e0a3c696e74206e616d653d227061636b616765732d76657273696f6e222076616c75653d2235", "id": "769560297" } }
W/dalvikvm(  982): DroidBox: { "FdAccess": { "path": "2f6465762f696e7075742f6576656e7430", "id": "893750522" } }
W/DroidBox(  982): DroidBox: { "FileRW": { "operation": "write", "data": "efbfbd060000efbfbdefbfbd0c000500000000000000", "id": "893750522" } }
I/ActivityManager(  228): START {act=android.search.action.GLOBAL_SEARCH flg=0x10000000 cmp=com.android.quicksearchbox/.SearchActivity bnds=[5,43][475,103] (has extras) u=0} from pid 605
I/Choreographer(  605): Skipped 48 frames!  The application may be doing too much work on its main thread.
E/Trace   ( 1001): error opening trace file: No such file or directory (2)
W/DroidBox( 1001): DroidBox: { "DexClassLoader": { "path": "/data/app/at.itagents.ta_setup_mf-1.apk" } }
W/dalvikvm(  861): DroidBox: { "FdAccess": { "path": "2f646174612f646174612f636f6d2e616e64726f69642e67616c6c65727933642f7368617265645f70726566732f636f6d2e616e64726f69642e67616c6c65727933645f707265666572656e6365732e786d6c", "id": "607942377" } }
W/DroidBox(  861): DroidBox: { "FileRW": { "operation": "write", "data": "3c3f786d6c2076657273696f6e3d27312e302720656e636f64696e673d277574662d3827207374616e64616c6f6e653d2779657327203f3e0a3c6d61703e0a3c696e74206e616d653d227061636b616765732d76657273696f6e222076616c75653d2236", "id": "607942377" } }
E/WVMExtractor(   62): Failed to open libwvm.so
I/dalvikvm-heap(  605): Grow heap (frag case) to 15.075MB for 1463056-byte allocation
W/InputMethodManagerService(  228): Starting input on non-focused client com.android.internal.view.IInputMethodClient$Stub$Proxy@b3ff79b8 (uid=10019 pid=605)
D/InputEventConsistencyVerifier(  605): KeyEvent: ACTION_UP but key was not down.
D/InputEventConsistencyVerifier(  605):   in com.android.launcher2.Cling@b4152408
D/InputEventConsistencyVerifier(  605):   0: sent at 100510000000, KeyEvent { action=ACTION_UP, keyCode=KEYCODE_DPAD_DOWN, scanCode=0, metaState=0, flags=0x8, repeatCount=0, eventTime=100510, downTime=100510, deviceId=-1, source=0x101 }
W/dalvikvm(  861): DroidBox: { "FdAccess": { "path": "2f646174612f646174612f636f6d2e616e64726f69642e67616c6c65727933642f7368617265645f70726566732f636f6d2e616e64726f69642e67616c6c65727933645f707265666572656e6365732e786d6c", "id": "1707941697" } }
W/DroidBox(  861): DroidBox: { "FileRW": { "operation": "write", "data": "3c3f786d6c2076657273696f6e3d27312e302720656e636f64696e673d277574662d3827207374616e64616c6f6e653d2779657327203f3e0a3c6d61703e0a3c696e74206e616d653d227061636b616765732d76657273696f6e222076616c75653d2237", "id": "1707941697" } }
I/Choreographer(  605): Skipped 36 frames!  The application may be doing too much work on its main thread.
W/dalvikvm(  861): DroidBox: { "FdAccess": { "path": "2f646174612f646174612f636f6d2e616e64726f69642e67616c6c65727933642f7368617265645f70726566732f636f6d2e616e64726f69642e67616c6c65727933645f707265666572656e6365732e786d6c", "id": "1606900093" } }
W/DroidBox(  861): DroidBox: { "FileRW": { "operation": "write", "data": "3c3f786d6c2076657273696f6e3d27312e302720656e636f64696e673d277574662d3827207374616e64616c6f6e653d2779657327203f3e0a3c6d61703e0a3c696e74206e616d653d227061636b616765732d76657273696f6e222076616c75653d2238", "id": "1606900093" } }
V/PhoneStatusBar(  421): setLightsOn(true)
I/Choreographer( 1001): Skipped 169 frames!  The application may be doing too much work on its main thread.
D/InputEventConsistencyVerifier( 1001): KeyEvent: ACTION_UP but key was not down.
D/InputEventConsistencyVerifier( 1001):   in com.android.internal.policy.impl.PhoneWindow$DecorView@b3e541e0
D/InputEventConsistencyVerifier( 1001):   0: sent at 103029000000, KeyEvent { action=ACTION_UP, keyCode=KEYCODE_DPAD_LEFT, scanCode=0, metaState=0, flags=0x400, repeatCount=0, eventTime=103029, downTime=103029, deviceId=-1, source=0x101 }
D/InputEventConsistencyVerifier( 1001):   -- recent events --
D/InputEventConsistencyVerifier( 1001):   1: sent at 102957000000, (unhandled) MotionEvent { action=ACTION_MOVE, id[0]=0, x[0]=-2.0, y[0]=1.0, toolType[0]=TOOL_TYPE_UNKNOWN, buttonState=0, metaState=0, flags=0x0, edgeFlags=0x0, pointerCount=1, historySize=9, eventTime=102957, downTime=-1, deviceId=0, source=0x10004 }
D/InputEventConsistencyVerifier( 1001):   2: sent at 102859000000, (unhandled) MotionEvent { action=ACTION_UP, id[0]=0, x[0]=432.0, y[0]=722.0, toolType[0]=TOOL_TYPE_UNKNOWN, buttonState=0, metaState=0, flags=0x1, edgeFlags=0x0, pointerCount=1, historySize=0, eventTime=102859, downTime=102851, deviceId=0, source=0x1002 }
D/InputEventConsistencyVerifier( 1001):   3: sent at 102852000000, (unhandled) MotionEvent { action=ACTION_DOWN, id[0]=0, x[0]=427.0, y[0]=724.0, toolType[0]=TOOL_TYPE_UNKNOWN, buttonState=0, metaState=0, flags=0x1, edgeFlags=0x0, pointerCount=1, historySize=0, eventTime=102852, downTime=102851, deviceId=0, source=0x1002 }
D/InputEventConsistencyVerifier( 1001):   4: sent at 102764000000, (unhandled) KeyEvent { action=ACTION_UP, keyCode=KEYCODE_MENU, scanCode=0, metaState=0, flags=0x8, repeatCount=0, eventTime=102764, downTime=102764, deviceId=-1, source=0x101 }
D/InputEventConsistencyVerifier( 1001):   5: sent at 100862000000, (unhandled) KeyEvent { action=ACTION_DOWN, keyCode=KEYCODE_MENU, scanCode=0, metaState=0, flags=0x8, repeatCount=0, eventTime=100862, downTime=100862, deviceId=-1, source=0x101 }
I/Choreographer(  605): Skipped 118 frames!  The application may be doing too much work on its main thread.
D/InputEventConsistencyVerifier( 1001): KeyEvent: ACTION_UP but key was not down.
D/InputEventConsistencyVerifier( 1001):   in android.widget.LinearLayout@b3ea9000
D/InputEventConsistencyVerifier( 1001):   0: sent at 103052000000, KeyEvent { action=ACTION_UP, keyCode=KEYCODE_DPAD_DOWN, scanCode=0, metaState=0, flags=0x8, repeatCount=0, eventTime=103052, downTime=103052, deviceId=-1, source=0x101 }
D/gralloc_goldfish( 1001): Emulator without GPU emulation detected.
I/ActivityManager(  228): Displayed at.itagents.ta_setup_mf/at.itagents.ta.StartSetupActivity: +3s952ms
D/InputEventConsistencyVerifier( 1001): KeyEvent: ACTION_UP but key was not down.
D/InputEventConsistencyVerifier( 1001):   in android.widget.LinearLayout@b3e92478
D/InputEventConsistencyVerifier( 1001):   0: sent at 103166000000, KeyEvent { action=ACTION_UP, keyCode=KEYCODE_DPAD_LEFT, scanCode=0, metaState=0, flags=0x8, repeatCount=0, eventTime=103166, downTime=103166, deviceId=-1, source=0x101 }
D/InputEventConsistencyVerifier( 1001):   -- recent events --
D/InputEventConsistencyVerifier( 1001):   1: sent at 102959000000, (unhandled) KeyEvent { action=ACTION_DOWN, keyCode=KEYCODE_DPAD_DOWN, scanCode=0, metaState=0, flags=0x8, repeatCount=0, eventTime=102959, downTime=102959, deviceId=-1, source=0x101 }
D/InputEventConsistencyVerifier( 1001):   2: sent at 103031000000, (unhandled) KeyEvent { action=ACTION_UP, keyCode=KEYCODE_DPAD_LEFT, scanCode=0, metaState=0, flags=0x400, repeatCount=0, eventTime=103031, downTime=103031, deviceId=-1, source=0x101 }
D/InputEventConsistencyVerifier( 1001):   3: sent at 103031000000, (unhandled) KeyEvent { action=ACTION_DOWN, keyCode=KEYCODE_DPAD_LEFT, scanCode=0, metaState=0, flags=0x400, repeatCount=0, eventTime=103031, downTime=103031, deviceId=-1, source=0x101 }
D/InputEventConsistencyVerifier( 1001):   4: sent at 103029000000, (unhandled) KeyEvent { action=ACTION_UP, keyCode=KEYCODE_DPAD_LEFT, scanCode=0, metaState=0, flags=0x80000400, repeatCount=0, eventTime=103029, downTime=103029, deviceId=-1, source=0x101 }
I/Choreographer( 1001): Skipped 30 frames!  The application may be doing too much work on its main thread.
D/InputEventConsistencyVerifier( 1001): KeyEvent: ACTION_UP but key was not down.
D/InputEventConsistencyVerifier( 1001):   in com.android.internal.policy.impl.PhoneWindow$DecorView@b3e541e0
D/InputEventConsistencyVerifier( 1001):   0: sent at 103904000000, KeyEvent { action=ACTION_UP, keyCode=KEYCODE_DPAD_LEFT, scanCode=0, metaState=0, flags=0x8, repeatCount=0, eventTime=103904, downTime=103904, deviceId=-1, source=0x101 }
D/InputEventConsistencyVerifier( 1001):   -- recent events --
D/InputEventConsistencyVerifier( 1001):   1: sent at 103845000000, KeyEvent { action=ACTION_UP, keyCode=KEYCODE_DPAD_CENTER, scanCode=0, metaState=0, flags=0x8, repeatCount=0, eventTime=103845, downTime=103845, deviceId=-1, source=0x101 }
D/InputEventConsistencyVerifier( 1001):   2: sent at 103838000000, KeyEvent { action=ACTION_DOWN, keyCode=KEYCODE_DPAD_CENTER, scanCode=0, metaState=0, flags=0x8, repeatCount=0, eventTime=103838, downTime=103838, deviceId=-1, source=0x101 }
D/InputEventConsistencyVerifier( 1001):   3: sent at 103788000000, (unhandled) KeyEvent { action=ACTION_UP, keyCode=KEYCODE_5, scanCode=0, metaState=0, flags=0x8, repeatCount=0, eventTime=103788, downTime=103788, deviceId=-1, source=0x101 }
D/InputEventConsistencyVerifier( 1001):   4: sent at 103194000000, (unhandled) KeyEvent { action=ACTION_DOWN, keyCode=KEYCODE_5, scanCode=0, metaState=0, flags=0x8, repeatCount=0, eventTime=103194, downTime=103194, deviceId=-1, source=0x101 }
D/InputEventConsistencyVerifier( 1001):   5: sent at 103166000000, (unhandled) KeyEvent { action=ACTION_UP, keyCode=KEYCODE_DPAD_LEFT, scanCode=0, metaState=0, flags=0x8, repeatCount=0, eventTime=103166, downTime=103166, deviceId=-1, source=0x101 }
I/ContactDirectoryManager(  579): deleted 0 stale rows which don't have any relevant directory
I/ActivityManager(  228): Start proc com.android.quicksearchbox for broadcast com.android.quicksearchbox/.CorporaUpdateReceiver: pid=1027 uid=10033 gids={3003, 1028}
W/dalvikvm(  228): DroidBox: { "FdAccess": { "path": "2f70726f632f313030312f636d646c696e65", "id": "1255495364" } }
W/DroidBox(  228): DroidBox: { "FileRW": { "operation": "read", "data": "61742e69746167656e74732e74615f73657475705f6d66000000000000000000000000000000000000000000000000000000000000000000000000000000000000000000000000000000000032383339323162663563353162363564383566332e61706b", "id": "1255495364" } }
W/dalvikvm(  228): DroidBox: { "FdAccess": { "path": "2f70726f632f313032372f636d646c696e65", "id": "1667975387" } }
W/DroidBox(  228): DroidBox: { "FileRW": { "operation": "read", "data": "7a79676f7465002f62696e2f6170705f70726f63657373002d587a79676f7465002f73797374656d2f62696e002d2d7a79676f7465002d2d73746172742d73797374656d2d7365727665720032383339323162663563353162363564383566332e61706b", "id": "1667975387" } }
I/Choreographer(  605): Skipped 67 frames!  The application may be doing too much work on its main thread.
E/Trace   ( 1027): error opening trace file: No such file or directory (2)
I/ContactDirectoryManager(  579): Discovered 0 contact directories in 10852ms
I/ContactsDatabaseHelper(  579): Switching to locale en_US
I/Choreographer(  605): Skipped 42 frames!  The application may be doing too much work on its main thread.
I/Choreographer( 1001): Skipped 211 frames!  The application may be doing too much work on its main thread.
W/DroidBox( 1027): DroidBox: { "DexClassLoader": { "path": "/system/app/QuickSearchBox.apk" } }
D/InputEventConsistencyVerifier( 1001): KeyEvent: ACTION_UP but key was not down.
D/InputEventConsistencyVerifier( 1001):   in android.widget.LinearLayout@b3ea9000
D/InputEventConsistencyVerifier( 1001):   0: sent at 104433000000, KeyEvent { action=ACTION_UP, keyCode=KEYCODE_DPAD_DOWN, scanCode=0, metaState=0, flags=0x400, repeatCount=0, eventTime=104433, downTime=104433, deviceId=-1, source=0x101 }
D/InputEventConsistencyVerifier( 1001):   -- recent events --
D/InputEventConsistencyVerifier( 1001):   1: sent at 103155000000, (unhandled) KeyEvent { action=ACTION_DOWN, keyCode=KEYCODE_DPAD_LEFT, scanCode=0, metaState=0, flags=0x8, repeatCount=0, eventTime=103155, downTime=103155, deviceId=-1, source=0x101 }
D/InputEventConsistencyVerifier( 1001):   2: sent at 103052000000, (unhandled) KeyEvent { action=ACTION_UP, keyCode=KEYCODE_DPAD_DOWN, scanCode=0, metaState=0, flags=0x80000008, repeatCount=0, eventTime=103052, downTime=103052, deviceId=-1, source=0x101 }
I/ActivityThread( 1027): Pub com.android.quicksearchbox.google: com.android.quicksearchbox.google.GoogleSuggestionProvider
I/ActivityThread( 1027): Pub com.android.quicksearchbox.shortcuts: com.android.quicksearchbox.ShortcutsProvider
E/WVMExtractor(   62): Failed to open libwvm.so
I/ActivityManager(  228): No longer want com.android.provision (pid 549): hidden #16
I/Choreographer(  605): Skipped 55 frames!  The application may be doing too much work on its main thread.
I/ActivityManager(  228): START {act=android.intent.action.MAIN cat=[android.intent.category.HOME] flg=0x10200000 cmp=com.android.launcher/com.android.launcher2.Launcher u=0} from pid 228
D/InputEventConsistencyVerifier( 1001): TrackballEvent: Trackball is down but pressure is not greater than 0.
D/InputEventConsistencyVerifier( 1001):   in android.view.ViewRootImpl@b3ee7988
D/InputEventConsistencyVerifier( 1001):   0: sent at 106518000000, MotionEvent { action=ACTION_DOWN, id[0]=0, x[0]=0.0, y[0]=0.0, toolType[0]=TOOL_TYPE_UNKNOWN, buttonState=0, metaState=0, flags=0x0, edgeFlags=0x0, pointerCount=1, historySize=0, eventTime=106518, downTime=106467, deviceId=0, source=0x10004 }
D/InputEventConsistencyVerifier( 1001):   -- recent events --
D/InputEventConsistencyVerifier( 1001):   1: sent at 106682000000, KeyEvent { action=ACTION_UP, keyCode=KEYCODE_DPAD_DOWN, scanCode=0, metaState=0, flags=0x400, repeatCount=0, eventTime=106682, downTime=106682, deviceId=-1, source=0x101 }
D/InputEventConsistencyVerifier( 1001):   2: sent at 106682000000, KeyEvent { action=ACTION_DOWN, keyCode=KEYCODE_DPAD_DOWN, scanCode=0, metaState=0, flags=0x400, repeatCount=0, eventTime=106682, downTime=106682, deviceId=-1, source=0x101 }
D/InputEventConsistencyVerifier( 1001):   3: sent at 106680000000, KeyEvent { action=ACTION_UP, keyCode=KEYCODE_DPAD_DOWN, scanCode=0, metaState=0, flags=0x400, repeatCount=0, eventTime=106680, downTime=106680, deviceId=-1, source=0x101 }
D/InputEventConsistencyVerifier( 1001):   4: sent at 106680000000, KeyEvent { action=ACTION_DOWN, keyCode=KEYCODE_DPAD_DOWN, scanCode=0, metaState=0, flags=0x400, repeatCount=0, eventTime=106680, downTime=106680, deviceId=-1, source=0x101 }
D/InputEventConsistencyVerifier( 1001):   5: sent at 106600000000, KeyEvent { action=ACTION_UP, keyCode=KEYCODE_DPAD_DOWN, scanCode=0, metaState=0, flags=0x400, repeatCount=0, eventTime=106600, downTime=106600, deviceId=-1, source=0x101 }
I/InputDispatcher(  228): Dropped event because of pending overdue app switch.
W/InputManager(  228): Input event injection from pid 982 failed.
I/Choreographer( 1001): Skipped 115 frames!  The application may be doing too much work on its main thread.
I/Choreographer(  228): Skipped 37 frames!  The application may be doing too much work on its main thread.
I/Choreographer( 1001): Skipped 77 frames!  The application may be doing too much work on its main thread.
W/InputMethodManagerService(  228): Window already focused, ignoring focus gain of: com.android.internal.view.IInputMethodClient$Stub$Proxy@b3ea0740 attribute=android.view.inputmethod.EditorInfo@b429aa10
I/Choreographer( 1001): Skipped 33 frames!  The application may be doing too much work on its main thread.
E/WVMExtractor(   62): Failed to open libwvm.so
W/Settings( 1001): Setting install_non_market_apps has moved from android.provider.Settings.System to android.provider.Settings.Secure, returning read-only value.
E/WVMExtractor(   62): Failed to open libwvm.so
I/ActivityManager(  228): START {act=android.intent.action.MAIN cmp=com.android.settings/.ApplicationSettings u=0} from pid 1001
D/AndroidRuntime( 1001): Shutting down VM
W/dalvikvm( 1001): threadid=1: thread exiting with uncaught exception (group=0xb35e9e20)
E/AndroidRuntime( 1001): FATAL EXCEPTION: main
E/AndroidRuntime( 1001): android.content.ActivityNotFoundException: Unable to find explicit activity class {com.android.settings/com.android.settings.ApplicationSettings}; have you declared this activity in your AndroidManifest.xml?
E/AndroidRuntime( 1001): 	at android.app.Instrumentation.checkStartActivityResult(Instrumentation.java:1541)
E/AndroidRuntime( 1001): 	at android.app.Instrumentation.execStartActivity(Instrumentation.java:1416)
E/AndroidRuntime( 1001): 	at android.app.Activity.startActivityForResult(Activity.java:3353)
E/AndroidRuntime( 1001): 	at android.app.Activity.startActivityForResult(Activity.java:3314)
E/AndroidRuntime( 1001): 	at at.itagents.ta.StartSetupActivity$1$1$2.onClick(StartSetupActivity.java:137)
E/AndroidRuntime( 1001): 	at android.view.View.performClick(View.java:4084)
E/AndroidRuntime( 1001): 	at android.view.View.onKeyUp(View.java:7669)
E/AndroidRuntime( 1001): 	at android.widget.TextView.onKeyUp(TextView.java:5382)
E/AndroidRuntime( 1001): 	at android.view.KeyEvent.dispatch(KeyEvent.java:2633)
E/AndroidRuntime( 1001): 	at android.view.View.dispatchKeyEvent(View.java:7086)
E/AndroidRuntime( 1001): 	at android.view.ViewGroup.dispatchKeyEvent(ViewGroup.java:1358)
E/AndroidRuntime( 1001): 	at android.view.ViewGroup.dispatchKeyEvent(ViewGroup.java:1358)
E/AndroidRuntime( 1001): 	at android.view.ViewGroup.dispatchKeyEvent(ViewGroup.java:1358)
E/AndroidRuntime( 1001): 	at android.widget.ScrollView.dispatchKeyEvent(ScrollView.java:350)
E/AndroidRuntime( 1001): 	at android.view.ViewGroup.dispatchKeyEvent(ViewGroup.java:1358)
E/AndroidRuntime( 1001): 	at android.view.ViewGroup.dispatchKeyEvent(ViewGroup.java:1358)
E/AndroidRuntime( 1001): 	at android.view.ViewGroup.dispatchKeyEvent(ViewGroup.java:1358)
E/AndroidRuntime( 1001): 	at android.view.ViewGroup.dispatchKeyEvent(ViewGroup.java:1358)
E/AndroidRuntime( 1001): 	at com.android.internal.policy.impl.PhoneWindow$DecorView.superDispatchKeyEvent(PhoneWindow.java:1892)
E/AndroidRuntime( 1001): 	at com.android.internal.policy.impl.PhoneWindow.superDispatchKeyEvent(PhoneWindow.java:1369)
E/AndroidRuntime( 1001): 	at android.app.Activity.dispatchKeyEvent(Activity.java:2358)
E/AndroidRuntime( 1001): 	at com.android.internal.policy.impl.PhoneWindow$DecorView.dispatchKeyEvent(PhoneWindow.java:1819)
E/AndroidRuntime( 1001): 	at android.view.ViewRootImpl.deliverKeyEventPostIme(ViewRootImpl.java:3575)
E/AndroidRuntime( 1001): 	at android.view.ViewRootImpl.handleImeFinishedEvent(ViewRootImpl.java:3545)
E/AndroidRuntime( 1001): 	at android.view.ViewRootImpl$ViewRootHandler.handleMessage(ViewRootImpl.java:2795)
E/AndroidRuntime( 1001): 	at android.os.Handler.dispatchMessage(Handler.java:99)
E/AndroidRuntime( 1001): 	at android.os.Looper.loop(Looper.java:137)
E/AndroidRuntime( 1001): 	at android.app.ActivityThread.main(ActivityThread.java:4745)
E/AndroidRuntime( 1001): 	at java.lang.reflect.Method.invokeNative(Native Method)
E/AndroidRuntime( 1001): 	at java.lang.reflect.Method.invoke(Method.java:511)
E/AndroidRuntime( 1001): 	at com.android.internal.os.ZygoteInit$MethodAndArgsCaller.run(ZygoteInit.java:786)
E/AndroidRuntime( 1001): 	at com.android.internal.os.ZygoteInit.main(ZygoteInit.java:553)
E/AndroidRuntime( 1001): 	at dalvik.system.NativeStart.main(Native Method)
W/ActivityManager(  228):   Force finishing activity at.itagents.ta_setup_mf/at.itagents.ta.StartSetupActivity
W/WindowManager(  228): Failure taking screenshot for (246x410) to layer 21010
I/Process ( 1001): Sending signal. PID: 1001 SIG: 9
I/WindowState(  228): WIN DEATH: Window{b3ee5cb0 at.itagents.ta_setup_mf/at.itagents.ta.StartSetupActivity paused=true}
I/ActivityManager(  228): Process at.itagents.ta_setup_mf (pid 1001) has died.
I/AndroidRuntime(  982): VM exiting with result code 108.
W/InputMethodManagerService(  228): Got RemoteException sending setActive(false) notification to pid 1001 uid 10050
E/WVMExtractor(   62): Failed to open libwvm.so
I/ContactsDatabaseHelper(  579): Locale change completed in 5163ms
I/ContactsDatabaseHelper(  579): Switching to locale en_US
E/MetadataRetrieverClient(   62): failed to extract an album art
W/BackupManagerService(  228): dataChanged but no participant pkg='com.android.providers.settings' uid=10011
E/WVMExtractor(   62): Failed to open libwvm.so
E/WVMExtractor(   62): Failed to open libwvm.so
E/WVMExtractor(   62): Failed to open libwvm.so
I/ContactsDatabaseHelper(  579): Locale change completed in 997ms
W/dalvikvm(  579): DroidBox: { "FdAccess": { "path": "2f646174612f646174612f636f6d2e616e64726f69642e70726f7669646572732e636f6e74616374732f7368617265645f70726566732f636f6d2e616e64726f69642e70726f7669646572732e636f6e74616374735f707265666572656e6365732e786d6c", "id": "464536858" } }
W/DroidBox(  579): DroidBox: { "FileRW": { "operation": "write", "data": "3c3f786d6c2076657273696f6e3d27312e302720656e636f64696e673d277574662d3827207374616e64616c6f6e653d2779657327203f3e0a3c6d61703e0a3c737472696e67206e616d653d226c6f63616c65223e656e5f55533c2f737472696e673e0a", "id": "464536858" } }
I/ContactsProvider(  579): Upgrading aggregation algorithm
I/ContactAggregator(  579): Marked all visible contacts for aggregation: 0 raw contacts, 4 ms
I/ContactsProvider(  579): Aggregation algorithm upgraded for 0 raw contacts in 70ms
E/WVMExtractor(   62): Failed to open libwvm.so
I/ContactsFTS(  579): Rebuild contact search index in 48ms, 0 contacts
E/WVMExtractor(   62): Failed to open libwvm.so
E/WVMExtractor(   62): Failed to open libwvm.so
E/WVMExtractor(   62): Failed to open libwvm.so
E/WVMExtractor(   62): Failed to open libwvm.so
E/WVMExtractor(   62): Failed to open libwvm.so
E/WVMExtractor(   62): Failed to open libwvm.so
E/WVMExtractor(   62): Failed to open libwvm.so
E/WVMExtractor(   62): Failed to open libwvm.so
E/WVMExtractor(   62): Failed to open libwvm.so
E/WVMExtractor(   62): Failed to open libwvm.so
E/WVMExtractor(   62): Failed to open libwvm.so
E/WVMExtractor(   62): Failed to open libwvm.so
E/WVMExtractor(   62): Failed to open libwvm.so
E/WVMExtractor(   62): Failed to open libwvm.so
E/WVMExtractor(   62): Failed to open libwvm.so
E/WVMExtractor(   62): Failed to open libwvm.so
E/WVMExtractor(   62): Failed to open libwvm.so
E/WVMExtractor(   62): Failed to open libwvm.so
E/WVMExtractor(   62): Failed to open libwvm.so
E/WVMExtractor(   62): Failed to open libwvm.so
E/WVMExtractor(   62): Failed to open libwvm.so
E/WVMExtractor(   62): Failed to open libwvm.so
E/WVMExtractor(   62): Failed to open libwvm.so
E/WVMExtractor(   62): Failed to open libwvm.so
E/WVMExtractor(   62): Failed to open libwvm.so
E/WVMExtractor(   62): Failed to open libwvm.so
E/WVMExtractor(   62): Failed to open libwvm.so
E/WVMExtractor(   62): Failed to open libwvm.so
E/WVMExtractor(   62): Failed to open libwvm.so
E/WVMExtractor(   62): Failed to open libwvm.so
E/WVMExtractor(   62): Failed to open libwvm.so
E/WVMExtractor(   62): Failed to open libwvm.so
E/WVMExtractor(   62): Failed to open libwvm.so
E/WVMExtractor(   62): Failed to open libwvm.so
E/WVMExtractor(   62): Failed to open libwvm.so
E/WVMExtractor(   62): Failed to open libwvm.so
E/WVMExtractor(   62): Failed to open libwvm.so
E/WVMExtractor(   62): Failed to open libwvm.so
E/WVMExtractor(   62): Failed to open libwvm.so
E/WVMExtractor(   62): Failed to open libwvm.so
E/WVMExtractor(   62): Failed to open libwvm.so
E/WVMExtractor(   62): Failed to open libwvm.so
E/WVMExtractor(   62): Failed to open libwvm.so
E/WVMExtractor(   62): Failed to open libwvm.so
E/WVMExtractor(   62): Failed to open libwvm.so
E/WVMExtractor(   62): Failed to open libwvm.so
E/WVMExtractor(   62): Failed to open libwvm.so
E/WVMExtractor(   62): Failed to open libwvm.so
E/WVMExtractor(   62): Failed to open libwvm.so
E/WVMExtractor(   62): Failed to open libwvm.so
E/WVMExtractor(   62): Failed to open libwvm.so
E/WVMExtractor(   62): Failed to open libwvm.so
E/WVMExtractor(   62): Failed to open libwvm.so
E/WVMExtractor(   62): Failed to open libwvm.so
E/WVMExtractor(   62): Failed to open libwvm.so
E/WVMExtractor(   62): Failed to open libwvm.so
E/WVMExtractor(   62): Failed to open libwvm.so
E/WVMExtractor(   62): Failed to open libwvm.so
E/WVMExtractor(   62): Failed to open libwvm.so
E/WVMExtractor(   62): Failed to open libwvm.so
E/WVMExtractor(   62): Failed to open libwvm.so
E/WVMExtractor(   62): Failed to open libwvm.so
E/WVMExtractor(   62): Failed to open libwvm.so
E/WVMExtractor(   62): Failed to open libwvm.so
E/WVMExtractor(   62): Failed to open libwvm.so
E/WVMExtractor(   62): Failed to open libwvm.so
E/WVMExtractor(   62): Failed to open libwvm.so
E/WVMExtractor(   62): Failed to open libwvm.so
E/WVMExtractor(   62): Failed to open libwvm.so
E/WVMExtractor(   62): Failed to open libwvm.so
E/WVMExtractor(   62): Failed to open libwvm.so
E/WVMExtractor(   62): Failed to open libwvm.so
E/WVMExtractor(   62): Failed to open libwvm.so
E/WVMExtractor(   62): Failed to open libwvm.so
E/WVMExtractor(   62): Failed to open libwvm.so
E/WVMExtractor(   62): Failed to open libwvm.so
W/BackupManagerService(  228): dataChanged but no participant pkg='com.android.providers.settings' uid=10011
E/WVMExtractor(   62): Failed to open libwvm.so
E/WVMExtractor(   62): Failed to open libwvm.so
E/MetadataRetrieverClient(   62): failed to extract an album art
E/WVMExtractor(   62): Failed to open libwvm.so
E/WVMExtractor(   62): Failed to open libwvm.so
E/WVMExtractor(   62): Failed to open libwvm.so
E/WVMExtractor(   62): Failed to open libwvm.so
E/WVMExtractor(   62): Failed to open libwvm.so
E/WVMExtractor(   62): Failed to open libwvm.so
E/WVMExtractor(   62): Failed to open libwvm.so
E/WVMExtractor(   62): Failed to open libwvm.so
E/WVMExtractor(   62): Failed to open libwvm.so
E/WVMExtractor(   62): Failed to open libwvm.so
E/WVMExtractor(   62): Failed to open libwvm.so
E/WVMExtractor(   62): Failed to open libwvm.so
E/WVMExtractor(   62): Failed to open libwvm.so
E/WVMExtractor(   62): Failed to open libwvm.so
E/WVMExtractor(   62): Failed to open libwvm.so
E/WVMExtractor(   62): Failed to open libwvm.so
E/WVMExtractor(   62): Failed to open libwvm.so
E/WVMExtractor(   62): Failed to open libwvm.so
E/WVMExtractor(   62): Failed to open libwvm.so
E/WVMExtractor(   62): Failed to open libwvm.so
E/WVMExtractor(   62): Failed to open libwvm.so
E/WVMExtractor(   62): Failed to open libwvm.so
E/WVMExtractor(   62): Failed to open libwvm.so
E/WVMExtractor(   62): Failed to open libwvm.so
E/WVMExtractor(   62): Failed to open libwvm.so
E/WVMExtractor(   62): Failed to open libwvm.so
E/WVMExtractor(   62): Failed to open libwvm.so
E/WVMExtractor(   62): Failed to open libwvm.so
E/WVMExtractor(   62): Failed to open libwvm.so
E/WVMExtractor(   62): Failed to open libwvm.so
E/WVMExtractor(   62): Failed to open libwvm.so
E/WVMExtractor(   62): Failed to open libwvm.so
E/WVMExtractor(   62): Failed to open libwvm.so
E/WVMExtractor(   62): Failed to open libwvm.so
E/WVMExtractor(   62): Failed to open libwvm.so
E/WVMExtractor(   62): Failed to open libwvm.so
E/WVMExtractor(   62): Failed to open libwvm.so
E/WVMExtractor(   62): Failed to open libwvm.so
E/WVMExtractor(   62): Failed to open libwvm.so
E/WVMExtractor(   62): Failed to open libwvm.so
E/WVMExtractor(   62): Failed to open libwvm.so
E/WVMExtractor(   62): Failed to open libwvm.so
E/WVMExtractor(   62): Failed to open libwvm.so
E/WVMExtractor(   62): Failed to open libwvm.so
E/WVMExtractor(   62): Failed to open libwvm.so
E/WVMExtractor(   62): Failed to open libwvm.so
E/WVMExtractor(   62): Failed to open libwvm.so
E/WVMExtractor(   62): Failed to open libwvm.so
E/WVMExtractor(   62): Failed to open libwvm.so
E/WVMExtractor(   62): Failed to open libwvm.so
E/WVMExtractor(   62): Failed to open libwvm.so
E/WVMExtractor(   62): Failed to open libwvm.so
E/WVMExtractor(   62): Failed to open libwvm.so
E/WVMExtractor(   62): Failed to open libwvm.so
E/WVMExtractor(   62): Failed to open libwvm.so
E/WVMExtractor(   62): Failed to open libwvm.so
E/WVMExtractor(   62): Failed to open libwvm.so
E/WVMExtractor(   62): Failed to open libwvm.so
E/WVMExtractor(   62): Failed to open libwvm.so
E/WVMExtractor(   62): Failed to open libwvm.so
E/WVMExtractor(   62): Failed to open libwvm.so
E/WVMExtractor(   62): Failed to open libwvm.so
E/WVMExtractor(   62): Failed to open libwvm.so
E/WVMExtractor(   62): Failed to open libwvm.so
E/WVMExtractor(   62): Failed to open libwvm.so
E/WVMExtractor(   62): Failed to open libwvm.so
E/WVMExtractor(   62): Failed to open libwvm.so
E/WVMExtractor(   62): Failed to open libwvm.so
E/WVMExtractor(   62): Failed to open libwvm.so
E/WVMExtractor(   62): Failed to open libwvm.so
E/WVMExtractor(   62): Failed to open libwvm.so
E/WVMExtractor(   62): Failed to open libwvm.so
E/WVMExtractor(   62): Failed to open libwvm.so
W/BackupManagerService(  228): dataChanged but no participant pkg='com.android.providers.settings' uid=10011
E/WVMExtractor(   62): Failed to open libwvm.so
E/WVMExtractor(   62): Failed to open libwvm.so
E/MetadataRetrieverClient(   62): failed to extract an album art
E/WVMExtractor(   62): Failed to open libwvm.so
E/WVMExtractor(   62): Failed to open libwvm.so
E/WVMExtractor(   62): Failed to open libwvm.so
E/WVMExtractor(   62): Failed to open libwvm.so
E/WVMExtractor(   62): Failed to open libwvm.so
E/WVMExtractor(   62): Failed to open libwvm.so
E/WVMExtractor(   62): Failed to open libwvm.so
E/WVMExtractor(   62): Failed to open libwvm.so
E/WVMExtractor(   62): Failed to open libwvm.so
E/WVMExtractor(   62): Failed to open libwvm.so
E/WVMExtractor(   62): Failed to open libwvm.so
E/WVMExtractor(   62): Failed to open libwvm.so
E/WVMExtractor(   62): Failed to open libwvm.so
E/WVMExtractor(   62): Failed to open libwvm.so
E/WVMExtractor(   62): Failed to open libwvm.so
E/WVMExtractor(   62): Failed to open libwvm.so
E/WVMExtractor(   62): Failed to open libwvm.so
E/WVMExtractor(   62): Failed to open libwvm.so
E/WVMExtractor(   62): Failed to open libwvm.so
E/WVMExtractor(   62): Failed to open libwvm.so
E/WVMExtractor(   62): Failed to open libwvm.so
E/WVMExtractor(   62): Failed to open libwvm.so
E/WVMExtractor(   62): Failed to open libwvm.so
E/WVMExtractor(   62): Failed to open libwvm.so
E/WVMExtractor(   62): Failed to open libwvm.so
E/WVMExtractor(   62): Failed to open libwvm.so
E/WVMExtractor(   62): Failed to open libwvm.so
E/WVMExtractor(   62): Failed to open libwvm.so
E/WVMExtractor(   62): Failed to open libwvm.so
E/WVMExtractor(   62): Failed to open libwvm.so
E/WVMExtractor(   62): Failed to open libwvm.so
E/WVMExtractor(   62): Failed to open libwvm.so
E/WVMExtractor(   62): Failed to open libwvm.so
E/WVMExtractor(   62): Failed to open libwvm.so
E/WVMExtractor(   62): Failed to open libwvm.so
E/WVMExtractor(   62): Failed to open libwvm.so
E/WVMExtractor(   62): Failed to open libwvm.so
E/WVMExtractor(   62): Failed to open libwvm.so
E/MetadataRetrieverClient(   62): failed to extract an album art
E/WVMExtractor(   62): Failed to open libwvm.so
E/MetadataRetrieverClient(   62): failed to extract an album art
I/ActivityManager(  228): No longer want com.android.contacts (pid 724): hidden #16
W/BackupManagerService(  228): dataChanged but no participant pkg='com.android.providers.settings' uid=1001
I/NetworkPolicy(  228): no policy for active mobile network; generating default policy
I/qtaguid (  228): Failed write_ctrl(s 1 10050) res=-1 errno=1
W/NetworkManagementSocketTagger(  228): setKernelCountSet(10050, 1) failed with errno -1
I/qtaguid (  228): Failed write_ctrl(s 0 10019) res=-1 errno=1
W/NetworkManagementSocketTagger(  228): setKernelCountSet(10019, 0) failed with errno -1
I/qtaguid (  228): Failed write_ctrl(s 0 10050) res=-1 errno=1
W/NetworkManagementSocketTagger(  228): setKernelCountSet(10050, 0) failed with errno -1
I/qtaguid (  228): Failed write_ctrl(s 1 10019) res=-1 errno=1
W/NetworkManagementSocketTagger(  228): setKernelCountSet(10019, 1) failed with errno -1
I/Choreographer(  421): Skipped 31 frames!  The application may be doing too much work on its main thread.
W/dalvikvm(  228): DroidBox: { "FdAccess": { "path": "2f70726f632f3232382f6e65742f78745f717461677569642f69666163655f737461745f616c6c", "id": "614456536" } }
W/DroidBox(  228): DroidBox: { "FileRW": { "operation": "read", "data": "65746830203120302030203020302032373235323420313439332031393637353420313332340a6c6f20312030203020302030203337333620353320333733362035330a0000000000000000000000000000000000000000000000000000000000000000", "id": "614456536" } }
W/dalvikvm(  228): DroidBox: { "FdAccess": { "path": "2f70726f632f3232382f6e65742f78745f717461677569642f69666163655f737461745f616c6c", "id": "1606445604" } }
W/DroidBox(  228): DroidBox: { "FileRW": { "operation": "read", "data": "35330a362035330a35330a362035330a330a330a330a330a330a35330a362035330a3733362035330a362035330a3733362035330a330a330a330a330a330a362035330a0000000000000000000000000000000000000000000000000000000000000000", "id": "1606445604" } }
W/ThrottleService(  228): unable to find stats for iface rmnet0
E/ThrottleService(  228): Error reading data file
I/Choreographer(  421): Skipped 38 frames!  The application may be doing too much work on its main thread.
