D/InputEventConsistencyVerifier( 1113):   1: sent at 144478000000, (unhandled) MotionEvent { action=ACTION_MOVE, id[0]=0, x[0]=-3.0, y[0]=3.0, toolType[0]=TOOL_TYPE_UNKNOWN, buttonState=0, metaState=0, flags=0x0, edgeFlags=0x0, pointerCount=1, historySize=9, eventTime=144478, downTime=-1, deviceId=0, source=0x10004 }
D/InputEventConsistencyVerifier( 1113):   2: sent at 144181000000, MotionEvent { action=ACTION_UP, id[0]=0, x[0]=175.33334, y[0]=146.66666, toolType[0]=TOOL_TYPE_UNKNOWN, buttonState=0, metaState=0, flags=0x1, edgeFlags=0x0, pointerCount=1, historySize=0, eventTime=144181, downTime=144173, deviceId=0, source=0x1002 }
D/InputEventConsistencyVerifier( 1113):   3: sent at 144179000000, MotionEvent { action=ACTION_MOVE, id[0]=0, x[0]=175.33334, y[0]=154.0, toolType[0]=TOOL_TYPE_UNKNOWN, buttonState=0, metaState=0, flags=0x1, edgeFlags=0x0, pointerCount=1, historySize=0, eventTime=144179, downTime=144173, deviceId=0, source=0x1002 }
D/InputEventConsistencyVerifier( 1113):   4: sent at 144174000000, MotionEvent { action=ACTION_DOWN, id[0]=0, x[0]=176.0, y[0]=157.33334, toolType[0]=TOOL_TYPE_UNKNOWN, buttonState=0, metaState=0, flags=0x1, edgeFlags=0x0, pointerCount=1, historySize=0, eventTime=144174, downTime=144173, deviceId=0, source=0x1002 }
D/InputEventConsistencyVerifier( 1113):   5: sent at 144136000000, (unhandled) KeyEvent { action=ACTION_UP, keyCode=KEYCODE_DPAD_CENTER, scanCode=0, metaState=0, flags=0x80000008, repeatCount=0, eventTime=144136, downTime=144136, deviceId=-1, source=0x101 }
W/dalvikvm(  948): DroidBox: { "FdAccess": { "path": "2f646174612f646174612f636f6d2e616e64726f69642e67616c6c65727933642f7368617265645f70726566732f636f6d2e616e64726f69642e67616c6c65727933645f707265666572656e6365732e786d6c", "id": "1414829777" } }
W/DroidBox(  948): DroidBox: { "FileRW": { "operation": "write", "data": "3c3f786d6c2076657273696f6e3d27312e302720656e636f64696e673d277574662d3827207374616e64616c6f6e653d2779657327203f3e0a3c6d61703e0a3c696e74206e616d653d227061636b616765732d76657273696f6e222076616c75653d2234", "id": "1414829777" } }
I/ActivityManager(  224): Start proc com.android.musicfx for broadcast com.android.musicfx/.Compatibility$Receiver: pid=1147 uid=10025 gids={3003, 3002, 1028}
D/EmailProvider(  893): Creating EmailProviderBody database
E/Trace   ( 1147): error opening trace file: No such file or directory (2)
W/DroidBox( 1147): DroidBox: { "DexClassLoader": { "path": "/system/app/MusicFX.apk" } }
I/Choreographer( 1113): Skipped 354 frames!  The application may be doing too much work on its main thread.
W/DroidBox( 1147): DroidBox: { "ServiceStart": { "name": "com.android.musicfx.Compatibility$Service" } }
W/dalvikvm(  224): DroidBox: { "FdAccess": { "path": "2f70726f632f313133322f636d646c696e65", "id": "1635211609" } }
W/DroidBox( 1147): DroidBox: { "ServiceStart": { "name": "com.android.musicfx.Compatibility$Service" } }
W/DroidBox(  224): DroidBox: { "FileRW": { "operation": "read", "data": "636f6d2e616e64726f69642e717569636b736561726368626f78000000000000000000000000000000000000000000000000000000000000000000000000000000000000000000000000000034353464366632646465343661613337313130352e61706b", "id": "1635211609" } }
W/dalvikvm(  224): DroidBox: { "FdAccess": { "path": "2f70726f632f313134372f636d646c696e65", "id": "1636833633" } }
W/DroidBox(  224): DroidBox: { "FileRW": { "operation": "read", "data": "636f6d2e616e64726f69642e6d75736963667800000000000000000000000000000000000000000000000000000000000000000000000000000000000000000000000000000000000000000034353464366632646465343661613337313130352e61706b", "id": "1636833633" } }
I/ActivityManager(  224): Start proc com.svox.pico for broadcast com.svox.pico/.VoiceDataInstallerReceiver: pid=1175 uid=10030 gids={1015, 1028}
W/ActivityManager(  224): Launch timeout has expired, giving up wake lock!
I/ActivityManager(  224): START {act=android.intent.action.MAIN cat=[android.intent.category.HOME] flg=0x10200000 cmp=com.android.launcher/com.android.launcher2.Launcher u=0} from pid 224
E/Trace   ( 1175): error opening trace file: No such file or directory (2)
W/DroidBox( 1175): DroidBox: { "DexClassLoader": { "path": "/system/app/PicoTts.apk" } }
I/ActivityThread( 1175): Pub com.svox.pico.providers.SettingsProvider: com.svox.pico.providers.SettingsProvider
I/InputDispatcher(  224): Dropped event because of pending overdue app switch.
W/InputManager(  224): Input event injection from pid 802 failed.
I/AndroidRuntime( 1113): VM exiting with result code 0, cleanup skipped.
I/ActivityManager(  224): Process com.antivirus.kav (pid 1113) has died.
I/WindowState(  224): WIN DEATH: Window{b4083068 com.antivirus.kav/com.antivirus.kav.MainActivity paused=false}
W/ActivityManager(  224): Force removing ActivityRecord{b403a618 com.antivirus.kav/.MainActivity}: app died, no saved state
I/WindowState(  224): WIN DEATH: Window{b41d0800 com.antivirus.kav/com.antivirus.kav.MainActivity paused=false}
I/ActivityManager(  224): START {act=android.intent.action.MAIN cat=[android.intent.category.LAUNCHER] flg=0x10200000 cmp=com.antivirus.kav/.MainActivity u=0} from pid 802
W/InputMethodManagerService(  224): Window already focused, ignoring focus gain of: com.android.internal.view.IInputMethodClient$Stub$Proxy@b41b31d0 attribute=android.view.inputmethod.EditorInfo@b41b31e8
W/WindowManager(  224): Failure taking screenshot for (246x410) to layer 21005
I/Choreographer(  574): Skipped 86 frames!  The application may be doing too much work on its main thread.
W/DroidBox(  669): DroidBox: { "ServiceStart": { "name": "com.android.providers.calendar.CalendarProviderIntentService" } }
W/DroidBox(  669): DroidBox: { "ServiceStart": { "name": "com.android.providers.calendar.CalendarProviderIntentService" } }
I/ActivityManager(  224): Start proc com.antivirus.kav for activity com.antivirus.kav/.MainActivity: pid=1192 uid=10050 gids={3003, 1015, 1028}
I/Launcher(  574): setLoadOnResume
I/ActivityManager(  224): START {act=android.intent.action.MAIN cat=[android.intent.category.LAUNCHER] flg=0x10200000 cmp=com.antivirus.kav/.MainActivity u=0} from pid 802
I/ActivityManager(  224): START {act=android.search.action.GLOBAL_SEARCH flg=0x10000000 cmp=com.android.quicksearchbox/.SearchActivity bnds=[5,43][475,103] (has extras) u=0} from pid 574
I/Choreographer(  574): Skipped 97 frames!  The application may be doing too much work on its main thread.
W/dalvikvm( 1147): DroidBox: { "FdAccess": { "path": "2f646174612f646174612f636f6d2e616e64726f69642e6d7573696366782f7368617265645f70726566732f6d7573696366782e786d6c", "id": "1544752014" } }
I/Launcher(  574): setLoadOnResume
W/DroidBox( 1147): DroidBox: { "FileRW": { "operation": "write", "data": "3c3f786d6c2076657273696f6e3d27312e302720656e636f64696e673d277574662d3827207374616e64616c6f6e653d2779657327203f3e0a3c6d61703e0a3c737472696e67206e616d653d2264656661756c7470616e656c7061636b616765223e636f", "id": "1544752014" } }
I/Choreographer(  574): Skipped 37 frames!  The application may be doing too much work on its main thread.
W/dalvikvm(  948): DroidBox: { "FdAccess": { "path": "2f646174612f646174612f636f6d2e616e64726f69642e67616c6c65727933642f7368617265645f70726566732f636f6d2e616e64726f69642e67616c6c65727933645f707265666572656e6365732e786d6c", "id": "1382164090" } }
W/DroidBox(  948): DroidBox: { "FileRW": { "operation": "write", "data": "3c3f786d6c2076657273696f6e3d27312e302720656e636f64696e673d277574662d3827207374616e64616c6f6e653d2779657327203f3e0a3c6d61703e0a3c696e74206e616d653d227061636b616765732d76657273696f6e222076616c75653d2235", "id": "1382164090" } }
E/Trace   ( 1192): error opening trace file: No such file or directory (2)
W/DroidBox( 1192): DroidBox: { "DexClassLoader": { "path": "/data/app/com.antivirus.kav-1.apk" } }
I/ActivityManager(  224): Start proc com.android.music for broadcast com.android.music/.MediaButtonIntentReceiver: pid=1210 uid=10024 gids={3003, 1015, 1028}
I/Choreographer(  574): Skipped 222 frames!  The application may be doing too much work on its main thread.
W/dalvikvm(  224): DroidBox: { "FdAccess": { "path": "2f70726f632f313137352f636d646c696e65", "id": "1373073631" } }
W/DroidBox(  224): DroidBox: { "FileRW": { "operation": "read", "data": "636f6d2e73766f782e7069636f00000000000000000000000000000000000000000000000000000000000000000000000000000000000000000000000000000000000000000000000000000034353464366632646465343661613337313130352e61706b", "id": "1373073631" } }
W/dalvikvm(  224): DroidBox: { "FdAccess": { "path": "2f70726f632f313139322f636d646c696e65", "id": "904460841" } }
W/DroidBox(  224): DroidBox: { "FileRW": { "operation": "read", "data": "636f6d2e616e746976697275732e6b6176000000000000000000000000000000000000000000000000000000000000000000000000000000000000000000000000000000000000000000000034353464366632646465343661613337313130352e61706b", "id": "904460841" } }
W/dalvikvm(  224): DroidBox: { "FdAccess": { "path": "2f70726f632f313231302f636d646c696e65", "id": "412265591" } }
W/DroidBox(  224): DroidBox: { "FileRW": { "operation": "read", "data": "7a79676f7465002f62696e2f6170705f70726f63657373002d587a79676f7465002f73797374656d2f62696e002d2d7a79676f7465002d2d73746172742d73797374656d2d7365727665720034353464366632646465343661613337313130352e61706b", "id": "412265591" } }
I/Launcher(  574): setLoadOnResume
W/InputMethodManagerService(  224): Starting input on non-focused client com.android.internal.view.IInputMethodClient$Stub$Proxy@b3fe1d50 (uid=10019 pid=574)
D/InputEventConsistencyVerifier(  574): KeyEvent: ACTION_UP but key was not down.
D/InputEventConsistencyVerifier(  574):   in com.android.launcher2.Hotseat@b40da998
D/InputEventConsistencyVerifier(  574):   0: sent at 151496000000, KeyEvent { action=ACTION_UP, keyCode=KEYCODE_DPAD_LEFT, scanCode=0, metaState=0, flags=0x400, repeatCount=0, eventTime=151496, downTime=151496, deviceId=-1, source=0x101 }
D/InputEventConsistencyVerifier(  574):   -- recent events --
D/InputEventConsistencyVerifier(  574):   1: sent at 139691000000, (unhandled) KeyEvent { action=ACTION_UP, keyCode=KEYCODE_MENU, scanCode=0, metaState=0, flags=0x8, repeatCount=0, eventTime=139691, downTime=139691, deviceId=-1, source=0x101 }
D/InputEventConsistencyVerifier(  574):   2: sent at 139389000000, (unhandled) KeyEvent { action=ACTION_DOWN, keyCode=KEYCODE_MENU, scanCode=0, metaState=0, flags=0x8, repeatCount=0, eventTime=139389, downTime=139389, deviceId=-1, source=0x101 }
D/InputEventConsistencyVerifier(  574):   3: sent at 139368000000, KeyEvent { action=ACTION_UP, keyCode=KEYCODE_DPAD_CENTER, scanCode=0, metaState=0, flags=0x8, repeatCount=0, eventTime=139368, downTime=139368, deviceId=-1, source=0x101 }
D/InputEventConsistencyVerifier(  574):   4: sent at 138886000000, KeyEvent { action=ACTION_DOWN, keyCode=KEYCODE_DPAD_CENTER, scanCode=0, metaState=0, flags=0x8, repeatCount=0, eventTime=138886, downTime=138886, deviceId=-1, source=0x101 }
D/InputEventConsistencyVerifier(  574):   5: sent at 138852000000, (unhandled) KeyEvent { action=ACTION_UP, keyCode=KEYCODE_DEL, scanCode=0, metaState=0, flags=0x8, repeatCount=0, eventTime=138852, downTime=138852, deviceId=-1, source=0x101 }
I/Choreographer(  574): Skipped 65 frames!  The application may be doing too much work on its main thread.
I/Launcher(  574): setLoadOnResume
I/Launcher(  574): setLoadOnResume
W/dalvikvm(  574): DroidBox: { "FdAccess": { "path": "2f646174612f646174612f636f6d2e616e64726f69642e6c61756e636865722f7368617265645f70726566732f636f6d2e616e64726f69642e6c61756e63686572322e70726566732e786d6c", "id": "101264575" } }
W/DroidBox(  574): DroidBox: { "FileRW": { "operation": "write", "data": "3c3f786d6c2076657273696f6e3d27312e302720656e636f64696e673d277574662d3827207374616e64616c6f6e653d2779657327203f3e0a3c6d61703e0a3c626f6f6c65616e206e616d653d22636c696e672e776f726b73706163652e6469736d6973", "id": "101264575" } }
I/InputDispatcher(  224): Window 'Window{b4149b38 com.android.launcher/com.android.launcher2.Launcher paused=false}' spent 2321.6ms processing the last input event: KeyEvent(action=0, deviceId=-1, source=0x00000101)
I/InputDispatcher(  224): Window 'Window{b4149b38 com.android.launcher/com.android.launcher2.Launcher paused=false}' spent 2130.7ms processing the last input event: KeyEvent(action=1, deviceId=-1, source=0x00000101)
D/EmailProvider(  893): Creating EmailProvider database
E/Trace   ( 1210): error opening trace file: No such file or directory (2)
W/DroidBox( 1210): DroidBox: { "DexClassLoader": { "path": "/system/app/Music.apk" } }
W/DroidBox( 1210): DroidBox: { "ServiceStart": { "name": "com.android.music.MediaPlaybackService" } }
W/DroidBox( 1210): DroidBox: { "ServiceStart": { "name": "com.android.music.MediaPlaybackService" } }
V/PhoneStatusBar(  425): setLightsOn(true)
I/AudioService(  224):   Remote Control   registerMediaButtonIntent() for PendingIntent{b40127f0: PendingIntentRecord{b3ede338 com.android.music broadcastIntent}}
D/InputEventConsistencyVerifier( 1192): KeyEvent: ACTION_UP but key was not down.
D/InputEventConsistencyVerifier( 1192):   in android.view.ViewRootImpl@b3e19a18
D/InputEventConsistencyVerifier( 1192):   0: sent at 151522000000, KeyEvent { action=ACTION_UP, keyCode=KEYCODE_DPAD_DOWN, scanCode=0, metaState=0, flags=0x8, repeatCount=0, eventTime=151522, downTime=151522, deviceId=-1, source=0x101 }
I/Choreographer( 1192): Skipped 121 frames!  The application may be doing too much work on its main thread.
E/SQLiteLog(  874): (1) no such table: files
W/dalvikvm( 1210): DroidBox: { "FdAccess": { "path": "2f646174612f646174612f636f6d2e616e64726f69642e6d757369632f7368617265645f70726566732f4d757369632e786d6c", "id": "425805338" } }
W/DroidBox( 1210): DroidBox: { "FileRW": { "operation": "write", "data": "3c3f786d6c2076657273696f6e3d27312e302720656e636f64696e673d277574662d3827207374616e64616c6f6e653d2779657327203f3e0a3c6d61703e0a3c737472696e67206e616d653d227175657565223e3c2f737472696e673e0a3c696e74206e", "id": "425805338" } }
W/BackupManagerService(  224): dataChanged but no participant pkg='com.android.providers.settings' uid=1001
W/dalvikvm(  948): DroidBox: { "FdAccess": { "path": "2f646174612f646174612f636f6d2e616e64726f69642e67616c6c65727933642f7368617265645f70726566732f636f6d2e616e64726f69642e67616c6c65727933645f707265666572656e6365732e786d6c", "id": "1453065717" } }
W/DroidBox(  948): DroidBox: { "FileRW": { "operation": "write", "data": "3c3f786d6c2076657273696f6e3d27312e302720656e636f64696e673d277574662d3827207374616e64616c6f6e653d2779657327203f3e0a3c6d61703e0a3c696e74206e616d653d227061636b616765732d76657273696f6e222076616c75653d2236", "id": "1453065717" } }
I/Choreographer( 1192): Skipped 412 frames!  The application may be doing too much work on its main thread.
D/InputEventConsistencyVerifier( 1192): KeyEvent: ACTION_UP but key was not down.
D/InputEventConsistencyVerifier( 1192):   in com.android.internal.policy.impl.PhoneWindow$DecorView@b3dea5f0
D/InputEventConsistencyVerifier( 1192):   0: sent at 156737000000, KeyEvent { action=ACTION_UP, keyCode=KEYCODE_DPAD_RIGHT, scanCode=0, metaState=0, flags=0x8, repeatCount=0, eventTime=156737, downTime=156737, deviceId=-1, source=0x101 }
D/InputEventConsistencyVerifier( 1192):   -- recent events --
D/InputEventConsistencyVerifier( 1192):   1: sent at 156587000000, MotionEvent { action=ACTION_UP, id[0]=0, x[0]=252.0, y[0]=-2.6666718, toolType[0]=TOOL_TYPE_UNKNOWN, buttonState=0, metaState=0, flags=0x1, edgeFlags=0x0, pointerCount=1, historySize=0, eventTime=156587, downTime=156532, deviceId=0, source=0x1002 }
D/InputEventConsistencyVerifier( 1192):   2: sent at 156585000000, MotionEvent { action=ACTION_MOVE, id[0]=0, x[0]=264.6667, y[0]=11.333328, toolType[0]=TOOL_TYPE_UNKNOWN, buttonState=0, metaState=0, flags=0x1, edgeFlags=0x0, pointerCount=1, historySize=6, eventTime=156585, downTime=156532, deviceId=0, source=0x1002 }
D/InputEventConsistencyVerifier( 1192):   3: sent at 156546000000, MotionEvent { action=ACTION_DOWN, id[0]=0, x[0]=306.0, y[0]=68.66666, toolType[0]=TOOL_TYPE_UNKNOWN, buttonState=0, metaState=0, flags=0x1, edgeFlags=0x0, pointerCount=1, historySize=0, eventTime=156546, downTime=156532, deviceId=0, source=0x1002 }
D/InputEventConsistencyVerifier( 1192):   4: sent at 156516000000, KeyEvent { action=ACTION_UP, keyCode=KEYCODE_DPAD_CENTER, scanCode=0, metaState=0, flags=0x8, repeatCount=0, eventTime=156516, downTime=156516, deviceId=-1, source=0x101 }
D/InputEventConsistencyVerifier( 1192):   5: sent at 156403000000, KeyEvent { action=ACTION_DOWN, keyCode=KEYCODE_DPAD_CENTER, scanCode=0, metaState=0, flags=0x8, repeatCount=0, eventTime=156403, downTime=156403, deviceId=-1, source=0x101 }
W/DroidBox( 1210): DroidBox: { "ServiceStart": { "name": "com.android.music.MediaPlaybackService" } }
W/DroidBox( 1210): DroidBox: { "ServiceStart": { "name": "com.android.music.MediaPlaybackService" } }
D/gralloc_goldfish( 1192): Emulator without GPU emulation detected.
I/ActivityManager(  224): Displayed com.antivirus.kav/.MainActivity: +6s931ms
I/AndroidRuntime( 1192): VM exiting with result code 0, cleanup skipped.
I/ActivityManager(  224): Process com.antivirus.kav (pid 1192) has died.
I/WindowState(  224): WIN DEATH: Window{b41afa78 com.antivirus.kav/com.antivirus.kav.MainActivity paused=false}
W/ActivityManager(  224): Force removing ActivityRecord{b41b3b10 com.antivirus.kav/.MainActivity}: app died, no saved state
W/InputDispatcher(  224): channel 'b41cc4c0 com.antivirus.kav/com.antivirus.kav.MainActivity (server)' ~ Consumer closed input channel or an error occurred.  events=0x9
E/InputDispatcher(  224): channel 'b41cc4c0 com.antivirus.kav/com.antivirus.kav.MainActivity (server)' ~ Channel is unrecoverably broken and will be disposed!
W/InputDispatcher(  224): Attempted to unregister already unregistered input channel 'b41cc4c0 com.antivirus.kav/com.antivirus.kav.MainActivity (server)'
I/WindowState(  224): WIN DEATH: Window{b41cc4c0 com.antivirus.kav/com.antivirus.kav.MainActivity paused=false}
I/InputDispatcher(  224): Dropping event because there is no focused window or focused application.
I/WindowManager(  224): WINDOW DIED Window{b41cc4c0 com.antivirus.kav/com.antivirus.kav.MainActivity paused=false}
W/InputManager(  224): Input event injection from pid 802 failed.
D/InputEventConsistencyVerifier(  574): KeyEvent: ACTION_UP but key was not down.
D/InputEventConsistencyVerifier(  574):   in android.view.ViewRootImpl@b41259a8
D/InputEventConsistencyVerifier(  574):   0: sent at 158198000000, KeyEvent { action=ACTION_UP, keyCode=KEYCODE_DPAD_LEFT, scanCode=0, metaState=0, flags=0x8, repeatCount=0, eventTime=158198, downTime=158198, deviceId=-1, source=0x101 }
D/InputEventConsistencyVerifier(  574):   -- recent events --
D/InputEventConsistencyVerifier(  574):   1: sent at 151766000000, KeyEvent { action=ACTION_UP, keyCode=KEYCODE_DPAD_DOWN, scanCode=0, metaState=0, flags=0x28, repeatCount=0, eventTime=151766, downTime=151457, deviceId=-1, source=0x101 }
D/InputEventConsistencyVerifier(  574):   2: sent at 151457000000, KeyEvent { action=ACTION_DOWN, keyCode=KEYCODE_DPAD_DOWN, scanCode=0, metaState=0, flags=0x8, repeatCount=0, eventTime=151457, downTime=151457, deviceId=-1, source=0x101 }
D/InputEventConsistencyVerifier(  574):   3: sent at 151498000000, KeyEvent { action=ACTION_UP, keyCode=KEYCODE_DPAD_LEFT, scanCode=0, metaState=0, flags=0x400, repeatCount=0, eventTime=151498, downTime=151498, deviceId=-1, source=0x101 }
D/InputEventConsistencyVerifier(  574):   4: sent at 151498000000, KeyEvent { action=ACTION_DOWN, keyCode=KEYCODE_DPAD_LEFT, scanCode=0, metaState=0, flags=0x400, repeatCount=0, eventTime=151498, downTime=151498, deviceId=-1, source=0x101 }
D/InputEventConsistencyVerifier(  574):   5: sent at 151498000000, KeyEvent { action=ACTION_UP, keyCode=KEYCODE_DPAD_LEFT, scanCode=0, metaState=0, flags=0x400, repeatCount=0, eventTime=151498, downTime=151498, deviceId=-1, source=0x101 }
I/Choreographer(  574): Skipped 31 frames!  The application may be doing too much work on its main thread.
W/InputMethodManagerService(  224): Window already focused, ignoring focus gain of: com.android.internal.view.IInputMethodClient$Stub$Proxy@b3dcc650 attribute=android.view.inputmethod.EditorInfo@b4101af8
D/InputEventConsistencyVerifier(  574): KeyEvent: ACTION_UP but key was not down.
D/InputEventConsistencyVerifier(  574):   in com.android.internal.policy.impl.PhoneWindow$DecorView@b40bc7a0
D/InputEventConsistencyVerifier(  574):   0: sent at 158548000000, KeyEvent { action=ACTION_UP, keyCode=KEYCODE_DPAD_LEFT, scanCode=0, metaState=0, flags=0x8, repeatCount=0, eventTime=158548, downTime=158548, deviceId=-1, source=0x101 }
D/InputEventConsistencyVerifier(  574):   -- recent events --
D/InputEventConsistencyVerifier(  574):   1: sent at 158198000000, (unhandled) KeyEvent { action=ACTION_UP, keyCode=KEYCODE_DPAD_LEFT, scanCode=0, metaState=0, flags=0x80000008, repeatCount=0, eventTime=158198, downTime=158198, deviceId=-1, source=0x101 }
D/InputEventConsistencyVerifier(  574):   2: sent at 151766000000, (unhandled) KeyEvent { action=ACTION_UP, keyCode=KEYCODE_DPAD_DOWN, scanCode=0, metaState=0, flags=0x28, repeatCount=0, eventTime=151766, downTime=151457, deviceId=-1, source=0x101 }
D/InputEventConsistencyVerifier(  574):   3: sent at 151457000000, (unhandled) KeyEvent { action=ACTION_DOWN, keyCode=KEYCODE_DPAD_DOWN, scanCode=0, metaState=0, flags=0x8, repeatCount=0, eventTime=151457, downTime=151457, deviceId=-1, source=0x101 }
D/InputEventConsistencyVerifier(  574):   4: sent at 151498000000, (unhandled) KeyEvent { action=ACTION_UP, keyCode=KEYCODE_DPAD_LEFT, scanCode=0, metaState=0, flags=0x400, repeatCount=0, eventTime=151498, downTime=151498, deviceId=-1, source=0x101 }
D/InputEventConsistencyVerifier(  574):   5: sent at 151498000000, (unhandled) KeyEvent { action=ACTION_DOWN, keyCode=KEYCODE_DPAD_LEFT, scanCode=0, metaState=0, flags=0x400, repeatCount=0, eventTime=151498, downTime=151498, deviceId=-1, source=0x101 }
I/ActivityManager(  224): START {act=android.intent.action.MAIN cat=[android.intent.category.HOME] flg=0x10200000 cmp=com.android.launcher/com.android.launcher2.Launcher u=0} from pid 224
I/Choreographer(  574): Skipped 36 frames!  The application may be doing too much work on its main thread.
I/qtaguid (  224): Failed write_ctrl(s 1 10050) res=-1 errno=1
W/NetworkManagementSocketTagger(  224): setKernelCountSet(10050, 1) failed with errno -1
I/qtaguid (  224): Failed write_ctrl(s 0 10050) res=-1 errno=1
W/NetworkManagementSocketTagger(  224): setKernelCountSet(10050, 0) failed with errno -1
I/qtaguid (  224): Failed write_ctrl(s 1 10050) res=-1 errno=1
W/NetworkManagementSocketTagger(  224): setKernelCountSet(10050, 1) failed with errno -1
I/qtaguid (  224): Failed write_ctrl(s 0 10019) res=-1 errno=1
W/NetworkManagementSocketTagger(  224): setKernelCountSet(10019, 0) failed with errno -1
I/qtaguid (  224): Failed write_ctrl(s 0 10050) res=-1 errno=1
W/NetworkManagementSocketTagger(  224): setKernelCountSet(10050, 0) failed with errno -1
I/qtaguid (  224): Failed write_ctrl(s 1 10019) res=-1 errno=1
W/NetworkManagementSocketTagger(  224): setKernelCountSet(10019, 1) failed with errno -1
I/qtaguid (  224): Failed write_ctrl(s 1 10050) res=-1 errno=1
W/NetworkManagementSocketTagger(  224): setKernelCountSet(10050, 1) failed with errno -1
I/qtaguid (  224): Failed write_ctrl(s 0 10019) res=-1 errno=1
W/NetworkManagementSocketTagger(  224): setKernelCountSet(10019, 0) failed with errno -1
I/qtaguid (  224): Failed write_ctrl(s 0 10050) res=-1 errno=1
W/NetworkManagementSocketTagger(  224): setKernelCountSet(10050, 0) failed with errno -1
I/qtaguid (  224): Failed write_ctrl(s 1 10019) res=-1 errno=1
W/NetworkManagementSocketTagger(  224): setKernelCountSet(10019, 1) failed with errno -1
I/qtaguid (  224): Failed write_ctrl(s 1 10050) res=-1 errno=1
W/NetworkManagementSocketTagger(  224): setKernelCountSet(10050, 1) failed with errno -1
I/qtaguid (  224): Failed write_ctrl(s 0 10050) res=-1 errno=1
W/NetworkManagementSocketTagger(  224): setKernelCountSet(10050, 0) failed with errno -1
I/qtaguid (  224): Failed write_ctrl(s 1 10050) res=-1 errno=1
W/NetworkManagementSocketTagger(  224): setKernelCountSet(10050, 1) failed with errno -1
I/qtaguid (  224): Failed write_ctrl(s 0 10050) res=-1 errno=1
W/NetworkManagementSocketTagger(  224): setKernelCountSet(10050, 0) failed with errno -1
I/InputDispatcher(  224): Dropped event because of pending overdue app switch.
W/InputManager(  224): Input event injection from pid 802 failed.
D/InputEventConsistencyVerifier(  574): KeyEvent: ACTION_UP but key was not down.
D/InputEventConsistencyVerifier(  574):   in com.android.internal.policy.impl.PhoneWindow$DecorView@b40bc7a0
D/InputEventConsistencyVerifier(  574):   0: sent at 158727000000, KeyEvent { action=ACTION_UP, keyCode=KEYCODE_DPAD_CENTER, scanCode=0, metaState=0, flags=0x8, repeatCount=0, eventTime=158727, downTime=158727, deviceId=-1, source=0x101 }
D/InputEventConsistencyVerifier(  574):   -- recent events --
D/InputEventConsistencyVerifier(  574):   1: sent at 158623000000, MotionEvent { action=ACTION_UP, id[0]=0, x[0]=130.0, y[0]=706.0, toolType[0]=TOOL_TYPE_UNKNOWN, buttonState=0, metaState=0, flags=0x0, edgeFlags=0x0, pointerCount=1, historySize=0, eventTime=158623, downTime=158613, deviceId=0, source=0x1002 }
D/InputEventConsistencyVerifier(  574):   2: sent at 158614000000, MotionEvent { action=ACTION_DOWN, id[0]=0, x[0]=123.0, y[0]=705.0, toolType[0]=TOOL_TYPE_UNKNOWN, buttonState=0, metaState=0, flags=0x0, edgeFlags=0x0, pointerCount=1, historySize=0, eventTime=158614, downTime=158613, deviceId=0, source=0x1002 }
D/InputEventConsistencyVerifier(  574):   3: sent at 158548000000, (unhandled) KeyEvent { action=ACTION_UP, keyCode=KEYCODE_DPAD_LEFT, scanCode=0, metaState=0, flags=0x80000008, repeatCount=0, eventTime=158548, downTime=158548, deviceId=-1, source=0x101 }
D/InputEventConsistencyVerifier(  574):   4: sent at 158198000000, (unhandled) KeyEvent { action=ACTION_UP, keyCode=KEYCODE_DPAD_LEFT, scanCode=0, metaState=0, flags=0x80000008, repeatCount=0, eventTime=158198, downTime=158198, deviceId=-1, source=0x101 }
D/InputEventConsistencyVerifier(  574):   5: sent at 151766000000, (unhandled) KeyEvent { action=ACTION_UP, keyCode=KEYCODE_DPAD_DOWN, scanCode=0, metaState=0, flags=0x28, repeatCount=0, eventTime=151766, downTime=151457, deviceId=-1, source=0x101 }
D/InputEventConsistencyVerifier(  574): KeyEvent: ACTION_UP but key was not down.
D/InputEventConsistencyVerifier(  574):   in android.view.ViewRootImpl@b41259a8
D/InputEventConsistencyVerifier(  574):   0: sent at 159083000000, KeyEvent { action=ACTION_UP, keyCode=KEYCODE_DPAD_CENTER, scanCode=0, metaState=0, flags=0x8, repeatCount=0, eventTime=159083, downTime=159083, deviceId=-1, source=0x101 }
D/InputEventConsistencyVerifier(  574):   -- recent events --
D/InputEventConsistencyVerifier(  574):   1: sent at 158727000000, KeyEvent { action=ACTION_UP, keyCode=KEYCODE_DPAD_CENTER, scanCode=0, metaState=0, flags=0x8, repeatCount=0, eventTime=158727, downTime=158727, deviceId=-1, source=0x101 }
D/InputEventConsistencyVerifier(  574):   2: sent at 158724000000, KeyEvent { action=ACTION_DOWN, keyCode=KEYCODE_DPAD_CENTER, scanCode=0, metaState=0, flags=0x8, repeatCount=0, eventTime=158724, downTime=158724, deviceId=-1, source=0x101 }
D/InputEventConsistencyVerifier(  574):   3: sent at 158623000000, MotionEvent { action=ACTION_UP, id[0]=0, x[0]=130.0, y[0]=706.0, toolType[0]=TOOL_TYPE_UNKNOWN, buttonState=0, metaState=0, flags=0x0, edgeFlags=0x0, pointerCount=1, historySize=0, eventTime=158623, downTime=158613, deviceId=0, source=0x1002 }
D/InputEventConsistencyVerifier(  574):   4: sent at 158614000000, MotionEvent { action=ACTION_DOWN, id[0]=0, x[0]=123.0, y[0]=705.0, toolType[0]=TOOL_TYPE_UNKNOWN, buttonState=0, metaState=0, flags=0x0, edgeFlags=0x0, pointerCount=1, historySize=0, eventTime=158614, downTime=158613, deviceId=0, source=0x1002 }
D/InputEventConsistencyVerifier(  574):   5: sent at 158548000000, KeyEvent { action=ACTION_UP, keyCode=KEYCODE_DPAD_LEFT, scanCode=0, metaState=0, flags=0x8, repeatCount=0, eventTime=158548, downTime=158548, deviceId=-1, source=0x101 }
W/dalvikvm(  574): DroidBox: { "FdAccess": { "path": "2f646174612f646174612f636f6d2e616e64726f69642e6c61756e636865722f7368617265645f70726566732f636f6d2e616e64726f69642e6c61756e63686572322e70726566732e786d6c", "id": "1602015571" } }
W/DroidBox(  574): DroidBox: { "FileRW": { "operation": "write", "data": "3c3f786d6c2076657273696f6e3d27312e302720656e636f64696e673d277574662d3827207374616e64616c6f6e653d2779657327203f3e0a3c6d61703e0a3c626f6f6c65616e206e616d653d22636c696e672e776f726b73706163652e6469736d6973", "id": "1602015571" } }
D/InputEventConsistencyVerifier(  574): KeyEvent: ACTION_UP but key was not down.
D/InputEventConsistencyVerifier(  574):   in com.android.launcher2.Hotseat@b40da998
D/InputEventConsistencyVerifier(  574):   0: sent at 159184000000, KeyEvent { action=ACTION_UP, keyCode=KEYCODE_DPAD_LEFT, scanCode=0, metaState=0, flags=0x8, repeatCount=0, eventTime=159184, downTime=159184, deviceId=-1, source=0x101 }
D/InputEventConsistencyVerifier(  574):   -- recent events --
D/InputEventConsistencyVerifier(  574):   1: sent at 158614000000, (unhandled) MotionEvent { action=ACTION_DOWN, id[0]=0, x[0]=123.0, y[0]=10.0, toolType[0]=TOOL_TYPE_UNKNOWN, buttonState=0, metaState=0, flags=0x0, edgeFlags=0x0, pointerCount=1, historySize=0, eventTime=158614, downTime=158613, deviceId=0, source=0x1002 }
D/InputEventConsistencyVerifier(  574):   2: sent at 151766000000, (unhandled) KeyEvent { action=ACTION_UP, keyCode=KEYCODE_DPAD_DOWN, scanCode=0, metaState=0, flags=0x28, repeatCount=0, eventTime=151766, downTime=151457, deviceId=-1, source=0x101 }
D/InputEventConsistencyVerifier(  574):   3: sent at 151457000000, (unhandled) KeyEvent { action=ACTION_DOWN, keyCode=KEYCODE_DPAD_DOWN, scanCode=0, metaState=0, flags=0x8, repeatCount=0, eventTime=151457, downTime=151457, deviceId=-1, source=0x101 }
D/InputEventConsistencyVerifier(  574):   4: sent at 151498000000, (unhandled) KeyEvent { action=ACTION_UP, keyCode=KEYCODE_DPAD_LEFT, scanCode=0, metaState=0, flags=0x400, repeatCount=0, eventTime=151498, downTime=151498, deviceId=-1, source=0x101 }
D/InputEventConsistencyVerifier(  574):   5: sent at 151498000000, (unhandled) KeyEvent { action=ACTION_DOWN, keyCode=KEYCODE_DPAD_LEFT, scanCode=0, metaState=0, flags=0x400, repeatCount=0, eventTime=151498, downTime=151498, deviceId=-1, source=0x101 }
D/InputEventConsistencyVerifier(  574): KeyEvent: ACTION_UP but key was not down.
D/InputEventConsistencyVerifier(  574):   in com.android.internal.policy.impl.PhoneWindow$DecorView@b40bc7a0
D/InputEventConsistencyVerifier(  574):   0: sent at 159333000000, KeyEvent { action=ACTION_UP, keyCode=KEYCODE_DPAD_UP, scanCode=0, metaState=0, flags=0x8, repeatCount=0, eventTime=159333, downTime=159333, deviceId=-1, source=0x101 }
D/InputEventConsistencyVerifier(  574):   -- recent events --
D/InputEventConsistencyVerifier(  574):   1: sent at 159266000000, MotionEvent { action=ACTION_UP, id[0]=0, x[0]=268.0, y[0]=507.0, toolType[0]=TOOL_TYPE_UNKNOWN, buttonState=0, metaState=0, flags=0x0, edgeFlags=0x0, pointerCount=1, historySize=0, eventTime=159266, downTime=159239, deviceId=0, source=0x1002 }
D/InputEventConsistencyVerifier(  574):   2: sent at 159239000000, MotionEvent { action=ACTION_DOWN, id[0]=0, x[0]=274.0, y[0]=502.0, toolType[0]=TOOL_TYPE_UNKNOWN, buttonState=0, metaState=0, flags=0x0, edgeFlags=0x0, pointerCount=1, historySize=0, eventTime=159239, downTime=159239, deviceId=0, source=0x1002 }
D/InputEventConsistencyVerifier(  574):   3: sent at 159184000000, (unhandled) KeyEvent { action=ACTION_UP, keyCode=KEYCODE_DPAD_LEFT, scanCode=0, metaState=0, flags=0x8, repeatCount=0, eventTime=159184, downTime=159184, deviceId=-1, source=0x101 }
D/InputEventConsistencyVerifier(  574):   4: sent at 159115000000, (unhandled) KeyEvent { action=ACTION_DOWN, keyCode=KEYCODE_DPAD_LEFT, scanCode=0, metaState=0, flags=0x8, repeatCount=0, eventTime=159115, downTime=159115, deviceId=-1, source=0x101 }
D/InputEventConsistencyVerifier(  574):   5: sent at 159083000000, (unhandled) KeyEvent { action=ACTION_UP, keyCode=KEYCODE_DPAD_CENTER, scanCode=0, metaState=0, flags=0x80000008, repeatCount=0, eventTime=159083, downTime=159083, deviceId=-1, source=0x101 }
D/InputEventConsistencyVerifier(  574): KeyEvent: ACTION_UP but key was not down.
D/InputEventConsistencyVerifier(  574):   in com.android.launcher2.Hotseat@b40da998
D/InputEventConsistencyVerifier(  574):   0: sent at 159447000000, KeyEvent { action=ACTION_UP, keyCode=KEYCODE_DPAD_RIGHT, scanCode=0, metaState=0, flags=0x8, repeatCount=0, eventTime=159447, downTime=159447, deviceId=-1, source=0x101 }
D/InputEventConsistencyVerifier(  574):   -- recent events --
D/InputEventConsistencyVerifier(  574):   1: sent at 159184000000, (unhandled) KeyEvent { action=ACTION_UP, keyCode=KEYCODE_DPAD_LEFT, scanCode=0, metaState=0, flags=0x80000008, repeatCount=0, eventTime=159184, downTime=159184, deviceId=-1, source=0x101 }
D/InputEventConsistencyVerifier(  574):   2: sent at 158614000000, (unhandled) MotionEvent { action=ACTION_DOWN, id[0]=0, x[0]=123.0, y[0]=10.0, toolType[0]=TOOL_TYPE_UNKNOWN, buttonState=0, metaState=0, flags=0x0, edgeFlags=0x0, pointerCount=1, historySize=0, eventTime=158614, downTime=158613, deviceId=0, source=0x1002 }
D/InputEventConsistencyVerifier(  574):   3: sent at 151766000000, (unhandled) KeyEvent { action=ACTION_UP, keyCode=KEYCODE_DPAD_DOWN, scanCode=0, metaState=0, flags=0x28, repeatCount=0, eventTime=151766, downTime=151457, deviceId=-1, source=0x101 }
D/InputEventConsistencyVerifier(  574):   4: sent at 151457000000, (unhandled) KeyEvent { action=ACTION_DOWN, keyCode=KEYCODE_DPAD_DOWN, scanCode=0, metaState=0, flags=0x8, repeatCount=0, eventTime=151457, downTime=151457, deviceId=-1, source=0x101 }
D/InputEventConsistencyVerifier(  574):   5: sent at 151498000000, (unhandled) KeyEvent { action=ACTION_UP, keyCode=KEYCODE_DPAD_LEFT, scanCode=0, metaState=0, flags=0x400, repeatCount=0, eventTime=151498, downTime=151498, deviceId=-1, source=0x101 }
D/EmailProvider(  893): fromDatabase accounts: 0
D/EmailProvider(  893): ending toDatabase transaction; copyCount = 0
I/InputReader(  224): Reconfiguring input devices.  changes=0x00000010
I/Choreographer(  574): Skipped 65 frames!  The application may be doing too much work on its main thread.
D/PackageManager(  224): generateServicesMap(android.accounts.AccountAuthenticator): 2 services unchanged
D/PackageManager(  224): generateServicesMap(android.content.SyncAdapter): 4 services unchanged
D/InputEventConsistencyVerifier(  574): KeyEvent: ACTION_UP but key was not down.
D/InputEventConsistencyVerifier(  574):   in android.view.ViewRootImpl@b41259a8
D/InputEventConsistencyVerifier(  574):   0: sent at 160090000000, KeyEvent { action=ACTION_UP, keyCode=KEYCODE_BUTTON_R2, scanCode=0, metaState=0, flags=0x8, repeatCount=0, eventTime=160090, downTime=160090, deviceId=-1, source=0x101 }
D/InputEventConsistencyVerifier(  574):   -- recent events --
D/InputEventConsistencyVerifier(  574):   1: sent at 159635000000, KeyEvent { action=ACTION_UP, keyCode=KEYCODE_MENU, scanCode=0, metaState=0, flags=0x8, repeatCount=0, eventTime=159635, downTime=159635, deviceId=-1, source=0x101 }
D/InputEventConsistencyVerifier(  574):   2: sent at 159565000000, KeyEvent { action=ACTION_DOWN, keyCode=KEYCODE_MENU, scanCode=0, metaState=0, flags=0x8, repeatCount=0, eventTime=159565, downTime=159565, deviceId=-1, source=0x101 }
D/InputEventConsistencyVerifier(  574):   3: sent at 159629000000, KeyEvent { action=ACTION_UP, keyCode=KEYCODE_DPAD_DOWN, scanCode=0, metaState=0, flags=0x400, repeatCount=0, eventTime=159629, downTime=159629, deviceId=-1, source=0x101 }
D/InputEventConsistencyVerifier(  574):   4: sent at 159629000000, KeyEvent { action=ACTION_DOWN, keyCode=KEYCODE_DPAD_DOWN, scanCode=0, metaState=0, flags=0x400, repeatCount=0, eventTime=159629, downTime=159629, deviceId=-1, source=0x101 }
D/InputEventConsistencyVerifier(  574):   5: sent at 159629000000, KeyEvent { action=ACTION_UP, keyCode=KEYCODE_DPAD_DOWN, scanCode=0, metaState=0, flags=0x400, repeatCount=0, eventTime=159629, downTime=159629, deviceId=-1, source=0x101 }
I/Choreographer(  574): Skipped 75 frames!  The application may be doing too much work on its main thread.
W/InputMethodManagerService(  224): Window already focused, ignoring focus gain of: com.android.internal.view.IInputMethodClient$Stub$Proxy@b406c768 attribute=null
I/ActivityManager(  224): START {act=android.search.action.GLOBAL_SEARCH flg=0x10000000 cmp=com.android.quicksearchbox/.SearchActivity bnds=[5,43][475,103] (has extras) u=0} from pid 574
I/ActivityManager(  224): START {act=android.intent.action.MAIN cat=[android.intent.category.LAUNCHER] flg=0x10200000 cmp=com.antivirus.kav/.MainActivity u=0} from pid 802
W/WindowManager(  224): Failure taking screenshot for (246x410) to layer 21005
D/InputEventConsistencyVerifier(  574): KeyEvent: ACTION_UP but key was not down.
D/InputEventConsistencyVerifier(  574):   in com.android.launcher2.SearchDropTargetBar@b40e19f8
D/InputEventConsistencyVerifier(  574):   0: sent at 160984000000, KeyEvent { action=ACTION_UP, keyCode=KEYCODE_DPAD_UP, scanCode=0, metaState=0, flags=0x400, repeatCount=0, eventTime=160984, downTime=160984, deviceId=-1, source=0x101 }
D/InputEventConsistencyVerifier(  574):   -- recent events --
D/InputEventConsistencyVerifier(  574):   1: sent at 159374000000, (unhandled) KeyEvent { action=ACTION_DOWN, keyCode=KEYCODE_DPAD_RIGHT, scanCode=0, metaState=0, flags=0x8, repeatCount=0, eventTime=159374, downTime=159374, deviceId=-1, source=0x101 }
D/InputEventConsistencyVerifier(  574):   2: sent at 159333000000, (unhandled) KeyEvent { action=ACTION_UP, keyCode=KEYCODE_DPAD_UP, scanCode=0, metaState=0, flags=0x80000008, repeatCount=0, eventTime=159333, downTime=159333, deviceId=-1, source=0x101 }
D/InputEventConsistencyVerifier(  574):   3: sent at 159115000000, (unhandled) KeyEvent { action=ACTION_DOWN, keyCode=KEYCODE_DPAD_LEFT, scanCode=0, metaState=0, flags=0x8, repeatCount=0, eventTime=159115, downTime=159115, deviceId=-1, source=0x101 }
D/InputEventConsistencyVerifier(  574):   4: sent at 159083000000, (unhandled) KeyEvent { action=ACTION_UP, keyCode=KEYCODE_DPAD_CENTER, scanCode=0, metaState=0, flags=0x80000008, repeatCount=0, eventTime=159083, downTime=159083, deviceId=-1, source=0x101 }
D/InputEventConsistencyVerifier(  574):   5: sent at 158727000000, (unhandled) KeyEvent { action=ACTION_UP, keyCode=KEYCODE_DPAD_CENTER, scanCode=0, metaState=0, flags=0x80000008, repeatCount=0, eventTime=158727, downTime=158727, deviceId=-1, source=0x101 }
I/ActivityManager(  224): START {act=android.intent.action.MAIN cat=[android.intent.category.LAUNCHER] flg=0x10200000 cmp=com.antivirus.kav/.MainActivity u=0} from pid 802
I/ActivityManager(  224): Start proc com.antivirus.kav for activity com.antivirus.kav/.MainActivity: pid=1242 uid=10050 gids={3003, 1015, 1028}
I/Choreographer(  574): Skipped 87 frames!  The application may be doing too much work on its main thread.
W/dalvikvm(  948): DroidBox: { "FdAccess": { "path": "2f646174612f646174612f636f6d2e616e64726f69642e67616c6c65727933642f7368617265645f70726566732f636f6d2e616e64726f69642e67616c6c65727933645f707265666572656e6365732e786d6c", "id": "1651655623" } }
W/DroidBox(  948): DroidBox: { "FileRW": { "operation": "write", "data": "3c3f786d6c2076657273696f6e3d27312e302720656e636f64696e673d277574662d3827207374616e64616c6f6e653d2779657327203f3e0a3c6d61703e0a3c696e74206e616d653d227061636b616765732d76657273696f6e222076616c75653d2237", "id": "1651655623" } }
I/qtaguid (  224): Failed write_ctrl(s 1 10050) res=-1 errno=1
W/NetworkManagementSocketTagger(  224): setKernelCountSet(10050, 1) failed with errno -1
E/Trace   ( 1242): error opening trace file: No such file or directory (2)
W/DroidBox( 1242): DroidBox: { "DexClassLoader": { "path": "/data/app/com.antivirus.kav-1.apk" } }
I/Choreographer(  574): Skipped 315 frames!  The application may be doing too much work on its main thread.
I/Choreographer(  574): Skipped 31 frames!  The application may be doing too much work on its main thread.
I/InputDispatcher(  224): Window 'Window{b4149b38 com.android.launcher/com.android.launcher2.Launcher paused=false}' spent 2410.5ms processing the last input event: MotionEvent(action=2, deviceId=0, source=0x00010004)
I/InputDispatcher(  224): Window 'Window{b4149b38 com.android.launcher/com.android.launcher2.Launcher paused=false}' spent 2408.8ms processing the last input event: MotionEvent(action=2, deviceId=0, source=0x00010004)
I/InputDispatcher(  224): Window 'Window{b4149b38 com.android.launcher/com.android.launcher2.Launcher paused=false}' spent 2394.7ms processing the last input event: MotionEvent(action=2, deviceId=0, source=0x00010004)
I/InputDispatcher(  224): Window 'Window{b4149b38 com.android.launcher/com.android.launcher2.Launcher paused=false}' spent 2392.4ms processing the last input event: MotionEvent(action=2, deviceId=0, source=0x00010004)
I/InputDispatcher(  224): Window 'Window{b4149b38 com.android.launcher/com.android.launcher2.Launcher paused=false}' spent 2379.2ms processing the last input event: MotionEvent(action=2, deviceId=0, source=0x00010004)
D/InputEventConsistencyVerifier(  574): KeyEvent: ACTION_UP but key was not down.
D/InputEventConsistencyVerifier(  574):   in com.android.launcher2.Hotseat@b40da998
D/InputEventConsistencyVerifier(  574):   0: sent at 163387000000, KeyEvent { action=ACTION_UP, keyCode=KEYCODE_DPAD_LEFT, scanCode=0, metaState=0, flags=0x400, repeatCount=0, eventTime=163387, downTime=163387, deviceId=-1, source=0x101 }
D/InputEventConsistencyVerifier(  574):   -- recent events --
D/InputEventConsistencyVerifier(  574):   1: sent at 160984000000, (unhandled) KeyEvent { action=ACTION_DOWN, keyCode=KEYCODE_DPAD_UP, scanCode=0, metaState=0, flags=0x400, repeatCount=0, eventTime=160984, downTime=160984, deviceId=-1, source=0x101 }
D/InputEventConsistencyVerifier(  574):   2: sent at 160973000000, (unhandled) MotionEvent { action=ACTION_MOVE, id[0]=0, x[0]=2.0, y[0]=-4.0, toolType[0]=TOOL_TYPE_UNKNOWN, buttonState=0, metaState=0, flags=0x0, edgeFlags=0x0, pointerCount=1, historySize=1, eventTime=160973, downTime=-1, deviceId=0, source=0x10004 }
D/InputEventConsistencyVerifier(  574):   3: sent at 160910000000, (unhandled) MotionEvent { action=ACTION_MOVE, id[0]=0, x[0]=1.0, y[0]=-3.0, toolType[0]=TOOL_TYPE_UNKNOWN, buttonState=0, metaState=0, flags=0x0, edgeFlags=0x0, pointerCount=1, historySize=2, eventTime=160910, downTime=-1, deviceId=0, source=0x10004 }
D/InputEventConsistencyVerifier(  574):   4: sent at 160620000000, (unhandled) KeyEvent { action=ACTION_UP, keyCode=KEYCODE_8, scanCode=0, metaState=0, flags=0x8, repeatCount=0, eventTime=160620, downTime=160620, deviceId=-1, source=0x101 }
D/InputEventConsistencyVerifier(  574):   5: sent at 160590000000, (unhandled) KeyEvent { action=ACTION_DOWN, keyCode=KEYCODE_8, scanCode=0, metaState=0, flags=0x8, repeatCount=0, eventTime=160590, downTime=160590, deviceId=-1, source=0x101 }
I/AccountTypeManager(  839): Loaded meta-data for 1 account types, 0 accounts in 502ms(wall) 0ms(cpu)
V/PhoneStatusBar(  425): setLightsOn(true)
E/WVMExtractor(   62): Failed to open libwvm.so
I/Choreographer( 1242): Skipped 75 frames!  The application may be doing too much work on its main thread.
D/EmailProvider(  893): ending fromDatabase transaction; copyCount = 0
I/Choreographer( 1242): Skipped 140 frames!  The application may be doing too much work on its main thread.
D/gralloc_goldfish( 1242): Emulator without GPU emulation detected.
I/ActivityManager(  224): Displayed com.antivirus.kav/.MainActivity: +4s149ms
I/Choreographer( 1242): Skipped 142 frames!  The application may be doing too much work on its main thread.
I/Choreographer( 1242): Skipped 48 frames!  The application may be doing too much work on its main thread.
D/InputEventConsistencyVerifier( 1242): KeyEvent: ACTION_UP but key was not down.
D/InputEventConsistencyVerifier( 1242):   in com.android.internal.policy.impl.PhoneWindow$DecorView@b3ddfcb8
D/InputEventConsistencyVerifier( 1242):   0: sent at 166101000000, KeyEvent { action=ACTION_UP, keyCode=KEYCODE_DPAD_UP, scanCode=0, metaState=0, flags=0x400, repeatCount=0, eventTime=166101, downTime=166101, deviceId=-1, source=0x101 }
D/InputEventConsistencyVerifier( 1242):   -- recent events --
D/InputEventConsistencyVerifier( 1242):   1: sent at 166019000000, (unhandled) MotionEvent { action=ACTION_MOVE, id[0]=0, x[0]=1.0, y[0]=-2.0, toolType[0]=TOOL_TYPE_UNKNOWN, buttonState=0, metaState=0, flags=0x0, edgeFlags=0x0, pointerCount=1, historySize=9, eventTime=166019, downTime=-1, deviceId=0, source=0x10004 }
D/InputEventConsistencyVerifier( 1242):   2: sent at 166061000000, (unhandled) MotionEvent { action=ACTION_UP, id[0]=0, x[0]=174.66667, y[0]=274.66666, toolType[0]=TOOL_TYPE_UNKNOWN, buttonState=0, metaState=0, flags=0x0, edgeFlags=0x0, pointerCount=1, historySize=0, eventTime=166061, downTime=166056, deviceId=0, source=0x1002 }
D/InputEventConsistencyVerifier( 1242):   3: sent at 166057000000, (unhandled) MotionEvent { action=ACTION_DOWN, id[0]=0, x[0]=172.0, y[0]=275.33334, toolType[0]=TOOL_TYPE_UNKNOWN, buttonState=0, metaState=0, flags=0x0, edgeFlags=0x0, pointerCount=1, historySize=0, eventTime=166057, downTime=166056, deviceId=0, source=0x1002 }
D/InputEventConsistencyVerifier( 1242):   4: sent at 166049000000, (unhandled) MotionEvent { action=ACTION_UP, id[0]=0, x[0]=287.33334, y[0]=164.0, toolType[0]=TOOL_TYPE_UNKNOWN, buttonState=0, metaState=0, flags=0x0, edgeFlags=0x0, pointerCount=1, historySize=0, eventTime=166049, downTime=166023, deviceId=0, source=0x1002 }
D/InputEventConsistencyVerifier( 1242):   5: sent at 166024000000, (unhandled) MotionEvent { action=ACTION_DOWN, id[0]=0, x[0]=283.33334, y[0]=172.0, toolType[0]=TOOL_TYPE_UNKNOWN, buttonState=0, metaState=0, flags=0x0, edgeFlags=0x0, pointerCount=1, historySize=0, eventTime=166024, downTime=166023, deviceId=0, source=0x1002 }
W/dalvikvm(  224): DroidBox: { "FdAccess": { "path": "2f70726f632f313234322f636d646c696e65", "id": "826645412" } }
W/DroidBox(  224): DroidBox: { "FileRW": { "operation": "read", "data": "636f6d2e616e746976697275732e6b6176000000000000000000000000000000000000000000000000000000000000000000000000000000000000000000000000000000000000000000000034353464366632646465343661613337313130352e61706b", "id": "826645412" } }
E/WVMExtractor(   62): Failed to open libwvm.so
I/AndroidRuntime( 1242): VM exiting with result code 0, cleanup skipped.
I/WindowState(  224): WIN DEATH: Window{b3e825b0 com.antivirus.kav/com.antivirus.kav.MainActivity paused=false}
I/ActivityManager(  224): Process com.antivirus.kav (pid 1242) has died.
I/qtaguid (  224): Failed write_ctrl(s 0 10050) res=-1 errno=1
W/NetworkManagementSocketTagger(  224): setKernelCountSet(10050, 0) failed with errno -1
W/ActivityManager(  224): Force removing ActivityRecord{b4222d68 com.antivirus.kav/.MainActivity}: app died, no saved state
W/InputDispatcher(  224): channel 'b41b5228 com.antivirus.kav/com.antivirus.kav.MainActivity (server)' ~ Consumer closed input channel or an error occurred.  events=0x9
E/InputDispatcher(  224): channel 'b41b5228 com.antivirus.kav/com.antivirus.kav.MainActivity (server)' ~ Channel is unrecoverably broken and will be disposed!
W/InputDispatcher(  224): Attempted to unregister already unregistered input channel 'b41b5228 com.antivirus.kav/com.antivirus.kav.MainActivity (server)'
I/WindowState(  224): WIN DEATH: Window{b41b5228 com.antivirus.kav/com.antivirus.kav.MainActivity paused=false}
I/WindowManager(  224): WINDOW DIED Window{b41b5228 com.antivirus.kav/com.antivirus.kav.MainActivity paused=false}
I/InputDispatcher(  224): Dropping event because there is no focused window or focused application.
W/InputManager(  224): Input event injection from pid 802 failed.
W/InputMethodManagerService(  224): Window already focused, ignoring focus gain of: com.android.internal.view.IInputMethodClient$Stub$Proxy@b41e5d18 attribute=android.view.inputmethod.EditorInfo@b41e5d30
D/InputEventConsistencyVerifier(  574): KeyEvent: ACTION_UP but key was not down.
D/InputEventConsistencyVerifier(  574):   in android.view.ViewRootImpl@b41259a8
D/InputEventConsistencyVerifier(  574):   0: sent at 166806000000, KeyEvent { action=ACTION_UP, keyCode=KEYCODE_DPAD_UP, scanCode=0, metaState=0, flags=0x8, repeatCount=0, eventTime=166806, downTime=166806, deviceId=-1, source=0x101 }
D/InputEventConsistencyVerifier(  574):   -- recent events --
D/InputEventConsistencyVerifier(  574):   1: sent at 163388000000, KeyEvent { action=ACTION_UP, keyCode=KEYCODE_DPAD_LEFT, scanCode=0, metaState=0, flags=0x400, repeatCount=0, eventTime=163388, downTime=163388, deviceId=-1, source=0x101 }
D/InputEventConsistencyVerifier(  574):   2: sent at 163388000000, KeyEvent { action=ACTION_DOWN, keyCode=KEYCODE_DPAD_LEFT, scanCode=0, metaState=0, flags=0x400, repeatCount=0, eventTime=163388, downTime=163388, deviceId=-1, source=0x101 }
D/InputEventConsistencyVerifier(  574):   3: sent at 163387000000, KeyEvent { action=ACTION_UP, keyCode=KEYCODE_DPAD_LEFT, scanCode=0, metaState=0, flags=0x400, repeatCount=0, eventTime=163387, downTime=163387, deviceId=-1, source=0x101 }
D/InputEventConsistencyVerifier(  574):   4: sent at 163387000000, KeyEvent { action=ACTION_DOWN, keyCode=KEYCODE_DPAD_LEFT, scanCode=0, metaState=0, flags=0x400, repeatCount=0, eventTime=163387, downTime=163387, deviceId=-1, source=0x101 }
D/InputEventConsistencyVerifier(  574):   5: sent at 163387000000, KeyEvent { action=ACTION_UP, keyCode=KEYCODE_DPAD_LEFT, scanCode=0, metaState=0, flags=0x400, repeatCount=0, eventTime=163387, downTime=163387, deviceId=-1, source=0x101 }
