D/InputEventConsistencyVerifier(  425):   4: sent at 132250000000, MotionEvent { action=ACTION_UP, id[0]=0, x[0]=218.0, y[0]=606.0, toolType[0]=TOOL_TYPE_UNKNOWN, buttonState=0, metaState=0, flags=0x0, edgeFlags=0x0, pointerCount=1, historySize=0, eventTime=132250, downTime=132243, deviceId=0, source=0x1002 }
D/InputEventConsistencyVerifier(  425):   5: sent at 132243000000, MotionEvent { action=ACTION_DOWN, id[0]=0, x[0]=208.0, y[0]=606.0, toolType[0]=TOOL_TYPE_UNKNOWN, buttonState=0, metaState=0, flags=0x0, edgeFlags=0x0, pointerCount=1, historySize=0, eventTime=132243, downTime=132243, deviceId=0, source=0x1002 }
D/InputEventConsistencyVerifier(  425): TouchEvent: ACTION_DOWN but pointers are already down.  Probably missing ACTION_UP from previous gesture.
D/InputEventConsistencyVerifier(  425):   in android.view.ScaleGestureDetector@b3ebbaf8
D/InputEventConsistencyVerifier(  425):   0: sent at 133372000000, MotionEvent { action=ACTION_DOWN, id[0]=0, x[0]=131.0, y[0]=754.0, toolType[0]=TOOL_TYPE_UNKNOWN, buttonState=0, metaState=0, flags=0x0, edgeFlags=0x0, pointerCount=1, historySize=0, eventTime=133372, downTime=133371, deviceId=0, source=0x1002 }
D/InputEventConsistencyVerifier(  425):   -- recent events --
D/InputEventConsistencyVerifier(  425):   1: sent at 133274000000, MotionEvent { action=ACTION_DOWN, id[0]=0, x[0]=214.0, y[0]=671.0, toolType[0]=TOOL_TYPE_UNKNOWN, buttonState=0, metaState=0, flags=0x80000000, edgeFlags=0x0, pointerCount=1, historySize=0, eventTime=133274, downTime=133251, deviceId=0, source=0x1002 }
D/InputEventConsistencyVerifier(  425):   2: sent at 133176000000, MotionEvent { action=ACTION_DOWN, id[0]=0, x[0]=62.0, y[0]=722.0, toolType[0]=TOOL_TYPE_UNKNOWN, buttonState=0, metaState=0, flags=0x0, edgeFlags=0x0, pointerCount=1, historySize=0, eventTime=133176, downTime=133172, deviceId=0, source=0x1002 }
D/InputEventConsistencyVerifier(  425):   3: sent at 132297000000, MotionEvent { action=ACTION_UP, id[0]=0, x[0]=134.0, y[0]=130.0, toolType[0]=TOOL_TYPE_UNKNOWN, buttonState=0, metaState=0, flags=0x0, edgeFlags=0x0, pointerCount=1, historySize=0, eventTime=132297, downTime=132257, deviceId=0, source=0x1002 }
D/InputEventConsistencyVerifier(  425):   4: sent at 132258000000, MotionEvent { action=ACTION_DOWN, id[0]=0, x[0]=132.0, y[0]=148.0, toolType[0]=TOOL_TYPE_UNKNOWN, buttonState=0, metaState=0, flags=0x0, edgeFlags=0x0, pointerCount=1, historySize=0, eventTime=132258, downTime=132257, deviceId=0, source=0x1002 }
D/InputEventConsistencyVerifier(  425):   5: sent at 132250000000, MotionEvent { action=ACTION_UP, id[0]=0, x[0]=218.0, y[0]=606.0, toolType[0]=TOOL_TYPE_UNKNOWN, buttonState=0, metaState=0, flags=0x0, edgeFlags=0x0, pointerCount=1, historySize=0, eventTime=132250, downTime=132243, deviceId=0, source=0x1002 }
I/ActivityManager(  224): START {act=android.intent.action.CALL_BUTTON flg=0x10000000 cmp=com.android.contacts/.activities.DialtactsActivity u=0} from pid 425
D/InputEventConsistencyVerifier(  425): KeyEvent: ACTION_UP but key was not down.
D/InputEventConsistencyVerifier(  425):   in com.android.systemui.statusbar.phone.StatusBarWindowView@b3e1b1d8
D/InputEventConsistencyVerifier(  425):   0: sent at 133501000000, KeyEvent { action=ACTION_UP, keyCode=KEYCODE_DPAD_LEFT, scanCode=0, metaState=0, flags=0x8, repeatCount=0, eventTime=133501, downTime=133501, deviceId=-1, source=0x101 }
D/InputEventConsistencyVerifier(  425):   -- recent events --
D/InputEventConsistencyVerifier(  425):   1: sent at 133437000000, (unhandled) KeyEvent { action=ACTION_UP, keyCode=KEYCODE_CALL, scanCode=0, metaState=0, flags=0x8, repeatCount=0, eventTime=133437, downTime=133437, deviceId=-1, source=0x101 }
D/InputEventConsistencyVerifier(  425):   2: sent at 133390000000, (unhandled) KeyEvent { action=ACTION_DOWN, keyCode=KEYCODE_CALL, scanCode=0, metaState=0, flags=0x8, repeatCount=0, eventTime=133390, downTime=133390, deviceId=-1, source=0x101 }
D/InputEventConsistencyVerifier(  425):   3: sent at 133382000000, MotionEvent { action=ACTION_UP, id[0]=0, x[0]=130.0, y[0]=752.0, toolType[0]=TOOL_TYPE_UNKNOWN, buttonState=0, metaState=0, flags=0x0, edgeFlags=0x0, pointerCount=1, historySize=0, eventTime=133382, downTime=133371, deviceId=0, source=0x1002 }
D/InputEventConsistencyVerifier(  425):   4: sent at 133372000000, MotionEvent { action=ACTION_DOWN, id[0]=0, x[0]=131.0, y[0]=754.0, toolType[0]=TOOL_TYPE_UNKNOWN, buttonState=0, metaState=0, flags=0x0, edgeFlags=0x0, pointerCount=1, historySize=0, eventTime=133372, downTime=133371, deviceId=0, source=0x1002 }
D/InputEventConsistencyVerifier(  425):   5: sent at 133366000000, (unhandled) KeyEvent { action=ACTION_UP, keyCode=KEYCODE_DPAD_UP, scanCode=0, metaState=0, flags=0x8, repeatCount=0, eventTime=133366, downTime=133366, deviceId=-1, source=0x101 }
D/InputEventConsistencyVerifier(  425): TouchEvent: ACTION_DOWN but pointers are already down.  Probably missing ACTION_UP from previous gesture.
D/InputEventConsistencyVerifier(  425):   in android.view.ScaleGestureDetector@b3ebbaf8
D/InputEventConsistencyVerifier(  425):   0: sent at 133514000000, MotionEvent { action=ACTION_DOWN, id[0]=0, x[0]=364.0, y[0]=547.0, toolType[0]=TOOL_TYPE_UNKNOWN, buttonState=0, metaState=0, flags=0x0, edgeFlags=0x0, pointerCount=1, historySize=0, eventTime=133514, downTime=133513, deviceId=0, source=0x1002 }
D/InputEventConsistencyVerifier(  425):   -- recent events --
D/InputEventConsistencyVerifier(  425):   1: sent at 133372000000, MotionEvent { action=ACTION_DOWN, id[0]=0, x[0]=131.0, y[0]=754.0, toolType[0]=TOOL_TYPE_UNKNOWN, buttonState=0, metaState=0, flags=0x80000000, edgeFlags=0x0, pointerCount=1, historySize=0, eventTime=133372, downTime=133371, deviceId=0, source=0x1002 }
D/InputEventConsistencyVerifier(  425):   2: sent at 133274000000, MotionEvent { action=ACTION_DOWN, id[0]=0, x[0]=214.0, y[0]=671.0, toolType[0]=TOOL_TYPE_UNKNOWN, buttonState=0, metaState=0, flags=0x80000000, edgeFlags=0x0, pointerCount=1, historySize=0, eventTime=133274, downTime=133251, deviceId=0, source=0x1002 }
D/InputEventConsistencyVerifier(  425):   3: sent at 133176000000, MotionEvent { action=ACTION_DOWN, id[0]=0, x[0]=62.0, y[0]=722.0, toolType[0]=TOOL_TYPE_UNKNOWN, buttonState=0, metaState=0, flags=0x0, edgeFlags=0x0, pointerCount=1, historySize=0, eventTime=133176, downTime=133172, deviceId=0, source=0x1002 }
D/InputEventConsistencyVerifier(  425):   4: sent at 132297000000, MotionEvent { action=ACTION_UP, id[0]=0, x[0]=134.0, y[0]=130.0, toolType[0]=TOOL_TYPE_UNKNOWN, buttonState=0, metaState=0, flags=0x0, edgeFlags=0x0, pointerCount=1, historySize=0, eventTime=132297, downTime=132257, deviceId=0, source=0x1002 }
D/InputEventConsistencyVerifier(  425):   5: sent at 132258000000, MotionEvent { action=ACTION_DOWN, id[0]=0, x[0]=132.0, y[0]=148.0, toolType[0]=TOOL_TYPE_UNKNOWN, buttonState=0, metaState=0, flags=0x0, edgeFlags=0x0, pointerCount=1, historySize=0, eventTime=132258, downTime=132257, deviceId=0, source=0x1002 }
I/Choreographer(  425): Skipped 125 frames!  The application may be doing too much work on its main thread.
D/InputEventConsistencyVerifier(  425): KeyEvent: ACTION_UP but key was not down.
D/InputEventConsistencyVerifier(  425):   in com.android.systemui.statusbar.phone.StatusBarWindowView@b3e1b1d8
D/InputEventConsistencyVerifier(  425):   0: sent at 133582000000, KeyEvent { action=ACTION_UP, keyCode=KEYCODE_DPAD_UP, scanCode=0, metaState=0, flags=0x400, repeatCount=0, eventTime=133582, downTime=133582, deviceId=-1, source=0x101 }
D/InputEventConsistencyVerifier(  425):   -- recent events --
D/InputEventConsistencyVerifier(  425):   1: sent at 133573000000, (unhandled) MotionEvent { action=ACTION_MOVE, id[0]=0, x[0]=-2.0, y[0]=-2.0, toolType[0]=TOOL_TYPE_UNKNOWN, buttonState=0, metaState=0, flags=0x0, edgeFlags=0x0, pointerCount=1, historySize=3, eventTime=133573, downTime=-1, deviceId=0, source=0x10004 }
D/InputEventConsistencyVerifier(  425):   2: sent at 133519000000, MotionEvent { action=ACTION_UP, id[0]=0, x[0]=367.0, y[0]=548.0, toolType[0]=TOOL_TYPE_UNKNOWN, buttonState=0, metaState=0, flags=0x0, edgeFlags=0x0, pointerCount=1, historySize=0, eventTime=133519, downTime=133513, deviceId=0, source=0x1002 }
D/InputEventConsistencyVerifier(  425):   3: sent at 133514000000, MotionEvent { action=ACTION_DOWN, id[0]=0, x[0]=364.0, y[0]=547.0, toolType[0]=TOOL_TYPE_UNKNOWN, buttonState=0, metaState=0, flags=0x0, edgeFlags=0x0, pointerCount=1, historySize=0, eventTime=133514, downTime=133513, deviceId=0, source=0x1002 }
D/InputEventConsistencyVerifier(  425):   4: sent at 133501000000, (unhandled) KeyEvent { action=ACTION_UP, keyCode=KEYCODE_DPAD_LEFT, scanCode=0, metaState=0, flags=0x80000008, repeatCount=0, eventTime=133501, downTime=133501, deviceId=-1, source=0x101 }
D/InputEventConsistencyVerifier(  425):   5: sent at 133437000000, (unhandled) KeyEvent { action=ACTION_UP, keyCode=KEYCODE_CALL, scanCode=0, metaState=0, flags=0x8, repeatCount=0, eventTime=133437, downTime=133437, deviceId=-1, source=0x101 }
V/PhoneStatusBar(  425): setLightsOn(true)
D/PhoneStatusBar(  425): disable: < expand icons alerts ticker* system_info back home recent clock >
I/Choreographer( 1083): Skipped 311 frames!  The application may be doing too much work on its main thread.
D/gralloc_goldfish( 1083): Emulator without GPU emulation detected.
I/ActivityManager(  224): Displayed com.antivirus.kav/.MainActivity: +6s616ms
D/InputEventConsistencyVerifier(  425): TouchEvent: ACTION_DOWN but pointers are already down.  Probably missing ACTION_UP from previous gesture.
D/InputEventConsistencyVerifier(  425):   in android.view.ScaleGestureDetector@b3ebbaf8
D/InputEventConsistencyVerifier(  425):   0: sent at 134607000000, MotionEvent { action=ACTION_DOWN, id[0]=0, x[0]=335.0, y[0]=23.0, toolType[0]=TOOL_TYPE_UNKNOWN, buttonState=0, metaState=0, flags=0x0, edgeFlags=0x0, pointerCount=1, historySize=0, eventTime=134607, downTime=134605, deviceId=0, source=0x1002 }
D/InputEventConsistencyVerifier(  425):   -- recent events --
D/InputEventConsistencyVerifier(  425):   1: sent at 133514000000, MotionEvent { action=ACTION_DOWN, id[0]=0, x[0]=364.0, y[0]=547.0, toolType[0]=TOOL_TYPE_UNKNOWN, buttonState=0, metaState=0, flags=0x80000000, edgeFlags=0x0, pointerCount=1, historySize=0, eventTime=133514, downTime=133513, deviceId=0, source=0x1002 }
D/InputEventConsistencyVerifier(  425):   2: sent at 133372000000, MotionEvent { action=ACTION_DOWN, id[0]=0, x[0]=131.0, y[0]=754.0, toolType[0]=TOOL_TYPE_UNKNOWN, buttonState=0, metaState=0, flags=0x80000000, edgeFlags=0x0, pointerCount=1, historySize=0, eventTime=133372, downTime=133371, deviceId=0, source=0x1002 }
D/InputEventConsistencyVerifier(  425):   3: sent at 133274000000, MotionEvent { action=ACTION_DOWN, id[0]=0, x[0]=214.0, y[0]=671.0, toolType[0]=TOOL_TYPE_UNKNOWN, buttonState=0, metaState=0, flags=0x80000000, edgeFlags=0x0, pointerCount=1, historySize=0, eventTime=133274, downTime=133251, deviceId=0, source=0x1002 }
D/InputEventConsistencyVerifier(  425):   4: sent at 133176000000, MotionEvent { action=ACTION_DOWN, id[0]=0, x[0]=62.0, y[0]=722.0, toolType[0]=TOOL_TYPE_UNKNOWN, buttonState=0, metaState=0, flags=0x0, edgeFlags=0x0, pointerCount=1, historySize=0, eventTime=133176, downTime=133172, deviceId=0, source=0x1002 }
D/InputEventConsistencyVerifier(  425):   5: sent at 132297000000, MotionEvent { action=ACTION_UP, id[0]=0, x[0]=134.0, y[0]=130.0, toolType[0]=TOOL_TYPE_UNKNOWN, buttonState=0, metaState=0, flags=0x0, edgeFlags=0x0, pointerCount=1, historySize=0, eventTime=132297, downTime=132257, deviceId=0, source=0x1002 }
I/Choreographer( 1083): Skipped 47 frames!  The application may be doing too much work on its main thread.
W/dalvikvm(  425): DroidBox: { "FdAccess": { "path": "2f70726f632f6d656d696e666f", "id": "388495353" } }
W/DroidBox(  425): DroidBox: { "FileRW": { "operation": "read", "data": "4d656d546f74616c3a202020202020202020373438393634206b420a4d656d467265653a20202020202020202020343735363230206b420a427566666572733a20202020202020202020202034383238206b420a4361636865643a202020202020202020", "id": "388495353" } }
I/Choreographer(  425): Skipped 78 frames!  The application may be doing too much work on its main thread.
W/dalvikvm(  948): DroidBox: { "FdAccess": { "path": "2f646174612f646174612f636f6d2e616e64726f69642e67616c6c65727933642f7368617265645f70726566732f636f6d2e616e64726f69642e67616c6c65727933645f707265666572656e6365732e786d6c", "id": "2130088623" } }
W/DroidBox(  948): DroidBox: { "FileRW": { "operation": "write", "data": "3c3f786d6c2076657273696f6e3d27312e302720656e636f64696e673d277574662d3827207374616e64616c6f6e653d2779657327203f3e0a3c6d61703e0a3c696e74206e616d653d227061636b616765732d76657273696f6e222076616c75653d2232", "id": "2130088623" } }
D/InputEventConsistencyVerifier(  425): KeyEvent: ACTION_UP but key was not down.
D/InputEventConsistencyVerifier(  425):   in com.android.systemui.statusbar.phone.StatusBarWindowView@b3e1b1d8
D/InputEventConsistencyVerifier(  425):   0: sent at 135109000000, KeyEvent { action=ACTION_UP, keyCode=KEYCODE_DPAD_LEFT, scanCode=0, metaState=0, flags=0x8, repeatCount=0, eventTime=135109, downTime=135109, deviceId=-1, source=0x101 }
D/InputEventConsistencyVerifier(  425):   -- recent events --
D/InputEventConsistencyVerifier(  425):   1: sent at 134634000000, MotionEvent { action=ACTION_UP, id[0]=0, x[0]=376.0, y[0]=48.0, toolType[0]=TOOL_TYPE_UNKNOWN, buttonState=0, metaState=0, flags=0x0, edgeFlags=0x0, pointerCount=1, historySize=0, eventTime=134634, downTime=134605, deviceId=0, source=0x1002 }
D/InputEventConsistencyVerifier(  425):   2: sent at 134632000000, MotionEvent { action=ACTION_POINTER_UP(1), id[0]=0, x[0]=358.0, y[0]=39.0, toolType[0]=TOOL_TYPE_UNKNOWN, id[1]=1, x[1]=456.0, y[1]=43.0, toolType[1]=TOOL_TYPE_UNKNOWN, buttonState=0, metaState=0, flags=0x0, edgeFlags=0x0, pointerCount=2, historySize=0, eventTime=134632, downTime=134605, deviceId=0, source=0x1002 }
D/InputEventConsistencyVerifier(  425):   3: sent at 134619000000, MotionEvent { action=ACTION_MOVE, id[0]=0, x[0]=346.0, y[0]=38.0, toolType[0]=TOOL_TYPE_UNKNOWN, id[1]=1, x[1]=451.0, y[1]=45.0, toolType[1]=TOOL_TYPE_UNKNOWN, buttonState=0, metaState=0, flags=0x0, edgeFlags=0x0, pointerCount=2, historySize=0, eventTime=134619, downTime=134605, deviceId=0, source=0x1002 }
D/InputEventConsistencyVerifier(  425):   4: sent at 134614000000, MotionEvent { action=ACTION_POINTER_DOWN(1), id[0]=0, x[0]=344.0, y[0]=31.0, toolType[0]=TOOL_TYPE_UNKNOWN, id[1]=1, x[1]=437.0, y[1]=46.0, toolType[1]=TOOL_TYPE_UNKNOWN, buttonState=0, metaState=0, flags=0x0, edgeFlags=0x0, pointerCount=2, historySize=0, eventTime=134614, downTime=134605, deviceId=0, source=0x1002 }
D/InputEventConsistencyVerifier(  425):   5: sent at 134607000000, MotionEvent { action=ACTION_DOWN, id[0]=0, x[0]=335.0, y[0]=23.0, toolType[0]=TOOL_TYPE_UNKNOWN, buttonState=0, metaState=0, flags=0x0, edgeFlags=0x0, pointerCount=1, historySize=0, eventTime=134607, downTime=134605, deviceId=0, source=0x1002 }
D/InputEventConsistencyVerifier( 1083): TrackballEvent: Trackball is down but pressure is not greater than 0.
D/InputEventConsistencyVerifier( 1083):   in android.view.ViewRootImpl@b3e13a88
D/InputEventConsistencyVerifier( 1083):   0: sent at 134823000000, MotionEvent { action=ACTION_DOWN, id[0]=0, x[0]=0.0, y[0]=0.0, toolType[0]=TOOL_TYPE_UNKNOWN, buttonState=0, metaState=0, flags=0x0, edgeFlags=0x0, pointerCount=1, historySize=0, eventTime=134823, downTime=134799, deviceId=0, source=0x10004 }
D/InputEventConsistencyVerifier( 1083):   -- recent events --
D/InputEventConsistencyVerifier( 1083):   1: sent at 134821000000, MotionEvent { action=ACTION_MOVE, id[0]=0, x[0]=-1.0, y[0]=-1.0, toolType[0]=TOOL_TYPE_UNKNOWN, buttonState=0, metaState=0, flags=0x0, edgeFlags=0x0, pointerCount=1, historySize=9, eventTime=134821, downTime=-1, deviceId=0, source=0x10004 }
D/InputEventConsistencyVerifier( 1083):   2: sent at 134791000000, MotionEvent { action=ACTION_UP, id[0]=0, x[0]=277.0, y[0]=52.0, toolType[0]=TOOL_TYPE_UNKNOWN, buttonState=0, metaState=0, flags=0x0, edgeFlags=0x0, pointerCount=1, historySize=0, eventTime=134791, downTime=134657, deviceId=0, source=0x1002 }
D/InputEventConsistencyVerifier( 1083):   3: sent at 134657000000, MotionEvent { action=ACTION_DOWN, id[0]=0, x[0]=280.0, y[0]=61.0, toolType[0]=TOOL_TYPE_UNKNOWN, buttonState=0, metaState=0, flags=0x0, edgeFlags=0x0, pointerCount=1, historySize=0, eventTime=134657, downTime=134657, deviceId=0, source=0x1002 }
D/InputEventConsistencyVerifier( 1083):   4: sent at 134550000000, KeyEvent { action=ACTION_UP, keyCode=KEYCODE_S, scanCode=0, metaState=0, flags=0x8, repeatCount=0, eventTime=134550, downTime=134550, deviceId=-1, source=0x101 }
D/InputEventConsistencyVerifier( 1083):   5: sent at 134539000000, KeyEvent { action=ACTION_DOWN, keyCode=KEYCODE_S, scanCode=0, metaState=0, flags=0x8, repeatCount=0, eventTime=134539, downTime=134539, deviceId=-1, source=0x101 }
D/InputEventConsistencyVerifier( 1083): TrackballEvent: ACTION_UP but trackball is not down.
D/InputEventConsistencyVerifier( 1083):   in android.widget.FrameLayout@b3de5d08
D/InputEventConsistencyVerifier( 1083):   0: sent at 134861000000, MotionEvent { action=ACTION_UP, id[0]=0, x[0]=0.0, y[0]=0.0, toolType[0]=TOOL_TYPE_UNKNOWN, buttonState=0, metaState=0, flags=0x0, edgeFlags=0x0, pointerCount=1, historySize=0, eventTime=134861, downTime=134799, deviceId=0, source=0x10004 }
D/InputEventConsistencyVerifier( 1083):   -- recent events --
D/InputEventConsistencyVerifier( 1083):   1: sent at 134791000000, MotionEvent { action=ACTION_UP, id[0]=0, x[0]=184.66667, y[0]=34.666656, toolType[0]=TOOL_TYPE_UNKNOWN, buttonState=0, metaState=0, flags=0x0, edgeFlags=0x0, pointerCount=1, historySize=0, eventTime=134791, downTime=134657, deviceId=0, source=0x1002 }
D/InputEventConsistencyVerifier( 1083):   2: sent at 134657000000, MotionEvent { action=ACTION_DOWN, id[0]=0, x[0]=186.66667, y[0]=40.666656, toolType[0]=TOOL_TYPE_UNKNOWN, buttonState=0, metaState=0, flags=0x0, edgeFlags=0x0, pointerCount=1, historySize=0, eventTime=134657, downTime=134657, deviceId=0, source=0x1002 }
D/InputEventConsistencyVerifier( 1083):   3: sent at 134550000000, (unhandled) KeyEvent { action=ACTION_UP, keyCode=KEYCODE_S, scanCode=0, metaState=0, flags=0x8, repeatCount=0, eventTime=134550, downTime=134550, deviceId=-1, source=0x101 }
D/InputEventConsistencyVerifier( 1083):   4: sent at 134539000000, (unhandled) KeyEvent { action=ACTION_DOWN, keyCode=KEYCODE_S, scanCode=0, metaState=0, flags=0x8, repeatCount=0, eventTime=134539, downTime=134539, deviceId=-1, source=0x101 }
D/InputEventConsistencyVerifier( 1083):   5: sent at 133991000000, (unhandled) KeyEvent { action=ACTION_UP, keyCode=KEYCODE_DPAD_LEFT, scanCode=0, metaState=0, flags=0x8, repeatCount=0, eventTime=133991, downTime=133991, deviceId=-1, source=0x101 }
D/InputEventConsistencyVerifier(  425): KeyEvent: ACTION_UP but key was not down.
D/InputEventConsistencyVerifier(  425):   in android.widget.FrameLayout@b3e3ad28
D/InputEventConsistencyVerifier(  425):   0: sent at 135252000000, KeyEvent { action=ACTION_UP, keyCode=KEYCODE_DPAD_DOWN, scanCode=0, metaState=0, flags=0x8, repeatCount=0, eventTime=135252, downTime=135252, deviceId=-1, source=0x101 }
D/InputEventConsistencyVerifier(  425):   -- recent events --
D/InputEventConsistencyVerifier(  425):   1: sent at 132297000000, MotionEvent { action=ACTION_UP, id[0]=0, x[0]=134.0, y[0]=130.0, toolType[0]=TOOL_TYPE_UNKNOWN, buttonState=0, metaState=0, flags=0x0, edgeFlags=0x0, pointerCount=1, historySize=0, eventTime=132297, downTime=132257, deviceId=0, source=0x1002 }
D/InputEventConsistencyVerifier(  425):   2: sent at 132258000000, MotionEvent { action=ACTION_DOWN, id[0]=0, x[0]=132.0, y[0]=148.0, toolType[0]=TOOL_TYPE_UNKNOWN, buttonState=0, metaState=0, flags=0x0, edgeFlags=0x0, pointerCount=1, historySize=0, eventTime=132258, downTime=132257, deviceId=0, source=0x1002 }
D/InputEventConsistencyVerifier(  425):   3: sent at 132250000000, MotionEvent { action=ACTION_UP, id[0]=0, x[0]=218.0, y[0]=606.0, toolType[0]=TOOL_TYPE_UNKNOWN, buttonState=0, metaState=0, flags=0x0, edgeFlags=0x0, pointerCount=1, historySize=0, eventTime=132250, downTime=132243, deviceId=0, source=0x1002 }
D/InputEventConsistencyVerifier(  425):   4: sent at 132243000000, MotionEvent { action=ACTION_DOWN, id[0]=0, x[0]=208.0, y[0]=606.0, toolType[0]=TOOL_TYPE_UNKNOWN, buttonState=0, metaState=0, flags=0x0, edgeFlags=0x0, pointerCount=1, historySize=0, eventTime=132243, downTime=132243, deviceId=0, source=0x1002 }
D/InputEventConsistencyVerifier(  425):   5: sent at 132020000000, MotionEvent { action=ACTION_UP, id[0]=0, x[0]=395.0, y[0]=374.0, toolType[0]=TOOL_TYPE_UNKNOWN, buttonState=0, metaState=0, flags=0x0, edgeFlags=0x0, pointerCount=1, historySize=0, eventTime=132020, downTime=131987, deviceId=0, source=0x1002 }
W/dalvikvm(  425): DroidBox: { "FdAccess": { "path": "2f70726f632f6d656d696e666f", "id": "1062593403" } }
W/DroidBox(  425): DroidBox: { "FileRW": { "operation": "read", "data": "4d656d546f74616c3a202020202020202020373438393634206b420a4d656d467265653a20202020202020202020343736313234206b420a427566666572733a20202020202020202020202034383336206b420a4361636865643a202020202020202020", "id": "1062593403" } }
I/Choreographer(  425): Skipped 121 frames!  The application may be doing too much work on its main thread.
I/ActivityManager(  224): START {act=android.intent.action.MAIN cat=[android.intent.category.HOME] flg=0x10200000 cmp=com.android.launcher/com.android.launcher2.Launcher u=0} from pid 224
W/dalvikvm(  425): DroidBox: { "FdAccess": { "path": "2f70726f632f6d656d696e666f", "id": "1547058325" } }
W/DroidBox(  425): DroidBox: { "FileRW": { "operation": "read", "data": "4d656d546f74616c3a202020202020202020373438393634206b420a4d656d467265653a20202020202020202020343736313234206b420a427566666572733a20202020202020202020202034383336206b420a4361636865643a202020202020202020", "id": "1547058325" } }
V/PhoneStatusBar(  425): setLightsOn(true)
D/PhoneStatusBar(  425): disable: < expand icons alerts TICKER* system_info back home recent clock >
W/dalvikvm(  425): DroidBox: { "FdAccess": { "path": "2f70726f632f6d656d696e666f", "id": "976791769" } }
W/DroidBox(  425): DroidBox: { "FileRW": { "operation": "read", "data": "4d656d546f74616c3a202020202020202020373438393634206b420a4d656d467265653a20202020202020202020343735383638206b420a427566666572733a20202020202020202020202034383336206b420a4361636865643a202020202020202020", "id": "976791769" } }
I/Choreographer(  425): Skipped 55 frames!  The application may be doing too much work on its main thread.
D/InputEventConsistencyVerifier(  425): KeyEvent: ACTION_UP but key was not down.
D/InputEventConsistencyVerifier(  425):   in com.android.systemui.statusbar.phone.StatusBarWindowView@b3e1b1d8
D/InputEventConsistencyVerifier(  425):   0: sent at 135794000000, KeyEvent { action=ACTION_UP, keyCode=KEYCODE_DPAD_LEFT, scanCode=0, metaState=0, flags=0x400, repeatCount=0, eventTime=135794, downTime=135794, deviceId=-1, source=0x101 }
D/InputEventConsistencyVerifier(  425):   -- recent events --
D/InputEventConsistencyVerifier(  425):   1: sent at 135760000000, (unhandled) MotionEvent { action=ACTION_MOVE, id[0]=0, x[0]=-3.0, y[0]=-2.0, toolType[0]=TOOL_TYPE_UNKNOWN, buttonState=0, metaState=0, flags=0x0, edgeFlags=0x0, pointerCount=1, historySize=9, eventTime=135760, downTime=-1, deviceId=0, source=0x10004 }
D/InputEventConsistencyVerifier(  425):   2: sent at 135599000000, (unhandled) KeyEvent { action=ACTION_UP, keyCode=KEYCODE_DPAD_RIGHT, scanCode=0, metaState=0, flags=0x8, repeatCount=0, eventTime=135599, downTime=135599, deviceId=-1, source=0x101 }
D/InputEventConsistencyVerifier(  425):   3: sent at 135582000000, (unhandled) KeyEvent { action=ACTION_DOWN, keyCode=KEYCODE_DPAD_RIGHT, scanCode=0, metaState=0, flags=0x8, repeatCount=0, eventTime=135582, downTime=135582, deviceId=-1, source=0x101 }
D/InputEventConsistencyVerifier(  425):   4: sent at 135252000000, (unhandled) KeyEvent { action=ACTION_UP, keyCode=KEYCODE_DPAD_DOWN, scanCode=0, metaState=0, flags=0x8, repeatCount=0, eventTime=135252, downTime=135252, deviceId=-1, source=0x101 }
D/InputEventConsistencyVerifier(  425):   5: sent at 135249000000, (unhandled) KeyEvent { action=ACTION_DOWN, keyCode=KEYCODE_DPAD_DOWN, scanCode=0, metaState=0, flags=0x8, repeatCount=0, eventTime=135249, downTime=135249, deviceId=-1, source=0x101 }
W/dalvikvm(  425): DroidBox: { "FdAccess": { "path": "2f70726f632f6d656d696e666f", "id": "1500959285" } }
W/DroidBox(  425): DroidBox: { "FileRW": { "operation": "read", "data": "4d656d546f74616c3a202020202020202020373438393634206b420a4d656d467265653a20202020202020202020343735383638206b420a427566666572733a20202020202020202020202034383336206b420a4361636865643a202020202020202020", "id": "1500959285" } }
D/InputEventConsistencyVerifier( 1083): KeyEvent: ACTION_UP but key was not down.
D/InputEventConsistencyVerifier( 1083):   in com.android.internal.policy.impl.PhoneWindow$DecorView@b3de4660
D/InputEventConsistencyVerifier( 1083):   0: sent at 135455000000, KeyEvent { action=ACTION_UP, keyCode=KEYCODE_DPAD_CENTER, scanCode=0, metaState=0, flags=0x400, repeatCount=0, eventTime=135455, downTime=135455, deviceId=-1, source=0x101 }
D/InputEventConsistencyVerifier( 1083):   -- recent events --
D/InputEventConsistencyVerifier( 1083):   1: sent at 134861000000, (unhandled) MotionEvent { action=ACTION_UP, id[0]=0, x[0]=0.0, y[0]=0.0, toolType[0]=TOOL_TYPE_UNKNOWN, buttonState=0, metaState=0, flags=0x0, edgeFlags=0x0, pointerCount=1, historySize=0, eventTime=134861, downTime=134799, deviceId=0, source=0x10004 }
D/InputEventConsistencyVerifier( 1083):   2: sent at 134823000000, (unhandled) MotionEvent { action=ACTION_DOWN, id[0]=0, x[0]=0.0, y[0]=0.0, toolType[0]=TOOL_TYPE_UNKNOWN, buttonState=0, metaState=0, flags=0x80000000, edgeFlags=0x0, pointerCount=1, historySize=0, eventTime=134823, downTime=134799, deviceId=0, source=0x10004 }
D/InputEventConsistencyVerifier( 1083):   3: sent at 134821000000, (unhandled) MotionEvent { action=ACTION_MOVE, id[0]=0, x[0]=-1.0, y[0]=-1.0, toolType[0]=TOOL_TYPE_UNKNOWN, buttonState=0, metaState=0, flags=0x0, edgeFlags=0x0, pointerCount=1, historySize=9, eventTime=134821, downTime=-1, deviceId=0, source=0x10004 }
D/InputEventConsistencyVerifier( 1083):   4: sent at 134791000000, MotionEvent { action=ACTION_UP, id[0]=0, x[0]=184.66667, y[0]=34.666656, toolType[0]=TOOL_TYPE_UNKNOWN, buttonState=0, metaState=0, flags=0x0, edgeFlags=0x0, pointerCount=1, historySize=0, eventTime=134791, downTime=134657, deviceId=0, source=0x1002 }
D/InputEventConsistencyVerifier( 1083):   5: sent at 134657000000, MotionEvent { action=ACTION_DOWN, id[0]=0, x[0]=186.66667, y[0]=40.666656, toolType[0]=TOOL_TYPE_UNKNOWN, buttonState=0, metaState=0, flags=0x0, edgeFlags=0x0, pointerCount=1, historySize=0, eventTime=134657, downTime=134657, deviceId=0, source=0x1002 }
I/Choreographer( 1083): Skipped 182 frames!  The application may be doing too much work on its main thread.
I/ActivityManager(  224): START {act=android.intent.action.MAIN cat=[android.intent.category.LAUNCHER] flg=0x10200000 cmp=com.antivirus.kav/.MainActivity u=0} from pid 802
I/Choreographer(  425): Skipped 90 frames!  The application may be doing too much work on its main thread.
W/dalvikvm(  425): DroidBox: { "FdAccess": { "path": "2f70726f632f6d656d696e666f", "id": "211371499" } }
I/Choreographer(  224): Skipped 30 frames!  The application may be doing too much work on its main thread.
W/DroidBox(  425): DroidBox: { "FileRW": { "operation": "read", "data": "4d656d546f74616c3a202020202020202020373438393634206b420a4d656d467265653a20202020202020202020343734313430206b420a427566666572733a20202020202020202020202034383434206b420a4361636865643a202020202020202020", "id": "211371499" } }
D/InputEventConsistencyVerifier(  425): KeyEvent: ACTION_UP but key was not down.
D/InputEventConsistencyVerifier(  425):   in android.widget.FrameLayout@b3e3ad28
D/InputEventConsistencyVerifier(  425):   0: sent at 136171000000, KeyEvent { action=ACTION_UP, keyCode=KEYCODE_DPAD_DOWN, scanCode=0, metaState=0, flags=0x8, repeatCount=0, eventTime=136171, downTime=136171, deviceId=-1, source=0x101 }
D/InputEventConsistencyVerifier(  425):   -- recent events --
D/InputEventConsistencyVerifier(  425):   1: sent at 135599000000, (unhandled) KeyEvent { action=ACTION_UP, keyCode=KEYCODE_DPAD_RIGHT, scanCode=0, metaState=0, flags=0x8, repeatCount=0, eventTime=135599, downTime=135599, deviceId=-1, source=0x101 }
D/InputEventConsistencyVerifier(  425):   2: sent at 135582000000, (unhandled) KeyEvent { action=ACTION_DOWN, keyCode=KEYCODE_DPAD_RIGHT, scanCode=0, metaState=0, flags=0x8, repeatCount=0, eventTime=135582, downTime=135582, deviceId=-1, source=0x101 }
D/InputEventConsistencyVerifier(  425):   3: sent at 135252000000, (unhandled) KeyEvent { action=ACTION_UP, keyCode=KEYCODE_DPAD_DOWN, scanCode=0, metaState=0, flags=0x80000008, repeatCount=0, eventTime=135252, downTime=135252, deviceId=-1, source=0x101 }
D/InputEventConsistencyVerifier(  425):   4: sent at 132297000000, MotionEvent { action=ACTION_UP, id[0]=0, x[0]=134.0, y[0]=130.0, toolType[0]=TOOL_TYPE_UNKNOWN, buttonState=0, metaState=0, flags=0x0, edgeFlags=0x0, pointerCount=1, historySize=0, eventTime=132297, downTime=132257, deviceId=0, source=0x1002 }
D/InputEventConsistencyVerifier(  425):   5: sent at 132258000000, MotionEvent { action=ACTION_DOWN, id[0]=0, x[0]=132.0, y[0]=148.0, toolType[0]=TOOL_TYPE_UNKNOWN, buttonState=0, metaState=0, flags=0x0, edgeFlags=0x0, pointerCount=1, historySize=0, eventTime=132258, downTime=132257, deviceId=0, source=0x1002 }
I/Choreographer(  425): Skipped 113 frames!  The application may be doing too much work on its main thread.
W/dalvikvm(  948): DroidBox: { "FdAccess": { "path": "2f646174612f646174612f636f6d2e616e64726f69642e67616c6c65727933642f7368617265645f70726566732f636f6d2e616e64726f69642e67616c6c65727933645f707265666572656e6365732e786d6c", "id": "400740332" } }
D/PhoneStatusBar(  425): disable: < expand icons alerts ticker* system_info back home recent clock >
V/PhoneStatusBar(  425): setLightsOn(true)
W/DroidBox(  948): DroidBox: { "FileRW": { "operation": "write", "data": "3c3f786d6c2076657273696f6e3d27312e302720656e636f64696e673d277574662d3827207374616e64616c6f6e653d2779657327203f3e0a3c6d61703e0a3c696e74206e616d653d227061636b616765732d76657273696f6e222076616c75653d2233", "id": "400740332" } }
I/AndroidRuntime( 1083): VM exiting with result code 0, cleanup skipped.
W/InputDispatcher(  224): channel 'b3ea9d70 com.antivirus.kav/com.antivirus.kav.MainActivity (server)' ~ Consumer closed input channel or an error occurred.  events=0x9
E/InputDispatcher(  224): channel 'b3ea9d70 com.antivirus.kav/com.antivirus.kav.MainActivity (server)' ~ Channel is unrecoverably broken and will be disposed!
I/ActivityManager(  224): Process com.antivirus.kav (pid 1083) has died.
W/ActivityManager(  224): Force removing ActivityRecord{b3e8f690 com.antivirus.kav/.MainActivity}: app died, no saved state
I/WindowState(  224): WIN DEATH: Window{b3ecefe0 com.antivirus.kav/com.antivirus.kav.MainActivity paused=false}
W/InputDispatcher(  224): Attempted to unregister already unregistered input channel 'b3ea9d70 com.antivirus.kav/com.antivirus.kav.MainActivity (server)'
I/WindowManager(  224): WINDOW DIED Window{b3ea9d70 com.antivirus.kav/com.antivirus.kav.MainActivity paused=false}
I/WindowState(  224): WIN DEATH: Window{b3ea9d70 com.antivirus.kav/com.antivirus.kav.MainActivity paused=false}
E/InputDispatcher(  224): Received spurious receive callback for unknown input channel.  fd=214, events=0x9
I/InputDispatcher(  224): Dropping event because there is no focused window or focused application.
I/InputDispatcher(  224): Dropping event because there is no focused window or focused application.
W/InputManager(  224): Input event injection from pid 802 failed.
I/InputDispatcher(  224): Dropping event because there is no focused window or focused application.
I/InputDispatcher(  224): Dropping event because there is no focused window or focused application.
W/InputManager(  224): Input event injection from pid 802 failed.
W/InputManager(  224): Input event injection from pid 802 failed.
W/InputManager(  224): Input event injection from pid 802 failed.
I/InputDispatcher(  224): Dropping event because there is no focused window or focused application.
W/InputManager(  224): Input event injection from pid 802 failed.
I/InputDispatcher(  224): Dropping event because there is no focused window or focused application.
I/InputDispatcher(  224): Dropping event because there is no focused window or focused application.
W/InputManager(  224): Input event injection from pid 802 failed.
W/InputManager(  224): Input event injection from pid 802 failed.
I/InputDispatcher(  224): Dropping event because there is no focused window or focused application.
W/InputManager(  224): Input event injection from pid 802 failed.
I/InputDispatcher(  224): Dropping event because there is no focused window or focused application.
I/InputDispatcher(  224): Dropping event because there is no focused window or focused application.
W/InputManager(  224): Input event injection from pid 802 failed.
W/InputManager(  224): Input event injection from pid 802 failed.
I/InputDispatcher(  224): Dropping event because there is no focused window or focused application.
I/InputDispatcher(  224): Dropping event because there is no focused window or focused application.
I/InputDispatcher(  224): Dropping event because there is no focused window or focused application.
I/InputDispatcher(  224): Dropping event because there is no focused window or focused application.
W/InputManager(  224): Input event injection from pid 802 failed.
W/InputManager(  224): Input event injection from pid 802 failed.
W/InputManager(  224): Input event injection from pid 802 failed.
W/InputManager(  224): Input event injection from pid 802 failed.
I/InputDispatcher(  224): Dropping event because there is no focused window or focused application.
I/InputDispatcher(  224): Dropping event because there is no focused window or focused application.
I/InputDispatcher(  224): Dropping event because there is no focused window or focused application.
I/InputDispatcher(  224): Dropping event because there is no focused window or focused application.
W/InputManager(  224): Input event injection from pid 802 failed.
W/InputManager(  224): Input event injection from pid 802 failed.
W/InputManager(  224): Input event injection from pid 802 failed.
W/InputManager(  224): Input event injection from pid 802 failed.
I/InputDispatcher(  224): Dropping event because there is no focused window or focused application.
W/InputManager(  224): Input event injection from pid 802 failed.
I/InputDispatcher(  224): Dropping event because there is no focused window or focused application.
I/InputDispatcher(  224): Dropping event because there is no focused window or focused application.
W/InputManager(  224): Input event injection from pid 802 failed.
W/InputManager(  224): Input event injection from pid 802 failed.
I/InputDispatcher(  224): Dropping event because there is no focused window or focused application.
W/InputManager(  224): Input event injection from pid 802 failed.
I/InputDispatcher(  224): Dropping event because there is no focused window or focused application.
W/InputManager(  224): Input event injection from pid 802 failed.
I/InputDispatcher(  224): Dropping event because there is no focused window or focused application.
W/InputManager(  224): Input event injection from pid 802 failed.
W/InputMethodManagerService(  224): Window already focused, ignoring focus gain of: com.android.internal.view.IInputMethodClient$Stub$Proxy@b4050980 attribute=android.view.inputmethod.EditorInfo@b4317788
D/InputEventConsistencyVerifier(  574): KeyEvent: ACTION_UP but key was not down.
D/InputEventConsistencyVerifier(  574):   in com.android.launcher2.BubbleTextView@b3de7268
D/InputEventConsistencyVerifier(  574):   0: sent at 138010000000, KeyEvent { action=ACTION_UP, keyCode=KEYCODE_DPAD_RIGHT, scanCode=0, metaState=0, flags=0x8, repeatCount=0, eventTime=138010, downTime=138010, deviceId=-1, source=0x101 }
D/InputEventConsistencyVerifier(  574):   -- recent events --
D/InputEventConsistencyVerifier(  574):   1: sent at 125119000000, (unhandled) KeyEvent { action=ACTION_DOWN, keyCode=KEYCODE_DPAD_UP, scanCode=0, metaState=0, flags=0x400, repeatCount=0, eventTime=125119, downTime=125119, deviceId=-1, source=0x101 }
D/InputEventConsistencyVerifier(  574):   2: sent at 125108000000, MotionEvent { action=ACTION_MOVE, id[0]=0, x[0]=-2.0, y[0]=-4.0, toolType[0]=TOOL_TYPE_UNKNOWN, buttonState=0, metaState=0, flags=0x0, edgeFlags=0x0, pointerCount=1, historySize=8, eventTime=125108, downTime=-1, deviceId=0, source=0x10004 }
D/InputEventConsistencyVerifier(  574):   3: sent at 124904000000, KeyEvent { action=ACTION_UP, keyCode=KEYCODE_DPAD_CENTER, scanCode=0, metaState=0, flags=0x8, repeatCount=0, eventTime=124904, downTime=124904, deviceId=-1, source=0x101 }
D/InputEventConsistencyVerifier(  574):   4: sent at 124829000000, KeyEvent { action=ACTION_DOWN, keyCode=KEYCODE_DPAD_CENTER, scanCode=0, metaState=0, flags=0x8, repeatCount=0, eventTime=124829, downTime=124829, deviceId=-1, source=0x101 }
D/InputEventConsistencyVerifier(  574):   5: sent at 122293000000, (unhandled) KeyEvent { action=ACTION_UP, keyCode=KEYCODE_DPAD_RIGHT, scanCode=0, metaState=0, flags=0x80000008, repeatCount=0, eventTime=122293, downTime=122293, deviceId=-1, source=0x101 }
I/ActivityManager(  224): START {act=android.search.action.GLOBAL_SEARCH flg=0x10000000 cmp=com.android.quicksearchbox/.SearchActivity bnds=[5,43][475,103] (has extras) u=0} from pid 574
D/InputEventConsistencyVerifier(  574): KeyEvent: ACTION_UP but key was not down.
D/InputEventConsistencyVerifier(  574):   in com.android.launcher2.BubbleTextView@b409d918
D/InputEventConsistencyVerifier(  574):   0: sent at 138589000000, KeyEvent { action=ACTION_UP, keyCode=KEYCODE_DPAD_LEFT, scanCode=0, metaState=0, flags=0x400, repeatCount=0, eventTime=138589, downTime=138589, deviceId=-1, source=0x101 }
D/InputEventConsistencyVerifier(  574):   -- recent events --
D/InputEventConsistencyVerifier(  574):   1: sent at 137863000000, (unhandled) KeyEvent { action=ACTION_DOWN, keyCode=KEYCODE_DPAD_RIGHT, scanCode=0, metaState=0, flags=0x8, repeatCount=0, eventTime=137863, downTime=137863, deviceId=-1, source=0x101 }
D/InputEventConsistencyVerifier(  574):   2: sent at 125314000000, (unhandled) KeyEvent { action=ACTION_UP, keyCode=KEYCODE_MENU, scanCode=0, metaState=0, flags=0x28, repeatCount=0, eventTime=125314, downTime=125155, deviceId=-1, source=0x101 }
D/InputEventConsistencyVerifier(  574):   3: sent at 125155000000, (unhandled) KeyEvent { action=ACTION_DOWN, keyCode=KEYCODE_MENU, scanCode=0, metaState=0, flags=0x8, repeatCount=0, eventTime=125155, downTime=125155, deviceId=-1, source=0x101 }
D/InputEventConsistencyVerifier(  574):   4: sent at 125248000000, (unhandled) KeyEvent { action=ACTION_UP, keyCode=KEYCODE_DPAD_LEFT, scanCode=0, metaState=0, flags=0x400, repeatCount=0, eventTime=125248, downTime=125248, deviceId=-1, source=0x101 }
D/InputEventConsistencyVerifier(  574):   5: sent at 125248000000, (unhandled) KeyEvent { action=ACTION_DOWN, keyCode=KEYCODE_DPAD_LEFT, scanCode=0, metaState=0, flags=0x400, repeatCount=0, eventTime=125248, downTime=125248, deviceId=-1, source=0x101 }
I/ActivityManager(  224): START {act=android.intent.action.MAIN cat=[android.intent.category.LAUNCHER] flg=0x10200000 cmp=com.antivirus.kav/.MainActivity u=0} from pid 802
W/WindowManager(  224): Failure taking screenshot for (246x410) to layer 21005
D/MmsSmsDatabaseHelper(  494): [MmsSmsDb] tableName: threads hasAutoIncrement: CREATE TABLE threads (_id INTEGER PRIMARY KEY AUTOINCREMENT,date INTEGER DEFAULT 0,message_count INTEGER DEFAULT 0,recipient_ids TEXT,snippet TEXT,snippet_cs INTEGER DEFAULT 0,read INTEGER DEFAULT 1,type INTEGER DEFAULT 0,error INTEGER DEFAULT 0,has_attachment INTEGER DEFAULT 0) result: true
D/MmsSmsDatabaseHelper(  494): [MmsSmsDb] tableName: canonical_addresses hasAutoIncrement: CREATE TABLE canonical_addresses (_id INTEGER PRIMARY KEY AUTOINCREMENT,address TEXT) result: true
D/MmsSmsDatabaseHelper(  494): [getWritableDatabase] hasAutoIncrementThreads: true hasAutoIncrementAddresses: true
I/Choreographer(  224): Skipped 92 frames!  The application may be doing too much work on its main thread.
I/ActivityManager(  224): Start proc com.antivirus.kav for activity com.antivirus.kav/.MainActivity: pid=1113 uid=10050 gids={3003, 1015, 1028}
I/AccountTypeManager(  839): Loaded meta-data for 1 account types, 0 accounts in 4882ms(wall) 0ms(cpu)
I/ActivityManager(  224): START {act=android.intent.action.MAIN cat=[android.intent.category.LAUNCHER] flg=0x10200000 cmp=com.android.contacts/.activities.DialtactsActivity bnds=[0,706][96,802] u=0} from pid 574
W/dalvikvm(  224): DroidBox: { "FdAccess": { "path": "2f70726f632f313131332f636d646c696e65", "id": "2016760663" } }
W/DroidBox(  224): DroidBox: { "FileRW": { "operation": "read", "data": "7a79676f7465002f62696e2f6170705f70726f63657373002d587a79676f7465002f73797374656d2f62696e002d2d7a79676f7465002d2d73746172742d73797374656d2d7365727665720034353464366632646465343661613337313130352e61706b", "id": "2016760663" } }
I/Choreographer(  574): Skipped 113 frames!  The application may be doing too much work on its main thread.
I/Choreographer(  574): Skipped 55 frames!  The application may be doing too much work on its main thread.
I/Choreographer(  574): Skipped 31 frames!  The application may be doing too much work on its main thread.
D/InputEventConsistencyVerifier(  574): KeyEvent: ACTION_DOWN but key is already down and this event is not a key repeat.
D/InputEventConsistencyVerifier(  574):   in com.android.internal.policy.impl.PhoneWindow$DecorView@b3e28178
D/InputEventConsistencyVerifier(  574):   0: sent at 140483000000, KeyEvent { action=ACTION_DOWN, keyCode=KEYCODE_DPAD_CENTER, scanCode=0, metaState=0, flags=0x8, repeatCount=0, eventTime=140483, downTime=140483, deviceId=-1, source=0x101 }
D/InputEventConsistencyVerifier(  574):   -- recent events --
D/InputEventConsistencyVerifier(  574):   1: sent at 140411000000, (unhandled) KeyEvent { action=ACTION_UP, keyCode=KEYCODE_DPAD_DOWN, scanCode=0, metaState=0, flags=0x8, repeatCount=0, eventTime=140411, downTime=140411, deviceId=-1, source=0x101 }
D/InputEventConsistencyVerifier(  574):   2: sent at 140407000000, KeyEvent { action=ACTION_DOWN, keyCode=KEYCODE_DPAD_DOWN, scanCode=0, metaState=0, flags=0x8, repeatCount=0, eventTime=140407, downTime=140407, deviceId=-1, source=0x101 }
D/InputEventConsistencyVerifier(  574):   3: sent at 108798000000, (unhandled) MotionEvent { action=ACTION_UP, id[0]=0, x[0]=-19.0, y[0]=182.0, toolType[0]=TOOL_TYPE_UNKNOWN, buttonState=0, metaState=0, flags=0x0, edgeFlags=0x0, pointerCount=1, historySize=0, eventTime=108798, downTime=108649, deviceId=0, source=0x1002 }
D/InputEventConsistencyVerifier(  574):   4: sent at 108650000000, MotionEvent { action=ACTION_DOWN, id[0]=0, x[0]=-18.0, y[0]=178.0, toolType[0]=TOOL_TYPE_UNKNOWN, buttonState=0, metaState=0, flags=0x0, edgeFlags=0x0, pointerCount=1, historySize=0, eventTime=108650, downTime=108649, deviceId=0, source=0x1002 }
D/InputEventConsistencyVerifier(  574):   5: sent at 108591000000, (unhandled) KeyEvent { action=ACTION_UP, keyCode=KEYCODE_MENU, scanCode=0, metaState=0, flags=0x8, repeatCount=0, eventTime=108591, downTime=108591, deviceId=-1, source=0x101 }
I/ActivityManager(  224): START {act=android.intent.action.CHOOSER cmp=android/com.android.internal.app.ChooserActivity (has extras) u=0} from pid 574
I/Choreographer(  574): Skipped 70 frames!  The application may be doing too much work on its main thread.
D/PackageManager(  224): generateServicesMap(android.accounts.AccountAuthenticator): 2 services unchanged
D/PackageManager(  224): generateServicesMap(android.content.SyncAdapter): 4 services unchanged
E/Trace   ( 1113): error opening trace file: No such file or directory (2)
W/DroidBox( 1113): DroidBox: { "DexClassLoader": { "path": "/data/app/com.antivirus.kav-1.apk" } }
I/Choreographer(  224): Skipped 91 frames!  The application may be doing too much work on its main thread.
I/InputReader(  224): Reconfiguring input devices.  changes=0x00000010
I/Choreographer(  574): Skipped 290 frames!  The application may be doing too much work on its main thread.
W/AudioFlinger(   62): write blocked for 434 msecs, 1 delayed writes, thread 0xb7b73088
V/PhoneStatusBar(  425): setLightsOn(true)
I/Choreographer(  574): Skipped 186 frames!  The application may be doing too much work on its main thread.
I/Launcher(  574): setLoadOnResume
I/Choreographer( 1113): Skipped 66 frames!  The application may be doing too much work on its main thread.
I/Choreographer(  574): Skipped 32 frames!  The application may be doing too much work on its main thread.
W/DroidBox(  874): DroidBox: { "ServiceStart": { "name": "com.android.providers.downloads.DownloadService" } }
W/DroidBox(  874): DroidBox: { "ServiceStart": { "name": "com.android.providers.downloads.DownloadService" } }
I/AccountTypeManager(  839): Loaded meta-data for 1 account types, 0 accounts in 597ms(wall) 0ms(cpu)
W/ActivityManager(  224): Permission denied: checkComponentPermission() owningUid=1000
W/BroadcastQueue(  224): Permission Denial: broadcasting Intent { act=android.appwidget.action.APPWIDGET_UPDATE_OPTIONS flg=0x10 cmp=com.android.settings/.widget.SettingsAppWidgetProvider (has extras) } from android (pid=574, uid=10019) is not exported from uid 1000 due to receiver com.android.settings/com.android.settings.widget.SettingsAppWidgetProvider
D/AlertReceiver(  618): onReceive: a=android.intent.action.PROVIDER_CHANGED Intent { act=android.intent.action.PROVIDER_CHANGED dat=content://com.android.calendar flg=0x10 cmp=com.android.calendar/.alerts.AlertReceiver }
I/Choreographer(  574): Skipped 58 frames!  The application may be doing too much work on its main thread.
W/DroidBox(  618): DroidBox: { "ServiceStart": { "name": "com.android.calendar.alerts.AlertService" } }
W/DroidBox(  618): DroidBox: { "ServiceStart": { "name": "com.android.calendar.alerts.AlertService" } }
D/AlertService(  618): 0 Action = android.intent.action.PROVIDER_CHANGED
D/AlertService(  618): Beginning updateAlertNotification
I/ActivityManager(  224): Start proc com.android.quicksearchbox for broadcast com.android.quicksearchbox/.CorporaUpdateReceiver: pid=1132 uid=10033 gids={3003, 1028}
D/AlertService(  618): No fired or scheduled alerts
I/Choreographer( 1113): Skipped 429 frames!  The application may be doing too much work on its main thread.
D/gralloc_goldfish( 1113): Emulator without GPU emulation detected.
E/Trace   ( 1132): error opening trace file: No such file or directory (2)
W/DroidBox( 1132): DroidBox: { "DexClassLoader": { "path": "/system/app/QuickSearchBox.apk" } }
I/ActivityThread( 1132): Pub com.android.quicksearchbox.google: com.android.quicksearchbox.google.GoogleSuggestionProvider
I/ActivityManager(  224): Displayed com.antivirus.kav/.MainActivity: +6s602ms
D/InputEventConsistencyVerifier( 1113): KeyEvent: ACTION_UP but key was not down.
D/InputEventConsistencyVerifier( 1113):   in com.android.internal.policy.impl.PhoneWindow$DecorView@b3de5940
D/InputEventConsistencyVerifier( 1113):   0: sent at 144136000000, KeyEvent { action=ACTION_UP, keyCode=KEYCODE_DPAD_CENTER, scanCode=0, metaState=0, flags=0x8, repeatCount=0, eventTime=144136, downTime=144136, deviceId=-1, source=0x101 }
D/InputEventConsistencyVerifier( 1113):   -- recent events --
D/InputEventConsistencyVerifier( 1113):   1: sent at 143570000000, MotionEvent { action=ACTION_UP, id[0]=0, x[0]=218.0, y[0]=92.0, toolType[0]=TOOL_TYPE_UNKNOWN, buttonState=0, metaState=0, flags=0x1, edgeFlags=0x0, pointerCount=1, historySize=0, eventTime=143570, downTime=143559, deviceId=0, source=0x1002 }
D/InputEventConsistencyVerifier( 1113):   2: sent at 143559000000, MotionEvent { action=ACTION_DOWN, id[0]=0, x[0]=215.33334, y[0]=96.0, toolType[0]=TOOL_TYPE_UNKNOWN, buttonState=0, metaState=0, flags=0x1, edgeFlags=0x0, pointerCount=1, historySize=0, eventTime=143559, downTime=143559, deviceId=0, source=0x1002 }
D/InputEventConsistencyVerifier( 1113):   3: sent at 142904000000, MotionEvent { action=ACTION_UP, id[0]=0, x[0]=226.0, y[0]=32.666656, toolType[0]=TOOL_TYPE_UNKNOWN, buttonState=0, metaState=0, flags=0x1, edgeFlags=0x0, pointerCount=1, historySize=0, eventTime=142904, downTime=142280, deviceId=0, source=0x1002 }
D/InputEventConsistencyVerifier( 1113):   4: sent at 142280000000, MotionEvent { action=ACTION_DOWN, id[0]=0, x[0]=230.0, y[0]=30.0, toolType[0]=TOOL_TYPE_UNKNOWN, buttonState=0, metaState=0, flags=0x1, edgeFlags=0x0, pointerCount=1, historySize=0, eventTime=142280, downTime=142280, deviceId=0, source=0x1002 }
D/InputEventConsistencyVerifier( 1113):   5: sent at 142270000000, (unhandled) KeyEvent { action=ACTION_UP, keyCode=KEYCODE_MENU, scanCode=0, metaState=0, flags=0x8, repeatCount=0, eventTime=142270, downTime=142270, deviceId=-1, source=0x101 }
I/ActivityThread( 1132): Pub com.android.quicksearchbox.shortcuts: com.android.quicksearchbox.ShortcutsProvider
D/InputEventConsistencyVerifier( 1113): KeyEvent: ACTION_UP but key was not down.
D/InputEventConsistencyVerifier( 1113):   in com.android.internal.policy.impl.PhoneWindow$DecorView@b3de5940
D/InputEventConsistencyVerifier( 1113):   0: sent at 145789000000, KeyEvent { action=ACTION_UP, keyCode=KEYCODE_DPAD_DOWN, scanCode=0, metaState=0, flags=0x400, repeatCount=0, eventTime=145789, downTime=145789, deviceId=-1, source=0x101 }
D/InputEventConsistencyVerifier( 1113):   -- recent events --
