D/InputEventConsistencyVerifier(  962):   5: sent at 173355000000, (unhandled) KeyEvent { action=ACTION_DOWN, keyCode=KEYCODE_DPAD_DOWN, scanCode=0, metaState=0, flags=0x400, repeatCount=0, eventTime=173355, downTime=173355, deviceId=-1, source=0x101 }
I/System.out(  962): downCol=1downRow=2
I/System.out(  962): currCol=1currRow=2
W/dalvikvm(  419): DroidBox: { "FdAccess": { "path": "2f70726f632f6d656d696e666f", "id": "249283384" } }
W/DroidBox(  419): DroidBox: { "FileRW": { "operation": "read", "data": "4d656d546f74616c3a202020202020202020373438393634206b420a4d656d467265653a20202020202020202020343430313136206b420a427566666572733a20202020202020202020202035353532206b420a4361636865643a202020202020202020", "id": "249283384" } }
I/Choreographer(  962): Skipped 80 frames!  The application may be doing too much work on its main thread.
D/InputEventConsistencyVerifier(  419): KeyEvent: ACTION_UP but key was not down.
D/InputEventConsistencyVerifier(  419):   in com.android.systemui.statusbar.phone.StatusBarWindowView@b3db01d8
D/InputEventConsistencyVerifier(  419):   0: sent at 174600000000, KeyEvent { action=ACTION_UP, keyCode=KEYCODE_DPAD_DOWN, scanCode=0, metaState=0, flags=0x8, repeatCount=0, eventTime=174600, downTime=174600, deviceId=-1, source=0x101 }
D/InputEventConsistencyVerifier(  419):   -- recent events --
D/InputEventConsistencyVerifier(  419):   1: sent at 174571000000, MotionEvent { action=ACTION_UP, id[0]=0, x[0]=86.0, y[0]=5.0, toolType[0]=TOOL_TYPE_UNKNOWN, buttonState=0, metaState=0, flags=0x0, edgeFlags=0x0, pointerCount=1, historySize=0, eventTime=174571, downTime=174448, deviceId=0, source=0x1002 }
D/InputEventConsistencyVerifier(  419):   2: sent at 174449000000, MotionEvent { action=ACTION_DOWN, id[0]=0, x[0]=78.0, y[0]=13.0, toolType[0]=TOOL_TYPE_UNKNOWN, buttonState=0, metaState=0, flags=0x0, edgeFlags=0x0, pointerCount=1, historySize=0, eventTime=174449, downTime=174448, deviceId=0, source=0x1002 }
D/InputEventConsistencyVerifier(  419):   3: sent at 137788000000, (unhandled) KeyEvent { action=ACTION_UP, keyCode=KEYCODE_DPAD_DOWN, scanCode=0, metaState=0, flags=0x28, repeatCount=0, eventTime=137788, downTime=137649, deviceId=-1, source=0x101 }
D/InputEventConsistencyVerifier(  419):   4: sent at 137649000000, (unhandled) KeyEvent { action=ACTION_DOWN, keyCode=KEYCODE_DPAD_DOWN, scanCode=0, metaState=0, flags=0x8, repeatCount=0, eventTime=137649, downTime=137649, deviceId=-1, source=0x101 }
D/InputEventConsistencyVerifier(  419):   5: sent at 137594000000, (unhandled) KeyEvent { action=ACTION_UP, keyCode=KEYCODE_VOLUME_DOWN, scanCode=0, metaState=0, flags=0x28, repeatCount=0, eventTime=137594, downTime=137314, deviceId=-1, source=0x101 }
V/PhoneStatusBar(  419): setLightsOn(true)
I/Choreographer(  419): Skipped 37 frames!  The application may be doing too much work on its main thread.
D/PhoneStatusBar(  419): disable: < expand icons alerts TICKER* system_info back home recent clock >
W/dalvikvm(  419): DroidBox: { "FdAccess": { "path": "2f70726f632f6d656d696e666f", "id": "882719726" } }
W/DroidBox(  419): DroidBox: { "FileRW": { "operation": "read", "data": "4d656d546f74616c3a202020202020202020373438393634206b420a4d656d467265653a20202020202020202020343338363238206b420a427566666572733a20202020202020202020202035353532206b420a4361636865643a202020202020202020", "id": "882719726" } }
D/InputEventConsistencyVerifier(  419): KeyEvent: ACTION_UP but key was not down.
D/InputEventConsistencyVerifier(  419):   in com.android.systemui.statusbar.phone.StatusBarWindowView@b3db01d8
D/InputEventConsistencyVerifier(  419):   0: sent at 174741000000, KeyEvent { action=ACTION_UP, keyCode=KEYCODE_DPAD_DOWN, scanCode=0, metaState=0, flags=0x8, repeatCount=0, eventTime=174741, downTime=174741, deviceId=-1, source=0x101 }
D/InputEventConsistencyVerifier(  419):   -- recent events --
D/InputEventConsistencyVerifier(  419):   1: sent at 174677000000, (unhandled) KeyEvent { action=ACTION_UP, keyCode=KEYCODE_EISU, scanCode=0, metaState=0, flags=0x8, repeatCount=0, eventTime=174677, downTime=174677, deviceId=-1, source=0x101 }
D/InputEventConsistencyVerifier(  419):   2: sent at 174605000000, (unhandled) KeyEvent { action=ACTION_DOWN, keyCode=KEYCODE_EISU, scanCode=0, metaState=0, flags=0x8, repeatCount=0, eventTime=174605, downTime=174605, deviceId=-1, source=0x101 }
D/InputEventConsistencyVerifier(  419):   3: sent at 174600000000, (unhandled) KeyEvent { action=ACTION_UP, keyCode=KEYCODE_DPAD_DOWN, scanCode=0, metaState=0, flags=0x80000008, repeatCount=0, eventTime=174600, downTime=174600, deviceId=-1, source=0x101 }
D/InputEventConsistencyVerifier(  419):   4: sent at 174571000000, MotionEvent { action=ACTION_UP, id[0]=0, x[0]=86.0, y[0]=5.0, toolType[0]=TOOL_TYPE_UNKNOWN, buttonState=0, metaState=0, flags=0x0, edgeFlags=0x0, pointerCount=1, historySize=0, eventTime=174571, downTime=174448, deviceId=0, source=0x1002 }
D/InputEventConsistencyVerifier(  419):   5: sent at 174449000000, MotionEvent { action=ACTION_DOWN, id[0]=0, x[0]=78.0, y[0]=13.0, toolType[0]=TOOL_TYPE_UNKNOWN, buttonState=0, metaState=0, flags=0x0, edgeFlags=0x0, pointerCount=1, historySize=0, eventTime=174449, downTime=174448, deviceId=0, source=0x1002 }
D/InputEventConsistencyVerifier(  419): KeyEvent: ACTION_UP but key was not down.
D/InputEventConsistencyVerifier(  419):   in android.widget.FrameLayout@b3d80258
D/InputEventConsistencyVerifier(  419):   0: sent at 174854000000, KeyEvent { action=ACTION_UP, keyCode=KEYCODE_DPAD_DOWN, scanCode=0, metaState=0, flags=0x8, repeatCount=0, eventTime=174854, downTime=174854, deviceId=-1, source=0x101 }
D/InputEventConsistencyVerifier(  419):   -- recent events --
D/InputEventConsistencyVerifier(  419):   1: sent at 137788000000, (unhandled) KeyEvent { action=ACTION_UP, keyCode=KEYCODE_DPAD_DOWN, scanCode=0, metaState=0, flags=0x80000028, repeatCount=0, eventTime=137788, downTime=137649, deviceId=-1, source=0x101 }
D/InputEventConsistencyVerifier(  419):   2: sent at 137189000000, (unhandled) KeyEvent { action=ACTION_UP, keyCode=KEYCODE_DPAD_RIGHT, scanCode=0, metaState=0, flags=0x8, repeatCount=0, eventTime=137189, downTime=137189, deviceId=-1, source=0x101 }
D/InputEventConsistencyVerifier(  419):   3: sent at 137131000000, (unhandled) KeyEvent { action=ACTION_DOWN, keyCode=KEYCODE_DPAD_RIGHT, scanCode=0, metaState=0, flags=0x8, repeatCount=0, eventTime=137131, downTime=137131, deviceId=-1, source=0x101 }
D/InputEventConsistencyVerifier(  419):   4: sent at 137037000000, (unhandled) KeyEvent { action=ACTION_UP, keyCode=KEYCODE_DPAD_DOWN, scanCode=0, metaState=0, flags=0x80000008, repeatCount=0, eventTime=137037, downTime=137037, deviceId=-1, source=0x101 }
D/InputEventConsistencyVerifier(  419):   5: sent at 133428000000, MotionEvent { action=ACTION_UP, id[0]=0, x[0]=289.0, y[0]=676.0, toolType[0]=TOOL_TYPE_UNKNOWN, buttonState=0, metaState=0, flags=0x0, edgeFlags=0x0, pointerCount=1, historySize=0, eventTime=133428, downTime=133371, deviceId=0, source=0x1002 }
W/dalvikvm(  419): DroidBox: { "FdAccess": { "path": "2f70726f632f6d656d696e666f", "id": "1221499573" } }
W/DroidBox(  419): DroidBox: { "FileRW": { "operation": "read", "data": "4d656d546f74616c3a202020202020202020373438393634206b420a4d656d467265653a20202020202020202020343337303136206b420a427566666572733a20202020202020202020202035353532206b420a4361636865643a202020202020202020", "id": "1221499573" } }
I/Choreographer(  962): Skipped 35 frames!  The application may be doing too much work on its main thread.
D/InputEventConsistencyVerifier(  419): TouchEvent: ACTION_DOWN but pointers are already down.  Probably missing ACTION_UP from previous gesture.
D/InputEventConsistencyVerifier(  419):   in android.view.ScaleGestureDetector@b3e4ff88
D/InputEventConsistencyVerifier(  419):   0: sent at 174917000000, MotionEvent { action=ACTION_DOWN, id[0]=0, x[0]=1.0, y[0]=186.0, toolType[0]=TOOL_TYPE_UNKNOWN, buttonState=0, metaState=0, flags=0x0, edgeFlags=0x0, pointerCount=1, historySize=0, eventTime=174917, downTime=174884, deviceId=0, source=0x1002 }
D/InputEventConsistencyVerifier(  419):   -- recent events --
D/InputEventConsistencyVerifier(  419):   1: sent at 174872000000, MotionEvent { action=ACTION_DOWN, id[0]=0, x[0]=9.0, y[0]=725.0, toolType[0]=TOOL_TYPE_UNKNOWN, buttonState=0, metaState=0, flags=0x0, edgeFlags=0x0, pointerCount=1, historySize=0, eventTime=174872, downTime=174872, deviceId=0, source=0x1002 }
D/InputEventConsistencyVerifier(  419):   2: sent at 174571000000, MotionEvent { action=ACTION_UP, id[0]=0, x[0]=86.0, y[0]=5.0, toolType[0]=TOOL_TYPE_UNKNOWN, buttonState=0, metaState=0, flags=0x0, edgeFlags=0x0, pointerCount=1, historySize=0, eventTime=174571, downTime=174448, deviceId=0, source=0x1002 }
D/InputEventConsistencyVerifier(  419):   3: sent at 174449000000, MotionEvent { action=ACTION_DOWN, id[0]=0, x[0]=78.0, y[0]=13.0, toolType[0]=TOOL_TYPE_UNKNOWN, buttonState=0, metaState=0, flags=0x0, edgeFlags=0x0, pointerCount=1, historySize=0, eventTime=174449, downTime=174448, deviceId=0, source=0x1002 }
D/InputEventConsistencyVerifier(  419):   4: sent at 136616000000, MotionEvent { action=ACTION_UP, id[0]=0, x[0]=376.0, y[0]=48.0, toolType[0]=TOOL_TYPE_UNKNOWN, buttonState=0, metaState=0, flags=0x0, edgeFlags=0x0, pointerCount=1, historySize=0, eventTime=136616, downTime=136563, deviceId=0, source=0x1002 }
D/InputEventConsistencyVerifier(  419):   5: sent at 136581000000, MotionEvent { action=ACTION_POINTER_UP(1), id[0]=0, x[0]=358.0, y[0]=39.0, toolType[0]=TOOL_TYPE_UNKNOWN, id[1]=1, x[1]=456.0, y[1]=43.0, toolType[1]=TOOL_TYPE_UNKNOWN, buttonState=0, metaState=0, flags=0x0, edgeFlags=0x0, pointerCount=2, historySize=0, eventTime=136581, downTime=136563, deviceId=0, source=0x1002 }
D/InputEventConsistencyVerifier(  962): KeyEvent: ACTION_UP but key was not down.
D/InputEventConsistencyVerifier(  962):   in com.android.internal.policy.impl.PhoneWindow$DecorView@b3e76ce0
D/InputEventConsistencyVerifier(  962):   0: sent at 174637000000, KeyEvent { action=ACTION_UP, keyCode=KEYCODE_DPAD_DOWN, scanCode=0, metaState=0, flags=0x400, repeatCount=0, eventTime=174637, downTime=174637, deviceId=-1, source=0x101 }
D/InputEventConsistencyVerifier(  962):   -- recent events --
D/InputEventConsistencyVerifier(  962):   1: sent at 174355000000, (unhandled) MotionEvent { action=ACTION_MOVE, id[0]=0, x[0]=1.0, y[0]=2.0, toolType[0]=TOOL_TYPE_UNKNOWN, buttonState=0, metaState=0, flags=0x0, edgeFlags=0x0, pointerCount=1, historySize=9, eventTime=174355, downTime=-1, deviceId=0, source=0x10004 }
D/InputEventConsistencyVerifier(  962):   2: sent at 174442000000, (unhandled) MotionEvent { action=ACTION_UP, id[0]=0, x[0]=210.0, y[0]=366.6667, toolType[0]=TOOL_TYPE_UNKNOWN, buttonState=0, metaState=0, flags=0x0, edgeFlags=0x0, pointerCount=1, historySize=0, eventTime=174442, downTime=174367, deviceId=0, source=0x1002 }
D/InputEventConsistencyVerifier(  962):   3: sent at 174440000000, (unhandled) MotionEvent { action=ACTION_MOVE, id[0]=0, x[0]=210.66667, y[0]=367.33334, toolType[0]=TOOL_TYPE_UNKNOWN, buttonState=0, metaState=0, flags=0x0, edgeFlags=0x0, pointerCount=1, historySize=7, eventTime=174440, downTime=174367, deviceId=0, source=0x1002 }
D/InputEventConsistencyVerifier(  962):   4: sent at 174370000000, (unhandled) MotionEvent { action=ACTION_DOWN, id[0]=0, x[0]=212.66667, y[0]=410.6667, toolType[0]=TOOL_TYPE_UNKNOWN, buttonState=0, metaState=0, flags=0x0, edgeFlags=0x0, pointerCount=1, historySize=0, eventTime=174370, downTime=174367, deviceId=0, source=0x1002 }
D/InputEventConsistencyVerifier(  962):   5: sent at 174308000000, MotionEvent { action=ACTION_UP, id[0]=0, x[0]=192.66667, y[0]=286.6667, toolType[0]=TOOL_TYPE_UNKNOWN, buttonState=0, metaState=0, flags=0x0, edgeFlags=0x0, pointerCount=1, historySize=0, eventTime=174308, downTime=174203, deviceId=0, source=0x1002 }
I/Choreographer(  419): Skipped 34 frames!  The application may be doing too much work on its main thread.
V/PhoneStatusBar(  419): setLightsOn(true)
D/PhoneStatusBar(  419): disable: < expand icons alerts ticker* system_info back home recent clock >
E/WVMExtractor(   62): Failed to open libwvm.so
I/Choreographer(  962): Skipped 50 frames!  The application may be doing too much work on its main thread.
W/InputMethodManagerService(  227): Window already focused, ignoring focus gain of: com.android.internal.view.IInputMethodClient$Stub$Proxy@b3e1ce68 attribute=android.view.inputmethod.EditorInfo@b3ee0130
I/Choreographer(  962): Skipped 35 frames!  The application may be doing too much work on its main thread.
E/WVMExtractor(   62): Failed to open libwvm.so
D/InputEventConsistencyVerifier(  962): KeyEvent: ACTION_UP but key was not down.
D/InputEventConsistencyVerifier(  962):   in android.widget.RelativeLayout@b3e80a30
D/InputEventConsistencyVerifier(  962):   0: sent at 174639000000, KeyEvent { action=ACTION_UP, keyCode=KEYCODE_DPAD_DOWN, scanCode=0, metaState=0, flags=0x400, repeatCount=0, eventTime=174639, downTime=174639, deviceId=-1, source=0x101 }
D/InputEventConsistencyVerifier(  962):   -- recent events --
D/InputEventConsistencyVerifier(  962):   1: sent at 173991000000, (unhandled) KeyEvent { action=ACTION_UP, keyCode=KEYCODE_DPAD_RIGHT, scanCode=0, metaState=0, flags=0x80000008, repeatCount=0, eventTime=173991, downTime=173991, deviceId=-1, source=0x101 }
D/InputEventConsistencyVerifier(  962):   2: sent at 172411000000, (unhandled) KeyEvent { action=ACTION_DOWN, keyCode=KEYCODE_DPAD_LEFT, scanCode=0, metaState=0, flags=0x8, repeatCount=0, eventTime=172411, downTime=172411, deviceId=-1, source=0x101 }
D/InputEventConsistencyVerifier(  962):   3: sent at 173357000000, (unhandled) KeyEvent { action=ACTION_UP, keyCode=KEYCODE_DPAD_DOWN, scanCode=0, metaState=0, flags=0x400, repeatCount=0, eventTime=173357, downTime=173357, deviceId=-1, source=0x101 }
D/InputEventConsistencyVerifier(  962):   4: sent at 173357000000, (unhandled) KeyEvent { action=ACTION_DOWN, keyCode=KEYCODE_DPAD_DOWN, scanCode=0, metaState=0, flags=0x400, repeatCount=0, eventTime=173357, downTime=173357, deviceId=-1, source=0x101 }
D/InputEventConsistencyVerifier(  962):   5: sent at 173355000000, (unhandled) KeyEvent { action=ACTION_UP, keyCode=KEYCODE_DPAD_DOWN, scanCode=0, metaState=0, flags=0x400, repeatCount=0, eventTime=173355, downTime=173355, deviceId=-1, source=0x101 }
D/InputEventConsistencyVerifier(  962): KeyEvent: ACTION_UP but key was not down.
D/InputEventConsistencyVerifier(  962):   in android.widget.LinearLayout@b3e3af00
D/InputEventConsistencyVerifier(  962):   0: sent at 175871000000, KeyEvent { action=ACTION_UP, keyCode=KEYCODE_DPAD_LEFT, scanCode=0, metaState=0, flags=0x400, repeatCount=0, eventTime=175871, downTime=175871, deviceId=-1, source=0x101 }
D/InputEventConsistencyVerifier(  962):   -- recent events --
D/InputEventConsistencyVerifier(  962):   1: sent at 174639000000, (unhandled) KeyEvent { action=ACTION_DOWN, keyCode=KEYCODE_DPAD_DOWN, scanCode=0, metaState=0, flags=0x400, repeatCount=0, eventTime=174639, downTime=174639, deviceId=-1, source=0x101 }
D/InputEventConsistencyVerifier(  962):   2: sent at 174637000000, (unhandled) KeyEvent { action=ACTION_UP, keyCode=KEYCODE_DPAD_DOWN, scanCode=0, metaState=0, flags=0x80000400, repeatCount=0, eventTime=174637, downTime=174637, deviceId=-1, source=0x101 }
D/InputEventConsistencyVerifier(  962):   3: sent at 173822000000, (unhandled) KeyEvent { action=ACTION_DOWN, keyCode=KEYCODE_DPAD_RIGHT, scanCode=0, metaState=0, flags=0x8, repeatCount=0, eventTime=173822, downTime=173822, deviceId=-1, source=0x101 }
D/InputEventConsistencyVerifier(  962):   4: sent at 173412000000, (unhandled) KeyEvent { action=ACTION_UP, keyCode=KEYCODE_DPAD_LEFT, scanCode=0, metaState=0, flags=0x80000008, repeatCount=0, eventTime=173412, downTime=173412, deviceId=-1, source=0x101 }
D/InputEventConsistencyVerifier(  962):   5: sent at 172506000000, (unhandled) KeyEvent { action=ACTION_DOWN, keyCode=KEYCODE_DPAD_DOWN, scanCode=0, metaState=0, flags=0x400, repeatCount=0, eventTime=172506, downTime=172506, deviceId=-1, source=0x101 }
E/WVMExtractor(   62): Failed to open libwvm.so
E/WVMExtractor(   62): Failed to open libwvm.so
E/WVMExtractor(   62): Failed to open libwvm.so
D/InputEventConsistencyVerifier(  962): KeyEvent: ACTION_UP but key was not down.
D/InputEventConsistencyVerifier(  962):   in android.widget.RelativeLayout@b3e80a30
D/InputEventConsistencyVerifier(  962):   0: sent at 176293000000, KeyEvent { action=ACTION_UP, keyCode=KEYCODE_DPAD_DOWN, scanCode=0, metaState=0, flags=0x400, repeatCount=0, eventTime=176293, downTime=176293, deviceId=-1, source=0x101 }
D/InputEventConsistencyVerifier(  962):   -- recent events --
D/InputEventConsistencyVerifier(  962):   1: sent at 175871000000, (unhandled) KeyEvent { action=ACTION_DOWN, keyCode=KEYCODE_DPAD_LEFT, scanCode=0, metaState=0, flags=0x400, repeatCount=0, eventTime=175871, downTime=175871, deviceId=-1, source=0x101 }
D/InputEventConsistencyVerifier(  962):   2: sent at 175828000000, (unhandled) MotionEvent { action=ACTION_MOVE, id[0]=0, x[0]=-2.0, y[0]=1.0, toolType[0]=TOOL_TYPE_UNKNOWN, buttonState=0, metaState=0, flags=0x0, edgeFlags=0x0, pointerCount=1, historySize=6, eventTime=175828, downTime=-1, deviceId=0, source=0x10004 }
D/InputEventConsistencyVerifier(  962):   3: sent at 175213000000, (unhandled) KeyEvent { action=ACTION_UP, keyCode=KEYCODE_VOLUME_DOWN, scanCode=0, metaState=0, flags=0x8, repeatCount=0, eventTime=175213, downTime=175213, deviceId=-1, source=0x101 }
D/InputEventConsistencyVerifier(  962):   4: sent at 175053000000, (unhandled) KeyEvent { action=ACTION_DOWN, keyCode=KEYCODE_VOLUME_DOWN, scanCode=0, metaState=0, flags=0x8, repeatCount=0, eventTime=175053, downTime=175053, deviceId=-1, source=0x101 }
D/InputEventConsistencyVerifier(  962):   5: sent at 174639000000, (unhandled) KeyEvent { action=ACTION_UP, keyCode=KEYCODE_DPAD_DOWN, scanCode=0, metaState=0, flags=0x80000400, repeatCount=0, eventTime=174639, downTime=174639, deviceId=-1, source=0x101 }
E/WVMExtractor(   62): Failed to open libwvm.so
E/WVMExtractor(   62): Failed to open libwvm.so
I/System.out(  962): 6
I/System.out(  962): 7
I/System.out(  962): 3
I/System.out(  962): 0
I/System.out(  962): 2
I/System.out(  962): 8
I/System.out(  962): 5
I/System.out(  962): 4
I/System.out(  962): 1
I/Choreographer(  962): Skipped 33 frames!  The application may be doing too much work on its main thread.
E/WVMExtractor(   62): Failed to open libwvm.so
I/System.out(  962): 4
I/System.out(  962): 3
I/System.out(  962): 1
I/System.out(  962): 2
I/System.out(  962): 8
E/WVMExtractor(   62): Failed to open libwvm.so
I/System.out(  962): 5
I/System.out(  962): 7
I/System.out(  962): 6
I/System.out(  962): 0
I/Choreographer(  962): Skipped 43 frames!  The application may be doing too much work on its main thread.
E/WVMExtractor(   62): Failed to open libwvm.so
D/InputEventConsistencyVerifier(  962): KeyEvent: ACTION_UP but key was not down.
D/InputEventConsistencyVerifier(  962):   in android.widget.LinearLayout@b3e3af00
D/InputEventConsistencyVerifier(  962):   0: sent at 177879000000, KeyEvent { action=ACTION_UP, keyCode=KEYCODE_DPAD_UP, scanCode=0, metaState=0, flags=0x400, repeatCount=0, eventTime=177879, downTime=177879, deviceId=-1, source=0x101 }
D/InputEventConsistencyVerifier(  962):   -- recent events --
D/InputEventConsistencyVerifier(  962):   1: sent at 176293000000, (unhandled) KeyEvent { action=ACTION_DOWN, keyCode=KEYCODE_DPAD_DOWN, scanCode=0, metaState=0, flags=0x400, repeatCount=0, eventTime=176293, downTime=176293, deviceId=-1, source=0x101 }
D/InputEventConsistencyVerifier(  962):   2: sent at 176289000000, (unhandled) KeyEvent { action=ACTION_UP, keyCode=KEYCODE_DPAD_UP, scanCode=0, metaState=0, flags=0x400, repeatCount=0, eventTime=176289, downTime=176289, deviceId=-1, source=0x101 }
D/InputEventConsistencyVerifier(  962):   3: sent at 176289000000, (unhandled) KeyEvent { action=ACTION_DOWN, keyCode=KEYCODE_DPAD_UP, scanCode=0, metaState=0, flags=0x400, repeatCount=0, eventTime=176289, downTime=176289, deviceId=-1, source=0x101 }
D/InputEventConsistencyVerifier(  962):   4: sent at 176289000000, (unhandled) KeyEvent { action=ACTION_UP, keyCode=KEYCODE_DPAD_UP, scanCode=0, metaState=0, flags=0x400, repeatCount=0, eventTime=176289, downTime=176289, deviceId=-1, source=0x101 }
D/InputEventConsistencyVerifier(  962):   5: sent at 176289000000, (unhandled) KeyEvent { action=ACTION_DOWN, keyCode=KEYCODE_DPAD_UP, scanCode=0, metaState=0, flags=0x400, repeatCount=0, eventTime=176289, downTime=176289, deviceId=-1, source=0x101 }
E/WVMExtractor(   62): Failed to open libwvm.so
E/WVMExtractor(   62): Failed to open libwvm.so
E/WVMExtractor(   62): Failed to open libwvm.so
I/Choreographer(  962): Skipped 38 frames!  The application may be doing too much work on its main thread.
E/WVMExtractor(   62): Failed to open libwvm.so
W/InputMethodManagerService(  227): Window already focused, ignoring focus gain of: com.android.internal.view.IInputMethodClient$Stub$Proxy@b4156300 attribute=null
W/InputManager(  227): Input event injection from pid 913 failed.
E/WVMExtractor(   62): Failed to open libwvm.so
I/Choreographer(  962): Skipped 59 frames!  The application may be doing too much work on its main thread.
E/WVMExtractor(   62): Failed to open libwvm.so
E/WVMExtractor(   62): Failed to open libwvm.so
D/InputEventConsistencyVerifier(  962): KeyEvent: ACTION_UP but key was not down.
D/InputEventConsistencyVerifier(  962):   in com.android.internal.policy.impl.PhoneWindow$DecorView@b3e76ce0
D/InputEventConsistencyVerifier(  962):   0: sent at 181487000000, KeyEvent { action=ACTION_UP, keyCode=KEYCODE_DPAD_CENTER, scanCode=0, metaState=0, flags=0x8, repeatCount=0, eventTime=181487, downTime=181487, deviceId=-1, source=0x101 }
D/InputEventConsistencyVerifier(  962):   -- recent events --
D/InputEventConsistencyVerifier(  962):   1: sent at 181457000000, (unhandled) MotionEvent { action=ACTION_UP, id[0]=0, x[0]=284.6667, y[0]=180.0, toolType[0]=TOOL_TYPE_UNKNOWN, buttonState=0, metaState=0, flags=0x0, edgeFlags=0x0, pointerCount=1, historySize=0, eventTime=181457, downTime=181415, deviceId=0, source=0x1002 }
D/InputEventConsistencyVerifier(  962):   2: sent at 181416000000, (unhandled) MotionEvent { action=ACTION_DOWN, id[0]=0, x[0]=282.0, y[0]=181.33334, toolType[0]=TOOL_TYPE_UNKNOWN, buttonState=0, metaState=0, flags=0x0, edgeFlags=0x0, pointerCount=1, historySize=0, eventTime=181416, downTime=181415, deviceId=0, source=0x1002 }
D/InputEventConsistencyVerifier(  962):   3: sent at 180879000000, (unhandled) KeyEvent { action=ACTION_UP, keyCode=KEYCODE_DPAD_UP, scanCode=0, metaState=0, flags=0x8, repeatCount=0, eventTime=180879, downTime=180879, deviceId=-1, source=0x101 }
D/InputEventConsistencyVerifier(  962):   4: sent at 180673000000, (unhandled) KeyEvent { action=ACTION_DOWN, keyCode=KEYCODE_DPAD_UP, scanCode=0, metaState=0, flags=0x8, repeatCount=0, eventTime=180673, downTime=180673, deviceId=-1, source=0x101 }
D/InputEventConsistencyVerifier(  962):   5: sent at 180843000000, (unhandled) KeyEvent { action=ACTION_UP, keyCode=KEYCODE_DPAD_LEFT, scanCode=0, metaState=0, flags=0x400, repeatCount=0, eventTime=180843, downTime=180843, deviceId=-1, source=0x101 }
E/WVMExtractor(   62): Failed to open libwvm.so
D/InputEventConsistencyVerifier(  419): TouchEvent: ACTION_DOWN but pointers are already down.  Probably missing ACTION_UP from previous gesture.
D/InputEventConsistencyVerifier(  419):   in android.view.ScaleGestureDetector@b3e4ff88
D/InputEventConsistencyVerifier(  419):   0: sent at 181704000000, MotionEvent { action=ACTION_DOWN, id[0]=0, x[0]=437.0, y[0]=19.0, toolType[0]=TOOL_TYPE_UNKNOWN, buttonState=0, metaState=0, flags=0x0, edgeFlags=0x0, pointerCount=1, historySize=0, eventTime=181704, downTime=181704, deviceId=0, source=0x1002 }
D/InputEventConsistencyVerifier(  419):   -- recent events --
D/InputEventConsistencyVerifier(  419):   1: sent at 174917000000, MotionEvent { action=ACTION_DOWN, id[0]=0, x[0]=1.0, y[0]=186.0, toolType[0]=TOOL_TYPE_UNKNOWN, buttonState=0, metaState=0, flags=0x80000000, edgeFlags=0x0, pointerCount=1, historySize=0, eventTime=174917, downTime=174884, deviceId=0, source=0x1002 }
D/InputEventConsistencyVerifier(  419):   2: sent at 174872000000, MotionEvent { action=ACTION_DOWN, id[0]=0, x[0]=9.0, y[0]=725.0, toolType[0]=TOOL_TYPE_UNKNOWN, buttonState=0, metaState=0, flags=0x0, edgeFlags=0x0, pointerCount=1, historySize=0, eventTime=174872, downTime=174872, deviceId=0, source=0x1002 }
D/InputEventConsistencyVerifier(  419):   3: sent at 174571000000, MotionEvent { action=ACTION_UP, id[0]=0, x[0]=86.0, y[0]=5.0, toolType[0]=TOOL_TYPE_UNKNOWN, buttonState=0, metaState=0, flags=0x0, edgeFlags=0x0, pointerCount=1, historySize=0, eventTime=174571, downTime=174448, deviceId=0, source=0x1002 }
D/InputEventConsistencyVerifier(  419):   4: sent at 174449000000, MotionEvent { action=ACTION_DOWN, id[0]=0, x[0]=78.0, y[0]=13.0, toolType[0]=TOOL_TYPE_UNKNOWN, buttonState=0, metaState=0, flags=0x0, edgeFlags=0x0, pointerCount=1, historySize=0, eventTime=174449, downTime=174448, deviceId=0, source=0x1002 }
D/InputEventConsistencyVerifier(  419):   5: sent at 136616000000, MotionEvent { action=ACTION_UP, id[0]=0, x[0]=376.0, y[0]=48.0, toolType[0]=TOOL_TYPE_UNKNOWN, buttonState=0, metaState=0, flags=0x0, edgeFlags=0x0, pointerCount=1, historySize=0, eventTime=136616, downTime=136563, deviceId=0, source=0x1002 }
I/Choreographer(  962): Skipped 37 frames!  The application may be doing too much work on its main thread.
D/InputEventConsistencyVerifier(  419): KeyEvent: ACTION_UP but key was not down.
D/InputEventConsistencyVerifier(  419):   in com.android.systemui.statusbar.phone.StatusBarWindowView@b3db01d8
D/InputEventConsistencyVerifier(  419):   0: sent at 181811000000, KeyEvent { action=ACTION_UP, keyCode=KEYCODE_DPAD_LEFT, scanCode=0, metaState=0, flags=0x8, repeatCount=0, eventTime=181811, downTime=181811, deviceId=-1, source=0x101 }
D/InputEventConsistencyVerifier(  419):   -- recent events --
D/InputEventConsistencyVerifier(  419):   1: sent at 181714000000, MotionEvent { action=ACTION_UP, id[0]=0, x[0]=436.0, y[0]=19.0, toolType[0]=TOOL_TYPE_UNKNOWN, buttonState=0, metaState=0, flags=0x0, edgeFlags=0x0, pointerCount=1, historySize=0, eventTime=181714, downTime=181704, deviceId=0, source=0x1002 }
D/InputEventConsistencyVerifier(  419):   2: sent at 181704000000, MotionEvent { action=ACTION_DOWN, id[0]=0, x[0]=437.0, y[0]=19.0, toolType[0]=TOOL_TYPE_UNKNOWN, buttonState=0, metaState=0, flags=0x0, edgeFlags=0x0, pointerCount=1, historySize=0, eventTime=181704, downTime=181704, deviceId=0, source=0x1002 }
D/InputEventConsistencyVerifier(  419):   3: sent at 175049000000, (unhandled) KeyEvent { action=ACTION_UP, keyCode=KEYCODE_AVR_POWER, scanCode=0, metaState=0, flags=0x8, repeatCount=0, eventTime=175049, downTime=175049, deviceId=-1, source=0x101 }
D/InputEventConsistencyVerifier(  419):   4: sent at 174973000000, (unhandled) KeyEvent { action=ACTION_DOWN, keyCode=KEYCODE_AVR_POWER, scanCode=0, metaState=0, flags=0x8, repeatCount=0, eventTime=174973, downTime=174973, deviceId=-1, source=0x101 }
D/InputEventConsistencyVerifier(  419):   5: sent at 174945000000, MotionEvent { action=ACTION_UP, id[0]=0, x[0]=0.0, y[0]=231.0, toolType[0]=TOOL_TYPE_UNKNOWN, buttonState=0, metaState=0, flags=0x0, edgeFlags=0x0, pointerCount=1, historySize=0, eventTime=174945, downTime=174884, deviceId=0, source=0x1002 }
W/dalvikvm(  419): DroidBox: { "FdAccess": { "path": "2f70726f632f6d656d696e666f", "id": "1354433661" } }
W/DroidBox(  419): DroidBox: { "FileRW": { "operation": "read", "data": "4d656d546f74616c3a202020202020202020373438393634206b420a4d656d467265653a20202020202020202020343430383638206b420a427566666572733a20202020202020202020202035353630206b420a4361636865643a202020202020202020", "id": "1354433661" } }
I/Choreographer(  419): Skipped 48 frames!  The application may be doing too much work on its main thread.
D/PhoneStatusBar(  419): disable: < expand icons alerts TICKER* system_info back home recent clock >
V/PhoneStatusBar(  419): setLightsOn(true)
D/InputEventConsistencyVerifier(  419): KeyEvent: ACTION_UP but key was not down.
D/InputEventConsistencyVerifier(  419):   in com.android.systemui.statusbar.phone.StatusBarWindowView@b3db01d8
D/InputEventConsistencyVerifier(  419):   0: sent at 182074000000, KeyEvent { action=ACTION_UP, keyCode=KEYCODE_DPAD_LEFT, scanCode=0, metaState=0, flags=0x400, repeatCount=0, eventTime=182074, downTime=182074, deviceId=-1, source=0x101 }
D/InputEventConsistencyVerifier(  419):   -- recent events --
D/InputEventConsistencyVerifier(  419):   1: sent at 182042000000, (unhandled) MotionEvent { action=ACTION_MOVE, id[0]=0, x[0]=-3.0, y[0]=-1.0, toolType[0]=TOOL_TYPE_UNKNOWN, buttonState=0, metaState=0, flags=0x0, edgeFlags=0x0, pointerCount=1, historySize=3, eventTime=182042, downTime=-1, deviceId=0, source=0x10004 }
D/InputEventConsistencyVerifier(  419):   2: sent at 181961000000, (unhandled) KeyEvent { action=ACTION_UP, keyCode=KEYCODE_DPAD_UP, scanCode=0, metaState=0, flags=0x400, repeatCount=0, eventTime=181961, downTime=181961, deviceId=-1, source=0x101 }
D/InputEventConsistencyVerifier(  419):   3: sent at 181961000000, (unhandled) KeyEvent { action=ACTION_DOWN, keyCode=KEYCODE_DPAD_UP, scanCode=0, metaState=0, flags=0x400, repeatCount=0, eventTime=181961, downTime=181961, deviceId=-1, source=0x101 }
D/InputEventConsistencyVerifier(  419):   4: sent at 181961000000, (unhandled) KeyEvent { action=ACTION_UP, keyCode=KEYCODE_DPAD_UP, scanCode=0, metaState=0, flags=0x400, repeatCount=0, eventTime=181961, downTime=181961, deviceId=-1, source=0x101 }
D/InputEventConsistencyVerifier(  419):   5: sent at 181961000000, (unhandled) KeyEvent { action=ACTION_DOWN, keyCode=KEYCODE_DPAD_UP, scanCode=0, metaState=0, flags=0x400, repeatCount=0, eventTime=181961, downTime=181961, deviceId=-1, source=0x101 }
W/dalvikvm(  419): DroidBox: { "FdAccess": { "path": "2f70726f632f6d656d696e666f", "id": "243017078" } }
W/DroidBox(  419): DroidBox: { "FileRW": { "operation": "read", "data": "4d656d546f74616c3a202020202020202020373438393634206b420a4d656d467265653a20202020202020202020343430383638206b420a427566666572733a20202020202020202020202035353630206b420a4361636865643a202020202020202020", "id": "243017078" } }
I/Choreographer(  419): Skipped 32 frames!  The application may be doing too much work on its main thread.
V/PhoneStatusBar(  419): setLightsOn(true)
D/PhoneStatusBar(  419): disable: < expand icons alerts ticker* system_info back home recent clock >
I/ActivityManager(  227): START {act=android.intent.action.MAIN cat=[android.intent.category.LAUNCHER] flg=0x10000000 cmp=com.android.calendar/.AllInOneActivity sel={act=android.intent.action.MAIN cat=[android.intent.category.APP_CALENDAR]} u=0} from pid 227
D/InputEventConsistencyVerifier(  962): KeyEvent: ACTION_UP but key was not down.
D/InputEventConsistencyVerifier(  962):   in android.view.ViewRootImpl@b3e35bb0
D/InputEventConsistencyVerifier(  962):   0: sent at 182386000000, KeyEvent { action=ACTION_UP, keyCode=KEYCODE_CALENDAR, scanCode=0, metaState=0, flags=0x8, repeatCount=0, eventTime=182386, downTime=182386, deviceId=-1, source=0x101 }
D/InputEventConsistencyVerifier(  962):   -- recent events --
D/InputEventConsistencyVerifier(  962):   1: sent at 182361000000, KeyEvent { action=ACTION_UP, keyCode=KEYCODE_NUMPAD_MULTIPLY, scanCode=0, metaState=0, flags=0x8, repeatCount=0, eventTime=182361, downTime=182361, deviceId=-1, source=0x101 }
D/InputEventConsistencyVerifier(  962):   2: sent at 182208000000, KeyEvent { action=ACTION_DOWN, keyCode=KEYCODE_NUMPAD_MULTIPLY, scanCode=0, metaState=0, flags=0x8, repeatCount=0, eventTime=182208, downTime=182208, deviceId=-1, source=0x101 }
D/InputEventConsistencyVerifier(  962):   3: sent at 182202000000, MotionEvent { action=ACTION_UP, id[0]=0, x[0]=454.0, y[0]=-182.0, toolType[0]=TOOL_TYPE_UNKNOWN, buttonState=0, metaState=0, flags=0x0, edgeFlags=0x0, pointerCount=1, historySize=0, eventTime=182202, downTime=182175, deviceId=0, source=0x1002 }
D/InputEventConsistencyVerifier(  962):   4: sent at 182175000000, MotionEvent { action=ACTION_DOWN, id[0]=0, x[0]=442.0, y[0]=-182.0, toolType[0]=TOOL_TYPE_UNKNOWN, buttonState=0, metaState=0, flags=0x0, edgeFlags=0x0, pointerCount=1, historySize=0, eventTime=182175, downTime=182175, deviceId=0, source=0x1002 }
W/InputMethodManagerService(  227): Window already focused, ignoring focus gain of: com.android.internal.view.IInputMethodClient$Stub$Proxy@b3e2a8e8 attribute=null
E/WVMExtractor(   62): Failed to open libwvm.so
I/Choreographer(  962): Skipped 35 frames!  The application may be doing too much work on its main thread.
I/ActivityManager(  227): START {act=android.intent.action.MAIN cat=[android.intent.category.LAUNCHER] flg=0x10200000 cmp=com.ps.pintu.view/.MainActivity u=0} from pid 913
E/WVMExtractor(   62): Failed to open libwvm.so
D/InputEventConsistencyVerifier(  962): KeyEvent: ACTION_UP but key was not down.
D/InputEventConsistencyVerifier(  962):   in com.android.internal.policy.impl.PhoneWindow$DecorView@b3e76ce0
D/InputEventConsistencyVerifier(  962):   0: sent at 183207000000, KeyEvent { action=ACTION_UP, keyCode=KEYCODE_DPAD_DOWN, scanCode=0, metaState=0, flags=0x8, repeatCount=0, eventTime=183207, downTime=183207, deviceId=-1, source=0x101 }
D/InputEventConsistencyVerifier(  962):   -- recent events --
D/InputEventConsistencyVerifier(  962):   1: sent at 183162000000, (unhandled) MotionEvent { action=ACTION_UP, id[0]=0, x[0]=241.33334, y[0]=367.33334, toolType[0]=TOOL_TYPE_UNKNOWN, buttonState=0, metaState=0, flags=0x0, edgeFlags=0x0, pointerCount=1, historySize=0, eventTime=183162, downTime=183110, deviceId=0, source=0x1002 }
D/InputEventConsistencyVerifier(  962):   2: sent at 183110000000, (unhandled) MotionEvent { action=ACTION_DOWN, id[0]=0, x[0]=255.33334, y[0]=370.0, toolType[0]=TOOL_TYPE_UNKNOWN, buttonState=0, metaState=0, flags=0x0, edgeFlags=0x0, pointerCount=1, historySize=0, eventTime=183110, downTime=183110, deviceId=0, source=0x1002 }
D/InputEventConsistencyVerifier(  962):   3: sent at 182814000000, (unhandled) KeyEvent { action=ACTION_UP, keyCode=KEYCODE_DPAD_UP, scanCode=0, metaState=0, flags=0x8, repeatCount=0, eventTime=182814, downTime=182814, deviceId=-1, source=0x101 }
D/InputEventConsistencyVerifier(  962):   4: sent at 182794000000, (unhandled) KeyEvent { action=ACTION_DOWN, keyCode=KEYCODE_DPAD_UP, scanCode=0, metaState=0, flags=0x8, repeatCount=0, eventTime=182794, downTime=182794, deviceId=-1, source=0x101 }
D/InputEventConsistencyVerifier(  962):   5: sent at 181631000000, (unhandled) KeyEvent { action=ACTION_UP, keyCode=KEYCODE_MENU, scanCode=0, metaState=0, flags=0x8, repeatCount=0, eventTime=181631, downTime=181631, deviceId=-1, source=0x101 }
I/Choreographer(  962): Skipped 32 frames!  The application may be doing too much work on its main thread.
E/WVMExtractor(   62): Failed to open libwvm.so
D/InputEventConsistencyVerifier(  962): TrackballEvent: Trackball is down but pressure is not greater than 0.
D/InputEventConsistencyVerifier(  962):   in android.view.ViewRootImpl@b3e67d20
D/InputEventConsistencyVerifier(  962):   0: sent at 183885000000, MotionEvent { action=ACTION_DOWN, id[0]=0, x[0]=0.0, y[0]=0.0, toolType[0]=TOOL_TYPE_UNKNOWN, buttonState=0, metaState=0, flags=0x0, edgeFlags=0x0, pointerCount=1, historySize=0, eventTime=183885, downTime=183752, deviceId=0, source=0x10004 }
D/InputEventConsistencyVerifier(  962):   -- recent events --
D/InputEventConsistencyVerifier(  962):   1: sent at 183930000000, KeyEvent { action=ACTION_UP, keyCode=KEYCODE_DPAD_DOWN, scanCode=0, metaState=0, flags=0x400, repeatCount=0, eventTime=183930, downTime=183930, deviceId=-1, source=0x101 }
D/InputEventConsistencyVerifier(  962):   2: sent at 183930000000, KeyEvent { action=ACTION_DOWN, keyCode=KEYCODE_DPAD_DOWN, scanCode=0, metaState=0, flags=0x400, repeatCount=0, eventTime=183930, downTime=183930, deviceId=-1, source=0x101 }
D/InputEventConsistencyVerifier(  962):   3: sent at 183928000000, KeyEvent { action=ACTION_UP, keyCode=KEYCODE_DPAD_DOWN, scanCode=0, metaState=0, flags=0x400, repeatCount=0, eventTime=183928, downTime=183928, deviceId=-1, source=0x101 }
D/InputEventConsistencyVerifier(  962):   4: sent at 183928000000, KeyEvent { action=ACTION_DOWN, keyCode=KEYCODE_DPAD_DOWN, scanCode=0, metaState=0, flags=0x400, repeatCount=0, eventTime=183928, downTime=183928, deviceId=-1, source=0x101 }
D/InputEventConsistencyVerifier(  962):   5: sent at 183814000000, MotionEvent { action=ACTION_MOVE, id[0]=0, x[0]=-2.0, y[0]=2.0, toolType[0]=TOOL_TYPE_UNKNOWN, buttonState=0, metaState=0, flags=0x0, edgeFlags=0x0, pointerCount=1, historySize=9, eventTime=183814, downTime=-1, deviceId=0, source=0x10004 }
E/WVMExtractor(   62): Failed to open libwvm.so
I/Choreographer(  962): Skipped 80 frames!  The application may be doing too much work on its main thread.
D/InputEventConsistencyVerifier(  962): KeyEvent: ACTION_UP but key was not down.
D/InputEventConsistencyVerifier(  962):   in android.widget.RelativeLayout@b3e80a30
D/InputEventConsistencyVerifier(  962):   0: sent at 183715000000, KeyEvent { action=ACTION_UP, keyCode=KEYCODE_DPAD_RIGHT, scanCode=0, metaState=0, flags=0x400, repeatCount=0, eventTime=183715, downTime=183715, deviceId=-1, source=0x101 }
D/InputEventConsistencyVerifier(  962):   -- recent events --
D/InputEventConsistencyVerifier(  962):   1: sent at 181416000000, (unhandled) MotionEvent { action=ACTION_DOWN, id[0]=0, x[0]=282.0, y[0]=131.33334, toolType[0]=TOOL_TYPE_UNKNOWN, buttonState=0, metaState=0, flags=0x0, edgeFlags=0x0, pointerCount=1, historySize=0, eventTime=181416, downTime=181415, deviceId=0, source=0x1002 }
D/InputEventConsistencyVerifier(  962):   2: sent at 177879000000, (unhandled) KeyEvent { action=ACTION_DOWN, keyCode=KEYCODE_DPAD_UP, scanCode=0, metaState=0, flags=0x400, repeatCount=0, eventTime=177879, downTime=177879, deviceId=-1, source=0x101 }
D/InputEventConsistencyVerifier(  962):   3: sent at 177519000000, KeyEvent { action=ACTION_UP, keyCode=KEYCODE_DPAD_CENTER, scanCode=0, metaState=0, flags=0x8, repeatCount=0, eventTime=177519, downTime=177519, deviceId=-1, source=0x101 }
D/InputEventConsistencyVerifier(  962):   4: sent at 177789000000, (unhandled) MotionEvent { action=ACTION_MOVE, id[0]=0, x[0]=0.0, y[0]=-2.0, toolType[0]=TOOL_TYPE_UNKNOWN, buttonState=0, metaState=0, flags=0x0, edgeFlags=0x0, pointerCount=1, historySize=8, eventTime=177789, downTime=-1, deviceId=0, source=0x10004 }
D/InputEventConsistencyVerifier(  962):   5: sent at 177519000000, (unhandled) KeyEvent { action=ACTION_UP, keyCode=KEYCODE_BUTTON_8, scanCode=0, metaState=0, flags=0x8, repeatCount=0, eventTime=177519, downTime=177519, deviceId=-1, source=0x101 }
I/Choreographer(  962): Skipped 99 frames!  The application may be doing too much work on its main thread.
E/WVMExtractor(   62): Failed to open libwvm.so
I/Choreographer(  962): Skipped 31 frames!  The application may be doing too much work on its main thread.
W/InputMethodManagerService(  227): Window already focused, ignoring focus gain of: com.android.internal.view.IInputMethodClient$Stub$Proxy@b3f001c8 attribute=null
I/Choreographer(  962): Skipped 34 frames!  The application may be doing too much work on its main thread.
E/WVMExtractor(   62): Failed to open libwvm.so
E/WVMExtractor(   62): Failed to open libwvm.so
D/InputEventConsistencyVerifier(  962): KeyEvent: ACTION_UP but key was not down.
D/InputEventConsistencyVerifier(  962):   in com.android.internal.policy.impl.PhoneWindow$DecorView@b3e76ce0
D/InputEventConsistencyVerifier(  962):   0: sent at 185917000000, KeyEvent { action=ACTION_UP, keyCode=KEYCODE_DPAD_RIGHT, scanCode=0, metaState=0, flags=0x8, repeatCount=0, eventTime=185917, downTime=185917, deviceId=-1, source=0x101 }
D/InputEventConsistencyVerifier(  962):   -- recent events --
D/InputEventConsistencyVerifier(  962):   1: sent at 185847000000, (unhandled) MotionEvent { action=ACTION_UP, id[0]=0, x[0]=270.6667, y[0]=337.33334, toolType[0]=TOOL_TYPE_UNKNOWN, buttonState=0, metaState=0, flags=0x0, edgeFlags=0x0, pointerCount=1, historySize=0, eventTime=185847, downTime=185841, deviceId=0, source=0x1002 }
D/InputEventConsistencyVerifier(  962):   2: sent at 185841000000, (unhandled) MotionEvent { action=ACTION_DOWN, id[0]=0, x[0]=273.33334, y[0]=347.33334, toolType[0]=TOOL_TYPE_UNKNOWN, buttonState=0, metaState=0, flags=0x0, edgeFlags=0x0, pointerCount=1, historySize=0, eventTime=185841, downTime=185841, deviceId=0, source=0x1002 }
D/InputEventConsistencyVerifier(  962):   3: sent at 185796000000, MotionEvent { action=ACTION_UP, id[0]=0, x[0]=121.333336, y[0]=202.66667, toolType[0]=TOOL_TYPE_UNKNOWN, buttonState=0, metaState=0, flags=0x0, edgeFlags=0x0, pointerCount=1, historySize=0, eventTime=185796, downTime=185789, deviceId=0, source=0x1002 }
D/InputEventConsistencyVerifier(  962):   4: sent at 185789000000, MotionEvent { action=ACTION_DOWN, id[0]=0, x[0]=120.0, y[0]=206.0, toolType[0]=TOOL_TYPE_UNKNOWN, buttonState=0, metaState=0, flags=0x0, edgeFlags=0x0, pointerCount=1, historySize=0, eventTime=185789, downTime=185789, deviceId=0, source=0x1002 }
D/InputEventConsistencyVerifier(  962):   5: sent at 185680000000, (unhandled) KeyEvent { action=ACTION_UP, keyCode=KEYCODE_MANNER_MODE, scanCode=0, metaState=0, flags=0x8, repeatCount=0, eventTime=185680, downTime=185680, deviceId=-1, source=0x101 }
I/System.out(  962): downCol=1downRow=2
I/System.out(  962): currCol=1currRow=2
E/WVMExtractor(   62): Failed to open libwvm.so
D/InputEventConsistencyVerifier(  962): TrackballEvent: Trackball is down but pressure is not greater than 0.
D/InputEventConsistencyVerifier(  962):   in android.view.ViewRootImpl@b3e627e8
D/InputEventConsistencyVerifier(  962):   0: sent at 186446000000, MotionEvent { action=ACTION_DOWN, id[0]=0, x[0]=0.0, y[0]=0.0, toolType[0]=TOOL_TYPE_UNKNOWN, buttonState=0, metaState=0, flags=0x0, edgeFlags=0x0, pointerCount=1, historySize=0, eventTime=186446, downTime=186406, deviceId=0, source=0x10004 }
D/InputEventConsistencyVerifier(  962):   -- recent events --
D/InputEventConsistencyVerifier(  962):   1: sent at 186442000000, MotionEvent { action=ACTION_MOVE, id[0]=0, x[0]=-2.0, y[0]=4.0, toolType[0]=TOOL_TYPE_UNKNOWN, buttonState=0, metaState=0, flags=0x0, edgeFlags=0x0, pointerCount=1, historySize=9, eventTime=186442, downTime=-1, deviceId=0, source=0x10004 }
D/InputEventConsistencyVerifier(  962):   2: sent at 186308000000, KeyEvent { action=ACTION_UP, keyCode=KEYCODE_SCROLL_LOCK, scanCode=0, metaState=0, flags=0x8, repeatCount=0, eventTime=186308, downTime=186308, deviceId=-1, source=0x101 }
D/InputEventConsistencyVerifier(  962):   3: sent at 186093000000, KeyEvent { action=ACTION_DOWN, keyCode=KEYCODE_SCROLL_LOCK, scanCode=0, metaState=0, flags=0x8, repeatCount=0, eventTime=186093, downTime=186093, deviceId=-1, source=0x101 }
D/InputEventConsistencyVerifier(  962):   4: sent at 186088000000, MotionEvent { action=ACTION_UP, id[0]=0, x[0]=354.0, y[0]=468.0, toolType[0]=TOOL_TYPE_UNKNOWN, buttonState=0, metaState=0, flags=0x0, edgeFlags=0x0, pointerCount=1, historySize=0, eventTime=186088, downTime=186045, deviceId=0, source=0x1002 }
D/InputEventConsistencyVerifier(  962):   5: sent at 186085000000, MotionEvent { action=ACTION_MOVE, id[0]=0, x[0]=355.0, y[0]=465.0, toolType[0]=TOOL_TYPE_UNKNOWN, buttonState=0, metaState=0, flags=0x0, edgeFlags=0x0, pointerCount=1, historySize=2, eventTime=186085, downTime=186045, deviceId=0, source=0x1002 }
I/System.out(  962): 6
I/System.out(  962): 1
I/System.out(  962): 8
I/System.out(  962): 2
I/System.out(  962): 5
I/System.out(  962): 3
I/System.out(  962): 7
I/System.out(  962): 0
I/System.out(  962): 4
D/InputEventConsistencyVerifier(  962): KeyEvent: ACTION_UP but key was not down.
D/InputEventConsistencyVerifier(  962):   in com.android.internal.policy.impl.PhoneWindow$DecorView@b3e76ce0
D/InputEventConsistencyVerifier(  962):   0: sent at 186505000000, KeyEvent { action=ACTION_UP, keyCode=KEYCODE_DPAD_DOWN, scanCode=0, metaState=0, flags=0x400, repeatCount=0, eventTime=186505, downTime=186505, deviceId=-1, source=0x101 }
D/InputEventConsistencyVerifier(  962):   -- recent events --
D/InputEventConsistencyVerifier(  962):   1: sent at 186477000000, MotionEvent { action=ACTION_UP, id[0]=0, x[0]=232.0, y[0]=169.33334, toolType[0]=TOOL_TYPE_UNKNOWN, buttonState=0, metaState=0, flags=0x0, edgeFlags=0x0, pointerCount=1, historySize=0, eventTime=186477, downTime=186454, deviceId=0, source=0x1002 }
D/InputEventConsistencyVerifier(  962):   2: sent at 186454000000, MotionEvent { action=ACTION_DOWN, id[0]=0, x[0]=240.66667, y[0]=168.66667, toolType[0]=TOOL_TYPE_UNKNOWN, buttonState=0, metaState=0, flags=0x0, edgeFlags=0x0, pointerCount=1, historySize=0, eventTime=186454, downTime=186454, deviceId=0, source=0x1002 }
D/InputEventConsistencyVerifier(  962):   3: sent at 186448000000, (unhandled) MotionEvent { action=ACTION_UP, id[0]=0, x[0]=0.0, y[0]=0.0, toolType[0]=TOOL_TYPE_UNKNOWN, buttonState=0, metaState=0, flags=0x0, edgeFlags=0x0, pointerCount=1, historySize=0, eventTime=186448, downTime=186406, deviceId=0, source=0x10004 }
D/InputEventConsistencyVerifier(  962):   4: sent at 186446000000, (unhandled) MotionEvent { action=ACTION_DOWN, id[0]=0, x[0]=0.0, y[0]=0.0, toolType[0]=TOOL_TYPE_UNKNOWN, buttonState=0, metaState=0, flags=0x80000000, edgeFlags=0x0, pointerCount=1, historySize=0, eventTime=186446, downTime=186406, deviceId=0, source=0x10004 }
D/InputEventConsistencyVerifier(  962):   5: sent at 186442000000, (unhandled) MotionEvent { action=ACTION_MOVE, id[0]=0, x[0]=-2.0, y[0]=4.0, toolType[0]=TOOL_TYPE_UNKNOWN, buttonState=0, metaState=0, flags=0x0, edgeFlags=0x0, pointerCount=1, historySize=9, eventTime=186442, downTime=-1, deviceId=0, source=0x10004 }
W/dalvikvm(  227): DroidBox: { "FdAccess": { "path": "2f70726f632f3232372f6e65742f78745f717461677569642f69666163655f737461745f616c6c", "id": "1708093843" } }
W/DroidBox(  227): DroidBox: { "FileRW": { "operation": "read", "data": "6c6f20312030203020302030203234323420333720323432342033370a6574683020312030203020302030203132353731343920333533382035393332373920323834390a00000000000000000000000000000000000000000000000000000000000000", "id": "1708093843" } }
W/dalvikvm(  227): DroidBox: { "FdAccess": { "path": "2f70726f632f3232372f6e65742f78745f717461677569642f69666163655f737461745f616c6c", "id": "871727981" } }
W/DroidBox(  227): DroidBox: { "FileRW": { "operation": "read", "data": "323834390a3920323834390a323834390a373920323834390a390a390a390a390a390a323834390a34390a323834390a34390a323834390a390a390a390a390a390a34390a00000000000000000000000000000000000000000000000000000000000000", "id": "871727981" } }
W/ThrottleService(  227): unable to find stats for iface rmnet0
E/ThrottleService(  227): Error reading data file
E/WVMExtractor(   62): Failed to open libwvm.so
D/InputEventConsistencyVerifier(  962): KeyEvent: ACTION_UP but key was not down.
D/InputEventConsistencyVerifier(  962):   in android.widget.RelativeLayout@b3e80a30
D/InputEventConsistencyVerifier(  962):   0: sent at 186507000000, KeyEvent { action=ACTION_UP, keyCode=KEYCODE_DPAD_DOWN, scanCode=0, metaState=0, flags=0x400, repeatCount=0, eventTime=186507, downTime=186507, deviceId=-1, source=0x101 }
D/InputEventConsistencyVerifier(  962):   -- recent events --
D/InputEventConsistencyVerifier(  962):   1: sent at 186477000000, MotionEvent { action=ACTION_UP, id[0]=0, x[0]=232.0, y[0]=119.33334, toolType[0]=TOOL_TYPE_UNKNOWN, buttonState=0, metaState=0, flags=0x0, edgeFlags=0x0, pointerCount=1, historySize=0, eventTime=186477, downTime=186454, deviceId=0, source=0x1002 }
D/InputEventConsistencyVerifier(  962):   2: sent at 186454000000, MotionEvent { action=ACTION_DOWN, id[0]=0, x[0]=240.66667, y[0]=118.66667, toolType[0]=TOOL_TYPE_UNKNOWN, buttonState=0, metaState=0, flags=0x0, edgeFlags=0x0, pointerCount=1, historySize=0, eventTime=186454, downTime=186454, deviceId=0, source=0x1002 }
D/InputEventConsistencyVerifier(  962):   3: sent at 185575000000, (unhandled) MotionEvent { action=ACTION_DOWN, id[0]=0, x[0]=310.0, y[0]=102.0, toolType[0]=TOOL_TYPE_UNKNOWN, buttonState=0, metaState=0, flags=0x0, edgeFlags=0x0, pointerCount=1, historySize=0, eventTime=185575, downTime=185575, deviceId=0, source=0x1002 }
D/InputEventConsistencyVerifier(  962):   4: sent at 185552000000, (unhandled) MotionEvent { action=ACTION_DOWN, id[0]=0, x[0]=120.66667, y[0]=66.0, toolType[0]=TOOL_TYPE_UNKNOWN, buttonState=0, metaState=0, flags=0x0, edgeFlags=0x0, pointerCount=1, historySize=0, eventTime=185552, downTime=185547, deviceId=0, source=0x1002 }
D/InputEventConsistencyVerifier(  962):   5: sent at 183717000000, (unhandled) KeyEvent { action=ACTION_UP, keyCode=KEYCODE_DPAD_RIGHT, scanCode=0, metaState=0, flags=0x400, repeatCount=0, eventTime=183717, downTime=183717, deviceId=-1, source=0x101 }
I/System.out(  962): 6
I/System.out(  962): 1
I/System.out(  962): 3
I/System.out(  962): 8
I/System.out(  962): 4
I/System.out(  962): 5
I/System.out(  962): 2
I/System.out(  962): 0
I/System.out(  962): 7
W/BackupManagerService(  227): dataChanged but no participant pkg='com.android.providers.settings' uid=10011
E/WVMExtractor(   62): Failed to open libwvm.so
D/InputEventConsistencyVerifier(  962): KeyEvent: ACTION_UP but key was not down.
D/InputEventConsistencyVerifier(  962):   in com.android.internal.policy.impl.PhoneWindow$DecorView@b3e76ce0
D/InputEventConsistencyVerifier(  962):   0: sent at 187818000000, KeyEvent { action=ACTION_UP, keyCode=KEYCODE_DPAD_LEFT, scanCode=0, metaState=0, flags=0x8, repeatCount=0, eventTime=187818, downTime=187818, deviceId=-1, source=0x101 }
D/InputEventConsistencyVerifier(  962):   -- recent events --
