D/InputEventConsistencyVerifier( 1104):   1: sent at 196425000000, MotionEvent { action=ACTION_UP, id[0]=0, x[0]=427.0, y[0]=270.0, toolType[0]=TOOL_TYPE_UNKNOWN, buttonState=0, metaState=0, flags=0x0, edgeFlags=0x0, pointerCount=1, historySize=0, eventTime=196425, downTime=196420, deviceId=0, source=0x1002 }
D/InputEventConsistencyVerifier( 1104):   2: sent at 196421000000, MotionEvent { action=ACTION_DOWN, id[0]=0, x[0]=423.0, y[0]=272.0, toolType[0]=TOOL_TYPE_UNKNOWN, buttonState=0, metaState=0, flags=0x0, edgeFlags=0x0, pointerCount=1, historySize=0, eventTime=196421, downTime=196420, deviceId=0, source=0x1002 }
D/InputEventConsistencyVerifier( 1104):   3: sent at 196413000000, (unhandled) KeyEvent { action=ACTION_UP, keyCode=KEYCODE_DPAD_UP, scanCode=0, metaState=0, flags=0x80000008, repeatCount=0, eventTime=196413, downTime=196413, deviceId=-1, source=0x101 }
D/InputEventConsistencyVerifier( 1104):   4: sent at 194726000000, (unhandled) KeyEvent { action=ACTION_UP, keyCode=KEYCODE_MENU, scanCode=0, metaState=0, flags=0x8, repeatCount=0, eventTime=194726, downTime=194726, deviceId=-1, source=0x101 }
D/InputEventConsistencyVerifier( 1104):   5: sent at 194512000000, (unhandled) KeyEvent { action=ACTION_DOWN, keyCode=KEYCODE_MENU, scanCode=0, metaState=0, flags=0x8, repeatCount=0, eventTime=194512, downTime=194512, deviceId=-1, source=0x101 }
D/InputEventConsistencyVerifier(  472): TouchEvent: ACTION_DOWN but pointers are already down.  Probably missing ACTION_UP from previous gesture.
D/InputEventConsistencyVerifier(  472):   in android.view.ScaleGestureDetector@b3e851c0
D/InputEventConsistencyVerifier(  472):   0: sent at 197032000000, MotionEvent { action=ACTION_DOWN, id[0]=0, x[0]=437.0, y[0]=19.0, toolType[0]=TOOL_TYPE_UNKNOWN, buttonState=0, metaState=0, flags=0x0, edgeFlags=0x0, pointerCount=1, historySize=0, eventTime=197032, downTime=197032, deviceId=0, source=0x1002 }
D/InputEventConsistencyVerifier(  472):   -- recent events --
D/InputEventConsistencyVerifier(  472):   1: sent at 190941000000, MotionEvent { action=ACTION_DOWN, id[0]=0, x[0]=9.0, y[0]=725.0, toolType[0]=TOOL_TYPE_UNKNOWN, buttonState=0, metaState=0, flags=0x0, edgeFlags=0x0, pointerCount=1, historySize=0, eventTime=190941, downTime=190941, deviceId=0, source=0x1002 }
D/InputEventConsistencyVerifier(  472):   2: sent at 190256000000, MotionEvent { action=ACTION_UP, id[0]=0, x[0]=86.0, y[0]=5.0, toolType[0]=TOOL_TYPE_UNKNOWN, buttonState=0, metaState=0, flags=0x0, edgeFlags=0x0, pointerCount=1, historySize=0, eventTime=190256, downTime=190208, deviceId=0, source=0x1002 }
D/InputEventConsistencyVerifier(  472):   3: sent at 190208000000, MotionEvent { action=ACTION_DOWN, id[0]=0, x[0]=78.0, y[0]=13.0, toolType[0]=TOOL_TYPE_UNKNOWN, buttonState=0, metaState=0, flags=0x80000000, edgeFlags=0x0, pointerCount=1, historySize=0, eventTime=190208, downTime=190208, deviceId=0, source=0x1002 }
D/InputEventConsistencyVerifier(  472):   4: sent at 153243000000, MotionEvent { action=ACTION_DOWN, id[0]=0, x[0]=280.0, y[0]=321.0, toolType[0]=TOOL_TYPE_UNKNOWN, buttonState=0, metaState=0, flags=0x0, edgeFlags=0x0, pointerCount=1, historySize=0, eventTime=153243, downTime=153219, deviceId=0, source=0x1002 }
D/InputEventConsistencyVerifier(  472):   5: sent at 153213000000, MotionEvent { action=ACTION_UP, id[0]=0, x[0]=376.0, y[0]=48.0, toolType[0]=TOOL_TYPE_UNKNOWN, buttonState=0, metaState=0, flags=0x0, edgeFlags=0x0, pointerCount=1, historySize=0, eventTime=153213, downTime=153090, deviceId=0, source=0x1002 }
W/dalvikvm(  472): DroidBox: { "FdAccess": { "path": "2f70726f632f6d656d696e666f", "id": "1962417585" } }
W/DroidBox(  472): DroidBox: { "FileRW": { "operation": "read", "data": "4d656d546f74616c3a202020202020202020373438393634206b420a4d656d467265653a20202020202020202020343433343238206b420a427566666572733a20202020202020202020202035353732206b420a4361636865643a202020202020202020", "id": "1962417585" } }
I/Choreographer(  472): Skipped 68 frames!  The application may be doing too much work on its main thread.
D/InputEventConsistencyVerifier(  472): TouchEvent: ACTION_DOWN but pointers are already down.  Probably missing ACTION_UP from previous gesture.
D/InputEventConsistencyVerifier(  472):   in android.view.ScaleGestureDetector@b3e851c0
D/InputEventConsistencyVerifier(  472):   0: sent at 197504000000, MotionEvent { action=ACTION_DOWN, id[0]=0, x[0]=442.0, y[0]=618.0, toolType[0]=TOOL_TYPE_UNKNOWN, buttonState=0, metaState=0, flags=0x0, edgeFlags=0x0, pointerCount=1, historySize=0, eventTime=197504, downTime=197504, deviceId=0, source=0x1002 }
D/InputEventConsistencyVerifier(  472):   -- recent events --
D/InputEventConsistencyVerifier(  472):   1: sent at 197479000000, MotionEvent { action=ACTION_DOWN, id[0]=0, x[0]=402.0, y[0]=181.0, toolType[0]=TOOL_TYPE_UNKNOWN, buttonState=0, metaState=0, flags=0x0, edgeFlags=0x0, pointerCount=1, historySize=0, eventTime=197479, downTime=197478, deviceId=0, source=0x1002 }
D/InputEventConsistencyVerifier(  472):   2: sent at 197051000000, MotionEvent { action=ACTION_UP, id[0]=0, x[0]=436.0, y[0]=19.0, toolType[0]=TOOL_TYPE_UNKNOWN, buttonState=0, metaState=0, flags=0x0, edgeFlags=0x0, pointerCount=1, historySize=0, eventTime=197051, downTime=197032, deviceId=0, source=0x1002 }
D/InputEventConsistencyVerifier(  472):   3: sent at 197032000000, MotionEvent { action=ACTION_DOWN, id[0]=0, x[0]=437.0, y[0]=19.0, toolType[0]=TOOL_TYPE_UNKNOWN, buttonState=0, metaState=0, flags=0x80000000, edgeFlags=0x0, pointerCount=1, historySize=0, eventTime=197032, downTime=197032, deviceId=0, source=0x1002 }
D/InputEventConsistencyVerifier(  472):   4: sent at 190941000000, MotionEvent { action=ACTION_DOWN, id[0]=0, x[0]=9.0, y[0]=725.0, toolType[0]=TOOL_TYPE_UNKNOWN, buttonState=0, metaState=0, flags=0x0, edgeFlags=0x0, pointerCount=1, historySize=0, eventTime=190941, downTime=190941, deviceId=0, source=0x1002 }
D/InputEventConsistencyVerifier(  472):   5: sent at 190256000000, MotionEvent { action=ACTION_UP, id[0]=0, x[0]=86.0, y[0]=5.0, toolType[0]=TOOL_TYPE_UNKNOWN, buttonState=0, metaState=0, flags=0x0, edgeFlags=0x0, pointerCount=1, historySize=0, eventTime=190256, downTime=190208, deviceId=0, source=0x1002 }
V/PhoneStatusBar(  472): setLightsOn(true)
D/PhoneStatusBar(  472): disable: < expand icons alerts TICKER* system_info back home recent clock >
I/ActivityManager(  224): START {act=android.intent.action.MAIN cat=[android.intent.category.LAUNCHER] flg=0x10000000 cmp=com.android.calendar/.AllInOneActivity sel={act=android.intent.action.MAIN cat=[android.intent.category.APP_CALENDAR]} u=0} from pid 224
W/dalvikvm(  472): DroidBox: { "FdAccess": { "path": "2f70726f632f6d656d696e666f", "id": "1555093920" } }
W/DroidBox(  472): DroidBox: { "FileRW": { "operation": "read", "data": "4d656d546f74616c3a202020202020202020373438393634206b420a4d656d467265653a20202020202020202020343433343238206b420a427566666572733a20202020202020202020202035353732206b420a4361636865643a202020202020202020", "id": "1555093920" } }
I/Choreographer(  224): Skipped 31 frames!  The application may be doing too much work on its main thread.
D/InputEventConsistencyVerifier(  472): KeyEvent: ACTION_UP but key was not down.
D/InputEventConsistencyVerifier(  472):   in android.view.ViewRootImpl@b3e0f820
D/InputEventConsistencyVerifier(  472):   0: sent at 197727000000, KeyEvent { action=ACTION_UP, keyCode=KEYCODE_CALENDAR, scanCode=0, metaState=0, flags=0x8, repeatCount=0, eventTime=197727, downTime=197727, deviceId=-1, source=0x101 }
D/InputEventConsistencyVerifier(  472):   -- recent events --
D/InputEventConsistencyVerifier(  472):   1: sent at 197622000000, KeyEvent { action=ACTION_UP, keyCode=KEYCODE_NUMPAD_MULTIPLY, scanCode=0, metaState=0, flags=0x8, repeatCount=0, eventTime=197622, downTime=197622, deviceId=-1, source=0x101 }
D/InputEventConsistencyVerifier(  472):   2: sent at 197530000000, KeyEvent { action=ACTION_DOWN, keyCode=KEYCODE_NUMPAD_MULTIPLY, scanCode=0, metaState=0, flags=0x8, repeatCount=0, eventTime=197530, downTime=197530, deviceId=-1, source=0x101 }
D/InputEventConsistencyVerifier(  472):   3: sent at 197525000000, MotionEvent { action=ACTION_UP, id[0]=0, x[0]=454.0, y[0]=618.0, toolType[0]=TOOL_TYPE_UNKNOWN, buttonState=0, metaState=0, flags=0x0, edgeFlags=0x0, pointerCount=1, historySize=0, eventTime=197525, downTime=197504, deviceId=0, source=0x1002 }
D/InputEventConsistencyVerifier(  472):   4: sent at 197504000000, MotionEvent { action=ACTION_DOWN, id[0]=0, x[0]=442.0, y[0]=618.0, toolType[0]=TOOL_TYPE_UNKNOWN, buttonState=0, metaState=0, flags=0x0, edgeFlags=0x0, pointerCount=1, historySize=0, eventTime=197504, downTime=197504, deviceId=0, source=0x1002 }
D/InputEventConsistencyVerifier(  472):   5: sent at 197496000000, MotionEvent { action=ACTION_UP, id[0]=0, x[0]=385.0, y[0]=166.0, toolType[0]=TOOL_TYPE_UNKNOWN, buttonState=0, metaState=0, flags=0x0, edgeFlags=0x0, pointerCount=1, historySize=0, eventTime=197496, downTime=197478, deviceId=0, source=0x1002 }
I/Choreographer(  472): Skipped 37 frames!  The application may be doing too much work on its main thread.
V/PhoneStatusBar(  472): setLightsOn(true)
D/PhoneStatusBar(  472): disable: < expand icons alerts ticker* system_info back home recent clock >
D/InputEventConsistencyVerifier( 1104): KeyEvent: ACTION_UP but key was not down.
D/InputEventConsistencyVerifier( 1104):   in android.view.ViewRootImpl@b3e10ed0
D/InputEventConsistencyVerifier( 1104):   0: sent at 197920000000, KeyEvent { action=ACTION_UP, keyCode=KEYCODE_DPAD_UP, scanCode=0, metaState=0, flags=0x8, repeatCount=0, eventTime=197920, downTime=197920, deviceId=-1, source=0x101 }
D/InputEventConsistencyVerifier( 1104):   -- recent events --
D/InputEventConsistencyVerifier( 1104):   1: sent at 196982000000, KeyEvent { action=ACTION_UP, keyCode=KEYCODE_MENU, scanCode=0, metaState=0, flags=0x8, repeatCount=0, eventTime=196982, downTime=196982, deviceId=-1, source=0x101 }
D/InputEventConsistencyVerifier( 1104):   2: sent at 196835000000, KeyEvent { action=ACTION_DOWN, keyCode=KEYCODE_MENU, scanCode=0, metaState=0, flags=0x8, repeatCount=0, eventTime=196835, downTime=196835, deviceId=-1, source=0x101 }
D/InputEventConsistencyVerifier( 1104):   3: sent at 196606000000, KeyEvent { action=ACTION_UP, keyCode=KEYCODE_DPAD_CENTER, scanCode=0, metaState=0, flags=0x8, repeatCount=0, eventTime=196606, downTime=196606, deviceId=-1, source=0x101 }
D/InputEventConsistencyVerifier( 1104):   4: sent at 196430000000, KeyEvent { action=ACTION_DOWN, keyCode=KEYCODE_DPAD_CENTER, scanCode=0, metaState=0, flags=0x8, repeatCount=0, eventTime=196430, downTime=196430, deviceId=-1, source=0x101 }
D/InputEventConsistencyVerifier( 1104):   5: sent at 196425000000, MotionEvent { action=ACTION_UP, id[0]=0, x[0]=427.0, y[0]=270.0, toolType[0]=TOOL_TYPE_UNKNOWN, buttonState=0, metaState=0, flags=0x0, edgeFlags=0x0, pointerCount=1, historySize=0, eventTime=196425, downTime=196420, deviceId=0, source=0x1002 }
W/InputMethodManagerService(  224): Window already focused, ignoring focus gain of: com.android.internal.view.IInputMethodClient$Stub$Proxy@b40ed9f0 attribute=null
E/WVMExtractor(   64): Failed to open libwvm.so
I/ActivityManager(  224): START {act=android.intent.action.MAIN cat=[android.intent.category.LAUNCHER] flg=0x10200000 cmp=fhvm.vnnej/.JKldv u=0} from pid 1086
D/InputEventConsistencyVerifier( 1104): KeyEvent: ACTION_UP but key was not down.
D/InputEventConsistencyVerifier( 1104):   in android.widget.ScrollView@b3fc0cb8
D/InputEventConsistencyVerifier( 1104):   0: sent at 198280000000, KeyEvent { action=ACTION_UP, keyCode=KEYCODE_DPAD_UP, scanCode=0, metaState=0, flags=0x8, repeatCount=0, eventTime=198280, downTime=198280, deviceId=-1, source=0x101 }
D/InputEventConsistencyVerifier( 1104):   -- recent events --
D/InputEventConsistencyVerifier( 1104):   1: sent at 198134000000, (unhandled) KeyEvent { action=ACTION_DOWN, keyCode=KEYCODE_DPAD_DOWN, scanCode=0, metaState=0, flags=0x8, repeatCount=0, eventTime=198134, downTime=198134, deviceId=-1, source=0x101 }
D/InputEventConsistencyVerifier( 1104):   2: sent at 198093000000, (unhandled) KeyEvent { action=ACTION_UP, keyCode=KEYCODE_K, scanCode=0, metaState=0, flags=0x8, repeatCount=0, eventTime=198093, downTime=198093, deviceId=-1, source=0x101 }
D/InputEventConsistencyVerifier( 1104):   3: sent at 197954000000, (unhandled) KeyEvent { action=ACTION_DOWN, keyCode=KEYCODE_K, scanCode=0, metaState=0, flags=0x8, repeatCount=0, eventTime=197954, downTime=197954, deviceId=-1, source=0x101 }
D/InputEventConsistencyVerifier( 1104):   4: sent at 197920000000, (unhandled) KeyEvent { action=ACTION_UP, keyCode=KEYCODE_DPAD_UP, scanCode=0, metaState=0, flags=0x80000008, repeatCount=0, eventTime=197920, downTime=197920, deviceId=-1, source=0x101 }
D/InputEventConsistencyVerifier( 1104):   5: sent at 196982000000, (unhandled) KeyEvent { action=ACTION_UP, keyCode=KEYCODE_MENU, scanCode=0, metaState=0, flags=0x8, repeatCount=0, eventTime=196982, downTime=196982, deviceId=-1, source=0x101 }
D/InputEventConsistencyVerifier( 1104): KeyEvent: ACTION_UP but key was not down.
D/InputEventConsistencyVerifier( 1104):   in com.android.internal.policy.impl.PhoneWindow$DecorView@b3e11390
D/InputEventConsistencyVerifier( 1104):   0: sent at 198492000000, KeyEvent { action=ACTION_UP, keyCode=KEYCODE_DPAD_DOWN, scanCode=0, metaState=0, flags=0x8, repeatCount=0, eventTime=198492, downTime=198492, deviceId=-1, source=0x101 }
D/InputEventConsistencyVerifier( 1104):   -- recent events --
D/InputEventConsistencyVerifier( 1104):   1: sent at 198343000000, MotionEvent { action=ACTION_UP, id[0]=0, x[0]=362.0, y[0]=551.0, toolType[0]=TOOL_TYPE_UNKNOWN, buttonState=0, metaState=0, flags=0x0, edgeFlags=0x0, pointerCount=1, historySize=0, eventTime=198343, downTime=198334, deviceId=0, source=0x1002 }
D/InputEventConsistencyVerifier( 1104):   2: sent at 198334000000, MotionEvent { action=ACTION_DOWN, id[0]=0, x[0]=383.0, y[0]=555.0, toolType[0]=TOOL_TYPE_UNKNOWN, buttonState=0, metaState=0, flags=0x0, edgeFlags=0x0, pointerCount=1, historySize=0, eventTime=198334, downTime=198334, deviceId=0, source=0x1002 }
D/InputEventConsistencyVerifier( 1104):   3: sent at 198280000000, (unhandled) KeyEvent { action=ACTION_UP, keyCode=KEYCODE_DPAD_UP, scanCode=0, metaState=0, flags=0x8, repeatCount=0, eventTime=198280, downTime=198280, deviceId=-1, source=0x101 }
D/InputEventConsistencyVerifier( 1104):   4: sent at 198270000000, (unhandled) KeyEvent { action=ACTION_DOWN, keyCode=KEYCODE_DPAD_UP, scanCode=0, metaState=0, flags=0x8, repeatCount=0, eventTime=198270, downTime=198270, deviceId=-1, source=0x101 }
D/InputEventConsistencyVerifier( 1104):   5: sent at 198246000000, (unhandled) KeyEvent { action=ACTION_UP, keyCode=KEYCODE_DPAD_DOWN, scanCode=0, metaState=0, flags=0x8, repeatCount=0, eventTime=198246, downTime=198246, deviceId=-1, source=0x101 }
E/WVMExtractor(   64): Failed to open libwvm.so
I/Choreographer( 1104): Skipped 37 frames!  The application may be doing too much work on its main thread.
E/WVMExtractor(   64): Failed to open libwvm.so
D/InputEventConsistencyVerifier( 1104): TrackballEvent: Trackball is down but pressure is not greater than 0.
D/InputEventConsistencyVerifier( 1104):   in android.view.ViewRootImpl@b3f9d110
D/InputEventConsistencyVerifier( 1104):   0: sent at 199014000000, MotionEvent { action=ACTION_DOWN, id[0]=0, x[0]=0.0, y[0]=0.0, toolType[0]=TOOL_TYPE_UNKNOWN, buttonState=0, metaState=0, flags=0x0, edgeFlags=0x0, pointerCount=1, historySize=0, eventTime=199014, downTime=198968, deviceId=0, source=0x10004 }
D/InputEventConsistencyVerifier( 1104):   -- recent events --
D/InputEventConsistencyVerifier( 1104):   1: sent at 199133000000, KeyEvent { action=ACTION_UP, keyCode=KEYCODE_DPAD_DOWN, scanCode=0, metaState=0, flags=0x400, repeatCount=0, eventTime=199133, downTime=199133, deviceId=-1, source=0x101 }
D/InputEventConsistencyVerifier( 1104):   2: sent at 199133000000, KeyEvent { action=ACTION_DOWN, keyCode=KEYCODE_DPAD_DOWN, scanCode=0, metaState=0, flags=0x400, repeatCount=0, eventTime=199133, downTime=199133, deviceId=-1, source=0x101 }
D/InputEventConsistencyVerifier( 1104):   3: sent at 199132000000, KeyEvent { action=ACTION_UP, keyCode=KEYCODE_DPAD_DOWN, scanCode=0, metaState=0, flags=0x400, repeatCount=0, eventTime=199132, downTime=199132, deviceId=-1, source=0x101 }
D/InputEventConsistencyVerifier( 1104):   4: sent at 199132000000, KeyEvent { action=ACTION_DOWN, keyCode=KEYCODE_DPAD_DOWN, scanCode=0, metaState=0, flags=0x400, repeatCount=0, eventTime=199132, downTime=199132, deviceId=-1, source=0x101 }
D/InputEventConsistencyVerifier( 1104):   5: sent at 199012000000, MotionEvent { action=ACTION_MOVE, id[0]=0, x[0]=-2.0, y[0]=2.0, toolType[0]=TOOL_TYPE_UNKNOWN, buttonState=0, metaState=0, flags=0x0, edgeFlags=0x0, pointerCount=1, historySize=9, eventTime=199012, downTime=-1, deviceId=0, source=0x10004 }
I/Choreographer( 1104): Skipped 93 frames!  The application may be doing too much work on its main thread.
I/Choreographer( 1104): Skipped 45 frames!  The application may be doing too much work on its main thread.
W/InputMethodManagerService(  224): Window already focused, ignoring focus gain of: com.android.internal.view.IInputMethodClient$Stub$Proxy@b3f41a18 attribute=null
D/InputEventConsistencyVerifier( 1104): KeyEvent: ACTION_UP but key was not down.
D/InputEventConsistencyVerifier( 1104):   in com.android.internal.policy.impl.PhoneWindow$DecorView@b3e11390
D/InputEventConsistencyVerifier( 1104):   0: sent at 198918000000, KeyEvent { action=ACTION_UP, keyCode=KEYCODE_DPAD_RIGHT, scanCode=0, metaState=0, flags=0x400, repeatCount=0, eventTime=198918, downTime=198918, deviceId=-1, source=0x101 }
D/InputEventConsistencyVerifier( 1104):   -- recent events --
D/InputEventConsistencyVerifier( 1104):   1: sent at 198746000000, (unhandled) MotionEvent { action=ACTION_MOVE, id[0]=0, x[0]=3.0, y[0]=2.0, toolType[0]=TOOL_TYPE_UNKNOWN, buttonState=0, metaState=0, flags=0x0, edgeFlags=0x0, pointerCount=1, historySize=9, eventTime=198746, downTime=-1, deviceId=0, source=0x10004 }
D/InputEventConsistencyVerifier( 1104):   2: sent at 198890000000, MotionEvent { action=ACTION_DOWN, id[0]=0, x[0]=297.0, y[0]=375.0, toolType[0]=TOOL_TYPE_UNKNOWN, buttonState=0, metaState=0, flags=0x0, edgeFlags=0x0, pointerCount=1, historySize=0, eventTime=198890, downTime=198889, deviceId=0, source=0x1002 }
D/InputEventConsistencyVerifier( 1104):   3: sent at 198641000000, (unhandled) KeyEvent { action=ACTION_UP, keyCode=KEYCODE_MENU, scanCode=0, metaState=0, flags=0x8, repeatCount=0, eventTime=198641, downTime=198641, deviceId=-1, source=0x101 }
D/InputEventConsistencyVerifier( 1104):   4: sent at 198570000000, (unhandled) KeyEvent { action=ACTION_DOWN, keyCode=KEYCODE_MENU, scanCode=0, metaState=0, flags=0x8, repeatCount=0, eventTime=198570, downTime=198570, deviceId=-1, source=0x101 }
D/InputEventConsistencyVerifier( 1104):   5: sent at 198492000000, (unhandled) KeyEvent { action=ACTION_UP, keyCode=KEYCODE_DPAD_DOWN, scanCode=0, metaState=0, flags=0x80000008, repeatCount=0, eventTime=198492, downTime=198492, deviceId=-1, source=0x101 }
E/WVMExtractor(   64): Failed to open libwvm.so
I/Choreographer( 1104): Skipped 49 frames!  The application may be doing too much work on its main thread.
E/WVMExtractor(   64): Failed to open libwvm.so
E/WVMExtractor(   64): Failed to open libwvm.so
E/WVMExtractor(   64): Failed to open libwvm.so
D/InputEventConsistencyVerifier( 1104): KeyEvent: ACTION_UP but key was not down.
D/InputEventConsistencyVerifier( 1104):   in android.view.ViewRootImpl@b3e10ed0
D/InputEventConsistencyVerifier( 1104):   0: sent at 200927000000, KeyEvent { action=ACTION_UP, keyCode=KEYCODE_L, scanCode=0, metaState=0, flags=0x8, repeatCount=0, eventTime=200927, downTime=200927, deviceId=-1, source=0x101 }
D/InputEventConsistencyVerifier( 1104):   -- recent events --
D/InputEventConsistencyVerifier( 1104):   1: sent at 200469000000, KeyEvent { action=ACTION_UP, keyCode=KEYCODE_MENU, scanCode=0, metaState=0, flags=0x8, repeatCount=0, eventTime=200469, downTime=200469, deviceId=-1, source=0x101 }
D/InputEventConsistencyVerifier( 1104):   2: sent at 200216000000, KeyEvent { action=ACTION_DOWN, keyCode=KEYCODE_MENU, scanCode=0, metaState=0, flags=0x8, repeatCount=0, eventTime=200216, downTime=200216, deviceId=-1, source=0x101 }
D/InputEventConsistencyVerifier( 1104):   3: sent at 200210000000, MotionEvent { action=ACTION_MOVE, id[0]=0, x[0]=-1.0, y[0]=1.0, toolType[0]=TOOL_TYPE_UNKNOWN, buttonState=0, metaState=0, flags=0x0, edgeFlags=0x0, pointerCount=1, historySize=3, eventTime=200210, downTime=-1, deviceId=0, source=0x10004 }
D/InputEventConsistencyVerifier( 1104):   4: sent at 200192000000, KeyEvent { action=ACTION_UP, keyCode=KEYCODE_DPAD_LEFT, scanCode=0, metaState=0, flags=0x400, repeatCount=0, eventTime=200192, downTime=200192, deviceId=-1, source=0x101 }
D/InputEventConsistencyVerifier( 1104):   5: sent at 200192000000, KeyEvent { action=ACTION_DOWN, keyCode=KEYCODE_DPAD_LEFT, scanCode=0, metaState=0, flags=0x400, repeatCount=0, eventTime=200192, downTime=200192, deviceId=-1, source=0x101 }
I/Choreographer( 1104): Skipped 76 frames!  The application may be doing too much work on its main thread.
W/InputMethodManagerService(  224): Window already focused, ignoring focus gain of: com.android.internal.view.IInputMethodClient$Stub$Proxy@b3fe21d8 attribute=null
E/WVMExtractor(   64): Failed to open libwvm.so
D/InputEventConsistencyVerifier( 1104): KeyEvent: ACTION_UP but key was not down.
D/InputEventConsistencyVerifier( 1104):   in com.android.internal.policy.impl.PhoneWindow$DecorView@b3e11390
D/InputEventConsistencyVerifier( 1104):   0: sent at 201505000000, KeyEvent { action=ACTION_UP, keyCode=KEYCODE_DPAD_RIGHT, scanCode=0, metaState=0, flags=0x8, repeatCount=0, eventTime=201505, downTime=201505, deviceId=-1, source=0x101 }
D/InputEventConsistencyVerifier( 1104):   -- recent events --
D/InputEventConsistencyVerifier( 1104):   1: sent at 201457000000, MotionEvent { action=ACTION_UP, id[0]=0, x[0]=406.0, y[0]=506.0, toolType[0]=TOOL_TYPE_UNKNOWN, buttonState=0, metaState=0, flags=0x0, edgeFlags=0x0, pointerCount=1, historySize=0, eventTime=201457, downTime=201442, deviceId=0, source=0x1002 }
D/InputEventConsistencyVerifier( 1104):   2: sent at 201443000000, MotionEvent { action=ACTION_DOWN, id[0]=0, x[0]=410.0, y[0]=521.0, toolType[0]=TOOL_TYPE_UNKNOWN, buttonState=0, metaState=0, flags=0x0, edgeFlags=0x0, pointerCount=1, historySize=0, eventTime=201443, downTime=201442, deviceId=0, source=0x1002 }
D/InputEventConsistencyVerifier( 1104):   3: sent at 201407000000, MotionEvent { action=ACTION_UP, id[0]=0, x[0]=182.0, y[0]=304.0, toolType[0]=TOOL_TYPE_UNKNOWN, buttonState=0, metaState=0, flags=0x0, edgeFlags=0x0, pointerCount=1, historySize=0, eventTime=201407, downTime=201374, deviceId=0, source=0x1002 }
D/InputEventConsistencyVerifier( 1104):   4: sent at 201375000000, MotionEvent { action=ACTION_DOWN, id[0]=0, x[0]=180.0, y[0]=309.0, toolType[0]=TOOL_TYPE_UNKNOWN, buttonState=0, metaState=0, flags=0x0, edgeFlags=0x0, pointerCount=1, historySize=0, eventTime=201375, downTime=201374, deviceId=0, source=0x1002 }
D/InputEventConsistencyVerifier( 1104):   5: sent at 201312000000, (unhandled) KeyEvent { action=ACTION_UP, keyCode=KEYCODE_MANNER_MODE, scanCode=0, metaState=0, flags=0x8, repeatCount=0, eventTime=201312, downTime=201312, deviceId=-1, source=0x101 }
D/InputEventConsistencyVerifier( 1104): TrackballEvent: Trackball is down but pressure is not greater than 0.
D/InputEventConsistencyVerifier( 1104):   in android.view.ViewRootImpl@b3e10ed0
D/InputEventConsistencyVerifier( 1104):   0: sent at 201816000000, MotionEvent { action=ACTION_DOWN, id[0]=0, x[0]=0.0, y[0]=0.0, toolType[0]=TOOL_TYPE_UNKNOWN, buttonState=0, metaState=0, flags=0x0, edgeFlags=0x0, pointerCount=1, historySize=0, eventTime=201816, downTime=201762, deviceId=0, source=0x10004 }
D/InputEventConsistencyVerifier( 1104):   -- recent events --
D/InputEventConsistencyVerifier( 1104):   1: sent at 201814000000, MotionEvent { action=ACTION_MOVE, id[0]=0, x[0]=-2.0, y[0]=4.0, toolType[0]=TOOL_TYPE_UNKNOWN, buttonState=0, metaState=0, flags=0x0, edgeFlags=0x0, pointerCount=1, historySize=9, eventTime=201814, downTime=-1, deviceId=0, source=0x10004 }
D/InputEventConsistencyVerifier( 1104):   2: sent at 201688000000, KeyEvent { action=ACTION_UP, keyCode=KEYCODE_SCROLL_LOCK, scanCode=0, metaState=0, flags=0x8, repeatCount=0, eventTime=201688, downTime=201688, deviceId=-1, source=0x101 }
D/InputEventConsistencyVerifier( 1104):   3: sent at 201552000000, KeyEvent { action=ACTION_DOWN, keyCode=KEYCODE_SCROLL_LOCK, scanCode=0, metaState=0, flags=0x8, repeatCount=0, eventTime=201552, downTime=201552, deviceId=-1, source=0x101 }
D/InputEventConsistencyVerifier( 1104):   4: sent at 201547000000, MotionEvent { action=ACTION_UP, id[0]=0, x[0]=354.0, y[0]=468.0, toolType[0]=TOOL_TYPE_UNKNOWN, buttonState=0, metaState=0, flags=0x0, edgeFlags=0x0, pointerCount=1, historySize=0, eventTime=201547, downTime=201533, deviceId=0, source=0x1002 }
D/InputEventConsistencyVerifier( 1104):   5: sent at 201545000000, MotionEvent { action=ACTION_MOVE, id[0]=0, x[0]=355.0, y[0]=465.0, toolType[0]=TOOL_TYPE_UNKNOWN, buttonState=0, metaState=0, flags=0x0, edgeFlags=0x0, pointerCount=1, historySize=2, eventTime=201545, downTime=201533, deviceId=0, source=0x1002 }
E/WVMExtractor(   64): Failed to open libwvm.so
D/InputEventConsistencyVerifier( 1104): KeyEvent: ACTION_UP but key was not down.
D/InputEventConsistencyVerifier( 1104):   in com.android.internal.policy.impl.PhoneWindow$DecorView@b3e11390
D/InputEventConsistencyVerifier( 1104):   0: sent at 201905000000, KeyEvent { action=ACTION_UP, keyCode=KEYCODE_DPAD_DOWN, scanCode=0, metaState=0, flags=0x400, repeatCount=0, eventTime=201905, downTime=201905, deviceId=-1, source=0x101 }
D/InputEventConsistencyVerifier( 1104):   -- recent events --
D/InputEventConsistencyVerifier( 1104):   1: sent at 201875000000, MotionEvent { action=ACTION_DOWN, id[0]=0, x[0]=8.0, y[0]=554.0, toolType[0]=TOOL_TYPE_UNKNOWN, buttonState=0, metaState=0, flags=0x0, edgeFlags=0x0, pointerCount=1, historySize=0, eventTime=201875, downTime=201873, deviceId=0, source=0x1002 }
D/InputEventConsistencyVerifier( 1104):   2: sent at 201845000000, MotionEvent { action=ACTION_UP, id[0]=0, x[0]=348.0, y[0]=254.0, toolType[0]=TOOL_TYPE_UNKNOWN, buttonState=0, metaState=0, flags=0x0, edgeFlags=0x0, pointerCount=1, historySize=0, eventTime=201845, downTime=201837, deviceId=0, source=0x1002 }
D/InputEventConsistencyVerifier( 1104):   3: sent at 201838000000, MotionEvent { action=ACTION_DOWN, id[0]=0, x[0]=361.0, y[0]=253.0, toolType[0]=TOOL_TYPE_UNKNOWN, buttonState=0, metaState=0, flags=0x0, edgeFlags=0x0, pointerCount=1, historySize=0, eventTime=201838, downTime=201837, deviceId=0, source=0x1002 }
D/InputEventConsistencyVerifier( 1104):   4: sent at 201818000000, (unhandled) MotionEvent { action=ACTION_UP, id[0]=0, x[0]=0.0, y[0]=0.0, toolType[0]=TOOL_TYPE_UNKNOWN, buttonState=0, metaState=0, flags=0x0, edgeFlags=0x0, pointerCount=1, historySize=0, eventTime=201818, downTime=201762, deviceId=0, source=0x10004 }
D/InputEventConsistencyVerifier( 1104):   5: sent at 201816000000, (unhandled) MotionEvent { action=ACTION_DOWN, id[0]=0, x[0]=0.0, y[0]=0.0, toolType[0]=TOOL_TYPE_UNKNOWN, buttonState=0, metaState=0, flags=0x80000000, edgeFlags=0x0, pointerCount=1, historySize=0, eventTime=201816, downTime=201762, deviceId=0, source=0x10004 }
D/InputEventConsistencyVerifier( 1104): KeyEvent: ACTION_UP but key was not down.
D/InputEventConsistencyVerifier( 1104):   in android.widget.Button@b3df43c8
D/InputEventConsistencyVerifier( 1104):   0: sent at 201908000000, KeyEvent { action=ACTION_UP, keyCode=KEYCODE_DPAD_DOWN, scanCode=0, metaState=0, flags=0x400, repeatCount=0, eventTime=201908, downTime=201908, deviceId=-1, source=0x101 }
D/InputEventConsistencyVerifier( 1104):   -- recent events --
D/InputEventConsistencyVerifier( 1104):   1: sent at 198270000000, (unhandled) KeyEvent { action=ACTION_DOWN, keyCode=KEYCODE_DPAD_UP, scanCode=0, metaState=0, flags=0x8, repeatCount=0, eventTime=198270, downTime=198270, deviceId=-1, source=0x101 }
D/InputEventConsistencyVerifier( 1104):   2: sent at 198246000000, (unhandled) KeyEvent { action=ACTION_UP, keyCode=KEYCODE_DPAD_DOWN, scanCode=0, metaState=0, flags=0x8, repeatCount=0, eventTime=198246, downTime=198246, deviceId=-1, source=0x101 }
D/InputEventConsistencyVerifier( 1104):   3: sent at 194716000000, (unhandled) KeyEvent { action=ACTION_DOWN, keyCode=KEYCODE_DPAD_UP, scanCode=0, metaState=0, flags=0x400, repeatCount=0, eventTime=194716, downTime=194716, deviceId=-1, source=0x101 }
D/InputEventConsistencyVerifier( 1104):   4: sent at 194716000000, (unhandled) KeyEvent { action=ACTION_UP, keyCode=KEYCODE_DPAD_UP, scanCode=0, metaState=0, flags=0x80000400, repeatCount=0, eventTime=194716, downTime=194716, deviceId=-1, source=0x101 }
D/InputEventConsistencyVerifier( 1104):   5: sent at 193580000000, (unhandled) KeyEvent { action=ACTION_DOWN, keyCode=KEYCODE_DPAD_DOWN, scanCode=0, metaState=0, flags=0x400, repeatCount=0, eventTime=193580, downTime=193580, deviceId=-1, source=0x101 }
W/BackupManagerService(  224): dataChanged but no participant pkg='com.android.providers.settings' uid=10011
D/InputEventConsistencyVerifier( 1104): KeyEvent: ACTION_UP but key was not down.
D/InputEventConsistencyVerifier( 1104):   in android.widget.Button@b3e025e8
D/InputEventConsistencyVerifier( 1104):   0: sent at 201910000000, KeyEvent { action=ACTION_UP, keyCode=KEYCODE_DPAD_DOWN, scanCode=0, metaState=0, flags=0x400, repeatCount=0, eventTime=201910, downTime=201910, deviceId=-1, source=0x101 }
D/InputEventConsistencyVerifier( 1104):   -- recent events --
D/InputEventConsistencyVerifier( 1104):   1: sent at 194716000000, (unhandled) KeyEvent { action=ACTION_DOWN, keyCode=KEYCODE_DPAD_UP, scanCode=0, metaState=0, flags=0x400, repeatCount=0, eventTime=194716, downTime=194716, deviceId=-1, source=0x101 }
D/InputEventConsistencyVerifier( 1104):   2: sent at 194715000000, (unhandled) KeyEvent { action=ACTION_MULTIPLE, keyCode=KEYCODE_DPAD_UP, scanCode=0, metaState=0, flags=0x400, repeatCount=2, eventTime=194715, downTime=194715, deviceId=-1, source=0x101 }
D/InputEventConsistencyVerifier( 1104):   3: sent at 194501000000, MotionEvent { action=ACTION_MOVE, id[0]=0, x[0]=2.0, y[0]=-5.0, toolType[0]=TOOL_TYPE_UNKNOWN, buttonState=0, metaState=0, flags=0x0, edgeFlags=0x0, pointerCount=1, historySize=6, eventTime=194501, downTime=-1, deviceId=0, source=0x10004 }
D/InputEventConsistencyVerifier( 1104):   4: sent at 194335000000, KeyEvent { action=ACTION_UP, keyCode=KEYCODE_DPAD_CENTER, scanCode=0, metaState=0, flags=0x8, repeatCount=0, eventTime=194335, downTime=194335, deviceId=-1, source=0x101 }
D/InputEventConsistencyVerifier( 1104):   5: sent at 194466000000, MotionEvent { action=ACTION_MOVE, id[0]=0, x[0]=-1.0, y[0]=0.0, toolType[0]=TOOL_TYPE_UNKNOWN, buttonState=0, metaState=0, flags=0x0, edgeFlags=0x0, pointerCount=1, historySize=2, eventTime=194466, downTime=-1, deviceId=0, source=0x10004 }
E/WVMExtractor(   64): Failed to open libwvm.so
E/WVMExtractor(   64): Failed to open libwvm.so
E/MetadataRetrieverClient(   64): failed to extract an album art
I/Choreographer( 1104): Skipped 30 frames!  The application may be doing too much work on its main thread.
E/WVMExtractor(   64): Failed to open libwvm.so
E/WVMExtractor(   64): Failed to open libwvm.so
E/WVMExtractor(   64): Failed to open libwvm.so
E/WVMExtractor(   64): Failed to open libwvm.so
E/WVMExtractor(   64): Failed to open libwvm.so
E/WVMExtractor(   64): Failed to open libwvm.so
E/WVMExtractor(   64): Failed to open libwvm.so
E/WVMExtractor(   64): Failed to open libwvm.so
D/InputEventConsistencyVerifier( 1104): KeyEvent: ACTION_UP but key was not down.
D/InputEventConsistencyVerifier( 1104):   in android.view.ViewRootImpl@b3e10ed0
D/InputEventConsistencyVerifier( 1104):   0: sent at 206571000000, KeyEvent { action=ACTION_UP, keyCode=KEYCODE_MENU, scanCode=0, metaState=0, flags=0x8, repeatCount=0, eventTime=206571, downTime=206571, deviceId=-1, source=0x101 }
D/InputEventConsistencyVerifier( 1104):   -- recent events --
D/InputEventConsistencyVerifier( 1104):   1: sent at 205828000000, MotionEvent { action=ACTION_UP, id[0]=0, x[0]=199.0, y[0]=642.0, toolType[0]=TOOL_TYPE_UNKNOWN, buttonState=0, metaState=0, flags=0x0, edgeFlags=0x0, pointerCount=1, historySize=0, eventTime=205828, downTime=205789, deviceId=0, source=0x1002 }
D/InputEventConsistencyVerifier( 1104):   2: sent at 205825000000, MotionEvent { action=ACTION_MOVE, id[0]=0, x[0]=199.0, y[0]=635.0, toolType[0]=TOOL_TYPE_UNKNOWN, buttonState=0, metaState=0, flags=0x0, edgeFlags=0x0, pointerCount=1, historySize=0, eventTime=205825, downTime=205789, deviceId=0, source=0x1002 }
D/InputEventConsistencyVerifier( 1104):   3: sent at 205789000000, MotionEvent { action=ACTION_DOWN, id[0]=0, x[0]=199.0, y[0]=629.0, toolType[0]=TOOL_TYPE_UNKNOWN, buttonState=0, metaState=0, flags=0x0, edgeFlags=0x0, pointerCount=1, historySize=0, eventTime=205789, downTime=205789, deviceId=0, source=0x1002 }
D/InputEventConsistencyVerifier( 1104):   4: sent at 205649000000, KeyEvent { action=ACTION_UP, keyCode=KEYCODE_MENU, scanCode=0, metaState=0, flags=0x8, repeatCount=0, eventTime=205649, downTime=205649, deviceId=-1, source=0x101 }
D/InputEventConsistencyVerifier( 1104):   5: sent at 205587000000, KeyEvent { action=ACTION_DOWN, keyCode=KEYCODE_MENU, scanCode=0, metaState=0, flags=0x8, repeatCount=0, eventTime=205587, downTime=205587, deviceId=-1, source=0x101 }
I/Choreographer( 1104): Skipped 52 frames!  The application may be doing too much work on its main thread.
W/InputMethodManagerService(  224): Window already focused, ignoring focus gain of: com.android.internal.view.IInputMethodClient$Stub$Proxy@b41070a8 attribute=android.view.inputmethod.EditorInfo@b417ef78
I/Choreographer( 1104): Skipped 33 frames!  The application may be doing too much work on its main thread.
E/WVMExtractor(   64): Failed to open libwvm.so
I/ActivityManager(  224): START {act=android.intent.action.VIEW dat=http://i4eo.com/?u=downloads-android.ru/engine/download.php?id=174?dl cmp=com.android.browser/.BrowserActivity u=0} from pid 1104
I/ActivityManager(  224): START {act=android.intent.action.VIEW dat=http://i4eo.com/?u=downloads-android.ru/engine/download.php?id=174?dl cmp=com.android.browser/.BrowserActivity u=0} from pid 1104
E/WVMExtractor(   64): Failed to open libwvm.so
E/WVMExtractor(   64): Failed to open libwvm.so
D/InputEventConsistencyVerifier( 1104): TrackballEvent: Trackball is down but pressure is not greater than 0.
D/InputEventConsistencyVerifier( 1104):   in android.view.ViewRootImpl@b3e10ed0
D/InputEventConsistencyVerifier( 1104):   0: sent at 207857000000, MotionEvent { action=ACTION_DOWN, id[0]=0, x[0]=0.0, y[0]=0.0, toolType[0]=TOOL_TYPE_UNKNOWN, buttonState=0, metaState=0, flags=0x0, edgeFlags=0x0, pointerCount=1, historySize=0, eventTime=207857, downTime=207755, deviceId=0, source=0x10004 }
D/InputEventConsistencyVerifier( 1104):   -- recent events --
D/InputEventConsistencyVerifier( 1104):   1: sent at 207195000000, KeyEvent { action=ACTION_UP, keyCode=KEYCODE_MENU, scanCode=0, metaState=0, flags=0x8, repeatCount=0, eventTime=207195, downTime=207195, deviceId=-1, source=0x101 }
D/InputEventConsistencyVerifier( 1104):   2: sent at 207129000000, KeyEvent { action=ACTION_DOWN, keyCode=KEYCODE_MENU, scanCode=0, metaState=0, flags=0x8, repeatCount=0, eventTime=207129, downTime=207129, deviceId=-1, source=0x101 }
D/InputEventConsistencyVerifier( 1104):   3: sent at 207089000000, MotionEvent { action=ACTION_UP, id[0]=0, x[0]=179.0, y[0]=701.0, toolType[0]=TOOL_TYPE_UNKNOWN, buttonState=0, metaState=0, flags=0x0, edgeFlags=0x0, pointerCount=1, historySize=0, eventTime=207089, downTime=207061, deviceId=0, source=0x1002 }
D/InputEventConsistencyVerifier( 1104):   4: sent at 207061000000, MotionEvent { action=ACTION_DOWN, id[0]=0, x[0]=194.0, y[0]=701.0, toolType[0]=TOOL_TYPE_UNKNOWN, buttonState=0, metaState=0, flags=0x0, edgeFlags=0x0, pointerCount=1, historySize=0, eventTime=207061, downTime=207061, deviceId=0, source=0x1002 }
D/InputEventConsistencyVerifier( 1104):   5: sent at 206868000000, KeyEvent { action=ACTION_UP, keyCode=KEYCODE_F11, scanCode=0, metaState=0, flags=0x8, repeatCount=0, eventTime=206868, downTime=206868, deviceId=-1, source=0x101 }
I/Choreographer( 1104): Skipped 67 frames!  The application may be doing too much work on its main thread.
W/InputMethodManagerService(  224): Window already focused, ignoring focus gain of: com.android.internal.view.IInputMethodClient$Stub$Proxy@b3f42140 attribute=null
D/InputEventConsistencyVerifier( 1104): TrackballEvent: ACTION_UP but trackball is not down.
D/InputEventConsistencyVerifier( 1104):   in android.widget.LinearLayout@b3df6918
D/InputEventConsistencyVerifier( 1104):   0: sent at 207863000000, MotionEvent { action=ACTION_UP, id[0]=0, x[0]=0.0, y[0]=0.0, toolType[0]=TOOL_TYPE_UNKNOWN, buttonState=0, metaState=0, flags=0x0, edgeFlags=0x0, pointerCount=1, historySize=0, eventTime=207863, downTime=207755, deviceId=0, source=0x10004 }
D/InputEventConsistencyVerifier( 1104):   -- recent events --
D/InputEventConsistencyVerifier( 1104):   1: sent at 207089000000, MotionEvent { action=ACTION_UP, id[0]=0, x[0]=179.0, y[0]=701.0, toolType[0]=TOOL_TYPE_UNKNOWN, buttonState=0, metaState=0, flags=0x0, edgeFlags=0x0, pointerCount=1, historySize=0, eventTime=207089, downTime=207061, deviceId=0, source=0x1002 }
D/InputEventConsistencyVerifier( 1104):   2: sent at 207061000000, MotionEvent { action=ACTION_DOWN, id[0]=0, x[0]=194.0, y[0]=701.0, toolType[0]=TOOL_TYPE_UNKNOWN, buttonState=0, metaState=0, flags=0x0, edgeFlags=0x0, pointerCount=1, historySize=0, eventTime=207061, downTime=207061, deviceId=0, source=0x1002 }
D/InputEventConsistencyVerifier( 1104):   3: sent at 206645000000, MotionEvent { action=ACTION_UP, id[0]=0, x[0]=78.0, y[0]=718.0, toolType[0]=TOOL_TYPE_UNKNOWN, buttonState=0, metaState=0, flags=0x0, edgeFlags=0x0, pointerCount=1, historySize=0, eventTime=206645, downTime=206635, deviceId=0, source=0x1002 }
D/InputEventConsistencyVerifier( 1104):   4: sent at 206635000000, MotionEvent { action=ACTION_DOWN, id[0]=0, x[0]=79.0, y[0]=717.0, toolType[0]=TOOL_TYPE_UNKNOWN, buttonState=0, metaState=0, flags=0x0, edgeFlags=0x0, pointerCount=1, historySize=0, eventTime=206635, downTime=206635, deviceId=0, source=0x1002 }
D/InputEventConsistencyVerifier( 1104):   5: sent at 205828000000, MotionEvent { action=ACTION_UP, id[0]=0, x[0]=199.0, y[0]=642.0, toolType[0]=TOOL_TYPE_UNKNOWN, buttonState=0, metaState=0, flags=0x0, edgeFlags=0x0, pointerCount=1, historySize=0, eventTime=205828, downTime=205789, deviceId=0, source=0x1002 }
D/InputEventConsistencyVerifier( 1104): KeyEvent: ACTION_UP but key was not down.
D/InputEventConsistencyVerifier( 1104):   in com.android.internal.policy.impl.PhoneWindow$DecorView@b3e11390
D/InputEventConsistencyVerifier( 1104):   0: sent at 208205000000, KeyEvent { action=ACTION_UP, keyCode=KEYCODE_DPAD_CENTER, scanCode=0, metaState=0, flags=0x400, repeatCount=0, eventTime=208205, downTime=208205, deviceId=-1, source=0x101 }
D/InputEventConsistencyVerifier( 1104):   -- recent events --
D/InputEventConsistencyVerifier( 1104):   1: sent at 207863000000, (unhandled) MotionEvent { action=ACTION_UP, id[0]=0, x[0]=0.0, y[0]=0.0, toolType[0]=TOOL_TYPE_UNKNOWN, buttonState=0, metaState=0, flags=0x0, edgeFlags=0x0, pointerCount=1, historySize=0, eventTime=207863, downTime=207755, deviceId=0, source=0x10004 }
D/InputEventConsistencyVerifier( 1104):   2: sent at 207857000000, (unhandled) MotionEvent { action=ACTION_DOWN, id[0]=0, x[0]=0.0, y[0]=0.0, toolType[0]=TOOL_TYPE_UNKNOWN, buttonState=0, metaState=0, flags=0x80000000, edgeFlags=0x0, pointerCount=1, historySize=0, eventTime=207857, downTime=207755, deviceId=0, source=0x10004 }
D/InputEventConsistencyVerifier( 1104):   3: sent at 207195000000, (unhandled) KeyEvent { action=ACTION_UP, keyCode=KEYCODE_MENU, scanCode=0, metaState=0, flags=0x8, repeatCount=0, eventTime=207195, downTime=207195, deviceId=-1, source=0x101 }
D/InputEventConsistencyVerifier( 1104):   4: sent at 207129000000, (unhandled) KeyEvent { action=ACTION_DOWN, keyCode=KEYCODE_MENU, scanCode=0, metaState=0, flags=0x8, repeatCount=0, eventTime=207129, downTime=207129, deviceId=-1, source=0x101 }
D/InputEventConsistencyVerifier( 1104):   5: sent at 207089000000, MotionEvent { action=ACTION_UP, id[0]=0, x[0]=179.0, y[0]=701.0, toolType[0]=TOOL_TYPE_UNKNOWN, buttonState=0, metaState=0, flags=0x0, edgeFlags=0x0, pointerCount=1, historySize=0, eventTime=207089, downTime=207061, deviceId=0, source=0x1002 }
E/WVMExtractor(   64): Failed to open libwvm.so
D/InputEventConsistencyVerifier( 1104): KeyEvent: ACTION_UP but key was not down.
D/InputEventConsistencyVerifier( 1104):   in android.widget.Button@b3df43c8
D/InputEventConsistencyVerifier( 1104):   0: sent at 208208000000, KeyEvent { action=ACTION_UP, keyCode=KEYCODE_DPAD_DOWN, scanCode=0, metaState=0, flags=0x8, repeatCount=0, eventTime=208208, downTime=208208, deviceId=-1, source=0x101 }
D/InputEventConsistencyVerifier( 1104):   -- recent events --
D/InputEventConsistencyVerifier( 1104):   1: sent at 207089000000, MotionEvent { action=ACTION_UP, id[0]=0, x[0]=179.0, y[0]=45.0, toolType[0]=TOOL_TYPE_UNKNOWN, buttonState=0, metaState=0, flags=0x0, edgeFlags=0x0, pointerCount=1, historySize=0, eventTime=207089, downTime=207061, deviceId=0, source=0x1002 }
D/InputEventConsistencyVerifier( 1104):   2: sent at 207061000000, MotionEvent { action=ACTION_DOWN, id[0]=0, x[0]=194.0, y[0]=45.0, toolType[0]=TOOL_TYPE_UNKNOWN, buttonState=0, metaState=0, flags=0x0, edgeFlags=0x0, pointerCount=1, historySize=0, eventTime=207061, downTime=207061, deviceId=0, source=0x1002 }
D/InputEventConsistencyVerifier( 1104):   3: sent at 206645000000, MotionEvent { action=ACTION_UP, id[0]=0, x[0]=78.0, y[0]=62.0, toolType[0]=TOOL_TYPE_UNKNOWN, buttonState=0, metaState=0, flags=0x0, edgeFlags=0x0, pointerCount=1, historySize=0, eventTime=206645, downTime=206635, deviceId=0, source=0x1002 }
D/InputEventConsistencyVerifier( 1104):   4: sent at 206635000000, MotionEvent { action=ACTION_DOWN, id[0]=0, x[0]=79.0, y[0]=61.0, toolType[0]=TOOL_TYPE_UNKNOWN, buttonState=0, metaState=0, flags=0x0, edgeFlags=0x0, pointerCount=1, historySize=0, eventTime=206635, downTime=206635, deviceId=0, source=0x1002 }
D/InputEventConsistencyVerifier( 1104):   5: sent at 205649000000, (unhandled) KeyEvent { action=ACTION_UP, keyCode=KEYCODE_MENU, scanCode=0, metaState=0, flags=0x8, repeatCount=0, eventTime=205649, downTime=205649, deviceId=-1, source=0x101 }
E/WVMExtractor(   64): Failed to open libwvm.so
D/InputEventConsistencyVerifier( 1104): KeyEvent: ACTION_UP but key was not down.
D/InputEventConsistencyVerifier( 1104):   in com.android.internal.policy.impl.PhoneWindow$DecorView@b3e11390
D/InputEventConsistencyVerifier( 1104):   0: sent at 208549000000, KeyEvent { action=ACTION_UP, keyCode=KEYCODE_DPAD_DOWN, scanCode=0, metaState=0, flags=0x8, repeatCount=0, eventTime=208549, downTime=208549, deviceId=-1, source=0x101 }
D/InputEventConsistencyVerifier( 1104):   -- recent events --
D/InputEventConsistencyVerifier( 1104):   1: sent at 208395000000, MotionEvent { action=ACTION_UP, id[0]=0, x[0]=480.0, y[0]=347.0, toolType[0]=TOOL_TYPE_UNKNOWN, buttonState=0, metaState=0, flags=0x0, edgeFlags=0x0, pointerCount=1, historySize=0, eventTime=208395, downTime=208385, deviceId=0, source=0x1002 }
D/InputEventConsistencyVerifier( 1104):   2: sent at 208385000000, MotionEvent { action=ACTION_DOWN, id[0]=0, x[0]=478.0, y[0]=356.0, toolType[0]=TOOL_TYPE_UNKNOWN, buttonState=0, metaState=0, flags=0x0, edgeFlags=0x0, pointerCount=1, historySize=0, eventTime=208385, downTime=208385, deviceId=0, source=0x1002 }
D/InputEventConsistencyVerifier( 1104):   3: sent at 208370000000, MotionEvent { action=ACTION_UP, id[0]=0, x[0]=81.0, y[0]=597.0, toolType[0]=TOOL_TYPE_UNKNOWN, buttonState=0, metaState=0, flags=0x0, edgeFlags=0x0, pointerCount=1, historySize=0, eventTime=208370, downTime=208363, deviceId=0, source=0x1002 }
D/InputEventConsistencyVerifier( 1104):   4: sent at 208364000000, MotionEvent { action=ACTION_DOWN, id[0]=0, x[0]=77.0, y[0]=610.0, toolType[0]=TOOL_TYPE_UNKNOWN, buttonState=0, metaState=0, flags=0x0, edgeFlags=0x0, pointerCount=1, historySize=0, eventTime=208364, downTime=208363, deviceId=0, source=0x1002 }
D/InputEventConsistencyVerifier( 1104):   5: sent at 208352000000, MotionEvent { action=ACTION_UP, id[0]=0, x[0]=21.0, y[0]=530.0, toolType[0]=TOOL_TYPE_UNKNOWN, buttonState=0, metaState=0, flags=0x0, edgeFlags=0x0, pointerCount=1, historySize=0, eventTime=208352, downTime=208344, deviceId=0, source=0x1002 }
I/ActivityManager(  224): START {act=android.intent.action.MAIN cat=[android.intent.category.LAUNCHER] flg=0x10200000 cmp=fhvm.vnnej/.JKldv u=0} from pid 1086
E/WVMExtractor(   64): Failed to open libwvm.so
I/Choreographer( 1104): Skipped 76 frames!  The application may be doing too much work on its main thread.
W/InputMethodManagerService(  224): Window already focused, ignoring focus gain of: com.android.internal.view.IInputMethodClient$Stub$Proxy@b3f97470 attribute=null
E/WVMExtractor(   64): Failed to open libwvm.so
D/InputEventConsistencyVerifier( 1104): KeyEvent: ACTION_UP but key was not down.
D/InputEventConsistencyVerifier( 1104):   in android.widget.Button@b3df43c8
D/InputEventConsistencyVerifier( 1104):   0: sent at 209996000000, KeyEvent { action=ACTION_UP, keyCode=KEYCODE_DPAD_DOWN, scanCode=0, metaState=0, flags=0x400, repeatCount=0, eventTime=209996, downTime=209996, deviceId=-1, source=0x101 }
D/InputEventConsistencyVerifier( 1104):   -- recent events --
D/InputEventConsistencyVerifier( 1104):   1: sent at 208208000000, (unhandled) KeyEvent { action=ACTION_UP, keyCode=KEYCODE_DPAD_DOWN, scanCode=0, metaState=0, flags=0x80000008, repeatCount=0, eventTime=208208, downTime=208208, deviceId=-1, source=0x101 }
D/InputEventConsistencyVerifier( 1104):   2: sent at 207089000000, MotionEvent { action=ACTION_UP, id[0]=0, x[0]=179.0, y[0]=45.0, toolType[0]=TOOL_TYPE_UNKNOWN, buttonState=0, metaState=0, flags=0x0, edgeFlags=0x0, pointerCount=1, historySize=0, eventTime=207089, downTime=207061, deviceId=0, source=0x1002 }
D/InputEventConsistencyVerifier( 1104):   3: sent at 207061000000, MotionEvent { action=ACTION_DOWN, id[0]=0, x[0]=194.0, y[0]=45.0, toolType[0]=TOOL_TYPE_UNKNOWN, buttonState=0, metaState=0, flags=0x0, edgeFlags=0x0, pointerCount=1, historySize=0, eventTime=207061, downTime=207061, deviceId=0, source=0x1002 }
D/InputEventConsistencyVerifier( 1104):   4: sent at 206645000000, MotionEvent { action=ACTION_UP, id[0]=0, x[0]=78.0, y[0]=62.0, toolType[0]=TOOL_TYPE_UNKNOWN, buttonState=0, metaState=0, flags=0x0, edgeFlags=0x0, pointerCount=1, historySize=0, eventTime=206645, downTime=206635, deviceId=0, source=0x1002 }
D/InputEventConsistencyVerifier( 1104):   5: sent at 206635000000, MotionEvent { action=ACTION_DOWN, id[0]=0, x[0]=79.0, y[0]=61.0, toolType[0]=TOOL_TYPE_UNKNOWN, buttonState=0, metaState=0, flags=0x0, edgeFlags=0x0, pointerCount=1, historySize=0, eventTime=206635, downTime=206635, deviceId=0, source=0x1002 }
D/InputEventConsistencyVerifier( 1104): KeyEvent: ACTION_UP but key was not down.
D/InputEventConsistencyVerifier( 1104):   in android.widget.Button@b3e025e8
D/InputEventConsistencyVerifier( 1104):   0: sent at 209997000000, KeyEvent { action=ACTION_UP, keyCode=KEYCODE_DPAD_DOWN, scanCode=0, metaState=0, flags=0x400, repeatCount=0, eventTime=209997, downTime=209997, deviceId=-1, source=0x101 }
D/InputEventConsistencyVerifier( 1104):   -- recent events --
D/InputEventConsistencyVerifier( 1104):   1: sent at 203300000000, MotionEvent { action=ACTION_UP, id[0]=0, x[0]=120.0, y[0]=41.0, toolType[0]=TOOL_TYPE_UNKNOWN, buttonState=0, metaState=0, flags=0x0, edgeFlags=0x0, pointerCount=1, historySize=0, eventTime=203300, downTime=203295, deviceId=0, source=0x1002 }
D/InputEventConsistencyVerifier( 1104):   2: sent at 203295000000, MotionEvent { action=ACTION_DOWN, id[0]=0, x[0]=103.0, y[0]=37.0, toolType[0]=TOOL_TYPE_UNKNOWN, buttonState=0, metaState=0, flags=0x0, edgeFlags=0x0, pointerCount=1, historySize=0, eventTime=203295, downTime=203295, deviceId=0, source=0x1002 }
D/InputEventConsistencyVerifier( 1104):   3: sent at 203264000000, MotionEvent { action=ACTION_MOVE, id[0]=0, x[0]=-5.0, y[0]=1.0, toolType[0]=TOOL_TYPE_UNKNOWN, buttonState=0, metaState=0, flags=0x0, edgeFlags=0x0, pointerCount=1, historySize=7, eventTime=203264, downTime=-1, deviceId=0, source=0x10004 }
D/InputEventConsistencyVerifier( 1104):   4: sent at 203171000000, (unhandled) KeyEvent { action=ACTION_UP, keyCode=KEYCODE_DPAD_DOWN, scanCode=0, metaState=0, flags=0x8, repeatCount=0, eventTime=203171, downTime=203171, deviceId=-1, source=0x101 }
D/InputEventConsistencyVerifier( 1104):   5: sent at 203057000000, (unhandled) KeyEvent { action=ACTION_DOWN, keyCode=KEYCODE_DPAD_DOWN, scanCode=0, metaState=0, flags=0x8, repeatCount=0, eventTime=203057, downTime=203057, deviceId=-1, source=0x101 }
E/WVMExtractor(   64): Failed to open libwvm.so
E/WVMExtractor(   64): Failed to open libwvm.so
E/WVMExtractor(   64): Failed to open libwvm.so
D/InputEventConsistencyVerifier( 1104): KeyEvent: ACTION_UP but key was not down.
D/InputEventConsistencyVerifier( 1104):   in android.widget.ScrollView@b3fc0cb8
D/InputEventConsistencyVerifier( 1104):   0: sent at 210924000000, KeyEvent { action=ACTION_UP, keyCode=KEYCODE_DPAD_UP, scanCode=0, metaState=0, flags=0x8, repeatCount=0, eventTime=210924, downTime=210924, deviceId=-1, source=0x101 }
D/InputEventConsistencyVerifier( 1104):   -- recent events --
