D/InputEventConsistencyVerifier(  472):   1: sent at 237075000000, MotionEvent { action=ACTION_MOVE, id[0]=0, x[0]=184.0, y[0]=695.0, toolType[0]=TOOL_TYPE_UNKNOWN, buttonState=0, metaState=0, flags=0x0, edgeFlags=0x0, pointerCount=1, historySize=7, eventTime=237075, downTime=237006, deviceId=0, source=0x1002 }
D/InputEventConsistencyVerifier(  472):   2: sent at 237009000000, MotionEvent { action=ACTION_DOWN, id[0]=0, x[0]=126.0, y[0]=643.0, toolType[0]=TOOL_TYPE_UNKNOWN, buttonState=0, metaState=0, flags=0x0, edgeFlags=0x0, pointerCount=1, historySize=0, eventTime=237009, downTime=237006, deviceId=0, source=0x1002 }
D/InputEventConsistencyVerifier(  472):   3: sent at 236953000000, MotionEvent { action=ACTION_UP, id[0]=0, x[0]=102.0, y[0]=763.0, toolType[0]=TOOL_TYPE_UNKNOWN, buttonState=0, metaState=0, flags=0x0, edgeFlags=0x0, pointerCount=1, historySize=0, eventTime=236953, downTime=236889, deviceId=0, source=0x1002 }
D/InputEventConsistencyVerifier(  472):   4: sent at 236929000000, MotionEvent { action=ACTION_MOVE, id[0]=0, x[0]=109.0, y[0]=768.0, toolType[0]=TOOL_TYPE_UNKNOWN, buttonState=0, metaState=0, flags=0x0, edgeFlags=0x0, pointerCount=1, historySize=3, eventTime=236929, downTime=236889, deviceId=0, source=0x1002 }
D/InputEventConsistencyVerifier(  472):   5: sent at 236890000000, MotionEvent { action=ACTION_DOWN, id[0]=0, x[0]=112.0, y[0]=795.0, toolType[0]=TOOL_TYPE_UNKNOWN, buttonState=0, metaState=0, flags=0x80000000, edgeFlags=0x0, pointerCount=1, historySize=0, eventTime=236890, downTime=236889, deviceId=0, source=0x1002 }
I/Choreographer(  472): Skipped 30 frames!  The application may be doing too much work on its main thread.
W/dalvikvm(  472): DroidBox: { "FdAccess": { "path": "2f70726f632f6d656d696e666f", "id": "739962440" } }
W/DroidBox(  472): DroidBox: { "FileRW": { "operation": "read", "data": "4d656d546f74616c3a202020202020202020373438393634206b420a4d656d467265653a20202020202020202020343433343136206b420a427566666572733a20202020202020202020202035363136206b420a4361636865643a202020202020202020", "id": "739962440" } }
W/dalvikvm(  472): DroidBox: { "FdAccess": { "path": "2f70726f632f6d656d696e666f", "id": "1308963184" } }
W/DroidBox(  472): DroidBox: { "FileRW": { "operation": "read", "data": "4d656d546f74616c3a202020202020202020373438393634206b420a4d656d467265653a20202020202020202020343433343136206b420a427566666572733a20202020202020202020202035363136206b420a4361636865643a202020202020202020", "id": "1308963184" } }
I/ActivityManager(  224): START {act=android.intent.action.CALL_BUTTON flg=0x10000000 cmp=com.android.contacts/.activities.DialtactsActivity u=0} from pid 472
I/Choreographer(  472): Skipped 34 frames!  The application may be doing too much work on its main thread.
D/InputEventConsistencyVerifier(  472): KeyEvent: ACTION_UP but key was not down.
D/InputEventConsistencyVerifier(  472):   in com.android.systemui.statusbar.phone.StatusBarWindowView@b3de9248
D/InputEventConsistencyVerifier(  472):   0: sent at 237521000000, KeyEvent { action=ACTION_UP, keyCode=KEYCODE_DPAD_RIGHT, scanCode=0, metaState=0, flags=0x400, repeatCount=0, eventTime=237521, downTime=237521, deviceId=-1, source=0x101 }
D/InputEventConsistencyVerifier(  472):   -- recent events --
D/InputEventConsistencyVerifier(  472):   1: sent at 237443000000, (unhandled) MotionEvent { action=ACTION_MOVE, id[0]=0, x[0]=3.0, y[0]=-2.0, toolType[0]=TOOL_TYPE_UNKNOWN, buttonState=0, metaState=0, flags=0x0, edgeFlags=0x0, pointerCount=1, historySize=9, eventTime=237443, downTime=-1, deviceId=0, source=0x10004 }
D/InputEventConsistencyVerifier(  472):   2: sent at 237391000000, (unhandled) KeyEvent { action=ACTION_UP, keyCode=KEYCODE_CALL, scanCode=0, metaState=0, flags=0x8, repeatCount=0, eventTime=237391, downTime=237391, deviceId=-1, source=0x101 }
D/InputEventConsistencyVerifier(  472):   3: sent at 237327000000, (unhandled) KeyEvent { action=ACTION_DOWN, keyCode=KEYCODE_CALL, scanCode=0, metaState=0, flags=0x8, repeatCount=0, eventTime=237327, downTime=237327, deviceId=-1, source=0x101 }
D/InputEventConsistencyVerifier(  472):   4: sent at 237322000000, MotionEvent { action=ACTION_UP, id[0]=0, x[0]=388.0, y[0]=505.0, toolType[0]=TOOL_TYPE_UNKNOWN, buttonState=0, metaState=0, flags=0x0, edgeFlags=0x0, pointerCount=1, historySize=0, eventTime=237322, downTime=237269, deviceId=0, source=0x1002 }
D/InputEventConsistencyVerifier(  472):   5: sent at 237320000000, MotionEvent { action=ACTION_MOVE, id[0]=0, x[0]=404.0, y[0]=494.0, toolType[0]=TOOL_TYPE_UNKNOWN, buttonState=0, metaState=0, flags=0x0, edgeFlags=0x0, pointerCount=1, historySize=6, eventTime=237320, downTime=237269, deviceId=0, source=0x1002 }
W/dalvikvm(  472): DroidBox: { "FdAccess": { "path": "2f70726f632f6d656d696e666f", "id": "843428122" } }
W/DroidBox(  472): DroidBox: { "FileRW": { "operation": "read", "data": "4d656d546f74616c3a202020202020202020373438393634206b420a4d656d467265653a20202020202020202020343433343136206b420a427566666572733a20202020202020202020202035363136206b420a4361636865643a202020202020202020", "id": "843428122" } }
D/InputEventConsistencyVerifier(  472): TouchEvent: ACTION_DOWN but pointers are already down.  Probably missing ACTION_UP from previous gesture.
D/InputEventConsistencyVerifier(  472):   in android.view.ScaleGestureDetector@b3e851c0
D/InputEventConsistencyVerifier(  472):   0: sent at 237768000000, MotionEvent { action=ACTION_DOWN, id[0]=0, x[0]=217.0, y[0]=713.0, toolType[0]=TOOL_TYPE_UNKNOWN, buttonState=0, metaState=0, flags=0x0, edgeFlags=0x0, pointerCount=1, historySize=0, eventTime=237768, downTime=237768, deviceId=0, source=0x1002 }
D/InputEventConsistencyVerifier(  472):   -- recent events --
D/InputEventConsistencyVerifier(  472):   1: sent at 237320000000, MotionEvent { action=ACTION_MOVE, id[0]=0, x[0]=404.0, y[0]=494.0, toolType[0]=TOOL_TYPE_UNKNOWN, buttonState=0, metaState=0, flags=0x0, edgeFlags=0x0, pointerCount=1, historySize=6, eventTime=237320, downTime=237269, deviceId=0, source=0x1002 }
D/InputEventConsistencyVerifier(  472):   2: sent at 237272000000, MotionEvent { action=ACTION_DOWN, id[0]=0, x[0]=463.0, y[0]=438.0, toolType[0]=TOOL_TYPE_UNKNOWN, buttonState=0, metaState=0, flags=0x80000000, edgeFlags=0x0, pointerCount=1, historySize=0, eventTime=237272, downTime=237269, deviceId=0, source=0x1002 }
D/InputEventConsistencyVerifier(  472):   3: sent at 237075000000, MotionEvent { action=ACTION_MOVE, id[0]=0, x[0]=184.0, y[0]=695.0, toolType[0]=TOOL_TYPE_UNKNOWN, buttonState=0, metaState=0, flags=0x0, edgeFlags=0x0, pointerCount=1, historySize=7, eventTime=237075, downTime=237006, deviceId=0, source=0x1002 }
D/InputEventConsistencyVerifier(  472):   4: sent at 237009000000, MotionEvent { action=ACTION_DOWN, id[0]=0, x[0]=126.0, y[0]=643.0, toolType[0]=TOOL_TYPE_UNKNOWN, buttonState=0, metaState=0, flags=0x0, edgeFlags=0x0, pointerCount=1, historySize=0, eventTime=237009, downTime=237006, deviceId=0, source=0x1002 }
D/InputEventConsistencyVerifier(  472):   5: sent at 236953000000, MotionEvent { action=ACTION_UP, id[0]=0, x[0]=102.0, y[0]=763.0, toolType[0]=TOOL_TYPE_UNKNOWN, buttonState=0, metaState=0, flags=0x0, edgeFlags=0x0, pointerCount=1, historySize=0, eventTime=236953, downTime=236889, deviceId=0, source=0x1002 }
W/dalvikvm(  472): DroidBox: { "FdAccess": { "path": "2f70726f632f6d656d696e666f", "id": "1858964190" } }
W/DroidBox(  472): DroidBox: { "FileRW": { "operation": "read", "data": "4d656d546f74616c3a202020202020202020373438393634206b420a4d656d467265653a20202020202020202020343433313638206b420a427566666572733a20202020202020202020202035363136206b420a4361636865643a202020202020202020", "id": "1858964190" } }
I/Choreographer(  472): Skipped 103 frames!  The application may be doing too much work on its main thread.
D/InputEventConsistencyVerifier(  472): KeyEvent: ACTION_UP but key was not down.
D/InputEventConsistencyVerifier(  472):   in com.android.systemui.statusbar.phone.StatusBarWindowView@b3de9248
D/InputEventConsistencyVerifier(  472):   0: sent at 237948000000, KeyEvent { action=ACTION_UP, keyCode=KEYCODE_DPAD_DOWN, scanCode=0, metaState=0, flags=0x400, repeatCount=0, eventTime=237948, downTime=237948, deviceId=-1, source=0x101 }
D/InputEventConsistencyVerifier(  472):   -- recent events --
D/InputEventConsistencyVerifier(  472):   1: sent at 237764000000, (unhandled) MotionEvent { action=ACTION_MOVE, id[0]=0, x[0]=0.0, y[0]=4.0, toolType[0]=TOOL_TYPE_UNKNOWN, buttonState=0, metaState=0, flags=0x0, edgeFlags=0x0, pointerCount=1, historySize=9, eventTime=237764, downTime=-1, deviceId=0, source=0x10004 }
D/InputEventConsistencyVerifier(  472):   2: sent at 237773000000, MotionEvent { action=ACTION_UP, id[0]=0, x[0]=219.0, y[0]=694.0, toolType[0]=TOOL_TYPE_UNKNOWN, buttonState=0, metaState=0, flags=0x0, edgeFlags=0x0, pointerCount=1, historySize=0, eventTime=237773, downTime=237768, deviceId=0, source=0x1002 }
D/InputEventConsistencyVerifier(  472):   3: sent at 237768000000, MotionEvent { action=ACTION_DOWN, id[0]=0, x[0]=217.0, y[0]=713.0, toolType[0]=TOOL_TYPE_UNKNOWN, buttonState=0, metaState=0, flags=0x0, edgeFlags=0x0, pointerCount=1, historySize=0, eventTime=237768, downTime=237768, deviceId=0, source=0x1002 }
D/InputEventConsistencyVerifier(  472):   4: sent at 237560000000, (unhandled) KeyEvent { action=ACTION_UP, keyCode=KEYCODE_DPAD_UP, scanCode=0, metaState=0, flags=0x8, repeatCount=0, eventTime=237560, downTime=237560, deviceId=-1, source=0x101 }
D/InputEventConsistencyVerifier(  472):   5: sent at 237556000000, (unhandled) KeyEvent { action=ACTION_DOWN, keyCode=KEYCODE_DPAD_UP, scanCode=0, metaState=0, flags=0x8, repeatCount=0, eventTime=237556, downTime=237556, deviceId=-1, source=0x101 }
D/InputEventConsistencyVerifier(  472): KeyEvent: ACTION_UP but key was not down.
D/InputEventConsistencyVerifier(  472):   in android.widget.FrameLayout@b3e08d98
D/InputEventConsistencyVerifier(  472):   0: sent at 237949000000, KeyEvent { action=ACTION_UP, keyCode=KEYCODE_DPAD_DOWN, scanCode=0, metaState=0, flags=0x400, repeatCount=0, eventTime=237949, downTime=237949, deviceId=-1, source=0x101 }
D/InputEventConsistencyVerifier(  472):   -- recent events --
D/InputEventConsistencyVerifier(  472):   1: sent at 237322000000, MotionEvent { action=ACTION_UP, id[0]=0, x[0]=388.0, y[0]=505.0, toolType[0]=TOOL_TYPE_UNKNOWN, buttonState=0, metaState=0, flags=0x0, edgeFlags=0x0, pointerCount=1, historySize=0, eventTime=237322, downTime=237269, deviceId=0, source=0x1002 }
D/InputEventConsistencyVerifier(  472):   2: sent at 237320000000, MotionEvent { action=ACTION_MOVE, id[0]=0, x[0]=404.0, y[0]=494.0, toolType[0]=TOOL_TYPE_UNKNOWN, buttonState=0, metaState=0, flags=0x0, edgeFlags=0x0, pointerCount=1, historySize=6, eventTime=237320, downTime=237269, deviceId=0, source=0x1002 }
D/InputEventConsistencyVerifier(  472):   3: sent at 237272000000, MotionEvent { action=ACTION_DOWN, id[0]=0, x[0]=463.0, y[0]=438.0, toolType[0]=TOOL_TYPE_UNKNOWN, buttonState=0, metaState=0, flags=0x80000000, edgeFlags=0x0, pointerCount=1, historySize=0, eventTime=237272, downTime=237269, deviceId=0, source=0x1002 }
D/InputEventConsistencyVerifier(  472):   4: sent at 237077000000, MotionEvent { action=ACTION_UP, id[0]=0, x[0]=186.0, y[0]=703.0, toolType[0]=TOOL_TYPE_UNKNOWN, buttonState=0, metaState=0, flags=0x0, edgeFlags=0x0, pointerCount=1, historySize=0, eventTime=237077, downTime=237006, deviceId=0, source=0x1002 }
D/InputEventConsistencyVerifier(  472):   5: sent at 237075000000, MotionEvent { action=ACTION_MOVE, id[0]=0, x[0]=184.0, y[0]=695.0, toolType[0]=TOOL_TYPE_UNKNOWN, buttonState=0, metaState=0, flags=0x0, edgeFlags=0x0, pointerCount=1, historySize=7, eventTime=237075, downTime=237006, deviceId=0, source=0x1002 }
D/InputEventConsistencyVerifier(  472): TouchEvent: ACTION_DOWN but pointers are already down.  Probably missing ACTION_UP from previous gesture.
D/InputEventConsistencyVerifier(  472):   in android.view.ScaleGestureDetector@b3e851c0
D/InputEventConsistencyVerifier(  472):   0: sent at 238025000000, MotionEvent { action=ACTION_DOWN, id[0]=0, x[0]=402.0, y[0]=632.0, toolType[0]=TOOL_TYPE_UNKNOWN, buttonState=0, metaState=0, flags=0x0, edgeFlags=0x0, pointerCount=1, historySize=0, eventTime=238025, downTime=238023, deviceId=0, source=0x1002 }
D/InputEventConsistencyVerifier(  472):   -- recent events --
D/InputEventConsistencyVerifier(  472):   1: sent at 237768000000, MotionEvent { action=ACTION_DOWN, id[0]=0, x[0]=217.0, y[0]=713.0, toolType[0]=TOOL_TYPE_UNKNOWN, buttonState=0, metaState=0, flags=0x80000000, edgeFlags=0x0, pointerCount=1, historySize=0, eventTime=237768, downTime=237768, deviceId=0, source=0x1002 }
D/InputEventConsistencyVerifier(  472):   2: sent at 237320000000, MotionEvent { action=ACTION_MOVE, id[0]=0, x[0]=404.0, y[0]=494.0, toolType[0]=TOOL_TYPE_UNKNOWN, buttonState=0, metaState=0, flags=0x0, edgeFlags=0x0, pointerCount=1, historySize=6, eventTime=237320, downTime=237269, deviceId=0, source=0x1002 }
D/InputEventConsistencyVerifier(  472):   3: sent at 237272000000, MotionEvent { action=ACTION_DOWN, id[0]=0, x[0]=463.0, y[0]=438.0, toolType[0]=TOOL_TYPE_UNKNOWN, buttonState=0, metaState=0, flags=0x80000000, edgeFlags=0x0, pointerCount=1, historySize=0, eventTime=237272, downTime=237269, deviceId=0, source=0x1002 }
D/InputEventConsistencyVerifier(  472):   4: sent at 237075000000, MotionEvent { action=ACTION_MOVE, id[0]=0, x[0]=184.0, y[0]=695.0, toolType[0]=TOOL_TYPE_UNKNOWN, buttonState=0, metaState=0, flags=0x0, edgeFlags=0x0, pointerCount=1, historySize=7, eventTime=237075, downTime=237006, deviceId=0, source=0x1002 }
D/InputEventConsistencyVerifier(  472):   5: sent at 237009000000, MotionEvent { action=ACTION_DOWN, id[0]=0, x[0]=126.0, y[0]=643.0, toolType[0]=TOOL_TYPE_UNKNOWN, buttonState=0, metaState=0, flags=0x0, edgeFlags=0x0, pointerCount=1, historySize=0, eventTime=237009, downTime=237006, deviceId=0, source=0x1002 }
W/dalvikvm(  472): DroidBox: { "FdAccess": { "path": "2f70726f632f6d656d696e666f", "id": "1116744505" } }
W/DroidBox(  472): DroidBox: { "FileRW": { "operation": "read", "data": "4d656d546f74616c3a202020202020202020373438393634206b420a4d656d467265653a20202020202020202020343433313638206b420a427566666572733a20202020202020202020202035363136206b420a4361636865643a202020202020202020", "id": "1116744505" } }
D/InputEventConsistencyVerifier(  472): TouchEvent: ACTION_DOWN but pointers are already down.  Probably missing ACTION_UP from previous gesture.
D/InputEventConsistencyVerifier(  472):   in android.view.ScaleGestureDetector@b3e851c0
D/InputEventConsistencyVerifier(  472):   0: sent at 238094000000, MotionEvent { action=ACTION_DOWN, id[0]=0, x[0]=72.0, y[0]=276.0, toolType[0]=TOOL_TYPE_UNKNOWN, buttonState=0, metaState=0, flags=0x0, edgeFlags=0x0, pointerCount=1, historySize=0, eventTime=238094, downTime=238093, deviceId=0, source=0x1002 }
D/InputEventConsistencyVerifier(  472):   -- recent events --
D/InputEventConsistencyVerifier(  472):   1: sent at 238025000000, MotionEvent { action=ACTION_DOWN, id[0]=0, x[0]=402.0, y[0]=632.0, toolType[0]=TOOL_TYPE_UNKNOWN, buttonState=0, metaState=0, flags=0x80000000, edgeFlags=0x0, pointerCount=1, historySize=0, eventTime=238025, downTime=238023, deviceId=0, source=0x1002 }
D/InputEventConsistencyVerifier(  472):   2: sent at 237768000000, MotionEvent { action=ACTION_DOWN, id[0]=0, x[0]=217.0, y[0]=713.0, toolType[0]=TOOL_TYPE_UNKNOWN, buttonState=0, metaState=0, flags=0x80000000, edgeFlags=0x0, pointerCount=1, historySize=0, eventTime=237768, downTime=237768, deviceId=0, source=0x1002 }
D/InputEventConsistencyVerifier(  472):   3: sent at 237320000000, MotionEvent { action=ACTION_MOVE, id[0]=0, x[0]=404.0, y[0]=494.0, toolType[0]=TOOL_TYPE_UNKNOWN, buttonState=0, metaState=0, flags=0x0, edgeFlags=0x0, pointerCount=1, historySize=6, eventTime=237320, downTime=237269, deviceId=0, source=0x1002 }
D/InputEventConsistencyVerifier(  472):   4: sent at 237272000000, MotionEvent { action=ACTION_DOWN, id[0]=0, x[0]=463.0, y[0]=438.0, toolType[0]=TOOL_TYPE_UNKNOWN, buttonState=0, metaState=0, flags=0x80000000, edgeFlags=0x0, pointerCount=1, historySize=0, eventTime=237272, downTime=237269, deviceId=0, source=0x1002 }
D/InputEventConsistencyVerifier(  472):   5: sent at 237075000000, MotionEvent { action=ACTION_MOVE, id[0]=0, x[0]=184.0, y[0]=695.0, toolType[0]=TOOL_TYPE_UNKNOWN, buttonState=0, metaState=0, flags=0x0, edgeFlags=0x0, pointerCount=1, historySize=7, eventTime=237075, downTime=237006, deviceId=0, source=0x1002 }
D/InputEventConsistencyVerifier(  472): TouchEvent: ACTION_DOWN but pointers are already down.  Probably missing ACTION_UP from previous gesture.
D/InputEventConsistencyVerifier(  472):   in android.view.ScaleGestureDetector@b3e851c0
D/InputEventConsistencyVerifier(  472):   0: sent at 238153000000, MotionEvent { action=ACTION_DOWN, id[0]=0, x[0]=143.0, y[0]=207.0, toolType[0]=TOOL_TYPE_UNKNOWN, buttonState=0, metaState=0, flags=0x0, edgeFlags=0x0, pointerCount=1, historySize=0, eventTime=238153, downTime=238152, deviceId=0, source=0x1002 }
D/InputEventConsistencyVerifier(  472):   -- recent events --
D/InputEventConsistencyVerifier(  472):   1: sent at 238094000000, MotionEvent { action=ACTION_DOWN, id[0]=0, x[0]=72.0, y[0]=276.0, toolType[0]=TOOL_TYPE_UNKNOWN, buttonState=0, metaState=0, flags=0x80000000, edgeFlags=0x0, pointerCount=1, historySize=0, eventTime=238094, downTime=238093, deviceId=0, source=0x1002 }
D/InputEventConsistencyVerifier(  472):   2: sent at 238025000000, MotionEvent { action=ACTION_DOWN, id[0]=0, x[0]=402.0, y[0]=632.0, toolType[0]=TOOL_TYPE_UNKNOWN, buttonState=0, metaState=0, flags=0x80000000, edgeFlags=0x0, pointerCount=1, historySize=0, eventTime=238025, downTime=238023, deviceId=0, source=0x1002 }
D/InputEventConsistencyVerifier(  472):   3: sent at 237768000000, MotionEvent { action=ACTION_DOWN, id[0]=0, x[0]=217.0, y[0]=713.0, toolType[0]=TOOL_TYPE_UNKNOWN, buttonState=0, metaState=0, flags=0x80000000, edgeFlags=0x0, pointerCount=1, historySize=0, eventTime=237768, downTime=237768, deviceId=0, source=0x1002 }
D/InputEventConsistencyVerifier(  472):   4: sent at 237320000000, MotionEvent { action=ACTION_MOVE, id[0]=0, x[0]=404.0, y[0]=494.0, toolType[0]=TOOL_TYPE_UNKNOWN, buttonState=0, metaState=0, flags=0x0, edgeFlags=0x0, pointerCount=1, historySize=6, eventTime=237320, downTime=237269, deviceId=0, source=0x1002 }
D/InputEventConsistencyVerifier(  472):   5: sent at 237272000000, MotionEvent { action=ACTION_DOWN, id[0]=0, x[0]=463.0, y[0]=438.0, toolType[0]=TOOL_TYPE_UNKNOWN, buttonState=0, metaState=0, flags=0x80000000, edgeFlags=0x0, pointerCount=1, historySize=0, eventTime=237272, downTime=237269, deviceId=0, source=0x1002 }
D/InputEventConsistencyVerifier(  472): KeyEvent: ACTION_UP but key was not down.
D/InputEventConsistencyVerifier(  472):   in com.android.systemui.statusbar.phone.StatusBarWindowView@b3de9248
D/InputEventConsistencyVerifier(  472):   0: sent at 238189000000, KeyEvent { action=ACTION_UP, keyCode=KEYCODE_DPAD_UP, scanCode=0, metaState=0, flags=0x400, repeatCount=0, eventTime=238189, downTime=238189, deviceId=-1, source=0x101 }
D/InputEventConsistencyVerifier(  472):   -- recent events --
D/InputEventConsistencyVerifier(  472):   1: sent at 238149000000, (unhandled) MotionEvent { action=ACTION_MOVE, id[0]=0, x[0]=3.0, y[0]=-4.0, toolType[0]=TOOL_TYPE_UNKNOWN, buttonState=0, metaState=0, flags=0x0, edgeFlags=0x0, pointerCount=1, historySize=9, eventTime=238149, downTime=-1, deviceId=0, source=0x10004 }
D/InputEventConsistencyVerifier(  472):   2: sent at 238153000000, MotionEvent { action=ACTION_DOWN, id[0]=0, x[0]=143.0, y[0]=207.0, toolType[0]=TOOL_TYPE_UNKNOWN, buttonState=0, metaState=0, flags=0x0, edgeFlags=0x0, pointerCount=1, historySize=0, eventTime=238153, downTime=238152, deviceId=0, source=0x1002 }
D/InputEventConsistencyVerifier(  472):   3: sent at 238099000000, MotionEvent { action=ACTION_UP, id[0]=0, x[0]=76.0, y[0]=277.0, toolType[0]=TOOL_TYPE_UNKNOWN, buttonState=0, metaState=0, flags=0x0, edgeFlags=0x0, pointerCount=1, historySize=0, eventTime=238099, downTime=238093, deviceId=0, source=0x1002 }
D/InputEventConsistencyVerifier(  472):   4: sent at 238094000000, MotionEvent { action=ACTION_DOWN, id[0]=0, x[0]=72.0, y[0]=276.0, toolType[0]=TOOL_TYPE_UNKNOWN, buttonState=0, metaState=0, flags=0x0, edgeFlags=0x0, pointerCount=1, historySize=0, eventTime=238094, downTime=238093, deviceId=0, source=0x1002 }
D/InputEventConsistencyVerifier(  472):   5: sent at 238057000000, MotionEvent { action=ACTION_UP, id[0]=0, x[0]=415.0, y[0]=674.0, toolType[0]=TOOL_TYPE_UNKNOWN, buttonState=0, metaState=0, flags=0x0, edgeFlags=0x0, pointerCount=1, historySize=0, eventTime=238057, downTime=238023, deviceId=0, source=0x1002 }
W/InputMethodManagerService(  224): Window already focused, ignoring focus gain of: com.android.internal.view.IInputMethodClient$Stub$Proxy@b416a048 attribute=android.view.inputmethod.EditorInfo@b416a060
I/Choreographer(  472): Skipped 38 frames!  The application may be doing too much work on its main thread.
D/InputEventConsistencyVerifier(  472): KeyEvent: ACTION_UP but key was not down.
D/InputEventConsistencyVerifier(  472):   in android.widget.FrameLayout@b3e08d98
D/InputEventConsistencyVerifier(  472):   0: sent at 238360000000, KeyEvent { action=ACTION_UP, keyCode=KEYCODE_DPAD_DOWN, scanCode=0, metaState=0, flags=0x400, repeatCount=0, eventTime=238360, downTime=238360, deviceId=-1, source=0x101 }
D/InputEventConsistencyVerifier(  472):   -- recent events --
D/InputEventConsistencyVerifier(  472):   1: sent at 238014000000, (unhandled) KeyEvent { action=ACTION_UP, keyCode=KEYCODE_MENU, scanCode=0, metaState=0, flags=0x8, repeatCount=0, eventTime=238014, downTime=238014, deviceId=-1, source=0x101 }
D/InputEventConsistencyVerifier(  472):   2: sent at 238009000000, (unhandled) KeyEvent { action=ACTION_DOWN, keyCode=KEYCODE_MENU, scanCode=0, metaState=0, flags=0x8, repeatCount=0, eventTime=238009, downTime=238009, deviceId=-1, source=0x101 }
D/InputEventConsistencyVerifier(  472):   3: sent at 237954000000, (unhandled) KeyEvent { action=ACTION_UP, keyCode=KEYCODE_MENU, scanCode=0, metaState=0, flags=0x8, repeatCount=0, eventTime=237954, downTime=237954, deviceId=-1, source=0x101 }
D/InputEventConsistencyVerifier(  472):   4: sent at 237804000000, (unhandled) KeyEvent { action=ACTION_DOWN, keyCode=KEYCODE_MENU, scanCode=0, metaState=0, flags=0x8, repeatCount=0, eventTime=237804, downTime=237804, deviceId=-1, source=0x101 }
D/InputEventConsistencyVerifier(  472):   5: sent at 237949000000, (unhandled) KeyEvent { action=ACTION_UP, keyCode=KEYCODE_DPAD_DOWN, scanCode=0, metaState=0, flags=0x400, repeatCount=0, eventTime=237949, downTime=237949, deviceId=-1, source=0x101 }
V/PhoneStatusBar(  472): setLightsOn(true)
I/Choreographer(  472): Skipped 31 frames!  The application may be doing too much work on its main thread.
D/PhoneStatusBar(  472): disable: < expand icons alerts ticker* system_info back home recent clock >
I/Choreographer( 1104): Skipped 47 frames!  The application may be doing too much work on its main thread.
D/PhoneStatusBar(  472): disable: < EXPAND* icons alerts ticker system_info back home recent clock >
D/InputEventConsistencyVerifier(  224): KeyEvent: ACTION_UP but key was not down.
D/InputEventConsistencyVerifier(  224):   in android.view.ViewRootImpl@b3ffecc8
D/InputEventConsistencyVerifier(  224):   0: sent at 239085000000, KeyEvent { action=ACTION_UP, keyCode=KEYCODE_BUTTON_6, scanCode=0, metaState=0, flags=0x8, repeatCount=0, eventTime=239085, downTime=239085, deviceId=-1, source=0x101 }
I/Choreographer(  224): Skipped 56 frames!  The application may be doing too much work on its main thread.
I/Choreographer( 1104): Skipped 153 frames!  The application may be doing too much work on its main thread.
D/InputEventConsistencyVerifier(  224): KeyEvent: ACTION_UP but key was not down.
D/InputEventConsistencyVerifier(  224):   in com.android.internal.policy.impl.PhoneWindow$DecorView@b3f104d8
D/InputEventConsistencyVerifier(  224):   0: sent at 239512000000, KeyEvent { action=ACTION_UP, keyCode=KEYCODE_DPAD_DOWN, scanCode=0, metaState=0, flags=0x8, repeatCount=0, eventTime=239512, downTime=239512, deviceId=-1, source=0x101 }
D/InputEventConsistencyVerifier(  224):   -- recent events --
D/InputEventConsistencyVerifier(  224):   1: sent at 239392000000, (unhandled) KeyEvent { action=ACTION_UP, keyCode=KEYCODE_DPAD_DOWN, scanCode=0, metaState=0, flags=0x8, repeatCount=0, eventTime=239392, downTime=239392, deviceId=-1, source=0x101 }
D/InputEventConsistencyVerifier(  224):   2: sent at 239388000000, (unhandled) KeyEvent { action=ACTION_DOWN, keyCode=KEYCODE_DPAD_DOWN, scanCode=0, metaState=0, flags=0x8, repeatCount=0, eventTime=239388, downTime=239388, deviceId=-1, source=0x101 }
D/InputEventConsistencyVerifier(  224):   3: sent at 239377000000, (unhandled) KeyEvent { action=ACTION_UP, keyCode=KEYCODE_DPAD_CENTER, scanCode=0, metaState=0, flags=0x8, repeatCount=0, eventTime=239377, downTime=239377, deviceId=-1, source=0x101 }
D/InputEventConsistencyVerifier(  224):   4: sent at 239373000000, (unhandled) KeyEvent { action=ACTION_DOWN, keyCode=KEYCODE_DPAD_CENTER, scanCode=0, metaState=0, flags=0x8, repeatCount=0, eventTime=239373, downTime=239373, deviceId=-1, source=0x101 }
D/InputEventConsistencyVerifier(  224):   5: sent at 239085000000, (unhandled) KeyEvent { action=ACTION_UP, keyCode=KEYCODE_BUTTON_6, scanCode=0, metaState=0, flags=0x80000008, repeatCount=0, eventTime=239085, downTime=239085, deviceId=-1, source=0x101 }
I/Choreographer(  224): Skipped 63 frames!  The application may be doing too much work on its main thread.
D/InputEventConsistencyVerifier(  224): KeyEvent: ACTION_UP but key was not down.
D/InputEventConsistencyVerifier(  224):   in com.android.internal.policy.impl.PhoneWindow$DecorView@b3f104d8
D/InputEventConsistencyVerifier(  224):   0: sent at 240062000000, KeyEvent { action=ACTION_UP, keyCode=KEYCODE_DPAD_UP, scanCode=0, metaState=0, flags=0x400, repeatCount=0, eventTime=240062, downTime=240062, deviceId=-1, source=0x101 }
D/InputEventConsistencyVerifier(  224):   -- recent events --
D/InputEventConsistencyVerifier(  224):   1: sent at 240025000000, (unhandled) MotionEvent { action=ACTION_MOVE, id[0]=0, x[0]=4.0, y[0]=-4.0, toolType[0]=TOOL_TYPE_UNKNOWN, buttonState=0, metaState=0, flags=0x0, edgeFlags=0x0, pointerCount=1, historySize=9, eventTime=240025, downTime=-1, deviceId=0, source=0x10004 }
D/InputEventConsistencyVerifier(  224):   2: sent at 239800000000, (unhandled) KeyEvent { action=ACTION_UP, keyCode=KEYCODE_DPAD_LEFT, scanCode=0, metaState=0, flags=0x8, repeatCount=0, eventTime=239800, downTime=239800, deviceId=-1, source=0x101 }
D/InputEventConsistencyVerifier(  224):   3: sent at 239655000000, (unhandled) KeyEvent { action=ACTION_DOWN, keyCode=KEYCODE_DPAD_LEFT, scanCode=0, metaState=0, flags=0x8, repeatCount=0, eventTime=239655, downTime=239655, deviceId=-1, source=0x101 }
D/InputEventConsistencyVerifier(  224):   4: sent at 239512000000, (unhandled) KeyEvent { action=ACTION_UP, keyCode=KEYCODE_DPAD_DOWN, scanCode=0, metaState=0, flags=0x80000008, repeatCount=0, eventTime=239512, downTime=239512, deviceId=-1, source=0x101 }
D/InputEventConsistencyVerifier(  224):   5: sent at 239392000000, (unhandled) KeyEvent { action=ACTION_UP, keyCode=KEYCODE_DPAD_DOWN, scanCode=0, metaState=0, flags=0x8, repeatCount=0, eventTime=239392, downTime=239392, deviceId=-1, source=0x101 }
I/Choreographer(  224): Skipped 68 frames!  The application may be doing too much work on its main thread.
W/WindowManager(  224): Failure taking screenshot for (246x410) to layer 21010
D/PhoneStatusBar(  472): disable: < expand* icons alerts ticker system_info back home recent clock >
V/PhoneStatusBar(  472): setLightsOn(true)
W/InputMethodManagerService(  224): Window already focused, ignoring focus gain of: com.android.internal.view.IInputMethodClient$Stub$Proxy@b3e908b0 attribute=android.view.inputmethod.EditorInfo@b42a42c0
I/Choreographer( 1104): Skipped 52 frames!  The application may be doing too much work on its main thread.
I/ActivityManager(  224): START {act=android.intent.action.VIEW dat=http://i4eo.com/?u=downloads-android.ru/engine/download.php?id=174?dl cmp=com.android.browser/.BrowserActivity u=0} from pid 1104
D/InputEventConsistencyVerifier( 1104): KeyEvent: ACTION_UP but key was not down.
D/InputEventConsistencyVerifier( 1104):   in com.android.internal.policy.impl.PhoneWindow$DecorView@b3e11390
D/InputEventConsistencyVerifier( 1104):   0: sent at 241227000000, KeyEvent { action=ACTION_UP, keyCode=KEYCODE_DPAD_LEFT, scanCode=0, metaState=0, flags=0x400, repeatCount=0, eventTime=241227, downTime=241227, deviceId=-1, source=0x101 }
D/InputEventConsistencyVerifier( 1104):   -- recent events --
D/InputEventConsistencyVerifier( 1104):   1: sent at 241171000000, (unhandled) MotionEvent { action=ACTION_MOVE, id[0]=0, x[0]=-4.0, y[0]=2.0, toolType[0]=TOOL_TYPE_UNKNOWN, buttonState=0, metaState=0, flags=0x0, edgeFlags=0x0, pointerCount=1, historySize=9, eventTime=241171, downTime=-1, deviceId=0, source=0x10004 }
D/InputEventConsistencyVerifier( 1104):   2: sent at 240953000000, MotionEvent { action=ACTION_UP, id[0]=0, x[0]=333.0, y[0]=738.0, toolType[0]=TOOL_TYPE_UNKNOWN, buttonState=0, metaState=0, flags=0x0, edgeFlags=0x0, pointerCount=1, historySize=0, eventTime=240953, downTime=240939, deviceId=0, source=0x1002 }
D/InputEventConsistencyVerifier( 1104):   3: sent at 240940000000, MotionEvent { action=ACTION_DOWN, id[0]=0, x[0]=344.0, y[0]=725.0, toolType[0]=TOOL_TYPE_UNKNOWN, buttonState=0, metaState=0, flags=0x0, edgeFlags=0x0, pointerCount=1, historySize=0, eventTime=240940, downTime=240939, deviceId=0, source=0x1002 }
D/InputEventConsistencyVerifier( 1104):   4: sent at 240905000000, MotionEvent { action=ACTION_UP, id[0]=0, x[0]=190.0, y[0]=430.0, toolType[0]=TOOL_TYPE_UNKNOWN, buttonState=0, metaState=0, flags=0x0, edgeFlags=0x0, pointerCount=1, historySize=0, eventTime=240905, downTime=240882, deviceId=0, source=0x1002 }
D/InputEventConsistencyVerifier( 1104):   5: sent at 240903000000, MotionEvent { action=ACTION_MOVE, id[0]=0, x[0]=175.0, y[0]=434.0, toolType[0]=TOOL_TYPE_UNKNOWN, buttonState=0, metaState=0, flags=0x0, edgeFlags=0x0, pointerCount=1, historySize=4, eventTime=240903, downTime=240882, deviceId=0, source=0x1002 }
D/InputEventConsistencyVerifier( 1104): TrackballEvent: Trackball is down but pressure is not greater than 0.
D/InputEventConsistencyVerifier( 1104):   in android.view.ViewRootImpl@b3e10ed0
D/InputEventConsistencyVerifier( 1104):   0: sent at 241173000000, MotionEvent { action=ACTION_DOWN, id[0]=0, x[0]=0.0, y[0]=0.0, toolType[0]=TOOL_TYPE_UNKNOWN, buttonState=0, metaState=0, flags=0x0, edgeFlags=0x0, pointerCount=1, historySize=0, eventTime=241173, downTime=240960, deviceId=0, source=0x10004 }
D/InputEventConsistencyVerifier( 1104):   -- recent events --
D/InputEventConsistencyVerifier( 1104):   1: sent at 241230000000, KeyEvent { action=ACTION_UP, keyCode=KEYCODE_DPAD_LEFT, scanCode=0, metaState=0, flags=0x400, repeatCount=0, eventTime=241230, downTime=241230, deviceId=-1, source=0x101 }
D/InputEventConsistencyVerifier( 1104):   2: sent at 241230000000, KeyEvent { action=ACTION_DOWN, keyCode=KEYCODE_DPAD_LEFT, scanCode=0, metaState=0, flags=0x400, repeatCount=0, eventTime=241230, downTime=241230, deviceId=-1, source=0x101 }
D/InputEventConsistencyVerifier( 1104):   3: sent at 241229000000, KeyEvent { action=ACTION_UP, keyCode=KEYCODE_DPAD_LEFT, scanCode=0, metaState=0, flags=0x400, repeatCount=0, eventTime=241229, downTime=241229, deviceId=-1, source=0x101 }
D/InputEventConsistencyVerifier( 1104):   4: sent at 241229000000, KeyEvent { action=ACTION_DOWN, keyCode=KEYCODE_DPAD_LEFT, scanCode=0, metaState=0, flags=0x400, repeatCount=0, eventTime=241229, downTime=241229, deviceId=-1, source=0x101 }
D/InputEventConsistencyVerifier( 1104):   5: sent at 241229000000, KeyEvent { action=ACTION_UP, keyCode=KEYCODE_DPAD_LEFT, scanCode=0, metaState=0, flags=0x400, repeatCount=0, eventTime=241229, downTime=241229, deviceId=-1, source=0x101 }
D/InputEventConsistencyVerifier( 1104): KeyEvent: ACTION_UP but key was not down.
D/InputEventConsistencyVerifier( 1104):   in com.android.internal.policy.impl.PhoneWindow$DecorView@b3e11390
D/InputEventConsistencyVerifier( 1104):   0: sent at 241823000000, KeyEvent { action=ACTION_UP, keyCode=KEYCODE_DPAD_DOWN, scanCode=0, metaState=0, flags=0x8, repeatCount=0, eventTime=241823, downTime=241823, deviceId=-1, source=0x101 }
D/InputEventConsistencyVerifier( 1104):   -- recent events --
D/InputEventConsistencyVerifier( 1104):   1: sent at 241777000000, MotionEvent { action=ACTION_UP, id[0]=0, x[0]=225.0, y[0]=506.0, toolType[0]=TOOL_TYPE_UNKNOWN, buttonState=0, metaState=0, flags=0x0, edgeFlags=0x0, pointerCount=1, historySize=0, eventTime=241777, downTime=241735, deviceId=0, source=0x1002 }
D/InputEventConsistencyVerifier( 1104):   2: sent at 241775000000, MotionEvent { action=ACTION_MOVE, id[0]=0, x[0]=227.0, y[0]=523.0, toolType[0]=TOOL_TYPE_UNKNOWN, buttonState=0, metaState=0, flags=0x0, edgeFlags=0x0, pointerCount=1, historySize=7, eventTime=241775, downTime=241735, deviceId=0, source=0x1002 }
D/InputEventConsistencyVerifier( 1104):   3: sent at 241737000000, MotionEvent { action=ACTION_DOWN, id[0]=0, x[0]=236.0, y[0]=597.0, toolType[0]=TOOL_TYPE_UNKNOWN, buttonState=0, metaState=0, flags=0x0, edgeFlags=0x0, pointerCount=1, historySize=0, eventTime=241737, downTime=241735, deviceId=0, source=0x1002 }
D/InputEventConsistencyVerifier( 1104):   4: sent at 241726000000, MotionEvent { action=ACTION_UP, id[0]=0, x[0]=393.0, y[0]=384.0, toolType[0]=TOOL_TYPE_UNKNOWN, buttonState=0, metaState=0, flags=0x0, edgeFlags=0x0, pointerCount=1, historySize=0, eventTime=241726, downTime=241698, deviceId=0, source=0x1002 }
D/InputEventConsistencyVerifier( 1104):   5: sent at 241699000000, MotionEvent { action=ACTION_DOWN, id[0]=0, x[0]=399.0, y[0]=382.0, toolType[0]=TOOL_TYPE_UNKNOWN, buttonState=0, metaState=0, flags=0x0, edgeFlags=0x0, pointerCount=1, historySize=0, eventTime=241699, downTime=241698, deviceId=0, source=0x1002 }
D/InputEventConsistencyVerifier( 1104): KeyEvent: ACTION_UP but key was not down.
D/InputEventConsistencyVerifier( 1104):   in android.widget.Button@b3df43c8
D/InputEventConsistencyVerifier( 1104):   0: sent at 242603000000, KeyEvent { action=ACTION_UP, keyCode=KEYCODE_DPAD_DOWN, scanCode=0, metaState=0, flags=0x400, repeatCount=0, eventTime=242603, downTime=242603, deviceId=-1, source=0x101 }
D/InputEventConsistencyVerifier( 1104):   -- recent events --
D/InputEventConsistencyVerifier( 1104):   1: sent at 240953000000, MotionEvent { action=ACTION_UP, id[0]=0, x[0]=333.0, y[0]=82.0, toolType[0]=TOOL_TYPE_UNKNOWN, buttonState=0, metaState=0, flags=0x0, edgeFlags=0x0, pointerCount=1, historySize=0, eventTime=240953, downTime=240939, deviceId=0, source=0x1002 }
D/InputEventConsistencyVerifier( 1104):   2: sent at 240940000000, MotionEvent { action=ACTION_DOWN, id[0]=0, x[0]=344.0, y[0]=69.0, toolType[0]=TOOL_TYPE_UNKNOWN, buttonState=0, metaState=0, flags=0x0, edgeFlags=0x0, pointerCount=1, historySize=0, eventTime=240940, downTime=240939, deviceId=0, source=0x1002 }
D/InputEventConsistencyVerifier( 1104):   3: sent at 234125000000, MotionEvent { action=ACTION_UP, id[0]=0, x[0]=349.0, y[0]=31.0, toolType[0]=TOOL_TYPE_UNKNOWN, buttonState=0, metaState=0, flags=0x0, edgeFlags=0x0, pointerCount=1, historySize=0, eventTime=234125, downTime=234099, deviceId=0, source=0x1002 }
D/InputEventConsistencyVerifier( 1104):   4: sent at 234099000000, MotionEvent { action=ACTION_DOWN, id[0]=0, x[0]=344.0, y[0]=40.0, toolType[0]=TOOL_TYPE_UNKNOWN, buttonState=0, metaState=0, flags=0x0, edgeFlags=0x0, pointerCount=1, historySize=0, eventTime=234099, downTime=234099, deviceId=0, source=0x1002 }
D/InputEventConsistencyVerifier( 1104):   5: sent at 234065000000, (unhandled) KeyEvent { action=ACTION_UP, keyCode=KEYCODE_MENU, scanCode=0, metaState=0, flags=0x8, repeatCount=0, eventTime=234065, downTime=234065, deviceId=-1, source=0x101 }
D/InputEventConsistencyVerifier( 1104): KeyEvent: ACTION_UP but key was not down.
D/InputEventConsistencyVerifier( 1104):   in android.widget.Button@b3e025e8
D/InputEventConsistencyVerifier( 1104):   0: sent at 242604000000, KeyEvent { action=ACTION_UP, keyCode=KEYCODE_DPAD_DOWN, scanCode=0, metaState=0, flags=0x400, repeatCount=0, eventTime=242604, downTime=242604, deviceId=-1, source=0x101 }
D/InputEventConsistencyVerifier( 1104):   -- recent events --
D/InputEventConsistencyVerifier( 1104):   1: sent at 233399000000, (unhandled) KeyEvent { action=ACTION_UP, keyCode=KEYCODE_DPAD_DOWN, scanCode=0, metaState=0, flags=0x80000008, repeatCount=0, eventTime=233399, downTime=233399, deviceId=-1, source=0x101 }
D/InputEventConsistencyVerifier( 1104):   2: sent at 231275000000, (unhandled) KeyEvent { action=ACTION_UP, keyCode=KEYCODE_MENU, scanCode=0, metaState=0, flags=0x8, repeatCount=0, eventTime=231275, downTime=231275, deviceId=-1, source=0x101 }
D/InputEventConsistencyVerifier( 1104):   3: sent at 231134000000, (unhandled) KeyEvent { action=ACTION_DOWN, keyCode=KEYCODE_MENU, scanCode=0, metaState=0, flags=0x8, repeatCount=0, eventTime=231134, downTime=231134, deviceId=-1, source=0x101 }
D/InputEventConsistencyVerifier( 1104):   4: sent at 231269000000, (unhandled) KeyEvent { action=ACTION_UP, keyCode=KEYCODE_DPAD_RIGHT, scanCode=0, metaState=0, flags=0x400, repeatCount=0, eventTime=231269, downTime=231269, deviceId=-1, source=0x101 }
D/InputEventConsistencyVerifier( 1104):   5: sent at 231269000000, (unhandled) KeyEvent { action=ACTION_DOWN, keyCode=KEYCODE_DPAD_RIGHT, scanCode=0, metaState=0, flags=0x400, repeatCount=0, eventTime=231269, downTime=231269, deviceId=-1, source=0x101 }
D/InputEventConsistencyVerifier( 1104): TrackballEvent: Trackball is down but pressure is not greater than 0.
D/InputEventConsistencyVerifier( 1104):   in android.view.ViewRootImpl@b3e10ed0
D/InputEventConsistencyVerifier( 1104):   0: sent at 243260000000, MotionEvent { action=ACTION_DOWN, id[0]=0, x[0]=0.0, y[0]=0.0, toolType[0]=TOOL_TYPE_UNKNOWN, buttonState=0, metaState=0, flags=0x0, edgeFlags=0x0, pointerCount=1, historySize=0, eventTime=243260, downTime=243229, deviceId=0, source=0x10004 }
D/InputEventConsistencyVerifier( 1104):   -- recent events --
D/InputEventConsistencyVerifier( 1104):   1: sent at 243257000000, MotionEvent { action=ACTION_MOVE, id[0]=0, x[0]=2.0, y[0]=-1.0, toolType[0]=TOOL_TYPE_UNKNOWN, buttonState=0, metaState=0, flags=0x0, edgeFlags=0x0, pointerCount=1, historySize=9, eventTime=243257, downTime=-1, deviceId=0, source=0x10004 }
D/InputEventConsistencyVerifier( 1104):   2: sent at 243219000000, MotionEvent { action=ACTION_UP, id[0]=0, x[0]=140.0, y[0]=500.0, toolType[0]=TOOL_TYPE_UNKNOWN, buttonState=0, metaState=0, flags=0x0, edgeFlags=0x0, pointerCount=1, historySize=0, eventTime=243219, downTime=243183, deviceId=0, source=0x1002 }
D/InputEventConsistencyVerifier( 1104):   3: sent at 243189000000, MotionEvent { action=ACTION_MOVE, id[0]=0, x[0]=140.0, y[0]=516.0, toolType[0]=TOOL_TYPE_UNKNOWN, buttonState=0, metaState=0, flags=0x0, edgeFlags=0x0, pointerCount=1, historySize=0, eventTime=243189, downTime=243183, deviceId=0, source=0x1002 }
D/InputEventConsistencyVerifier( 1104):   4: sent at 243183000000, MotionEvent { action=ACTION_DOWN, id[0]=0, x[0]=141.0, y[0]=523.0, toolType[0]=TOOL_TYPE_UNKNOWN, buttonState=0, metaState=0, flags=0x0, edgeFlags=0x0, pointerCount=1, historySize=0, eventTime=243183, downTime=243183, deviceId=0, source=0x1002 }
D/InputEventConsistencyVerifier( 1104):   5: sent at 243125000000, KeyEvent { action=ACTION_UP, keyCode=KEYCODE_DPAD_UP, scanCode=0, metaState=0, flags=0x8, repeatCount=0, eventTime=243125, downTime=243125, deviceId=-1, source=0x101 }
D/InputEventConsistencyVerifier( 1104): KeyEvent: ACTION_UP but key was not down.
D/InputEventConsistencyVerifier( 1104):   in com.android.internal.policy.impl.PhoneWindow$DecorView@b3e11390
D/InputEventConsistencyVerifier( 1104):   0: sent at 243346000000, KeyEvent { action=ACTION_UP, keyCode=KEYCODE_DPAD_RIGHT, scanCode=0, metaState=0, flags=0x400, repeatCount=0, eventTime=243346, downTime=243346, deviceId=-1, source=0x101 }
D/InputEventConsistencyVerifier( 1104):   -- recent events --
D/InputEventConsistencyVerifier( 1104):   1: sent at 243263000000, (unhandled) MotionEvent { action=ACTION_UP, id[0]=0, x[0]=0.0, y[0]=0.0, toolType[0]=TOOL_TYPE_UNKNOWN, buttonState=0, metaState=0, flags=0x0, edgeFlags=0x0, pointerCount=1, historySize=0, eventTime=243263, downTime=243229, deviceId=0, source=0x10004 }
D/InputEventConsistencyVerifier( 1104):   2: sent at 243260000000, (unhandled) MotionEvent { action=ACTION_DOWN, id[0]=0, x[0]=0.0, y[0]=0.0, toolType[0]=TOOL_TYPE_UNKNOWN, buttonState=0, metaState=0, flags=0x80000000, edgeFlags=0x0, pointerCount=1, historySize=0, eventTime=243260, downTime=243229, deviceId=0, source=0x10004 }
D/InputEventConsistencyVerifier( 1104):   3: sent at 243257000000, (unhandled) MotionEvent { action=ACTION_MOVE, id[0]=0, x[0]=2.0, y[0]=-1.0, toolType[0]=TOOL_TYPE_UNKNOWN, buttonState=0, metaState=0, flags=0x0, edgeFlags=0x0, pointerCount=1, historySize=9, eventTime=243257, downTime=-1, deviceId=0, source=0x10004 }
D/InputEventConsistencyVerifier( 1104):   4: sent at 243219000000, MotionEvent { action=ACTION_UP, id[0]=0, x[0]=140.0, y[0]=500.0, toolType[0]=TOOL_TYPE_UNKNOWN, buttonState=0, metaState=0, flags=0x0, edgeFlags=0x0, pointerCount=1, historySize=0, eventTime=243219, downTime=243183, deviceId=0, source=0x1002 }
D/InputEventConsistencyVerifier( 1104):   5: sent at 243189000000, MotionEvent { action=ACTION_MOVE, id[0]=0, x[0]=140.0, y[0]=516.0, toolType[0]=TOOL_TYPE_UNKNOWN, buttonState=0, metaState=0, flags=0x0, edgeFlags=0x0, pointerCount=1, historySize=0, eventTime=243189, downTime=243183, deviceId=0, source=0x1002 }
D/InputEventConsistencyVerifier( 1104): KeyEvent: ACTION_UP but key was not down.
D/InputEventConsistencyVerifier( 1104):   in com.android.internal.policy.impl.PhoneWindow$DecorView@b3e11390
D/InputEventConsistencyVerifier( 1104):   0: sent at 244044000000, KeyEvent { action=ACTION_UP, keyCode=KEYCODE_DPAD_UP, scanCode=0, metaState=0, flags=0x8, repeatCount=0, eventTime=244044, downTime=244044, deviceId=-1, source=0x101 }
D/InputEventConsistencyVerifier( 1104):   -- recent events --
D/InputEventConsistencyVerifier( 1104):   1: sent at 244010000000, MotionEvent { action=ACTION_UP, id[0]=0, x[0]=480.0, y[0]=252.0, toolType[0]=TOOL_TYPE_UNKNOWN, buttonState=0, metaState=0, flags=0x0, edgeFlags=0x0, pointerCount=1, historySize=0, eventTime=244010, downTime=243960, deviceId=0, source=0x1002 }
D/InputEventConsistencyVerifier( 1104):   2: sent at 243988000000, MotionEvent { action=ACTION_MOVE, id[0]=0, x[0]=480.0, y[0]=251.0, toolType[0]=TOOL_TYPE_UNKNOWN, buttonState=0, metaState=0, flags=0x0, edgeFlags=0x0, pointerCount=1, historySize=0, eventTime=243988, downTime=243960, deviceId=0, source=0x1002 }
D/InputEventConsistencyVerifier( 1104):   3: sent at 243987500000, MotionEvent { action=ACTION_MOVE, id[0]=0, x[0]=480.5, y[0]=251.5, toolType[0]=TOOL_TYPE_UNKNOWN, buttonState=0, metaState=0, flags=0x0, edgeFlags=0x0, pointerCount=1, historySize=8, eventTime=243987, downTime=243960, deviceId=0, source=0x1002 }
D/InputEventConsistencyVerifier( 1104):   4: sent at 243963000000, MotionEvent { action=ACTION_DOWN, id[0]=0, x[0]=436.0, y[0]=235.0, toolType[0]=TOOL_TYPE_UNKNOWN, buttonState=0, metaState=0, flags=0x0, edgeFlags=0x0, pointerCount=1, historySize=0, eventTime=243963, downTime=243960, deviceId=0, source=0x1002 }
D/InputEventConsistencyVerifier( 1104):   5: sent at 243953000000, MotionEvent { action=ACTION_UP, id[0]=0, x[0]=406.0, y[0]=450.0, toolType[0]=TOOL_TYPE_UNKNOWN, buttonState=0, metaState=0, flags=0x0, edgeFlags=0x0, pointerCount=1, historySize=0, eventTime=243953, downTime=243914, deviceId=0, source=0x1002 }
I/ActivityManager(  224): START {act=android.intent.action.MAIN cat=[android.intent.category.LAUNCHER] flg=0x10200000 cmp=fhvm.vnnej/.JKldv u=0} from pid 1086
I/ActivityManager(  224): START {act=android.intent.action.MAIN cat=[android.intent.category.LAUNCHER] flg=0x10200000 cmp=fhvm.vnnej/.JKldv u=0} from pid 1086
I/ActivityManager(  224): START {act=android.intent.action.MAIN cat=[android.intent.category.LAUNCHER] flg=0x10200000 cmp=fhvm.vnnej/.JKldv u=0} from pid 1086
D/InputEventConsistencyVerifier( 1104): TrackballEvent: Trackball is down but pressure is not greater than 0.
D/InputEventConsistencyVerifier( 1104):   in android.view.ViewRootImpl@b3f189b8
D/InputEventConsistencyVerifier( 1104):   0: sent at 244573000000, MotionEvent { action=ACTION_DOWN, id[0]=0, x[0]=0.0, y[0]=0.0, toolType[0]=TOOL_TYPE_UNKNOWN, buttonState=0, metaState=0, flags=0x0, edgeFlags=0x0, pointerCount=1, historySize=0, eventTime=244573, downTime=244523, deviceId=0, source=0x10004 }
D/InputEventConsistencyVerifier( 1104):   -- recent events --
D/InputEventConsistencyVerifier( 1104):   1: sent at 244746000000, KeyEvent { action=ACTION_UP, keyCode=KEYCODE_DPAD_DOWN, scanCode=0, metaState=0, flags=0x400, repeatCount=0, eventTime=244746, downTime=244746, deviceId=-1, source=0x101 }
D/InputEventConsistencyVerifier( 1104):   2: sent at 244746000000, KeyEvent { action=ACTION_DOWN, keyCode=KEYCODE_DPAD_DOWN, scanCode=0, metaState=0, flags=0x400, repeatCount=0, eventTime=244746, downTime=244746, deviceId=-1, source=0x101 }
D/InputEventConsistencyVerifier( 1104):   3: sent at 244745000000, KeyEvent { action=ACTION_UP, keyCode=KEYCODE_DPAD_DOWN, scanCode=0, metaState=0, flags=0x400, repeatCount=0, eventTime=244745, downTime=244745, deviceId=-1, source=0x101 }
D/InputEventConsistencyVerifier( 1104):   4: sent at 244745000000, KeyEvent { action=ACTION_DOWN, keyCode=KEYCODE_DPAD_DOWN, scanCode=0, metaState=0, flags=0x400, repeatCount=0, eventTime=244745, downTime=244745, deviceId=-1, source=0x101 }
D/InputEventConsistencyVerifier( 1104):   5: sent at 244744000000, KeyEvent { action=ACTION_UP, keyCode=KEYCODE_DPAD_DOWN, scanCode=0, metaState=0, flags=0x400, repeatCount=0, eventTime=244744, downTime=244744, deviceId=-1, source=0x101 }
I/Choreographer( 1104): Skipped 82 frames!  The application may be doing too much work on its main thread.
D/InputEventConsistencyVerifier( 1104): KeyEvent: ACTION_UP but key was not down.
D/InputEventConsistencyVerifier( 1104):   in android.view.ViewRootImpl@b3e10ed0
D/InputEventConsistencyVerifier( 1104):   0: sent at 245056000000, KeyEvent { action=ACTION_UP, keyCode=KEYCODE_DPAD_CENTER, scanCode=0, metaState=0, flags=0x8, repeatCount=0, eventTime=245056, downTime=245056, deviceId=-1, source=0x101 }
D/InputEventConsistencyVerifier( 1104):   -- recent events --
D/InputEventConsistencyVerifier( 1104):   1: sent at 244263000000, MotionEvent { action=ACTION_UP, id[0]=0, x[0]=8.0, y[0]=578.0, toolType[0]=TOOL_TYPE_UNKNOWN, buttonState=0, metaState=0, flags=0x0, edgeFlags=0x0, pointerCount=1, historySize=0, eventTime=244263, downTime=244233, deviceId=0, source=0x1002 }
D/InputEventConsistencyVerifier( 1104):   2: sent at 244233000000, MotionEvent { action=ACTION_DOWN, id[0]=0, x[0]=15.0, y[0]=574.0, toolType[0]=TOOL_TYPE_UNKNOWN, buttonState=0, metaState=0, flags=0x0, edgeFlags=0x0, pointerCount=1, historySize=0, eventTime=244233, downTime=244233, deviceId=0, source=0x1002 }
D/InputEventConsistencyVerifier( 1104):   3: sent at 244126000000, KeyEvent { action=ACTION_UP, keyCode=KEYCODE_MENU, scanCode=0, metaState=0, flags=0x8, repeatCount=0, eventTime=244126, downTime=244126, deviceId=-1, source=0x101 }
D/InputEventConsistencyVerifier( 1104):   4: sent at 244097000000, KeyEvent { action=ACTION_DOWN, keyCode=KEYCODE_MENU, scanCode=0, metaState=0, flags=0x8, repeatCount=0, eventTime=244097, downTime=244097, deviceId=-1, source=0x101 }
D/InputEventConsistencyVerifier( 1104):   5: sent at 244044000000, KeyEvent { action=ACTION_UP, keyCode=KEYCODE_DPAD_UP, scanCode=0, metaState=0, flags=0x8, repeatCount=0, eventTime=244044, downTime=244044, deviceId=-1, source=0x101 }
I/Choreographer( 1104): Skipped 64 frames!  The application may be doing too much work on its main thread.
W/InputMethodManagerService(  224): Window already focused, ignoring focus gain of: com.android.internal.view.IInputMethodClient$Stub$Proxy@b3e56c98 attribute=android.view.inputmethod.EditorInfo@b4108a38
D/InputEventConsistencyVerifier( 1104): KeyEvent: ACTION_UP but key was not down.
D/InputEventConsistencyVerifier( 1104):   in com.android.internal.policy.impl.PhoneWindow$DecorView@b3e11390
D/InputEventConsistencyVerifier( 1104):   0: sent at 245344000000, KeyEvent { action=ACTION_UP, keyCode=KEYCODE_DPAD_LEFT, scanCode=0, metaState=0, flags=0x8, repeatCount=0, eventTime=245344, downTime=245344, deviceId=-1, source=0x101 }
D/InputEventConsistencyVerifier( 1104):   -- recent events --
D/InputEventConsistencyVerifier( 1104):   1: sent at 245056000000, (unhandled) KeyEvent { action=ACTION_UP, keyCode=KEYCODE_DPAD_CENTER, scanCode=0, metaState=0, flags=0x80000008, repeatCount=0, eventTime=245056, downTime=245056, deviceId=-1, source=0x101 }
D/InputEventConsistencyVerifier( 1104):   2: sent at 244263000000, MotionEvent { action=ACTION_UP, id[0]=0, x[0]=8.0, y[0]=578.0, toolType[0]=TOOL_TYPE_UNKNOWN, buttonState=0, metaState=0, flags=0x0, edgeFlags=0x0, pointerCount=1, historySize=0, eventTime=244263, downTime=244233, deviceId=0, source=0x1002 }
D/InputEventConsistencyVerifier( 1104):   3: sent at 244233000000, MotionEvent { action=ACTION_DOWN, id[0]=0, x[0]=15.0, y[0]=574.0, toolType[0]=TOOL_TYPE_UNKNOWN, buttonState=0, metaState=0, flags=0x0, edgeFlags=0x0, pointerCount=1, historySize=0, eventTime=244233, downTime=244233, deviceId=0, source=0x1002 }
