E/WVMExtractor(   63): Failed to open libwvm.so
I/Choreographer(  976): Skipped 153 frames!  The application may be doing too much work on its main thread.
E/WVMExtractor(   63): Failed to open libwvm.so
I/Choreographer(  976): Skipped 145 frames!  The application may be doing too much work on its main thread.
W/InputMethodManagerService(  229): Window already focused, ignoring focus gain of: com.android.internal.view.IInputMethodClient$Stub$Proxy@b3f5d5f8 attribute=null
E/WVMExtractor(   63): Failed to open libwvm.so
V/test    (  976): update db
E/WVMExtractor(   63): Failed to open libwvm.so
I/Choreographer(  976): Skipped 106 frames!  The application may be doing too much work on its main thread.
W/BackupManagerService(  229): dataChanged but no participant pkg='com.android.providers.settings' uid=1001
E/WVMExtractor(   63): Failed to open libwvm.so
E/WVMExtractor(   63): Failed to open libwvm.so
I/Choreographer(  976): Skipped 158 frames!  The application may be doing too much work on its main thread.
E/WVMExtractor(   63): Failed to open libwvm.so
I/Choreographer(  976): Skipped 132 frames!  The application may be doing too much work on its main thread.
E/WVMExtractor(   63): Failed to open libwvm.so
I/Choreographer(  976): Skipped 66 frames!  The application may be doing too much work on its main thread.
D/InputEventConsistencyVerifier(  976): TrackballEvent: Trackball is down but pressure is not greater than 0.
D/InputEventConsistencyVerifier(  976):   in android.view.ViewRootImpl@b3da1ff0
D/InputEventConsistencyVerifier(  976):   0: sent at 140995000000, MotionEvent { action=ACTION_DOWN, id[0]=0, x[0]=0.0, y[0]=0.0, toolType[0]=TOOL_TYPE_UNKNOWN, buttonState=0, metaState=0, flags=0x0, edgeFlags=0x0, pointerCount=1, historySize=0, eventTime=140995, downTime=140883, deviceId=0, source=0x10004 }
D/InputEventConsistencyVerifier(  976):   -- recent events --
D/InputEventConsistencyVerifier(  976):   1: sent at 141040000000, KeyEvent { action=ACTION_UP, keyCode=KEYCODE_DPAD_LEFT, scanCode=0, metaState=0, flags=0x400, repeatCount=0, eventTime=141040, downTime=141040, deviceId=-1, source=0x101 }
D/InputEventConsistencyVerifier(  976):   2: sent at 141040000000, KeyEvent { action=ACTION_DOWN, keyCode=KEYCODE_DPAD_LEFT, scanCode=0, metaState=0, flags=0x400, repeatCount=0, eventTime=141040, downTime=141040, deviceId=-1, source=0x101 }
D/InputEventConsistencyVerifier(  976):   3: sent at 141039000000, KeyEvent { action=ACTION_UP, keyCode=KEYCODE_DPAD_LEFT, scanCode=0, metaState=0, flags=0x400, repeatCount=0, eventTime=141039, downTime=141039, deviceId=-1, source=0x101 }
D/InputEventConsistencyVerifier(  976):   4: sent at 141039000000, KeyEvent { action=ACTION_DOWN, keyCode=KEYCODE_DPAD_LEFT, scanCode=0, metaState=0, flags=0x400, repeatCount=0, eventTime=141039, downTime=141039, deviceId=-1, source=0x101 }
D/InputEventConsistencyVerifier(  976):   5: sent at 140964000000, MotionEvent { action=ACTION_MOVE, id[0]=0, x[0]=-2.0, y[0]=0.0, toolType[0]=TOOL_TYPE_UNKNOWN, buttonState=0, metaState=0, flags=0x0, edgeFlags=0x0, pointerCount=1, historySize=19, eventTime=140964, downTime=-1, deviceId=0, source=0x10004 }
E/WVMExtractor(   63): Failed to open libwvm.so
W/dalvikvm(  427): DroidBox: { "FdAccess": { "path": "2f70726f632f6d656d696e666f", "id": "166950098" } }
W/DroidBox(  427): DroidBox: { "FileRW": { "operation": "read", "data": "4d656d546f74616c3a202020202020202020373438393634206b420a4d656d467265653a20202020202020202020343531323132206b420a427566666572733a20202020202020202020202035353332206b420a4361636865643a202020202020202020", "id": "166950098" } }
W/dalvikvm(  427): DroidBox: { "FdAccess": { "path": "2f70726f632f6d656d696e666f", "id": "2128984224" } }
W/DroidBox(  427): DroidBox: { "FileRW": { "operation": "read", "data": "4d656d546f74616c3a202020202020202020373438393634206b420a4d656d467265653a20202020202020202020343439373234206b420a427566666572733a20202020202020202020202035353332206b420a4361636865643a202020202020202020", "id": "2128984224" } }
W/dalvikvm(  427): DroidBox: { "FdAccess": { "path": "2f70726f632f6d656d696e666f", "id": "1728799707" } }
W/DroidBox(  427): DroidBox: { "FileRW": { "operation": "read", "data": "4d656d546f74616c3a202020202020202020373438393634206b420a4d656d467265653a20202020202020202020343439373234206b420a427566666572733a20202020202020202020202035353332206b420a4361636865643a202020202020202020", "id": "1728799707" } }
I/Choreographer(  427): Skipped 60 frames!  The application may be doing too much work on its main thread.
D/InputEventConsistencyVerifier(  427): KeyEvent: ACTION_UP but key was not down.
D/InputEventConsistencyVerifier(  427):   in com.android.systemui.statusbar.phone.StatusBarWindowView@b3de3248
D/InputEventConsistencyVerifier(  427):   0: sent at 141456000000, KeyEvent { action=ACTION_UP, keyCode=KEYCODE_DPAD_LEFT, scanCode=0, metaState=0, flags=0x400, repeatCount=0, eventTime=141456, downTime=141456, deviceId=-1, source=0x101 }
D/InputEventConsistencyVerifier(  427):   -- recent events --
D/InputEventConsistencyVerifier(  427):   1: sent at 141321000000, (unhandled) MotionEvent { action=ACTION_MOVE, id[0]=0, x[0]=-4.0, y[0]=-2.0, toolType[0]=TOOL_TYPE_UNKNOWN, buttonState=0, metaState=0, flags=0x0, edgeFlags=0x0, pointerCount=1, historySize=9, eventTime=141321, downTime=-1, deviceId=0, source=0x10004 }
D/InputEventConsistencyVerifier(  427):   2: sent at 141332000000, MotionEvent { action=ACTION_UP, id[0]=0, x[0]=353.0, y[0]=440.0, toolType[0]=TOOL_TYPE_UNKNOWN, buttonState=0, metaState=0, flags=0x0, edgeFlags=0x0, pointerCount=1, historySize=0, eventTime=141332, downTime=141325, deviceId=0, source=0x1002 }
D/InputEventConsistencyVerifier(  427):   3: sent at 141326000000, MotionEvent { action=ACTION_DOWN, id[0]=0, x[0]=365.0, y[0]=455.0, toolType[0]=TOOL_TYPE_UNKNOWN, buttonState=0, metaState=0, flags=0x0, edgeFlags=0x0, pointerCount=1, historySize=0, eventTime=141326, downTime=141325, deviceId=0, source=0x1002 }
D/InputEventConsistencyVerifier(  427):   4: sent at 141290000000, MotionEvent { action=ACTION_UP, id[0]=0, x[0]=480.0, y[0]=74.0, toolType[0]=TOOL_TYPE_UNKNOWN, buttonState=0, metaState=0, flags=0x0, edgeFlags=0x0, pointerCount=1, historySize=0, eventTime=141290, downTime=141145, deviceId=0, source=0x1002 }
D/InputEventConsistencyVerifier(  427):   5: sent at 141288000000, MotionEvent { action=ACTION_MOVE, id[0]=0, x[0]=480.0, y[0]=67.0, toolType[0]=TOOL_TYPE_UNKNOWN, buttonState=0, metaState=0, flags=0x0, edgeFlags=0x0, pointerCount=1, historySize=5, eventTime=141288, downTime=141145, deviceId=0, source=0x1002 }
D/InputEventConsistencyVerifier(  427): KeyEvent: ACTION_UP but key was not down.
D/InputEventConsistencyVerifier(  427):   in android.widget.FrameLayout@b3db32c8
D/InputEventConsistencyVerifier(  427):   0: sent at 141482000000, KeyEvent { action=ACTION_UP, keyCode=KEYCODE_DPAD_DOWN, scanCode=0, metaState=0, flags=0x8, repeatCount=0, eventTime=141482, downTime=141482, deviceId=-1, source=0x101 }
D/PhoneStatusBar(  427): disable: < expand icons alerts TICKER* system_info back home recent clock >
V/PhoneStatusBar(  427): setLightsOn(true)
I/Choreographer(  427): Skipped 77 frames!  The application may be doing too much work on its main thread.
W/dalvikvm(  427): DroidBox: { "FdAccess": { "path": "2f70726f632f6d656d696e666f", "id": "2068085654" } }
W/DroidBox(  427): DroidBox: { "FileRW": { "operation": "read", "data": "4d656d546f74616c3a202020202020202020373438393634206b420a4d656d467265653a20202020202020202020343438313132206b420a427566666572733a20202020202020202020202035353332206b420a4361636865643a202020202020202020", "id": "2068085654" } }
D/InputEventConsistencyVerifier(  427): KeyEvent: ACTION_UP but key was not down.
D/InputEventConsistencyVerifier(  427):   in com.android.systemui.statusbar.phone.StatusBarWindowView@b3de3248
D/InputEventConsistencyVerifier(  427):   0: sent at 141815000000, KeyEvent { action=ACTION_UP, keyCode=KEYCODE_DPAD_LEFT, scanCode=0, metaState=0, flags=0x8, repeatCount=0, eventTime=141815, downTime=141815, deviceId=-1, source=0x101 }
D/InputEventConsistencyVerifier(  427):   -- recent events --
D/InputEventConsistencyVerifier(  427):   1: sent at 141738000000, (unhandled) KeyEvent { action=ACTION_UP, keyCode=KEYCODE_DPAD_DOWN, scanCode=0, metaState=0, flags=0x8, repeatCount=0, eventTime=141738, downTime=141738, deviceId=-1, source=0x101 }
D/InputEventConsistencyVerifier(  427):   2: sent at 141726000000, (unhandled) KeyEvent { action=ACTION_DOWN, keyCode=KEYCODE_DPAD_DOWN, scanCode=0, metaState=0, flags=0x8, repeatCount=0, eventTime=141726, downTime=141726, deviceId=-1, source=0x101 }
D/InputEventConsistencyVerifier(  427):   3: sent at 141518000000, (unhandled) KeyEvent { action=ACTION_UP, keyCode=KEYCODE_VOLUME_UP, scanCode=0, metaState=0, flags=0x8, repeatCount=0, eventTime=141518, downTime=141518, deviceId=-1, source=0x101 }
D/InputEventConsistencyVerifier(  427):   4: sent at 141506000000, (unhandled) KeyEvent { action=ACTION_DOWN, keyCode=KEYCODE_VOLUME_UP, scanCode=0, metaState=0, flags=0x8, repeatCount=0, eventTime=141506, downTime=141506, deviceId=-1, source=0x101 }
D/InputEventConsistencyVerifier(  427):   5: sent at 141482000000, (unhandled) KeyEvent { action=ACTION_UP, keyCode=KEYCODE_DPAD_DOWN, scanCode=0, metaState=0, flags=0x8, repeatCount=0, eventTime=141482, downTime=141482, deviceId=-1, source=0x101 }
D/InputEventConsistencyVerifier(  427): TouchEvent: ACTION_DOWN but pointers are already down.  Probably missing ACTION_UP from previous gesture.
D/InputEventConsistencyVerifier(  427):   in android.view.ScaleGestureDetector@b3e83a50
D/InputEventConsistencyVerifier(  427):   0: sent at 141855000000, MotionEvent { action=ACTION_DOWN, id[0]=0, x[0]=252.0, y[0]=407.0, toolType[0]=TOOL_TYPE_UNKNOWN, buttonState=0, metaState=0, flags=0x0, edgeFlags=0x0, pointerCount=1, historySize=0, eventTime=141855, downTime=141855, deviceId=0, source=0x1002 }
D/InputEventConsistencyVerifier(  427):   -- recent events --
D/InputEventConsistencyVerifier(  427):   1: sent at 141326000000, MotionEvent { action=ACTION_DOWN, id[0]=0, x[0]=365.0, y[0]=455.0, toolType[0]=TOOL_TYPE_UNKNOWN, buttonState=0, metaState=0, flags=0x0, edgeFlags=0x0, pointerCount=1, historySize=0, eventTime=141326, downTime=141325, deviceId=0, source=0x1002 }
D/InputEventConsistencyVerifier(  427):   2: sent at 141290000000, MotionEvent { action=ACTION_UP, id[0]=0, x[0]=480.0, y[0]=74.0, toolType[0]=TOOL_TYPE_UNKNOWN, buttonState=0, metaState=0, flags=0x0, edgeFlags=0x0, pointerCount=1, historySize=0, eventTime=141290, downTime=141145, deviceId=0, source=0x1002 }
D/InputEventConsistencyVerifier(  427):   3: sent at 141288000000, MotionEvent { action=ACTION_MOVE, id[0]=0, x[0]=480.0, y[0]=67.0, toolType[0]=TOOL_TYPE_UNKNOWN, buttonState=0, metaState=0, flags=0x0, edgeFlags=0x0, pointerCount=1, historySize=5, eventTime=141288, downTime=141145, deviceId=0, source=0x1002 }
D/InputEventConsistencyVerifier(  427):   4: sent at 141147000000, MotionEvent { action=ACTION_DOWN, id[0]=0, x[0]=452.0, y[0]=11.0, toolType[0]=TOOL_TYPE_UNKNOWN, buttonState=0, metaState=0, flags=0x0, edgeFlags=0x0, pointerCount=1, historySize=0, eventTime=141147, downTime=141145, deviceId=0, source=0x1002 }
D/InputEventConsistencyVerifier(  427): KeyEvent: ACTION_UP but key was not down.
D/InputEventConsistencyVerifier(  427):   in com.android.systemui.statusbar.phone.StatusBarWindowView@b3de3248
D/InputEventConsistencyVerifier(  427):   0: sent at 142039000000, KeyEvent { action=ACTION_UP, keyCode=KEYCODE_DPAD_UP, scanCode=0, metaState=0, flags=0x8, repeatCount=0, eventTime=142039, downTime=142039, deviceId=-1, source=0x101 }
D/InputEventConsistencyVerifier(  427):   -- recent events --
D/InputEventConsistencyVerifier(  427):   1: sent at 142017000000, (unhandled) KeyEvent { action=ACTION_UP, keyCode=KEYCODE_CAMERA, scanCode=0, metaState=0, flags=0x8, repeatCount=0, eventTime=142017, downTime=142017, deviceId=-1, source=0x101 }
D/InputEventConsistencyVerifier(  427):   2: sent at 141874000000, (unhandled) KeyEvent { action=ACTION_DOWN, keyCode=KEYCODE_CAMERA, scanCode=0, metaState=0, flags=0x8, repeatCount=0, eventTime=141874, downTime=141874, deviceId=-1, source=0x101 }
D/InputEventConsistencyVerifier(  427):   3: sent at 141866000000, MotionEvent { action=ACTION_UP, id[0]=0, x[0]=249.0, y[0]=401.0, toolType[0]=TOOL_TYPE_UNKNOWN, buttonState=0, metaState=0, flags=0x0, edgeFlags=0x0, pointerCount=1, historySize=0, eventTime=141866, downTime=141855, deviceId=0, source=0x1002 }
D/InputEventConsistencyVerifier(  427):   4: sent at 141855000000, MotionEvent { action=ACTION_DOWN, id[0]=0, x[0]=252.0, y[0]=407.0, toolType[0]=TOOL_TYPE_UNKNOWN, buttonState=0, metaState=0, flags=0x0, edgeFlags=0x0, pointerCount=1, historySize=0, eventTime=141855, downTime=141855, deviceId=0, source=0x1002 }
D/InputEventConsistencyVerifier(  427):   5: sent at 141815000000, (unhandled) KeyEvent { action=ACTION_UP, keyCode=KEYCODE_DPAD_LEFT, scanCode=0, metaState=0, flags=0x80000008, repeatCount=0, eventTime=141815, downTime=141815, deviceId=-1, source=0x101 }
I/Choreographer(  427): Skipped 41 frames!  The application may be doing too much work on its main thread.
W/dalvikvm(  427): DroidBox: { "FdAccess": { "path": "2f70726f632f6d656d696e666f", "id": "2051623165" } }
W/DroidBox(  427): DroidBox: { "FileRW": { "operation": "read", "data": "4d656d546f74616c3a202020202020202020373438393634206b420a4d656d467265653a20202020202020202020343436323532206b420a427566666572733a20202020202020202020202035353332206b420a4361636865643a202020202020202020", "id": "2051623165" } }
D/InputEventConsistencyVerifier(  427): TouchEvent: ACTION_DOWN but pointers are already down.  Probably missing ACTION_UP from previous gesture.
D/InputEventConsistencyVerifier(  427):   in android.view.ScaleGestureDetector@b3e83a50
D/InputEventConsistencyVerifier(  427):   0: sent at 142196000000, MotionEvent { action=ACTION_DOWN, id[0]=0, x[0]=162.0, y[0]=700.0, toolType[0]=TOOL_TYPE_UNKNOWN, buttonState=0, metaState=0, flags=0x0, edgeFlags=0x0, pointerCount=1, historySize=0, eventTime=142196, downTime=142195, deviceId=0, source=0x1002 }
D/InputEventConsistencyVerifier(  427):   -- recent events --
D/InputEventConsistencyVerifier(  427):   1: sent at 141855000000, MotionEvent { action=ACTION_DOWN, id[0]=0, x[0]=252.0, y[0]=407.0, toolType[0]=TOOL_TYPE_UNKNOWN, buttonState=0, metaState=0, flags=0x80000000, edgeFlags=0x0, pointerCount=1, historySize=0, eventTime=141855, downTime=141855, deviceId=0, source=0x1002 }
D/InputEventConsistencyVerifier(  427):   2: sent at 141326000000, MotionEvent { action=ACTION_DOWN, id[0]=0, x[0]=365.0, y[0]=455.0, toolType[0]=TOOL_TYPE_UNKNOWN, buttonState=0, metaState=0, flags=0x0, edgeFlags=0x0, pointerCount=1, historySize=0, eventTime=141326, downTime=141325, deviceId=0, source=0x1002 }
D/InputEventConsistencyVerifier(  427):   3: sent at 141290000000, MotionEvent { action=ACTION_UP, id[0]=0, x[0]=480.0, y[0]=74.0, toolType[0]=TOOL_TYPE_UNKNOWN, buttonState=0, metaState=0, flags=0x0, edgeFlags=0x0, pointerCount=1, historySize=0, eventTime=141290, downTime=141145, deviceId=0, source=0x1002 }
D/InputEventConsistencyVerifier(  427):   4: sent at 141288000000, MotionEvent { action=ACTION_MOVE, id[0]=0, x[0]=480.0, y[0]=67.0, toolType[0]=TOOL_TYPE_UNKNOWN, buttonState=0, metaState=0, flags=0x0, edgeFlags=0x0, pointerCount=1, historySize=5, eventTime=141288, downTime=141145, deviceId=0, source=0x1002 }
D/InputEventConsistencyVerifier(  427):   5: sent at 141147000000, MotionEvent { action=ACTION_DOWN, id[0]=0, x[0]=452.0, y[0]=11.0, toolType[0]=TOOL_TYPE_UNKNOWN, buttonState=0, metaState=0, flags=0x0, edgeFlags=0x0, pointerCount=1, historySize=0, eventTime=141147, downTime=141145, deviceId=0, source=0x1002 }
I/Choreographer(  427): Skipped 126 frames!  The application may be doing too much work on its main thread.
D/InputEventConsistencyVerifier(  427): KeyEvent: ACTION_UP but key was not down.
D/InputEventConsistencyVerifier(  427):   in com.android.systemui.statusbar.phone.StatusBarWindowView@b3de3248
D/InputEventConsistencyVerifier(  427):   0: sent at 142621000000, KeyEvent { action=ACTION_UP, keyCode=KEYCODE_DPAD_DOWN, scanCode=0, metaState=0, flags=0x400, repeatCount=0, eventTime=142621, downTime=142621, deviceId=-1, source=0x101 }
D/InputEventConsistencyVerifier(  427):   -- recent events --
D/InputEventConsistencyVerifier(  427):   1: sent at 142527000000, (unhandled) MotionEvent { action=ACTION_MOVE, id[0]=0, x[0]=3.0, y[0]=3.0, toolType[0]=TOOL_TYPE_UNKNOWN, buttonState=0, metaState=0, flags=0x0, edgeFlags=0x0, pointerCount=1, historySize=4, eventTime=142527, downTime=-1, deviceId=0, source=0x10004 }
D/InputEventConsistencyVerifier(  427):   2: sent at 142464000000, MotionEvent { action=ACTION_UP, id[0]=0, x[0]=140.0, y[0]=726.0, toolType[0]=TOOL_TYPE_UNKNOWN, buttonState=0, metaState=0, flags=0x0, edgeFlags=0x0, pointerCount=1, historySize=0, eventTime=142464, downTime=142195, deviceId=0, source=0x1002 }
D/InputEventConsistencyVerifier(  427):   3: sent at 142461000000, MotionEvent { action=ACTION_MOVE, id[0]=0, x[0]=147.0, y[0]=715.0, toolType[0]=TOOL_TYPE_UNKNOWN, buttonState=0, metaState=0, flags=0x0, edgeFlags=0x0, pointerCount=1, historySize=1, eventTime=142461, downTime=142195, deviceId=0, source=0x1002 }
D/InputEventConsistencyVerifier(  427):   4: sent at 142196000000, MotionEvent { action=ACTION_DOWN, id[0]=0, x[0]=162.0, y[0]=700.0, toolType[0]=TOOL_TYPE_UNKNOWN, buttonState=0, metaState=0, flags=0x0, edgeFlags=0x0, pointerCount=1, historySize=0, eventTime=142196, downTime=142195, deviceId=0, source=0x1002 }
D/InputEventConsistencyVerifier(  427):   5: sent at 142077000000, (unhandled) KeyEvent { action=ACTION_UP, keyCode=KEYCODE_DPAD_CENTER, scanCode=0, metaState=0, flags=0x8, repeatCount=0, eventTime=142077, downTime=142077, deviceId=-1, source=0x101 }
W/dalvikvm(  427): DroidBox: { "FdAccess": { "path": "2f70726f632f6d656d696e666f", "id": "1401892497" } }
W/DroidBox(  427): DroidBox: { "FileRW": { "operation": "read", "data": "4d656d546f74616c3a202020202020202020373438393634206b420a4d656d467265653a20202020202020202020343436313230206b420a427566666572733a20202020202020202020202035353438206b420a4361636865643a202020202020202020", "id": "1401892497" } }
D/InputEventConsistencyVerifier(  427): TouchEvent: ACTION_DOWN but pointers are already down.  Probably missing ACTION_UP from previous gesture.
D/InputEventConsistencyVerifier(  427):   in android.view.ScaleGestureDetector@b3e83a50
D/InputEventConsistencyVerifier(  427):   0: sent at 142792000000, MotionEvent { action=ACTION_DOWN, id[0]=0, x[0]=316.0, y[0]=446.0, toolType[0]=TOOL_TYPE_UNKNOWN, buttonState=0, metaState=0, flags=0x0, edgeFlags=0x0, pointerCount=1, historySize=0, eventTime=142792, downTime=142791, deviceId=0, source=0x1002 }
D/InputEventConsistencyVerifier(  427):   -- recent events --
D/InputEventConsistencyVerifier(  427):   1: sent at 142196000000, MotionEvent { action=ACTION_DOWN, id[0]=0, x[0]=162.0, y[0]=700.0, toolType[0]=TOOL_TYPE_UNKNOWN, buttonState=0, metaState=0, flags=0x80000000, edgeFlags=0x0, pointerCount=1, historySize=0, eventTime=142196, downTime=142195, deviceId=0, source=0x1002 }
D/InputEventConsistencyVerifier(  427):   2: sent at 141855000000, MotionEvent { action=ACTION_DOWN, id[0]=0, x[0]=252.0, y[0]=407.0, toolType[0]=TOOL_TYPE_UNKNOWN, buttonState=0, metaState=0, flags=0x80000000, edgeFlags=0x0, pointerCount=1, historySize=0, eventTime=141855, downTime=141855, deviceId=0, source=0x1002 }
D/InputEventConsistencyVerifier(  427):   3: sent at 141326000000, MotionEvent { action=ACTION_DOWN, id[0]=0, x[0]=365.0, y[0]=455.0, toolType[0]=TOOL_TYPE_UNKNOWN, buttonState=0, metaState=0, flags=0x0, edgeFlags=0x0, pointerCount=1, historySize=0, eventTime=141326, downTime=141325, deviceId=0, source=0x1002 }
D/InputEventConsistencyVerifier(  427):   4: sent at 141290000000, MotionEvent { action=ACTION_UP, id[0]=0, x[0]=480.0, y[0]=74.0, toolType[0]=TOOL_TYPE_UNKNOWN, buttonState=0, metaState=0, flags=0x0, edgeFlags=0x0, pointerCount=1, historySize=0, eventTime=141290, downTime=141145, deviceId=0, source=0x1002 }
D/InputEventConsistencyVerifier(  427):   5: sent at 141288000000, MotionEvent { action=ACTION_MOVE, id[0]=0, x[0]=480.0, y[0]=67.0, toolType[0]=TOOL_TYPE_UNKNOWN, buttonState=0, metaState=0, flags=0x0, edgeFlags=0x0, pointerCount=1, historySize=5, eventTime=141288, downTime=141145, deviceId=0, source=0x1002 }
I/Choreographer(  427): Skipped 33 frames!  The application may be doing too much work on its main thread.
D/InputEventConsistencyVerifier(  427): KeyEvent: ACTION_UP but key was not down.
D/InputEventConsistencyVerifier(  427):   in android.widget.FrameLayout@b3db32c8
D/InputEventConsistencyVerifier(  427):   0: sent at 143009000000, KeyEvent { action=ACTION_UP, keyCode=KEYCODE_DPAD_DOWN, scanCode=0, metaState=0, flags=0x8, repeatCount=0, eventTime=143009, downTime=143009, deviceId=-1, source=0x101 }
D/InputEventConsistencyVerifier(  427):   -- recent events --
D/InputEventConsistencyVerifier(  427):   1: sent at 142981000000, MotionEvent { action=ACTION_UP, id[0]=0, x[0]=259.0, y[0]=292.0, toolType[0]=TOOL_TYPE_UNKNOWN, buttonState=0, metaState=0, flags=0x0, edgeFlags=0x0, pointerCount=1, historySize=0, eventTime=142981, downTime=142959, deviceId=0, source=0x1002 }
D/InputEventConsistencyVerifier(  427):   2: sent at 142959000000, MotionEvent { action=ACTION_DOWN, id[0]=0, x[0]=262.0, y[0]=294.0, toolType[0]=TOOL_TYPE_UNKNOWN, buttonState=0, metaState=0, flags=0x0, edgeFlags=0x0, pointerCount=1, historySize=0, eventTime=142959, downTime=142959, deviceId=0, source=0x1002 }
D/InputEventConsistencyVerifier(  427):   3: sent at 142844000000, MotionEvent { action=ACTION_UP, id[0]=0, x[0]=102.0, y[0]=290.0, toolType[0]=TOOL_TYPE_UNKNOWN, buttonState=0, metaState=0, flags=0x0, edgeFlags=0x0, pointerCount=1, historySize=0, eventTime=142844, downTime=142830, deviceId=0, source=0x1002 }
D/InputEventConsistencyVerifier(  427):   4: sent at 142830000000, MotionEvent { action=ACTION_DOWN, id[0]=0, x[0]=94.0, y[0]=290.0, toolType[0]=TOOL_TYPE_UNKNOWN, buttonState=0, metaState=0, flags=0x0, edgeFlags=0x0, pointerCount=1, historySize=0, eventTime=142830, downTime=142830, deviceId=0, source=0x1002 }
D/InputEventConsistencyVerifier(  427):   5: sent at 142806000000, MotionEvent { action=ACTION_UP, id[0]=0, x[0]=330.0, y[0]=445.0, toolType[0]=TOOL_TYPE_UNKNOWN, buttonState=0, metaState=0, flags=0x0, edgeFlags=0x0, pointerCount=1, historySize=0, eventTime=142806, downTime=142791, deviceId=0, source=0x1002 }
I/ActivityManager(  229): START {act=android.intent.action.MAIN cat=[android.intent.category.LAUNCHER] flg=0x10200000 cmp=wbs.netsentry/.logo.WbsLogoAct u=0} from pid 950
D/InputEventConsistencyVerifier(  427): TouchEvent: ACTION_DOWN but pointers are already down.  Probably missing ACTION_UP from previous gesture.
D/InputEventConsistencyVerifier(  427):   in android.view.ScaleGestureDetector@b3e83a50
D/InputEventConsistencyVerifier(  427):   0: sent at 143085000000, MotionEvent { action=ACTION_DOWN, id[0]=0, x[0]=44.0, y[0]=625.0, toolType[0]=TOOL_TYPE_UNKNOWN, buttonState=0, metaState=0, flags=0x0, edgeFlags=0x0, pointerCount=1, historySize=0, eventTime=143085, downTime=143085, deviceId=0, source=0x1002 }
D/InputEventConsistencyVerifier(  427):   -- recent events --
D/InputEventConsistencyVerifier(  427):   1: sent at 143074000000, MotionEvent { action=ACTION_MOVE, id[0]=0, x[0]=184.0, y[0]=566.0, toolType[0]=TOOL_TYPE_UNKNOWN, buttonState=0, metaState=0, flags=0x0, edgeFlags=0x0, pointerCount=1, historySize=3, eventTime=143074, downTime=143047, deviceId=0, source=0x1002 }
D/InputEventConsistencyVerifier(  427):   2: sent at 143048000000, MotionEvent { action=ACTION_DOWN, id[0]=0, x[0]=188.0, y[0]=602.0, toolType[0]=TOOL_TYPE_UNKNOWN, buttonState=0, metaState=0, flags=0x0, edgeFlags=0x0, pointerCount=1, historySize=0, eventTime=143048, downTime=143047, deviceId=0, source=0x1002 }
D/InputEventConsistencyVerifier(  427):   3: sent at 142981000000, MotionEvent { action=ACTION_UP, id[0]=0, x[0]=259.0, y[0]=292.0, toolType[0]=TOOL_TYPE_UNKNOWN, buttonState=0, metaState=0, flags=0x0, edgeFlags=0x0, pointerCount=1, historySize=0, eventTime=142981, downTime=142959, deviceId=0, source=0x1002 }
D/InputEventConsistencyVerifier(  427):   4: sent at 142959000000, MotionEvent { action=ACTION_DOWN, id[0]=0, x[0]=262.0, y[0]=294.0, toolType[0]=TOOL_TYPE_UNKNOWN, buttonState=0, metaState=0, flags=0x0, edgeFlags=0x0, pointerCount=1, historySize=0, eventTime=142959, downTime=142959, deviceId=0, source=0x1002 }
D/InputEventConsistencyVerifier(  427):   5: sent at 142844000000, MotionEvent { action=ACTION_UP, id[0]=0, x[0]=102.0, y[0]=290.0, toolType[0]=TOOL_TYPE_UNKNOWN, buttonState=0, metaState=0, flags=0x0, edgeFlags=0x0, pointerCount=1, historySize=0, eventTime=142844, downTime=142830, deviceId=0, source=0x1002 }
D/InputEventConsistencyVerifier(  427): TouchEvent: ACTION_DOWN but pointers are already down.  Probably missing ACTION_UP from previous gesture.
D/InputEventConsistencyVerifier(  427):   in android.view.ScaleGestureDetector@b3e83a50
D/InputEventConsistencyVerifier(  427):   0: sent at 143293000000, MotionEvent { action=ACTION_DOWN, id[0]=0, x[0]=77.0, y[0]=176.0, toolType[0]=TOOL_TYPE_UNKNOWN, buttonState=0, metaState=0, flags=0x0, edgeFlags=0x0, pointerCount=1, historySize=0, eventTime=143293, downTime=143291, deviceId=0, source=0x1002 }
D/InputEventConsistencyVerifier(  427):   -- recent events --
D/InputEventConsistencyVerifier(  427):   1: sent at 143254253070, MotionEvent { action=ACTION_MOVE, id[0]=0, x[0]=406.24487, y[0]=428.62244, toolType[0]=TOOL_TYPE_UNKNOWN, buttonState=0, metaState=0, flags=0x0, edgeFlags=0x0, pointerCount=1, historySize=2, eventTime=143254, downTime=143225, deviceId=0, source=0x1002 }
D/InputEventConsistencyVerifier(  427):   2: sent at 143226000000, MotionEvent { action=ACTION_DOWN, id[0]=0, x[0]=425.0, y[0]=464.0, toolType[0]=TOOL_TYPE_UNKNOWN, buttonState=0, metaState=0, flags=0x0, edgeFlags=0x0, pointerCount=1, historySize=0, eventTime=143226, downTime=143225, deviceId=0, source=0x1002 }
D/InputEventConsistencyVerifier(  427):   3: sent at 143218000000, MotionEvent { action=ACTION_UP, id[0]=0, x[0]=41.0, y[0]=696.0, toolType[0]=TOOL_TYPE_UNKNOWN, buttonState=0, metaState=0, flags=0x0, edgeFlags=0x0, pointerCount=1, historySize=0, eventTime=143218, downTime=143213, deviceId=0, source=0x1002 }
D/InputEventConsistencyVerifier(  427):   4: sent at 143213000000, MotionEvent { action=ACTION_DOWN, id[0]=0, x[0]=42.0, y[0]=693.0, toolType[0]=TOOL_TYPE_UNKNOWN, buttonState=0, metaState=0, flags=0x0, edgeFlags=0x0, pointerCount=1, historySize=0, eventTime=143213, downTime=143213, deviceId=0, source=0x1002 }
D/InputEventConsistencyVerifier(  427):   5: sent at 143091000000, MotionEvent { action=ACTION_UP, id[0]=0, x[0]=47.0, y[0]=601.0, toolType[0]=TOOL_TYPE_UNKNOWN, buttonState=0, metaState=0, flags=0x0, edgeFlags=0x0, pointerCount=1, historySize=0, eventTime=143091, downTime=143085, deviceId=0, source=0x1002 }
D/InputEventConsistencyVerifier(  427): KeyEvent: ACTION_UP but key was not down.
D/InputEventConsistencyVerifier(  427):   in com.android.systemui.statusbar.phone.StatusBarWindowView@b3de3248
D/InputEventConsistencyVerifier(  427):   0: sent at 143336000000, KeyEvent { action=ACTION_UP, keyCode=KEYCODE_DPAD_DOWN, scanCode=0, metaState=0, flags=0x8, repeatCount=0, eventTime=143336, downTime=143336, deviceId=-1, source=0x101 }
D/InputEventConsistencyVerifier(  427):   -- recent events --
D/InputEventConsistencyVerifier(  427):   1: sent at 143323000000, MotionEvent { action=ACTION_UP, id[0]=0, x[0]=80.32704, y[0]=157.14677, toolType[0]=TOOL_TYPE_UNKNOWN, buttonState=0, metaState=0, flags=0x0, edgeFlags=0x0, pointerCount=1, historySize=0, eventTime=143323, downTime=143291, deviceId=0, source=0x1002 }
D/InputEventConsistencyVerifier(  427):   2: sent at 143317000000, MotionEvent { action=ACTION_POINTER_UP(1), id[0]=0, x[0]=80.32704, y[0]=157.14677, toolType[0]=TOOL_TYPE_UNKNOWN, id[1]=1, x[1]=380.0, y[1]=458.0, toolType[1]=TOOL_TYPE_UNKNOWN, buttonState=0, metaState=0, flags=0x0, edgeFlags=0x0, pointerCount=2, historySize=0, eventTime=143317, downTime=143291, deviceId=0, source=0x1002 }
D/InputEventConsistencyVerifier(  427):   3: sent at 143311853220, MotionEvent { action=ACTION_MOVE, id[0]=0, x[0]=80.32704, y[0]=157.14677, toolType[0]=TOOL_TYPE_UNKNOWN, id[1]=1, x[1]=380.0, y[1]=458.0, toolType[1]=TOOL_TYPE_UNKNOWN, buttonState=0, metaState=0, flags=0x0, edgeFlags=0x0, pointerCount=2, historySize=1, eventTime=143311, downTime=143291, deviceId=0, source=0x1002 }
D/InputEventConsistencyVerifier(  427):   4: sent at 143298000000, MotionEvent { action=ACTION_POINTER_DOWN(1), id[0]=0, x[0]=79.0, y[0]=171.0, toolType[0]=TOOL_TYPE_UNKNOWN, id[1]=1, x[1]=391.0, y[1]=472.0, toolType[1]=TOOL_TYPE_UNKNOWN, buttonState=0, metaState=0, flags=0x0, edgeFlags=0x0, pointerCount=2, historySize=0, eventTime=143298, downTime=143291, deviceId=0, source=0x1002 }
D/InputEventConsistencyVerifier(  427):   5: sent at 143293000000, MotionEvent { action=ACTION_DOWN, id[0]=0, x[0]=77.0, y[0]=176.0, toolType[0]=TOOL_TYPE_UNKNOWN, buttonState=0, metaState=0, flags=0x0, edgeFlags=0x0, pointerCount=1, historySize=0, eventTime=143293, downTime=143291, deviceId=0, source=0x1002 }
D/InputEventConsistencyVerifier(  427): KeyEvent: ACTION_UP but key was not down.
D/InputEventConsistencyVerifier(  427):   in android.widget.FrameLayout@b3db32c8
D/InputEventConsistencyVerifier(  427):   0: sent at 143379000000, KeyEvent { action=ACTION_UP, keyCode=KEYCODE_DPAD_DOWN, scanCode=0, metaState=0, flags=0x400, repeatCount=0, eventTime=143379, downTime=143379, deviceId=-1, source=0x101 }
D/InputEventConsistencyVerifier(  427):   -- recent events --
D/InputEventConsistencyVerifier(  427):   1: sent at 143323000000, MotionEvent { action=ACTION_UP, id[0]=0, x[0]=80.32704, y[0]=157.14677, toolType[0]=TOOL_TYPE_UNKNOWN, buttonState=0, metaState=0, flags=0x0, edgeFlags=0x0, pointerCount=1, historySize=0, eventTime=143323, downTime=143291, deviceId=0, source=0x1002 }
D/InputEventConsistencyVerifier(  427):   2: sent at 143317000000, MotionEvent { action=ACTION_POINTER_UP(1), id[0]=0, x[0]=80.32704, y[0]=157.14677, toolType[0]=TOOL_TYPE_UNKNOWN, id[1]=1, x[1]=380.0, y[1]=458.0, toolType[1]=TOOL_TYPE_UNKNOWN, buttonState=0, metaState=0, flags=0x0, edgeFlags=0x0, pointerCount=2, historySize=0, eventTime=143317, downTime=143291, deviceId=0, source=0x1002 }
D/InputEventConsistencyVerifier(  427):   3: sent at 143311853220, MotionEvent { action=ACTION_MOVE, id[0]=0, x[0]=80.32704, y[0]=157.14677, toolType[0]=TOOL_TYPE_UNKNOWN, id[1]=1, x[1]=380.0, y[1]=458.0, toolType[1]=TOOL_TYPE_UNKNOWN, buttonState=0, metaState=0, flags=0x0, edgeFlags=0x0, pointerCount=2, historySize=1, eventTime=143311, downTime=143291, deviceId=0, source=0x1002 }
D/InputEventConsistencyVerifier(  427):   4: sent at 143298000000, MotionEvent { action=ACTION_POINTER_DOWN(1), id[0]=0, x[0]=79.0, y[0]=171.0, toolType[0]=TOOL_TYPE_UNKNOWN, id[1]=1, x[1]=391.0, y[1]=472.0, toolType[1]=TOOL_TYPE_UNKNOWN, buttonState=0, metaState=0, flags=0x0, edgeFlags=0x0, pointerCount=2, historySize=0, eventTime=143298, downTime=143291, deviceId=0, source=0x1002 }
D/InputEventConsistencyVerifier(  427):   5: sent at 143293000000, MotionEvent { action=ACTION_DOWN, id[0]=0, x[0]=77.0, y[0]=176.0, toolType[0]=TOOL_TYPE_UNKNOWN, buttonState=0, metaState=0, flags=0x80000000, edgeFlags=0x0, pointerCount=1, historySize=0, eventTime=143293, downTime=143291, deviceId=0, source=0x1002 }
D/InputEventConsistencyVerifier(  427): TouchEvent: ACTION_DOWN but pointers are already down.  Probably missing ACTION_UP from previous gesture.
D/InputEventConsistencyVerifier(  427):   in android.view.ScaleGestureDetector@b3e83a50
D/InputEventConsistencyVerifier(  427):   0: sent at 143527000000, MotionEvent { action=ACTION_DOWN, id[0]=0, x[0]=279.0, y[0]=172.0, toolType[0]=TOOL_TYPE_UNKNOWN, buttonState=0, metaState=0, flags=0x0, edgeFlags=0x0, pointerCount=1, historySize=0, eventTime=143527, downTime=143526, deviceId=0, source=0x1002 }
D/InputEventConsistencyVerifier(  427):   -- recent events --
D/InputEventConsistencyVerifier(  427):   1: sent at 143311853220, MotionEvent { action=ACTION_MOVE, id[0]=0, x[0]=80.32704, y[0]=157.14677, toolType[0]=TOOL_TYPE_UNKNOWN, id[1]=1, x[1]=380.0, y[1]=458.0, toolType[1]=TOOL_TYPE_UNKNOWN, buttonState=0, metaState=0, flags=0x0, edgeFlags=0x0, pointerCount=2, historySize=1, eventTime=143311, downTime=143291, deviceId=0, source=0x1002 }
D/InputEventConsistencyVerifier(  427):   2: sent at 143298000000, MotionEvent { action=ACTION_POINTER_DOWN(1), id[0]=0, x[0]=79.0, y[0]=171.0, toolType[0]=TOOL_TYPE_UNKNOWN, id[1]=1, x[1]=391.0, y[1]=472.0, toolType[1]=TOOL_TYPE_UNKNOWN, buttonState=0, metaState=0, flags=0x0, edgeFlags=0x0, pointerCount=2, historySize=0, eventTime=143298, downTime=143291, deviceId=0, source=0x1002 }
D/InputEventConsistencyVerifier(  427):   3: sent at 143293000000, MotionEvent { action=ACTION_DOWN, id[0]=0, x[0]=77.0, y[0]=176.0, toolType[0]=TOOL_TYPE_UNKNOWN, buttonState=0, metaState=0, flags=0x80000000, edgeFlags=0x0, pointerCount=1, historySize=0, eventTime=143293, downTime=143291, deviceId=0, source=0x1002 }
D/InputEventConsistencyVerifier(  427):   4: sent at 143254253070, MotionEvent { action=ACTION_MOVE, id[0]=0, x[0]=406.24487, y[0]=428.62244, toolType[0]=TOOL_TYPE_UNKNOWN, buttonState=0, metaState=0, flags=0x0, edgeFlags=0x0, pointerCount=1, historySize=2, eventTime=143254, downTime=143225, deviceId=0, source=0x1002 }
D/InputEventConsistencyVerifier(  427):   5: sent at 143226000000, MotionEvent { action=ACTION_DOWN, id[0]=0, x[0]=425.0, y[0]=464.0, toolType[0]=TOOL_TYPE_UNKNOWN, buttonState=0, metaState=0, flags=0x0, edgeFlags=0x0, pointerCount=1, historySize=0, eventTime=143226, downTime=143225, deviceId=0, source=0x1002 }
E/WVMExtractor(   63): Failed to open libwvm.so
D/InputEventConsistencyVerifier(  427): KeyEvent: ACTION_UP but key was not down.
D/InputEventConsistencyVerifier(  427):   in com.android.systemui.statusbar.phone.StatusBarWindowView@b3de3248
D/InputEventConsistencyVerifier(  427):   0: sent at 143733000000, KeyEvent { action=ACTION_UP, keyCode=KEYCODE_DPAD_UP, scanCode=0, metaState=0, flags=0x400, repeatCount=0, eventTime=143733, downTime=143733, deviceId=-1, source=0x101 }
D/InputEventConsistencyVerifier(  427):   -- recent events --
D/InputEventConsistencyVerifier(  427):   1: sent at 143725000000, (unhandled) MotionEvent { action=ACTION_MOVE, id[0]=0, x[0]=0.0, y[0]=-3.0, toolType[0]=TOOL_TYPE_UNKNOWN, buttonState=0, metaState=0, flags=0x0, edgeFlags=0x0, pointerCount=1, historySize=1, eventTime=143725, downTime=-1, deviceId=0, source=0x10004 }
D/InputEventConsistencyVerifier(  427):   2: sent at 143691000000, MotionEvent { action=ACTION_UP, id[0]=0, x[0]=307.5, y[0]=676.0, toolType[0]=TOOL_TYPE_UNKNOWN, buttonState=0, metaState=0, flags=0x0, edgeFlags=0x0, pointerCount=1, historySize=0, eventTime=143691, downTime=143680, deviceId=0, source=0x1002 }
D/InputEventConsistencyVerifier(  427):   3: sent at 143691500000, MotionEvent { action=ACTION_MOVE, id[0]=0, x[0]=307.5, y[0]=676.0, toolType[0]=TOOL_TYPE_UNKNOWN, buttonState=0, metaState=0, flags=0x0, edgeFlags=0x0, pointerCount=1, historySize=1, eventTime=143691, downTime=143680, deviceId=0, source=0x1002 }
D/InputEventConsistencyVerifier(  427):   4: sent at 143681000000, MotionEvent { action=ACTION_DOWN, id[0]=0, x[0]=294.0, y[0]=682.0, toolType[0]=TOOL_TYPE_UNKNOWN, buttonState=0, metaState=0, flags=0x0, edgeFlags=0x0, pointerCount=1, historySize=0, eventTime=143681, downTime=143680, deviceId=0, source=0x1002 }
D/InputEventConsistencyVerifier(  427):   5: sent at 143641000000, MotionEvent { action=ACTION_UP, id[0]=0, x[0]=3.0, y[0]=709.0, toolType[0]=TOOL_TYPE_UNKNOWN, buttonState=0, metaState=0, flags=0x0, edgeFlags=0x0, pointerCount=1, historySize=0, eventTime=143641, downTime=143633, deviceId=0, source=0x1002 }
E/WVMExtractor(   63): Failed to open libwvm.so
D/InputEventConsistencyVerifier(  427): KeyEvent: ACTION_UP but key was not down.
D/InputEventConsistencyVerifier(  427):   in android.widget.FrameLayout@b3db32c8
D/InputEventConsistencyVerifier(  427):   0: sent at 144131000000, KeyEvent { action=ACTION_UP, keyCode=KEYCODE_DPAD_DOWN, scanCode=0, metaState=0, flags=0x400, repeatCount=0, eventTime=144131, downTime=144131, deviceId=-1, source=0x101 }
D/InputEventConsistencyVerifier(  427):   -- recent events --
D/InputEventConsistencyVerifier(  427):   1: sent at 143691000000, MotionEvent { action=ACTION_UP, id[0]=0, x[0]=307.5, y[0]=676.0, toolType[0]=TOOL_TYPE_UNKNOWN, buttonState=0, metaState=0, flags=0x0, edgeFlags=0x0, pointerCount=1, historySize=0, eventTime=143691, downTime=143680, deviceId=0, source=0x1002 }
D/InputEventConsistencyVerifier(  427):   2: sent at 143691500000, MotionEvent { action=ACTION_MOVE, id[0]=0, x[0]=307.5, y[0]=676.0, toolType[0]=TOOL_TYPE_UNKNOWN, buttonState=0, metaState=0, flags=0x0, edgeFlags=0x0, pointerCount=1, historySize=1, eventTime=143691, downTime=143680, deviceId=0, source=0x1002 }
D/InputEventConsistencyVerifier(  427):   3: sent at 143681000000, MotionEvent { action=ACTION_DOWN, id[0]=0, x[0]=294.0, y[0]=682.0, toolType[0]=TOOL_TYPE_UNKNOWN, buttonState=0, metaState=0, flags=0x0, edgeFlags=0x0, pointerCount=1, historySize=0, eventTime=143681, downTime=143680, deviceId=0, source=0x1002 }
D/InputEventConsistencyVerifier(  427):   4: sent at 143641000000, MotionEvent { action=ACTION_UP, id[0]=0, x[0]=3.0, y[0]=709.0, toolType[0]=TOOL_TYPE_UNKNOWN, buttonState=0, metaState=0, flags=0x0, edgeFlags=0x0, pointerCount=1, historySize=0, eventTime=143641, downTime=143633, deviceId=0, source=0x1002 }
D/InputEventConsistencyVerifier(  427):   5: sent at 143633000000, MotionEvent { action=ACTION_DOWN, id[0]=0, x[0]=0.0, y[0]=719.0, toolType[0]=TOOL_TYPE_UNKNOWN, buttonState=0, metaState=0, flags=0x0, edgeFlags=0x0, pointerCount=1, historySize=0, eventTime=143633, downTime=143633, deviceId=0, source=0x1002 }
D/InputEventConsistencyVerifier(  427): KeyEvent: ACTION_UP but key was not down.
D/InputEventConsistencyVerifier(  427):   in com.android.systemui.statusbar.phone.PhoneStatusBarView@b3de51e0
D/InputEventConsistencyVerifier(  427):   0: sent at 144242000000, KeyEvent { action=ACTION_UP, keyCode=KEYCODE_DPAD_UP, scanCode=0, metaState=0, flags=0x8, repeatCount=0, eventTime=144242, downTime=144242, deviceId=-1, source=0x101 }
D/InputEventConsistencyVerifier(  427):   -- recent events --
D/InputEventConsistencyVerifier(  427):   1: sent at 144131000000, (unhandled) KeyEvent { action=ACTION_DOWN, keyCode=KEYCODE_DPAD_DOWN, scanCode=0, metaState=0, flags=0x400, repeatCount=0, eventTime=144131, downTime=144131, deviceId=-1, source=0x101 }
D/InputEventConsistencyVerifier(  427):   2: sent at 144061000000, (unhandled) MotionEvent { action=ACTION_MOVE, id[0]=0, x[0]=-4.0, y[0]=4.0, toolType[0]=TOOL_TYPE_UNKNOWN, buttonState=0, metaState=0, flags=0x0, edgeFlags=0x0, pointerCount=1, historySize=0, eventTime=144061, downTime=-1, deviceId=0, source=0x10004 }
D/InputEventConsistencyVerifier(  427):   3: sent at 144127000000, (unhandled) KeyEvent { action=ACTION_UP, keyCode=KEYCODE_DPAD_UP, scanCode=0, metaState=0, flags=0x400, repeatCount=0, eventTime=144127, downTime=144127, deviceId=-1, source=0x101 }
D/InputEventConsistencyVerifier(  427):   4: sent at 144127000000, (unhandled) KeyEvent { action=ACTION_DOWN, keyCode=KEYCODE_DPAD_UP, scanCode=0, metaState=0, flags=0x400, repeatCount=0, eventTime=144127, downTime=144127, deviceId=-1, source=0x101 }
D/InputEventConsistencyVerifier(  427):   5: sent at 144070000000, (unhandled) KeyEvent { action=ACTION_UP, keyCode=KEYCODE_DPAD_UP, scanCode=0, metaState=0, flags=0x400, repeatCount=0, eventTime=144070, downTime=144070, deviceId=-1, source=0x101 }
D/InputEventConsistencyVerifier(  427): KeyEvent: ACTION_UP but key was not down.
D/InputEventConsistencyVerifier(  427):   in com.android.systemui.statusbar.phone.StatusBarWindowView@b3de3248
D/InputEventConsistencyVerifier(  427):   0: sent at 144358000000, KeyEvent { action=ACTION_UP, keyCode=KEYCODE_DPAD_RIGHT, scanCode=0, metaState=0, flags=0x8, repeatCount=0, eventTime=144358, downTime=144358, deviceId=-1, source=0x101 }
D/InputEventConsistencyVerifier(  427):   -- recent events --
D/InputEventConsistencyVerifier(  427):   1: sent at 144339000000, MotionEvent { action=ACTION_UP, id[0]=0, x[0]=35.0, y[0]=3.0, toolType[0]=TOOL_TYPE_UNKNOWN, buttonState=0, metaState=0, flags=0x0, edgeFlags=0x0, pointerCount=1, historySize=0, eventTime=144339, downTime=144290, deviceId=0, source=0x1002 }
D/InputEventConsistencyVerifier(  427):   2: sent at 144290000000, MotionEvent { action=ACTION_DOWN, id[0]=0, x[0]=40.0, y[0]=6.0, toolType[0]=TOOL_TYPE_UNKNOWN, buttonState=0, metaState=0, flags=0x0, edgeFlags=0x0, pointerCount=1, historySize=0, eventTime=144290, downTime=144290, deviceId=0, source=0x1002 }
D/InputEventConsistencyVerifier(  427):   3: sent at 144242000000, (unhandled) KeyEvent { action=ACTION_UP, keyCode=KEYCODE_DPAD_UP, scanCode=0, metaState=0, flags=0x8, repeatCount=0, eventTime=144242, downTime=144242, deviceId=-1, source=0x101 }
D/InputEventConsistencyVerifier(  427):   4: sent at 144238000000, (unhandled) KeyEvent { action=ACTION_DOWN, keyCode=KEYCODE_DPAD_UP, scanCode=0, metaState=0, flags=0x8, repeatCount=0, eventTime=144238, downTime=144238, deviceId=-1, source=0x101 }
D/InputEventConsistencyVerifier(  427):   5: sent at 144233000000, (unhandled) KeyEvent { action=ACTION_UP, keyCode=KEYCODE_MENU, scanCode=0, metaState=0, flags=0x8, repeatCount=0, eventTime=144233, downTime=144233, deviceId=-1, source=0x101 }
D/InputEventConsistencyVerifier(  427): KeyEvent: ACTION_UP but key was not down.
D/InputEventConsistencyVerifier(  427):   in com.android.systemui.statusbar.phone.StatusBarWindowView@b3de3248
D/InputEventConsistencyVerifier(  427):   0: sent at 144506000000, KeyEvent { action=ACTION_UP, keyCode=KEYCODE_DPAD_DOWN, scanCode=0, metaState=0, flags=0x8, repeatCount=0, eventTime=144506, downTime=144506, deviceId=-1, source=0x101 }
D/InputEventConsistencyVerifier(  427):   -- recent events --
D/InputEventConsistencyVerifier(  427):   1: sent at 144486000000, MotionEvent { action=ACTION_UP, id[0]=0, x[0]=149.0, y[0]=281.0, toolType[0]=TOOL_TYPE_UNKNOWN, buttonState=0, metaState=0, flags=0x0, edgeFlags=0x0, pointerCount=1, historySize=0, eventTime=144486, downTime=144427, deviceId=0, source=0x1002 }
D/InputEventConsistencyVerifier(  427):   2: sent at 144483000000, MotionEvent { action=ACTION_MOVE, id[0]=0, x[0]=155.0, y[0]=268.0, toolType[0]=TOOL_TYPE_UNKNOWN, buttonState=0, metaState=0, flags=0x0, edgeFlags=0x0, pointerCount=1, historySize=2, eventTime=144483, downTime=144427, deviceId=0, source=0x1002 }
D/InputEventConsistencyVerifier(  427):   3: sent at 144428000000, MotionEvent { action=ACTION_DOWN, id[0]=0, x[0]=173.0, y[0]=252.0, toolType[0]=TOOL_TYPE_UNKNOWN, buttonState=0, metaState=0, flags=0x0, edgeFlags=0x0, pointerCount=1, historySize=0, eventTime=144428, downTime=144427, deviceId=0, source=0x1002 }
D/InputEventConsistencyVerifier(  427):   4: sent at 144421000000, (unhandled) KeyEvent { action=ACTION_UP, keyCode=KEYCODE_MENU, scanCode=0, metaState=0, flags=0x8, repeatCount=0, eventTime=144421, downTime=144421, deviceId=-1, source=0x101 }
D/InputEventConsistencyVerifier(  427):   5: sent at 144416000000, (unhandled) KeyEvent { action=ACTION_DOWN, keyCode=KEYCODE_MENU, scanCode=0, metaState=0, flags=0x8, repeatCount=0, eventTime=144416, downTime=144416, deviceId=-1, source=0x101 }
E/WVMExtractor(   63): Failed to open libwvm.so
D/InputEventConsistencyVerifier(  427): TouchEvent: ACTION_DOWN but pointers are already down.  Probably missing ACTION_UP from previous gesture.
D/InputEventConsistencyVerifier(  427):   in android.view.ScaleGestureDetector@b3e83a50
D/InputEventConsistencyVerifier(  427):   0: sent at 144515000000, MotionEvent { action=ACTION_DOWN, id[0]=0, x[0]=363.0, y[0]=329.0, toolType[0]=TOOL_TYPE_UNKNOWN, buttonState=0, metaState=0, flags=0x0, edgeFlags=0x0, pointerCount=1, historySize=0, eventTime=144515, downTime=144515, deviceId=0, source=0x1002 }
D/InputEventConsistencyVerifier(  427):   -- recent events --
D/InputEventConsistencyVerifier(  427):   1: sent at 144483000000, MotionEvent { action=ACTION_MOVE, id[0]=0, x[0]=155.0, y[0]=268.0, toolType[0]=TOOL_TYPE_UNKNOWN, buttonState=0, metaState=0, flags=0x0, edgeFlags=0x0, pointerCount=1, historySize=2, eventTime=144483, downTime=144427, deviceId=0, source=0x1002 }
D/InputEventConsistencyVerifier(  427):   2: sent at 144428000000, MotionEvent { action=ACTION_DOWN, id[0]=0, x[0]=173.0, y[0]=252.0, toolType[0]=TOOL_TYPE_UNKNOWN, buttonState=0, metaState=0, flags=0x0, edgeFlags=0x0, pointerCount=1, historySize=0, eventTime=144428, downTime=144427, deviceId=0, source=0x1002 }
D/InputEventConsistencyVerifier(  427):   3: sent at 144339000000, MotionEvent { action=ACTION_UP, id[0]=0, x[0]=35.0, y[0]=3.0, toolType[0]=TOOL_TYPE_UNKNOWN, buttonState=0, metaState=0, flags=0x0, edgeFlags=0x0, pointerCount=1, historySize=0, eventTime=144339, downTime=144290, deviceId=0, source=0x1002 }
D/InputEventConsistencyVerifier(  427):   4: sent at 144290000000, MotionEvent { action=ACTION_DOWN, id[0]=0, x[0]=40.0, y[0]=6.0, toolType[0]=TOOL_TYPE_UNKNOWN, buttonState=0, metaState=0, flags=0x0, edgeFlags=0x0, pointerCount=1, historySize=0, eventTime=144290, downTime=144290, deviceId=0, source=0x1002 }
D/InputEventConsistencyVerifier(  427):   5: sent at 143691000000, MotionEvent { action=ACTION_UP, id[0]=0, x[0]=307.5, y[0]=676.0, toolType[0]=TOOL_TYPE_UNKNOWN, buttonState=0, metaState=0, flags=0x0, edgeFlags=0x0, pointerCount=1, historySize=0, eventTime=143691, downTime=143680, deviceId=0, source=0x1002 }
D/InputEventConsistencyVerifier(  427): KeyEvent: ACTION_UP but key was not down.
D/InputEventConsistencyVerifier(  427):   in com.android.systemui.statusbar.phone.StatusBarWindowView@b3de3248
D/InputEventConsistencyVerifier(  427):   0: sent at 144651000000, KeyEvent { action=ACTION_UP, keyCode=KEYCODE_DPAD_LEFT, scanCode=0, metaState=0, flags=0x8, repeatCount=0, eventTime=144651, downTime=144651, deviceId=-1, source=0x101 }
D/InputEventConsistencyVerifier(  427):   -- recent events --
D/InputEventConsistencyVerifier(  427):   1: sent at 144608000000, MotionEvent { action=ACTION_UP, id[0]=0, x[0]=20.0, y[0]=41.0, toolType[0]=TOOL_TYPE_UNKNOWN, buttonState=0, metaState=0, flags=0x0, edgeFlags=0x0, pointerCount=1, historySize=0, eventTime=144608, downTime=144589, deviceId=0, source=0x1002 }
D/InputEventConsistencyVerifier(  427):   2: sent at 144590000000, MotionEvent { action=ACTION_DOWN, id[0]=0, x[0]=29.0, y[0]=40.0, toolType[0]=TOOL_TYPE_UNKNOWN, buttonState=0, metaState=0, flags=0x0, edgeFlags=0x0, pointerCount=1, historySize=0, eventTime=144590, downTime=144589, deviceId=0, source=0x1002 }
D/InputEventConsistencyVerifier(  427):   3: sent at 144576000000, MotionEvent { action=ACTION_UP, id[0]=0, x[0]=467.0, y[0]=508.0, toolType[0]=TOOL_TYPE_UNKNOWN, buttonState=0, metaState=0, flags=0x0, edgeFlags=0x0, pointerCount=1, historySize=0, eventTime=144576, downTime=144565, deviceId=0, source=0x1002 }
D/InputEventConsistencyVerifier(  427):   4: sent at 144566000000, MotionEvent { action=ACTION_DOWN, id[0]=0, x[0]=455.0, y[0]=512.0, toolType[0]=TOOL_TYPE_UNKNOWN, buttonState=0, metaState=0, flags=0x0, edgeFlags=0x0, pointerCount=1, historySize=0, eventTime=144566, downTime=144565, deviceId=0, source=0x1002 }
D/InputEventConsistencyVerifier(  427):   5: sent at 144553000000, MotionEvent { action=ACTION_UP, id[0]=0, x[0]=362.0, y[0]=329.0, toolType[0]=TOOL_TYPE_UNKNOWN, buttonState=0, metaState=0, flags=0x0, edgeFlags=0x0, pointerCount=1, historySize=0, eventTime=144553, downTime=144515, deviceId=0, source=0x1002 }
I/Choreographer(  427): Skipped 30 frames!  The application may be doing too much work on its main thread.
D/InputEventConsistencyVerifier(  427): KeyEvent: ACTION_UP but key was not down.
D/InputEventConsistencyVerifier(  427):   in android.widget.FrameLayout@b3db32c8
D/InputEventConsistencyVerifier(  427):   0: sent at 144792000000, KeyEvent { action=ACTION_UP, keyCode=KEYCODE_DPAD_DOWN, scanCode=0, metaState=0, flags=0x8, repeatCount=0, eventTime=144792, downTime=144792, deviceId=-1, source=0x101 }
D/InputEventConsistencyVerifier(  427):   -- recent events --
D/InputEventConsistencyVerifier(  427):   1: sent at 144608000000, MotionEvent { action=ACTION_UP, id[0]=0, x[0]=20.0, y[0]=41.0, toolType[0]=TOOL_TYPE_UNKNOWN, buttonState=0, metaState=0, flags=0x0, edgeFlags=0x0, pointerCount=1, historySize=0, eventTime=144608, downTime=144589, deviceId=0, source=0x1002 }
D/InputEventConsistencyVerifier(  427):   2: sent at 144590000000, MotionEvent { action=ACTION_DOWN, id[0]=0, x[0]=29.0, y[0]=40.0, toolType[0]=TOOL_TYPE_UNKNOWN, buttonState=0, metaState=0, flags=0x0, edgeFlags=0x0, pointerCount=1, historySize=0, eventTime=144590, downTime=144589, deviceId=0, source=0x1002 }
D/InputEventConsistencyVerifier(  427):   3: sent at 144576000000, MotionEvent { action=ACTION_UP, id[0]=0, x[0]=467.0, y[0]=508.0, toolType[0]=TOOL_TYPE_UNKNOWN, buttonState=0, metaState=0, flags=0x0, edgeFlags=0x0, pointerCount=1, historySize=0, eventTime=144576, downTime=144565, deviceId=0, source=0x1002 }
D/InputEventConsistencyVerifier(  427):   4: sent at 144566000000, MotionEvent { action=ACTION_DOWN, id[0]=0, x[0]=455.0, y[0]=512.0, toolType[0]=TOOL_TYPE_UNKNOWN, buttonState=0, metaState=0, flags=0x0, edgeFlags=0x0, pointerCount=1, historySize=0, eventTime=144566, downTime=144565, deviceId=0, source=0x1002 }
