D/InputEventConsistencyVerifier(  434):   5: sent at 251624000000, (unhandled) MotionEvent { action=ACTION_MOVE, id[0]=0, x[0]=-2.0, y[0]=-4.0, toolType[0]=TOOL_TYPE_UNKNOWN, buttonState=0, metaState=0, flags=0x0, edgeFlags=0x0, pointerCount=1, historySize=3, eventTime=251624, downTime=-1, deviceId=0, source=0x10004 }
W/dalvikvm(  434): DroidBox: { "FdAccess": { "path": "2f70726f632f6d656d696e666f", "id": "319299565" } }
W/DroidBox(  434): DroidBox: { "FileRW": { "operation": "read", "data": "4d656d546f74616c3a202020202020202020373438393634206b420a4d656d467265653a20202020202020202020343532333838206b420a427566666572733a20202020202020202020202035373838206b420a4361636865643a202020202020202020", "id": "319299565" } }
W/InputMethodManagerService(  237): Window already focused, ignoring focus gain of: com.android.internal.view.IInputMethodClient$Stub$Proxy@b428bc00 attribute=null
D/InputEventConsistencyVerifier(  434): TouchEvent: ACTION_DOWN but pointers are already down.  Probably missing ACTION_UP from previous gesture.
D/InputEventConsistencyVerifier(  434):   in android.view.ScaleGestureDetector@b3f15ea8
D/InputEventConsistencyVerifier(  434):   0: sent at 252546000000, MotionEvent { action=ACTION_DOWN, id[0]=0, x[0]=402.0, y[0]=632.0, toolType[0]=TOOL_TYPE_UNKNOWN, buttonState=0, metaState=0, flags=0x0, edgeFlags=0x0, pointerCount=1, historySize=0, eventTime=252546, downTime=252544, deviceId=0, source=0x1002 }
D/InputEventConsistencyVerifier(  434):   -- recent events --
D/InputEventConsistencyVerifier(  434):   1: sent at 252281000000, MotionEvent { action=ACTION_DOWN, id[0]=0, x[0]=217.0, y[0]=713.0, toolType[0]=TOOL_TYPE_UNKNOWN, buttonState=0, metaState=0, flags=0x80000000, edgeFlags=0x0, pointerCount=1, historySize=0, eventTime=252281, downTime=252280, deviceId=0, source=0x1002 }
D/InputEventConsistencyVerifier(  434):   2: sent at 251806000000, MotionEvent { action=ACTION_MOVE, id[0]=0, x[0]=404.0, y[0]=494.0, toolType[0]=TOOL_TYPE_UNKNOWN, buttonState=0, metaState=0, flags=0x0, edgeFlags=0x0, pointerCount=1, historySize=6, eventTime=251806, downTime=251734, deviceId=0, source=0x1002 }
D/InputEventConsistencyVerifier(  434):   3: sent at 251737000000, MotionEvent { action=ACTION_DOWN, id[0]=0, x[0]=463.0, y[0]=438.0, toolType[0]=TOOL_TYPE_UNKNOWN, buttonState=0, metaState=0, flags=0x80000000, edgeFlags=0x0, pointerCount=1, historySize=0, eventTime=251737, downTime=251734, deviceId=0, source=0x1002 }
D/InputEventConsistencyVerifier(  434):   4: sent at 251377000000, MotionEvent { action=ACTION_MOVE, id[0]=0, x[0]=184.0, y[0]=695.0, toolType[0]=TOOL_TYPE_UNKNOWN, buttonState=0, metaState=0, flags=0x0, edgeFlags=0x0, pointerCount=1, historySize=7, eventTime=251377, downTime=251336, deviceId=0, source=0x1002 }
D/InputEventConsistencyVerifier(  434):   5: sent at 251339000000, MotionEvent { action=ACTION_DOWN, id[0]=0, x[0]=126.0, y[0]=643.0, toolType[0]=TOOL_TYPE_UNKNOWN, buttonState=0, metaState=0, flags=0x0, edgeFlags=0x0, pointerCount=1, historySize=0, eventTime=251339, downTime=251336, deviceId=0, source=0x1002 }
D/InputEventConsistencyVerifier(  434): TouchEvent: ACTION_DOWN but pointers are already down.  Probably missing ACTION_UP from previous gesture.
D/InputEventConsistencyVerifier(  434):   in android.view.ScaleGestureDetector@b3f15ea8
D/InputEventConsistencyVerifier(  434):   0: sent at 252606000000, MotionEvent { action=ACTION_DOWN, id[0]=0, x[0]=72.0, y[0]=276.0, toolType[0]=TOOL_TYPE_UNKNOWN, buttonState=0, metaState=0, flags=0x0, edgeFlags=0x0, pointerCount=1, historySize=0, eventTime=252606, downTime=252605, deviceId=0, source=0x1002 }
D/InputEventConsistencyVerifier(  434):   -- recent events --
D/InputEventConsistencyVerifier(  434):   1: sent at 252546000000, MotionEvent { action=ACTION_DOWN, id[0]=0, x[0]=402.0, y[0]=632.0, toolType[0]=TOOL_TYPE_UNKNOWN, buttonState=0, metaState=0, flags=0x80000000, edgeFlags=0x0, pointerCount=1, historySize=0, eventTime=252546, downTime=252544, deviceId=0, source=0x1002 }
D/InputEventConsistencyVerifier(  434):   2: sent at 252281000000, MotionEvent { action=ACTION_DOWN, id[0]=0, x[0]=217.0, y[0]=713.0, toolType[0]=TOOL_TYPE_UNKNOWN, buttonState=0, metaState=0, flags=0x80000000, edgeFlags=0x0, pointerCount=1, historySize=0, eventTime=252281, downTime=252280, deviceId=0, source=0x1002 }
D/InputEventConsistencyVerifier(  434):   3: sent at 251806000000, MotionEvent { action=ACTION_MOVE, id[0]=0, x[0]=404.0, y[0]=494.0, toolType[0]=TOOL_TYPE_UNKNOWN, buttonState=0, metaState=0, flags=0x0, edgeFlags=0x0, pointerCount=1, historySize=6, eventTime=251806, downTime=251734, deviceId=0, source=0x1002 }
D/InputEventConsistencyVerifier(  434):   4: sent at 251737000000, MotionEvent { action=ACTION_DOWN, id[0]=0, x[0]=463.0, y[0]=438.0, toolType[0]=TOOL_TYPE_UNKNOWN, buttonState=0, metaState=0, flags=0x80000000, edgeFlags=0x0, pointerCount=1, historySize=0, eventTime=251737, downTime=251734, deviceId=0, source=0x1002 }
D/InputEventConsistencyVerifier(  434):   5: sent at 251377000000, MotionEvent { action=ACTION_MOVE, id[0]=0, x[0]=184.0, y[0]=695.0, toolType[0]=TOOL_TYPE_UNKNOWN, buttonState=0, metaState=0, flags=0x0, edgeFlags=0x0, pointerCount=1, historySize=7, eventTime=251377, downTime=251336, deviceId=0, source=0x1002 }
I/Choreographer(  434): Skipped 81 frames!  The application may be doing too much work on its main thread.
D/InputEventConsistencyVerifier(  434): KeyEvent: ACTION_UP but key was not down.
D/InputEventConsistencyVerifier(  434):   in com.android.systemui.statusbar.phone.StatusBarWindowView@b3e761d8
D/InputEventConsistencyVerifier(  434):   0: sent at 252900000000, KeyEvent { action=ACTION_UP, keyCode=KEYCODE_DPAD_RIGHT, scanCode=0, metaState=0, flags=0x400, repeatCount=0, eventTime=252900, downTime=252900, deviceId=-1, source=0x101 }
D/InputEventConsistencyVerifier(  434):   -- recent events --
D/InputEventConsistencyVerifier(  434):   1: sent at 252657000000, (unhandled) MotionEvent { action=ACTION_MOVE, id[0]=0, x[0]=4.0, y[0]=-2.0, toolType[0]=TOOL_TYPE_UNKNOWN, buttonState=0, metaState=0, flags=0x0, edgeFlags=0x0, pointerCount=1, historySize=2, eventTime=252657, downTime=-1, deviceId=0, source=0x10004 }
D/InputEventConsistencyVerifier(  434):   2: sent at 252618000000, MotionEvent { action=ACTION_UP, id[0]=0, x[0]=76.0, y[0]=277.0, toolType[0]=TOOL_TYPE_UNKNOWN, buttonState=0, metaState=0, flags=0x0, edgeFlags=0x0, pointerCount=1, historySize=0, eventTime=252618, downTime=252605, deviceId=0, source=0x1002 }
D/InputEventConsistencyVerifier(  434):   3: sent at 252606000000, MotionEvent { action=ACTION_DOWN, id[0]=0, x[0]=72.0, y[0]=276.0, toolType[0]=TOOL_TYPE_UNKNOWN, buttonState=0, metaState=0, flags=0x0, edgeFlags=0x0, pointerCount=1, historySize=0, eventTime=252606, downTime=252605, deviceId=0, source=0x1002 }
D/InputEventConsistencyVerifier(  434):   4: sent at 252587000000, MotionEvent { action=ACTION_UP, id[0]=0, x[0]=415.0, y[0]=674.0, toolType[0]=TOOL_TYPE_UNKNOWN, buttonState=0, metaState=0, flags=0x0, edgeFlags=0x0, pointerCount=1, historySize=0, eventTime=252587, downTime=252544, deviceId=0, source=0x1002 }
D/InputEventConsistencyVerifier(  434):   5: sent at 252584000000, MotionEvent { action=ACTION_MOVE, id[0]=0, x[0]=413.0, y[0]=666.0, toolType[0]=TOOL_TYPE_UNKNOWN, buttonState=0, metaState=0, flags=0x0, edgeFlags=0x0, pointerCount=1, historySize=4, eventTime=252584, downTime=252544, deviceId=0, source=0x1002 }
I/Choreographer(  925): Skipped 73 frames!  The application may be doing too much work on its main thread.
D/PhoneStatusBar(  434): disable: < expand icons alerts ticker* system_info back home recent clock >
V/PhoneStatusBar(  434): setLightsOn(true)
I/Choreographer(  434): Skipped 49 frames!  The application may be doing too much work on its main thread.
I/Choreographer(  925): Skipped 36 frames!  The application may be doing too much work on its main thread.
D/PhoneStatusBar(  434): disable: < EXPAND* icons alerts ticker system_info back home recent clock >
I/Choreographer(  925): Skipped 77 frames!  The application may be doing too much work on its main thread.
I/Choreographer(  925): Skipped 32 frames!  The application may be doing too much work on its main thread.
D/InputEventConsistencyVerifier(  237): TrackballEvent: Trackball is down but pressure is not greater than 0.
D/InputEventConsistencyVerifier(  237):   in android.view.ViewRootImpl@b42acc08
D/InputEventConsistencyVerifier(  237):   0: sent at 256292000000, MotionEvent { action=ACTION_DOWN, id[0]=0, x[0]=0.0, y[0]=0.0, toolType[0]=TOOL_TYPE_UNKNOWN, buttonState=0, metaState=0, flags=0x0, edgeFlags=0x0, pointerCount=1, historySize=0, eventTime=256292, downTime=256194, deviceId=0, source=0x10004 }
D/InputEventConsistencyVerifier(  237):   -- recent events --
D/InputEventConsistencyVerifier(  237):   1: sent at 256317000000, KeyEvent { action=ACTION_UP, keyCode=KEYCODE_DPAD_LEFT, scanCode=0, metaState=0, flags=0x400, repeatCount=0, eventTime=256317, downTime=256317, deviceId=-1, source=0x101 }
D/InputEventConsistencyVerifier(  237):   2: sent at 256317000000, KeyEvent { action=ACTION_DOWN, keyCode=KEYCODE_DPAD_LEFT, scanCode=0, metaState=0, flags=0x400, repeatCount=0, eventTime=256317, downTime=256317, deviceId=-1, source=0x101 }
D/InputEventConsistencyVerifier(  237):   3: sent at 256317000000, KeyEvent { action=ACTION_UP, keyCode=KEYCODE_DPAD_LEFT, scanCode=0, metaState=0, flags=0x400, repeatCount=0, eventTime=256317, downTime=256317, deviceId=-1, source=0x101 }
D/InputEventConsistencyVerifier(  237):   4: sent at 256317000000, KeyEvent { action=ACTION_DOWN, keyCode=KEYCODE_DPAD_LEFT, scanCode=0, metaState=0, flags=0x400, repeatCount=0, eventTime=256317, downTime=256317, deviceId=-1, source=0x101 }
D/InputEventConsistencyVerifier(  237):   5: sent at 256317000000, KeyEvent { action=ACTION_UP, keyCode=KEYCODE_DPAD_LEFT, scanCode=0, metaState=0, flags=0x400, repeatCount=0, eventTime=256317, downTime=256317, deviceId=-1, source=0x101 }
D/InputEventConsistencyVerifier(  237): TrackballEvent: Trackball is down but pressure is not greater than 0.
D/InputEventConsistencyVerifier(  237):   in android.view.ViewRootImpl@b42acc08
D/InputEventConsistencyVerifier(  237):   0: sent at 256663000000, MotionEvent { action=ACTION_DOWN, id[0]=0, x[0]=0.0, y[0]=0.0, toolType[0]=TOOL_TYPE_UNKNOWN, buttonState=0, metaState=0, flags=0x0, edgeFlags=0x0, pointerCount=1, historySize=0, eventTime=256663, downTime=256616, deviceId=0, source=0x10004 }
D/InputEventConsistencyVerifier(  237):   -- recent events --
D/InputEventConsistencyVerifier(  237):   1: sent at 256677000000, KeyEvent { action=ACTION_UP, keyCode=KEYCODE_DPAD_RIGHT, scanCode=0, metaState=0, flags=0x400, repeatCount=0, eventTime=256677, downTime=256677, deviceId=-1, source=0x101 }
D/InputEventConsistencyVerifier(  237):   2: sent at 256677000000, KeyEvent { action=ACTION_DOWN, keyCode=KEYCODE_DPAD_RIGHT, scanCode=0, metaState=0, flags=0x400, repeatCount=0, eventTime=256677, downTime=256677, deviceId=-1, source=0x101 }
D/InputEventConsistencyVerifier(  237):   3: sent at 256677000000, KeyEvent { action=ACTION_UP, keyCode=KEYCODE_DPAD_RIGHT, scanCode=0, metaState=0, flags=0x400, repeatCount=0, eventTime=256677, downTime=256677, deviceId=-1, source=0x101 }
D/InputEventConsistencyVerifier(  237):   4: sent at 256677000000, KeyEvent { action=ACTION_DOWN, keyCode=KEYCODE_DPAD_RIGHT, scanCode=0, metaState=0, flags=0x400, repeatCount=0, eventTime=256677, downTime=256677, deviceId=-1, source=0x101 }
D/InputEventConsistencyVerifier(  237):   5: sent at 256660000000, MotionEvent { action=ACTION_MOVE, id[0]=0, x[0]=2.0, y[0]=-1.0, toolType[0]=TOOL_TYPE_UNKNOWN, buttonState=0, metaState=0, flags=0x0, edgeFlags=0x0, pointerCount=1, historySize=5, eventTime=256660, downTime=-1, deviceId=0, source=0x10004 }
I/ActivityManager(  237): START {act=android.intent.action.MAIN cat=[android.intent.category.LAUNCHER] flg=0x10200000 cmp=com.android.install/.ui.MainActivity u=0} from pid 907
I/ActivityManager(  237): START {act=android.intent.action.MAIN cat=[android.intent.category.LAUNCHER] flg=0x10200000 cmp=com.android.install/.ui.MainActivity u=0} from pid 907
I/ActivityManager(  237): START {act=android.intent.action.MAIN cat=[android.intent.category.LAUNCHER] flg=0x10200000 cmp=com.android.install/.ui.MainActivity u=0} from pid 907
D/InputEventConsistencyVerifier(  237): TrackballEvent: Trackball is down but pressure is not greater than 0.
D/InputEventConsistencyVerifier(  237):   in android.view.ViewRootImpl@b42acc08
D/InputEventConsistencyVerifier(  237):   0: sent at 257124000000, MotionEvent { action=ACTION_DOWN, id[0]=0, x[0]=0.0, y[0]=0.0, toolType[0]=TOOL_TYPE_UNKNOWN, buttonState=0, metaState=0, flags=0x0, edgeFlags=0x0, pointerCount=1, historySize=0, eventTime=257124, downTime=257075, deviceId=0, source=0x10004 }
D/InputEventConsistencyVerifier(  237):   -- recent events --
D/InputEventConsistencyVerifier(  237):   1: sent at 257142000000, KeyEvent { action=ACTION_UP, keyCode=KEYCODE_DPAD_DOWN, scanCode=0, metaState=0, flags=0x400, repeatCount=0, eventTime=257142, downTime=257142, deviceId=-1, source=0x101 }
D/InputEventConsistencyVerifier(  237):   2: sent at 257142000000, KeyEvent { action=ACTION_DOWN, keyCode=KEYCODE_DPAD_DOWN, scanCode=0, metaState=0, flags=0x400, repeatCount=0, eventTime=257142, downTime=257142, deviceId=-1, source=0x101 }
D/InputEventConsistencyVerifier(  237):   3: sent at 257142000000, KeyEvent { action=ACTION_UP, keyCode=KEYCODE_DPAD_DOWN, scanCode=0, metaState=0, flags=0x400, repeatCount=0, eventTime=257142, downTime=257142, deviceId=-1, source=0x101 }
D/InputEventConsistencyVerifier(  237):   4: sent at 257142000000, KeyEvent { action=ACTION_DOWN, keyCode=KEYCODE_DPAD_DOWN, scanCode=0, metaState=0, flags=0x400, repeatCount=0, eventTime=257142, downTime=257142, deviceId=-1, source=0x101 }
D/InputEventConsistencyVerifier(  237):   5: sent at 257142000000, KeyEvent { action=ACTION_UP, keyCode=KEYCODE_DPAD_DOWN, scanCode=0, metaState=0, flags=0x400, repeatCount=0, eventTime=257142, downTime=257142, deviceId=-1, source=0x101 }
I/ActivityManager(  237): START {act=android.intent.action.MAIN cat=[android.intent.category.LAUNCHER] flg=0x10000000 cmp=com.android.email/.activity.Welcome sel={act=android.intent.action.MAIN cat=[android.intent.category.APP_EMAIL]} u=0} from pid 237
D/InputEventConsistencyVerifier(  237): KeyEvent: ACTION_UP but key was not down.
D/InputEventConsistencyVerifier(  237):   in android.view.ViewRootImpl@b42acc08
D/InputEventConsistencyVerifier(  237):   0: sent at 258241000000, KeyEvent { action=ACTION_UP, keyCode=KEYCODE_ENVELOPE, scanCode=0, metaState=0, flags=0x8, repeatCount=0, eventTime=258241, downTime=258241, deviceId=-1, source=0x101 }
D/InputEventConsistencyVerifier(  237):   -- recent events --
D/InputEventConsistencyVerifier(  237):   1: sent at 258136000000, KeyEvent { action=ACTION_UP, keyCode=KEYCODE_DPAD_DOWN, scanCode=0, metaState=0, flags=0x8, repeatCount=0, eventTime=258136, downTime=258136, deviceId=-1, source=0x101 }
D/InputEventConsistencyVerifier(  237):   2: sent at 258106000000, KeyEvent { action=ACTION_DOWN, keyCode=KEYCODE_DPAD_DOWN, scanCode=0, metaState=0, flags=0x8, repeatCount=0, eventTime=258106, downTime=258106, deviceId=-1, source=0x101 }
D/InputEventConsistencyVerifier(  237):   3: sent at 258092000000, MotionEvent { action=ACTION_UP, id[0]=0, x[0]=77.0, y[0]=559.0, toolType[0]=TOOL_TYPE_UNKNOWN, buttonState=0, metaState=0, flags=0x0, edgeFlags=0x0, pointerCount=1, historySize=0, eventTime=258092, downTime=258054, deviceId=0, source=0x1002 }
D/InputEventConsistencyVerifier(  237):   4: sent at 258089000000, MotionEvent { action=ACTION_MOVE, id[0]=0, x[0]=74.0, y[0]=557.0, toolType[0]=TOOL_TYPE_UNKNOWN, buttonState=0, metaState=0, flags=0x0, edgeFlags=0x0, pointerCount=1, historySize=2, eventTime=258089, downTime=258054, deviceId=0, source=0x1002 }
D/InputEventConsistencyVerifier(  237):   5: sent at 258055000000, MotionEvent { action=ACTION_DOWN, id[0]=0, x[0]=67.0, y[0]=544.0, toolType[0]=TOOL_TYPE_UNKNOWN, buttonState=0, metaState=0, flags=0x0, edgeFlags=0x0, pointerCount=1, historySize=0, eventTime=258055, downTime=258054, deviceId=0, source=0x1002 }
W/dalvikvm(  907): DroidBox: { "FdAccess": { "path": "2f6465762f696e7075742f6576656e7430", "id": "1797545677" } }
W/DroidBox(  907): DroidBox: { "FileRW": { "operation": "write", "data": "efbfbd060000efbfbdefbfbd0c000500000000000000", "id": "1797545677" } }
D/InputEventConsistencyVerifier(  434): TouchEvent: ACTION_DOWN but pointers are already down.  Probably missing ACTION_UP from previous gesture.
D/InputEventConsistencyVerifier(  434):   in android.view.ScaleGestureDetector@b3f15ea8
D/InputEventConsistencyVerifier(  434):   0: sent at 258514000000, MotionEvent { action=ACTION_DOWN, id[0]=0, x[0]=316.0, y[0]=29.0, toolType[0]=TOOL_TYPE_UNKNOWN, buttonState=0, metaState=0, flags=0x0, edgeFlags=0x0, pointerCount=1, historySize=0, eventTime=258514, downTime=258514, deviceId=0, source=0x1002 }
D/InputEventConsistencyVerifier(  434):   -- recent events --
D/InputEventConsistencyVerifier(  434):   1: sent at 252606000000, MotionEvent { action=ACTION_DOWN, id[0]=0, x[0]=72.0, y[0]=276.0, toolType[0]=TOOL_TYPE_UNKNOWN, buttonState=0, metaState=0, flags=0x80000000, edgeFlags=0x0, pointerCount=1, historySize=0, eventTime=252606, downTime=252605, deviceId=0, source=0x1002 }
D/InputEventConsistencyVerifier(  434):   2: sent at 252546000000, MotionEvent { action=ACTION_DOWN, id[0]=0, x[0]=402.0, y[0]=632.0, toolType[0]=TOOL_TYPE_UNKNOWN, buttonState=0, metaState=0, flags=0x80000000, edgeFlags=0x0, pointerCount=1, historySize=0, eventTime=252546, downTime=252544, deviceId=0, source=0x1002 }
D/InputEventConsistencyVerifier(  434):   3: sent at 252281000000, MotionEvent { action=ACTION_DOWN, id[0]=0, x[0]=217.0, y[0]=713.0, toolType[0]=TOOL_TYPE_UNKNOWN, buttonState=0, metaState=0, flags=0x80000000, edgeFlags=0x0, pointerCount=1, historySize=0, eventTime=252281, downTime=252280, deviceId=0, source=0x1002 }
D/InputEventConsistencyVerifier(  434):   4: sent at 251806000000, MotionEvent { action=ACTION_MOVE, id[0]=0, x[0]=404.0, y[0]=494.0, toolType[0]=TOOL_TYPE_UNKNOWN, buttonState=0, metaState=0, flags=0x0, edgeFlags=0x0, pointerCount=1, historySize=6, eventTime=251806, downTime=251734, deviceId=0, source=0x1002 }
D/InputEventConsistencyVerifier(  434):   5: sent at 251737000000, MotionEvent { action=ACTION_DOWN, id[0]=0, x[0]=463.0, y[0]=438.0, toolType[0]=TOOL_TYPE_UNKNOWN, buttonState=0, metaState=0, flags=0x80000000, edgeFlags=0x0, pointerCount=1, historySize=0, eventTime=251737, downTime=251734, deviceId=0, source=0x1002 }
I/ActivityManager(  237): START {act=android.intent.action.CALL_BUTTON flg=0x10000000 cmp=com.android.contacts/.activities.DialtactsActivity u=0} from pid 237
I/Choreographer(  237): Skipped 38 frames!  The application may be doing too much work on its main thread.
I/ActivityManager(  237): START {act=android.intent.action.CALL_BUTTON flg=0x10000000 cmp=com.android.contacts/.activities.DialtactsActivity u=0} from pid 237
D/PhoneStatusBar(  434): disable: < expand* icons alerts ticker system_info back home recent clock >
W/InputMethodManagerService(  237): Window already focused, ignoring focus gain of: com.android.internal.view.IInputMethodClient$Stub$Proxy@b417baa0 attribute=null
V/PhoneStatusBar(  434): setLightsOn(true)
D/InputEventConsistencyVerifier(  925): KeyEvent: ACTION_UP but key was not down.
D/InputEventConsistencyVerifier(  925):   in android.view.ViewRootImpl@b3ede0f0
D/InputEventConsistencyVerifier(  925):   0: sent at 258976000000, KeyEvent { action=ACTION_UP, keyCode=KEYCODE_MENU, scanCode=0, metaState=0, flags=0x8, repeatCount=0, eventTime=258976, downTime=258976, deviceId=-1, source=0x101 }
D/InputEventConsistencyVerifier(  925):   -- recent events --
D/InputEventConsistencyVerifier(  925):   1: sent at 254112000000, MotionEvent { action=ACTION_UP, id[0]=0, x[0]=114.0, y[0]=38.0, toolType[0]=TOOL_TYPE_UNKNOWN, buttonState=0, metaState=0, flags=0x0, edgeFlags=0x0, pointerCount=1, historySize=0, eventTime=254112, downTime=254091, deviceId=0, source=0x1002 }
D/InputEventConsistencyVerifier(  925):   2: sent at 254092000000, MotionEvent { action=ACTION_DOWN, id[0]=0, x[0]=126.0, y[0]=44.0, toolType[0]=TOOL_TYPE_UNKNOWN, buttonState=0, metaState=0, flags=0x0, edgeFlags=0x0, pointerCount=1, historySize=0, eventTime=254092, downTime=254091, deviceId=0, source=0x1002 }
D/InputEventConsistencyVerifier(  925):   3: sent at 253780000000, KeyEvent { action=ACTION_UP, keyCode=KEYCODE_MENU, scanCode=0, metaState=0, flags=0x8, repeatCount=0, eventTime=253780, downTime=253780, deviceId=-1, source=0x101 }
D/InputEventConsistencyVerifier(  925):   4: sent at 253146000000, KeyEvent { action=ACTION_DOWN, keyCode=KEYCODE_MENU, scanCode=0, metaState=0, flags=0x8, repeatCount=0, eventTime=253146, downTime=253146, deviceId=-1, source=0x101 }
D/InputEventConsistencyVerifier(  925):   5: sent at 253770000000, KeyEvent { action=ACTION_UP, keyCode=KEYCODE_DPAD_DOWN, scanCode=0, metaState=0, flags=0x400, repeatCount=0, eventTime=253770, downTime=253770, deviceId=-1, source=0x101 }
W/dalvikvm(  434): DroidBox: { "FdAccess": { "path": "2f70726f632f6d656d696e666f", "id": "554217612" } }
W/DroidBox(  434): DroidBox: { "FileRW": { "operation": "read", "data": "4d656d546f74616c3a202020202020202020373438393634206b420a4d656d467265653a20202020202020202020343535343634206b420a427566666572733a20202020202020202020202035373838206b420a4361636865643a202020202020202020", "id": "554217612" } }
I/Choreographer(  434): Skipped 68 frames!  The application may be doing too much work on its main thread.
W/dalvikvm(  434): DroidBox: { "FdAccess": { "path": "2f70726f632f6d656d696e666f", "id": "1633572471" } }
W/DroidBox(  434): DroidBox: { "FileRW": { "operation": "read", "data": "4d656d546f74616c3a202020202020202020373438393634206b420a4d656d467265653a20202020202020202020343535333430206b420a427566666572733a20202020202020202020202035373838206b420a4361636865643a202020202020202020", "id": "1633572471" } }
D/InputEventConsistencyVerifier(  434): KeyEvent: ACTION_UP but key was not down.
D/InputEventConsistencyVerifier(  434):   in com.android.systemui.statusbar.phone.PhoneStatusBarView@b3e78170
D/InputEventConsistencyVerifier(  434):   0: sent at 261706000000, KeyEvent { action=ACTION_UP, keyCode=KEYCODE_NUMPAD_2, scanCode=0, metaState=0, flags=0x8, repeatCount=0, eventTime=261706, downTime=261706, deviceId=-1, source=0x101 }
D/InputEventConsistencyVerifier(  434):   -- recent events --
D/InputEventConsistencyVerifier(  434):   1: sent at 261512000000, (unhandled) KeyEvent { action=ACTION_UP, keyCode=KEYCODE_DPAD_UP, scanCode=0, metaState=0, flags=0x8, repeatCount=0, eventTime=261512, downTime=261512, deviceId=-1, source=0x101 }
D/InputEventConsistencyVerifier(  434):   2: sent at 261507000000, (unhandled) KeyEvent { action=ACTION_DOWN, keyCode=KEYCODE_DPAD_UP, scanCode=0, metaState=0, flags=0x8, repeatCount=0, eventTime=261507, downTime=261507, deviceId=-1, source=0x101 }
D/InputEventConsistencyVerifier(  434):   3: sent at 261502000000, (unhandled) KeyEvent { action=ACTION_UP, keyCode=KEYCODE_DPAD_UP, scanCode=0, metaState=0, flags=0x8, repeatCount=0, eventTime=261502, downTime=261502, deviceId=-1, source=0x101 }
D/InputEventConsistencyVerifier(  434):   4: sent at 261477000000, (unhandled) KeyEvent { action=ACTION_DOWN, keyCode=KEYCODE_DPAD_UP, scanCode=0, metaState=0, flags=0x8, repeatCount=0, eventTime=261477, downTime=261477, deviceId=-1, source=0x101 }
D/InputEventConsistencyVerifier(  434):   5: sent at 261472000000, (unhandled) KeyEvent { action=ACTION_UP, keyCode=KEYCODE_L, scanCode=0, metaState=0, flags=0x8, repeatCount=0, eventTime=261472, downTime=261472, deviceId=-1, source=0x101 }
D/InputEventConsistencyVerifier(  434): KeyEvent: ACTION_UP but key was not down.
D/InputEventConsistencyVerifier(  434):   in com.android.systemui.statusbar.phone.StatusBarWindowView@b3e761d8
D/InputEventConsistencyVerifier(  434):   0: sent at 261706000000, KeyEvent { action=ACTION_UP, keyCode=KEYCODE_DPAD_DOWN, scanCode=0, metaState=0, flags=0x8, repeatCount=0, eventTime=261706, downTime=261706, deviceId=-1, source=0x101 }
D/InputEventConsistencyVerifier(  434):   -- recent events --
D/InputEventConsistencyVerifier(  434):   1: sent at 261706000000, (unhandled) KeyEvent { action=ACTION_UP, keyCode=KEYCODE_NUMPAD_2, scanCode=0, metaState=0, flags=0x8, repeatCount=0, eventTime=261706, downTime=261706, deviceId=-1, source=0x101 }
D/InputEventConsistencyVerifier(  434):   2: sent at 261665000000, (unhandled) KeyEvent { action=ACTION_DOWN, keyCode=KEYCODE_NUMPAD_2, scanCode=0, metaState=0, flags=0x8, repeatCount=0, eventTime=261665, downTime=261665, deviceId=-1, source=0x101 }
D/InputEventConsistencyVerifier(  434):   3: sent at 261650000000, MotionEvent { action=ACTION_UP, id[0]=0, x[0]=248.0, y[0]=706.0, toolType[0]=TOOL_TYPE_UNKNOWN, buttonState=0, metaState=0, flags=0x0, edgeFlags=0x0, pointerCount=1, historySize=0, eventTime=261650, downTime=261519, deviceId=0, source=0x1002 }
D/InputEventConsistencyVerifier(  434):   4: sent at 261647000000, MotionEvent { action=ACTION_MOVE, id[0]=0, x[0]=244.0, y[0]=704.0, toolType[0]=TOOL_TYPE_UNKNOWN, buttonState=0, metaState=0, flags=0x0, edgeFlags=0x0, pointerCount=1, historySize=8, eventTime=261647, downTime=261519, deviceId=0, source=0x1002 }
D/InputEventConsistencyVerifier(  434):   5: sent at 261536000000, MotionEvent { action=ACTION_DOWN, id[0]=0, x[0]=227.0, y[0]=649.0, toolType[0]=TOOL_TYPE_UNKNOWN, buttonState=0, metaState=0, flags=0x0, edgeFlags=0x0, pointerCount=1, historySize=0, eventTime=261536, downTime=261519, deviceId=0, source=0x1002 }
V/PhoneStatusBar(  434): setLightsOn(true)
D/PhoneStatusBar(  434): disable: < expand icons alerts TICKER* system_info back home recent clock >
I/Choreographer(  434): Skipped 61 frames!  The application may be doing too much work on its main thread.
D/InputEventConsistencyVerifier(  434): TouchEvent: ACTION_DOWN but pointers are already down.  Probably missing ACTION_UP from previous gesture.
D/InputEventConsistencyVerifier(  434):   in android.view.ScaleGestureDetector@b3f15ea8
D/InputEventConsistencyVerifier(  434):   0: sent at 261802000000, MotionEvent { action=ACTION_DOWN, id[0]=0, x[0]=87.0, y[0]=201.0, toolType[0]=TOOL_TYPE_UNKNOWN, buttonState=0, metaState=0, flags=0x0, edgeFlags=0x0, pointerCount=1, historySize=0, eventTime=261802, downTime=261801, deviceId=0, source=0x1002 }
D/InputEventConsistencyVerifier(  434):   -- recent events --
D/InputEventConsistencyVerifier(  434):   1: sent at 261536000000, MotionEvent { action=ACTION_DOWN, id[0]=0, x[0]=227.0, y[0]=649.0, toolType[0]=TOOL_TYPE_UNKNOWN, buttonState=0, metaState=0, flags=0x0, edgeFlags=0x0, pointerCount=1, historySize=0, eventTime=261536, downTime=261519, deviceId=0, source=0x1002 }
D/InputEventConsistencyVerifier(  434):   2: sent at 261222000000, MotionEvent { action=ACTION_UP, id[0]=0, x[0]=401.0, y[0]=37.0, toolType[0]=TOOL_TYPE_UNKNOWN, buttonState=0, metaState=0, flags=0x0, edgeFlags=0x0, pointerCount=1, historySize=0, eventTime=261222, downTime=261213, deviceId=0, source=0x1002 }
D/InputEventConsistencyVerifier(  434):   3: sent at 261214000000, MotionEvent { action=ACTION_DOWN, id[0]=0, x[0]=396.0, y[0]=22.0, toolType[0]=TOOL_TYPE_UNKNOWN, buttonState=0, metaState=0, flags=0x0, edgeFlags=0x0, pointerCount=1, historySize=0, eventTime=261214, downTime=261213, deviceId=0, source=0x1002 }
D/InputEventConsistencyVerifier(  434):   4: sent at 258520000000, MotionEvent { action=ACTION_UP, id[0]=0, x[0]=320.0, y[0]=30.0, toolType[0]=TOOL_TYPE_UNKNOWN, buttonState=0, metaState=0, flags=0x0, edgeFlags=0x0, pointerCount=1, historySize=0, eventTime=258520, downTime=258514, deviceId=0, source=0x1002 }
D/InputEventConsistencyVerifier(  434):   5: sent at 258514000000, MotionEvent { action=ACTION_DOWN, id[0]=0, x[0]=316.0, y[0]=29.0, toolType[0]=TOOL_TYPE_UNKNOWN, buttonState=0, metaState=0, flags=0x80000000, edgeFlags=0x0, pointerCount=1, historySize=0, eventTime=258514, downTime=258514, deviceId=0, source=0x1002 }
W/dalvikvm(  434): DroidBox: { "FdAccess": { "path": "2f70726f632f6d656d696e666f", "id": "711745515" } }
W/DroidBox(  434): DroidBox: { "FileRW": { "operation": "read", "data": "4d656d546f74616c3a202020202020202020373438393634206b420a4d656d467265653a20202020202020202020343533383532206b420a427566666572733a20202020202020202020202035373838206b420a4361636865643a202020202020202020", "id": "711745515" } }
W/dalvikvm(  434): DroidBox: { "FdAccess": { "path": "2f70726f632f6d656d696e666f", "id": "881724016" } }
W/DroidBox(  434): DroidBox: { "FileRW": { "operation": "read", "data": "4d656d546f74616c3a202020202020202020373438393634206b420a4d656d467265653a20202020202020202020343532333634206b420a427566666572733a20202020202020202020202035373838206b420a4361636865643a202020202020202020", "id": "881724016" } }
D/InputEventConsistencyVerifier(  434): TouchEvent: ACTION_DOWN but pointers are already down.  Probably missing ACTION_UP from previous gesture.
D/InputEventConsistencyVerifier(  434):   in android.view.ScaleGestureDetector@b3f15ea8
D/InputEventConsistencyVerifier(  434):   0: sent at 261953000000, MotionEvent { action=ACTION_DOWN, id[0]=0, x[0]=131.0, y[0]=443.0, toolType[0]=TOOL_TYPE_UNKNOWN, buttonState=0, metaState=0, flags=0x0, edgeFlags=0x0, pointerCount=1, historySize=0, eventTime=261953, downTime=261936, deviceId=0, source=0x1002 }
D/InputEventConsistencyVerifier(  434):   -- recent events --
D/InputEventConsistencyVerifier(  434):   1: sent at 261802000000, MotionEvent { action=ACTION_DOWN, id[0]=0, x[0]=87.0, y[0]=201.0, toolType[0]=TOOL_TYPE_UNKNOWN, buttonState=0, metaState=0, flags=0x80000000, edgeFlags=0x0, pointerCount=1, historySize=0, eventTime=261802, downTime=261801, deviceId=0, source=0x1002 }
D/InputEventConsistencyVerifier(  434):   2: sent at 261536000000, MotionEvent { action=ACTION_DOWN, id[0]=0, x[0]=227.0, y[0]=649.0, toolType[0]=TOOL_TYPE_UNKNOWN, buttonState=0, metaState=0, flags=0x0, edgeFlags=0x0, pointerCount=1, historySize=0, eventTime=261536, downTime=261519, deviceId=0, source=0x1002 }
D/InputEventConsistencyVerifier(  434):   3: sent at 261222000000, MotionEvent { action=ACTION_UP, id[0]=0, x[0]=401.0, y[0]=37.0, toolType[0]=TOOL_TYPE_UNKNOWN, buttonState=0, metaState=0, flags=0x0, edgeFlags=0x0, pointerCount=1, historySize=0, eventTime=261222, downTime=261213, deviceId=0, source=0x1002 }
D/InputEventConsistencyVerifier(  434):   4: sent at 261214000000, MotionEvent { action=ACTION_DOWN, id[0]=0, x[0]=396.0, y[0]=22.0, toolType[0]=TOOL_TYPE_UNKNOWN, buttonState=0, metaState=0, flags=0x0, edgeFlags=0x0, pointerCount=1, historySize=0, eventTime=261214, downTime=261213, deviceId=0, source=0x1002 }
D/InputEventConsistencyVerifier(  434):   5: sent at 258520000000, MotionEvent { action=ACTION_UP, id[0]=0, x[0]=320.0, y[0]=30.0, toolType[0]=TOOL_TYPE_UNKNOWN, buttonState=0, metaState=0, flags=0x0, edgeFlags=0x0, pointerCount=1, historySize=0, eventTime=258520, downTime=258514, deviceId=0, source=0x1002 }
D/InputEventConsistencyVerifier(  434): KeyEvent: ACTION_UP but key was not down.
D/InputEventConsistencyVerifier(  434):   in com.android.systemui.statusbar.phone.StatusBarWindowView@b3e761d8
D/InputEventConsistencyVerifier(  434):   0: sent at 262063000000, KeyEvent { action=ACTION_UP, keyCode=KEYCODE_DPAD_DOWN, scanCode=0, metaState=0, flags=0x8, repeatCount=0, eventTime=262063, downTime=262063, deviceId=-1, source=0x101 }
D/InputEventConsistencyVerifier(  434):   -- recent events --
D/InputEventConsistencyVerifier(  434):   1: sent at 262032000000, MotionEvent { action=ACTION_UP, id[0]=0, x[0]=35.0, y[0]=489.0, toolType[0]=TOOL_TYPE_UNKNOWN, buttonState=0, metaState=0, flags=0x0, edgeFlags=0x0, pointerCount=1, historySize=0, eventTime=262032, downTime=261936, deviceId=0, source=0x1002 }
D/InputEventConsistencyVerifier(  434):   2: sent at 262029000000, MotionEvent { action=ACTION_POINTER_UP(1), id[0]=0, x[0]=49.0, y[0]=484.0, toolType[0]=TOOL_TYPE_UNKNOWN, id[1]=1, x[1]=411.0, y[1]=169.0, toolType[1]=TOOL_TYPE_UNKNOWN, buttonState=0, metaState=0, flags=0x0, edgeFlags=0x0, pointerCount=2, historySize=0, eventTime=262029, downTime=261936, deviceId=0, source=0x1002 }
D/InputEventConsistencyVerifier(  434):   3: sent at 262026000000, MotionEvent { action=ACTION_MOVE, id[0]=0, x[0]=53.0, y[0]=478.0, toolType[0]=TOOL_TYPE_UNKNOWN, id[1]=1, x[1]=410.0, y[1]=170.0, toolType[1]=TOOL_TYPE_UNKNOWN, buttonState=0, metaState=0, flags=0x0, edgeFlags=0x0, pointerCount=2, historySize=7, eventTime=262026, downTime=261936, deviceId=0, source=0x1002 }
D/InputEventConsistencyVerifier(  434):   4: sent at 261959000000, MotionEvent { action=ACTION_POINTER_DOWN(1), id[0]=0, x[0]=127.0, y[0]=445.0, toolType[0]=TOOL_TYPE_UNKNOWN, id[1]=1, x[1]=365.0, y[1]=199.0, toolType[1]=TOOL_TYPE_UNKNOWN, buttonState=0, metaState=0, flags=0x0, edgeFlags=0x0, pointerCount=2, historySize=0, eventTime=261959, downTime=261936, deviceId=0, source=0x1002 }
D/InputEventConsistencyVerifier(  434):   5: sent at 261953000000, MotionEvent { action=ACTION_DOWN, id[0]=0, x[0]=131.0, y[0]=443.0, toolType[0]=TOOL_TYPE_UNKNOWN, buttonState=0, metaState=0, flags=0x0, edgeFlags=0x0, pointerCount=1, historySize=0, eventTime=261953, downTime=261936, deviceId=0, source=0x1002 }
D/InputEventConsistencyVerifier(  434): KeyEvent: ACTION_UP but key was not down.
D/InputEventConsistencyVerifier(  434):   in android.widget.FrameLayout@b3e74f60
D/InputEventConsistencyVerifier(  434):   0: sent at 262112000000, KeyEvent { action=ACTION_UP, keyCode=KEYCODE_DPAD_DOWN, scanCode=0, metaState=0, flags=0x8, repeatCount=0, eventTime=262112, downTime=262112, deviceId=-1, source=0x101 }
D/InputEventConsistencyVerifier(  434):   -- recent events --
D/InputEventConsistencyVerifier(  434):   1: sent at 252487000000, (unhandled) KeyEvent { action=ACTION_UP, keyCode=KEYCODE_MENU, scanCode=0, metaState=0, flags=0x8, repeatCount=0, eventTime=252487, downTime=252487, deviceId=-1, source=0x101 }
D/InputEventConsistencyVerifier(  434):   2: sent at 252481000000, (unhandled) KeyEvent { action=ACTION_DOWN, keyCode=KEYCODE_MENU, scanCode=0, metaState=0, flags=0x8, repeatCount=0, eventTime=252481, downTime=252481, deviceId=-1, source=0x101 }
D/InputEventConsistencyVerifier(  434):   3: sent at 252379000000, (unhandled) KeyEvent { action=ACTION_UP, keyCode=KEYCODE_MENU, scanCode=0, metaState=0, flags=0x8, repeatCount=0, eventTime=252379, downTime=252379, deviceId=-1, source=0x101 }
D/InputEventConsistencyVerifier(  434):   4: sent at 252305000000, (unhandled) KeyEvent { action=ACTION_DOWN, keyCode=KEYCODE_MENU, scanCode=0, metaState=0, flags=0x8, repeatCount=0, eventTime=252305, downTime=252305, deviceId=-1, source=0x101 }
D/InputEventConsistencyVerifier(  434):   5: sent at 252374000000, (unhandled) KeyEvent { action=ACTION_UP, keyCode=KEYCODE_DPAD_DOWN, scanCode=0, metaState=0, flags=0x400, repeatCount=0, eventTime=252374, downTime=252374, deviceId=-1, source=0x101 }
I/Choreographer(  434): Skipped 46 frames!  The application may be doing too much work on its main thread.
D/InputEventConsistencyVerifier(  434): TouchEvent: ACTION_DOWN but pointers are already down.  Probably missing ACTION_UP from previous gesture.
D/InputEventConsistencyVerifier(  434):   in android.view.ScaleGestureDetector@b3f15ea8
D/InputEventConsistencyVerifier(  434):   0: sent at 262184000000, MotionEvent { action=ACTION_DOWN, id[0]=0, x[0]=266.0, y[0]=26.0, toolType[0]=TOOL_TYPE_UNKNOWN, buttonState=0, metaState=0, flags=0x0, edgeFlags=0x0, pointerCount=1, historySize=0, eventTime=262184, downTime=262184, deviceId=0, source=0x1002 }
D/InputEventConsistencyVerifier(  434):   -- recent events --
D/InputEventConsistencyVerifier(  434):   1: sent at 261953000000, MotionEvent { action=ACTION_DOWN, id[0]=0, x[0]=131.0, y[0]=443.0, toolType[0]=TOOL_TYPE_UNKNOWN, buttonState=0, metaState=0, flags=0x80000000, edgeFlags=0x0, pointerCount=1, historySize=0, eventTime=261953, downTime=261936, deviceId=0, source=0x1002 }
D/InputEventConsistencyVerifier(  434):   2: sent at 261802000000, MotionEvent { action=ACTION_DOWN, id[0]=0, x[0]=87.0, y[0]=201.0, toolType[0]=TOOL_TYPE_UNKNOWN, buttonState=0, metaState=0, flags=0x80000000, edgeFlags=0x0, pointerCount=1, historySize=0, eventTime=261802, downTime=261801, deviceId=0, source=0x1002 }
D/InputEventConsistencyVerifier(  434):   3: sent at 261536000000, MotionEvent { action=ACTION_DOWN, id[0]=0, x[0]=227.0, y[0]=649.0, toolType[0]=TOOL_TYPE_UNKNOWN, buttonState=0, metaState=0, flags=0x0, edgeFlags=0x0, pointerCount=1, historySize=0, eventTime=261536, downTime=261519, deviceId=0, source=0x1002 }
D/InputEventConsistencyVerifier(  434):   4: sent at 261222000000, MotionEvent { action=ACTION_UP, id[0]=0, x[0]=401.0, y[0]=37.0, toolType[0]=TOOL_TYPE_UNKNOWN, buttonState=0, metaState=0, flags=0x0, edgeFlags=0x0, pointerCount=1, historySize=0, eventTime=261222, downTime=261213, deviceId=0, source=0x1002 }
D/InputEventConsistencyVerifier(  434):   5: sent at 261214000000, MotionEvent { action=ACTION_DOWN, id[0]=0, x[0]=396.0, y[0]=22.0, toolType[0]=TOOL_TYPE_UNKNOWN, buttonState=0, metaState=0, flags=0x0, edgeFlags=0x0, pointerCount=1, historySize=0, eventTime=261214, downTime=261213, deviceId=0, source=0x1002 }
V/PhoneStatusBar(  434): setLightsOn(true)
D/PhoneStatusBar(  434): disable: < expand icons alerts ticker* system_info back home recent clock >
W/InputMethodManagerService(  237): Window already focused, ignoring focus gain of: com.android.internal.view.IInputMethodClient$Stub$Proxy@b3ecc3a0 attribute=null
D/InputEventConsistencyVerifier(  434): KeyEvent: ACTION_UP but key was not down.
D/InputEventConsistencyVerifier(  434):   in com.android.systemui.statusbar.phone.StatusBarWindowView@b3e761d8
D/InputEventConsistencyVerifier(  434):   0: sent at 262461000000, KeyEvent { action=ACTION_UP, keyCode=KEYCODE_DPAD_DOWN, scanCode=0, metaState=0, flags=0x8, repeatCount=0, eventTime=262461, downTime=262461, deviceId=-1, source=0x101 }
D/InputEventConsistencyVerifier(  434):   -- recent events --
D/InputEventConsistencyVerifier(  434):   1: sent at 262194000000, MotionEvent { action=ACTION_UP, id[0]=0, x[0]=259.0, y[0]=24.0, toolType[0]=TOOL_TYPE_UNKNOWN, buttonState=0, metaState=0, flags=0x0, edgeFlags=0x0, pointerCount=1, historySize=0, eventTime=262194, downTime=262184, deviceId=0, source=0x1002 }
D/InputEventConsistencyVerifier(  434):   2: sent at 262184000000, MotionEvent { action=ACTION_DOWN, id[0]=0, x[0]=266.0, y[0]=26.0, toolType[0]=TOOL_TYPE_UNKNOWN, buttonState=0, metaState=0, flags=0x0, edgeFlags=0x0, pointerCount=1, historySize=0, eventTime=262184, downTime=262184, deviceId=0, source=0x1002 }
D/InputEventConsistencyVerifier(  434):   3: sent at 262150000000, (unhandled) KeyEvent { action=ACTION_UP, keyCode=KEYCODE_MENU, scanCode=0, metaState=0, flags=0x8, repeatCount=0, eventTime=262150, downTime=262150, deviceId=-1, source=0x101 }
D/InputEventConsistencyVerifier(  434):   4: sent at 262137000000, (unhandled) KeyEvent { action=ACTION_DOWN, keyCode=KEYCODE_MENU, scanCode=0, metaState=0, flags=0x8, repeatCount=0, eventTime=262137, downTime=262137, deviceId=-1, source=0x101 }
D/InputEventConsistencyVerifier(  434):   5: sent at 262128000000, (unhandled) KeyEvent { action=ACTION_UP, keyCode=KEYCODE_DPAD_DOWN, scanCode=0, metaState=0, flags=0x8, repeatCount=0, eventTime=262128, downTime=262128, deviceId=-1, source=0x101 }
W/dalvikvm(  434): DroidBox: { "FdAccess": { "path": "2f70726f632f6d656d696e666f", "id": "1195192717" } }
W/DroidBox(  434): DroidBox: { "FileRW": { "operation": "read", "data": "4d656d546f74616c3a202020202020202020373438393634206b420a4d656d467265653a20202020202020202020343533323332206b420a427566666572733a20202020202020202020202035373838206b420a4361636865643a202020202020202020", "id": "1195192717" } }
I/Choreographer(  434): Skipped 42 frames!  The application may be doing too much work on its main thread.
W/dalvikvm(  434): DroidBox: { "FdAccess": { "path": "2f70726f632f6d656d696e666f", "id": "1524194142" } }
W/DroidBox(  434): DroidBox: { "FileRW": { "operation": "read", "data": "4d656d546f74616c3a202020202020202020373438393634206b420a4d656d467265653a20202020202020202020343533323332206b420a427566666572733a20202020202020202020202035373838206b420a4361636865643a202020202020202020", "id": "1524194142" } }
I/Choreographer(  925): Skipped 66 frames!  The application may be doing too much work on its main thread.
D/InputEventConsistencyVerifier(  434): TouchEvent: ACTION_DOWN but pointers are already down.  Probably missing ACTION_UP from previous gesture.
D/InputEventConsistencyVerifier(  434):   in android.view.ScaleGestureDetector@b3f15ea8
D/InputEventConsistencyVerifier(  434):   0: sent at 262637000000, MotionEvent { action=ACTION_DOWN, id[0]=0, x[0]=33.0, y[0]=368.0, toolType[0]=TOOL_TYPE_UNKNOWN, buttonState=0, metaState=0, flags=0x0, edgeFlags=0x0, pointerCount=1, historySize=0, eventTime=262637, downTime=262633, deviceId=0, source=0x1002 }
D/InputEventConsistencyVerifier(  434):   -- recent events --
D/InputEventConsistencyVerifier(  434):   1: sent at 262604000000, MotionEvent { action=ACTION_DOWN, id[0]=0, x[0]=222.0, y[0]=616.0, toolType[0]=TOOL_TYPE_UNKNOWN, buttonState=0, metaState=0, flags=0x0, edgeFlags=0x0, pointerCount=1, historySize=0, eventTime=262604, downTime=262603, deviceId=0, source=0x1002 }
D/InputEventConsistencyVerifier(  434):   2: sent at 262194000000, MotionEvent { action=ACTION_UP, id[0]=0, x[0]=259.0, y[0]=24.0, toolType[0]=TOOL_TYPE_UNKNOWN, buttonState=0, metaState=0, flags=0x0, edgeFlags=0x0, pointerCount=1, historySize=0, eventTime=262194, downTime=262184, deviceId=0, source=0x1002 }
D/InputEventConsistencyVerifier(  434):   3: sent at 262184000000, MotionEvent { action=ACTION_DOWN, id[0]=0, x[0]=266.0, y[0]=26.0, toolType[0]=TOOL_TYPE_UNKNOWN, buttonState=0, metaState=0, flags=0x80000000, edgeFlags=0x0, pointerCount=1, historySize=0, eventTime=262184, downTime=262184, deviceId=0, source=0x1002 }
D/InputEventConsistencyVerifier(  434):   4: sent at 261953000000, MotionEvent { action=ACTION_DOWN, id[0]=0, x[0]=131.0, y[0]=443.0, toolType[0]=TOOL_TYPE_UNKNOWN, buttonState=0, metaState=0, flags=0x80000000, edgeFlags=0x0, pointerCount=1, historySize=0, eventTime=261953, downTime=261936, deviceId=0, source=0x1002 }
D/InputEventConsistencyVerifier(  434):   5: sent at 261802000000, MotionEvent { action=ACTION_DOWN, id[0]=0, x[0]=87.0, y[0]=201.0, toolType[0]=TOOL_TYPE_UNKNOWN, buttonState=0, metaState=0, flags=0x80000000, edgeFlags=0x0, pointerCount=1, historySize=0, eventTime=261802, downTime=261801, deviceId=0, source=0x1002 }
V/PhoneStatusBar(  434): setLightsOn(true)
I/Choreographer(  434): Skipped 54 frames!  The application may be doing too much work on its main thread.
D/PhoneStatusBar(  434): disable: < expand icons alerts TICKER* system_info back home recent clock >
D/InputEventConsistencyVerifier(  434): TouchEvent: ACTION_DOWN but pointers are already down.  Probably missing ACTION_UP from previous gesture.
D/InputEventConsistencyVerifier(  434):   in android.view.ScaleGestureDetector@b3f15ea8
D/InputEventConsistencyVerifier(  434):   0: sent at 262895000000, MotionEvent { action=ACTION_DOWN, id[0]=0, x[0]=184.0, y[0]=333.0, toolType[0]=TOOL_TYPE_UNKNOWN, buttonState=0, metaState=0, flags=0x0, edgeFlags=0x0, pointerCount=1, historySize=0, eventTime=262895, downTime=262894, deviceId=0, source=0x1002 }
D/InputEventConsistencyVerifier(  434):   -- recent events --
D/InputEventConsistencyVerifier(  434):   1: sent at 262637000000, MotionEvent { action=ACTION_DOWN, id[0]=0, x[0]=33.0, y[0]=368.0, toolType[0]=TOOL_TYPE_UNKNOWN, buttonState=0, metaState=0, flags=0x80000000, edgeFlags=0x0, pointerCount=1, historySize=0, eventTime=262637, downTime=262633, deviceId=0, source=0x1002 }
D/InputEventConsistencyVerifier(  434):   2: sent at 262604000000, MotionEvent { action=ACTION_DOWN, id[0]=0, x[0]=222.0, y[0]=616.0, toolType[0]=TOOL_TYPE_UNKNOWN, buttonState=0, metaState=0, flags=0x0, edgeFlags=0x0, pointerCount=1, historySize=0, eventTime=262604, downTime=262603, deviceId=0, source=0x1002 }
D/InputEventConsistencyVerifier(  434):   3: sent at 262194000000, MotionEvent { action=ACTION_UP, id[0]=0, x[0]=259.0, y[0]=24.0, toolType[0]=TOOL_TYPE_UNKNOWN, buttonState=0, metaState=0, flags=0x0, edgeFlags=0x0, pointerCount=1, historySize=0, eventTime=262194, downTime=262184, deviceId=0, source=0x1002 }
D/InputEventConsistencyVerifier(  434):   4: sent at 262184000000, MotionEvent { action=ACTION_DOWN, id[0]=0, x[0]=266.0, y[0]=26.0, toolType[0]=TOOL_TYPE_UNKNOWN, buttonState=0, metaState=0, flags=0x80000000, edgeFlags=0x0, pointerCount=1, historySize=0, eventTime=262184, downTime=262184, deviceId=0, source=0x1002 }
D/InputEventConsistencyVerifier(  434):   5: sent at 261953000000, MotionEvent { action=ACTION_DOWN, id[0]=0, x[0]=131.0, y[0]=443.0, toolType[0]=TOOL_TYPE_UNKNOWN, buttonState=0, metaState=0, flags=0x80000000, edgeFlags=0x0, pointerCount=1, historySize=0, eventTime=261953, downTime=261936, deviceId=0, source=0x1002 }
D/InputEventConsistencyVerifier(  434): TouchEvent: ACTION_DOWN but pointers are already down.  Probably missing ACTION_UP from previous gesture.
D/InputEventConsistencyVerifier(  434):   in android.view.ScaleGestureDetector@b3f15ea8
D/InputEventConsistencyVerifier(  434):   0: sent at 262913000000, MotionEvent { action=ACTION_DOWN, id[0]=0, x[0]=137.0, y[0]=326.0, toolType[0]=TOOL_TYPE_UNKNOWN, buttonState=0, metaState=0, flags=0x0, edgeFlags=0x0, pointerCount=1, historySize=0, eventTime=262913, downTime=262913, deviceId=0, source=0x1002 }
D/InputEventConsistencyVerifier(  434):   -- recent events --
D/InputEventConsistencyVerifier(  434):   1: sent at 262895000000, MotionEvent { action=ACTION_DOWN, id[0]=0, x[0]=184.0, y[0]=333.0, toolType[0]=TOOL_TYPE_UNKNOWN, buttonState=0, metaState=0, flags=0x80000000, edgeFlags=0x0, pointerCount=1, historySize=0, eventTime=262895, downTime=262894, deviceId=0, source=0x1002 }
D/InputEventConsistencyVerifier(  434):   2: sent at 262637000000, MotionEvent { action=ACTION_DOWN, id[0]=0, x[0]=33.0, y[0]=368.0, toolType[0]=TOOL_TYPE_UNKNOWN, buttonState=0, metaState=0, flags=0x80000000, edgeFlags=0x0, pointerCount=1, historySize=0, eventTime=262637, downTime=262633, deviceId=0, source=0x1002 }
D/InputEventConsistencyVerifier(  434):   3: sent at 262604000000, MotionEvent { action=ACTION_DOWN, id[0]=0, x[0]=222.0, y[0]=616.0, toolType[0]=TOOL_TYPE_UNKNOWN, buttonState=0, metaState=0, flags=0x0, edgeFlags=0x0, pointerCount=1, historySize=0, eventTime=262604, downTime=262603, deviceId=0, source=0x1002 }
D/InputEventConsistencyVerifier(  434):   4: sent at 262194000000, MotionEvent { action=ACTION_UP, id[0]=0, x[0]=259.0, y[0]=24.0, toolType[0]=TOOL_TYPE_UNKNOWN, buttonState=0, metaState=0, flags=0x0, edgeFlags=0x0, pointerCount=1, historySize=0, eventTime=262194, downTime=262184, deviceId=0, source=0x1002 }
D/InputEventConsistencyVerifier(  434):   5: sent at 262184000000, MotionEvent { action=ACTION_DOWN, id[0]=0, x[0]=266.0, y[0]=26.0, toolType[0]=TOOL_TYPE_UNKNOWN, buttonState=0, metaState=0, flags=0x80000000, edgeFlags=0x0, pointerCount=1, historySize=0, eventTime=262184, downTime=262184, deviceId=0, source=0x1002 }
W/InputMethodManagerService(  237): Window already focused, ignoring focus gain of: com.android.internal.view.IInputMethodClient$Stub$Proxy@b3eda7b8 attribute=null
V/PhoneStatusBar(  434): setLightsOn(true)
D/PhoneStatusBar(  434): disable: < expand icons alerts ticker* system_info back home recent clock >
W/DroidBox( 1131): DroidBox: { "ServiceStart": { "name": "com.android.music.MediaPlaybackService" } }
W/DroidBox( 1131): DroidBox: { "ServiceStart": { "name": "com.android.music.MediaPlaybackService" } }
I/AudioService(  237):  AudioFocus  requestAudioFocus() from android.media.AudioManager@b3e56180com.android.music.MediaPlaybackService$3@b3e549b8
I/AudioService(  237):   Remote Control   registerMediaButtonIntent() for PendingIntent{b3f80f90: PendingIntentRecord{b4014a48 com.android.music broadcastIntent}}
I/Choreographer(  925): Skipped 104 frames!  The application may be doing too much work on its main thread.
D/InputEventConsistencyVerifier(  925): TrackballEvent: Trackball is down but pressure is not greater than 0.
D/InputEventConsistencyVerifier(  925):   in android.view.ViewRootImpl@b3ede0f0
D/InputEventConsistencyVerifier(  925):   0: sent at 264132000000, MotionEvent { action=ACTION_DOWN, id[0]=0, x[0]=0.0, y[0]=0.0, toolType[0]=TOOL_TYPE_UNKNOWN, buttonState=0, metaState=0, flags=0x0, edgeFlags=0x0, pointerCount=1, historySize=0, eventTime=264132, downTime=264034, deviceId=0, source=0x10004 }
D/InputEventConsistencyVerifier(  925):   -- recent events --
D/InputEventConsistencyVerifier(  925):   1: sent at 264118000000, MotionEvent { action=ACTION_MOVE, id[0]=0, x[0]=-3.0, y[0]=4.0, toolType[0]=TOOL_TYPE_UNKNOWN, buttonState=0, metaState=0, flags=0x0, edgeFlags=0x0, pointerCount=1, historySize=3, eventTime=264118, downTime=-1, deviceId=0, source=0x10004 }
D/InputEventConsistencyVerifier(  925):   2: sent at 264077000000, MotionEvent { action=ACTION_MOVE, id[0]=0, x[0]=-4.0, y[0]=-5.0, toolType[0]=TOOL_TYPE_UNKNOWN, buttonState=0, metaState=0, flags=0x0, edgeFlags=0x0, pointerCount=1, historySize=5, eventTime=264077, downTime=-1, deviceId=0, source=0x10004 }
D/InputEventConsistencyVerifier(  925):   3: sent at 263989000000, KeyEvent { action=ACTION_UP, keyCode=KEYCODE_DPAD_RIGHT, scanCode=0, metaState=0, flags=0x8, repeatCount=0, eventTime=263989, downTime=263989, deviceId=-1, source=0x101 }
