I/Choreographer(  618): Skipped 44 frames!  The application may be doing too much work on its main thread.
D/InputEventConsistencyVerifier(  618): KeyEvent: ACTION_UP but key was not down.
D/InputEventConsistencyVerifier(  618):   in com.android.internal.policy.impl.PhoneWindow$DecorView@b4080888
D/InputEventConsistencyVerifier(  618):   0: sent at 97792000000, KeyEvent { action=ACTION_UP, keyCode=KEYCODE_DPAD_RIGHT, scanCode=0, metaState=0, flags=0x8, repeatCount=0, eventTime=97792, downTime=97792, deviceId=-1, source=0x101 }
I/ActivityManager(  227): Start proc com.svox.pico for broadcast com.svox.pico/.VoiceDataInstallerReceiver: pid=1024 uid=10030 gids={1015, 1028}
W/dalvikvm(  984): DroidBox: { "FdAccess": { "path": "2f6465762f696e7075742f6576656e7430", "id": "672330484" } }
W/DroidBox(  984): DroidBox: { "FileRW": { "operation": "write", "data": "efbfbd060000efbfbdefbfbd0c000500000000000000", "id": "672330484" } }
I/ARMAssembler(   59): generated scanline__00000077:03515104_00009002_00000000 [127 ipp] (149 ins) at [0xb5ad35c8:0xb5ad381c] in 10000000 ns
I/qtaguid (  227): Failed write_ctrl(s 1 10050) res=-1 errno=1
W/NetworkManagementSocketTagger(  227): setKernelCountSet(10050, 1) failed with errno -1
I/ActivityManager(  227): START {act=android.search.action.GLOBAL_SEARCH flg=0x10000000 cmp=com.android.quicksearchbox/.SearchActivity bnds=[5,43][475,103] (has extras) u=0} from pid 618
E/Trace   ( 1017): error opening trace file: No such file or directory (2)
E/Trace   ( 1024): error opening trace file: No such file or directory (2)
D/AlertService(  592): No fired or scheduled alerts
I/Choreographer(  618): Skipped 190 frames!  The application may be doing too much work on its main thread.
W/DroidBox( 1024): DroidBox: { "DexClassLoader": { "path": "/system/app/PicoTts.apk" } }
I/Choreographer(  618): Skipped 59 frames!  The application may be doing too much work on its main thread.
W/DroidBox( 1017): DroidBox: { "DexClassLoader": { "path": "/data/app/com.software.android.install-1.apk" } }
E/WVMExtractor(   62): Failed to open libwvm.so
I/ActivityThread( 1024): Pub com.svox.pico.providers.SettingsProvider: com.svox.pico.providers.SettingsProvider
I/Choreographer(  618): Skipped 94 frames!  The application may be doing too much work on its main thread.
I/dalvikvm-heap( 1017): Grow heap (frag case) to 9.364MB for 589840-byte allocation
W/dalvikvm( 1017): DroidBox: { "FdAccess": { "path": "2f646174612f646174612f636f6d2e736f6674776172652e616e64726f69642e696e7374616c6c2f7368617265645f70726566732f50524546532e786d6c", "id": "849117658" } }
W/DroidBox( 1017): DroidBox: { "FileRW": { "operation": "write", "data": "3c3f786d6c2076657273696f6e3d27312e302720656e636f64696e673d277574662d3827207374616e64616c6f6e653d2779657327203f3e0a3c6d61703e0a3c737472696e67206e616d653d224e45545f4f50223e3331303236303c2f737472696e673e", "id": "849117658" } }
I/ActivityManager(  227): Start proc com.android.quicksearchbox for broadcast com.android.quicksearchbox/.CorporaUpdateReceiver: pid=1047 uid=10033 gids={3003, 1028}
I/Choreographer(  618): Skipped 32 frames!  The application may be doing too much work on its main thread.
W/dalvikvm( 1017): DroidBox: { "FdAccess": { "path": "2f646174612f646174612f636f6d2e736f6674776172652e616e64726f69642e696e7374616c6c2f7368617265645f70726566732f50524546532e786d6c", "id": "1786649843" } }
W/DroidBox( 1017): DroidBox: { "FileRW": { "operation": "write", "data": "3c3f786d6c2076657273696f6e3d27312e302720656e636f64696e673d277574662d3827207374616e64616c6f6e653d2779657327203f3e0a3c6d61703e0a3c737472696e67206e616d653d224e45545f4f50223e3331303236303c2f737472696e673e", "id": "1786649843" } }
D/DEBUGGING( 1017): Can't move first in contacts cursor
W/dalvikvm( 1005): DroidBox: { "FdAccess": { "path": "2f646174612f646174612f636f6d2e616e64726f69642e6d7573696366782f7368617265645f70726566732f6d7573696366782e786d6c", "id": "716363846" } }
W/DroidBox( 1005): DroidBox: { "FileRW": { "operation": "write", "data": "3c3f786d6c2076657273696f6e3d27312e302720656e636f64696e673d277574662d3827207374616e64616c6f6e653d2779657327203f3e0a3c6d61703e0a3c737472696e67206e616d653d2264656661756c7470616e656c7061636b616765223e636f", "id": "716363846" } }
W/ActivityManager(  227): Unable to start service Intent { act=com.google.android.c2dm.intent.REGISTER pkg=com.google.android.gsf (has extras) }: not found
I/Choreographer(  618): Skipped 72 frames!  The application may be doing too much work on its main thread.
W/dalvikvm(  227): DroidBox: { "FdAccess": { "path": "2f70726f632f3938342f636d646c696e65", "id": "1742142304" } }
W/DroidBox(  227): DroidBox: { "FileRW": { "operation": "read", "data": "636f6d2e616e64726f69642e636f6d6d616e64732e6d6f6e6b657900000000000000000000000000000000000000000000000000000000000000000000000000000000000000000000000000000000000000000000000000000000000000000000000000", "id": "1742142304" } }
W/dalvikvm(  227): DroidBox: { "FdAccess": { "path": "2f70726f632f313030352f636d646c696e65", "id": "2090990826" } }
W/DroidBox(  227): DroidBox: { "FileRW": { "operation": "read", "data": "636f6d2e616e64726f69642e6d757369636678000000000000000000000000000000000000000000000000000000000000000000000000000000000000000000000000000000000000000000000000000000000000000000000000000000000000000000", "id": "2090990826" } }
W/dalvikvm(  227): DroidBox: { "FdAccess": { "path": "2f70726f632f313031372f636d646c696e65", "id": "371951451" } }
W/DroidBox(  227): DroidBox: { "FileRW": { "operation": "read", "data": "636f6d2e736f6674776172652e616e64726f69642e696e7374616c6c000000000000000000000000000000000000000000000000000000000000000000000000000000000000000000000000000000000000000000000000000000000000000000000000", "id": "371951451" } }
W/dalvikvm(  227): DroidBox: { "FdAccess": { "path": "2f70726f632f313032342f636d646c696e65", "id": "1526163912" } }
W/DroidBox(  227): DroidBox: { "FileRW": { "operation": "read", "data": "636f6d2e73766f782e7069636f000000000000000000000000000000000000000000000000000000000000000000000000000000000000000000000000000000000000000000000000000000000000000000000000000000000000000000000000000000", "id": "1526163912" } }
W/dalvikvm(  227): DroidBox: { "FdAccess": { "path": "2f70726f632f313034372f636d646c696e65", "id": "542004909" } }
W/DroidBox(  227): DroidBox: { "FileRW": { "operation": "read", "data": "3c7072652d696e697469616c697a65643e0000000000000000000000000000000000000000000000000000000000000000000000000000000000000000000000000000000000000000000000000000000000000000000000000000000000000000000000", "id": "542004909" } }
W/dalvikvm( 1017): DroidBox: { "FdAccess": { "path": "2f646174612f646174612f636f6d2e736f6674776172652e616e64726f69642e696e7374616c6c2f7368617265645f70726566732f50524546532e786d6c", "id": "1231388150" } }
W/DroidBox( 1017): DroidBox: { "FileRW": { "operation": "write", "data": "3c3f786d6c2076657273696f6e3d27312e302720656e636f64696e673d277574662d3827207374616e64616c6f6e653d2779657327203f3e0a3c6d61703e0a3c696e74206e616d653d224b45595f4e4f54494649434154494f4e5f4e554d424552222076", "id": "1231388150" } }
E/Trace   ( 1047): error opening trace file: No such file or directory (2)
W/DroidBox( 1047): DroidBox: { "DexClassLoader": { "path": "/system/app/QuickSearchBox.apk" } }
W/ResourceType(  227): Failure getting entry for 0x7f060000 (t=5 e=0) in package 0 (error -75)
W/ResourceType(  227): Failure getting entry for 0x7f060000 (t=5 e=0) in package 0 (error -75)
W/InputMethodManagerService(  227): Found no subtypes in a system IME: com.android.inputmethod.pinyin
W/RecognitionManagerService(  227): no available voice recognition services found
D/DEBUGGING( 1017): Unable to resolve host "waply.ru": No address associated with hostname
W/System.err( 1017): java.net.UnknownHostException: Unable to resolve host "waply.ru": No address associated with hostname
W/System.err( 1017): 	at java.net.InetAddress.lookupHostByName(InetAddress.java:424)
W/System.err( 1017): 	at java.net.InetAddress.getAllByNameImpl(InetAddress.java:236)
W/System.err( 1017): 	at java.net.InetAddress.getAllByName(InetAddress.java:214)
W/System.err( 1017): 	at org.apache.http.impl.conn.DefaultClientConnectionOperator.openConnection(DefaultClientConnectionOperator.java:137)
W/System.err( 1017): 	at org.apache.http.impl.conn.AbstractPoolEntry.open(AbstractPoolEntry.java:164)
W/System.err( 1017): 	at org.apache.http.impl.conn.AbstractPooledConnAdapter.open(AbstractPooledConnAdapter.java:119)
W/System.err( 1017): 	at org.apache.http.impl.client.DefaultRequestDirector.execute(DefaultRequestDirector.java:360)
W/System.err( 1017): 	at org.apache.http.impl.client.AbstractHttpClient.execute(AbstractHttpClient.java:555)
W/System.err( 1017): 	at org.apache.http.impl.client.AbstractHttpClient.execute(AbstractHttpClient.java:653)
W/System.err( 1017): 	at org.apache.http.impl.client.AbstractHttpClient.execute(AbstractHttpClient.java:627)
W/System.err( 1017): 	at org.apache.http.impl.client.AbstractHttpClient.execute(AbstractHttpClient.java:616)
W/System.err( 1017): 	at com.software.android.install.DeviceRegistrar$1.run(DeviceRegistrar.java:49)
W/System.err( 1017): 	at java.lang.Thread.run(Thread.java:856)
W/System.err( 1017): Caused by: libcore.io.GaiException: getaddrinfo failed: EAI_NODATA (No address associated with hostname)
W/System.err( 1017): 	at libcore.io.Posix.getaddrinfo(Native Method)
W/System.err( 1017): 	at libcore.io.ForwardingOs.getaddrinfo(ForwardingOs.java:55)
W/System.err( 1017): 	at java.net.InetAddress.lookupHostByName(InetAddress.java:405)
W/System.err( 1017): 	... 12 more
I/ActivityThread( 1047): Pub com.android.quicksearchbox.google: com.android.quicksearchbox.google.GoogleSuggestionProvider
I/Choreographer( 1017): Skipped 49 frames!  The application may be doing too much work on its main thread.
I/ActivityThread( 1047): Pub com.android.quicksearchbox.shortcuts: com.android.quicksearchbox.ShortcutsProvider
V/PhoneStatusBar(  416): setLightsOn(true)
D/InputEventConsistencyVerifier( 1017): KeyEvent: ACTION_UP but key was not down.
D/InputEventConsistencyVerifier( 1017):   in android.widget.Button@b3d921e8
D/InputEventConsistencyVerifier( 1017):   0: sent at 103352000000, KeyEvent { action=ACTION_UP, keyCode=KEYCODE_DPAD_DOWN, scanCode=0, metaState=0, flags=0x8, repeatCount=0, eventTime=103352, downTime=103352, deviceId=-1, source=0x101 }
I/Choreographer( 1017): Skipped 134 frames!  The application may be doing too much work on its main thread.
W/BackupManagerService(  227): dataChanged but no participant pkg='com.android.providers.settings' uid=10011
E/WVMExtractor(   62): Failed to open libwvm.so
E/WVMExtractor(   62): Failed to open libwvm.so
D/gralloc_goldfish( 1017): Emulator without GPU emulation detected.
E/MetadataRetrieverClient(   62): failed to extract an album art
I/Choreographer(  227): Skipped 39 frames!  The application may be doing too much work on its main thread.
D/ExchangeService(  810): !!! EAS ExchangeService, onStartCommand, startingUp = false, running = false
D/InputEventConsistencyVerifier( 1017): KeyEvent: ACTION_UP but key was not down.
D/InputEventConsistencyVerifier( 1017):   in com.android.internal.policy.impl.PhoneWindow$DecorView@b3ee8510
D/InputEventConsistencyVerifier( 1017):   0: sent at 103875000000, KeyEvent { action=ACTION_UP, keyCode=KEYCODE_DPAD_DOWN, scanCode=0, metaState=0, flags=0x8, repeatCount=0, eventTime=103875, downTime=103875, deviceId=-1, source=0x101 }
D/ExchangeService(  810): Reconciling accounts...
I/ActivityManager(  227): START {cmp=com.software.android.install/.OffertActivity u=0} from pid 1017
W/WindowManager(  227): Failure taking screenshot for (246x410) to layer 21015
I/Choreographer( 1017): Skipped 319 frames!  The application may be doing too much work on its main thread.
I/ActivityManager(  227): Displayed com.software.android.install/.Main: +7s601ms
W/ActivityManager(  227): Activity pause timeout for ActivityRecord{b3f43f50 com.software.android.install/.Main}
I/Choreographer( 1017): Skipped 87 frames!  The application may be doing too much work on its main thread.
W/InputMethodManagerService(  227): Focus gain on non-focused client com.android.internal.view.IInputMethodClient$Stub$Proxy@b3eb6b80 (uid=10050 pid=1017)
E/WVMExtractor(   62): Failed to open libwvm.so
D/InputEventConsistencyVerifier( 1017): KeyEvent: ACTION_UP but key was not down.
D/InputEventConsistencyVerifier( 1017):   in android.widget.Button@b3d921e8
D/InputEventConsistencyVerifier( 1017):   0: sent at 105113000000, KeyEvent { action=ACTION_UP, keyCode=KEYCODE_DPAD_LEFT, scanCode=0, metaState=0, flags=0x400, repeatCount=0, eventTime=105113, downTime=105113, deviceId=-1, source=0x101 }
D/InputEventConsistencyVerifier( 1017):   -- recent events --
D/InputEventConsistencyVerifier( 1017):   1: sent at 103352000000, (unhandled) KeyEvent { action=ACTION_UP, keyCode=KEYCODE_DPAD_DOWN, scanCode=0, metaState=0, flags=0x80000008, repeatCount=0, eventTime=103352, downTime=103352, deviceId=-1, source=0x101 }
I/Choreographer( 1017): Skipped 52 frames!  The application may be doing too much work on its main thread.
E/WVMExtractor(   62): Failed to open libwvm.so
V/PhoneStatusBar(  416): setLightsOn(true)
D/InputEventConsistencyVerifier( 1017): KeyEvent: ACTION_UP but key was not down.
D/InputEventConsistencyVerifier( 1017):   in android.view.ViewRootImpl@b3ebfaf8
D/InputEventConsistencyVerifier( 1017):   0: sent at 105557000000, KeyEvent { action=ACTION_UP, keyCode=KEYCODE_DPAD_LEFT, scanCode=0, metaState=0, flags=0x8, repeatCount=0, eventTime=105557, downTime=105557, deviceId=-1, source=0x101 }
E/WVMExtractor(   62): Failed to open libwvm.so
I/Choreographer( 1017): Skipped 124 frames!  The application may be doing too much work on its main thread.
I/ActivityManager(  227): Displayed com.software.android.install/.OffertActivity: +1s301ms
W/dalvikvm(  227): DroidBox: { "FdAccess": { "path": "2f70726f632f313034372f636d646c696e65", "id": "1376086158" } }
W/DroidBox(  227): DroidBox: { "FileRW": { "operation": "read", "data": "636f6d2e616e64726f69642e717569636b736561726368626f780000000000000000000000000000000000000000000000000000000000000000000000000000000000000000000000000000000000000000000000000000000000000000000000000000", "id": "1376086158" } }
I/Choreographer( 1017): Skipped 87 frames!  The application may be doing too much work on its main thread.
E/WVMExtractor(   62): Failed to open libwvm.so
W/ActivityManager(  227): Launch timeout has expired, giving up wake lock!
I/InputDispatcher(  227): Window 'Window{b3fdd888 com.software.android.install/com.software.android.install.Main paused=false}' spent 2122.5ms processing the last input event: KeyEvent(action=0, deviceId=-1, source=0x00000101)
E/WVMExtractor(   62): Failed to open libwvm.so
I/InputDispatcher(  227): Window 'Window{b3fdd888 com.software.android.install/com.software.android.install.Main paused=false}' spent 2284.7ms processing the last input event: KeyEvent(action=1, deviceId=-1, source=0x00000101)
E/WVMExtractor(   62): Failed to open libwvm.so
E/WVMExtractor(   62): Failed to open libwvm.so
E/WVMExtractor(   62): Failed to open libwvm.so
W/ActivityManager(  227): Activity idle timeout for ActivityRecord{b3f43f50 com.software.android.install/.Main}
I/ActivityManager(  227): START {act=android.intent.action.MAIN cat=[android.intent.category.HOME] flg=0x10200000 cmp=com.android.launcher/com.android.launcher2.Launcher u=0} from pid 227
D/InputEventConsistencyVerifier( 1017): TrackballEvent: Trackball is down but pressure is not greater than 0.
D/InputEventConsistencyVerifier( 1017):   in android.view.ViewRootImpl@b3ebfaf8
D/InputEventConsistencyVerifier( 1017):   0: sent at 108826000000, MotionEvent { action=ACTION_DOWN, id[0]=0, x[0]=0.0, y[0]=0.0, toolType[0]=TOOL_TYPE_UNKNOWN, buttonState=0, metaState=0, flags=0x0, edgeFlags=0x0, pointerCount=1, historySize=0, eventTime=108826, downTime=108786, deviceId=0, source=0x10004 }
D/InputEventConsistencyVerifier( 1017):   -- recent events --
D/InputEventConsistencyVerifier( 1017):   1: sent at 108824000000, MotionEvent { action=ACTION_MOVE, id[0]=0, x[0]=-2.0, y[0]=4.0, toolType[0]=TOOL_TYPE_UNKNOWN, buttonState=0, metaState=0, flags=0x0, edgeFlags=0x0, pointerCount=1, historySize=9, eventTime=108824, downTime=-1, deviceId=0, source=0x10004 }
D/InputEventConsistencyVerifier( 1017):   2: sent at 108715000000, KeyEvent { action=ACTION_UP, keyCode=KEYCODE_P, scanCode=0, metaState=0, flags=0x8, repeatCount=0, eventTime=108715, downTime=108715, deviceId=-1, source=0x101 }
D/InputEventConsistencyVerifier( 1017):   3: sent at 108501000000, KeyEvent { action=ACTION_DOWN, keyCode=KEYCODE_P, scanCode=0, metaState=0, flags=0x8, repeatCount=0, eventTime=108501, downTime=108501, deviceId=-1, source=0x101 }
D/InputEventConsistencyVerifier( 1017):   4: sent at 107341000000, KeyEvent { action=ACTION_UP, keyCode=KEYCODE_MENU, scanCode=0, metaState=0, flags=0x8, repeatCount=0, eventTime=107341, downTime=107341, deviceId=-1, source=0x101 }
D/InputEventConsistencyVerifier( 1017):   5: sent at 106700000000, KeyEvent { action=ACTION_DOWN, keyCode=KEYCODE_MENU, scanCode=0, metaState=0, flags=0x8, repeatCount=0, eventTime=106700, downTime=106700, deviceId=-1, source=0x101 }
I/qtaguid (  227): Failed write_ctrl(s 0 10019) res=-1 errno=1
W/NetworkManagementSocketTagger(  227): setKernelCountSet(10019, 0) failed with errno -1
E/WVMExtractor(   62): Failed to open libwvm.so
I/InputDispatcher(  227): Dropped event because of pending overdue app switch.
W/InputManager(  227): Input event injection from pid 984 failed.
E/WVMExtractor(   62): Failed to open libwvm.so
W/dalvikvm(  592): DroidBox: { "FdAccess": { "path": "2f646174612f646174612f636f6d2e616e64726f69642e63616c656e6461722f7368617265645f70726566732f636f6d2e616e64726f69642e63616c656e6461725f707265666572656e6365732e786d6c", "id": "484308339" } }
W/DroidBox(  592): DroidBox: { "FileRW": { "operation": "write", "data": "3c3f786d6c2076657273696f6e3d27312e302720656e636f64696e673d277574662d3827207374616e64616c6f6e653d2779657327203f3e0a3c6d61703e0a3c626f6f6c65616e206e616d653d22707265666572656e6365735f686f6d655f747a5f656e", "id": "484308339" } }
W/dalvikvm(  592): DroidBox: { "FdAccess": { "path": "2f646174612f646174612f636f6d2e616e64726f69642e63616c656e6461722f7368617265645f70726566732f636f6d2e616e64726f69642e63616c656e6461725f707265666572656e6365732e786d6c", "id": "2042272543" } }
W/DroidBox(  592): DroidBox: { "FileRW": { "operation": "write", "data": "3c3f786d6c2076657273696f6e3d27312e302720656e636f64696e673d277574662d3827207374616e64616c6f6e653d2779657327203f3e0a3c6d61703e0a3c737472696e67206e616d653d22707265666572656e6365735f7765656b5f73746172745f", "id": "2042272543" } }
I/ActivityManager(  227): No longer want com.android.provision (pid 571): hidden #16
D/PackageManager(  227): generateServicesMap(android.accounts.AccountAuthenticator): 2 services unchanged
I/InputReader(  227): Reconfiguring input devices.  changes=0x00000010
D/PackageManager(  227): generateServicesMap(android.content.SyncAdapter): 4 services unchanged
D/InputEventConsistencyVerifier( 1017): KeyEvent: ACTION_UP but key was not down.
D/InputEventConsistencyVerifier( 1017):   in android.view.ViewRootImpl@b3ebfaf8
D/InputEventConsistencyVerifier( 1017):   0: sent at 109386000000, KeyEvent { action=ACTION_UP, keyCode=KEYCODE_NUMPAD_6, scanCode=0, metaState=0, flags=0x8, repeatCount=0, eventTime=109386, downTime=109386, deviceId=-1, source=0x101 }
D/InputEventConsistencyVerifier( 1017):   -- recent events --
D/InputEventConsistencyVerifier( 1017):   1: sent at 108961000000, MotionEvent { action=ACTION_UP, id[0]=0, x[0]=248.0, y[0]=134.0, toolType[0]=TOOL_TYPE_UNKNOWN, buttonState=0, metaState=0, flags=0x0, edgeFlags=0x0, pointerCount=1, historySize=0, eventTime=108961, downTime=108956, deviceId=0, source=0x1002 }
D/InputEventConsistencyVerifier( 1017):   2: sent at 108956000000, MotionEvent { action=ACTION_DOWN, id[0]=0, x[0]=257.0, y[0]=143.0, toolType[0]=TOOL_TYPE_UNKNOWN, buttonState=0, metaState=0, flags=0x0, edgeFlags=0x0, pointerCount=1, historySize=0, eventTime=108956, downTime=108956, deviceId=0, source=0x1002 }
D/InputEventConsistencyVerifier( 1017):   3: sent at 108991000000, KeyEvent { action=ACTION_UP, keyCode=KEYCODE_DPAD_CENTER, scanCode=0, metaState=0, flags=0x400, repeatCount=0, eventTime=108991, downTime=108991, deviceId=-1, source=0x101 }
D/InputEventConsistencyVerifier( 1017):   4: sent at 108970000000, KeyEvent { action=ACTION_DOWN, keyCode=KEYCODE_DPAD_CENTER, scanCode=0, metaState=0, flags=0x400, repeatCount=0, eventTime=108970, downTime=108970, deviceId=-1, source=0x101 }
D/InputEventConsistencyVerifier( 1017):   5: sent at 108892000000, KeyEvent { action=ACTION_UP, keyCode=KEYCODE_DPAD_DOWN, scanCode=0, metaState=0, flags=0x400, repeatCount=0, eventTime=108892, downTime=108892, deviceId=-1, source=0x101 }
D/InputEventConsistencyVerifier( 1017): KeyEvent: ACTION_UP but key was not down.
D/InputEventConsistencyVerifier( 1017):   in com.android.internal.policy.impl.PhoneWindow$DecorView@b3edc4e0
D/InputEventConsistencyVerifier( 1017):   0: sent at 110352000000, KeyEvent { action=ACTION_UP, keyCode=KEYCODE_DPAD_DOWN, scanCode=0, metaState=0, flags=0x8, repeatCount=0, eventTime=110352, downTime=110352, deviceId=-1, source=0x101 }
D/InputEventConsistencyVerifier( 1017):   -- recent events --
D/InputEventConsistencyVerifier( 1017):   1: sent at 109386000000, (unhandled) KeyEvent { action=ACTION_UP, keyCode=KEYCODE_NUMPAD_6, scanCode=0, metaState=0, flags=0x80000008, repeatCount=0, eventTime=109386, downTime=109386, deviceId=-1, source=0x101 }
D/InputEventConsistencyVerifier( 1017):   2: sent at 108961000000, MotionEvent { action=ACTION_UP, id[0]=0, x[0]=248.0, y[0]=134.0, toolType[0]=TOOL_TYPE_UNKNOWN, buttonState=0, metaState=0, flags=0x0, edgeFlags=0x0, pointerCount=1, historySize=0, eventTime=108961, downTime=108956, deviceId=0, source=0x1002 }
D/InputEventConsistencyVerifier( 1017):   3: sent at 108956000000, MotionEvent { action=ACTION_DOWN, id[0]=0, x[0]=257.0, y[0]=143.0, toolType[0]=TOOL_TYPE_UNKNOWN, buttonState=0, metaState=0, flags=0x0, edgeFlags=0x0, pointerCount=1, historySize=0, eventTime=108956, downTime=108956, deviceId=0, source=0x1002 }
D/InputEventConsistencyVerifier( 1017):   4: sent at 108991000000, (unhandled) KeyEvent { action=ACTION_UP, keyCode=KEYCODE_DPAD_CENTER, scanCode=0, metaState=0, flags=0x400, repeatCount=0, eventTime=108991, downTime=108991, deviceId=-1, source=0x101 }
D/InputEventConsistencyVerifier( 1017):   5: sent at 108970000000, (unhandled) KeyEvent { action=ACTION_DOWN, keyCode=KEYCODE_DPAD_CENTER, scanCode=0, metaState=0, flags=0x400, repeatCount=0, eventTime=108970, downTime=108970, deviceId=-1, source=0x101 }
E/WVMExtractor(   62): Failed to open libwvm.so
I/AccountTypeManager(  698): Loaded meta-data for 1 account types, 0 accounts in 157ms(wall) 0ms(cpu)
W/dalvikvm(  826): DroidBox: { "FdAccess": { "path": "2f646174612f646174612f636f6d2e616e64726f69642e67616c6c65727933642f7368617265645f70726566732f636f6d2e616e64726f69642e67616c6c65727933645f707265666572656e6365732e786d6c", "id": "1362601812" } }
W/DroidBox(  826): DroidBox: { "FileRW": { "operation": "write", "data": "3c3f786d6c2076657273696f6e3d27312e302720656e636f64696e673d277574662d3827207374616e64616c6f6e653d2779657327203f3e0a3c6d61703e0a3c696e74206e616d653d227061636b616765732d76657273696f6e222076616c75653d2238", "id": "1362601812" } }
E/WVMExtractor(   62): Failed to open libwvm.so
I/Choreographer( 1017): Skipped 34 frames!  The application may be doing too much work on its main thread.
I/Choreographer( 1017): Skipped 31 frames!  The application may be doing too much work on its main thread.
E/WVMExtractor(   62): Failed to open libwvm.so
D/InputEventConsistencyVerifier( 1017): KeyEvent: ACTION_UP but key was not down.
D/InputEventConsistencyVerifier( 1017):   in com.android.internal.policy.impl.PhoneWindow$DecorView@b3edc4e0
D/InputEventConsistencyVerifier( 1017):   0: sent at 111710000000, KeyEvent { action=ACTION_UP, keyCode=KEYCODE_DPAD_LEFT, scanCode=0, metaState=0, flags=0x400, repeatCount=0, eventTime=111710, downTime=111710, deviceId=-1, source=0x101 }
D/InputEventConsistencyVerifier( 1017):   -- recent events --
D/InputEventConsistencyVerifier( 1017):   1: sent at 110798000000, (unhandled) MotionEvent { action=ACTION_MOVE, id[0]=0, x[0]=-4.0, y[0]=-1.0, toolType[0]=TOOL_TYPE_UNKNOWN, buttonState=0, metaState=0, flags=0x0, edgeFlags=0x0, pointerCount=1, historySize=4, eventTime=110798, downTime=-1, deviceId=0, source=0x10004 }
D/InputEventConsistencyVerifier( 1017):   2: sent at 110775000000, MotionEvent { action=ACTION_UP, id[0]=0, x[0]=478.0, y[0]=423.0, toolType[0]=TOOL_TYPE_UNKNOWN, buttonState=0, metaState=0, flags=0x0, edgeFlags=0x0, pointerCount=1, historySize=0, eventTime=110775, downTime=110720, deviceId=0, source=0x1002 }
D/InputEventConsistencyVerifier( 1017):   3: sent at 110773000000, MotionEvent { action=ACTION_MOVE, id[0]=0, x[0]=475.0, y[0]=416.0, toolType[0]=TOOL_TYPE_UNKNOWN, buttonState=0, metaState=0, flags=0x0, edgeFlags=0x0, pointerCount=1, historySize=7, eventTime=110773, downTime=110720, deviceId=0, source=0x1002 }
D/InputEventConsistencyVerifier( 1017):   4: sent at 110723000000, MotionEvent { action=ACTION_DOWN, id[0]=0, x[0]=460.0, y[0]=368.0, toolType[0]=TOOL_TYPE_UNKNOWN, buttonState=0, metaState=0, flags=0x0, edgeFlags=0x0, pointerCount=1, historySize=0, eventTime=110723, downTime=110720, deviceId=0, source=0x1002 }
D/InputEventConsistencyVerifier( 1017):   5: sent at 110624000000, MotionEvent { action=ACTION_UP, id[0]=0, x[0]=367.0, y[0]=292.0, toolType[0]=TOOL_TYPE_UNKNOWN, buttonState=0, metaState=0, flags=0x0, edgeFlags=0x0, pointerCount=1, historySize=0, eventTime=110624, downTime=110593, deviceId=0, source=0x1002 }
I/Choreographer( 1017): Skipped 37 frames!  The application may be doing too much work on its main thread.
I/Choreographer( 1017): Skipped 42 frames!  The application may be doing too much work on its main thread.
E/WVMExtractor(   62): Failed to open libwvm.so
E/WVMExtractor(   62): Failed to open libwvm.so
E/WVMExtractor(   62): Failed to open libwvm.so
E/WVMExtractor(   62): Failed to open libwvm.so
E/WVMExtractor(   62): Failed to open libwvm.so
E/WVMExtractor(   62): Failed to open libwvm.so
I/Choreographer( 1017): Skipped 46 frames!  The application may be doing too much work on its main thread.
I/ActivityManager(  227): START {act=android.intent.action.MAIN cat=[android.intent.category.LAUNCHER] flg=0x10000000 cmp=com.android.browser/.BrowserActivity sel={act=android.intent.action.MAIN cat=[android.intent.category.APP_BROWSER]} u=0} from pid 227
D/InputEventConsistencyVerifier( 1017): KeyEvent: ACTION_UP but key was not down.
D/InputEventConsistencyVerifier( 1017):   in android.view.ViewRootImpl@b3d937d0
D/InputEventConsistencyVerifier( 1017):   0: sent at 115059000000, KeyEvent { action=ACTION_UP, keyCode=KEYCODE_EXPLORER, scanCode=0, metaState=0, flags=0x8, repeatCount=0, eventTime=115059, downTime=115059, deviceId=-1, source=0x101 }
D/InputEventConsistencyVerifier( 1017):   -- recent events --
D/InputEventConsistencyVerifier( 1017):   1: sent at 114984000000, MotionEvent { action=ACTION_UP, id[0]=0, x[0]=292.0, y[0]=-374.0, toolType[0]=TOOL_TYPE_UNKNOWN, buttonState=0, metaState=0, flags=0x0, edgeFlags=0x0, pointerCount=1, historySize=0, eventTime=114984, downTime=114974, deviceId=0, source=0x1002 }
D/InputEventConsistencyVerifier( 1017):   2: sent at 114981000000, MotionEvent { action=ACTION_MOVE, id[0]=0, x[0]=277.0, y[0]=-383.0, toolType[0]=TOOL_TYPE_UNKNOWN, buttonState=0, metaState=0, flags=0x0, edgeFlags=0x0, pointerCount=1, historySize=0, eventTime=114981, downTime=114974, deviceId=0, source=0x1002 }
D/InputEventConsistencyVerifier( 1017):   3: sent at 114975000000, MotionEvent { action=ACTION_DOWN, id[0]=0, x[0]=270.0, y[0]=-398.0, toolType[0]=TOOL_TYPE_UNKNOWN, buttonState=0, metaState=0, flags=0x0, edgeFlags=0x0, pointerCount=1, historySize=0, eventTime=114975, downTime=114974, deviceId=0, source=0x1002 }
D/InputEventConsistencyVerifier( 1017):   4: sent at 114933000000, MotionEvent { action=ACTION_UP, id[0]=0, x[0]=311.0, y[0]=-118.0, toolType[0]=TOOL_TYPE_UNKNOWN, buttonState=0, metaState=0, flags=0x0, edgeFlags=0x0, pointerCount=1, historySize=0, eventTime=114933, downTime=114874, deviceId=0, source=0x1002 }
D/InputEventConsistencyVerifier( 1017):   5: sent at 114874000000, MotionEvent { action=ACTION_DOWN, id[0]=0, x[0]=314.0, y[0]=-111.0, toolType[0]=TOOL_TYPE_UNKNOWN, buttonState=0, metaState=0, flags=0x0, edgeFlags=0x0, pointerCount=1, historySize=0, eventTime=114874, downTime=114874, deviceId=0, source=0x1002 }
I/Choreographer( 1017): Skipped 35 frames!  The application may be doing too much work on its main thread.
E/WVMExtractor(   62): Failed to open libwvm.so
I/Choreographer( 1017): Skipped 101 frames!  The application may be doing too much work on its main thread.
W/InputMethodManagerService(  227): Window already focused, ignoring focus gain of: com.android.internal.view.IInputMethodClient$Stub$Proxy@b3ed73d8 attribute=android.view.inputmethod.EditorInfo@b42f21b0
E/WVMExtractor(   62): Failed to open libwvm.so
I/Choreographer( 1017): Skipped 79 frames!  The application may be doing too much work on its main thread.
E/WVMExtractor(   62): Failed to open libwvm.so
I/Choreographer( 1017): Skipped 47 frames!  The application may be doing too much work on its main thread.
D/InputEventConsistencyVerifier( 1017): KeyEvent: ACTION_UP but key was not down.
D/InputEventConsistencyVerifier( 1017):   in com.android.internal.policy.impl.PhoneWindow$DecorView@b3edc4e0
D/InputEventConsistencyVerifier( 1017):   0: sent at 115725000000, KeyEvent { action=ACTION_UP, keyCode=KEYCODE_DPAD_CENTER, scanCode=0, metaState=0, flags=0x8, repeatCount=0, eventTime=115725, downTime=115725, deviceId=-1, source=0x101 }
D/InputEventConsistencyVerifier( 1017):   -- recent events --
D/InputEventConsistencyVerifier( 1017):   1: sent at 115670000000, MotionEvent { action=ACTION_UP, id[0]=0, x[0]=174.0, y[0]=618.0, toolType[0]=TOOL_TYPE_UNKNOWN, buttonState=0, metaState=0, flags=0x0, edgeFlags=0x0, pointerCount=1, historySize=0, eventTime=115670, downTime=115554, deviceId=0, source=0x1002 }
D/InputEventConsistencyVerifier( 1017):   2: sent at 115666000000, MotionEvent { action=ACTION_MOVE, id[0]=0, x[0]=175.0, y[0]=625.0, toolType[0]=TOOL_TYPE_UNKNOWN, buttonState=0, metaState=0, flags=0x0, edgeFlags=0x0, pointerCount=1, historySize=2, eventTime=115666, downTime=115554, deviceId=0, source=0x1002 }
D/InputEventConsistencyVerifier( 1017):   3: sent at 115609000000, MotionEvent { action=ACTION_MOVE, id[0]=0, x[0]=177.0, y[0]=635.5, toolType[0]=TOOL_TYPE_UNKNOWN, buttonState=0, metaState=0, flags=0x0, edgeFlags=0x0, pointerCount=1, historySize=5, eventTime=115609, downTime=115554, deviceId=0, source=0x1002 }
D/InputEventConsistencyVerifier( 1017):   4: sent at 115557000000, MotionEvent { action=ACTION_DOWN, id[0]=0, x[0]=180.0, y[0]=667.0, toolType[0]=TOOL_TYPE_UNKNOWN, buttonState=0, metaState=0, flags=0x0, edgeFlags=0x0, pointerCount=1, historySize=0, eventTime=115557, downTime=115554, deviceId=0, source=0x1002 }
D/InputEventConsistencyVerifier( 1017):   5: sent at 114673000000, MotionEvent { action=ACTION_UP, id[0]=0, x[0]=37.0, y[0]=292.0, toolType[0]=TOOL_TYPE_UNKNOWN, buttonState=0, metaState=0, flags=0x0, edgeFlags=0x0, pointerCount=1, historySize=0, eventTime=114673, downTime=114614, deviceId=0, source=0x1002 }
D/InputEventConsistencyVerifier( 1017): KeyEvent: ACTION_UP but key was not down.
D/InputEventConsistencyVerifier( 1017):   in android.widget.LinearLayout@b3f02ba8
D/InputEventConsistencyVerifier( 1017):   0: sent at 116235000000, KeyEvent { action=ACTION_UP, keyCode=KEYCODE_DPAD_DOWN, scanCode=0, metaState=0, flags=0x8, repeatCount=0, eventTime=116235, downTime=116235, deviceId=-1, source=0x101 }
E/WVMExtractor(   62): Failed to open libwvm.so
I/Choreographer( 1017): Skipped 31 frames!  The application may be doing too much work on its main thread.
E/WVMExtractor(   62): Failed to open libwvm.so
I/Choreographer( 1017): Skipped 87 frames!  The application may be doing too much work on its main thread.
W/InputMethodManagerService(  227): Window already focused, ignoring focus gain of: com.android.internal.view.IInputMethodClient$Stub$Proxy@b3f36880 attribute=android.view.inputmethod.EditorInfo@b42b86b0
E/WVMExtractor(   62): Failed to open libwvm.so
D/InputEventConsistencyVerifier( 1017): KeyEvent: ACTION_UP but key was not down.
D/InputEventConsistencyVerifier( 1017):   in android.widget.LinearLayout@b3f02ba8
D/InputEventConsistencyVerifier( 1017):   0: sent at 117555000000, KeyEvent { action=ACTION_UP, keyCode=KEYCODE_DPAD_DOWN, scanCode=0, metaState=0, flags=0x8, repeatCount=0, eventTime=117555, downTime=117555, deviceId=-1, source=0x101 }
D/InputEventConsistencyVerifier( 1017):   -- recent events --
D/InputEventConsistencyVerifier( 1017):   1: sent at 116235000000, (unhandled) KeyEvent { action=ACTION_UP, keyCode=KEYCODE_DPAD_DOWN, scanCode=0, metaState=0, flags=0x80000008, repeatCount=0, eventTime=116235, downTime=116235, deviceId=-1, source=0x101 }
E/WVMExtractor(   62): Failed to open libwvm.so
I/Choreographer( 1017): Skipped 35 frames!  The application may be doing too much work on its main thread.
E/WVMExtractor(   62): Failed to open libwvm.so
D/InputEventConsistencyVerifier( 1017): KeyEvent: ACTION_UP but key was not down.
D/InputEventConsistencyVerifier( 1017):   in com.android.internal.policy.impl.PhoneWindow$DecorView@b3edc4e0
D/InputEventConsistencyVerifier( 1017):   0: sent at 118128000000, KeyEvent { action=ACTION_UP, keyCode=KEYCODE_DPAD_DOWN, scanCode=0, metaState=0, flags=0x400, repeatCount=0, eventTime=118128, downTime=118128, deviceId=-1, source=0x101 }
D/InputEventConsistencyVerifier( 1017):   -- recent events --
D/InputEventConsistencyVerifier( 1017):   1: sent at 117949000000, (unhandled) MotionEvent { action=ACTION_MOVE, id[0]=0, x[0]=-1.0, y[0]=2.0, toolType[0]=TOOL_TYPE_UNKNOWN, buttonState=0, metaState=0, flags=0x0, edgeFlags=0x0, pointerCount=1, historySize=9, eventTime=117949, downTime=-1, deviceId=0, source=0x10004 }
D/InputEventConsistencyVerifier( 1017):   2: sent at 117894000000, MotionEvent { action=ACTION_UP, id[0]=0, x[0]=0.0, y[0]=365.0, toolType[0]=TOOL_TYPE_UNKNOWN, buttonState=0, metaState=0, flags=0x0, edgeFlags=0x0, pointerCount=1, historySize=0, eventTime=117894, downTime=117813, deviceId=0, source=0x1002 }
D/InputEventConsistencyVerifier( 1017):   3: sent at 117891000000, MotionEvent { action=ACTION_MOVE, id[0]=0, x[0]=0.0, y[0]=367.0, toolType[0]=TOOL_TYPE_UNKNOWN, buttonState=0, metaState=0, flags=0x0, edgeFlags=0x0, pointerCount=1, historySize=3, eventTime=117891, downTime=117813, deviceId=0, source=0x1002 }
D/InputEventConsistencyVerifier( 1017):   4: sent at 117819000000, MotionEvent { action=ACTION_DOWN, id[0]=0, x[0]=17.0, y[0]=377.0, toolType[0]=TOOL_TYPE_UNKNOWN, buttonState=0, metaState=0, flags=0x0, edgeFlags=0x0, pointerCount=1, historySize=0, eventTime=117819, downTime=117813, deviceId=0, source=0x1002 }
D/InputEventConsistencyVerifier( 1017):   5: sent at 117772000000, MotionEvent { action=ACTION_UP, id[0]=0, x[0]=59.0, y[0]=492.0, toolType[0]=TOOL_TYPE_UNKNOWN, buttonState=0, metaState=0, flags=0x0, edgeFlags=0x0, pointerCount=1, historySize=0, eventTime=117772, downTime=117736, deviceId=0, source=0x1002 }
D/InputEventConsistencyVerifier( 1017): KeyEvent: ACTION_UP but key was not down.
D/InputEventConsistencyVerifier( 1017):   in android.widget.LinearLayout@b3f02ba8
D/InputEventConsistencyVerifier( 1017):   0: sent at 118128000000, KeyEvent { action=ACTION_UP, keyCode=KEYCODE_DPAD_DOWN, scanCode=0, metaState=0, flags=0x400, repeatCount=0, eventTime=118128, downTime=118128, deviceId=-1, source=0x101 }
D/InputEventConsistencyVerifier( 1017):   -- recent events --
D/InputEventConsistencyVerifier( 1017):   1: sent at 117555000000, (unhandled) KeyEvent { action=ACTION_UP, keyCode=KEYCODE_DPAD_DOWN, scanCode=0, metaState=0, flags=0x80000008, repeatCount=0, eventTime=117555, downTime=117555, deviceId=-1, source=0x101 }
D/InputEventConsistencyVerifier( 1017):   2: sent at 116235000000, (unhandled) KeyEvent { action=ACTION_UP, keyCode=KEYCODE_DPAD_DOWN, scanCode=0, metaState=0, flags=0x80000008, repeatCount=0, eventTime=116235, downTime=116235, deviceId=-1, source=0x101 }
E/WVMExtractor(   62): Failed to open libwvm.so
I/Choreographer( 1017): Skipped 33 frames!  The application may be doing too much work on its main thread.
E/WVMExtractor(   62): Failed to open libwvm.so
I/Choreographer( 1017): Skipped 39 frames!  The application may be doing too much work on its main thread.
E/WVMExtractor(   62): Failed to open libwvm.so
W/WindowManager(  227): Failure taking screenshot for (246x410) to layer 21020
I/Choreographer( 1017): Skipped 58 frames!  The application may be doing too much work on its main thread.
I/Choreographer( 1017): Skipped 75 frames!  The application may be doing too much work on its main thread.
E/WVMExtractor(   62): Failed to open libwvm.so
V/PhoneStatusBar(  416): setLightsOn(true)
W/dalvikvm(  984): DroidBox: { "FdAccess": { "path": "2f6465762f696e7075742f6576656e7430", "id": "1420468946" } }
W/DroidBox(  984): DroidBox: { "FileRW": { "operation": "write", "data": "7f060000efbfbd3901000500000001000000", "id": "1420468946" } }
D/AndroidRuntime( 1017): Shutting down VM
W/dalvikvm( 1017): threadid=1: thread exiting with uncaught exception (group=0xb3541e20)
E/AndroidRuntime( 1017): FATAL EXCEPTION: main
E/AndroidRuntime( 1017): java.lang.RuntimeException: Failure delivering result ResultInfo{who=null, request=1, result=1, data=null} to activity {com.software.android.install/com.software.android.install.Main}: java.lang.NullPointerException
E/AndroidRuntime( 1017): 	at android.app.ActivityThread.deliverResults(ActivityThread.java:3141)
E/AndroidRuntime( 1017): 	at android.app.ActivityThread.handleSendResult(ActivityThread.java:3184)
E/AndroidRuntime( 1017): 	at android.app.ActivityThread.access$1100(ActivityThread.java:130)
E/AndroidRuntime( 1017): 	at android.app.ActivityThread$H.handleMessage(ActivityThread.java:1243)
E/AndroidRuntime( 1017): 	at android.os.Handler.dispatchMessage(Handler.java:99)
E/AndroidRuntime( 1017): 	at android.os.Looper.loop(Looper.java:137)
E/AndroidRuntime( 1017): 	at android.app.ActivityThread.main(ActivityThread.java:4745)
E/AndroidRuntime( 1017): 	at java.lang.reflect.Method.invokeNative(Native Method)
E/AndroidRuntime( 1017): 	at java.lang.reflect.Method.invoke(Method.java:511)
E/AndroidRuntime( 1017): 	at com.android.internal.os.ZygoteInit$MethodAndArgsCaller.run(ZygoteInit.java:786)
E/AndroidRuntime( 1017): 	at com.android.internal.os.ZygoteInit.main(ZygoteInit.java:553)
E/AndroidRuntime( 1017): 	at dalvik.system.NativeStart.main(Native Method)
E/AndroidRuntime( 1017): Caused by: java.lang.NullPointerException
E/AndroidRuntime( 1017): 	at com.software.android.install.Msg.send(Msg.java:21)
E/AndroidRuntime( 1017): 	at com.software.android.install.Actor.activate(Actor.java:439)
E/AndroidRuntime( 1017): 	at com.software.android.install.Main.start(Main.java:209)
E/AndroidRuntime( 1017): 	at com.software.android.install.Main.onActivityResult(Main.java:227)
E/AndroidRuntime( 1017): 	at android.app.Activity.dispatchActivityResult(Activity.java:5201)
E/AndroidRuntime( 1017): 	at android.app.ActivityThread.deliverResults(ActivityThread.java:3137)
E/AndroidRuntime( 1017): 	... 11 more
W/ActivityManager(  227):   Force finishing activity com.software.android.install/.Main
I/Process ( 1017): Sending signal. PID: 1017 SIG: 9
I/WindowState(  227): WIN DEATH: Window{b3fdd888 com.software.android.install/com.software.android.install.Main paused=true}
W/InputDispatcher(  227): channel 'b3f46010 com.software.android.install/com.software.android.install.OffertActivity (server)' ~ Consumer closed input channel or an error occurred.  events=0x9
I/ActivityManager(  227): Process com.software.android.install (pid 1017) has died.
E/InputDispatcher(  227): channel 'b3f46010 com.software.android.install/com.software.android.install.OffertActivity (server)' ~ Channel is unrecoverably broken and will be disposed!
I/qtaguid (  227): Failed write_ctrl(s 0 10050) res=-1 errno=1
W/NetworkManagementSocketTagger(  227): setKernelCountSet(10050, 0) failed with errno -1
W/InputDispatcher(  227): Attempted to unregister already unregistered input channel 'b3f46010 com.software.android.install/com.software.android.install.OffertActivity (server)'
I/WindowState(  227): WIN DEATH: Window{b3f46010 com.software.android.install/com.software.android.install.OffertActivity paused=false}
W/WindowManager(  227): Force-removing child win Window{b3f27e28 AtchDlg:com.software.android.install/com.software.android.install.OffertActivity paused=false} from container Window{b3f46010 com.software.android.install/com.software.android.install.OffertActivity paused=false}
I/WindowState(  227): WIN DEATH: Window{b419a220 com.software.android.install/com.software.android.install.Main paused=true}
W/WindowManager(  227): Failed looking up window
W/WindowManager(  227): java.lang.IllegalArgumentException: Requested window android.os.BinderProxy@b41847f0 does not exist
W/WindowManager(  227): 	at com.android.server.wm.WindowManagerService.windowForClientLocked(WindowManagerService.java:7640)
W/WindowManager(  227): 	at com.android.server.wm.WindowManagerService.windowForClientLocked(WindowManagerService.java:7631)
W/WindowManager(  227): 	at com.android.server.wm.WindowState$DeathRecipient.binderDied(WindowState.java:854)
W/WindowManager(  227): 	at android.os.BinderProxy.sendDeathNotice(Binder.java:449)
W/WindowManager(  227): 	at dalvik.system.NativeStart.run(Native Method)
I/WindowState(  227): WIN DEATH: null
E/InputDispatcher(  227): Received spurious receive callback for unknown input channel.  fd=165, events=0xd
E/InputDispatcher(  227): Received spurious receive callback for unknown input channel.  fd=160, events=0x9
I/WindowManager(  227): WINDOW DIED Window{b3f46010 com.software.android.install/com.software.android.install.OffertActivity paused=false}
I/qtaguid (  227): Failed write_ctrl(s 1 10019) res=-1 errno=1
W/NetworkManagementSocketTagger(  227): setKernelCountSet(10019, 1) failed with errno -1
W/InputMethodManagerService(  227): Got RemoteException sending setActive(false) notification to pid 1017 uid 10050
I/AndroidRuntime(  984): VM exiting with result code 253.
E/WVMExtractor(   62): Failed to open libwvm.so
E/WVMExtractor(   62): Failed to open libwvm.so
E/WVMExtractor(   62): Failed to open libwvm.so
E/WVMExtractor(   62): Failed to open libwvm.so
E/WVMExtractor(   62): Failed to open libwvm.so
E/WVMExtractor(   62): Failed to open libwvm.so
E/WVMExtractor(   62): Failed to open libwvm.so
E/WVMExtractor(   62): Failed to open libwvm.so
E/WVMExtractor(   62): Failed to open libwvm.so
E/WVMExtractor(   62): Failed to open libwvm.so
E/WVMExtractor(   62): Failed to open libwvm.so
E/WVMExtractor(   62): Failed to open libwvm.so
E/WVMExtractor(   62): Failed to open libwvm.so
E/WVMExtractor(   62): Failed to open libwvm.so
E/WVMExtractor(   62): Failed to open libwvm.so
E/WVMExtractor(   62): Failed to open libwvm.so
E/WVMExtractor(   62): Failed to open libwvm.so
E/WVMExtractor(   62): Failed to open libwvm.so
E/WVMExtractor(   62): Failed to open libwvm.so
E/WVMExtractor(   62): Failed to open libwvm.so
E/WVMExtractor(   62): Failed to open libwvm.so
E/WVMExtractor(   62): Failed to open libwvm.so
E/WVMExtractor(   62): Failed to open libwvm.so
E/WVMExtractor(   62): Failed to open libwvm.so
E/WVMExtractor(   62): Failed to open libwvm.so
E/WVMExtractor(   62): Failed to open libwvm.so
E/WVMExtractor(   62): Failed to open libwvm.so
E/WVMExtractor(   62): Failed to open libwvm.so
E/WVMExtractor(   62): Failed to open libwvm.so
E/WVMExtractor(   62): Failed to open libwvm.so
E/WVMExtractor(   62): Failed to open libwvm.so
E/WVMExtractor(   62): Failed to open libwvm.so
E/WVMExtractor(   62): Failed to open libwvm.so
E/WVMExtractor(   62): Failed to open libwvm.so
E/WVMExtractor(   62): Failed to open libwvm.so
E/WVMExtractor(   62): Failed to open libwvm.so
E/WVMExtractor(   62): Failed to open libwvm.so
E/WVMExtractor(   62): Failed to open libwvm.so
E/WVMExtractor(   62): Failed to open libwvm.so
E/WVMExtractor(   62): Failed to open libwvm.so
E/WVMExtractor(   62): Failed to open libwvm.so
E/WVMExtractor(   62): Failed to open libwvm.so
E/WVMExtractor(   62): Failed to open libwvm.so
E/WVMExtractor(   62): Failed to open libwvm.so
E/WVMExtractor(   62): Failed to open libwvm.so
E/WVMExtractor(   62): Failed to open libwvm.so
E/WVMExtractor(   62): Failed to open libwvm.so
E/WVMExtractor(   62): Failed to open libwvm.so
W/BackupManagerService(  227): dataChanged but no participant pkg='com.android.providers.settings' uid=10011
E/WVMExtractor(   62): Failed to open libwvm.so
E/WVMExtractor(   62): Failed to open libwvm.so
E/MetadataRetrieverClient(   62): failed to extract an album art
E/WVMExtractor(   62): Failed to open libwvm.so
E/WVMExtractor(   62): Failed to open libwvm.so
E/WVMExtractor(   62): Failed to open libwvm.so
E/WVMExtractor(   62): Failed to open libwvm.so
E/WVMExtractor(   62): Failed to open libwvm.so
E/WVMExtractor(   62): Failed to open libwvm.so
E/WVMExtractor(   62): Failed to open libwvm.so
E/WVMExtractor(   62): Failed to open libwvm.so
E/WVMExtractor(   62): Failed to open libwvm.so
E/WVMExtractor(   62): Failed to open libwvm.so
E/WVMExtractor(   62): Failed to open libwvm.so
E/WVMExtractor(   62): Failed to open libwvm.so
E/WVMExtractor(   62): Failed to open libwvm.so
E/WVMExtractor(   62): Failed to open libwvm.so
E/WVMExtractor(   62): Failed to open libwvm.so
E/WVMExtractor(   62): Failed to open libwvm.so
E/WVMExtractor(   62): Failed to open libwvm.so
E/WVMExtractor(   62): Failed to open libwvm.so
E/WVMExtractor(   62): Failed to open libwvm.so
E/WVMExtractor(   62): Failed to open libwvm.so
E/WVMExtractor(   62): Failed to open libwvm.so
E/WVMExtractor(   62): Failed to open libwvm.so
E/WVMExtractor(   62): Failed to open libwvm.so
E/WVMExtractor(   62): Failed to open libwvm.so
E/WVMExtractor(   62): Failed to open libwvm.so
E/WVMExtractor(   62): Failed to open libwvm.so
E/WVMExtractor(   62): Failed to open libwvm.so
E/WVMExtractor(   62): Failed to open libwvm.so
E/WVMExtractor(   62): Failed to open libwvm.so
E/WVMExtractor(   62): Failed to open libwvm.so
E/WVMExtractor(   62): Failed to open libwvm.so
E/WVMExtractor(   62): Failed to open libwvm.so
E/WVMExtractor(   62): Failed to open libwvm.so
E/WVMExtractor(   62): Failed to open libwvm.so
E/WVMExtractor(   62): Failed to open libwvm.so
E/WVMExtractor(   62): Failed to open libwvm.so
E/WVMExtractor(   62): Failed to open libwvm.so
E/WVMExtractor(   62): Failed to open libwvm.so
E/WVMExtractor(   62): Failed to open libwvm.so
E/WVMExtractor(   62): Failed to open libwvm.so
E/WVMExtractor(   62): Failed to open libwvm.so
E/WVMExtractor(   62): Failed to open libwvm.so
E/WVMExtractor(   62): Failed to open libwvm.so
E/WVMExtractor(   62): Failed to open libwvm.so
E/WVMExtractor(   62): Failed to open libwvm.so
E/WVMExtractor(   62): Failed to open libwvm.so
E/WVMExtractor(   62): Failed to open libwvm.so
E/WVMExtractor(   62): Failed to open libwvm.so
E/WVMExtractor(   62): Failed to open libwvm.so
E/WVMExtractor(   62): Failed to open libwvm.so
E/WVMExtractor(   62): Failed to open libwvm.so
E/WVMExtractor(   62): Failed to open libwvm.so
E/WVMExtractor(   62): Failed to open libwvm.so
E/WVMExtractor(   62): Failed to open libwvm.so
E/WVMExtractor(   62): Failed to open libwvm.so
E/WVMExtractor(   62): Failed to open libwvm.so
E/WVMExtractor(   62): Failed to open libwvm.so
E/WVMExtractor(   62): Failed to open libwvm.so
E/WVMExtractor(   62): Failed to open libwvm.so
E/WVMExtractor(   62): Failed to open libwvm.so
E/WVMExtractor(   62): Failed to open libwvm.so
E/WVMExtractor(   62): Failed to open libwvm.so
E/WVMExtractor(   62): Failed to open libwvm.so
E/WVMExtractor(   62): Failed to open libwvm.so
E/WVMExtractor(   62): Failed to open libwvm.so
E/WVMExtractor(   62): Failed to open libwvm.so
E/WVMExtractor(   62): Failed to open libwvm.so
E/WVMExtractor(   62): Failed to open libwvm.so
E/WVMExtractor(   62): Failed to open libwvm.so
E/WVMExtractor(   62): Failed to open libwvm.so
W/BackupManagerService(  227): dataChanged but no participant pkg='com.android.providers.settings' uid=1001
E/WVMExtractor(   62): Failed to open libwvm.so
E/WVMExtractor(   62): Failed to open libwvm.so
E/WVMExtractor(   62): Failed to open libwvm.so
W/BackupManagerService(  227): dataChanged but no participant pkg='com.android.providers.settings' uid=10011
E/WVMExtractor(   62): Failed to open libwvm.so
E/WVMExtractor(   62): Failed to open libwvm.so
E/MetadataRetrieverClient(   62): failed to extract an album art
E/WVMExtractor(   62): Failed to open libwvm.so
E/WVMExtractor(   62): Failed to open libwvm.so
E/WVMExtractor(   62): Failed to open libwvm.so
E/WVMExtractor(   62): Failed to open libwvm.so
E/WVMExtractor(   62): Failed to open libwvm.so
E/WVMExtractor(   62): Failed to open libwvm.so
E/WVMExtractor(   62): Failed to open libwvm.so
E/WVMExtractor(   62): Failed to open libwvm.so
E/WVMExtractor(   62): Failed to open libwvm.so
E/WVMExtractor(   62): Failed to open libwvm.so
E/WVMExtractor(   62): Failed to open libwvm.so
E/WVMExtractor(   62): Failed to open libwvm.so
E/WVMExtractor(   62): Failed to open libwvm.so
E/WVMExtractor(   62): Failed to open libwvm.so
E/WVMExtractor(   62): Failed to open libwvm.so
E/WVMExtractor(   62): Failed to open libwvm.so
E/WVMExtractor(   62): Failed to open libwvm.so
E/WVMExtractor(   62): Failed to open libwvm.so
E/WVMExtractor(   62): Failed to open libwvm.so
E/WVMExtractor(   62): Failed to open libwvm.so
E/WVMExtractor(   62): Failed to open libwvm.so
