W/dalvikvm( 1033): DroidBox: { "FdAccess": { "path": "706970653a5b353136335d", "id": "1889757806" } }
W/DroidBox( 1033): DroidBox: { "FileRW": { "operation": "read", "data": "285f4a4e49456e762a2c20696e74292b3232290a20202330342020706320303030316630623020202f73797374656d2f6c69622f6c696264766d2e736f202864766d506c6174666f726d496e766f6b652b313132290a2020233035202070632030303035", "id": "1889757806" } }
W/BackupManagerService(  223): dataChanged but no participant pkg='com.android.providers.settings' uid=10011
E/WVMExtractor(   63): Failed to open libwvm.so
E/WVMExtractor(   63): Failed to open libwvm.so
W/dalvikvm( 1033): DroidBox: { "FdAccess": { "path": "706970653a5b353136335d", "id": "1219895558" } }
W/DroidBox( 1033): DroidBox: { "FileRW": { "operation": "read", "data": "69622f6c696273656e736f72736572766963652e736f2028616e64726f69643a3a53656e736f72536572766963653a3a7468726561644c6f6f7028292b313030290a20202330372020706320303030313066306620202f73797374656d2f6c69622f6c69", "id": "1219895558" } }
E/MetadataRetrieverClient(   63): failed to extract an album art
E/WVMExtractor(   63): Failed to open libwvm.so
W/dalvikvm( 1033): DroidBox: { "FdAccess": { "path": "706970653a5b353136335d", "id": "1614020665" } }
W/DroidBox( 1033): DroidBox: { "FileRW": { "operation": "read", "data": "6e672e7265666c6563742e4d6574686f642e696e766f6b654e6174697665284e6174697665204d6574686f64290a20206174206a6176612e6c616e672e7265666c6563742e4d6574686f642e696e766f6b65284d6574686f642e6a6176613a353131290a", "id": "1614020665" } }
E/WVMExtractor(   63): Failed to open libwvm.so
E/WVMExtractor(   63): Failed to open libwvm.so
W/dalvikvm( 1033): DroidBox: { "FdAccess": { "path": "706970653a5b353136335d", "id": "1297043302" } }
W/DroidBox( 1033): DroidBox: { "FileRW": { "operation": "read", "data": "2842617365446578436c6173734c6f616465722e6a6176613a3536290a202061742064616c76696b2e73797374656d2e50617468436c6173734c6f616465722e3c696e69743e2850617468436c6173734c6f616465722e6a6176613a3635290a20206174", "id": "1297043302" } }
E/WVMExtractor(   63): Failed to open libwvm.so
E/WVMExtractor(   63): Failed to open libwvm.so
W/dalvikvm( 1033): DroidBox: { "FdAccess": { "path": "706970653a5b353136335d", "id": "899868339" } }
W/DroidBox( 1033): DroidBox: { "FileRW": { "operation": "read", "data": "6573730a2020617420616e64726f69642e6f732e4d65737361676551756575652e6e6174697665506f6c6c4f6e6365284e6174697665204d6574686f64290a2020617420616e64726f69642e6f732e4d65737361676551756575652e6e657874284d6573", "id": "899868339" } }
E/WVMExtractor(   63): Failed to open libwvm.so
E/WVMExtractor(   63): Failed to open libwvm.so
W/dalvikvm( 1033): DroidBox: { "FdAccess": { "path": "706970653a5b353136335d", "id": "1916618796" } }
W/DroidBox( 1033): DroidBox: { "FileRW": { "operation": "read", "data": "3234290a20202330332020706320303030313734316220202f73797374656d2f6c69622f6c696262696e6465722e736f2028616e64726f69643a3a49504354687265616453746174653a3a6a6f696e546872656164506f6f6c28626f6f6c292b31353429", "id": "1916618796" } }
E/WVMExtractor(   63): Failed to open libwvm.so
E/WVMExtractor(   63): Failed to open libwvm.so
W/dalvikvm( 1033): DroidBox: { "FdAccess": { "path": "706970653a5b353136335d", "id": "869424945" } }
W/DroidBox( 1033): DroidBox: { "FileRW": { "operation": "read", "data": "623920202f73797374656d2f6c69622f6c696264766d2e736f0a20202331322020706320303030313264623020202f73797374656d2f6c69622f6c6962632e736f20285f5f7468726561645f656e7472792b3438290a2020233133202070632030303031", "id": "869424945" } }
E/WVMExtractor(   63): Failed to open libwvm.so
E/WVMExtractor(   63): Failed to open libwvm.so
W/dalvikvm( 1033): DroidBox: { "FdAccess": { "path": "706970653a5b353136335d", "id": "819038474" } }
W/DroidBox( 1033): DroidBox: { "FileRW": { "operation": "read", "data": "3c307862333535613065303e202861206a6176612e6c616e672e7265662e5265666572656e63655175657565290a20206174206a6176612e6c616e672e4f626a6563742e77616974284f626a6563742e6a6176613a343031290a20206174206a6176612e", "id": "819038474" } }
E/WVMExtractor(   63): Failed to open libwvm.so
W/dalvikvm( 1033): DroidBox: { "FdAccess": { "path": "706970653a5b353136335d", "id": "1656173171" } }
W/DroidBox( 1033): DroidBox: { "FileRW": { "operation": "read", "data": "613a383536290a0a226c61756e636865722d6c6f6164657222207072696f3d35207469643d3130204e41544956450a20207c2067726f75703d226d61696e222073436f756e743d31206473436f756e743d30206f626a3d30786233653038663538207365", "id": "1656173171" } }
E/WVMExtractor(   63): Failed to open libwvm.so
E/WVMExtractor(   63): Failed to open libwvm.so
W/dalvikvm( 1033): DroidBox: { "FdAccess": { "path": "706970653a5b353136335d", "id": "1295126830" } }
W/DroidBox( 1033): DroidBox: { "FileRW": { "operation": "read", "data": "20303030363364346620202f73797374656d2f6c69622f6c696264766d2e736f202864766d496e766f6b654d6574686f64284f626a6563742a2c204d6574686f6420636f6e73742a2c2041727261794f626a6563742a2c2041727261794f626a6563742a", "id": "1295126830" } }
E/WVMExtractor(   63): Failed to open libwvm.so
W/dalvikvm( 1033): DroidBox: { "FdAccess": { "path": "706970653a5b353136335d", "id": "1029653651" } }
W/DroidBox( 1033): DroidBox: { "FileRW": { "operation": "read", "data": "6d43616c6c4d6574686f6456285468726561642a2c204d6574686f6420636f6e73742a2c204f626a6563742a2c20626f6f6c2c204a56616c75652a2c207374643a3a5f5f76615f6c697374292b343230290a202023313020207063203030303633396639", "id": "1029653651" } }
E/WVMExtractor(   63): Failed to open libwvm.so
E/WVMExtractor(   63): Failed to open libwvm.so
E/WVMExtractor(   63): Failed to open libwvm.so
W/dalvikvm( 1033): DroidBox: { "FdAccess": { "path": "706970653a5b353136335d", "id": "2132972359" } }
W/DroidBox( 1033): DroidBox: { "FileRW": { "operation": "read", "data": "34290a20202330332020706320303030356230336620202f73797374656d2f6c69622f6c6962616e64726f69645f72756e74696d652e736f2028616e64726f69643a3a4e61746976654d65737361676551756575653a3a706f6c6c4f6e6365285f4a4e49", "id": "2132972359" } }
E/WVMExtractor(   63): Failed to open libwvm.so
W/dalvikvm(  223): DroidBox: { "FdAccess": { "path": "2f70726f632f313037342f636d646c696e65", "id": "625636658" } }
W/DroidBox(  223): DroidBox: { "FileRW": { "operation": "read", "data": "64756d70737973006d656d696e666f006d656e74000000000000000000000000000000000000000000000000000000000000000000000000000000000000000000000000000000000000000035613439383637363766373737323533306234392e61706b", "id": "625636658" } }
W/dalvikvm(  223): DroidBox: { "FdAccess": { "path": "706970653a5b353230385d", "id": "1053060452" } }
W/DroidBox(  223): DroidBox: { "FileRW": { "operation": "write", "data": "4170706c69636174696f6e73204d656d6f727920557361676520286b42293a0a557074696d653a20313638303037205265616c74696d653a203136383030370a0a546f74616c205053532062792070726f636573733a0a202020203238333539206b423a", "id": "1053060452" } }
W/dalvikvm( 1033): DroidBox: { "FdAccess": { "path": "706970653a5b353230385d", "id": "432693186" } }
W/DroidBox( 1033): DroidBox: { "FileRW": { "operation": "read", "data": "4170706c69636174696f6e73204d656d6f727920557361676520286b42293a0a557074696d653a20313638303037205265616c74696d653a203136383030370a0a546f74616c205053532062792070726f636573733a0a202020203238333539206b423a", "id": "432693186" } }
E/WVMExtractor(   63): Failed to open libwvm.so
W/dalvikvm( 1033): DroidBox: { "FdAccess": { "path": "706970653a5b353230385d", "id": "1325906397" } }
W/DroidBox( 1033): DroidBox: { "FileRW": { "operation": "read", "data": "00000000000000000000000000000000000000000000000000000000000000000000000000000000000000000000000000000000000000000000000000000000000000000000000000000000000000000000000000000000000000000000000000000000", "id": "1325906397" } }
I/AndroidRuntime( 1033): VM exiting with result code 11.
E/WVMExtractor(   63): Failed to open libwvm.so
E/WVMExtractor(   63): Failed to open libwvm.so
E/WVMExtractor(   63): Failed to open libwvm.so
E/WVMExtractor(   63): Failed to open libwvm.so
E/WVMExtractor(   63): Failed to open libwvm.so
E/WVMExtractor(   63): Failed to open libwvm.so
E/WVMExtractor(   63): Failed to open libwvm.so
E/WVMExtractor(   63): Failed to open libwvm.so
E/WVMExtractor(   63): Failed to open libwvm.so
E/WVMExtractor(   63): Failed to open libwvm.so
E/WVMExtractor(   63): Failed to open libwvm.so
E/WVMExtractor(   63): Failed to open libwvm.so
E/WVMExtractor(   63): Failed to open libwvm.so
E/WVMExtractor(   63): Failed to open libwvm.so
E/WVMExtractor(   63): Failed to open libwvm.so
E/WVMExtractor(   63): Failed to open libwvm.so
E/WVMExtractor(   63): Failed to open libwvm.so
E/WVMExtractor(   63): Failed to open libwvm.so
E/WVMExtractor(   63): Failed to open libwvm.so
E/WVMExtractor(   63): Failed to open libwvm.so
E/WVMExtractor(   63): Failed to open libwvm.so
E/WVMExtractor(   63): Failed to open libwvm.so
E/WVMExtractor(   63): Failed to open libwvm.so
E/WVMExtractor(   63): Failed to open libwvm.so
E/WVMExtractor(   63): Failed to open libwvm.so
E/WVMExtractor(   63): Failed to open libwvm.so
E/WVMExtractor(   63): Failed to open libwvm.so
E/WVMExtractor(   63): Failed to open libwvm.so
E/WVMExtractor(   63): Failed to open libwvm.so
E/WVMExtractor(   63): Failed to open libwvm.so
E/WVMExtractor(   63): Failed to open libwvm.so
E/WVMExtractor(   63): Failed to open libwvm.so
E/WVMExtractor(   63): Failed to open libwvm.so
E/WVMExtractor(   63): Failed to open libwvm.so
E/WVMExtractor(   63): Failed to open libwvm.so
E/WVMExtractor(   63): Failed to open libwvm.so
E/WVMExtractor(   63): Failed to open libwvm.so
E/WVMExtractor(   63): Failed to open libwvm.so
E/WVMExtractor(   63): Failed to open libwvm.so
E/WVMExtractor(   63): Failed to open libwvm.so
E/WVMExtractor(   63): Failed to open libwvm.so
E/WVMExtractor(   63): Failed to open libwvm.so
E/WVMExtractor(   63): Failed to open libwvm.so
E/WVMExtractor(   63): Failed to open libwvm.so
E/WVMExtractor(   63): Failed to open libwvm.so
E/WVMExtractor(   63): Failed to open libwvm.so
E/WVMExtractor(   63): Failed to open libwvm.so
E/WVMExtractor(   63): Failed to open libwvm.so
E/WVMExtractor(   63): Failed to open libwvm.so
E/WVMExtractor(   63): Failed to open libwvm.so
E/WVMExtractor(   63): Failed to open libwvm.so
E/WVMExtractor(   63): Failed to open libwvm.so
E/WVMExtractor(   63): Failed to open libwvm.so
E/WVMExtractor(   63): Failed to open libwvm.so
W/BackupManagerService(  223): dataChanged but no participant pkg='com.android.providers.settings' uid=10011
E/WVMExtractor(   63): Failed to open libwvm.so
E/MetadataRetrieverClient(   63): failed to extract an album art
E/WVMExtractor(   63): Failed to open libwvm.so
E/WVMExtractor(   63): Failed to open libwvm.so
E/WVMExtractor(   63): Failed to open libwvm.so
E/WVMExtractor(   63): Failed to open libwvm.so
E/WVMExtractor(   63): Failed to open libwvm.so
E/WVMExtractor(   63): Failed to open libwvm.so
E/WVMExtractor(   63): Failed to open libwvm.so
E/WVMExtractor(   63): Failed to open libwvm.so
E/WVMExtractor(   63): Failed to open libwvm.so
E/WVMExtractor(   63): Failed to open libwvm.so
E/WVMExtractor(   63): Failed to open libwvm.so
E/WVMExtractor(   63): Failed to open libwvm.so
E/WVMExtractor(   63): Failed to open libwvm.so
E/WVMExtractor(   63): Failed to open libwvm.so
E/WVMExtractor(   63): Failed to open libwvm.so
E/WVMExtractor(   63): Failed to open libwvm.so
E/WVMExtractor(   63): Failed to open libwvm.so
E/WVMExtractor(   63): Failed to open libwvm.so
E/WVMExtractor(   63): Failed to open libwvm.so
E/WVMExtractor(   63): Failed to open libwvm.so
E/WVMExtractor(   63): Failed to open libwvm.so
E/WVMExtractor(   63): Failed to open libwvm.so
E/WVMExtractor(   63): Failed to open libwvm.so
E/WVMExtractor(   63): Failed to open libwvm.so
E/WVMExtractor(   63): Failed to open libwvm.so
E/WVMExtractor(   63): Failed to open libwvm.so
E/WVMExtractor(   63): Failed to open libwvm.so
E/WVMExtractor(   63): Failed to open libwvm.so
E/WVMExtractor(   63): Failed to open libwvm.so
E/WVMExtractor(   63): Failed to open libwvm.so
E/WVMExtractor(   63): Failed to open libwvm.so
E/WVMExtractor(   63): Failed to open libwvm.so
E/WVMExtractor(   63): Failed to open libwvm.so
E/WVMExtractor(   63): Failed to open libwvm.so
E/WVMExtractor(   63): Failed to open libwvm.so
E/WVMExtractor(   63): Failed to open libwvm.so
E/WVMExtractor(   63): Failed to open libwvm.so
E/WVMExtractor(   63): Failed to open libwvm.so
E/MetadataRetrieverClient(   63): failed to extract an album art
E/WVMExtractor(   63): Failed to open libwvm.so
I/ActivityManager(  223): No longer want com.android.contacts (pid 689): hidden #16
E/MetadataRetrieverClient(   63): failed to extract an album art
W/DroidBox( 1051): DroidBox: { "ServiceStart": { "name": "com.sound.adjustment.protact.DreamerService" } }
W/dalvikvm( 1051): DroidBox: { "FdAccess": { "path": "2f646174612f646174612f636f6d2e736f756e642e61646a7573746d656e742f66696c65732f667265652e626172", "id": "759731970" } }
W/DroidBox( 1051): DroidBox: { "FileRW": { "operation": "write", "data": "0defbfbdefbfbd25efbfbd50efbfbd52efbfbdd3b4efbfbd23efbfbd3d1e4b07530befbfbd464defbfbd6e100036efbfbdefbfbd387eefbfbdefbfbd0e24efbfbdefbfbd", "id": "759731970" } }
I/Ads     ( 1051): adRequestUrlHtml: <html><head><script src="http://www.gstatic.com/afma/sdk-core-v40.js"></script><script>AFMA_buildAdURL({"preqs":0,"u_sd":1.5,"u_w":480,"slotname":"a14e40c05fa798b","msid":"com.sound.adjustment","cap":"m,a","js":"afma-sdk-a-v4.0.4","isu":"89FDC08C9340769F152022AC486F3532","format":"320x50_mb","net":"ed","app_name":"4.0.4.android.com.sound.adjustment","hl":"en","u_h":800,"u_so":"p","u_audio":1});</script></head><body></body></html>
W/webview_proxy( 1051): java.lang.Throwable: Warning: A WebView method was called on thread 'AsyncTask #2'. All WebView methods must be called on the UI thread. Future versions of WebView may not support use on other threads.
W/webview_proxy( 1051): 	at android.webkit.WebView.checkThread(WebView.java:1796)
W/webview_proxy( 1051): 	at android.webkit.WebView.loadDataWithBaseURL(WebView.java:841)
W/webview_proxy( 1051): 	at c.a(Unknown Source)
W/webview_proxy( 1051): 	at c.doInBackground(Unknown Source)
W/webview_proxy( 1051): 	at android.os.AsyncTask$2.call(AsyncTask.java:287)
W/webview_proxy( 1051): 	at java.util.concurrent.FutureTask$Sync.innerRun(FutureTask.java:305)
W/webview_proxy( 1051): 	at java.util.concurrent.FutureTask.run(FutureTask.java:137)
W/webview_proxy( 1051): 	at java.util.concurrent.ThreadPoolExecutor.runWorker(ThreadPoolExecutor.java:1076)
W/webview_proxy( 1051): 	at java.util.concurrent.ThreadPoolExecutor$Worker.run(ThreadPoolExecutor.java:569)
W/webview_proxy( 1051): 	at java.lang.Thread.run(Thread.java:856)
D/NetworkStateReceiver( 1051): android.media.RINGER_MODE_CHANGED
I/Choreographer( 1051): Skipped 136 frames!  The application may be doing too much work on its main thread.
V/PhoneStatusBar(  418): setLightsOn(true)
W/dalvikvm( 1051): DroidBox: { "FdAccess": { "path": "2f70726f632f6d656d696e666f", "id": "1608868896" } }
W/DroidBox( 1051): DroidBox: { "FileRW": { "operation": "read", "data": "4d656d546f74616c3a202020202020202020373438393634206b420a4d656d467265653a20202020202020202020343631323030206b420a427566666572733a20202020202020202020202035353830206b420a4361636865643a202020202020202020", "id": "1608868896" } }
I/Choreographer( 1051): Skipped 132 frames!  The application may be doing too much work on its main thread.
D/gralloc_goldfish( 1051): Emulator without GPU emulation detected.
W/dalvikvm( 1051): DroidBox: { "FdAccess": { "path": "2f70726f632f6d656d696e666f", "id": "860848176" } }
W/DroidBox( 1051): DroidBox: { "FileRW": { "operation": "read", "data": "4d656d546f74616c3a202020202020202020373438393634206b420a4d656d467265653a20202020202020202020343538333430206b420a427566666572733a20202020202020202020202035363634206b420a4361636865643a202020202020202020", "id": "860848176" } }
I/ActivityManager(  223): Displayed com.sound.adjustment/.SoundSetting: +2m23s777ms
I/qtaguid (  223): Failed write_ctrl(s 0 10019) res=-1 errno=1
W/NetworkManagementSocketTagger(  223): setKernelCountSet(10019, 0) failed with errno -1
I/Choreographer( 1051): Skipped 45 frames!  The application may be doing too much work on its main thread.
W/Ads     ( 1051): Invalid admob request error: Non google play services version of AdMob Android SDK is deprecated. Please update your SDK to the most recent SDK version to get the latest features and bug fixes. The latest SDK can be downloaded from http://goo.gl/r2TRzC .
I/Ads     ( 1051): onFailedToReceiveAd(Invalid Google Ad request.)
W/Ads     ( 1051): No AdResponse found, <message: /jsLoaded>
W/dalvikvm( 1051): DroidBox: { "FdAccess": { "path": "2f646174612f646174612f636f6d2e736f756e642e61646a7573746d656e742f66696c65732f667265652e626172", "id": "1124177796" } }
W/DroidBox( 1051): DroidBox: { "FileRW": { "operation": "read", "data": "0defbfbdefbfbd25efbfbd50efbfbd52efbfbdd3b4efbfbd23efbfbd3d1e4b07530befbfbd464defbfbd6e100036efbfbdefbfbd387eefbfbdefbfbd0e24efbfbdefbfbd", "id": "1124177796" } }
W/DroidBox( 1051): DroidBox: { "CryptoUsage": { "operation": "keyalgo", "key": "68, 68, 72, 35, 88, 37, 76, 84", "algorithm": "DES" } }
W/DroidBox( 1051): DroidBox: { "CryptoUsage": { "operation": "decryption", "algorithm": "DES", "data": "Feed4Proxy9=http://kiu6.com/pvbp.jsp
W/DroidBox( 1051): " } }
W/dalvikvm( 1051): DroidBox: { "FdAccess": { "path": "2f646174612f646174612f636f6d2e736f756e642e61646a7573746d656e742f66696c65732f667265652e626172", "id": "1055322675" } }
W/DroidBox( 1051): DroidBox: { "FileRW": { "operation": "read", "data": "0defbfbdefbfbd25efbfbd50efbfbd52efbfbdd3b4efbfbd23efbfbd3d1e4b07530befbfbd464defbfbd6e100036efbfbdefbfbd387eefbfbdefbfbd0e24efbfbdefbfbd", "id": "1055322675" } }
W/DroidBox( 1051): DroidBox: { "CryptoUsage": { "operation": "keyalgo", "key": "68, 68, 72, 35, 88, 37, 76, 84", "algorithm": "DES" } }
W/DroidBox( 1051): DroidBox: { "CryptoUsage": { "operation": "decryption", "algorithm": "DES", "data": "Feed4Proxy9=http://kiu6.com/pvbp.jsp
W/DroidBox( 1051): " } }
D/webviewglue( 1051): nativeDestroy view: 0xb8c88580
W/DroidBox( 1051): DroidBox: { "CryptoUsage": { "operation": "keyalgo", "key": "68, 68, 72, 35, 88, 37, 76, 84", "algorithm": "DES" } }
W/DroidBox( 1051): DroidBox: { "CryptoUsage": { "operation": "encryption", "algorithm": "DES", "data": "<?xml version="1.0" encoding="UTF-8"?>
W/DroidBox( 1051): <Request>
W/DroidBox( 1051): <Protocol>2.0</Protocol><Command>2</Command><MobileInfo><Model>generic</Model><Language>en</Language><Country>US</Country><IMEI>357242043237511</IMEI><IMSI>310260000000000</IMSI></MobileInfo><ClientInfo><PlatformID>5</PlatformID><OSVersion>16</OSVersion><Edition>2</Edition><ProductID>1108310</ProductID><SubCoopID>1100900202</SubCoopID><PromotionID>3</PromotionID><PackageName>com.sound.adjustment</PackageName></ClientInfo><InstalledProductInfo><Product name="Android System" package="android" ver="16" /><Product name="com.android.backupconfirm" package="com.android.backupconfirm" ver="16" /><Product name="Bluetooth Share" package="com.android.bluetooth" ver="16" /><Product name="Browser" package="com.android.browser" ver="16" /><Product name="Calculator" package="com.android.calculator2" ver="16" /><Product name="Calendar" package="com.android.calendar" ver="16" /><Product name=
W/DroidBox( 1051): duct name="Certificate Installer" package="com.android.certinstaller" ver="16" /><Product name="Contacts" package="com.android.contacts" ver="16" /><Product name="Package Access Helper" package="com.android.defcontainer" ver="16" /><Product name="Clock" package="com.android.deskclock" ver="203" /><Product name="Dev Tools" package="com.android.development" ver="1" /><Product name="Email" package="com.android.email" ver="410000" /><Product name="Exchange Services" package="com.android.exchange" ver="500000" /><Product name="Black Hole" package="com.android.galaxy4" ver="1" /><Product name="Gallery" package="com.android.gallery3d" ver="40000" /><Product name="com.android.gesture.builder" package="com.android.gesture.builder" ver="16" /><Product name="HTML Viewer" package="com.android.htmlviewer" ver="16" /><Product name="Input Devices" package="com.android.inputdevices" ver="16" /><Product name="Android keyboard (AOSP)" package="com.android.inputmethod.latin" ver="16" /><Product name="" pac
W/DroidBox( 1051): " package="com.android.inputmethod.pinyin" ver="16" /><Product name="Key Chain" package="com.android.keychain" ver="16" /><Product name="Launcher" package="com.android.launcher" ver="16" /><Product name="Magic Smoke Wallpapers" package="com.android.magicsmoke" ver="16" /><Product name="Messaging" package="com.android.mms" ver="16" /><Product name="Music" package="com.android.music" ver="16" /><Product name="MusicFX" package="com.android.musicfx" ver="10400" /><Product name="Music Visualization Wallpapers" package="com.android.musicvis" ver="16" /><Product name="Bubbles" package="com.android.noisefield" ver="1" /><Product name="Package installer" package="com.android.packageinstaller" ver="16" /><Product name="Phase Beam" package="com.android.phasebeam" ver="1" /><Product name="Phone" package="com.android.phone" ver="16" /><Product name="Search Applications Provider" package="com.android.providers.applications" ver="16" /><Product name="Calendar Storage" package="com.android.providers.calendar" ver="16" 
W/DroidBox( 1051):  ver="16" /><Product name="Contacts Storage" package="com.android.providers.contacts" ver="16" /><Product name="Download Manager" package="com.android.providers.downloads" ver="16" /><Product name="Downloads" package="com.android.providers.downloads.ui" ver="16" /><Product name="DRM Protected Content Storage" package="com.android.providers.drm" ver="16" /><Product name="Media Storage" package="com.android.providers.media" ver="509" /><Product name="Settings Storage" package="com.android.providers.settings" ver="16" /><Product name="Phone/Messaging Storage" package="com.android.providers.telephony" ver="16" /><Product name="User Dictionary" package="com.android.providers.userdictionary" ver="16" /><Product name="com.android.provision" package="com.android.provision" ver="16" /><Product name="Search" package="com.android.quicksearchbox" ver="16" /><Product name="Settings" package="com.android.settings" ver="16" /><Product name="com.android.sharedstoragebackup" package="com.android.sharedstoragebackup" ver="16"
W/DroidBox( 1051): " ver="16" /><Product name="com.android.smoketest" package="com.android.smoketest" ver="16" /><Product name="com.android.smoketest.tests" package="com.android.smoketest.tests" ver="16" /><Product name="com.android.smspush" package="com.android.smspush" ver="16" /><Product name="Sound Recorder" package="com.android.soundrecorder" ver="16" /><Product name="Speech Recorder" package="com.android.speechrecorder" ver="16" /><Product name="System UI" package="com.android.systemui" ver="16" /><Product name="Movie Studio" package="com.android.videoeditor" ver="11" /><Product name="Voice Dialer" package="com.android.voicedialer" ver="16" /><Product name="VpnDialogs" package="com.android.vpndialogs" ver="16" /><Product name="Android Live Wallpapers" package="com.android.wallpaper" ver="16" /><Product name="com.android.wallpaper.holospiral" package="com.android.wallpaper.holospiral" ver="16" /><Product name="Live Wallpaper Picker" package="com.android.wallpaper.livepicker" ver="16" /><Product name="Widget Preview" packa
W/DroidBox( 1051): iew" package="com.android.widgetpreview" ver="16" /><Product name="API Demos" package="com.example.android.apis" ver="16" /><Product name="Example Wallpapers" package="com.example.android.livecubes" ver="16" /><Product name="Sample Soft Keyboard" package="com.example.android.softkeyboard" ver="16" /><Product name="Sound Settings" package="com.sound.adjustment" ver="2" /><Product name="Pico TTS" package="com.svox.pico" ver="1" /><Product name="OpenWnn" package="jp.co.omronsoft.openwnn" ver="16" /></InstalledProductInfo></Request>" } }
W/SocketClient(   57): write error (Broken pipe)
I/Choreographer(  418): Skipped 44 frames!  The application may be doing too much work on its main thread.
