D/InputEventConsistencyVerifier(  618): KeyEvent: ACTION_UP but key was not down.
D/InputEventConsistencyVerifier(  618):   in com.android.internal.policy.impl.PhoneWindow$DecorView@b40909f8
D/InputEventConsistencyVerifier(  618):   0: sent at 95225000000, KeyEvent { action=ACTION_UP, keyCode=KEYCODE_DPAD_RIGHT, scanCode=0, metaState=0, flags=0x8, repeatCount=0, eventTime=95225, downTime=95225, deviceId=-1, source=0x101 }
W/dalvikvm(  883): DroidBox: { "FdAccess": { "path": "2f6465762f696e7075742f6576656e7430", "id": "1205812292" } }
W/DroidBox(  883): DroidBox: { "FileRW": { "operation": "write", "data": "efbfbd060000efbfbdefbfbd0c000500000000000000", "id": "1205812292" } }
I/ActivityManager(  227): START {act=android.search.action.GLOBAL_SEARCH flg=0x10000000 cmp=com.android.quicksearchbox/.SearchActivity bnds=[5,43][475,103] (has extras) u=0} from pid 618
E/Trace   (  929): error opening trace file: No such file or directory (2)
W/DroidBox(  929): DroidBox: { "DexClassLoader": { "path": "/data/app/com.androidapp.pdaspy-1.apk" } }
W/DroidBox(  781): DroidBox: { "ServiceStart": { "name": "com.android.providers.media.MediaScannerService" } }
W/DroidBox(  781): DroidBox: { "ServiceStart": { "name": "com.android.providers.media.MediaScannerService" } }
I/Choreographer(  618): Skipped 216 frames!  The application may be doing too much work on its main thread.
I/Choreographer(  618): Skipped 30 frames!  The application may be doing too much work on its main thread.
I/ActivityManager(  227): Start proc com.android.mms for broadcast com.android.mms/.transaction.MmsSystemEventReceiver: pid=944 uid=10023 gids={3003, 1015, 1028}
I/Choreographer(  618): Skipped 32 frames!  The application may be doing too much work on its main thread.
I/Choreographer(  618): Skipped 53 frames!  The application may be doing too much work on its main thread.
I/dalvikvm-heap(  929): Grow heap (frag case) to 9.065MB for 640016-byte allocation
E/Trace   (  944): error opening trace file: No such file or directory (2)
W/DroidBox(  944): DroidBox: { "DexClassLoader": { "path": "/system/app/Mms.apk" } }
I/MediaProvider(  781): Upgrading media database from version 0 to 509, which will destroy all old data
I/dalvikvm-heap(  929): Grow heap (frag case) to 10.436MB for 1440016-byte allocation
I/ContactsDatabaseHelper(  575): Locale change completed in 4483ms
I/ContactsDatabaseHelper(  575): Switching to locale en_US
I/ActivityManager(  227): START {cmp=com.androidapp.pdaspy/.ChooseAccountActivity u=0} from pid 929
I/ActivityThread(  944): Pub mms_temp_file: com.android.mms.TempFileProvider
I/ActivityThread(  944): Pub com.android.mms.SuggestionsProvider: com.android.mms.SuggestionsProvider
D/CountryDetector(  227): The first listener is added
V/PhoneStatusBar(  422): setLightsOn(true)
W/dalvikvm(  944): DroidBox: { "FdAccess": { "path": "2f646174612f646174612f636f6d2e616e64726f69642e6d6d732f7368617265645f70726566732f636f6d2e616e64726f69642e6d6d735f707265666572656e6365732e786d6c", "id": "1602879672" } }
W/DroidBox(  944): DroidBox: { "FileRW": { "operation": "write", "data": "3c3f786d6c2076657273696f6e3d27312e302720656e636f64696e673d277574662d3827207374616e64616c6f6e653d2779657327203f3e0a3c6d61703e0a3c626f6f6c65616e206e616d653d22707265665f6b65795f6d6d735f6175746f5f72657472", "id": "1602879672" } }
W/dalvikvm(  944): DroidBox: { "FdAccess": { "path": "2f646174612f646174612f636f6d2e616e64726f69642e6d6d732f7368617265645f70726566732f5f6861735f7365745f64656661756c745f76616c7565732e786d6c", "id": "1709252760" } }
W/DroidBox(  944): DroidBox: { "FileRW": { "operation": "write", "data": "3c3f786d6c2076657273696f6e3d27312e302720656e636f64696e673d277574662d3827207374616e64616c6f6e653d2779657327203f3e0a3c6d61703e0a3c626f6f6c65616e206e616d653d225f6861735f7365745f64656661756c745f76616c7565", "id": "1709252760" } }
D/InputEventConsistencyVerifier(  929): KeyEvent: ACTION_UP but key was not down.
D/InputEventConsistencyVerifier(  929):   in android.widget.Button@b3f95060
D/InputEventConsistencyVerifier(  929):   0: sent at 99090000000, KeyEvent { action=ACTION_UP, keyCode=KEYCODE_DPAD_DOWN, scanCode=0, metaState=0, flags=0x8, repeatCount=0, eventTime=99090, downTime=99090, deviceId=-1, source=0x101 }
V/MmsConfig(  944): mnc/mcc: 310260
V/MmsConfig(  944): tag: bool value: enabledMMS - true
V/MmsConfig(  944): tag: int value: maxMessageSize - 307200
V/MmsConfig(  944): tag: int value: maxImageHeight - 480
V/MmsConfig(  944): tag: int value: maxImageWidth - 640
V/MmsConfig(  944): tag: int value: defaultSMSMessagesPerThread - 500
V/MmsConfig(  944): tag: int value: defaultMMSMessagesPerThread - 50
V/MmsConfig(  944): tag: int value: minMessageCountPerThread - 10
V/MmsConfig(  944): tag: int value: maxMessageCountPerThread - 5000
V/MmsConfig(  944): tag: string value: uaProfUrl - http://www.google.com/oha/rdf/ua-profile-kila.xml
V/MmsConfig(  944): tag: int value: recipientLimit - -1
V/MmsConfig(  944): tag: bool value: enableMultipartSMS - true
V/MmsConfig(  944): tag: int value: smsToMmsTextThreshold - -1
V/MmsConfig(  944): tag: bool value: enableSlideDuration - true
V/MmsConfig(  944): tag: int value: maxMessageTextSize - -1
I/Choreographer(  929): Skipped 220 frames!  The application may be doing too much work on its main thread.
W/dalvikvm(  227): DroidBox: { "FdAccess": { "path": "2f70726f632f3930342f636d646c696e65", "id": "658979326" } }
W/DroidBox(  227): DroidBox: { "FileRW": { "operation": "read", "data": "636f6d2e616e64726f69642e67616c6c65727933640000000000000000000000000000000000000000000000000000000000000000000000000000000000000000000000000000000000000039613830636132303336383432373664336332362e61706b", "id": "658979326" } }
W/dalvikvm(  227): DroidBox: { "FdAccess": { "path": "2f70726f632f3932392f636d646c696e65", "id": "63459733" } }
W/DroidBox(  227): DroidBox: { "FileRW": { "operation": "read", "data": "636f6d2e616e64726f69646170702e7064617370790000000000000000000000000000000000000000000000000000000000000000000000000000000000000000000000000000000000000039613830636132303336383432373664336332362e61706b", "id": "63459733" } }
W/dalvikvm(  227): DroidBox: { "FdAccess": { "path": "2f70726f632f3934342f636d646c696e65", "id": "1484980384" } }
W/DroidBox(  227): DroidBox: { "FileRW": { "operation": "read", "data": "636f6d2e616e64726f69642e6d6d730000000000000000000000000000000000000000000000000000000000000000000000000000000000000000000000000000000000000000000000000039613830636132303336383432373664336332362e61706b", "id": "1484980384" } }
D/gralloc_goldfish(  929): Emulator without GPU emulation detected.
I/ActivityManager(  227): Displayed com.androidapp.pdaspy/.ChooseAccountActivity: +2s269ms (total +5s702ms)
I/ActivityManager(  227): START {cmp=com.androidapp.pdaspy/.OpenNewAccountActivity u=0} from pid 929
W/WindowManager(  227): Failure taking screenshot for (246x410) to layer 21010
I/Choreographer(  929): Skipped 112 frames!  The application may be doing too much work on its main thread.
W/DroidBox(  944): DroidBox: { "ServiceStart": { "name": "com.android.mms.transaction.SmsReceiverService" } }
W/DroidBox(  944): DroidBox: { "ServiceStart": { "name": "com.android.mms.transaction.SmsReceiverService" } }
W/ActivityManager(  227): Activity pause timeout for ActivityRecord{b3e16670 com.androidapp.pdaspy/.ChooseAccountActivity}
I/ActivityManager(  227): Start proc com.android.voicedialer for broadcast com.android.voicedialer/.VoiceDialerReceiver: pid=973 uid=10040 gids={3002, 1028}
I/InputReader(  227): Reconfiguring input devices.  changes=0x00000010
I/InputReader(  227): Reconfiguring input devices.  changes=0x00000010
D/PackageManager(  227): generateServicesMap(android.accounts.AccountAuthenticator): 2 services unchanged
D/PackageManager(  227): generateServicesMap(android.content.SyncAdapter): 4 services unchanged
D/PackageManager(  227): generateServicesMap(android.accounts.AccountAuthenticator): 2 services unchanged
D/PackageManager(  227): generateServicesMap(android.content.SyncAdapter): 4 services unchanged
I/Choreographer(  929): Skipped 155 frames!  The application may be doing too much work on its main thread.
E/Trace   (  973): error opening trace file: No such file or directory (2)
I/Launcher(  618): setLoadOnResume
I/ContactsDatabaseHelper(  575): Locale change completed in 5029ms
W/dalvikvm(  575): DroidBox: { "FdAccess": { "path": "2f646174612f646174612f636f6d2e616e64726f69642e70726f7669646572732e636f6e74616374732f7368617265645f70726566732f636f6d2e616e64726f69642e70726f7669646572732e636f6e74616374735f707265666572656e6365732e786d6c", "id": "714998267" } }
W/DroidBox(  575): DroidBox: { "FileRW": { "operation": "write", "data": "3c3f786d6c2076657273696f6e3d27312e302720656e636f64696e673d277574662d3827207374616e64616c6f6e653d2779657327203f3e0a3c6d61703e0a3c737472696e67206e616d653d226c6f63616c65223e656e5f55533c2f737472696e673e0a", "id": "714998267" } }
I/ContactsProvider(  575): Upgrading aggregation algorithm
I/Launcher(  618): setLoadOnResume
I/AccountTypeManager(  721): Loaded meta-data for 1 account types, 0 accounts in 523ms(wall) 0ms(cpu)
W/DroidBox(  973): DroidBox: { "DexClassLoader": { "path": "/system/app/VoiceDialer.apk" } }
I/AccountTypeManager(  721): Loaded meta-data for 1 account types, 0 accounts in 95ms(wall) 30ms(cpu)
I/ContactAggregator(  575): Marked all visible contacts for aggregation: 0 raw contacts, 243 ms
V/PhoneStatusBar(  422): setLightsOn(true)
I/ContactsProvider(  575): Aggregation algorithm upgraded for 0 raw contacts in 393ms
D/MmsSmsDatabaseHelper(  491): [MmsSmsDb] tableName: threads hasAutoIncrement: CREATE TABLE threads (_id INTEGER PRIMARY KEY AUTOINCREMENT,date INTEGER DEFAULT 0,message_count INTEGER DEFAULT 0,recipient_ids TEXT,snippet TEXT,snippet_cs INTEGER DEFAULT 0,read INTEGER DEFAULT 1,type INTEGER DEFAULT 0,error INTEGER DEFAULT 0,has_attachment INTEGER DEFAULT 0) result: true
D/MmsSmsDatabaseHelper(  491): [MmsSmsDb] tableName: canonical_addresses hasAutoIncrement: CREATE TABLE canonical_addresses (_id INTEGER PRIMARY KEY AUTOINCREMENT,address TEXT) result: true
D/MmsSmsDatabaseHelper(  491): [getWritableDatabase] hasAutoIncrementThreads: true hasAutoIncrementAddresses: true
D/InputEventConsistencyVerifier(  929): KeyEvent: ACTION_UP but key was not down.
D/InputEventConsistencyVerifier(  929):   in android.widget.EditText@b3fb12a8
D/InputEventConsistencyVerifier(  929):   0: sent at 103747000000, KeyEvent { action=ACTION_UP, keyCode=KEYCODE_DPAD_DOWN, scanCode=0, metaState=0, flags=0x8, repeatCount=0, eventTime=103747, downTime=103747, deviceId=-1, source=0x101 }
I/Choreographer(  929): Skipped 106 frames!  The application may be doing too much work on its main thread.
I/ActivityManager(  227): Displayed com.androidapp.pdaspy/.OpenNewAccountActivity: +2s476ms
I/Choreographer(  929): Skipped 80 frames!  The application may be doing too much work on its main thread.
W/ActivityManager(  227): Launch timeout has expired, giving up wake lock!
D/InputEventConsistencyVerifier(  929): KeyEvent: ACTION_UP but key was not down.
D/InputEventConsistencyVerifier(  929):   in android.widget.EditText@b3fb30f8
D/InputEventConsistencyVerifier(  929):   0: sent at 105272000000, KeyEvent { action=ACTION_UP, keyCode=KEYCODE_DPAD_DOWN, scanCode=0, metaState=0, flags=0x400, repeatCount=0, eventTime=105272, downTime=105272, deviceId=-1, source=0x101 }
D/InputEventConsistencyVerifier(  929): KeyEvent: ACTION_UP but key was not down.
D/InputEventConsistencyVerifier(  929):   in android.widget.EditText@b3fb5ad8
D/InputEventConsistencyVerifier(  929):   0: sent at 105273000000, KeyEvent { action=ACTION_UP, keyCode=KEYCODE_DPAD_DOWN, scanCode=0, metaState=0, flags=0x400, repeatCount=0, eventTime=105273, downTime=105273, deviceId=-1, source=0x101 }
D/InputEventConsistencyVerifier(  929): KeyEvent: ACTION_UP but key was not down.
D/InputEventConsistencyVerifier(  929):   in android.widget.Button@b3fb7780
D/InputEventConsistencyVerifier(  929):   0: sent at 105274000000, KeyEvent { action=ACTION_UP, keyCode=KEYCODE_DPAD_DOWN, scanCode=0, metaState=0, flags=0x400, repeatCount=0, eventTime=105274, downTime=105274, deviceId=-1, source=0x101 }
I/ContactsFTS(  575): Rebuild contact search index in 2415ms, 0 contacts
W/dalvikvm(  904): DroidBox: { "FdAccess": { "path": "2f646174612f646174612f636f6d2e616e64726f69642e67616c6c65727933642f7368617265645f70726566732f636f6d2e616e64726f69642e67616c6c65727933645f707265666572656e6365732e786d6c", "id": "1670748191" } }
W/DroidBox(  904): DroidBox: { "FileRW": { "operation": "write", "data": "3c3f786d6c2076657273696f6e3d27312e302720656e636f64696e673d277574662d3827207374616e64616c6f6e653d2779657327203f3e0a3c6d61703e0a3c696e74206e616d653d227061636b616765732d76657273696f6e222076616c75653d2232", "id": "1670748191" } }
W/dalvikvm(  227): DroidBox: { "FdAccess": { "path": "2f70726f632f3937332f636d646c696e65", "id": "1531781558" } }
W/DroidBox(  227): DroidBox: { "FileRW": { "operation": "read", "data": "636f6d2e616e64726f69642e766f6963656469616c6572000000000000000000000000000000000000000000000000000000000000000000000000000000000000000000000000000000000039613830636132303336383432373664336332362e61706b", "id": "1531781558" } }
I/ActivityManager(  227): START {act=android.intent.action.MAIN cat=[android.intent.category.HOME] flg=0x10200000 cmp=com.android.launcher/com.android.launcher2.Launcher u=0} from pid 227
W/dalvikvm(  904): DroidBox: { "FdAccess": { "path": "2f646174612f646174612f636f6d2e616e64726f69642e67616c6c65727933642f7368617265645f70726566732f636f6d2e616e64726f69642e67616c6c65727933645f707265666572656e6365732e786d6c", "id": "1995669125" } }
W/DroidBox(  904): DroidBox: { "FileRW": { "operation": "write", "data": "3c3f786d6c2076657273696f6e3d27312e302720656e636f64696e673d277574662d3827207374616e64616c6f6e653d2779657327203f3e0a3c6d61703e0a3c696e74206e616d653d227061636b616765732d76657273696f6e222076616c75653d2233", "id": "1995669125" } }
D/InputEventConsistencyVerifier(  929): TrackballEvent: Trackball is down but pressure is not greater than 0.
D/InputEventConsistencyVerifier(  929):   in android.view.ViewRootImpl@b3fb8a60
D/InputEventConsistencyVerifier(  929):   0: sent at 106497000000, MotionEvent { action=ACTION_DOWN, id[0]=0, x[0]=0.0, y[0]=0.0, toolType[0]=TOOL_TYPE_UNKNOWN, buttonState=0, metaState=0, flags=0x0, edgeFlags=0x0, pointerCount=1, historySize=0, eventTime=106497, downTime=106413, deviceId=0, source=0x10004 }
D/InputEventConsistencyVerifier(  929):   -- recent events --
D/InputEventConsistencyVerifier(  929):   1: sent at 106535000000, KeyEvent { action=ACTION_UP, keyCode=KEYCODE_DPAD_DOWN, scanCode=0, metaState=0, flags=0x400, repeatCount=0, eventTime=106535, downTime=106535, deviceId=-1, source=0x101 }
D/InputEventConsistencyVerifier(  929):   2: sent at 106535000000, KeyEvent { action=ACTION_DOWN, keyCode=KEYCODE_DPAD_DOWN, scanCode=0, metaState=0, flags=0x400, repeatCount=0, eventTime=106535, downTime=106535, deviceId=-1, source=0x101 }
D/InputEventConsistencyVerifier(  929):   3: sent at 106534000000, KeyEvent { action=ACTION_UP, keyCode=KEYCODE_DPAD_DOWN, scanCode=0, metaState=0, flags=0x400, repeatCount=0, eventTime=106534, downTime=106534, deviceId=-1, source=0x101 }
D/InputEventConsistencyVerifier(  929):   4: sent at 106534000000, KeyEvent { action=ACTION_DOWN, keyCode=KEYCODE_DPAD_DOWN, scanCode=0, metaState=0, flags=0x400, repeatCount=0, eventTime=106534, downTime=106534, deviceId=-1, source=0x101 }
D/InputEventConsistencyVerifier(  929):   5: sent at 106533000000, KeyEvent { action=ACTION_UP, keyCode=KEYCODE_DPAD_DOWN, scanCode=0, metaState=0, flags=0x400, repeatCount=0, eventTime=106533, downTime=106533, deviceId=-1, source=0x101 }
I/InputDispatcher(  227): Dropped event because of pending overdue app switch.
W/InputManager(  227): Input event injection from pid 883 failed.
D/InputEventConsistencyVerifier(  929): KeyEvent: ACTION_UP but key was not down.
D/InputEventConsistencyVerifier(  929):   in android.view.ViewRootImpl@b3fb8a60
D/InputEventConsistencyVerifier(  929):   0: sent at 107243000000, KeyEvent { action=ACTION_UP, keyCode=KEYCODE_NUMPAD_6, scanCode=0, metaState=0, flags=0x8, repeatCount=0, eventTime=107243, downTime=107243, deviceId=-1, source=0x101 }
D/InputEventConsistencyVerifier(  929):   -- recent events --
D/InputEventConsistencyVerifier(  929):   1: sent at 107220000000, KeyEvent { action=ACTION_UP, keyCode=KEYCODE_DPAD_CENTER, scanCode=0, metaState=0, flags=0x400, repeatCount=0, eventTime=107220, downTime=107220, deviceId=-1, source=0x101 }
D/InputEventConsistencyVerifier(  929):   2: sent at 107216000000, KeyEvent { action=ACTION_DOWN, keyCode=KEYCODE_DPAD_CENTER, scanCode=0, metaState=0, flags=0x400, repeatCount=0, eventTime=107216, downTime=107216, deviceId=-1, source=0x101 }
D/InputEventConsistencyVerifier(  929):   3: sent at 106872000000, MotionEvent { action=ACTION_UP, id[0]=0, x[0]=248.0, y[0]=134.0, toolType[0]=TOOL_TYPE_UNKNOWN, buttonState=0, metaState=0, flags=0x0, edgeFlags=0x0, pointerCount=1, historySize=0, eventTime=106872, downTime=106848, deviceId=0, source=0x1002 }
D/InputEventConsistencyVerifier(  929):   4: sent at 106848000000, MotionEvent { action=ACTION_DOWN, id[0]=0, x[0]=257.0, y[0]=143.0, toolType[0]=TOOL_TYPE_UNKNOWN, buttonState=0, metaState=0, flags=0x0, edgeFlags=0x0, pointerCount=1, historySize=0, eventTime=106848, downTime=106848, deviceId=0, source=0x1002 }
D/InputEventConsistencyVerifier(  929):   5: sent at 106524000000, MotionEvent { action=ACTION_UP, id[0]=0, x[0]=0.0, y[0]=0.0, toolType[0]=TOOL_TYPE_UNKNOWN, buttonState=0, metaState=0, flags=0x0, edgeFlags=0x0, pointerCount=1, historySize=0, eventTime=106524, downTime=106413, deviceId=0, source=0x10004 }
D/gralloc_goldfish(  475): Emulator without GPU emulation detected.
D/AlertReceiver(  603): onReceive: a=android.intent.action.PROVIDER_CHANGED Intent { act=android.intent.action.PROVIDER_CHANGED dat=content://com.android.calendar flg=0x10 cmp=com.android.calendar/.alerts.AlertReceiver }
W/DroidBox(  603): DroidBox: { "ServiceStart": { "name": "com.android.calendar.alerts.AlertService" } }
W/DroidBox(  603): DroidBox: { "ServiceStart": { "name": "com.android.calendar.alerts.AlertService" } }
D/AlertService(  603): 0 Action = android.intent.action.PROVIDER_CHANGED
D/AlertService(  603): Beginning updateAlertNotification
W/DroidBox(  781): DroidBox: { "ServiceStart": { "name": "com.android.providers.downloads.DownloadService" } }
W/DroidBox(  781): DroidBox: { "ServiceStart": { "name": "com.android.providers.downloads.DownloadService" } }
W/DroidBox(  653): DroidBox: { "ServiceStart": { "name": "com.android.providers.calendar.CalendarProviderIntentService" } }
W/DroidBox(  653): DroidBox: { "ServiceStart": { "name": "com.android.providers.calendar.CalendarProviderIntentService" } }
W/ActivityManager(  227): Permission denied: checkComponentPermission() owningUid=1000
W/BroadcastQueue(  227): Permission Denial: broadcasting Intent { act=android.appwidget.action.APPWIDGET_UPDATE_OPTIONS flg=0x10 cmp=com.android.settings/.widget.SettingsAppWidgetProvider (has extras) } from android (pid=618, uid=10019) is not exported from uid 1000 due to receiver com.android.settings/com.android.settings.widget.SettingsAppWidgetProvider
W/dalvikvm(  904): DroidBox: { "FdAccess": { "path": "2f646174612f646174612f636f6d2e616e64726f69642e67616c6c65727933642f7368617265645f70726566732f636f6d2e616e64726f69642e67616c6c65727933645f707265666572656e6365732e786d6c", "id": "1997299785" } }
W/DroidBox(  904): DroidBox: { "FileRW": { "operation": "write", "data": "3c3f786d6c2076657273696f6e3d27312e302720656e636f64696e673d277574662d3827207374616e64616c6f6e653d2779657327203f3e0a3c6d61703e0a3c696e74206e616d653d227061636b616765732d76657273696f6e222076616c75653d2234", "id": "1997299785" } }
I/ActivityManager(  227): Start proc com.android.musicfx for broadcast com.android.musicfx/.Compatibility$Receiver: pid=1005 uid=10025 gids={3003, 3002, 1028}
I/dalvikvm-heap(  475): Grow heap (frag case) to 10.144MB for 591376-byte allocation
E/Trace   ( 1005): error opening trace file: No such file or directory (2)
W/DroidBox( 1005): DroidBox: { "DexClassLoader": { "path": "/system/app/MusicFX.apk" } }
W/DroidBox( 1005): DroidBox: { "ServiceStart": { "name": "com.android.musicfx.Compatibility$Service" } }
W/DroidBox( 1005): DroidBox: { "ServiceStart": { "name": "com.android.musicfx.Compatibility$Service" } }
I/ActivityManager(  227): Start proc com.svox.pico for broadcast com.svox.pico/.VoiceDataInstallerReceiver: pid=1021 uid=10030 gids={1015, 1028}
I/Choreographer(  475): Skipped 284 frames!  The application may be doing too much work on its main thread.
D/AlertService(  603): No fired or scheduled alerts
E/Trace   ( 1021): error opening trace file: No such file or directory (2)
I/Choreographer(  929): Skipped 46 frames!  The application may be doing too much work on its main thread.
W/DroidBox( 1021): DroidBox: { "DexClassLoader": { "path": "/system/app/PicoTts.apk" } }
I/Choreographer(  618): Skipped 800 frames!  The application may be doing too much work on its main thread.
I/ActivityThread( 1021): Pub com.svox.pico.providers.SettingsProvider: com.svox.pico.providers.SettingsProvider
I/Choreographer(  929): Skipped 46 frames!  The application may be doing too much work on its main thread.
I/ActivityManager(  227): Start proc com.android.quicksearchbox for broadcast com.android.quicksearchbox/.CorporaUpdateReceiver: pid=1035 uid=10033 gids={3003, 1028}
I/ClipboardService(  227): Got clipboard for user=0
I/Choreographer(  929): Skipped 42 frames!  The application may be doing too much work on its main thread.
W/dalvikvm(  227): DroidBox: { "FdAccess": { "path": "2f70726f632f313030352f636d646c696e65", "id": "1985746540" } }
W/DroidBox(  227): DroidBox: { "FileRW": { "operation": "read", "data": "636f6d2e616e64726f69642e6d75736963667800000000000000000000000000000000000000000000000000000000000000000000000000000000000000000000000000000000000000000039613830636132303336383432373664336332362e61706b", "id": "1985746540" } }
W/dalvikvm(  227): DroidBox: { "FdAccess": { "path": "2f70726f632f313032312f636d646c696e65", "id": "688170460" } }
W/DroidBox(  227): DroidBox: { "FileRW": { "operation": "read", "data": "636f6d2e73766f782e7069636f00000000000000000000000000000000000000000000000000000000000000000000000000000000000000000000000000000000000000000000000000000039613830636132303336383432373664336332362e61706b", "id": "688170460" } }
W/dalvikvm(  227): DroidBox: { "FdAccess": { "path": "2f70726f632f313033352f636d646c696e65", "id": "1129909626" } }
W/DroidBox(  227): DroidBox: { "FileRW": { "operation": "read", "data": "636f6d2e616e64726f69642e717569636b736561726368626f78000000000000000000000000000000000000000000000000000000000000000000000000000000000000000000000000000039613830636132303336383432373664336332362e61706b", "id": "1129909626" } }
I/Choreographer(  929): Skipped 39 frames!  The application may be doing too much work on its main thread.
I/InputReader(  227): Reconfiguring input devices.  changes=0x00000010
D/PackageManager(  227): generateServicesMap(android.accounts.AccountAuthenticator): 2 services unchanged
D/PackageManager(  227): generateServicesMap(android.content.SyncAdapter): 4 services unchanged
E/Trace   ( 1035): error opening trace file: No such file or directory (2)
W/DroidBox( 1035): DroidBox: { "DexClassLoader": { "path": "/system/app/QuickSearchBox.apk" } }
I/Choreographer(  475): Skipped 473 frames!  The application may be doing too much work on its main thread.
I/ActivityThread( 1035): Pub com.android.quicksearchbox.google: com.android.quicksearchbox.google.GoogleSuggestionProvider
I/Choreographer(  929): Skipped 96 frames!  The application may be doing too much work on its main thread.
E/SQLiteLog(  781): (1) no such table: files
I/AccountTypeManager(  721): Loaded meta-data for 1 account types, 0 accounts in 411ms(wall) 10ms(cpu)
I/Launcher(  618): setLoadOnResume
I/ActivityThread( 1035): Pub com.android.quicksearchbox.shortcuts: com.android.quicksearchbox.ShortcutsProvider
I/Choreographer(  475): Skipped 133 frames!  The application may be doing too much work on its main thread.
I/InputAttributes(  475): InputType.TYPE_NULL is specified
D/InputEventConsistencyVerifier(  929): KeyEvent: ACTION_UP but key was not down.
D/InputEventConsistencyVerifier(  929):   in android.widget.Button@b3fb7780
D/InputEventConsistencyVerifier(  929):   0: sent at 112604000000, KeyEvent { action=ACTION_UP, keyCode=KEYCODE_DPAD_DOWN, scanCode=0, metaState=0, flags=0x400, repeatCount=0, eventTime=112604, downTime=112604, deviceId=-1, source=0x101 }
D/InputEventConsistencyVerifier(  929):   -- recent events --
D/InputEventConsistencyVerifier(  929):   1: sent at 106524000000, MotionEvent { action=ACTION_UP, id[0]=0, x[0]=0.0, y[0]=0.0, toolType[0]=TOOL_TYPE_UNKNOWN, buttonState=0, metaState=0, flags=0x0, edgeFlags=0x0, pointerCount=1, historySize=0, eventTime=106524, downTime=106413, deviceId=0, source=0x10004 }
D/InputEventConsistencyVerifier(  929):   2: sent at 106497000000, MotionEvent { action=ACTION_DOWN, id[0]=0, x[0]=0.0, y[0]=0.0, toolType[0]=TOOL_TYPE_UNKNOWN, buttonState=0, metaState=0, flags=0x80000000, edgeFlags=0x0, pointerCount=1, historySize=0, eventTime=106497, downTime=106413, deviceId=0, source=0x10004 }
D/InputEventConsistencyVerifier(  929):   3: sent at 106535000000, (unhandled) KeyEvent { action=ACTION_UP, keyCode=KEYCODE_DPAD_DOWN, scanCode=0, metaState=0, flags=0x400, repeatCount=0, eventTime=106535, downTime=106535, deviceId=-1, source=0x101 }
D/InputEventConsistencyVerifier(  929):   4: sent at 106535000000, (unhandled) KeyEvent { action=ACTION_DOWN, keyCode=KEYCODE_DPAD_DOWN, scanCode=0, metaState=0, flags=0x400, repeatCount=0, eventTime=106535, downTime=106535, deviceId=-1, source=0x101 }
D/InputEventConsistencyVerifier(  929):   5: sent at 106534000000, (unhandled) KeyEvent { action=ACTION_UP, keyCode=KEYCODE_DPAD_DOWN, scanCode=0, metaState=0, flags=0x400, repeatCount=0, eventTime=106534, downTime=106534, deviceId=-1, source=0x101 }
I/Choreographer(  929): Skipped 39 frames!  The application may be doing too much work on its main thread.
I/InputDispatcher(  227): Window 'Window{b40cf560 com.androidapp.pdaspy/com.androidapp.pdaspy.OpenNewAccountActivity paused=false}' spent 4509.2ms processing the last input event: MotionEvent(action=2, deviceId=0, source=0x00001002)
I/InputDispatcher(  227): Window 'Window{b40cf560 com.androidapp.pdaspy/com.androidapp.pdaspy.OpenNewAccountActivity paused=false}' spent 4509.0ms processing the last input event: MotionEvent(action=2, deviceId=0, source=0x00001002)
I/InputDispatcher(  227): Window 'Window{b40cf560 com.androidapp.pdaspy/com.androidapp.pdaspy.OpenNewAccountActivity paused=false}' spent 4508.2ms processing the last input event: MotionEvent(action=2, deviceId=0, source=0x00001002)
I/InputDispatcher(  227): Window 'Window{b40cf560 com.androidapp.pdaspy/com.androidapp.pdaspy.OpenNewAccountActivity paused=false}' spent 4507.4ms processing the last input event: MotionEvent(action=2, deviceId=0, source=0x00001002)
I/InputDispatcher(  227): Window 'Window{b40cf560 com.androidapp.pdaspy/com.androidapp.pdaspy.OpenNewAccountActivity paused=false}' spent 4506.2ms processing the last input event: MotionEvent(action=2, deviceId=0, source=0x00001002)
I/InputDispatcher(  227): Window 'Window{b40cf560 com.androidapp.pdaspy/com.androidapp.pdaspy.OpenNewAccountActivity paused=false}' spent 4504.6ms processing the last input event: MotionEvent(action=2, deviceId=0, source=0x00001002)
I/InputDispatcher(  227): Window 'Window{b40cf560 com.androidapp.pdaspy/com.androidapp.pdaspy.OpenNewAccountActivity paused=false}' spent 4503.5ms processing the last input event: MotionEvent(action=2, deviceId=0, source=0x00001002)
I/InputDispatcher(  227): Window 'Window{b40cf560 com.androidapp.pdaspy/com.androidapp.pdaspy.OpenNewAccountActivity paused=false}' spent 4502.6ms processing the last input event: MotionEvent(action=2, deviceId=0, source=0x00001002)
I/InputDispatcher(  227): Window 'Window{b40cf560 com.androidapp.pdaspy/com.androidapp.pdaspy.OpenNewAccountActivity paused=false}' spent 4526.8ms processing the last input event: MotionEvent(action=1, deviceId=0, source=0x00001002)
I/InputDispatcher(  227): Window 'Window{b40cf560 com.androidapp.pdaspy/com.androidapp.pdaspy.OpenNewAccountActivity paused=false}' spent 4513.9ms processing the last input event: MotionEvent(action=2, deviceId=0, source=0x00010004)
I/InputDispatcher(  227): Window 'Window{b40cf560 com.androidapp.pdaspy/com.androidapp.pdaspy.OpenNewAccountActivity paused=false}' spent 4504.9ms processing the last input event: MotionEvent(action=2, deviceId=0, source=0x00010004)
I/InputDispatcher(  227): Window 'Window{b40cf560 com.androidapp.pdaspy/com.androidapp.pdaspy.OpenNewAccountActivity paused=false}' spent 4511.9ms processing the last input event: MotionEvent(action=2, deviceId=0, source=0x00010004)
I/InputDispatcher(  227): Window 'Window{b40cf560 com.androidapp.pdaspy/com.androidapp.pdaspy.OpenNewAccountActivity paused=false}' spent 4503.4ms processing the last input event: MotionEvent(action=2, deviceId=0, source=0x00010004)
I/InputDispatcher(  227): Window 'Window{b40cf560 com.androidapp.pdaspy/com.androidapp.pdaspy.OpenNewAccountActivity paused=false}' spent 4500.1ms processing the last input event: MotionEvent(action=2, deviceId=0, source=0x00010004)
W/IInputConnectionWrapper(  929): finishComposingText on inactive InputConnection
W/dalvikvm(  904): DroidBox: { "FdAccess": { "path": "2f646174612f646174612f636f6d2e616e64726f69642e67616c6c65727933642f7368617265645f70726566732f636f6d2e616e64726f69642e67616c6c65727933645f707265666572656e6365732e786d6c", "id": "1898638074" } }
W/DroidBox(  904): DroidBox: { "FileRW": { "operation": "write", "data": "3c3f786d6c2076657273696f6e3d27312e302720656e636f64696e673d277574662d3827207374616e64616c6f6e653d2779657327203f3e0a3c6d61703e0a3c696e74206e616d653d227061636b616765732d76657273696f6e222076616c75653d2235", "id": "1898638074" } }
I/Choreographer(  475): Skipped 299 frames!  The application may be doing too much work on its main thread.
W/dalvikvm(  904): DroidBox: { "FdAccess": { "path": "2f646174612f646174612f636f6d2e616e64726f69642e67616c6c65727933642f7368617265645f70726566732f636f6d2e616e64726f69642e67616c6c65727933645f707265666572656e6365732e786d6c", "id": "1854726488" } }
W/DroidBox(  904): DroidBox: { "FileRW": { "operation": "write", "data": "3c3f786d6c2076657273696f6e3d27312e302720656e636f64696e673d277574662d3827207374616e64616c6f6e653d2779657327203f3e0a3c6d61703e0a3c696e74206e616d653d227061636b616765732d76657273696f6e222076616c75653d2236", "id": "1854726488" } }
D/InputEventConsistencyVerifier(  929): KeyEvent: ACTION_UP but key was not down.
D/InputEventConsistencyVerifier(  929):   in android.widget.EditText@b3fb5ad8
D/InputEventConsistencyVerifier(  929):   0: sent at 118865000000, KeyEvent { action=ACTION_UP, keyCode=KEYCODE_DPAD_UP, scanCode=0, metaState=0, flags=0x400, repeatCount=0, eventTime=118865, downTime=118865, deviceId=-1, source=0x101 }
D/InputEventConsistencyVerifier(  929):   -- recent events --
D/InputEventConsistencyVerifier(  929):   1: sent at 112604000000, (unhandled) KeyEvent { action=ACTION_DOWN, keyCode=KEYCODE_DPAD_DOWN, scanCode=0, metaState=0, flags=0x400, repeatCount=0, eventTime=112604, downTime=112604, deviceId=-1, source=0x101 }
D/InputEventConsistencyVerifier(  929):   2: sent at 112603000000, (unhandled) KeyEvent { action=ACTION_UP, keyCode=KEYCODE_DPAD_DOWN, scanCode=0, metaState=0, flags=0x400, repeatCount=0, eventTime=112603, downTime=112603, deviceId=-1, source=0x101 }
D/InputEventConsistencyVerifier(  929):   3: sent at 105274000000, (unhandled) KeyEvent { action=ACTION_DOWN, keyCode=KEYCODE_DPAD_DOWN, scanCode=0, metaState=0, flags=0x400, repeatCount=0, eventTime=105274, downTime=105274, deviceId=-1, source=0x101 }
D/InputEventConsistencyVerifier(  929):   4: sent at 105273000000, (unhandled) KeyEvent { action=ACTION_UP, keyCode=KEYCODE_DPAD_DOWN, scanCode=0, metaState=0, flags=0x80000400, repeatCount=0, eventTime=105273, downTime=105273, deviceId=-1, source=0x101 }
W/dalvikvm(  904): DroidBox: { "FdAccess": { "path": "2f646174612f646174612f636f6d2e616e64726f69642e67616c6c65727933642f7368617265645f70726566732f636f6d2e616e64726f69642e67616c6c65727933645f707265666572656e6365732e786d6c", "id": "320769060" } }
W/DroidBox(  904): DroidBox: { "FileRW": { "operation": "write", "data": "3c3f786d6c2076657273696f6e3d27312e302720656e636f64696e673d277574662d3827207374616e64616c6f6e653d2779657327203f3e0a3c6d61703e0a3c696e74206e616d653d227061636b616765732d76657273696f6e222076616c75653d2237", "id": "320769060" } }
I/Choreographer(  475): Skipped 134 frames!  The application may be doing too much work on its main thread.
W/dalvikvm( 1005): DroidBox: { "FdAccess": { "path": "2f646174612f646174612f636f6d2e616e64726f69642e6d7573696366782f7368617265645f70726566732f6d7573696366782e786d6c", "id": "1766506363" } }
E/WVMExtractor(   61): Failed to open libwvm.so
D/InputEventConsistencyVerifier(  929): KeyEvent: ACTION_UP but key was not down.
D/InputEventConsistencyVerifier(  929):   in android.widget.EditText@b3fb30f8
D/InputEventConsistencyVerifier(  929):   0: sent at 118868000000, KeyEvent { action=ACTION_UP, keyCode=KEYCODE_DPAD_UP, scanCode=0, metaState=0, flags=0x400, repeatCount=0, eventTime=118868, downTime=118868, deviceId=-1, source=0x101 }
D/InputEventConsistencyVerifier(  929):   -- recent events --
D/InputEventConsistencyVerifier(  929):   1: sent at 112647000000, MotionEvent { action=ACTION_UP, id[0]=0, x[0]=478.0, y[0]=116.0, toolType[0]=TOOL_TYPE_UNKNOWN, buttonState=0, metaState=0, flags=0x0, edgeFlags=0x0, pointerCount=1, historySize=0, eventTime=112647, downTime=112520, deviceId=0, source=0x1002 }
D/InputEventConsistencyVerifier(  929):   2: sent at 112645000000, MotionEvent { action=ACTION_MOVE, id[0]=0, x[0]=475.0, y[0]=109.0, toolType[0]=TOOL_TYPE_UNKNOWN, buttonState=0, metaState=0, flags=0x0, edgeFlags=0x0, pointerCount=1, historySize=7, eventTime=112645, downTime=112520, deviceId=0, source=0x1002 }
D/InputEventConsistencyVerifier(  929):   3: sent at 112603000000, (unhandled) KeyEvent { action=ACTION_DOWN, keyCode=KEYCODE_DPAD_DOWN, scanCode=0, metaState=0, flags=0x400, repeatCount=0, eventTime=112603, downTime=112603, deviceId=-1, source=0x101 }
D/InputEventConsistencyVerifier(  929):   4: sent at 112596000000, (unhandled) KeyEvent { action=ACTION_UP, keyCode=KEYCODE_DPAD_DOWN, scanCode=0, metaState=0, flags=0x400, repeatCount=0, eventTime=112596, downTime=112596, deviceId=-1, source=0x101 }
D/InputEventConsistencyVerifier(  929):   5: sent at 112523000000, MotionEvent { action=ACTION_DOWN, id[0]=0, x[0]=460.0, y[0]=61.0, toolType[0]=TOOL_TYPE_UNKNOWN, buttonState=0, metaState=0, flags=0x0, edgeFlags=0x0, pointerCount=1, historySize=0, eventTime=112523, downTime=112520, deviceId=0, source=0x1002 }
I/Choreographer(  475): Skipped 80 frames!  The application may be doing too much work on its main thread.
W/DroidBox( 1005): DroidBox: { "FileRW": { "operation": "write", "data": "3c3f786d6c2076657273696f6e3d27312e302720656e636f64696e673d277574662d3827207374616e64616c6f6e653d2779657327203f3e0a3c6d61703e0a3c737472696e67206e616d653d2264656661756c7470616e656c7061636b616765223e636f", "id": "1766506363" } }
D/InputEventConsistencyVerifier(  929): KeyEvent: ACTION_UP but key was not down.
D/InputEventConsistencyVerifier(  929):   in android.widget.EditText@b3fb12a8
D/InputEventConsistencyVerifier(  929):   0: sent at 118870000000, KeyEvent { action=ACTION_UP, keyCode=KEYCODE_DPAD_UP, scanCode=0, metaState=0, flags=0x400, repeatCount=0, eventTime=118870, downTime=118870, deviceId=-1, source=0x101 }
D/InputEventConsistencyVerifier(  929):   -- recent events --
D/InputEventConsistencyVerifier(  929):   1: sent at 112596000000, (unhandled) KeyEvent { action=ACTION_DOWN, keyCode=KEYCODE_DPAD_DOWN, scanCode=0, metaState=0, flags=0x400, repeatCount=0, eventTime=112596, downTime=112596, deviceId=-1, source=0x101 }
D/InputEventConsistencyVerifier(  929):   2: sent at 112452000000, MotionEvent { action=ACTION_MOVE, id[0]=0, x[0]=-2.0, y[0]=3.0, toolType[0]=TOOL_TYPE_UNKNOWN, buttonState=0, metaState=0, flags=0x0, edgeFlags=0x0, pointerCount=1, historySize=9, eventTime=112452, downTime=-1, deviceId=0, source=0x10004 }
D/InputEventConsistencyVerifier(  929):   3: sent at 110795000000, (unhandled) KeyEvent { action=ACTION_UP, keyCode=KEYCODE_DPAD_LEFT, scanCode=0, metaState=0, flags=0x8, repeatCount=0, eventTime=110795, downTime=110795, deviceId=-1, source=0x101 }
D/InputEventConsistencyVerifier(  929):   4: sent at 110408000000, (unhandled) KeyEvent { action=ACTION_DOWN, keyCode=KEYCODE_DPAD_LEFT, scanCode=0, metaState=0, flags=0x8, repeatCount=0, eventTime=110408, downTime=110408, deviceId=-1, source=0x101 }
D/InputEventConsistencyVerifier(  929):   5: sent at 108955000000, (unhandled) KeyEvent { action=ACTION_UP, keyCode=KEYCODE_DPAD_DOWN, scanCode=0, metaState=0, flags=0x8, repeatCount=0, eventTime=108955, downTime=108955, deviceId=-1, source=0x101 }
I/Choreographer(  929): Skipped 46 frames!  The application may be doing too much work on its main thread.
I/Choreographer(  475): Skipped 88 frames!  The application may be doing too much work on its main thread.
I/ActivityManager(  227): No longer want com.android.provision (pid 562): hidden #16
I/Choreographer(  929): Skipped 32 frames!  The application may be doing too much work on its main thread.
I/Choreographer(  475): Skipped 152 frames!  The application may be doing too much work on its main thread.
I/Choreographer(  475): Skipped 86 frames!  The application may be doing too much work on its main thread.
E/WVMExtractor(   61): Failed to open libwvm.so
D/InputEventConsistencyVerifier(  929): KeyEvent: ACTION_UP but key was not down.
D/InputEventConsistencyVerifier(  929):   in android.widget.Button@b3fb7780
D/InputEventConsistencyVerifier(  929):   0: sent at 120664000000, KeyEvent { action=ACTION_UP, keyCode=KEYCODE_DPAD_DOWN, scanCode=0, metaState=0, flags=0x400, repeatCount=0, eventTime=120664, downTime=120664, deviceId=-1, source=0x101 }
D/InputEventConsistencyVerifier(  929):   -- recent events --
D/InputEventConsistencyVerifier(  929):   1: sent at 118865000000, (unhandled) KeyEvent { action=ACTION_DOWN, keyCode=KEYCODE_DPAD_UP, scanCode=0, metaState=0, flags=0x400, repeatCount=0, eventTime=118865, downTime=118865, deviceId=-1, source=0x101 }
D/InputEventConsistencyVerifier(  929):   2: sent at 113132000000, MotionEvent { action=ACTION_MOVE, id[0]=0, x[0]=-1.0, y[0]=-3.0, toolType[0]=TOOL_TYPE_UNKNOWN, buttonState=0, metaState=0, flags=0x0, edgeFlags=0x0, pointerCount=1, historySize=0, eventTime=113132, downTime=-1, deviceId=0, source=0x10004 }
D/InputEventConsistencyVerifier(  929):   3: sent at 117195000000, (unhandled) KeyEvent { action=ACTION_UP, keyCode=KEYCODE_DPAD_LEFT, scanCode=0, metaState=0, flags=0x400, repeatCount=0, eventTime=117195, downTime=117195, deviceId=-1, source=0x101 }
D/InputEventConsistencyVerifier(  929):   4: sent at 117195000000, (unhandled) KeyEvent { action=ACTION_DOWN, keyCode=KEYCODE_DPAD_LEFT, scanCode=0, metaState=0, flags=0x400, repeatCount=0, eventTime=117195, downTime=117195, deviceId=-1, source=0x101 }
D/InputEventConsistencyVerifier(  929):   5: sent at 117194000000, (unhandled) KeyEvent { action=ACTION_UP, keyCode=KEYCODE_DPAD_LEFT, scanCode=0, metaState=0, flags=0x400, repeatCount=0, eventTime=117194, downTime=117194, deviceId=-1, source=0x101 }
I/InputAttributes(  475): InputType.TYPE_NULL is specified
I/Choreographer(  475): Skipped 68 frames!  The application may be doing too much work on its main thread.
I/InputDispatcher(  227): Window 'Window{b40cf560 com.androidapp.pdaspy/com.androidapp.pdaspy.OpenNewAccountActivity paused=false}' spent 2817.5ms processing the last input event: MotionEvent(action=2, deviceId=0, source=0x00010004)
E/WVMExtractor(   61): Failed to open libwvm.so
E/WVMExtractor(   61): Failed to open libwvm.so
E/WVMExtractor(   61): Failed to open libwvm.so
E/WVMExtractor(   61): Failed to open libwvm.so
I/Choreographer(  929): Skipped 183 frames!  The application may be doing too much work on its main thread.
D/InputEventConsistencyVerifier(  929): KeyEvent: ACTION_UP but key was not down.
D/InputEventConsistencyVerifier(  929):   in com.android.internal.policy.impl.PhoneWindow$DecorView@b3d64590
D/InputEventConsistencyVerifier(  929):   0: sent at 125249000000, KeyEvent { action=ACTION_UP, keyCode=KEYCODE_DPAD_RIGHT, scanCode=0, metaState=0, flags=0x8, repeatCount=0, eventTime=125249, downTime=125249, deviceId=-1, source=0x101 }
D/InputEventConsistencyVerifier(  929):   -- recent events --
D/InputEventConsistencyVerifier(  929):   1: sent at 125020000000, (unhandled) KeyEvent { action=ACTION_UP, keyCode=KEYCODE_MENU, scanCode=0, metaState=0, flags=0x8, repeatCount=0, eventTime=125020, downTime=125020, deviceId=-1, source=0x101 }
D/InputEventConsistencyVerifier(  929):   2: sent at 124368000000, (unhandled) KeyEvent { action=ACTION_DOWN, keyCode=KEYCODE_MENU, scanCode=0, metaState=0, flags=0x8, repeatCount=0, eventTime=124368, downTime=124368, deviceId=-1, source=0x101 }
I/ActivityManager(  227): START {act=android.intent.action.MAIN cat=[android.intent.category.LAUNCHER] flg=0x10000000 cmp=com.android.browser/.BrowserActivity sel={act=android.intent.action.MAIN cat=[android.intent.category.APP_BROWSER]} u=0} from pid 227
D/InputEventConsistencyVerifier(  929): KeyEvent: ACTION_UP but key was not down.
D/InputEventConsistencyVerifier(  929):   in android.view.ViewRootImpl@b3db7070
D/InputEventConsistencyVerifier(  929):   0: sent at 125525000000, KeyEvent { action=ACTION_UP, keyCode=KEYCODE_EXPLORER, scanCode=0, metaState=0, flags=0x8, repeatCount=0, eventTime=125525, downTime=125525, deviceId=-1, source=0x101 }
D/InputEventConsistencyVerifier(  929):   -- recent events --
D/InputEventConsistencyVerifier(  929):   1: sent at 125481000000, MotionEvent { action=ACTION_UP, id[0]=0, x[0]=292.0, y[0]=119.0, toolType[0]=TOOL_TYPE_UNKNOWN, buttonState=0, metaState=0, flags=0x0, edgeFlags=0x0, pointerCount=1, historySize=0, eventTime=125481, downTime=125450, deviceId=0, source=0x1002 }
D/InputEventConsistencyVerifier(  929):   2: sent at 125479000000, MotionEvent { action=ACTION_MOVE, id[0]=0, x[0]=277.0, y[0]=110.0, toolType[0]=TOOL_TYPE_UNKNOWN, buttonState=0, metaState=0, flags=0x0, edgeFlags=0x0, pointerCount=1, historySize=0, eventTime=125479, downTime=125450, deviceId=0, source=0x1002 }
D/InputEventConsistencyVerifier(  929):   3: sent at 125451000000, MotionEvent { action=ACTION_DOWN, id[0]=0, x[0]=270.0, y[0]=95.0, toolType[0]=TOOL_TYPE_UNKNOWN, buttonState=0, metaState=0, flags=0x0, edgeFlags=0x0, pointerCount=1, historySize=0, eventTime=125451, downTime=125450, deviceId=0, source=0x1002 }
D/InputEventConsistencyVerifier(  929):   4: sent at 125437000000, MotionEvent { action=ACTION_UP, id[0]=0, x[0]=311.0, y[0]=375.0, toolType[0]=TOOL_TYPE_UNKNOWN, buttonState=0, metaState=0, flags=0x0, edgeFlags=0x0, pointerCount=1, historySize=0, eventTime=125437, downTime=125428, deviceId=0, source=0x1002 }
D/InputEventConsistencyVerifier(  929):   5: sent at 125428000000, MotionEvent { action=ACTION_DOWN, id[0]=0, x[0]=314.0, y[0]=382.0, toolType[0]=TOOL_TYPE_UNKNOWN, buttonState=0, metaState=0, flags=0x0, edgeFlags=0x0, pointerCount=1, historySize=0, eventTime=125428, downTime=125428, deviceId=0, source=0x1002 }
W/BackupManagerService(  227): dataChanged but no participant pkg='com.android.providers.settings' uid=10011
E/MetadataRetrieverClient(   61): failed to extract an album art
E/WVMExtractor(   61): Failed to open libwvm.so
I/Choreographer(  929): Skipped 223 frames!  The application may be doing too much work on its main thread.
I/ARMAssembler(   58): generated scanline__00000077:03515104_00009001_00000000 [131 ipp] (153 ins) at [0xb5ce0710:0xb5ce0974] in 10000000 ns
E/WVMExtractor(   61): Failed to open libwvm.so
D/InputEventConsistencyVerifier(  929): KeyEvent: ACTION_UP but key was not down.
D/InputEventConsistencyVerifier(  929):   in com.android.internal.policy.impl.PhoneWindow$DecorView@b3d64590
D/InputEventConsistencyVerifier(  929):   0: sent at 126776000000, KeyEvent { action=ACTION_UP, keyCode=KEYCODE_DPAD_CENTER, scanCode=0, metaState=0, flags=0x8, repeatCount=0, eventTime=126776, downTime=126776, deviceId=-1, source=0x101 }
D/InputEventConsistencyVerifier(  929):   -- recent events --
D/InputEventConsistencyVerifier(  929):   1: sent at 126402000000, (unhandled) MotionEvent { action=ACTION_UP, id[0]=0, x[0]=174.0, y[0]=311.0, toolType[0]=TOOL_TYPE_UNKNOWN, buttonState=0, metaState=0, flags=0x0, edgeFlags=0x0, pointerCount=1, historySize=0, eventTime=126402, downTime=126308, deviceId=0, source=0x1002 }
D/InputEventConsistencyVerifier(  929):   2: sent at 126378000000, (unhandled) MotionEvent { action=ACTION_MOVE, id[0]=0, x[0]=175.0, y[0]=318.0, toolType[0]=TOOL_TYPE_UNKNOWN, buttonState=0, metaState=0, flags=0x0, edgeFlags=0x0, pointerCount=1, historySize=7, eventTime=126378, downTime=126308, deviceId=0, source=0x1002 }
D/InputEventConsistencyVerifier(  929):   3: sent at 126323000000, (unhandled) MotionEvent { action=ACTION_DOWN, id[0]=0, x[0]=180.0, y[0]=360.0, toolType[0]=TOOL_TYPE_UNKNOWN, buttonState=0, metaState=0, flags=0x0, edgeFlags=0x0, pointerCount=1, historySize=0, eventTime=126323, downTime=126308, deviceId=0, source=0x1002 }
D/InputEventConsistencyVerifier(  929):   4: sent at 126248000000, (unhandled) KeyEvent { action=ACTION_UP, keyCode=KEYCODE_DPAD_UP, scanCode=0, metaState=0, flags=0x8, repeatCount=0, eventTime=126248, downTime=126248, deviceId=-1, source=0x101 }
D/InputEventConsistencyVerifier(  929):   5: sent at 126241000000, (unhandled) KeyEvent { action=ACTION_DOWN, keyCode=KEYCODE_DPAD_UP, scanCode=0, metaState=0, flags=0x8, repeatCount=0, eventTime=126241, downTime=126241, deviceId=-1, source=0x101 }
D/PackageManager(  227): generateServicesMap(android.accounts.AccountAuthenticator): 2 services unchanged
I/InputReader(  227): Reconfiguring input devices.  changes=0x00000010
D/PackageManager(  227): generateServicesMap(android.content.SyncAdapter): 4 services unchanged
I/AccountTypeManager(  721): Loaded meta-data for 1 account types, 0 accounts in 150ms(wall) 20ms(cpu)
I/Choreographer(  929): Skipped 169 frames!  The application may be doing too much work on its main thread.
D/InputEventConsistencyVerifier(  929): KeyEvent: ACTION_UP but key was not down.
D/InputEventConsistencyVerifier(  929):   in com.android.internal.policy.impl.PhoneWindow$DecorView@b3d64590
D/InputEventConsistencyVerifier(  929):   0: sent at 127257000000, KeyEvent { action=ACTION_UP, keyCode=KEYCODE_DPAD_UP, scanCode=0, metaState=0, flags=0x400, repeatCount=0, eventTime=127257, downTime=127257, deviceId=-1, source=0x101 }
D/InputEventConsistencyVerifier(  929):   -- recent events --
D/InputEventConsistencyVerifier(  929):   1: sent at 127164000000, (unhandled) MotionEvent { action=ACTION_MOVE, id[0]=0, x[0]=3.0, y[0]=-4.0, toolType[0]=TOOL_TYPE_UNKNOWN, buttonState=0, metaState=0, flags=0x0, edgeFlags=0x0, pointerCount=1, historySize=9, eventTime=127164, downTime=-1, deviceId=0, source=0x10004 }
D/InputEventConsistencyVerifier(  929):   2: sent at 127053000000, (unhandled) KeyEvent { action=ACTION_UP, keyCode=KEYCODE_MENU, scanCode=0, metaState=0, flags=0x8, repeatCount=0, eventTime=127053, downTime=127053, deviceId=-1, source=0x101 }
D/InputEventConsistencyVerifier(  929):   3: sent at 127019000000, (unhandled) KeyEvent { action=ACTION_DOWN, keyCode=KEYCODE_MENU, scanCode=0, metaState=0, flags=0x8, repeatCount=0, eventTime=127019, downTime=127019, deviceId=-1, source=0x101 }
D/InputEventConsistencyVerifier(  929):   4: sent at 126995000000, (unhandled) MotionEvent { action=ACTION_UP, id[0]=0, x[0]=260.0, y[0]=321.0, toolType[0]=TOOL_TYPE_UNKNOWN, buttonState=0, metaState=0, flags=0x0, edgeFlags=0x0, pointerCount=1, historySize=0, eventTime=126995, downTime=126977, deviceId=0, source=0x1002 }
D/InputEventConsistencyVerifier(  929):   5: sent at 126977000000, (unhandled) MotionEvent { action=ACTION_DOWN, id[0]=0, x[0]=263.0, y[0]=322.0, toolType[0]=TOOL_TYPE_UNKNOWN, buttonState=0, metaState=0, flags=0x0, edgeFlags=0x0, pointerCount=1, historySize=0, eventTime=126977, downTime=126977, deviceId=0, source=0x1002 }
W/dalvikvm(  904): DroidBox: { "FdAccess": { "path": "2f646174612f646174612f636f6d2e616e64726f69642e67616c6c65727933642f7368617265645f70726566732f636f6d2e616e64726f69642e67616c6c65727933645f707265666572656e6365732e786d6c", "id": "1300832808" } }
W/DroidBox(  904): DroidBox: { "FileRW": { "operation": "write", "data": "3c3f786d6c2076657273696f6e3d27312e302720656e636f64696e673d277574662d3827207374616e64616c6f6e653d2779657327203f3e0a3c6d61703e0a3c696e74206e616d653d227061636b616765732d76657273696f6e222076616c75653d2238", "id": "1300832808" } }
I/Choreographer(  929): Skipped 60 frames!  The application may be doing too much work on its main thread.
I/Choreographer(  929): Skipped 68 frames!  The application may be doing too much work on its main thread.
E/WVMExtractor(   61): Failed to open libwvm.so
D/InputEventConsistencyVerifier(  929): KeyEvent: ACTION_UP but key was not down.
D/InputEventConsistencyVerifier(  929):   in com.android.internal.policy.impl.PhoneWindow$DecorView@b3d64590
D/InputEventConsistencyVerifier(  929):   0: sent at 128117000000, KeyEvent { action=ACTION_UP, keyCode=KEYCODE_DPAD_RIGHT, scanCode=0, metaState=0, flags=0x8, repeatCount=0, eventTime=128117, downTime=128117, deviceId=-1, source=0x101 }
D/InputEventConsistencyVerifier(  929):   -- recent events --
