D/InputEventConsistencyVerifier(  929):   in com.android.internal.policy.impl.PhoneWindow$DecorView@b3de5db0
D/InputEventConsistencyVerifier(  929):   0: sent at 336498000000, KeyEvent { action=ACTION_UP, keyCode=KEYCODE_DPAD_UP, scanCode=0, metaState=0, flags=0x8, repeatCount=0, eventTime=336498, downTime=336498, deviceId=-1, source=0x101 }
D/InputEventConsistencyVerifier(  929):   -- recent events --
D/InputEventConsistencyVerifier(  929):   1: sent at 336474000000, (unhandled) MotionEvent { action=ACTION_UP, id[0]=0, x[0]=8.0, y[0]=271.0, toolType[0]=TOOL_TYPE_UNKNOWN, buttonState=0, metaState=0, flags=0x0, edgeFlags=0x0, pointerCount=1, historySize=0, eventTime=336474, downTime=336462, deviceId=0, source=0x1002 }
D/InputEventConsistencyVerifier(  929):   2: sent at 336462000000, (unhandled) MotionEvent { action=ACTION_DOWN, id[0]=0, x[0]=15.0, y[0]=267.0, toolType[0]=TOOL_TYPE_UNKNOWN, buttonState=0, metaState=0, flags=0x0, edgeFlags=0x0, pointerCount=1, historySize=0, eventTime=336462, downTime=336462, deviceId=0, source=0x1002 }
D/InputEventConsistencyVerifier(  929):   3: sent at 336416000000, (unhandled) KeyEvent { action=ACTION_UP, keyCode=KEYCODE_MENU, scanCode=0, metaState=0, flags=0x8, repeatCount=0, eventTime=336416, downTime=336416, deviceId=-1, source=0x101 }
D/InputEventConsistencyVerifier(  929):   4: sent at 336403000000, (unhandled) KeyEvent { action=ACTION_DOWN, keyCode=KEYCODE_MENU, scanCode=0, metaState=0, flags=0x8, repeatCount=0, eventTime=336403, downTime=336403, deviceId=-1, source=0x101 }
D/InputEventConsistencyVerifier(  929):   5: sent at 336388000000, (unhandled) KeyEvent { action=ACTION_UP, keyCode=KEYCODE_DPAD_UP, scanCode=0, metaState=0, flags=0x80000008, repeatCount=0, eventTime=336388, downTime=336388, deviceId=-1, source=0x101 }
I/Choreographer(  929): Skipped 93 frames!  The application may be doing too much work on its main thread.
D/InputEventConsistencyVerifier(  929): KeyEvent: ACTION_DOWN but key is already down and this event is not a key repeat.
D/InputEventConsistencyVerifier(  929):   in android.widget.FrameLayout@b3f8b5f8
D/InputEventConsistencyVerifier(  929):   0: sent at 336599000000, KeyEvent { action=ACTION_DOWN, keyCode=KEYCODE_DPAD_CENTER, scanCode=0, metaState=0, flags=0x8, repeatCount=0, eventTime=336599, downTime=336599, deviceId=-1, source=0x101 }
D/InputEventConsistencyVerifier(  929):   -- recent events --
D/InputEventConsistencyVerifier(  929):   1: sent at 336752000000, (unhandled) KeyEvent { action=ACTION_UP, keyCode=KEYCODE_DPAD_UP, scanCode=0, metaState=0, flags=0x400, repeatCount=0, eventTime=336752, downTime=336752, deviceId=-1, source=0x101 }
D/InputEventConsistencyVerifier(  929):   2: sent at 336752000000, (unhandled) KeyEvent { action=ACTION_DOWN, keyCode=KEYCODE_DPAD_UP, scanCode=0, metaState=0, flags=0x400, repeatCount=0, eventTime=336752, downTime=336752, deviceId=-1, source=0x101 }
D/InputEventConsistencyVerifier(  929):   3: sent at 336750000000, (unhandled) KeyEvent { action=ACTION_UP, keyCode=KEYCODE_DPAD_UP, scanCode=0, metaState=0, flags=0x400, repeatCount=0, eventTime=336750, downTime=336750, deviceId=-1, source=0x101 }
D/InputEventConsistencyVerifier(  929):   4: sent at 336750000000, (unhandled) KeyEvent { action=ACTION_DOWN, keyCode=KEYCODE_DPAD_UP, scanCode=0, metaState=0, flags=0x400, repeatCount=0, eventTime=336750, downTime=336750, deviceId=-1, source=0x101 }
D/InputEventConsistencyVerifier(  929):   5: sent at 336596000000, (unhandled) MotionEvent { action=ACTION_MOVE, id[0]=0, x[0]=1.0, y[0]=-2.0, toolType[0]=TOOL_TYPE_UNKNOWN, buttonState=0, metaState=0, flags=0x0, edgeFlags=0x0, pointerCount=1, historySize=9, eventTime=336596, downTime=-1, deviceId=0, source=0x10004 }
I/ActivityManager(  227): START {act=android.intent.action.MAIN cat=[android.intent.category.LAUNCHER] flg=0x10200000 cmp=com.androidapp.pdaspy/.MainActivity u=0} from pid 883
D/InputEventConsistencyVerifier(  929): TrackballEvent: Trackball is down but pressure is not greater than 0.
D/InputEventConsistencyVerifier(  929):   in android.view.ViewRootImpl@b3d64fc0
D/InputEventConsistencyVerifier(  929):   0: sent at 336884000000, MotionEvent { action=ACTION_DOWN, id[0]=0, x[0]=0.0, y[0]=0.0, toolType[0]=TOOL_TYPE_UNKNOWN, buttonState=0, metaState=0, flags=0x0, edgeFlags=0x0, pointerCount=1, historySize=0, eventTime=336884, downTime=336836, deviceId=0, source=0x10004 }
D/InputEventConsistencyVerifier(  929):   -- recent events --
D/InputEventConsistencyVerifier(  929):   1: sent at 336947000000, KeyEvent { action=ACTION_UP, keyCode=KEYCODE_DPAD_DOWN, scanCode=0, metaState=0, flags=0x400, repeatCount=0, eventTime=336947, downTime=336947, deviceId=-1, source=0x101 }
D/InputEventConsistencyVerifier(  929):   2: sent at 336947000000, KeyEvent { action=ACTION_DOWN, keyCode=KEYCODE_DPAD_DOWN, scanCode=0, metaState=0, flags=0x400, repeatCount=0, eventTime=336947, downTime=336947, deviceId=-1, source=0x101 }
D/InputEventConsistencyVerifier(  929):   3: sent at 336946000000, KeyEvent { action=ACTION_UP, keyCode=KEYCODE_DPAD_DOWN, scanCode=0, metaState=0, flags=0x400, repeatCount=0, eventTime=336946, downTime=336946, deviceId=-1, source=0x101 }
D/InputEventConsistencyVerifier(  929):   4: sent at 336946000000, KeyEvent { action=ACTION_DOWN, keyCode=KEYCODE_DPAD_DOWN, scanCode=0, metaState=0, flags=0x400, repeatCount=0, eventTime=336946, downTime=336946, deviceId=-1, source=0x101 }
D/InputEventConsistencyVerifier(  929):   5: sent at 336945000000, KeyEvent { action=ACTION_UP, keyCode=KEYCODE_DPAD_DOWN, scanCode=0, metaState=0, flags=0x400, repeatCount=0, eventTime=336945, downTime=336945, deviceId=-1, source=0x101 }
I/Choreographer(  929): Skipped 38 frames!  The application may be doing too much work on its main thread.
W/InputMethodManagerService(  227): Window already focused, ignoring focus gain of: com.android.internal.view.IInputMethodClient$Stub$Proxy@b3ecc910 attribute=android.view.inputmethod.EditorInfo@b3ecc928
I/Choreographer(  929): Skipped 54 frames!  The application may be doing too much work on its main thread.
I/Choreographer(  227): Skipped 35 frames!  The application may be doing too much work on its main thread.
D/InputEventConsistencyVerifier(  929): KeyEvent: ACTION_UP but key was not down.
D/InputEventConsistencyVerifier(  929):   in android.widget.EditText@b3fb12a8
D/InputEventConsistencyVerifier(  929):   0: sent at 339138000000, KeyEvent { action=ACTION_UP, keyCode=KEYCODE_DPAD_DOWN, scanCode=0, metaState=0, flags=0x8, repeatCount=0, eventTime=339138, downTime=339138, deviceId=-1, source=0x101 }
D/InputEventConsistencyVerifier(  929):   -- recent events --
D/InputEventConsistencyVerifier(  929):   1: sent at 328349000000, (unhandled) KeyEvent { action=ACTION_DOWN, keyCode=KEYCODE_DPAD_UP, scanCode=0, metaState=0, flags=0x400, repeatCount=0, eventTime=328349, downTime=328349, deviceId=-1, source=0x101 }
D/InputEventConsistencyVerifier(  929):   2: sent at 328347000000, (unhandled) KeyEvent { action=ACTION_UP, keyCode=KEYCODE_DPAD_UP, scanCode=0, metaState=0, flags=0x400, repeatCount=0, eventTime=328347, downTime=328347, deviceId=-1, source=0x101 }
D/InputEventConsistencyVerifier(  929):   3: sent at 326191000000, (unhandled) KeyEvent { action=ACTION_UP, keyCode=KEYCODE_MENU, scanCode=0, metaState=0, flags=0x80000008, repeatCount=0, eventTime=326191, downTime=326191, deviceId=-1, source=0x101 }
D/InputEventConsistencyVerifier(  929):   4: sent at 324233000000, MotionEvent { action=ACTION_UP, id[0]=0, x[0]=164.0, y[0]=67.0, toolType[0]=TOOL_TYPE_UNKNOWN, buttonState=0, metaState=0, flags=0x0, edgeFlags=0x0, pointerCount=1, historySize=0, eventTime=324233, downTime=324227, deviceId=0, source=0x1002 }
D/InputEventConsistencyVerifier(  929):   5: sent at 324228000000, MotionEvent { action=ACTION_DOWN, id[0]=0, x[0]=165.0, y[0]=49.0, toolType[0]=TOOL_TYPE_UNKNOWN, buttonState=0, metaState=0, flags=0x0, edgeFlags=0x0, pointerCount=1, historySize=0, eventTime=324228, downTime=324227, deviceId=0, source=0x1002 }
I/ActivityManager(  227): START {act=android.intent.action.MAIN cat=[android.intent.category.LAUNCHER] flg=0x10000000 cmp=com.android.email/.activity.Welcome sel={act=android.intent.action.MAIN cat=[android.intent.category.APP_EMAIL]} u=0} from pid 227
D/InputEventConsistencyVerifier(  929): KeyEvent: ACTION_UP but key was not down.
D/InputEventConsistencyVerifier(  929):   in android.view.ViewRootImpl@b3fb8a60
D/InputEventConsistencyVerifier(  929):   0: sent at 339604000000, KeyEvent { action=ACTION_UP, keyCode=KEYCODE_ENVELOPE, scanCode=0, metaState=0, flags=0x8, repeatCount=0, eventTime=339604, downTime=339604, deviceId=-1, source=0x101 }
D/InputEventConsistencyVerifier(  929):   -- recent events --
D/InputEventConsistencyVerifier(  929):   1: sent at 339520000000, KeyEvent { action=ACTION_UP, keyCode=KEYCODE_DPAD_DOWN, scanCode=0, metaState=0, flags=0x8, repeatCount=0, eventTime=339520, downTime=339520, deviceId=-1, source=0x101 }
D/InputEventConsistencyVerifier(  929):   2: sent at 339379000000, KeyEvent { action=ACTION_DOWN, keyCode=KEYCODE_DPAD_DOWN, scanCode=0, metaState=0, flags=0x8, repeatCount=0, eventTime=339379, downTime=339379, deviceId=-1, source=0x101 }
D/InputEventConsistencyVerifier(  929):   3: sent at 339373000000, MotionEvent { action=ACTION_UP, id[0]=0, x[0]=77.0, y[0]=597.0, toolType[0]=TOOL_TYPE_UNKNOWN, buttonState=0, metaState=0, flags=0x0, edgeFlags=0x0, pointerCount=1, historySize=0, eventTime=339373, downTime=339358, deviceId=0, source=0x1002 }
D/InputEventConsistencyVerifier(  929):   4: sent at 339371000000, MotionEvent { action=ACTION_MOVE, id[0]=0, x[0]=74.0, y[0]=595.0, toolType[0]=TOOL_TYPE_UNKNOWN, buttonState=0, metaState=0, flags=0x0, edgeFlags=0x0, pointerCount=1, historySize=2, eventTime=339371, downTime=339358, deviceId=0, source=0x1002 }
D/InputEventConsistencyVerifier(  929):   5: sent at 339359000000, MotionEvent { action=ACTION_DOWN, id[0]=0, x[0]=67.0, y[0]=582.0, toolType[0]=TOOL_TYPE_UNKNOWN, buttonState=0, metaState=0, flags=0x0, edgeFlags=0x0, pointerCount=1, historySize=0, eventTime=339359, downTime=339358, deviceId=0, source=0x1002 }
I/Choreographer(  475): Skipped 62 frames!  The application may be doing too much work on its main thread.
I/Choreographer(  929): Skipped 62 frames!  The application may be doing too much work on its main thread.
I/Choreographer(  929): Skipped 52 frames!  The application may be doing too much work on its main thread.
I/Choreographer(  475): Skipped 86 frames!  The application may be doing too much work on its main thread.
I/InputAttributes(  475): InputType.TYPE_NULL is specified
D/InputEventConsistencyVerifier(  929): KeyEvent: ACTION_UP but key was not down.
D/InputEventConsistencyVerifier(  929):   in android.widget.Button@b3fb7780
D/InputEventConsistencyVerifier(  929):   0: sent at 340783000000, KeyEvent { action=ACTION_UP, keyCode=KEYCODE_DPAD_DOWN, scanCode=0, metaState=0, flags=0x8, repeatCount=0, eventTime=340783, downTime=340783, deviceId=-1, source=0x101 }
D/InputEventConsistencyVerifier(  929):   -- recent events --
D/InputEventConsistencyVerifier(  929):   1: sent at 334443000000, KeyEvent { action=ACTION_UP, keyCode=KEYCODE_DPAD_CENTER, scanCode=0, metaState=0, flags=0x8, repeatCount=0, eventTime=334443, downTime=334443, deviceId=-1, source=0x101 }
D/InputEventConsistencyVerifier(  929):   2: sent at 334372000000, KeyEvent { action=ACTION_DOWN, keyCode=KEYCODE_DPAD_CENTER, scanCode=0, metaState=0, flags=0x8, repeatCount=0, eventTime=334372, downTime=334372, deviceId=-1, source=0x101 }
D/InputEventConsistencyVerifier(  929):   3: sent at 334393000000, (unhandled) KeyEvent { action=ACTION_UP, keyCode=KEYCODE_DPAD_DOWN, scanCode=0, metaState=0, flags=0x400, repeatCount=0, eventTime=334393, downTime=334393, deviceId=-1, source=0x101 }
D/InputEventConsistencyVerifier(  929):   4: sent at 334393000000, (unhandled) KeyEvent { action=ACTION_DOWN, keyCode=KEYCODE_DPAD_DOWN, scanCode=0, metaState=0, flags=0x400, repeatCount=0, eventTime=334393, downTime=334393, deviceId=-1, source=0x101 }
D/InputEventConsistencyVerifier(  929):   5: sent at 334392000000, (unhandled) KeyEvent { action=ACTION_UP, keyCode=KEYCODE_DPAD_DOWN, scanCode=0, metaState=0, flags=0x400, repeatCount=0, eventTime=334392, downTime=334392, deviceId=-1, source=0x101 }
I/Choreographer(  475): Skipped 127 frames!  The application may be doing too much work on its main thread.
D/InputEventConsistencyVerifier(  422): TouchEvent: ACTION_DOWN but pointers are already down.  Probably missing ACTION_UP from previous gesture.
D/InputEventConsistencyVerifier(  422):   in android.view.ScaleGestureDetector@b3e47b98
D/InputEventConsistencyVerifier(  422):   0: sent at 342086000000, MotionEvent { action=ACTION_DOWN, id[0]=0, x[0]=316.0, y[0]=29.0, toolType[0]=TOOL_TYPE_UNKNOWN, buttonState=0, metaState=0, flags=0x0, edgeFlags=0x0, pointerCount=1, historySize=0, eventTime=342086, downTime=342085, deviceId=0, source=0x1002 }
D/InputEventConsistencyVerifier(  422):   -- recent events --
D/InputEventConsistencyVerifier(  422):   1: sent at 321912000000, MotionEvent { action=ACTION_DOWN, id[0]=0, x[0]=217.0, y[0]=713.0, toolType[0]=TOOL_TYPE_UNKNOWN, buttonState=0, metaState=0, flags=0x80000000, edgeFlags=0x0, pointerCount=1, historySize=0, eventTime=321912, downTime=321912, deviceId=0, source=0x1002 }
D/InputEventConsistencyVerifier(  422):   2: sent at 321401000000, MotionEvent { action=ACTION_DOWN, id[0]=0, x[0]=463.0, y[0]=438.0, toolType[0]=TOOL_TYPE_UNKNOWN, buttonState=0, metaState=0, flags=0x80000000, edgeFlags=0x0, pointerCount=1, historySize=0, eventTime=321401, downTime=321398, deviceId=0, source=0x1002 }
D/InputEventConsistencyVerifier(  422):   3: sent at 320981000000, MotionEvent { action=ACTION_MOVE, id[0]=0, x[0]=184.0, y[0]=695.0, toolType[0]=TOOL_TYPE_UNKNOWN, buttonState=0, metaState=0, flags=0x0, edgeFlags=0x0, pointerCount=1, historySize=7, eventTime=320981, downTime=320921, deviceId=0, source=0x1002 }
D/InputEventConsistencyVerifier(  422):   4: sent at 320933000000, MotionEvent { action=ACTION_DOWN, id[0]=0, x[0]=126.0, y[0]=643.0, toolType[0]=TOOL_TYPE_UNKNOWN, buttonState=0, metaState=0, flags=0x0, edgeFlags=0x0, pointerCount=1, historySize=0, eventTime=320933, downTime=320921, deviceId=0, source=0x1002 }
D/InputEventConsistencyVerifier(  422):   5: sent at 320870000000, MotionEvent { action=ACTION_UP, id[0]=0, x[0]=108.5, y[0]=761.5, toolType[0]=TOOL_TYPE_UNKNOWN, buttonState=0, metaState=0, flags=0x0, edgeFlags=0x0, pointerCount=1, historySize=0, eventTime=320870, downTime=320810, deviceId=0, source=0x1002 }
W/dalvikvm(  883): DroidBox: { "FdAccess": { "path": "2f6465762f696e7075742f6576656e7430", "id": "742265361" } }
W/DroidBox(  883): DroidBox: { "FileRW": { "operation": "write", "data": "efbfbd060000efbfbdefbfbd0c000500000000000000", "id": "742265361" } }
W/dalvikvm(  422): DroidBox: { "FdAccess": { "path": "2f70726f632f6d656d696e666f", "id": "326993146" } }
W/DroidBox(  422): DroidBox: { "FileRW": { "operation": "read", "data": "4d656d546f74616c3a202020202020202020373438393634206b420a4d656d467265653a20202020202020202020343338313034206b420a427566666572733a20202020202020202020202035353638206b420a4361636865643a202020202020202020", "id": "326993146" } }
I/Choreographer(  422): Skipped 62 frames!  The application may be doing too much work on its main thread.
D/PhoneStatusBar(  422): disable: < expand icons alerts TICKER* system_info back home recent clock >
I/ActivityManager(  227): START {act=android.intent.action.CALL_BUTTON flg=0x10000000 cmp=com.android.contacts/.activities.DialtactsActivity u=0} from pid 422
I/ActivityManager(  227): START {act=android.intent.action.CALL_BUTTON flg=0x10000000 cmp=com.android.contacts/.activities.DialtactsActivity u=0} from pid 422
D/InputEventConsistencyVerifier(  422): KeyEvent: ACTION_UP but key was not down.
D/InputEventConsistencyVerifier(  422):   in com.android.systemui.statusbar.phone.StatusBarWindowView@b3da71d8
D/InputEventConsistencyVerifier(  422):   0: sent at 342709000000, KeyEvent { action=ACTION_UP, keyCode=KEYCODE_DPAD_DOWN, scanCode=0, metaState=0, flags=0x8, repeatCount=0, eventTime=342709, downTime=342709, deviceId=-1, source=0x101 }
D/InputEventConsistencyVerifier(  422):   -- recent events --
D/InputEventConsistencyVerifier(  422):   1: sent at 342672000000, MotionEvent { action=ACTION_UP, id[0]=0, x[0]=368.0, y[0]=124.0, toolType[0]=TOOL_TYPE_UNKNOWN, buttonState=0, metaState=0, flags=0x0, edgeFlags=0x0, pointerCount=1, historySize=0, eventTime=342672, downTime=342633, deviceId=0, source=0x1002 }
D/InputEventConsistencyVerifier(  422):   2: sent at 342666000000, MotionEvent { action=ACTION_MOVE, id[0]=0, x[0]=359.0, y[0]=130.0, toolType[0]=TOOL_TYPE_UNKNOWN, buttonState=0, metaState=0, flags=0x0, edgeFlags=0x0, pointerCount=1, historySize=4, eventTime=342666, downTime=342633, deviceId=0, source=0x1002 }
D/InputEventConsistencyVerifier(  422):   3: sent at 342636000000, MotionEvent { action=ACTION_DOWN, id[0]=0, x[0]=343.0, y[0]=172.0, toolType[0]=TOOL_TYPE_UNKNOWN, buttonState=0, metaState=0, flags=0x0, edgeFlags=0x0, pointerCount=1, historySize=0, eventTime=342636, downTime=342633, deviceId=0, source=0x1002 }
D/InputEventConsistencyVerifier(  422):   4: sent at 342626000000, (unhandled) KeyEvent { action=ACTION_UP, keyCode=KEYCODE_CALL, scanCode=0, metaState=0, flags=0x8, repeatCount=0, eventTime=342626, downTime=342626, deviceId=-1, source=0x101 }
D/InputEventConsistencyVerifier(  422):   5: sent at 342554000000, (unhandled) KeyEvent { action=ACTION_DOWN, keyCode=KEYCODE_CALL, scanCode=0, metaState=0, flags=0x8, repeatCount=0, eventTime=342554, downTime=342554, deviceId=-1, source=0x101 }
I/Choreographer(  422): Skipped 97 frames!  The application may be doing too much work on its main thread.
W/dalvikvm(  422): DroidBox: { "FdAccess": { "path": "2f70726f632f6d656d696e666f", "id": "1373511939" } }
W/DroidBox(  422): DroidBox: { "FileRW": { "operation": "read", "data": "4d656d546f74616c3a202020202020202020373438393634206b420a4d656d467265653a20202020202020202020343335323532206b420a427566666572733a20202020202020202020202035353638206b420a4361636865643a202020202020202020", "id": "1373511939" } }
D/InputEventConsistencyVerifier(  422): TouchEvent: ACTION_DOWN but pointers are already down.  Probably missing ACTION_UP from previous gesture.
D/InputEventConsistencyVerifier(  422):   in android.view.ScaleGestureDetector@b3e47b98
D/InputEventConsistencyVerifier(  422):   0: sent at 342748000000, MotionEvent { action=ACTION_DOWN, id[0]=0, x[0]=459.0, y[0]=550.0, toolType[0]=TOOL_TYPE_UNKNOWN, buttonState=0, metaState=0, flags=0x0, edgeFlags=0x0, pointerCount=1, historySize=0, eventTime=342748, downTime=342748, deviceId=0, source=0x1002 }
D/InputEventConsistencyVerifier(  422):   -- recent events --
D/InputEventConsistencyVerifier(  422):   1: sent at 342636000000, MotionEvent { action=ACTION_DOWN, id[0]=0, x[0]=343.0, y[0]=172.0, toolType[0]=TOOL_TYPE_UNKNOWN, buttonState=0, metaState=0, flags=0x0, edgeFlags=0x0, pointerCount=1, historySize=0, eventTime=342636, downTime=342633, deviceId=0, source=0x1002 }
D/InputEventConsistencyVerifier(  422):   2: sent at 342092000000, MotionEvent { action=ACTION_UP, id[0]=0, x[0]=320.0, y[0]=30.0, toolType[0]=TOOL_TYPE_UNKNOWN, buttonState=0, metaState=0, flags=0x0, edgeFlags=0x0, pointerCount=1, historySize=0, eventTime=342092, downTime=342085, deviceId=0, source=0x1002 }
D/InputEventConsistencyVerifier(  422):   3: sent at 342086000000, MotionEvent { action=ACTION_DOWN, id[0]=0, x[0]=316.0, y[0]=29.0, toolType[0]=TOOL_TYPE_UNKNOWN, buttonState=0, metaState=0, flags=0x80000000, edgeFlags=0x0, pointerCount=1, historySize=0, eventTime=342086, downTime=342085, deviceId=0, source=0x1002 }
D/InputEventConsistencyVerifier(  422):   4: sent at 321912000000, MotionEvent { action=ACTION_DOWN, id[0]=0, x[0]=217.0, y[0]=713.0, toolType[0]=TOOL_TYPE_UNKNOWN, buttonState=0, metaState=0, flags=0x80000000, edgeFlags=0x0, pointerCount=1, historySize=0, eventTime=321912, downTime=321912, deviceId=0, source=0x1002 }
D/InputEventConsistencyVerifier(  422):   5: sent at 321401000000, MotionEvent { action=ACTION_DOWN, id[0]=0, x[0]=463.0, y[0]=438.0, toolType[0]=TOOL_TYPE_UNKNOWN, buttonState=0, metaState=0, flags=0x80000000, edgeFlags=0x0, pointerCount=1, historySize=0, eventTime=321401, downTime=321398, deviceId=0, source=0x1002 }
W/dalvikvm(  422): DroidBox: { "FdAccess": { "path": "2f70726f632f6d656d696e666f", "id": "606865012" } }
W/DroidBox(  422): DroidBox: { "FileRW": { "operation": "read", "data": "4d656d546f74616c3a202020202020202020373438393634206b420a4d656d467265653a20202020202020202020343335313238206b420a427566666572733a20202020202020202020202035353638206b420a4361636865643a202020202020202020", "id": "606865012" } }
D/InputEventConsistencyVerifier(  422): KeyEvent: ACTION_UP but key was not down.
D/InputEventConsistencyVerifier(  422):   in com.android.systemui.statusbar.phone.StatusBarWindowView@b3da71d8
D/InputEventConsistencyVerifier(  422):   0: sent at 342923000000, KeyEvent { action=ACTION_UP, keyCode=KEYCODE_DPAD_UP, scanCode=0, metaState=0, flags=0x400, repeatCount=0, eventTime=342923, downTime=342923, deviceId=-1, source=0x101 }
D/InputEventConsistencyVerifier(  422):   -- recent events --
D/InputEventConsistencyVerifier(  422):   1: sent at 342856000000, (unhandled) MotionEvent { action=ACTION_MOVE, id[0]=0, x[0]=4.0, y[0]=-4.0, toolType[0]=TOOL_TYPE_UNKNOWN, buttonState=0, metaState=0, flags=0x0, edgeFlags=0x0, pointerCount=1, historySize=9, eventTime=342856, downTime=-1, deviceId=0, source=0x10004 }
D/InputEventConsistencyVerifier(  422):   2: sent at 342774000000, MotionEvent { action=ACTION_UP, id[0]=0, x[0]=453.0, y[0]=549.0, toolType[0]=TOOL_TYPE_UNKNOWN, buttonState=0, metaState=0, flags=0x0, edgeFlags=0x0, pointerCount=1, historySize=0, eventTime=342774, downTime=342748, deviceId=0, source=0x1002 }
D/InputEventConsistencyVerifier(  422):   3: sent at 342748000000, MotionEvent { action=ACTION_DOWN, id[0]=0, x[0]=459.0, y[0]=550.0, toolType[0]=TOOL_TYPE_UNKNOWN, buttonState=0, metaState=0, flags=0x0, edgeFlags=0x0, pointerCount=1, historySize=0, eventTime=342748, downTime=342748, deviceId=0, source=0x1002 }
D/InputEventConsistencyVerifier(  422):   4: sent at 342742000000, (unhandled) KeyEvent { action=ACTION_UP, keyCode=KEYCODE_MENU, scanCode=0, metaState=0, flags=0x8, repeatCount=0, eventTime=342742, downTime=342742, deviceId=-1, source=0x101 }
D/InputEventConsistencyVerifier(  422):   5: sent at 342717000000, (unhandled) KeyEvent { action=ACTION_DOWN, keyCode=KEYCODE_MENU, scanCode=0, metaState=0, flags=0x8, repeatCount=0, eventTime=342717, downTime=342717, deviceId=-1, source=0x101 }
D/InputEventConsistencyVerifier(  422): TouchEvent: ACTION_DOWN but pointers are already down.  Probably missing ACTION_UP from previous gesture.
D/InputEventConsistencyVerifier(  422):   in android.view.ScaleGestureDetector@b3e47b98
D/InputEventConsistencyVerifier(  422):   0: sent at 342861000000, MotionEvent { action=ACTION_DOWN, id[0]=0, x[0]=188.0, y[0]=386.0, toolType[0]=TOOL_TYPE_UNKNOWN, buttonState=0, metaState=0, flags=0x0, edgeFlags=0x0, pointerCount=1, historySize=0, eventTime=342861, downTime=342861, deviceId=0, source=0x1002 }
D/InputEventConsistencyVerifier(  422):   -- recent events --
D/InputEventConsistencyVerifier(  422):   1: sent at 342748000000, MotionEvent { action=ACTION_DOWN, id[0]=0, x[0]=459.0, y[0]=550.0, toolType[0]=TOOL_TYPE_UNKNOWN, buttonState=0, metaState=0, flags=0x80000000, edgeFlags=0x0, pointerCount=1, historySize=0, eventTime=342748, downTime=342748, deviceId=0, source=0x1002 }
D/InputEventConsistencyVerifier(  422):   2: sent at 342636000000, MotionEvent { action=ACTION_DOWN, id[0]=0, x[0]=343.0, y[0]=172.0, toolType[0]=TOOL_TYPE_UNKNOWN, buttonState=0, metaState=0, flags=0x0, edgeFlags=0x0, pointerCount=1, historySize=0, eventTime=342636, downTime=342633, deviceId=0, source=0x1002 }
D/InputEventConsistencyVerifier(  422):   3: sent at 342092000000, MotionEvent { action=ACTION_UP, id[0]=0, x[0]=320.0, y[0]=30.0, toolType[0]=TOOL_TYPE_UNKNOWN, buttonState=0, metaState=0, flags=0x0, edgeFlags=0x0, pointerCount=1, historySize=0, eventTime=342092, downTime=342085, deviceId=0, source=0x1002 }
D/InputEventConsistencyVerifier(  422):   4: sent at 342086000000, MotionEvent { action=ACTION_DOWN, id[0]=0, x[0]=316.0, y[0]=29.0, toolType[0]=TOOL_TYPE_UNKNOWN, buttonState=0, metaState=0, flags=0x80000000, edgeFlags=0x0, pointerCount=1, historySize=0, eventTime=342086, downTime=342085, deviceId=0, source=0x1002 }
D/InputEventConsistencyVerifier(  422):   5: sent at 321912000000, MotionEvent { action=ACTION_DOWN, id[0]=0, x[0]=217.0, y[0]=713.0, toolType[0]=TOOL_TYPE_UNKNOWN, buttonState=0, metaState=0, flags=0x80000000, edgeFlags=0x0, pointerCount=1, historySize=0, eventTime=321912, downTime=321912, deviceId=0, source=0x1002 }
D/InputEventConsistencyVerifier(  422): KeyEvent: ACTION_UP but key was not down.
D/InputEventConsistencyVerifier(  422):   in com.android.systemui.statusbar.phone.StatusBarWindowView@b3da71d8
D/InputEventConsistencyVerifier(  422):   0: sent at 342946000000, KeyEvent { action=ACTION_UP, keyCode=KEYCODE_DPAD_DOWN, scanCode=0, metaState=0, flags=0x8, repeatCount=0, eventTime=342946, downTime=342946, deviceId=-1, source=0x101 }
D/InputEventConsistencyVerifier(  422):   -- recent events --
D/InputEventConsistencyVerifier(  422):   1: sent at 342893000000, MotionEvent { action=ACTION_UP, id[0]=0, x[0]=196.0, y[0]=383.0, toolType[0]=TOOL_TYPE_UNKNOWN, buttonState=0, metaState=0, flags=0x0, edgeFlags=0x0, pointerCount=1, historySize=0, eventTime=342893, downTime=342861, deviceId=0, source=0x1002 }
D/InputEventConsistencyVerifier(  422):   2: sent at 342861000000, MotionEvent { action=ACTION_DOWN, id[0]=0, x[0]=188.0, y[0]=386.0, toolType[0]=TOOL_TYPE_UNKNOWN, buttonState=0, metaState=0, flags=0x0, edgeFlags=0x0, pointerCount=1, historySize=0, eventTime=342861, downTime=342861, deviceId=0, source=0x1002 }
D/InputEventConsistencyVerifier(  422):   3: sent at 342923000000, (unhandled) KeyEvent { action=ACTION_UP, keyCode=KEYCODE_DPAD_UP, scanCode=0, metaState=0, flags=0x400, repeatCount=0, eventTime=342923, downTime=342923, deviceId=-1, source=0x101 }
D/InputEventConsistencyVerifier(  422):   4: sent at 342923000000, (unhandled) KeyEvent { action=ACTION_DOWN, keyCode=KEYCODE_DPAD_UP, scanCode=0, metaState=0, flags=0x400, repeatCount=0, eventTime=342923, downTime=342923, deviceId=-1, source=0x101 }
D/InputEventConsistencyVerifier(  422):   5: sent at 342923000000, (unhandled) KeyEvent { action=ACTION_UP, keyCode=KEYCODE_DPAD_UP, scanCode=0, metaState=0, flags=0x400, repeatCount=0, eventTime=342923, downTime=342923, deviceId=-1, source=0x101 }
W/dalvikvm(  422): DroidBox: { "FdAccess": { "path": "2f70726f632f6d656d696e666f", "id": "501773657" } }
W/DroidBox(  422): DroidBox: { "FileRW": { "operation": "read", "data": "4d656d546f74616c3a202020202020202020373438393634206b420a4d656d467265653a20202020202020202020343335313238206b420a427566666572733a20202020202020202020202035353638206b420a4361636865643a202020202020202020", "id": "501773657" } }
I/Choreographer(  422): Skipped 49 frames!  The application may be doing too much work on its main thread.
V/PhoneStatusBar(  422): setLightsOn(true)
D/PhoneStatusBar(  422): disable: < expand icons alerts ticker* system_info back home recent clock >
W/InputMethodManagerService(  227): Window already focused, ignoring focus gain of: com.android.internal.view.IInputMethodClient$Stub$Proxy@b4253310 attribute=android.view.inputmethod.EditorInfo@b4276670
I/Choreographer(  475): Skipped 96 frames!  The application may be doing too much work on its main thread.
D/InputEventConsistencyVerifier(  422): TouchEvent: ACTION_DOWN but pointers are already down.  Probably missing ACTION_UP from previous gesture.
D/InputEventConsistencyVerifier(  422):   in android.view.ScaleGestureDetector@b3e47b98
D/InputEventConsistencyVerifier(  422):   0: sent at 343899000000, MotionEvent { action=ACTION_DOWN, id[0]=0, x[0]=396.0, y[0]=22.0, toolType[0]=TOOL_TYPE_UNKNOWN, buttonState=0, metaState=0, flags=0x0, edgeFlags=0x0, pointerCount=1, historySize=0, eventTime=343899, downTime=343898, deviceId=0, source=0x1002 }
D/InputEventConsistencyVerifier(  422):   -- recent events --
D/InputEventConsistencyVerifier(  422):   1: sent at 342861000000, MotionEvent { action=ACTION_DOWN, id[0]=0, x[0]=188.0, y[0]=386.0, toolType[0]=TOOL_TYPE_UNKNOWN, buttonState=0, metaState=0, flags=0x80000000, edgeFlags=0x0, pointerCount=1, historySize=0, eventTime=342861, downTime=342861, deviceId=0, source=0x1002 }
D/InputEventConsistencyVerifier(  422):   2: sent at 342748000000, MotionEvent { action=ACTION_DOWN, id[0]=0, x[0]=459.0, y[0]=550.0, toolType[0]=TOOL_TYPE_UNKNOWN, buttonState=0, metaState=0, flags=0x80000000, edgeFlags=0x0, pointerCount=1, historySize=0, eventTime=342748, downTime=342748, deviceId=0, source=0x1002 }
D/InputEventConsistencyVerifier(  422):   3: sent at 342636000000, MotionEvent { action=ACTION_DOWN, id[0]=0, x[0]=343.0, y[0]=172.0, toolType[0]=TOOL_TYPE_UNKNOWN, buttonState=0, metaState=0, flags=0x0, edgeFlags=0x0, pointerCount=1, historySize=0, eventTime=342636, downTime=342633, deviceId=0, source=0x1002 }
D/InputEventConsistencyVerifier(  422):   4: sent at 342092000000, MotionEvent { action=ACTION_UP, id[0]=0, x[0]=320.0, y[0]=30.0, toolType[0]=TOOL_TYPE_UNKNOWN, buttonState=0, metaState=0, flags=0x0, edgeFlags=0x0, pointerCount=1, historySize=0, eventTime=342092, downTime=342085, deviceId=0, source=0x1002 }
D/InputEventConsistencyVerifier(  422):   5: sent at 342086000000, MotionEvent { action=ACTION_DOWN, id[0]=0, x[0]=316.0, y[0]=29.0, toolType[0]=TOOL_TYPE_UNKNOWN, buttonState=0, metaState=0, flags=0x80000000, edgeFlags=0x0, pointerCount=1, historySize=0, eventTime=342086, downTime=342085, deviceId=0, source=0x1002 }
W/dalvikvm(  422): DroidBox: { "FdAccess": { "path": "2f70726f632f6d656d696e666f", "id": "1796937171" } }
W/DroidBox(  422): DroidBox: { "FileRW": { "operation": "read", "data": "4d656d546f74616c3a202020202020202020373438393634206b420a4d656d467265653a20202020202020202020343336323434206b420a427566666572733a20202020202020202020202035353736206b420a4361636865643a202020202020202020", "id": "1796937171" } }
D/PhoneStatusBar(  422): disable: < expand icons alerts TICKER* system_info back home recent clock >
W/dalvikvm(  422): DroidBox: { "FdAccess": { "path": "2f70726f632f6d656d696e666f", "id": "1705911864" } }
W/DroidBox(  422): DroidBox: { "FileRW": { "operation": "read", "data": "4d656d546f74616c3a202020202020202020373438393634206b420a4d656d467265653a20202020202020202020343336323434206b420a427566666572733a20202020202020202020202035353736206b420a4361636865643a202020202020202020", "id": "1705911864" } }
D/InputEventConsistencyVerifier(  422): KeyEvent: ACTION_UP but key was not down.
D/InputEventConsistencyVerifier(  422):   in com.android.systemui.statusbar.phone.StatusBarWindowView@b3da71d8
D/InputEventConsistencyVerifier(  422):   0: sent at 344127000000, KeyEvent { action=ACTION_UP, keyCode=KEYCODE_DPAD_UP, scanCode=0, metaState=0, flags=0x8, repeatCount=0, eventTime=344127, downTime=344127, deviceId=-1, source=0x101 }
D/InputEventConsistencyVerifier(  422):   -- recent events --
D/InputEventConsistencyVerifier(  422):   1: sent at 344040000000, (unhandled) KeyEvent { action=ACTION_UP, keyCode=KEYCODE_L, scanCode=0, metaState=0, flags=0x8, repeatCount=0, eventTime=344040, downTime=344040, deviceId=-1, source=0x101 }
D/InputEventConsistencyVerifier(  422):   2: sent at 344032000000, (unhandled) KeyEvent { action=ACTION_DOWN, keyCode=KEYCODE_L, scanCode=0, metaState=0, flags=0x8, repeatCount=0, eventTime=344032, downTime=344032, deviceId=-1, source=0x101 }
D/InputEventConsistencyVerifier(  422):   3: sent at 344014000000, (unhandled) KeyEvent { action=ACTION_UP, keyCode=KEYCODE_MENU, scanCode=0, metaState=0, flags=0x8, repeatCount=0, eventTime=344014, downTime=344014, deviceId=-1, source=0x101 }
D/InputEventConsistencyVerifier(  422):   4: sent at 343916000000, (unhandled) KeyEvent { action=ACTION_DOWN, keyCode=KEYCODE_MENU, scanCode=0, metaState=0, flags=0x8, repeatCount=0, eventTime=343916, downTime=343916, deviceId=-1, source=0x101 }
D/InputEventConsistencyVerifier(  422):   5: sent at 343906000000, MotionEvent { action=ACTION_UP, id[0]=0, x[0]=401.0, y[0]=37.0, toolType[0]=TOOL_TYPE_UNKNOWN, buttonState=0, metaState=0, flags=0x0, edgeFlags=0x0, pointerCount=1, historySize=0, eventTime=343906, downTime=343898, deviceId=0, source=0x1002 }
I/Choreographer(  422): Skipped 33 frames!  The application may be doing too much work on its main thread.
W/dalvikvm(  422): DroidBox: { "FdAccess": { "path": "2f70726f632f6d656d696e666f", "id": "1540772723" } }
W/DroidBox(  422): DroidBox: { "FileRW": { "operation": "read", "data": "4d656d546f74616c3a202020202020202020373438393634206b420a4d656d467265653a20202020202020202020343336323434206b420a427566666572733a20202020202020202020202035353736206b420a4361636865643a202020202020202020", "id": "1540772723" } }
D/InputEventConsistencyVerifier(  422): KeyEvent: ACTION_UP but key was not down.
D/InputEventConsistencyVerifier(  422):   in com.android.systemui.statusbar.phone.PhoneStatusBarView@b3da9170
D/InputEventConsistencyVerifier(  422):   0: sent at 344383000000, KeyEvent { action=ACTION_UP, keyCode=KEYCODE_NUMPAD_2, scanCode=0, metaState=0, flags=0x8, repeatCount=0, eventTime=344383, downTime=344383, deviceId=-1, source=0x101 }
D/InputEventConsistencyVerifier(  422):   -- recent events --
D/InputEventConsistencyVerifier(  422):   1: sent at 344194000000, (unhandled) KeyEvent { action=ACTION_UP, keyCode=KEYCODE_DPAD_UP, scanCode=0, metaState=0, flags=0x8, repeatCount=0, eventTime=344194, downTime=344194, deviceId=-1, source=0x101 }
D/InputEventConsistencyVerifier(  422):   2: sent at 344146000000, (unhandled) KeyEvent { action=ACTION_DOWN, keyCode=KEYCODE_DPAD_UP, scanCode=0, metaState=0, flags=0x8, repeatCount=0, eventTime=344146, downTime=344146, deviceId=-1, source=0x101 }
D/InputEventConsistencyVerifier(  422):   3: sent at 344127000000, (unhandled) KeyEvent { action=ACTION_UP, keyCode=KEYCODE_DPAD_UP, scanCode=0, metaState=0, flags=0x80000008, repeatCount=0, eventTime=344127, downTime=344127, deviceId=-1, source=0x101 }
D/InputEventConsistencyVerifier(  422):   4: sent at 344032000000, (unhandled) KeyEvent { action=ACTION_DOWN, keyCode=KEYCODE_L, scanCode=0, metaState=0, flags=0x8, repeatCount=0, eventTime=344032, downTime=344032, deviceId=-1, source=0x101 }
D/InputEventConsistencyVerifier(  422):   5: sent at 343906000000, MotionEvent { action=ACTION_UP, id[0]=0, x[0]=401.0, y[0]=37.0, toolType[0]=TOOL_TYPE_UNKNOWN, buttonState=0, metaState=0, flags=0x0, edgeFlags=0x0, pointerCount=1, historySize=0, eventTime=343906, downTime=343898, deviceId=0, source=0x1002 }
D/InputEventConsistencyVerifier(  422): KeyEvent: ACTION_UP but key was not down.
D/InputEventConsistencyVerifier(  422):   in com.android.systemui.statusbar.phone.StatusBarWindowView@b3da71d8
D/InputEventConsistencyVerifier(  422):   0: sent at 344383000000, KeyEvent { action=ACTION_UP, keyCode=KEYCODE_DPAD_DOWN, scanCode=0, metaState=0, flags=0x8, repeatCount=0, eventTime=344383, downTime=344383, deviceId=-1, source=0x101 }
D/InputEventConsistencyVerifier(  422):   -- recent events --
D/InputEventConsistencyVerifier(  422):   1: sent at 344383000000, (unhandled) KeyEvent { action=ACTION_UP, keyCode=KEYCODE_NUMPAD_2, scanCode=0, metaState=0, flags=0x8, repeatCount=0, eventTime=344383, downTime=344383, deviceId=-1, source=0x101 }
D/InputEventConsistencyVerifier(  422):   2: sent at 344298000000, (unhandled) KeyEvent { action=ACTION_DOWN, keyCode=KEYCODE_NUMPAD_2, scanCode=0, metaState=0, flags=0x8, repeatCount=0, eventTime=344298, downTime=344298, deviceId=-1, source=0x101 }
D/InputEventConsistencyVerifier(  422):   3: sent at 344280000000, MotionEvent { action=ACTION_UP, id[0]=0, x[0]=248.0, y[0]=706.0, toolType[0]=TOOL_TYPE_UNKNOWN, buttonState=0, metaState=0, flags=0x0, edgeFlags=0x0, pointerCount=1, historySize=0, eventTime=344280, downTime=344202, deviceId=0, source=0x1002 }
D/InputEventConsistencyVerifier(  422):   4: sent at 344251000000, MotionEvent { action=ACTION_MOVE, id[0]=0, x[0]=244.0, y[0]=704.0, toolType[0]=TOOL_TYPE_UNKNOWN, buttonState=0, metaState=0, flags=0x0, edgeFlags=0x0, pointerCount=1, historySize=8, eventTime=344251, downTime=344202, deviceId=0, source=0x1002 }
D/InputEventConsistencyVerifier(  422):   5: sent at 344221000000, MotionEvent { action=ACTION_DOWN, id[0]=0, x[0]=227.0, y[0]=649.0, toolType[0]=TOOL_TYPE_UNKNOWN, buttonState=0, metaState=0, flags=0x0, edgeFlags=0x0, pointerCount=1, historySize=0, eventTime=344221, downTime=344202, deviceId=0, source=0x1002 }
I/Choreographer(  422): Skipped 65 frames!  The application may be doing too much work on its main thread.
V/PhoneStatusBar(  422): setLightsOn(true)
D/PhoneStatusBar(  422): disable: < expand icons alerts ticker* system_info back home recent clock >
W/InputMethodManagerService(  227): Window already focused, ignoring focus gain of: com.android.internal.view.IInputMethodClient$Stub$Proxy@b3dc5568 attribute=android.view.inputmethod.EditorInfo@b4105bf8
I/Choreographer(  929): Skipped 43 frames!  The application may be doing too much work on its main thread.
I/Choreographer(  475): Skipped 98 frames!  The application may be doing too much work on its main thread.
I/Choreographer(  475): Skipped 145 frames!  The application may be doing too much work on its main thread.
I/Choreographer(  475): Skipped 74 frames!  The application may be doing too much work on its main thread.
I/InputAttributes(  475): InputType.TYPE_NULL is specified
D/InputEventConsistencyVerifier(  929): KeyEvent: ACTION_UP but key was not down.
D/InputEventConsistencyVerifier(  929):   in android.widget.Button@b3fb7780
D/InputEventConsistencyVerifier(  929):   0: sent at 347121000000, KeyEvent { action=ACTION_UP, keyCode=KEYCODE_DPAD_DOWN, scanCode=0, metaState=0, flags=0x8, repeatCount=0, eventTime=347121, downTime=347121, deviceId=-1, source=0x101 }
D/InputEventConsistencyVerifier(  929):   -- recent events --
D/InputEventConsistencyVerifier(  929):   1: sent at 341312000000, (unhandled) KeyEvent { action=ACTION_UP, keyCode=KEYCODE_MOVE_HOME, scanCode=0, metaState=0, flags=0x8, repeatCount=0, eventTime=341312, downTime=341312, deviceId=-1, source=0x101 }
D/InputEventConsistencyVerifier(  929):   2: sent at 341157000000, (unhandled) KeyEvent { action=ACTION_DOWN, keyCode=KEYCODE_MOVE_HOME, scanCode=0, metaState=0, flags=0x8, repeatCount=0, eventTime=341157, downTime=341157, deviceId=-1, source=0x101 }
D/InputEventConsistencyVerifier(  929):   3: sent at 340783000000, (unhandled) KeyEvent { action=ACTION_UP, keyCode=KEYCODE_DPAD_DOWN, scanCode=0, metaState=0, flags=0x80000008, repeatCount=0, eventTime=340783, downTime=340783, deviceId=-1, source=0x101 }
D/InputEventConsistencyVerifier(  929):   4: sent at 334443000000, KeyEvent { action=ACTION_UP, keyCode=KEYCODE_DPAD_CENTER, scanCode=0, metaState=0, flags=0x8, repeatCount=0, eventTime=334443, downTime=334443, deviceId=-1, source=0x101 }
D/InputEventConsistencyVerifier(  929):   5: sent at 334372000000, KeyEvent { action=ACTION_DOWN, keyCode=KEYCODE_DPAD_CENTER, scanCode=0, metaState=0, flags=0x8, repeatCount=0, eventTime=334372, downTime=334372, deviceId=-1, source=0x101 }
I/Choreographer(  475): Skipped 89 frames!  The application may be doing too much work on its main thread.
D/InputEventConsistencyVerifier(  422): TouchEvent: ACTION_DOWN but pointers are already down.  Probably missing ACTION_UP from previous gesture.
D/InputEventConsistencyVerifier(  422):   in android.view.ScaleGestureDetector@b3e47b98
D/InputEventConsistencyVerifier(  422):   0: sent at 348211000000, MotionEvent { action=ACTION_DOWN, id[0]=0, x[0]=266.0, y[0]=26.0, toolType[0]=TOOL_TYPE_UNKNOWN, buttonState=0, metaState=0, flags=0x0, edgeFlags=0x0, pointerCount=1, historySize=0, eventTime=348211, downTime=348211, deviceId=0, source=0x1002 }
D/InputEventConsistencyVerifier(  422):   -- recent events --
D/InputEventConsistencyVerifier(  422):   1: sent at 344221000000, MotionEvent { action=ACTION_DOWN, id[0]=0, x[0]=227.0, y[0]=649.0, toolType[0]=TOOL_TYPE_UNKNOWN, buttonState=0, metaState=0, flags=0x0, edgeFlags=0x0, pointerCount=1, historySize=0, eventTime=344221, downTime=344202, deviceId=0, source=0x1002 }
D/InputEventConsistencyVerifier(  422):   2: sent at 343906000000, MotionEvent { action=ACTION_UP, id[0]=0, x[0]=401.0, y[0]=37.0, toolType[0]=TOOL_TYPE_UNKNOWN, buttonState=0, metaState=0, flags=0x0, edgeFlags=0x0, pointerCount=1, historySize=0, eventTime=343906, downTime=343898, deviceId=0, source=0x1002 }
D/InputEventConsistencyVerifier(  422):   3: sent at 343899000000, MotionEvent { action=ACTION_DOWN, id[0]=0, x[0]=396.0, y[0]=22.0, toolType[0]=TOOL_TYPE_UNKNOWN, buttonState=0, metaState=0, flags=0x80000000, edgeFlags=0x0, pointerCount=1, historySize=0, eventTime=343899, downTime=343898, deviceId=0, source=0x1002 }
D/InputEventConsistencyVerifier(  422):   4: sent at 342861000000, MotionEvent { action=ACTION_DOWN, id[0]=0, x[0]=188.0, y[0]=386.0, toolType[0]=TOOL_TYPE_UNKNOWN, buttonState=0, metaState=0, flags=0x80000000, edgeFlags=0x0, pointerCount=1, historySize=0, eventTime=342861, downTime=342861, deviceId=0, source=0x1002 }
D/InputEventConsistencyVerifier(  422):   5: sent at 342748000000, MotionEvent { action=ACTION_DOWN, id[0]=0, x[0]=459.0, y[0]=550.0, toolType[0]=TOOL_TYPE_UNKNOWN, buttonState=0, metaState=0, flags=0x80000000, edgeFlags=0x0, pointerCount=1, historySize=0, eventTime=342748, downTime=342748, deviceId=0, source=0x1002 }
W/dalvikvm(  422): DroidBox: { "FdAccess": { "path": "2f70726f632f6d656d696e666f", "id": "2021868392" } }
W/DroidBox(  422): DroidBox: { "FileRW": { "operation": "read", "data": "4d656d546f74616c3a202020202020202020373438393634206b420a4d656d467265653a20202020202020202020343338313230206b420a427566666572733a20202020202020202020202035353736206b420a4361636865643a202020202020202020", "id": "2021868392" } }
I/Choreographer(  422): Skipped 60 frames!  The application may be doing too much work on its main thread.
W/dalvikvm(  422): DroidBox: { "FdAccess": { "path": "2f70726f632f6d656d696e666f", "id": "1235122089" } }
W/DroidBox(  422): DroidBox: { "FileRW": { "operation": "read", "data": "4d656d546f74616c3a202020202020202020373438393634206b420a4d656d467265653a20202020202020202020343338313230206b420a427566666572733a20202020202020202020202035353736206b420a4361636865643a202020202020202020", "id": "1235122089" } }
D/PhoneStatusBar(  422): disable: < expand icons alerts TICKER* system_info back home recent clock >
D/InputEventConsistencyVerifier(  422): KeyEvent: ACTION_UP but key was not down.
D/InputEventConsistencyVerifier(  422):   in com.android.systemui.statusbar.phone.StatusBarWindowView@b3da71d8
D/InputEventConsistencyVerifier(  422):   0: sent at 348597000000, KeyEvent { action=ACTION_UP, keyCode=KEYCODE_DPAD_DOWN, scanCode=0, metaState=0, flags=0x28, repeatCount=0, eventTime=348597, downTime=348516, deviceId=-1, source=0x101 }
D/InputEventConsistencyVerifier(  422):   -- recent events --
D/InputEventConsistencyVerifier(  422):   1: sent at 348476000000, MotionEvent { action=ACTION_UP, id[0]=0, x[0]=421.0, y[0]=279.0, toolType[0]=TOOL_TYPE_UNKNOWN, buttonState=0, metaState=0, flags=0x0, edgeFlags=0x0, pointerCount=1, historySize=0, eventTime=348476, downTime=348466, deviceId=0, source=0x1002 }
D/InputEventConsistencyVerifier(  422):   2: sent at 348470000000, MotionEvent { action=ACTION_DOWN, id[0]=0, x[0]=421.0, y[0]=290.0, toolType[0]=TOOL_TYPE_UNKNOWN, buttonState=0, metaState=0, flags=0x0, edgeFlags=0x0, pointerCount=1, historySize=0, eventTime=348470, downTime=348466, deviceId=0, source=0x1002 }
D/InputEventConsistencyVerifier(  422):   3: sent at 348313000000, (unhandled) KeyEvent { action=ACTION_UP, keyCode=KEYCODE_MEDIA_PLAY_PAUSE, scanCode=0, metaState=0, flags=0x8, repeatCount=0, eventTime=348313, downTime=348313, deviceId=-1, source=0x101 }
D/InputEventConsistencyVerifier(  422):   4: sent at 348227000000, (unhandled) KeyEvent { action=ACTION_DOWN, keyCode=KEYCODE_MEDIA_PLAY_PAUSE, scanCode=0, metaState=0, flags=0x8, repeatCount=0, eventTime=348227, downTime=348227, deviceId=-1, source=0x101 }
D/InputEventConsistencyVerifier(  422):   5: sent at 348218000000, MotionEvent { action=ACTION_UP, id[0]=0, x[0]=259.0, y[0]=24.0, toolType[0]=TOOL_TYPE_UNKNOWN, buttonState=0, metaState=0, flags=0x0, edgeFlags=0x0, pointerCount=1, historySize=0, eventTime=348218, downTime=348211, deviceId=0, source=0x1002 }
I/Choreographer(  422): Skipped 47 frames!  The application may be doing too much work on its main thread.
D/PhoneStatusBar(  422): disable: < expand icons alerts ticker* system_info back home recent clock >
V/PhoneStatusBar(  422): setLightsOn(true)
D/InputEventConsistencyVerifier(  929): KeyEvent: ACTION_UP but key was not down.
D/InputEventConsistencyVerifier(  929):   in android.view.ViewRootImpl@b3e055b8
D/InputEventConsistencyVerifier(  929):   0: sent at 348533000000, KeyEvent { action=ACTION_UP, keyCode=KEYCODE_DPAD_DOWN, scanCode=0, metaState=0, flags=0x8, repeatCount=0, eventTime=348533, downTime=348533, deviceId=-1, source=0x101 }
W/InputMethodManagerService(  227): Window already focused, ignoring focus gain of: com.android.internal.view.IInputMethodClient$Stub$Proxy@b3f0e008 attribute=android.view.inputmethod.EditorInfo@b3f0e020
I/InputAttributes(  475): InputType.TYPE_NULL is specified
I/Choreographer(  929): Skipped 192 frames!  The application may be doing too much work on its main thread.
I/Choreographer(  475): Skipped 180 frames!  The application may be doing too much work on its main thread.
V/PhoneStatusBar(  422): setLightsOn(true)
D/InputEventConsistencyVerifier(  929): KeyEvent: ACTION_UP but key was not down.
D/InputEventConsistencyVerifier(  929):   in android.view.ViewRootImpl@b3fb8a60
D/InputEventConsistencyVerifier(  929):   0: sent at 349912000000, KeyEvent { action=ACTION_UP, keyCode=KEYCODE_DPAD_UP, scanCode=0, metaState=0, flags=0x8, repeatCount=0, eventTime=349912, downTime=349912, deviceId=-1, source=0x101 }
D/InputEventConsistencyVerifier(  929):   -- recent events --
D/InputEventConsistencyVerifier(  929):   1: sent at 349211000000, MotionEvent { action=ACTION_UP, id[0]=0, x[0]=128.0, y[0]=341.0, toolType[0]=TOOL_TYPE_UNKNOWN, buttonState=0, metaState=0, flags=0x0, edgeFlags=0x0, pointerCount=1, historySize=0, eventTime=349211, downTime=349206, deviceId=0, source=0x1002 }
D/InputEventConsistencyVerifier(  929):   2: sent at 349206000000, MotionEvent { action=ACTION_DOWN, id[0]=0, x[0]=137.0, y[0]=326.0, toolType[0]=TOOL_TYPE_UNKNOWN, buttonState=0, metaState=0, flags=0x0, edgeFlags=0x0, pointerCount=1, historySize=0, eventTime=349206, downTime=349206, deviceId=0, source=0x1002 }
D/InputEventConsistencyVerifier(  929):   3: sent at 349070000000, MotionEvent { action=ACTION_UP, id[0]=0, x[0]=209.0, y[0]=358.0, toolType[0]=TOOL_TYPE_UNKNOWN, buttonState=0, metaState=0, flags=0x0, edgeFlags=0x0, pointerCount=1, historySize=0, eventTime=349070, downTime=349063, deviceId=0, source=0x1002 }
D/InputEventConsistencyVerifier(  929):   4: sent at 349068000000, MotionEvent { action=ACTION_MOVE, id[0]=0, x[0]=194.0, y[0]=355.0, toolType[0]=TOOL_TYPE_UNKNOWN, buttonState=0, metaState=0, flags=0x0, edgeFlags=0x0, pointerCount=1, historySize=0, eventTime=349068, downTime=349063, deviceId=0, source=0x1002 }
D/InputEventConsistencyVerifier(  929):   5: sent at 349064000000, MotionEvent { action=ACTION_DOWN, id[0]=0, x[0]=184.0, y[0]=333.0, toolType[0]=TOOL_TYPE_UNKNOWN, buttonState=0, metaState=0, flags=0x0, edgeFlags=0x0, pointerCount=1, historySize=0, eventTime=349064, downTime=349063, deviceId=0, source=0x1002 }
I/Choreographer(  929): Skipped 142 frames!  The application may be doing too much work on its main thread.
W/InputMethodManagerService(  227): Window already focused, ignoring focus gain of: com.android.internal.view.IInputMethodClient$Stub$Proxy@b4092f18 attribute=null
I/Choreographer(  929): Skipped 51 frames!  The application may be doing too much work on its main thread.
W/DroidBox( 1086): DroidBox: { "ServiceStart": { "name": "com.android.music.MediaPlaybackService" } }
W/DroidBox( 1086): DroidBox: { "ServiceStart": { "name": "com.android.music.MediaPlaybackService" } }
I/Choreographer(  475): Skipped 296 frames!  The application