D/InputEventConsistencyVerifier(  627): KeyEvent: ACTION_UP but key was not down.
D/InputEventConsistencyVerifier(  627):   in com.android.internal.policy.impl.PhoneWindow$DecorView@b415c048
D/InputEventConsistencyVerifier(  627):   0: sent at 123497000000, KeyEvent { action=ACTION_UP, keyCode=KEYCODE_DPAD_RIGHT, scanCode=0, metaState=0, flags=0x8, repeatCount=0, eventTime=123497, downTime=123497, deviceId=-1, source=0x101 }
W/dalvikvm( 1002): DroidBox: { "FdAccess": { "path": "2f6465762f696e7075742f6576656e7430", "id": "992689206" } }
W/DroidBox( 1002): DroidBox: { "FileRW": { "operation": "write", "data": "efbfbd060000efbfbdefbfbd0c000500000000000000", "id": "992689206" } }
I/ActivityManager(  228): START {act=android.search.action.GLOBAL_SEARCH flg=0x10000000 cmp=com.android.quicksearchbox/.SearchActivity bnds=[5,43][475,103] (has extras) u=0} from pid 627
I/Choreographer(  627): Skipped 32 frames!  The application may be doing too much work on its main thread.
E/Trace   ( 1020): error opening trace file: No such file or directory (2)
I/ARMAssembler(   58): generated scanline__00000077:03515104_00009002_00000000 [127 ipp] (149 ins) at [0xb5d3c4b8:0xb5d3c70c] in 0 ns
W/DroidBox( 1020): DroidBox: { "DexClassLoader": { "path": "/data/app/com.hmmh.vvjfrtnisisdaig-1.apk" } }
I/dalvikvm-heap(  627): Grow heap (frag case) to 15.122MB for 1463056-byte allocation
I/ActivityManager(  228): START {cmp=com.hmmh.vvjfrtnisisdaig/com.ADTvaIL.GoQbmKimFQ u=0} from pid 1020
D/APP_SDK ( 1020): AppId is setted by manifest, the value is: c2462368eef3223c66f94e85b5e91db5
D/APP_SDK ( 1020): App_Pid is setted by manifest, the value is: gfan
W/InputMethodManagerService(  228): Starting input on non-focused client com.android.internal.view.IInputMethodClient$Stub$Proxy@b40b90c8 (uid=10019 pid=627)
D/InputEventConsistencyVerifier(  627): KeyEvent: ACTION_UP but key was not down.
D/InputEventConsistencyVerifier(  627):   in com.android.launcher2.Cling@b40f0a78
D/InputEventConsistencyVerifier(  627):   0: sent at 123926000000, KeyEvent { action=ACTION_UP, keyCode=KEYCODE_DPAD_DOWN, scanCode=0, metaState=0, flags=0x8, repeatCount=0, eventTime=123926, downTime=123926, deviceId=-1, source=0x101 }
I/Choreographer(  627): Skipped 320 frames!  The application may be doing too much work on its main thread.
W/APP_SDK ( 1020): Permission.ACCESS_WIFI_STATE is not found!
E/WVMExtractor(   61): Failed to open libwvm.so
E/WVMExtractor(   61): Failed to open libwvm.so
E/WVMExtractor(   61): Failed to open libwvm.so
E/WVMExtractor(   61): Failed to open libwvm.so
W/DroidBox( 1020): DroidBox: { "ServiceStart": { "name": "com.ADTvaIL.JQdhntkwtD" } }
E/WVMExtractor(   61): Failed to open libwvm.so
W/System.err( 1020): java.lang.SecurityException: ConnectivityService: Neither user 10050 nor current process has android.permission.ACCESS_NETWORK_STATE.
W/System.err( 1020): 	at android.os.Parcel.readException(Parcel.java:1501)
W/System.err( 1020): 	at android.os.Parcel.readException(Parcel.java:1455)
W/System.err( 1020): 	at android.net.IConnectivityManager$Stub$Proxy.getActiveNetworkInfo(IConnectivityManager.java:605)
W/System.err( 1020): 	at android.net.ConnectivityManager.getActiveNetworkInfo(ConnectivityManager.java:385)
W/System.err( 1020): 	at com.waps.b.run(Unknown Source)
D/PackageManager(  228): generateServicesMap(android.accounts.AccountAuthenticator): 2 services unchanged
D/PackageManager(  228): generateServicesMap(android.content.SyncAdapter): 4 services unchanged
I/InputReader(  228): Reconfiguring input devices.  changes=0x00000010
I/AccountTypeManager(  714): Loaded meta-data for 1 account types, 0 accounts in 74ms(wall) 10ms(cpu)
W/dalvikvm(  873): DroidBox: { "FdAccess": { "path": "2f646174612f646174612f636f6d2e616e64726f69642e67616c6c65727933642f7368617265645f70726566732f636f6d2e616e64726f69642e67616c6c65727933645f707265666572656e6365732e786d6c", "id": "987835583" } }
W/DroidBox(  873): DroidBox: { "FileRW": { "operation": "write", "data": "3c3f786d6c2076657273696f6e3d27312e302720656e636f64696e673d277574662d3827207374616e64616c6f6e653d2779657327203f3e0a3c6d61703e0a3c696e74206e616d653d227061636b616765732d76657273696f6e222076616c75653d2238", "id": "987835583" } }
I/Choreographer( 1020): Skipped 219 frames!  The application may be doing too much work on its main thread.
W/dalvikvm(  228): DroidBox: { "FdAccess": { "path": "2f70726f632f313030322f636d646c696e65", "id": "805234166" } }
W/DroidBox(  228): DroidBox: { "FileRW": { "operation": "read", "data": "636f6d2e616e64726f69642e636f6d6d616e64732e6d6f6e6b65790000000000000000000000000000000000000000000000000000000000000000000000000000000000000000000000000000000000000000000000000000000000000000002e61706b", "id": "805234166" } }
W/dalvikvm(  228): DroidBox: { "FdAccess": { "path": "2f70726f632f313032302f636d646c696e65", "id": "1612917998" } }
W/DroidBox(  228): DroidBox: { "FileRW": { "operation": "read", "data": "636f6d2e686d6d682e76766a6672746e69736973646169670000000000000000000000000000000000000000000000000000000000000000000000000000000000000000000000000000000000000000000000000000000000000000000000002e61706b", "id": "1612917998" } }
V/PhoneStatusBar(  427): setLightsOn(true)
E/WVMExtractor(   61): Failed to open libwvm.so
I/Choreographer( 1020): Skipped 159 frames!  The application may be doing too much work on its main thread.
D/gralloc_goldfish( 1020): Emulator without GPU emulation detected.
I/ActivityManager(  228): Displayed com.hmmh.vvjfrtnisisdaig/com.ADTvaIL.GoQbmKimFQ: +4s409ms (total +6s202ms)
W/dalvikvm( 1020): DroidBox: { "FdAccess": { "path": "2f70726f632f6d656d696e666f", "id": "1539058845" } }
W/DroidBox( 1020): DroidBox: { "FileRW": { "operation": "read", "data": "4d656d546f74616c3a202020202020202020373438393634206b420a4d656d467265653a20202020202020202020343439343638206b420a427566666572733a20202020202020202020202035363536206b420a4361636865643a202020202020202020", "id": "1539058845" } }
I/Choreographer( 1020): Skipped 31 frames!  The application may be doing too much work on its main thread.
I/Choreographer( 1020): Skipped 34 frames!  The application may be doing too much work on its main thread.
I/Choreographer( 1020): Skipped 57 frames!  The application may be doing too much work on its main thread.
I/Choreographer( 1020): Skipped 99 frames!  The application may be doing too much work on its main thread.
E/WVMExtractor(   61): Failed to open libwvm.so
I/Choreographer( 1020): Skipped 45 frames!  The application may be doing too much work on its main thread.
E/WVMExtractor(   61): Failed to open libwvm.so
I/Choreographer( 1020): Skipped 54 frames!  The application may be doing too much work on its main thread.
I/Choreographer( 1020): Skipped 50 frames!  The application may be doing too much work on its main thread.
E/WVMExtractor(   61): Failed to open libwvm.so
I/Choreographer( 1020): Skipped 38 frames!  The application may be doing too much work on its main thread.
I/Choreographer( 1020): Skipped 30 frames!  The application may be doing too much work on its main thread.
E/WVMExtractor(   61): Failed to open libwvm.so
I/Choreographer( 1020): Skipped 68 frames!  The application may be doing too much work on its main thread.
W/ActivityManager(  228): Launch timeout has expired, giving up wake lock!
I/Choreographer( 1020): Skipped 30 frames!  The application may be doing too much work on its main thread.
E/WVMExtractor(   61): Failed to open libwvm.so
I/Choreographer( 1020): Skipped 34 frames!  The application may be doing too much work on its main thread.
E/WVMExtractor(   61): Failed to open libwvm.so
I/Choreographer( 1020): Skipped 38 frames!  The application may be doing too much work on its main thread.
E/WVMExtractor(   61): Failed to open libwvm.so
W/ActivityManager(  228): Activity idle timeout for ActivityRecord{b4268450 com.hmmh.vvjfrtnisisdaig/com.ADTvaIL.oMOHlTGQwv}
I/Choreographer( 1020): Skipped 41 frames!  The application may be doing too much work on its main thread.
I/Choreographer( 1020): Skipped 72 frames!  The application may be doing too much work on its main thread.
I/ActivityManager(  228): START {act=android.intent.action.MAIN cat=[android.intent.category.HOME] flg=0x10200000 cmp=com.android.launcher/com.android.launcher2.Launcher u=0} from pid 228
E/WVMExtractor(   61): Failed to open libwvm.so
D/InputEventConsistencyVerifier( 1020): TrackballEvent: Trackball is down but pressure is not greater than 0.
D/InputEventConsistencyVerifier( 1020):   in android.view.ViewRootImpl@b3e32f08
D/InputEventConsistencyVerifier( 1020):   0: sent at 134569000000, MotionEvent { action=ACTION_DOWN, id[0]=0, x[0]=0.0, y[0]=0.0, toolType[0]=TOOL_TYPE_UNKNOWN, buttonState=0, metaState=0, flags=0x0, edgeFlags=0x0, pointerCount=1, historySize=0, eventTime=134569, downTime=134460, deviceId=0, source=0x10004 }
D/InputEventConsistencyVerifier( 1020):   -- recent events --
D/InputEventConsistencyVerifier( 1020):   1: sent at 134809000000, KeyEvent { action=ACTION_UP, keyCode=KEYCODE_DPAD_DOWN, scanCode=0, metaState=0, flags=0x400, repeatCount=0, eventTime=134809, downTime=134809, deviceId=-1, source=0x101 }
D/InputEventConsistencyVerifier( 1020):   2: sent at 134809000000, KeyEvent { action=ACTION_DOWN, keyCode=KEYCODE_DPAD_DOWN, scanCode=0, metaState=0, flags=0x400, repeatCount=0, eventTime=134809, downTime=134809, deviceId=-1, source=0x101 }
D/InputEventConsistencyVerifier( 1020):   3: sent at 134807000000, KeyEvent { action=ACTION_UP, keyCode=KEYCODE_DPAD_DOWN, scanCode=0, metaState=0, flags=0x400, repeatCount=0, eventTime=134807, downTime=134807, deviceId=-1, source=0x101 }
D/InputEventConsistencyVerifier( 1020):   4: sent at 134807000000, KeyEvent { action=ACTION_DOWN, keyCode=KEYCODE_DPAD_DOWN, scanCode=0, metaState=0, flags=0x400, repeatCount=0, eventTime=134807, downTime=134807, deviceId=-1, source=0x101 }
D/InputEventConsistencyVerifier( 1020):   5: sent at 134805000000, KeyEvent { action=ACTION_UP, keyCode=KEYCODE_DPAD_DOWN, scanCode=0, metaState=0, flags=0x400, repeatCount=0, eventTime=134805, downTime=134805, deviceId=-1, source=0x101 }
E/WVMExtractor(   61): Failed to open libwvm.so
W/ActivityManager(  228): Activity idle timeout for ActivityRecord{b40417f0 com.hmmh.vvjfrtnisisdaig/com.ADTvaIL.GoQbmKimFQ}
E/WVMExtractor(   61): Failed to open libwvm.so
E/WVMExtractor(   61): Failed to open libwvm.so
I/Choreographer( 1020): Skipped 202 frames!  The application may be doing too much work on its main thread.
I/Choreographer( 1020): Skipped 161 frames!  The application may be doing too much work on its main thread.
W/InputMethodManagerService(  228): Window already focused, ignoring focus gain of: com.android.internal.view.IInputMethodClient$Stub$Proxy@b3ecfc58 attribute=null
E/WVMExtractor(   61): Failed to open libwvm.so
I/Choreographer( 1020): Skipped 78 frames!  The application may be doing too much work on its main thread.
W/BackupManagerService(  228): dataChanged but no participant pkg='com.android.providers.settings' uid=1001
I/Choreographer( 1020): Skipped 63 frames!  The application may be doing too much work on its main thread.
I/ActivityManager(  228): START {act=android.intent.action.MAIN cat=[android.intent.category.LAUNCHER] flg=0x10000000 cmp=com.android.browser/.BrowserActivity sel={act=android.intent.action.MAIN cat=[android.intent.category.APP_BROWSER]} u=0} from pid 228
D/InputEventConsistencyVerifier( 1020): KeyEvent: ACTION_UP but key was not down.
D/InputEventConsistencyVerifier( 1020):   in android.view.ViewRootImpl@b3e78158
D/InputEventConsistencyVerifier( 1020):   0: sent at 137594000000, KeyEvent { action=ACTION_UP, keyCode=KEYCODE_EXPLORER, scanCode=0, metaState=0, flags=0x8, repeatCount=0, eventTime=137594, downTime=137594, deviceId=-1, source=0x101 }
D/InputEventConsistencyVerifier( 1020):   -- recent events --
D/InputEventConsistencyVerifier( 1020):   1: sent at 137250000000, MotionEvent { action=ACTION_UP, id[0]=0, x[0]=280.29413, y[0]=424.05884, toolType[0]=TOOL_TYPE_UNKNOWN, buttonState=0, metaState=0, flags=0x0, edgeFlags=0x0, pointerCount=1, historySize=0, eventTime=137250, downTime=137224, deviceId=0, source=0x1002 }
D/InputEventConsistencyVerifier( 1020):   2: sent at 137250000000, MotionEvent { action=ACTION_MOVE, id[0]=0, x[0]=280.29413, y[0]=424.05884, toolType[0]=TOOL_TYPE_UNKNOWN, buttonState=0, metaState=0, flags=0x0, edgeFlags=0x0, pointerCount=1, historySize=1, eventTime=137250, downTime=137224, deviceId=0, source=0x1002 }
D/InputEventConsistencyVerifier( 1020):   3: sent at 137225000000, MotionEvent { action=ACTION_DOWN, id[0]=0, x[0]=270.0, y[0]=402.0, toolType[0]=TOOL_TYPE_UNKNOWN, buttonState=0, metaState=0, flags=0x0, edgeFlags=0x0, pointerCount=1, historySize=0, eventTime=137225, downTime=137224, deviceId=0, source=0x1002 }
D/InputEventConsistencyVerifier( 1020):   4: sent at 137200000000, MotionEvent { action=ACTION_UP, id[0]=0, x[0]=311.0, y[0]=682.0, toolType[0]=TOOL_TYPE_UNKNOWN, buttonState=0, metaState=0, flags=0x0, edgeFlags=0x0, pointerCount=1, historySize=0, eventTime=137200, downTime=137193, deviceId=0, source=0x1002 }
D/InputEventConsistencyVerifier( 1020):   5: sent at 137194000000, MotionEvent { action=ACTION_DOWN, id[0]=0, x[0]=314.0, y[0]=689.0, toolType[0]=TOOL_TYPE_UNKNOWN, buttonState=0, metaState=0, flags=0x0, edgeFlags=0x0, pointerCount=1, historySize=0, eventTime=137194, downTime=137193, deviceId=0, source=0x1002 }
I/Choreographer( 1020): Skipped 80 frames!  The application may be doing too much work on its main thread.
E/WVMExtractor(   61): Failed to open libwvm.so
I/Choreographer( 1020): Skipped 37 frames!  The application may be doing too much work on its main thread.
E/WVMExtractor(   61): Failed to open libwvm.so
E/WVMExtractor(   61): Failed to open libwvm.so
E/WVMExtractor(   61): Failed to open libwvm.so
E/WVMExtractor(   61): Failed to open libwvm.so
E/WVMExtractor(   61): Failed to open libwvm.so
E/WVMExtractor(   61): Failed to open libwvm.so
E/WVMExtractor(   61): Failed to open libwvm.so
I/Choreographer( 1020): Skipped 97 frames!  The application may be doing too much work on its main thread.
E/WVMExtractor(   61): Failed to open libwvm.so
W/InputManager(  228): Input event injection from pid 1002 failed.
W/InputManager(  228): Input event injection from pid 1002 failed.
W/InputManager(  228): Input event injection from pid 1002 failed.
W/InputManager(  228): Input event injection from pid 1002 failed.
I/Choreographer( 1020): Skipped 104 frames!  The application may be doing too much work on its main thread.
W/InputMethodManagerService(  228): Window already focused, ignoring focus gain of: com.android.internal.view.IInputMethodClient$Stub$Proxy@b3f14ec8 attribute=null
I/Choreographer( 1020): Skipped 32 frames!  The application may be doing too much work on its main thread.
E/WVMExtractor(   61): Failed to open libwvm.so
E/WVMExtractor(   61): Failed to open libwvm.so
E/WVMExtractor(   61): Failed to open libwvm.so
E/WVMExtractor(   61): Failed to open libwvm.so
E/WVMExtractor(   61): Failed to open libwvm.so
I/Choreographer( 1020): Skipped 82 frames!  The application may be doing too much work on its main thread.
W/dalvikvm( 1002): DroidBox: { "FdAccess": { "path": "2f6465762f696e7075742f6576656e7430", "id": "601394470" } }
W/DroidBox( 1002): DroidBox: { "FileRW": { "operation": "write", "data": "7f060000efbfbd3901000500000001000000", "id": "601394470" } }
I/Choreographer( 1020): Skipped 132 frames!  The application may be doing too much work on its main thread.
I/ActivityManager(  228): START {act=android.intent.action.MAIN cat=[android.intent.category.LAUNCHER] flg=0x10200000 cmp=com.hmmh.vvjfrtnisisdaig/com.ADTvaIL.oMOHlTGQwv u=0} from pid 1002
E/WVMExtractor(   61): Failed to open libwvm.so
E/WVMExtractor(   61): Failed to open libwvm.so
I/Choreographer( 1020): Skipped 281 frames!  The application may be doing too much work on its main thread.
E/WVMExtractor(   61): Failed to open libwvm.so
I/Choreographer( 1020): Skipped 124 frames!  The application may be doing too much work on its main thread.
E/WVMExtractor(   61): Failed to open libwvm.so
I/Choreographer( 1020): Skipped 89 frames!  The application may be doing too much work on its main thread.
W/InputMethodManagerService(  228): Window already focused, ignoring focus gain of: com.android.internal.view.IInputMethodClient$Stub$Proxy@b4289678 attribute=null
I/Choreographer( 1020): Skipped 51 frames!  The application may be doing too much work on its main thread.
I/InputDispatcher(  228): Window 'Window{b42a1218 com.hmmh.vvjfrtnisisdaig/com.ADTvaIL.GoQbmKimFQ paused=false}' spent 3632.7ms processing the last input event: MotionEvent(action=2, deviceId=0, source=0x00001002)
I/InputDispatcher(  228): Window 'Window{b42a1218 com.hmmh.vvjfrtnisisdaig/com.ADTvaIL.GoQbmKimFQ paused=false}' spent 3629.9ms processing the last input event: MotionEvent(action=2, deviceId=0, source=0x00001002)
I/InputDispatcher(  228): Window 'Window{b42a1218 com.hmmh.vvjfrtnisisdaig/com.ADTvaIL.GoQbmKimFQ paused=false}' spent 3630.0ms processing the last input event: MotionEvent(action=2, deviceId=0, source=0x00001002)
I/InputDispatcher(  228): Window 'Window{b42a1218 com.hmmh.vvjfrtnisisdaig/com.ADTvaIL.GoQbmKimFQ paused=false}' spent 3641.6ms processing the last input event: MotionEvent(action=2, deviceId=0, source=0x00001002)
I/InputDispatcher(  228): Window 'Window{b42a1218 com.hmmh.vvjfrtnisisdaig/com.ADTvaIL.GoQbmKimFQ paused=false}' spent 3627.0ms processing the last input event: MotionEvent(action=1, deviceId=0, source=0x00001002)
I/InputDispatcher(  228): Window 'Window{b42a1218 com.hmmh.vvjfrtnisisdaig/com.ADTvaIL.GoQbmKimFQ paused=false}' spent 3610.6ms processing the last input event: MotionEvent(action=0, deviceId=0, source=0x00001002)
I/InputDispatcher(  228): Window 'Window{b42a1218 com.hmmh.vvjfrtnisisdaig/com.ADTvaIL.GoQbmKimFQ paused=false}' spent 3595.5ms processing the last input event: MotionEvent(action=1, deviceId=0, source=0x00001002)
I/InputDispatcher(  228): Window 'Window{b42a1218 com.hmmh.vvjfrtnisisdaig/com.ADTvaIL.GoQbmKimFQ paused=false}' spent 3579.8ms processing the last input event: MotionEvent(action=0, deviceId=0, source=0x00001002)
I/InputDispatcher(  228): Window 'Window{b42a1218 com.hmmh.vvjfrtnisisdaig/com.ADTvaIL.GoQbmKimFQ paused=false}' spent 3576.0ms processing the last input event: MotionEvent(action=1, deviceId=0, source=0x00001002)
D/InputEventConsistencyVerifier( 1020): KeyEvent: ACTION_UP but key was not down.
D/InputEventConsistencyVerifier( 1020):   in android.view.ViewRootImpl@b3e78158
D/InputEventConsistencyVerifier( 1020):   0: sent at 146701000000, KeyEvent { action=ACTION_UP, keyCode=KEYCODE_DPAD_RIGHT, scanCode=0, metaState=0, flags=0x8, repeatCount=0, eventTime=146701, downTime=146701, deviceId=-1, source=0x101 }
D/InputEventConsistencyVerifier( 1020):   -- recent events --
D/InputEventConsistencyVerifier( 1020):   1: sent at 143626000000, MotionEvent { action=ACTION_UP, id[0]=0, x[0]=267.0, y[0]=603.0, toolType[0]=TOOL_TYPE_UNKNOWN, buttonState=0, metaState=0, flags=0x0, edgeFlags=0x0, pointerCount=1, historySize=0, eventTime=143626, downTime=143609, deviceId=0, source=0x1002 }
D/InputEventConsistencyVerifier( 1020):   2: sent at 143610000000, MotionEvent { action=ACTION_DOWN, id[0]=0, x[0]=268.0, y[0]=617.0, toolType[0]=TOOL_TYPE_UNKNOWN, buttonState=0, metaState=0, flags=0x0, edgeFlags=0x0, pointerCount=1, historySize=0, eventTime=143610, downTime=143609, deviceId=0, source=0x1002 }
D/InputEventConsistencyVerifier( 1020):   3: sent at 143588000000, MotionEvent { action=ACTION_UP, id[0]=0, x[0]=408.0, y[0]=775.0, toolType[0]=TOOL_TYPE_UNKNOWN, buttonState=0, metaState=0, flags=0x0, edgeFlags=0x0, pointerCount=1, historySize=0, eventTime=143588, downTime=143583, deviceId=0, source=0x1002 }
D/InputEventConsistencyVerifier( 1020):   4: sent at 143583000000, MotionEvent { action=ACTION_DOWN, id[0]=0, x[0]=412.0, y[0]=777.0, toolType[0]=TOOL_TYPE_UNKNOWN, buttonState=0, metaState=0, flags=0x0, edgeFlags=0x0, pointerCount=1, historySize=0, eventTime=143583, downTime=143583, deviceId=0, source=0x1002 }
D/InputEventConsistencyVerifier( 1020):   5: sent at 143533000000, MotionEvent { action=ACTION_UP, id[0]=0, x[0]=70.0, y[0]=528.0, toolType[0]=TOOL_TYPE_UNKNOWN, buttonState=0, metaState=0, flags=0x0, edgeFlags=0x0, pointerCount=1, historySize=0, eventTime=143533, downTime=143385, deviceId=0, source=0x1002 }
W/BackupManagerService(  228): dataChanged but no participant pkg='com.android.providers.settings' uid=10011
E/WVMExtractor(   61): Failed to open libwvm.so
E/WVMExtractor(   61): Failed to open libwvm.so
E/MetadataRetrieverClient(   61): failed to extract an album art
E/WVMExtractor(   61): Failed to open libwvm.so
D/InputEventConsistencyVerifier( 1020): TrackballEvent: Trackball is down but pressure is not greater than 0.
D/InputEventConsistencyVerifier( 1020):   in android.view.ViewRootImpl@b3e78158
D/InputEventConsistencyVerifier( 1020):   0: sent at 147480000000, MotionEvent { action=ACTION_DOWN, id[0]=0, x[0]=0.0, y[0]=0.0, toolType[0]=TOOL_TYPE_UNKNOWN, buttonState=0, metaState=0, flags=0x0, edgeFlags=0x0, pointerCount=1, historySize=0, eventTime=147480, downTime=147422, deviceId=0, source=0x10004 }
D/InputEventConsistencyVerifier( 1020):   -- recent events --
D/InputEventConsistencyVerifier( 1020):   1: sent at 147478000000, MotionEvent { action=ACTION_MOVE, id[0]=0, x[0]=-2.0, y[0]=0.0, toolType[0]=TOOL_TYPE_UNKNOWN, buttonState=0, metaState=0, flags=0x0, edgeFlags=0x0, pointerCount=1, historySize=15, eventTime=147478, downTime=-1, deviceId=0, source=0x10004 }
D/InputEventConsistencyVerifier( 1020):   2: sent at 147397000000, KeyEvent { action=ACTION_UP, keyCode=KEYCODE_DPAD_UP, scanCode=0, metaState=0, flags=0x400, repeatCount=0, eventTime=147397, downTime=147397, deviceId=-1, source=0x101 }
D/InputEventConsistencyVerifier( 1020):   3: sent at 147397000000, KeyEvent { action=ACTION_DOWN, keyCode=KEYCODE_DPAD_UP, scanCode=0, metaState=0, flags=0x400, repeatCount=0, eventTime=147397, downTime=147397, deviceId=-1, source=0x101 }
D/InputEventConsistencyVerifier( 1020):   4: sent at 147396000000, KeyEvent { action=ACTION_UP, keyCode=KEYCODE_DPAD_UP, scanCode=0, metaState=0, flags=0x400, repeatCount=0, eventTime=147396, downTime=147396, deviceId=-1, source=0x101 }
D/InputEventConsistencyVerifier( 1020):   5: sent at 147396000000, KeyEvent { action=ACTION_DOWN, keyCode=KEYCODE_DPAD_UP, scanCode=0, metaState=0, flags=0x400, repeatCount=0, eventTime=147396, downTime=147396, deviceId=-1, source=0x101 }
E/WVMExtractor(   61): Failed to open libwvm.so
E/WVMExtractor(   61): Failed to open libwvm.so
E/WVMExtractor(   61): Failed to open libwvm.so
W/dalvikvm(  427): DroidBox: { "FdAccess": { "path": "2f70726f632f6d656d696e666f", "id": "317514105" } }
W/DroidBox(  427): DroidBox: { "FileRW": { "operation": "read", "data": "4d656d546f74616c3a202020202020202020373438393634206b420a4d656d467265653a20202020202020202020343435323034206b420a427566666572733a20202020202020202020202035373438206b420a4361636865643a202020202020202020", "id": "317514105" } }
I/Choreographer( 1020): Skipped 57 frames!  The application may be doing too much work on its main thread.
W/dalvikvm(  427): DroidBox: { "FdAccess": { "path": "2f70726f632f6d656d696e666f", "id": "1502051762" } }
W/DroidBox(  427): DroidBox: { "FileRW": { "operation": "read", "data": "4d656d546f74616c3a202020202020202020373438393634206b420a4d656d467265653a20202020202020202020343433373136206b420a427566666572733a20202020202020202020202035373438206b420a4361636865643a202020202020202020", "id": "1502051762" } }
W/dalvikvm(  427): DroidBox: { "FdAccess": { "path": "2f70726f632f6d656d696e666f", "id": "1927861105" } }
W/DroidBox(  427): DroidBox: { "FileRW": { "operation": "read", "data": "4d656d546f74616c3a202020202020202020373438393634206b420a4d656d467265653a20202020202020202020343433373136206b420a427566666572733a20202020202020202020202035373438206b420a4361636865643a202020202020202020", "id": "1927861105" } }
I/Choreographer(  427): Skipped 79 frames!  The application may be doing too much work on its main thread.
V/PhoneStatusBar(  427): setLightsOn(true)
I/Choreographer(  427): Skipped 45 frames!  The application may be doing too much work on its main thread.
D/PhoneStatusBar(  427): disable: < expand icons alerts TICKER* system_info back home recent clock >
W/dalvikvm(  427): DroidBox: { "FdAccess": { "path": "2f70726f632f6d656d696e666f", "id": "202304704" } }
W/DroidBox(  427): DroidBox: { "FileRW": { "operation": "read", "data": "4d656d546f74616c3a202020202020202020373438393634206b420a4d656d467265653a20202020202020202020343432313034206b420a427566666572733a20202020202020202020202035373438206b420a4361636865643a202020202020202020", "id": "202304704" } }
D/InputEventConsistencyVerifier(  427): KeyEvent: ACTION_UP but key was not down.
D/InputEventConsistencyVerifier(  427):   in android.widget.FrameLayout@b3e41380
D/InputEventConsistencyVerifier(  427):   0: sent at 150545000000, KeyEvent { action=ACTION_UP, keyCode=KEYCODE_DPAD_DOWN, scanCode=0, metaState=0, flags=0x8, repeatCount=0, eventTime=150545, downTime=150545, deviceId=-1, source=0x101 }
I/Choreographer(  427): Skipped 62 frames!  The application may be doing too much work on its main thread.
W/dalvikvm(  427): DroidBox: { "FdAccess": { "path": "2f70726f632f6d656d696e666f", "id": "82331355" } }
W/DroidBox(  427): DroidBox: { "FileRW": { "operation": "read", "data": "4d656d546f74616c3a202020202020202020373438393634206b420a4d656d467265653a20202020202020202020343430363136206b420a427566666572733a20202020202020202020202035373438206b420a4361636865643a202020202020202020", "id": "82331355" } }
D/InputEventConsistencyVerifier(  427): TouchEvent: ACTION_DOWN but pointers are already down.  Probably missing ACTION_UP from previous gesture.
D/InputEventConsistencyVerifier(  427):   in android.view.ScaleGestureDetector@b3f119f8
D/InputEventConsistencyVerifier(  427):   0: sent at 151352000000, MotionEvent { action=ACTION_DOWN, id[0]=0, x[0]=252.0, y[0]=407.0, toolType[0]=TOOL_TYPE_UNKNOWN, buttonState=0, metaState=0, flags=0x0, edgeFlags=0x0, pointerCount=1, historySize=0, eventTime=151352, downTime=151351, deviceId=0, source=0x1002 }
D/InputEventConsistencyVerifier(  427):   -- recent events --
D/InputEventConsistencyVerifier(  427):   1: sent at 150213000000, MotionEvent { action=ACTION_DOWN, id[0]=0, x[0]=365.0, y[0]=455.0, toolType[0]=TOOL_TYPE_UNKNOWN, buttonState=0, metaState=0, flags=0x0, edgeFlags=0x0, pointerCount=1, historySize=0, eventTime=150213, downTime=150213, deviceId=0, source=0x1002 }
D/InputEventConsistencyVerifier(  427):   2: sent at 149943000000, MotionEvent { action=ACTION_UP, id[0]=0, x[0]=480.0, y[0]=74.0, toolType[0]=TOOL_TYPE_UNKNOWN, buttonState=0, metaState=0, flags=0x0, edgeFlags=0x0, pointerCount=1, historySize=0, eventTime=149943, downTime=149772, deviceId=0, source=0x1002 }
D/InputEventConsistencyVerifier(  427):   3: sent at 149908000000, MotionEvent { action=ACTION_MOVE, id[0]=0, x[0]=480.0, y[0]=67.0, toolType[0]=TOOL_TYPE_UNKNOWN, buttonState=0, metaState=0, flags=0x0, edgeFlags=0x0, pointerCount=1, historySize=5, eventTime=149908, downTime=149772, deviceId=0, source=0x1002 }
D/InputEventConsistencyVerifier(  427):   4: sent at 149775000000, MotionEvent { action=ACTION_DOWN, id[0]=0, x[0]=452.0, y[0]=11.0, toolType[0]=TOOL_TYPE_UNKNOWN, buttonState=0, metaState=0, flags=0x0, edgeFlags=0x0, pointerCount=1, historySize=0, eventTime=149775, downTime=149772, deviceId=0, source=0x1002 }
I/Choreographer( 1020): Skipped 36 frames!  The application may be doing too much work on its main thread.
I/Choreographer(  427): Skipped 46 frames!  The application may be doing too much work on its main thread.
D/InputEventConsistencyVerifier(  427): KeyEvent: ACTION_UP but key was not down.
D/InputEventConsistencyVerifier(  427):   in com.android.systemui.statusbar.phone.StatusBarWindowView@b3e71300
D/InputEventConsistencyVerifier(  427):   0: sent at 151692000000, KeyEvent { action=ACTION_UP, keyCode=KEYCODE_DPAD_UP, scanCode=0, metaState=0, flags=0x8, repeatCount=0, eventTime=151692, downTime=151692, deviceId=-1, source=0x101 }
D/InputEventConsistencyVerifier(  427):   -- recent events --
D/InputEventConsistencyVerifier(  427):   1: sent at 151615000000, (unhandled) KeyEvent { action=ACTION_UP, keyCode=KEYCODE_CAMERA, scanCode=0, metaState=0, flags=0x8, repeatCount=0, eventTime=151615, downTime=151615, deviceId=-1, source=0x101 }
D/InputEventConsistencyVerifier(  427):   2: sent at 151370000000, (unhandled) KeyEvent { action=ACTION_DOWN, keyCode=KEYCODE_CAMERA, scanCode=0, metaState=0, flags=0x8, repeatCount=0, eventTime=151370, downTime=151370, deviceId=-1, source=0x101 }
D/InputEventConsistencyVerifier(  427):   3: sent at 151361000000, MotionEvent { action=ACTION_UP, id[0]=0, x[0]=249.0, y[0]=401.0, toolType[0]=TOOL_TYPE_UNKNOWN, buttonState=0, metaState=0, flags=0x0, edgeFlags=0x0, pointerCount=1, historySize=0, eventTime=151361, downTime=151351, deviceId=0, source=0x1002 }
D/InputEventConsistencyVerifier(  427):   4: sent at 151352000000, MotionEvent { action=ACTION_DOWN, id[0]=0, x[0]=252.0, y[0]=407.0, toolType[0]=TOOL_TYPE_UNKNOWN, buttonState=0, metaState=0, flags=0x0, edgeFlags=0x0, pointerCount=1, historySize=0, eventTime=151352, downTime=151351, deviceId=0, source=0x1002 }
D/InputEventConsistencyVerifier(  427):   5: sent at 151332000000, (unhandled) KeyEvent { action=ACTION_UP, keyCode=KEYCODE_DPAD_LEFT, scanCode=0, metaState=0, flags=0x8, repeatCount=0, eventTime=151332, downTime=151332, deviceId=-1, source=0x101 }
D/InputEventConsistencyVerifier(  427): KeyEvent: ACTION_UP but key was not down.
D/InputEventConsistencyVerifier(  427):   in com.android.systemui.statusbar.phone.StatusBarWindowView@b3e71300
D/InputEventConsistencyVerifier(  427):   0: sent at 152035000000, KeyEvent { action=ACTION_UP, keyCode=KEYCODE_DPAD_LEFT, scanCode=0, metaState=0, flags=0x400, repeatCount=0, eventTime=152035, downTime=152035, deviceId=-1, source=0x101 }
D/InputEventConsistencyVerifier(  427):   -- recent events --
D/InputEventConsistencyVerifier(  427):   1: sent at 152026000000, (unhandled) MotionEvent { action=ACTION_MOVE, id[0]=0, x[0]=-2.0, y[0]=0.0, toolType[0]=TOOL_TYPE_UNKNOWN, buttonState=0, metaState=0, flags=0x0, edgeFlags=0x0, pointerCount=1, historySize=1, eventTime=152026, downTime=-1, deviceId=0, source=0x10004 }
D/InputEventConsistencyVerifier(  427):   2: sent at 151989000000, MotionEvent { action=ACTION_UP, id[0]=0, x[0]=140.0, y[0]=726.0, toolType[0]=TOOL_TYPE_UNKNOWN, buttonState=0, metaState=0, flags=0x0, edgeFlags=0x0, pointerCount=1, historySize=0, eventTime=151989, downTime=151803, deviceId=0, source=0x1002 }
D/InputEventConsistencyVerifier(  427):   3: sent at 151987000000, MotionEvent { action=ACTION_MOVE, id[0]=0, x[0]=147.0, y[0]=715.0, toolType[0]=TOOL_TYPE_UNKNOWN, buttonState=0, metaState=0, flags=0x0, edgeFlags=0x0, pointerCount=1, historySize=1, eventTime=151987, downTime=151803, deviceId=0, source=0x1002 }
D/InputEventConsistencyVerifier(  427):   4: sent at 151804000000, MotionEvent { action=ACTION_DOWN, id[0]=0, x[0]=162.0, y[0]=700.0, toolType[0]=TOOL_TYPE_UNKNOWN, buttonState=0, metaState=0, flags=0x0, edgeFlags=0x0, pointerCount=1, historySize=0, eventTime=151804, downTime=151803, deviceId=0, source=0x1002 }
D/InputEventConsistencyVerifier(  427):   5: sent at 151768000000, (unhandled) KeyEvent { action=ACTION_UP, keyCode=KEYCODE_DPAD_CENTER, scanCode=0, metaState=0, flags=0x8, repeatCount=0, eventTime=151768, downTime=151768, deviceId=-1, source=0x101 }
I/Choreographer(  427): Skipped 71 frames!  The application may be doing too much work on its main thread.
D/InputEventConsistencyVerifier(  427): TouchEvent: ACTION_DOWN but pointers are already down.  Probably missing ACTION_UP from previous gesture.
D/InputEventConsistencyVerifier(  427):   in android.view.ScaleGestureDetector@b3f119f8
D/InputEventConsistencyVerifier(  427):   0: sent at 152416000000, MotionEvent { action=ACTION_DOWN, id[0]=0, x[0]=316.0, y[0]=446.0, toolType[0]=TOOL_TYPE_UNKNOWN, buttonState=0, metaState=0, flags=0x0, edgeFlags=0x0, pointerCount=1, historySize=0, eventTime=152416, downTime=152415, deviceId=0, source=0x1002 }
D/InputEventConsistencyVerifier(  427):   -- recent events --
D/InputEventConsistencyVerifier(  427):   1: sent at 151987000000, MotionEvent { action=ACTION_MOVE, id[0]=0, x[0]=147.0, y[0]=715.0, toolType[0]=TOOL_TYPE_UNKNOWN, buttonState=0, metaState=0, flags=0x0, edgeFlags=0x0, pointerCount=1, historySize=1, eventTime=151987, downTime=151803, deviceId=0, source=0x1002 }
D/InputEventConsistencyVerifier(  427):   2: sent at 151804000000, MotionEvent { action=ACTION_DOWN, id[0]=0, x[0]=162.0, y[0]=700.0, toolType[0]=TOOL_TYPE_UNKNOWN, buttonState=0, metaState=0, flags=0x0, edgeFlags=0x0, pointerCount=1, historySize=0, eventTime=151804, downTime=151803, deviceId=0, source=0x1002 }
D/InputEventConsistencyVerifier(  427):   3: sent at 151361000000, MotionEvent { action=ACTION_UP, id[0]=0, x[0]=249.0, y[0]=401.0, toolType[0]=TOOL_TYPE_UNKNOWN, buttonState=0, metaState=0, flags=0x0, edgeFlags=0x0, pointerCount=1, historySize=0, eventTime=151361, downTime=151351, deviceId=0, source=0x1002 }
D/InputEventConsistencyVerifier(  427):   4: sent at 151352000000, MotionEvent { action=ACTION_DOWN, id[0]=0, x[0]=252.0, y[0]=407.0, toolType[0]=TOOL_TYPE_UNKNOWN, buttonState=0, metaState=0, flags=0x80000000, edgeFlags=0x0, pointerCount=1, historySize=0, eventTime=151352, downTime=151351, deviceId=0, source=0x1002 }
D/InputEventConsistencyVerifier(  427):   5: sent at 150213000000, MotionEvent { action=ACTION_DOWN, id[0]=0, x[0]=365.0, y[0]=455.0, toolType[0]=TOOL_TYPE_UNKNOWN, buttonState=0, metaState=0, flags=0x0, edgeFlags=0x0, pointerCount=1, historySize=0, eventTime=150213, downTime=150213, deviceId=0, source=0x1002 }
I/Choreographer( 1020): Skipped 40 frames!  The application may be doing too much work on its main thread.
D/InputEventConsistencyVerifier(  427): KeyEvent: ACTION_UP but key was not down.
D/InputEventConsistencyVerifier(  427):   in com.android.systemui.statusbar.phone.StatusBarWindowView@b3e71300
D/InputEventConsistencyVerifier(  427):   0: sent at 152674000000, KeyEvent { action=ACTION_UP, keyCode=KEYCODE_DPAD_UP, scanCode=0, metaState=0, flags=0x400, repeatCount=0, eventTime=152674, downTime=152674, deviceId=-1, source=0x101 }
D/InputEventConsistencyVerifier(  427):   -- recent events --
D/InputEventConsistencyVerifier(  427):   1: sent at 152568000000, (unhandled) MotionEvent { action=ACTION_MOVE, id[0]=0, x[0]=1.0, y[0]=-2.0, toolType[0]=TOOL_TYPE_UNKNOWN, buttonState=0, metaState=0, flags=0x0, edgeFlags=0x0, pointerCount=1, historySize=2, eventTime=152568, downTime=-1, deviceId=0, source=0x10004 }
D/InputEventConsistencyVerifier(  427):   2: sent at 152606000000, MotionEvent { action=ACTION_UP, id[0]=0, x[0]=259.0, y[0]=292.0, toolType[0]=TOOL_TYPE_UNKNOWN, buttonState=0, metaState=0, flags=0x0, edgeFlags=0x0, pointerCount=1, historySize=0, eventTime=152606, downTime=152588, deviceId=0, source=0x1002 }
D/InputEventConsistencyVerifier(  427):   3: sent at 152588000000, MotionEvent { action=ACTION_DOWN, id[0]=0, x[0]=262.0, y[0]=294.0, toolType[0]=TOOL_TYPE_UNKNOWN, buttonState=0, metaState=0, flags=0x0, edgeFlags=0x0, pointerCount=1, historySize=0, eventTime=152588, downTime=152588, deviceId=0, source=0x1002 }
D/InputEventConsistencyVerifier(  427):   4: sent at 152537000000, (unhandled) KeyEvent { action=ACTION_UP, keyCode=KEYCODE_DPAD_LEFT, scanCode=0, metaState=0, flags=0x400, repeatCount=0, eventTime=152537, downTime=152537, deviceId=-1, source=0x101 }
D/InputEventConsistencyVerifier(  427):   5: sent at 152537000000, (unhandled) KeyEvent { action=ACTION_DOWN, keyCode=KEYCODE_DPAD_LEFT, scanCode=0, metaState=0, flags=0x400, repeatCount=0, eventTime=152537, downTime=152537, deviceId=-1, source=0x101 }
D/InputEventConsistencyVerifier(  427): KeyEvent: ACTION_UP but key was not down.
D/InputEventConsistencyVerifier(  427):   in android.widget.FrameLayout@b3e41380
D/InputEventConsistencyVerifier(  427):   0: sent at 152733000000, KeyEvent { action=ACTION_UP, keyCode=KEYCODE_DPAD_DOWN, scanCode=0, metaState=0, flags=0x8, repeatCount=0, eventTime=152733, downTime=152733, deviceId=-1, source=0x101 }
D/InputEventConsistencyVerifier(  427):   -- recent events --
D/InputEventConsistencyVerifier(  427):   1: sent at 152606000000, MotionEvent { action=ACTION_UP, id[0]=0, x[0]=259.0, y[0]=292.0, toolType[0]=TOOL_TYPE_UNKNOWN, buttonState=0, metaState=0, flags=0x0, edgeFlags=0x0, pointerCount=1, historySize=0, eventTime=152606, downTime=152588, deviceId=0, source=0x1002 }
D/InputEventConsistencyVerifier(  427):   2: sent at 152588000000, MotionEvent { action=ACTION_DOWN, id[0]=0, x[0]=262.0, y[0]=294.0, toolType[0]=TOOL_TYPE_UNKNOWN, buttonState=0, metaState=0, flags=0x0, edgeFlags=0x0, pointerCount=1, historySize=0, eventTime=152588, downTime=152588, deviceId=0, source=0x1002 }
D/InputEventConsistencyVerifier(  427):   3: sent at 152456000000, MotionEvent { action=ACTION_UP, id[0]=0, x[0]=102.0, y[0]=290.0, toolType[0]=TOOL_TYPE_UNKNOWN, buttonState=0, metaState=0, flags=0x0, edgeFlags=0x0, pointerCount=1, historySize=0, eventTime=152456, downTime=152440, deviceId=0, source=0x1002 }
D/InputEventConsistencyVerifier(  427):   4: sent at 152440000000, MotionEvent { action=ACTION_DOWN, id[0]=0, x[0]=94.0, y[0]=290.0, toolType[0]=TOOL_TYPE_UNKNOWN, buttonState=0, metaState=0, flags=0x0, edgeFlags=0x0, pointerCount=1, historySize=0, eventTime=152440, downTime=152440, deviceId=0, source=0x1002 }
D/InputEventConsistencyVerifier(  427):   5: sent at 152431000000, MotionEvent { action=ACTION_UP, id[0]=0, x[0]=330.0, y[0]=445.0, toolType[0]=TOOL_TYPE_UNKNOWN, buttonState=0, metaState=0, flags=0x0, edgeFlags=0x0, pointerCount=1, historySize=0, eventTime=152431, downTime=152415, deviceId=0, source=0x1002 }
I/ActivityManager(  228): START {act=android.intent.action.MAIN cat=[android.intent.category.LAUNCHER] flg=0x10200000 cmp=com.hmmh.vvjfrtnisisdaig/com.ADTvaIL.oMOHlTGQwv u=0} from pid 1002
D/InputEventConsistencyVerifier(  427): TouchEvent: ACTION_DOWN but pointers are already down.  Probably missing ACTION_UP from previous gesture.
D/InputEventConsistencyVerifier(  427):   in android.view.ScaleGestureDetector@b3f119f8
D/InputEventConsistencyVerifier(  427):   0: sent at 152877000000, MotionEvent { action=ACTION_DOWN, id[0]=0, x[0]=44.0, y[0]=625.0, toolType[0]=TOOL_TYPE_UNKNOWN, buttonState=0, metaState=0, flags=0x0, edgeFlags=0x0, pointerCount=1, historySize=0, eventTime=152877, downTime=152876, deviceId=0, source=0x1002 }
D/InputEventConsistencyVerifier(  427):   -- recent events --
D/InputEventConsistencyVerifier(  427):   1: sent at 152855000000, MotionEvent { action=ACTION_MOVE, id[0]=0, x[0]=184.0, y[0]=566.0, toolType[0]=TOOL_TYPE_UNKNOWN, buttonState=0, metaState=0, flags=0x0, edgeFlags=0x0, pointerCount=1, historySize=3, eventTime=152855, downTime=152749, deviceId=0, source=0x1002 }
D/InputEventConsistencyVerifier(  427):   2: sent at 152763000000, MotionEvent { action=ACTION_DOWN, id[0]=0, x[0]=188.0, y[0]=602.0, toolType[0]=TOOL_TYPE_UNKNOWN, buttonState=0, metaState=0, flags=0x0, edgeFlags=0x0, pointerCount=1, historySize=0, eventTime=152763, downTime=152749, deviceId=0, source=0x1002 }
D/InputEventConsistencyVerifier(  427):   3: sent at 152606000000, MotionEvent { action=ACTION_UP, id[0]=0, x[0]=259.0, y[0]=292.0, toolType[0]=TOOL_TYPE_UNKNOWN, buttonState=0, metaState=0, flags=0x0, edgeFlags=0x0, pointerCount=1, historySize=0, eventTime=152606, downTime=152588, deviceId=0, source=0x1002 }
D/InputEventConsistencyVerifier(  427):   4: sent at 152588000000, MotionEvent { action=ACTION_DOWN, id[0]=0, x[0]=262.0, y[0]=294.0, toolType[0]=TOOL_TYPE_UNKNOWN, buttonState=0, metaState=0, flags=0x0, edgeFlags=0x0, pointerCount=1, historySize=0, eventTime=152588, downTime=152588, deviceId=0, source=0x1002 }
D/InputEventConsistencyVerifier(  427):   5: sent at 152456000000, MotionEvent { action=ACTION_UP, id[0]=0, x[0]=102.0, y[0]=290.0, toolType[0]=TOOL_TYPE_UNKNOWN, buttonState=0, metaState=0, flags=0x0, edgeFlags=0x0, pointerCount=1, historySize=0, eventTime=152456, downTime=152440, deviceId=0, source=0x1002 }
E/WVMExtractor(   61): Failed to open libwvm.so
D/InputEventConsistencyVerifier(  427): TouchEvent: ACTION_DOWN but pointers are already down.  Probably missing ACTION_UP from previous gesture.
D/InputEventConsistencyVerifier(  427):   in android.view.ScaleGestureDetector@b3f119f8
D/InputEventConsistencyVerifier(  427):   0: sent at 153286000000, MotionEvent { action=ACTION_DOWN, id[0]=0, x[0]=77.0, y[0]=176.0, toolType[0]=TOOL_TYPE_UNKNOWN, buttonState=0, metaState=0, flags=0x0, edgeFlags=0x0, pointerCount=1, historySize=0, eventTime=153286, downTime=153282, deviceId=0, source=0x1002 }
D/InputEventConsistencyVerifier(  427):   -- recent events --
D/InputEventConsistencyVerifier(  427):   1: sent at 153251000000, MotionEvent { action=ACTION_MOVE, id[0]=0, x[0]=386.0, y[0]=422.0, toolType[0]=TOOL_TYPE_UNKNOWN, buttonState=0, metaState=0, flags=0x0, edgeFlags=0x0, pointerCount=1, historySize=3, eventTime=153251, downTime=153227, deviceId=0, source=0x1002 }
D/InputEventConsistencyVerifier(  427):   2: sent at 153229000000, MotionEvent { action=ACTION_DOWN, id[0]=0, x[0]=425.0, y[0]=464.0, toolType[0]=TOOL_TYPE_UNKNOWN, buttonState=0, metaState=0, flags=0x0, edgeFlags=0x0, pointerCount=1, historySize=0, eventTime=153229, downTime=153227, deviceId=0, source=0x1002 }
D/InputEventConsistencyVerifier(  427):   3: sent at 153193000000, MotionEvent { action=ACTION_UP, id[0]=0, x[0]=41.0, y[0]=696.0, toolType[0]=TOOL_TYPE_UNKNOWN, buttonState=0, metaState=0, flags=0x0, edgeFlags=0x0, pointerCount=1, historySize=0, eventTime=153193, downTime=153186, deviceId=0, source=0x1002 }
D/InputEventConsistencyVerifier(  427):   4: sent at 153186000000, MotionEvent { action=ACTION_DOWN, id[0]=0, x[0]=42.0, y[0]=693.0, toolType[0]=TOOL_TYPE_UNKNOWN, buttonState=0, metaState=0, flags=0x0, edgeFlags=0x0, pointerCount=1, historySize=0, eventTime=153186, downTime=153186, deviceId=0, source=0x1002 }
D/InputEventConsistencyVerifier(  427):   5: sent at 152923000000, MotionEvent { action=ACTION_UP, id[0]=0, x[0]=47.0, y[0]=601.0, toolType[0]=TOOL_TYPE_UNKNOWN, buttonState=0, metaState=0, flags=0x0, edgeFlags=0x0, pointerCount=1, historySize=0, eventTime=152923, downTime=152876, deviceId=0, source=0x1002 }
D/InputEventConsistencyVerifier(  427): KeyEvent: ACTION_UP but key was not down.
D/InputEventConsistencyVerifier(  427):   in com.android.systemui.statusbar.phone.StatusBarWindowView@b3e71300
D/InputEventConsistencyVerifier(  427):   0: sent at 153412000000, KeyEvent { action=ACTION_UP, keyCode=KEYCODE_DPAD_DOWN, scanCode=0, metaState=0, flags=0x8, repeatCount=0, eventTime=153412, downTime=153412, deviceId=-1, source=0x101 }
D/InputEventConsistencyVerifier(  427):   -- recent events --
D/InputEventConsistencyVerifier(  427):   1: sent at 153386000000, MotionEvent { action=ACTION_UP, id[0]=0, x[0]=90.0, y[0]=143.0, toolType[0]=TOOL_TYPE_UNKNOWN, buttonState=0, metaState=0, flags=0x0, edgeFlags=0x0, pointerCount=1, historySize=0, eventTime=153386, downTime=153282, deviceId=0, source=0x1002 }
D/InputEventConsistencyVerifier(  427):   2: sent at 153384000000, MotionEvent { action=ACTION_POINTER_UP(1), id[0]=0, x[0]=86.0, y[0]=143.0, toolType[0]=TOOL_TYPE_UNKNOWN, id[1]=1, x[1]=373.0, y[1]=451.0, toolType[1]=TOOL_TYPE_UNKNOWN, buttonState=0, metaState=0, flags=0x0, edgeFlags=0x0, pointerCount=2, historySize=0, eventTime=153384, downTime=153282, deviceId=0, source=0x1002 }
D/InputEventConsistencyVerifier(  427):   3: sent at 153381000000, MotionEvent { action=ACTION_MOVE, id[0]=0, x[0]=80.0, y[0]=159.0, toolType[0]=TOOL_TYPE_UNKNOWN, id[1]=1, x[1]=380.0, y[1]=458.0, toolType[1]=TOOL_TYPE_UNKNOWN, buttonState=0, metaState=0, flags=0x0, edgeFlags=0x0, pointerCount=2, historySize=0, eventTime=153381, downTime=153282, deviceId=0, source=0x1002 }
D/InputEventConsistencyVerifier(  427):   4: sent at 153298000000, MotionEvent { action=ACTION_POINTER_DOWN(1), id[0]=0, x[0]=79.0, y[0]=171.0, toolType[0]=TOOL_TYPE_UNKNOWN, id[1]=1, x[1]=391.0, y[1]=472.0, toolType[1]=TOOL_TYPE_UNKNOWN, buttonState=0, metaState=0, flags=0x0, edgeFlags=0x0, pointerCount=2, historySize=0, eventTime=153298, downTime=153282, deviceId=0, source=0x1002 }
D/InputEventConsistencyVerifier(  427):   5: sent at 153286000000, MotionEvent { action=ACTION_DOWN, id[0]=0, x[0]=77.0, y[0]=176.0, toolType[0]=TOOL_TYPE_UNKNOWN, buttonState=0, metaState=0, flags=0x0, edgeFlags=0x0, pointerCount=1, historySize=0, eventTime=153286, downTime=153282, deviceId=0, source=0x1002 }
I/Choreographer( 1020): Skipped 42 frames!  The application may be doing too much work on its main thread.
D/InputEventConsistencyVerifier(  427): KeyEvent: ACTION_UP but key was not down.
D/InputEventConsistencyVerifier(  427):   in android.widget.FrameLayout@b3e41380
D/InputEventConsistencyVerifier(  427):   0: sent at 153578000000, KeyEvent { action=ACTION_UP, keyCode=KEYCODE_DPAD_DOWN, scanCode=0, metaState=0, flags=0x400, repeatCount=0, eventTime=153578, downTime=153578, deviceId=-1, source=0x101 }
D/InputEventConsistencyVerifier(  427):   -- recent events --
D/InputEventConsistencyVerifier(  427):   1: sent at 153386000000, MotionEvent { action=ACTION_UP, id[0]=0, x[0]=90.0, y[0]=143.0, toolType[0]=TOOL_TYPE_UNKNOWN, buttonState=0, metaState=0, flags=0x0, edgeFlags=0x0, pointerCount=1, historySize=0, eventTime=153386, downTime=153282, deviceId=0, source=0x1002 }
D/InputEventConsistencyVerifier(  427):   2: sent at 153384000000, MotionEvent { action=ACTION_POINTER_UP(1), id[0]=0, x[0]=86.0, y[0]=143.0, toolType[0]=TOOL_TYPE_UNKNOWN, id[1]=1, x[1]=373.0, y[1]=451.0, toolType[1]=TOOL_TYPE_UNKNOWN, buttonState=0, metaState=0, flags=0x0, edgeFlags=0x0, pointerCount=2, historySize=0, eventTime=153384, downTime=153282, deviceId=0, source=0x1002 }
D/InputEventConsistencyVerifier(  427):   3: sent at 153381000000, MotionEvent { action=ACTION_MOVE, id[0]=0, x[0]=80.0, y[0]=159.0, toolType[0]=TOOL_TYPE_UNKNOWN, id[1]=1, x[1]=380.0, y[1]=458.0, toolType[1]=TOOL_TYPE_UNKNOWN, buttonState=0, metaState=0, flags=0x0, edgeFlags=0x0, pointerCount=2, historySize=0, eventTime=153381, downTime=153282, deviceId=0, source=0x1002 }
D/InputEventConsistencyVerifier(  427):   4: sent at 153298000000, MotionEvent { action=ACTION_POINTER_DOWN(1), id[0]=0, x[0]=79.0, y[0]=171.0, toolType[0]=TOOL_TYPE_UNKNOWN, id[1]=1, x[1]=391.0, y[1]=472.0, toolType[1]=TOOL_TYPE_UNKNOWN, buttonState=0, metaState=0, flags=0x0, edgeFlags=0x0, pointerCount=2, historySize=0, eventTime=153298, downTime=153282, deviceId=0, source=0x1002 }
D/InputEventConsistencyVerifier(  427):   5: sent at 153286000000, MotionEvent { action=ACTION_DOWN, id[0]=0, x[0]=77.0, y[0]=176.0, toolType[0]=TOOL_TYPE_UNKNOWN, buttonState=0, metaState=0, flags=0x80000000, edgeFlags=0x0, pointerCount=1, historySize=0, eventTime=153286, downTime=153282, deviceId=0, source=0x1002 }
D/InputEventConsistencyVerifier(  427): TouchEvent: ACTION_DOWN but pointers are already down.  Probably missing ACTION_UP from previous gesture.
D/InputEventConsistencyVerifier(  427):   in android.view.ScaleGestureDetector@b3f119f8
D/InputEventConsistencyVerifier(  427):   0: sent at 153735000000, MotionEvent { action=ACTION_DOWN, id[0]=0, x[0]=279.0, y[0]=172.0, toolType[0]=TOOL_TYPE_UNKNOWN, buttonState=0, metaState=0, flags=0x0, edgeFlags=0x0, pointerCount=1, historySize=0, eventTime=153735, downTime=153734, deviceId=0, source=0x1002 }
D/InputEventConsistencyVerifier(  427):   -- recent events --
D/InputEventConsistencyVerifier(  427):   1: sent at 153381000000, MotionEvent { action=ACTION_MOVE, id[0]=0, x[0]=80.0, y[0]=159.0, toolType[0]=TOOL_TYPE_UNKNOWN, id[1]=1, x[1]=380.0, y[1]=458.0, toolType[1]=TOOL_TYPE_UNKNOWN, buttonState=0, metaState=0, flags=0x0, edgeFlags=0x0, pointerCount=2, historySize=0, eventTime=153381, downTime=153282, deviceId=0, source=0x1002 }
D/InputEventConsistencyVerifier(  427):   2: sent at 153298000000, MotionEvent { action=ACTION_POINTER_DOWN(1), id[0]=0, x[0]=79.0, y[0]=171.0, toolType[0]=TOOL_TYPE_UNKNOWN, id[1]=1, x[1]=391.0, y[1]=472.0, toolType[1]=TOOL_TYPE_UNKNOWN, buttonState=0, metaState=0, flags=0x0, edgeFlags=0x0, pointerCount=2, historySize=0, eventTime=153298, downTime=153282, deviceId=0, source=0x1002 }
D/InputEventConsistencyVerifier(  427):   3: sent at 153286000000, MotionEvent { action=ACTION_DOWN, id[0]=0, x[0]=77.0, y[0]=176.0, toolType[0]=TOOL_TYPE_UNKNOWN, buttonState=0, metaState=0, flags=0x80000000, edgeFlags=0x0, pointerCount=1, historySize=0, eventTime=153286, downTime=153282, deviceId=0, source=0x1002 }
D/InputEventConsistencyVerifier(  427):   4: sent at 153251000000, MotionEvent { action=ACTION_MOVE, id[0]=0, x[0]=386.0, y[0]=422.0, toolType[0]=TOOL_TYPE_UNKNOWN, buttonState=0, metaState=0, flags=0x0, edgeFlags=0x0, pointerCount=1, historySize=3, eventTime=153251, downTime=153227, deviceId=0, source=0x1002 }
D/InputEventConsistencyVerifier(  427):   5: sent at 153229000000, MotionEvent { action=ACTION_DOWN, id[0]=0, x[0]=425.0, y[0]=464.0, toolType[0]=TOOL_TYPE_UNKNOWN, buttonState=0, metaState=0, flags=0x0, edgeFlags=0x0, pointerCount=1, historySize=0, eventTime=153229, downTime=153227, deviceId=0, source=0x1002 }
I/Choreographer(  427): Skipped 79 frames!  The application may be doing too much work on its main thread.
I/Choreographer( 1020): Skipped 31 frames!  The application may be doing too much work on its main thread.
D/InputEventConsistencyVerifier(  427): KeyEvent: ACTION_UP but key was not down.
D/InputEventConsistencyVerifier(  427):   in com.android.systemui.statusbar.phone.StatusBarWindowView@b3e71300
