D/InputEventConsistencyVerifier(  427):   0: sent at 153917000000, KeyEvent { action=ACTION_UP, keyCode=KEYCODE_DPAD_RIGHT, scanCode=0, metaState=0, flags=0x400, repeatCount=0, eventTime=153917, downTime=153917, deviceId=-1, source=0x101 }
D/InputEventConsistencyVerifier(  427):   -- recent events --
D/InputEventConsistencyVerifier(  427):   1: sent at 153900000000, (unhandled) MotionEvent { action=ACTION_MOVE, id[0]=0, x[0]=2.0, y[0]=1.0, toolType[0]=TOOL_TYPE_UNKNOWN, buttonState=0, metaState=0, flags=0x0, edgeFlags=0x0, pointerCount=1, historySize=5, eventTime=153900, downTime=-1, deviceId=0, source=0x10004 }
D/InputEventConsistencyVerifier(  427):   2: sent at 153831000000, MotionEvent { action=ACTION_UP, id[0]=0, x[0]=309.0, y[0]=674.0, toolType[0]=TOOL_TYPE_UNKNOWN, buttonState=0, metaState=0, flags=0x0, edgeFlags=0x0, pointerCount=1, historySize=0, eventTime=153831, downTime=153823, deviceId=0, source=0x1002 }
D/InputEventConsistencyVerifier(  427):   3: sent at 153829000000, MotionEvent { action=ACTION_MOVE, id[0]=0, x[0]=303.0, y[0]=678.0, toolType[0]=TOOL_TYPE_UNKNOWN, buttonState=0, metaState=0, flags=0x0, edgeFlags=0x0, pointerCount=1, historySize=0, eventTime=153829, downTime=153823, deviceId=0, source=0x1002 }
D/InputEventConsistencyVerifier(  427):   4: sent at 153823000000, MotionEvent { action=ACTION_DOWN, id[0]=0, x[0]=294.0, y[0]=682.0, toolType[0]=TOOL_TYPE_UNKNOWN, buttonState=0, metaState=0, flags=0x0, edgeFlags=0x0, pointerCount=1, historySize=0, eventTime=153823, downTime=153823, deviceId=0, source=0x1002 }
D/InputEventConsistencyVerifier(  427):   5: sent at 153814000000, MotionEvent { action=ACTION_UP, id[0]=0, x[0]=3.0, y[0]=709.0, toolType[0]=TOOL_TYPE_UNKNOWN, buttonState=0, metaState=0, flags=0x0, edgeFlags=0x0, pointerCount=1, historySize=0, eventTime=153814, downTime=153797, deviceId=0, source=0x1002 }
D/InputEventConsistencyVerifier(  427): KeyEvent: ACTION_UP but key was not down.
D/InputEventConsistencyVerifier(  427):   in android.widget.FrameLayout@b3e41380
D/InputEventConsistencyVerifier(  427):   0: sent at 154178000000, KeyEvent { action=ACTION_UP, keyCode=KEYCODE_DPAD_DOWN, scanCode=0, metaState=0, flags=0x400, repeatCount=0, eventTime=154178, downTime=154178, deviceId=-1, source=0x101 }
D/InputEventConsistencyVerifier(  427):   -- recent events --
D/InputEventConsistencyVerifier(  427):   1: sent at 153831000000, MotionEvent { action=ACTION_UP, id[0]=0, x[0]=309.0, y[0]=674.0, toolType[0]=TOOL_TYPE_UNKNOWN, buttonState=0, metaState=0, flags=0x0, edgeFlags=0x0, pointerCount=1, historySize=0, eventTime=153831, downTime=153823, deviceId=0, source=0x1002 }
D/InputEventConsistencyVerifier(  427):   2: sent at 153829000000, MotionEvent { action=ACTION_MOVE, id[0]=0, x[0]=303.0, y[0]=678.0, toolType[0]=TOOL_TYPE_UNKNOWN, buttonState=0, metaState=0, flags=0x0, edgeFlags=0x0, pointerCount=1, historySize=0, eventTime=153829, downTime=153823, deviceId=0, source=0x1002 }
D/InputEventConsistencyVerifier(  427):   3: sent at 153823000000, MotionEvent { action=ACTION_DOWN, id[0]=0, x[0]=294.0, y[0]=682.0, toolType[0]=TOOL_TYPE_UNKNOWN, buttonState=0, metaState=0, flags=0x0, edgeFlags=0x0, pointerCount=1, historySize=0, eventTime=153823, downTime=153823, deviceId=0, source=0x1002 }
D/InputEventConsistencyVerifier(  427):   4: sent at 153814000000, MotionEvent { action=ACTION_UP, id[0]=0, x[0]=3.0, y[0]=709.0, toolType[0]=TOOL_TYPE_UNKNOWN, buttonState=0, metaState=0, flags=0x0, edgeFlags=0x0, pointerCount=1, historySize=0, eventTime=153814, downTime=153797, deviceId=0, source=0x1002 }
D/InputEventConsistencyVerifier(  427):   5: sent at 153798000000, MotionEvent { action=ACTION_DOWN, id[0]=0, x[0]=0.0, y[0]=719.0, toolType[0]=TOOL_TYPE_UNKNOWN, buttonState=0, metaState=0, flags=0x0, edgeFlags=0x0, pointerCount=1, historySize=0, eventTime=153798, downTime=153797, deviceId=0, source=0x1002 }
I/Choreographer(  427): Skipped 58 frames!  The application may be doing too much work on its main thread.
D/InputEventConsistencyVerifier(  427): KeyEvent: ACTION_UP but key was not down.
D/InputEventConsistencyVerifier(  427):   in com.android.systemui.statusbar.phone.PhoneStatusBarView@b3e73298
D/InputEventConsistencyVerifier(  427):   0: sent at 154616000000, KeyEvent { action=ACTION_UP, keyCode=KEYCODE_DPAD_UP, scanCode=0, metaState=0, flags=0x8, repeatCount=0, eventTime=154616, downTime=154616, deviceId=-1, source=0x101 }
D/InputEventConsistencyVerifier(  427):   -- recent events --
D/InputEventConsistencyVerifier(  427):   1: sent at 154178000000, (unhandled) KeyEvent { action=ACTION_DOWN, keyCode=KEYCODE_DPAD_DOWN, scanCode=0, metaState=0, flags=0x400, repeatCount=0, eventTime=154178, downTime=154178, deviceId=-1, source=0x101 }
D/InputEventConsistencyVerifier(  427):   2: sent at 154178000000, (unhandled) KeyEvent { action=ACTION_MULTIPLE, keyCode=KEYCODE_DPAD_DOWN, scanCode=0, metaState=0, flags=0x400, repeatCount=2, eventTime=154178, downTime=154178, deviceId=-1, source=0x101 }
D/InputEventConsistencyVerifier(  427):   3: sent at 154161000000, (unhandled) MotionEvent { action=ACTION_MOVE, id[0]=0, x[0]=4.0, y[0]=4.0, toolType[0]=TOOL_TYPE_UNKNOWN, buttonState=0, metaState=0, flags=0x0, edgeFlags=0x0, pointerCount=1, historySize=0, eventTime=154161, downTime=-1, deviceId=0, source=0x10004 }
D/InputEventConsistencyVerifier(  427):   4: sent at 154167000000, (unhandled) KeyEvent { action=ACTION_UP, keyCode=KEYCODE_DPAD_RIGHT, scanCode=0, metaState=0, flags=0x400, repeatCount=0, eventTime=154167, downTime=154167, deviceId=-1, source=0x101 }
D/InputEventConsistencyVerifier(  427):   5: sent at 154167000000, (unhandled) KeyEvent { action=ACTION_DOWN, keyCode=KEYCODE_DPAD_RIGHT, scanCode=0, metaState=0, flags=0x400, repeatCount=0, eventTime=154167, downTime=154167, deviceId=-1, source=0x101 }
D/InputEventConsistencyVerifier(  427): KeyEvent: ACTION_UP but key was not down.
D/InputEventConsistencyVerifier(  427):   in com.android.systemui.statusbar.phone.StatusBarWindowView@b3e71300
D/InputEventConsistencyVerifier(  427):   0: sent at 154771000000, KeyEvent { action=ACTION_UP, keyCode=KEYCODE_DPAD_RIGHT, scanCode=0, metaState=0, flags=0x8, repeatCount=0, eventTime=154771, downTime=154771, deviceId=-1, source=0x101 }
D/InputEventConsistencyVerifier(  427):   -- recent events --
D/InputEventConsistencyVerifier(  427):   1: sent at 154641000000, MotionEvent { action=ACTION_UP, id[0]=0, x[0]=35.0, y[0]=3.0, toolType[0]=TOOL_TYPE_UNKNOWN, buttonState=0, metaState=0, flags=0x0, edgeFlags=0x0, pointerCount=1, historySize=0, eventTime=154641, downTime=154633, deviceId=0, source=0x1002 }
D/InputEventConsistencyVerifier(  427):   2: sent at 154634000000, MotionEvent { action=ACTION_DOWN, id[0]=0, x[0]=40.0, y[0]=6.0, toolType[0]=TOOL_TYPE_UNKNOWN, buttonState=0, metaState=0, flags=0x0, edgeFlags=0x0, pointerCount=1, historySize=0, eventTime=154634, downTime=154633, deviceId=0, source=0x1002 }
D/InputEventConsistencyVerifier(  427):   3: sent at 154616000000, (unhandled) KeyEvent { action=ACTION_UP, keyCode=KEYCODE_DPAD_UP, scanCode=0, metaState=0, flags=0x8, repeatCount=0, eventTime=154616, downTime=154616, deviceId=-1, source=0x101 }
D/InputEventConsistencyVerifier(  427):   4: sent at 154539000000, (unhandled) KeyEvent { action=ACTION_DOWN, keyCode=KEYCODE_DPAD_UP, scanCode=0, metaState=0, flags=0x8, repeatCount=0, eventTime=154539, downTime=154539, deviceId=-1, source=0x101 }
D/InputEventConsistencyVerifier(  427):   5: sent at 154536000000, (unhandled) KeyEvent { action=ACTION_UP, keyCode=KEYCODE_MENU, scanCode=0, metaState=0, flags=0x8, repeatCount=0, eventTime=154536, downTime=154536, deviceId=-1, source=0x101 }
E/WVMExtractor(   61): Failed to open libwvm.so
D/InputEventConsistencyVerifier(  427): KeyEvent: ACTION_UP but key was not down.
D/InputEventConsistencyVerifier(  427):   in com.android.systemui.statusbar.phone.StatusBarWindowView@b3e71300
D/InputEventConsistencyVerifier(  427):   0: sent at 155056000000, KeyEvent { action=ACTION_UP, keyCode=KEYCODE_DPAD_DOWN, scanCode=0, metaState=0, flags=0x8, repeatCount=0, eventTime=155056, downTime=155056, deviceId=-1, source=0x101 }
D/InputEventConsistencyVerifier(  427):   -- recent events --
D/InputEventConsistencyVerifier(  427):   1: sent at 155009000000, MotionEvent { action=ACTION_UP, id[0]=0, x[0]=149.0, y[0]=281.0, toolType[0]=TOOL_TYPE_UNKNOWN, buttonState=0, metaState=0, flags=0x0, edgeFlags=0x0, pointerCount=1, historySize=0, eventTime=155009, downTime=154968, deviceId=0, source=0x1002 }
D/InputEventConsistencyVerifier(  427):   2: sent at 155006000000, MotionEvent { action=ACTION_MOVE, id[0]=0, x[0]=155.0, y[0]=268.0, toolType[0]=TOOL_TYPE_UNKNOWN, buttonState=0, metaState=0, flags=0x0, edgeFlags=0x0, pointerCount=1, historySize=2, eventTime=155006, downTime=154968, deviceId=0, source=0x1002 }
D/InputEventConsistencyVerifier(  427):   3: sent at 154970000000, MotionEvent { action=ACTION_DOWN, id[0]=0, x[0]=173.0, y[0]=252.0, toolType[0]=TOOL_TYPE_UNKNOWN, buttonState=0, metaState=0, flags=0x0, edgeFlags=0x0, pointerCount=1, historySize=0, eventTime=154970, downTime=154968, deviceId=0, source=0x1002 }
D/InputEventConsistencyVerifier(  427):   4: sent at 154939000000, (unhandled) KeyEvent { action=ACTION_UP, keyCode=KEYCODE_MENU, scanCode=0, metaState=0, flags=0x8, repeatCount=0, eventTime=154939, downTime=154939, deviceId=-1, source=0x101 }
D/InputEventConsistencyVerifier(  427):   5: sent at 154920000000, (unhandled) KeyEvent { action=ACTION_DOWN, keyCode=KEYCODE_MENU, scanCode=0, metaState=0, flags=0x8, repeatCount=0, eventTime=154920, downTime=154920, deviceId=-1, source=0x101 }
D/InputEventConsistencyVerifier(  427): TouchEvent: ACTION_DOWN but pointers are already down.  Probably missing ACTION_UP from previous gesture.
D/InputEventConsistencyVerifier(  427):   in android.view.ScaleGestureDetector@b3f119f8
D/InputEventConsistencyVerifier(  427):   0: sent at 155067000000, MotionEvent { action=ACTION_DOWN, id[0]=0, x[0]=363.0, y[0]=329.0, toolType[0]=TOOL_TYPE_UNKNOWN, buttonState=0, metaState=0, flags=0x0, edgeFlags=0x0, pointerCount=1, historySize=0, eventTime=155067, downTime=155067, deviceId=0, source=0x1002 }
D/InputEventConsistencyVerifier(  427):   -- recent events --
D/InputEventConsistencyVerifier(  427):   1: sent at 155006000000, MotionEvent { action=ACTION_MOVE, id[0]=0, x[0]=155.0, y[0]=268.0, toolType[0]=TOOL_TYPE_UNKNOWN, buttonState=0, metaState=0, flags=0x0, edgeFlags=0x0, pointerCount=1, historySize=2, eventTime=155006, downTime=154968, deviceId=0, source=0x1002 }
D/InputEventConsistencyVerifier(  427):   2: sent at 154970000000, MotionEvent { action=ACTION_DOWN, id[0]=0, x[0]=173.0, y[0]=252.0, toolType[0]=TOOL_TYPE_UNKNOWN, buttonState=0, metaState=0, flags=0x0, edgeFlags=0x0, pointerCount=1, historySize=0, eventTime=154970, downTime=154968, deviceId=0, source=0x1002 }
D/InputEventConsistencyVerifier(  427):   3: sent at 154641000000, MotionEvent { action=ACTION_UP, id[0]=0, x[0]=35.0, y[0]=3.0, toolType[0]=TOOL_TYPE_UNKNOWN, buttonState=0, metaState=0, flags=0x0, edgeFlags=0x0, pointerCount=1, historySize=0, eventTime=154641, downTime=154633, deviceId=0, source=0x1002 }
D/InputEventConsistencyVerifier(  427):   4: sent at 154634000000, MotionEvent { action=ACTION_DOWN, id[0]=0, x[0]=40.0, y[0]=6.0, toolType[0]=TOOL_TYPE_UNKNOWN, buttonState=0, metaState=0, flags=0x0, edgeFlags=0x0, pointerCount=1, historySize=0, eventTime=154634, downTime=154633, deviceId=0, source=0x1002 }
D/InputEventConsistencyVerifier(  427):   5: sent at 153831000000, MotionEvent { action=ACTION_UP, id[0]=0, x[0]=309.0, y[0]=674.0, toolType[0]=TOOL_TYPE_UNKNOWN, buttonState=0, metaState=0, flags=0x0, edgeFlags=0x0, pointerCount=1, historySize=0, eventTime=153831, downTime=153823, deviceId=0, source=0x1002 }
D/InputEventConsistencyVerifier(  427): KeyEvent: ACTION_UP but key was not down.
D/InputEventConsistencyVerifier(  427):   in com.android.systemui.statusbar.phone.StatusBarWindowView@b3e71300
D/InputEventConsistencyVerifier(  427):   0: sent at 155255000000, KeyEvent { action=ACTION_UP, keyCode=KEYCODE_DPAD_LEFT, scanCode=0, metaState=0, flags=0x8, repeatCount=0, eventTime=155255, downTime=155255, deviceId=-1, source=0x101 }
D/InputEventConsistencyVerifier(  427):   -- recent events --
D/InputEventConsistencyVerifier(  427):   1: sent at 155149000000, MotionEvent { action=ACTION_UP, id[0]=0, x[0]=20.0, y[0]=41.0, toolType[0]=TOOL_TYPE_UNKNOWN, buttonState=0, metaState=0, flags=0x0, edgeFlags=0x0, pointerCount=1, historySize=0, eventTime=155149, downTime=155131, deviceId=0, source=0x1002 }
D/InputEventConsistencyVerifier(  427):   2: sent at 155131000000, MotionEvent { action=ACTION_DOWN, id[0]=0, x[0]=29.0, y[0]=40.0, toolType[0]=TOOL_TYPE_UNKNOWN, buttonState=0, metaState=0, flags=0x0, edgeFlags=0x0, pointerCount=1, historySize=0, eventTime=155131, downTime=155131, deviceId=0, source=0x1002 }
D/InputEventConsistencyVerifier(  427):   3: sent at 155123000000, MotionEvent { action=ACTION_UP, id[0]=0, x[0]=467.0, y[0]=508.0, toolType[0]=TOOL_TYPE_UNKNOWN, buttonState=0, metaState=0, flags=0x0, edgeFlags=0x0, pointerCount=1, historySize=0, eventTime=155123, downTime=155115, deviceId=0, source=0x1002 }
D/InputEventConsistencyVerifier(  427):   4: sent at 155116000000, MotionEvent { action=ACTION_DOWN, id[0]=0, x[0]=455.0, y[0]=512.0, toolType[0]=TOOL_TYPE_UNKNOWN, buttonState=0, metaState=0, flags=0x0, edgeFlags=0x0, pointerCount=1, historySize=0, eventTime=155116, downTime=155115, deviceId=0, source=0x1002 }
D/InputEventConsistencyVerifier(  427):   5: sent at 155102000000, MotionEvent { action=ACTION_UP, id[0]=0, x[0]=362.0, y[0]=329.0, toolType[0]=TOOL_TYPE_UNKNOWN, buttonState=0, metaState=0, flags=0x0, edgeFlags=0x0, pointerCount=1, historySize=0, eventTime=155102, downTime=155067, deviceId=0, source=0x1002 }
I/Choreographer(  427): Skipped 39 frames!  The application may be doing too much work on its main thread.
D/InputEventConsistencyVerifier(  427): KeyEvent: ACTION_UP but key was not down.
D/InputEventConsistencyVerifier(  427):   in android.widget.FrameLayout@b3e41380
D/InputEventConsistencyVerifier(  427):   0: sent at 155441000000, KeyEvent { action=ACTION_UP, keyCode=KEYCODE_DPAD_DOWN, scanCode=0, metaState=0, flags=0x400, repeatCount=0, eventTime=155441, downTime=155441, deviceId=-1, source=0x101 }
D/InputEventConsistencyVerifier(  427):   -- recent events --
D/InputEventConsistencyVerifier(  427):   1: sent at 155149000000, MotionEvent { action=ACTION_UP, id[0]=0, x[0]=20.0, y[0]=41.0, toolType[0]=TOOL_TYPE_UNKNOWN, buttonState=0, metaState=0, flags=0x0, edgeFlags=0x0, pointerCount=1, historySize=0, eventTime=155149, downTime=155131, deviceId=0, source=0x1002 }
D/InputEventConsistencyVerifier(  427):   2: sent at 155131000000, MotionEvent { action=ACTION_DOWN, id[0]=0, x[0]=29.0, y[0]=40.0, toolType[0]=TOOL_TYPE_UNKNOWN, buttonState=0, metaState=0, flags=0x0, edgeFlags=0x0, pointerCount=1, historySize=0, eventTime=155131, downTime=155131, deviceId=0, source=0x1002 }
D/InputEventConsistencyVerifier(  427):   3: sent at 155123000000, MotionEvent { action=ACTION_UP, id[0]=0, x[0]=467.0, y[0]=508.0, toolType[0]=TOOL_TYPE_UNKNOWN, buttonState=0, metaState=0, flags=0x0, edgeFlags=0x0, pointerCount=1, historySize=0, eventTime=155123, downTime=155115, deviceId=0, source=0x1002 }
D/InputEventConsistencyVerifier(  427):   4: sent at 155116000000, MotionEvent { action=ACTION_DOWN, id[0]=0, x[0]=455.0, y[0]=512.0, toolType[0]=TOOL_TYPE_UNKNOWN, buttonState=0, metaState=0, flags=0x0, edgeFlags=0x0, pointerCount=1, historySize=0, eventTime=155116, downTime=155115, deviceId=0, source=0x1002 }
D/InputEventConsistencyVerifier(  427):   5: sent at 155102000000, MotionEvent { action=ACTION_UP, id[0]=0, x[0]=362.0, y[0]=329.0, toolType[0]=TOOL_TYPE_UNKNOWN, buttonState=0, metaState=0, flags=0x0, edgeFlags=0x0, pointerCount=1, historySize=0, eventTime=155102, downTime=155067, deviceId=0, source=0x1002 }
D/InputEventConsistencyVerifier(  427): KeyEvent: ACTION_UP but key was not down.
D/InputEventConsistencyVerifier(  427):   in com.android.systemui.statusbar.phone.PhoneStatusBarView@b3e73298
D/InputEventConsistencyVerifier(  427):   0: sent at 155711000000, KeyEvent { action=ACTION_UP, keyCode=KEYCODE_DPAD_UP, scanCode=0, metaState=0, flags=0x8, repeatCount=0, eventTime=155711, downTime=155711, deviceId=-1, source=0x101 }
D/InputEventConsistencyVerifier(  427):   -- recent events --
D/InputEventConsistencyVerifier(  427):   1: sent at 155441000000, (unhandled) KeyEvent { action=ACTION_DOWN, keyCode=KEYCODE_DPAD_DOWN, scanCode=0, metaState=0, flags=0x400, repeatCount=0, eventTime=155441, downTime=155441, deviceId=-1, source=0x101 }
D/InputEventConsistencyVerifier(  427):   2: sent at 155421000000, (unhandled) MotionEvent { action=ACTION_MOVE, id[0]=0, x[0]=2.0, y[0]=3.0, toolType[0]=TOOL_TYPE_UNKNOWN, buttonState=0, metaState=0, flags=0x0, edgeFlags=0x0, pointerCount=1, historySize=2, eventTime=155421, downTime=-1, deviceId=0, source=0x10004 }
D/InputEventConsistencyVerifier(  427):   3: sent at 155423000000, (unhandled) KeyEvent { action=ACTION_UP, keyCode=KEYCODE_DPAD_UP, scanCode=0, metaState=0, flags=0x400, repeatCount=0, eventTime=155423, downTime=155423, deviceId=-1, source=0x101 }
D/InputEventConsistencyVerifier(  427):   4: sent at 155423000000, (unhandled) KeyEvent { action=ACTION_DOWN, keyCode=KEYCODE_DPAD_UP, scanCode=0, metaState=0, flags=0x400, repeatCount=0, eventTime=155423, downTime=155423, deviceId=-1, source=0x101 }
D/InputEventConsistencyVerifier(  427):   5: sent at 155423000000, (unhandled) KeyEvent { action=ACTION_UP, keyCode=KEYCODE_DPAD_UP, scanCode=0, metaState=0, flags=0x400, repeatCount=0, eventTime=155423, downTime=155423, deviceId=-1, source=0x101 }
D/InputEventConsistencyVerifier(  427): KeyEvent: ACTION_UP but key was not down.
D/InputEventConsistencyVerifier(  427):   in com.android.systemui.statusbar.phone.StatusBarWindowView@b3e71300
D/InputEventConsistencyVerifier(  427):   0: sent at 156044000000, KeyEvent { action=ACTION_UP, keyCode=KEYCODE_DPAD_RIGHT, scanCode=0, metaState=0, flags=0x8, repeatCount=0, eventTime=156044, downTime=156044, deviceId=-1, source=0x101 }
D/InputEventConsistencyVerifier(  427):   -- recent events --
D/InputEventConsistencyVerifier(  427):   1: sent at 156030000000, (unhandled) KeyEvent { action=ACTION_UP, keyCode=KEYCODE_MENU, scanCode=0, metaState=0, flags=0x8, repeatCount=0, eventTime=156030, downTime=156030, deviceId=-1, source=0x101 }
D/InputEventConsistencyVerifier(  427):   2: sent at 155871000000, (unhandled) KeyEvent { action=ACTION_DOWN, keyCode=KEYCODE_MENU, scanCode=0, metaState=0, flags=0x8, repeatCount=0, eventTime=155871, downTime=155871, deviceId=-1, source=0x101 }
D/InputEventConsistencyVerifier(  427):   3: sent at 155865000000, MotionEvent { action=ACTION_UP, id[0]=0, x[0]=61.0, y[0]=710.0, toolType[0]=TOOL_TYPE_UNKNOWN, buttonState=0, metaState=0, flags=0x0, edgeFlags=0x0, pointerCount=1, historySize=0, eventTime=155865, downTime=155848, deviceId=0, source=0x1002 }
D/InputEventConsistencyVerifier(  427):   4: sent at 155848000000, MotionEvent { action=ACTION_DOWN, id[0]=0, x[0]=48.0, y[0]=718.0, toolType[0]=TOOL_TYPE_UNKNOWN, buttonState=0, metaState=0, flags=0x0, edgeFlags=0x0, pointerCount=1, historySize=0, eventTime=155848, downTime=155848, deviceId=0, source=0x1002 }
D/InputEventConsistencyVerifier(  427):   5: sent at 155840000000, MotionEvent { action=ACTION_UP, id[0]=0, x[0]=49.0, y[0]=74.0, toolType[0]=TOOL_TYPE_UNKNOWN, buttonState=0, metaState=0, flags=0x0, edgeFlags=0x0, pointerCount=1, historySize=0, eventTime=155840, downTime=155776, deviceId=0, source=0x1002 }
D/InputEventConsistencyVerifier(  427): KeyEvent: ACTION_UP but key was not down.
D/InputEventConsistencyVerifier(  427):   in com.android.systemui.statusbar.phone.StatusBarWindowView@b3e71300
D/InputEventConsistencyVerifier(  427):   0: sent at 156198000000, KeyEvent { action=ACTION_UP, keyCode=KEYCODE_DPAD_DOWN, scanCode=0, metaState=0, flags=0x8, repeatCount=0, eventTime=156198, downTime=156198, deviceId=-1, source=0x101 }
D/InputEventConsistencyVerifier(  427):   -- recent events --
D/InputEventConsistencyVerifier(  427):   1: sent at 156160000000, MotionEvent { action=ACTION_UP, id[0]=0, x[0]=170.0, y[0]=703.0, toolType[0]=TOOL_TYPE_UNKNOWN, buttonState=0, metaState=0, flags=0x0, edgeFlags=0x0, pointerCount=1, historySize=0, eventTime=156160, downTime=156076, deviceId=0, source=0x1002 }
D/InputEventConsistencyVerifier(  427):   2: sent at 156158000000, MotionEvent { action=ACTION_MOVE, id[0]=0, x[0]=177.0, y[0]=704.0, toolType[0]=TOOL_TYPE_UNKNOWN, buttonState=0, metaState=0, flags=0x0, edgeFlags=0x0, pointerCount=1, historySize=4, eventTime=156158, downTime=156076, deviceId=0, source=0x1002 }
D/InputEventConsistencyVerifier(  427):   3: sent at 156110000000, MotionEvent { action=ACTION_MOVE, id[0]=0, x[0]=188.66667, y[0]=705.6667, toolType[0]=TOOL_TYPE_UNKNOWN, buttonState=0, metaState=0, flags=0x0, edgeFlags=0x0, pointerCount=1, historySize=1, eventTime=156110, downTime=156076, deviceId=0, source=0x1002 }
D/InputEventConsistencyVerifier(  427):   4: sent at 156078000000, MotionEvent { action=ACTION_DOWN, id[0]=0, x[0]=194.0, y[0]=707.0, toolType[0]=TOOL_TYPE_UNKNOWN, buttonState=0, metaState=0, flags=0x0, edgeFlags=0x0, pointerCount=1, historySize=0, eventTime=156078, downTime=156076, deviceId=0, source=0x1002 }
D/InputEventConsistencyVerifier(  427):   5: sent at 156066000000, (unhandled) KeyEvent { action=ACTION_UP, keyCode=KEYCODE_DPAD_CENTER, scanCode=0, metaState=0, flags=0x8, repeatCount=0, eventTime=156066, downTime=156066, deviceId=-1, source=0x101 }
D/InputEventConsistencyVerifier(  427): KeyEvent: ACTION_UP but key was not down.
D/InputEventConsistencyVerifier(  427):   in com.android.systemui.statusbar.phone.StatusBarWindowView@b3e71300
D/InputEventConsistencyVerifier(  427):   0: sent at 156504000000, KeyEvent { action=ACTION_UP, keyCode=KEYCODE_DPAD_RIGHT, scanCode=0, metaState=0, flags=0x400, repeatCount=0, eventTime=156504, downTime=156504, deviceId=-1, source=0x101 }
D/InputEventConsistencyVerifier(  427):   -- recent events --
D/InputEventConsistencyVerifier(  427):   1: sent at 156307000000, (unhandled) MotionEvent { action=ACTION_MOVE, id[0]=0, x[0]=3.0, y[0]=0.0, toolType[0]=TOOL_TYPE_UNKNOWN, buttonState=0, metaState=0, flags=0x0, edgeFlags=0x0, pointerCount=1, historySize=9, eventTime=156307, downTime=-1, deviceId=0, source=0x10004 }
D/InputEventConsistencyVerifier(  427):   2: sent at 156381000000, MotionEvent { action=ACTION_UP, id[0]=0, x[0]=134.0, y[0]=130.0, toolType[0]=TOOL_TYPE_UNKNOWN, buttonState=0, metaState=0, flags=0x0, edgeFlags=0x0, pointerCount=1, historySize=0, eventTime=156381, downTime=156375, deviceId=0, source=0x1002 }
D/InputEventConsistencyVerifier(  427):   3: sent at 156375000000, MotionEvent { action=ACTION_DOWN, id[0]=0, x[0]=132.0, y[0]=148.0, toolType[0]=TOOL_TYPE_UNKNOWN, buttonState=0, metaState=0, flags=0x0, edgeFlags=0x0, pointerCount=1, historySize=0, eventTime=156375, downTime=156375, deviceId=0, source=0x1002 }
D/InputEventConsistencyVerifier(  427):   4: sent at 156327000000, MotionEvent { action=ACTION_UP, id[0]=0, x[0]=218.0, y[0]=606.0, toolType[0]=TOOL_TYPE_UNKNOWN, buttonState=0, metaState=0, flags=0x0, edgeFlags=0x0, pointerCount=1, historySize=0, eventTime=156327, downTime=156320, deviceId=0, source=0x1002 }
D/InputEventConsistencyVerifier(  427):   5: sent at 156321000000, MotionEvent { action=ACTION_DOWN, id[0]=0, x[0]=208.0, y[0]=606.0, toolType[0]=TOOL_TYPE_UNKNOWN, buttonState=0, metaState=0, flags=0x0, edgeFlags=0x0, pointerCount=1, historySize=0, eventTime=156321, downTime=156320, deviceId=0, source=0x1002 }
I/Choreographer(  427): Skipped 33 frames!  The application may be doing too much work on its main thread.
I/ActivityManager(  228): START {act=android.intent.action.CALL_BUTTON flg=0x10000000 cmp=com.android.contacts/.activities.DialtactsActivity u=0} from pid 427
W/dalvikvm(  427): DroidBox: { "FdAccess": { "path": "2f70726f632f6d656d696e666f", "id": "1929157517" } }
W/DroidBox(  427): DroidBox: { "FileRW": { "operation": "read", "data": "4d656d546f74616c3a202020202020202020373438393634206b420a4d656d467265653a20202020202020202020343339313238206b420a427566666572733a20202020202020202020202035373634206b420a4361636865643a202020202020202020", "id": "1929157517" } }
I/Choreographer( 1020): Skipped 36 frames!  The application may be doing too much work on its main thread.
D/InputEventConsistencyVerifier(  427): TouchEvent: ACTION_DOWN but pointers are already down.  Probably missing ACTION_UP from previous gesture.
D/InputEventConsistencyVerifier(  427):   in android.view.ScaleGestureDetector@b3f119f8
D/InputEventConsistencyVerifier(  427):   0: sent at 156996000000, MotionEvent { action=ACTION_DOWN, id[0]=0, x[0]=214.0, y[0]=671.0, toolType[0]=TOOL_TYPE_UNKNOWN, buttonState=0, metaState=0, flags=0x0, edgeFlags=0x0, pointerCount=1, historySize=0, eventTime=156996, downTime=156994, deviceId=0, source=0x1002 }
D/InputEventConsistencyVerifier(  427):   -- recent events --
D/InputEventConsistencyVerifier(  427):   1: sent at 156951000000, MotionEvent { action=ACTION_MOVE, id[0]=0, x[0]=69.0, y[0]=709.0, toolType[0]=TOOL_TYPE_UNKNOWN, buttonState=0, metaState=0, flags=0x0, edgeFlags=0x0, pointerCount=1, historySize=0, eventTime=156951, downTime=156937, deviceId=0, source=0x1002 }
D/InputEventConsistencyVerifier(  427):   2: sent at 156938000000, MotionEvent { action=ACTION_DOWN, id[0]=0, x[0]=62.0, y[0]=722.0, toolType[0]=TOOL_TYPE_UNKNOWN, buttonState=0, metaState=0, flags=0x0, edgeFlags=0x0, pointerCount=1, historySize=0, eventTime=156938, downTime=156937, deviceId=0, source=0x1002 }
D/InputEventConsistencyVerifier(  427):   3: sent at 156381000000, MotionEvent { action=ACTION_UP, id[0]=0, x[0]=134.0, y[0]=130.0, toolType[0]=TOOL_TYPE_UNKNOWN, buttonState=0, metaState=0, flags=0x0, edgeFlags=0x0, pointerCount=1, historySize=0, eventTime=156381, downTime=156375, deviceId=0, source=0x1002 }
D/InputEventConsistencyVerifier(  427):   4: sent at 156375000000, MotionEvent { action=ACTION_DOWN, id[0]=0, x[0]=132.0, y[0]=148.0, toolType[0]=TOOL_TYPE_UNKNOWN, buttonState=0, metaState=0, flags=0x0, edgeFlags=0x0, pointerCount=1, historySize=0, eventTime=156375, downTime=156375, deviceId=0, source=0x1002 }
D/InputEventConsistencyVerifier(  427):   5: sent at 156327000000, MotionEvent { action=ACTION_UP, id[0]=0, x[0]=218.0, y[0]=606.0, toolType[0]=TOOL_TYPE_UNKNOWN, buttonState=0, metaState=0, flags=0x0, edgeFlags=0x0, pointerCount=1, historySize=0, eventTime=156327, downTime=156320, deviceId=0, source=0x1002 }
I/ActivityManager(  228): Start proc com.android.music for broadcast com.android.music/.MediaButtonIntentReceiver: pid=1120 uid=10024 gids={3003, 1015, 1028}
I/Choreographer(  427): Skipped 56 frames!  The application may be doing too much work on its main thread.
W/dalvikvm(  427): DroidBox: { "FdAccess": { "path": "2f70726f632f6d656d696e666f", "id": "1735028348" } }
W/DroidBox(  427): DroidBox: { "FileRW": { "operation": "read", "data": "4d656d546f74616c3a202020202020202020373438393634206b420a4d656d467265653a20202020202020202020343338363038206b420a427566666572733a20202020202020202020202035373634206b420a4361636865643a202020202020202020", "id": "1735028348" } }
I/Choreographer( 1020): Skipped 37 frames!  The application may be doing too much work on its main thread.
D/InputEventConsistencyVerifier( 1020): KeyEvent: ACTION_UP but key was not down.
D/InputEventConsistencyVerifier( 1020):   in android.view.ViewRootImpl@b3e78158
D/InputEventConsistencyVerifier( 1020):   0: sent at 157357000000, KeyEvent { action=ACTION_UP, keyCode=KEYCODE_DPAD_UP, scanCode=0, metaState=0, flags=0x8, repeatCount=0, eventTime=157357, downTime=157357, deviceId=-1, source=0x101 }
D/InputEventConsistencyVerifier( 1020):   -- recent events --
D/InputEventConsistencyVerifier( 1020):   1: sent at 149635000000, KeyEvent { action=ACTION_UP, keyCode=KEYCODE_DPAD_CENTER, scanCode=0, metaState=0, flags=0x8, repeatCount=0, eventTime=149635, downTime=149635, deviceId=-1, source=0x101 }
D/InputEventConsistencyVerifier( 1020):   2: sent at 149541000000, KeyEvent { action=ACTION_DOWN, keyCode=KEYCODE_DPAD_CENTER, scanCode=0, metaState=0, flags=0x8, repeatCount=0, eventTime=149541, downTime=149541, deviceId=-1, source=0x101 }
D/InputEventConsistencyVerifier( 1020):   3: sent at 148766000000, KeyEvent { action=ACTION_UP, keyCode=KEYCODE_DPAD_RIGHT, scanCode=0, metaState=0, flags=0x8, repeatCount=0, eventTime=148766, downTime=148766, deviceId=-1, source=0x101 }
D/InputEventConsistencyVerifier( 1020):   4: sent at 147546000000, KeyEvent { action=ACTION_DOWN, keyCode=KEYCODE_DPAD_RIGHT, scanCode=0, metaState=0, flags=0x8, repeatCount=0, eventTime=147546, downTime=147546, deviceId=-1, source=0x101 }
D/InputEventConsistencyVerifier( 1020):   5: sent at 148763000000, KeyEvent { action=ACTION_UP, keyCode=KEYCODE_DPAD_CENTER, scanCode=0, metaState=0, flags=0x400, repeatCount=0, eventTime=148763, downTime=148763, deviceId=-1, source=0x101 }
I/Choreographer(  427): Skipped 65 frames!  The application may be doing too much work on its main thread.
V/PhoneStatusBar(  427): setLightsOn(true)
D/PhoneStatusBar(  427): disable: < expand icons alerts ticker* system_info back home recent clock >
I/Choreographer( 1020): Skipped 48 frames!  The application may be doing too much work on its main thread.
W/InputMethodManagerService(  228): Window already focused, ignoring focus gain of: com.android.internal.view.IInputMethodClient$Stub$Proxy@b41058c8 attribute=null
I/Choreographer( 1020): Skipped 44 frames!  The application may be doing too much work on its main thread.
I/Choreographer( 1020): Skipped 53 frames!  The application may be doing too much work on its main thread.
E/Trace   ( 1120): error opening trace file: No such file or directory (2)
E/WVMExtractor(   61): Failed to open libwvm.so
I/Choreographer( 1020): Skipped 39 frames!  The application may be doing too much work on its main thread.
E/WVMExtractor(   61): Failed to open libwvm.so
W/DroidBox( 1120): DroidBox: { "DexClassLoader": { "path": "/system/app/Music.apk" } }
I/ActivityManager(  228): START {act=android.intent.action.CALL_BUTTON flg=0x10000000 cmp=com.android.contacts/.activities.DialtactsActivity u=0} from pid 1020
I/Choreographer( 1020): Skipped 78 frames!  The application may be doing too much work on its main thread.
E/WVMExtractor(   61): Failed to open libwvm.so
W/DroidBox( 1120): DroidBox: { "ServiceStart": { "name": "com.android.music.MediaPlaybackService" } }
W/DroidBox( 1120): DroidBox: { "ServiceStart": { "name": "com.android.music.MediaPlaybackService" } }
E/WVMExtractor(   61): Failed to open libwvm.so
I/Choreographer( 1020): Skipped 234 frames!  The application may be doing too much work on its main thread.
E/WVMExtractor(   61): Failed to open libwvm.so
I/Choreographer( 1020): Skipped 57 frames!  The application may be doing too much work on its main thread.
I/AudioService(  228):   Remote Control   registerMediaButtonIntent() for PendingIntent{b409ad80: PendingIntentRecord{b4138f78 com.android.music broadcastIntent}}
I/Choreographer( 1020): Skipped 39 frames!  The application may be doing too much work on its main thread.
E/WVMExtractor(   61): Failed to open libwvm.so
E/WVMExtractor(   61): Failed to open libwvm.so
I/NetworkPolicy(  228): no policy for active mobile network; generating default policy
E/WVMExtractor(   61): Failed to open libwvm.so
I/Choreographer( 1020): Skipped 43 frames!  The application may be doing too much work on its main thread.
E/WVMExtractor(   61): Failed to open libwvm.so
I/Choreographer( 1020): Skipped 37 frames!  The application may be doing too much work on its main thread.
I/Choreographer( 1020): Skipped 34 frames!  The application may be doing too much work on its main thread.
E/NetdConnector(  228): NDC Command {12 bandwidth setiquota eth0 9223372036854775807} took too long (1450ms)
E/WVMExtractor(   61): Failed to open libwvm.so
E/NetdConnector(  228): NDC Command {13 bandwidth removeiquota eth0} took too long (518ms)
I/Choreographer( 1020): Skipped 33 frames!  The application may be doing too much work on its main thread.
I/Choreographer( 1020): Skipped 43 frames!  The application may be doing too much work on its main thread.
W/dalvikvm(  228): DroidBox: { "FdAccess": { "path": "2f70726f632f313132302f636d646c696e65", "id": "1191251184" } }
W/DroidBox(  228): DroidBox: { "FileRW": { "operation": "read", "data": "636f6d2e616e64726f69642e6d75736963000000000000000000000000000000000000000000000000000000000000000000000000000000000000000000000000000000000000000000000000000000000000000000000000000000000000002e61706b", "id": "1191251184" } }
W/ProcessStats(  228): Skipping unknown process pid 1177
W/dalvikvm( 1120): DroidBox: { "FdAccess": { "path": "2f646174612f646174612f636f6d2e616e64726f69642e6d757369632f7368617265645f70726566732f4d757369632e786d6c", "id": "485152227" } }
W/DroidBox( 1120): DroidBox: { "FileRW": { "operation": "write", "data": "3c3f786d6c2076657273696f6e3d27312e302720656e636f64696e673d277574662d3827207374616e64616c6f6e653d2779657327203f3e0a3c6d61703e0a3c737472696e67206e616d653d227175657565223e3c2f737472696e673e0a3c696e74206e", "id": "485152227" } }
E/WVMExtractor(   61): Failed to open libwvm.so
I/Choreographer( 1020): Skipped 47 frames!  The application may be doing too much work on its main thread.
I/Choreographer( 1020): Skipped 60 frames!  The application may be doing too much work on its main thread.
E/WVMExtractor(   61): Failed to open libwvm.so
I/Choreographer( 1020): Skipped 40 frames!  The application may be doing too much work on its main thread.
E/NetdConnector(  228): NDC Command {14 bandwidth setiquota eth0 9223372036854775807} took too long (1467ms)
E/WVMExtractor(   61): Failed to open libwvm.so
E/WVMExtractor(   61): Failed to open libwvm.so
E/WVMExtractor(   61): Failed to open libwvm.so
I/InputDispatcher(  228): Window 'Window{b42a1218 com.hmmh.vvjfrtnisisdaig/com.ADTvaIL.GoQbmKimFQ paused=false}' spent 2695.2ms processing the last input event: KeyEvent(action=0, deviceId=-1, source=0x00000101)
E/WVMExtractor(   61): Failed to open libwvm.so
I/Choreographer( 1020): Skipped 33 frames!  The application may be doing too much work on its main thread.
W/dalvikvm(  427): DroidBox: { "FdAccess": { "path": "2f70726f632f6d656d696e666f", "id": "853166860" } }
W/DroidBox(  427): DroidBox: { "FileRW": { "operation": "read", "data": "4d656d546f74616c3a202020202020202020373438393634206b420a4d656d467265653a20202020202020202020343336303536206b420a427566666572733a20202020202020202020202035383030206b420a4361636865643a202020202020202020", "id": "853166860" } }
D/InputEventConsistencyVerifier(  427): KeyEvent: ACTION_UP but key was not down.
D/InputEventConsistencyVerifier(  427):   in com.android.systemui.statusbar.phone.StatusBarWindowView@b3e71300
D/InputEventConsistencyVerifier(  427):   0: sent at 167188000000, KeyEvent { action=ACTION_UP, keyCode=KEYCODE_DPAD_LEFT, scanCode=0, metaState=0, flags=0x8, repeatCount=0, eventTime=167188, downTime=167188, deviceId=-1, source=0x101 }
D/InputEventConsistencyVerifier(  427):   -- recent events --
D/InputEventConsistencyVerifier(  427):   1: sent at 167007000000, MotionEvent { action=ACTION_UP, id[0]=0, x[0]=376.0, y[0]=48.0, toolType[0]=TOOL_TYPE_UNKNOWN, buttonState=0, metaState=0, flags=0x0, edgeFlags=0x0, pointerCount=1, historySize=0, eventTime=167007, downTime=166964, deviceId=0, source=0x1002 }
D/InputEventConsistencyVerifier(  427):   2: sent at 167004000000, MotionEvent { action=ACTION_POINTER_UP(1), id[0]=0, x[0]=358.0, y[0]=39.0, toolType[0]=TOOL_TYPE_UNKNOWN, id[1]=1, x[1]=456.0, y[1]=43.0, toolType[1]=TOOL_TYPE_UNKNOWN, buttonState=0, metaState=0, flags=0x0, edgeFlags=0x0, pointerCount=2, historySize=0, eventTime=167004, downTime=166964, deviceId=0, source=0x1002 }
D/InputEventConsistencyVerifier(  427):   3: sent at 167001000000, MotionEvent { action=ACTION_MOVE, id[0]=0, x[0]=346.0, y[0]=38.0, toolType[0]=TOOL_TYPE_UNKNOWN, id[1]=1, x[1]=451.0, y[1]=45.0, toolType[1]=TOOL_TYPE_UNKNOWN, buttonState=0, metaState=0, flags=0x0, edgeFlags=0x0, pointerCount=2, historySize=0, eventTime=167001, downTime=166964, deviceId=0, source=0x1002 }
D/InputEventConsistencyVerifier(  427):   4: sent at 166972000000, MotionEvent { action=ACTION_POINTER_DOWN(1), id[0]=0, x[0]=344.0, y[0]=31.0, toolType[0]=TOOL_TYPE_UNKNOWN, id[1]=1, x[1]=437.0, y[1]=46.0, toolType[1]=TOOL_TYPE_UNKNOWN, buttonState=0, metaState=0, flags=0x0, edgeFlags=0x0, pointerCount=2, historySize=0, eventTime=166972, downTime=166964, deviceId=0, source=0x1002 }
D/InputEventConsistencyVerifier(  427):   5: sent at 166966000000, MotionEvent { action=ACTION_DOWN, id[0]=0, x[0]=335.0, y[0]=23.0, toolType[0]=TOOL_TYPE_UNKNOWN, buttonState=0, metaState=0, flags=0x0, edgeFlags=0x0, pointerCount=1, historySize=0, eventTime=166966, downTime=166964, deviceId=0, source=0x1002 }
W/dalvikvm(  427): DroidBox: { "FdAccess": { "path": "2f70726f632f6d656d696e666f", "id": "1418023012" } }
W/DroidBox(  427): DroidBox: { "FileRW": { "operation": "read", "data": "4d656d546f74616c3a202020202020202020373438393634206b420a4d656d467265653a20202020202020202020343336303536206b420a427566666572733a20202020202020202020202035383030206b420a4361636865643a202020202020202020", "id": "1418023012" } }
I/Choreographer(  427): Skipped 58 frames!  The application may be doing too much work on its main thread.
W/dalvikvm(  427): DroidBox: { "FdAccess": { "path": "2f70726f632f6d656d696e666f", "id": "1777889232" } }
D/InputEventConsistencyVerifier( 1020): TrackballEvent: Trackball is down but pressure is not greater than 0.
D/InputEventConsistencyVerifier( 1020):   in android.view.ViewRootImpl@b3e78158
D/InputEventConsistencyVerifier( 1020):   0: sent at 167122000000, MotionEvent { action=ACTION_DOWN, id[0]=0, x[0]=0.0, y[0]=0.0, toolType[0]=TOOL_TYPE_UNKNOWN, buttonState=0, metaState=0, flags=0x0, edgeFlags=0x0, pointerCount=1, historySize=0, eventTime=167122, downTime=167077, deviceId=0, source=0x10004 }
D/InputEventConsistencyVerifier( 1020):   -- recent events --
D/InputEventConsistencyVerifier( 1020):   1: sent at 167108000000, MotionEvent { action=ACTION_MOVE, id[0]=0, x[0]=-1.0, y[0]=-1.0, toolType[0]=TOOL_TYPE_UNKNOWN, buttonState=0, metaState=0, flags=0x0, edgeFlags=0x0, pointerCount=1, historySize=9, eventTime=167108, downTime=-1, deviceId=0, source=0x10004 }
D/InputEventConsistencyVerifier( 1020):   2: sent at 167047000000, MotionEvent { action=ACTION_UP, id[0]=0, x[0]=277.0, y[0]=312.0, toolType[0]=TOOL_TYPE_UNKNOWN, buttonState=0, metaState=0, flags=0x0, edgeFlags=0x0, pointerCount=1, historySize=0, eventTime=167047, downTime=167026, deviceId=0, source=0x1002 }
D/InputEventConsistencyVerifier( 1020):   3: sent at 167027000000, MotionEvent { action=ACTION_DOWN, id[0]=0, x[0]=280.0, y[0]=321.0, toolType[0]=TOOL_TYPE_UNKNOWN, buttonState=0, metaState=0, flags=0x0, edgeFlags=0x0, pointerCount=1, historySize=0, eventTime=167027, downTime=167026, deviceId=0, source=0x1002 }
D/InputEventConsistencyVerifier( 1020):   4: sent at 166834000000, KeyEvent { action=ACTION_UP, keyCode=KEYCODE_S, scanCode=0, metaState=0, flags=0x8, repeatCount=0, eventTime=166834, downTime=166834, deviceId=-1, source=0x101 }
D/InputEventConsistencyVerifier( 1020):   5: sent at 166693000000, KeyEvent { action=ACTION_DOWN, keyCode=KEYCODE_S, scanCode=0, metaState=0, flags=0x8, repeatCount=0, eventTime=166693, downTime=166693, deviceId=-1, source=0x101 }
W/DroidBox(  427): DroidBox: { "FileRW": { "operation": "read", "data": "4d656d546f74616c3a202020202020202020373438393634206b420a4d656d467265653a20202020202020202020343335393332206b420a427566666572733a20202020202020202020202035383030206b420a4361636865643a202020202020202020", "id": "1777889232" } }
E/WVMExtractor(   61): Failed to open libwvm.so
I/Choreographer( 1020): Skipped 106 frames!  The application may be doing too much work on its main thread.
V/PhoneStatusBar(  427): setLightsOn(true)
W/dalvikvm(  427): DroidBox: { "FdAccess": { "path": "2f70726f632f6d656d696e666f", "id": "1967062552" } }
D/PhoneStatusBar(  427): disable: < expand icons alerts TICKER* system_info back home recent clock >
W/DroidBox(  427): DroidBox: { "FileRW": { "operation": "read", "data": "4d656d546f74616c3a202020202020202020373438393634206b420a4d656d467265653a20202020202020202020343335393332206b420a427566666572733a20202020202020202020202035383030206b420a4361636865643a202020202020202020", "id": "1967062552" } }
I/Choreographer(  427): Skipped 32 frames!  The application may be doing too much work on its main thread.
D/InputEventConsistencyVerifier( 1020): KeyEvent: ACTION_DOWN but key is already down and this event is not a key repeat.
D/InputEventConsistencyVerifier( 1020):   in android.webkit.WebView@b3e742b0
D/InputEventConsistencyVerifier( 1020):   0: sent at 167344000000, KeyEvent { action=ACTION_DOWN, keyCode=KEYCODE_DPAD_CENTER, scanCode=0, metaState=0, flags=0x400, repeatCount=0, eventTime=167344, downTime=167344, deviceId=-1, source=0x101 }
D/InputEventConsistencyVerifier( 1020):   -- recent events --
D/InputEventConsistencyVerifier( 1020):   1: sent at 167122000000, (unhandled) MotionEvent { action=ACTION_DOWN, id[0]=0, x[0]=0.0, y[0]=0.0, toolType[0]=TOOL_TYPE_UNKNOWN, buttonState=0, metaState=0, flags=0x80000000, edgeFlags=0x0, pointerCount=1, historySize=0, eventTime=167122, downTime=167077, deviceId=0, source=0x10004 }
D/InputEventConsistencyVerifier( 1020):   2: sent at 167108000000, (unhandled) MotionEvent { action=ACTION_MOVE, id[0]=0, x[0]=-1.0, y[0]=-1.0, toolType[0]=TOOL_TYPE_UNKNOWN, buttonState=0, metaState=0, flags=0x0, edgeFlags=0x0, pointerCount=1, historySize=9, eventTime=167108, downTime=-1, deviceId=0, source=0x10004 }
D/InputEventConsistencyVerifier( 1020):   3: sent at 166834000000, KeyEvent { action=ACTION_UP, keyCode=KEYCODE_S, scanCode=0, metaState=0, flags=0x8, repeatCount=0, eventTime=166834, downTime=166834, deviceId=-1, source=0x101 }
D/InputEventConsistencyVerifier( 1020):   4: sent at 166693000000, KeyEvent { action=ACTION_DOWN, keyCode=KEYCODE_S, scanCode=0, metaState=0, flags=0x8, repeatCount=0, eventTime=166693, downTime=166693, deviceId=-1, source=0x101 }
D/InputEventConsistencyVerifier( 1020):   5: sent at 166527000000, KeyEvent { action=ACTION_UP, keyCode=KEYCODE_DPAD_LEFT, scanCode=0, metaState=0, flags=0x8, repeatCount=0, eventTime=166527, downTime=166527, deviceId=-1, source=0x101 }
I/Choreographer( 1020): Skipped 57 frames!  The application may be doing too much work on its main thread.
D/InputEventConsistencyVerifier(  427): KeyEvent: ACTION_UP but key was not down.
D/InputEventConsistencyVerifier(  427):   in com.android.systemui.statusbar.phone.StatusBarWindowView@b3e71300
D/InputEventConsistencyVerifier(  427):   0: sent at 167540000000, KeyEvent { action=ACTION_UP, keyCode=KEYCODE_DPAD_UP, scanCode=0, metaState=0, flags=0x8, repeatCount=0, eventTime=167540, downTime=167540, deviceId=-1, source=0x101 }
D/InputEventConsistencyVerifier(  427):   -- recent events --
D/InputEventConsistencyVerifier(  427):   1: sent at 167441000000, (unhandled) KeyEvent { action=ACTION_UP, keyCode=KEYCODE_DPAD_UP, scanCode=0, metaState=0, flags=0x8, repeatCount=0, eventTime=167441, downTime=167441, deviceId=-1, source=0x101 }
D/InputEventConsistencyVerifier(  427):   2: sent at 167395000000, (unhandled) KeyEvent { action=ACTION_DOWN, keyCode=KEYCODE_DPAD_UP, scanCode=0, metaState=0, flags=0x8, repeatCount=0, eventTime=167395, downTime=167395, deviceId=-1, source=0x101 }
D/InputEventConsistencyVerifier(  427):   3: sent at 167309000000, (unhandled) KeyEvent { action=ACTION_UP, keyCode=KEYCODE_DPAD_RIGHT, scanCode=0, metaState=0, flags=0x8, repeatCount=0, eventTime=167309, downTime=167309, deviceId=-1, source=0x101 }
D/InputEventConsistencyVerifier(  427):   4: sent at 167279000000, (unhandled) KeyEvent { action=ACTION_DOWN, keyCode=KEYCODE_DPAD_RIGHT, scanCode=0, metaState=0, flags=0x8, repeatCount=0, eventTime=167279, downTime=167279, deviceId=-1, source=0x101 }
D/InputEventConsistencyVerifier(  427):   5: sent at 167188000000, (unhandled) KeyEvent { action=ACTION_UP, keyCode=KEYCODE_DPAD_LEFT, scanCode=0, metaState=0, flags=0x80000008, repeatCount=0, eventTime=167188, downTime=167188, deviceId=-1, source=0x101 }
V/PhoneStatusBar(  427): setLightsOn(true)
D/PhoneStatusBar(  427): disable: < expand icons alerts ticker* system_info back home recent clock >
W/InputMethodManagerService(  228): Window already focused, ignoring focus gain of: com.android.internal.view.IInputMethodClient$Stub$Proxy@b4041658 attribute=null
I/Choreographer( 1020): Skipped 33 frames!  The application may be doing too much work on its main thread.
E/WVMExtractor(   61): Failed to open libwvm.so
E/WVMExtractor(   61): Failed to open libwvm.so
I/ActivityManager(  228): START {act=android.intent.action.MAIN cat=[android.intent.category.HOME] flg=0x10200000 cmp=com.android.launcher/com.android.launcher2.Launcher u=0} from pid 228
I/Choreographer( 1020): Skipped 48 frames!  The application may be doing too much work on its main thread.
E/WVMExtractor(   61): Failed to open libwvm.so
I/Choreographer( 1020): Skipped 33 frames!  The application may be doing too much work on its main thread.
I/InputDispatcher(  228): Dropped event because of pending overdue app switch.
I/InputDispatcher(  228): Dropped event because of pending overdue app switch.
W/InputManager(  228): Input event injection from pid 1002 failed.
W/InputManager(  228): Input event injection from pid 1002 failed.
I/ActivityManager(  228): START {act=android.intent.action.MAIN cat=[android.intent.category.LAUNCHER] flg=0x10200000 cmp=com.hmmh.vvjfrtnisisdaig/com.ADTvaIL.oMOHlTGQwv u=0} from pid 1002
I/Choreographer( 1020): Skipped 35 frames!  The application may be doing too much work on its main thread.
E/WVMExtractor(   61): Failed to open libwvm.so
I/Choreographer( 1020): Skipped 63 frames!  The application may be doing too much work on its main thread.
I/Choreographer( 1020): Skipped 41 frames!  The application may be doing too much work on its main thread.
E/WVMExtractor(   61): Failed to open libwvm.so
E/WVMExtractor(   61): Failed to open libwvm.so
E/WVMExtractor(   61): Failed to open libwvm.so
I/Choreographer( 1020): Skipped 31 frames!  The application may be doing too much work on its main thread.
E/WVMExtractor(   61): Failed to open libwvm.so
E/WVMExtractor(   61): Failed to open libwvm.so
E/WVMExtractor(   61): Failed to open libwvm.so
E/WVMExtractor(   61): Failed to open libwvm.so
E/WVMExtractor(   61): Failed to open libwvm.so
I/Choreographer( 1020): Skipped 31 frames!  The application may be doing too much work on its main thread.
E/WVMExtractor(   61): Failed to open libwvm.so
E/WVMExtractor(   61): Failed to open libwvm.so
I/ActivityManager(  228): START {act=android.intent.action.CALL_BUTTON flg=0x10000000 cmp=com.android.contacts/.activities.DialtactsActivity u=0} from pid 1020
I/Choreographer( 1020): Skipped 30 frames!  The application may be doing too much work on its main thread.
I/Choreographer( 1020): Skipped 42 frames!  The application may be doing too much work on its main thread.
D/InputEventConsistencyVerifier( 1020): TrackballEvent: Trackball is down but pressure is not greater than 0.
D/InputEventConsistencyVerifier( 1020):   in android.view.ViewRootImpl@b3e78158
D/InputEventConsistencyVerifier( 1020):   0: sent at 173819000000, MotionEvent { action=ACTION_DOWN, id[0]=0, x[0]=0.0, y[0]=0.0, toolType[0]=TOOL_TYPE_UNKNOWN, buttonState=0, metaState=0, flags=0x0, edgeFlags=0x0, pointerCount=1, historySize=0, eventTime=173819, downTime=173754, deviceId=0, source=0x10004 }
D/InputEventConsistencyVerifier( 1020):   -- recent events --
D/InputEventConsistencyVerifier( 1020):   1: sent at 173808000000, MotionEvent { action=ACTION_MOVE, id[0]=0, x[0]=-3.0, y[0]=0.0, toolType[0]=TOOL_TYPE_UNKNOWN, buttonState=0, metaState=0, flags=0x0, edgeFlags=0x0, pointerCount=1, historySize=9, eventTime=173808, downTime=-1, deviceId=0, source=0x10004 }
D/InputEventConsistencyVerifier( 1020):   2: sent at 173649000000, KeyEvent { action=ACTION_UP, keyCode=KEYCODE_DPAD_CENTER, scanCode=0, metaState=0, flags=0x8, repeatCount=0, eventTime=173649, downTime=173649, deviceId=-1, source=0x101 }
D/InputEventConsistencyVerifier( 1020):   3: sent at 173513000000, KeyEvent { action=ACTION_DOWN, keyCode=KEYCODE_DPAD_CENTER, scanCode=0, metaState=0, flags=0x8, repeatCount=0, eventTime=173513, downTime=173513, deviceId=-1, source=0x101 }
D/InputEventConsistencyVerifier( 1020):   4: sent at 173362000000, KeyEvent { action=ACTION_UP, keyCode=KEYCODE_CALL, scanCode=0, metaState=0, flags=0x8, repeatCount=0, eventTime=173362, downTime=173362, deviceId=-1, source=0x101 }
D/InputEventConsistencyVerifier( 1020):   5: sent at 173236000000, KeyEvent { action=ACTION_DOWN, keyCode=KEYCODE_CALL, scanCode=0, metaState=0, flags=0x8, repeatCount=0, eventTime=173236, downTime=173236, deviceId=-1, source=0x101 }
E/WVMExtractor(   61): Failed to open libwvm.so
E/WVMExtractor(   61): Failed to open libwvm.so
E/WVMExtractor(   61): Failed to open libwvm.so
I/Choreographer( 1020): Skipped 44 frames!  The application may be doing too much work on its main thread.
E/WVMExtractor(   61): Failed to open libwvm.so
E/WVMExtractor(   61): Failed to open libwvm.so
E/WVMExtractor(   61): Failed to open libwvm.so
E/WVMExtractor(   61): Failed to open libwvm.so
E/WVMExtractor(   61): Failed to open libwvm.so
E/WVMExtractor(   61): Failed to open libwvm.so
E/WVMExtractor(   61): Failed to open libwvm.so
E/WVMExtractor(   61): Failed to open libwvm.so
E/WVMExtractor(   61): Failed to open libwvm.so
