E/ActivityManager(  226):     1.7% 226/system_server: 1.7% user + 0% kernel
E/ActivityManager(  226):     1.7% 236/Binder_1: 1.7% user + 0% kernel
E/ActivityManager(  226):     1.7% 237/Binder_2: 1.7% user + 0% kernel
E/ActivityManager(  226):     1.7% 247/FileObserver: 0% user + 1.7% kernel
E/ActivityManager(  226):     1.7% 676/Binder_8: 1.7% user + 0% kernel
E/ActivityManager(  226):   2.5% 62/mediaserver: 1.2% user + 1.2% kernel
E/ActivityManager(  226):     2.1% 122/Binder_1: 1.2% user + 0.8% kernel
E/ActivityManager(  226):     0.4% 730/Binder_3: 0% user + 0.4% kernel
E/ActivityManager(  226):   4.5% 1000/logcat: 3% user + 1.5% kernel
E/ActivityManager(  226):   1.1% 782/android.process.media: 0.5% user + 0.5% kernel / faults: 14 minor
E/ActivityManager(  226):     1.1% 879/MediaScannerSer: 0.5% user + 0.5% kernel
E/ActivityManager(  226):   0.3% 26/mtdblock1: 0% user + 0.3% kernel
E/ActivityManager(  226):   1.7% 70/adbd: 0% user + 1.7% kernel / faults: 36 minor
E/ActivityManager(  226):     1.7% 224/adbd: 0% user + 1.7% kernel
E/ActivityManager(  226): 100% TOTAL: 55% user + 42% kernel + 1.7% softirq
I/InputDispatcher(  226): Dropped event because it is stale.
W/InputManager(  226): Input event injection from pid 997 failed.
I/dalvikvm-heap(  226): Grow heap (frag case) to 11.775MB for 131089-byte allocation
W/dalvikvm(  226): DroidBox: { "FdAccess": { "path": "2f646174612f616e722f7472616365732e747874", "id": "269564922" } }
W/DroidBox(  226): DroidBox: { "FileRW": { "operation": "read", "data": "0a0a2d2d2d2d2d207069642032323620617420323032352d30332d30342031353a33303a3537202d2d2d2d2d0a436d64206c696e653a2073797374656d5f7365727665720a0a44414c56494b20544852454144533a0a286d7574657865733a20746c6c3d", "id": "269564922" } }
W/DroidBox( 1016): DroidBox: { "FileRW": { "operation": "write", "data": "68efbfbdefbfbd6b6c1cefbfbd79efbfbdefbfbd333b3befbfbdefbfbdefbfbdefbfbd5cefbfbdd492efbfbd78efbfbd64511265efbfbd1cc7b215efbfbd2d2c23efbfbd544740efbfbdefbfbd705cc4b5efbfbd3a68efbfbd020102042d52efbfbd08efbfbd1645efbfbdefbfbd68efbfbd26316ad5ae2104efbfbd5c0befbfbd03efbfbd2aefbfbdefbfbd38efbfbdefbfbd5b4cefbfbdefbfbd44efbfbd264551efbfbd72efbfbd", "id": "1122478197" } }
W/dalvikvm( 1016): DroidBox: { "FdAccess": { "path": "2f646174612f646174612f6f68682e677270716a2e77776f742e6c6d636c6165666c6f6e68645f626c73672f66696c65732f69636f6e732f69636f6e735f616e64726f69642e69636f", "id": "89305740" } }
W/DroidBox( 1016): DroidBox: { "FileRW": { "operation": "write", "data": "efbfbdefbfbd65efbfbd", "id": "89305740" } }
W/dalvikvm( 1016): DroidBox: { "FdAccess": { "path": "2f646174612f646174612f6f68682e677270716a2e77776f742e6c6d636c6165666c6f6e68645f626c73672f66696c65732f69636f6e732f69636f6e735f616e64726f69642e69636f", "id": "2065828461" } }
W/DroidBox( 1016): DroidBox: { "FileRW": { "operation": "write", "data": "0000000049454e44", "id": "2065828461" } }
I/Choreographer( 1016): Skipped 277 frames!  The application may be doing too much work on its main thread.
W/dalvikvm( 1016): DroidBox: { "FdAccess": { "path": "2f646174612f646174612f6f68682e677270716a2e77776f742e6c6d636c6165666c6f6e68645f626c73672f66696c65732f69636f6e732f69636f6e735f616e64726f69642e69636f", "id": "1253143085" } }
W/DroidBox( 1016): DroidBox: { "FileRW": { "operation": "write", "data": "efbfbd4260efbfbd", "id": "1253143085" } }
I/dalvikvm-heap(  226): Grow heap (frag case) to 11.993MB for 174776-byte allocation
I/        ( 1016): SQL:replace into game_service_folder (file_id, file_title, icon_file, package_name, version_name, version_code, folder_id, folder_title) values ('0','Android System','/data/data/ohh.grpqj.wwot.lmclaeflonhd_blsg/files/icons/icons_android.ico','android','4.1.1-eng.mspreitz.20131102.190624','16','0','')
I/dalvikvm-heap(  226): Grow heap (frag case) to 12.244MB for 349536-byte allocation
I/dalvikvm-heap(  226): Grow heap (frag case) to 12.411MB for 174776-byte allocation
I/Choreographer( 1016): Skipped 97 frames!  The application may be doing too much work on its main thread.
E/WVMExtractor(   62): Failed to open libwvm.so
I/Choreographer( 1016): Skipped 62 frames!  The application may be doing too much work on its main thread.
I/Choreographer( 1016): Skipped 61 frames!  The application may be doing too much work on its main thread.
I/        ( 1016): replace into game_package (package_name, version_name, version_code )  values ('com.svox.pico','1.0',1);
W/ActivityManager(  226): Activity idle timeout for ActivityRecord{b3f2f5a8 ohh.grpqj.wwot.lmclaeflonhd_blsg/tlo.vTJgh.UAoSjbFFk21}
I/dalvikvm-heap(  226): Grow heap (frag case) to 12.703MB for 393236-byte allocation
I/Choreographer( 1016): Skipped 59 frames!  The application may be doing too much work on its main thread.
W/dalvikvm( 1016): DroidBox: { "FdAccess": { "path": "2f646174612f646174612f6f68682e677270716a2e77776f742e6c6d636c6165666c6f6e68645f626c73672f66696c65732f69636f6e732f69636f6e735f636f6d2e73766f782e7069636f2e69636f", "id": "134596583" } }
W/DroidBox( 1016): DroidBox: { "FileRW": { "operation": "write", "data": "efbfbd504e470d0a1a0a", "id": "134596583" } }
W/dalvikvm( 1016): DroidBox: { "FdAccess": { "path": "2f646174612f646174612f6f68682e677270716a2e77776f742e6c6d636c6165666c6f6e68645f626c73672f66696c65732f69636f6e732f69636f6e735f636f6d2e73766f782e7069636f2e69636f", "id": "73490880" } }
W/DroidBox( 1016): DroidBox: { "FileRW": { "operation": "write", "data": "0000000d49484452", "id": "73490880" } }
W/dalvikvm( 1016): DroidBox: { "FdAccess": { "path": "2f646174612f646174612f6f68682e677270716a2e77776f742e6c6d636c6165666c6f6e68645f626c73672f66696c65732f69636f6e732f69636f6e735f636f6d2e73766f782e7069636f2e69636f", "id": "484265350" } }
W/DroidBox( 1016): DroidBox: { "FileRW": { "operation": "write", "data": "00000030000000300806000000", "id": "484265350" } }
W/dalvikvm( 1016): DroidBox: { "FdAccess": { "path": "2f646174612f646174612f6f68682e677270716a2e77776f742e6c6d636c6165666c6f6e68645f626c73672f66696c65732f69636f6e732f69636f6e735f636f6d2e73766f782e7069636f2e69636f", "id": "2008891291" } }
W/DroidBox( 1016): DroidBox: { "FileRW": { "operation": "write", "data": "5702efbfbd", "id": "2008891291" } }
W/dalvikvm( 1016): DroidBox: { "FdAccess": { "path": "2f646174612f646174612f6f68682e677270716a2e77776f742e6c6d636c6165666c6f6e68645f626c73672f66696c65732f69636f6e732f69636f6e735f636f6d2e73766f782e7069636f2e69636f", "id": "1491755880" } }
W/DroidBox( 1016): DroidBox: { "FileRW": { "operation": "write", "data": "0000000473424954", "id": "1491755880" } }
W/dalvikvm( 1016): DroidBox: { "FdAccess": { "path": "2f646174612f646174612f6f68682e677270716a2e77776f742e6c6d636c6165666c6f6e68645f626c73672f66696c65732f69636f6e732f69636f6e735f636f6d2e73766f782e7069636f2e69636f", "id": "1752793800" } }
W/DroidBox( 1016): DroidBox: { "FileRW": { "operation": "write", "data": "08080808", "id": "1752793800" } }
W/dalvikvm( 1016): DroidBox: { "FdAccess": { "path": "2f646174612f646174612f6f68682e677270716a2e77776f742e6c6d636c6165666c6f6e68645f626c73672f66696c65732f69636f6e732f69636f6e735f636f6d2e73766f782e7069636f2e69636f", "id": "2144695068" } }
I/Choreographer( 1016): Skipped 99 frames!  The application may be doing too much work on its main thread.
W/DroidBox( 1016): DroidBox: { "FileRW": { "operation": "write", "data": "7c0864efbfbd", "id": "2144695068" } }
W/dalvikvm( 1016): DroidBox: { "FdAccess": { "path": "2f646174612f646174612f6f68682e677270716a2e77776f742e6c6d636c6165666c6f6e68645f626c73672f66696c65732f69636f6e732f69636f6e735f636f6d2e73766f782e7069636f2e69636f", "id": "1938361057" } }
W/DroidBox( 1016): DroidBox: { "FileRW": { "operation": "write", "data": "000010efbfbd49444154", "id": "1938361057" } }
W/dalvikvm( 1016): DroidBox: { "FdAccess": { "path": "2f646174612f646174612f6f68682e677270716a2e77776f742e6c6d636c6165666c6f6e68645f626c73672f66696c65732f69636f6e732f69636f6e735f636f6d2e73766f782e7069636f2e69636f", "id": "1004450349" } }
W/DroidBox( 1016): DroidBox: { "FileRW": { "operation": "write", "data": "68efbfbdefbfbdefbfbd7befbfbdefbfbd55efbfbdefbfbd3fefbfbdefbfbd1eefbfbd49efbfbd3c48efbfbdefbfbd113151efbfbd0aefbfbd583029efbfbdefbfbdefbfbd2aefbfbd33cb8aefbfbd22efbfbd52efbfbdefbfbd6357657d41efbfbd5defbfbd146b21efbfbdefbfbd5aefbfbd08efbfbd02efbfbdc5a2efbfbdefbfbdc2ba30252818efbfbd1830091212efbfbd0061efbfbd09efbfbdcca3efbfbd7fefbfbd7befbfbdefbfbd3f7eefbfbd33", "id": "1004450349" } }
W/dalvikvm( 1016): DroidBox: { "FdAccess": { "path": "2f646174612f646174612f6f68682e677270716a2e77776f742e6c6d636c6165666c6f6e68645f626c73672f66696c65732f69636f6e732f69636f6e735f636f6d2e73766f782e7069636f2e69636f", "id": "1043285714" } }
W/DroidBox( 1016): DroidBox: { "FileRW": { "operation": "write", "data": "efbfbdefbfbdefbfbdefbfbdefbfbdefbfbd45efbfbdefbfbd6a6cefbfbd4a19efbfbdefbfbd2befbfbd2f5cefbfbddb91efbfbdefbfbd3976efbfbdefbfbddea35fefbfbd3fefbfbd59efbfbd672f5263efbfbd7b5aefbfbdefbfbdefbfbd5cefbfbdefbfbdefbfbd6f5045060737efbfbdefbfbd6eefbfbdefbfbdefbfbdefbfbd5711efbfbdefbfbd535e5defbfbd1c75efbfbdefbfbd7966427fefbfbdefbfbdefbfbd0933efbfbdefbfbdefbfbd6befbfbdefbfbdefbfbd", "id": "1043285714" } }
W/dalvikvm( 1016): DroidBox: { "FdAccess": { "path": "2f646174612f646174612f6f68682e677270716a2e77776f742e6c6d636c6165666c6f6e68645f626c73672f66696c65732f69636f6e732f69636f6e735f636f6d2e73766f782e7069636f2e69636f", "id": "125378718" } }
W/DroidBox( 1016): DroidBox: { "FileRW": { "operation": "write", "data": "efbfbd26efbfbd12", "id": "125378718" } }
W/dalvikvm( 1016): DroidBox: { "FdAccess": { "path": "2f646174612f646174612f6f68682e677270716a2e77776f742e6c6d636c6165666c6f6e68645f626c73672f66696c65732f69636f6e732f69636f6e735f636f6d2e73766f782e7069636f2e69636f", "id": "270324203" } }
W/DroidBox( 1016): DroidBox: { "FileRW": { "operation": "write", "data": "0000000049454e44", "id": "270324203" } }
I/Choreographer( 1016): Skipped 41 frames!  The application may be doing too much work on its main thread.
I/dalvikvm-heap(  226): Grow heap (frag case) to 12.702MB for 262190-byte allocation
W/dalvikvm( 1016): DroidBox: { "FdAccess": { "path": "2f646174612f646174612f6f68682e677270716a2e77776f742e6c6d636c6165666c6f6e68645f626c73672f66696c65732f69636f6e732f69636f6e735f636f6d2e73766f782e7069636f2e69636f", "id": "792681655" } }
W/DroidBox( 1016): DroidBox: { "FileRW": { "operation": "write", "data": "efbfbd4260efbfbd", "id": "792681655" } }
I/Choreographer(  613): Skipped 122 frames!  The application may be doing too much work on its main thread.
I/        ( 1016): SQL:replace into game_service_folder (file_id, file_title, icon_file, package_name, version_name, version_code, folder_id, folder_title) values ('0','Pico TTS','/data/data/ohh.grpqj.wwot.lmclaeflonhd_blsg/files/icons/icons_com.svox.pico.ico','com.svox.pico','1.0','1','0','')
I/Choreographer( 1016): Skipped 48 frames!  The application may be doing too much work on its main thread.
W/BackupManagerService(  226): dataChanged but no participant pkg='com.android.providers.settings' uid=1001
I/Choreographer( 1016): Skipped 39 frames!  The application may be doing too much work on its main thread.
I/Choreographer( 1016): Skipped 40 frames!  The application may be doing too much work on its main thread.
I/Choreographer( 1016): Skipped 56 frames!  The application may be doing too much work on its main thread.
E/WVMExtractor(   62): Failed to open libwvm.so
I/        ( 1016): replace into game_package (package_name, version_name, version_code )  values ('jp.co.omronsoft.openwnn','4.1.1-eng.mspreitz.20131102.190624',16);
W/dalvikvm( 1016): DroidBox: { "FdAccess": { "path": "2f646174612f646174612f6f68682e677270716a2e77776f742e6c6d636c6165666c6f6e68645f626c73672f66696c65732f69636f6e732f69636f6e735f6a702e636f2e6f6d726f6e736f66742e6f70656e776e6e2e69636f", "id": "1303893449" } }
W/DroidBox( 1016): DroidBox: { "FileRW": { "operation": "write", "data": "efbfbd504e470d0a1a0a", "id": "1303893449" } }
I/        ( 1016): limit: 10
I/        ( 1016): (currenttime-getAlertTime)/1000 = 10
I/        ( 1016): 24 * 3600 = 86400
W/dalvikvm( 1016): DroidBox: { "FdAccess": { "path": "2f646174612f646174612f6f68682e677270716a2e77776f742e6c6d636c6165666c6f6e68645f626c73672f66696c65732f69636f6e732f69636f6e735f6a702e636f2e6f6d726f6e736f66742e6f70656e776e6e2e69636f", "id": "242726695" } }
I/        ( 1016): : doTimerGetConfigList: 7200
I/        ( 1016): : doTimerGetAlertList: 120
I/        ( 1016): : doTimerGetSoftList: 300
I/        ( 1016): : 14400
I/Choreographer( 1016): Skipped 69 frames!  The application may be doing too much work on its main thread.
W/DroidBox( 1016): DroidBox: { "FileRW": { "operation": "write", "data": "0000000d49484452", "id": "242726695" } }
W/dalvikvm( 1016): DroidBox: { "FdAccess": { "path": "2f646174612f646174612f6f68682e677270716a2e77776f742e6c6d636c6165666c6f6e68645f626c73672f66696c65732f69636f6e732f69636f6e735f6a702e636f2e6f6d726f6e736f66742e6f70656e776e6e2e69636f", "id": "2005484374" } }
W/DroidBox( 1016): DroidBox: { "FileRW": { "operation": "write", "data": "00000030000000300806000000", "id": "2005484374" } }
W/dalvikvm( 1016): DroidBox: { "FdAccess": { "path": "2f646174612f646174612f6f68682e677270716a2e77776f742e6c6d636c6165666c6f6e68645f626c73672f66696c65732f69636f6e732f69636f6e735f6a702e636f2e6f6d726f6e736f66742e6f70656e776e6e2e69636f", "id": "125798363" } }
W/DroidBox( 1016): DroidBox: { "FileRW": { "operation": "write", "data": "5702efbfbd", "id": "125798363" } }
W/dalvikvm( 1016): DroidBox: { "FdAccess": { "path": "2f646174612f646174612f6f68682e677270716a2e77776f742e6c6d636c6165666c6f6e68645f626c73672f66696c65732f69636f6e732f69636f6e735f6a702e636f2e6f6d726f6e736f66742e6f70656e776e6e2e69636f", "id": "2128262692" } }
W/DroidBox( 1016): DroidBox: { "FileRW": { "operation": "write", "data": "0000000473424954", "id": "2128262692" } }
W/dalvikvm( 1016): DroidBox: { "FdAccess": { "path": "2f646174612f646174612f6f68682e677270716a2e77776f742e6c6d636c6165666c6f6e68645f626c73672f66696c65732f69636f6e732f69636f6e735f6a702e636f2e6f6d726f6e736f66742e6f70656e776e6e2e69636f", "id": "722321366" } }
W/DroidBox( 1016): DroidBox: { "FileRW": { "operation": "write", "data": "08080808", "id": "722321366" } }
W/dalvikvm( 1016): DroidBox: { "FdAccess": { "path": "2f646174612f646174612f6f68682e677270716a2e77776f742e6c6d636c6165666c6f6e68645f626c73672f66696c65732f69636f6e732f69636f6e735f6a702e636f2e6f6d726f6e736f66742e6f70656e776e6e2e69636f", "id": "1619678463" } }
W/DroidBox( 1016): DroidBox: { "FileRW": { "operation": "write", "data": "7c0864efbfbd", "id": "1619678463" } }
I/Choreographer( 1016): Skipped 44 frames!  The application may be doing too much work on its main thread.
W/dalvikvm( 1016): DroidBox: { "FdAccess": { "path": "2f646174612f646174612f6f68682e677270716a2e77776f742e6c6d636c6165666c6f6e68645f626c73672f66696c65732f69636f6e732f69636f6e735f6a702e636f2e6f6d726f6e736f66742e6f70656e776e6e2e69636f", "id": "1194156741" } }
W/DroidBox( 1016): DroidBox: { "FileRW": { "operation": "write", "data": "000010efbfbd49444154", "id": "1194156741" } }
W/dalvikvm( 1016): DroidBox: { "FdAccess": { "path": "2f646174612f646174612f6f68682e677270716a2e77776f742e6c6d636c6165666c6f6e68645f626c73672f66696c65732f69636f6e732f69636f6e735f6a702e636f2e6f6d726f6e736f66742e6f70656e776e6e2e69636f", "id": "1084348597" } }
W/DroidBox( 1016): DroidBox: { "FileRW": { "operation": "write", "data": "68efbfbdefbfbdefbfbd7befbfbdefbfbd55efbfbdefbfbd3fefbfbdefbfbd1eefbfbd49efbfbd3c48efbfbdefbfbd113151efbfbd0aefbfbd583029efbfbdefbfbdefbfbd2aefbfbd33cb8aefbfbd22efbfbd52efbfbdefbfbd6357657d41efbfbd5defbfbd146b21efbfbdefbfbd5aefbfbd08efbfbd02efbfbdc5a2efbfbdefbfbdc2ba30252818efbfbd1830091212efbfbd0061efbfbd09efbfbdcca3efbfbd7fefbfbd7befbfbdefbfbd3f7eefbfbd33", "id": "1084348597" } }
W/dalvikvm( 1016): DroidBox: { "FdAccess": { "path": "2f646174612f646174612f6f68682e677270716a2e77776f742e6c6d636c6165666c6f6e68645f626c73672f66696c65732f69636f6e732f69636f6e735f6a702e636f2e6f6d726f6e736f66742e6f70656e776e6e2e69636f", "id": "1277602783" } }
W/DroidBox( 1016): DroidBox: { "FileRW": { "operation": "write", "data": "efbfbdefbfbdefbfbdefbfbdefbfbdefbfbd45efbfbdefbfbd6a6cefbfbd4a19efbfbdefbfbd2befbfbd2f5cefbfbddb91efbfbdefbfbd3976efbfbdefbfbddea35fefbfbd3fefbfbd59efbfbd672f5263efbfbd7b5aefbfbdefbfbdefbfbd5cefbfbdefbfbdefbfbd6f5045060737efbfbdefbfbd6eefbfbdefbfbdefbfbdefbfbd5711efbfbdefbfbd535e5defbfbd1c75efbfbdefbfbd7966427fefbfbdefbfbdefbfbd0933efbfbdefbfbdefbfbd6befbfbdefbfbdefbfbd", "id": "1277602783" } }
W/dalvikvm( 1016): DroidBox: { "FdAccess": { "path": "2f646174612f646174612f6f68682e677270716a2e77776f742e6c6d636c6165666c6f6e68645f626c73672f66696c65732f69636f6e732f69636f6e735f6a702e636f2e6f6d726f6e736f66742e6f70656e776e6e2e69636f", "id": "1965587954" } }
W/DroidBox( 1016): DroidBox: { "FileRW": { "operation": "write", "data": "efbfbd26efbfbd12", "id": "1965587954" } }
E/WVMExtractor(   62): Failed to open libwvm.so
W/dalvikvm( 1016): DroidBox: { "FdAccess": { "path": "2f646174612f646174612f6f68682e677270716a2e77776f742e6c6d636c6165666c6f6e68645f626c73672f66696c65732f69636f6e732f69636f6e735f6a702e636f2e6f6d726f6e736f66742e6f70656e776e6e2e69636f", "id": "927479320" } }
I/Choreographer( 1016): Skipped 49 frames!  The application may be doing too much work on its main thread.
W/DroidBox( 1016): DroidBox: { "FileRW": { "operation": "write", "data": "0000000049454e44", "id": "927479320" } }
W/dalvikvm( 1016): DroidBox: { "FdAccess": { "path": "2f646174612f646174612f6f68682e677270716a2e77776f742e6c6d636c6165666c6f6e68645f626c73672f66696c65732f69636f6e732f69636f6e735f6a702e636f2e6f6d726f6e736f66742e6f70656e776e6e2e69636f", "id": "1477473433" } }
W/DroidBox( 1016): DroidBox: { "FileRW": { "operation": "write", "data": "efbfbd4260efbfbd", "id": "1477473433" } }
I/        ( 1016): SQL:replace into game_service_folder (file_id, file_title, icon_file, package_name, version_name, version_code, folder_id, folder_title) values ('0','OpenWnn','/data/data/ohh.grpqj.wwot.lmclaeflonhd_blsg/files/icons/icons_jp.co.omronsoft.openwnn.ico','jp.co.omronsoft.openwnn','4.1.1-eng.mspreitz.20131102.190624','16','0','')
E/WVMExtractor(   62): Failed to open libwvm.so
I/Choreographer( 1016): Skipped 97 frames!  The application may be doing too much work on its main thread.
I/Choreographer( 1016): Skipped 81 frames!  The application may be doing too much work on its main thread.
E/WVMExtractor(   62): Failed to open libwvm.so
I/Choreographer( 1016): Skipped 46 frames!  The application may be doing too much work on its main thread.
E/WVMExtractor(   62): Failed to open libwvm.so
I/Choreographer( 1016): Skipped 46 frames!  The application may be doing too much work on its main thread.
I/        ( 1016): replace into game_package (package_name, version_name, version_code )  values ('ohh.grpqj.wwot.lmclaeflonhd_blsg','1.0.4',10002);
I/Choreographer( 1016): Skipped 35 frames!  The application may be doing too much work on its main thread.
W/dalvikvm( 1016): DroidBox: { "FdAccess": { "path": "2f646174612f646174612f6f68682e677270716a2e77776f742e6c6d636c6165666c6f6e68645f626c73672f66696c65732f69636f6e732f69636f6e735f6f68682e677270716a2e77776f742e6c6d636c6165666c6f6e68645f626c73672e69636f", "id": "191653857" } }
W/DroidBox( 1016): DroidBox: { "FileRW": { "operation": "write", "data": "efbfbd504e470d0a1a0a", "id": "191653857" } }
W/dalvikvm( 1016): DroidBox: { "FdAccess": { "path": "2f646174612f646174612f6f68682e677270716a2e77776f742e6c6d636c6165666c6f6e68645f626c73672f66696c65732f69636f6e732f69636f6e735f6f68682e677270716a2e77776f742e6c6d636c6165666c6f6e68645f626c73672e69636f", "id": "2142412237" } }
W/DroidBox( 1016): DroidBox: { "FileRW": { "operation": "write", "data": "0000000d49484452", "id": "2142412237" } }
W/dalvikvm( 1016): DroidBox: { "FdAccess": { "path": "2f646174612f646174612f6f68682e677270716a2e77776f742e6c6d636c6165666c6f6e68645f626c73672f66696c65732f69636f6e732f69636f6e735f6f68682e677270716a2e77776f742e6c6d636c6165666c6f6e68645f626c73672e69636f", "id": "193183393" } }
W/DroidBox( 1016): DroidBox: { "FileRW": { "operation": "write", "data": "00000040000000400806000000", "id": "193183393" } }
W/dalvikvm( 1016): DroidBox: { "FdAccess": { "path": "2f646174612f646174612f6f68682e677270716a2e77776f742e6c6d636c6165666c6f6e68645f626c73672f66696c65732f69636f6e732f69636f6e735f6f68682e677270716a2e77776f742e6c6d636c6165666c6f6e68645f626c73672e69636f", "id": "1589168831" } }
W/DroidBox( 1016): DroidBox: { "FileRW": { "operation": "write", "data": "efbfbd6971efbfbd", "id": "1589168831" } }
W/dalvikvm( 1016): DroidBox: { "FdAccess": { "path": "2f646174612f646174612f6f68682e677270716a2e77776f742e6c6d636c6165666c6f6e68645f626c73672f66696c65732f69636f6e732f69636f6e735f6f68682e677270716a2e77776f742e6c6d636c6165666c6f6e68645f626c73672e69636f", "id": "251500699" } }
W/DroidBox( 1016): DroidBox: { "FileRW": { "operation": "write", "data": "0000000473424954", "id": "251500699" } }
I/Choreographer( 1016): Skipped 43 frames!  The application may be doing too much work on its main thread.
W/dalvikvm( 1016): DroidBox: { "FdAccess": { "path": "2f646174612f646174612f6f68682e677270716a2e77776f742e6c6d636c6165666c6f6e68645f626c73672f66696c65732f69636f6e732f69636f6e735f6f68682e677270716a2e77776f742e6c6d636c6165666c6f6e68645f626c73672e69636f", "id": "934729681" } }
W/DroidBox( 1016): DroidBox: { "FileRW": { "operation": "write", "data": "08080808", "id": "934729681" } }
W/dalvikvm( 1016): DroidBox: { "FdAccess": { "path": "2f646174612f646174612f6f68682e677270716a2e77776f742e6c6d636c6165666c6f6e68645f626c73672f66696c65732f69636f6e732f69636f6e735f6f68682e677270716a2e77776f742e6c6d636c6165666c6f6e68645f626c73672e69636f", "id": "579332751" } }
W/DroidBox( 1016): DroidBox: { "FileRW": { "operation": "write", "data": "7c0864efbfbd", "id": "579332751" } }
W/dalvikvm( 1016): DroidBox: { "FdAccess": { "path": "2f646174612f646174612f6f68682e677270716a2e77776f742e6c6d636c6165666c6f6e68645f626c73672f66696c65732f69636f6e732f69636f6e735f6f68682e677270716a2e77776f742e6c6d636c6165666c6f6e68645f626c73672e69636f", "id": "1412857475" } }
W/DroidBox( 1016): DroidBox: { "FileRW": { "operation": "write", "data": "0000200049444154", "id": "1412857475" } }
W/dalvikvm( 1016): DroidBox: { "FdAccess": { "path": "2f646174612f646174612f6f68682e677270716a2e77776f742e6c6d636c6165666c6f6e68645f626c73672f66696c65732f69636f6e732f69636f6e735f6f68682e677270716a2e77776f742e6c6d636c6165666c6f6e68645f626c73672e69636f", "id": "501196326" } }
W/DroidBox( 1016): DroidBox: { "FileRW": { "operation": "write", "data": "78efbfbdefbfbdefbfbd6befbfbd6defbfbd75efbfbdefbfbd1befbfbdefbfbd7eefbfbdefbfbdefbfbdefbfbdefbfbd2545d29448d1b465d9b2efbfbd44efbfbd6befbfbd114befbfbd51384e511b09efbfbdefbfbd41efbfbd38efbfbdefbfbdefbfbd70efbfbd56460befbfbd1fefbfbd36efbfbdefbfbd49efbfbd142d5aefbfbd31efbfbd204d22efbfbd68efbfbd38efbfbd644befbfbd24efbfbd1429efbfbdefbfbd28efbfbdefbfbdefbfbd3e78efbfbd3defbfbd", "id": "501196326" } }
W/dalvikvm( 1016): DroidBox: { "FdAccess": { "path": "2f646174612f646174612f6f68682e677270716a2e77776f742e6c6d636c6165666c6f6e68645f626c73672f66696c65732f69636f6e732f69636f6e735f6f68682e677270716a2e77776f742e6c6d636c6165666c6f6e68645f626c73672e69636f", "id": "1035127111" } }
W/DroidBox( 1016): DroidBox: { "FileRW": { "operation": "write", "data": "efbfbdefbfbd5cefbfbd70efbfbd2356011f05efbfbd1e591eefbfbdefbfbd78efbfbd3eefbfbd0fd1950740efbfbd20efbfbd76efbfbd416d48efbfbd43475fefbfbd10efbfbdefbfbdefbfbdefbfbd206a54efbfbd1cefbfbdefbfbdc7b027efbfbdefbfbdefbfbd10efbfbdefbfbdefbfbd4a1f030d53efbfbd0b63efbfbdefbfbdefbfbd4f14efbfbd2356efbfbd4b3fefbfbd3cefbfbdefbfbd0defbfbdefbfbd2f70efbfbdefbfbd75efbfbdefbfbd255befbfbdefbfbd", "id": "1035127111" } }
W/dalvikvm( 1016): DroidBox: { "FdAccess": { "path": "2f646174612f646174612f6f68682e677270716a2e77776f742e6c6d636c6165666c6f6e68645f626c73672f66696c65732f69636f6e732f69636f6e735f6f68682e677270716a2e77776f742e6c6d636c6165666c6f6e68645f626c73672e69636f", "id": "919355712" } }
W/DroidBox( 1016): DroidBox: { "FileRW": { "operation": "write", "data": "6eefbfbd79", "id": "919355712" } }
W/dalvikvm( 1016): DroidBox: { "FdAccess": { "path": "2f646174612f646174612f6f68682e677270716a2e77776f742e6c6d636c6165666c6f6e68645f626c73672f66696c65732f69636f6e732f69636f6e735f6f68682e677270716a2e77776f742e6c6d636c6165666c6f6e68645f626c73672e69636f", "id": "679199192" } }
W/DroidBox( 1016): DroidBox: { "FileRW": { "operation": "write", "data": "0000055e49444154", "id": "679199192" } }
I/Choreographer( 1016): Skipped 40 frames!  The application may be doing too much work on its main thread.
W/dalvikvm( 1016): DroidBox: { "FdAccess": { "path": "2f646174612f646174612f6f68682e677270716a2e77776f742e6c6d636c6165666c6f6e68645f626c73672f66696c65732f69636f6e732f69636f6e735f6f68682e677270716a2e77776f742e6c6d636c6165666c6f6e68645f626c73672e69636f", "id": "1006334268" } }
W/DroidBox( 1016): DroidBox: { "FileRW": { "operation": "write", "data": "7cefbfbd4b1e27efbfbd7defbfbd18efbfbdefbfbdd989380ac984efbfbdefbfbd6212efbfbd3e537c44efbfbdc7bcefbfbd122916685cefbfbdefbfbd6befbfbdefbfbdefbfbd06efbfbd67efbfbdefbfbd22efbfbdefbfbd326b22efbfbdefbfbd600e0e4eefbfbdefbfbdefbfbd6373dca3485604efbfbdefbfbd3eefbfbd505542efbfbd184d1c4dd7913aefbfbd6defbfbdefbfbdefbfbdefbfbd2951724fefbfbd2d4defbfbd", "id": "1006334268" } }
E/WVMExtractor(   62): Failed to open libwvm.so
W/dalvikvm( 1016): DroidBox: { "FdAccess": { "path": "2f646174612f646174612f6f68682e677270716a2e77776f742e6c6d636c6165666c6f6e68645f626c73672f66696c65732f69636f6e732f69636f6e735f6f68682e677270716a2e77776f742e6c6d636c6165666c6f6e68645f626c73672e69636f", "id": "859562434" } }
W/DroidBox( 1016): DroidBox: { "FileRW": { "operation": "write", "data": "31efbfbd177a", "id": "859562434" } }
W/dalvikvm( 1016): DroidBox: { "FdAccess": { "path": "2f646174612f646174612f6f68682e677270716a2e77776f742e6c6d636c6165666c6f6e68645f626c73672f66696c65732f69636f6e732f69636f6e735f6f68682e677270716a2e77776f742e6c6d636c6165666c6f6e68645f626c73672e69636f", "id": "198610345" } }
W/DroidBox( 1016): DroidBox: { "FileRW": { "operation": "write", "data": "0000000049454e44", "id": "198610345" } }
W/dalvikvm( 1016): DroidBox: { "FdAccess": { "path": "2f646174612f646174612f6f68682e677270716a2e77776f742e6c6d636c6165666c6f6e68645f626c73672f66696c65732f69636f6e732f69636f6e735f6f68682e677270716a2e77776f742e6c6d636c6165666c6f6e68645f626c73672e69636f", "id": "857898046" } }
W/DroidBox( 1016): DroidBox: { "FileRW": { "operation": "write", "data": "efbfbd4260efbfbd", "id": "857898046" } }
I/        ( 1016): SQL:replace into game_service_folder (file_id, file_title, icon_file, package_name, version_name, version_code, folder_id, folder_title) values ('0','','/data/data/ohh.grpqj.wwot.lmclaeflonhd_blsg/files/icons/icons_ohh.grpqj.wwot.lmclaeflonhd_blsg.ico','ohh.grpqj.wwot.lmclaeflonhd_blsg','1.0.4','10002','0','')
W/dalvikvm(  226): DroidBox: { "FdAccess": { "path": "2f70726f632f313035302f636d646c696e65", "id": "1620410895" } }
W/DroidBox(  226): DroidBox: { "FileRW": { "operation": "read", "data": "70726f6372616e6b002e77776f742e6c6d636c6165666c6f6e68645f626c7367000000000000000000000000000000000000000000000000000000000000000000000000000000000000000031363361306265646461383335313239396662622e61706b", "id": "1620410895" } }
E/WVMExtractor(   62): Failed to open libwvm.so
I/Choreographer( 1016): Skipped 73 frames!  The application may be doing too much work on its main thread.
I/Choreographer( 1016): Skipped 50 frames!  The application may be doing too much work on its main thread.
I/Choreographer( 1016): Skipped 38 frames!  The application may be doing too much work on its main thread.
E/WVMExtractor(   62): Failed to open libwvm.so
I/Choreographer( 1016): Skipped 50 frames!  The application may be doing too much work on its main thread.
E/WVMExtractor(   62): Failed to open libwvm.so
E/WVMExtractor(   62): Failed to open libwvm.so
I/Choreographer( 1016): Skipped 30 frames!  The application may be doing too much work on its main thread.
E/WVMExtractor(   62): Failed to open libwvm.so
I/Choreographer( 1016): Skipped 39 frames!  The application may be doing too much work on its main thread.
I/Choreographer( 1016): Skipped 43 frames!  The application may be doing too much work on its main thread.
E/WVMExtractor(   62): Failed to open libwvm.so
E/WVMExtractor(   62): Failed to open libwvm.so
I/Choreographer( 1016): Skipped 31 frames!  The application may be doing too much work on its main thread.
E/WVMExtractor(   62): Failed to open libwvm.so
E/WVMExtractor(   62): Failed to open libwvm.so
I/Choreographer( 1016): Skipped 41 frames!  The application may be doing too much work on its main thread.
E/WVMExtractor(   62): Failed to open libwvm.so
I/Choreographer( 1016): Skipped 36 frames!  The application may be doing too much work on its main thread.
E/WVMExtractor(   62): Failed to open libwvm.so
I/Choreographer( 1016): Skipped 32 frames!  The application may be doing too much work on its main thread.
E/WVMExtractor(   62): Failed to open libwvm.so
I/Choreographer( 1016): Skipped 44 frames!  The application may be doing too much work on its main thread.
E/WVMExtractor(   62): Failed to open libwvm.so
E/WVMExtractor(   62): Failed to open libwvm.so
I/Choreographer( 1016): Skipped 31 frames!  The application may be doing too much work on its main thread.
I/        ( 1016): limit: 10
I/Choreographer( 1016): Skipped 40 frames!  The application may be doing too much work on its main thread.
I/        ( 1016): (currenttime-getAlertTime)/1000 = 20
I/        ( 1016): 24 * 3600 = 86400
I/        ( 1016): : doTimerGetConfigList: 7200
I/        ( 1016): : doTimerGetAlertList: 120
I/        ( 1016): : doTimerGetSoftList: 300
I/        ( 1016): : 14400
E/WVMExtractor(   62): Failed to open libwvm.so
I/Choreographer( 1016): Skipped 30 frames!  The application may be doing too much work on its main thread.
E/WVMExtractor(   62): Failed to open libwvm.so
E/WVMExtractor(   62): Failed to open libwvm.so
E/WVMExtractor(   62): Failed to open libwvm.so
I/Choreographer( 1016): Skipped 30 frames!  The application may be doing too much work on its main thread.
W/dalvikvm(  997): DroidBox: { "FdAccess": { "path": "706970653a5b353033305d", "id": "1889713433" } }
W/DroidBox(  997): DroidBox: { "FileRW": { "operation": "read", "data": "20205049442020202020205673732020202020205273732020202020205073732020202020205573732020636d646c696e650a202036313320202036313533324b20202036313433364b20202032363632384b20202032313736304b2020636f6d2e616e", "id": "1889713433" } }
E/WVMExtractor(   62): Failed to open libwvm.so
W/dalvikvm(  997): DroidBox: { "FdAccess": { "path": "706970653a5b353033305d", "id": "1221974982" } }
I/Choreographer( 1016): Skipped 30 frames!  The application may be doing too much work on its main thread.
E/WVMExtractor(   62): Failed to open libwvm.so
W/DroidBox(  997): DroidBox: { "FileRW": { "operation": "read", "data": "00000000000000000000000000000000000000000000000000000000000000000000000000000000000000000000000000000000000000000000000000000000000000000000000000000000000000000000000000000000000000000000000000000000", "id": "1221974982" } }
E/WVMExtractor(   62): Failed to open libwvm.so
E/WVMExtractor(   62): Failed to open libwvm.so
E/WVMExtractor(   62): Failed to open libwvm.so
E/WVMExtractor(   62): Failed to open libwvm.so
E/WVMExtractor(   62): Failed to open libwvm.so
E/WVMExtractor(   62): Failed to open libwvm.so
E/WVMExtractor(   62): Failed to open libwvm.so
E/WVMExtractor(   62): Failed to open libwvm.so
E/WVMExtractor(   62): Failed to open libwvm.so
E/WVMExtractor(   62): Failed to open libwvm.so
E/WVMExtractor(   62): Failed to open libwvm.so
E/WVMExtractor(   62): Failed to open libwvm.so
E/WVMExtractor(   62): Failed to open libwvm.so
E/WVMExtractor(   62): Failed to open libwvm.so
E/WVMExtractor(   62): Failed to open libwvm.so
E/WVMExtractor(   62): Failed to open libwvm.so
I/NetworkPolicy(  226): no policy for active mobile network; generating default policy
E/WVMExtractor(   62): Failed to open libwvm.so
I/Choreographer( 1016): Skipped 44 frames!  The application may be doing too much work on its main thread.
E/WVMExtractor(   62): Failed to open libwvm.so
W/dalvikvm(  997): DroidBox: { "FdAccess": { "path": "706970653a5b353331365d", "id": "246128116" } }
W/DroidBox(  997): DroidBox: { "FileRW": { "operation": "read", "data": "0a0a2d2d2d2d2d207069642032323620617420323032352d30332d30342031353a33303a3537202d2d2d2d2d0a436d64206c696e653a2073797374656d5f7365727665720a0a44414c56494b20544852454144533a0a286d7574657865733a20746c6c3d", "id": "246128116" } }
I/Choreographer( 1016): Skipped 40 frames!  The application may be doing too much work on its main thread.
E/WVMExtractor(   62): Failed to open libwvm.so
E/NetdConnector(  226): NDC Command {11 bandwidth setiquota eth0 9223372036854775807} took too long (1283ms)
I/Choreographer( 1016): Skipped 35 frames!  The application may be doing too much work on its main thread.
W/dalvikvm(  997): DroidBox: { "FdAccess": { "path": "706970653a5b353331365d", "id": "1154452856" } }
W/DroidBox(  997): DroidBox: { "FileRW": { "operation": "read", "data": "0a20202330372020706320303030313264623020202f73797374656d2f6c69622f6c6962632e736f20285f5f7468726561645f656e7472792b3438290a20202330382020706320303030313235313420202f73797374656d2f6c69622f6c6962632e736f", "id": "1154452856" } }
W/dalvikvm(  997): DroidBox: { "FdAccess": { "path": "706970653a5b353331365d", "id": "224840164" } }
W/DroidBox(  997): DroidBox: { "FileRW": { "operation": "read", "data": "7270726574285468726561642a2c204d6574686f6420636f6e73742a2c204a56616c75652a2c20756e7369676e656420696e742a292b313838290a20202330392020706320303030363339643520202f73797374656d2f6c69622f6c696264766d2e736f", "id": "224840164" } }
I/Choreographer( 1016): Skipped 44 frames!  The application may be doing too much work on its main thread.
E/WVMExtractor(   62): Failed to open libwvm.so
E/NetdConnector(  226): NDC Command {12 bandwidth removeiquota eth0} took too long (776ms)
I/Choreographer( 1016): Skipped 61 frames!  The application may be doing too much work on its main thread.
I/Choreographer( 1016): Skipped 45 frames!  The application may be doing too much work on its main thread.
I/Choreographer( 1016): Skipped 42 frames!  The application may be doing too much work on its main thread.
I/Choreographer( 1016): Skipped 33 frames!  The application may be doing too much work on its main thread.
E/WVMExtractor(   62): Failed to open libwvm.so
W/dalvikvm(  997): DroidBox: { "FdAccess": { "path": "706970653a5b353331365d", "id": "1335478810" } }
W/DroidBox(  997): DroidBox: { "FileRW": { "operation": "read", "data": "20207c207379735469643d343834206e6963653d302073636865643d302f3020636772703d617070732068616e646c653d2d313230313133343538340a20207c207363686564737461743d28203532303030303030302032383830303030303030203634", "id": "1335478810" } }
I/Choreographer( 1016): Skipped 33 frames!  The application may be doing too much work on its main thread.
I/Choreographer( 1016): Skipped 37 frames!  The application may be doing too much work on its main thread.
I/        ( 1016): limit: 10
I/        ( 1016): (currenttime-getAlertTime)/1000 = 30
I/        ( 1016): 24 * 3600 = 86400
I/        ( 1016): : doTimerGetConfigList: 7200
I/        ( 1016): : doTimerGetAlertList: 120
I/        ( 1016): : doTimerGetSoftList: 300
I/        ( 1016): : 14400
E/NetdConnector(  226): NDC Command {13 bandwidth setiquota eth0 9223372036854775807} took too long (1727ms)
E/WVMExtractor(   62): Failed to open libwvm.so
W/dalvikvm(  226): DroidBox: { "FdAccess": { "path": "2f70726f632f3232362f6e65742f78745f717461677569642f7374617473", "id": "1296173522" } }
W/DroidBox(  226): DroidBox: { "FileRW": { "operation": "read", "data": "69647820696661636520616363745f7461675f686578207569645f7461675f696e7420636e745f7365742072785f62797465732072785f7061636b6574732074785f62797465732074785f7061636b6574732072785f7463705f62797465732072785f74", "id": "1296173522" } }
W/dalvikvm(  226): DroidBox: { "FdAccess": { "path": "2f70726f632f3232362f6e65742f78745f717461677569642f7374617473", "id": "1525437082" } }
W/DroidBox(  226): DroidBox: { "FileRW": { "operation": "read", "data": "30203020302030203020302030203020302030203020300a300a300a300a300a300a203020300a3020300a203020300a300a3020302030203020302030203020302030203020302030203020300a20300a203020300a300a300a300a203020300a302030", "id": "1525437082" } }
W/dalvikvm(  226): DroidBox: { "FdAccess": { "path": "2f70726f632f3232362f6e65742f78745f717461677569642f69666163655f737461745f666d74", "id": "438746916" } }
W/DroidBox(  226): DroidBox: { "FileRW": { "operation": "read", "data": "69666e616d6520746f74616c5f736b625f72785f627974657320746f74616c5f736b625f72785f7061636b65747320746f74616c5f736b625f74785f627974657320746f74616c5f736b625f74785f7061636b6574732072785f7463705f627974657320", "id": "438746916" } }
W/dalvikvm(  226): DroidBox: { "FdAccess": { "path": "2f70726f632f3232362f6e65742f78745f717461677569642f69666163655f737461745f666d74", "id": "1177002338" } }
W/DroidBox(  226): DroidBox: { "FileRW": { "operation": "read", "data": "30203020302030203020302030203020302030203020300a300a300a300a300a20300a353220373820353620310a6c6f20302030203020302030203020302030203020302030203020302030203020300a203020300a2030203020300a203020300a3020", "id": "1177002338" } }
W/dalvikvm(  226): DroidBox: { "FdAccess": { "path": "2f70726f632f3232362f6e65742f78745f717461677569642f69666163655f737461745f616c6c", "id": "650819154" } }
W/DroidBox(  226): DroidBox: { "FileRW": { "operation": "read", "data": "6574683020312030203020302030203439313234303220363030312035393537343920333731310a6c6f20312030203020302030203336333620353120333633362035310a00000000000000000000000000000000000000000000000000000000000000", "id": "650819154" } }
W/dalvikvm(  226): DroidBox: { "FdAccess": { "path": "2f70726f632f3232362f6e65742f78745f717461677569642f69666163655f737461745f616c6c", "id": "1045148402" } }
W/DroidBox(  226): DroidBox: { "FileRW": { "operation": "read", "data": "35310a362035310a35310a362035310a310a310a310a310a310a35310a362035310a3633362035310a362035310a333633362035310a310a310a310a310a310a362035310a00000000000000000000000000000000000000000000000000000000000000", "id": "1045148402" } }
I/Choreographer( 1016): Skipped 34 frames!  The application may be doing too much work on its main thread.
W/dalvikvm(  997): DroidBox: { "FdAccess": { "path": "706970653a5b353331365d", "id": "464725475" } }
W/DroidBox(  997): DroidBox: { "FileRW": { "operation": "read", "data": "617420616e64726f69642e6d656469612e417564696f5365727669636524417564696f53797374656d5468726561642e72756e28417564696f536572766963652e6a6176613a32383034290a0a226d446e73436f6e6e6563746f722e43616c6c6261636b", "id": "464725475" } }
E/WVMExtractor(   62): Failed to open libwvm.so
E/WVMExtractor(   62): Failed to open libwvm.so
I/Choreographer( 1016): Skipped 41 frames!  The application may be doing too much work on its main thread.
E/WVMExtractor(   62): Failed to open libwvm.so
I/Choreographer( 1016): Skipped 36 frames!  The application may be doing too much work on its main thread.
W/dalvikvm(  997): DroidBox: { "FdAccess": { "path": "706970653a5b353331365d", "id": "678872508" } }
W/DroidBox(  997): DroidBox: { "FileRW": { "operation": "read", "data": "2e736f20285f5f7468726561645f656e7472792b3438290a20202331332020706320303030313235313420202f73797374656d2f6c69622f6c6962632e736f2028707468726561645f6372656174652b313732290a2020617420616e64726f69642e6f73", "id": "678872508" } }
E/WVMExtractor(   62): Failed to open libwvm.so
I/Choreographer( 1016): Skipped 34 frames!  The application may be doing too much work on its main thread.
E/WVMExtractor(   62): Failed to open libwvm.so
E/WVMExtractor(   62): Failed to open libwvm.so
W/dalvikvm(  997): DroidBox: { "FdAccess": { "path": "706970653a5b353331365d", "id": "210794706" } }
W/DroidBox(  997): DroidBox: { "FileRW": { "operation": "read", "data": "726561642a2c204d6574686f6420636f6e73742a2c204a56616c75652a2c20756e7369676e656420696e742a292b313838290a20202331352020706320303030363339643520202f73797374656d2f6c69622f6c696264766d2e736f202864766d43616c", "id": "210794706" } }
E/WVMExtractor(   62): Failed to open libwvm.so
E/WVMExtractor(   62): Failed to open libwvm.so
E/WVMExtractor(   62): Failed to open libwvm.so
I/Choreographer( 1016): Skipped 42 frames!  The application may be doing too much work on its main thread.
W/dalvikvm(  997): DroidBox: { "FdAccess": { "path": "706970653a5b353331365d", "id": "1979598566" } }
W/DroidBox(  997): DroidBox: { "FileRW": { "operation": "read", "data": "6428756e7369676e656420696e7420636f6e73742a2c204a56616c75652a2c204d6574686f6420636f6e73742a2c205468726561642a292b38290a20202330372020706320303030333130323420202f73797374656d2f6c69622f6c696264766d2e736f", "id": "1979598566" } }
E/WVMExtractor(   62): Failed to open libwvm.so
I/Choreographer( 1016): Skipped 34 frames!  The application may be doing too much work on its main thread.
W/dalvikvm(  997): DroidBox: { "FdAccess": { "path": "706970653a5b353331365d", "id": "862648377" } }
W/DroidBox(  997): DroidBox: { "FileRW": { "operation": "read", "data": "30203120292075746d3d302073746d3d3020636f72653d300a20202330302020706320303030306463373020202f73797374656d2f6c69622f6c6962632e736f20285f5f66757465785f73797363616c6c332b38290a2020233031202070632030303031", "id": "862648377" } }
I/Choreographer( 1016): Skipped 45 frames!  The application may be doing too much work on its main thread.
E/WVMExtractor(   62): Failed to open libwvm.so
I/Choreographer( 1016): Skipped 36 frames!  The application may be doing too much work on its main thread.
W/dalvikvm(  226): DroidBox: { "FdAccess": { "path": "2f70726f632f313036362f636d646c696e65", "id": "1183834890" } }
W/DroidBox(  226): DroidBox: { "FileRW": { "operation": "read", "data": "636174002f646174612f616e722f7472616365732e7478740068645f626c7367000000000000000000000000000000000000000000000000000000000000000000000000000000000000000031363361306265646461383335313239396662622e61706b", "id": "1183834890" } }
I/Choreographer( 1016): Skipped 38 frames!  The application may be doing too much work on its main thread.
I/Choreographer( 1016): Skipped 44 frames!  The application may be doing too much work on its main thread.
E/WVMExtractor(   62): Failed to open libwvm.so
W/dalvikvm(  997): DroidBox: { "FdAccess": { "path": "706970653a5b353331365d", "id": "2008345191" } }
W/DroidBox(  997): DroidBox: { "FileRW": { "operation": "read", "data": "39663920202f73797374656d2f6c69622f6c696264766d2e736f202864766d43616c6c4d6574686f64285468726561642a2c204d6574686f6420636f6e73742a2c204f626a6563742a2c204a56616c75652a2c202e2e2e292b3230290a20202331312020", "id": "2008345191" } }
I/Choreographer( 1016): Skipped 31 frames!  The application may be doing too much work on its main thread.
E/WVMExtractor(   62): Failed to open libwvm.so
I/Choreographer( 1016): Skipped 35 frames!  The application may be doing too much work on its main thread.
E/WVMExtractor(   62): Failed to open libwvm.so
I/Choreographer( 1016): Skipped 44 frames!  The application may be doing too much work on its main thread.
E/WVMExtractor(   62): Failed to open libwvm.so
W/dalvikvm(  997): DroidBox: { "FdAccess": { "path": "706970653a5b353331365d", "id": "604181608" } }
W/DroidBox(  997): DroidBox: { "FileRW": { "operation": "read", "data": "2f6c69622f6c6962632e736f20285f5f7468726561645f656e7472792b3438290a20202331312020706320303030313235313420202f73797374656d2f6c69622f6c6962632e736f2028707468726561645f6372656174652b313732290a202061742061", "id": "604181608" } }
I/Choreographer( 1016): Skipped 37 frames!  The application may be doing too much work on its main thread.
E/WVMExtractor(   62): Failed to open libwvm.so
E/WVMExtractor(   62): Failed to open libwvm.so
I/Choreographer( 1016): Skipped 33 frames!  The application may be doing too much work on its main thread.
W/dalvikvm(  997): DroidBox: { "FdAccess": { "path": "706970653a5b353331365d", "id": "1820053680" } }
W/DroidBox(  997): DroidBox: { "FileRW": { "operation": "read", "data": "6e616c697a65724461656d6f6e22206461656d6f6e207072696f3d35207469643d3620574149540a20207c2067726f75703d2273797374656d222073436f756e743d31206473436f756e743d30206f626a3d307862336462333832302073656c663d3078", "id": "1820053680" } }
E/WVMExtractor(   62): Failed to open libwvm.so
I/Choreographer( 1016): Skipped 37 frames!  The application may be doing too much work on its main thread.
E/WVMExtractor(   62): Failed to open libwvm.so
E/WVMExtractor(   62): Failed to open libwvm.so
I/Choreographer( 1016): Skipped 60 frames!  The application may be doing too much work on its main thread.
E/WVMExtractor(   62): Failed to open libwvm.so
I/        ( 1016): limit: 10
I/        ( 1016): (currenttime-getAlertTime)/1000 = 40
I/        ( 1016): 24 * 3600 = 86400
I/        ( 1016): : doTimerGetConfigList: 7200
I/        ( 1016): : doTimerGetAlertList: 120
I/        ( 1016): : doTimerGetSoftList: 300
I/        ( 1016): : 14400
E/WVMExtractor(   62): Failed to open libwvm.so
W/dalvikvm(  997): DroidBox: { "FdAccess": { "path": "706970653a5b353331365d", "id": "1977224649" } }
W/DroidBox(  997): DroidBox: { "FileRW": { "operation": "read", "data": "51756575652e6e657874284d65737361676551756575652e6a6176613a313235290a2020617420616e64726f69642e6f732e4c6f6f7065722e6c6f6f70284c6f6f7065722e6a6176613a313234290a2020617420616e64726f69642e6f732e48616e646c", "id": "1977224649" } }
E/WVMExtractor(   62): Failed to open libwvm.so
I/Choreographer( 1016): Skipped 45 frames!  The application may be doing too much work on its main thread.
E/WVMExtractor(   62): Failed to open libwvm.so
W/dalvikvm(  997): DroidBox: { "FdAccess": { "path": "706970653a5b353331365d", "id": "2402988" } }
W/DroidBox(  997): DroidBox: { "FileRW": { "operation": "read", "data": "20202330322020706320303030313663363920202f73797374656d2f6c69622f6c696262696e6465722e736f2028616e64726f69643a3a49504354687265616453746174653a3a74616c6b5769746844726976657228626f6f6c292b313234290a202023", "id": "2402988" } }
W/BackupManagerService(  226): dataChanged but no participant pkg='com.android.providers.settings' uid=10011
E/WVMExtractor(   62): Failed to open libwvm.so
I/Choreographer( 1016): Skipped 45 frames!  The application may be doing too much work on its main thread.
E/MetadataRetrieverClient(   62): failed to extract an album art
E/WVMExtractor(   62): Failed to open libwvm.so
E/WVMExtractor(   62): Failed to open libwvm.so
W/dalvikvm(  997): DroidBox: { "FdAccess": { "path": "706970653a5b353331365d", "id": "196825334" } }
W/DroidBox(  997): DroidBox: { "FileRW": { "operation": "read", "data": "66757465785f73797363616c6c332b38290a20202330312020706320303030313264663420202f73797374656d2f6c69622f6c6962632e736f20285f5f707468726561645f636f6e645f74696d6564776169745f72656c61746976652b3438290a202023", "id": "196825334" } }
I/Choreographer( 1016): Skipped 39 frames!  The application may be doing too much work on its main thread.
E/WVMExtractor(   62): Failed to open libwvm.so
I/Choreographer( 1016): Skipped 53 frames!  The application may be doing too much work on its main thread.
W/dalvikvm(  997): DroidBox: { "FdAccess": { "path": "706970653a5b353331365d", "id": "1729105471" } }
W/DroidBox(  997): DroidBox: { "FileRW": { "operation": "read", "data": "6561645f6372656174652b313732290a2020617420616e64726f69642e6f732e4d65737361676551756575652e6e6174697665506f6c6c4f6e6365284e6174697665204d6574686f64290a2020617420616e64726f69642e6f732e4d6573736167655175", "id": "1729105471" } }
E/WVMExtractor(   62): Failed to open libwvm.so
E/WVMExtractor(   62): Failed to open libwvm.so
W/dalvikvm(  997): DroidBox: { "FdAccess": { "path": "706970653a5b353331365d", "id": "464525851" } }
W/DroidBox(  997): DroidBox: { "FileRW": { "operation": "read", "data": "617070732068616e646c653d2d313230333034383334340a20207c207363686564737461743d2820323030303030303030203131323030303030303020383220292075746d3d31362073746d3d3420636f72653d300a2020233030202070632030303030", "id": "464525851" } }
E/WVMExtractor(   62): Failed to open libwvm.so
I/Choreographer( 1016): Skipped 46 frames!  The application may be doing too much work on its main thread.
E/WVMExtractor(   62): Failed to open libwvm.so
E/WVMExtractor(   62): Failed to open libwvm.so
W/dalvikvm(  997): DroidBox: { "FdAccess": { "path": "706970653a5b353331365d", "id": "439715757" } }
W/DroidBox(  997): DroidBox: { "FileRW": { "operation": "read", "data": "456e67696e652e636f6e6e6563742848747470456e67696e652e6a6176613a333130290a20206174206c6962636f72652e6e65742e687474702e48747470456e67696e652e73656e64536f636b6574526571756573742848747470456e67696e652e6a61", "id": "439715757" } }
E/WVMExtractor(   62): Failed to open libwvm.so
I/Choreographer( 1016): Skipped 35 frames!  The application may be doing too much work on its main thread.
E/WVMExtractor(   62): Failed to open libwvm.so
W/dalvikvm(  997): DroidBox: { "FdAccess": { "path": "706970653a5b353331365d", "id": "1147936699" } }
E/WVMExtractor(   62): Failed to open libwvm.so
W/DroidBox(  997): DroidBox: { "FileRW": { "operation": "read", "data": "6420636f6e73742a2c204f626a6563742a2c20626f6f6c2c204a56616c75652a2c207374643a3a5f5f76615f6c697374292b343230290a20202331332020706320303030346437356620202f73797374656d2f6c69622f6c696264766d2e736f0a202023", "id": "1147936699" } }
E/WVMExtractor(   62): Failed to open libwvm.so
I/Choreographer( 1016): Skipped 44 frames!  The application may be doing too much work on its main thread.
E/WVMExtractor(   62): Failed to open libwvm.so
W/dalvikvm(  997): DroidBox: { "FdAccess": { "path": "706970653a5b353331365d", "id": "1978663776" } }
W/DroidBox(  997): DroidBox: { "FileRW": { "operation": "read", "data": "2e4f626a6563742e77616974284f626a6563742e6a6176613a343031290a20206174206a6176612e6c616e672e7265662e5265666572656e636551756575652e72656d6f7665285265666572656e636551756575652e6a6176613a313032290a20206174", "id": "1978663776" } }
I/Choreographer( 1016): Skipped 72 frames!  The application may be doing too much work on its main thread.
E/WVMExtractor(   62): Failed to open libwvm.so
