D/InputEventConsistencyVerifier( 1026):   4: sent at 157847000000, (unhandled) KeyEvent { action=ACTION_DOWN, keyCode=KEYCODE_DPAD_LEFT, scanCode=0, metaState=0, flags=0x8, repeatCount=0, eventTime=157847, downTime=157847, deviceId=-1, source=0x101 }
D/InputEventConsistencyVerifier( 1026):   5: sent at 157159000000, (unhandled) KeyEvent { action=ACTION_UP, keyCode=KEYCODE_DPAD_LEFT, scanCode=0, metaState=0, flags=0x8, repeatCount=0, eventTime=157159, downTime=157159, deviceId=-1, source=0x101 }
I/InputDispatcher(  231): Dropped event because of pending overdue app switch.
W/InputManager(  231): Input event injection from pid 1008 failed.
E/WVMExtractor(   61): Failed to open libwvm.so
D/InputEventConsistencyVerifier( 1026): KeyEvent: ACTION_UP but key was not down.
D/InputEventConsistencyVerifier( 1026):   in com.android.internal.policy.impl.PhoneWindow$DecorView@b3e8fdd8
D/InputEventConsistencyVerifier( 1026):   0: sent at 158542000000, KeyEvent { action=ACTION_UP, keyCode=KEYCODE_DPAD_UP, scanCode=0, metaState=0, flags=0x8, repeatCount=0, eventTime=158542, downTime=158542, deviceId=-1, source=0x101 }
D/InputEventConsistencyVerifier( 1026):   -- recent events --
D/InputEventConsistencyVerifier( 1026):   1: sent at 158473000000, MotionEvent { action=ACTION_UP, id[0]=0, x[0]=268.0, y[0]=507.0, toolType[0]=TOOL_TYPE_UNKNOWN, buttonState=0, metaState=0, flags=0x0, edgeFlags=0x0, pointerCount=1, historySize=0, eventTime=158473, downTime=158445, deviceId=0, source=0x1002 }
D/InputEventConsistencyVerifier( 1026):   2: sent at 158446000000, MotionEvent { action=ACTION_DOWN, id[0]=0, x[0]=274.0, y[0]=502.0, toolType[0]=TOOL_TYPE_UNKNOWN, buttonState=0, metaState=0, flags=0x0, edgeFlags=0x0, pointerCount=1, historySize=0, eventTime=158446, downTime=158445, deviceId=0, source=0x1002 }
D/InputEventConsistencyVerifier( 1026):   3: sent at 158418000000, (unhandled) KeyEvent { action=ACTION_UP, keyCode=KEYCODE_DPAD_LEFT, scanCode=0, metaState=0, flags=0x28, repeatCount=0, eventTime=158418, downTime=158346, deviceId=-1, source=0x101 }
D/InputEventConsistencyVerifier( 1026):   4: sent at 158346000000, (unhandled) KeyEvent { action=ACTION_DOWN, keyCode=KEYCODE_DPAD_LEFT, scanCode=0, metaState=0, flags=0x8, repeatCount=0, eventTime=158346, downTime=158346, deviceId=-1, source=0x101 }
D/InputEventConsistencyVerifier( 1026):   5: sent at 158312000000, (unhandled) KeyEvent { action=ACTION_UP, keyCode=KEYCODE_DPAD_CENTER, scanCode=0, metaState=0, flags=0x8, repeatCount=0, eventTime=158312, downTime=158312, deviceId=-1, source=0x101 }
E/WVMExtractor(   61): Failed to open libwvm.so
D/InputEventConsistencyVerifier( 1026): KeyEvent: ACTION_UP but key was not down.
D/InputEventConsistencyVerifier( 1026):   in android.widget.Button@b3ed68e0
D/InputEventConsistencyVerifier( 1026):   0: sent at 158860000000, KeyEvent { action=ACTION_UP, keyCode=KEYCODE_DPAD_DOWN, scanCode=0, metaState=0, flags=0x400, repeatCount=0, eventTime=158860, downTime=158860, deviceId=-1, source=0x101 }
D/InputEventConsistencyVerifier( 1026):   -- recent events --
D/InputEventConsistencyVerifier( 1026):   1: sent at 158007000000, MotionEvent { action=ACTION_UP, id[0]=0, x[0]=130.0, y[0]=50.0, toolType[0]=TOOL_TYPE_UNKNOWN, buttonState=0, metaState=0, flags=0x0, edgeFlags=0x0, pointerCount=1, historySize=0, eventTime=158007, downTime=157988, deviceId=0, source=0x1002 }
D/InputEventConsistencyVerifier( 1026):   2: sent at 157988000000, MotionEvent { action=ACTION_DOWN, id[0]=0, x[0]=123.0, y[0]=49.0, toolType[0]=TOOL_TYPE_UNKNOWN, buttonState=0, metaState=0, flags=0x0, edgeFlags=0x0, pointerCount=1, historySize=0, eventTime=157988, downTime=157988, deviceId=0, source=0x1002 }
D/InputEventConsistencyVerifier( 1026):   3: sent at 156852000000, MotionEvent { action=ACTION_UP, id[0]=0, x[0]=171.0, y[0]=35.0, toolType[0]=TOOL_TYPE_UNKNOWN, buttonState=0, metaState=0, flags=0x0, edgeFlags=0x0, pointerCount=1, historySize=0, eventTime=156852, downTime=156821, deviceId=0, source=0x1002 }
D/InputEventConsistencyVerifier( 1026):   4: sent at 156841000000, MotionEvent { action=ACTION_MOVE, id[0]=0, x[0]=175.0, y[0]=31.0, toolType[0]=TOOL_TYPE_UNKNOWN, buttonState=0, metaState=0, flags=0x0, edgeFlags=0x0, pointerCount=1, historySize=2, eventTime=156841, downTime=156821, deviceId=0, source=0x1002 }
D/InputEventConsistencyVerifier( 1026):   5: sent at 156831000000, MotionEvent { action=ACTION_DOWN, id[0]=0, x[0]=189.0, y[0]=25.0, toolType[0]=TOOL_TYPE_UNKNOWN, buttonState=0, metaState=0, flags=0x0, edgeFlags=0x0, pointerCount=1, historySize=0, eventTime=156831, downTime=156821, deviceId=0, source=0x1002 }
E/WVMExtractor(   61): Failed to open libwvm.so
D/InputEventConsistencyVerifier( 1026): KeyEvent: ACTION_UP but key was not down.
D/InputEventConsistencyVerifier( 1026):   in android.widget.Button@b3f886a0
D/InputEventConsistencyVerifier( 1026):   0: sent at 158873000000, KeyEvent { action=ACTION_UP, keyCode=KEYCODE_DPAD_DOWN, scanCode=0, metaState=0, flags=0x400, repeatCount=0, eventTime=158873, downTime=158873, deviceId=-1, source=0x101 }
E/WVMExtractor(   61): Failed to open libwvm.so
E/WVMExtractor(   61): Failed to open libwvm.so
E/WVMExtractor(   61): Failed to open libwvm.so
W/InputManager(  231): Input event injection from pid 1008 failed.
W/InputMethodManagerService(  231): Window already focused, ignoring focus gain of: com.android.internal.view.IInputMethodClient$Stub$Proxy@b43a4a70 attribute=android.view.inputmethod.EditorInfo@b43a4a88
D/InputEventConsistencyVerifier( 1026): KeyEvent: ACTION_UP but key was not down.
D/InputEventConsistencyVerifier( 1026):   in com.android.internal.policy.impl.PhoneWindow$DecorView@b3e8fdd8
D/InputEventConsistencyVerifier( 1026):   0: sent at 160262000000, KeyEvent { action=ACTION_UP, keyCode=KEYCODE_DPAD_DOWN, scanCode=0, metaState=0, flags=0x8, repeatCount=0, eventTime=160262, downTime=160262, deviceId=-1, source=0x101 }
D/InputEventConsistencyVerifier( 1026):   -- recent events --
D/InputEventConsistencyVerifier( 1026):   1: sent at 159392000000, (unhandled) KeyEvent { action=ACTION_UP, keyCode=KEYCODE_MENU, scanCode=0, metaState=0, flags=0x8, repeatCount=0, eventTime=159392, downTime=159392, deviceId=-1, source=0x101 }
D/InputEventConsistencyVerifier( 1026):   2: sent at 158916000000, (unhandled) KeyEvent { action=ACTION_DOWN, keyCode=KEYCODE_MENU, scanCode=0, metaState=0, flags=0x8, repeatCount=0, eventTime=158916, downTime=158916, deviceId=-1, source=0x101 }
D/InputEventConsistencyVerifier( 1026):   3: sent at 159375000000, (unhandled) KeyEvent { action=ACTION_UP, keyCode=KEYCODE_DPAD_DOWN, scanCode=0, metaState=0, flags=0x400, repeatCount=0, eventTime=159375, downTime=159375, deviceId=-1, source=0x101 }
D/InputEventConsistencyVerifier( 1026):   4: sent at 159375000000, (unhandled) KeyEvent { action=ACTION_DOWN, keyCode=KEYCODE_DPAD_DOWN, scanCode=0, metaState=0, flags=0x400, repeatCount=0, eventTime=159375, downTime=159375, deviceId=-1, source=0x101 }
D/InputEventConsistencyVerifier( 1026):   5: sent at 159374000000, (unhandled) KeyEvent { action=ACTION_UP, keyCode=KEYCODE_DPAD_DOWN, scanCode=0, metaState=0, flags=0x400, repeatCount=0, eventTime=159374, downTime=159374, deviceId=-1, source=0x101 }
E/WVMExtractor(   61): Failed to open libwvm.so
I/ActivityManager(  231): START {act=android.intent.action.MAIN cat=[android.intent.category.LAUNCHER] flg=0x10200000 cmp=bretbre4.cvdsggr/.OPFghr u=0} from pid 1008
I/ActivityManager(  231): START {act=android.intent.action.MAIN cat=[android.intent.category.LAUNCHER] flg=0x10200000 cmp=bretbre4.cvdsggr/.OPFghr u=0} from pid 1008
E/WVMExtractor(   61): Failed to open libwvm.so
E/WVMExtractor(   61): Failed to open libwvm.so
D/InputEventConsistencyVerifier( 1026): KeyEvent: ACTION_UP but key was not down.
D/InputEventConsistencyVerifier( 1026):   in android.widget.ScrollView@b3ef0968
D/InputEventConsistencyVerifier( 1026):   0: sent at 161145000000, KeyEvent { action=ACTION_UP, keyCode=KEYCODE_DPAD_UP, scanCode=0, metaState=0, flags=0x8, repeatCount=0, eventTime=161145, downTime=161145, deviceId=-1, source=0x101 }
D/InputEventConsistencyVerifier( 1026):   -- recent events --
D/InputEventConsistencyVerifier( 1026):   1: sent at 160661000000, (unhandled) KeyEvent { action=ACTION_DOWN, keyCode=KEYCODE_DPAD_DOWN, scanCode=0, metaState=0, flags=0x8, repeatCount=0, eventTime=160661, downTime=160661, deviceId=-1, source=0x101 }
D/InputEventConsistencyVerifier( 1026):   2: sent at 160596000000, (unhandled) KeyEvent { action=ACTION_UP, keyCode=KEYCODE_BUTTON_R2, scanCode=0, metaState=0, flags=0x8, repeatCount=0, eventTime=160596, downTime=160596, deviceId=-1, source=0x101 }
D/InputEventConsistencyVerifier( 1026):   3: sent at 160512000000, (unhandled) KeyEvent { action=ACTION_DOWN, keyCode=KEYCODE_BUTTON_R2, scanCode=0, metaState=0, flags=0x8, repeatCount=0, eventTime=160512, downTime=160512, deviceId=-1, source=0x101 }
D/InputEventConsistencyVerifier( 1026):   4: sent at 160262000000, (unhandled) KeyEvent { action=ACTION_UP, keyCode=KEYCODE_DPAD_DOWN, scanCode=0, metaState=0, flags=0x80000008, repeatCount=0, eventTime=160262, downTime=160262, deviceId=-1, source=0x101 }
D/InputEventConsistencyVerifier( 1026):   5: sent at 158860000000, (unhandled) KeyEvent { action=ACTION_DOWN, keyCode=KEYCODE_DPAD_DOWN, scanCode=0, metaState=0, flags=0x400, repeatCount=0, eventTime=158860, downTime=158860, deviceId=-1, source=0x101 }
E/WVMExtractor(   61): Failed to open libwvm.so
D/InputEventConsistencyVerifier( 1026): KeyEvent: ACTION_UP but key was not down.
D/InputEventConsistencyVerifier( 1026):   in com.android.internal.policy.impl.PhoneWindow$DecorView@b3e8fdd8
D/InputEventConsistencyVerifier( 1026):   0: sent at 161796000000, KeyEvent { action=ACTION_UP, keyCode=KEYCODE_DPAD_RIGHT, scanCode=0, metaState=0, flags=0x400, repeatCount=0, eventTime=161796, downTime=161796, deviceId=-1, source=0x101 }
D/InputEventConsistencyVerifier( 1026):   -- recent events --
D/InputEventConsistencyVerifier( 1026):   1: sent at 161706000000, (unhandled) MotionEvent { action=ACTION_MOVE, id[0]=0, x[0]=4.0, y[0]=0.0, toolType[0]=TOOL_TYPE_UNKNOWN, buttonState=0, metaState=0, flags=0x0, edgeFlags=0x0, pointerCount=1, historySize=4, eventTime=161706, downTime=-1, deviceId=0, source=0x10004 }
D/InputEventConsistencyVerifier( 1026):   2: sent at 161674000000, MotionEvent { action=ACTION_UP, id[0]=0, x[0]=52.0, y[0]=86.0, toolType[0]=TOOL_TYPE_UNKNOWN, buttonState=0, metaState=0, flags=0x0, edgeFlags=0x0, pointerCount=1, historySize=0, eventTime=161674, downTime=161665, deviceId=0, source=0x1002 }
D/InputEventConsistencyVerifier( 1026):   3: sent at 161665000000, MotionEvent { action=ACTION_DOWN, id[0]=0, x[0]=51.0, y[0]=80.0, toolType[0]=TOOL_TYPE_UNKNOWN, buttonState=0, metaState=0, flags=0x0, edgeFlags=0x0, pointerCount=1, historySize=0, eventTime=161665, downTime=161665, deviceId=0, source=0x1002 }
D/InputEventConsistencyVerifier( 1026):   4: sent at 161655000000, MotionEvent { action=ACTION_UP, id[0]=0, x[0]=412.0, y[0]=167.0, toolType[0]=TOOL_TYPE_UNKNOWN, buttonState=0, metaState=0, flags=0x0, edgeFlags=0x0, pointerCount=1, historySize=0, eventTime=161655, downTime=161643, deviceId=0, source=0x1002 }
D/InputEventConsistencyVerifier( 1026):   5: sent at 161646000000, MotionEvent { action=ACTION_DOWN, id[0]=0, x[0]=404.0, y[0]=186.0, toolType[0]=TOOL_TYPE_UNKNOWN, buttonState=0, metaState=0, flags=0x0, edgeFlags=0x0, pointerCount=1, historySize=0, eventTime=161646, downTime=161643, deviceId=0, source=0x1002 }
E/WVMExtractor(   61): Failed to open libwvm.so
E/WVMExtractor(   61): Failed to open libwvm.so
E/WVMExtractor(   61): Failed to open libwvm.so
W/InputMethodManagerService(  231): Window already focused, ignoring focus gain of: com.android.internal.view.IInputMethodClient$Stub$Proxy@b3fe5158 attribute=null
E/WVMExtractor(   61): Failed to open libwvm.so
E/WVMExtractor(   61): Failed to open libwvm.so
D/InputEventConsistencyVerifier( 1026): KeyEvent: ACTION_UP but key was not down.
D/InputEventConsistencyVerifier( 1026):   in android.view.ViewRootImpl@b3ea8660
D/InputEventConsistencyVerifier( 1026):   0: sent at 163456000000, KeyEvent { action=ACTION_UP, keyCode=KEYCODE_DPAD_RIGHT, scanCode=0, metaState=0, flags=0x8, repeatCount=0, eventTime=163456, downTime=163456, deviceId=-1, source=0x101 }
D/InputEventConsistencyVerifier( 1026):   -- recent events --
D/InputEventConsistencyVerifier( 1026):   1: sent at 163115000000, MotionEvent { action=ACTION_UP, id[0]=0, x[0]=431.0, y[0]=506.0, toolType[0]=TOOL_TYPE_UNKNOWN, buttonState=0, metaState=0, flags=0x0, edgeFlags=0x0, pointerCount=1, historySize=0, eventTime=163115, downTime=163098, deviceId=0, source=0x1002 }
D/InputEventConsistencyVerifier( 1026):   2: sent at 163098000000, MotionEvent { action=ACTION_DOWN, id[0]=0, x[0]=425.0, y[0]=518.0, toolType[0]=TOOL_TYPE_UNKNOWN, buttonState=0, metaState=0, flags=0x0, edgeFlags=0x0, pointerCount=1, historySize=0, eventTime=163098, downTime=163098, deviceId=0, source=0x1002 }
D/InputEventConsistencyVerifier( 1026):   3: sent at 162885000000, KeyEvent { action=ACTION_UP, keyCode=KEYCODE_DPAD_LEFT, scanCode=0, metaState=0, flags=0x400, repeatCount=0, eventTime=162885, downTime=162885, deviceId=-1, source=0x101 }
D/InputEventConsistencyVerifier( 1026):   4: sent at 162885000000, KeyEvent { action=ACTION_DOWN, keyCode=KEYCODE_DPAD_LEFT, scanCode=0, metaState=0, flags=0x400, repeatCount=0, eventTime=162885, downTime=162885, deviceId=-1, source=0x101 }
D/InputEventConsistencyVerifier( 1026):   5: sent at 162884000000, KeyEvent { action=ACTION_UP, keyCode=KEYCODE_DPAD_LEFT, scanCode=0, metaState=0, flags=0x400, repeatCount=0, eventTime=162884, downTime=162884, deviceId=-1, source=0x101 }
E/WVMExtractor(   61): Failed to open libwvm.so
D/InputEventConsistencyVerifier( 1026): KeyEvent: ACTION_UP but key was not down.
D/InputEventConsistencyVerifier( 1026):   in com.android.internal.policy.impl.PhoneWindow$DecorView@b3e8fdd8
D/InputEventConsistencyVerifier( 1026):   0: sent at 164537000000, KeyEvent { action=ACTION_UP, keyCode=KEYCODE_DPAD_CENTER, scanCode=0, metaState=0, flags=0x8, repeatCount=0, eventTime=164537, downTime=164537, deviceId=-1, source=0x101 }
D/InputEventConsistencyVerifier( 1026):   -- recent events --
D/InputEventConsistencyVerifier( 1026):   1: sent at 163456000000, (unhandled) KeyEvent { action=ACTION_UP, keyCode=KEYCODE_DPAD_RIGHT, scanCode=0, metaState=0, flags=0x80000008, repeatCount=0, eventTime=163456, downTime=163456, deviceId=-1, source=0x101 }
D/InputEventConsistencyVerifier( 1026):   2: sent at 163115000000, MotionEvent { action=ACTION_UP, id[0]=0, x[0]=431.0, y[0]=506.0, toolType[0]=TOOL_TYPE_UNKNOWN, buttonState=0, metaState=0, flags=0x0, edgeFlags=0x0, pointerCount=1, historySize=0, eventTime=163115, downTime=163098, deviceId=0, source=0x1002 }
D/InputEventConsistencyVerifier( 1026):   3: sent at 163098000000, MotionEvent { action=ACTION_DOWN, id[0]=0, x[0]=425.0, y[0]=518.0, toolType[0]=TOOL_TYPE_UNKNOWN, buttonState=0, metaState=0, flags=0x0, edgeFlags=0x0, pointerCount=1, historySize=0, eventTime=163098, downTime=163098, deviceId=0, source=0x1002 }
D/InputEventConsistencyVerifier( 1026):   4: sent at 162885000000, (unhandled) KeyEvent { action=ACTION_UP, keyCode=KEYCODE_DPAD_LEFT, scanCode=0, metaState=0, flags=0x400, repeatCount=0, eventTime=162885, downTime=162885, deviceId=-1, source=0x101 }
D/InputEventConsistencyVerifier( 1026):   5: sent at 162885000000, (unhandled) KeyEvent { action=ACTION_DOWN, keyCode=KEYCODE_DPAD_LEFT, scanCode=0, metaState=0, flags=0x400, repeatCount=0, eventTime=162885, downTime=162885, deviceId=-1, source=0x101 }
E/WVMExtractor(   61): Failed to open libwvm.so
E/WVMExtractor(   61): Failed to open libwvm.so
D/InputEventConsistencyVerifier( 1026): KeyEvent: ACTION_UP but key was not down.
D/InputEventConsistencyVerifier( 1026):   in com.android.internal.policy.impl.PhoneWindow$DecorView@b3e8fdd8
D/InputEventConsistencyVerifier( 1026):   0: sent at 164919000000, KeyEvent { action=ACTION_UP, keyCode=KEYCODE_DPAD_DOWN, scanCode=0, metaState=0, flags=0x400, repeatCount=0, eventTime=164919, downTime=164919, deviceId=-1, source=0x101 }
D/InputEventConsistencyVerifier( 1026):   -- recent events --
D/InputEventConsistencyVerifier( 1026):   1: sent at 164802000000, (unhandled) MotionEvent { action=ACTION_MOVE, id[0]=0, x[0]=2.0, y[0]=3.0, toolType[0]=TOOL_TYPE_UNKNOWN, buttonState=0, metaState=0, flags=0x0, edgeFlags=0x0, pointerCount=1, historySize=9, eventTime=164802, downTime=-1, deviceId=0, source=0x10004 }
D/InputEventConsistencyVerifier( 1026):   2: sent at 164825000000, MotionEvent { action=ACTION_UP, id[0]=0, x[0]=63.0, y[0]=330.0, toolType[0]=TOOL_TYPE_UNKNOWN, buttonState=0, metaState=0, flags=0x0, edgeFlags=0x0, pointerCount=1, historySize=0, eventTime=164825, downTime=164807, deviceId=0, source=0x1002 }
D/InputEventConsistencyVerifier( 1026):   3: sent at 164807000000, MotionEvent { action=ACTION_DOWN, id[0]=0, x[0]=67.0, y[0]=327.0, toolType[0]=TOOL_TYPE_UNKNOWN, buttonState=0, metaState=0, flags=0x0, edgeFlags=0x0, pointerCount=1, historySize=0, eventTime=164807, downTime=164807, deviceId=0, source=0x1002 }
D/InputEventConsistencyVerifier( 1026):   4: sent at 164688000000, (unhandled) KeyEvent { action=ACTION_UP, keyCode=KEYCODE_DPAD_UP, scanCode=0, metaState=0, flags=0x8, repeatCount=0, eventTime=164688, downTime=164688, deviceId=-1, source=0x101 }
D/InputEventConsistencyVerifier( 1026):   5: sent at 164599000000, (unhandled) KeyEvent { action=ACTION_DOWN, keyCode=KEYCODE_DPAD_UP, scanCode=0, metaState=0, flags=0x8, repeatCount=0, eventTime=164599, downTime=164599, deviceId=-1, source=0x101 }
E/WVMExtractor(   61): Failed to open libwvm.so
D/InputEventConsistencyVerifier( 1026): KeyEvent: ACTION_UP but key was not down.
D/InputEventConsistencyVerifier( 1026):   in android.widget.Button@b3ed68e0
D/InputEventConsistencyVerifier( 1026):   0: sent at 164919000000, KeyEvent { action=ACTION_UP, keyCode=KEYCODE_DPAD_DOWN, scanCode=0, metaState=0, flags=0x400, repeatCount=0, eventTime=164919, downTime=164919, deviceId=-1, source=0x101 }
D/InputEventConsistencyVerifier( 1026):   -- recent events --
D/InputEventConsistencyVerifier( 1026):   1: sent at 161083000000, (unhandled) KeyEvent { action=ACTION_DOWN, keyCode=KEYCODE_DPAD_UP, scanCode=0, metaState=0, flags=0x8, repeatCount=0, eventTime=161083, downTime=161083, deviceId=-1, source=0x101 }
D/InputEventConsistencyVerifier( 1026):   2: sent at 161109000000, (unhandled) KeyEvent { action=ACTION_UP, keyCode=KEYCODE_DPAD_LEFT, scanCode=0, metaState=0, flags=0x400, repeatCount=0, eventTime=161109, downTime=161109, deviceId=-1, source=0x101 }
D/InputEventConsistencyVerifier( 1026):   3: sent at 161109000000, (unhandled) KeyEvent { action=ACTION_DOWN, keyCode=KEYCODE_DPAD_LEFT, scanCode=0, metaState=0, flags=0x400, repeatCount=0, eventTime=161109, downTime=161109, deviceId=-1, source=0x101 }
D/InputEventConsistencyVerifier( 1026):   4: sent at 161108000000, (unhandled) KeyEvent { action=ACTION_UP, keyCode=KEYCODE_DPAD_LEFT, scanCode=0, metaState=0, flags=0x400, repeatCount=0, eventTime=161108, downTime=161108, deviceId=-1, source=0x101 }
D/InputEventConsistencyVerifier( 1026):   5: sent at 161108000000, (unhandled) KeyEvent { action=ACTION_DOWN, keyCode=KEYCODE_DPAD_LEFT, scanCode=0, metaState=0, flags=0x400, repeatCount=0, eventTime=161108, downTime=161108, deviceId=-1, source=0x101 }
D/InputEventConsistencyVerifier( 1026): KeyEvent: ACTION_UP but key was not down.
D/InputEventConsistencyVerifier( 1026):   in android.widget.Button@b3f886a0
D/InputEventConsistencyVerifier( 1026):   0: sent at 164920000000, KeyEvent { action=ACTION_UP, keyCode=KEYCODE_DPAD_DOWN, scanCode=0, metaState=0, flags=0x400, repeatCount=0, eventTime=164920, downTime=164920, deviceId=-1, source=0x101 }
D/InputEventConsistencyVerifier( 1026):   -- recent events --
D/InputEventConsistencyVerifier( 1026):   1: sent at 159392000000, (unhandled) KeyEvent { action=ACTION_UP, keyCode=KEYCODE_MENU, scanCode=0, metaState=0, flags=0x8, repeatCount=0, eventTime=159392, downTime=159392, deviceId=-1, source=0x101 }
D/InputEventConsistencyVerifier( 1026):   2: sent at 158916000000, (unhandled) KeyEvent { action=ACTION_DOWN, keyCode=KEYCODE_MENU, scanCode=0, metaState=0, flags=0x8, repeatCount=0, eventTime=158916, downTime=158916, deviceId=-1, source=0x101 }
D/InputEventConsistencyVerifier( 1026):   3: sent at 159375000000, (unhandled) KeyEvent { action=ACTION_UP, keyCode=KEYCODE_DPAD_DOWN, scanCode=0, metaState=0, flags=0x400, repeatCount=0, eventTime=159375, downTime=159375, deviceId=-1, source=0x101 }
D/InputEventConsistencyVerifier( 1026):   4: sent at 159375000000, (unhandled) KeyEvent { action=ACTION_DOWN, keyCode=KEYCODE_DPAD_DOWN, scanCode=0, metaState=0, flags=0x400, repeatCount=0, eventTime=159375, downTime=159375, deviceId=-1, source=0x101 }
D/InputEventConsistencyVerifier( 1026):   5: sent at 159374000000, (unhandled) KeyEvent { action=ACTION_UP, keyCode=KEYCODE_DPAD_DOWN, scanCode=0, metaState=0, flags=0x400, repeatCount=0, eventTime=159374, downTime=159374, deviceId=-1, source=0x101 }
E/WVMExtractor(   61): Failed to open libwvm.so
I/NetworkPolicy(  231): no policy for active mobile network; generating default policy
D/InputEventConsistencyVerifier( 1026): KeyEvent: ACTION_UP but key was not down.
D/InputEventConsistencyVerifier( 1026):   in android.widget.ScrollView@b3ef0968
D/InputEventConsistencyVerifier( 1026):   0: sent at 165661000000, KeyEvent { action=ACTION_UP, keyCode=KEYCODE_DPAD_UP, scanCode=0, metaState=0, flags=0x400, repeatCount=0, eventTime=165661, downTime=165661, deviceId=-1, source=0x101 }
D/InputEventConsistencyVerifier( 1026):   -- recent events --
D/InputEventConsistencyVerifier( 1026):   1: sent at 164919000000, (unhandled) KeyEvent { action=ACTION_DOWN, keyCode=KEYCODE_DPAD_DOWN, scanCode=0, metaState=0, flags=0x400, repeatCount=0, eventTime=164919, downTime=164919, deviceId=-1, source=0x101 }
D/InputEventConsistencyVerifier( 1026):   2: sent at 164919000000, (unhandled) KeyEvent { action=ACTION_UP, keyCode=KEYCODE_DPAD_DOWN, scanCode=0, metaState=0, flags=0x80000400, repeatCount=0, eventTime=164919, downTime=164919, deviceId=-1, source=0x101 }
D/InputEventConsistencyVerifier( 1026):   3: sent at 164825000000, MotionEvent { action=ACTION_UP, id[0]=0, x[0]=63.0, y[0]=254.0, toolType[0]=TOOL_TYPE_UNKNOWN, buttonState=0, metaState=0, flags=0x0, edgeFlags=0x0, pointerCount=1, historySize=0, eventTime=164825, downTime=164807, deviceId=0, source=0x1002 }
D/InputEventConsistencyVerifier( 1026):   4: sent at 164807000000, MotionEvent { action=ACTION_DOWN, id[0]=0, x[0]=67.0, y[0]=251.0, toolType[0]=TOOL_TYPE_UNKNOWN, buttonState=0, metaState=0, flags=0x0, edgeFlags=0x0, pointerCount=1, historySize=0, eventTime=164807, downTime=164807, deviceId=0, source=0x1002 }
D/InputEventConsistencyVerifier( 1026):   5: sent at 164688000000, (unhandled) KeyEvent { action=ACTION_UP, keyCode=KEYCODE_DPAD_UP, scanCode=0, metaState=0, flags=0x8, repeatCount=0, eventTime=164688, downTime=164688, deviceId=-1, source=0x101 }
E/WVMExtractor(   61): Failed to open libwvm.so
E/WVMExtractor(   61): Failed to open libwvm.so
E/WVMExtractor(   61): Failed to open libwvm.so
E/NetdConnector(  231): NDC Command {11 bandwidth setiquota eth0 9223372036854775807} took too long (1422ms)
I/Choreographer( 1026): Skipped 45 frames!  The application may be doing too much work on its main thread.
W/DroidBox( 1062): DroidBox: { "ServiceStart": { "name": "com.android.music.MediaPlaybackService" } }
E/WVMExtractor(   61): Failed to open libwvm.so
W/DroidBox( 1062): DroidBox: { "ServiceStart": { "name": "com.android.music.MediaPlaybackService" } }
E/NetdConnector(  231): NDC Command {12 bandwidth removeiquota eth0} took too long (654ms)
E/WVMExtractor(   61): Failed to open libwvm.so
I/AudioService(  231):  AudioFocus  requestAudioFocus() from android.media.AudioManager@b3e81ef0com.android.music.MediaPlaybackService$3@b3e7fd68
D/InputEventConsistencyVerifier( 1026): KeyEvent: ACTION_UP but key was not down.
D/InputEventConsistencyVerifier( 1026):   in com.android.internal.policy.impl.PhoneWindow$DecorView@b3e8fdd8
D/InputEventConsistencyVerifier( 1026):   0: sent at 168274000000, KeyEvent { action=ACTION_UP, keyCode=KEYCODE_DPAD_CENTER, scanCode=0, metaState=0, flags=0x8, repeatCount=0, eventTime=168274, downTime=168274, deviceId=-1, source=0x101 }
D/InputEventConsistencyVerifier( 1026):   -- recent events --
D/InputEventConsistencyVerifier( 1026):   1: sent at 168167000000, (unhandled) KeyEvent { action=ACTION_UP, keyCode=KEYCODE_META_RIGHT, scanCode=0, metaState=0, flags=0x8, repeatCount=0, eventTime=168167, downTime=168167, deviceId=-1, source=0x101 }
D/InputEventConsistencyVerifier( 1026):   2: sent at 168061000000, (unhandled) KeyEvent { action=ACTION_DOWN, keyCode=KEYCODE_META_RIGHT, scanCode=0, metaState=0, flags=0x8, repeatCount=0, eventTime=168061, downTime=168061, deviceId=-1, source=0x101 }
D/InputEventConsistencyVerifier( 1026):   3: sent at 167773000000, (unhandled) KeyEvent { action=ACTION_UP, keyCode=KEYCODE_MEDIA_PREVIOUS, scanCode=0, metaState=0, flags=0x8, repeatCount=0, eventTime=167773, downTime=167773, deviceId=-1, source=0x101 }
D/InputEventConsistencyVerifier( 1026):   4: sent at 167692000000, (unhandled) KeyEvent { action=ACTION_DOWN, keyCode=KEYCODE_MEDIA_PREVIOUS, scanCode=0, metaState=0, flags=0x8, repeatCount=0, eventTime=167692, downTime=167692, deviceId=-1, source=0x101 }
D/InputEventConsistencyVerifier( 1026):   5: sent at 167676000000, MotionEvent { action=ACTION_UP, id[0]=0, x[0]=0.0, y[0]=351.0, toolType[0]=TOOL_TYPE_UNKNOWN, buttonState=0, metaState=0, flags=0x0, edgeFlags=0x0, pointerCount=1, historySize=0, eventTime=167676, downTime=167435, deviceId=0, source=0x1002 }
E/WVMExtractor(   61): Failed to open libwvm.so
I/AudioService(  231):   Remote Control   registerMediaButtonIntent() for PendingIntent{b41e3168: PendingIntentRecord{b41932a0 com.android.music broadcastIntent}}
E/WVMExtractor(   61): Failed to open libwvm.so
D/InputEventConsistencyVerifier( 1026): KeyEvent: ACTION_UP but key was not down.
D/InputEventConsistencyVerifier( 1026):   in com.android.internal.policy.impl.PhoneWindow$DecorView@b3e8fdd8
D/InputEventConsistencyVerifier( 1026):   0: sent at 169104000000, KeyEvent { action=ACTION_UP, keyCode=KEYCODE_DPAD_CENTER, scanCode=0, metaState=0, flags=0x8, repeatCount=0, eventTime=169104, downTime=169104, deviceId=-1, source=0x101 }
D/InputEventConsistencyVerifier( 1026):   -- recent events --
D/InputEventConsistencyVerifier( 1026):   1: sent at 168901000000, (unhandled) KeyEvent { action=ACTION_UP, keyCode=KEYCODE_MEDIA_RECORD, scanCode=0, metaState=0, flags=0x8, repeatCount=0, eventTime=168901, downTime=168901, deviceId=-1, source=0x101 }
D/InputEventConsistencyVerifier( 1026):   2: sent at 168589000000, (unhandled) KeyEvent { action=ACTION_DOWN, keyCode=KEYCODE_MEDIA_RECORD, scanCode=0, metaState=0, flags=0x8, repeatCount=0, eventTime=168589, downTime=168589, deviceId=-1, source=0x101 }
D/InputEventConsistencyVerifier( 1026):   3: sent at 168583000000, MotionEvent { action=ACTION_UP, id[0]=0, x[0]=27.0, y[0]=399.0, toolType[0]=TOOL_TYPE_UNKNOWN, buttonState=0, metaState=0, flags=0x0, edgeFlags=0x0, pointerCount=1, historySize=0, eventTime=168583, downTime=168430, deviceId=0, source=0x1002 }
D/InputEventConsistencyVerifier( 1026):   4: sent at 168562000000, MotionEvent { action=ACTION_MOVE, id[0]=0, x[0]=27.0, y[0]=406.0, toolType[0]=TOOL_TYPE_UNKNOWN, buttonState=0, metaState=0, flags=0x0, edgeFlags=0x0, pointerCount=1, historySize=7, eventTime=168562, downTime=168430, deviceId=0, source=0x1002 }
D/InputEventConsistencyVerifier( 1026):   5: sent at 168468000000, MotionEvent { action=ACTION_DOWN, id[0]=0, x[0]=24.0, y[0]=441.0, toolType[0]=TOOL_TYPE_UNKNOWN, buttonState=0, metaState=0, flags=0x0, edgeFlags=0x0, pointerCount=1, historySize=0, eventTime=168468, downTime=168430, deviceId=0, source=0x1002 }
E/NetdConnector(  231): NDC Command {13 bandwidth setiquota eth0 9223372036854775807} took too long (1337ms)
I/Choreographer( 1026): Skipped 48 frames!  The application may be doing too much work on its main thread.
D/InputEventConsistencyVerifier( 1026): KeyEvent: ACTION_UP but key was not down.
D/InputEventConsistencyVerifier( 1026):   in android.widget.Button@b3ed68e0
D/InputEventConsistencyVerifier( 1026):   0: sent at 169540000000, KeyEvent { action=ACTION_UP, keyCode=KEYCODE_DPAD_DOWN, scanCode=0, metaState=0, flags=0x400, repeatCount=0, eventTime=169540, downTime=169540, deviceId=-1, source=0x101 }
D/InputEventConsistencyVerifier( 1026):   -- recent events --
D/InputEventConsistencyVerifier( 1026):   1: sent at 166585000000, (unhandled) KeyEvent { action=ACTION_UP, keyCode=KEYCODE_DPAD_DOWN, scanCode=0, metaState=0, flags=0x8, repeatCount=0, eventTime=166585, downTime=166585, deviceId=-1, source=0x101 }
D/InputEventConsistencyVerifier( 1026):   2: sent at 165661000000, (unhandled) KeyEvent { action=ACTION_DOWN, keyCode=KEYCODE_DPAD_UP, scanCode=0, metaState=0, flags=0x400, repeatCount=0, eventTime=165661, downTime=165661, deviceId=-1, source=0x101 }
D/InputEventConsistencyVerifier( 1026):   3: sent at 165659000000, (unhandled) KeyEvent { action=ACTION_UP, keyCode=KEYCODE_DPAD_UP, scanCode=0, metaState=0, flags=0x400, repeatCount=0, eventTime=165659, downTime=165659, deviceId=-1, source=0x101 }
D/InputEventConsistencyVerifier( 1026):   4: sent at 164920000000, (unhandled) KeyEvent { action=ACTION_DOWN, keyCode=KEYCODE_DPAD_DOWN, scanCode=0, metaState=0, flags=0x400, repeatCount=0, eventTime=164920, downTime=164920, deviceId=-1, source=0x101 }
D/InputEventConsistencyVerifier( 1026):   5: sent at 164919000000, (unhandled) KeyEvent { action=ACTION_UP, keyCode=KEYCODE_DPAD_DOWN, scanCode=0, metaState=0, flags=0x80000400, repeatCount=0, eventTime=164919, downTime=164919, deviceId=-1, source=0x101 }
D/InputEventConsistencyVerifier( 1026): KeyEvent: ACTION_UP but key was not down.
D/InputEventConsistencyVerifier( 1026):   in android.widget.Button@b3f886a0
D/InputEventConsistencyVerifier( 1026):   0: sent at 169541000000, KeyEvent { action=ACTION_UP, keyCode=KEYCODE_DPAD_DOWN, scanCode=0, metaState=0, flags=0x400, repeatCount=0, eventTime=169541, downTime=169541, deviceId=-1, source=0x101 }
D/InputEventConsistencyVerifier( 1026):   -- recent events --
D/InputEventConsistencyVerifier( 1026):   1: sent at 165659000000, (unhandled) KeyEvent { action=ACTION_DOWN, keyCode=KEYCODE_DPAD_UP, scanCode=0, metaState=0, flags=0x400, repeatCount=0, eventTime=165659, downTime=165659, deviceId=-1, source=0x101 }
D/InputEventConsistencyVerifier( 1026):   2: sent at 165638000000, MotionEvent { action=ACTION_MOVE, id[0]=0, x[0]=-3.0, y[0]=-4.0, toolType[0]=TOOL_TYPE_UNKNOWN, buttonState=0, metaState=0, flags=0x0, edgeFlags=0x0, pointerCount=1, historySize=4, eventTime=165638, downTime=-1, deviceId=0, source=0x10004 }
D/InputEventConsistencyVerifier( 1026):   3: sent at 164965000000, (unhandled) KeyEvent { action=ACTION_UP, keyCode=KEYCODE_DPAD_LEFT, scanCode=0, metaState=0, flags=0x8, repeatCount=0, eventTime=164965, downTime=164965, deviceId=-1, source=0x101 }
D/InputEventConsistencyVerifier( 1026):   4: sent at 164832000000, (unhandled) KeyEvent { action=ACTION_DOWN, keyCode=KEYCODE_DPAD_LEFT, scanCode=0, metaState=0, flags=0x8, repeatCount=0, eventTime=164832, downTime=164832, deviceId=-1, source=0x101 }
D/InputEventConsistencyVerifier( 1026):   5: sent at 164920000000, (unhandled) KeyEvent { action=ACTION_UP, keyCode=KEYCODE_DPAD_DOWN, scanCode=0, metaState=0, flags=0x80000400, repeatCount=0, eventTime=164920, downTime=164920, deviceId=-1, source=0x101 }
E/WVMExtractor(   61): Failed to open libwvm.so
E/WVMExtractor(   61): Failed to open libwvm.so
D/InputEventConsistencyVerifier( 1026): KeyEvent: ACTION_UP but key was not down.
D/InputEventConsistencyVerifier( 1026):   in android.widget.ScrollView@b3ef0968
D/InputEventConsistencyVerifier( 1026):   0: sent at 169549000000, KeyEvent { action=ACTION_UP, keyCode=KEYCODE_DPAD_UP, scanCode=0, metaState=0, flags=0x400, repeatCount=0, eventTime=169549, downTime=169549, deviceId=-1, source=0x101 }
D/InputEventConsistencyVerifier( 1026):   -- recent events --
D/InputEventConsistencyVerifier( 1026):   1: sent at 169540000000, (unhandled) KeyEvent { action=ACTION_DOWN, keyCode=KEYCODE_DPAD_DOWN, scanCode=0, metaState=0, flags=0x400, repeatCount=0, eventTime=169540, downTime=169540, deviceId=-1, source=0x101 }
D/InputEventConsistencyVerifier( 1026):   2: sent at 169354000000, (unhandled) MotionEvent { action=ACTION_MOVE, id[0]=0, x[0]=-3.0, y[0]=-4.0, toolType[0]=TOOL_TYPE_UNKNOWN, buttonState=0, metaState=0, flags=0x0, edgeFlags=0x0, pointerCount=1, historySize=7, eventTime=169354, downTime=-1, deviceId=0, source=0x10004 }
D/InputEventConsistencyVerifier( 1026):   3: sent at 169236000000, (unhandled) MotionEvent { action=ACTION_MOVE, id[0]=0, x[0]=-2.0, y[0]=3.0, toolType[0]=TOOL_TYPE_UNKNOWN, buttonState=0, metaState=0, flags=0x0, edgeFlags=0x0, pointerCount=1, historySize=1, eventTime=169236, downTime=-1, deviceId=0, source=0x10004 }
D/InputEventConsistencyVerifier( 1026):   4: sent at 169104000000, (unhandled) KeyEvent { action=ACTION_UP, keyCode=KEYCODE_DPAD_CENTER, scanCode=0, metaState=0, flags=0x80000008, repeatCount=0, eventTime=169104, downTime=169104, deviceId=-1, source=0x101 }
D/InputEventConsistencyVerifier( 1026):   5: sent at 168583000000, MotionEvent { action=ACTION_UP, id[0]=0, x[0]=27.0, y[0]=323.0, toolType[0]=TOOL_TYPE_UNKNOWN, buttonState=0, metaState=0, flags=0x0, edgeFlags=0x0, pointerCount=1, historySize=0, eventTime=168583, downTime=168430, deviceId=0, source=0x1002 }
E/WVMExtractor(   61): Failed to open libwvm.so
E/WVMExtractor(   61): Failed to open libwvm.so
I/ActivityManager(  231): START {act=android.intent.action.MAIN cat=[android.intent.category.HOME] flg=0x10200000 cmp=com.android.launcher/com.android.launcher2.Launcher u=0} from pid 231
I/Choreographer( 1026): Skipped 36 frames!  The application may be doing too much work on its main thread.
D/InputEventConsistencyVerifier( 1026): KeyEvent: ACTION_UP but key was not down.
D/InputEventConsistencyVerifier( 1026):   in com.android.internal.policy.impl.PhoneWindow$DecorView@b3e8fdd8
D/InputEventConsistencyVerifier( 1026):   0: sent at 171268000000, KeyEvent { action=ACTION_UP, keyCode=KEYCODE_DPAD_RIGHT, scanCode=0, metaState=0, flags=0x400, repeatCount=0, eventTime=171268, downTime=171268, deviceId=-1, source=0x101 }
D/InputEventConsistencyVerifier( 1026):   -- recent events --
D/InputEventConsistencyVerifier( 1026):   1: sent at 171005000000, (unhandled) MotionEvent { action=ACTION_MOVE, id[0]=0, x[0]=4.0, y[0]=-3.0, toolType[0]=TOOL_TYPE_UNKNOWN, buttonState=0, metaState=0, flags=0x0, edgeFlags=0x0, pointerCount=1, historySize=5, eventTime=171005, downTime=-1, deviceId=0, source=0x10004 }
D/InputEventConsistencyVerifier( 1026):   2: sent at 171039000000, MotionEvent { action=ACTION_UP, id[0]=0, x[0]=473.0, y[0]=405.0, toolType[0]=TOOL_TYPE_UNKNOWN, buttonState=0, metaState=0, flags=0x0, edgeFlags=0x0, pointerCount=1, historySize=0, eventTime=171039, downTime=171009, deviceId=0, source=0x1002 }
D/InputEventConsistencyVerifier( 1026):   3: sent at 171036000000, MotionEvent { action=ACTION_MOVE, id[0]=0, x[0]=472.0, y[0]=398.0, toolType[0]=TOOL_TYPE_UNKNOWN, buttonState=0, metaState=0, flags=0x0, edgeFlags=0x0, pointerCount=1, historySize=2, eventTime=171036, downTime=171009, deviceId=0, source=0x1002 }
D/InputEventConsistencyVerifier( 1026):   4: sent at 171010000000, MotionEvent { action=ACTION_DOWN, id[0]=0, x[0]=460.0, y[0]=390.0, toolType[0]=TOOL_TYPE_UNKNOWN, buttonState=0, metaState=0, flags=0x0, edgeFlags=0x0, pointerCount=1, historySize=0, eventTime=171010, downTime=171009, deviceId=0, source=0x1002 }
D/InputEventConsistencyVerifier( 1026):   5: sent at 170949000000, (unhandled) KeyEvent { action=ACTION_UP, keyCode=KEYCODE_DPAD_UP, scanCode=0, metaState=0, flags=0x400, repeatCount=0, eventTime=170949, downTime=170949, deviceId=-1, source=0x101 }
E/WVMExtractor(   61): Failed to open libwvm.so
I/InputDispatcher(  231): Dropped event because of pending overdue app switch.
W/InputManager(  231): Input event injection from pid 1008 failed.
E/WVMExtractor(   61): Failed to open libwvm.so
D/InputEventConsistencyVerifier( 1026): KeyEvent: ACTION_UP but key was not down.
D/InputEventConsistencyVerifier( 1026):   in com.android.internal.policy.impl.PhoneWindow$DecorView@b3e8fdd8
D/InputEventConsistencyVerifier( 1026):   0: sent at 171992000000, KeyEvent { action=ACTION_UP, keyCode=KEYCODE_DPAD_DOWN, scanCode=0, metaState=0, flags=0x8, repeatCount=0, eventTime=171992, downTime=171992, deviceId=-1, source=0x101 }
D/InputEventConsistencyVerifier( 1026):   -- recent events --
D/InputEventConsistencyVerifier( 1026):   1: sent at 171839000000, MotionEvent { action=ACTION_UP, id[0]=0, x[0]=309.0, y[0]=522.0, toolType[0]=TOOL_TYPE_UNKNOWN, buttonState=0, metaState=0, flags=0x0, edgeFlags=0x0, pointerCount=1, historySize=0, eventTime=171839, downTime=171631, deviceId=0, source=0x1002 }
D/InputEventConsistencyVerifier( 1026):   2: sent at 171632000000, MotionEvent { action=ACTION_DOWN, id[0]=0, x[0]=305.0, y[0]=509.0, toolType[0]=TOOL_TYPE_UNKNOWN, buttonState=0, metaState=0, flags=0x0, edgeFlags=0x0, pointerCount=1, historySize=0, eventTime=171632, downTime=171631, deviceId=0, source=0x1002 }
D/InputEventConsistencyVerifier( 1026):   3: sent at 171613000000, MotionEvent { action=ACTION_UP, id[0]=0, x[0]=189.0, y[0]=558.0, toolType[0]=TOOL_TYPE_UNKNOWN, buttonState=0, metaState=0, flags=0x0, edgeFlags=0x0, pointerCount=1, historySize=0, eventTime=171613, downTime=171585, deviceId=0, source=0x1002 }
D/InputEventConsistencyVerifier( 1026):   4: sent at 171610000000, MotionEvent { action=ACTION_MOVE, id[0]=0, x[0]=185.0, y[0]=557.0, toolType[0]=TOOL_TYPE_UNKNOWN, buttonState=0, metaState=0, flags=0x0, edgeFlags=0x0, pointerCount=1, historySize=4, eventTime=171610, downTime=171585, deviceId=0, source=0x1002 }
D/InputEventConsistencyVerifier( 1026):   5: sent at 171586000000, MotionEvent { action=ACTION_DOWN, id[0]=0, x[0]=156.0, y[0]=542.0, toolType[0]=TOOL_TYPE_UNKNOWN, buttonState=0, metaState=0, flags=0x0, edgeFlags=0x0, pointerCount=1, historySize=0, eventTime=171586, downTime=171585, deviceId=0, source=0x1002 }
E/WVMExtractor(   61): Failed to open libwvm.so
D/InputEventConsistencyVerifier( 1026): KeyEvent: ACTION_UP but key was not down.
D/InputEventConsistencyVerifier( 1026):   in com.android.internal.policy.impl.PhoneWindow$DecorView@b3e8fdd8
D/InputEventConsistencyVerifier( 1026):   0: sent at 172431000000, KeyEvent { action=ACTION_UP, keyCode=KEYCODE_DPAD_CENTER, scanCode=0, metaState=0, flags=0x8, repeatCount=0, eventTime=172431, downTime=172431, deviceId=-1, source=0x101 }
D/InputEventConsistencyVerifier( 1026):   -- recent events --
D/InputEventConsistencyVerifier( 1026):   1: sent at 172209000000, (unhandled) KeyEvent { action=ACTION_UP, keyCode=KEYCODE_MEDIA_PLAY, scanCode=0, metaState=0, flags=0x8, repeatCount=0, eventTime=172209, downTime=172209, deviceId=-1, source=0x101 }
D/InputEventConsistencyVerifier( 1026):   2: sent at 172072000000, (unhandled) KeyEvent { action=ACTION_DOWN, keyCode=KEYCODE_MEDIA_PLAY, scanCode=0, metaState=0, flags=0x8, repeatCount=0, eventTime=172072, downTime=172072, deviceId=-1, source=0x101 }
D/InputEventConsistencyVerifier( 1026):   3: sent at 172063000000, MotionEvent { action=ACTION_UP, id[0]=0, x[0]=436.0, y[0]=614.0, toolType[0]=TOOL_TYPE_UNKNOWN, buttonState=0, metaState=0, flags=0x0, edgeFlags=0x0, pointerCount=1, historySize=0, eventTime=172063, downTime=172049, deviceId=0, source=0x1002 }
D/InputEventConsistencyVerifier( 1026):   4: sent at 172049000000, MotionEvent { action=ACTION_DOWN, id[0]=0, x[0]=449.0, y[0]=614.0, toolType[0]=TOOL_TYPE_UNKNOWN, buttonState=0, metaState=0, flags=0x0, edgeFlags=0x0, pointerCount=1, historySize=0, eventTime=172049, downTime=172049, deviceId=0, source=0x1002 }
D/InputEventConsistencyVerifier( 1026):   5: sent at 171992000000, (unhandled) KeyEvent { action=ACTION_UP, keyCode=KEYCODE_DPAD_DOWN, scanCode=0, metaState=0, flags=0x80000008, repeatCount=0, eventTime=171992, downTime=171992, deviceId=-1, source=0x101 }
W/DroidBox( 1062): DroidBox: { "ServiceStart": { "name": "com.android.music.MediaPlaybackService" } }
W/DroidBox( 1062): DroidBox: { "ServiceStart": { "name": "com.android.music.MediaPlaybackService" } }
I/ActivityManager(  231): START {act=android.intent.action.VIEW dat=http://y1mee.net/?u=pro-android.ws/uploads/files/20-01-2011/music_box_-_poisk_muziki_onlayn-[www.pro-android.ws].apk?dl cmp=com.android.browser/.BrowserActivity u=0} from pid 1026
I/Choreographer( 1026): Skipped 43 frames!  The application may be doing too much work on its main thread.
E/WVMExtractor(   61): Failed to open libwvm.so
I/AudioService(  231):  AudioFocus  requestAudioFocus() from android.media.AudioManager@b3e81ef0com.android.music.MediaPlaybackService$3@b3e7fd68
D/InputEventConsistencyVerifier( 1026): KeyEvent: ACTION_UP but key was not down.
D/InputEventConsistencyVerifier( 1026):   in android.view.ViewRootImpl@b3ea8660
D/InputEventConsistencyVerifier( 1026):   0: sent at 173851000000, KeyEvent { action=ACTION_UP, keyCode=KEYCODE_MENU, scanCode=0, metaState=0, flags=0x8, repeatCount=0, eventTime=173851, downTime=173851, deviceId=-1, source=0x101 }
D/InputEventConsistencyVerifier( 1026):   -- recent events --
D/InputEventConsistencyVerifier( 1026):   1: sent at 172881000000, KeyEvent { action=ACTION_UP, keyCode=KEYCODE_MENU, scanCode=0, metaState=0, flags=0x8, repeatCount=0, eventTime=172881, downTime=172881, deviceId=-1, source=0x101 }
D/InputEventConsistencyVerifier( 1026):   2: sent at 172772000000, KeyEvent { action=ACTION_DOWN, keyCode=KEYCODE_MENU, scanCode=0, metaState=0, flags=0x8, repeatCount=0, eventTime=172772, downTime=172772, deviceId=-1, source=0x101 }
D/InputEventConsistencyVerifier( 1026):   3: sent at 172766000000, MotionEvent { action=ACTION_UP, id[0]=0, x[0]=430.0, y[0]=717.0, toolType[0]=TOOL_TYPE_UNKNOWN, buttonState=0, metaState=0, flags=0x0, edgeFlags=0x0, pointerCount=1, historySize=0, eventTime=172766, downTime=172718, deviceId=0, source=0x1002 }
D/InputEventConsistencyVerifier( 1026):   4: sent at 172764000000, MotionEvent { action=ACTION_MOVE, id[0]=0, x[0]=421.0, y[0]=717.0, toolType[0]=TOOL_TYPE_UNKNOWN, buttonState=0, metaState=0, flags=0x0, edgeFlags=0x0, pointerCount=1, historySize=5, eventTime=172764, downTime=172718, deviceId=0, source=0x1002 }
D/InputEventConsistencyVerifier( 1026):   5: sent at 172720000000, MotionEvent { action=ACTION_DOWN, id[0]=0, x[0]=393.0, y[0]=686.0, toolType[0]=TOOL_TYPE_UNKNOWN, buttonState=0, metaState=0, flags=0x0, edgeFlags=0x0, pointerCount=1, historySize=0, eventTime=172720, downTime=172718, deviceId=0, source=0x1002 }
I/Choreographer( 1026): Skipped 68 frames!  The application may be doing too much work on its main thread.
W/InputMethodManagerService(  231): Window already focused, ignoring focus gain of: com.android.internal.view.IInputMethodClient$Stub$Proxy@b3fdc678 attribute=android.view.inputmethod.EditorInfo@b43abe90
I/Choreographer( 1026): Skipped 37 frames!  The application may be doing too much work on its main thread.
I/AudioService(  231):   Remote Control   registerMediaButtonIntent() for PendingIntent{b3fd5560: PendingIntentRecord{b41932a0 com.android.music broadcastIntent}}
W/dalvikvm( 1008): DroidBox: { "FdAccess": { "path": "2f6465762f696e7075742f6576656e7430", "id": "2003004305" } }
W/DroidBox( 1008): DroidBox: { "FileRW": { "operation": "write", "data": "efbfbd060000efbfbdefbfbd0c000500000000000000", "id": "2003004305" } }
D/InputEventConsistencyVerifier( 1026): KeyEvent: ACTION_UP but key was not down.
D/InputEventConsistencyVerifier( 1026):   in com.android.internal.policy.impl.PhoneWindow$DecorView@b3e8fdd8
D/InputEventConsistencyVerifier( 1026):   0: sent at 174123000000, KeyEvent { action=ACTION_UP, keyCode=KEYCODE_DPAD_CENTER, scanCode=0, metaState=0, flags=0x8, repeatCount=0, eventTime=174123, downTime=174123, deviceId=-1, source=0x101 }
D/InputEventConsistencyVerifier( 1026):   -- recent events --
D/InputEventConsistencyVerifier( 1026):   1: sent at 173851000000, (unhandled) KeyEvent { action=ACTION_UP, keyCode=KEYCODE_MENU, scanCode=0, metaState=0, flags=0x80000008, repeatCount=0, eventTime=173851, downTime=173851, deviceId=-1, source=0x101 }
D/InputEventConsistencyVerifier( 1026):   2: sent at 172881000000, (unhandled) KeyEvent { action=ACTION_UP, keyCode=KEYCODE_MENU, scanCode=0, metaState=0, flags=0x8, repeatCount=0, eventTime=172881, downTime=172881, deviceId=-1, source=0x101 }
D/InputEventConsistencyVerifier( 1026):   3: sent at 172772000000, (unhandled) KeyEvent { action=ACTION_DOWN, keyCode=KEYCODE_MENU, scanCode=0, metaState=0, flags=0x8, repeatCount=0, eventTime=172772, downTime=172772, deviceId=-1, source=0x101 }
D/InputEventConsistencyVerifier( 1026):   4: sent at 172766000000, MotionEvent { action=ACTION_UP, id[0]=0, x[0]=430.0, y[0]=717.0, toolType[0]=TOOL_TYPE_UNKNOWN, buttonState=0, metaState=0, flags=0x0, edgeFlags=0x0, pointerCount=1, historySize=0, eventTime=172766, downTime=172718, deviceId=0, source=0x1002 }
D/InputEventConsistencyVerifier( 1026):   5: sent at 172764000000, MotionEvent { action=ACTION_MOVE, id[0]=0, x[0]=421.0, y[0]=717.0, toolType[0]=TOOL_TYPE_UNKNOWN, buttonState=0, metaState=0, flags=0x0, edgeFlags=0x0, pointerCount=1, historySize=5, eventTime=172764, downTime=172718, deviceId=0, source=0x1002 }
I/Choreographer( 1026): Skipped 36 frames!  The application may be doing too much work on its main thread.
E/WVMExtractor(   61): Failed to open libwvm.so
I/Choreographer( 1026): Skipped 86 frames!  The application may be doing too much work on its main thread.
E/WVMExtractor(   61): Failed to open libwvm.so
E/WVMExtractor(   61): Failed to open libwvm.so
E/WVMExtractor(   61): Failed to open libwvm.so
D/InputEventConsistencyVerifier( 1026): KeyEvent: ACTION_UP but key was not down.
D/InputEventConsistencyVerifier( 1026):   in android.widget.Button@b3f886a0
D/InputEventConsistencyVerifier( 1026):   0: sent at 174691000000, KeyEvent { action=ACTION_UP, keyCode=KEYCODE_DPAD_DOWN, scanCode=0, metaState=0, flags=0x400, repeatCount=0, eventTime=174691, downTime=174691, deviceId=-1, source=0x101 }
D/InputEventConsistencyVerifier( 1026):   -- recent events --
D/InputEventConsistencyVerifier( 1026):   1: sent at 169548000000, (unhandled) KeyEvent { action=ACTION_DOWN, keyCode=KEYCODE_DPAD_UP, scanCode=0, metaState=0, flags=0x400, repeatCount=0, eventTime=169548, downTime=169548, deviceId=-1, source=0x101 }
D/InputEventConsistencyVerifier( 1026):   2: sent at 169541000000, (unhandled) KeyEvent { action=ACTION_UP, keyCode=KEYCODE_DPAD_DOWN, scanCode=0, metaState=0, flags=0x400, repeatCount=0, eventTime=169541, downTime=169541, deviceId=-1, source=0x101 }
D/InputEventConsistencyVerifier( 1026):   3: sent at 169541000000, (unhandled) KeyEvent { action=ACTION_DOWN, keyCode=KEYCODE_DPAD_DOWN, scanCode=0, metaState=0, flags=0x400, repeatCount=0, eventTime=169541, downTime=169541, deviceId=-1, source=0x101 }
D/InputEventConsistencyVerifier( 1026):   4: sent at 169541000000, (unhandled) KeyEvent { action=ACTION_UP, keyCode=KEYCODE_DPAD_DOWN, scanCode=0, metaState=0, flags=0x80000400, repeatCount=0, eventTime=169541, downTime=169541, deviceId=-1, source=0x101 }
D/InputEventConsistencyVerifier( 1026):   5: sent at 165659000000, (unhandled) KeyEvent { action=ACTION_DOWN, keyCode=KEYCODE_DPAD_UP, scanCode=0, metaState=0, flags=0x400, repeatCount=0, eventTime=165659, downTime=165659, deviceId=-1, source=0x101 }
E/WVMExtractor(   61): Failed to open libwvm.so
I/ActivityManager(  231): START {act=android.intent.action.VIEW dat=http://y1mee.net/?u=pro-android.ws/uploads/files/20-01-2011/music_box_-_poisk_muziki_onlayn-[www.pro-android.ws].apk?dl cmp=com.android.browser/.BrowserActivity u=0} from pid 1026
E/WVMExtractor(   61): Failed to open libwvm.so
I/ActivityManager(  231): START {act=android.intent.action.MAIN cat=[android.intent.category.HOME] flg=0x10200000 cmp=com.android.launcher/com.android.launcher2.Launcher u=0} from pid 231
E/WVMExtractor(   61): Failed to open libwvm.so
I/InputDispatcher(  231): Dropped event because of pending overdue app switch.
W/InputManager(  231): Input event injection from pid 1008 failed.
I/ActivityManager(  231): START {act=android.intent.action.MAIN cat=[android.intent.category.LAUNCHER] flg=0x10200000 cmp=bretbre4.cvdsggr/.OPFghr u=0} from pid 1008
W/BackupManagerService(  231): dataChanged but no participant pkg='com.android.providers.settings' uid=10011
E/WVMExtractor(   61): Failed to open libwvm.so
E/WVMExtractor(   61): Failed to open libwvm.so
D/InputEventConsistencyVerifier( 1026): KeyEvent: ACTION_UP but key was not down.
D/InputEventConsistencyVerifier( 1026):   in android.view.ViewRootImpl@b3ea8660
D/InputEventConsistencyVerifier( 1026):   0: sent at 176819000000, KeyEvent { action=ACTION_UP, keyCode=KEYCODE_DPAD_CENTER, scanCode=0, metaState=0, flags=0x8, repeatCount=0, eventTime=176819, downTime=176819, deviceId=-1, source=0x101 }
D/InputEventConsistencyVerifier( 1026):   -- recent events --
D/InputEventConsistencyVerifier( 1026):   1: sent at 176852000000, KeyEvent { action=ACTION_UP, keyCode=KEYCODE_DPAD_LEFT, scanCode=0, metaState=0, flags=0x400, repeatCount=0, eventTime=176852, downTime=176852, deviceId=-1, source=0x101 }
D/InputEventConsistencyVerifier( 1026):   2: sent at 176852000000, KeyEvent { action=ACTION_DOWN, keyCode=KEYCODE_DPAD_LEFT, scanCode=0, metaState=0, flags=0x400, repeatCount=0, eventTime=176852, downTime=176852, deviceId=-1, source=0x101 }
