D/InputEventConsistencyVerifier( 1006):   2: sent at 118592000000, MotionEvent { action=ACTION_DOWN, id[0]=0, x[0]=101.0, y[0]=-422.0, toolType[0]=TOOL_TYPE_UNKNOWN, buttonState=0, metaState=0, flags=0x80000000, edgeFlags=0x0, pointerCount=1, historySize=0, eventTime=118592, downTime=118592, deviceId=0, source=0x1002 }
D/InputEventConsistencyVerifier( 1006):   3: sent at 118434000000, (unhandled) KeyEvent { action=ACTION_UP, keyCode=KEYCODE_MANNER_MODE, scanCode=0, metaState=0, flags=0x8, repeatCount=0, eventTime=118434, downTime=118434, deviceId=-1, source=0x101 }
D/InputEventConsistencyVerifier( 1006):   4: sent at 118409000000, (unhandled) KeyEvent { action=ACTION_DOWN, keyCode=KEYCODE_MANNER_MODE, scanCode=0, metaState=0, flags=0x8, repeatCount=0, eventTime=118409, downTime=118409, deviceId=-1, source=0x101 }
D/InputEventConsistencyVerifier( 1006):   5: sent at 118342000000, (unhandled) KeyEvent { action=ACTION_UP, keyCode=KEYCODE_DPAD_DOWN, scanCode=0, metaState=0, flags=0x8, repeatCount=0, eventTime=118342, downTime=118342, deviceId=-1, source=0x101 }
W/dalvikvm(  972): DroidBox: { "FdAccess": { "path": "2f6465762f696e7075742f6576656e7430", "id": "1406268556" } }
W/DroidBox(  972): DroidBox: { "FileRW": { "operation": "write", "data": "7f060000efbfbd3901000500000001000000", "id": "1406268556" } }
I/ContactsDatabaseHelper(  558): Locale change completed in 20257ms
I/ContactsDatabaseHelper(  558): Switching to locale en_US
I/Choreographer( 1006): Skipped 145 frames!  The application may be doing too much work on its main thread.
I/ActivityManager(  225): START {act=android.intent.action.MAIN cat=[android.intent.category.LAUNCHER] flg=0x10200000 cmp=com.convertoman.proin/.ProinActivity u=0} from pid 972
E/WVMExtractor(   62): Failed to open libwvm.so
D/InputEventConsistencyVerifier( 1006): KeyEvent: ACTION_UP but key was not down.
D/InputEventConsistencyVerifier( 1006):   in com.android.internal.policy.impl.PhoneWindow$DecorView@b3e28b48
D/InputEventConsistencyVerifier( 1006):   0: sent at 119164000000, KeyEvent { action=ACTION_UP, keyCode=KEYCODE_DPAD_LEFT, scanCode=0, metaState=0, flags=0x8, repeatCount=0, eventTime=119164, downTime=119164, deviceId=-1, source=0x101 }
D/InputEventConsistencyVerifier( 1006):   -- recent events --
D/InputEventConsistencyVerifier( 1006):   1: sent at 119050000000, MotionEvent { action=ACTION_UP, id[0]=0, x[0]=21.0, y[0]=67.0, toolType[0]=TOOL_TYPE_UNKNOWN, buttonState=0, metaState=0, flags=0x0, edgeFlags=0x0, pointerCount=1, historySize=0, eventTime=119050, downTime=119044, deviceId=0, source=0x1002 }
D/InputEventConsistencyVerifier( 1006):   2: sent at 119044000000, MotionEvent { action=ACTION_DOWN, id[0]=0, x[0]=22.0, y[0]=63.0, toolType[0]=TOOL_TYPE_UNKNOWN, buttonState=0, metaState=0, flags=0x0, edgeFlags=0x0, pointerCount=1, historySize=0, eventTime=119044, downTime=119044, deviceId=0, source=0x1002 }
D/InputEventConsistencyVerifier( 1006):   3: sent at 118952000000, (unhandled) KeyEvent { action=ACTION_UP, keyCode=KEYCODE_MENU, scanCode=0, metaState=0, flags=0x8, repeatCount=0, eventTime=118952, downTime=118952, deviceId=-1, source=0x101 }
D/InputEventConsistencyVerifier( 1006):   4: sent at 118947000000, (unhandled) KeyEvent { action=ACTION_DOWN, keyCode=KEYCODE_MENU, scanCode=0, metaState=0, flags=0x8, repeatCount=0, eventTime=118947, downTime=118947, deviceId=-1, source=0x101 }
D/InputEventConsistencyVerifier( 1006):   5: sent at 118915000000, (unhandled) MotionEvent { action=ACTION_UP, id[0]=0, x[0]=144.0, y[0]=-74.0, toolType[0]=TOOL_TYPE_UNKNOWN, buttonState=0, metaState=0, flags=0x0, edgeFlags=0x0, pointerCount=1, historySize=0, eventTime=118915, downTime=118893, deviceId=0, source=0x1002 }
I/Choreographer( 1006): Skipped 268 frames!  The application may be doing too much work on its main thread.
D/InputEventConsistencyVerifier( 1006): KeyEvent: ACTION_UP but key was not down.
D/InputEventConsistencyVerifier( 1006):   in com.android.internal.policy.impl.PhoneWindow$DecorView@b3deb818
D/InputEventConsistencyVerifier( 1006):   0: sent at 118294000000, KeyEvent { action=ACTION_UP, keyCode=KEYCODE_DPAD_LEFT, scanCode=0, metaState=0, flags=0x400, repeatCount=0, eventTime=118294, downTime=118294, deviceId=-1, source=0x101 }
D/InputEventConsistencyVerifier( 1006):   -- recent events --
D/InputEventConsistencyVerifier( 1006):   1: sent at 118109000000, (unhandled) MotionEvent { action=ACTION_MOVE, id[0]=0, x[0]=-3.0, y[0]=-2.0, toolType[0]=TOOL_TYPE_UNKNOWN, buttonState=0, metaState=0, flags=0x0, edgeFlags=0x0, pointerCount=1, historySize=9, eventTime=118109, downTime=-1, deviceId=0, source=0x10004 }
D/InputEventConsistencyVerifier( 1006):   2: sent at 118246000000, (unhandled) MotionEvent { action=ACTION_UP, id[0]=0, x[0]=70.0, y[0]=528.0, toolType[0]=TOOL_TYPE_UNKNOWN, buttonState=0, metaState=0, flags=0x0, edgeFlags=0x0, pointerCount=1, historySize=0, eventTime=118246, downTime=118116, deviceId=0, source=0x1002 }
D/InputEventConsistencyVerifier( 1006):   3: sent at 118242000000, (unhandled) MotionEvent { action=ACTION_MOVE, id[0]=0, x[0]=64.0, y[0]=530.0, toolType[0]=TOOL_TYPE_UNKNOWN, buttonState=0, metaState=0, flags=0x0, edgeFlags=0x0, pointerCount=1, historySize=3, eventTime=118242, downTime=118116, deviceId=0, source=0x1002 }
D/InputEventConsistencyVerifier( 1006):   4: sent at 118118000000, (unhandled) MotionEvent { action=ACTION_DOWN, id[0]=0, x[0]=54.0, y[0]=538.0, toolType[0]=TOOL_TYPE_UNKNOWN, buttonState=0, metaState=0, flags=0x0, edgeFlags=0x0, pointerCount=1, historySize=0, eventTime=118118, downTime=118116, deviceId=0, source=0x1002 }
D/InputEventConsistencyVerifier( 1006):   5: sent at 117650000000, (unhandled) KeyEvent { action=ACTION_UP, keyCode=KEYCODE_MENU, scanCode=0, metaState=0, flags=0x8, repeatCount=0, eventTime=117650, downTime=117650, deviceId=-1, source=0x101 }
D/InputEventConsistencyVerifier( 1006): KeyEvent: ACTION_UP but key was not down.
D/InputEventConsistencyVerifier( 1006):   in com.android.internal.policy.impl.PhoneWindow$DecorView@b3e28b48
D/InputEventConsistencyVerifier( 1006):   0: sent at 120337000000, KeyEvent { action=ACTION_UP, keyCode=KEYCODE_DPAD_CENTER, scanCode=0, metaState=0, flags=0x8, repeatCount=0, eventTime=120337, downTime=120337, deviceId=-1, source=0x101 }
D/InputEventConsistencyVerifier( 1006):   -- recent events --
D/InputEventConsistencyVerifier( 1006):   1: sent at 120218000000, (unhandled) MotionEvent { action=ACTION_UP, id[0]=0, x[0]=139.0, y[0]=-524.0, toolType[0]=TOOL_TYPE_UNKNOWN, buttonState=0, metaState=0, flags=0x0, edgeFlags=0x0, pointerCount=1, historySize=0, eventTime=120218, downTime=120212, deviceId=0, source=0x1002 }
D/InputEventConsistencyVerifier( 1006):   2: sent at 120212000000, MotionEvent { action=ACTION_DOWN, id[0]=0, x[0]=133.0, y[0]=-514.0, toolType[0]=TOOL_TYPE_UNKNOWN, buttonState=0, metaState=0, flags=0x0, edgeFlags=0x0, pointerCount=1, historySize=0, eventTime=120212, downTime=120212, deviceId=0, source=0x1002 }
D/InputEventConsistencyVerifier( 1006):   3: sent at 120205000000, MotionEvent { action=ACTION_UP, id[0]=0, x[0]=336.0, y[0]=38.0, toolType[0]=TOOL_TYPE_UNKNOWN, buttonState=0, metaState=0, flags=0x0, edgeFlags=0x0, pointerCount=1, historySize=0, eventTime=120205, downTime=120190, deviceId=0, source=0x1002 }
D/InputEventConsistencyVerifier( 1006):   4: sent at 120190000000, MotionEvent { action=ACTION_DOWN, id[0]=0, x[0]=329.0, y[0]=46.0, toolType[0]=TOOL_TYPE_UNKNOWN, buttonState=0, metaState=0, flags=0x0, edgeFlags=0x0, pointerCount=1, historySize=0, eventTime=120190, downTime=120190, deviceId=0, source=0x1002 }
D/InputEventConsistencyVerifier( 1006):   5: sent at 120181000000, (unhandled) MotionEvent { action=ACTION_UP, id[0]=0, x[0]=87.0, y[0]=-240.5, toolType[0]=TOOL_TYPE_UNKNOWN, buttonState=0, metaState=0, flags=0x0, edgeFlags=0x0, pointerCount=1, historySize=0, eventTime=120181, downTime=119927, deviceId=0, source=0x1002 }
E/WVMExtractor(   62): Failed to open libwvm.so
I/InputDispatcher(  225): Window 'Window{b41085b0 AtchDlg:com.convertoman.proin/com.convertoman.proin.ProinActivity paused=false}' spent 2429.4ms processing the last input event: KeyEvent(action=1, deviceId=-1, source=0x00000101)
I/InputDispatcher(  225): Window 'Window{b41085b0 AtchDlg:com.convertoman.proin/com.convertoman.proin.ProinActivity paused=false}' spent 2317.7ms processing the last input event: MotionEvent(action=0, deviceId=0, source=0x00001002)
I/InputDispatcher(  225): Window 'Window{b41085b0 AtchDlg:com.convertoman.proin/com.convertoman.proin.ProinActivity paused=false}' spent 2325.5ms processing the last input event: MotionEvent(action=2, deviceId=0, source=0x00001002)
I/InputDispatcher(  225): Window 'Window{b41085b0 AtchDlg:com.convertoman.proin/com.convertoman.proin.ProinActivity paused=false}' spent 2290.3ms processing the last input event: MotionEvent(action=2, deviceId=0, source=0x00001002)
I/InputDispatcher(  225): Window 'Window{b41085b0 AtchDlg:com.convertoman.proin/com.convertoman.proin.ProinActivity paused=false}' spent 2248.4ms processing the last input event: MotionEvent(action=2, deviceId=0, source=0x00001002)
I/InputDispatcher(  225): Window 'Window{b41085b0 AtchDlg:com.convertoman.proin/com.convertoman.proin.ProinActivity paused=false}' spent 2247.6ms processing the last input event: MotionEvent(action=2, deviceId=0, source=0x00001002)
I/InputDispatcher(  225): Window 'Window{b41085b0 AtchDlg:com.convertoman.proin/com.convertoman.proin.ProinActivity paused=false}' spent 2246.2ms processing the last input event: MotionEvent(action=2, deviceId=0, source=0x00001002)
I/InputDispatcher(  225): Window 'Window{b41085b0 AtchDlg:com.convertoman.proin/com.convertoman.proin.ProinActivity paused=false}' spent 2244.0ms processing the last input event: MotionEvent(action=2, deviceId=0, source=0x00001002)
I/InputDispatcher(  225): Window 'Window{b41085b0 AtchDlg:com.convertoman.proin/com.convertoman.proin.ProinActivity paused=false}' spent 2264.2ms processing the last input event: MotionEvent(action=2, deviceId=0, source=0x00001002)
I/InputDispatcher(  225): Window 'Window{b41085b0 AtchDlg:com.convertoman.proin/com.convertoman.proin.ProinActivity paused=false}' spent 2263.0ms processing the last input event: MotionEvent(action=2, deviceId=0, source=0x00001002)
I/InputDispatcher(  225): Window 'Window{b41085b0 AtchDlg:com.convertoman.proin/com.convertoman.proin.ProinActivity paused=false}' spent 2262.0ms processing the last input event: MotionEvent(action=2, deviceId=0, source=0x00001002)
I/InputDispatcher(  225): Window 'Window{b41085b0 AtchDlg:com.convertoman.proin/com.convertoman.proin.ProinActivity paused=false}' spent 2257.4ms processing the last input event: MotionEvent(action=1, deviceId=0, source=0x00001002)
I/InputDispatcher(  225): Window 'Window{b41085b0 AtchDlg:com.convertoman.proin/com.convertoman.proin.ProinActivity paused=false}' spent 2266.9ms processing the last input event: MotionEvent(action=0, deviceId=0, source=0x00001002)
I/InputDispatcher(  225): Window 'Window{b41085b0 AtchDlg:com.convertoman.proin/com.convertoman.proin.ProinActivity paused=false}' spent 2264.4ms processing the last input event: MotionEvent(action=1, deviceId=0, source=0x00001002)
I/InputDispatcher(  225): Window 'Window{b41085b0 AtchDlg:com.convertoman.proin/com.convertoman.proin.ProinActivity paused=false}' spent 2258.2ms processing the last input event: MotionEvent(action=0, deviceId=0, source=0x00001002)
I/InputDispatcher(  225): Window 'Window{b41085b0 AtchDlg:com.convertoman.proin/com.convertoman.proin.ProinActivity paused=false}' spent 2264.1ms processing the last input event: MotionEvent(action=1, deviceId=0, source=0x00001002)
I/Choreographer( 1006): Skipped 716 frames!  The application may be doing too much work on its main thread.
W/InputMethodManagerService(  225): Window already focused, ignoring focus gain of: com.android.internal.view.IInputMethodClient$Stub$Proxy@b3fa6530 attribute=android.view.inputmethod.EditorInfo@b3fa6548
E/WVMExtractor(   62): Failed to open libwvm.so
I/ContactsDatabaseHelper(  558): Locale change completed in 8026ms
I/ContactsProvider(  558): Upgrading aggregation algorithm
I/ContactAggregator(  558): Marked all visible contacts for aggregation: 0 raw contacts, 4 ms
W/dalvikvm(  558): DroidBox: { "FdAccess": { "path": "2f646174612f646174612f636f6d2e616e64726f69642e70726f7669646572732e636f6e74616374732f7368617265645f70726566732f636f6d2e616e64726f69642e70726f7669646572732e636f6e74616374735f707265666572656e6365732e786d6c", "id": "1265490938" } }
W/DroidBox(  558): DroidBox: { "FileRW": { "operation": "write", "data": "3c3f786d6c2076657273696f6e3d27312e302720656e636f64696e673d277574662d3827207374616e64616c6f6e653d2779657327203f3e0a3c6d61703e0a3c737472696e67206e616d653d226c6f63616c65223e656e5f55533c2f737472696e673e0a", "id": "1265490938" } }
I/ContactsProvider(  558): Aggregation algorithm upgraded for 0 raw contacts in 471ms
I/Choreographer( 1006): Skipped 1049 frames!  The application may be doing too much work on its main thread.
I/InputDispatcher(  225): Application is not responding: Window{b40eed48 com.convertoman.proin/com.convertoman.proin.ProinActivity paused=false}.  It has been 5015.1ms since event, 5007.4ms since wait started.  Reason: Waiting because the touched window has not finished processing the input events that were previously delivered to it.
I/WindowManager(  225): Input event dispatching timed out sending to com.convertoman.proin/com.convertoman.proin.ProinActivity
I/Process (  225): Sending signal. PID: 1006 SIG: 3
I/ContactsFTS(  558): Rebuild contact search index in 148ms, 0 contacts
I/Process (  225): Sending signal. PID: 225 SIG: 3
E/WVMExtractor(   62): Failed to open libwvm.so
I/Process (  225): Sending signal. PID: 421 SIG: 3
I/Process (  225): Sending signal. PID: 492 SIG: 3
W/dalvikvm(  225): DroidBox: { "FdAccess": { "path": "2f70726f632f312f636d646c696e65", "id": "242598578" } }
W/DroidBox(  225): DroidBox: { "FileRW": { "operation": "read", "data": "2f696e69740000000000000000000000000000000000000000000000000000000000000000000000000000000000000000000000000000000000000000000000000000000000000000000000000000000000000000000000000000000000000000000000", "id": "242598578" } }
W/dalvikvm(  225): DroidBox: { "FdAccess": { "path": "2f70726f632f322f636d646c696e65", "id": "1154558747" } }
W/DroidBox(  225): DroidBox: { "FileRW": { "operation": "read", "data": "2f696e69740000000000000000000000000000000000000000000000000000000000000000000000000000000000000000000000000000000000000000000000000000000000000000000000000000000000000000000000000000000000000000000000", "id": "1154558747" } }
W/dalvikvm(  225): DroidBox: { "FdAccess": { "path": "2f70726f632f332f636d646c696e65", "id": "946502578" } }
W/DroidBox(  225): DroidBox: { "FileRW": { "operation": "read", "data": "2f696e69740000000000000000000000000000000000000000000000000000000000000000000000000000000000000000000000000000000000000000000000000000000000000000000000000000000000000000000000000000000000000000000000", "id": "946502578" } }
W/dalvikvm(  225): DroidBox: { "FdAccess": { "path": "2f70726f632f342f636d646c696e65", "id": "1503520744" } }
W/DroidBox(  225): DroidBox: { "FileRW": { "operation": "read", "data": "2f696e69740000000000000000000000000000000000000000000000000000000000000000000000000000000000000000000000000000000000000000000000000000000000000000000000000000000000000000000000000000000000000000000000", "id": "1503520744" } }
W/dalvikvm(  225): DroidBox: { "FdAccess": { "path": "2f70726f632f352f636d646c696e65", "id": "490490434" } }
W/DroidBox(  225): DroidBox: { "FileRW": { "operation": "read", "data": "2f696e69740000000000000000000000000000000000000000000000000000000000000000000000000000000000000000000000000000000000000000000000000000000000000000000000000000000000000000000000000000000000000000000000", "id": "490490434" } }
W/dalvikvm(  225): DroidBox: { "FdAccess": { "path": "2f70726f632f362f636d646c696e65", "id": "1127842328" } }
W/DroidBox(  225): DroidBox: { "FileRW": { "operation": "read", "data": "2f696e69740000000000000000000000000000000000000000000000000000000000000000000000000000000000000000000000000000000000000000000000000000000000000000000000000000000000000000000000000000000000000000000000", "id": "1127842328" } }
W/dalvikvm(  225): DroidBox: { "FdAccess": { "path": "2f70726f632f372f636d646c696e65", "id": "650286118" } }
W/DroidBox(  225): DroidBox: { "FileRW": { "operation": "read", "data": "2f696e69740000000000000000000000000000000000000000000000000000000000000000000000000000000000000000000000000000000000000000000000000000000000000000000000000000000000000000000000000000000000000000000000", "id": "650286118" } }
W/dalvikvm(  225): DroidBox: { "FdAccess": { "path": "2f70726f632f382f636d646c696e65", "id": "176429956" } }
W/DroidBox(  225): DroidBox: { "FileRW": { "operation": "read", "data": "2f696e69740000000000000000000000000000000000000000000000000000000000000000000000000000000000000000000000000000000000000000000000000000000000000000000000000000000000000000000000000000000000000000000000", "id": "176429956" } }
W/dalvikvm(  225): DroidBox: { "FdAccess": { "path": "2f70726f632f392f636d646c696e65", "id": "974062457" } }
W/DroidBox(  225): DroidBox: { "FileRW": { "operation": "read", "data": "2f696e69740000000000000000000000000000000000000000000000000000000000000000000000000000000000000000000000000000000000000000000000000000000000000000000000000000000000000000000000000000000000000000000000", "id": "974062457" } }
W/dalvikvm(  225): DroidBox: { "FdAccess": { "path": "2f70726f632f31302f636d646c696e65", "id": "1411553227" } }
W/DroidBox(  225): DroidBox: { "FileRW": { "operation": "read", "data": "2f696e69740000000000000000000000000000000000000000000000000000000000000000000000000000000000000000000000000000000000000000000000000000000000000000000000000000000000000000000000000000000000000000000000", "id": "1411553227" } }
W/dalvikvm(  225): DroidBox: { "FdAccess": { "path": "2f70726f632f31312f636d646c696e65", "id": "1464338041" } }
W/DroidBox(  225): DroidBox: { "FileRW": { "operation": "read", "data": "2f696e69740000000000000000000000000000000000000000000000000000000000000000000000000000000000000000000000000000000000000000000000000000000000000000000000000000000000000000000000000000000000000000000000", "id": "1464338041" } }
W/dalvikvm(  225): DroidBox: { "FdAccess": { "path": "2f70726f632f31322f636d646c696e65", "id": "1112676755" } }
W/DroidBox(  225): DroidBox: { "FileRW": { "operation": "read", "data": "2f696e69740000000000000000000000000000000000000000000000000000000000000000000000000000000000000000000000000000000000000000000000000000000000000000000000000000000000000000000000000000000000000000000000", "id": "1112676755" } }
W/dalvikvm(  225): DroidBox: { "FdAccess": { "path": "2f70726f632f31332f636d646c696e65", "id": "850786853" } }
W/DroidBox(  225): DroidBox: { "FileRW": { "operation": "read", "data": "2f696e69740000000000000000000000000000000000000000000000000000000000000000000000000000000000000000000000000000000000000000000000000000000000000000000000000000000000000000000000000000000000000000000000", "id": "850786853" } }
W/dalvikvm(  225): DroidBox: { "FdAccess": { "path": "2f70726f632f31342f636d646c696e65", "id": "409127332" } }
W/DroidBox(  225): DroidBox: { "FileRW": { "operation": "read", "data": "2f696e69740000000000000000000000000000000000000000000000000000000000000000000000000000000000000000000000000000000000000000000000000000000000000000000000000000000000000000000000000000000000000000000000", "id": "409127332" } }
W/dalvikvm(  225): DroidBox: { "FdAccess": { "path": "2f70726f632f32352f636d646c696e65", "id": "1033767394" } }
W/DroidBox(  225): DroidBox: { "FileRW": { "operation": "read", "data": "2f696e69740000000000000000000000000000000000000000000000000000000000000000000000000000000000000000000000000000000000000000000000000000000000000000000000000000000000000000000000000000000000000000000000", "id": "1033767394" } }
W/dalvikvm(  225): DroidBox: { "FdAccess": { "path": "2f70726f632f32362f636d646c696e65", "id": "830939356" } }
W/DroidBox(  225): DroidBox: { "FileRW": { "operation": "read", "data": "2f696e69740000000000000000000000000000000000000000000000000000000000000000000000000000000000000000000000000000000000000000000000000000000000000000000000000000000000000000000000000000000000000000000000", "id": "830939356" } }
W/dalvikvm(  225): DroidBox: { "FdAccess": { "path": "2f70726f632f32372f636d646c696e65", "id": "972629482" } }
W/DroidBox(  225): DroidBox: { "FileRW": { "operation": "read", "data": "2f696e69740000000000000000000000000000000000000000000000000000000000000000000000000000000000000000000000000000000000000000000000000000000000000000000000000000000000000000000000000000000000000000000000", "id": "972629482" } }
W/dalvikvm(  225): DroidBox: { "FdAccess": { "path": "2f70726f632f32382f636d646c696e65", "id": "2131136073" } }
W/DroidBox(  225): DroidBox: { "FileRW": { "operation": "read", "data": "2f696e69740000000000000000000000000000000000000000000000000000000000000000000000000000000000000000000000000000000000000000000000000000000000000000000000000000000000000000000000000000000000000000000000", "id": "2131136073" } }
W/dalvikvm(  225): DroidBox: { "FdAccess": { "path": "2f70726f632f32392f636d646c696e65", "id": "529332955" } }
W/DroidBox(  225): DroidBox: { "FileRW": { "operation": "read", "data": "2f696e69740000000000000000000000000000000000000000000000000000000000000000000000000000000000000000000000000000000000000000000000000000000000000000000000000000000000000000000000000000000000000000000000", "id": "529332955" } }
W/dalvikvm(  225): DroidBox: { "FdAccess": { "path": "2f70726f632f33302f636d646c696e65", "id": "1446533777" } }
W/DroidBox(  225): DroidBox: { "FileRW": { "operation": "read", "data": "2f696e69740000000000000000000000000000000000000000000000000000000000000000000000000000000000000000000000000000000000000000000000000000000000000000000000000000000000000000000000000000000000000000000000", "id": "1446533777" } }
W/dalvikvm(  225): DroidBox: { "FdAccess": { "path": "2f70726f632f33312f636d646c696e65", "id": "1318925617" } }
W/DroidBox(  225): DroidBox: { "FileRW": { "operation": "read", "data": "2f7362696e2f756576656e7464000000000000000000000000000000000000000000000000000000000000000000000000000000000000000000000000000000000000000000000000000000000000000000000000000000000000000000000000000000", "id": "1318925617" } }
W/dalvikvm(  225): DroidBox: { "FdAccess": { "path": "2f70726f632f33332f636d646c696e65", "id": "730297285" } }
W/DroidBox(  225): DroidBox: { "FileRW": { "operation": "read", "data": "2f7362696e2f756576656e7464000000000000000000000000000000000000000000000000000000000000000000000000000000000000000000000000000000000000000000000000000000000000000000000000000000000000000000000000000000", "id": "730297285" } }
W/dalvikvm(  225): DroidBox: { "FdAccess": { "path": "2f70726f632f33342f636d646c696e65", "id": "731165832" } }
W/DroidBox(  225): DroidBox: { "FileRW": { "operation": "read", "data": "2f7362696e2f756576656e7464000000000000000000000000000000000000000000000000000000000000000000000000000000000000000000000000000000000000000000000000000000000000000000000000000000000000000000000000000000", "id": "731165832" } }
W/dalvikvm(  225): DroidBox: { "FdAccess": { "path": "2f70726f632f33382f636d646c696e65", "id": "1692205010" } }
W/DroidBox(  225): DroidBox: { "FileRW": { "operation": "read", "data": "2f7362696e2f756576656e7464000000000000000000000000000000000000000000000000000000000000000000000000000000000000000000000000000000000000000000000000000000000000000000000000000000000000000000000000000000", "id": "1692205010" } }
W/dalvikvm(  225): DroidBox: { "FdAccess": { "path": "2f70726f632f34302f636d646c696e65", "id": "1233897991" } }
W/DroidBox(  225): DroidBox: { "FileRW": { "operation": "read", "data": "2f7362696e2f756576656e7464000000000000000000000000000000000000000000000000000000000000000000000000000000000000000000000000000000000000000000000000000000000000000000000000000000000000000000000000000000", "id": "1233897991" } }
W/dalvikvm(  225): DroidBox: { "FdAccess": { "path": "2f70726f632f34312f636d646c696e65", "id": "1567570951" } }
W/DroidBox(  225): DroidBox: { "FileRW": { "operation": "read", "data": "2f7362696e2f756576656e7464000000000000000000000000000000000000000000000000000000000000000000000000000000000000000000000000000000000000000000000000000000000000000000000000000000000000000000000000000000", "id": "1567570951" } }
W/dalvikvm(  225): DroidBox: { "FdAccess": { "path": "2f70726f632f34342f636d646c696e65", "id": "665300860" } }
W/DroidBox(  225): DroidBox: { "FileRW": { "operation": "read", "data": "2f7362696e2f756576656e7464000000000000000000000000000000000000000000000000000000000000000000000000000000000000000000000000000000000000000000000000000000000000000000000000000000000000000000000000000000", "id": "665300860" } }
W/dalvikvm(  225): DroidBox: { "FdAccess": { "path": "2f70726f632f34362f636d646c696e65", "id": "1929631135" } }
W/DroidBox(  225): DroidBox: { "FileRW": { "operation": "read", "data": "2f7362696e2f756576656e7464000000000000000000000000000000000000000000000000000000000000000000000000000000000000000000000000000000000000000000000000000000000000000000000000000000000000000000000000000000", "id": "1929631135" } }
W/dalvikvm(  225): DroidBox: { "FdAccess": { "path": "2f70726f632f34372f636d646c696e65", "id": "1065494723" } }
W/DroidBox(  225): DroidBox: { "FileRW": { "operation": "read", "data": "2f7362696e2f756576656e7464000000000000000000000000000000000000000000000000000000000000000000000000000000000000000000000000000000000000000000000000000000000000000000000000000000000000000000000000000000", "id": "1065494723" } }
W/dalvikvm(  225): DroidBox: { "FdAccess": { "path": "2f70726f632f34382f636d646c696e65", "id": "299007938" } }
W/DroidBox(  225): DroidBox: { "FileRW": { "operation": "read", "data": "2f73797374656d2f62696e2f71656d75640000000000000000000000000000000000000000000000000000000000000000000000000000000000000000000000000000000000000000000000000000000000000000000000000000000000000000000000", "id": "299007938" } }
W/dalvikvm(  225): DroidBox: { "FdAccess": { "path": "2f70726f632f35332f636d646c696e65", "id": "1958701743" } }
W/DroidBox(  225): DroidBox: { "FileRW": { "operation": "read", "data": "2f73797374656d2f62696e2f736572766963656d616e616765720000000000000000000000000000000000000000000000000000000000000000000000000000000000000000000000000000000000000000000000000000000000000000000000000000", "id": "1958701743" } }
W/dalvikvm(  225): DroidBox: { "FdAccess": { "path": "2f70726f632f35342f636d646c696e65", "id": "1833864129" } }
W/DroidBox(  225): DroidBox: { "FileRW": { "operation": "read", "data": "2f73797374656d2f62696e2f766f6c640063656d616e616765720000000000000000000000000000000000000000000000000000000000000000000000000000000000000000000000000000000000000000000000000000000000000000000000000000", "id": "1833864129" } }
W/dalvikvm(  225): DroidBox: { "FdAccess": { "path": "2f70726f632f35362f636d646c696e65", "id": "851207636" } }
W/DroidBox(  225): DroidBox: { "FileRW": { "operation": "read", "data": "2f73797374656d2f62696e2f6e6574640063656d616e616765720000000000000000000000000000000000000000000000000000000000000000000000000000000000000000000000000000000000000000000000000000000000000000000000000000", "id": "851207636" } }
W/dalvikvm(  225): DroidBox: { "FdAccess": { "path": "2f70726f632f35372f636d646c696e65", "id": "337264054" } }
W/DroidBox(  225): DroidBox: { "FileRW": { "operation": "read", "data": "2f73797374656d2f62696e2f64656275676765726400616765720000000000000000000000000000000000000000000000000000000000000000000000000000000000000000000000000000000000000000000000000000000000000000000000000000", "id": "337264054" } }
W/dalvikvm(  225): DroidBox: { "FdAccess": { "path": "2f70726f632f35382f636d646c696e65", "id": "316793069" } }
W/DroidBox(  225): DroidBox: { "FileRW": { "operation": "read", "data": "2f73797374656d2f62696e2f72696c64006765726400616765720000000000000000000000000000000000000000000000000000000000000000000000000000000000000000000000000000000000000000000000000000000000000000000000000000", "id": "316793069" } }
W/dalvikvm(  225): DroidBox: { "FdAccess": { "path": "2f70726f632f35392f636d646c696e65", "id": "1854942881" } }
W/DroidBox(  225): DroidBox: { "FileRW": { "operation": "read", "data": "2f73797374656d2f62696e2f73757266616365666c696e6765720000000000000000000000000000000000000000000000000000000000000000000000000000000000000000000000000000000000000000000000000000000000000000000000000000", "id": "1854942881" } }
W/dalvikvm(  225): DroidBox: { "FdAccess": { "path": "2f70726f632f36302f636d646c696e65", "id": "84995096" } }
W/DroidBox(  225): DroidBox: { "FileRW": { "operation": "read", "data": "7a79676f7465002f62696e2f6170705f70726f63657373002d587a79676f7465002f73797374656d2f62696e002d2d7a79676f7465002d2d73746172742d73797374656d2d73657276657200000000000000000000000000000000000000000000000000", "id": "84995096" } }
W/dalvikvm(  225): DroidBox: { "FdAccess": { "path": "2f70726f632f36312f636d646c696e65", "id": "1904530885" } }
W/DroidBox(  225): DroidBox: { "FileRW": { "operation": "read", "data": "2f73797374656d2f62696e2f64726d7365727665720073002d587a79676f7465002f73797374656d2f62696e002d2d7a79676f7465002d2d73746172742d73797374656d2d73657276657200000000000000000000000000000000000000000000000000", "id": "1904530885" } }
W/dalvikvm(  225): DroidBox: { "FdAccess": { "path": "2f70726f632f36322f636d646c696e65", "id": "1499475911" } }
W/DroidBox(  225): DroidBox: { "FileRW": { "operation": "read", "data": "2f73797374656d2f62696e2f6d65646961736572766572002d587a79676f7465002f73797374656d2f62696e002d2d7a79676f7465002d2d73746172742d73797374656d2d73657276657200000000000000000000000000000000000000000000000000", "id": "1499475911" } }
W/dalvikvm(  225): DroidBox: { "FdAccess": { "path": "2f70726f632f36332f636d646c696e65", "id": "609225618" } }
W/DroidBox(  225): DroidBox: { "FileRW": { "operation": "read", "data": "2f73797374656d2f62696e2f646275732d6461656d6f6e002d2d73797374656d002d2d6e6f666f726b00696e002d2d7a79676f7465002d2d73746172742d73797374656d2d73657276657200000000000000000000000000000000000000000000000000", "id": "609225618" } }
W/dalvikvm(  225): DroidBox: { "FdAccess": { "path": "2f70726f632f36342f636d646c696e65", "id": "2112820712" } }
W/DroidBox(  225): DroidBox: { "FileRW": { "operation": "read", "data": "2f73797374656d2f62696e2f696e7374616c6c64006f6e002d2d73797374656d002d2d6e6f666f726b00696e002d2d7a79676f7465002d2d73746172742d73797374656d2d73657276657200000000000000000000000000000000000000000000000000", "id": "2112820712" } }
W/dalvikvm(  225): DroidBox: { "FdAccess": { "path": "2f70726f632f36352f636d646c696e65", "id": "1698656847" } }
W/DroidBox(  225): DroidBox: { "FileRW": { "operation": "read", "data": "2f73797374656d2f62696e2f6b657973746f7265002f646174612f6d6973632f6b657973746f72650000696e002d2d7a79676f7465002d2d73746172742d73797374656d2d73657276657200000000000000000000000000000000000000000000000000", "id": "1698656847" } }
W/dalvikvm(  225): DroidBox: { "FdAccess": { "path": "2f70726f632f36362f636d646c696e65", "id": "1142726249" } }
W/DroidBox(  225): DroidBox: { "FileRW": { "operation": "read", "data": "2f73797374656d2f62696e2f73680073746f7265002f646174612f6d6973632f6b657973746f72650000696e002d2d7a79676f7465002d2d73746172742d73797374656d2d73657276657200000000000000000000000000000000000000000000000000", "id": "1142726249" } }
W/dalvikvm(  225): DroidBox: { "FdAccess": { "path": "2f70726f632f36372f636d646c696e65", "id": "1738746517" } }
W/DroidBox(  225): DroidBox: { "FileRW": { "operation": "read", "data": "2f7362696e2f61646264002f73680073746f7265002f646174612f6d6973632f6b657973746f72650000696e002d2d7a79676f7465002d2d73746172742d73797374656d2d73657276657200000000000000000000000000000000000000000000000000", "id": "1738746517" } }
W/dalvikvm(  225): DroidBox: { "FdAccess": { "path": "2f70726f632f3232322f636d646c696e65", "id": "1170454843" } }
W/DroidBox(  225): DroidBox: { "FileRW": { "operation": "read", "data": "2f7362696e2f61646264002f73680073746f7265002f646174612f6d6973632f6b657973746f72650000696e002d2d7a79676f7465002d2d73746172742d73797374656d2d73657276657200000000000000000000000000000000000000000000000000", "id": "1170454843" } }
W/dalvikvm(  225): DroidBox: { "FdAccess": { "path": "2f70726f632f3232352f636d646c696e65", "id": "864491553" } }
W/DroidBox(  225): DroidBox: { "FileRW": { "operation": "read", "data": "73797374656d5f736572766572000000000000000000000000000000000000000000000000000000000000000000000000000000000000000000000000000000000000000000000000000000000000000000000000000000000000000000000000000000", "id": "864491553" } }
W/dalvikvm(  225): DroidBox: { "FdAccess": { "path": "2f70726f632f3432312f636d646c696e65", "id": "1290850738" } }
W/DroidBox(  225): DroidBox: { "FileRW": { "operation": "read", "data": "636f6d2e616e64726f69642e73797374656d75690000000000000000000000000000000000000000000000000000000000000000000000000000000000000000000000000000000000000000000000000000000000000000000000000000000000000000", "id": "1290850738" } }
W/dalvikvm(  225): DroidBox: { "FdAccess": { "path": "2f70726f632f3437342f636d646c696e65", "id": "2052868778" } }
W/DroidBox(  225): DroidBox: { "FileRW": { "operation": "read", "data": "636f6d2e616e64726f69642e696e7075746d6574686f642e6c6174696e0000000000000000000000000000000000000000000000000000000000000000000000000000000000000000000000000000000000000000000000000000000000000000000000", "id": "2052868778" } }
W/dalvikvm(  225): DroidBox: { "FdAccess": { "path": "2f70726f632f3439322f636d646c696e65", "id": "243914295" } }
W/DroidBox(  225): DroidBox: { "FileRW": { "operation": "read", "data": "636f6d2e616e64726f69642e70686f6e650000000000000000000000000000000000000000000000000000000000000000000000000000000000000000000000000000000000000000000000000000000000000000000000000000000000000000000000", "id": "243914295" } }
W/dalvikvm(  225): DroidBox: { "FdAccess": { "path": "2f70726f632f3530342f636d646c696e65", "id": "1490378274" } }
W/DroidBox(  225): DroidBox: { "FileRW": { "operation": "read", "data": "636f6d2e616e64726f69642e73657474696e67730000000000000000000000000000000000000000000000000000000000000000000000000000000000000000000000000000000000000000000000000000000000000000000000000000000000000000", "id": "1490378274" } }
W/dalvikvm(  225): DroidBox: { "FdAccess": { "path": "2f70726f632f3534352f636d646c696e65", "id": "1680428203" } }
W/DroidBox(  225): DroidBox: { "FileRW": { "operation": "read", "data": "636f6d2e616e64726f69642e736d7370757368000000000000000000000000000000000000000000000000000000000000000000000000000000000000000000000000000000000000000000000000000000000000000000000000000000000000000000", "id": "1680428203" } }
W/dalvikvm(  225): DroidBox: { "FdAccess": { "path": "2f70726f632f3535382f636d646c696e65", "id": "1396514796" } }
W/DroidBox(  225): DroidBox: { "FileRW": { "operation": "read", "data": "616e64726f69642e70726f636573732e61636f726500000000000000000000000000000000000000000000000000000000000000000000000000000000000000000000000000000000000000000000000000000000000000000000000000000000000000", "id": "1396514796" } }
W/dalvikvm(  225): DroidBox: { "FdAccess": { "path": "2f70726f632f3630342f636d646c696e65", "id": "1213101936" } }
W/DroidBox(  225): DroidBox: { "FileRW": { "operation": "read", "data": "636f6d2e616e64726f69642e63616c656e6461720000000000000000000000000000000000000000000000000000000000000000000000000000000000000000000000000000000000000000000000000000000000000000000000000000000000000000", "id": "1213101936" } }
W/dalvikvm(  225): DroidBox: { "FdAccess": { "path": "2f70726f632f3632392f636d646c696e65", "id": "1984577017" } }
W/DroidBox(  225): DroidBox: { "FileRW": { "operation": "read", "data": "636f6d2e616e64726f69642e6c61756e636865720000000000000000000000000000000000000000000000000000000000000000000000000000000000000000000000000000000000000000000000000000000000000000000000000000000000000000", "id": "1984577017" } }
W/dalvikvm(  225): DroidBox: { "FdAccess": { "path": "2f70726f632f3635302f636d646c696e65", "id": "54915620" } }
W/DroidBox(  225): DroidBox: { "FileRW": { "operation": "read", "data": "636f6d2e616e64726f69642e6465736b636c6f636b00000000000000000000000000000000000000000000000000000000000000000000000000000000000000000000000000000000000000000000000000000000000000000000000000000000000000", "id": "54915620" } }
W/dalvikvm(  225): DroidBox: { "FdAccess": { "path": "2f70726f632f3732302f636d646c696e65", "id": "800733165" } }
W/DroidBox(  225): DroidBox: { "FileRW": { "operation": "read", "data": "636f6d2e616e64726f69642e70726f7669646572732e63616c656e64617200000000000000000000000000000000000000000000000000000000000000000000000000000000000000000000000000000000000000000000000000000000000000000000", "id": "800733165" } }
W/dalvikvm(  225): DroidBox: { "FdAccess": { "path": "2f70726f632f3733332f636d646c696e65", "id": "455810264" } }
W/DroidBox(  225): DroidBox: { "FileRW": { "operation": "read", "data": "636f6d2e616e64726f69642e636f6e74616374730000000000000000000000000000000000000000000000000000000000000000000000000000000000000000000000000000000000000000000000000000000000000000000000000000000000000000", "id": "455810264" } }
W/dalvikvm(  225): DroidBox: { "FdAccess": { "path": "2f70726f632f3738302f636d646c696e65", "id": "649897369" } }
W/DroidBox(  225): DroidBox: { "FileRW": { "operation": "read", "data": "616e64726f69642e70726f636573732e6d6564696100000000000000000000000000000000000000000000000000000000000000000000000000000000000000000000000000000000000000000000000000000000000000000000000000000000000000", "id": "649897369" } }
W/dalvikvm(  225): DroidBox: { "FdAccess": { "path": "2f70726f632f3833362f636d646c696e65", "id": "419910696" } }
W/DroidBox(  225): DroidBox: { "FileRW": { "operation": "read", "data": "636f6d2e616e64726f69642e656d61696c0000000000000000000000000000000000000000000000000000000000000000000000000000000000000000000000000000000000000000000000000000000000000000000000000000000000000000000000", "id": "419910696" } }
W/dalvikvm(  225): DroidBox: { "FdAccess": { "path": "2f70726f632f3837332f636d646c696e65", "id": "1373883723" } }
W/DroidBox(  225): DroidBox: { "FileRW": { "operation": "read", "data": "636f6d2e616e64726f69642e646566636f6e7461696e657200000000000000000000000000000000000000000000000000000000000000000000000000000000000000000000000000000000000000000000000000000000000000000000000000000000", "id": "1373883723" } }
W/dalvikvm(  225): DroidBox: { "FdAccess": { "path": "2f70726f632f3838342f636d646c696e65", "id": "2094601671" } }
W/DroidBox(  225): DroidBox: { "FileRW": { "operation": "read", "data": "636f6d2e616e64726f69642e65786368616e67650000000000000000000000000000000000000000000000000000000000000000000000000000000000000000000000000000000000000000000000000000000000000000000000000000000000000000", "id": "2094601671" } }
W/dalvikvm(  225): DroidBox: { "FdAccess": { "path": "2f70726f632f3930332f636d646c696e65", "id": "1698185434" } }
W/DroidBox(  225): DroidBox: { "FileRW": { "operation": "read", "data": "636f6d2e616e64726f69642e67616c6c657279336400000000000000000000000000000000000000000000000000000000000000000000000000000000000000000000000000000000000000000000000000000000000000000000000000000000000000", "id": "1698185434" } }
W/dalvikvm(  225): DroidBox: { "FdAccess": { "path": "2f70726f632f3933322f636d646c696e65", "id": "1775043901" } }
W/DroidBox(  225): DroidBox: { "FileRW": { "operation": "read", "data": "636f6d2e616e64726f69642e6d6d7300000000000000000000000000000000000000000000000000000000000000000000000000000000000000000000000000000000000000000000000000000000000000000000000000000000000000000000000000", "id": "1775043901" } }
W/dalvikvm(  225): DroidBox: { "FdAccess": { "path": "2f70726f632f3937322f636d646c696e65", "id": "166013656" } }
W/DroidBox(  225): DroidBox: { "FileRW": { "operation": "read", "data": "636f6d2e616e64726f69642e636f6d6d616e64732e6d6f6e6b657900000000000000000000000000000000000000000000000000000000000000000000000000000000000000000000000000000000000000000000000000000000000000000000000000", "id": "166013656" } }
W/dalvikvm(  225): DroidBox: { "FdAccess": { "path": "2f70726f632f3937332f636d646c696e65", "id": "932013235" } }
W/DroidBox(  225): DroidBox: { "FileRW": { "operation": "read", "data": "6c6f676361740044726f6964426f783a570064616c76696b766d3a570041637469766974794d616e616765723a49000000000000000000000000000000000000000000000000000000000000000000000000000000000000000000000000000000000000", "id": "932013235" } }
W/dalvikvm(  225): DroidBox: { "FdAccess": { "path": "2f70726f632f3937352f636d646c696e65", "id": "1307099638" } }
W/DroidBox(  225): DroidBox: { "FileRW": { "operation": "read", "data": "2f73797374656d2f62696e2f7368002d63007368202e2f7364636172642f65786563757465537472616365496e2e736800000000000000000000000000000000000000000000000000000000000000000000000000000000000000000000000000000000", "id": "1307099638" } }
W/dalvikvm(  225): DroidBox: { "FdAccess": { "path": "2f70726f632f3937372f636d646c696e65", "id": "988932025" } }
W/DroidBox(  225): DroidBox: { "FileRW": { "operation": "read", "data": "7368002e2f7364636172642f65786563757465537472616365496e2e736800786563757465537472616365496e2e736800000000000000000000000000000000000000000000000000000000000000000000000000000000000000000000000000000000", "id": "988932025" } }
W/dalvikvm(  225): DroidBox: { "FdAccess": { "path": "2f70726f632f3937382f636d646c696e65", "id": "2077490683" } }
W/DroidBox(  225): DroidBox: { "FileRW": { "operation": "read", "data": "737472616365002d70003630002d66002d747446002d6f002f7364636172642f306335663666373437333536393266636538373664383663393564333663373464663838656563393634373835333539306565386563396231666162666365312e61706b", "id": "2077490683" } }
W/dalvikvm(  225): DroidBox: { "FdAccess": { "path": "2f70726f632f3938322f636d646c696e65", "id": "1442552312" } }
W/DroidBox(  225): DroidBox: { "FileRW": { "operation": "read", "data": "636f6d2e616e64726f69642e766f6963656469616c6572000000000000000000000000000000000000000000000000000000000000000000000000000000000000000000000000000000000035333539306565386563396231666162666365312e61706b", "id": "1442552312" } }
W/dalvikvm(  225): DroidBox: { "FdAccess": { "path": "2f70726f632f313030362f636d646c696e65", "id": "956954118" } }
W/DroidBox(  225): DroidBox: { "FileRW": { "operation": "read", "data": "636f6d2e636f6e766572746f6d616e2e70726f696e0000000000000000000000000000000000000000000000000000000000000000000000000000000000000000000000000000000000000035333539306565386563396231666162666365312e61706b", "id": "956954118" } }
W/dalvikvm(  225): DroidBox: { "FdAccess": { "path": "2f70726f632f313033332f636d646c696e65", "id": "635083287" } }
W/DroidBox(  225): DroidBox: { "FileRW": { "operation": "read", "data": "636f6d2e616e64726f69642e6d75736963667800000000000000000000000000000000000000000000000000000000000000000000000000000000000000000000000000000000000000000035333539306565386563396231666162666365312e61706b", "id": "635083287" } }
W/dalvikvm(  225): DroidBox: { "FdAccess": { "path": "2f70726f632f313034352f636d646c696e65", "id": "982751339" } }
W/DroidBox(  225): DroidBox: { "FileRW": { "operation": "read", "data": "636f6d2e73766f782e7069636f00000000000000000000000000000000000000000000000000000000000000000000000000000000000000000000000000000000000000000000000000000035333539306565386563396231666162666365312e61706b", "id": "982751339" } }
W/dalvikvm(  225): DroidBox: { "FdAccess": { "path": "2f70726f632f313035382f636d646c696e65", "id": "1763851835" } }
W/DroidBox(  225): DroidBox: { "FileRW": { "operation": "read", "data": "636f6d2e616e64726f69642e717569636b736561726368626f78000000000000000000000000000000000000000000000000000000000000000000000000000000000000000000000000000035333539306565386563396231666162666365312e61706b", "id": "1763851835" } }
E/WVMExtractor(   62): Failed to open libwvm.so
E/WVMExtractor(   62): Failed to open libwvm.so
W/BackupManagerService(  225): dataChanged but no participant pkg='com.android.providers.settings' uid=10011
I/Process (  225): Sending signal. PID: 780 SIG: 3
E/WVMExtractor(   62): Failed to open libwvm.so
I/Process (  225): Sending signal. PID: 558 SIG: 3
E/ActivityManager(  225): ANR in com.convertoman.proin (com.convertoman.proin/.ProinActivity)
E/ActivityManager(  225): Reason: keyDispatchingTimedOut
E/ActivityManager(  225): Load: 11.83 / 3.91 / 1.39
E/ActivityManager(  225): CPU usage from 6517ms to 927ms ago:
E/ActivityManager(  225):   76% 1006/com.convertoman.proin: 74% user + 1.2% kernel / faults: 111 minor
E/ActivityManager(  225):   6.9% 62/mediaserver: 0% user + 6.9% kernel
E/ActivityManager(  225):   5.1% 558/android.process.acore: 4.8% user + 0.3% kernel / faults: 177 minor
E/ActivityManager(  225):   4.6% 978/strace: 1.6% user + 3% kernel
E/ActivityManager(  225):   2.5% 59/surfaceflinger: 2.5% user + 0% kernel
E/ActivityManager(  225):   1.7% 225/system_server: 1% user + 0.7% kernel
E/ActivityManager(  225):   0.1% 421/com.android.systemui: 0.1% user + 0% kernel
E/ActivityManager(  225):   0.5% 492/com.android.phone: 0.1% user + 0.3% kernel / faults: 10 minor
E/ActivityManager(  225):   0.5% 973/logcat: 0.1% user + 0.3% kernel
E/ActivityManager(  225):   0.3% 67/adbd: 0% user + 0.3% kernel / faults: 56 minor
E/ActivityManager(  225):   0.3% 972/com.android.commands.monkey: 0.3% user + 0% kernel / faults: 4 minor
E/ActivityManager(  225):   0% 26/mtdblock1: 0% user + 0% kernel
E/ActivityManager(  225):   0.1% 780/android.process.media: 0.1% user + 0% kernel / faults: 18 minor
E/ActivityManager(  225): 100% TOTAL: 90% user + 9% kernel
E/ActivityManager(  225): CPU usage from 3129ms to 3685ms later:
E/ActivityManager(  225):   50% 62/mediaserver: 0% user + 50% kernel
E/ActivityManager(  225):     46% 348/Binder_2: 17% user + 28% kernel
E/ActivityManager(  225):     3.5% 62/mediaserver: 1.7% user + 1.7% kernel
E/ActivityManager(  225):   13% 780/android.process.media: 9% user + 4% kernel / faults: 116 minor
E/ActivityManager(  225):     12% 945/MediaScannerSer: 8% user + 4% kernel
E/ActivityManager(  225):     1% 823/thumbs thread: 1% user + 0% kernel
E/ActivityManager(  225):   16% 225/system_server: 12% user + 3.6% kernel / faults: 3 minor
E/ActivityManager(  225):     7.2% 336/InputDispatcher: 3.6% user + 3.6% kernel
E/ActivityManager(  225):     3.6% 328/PowerManagerSer: 3.6% user + 0% kernel
E/ActivityManager(  225):     1.8% 599/Binder_8: 1.8% user + 0% kernel
E/ActivityManager(  225):     1.8% 928/Binder_C: 1.8% user + 0% kernel
E/ActivityManager(  225):     1.8% 929/Binder_D: 1.8% user + 0% kernel
E/ActivityManager(  225):   2.2% 558/android.process.acore: 0.7% user + 1.5% kernel
E/ActivityManager(  225):     2.2% 618/ContactsProvide: 0.7% user + 1.5% kernel
E/ActivityManager(  225):   3.5% 40/jbd2/mtdblock1-: 0% user + 3.5% kernel
E/ActivityManager(  225): 100% TOTAL: 45% user + 54% kernel
I/InputDispatcher(  225): Window 'Window{b40eed48 com.convertoman.proin/com.convertoman.proin.ProinActivity paused=false}' spent 13849.3ms processing the last input event: MotionEvent(action=0, deviceId=0, source=0x00001002)
I/InputDispatcher(  225): Window 'Window{b40eed48 com.convertoman.proin/com.convertoman.proin.ProinActivity paused=false}' spent 13844.0ms processing the last input event: MotionEvent(action=1, deviceId=0, source=0x00001002)
I/InputDispatcher(  225): Window 'Window{b40eed48 com.convertoman.proin/com.convertoman.proin.ProinActivity paused=false}' spent 13822.4ms processing the last input event: MotionEvent(action=0, deviceId=0, source=0x00001002)
I/InputDispatcher(  225): Window 'Window{b40eed48 com.convertoman.proin/com.convertoman.proin.ProinActivity paused=false}' spent 13816.8ms processing the last input event: MotionEvent(action=1, deviceId=0, source=0x00001002)
W/dalvikvm(  225): DroidBox: { "FdAccess": { "path": "2f646174612f616e722f7472616365732e747874", "id": "92064415" } }
W/DroidBox(  225): DroidBox: { "FileRW": { "operation": "read", "data": "0a0a2d2d2d2d2d207069642032323520617420323032342d30382d32362032333a30323a3334202d2d2d2d2d0a436d64206c696e653a2073797374656d5f7365727665720a0a44414c56494b20544852454144533a0a286d7574657865733a20746c6c3d", "id": "92064415" } }
I/dalvikvm-heap(  225): Grow heap (frag case) to 12.708MB for 393236-byte allocation
I/dalvikvm-heap(  225): Grow heap (frag case) to 12.708MB for 262190-byte allocation
E/MetadataRetrieverClient(   62): failed to extract an album art
E/WVMExtractor(   62): Failed to open libwvm.so
E/WVMExtractor(   62): Failed to open libwvm.so
E/WVMExtractor(   62): Failed to open libwvm.so
E/WVMExtractor(   62): Failed to open libwvm.so
E/WVMExtractor(   62): Failed to open libwvm.so
E/WVMExtractor(   62): Failed to open libwvm.so
E/WVMExtractor(   62): Failed to open libwvm.so
E/WVMExtractor(   62): Failed to open libwvm.so
E/WVMExtractor(   62): Failed to open libwvm.so
E/WVMExtractor(   62): Failed to open libwvm.so
E/WVMExtractor(   62): Failed to open libwvm.so
E/WVMExtractor(   62): Failed to open libwvm.so
E/WVMExtractor(   62): Failed to open libwvm.so
W/BackupManagerService(  225): dataChanged but no participant pkg='com.android.providers.settings' uid=1001
E/WVMExtractor(   62): Failed to open libwvm.so
E/WVMExtractor(   62): Failed to open libwvm.so
E/WVMExtractor(   62): Failed to open libwvm.so
E/WVMExtractor(   62): Failed to open libwvm.so
E/WVMExtractor(   62): Failed to open libwvm.so
E/WVMExtractor(   62): Failed to open libwvm.so
E/WVMExtractor(   62): Failed to open libwvm.so
E/WVMExtractor(   62): Failed to open libwvm.so
E/WVMExtractor(   62): Failed to open libwvm.so
E/WVMExtractor(   62): Failed to open libwvm.so
E/WVMExtractor(   62): Failed to open libwvm.so
E/WVMExtractor(   62): Failed to open libwvm.so
E/WVMExtractor(   62): Failed to open libwvm.so
E/WVMExtractor(   62): Failed to open libwvm.so
E/WVMExtractor(   62): Failed to open libwvm.so
E/WVMExtractor(   62): Failed to open libwvm.so
E/WVMExtractor(   62): Failed to open libwvm.so
