D/InputEventConsistencyVerifier(  423): KeyEvent: ACTION_UP but key was not down.
D/InputEventConsistencyVerifier(  423):   in com.android.systemui.statusbar.phone.StatusBarWindowView@b3db3300
D/InputEventConsistencyVerifier(  423):   0: sent at 238023000000, KeyEvent { action=ACTION_UP, keyCode=KEYCODE_DPAD_LEFT, scanCode=0, metaState=0, flags=0x8, repeatCount=0, eventTime=238023, downTime=238023, deviceId=-1, source=0x101 }
D/InputEventConsistencyVerifier(  423):   -- recent events --
D/InputEventConsistencyVerifier(  423):   1: sent at 237990000000, MotionEvent { action=ACTION_UP, id[0]=0, x[0]=205.0, y[0]=340.0, toolType[0]=TOOL_TYPE_UNKNOWN, buttonState=0, metaState=0, flags=0x0, edgeFlags=0x0, pointerCount=1, historySize=0, eventTime=237990, downTime=237948, deviceId=0, source=0x1002 }
D/InputEventConsistencyVerifier(  423):   2: sent at 237948000000, MotionEvent { action=ACTION_DOWN, id[0]=0, x[0]=197.0, y[0]=324.0, toolType[0]=TOOL_TYPE_UNKNOWN, buttonState=0, metaState=0, flags=0x0, edgeFlags=0x0, pointerCount=1, historySize=0, eventTime=237948, downTime=237948, deviceId=0, source=0x1002 }
D/InputEventConsistencyVerifier(  423):   3: sent at 237930000000, (unhandled) KeyEvent { action=ACTION_UP, keyCode=KEYCODE_DPAD_UP, scanCode=0, metaState=0, flags=0x8, repeatCount=0, eventTime=237930, downTime=237930, deviceId=-1, source=0x101 }
D/InputEventConsistencyVerifier(  423):   4: sent at 237920000000, (unhandled) KeyEvent { action=ACTION_DOWN, keyCode=KEYCODE_DPAD_UP, scanCode=0, metaState=0, flags=0x8, repeatCount=0, eventTime=237920, downTime=237920, deviceId=-1, source=0x101 }
D/InputEventConsistencyVerifier(  423):   5: sent at 237929000000, (unhandled) KeyEvent { action=ACTION_UP, keyCode=KEYCODE_DPAD_RIGHT, scanCode=0, metaState=0, flags=0x400, repeatCount=0, eventTime=237929, downTime=237929, deviceId=-1, source=0x101 }
D/InputEventConsistencyVerifier(  423): KeyEvent: ACTION_UP but key was not down.
D/InputEventConsistencyVerifier(  423):   in com.android.systemui.statusbar.phone.StatusBarWindowView@b3db3300
D/InputEventConsistencyVerifier(  423):   0: sent at 238133000000, KeyEvent { action=ACTION_UP, keyCode=KEYCODE_DPAD_UP, scanCode=0, metaState=0, flags=0x8, repeatCount=0, eventTime=238133, downTime=238133, deviceId=-1, source=0x101 }
D/InputEventConsistencyVerifier(  423):   -- recent events --
D/InputEventConsistencyVerifier(  423):   1: sent at 238118000000, MotionEvent { action=ACTION_UP, id[0]=0, x[0]=144.0, y[0]=181.0, toolType[0]=TOOL_TYPE_UNKNOWN, buttonState=0, metaState=0, flags=0x0, edgeFlags=0x0, pointerCount=1, historySize=0, eventTime=238118, downTime=238070, deviceId=0, source=0x1002 }
D/InputEventConsistencyVerifier(  423):   2: sent at 238116000000, MotionEvent { action=ACTION_POINTER_UP(1), id[0]=0, x[0]=138.0, y[0]=194.0, toolType[0]=TOOL_TYPE_UNKNOWN, id[1]=1, x[1]=192.0, y[1]=713.0, toolType[1]=TOOL_TYPE_UNKNOWN, buttonState=0, metaState=0, flags=0x0, edgeFlags=0x0, pointerCount=2, historySize=0, eventTime=238116, downTime=238070, deviceId=0, source=0x1002 }
D/InputEventConsistencyVerifier(  423):   3: sent at 238114000000, MotionEvent { action=ACTION_MOVE, id[0]=0, x[0]=125.0, y[0]=196.0, toolType[0]=TOOL_TYPE_UNKNOWN, id[1]=1, x[1]=210.0, y[1]=709.0, toolType[1]=TOOL_TYPE_UNKNOWN, buttonState=0, metaState=0, flags=0x0, edgeFlags=0x0, pointerCount=2, historySize=1, eventTime=238114, downTime=238070, deviceId=0, source=0x1002 }
D/InputEventConsistencyVerifier(  423):   4: sent at 238077000000, MotionEvent { action=ACTION_POINTER_DOWN(1), id[0]=0, x[0]=109.0, y[0]=218.0, toolType[0]=TOOL_TYPE_UNKNOWN, id[1]=1, x[1]=216.0, y[1]=695.0, toolType[1]=TOOL_TYPE_UNKNOWN, buttonState=0, metaState=0, flags=0x0, edgeFlags=0x0, pointerCount=2, historySize=0, eventTime=238077, downTime=238070, deviceId=0, source=0x1002 }
D/InputEventConsistencyVerifier(  423):   5: sent at 238073000000, MotionEvent { action=ACTION_DOWN, id[0]=0, x[0]=95.0, y[0]=226.0, toolType[0]=TOOL_TYPE_UNKNOWN, buttonState=0, metaState=0, flags=0x0, edgeFlags=0x0, pointerCount=1, historySize=0, eventTime=238073, downTime=238070, deviceId=0, source=0x1002 }
D/InputEventConsistencyVerifier(  423): TouchEvent: ACTION_DOWN but pointers are already down.  Probably missing ACTION_UP from previous gesture.
D/InputEventConsistencyVerifier(  423):   in android.view.ScaleGestureDetector@b3e53018
D/InputEventConsistencyVerifier(  423):   0: sent at 238165000000, MotionEvent { action=ACTION_DOWN, id[0]=0, x[0]=350.0, y[0]=170.0, toolType[0]=TOOL_TYPE_UNKNOWN, buttonState=0, metaState=0, flags=0x0, edgeFlags=0x0, pointerCount=1, historySize=0, eventTime=238165, downTime=238164, deviceId=0, source=0x1002 }
D/InputEventConsistencyVerifier(  423):   -- recent events --
D/InputEventConsistencyVerifier(  423):   1: sent at 238114000000, MotionEvent { action=ACTION_MOVE, id[0]=0, x[0]=125.0, y[0]=196.0, toolType[0]=TOOL_TYPE_UNKNOWN, id[1]=1, x[1]=210.0, y[1]=709.0, toolType[1]=TOOL_TYPE_UNKNOWN, buttonState=0, metaState=0, flags=0x0, edgeFlags=0x0, pointerCount=2, historySize=1, eventTime=238114, downTime=238070, deviceId=0, source=0x1002 }
D/InputEventConsistencyVerifier(  423):   2: sent at 238077000000, MotionEvent { action=ACTION_POINTER_DOWN(1), id[0]=0, x[0]=109.0, y[0]=218.0, toolType[0]=TOOL_TYPE_UNKNOWN, id[1]=1, x[1]=216.0, y[1]=695.0, toolType[1]=TOOL_TYPE_UNKNOWN, buttonState=0, metaState=0, flags=0x0, edgeFlags=0x0, pointerCount=2, historySize=0, eventTime=238077, downTime=238070, deviceId=0, source=0x1002 }
D/InputEventConsistencyVerifier(  423):   3: sent at 238073000000, MotionEvent { action=ACTION_DOWN, id[0]=0, x[0]=95.0, y[0]=226.0, toolType[0]=TOOL_TYPE_UNKNOWN, buttonState=0, metaState=0, flags=0x0, edgeFlags=0x0, pointerCount=1, historySize=0, eventTime=238073, downTime=238070, deviceId=0, source=0x1002 }
D/InputEventConsistencyVerifier(  423):   4: sent at 237990000000, MotionEvent { action=ACTION_UP, id[0]=0, x[0]=205.0, y[0]=340.0, toolType[0]=TOOL_TYPE_UNKNOWN, buttonState=0, metaState=0, flags=0x0, edgeFlags=0x0, pointerCount=1, historySize=0, eventTime=237990, downTime=237948, deviceId=0, source=0x1002 }
D/InputEventConsistencyVerifier(  423):   5: sent at 237948000000, MotionEvent { action=ACTION_DOWN, id[0]=0, x[0]=197.0, y[0]=324.0, toolType[0]=TOOL_TYPE_UNKNOWN, buttonState=0, metaState=0, flags=0x80000000, edgeFlags=0x0, pointerCount=1, historySize=0, eventTime=237948, downTime=237948, deviceId=0, source=0x1002 }
I/ActivityManager(  228): START {act=android.settings.SETTINGS flg=0x10000000 cmp=com.android.settings/.Settings u=0} from pid 423
I/ActivityManager(  228): START {act=android.intent.action.MAIN cat=[android.intent.category.HOME] flg=0x10200000 cmp=com.android.launcher/com.android.launcher2.Launcher u=0} from pid 228
W/dalvikvm(  423): DroidBox: { "FdAccess": { "path": "2f70726f632f6d656d696e666f", "id": "1449172403" } }
W/DroidBox(  423): DroidBox: { "FileRW": { "operation": "read", "data": "4d656d546f74616c3a202020202020202020373438393634206b420a4d656d467265653a20202020202020202020343535323732206b420a427566666572733a20202020202020202020202035353634206b420a4361636865643a202020202020202020", "id": "1449172403" } }
W/dalvikvm(  423): DroidBox: { "FdAccess": { "path": "2f70726f632f6d656d696e666f", "id": "19130718" } }
W/DroidBox(  423): DroidBox: { "FileRW": { "operation": "read", "data": "4d656d546f74616c3a202020202020202020373438393634206b420a4d656d467265653a20202020202020202020343535323732206b420a427566666572733a20202020202020202020202035353634206b420a4361636865643a202020202020202020", "id": "19130718" } }
D/InputEventConsistencyVerifier(  423): KeyEvent: ACTION_UP but key was not down.
D/InputEventConsistencyVerifier(  423):   in com.android.systemui.statusbar.phone.StatusBarWindowView@b3db3300
D/InputEventConsistencyVerifier(  423):   0: sent at 238656000000, KeyEvent { action=ACTION_UP, keyCode=KEYCODE_DPAD_DOWN, scanCode=0, metaState=0, flags=0x8, repeatCount=0, eventTime=238656, downTime=238656, deviceId=-1, source=0x101 }
D/InputEventConsistencyVerifier(  423):   -- recent events --
D/InputEventConsistencyVerifier(  423):   1: sent at 238509000000, (unhandled) KeyEvent { action=ACTION_UP, keyCode=KEYCODE_MENU, scanCode=0, metaState=0, flags=0x8, repeatCount=0, eventTime=238509, downTime=238509, deviceId=-1, source=0x101 }
D/InputEventConsistencyVerifier(  423):   2: sent at 238505000000, (unhandled) KeyEvent { action=ACTION_DOWN, keyCode=KEYCODE_MENU, scanCode=0, metaState=0, flags=0x8, repeatCount=0, eventTime=238505, downTime=238505, deviceId=-1, source=0x101 }
D/InputEventConsistencyVerifier(  423):   3: sent at 238250000000, (unhandled) KeyEvent { action=ACTION_UP, keyCode=KEYCODE_BUTTON_START, scanCode=0, metaState=0, flags=0x8, repeatCount=0, eventTime=238250, downTime=238250, deviceId=-1, source=0x101 }
D/InputEventConsistencyVerifier(  423):   4: sent at 238186000000, (unhandled) KeyEvent { action=ACTION_DOWN, keyCode=KEYCODE_BUTTON_START, scanCode=0, metaState=0, flags=0x8, repeatCount=0, eventTime=238186, downTime=238186, deviceId=-1, source=0x101 }
D/InputEventConsistencyVerifier(  423):   5: sent at 238181000000, MotionEvent { action=ACTION_UP, id[0]=0, x[0]=363.0, y[0]=5.0, toolType[0]=TOOL_TYPE_UNKNOWN, buttonState=0, metaState=0, flags=0x0, edgeFlags=0x0, pointerCount=1, historySize=0, eventTime=238181, downTime=238175, deviceId=0, source=0x1002 }
I/Choreographer(  423): Skipped 80 frames!  The application may be doing too much work on its main thread.
W/dalvikvm(  423): DroidBox: { "FdAccess": { "path": "2f70726f632f6d656d696e666f", "id": "604373837" } }
W/DroidBox(  423): DroidBox: { "FileRW": { "operation": "read", "data": "4d656d546f74616c3a202020202020202020373438393634206b420a4d656d467265653a20202020202020202020343535323732206b420a427566666572733a20202020202020202020202035353634206b420a4361636865643a202020202020202020", "id": "604373837" } }
W/dalvikvm(  423): DroidBox: { "FdAccess": { "path": "2f70726f632f6d656d696e666f", "id": "1482395462" } }
W/DroidBox(  423): DroidBox: { "FileRW": { "operation": "read", "data": "4d656d546f74616c3a202020202020202020373438393634206b420a4d656d467265653a20202020202020202020343535323732206b420a427566666572733a20202020202020202020202035353634206b420a4361636865643a202020202020202020", "id": "1482395462" } }
D/InputEventConsistencyVerifier(  423): KeyEvent: ACTION_UP but key was not down.
D/InputEventConsistencyVerifier(  423):   in com.android.systemui.statusbar.phone.PhoneStatusBarView@b3db5298
D/InputEventConsistencyVerifier(  423):   0: sent at 238904000000, KeyEvent { action=ACTION_UP, keyCode=KEYCODE_BUTTON_14, scanCode=0, metaState=0, flags=0x8, repeatCount=0, eventTime=238904, downTime=238904, deviceId=-1, source=0x101 }
D/InputEventConsistencyVerifier(  423):   -- recent events --
D/InputEventConsistencyVerifier(  423):   1: sent at 238749000000, (unhandled) KeyEvent { action=ACTION_UP, keyCode=KEYCODE_DPAD_CENTER, scanCode=0, metaState=0, flags=0x8, repeatCount=0, eventTime=238749, downTime=238749, deviceId=-1, source=0x101 }
D/InputEventConsistencyVerifier(  423):   2: sent at 238744000000, (unhandled) KeyEvent { action=ACTION_DOWN, keyCode=KEYCODE_DPAD_CENTER, scanCode=0, metaState=0, flags=0x8, repeatCount=0, eventTime=238744, downTime=238744, deviceId=-1, source=0x101 }
D/InputEventConsistencyVerifier(  423):   3: sent at 238698000000, (unhandled) KeyEvent { action=ACTION_UP, keyCode=KEYCODE_CTRL_LEFT, scanCode=0, metaState=0, flags=0x8, repeatCount=0, eventTime=238698, downTime=238698, deviceId=-1, source=0x101 }
D/InputEventConsistencyVerifier(  423):   4: sent at 238672000000, (unhandled) KeyEvent { action=ACTION_DOWN, keyCode=KEYCODE_CTRL_LEFT, scanCode=0, metaState=0, flags=0x8, repeatCount=0, eventTime=238672, downTime=238672, deviceId=-1, source=0x101 }
D/InputEventConsistencyVerifier(  423):   5: sent at 238656000000, (unhandled) KeyEvent { action=ACTION_UP, keyCode=KEYCODE_DPAD_DOWN, scanCode=0, metaState=0, flags=0x80000008, repeatCount=0, eventTime=238656, downTime=238656, deviceId=-1, source=0x101 }
D/InputEventConsistencyVerifier(  423): KeyEvent: ACTION_UP but key was not down.
D/InputEventConsistencyVerifier(  423):   in com.android.systemui.statusbar.phone.StatusBarWindowView@b3db3300
D/InputEventConsistencyVerifier(  423):   0: sent at 238904000000, KeyEvent { action=ACTION_UP, keyCode=KEYCODE_DPAD_CENTER, scanCode=0, metaState=0, flags=0x8, repeatCount=0, eventTime=238904, downTime=238904, deviceId=-1, source=0x101 }
D/InputEventConsistencyVerifier(  423):   -- recent events --
D/InputEventConsistencyVerifier(  423):   1: sent at 238904000000, (unhandled) KeyEvent { action=ACTION_UP, keyCode=KEYCODE_BUTTON_14, scanCode=0, metaState=0, flags=0x8, repeatCount=0, eventTime=238904, downTime=238904, deviceId=-1, source=0x101 }
D/InputEventConsistencyVerifier(  423):   2: sent at 238870000000, (unhandled) KeyEvent { action=ACTION_DOWN, keyCode=KEYCODE_BUTTON_14, scanCode=0, metaState=0, flags=0x8, repeatCount=0, eventTime=238870, downTime=238870, deviceId=-1, source=0x101 }
D/InputEventConsistencyVerifier(  423):   3: sent at 238865000000, MotionEvent { action=ACTION_UP, id[0]=0, x[0]=163.0, y[0]=77.0, toolType[0]=TOOL_TYPE_UNKNOWN, buttonState=0, metaState=0, flags=0x0, edgeFlags=0x0, pointerCount=1, historySize=0, eventTime=238865, downTime=238853, deviceId=0, source=0x1002 }
D/InputEventConsistencyVerifier(  423):   4: sent at 238854000000, MotionEvent { action=ACTION_DOWN, id[0]=0, x[0]=177.0, y[0]=82.0, toolType[0]=TOOL_TYPE_UNKNOWN, buttonState=0, metaState=0, flags=0x0, edgeFlags=0x0, pointerCount=1, historySize=0, eventTime=238854, downTime=238853, deviceId=0, source=0x1002 }
D/InputEventConsistencyVerifier(  423):   5: sent at 238839000000, MotionEvent { action=ACTION_UP, id[0]=0, x[0]=204.0, y[0]=99.0, toolType[0]=TOOL_TYPE_UNKNOWN, buttonState=0, metaState=0, flags=0x0, edgeFlags=0x0, pointerCount=1, historySize=0, eventTime=238839, downTime=238826, deviceId=0, source=0x1002 }
I/Choreographer(  423): Skipped 51 frames!  The application may be doing too much work on its main thread.
W/dalvikvm(  423): DroidBox: { "FdAccess": { "path": "2f70726f632f6d656d696e666f", "id": "347118797" } }
W/DroidBox(  423): DroidBox: { "FileRW": { "operation": "read", "data": "4d656d546f74616c3a202020202020202020373438393634206b420a4d656d467265653a20202020202020202020343535323732206b420a427566666572733a20202020202020202020202035353634206b420a4361636865643a202020202020202020", "id": "347118797" } }
W/InputMethodManagerService(  228): Window already focused, ignoring focus gain of: com.android.internal.view.IInputMethodClient$Stub$Proxy@b3e1e270 attribute=null
I/Choreographer(  423): Skipped 38 frames!  The application may be doing too much work on its main thread.
V/PhoneStatusBar(  423): setLightsOn(true)
D/PhoneStatusBar(  423): disable: < expand icons alerts ticker* system_info back home recent clock >
W/InputMethodManagerService(  228): Window already focused, ignoring focus gain of: com.android.internal.view.IInputMethodClient$Stub$Proxy@b40a8a48 attribute=null
I/ActivityManager(  228): START {act=android.intent.action.MAIN cat=[android.intent.category.LAUNCHER] flg=0x10000000 cmp=com.android.contacts/.activities.PeopleActivity sel={act=android.intent.action.MAIN cat=[android.intent.category.APP_CONTACTS]} u=0} from pid 228
I/Choreographer( 1029): Skipped 90 frames!  The application may be doing too much work on its main thread.
D/InputEventConsistencyVerifier( 1029): KeyEvent: ACTION_UP but key was not down.
D/InputEventConsistencyVerifier( 1029):   in android.view.ViewRootImpl@b3d79170
D/InputEventConsistencyVerifier( 1029):   0: sent at 240510000000, KeyEvent { action=ACTION_UP, keyCode=KEYCODE_CONTACTS, scanCode=0, metaState=0, flags=0x8, repeatCount=0, eventTime=240510, downTime=240510, deviceId=-1, source=0x101 }
D/InputEventConsistencyVerifier( 1029):   -- recent events --
D/InputEventConsistencyVerifier( 1029):   1: sent at 240454000000, MotionEvent { action=ACTION_UP, id[0]=0, x[0]=167.0, y[0]=501.0, toolType[0]=TOOL_TYPE_UNKNOWN, buttonState=0, metaState=0, flags=0x0, edgeFlags=0x0, pointerCount=1, historySize=0, eventTime=240454, downTime=240407, deviceId=0, source=0x1002 }
D/InputEventConsistencyVerifier( 1029):   2: sent at 240452000000, MotionEvent { action=ACTION_POINTER_UP(1), id[0]=0, x[0]=164.0, y[0]=498.0, toolType[0]=TOOL_TYPE_UNKNOWN, id[1]=1, x[1]=41.0, y[1]=237.0, toolType[1]=TOOL_TYPE_UNKNOWN, buttonState=0, metaState=0, flags=0x0, edgeFlags=0x0, pointerCount=2, historySize=0, eventTime=240452, downTime=240407, deviceId=0, source=0x1002 }
D/InputEventConsistencyVerifier( 1029):   3: sent at 240450000000, MotionEvent { action=ACTION_MOVE, id[0]=0, x[0]=164.0, y[0]=496.0, toolType[0]=TOOL_TYPE_UNKNOWN, id[1]=1, x[1]=40.0, y[1]=237.0, toolType[1]=TOOL_TYPE_UNKNOWN, buttonState=0, metaState=0, flags=0x0, edgeFlags=0x0, pointerCount=2, historySize=4, eventTime=240450, downTime=240407, deviceId=0, source=0x1002 }
D/InputEventConsistencyVerifier( 1029):   4: sent at 240429000000, MotionEvent { action=ACTION_POINTER_DOWN(1), id[0]=0, x[0]=151.0, y[0]=480.0, toolType[0]=TOOL_TYPE_UNKNOWN, id[1]=1, x[1]=35.0, y[1]=235.0, toolType[1]=TOOL_TYPE_UNKNOWN, buttonState=0, metaState=0, flags=0x0, edgeFlags=0x0, pointerCount=2, historySize=0, eventTime=240429, downTime=240407, deviceId=0, source=0x1002 }
D/InputEventConsistencyVerifier( 1029):   5: sent at 240411000000, MotionEvent { action=ACTION_DOWN, id[0]=0, x[0]=149.0, y[0]=478.0, toolType[0]=TOOL_TYPE_UNKNOWN, buttonState=0, metaState=0, flags=0x0, edgeFlags=0x0, pointerCount=1, historySize=0, eventTime=240411, downTime=240407, deviceId=0, source=0x1002 }
D/InputEventConsistencyVerifier( 1029): TrackballEvent: Trackball is down but pressure is not greater than 0.
D/InputEventConsistencyVerifier( 1029):   in android.view.ViewRootImpl@b3d79170
D/InputEventConsistencyVerifier( 1029):   0: sent at 241550000000, MotionEvent { action=ACTION_DOWN, id[0]=0, x[0]=0.0, y[0]=0.0, toolType[0]=TOOL_TYPE_UNKNOWN, buttonState=0, metaState=0, flags=0x0, edgeFlags=0x0, pointerCount=1, historySize=0, eventTime=241550, downTime=241479, deviceId=0, source=0x10004 }
D/InputEventConsistencyVerifier( 1029):   -- recent events --
D/InputEventConsistencyVerifier( 1029):   1: sent at 241548000000, MotionEvent { action=ACTION_MOVE, id[0]=0, x[0]=-2.0, y[0]=4.0, toolType[0]=TOOL_TYPE_UNKNOWN, buttonState=0, metaState=0, flags=0x0, edgeFlags=0x0, pointerCount=1, historySize=1, eventTime=241548, downTime=-1, deviceId=0, source=0x10004 }
D/InputEventConsistencyVerifier( 1029):   2: sent at 241562000000, KeyEvent { action=ACTION_UP, keyCode=KEYCODE_DPAD_DOWN, scanCode=0, metaState=0, flags=0x400, repeatCount=0, eventTime=241562, downTime=241562, deviceId=-1, source=0x101 }
D/InputEventConsistencyVerifier( 1029):   3: sent at 241562000000, KeyEvent { action=ACTION_DOWN, keyCode=KEYCODE_DPAD_DOWN, scanCode=0, metaState=0, flags=0x400, repeatCount=0, eventTime=241562, downTime=241562, deviceId=-1, source=0x101 }
D/InputEventConsistencyVerifier( 1029):   4: sent at 241561000000, KeyEvent { action=ACTION_UP, keyCode=KEYCODE_DPAD_DOWN, scanCode=0, metaState=0, flags=0x400, repeatCount=0, eventTime=241561, downTime=241561, deviceId=-1, source=0x101 }
D/InputEventConsistencyVerifier( 1029):   5: sent at 241561000000, KeyEvent { action=ACTION_DOWN, keyCode=KEYCODE_DPAD_DOWN, scanCode=0, metaState=0, flags=0x400, repeatCount=0, eventTime=241561, downTime=241561, deviceId=-1, source=0x101 }
W/InputMethodManagerService(  228): Window already focused, ignoring focus gain of: com.android.internal.view.IInputMethodClient$Stub$Proxy@b3e0e6c0 attribute=null
D/InputEventConsistencyVerifier( 1029): KeyEvent: ACTION_UP but key was not down.
D/InputEventConsistencyVerifier( 1029):   in android.view.ViewRootImpl@b3d79170
D/InputEventConsistencyVerifier( 1029):   0: sent at 242524000000, KeyEvent { action=ACTION_UP, keyCode=KEYCODE_LANGUAGE_SWITCH, scanCode=0, metaState=0, flags=0x8, repeatCount=0, eventTime=242524, downTime=242524, deviceId=-1, source=0x101 }
D/InputEventConsistencyVerifier( 1029):   -- recent events --
D/InputEventConsistencyVerifier( 1029):   1: sent at 242451000000, MotionEvent { action=ACTION_UP, id[0]=0, x[0]=20.0, y[0]=56.0, toolType[0]=TOOL_TYPE_UNKNOWN, buttonState=0, metaState=0, flags=0x0, edgeFlags=0x0, pointerCount=1, historySize=0, eventTime=242451, downTime=242425, deviceId=0, source=0x1002 }
D/InputEventConsistencyVerifier( 1029):   2: sent at 242426000000, MotionEvent { action=ACTION_DOWN, id[0]=0, x[0]=34.0, y[0]=60.0, toolType[0]=TOOL_TYPE_UNKNOWN, buttonState=0, metaState=0, flags=0x0, edgeFlags=0x0, pointerCount=1, historySize=0, eventTime=242426, downTime=242425, deviceId=0, source=0x1002 }
D/InputEventConsistencyVerifier( 1029):   3: sent at 241985000000, MotionEvent { action=ACTION_UP, id[0]=0, x[0]=60.0, y[0]=584.0, toolType[0]=TOOL_TYPE_UNKNOWN, buttonState=0, metaState=0, flags=0x0, edgeFlags=0x0, pointerCount=1, historySize=0, eventTime=241985, downTime=241975, deviceId=0, source=0x1002 }
D/InputEventConsistencyVerifier( 1029):   4: sent at 241975000000, MotionEvent { action=ACTION_DOWN, id[0]=0, x[0]=60.0, y[0]=593.0, toolType[0]=TOOL_TYPE_UNKNOWN, buttonState=0, metaState=0, flags=0x0, edgeFlags=0x0, pointerCount=1, historySize=0, eventTime=241975, downTime=241975, deviceId=0, source=0x1002 }
D/InputEventConsistencyVerifier( 1029):   5: sent at 241657000000, KeyEvent { action=ACTION_UP, keyCode=KEYCODE_MENU, scanCode=0, metaState=0, flags=0x8, repeatCount=0, eventTime=241657, downTime=241657, deviceId=-1, source=0x101 }
I/ActivityManager(  228): START {act=android.intent.action.MAIN cat=[android.intent.category.LAUNCHER] flg=0x10200000 cmp=com.jx.theme.n1160524731/com.jx.MainActivity u=0} from pid 991
I/Choreographer( 1029): Skipped 47 frames!  The application may be doing too much work on its main thread.
W/InputMethodManagerService(  228): Window already focused, ignoring focus gain of: com.android.internal.view.IInputMethodClient$Stub$Proxy@b3f64360 attribute=null
I/Choreographer( 1029): Skipped 54 frames!  The application may be doing too much work on its main thread.
I/ActivityManager(  228): START {act=android.intent.action.MAIN cat=[android.intent.category.LAUNCHER] flg=0x10200000 cmp=com.jx.theme.n1160524731/com.jx.MainActivity u=0} from pid 991
I/Choreographer( 1029): Skipped 58 frames!  The application may be doing too much work on its main thread.
W/InputMethodManagerService(  228): Window already focused, ignoring focus gain of: com.android.internal.view.IInputMethodClient$Stub$Proxy@b3fbd6d8 attribute=null
W/DroidBox( 1104): DroidBox: { "ServiceStart": { "name": "com.android.music.MediaPlaybackService" } }
W/DroidBox( 1104): DroidBox: { "ServiceStart": { "name": "com.android.music.MediaPlaybackService" } }
I/AudioService(  228):  AudioFocus  requestAudioFocus() from android.media.AudioManager@b3d92fa0com.android.music.MediaPlaybackService$3@b3d90e18
I/AudioService(  228):   Remote Control   registerMediaButtonIntent() for PendingIntent{b40b5ed0: PendingIntentRecord{b40a3bc0 com.android.music broadcastIntent}}
I/Choreographer( 1029): Skipped 82 frames!  The application may be doing too much work on its main thread.
I/ActivityManager(  228): START {act=android.intent.action.MAIN cat=[android.intent.category.LAUNCHER] flg=0x10200000 cmp=com.jx.theme.n1160524731/com.jx.MainActivity u=0} from pid 991
I/Choreographer( 1029): Skipped 56 frames!  The application may be doing too much work on its main thread.
I/ActivityManager(  228): START {act=android.intent.action.MAIN cat=[android.intent.category.LAUNCHER] flg=0x10000000 cmp=com.android.contacts/.activities.PeopleActivity sel={act=android.intent.action.MAIN cat=[android.intent.category.APP_CONTACTS]} u=0} from pid 228
W/InputMethodManagerService(  228): Window already focused, ignoring focus gain of: com.android.internal.view.IInputMethodClient$Stub$Proxy@b3e035f8 attribute=null
D/InputEventConsistencyVerifier( 1029): TrackballEvent: Trackball is down but pressure is not greater than 0.
D/InputEventConsistencyVerifier( 1029):   in android.view.ViewRootImpl@b3d79170
D/InputEventConsistencyVerifier( 1029):   0: sent at 247760000000, MotionEvent { action=ACTION_DOWN, id[0]=0, x[0]=0.0, y[0]=0.0, toolType[0]=TOOL_TYPE_UNKNOWN, buttonState=0, metaState=0, flags=0x0, edgeFlags=0x0, pointerCount=1, historySize=0, eventTime=247760, downTime=247696, deviceId=0, source=0x10004 }
D/InputEventConsistencyVerifier( 1029):   -- recent events --
D/InputEventConsistencyVerifier( 1029):   1: sent at 247809000000, KeyEvent { action=ACTION_UP, keyCode=KEYCODE_DPAD_RIGHT, scanCode=0, metaState=0, flags=0x400, repeatCount=0, eventTime=247809, downTime=247809, deviceId=-1, source=0x101 }
D/InputEventConsistencyVerifier( 1029):   2: sent at 247809000000, KeyEvent { action=ACTION_DOWN, keyCode=KEYCODE_DPAD_RIGHT, scanCode=0, metaState=0, flags=0x400, repeatCount=0, eventTime=247809, downTime=247809, deviceId=-1, source=0x101 }
D/InputEventConsistencyVerifier( 1029):   3: sent at 247808000000, KeyEvent { action=ACTION_UP, keyCode=KEYCODE_DPAD_RIGHT, scanCode=0, metaState=0, flags=0x400, repeatCount=0, eventTime=247808, downTime=247808, deviceId=-1, source=0x101 }
D/InputEventConsistencyVerifier( 1029):   4: sent at 247808000000, KeyEvent { action=ACTION_DOWN, keyCode=KEYCODE_DPAD_RIGHT, scanCode=0, metaState=0, flags=0x400, repeatCount=0, eventTime=247808, downTime=247808, deviceId=-1, source=0x101 }
D/InputEventConsistencyVerifier( 1029):   5: sent at 247807000000, KeyEvent { action=ACTION_UP, keyCode=KEYCODE_DPAD_RIGHT, scanCode=0, metaState=0, flags=0x400, repeatCount=0, eventTime=247807, downTime=247807, deviceId=-1, source=0x101 }
I/Choreographer( 1029): Skipped 31 frames!  The application may be doing too much work on its main thread.
I/Choreographer( 1029): Skipped 39 frames!  The application may be doing too much work on its main thread.
W/InputMethodManagerService(  228): Window already focused, ignoring focus gain of: com.android.internal.view.IInputMethodClient$Stub$Proxy@b409a9a8 attribute=null
I/Choreographer( 1029): Skipped 59 frames!  The application may be doing too much work on its main thread.
W/InputMethodManagerService(  228): Window already focused, ignoring focus gain of: com.android.internal.view.IInputMethodClient$Stub$Proxy@b3e0b640 attribute=null
D/InputEventConsistencyVerifier(  423): TouchEvent: ACTION_DOWN but pointers are already down.  Probably missing ACTION_UP from previous gesture.
D/InputEventConsistencyVerifier(  423):   in android.view.ScaleGestureDetector@b3e53018
D/InputEventConsistencyVerifier(  423):   0: sent at 252115000000, MotionEvent { action=ACTION_DOWN, id[0]=0, x[0]=119.0, y[0]=10.0, toolType[0]=TOOL_TYPE_UNKNOWN, buttonState=0, metaState=0, flags=0x0, edgeFlags=0x0, pointerCount=1, historySize=0, eventTime=252115, downTime=252115, deviceId=0, source=0x1002 }
D/InputEventConsistencyVerifier(  423):   -- recent events --
D/InputEventConsistencyVerifier(  423):   1: sent at 239059000000, MotionEvent { action=ACTION_DOWN, id[0]=0, x[0]=216.0, y[0]=451.0, toolType[0]=TOOL_TYPE_UNKNOWN, buttonState=0, metaState=0, flags=0x0, edgeFlags=0x0, pointerCount=1, historySize=0, eventTime=239059, downTime=239058, deviceId=0, source=0x1002 }
D/InputEventConsistencyVerifier(  423):   2: sent at 238865000000, MotionEvent { action=ACTION_UP, id[0]=0, x[0]=163.0, y[0]=77.0, toolType[0]=TOOL_TYPE_UNKNOWN, buttonState=0, metaState=0, flags=0x0, edgeFlags=0x0, pointerCount=1, historySize=0, eventTime=238865, downTime=238853, deviceId=0, source=0x1002 }
D/InputEventConsistencyVerifier(  423):   3: sent at 238854000000, MotionEvent { action=ACTION_DOWN, id[0]=0, x[0]=177.0, y[0]=82.0, toolType[0]=TOOL_TYPE_UNKNOWN, buttonState=0, metaState=0, flags=0x0, edgeFlags=0x0, pointerCount=1, historySize=0, eventTime=238854, downTime=238853, deviceId=0, source=0x1002 }
D/InputEventConsistencyVerifier(  423):   4: sent at 238839000000, MotionEvent { action=ACTION_UP, id[0]=0, x[0]=204.0, y[0]=99.0, toolType[0]=TOOL_TYPE_UNKNOWN, buttonState=0, metaState=0, flags=0x0, edgeFlags=0x0, pointerCount=1, historySize=0, eventTime=238839, downTime=238826, deviceId=0, source=0x1002 }
D/InputEventConsistencyVerifier(  423):   5: sent at 238837000000, MotionEvent { action=ACTION_POINTER_UP(1), id[0]=0, x[0]=190.0, y[0]=94.0, toolType[0]=TOOL_TYPE_UNKNOWN, id[1]=1, x[1]=52.0, y[1]=228.0, toolType[1]=TOOL_TYPE_UNKNOWN, buttonState=0, metaState=0, flags=0x0, edgeFlags=0x0, pointerCount=2, historySize=0, eventTime=238837, downTime=238826, deviceId=0, source=0x1002 }
D/InputEventConsistencyVerifier(  423): KeyEvent: ACTION_UP but key was not down.
D/InputEventConsistencyVerifier(  423):   in android.view.ViewRootImpl@b3e44c00
D/InputEventConsistencyVerifier(  423):   0: sent at 252228000000, KeyEvent { action=ACTION_UP, keyCode=KEYCODE_DPAD_UP, scanCode=0, metaState=0, flags=0x8, repeatCount=0, eventTime=252228, downTime=252228, deviceId=-1, source=0x101 }
D/InputEventConsistencyVerifier(  423):   -- recent events --
D/InputEventConsistencyVerifier(  423):   1: sent at 252150000000, MotionEvent { action=ACTION_UP, id[0]=0, x[0]=25.0, y[0]=2.0, toolType[0]=TOOL_TYPE_UNKNOWN, buttonState=0, metaState=0, flags=0x0, edgeFlags=0x0, pointerCount=1, historySize=0, eventTime=252150, downTime=252140, deviceId=0, source=0x1002 }
D/InputEventConsistencyVerifier(  423):   2: sent at 252141000000, MotionEvent { action=ACTION_DOWN, id[0]=0, x[0]=15.0, y[0]=15.0, toolType[0]=TOOL_TYPE_UNKNOWN, buttonState=0, metaState=0, flags=0x0, edgeFlags=0x0, pointerCount=1, historySize=0, eventTime=252141, downTime=252140, deviceId=0, source=0x1002 }
D/InputEventConsistencyVerifier(  423):   3: sent at 252125000000, MotionEvent { action=ACTION_UP, id[0]=0, x[0]=118.0, y[0]=9.0, toolType[0]=TOOL_TYPE_UNKNOWN, buttonState=0, metaState=0, flags=0x0, edgeFlags=0x0, pointerCount=1, historySize=0, eventTime=252125, downTime=252115, deviceId=0, source=0x1002 }
D/InputEventConsistencyVerifier(  423):   4: sent at 252115000000, MotionEvent { action=ACTION_DOWN, id[0]=0, x[0]=119.0, y[0]=10.0, toolType[0]=TOOL_TYPE_UNKNOWN, buttonState=0, metaState=0, flags=0x0, edgeFlags=0x0, pointerCount=1, historySize=0, eventTime=252115, downTime=252115, deviceId=0, source=0x1002 }
D/InputEventConsistencyVerifier(  423):   5: sent at 239085000000, MotionEvent { action=ACTION_UP, id[0]=0, x[0]=253.0, y[0]=395.0, toolType[0]=TOOL_TYPE_UNKNOWN, buttonState=0, metaState=0, flags=0x0, edgeFlags=0x0, pointerCount=1, historySize=0, eventTime=239085, downTime=239058, deviceId=0, source=0x1002 }
I/ActivityManager(  228): START {act=android.intent.action.MAIN cat=[android.intent.category.LAUNCHER] flg=0x10200000 cmp=com.jx.theme.n1160524731/com.jx.MainActivity u=0} from pid 991
D/InputEventConsistencyVerifier(  423): KeyEvent: ACTION_UP but key was not down.
D/InputEventConsistencyVerifier(  423):   in com.android.systemui.statusbar.phone.StatusBarWindowView@b3db3300
D/InputEventConsistencyVerifier(  423):   0: sent at 252381000000, KeyEvent { action=ACTION_UP, keyCode=KEYCODE_DPAD_DOWN, scanCode=0, metaState=0, flags=0x8, repeatCount=0, eventTime=252381, downTime=252381, deviceId=-1, source=0x101 }
D/InputEventConsistencyVerifier(  423):   -- recent events --
D/InputEventConsistencyVerifier(  423):   1: sent at 252228000000, (unhandled) KeyEvent { action=ACTION_UP, keyCode=KEYCODE_DPAD_UP, scanCode=0, metaState=0, flags=0x80000008, repeatCount=0, eventTime=252228, downTime=252228, deviceId=-1, source=0x101 }
D/InputEventConsistencyVerifier(  423):   2: sent at 252150000000, MotionEvent { action=ACTION_UP, id[0]=0, x[0]=25.0, y[0]=2.0, toolType[0]=TOOL_TYPE_UNKNOWN, buttonState=0, metaState=0, flags=0x0, edgeFlags=0x0, pointerCount=1, historySize=0, eventTime=252150, downTime=252140, deviceId=0, source=0x1002 }
D/InputEventConsistencyVerifier(  423):   3: sent at 252141000000, MotionEvent { action=ACTION_DOWN, id[0]=0, x[0]=15.0, y[0]=15.0, toolType[0]=TOOL_TYPE_UNKNOWN, buttonState=0, metaState=0, flags=0x0, edgeFlags=0x0, pointerCount=1, historySize=0, eventTime=252141, downTime=252140, deviceId=0, source=0x1002 }
D/InputEventConsistencyVerifier(  423):   4: sent at 252125000000, MotionEvent { action=ACTION_UP, id[0]=0, x[0]=118.0, y[0]=9.0, toolType[0]=TOOL_TYPE_UNKNOWN, buttonState=0, metaState=0, flags=0x0, edgeFlags=0x0, pointerCount=1, historySize=0, eventTime=252125, downTime=252115, deviceId=0, source=0x1002 }
D/InputEventConsistencyVerifier(  423):   5: sent at 252115000000, MotionEvent { action=ACTION_DOWN, id[0]=0, x[0]=119.0, y[0]=10.0, toolType[0]=TOOL_TYPE_UNKNOWN, buttonState=0, metaState=0, flags=0x0, edgeFlags=0x0, pointerCount=1, historySize=0, eventTime=252115, downTime=252115, deviceId=0, source=0x1002 }
D/InputEventConsistencyVerifier(  423): TouchEvent: ACTION_DOWN but pointers are already down.  Probably missing ACTION_UP from previous gesture.
D/InputEventConsistencyVerifier(  423):   in android.view.ScaleGestureDetector@b3e53018
D/InputEventConsistencyVerifier(  423):   0: sent at 252401000000, MotionEvent { action=ACTION_DOWN, id[0]=0, x[0]=168.0, y[0]=491.0, toolType[0]=TOOL_TYPE_UNKNOWN, buttonState=0, metaState=0, flags=0x0, edgeFlags=0x0, pointerCount=1, historySize=0, eventTime=252401, downTime=252401, deviceId=0, source=0x1002 }
D/InputEventConsistencyVerifier(  423):   -- recent events --
D/InputEventConsistencyVerifier(  423):   1: sent at 252389000000, MotionEvent { action=ACTION_DOWN, id[0]=0, x[0]=245.0, y[0]=88.0, toolType[0]=TOOL_TYPE_UNKNOWN, buttonState=0, metaState=0, flags=0x0, edgeFlags=0x0, pointerCount=1, historySize=0, eventTime=252389, downTime=252389, deviceId=0, source=0x1002 }
D/InputEventConsistencyVerifier(  423):   2: sent at 252150000000, MotionEvent { action=ACTION_UP, id[0]=0, x[0]=25.0, y[0]=2.0, toolType[0]=TOOL_TYPE_UNKNOWN, buttonState=0, metaState=0, flags=0x0, edgeFlags=0x0, pointerCount=1, historySize=0, eventTime=252150, downTime=252140, deviceId=0, source=0x1002 }
D/InputEventConsistencyVerifier(  423):   3: sent at 252141000000, MotionEvent { action=ACTION_DOWN, id[0]=0, x[0]=15.0, y[0]=15.0, toolType[0]=TOOL_TYPE_UNKNOWN, buttonState=0, metaState=0, flags=0x0, edgeFlags=0x0, pointerCount=1, historySize=0, eventTime=252141, downTime=252140, deviceId=0, source=0x1002 }
D/InputEventConsistencyVerifier(  423):   4: sent at 252125000000, MotionEvent { action=ACTION_UP, id[0]=0, x[0]=118.0, y[0]=9.0, toolType[0]=TOOL_TYPE_UNKNOWN, buttonState=0, metaState=0, flags=0x0, edgeFlags=0x0, pointerCount=1, historySize=0, eventTime=252125, downTime=252115, deviceId=0, source=0x1002 }
D/InputEventConsistencyVerifier(  423):   5: sent at 252115000000, MotionEvent { action=ACTION_DOWN, id[0]=0, x[0]=119.0, y[0]=10.0, toolType[0]=TOOL_TYPE_UNKNOWN, buttonState=0, metaState=0, flags=0x80000000, edgeFlags=0x0, pointerCount=1, historySize=0, eventTime=252115, downTime=252115, deviceId=0, source=0x1002 }
W/dalvikvm(  423): DroidBox: { "FdAccess": { "path": "2f70726f632f6d656d696e666f", "id": "2087842803" } }
W/DroidBox(  423): DroidBox: { "FileRW": { "operation": "read", "data": "4d656d546f74616c3a202020202020202020373438393634206b420a4d656d467265653a20202020202020202020343538313234206b420a427566666572733a20202020202020202020202035353736206b420a4361636865643a202020202020202020", "id": "2087842803" } }
I/Choreographer(  423): Skipped 76 frames!  The application may be doing too much work on its main thread.
W/dalvikvm(  423): DroidBox: { "FdAccess": { "path": "2f70726f632f6d656d696e666f", "id": "1269704251" } }
W/DroidBox(  423): DroidBox: { "FileRW": { "operation": "read", "data": "4d656d546f74616c3a202020202020202020373438393634206b420a4d656d467265653a20202020202020202020343538313234206b420a427566666572733a20202020202020202020202035353736206b420a4361636865643a202020202020202020", "id": "1269704251" } }
V/PhoneStatusBar(  423): setLightsOn(true)
D/PhoneStatusBar(  423): disable: < expand icons alerts TICKER* system_info back home recent clock >
D/InputEventConsistencyVerifier(  423): TouchEvent: ACTION_DOWN but pointers are already down.  Probably missing ACTION_UP from previous gesture.
D/InputEventConsistencyVerifier(  423):   in android.view.ScaleGestureDetector@b3e53018
D/InputEventConsistencyVerifier(  423):   0: sent at 252557000000, MotionEvent { action=ACTION_DOWN, id[0]=0, x[0]=298.0, y[0]=102.0, toolType[0]=TOOL_TYPE_UNKNOWN, buttonState=0, metaState=0, flags=0x0, edgeFlags=0x0, pointerCount=1, historySize=0, eventTime=252557, downTime=252556, deviceId=0, source=0x1002 }
D/InputEventConsistencyVerifier(  423):   -- recent events --
D/InputEventConsistencyVerifier(  423):   1: sent at 252401000000, MotionEvent { action=ACTION_DOWN, id[0]=0, x[0]=168.0, y[0]=491.0, toolType[0]=TOOL_TYPE_UNKNOWN, buttonState=0, metaState=0, flags=0x80000000, edgeFlags=0x0, pointerCount=1, historySize=0, eventTime=252401, downTime=252401, deviceId=0, source=0x1002 }
D/InputEventConsistencyVerifier(  423):   2: sent at 252389000000, MotionEvent { action=ACTION_DOWN, id[0]=0, x[0]=245.0, y[0]=88.0, toolType[0]=TOOL_TYPE_UNKNOWN, buttonState=0, metaState=0, flags=0x0, edgeFlags=0x0, pointerCount=1, historySize=0, eventTime=252389, downTime=252389, deviceId=0, source=0x1002 }
D/InputEventConsistencyVerifier(  423):   3: sent at 252150000000, MotionEvent { action=ACTION_UP, id[0]=0, x[0]=25.0, y[0]=2.0, toolType[0]=TOOL_TYPE_UNKNOWN, buttonState=0, metaState=0, flags=0x0, edgeFlags=0x0, pointerCount=1, historySize=0, eventTime=252150, downTime=252140, deviceId=0, source=0x1002 }
D/InputEventConsistencyVerifier(  423):   4: sent at 252141000000, MotionEvent { action=ACTION_DOWN, id[0]=0, x[0]=15.0, y[0]=15.0, toolType[0]=TOOL_TYPE_UNKNOWN, buttonState=0, metaState=0, flags=0x0, edgeFlags=0x0, pointerCount=1, historySize=0, eventTime=252141, downTime=252140, deviceId=0, source=0x1002 }
D/InputEventConsistencyVerifier(  423):   5: sent at 252125000000, MotionEvent { action=ACTION_UP, id[0]=0, x[0]=118.0, y[0]=9.0, toolType[0]=TOOL_TYPE_UNKNOWN, buttonState=0, metaState=0, flags=0x0, edgeFlags=0x0, pointerCount=1, historySize=0, eventTime=252125, downTime=252115, deviceId=0, source=0x1002 }
W/InputMethodManagerService(  228): Window already focused, ignoring focus gain of: com.android.internal.view.IInputMethodClient$Stub$Proxy@b408ecc0 attribute=null
V/PhoneStatusBar(  423): setLightsOn(true)
D/PhoneStatusBar(  423): disable: < expand icons alerts ticker* system_info back home recent clock >
D/InputEventConsistencyVerifier(  423): TouchEvent: ACTION_DOWN but pointers are already down.  Probably missing ACTION_UP from previous gesture.
D/InputEventConsistencyVerifier(  423):   in android.view.ScaleGestureDetector@b3e53018
D/InputEventConsistencyVerifier(  423):   0: sent at 252853000000, MotionEvent { action=ACTION_DOWN, id[0]=0, x[0]=314.0, y[0]=10.0, toolType[0]=TOOL_TYPE_UNKNOWN, buttonState=0, metaState=0, flags=0x0, edgeFlags=0x0, pointerCount=1, historySize=0, eventTime=252853, downTime=252852, deviceId=0, source=0x1002 }
D/InputEventConsistencyVerifier(  423):   -- recent events --
D/InputEventConsistencyVerifier(  423):   1: sent at 252557000000, MotionEvent { action=ACTION_DOWN, id[0]=0, x[0]=298.0, y[0]=102.0, toolType[0]=TOOL_TYPE_UNKNOWN, buttonState=0, metaState=0, flags=0x80000000, edgeFlags=0x0, pointerCount=1, historySize=0, eventTime=252557, downTime=252556, deviceId=0, source=0x1002 }
D/InputEventConsistencyVerifier(  423):   2: sent at 252401000000, MotionEvent { action=ACTION_DOWN, id[0]=0, x[0]=168.0, y[0]=491.0, toolType[0]=TOOL_TYPE_UNKNOWN, buttonState=0, metaState=0, flags=0x80000000, edgeFlags=0x0, pointerCount=1, historySize=0, eventTime=252401, downTime=252401, deviceId=0, source=0x1002 }
D/InputEventConsistencyVerifier(  423):   3: sent at 252389000000, MotionEvent { action=ACTION_DOWN, id[0]=0, x[0]=245.0, y[0]=88.0, toolType[0]=TOOL_TYPE_UNKNOWN, buttonState=0, metaState=0, flags=0x0, edgeFlags=0x0, pointerCount=1, historySize=0, eventTime=252389, downTime=252389, deviceId=0, source=0x1002 }
D/InputEventConsistencyVerifier(  423):   4: sent at 252150000000, MotionEvent { action=ACTION_UP, id[0]=0, x[0]=25.0, y[0]=2.0, toolType[0]=TOOL_TYPE_UNKNOWN, buttonState=0, metaState=0, flags=0x0, edgeFlags=0x0, pointerCount=1, historySize=0, eventTime=252150, downTime=252140, deviceId=0, source=0x1002 }
D/InputEventConsistencyVerifier(  423):   5: sent at 252141000000, MotionEvent { action=ACTION_DOWN, id[0]=0, x[0]=15.0, y[0]=15.0, toolType[0]=TOOL_TYPE_UNKNOWN, buttonState=0, metaState=0, flags=0x0, edgeFlags=0x0, pointerCount=1, historySize=0, eventTime=252141, downTime=252140, deviceId=0, source=0x1002 }
D/InputEventConsistencyVerifier(  423): KeyEvent: ACTION_UP but key was not down.
D/InputEventConsistencyVerifier(  423):   in com.android.systemui.statusbar.phone.StatusBarWindowView@b3db3300
D/InputEventConsistencyVerifier(  423):   0: sent at 253032000000, KeyEvent { action=ACTION_UP, keyCode=KEYCODE_DPAD_CENTER, scanCode=0, metaState=0, flags=0x8, repeatCount=0, eventTime=253032, downTime=253032, deviceId=-1, source=0x101 }
D/InputEventConsistencyVerifier(  423):   -- recent events --
D/InputEventConsistencyVerifier(  423):   1: sent at 252958000000, (unhandled) KeyEvent { action=ACTION_UP, keyCode=KEYCODE_MEDIA_NEXT, scanCode=0, metaState=0, flags=0x8, repeatCount=0, eventTime=252958, downTime=252958, deviceId=-1, source=0x101 }
D/InputEventConsistencyVerifier(  423):   2: sent at 252884000000, (unhandled) KeyEvent { action=ACTION_DOWN, keyCode=KEYCODE_MEDIA_NEXT, scanCode=0, metaState=0, flags=0x8, repeatCount=0, eventTime=252884, downTime=252884, deviceId=-1, source=0x101 }
D/InputEventConsistencyVerifier(  423):   3: sent at 252872000000, MotionEvent { action=ACTION_UP, id[0]=0, x[0]=313.0, y[0]=8.0, toolType[0]=TOOL_TYPE_UNKNOWN, buttonState=0, metaState=0, flags=0x0, edgeFlags=0x0, pointerCount=1, historySize=0, eventTime=252872, downTime=252852, deviceId=0, source=0x1002 }
D/InputEventConsistencyVerifier(  423):   4: sent at 252853000000, MotionEvent { action=ACTION_DOWN, id[0]=0, x[0]=314.0, y[0]=10.0, toolType[0]=TOOL_TYPE_UNKNOWN, buttonState=0, metaState=0, flags=0x0, edgeFlags=0x0, pointerCount=1, historySize=0, eventTime=252853, downTime=252852, deviceId=0, source=0x1002 }
D/InputEventConsistencyVerifier(  423):   5: sent at 252586000000, MotionEvent { action=ACTION_UP, id[0]=0, x[0]=290.0, y[0]=109.0, toolType[0]=TOOL_TYPE_UNKNOWN, buttonState=0, metaState=0, flags=0x0, edgeFlags=0x0, pointerCount=1, historySize=0, eventTime=252586, downTime=252556, deviceId=0, source=0x1002 }
W/dalvikvm(  423): DroidBox: { "FdAccess": { "path": "2f70726f632f6d656d696e666f", "id": "1682029737" } }
W/DroidBox(  423): DroidBox: { "FileRW": { "operation": "read", "data": "4d656d546f74616c3a202020202020202020373438393634206b420a4d656d467265653a20202020202020202020343536353132206b420a427566666572733a20202020202020202020202035353736206b420a4361636865643a202020202020202020", "id": "1682029737" } }
I/Choreographer(  423): Skipped 63 frames!  The application may be doing too much work on its main thread.
W/dalvikvm(  423): DroidBox: { "FdAccess": { "path": "2f70726f632f6d656d696e666f", "id": "693510995" } }
W/DroidBox(  423): DroidBox: { "FileRW": { "operation": "read", "data": "4d656d546f74616c3a202020202020202020373438393634206b420a4d656d467265653a20202020202020202020343536353132206b420a427566666572733a20202020202020202020202035353736206b420a4361636865643a202020202020202020", "id": "693510995" } }
V/PhoneStatusBar(  423): setLightsOn(true)
D/PhoneStatusBar(  423): disable: < expand icons alerts TICKER* system_info back home recent clock >
W/DroidBox( 1104): DroidBox: { "ServiceStart": { "name": "com.android.music.MediaPlaybackService" } }
W/DroidBox( 1104): DroidBox: { "ServiceStart": { "name": "com.android.music.MediaPlaybackService" } }
W/InputMethodManagerService(  228): Window already focused, ignoring focus gain of: com.android.internal.view.IInputMethodClient$Stub$Proxy@b3f79cd0 attribute=null
D/MediaPlaybackService( 1104): No play queue
D/InputEventConsistencyVerifier(  423): TrackballEvent: Trackball is down but pressure is not greater than 0.
D/InputEventConsistencyVerifier(  423):   in android.view.ViewRootImpl@b3e44c00
D/InputEventConsistencyVerifier(  423):   0: sent at 253275000000, MotionEvent { action=ACTION_DOWN, id[0]=0, x[0]=0.0, y[0]=0.0, toolType[0]=TOOL_TYPE_UNKNOWN, buttonState=0, metaState=0, flags=0x0, edgeFlags=0x0, pointerCount=1, historySize=0, eventTime=253275, downTime=253129, deviceId=0, source=0x10004 }
D/InputEventConsistencyVerifier(  423):   -- recent events --
D/InputEventConsistencyVerifier(  423):   1: sent at 253324000000, KeyEvent { action=ACTION_UP, keyCode=KEYCODE_DPAD_RIGHT, scanCode=0, metaState=0, flags=0x400, repeatCount=0, eventTime=253324, downTime=253324, deviceId=-1, source=0x101 }
D/InputEventConsistencyVerifier(  423):   2: sent at 253324000000, KeyEvent { action=ACTION_DOWN, keyCode=KEYCODE_DPAD_RIGHT, scanCode=0, metaState=0, flags=0x400, repeatCount=0, eventTime=253324, downTime=253324, deviceId=-1, source=0x101 }
D/InputEventConsistencyVerifier(  423):   3: sent at 253323000000, KeyEvent { action=ACTION_UP, keyCode=KEYCODE_DPAD_RIGHT, scanCode=0, metaState=0, flags=0x400, repeatCount=0, eventTime=253323, downTime=253323, deviceId=-1, source=0x101 }
D/InputEventConsistencyVerifier(  423):   4: sent at 253323000000, KeyEvent { action=ACTION_DOWN, keyCode=KEYCODE_DPAD_RIGHT, scanCode=0, metaState=0, flags=0x400, repeatCount=0, eventTime=253323, downTime=253323, deviceId=-1, source=0x101 }
D/InputEventConsistencyVerifier(  423):   5: sent at 253323000000, KeyEvent { action=ACTION_UP, keyCode=KEYCODE_DPAD_RIGHT, scanCode=0, metaState=0, flags=0x400, repeatCount=0, eventTime=253323, downTime=253323, deviceId=-1, source=0x101 }
D/InputEventConsistencyVerifier(  423): TrackballEvent: Invalid action ACTION_CANCEL for trackball event.
D/InputEventConsistencyVerifier(  423):   Trackball is down but pressure is not greater than 0.
D/InputEventConsistencyVerifier(  423):   in android.view.ViewRootImpl@b3e44c00
D/InputEventConsistencyVerifier(  423):   0: sent at 253282408806, MotionEvent { action=ACTION_CANCEL, id[0]=0, x[0]=0.0, y[0]=0.0, toolType[0]=TOOL_TYPE_UNKNOWN, buttonState=0, metaState=0, flags=0x0, edgeFlags=0x0, pointerCount=1, historySize=0, eventTime=253282, downTime=253129, deviceId=0, source=0x10004 }
D/InputEventConsistencyVerifier(  423):   -- recent events --
D/InputEventConsistencyVerifier(  423):   1: sent at 253442000000, KeyEvent { action=ACTION_DOWN, keyCode=KEYCODE_DPAD_CENTER, scanCode=0, metaState=0, flags=0x400, repeatCount=0, eventTime=253442, downTime=253442, deviceId=-1, source=0x101 }
D/InputEventConsistencyVerifier(  423):   2: sent at 253275000000, MotionEvent { action=ACTION_DOWN, id[0]=0, x[0]=0.0, y[0]=0.0, toolType[0]=TOOL_TYPE_UNKNOWN, buttonState=0, metaState=0, flags=0x80000000, edgeFlags=0x0, pointerCount=1, historySize=0, eventTime=253275, downTime=253129, deviceId=0, source=0x10004 }
D/InputEventConsistencyVerifier(  423):   3: sent at 253324000000, KeyEvent { action=ACTION_UP, keyCode=KEYCODE_DPAD_RIGHT, scanCode=0, metaState=0, flags=0x400, repeatCount=0, eventTime=253324, downTime=253324, deviceId=-1, source=0x101 }
D/InputEventConsistencyVerifier(  423):   4: sent at 253324000000, KeyEvent { action=ACTION_DOWN, keyCode=KEYCODE_DPAD_RIGHT, scanCode=0, metaState=0, flags=0x400, repeatCount=0, eventTime=253324, downTime=253324, deviceId=-1, source=0x101 }
D/InputEventConsistencyVerifier(  423):   5: sent at 253323000000, KeyEvent { action=ACTION_UP, keyCode=KEYCODE_DPAD_RIGHT, scanCode=0, metaState=0, flags=0x400, repeatCount=0, eventTime=253323, downTime=253323, deviceId=-1, source=0x101 }
D/PhoneStatusBar(  423): disable: < expand icons alerts ticker* system_info back home recent clock >
V/PhoneStatusBar(  423): setLightsO