D/InputEventConsistencyVerifier( 1043):   4: sent at 160664000000, (unhandled) KeyEvent { action=ACTION_DOWN, keyCode=KEYCODE_ALT_LEFT, scanCode=0, metaState=0, flags=0x8, repeatCount=0, eventTime=160664, downTime=160664, deviceId=-1, source=0x101 }
D/InputEventConsistencyVerifier( 1043):   5: sent at 160641000000, (unhandled) KeyEvent { action=ACTION_UP, keyCode=KEYCODE_MENU, scanCode=0, metaState=0, flags=0x8, repeatCount=0, eventTime=160641, downTime=160641, deviceId=-1, source=0x101 }
W/InputManager(  221): Input event injection from pid 1023 failed.
W/InputManager(  221): Input event injection from pid 1023 failed.
W/InputManager(  221): Input event injection from pid 1023 failed.
I/Choreographer( 1043): Skipped 77 frames!  The application may be doing too much work on its main thread.
W/InputMethodManagerService(  221): Window already focused, ignoring focus gain of: com.android.internal.view.IInputMethodClient$Stub$Proxy@b4252908 attribute=null
E/WVMExtractor(   62): Failed to open libwvm.so
E/WVMExtractor(   62): Failed to open libwvm.so
E/WVMExtractor(   62): Failed to open libwvm.so
D/InputEventConsistencyVerifier( 1043): TrackballEvent: Trackball is down but pressure is not greater than 0.
D/InputEventConsistencyVerifier( 1043):   in android.view.ViewRootImpl@b3e5ba00
D/InputEventConsistencyVerifier( 1043):   0: sent at 163876000000, MotionEvent { action=ACTION_DOWN, id[0]=0, x[0]=0.0, y[0]=0.0, toolType[0]=TOOL_TYPE_UNKNOWN, buttonState=0, metaState=0, flags=0x0, edgeFlags=0x0, pointerCount=1, historySize=0, eventTime=163876, downTime=163757, deviceId=0, source=0x10004 }
D/InputEventConsistencyVerifier( 1043):   -- recent events --
D/InputEventConsistencyVerifier( 1043):   1: sent at 163873000000, MotionEvent { action=ACTION_MOVE, id[0]=0, x[0]=-2.0, y[0]=4.0, toolType[0]=TOOL_TYPE_UNKNOWN, buttonState=0, metaState=0, flags=0x0, edgeFlags=0x0, pointerCount=1, historySize=2, eventTime=163873, downTime=-1, deviceId=0, source=0x10004 }
D/InputEventConsistencyVerifier( 1043):   2: sent at 163818000000, KeyEvent { action=ACTION_UP, keyCode=KEYCODE_DPAD_DOWN, scanCode=0, metaState=0, flags=0x400, repeatCount=0, eventTime=163818, downTime=163818, deviceId=-1, source=0x101 }
D/InputEventConsistencyVerifier( 1043):   3: sent at 163818000000, KeyEvent { action=ACTION_DOWN, keyCode=KEYCODE_DPAD_DOWN, scanCode=0, metaState=0, flags=0x400, repeatCount=0, eventTime=163818, downTime=163818, deviceId=-1, source=0x101 }
D/InputEventConsistencyVerifier( 1043):   4: sent at 163817000000, KeyEvent { action=ACTION_UP, keyCode=KEYCODE_DPAD_DOWN, scanCode=0, metaState=0, flags=0x400, repeatCount=0, eventTime=163817, downTime=163817, deviceId=-1, source=0x101 }
D/InputEventConsistencyVerifier( 1043):   5: sent at 163817000000, KeyEvent { action=ACTION_DOWN, keyCode=KEYCODE_DPAD_DOWN, scanCode=0, metaState=0, flags=0x400, repeatCount=0, eventTime=163817, downTime=163817, deviceId=-1, source=0x101 }
E/WVMExtractor(   62): Failed to open libwvm.so
E/WVMExtractor(   62): Failed to open libwvm.so
E/WVMExtractor(   62): Failed to open libwvm.so
I/Choreographer( 1043): Skipped 30 frames!  The application may be doing too much work on its main thread.
E/WVMExtractor(   62): Failed to open libwvm.so
E/WVMExtractor(   62): Failed to open libwvm.so
E/WVMExtractor(   62): Failed to open libwvm.so
E/WVMExtractor(   62): Failed to open libwvm.so
E/WVMExtractor(   62): Failed to open libwvm.so
E/WVMExtractor(   62): Failed to open libwvm.so
E/WVMExtractor(   62): Failed to open libwvm.so
E/WVMExtractor(   62): Failed to open libwvm.so
E/WVMExtractor(   62): Failed to open libwvm.so
D/InputEventConsistencyVerifier( 1043): KeyEvent: ACTION_UP but key was not down.
D/InputEventConsistencyVerifier( 1043):   in android.view.ViewRootImpl@b3e5ba00
D/InputEventConsistencyVerifier( 1043):   0: sent at 167751000000, KeyEvent { action=ACTION_UP, keyCode=KEYCODE_DPAD_UP, scanCode=0, metaState=0, flags=0x8, repeatCount=0, eventTime=167751, downTime=167751, deviceId=-1, source=0x101 }
D/InputEventConsistencyVerifier( 1043):   -- recent events --
D/InputEventConsistencyVerifier( 1043):   1: sent at 167324000000, MotionEvent { action=ACTION_UP, id[0]=0, x[0]=199.0, y[0]=642.0, toolType[0]=TOOL_TYPE_UNKNOWN, buttonState=0, metaState=0, flags=0x0, edgeFlags=0x0, pointerCount=1, historySize=0, eventTime=167324, downTime=167311, deviceId=0, source=0x1002 }
D/InputEventConsistencyVerifier( 1043):   2: sent at 167320000000, MotionEvent { action=ACTION_MOVE, id[0]=0, x[0]=199.0, y[0]=635.0, toolType[0]=TOOL_TYPE_UNKNOWN, buttonState=0, metaState=0, flags=0x0, edgeFlags=0x0, pointerCount=1, historySize=0, eventTime=167320, downTime=167311, deviceId=0, source=0x1002 }
D/InputEventConsistencyVerifier( 1043):   3: sent at 167312000000, MotionEvent { action=ACTION_DOWN, id[0]=0, x[0]=199.0, y[0]=629.0, toolType[0]=TOOL_TYPE_UNKNOWN, buttonState=0, metaState=0, flags=0x0, edgeFlags=0x0, pointerCount=1, historySize=0, eventTime=167312, downTime=167311, deviceId=0, source=0x1002 }
D/InputEventConsistencyVerifier( 1043):   4: sent at 167069000000, KeyEvent { action=ACTION_UP, keyCode=KEYCODE_MENU, scanCode=0, metaState=0, flags=0x8, repeatCount=0, eventTime=167069, downTime=167069, deviceId=-1, source=0x101 }
D/InputEventConsistencyVerifier( 1043):   5: sent at 167039000000, KeyEvent { action=ACTION_DOWN, keyCode=KEYCODE_MENU, scanCode=0, metaState=0, flags=0x8, repeatCount=0, eventTime=167039, downTime=167039, deviceId=-1, source=0x101 }
I/Choreographer( 1043): Skipped 46 frames!  The application may be doing too much work on its main thread.
W/InputMethodManagerService(  221): Window already focused, ignoring focus gain of: com.android.internal.view.IInputMethodClient$Stub$Proxy@b3f45cf8 attribute=null
E/WVMExtractor(   62): Failed to open libwvm.so
E/WVMExtractor(   62): Failed to open libwvm.so
E/WVMExtractor(   62): Failed to open libwvm.so
I/Choreographer( 1043): Skipped 60 frames!  The application may be doing too much work on its main thread.
E/WVMExtractor(   62): Failed to open libwvm.so
I/Choreographer( 1043): Skipped 55 frames!  The application may be doing too much work on its main thread.
E/WVMExtractor(   62): Failed to open libwvm.so
D/InputEventConsistencyVerifier( 1043): TrackballEvent: Trackball is down but pressure is not greater than 0.
D/InputEventConsistencyVerifier( 1043):   in android.view.ViewRootImpl@b3f26748
D/InputEventConsistencyVerifier( 1043):   0: sent at 169951000000, MotionEvent { action=ACTION_DOWN, id[0]=0, x[0]=0.0, y[0]=0.0, toolType[0]=TOOL_TYPE_UNKNOWN, buttonState=0, metaState=0, flags=0x0, edgeFlags=0x0, pointerCount=1, historySize=0, eventTime=169951, downTime=169868, deviceId=0, source=0x10004 }
D/InputEventConsistencyVerifier( 1043):   -- recent events --
D/InputEventConsistencyVerifier( 1043):   1: sent at 170151000000, KeyEvent { action=ACTION_UP, keyCode=KEYCODE_DPAD_DOWN, scanCode=0, metaState=0, flags=0x400, repeatCount=0, eventTime=170151, downTime=170151, deviceId=-1, source=0x101 }
D/InputEventConsistencyVerifier( 1043):   2: sent at 170151000000, KeyEvent { action=ACTION_DOWN, keyCode=KEYCODE_DPAD_DOWN, scanCode=0, metaState=0, flags=0x400, repeatCount=0, eventTime=170151, downTime=170151, deviceId=-1, source=0x101 }
D/InputEventConsistencyVerifier( 1043):   3: sent at 170149000000, KeyEvent { action=ACTION_UP, keyCode=KEYCODE_DPAD_DOWN, scanCode=0, metaState=0, flags=0x400, repeatCount=0, eventTime=170149, downTime=170149, deviceId=-1, source=0x101 }
D/InputEventConsistencyVerifier( 1043):   4: sent at 170149000000, KeyEvent { action=ACTION_DOWN, keyCode=KEYCODE_DPAD_DOWN, scanCode=0, metaState=0, flags=0x400, repeatCount=0, eventTime=170149, downTime=170149, deviceId=-1, source=0x101 }
D/InputEventConsistencyVerifier( 1043):   5: sent at 169949000000, MotionEvent { action=ACTION_MOVE, id[0]=0, x[0]=-2.0, y[0]=2.0, toolType[0]=TOOL_TYPE_UNKNOWN, buttonState=0, metaState=0, flags=0x0, edgeFlags=0x0, pointerCount=1, historySize=19, eventTime=169949, downTime=-1, deviceId=0, source=0x10004 }
I/Choreographer( 1043): Skipped 194 frames!  The application may be doing too much work on its main thread.
W/InputMethodManagerService(  221): Window already focused, ignoring focus gain of: com.android.internal.view.IInputMethodClient$Stub$Proxy@b3f04d60 attribute=null
E/WVMExtractor(   62): Failed to open libwvm.so
W/BackupManagerService(  221): dataChanged but no participant pkg='com.android.providers.settings' uid=10011
E/WVMExtractor(   62): Failed to open libwvm.so
I/ActivityManager(  221): START {act=android.intent.action.MAIN cat=[android.intent.category.LAUNCHER] flg=0x10200000 cmp=com.jx.theme.n678504952/com.jx.MainActivity u=0} from pid 1023
E/WVMExtractor(   62): Failed to open libwvm.so
E/MetadataRetrieverClient(   62): failed to extract an album art
E/WVMExtractor(   62): Failed to open libwvm.so
E/WVMExtractor(   62): Failed to open libwvm.so
E/WVMExtractor(   62): Failed to open libwvm.so
E/WVMExtractor(   62): Failed to open libwvm.so
D/InputEventConsistencyVerifier(  414): TouchEvent: ACTION_DOWN but pointers are already down.  Probably missing ACTION_UP from previous gesture.
D/InputEventConsistencyVerifier(  414):   in android.view.ScaleGestureDetector@b3f31fa0
D/InputEventConsistencyVerifier(  414):   0: sent at 173433000000, MotionEvent { action=ACTION_DOWN, id[0]=0, x[0]=274.0, y[0]=2.0, toolType[0]=TOOL_TYPE_UNKNOWN, buttonState=0, metaState=0, flags=0x0, edgeFlags=0x0, pointerCount=1, historySize=0, eventTime=173433, downTime=173419, deviceId=0, source=0x1002 }
D/InputEventConsistencyVerifier(  414):   -- recent events --
D/InputEventConsistencyVerifier(  414):   1: sent at 158985000000, MotionEvent { action=ACTION_DOWN, id[0]=0, x[0]=442.0, y[0]=618.0, toolType[0]=TOOL_TYPE_UNKNOWN, buttonState=0, metaState=0, flags=0x80000000, edgeFlags=0x0, pointerCount=1, historySize=0, eventTime=158985, downTime=158985, deviceId=0, source=0x1002 }
D/InputEventConsistencyVerifier(  414):   2: sent at 158859000000, MotionEvent { action=ACTION_DOWN, id[0]=0, x[0]=402.0, y[0]=181.0, toolType[0]=TOOL_TYPE_UNKNOWN, buttonState=0, metaState=0, flags=0x0, edgeFlags=0x0, pointerCount=1, historySize=0, eventTime=158859, downTime=158859, deviceId=0, source=0x1002 }
D/InputEventConsistencyVerifier(  414):   3: sent at 158265000000, MotionEvent { action=ACTION_UP, id[0]=0, x[0]=436.0, y[0]=19.0, toolType[0]=TOOL_TYPE_UNKNOWN, buttonState=0, metaState=0, flags=0x0, edgeFlags=0x0, pointerCount=1, historySize=0, eventTime=158265, downTime=158251, deviceId=0, source=0x1002 }
D/InputEventConsistencyVerifier(  414):   4: sent at 158251000000, MotionEvent { action=ACTION_DOWN, id[0]=0, x[0]=437.0, y[0]=19.0, toolType[0]=TOOL_TYPE_UNKNOWN, buttonState=0, metaState=0, flags=0x80000000, edgeFlags=0x0, pointerCount=1, historySize=0, eventTime=158251, downTime=158251, deviceId=0, source=0x1002 }
D/InputEventConsistencyVerifier(  414):   5: sent at 154888000000, MotionEvent { action=ACTION_DOWN, id[0]=0, x[0]=1.0, y[0]=186.0, toolType[0]=TOOL_TYPE_UNKNOWN, buttonState=0, metaState=0, flags=0x80000000, edgeFlags=0x0, pointerCount=1, historySize=0, eventTime=154888, downTime=154884, deviceId=0, source=0x1002 }
I/Choreographer( 1043): Skipped 34 frames!  The application may be doing too much work on its main thread.
D/InputEventConsistencyVerifier(  414): KeyEvent: ACTION_UP but key was not down.
D/InputEventConsistencyVerifier(  414):   in android.view.ViewRootImpl@b3f23d50
D/InputEventConsistencyVerifier(  414):   0: sent at 173547000000, KeyEvent { action=ACTION_UP, keyCode=KEYCODE_DPAD_CENTER, scanCode=0, metaState=0, flags=0x8, repeatCount=0, eventTime=173547, downTime=173547, deviceId=-1, source=0x101 }
D/InputEventConsistencyVerifier(  414):   -- recent events --
D/InputEventConsistencyVerifier(  414):   1: sent at 173448000000, MotionEvent { action=ACTION_UP, id[0]=0, x[0]=269.0, y[0]=6.0, toolType[0]=TOOL_TYPE_UNKNOWN, buttonState=0, metaState=0, flags=0x0, edgeFlags=0x0, pointerCount=1, historySize=0, eventTime=173448, downTime=173419, deviceId=0, source=0x1002 }
D/InputEventConsistencyVerifier(  414):   2: sent at 173433000000, MotionEvent { action=ACTION_DOWN, id[0]=0, x[0]=274.0, y[0]=2.0, toolType[0]=TOOL_TYPE_UNKNOWN, buttonState=0, metaState=0, flags=0x0, edgeFlags=0x0, pointerCount=1, historySize=0, eventTime=173433, downTime=173419, deviceId=0, source=0x1002 }
D/InputEventConsistencyVerifier(  414):   3: sent at 159325000000, KeyEvent { action=ACTION_UP, keyCode=KEYCODE_CALENDAR, scanCode=0, metaState=0, flags=0x80000008, repeatCount=0, eventTime=159325, downTime=159325, deviceId=-1, source=0x101 }
D/InputEventConsistencyVerifier(  414):   4: sent at 159251000000, KeyEvent { action=ACTION_UP, keyCode=KEYCODE_NUMPAD_MULTIPLY, scanCode=0, metaState=0, flags=0x8, repeatCount=0, eventTime=159251, downTime=159251, deviceId=-1, source=0x101 }
D/InputEventConsistencyVerifier(  414):   5: sent at 159079000000, KeyEvent { action=ACTION_DOWN, keyCode=KEYCODE_NUMPAD_MULTIPLY, scanCode=0, metaState=0, flags=0x8, repeatCount=0, eventTime=159079, downTime=159079, deviceId=-1, source=0x101 }
W/dalvikvm(  414): DroidBox: { "FdAccess": { "path": "2f70726f632f6d656d696e666f", "id": "743875990" } }
W/DroidBox(  414): DroidBox: { "FileRW": { "operation": "read", "data": "4d656d546f74616c3a202020202020202020373438393634206b420a4d656d467265653a20202020202020202020343430303536206b420a427566666572733a20202020202020202020202035353234206b420a4361636865643a202020202020202020", "id": "743875990" } }
D/InputEventConsistencyVerifier(  414): TouchEvent: ACTION_DOWN but pointers are already down.  Probably missing ACTION_UP from previous gesture.
D/InputEventConsistencyVerifier(  414):   in android.view.ScaleGestureDetector@b3f31fa0
D/InputEventConsistencyVerifier(  414):   0: sent at 173716000000, MotionEvent { action=ACTION_DOWN, id[0]=0, x[0]=42.0, y[0]=271.0, toolType[0]=TOOL_TYPE_UNKNOWN, buttonState=0, metaState=0, flags=0x0, edgeFlags=0x0, pointerCount=1, historySize=0, eventTime=173716, downTime=173715, deviceId=0, source=0x1002 }
D/InputEventConsistencyVerifier(  414):   -- recent events --
D/InputEventConsistencyVerifier(  414):   1: sent at 173593000000, MotionEvent { action=ACTION_DOWN, id[0]=0, x[0]=30.0, y[0]=630.0, toolType[0]=TOOL_TYPE_UNKNOWN, buttonState=0, metaState=0, flags=0x0, edgeFlags=0x0, pointerCount=1, historySize=0, eventTime=173593, downTime=173592, deviceId=0, source=0x1002 }
D/InputEventConsistencyVerifier(  414):   2: sent at 173448000000, MotionEvent { action=ACTION_UP, id[0]=0, x[0]=269.0, y[0]=6.0, toolType[0]=TOOL_TYPE_UNKNOWN, buttonState=0, metaState=0, flags=0x0, edgeFlags=0x0, pointerCount=1, historySize=0, eventTime=173448, downTime=173419, deviceId=0, source=0x1002 }
D/InputEventConsistencyVerifier(  414):   3: sent at 173433000000, MotionEvent { action=ACTION_DOWN, id[0]=0, x[0]=274.0, y[0]=2.0, toolType[0]=TOOL_TYPE_UNKNOWN, buttonState=0, metaState=0, flags=0x80000000, edgeFlags=0x0, pointerCount=1, historySize=0, eventTime=173433, downTime=173419, deviceId=0, source=0x1002 }
D/InputEventConsistencyVerifier(  414):   4: sent at 158985000000, MotionEvent { action=ACTION_DOWN, id[0]=0, x[0]=442.0, y[0]=618.0, toolType[0]=TOOL_TYPE_UNKNOWN, buttonState=0, metaState=0, flags=0x80000000, edgeFlags=0x0, pointerCount=1, historySize=0, eventTime=158985, downTime=158985, deviceId=0, source=0x1002 }
D/InputEventConsistencyVerifier(  414):   5: sent at 158859000000, MotionEvent { action=ACTION_DOWN, id[0]=0, x[0]=402.0, y[0]=181.0, toolType[0]=TOOL_TYPE_UNKNOWN, buttonState=0, metaState=0, flags=0x0, edgeFlags=0x0, pointerCount=1, historySize=0, eventTime=158859, downTime=158859, deviceId=0, source=0x1002 }
I/Choreographer(  414): Skipped 86 frames!  The application may be doing too much work on its main thread.
W/dalvikvm(  414): DroidBox: { "FdAccess": { "path": "2f70726f632f6d656d696e666f", "id": "1285244436" } }
W/DroidBox(  414): DroidBox: { "FileRW": { "operation": "read", "data": "4d656d546f74616c3a202020202020202020373438393634206b420a4d656d467265653a20202020202020202020343339393332206b420a427566666572733a20202020202020202020202035353234206b420a4361636865643a202020202020202020", "id": "1285244436" } }
I/Choreographer( 1043): Skipped 47 frames!  The application may be doing too much work on its main thread.
V/PhoneStatusBar(  414): setLightsOn(true)
I/Choreographer(  414): Skipped 48 frames!  The application may be doing too much work on its main thread.
D/PhoneStatusBar(  414): disable: < expand icons alerts TICKER* system_info back home recent clock >
W/DroidBox( 1085): DroidBox: { "ServiceStart": { "name": "com.android.music.MediaPlaybackService" } }
W/DroidBox( 1085): DroidBox: { "ServiceStart": { "name": "com.android.music.MediaPlaybackService" } }
D/InputEventConsistencyVerifier(  414): KeyEvent: ACTION_UP but key was not down.
D/InputEventConsistencyVerifier(  414):   in com.android.systemui.statusbar.phone.StatusBarWindowView@b3e92248
D/InputEventConsistencyVerifier(  414):   0: sent at 174090000000, KeyEvent { action=ACTION_UP, keyCode=KEYCODE_DPAD_DOWN, scanCode=0, metaState=0, flags=0x400, repeatCount=0, eventTime=174090, downTime=174090, deviceId=-1, source=0x101 }
D/InputEventConsistencyVerifier(  414):   -- recent events --
D/InputEventConsistencyVerifier(  414):   1: sent at 174075000000, (unhandled) MotionEvent { action=ACTION_MOVE, id[0]=0, x[0]=1.0, y[0]=4.0, toolType[0]=TOOL_TYPE_UNKNOWN, buttonState=0, metaState=0, flags=0x0, edgeFlags=0x0, pointerCount=1, historySize=2, eventTime=174075, downTime=-1, deviceId=0, source=0x10004 }
D/InputEventConsistencyVerifier(  414):   2: sent at 173900000000, (unhandled) KeyEvent { action=ACTION_UP, keyCode=KEYCODE_MENU, scanCode=0, metaState=0, flags=0x8, repeatCount=0, eventTime=173900, downTime=173900, deviceId=-1, source=0x101 }
D/InputEventConsistencyVerifier(  414):   3: sent at 173888000000, (unhandled) KeyEvent { action=ACTION_DOWN, keyCode=KEYCODE_MENU, scanCode=0, metaState=0, flags=0x8, repeatCount=0, eventTime=173888, downTime=173888, deviceId=-1, source=0x101 }
D/InputEventConsistencyVerifier(  414):   4: sent at 173828000000, (unhandled) KeyEvent { action=ACTION_UP, keyCode=KEYCODE_MEDIA_PREVIOUS, scanCode=0, metaState=0, flags=0x8, repeatCount=0, eventTime=173828, downTime=173828, deviceId=-1, source=0x101 }
D/InputEventConsistencyVerifier(  414):   5: sent at 173754000000, (unhandled) KeyEvent { action=ACTION_DOWN, keyCode=KEYCODE_MEDIA_PREVIOUS, scanCode=0, metaState=0, flags=0x8, repeatCount=0, eventTime=173754, downTime=173754, deviceId=-1, source=0x101 }
D/InputEventConsistencyVerifier(  414): KeyEvent: ACTION_UP but key was not down.
D/InputEventConsistencyVerifier(  414):   in android.widget.FrameLayout@b3e622c8
D/InputEventConsistencyVerifier(  414):   0: sent at 174090000000, KeyEvent { action=ACTION_UP, keyCode=KEYCODE_DPAD_DOWN, scanCode=0, metaState=0, flags=0x400, repeatCount=0, eventTime=174090, downTime=174090, deviceId=-1, source=0x101 }
D/InputEventConsistencyVerifier(  414):   -- recent events --
D/InputEventConsistencyVerifier(  414):   1: sent at 154743000000, (unhandled) KeyEvent { action=ACTION_UP, keyCode=KEYCODE_DPAD_DOWN, scanCode=0, metaState=0, flags=0x8, repeatCount=0, eventTime=154743, downTime=154743, deviceId=-1, source=0x101 }
D/InputEventConsistencyVerifier(  414):   2: sent at 154693000000, (unhandled) KeyEvent { action=ACTION_DOWN, keyCode=KEYCODE_DPAD_DOWN, scanCode=0, metaState=0, flags=0x8, repeatCount=0, eventTime=154693, downTime=154693, deviceId=-1, source=0x101 }
D/InputEventConsistencyVerifier(  414):   3: sent at 154647000000, (unhandled) KeyEvent { action=ACTION_UP, keyCode=KEYCODE_DPAD_RIGHT, scanCode=0, metaState=0, flags=0x8, repeatCount=0, eventTime=154647, downTime=154647, deviceId=-1, source=0x101 }
D/InputEventConsistencyVerifier(  414):   4: sent at 154640000000, (unhandled) KeyEvent { action=ACTION_DOWN, keyCode=KEYCODE_DPAD_RIGHT, scanCode=0, metaState=0, flags=0x8, repeatCount=0, eventTime=154640, downTime=154640, deviceId=-1, source=0x101 }
D/InputEventConsistencyVerifier(  414):   5: sent at 154612000000, (unhandled) KeyEvent { action=ACTION_UP, keyCode=KEYCODE_DPAD_DOWN, scanCode=0, metaState=0, flags=0x80000008, repeatCount=0, eventTime=154612, downTime=154612, deviceId=-1, source=0x101 }
D/InputEventConsistencyVerifier(  414): KeyEvent: ACTION_UP but key was not down.
D/InputEventConsistencyVerifier(  414):   in com.android.systemui.statusbar.phone.PhoneStatusBarView@b3e941e0
D/InputEventConsistencyVerifier(  414):   0: sent at 174220000000, KeyEvent { action=ACTION_UP, keyCode=KEYCODE_DPAD_UP, scanCode=0, metaState=0, flags=0x400, repeatCount=0, eventTime=174220, downTime=174220, deviceId=-1, source=0x101 }
D/InputEventConsistencyVerifier(  414):   -- recent events --
D/InputEventConsistencyVerifier(  414):   1: sent at 174090000000, (unhandled) KeyEvent { action=ACTION_DOWN, keyCode=KEYCODE_DPAD_DOWN, scanCode=0, metaState=0, flags=0x400, repeatCount=0, eventTime=174090, downTime=174090, deviceId=-1, source=0x101 }
D/InputEventConsistencyVerifier(  414):   2: sent at 174090000000, (unhandled) KeyEvent { action=ACTION_UP, keyCode=KEYCODE_DPAD_DOWN, scanCode=0, metaState=0, flags=0x80000400, repeatCount=0, eventTime=174090, downTime=174090, deviceId=-1, source=0x101 }
D/InputEventConsistencyVerifier(  414):   3: sent at 173448000000, MotionEvent { action=ACTION_UP, id[0]=0, x[0]=269.0, y[0]=6.0, toolType[0]=TOOL_TYPE_UNKNOWN, buttonState=0, metaState=0, flags=0x0, edgeFlags=0x0, pointerCount=1, historySize=0, eventTime=173448, downTime=173419, deviceId=0, source=0x1002 }
D/InputEventConsistencyVerifier(  414):   4: sent at 173433000000, MotionEvent { action=ACTION_DOWN, id[0]=0, x[0]=274.0, y[0]=2.0, toolType[0]=TOOL_TYPE_UNKNOWN, buttonState=0, metaState=0, flags=0x80000000, edgeFlags=0x0, pointerCount=1, historySize=0, eventTime=173433, downTime=173419, deviceId=0, source=0x1002 }
D/InputEventConsistencyVerifier(  414):   5: sent at 159325000000, (unhandled) KeyEvent { action=ACTION_UP, keyCode=KEYCODE_CALENDAR, scanCode=0, metaState=0, flags=0x80000008, repeatCount=0, eventTime=159325, downTime=159325, deviceId=-1, source=0x101 }
W/dalvikvm(  414): DroidBox: { "FdAccess": { "path": "2f70726f632f6d656d696e666f", "id": "1676441107" } }
W/DroidBox(  414): DroidBox: { "FileRW": { "operation": "read", "data": "4d656d546f74616c3a202020202020202020373438393634206b420a4d656d467265653a20202020202020202020343339393332206b420a427566666572733a20202020202020202020202035353234206b420a4361636865643a202020202020202020", "id": "1676441107" } }
I/Choreographer(  414): Skipped 46 frames!  The application may be doing too much work on its main thread.
D/InputEventConsistencyVerifier(  414): KeyEvent: ACTION_UP but key was not down.
D/InputEventConsistencyVerifier(  414):   in android.widget.FrameLayout@b3e622c8
D/InputEventConsistencyVerifier(  414):   0: sent at 174343000000, KeyEvent { action=ACTION_UP, keyCode=KEYCODE_DPAD_DOWN, scanCode=0, metaState=0, flags=0x400, repeatCount=0, eventTime=174343, downTime=174343, deviceId=-1, source=0x101 }
D/InputEventConsistencyVerifier(  414):   -- recent events --
D/InputEventConsistencyVerifier(  414):   1: sent at 174220000000, (unhandled) KeyEvent { action=ACTION_DOWN, keyCode=KEYCODE_DPAD_UP, scanCode=0, metaState=0, flags=0x400, repeatCount=0, eventTime=174220, downTime=174220, deviceId=-1, source=0x101 }
D/InputEventConsistencyVerifier(  414):   2: sent at 174080000000, (unhandled) MotionEvent { action=ACTION_MOVE, id[0]=0, x[0]=1.0, y[0]=-3.0, toolType[0]=TOOL_TYPE_UNKNOWN, buttonState=0, metaState=0, flags=0x0, edgeFlags=0x0, pointerCount=1, historySize=0, eventTime=174080, downTime=-1, deviceId=0, source=0x10004 }
D/InputEventConsistencyVerifier(  414):   3: sent at 174090000000, (unhandled) KeyEvent { action=ACTION_UP, keyCode=KEYCODE_DPAD_DOWN, scanCode=0, metaState=0, flags=0x400, repeatCount=0, eventTime=174090, downTime=174090, deviceId=-1, source=0x101 }
D/InputEventConsistencyVerifier(  414):   4: sent at 174090000000, (unhandled) KeyEvent { action=ACTION_DOWN, keyCode=KEYCODE_DPAD_DOWN, scanCode=0, metaState=0, flags=0x400, repeatCount=0, eventTime=174090, downTime=174090, deviceId=-1, source=0x101 }
D/InputEventConsistencyVerifier(  414):   5: sent at 174090000000, (unhandled) KeyEvent { action=ACTION_UP, keyCode=KEYCODE_DPAD_DOWN, scanCode=0, metaState=0, flags=0x400, repeatCount=0, eventTime=174090, downTime=174090, deviceId=-1, source=0x101 }
D/InputEventConsistencyVerifier( 1043): KeyEvent: ACTION_UP but key was not down.
D/InputEventConsistencyVerifier( 1043):   in android.view.ViewRootImpl@b3f296c0
D/InputEventConsistencyVerifier( 1043):   0: sent at 174424000000, KeyEvent { action=ACTION_UP, keyCode=KEYCODE_DPAD_CENTER, scanCode=0, metaState=0, flags=0x8, repeatCount=0, eventTime=174424, downTime=174424, deviceId=-1, source=0x101 }
D/InputEventConsistencyVerifier( 1043):   -- recent events --
D/InputEventConsistencyVerifier( 1043):   1: sent at 173574000000, KeyEvent { action=ACTION_UP, keyCode=KEYCODE_DPAD_CENTER, scanCode=0, metaState=0, flags=0x28, repeatCount=0, eventTime=173574, downTime=173504, deviceId=-1, source=0x101 }
D/InputEventConsistencyVerifier( 1043):   2: sent at 173504000000, KeyEvent { action=ACTION_DOWN, keyCode=KEYCODE_DPAD_CENTER, scanCode=0, metaState=0, flags=0x8, repeatCount=0, eventTime=173504, downTime=173504, deviceId=-1, source=0x101 }
D/PhoneStatusBar(  414): disable: < expand icons alerts ticker* system_info back home recent clock >
V/PhoneStatusBar(  414): setLightsOn(true)
W/InputManager(  221): Input event injection from pid 1023 failed.
W/InputManager(  221): Input event injection from pid 1023 failed.
W/InputManager(  221): Input event injection from pid 1023 failed.
W/InputManager(  221): Input event injection from pid 1023 failed.
W/InputManager(  221): Input event injection from pid 1023 failed.
W/InputMethodManagerService(  221): Window already focused, ignoring focus gain of: com.android.internal.view.IInputMethodClient$Stub$Proxy@b3ef27d0 attribute=null
I/ActivityManager(  221): START {act=android.intent.action.CALL_BUTTON flg=0x10000000 cmp=com.android.contacts/.activities.DialtactsActivity u=0} from pid 1043
E/WVMExtractor(   62): Failed to open libwvm.so
I/Choreographer( 1043): Skipped 33 frames!  The application may be doing too much work on its main thread.
I/AudioService(  221):  AudioFocus  requestAudioFocus() from android.media.AudioManager@b3e71530com.android.music.MediaPlaybackService$3@b3e6fd68
I/AudioService(  221):   Remote Control   registerMediaButtonIntent() for PendingIntent{b4070b58: PendingIntentRecord{b4078648 com.android.music broadcastIntent}}
E/WVMExtractor(   62): Failed to open libwvm.so
E/WVMExtractor(   62): Failed to open libwvm.so
E/WVMExtractor(   62): Failed to open libwvm.so
E/WVMExtractor(   62): Failed to open libwvm.so
E/WVMExtractor(   62): Failed to open libwvm.so
E/WVMExtractor(   62): Failed to open libwvm.so
I/Choreographer( 1043): Skipped 34 frames!  The application may be doing too much work on its main thread.
E/WVMExtractor(   62): Failed to open libwvm.so
D/InputEventConsistencyVerifier( 1043): TouchEvent: ACTION_DOWN but pointers are already down.  Probably missing ACTION_UP from previous gesture.
D/InputEventConsistencyVerifier( 1043):   in com.android.internal.policy.impl.PhoneWindow$DecorView@b3e9f420
D/InputEventConsistencyVerifier( 1043):   0: sent at 177644000000, MotionEvent { action=ACTION_DOWN, id[0]=0, x[0]=118.0, y[0]=-419.0, toolType[0]=TOOL_TYPE_UNKNOWN, buttonState=0, metaState=0, flags=0x0, edgeFlags=0x0, pointerCount=1, historySize=0, eventTime=177644, downTime=177578, deviceId=0, source=0x1002 }
D/InputEventConsistencyVerifier( 1043):   -- recent events --
D/InputEventConsistencyVerifier( 1043):   1: sent at 177536000000, (unhandled) KeyEvent { action=ACTION_UP, keyCode=KEYCODE_MENU, scanCode=0, metaState=0, flags=0x8, repeatCount=0, eventTime=177536, downTime=177536, deviceId=-1, source=0x101 }
D/InputEventConsistencyVerifier( 1043):   2: sent at 177528000000, (unhandled) KeyEvent { action=ACTION_DOWN, keyCode=KEYCODE_MENU, scanCode=0, metaState=0, flags=0x8, repeatCount=0, eventTime=177528, downTime=177528, deviceId=-1, source=0x101 }
D/InputEventConsistencyVerifier( 1043):   3: sent at 177472000000, (unhandled) KeyEvent { action=ACTION_UP, keyCode=KEYCODE_DPAD_UP, scanCode=0, metaState=0, flags=0x8, repeatCount=0, eventTime=177472, downTime=177472, deviceId=-1, source=0x101 }
D/InputEventConsistencyVerifier( 1043):   4: sent at 177290000000, (unhandled) KeyEvent { action=ACTION_DOWN, keyCode=KEYCODE_DPAD_UP, scanCode=0, metaState=0, flags=0x8, repeatCount=0, eventTime=177290, downTime=177290, deviceId=-1, source=0x101 }
D/InputEventConsistencyVerifier( 1043):   5: sent at 177461000000, (unhandled) KeyEvent { action=ACTION_UP, keyCode=KEYCODE_DPAD_LEFT, scanCode=0, metaState=0, flags=0x400, repeatCount=0, eventTime=177461, downTime=177461, deviceId=-1, source=0x101 }
W/dalvikvm( 1023): DroidBox: { "FdAccess": { "path": "2f6465762f696e7075742f6576656e7430", "id": "366995783" } }
W/DroidBox( 1023): DroidBox: { "FileRW": { "operation": "write", "data": "7f060000efbfbd3901000500000001000000", "id": "366995783" } }
E/WVMExtractor(   62): Failed to open libwvm.so
I/Choreographer( 1043): Skipped 156 frames!  The application may be doing too much work on its main thread.
I/Choreographer( 1043): Skipped 80 frames!  The application may be doing too much work on its main thread.
W/InputManager(  221): Input event injection from pid 1023 failed.
W/InputManager(  221): Input event injection from pid 1023 failed.
W/InputManager(  221): Input event injection from pid 1023 failed.
W/InputManager(  221): Input event injection from pid 1023 failed.
W/InputManager(  221): Input event injection from pid 1023 failed.
W/InputMethodManagerService(  221): Window already focused, ignoring focus gain of: com.android.internal.view.IInputMethodClient$Stub$Proxy@b3f6a300 attribute=null
W/InputManager(  221): Input event injection from pid 1023 failed.
W/InputManager(  221): Input event injection from pid 1023 failed.
W/InputManager(  221): Input event injection from pid 1023 failed.
W/InputManager(  221): Input event injection from pid 1023 failed.
W/InputManager(  221): Input event injection from pid 1023 failed.
E/WVMExtractor(   62): Failed to open libwvm.so
E/WVMExtractor(   62): Failed to open libwvm.so
E/WVMExtractor(   62): Failed to open libwvm.so
E/WVMExtractor(   62): Failed to open libwvm.so
E/WVMExtractor(   62): Failed to open libwvm.so
E/WVMExtractor(   62): Failed to open libwvm.so
E/WVMExtractor(   62): Failed to open libwvm.so
E/WVMExtractor(   62): Failed to open libwvm.so
I/ActivityManager(  221): START {act=android.intent.action.MAIN cat=[android.intent.category.LAUNCHER] flg=0x10200000 cmp=com.jx.theme.n678504952/com.jx.MainActivity u=0} from pid 1023
E/WVMExtractor(   62): Failed to open libwvm.so
E/WVMExtractor(   62): Failed to open libwvm.so
E/WVMExtractor(   62): Failed to open libwvm.so
I/Choreographer( 1043): Skipped 57 frames!  The application may be doing too much work on its main thread.
I/Choreographer( 1043): Skipped 71 frames!  The application may be doing too much work on its main thread.
E/WVMExtractor(   62): Failed to open libwvm.so
W/InputMethodManagerService(  221): Window already focused, ignoring focus gain of: com.android.internal.view.IInputMethodClient$Stub$Proxy@b4114268 attribute=null
I/Choreographer( 1043): Skipped 78 frames!  The application may be doing too much work on its main thread.
D/InputEventConsistencyVerifier(  414): TouchEvent: ACTION_DOWN but pointers are already down.  Probably missing ACTION_UP from previous gesture.
D/InputEventConsistencyVerifier(  414):   in android.view.ScaleGestureDetector@b3f31fa0
D/InputEventConsistencyVerifier(  414):   0: sent at 183879000000, MotionEvent { action=ACTION_DOWN, id[0]=0, x[0]=374.0, y[0]=20.0, toolType[0]=TOOL_TYPE_UNKNOWN, buttonState=0, metaState=0, flags=0x0, edgeFlags=0x0, pointerCount=1, historySize=0, eventTime=183879, downTime=183876, deviceId=0, source=0x1002 }
D/InputEventConsistencyVerifier(  414):   -- recent events --
D/InputEventConsistencyVerifier(  414):   1: sent at 173716000000, MotionEvent { action=ACTION_DOWN, id[0]=0, x[0]=42.0, y[0]=271.0, toolType[0]=TOOL_TYPE_UNKNOWN, buttonState=0, metaState=0, flags=0x80000000, edgeFlags=0x0, pointerCount=1, historySize=0, eventTime=173716, downTime=173715, deviceId=0, source=0x1002 }
D/InputEventConsistencyVerifier(  414):   2: sent at 173593000000, MotionEvent { action=ACTION_DOWN, id[0]=0, x[0]=30.0, y[0]=630.0, toolType[0]=TOOL_TYPE_UNKNOWN, buttonState=0, metaState=0, flags=0x0, edgeFlags=0x0, pointerCount=1, historySize=0, eventTime=173593, downTime=173592, deviceId=0, source=0x1002 }
D/InputEventConsistencyVerifier(  414):   3: sent at 173448000000, MotionEvent { action=ACTION_UP, id[0]=0, x[0]=269.0, y[0]=6.0, toolType[0]=TOOL_TYPE_UNKNOWN, buttonState=0, metaState=0, flags=0x0, edgeFlags=0x0, pointerCount=1, historySize=0, eventTime=173448, downTime=173419, deviceId=0, source=0x1002 }
D/InputEventConsistencyVerifier(  414):   4: sent at 173433000000, MotionEvent { action=ACTION_DOWN, id[0]=0, x[0]=274.0, y[0]=2.0, toolType[0]=TOOL_TYPE_UNKNOWN, buttonState=0, metaState=0, flags=0x80000000, edgeFlags=0x0, pointerCount=1, historySize=0, eventTime=173433, downTime=173419, deviceId=0, source=0x1002 }
D/InputEventConsistencyVerifier(  414):   5: sent at 158985000000, MotionEvent { action=ACTION_DOWN, id[0]=0, x[0]=442.0, y[0]=618.0, toolType[0]=TOOL_TYPE_UNKNOWN, buttonState=0, metaState=0, flags=0x80000000, edgeFlags=0x0, pointerCount=1, historySize=0, eventTime=158985, downTime=158985, deviceId=0, source=0x1002 }
W/dalvikvm(  414): DroidBox: { "FdAccess": { "path": "2f70726f632f6d656d696e666f", "id": "2169026" } }
W/DroidBox(  414): DroidBox: { "FileRW": { "operation": "read", "data": "4d656d546f74616c3a202020202020202020373438393634206b420a4d656d467265653a20202020202020202020343339303634206b420a427566666572733a20202020202020202020202035353332206b420a4361636865643a202020202020202020", "id": "2169026" } }
W/dalvikvm(  414): DroidBox: { "FdAccess": { "path": "2f70726f632f6d656d696e666f", "id": "242585188" } }
W/DroidBox(  414): DroidBox: { "FileRW": { "operation": "read", "data": "4d656d546f74616c3a202020202020202020373438393634206b420a4d656d467265653a20202020202020202020343339303634206b420a427566666572733a20202020202020202020202035353332206b420a4361636865643a202020202020202020", "id": "242585188" } }
I/Choreographer(  414): Skipped 66 frames!  The application may be doing too much work on its main thread.
W/dalvikvm(  414): DroidBox: { "FdAccess": { "path": "2f70726f632f6d656d696e666f", "id": "338201396" } }
W/DroidBox(  414): DroidBox: { "FileRW": { "operation": "read", "data": "4d656d546f74616c3a202020202020202020373438393634206b420a4d656d467265653a20202020202020202020343339303634206b420a427566666572733a20202020202020202020202035353332206b420a4361636865643a202020202020202020", "id": "338201396" } }
V/PhoneStatusBar(  414): setLightsOn(true)
D/PhoneStatusBar(  414): disable: < expand icons alerts TICKER* system_info back home recent clock >
W/dalvikvm(  414): DroidBox: { "FdAccess": { "path": "2f70726f632f6d656d696e666f", "id": "1835873952" } }
W/DroidBox(  414): DroidBox: { "FileRW": { "operation": "read", "data": "4d656d546f74616c3a202020202020202020373438393634206b420a4d656d467265653a20202020202020202020343339303634206b420a427566666572733a20202020202020202020202035353332206b420a4361636865643a202020202020202020", "id": "1835873952" } }
D/InputEventConsistencyVerifier(  414): KeyEvent: ACTION_UP but key was not down.
D/InputEventConsistencyVerifier(  414):   in com.android.systemui.statusbar.phone.StatusBarWindowView@b3e92248
D/InputEventConsistencyVerifier(  414):   0: sent at 184454000000, KeyEvent { action=ACTION_UP, keyCode=KEYCODE_DPAD_CENTER, scanCode=0, metaState=0, flags=0x8, repeatCount=0, eventTime=184454, downTime=184454, deviceId=-1, source=0x101 }
D/InputEventConsistencyVerifier(  414):   -- recent events --
D/InputEventConsistencyVerifier(  414):   1: sent at 183946000000, MotionEvent { action=ACTION_UP, id[0]=0, x[0]=302.0, y[0]=0.0, toolType[0]=TOOL_TYPE_UNKNOWN, buttonState=0, metaState=0, flags=0x0, edgeFlags=0x0, pointerCount=1, historySize=0, eventTime=183946, downTime=183876, deviceId=0, source=0x1002 }
D/InputEventConsistencyVerifier(  414):   2: sent at 183944000000, MotionEvent { action=ACTION_MOVE, id[0]=0, x[0]=308.0, y[0]=0.0, toolType[0]=TOOL_TYPE_UNKNOWN, buttonState=0, metaState=0, flags=0x0, edgeFlags=0x0, pointerCount=1, historySize=4, eventTime=183944, downTime=183876, deviceId=0, source=0x1002 }
D/InputEventConsistencyVerifier(  414):   3: sent at 183879000000, MotionEvent { action=ACTION_DOWN, id[0]=0, x[0]=374.0, y[0]=20.0, toolType[0]=TOOL_TYPE_UNKNOWN, buttonState=0, metaState=0, flags=0x0, edgeFlags=0x0, pointerCount=1, historySize=0, eventTime=183879, downTime=183876, deviceId=0, source=0x1002 }
D/InputEventConsistencyVerifier(  414):   4: sent at 174443000000, (unhandled) KeyEvent { action=ACTION_UP, keyCode=KEYCODE_DPAD_CENTER, scanCode=0, metaState=0, flags=0x28, repeatCount=0, eventTime=174443, downTime=174408, deviceId=-1, source=0x101 }
D/InputEventConsistencyVerifier(  414):   5: sent at 174408000000, (unhandled) KeyEvent { action=ACTION_DOWN, keyCode=KEYCODE_DPAD_CENTER, scanCode=0, metaState=0, flags=0x8, repeatCount=0, eventTime=174408, downTime=174408, deviceId=-1, source=0x101 }
I/Choreographer(  414): Skipped 49 frames!  The application may be doing too much work on its main thread.
W/dalvikvm(  414): DroidBox: { "FdAccess": { "path": "2f70726f632f6d656d696e666f", "id": "909879325" } }
W/InputMethodManagerService(  221): Window already focused, ignoring focus gain of: com.android.internal.view.IInputMethodClient$Stub$Proxy@b42df848 attribute=null
E/WVMExtractor(   62): Failed to open libwvm.so
W/DroidBox(  414): DroidBox: { "FileRW": { "operation": "read", "data": "4d656d546f74616c3a202020202020202020373438393634206b420a4d656d467265653a20202020202020202020343337393438206b420a427566666572733a20202020202020202020202035353332206b420a4361636865643a202020202020202020", "id": "909879325" } }
W/dalvikvm(  414): DroidBox: { "FdAccess": { "path": "2f70726f632f6d656d696e666f", "id": "301455257" } }
W/DroidBox(  414): DroidBox: { "FileRW": { "operation": "read", "data": "4d656d546f74616c3a202020202020202020373438393634206b420a4d656d467265653a20202020202020202020343337373030206b420a427566666572733a20202020202020202020202035353332206b420a4361636865643a202020202020202020", "id": "301455257" } }
D/InputEventConsistencyVerifier(  414): KeyEvent: ACTION_UP but key was not down.
D/InputEventConsistencyVerifier(  414):   in com.android.systemui.statusbar.phone.StatusBarWindowView@b3e92248
D/InputEventConsistencyVerifier(  414):   0: sent at 184654000000, KeyEvent { action=ACTION_UP, keyCode=KEYCODE_DPAD_UP, scanCode=0, metaState=0, flags=0x8, repeatCount=0, eventTime=184654, downTime=184654, deviceId=-1, source=0x101 }
D/InputEventConsistencyVerifier(  414):   -- recent events --
D/InputEventConsistencyVerifier(  414):   1: sent at 184560000000, MotionEvent { action=ACTION_UP, id[0]=0, x[0]=324.0, y[0]=372.0, toolType[0]=TOOL_TYPE_UNKNOWN, buttonState=0, metaState=0, flags=0x0, edgeFlags=0x0, pointerCount=1, historySize=0, eventTime=184560, downTime=184519, deviceId=0, source=0x1002 }
D/InputEventConsistencyVerifier(  414):   2: sent at 184520000000, MotionEvent { action=ACTION_DOWN, id[0]=0, x[0]=329.0, y[0]=380.0, toolType[0]=TOOL_TYPE_UNKNOWN, buttonState=0, metaState=0, flags=0x0, edgeFlags=0x0, pointerCount=1, historySize=0, eventTime=184520, downTime=184519, deviceId=0, source=0x1002 }
D/InputEventConsistencyVerifier(  414):   3: sent at 184454000000, (unhandled) KeyEvent { action=ACTION_UP, keyCode=KEYCODE_DPAD_CENTER, scanCode=0, metaState=0, flags=0x80000008, repeatCount=0, eventTime=184454, downTime=184454, deviceId=-1, source=0x101 }
D/InputEventConsistencyVerifier(  414):   4: sent at 183946000000, MotionEvent { action=ACTION_UP, id[0]=0, x[0]=302.0, y[0]=0.0, toolType[0]=TOOL_TYPE_UNKNOWN, buttonState=0, metaState=0, flags=0x0, edgeFlags=0x0, pointerCount=1, historySize=0, eventTime=183946, downTime=183876, deviceId=0, source=0x1002 }
D/InputEventConsistencyVerifier(  414):   5: sent at 183944000000, MotionEvent { action=ACTION_MOVE, id[0]=0, x[0]=308.0, y[0]=0.0, toolType[0]=TOOL_TYPE_UNKNOWN, buttonState=0, metaState=0, flags=0x0, edgeFlags=0x0, pointerCount=1, historySize=4, eventTime=183944, downTime=183876, deviceId=0, source=0x1002 }
D/InputEventConsistencyVerifier(  414): TouchEvent: ACTION_DOWN but pointers are already down.  Probably missing ACTION_UP from previous gesture.
D/InputEventConsistencyVerifier(  414):   in android.view.ScaleGestureDetector@b3f31fa0
D/InputEventConsistencyVerifier(  414):   0: sent at 184728000000, MotionEvent { action=ACTION_DOWN, id[0]=0, x[0]=436.0, y[0]=252.0, toolType[0]=TOOL_TYPE_UNKNOWN, buttonState=0, metaState=0, flags=0x0, edgeFlags=0x0, pointerCount=1, historySize=0, eventTime=184728, downTime=184726, deviceId=0, source=0x1002 }
D/InputEventConsistencyVerifier(  414):   -- recent events --
D/InputEventConsistencyVerifier(  414):   1: sent at 184520000000, MotionEvent { action=ACTION_DOWN, id[0]=0, x[0]=329.0, y[0]=380.0, toolType[0]=TOOL_TYPE_UNKNOWN, buttonState=0, metaState=0, flags=0x0, edgeFlags=0x0, pointerCount=1, historySize=0, eventTime=184520, downTime=184519, deviceId=0, source=0x1002 }
D/InputEventConsistencyVerifier(  414):   2: sent at 183946000000, MotionEvent { action=ACTION_UP, id[0]=0, x[0]=302.0, y[0]=0.0, toolType[0]=TOOL_TYPE_UNKNOWN, buttonState=0, metaState=0, flags=0x0, edgeFlags=0x0, pointerCount=1, historySize=0, eventTime=183946, downTime=183876, deviceId=0, source=0x1002 }
D/InputEventConsistencyVerifier(  414):   3: sent at 183944000000, MotionEvent { action=ACTION_MOVE, id[0]=0, x[0]=308.0, y[0]=0.0, toolType[0]=TOOL_TYPE_UNKNOWN, buttonState=0, metaState=0, flags=0x0, edgeFlags=0x0, pointerCount=1, historySize=4, eventTime=183944, downTime=183876, deviceId=0, source=0x1002 }
D/InputEventConsistencyVerifier(  414):   4: sent at 183879000000, MotionEvent { action=ACTION_DOWN, id[0]=0, x[0]=374.0, y[0]=20.0, toolType[0]=TOOL_TYPE_UNKNOWN, buttonState=0, metaState=0, flags=0x80000000, edgeFlags=0x0, pointerCount=1, historySize=0, eventTime=183879, downTime=183876, deviceId=0, source=0x1002 }
D/InputEventConsistencyVerifier(  414):   5: sent at 173716000000, MotionEvent { action=ACTION_DOWN, id[0]=0, x[0]=42.0, y[0]=271.0, toolType[0]=TOOL_TYPE_UNKNOWN, buttonState=0, metaState=0, flags=0x80000000, edgeFlags=0x0, pointerCount=1, historySize=0, eventTime=173716, downTime=173715, deviceId=0, source=0x1002 }
I/Choreographer(  414): Skipped 58 frames!  The application may be doing too much work on its main thread.
D/InputEventConsistencyVerifier(  414): KeyEvent: ACTION_UP but key was not down.
D/InputEventConsistencyVerifier(  414):   in com.android.systemui.statusbar.phone.StatusBarWindowView@b3e92248
D/InputEventConsistencyVerifier(  414):   0: sent at 184893000000, KeyEvent { action=ACTION_UP, keyCode=KEYCODE_DPAD_UP, scanCode=0, metaState=0, flags=0x400, repeatCount=0, eventTime=184893, downTime=184893, deviceId=-1, source=0x101 }
D/InputEventConsistencyVerifier(  414):   -- recent events --
D/InputEventConsistencyVerifier(  414):   1: sent at 184720000000, (unhandled) MotionEvent { action=ACTION_MOVE, id[0]=0, x[0]=0.0, y[0]=-3.0, toolType[0]=TOOL_TYPE_UNKNOWN, buttonState=0, metaState=0, flags=0x0, edgeFlags=0x0, pointerCount=1, historySize=9, eventTime=184720, downTime=-1, deviceId=0, source=0x10004 }
D/InputEventConsistencyVerifier(  414):   2: sent at 184764000000, MotionEvent { action=ACTION_UP, id[0]=0, x[0]=419.0, y[0]=226.0, toolType[0]=TOOL_TYPE_UNKNOWN, buttonState=0, metaState=0, flags=0x0, edgeFlags=0x0, pointerCount=1, historySize=0, eventTime=184764, downTime=184726, deviceId=0, source=0x1002 }
D/InputEventConsistencyVerifier(  414):   3: sent at 184762000000, MotionEvent { action=ACTION_MOVE, id[0]=0, x[0]=426.0, y[0]=237.0, toolType[0]=TOOL_TYPE_UNKNOWN, buttonState=0, metaState=0, flags=0x0, edgeFlags=0x0, pointerCount=1, historySize=1, eventTime=184762, downTime=184726, deviceId=0, source=0x1002 }
D/InputEventConsistencyVerifier(  414):   4: sent at 184728000000, MotionEvent { action=ACTION_DOWN, id[0]=0, x[0]=436.0, y[0]=252.0, toolType[0]=TOOL_TYPE_UNKNOWN, buttonState=0, metaState=0, flags=0x0, edgeFlags=0x0, pointerCount=1, historySize=0, eventTime=184728, downTime=184726, deviceId=0, source=0x1002 }
D/InputEventConsistencyVerifier(  414):   5: sent at 184654000000, (unhandled) KeyEvent { action=ACTION_UP, keyCode=KEYCODE_DPAD_UP, scanCode=0, metaState=0, flags=0x80000008, repeatCount=0, eventTime=184654, downTime=184654, deviceId=-1, source=0x101 }
W/dalvikvm(  414): DroidBox: { "FdAccess": { "path": "2f70726f632f6d656d696e666f", "id": "746746815" } }
W/DroidBox(  414): DroidBox: { "FileRW": { "operation": "read", "data": "4d656d546f74616c3a202020202020202020373438393634206b420a4d656d467265653a20202020202020202020343337373030206b420a427566666572733a20202020202020202020202035353332206b420a4361636865643a202020202020202020", "id": "746746815" } }
D/InputEventConsistencyVerifier(  414): TouchEvent: ACTION_DOWN but pointers are already down.  Probably missing ACTION_UP from previous gesture.
D/InputEventConsistencyVerifier(  414):   in android.view.ScaleGestureDetector@b3f31fa0
D/InputEventConsistencyVerifier(  414):   0: sent at 184961000000, MotionEvent { action=ACTION_DOWN, id[0]=0, x[0]=242.0, y[0]=668.0, toolType[0]=TOOL_TYPE_UNKNOWN, buttonState=0, metaState=0, flags=0x0, edgeFlags=0x0, pointerCount=1, historySize=0, eventTime=184961, downTime=184920, deviceId=0, source=0x1002 }
D/InputEventConsistencyVerifier(  414):   -- recent events --
D/InputEventConsistencyVerifier(  414):   1: sent at 184762000000, MotionEvent { action=ACTION_MOVE, id[0]=0, x[0]=426.0, y[0]=237.0, toolType[0]=TOOL_TYPE_UNKNOWN, buttonState=0, metaState=0, flags=0x0, edgeFlags=0x0, pointerCount=1, historySize=1, eventTime=184762, downTime=184726, deviceId=0, source=0x1002 }
D/InputEventConsistencyVerifier(  414):   2: sent at 184728000000, MotionEvent { action=ACTION_DOWN, id[0]=0, x[0]=436.0, y[0]=252.0, toolType[0]=TOOL_TYPE_UNKNOWN, buttonState=0, metaState=0, flags=0x80000000, edgeFlags=0x0, pointerCount=1, historySize=0, eventTime=184728, downTime=184726, deviceId=0, source=0x1002 }
D/InputEventConsistencyVerifier(  414):   3: sent at 184520000000, MotionEvent { action=ACTION_DOWN, id[0]=0, x[0]=329.0, y[0]=380.0, toolType[0]=TOOL_TYPE_UNKNOWN, buttonState=0, metaState=0, flags=0x0, edgeFlags=0x0, pointerCount=1, historySize=0, eventTime=184520, downTime=184519, deviceId=0, source=0x1002 }
D/InputEventConsistencyVerifier(  414):   4: sent at 183946000000, MotionEvent { action=ACTION_UP, id[0]=0, x[0]=302.0, y[0]=0.0, toolType[0]=TOOL_TYPE_UNKNOWN, buttonState=0, metaState=0, flags=0x0, edgeFlags=0x0, pointerCount=1, historySize=0, eventTime=183946, downTime=183876, deviceId=0, source=0x1002 }
D/InputEventConsistencyVerifier(  414):   5: sent at 183944000000, MotionEvent { action=ACTION_MOVE, id[0]=0, x[0]=308.0, y[0]=0.0, toolType[0]=TOOL_TYPE_UNKNOWN, buttonState=0, metaState=0, flags=0x0, edgeFlags=0x0, pointerCount=1, historySize=4, eventTime=183944, downTime=183876, deviceId=0, source=0x1002 }
I/ActivityManager(  221): START {act=android.intent.action.MAIN cat=[android.intent.category.HOME] flg=0x10200000 cmp=com.android.launcher/com.android.launcher2.Launcher u=0} from pid 221
W/dalvikvm(  414): DroidBox: { "FdAccess": { "path": "2f70726f632f6d656d696e666f", "id": "328106934" } }
W/DroidBox(  414): DroidBox: { "FileRW": { "operation": "read", "data": "4d656d546f74616c3a202020202020202020373438393634206b420a4d656d467265653a20202020202020202020343337373030206b420a427566666572733a20202020202020202020202035353332206b420a4361636865643a202020202020202020", "id": "328106934" } }
W/dalvikvm(  414): DroidBox: { "FdAccess": { "path": "2f70726f632f6d656d696e666f", "id": "131891501" } }
W/DroidBox(  414): DroidBox: { "FileRW": { "operation": "read", "data": "4d656d546f74616c3a202020202020202020373438393634206b420a4d656d467265653a20202020202020202020343337373030206b420a427566666572733a20202020202020202020202035353332206b420a4361636865643a202020202020202020", "id": "131891501" } }
D/InputEventConsistencyVerifier(  414): KeyEvent: ACTION_UP but key was not down.
D/InputEventConsistencyVerifier(  414):   in com.android.systemui.statusbar.phone.StatusBarWindowView@b3e92248
D/InputEventConsistencyVerifier(  414):   0: sent at 185205000000, KeyEvent { action=ACTION_UP, keyCode=KEYCODE_DPAD_LEFT, scanCode=0, metaState=0, flags=0x8, repeatCount=0, eventTime=185205, downTime=185205, deviceId=-1, source=0x101 }
D/InputEventConsistencyVerifier(  414):   -- recent events --
D/InputEventConsistencyVerifier(  414):   1: sent at 185066000000, MotionEvent { action=ACTION_UP, id[0]=0, x[0]=219.0, y[0]=638.0, toolType[0]=TOOL_TYPE_UNKNOWN, buttonState=0, metaState=0, flags=0x0, edgeFlags=0x0, pointerCount=1, historySize=0, eventTime=185066, downTime=184920, deviceId=0, source=0x1002 }
D/InputEventConsistencyVerifier(  414):   2: sent at 185063000000, MotionEvent { action=ACTION_MOVE, id[0]=0, x[0]=225.0, y[0]=644.0, toolType[0]=TOOL_TYPE_UNKNOWN, buttonState=0, metaState=0, flags=0x0, edgeFlags=0x0, pointerCount=1, historySize=0, eventTime=185063, downTime=184920, deviceId=0, source=0x1002 }
D/InputEventConsistencyVerifier(  414):   3: sent at 185041500000, MotionEvent { action=ACTION_MOVE, id[0]=0, x[0]=224.5, y[0]=642.0, toolType[0]=TOOL_TYPE_UNKNOWN, buttonState=0, metaState=0, flags=0x0, edgeFlags=0x0, pointerCount=1, historySize=1, eventTime=185041, downTime=184920, deviceId=0, source=0x1002 }
