D/InputEventConsistencyVerifier(  620): KeyEvent: ACTION_UP but key was not down.
D/InputEventConsistencyVerifier(  620):   in com.android.internal.policy.impl.PhoneWindow$DecorView@b407a260
D/InputEventConsistencyVerifier(  620):   0: sent at 109322000000, KeyEvent { action=ACTION_UP, keyCode=KEYCODE_DPAD_RIGHT, scanCode=0, metaState=0, flags=0x8, repeatCount=0, eventTime=109322, downTime=109322, deviceId=-1, source=0x101 }
W/dalvikvm( 1043): DroidBox: { "FdAccess": { "path": "2f6465762f696e7075742f6576656e7430", "id": "2102436442" } }
W/DroidBox( 1043): DroidBox: { "FileRW": { "operation": "write", "data": "efbfbd060000efbfbdefbfbd0c000500000000000000", "id": "2102436442" } }
I/ActivityManager(  224): START {act=android.search.action.GLOBAL_SEARCH flg=0x10000000 cmp=com.android.quicksearchbox/.SearchActivity bnds=[5,43][475,103] (has extras) u=0} from pid 620
I/Choreographer(  620): Skipped 31 frames!  The application may be doing too much work on its main thread.
I/dalvikvm-heap(  620): Grow heap (frag case) to 15.135MB for 1463056-byte allocation
I/qtaguid (  224): Failed write_ctrl(s 1 10050) res=-1 errno=1
W/NetworkManagementSocketTagger(  224): setKernelCountSet(10050, 1) failed with errno -1
E/Trace   ( 1061): error opening trace file: No such file or directory (2)
W/DroidBox( 1061): DroidBox: { "DexClassLoader": { "path": "/data/app/com.yolocker.icslock-1.apk" } }
W/InputMethodManagerService(  224): Starting input on non-focused client com.android.internal.view.IInputMethodClient$Stub$Proxy@b41994c8 (uid=10019 pid=620)
D/InputEventConsistencyVerifier(  620): KeyEvent: ACTION_UP but key was not down.
D/InputEventConsistencyVerifier(  620):   in com.android.launcher2.Cling@b40c6690
D/InputEventConsistencyVerifier(  620):   0: sent at 109611000000, KeyEvent { action=ACTION_UP, keyCode=KEYCODE_DPAD_DOWN, scanCode=0, metaState=0, flags=0x8, repeatCount=0, eventTime=109611, downTime=109611, deviceId=-1, source=0x101 }
I/Choreographer(  620): Skipped 245 frames!  The application may be doing too much work on its main thread.
E/WVMExtractor(   61): Failed to open libwvm.so
E/WVMExtractor(   61): Failed to open libwvm.so
I/BugSenseHandler( 1061): Registering default exceptions handler
D/BugSenseHandler( 1061): Looking for exceptions in: /data/data/com.yolocker.icslock/files
D/BugSenseHandler( 1061): Found 0 stacktrace(s)
E/WVMExtractor(   61): Failed to open libwvm.so
E/WVMExtractor(   61): Failed to open libwvm.so
W/DroidBox( 1061): DroidBox: { "ServiceStart": { "name": "com.apperhand.device.android.AndroidSDKProvider" } }
E/WVMExtractor(   61): Failed to open libwvm.so
E/WVMExtractor(   61): Failed to open libwvm.so
E/WVMExtractor(   61): Failed to open libwvm.so
E/WVMExtractor(   61): Failed to open libwvm.so
W/dalvikvm(  224): DroidBox: { "FdAccess": { "path": "2f70726f632f313034332f636d646c696e65", "id": "1709801327" } }
W/DroidBox(  224): DroidBox: { "FileRW": { "operation": "read", "data": "636f6d2e616e64726f69642e636f6d6d616e64732e6d6f6e6b65790000000000000000000000000000000000000000000000000000000000000000000000000000000000000000000000000000000000000000000000000000000000333937622e61706b", "id": "1709801327" } }
W/dalvikvm(  224): DroidBox: { "FdAccess": { "path": "2f70726f632f313036312f636d646c696e65", "id": "623461897" } }
W/DroidBox(  224): DroidBox: { "FileRW": { "operation": "read", "data": "636f6d2e796f6c6f636b65722e6963736c6f636b000000000000000000000000000000000000000000000000000000000000000000000000000000000000000000000000000000000000000000000000000000000000000000000000333937622e61706b", "id": "623461897" } }
D/PackageManager(  224): generateServicesMap(android.accounts.AccountAuthenticator): 2 services unchanged
D/PackageManager(  224): generateServicesMap(android.content.SyncAdapter): 4 services unchanged
W/dalvikvm( 1061): DroidBox: { "FdAccess": { "path": "2f6465762f7572616e646f6d", "id": "1390440636" } }
W/DroidBox( 1061): DroidBox: { "FileRW": { "operation": "read", "data": "743f67efbfbdefbfbd0561efbfbd5b4cefbfbd38efbfbd64efbfbdefbfbdefbfbdefbfbd01efbfbd", "id": "1390440636" } }
I/InputReader(  224): Reconfiguring input devices.  changes=0x00000010
W/dalvikvm(  905): DroidBox: { "FdAccess": { "path": "2f646174612f646174612f636f6d2e616e64726f69642e67616c6c65727933642f7368617265645f70726566732f636f6d2e616e64726f69642e67616c6c65727933645f707265666572656e6365732e786d6c", "id": "326511715" } }
W/DroidBox(  905): DroidBox: { "FileRW": { "operation": "write", "data": "3c3f786d6c2076657273696f6e3d27312e302720656e636f64696e673d277574662d3827207374616e64616c6f6e653d2779657327203f3e0a3c6d61703e0a3c696e74206e616d653d227061636b616765732d76657273696f6e222076616c75653d2238", "id": "326511715" } }
I/AccountTypeManager(  700): Loaded meta-data for 1 account types, 0 accounts in 140ms(wall) 0ms(cpu)
W/DroidBox( 1061): DroidBox: { "ServiceStart": { "name": "com.yolocker.icslock.AppService" } }
E/WVMExtractor(   61): Failed to open libwvm.so
I/AND.Provider( 1061): onCreate
I/InputDispatcher(  224): Application is not responding: AppWindowToken{b4261e20 token=Token{b4033700 ActivityRecord{b4033488 com.yolocker.icslock/.MoreAppsActivity}}}.  It has been 5406.9ms since event, 5005.1ms since wait started.  Reason: Waiting because no window has focus but there is a focused application that may eventually add a window when it finishes starting up.
I/WindowManager(  224): Input event dispatching timed out sending to application AppWindowToken{b4261e20 token=Token{b4033700 ActivityRecord{b4033488 com.yolocker.icslock/.MoreAppsActivity}}}
W/dalvikvm( 1061): DroidBox: { "FdAccess": { "path": "2f70726f632f6d656d696e666f", "id": "1574822578" } }
W/DroidBox( 1061): DroidBox: { "FileRW": { "operation": "read", "data": "4d656d546f74616c3a202020202020202020373438393634206b420a4d656d467265653a20202020202020202020343534363434206b420a427566666572733a20202020202020202020202035343834206b420a4361636865643a202020202020202020", "id": "1574822578" } }
I/Process (  224): Sending signal. PID: 1061 SIG: 3
E/WVMExtractor(   61): Failed to open libwvm.so
I/Process (  224): Sending signal. PID: 224 SIG: 3
I/Process (  224): Sending signal. PID: 417 SIG: 3
I/Process (  224): Sending signal. PID: 489 SIG: 3
W/dalvikvm(  224): DroidBox: { "FdAccess": { "path": "2f70726f632f312f636d646c696e65", "id": "1567030471" } }
W/DroidBox(  224): DroidBox: { "FileRW": { "operation": "read", "data": "2f696e69740000000000000000000000000000000000000000000000000000000000000000000000000000000000000000000000000000000000000000000000000000000000000000000000000000000000000000000000000000000000000000000000", "id": "1567030471" } }
W/dalvikvm(  224): DroidBox: { "FdAccess": { "path": "2f70726f632f322f636d646c696e65", "id": "712398881" } }
W/DroidBox(  224): DroidBox: { "FileRW": { "operation": "read", "data": "2f696e69740000000000000000000000000000000000000000000000000000000000000000000000000000000000000000000000000000000000000000000000000000000000000000000000000000000000000000000000000000000000000000000000", "id": "712398881" } }
W/dalvikvm(  224): DroidBox: { "FdAccess": { "path": "2f70726f632f332f636d646c696e65", "id": "1850829972" } }
W/DroidBox(  224): DroidBox: { "FileRW": { "operation": "read", "data": "2f696e69740000000000000000000000000000000000000000000000000000000000000000000000000000000000000000000000000000000000000000000000000000000000000000000000000000000000000000000000000000000000000000000000", "id": "1850829972" } }
W/dalvikvm(  224): DroidBox: { "FdAccess": { "path": "2f70726f632f342f636d646c696e65", "id": "1848196183" } }
W/DroidBox(  224): DroidBox: { "FileRW": { "operation": "read", "data": "2f696e69740000000000000000000000000000000000000000000000000000000000000000000000000000000000000000000000000000000000000000000000000000000000000000000000000000000000000000000000000000000000000000000000", "id": "1848196183" } }
W/dalvikvm(  224): DroidBox: { "FdAccess": { "path": "2f70726f632f352f636d646c696e65", "id": "1405622744" } }
W/DroidBox(  224): DroidBox: { "FileRW": { "operation": "read", "data": "2f696e69740000000000000000000000000000000000000000000000000000000000000000000000000000000000000000000000000000000000000000000000000000000000000000000000000000000000000000000000000000000000000000000000", "id": "1405622744" } }
W/dalvikvm(  224): DroidBox: { "FdAccess": { "path": "2f70726f632f362f636d646c696e65", "id": "128220257" } }
W/DroidBox(  224): DroidBox: { "FileRW": { "operation": "read", "data": "2f696e69740000000000000000000000000000000000000000000000000000000000000000000000000000000000000000000000000000000000000000000000000000000000000000000000000000000000000000000000000000000000000000000000", "id": "128220257" } }
W/dalvikvm(  224): DroidBox: { "FdAccess": { "path": "2f70726f632f372f636d646c696e65", "id": "1674229264" } }
W/DroidBox(  224): DroidBox: { "FileRW": { "operation": "read", "data": "2f696e69740000000000000000000000000000000000000000000000000000000000000000000000000000000000000000000000000000000000000000000000000000000000000000000000000000000000000000000000000000000000000000000000", "id": "1674229264" } }
W/dalvikvm(  224): DroidBox: { "FdAccess": { "path": "2f70726f632f382f636d646c696e65", "id": "1841172133" } }
W/DroidBox(  224): DroidBox: { "FileRW": { "operation": "read", "data": "2f696e69740000000000000000000000000000000000000000000000000000000000000000000000000000000000000000000000000000000000000000000000000000000000000000000000000000000000000000000000000000000000000000000000", "id": "1841172133" } }
W/dalvikvm(  224): DroidBox: { "FdAccess": { "path": "2f70726f632f392f636d646c696e65", "id": "1147518888" } }
W/DroidBox(  224): DroidBox: { "FileRW": { "operation": "read", "data": "2f696e69740000000000000000000000000000000000000000000000000000000000000000000000000000000000000000000000000000000000000000000000000000000000000000000000000000000000000000000000000000000000000000000000", "id": "1147518888" } }
W/dalvikvm(  224): DroidBox: { "FdAccess": { "path": "2f70726f632f31302f636d646c696e65", "id": "1358798910" } }
W/DroidBox(  224): DroidBox: { "FileRW": { "operation": "read", "data": "2f696e69740000000000000000000000000000000000000000000000000000000000000000000000000000000000000000000000000000000000000000000000000000000000000000000000000000000000000000000000000000000000000000000000", "id": "1358798910" } }
W/dalvikvm(  224): DroidBox: { "FdAccess": { "path": "2f70726f632f31312f636d646c696e65", "id": "1517615675" } }
W/DroidBox(  224): DroidBox: { "FileRW": { "operation": "read", "data": "2f696e69740000000000000000000000000000000000000000000000000000000000000000000000000000000000000000000000000000000000000000000000000000000000000000000000000000000000000000000000000000000000000000000000", "id": "1517615675" } }
W/dalvikvm(  224): DroidBox: { "FdAccess": { "path": "2f70726f632f31322f636d646c696e65", "id": "1979213698" } }
W/DroidBox(  224): DroidBox: { "FileRW": { "operation": "read", "data": "2f696e69740000000000000000000000000000000000000000000000000000000000000000000000000000000000000000000000000000000000000000000000000000000000000000000000000000000000000000000000000000000000000000000000", "id": "1979213698" } }
W/dalvikvm(  224): DroidBox: { "FdAccess": { "path": "2f70726f632f31332f636d646c696e65", "id": "937786402" } }
W/DroidBox(  224): DroidBox: { "FileRW": { "operation": "read", "data": "2f696e69740000000000000000000000000000000000000000000000000000000000000000000000000000000000000000000000000000000000000000000000000000000000000000000000000000000000000000000000000000000000000000000000", "id": "937786402" } }
W/dalvikvm(  224): DroidBox: { "FdAccess": { "path": "2f70726f632f31342f636d646c696e65", "id": "325677287" } }
W/DroidBox(  224): DroidBox: { "FileRW": { "operation": "read", "data": "2f696e69740000000000000000000000000000000000000000000000000000000000000000000000000000000000000000000000000000000000000000000000000000000000000000000000000000000000000000000000000000000000000000000000", "id": "325677287" } }
W/dalvikvm(  224): DroidBox: { "FdAccess": { "path": "2f70726f632f32352f636d646c696e65", "id": "1241065641" } }
W/DroidBox(  224): DroidBox: { "FileRW": { "operation": "read", "data": "2f696e69740000000000000000000000000000000000000000000000000000000000000000000000000000000000000000000000000000000000000000000000000000000000000000000000000000000000000000000000000000000000000000000000", "id": "1241065641" } }
W/dalvikvm(  224): DroidBox: { "FdAccess": { "path": "2f70726f632f32362f636d646c696e65", "id": "1616604484" } }
W/DroidBox(  224): DroidBox: { "FileRW": { "operation": "read", "data": "2f696e69740000000000000000000000000000000000000000000000000000000000000000000000000000000000000000000000000000000000000000000000000000000000000000000000000000000000000000000000000000000000000000000000", "id": "1616604484" } }
W/dalvikvm(  224): DroidBox: { "FdAccess": { "path": "2f70726f632f32372f636d646c696e65", "id": "296718182" } }
W/DroidBox(  224): DroidBox: { "FileRW": { "operation": "read", "data": "2f696e69740000000000000000000000000000000000000000000000000000000000000000000000000000000000000000000000000000000000000000000000000000000000000000000000000000000000000000000000000000000000000000000000", "id": "296718182" } }
W/dalvikvm(  224): DroidBox: { "FdAccess": { "path": "2f70726f632f32382f636d646c696e65", "id": "2100939108" } }
W/DroidBox(  224): DroidBox: { "FileRW": { "operation": "read", "data": "2f696e69740000000000000000000000000000000000000000000000000000000000000000000000000000000000000000000000000000000000000000000000000000000000000000000000000000000000000000000000000000000000000000000000", "id": "2100939108" } }
W/dalvikvm(  224): DroidBox: { "FdAccess": { "path": "2f70726f632f32392f636d646c696e65", "id": "1938387259" } }
W/DroidBox(  224): DroidBox: { "FileRW": { "operation": "read", "data": "2f696e69740000000000000000000000000000000000000000000000000000000000000000000000000000000000000000000000000000000000000000000000000000000000000000000000000000000000000000000000000000000000000000000000", "id": "1938387259" } }
W/dalvikvm(  224): DroidBox: { "FdAccess": { "path": "2f70726f632f33302f636d646c696e65", "id": "2147032716" } }
W/DroidBox(  224): DroidBox: { "FileRW": { "operation": "read", "data": "2f696e69740000000000000000000000000000000000000000000000000000000000000000000000000000000000000000000000000000000000000000000000000000000000000000000000000000000000000000000000000000000000000000000000", "id": "2147032716" } }
W/dalvikvm(  224): DroidBox: { "FdAccess": { "path": "2f70726f632f33312f636d646c696e65", "id": "795277631" } }
W/DroidBox(  224): DroidBox: { "FileRW": { "operation": "read", "data": "2f7362696e2f756576656e7464000000000000000000000000000000000000000000000000000000000000000000000000000000000000000000000000000000000000000000000000000000000000000000000000000000000000000000000000000000", "id": "795277631" } }
W/dalvikvm(  224): DroidBox: { "FdAccess": { "path": "2f70726f632f33332f636d646c696e65", "id": "273793925" } }
W/DroidBox(  224): DroidBox: { "FileRW": { "operation": "read", "data": "2f7362696e2f756576656e7464000000000000000000000000000000000000000000000000000000000000000000000000000000000000000000000000000000000000000000000000000000000000000000000000000000000000000000000000000000", "id": "273793925" } }
W/dalvikvm(  224): DroidBox: { "FdAccess": { "path": "2f70726f632f33342f636d646c696e65", "id": "58573751" } }
W/DroidBox(  224): DroidBox: { "FileRW": { "operation": "read", "data": "2f7362696e2f756576656e7464000000000000000000000000000000000000000000000000000000000000000000000000000000000000000000000000000000000000000000000000000000000000000000000000000000000000000000000000000000", "id": "58573751" } }
W/dalvikvm(  224): DroidBox: { "FdAccess": { "path": "2f70726f632f33382f636d646c696e65", "id": "372783771" } }
W/DroidBox(  224): DroidBox: { "FileRW": { "operation": "read", "data": "2f7362696e2f756576656e7464000000000000000000000000000000000000000000000000000000000000000000000000000000000000000000000000000000000000000000000000000000000000000000000000000000000000000000000000000000", "id": "372783771" } }
W/dalvikvm(  224): DroidBox: { "FdAccess": { "path": "2f70726f632f34302f636d646c696e65", "id": "745671621" } }
W/DroidBox(  224): DroidBox: { "FileRW": { "operation": "read", "data": "2f7362696e2f756576656e7464000000000000000000000000000000000000000000000000000000000000000000000000000000000000000000000000000000000000000000000000000000000000000000000000000000000000000000000000000000", "id": "745671621" } }
W/dalvikvm(  224): DroidBox: { "FdAccess": { "path": "2f70726f632f34312f636d646c696e65", "id": "1573435162" } }
W/DroidBox(  224): DroidBox: { "FileRW": { "operation": "read", "data": "2f7362696e2f756576656e7464000000000000000000000000000000000000000000000000000000000000000000000000000000000000000000000000000000000000000000000000000000000000000000000000000000000000000000000000000000", "id": "1573435162" } }
W/dalvikvm(  224): DroidBox: { "FdAccess": { "path": "2f70726f632f34342f636d646c696e65", "id": "762468874" } }
W/DroidBox(  224): DroidBox: { "FileRW": { "operation": "read", "data": "2f7362696e2f756576656e7464000000000000000000000000000000000000000000000000000000000000000000000000000000000000000000000000000000000000000000000000000000000000000000000000000000000000000000000000000000", "id": "762468874" } }
W/dalvikvm(  224): DroidBox: { "FdAccess": { "path": "2f70726f632f34362f636d646c696e65", "id": "258254506" } }
W/DroidBox(  224): DroidBox: { "FileRW": { "operation": "read", "data": "2f7362696e2f756576656e7464000000000000000000000000000000000000000000000000000000000000000000000000000000000000000000000000000000000000000000000000000000000000000000000000000000000000000000000000000000", "id": "258254506" } }
W/dalvikvm(  224): DroidBox: { "FdAccess": { "path": "2f70726f632f34372f636d646c696e65", "id": "380202956" } }
W/DroidBox(  224): DroidBox: { "FileRW": { "operation": "read", "data": "2f7362696e2f756576656e7464000000000000000000000000000000000000000000000000000000000000000000000000000000000000000000000000000000000000000000000000000000000000000000000000000000000000000000000000000000", "id": "380202956" } }
W/dalvikvm(  224): DroidBox: { "FdAccess": { "path": "2f70726f632f34382f636d646c696e65", "id": "1978541356" } }
W/DroidBox(  224): DroidBox: { "FileRW": { "operation": "read", "data": "2f73797374656d2f62696e2f71656d75640000000000000000000000000000000000000000000000000000000000000000000000000000000000000000000000000000000000000000000000000000000000000000000000000000000000000000000000", "id": "1978541356" } }
W/dalvikvm(  224): DroidBox: { "FdAccess": { "path": "2f70726f632f35322f636d646c696e65", "id": "2139775466" } }
W/DroidBox(  224): DroidBox: { "FileRW": { "operation": "read", "data": "2f73797374656d2f62696e2f736572766963656d616e616765720000000000000000000000000000000000000000000000000000000000000000000000000000000000000000000000000000000000000000000000000000000000000000000000000000", "id": "2139775466" } }
W/dalvikvm(  224): DroidBox: { "FdAccess": { "path": "2f70726f632f35332f636d646c696e65", "id": "1417461768" } }
W/DroidBox(  224): DroidBox: { "FileRW": { "operation": "read", "data": "2f73797374656d2f62696e2f766f6c640063656d616e616765720000000000000000000000000000000000000000000000000000000000000000000000000000000000000000000000000000000000000000000000000000000000000000000000000000", "id": "1417461768" } }
W/dalvikvm(  224): DroidBox: { "FdAccess": { "path": "2f70726f632f35352f636d646c696e65", "id": "96228136" } }
W/DroidBox(  224): DroidBox: { "FileRW": { "operation": "read", "data": "2f73797374656d2f62696e2f6e6574640063656d616e616765720000000000000000000000000000000000000000000000000000000000000000000000000000000000000000000000000000000000000000000000000000000000000000000000000000", "id": "96228136" } }
W/dalvikvm(  224): DroidBox: { "FdAccess": { "path": "2f70726f632f35362f636d646c696e65", "id": "1548223101" } }
W/DroidBox(  224): DroidBox: { "FileRW": { "operation": "read", "data": "2f73797374656d2f62696e2f64656275676765726400616765720000000000000000000000000000000000000000000000000000000000000000000000000000000000000000000000000000000000000000000000000000000000000000000000000000", "id": "1548223101" } }
W/dalvikvm(  224): DroidBox: { "FdAccess": { "path": "2f70726f632f35372f636d646c696e65", "id": "1056074430" } }
W/DroidBox(  224): DroidBox: { "FileRW": { "operation": "read", "data": "2f73797374656d2f62696e2f72696c64006765726400616765720000000000000000000000000000000000000000000000000000000000000000000000000000000000000000000000000000000000000000000000000000000000000000000000000000", "id": "1056074430" } }
W/dalvikvm(  224): DroidBox: { "FdAccess": { "path": "2f70726f632f35382f636d646c696e65", "id": "957776271" } }
W/DroidBox(  224): DroidBox: { "FileRW": { "operation": "read", "data": "2f73797374656d2f62696e2f73757266616365666c696e6765720000000000000000000000000000000000000000000000000000000000000000000000000000000000000000000000000000000000000000000000000000000000000000000000000000", "id": "957776271" } }
W/dalvikvm(  224): DroidBox: { "FdAccess": { "path": "2f70726f632f35392f636d646c696e65", "id": "917456070" } }
W/DroidBox(  224): DroidBox: { "FileRW": { "operation": "read", "data": "7a79676f7465002f62696e2f6170705f70726f63657373002d587a79676f7465002f73797374656d2f62696e002d2d7a79676f7465002d2d73746172742d73797374656d2d73657276657200000000000000000000000000000000000000000000000000", "id": "917456070" } }
W/dalvikvm(  224): DroidBox: { "FdAccess": { "path": "2f70726f632f36302f636d646c696e65", "id": "1953137271" } }
W/DroidBox(  224): DroidBox: { "FileRW": { "operation": "read", "data": "2f73797374656d2f62696e2f64726d7365727665720073002d587a79676f7465002f73797374656d2f62696e002d2d7a79676f7465002d2d73746172742d73797374656d2d73657276657200000000000000000000000000000000000000000000000000", "id": "1953137271" } }
W/dalvikvm(  224): DroidBox: { "FdAccess": { "path": "2f70726f632f36312f636d646c696e65", "id": "1562922475" } }
W/DroidBox(  224): DroidBox: { "FileRW": { "operation": "read", "data": "2f73797374656d2f62696e2f6d65646961736572766572002d587a79676f7465002f73797374656d2f62696e002d2d7a79676f7465002d2d73746172742d73797374656d2d73657276657200000000000000000000000000000000000000000000000000", "id": "1562922475" } }
W/dalvikvm(  224): DroidBox: { "FdAccess": { "path": "2f70726f632f36322f636d646c696e65", "id": "1828154774" } }
W/DroidBox(  224): DroidBox: { "FileRW": { "operation": "read", "data": "2f73797374656d2f62696e2f646275732d6461656d6f6e002d2d73797374656d002d2d6e6f666f726b00696e002d2d7a79676f7465002d2d73746172742d73797374656d2d73657276657200000000000000000000000000000000000000000000000000", "id": "1828154774" } }
W/dalvikvm(  224): DroidBox: { "FdAccess": { "path": "2f70726f632f36332f636d646c696e65", "id": "1126544806" } }
W/DroidBox(  224): DroidBox: { "FileRW": { "operation": "read", "data": "2f73797374656d2f62696e2f696e7374616c6c64006f6e002d2d73797374656d002d2d6e6f666f726b00696e002d2d7a79676f7465002d2d73746172742d73797374656d2d73657276657200000000000000000000000000000000000000000000000000", "id": "1126544806" } }
W/dalvikvm(  224): DroidBox: { "FdAccess": { "path": "2f70726f632f36342f636d646c696e65", "id": "2007056771" } }
W/DroidBox(  224): DroidBox: { "FileRW": { "operation": "read", "data": "2f73797374656d2f62696e2f6b657973746f7265002f646174612f6d6973632f6b657973746f72650000696e002d2d7a79676f7465002d2d73746172742d73797374656d2d73657276657200000000000000000000000000000000000000000000000000", "id": "2007056771" } }
W/dalvikvm(  224): DroidBox: { "FdAccess": { "path": "2f70726f632f36362f636d646c696e65", "id": "1543804683" } }
W/DroidBox(  224): DroidBox: { "FileRW": { "operation": "read", "data": "2f73797374656d2f62696e2f73680073746f7265002f646174612f6d6973632f6b657973746f72650000696e002d2d7a79676f7465002d2d73746172742d73797374656d2d73657276657200000000000000000000000000000000000000000000000000", "id": "1543804683" } }
W/dalvikvm(  224): DroidBox: { "FdAccess": { "path": "2f70726f632f36372f636d646c696e65", "id": "1693826645" } }
W/DroidBox(  224): DroidBox: { "FileRW": { "operation": "read", "data": "2f7362696e2f61646264002f73680073746f7265002f646174612f6d6973632f6b657973746f72650000696e002d2d7a79676f7465002d2d73746172742d73797374656d2d73657276657200000000000000000000000000000000000000000000000000", "id": "1693826645" } }
W/dalvikvm(  224): DroidBox: { "FdAccess": { "path": "2f70726f632f3232342f636d646c696e65", "id": "1826836594" } }
W/DroidBox(  224): DroidBox: { "FileRW": { "operation": "read", "data": "73797374656d5f736572766572000000000000000000000000000000000000000000000000000000000000000000000000000000000000000000000000000000000000000000000000000000000000000000000000000000000000000000000000000000", "id": "1826836594" } }
W/dalvikvm(  224): DroidBox: { "FdAccess": { "path": "2f70726f632f3238312f636d646c696e65", "id": "556828104" } }
W/DroidBox(  224): DroidBox: { "FileRW": { "operation": "read", "data": "73797374656d5f736572766572000000000000000000000000000000000000000000000000000000000000000000000000000000000000000000000000000000000000000000000000000000000000000000000000000000000000000000000000000000", "id": "556828104" } }
W/dalvikvm(  224): DroidBox: { "FdAccess": { "path": "2f70726f632f3431372f636d646c696e65", "id": "1953385615" } }
W/DroidBox(  224): DroidBox: { "FileRW": { "operation": "read", "data": "636f6d2e616e64726f69642e73797374656d75690000000000000000000000000000000000000000000000000000000000000000000000000000000000000000000000000000000000000000000000000000000000000000000000000000000000000000", "id": "1953385615" } }
D/b       ( 1061): Apperhand service was started successfully
W/dalvikvm(  224): DroidBox: { "FdAccess": { "path": "2f70726f632f3437352f636d646c696e65", "id": "489604133" } }
W/DroidBox(  224): DroidBox: { "FileRW": { "operation": "read", "data": "636f6d2e616e64726f69642e696e7075746d6574686f642e6c6174696e0000000000000000000000000000000000000000000000000000000000000000000000000000000000000000000000000000000000000000000000000000000000000000000000", "id": "489604133" } }
W/dalvikvm(  224): DroidBox: { "FdAccess": { "path": "2f70726f632f3438392f636d646c696e65", "id": "1561494376" } }
W/DroidBox(  224): DroidBox: { "FileRW": { "operation": "read", "data": "636f6d2e616e64726f69642e70686f6e650000000000000000000000000000000000000000000000000000000000000000000000000000000000000000000000000000000000000000000000000000000000000000000000000000000000000000000000", "id": "1561494376" } }
W/dalvikvm(  224): DroidBox: { "FdAccess": { "path": "2f70726f632f3530372f636d646c696e65", "id": "1954858561" } }
W/DroidBox(  224): DroidBox: { "FileRW": { "operation": "read", "data": "636f6d2e616e64726f69642e73657474696e67730000000000000000000000000000000000000000000000000000000000000000000000000000000000000000000000000000000000000000000000000000000000000000000000000000000000000000", "id": "1954858561" } }
W/dalvikvm(  224): DroidBox: { "FdAccess": { "path": "2f70726f632f3534342f636d646c696e65", "id": "769729560" } }
W/DroidBox(  224): DroidBox: { "FileRW": { "operation": "read", "data": "636f6d2e616e64726f69642e736d7370757368000000000000000000000000000000000000000000000000000000000000000000000000000000000000000000000000000000000000000000000000000000000000000000000000000000000000000000", "id": "769729560" } }
W/dalvikvm(  224): DroidBox: { "FdAccess": { "path": "2f70726f632f3535382f636d646c696e65", "id": "146089923" } }
W/DroidBox(  224): DroidBox: { "FileRW": { "operation": "read", "data": "616e64726f69642e70726f636573732e61636f726500000000000000000000000000000000000000000000000000000000000000000000000000000000000000000000000000000000000000000000000000000000000000000000000000000000000000", "id": "146089923" } }
W/dalvikvm(  224): DroidBox: { "FdAccess": { "path": "2f70726f632f3539392f636d646c696e65", "id": "299064565" } }
W/DroidBox(  224): DroidBox: { "FileRW": { "operation": "read", "data": "636f6d2e616e64726f69642e63616c656e6461720000000000000000000000000000000000000000000000000000000000000000000000000000000000000000000000000000000000000000000000000000000000000000000000000000000000000000", "id": "299064565" } }
W/dalvikvm(  224): DroidBox: { "FdAccess": { "path": "2f70726f632f3632302f636d646c696e65", "id": "1031458190" } }
W/DroidBox(  224): DroidBox: { "FileRW": { "operation": "read", "data": "636f6d2e616e64726f69642e6c61756e636865720000000000000000000000000000000000000000000000000000000000000000000000000000000000000000000000000000000000000000000000000000000000000000000000000000000000000000", "id": "1031458190" } }
W/dalvikvm(  224): DroidBox: { "FdAccess": { "path": "2f70726f632f3633382f636d646c696e65", "id": "161827354" } }
W/DroidBox(  224): DroidBox: { "FileRW": { "operation": "read", "data": "636f6d2e616e64726f69642e6465736b636c6f636b00000000000000000000000000000000000000000000000000000000000000000000000000000000000000000000000000000000000000000000000000000000000000000000000000000000000000", "id": "161827354" } }
W/dalvikvm(  224): DroidBox: { "FdAccess": { "path": "2f70726f632f3634382f636d646c696e65", "id": "447015813" } }
W/DroidBox(  224): DroidBox: { "FileRW": { "operation": "read", "data": "636f6d2e616e64726f69642e70726f7669646572732e63616c656e64617200000000000000000000000000000000000000000000000000000000000000000000000000000000000000000000000000000000000000000000000000000000000000000000", "id": "447015813" } }
W/dalvikvm( 1061): DroidBox: { "FdAccess": { "path": "2f646174612f646174612f636f6d2e796f6c6f636b65722e6963736c6f636b2f7368617265645f70726566732f636f6d2e617070657268616e642e676c6f62616c2e786d6c", "id": "14560038" } }
W/DroidBox( 1061): DroidBox: { "FileRW": { "operation": "write", "data": "3c3f786d6c2076657273696f6e3d27312e302720656e636f64696e673d277574662d3827207374616e64616c6f6e653d2779657327203f3e0a3c6d61703e0a3c737472696e67206e616d653d22454e435f44554d4d595f4944223e66366458426464554e", "id": "14560038" } }
W/dalvikvm(  224): DroidBox: { "FdAccess": { "path": "2f70726f632f3730302f636d646c696e65", "id": "1668657769" } }
W/DroidBox(  224): DroidBox: { "FileRW": { "operation": "read", "data": "636f6d2e616e64726f69642e636f6e74616374730000000000000000000000000000000000000000000000000000000000000000000000000000000000000000000000000000000000000000000000000000000000000000000000000000000000000000", "id": "1668657769" } }
W/dalvikvm(  224): DroidBox: { "FdAccess": { "path": "2f70726f632f3738352f636d646c696e65", "id": "1378864855" } }
W/DroidBox(  224): DroidBox: { "FileRW": { "operation": "read", "data": "616e64726f69642e70726f636573732e6d6564696100000000000000000000000000000000000000000000000000000000000000000000000000000000000000000000000000000000000000000000000000000000000000000000000000000000000000", "id": "1378864855" } }
W/dalvikvm(  224): DroidBox: { "FdAccess": { "path": "2f70726f632f3836322f636d646c696e65", "id": "1921628023" } }
W/DroidBox(  224): DroidBox: { "FileRW": { "operation": "read", "data": "636f6d2e616e64726f69642e656d61696c0000000000000000000000000000000000000000000000000000000000000000000000000000000000000000000000000000000000000000000000000000000000000000000000000000000000000000000000", "id": "1921628023" } }
W/dalvikvm(  224): DroidBox: { "FdAccess": { "path": "2f70726f632f3837382f636d646c696e65", "id": "863877030" } }
W/DroidBox(  224): DroidBox: { "FileRW": { "operation": "read", "data": "636f6d2e616e64726f69642e65786368616e67650000000000000000000000000000000000000000000000000000000000000000000000000000000000000000000000000000000000000000000000000000000000000000000000000000000000000000", "id": "863877030" } }
W/dalvikvm(  224): DroidBox: { "FdAccess": { "path": "2f70726f632f3839332f636d646c696e65", "id": "13441169" } }
W/DroidBox(  224): DroidBox: { "FileRW": { "operation": "read", "data": "636f6d2e616e64726f69642e646566636f6e7461696e657200000000000000000000000000000000000000000000000000000000000000000000000000000000000000000000000000000000000000000000000000000000000000000000000000000000", "id": "13441169" } }
W/dalvikvm(  224): DroidBox: { "FdAccess": { "path": "2f70726f632f3930352f636d646c696e65", "id": "1197540907" } }
W/DroidBox(  224): DroidBox: { "FileRW": { "operation": "read", "data": "636f6d2e616e64726f69642e67616c6c657279336400000000000000000000000000000000000000000000000000000000000000000000000000000000000000000000000000000000000000000000000000000000000000000000000000000000000000", "id": "1197540907" } }
W/dalvikvm(  224): DroidBox: { "FdAccess": { "path": "2f70726f632f3933302f636d646c696e65", "id": "1845331357" } }
W/DroidBox(  224): DroidBox: { "FileRW": { "operation": "read", "data": "636f6d2e616e64726f69642e6d6d7300000000000000000000000000000000000000000000000000000000000000000000000000000000000000000000000000000000000000000000000000000000000000000000000000000000000000000000000000", "id": "1845331357" } }
W/dalvikvm(  224): DroidBox: { "FdAccess": { "path": "2f70726f632f3935362f636d646c696e65", "id": "1001504909" } }
W/DroidBox(  224): DroidBox: { "FileRW": { "operation": "read", "data": "636f6d2e616e64726f69642e766f6963656469616c65720000000000000000000000000000000000000000000000000000000000000000000000000000000000000000000000000000000000000000000000000000000000000000000000000000000000", "id": "1001504909" } }
W/dalvikvm(  224): DroidBox: { "FdAccess": { "path": "2f70726f632f3939342f636d646c696e65", "id": "1988705838" } }
W/DroidBox(  224): DroidBox: { "FileRW": { "operation": "read", "data": "636f6d2e616e64726f69642e717569636b736561726368626f780000000000000000000000000000000000000000000000000000000000000000000000000000000000000000000000000000000000000000000000000000000000000000000000000000", "id": "1988705838" } }
W/dalvikvm(  224): DroidBox: { "FdAccess": { "path": "2f70726f632f313031312f636d646c696e65", "id": "1662587539" } }
W/DroidBox(  224): DroidBox: { "FileRW": { "operation": "read", "data": "636f6d2e616e64726f69642e6d757369636678000000000000000000000000000000000000000000000000000000000000000000000000000000000000000000000000000000000000000000000000000000000000000000000000000000000000000000", "id": "1662587539" } }
W/dalvikvm(  224): DroidBox: { "FdAccess": { "path": "2f70726f632f313032342f636d646c696e65", "id": "232100679" } }
W/DroidBox(  224): DroidBox: { "FileRW": { "operation": "read", "data": "636f6d2e73766f782e7069636f000000000000000000000000000000000000000000000000000000000000000000000000000000000000000000000000000000000000000000000000000000000000000000000000000000000000000000000000000000", "id": "232100679" } }
W/dalvikvm(  224): DroidBox: { "FdAccess": { "path": "2f70726f632f313034332f636d646c696e65", "id": "1400193696" } }
W/DroidBox(  224): DroidBox: { "FileRW": { "operation": "read", "data": "636f6d2e616e64726f69642e636f6d6d616e64732e6d6f6e6b657900000000000000000000000000000000000000000000000000000000000000000000000000000000000000000000000000000000000000000000000000000000000000000000000000", "id": "1400193696" } }
I/Choreographer( 1061): Skipped 856 frames!  The application may be doing too much work on its main thread.
W/dalvikvm(  224): DroidBox: { "FdAccess": { "path": "2f70726f632f313034352f636d646c696e65", "id": "1165003356" } }
W/DroidBox(  224): DroidBox: { "FileRW": { "operation": "read", "data": "6c6f676361740044726f6964426f783a570064616c76696b766d3a570041637469766974794d616e616765723a49000000000000000000000000000000000000000000000000000000000000000000000000000000000000000000000000000000000000", "id": "1165003356" } }
W/dalvikvm(  224): DroidBox: { "FdAccess": { "path": "2f70726f632f313034372f636d646c696e65", "id": "1206316986" } }
W/DroidBox(  224): DroidBox: { "FileRW": { "operation": "read", "data": "2f73797374656d2f62696e2f7368002d63007368202e2f7364636172642f65786563757465537472616365496e2e736800000000000000000000000000000000000000000000000000000000000000000000000000000000000000000000000000000000", "id": "1206316986" } }
W/dalvikvm(  224): DroidBox: { "FdAccess": { "path": "2f70726f632f313034392f636d646c696e65", "id": "2077644821" } }
W/DroidBox(  224): DroidBox: { "FileRW": { "operation": "read", "data": "7368002e2f7364636172642f65786563757465537472616365496e2e736800786563757465537472616365496e2e736800000000000000000000000000000000000000000000000000000000000000000000000000000000000000000000000000000000", "id": "2077644821" } }
W/dalvikvm(  224): DroidBox: { "FdAccess": { "path": "2f70726f632f313035302f636d646c696e65", "id": "487935593" } }
W/DroidBox(  224): DroidBox: { "FileRW": { "operation": "read", "data": "737472616365002d70003539002d66002d747446002d6f002f7364636172642f306133626534313536623730353935376432303161383632353064306437663463353437306631373337656436643433386131323961333962343735333937622e61706b", "id": "487935593" } }
W/dalvikvm(  224): DroidBox: { "FdAccess": { "path": "2f70726f632f313036312f636d646c696e65", "id": "89109478" } }
W/DroidBox(  224): DroidBox: { "FileRW": { "operation": "read", "data": "636f6d2e796f6c6f636b65722e6963736c6f636b000000000000000000000000000000000000000000000000000000000000000000000000000000000000000000000000000000000000000036643433386131323961333962343735333937622e61706b", "id": "89109478" } }
V/PhoneStatusBar(  417): setLightsOn(true)
W/DroidBox( 1061): DroidBox: { "ServiceStart": { "name": "com.yolocker.icslock.AppService" } }
I/Choreographer( 1061): Skipped 93 frames!  The application may be doing too much work on its main thread.
E/WVMExtractor(   61): Failed to open libwvm.so
D/gralloc_goldfish( 1061): Emulator without GPU emulation detected.
W/ActivityManager(  224): Launch timeout has expired, giving up wake lock!
I/ActivityManager(  224): Displayed com.yolocker.icslock/.MoreAppsActivity: +10s168ms
I/Process (  224): Sending signal. PID: 620 SIG: 3
I/Choreographer( 1061): Skipped 67 frames!  The application may be doing too much work on its main thread.
E/ActivityManager(  224): ANR in com.yolocker.icslock (com.yolocker.icslock/.MoreAppsActivity)
E/ActivityManager(  224): Reason: keyDispatchingTimedOut
E/ActivityManager(  224): Load: 8.25 / 2.64 / 0.93
E/ActivityManager(  224): CPU usage from 1201ms to -4486ms ago:
E/ActivityManager(  224):   37% 224/system_server: 29% user + 8.3% kernel / faults: 2769 minor 1 major
E/ActivityManager(  224):   24% 1050/strace: 9.4% user + 15% kernel
E/ActivityManager(  224):   13% 1061/com.yolocker.icslock: 8.1% user + 5.5% kernel / faults: 1665 minor 1 major
E/ActivityManager(  224):   7.1% 67/adbd: 0.3% user + 6.7% kernel / faults: 764 minor
E/ActivityManager(  224):   5.3% 61/mediaserver: 1.6% user + 3.7% kernel
E/ActivityManager(  224):   4% 58/surfaceflinger: 3.7% user + 0.3% kernel / faults: 733 minor
E/ActivityManager(  224):   2.6% 1045/logcat: 0.7% user + 1.9% kernel
E/ActivityManager(  224):   1.6% 489/com.android.phone: 1.4% user + 0.1% kernel / faults: 146 minor
E/ActivityManager(  224):   1.2% 620/com.android.launcher: 0.3% user + 0.8% kernel / faults: 1140 minor
E/ActivityManager(  224):   0.5% 417/com.android.systemui: 0.1% user + 0.3% kernel / faults: 89 minor
E/ActivityManager(  224):   0.3% 558/android.process.acore: 0% user + 0.3% kernel / faults: 1 minor
E/ActivityManager(  224):   0.3% 785/android.process.media: 0.1% user + 0.1% kernel / faults: 38 minor
E/ActivityManager(  224):   0% 26/mtdblock1: 0% user + 0% kernel
E/ActivityManager(  224):   0% 905/com.android.gallery3d: 0% user + 0% kernel / faults: 18 minor
E/ActivityManager(  224): 100% TOTAL: 57% user + 42% kernel
E/ActivityManager(  224): CPU usage from 3419ms to 4031ms later:
E/ActivityManager(  224):   29% 224/system_server: 21% user + 8.4% kernel / faults: 3 minor
E/ActivityManager(  224):     12% 332/InputDispatcher: 5.6% user + 7% kernel
E/ActivityManager(  224):     5.6% 246/FileObserver: 5.6% user + 0% kernel
E/ActivityManager(  224):     4.2% 446/Binder_3: 4.2% user + 0% kernel
E/ActivityManager(  224):     4.2% 591/Binder_9: 4.2% user + 0% kernel
E/ActivityManager(  224):     2.8% 327/WindowManager: 2.8% user + 0% kernel
E/ActivityManager(  224):     2.8% 584/Binder_5: 2.8% user + 0% kernel
E/ActivityManager(  224):     1.4% 238/er.ServerThread: 1.4% user + 0% kernel
E/ActivityManager(  224):     1.4% 589/Binder_8: 0% user + 1.4% kernel
E/ActivityManager(  224):     1.4% 596/Binder_C: 1.4% user + 0% kernel
E/ActivityManager(  224):   29% 1061/com.yolocker.icslock: 15% user + 14% kernel / faults: 751 minor
E/ActivityManager(  224):     14% 1089/IntentService[A: 9.8% user + 4.2% kernel
E/ActivityManager(  224):     7% 1061/olocker.icslock: 0% user + 7% kernel
E/ActivityManager(  224):     4.2% 1065/GC: 4.2% user + 0% kernel
E/ActivityManager(  224):     1.4% 1071/FinalizerDaemon: 0% user + 1.4% kernel
E/ActivityManager(  224):     1.4% 1078/WebViewCoreThre: 1.4% user + 0% kernel
E/ActivityManager(  224):     1.4% 1088/AsyncTask #2: 1.4% user + 0% kernel
E/ActivityManager(  224):   15% 1050/strace: 7% user + 8.4% kernel
E/ActivityManager(  224):   2.2% 620/com.android.launcher: 0% user + 2.2% kernel / faults: 1102 minor
E/ActivityManager(  224):     2.2% 620/ndroid.launcher: 0% user + 2.2% kernel
E/ActivityManager(  224):   4.2% 1045/logcat: 2.8% user + 1.4% kernel
E/ActivityManager(  224):   3.2% 58/surfaceflinger: 3.2% user + 0% kernel
E/ActivityManager(  224):     3.2% 92/SurfaceFlinger: 3.2% user + 0% kernel
E/ActivityManager(  224):   1.6% 61/mediaserver: 0% user + 1.6% kernel
E/ActivityManager(  224):     1.6% 61/mediaserver: 0% user + 1.6% kernel
E/ActivityManager(  224): 100% TOTAL: 51% user + 48% kernel
I/InputDispatcher(  224): Dropped event because it is stale.
W/dalvikvm(  224): DroidBox: { "FdAccess": { "path": "2f646174612f616e722f7472616365732e747874", "id": "1775952572" } }
W/DroidBox(  224): DroidBox: { "FileRW": { "operation": "read", "data": "0a0a2d2d2d2d2d207069642032323420617420323032342d30382d32332031353a33343a3330202d2d2d2d2d0a436d64206c696e653a2073797374656d5f7365727665720a0a44414c56494b20544852454144533a0a286d7574657865733a20746c6c3d", "id": "1775952572" } }
W/InputManager(  224): Input event injection from pid 1043 failed.
D/webviewglue( 1061): nativeDestroy view: 0xb89eaad8
W/ActivityManager(  224): Activity idle timeout for ActivityRecord{b4033488 com.yolocker.icslock/.MoreAppsActivity}
I/dalvikvm-heap(  224): Grow heap (frag case) to 12.345MB for 262160-byte allocation
I/Choreographer( 1061): Skipped 36 frames!  The application may be doing too much work on its main thread.
W/DroidBox( 1061): DroidBox: { "OpenNet": { "desthost": "217.65.36.152", "destport": "80", "fd": "19" } }
I/Choreographer( 1061): Skipped 32 frames!  The application may be doing too much work on its main thread.
I/dalvikvm-heap(  224): Grow heap (frag case) to 12.720MB for 393236-byte allocation
I/Choreographer( 1061): Skipped 36 frames!  The application may be doing too much work on its main thread.
I/dalvikvm-heap(  224): Grow heap (frag case) to 12.719MB for 262190-byte allocation
I/Choreographer( 1061): Skipped 74 frames!  The application may be doing too much work on its main thread.
W/DroidBox( 1061): DroidBox: { "OpenNet": { "desthost": "16.182.74.185", "destport": "80", "fd": "21" } }
I/qtaguid (  224): Failed write_ctrl(s 0 10019) res=-1 errno=1
W/NetworkManagementSocketTagger(  224): setKernelCountSet(10019, 0) failed with errno -1
E/WVMExtractor(   61): Failed to open libwvm.so
W/DroidBox( 1061): DroidBox: { "SendNet": { "operation": "send", "data": "474554202f6d6f7265617070736e65772f786d6c2f757064617465312e786d6c20485454502f312e310d0a557365722d4167656e743a2044616c76696b2f312e362e3020284c696e75783b20553b20416e64726f696420342e312e313b2046756c6c2041", "desthost": "16.182.74.185", "destport": "80" , "fd": "21"} }
E/WVMExtractor(   61): Failed to open libwvm.so
W/DroidBox( 1061): DroidBox: { "RecvNet": { "srchost": "16.182.74.185", "data": "485454502f312e3120343034204e6f7420466f756e640d0a782d616d7a2d726571756573742d69643a20414435355432304631374244325443320d0a782d616d7a2d69642d323a207534794d625a57572f6853645538516d53335252646d756a6364384c", "srcport": "80", "fd": "21" } }
W/DroidBox( 1061): DroidBox: { "RecvNet": { "srchost": "16.182.74.185", "data": "684e31776c6e6146625651454f38637333324d3d0d0a436f6e74656e742d547970653a206170706c69636174696f6e2f786d6c0d0a5472616e736665722d456e636f64696e673a206368756e6b65640d0a446174653a204672692c203233204175672032", "srcport": "80", "fd": "21" } }
W/DroidBox( 1061): DroidBox: { "RecvNet": { "srchost": "16.182.74.185", "data": "617a6f6e53330d0a0d0a3132660d0a3c3f786d6c2076657273696f6e3d22312e302220656e636f64696e673d225554462d38223f3e0a3c4572726f723e3c436f64653e4e6f537563684275636b65743c2f436f64653e3c4d6573736167653e5468652073", "srcport": "80", "fd": "21" } }
E/WVMExtractor(   61): Failed to open libwvm.so
E/WVMExtractor(   61): Failed to open libwvm.so
E/WVMExtractor(   61): Failed to open libwvm.so
E/WVMExtractor(   61): Failed to open libwvm.so
E/WVMExtractor(   61): Failed to open libwvm.so
E/WVMExtractor(   61): Failed to open libwvm.so
E/WVMExtractor(   61): Failed to open libwvm.so
E/WVMExtractor(   61): Failed to open libwvm.so
E/WVMExtractor(   61): Failed to open libwvm.so
E/WVMExtractor(   61): Failed to open libwvm.so
E/WVMExtractor(   61): Failed to open libwvm.so
E/WVMExtractor(   61): Failed to open libwvm.so
E/WVMExtractor(   61): Failed to open libwvm.so
E/WVMExtractor(   61): Failed to open libwvm.so
E/WVMExtractor(   61): Failed to open libwvm.so
E/WVMExtractor(   61): Failed to open libwvm.so
E/WVMExtractor(   61): Failed to open libwvm.so
E/WVMExtractor(   61): Failed to open libwvm.so
E/WVMExtractor(   61): Failed to open libwvm.so
E/WVMExtractor(   61): Failed to open libwvm.so
E/WVMExtractor(   61): Failed to open libwvm.so
E/WVMExtractor(   61): Failed to open libwvm.so
E/WVMExtractor(   61): Failed to open libwvm.so
E/WVMExtractor(   61): Failed to open libwvm.so
E/WVMExtractor(   61): Failed to open libwvm.so
E/WVMExtractor(   61): Failed to open libwvm.so
E/WVMExtractor(   61): Failed to open libwvm.so
E/WVMExtractor(   61): Failed to open libwvm.so
E/WVMExtractor(   61): Failed to open libwvm.so
E/WVMExtractor(   61): Failed to open libwvm.so
E/WVMExtractor(   61): Failed to open libwvm.so
E/WVMExtractor(   61): Failed to open libwvm.so
E/WVMExtractor(   61): Failed to open libwvm.so
E/WVMExtractor(   61): Failed to open libwvm.so
E/WVMExtractor(   61): Failed to open libwvm.so
E/WVMExtractor(   61): Failed to open libwvm.so
E/WVMExtractor(   61): Failed to open libwvm.so
E/WVMExtractor(   61): Failed to open libwvm.so
E/WVMExtractor(   61): Failed to open libwvm.so
W/dalvikvm( 1043): DroidBox: { "FdAccess": { "path": "706970653a5b343938385d", "id": "1237410092" } }
W/DroidBox( 1043): DroidBox: { "FileRW": { "operation": "read", "data": "20205049442020202020205673732020202020205273732020202020205073732020202020205573732020636d646c696e650a202036323020202036313933324b20202036313833364b20202032373031364b20202032323135324b2020636f6d2e616e", "id": "1237410092" } }
E/WVMExtractor(   61): Failed to open libwvm.so
W/dalvikvm( 1043): DroidBox: { "FdAccess": { "path": "706970653a5b343938385d", "id": "1011400424" } }
E/WVMExtractor(   61): Failed to open libwvm.so
W/DroidBox( 1043): DroidBox: { "FileRW": { "operation": "read", "data": "00000000000000000000000000000000000000000000000000000000000000000000000000000000000000000000000000000000000000000000000000000000000000000000000000000000000000000000000000000000000000000000000000000000", "id": "1011400424" } }
E/WVMExtractor(   61): Failed to open libwvm.so
W/BackupManagerService(  224): dataChanged but no participant pkg='com.android.providers.settings' uid=1001
E/WVMExtractor(   61): Failed to open libwvm.so
W/BackupManagerService(  224): dataChanged but no participant pkg='com.android.providers.settings' uid=10011
E/MetadataRetrieverClient(   61): failed to extract an album art
E/WVMExtractor(   61): Failed to open libwvm.so
E/WVMExtractor(   61): Failed to open libwvm.so
E/WVMExtractor(   61): Failed to open libwvm.so
E/WVMExtractor(   61): Failed to open libwvm.so
E/WVMExtractor(   61): Failed to open libwvm.so
E/WVMExtractor(   61): Failed to open libwvm.so
E/WVMExtractor(   61): Failed to open libwvm.so
E/WVMExtractor(   61): Failed to open libwvm.so
E/WVMExtractor(   61): Failed to open libwvm.so
E/WVMExtractor(   61): Failed to open libwvm.so
E/WVMExtractor(   61): Failed to open libwvm.so
E/WVMExtractor(   61): Failed to open libwvm.so
E/WVMExtractor(   61): Failed to open libwvm.so
E/WVMExtractor(   61): Failed to open libwvm.so
E/WVMExtractor(   61): Failed to open libwvm.so
E/WVMExtractor(   61): Failed to open libwvm.so
E/WVMExtractor(   61): Failed to open libwvm.so
E/WVMExtractor(   61): Failed to open libwvm.so
E/WVMExtractor(   61): Failed to open libwvm.so
E/WVMExtractor(   61): Failed to open libwvm.so
E/WVMExtractor(   61): Failed to open libwvm.so
E/WVMExtractor(   61): Failed to open libwvm.so
E/WVMExtractor(   61): Failed to open libwvm.so
E/WVMExtractor(   61): Failed to open libwvm.so
E/WVMExtractor(   61): Failed to open libwvm.so
E/WVMExtractor(   61): Failed to open libwvm.so
E/WVMExtractor(   61): Failed to open libwvm.so
E/WVMExtractor(   61): Failed to open libwvm.so
E/WVMExtractor(   61): Failed to open libwvm.so
E/WVMExtractor(   61): Failed to open libwvm.so
E/WVMExtractor(   61): Failed to open libwvm.so
E/WVMExtractor(   61): Failed to open libwvm.so
E/WVMExtractor(   61): Failed to open libwvm.so
E/WVMExtractor(   61): Failed to open libwvm.so
E/WVMExtractor(   61): Failed to open libwvm.so
E/WVMExtractor(   61): Failed to open libwvm.so
W/dalvikvm( 1043): DroidBox: { "FdAccess": { "path": "706970653a5b353238325d", "id": "850666739" } }
W/DroidBox( 1043): DroidBox: { "FileRW": { "operation": "read", "data": "0a0a2d2d2d2d2d207069642032323420617420323032342d30382d32332031353a33343a3330202d2d2d2d2d0a436d64206c696e653a2073797374656d5f7365727665720a0a44414c56494b20544852454144533a0a286d7574657865733a20746c6c3d", "id": "850666739" } }
W/dalvikvm(  224): DroidBox: { "FdAccess": { "path": "2f70726f632f313130322f636d646c696e65", "id": "386622822" } }
