I/Choreographer( 1032): Skipped 121 frames!  The application may be doing too much work on its main thread.
I/Choreographer( 1032): Skipped 119 frames!  The application may be doing too much work on its main thread.
W/InputMethodManagerService(  233): Window already focused, ignoring focus gain of: com.android.internal.view.IInputMethodClient$Stub$Proxy@b40fb008 attribute=null
I/Choreographer( 1032): Skipped 50 frames!  The application may be doing too much work on its main thread.
I/ActivityManager(  233): START {act=android.intent.action.MAIN cat=[android.intent.category.LAUNCHER] flg=0x10200000 cmp=com.load.wap/.MainActivity u=0} from pid 1013
I/Choreographer( 1032): Skipped 69 frames!  The application may be doing too much work on its main thread.
W/InputMethodManagerService(  233): Window already focused, ignoring focus gain of: com.android.internal.view.IInputMethodClient$Stub$Proxy@b40f33e8 attribute=null
I/Choreographer( 1032): Skipped 30 frames!  The application may be doing too much work on its main thread.
W/InputMethodManagerService(  233): Window already focused, ignoring focus gain of: com.android.internal.view.IInputMethodClient$Stub$Proxy@b40f30e8 attribute=null
I/Choreographer( 1032): Skipped 56 frames!  The application may be doing too much work on its main thread.
I/Choreographer( 1032): Skipped 46 frames!  The application may be doing too much work on its main thread.
D/InputEventConsistencyVerifier( 1032): TrackballEvent: Trackball is down but pressure is not greater than 0.
D/InputEventConsistencyVerifier( 1032):   in android.view.ViewRootImpl@b3f3d5d8
D/InputEventConsistencyVerifier( 1032):   0: sent at 338932000000, MotionEvent { action=ACTION_DOWN, id[0]=0, x[0]=0.0, y[0]=0.0, toolType[0]=TOOL_TYPE_UNKNOWN, buttonState=0, metaState=0, flags=0x0, edgeFlags=0x0, pointerCount=1, historySize=0, eventTime=338932, downTime=338887, deviceId=0, source=0x10004 }
D/InputEventConsistencyVerifier( 1032):   -- recent events --
D/InputEventConsistencyVerifier( 1032):   1: sent at 339172000000, KeyEvent { action=ACTION_UP, keyCode=KEYCODE_DPAD_UP, scanCode=0, metaState=0, flags=0x400, repeatCount=0, eventTime=339172, downTime=339172, deviceId=-1, source=0x101 }
D/InputEventConsistencyVerifier( 1032):   2: sent at 339172000000, KeyEvent { action=ACTION_DOWN, keyCode=KEYCODE_DPAD_UP, scanCode=0, metaState=0, flags=0x400, repeatCount=0, eventTime=339172, downTime=339172, deviceId=-1, source=0x101 }
D/InputEventConsistencyVerifier( 1032):   3: sent at 339172000000, KeyEvent { action=ACTION_UP, keyCode=KEYCODE_DPAD_UP, scanCode=0, metaState=0, flags=0x400, repeatCount=0, eventTime=339172, downTime=339172, deviceId=-1, source=0x101 }
D/InputEventConsistencyVerifier( 1032):   4: sent at 339172000000, KeyEvent { action=ACTION_DOWN, keyCode=KEYCODE_DPAD_UP, scanCode=0, metaState=0, flags=0x400, repeatCount=0, eventTime=339172, downTime=339172, deviceId=-1, source=0x101 }
D/InputEventConsistencyVerifier( 1032):   5: sent at 339171000000, KeyEvent { action=ACTION_UP, keyCode=KEYCODE_DPAD_UP, scanCode=0, metaState=0, flags=0x400, repeatCount=0, eventTime=339171, downTime=339171, deviceId=-1, source=0x101 }
I/Choreographer( 1032): Skipped 102 frames!  The application may be doing too much work on its main thread.
I/ActivityManager(  233): START {act=android.intent.action.MAIN cat=[android.intent.category.LAUNCHER] flg=0x10200000 cmp=com.load.wap/.MainActivity u=0} from pid 1013
I/Choreographer( 1032): Skipped 104 frames!  The application may be doing too much work on its main thread.
I/Choreographer( 1032): Skipped 58 frames!  The application may be doing too much work on its main thread.
W/InputMethodManagerService(  233): Window already focused, ignoring focus gain of: com.android.internal.view.IInputMethodClient$Stub$Proxy@b3f23d68 attribute=null
I/ActivityManager(  233): START {act=android.intent.action.MAIN cat=[android.intent.category.HOME] flg=0x10200000 cmp=com.android.launcher/com.android.launcher2.Launcher u=0} from pid 233
I/InputDispatcher(  233): Dropped event because of pending overdue app switch.
W/InputManager(  233): Input event injection from pid 1013 failed.
I/Choreographer( 1032): Skipped 39 frames!  The application may be doing too much work on its main thread.
I/Choreographer( 1032): Skipped 73 frames!  The application may be doing too much work on its main thread.
I/Choreographer( 1032): Skipped 41 frames!  The application may be doing too much work on its main thread.
I/ActivityManager(  233): START {act=android.intent.action.MAIN cat=[android.intent.category.HOME] flg=0x10200000 cmp=com.android.launcher/com.android.launcher2.Launcher u=0} from pid 233
I/Choreographer( 1032): Skipped 50 frames!  The application may be doing too much work on its main thread.
I/InputDispatcher(  233): Dropped event because of pending overdue app switch.
W/InputManager(  233): Input event injection from pid 1013 failed.
I/Choreographer( 1032): Skipped 35 frames!  The application may be doing too much work on its main thread.
I/Choreographer( 1032): Skipped 53 frames!  The application may be doing too much work on its main thread.
I/Choreographer( 1032): Skipped 30 frames!  The application may be doing too much work on its main thread.
W/InputMethodManagerService(  233): Window already focused, ignoring focus gain of: com.android.internal.view.IInputMethodClient$Stub$Proxy@b420c870 attribute=null
I/Choreographer( 1032): Skipped 75 frames!  The application may be doing too much work on its main thread.
W/DroidBox( 1160): DroidBox: { "ServiceStart": { "name": "com.android.music.MediaPlaybackService" } }
W/DroidBox( 1160): DroidBox: { "ServiceStart": { "name": "com.android.music.MediaPlaybackService" } }
I/Choreographer( 1032): Skipped 56 frames!  The application may be doing too much work on its main thread.
D/InputEventConsistencyVerifier( 1032): TrackballEvent: Trackball is down but pressure is not greater than 0.
D/InputEventConsistencyVerifier( 1032):   in android.view.ViewRootImpl@b3e6cec8
D/InputEventConsistencyVerifier( 1032):   0: sent at 350015000000, MotionEvent { action=ACTION_DOWN, id[0]=0, x[0]=0.0, y[0]=0.0, toolType[0]=TOOL_TYPE_UNKNOWN, buttonState=0, metaState=0, flags=0x0, edgeFlags=0x0, pointerCount=1, historySize=0, eventTime=350015, downTime=349906, deviceId=0, source=0x10004 }
D/InputEventConsistencyVerifier( 1032):   -- recent events --
D/InputEventConsistencyVerifier( 1032):   1: sent at 350012000000, MotionEvent { action=ACTION_MOVE, id[0]=0, x[0]=-5.0, y[0]=-5.0, toolType[0]=TOOL_TYPE_UNKNOWN, buttonState=0, metaState=0, flags=0x0, edgeFlags=0x0, pointerCount=1, historySize=9, eventTime=350012, downTime=-1, deviceId=0, source=0x10004 }
D/InputEventConsistencyVerifier( 1032):   2: sent at 349754000000, KeyEvent { action=ACTION_UP, keyCode=KEYCODE_DPAD_CENTER, scanCode=0, metaState=0, flags=0x8, repeatCount=0, eventTime=349754, downTime=349754, deviceId=-1, source=0x101 }
D/InputEventConsistencyVerifier( 1032):   3: sent at 349581000000, KeyEvent { action=ACTION_DOWN, keyCode=KEYCODE_DPAD_CENTER, scanCode=0, metaState=0, flags=0x8, repeatCount=0, eventTime=349581, downTime=349581, deviceId=-1, source=0x101 }
D/InputEventConsistencyVerifier( 1032):   4: sent at 349558000000, MotionEvent { action=ACTION_UP, id[0]=0, x[0]=263.0, y[0]=100.0, toolType[0]=TOOL_TYPE_UNKNOWN, buttonState=0, metaState=0, flags=0x0, edgeFlags=0x0, pointerCount=1, historySize=0, eventTime=349558, downTime=349536, deviceId=0, source=0x1002 }
D/InputEventConsistencyVerifier( 1032):   5: sent at 349536000000, MotionEvent { action=ACTION_DOWN, id[0]=0, x[0]=266.0, y[0]=95.0, toolType[0]=TOOL_TYPE_UNKNOWN, buttonState=0, metaState=0, flags=0x0, edgeFlags=0x0, pointerCount=1, historySize=0, eventTime=349536, downTime=349536, deviceId=0, source=0x1002 }
I/ActivityManager(  233): START {act=android.intent.action.MAIN cat=[android.intent.category.LAUNCHER] flg=0x10200000 cmp=com.load.wap/.MainActivity u=0} from pid 1013
I/Choreographer( 1032): Skipped 41 frames!  The application may be doing too much work on its main thread.
I/Choreographer( 1032): Skipped 44 frames!  The application may be doing too much work on its main thread.
I/Choreographer( 1032): Skipped 35 frames!  The application may be doing too much work on its main thread.
W/InputMethodManagerService(  233): Window already focused, ignoring focus gain of: com.android.internal.view.IInputMethodClient$Stub$Proxy@b41299a0 attribute=null
D/InputEventConsistencyVerifier( 1032): TrackballEvent: Trackball is down but pressure is not greater than 0.
D/InputEventConsistencyVerifier( 1032):   in android.view.ViewRootImpl@b3e6cec8
D/InputEventConsistencyVerifier( 1032):   0: sent at 354974000000, MotionEvent { action=ACTION_DOWN, id[0]=0, x[0]=0.0, y[0]=0.0, toolType[0]=TOOL_TYPE_UNKNOWN, buttonState=0, metaState=0, flags=0x0, edgeFlags=0x0, pointerCount=1, historySize=0, eventTime=354974, downTime=354931, deviceId=0, source=0x10004 }
D/InputEventConsistencyVerifier( 1032):   -- recent events --
D/InputEventConsistencyVerifier( 1032):   1: sent at 354971000000, MotionEvent { action=ACTION_MOVE, id[0]=0, x[0]=-2.0, y[0]=-5.0, toolType[0]=TOOL_TYPE_UNKNOWN, buttonState=0, metaState=0, flags=0x0, edgeFlags=0x0, pointerCount=1, historySize=9, eventTime=354971, downTime=-1, deviceId=0, source=0x10004 }
D/InputEventConsistencyVerifier( 1032):   2: sent at 354918000000, MotionEvent { action=ACTION_UP, id[0]=0, x[0]=360.0, y[0]=127.0, toolType[0]=TOOL_TYPE_UNKNOWN, buttonState=0, metaState=0, flags=0x0, edgeFlags=0x0, pointerCount=1, historySize=0, eventTime=354918, downTime=354893, deviceId=0, source=0x1002 }
D/InputEventConsistencyVerifier( 1032):   3: sent at 354915000000, MotionEvent { action=ACTION_POINTER_UP(1), id[0]=0, x[0]=356.0, y[0]=138.0, toolType[0]=TOOL_TYPE_UNKNOWN, id[1]=1, x[1]=85.0, y[1]=93.0, toolType[1]=TOOL_TYPE_UNKNOWN, buttonState=0, metaState=0, flags=0x0, edgeFlags=0x0, pointerCount=2, historySize=0, eventTime=354915, downTime=354893, deviceId=0, source=0x1002 }
D/InputEventConsistencyVerifier( 1032):   4: sent at 354913000000, MotionEvent { action=ACTION_MOVE, id[0]=0, x[0]=351.0, y[0]=154.0, toolType[0]=TOOL_TYPE_UNKNOWN, id[1]=1, x[1]=96.0, y[1]=81.0, toolType[1]=TOOL_TYPE_UNKNOWN, buttonState=0, metaState=0, flags=0x0, edgeFlags=0x0, pointerCount=2, historySize=0, eventTime=354913, downTime=354893, deviceId=0, source=0x1002 }
D/InputEventConsistencyVerifier( 1032):   5: sent at 354902000000, MotionEvent { action=ACTION_POINTER_DOWN(1), id[0]=0, x[0]=348.0, y[0]=170.0, toolType[0]=TOOL_TYPE_UNKNOWN, id[1]=1, x[1]=113.0, y[1]=59.0, toolType[1]=TOOL_TYPE_UNKNOWN, buttonState=0, metaState=0, flags=0x0, edgeFlags=0x0, pointerCount=2, historySize=0, eventTime=354902, downTime=354893, deviceId=0, source=0x1002 }
I/Choreographer( 1032): Skipped 49 frames!  The application may be doing too much work on its main thread.
I/Choreographer( 1032): Skipped 35 frames!  The application may be doing too much work on its main thread.
I/Choreographer( 1032): Skipped 30 frames!  The application may be doing too much work on its main thread.
I/Choreographer( 1032): Skipped 38 frames!  The application may be doing too much work on its main thread.
I/ActivityManager(  233): START {act=android.intent.action.MAIN cat=[android.intent.category.HOME] flg=0x10200000 cmp=com.android.launcher/com.android.launcher2.Launcher u=0} from pid 233
I/InputDispatcher(  233): Dropped event because of pending overdue app switch.
W/InputManager(  233): Input event injection from pid 1013 failed.
I/Choreographer( 1032): Skipped 107 frames!  The application may be doing too much work on its main thread.
D/InputEventConsistencyVerifier( 1032): KeyEvent: ACTION_UP but key was not down.
D/InputEventConsistencyVerifier( 1032):   in android.view.ViewRootImpl@b3e6cec8
D/InputEventConsistencyVerifier( 1032):   0: sent at 358952000000, KeyEvent { action=ACTION_UP, keyCode=KEYCODE_F12, scanCode=0, metaState=0, flags=0x8, repeatCount=0, eventTime=358952, downTime=358952, deviceId=-1, source=0x101 }
D/InputEventConsistencyVerifier( 1032):   -- recent events --
D/InputEventConsistencyVerifier( 1032):   1: sent at 358973000000, KeyEvent { action=ACTION_UP, keyCode=KEYCODE_DPAD_LEFT, scanCode=0, metaState=0, flags=0x400, repeatCount=0, eventTime=358973, downTime=358973, deviceId=-1, source=0x101 }
D/InputEventConsistencyVerifier( 1032):   2: sent at 358973000000, KeyEvent { action=ACTION_DOWN, keyCode=KEYCODE_DPAD_LEFT, scanCode=0, metaState=0, flags=0x400, repeatCount=0, eventTime=358973, downTime=358973, deviceId=-1, source=0x101 }
D/InputEventConsistencyVerifier( 1032):   3: sent at 358973000000, KeyEvent { action=ACTION_UP, keyCode=KEYCODE_DPAD_LEFT, scanCode=0, metaState=0, flags=0x400, repeatCount=0, eventTime=358973, downTime=358973, deviceId=-1, source=0x101 }
D/InputEventConsistencyVerifier( 1032):   4: sent at 358973000000, KeyEvent { action=ACTION_DOWN, keyCode=KEYCODE_DPAD_LEFT, scanCode=0, metaState=0, flags=0x400, repeatCount=0, eventTime=358973, downTime=358973, deviceId=-1, source=0x101 }
D/InputEventConsistencyVerifier( 1032):   5: sent at 358970000000, KeyEvent { action=ACTION_UP, keyCode=KEYCODE_DPAD_LEFT, scanCode=0, metaState=0, flags=0x400, repeatCount=0, eventTime=358970, downTime=358970, deviceId=-1, source=0x101 }
D/InputEventConsistencyVerifier( 1032): TrackballEvent: Trackball is down but pressure is not greater than 0.
D/InputEventConsistencyVerifier( 1032):   in android.view.ViewRootImpl@b3e6cec8
D/InputEventConsistencyVerifier( 1032):   0: sent at 359881000000, MotionEvent { action=ACTION_DOWN, id[0]=0, x[0]=0.0, y[0]=0.0, toolType[0]=TOOL_TYPE_UNKNOWN, buttonState=0, metaState=0, flags=0x0, edgeFlags=0x0, pointerCount=1, historySize=0, eventTime=359881, downTime=359804, deviceId=0, source=0x10004 }
D/InputEventConsistencyVerifier( 1032):   -- recent events --
D/InputEventConsistencyVerifier( 1032):   1: sent at 359902000000, KeyEvent { action=ACTION_UP, keyCode=KEYCODE_DPAD_LEFT, scanCode=0, metaState=0, flags=0x400, repeatCount=0, eventTime=359902, downTime=359902, deviceId=-1, source=0x101 }
D/InputEventConsistencyVerifier( 1032):   2: sent at 359902000000, KeyEvent { action=ACTION_DOWN, keyCode=KEYCODE_DPAD_LEFT, scanCode=0, metaState=0, flags=0x400, repeatCount=0, eventTime=359902, downTime=359902, deviceId=-1, source=0x101 }
D/InputEventConsistencyVerifier( 1032):   3: sent at 359901000000, KeyEvent { action=ACTION_UP, keyCode=KEYCODE_DPAD_LEFT, scanCode=0, metaState=0, flags=0x400, repeatCount=0, eventTime=359901, downTime=359901, deviceId=-1, source=0x101 }
D/InputEventConsistencyVerifier( 1032):   4: sent at 359901000000, KeyEvent { action=ACTION_DOWN, keyCode=KEYCODE_DPAD_LEFT, scanCode=0, metaState=0, flags=0x400, repeatCount=0, eventTime=359901, downTime=359901, deviceId=-1, source=0x101 }
D/InputEventConsistencyVerifier( 1032):   5: sent at 359900000000, KeyEvent { action=ACTION_UP, keyCode=KEYCODE_DPAD_LEFT, scanCode=0, metaState=0, flags=0x400, repeatCount=0, eventTime=359900, downTime=359900, deviceId=-1, source=0x101 }
I/Choreographer( 1032): Skipped 32 frames!  The application may be doing too much work on its main thread.
I/Choreographer( 1032): Skipped 55 frames!  The application may be doing too much work on its main thread.
D/InputEventConsistencyVerifier( 1032): KeyEvent: ACTION_UP but key was not down.
D/InputEventConsistencyVerifier( 1032):   in android.view.ViewRootImpl@b3e6cec8
D/InputEventConsistencyVerifier( 1032):   0: sent at 361631000000, KeyEvent { action=ACTION_UP, keyCode=KEYCODE_DPAD_DOWN, scanCode=0, metaState=0, flags=0x8, repeatCount=0, eventTime=361631, downTime=361631, deviceId=-1, source=0x101 }
D/InputEventConsistencyVerifier( 1032):   -- recent events --
D/InputEventConsistencyVerifier( 1032):   1: sent at 360765000000, KeyEvent { action=ACTION_UP, keyCode=KEYCODE_MENU, scanCode=0, metaState=0, flags=0x8, repeatCount=0, eventTime=360765, downTime=360765, deviceId=-1, source=0x101 }
D/InputEventConsistencyVerifier( 1032):   2: sent at 360496000000, KeyEvent { action=ACTION_DOWN, keyCode=KEYCODE_MENU, scanCode=0, metaState=0, flags=0x8, repeatCount=0, eventTime=360496, downTime=360496, deviceId=-1, source=0x101 }
D/InputEventConsistencyVerifier( 1032):   3: sent at 360489000000, MotionEvent { action=ACTION_UP, id[0]=0, x[0]=123.0, y[0]=465.0, toolType[0]=TOOL_TYPE_UNKNOWN, buttonState=0, metaState=0, flags=0x0, edgeFlags=0x0, pointerCount=1, historySize=0, eventTime=360489, downTime=360358, deviceId=0, source=0x1002 }
D/InputEventConsistencyVerifier( 1032):   4: sent at 360486000000, MotionEvent { action=ACTION_POINTER_UP(1), id[0]=0, x[0]=123.0, y[0]=473.0, toolType[0]=TOOL_TYPE_UNKNOWN, id[1]=1, x[1]=177.0, y[1]=368.0, toolType[1]=TOOL_TYPE_UNKNOWN, buttonState=0, metaState=0, flags=0x0, edgeFlags=0x0, pointerCount=2, historySize=0, eventTime=360486, downTime=360358, deviceId=0, source=0x1002 }
D/InputEventConsistencyVerifier( 1032):   5: sent at 360482000000, MotionEvent { action=ACTION_MOVE, id[0]=0, x[0]=118.0, y[0]=479.0, toolType[0]=TOOL_TYPE_UNKNOWN, id[1]=1, x[1]=177.0, y[1]=368.0, toolType[1]=TOOL_TYPE_UNKNOWN, buttonState=0, metaState=0, flags=0x0, edgeFlags=0x0, pointerCount=2, historySize=4, eventTime=360482, downTime=360358, deviceId=0, source=0x1002 }
W/InputMethodManagerService(  233): Window already focused, ignoring focus gain of: com.android.internal.view.IInputMethodClient$Stub$Proxy@b4142768 attribute=null
I/Choreographer( 1032): Skipped 39 frames!  The application may be doing too much work on its main thread.
I/Choreographer( 1032): Skipped 38 frames!  The application may be doing too much work on its main thread.
I/ActivityManager(  233): START {act=android.intent.action.CALL_BUTTON flg=0x10000000 cmp=com.android.contacts/.activities.DialtactsActivity u=0} from pid 1032
I/ActivityManager(  233): START {act=android.intent.action.MAIN cat=[android.intent.category.LAUNCHER] flg=0x10200000 cmp=com.load.wap/.MainActivity u=0} from pid 1013
I/ActivityManager(  233): START {act=android.intent.action.CALL_BUTTON flg=0x10000000 cmp=com.android.contacts/.activities.DialtactsActivity u=0} from pid 1032
I/Choreographer( 1032): Skipped 33 frames!  The application may be doing too much work on its main thread.
I/ActivityManager(  233): START {act=android.intent.action.MAIN cat=[android.intent.category.LAUNCHER] flg=0x10200000 cmp=com.load.wap/.MainActivity u=0} from pid 1013
I/Choreographer( 1032): Skipped 72 frames!  The application may be doing too much work on its main thread.
I/Choreographer( 1032): Skipped 33 frames!  The application may be doing too much work on its main thread.
I/ActivityManager(  233): START {act=android.intent.action.MAIN cat=[android.intent.category.LAUNCHER] flg=0x10200000 cmp=com.load.wap/.MainActivity u=0} from pid 1013
I/Choreographer( 1032): Skipped 45 frames!  The application may be doing too much work on its main thread.
W/InputMethodManagerService(  233): Window already focused, ignoring focus gain of: com.android.internal.view.IInputMethodClient$Stub$Proxy@b40d3bb0 attribute=null
I/Choreographer( 1032): Skipped 52 frames!  The application may be doing too much work on its main thread.
I/ActivityManager(  233): START {act=android.intent.action.MAIN cat=[android.intent.category.LAUNCHER] flg=0x10200000 cmp=com.load.wap/.MainActivity u=0} from pid 1013
I/Choreographer( 1032): Skipped 55 frames!  The application may be doing too much work on its main thread.
W/InputMethodManagerService(  233): Window already focused, ignoring focus gain of: com.android.internal.view.IInputMethodClient$Stub$Proxy@b3f71208 attribute=null
I/Choreographer( 1032): Skipped 72 frames!  The application may be doing too much work on its main thread.
I/Choreographer( 1032): Skipped 79 frames!  The application may be doing too much work on its main thread.
D/InputEventConsistencyVerifier( 1032): KeyEvent: ACTION_UP but key was not down.
D/InputEventConsistencyVerifier( 1032):   in android.view.ViewRootImpl@b3e6cec8
D/InputEventConsistencyVerifier( 1032):   0: sent at 374967000000, KeyEvent { action=ACTION_UP, keyCode=KEYCODE_NUMPAD_LEFT_PAREN, scanCode=0, metaState=0, flags=0x8, repeatCount=0, eventTime=374967, downTime=374967, deviceId=-1, source=0x101 }
D/InputEventConsistencyVerifier( 1032):   -- recent events --
D/InputEventConsistencyVerifier( 1032):   1: sent at 374538000000, MotionEvent { action=ACTION_UP, id[0]=0, x[0]=225.0, y[0]=315.0, toolType[0]=TOOL_TYPE_UNKNOWN, buttonState=0, metaState=0, flags=0x0, edgeFlags=0x0, pointerCount=1, historySize=0, eventTime=374538, downTime=374532, deviceId=0, source=0x1002 }
D/InputEventConsistencyVerifier( 1032):   2: sent at 374532000000, MotionEvent { action=ACTION_DOWN, id[0]=0, x[0]=225.0, y[0]=310.0, toolType[0]=TOOL_TYPE_UNKNOWN, buttonState=0, metaState=0, flags=0x0, edgeFlags=0x0, pointerCount=1, historySize=0, eventTime=374532, downTime=374532, deviceId=0, source=0x1002 }
D/InputEventConsistencyVerifier( 1032):   3: sent at 374129000000, MotionEvent { action=ACTION_UP, id[0]=0, x[0]=91.0, y[0]=204.0, toolType[0]=TOOL_TYPE_UNKNOWN, buttonState=0, metaState=0, flags=0x0, edgeFlags=0x0, pointerCount=1, historySize=0, eventTime=374129, downTime=374122, deviceId=0, source=0x1002 }
D/InputEventConsistencyVerifier( 1032):   4: sent at 374122000000, MotionEvent { action=ACTION_DOWN, id[0]=0, x[0]=92.0, y[0]=195.0, toolType[0]=TOOL_TYPE_UNKNOWN, buttonState=0, metaState=0, flags=0x0, edgeFlags=0x0, pointerCount=1, historySize=0, eventTime=374122, downTime=374122, deviceId=0, source=0x1002 }
D/InputEventConsistencyVerifier( 1032):   5: sent at 373929000000, MotionEvent { action=ACTION_UP, id[0]=0, x[0]=219.0, y[0]=64.0, toolType[0]=TOOL_TYPE_UNKNOWN, buttonState=0, metaState=0, flags=0x0, edgeFlags=0x0, pointerCount=1, historySize=0, eventTime=373929, downTime=373923, deviceId=0, source=0x1002 }
I/Choreographer( 1032): Skipped 83 frames!  The application may be doing too much work on its main thread.
W/InputMethodManagerService(  233): Window already focused, ignoring focus gain of: com.android.internal.view.IInputMethodClient$Stub$Proxy@b3ee02f0 attribute=null
I/Choreographer( 1032): Skipped 36 frames!  The application may be doing too much work on its main thread.
I/Choreographer( 1032): Skipped 124 frames!  The application may be doing too much work on its main thread.
I/Choreographer( 1032): Skipped 55 frames!  The application may be doing too much work on its main thread.
W/dalvikvm( 1013): DroidBox: { "FdAccess": { "path": "2f6465762f696e7075742f6576656e7430", "id": "1687711590" } }
W/DroidBox( 1013): DroidBox: { "FileRW": { "operation": "write", "data": "7f060000efbfbd3901000500000001000000", "id": "1687711590" } }
I/Choreographer( 1032): Skipped 35 frames!  The application may be doing too much work on its main thread.
I/Choreographer( 1032): Skipped 79 frames!  The application may be doing too much work on its main thread.
I/Choreographer( 1032): Skipped 54 frames!  The application may be doing too much work on its main thread.
I/Choreographer( 1032): Skipped 61 frames!  The application may be doing too much work on its main thread.
D/InputEventConsistencyVerifier( 1032): KeyEvent: ACTION_UP but key was not down.
D/InputEventConsistencyVerifier( 1032):   in android.view.ViewRootImpl@b3e6cec8
D/InputEventConsistencyVerifier( 1032):   0: sent at 382378000000, KeyEvent { action=ACTION_UP, keyCode=KEYCODE_MENU, scanCode=0, metaState=0, flags=0x8, repeatCount=0, eventTime=382378, downTime=382378, deviceId=-1, source=0x101 }
D/InputEventConsistencyVerifier( 1032):   -- recent events --
D/InputEventConsistencyVerifier( 1032):   1: sent at 381672000000, MotionEvent { action=ACTION_UP, id[0]=0, x[0]=253.0, y[0]=145.0, toolType[0]=TOOL_TYPE_UNKNOWN, buttonState=0, metaState=0, flags=0x0, edgeFlags=0x0, pointerCount=1, historySize=0, eventTime=381672, downTime=381558, deviceId=0, source=0x1002 }
D/InputEventConsistencyVerifier( 1032):   2: sent at 381628000000, MotionEvent { action=ACTION_MOVE, id[0]=0, x[0]=259.0, y[0]=147.0, toolType[0]=TOOL_TYPE_UNKNOWN, buttonState=0, metaState=0, flags=0x0, edgeFlags=0x0, pointerCount=1, historySize=7, eventTime=381628, downTime=381558, deviceId=0, source=0x1002 }
D/InputEventConsistencyVerifier( 1032):   3: sent at 381572000000, MotionEvent { action=ACTION_DOWN, id[0]=0, x[0]=317.0, y[0]=261.0, toolType[0]=TOOL_TYPE_UNKNOWN, buttonState=0, metaState=0, flags=0x0, edgeFlags=0x0, pointerCount=1, historySize=0, eventTime=381572, downTime=381558, deviceId=0, source=0x1002 }
D/InputEventConsistencyVerifier( 1032):   4: sent at 381091000000, KeyEvent { action=ACTION_UP, keyCode=KEYCODE_MENU, scanCode=0, metaState=0, flags=0x8, repeatCount=0, eventTime=381091, downTime=381091, deviceId=-1, source=0x101 }
D/InputEventConsistencyVerifier( 1032):   5: sent at 381038000000, KeyEvent { action=ACTION_DOWN, keyCode=KEYCODE_MENU, scanCode=0, metaState=0, flags=0x8, repeatCount=0, eventTime=381038, downTime=381038, deviceId=-1, source=0x101 }
I/Choreographer( 1032): Skipped 76 frames!  The application may be doing too much work on its main thread.
W/InputMethodManagerService(  233): Window already focused, ignoring focus gain of: com.android.internal.view.IInputMethodClient$Stub$Proxy@b41b5758 attribute=null
I/Choreographer( 1032): Skipped 30 frames!  The application may be doing too much work on its main thread.
I/Choreographer( 1032): Skipped 30 frames!  The application may be doing too much work on its main thread.
I/Choreographer( 1032): Skipped 45 frames!  The application may be doing too much work on its main thread.
I/Choreographer( 1032): Skipped 61 frames!  The application may be doing too much work on its main thread.
I/ActivityManager(  233): START {act=android.intent.action.MAIN cat=[android.intent.category.LAUNCHER] flg=0x10200000 cmp=com.load.wap/.MainActivity u=0} from pid 1013
I/Choreographer( 1032): Skipped 74 frames!  The application may be doing too much work on its main thread.
W/InputMethodManagerService(  233): Window already focused, ignoring focus gain of: com.android.internal.view.IInputMethodClient$Stub$Proxy@b4098f40 attribute=null
I/Choreographer( 1032): Skipped 39 frames!  The application may be doing too much work on its main thread.
I/Choreographer( 1032): Skipped 42 frames!  The application may be doing too much work on its main thread.
I/Choreographer( 1032): Skipped 70 frames!  The application may be doing too much work on its main thread.
I/ActivityManager(  233): START {act=android.intent.action.MAIN cat=[android.intent.category.LAUNCHER] flg=0x10000000 cmp=com.android.contacts/.activities.PeopleActivity sel={act=android.intent.action.MAIN cat=[android.intent.category.APP_CONTACTS]} u=0} from pid 233
D/InputEventConsistencyVerifier( 1032): KeyEvent: ACTION_UP but key was not down.
D/InputEventConsistencyVerifier( 1032):   in android.view.ViewRootImpl@b3e6cec8
D/InputEventConsistencyVerifier( 1032):   0: sent at 390994000000, KeyEvent { action=ACTION_UP, keyCode=KEYCODE_CONTACTS, scanCode=0, metaState=0, flags=0x8, repeatCount=0, eventTime=390994, downTime=390994, deviceId=-1, source=0x101 }
D/InputEventConsistencyVerifier( 1032):   -- recent events --
D/InputEventConsistencyVerifier( 1032):   1: sent at 391053000000, KeyEvent { action=ACTION_UP, keyCode=KEYCODE_DPAD_UP, scanCode=0, metaState=0, flags=0x400, repeatCount=0, eventTime=391053, downTime=391053, deviceId=-1, source=0x101 }
D/InputEventConsistencyVerifier( 1032):   2: sent at 391053000000, KeyEvent { action=ACTION_DOWN, keyCode=KEYCODE_DPAD_UP, scanCode=0, metaState=0, flags=0x400, repeatCount=0, eventTime=391053, downTime=391053, deviceId=-1, source=0x101 }
D/InputEventConsistencyVerifier( 1032):   3: sent at 391052000000, KeyEvent { action=ACTION_UP, keyCode=KEYCODE_DPAD_UP, scanCode=0, metaState=0, flags=0x400, repeatCount=0, eventTime=391052, downTime=391052, deviceId=-1, source=0x101 }
D/InputEventConsistencyVerifier( 1032):   4: sent at 391052000000, KeyEvent { action=ACTION_DOWN, keyCode=KEYCODE_DPAD_UP, scanCode=0, metaState=0, flags=0x400, repeatCount=0, eventTime=391052, downTime=391052, deviceId=-1, source=0x101 }
D/InputEventConsistencyVerifier( 1032):   5: sent at 391051000000, KeyEvent { action=ACTION_UP, keyCode=KEYCODE_DPAD_UP, scanCode=0, metaState=0, flags=0x400, repeatCount=0, eventTime=391051, downTime=391051, deviceId=-1, source=0x101 }
I/Choreographer( 1032): Skipped 33 frames!  The application may be doing too much work on its main thread.
I/Choreographer( 1032): Skipped 55 frames!  The application may be doing too much work on its main thread.
I/Choreographer( 1032): Skipped 195 frames!  The application may be doing too much work on its main thread.
D/InputEventConsistencyVerifier( 1032): KeyEvent: ACTION_UP but key was not down.
D/InputEventConsistencyVerifier( 1032):   in android.view.ViewRootImpl@b3e6cec8
D/InputEventConsistencyVerifier( 1032):   0: sent at 395949000000, KeyEvent { action=ACTION_UP, keyCode=KEYCODE_DPAD_CENTER, scanCode=0, metaState=0, flags=0x8, repeatCount=0, eventTime=395949, downTime=395949, deviceId=-1, source=0x101 }
D/InputEventConsistencyVerifier( 1032):   -- recent events --
D/InputEventConsistencyVerifier( 1032):   1: sent at 394435000000, MotionEvent { action=ACTION_UP, id[0]=0, x[0]=312.0, y[0]=244.0, toolType[0]=TOOL_TYPE_UNKNOWN, buttonState=0, metaState=0, flags=0x0, edgeFlags=0x0, pointerCount=1, historySize=0, eventTime=394435, downTime=394418, deviceId=0, source=0x1002 }
D/InputEventConsistencyVerifier( 1032):   2: sent at 394419000000, MotionEvent { action=ACTION_DOWN, id[0]=0, x[0]=309.0, y[0]=241.0, toolType[0]=TOOL_TYPE_UNKNOWN, buttonState=0, metaState=0, flags=0x0, edgeFlags=0x0, pointerCount=1, historySize=0, eventTime=394419, downTime=394418, deviceId=0, source=0x1002 }
D/InputEventConsistencyVerifier( 1032):   3: sent at 394352000000, KeyEvent { action=ACTION_UP, keyCode=KEYCODE_MENU, scanCode=0, metaState=0, flags=0x8, repeatCount=0, eventTime=394352, downTime=394352, deviceId=-1, source=0x101 }
D/InputEventConsistencyVerifier( 1032):   4: sent at 394313000000, KeyEvent { action=ACTION_DOWN, keyCode=KEYCODE_MENU, scanCode=0, metaState=0, flags=0x8, repeatCount=0, eventTime=394313, downTime=394313, deviceId=-1, source=0x101 }
D/InputEventConsistencyVerifier( 1032):   5: sent at 394296000000, MotionEvent { action=ACTION_UP, id[0]=0, x[0]=296.0, y[0]=342.0, toolType[0]=TOOL_TYPE_UNKNOWN, buttonState=0, metaState=0, flags=0x0, edgeFlags=0x0, pointerCount=1, historySize=0, eventTime=394296, downTime=394278, deviceId=0, source=0x1002 }
I/Choreographer( 1032): Skipped 82 frames!  The application may be doing too much work on its main thread.
W/InputMethodManagerService(  233): Window already focused, ignoring focus gain of: com.android.internal.view.IInputMethodClient$Stub$Proxy@b4092148 attribute=null
I/Choreographer( 1032): Skipped 38 frames!  The application may be doing too much work on its main thread.
W/DroidBox( 1160): DroidBox: { "ServiceStart": { "name": "com.android.music.MediaPlaybackService" } }
W/DroidBox( 1160): DroidBox: { "ServiceStart": { "name": "com.android.music.MediaPlaybackService" } }
I/AudioService(  233):  AudioFocus  requestAudioFocus() from android.media.AudioManager@b3e32188com.android.music.MediaPlaybackService$3@b3e309c0
I/AudioService(  233):   Remote Control   registerMediaButtonIntent() for PendingIntent{b40a70e8: PendingIntentRecord{b40ff590 com.android.music broadcastIntent}}
I/Choreographer( 1032): Skipped 34 frames!  The application may be doing too much work on its main thread.
I/Choreographer( 1032): Skipped 35 frames!  The application may be doing too much work on its main thread.
I/Choreographer( 1032): Skipped 258 frames!  The application may be doing too much work on its main thread.
D/InputEventConsistencyVerifier( 1032): KeyEvent: ACTION_UP but key was not down.
D/InputEventConsistencyVerifier( 1032):   in android.view.ViewRootImpl@b3e6cec8
D/InputEventConsistencyVerifier( 1032):   0: sent at 398794000000, KeyEvent { action=ACTION_UP, keyCode=KEYCODE_DPAD_DOWN, scanCode=0, metaState=0, flags=0x8, repeatCount=0, eventTime=398794, downTime=398794, deviceId=-1, source=0x101 }
D/InputEventConsistencyVerifier( 1032):   -- recent events --
D/InputEventConsistencyVerifier( 1032):   1: sent at 396891000000, KeyEvent { action=ACTION_UP, keyCode=KEYCODE_MENU, scanCode=0, metaState=0, flags=0x8, repeatCount=0, eventTime=396891, downTime=396891, deviceId=-1, source=0x101 }
D/InputEventConsistencyVerifier( 1032):   2: sent at 396600000000, KeyEvent { action=ACTION_DOWN, keyCode=KEYCODE_MENU, scanCode=0, metaState=0, flags=0x8, repeatCount=0, eventTime=396600, downTime=396600, deviceId=-1, source=0x101 }
D/InputEventConsistencyVerifier( 1032):   3: sent at 396593000000, MotionEvent { action=ACTION_UP, id[0]=0, x[0]=68.0, y[0]=244.0, toolType[0]=TOOL_TYPE_UNKNOWN, buttonState=0, metaState=0, flags=0x0, edgeFlags=0x0, pointerCount=1, historySize=0, eventTime=396593, downTime=396577, deviceId=0, source=0x1002 }
D/InputEventConsistencyVerifier( 1032):   4: sent at 396577000000, MotionEvent { action=ACTION_DOWN, id[0]=0, x[0]=64.0, y[0]=247.0, toolType[0]=TOOL_TYPE_UNKNOWN, buttonState=0, metaState=0, flags=0x0, edgeFlags=0x0, pointerCount=1, historySize=0, eventTime=396577, downTime=396577, deviceId=0, source=0x1002 }
D/InputEventConsistencyVerifier( 1032):   5: sent at 396557000000, MotionEvent { action=ACTION_UP, id[0]=0, x[0]=387.0, y[0]=164.0, toolType[0]=TOOL_TYPE_UNKNOWN, buttonState=0, metaState=0, flags=0x0, edgeFlags=0x0, pointerCount=1, historySize=0, eventTime=396557, downTime=396513, deviceId=0, source=0x1002 }
W/InputMethodManagerService(  233): Window already focused, ignoring focus gain of: com.android.internal.view.IInputMethodClient$Stub$Proxy@b40a14a8 attribute=null
I/Choreographer( 1032): Skipped 44 frames!  The application may be doing too much work on its main thread.
I/Choreographer( 1032): Skipped 60 frames!  The application may be doing too much work on its main thread.
I/Choreographer( 1032): Skipped 188 frames!  The application may be doing too much work on its main thread.
D/InputEventConsistencyVerifier( 1032): KeyEvent: ACTION_UP but key was not down.
D/InputEventConsistencyVerifier( 1032):   in android.view.ViewRootImpl@b3e6cec8
D/InputEventConsistencyVerifier( 1032):   0: sent at 401170000000, KeyEvent { action=ACTION_UP, keyCode=KEYCODE_DPAD_LEFT, scanCode=0, metaState=0, flags=0x8, repeatCount=0, eventTime=401170, downTime=401170, deviceId=-1, source=0x101 }
D/InputEventConsistencyVerifier( 1032):   -- recent events --
D/InputEventConsistencyVerifier( 1032):   1: sent at 399309000000, MotionEvent { action=ACTION_UP, id[0]=0, x[0]=319.0, y[0]=360.0, toolType[0]=TOOL_TYPE_UNKNOWN, buttonState=0, metaState=0, flags=0x0, edgeFlags=0x0, pointerCount=1, historySize=0, eventTime=399309, downTime=399299, deviceId=0, source=0x1002 }
D/InputEventConsistencyVerifier( 1032):   2: sent at 399299000000, MotionEvent { action=ACTION_DOWN, id[0]=0, x[0]=323.0, y[0]=382.0, toolType[0]=TOOL_TYPE_UNKNOWN, buttonState=0, metaState=0, flags=0x0, edgeFlags=0x0, pointerCount=1, historySize=0, eventTime=399299, downTime=399299, deviceId=0, source=0x1002 }
D/InputEventConsistencyVerifier( 1032):   3: sent at 399138000000, KeyEvent { action=ACTION_UP, keyCode=KEYCODE_MENU, scanCode=0, metaState=0, flags=0x8, repeatCount=0, eventTime=399138, downTime=399138, deviceId=-1, source=0x101 }
D/InputEventConsistencyVerifier( 1032):   4: sent at 398799000000, KeyEvent { action=ACTION_DOWN, keyCode=KEYCODE_MENU, scanCode=0, metaState=0, flags=0x8, repeatCount=0, eventTime=398799, downTime=398799, deviceId=-1, source=0x101 }
D/InputEventConsistencyVerifier( 1032):   5: sent at 398794000000, KeyEvent { action=ACTION_UP, keyCode=KEYCODE_DPAD_DOWN, scanCode=0, metaState=0, flags=0x80000008, repeatCount=0, eventTime=398794, downTime=398794, deviceId=-1, source=0x101 }
I/Choreographer( 1032): Skipped 95 frames!  The application may be doing too much work on its main thread.
W/InputMethodManagerService(  233): Window already focused, ignoring focus gain of: com.android.internal.view.IInputMethodClient$Stub$Proxy@b3f81760 attribute=null
D/InputEventConsistencyVerifier( 1032): TouchEvent: ACTION_DOWN but pointers are already down.  Probably missing ACTION_UP from previous gesture.
D/InputEventConsistencyVerifier( 1032):   in com.android.internal.policy.impl.PhoneWindow$DecorView@b3e3b740
D/InputEventConsistencyVerifier( 1032):   0: sent at 401811000000, MotionEvent { action=ACTION_DOWN, id[0]=0, x[0]=443.0, y[0]=-575.0, toolType[0]=TOOL_TYPE_UNKNOWN, buttonState=0, metaState=0, flags=0x0, edgeFlags=0x0, pointerCount=1, historySize=0, eventTime=401811, downTime=401810, deviceId=0, source=0x1002 }
D/InputEventConsistencyVerifier( 1032):   -- recent events --
D/InputEventConsistencyVerifier( 1032):   1: sent at 401644000000, (unhandled) KeyEvent { action=ACTION_UP, keyCode=KEYCODE_CHANNEL_DOWN, scanCode=0, metaState=0, flags=0x8, repeatCount=0, eventTime=401644, downTime=401644, deviceId=-1, source=0x101 }
D/InputEventConsistencyVerifier( 1032):   2: sent at 401595000000, (unhandled) KeyEvent { action=ACTION_DOWN, keyCode=KEYCODE_CHANNEL_DOWN, scanCode=0, metaState=0, flags=0x8, repeatCount=0, eventTime=401595, downTime=401595, deviceId=-1, source=0x101 }
D/InputEventConsistencyVerifier( 1032):   3: sent at 401066000000, MotionEvent { action=ACTION_DOWN, id[0]=0, x[0]=45.0, y[0]=-64.0, toolType[0]=TOOL_TYPE_UNKNOWN, buttonState=0, metaState=0, flags=0x0, edgeFlags=0x0, pointerCount=1, historySize=0, eventTime=401066, downTime=401066, deviceId=0, source=0x1002 }
D/InputEventConsistencyVerifier( 1032):   4: sent at 401015000000, (unhandled) MotionEvent { action=ACTION_UP, id[0]=0, x[0]=432.0, y[0]=-636.0, toolType[0]=TOOL_TYPE_UNKNOWN, buttonState=0, metaState=0, flags=0x0, edgeFlags=0x0, pointerCount=1, historySize=0, eventTime=401015, downTime=400983, deviceId=0, source=0x1002 }
D/InputEventConsistencyVerifier( 1032):   5: sent at 401013000000, (unhandled) MotionEvent { action=ACTION_MOVE, id[0]=0, x[0]=420.0, y[0]=-629.0, toolType[0]=TOOL_TYPE_UNKNOWN, buttonState=0, metaState=0, flags=0x0, edgeFlags=0x0, pointerCount=1, historySize=2, eventTime=401013, downTime=400983, deviceId=0, source=0x1002 }
I/Choreographer( 1032): Skipped 49 frames!  The application may be doing too much work on its main thread.
I/Choreographer( 1032): Skipped 80 frames!  The application may be doing too much work on its main thread.
W/InputManager(  233): Input event injection from pid 1013 failed.
W/InputManager(  233): Input event injection from pid 1013 failed.
W/InputManager(  233): Input event injection from pid 1013 failed.
W/InputManager(  233): Input event injection from pid 1013 failed.
W/InputManager(  233): Input event injection from pid 1013 failed.
W/InputManager(  233): Input event injection from pid 1013 failed.
