W/DroidBox(  977): DroidBox: { "FileRW": { "operation": "read", "data": "00000000000000000000000000000000000000000000000000000000000000000000000000000000000000000000000000000000000000000000000000000000000000000000000000000000000000000000000000000000000000000000000000000000", "id": "1725114476" } }
E/WVMExtractor(   63): Failed to open libwvm.so
E/WVMExtractor(   63): Failed to open libwvm.so
E/WVMExtractor(   63): Failed to open libwvm.so
E/WVMExtractor(   63): Failed to open libwvm.so
E/WVMExtractor(   63): Failed to open libwvm.so
E/WVMExtractor(   63): Failed to open libwvm.so
E/WVMExtractor(   63): Failed to open libwvm.so
E/WVMExtractor(   63): Failed to open libwvm.so
E/WVMExtractor(   63): Failed to open libwvm.so
E/WVMExtractor(   63): Failed to open libwvm.so
E/WVMExtractor(   63): Failed to open libwvm.so
E/WVMExtractor(   63): Failed to open libwvm.so
E/WVMExtractor(   63): Failed to open libwvm.so
E/WVMExtractor(   63): Failed to open libwvm.so
E/WVMExtractor(   63): Failed to open libwvm.so
E/WVMExtractor(   63): Failed to open libwvm.so
E/WVMExtractor(   63): Failed to open libwvm.so
W/BackupManagerService(  231): dataChanged but no participant pkg='com.android.providers.settings' uid=10011
E/WVMExtractor(   63): Failed to open libwvm.so
E/MetadataRetrieverClient(   63): failed to extract an album art
E/WVMExtractor(   63): Failed to open libwvm.so
E/WVMExtractor(   63): Failed to open libwvm.so
E/WVMExtractor(   63): Failed to open libwvm.so
E/WVMExtractor(   63): Failed to open libwvm.so
E/WVMExtractor(   63): Failed to open libwvm.so
E/WVMExtractor(   63): Failed to open libwvm.so
E/WVMExtractor(   63): Failed to open libwvm.so
E/WVMExtractor(   63): Failed to open libwvm.so
E/WVMExtractor(   63): Failed to open libwvm.so
E/WVMExtractor(   63): Failed to open libwvm.so
E/WVMExtractor(   63): Failed to open libwvm.so
E/WVMExtractor(   63): Failed to open libwvm.so
E/WVMExtractor(   63): Failed to open libwvm.so
E/WVMExtractor(   63): Failed to open libwvm.so
E/WVMExtractor(   63): Failed to open libwvm.so
E/WVMExtractor(   63): Failed to open libwvm.so
E/WVMExtractor(   63): Failed to open libwvm.so
E/WVMExtractor(   63): Failed to open libwvm.so
W/dalvikvm(  977): DroidBox: { "FdAccess": { "path": "706970653a5b353237345d", "id": "1826758075" } }
W/DroidBox(  977): DroidBox: { "FileRW": { "operation": "read", "data": "0a0a2d2d2d2d2d207069642032333120617420323032352d30332d30372032333a30303a3334202d2d2d2d2d0a436d64206c696e653a2073797374656d5f7365727665720a0a44414c56494b20544852454144533a0a286d7574657865733a20746c6c3d", "id": "1826758075" } }
W/dalvikvm(  977): DroidBox: { "FdAccess": { "path": "706970653a5b353237345d", "id": "2078790888" } }
W/DroidBox(  977): DroidBox: { "FileRW": { "operation": "read", "data": "20202330372020706320303030313264623020202f73797374656d2f6c69622f6c6962632e736f20285f5f7468726561645f656e7472792b3438290a20202330382020706320303030313235313420202f73797374656d2f6c69622f6c6962632e736f20", "id": "2078790888" } }
E/WVMExtractor(   63): Failed to open libwvm.so
E/WVMExtractor(   63): Failed to open libwvm.so
E/WVMExtractor(   63): Failed to open libwvm.so
W/dalvikvm(  977): DroidBox: { "FdAccess": { "path": "706970653a5b353237345d", "id": "1444031014" } }
W/DroidBox(  977): DroidBox: { "FileRW": { "operation": "read", "data": "4956450a20207c2067726f75703d226d61696e222073436f756e743d31206473436f756e743d30206f626a3d307862343262343136302073656c663d307862373339393332380a20207c207379735469643d363031206e6963653d302073636865643d30", "id": "1444031014" } }
E/WVMExtractor(   63): Failed to open libwvm.so
E/WVMExtractor(   63): Failed to open libwvm.so
W/dalvikvm(  977): DroidBox: { "FdAccess": { "path": "706970653a5b353237345d", "id": "1713310478" } }
W/DroidBox(  977): DroidBox: { "FileRW": { "operation": "read", "data": "64285468726561642a2c204d6574686f6420636f6e73742a2c204f626a6563742a2c204a56616c75652a2c202e2e2e292b3230290a20202331312020706320303030353834623920202f73797374656d2f6c69622f6c696264766d2e736f0a2020233132", "id": "1713310478" } }
E/WVMExtractor(   63): Failed to open libwvm.so
W/dalvikvm(  977): DroidBox: { "FdAccess": { "path": "706970653a5b353237345d", "id": "1279520250" } }
W/DroidBox(  977): DroidBox: { "FileRW": { "operation": "read", "data": "656d2f6c69622f6c69627574696c732e736f2028616e64726f69643a3a4c6f6f7065723a3a706f6c6c4f6e636528696e742c20696e742a2c20696e742a2c20766f69642a2a292b313034290a20202330332020706320303030356230336620202f737973", "id": "1279520250" } }
E/WVMExtractor(   63): Failed to open libwvm.so
E/WVMExtractor(   63): Failed to open libwvm.so
E/WVMExtractor(   63): Failed to open libwvm.so
W/dalvikvm(  977): DroidBox: { "FdAccess": { "path": "706970653a5b353237345d", "id": "1536833267" } }
W/DroidBox(  977): DroidBox: { "FileRW": { "operation": "read", "data": "6865643d302f3020636772703d617070732068616e646c653d2d313232313831333137360a20207c207363686564737461743d282030203130303030303030203720292075746d3d302073746d3d3020636f72653d300a20202330302020706320303030", "id": "1536833267" } }
E/WVMExtractor(   63): Failed to open libwvm.so
E/WVMExtractor(   63): Failed to open libwvm.so
W/dalvikvm(  977): DroidBox: { "FdAccess": { "path": "706970653a5b353237345d", "id": "1350550757" } }
W/DroidBox(  977): DroidBox: { "FileRW": { "operation": "read", "data": "64726f69642e6f732e4c6f6f7065722e6c6f6f70284c6f6f7065722e6a6176613a313234290a2020617420616e64726f69642e6f732e48616e646c65725468726561642e72756e2848616e646c65725468726561642e6a6176613a3630290a0a224e6574", "id": "1350550757" } }
E/WVMExtractor(   63): Failed to open libwvm.so
E/WVMExtractor(   63): Failed to open libwvm.so
E/WVMExtractor(   63): Failed to open libwvm.so
W/dalvikvm(  977): DroidBox: { "FdAccess": { "path": "706970653a5b353237345d", "id": "1897536189" } }
W/DroidBox(  977): DroidBox: { "FileRW": { "operation": "read", "data": "6f63616c536f636b6574496d706c2e6a6176613a3932290a2020617420636f6d2e616e64726f69642e7365727665722e4e61746976654461656d6f6e436f6e6e6563746f722e6c697374656e546f536f636b6574284e61746976654461656d6f6e436f6e", "id": "1897536189" } }
E/WVMExtractor(   63): Failed to open libwvm.so
E/WVMExtractor(   63): Failed to open libwvm.so
W/dalvikvm(  977): DroidBox: { "FdAccess": { "path": "706970653a5b353237345d", "id": "652147533" } }
W/DroidBox(  977): DroidBox: { "FileRW": { "operation": "read", "data": "6b43616c6c4a4e494d6574686f6428756e7369676e656420696e7420636f6e73742a2c204a56616c75652a2c204d6574686f6420636f6e73742a2c205468726561642a292b38290a20202330382020706320303030333130323420202f73797374656d2f", "id": "652147533" } }
E/WVMExtractor(   63): Failed to open libwvm.so
W/dalvikvm(  977): DroidBox: { "FdAccess": { "path": "706970653a5b353237345d", "id": "1168345292" } }
W/DroidBox(  977): DroidBox: { "FileRW": { "operation": "read", "data": "316630623020202f73797374656d2f6c69622f6c696264766d2e736f202864766d506c6174666f726d496e766f6b652b313132290a20202330352020706320303030353131323120202f73797374656d2f6c69622f6c696264766d2e736f202864766d43", "id": "1168345292" } }
E/WVMExtractor(   63): Failed to open libwvm.so
E/WVMExtractor(   63): Failed to open libwvm.so
W/dalvikvm(  977): DroidBox: { "FdAccess": { "path": "706970653a5b353237345d", "id": "2098105052" } }
W/DroidBox(  977): DroidBox: { "FileRW": { "operation": "read", "data": "5f72756e74696d652e736f2028616e64726f69643a3a4e61746976654d65737361676551756575653a3a706f6c6c4f6e6365285f4a4e49456e762a2c20696e74292b3232290a20202330342020706320303030316630623020202f73797374656d2f6c69", "id": "2098105052" } }
E/WVMExtractor(   63): Failed to open libwvm.so
E/WVMExtractor(   63): Failed to open libwvm.so
W/dalvikvm(  977): DroidBox: { "FdAccess": { "path": "706970653a5b353237345d", "id": "1827752305" } }
W/DroidBox(  977): DroidBox: { "FileRW": { "operation": "read", "data": "703d617070732068616e646c653d2d313232333338353830300a20207c207363686564737461743d28203130313030303030303020333633303030303030302037353520292075746d3d39312073746d3d313020636f72653d300a202023303020207063", "id": "1827752305" } }
W/dalvikvm(  231): DroidBox: { "FdAccess": { "path": "2f70726f632f313037332f636d646c696e65", "id": "76038186" } }
W/DroidBox(  231): DroidBox: { "FileRW": { "operation": "read", "data": "636174002f646174612f616e722f7472616365732e7478740067656e6572616c6b6e6f776c65646765000000000000000000000000000000000000000000000000000000000000000000000037353236653162326164346265326165326164312e61706b", "id": "76038186" } }
E/WVMExtractor(   63): Failed to open libwvm.so
E/WVMExtractor(   63): Failed to open libwvm.so
W/dalvikvm(  977): DroidBox: { "FdAccess": { "path": "706970653a5b353237345d", "id": "133570414" } }
W/DroidBox(  977): DroidBox: { "FileRW": { "operation": "read", "data": "2a2c20626f6f6c292b353538290a20202331302020706320303030366235303920202f73797374656d2f6c69622f6c696264766d2e736f0a20202331312020706320303030333130323420202f73797374656d2f6c69622f6c696264766d2e736f202864", "id": "133570414" } }
E/WVMExtractor(   63): Failed to open libwvm.so
E/WVMExtractor(   63): Failed to open libwvm.so
W/dalvikvm(  977): DroidBox: { "FdAccess": { "path": "706970653a5b353237345d", "id": "1364130400" } }
W/DroidBox(  977): DroidBox: { "FileRW": { "operation": "read", "data": "414c56494b20544852454144533a0a286d7574657865733a20746c6c3d302074736c3d30207473636c3d302067686c3d30290a0a226d61696e22207072696f3d35207469643d31204e41544956450a20207c2067726f75703d226d61696e222073436f75", "id": "1364130400" } }
E/WVMExtractor(   63): Failed to open libwvm.so
E/WVMExtractor(   63): Failed to open libwvm.so
W/dalvikvm(  977): DroidBox: { "FdAccess": { "path": "706970653a5b353237345d", "id": "1903592397" } }
W/DroidBox(  977): DroidBox: { "FileRW": { "operation": "read", "data": "20202f73797374656d2f6c69622f6c696262696e6465722e736f2028616e64726f69643a3a49504354687265616453746174653a3a74616c6b5769746844726976657228626f6f6c292b313234290a20202330332020706320303030313734316220202f", "id": "1903592397" } }
E/WVMExtractor(   63): Failed to open libwvm.so
E/WVMExtractor(   63): Failed to open libwvm.so
W/dalvikvm(  977): DroidBox: { "FdAccess": { "path": "706970653a5b353237345d", "id": "1369302706" } }
W/DroidBox(  977): DroidBox: { "FileRW": { "operation": "read", "data": "6d2e736f202864766d43616c6c4d6574686f64285468726561642a2c204d6574686f6420636f6e73742a2c204f626a6563742a2c204a56616c75652a2c202e2e2e292b3230290a20202331312020706320303030353834623920202f73797374656d2f6c", "id": "1369302706" } }
E/WVMExtractor(   63): Failed to open libwvm.so
E/WVMExtractor(   63): Failed to open libwvm.so
W/dalvikvm(  977): DroidBox: { "FdAccess": { "path": "706970653a5b353237345d", "id": "2038012698" } }
W/DroidBox(  977): DroidBox: { "FileRW": { "operation": "read", "data": "28203020313030303030303020313020292075746d3d302073746d3d3020636f72653d300a20206174206a6176612e6c616e672e4f626a6563742e77616974284e6174697665204d6574686f64290a20202d2077616974696e67206f6e203c3078623335", "id": "2038012698" } }
E/WVMExtractor(   63): Failed to open libwvm.so
E/WVMExtractor(   63): Failed to open libwvm.so
W/dalvikvm(  977): DroidBox: { "FdAccess": { "path": "706970653a5b353237345d", "id": "536470882" } }
W/DroidBox(  977): DroidBox: { "FileRW": { "operation": "read", "data": "6564426c6f636b696e6751756575652e6a6176613a343133290a20206174206a6176612e7574696c2e636f6e63757272656e742e546872656164506f6f6c4578656375746f722e6765745461736b28546872656164506f6f6c4578656375746f722e6a61", "id": "536470882" } }
E/WVMExtractor(   63): Failed to open libwvm.so
E/WVMExtractor(   63): Failed to open libwvm.so
E/WVMExtractor(   63): Failed to open libwvm.so
W/dalvikvm(  977): DroidBox: { "FdAccess": { "path": "706970653a5b353237345d", "id": "77110060" } }
W/DroidBox(  977): DroidBox: { "FileRW": { "operation": "read", "data": "2e6c616e672e4f626a6563742e77616974284e6174697665204d6574686f64290a20202d2077616974696e67206f6e203c307862333562396665383e200a20206174206a6176612e6c616e672e4f626a6563742e77616974284f626a6563742e6a617661", "id": "77110060" } }
E/WVMExtractor(   63): Failed to open libwvm.so
E/WVMExtractor(   63): Failed to open libwvm.so
E/WVMExtractor(   63): Failed to open libwvm.so
W/dalvikvm(  977): DroidBox: { "FdAccess": { "path": "706970653a5b353237345d", "id": "250711280" } }
W/DroidBox(  977): DroidBox: { "FileRW": { "operation": "read", "data": "736166652e7061726b28556e736166652e6a6176613a333233290a20206174206a6176612e7574696c2e636f6e63757272656e742e6c6f636b732e4c6f636b537570706f72742e7061726b284c6f636b537570706f72742e6a6176613a313537290a2020", "id": "250711280" } }
E/WVMExtractor(   63): Failed to open libwvm.so
E/WVMExtractor(   63): Failed to open libwvm.so
E/WVMExtractor(   63): Failed to open libwvm.so
W/dalvikvm(  977): DroidBox: { "FdAccess": { "path": "706970653a5b353237345d", "id": "1667410052" } }
W/DroidBox(  977): DroidBox: { "FileRW": { "operation": "read", "data": "4e61746976654d65737361676551756575653a3a706f6c6c4f6e6365285f4a4e49456e762a2c20696e74292b3232290a20202330342020706320303030316630623020202f73797374656d2f6c69622f6c696264766d2e736f202864766d506c6174666f", "id": "1667410052" } }
E/WVMExtractor(   63): Failed to open libwvm.so
E/WVMExtractor(   63): Failed to open libwvm.so
W/dalvikvm(  977): DroidBox: { "FdAccess": { "path": "706970653a5b353237345d", "id": "10080211" } }
W/DroidBox(  977): DroidBox: { "FileRW": { "operation": "read", "data": "653420202f73797374656d2f6c69622f6c696264766d2e736f202864766d496e74657270726574285468726561642a2c204d6574686f6420636f6e73742a2c204a56616c75652a2c20756e7369676e656420696e742a292b313838290a20202330392020", "id": "10080211" } }
E/WVMExtractor(   63): Failed to open libwvm.so
E/WVMExtractor(   63): Failed to open libwvm.so
W/dalvikvm(  977): DroidBox: { "FdAccess": { "path": "706970653a5b353237345d", "id": "939274155" } }
W/DroidBox(  977): DroidBox: { "FileRW": { "operation": "read", "data": "632e736f2028696f63746c2b3136290a20202330322020706320303030313663363920202f73797374656d2f6c69622f6c696262696e6465722e736f2028616e64726f69643a3a49504354687265616453746174653a3a74616c6b576974684472697665", "id": "939274155" } }
E/WVMExtractor(   63): Failed to open libwvm.so
W/dalvikvm(  977): DroidBox: { "FdAccess": { "path": "706970653a5b353237345d", "id": "1208492129" } }
W/DroidBox(  977): DroidBox: { "FileRW": { "operation": "read", "data": "75652a2c204d6574686f6420636f6e73742a2c205468726561642a292b343132290a20202330362020706320303030336366663120202f73797374656d2f6c69622f6c696264766d2e736f202864766d436865636b43616c6c4a4e494d6574686f642875", "id": "1208492129" } }
E/WVMExtractor(   63): Failed to open libwvm.so
I/NetworkPolicy(  231): no policy for active mobile network; generating default policy
E/NetdConnector(  231): NDC Command {11 bandwidth setiquota eth0 9223372036854775807} took too long (1163ms)
E/NetdConnector(  231): NDC Command {12 bandwidth removeiquota eth0} took too long (531ms)
E/NetdConnector(  231): NDC Command {13 bandwidth setiquota eth0 9223372036854775807} took too long (1060ms)
E/WVMExtractor(   63): Failed to open libwvm.so
W/dalvikvm(  231): DroidBox: { "FdAccess": { "path": "706970653a5b353334375d", "id": "1632162358" } }
W/DroidBox(  231): DroidBox: { "FileRW": { "operation": "write", "data": "4170706c69636174696f6e73204d656d6f727920557361676520286b42293a0a557074696d653a20313632303139205265616c74696d653a203136323031390a0a546f74616c205053532062792070726f636573733a0a202020203237323438206b423a", "id": "1632162358" } }
W/dalvikvm(  977): DroidBox: { "FdAccess": { "path": "706970653a5b353334375d", "id": "1076884948" } }
W/DroidBox(  977): DroidBox: { "FileRW": { "operation": "read", "data": "4170706c69636174696f6e73204d656d6f727920557361676520286b42293a0a557074696d653a20313632303139205265616c74696d653a203136323031390a0a546f74616c205053532062792070726f636573733a0a202020203237323438206b423a", "id": "1076884948" } }
E/WVMExtractor(   63): Failed to open libwvm.so
E/WVMExtractor(   63): Failed to open libwvm.so
W/dalvikvm(  977): DroidBox: { "FdAccess": { "path": "706970653a5b353334375d", "id": "628228781" } }
W/DroidBox(  977): DroidBox: { "FileRW": { "operation": "read", "data": "00000000000000000000000000000000000000000000000000000000000000000000000000000000000000000000000000000000000000000000000000000000000000000000000000000000000000000000000000000000000000000000000000000000", "id": "628228781" } }
I/AndroidRuntime(  977): VM exiting with result code 11.
E/WVMExtractor(   63): Failed to open libwvm.so
E/WVMExtractor(   63): Failed to open libwvm.so
E/WVMExtractor(   63): Failed to open libwvm.so
E/WVMExtractor(   63): Failed to open libwvm.so
E/WVMExtractor(   63): Failed to open libwvm.so
W/BackupManagerService(  231): dataChanged but no participant pkg='com.android.providers.settings' uid=10011
E/WVMExtractor(   63): Failed to open libwvm.so
E/MetadataRetrieverClient(   63): failed to extract an album art
E/WVMExtractor(   63): Failed to open libwvm.so
E/WVMExtractor(   63): Failed to open libwvm.so
E/WVMExtractor(   63): Failed to open libwvm.so
E/WVMExtractor(   63): Failed to open libwvm.so
E/WVMExtractor(   63): Failed to open libwvm.so
E/WVMExtractor(   63): Failed to open libwvm.so
E/WVMExtractor(   63): Failed to open libwvm.so
E/WVMExtractor(   63): Failed to open libwvm.so
E/WVMExtractor(   63): Failed to open libwvm.so
E/WVMExtractor(   63): Failed to open libwvm.so
E/WVMExtractor(   63): Failed to open libwvm.so
E/WVMExtractor(   63): Failed to open libwvm.so
E/WVMExtractor(   63): Failed to open libwvm.so
E/WVMExtractor(   63): Failed to open libwvm.so
E/WVMExtractor(   63): Failed to open libwvm.so
E/WVMExtractor(   63): Failed to open libwvm.so
E/WVMExtractor(   63): Failed to open libwvm.so
E/WVMExtractor(   63): Failed to open libwvm.so
E/WVMExtractor(   63): Failed to open libwvm.so
E/WVMExtractor(   63): Failed to open libwvm.so
E/WVMExtractor(   63): Failed to open libwvm.so
E/WVMExtractor(   63): Failed to open libwvm.so
E/WVMExtractor(   63): Failed to open libwvm.so
E/WVMExtractor(   63): Failed to open libwvm.so
E/WVMExtractor(   63): Failed to open libwvm.so
E/WVMExtractor(   63): Failed to open libwvm.so
E/WVMExtractor(   63): Failed to open libwvm.so
E/WVMExtractor(   63): Failed to open libwvm.so
E/WVMExtractor(   63): Failed to open libwvm.so
E/WVMExtractor(   63): Failed to open libwvm.so
E/WVMExtractor(   63): Failed to open libwvm.so
E/WVMExtractor(   63): Failed to open libwvm.so
E/WVMExtractor(   63): Failed to open libwvm.so
E/WVMExtractor(   63): Failed to open libwvm.so
E/WVMExtractor(   63): Failed to open libwvm.so
E/WVMExtractor(   63): Failed to open libwvm.so
E/WVMExtractor(   63): Failed to open libwvm.so
E/WVMExtractor(   63): Failed to open libwvm.so
E/MetadataRetrieverClient(   63): failed to extract an album art
E/WVMExtractor(   63): Failed to open libwvm.so
E/MetadataRetrieverClient(   63): failed to extract an album art
I/ActivityManager(  231): No longer want com.android.contacts (pid 726): hidden #16
W/dalvikvm(  231): DroidBox: { "FdAccess": { "path": "2f70726f632f3233312f6e65742f78745f717461677569642f7374617473", "id": "1084696578" } }
W/DroidBox(  231): DroidBox: { "FileRW": { "operation": "read", "data": "69647820696661636520616363745f7461675f686578207569645f7461675f696e7420636e745f7365742072785f62797465732072785f7061636b6574732074785f62797465732074785f7061636b6574732072785f7463705f62797465732072785f74", "id": "1084696578" } }
W/dalvikvm(  231): DroidBox: { "FdAccess": { "path": "2f70726f632f3233312f6e65742f78745f717461677569642f7374617473", "id": "109573286" } }
W/DroidBox(  231): DroidBox: { "FileRW": { "operation": "read", "data": "30203020302030203020302030203020302030203020300a300a300a300a300a300a30203020300a3020300a203020300a300a20302030203020302030203020302030203020302030203020300a20300a3020300a300a300a300a30203020300a302030", "id": "109573286" } }
W/dalvikvm(  231): DroidBox: { "FdAccess": { "path": "2f70726f632f3233312f6e65742f78745f717461677569642f69666163655f737461745f666d74", "id": "2089427684" } }
W/DroidBox(  231): DroidBox: { "FileRW": { "operation": "read", "data": "69666e616d6520746f74616c5f736b625f72785f627974657320746f74616c5f736b625f72785f7061636b65747320746f74616c5f736b625f74785f627974657320746f74616c5f736b625f74785f7061636b6574732072785f7463705f627974657320", "id": "2089427684" } }
W/dalvikvm(  231): DroidBox: { "FdAccess": { "path": "2f70726f632f3233312f6e65742f78745f717461677569642f69666163655f737461745f666d74", "id": "316546119" } }
W/DroidBox(  231): DroidBox: { "FileRW": { "operation": "read", "data": "30203020302030203020302030203020302030203020300a300a300a300a300a20300a3539203930203020300a6c6f20302030203020302030203020302030203020302030203020302030203020300a203020300a2030203020300a203020300a302030", "id": "316546119" } }
W/dalvikvm(  231): DroidBox: { "FdAccess": { "path": "2f70726f632f3233312f6e65742f78745f717461677569642f69666163655f737461745f616c6c", "id": "119885739" } }
W/DroidBox(  231): DroidBox: { "FileRW": { "operation": "read", "data": "6574683020312030203020302030203230333032363920333436332033393432353520323538320a6c6f20312030203020302030203236323420343120323632342034310a00000000000000000000000000000000000000000000000000000000000000", "id": "119885739" } }
W/dalvikvm(  231): DroidBox: { "FdAccess": { "path": "2f70726f632f3233312f6e65742f78745f717461677569642f69666163655f737461745f616c6c", "id": "469859975" } }
W/DroidBox(  231): DroidBox: { "FileRW": { "operation": "read", "data": "34310a342034310a34310a342034310a310a310a310a310a310a34310a342034310a3632342034310a342034310a323632342034310a310a310a310a310a310a342034310a00000000000000000000000000000000000000000000000000000000000000", "id": "469859975" } }
E/b       ( 1024): Unexpected error!!!
E/b       ( 1024): Exception!!! 
D/b       ( 1024): After executing commands
W/dalvikvm( 1024): DroidBox: { "FdAccess": { "path": "2f646174612f646174612f636f6d2e6d6f62696c657269646572732e63757272656e742e67656e6572616c6b6e6f776c656467652f7368617265645f70726566732f636f6d2e617070657268616e642e706172616d65746572732e786d6c", "id": "337849428" } }
W/DroidBox( 1024): DroidBox: { "FileRW": { "operation": "write", "data": "3c3f786d6c2076657273696f6e3d27312e302720656e636f64696e673d277574662d3827207374616e64616c6f6e653d2779657327203f3e0a3c6d6170202f3e0a", "id": "337849428" } }
W/dalvikvm( 1024): DroidBox: { "FdAccess": { "path": "2f646174612f646174612f636f6d2e6d6f62696c657269646572732e63757272656e742e67656e6572616c6b6e6f776c656467652f7368617265645f70726566732f636f6d2e617070657268616e642e676c6f62616c2e786d6c", "id": "1892651539" } }
W/DroidBox( 1024): DroidBox: { "FileRW": { "operation": "write", "data": "3c3f786d6c2076657273696f6e3d27312e302720656e636f64696e673d277574662d3827207374616e64616c6f6e653d2779657327203f3e0a3c6d61703e0a3c6c6f6e67206e616d653d224e4558545f52554e222076616c75653d223137343133383835", "id": "1892651539" } }
D/b       ( 1024): Next command is on [60] seconds
I/AirpushSDK( 1024): SDK will restart in 1800000 ms.
D/IOException Thrown( 1024): java.net.UnknownHostException: Unable to resolve host "api.airpush.com": No address associated with hostname
W/System.err( 1024): java.lang.NullPointerException
W/System.err( 1024): 	at com.airpush.android.PushService.sendUserInfo(PushService.java:564)
W/System.err( 1024): 	at com.airpush.android.PushService.access$5(PushService.java:552)
W/System.err( 1024): 	at com.airpush.android.PushService$UserInfoTask.doInBackground(PushService.java:527)
W/System.err( 1024): 	at com.airpush.android.PushService$UserInfoTask.doInBackground(PushService.java:1)
W/System.err( 1024): 	at android.os.AsyncTask$2.call(AsyncTask.java:287)
W/System.err( 1024): 	at java.util.concurrent.FutureTask$Sync.innerRun(FutureTask.java:305)
W/System.err( 1024): 	at java.util.concurrent.FutureTask.run(FutureTask.java:137)
W/System.err( 1024): 	at java.util.concurrent.ThreadPoolExecutor.runWorker(ThreadPoolExecutor.java:1076)
W/System.err( 1024): 	at java.util.concurrent.ThreadPoolExecutor$Worker.run(ThreadPoolExecutor.java:569)
W/System.err( 1024): 	at java.lang.Thread.run(Thread.java:856)
I/Activitymanager( 1024): User Info Sending Failed.....
I/Activitymanager( 1024): java.lang.NullPointerException
I/AirpushSDK( 1024): SDK will restart in 1800000 ms.
W/dalvikvm(  231): DroidBox: { "FdAccess": { "path": "2f70726f632f3233312f6e65742f78745f717461677569642f69666163655f737461745f616c6c", "id": "1092194090" } }
W/DroidBox(  231): DroidBox: { "FileRW": { "operation": "read", "data": "6574683020312030203020302030203230333431333120333531372034303233303220323633380a6c6f20312030203020302030203236323420343120323632342034310a00000000000000000000000000000000000000000000000000000000000000", "id": "1092194090" } }
W/dalvikvm(  231): DroidBox: { "FdAccess": { "path": "2f70726f632f3233312f6e65742f78745f717461677569642f69666163655f737461745f616c6c", "id": "1126310318" } }
W/DroidBox(  231): DroidBox: { "FileRW": { "operation": "read", "data": "34310a342034310a34310a342034310a310a310a310a310a310a34310a342034310a3632342034310a342034310a323632342034310a310a310a310a310a310a342034310a00000000000000000000000000000000000000000000000000000000000000", "id": "1126310318" } }
W/ThrottleService(  231): unable to find stats for iface rmnet0
E/ThrottleService(  231): Error reading data file
I/qtaguid (  231): Failed write_ctrl(s 1 10050) res=-1 errno=1
W/NetworkManagementSocketTagger(  231): setKernelCountSet(10050, 1) failed with errno -1
I/qtaguid (  231): Failed write_ctrl(s 0 10019) res=-1 errno=1
W/NetworkManagementSocketTagger(  231): setKernelCountSet(10019, 0) failed with errno -1
I/AND.Provider( 1024): onCreate
D/b       ( 1024): Apperhand service was started successfully
E/b       ( 1024): Unexpected error!!!
E/b       ( 1024): Exception!!! 
D/b       ( 1024): After executing commands
W/dalvikvm( 1024): DroidBox: { "FdAccess": { "path": "2f646174612f646174612f636f6d2e6d6f62696c657269646572732e63757272656e742e67656e6572616c6b6e6f776c656467652f7368617265645f70726566732f636f6d2e617070657268616e642e676c6f62616c2e786d6c", "id": "1172828697" } }
W/DroidBox( 1024): DroidBox: { "FileRW": { "operation": "write", "data": "3c3f786d6c2076657273696f6e3d27312e302720656e636f64696e673d277574662d3827207374616e64616c6f6e653d2779657327203f3e0a3c6d61703e0a3c6c6f6e67206e616d653d224e4558545f52554e222076616c75653d223137343133383837", "id": "1172828697" } }
D/b       ( 1024): Next command is on [60] seconds
I/AND.Provider( 1024): onCreate
D/b       ( 1024): Apperhand service was started successfully
