D/InputEventConsistencyVerifier( 1030):   in android.view.ViewRootImpl@b3fc2208
D/InputEventConsistencyVerifier( 1030):   0: sent at 156363000000, KeyEvent { action=ACTION_UP, keyCode=KEYCODE_DPAD_RIGHT, scanCode=0, metaState=0, flags=0x8, repeatCount=0, eventTime=156363, downTime=156363, deviceId=-1, source=0x101 }
D/InputEventConsistencyVerifier( 1030):   -- recent events --
D/InputEventConsistencyVerifier( 1030):   1: sent at 155769000000, MotionEvent { action=ACTION_UP, id[0]=0, x[0]=263.0, y[0]=480.0, toolType[0]=TOOL_TYPE_UNKNOWN, buttonState=0, metaState=0, flags=0x0, edgeFlags=0x0, pointerCount=1, historySize=0, eventTime=155769, downTime=155761, deviceId=0, source=0x1002 }
D/InputEventConsistencyVerifier( 1030):   2: sent at 155767000000, MotionEvent { action=ACTION_MOVE, id[0]=0, x[0]=263.0, y[0]=491.0, toolType[0]=TOOL_TYPE_UNKNOWN, buttonState=0, metaState=0, flags=0x0, edgeFlags=0x0, pointerCount=1, historySize=0, eventTime=155767, downTime=155761, deviceId=0, source=0x1002 }
D/InputEventConsistencyVerifier( 1030):   3: sent at 155762000000, MotionEvent { action=ACTION_DOWN, id[0]=0, x[0]=264.0, y[0]=496.0, toolType[0]=TOOL_TYPE_UNKNOWN, buttonState=0, metaState=0, flags=0x0, edgeFlags=0x0, pointerCount=1, historySize=0, eventTime=155762, downTime=155761, deviceId=0, source=0x1002 }
D/InputEventConsistencyVerifier( 1030):   4: sent at 155601000000, MotionEvent { action=ACTION_UP, id[0]=0, x[0]=327.0, y[0]=398.0, toolType[0]=TOOL_TYPE_UNKNOWN, buttonState=0, metaState=0, flags=0x0, edgeFlags=0x0, pointerCount=1, historySize=0, eventTime=155601, downTime=155553, deviceId=0, source=0x1002 }
D/InputEventConsistencyVerifier( 1030):   5: sent at 155553000000, MotionEvent { action=ACTION_DOWN, id[0]=0, x[0]=323.0, y[0]=404.0, toolType[0]=TOOL_TYPE_UNKNOWN, buttonState=0, metaState=0, flags=0x0, edgeFlags=0x0, pointerCount=1, historySize=0, eventTime=155553, downTime=155553, deviceId=0, source=0x1002 }
E/WVMExtractor(   64): Failed to open libwvm.so
I/Choreographer( 1030): Skipped 58 frames!  The application may be doing too much work on its main thread.
W/InputMethodManagerService(  234): Window already focused, ignoring focus gain of: com.android.internal.view.IInputMethodClient$Stub$Proxy@b426bf60 attribute=null
E/WVMExtractor(   64): Failed to open libwvm.so
I/Choreographer( 1030): Skipped 40 frames!  The application may be doing too much work on its main thread.
I/ActivityManager(  234): START {act=android.intent.action.MAIN cat=[android.intent.category.HOME] flg=0x10200000 cmp=com.android.launcher/com.android.launcher2.Launcher u=0} from pid 234
E/WVMExtractor(   64): Failed to open libwvm.so
I/Choreographer( 1030): Skipped 83 frames!  The application may be doing too much work on its main thread.
E/WVMExtractor(   64): Failed to open libwvm.so
I/ActivityManager(  234): START {act=android.intent.action.MAIN cat=[android.intent.category.LAUNCHER] flg=0x10200000 cmp=com.mogo.katongllk/.begin u=0} from pid 1012
I/Choreographer( 1030): Skipped 132 frames!  The application may be doing too much work on its main thread.
E/WVMExtractor(   64): Failed to open libwvm.so
I/ActivityManager(  234): START {act=android.intent.action.MAIN cat=[android.intent.category.LAUNCHER] flg=0x10200000 cmp=com.mogo.katongllk/.begin u=0} from pid 1012
I/Choreographer( 1030): Skipped 105 frames!  The application may be doing too much work on its main thread.
W/InputMethodManagerService(  234): Window already focused, ignoring focus gain of: com.android.internal.view.IInputMethodClient$Stub$Proxy@b4018938 attribute=null
I/Choreographer( 1030): Skipped 34 frames!  The application may be doing too much work on its main thread.
E/WVMExtractor(   64): Failed to open libwvm.so
E/WVMExtractor(   64): Failed to open libwvm.so
W/DroidBox( 1091): DroidBox: { "ServiceStart": { "name": "com.android.music.MediaPlaybackService" } }
W/DroidBox( 1091): DroidBox: { "ServiceStart": { "name": "com.android.music.MediaPlaybackService" } }
E/WVMExtractor(   64): Failed to open libwvm.so
I/Choreographer( 1030): Skipped 49 frames!  The application may be doing too much work on its main thread.
I/Choreographer( 1030): Skipped 31 frames!  The application may be doing too much work on its main thread.
I/Choreographer( 1030): Skipped 35 frames!  The application may be doing too much work on its main thread.
E/webcoreglue( 1030): Should not happen: no rect-based-test nodes found
W/BackupManagerService(  234): dataChanged but no participant pkg='com.android.providers.settings' uid=10011
E/WVMExtractor(   64): Failed to open libwvm.so
E/WVMExtractor(   64): Failed to open libwvm.so
E/MetadataRetrieverClient(   64): failed to extract an album art
E/WVMExtractor(   64): Failed to open libwvm.so
I/Choreographer( 1030): Skipped 69 frames!  The application may be doing too much work on its main thread.
E/WVMExtractor(   64): Failed to open libwvm.so
I/Choreographer( 1030): Skipped 32 frames!  The application may be doing too much work on its main thread.
E/WVMExtractor(   64): Failed to open libwvm.so
E/webcoreglue( 1030): Should not happen: no rect-based-test nodes found
E/WVMExtractor(   64): Failed to open libwvm.so
E/webcoreglue( 1030): Should not happen: no rect-based-test nodes found
I/Choreographer( 1030): Skipped 110 frames!  The application may be doing too much work on its main thread.
E/WVMExtractor(   64): Failed to open libwvm.so
I/Choreographer( 1030): Skipped 35 frames!  The application may be doing too much work on its main thread.
E/WVMExtractor(   64): Failed to open libwvm.so
E/WVMExtractor(   64): Failed to open libwvm.so
E/WVMExtractor(   64): Failed to open libwvm.so
I/Choreographer( 1030): Skipped 46 frames!  The application may be doing too much work on its main thread.
I/ActivityManager(  234): START {act=android.intent.action.MAIN cat=[android.intent.category.HOME] flg=0x10200000 cmp=com.android.launcher/com.android.launcher2.Launcher u=0} from pid 234
E/WVMExtractor(   64): Failed to open libwvm.so
E/webcoreglue( 1030): Should not happen: no rect-based-test nodes found
I/NetworkPolicy(  234): no policy for active mobile network; generating default policy
I/Choreographer( 1030): Skipped 69 frames!  The application may be doing too much work on its main thread.
I/InputDispatcher(  234): Dropped event because of pending overdue app switch.
W/InputManager(  234): Input event injection from pid 1012 failed.
E/WVMExtractor(   64): Failed to open libwvm.so
I/Choreographer( 1030): Skipped 32 frames!  The application may be doing too much work on its main thread.
I/Choreographer( 1030): Skipped 40 frames!  The application may be doing too much work on its main thread.
E/WVMExtractor(   64): Failed to open libwvm.so
I/Choreographer( 1030): Skipped 54 frames!  The application may be doing too much work on its main thread.
E/WVMExtractor(   64): Failed to open libwvm.so
I/Choreographer( 1030): Skipped 83 frames!  The application may be doing too much work on its main thread.
E/NetdConnector(  234): NDC Command {11 bandwidth setiquota eth0 9223372036854775807} took too long (1230ms)
I/Choreographer( 1030): Skipped 43 frames!  The application may be doing too much work on its main thread.
E/webcoreglue( 1030): Should not happen: no rect-based-test nodes found
E/NetdConnector(  234): NDC Command {12 bandwidth removeiquota eth0} took too long (616ms)
I/Choreographer( 1030): Skipped 55 frames!  The application may be doing too much work on its main thread.
E/WVMExtractor(   64): Failed to open libwvm.so
E/WVMExtractor(   64): Failed to open libwvm.so
I/Choreographer( 1030): Skipped 32 frames!  The application may be doing too much work on its main thread.
E/WVMExtractor(   64): Failed to open libwvm.so
I/Choreographer( 1030): Skipped 87 frames!  The application may be doing too much work on its main thread.
E/WVMExtractor(   64): Failed to open libwvm.so
E/NetdConnector(  234): NDC Command {13 bandwidth setiquota eth0 9223372036854775807} took too long (1517ms)
E/WVMExtractor(   64): Failed to open libwvm.so
E/WVMExtractor(   64): Failed to open libwvm.so
I/Choreographer( 1030): Skipped 34 frames!  The application may be doing too much work on its main thread.
E/WVMExtractor(   64): Failed to open libwvm.so
E/WVMExtractor(   64): Failed to open libwvm.so
I/InputDispatcher(  234): Window 'Window{b3ee4378 com.mogo.katongllk/com.waps.OffersWebView paused=false}' spent 2031.8ms processing the last input event: MotionEvent(action=2, deviceId=0, source=0x00010004)
I/InputDispatcher(  234): Window 'Window{b3ee4378 com.mogo.katongllk/com.waps.OffersWebView paused=false}' spent 2038.0ms processing the last input event: MotionEvent(action=2, deviceId=0, source=0x00010004)
I/InputDispatcher(  234): Window 'Window{b3ee4378 com.mogo.katongllk/com.waps.OffersWebView paused=false}' spent 2015.5ms processing the last input event: MotionEvent(action=2, deviceId=0, source=0x00010004)
I/InputDispatcher(  234): Window 'Window{b3ee4378 com.mogo.katongllk/com.waps.OffersWebView paused=false}' spent 2012.1ms processing the last input event: MotionEvent(action=2, deviceId=0, source=0x00010004)
I/Choreographer( 1030): Skipped 32 frames!  The application may be doing too much work on its main thread.
I/Choreographer( 1030): Skipped 36 frames!  The application may be doing too much work on its main thread.
E/WVMExtractor(   64): Failed to open libwvm.so
E/WVMExtractor(   64): Failed to open libwvm.so
E/WVMExtractor(   64): Failed to open libwvm.so
E/webcoreglue( 1030): Should not happen: no rect-based-test nodes found
I/Choreographer( 1030): Skipped 76 frames!  The application may be doing too much work on its main thread.
E/WVMExtractor(   64): Failed to open libwvm.so
E/webcoreglue( 1030): Should not happen: no rect-based-test nodes found
E/WVMExtractor(   64): Failed to open libwvm.so
I/ActivityManager(  234): START {act=android.intent.action.MAIN cat=[android.intent.category.LAUNCHER] flg=0x10200000 cmp=com.mogo.katongllk/.begin u=0} from pid 1012
I/Choreographer( 1030): Skipped 121 frames!  The application may be doing too much work on its main thread.
I/ActivityManager(  234): START {act=android.intent.action.MAIN cat=[android.intent.category.LAUNCHER] flg=0x10200000 cmp=com.mogo.katongllk/.begin u=0} from pid 1012
W/InputMethodManagerService(  234): Window already focused, ignoring focus gain of: com.android.internal.view.IInputMethodClient$Stub$Proxy@b3f90a10 attribute=null
I/Choreographer( 1030): Skipped 47 frames!  The application may be doing too much work on its main thread.
E/WVMExtractor(   64): Failed to open libwvm.so
E/WVMExtractor(   64): Failed to open libwvm.so
I/Choreographer( 1030): Skipped 40 frames!  The application may be doing too much work on its main thread.
E/WVMExtractor(   64): Failed to open libwvm.so
I/Choreographer( 1030): Skipped 31 frames!  The application may be doing too much work on its main thread.
E/WVMExtractor(   64): Failed to open libwvm.so
E/WVMExtractor(   64): Failed to open libwvm.so
E/WVMExtractor(   64): Failed to open libwvm.so
I/Choreographer( 1030): Skipped 38 frames!  The application may be doing too much work on its main thread.
E/WVMExtractor(   64): Failed to open libwvm.so
I/Choreographer( 1030): Skipped 57 frames!  The application may be doing too much work on its main thread.
E/WVMExtractor(   64): Failed to open libwvm.so
I/Choreographer( 1030): Skipped 50 frames!  The application may be doing too much work on its main thread.
W/InputManager(  234): Input event injection from pid 1012 failed.
W/InputMethodManagerService(  234): Window already focused, ignoring focus gain of: com.android.internal.view.IInputMethodClient$Stub$Proxy@b3ea42c8 attribute=null
I/Choreographer( 1030): Skipped 37 frames!  The application may be doing too much work on its main thread.
E/WVMExtractor(   64): Failed to open libwvm.so
I/Choreographer( 1030): Skipped 36 frames!  The application may be doing too much work on its main thread.
I/Choreographer( 1030): Skipped 41 frames!  The application may be doing too much work on its main thread.
E/WVMExtractor(   64): Failed to open libwvm.so
E/WVMExtractor(   64): Failed to open libwvm.so
E/WVMExtractor(   64): Failed to open libwvm.so
E/webcoreglue( 1030): Should not happen: no rect-based-test nodes found
E/WVMExtractor(   64): Failed to open libwvm.so
I/Choreographer( 1030): Skipped 79 frames!  The application may be doing too much work on its main thread.
E/WVMExtractor(   64): Failed to open libwvm.so
W/DroidBox( 1091): DroidBox: { "ServiceStart": { "name": "com.android.music.MediaPlaybackService" } }
W/DroidBox( 1091): DroidBox: { "ServiceStart": { "name": "com.android.music.MediaPlaybackService" } }
E/WVMExtractor(   64): Failed to open libwvm.so
I/Choreographer( 1030): Skipped 37 frames!  The application may be doing too much work on its main thread.
I/AudioService(  234):  AudioFocus  requestAudioFocus() from android.media.AudioManager@b3e04e18com.android.music.MediaPlaybackService$3@b3e03650
E/webcoreglue( 1030): Should not happen: no rect-based-test nodes found
E/WVMExtractor(   64): Failed to open libwvm.so
I/AudioService(  234):   Remote Control   registerMediaButtonIntent() for PendingIntent{b3e56428: PendingIntentRecord{b3f6a410 com.android.music broadcastIntent}}
E/WVMExtractor(   64): Failed to open libwvm.so
I/Choreographer( 1030): Skipped 36 frames!  The application may be doing too much work on its main thread.
E/WVMExtractor(   64): Failed to open libwvm.so
I/Choreographer( 1030): Skipped 30 frames!  The application may be doing too much work on its main thread.
I/Choreographer( 1030): Skipped 32 frames!  The application may be doing too much work on its main thread.
E/WVMExtractor(   64): Failed to open libwvm.so
I/Choreographer( 1030): Skipped 48 frames!  The application may be doing too much work on its main thread.
E/WVMExtractor(   64): Failed to open libwvm.so
I/Choreographer( 1030): Skipped 40 frames!  The application may be doing too much work on its main thread.
E/WVMExtractor(   64): Failed to open libwvm.so
E/WVMExtractor(   64): Failed to open libwvm.so
I/Choreographer( 1030): Skipped 42 frames!  The application may be doing too much work on its main thread.
I/ActivityManager(  234): START {act=android.intent.action.MAIN cat=[android.intent.category.HOME] flg=0x10200000 cmp=com.android.launcher/com.android.launcher2.Launcher u=0} from pid 234
I/Choreographer( 1030): Skipped 38 frames!  The application may be doing too much work on its main thread.
E/WVMExtractor(   64): Failed to open libwvm.so
I/InputDispatcher(  234): Dropped event because of pending overdue app switch.
W/InputManager(  234): Input event injection from pid 1012 failed.
E/WVMExtractor(   64): Failed to open libwvm.so
E/WVMExtractor(   64): Failed to open libwvm.so
E/WVMExtractor(   64): Failed to open libwvm.so
I/Choreographer( 1030): Skipped 38 frames!  The application may be doing too much work on its main thread.
E/WVMExtractor(   64): Failed to open libwvm.so
I/Choreographer( 1030): Skipped 36 frames!  The application may be doing too much work on its main thread.
E/WVMExtractor(   64): Failed to open libwvm.so
I/InputDispatcher(  234): Window 'Window{b3ee4378 com.mogo.katongllk/com.waps.OffersWebView paused=false}' spent 2181.9ms processing the last input event: KeyEvent(action=0, deviceId=-1, source=0x00000101)
I/Choreographer( 1030): Skipped 30 frames!  The application may be doing too much work on its main thread.
I/InputDispatcher(  234): Window 'Window{b3ee4378 com.mogo.katongllk/com.waps.OffersWebView paused=false}' spent 2124.4ms processing the last input event: KeyEvent(action=1, deviceId=-1, source=0x00000101)
E/WVMExtractor(   64): Failed to open libwvm.so
E/webcoreglue( 1030): Should not happen: no rect-based-test nodes found
I/InputDispatcher(  234): Window 'Window{b3ee4378 com.mogo.katongllk/com.waps.OffersWebView paused=false}' spent 2237.4ms processing the last input event: MotionEvent(action=0, deviceId=0, source=0x00001002)
I/InputDispatcher(  234): Window 'Window{b3ee4378 com.mogo.katongllk/com.waps.OffersWebView paused=false}' spent 2248.6ms processing the last input event: MotionEvent(action=2, deviceId=0, source=0x00001002)
I/InputDispatcher(  234): Window 'Window{b3ee4378 com.mogo.katongllk/com.waps.OffersWebView paused=false}' spent 2236.8ms processing the last input event: MotionEvent(action=2, deviceId=0, source=0x00001002)
I/InputDispatcher(  234): Window 'Window{b3ee4378 com.mogo.katongllk/com.waps.OffersWebView paused=false}' spent 2238.2ms processing the last input event: MotionEvent(action=2, deviceId=0, source=0x00001002)
I/InputDispatcher(  234): Window 'Window{b3ee4378 com.mogo.katongllk/com.waps.OffersWebView paused=false}' spent 2238.0ms processing the last input event: MotionEvent(action=2, deviceId=0, source=0x00001002)
I/InputDispatcher(  234): Window 'Window{b3ee4378 com.mogo.katongllk/com.waps.OffersWebView paused=false}' spent 2238.2ms processing the last input event: MotionEvent(action=2, deviceId=0, source=0x00001002)
I/InputDispatcher(  234): Window 'Window{b3ee4378 com.mogo.katongllk/com.waps.OffersWebView paused=false}' spent 2290.5ms processing the last input event: MotionEvent(action=1, deviceId=0, source=0x00001002)
E/WVMExtractor(   64): Failed to open libwvm.so
I/InputDispatcher(  234): Window 'Window{b3ee4378 com.mogo.katongllk/com.waps.OffersWebView paused=false}' spent 2327.6ms processing the last input event: MotionEvent(action=0, deviceId=0, source=0x00001002)
E/webcoreglue( 1030): Should not happen: no rect-based-test nodes found
I/InputDispatcher(  234): Window 'Window{b3ee4378 com.mogo.katongllk/com.waps.OffersWebView paused=false}' spent 2342.9ms processing the last input event: MotionEvent(action=1, deviceId=0, source=0x00001002)
I/Choreographer( 1030): Skipped 50 frames!  The application may be doing too much work on its main thread.
E/WVMExtractor(   64): Failed to open libwvm.so
I/Choreographer( 1030): Skipped 52 frames!  The application may be doing too much work on its main thread.
E/WVMExtractor(   64): Failed to open libwvm.so
E/webcoreglue( 1030): Should not happen: no rect-based-test nodes found
E/WVMExtractor(   64): Failed to open libwvm.so
W/DroidBox( 1091): DroidBox: { "ServiceStart": { "name": "com.android.music.MediaPlaybackService" } }
W/DroidBox( 1091): DroidBox: { "ServiceStart": { "name": "com.android.music.MediaPlaybackService" } }
I/Choreographer( 1030): Skipped 30 frames!  The application may be doing too much work on its main thread.
E/WVMExtractor(   64): Failed to open libwvm.so
I/Choreographer( 1030): Skipped 33 frames!  The application may be doing too much work on its main thread.
I/Choreographer( 1030): Skipped 32 frames!  The application may be doing too much work on its main thread.
E/WVMExtractor(   64): Failed to open libwvm.so
I/Choreographer( 1030): Skipped 44 frames!  The application may be doing too much work on its main thread.
E/webcoreglue( 1030): Should not happen: no rect-based-test nodes found
I/AudioService(  234):  AudioFocus  requestAudioFocus() from android.media.AudioManager@b3e04e18com.android.music.MediaPlaybackService$3@b3e03650
I/AudioService(  234):   Remote Control   registerMediaButtonIntent() for PendingIntent{b40d88a8: PendingIntentRecord{b3f6a410 com.android.music broadcastIntent}}
E/WVMExtractor(   64): Failed to open libwvm.so
I/Choreographer( 1030): Skipped 31 frames!  The application may be doing too much work on its main thread.
E/WVMExtractor(   64): Failed to open libwvm.so
I/Choreographer( 1030): Skipped 96 frames!  The application may be doing too much work on its main thread.
E/WVMExtractor(   64): Failed to open libwvm.so
W/dalvikvm( 1012): DroidBox: { "FdAccess": { "path": "2f6465762f696e7075742f6576656e7430", "id": "420724805" } }
W/DroidBox( 1012): DroidBox: { "FileRW": { "operation": "write", "data": "efbfbd060000efbfbdefbfbd0c000500000000000000", "id": "420724805" } }
E/webcoreglue( 1030): Should not happen: no rect-based-test nodes found
I/Choreographer( 1030): Skipped 243 frames!  The application may be doing too much work on its main thread.
E/WVMExtractor(   64): Failed to open libwvm.so
I/ActivityManager(  234): START {act=android.intent.action.MAIN cat=[android.intent.category.HOME] flg=0x10200000 cmp=com.android.launcher/com.android.launcher2.Launcher u=0} from pid 234
I/Choreographer( 1030): Skipped 55 frames!  The application may be doing too much work on its main thread.
I/ActivityManager(  234): START {act=android.intent.action.MAIN cat=[android.intent.category.LAUNCHER] flg=0x10200000 cmp=com.mogo.katongllk/.begin u=0} from pid 1012
E/WVMExtractor(   64): Failed to open libwvm.so
I/Choreographer( 1030): Skipped 34 frames!  The application may be doing too much work on its main thread.
W/InputMethodManagerService(  234): Window already focused, ignoring focus gain of: com.android.internal.view.IInputMethodClient$Stub$Proxy@b4121ae8 attribute=null
I/Choreographer( 1030): Skipped 62 frames!  The application may be doing too much work on its main thread.
E/WVMExtractor(   64): Failed to open libwvm.so
E/WVMExtractor(   64): Failed to open libwvm.so
I/Choreographer( 1030): Skipped 35 frames!  The application may be doing too much work on its main thread.
E/WVMExtractor(   64): Failed to open libwvm.so
E/WVMExtractor(   64): Failed to open libwvm.so
E/WVMExtractor(   64): Failed to open libwvm.so
E/WVMExtractor(   64): Failed to open libwvm.so
I/Choreographer( 1030): Skipped 33 frames!  The application may be doing too much work on its main thread.
E/WVMExtractor(   64): Failed to open libwvm.so
I/Choreographer( 1030): Skipped 34 frames!  The application may be doing too much work on its main thread.
I/Choreographer( 1030): Skipped 36 frames!  The application may be doing too much work on its main thread.
E/WVMExtractor(   64): Failed to open libwvm.so
E/webcoreglue( 1030): Should not happen: no rect-based-test nodes found
I/Choreographer( 1030): Skipped 102 frames!  The application may be doing too much work on its main thread.
E/WVMExtractor(   64): Failed to open libwvm.so
W/BackupManagerService(  234): dataChanged but no participant pkg='com.android.providers.settings' uid=10011
I/ActivityManager(  234): START {act=android.intent.action.CALL_BUTTON flg=0x10000000 cmp=com.android.contacts/.activities.DialtactsActivity u=0} from pid 1030
E/MetadataRetrieverClient(   64): failed to extract an album art
E/WVMExtractor(   64): Failed to open libwvm.so
I/Choreographer( 1030): Skipped 192 frames!  The application may be doing too much work on its main thread.
E/WVMExtractor(   64): Failed to open libwvm.so
I/Choreographer( 1030): Skipped 87 frames!  The application may be doing too much work on its main thread.
W/InputMethodManagerService(  234): Window already focused, ignoring focus gain of: com.android.internal.view.IInputMethodClient$Stub$Proxy@b40b5760 attribute=null
E/WVMExtractor(   64): Failed to open libwvm.so
I/InputDispatcher(  234): Window 'Window{b3ee4378 com.mogo.katongllk/com.waps.OffersWebView paused=false}' spent 2041.8ms processing the last input event: MotionEvent(action=0, deviceId=0, source=0x00001002)
I/InputDispatcher(  234): Window 'Window{b3ee4378 com.mogo.katongllk/com.waps.OffersWebView paused=false}' spent 2047.6ms processing the last input event: MotionEvent(action=1, deviceId=0, source=0x00001002)
D/InputEventConsistencyVerifier( 1030): KeyEvent: ACTION_UP but key was not down.
D/InputEventConsistencyVerifier( 1030):   in android.view.ViewRootImpl@b3fc2208
D/InputEventConsistencyVerifier( 1030):   0: sent at 190510000000, KeyEvent { action=ACTION_UP, keyCode=KEYCODE_DPAD_LEFT, scanCode=0, metaState=0, flags=0x8, repeatCount=0, eventTime=190510, downTime=190510, deviceId=-1, source=0x101 }
D/InputEventConsistencyVerifier( 1030):   -- recent events --
D/InputEventConsistencyVerifier( 1030):   1: sent at 189249000000, MotionEvent { action=ACTION_UP, id[0]=0, x[0]=104.0, y[0]=370.0, toolType[0]=TOOL_TYPE_UNKNOWN, buttonState=0, metaState=0, flags=0x0, edgeFlags=0x0, pointerCount=1, historySize=0, eventTime=189249, downTime=189229, deviceId=0, source=0x1002 }
D/InputEventConsistencyVerifier( 1030):   2: sent at 189230000000, MotionEvent { action=ACTION_DOWN, id[0]=0, x[0]=99.0, y[0]=386.0, toolType[0]=TOOL_TYPE_UNKNOWN, buttonState=0, metaState=0, flags=0x0, edgeFlags=0x0, pointerCount=1, historySize=0, eventTime=189230, downTime=189229, deviceId=0, source=0x1002 }
D/InputEventConsistencyVerifier( 1030):   3: sent at 189137000000, KeyEvent { action=ACTION_UP, keyCode=KEYCODE_DPAD_UP, scanCode=0, metaState=0, flags=0x400, repeatCount=0, eventTime=189137, downTime=189137, deviceId=-1, source=0x101 }
D/InputEventConsistencyVerifier( 1030):   4: sent at 189137000000, KeyEvent { action=ACTION_DOWN, keyCode=KEYCODE_DPAD_UP, scanCode=0, metaState=0, flags=0x400, repeatCount=0, eventTime=189137, downTime=189137, deviceId=-1, source=0x101 }
D/InputEventConsistencyVerifier( 1030):   5: sent at 189124000000, KeyEvent { action=ACTION_UP, keyCode=KEYCODE_DPAD_UP, scanCode=0, metaState=0, flags=0x400, repeatCount=0, eventTime=189124, downTime=189124, deviceId=-1, source=0x101 }
I/Choreographer( 1030): Skipped 58 frames!  The application may be doing too much work on its main thread.
E/WVMExtractor(   64): Failed to open libwvm.so
I/Choreographer( 1030): Skipped 58 frames!  The application may be doing too much work on its main thread.
D/InputEventConsistencyVerifier(  435): KeyEvent: ACTION_UP but key was not down.
D/InputEventConsistencyVerifier(  435):   in com.android.systemui.statusbar.phone.StatusBarWindowView@b3e251d8
D/InputEventConsistencyVerifier(  435):   0: sent at 191832000000, KeyEvent { action=ACTION_UP, keyCode=KEYCODE_DPAD_DOWN, scanCode=0, metaState=0, flags=0x8, repeatCount=0, eventTime=191832, downTime=191832, deviceId=-1, source=0x101 }
D/InputEventConsistencyVerifier(  435):   -- recent events --
D/InputEventConsistencyVerifier(  435):   1: sent at 191779000000, MotionEvent { action=ACTION_UP, id[0]=0, x[0]=86.0, y[0]=5.0, toolType[0]=TOOL_TYPE_UNKNOWN, buttonState=0, metaState=0, flags=0x0, edgeFlags=0x0, pointerCount=1, historySize=0, eventTime=191779, downTime=191773, deviceId=0, source=0x1002 }
D/InputEventConsistencyVerifier(  435):   2: sent at 191774000000, MotionEvent { action=ACTION_DOWN, id[0]=0, x[0]=78.0, y[0]=13.0, toolType[0]=TOOL_TYPE_UNKNOWN, buttonState=0, metaState=0, flags=0x0, edgeFlags=0x0, pointerCount=1, historySize=0, eventTime=191774, downTime=191773, deviceId=0, source=0x1002 }
D/InputEventConsistencyVerifier(  435):   3: sent at 140603000000, (unhandled) KeyEvent { action=ACTION_UP, keyCode=KEYCODE_VOLUME_DOWN, scanCode=0, metaState=0, flags=0x8, repeatCount=0, eventTime=140603, downTime=140603, deviceId=-1, source=0x101 }
D/InputEventConsistencyVerifier(  435):   4: sent at 140443000000, (unhandled) KeyEvent { action=ACTION_DOWN, keyCode=KEYCODE_VOLUME_DOWN, scanCode=0, metaState=0, flags=0x8, repeatCount=0, eventTime=140443, downTime=140443, deviceId=-1, source=0x101 }
D/InputEventConsistencyVerifier(  435):   5: sent at 140462000000, (unhandled) KeyEvent { action=ACTION_UP, keyCode=KEYCODE_DPAD_LEFT, scanCode=0, metaState=0, flags=0x400, repeatCount=0, eventTime=140462, downTime=140462, deviceId=-1, source=0x101 }
D/InputEventConsistencyVerifier(  435): KeyEvent: ACTION_UP but key was not down.
D/InputEventConsistencyVerifier(  435):   in android.widget.FrameLayout@b3df5258
D/InputEventConsistencyVerifier(  435):   0: sent at 191988000000, KeyEvent { action=ACTION_UP, keyCode=KEYCODE_DPAD_DOWN, scanCode=0, metaState=0, flags=0x8, repeatCount=0, eventTime=191988, downTime=191988, deviceId=-1, source=0x101 }
D/InputEventConsistencyVerifier(  435):   -- recent events --
D/InputEventConsistencyVerifier(  435):   1: sent at 140345000000, (unhandled) KeyEvent { action=ACTION_UP, keyCode=KEYCODE_DPAD_RIGHT, scanCode=0, metaState=0, flags=0x8, repeatCount=0, eventTime=140345, downTime=140345, deviceId=-1, source=0x101 }
D/InputEventConsistencyVerifier(  435):   2: sent at 140336000000, (unhandled) KeyEvent { action=ACTION_DOWN, keyCode=KEYCODE_DPAD_RIGHT, scanCode=0, metaState=0, flags=0x8, repeatCount=0, eventTime=140336, downTime=140336, deviceId=-1, source=0x101 }
D/InputEventConsistencyVerifier(  435):   3: sent at 140231000000, (unhandled) KeyEvent { action=ACTION_UP, keyCode=KEYCODE_DPAD_DOWN, scanCode=0, metaState=0, flags=0x80000008, repeatCount=0, eventTime=140231, downTime=140231, deviceId=-1, source=0x101 }
D/InputEventConsistencyVerifier(  435):   4: sent at 136143000000, MotionEvent { action=ACTION_UP, id[0]=0, x[0]=134.0, y[0]=130.0, toolType[0]=TOOL_TYPE_UNKNOWN, buttonState=0, metaState=0, flags=0x0, edgeFlags=0x0, pointerCount=1, historySize=0, eventTime=136143, downTime=136138, deviceId=0, source=0x1002 }
D/InputEventConsistencyVerifier(  435):   5: sent at 136139000000, MotionEvent { action=ACTION_DOWN, id[0]=0, x[0]=132.0, y[0]=148.0, toolType[0]=TOOL_TYPE_UNKNOWN, buttonState=0, metaState=0, flags=0x0, edgeFlags=0x0, pointerCount=1, historySize=0, eventTime=136139, downTime=136138, deviceId=0, source=0x1002 }
E/webcoreglue( 1030): Should not happen: no rect-based-test nodes found
W/dalvikvm(  435): DroidBox: { "FdAccess": { "path": "2f70726f632f6d656d696e666f", "id": "1554608984" } }
W/DroidBox(  435): DroidBox: { "FileRW": { "operation": "read", "data": "4d656d546f74616c3a202020202020202020373438393634206b420a4d656d467265653a20202020202020202020343430383434206b420a427566666572733a20202020202020202020202035363238206b420a4361636865643a202020202020202020", "id": "1554608984" } }
I/Choreographer(  435): Skipped 82 frames!  The application may be doing too much work on its main thread.
W/dalvikvm(  435): DroidBox: { "FdAccess": { "path": "2f70726f632f6d656d696e666f", "id": "1319539964" } }
W/DroidBox(  435): DroidBox: { "FileRW": { "operation": "read", "data": "4d656d546f74616c3a202020202020202020373438393634206b420a4d656d467265653a20202020202020202020343430383434206b420a427566666572733a20202020202020202020202035363238206b420a4361636865643a202020202020202020", "id": "1319539964" } }
E/webcoreglue( 1030): Should not happen: no rect-based-test nodes found
D/InputEventConsistencyVerifier(  435): TouchEvent: ACTION_DOWN but pointers are already down.  Probably missing ACTION_UP from previous gesture.
D/InputEventConsistencyVerifier(  435):   in android.view.ScaleGestureDetector@b3ec5aa0
D/InputEventConsistencyVerifier(  435):   0: sent at 192284000000, MotionEvent { action=ACTION_DOWN, id[0]=0, x[0]=1.0, y[0]=186.0, toolType[0]=TOOL_TYPE_UNKNOWN, buttonState=0, metaState=0, flags=0x0, edgeFlags=0x0, pointerCount=1, historySize=0, eventTime=192284, downTime=192283, deviceId=0, source=0x1002 }
D/InputEventConsistencyVerifier(  435):   -- recent events --
D/InputEventConsistencyVerifier(  435):   1: sent at 192125000000, MotionEvent { action=ACTION_DOWN, id[0]=0, x[0]=9.0, y[0]=725.0, toolType[0]=TOOL_TYPE_UNKNOWN, buttonState=0, metaState=0, flags=0x0, edgeFlags=0x0, pointerCount=1, historySize=0, eventTime=192125, downTime=192125, deviceId=0, source=0x1002 }
D/InputEventConsistencyVerifier(  435):   2: sent at 191779000000, MotionEvent { action=ACTION_UP, id[0]=0, x[0]=86.0, y[0]=5.0, toolType[0]=TOOL_TYPE_UNKNOWN, buttonState=0, metaState=0, flags=0x0, edgeFlags=0x0, pointerCount=1, historySize=0, eventTime=191779, downTime=191773, deviceId=0, source=0x1002 }
D/InputEventConsistencyVerifier(  435):   3: sent at 191774000000, MotionEvent { action=ACTION_DOWN, id[0]=0, x[0]=78.0, y[0]=13.0, toolType[0]=TOOL_TYPE_UNKNOWN, buttonState=0, metaState=0, flags=0x0, edgeFlags=0x0, pointerCount=1, historySize=0, eventTime=191774, downTime=191773, deviceId=0, source=0x1002 }
D/InputEventConsistencyVerifier(  435):   4: sent at 139782000000, MotionEvent { action=ACTION_UP, id[0]=0, x[0]=376.0, y[0]=48.0, toolType[0]=TOOL_TYPE_UNKNOWN, buttonState=0, metaState=0, flags=0x0, edgeFlags=0x0, pointerCount=1, historySize=0, eventTime=139782, downTime=139725, deviceId=0, source=0x1002 }
D/InputEventConsistencyVerifier(  435):   5: sent at 139773000000, MotionEvent { action=ACTION_POINTER_UP(1), id[0]=0, x[0]=358.0, y[0]=39.0, toolType[0]=TOOL_TYPE_UNKNOWN, id[1]=1, x[1]=456.0, y[1]=43.0, toolType[1]=TOOL_TYPE_UNKNOWN, buttonState=0, metaState=0, flags=0x0, edgeFlags=0x0, pointerCount=2, historySize=0, eventTime=139773, downTime=139725, deviceId=0, source=0x1002 }
D/PhoneStatusBar(  435): disable: < expand icons alerts TICKER* system_info back home recent clock >
V/PhoneStatusBar(  435): setLightsOn(true)
I/Choreographer(  435): Skipped 54 frames!  The application may be doing too much work on its main thread.
D/PhoneStatusBar(  435): disable: < expand icons alerts ticker* system_info back home recent clock >
I/Choreographer( 1030): Skipped 122 frames!  The application may be doing too much work on its main thread.
V/PhoneStatusBar(  435): setLightsOn(true)
E/WVMExtractor(   64): Failed to open libwvm.so
W/InputMethodManagerService(  234): Window already focused, ignoring focus gain of: com.android.internal.view.IInputMethodClient$Stub$Proxy@b40b91d0 attribute=null
I/Choreographer( 1030): Skipped 36 frames!  The application may be doing too much work on its main thread.
E/WVMExtractor(   64): Failed to open libwvm.so
E/WVMExtractor(   64): Failed to open libwvm.so
E/WVMExtractor(   64): Failed to open libwvm.so
E/WVMExtractor(   64): Failed to open libwvm.so
E/WVMExtractor(   64): Failed to open libwvm.so
E/WVMExtractor(   64): Failed to open libwvm.so
I/Choreographer( 1030): Skipped 51 frames!  The application may be doing too much work on its main thread.
E/WVMExtractor(   64): Failed to open libwvm.so
I/Choreographer( 1030): Skipped 32 frames!  The application may be doing too much work on its main thread.
I/Choreographer( 1030): Skipped 32 frames!  The application may be doing too much work on its main thread.
E/WVMExtractor(   64): Failed to open libwvm.so
I/Choreographer( 1030): Skipped 34 frames!  The application may be doing too much work on its main thread.
E/WVMExtractor(   64): Failed to open libwvm.so
I/Choreographer( 1030): Skipped 31 frames!  The application may be doing too much work on its main thread.
E/WVMExtractor(   64): Failed to open libwvm.so
E/WVMExtractor(   64): Failed to open libwvm.so
E/WVMExtractor(   64): Failed to open libwvm.so
I/Choreographer( 1030): Skipped 62 frames!  The application may be doing too much work on its main thread.
E/AdMogo SDK( 1030): Caught IOException in fetchConfig()
E/AdMogo SDK( 1030): Unable to parse response from JSON. This may or may not be fatal.
E/AdMogo SDK( 1030): java.lang.NullPointerException
E/AdMogo SDK( 1030): 	at org.json.JSONTokener.nextCleanInternal(JSONTokener.java:116)
E/AdMogo SDK( 1030): 	at org.json.JSONTokener.nextValue(JSONTokener.java:94)
E/AdMogo SDK( 1030): 	at org.json.JSONObject.<init>(JSONObject.java:154)
E/AdMogo SDK( 1030): 	at org.json.JSONObject.<init>(JSONObject.java:171)
E/AdMogo SDK( 1030): 	at com.admogo.AdMogoManager.parseConfigurationString(AdMogoManager.java:435)
E/AdMogo SDK( 1030): 	at com.admogo.AdMogoManager.fetchConfig(AdMogoManager.java:402)
E/AdMogo SDK( 1030): 	at com.admogo.AdMogoLayout$InitRunnable.run(AdMogoLayout.java:565)
E/AdMogo SDK( 1030): 	at java.util.concurrent.Executors$RunnableAdapter.call(Executors.java:442)
E/AdMogo SDK( 1030): 	at java.util.concurrent.FutureTask$Sync.innerRun(FutureTask.java:305)
E/AdMogo SDK( 1030): 	at java.util.concurrent.FutureTask.run(FutureTask.java:137)
E/AdMogo SDK( 1030): 	at java.util.concurrent.ScheduledThreadPoolExecutor$ScheduledFutureTask.access$201(ScheduledThreadPoolExecutor.java:150)
E/AdMogo SDK( 1030): 	at java.util.concurrent.ScheduledThreadPoolExecutor$ScheduledFutureTask.run(ScheduledThreadPoolExecutor.java:264)
E/AdMogo SDK( 1030): 	at java.util.concurrent.ThreadPoolExecutor.runWorker(ThreadPoolExecutor.java:1076)
E/AdMogo SDK( 1030): 	at java.util.concurrent.ThreadPoolExecutor$Worker.run(ThreadPoolExecutor.java:569)
E/AdMogo SDK( 1030): 	at java.lang.Thread.run(Thread.java:856)
I/AdMogo SDK( 1030): Sum of ration weights is 0 - no ads to be shown
I/AdMogo SDK( 1030): Stop Show Ads
I/Choreographer( 1030): Skipped 102 frames!  The application may be doing too much work on its main thread.
E/WVMExtractor(   64): Failed to open libwvm.so
E/WVMExtractor(   64): Failed to open libwvm.so
I/Choreographer( 1030): Skipped 104 frames!  The application may be doing too much work on its main thread.
W/InputMethodManagerService(  234): Window already focused, ignoring focus gain of: com.android.internal.view.IInputMethodClient$Stub$Proxy@b40d7080 attribute=null
D/InputEventConsistencyVerifier( 1030): KeyEvent: ACTION_UP but key was not down.
D/InputEventConsistencyVerifier( 1030):   in android.view.ViewRootImpl@b3fc2208
D/InputEventConsistencyVerifier( 1030):   0: sent at 198115000000, KeyEvent { action=ACTION_UP, keyCode=KEYCODE_DPAD_UP, scanCode=0, metaState=0, flags=0x8, repeatCount=0, eventTime=198115, downTime=198115, deviceId=-1, source=0x101 }
D/InputEventConsistencyVerifier( 1030):   -- recent events --
D/InputEventConsistencyVerifier( 1030):   1: sent at 195149000000, KeyEvent { action=ACTION_UP, keyCode=KEYCODE_MENU, scanCode=0, metaState=0, flags=0x8, repeatCount=0, eventTime=195149, downTime=195149, deviceId=-1, source=0x101 }
D/InputEventConsistencyVerifier( 1030):   2: sent at 194786000000, KeyEvent { action=ACTION_UP, keyCode=KEYCODE_DPAD_CENTER, scanCode=0, metaState=0, flags=0x408, repeatCount=0, eventTime=194786, downTime=194786, deviceId=-1, source=0x101 }
D/InputEventConsistencyVerifier( 1030):   3: sent at 194645000000, KeyEvent { action=ACTION_DOWN, keyCode=KEYCODE_DPAD_CENTER, scanCode=0, metaState=0, flags=0x408, repeatCount=0, eventTime=194645, downTime=194645, deviceId=-1, source=0x101 }
D/InputEventConsistencyVerifier( 1030):   4: sent at 195011000000, KeyEvent { action=ACTION_DOWN, keyCode=KEYCODE_MENU, scanCode=0, metaState=0, flags=0x8, repeatCount=0, eventTime=195011, downTime=195011, deviceId=-1, source=0x101 }
D/InputEventConsistencyVerifier( 1030):   5: sent at 195128000000, KeyEvent { action=ACTION_UP, keyCode=KEYCODE_DPAD_UP, scanCode=0, metaState=0, flags=0x400, repeatCount=0, eventTime=195128, downTime=195128, deviceId=-1, source=0x101 }
I/Choreographer( 1030): Skipped 57 frames!  The application may be doing too much work on its main thread.
I/Choreographer( 1030): Skipped 53 frames!  The application may be doing too much work on its main thread.
E/WVMExtractor(   64): Failed to open libwvm.so
E/WVMExtractor(   64): Failed to open libwvm.so
I/Choreographer( 1030): Skipped 52 frames!  The application may be doing too much work on its main thread.
D/InputEventConsistencyVerifier(  435): TouchEvent: ACTION_DOWN but pointers are already down.  Probably missing ACTION_UP from previous gesture.
D/InputEventConsistencyVerifier(  435):   in android.view.ScaleGestureDetector@b3ec5aa0
D/InputEventConsistencyVerifier(  435):   0: sent at 199146000000, MotionEvent { action=ACTION_DOWN, id[0]=0, x[0]=437.0, y[0]=19.0, toolType[0]=TOOL_TYPE_UNKNOWN, buttonState=0, metaState=0, flags=0x0, edgeFlags=0x0, pointerCount=1, historySize=0, eventTime=199146, downTime=199146, deviceId=0, source=0x1002 }
D/InputEventConsistencyVerifier(  435):   -- recent events --
D/InputEventConsistencyVerifier(  435):   1: sent at 192284000000, MotionEvent { action=ACTION_DOWN, id[0]=0, x[0]=1.0, y[0]=186.0, toolType[0]=TOOL_TYPE_UNKNOWN, buttonState=0, metaState=0, flags=0x80000000, edgeFlags=0x0, pointerCount=1, historySize=0, eventTime=192284, downTime=192283, deviceId=0, source=0x1002 }
D/InputEventConsistencyVerifier(  435):   2: sent at 192125000000, MotionEvent { action=ACTION_DOWN, id[0]=0, x[0]=9.0, y[0]=725.0, toolType[0]=TOOL_TYPE_UNKNOWN, buttonState=0, metaState=0, flags=0x0, edgeFlags=0x0, pointerCount=1, historySize=0, eventTime=192125, downTime=192125, deviceId=0, source=0x1002 }
D/InputEventConsistencyVerifier(  435):   3: sent at 191779000000, MotionEvent { action=ACTION_UP, id[0]=0, x[0]=86.0, y[0]=5.0, toolType[0]=TOOL_TYPE_UNKNOWN, buttonState=0, metaState=0, flags=0x0, edgeFlags=0x0, pointerCount=1, historySize=0, eventTime=191779, downTime=191773, deviceId=0, source=0x1002 }
D/InputEventConsistencyVerifier(  435):   4: sent at 191774000000, MotionEvent { action=ACTION_DOWN, id[0]=0, x[0]=78.0, y[0]=13.0, toolType[0]=TOOL_TYPE_UNKNOWN, buttonState=0, metaState=0, flags=0x0, edgeFlags=0x0, pointerCount=1, historySize=0, eventTime=191774, downTime=191773, deviceId=0, source=0x1002 }
D/InputEventConsistencyVerifier(  435):   5: sent at 139782000000, MotionEvent { action=ACTION_UP, id[0]=0, x[0]=376.0, y[0]=48.0, toolType[0]=TOOL_TYPE_UNKNOWN, buttonState=0, metaState=0, flags=0x0, edgeFlags=0x0, pointerCount=1, historySize=0, eventTime=139782, downTime=139725, deviceId=0, source=0x1002 }
W/dalvikvm(  435): DroidBox: { "FdAccess": { "path": "2f70726f632f6d656d696e666f", "id": "1724547661" } }
W/DroidBox(  435): DroidBox: { "FileRW": { "operation": "read", "data": "4d656d546f74616c3a202020202020202020373438393634206b420a4d656d467265653a20202020202020202020343338363132206b420a427566666572733a20202020202020202020202035363434206b420a4361636865643a202020202020202020", "id": "1724547661" } }
I/Choreographer( 1030): Skipped 41 frames!  The application may be doing too much work on its main thread.
I/Choreographer(  435): Skipped 69 frames!  The application may be doing too much work on its main thread.
V/PhoneStatusBar(  435): setLightsOn(true)
D/PhoneStatusBar(  435): disable: < expand icons alerts TICKER* system_info back home recent clock >
I/Choreographer(  435): Skipped 30 frames!  The application may be doing too much work on its main thread.
W/dalvikvm(  435): DroidBox: { "FdAccess": { "path": "2f70726f632f6d656d696e666f", "id": "1608437734" } }
W/DroidBox(  435): DroidBox: { "FileRW": { "operation": "read", "data": "4d656d546f74616c3a202020202020202020373438393634206b420a4d656d467265653a20202020202020202020343337333732206b420a427566666572733a20202020202020202020202035363434206b420a4361636865643a202020202020202020", "id": "1608437734" } }
D/PhoneStatusBar(  435): disable: < expand icons alerts ticker* system_info back home recent clock >
V/PhoneStatusBar(  435): setLightsOn(true)
I/Choreographer( 1030): Skipped 87 frames!  The application may be doing too much work on its main thread.
I/ActivityManager(  234): START {act=android.intent.action.MAIN cat=[android.intent.category.LAUNCHER] flg=0x10000000 cmp=com.android.calendar/.AllInOneActivity sel={act=android.intent.action.MAIN cat=[android.intent.category.APP_CALENDAR]} u=0} from pid 234
E/WVMExtractor(   64): Failed to open libwvm.so
I/Choreographer( 1030): Skipped 60 frames!  The application may be doing too much work on its main thread.
W/InputMethodManagerService(  234): Window already focused, ignoring focus gain of: com.android.internal.view.IInputMethodClient$Stub$Proxy@b3ec7808 attribute=null
I/Choreographer( 1030): Skipped 58 frames!  The application may be doing too much work on its main thread.
E/WVMExtractor(   64): Failed to open libwvm.so
E/WVMExtractor(   64): Failed to open libwvm.so
I/Choreographer( 1030): Skipped 86 frames!  The application may be doing too much work on its main thread.
E/WVMExtractor(   64): Failed to open libwvm.so
W/System.err( 1030): java.lang.NullPointerException
W/System.err( 1030): 	at com.waps.AppConnect.loadApps(Unknown Source)
W/System.err( 1030): 	at com.waps.AppConnect.access$1100(Unknown Source)
W/System.err( 1030): 	at com.waps.j.a(Unknown Source)
W/System.err( 1030): 	at com.waps.j.onPostExecute(Unknown Source)
W/System.err( 1030): 	at android.os.AsyncTask.finish(AsyncTask.java:631)
W/System.err( 1030): 	at android.os.AsyncTask.access$600(AsyncTask.java:177)
W/System.err( 1030): 	at android.os.AsyncTask$InternalHandler.handleMessage(AsyncTask.java:644)
W/System.err( 1030): 	at android.os.Handler.dispatchMessage(Handler.java:99)
W/System.err( 1030): 	at android.os.Looper.loop(Looper.java:137)
W/System.err( 1030): 	at android.app.ActivityThread.main(ActivityThread.java:4745)
E/WVMExtractor(   64): Failed to open libwvm.so
W/System.err( 1030): 	at java.lang.reflect.Method.invokeNative(Native Method)
W/System.err( 1030): 	at java.lang.reflect.Method.invoke(Method.java:511)
W/System.err( 1030): 	at com.android.internal.os.ZygoteInit$MethodAndArgsCaller.run(ZygoteInit.java:786)
W/System.err( 1030): 	at com.android.internal.os.ZygoteInit.main(ZygoteInit.java:553)
W/System.err( 1030): 	at dalvik.system.NativeStart.main(Native Method)
I/Choreographer( 1030): Skipped 280 frames!  The application may be doing too much work on its main thread.
E/WVMExtractor(   64): Failed to open libwvm.so
E/WVMExtractor(   64): Failed to open libwvm.so
I/ActivityManager(  234): START {act=android.intent.action.MAIN cat=[android.intent.category.LAUNCHER] flg=0x10200000 cmp=com.mogo.katongllk/.begin u=0} from pid 1012
E/WVMExtractor(   64): Failed to open libwvm.so
E/webcoreglue( 1030): Should not happen: no rect-based-test nodes found
E/WVMExtractor(   64): Failed to open libwvm.so
I/Choreographer( 1030): Skipped 59 frames!  The application may be doing too much work on its main thread.
E/WVMExtractor(   64): Failed to open libwvm.so
I/Choreographer( 1030): Skipped 39 frames!  The application may be doing too much work on its main thread.
E/WVMExtractor(   64): Failed to open libwvm.so
E/WVMExtractor(   64): Failed to open libwvm.so
D/InputEventConsistencyVerifier( 1030): TrackballEvent: Trackball is down but pressure is not greater than 0.
D/InputEventConsistencyVerifier( 1030):   in android.view.ViewRootImpl@b3f8b058
D/InputEventConsistencyVerifier( 1030):   0: sent at 204070000000, MotionEvent { action=ACTION_DOWN, id[0]=0, x[0]=0.0, y[0]=0.0, toolType[0]=TOOL_TYPE_UNKNOWN, buttonState=0, metaState=0, flags=0x0, edgeFlags=0x0, pointerCount=1, historySize=0, eventTime=204070, downTime=204009, deviceId=0, source=0x10004 }
D/InputEventConsistencyVerifier( 1030):   -- recent events --
D/InputEventConsistencyVerifier( 1030):   1: sent at 204371000000, KeyEvent { action=ACTION_UP, keyCode=KEYCODE_DPAD_DOWN, scanCode=0, metaState=0, flags=0x400, repeatCount=0, eventTime=204371, downTime=204371, deviceId=-1, source=0x101 }
D/InputEventConsistencyVerifier( 1030):   2: sent at 204371000000, KeyEvent { action=ACTION_DOWN, keyCode=KEYCODE_DPAD_DOWN, scanCode=0, metaState=0, flags=0x400, repeatCount=0, eventTime=204371, downTime=204371, deviceId=-1, source=0x101 }
D/InputEventConsistencyVerifier( 1030):   3: sent at 204369000000, KeyEvent { action=ACTION_UP, keyCode=KEYCODE_DPAD_DOWN, scanCode=0, metaState=0, flags=0x400, repeatCount=0, eventTime=204369, downTime=204369, deviceId=-1, source=0x101 }
D/InputEventConsistencyVerifier( 1030):   4: sent at 204369000000, KeyEvent { action=ACTION_DOWN, keyCode=KEYCODE_DPAD_DOWN, scanCode=0, metaState=0, flags=0x400, repeatCount=0, eventTime=204369, downTime=204369, deviceId=-1, source=0x101 }
D/InputEventConsistencyVerifier( 1030):   5: sent at 204039000000, MotionEvent { action=ACTION_MOVE, id[0]=0, x[0]=-2.0, y[0]=2.0, toolType[0]=TOOL_TYPE_UNKNOWN, buttonState=0, metaState=0, flags=0x0, edgeFlags=0x0, pointerCount=1, historySize=9, eventTime=204039, downTime=-1, deviceId=0, source=0x10004 }
I/Choreographer( 1030): Skipped 116 frames!  The application may be doing too much work on its main thread.
E/WVMExtractor(   64): Failed to open libwvm.so
I/Choreographer( 1030): Skipped 189 frames!  The application may be doing too much work on its main thread.
I/Choreographer( 1030): Skipped 112 frames!  The application may be doing too much work on its main thread.
E/WVMExtractor(   64): Failed to open libwvm.so
E/WVMExtractor(   64): Failed to open libwvm.so
W/InputMethodManagerService(  234): Window already focused, ignoring focus gain of: com.android.internal.view.IInputMethodClient$Stub$Proxy@b3f86a70 attribute=null
D/InputEventConsistencyVerifier( 1030): KeyEvent: ACTION_DOWN but key is already down and this event is not a key repeat.
D/InputEventConsistencyVerifier( 1030):   in android.webkit.WebView@b3f82ab8
D/InputEventConsistencyVerifier( 1030):   0: sent at 204160000000, KeyEvent { action=ACTION_DOWN, keyCode=KEYCODE_DPAD_RIGHT, scanCode=0, metaState=0, flags=0x400, repeatCount=0, eventTime=204160, downTime=204160, deviceId=-1, source=0x101 }
D/InputEventConsistencyVerifier( 1030):   -- recent events --
D/InputEventConsistencyVerifier( 1030):   1: sent at 204159000000, KeyEvent { action=ACTION_DOWN, keyCode=KEYCODE_DPAD_RIGHT, scanCode=0, metaState=0, flags=0x400, repeatCount=0, eventTime=204159, downTime=204159, deviceId=-1, source=0x101 }
D/InputEventConsistencyVerifier( 1030):   2: sent at 204158000000, KeyEvent { action=ACTION_UP, keyCode=KEYCODE_DPAD_RIGHT, scanCode=0, metaState=0, flags=0x400, repeatCount=0, eventTime=204158, downTime=204158, deviceId=-1, source=0x101 }
D/InputEventConsistencyVerifier( 1030):   3: sent at 204158000000, KeyEvent { action=ACTION_DOWN, keyCode=KEYCODE_DPAD_RIGHT, scanCode=0, metaState=0, flags=0x400, repeatCount=0, eventTime=204158, downTime=204158, deviceId=-1, source=0x101 }
D/InputEventConsistencyVerifier( 1030):   4: sent at 203811000000, (unhandled) MotionEvent { action=ACTION_MOVE, id[0]=0, x[0]=3.0, y[0]=2.0, toolType[0]=TOOL_TYPE_UNKNOWN, buttonState=0, metaState=0, flags=0x0, edgeFlags=0x0, pointerCount=1, historySize=9, eventTime=203811, downTime=-1, deviceId=0, source=0x10004 }
D/InputEventConsistencyVerifier( 1030):   5: sent at 203973000000, MotionEvent { action=ACTION_UP, id[0]=0, x[0]=204.66667, y[0]=225.0, toolType[0]=TOOL_TYPE_UNKNOWN, buttonState=0, metaState=0, flags=0x0, edgeFlags=0x0, pointerCount=1, historySize=0, eventTime=203973, downTime=203965, deviceId=0, source=0x1002 }
D/InputEventConsistencyVerifier( 1030): KeyEvent: ACTION_UP but key was not down.
D/InputEventConsistencyVerifier( 1030):   in android.view.ViewRootImpl@b3fc2208
