D/InputEventConsistencyVerifier(  426):   2: sent at 188808000000, MotionEvent { action=ACTION_DOWN, id[0]=0, x[0]=402.0, y[0]=181.0, toolType[0]=TOOL_TYPE_UNKNOWN, buttonState=0, metaState=0, flags=0x0, edgeFlags=0x0, pointerCount=1, historySize=0, eventTime=188808, downTime=188808, deviceId=0, source=0x1002 }
D/InputEventConsistencyVerifier(  426):   3: sent at 188183000000, MotionEvent { action=ACTION_UP, id[0]=0, x[0]=436.0, y[0]=19.0, toolType[0]=TOOL_TYPE_UNKNOWN, buttonState=0, metaState=0, flags=0x0, edgeFlags=0x0, pointerCount=1, historySize=0, eventTime=188183, downTime=188161, deviceId=0, source=0x1002 }
D/InputEventConsistencyVerifier(  426):   4: sent at 188162000000, MotionEvent { action=ACTION_DOWN, id[0]=0, x[0]=437.0, y[0]=19.0, toolType[0]=TOOL_TYPE_UNKNOWN, buttonState=0, metaState=0, flags=0x80000000, edgeFlags=0x0, pointerCount=1, historySize=0, eventTime=188162, downTime=188161, deviceId=0, source=0x1002 }
D/InputEventConsistencyVerifier(  426):   5: sent at 182907000000, MotionEvent { action=ACTION_DOWN, id[0]=0, x[0]=1.0, y[0]=186.0, toolType[0]=TOOL_TYPE_UNKNOWN, buttonState=0, metaState=0, flags=0x80000000, edgeFlags=0x0, pointerCount=1, historySize=0, eventTime=182907, downTime=182905, deviceId=0, source=0x1002 }
W/dalvikvm(  426): DroidBox: { "FdAccess": { "path": "2f70726f632f6d656d696e666f", "id": "971157771" } }
W/DroidBox(  426): DroidBox: { "FileRW": { "operation": "read", "data": "4d656d546f74616c3a202020202020202020373438393634206b420a4d656d467265653a20202020202020202020343534343234206b420a427566666572733a20202020202020202020202035343830206b420a4361636865643a202020202020202020", "id": "971157771" } }
I/Choreographer(  981): Skipped 38 frames!  The application may be doing too much work on its main thread.
E/WVMExtractor(   62): Failed to open libwvm.so
D/InputEventConsistencyVerifier(  426): KeyEvent: ACTION_UP but key was not down.
D/InputEventConsistencyVerifier(  426):   in com.android.systemui.statusbar.phone.StatusBarWindowView@b3db4350
D/InputEventConsistencyVerifier(  426):   0: sent at 204882000000, KeyEvent { action=ACTION_UP, keyCode=KEYCODE_DPAD_CENTER, scanCode=0, metaState=0, flags=0x8, repeatCount=0, eventTime=204882, downTime=204882, deviceId=-1, source=0x101 }
D/InputEventConsistencyVerifier(  426):   -- recent events --
D/InputEventConsistencyVerifier(  426):   1: sent at 204771000000, MotionEvent { action=ACTION_UP, id[0]=0, x[0]=269.0, y[0]=6.0, toolType[0]=TOOL_TYPE_UNKNOWN, buttonState=0, metaState=0, flags=0x0, edgeFlags=0x0, pointerCount=1, historySize=0, eventTime=204771, downTime=204763, deviceId=0, source=0x1002 }
D/InputEventConsistencyVerifier(  426):   2: sent at 204764000000, MotionEvent { action=ACTION_DOWN, id[0]=0, x[0]=274.0, y[0]=2.0, toolType[0]=TOOL_TYPE_UNKNOWN, buttonState=0, metaState=0, flags=0x0, edgeFlags=0x0, pointerCount=1, historySize=0, eventTime=204764, downTime=204763, deviceId=0, source=0x1002 }
D/InputEventConsistencyVerifier(  426):   3: sent at 189088000000, (unhandled) KeyEvent { action=ACTION_UP, keyCode=KEYCODE_CALENDAR, scanCode=0, metaState=0, flags=0x80000008, repeatCount=0, eventTime=189088, downTime=189088, deviceId=-1, source=0x101 }
D/InputEventConsistencyVerifier(  426):   4: sent at 189031000000, (unhandled) KeyEvent { action=ACTION_UP, keyCode=KEYCODE_NUMPAD_MULTIPLY, scanCode=0, metaState=0, flags=0x8, repeatCount=0, eventTime=189031, downTime=189031, deviceId=-1, source=0x101 }
D/InputEventConsistencyVerifier(  426):   5: sent at 188876000000, (unhandled) KeyEvent { action=ACTION_DOWN, keyCode=KEYCODE_NUMPAD_MULTIPLY, scanCode=0, metaState=0, flags=0x8, repeatCount=0, eventTime=188876, downTime=188876, deviceId=-1, source=0x101 }
D/InputEventConsistencyVerifier(  426): TouchEvent: ACTION_DOWN but pointers are already down.  Probably missing ACTION_UP from previous gesture.
D/InputEventConsistencyVerifier(  426):   in android.view.ScaleGestureDetector@b3e54950
D/InputEventConsistencyVerifier(  426):   0: sent at 204985000000, MotionEvent { action=ACTION_DOWN, id[0]=0, x[0]=42.0, y[0]=271.0, toolType[0]=TOOL_TYPE_UNKNOWN, buttonState=0, metaState=0, flags=0x0, edgeFlags=0x0, pointerCount=1, historySize=0, eventTime=204985, downTime=204984, deviceId=0, source=0x1002 }
D/InputEventConsistencyVerifier(  426):   -- recent events --
D/InputEventConsistencyVerifier(  426):   1: sent at 204918000000, MotionEvent { action=ACTION_DOWN, id[0]=0, x[0]=30.0, y[0]=630.0, toolType[0]=TOOL_TYPE_UNKNOWN, buttonState=0, metaState=0, flags=0x0, edgeFlags=0x0, pointerCount=1, historySize=0, eventTime=204918, downTime=204918, deviceId=0, source=0x1002 }
D/InputEventConsistencyVerifier(  426):   2: sent at 204771000000, MotionEvent { action=ACTION_UP, id[0]=0, x[0]=269.0, y[0]=6.0, toolType[0]=TOOL_TYPE_UNKNOWN, buttonState=0, metaState=0, flags=0x0, edgeFlags=0x0, pointerCount=1, historySize=0, eventTime=204771, downTime=204763, deviceId=0, source=0x1002 }
D/InputEventConsistencyVerifier(  426):   3: sent at 204764000000, MotionEvent { action=ACTION_DOWN, id[0]=0, x[0]=274.0, y[0]=2.0, toolType[0]=TOOL_TYPE_UNKNOWN, buttonState=0, metaState=0, flags=0x80000000, edgeFlags=0x0, pointerCount=1, historySize=0, eventTime=204764, downTime=204763, deviceId=0, source=0x1002 }
D/InputEventConsistencyVerifier(  426):   4: sent at 188852000000, MotionEvent { action=ACTION_DOWN, id[0]=0, x[0]=442.0, y[0]=618.0, toolType[0]=TOOL_TYPE_UNKNOWN, buttonState=0, metaState=0, flags=0x80000000, edgeFlags=0x0, pointerCount=1, historySize=0, eventTime=188852, downTime=188851, deviceId=0, source=0x1002 }
D/InputEventConsistencyVerifier(  426):   5: sent at 188808000000, MotionEvent { action=ACTION_DOWN, id[0]=0, x[0]=402.0, y[0]=181.0, toolType[0]=TOOL_TYPE_UNKNOWN, buttonState=0, metaState=0, flags=0x0, edgeFlags=0x0, pointerCount=1, historySize=0, eventTime=188808, downTime=188808, deviceId=0, source=0x1002 }
I/Choreographer(  426): Skipped 68 frames!  The application may be doing too much work on its main thread.
W/dalvikvm(  426): DroidBox: { "FdAccess": { "path": "2f70726f632f6d656d696e666f", "id": "1017920428" } }
W/DroidBox(  426): DroidBox: { "FileRW": { "operation": "read", "data": "4d656d546f74616c3a202020202020202020373438393634206b420a4d656d467265653a20202020202020202020343534313736206b420a427566666572733a20202020202020202020202035343838206b420a4361636865643a202020202020202020", "id": "1017920428" } }
D/PhoneStatusBar(  426): disable: < expand icons alerts TICKER* system_info back home recent clock >
V/PhoneStatusBar(  426): setLightsOn(true)
I/Choreographer(  426): Skipped 51 frames!  The application may be doing too much work on its main thread.
D/InputEventConsistencyVerifier(  426): KeyEvent: ACTION_UP but key was not down.
D/InputEventConsistencyVerifier(  426):   in com.android.systemui.statusbar.phone.StatusBarWindowView@b3db4350
D/InputEventConsistencyVerifier(  426):   0: sent at 205408000000, KeyEvent { action=ACTION_UP, keyCode=KEYCODE_DPAD_DOWN, scanCode=0, metaState=0, flags=0x400, repeatCount=0, eventTime=205408, downTime=205408, deviceId=-1, source=0x101 }
D/InputEventConsistencyVerifier(  426):   -- recent events --
D/InputEventConsistencyVerifier(  426):   1: sent at 205240000000, (unhandled) MotionEvent { action=ACTION_MOVE, id[0]=0, x[0]=1.0, y[0]=4.0, toolType[0]=TOOL_TYPE_UNKNOWN, buttonState=0, metaState=0, flags=0x0, edgeFlags=0x0, pointerCount=1, historySize=19, eventTime=205240, downTime=-1, deviceId=0, source=0x10004 }
D/InputEventConsistencyVerifier(  426):   2: sent at 205100000000, (unhandled) KeyEvent { action=ACTION_UP, keyCode=KEYCODE_MENU, scanCode=0, metaState=0, flags=0x8, repeatCount=0, eventTime=205100, downTime=205100, deviceId=-1, source=0x101 }
D/InputEventConsistencyVerifier(  426):   3: sent at 205094000000, (unhandled) KeyEvent { action=ACTION_DOWN, keyCode=KEYCODE_MENU, scanCode=0, metaState=0, flags=0x8, repeatCount=0, eventTime=205094, downTime=205094, deviceId=-1, source=0x101 }
D/InputEventConsistencyVerifier(  426):   4: sent at 205080000000, (unhandled) KeyEvent { action=ACTION_UP, keyCode=KEYCODE_MEDIA_PREVIOUS, scanCode=0, metaState=0, flags=0x8, repeatCount=0, eventTime=205080, downTime=205080, deviceId=-1, source=0x101 }
D/InputEventConsistencyVerifier(  426):   5: sent at 205070000000, (unhandled) KeyEvent { action=ACTION_DOWN, keyCode=KEYCODE_MEDIA_PREVIOUS, scanCode=0, metaState=0, flags=0x8, repeatCount=0, eventTime=205070, downTime=205070, deviceId=-1, source=0x101 }
D/InputEventConsistencyVerifier(  426): KeyEvent: ACTION_UP but key was not down.
D/InputEventConsistencyVerifier(  426):   in android.widget.FrameLayout@b3db30d8
D/InputEventConsistencyVerifier(  426):   0: sent at 205408000000, KeyEvent { action=ACTION_UP, keyCode=KEYCODE_DPAD_DOWN, scanCode=0, metaState=0, flags=0x400, repeatCount=0, eventTime=205408, downTime=205408, deviceId=-1, source=0x101 }
D/InputEventConsistencyVerifier(  426):   -- recent events --
D/InputEventConsistencyVerifier(  426):   1: sent at 188478000000, (unhandled) KeyEvent { action=ACTION_UP, keyCode=KEYCODE_DPAD_DOWN, scanCode=0, metaState=0, flags=0x400, repeatCount=0, eventTime=188478, downTime=188478, deviceId=-1, source=0x101 }
D/InputEventConsistencyVerifier(  426):   2: sent at 188478000000, (unhandled) KeyEvent { action=ACTION_DOWN, keyCode=KEYCODE_DPAD_DOWN, scanCode=0, metaState=0, flags=0x400, repeatCount=0, eventTime=188478, downTime=188478, deviceId=-1, source=0x101 }
D/InputEventConsistencyVerifier(  426):   3: sent at 188478000000, (unhandled) KeyEvent { action=ACTION_UP, keyCode=KEYCODE_DPAD_DOWN, scanCode=0, metaState=0, flags=0x400, repeatCount=0, eventTime=188478, downTime=188478, deviceId=-1, source=0x101 }
D/InputEventConsistencyVerifier(  426):   4: sent at 188478000000, (unhandled) KeyEvent { action=ACTION_DOWN, keyCode=KEYCODE_DPAD_DOWN, scanCode=0, metaState=0, flags=0x400, repeatCount=0, eventTime=188478, downTime=188478, deviceId=-1, source=0x101 }
D/InputEventConsistencyVerifier(  426):   5: sent at 188478000000, (unhandled) KeyEvent { action=ACTION_UP, keyCode=KEYCODE_DPAD_DOWN, scanCode=0, metaState=0, flags=0x400, repeatCount=0, eventTime=188478, downTime=188478, deviceId=-1, source=0x101 }
W/dalvikvm(  426): DroidBox: { "FdAccess": { "path": "2f70726f632f6d656d696e666f", "id": "332893767" } }
W/DroidBox(  426): DroidBox: { "FileRW": { "operation": "read", "data": "4d656d546f74616c3a202020202020202020373438393634206b420a4d656d467265653a20202020202020202020343534313736206b420a427566666572733a20202020202020202020202035343838206b420a4361636865643a202020202020202020", "id": "332893767" } }
D/InputEventConsistencyVerifier(  426): TouchEvent: ACTION_DOWN but pointers are already down.  Probably missing ACTION_UP from previous gesture.
D/InputEventConsistencyVerifier(  426):   in android.view.ScaleGestureDetector@b3e54950
D/InputEventConsistencyVerifier(  426):   0: sent at 205756000000, MotionEvent { action=ACTION_DOWN, id[0]=0, x[0]=409.0, y[0]=502.0, toolType[0]=TOOL_TYPE_UNKNOWN, buttonState=0, metaState=0, flags=0x0, edgeFlags=0x0, pointerCount=1, historySize=0, eventTime=205756, downTime=205750, deviceId=0, source=0x1002 }
D/InputEventConsistencyVerifier(  426):   -- recent events --
D/InputEventConsistencyVerifier(  426):   1: sent at 204985000000, MotionEvent { action=ACTION_DOWN, id[0]=0, x[0]=42.0, y[0]=271.0, toolType[0]=TOOL_TYPE_UNKNOWN, buttonState=0, metaState=0, flags=0x80000000, edgeFlags=0x0, pointerCount=1, historySize=0, eventTime=204985, downTime=204984, deviceId=0, source=0x1002 }
D/InputEventConsistencyVerifier(  426):   2: sent at 204918000000, MotionEvent { action=ACTION_DOWN, id[0]=0, x[0]=30.0, y[0]=630.0, toolType[0]=TOOL_TYPE_UNKNOWN, buttonState=0, metaState=0, flags=0x0, edgeFlags=0x0, pointerCount=1, historySize=0, eventTime=204918, downTime=204918, deviceId=0, source=0x1002 }
D/InputEventConsistencyVerifier(  426):   3: sent at 204771000000, MotionEvent { action=ACTION_UP, id[0]=0, x[0]=269.0, y[0]=6.0, toolType[0]=TOOL_TYPE_UNKNOWN, buttonState=0, metaState=0, flags=0x0, edgeFlags=0x0, pointerCount=1, historySize=0, eventTime=204771, downTime=204763, deviceId=0, source=0x1002 }
D/InputEventConsistencyVerifier(  426):   4: sent at 204764000000, MotionEvent { action=ACTION_DOWN, id[0]=0, x[0]=274.0, y[0]=2.0, toolType[0]=TOOL_TYPE_UNKNOWN, buttonState=0, metaState=0, flags=0x80000000, edgeFlags=0x0, pointerCount=1, historySize=0, eventTime=204764, downTime=204763, deviceId=0, source=0x1002 }
D/InputEventConsistencyVerifier(  426):   5: sent at 188852000000, MotionEvent { action=ACTION_DOWN, id[0]=0, x[0]=442.0, y[0]=618.0, toolType[0]=TOOL_TYPE_UNKNOWN, buttonState=0, metaState=0, flags=0x80000000, edgeFlags=0x0, pointerCount=1, historySize=0, eventTime=188852, downTime=188851, deviceId=0, source=0x1002 }
I/ActivityManager(  227): START {act=android.intent.action.CALL_BUTTON flg=0x10000000 cmp=com.android.contacts/.activities.DialtactsActivity u=0} from pid 426
W/dalvikvm(  426): DroidBox: { "FdAccess": { "path": "2f70726f632f6d656d696e666f", "id": "729767891" } }
W/DroidBox(  426): DroidBox: { "FileRW": { "operation": "read", "data": "4d656d546f74616c3a202020202020202020373438393634206b420a4d656d467265653a20202020202020202020343532383230206b420a427566666572733a20202020202020202020202035343838206b420a4361636865643a202020202020202020", "id": "729767891" } }
I/Choreographer(  426): Skipped 98 frames!  The application may be doing too much work on its main thread.
W/dalvikvm(  426): DroidBox: { "FdAccess": { "path": "2f70726f632f6d656d696e666f", "id": "910529199" } }
W/DroidBox(  426): DroidBox: { "FileRW": { "operation": "read", "data": "4d656d546f74616c3a202020202020202020373438393634206b420a4d656d467265653a20202020202020202020343532383230206b420a427566666572733a20202020202020202020202035343838206b420a4361636865643a202020202020202020", "id": "910529199" } }
D/InputEventConsistencyVerifier(  426): TouchEvent: ACTION_DOWN but pointers are already down.  Probably missing ACTION_UP from previous gesture.
D/InputEventConsistencyVerifier(  426):   in android.view.ScaleGestureDetector@b3e54950
D/InputEventConsistencyVerifier(  426):   0: sent at 205969000000, MotionEvent { action=ACTION_DOWN, id[0]=0, x[0]=100.0, y[0]=737.0, toolType[0]=TOOL_TYPE_UNKNOWN, buttonState=0, metaState=0, flags=0x0, edgeFlags=0x0, pointerCount=1, historySize=0, eventTime=205969, downTime=205966, deviceId=0, source=0x1002 }
D/InputEventConsistencyVerifier(  426):   -- recent events --
D/InputEventConsistencyVerifier(  426):   1: sent at 205756000000, MotionEvent { action=ACTION_DOWN, id[0]=0, x[0]=409.0, y[0]=502.0, toolType[0]=TOOL_TYPE_UNKNOWN, buttonState=0, metaState=0, flags=0x80000000, edgeFlags=0x0, pointerCount=1, historySize=0, eventTime=205756, downTime=205750, deviceId=0, source=0x1002 }
D/InputEventConsistencyVerifier(  426):   2: sent at 204985000000, MotionEvent { action=ACTION_DOWN, id[0]=0, x[0]=42.0, y[0]=271.0, toolType[0]=TOOL_TYPE_UNKNOWN, buttonState=0, metaState=0, flags=0x80000000, edgeFlags=0x0, pointerCount=1, historySize=0, eventTime=204985, downTime=204984, deviceId=0, source=0x1002 }
D/InputEventConsistencyVerifier(  426):   3: sent at 204918000000, MotionEvent { action=ACTION_DOWN, id[0]=0, x[0]=30.0, y[0]=630.0, toolType[0]=TOOL_TYPE_UNKNOWN, buttonState=0, metaState=0, flags=0x0, edgeFlags=0x0, pointerCount=1, historySize=0, eventTime=204918, downTime=204918, deviceId=0, source=0x1002 }
D/InputEventConsistencyVerifier(  426):   4: sent at 204771000000, MotionEvent { action=ACTION_UP, id[0]=0, x[0]=269.0, y[0]=6.0, toolType[0]=TOOL_TYPE_UNKNOWN, buttonState=0, metaState=0, flags=0x0, edgeFlags=0x0, pointerCount=1, historySize=0, eventTime=204771, downTime=204763, deviceId=0, source=0x1002 }
D/InputEventConsistencyVerifier(  426):   5: sent at 204764000000, MotionEvent { action=ACTION_DOWN, id[0]=0, x[0]=274.0, y[0]=2.0, toolType[0]=TOOL_TYPE_UNKNOWN, buttonState=0, metaState=0, flags=0x80000000, edgeFlags=0x0, pointerCount=1, historySize=0, eventTime=204764, downTime=204763, deviceId=0, source=0x1002 }
D/InputEventConsistencyVerifier(  426): TouchEvent: ACTION_DOWN but pointers are already down.  Probably missing ACTION_UP from previous gesture.
D/InputEventConsistencyVerifier(  426):   in android.view.ScaleGestureDetector@b3e54950
D/InputEventConsistencyVerifier(  426):   0: sent at 206211000000, MotionEvent { action=ACTION_DOWN, id[0]=0, x[0]=360.0, y[0]=302.0, toolType[0]=TOOL_TYPE_UNKNOWN, buttonState=0, metaState=0, flags=0x0, edgeFlags=0x0, pointerCount=1, historySize=0, eventTime=206211, downTime=206211, deviceId=0, source=0x1002 }
D/InputEventConsistencyVerifier(  426):   -- recent events --
D/InputEventConsistencyVerifier(  426):   1: sent at 205969000000, MotionEvent { action=ACTION_DOWN, id[0]=0, x[0]=100.0, y[0]=737.0, toolType[0]=TOOL_TYPE_UNKNOWN, buttonState=0, metaState=0, flags=0x80000000, edgeFlags=0x0, pointerCount=1, historySize=0, eventTime=205969, downTime=205966, deviceId=0, source=0x1002 }
D/InputEventConsistencyVerifier(  426):   2: sent at 205756000000, MotionEvent { action=ACTION_DOWN, id[0]=0, x[0]=409.0, y[0]=502.0, toolType[0]=TOOL_TYPE_UNKNOWN, buttonState=0, metaState=0, flags=0x80000000, edgeFlags=0x0, pointerCount=1, historySize=0, eventTime=205756, downTime=205750, deviceId=0, source=0x1002 }
D/InputEventConsistencyVerifier(  426):   3: sent at 204985000000, MotionEvent { action=ACTION_DOWN, id[0]=0, x[0]=42.0, y[0]=271.0, toolType[0]=TOOL_TYPE_UNKNOWN, buttonState=0, metaState=0, flags=0x80000000, edgeFlags=0x0, pointerCount=1, historySize=0, eventTime=204985, downTime=204984, deviceId=0, source=0x1002 }
D/InputEventConsistencyVerifier(  426):   4: sent at 204918000000, MotionEvent { action=ACTION_DOWN, id[0]=0, x[0]=30.0, y[0]=630.0, toolType[0]=TOOL_TYPE_UNKNOWN, buttonState=0, metaState=0, flags=0x0, edgeFlags=0x0, pointerCount=1, historySize=0, eventTime=204918, downTime=204918, deviceId=0, source=0x1002 }
D/InputEventConsistencyVerifier(  426):   5: sent at 204771000000, MotionEvent { action=ACTION_UP, id[0]=0, x[0]=269.0, y[0]=6.0, toolType[0]=TOOL_TYPE_UNKNOWN, buttonState=0, metaState=0, flags=0x0, edgeFlags=0x0, pointerCount=1, historySize=0, eventTime=204771, downTime=204763, deviceId=0, source=0x1002 }
W/dalvikvm(  426): DroidBox: { "FdAccess": { "path": "2f70726f632f6d656d696e666f", "id": "214387603" } }
W/DroidBox(  426): DroidBox: { "FileRW": { "operation": "read", "data": "4d656d546f74616c3a202020202020202020373438393634206b420a4d656d467265653a20202020202020202020343532383230206b420a427566666572733a20202020202020202020202035343838206b420a4361636865643a202020202020202020", "id": "214387603" } }
D/InputEventConsistencyVerifier(  426): KeyEvent: ACTION_UP but key was not down.
D/InputEventConsistencyVerifier(  426):   in com.android.systemui.statusbar.phone.StatusBarWindowView@b3db4350
D/InputEventConsistencyVerifier(  426):   0: sent at 206365000000, KeyEvent { action=ACTION_UP, keyCode=KEYCODE_DPAD_UP, scanCode=0, metaState=0, flags=0x400, repeatCount=0, eventTime=206365, downTime=206365, deviceId=-1, source=0x101 }
D/InputEventConsistencyVerifier(  426):   -- recent events --
D/InputEventConsistencyVerifier(  426):   1: sent at 206354000000, (unhandled) MotionEvent { action=ACTION_MOVE, id[0]=0, x[0]=2.0, y[0]=-2.0, toolType[0]=TOOL_TYPE_UNKNOWN, buttonState=0, metaState=0, flags=0x0, edgeFlags=0x0, pointerCount=1, historySize=2, eventTime=206354, downTime=-1, deviceId=0, source=0x10004 }
D/InputEventConsistencyVerifier(  426):   2: sent at 206335000000, (unhandled) KeyEvent { action=ACTION_UP, keyCode=KEYCODE_CHANNEL_DOWN, scanCode=0, metaState=0, flags=0x8, repeatCount=0, eventTime=206335, downTime=206335, deviceId=-1, source=0x101 }
D/InputEventConsistencyVerifier(  426):   3: sent at 206331000000, (unhandled) KeyEvent { action=ACTION_DOWN, keyCode=KEYCODE_CHANNEL_DOWN, scanCode=0, metaState=0, flags=0x8, repeatCount=0, eventTime=206331, downTime=206331, deviceId=-1, source=0x101 }
D/InputEventConsistencyVerifier(  426):   4: sent at 206308000000, (unhandled) KeyEvent { action=ACTION_UP, keyCode=KEYCODE_MEDIA_FAST_FORWARD, scanCode=0, metaState=0, flags=0x8, repeatCount=0, eventTime=206308, downTime=206308, deviceId=-1, source=0x101 }
D/InputEventConsistencyVerifier(  426):   5: sent at 206250000000, (unhandled) KeyEvent { action=ACTION_DOWN, keyCode=KEYCODE_MEDIA_FAST_FORWARD, scanCode=0, metaState=0, flags=0x8, repeatCount=0, eventTime=206250, downTime=206250, deviceId=-1, source=0x101 }
W/dalvikvm(  426): DroidBox: { "FdAccess": { "path": "2f70726f632f6d656d696e666f", "id": "1936742893" } }
W/DroidBox(  426): DroidBox: { "FileRW": { "operation": "read", "data": "4d656d546f74616c3a202020202020202020373438393634206b420a4d656d467265653a20202020202020202020343532383230206b420a427566666572733a20202020202020202020202035343838206b420a4361636865643a202020202020202020", "id": "1936742893" } }
W/DroidBox( 1072): DroidBox: { "ServiceStart": { "name": "com.android.music.MediaPlaybackService" } }
W/DroidBox( 1072): DroidBox: { "ServiceStart": { "name": "com.android.music.MediaPlaybackService" } }
D/InputEventConsistencyVerifier(  426): TouchEvent: ACTION_DOWN but pointers are already down.  Probably missing ACTION_UP from previous gesture.
D/InputEventConsistencyVerifier(  426):   in android.view.ScaleGestureDetector@b3e54950
D/InputEventConsistencyVerifier(  426):   0: sent at 206416000000, MotionEvent { action=ACTION_DOWN, id[0]=0, x[0]=404.0, y[0]=337.0, toolType[0]=TOOL_TYPE_UNKNOWN, buttonState=0, metaState=0, flags=0x0, edgeFlags=0x0, pointerCount=1, historySize=0, eventTime=206416, downTime=206416, deviceId=0, source=0x1002 }
D/InputEventConsistencyVerifier(  426):   -- recent events --
D/InputEventConsistencyVerifier(  426):   1: sent at 206211000000, MotionEvent { action=ACTION_DOWN, id[0]=0, x[0]=360.0, y[0]=302.0, toolType[0]=TOOL_TYPE_UNKNOWN, buttonState=0, metaState=0, flags=0x80000000, edgeFlags=0x0, pointerCount=1, historySize=0, eventTime=206211, downTime=206211, deviceId=0, source=0x1002 }
D/InputEventConsistencyVerifier(  426):   2: sent at 205969000000, MotionEvent { action=ACTION_DOWN, id[0]=0, x[0]=100.0, y[0]=737.0, toolType[0]=TOOL_TYPE_UNKNOWN, buttonState=0, metaState=0, flags=0x80000000, edgeFlags=0x0, pointerCount=1, historySize=0, eventTime=205969, downTime=205966, deviceId=0, source=0x1002 }
D/InputEventConsistencyVerifier(  426):   3: sent at 205756000000, MotionEvent { action=ACTION_DOWN, id[0]=0, x[0]=409.0, y[0]=502.0, toolType[0]=TOOL_TYPE_UNKNOWN, buttonState=0, metaState=0, flags=0x80000000, edgeFlags=0x0, pointerCount=1, historySize=0, eventTime=205756, downTime=205750, deviceId=0, source=0x1002 }
D/InputEventConsistencyVerifier(  426):   4: sent at 204985000000, MotionEvent { action=ACTION_DOWN, id[0]=0, x[0]=42.0, y[0]=271.0, toolType[0]=TOOL_TYPE_UNKNOWN, buttonState=0, metaState=0, flags=0x80000000, edgeFlags=0x0, pointerCount=1, historySize=0, eventTime=204985, downTime=204984, deviceId=0, source=0x1002 }
D/InputEventConsistencyVerifier(  426):   5: sent at 204918000000, MotionEvent { action=ACTION_DOWN, id[0]=0, x[0]=30.0, y[0]=630.0, toolType[0]=TOOL_TYPE_UNKNOWN, buttonState=0, metaState=0, flags=0x0, edgeFlags=0x0, pointerCount=1, historySize=0, eventTime=204918, downTime=204918, deviceId=0, source=0x1002 }
D/InputEventConsistencyVerifier(  426): TouchEvent: ACTION_DOWN but pointers are already down.  Probably missing ACTION_UP from previous gesture.
D/InputEventConsistencyVerifier(  426):   in android.view.ScaleGestureDetector@b3e54950
D/InputEventConsistencyVerifier(  426):   0: sent at 206432000000, MotionEvent { action=ACTION_DOWN, id[0]=0, x[0]=366.0, y[0]=407.0, toolType[0]=TOOL_TYPE_UNKNOWN, buttonState=0, metaState=0, flags=0x0, edgeFlags=0x0, pointerCount=1, historySize=0, eventTime=206432, downTime=206431, deviceId=0, source=0x1002 }
D/InputEventConsistencyVerifier(  426):   -- recent events --
D/InputEventConsistencyVerifier(  426):   1: sent at 206416000000, MotionEvent { action=ACTION_DOWN, id[0]=0, x[0]=404.0, y[0]=337.0, toolType[0]=TOOL_TYPE_UNKNOWN, buttonState=0, metaState=0, flags=0x80000000, edgeFlags=0x0, pointerCount=1, historySize=0, eventTime=206416, downTime=206416, deviceId=0, source=0x1002 }
D/InputEventConsistencyVerifier(  426):   2: sent at 206211000000, MotionEvent { action=ACTION_DOWN, id[0]=0, x[0]=360.0, y[0]=302.0, toolType[0]=TOOL_TYPE_UNKNOWN, buttonState=0, metaState=0, flags=0x80000000, edgeFlags=0x0, pointerCount=1, historySize=0, eventTime=206211, downTime=206211, deviceId=0, source=0x1002 }
D/InputEventConsistencyVerifier(  426):   3: sent at 205969000000, MotionEvent { action=ACTION_DOWN, id[0]=0, x[0]=100.0, y[0]=737.0, toolType[0]=TOOL_TYPE_UNKNOWN, buttonState=0, metaState=0, flags=0x80000000, edgeFlags=0x0, pointerCount=1, historySize=0, eventTime=205969, downTime=205966, deviceId=0, source=0x1002 }
D/InputEventConsistencyVerifier(  426):   4: sent at 205756000000, MotionEvent { action=ACTION_DOWN, id[0]=0, x[0]=409.0, y[0]=502.0, toolType[0]=TOOL_TYPE_UNKNOWN, buttonState=0, metaState=0, flags=0x80000000, edgeFlags=0x0, pointerCount=1, historySize=0, eventTime=205756, downTime=205750, deviceId=0, source=0x1002 }
D/InputEventConsistencyVerifier(  426):   5: sent at 204985000000, MotionEvent { action=ACTION_DOWN, id[0]=0, x[0]=42.0, y[0]=271.0, toolType[0]=TOOL_TYPE_UNKNOWN, buttonState=0, metaState=0, flags=0x80000000, edgeFlags=0x0, pointerCount=1, historySize=0, eventTime=204985, downTime=204984, deviceId=0, source=0x1002 }
D/InputEventConsistencyVerifier(  426): TouchEvent: ACTION_DOWN but pointers are already down.  Probably missing ACTION_UP from previous gesture.
D/InputEventConsistencyVerifier(  426):   in android.view.ScaleGestureDetector@b3e54950
D/InputEventConsistencyVerifier(  426):   0: sent at 206535000000, MotionEvent { action=ACTION_DOWN, id[0]=0, x[0]=174.0, y[0]=284.0, toolType[0]=TOOL_TYPE_UNKNOWN, buttonState=0, metaState=0, flags=0x0, edgeFlags=0x0, pointerCount=1, historySize=0, eventTime=206535, downTime=206534, deviceId=0, source=0x1002 }
D/InputEventConsistencyVerifier(  426):   -- recent events --
D/InputEventConsistencyVerifier(  426):   1: sent at 206432000000, MotionEvent { action=ACTION_DOWN, id[0]=0, x[0]=366.0, y[0]=407.0, toolType[0]=TOOL_TYPE_UNKNOWN, buttonState=0, metaState=0, flags=0x80000000, edgeFlags=0x0, pointerCount=1, historySize=0, eventTime=206432, downTime=206431, deviceId=0, source=0x1002 }
D/InputEventConsistencyVerifier(  426):   2: sent at 206416000000, MotionEvent { action=ACTION_DOWN, id[0]=0, x[0]=404.0, y[0]=337.0, toolType[0]=TOOL_TYPE_UNKNOWN, buttonState=0, metaState=0, flags=0x80000000, edgeFlags=0x0, pointerCount=1, historySize=0, eventTime=206416, downTime=206416, deviceId=0, source=0x1002 }
D/InputEventConsistencyVerifier(  426):   3: sent at 206211000000, MotionEvent { action=ACTION_DOWN, id[0]=0, x[0]=360.0, y[0]=302.0, toolType[0]=TOOL_TYPE_UNKNOWN, buttonState=0, metaState=0, flags=0x80000000, edgeFlags=0x0, pointerCount=1, historySize=0, eventTime=206211, downTime=206211, deviceId=0, source=0x1002 }
D/InputEventConsistencyVerifier(  426):   4: sent at 205969000000, MotionEvent { action=ACTION_DOWN, id[0]=0, x[0]=100.0, y[0]=737.0, toolType[0]=TOOL_TYPE_UNKNOWN, buttonState=0, metaState=0, flags=0x80000000, edgeFlags=0x0, pointerCount=1, historySize=0, eventTime=205969, downTime=205966, deviceId=0, source=0x1002 }
D/InputEventConsistencyVerifier(  426):   5: sent at 205756000000, MotionEvent { action=ACTION_DOWN, id[0]=0, x[0]=409.0, y[0]=502.0, toolType[0]=TOOL_TYPE_UNKNOWN, buttonState=0, metaState=0, flags=0x80000000, edgeFlags=0x0, pointerCount=1, historySize=0, eventTime=205756, downTime=205750, deviceId=0, source=0x1002 }
I/Choreographer(  426): Skipped 32 frames!  The application may be doing too much work on its main thread.
W/InputMethodManagerService(  227): Window already focused, ignoring focus gain of: com.android.internal.view.IInputMethodClient$Stub$Proxy@b40b6230 attribute=android.view.inputmethod.EditorInfo@b40b6248
V/PhoneStatusBar(  426): setLightsOn(true)
D/PhoneStatusBar(  426): disable: < expand icons alerts ticker* system_info back home recent clock >
I/Choreographer(  981): Skipped 41 frames!  The application may be doing too much work on its main thread.
E/WVMExtractor(   62): Failed to open libwvm.so
I/Choreographer(  981): Skipped 70 frames!  The application may be doing too much work on its main thread.
I/AudioService(  227):  AudioFocus  requestAudioFocus() from android.media.AudioManager@b3d93f38com.android.music.MediaPlaybackService$3@b3d91de8
E/WVMExtractor(   62): Failed to open libwvm.so
I/AudioService(  227):   Remote Control   registerMediaButtonIntent() for PendingIntent{b3e04910: PendingIntentRecord{b41f70c8 com.android.music broadcastIntent}}
W/dalvikvm(  958): DroidBox: { "FdAccess": { "path": "2f6465762f696e7075742f6576656e7430", "id": "474045615" } }
W/DroidBox(  958): DroidBox: { "FileRW": { "operation": "write", "data": "7f060000efbfbd3901000500000001000000", "id": "474045615" } }
I/Choreographer(  981): Skipped 125 frames!  The application may be doing too much work on its main thread.
W/InputMethodManagerService(  227): Window already focused, ignoring focus gain of: com.android.internal.view.IInputMethodClient$Stub$Proxy@b3e07ba8 attribute=null
D/InputEventConsistencyVerifier(  981): KeyEvent: ACTION_UP but key was not down.
D/InputEventConsistencyVerifier(  981):   in com.android.internal.policy.impl.PhoneWindow$DecorView@b3d7d428
D/InputEventConsistencyVerifier(  981):   0: sent at 207672000000, KeyEvent { action=ACTION_UP, keyCode=KEYCODE_DPAD_LEFT, scanCode=0, metaState=0, flags=0x400, repeatCount=0, eventTime=207672, downTime=207672, deviceId=-1, source=0x101 }
D/InputEventConsistencyVerifier(  981):   -- recent events --
D/InputEventConsistencyVerifier(  981):   1: sent at 206948000000, (unhandled) MotionEvent { action=ACTION_MOVE, id[0]=0, x[0]=-5.0, y[0]=-2.0, toolType[0]=TOOL_TYPE_UNKNOWN, buttonState=0, metaState=0, flags=0x0, edgeFlags=0x0, pointerCount=1, historySize=18, eventTime=206948, downTime=-1, deviceId=0, source=0x10004 }
D/InputEventConsistencyVerifier(  981):   2: sent at 206759000000, (unhandled) MotionEvent { action=ACTION_MOVE, id[0]=0, x[0]=-4.0, y[0]=-2.0, toolType[0]=TOOL_TYPE_UNKNOWN, buttonState=0, metaState=0, flags=0x0, edgeFlags=0x0, pointerCount=1, historySize=0, eventTime=206759, downTime=-1, deviceId=0, source=0x10004 }
D/InputEventConsistencyVerifier(  981):   3: sent at 206622000000, (unhandled) KeyEvent { action=ACTION_UP, keyCode=KEYCODE_MENU, scanCode=0, metaState=0, flags=0x8, repeatCount=0, eventTime=206622, downTime=206622, deviceId=-1, source=0x101 }
D/InputEventConsistencyVerifier(  981):   4: sent at 206560000000, (unhandled) KeyEvent { action=ACTION_DOWN, keyCode=KEYCODE_MENU, scanCode=0, metaState=0, flags=0x8, repeatCount=0, eventTime=206560, downTime=206560, deviceId=-1, source=0x101 }
D/InputEventConsistencyVerifier(  981):   5: sent at 204788000000, (unhandled) MotionEvent { action=ACTION_UP, id[0]=0, x[0]=44.0, y[0]=234.0, toolType[0]=TOOL_TYPE_UNKNOWN, buttonState=0, metaState=0, flags=0x0, edgeFlags=0x0, pointerCount=1, historySize=0, eventTime=204788, downTime=204782, deviceId=0, source=0x1002 }
E/WVMExtractor(   62): Failed to open libwvm.so
D/InputEventConsistencyVerifier(  981): KeyEvent: ACTION_UP but key was not down.
D/InputEventConsistencyVerifier(  981):   in com.android.internal.policy.impl.PhoneWindow$DecorView@b3d7d428
D/InputEventConsistencyVerifier(  981):   0: sent at 207675000000, KeyEvent { action=ACTION_UP, keyCode=KEYCODE_DPAD_LEFT, scanCode=0, metaState=0, flags=0x400, repeatCount=0, eventTime=207675, downTime=207675, deviceId=-1, source=0x101 }
D/InputEventConsistencyVerifier(  981):   -- recent events --
D/InputEventConsistencyVerifier(  981):   1: sent at 207672000000, (unhandled) KeyEvent { action=ACTION_UP, keyCode=KEYCODE_DPAD_LEFT, scanCode=0, metaState=0, flags=0x80000400, repeatCount=0, eventTime=207672, downTime=207672, deviceId=-1, source=0x101 }
D/InputEventConsistencyVerifier(  981):   2: sent at 206948000000, (unhandled) MotionEvent { action=ACTION_MOVE, id[0]=0, x[0]=-5.0, y[0]=-2.0, toolType[0]=TOOL_TYPE_UNKNOWN, buttonState=0, metaState=0, flags=0x0, edgeFlags=0x0, pointerCount=1, historySize=18, eventTime=206948, downTime=-1, deviceId=0, source=0x10004 }
D/InputEventConsistencyVerifier(  981):   3: sent at 206759000000, (unhandled) MotionEvent { action=ACTION_MOVE, id[0]=0, x[0]=-4.0, y[0]=-2.0, toolType[0]=TOOL_TYPE_UNKNOWN, buttonState=0, metaState=0, flags=0x0, edgeFlags=0x0, pointerCount=1, historySize=0, eventTime=206759, downTime=-1, deviceId=0, source=0x10004 }
D/InputEventConsistencyVerifier(  981):   4: sent at 206622000000, (unhandled) KeyEvent { action=ACTION_UP, keyCode=KEYCODE_MENU, scanCode=0, metaState=0, flags=0x8, repeatCount=0, eventTime=206622, downTime=206622, deviceId=-1, source=0x101 }
D/InputEventConsistencyVerifier(  981):   5: sent at 206560000000, (unhandled) KeyEvent { action=ACTION_DOWN, keyCode=KEYCODE_MENU, scanCode=0, metaState=0, flags=0x8, repeatCount=0, eventTime=206560, downTime=206560, deviceId=-1, source=0x101 }
E/WVMExtractor(   62): Failed to open libwvm.so
E/WVMExtractor(   62): Failed to open libwvm.so
D/InputEventConsistencyVerifier(  981): KeyEvent: ACTION_UP but key was not down.
D/InputEventConsistencyVerifier(  981):   in com.android.internal.policy.impl.PhoneWindow$DecorView@b3d7d428
D/InputEventConsistencyVerifier(  981):   0: sent at 209856000000, KeyEvent { action=ACTION_UP, keyCode=KEYCODE_DPAD_LEFT, scanCode=0, metaState=0, flags=0x8, repeatCount=0, eventTime=209856, downTime=209856, deviceId=-1, source=0x101 }
D/InputEventConsistencyVerifier(  981):   -- recent events --
D/InputEventConsistencyVerifier(  981):   1: sent at 209672000000, (unhandled) KeyEvent { action=ACTION_UP, keyCode=KEYCODE_CAPS_LOCK, scanCode=0, metaState=0, flags=0x8, repeatCount=0, eventTime=209672, downTime=209672, deviceId=-1, source=0x101 }
D/InputEventConsistencyVerifier(  981):   2: sent at 207954000000, (unhandled) KeyEvent { action=ACTION_DOWN, keyCode=KEYCODE_CAPS_LOCK, scanCode=0, metaState=0, flags=0x8, repeatCount=0, eventTime=207954, downTime=207954, deviceId=-1, source=0x101 }
D/InputEventConsistencyVerifier(  981):   3: sent at 207942000000, (unhandled) MotionEvent { action=ACTION_UP, id[0]=0, x[0]=332.0, y[0]=675.0, toolType[0]=TOOL_TYPE_UNKNOWN, buttonState=0, metaState=0, flags=0x0, edgeFlags=0x0, pointerCount=1, historySize=0, eventTime=207942, downTime=207861, deviceId=0, source=0x1002 }
D/InputEventConsistencyVerifier(  981):   4: sent at 207917000000, (unhandled) MotionEvent { action=ACTION_POINTER_UP(1), id[0]=0, x[0]=332.0, y[0]=668.0, toolType[0]=TOOL_TYPE_UNKNOWN, id[1]=1, x[1]=140.0, y[1]=381.0, toolType[1]=TOOL_TYPE_UNKNOWN, buttonState=0, metaState=0, flags=0x0, edgeFlags=0x0, pointerCount=2, historySize=0, eventTime=207917, downTime=207861, deviceId=0, source=0x1002 }
D/InputEventConsistencyVerifier(  981):   5: sent at 207914000000, (unhandled) MotionEvent { action=ACTION_MOVE, id[0]=0, x[0]=332.0, y[0]=659.0, toolType[0]=TOOL_TYPE_UNKNOWN, id[1]=1, x[1]=141.0, y[1]=377.0, toolType[1]=TOOL_TYPE_UNKNOWN, buttonState=0, metaState=0, flags=0x0, edgeFlags=0x0, pointerCount=2, historySize=2, eventTime=207914, downTime=207861, deviceId=0, source=0x1002 }
E/WVMExtractor(   62): Failed to open libwvm.so
I/Choreographer(  981): Skipped 43 frames!  The application may be doing too much work on its main thread.
I/Choreographer(  981): Skipped 33 frames!  The application may be doing too much work on its main thread.
I/ActivityManager(  227): START {act=android.intent.action.VIEW dat=http://softandroid.ru/engine/download.php?id=928 cmp=com.android.browser/.BrowserActivity u=0} from pid 981
E/WVMExtractor(   62): Failed to open libwvm.so
D/InputEventConsistencyVerifier(  981): KeyEvent: ACTION_UP but key was not down.
D/InputEventConsistencyVerifier(  981):   in com.android.internal.policy.impl.PhoneWindow$DecorView@b3d7d428
D/InputEventConsistencyVerifier(  981):   0: sent at 211065000000, KeyEvent { action=ACTION_UP, keyCode=KEYCODE_DPAD_RIGHT, scanCode=0, metaState=0, flags=0x400, repeatCount=0, eventTime=211065, downTime=211065, deviceId=-1, source=0x101 }
D/InputEventConsistencyVerifier(  981):   -- recent events --
D/InputEventConsistencyVerifier(  981):   1: sent at 210931000000, (unhandled) MotionEvent { action=ACTION_MOVE, id[0]=0, x[0]=4.0, y[0]=2.0, toolType[0]=TOOL_TYPE_UNKNOWN, buttonState=0, metaState=0, flags=0x0, edgeFlags=0x0, pointerCount=1, historySize=9, eventTime=210931, downTime=-1, deviceId=0, source=0x10004 }
D/InputEventConsistencyVerifier(  981):   2: sent at 210842000000, MotionEvent { action=ACTION_UP, id[0]=0, x[0]=66.0, y[0]=186.0, toolType[0]=TOOL_TYPE_UNKNOWN, buttonState=0, metaState=0, flags=0x0, edgeFlags=0x0, pointerCount=1, historySize=0, eventTime=210842, downTime=210804, deviceId=0, source=0x1002 }
D/InputEventConsistencyVerifier(  981):   3: sent at 210805000000, MotionEvent { action=ACTION_DOWN, id[0]=0, x[0]=80.0, y[0]=184.0, toolType[0]=TOOL_TYPE_UNKNOWN, buttonState=0, metaState=0, flags=0x0, edgeFlags=0x0, pointerCount=1, historySize=0, eventTime=210805, downTime=210804, deviceId=0, source=0x1002 }
D/InputEventConsistencyVerifier(  981):   4: sent at 210786000000, (unhandled) MotionEvent { action=ACTION_UP, id[0]=0, x[0]=366.0, y[0]=534.0, toolType[0]=TOOL_TYPE_UNKNOWN, buttonState=0, metaState=0, flags=0x0, edgeFlags=0x0, pointerCount=1, historySize=0, eventTime=210786, downTime=210757, deviceId=0, source=0x1002 }
D/InputEventConsistencyVerifier(  981):   5: sent at 210757000000, (unhandled) MotionEvent { action=ACTION_DOWN, id[0]=0, x[0]=368.0, y[0]=536.0, toolType[0]=TOOL_TYPE_UNKNOWN, buttonState=0, metaState=0, flags=0x0, edgeFlags=0x0, pointerCount=1, historySize=0, eventTime=210757, downTime=210757, deviceId=0, source=0x1002 }
E/WVMExtractor(   62): Failed to open libwvm.so
E/WVMExtractor(   62): Failed to open libwvm.so
D/InputEventConsistencyVerifier(  981): KeyEvent: ACTION_UP but key was not down.
D/InputEventConsistencyVerifier(  981):   in android.widget.Button@b3d8abf0
D/InputEventConsistencyVerifier(  981):   0: sent at 212023000000, KeyEvent { action=ACTION_UP, keyCode=KEYCODE_DPAD_DOWN, scanCode=0, metaState=0, flags=0x400, repeatCount=0, eventTime=212023, downTime=212023, deviceId=-1, source=0x101 }
D/InputEventConsistencyVerifier(  981):   -- recent events --
D/InputEventConsistencyVerifier(  981):   1: sent at 210842000000, MotionEvent { action=ACTION_UP, id[0]=0, x[0]=66.0, y[0]=25.0, toolType[0]=TOOL_TYPE_UNKNOWN, buttonState=0, metaState=0, flags=0x0, edgeFlags=0x0, pointerCount=1, historySize=0, eventTime=210842, downTime=210804, deviceId=0, source=0x1002 }
D/InputEventConsistencyVerifier(  981):   2: sent at 210805000000, MotionEvent { action=ACTION_DOWN, id[0]=0, x[0]=80.0, y[0]=23.0, toolType[0]=TOOL_TYPE_UNKNOWN, buttonState=0, metaState=0, flags=0x0, edgeFlags=0x0, pointerCount=1, historySize=0, eventTime=210805, downTime=210804, deviceId=0, source=0x1002 }
D/InputEventConsistencyVerifier(  981):   3: sent at 204229000000, (unhandled) KeyEvent { action=ACTION_DOWN, keyCode=KEYCODE_DPAD_UP, scanCode=0, metaState=0, flags=0x8, repeatCount=0, eventTime=204229, downTime=204229, deviceId=-1, source=0x101 }
D/InputEventConsistencyVerifier(  981):   4: sent at 204142000000, (unhandled) KeyEvent { action=ACTION_UP, keyCode=KEYCODE_DPAD_DOWN, scanCode=0, metaState=0, flags=0x80000008, repeatCount=0, eventTime=204142, downTime=204142, deviceId=-1, source=0x101 }
D/InputEventConsistencyVerifier(  981):   5: sent at 203237000000, (unhandled) KeyEvent { action=ACTION_UP, keyCode=KEYCODE_DPAD_LEFT, scanCode=0, metaState=0, flags=0x8, repeatCount=0, eventTime=203237, downTime=203237, deviceId=-1, source=0x101 }
E/WVMExtractor(   62): Failed to open libwvm.so
E/WVMExtractor(   62): Failed to open libwvm.so
E/WVMExtractor(   62): Failed to open libwvm.so
E/WVMExtractor(   62): Failed to open libwvm.so
E/WVMExtractor(   62): Failed to open libwvm.so
D/InputEventConsistencyVerifier(  981): KeyEvent: ACTION_UP but key was not down.
D/InputEventConsistencyVerifier(  981):   in android.widget.ScrollView@b3d87418
D/InputEventConsistencyVerifier(  981):   0: sent at 214189000000, KeyEvent { action=ACTION_UP, keyCode=KEYCODE_DPAD_UP, scanCode=0, metaState=0, flags=0x400, repeatCount=0, eventTime=214189, downTime=214189, deviceId=-1, source=0x101 }
D/InputEventConsistencyVerifier(  981):   -- recent events --
D/InputEventConsistencyVerifier(  981):   1: sent at 212023000000, (unhandled) KeyEvent { action=ACTION_DOWN, keyCode=KEYCODE_DPAD_DOWN, scanCode=0, metaState=0, flags=0x400, repeatCount=0, eventTime=212023, downTime=212023, deviceId=-1, source=0x101 }
D/InputEventConsistencyVerifier(  981):   2: sent at 211958000000, (unhandled) MotionEvent { action=ACTION_MOVE, id[0]=0, x[0]=0.0, y[0]=2.0, toolType[0]=TOOL_TYPE_UNKNOWN, buttonState=0, metaState=0, flags=0x0, edgeFlags=0x0, pointerCount=1, historySize=0, eventTime=211958, downTime=-1, deviceId=0, source=0x10004 }
D/InputEventConsistencyVerifier(  981):   3: sent at 211112000000, (unhandled) KeyEvent { action=ACTION_UP, keyCode=KEYCODE_DPAD_LEFT, scanCode=0, metaState=0, flags=0x8, repeatCount=0, eventTime=211112, downTime=211112, deviceId=-1, source=0x101 }
D/InputEventConsistencyVerifier(  981):   4: sent at 210934000000, (unhandled) KeyEvent { action=ACTION_DOWN, keyCode=KEYCODE_DPAD_LEFT, scanCode=0, metaState=0, flags=0x8, repeatCount=0, eventTime=210934, downTime=210934, deviceId=-1, source=0x101 }
D/InputEventConsistencyVerifier(  981):   5: sent at 211069000000, (unhandled) KeyEvent { action=ACTION_UP, keyCode=KEYCODE_DPAD_RIGHT, scanCode=0, metaState=0, flags=0x400, repeatCount=0, eventTime=211069, downTime=211069, deviceId=-1, source=0x101 }
E/WVMExtractor(   62): Failed to open libwvm.so
E/WVMExtractor(   62): Failed to open libwvm.so
E/WVMExtractor(   62): Failed to open libwvm.so
I/ActivityManager(  227): START {act=android.intent.action.VIEW dat=http://softandroid.ru/engine/download.php?id=928 cmp=com.android.browser/.BrowserActivity u=0} from pid 981
I/Choreographer(  981): Skipped 34 frames!  The application may be doing too much work on its main thread.
E/WVMExtractor(   62): Failed to open libwvm.so
I/Choreographer(  981): Skipped 42 frames!  The application may be doing too much work on its main thread.
I/ActivityManager(  227): START {act=android.intent.action.MAIN cat=[android.intent.category.LAUNCHER] flg=0x10200000 cmp=com.android.installer.full/.AndroidInstaller2Activity u=0} from pid 958
I/Choreographer(  981): Skipped 30 frames!  The application may be doing too much work on its main thread.
D/InputEventConsistencyVerifier(  981): KeyEvent: ACTION_UP but key was not down.
D/InputEventConsistencyVerifier(  981):   in com.android.internal.policy.impl.PhoneWindow$DecorView@b3d7d428
D/InputEventConsistencyVerifier(  981):   0: sent at 215892000000, KeyEvent { action=ACTION_UP, keyCode=KEYCODE_DPAD_CENTER, scanCode=0, metaState=0, flags=0x8, repeatCount=0, eventTime=215892, downTime=215892, deviceId=-1, source=0x101 }
D/InputEventConsistencyVerifier(  981):   -- recent events --
D/InputEventConsistencyVerifier(  981):   1: sent at 215688000000, MotionEvent { action=ACTION_UP, id[0]=0, x[0]=368.0, y[0]=112.0, toolType[0]=TOOL_TYPE_UNKNOWN, buttonState=0, metaState=0, flags=0x0, edgeFlags=0x0, pointerCount=1, historySize=0, eventTime=215688, downTime=215546, deviceId=0, source=0x1002 }
D/InputEventConsistencyVerifier(  981):   2: sent at 215683000000, MotionEvent { action=ACTION_MOVE, id[0]=0, x[0]=369.0, y[0]=110.0, toolType[0]=TOOL_TYPE_UNKNOWN, buttonState=0, metaState=0, flags=0x0, edgeFlags=0x0, pointerCount=1, historySize=1, eventTime=215683, downTime=215546, deviceId=0, source=0x1002 }
D/InputEventConsistencyVerifier(  981):   3: sent at 215639000000, MotionEvent { action=ACTION_MOVE, id[0]=0, x[0]=371.0, y[0]=106.48, toolType[0]=TOOL_TYPE_UNKNOWN, buttonState=0, metaState=0, flags=0x0, edgeFlags=0x0, pointerCount=1, historySize=3, eventTime=215639, downTime=215546, deviceId=0, source=0x1002 }
D/InputEventConsistencyVerifier(  981):   4: sent at 215548000000, MotionEvent { action=ACTION_DOWN, id[0]=0, x[0]=372.0, y[0]=87.0, toolType[0]=TOOL_TYPE_UNKNOWN, buttonState=0, metaState=0, flags=0x0, edgeFlags=0x0, pointerCount=1, historySize=0, eventTime=215548, downTime=215546, deviceId=0, source=0x1002 }
D/InputEventConsistencyVerifier(  981):   5: sent at 215301000000, (unhandled) KeyEvent { action=ACTION_UP, keyCode=KEYCODE_SCROLL_LOCK, scanCode=0, metaState=0, flags=0x8, repeatCount=0, eventTime=215301, downTime=215301, deviceId=-1, source=0x101 }
I/Choreographer(  981): Skipped 40 frames!  The application may be doing too much work on its main thread.
E/WVMExtractor(   62): Failed to open libwvm.so
E/WVMExtractor(   62): Failed to open libwvm.so
E/WVMExtractor(   62): Failed to open libwvm.so
I/Choreographer(  981): Skipped 48 frames!  The application may be doing too much work on its main thread.
E/WVMExtractor(   62): Failed to open libwvm.so
I/Choreographer(  981): Skipped 57 frames!  The application may be doing too much work on its main thread.
W/InputManager(  227): Input event injection from pid 958 failed.
I/Choreographer(  981): Skipped 77 frames!  The application may be doing too much work on its main thread.
I/Choreographer(  981): Skipped 87 frames!  The application may be doing too much work on its main thread.
E/WVMExtractor(   62): Failed to open libwvm.so
D/InputEventConsistencyVerifier(  426): TouchEvent: ACTION_DOWN but pointers are already down.  Probably missing ACTION_UP from previous gesture.
D/InputEventConsistencyVerifier(  426):   in android.view.ScaleGestureDetector@b3e54950
D/InputEventConsistencyVerifier(  426):   0: sent at 220959000000, MotionEvent { action=ACTION_DOWN, id[0]=0, x[0]=374.0, y[0]=20.0, toolType[0]=TOOL_TYPE_UNKNOWN, buttonState=0, metaState=0, flags=0x0, edgeFlags=0x0, pointerCount=1, historySize=0, eventTime=220959, downTime=220956, deviceId=0, source=0x1002 }
D/InputEventConsistencyVerifier(  426):   -- recent events --
D/InputEventConsistencyVerifier(  426):   1: sent at 206535000000, MotionEvent { action=ACTION_DOWN, id[0]=0, x[0]=174.0, y[0]=284.0, toolType[0]=TOOL_TYPE_UNKNOWN, buttonState=0, metaState=0, flags=0x80000000, edgeFlags=0x0, pointerCount=1, historySize=0, eventTime=206535, downTime=206534, deviceId=0, source=0x1002 }
D/InputEventConsistencyVerifier(  426):   2: sent at 206432000000, MotionEvent { action=ACTION_DOWN, id[0]=0, x[0]=366.0, y[0]=407.0, toolType[0]=TOOL_TYPE_UNKNOWN, buttonState=0, metaState=0, flags=0x80000000, edgeFlags=0x0, pointerCount=1, historySize=0, eventTime=206432, downTime=206431, deviceId=0, source=0x1002 }
D/InputEventConsistencyVerifier(  426):   3: sent at 206416000000, MotionEvent { action=ACTION_DOWN, id[0]=0, x[0]=404.0, y[0]=337.0, toolType[0]=TOOL_TYPE_UNKNOWN, buttonState=0, metaState=0, flags=0x80000000, edgeFlags=0x0, pointerCount=1, historySize=0, eventTime=206416, downTime=206416, deviceId=0, source=0x1002 }
D/InputEventConsistencyVerifier(  426):   4: sent at 206211000000, MotionEvent { action=ACTION_DOWN, id[0]=0, x[0]=360.0, y[0]=302.0, toolType[0]=TOOL_TYPE_UNKNOWN, buttonState=0, metaState=0, flags=0x80000000, edgeFlags=0x0, pointerCount=1, historySize=0, eventTime=206211, downTime=206211, deviceId=0, source=0x1002 }
D/InputEventConsistencyVerifier(  426):   5: sent at 205969000000, MotionEvent { action=ACTION_DOWN, id[0]=0, x[0]=100.0, y[0]=737.0, toolType[0]=TOOL_TYPE_UNKNOWN, buttonState=0, metaState=0, flags=0x80000000, edgeFlags=0x0, pointerCount=1, historySize=0, eventTime=205969, downTime=205966, deviceId=0, source=0x1002 }
W/dalvikvm(  426): DroidBox: { "FdAccess": { "path": "2f70726f632f6d656d696e666f", "id": "694857088" } }
W/DroidBox(  426): DroidBox: { "FileRW": { "operation": "read", "data": "4d656d546f74616c3a202020202020202020373438393634206b420a4d656d467265653a20202020202020202020343538383838206b420a427566666572733a20202020202020202020202035343838206b420a4361636865643a202020202020202020", "id": "694857088" } }
D/InputEventConsistencyVerifier(  426): KeyEvent: ACTION_UP but key was not down.
D/InputEventConsistencyVerifier(  426):   in com.android.systemui.statusbar.phone.StatusBarWindowView@b3db4350
D/InputEventConsistencyVerifier(  426):   0: sent at 221183000000, KeyEvent { action=ACTION_UP, keyCode=KEYCODE_DPAD_UP, scanCode=0, metaState=0, flags=0x8, repeatCount=0, eventTime=221183, downTime=221183, deviceId=-1, source=0x101 }
D/InputEventConsistencyVerifier(  426):   -- recent events --
D/InputEventConsistencyVerifier(  426):   1: sent at 221036000000, MotionEvent { action=ACTION_UP, id[0]=0, x[0]=302.8, y[0]=0.0, toolType[0]=TOOL_TYPE_UNKNOWN, buttonState=0, metaState=0, flags=0x0, edgeFlags=0x0, pointerCount=1, historySize=0, eventTime=221036, downTime=220956, deviceId=0, source=0x1002 }
D/InputEventConsistencyVerifier(  426):   2: sent at 221034000000, MotionEvent { action=ACTION_MOVE, id[0]=0, x[0]=302.8, y[0]=0.0, toolType[0]=TOOL_TYPE_UNKNOWN, buttonState=0, metaState=0, flags=0x0, edgeFlags=0x0, pointerCount=1, historySize=5, eventTime=221034, downTime=220956, deviceId=0, source=0x1002 }
D/InputEventConsistencyVerifier(  426):   3: sent at 220959000000, MotionEvent { action=ACTION_DOWN, id[0]=0, x[0]=374.0, y[0]=20.0, toolType[0]=TOOL_TYPE_UNKNOWN, buttonState=0, metaState=0, flags=0x0, edgeFlags=0x0, pointerCount=1, historySize=0, eventTime=220959, downTime=220956, deviceId=0, source=0x1002 }
D/InputEventConsistencyVerifier(  426):   4: sent at 206726000000, (unhandled) KeyEvent { action=ACTION_UP, keyCode=KEYCODE_DPAD_UP, scanCode=0, metaState=0, flags=0x400, repeatCount=0, eventTime=206726, downTime=206726, deviceId=-1, source=0x101 }
