D/InputEventConsistencyVerifier(  423):   3: sent at 240133000000, KeyEvent { action=ACTION_UP, keyCode=KEYCODE_DPAD_DOWN, scanCode=0, metaState=0, flags=0x8, repeatCount=0, eventTime=240133, downTime=240133, deviceId=-1, source=0x101 }
D/InputEventConsistencyVerifier(  423):   4: sent at 240114000000, KeyEvent { action=ACTION_DOWN, keyCode=KEYCODE_DPAD_DOWN, scanCode=0, metaState=0, flags=0x8, repeatCount=0, eventTime=240114, downTime=240114, deviceId=-1, source=0x101 }
D/InputEventConsistencyVerifier(  423):   5: sent at 240047000000, KeyEvent { action=ACTION_UP, keyCode=KEYCODE_DPAD_DOWN, scanCode=0, metaState=0, flags=0x8, repeatCount=0, eventTime=240047, downTime=240047, deviceId=-1, source=0x101 }
W/dalvikvm(  423): DroidBox: { "FdAccess": { "path": "2f70726f632f6d656d696e666f", "id": "230789998" } }
W/DroidBox(  423): DroidBox: { "FileRW": { "operation": "read", "data": "4d656d546f74616c3a202020202020202020373438393634206b420a4d656d467265653a20202020202020202020343236373234206b420a427566666572733a20202020202020202020202035353230206b420a4361636865643a202020202020202020", "id": "230789998" } }
I/Choreographer(  423): Skipped 91 frames!  The application may be doing too much work on its main thread.
W/dalvikvm(  423): DroidBox: { "FdAccess": { "path": "2f70726f632f6d656d696e666f", "id": "405815774" } }
W/DroidBox( 1064): DroidBox: { "ServiceStart": { "name": "com.android.music.MediaPlaybackService" } }
W/DroidBox(  423): DroidBox: { "FileRW": { "operation": "read", "data": "4d656d546f74616c3a202020202020202020373438393634206b420a4d656d467265653a20202020202020202020343236373234206b420a427566666572733a20202020202020202020202035353230206b420a4361636865643a202020202020202020", "id": "405815774" } }
D/InputEventConsistencyVerifier(  423): KeyEvent: ACTION_UP but key was not down.
D/InputEventConsistencyVerifier(  423):   in com.android.systemui.statusbar.phone.StatusBarWindowView@b3dc7248
D/InputEventConsistencyVerifier(  423):   0: sent at 240714000000, KeyEvent { action=ACTION_UP, keyCode=KEYCODE_DPAD_DOWN, scanCode=0, metaState=0, flags=0x8, repeatCount=0, eventTime=240714, downTime=240714, deviceId=-1, source=0x101 }
D/InputEventConsistencyVerifier(  423):   -- recent events --
D/InputEventConsistencyVerifier(  423):   1: sent at 240422000000, MotionEvent { action=ACTION_UP, id[0]=0, x[0]=421.0, y[0]=279.0, toolType[0]=TOOL_TYPE_UNKNOWN, buttonState=0, metaState=0, flags=0x0, edgeFlags=0x0, pointerCount=1, historySize=0, eventTime=240422, downTime=240400, deviceId=0, source=0x1002 }
D/InputEventConsistencyVerifier(  423):   2: sent at 240401000000, MotionEvent { action=ACTION_DOWN, id[0]=0, x[0]=421.0, y[0]=290.0, toolType[0]=TOOL_TYPE_UNKNOWN, buttonState=0, metaState=0, flags=0x0, edgeFlags=0x0, pointerCount=1, historySize=0, eventTime=240401, downTime=240400, deviceId=0, source=0x1002 }
D/InputEventConsistencyVerifier(  423):   3: sent at 240339000000, (unhandled) KeyEvent { action=ACTION_UP, keyCode=KEYCODE_MEDIA_PLAY_PAUSE, scanCode=0, metaState=0, flags=0x80000008, repeatCount=0, eventTime=240339, downTime=240339, deviceId=-1, source=0x101 }
D/InputEventConsistencyVerifier(  423):   4: sent at 240314000000, MotionEvent { action=ACTION_UP, id[0]=0, x[0]=259.0, y[0]=24.0, toolType[0]=TOOL_TYPE_UNKNOWN, buttonState=0, metaState=0, flags=0x0, edgeFlags=0x0, pointerCount=1, historySize=0, eventTime=240314, downTime=240286, deviceId=0, source=0x1002 }
D/InputEventConsistencyVerifier(  423):   5: sent at 240286000000, MotionEvent { action=ACTION_DOWN, id[0]=0, x[0]=266.0, y[0]=26.0, toolType[0]=TOOL_TYPE_UNKNOWN, buttonState=0, metaState=0, flags=0x0, edgeFlags=0x0, pointerCount=1, historySize=0, eventTime=240286, downTime=240286, deviceId=0, source=0x1002 }
V/PhoneStatusBar(  423): setLightsOn(true)
I/Choreographer(  423): Skipped 80 frames!  The application may be doing too much work on its main thread.
D/PhoneStatusBar(  423): disable: < expand icons alerts TICKER* system_info back home recent clock >
I/Choreographer( 1020): Skipped 58 frames!  The application may be doing too much work on its main thread.
D/InputEventConsistencyVerifier(  423): TouchEvent: ACTION_DOWN but pointers are already down.  Probably missing ACTION_UP from previous gesture.
D/InputEventConsistencyVerifier(  423):   in android.view.ScaleGestureDetector@b3e679a8
D/InputEventConsistencyVerifier(  423):   0: sent at 241126000000, MotionEvent { action=ACTION_DOWN, id[0]=0, x[0]=222.0, y[0]=616.0, toolType[0]=TOOL_TYPE_UNKNOWN, buttonState=0, metaState=0, flags=0x0, edgeFlags=0x0, pointerCount=1, historySize=0, eventTime=241126, downTime=241122, deviceId=0, source=0x1002 }
D/InputEventConsistencyVerifier(  423):   -- recent events --
D/InputEventConsistencyVerifier(  423):   1: sent at 240401000000, MotionEvent { action=ACTION_DOWN, id[0]=0, x[0]=421.0, y[0]=290.0, toolType[0]=TOOL_TYPE_UNKNOWN, buttonState=0, metaState=0, flags=0x0, edgeFlags=0x0, pointerCount=1, historySize=0, eventTime=240401, downTime=240400, deviceId=0, source=0x1002 }
D/InputEventConsistencyVerifier(  423):   2: sent at 240314000000, MotionEvent { action=ACTION_UP, id[0]=0, x[0]=259.0, y[0]=24.0, toolType[0]=TOOL_TYPE_UNKNOWN, buttonState=0, metaState=0, flags=0x0, edgeFlags=0x0, pointerCount=1, historySize=0, eventTime=240314, downTime=240286, deviceId=0, source=0x1002 }
D/InputEventConsistencyVerifier(  423):   3: sent at 240286000000, MotionEvent { action=ACTION_DOWN, id[0]=0, x[0]=266.0, y[0]=26.0, toolType[0]=TOOL_TYPE_UNKNOWN, buttonState=0, metaState=0, flags=0x80000000, edgeFlags=0x0, pointerCount=1, historySize=0, eventTime=240286, downTime=240286, deviceId=0, source=0x1002 }
D/InputEventConsistencyVerifier(  423):   4: sent at 239639000000, MotionEvent { action=ACTION_DOWN, id[0]=0, x[0]=131.0, y[0]=443.0, toolType[0]=TOOL_TYPE_UNKNOWN, buttonState=0, metaState=0, flags=0x80000000, edgeFlags=0x0, pointerCount=1, historySize=0, eventTime=239639, downTime=239620, deviceId=0, source=0x1002 }
D/InputEventConsistencyVerifier(  423):   5: sent at 239206000000, MotionEvent { action=ACTION_DOWN, id[0]=0, x[0]=87.0, y[0]=201.0, toolType[0]=TOOL_TYPE_UNKNOWN, buttonState=0, metaState=0, flags=0x80000000, edgeFlags=0x0, pointerCount=1, historySize=0, eventTime=239206, downTime=239205, deviceId=0, source=0x1002 }
D/InputEventConsistencyVerifier(  423): TouchEvent: ACTION_DOWN but pointers are already down.  Probably missing ACTION_UP from previous gesture.
D/InputEventConsistencyVerifier(  423):   in android.view.ScaleGestureDetector@b3e679a8
D/InputEventConsistencyVerifier(  423):   0: sent at 241146000000, MotionEvent { action=ACTION_DOWN, id[0]=0, x[0]=33.0, y[0]=368.0, toolType[0]=TOOL_TYPE_UNKNOWN, buttonState=0, metaState=0, flags=0x0, edgeFlags=0x0, pointerCount=1, historySize=0, eventTime=241146, downTime=241143, deviceId=0, source=0x1002 }
D/InputEventConsistencyVerifier(  423):   -- recent events --
D/InputEventConsistencyVerifier(  423):   1: sent at 241126000000, MotionEvent { action=ACTION_DOWN, id[0]=0, x[0]=222.0, y[0]=616.0, toolType[0]=TOOL_TYPE_UNKNOWN, buttonState=0, metaState=0, flags=0x80000000, edgeFlags=0x0, pointerCount=1, historySize=0, eventTime=241126, downTime=241122, deviceId=0, source=0x1002 }
D/InputEventConsistencyVerifier(  423):   2: sent at 240401000000, MotionEvent { action=ACTION_DOWN, id[0]=0, x[0]=421.0, y[0]=290.0, toolType[0]=TOOL_TYPE_UNKNOWN, buttonState=0, metaState=0, flags=0x0, edgeFlags=0x0, pointerCount=1, historySize=0, eventTime=240401, downTime=240400, deviceId=0, source=0x1002 }
D/InputEventConsistencyVerifier(  423):   3: sent at 240314000000, MotionEvent { action=ACTION_UP, id[0]=0, x[0]=259.0, y[0]=24.0, toolType[0]=TOOL_TYPE_UNKNOWN, buttonState=0, metaState=0, flags=0x0, edgeFlags=0x0, pointerCount=1, historySize=0, eventTime=240314, downTime=240286, deviceId=0, source=0x1002 }
D/InputEventConsistencyVerifier(  423):   4: sent at 240286000000, MotionEvent { action=ACTION_DOWN, id[0]=0, x[0]=266.0, y[0]=26.0, toolType[0]=TOOL_TYPE_UNKNOWN, buttonState=0, metaState=0, flags=0x80000000, edgeFlags=0x0, pointerCount=1, historySize=0, eventTime=240286, downTime=240286, deviceId=0, source=0x1002 }
D/InputEventConsistencyVerifier(  423):   5: sent at 239639000000, MotionEvent { action=ACTION_DOWN, id[0]=0, x[0]=131.0, y[0]=443.0, toolType[0]=TOOL_TYPE_UNKNOWN, buttonState=0, metaState=0, flags=0x80000000, edgeFlags=0x0, pointerCount=1, historySize=0, eventTime=239639, downTime=239620, deviceId=0, source=0x1002 }
I/Choreographer( 1020): Skipped 35 frames!  The application may be doing too much work on its main thread.
V/PhoneStatusBar(  423): setLightsOn(true)
D/PhoneStatusBar(  423): disable: < expand icons alerts ticker* system_info back home recent clock >
I/Choreographer(  423): Skipped 61 frames!  The application may be doing too much work on its main thread.
W/DroidBox( 1064): DroidBox: { "ServiceStart": { "name": "com.android.music.MediaPlaybackService" } }
I/Choreographer( 1020): Skipped 39 frames!  The application may be doing too much work on its main thread.
E/WVMExtractor(   63): Failed to open libwvm.so
I/AudioService(  227):  AudioFocus  requestAudioFocus() from android.media.AudioManager@b3da6fb0com.android.music.MediaPlaybackService$3@b3da4e28
D/InputEventConsistencyVerifier( 1020): TrackballEvent: Trackball is down but pressure is not greater than 0.
D/InputEventConsistencyVerifier( 1020):   in android.view.ViewRootImpl@b449bd18
D/InputEventConsistencyVerifier( 1020):   0: sent at 241848000000, MotionEvent { action=ACTION_DOWN, id[0]=0, x[0]=0.0, y[0]=0.0, toolType[0]=TOOL_TYPE_UNKNOWN, buttonState=0, metaState=0, flags=0x0, edgeFlags=0x0, pointerCount=1, historySize=0, eventTime=241848, downTime=241757, deviceId=0, source=0x10004 }
D/InputEventConsistencyVerifier( 1020):   -- recent events --
D/InputEventConsistencyVerifier( 1020):   1: sent at 241896000000, KeyEvent { action=ACTION_UP, keyCode=KEYCODE_DPAD_DOWN, scanCode=0, metaState=0, flags=0x400, repeatCount=0, eventTime=241896, downTime=241896, deviceId=-1, source=0x101 }
D/InputEventConsistencyVerifier( 1020):   2: sent at 241896000000, KeyEvent { action=ACTION_DOWN, keyCode=KEYCODE_DPAD_DOWN, scanCode=0, metaState=0, flags=0x400, repeatCount=0, eventTime=241896, downTime=241896, deviceId=-1, source=0x101 }
D/InputEventConsistencyVerifier( 1020):   3: sent at 241895000000, KeyEvent { action=ACTION_UP, keyCode=KEYCODE_DPAD_DOWN, scanCode=0, metaState=0, flags=0x400, repeatCount=0, eventTime=241895, downTime=241895, deviceId=-1, source=0x101 }
D/InputEventConsistencyVerifier( 1020):   4: sent at 241895000000, KeyEvent { action=ACTION_DOWN, keyCode=KEYCODE_DPAD_DOWN, scanCode=0, metaState=0, flags=0x400, repeatCount=0, eventTime=241895, downTime=241895, deviceId=-1, source=0x101 }
D/InputEventConsistencyVerifier( 1020):   5: sent at 241894000000, KeyEvent { action=ACTION_UP, keyCode=KEYCODE_DPAD_DOWN, scanCode=0, metaState=0, flags=0x400, repeatCount=0, eventTime=241894, downTime=241894, deviceId=-1, source=0x101 }
E/WVMExtractor(   63): Failed to open libwvm.so
I/Choreographer( 1020): Skipped 37 frames!  The application may be doing too much work on its main thread.
I/AudioService(  227):   Remote Control   registerMediaButtonIntent() for PendingIntent{b3eb0c10: PendingIntentRecord{b3fcdd40 com.android.music broadcastIntent}}
I/Choreographer( 1020): Skipped 49 frames!  The application may be doing too much work on its main thread.
E/WVMExtractor(   63): Failed to open libwvm.so
D/InputEventConsistencyVerifier(  423): TouchEvent: ACTION_DOWN but pointers are already down.  Probably missing ACTION_UP from previous gesture.
D/InputEventConsistencyVerifier(  423):   in android.view.ScaleGestureDetector@b3e679a8
D/InputEventConsistencyVerifier(  423):   0: sent at 243104000000, MotionEvent { action=ACTION_DOWN, id[0]=0, x[0]=72.0, y[0]=27.0, toolType[0]=TOOL_TYPE_UNKNOWN, buttonState=0, metaState=0, flags=0x0, edgeFlags=0x0, pointerCount=1, historySize=0, eventTime=243104, downTime=243104, deviceId=0, source=0x1002 }
D/InputEventConsistencyVerifier(  423):   -- recent events --
D/InputEventConsistencyVerifier(  423):   1: sent at 241146000000, MotionEvent { action=ACTION_DOWN, id[0]=0, x[0]=33.0, y[0]=368.0, toolType[0]=TOOL_TYPE_UNKNOWN, buttonState=0, metaState=0, flags=0x80000000, edgeFlags=0x0, pointerCount=1, historySize=0, eventTime=241146, downTime=241143, deviceId=0, source=0x1002 }
D/InputEventConsistencyVerifier(  423):   2: sent at 241126000000, MotionEvent { action=ACTION_DOWN, id[0]=0, x[0]=222.0, y[0]=616.0, toolType[0]=TOOL_TYPE_UNKNOWN, buttonState=0, metaState=0, flags=0x80000000, edgeFlags=0x0, pointerCount=1, historySize=0, eventTime=241126, downTime=241122, deviceId=0, source=0x1002 }
D/InputEventConsistencyVerifier(  423):   3: sent at 240401000000, MotionEvent { action=ACTION_DOWN, id[0]=0, x[0]=421.0, y[0]=290.0, toolType[0]=TOOL_TYPE_UNKNOWN, buttonState=0, metaState=0, flags=0x0, edgeFlags=0x0, pointerCount=1, historySize=0, eventTime=240401, downTime=240400, deviceId=0, source=0x1002 }
D/InputEventConsistencyVerifier(  423):   4: sent at 240314000000, MotionEvent { action=ACTION_UP, id[0]=0, x[0]=259.0, y[0]=24.0, toolType[0]=TOOL_TYPE_UNKNOWN, buttonState=0, metaState=0, flags=0x0, edgeFlags=0x0, pointerCount=1, historySize=0, eventTime=240314, downTime=240286, deviceId=0, source=0x1002 }
D/InputEventConsistencyVerifier(  423):   5: sent at 240286000000, MotionEvent { action=ACTION_DOWN, id[0]=0, x[0]=266.0, y[0]=26.0, toolType[0]=TOOL_TYPE_UNKNOWN, buttonState=0, metaState=0, flags=0x80000000, edgeFlags=0x0, pointerCount=1, historySize=0, eventTime=240286, downTime=240286, deviceId=0, source=0x1002 }
I/Choreographer( 1020): Skipped 31 frames!  The application may be doing too much work on its main thread.
W/dalvikvm(  423): DroidBox: { "FdAccess": { "path": "2f70726f632f6d656d696e666f", "id": "1461758796" } }
W/DroidBox(  423): DroidBox: { "FileRW": { "operation": "read", "data": "4d656d546f74616c3a202020202020202020373438393634206b420a4d656d467265653a20202020202020202020343237393830206b420a427566666572733a20202020202020202020202035353238206b420a4361636865643a202020202020202020", "id": "1461758796" } }
I/Choreographer(  423): Skipped 89 frames!  The application may be doing too much work on its main thread.
D/InputEventConsistencyVerifier(  423): KeyEvent: ACTION_UP but key was not down.
D/InputEventConsistencyVerifier(  423):   in com.android.systemui.statusbar.phone.StatusBarWindowView@b3dc7248
D/InputEventConsistencyVerifier(  423):   0: sent at 243568000000, KeyEvent { action=ACTION_UP, keyCode=KEYCODE_DPAD_LEFT, scanCode=0, metaState=0, flags=0x8, repeatCount=0, eventTime=243568, downTime=243568, deviceId=-1, source=0x101 }
D/InputEventConsistencyVerifier(  423):   -- recent events --
D/InputEventConsistencyVerifier(  423):   1: sent at 243393000000, MotionEvent { action=ACTION_UP, id[0]=0, x[0]=448.0, y[0]=620.0, toolType[0]=TOOL_TYPE_UNKNOWN, buttonState=0, metaState=0, flags=0x0, edgeFlags=0x0, pointerCount=1, historySize=0, eventTime=243393, downTime=243365, deviceId=0, source=0x1002 }
D/InputEventConsistencyVerifier(  423):   2: sent at 243366000000, MotionEvent { action=ACTION_DOWN, id[0]=0, x[0]=437.0, y[0]=615.0, toolType[0]=TOOL_TYPE_UNKNOWN, buttonState=0, metaState=0, flags=0x0, edgeFlags=0x0, pointerCount=1, historySize=0, eventTime=243366, downTime=243365, deviceId=0, source=0x1002 }
D/InputEventConsistencyVerifier(  423):   3: sent at 243335000000, (unhandled) KeyEvent { action=ACTION_UP, keyCode=KEYCODE_DPAD_CENTER, scanCode=0, metaState=0, flags=0x8, repeatCount=0, eventTime=243335, downTime=243335, deviceId=-1, source=0x101 }
D/InputEventConsistencyVerifier(  423):   4: sent at 243289000000, (unhandled) KeyEvent { action=ACTION_DOWN, keyCode=KEYCODE_DPAD_CENTER, scanCode=0, metaState=0, flags=0x8, repeatCount=0, eventTime=243289, downTime=243289, deviceId=-1, source=0x101 }
D/InputEventConsistencyVerifier(  423):   5: sent at 243111000000, MotionEvent { action=ACTION_UP, id[0]=0, x[0]=81.0, y[0]=10.0, toolType[0]=TOOL_TYPE_UNKNOWN, buttonState=0, metaState=0, flags=0x0, edgeFlags=0x0, pointerCount=1, historySize=0, eventTime=243111, downTime=243104, deviceId=0, source=0x1002 }
D/InputEventConsistencyVerifier(  423): TouchEvent: ACTION_DOWN but pointers are already down.  Probably missing ACTION_UP from previous gesture.
D/InputEventConsistencyVerifier(  423):   in android.view.ScaleGestureDetector@b3e679a8
D/InputEventConsistencyVerifier(  423):   0: sent at 243589000000, MotionEvent { action=ACTION_DOWN, id[0]=0, x[0]=32.0, y[0]=5.0, toolType[0]=TOOL_TYPE_UNKNOWN, buttonState=0, metaState=0, flags=0x0, edgeFlags=0x0, pointerCount=1, historySize=0, eventTime=243589, downTime=243583, deviceId=0, source=0x1002 }
D/InputEventConsistencyVerifier(  423):   -- recent events --
D/InputEventConsistencyVerifier(  423):   1: sent at 243366000000, MotionEvent { action=ACTION_DOWN, id[0]=0, x[0]=437.0, y[0]=615.0, toolType[0]=TOOL_TYPE_UNKNOWN, buttonState=0, metaState=0, flags=0x0, edgeFlags=0x0, pointerCount=1, historySize=0, eventTime=243366, downTime=243365, deviceId=0, source=0x1002 }
D/InputEventConsistencyVerifier(  423):   2: sent at 243111000000, MotionEvent { action=ACTION_UP, id[0]=0, x[0]=81.0, y[0]=10.0, toolType[0]=TOOL_TYPE_UNKNOWN, buttonState=0, metaState=0, flags=0x0, edgeFlags=0x0, pointerCount=1, historySize=0, eventTime=243111, downTime=243104, deviceId=0, source=0x1002 }
D/InputEventConsistencyVerifier(  423):   3: sent at 243104000000, MotionEvent { action=ACTION_DOWN, id[0]=0, x[0]=72.0, y[0]=27.0, toolType[0]=TOOL_TYPE_UNKNOWN, buttonState=0, metaState=0, flags=0x80000000, edgeFlags=0x0, pointerCount=1, historySize=0, eventTime=243104, downTime=243104, deviceId=0, source=0x1002 }
D/InputEventConsistencyVerifier(  423):   4: sent at 241146000000, MotionEvent { action=ACTION_DOWN, id[0]=0, x[0]=33.0, y[0]=368.0, toolType[0]=TOOL_TYPE_UNKNOWN, buttonState=0, metaState=0, flags=0x80000000, edgeFlags=0x0, pointerCount=1, historySize=0, eventTime=241146, downTime=241143, deviceId=0, source=0x1002 }
D/InputEventConsistencyVerifier(  423):   5: sent at 241126000000, MotionEvent { action=ACTION_DOWN, id[0]=0, x[0]=222.0, y[0]=616.0, toolType[0]=TOOL_TYPE_UNKNOWN, buttonState=0, metaState=0, flags=0x80000000, edgeFlags=0x0, pointerCount=1, historySize=0, eventTime=241126, downTime=241122, deviceId=0, source=0x1002 }
W/dalvikvm(  423): DroidBox: { "FdAccess": { "path": "2f70726f632f6d656d696e666f", "id": "845519274" } }
W/DroidBox(  423): DroidBox: { "FileRW": { "operation": "read", "data": "4d656d546f74616c3a202020202020202020373438393634206b420a4d656d467265653a20202020202020202020343237393830206b420a427566666572733a20202020202020202020202035353238206b420a4361636865643a202020202020202020", "id": "845519274" } }
W/dalvikvm(  423): DroidBox: { "FdAccess": { "path": "2f70726f632f6d656d696e666f", "id": "1370529548" } }
W/DroidBox(  423): DroidBox: { "FileRW": { "operation": "read", "data": "4d656d546f74616c3a202020202020202020373438393634206b420a4d656d467265653a20202020202020202020343237393830206b420a427566666572733a20202020202020202020202035353238206b420a4361636865643a202020202020202020", "id": "1370529548" } }
I/Choreographer( 1020): Skipped 39 frames!  The application may be doing too much work on its main thread.
D/InputEventConsistencyVerifier(  423): TouchEvent: ACTION_DOWN but pointers are already down.  Probably missing ACTION_UP from previous gesture.
D/InputEventConsistencyVerifier(  423):   in android.view.ScaleGestureDetector@b3e679a8
D/InputEventConsistencyVerifier(  423):   0: sent at 243918000000, MotionEvent { action=ACTION_DOWN, id[0]=0, x[0]=237.0, y[0]=293.0, toolType[0]=TOOL_TYPE_UNKNOWN, buttonState=0, metaState=0, flags=0x0, edgeFlags=0x0, pointerCount=1, historySize=0, eventTime=243918, downTime=243917, deviceId=0, source=0x1002 }
D/InputEventConsistencyVerifier(  423):   -- recent events --
D/InputEventConsistencyVerifier(  423):   1: sent at 243839000000, MotionEvent { action=ACTION_DOWN, id[0]=0, x[0]=230.0, y[0]=235.0, toolType[0]=TOOL_TYPE_UNKNOWN, buttonState=0, metaState=0, flags=0x0, edgeFlags=0x0, pointerCount=1, historySize=0, eventTime=243839, downTime=243835, deviceId=0, source=0x1002 }
D/InputEventConsistencyVerifier(  423):   2: sent at 243680000000, MotionEvent { action=ACTION_UP, id[0]=0, x[0]=157.0, y[0]=0.0, toolType[0]=TOOL_TYPE_UNKNOWN, buttonState=0, metaState=0, flags=0x0, edgeFlags=0x0, pointerCount=1, historySize=0, eventTime=243680, downTime=243583, deviceId=0, source=0x1002 }
D/InputEventConsistencyVerifier(  423):   3: sent at 243675000000, MotionEvent { action=ACTION_POINTER_UP(1), id[0]=0, x[0]=147.0, y[0]=0.0, toolType[0]=TOOL_TYPE_UNKNOWN, id[1]=1, x[1]=137.0, y[1]=0.0, toolType[1]=TOOL_TYPE_UNKNOWN, buttonState=0, metaState=0, flags=0x0, edgeFlags=0x0, pointerCount=2, historySize=0, eventTime=243675, downTime=243583, deviceId=0, source=0x1002 }
D/InputEventConsistencyVerifier(  423):   4: sent at 243649000000, MotionEvent { action=ACTION_MOVE, id[0]=0, x[0]=146.0, y[0]=0.0, toolType[0]=TOOL_TYPE_UNKNOWN, id[1]=1, x[1]=134.0, y[1]=0.0, toolType[1]=TOOL_TYPE_UNKNOWN, buttonState=0, metaState=0, flags=0x0, edgeFlags=0x0, pointerCount=2, historySize=6, eventTime=243649, downTime=243583, deviceId=0, source=0x1002 }
D/InputEventConsistencyVerifier(  423):   5: sent at 243608000000, MotionEvent { action=ACTION_POINTER_DOWN(1), id[0]=0, x[0]=52.0, y[0]=4.0, toolType[0]=TOOL_TYPE_UNKNOWN, id[1]=1, x[1]=92.0, y[1]=2.0, toolType[1]=TOOL_TYPE_UNKNOWN, buttonState=0, metaState=0, flags=0x0, edgeFlags=0x0, pointerCount=2, historySize=0, eventTime=243608, downTime=243583, deviceId=0, source=0x1002 }
V/PhoneStatusBar(  423): setLightsOn(true)
I/Choreographer(  423): Skipped 84 frames!  The application may be doing too much work on its main thread.
W/dalvikvm(  423): DroidBox: { "FdAccess": { "path": "2f70726f632f6d656d696e666f", "id": "1628869772" } }
D/PhoneStatusBar(  423): disable: < expand icons alerts TICKER* system_info back home recent clock >
W/DroidBox(  423): DroidBox: { "FileRW": { "operation": "read", "data": "4d656d546f74616c3a202020202020202020373438393634206b420a4d656d467265653a20202020202020202020343236373430206b420a427566666572733a20202020202020202020202035353238206b420a4361636865643a202020202020202020", "id": "1628869772" } }
D/InputEventConsistencyVerifier(  423): KeyEvent: ACTION_UP but key was not down.
D/InputEventConsistencyVerifier(  423):   in android.view.ViewRootImpl@b3e58cc8
D/InputEventConsistencyVerifier(  423):   0: sent at 244291000000, KeyEvent { action=ACTION_UP, keyCode=KEYCODE_LANGUAGE_SWITCH, scanCode=0, metaState=0, flags=0x8, repeatCount=0, eventTime=244291, downTime=244291, deviceId=-1, source=0x101 }
D/InputEventConsistencyVerifier(  423):   -- recent events --
D/InputEventConsistencyVerifier(  423):   1: sent at 244214000000, KeyEvent { action=ACTION_UP, keyCode=KEYCODE_DVR, scanCode=0, metaState=0, flags=0x8, repeatCount=0, eventTime=244214, downTime=244214, deviceId=-1, source=0x101 }
D/InputEventConsistencyVerifier(  423):   2: sent at 244159000000, KeyEvent { action=ACTION_DOWN, keyCode=KEYCODE_DVR, scanCode=0, metaState=0, flags=0x8, repeatCount=0, eventTime=244159, downTime=244159, deviceId=-1, source=0x101 }
D/InputEventConsistencyVerifier(  423):   3: sent at 244153000000, KeyEvent { action=ACTION_UP, keyCode=KEYCODE_L, scanCode=0, metaState=0, flags=0x8, repeatCount=0, eventTime=244153, downTime=244153, deviceId=-1, source=0x101 }
D/InputEventConsistencyVerifier(  423):   4: sent at 243961000000, KeyEvent { action=ACTION_DOWN, keyCode=KEYCODE_L, scanCode=0, metaState=0, flags=0x8, repeatCount=0, eventTime=243961, downTime=243961, deviceId=-1, source=0x101 }
D/InputEventConsistencyVerifier(  423):   5: sent at 243955000000, MotionEvent { action=ACTION_UP, id[0]=0, x[0]=256.0, y[0]=305.0, toolType[0]=TOOL_TYPE_UNKNOWN, buttonState=0, metaState=0, flags=0x0, edgeFlags=0x0, pointerCount=1, historySize=0, eventTime=243955, downTime=243917, deviceId=0, source=0x1002 }
I/Choreographer(  423): Skipped 46 frames!  The application may be doing too much work on its main thread.
W/dalvikvm(  423): DroidBox: { "FdAccess": { "path": "2f70726f632f6d656d696e666f", "id": "706674628" } }
W/DroidBox(  423): DroidBox: { "FileRW": { "operation": "read", "data": "4d656d546f74616c3a202020202020202020373438393634206b420a4d656d467265653a20202020202020202020343235333736206b420a427566666572733a20202020202020202020202035353238206b420a4361636865643a202020202020202020", "id": "706674628" } }
I/Choreographer(  423): Skipped 57 frames!  The application may be doing too much work on its main thread.
W/dalvikvm(  423): DroidBox: { "FdAccess": { "path": "2f70726f632f6d656d696e666f", "id": "1777320851" } }
W/DroidBox(  423): DroidBox: { "FileRW": { "operation": "read", "data": "4d656d546f74616c3a202020202020202020373438393634206b420a4d656d467265653a20202020202020202020343235333736206b420a427566666572733a20202020202020202020202035353238206b420a4361636865643a202020202020202020", "id": "1777320851" } }
I/Choreographer( 1020): Skipped 34 frames!  The application may be doing too much work on its main thread.
I/Choreographer(  423): Skipped 76 frames!  The application may be doing too much work on its main thread.
D/InputEventConsistencyVerifier(  423): KeyEvent: ACTION_UP but key was not down.
D/InputEventConsistencyVerifier(  423):   in android.widget.FrameLayout@b3dc5fd0
D/InputEventConsistencyVerifier(  423):   0: sent at 244969000000, KeyEvent { action=ACTION_UP, keyCode=KEYCODE_DPAD_DOWN, scanCode=0, metaState=0, flags=0x400, repeatCount=0, eventTime=244969, downTime=244969, deviceId=-1, source=0x101 }
D/InputEventConsistencyVerifier(  423):   -- recent events --
D/InputEventConsistencyVerifier(  423):   1: sent at 240133000000, (unhandled) KeyEvent { action=ACTION_UP, keyCode=KEYCODE_DPAD_DOWN, scanCode=0, metaState=0, flags=0x8, repeatCount=0, eventTime=240133, downTime=240133, deviceId=-1, source=0x101 }
D/InputEventConsistencyVerifier(  423):   2: sent at 240114000000, (unhandled) KeyEvent { action=ACTION_DOWN, keyCode=KEYCODE_DPAD_DOWN, scanCode=0, metaState=0, flags=0x8, repeatCount=0, eventTime=240114, downTime=240114, deviceId=-1, source=0x101 }
D/InputEventConsistencyVerifier(  423):   3: sent at 240047000000, (unhandled) KeyEvent { action=ACTION_UP, keyCode=KEYCODE_DPAD_DOWN, scanCode=0, metaState=0, flags=0x80000008, repeatCount=0, eventTime=240047, downTime=240047, deviceId=-1, source=0x101 }
D/InputEventConsistencyVerifier(  423):   4: sent at 238490000000, (unhandled) KeyEvent { action=ACTION_UP, keyCode=KEYCODE_DPAD_RIGHT, scanCode=0, metaState=0, flags=0x8, repeatCount=0, eventTime=238490, downTime=238490, deviceId=-1, source=0x101 }
D/InputEventConsistencyVerifier(  423):   5: sent at 238298000000, (unhandled) KeyEvent { action=ACTION_DOWN, keyCode=KEYCODE_DPAD_RIGHT, scanCode=0, metaState=0, flags=0x8, repeatCount=0, eventTime=238298, downTime=238298, deviceId=-1, source=0x101 }
W/dalvikvm(  423): DroidBox: { "FdAccess": { "path": "2f70726f632f6d656d696e666f", "id": "1825289964" } }
W/DroidBox(  423): DroidBox: { "FileRW": { "operation": "read", "data": "4d656d546f74616c3a202020202020202020373438393634206b420a4d656d467265653a20202020202020202020343235333834206b420a427566666572733a20202020202020202020202035353238206b420a4361636865643a202020202020202020", "id": "1825289964" } }
D/InputEventConsistencyVerifier(  423): TouchEvent: ACTION_DOWN but pointers are already down.  Probably missing ACTION_UP from previous gesture.
D/InputEventConsistencyVerifier(  423):   in android.view.ScaleGestureDetector@b3e679a8
D/InputEventConsistencyVerifier(  423):   0: sent at 245275000000, MotionEvent { action=ACTION_DOWN, id[0]=0, x[0]=260.0, y[0]=377.0, toolType[0]=TOOL_TYPE_UNKNOWN, buttonState=0, metaState=0, flags=0x0, edgeFlags=0x0, pointerCount=1, historySize=0, eventTime=245275, downTime=245275, deviceId=0, source=0x1002 }
D/InputEventConsistencyVerifier(  423):   -- recent events --
D/InputEventConsistencyVerifier(  423):   1: sent at 243918000000, MotionEvent { action=ACTION_DOWN, id[0]=0, x[0]=237.0, y[0]=293.0, toolType[0]=TOOL_TYPE_UNKNOWN, buttonState=0, metaState=0, flags=0x80000000, edgeFlags=0x0, pointerCount=1, historySize=0, eventTime=243918, downTime=243917, deviceId=0, source=0x1002 }
D/InputEventConsistencyVerifier(  423):   2: sent at 243839000000, MotionEvent { action=ACTION_DOWN, id[0]=0, x[0]=230.0, y[0]=235.0, toolType[0]=TOOL_TYPE_UNKNOWN, buttonState=0, metaState=0, flags=0x0, edgeFlags=0x0, pointerCount=1, historySize=0, eventTime=243839, downTime=243835, deviceId=0, source=0x1002 }
D/InputEventConsistencyVerifier(  423):   3: sent at 243680000000, MotionEvent { action=ACTION_UP, id[0]=0, x[0]=157.0, y[0]=0.0, toolType[0]=TOOL_TYPE_UNKNOWN, buttonState=0, metaState=0, flags=0x0, edgeFlags=0x0, pointerCount=1, historySize=0, eventTime=243680, downTime=243583, deviceId=0, source=0x1002 }
D/InputEventConsistencyVerifier(  423):   4: sent at 243675000000, MotionEvent { action=ACTION_POINTER_UP(1), id[0]=0, x[0]=147.0, y[0]=0.0, toolType[0]=TOOL_TYPE_UNKNOWN, id[1]=1, x[1]=137.0, y[1]=0.0, toolType[1]=TOOL_TYPE_UNKNOWN, buttonState=0, metaState=0, flags=0x0, edgeFlags=0x0, pointerCount=2, historySize=0, eventTime=243675, downTime=243583, deviceId=0, source=0x1002 }
D/InputEventConsistencyVerifier(  423):   5: sent at 243649000000, MotionEvent { action=ACTION_MOVE, id[0]=0, x[0]=146.0, y[0]=0.0, toolType[0]=TOOL_TYPE_UNKNOWN, id[1]=1, x[1]=134.0, y[1]=0.0, toolType[1]=TOOL_TYPE_UNKNOWN, buttonState=0, metaState=0, flags=0x0, edgeFlags=0x0, pointerCount=2, historySize=6, eventTime=243649, downTime=243583, deviceId=0, source=0x1002 }
I/Choreographer(  423): Skipped 112 frames!  The application may be doing too much work on its main thread.
D/InputEventConsistencyVerifier(  423): KeyEvent: ACTION_UP but key was not down.
D/InputEventConsistencyVerifier(  423):   in com.android.systemui.statusbar.phone.StatusBarWindowView@b3dc7248
D/InputEventConsistencyVerifier(  423):   0: sent at 245485000000, KeyEvent { action=ACTION_UP, keyCode=KEYCODE_DPAD_DOWN, scanCode=0, metaState=0, flags=0x400, repeatCount=0, eventTime=245485, downTime=245485, deviceId=-1, source=0x101 }
D/InputEventConsistencyVerifier(  423):   -- recent events --
D/InputEventConsistencyVerifier(  423):   1: sent at 245271000000, (unhandled) MotionEvent { action=ACTION_MOVE, id[0]=0, x[0]=-1.0, y[0]=4.0, toolType[0]=TOOL_TYPE_UNKNOWN, buttonState=0, metaState=0, flags=0x0, edgeFlags=0x0, pointerCount=1, historySize=9, eventTime=245271, downTime=-1, deviceId=0, source=0x10004 }
D/InputEventConsistencyVerifier(  423):   2: sent at 245386000000, MotionEvent { action=ACTION_UP, id[0]=0, x[0]=328.0, y[0]=185.0, toolType[0]=TOOL_TYPE_UNKNOWN, buttonState=0, metaState=0, flags=0x0, edgeFlags=0x0, pointerCount=1, historySize=0, eventTime=245386, downTime=245358, deviceId=0, source=0x1002 }
D/InputEventConsistencyVerifier(  423):   3: sent at 245358000000, MotionEvent { action=ACTION_DOWN, id[0]=0, x[0]=344.0, y[0]=208.0, toolType[0]=TOOL_TYPE_UNKNOWN, buttonState=0, metaState=0, flags=0x0, edgeFlags=0x0, pointerCount=1, historySize=0, eventTime=245358, downTime=245358, deviceId=0, source=0x1002 }
D/InputEventConsistencyVerifier(  423):   4: sent at 245339000000, MotionEvent { action=ACTION_UP, id[0]=0, x[0]=257.0, y[0]=377.0, toolType[0]=TOOL_TYPE_UNKNOWN, buttonState=0, metaState=0, flags=0x0, edgeFlags=0x0, pointerCount=1, historySize=0, eventTime=245339, downTime=245275, deviceId=0, source=0x1002 }
D/InputEventConsistencyVerifier(  423):   5: sent at 245275000000, MotionEvent { action=ACTION_DOWN, id[0]=0, x[0]=260.0, y[0]=377.0, toolType[0]=TOOL_TYPE_UNKNOWN, buttonState=0, metaState=0, flags=0x0, edgeFlags=0x0, pointerCount=1, historySize=0, eventTime=245275, downTime=245275, deviceId=0, source=0x1002 }
D/InputEventConsistencyVerifier(  423): KeyEvent: ACTION_UP but key was not down.
D/InputEventConsistencyVerifier(  423):   in android.widget.FrameLayout@b3dc5fd0
D/InputEventConsistencyVerifier(  423):   0: sent at 245485000000, KeyEvent { action=ACTION_UP, keyCode=KEYCODE_DPAD_DOWN, scanCode=0, metaState=0, flags=0x400, repeatCount=0, eventTime=245485, downTime=245485, deviceId=-1, source=0x101 }
D/InputEventConsistencyVerifier(  423):   -- recent events --
D/InputEventConsistencyVerifier(  423):   1: sent at 245386000000, MotionEvent { action=ACTION_UP, id[0]=0, x[0]=328.0, y[0]=185.0, toolType[0]=TOOL_TYPE_UNKNOWN, buttonState=0, metaState=0, flags=0x0, edgeFlags=0x0, pointerCount=1, historySize=0, eventTime=245386, downTime=245358, deviceId=0, source=0x1002 }
D/InputEventConsistencyVerifier(  423):   2: sent at 245358000000, MotionEvent { action=ACTION_DOWN, id[0]=0, x[0]=344.0, y[0]=208.0, toolType[0]=TOOL_TYPE_UNKNOWN, buttonState=0, metaState=0, flags=0x0, edgeFlags=0x0, pointerCount=1, historySize=0, eventTime=245358, downTime=245358, deviceId=0, source=0x1002 }
D/InputEventConsistencyVerifier(  423):   3: sent at 245339000000, MotionEvent { action=ACTION_UP, id[0]=0, x[0]=257.0, y[0]=377.0, toolType[0]=TOOL_TYPE_UNKNOWN, buttonState=0, metaState=0, flags=0x0, edgeFlags=0x0, pointerCount=1, historySize=0, eventTime=245339, downTime=245275, deviceId=0, source=0x1002 }
D/InputEventConsistencyVerifier(  423):   4: sent at 245275000000, MotionEvent { action=ACTION_DOWN, id[0]=0, x[0]=260.0, y[0]=377.0, toolType[0]=TOOL_TYPE_UNKNOWN, buttonState=0, metaState=0, flags=0x80000000, edgeFlags=0x0, pointerCount=1, historySize=0, eventTime=245275, downTime=245275, deviceId=0, source=0x1002 }
D/InputEventConsistencyVerifier(  423):   5: sent at 245045000000, (unhandled) KeyEvent { action=ACTION_UP, keyCode=KEYCODE_DPAD_LEFT, scanCode=0, metaState=0, flags=0x8, repeatCount=0, eventTime=245045, downTime=245045, deviceId=-1, source=0x101 }
D/InputEventConsistencyVerifier(  423): KeyEvent: ACTION_UP but key was not down.
D/InputEventConsistencyVerifier(  423):   in com.android.systemui.statusbar.phone.PhoneStatusBarView@b3dc91e0
D/InputEventConsistencyVerifier(  423):   0: sent at 245489000000, KeyEvent { action=ACTION_UP, keyCode=KEYCODE_DPAD_UP, scanCode=0, metaState=0, flags=0x8, repeatCount=0, eventTime=245489, downTime=245489, deviceId=-1, source=0x101 }
D/InputEventConsistencyVerifier(  423):   -- recent events --
D/InputEventConsistencyVerifier(  423):   1: sent at 245485000000, (unhandled) KeyEvent { action=ACTION_DOWN, keyCode=KEYCODE_DPAD_DOWN, scanCode=0, metaState=0, flags=0x400, repeatCount=0, eventTime=245485, downTime=245485, deviceId=-1, source=0x101 }
D/InputEventConsistencyVerifier(  423):   2: sent at 245485000000, (unhandled) KeyEvent { action=ACTION_UP, keyCode=KEYCODE_DPAD_DOWN, scanCode=0, metaState=0, flags=0x80000400, repeatCount=0, eventTime=245485, downTime=245485, deviceId=-1, source=0x101 }
D/InputEventConsistencyVerifier(  423):   3: sent at 244969000000, (unhandled) KeyEvent { action=ACTION_DOWN, keyCode=KEYCODE_DPAD_DOWN, scanCode=0, metaState=0, flags=0x400, repeatCount=0, eventTime=244969, downTime=244969, deviceId=-1, source=0x101 }
D/InputEventConsistencyVerifier(  423):   4: sent at 244828000000, (unhandled) MotionEvent { action=ACTION_MOVE, id[0]=0, x[0]=0.0, y[0]=4.0, toolType[0]=TOOL_TYPE_UNKNOWN, buttonState=0, metaState=0, flags=0x0, edgeFlags=0x0, pointerCount=1, historySize=9, eventTime=244828, downTime=-1, deviceId=0, source=0x10004 }
D/InputEventConsistencyVerifier(  423):   5: sent at 244667000000, (unhandled) KeyEvent { action=ACTION_UP, keyCode=KEYCODE_MENU, scanCode=0, metaState=0, flags=0x8, repeatCount=0, eventTime=244667, downTime=244667, deviceId=-1, source=0x101 }
I/Choreographer( 1020): Skipped 30 frames!  The application may be doing too much work on its main thread.
I/Choreographer(  423): Skipped 31 frames!  The application may be doing too much work on its main thread.
D/InputEventConsistencyVerifier(  423): KeyEvent: ACTION_UP but key was not down.
D/InputEventConsistencyVerifier(  423):   in com.android.systemui.statusbar.phone.StatusBarWindowView@b3dc7248
D/InputEventConsistencyVerifier(  423):   0: sent at 246044000000, KeyEvent { action=ACTION_UP, keyCode=KEYCODE_PAGE_DOWN, scanCode=0, metaState=0, flags=0x8, repeatCount=0, eventTime=246044, downTime=246044, deviceId=-1, source=0x101 }
D/InputEventConsistencyVerifier(  423):   -- recent events --
D/InputEventConsistencyVerifier(  423):   1: sent at 245845000000, (unhandled) KeyEvent { action=ACTION_UP, keyCode=KEYCODE_VOLUME_UP, scanCode=0, metaState=0, flags=0x8, repeatCount=0, eventTime=245845, downTime=245845, deviceId=-1, source=0x101 }
D/InputEventConsistencyVerifier(  423):   2: sent at 245661000000, (unhandled) KeyEvent { action=ACTION_DOWN, keyCode=KEYCODE_VOLUME_UP, scanCode=0, metaState=0, flags=0x8, repeatCount=0, eventTime=245661, downTime=245661, deviceId=-1, source=0x101 }
D/InputEventConsistencyVerifier(  423):   3: sent at 245655000000, MotionEvent { action=ACTION_UP, id[0]=0, x[0]=471.0, y[0]=706.0, toolType[0]=TOOL_TYPE_UNKNOWN, buttonState=0, metaState=0, flags=0x0, edgeFlags=0x0, pointerCount=1, historySize=0, eventTime=245655, downTime=245627, deviceId=0, source=0x1002 }
D/InputEventConsistencyVerifier(  423):   4: sent at 245627000000, MotionEvent { action=ACTION_DOWN, id[0]=0, x[0]=459.0, y[0]=714.0, toolType[0]=TOOL_TYPE_UNKNOWN, buttonState=0, metaState=0, flags=0x0, edgeFlags=0x0, pointerCount=1, historySize=0, eventTime=245627, downTime=245627, deviceId=0, source=0x1002 }
D/InputEventConsistencyVerifier(  423):   5: sent at 245616000000, (unhandled) KeyEvent { action=ACTION_UP, keyCode=KEYCODE_DPAD_RIGHT, scanCode=0, metaState=0, flags=0x8, repeatCount=0, eventTime=245616, downTime=245616, deviceId=-1, source=0x101 }
E/WVMExtractor(   63): Failed to open libwvm.so
I/Choreographer( 1020): Skipped 41 frames!  The application may be doing too much work on its main thread.
D/InputEventConsistencyVerifier(  423): KeyEvent: ACTION_UP but key was not down.
D/InputEventConsistencyVerifier(  423):   in com.android.systemui.statusbar.phone.StatusBarWindowView@b3dc7248
D/InputEventConsistencyVerifier(  423):   0: sent at 246493000000, KeyEvent { action=ACTION_UP, keyCode=KEYCODE_DPAD_LEFT, scanCode=0, metaState=0, flags=0x400, repeatCount=0, eventTime=246493, downTime=246493, deviceId=-1, source=0x101 }
D/InputEventConsistencyVerifier(  423):   -- recent events --
D/InputEventConsistencyVerifier(  423):   1: sent at 246408000000, (unhandled) MotionEvent { action=ACTION_MOVE, id[0]=0, x[0]=-2.0, y[0]=0.0, toolType[0]=TOOL_TYPE_UNKNOWN, buttonState=0, metaState=0, flags=0x0, edgeFlags=0x0, pointerCount=1, historySize=9, eventTime=246408, downTime=-1, deviceId=0, source=0x10004 }
D/InputEventConsistencyVerifier(  423):   2: sent at 246245000000, MotionEvent { action=ACTION_UP, id[0]=0, x[0]=157.0, y[0]=493.0, toolType[0]=TOOL_TYPE_UNKNOWN, buttonState=0, metaState=0, flags=0x0, edgeFlags=0x0, pointerCount=1, historySize=0, eventTime=246245, downTime=246161, deviceId=0, source=0x1002 }
D/InputEventConsistencyVerifier(  423):   3: sent at 246242000000, MotionEvent { action=ACTION_MOVE, id[0]=0, x[0]=165.0, y[0]=486.0, toolType[0]=TOOL_TYPE_UNKNOWN, buttonState=0, metaState=0, flags=0x0, edgeFlags=0x0, pointerCount=1, historySize=5, eventTime=246242, downTime=246161, deviceId=0, source=0x1002 }
D/InputEventConsistencyVerifier(  423):   4: sent at 246165000000, MotionEvent { action=ACTION_DOWN, id[0]=0, x[0]=219.0, y[0]=450.0, toolType[0]=TOOL_TYPE_UNKNOWN, buttonState=0, metaState=0, flags=0x0, edgeFlags=0x0, pointerCount=1, historySize=0, eventTime=246165, downTime=246161, deviceId=0, source=0x1002 }
D/InputEventConsistencyVerifier(  423):   5: sent at 246044000000, (unhandled) KeyEvent { action=ACTION_UP, keyCode=KEYCODE_PAGE_DOWN, scanCode=0, metaState=0, flags=0x80000008, repeatCount=0, eventTime=246044, downTime=246044, deviceId=-1, source=0x101 }
D/InputEventConsistencyVerifier(  423): TrackballEvent: Trackball is down but pressure is not greater than 0.
D/InputEventConsistencyVerifier(  423):   in android.view.ViewRootImpl@b3e58cc8
D/InputEventConsistencyVerifier(  423):   0: sent at 246421000000, MotionEvent { action=ACTION_DOWN, id[0]=0, x[0]=0.0, y[0]=0.0, toolType[0]=TOOL_TYPE_UNKNOWN, buttonState=0, metaState=0, flags=0x0, edgeFlags=0x0, pointerCount=1, historySize=0, eventTime=246421, downTime=246321, deviceId=0, source=0x10004 }
D/InputEventConsistencyVerifier(  423):   -- recent events --
D/InputEventConsistencyVerifier(  423):   1: sent at 246493000000, KeyEvent { action=ACTION_UP, keyCode=KEYCODE_DPAD_LEFT, scanCode=0, metaState=0, flags=0x400, repeatCount=0, eventTime=246493, downTime=246493, deviceId=-1, source=0x101 }
D/InputEventConsistencyVerifier(  423):   2: sent at 246493000000, KeyEvent { action=ACTION_DOWN, keyCode=KEYCODE_DPAD_LEFT, scanCode=0, metaState=0, flags=0x400, repeatCount=0, eventTime=246493, downTime=246493, deviceId=-1, source=0x101 }
D/InputEventConsistencyVerifier(  423):   3: sent at 246493000000, KeyEvent { action=ACTION_UP, keyCode=KEYCODE_DPAD_LEFT, scanCode=0, metaState=0, flags=0x400, repeatCount=0, eventTime=246493, downTime=246493, deviceId=-1, source=0x101 }
D/InputEventConsistencyVerifier(  423):   4: sent at 246493000000, KeyEvent { action=ACTION_DOWN, keyCode=KEYCODE_DPAD_LEFT, scanCode=0, metaState=0, flags=0x400, repeatCount=0, eventTime=246493, downTime=246493, deviceId=-1, source=0x101 }
D/InputEventConsistencyVerifier(  423):   5: sent at 246408000000, MotionEvent { action=ACTION_MOVE, id[0]=0, x[0]=-2.0, y[0]=0.0, toolType[0]=TOOL_TYPE_UNKNOWN, buttonState=0, metaState=0, flags=0x0, edgeFlags=0x0, pointerCount=1, historySize=9, eventTime=246408, downTime=-1, deviceId=0, source=0x10004 }
I/Choreographer(  227): Skipped 47 frames!  The application may be doing too much work on its main thread.
D/InputEventConsistencyVerifier(  423): TouchEvent: ACTION_DOWN but pointers are already down.  Probably missing ACTION_UP from previous gesture.
D/InputEventConsistencyVerifier(  423):   in android.view.ScaleGestureDetector@b3e679a8
D/InputEventConsistencyVerifier(  423):   0: sent at 246558000000, MotionEvent { action=ACTION_DOWN, id[0]=0, x[0]=206.0, y[0]=659.0, toolType[0]=TOOL_TYPE_UNKNOWN, buttonState=0, metaState=0, flags=0x0, edgeFlags=0x0, pointerCount=1, historySize=0, eventTime=246558, downTime=246558, deviceId=0, source=0x1002 }
D/InputEventConsistencyVerifier(  423):   -- recent events --
D/InputEventConsistencyVerifier(  423):   1: sent at 246242000000, MotionEvent { action=ACTION_MOVE, id[0]=0, x[0]=165.0, y[0]=486.0, toolType[0]=TOOL_TYPE_UNKNOWN, buttonState=0, metaState=0, flags=0x0, edgeFlags=0x0, pointerCount=1, historySize=5, eventTime=246242, downTime=246161, deviceId=0, source=0x1002 }
D/InputEventConsistencyVerifier(  423):   2: sent at 246165000000, MotionEvent { action=ACTION_DOWN, id[0]=0, x[0]=219.0, y[0]=450.0, toolType[0]=TOOL_TYPE_UNKNOWN, buttonState=0, metaState=0, flags=0x0, edgeFlags=0x0, pointerCount=1, historySize=0, eventTime=246165, downTime=246161, deviceId=0, source=0x1002 }
D/InputEventConsistencyVerifier(  423):   3: sent at 245655000000, MotionEvent { action=ACTION_UP, id[0]=0, x[0]=471.0, y[0]=706.0, toolType[0]=TOOL_TYPE_UNKNOWN, buttonState=0, metaState=0, flags=0x0, edgeFlags=0x0, pointerCount=1, historySize=0, eventTime=245655, downTime=245627, deviceId=0, source=0x1002 }
D/InputEventConsistencyVerifier(  423):   4: sent at 245627000000, MotionEvent { action=ACTION_DOWN, id[0]=0, x[0]=459.0, y[0]=714.0, toolType[0]=TOOL_TYPE_UNKNOWN, buttonState=0, metaState=0, flags=0x0, edgeFlags=0x0, pointerCount=1, historySize=0, eventTime=245627, downTime=245627, deviceId=0, source=0x1002 }
D/InputEventConsistencyVerifier(  423):   5: sent at 245386000000, MotionEvent { action=ACTION_UP, id[0]=0, x[0]=328.0, y[0]=185.0, toolType[0]=TOOL_TYPE_UNKNOWN, buttonState=0, metaState=0, flags=0x0, edgeFlags=0x0, pointerCount=1, historySize=0, eventTime=245386, downTime=245358, deviceId=0, source=0x1002 }
D/InputEventConsistencyVerifier(  423): KeyEvent: ACTION_UP but key was not down.
D/InputEventConsistencyVerifier(  423):   in com.android.systemui.statusbar.phone.StatusBarWindowView@b3dc7248
D/InputEventConsistencyVerifier(  423):   0: sent at 246736000000, KeyEvent { action=ACTION_UP, keyCode=KEYCODE_DPAD_RIGHT, scanCode=0, metaState=0, flags=0x8, repeatCount=0, eventTime=246736, downTime=246736, deviceId=-1, source=0x101 }
D/InputEventConsistencyVerifier(  423):   -- recent events --
D/InputEventConsistencyVerifier(  423):   1: sent at 246628000000, MotionEvent { action=ACTION_UP, id[0]=0, x[0]=387.0, y[0]=705.0, toolType[0]=TOOL_TYPE_UNKNOWN, buttonState=0, metaState=0, flags=0x0, edgeFlags=0x0, pointerCount=1, historySize=0, eventTime=246628, downTime=246609, deviceId=0, source=0x1002 }
D/InputEventConsistencyVerifier(  423):   2: sent at 246609000000, MotionEvent { action=ACTION_DOWN, id[0]=0, x[0]=401.0, y[0]=691.0, toolType[0]=TOOL_TYPE_UNKNOWN, buttonState=0, metaState=0, flags=0x0, edgeFlags=0x0, pointerCount=1, historySize=0, eventTime=246609, downTime=246609, deviceId=0, source=0x1002 }
D/InputEventConsistencyVerifier(  423):   3: sent at 246601000000, MotionEvent { action=ACTION_UP, id[0]=0, x[0]=216.0, y[0]=651.0, toolType[0]=TOOL_TYPE_UNKNOWN, buttonState=0, metaState=0, flags=0x0, edgeFlags=0x0, pointerCount=1, historySize=0, eventTime=246601, downTime=246558, deviceId=0, source=0x1002 }
D/InputEventConsistencyVerifier(  423):   4: sent at 246558000000, MotionEvent { action=ACTION_DOWN, id[0]=0, x[0]=206.0, y[0]=659.0, toolType[0]=TOOL_TYPE_UNKNOWN, buttonState=0, metaState=0, flags=0x0, edgeFlags=0x0, pointerCount=1, historySize=0, eventTime=246558, downTime=246558, deviceId=0, source=0x1002 }
D/InputEventConsistencyVerifier(  423):   5: sent at 246547000000, (unhandled) KeyEvent { action=ACTION_UP, keyCode=KEYCODE_DPAD_RIGHT, scanCode=0, metaState=0, flags=0x8, repeatCount=0, eventTime=246547, downTime=246547, deviceId=-1, source=0x101 }
D/InputEventConsistencyVerifier(  423): KeyEvent: ACTION_UP but key was not down.
D/InputEventConsistencyVerifier(  423):   in com.android.systemui.statusbar.phone.StatusBarWindowView@b3dc7248
D/InputEventConsistencyVerifier(  423):   0: sent at 246884000000, KeyEvent { action=ACTION_UP, keyCode=KEYCODE_DPAD_UP, scanCode=0, metaState=0, flags=0x8, repeatCount=0, eventTime=246884, downTime=246884, deviceId=-1, source=0x101 }
D/InputEventConsistencyVerifier(  423):   -- recent events --
D/InputEventConsistencyVerifier(  423):   1: sent at 246810000000, MotionEvent { action=ACTION_UP, id[0]=0, x[0]=0.0, y[0]=618.0, toolType[0]=TOOL_TYPE_UNKNOWN, buttonState=0, metaState=0, flags=0x0, edgeFlags=0x0, pointerCount=1, historySize=0, eventTime=246810, downTime=246804, deviceId=0, source=0x1002 }
D/InputEventConsistencyVerifier(  423):   2: sent at 246804000000, MotionEvent { action=ACTION_DOWN, id[0]=0, x[0]=1.0, y[0]=616.0, toolType[0]=TOOL_TYPE_UNKNOWN, buttonState=0, metaState=0, flags=0x0, edgeFlags=0x0, pointerCount=1, historySize=0, eventTime=246804, downTime=246804, deviceId=0, source=0x1002 }
D/InputEventConsistencyVerifier(  423):   3: sent at 246736000000, (unhandled) KeyEvent { action=ACTION_UP, keyCode=KEYCODE_DPAD_RIGHT, scanCode=0, metaState=0, flags=0x80000008, repeatCount=0, eventTime=246736, downTime=246736, deviceId=-1, source=0x101 }
D/InputEventConsistencyVerifier(  423):   4: sent at 246628000000, MotionEvent { action=ACTION_UP, id[0]=0, x[0]=387.0, y[0]=705.0, toolType[0]=TOOL_TYPE_UNKNOWN, buttonState=0, metaState=0, flags=0x0, edgeFlags=0x0, pointerCount=1, historySize=0, eventTime=246628, downTime=246609, deviceId=0, source=0x1002 }
D/InputEventConsistencyVerifier(  423):   5: sent at 246609000000, MotionEvent { action=ACTION_DOWN, id[0]=0, x[0]=401.0, y[0]=691.0, toolType[0]=TOOL_TYPE_UNKNOWN, buttonState=0, metaState=0, flags=0x0, edgeFlags=0x0, pointerCount=1, historySize=0, eventTime=246609, downTime=246609, deviceId=0, source=0x1002 }
I/Choreographer( 1020): Skipped 40 frames!  The application may be doing too much work on its main thread.
I/Choreographer(  423): Skipped 65 frames!  The application may be doing too much work on its main thread.
I/Choreographer(  227): Skipped 53 frames!  The application may be doing too much work on its main thread.
I/Choreographer( 1020): Skipped 50 frames!  The application may be doing too much work on its main thread.
I/Choreographer(  227): Skipped 43 frames!  The application may be doing too much work on its main thread.
I/Choreographer( 1020): Skipped 50 frames!  The application may be doing too much work on its main thread.
D/InputEventConsistencyVerifier(  423): KeyEvent: ACTION_UP but key was not down.
D/InputEventConsistencyVerifier(  423):   in com.android.systemui.statusbar.phone.StatusBarWindowView@b3dc7248
D/InputEventConsistencyVerifier(  423):   0: sent at 247456000000, KeyEvent { action=ACTION_UP, keyCode=KEYCODE_DPAD_DOWN, scanCode=0, metaState=0, flags=0x400, repeatCount=0, eventTime=247456, downTime=247456, deviceId=-1, source=0x101 }
D/InputEventConsistencyVerifier(  423):   -- recent events --
D/InputEventConsistencyVerifier(  423):   1: sent at 247419000000, (unhandled) MotionEvent { action=ACTION_MOVE, id[0]=0, x[0]=-1.0, y[0]=2.0, toolType[0]=TOOL_TYPE_UNKNOWN, buttonState=0, metaState=0, flags=0x0, edgeFlags=0x0, pointerCount=1, historySize=9, eventTime=247419, downTime=-1, deviceId=0, source=0x10004 }
D/InputEventConsistencyVerifier(  423):   2: sent at 247073000000, MotionEvent { action=ACTION_UP, id[0]=0, x[0]=176.0, y[0]=233.0, toolType[0]=TOOL_TYPE_UNKNOWN, buttonState=0, metaState=0, flags=0x0, edgeFlags=0x0, pointerCount=1, historySize=0, eventTime=247073, downTime=246952, deviceId=0, source=0x1002 }
