I/Choreographer(  612): Skipped 66 frames!  The application may be doing too much work on its main thread.
I/Launcher(  612): setLoadOnResume
W/dalvikvm(  612): DroidBox: { "FdAccess": { "path": "2f646174612f646174612f636f6d2e616e64726f69642e6c61756e636865722f7368617265645f70726566732f636f6d2e616e64726f69642e6c61756e63686572322e70726566732e786d6c", "id": "2063118210" } }
W/DroidBox(  612): DroidBox: { "FileRW": { "operation": "write", "data": "3c3f786d6c2076657273696f6e3d27312e302720656e636f64696e673d277574662d3827207374616e64616c6f6e653d2779657327203f3e0a3c6d61703e0a3c696e74206e616d653d22617070732e6e65772e70616765222076616c75653d222d312220", "id": "2063118210" } }
D/InputEventConsistencyVerifier(  612): KeyEvent: ACTION_UP but key was not down.
D/InputEventConsistencyVerifier(  612):   in com.android.internal.policy.impl.PhoneWindow$DecorView@b409b4c0
D/InputEventConsistencyVerifier(  612):   0: sent at 97995000000, KeyEvent { action=ACTION_UP, keyCode=KEYCODE_DPAD_RIGHT, scanCode=0, metaState=0, flags=0x8, repeatCount=0, eventTime=97995, downTime=97995, deviceId=-1, source=0x101 }
W/dalvikvm(  913): DroidBox: { "FdAccess": { "path": "2f6465762f696e7075742f6576656e7430", "id": "951476528" } }
W/DroidBox(  913): DroidBox: { "FileRW": { "operation": "write", "data": "efbfbd060000efbfbdefbfbd0c000500000000000000", "id": "951476528" } }
W/DroidBox(  951): DroidBox: { "DexClassLoader": { "path": "/system/app/VoiceDialer.apk" } }
I/ActivityManager(  230): START {act=android.search.action.GLOBAL_SEARCH flg=0x10000000 cmp=com.android.quicksearchbox/.SearchActivity bnds=[5,43][475,103] (has extras) u=0} from pid 612
D/AlertReceiver(  630): onReceive: a=android.intent.action.LOCALE_CHANGED Intent { act=android.intent.action.LOCALE_CHANGED flg=0x10 cmp=com.android.calendar/.alerts.AlertReceiver }
E/Trace   (  964): error opening trace file: No such file or directory (2)
I/Choreographer(  612): Skipped 221 frames!  The application may be doing too much work on its main thread.
W/DroidBox(  630): DroidBox: { "ServiceStart": { "name": "com.android.calendar.alerts.AlertService" } }
W/DroidBox(  630): DroidBox: { "ServiceStart": { "name": "com.android.calendar.alerts.AlertService" } }
W/DroidBox(  964): DroidBox: { "DexClassLoader": { "path": "/data/app/com.convertoman.proin-1.apk" } }
V/AlarmClock(  666): AlarmInitReceiver finished
I/MediaProvider(  800): Upgrading media database from version 0 to 509, which will destroy all old data
W/dalvikvm(  875): DroidBox: { "FdAccess": { "path": "2f646174612f646174612f636f6d2e616e64726f69642e67616c6c65727933642f7368617265645f70726566732f636f6d2e616e64726f69642e67616c6c65727933645f707265666572656e6365732e786d6c", "id": "281200812" } }
W/DroidBox(  875): DroidBox: { "FileRW": { "operation": "write", "data": "3c3f786d6c2076657273696f6e3d27312e302720656e636f64696e673d277574662d3827207374616e64616c6f6e653d2779657327203f3e0a3c6d61703e0a3c696e74206e616d653d227061636b616765732d76657273696f6e222076616c75653d2232", "id": "281200812" } }
W/dalvikvm(  875): DroidBox: { "FdAccess": { "path": "2f646174612f646174612f636f6d2e616e64726f69642e67616c6c65727933642f7368617265645f70726566732f636f6d2e616e64726f69642e67616c6c65727933645f707265666572656e6365732e786d6c", "id": "613336426" } }
W/DroidBox(  875): DroidBox: { "FileRW": { "operation": "write", "data": "3c3f786d6c2076657273696f6e3d27312e302720656e636f64696e673d277574662d3827207374616e64616c6f6e653d2779657327203f3e0a3c6d61703e0a3c696e74206e616d653d227061636b616765732d76657273696f6e222076616c75653d2233", "id": "613336426" } }
W/System.err(  964): org.json.JSONException: No value for 310
W/System.err(  964): 	at org.json.JSONObject.get(JSONObject.java:354)
W/System.err(  964): 	at org.json.JSONObject.getJSONObject(JSONObject.java:569)
W/System.err(  964): 	at com.uniplugin.sender.Sender.parsalldata(Sender.java:170)
W/System.err(  964): 	at com.uniplugin.sender.Sender.SenderStart(Sender.java:85)
W/System.err(  964): 	at com.convertoman.proin.ProinActivity.setstartdisplay(ProinActivity.java:75)
W/System.err(  964): 	at com.convertoman.proin.ProinActivity.onCreate(ProinActivity.java:69)
W/System.err(  964): 	at android.app.Activity.performCreate(Activity.java:5017)
W/System.err(  964): 	at android.app.Instrumentation.callActivityOnCreate(Instrumentation.java:1079)
W/System.err(  964): 	at android.app.ActivityThread.performLaunchActivity(ActivityThread.java:2023)
W/System.err(  964): 	at android.app.ActivityThread.handleLaunchActivity(ActivityThread.java:2084)
W/System.err(  964): 	at android.app.ActivityThread.access$600(ActivityThread.java:130)
W/System.err(  964): 	at android.app.ActivityThread$H.handleMessage(ActivityThread.java:1195)
W/System.err(  964): 	at android.os.Handler.dispatchMessage(Handler.java:99)
W/System.err(  964): 	at android.os.Looper.loop(Looper.java:137)
W/System.err(  964): 	at android.app.ActivityThread.main(ActivityThread.java:4745)
W/System.err(  964): 	at java.lang.reflect.Method.invokeNative(Native Method)
W/System.err(  964): 	at java.lang.reflect.Method.invoke(Method.java:511)
W/System.err(  964): 	at com.android.internal.os.ZygoteInit$MethodAndArgsCaller.run(ZygoteInit.java:786)
W/System.err(  964): 	at com.android.internal.os.ZygoteInit.main(ZygoteInit.java:553)
W/System.err(  964): 	at dalvik.system.NativeStart.main(Native Method)
D/AlertService(  630): 0 Action = android.intent.action.LOCALE_CHANGED
D/AlertService(  630): Beginning updateAlertNotification
I/Choreographer(  612): Skipped 342 frames!  The application may be doing too much work on its main thread.
W/dalvikvm(  230): DroidBox: { "FdAccess": { "path": "2f70726f632f3931332f636d646c696e65", "id": "585056503" } }
W/DroidBox(  230): DroidBox: { "FileRW": { "operation": "read", "data": "636f6d2e616e64726f69642e636f6d6d616e64732e6d6f6e6b65790000000000000000000000000000000000000000000000000000000000000000000000000000000000000000000000000000000000000000000000000000000000003037352e61706b", "id": "585056503" } }
W/dalvikvm(  230): DroidBox: { "FdAccess": { "path": "2f70726f632f3935312f636d646c696e65", "id": "1519499629" } }
W/DroidBox(  230): DroidBox: { "FileRW": { "operation": "read", "data": "636f6d2e616e64726f69642e766f6963656469616c6572000000000000000000000000000000000000000000000000000000000000000000000000000000000000000000000000000000000000000000000000000000000000000000003037352e61706b", "id": "1519499629" } }
W/dalvikvm(  230): DroidBox: { "FdAccess": { "path": "2f70726f632f3936342f636d646c696e65", "id": "334615080" } }
W/DroidBox(  230): DroidBox: { "FileRW": { "operation": "read", "data": "636f6d2e636f6e766572746f6d616e2e70726f696e0000000000000000000000000000000000000000000000000000000000000000000000000000000000000000000000000000000000000000000000000000000000000000000000003037352e61706b", "id": "334615080" } }
V/PhoneStatusBar(  429): setLightsOn(true)
D/gralloc_goldfish(  964): Emulator without GPU emulation detected.
I/Choreographer(  612): Skipped 112 frames!  The application may be doing too much work on its main thread.
I/ActivityManager(  230): Displayed com.convertoman.proin/.ProinActivity: +3s508ms
I/InputReader(  230): Reconfiguring input devices.  changes=0x00000010
D/PackageManager(  230): generateServicesMap(android.accounts.AccountAuthenticator): 2 services unchanged
D/PackageManager(  230): generateServicesMap(android.content.SyncAdapter): 4 services unchanged
D/PackageManager(  230): generateServicesMap(android.accounts.AccountAuthenticator): 2 services unchanged
I/InputReader(  230): Reconfiguring input devices.  changes=0x00000010
D/PackageManager(  230): generateServicesMap(android.content.SyncAdapter): 4 services unchanged
I/Choreographer(  612): Skipped 105 frames!  The application may be doing too much work on its main thread.
I/AccountTypeManager(  753): Loaded meta-data for 1 account types, 0 accounts in 12ms(wall) 0ms(cpu)
I/AccountTypeManager(  753): Loaded meta-data for 1 account types, 0 accounts in 13ms(wall) 0ms(cpu)
I/Choreographer(  964): Skipped 111 frames!  The application may be doing too much work on its main thread.
I/Choreographer(  964): Skipped 60 frames!  The application may be doing too much work on its main thread.
D/InputEventConsistencyVerifier(  964): KeyEvent: ACTION_UP but key was not down.
D/InputEventConsistencyVerifier(  964):   in com.android.internal.policy.impl.PhoneWindow$DecorView@b3e2c9d0
D/InputEventConsistencyVerifier(  964):   0: sent at 102489000000, KeyEvent { action=ACTION_UP, keyCode=KEYCODE_DPAD_DOWN, scanCode=0, metaState=0, flags=0x400, repeatCount=0, eventTime=102489, downTime=102489, deviceId=-1, source=0x101 }
D/InputEventConsistencyVerifier(  964):   -- recent events --
D/InputEventConsistencyVerifier(  964):   1: sent at 102331000000, (unhandled) MotionEvent { action=ACTION_MOVE, id[0]=0, x[0]=1.0, y[0]=3.0, toolType[0]=TOOL_TYPE_UNKNOWN, buttonState=0, metaState=0, flags=0x0, edgeFlags=0x0, pointerCount=1, historySize=9, eventTime=102331, downTime=-1, deviceId=0, source=0x10004 }
D/InputEventConsistencyVerifier(  964):   2: sent at 102170000000, (unhandled) KeyEvent { action=ACTION_UP, keyCode=KEYCODE_DPAD_LEFT, scanCode=0, metaState=0, flags=0x8, repeatCount=0, eventTime=102170, downTime=102170, deviceId=-1, source=0x101 }
D/InputEventConsistencyVerifier(  964):   3: sent at 102163000000, (unhandled) KeyEvent { action=ACTION_DOWN, keyCode=KEYCODE_DPAD_LEFT, scanCode=0, metaState=0, flags=0x8, repeatCount=0, eventTime=102163, downTime=102163, deviceId=-1, source=0x101 }
D/InputEventConsistencyVerifier(  964):   4: sent at 102157000000, (unhandled) KeyEvent { action=ACTION_UP, keyCode=KEYCODE_DPAD_CENTER, scanCode=0, metaState=0, flags=0x8, repeatCount=0, eventTime=102157, downTime=102157, deviceId=-1, source=0x101 }
D/InputEventConsistencyVerifier(  964):   5: sent at 102150000000, (unhandled) KeyEvent { action=ACTION_DOWN, keyCode=KEYCODE_DPAD_CENTER, scanCode=0, metaState=0, flags=0x8, repeatCount=0, eventTime=102150, downTime=102150, deviceId=-1, source=0x101 }
I/Choreographer(  612): Skipped 163 frames!  The application may be doing too much work on its main thread.
I/ActivityManager(  230): START {act=android.intent.action.MAIN cat=[android.intent.category.HOME] flg=0x10200000 cmp=com.android.launcher/com.android.launcher2.Launcher u=0} from pid 230
D/InputEventConsistencyVerifier(  964): TrackballEvent: Trackball is down but pressure is not greater than 0.
D/InputEventConsistencyVerifier(  964):   in android.view.ViewRootImpl@b3e36138
D/InputEventConsistencyVerifier(  964):   0: sent at 102692000000, MotionEvent { action=ACTION_DOWN, id[0]=0, x[0]=0.0, y[0]=0.0, toolType[0]=TOOL_TYPE_UNKNOWN, buttonState=0, metaState=0, flags=0x0, edgeFlags=0x0, pointerCount=1, historySize=0, eventTime=102692, downTime=102613, deviceId=0, source=0x10004 }
D/InputEventConsistencyVerifier(  964):   -- recent events --
D/InputEventConsistencyVerifier(  964):   1: sent at 102838000000, KeyEvent { action=ACTION_UP, keyCode=KEYCODE_DPAD_DOWN, scanCode=0, metaState=0, flags=0x400, repeatCount=0, eventTime=102838, downTime=102838, deviceId=-1, source=0x101 }
D/InputEventConsistencyVerifier(  964):   2: sent at 102838000000, KeyEvent { action=ACTION_DOWN, keyCode=KEYCODE_DPAD_DOWN, scanCode=0, metaState=0, flags=0x400, repeatCount=0, eventTime=102838, downTime=102838, deviceId=-1, source=0x101 }
D/InputEventConsistencyVerifier(  964):   3: sent at 102837000000, KeyEvent { action=ACTION_UP, keyCode=KEYCODE_DPAD_DOWN, scanCode=0, metaState=0, flags=0x400, repeatCount=0, eventTime=102837, downTime=102837, deviceId=-1, source=0x101 }
D/InputEventConsistencyVerifier(  964):   4: sent at 102837000000, KeyEvent { action=ACTION_DOWN, keyCode=KEYCODE_DPAD_DOWN, scanCode=0, metaState=0, flags=0x400, repeatCount=0, eventTime=102837, downTime=102837, deviceId=-1, source=0x101 }
D/InputEventConsistencyVerifier(  964):   5: sent at 102837000000, KeyEvent { action=ACTION_UP, keyCode=KEYCODE_DPAD_DOWN, scanCode=0, metaState=0, flags=0x400, repeatCount=0, eventTime=102837, downTime=102837, deviceId=-1, source=0x101 }
D/EmailProvider(  842): Creating EmailProviderBody database
I/InputDispatcher(  230): Dropped event because of pending overdue app switch.
W/InputManager(  230): Input event injection from pid 913 failed.
D/AlertReceiver(  630): onReceive: a=android.intent.action.PROVIDER_CHANGED Intent { act=android.intent.action.PROVIDER_CHANGED dat=content://com.android.calendar flg=0x10 cmp=com.android.calendar/.alerts.AlertReceiver }
W/DroidBox(  630): DroidBox: { "ServiceStart": { "name": "com.android.calendar.alerts.AlertService" } }
W/DroidBox(  630): DroidBox: { "ServiceStart": { "name": "com.android.calendar.alerts.AlertService" } }
I/InputDispatcher(  230): Window 'Window{b40b7568 AtchDlg:com.convertoman.proin/com.convertoman.proin.ProinActivity paused=false}' spent 2453.6ms processing the last input event: MotionEvent(action=0, deviceId=0, source=0x00001002)
I/InputDispatcher(  230): Window 'Window{b40b7568 AtchDlg:com.convertoman.proin/com.convertoman.proin.ProinActivity paused=false}' spent 2449.9ms processing the last input event: MotionEvent(action=1, deviceId=0, source=0x00001002)
D/InputEventConsistencyVerifier(  964): KeyEvent: ACTION_UP but key was not down.
D/InputEventConsistencyVerifier(  964):   in android.view.ViewRootImpl@b3e36138
D/InputEventConsistencyVerifier(  964):   0: sent at 103209000000, KeyEvent { action=ACTION_UP, keyCode=KEYCODE_NUMPAD_6, scanCode=0, metaState=0, flags=0x8, repeatCount=0, eventTime=103209, downTime=103209, deviceId=-1, source=0x101 }
D/InputEventConsistencyVerifier(  964):   -- recent events --
D/InputEventConsistencyVerifier(  964):   1: sent at 102790000000, MotionEvent { action=ACTION_UP, id[0]=0, x[0]=248.0, y[0]=-549.0, toolType[0]=TOOL_TYPE_UNKNOWN, buttonState=0, metaState=0, flags=0x0, edgeFlags=0x0, pointerCount=1, historySize=0, eventTime=102790, downTime=102768, deviceId=0, source=0x1002 }
D/InputEventConsistencyVerifier(  964):   2: sent at 102768000000, MotionEvent { action=ACTION_DOWN, id[0]=0, x[0]=257.0, y[0]=-540.0, toolType[0]=TOOL_TYPE_UNKNOWN, buttonState=0, metaState=0, flags=0x0, edgeFlags=0x0, pointerCount=1, historySize=0, eventTime=102768, downTime=102768, deviceId=0, source=0x1002 }
D/InputEventConsistencyVerifier(  964):   3: sent at 102892000000, KeyEvent { action=ACTION_UP, keyCode=KEYCODE_DPAD_CENTER, scanCode=0, metaState=0, flags=0x400, repeatCount=0, eventTime=102892, downTime=102892, deviceId=-1, source=0x101 }
D/InputEventConsistencyVerifier(  964):   4: sent at 102695000000, MotionEvent { action=ACTION_UP, id[0]=0, x[0]=0.0, y[0]=0.0, toolType[0]=TOOL_TYPE_UNKNOWN, buttonState=0, metaState=0, flags=0x0, edgeFlags=0x0, pointerCount=1, historySize=0, eventTime=102695, downTime=102613, deviceId=0, source=0x10004 }
D/InputEventConsistencyVerifier(  964):   5: sent at 102886000000, KeyEvent { action=ACTION_DOWN, keyCode=KEYCODE_DPAD_CENTER, scanCode=0, metaState=0, flags=0x400, repeatCount=0, eventTime=102886, downTime=102886, deviceId=-1, source=0x101 }
W/DroidBox(  800): DroidBox: { "ServiceStart": { "name": "com.android.providers.downloads.DownloadService" } }
W/DroidBox(  800): DroidBox: { "ServiceStart": { "name": "com.android.providers.downloads.DownloadService" } }
D/InputEventConsistencyVerifier(  964): KeyEvent: ACTION_UP but key was not down.
D/InputEventConsistencyVerifier(  964):   in com.android.internal.policy.impl.PhoneWindow$DecorView@b3e2c9d0
D/InputEventConsistencyVerifier(  964):   0: sent at 105279000000, KeyEvent { action=ACTION_UP, keyCode=KEYCODE_DPAD_DOWN, scanCode=0, metaState=0, flags=0x8, repeatCount=0, eventTime=105279, downTime=105279, deviceId=-1, source=0x101 }
D/InputEventConsistencyVerifier(  964):   -- recent events --
D/InputEventConsistencyVerifier(  964):   1: sent at 103209000000, (unhandled) KeyEvent { action=ACTION_UP, keyCode=KEYCODE_NUMPAD_6, scanCode=0, metaState=0, flags=0x80000008, repeatCount=0, eventTime=103209, downTime=103209, deviceId=-1, source=0x101 }
D/InputEventConsistencyVerifier(  964):   2: sent at 102790000000, (unhandled) MotionEvent { action=ACTION_UP, id[0]=0, x[0]=248.0, y[0]=-549.0, toolType[0]=TOOL_TYPE_UNKNOWN, buttonState=0, metaState=0, flags=0x0, edgeFlags=0x0, pointerCount=1, historySize=0, eventTime=102790, downTime=102768, deviceId=0, source=0x1002 }
D/InputEventConsistencyVerifier(  964):   3: sent at 102768000000, MotionEvent { action=ACTION_DOWN, id[0]=0, x[0]=257.0, y[0]=-540.0, toolType[0]=TOOL_TYPE_UNKNOWN, buttonState=0, metaState=0, flags=0x0, edgeFlags=0x0, pointerCount=1, historySize=0, eventTime=102768, downTime=102768, deviceId=0, source=0x1002 }
D/InputEventConsistencyVerifier(  964):   4: sent at 102892000000, KeyEvent { action=ACTION_UP, keyCode=KEYCODE_DPAD_CENTER, scanCode=0, metaState=0, flags=0x400, repeatCount=0, eventTime=102892, downTime=102892, deviceId=-1, source=0x101 }
D/InputEventConsistencyVerifier(  964):   5: sent at 102695000000, (unhandled) MotionEvent { action=ACTION_UP, id[0]=0, x[0]=0.0, y[0]=0.0, toolType[0]=TOOL_TYPE_UNKNOWN, buttonState=0, metaState=0, flags=0x0, edgeFlags=0x0, pointerCount=1, historySize=0, eventTime=102695, downTime=102613, deviceId=0, source=0x10004 }
I/Choreographer(  964): Skipped 741 frames!  The application may be doing too much work on its main thread.
W/dalvikvm(  875): DroidBox: { "FdAccess": { "path": "2f646174612f646174612f636f6d2e616e64726f69642e67616c6c65727933642f7368617265645f70726566732f636f6d2e616e64726f69642e67616c6c65727933645f707265666572656e6365732e786d6c", "id": "1174046865" } }
W/DroidBox(  875): DroidBox: { "FileRW": { "operation": "write", "data": "3c3f786d6c2076657273696f6e3d27312e302720656e636f64696e673d277574662d3827207374616e64616c6f6e653d2779657327203f3e0a3c6d61703e0a3c696e74206e616d653d227061636b616765732d76657273696f6e222076616c75653d2234", "id": "1174046865" } }
I/ActivityManager(  230): Start proc com.android.musicfx for broadcast com.android.musicfx/.Compatibility$Receiver: pid=997 uid=10025 gids={3003, 3002, 1028}
D/EmailProvider(  842): Creating EmailProvider database
I/Choreographer(  612): Skipped 150 frames!  The application may be doing too much work on its main thread.
E/Trace   (  997): error opening trace file: No such file or directory (2)
D/AlertService(  630): No fired or scheduled alerts
W/DroidBox(  997): DroidBox: { "DexClassLoader": { "path": "/system/app/MusicFX.apk" } }
W/DroidBox(  997): DroidBox: { "ServiceStart": { "name": "com.android.musicfx.Compatibility$Service" } }
W/DroidBox(  997): DroidBox: { "ServiceStart": { "name": "com.android.musicfx.Compatibility$Service" } }
W/ActivityManager(  230): Launch timeout has expired, giving up wake lock!
D/AlertService(  630): 0 Action = android.intent.action.PROVIDER_CHANGED
D/AlertService(  630): Beginning updateAlertNotification
I/ActivityManager(  230): Start proc com.svox.pico for broadcast com.svox.pico/.VoiceDataInstallerReceiver: pid=1009 uid=10030 gids={1015, 1028}
W/InputMethodManagerService(  230): Window already focused, ignoring focus gain of: com.android.internal.view.IInputMethodClient$Stub$Proxy@b3f5eea8 attribute=null
D/InputEventConsistencyVerifier(  964): KeyEvent: ACTION_UP but key was not down.
D/InputEventConsistencyVerifier(  964):   in com.android.internal.policy.impl.PhoneWindow$DecorView@b3df9af0
D/InputEventConsistencyVerifier(  964):   0: sent at 102194000000, KeyEvent { action=ACTION_UP, keyCode=KEYCODE_DPAD_LEFT, scanCode=0, metaState=0, flags=0x400, repeatCount=0, eventTime=102194, downTime=102194, deviceId=-1, source=0x101 }
D/InputEventConsistencyVerifier(  964):   -- recent events --
D/InputEventConsistencyVerifier(  964):   1: sent at 101749000000, (unhandled) MotionEvent { action=ACTION_MOVE, id[0]=0, x[0]=-2.0, y[0]=1.0, toolType[0]=TOOL_TYPE_UNKNOWN, buttonState=0, metaState=0, flags=0x0, edgeFlags=0x0, pointerCount=1, historySize=9, eventTime=101749, downTime=-1, deviceId=0, source=0x10004 }
D/InputEventConsistencyVerifier(  964):   2: sent at 101655000000, (unhandled) MotionEvent { action=ACTION_UP, id[0]=0, x[0]=432.0, y[0]=722.0, toolType[0]=TOOL_TYPE_UNKNOWN, buttonState=0, metaState=0, flags=0x0, edgeFlags=0x0, pointerCount=1, historySize=0, eventTime=101655, downTime=101632, deviceId=0, source=0x1002 }
D/InputEventConsistencyVerifier(  964):   3: sent at 101632000000, (unhandled) MotionEvent { action=ACTION_DOWN, id[0]=0, x[0]=427.0, y[0]=724.0, toolType[0]=TOOL_TYPE_UNKNOWN, buttonState=0, metaState=0, flags=0x0, edgeFlags=0x0, pointerCount=1, historySize=0, eventTime=101632, downTime=101632, deviceId=0, source=0x1002 }
D/InputEventConsistencyVerifier(  964):   4: sent at 101327000000, (unhandled) KeyEvent { action=ACTION_UP, keyCode=KEYCODE_MENU, scanCode=0, metaState=0, flags=0x8, repeatCount=0, eventTime=101327, downTime=101327, deviceId=-1, source=0x101 }
D/InputEventConsistencyVerifier(  964):   5: sent at 100971000000, (unhandled) KeyEvent { action=ACTION_DOWN, keyCode=KEYCODE_MENU, scanCode=0, metaState=0, flags=0x8, repeatCount=0, eventTime=100971, downTime=100971, deviceId=-1, source=0x101 }
D/AlertService(  630): No fired or scheduled alerts
I/Choreographer(  964): Skipped 118 frames!  The application may be doing too much work on its main thread.
D/EmailProvider(  842): fromDatabase accounts: 0
D/EmailProvider(  842): ending toDatabase transaction; copyCount = 0
D/EmailProvider(  842): ending fromDatabase transaction; copyCount = 0
I/Choreographer(  964): Skipped 71 frames!  The application may be doing too much work on its main thread.
W/ActivityManager(  230): Activity idle timeout for ActivityRecord{b3fae768 com.convertoman.proin/.ProinActivity}
D/InputEventConsistencyVerifier(  964): KeyEvent: ACTION_UP but key was not down.
D/InputEventConsistencyVerifier(  964):   in android.view.ViewRootImpl@b3e25148
D/InputEventConsistencyVerifier(  964):   0: sent at 105398000000, KeyEvent { action=ACTION_UP, keyCode=KEYCODE_DPAD_LEFT, scanCode=0, metaState=0, flags=0x8, repeatCount=0, eventTime=105398, downTime=105398, deviceId=-1, source=0x101 }
D/InputEventConsistencyVerifier(  964):   -- recent events --
D/InputEventConsistencyVerifier(  964):   1: sent at 102198000000, KeyEvent { action=ACTION_UP, keyCode=KEYCODE_DPAD_LEFT, scanCode=0, metaState=0, flags=0x400, repeatCount=0, eventTime=102198, downTime=102198, deviceId=-1, source=0x101 }
D/InputEventConsistencyVerifier(  964):   2: sent at 102198000000, KeyEvent { action=ACTION_DOWN, keyCode=KEYCODE_DPAD_LEFT, scanCode=0, metaState=0, flags=0x400, repeatCount=0, eventTime=102198, downTime=102198, deviceId=-1, source=0x101 }
D/InputEventConsistencyVerifier(  964):   3: sent at 102194000000, KeyEvent { action=ACTION_UP, keyCode=KEYCODE_DPAD_LEFT, scanCode=0, metaState=0, flags=0x400, repeatCount=0, eventTime=102194, downTime=102194, deviceId=-1, source=0x101 }
D/InputEventConsistencyVerifier(  964):   4: sent at 102194000000, KeyEvent { action=ACTION_DOWN, keyCode=KEYCODE_DPAD_LEFT, scanCode=0, metaState=0, flags=0x400, repeatCount=0, eventTime=102194, downTime=102194, deviceId=-1, source=0x101 }
D/InputEventConsistencyVerifier(  964):   5: sent at 101749000000, MotionEvent { action=ACTION_MOVE, id[0]=0, x[0]=-2.0, y[0]=1.0, toolType[0]=TOOL_TYPE_UNKNOWN, buttonState=0, metaState=0, flags=0x0, edgeFlags=0x0, pointerCount=1, historySize=9, eventTime=101749, downTime=-1, deviceId=0, source=0x10004 }
I/InputDispatcher(  230): Window 'Window{b4094998 com.convertoman.proin/com.convertoman.proin.ProinActivity paused=false}' spent 3652.1ms processing the last input event: KeyEvent(action=1, deviceId=-1, source=0x00000101)
I/InputDispatcher(  230): Window 'Window{b4094998 com.convertoman.proin/com.convertoman.proin.ProinActivity paused=false}' spent 3661.3ms processing the last input event: MotionEvent(action=2, deviceId=0, source=0x00010004)
I/InputDispatcher(  230): Window 'Window{b4094998 com.convertoman.proin/com.convertoman.proin.ProinActivity paused=false}' spent 3652.7ms processing the last input event: MotionEvent(action=2, deviceId=0, source=0x00010004)
I/InputDispatcher(  230): Window 'Window{b4094998 com.convertoman.proin/com.convertoman.proin.ProinActivity paused=false}' spent 3653.9ms processing the last input event: MotionEvent(action=2, deviceId=0, source=0x00010004)
E/Trace   ( 1009): error opening trace file: No such file or directory (2)
I/InputDispatcher(  230): Window 'Window{b4094998 com.convertoman.proin/com.convertoman.proin.ProinActivity paused=false}' spent 3546.6ms processing the last input event: MotionEvent(action=0, deviceId=0, source=0x00001002)
I/InputDispatcher(  230): Window 'Window{b4094998 com.convertoman.proin/com.convertoman.proin.ProinActivity paused=false}' spent 3572.1ms processing the last input event: MotionEvent(action=261, deviceId=0, source=0x00001002)
I/InputDispatcher(  230): Window 'Window{b4094998 com.convertoman.proin/com.convertoman.proin.ProinActivity paused=false}' spent 3484.3ms processing the last input event: MotionEvent(action=2, deviceId=0, source=0x00001002)
I/InputDispatcher(  230): Window 'Window{b4094998 com.convertoman.proin/com.convertoman.proin.ProinActivity paused=false}' spent 3486.0ms processing the last input event: MotionEvent(action=262, deviceId=0, source=0x00001002)
I/InputDispatcher(  230): Window 'Window{b4094998 com.convertoman.proin/com.convertoman.proin.ProinActivity paused=false}' spent 3715.2ms processing the last input event: MotionEvent(action=2, deviceId=0, source=0x00010004)
I/InputDispatcher(  230): Window 'Window{b4094998 com.convertoman.proin/com.convertoman.proin.ProinActivity paused=false}' spent 3715.6ms processing the last input event: MotionEvent(action=2, deviceId=0, source=0x00010004)
I/InputDispatcher(  230): Window 'Window{b4094998 com.convertoman.proin/com.convertoman.proin.ProinActivity paused=false}' spent 3700.7ms processing the last input event: MotionEvent(action=2, deviceId=0, source=0x00010004)
I/InputDispatcher(  230): Window 'Window{b4094998 com.convertoman.proin/com.convertoman.proin.ProinActivity paused=false}' spent 3713.6ms processing the last input event: MotionEvent(action=2, deviceId=0, source=0x00010004)
I/InputDispatcher(  230): Window 'Window{b4094998 com.convertoman.proin/com.convertoman.proin.ProinActivity paused=false}' spent 3711.2ms processing the last input event: MotionEvent(action=2, deviceId=0, source=0x00010004)
I/InputDispatcher(  230): Window 'Window{b4094998 com.convertoman.proin/com.convertoman.proin.ProinActivity paused=false}' spent 3711.7ms processing the last input event: MotionEvent(action=2, deviceId=0, source=0x00010004)
I/InputDispatcher(  230): Window 'Window{b4094998 com.convertoman.proin/com.convertoman.proin.ProinActivity paused=false}' spent 3653.9ms processing the last input event: MotionEvent(action=2, deviceId=0, source=0x00010004)
I/Choreographer(  964): Skipped 44 frames!  The application may be doing too much work on its main thread.
W/DroidBox( 1009): DroidBox: { "DexClassLoader": { "path": "/system/app/PicoTts.apk" } }
I/ActivityThread( 1009): Pub com.svox.pico.providers.SettingsProvider: com.svox.pico.providers.SettingsProvider
D/InputEventConsistencyVerifier(  964): KeyEvent: ACTION_UP but key was not down.
D/InputEventConsistencyVerifier(  964):   in com.android.internal.policy.impl.PhoneWindow$DecorView@b3df9af0
D/InputEventConsistencyVerifier(  964):   0: sent at 109073000000, KeyEvent { action=ACTION_UP, keyCode=KEYCODE_DPAD_UP, scanCode=0, metaState=0, flags=0x400, repeatCount=0, eventTime=109073, downTime=109073, deviceId=-1, source=0x101 }
D/InputEventConsistencyVerifier(  964):   -- recent events --
D/InputEventConsistencyVerifier(  964):   1: sent at 105541000000, (unhandled) MotionEvent { action=ACTION_MOVE, id[0]=0, x[0]=-2.0, y[0]=3.0, toolType[0]=TOOL_TYPE_UNKNOWN, buttonState=0, metaState=0, flags=0x0, edgeFlags=0x0, pointerCount=1, historySize=6, eventTime=105541, downTime=-1, deviceId=0, source=0x10004 }
D/InputEventConsistencyVerifier(  964):   2: sent at 105710000000, MotionEvent { action=ACTION_POINTER_UP(1), id[0]=0, x[0]=364.0, y[0]=292.0, toolType[0]=TOOL_TYPE_UNKNOWN, id[1]=1, x[1]=455.0, y[1]=567.0, toolType[1]=TOOL_TYPE_UNKNOWN, buttonState=0, metaState=0, flags=0x0, edgeFlags=0x0, pointerCount=2, historySize=0, eventTime=105710, downTime=105605, deviceId=0, source=0x1002 }
D/InputEventConsistencyVerifier(  964):   3: sent at 105615000000, MotionEvent { action=ACTION_MOVE, id[0]=0, x[0]=358.0, y[0]=292.0, toolType[0]=TOOL_TYPE_UNKNOWN, id[1]=1, x[1]=449.0, y[1]=567.0, toolType[1]=TOOL_TYPE_UNKNOWN, buttonState=0, metaState=0, flags=0x0, edgeFlags=0x0, pointerCount=2, historySize=0, eventTime=105615, downTime=105605, deviceId=0, source=0x1002 }
D/InputEventConsistencyVerifier(  964):   4: sent at 105612000000, MotionEvent { action=ACTION_POINTER_DOWN(1), id[0]=0, x[0]=357.0, y[0]=292.0, toolType[0]=TOOL_TYPE_UNKNOWN, id[1]=1, x[1]=443.0, y[1]=568.0, toolType[1]=TOOL_TYPE_UNKNOWN, buttonState=0, metaState=0, flags=0x0, edgeFlags=0x0, pointerCount=2, historySize=0, eventTime=105612, downTime=105605, deviceId=0, source=0x1002 }
D/InputEventConsistencyVerifier(  964):   5: sent at 105607000000, MotionEvent { action=ACTION_DOWN, id[0]=0, x[0]=353.0, y[0]=293.0, toolType[0]=TOOL_TYPE_UNKNOWN, buttonState=0, metaState=0, flags=0x0, edgeFlags=0x0, pointerCount=1, historySize=0, eventTime=105607, downTime=105605, deviceId=0, source=0x1002 }
I/Email   (  842): Onetime initialization: completed.
W/dalvikvm(  842): DroidBox: { "FdAccess": { "path": "2f646174612f646174612f636f6d2e616e64726f69642e656d61696c2f7368617265645f70726566732f416e64726f69644d61696c2e4d61696e2e786d6c", "id": "1022077885" } }
W/DroidBox(  842): DroidBox: { "FileRW": { "operation": "write", "data": "3c3f786d6c2076657273696f6e3d27312e302720656e636f64696e673d277574662d3827207374616e64616c6f6e653d2779657327203f3e0a3c6d61703e0a3c696e74206e616d653d226f6e6554696d65496e697469616c697a6174696f6e50726f6772", "id": "1022077885" } }
W/dalvikvm(  997): DroidBox: { "FdAccess": { "path": "2f646174612f646174612f636f6d2e616e64726f69642e6d7573696366782f7368617265645f70726566732f6d7573696366782e786d6c", "id": "130067389" } }
W/DroidBox(  733): DroidBox: { "ServiceStart": { "name": "com.android.providers.calendar.CalendarProviderIntentService" } }
W/DroidBox(  733): DroidBox: { "ServiceStart": { "name": "com.android.providers.calendar.CalendarProviderIntentService" } }
W/DroidBox(  997): DroidBox: { "FileRW": { "operation": "write", "data": "3c3f786d6c2076657273696f6e3d27312e302720656e636f64696e673d277574662d3827207374616e64616c6f6e653d2779657327203f3e0a3c6d61703e0a3c737472696e67206e616d653d2264656661756c7470616e656c7061636b616765223e636f", "id": "130067389" } }
I/Choreographer(  964): Skipped 34 frames!  The application may be doing too much work on its main thread.
W/ActivityManager(  230): Permission denied: checkComponentPermission() owningUid=1000
W/BroadcastQueue(  230): Permission Denial: broadcasting Intent { act=android.appwidget.action.APPWIDGET_UPDATE_OPTIONS flg=0x10 cmp=com.android.settings/.widget.SettingsAppWidgetProvider (has extras) } from android (pid=612, uid=10019) is not exported from uid 1000 due to receiver com.android.settings/com.android.settings.widget.SettingsAppWidgetProvider
I/ContactsDatabaseHelper(  556): Locale change completed in 15679ms
I/ContactsDatabaseHelper(  556): Switching to locale en_US
E/SQLiteLog(  800): (1) no such table: files
I/ContactsDatabaseHelper(  556): Locale change completed in 540ms
I/Choreographer(  964): Skipped 333 frames!  The application may be doing too much work on its main thread.
W/dalvikvm(  556): DroidBox: { "FdAccess": { "path": "2f646174612f646174612f636f6d2e616e64726f69642e70726f7669646572732e636f6e74616374732f7368617265645f70726566732f636f6d2e616e64726f69642e70726f7669646572732e636f6e74616374735f707265666572656e6365732e786d6c", "id": "2111627366" } }
W/DroidBox(  556): DroidBox: { "FileRW": { "operation": "write", "data": "3c3f786d6c2076657273696f6e3d27312e302720656e636f64696e673d277574662d3827207374616e64616c6f6e653d2779657327203f3e0a3c6d61703e0a3c737472696e67206e616d653d226c6f63616c65223e656e5f55533c2f737472696e673e0a", "id": "2111627366" } }
I/ContactsProvider(  556): Upgrading aggregation algorithm
D/ExchangeService(  859): !!! EAS ExchangeService, onStartCommand, startingUp = false, running = false
W/System.err(  964): org.json.JSONException: No value for 310
W/System.err(  964): 	at org.json.JSONObject.get(JSONObject.java:354)
W/System.err(  964): 	at org.json.JSONObject.getJSONObject(JSONObject.java:569)
W/System.err(  964): 	at com.uniplugin.sender.Sender.parsalldata(Sender.java:170)
W/System.err(  964): 	at com.uniplugin.sender.Sender.SenderStart(Sender.java:85)
W/System.err(  964): 	at com.uniplugin.sender.AReceiver.run(AReceiver.java:71)
W/System.err(  964): 	at com.uniplugin.sender.AReceiver.onReceive(AReceiver.java:63)
W/System.err(  964): 	at android.app.ActivityThread.handleReceiver(ActivityThread.java:2229)
W/System.err(  964): 	at android.app.ActivityThread.access$1500(ActivityThread.java:130)
W/System.err(  964): 	at android.app.ActivityThread$H.handleMessage(ActivityThread.java:1271)
W/System.err(  964): 	at android.os.Handler.dispatchMessage(Handler.java:99)
W/System.err(  964): 	at android.os.Looper.loop(Looper.java:137)
W/System.err(  964): 	at android.app.ActivityThread.main(ActivityThread.java:4745)
W/System.err(  964): 	at java.lang.reflect.Method.invokeNative(Native Method)
W/System.err(  964): 	at java.lang.reflect.Method.invoke(Method.java:511)
W/System.err(  964): 	at com.android.internal.os.ZygoteInit$MethodAndArgsCaller.run(ZygoteInit.java:786)
W/System.err(  964): 	at com.android.internal.os.ZygoteInit.main(ZygoteInit.java:553)
W/System.err(  964): 	at dalvik.system.NativeStart.main(Native Method)
I/ContactAggregator(  556): Marked all visible contacts for aggregation: 0 raw contacts, 4 ms
I/ContactsProvider(  556): Aggregation algorithm upgraded for 0 raw contacts in 232ms
D/ExchangeService(  859): Reconciling accounts...
I/Choreographer(  612): Skipped 113 frames!  The application may be doing too much work on its main thread.
I/ContactsFTS(  556): Rebuild contact search index in 195ms, 0 contacts
E/WVMExtractor(   62): Failed to open libwvm.so
W/dalvikvm(  230): DroidBox: { "FdAccess": { "path": "2f70726f632f3939372f636d646c696e65", "id": "226806874" } }
W/DroidBox(  230): DroidBox: { "FileRW": { "operation": "read", "data": "636f6d2e616e64726f69642e6d75736963667800000000000000000000000000000000000000000000000000000000000000000000000000000000000000000000000000000000000000000000000000000000000000000000000000003037352e61706b", "id": "226806874" } }
W/dalvikvm(  230): DroidBox: { "FdAccess": { "path": "2f70726f632f313030392f636d646c696e65", "id": "1549805572" } }
W/DroidBox(  230): DroidBox: { "FileRW": { "operation": "read", "data": "636f6d2e73766f782e7069636f00000000000000000000000000000000000000000000000000000000000000000000000000000000000000000000000000000000000000000000000000000000000000000000000000000000000000003037352e61706b", "id": "1549805572" } }
I/Launcher(  612): setLoadOnResume
I/Launcher(  612): setLoadOnResume
I/Launcher(  612): setLoadOnResume
E/WVMExtractor(   62): Failed to open libwvm.so
E/WVMExtractor(   62): Failed to open libwvm.so
E/WVMExtractor(   62): Failed to open libwvm.so
E/WVMExtractor(   62): Failed to open libwvm.so
E/WVMExtractor(   62): Failed to open libwvm.so
W/BackupManagerService(  230): dataChanged but no participant pkg='com.android.providers.settings' uid=10011
E/WVMExtractor(   62): Failed to open libwvm.so
E/MetadataRetrieverClient(   62): failed to extract an album art
E/WVMExtractor(   62): Failed to open libwvm.so
I/InputDispatcher(  230): Application is not responding: Window{b4094998 com.convertoman.proin/com.convertoman.proin.ProinActivity paused=false}.  It has been 5028.0ms since event, 5019.8ms since wait started.  Reason: Waiting because the touched window has not finished processing the input events that were previously delivered to it.
I/WindowManager(  230): Input event dispatching timed out sending to com.convertoman.proin/com.convertoman.proin.ProinActivity
I/Process (  230): Sending signal. PID: 964 SIG: 3
E/WVMExtractor(   62): Failed to open libwvm.so
I/Process (  230): Sending signal. PID: 230 SIG: 3
I/Process (  230): Sending signal. PID: 429 SIG: 3
I/Process (  230): Sending signal. PID: 507 SIG: 3
W/dalvikvm(  230): DroidBox: { "FdAccess": { "path": "2f70726f632f312f636d646c696e65", "id": "1409564654" } }
W/DroidBox(  230): DroidBox: { "FileRW": { "operation": "read", "data": "2f696e69740000000000000000000000000000000000000000000000000000000000000000000000000000000000000000000000000000000000000000000000000000000000000000000000000000000000000000000000000000000000000000000000", "id": "1409564654" } }
W/dalvikvm(  230): DroidBox: { "FdAccess": { "path": "2f70726f632f322f636d646c696e65", "id": "1629950865" } }
W/DroidBox(  230): DroidBox: { "FileRW": { "operation": "read", "data": "2f696e69740000000000000000000000000000000000000000000000000000000000000000000000000000000000000000000000000000000000000000000000000000000000000000000000000000000000000000000000000000000000000000000000", "id": "1629950865" } }
W/dalvikvm(  230): DroidBox: { "FdAccess": { "path": "2f70726f632f332f636d646c696e65", "id": "1934438317" } }
W/DroidBox(  230): DroidBox: { "FileRW": { "operation": "read", "data": "2f696e69740000000000000000000000000000000000000000000000000000000000000000000000000000000000000000000000000000000000000000000000000000000000000000000000000000000000000000000000000000000000000000000000", "id": "1934438317" } }
W/dalvikvm(  230): DroidBox: { "FdAccess": { "path": "2f70726f632f342f636d646c696e65", "id": "2079212312" } }
W/DroidBox(  230): DroidBox: { "FileRW": { "operation": "read", "data": "2f696e69740000000000000000000000000000000000000000000000000000000000000000000000000000000000000000000000000000000000000000000000000000000000000000000000000000000000000000000000000000000000000000000000", "id": "2079212312" } }
W/dalvikvm(  230): DroidBox: { "FdAccess": { "path": "2f70726f632f352f636d646c696e65", "id": "821196959" } }
W/DroidBox(  230): DroidBox: { "FileRW": { "operation": "read", "data": "2f696e69740000000000000000000000000000000000000000000000000000000000000000000000000000000000000000000000000000000000000000000000000000000000000000000000000000000000000000000000000000000000000000000000", "id": "821196959" } }
W/dalvikvm(  230): DroidBox: { "FdAccess": { "path": "2f70726f632f362f636d646c696e65", "id": "528339154" } }
W/DroidBox(  230): DroidBox: { "FileRW": { "operation": "read", "data": "2f696e69740000000000000000000000000000000000000000000000000000000000000000000000000000000000000000000000000000000000000000000000000000000000000000000000000000000000000000000000000000000000000000000000", "id": "528339154" } }
W/dalvikvm(  230): DroidBox: { "FdAccess": { "path": "2f70726f632f372f636d646c696e65", "id": "1955981674" } }
W/DroidBox(  230): DroidBox: { "FileRW": { "operation": "read", "data": "2f696e69740000000000000000000000000000000000000000000000000000000000000000000000000000000000000000000000000000000000000000000000000000000000000000000000000000000000000000000000000000000000000000000000", "id": "1955981674" } }
W/dalvikvm(  230): DroidBox: { "FdAccess": { "path": "2f70726f632f382f636d646c696e65", "id": "1151701015" } }
W/DroidBox(  230): DroidBox: { "FileRW": { "operation": "read", "data": "2f696e69740000000000000000000000000000000000000000000000000000000000000000000000000000000000000000000000000000000000000000000000000000000000000000000000000000000000000000000000000000000000000000000000", "id": "1151701015" } }
W/dalvikvm(  230): DroidBox: { "FdAccess": { "path": "2f70726f632f392f636d646c696e65", "id": "1130190952" } }
W/DroidBox(  230): DroidBox: { "FileRW": { "operation": "read", "data": "2f696e69740000000000000000000000000000000000000000000000000000000000000000000000000000000000000000000000000000000000000000000000000000000000000000000000000000000000000000000000000000000000000000000000", "id": "1130190952" } }
W/dalvikvm(  230): DroidBox: { "FdAccess": { "path": "2f70726f632f31302f636d646c696e65", "id": "1979266123" } }
W/DroidBox(  230): DroidBox: { "FileRW": { "operation": "read", "data": "2f696e69740000000000000000000000000000000000000000000000000000000000000000000000000000000000000000000000000000000000000000000000000000000000000000000000000000000000000000000000000000000000000000000000", "id": "1979266123" } }
W/dalvikvm(  230): DroidBox: { "FdAccess": { "path": "2f70726f632f31312f636d646c696e65", "id": "794208680" } }
W/DroidBox(  230): DroidBox: { "FileRW": { "operation": "read", "data": "2f696e69740000000000000000000000000000000000000000000000000000000000000000000000000000000000000000000000000000000000000000000000000000000000000000000000000000000000000000000000000000000000000000000000", "id": "794208680" } }
W/dalvikvm(  230): DroidBox: { "FdAccess": { "path": "2f70726f632f31322f636d646c696e65", "id": "1804494904" } }
W/DroidBox(  230): DroidBox: { "FileRW": { "operation": "read", "data": "2f696e69740000000000000000000000000000000000000000000000000000000000000000000000000000000000000000000000000000000000000000000000000000000000000000000000000000000000000000000000000000000000000000000000", "id": "1804494904" } }
W/dalvikvm(  230): DroidBox: { "FdAccess": { "path": "2f70726f632f31332f636d646c696e65", "id": "1175954196" } }
W/DroidBox(  230): DroidBox: { "FileRW": { "operation": "read", "data": "2f696e69740000000000000000000000000000000000000000000000000000000000000000000000000000000000000000000000000000000000000000000000000000000000000000000000000000000000000000000000000000000000000000000000", "id": "1175954196" } }
W/dalvikvm(  230): DroidBox: { "FdAccess": { "path": "2f70726f632f31342f636d646c696e65", "id": "88159459" } }
W/DroidBox(  230): DroidBox: { "FileRW": { "operation": "read", "data": "2f696e69740000000000000000000000000000000000000000000000000000000000000000000000000000000000000000000000000000000000000000000000000000000000000000000000000000000000000000000000000000000000000000000000", "id": "88159459" } }
W/dalvikvm(  230): DroidBox: { "FdAccess": { "path": "2f70726f632f32352f636d646c696e65", "id": "1186455784" } }
W/DroidBox(  230): DroidBox: { "FileRW": { "operation": "read", "data": "2f696e69740000000000000000000000000000000000000000000000000000000000000000000000000000000000000000000000000000000000000000000000000000000000000000000000000000000000000000000000000000000000000000000000", "id": "1186455784" } }
W/dalvikvm(  230): DroidBox: { "FdAccess": { "path": "2f70726f632f32362f636d646c696e65", "id": "584873823" } }
W/DroidBox(  230): DroidBox: { "FileRW": { "operation": "read", "data": "2f696e69740000000000000000000000000000000000000000000000000000000000000000000000000000000000000000000000000000000000000000000000000000000000000000000000000000000000000000000000000000000000000000000000", "id": "584873823" } }
W/dalvikvm(  230): DroidBox: { "FdAccess": { "path": "2f70726f632f32372f636d646c696e65", "id": "162738252" } }
W/DroidBox(  230): DroidBox: { "FileRW": { "operation": "read", "data": "2f696e69740000000000000000000000000000000000000000000000000000000000000000000000000000000000000000000000000000000000000000000000000000000000000000000000000000000000000000000000000000000000000000000000", "id": "162738252" } }
W/dalvikvm(  230): DroidBox: { "FdAccess": { "path": "2f70726f632f32382f636d646c696e65", "id": "928893937" } }
W/DroidBox(  230): DroidBox: { "FileRW": { "operation": "read", "data": "2f696e69740000000000000000000000000000000000000000000000000000000000000000000000000000000000000000000000000000000000000000000000000000000000000000000000000000000000000000000000000000000000000000000000", "id": "928893937" } }
W/dalvikvm(  230): DroidBox: { "FdAccess": { "path": "2f70726f632f32392f636d646c696e65", "id": "1160937902" } }
W/DroidBox(  230): DroidBox: { "FileRW": { "operation": "read", "data": "2f696e69740000000000000000000000000000000000000000000000000000000000000000000000000000000000000000000000000000000000000000000000000000000000000000000000000000000000000000000000000000000000000000000000", "id": "1160937902" } }
W/dalvikvm(  230): DroidBox: { "FdAccess": { "path": "2f70726f632f33302f636d646c696e65", "id": "1666082218" } }
W/DroidBox(  230): DroidBox: { "FileRW": { "operation": "read", "data": "2f696e69740000000000000000000000000000000000000000000000000000000000000000000000000000000000000000000000000000000000000000000000000000000000000000000000000000000000000000000000000000000000000000000000", "id": "1666082218" } }
W/dalvikvm(  230): DroidBox: { "FdAccess": { "path": "2f70726f632f33312f636d646c696e65", "id": "1821548434" } }
W/DroidBox(  230): DroidBox: { "FileRW": { "operation": "read", "data": "2f7362696e2f756576656e7464000000000000000000000000000000000000000000000000000000000000000000000000000000000000000000000000000000000000000000000000000000000000000000000000000000000000000000000000000000", "id": "1821548434" } }
W/dalvikvm(  230): DroidBox: { "FdAccess": { "path": "2f70726f632f33332f636d646c696e65", "id": "754751343" } }
W/DroidBox(  230): DroidBox: { "FileRW": { "operation": "read", "data": "2f7362696e2f756576656e7464000000000000000000000000000000000000000000000000000000000000000000000000000000000000000000000000000000000000000000000000000000000000000000000000000000000000000000000000000000", "id": "754751343" } }
W/dalvikvm(  230): DroidBox: { "FdAccess": { "path": "2f70726f632f33342f636d646c696e65", "id": "281800141" } }
W/DroidBox(  230): DroidBox: { "FileRW": { "operation": "read", "data": "2f7362696e2f756576656e7464000000000000000000000000000000000000000000000000000000000000000000000000000000000000000000000000000000000000000000000000000000000000000000000000000000000000000000000000000000", "id": "281800141" } }
W/dalvikvm(  230): DroidBox: { "FdAccess": { "path": "2f70726f632f33382f636d646c696e65", "id": "72885948" } }
W/DroidBox(  230): DroidBox: { "FileRW": { "operation": "read", "data": "2f7362696e2f756576656e7464000000000000000000000000000000000000000000000000000000000000000000000000000000000000000000000000000000000000000000000000000000000000000000000000000000000000000000000000000000", "id": "72885948" } }
W/dalvikvm(  230): DroidBox: { "FdAccess": { "path": "2f70726f632f34302f636d646c696e65", "id": "186702776" } }
W/DroidBox(  230): DroidBox: { "FileRW": { "operation": "read", "data": "2f7362696e2f756576656e7464000000000000000000000000000000000000000000000000000000000000000000000000000000000000000000000000000000000000000000000000000000000000000000000000000000000000000000000000000000", "id": "186702776" } }
W/dalvikvm(  230): DroidBox: { "FdAccess": { "path": "2f70726f632f34312f636d646c696e65", "id": "883792103" } }
W/DroidBox(  230): DroidBox: { "FileRW": { "operation": "read", "data": "2f7362696e2f756576656e7464000000000000000000000000000000000000000000000000000000000000000000000000000000000000000000000000000000000000000000000000000000000000000000000000000000000000000000000000000000", "id": "883792103" } }
W/dalvikvm(  230): DroidBox: { "FdAccess": { "path": "2f70726f632f34342f636d646c696e65", "id": "567653099" } }
W/DroidBox(  230): DroidBox: { "FileRW": { "operation": "read", "data": "2f7362696e2f756576656e7464000000000000000000000000000000000000000000000000000000000000000000000000000000000000000000000000000000000000000000000000000000000000000000000000000000000000000000000000000000", "id": "567653099" } }
W/dalvikvm(  230): DroidBox: { "FdAccess": { "path": "2f70726f632f34362f636d646c696e65", "id": "909756093" } }
W/DroidBox(  230): DroidBox: { "FileRW": { "operation": "read", "data": "2f7362696e2f756576656e7464000000000000000000000000000000000000000000000000000000000000000000000000000000000000000000000000000000000000000000000000000000000000000000000000000000000000000000000000000000", "id": "909756093" } }
W/dalvikvm(  230): DroidBox: { "FdAccess": { "path": "2f70726f632f34372f636d646c696e65", "id": "741443087" } }
W/DroidBox(  230): DroidBox: { "FileRW": { "operation": "read", "data": "2f7362696e2f756576656e7464000000000000000000000000000000000000000000000000000000000000000000000000000000000000000000000000000000000000000000000000000000000000000000000000000000000000000000000000000000", "id": "741443087" } }
W/dalvikvm(  230): DroidBox: { "FdAccess": { "path": "2f70726f632f34382f636d646c696e65", "id": "1926754628" } }
W/DroidBox(  230): DroidBox: { "FileRW": { "operation": "read", "data": "2f73797374656d2f62696e2f71656d75640000000000000000000000000000000000000000000000000000000000000000000000000000000000000000000000000000000000000000000000000000000000000000000000000000000000000000000000", "id": "1926754628" } }
W/dalvikvm(  230): DroidBox: { "FdAccess": { "path": "2f70726f632f35332f636d646c696e65", "id": "1900984209" } }
W/DroidBox(  230): DroidBox: { "FileRW": { "operation": "read", "data": "2f73797374656d2f62696e2f736572766963656d616e616765720000000000000000000000000000000000000000000000000000000000000000000000000000000000000000000000000000000000000000000000000000000000000000000000000000", "id": "1900984209" } }
W/dalvikvm(  230): DroidBox: { "FdAccess": { "path": "2f70726f632f35342f636d646c696e65", "id": "1397608250" } }
W/DroidBox(  230): DroidBox: { "FileRW": { "operation": "read", "data": "2f73797374656d2f62696e2f766f6c640063656d616e616765720000000000000000000000000000000000000000000000000000000000000000000000000000000000000000000000000000000000000000000000000000000000000000000000000000", "id": "1397608250" } }
W/dalvikvm(  230): DroidBox: { "FdAccess": { "path": "2f70726f632f35362f636d646c696e65", "id": "1698041071" } }
W/DroidBox(  230): DroidBox: { "FileRW": { "operation": "read", "data": "2f73797374656d2f62696e2f6e6574640063656d616e616765720000000000000000000000000000000000000000000000000000000000000000000000000000000000000000000000000000000000000000000000000000000000000000000000000000", "id": "1698041071" } }
W/dalvikvm(  230): DroidBox: { "FdAccess": { "path": "2f70726f632f35372f636d646c696e65", "id": "1945940871" } }
