D/InputEventConsistencyVerifier(  432):   1: sent at 131747000000, (unhandled) KeyEvent { action=ACTION_UP, keyCode=KEYCODE_MENU, scanCode=0, metaState=0, flags=0x8, repeatCount=0, eventTime=131747, downTime=131747, deviceId=-1, source=0x101 }
D/InputEventConsistencyVerifier(  432):   2: sent at 131715000000, (unhandled) KeyEvent { action=ACTION_DOWN, keyCode=KEYCODE_MENU, scanCode=0, metaState=0, flags=0x8, repeatCount=0, eventTime=131715, downTime=131715, deviceId=-1, source=0x101 }
D/InputEventConsistencyVerifier(  432):   3: sent at 131706000000, MotionEvent { action=ACTION_UP, id[0]=0, x[0]=61.0, y[0]=710.0, toolType[0]=TOOL_TYPE_UNKNOWN, buttonState=0, metaState=0, flags=0x0, edgeFlags=0x0, pointerCount=1, historySize=0, eventTime=131706, downTime=131701, deviceId=0, source=0x1002 }
D/InputEventConsistencyVerifier(  432):   4: sent at 131701000000, MotionEvent { action=ACTION_DOWN, id[0]=0, x[0]=48.0, y[0]=718.0, toolType[0]=TOOL_TYPE_UNKNOWN, buttonState=0, metaState=0, flags=0x0, edgeFlags=0x0, pointerCount=1, historySize=0, eventTime=131701, downTime=131701, deviceId=0, source=0x1002 }
D/InputEventConsistencyVerifier(  432):   5: sent at 131675000000, MotionEvent { action=ACTION_UP, id[0]=0, x[0]=49.0, y[0]=74.0, toolType[0]=TOOL_TYPE_UNKNOWN, buttonState=0, metaState=0, flags=0x0, edgeFlags=0x0, pointerCount=1, historySize=0, eventTime=131675, downTime=131658, deviceId=0, source=0x1002 }
D/InputEventConsistencyVerifier(  432): KeyEvent: ACTION_UP but key was not down.
D/InputEventConsistencyVerifier(  432):   in com.android.systemui.statusbar.phone.StatusBarWindowView@b3dc6300
D/InputEventConsistencyVerifier(  432):   0: sent at 131872000000, KeyEvent { action=ACTION_UP, keyCode=KEYCODE_DPAD_DOWN, scanCode=0, metaState=0, flags=0x8, repeatCount=0, eventTime=131872, downTime=131872, deviceId=-1, source=0x101 }
D/InputEventConsistencyVerifier(  432):   -- recent events --
D/InputEventConsistencyVerifier(  432):   1: sent at 131856000000, MotionEvent { action=ACTION_UP, id[0]=0, x[0]=170.0, y[0]=703.0, toolType[0]=TOOL_TYPE_UNKNOWN, buttonState=0, metaState=0, flags=0x0, edgeFlags=0x0, pointerCount=1, historySize=0, eventTime=131856, downTime=131791, deviceId=0, source=0x1002 }
D/InputEventConsistencyVerifier(  432):   2: sent at 131853000000, MotionEvent { action=ACTION_MOVE, id[0]=0, x[0]=177.0, y[0]=704.0, toolType[0]=TOOL_TYPE_UNKNOWN, buttonState=0, metaState=0, flags=0x0, edgeFlags=0x0, pointerCount=1, historySize=5, eventTime=131853, downTime=131791, deviceId=0, source=0x1002 }
D/InputEventConsistencyVerifier(  432):   3: sent at 131793000000, MotionEvent { action=ACTION_DOWN, id[0]=0, x[0]=194.0, y[0]=707.0, toolType[0]=TOOL_TYPE_UNKNOWN, buttonState=0, metaState=0, flags=0x0, edgeFlags=0x0, pointerCount=1, historySize=0, eventTime=131793, downTime=131791, deviceId=0, source=0x1002 }
D/InputEventConsistencyVerifier(  432):   4: sent at 131776000000, (unhandled) KeyEvent { action=ACTION_UP, keyCode=KEYCODE_DPAD_CENTER, scanCode=0, metaState=0, flags=0x8, repeatCount=0, eventTime=131776, downTime=131776, deviceId=-1, source=0x101 }
D/InputEventConsistencyVerifier(  432):   5: sent at 131766000000, (unhandled) KeyEvent { action=ACTION_DOWN, keyCode=KEYCODE_DPAD_CENTER, scanCode=0, metaState=0, flags=0x8, repeatCount=0, eventTime=131766, downTime=131766, deviceId=-1, source=0x101 }
D/InputEventConsistencyVerifier(  432): KeyEvent: ACTION_UP but key was not down.
D/InputEventConsistencyVerifier(  432):   in com.android.systemui.statusbar.phone.StatusBarWindowView@b3dc6300
D/InputEventConsistencyVerifier(  432):   0: sent at 131994000000, KeyEvent { action=ACTION_UP, keyCode=KEYCODE_DPAD_RIGHT, scanCode=0, metaState=0, flags=0x400, repeatCount=0, eventTime=131994, downTime=131994, deviceId=-1, source=0x101 }
D/InputEventConsistencyVerifier(  432):   -- recent events --
D/InputEventConsistencyVerifier(  432):   1: sent at 131987000000, (unhandled) MotionEvent { action=ACTION_MOVE, id[0]=0, x[0]=3.0, y[0]=0.0, toolType[0]=TOOL_TYPE_UNKNOWN, buttonState=0, metaState=0, flags=0x0, edgeFlags=0x0, pointerCount=1, historySize=9, eventTime=131987, downTime=-1, deviceId=0, source=0x10004 }
D/InputEventConsistencyVerifier(  432):   2: sent at 131923000000, MotionEvent { action=ACTION_UP, id[0]=0, x[0]=395.0, y[0]=374.0, toolType[0]=TOOL_TYPE_UNKNOWN, buttonState=0, metaState=0, flags=0x0, edgeFlags=0x0, pointerCount=1, historySize=0, eventTime=131923, downTime=131908, deviceId=0, source=0x1002 }
D/InputEventConsistencyVerifier(  432):   3: sent at 131909000000, MotionEvent { action=ACTION_DOWN, id[0]=0, x[0]=395.0, y[0]=374.0, toolType[0]=TOOL_TYPE_UNKNOWN, buttonState=0, metaState=0, flags=0x0, edgeFlags=0x0, pointerCount=1, historySize=0, eventTime=131909, downTime=131908, deviceId=0, source=0x1002 }
D/InputEventConsistencyVerifier(  432):   4: sent at 131872000000, (unhandled) KeyEvent { action=ACTION_UP, keyCode=KEYCODE_DPAD_DOWN, scanCode=0, metaState=0, flags=0x80000008, repeatCount=0, eventTime=131872, downTime=131872, deviceId=-1, source=0x101 }
D/InputEventConsistencyVerifier(  432):   5: sent at 131856000000, MotionEvent { action=ACTION_UP, id[0]=0, x[0]=170.0, y[0]=703.0, toolType[0]=TOOL_TYPE_UNKNOWN, buttonState=0, metaState=0, flags=0x0, edgeFlags=0x0, pointerCount=1, historySize=0, eventTime=131856, downTime=131791, deviceId=0, source=0x1002 }
D/InputEventConsistencyVerifier(  432): KeyEvent: ACTION_UP but key was not down.
D/InputEventConsistencyVerifier(  432):   in com.android.systemui.statusbar.phone.StatusBarWindowView@b3dc6300
D/InputEventConsistencyVerifier(  432):   0: sent at 132082000000, KeyEvent { action=ACTION_UP, keyCode=KEYCODE_DPAD_LEFT, scanCode=0, metaState=0, flags=0x8, repeatCount=0, eventTime=132082, downTime=132082, deviceId=-1, source=0x101 }
D/InputEventConsistencyVerifier(  432):   -- recent events --
D/InputEventConsistencyVerifier(  432):   1: sent at 132045000000, MotionEvent { action=ACTION_UP, id[0]=0, x[0]=134.0, y[0]=130.0, toolType[0]=TOOL_TYPE_UNKNOWN, buttonState=0, metaState=0, flags=0x0, edgeFlags=0x0, pointerCount=1, historySize=0, eventTime=132045, downTime=132038, deviceId=0, source=0x1002 }
D/InputEventConsistencyVerifier(  432):   2: sent at 132039000000, MotionEvent { action=ACTION_DOWN, id[0]=0, x[0]=132.0, y[0]=148.0, toolType[0]=TOOL_TYPE_UNKNOWN, buttonState=0, metaState=0, flags=0x0, edgeFlags=0x0, pointerCount=1, historySize=0, eventTime=132039, downTime=132038, deviceId=0, source=0x1002 }
D/InputEventConsistencyVerifier(  432):   3: sent at 132010000000, MotionEvent { action=ACTION_UP, id[0]=0, x[0]=218.0, y[0]=606.0, toolType[0]=TOOL_TYPE_UNKNOWN, buttonState=0, metaState=0, flags=0x0, edgeFlags=0x0, pointerCount=1, historySize=0, eventTime=132010, downTime=132004, deviceId=0, source=0x1002 }
D/InputEventConsistencyVerifier(  432):   4: sent at 132004000000, MotionEvent { action=ACTION_DOWN, id[0]=0, x[0]=208.0, y[0]=606.0, toolType[0]=TOOL_TYPE_UNKNOWN, buttonState=0, metaState=0, flags=0x0, edgeFlags=0x0, pointerCount=1, historySize=0, eventTime=132004, downTime=132004, deviceId=0, source=0x1002 }
D/InputEventConsistencyVerifier(  432):   5: sent at 131994000000, (unhandled) KeyEvent { action=ACTION_UP, keyCode=KEYCODE_DPAD_RIGHT, scanCode=0, metaState=0, flags=0x400, repeatCount=0, eventTime=131994, downTime=131994, deviceId=-1, source=0x101 }
D/InputEventConsistencyVerifier(  432): KeyEvent: ACTION_UP but key was not down.
D/InputEventConsistencyVerifier(  432):   in android.widget.FrameLayout@b3d96380
D/InputEventConsistencyVerifier(  432):   0: sent at 132192000000, KeyEvent { action=ACTION_UP, keyCode=KEYCODE_DPAD_DOWN, scanCode=0, metaState=0, flags=0x400, repeatCount=0, eventTime=132192, downTime=132192, deviceId=-1, source=0x101 }
D/InputEventConsistencyVerifier(  432):   -- recent events --
D/InputEventConsistencyVerifier(  432):   1: sent at 132045000000, MotionEvent { action=ACTION_UP, id[0]=0, x[0]=134.0, y[0]=130.0, toolType[0]=TOOL_TYPE_UNKNOWN, buttonState=0, metaState=0, flags=0x0, edgeFlags=0x0, pointerCount=1, historySize=0, eventTime=132045, downTime=132038, deviceId=0, source=0x1002 }
D/InputEventConsistencyVerifier(  432):   2: sent at 132039000000, MotionEvent { action=ACTION_DOWN, id[0]=0, x[0]=132.0, y[0]=148.0, toolType[0]=TOOL_TYPE_UNKNOWN, buttonState=0, metaState=0, flags=0x0, edgeFlags=0x0, pointerCount=1, historySize=0, eventTime=132039, downTime=132038, deviceId=0, source=0x1002 }
D/InputEventConsistencyVerifier(  432):   3: sent at 132010000000, MotionEvent { action=ACTION_UP, id[0]=0, x[0]=218.0, y[0]=606.0, toolType[0]=TOOL_TYPE_UNKNOWN, buttonState=0, metaState=0, flags=0x0, edgeFlags=0x0, pointerCount=1, historySize=0, eventTime=132010, downTime=132004, deviceId=0, source=0x1002 }
D/InputEventConsistencyVerifier(  432):   4: sent at 132004000000, MotionEvent { action=ACTION_DOWN, id[0]=0, x[0]=208.0, y[0]=606.0, toolType[0]=TOOL_TYPE_UNKNOWN, buttonState=0, metaState=0, flags=0x0, edgeFlags=0x0, pointerCount=1, historySize=0, eventTime=132004, downTime=132004, deviceId=0, source=0x1002 }
D/InputEventConsistencyVerifier(  432):   5: sent at 131923000000, MotionEvent { action=ACTION_UP, id[0]=0, x[0]=395.0, y[0]=374.0, toolType[0]=TOOL_TYPE_UNKNOWN, buttonState=0, metaState=0, flags=0x0, edgeFlags=0x0, pointerCount=1, historySize=0, eventTime=131923, downTime=131908, deviceId=0, source=0x1002 }
I/ActivityManager(  231): START {act=android.intent.action.CALL_BUTTON flg=0x10000000 cmp=com.android.contacts/.activities.DialtactsActivity u=0} from pid 432
I/Choreographer(  432): Skipped 37 frames!  The application may be doing too much work on its main thread.
W/dalvikvm(  432): DroidBox: { "FdAccess": { "path": "2f70726f632f6d656d696e666f", "id": "1404966625" } }
W/DroidBox(  432): DroidBox: { "FileRW": { "operation": "read", "data": "4d656d546f74616c3a202020202020202020373438393634206b420a4d656d467265653a20202020202020202020343530383438206b420a427566666572733a20202020202020202020202035333932206b420a4361636865643a202020202020202020", "id": "1404966625" } }
I/ActivityManager(  231): Start proc com.android.music for broadcast com.android.music/.MediaButtonIntentReceiver: pid=1076 uid=10024 gids={3003, 1015, 1028}
D/InputEventConsistencyVerifier(  432): TouchEvent: ACTION_DOWN but pointers are already down.  Probably missing ACTION_UP from previous gesture.
D/InputEventConsistencyVerifier(  432):   in android.view.ScaleGestureDetector@b3e66c80
D/InputEventConsistencyVerifier(  432):   0: sent at 132546000000, MotionEvent { action=ACTION_DOWN, id[0]=0, x[0]=214.0, y[0]=671.0, toolType[0]=TOOL_TYPE_UNKNOWN, buttonState=0, metaState=0, flags=0x0, edgeFlags=0x0, pointerCount=1, historySize=0, eventTime=132546, downTime=132544, deviceId=0, source=0x1002 }
D/InputEventConsistencyVerifier(  432):   -- recent events --
D/InputEventConsistencyVerifier(  432):   1: sent at 132501000000, MotionEvent { action=ACTION_MOVE, id[0]=0, x[0]=69.0, y[0]=709.0, toolType[0]=TOOL_TYPE_UNKNOWN, buttonState=0, metaState=0, flags=0x0, edgeFlags=0x0, pointerCount=1, historySize=0, eventTime=132501, downTime=132475, deviceId=0, source=0x1002 }
D/InputEventConsistencyVerifier(  432):   2: sent at 132476000000, MotionEvent { action=ACTION_DOWN, id[0]=0, x[0]=62.0, y[0]=722.0, toolType[0]=TOOL_TYPE_UNKNOWN, buttonState=0, metaState=0, flags=0x0, edgeFlags=0x0, pointerCount=1, historySize=0, eventTime=132476, downTime=132475, deviceId=0, source=0x1002 }
D/InputEventConsistencyVerifier(  432):   3: sent at 132045000000, MotionEvent { action=ACTION_UP, id[0]=0, x[0]=134.0, y[0]=130.0, toolType[0]=TOOL_TYPE_UNKNOWN, buttonState=0, metaState=0, flags=0x0, edgeFlags=0x0, pointerCount=1, historySize=0, eventTime=132045, downTime=132038, deviceId=0, source=0x1002 }
D/InputEventConsistencyVerifier(  432):   4: sent at 132039000000, MotionEvent { action=ACTION_DOWN, id[0]=0, x[0]=132.0, y[0]=148.0, toolType[0]=TOOL_TYPE_UNKNOWN, buttonState=0, metaState=0, flags=0x0, edgeFlags=0x0, pointerCount=1, historySize=0, eventTime=132039, downTime=132038, deviceId=0, source=0x1002 }
D/InputEventConsistencyVerifier(  432):   5: sent at 132010000000, MotionEvent { action=ACTION_UP, id[0]=0, x[0]=218.0, y[0]=606.0, toolType[0]=TOOL_TYPE_UNKNOWN, buttonState=0, metaState=0, flags=0x0, edgeFlags=0x0, pointerCount=1, historySize=0, eventTime=132010, downTime=132004, deviceId=0, source=0x1002 }
W/dalvikvm(  432): DroidBox: { "FdAccess": { "path": "2f70726f632f6d656d696e666f", "id": "1910821122" } }
W/DroidBox(  432): DroidBox: { "FileRW": { "operation": "read", "data": "4d656d546f74616c3a202020202020202020373438393634206b420a4d656d467265653a20202020202020202020343530353736206b420a427566666572733a20202020202020202020202035333932206b420a4361636865643a202020202020202020", "id": "1910821122" } }
W/InputMethodManagerService(  231): Window already focused, ignoring focus gain of: com.android.internal.view.IInputMethodClient$Stub$Proxy@b41c5010 attribute=android.view.inputmethod.EditorInfo@b42cea18
D/InputEventConsistencyVerifier( 1025): KeyEvent: ACTION_UP but key was not down.
D/InputEventConsistencyVerifier( 1025):   in android.view.ViewRootImpl@b3dd7d08
D/InputEventConsistencyVerifier( 1025):   0: sent at 132769000000, KeyEvent { action=ACTION_UP, keyCode=KEYCODE_H, scanCode=0, metaState=0, flags=0x8, repeatCount=0, eventTime=132769, downTime=132769, deviceId=-1, source=0x101 }
D/InputEventConsistencyVerifier( 1025):   -- recent events --
D/InputEventConsistencyVerifier( 1025):   1: sent at 126390000000, KeyEvent { action=ACTION_UP, keyCode=KEYCODE_DPAD_UP, scanCode=0, metaState=0, flags=0x400, repeatCount=0, eventTime=126390, downTime=126390, deviceId=-1, source=0x101 }
D/InputEventConsistencyVerifier( 1025):   2: sent at 126390000000, KeyEvent { action=ACTION_DOWN, keyCode=KEYCODE_DPAD_UP, scanCode=0, metaState=0, flags=0x400, repeatCount=0, eventTime=126390, downTime=126390, deviceId=-1, source=0x101 }
D/InputEventConsistencyVerifier( 1025):   3: sent at 126389000000, KeyEvent { action=ACTION_UP, keyCode=KEYCODE_DPAD_UP, scanCode=0, metaState=0, flags=0x400, repeatCount=0, eventTime=126389, downTime=126389, deviceId=-1, source=0x101 }
D/InputEventConsistencyVerifier( 1025):   4: sent at 126389000000, KeyEvent { action=ACTION_DOWN, keyCode=KEYCODE_DPAD_UP, scanCode=0, metaState=0, flags=0x400, repeatCount=0, eventTime=126389, downTime=126389, deviceId=-1, source=0x101 }
D/InputEventConsistencyVerifier( 1025):   5: sent at 126388000000, KeyEvent { action=ACTION_UP, keyCode=KEYCODE_DPAD_UP, scanCode=0, metaState=0, flags=0x400, repeatCount=0, eventTime=126388, downTime=126388, deviceId=-1, source=0x101 }
I/Choreographer(  432): Skipped 35 frames!  The application may be doing too much work on its main thread.
I/Choreographer( 1025): Skipped 31 frames!  The application may be doing too much work on its main thread.
V/PhoneStatusBar(  432): setLightsOn(true)
D/PhoneStatusBar(  432): disable: < expand icons alerts ticker* system_info back home recent clock >
E/WVMExtractor(   61): Failed to open libwvm.so
D/InputEventConsistencyVerifier( 1025): KeyEvent: ACTION_UP but key was not down.
D/InputEventConsistencyVerifier( 1025):   in com.android.internal.policy.impl.PhoneWindow$DecorView@b3d91800
D/InputEventConsistencyVerifier( 1025):   0: sent at 133121000000, KeyEvent { action=ACTION_UP, keyCode=KEYCODE_DPAD_UP, scanCode=0, metaState=0, flags=0x8, repeatCount=0, eventTime=133121, downTime=133121, deviceId=-1, source=0x101 }
D/InputEventConsistencyVerifier( 1025):   -- recent events --
D/InputEventConsistencyVerifier( 1025):   1: sent at 132769000000, (unhandled) KeyEvent { action=ACTION_UP, keyCode=KEYCODE_H, scanCode=0, metaState=0, flags=0x80000008, repeatCount=0, eventTime=132769, downTime=132769, deviceId=-1, source=0x101 }
D/InputEventConsistencyVerifier( 1025):   2: sent at 126390000000, (unhandled) KeyEvent { action=ACTION_UP, keyCode=KEYCODE_DPAD_UP, scanCode=0, metaState=0, flags=0x400, repeatCount=0, eventTime=126390, downTime=126390, deviceId=-1, source=0x101 }
D/InputEventConsistencyVerifier( 1025):   3: sent at 126390000000, (unhandled) KeyEvent { action=ACTION_DOWN, keyCode=KEYCODE_DPAD_UP, scanCode=0, metaState=0, flags=0x400, repeatCount=0, eventTime=126390, downTime=126390, deviceId=-1, source=0x101 }
D/InputEventConsistencyVerifier( 1025):   4: sent at 126389000000, (unhandled) KeyEvent { action=ACTION_UP, keyCode=KEYCODE_DPAD_UP, scanCode=0, metaState=0, flags=0x400, repeatCount=0, eventTime=126389, downTime=126389, deviceId=-1, source=0x101 }
D/InputEventConsistencyVerifier( 1025):   5: sent at 126389000000, (unhandled) KeyEvent { action=ACTION_DOWN, keyCode=KEYCODE_DPAD_UP, scanCode=0, metaState=0, flags=0x400, repeatCount=0, eventTime=126389, downTime=126389, deviceId=-1, source=0x101 }
E/Trace   ( 1076): error opening trace file: No such file or directory (2)
I/ActivityManager(  231): START {act=android.intent.action.CALL_BUTTON flg=0x10000000 cmp=com.android.contacts/.activities.DialtactsActivity u=0} from pid 1025
E/WVMExtractor(   61): Failed to open libwvm.so
I/Choreographer( 1025): Skipped 34 frames!  The application may be doing too much work on its main thread.
D/InputEventConsistencyVerifier( 1025): KeyEvent: ACTION_UP but key was not down.
D/InputEventConsistencyVerifier( 1025):   in com.android.internal.policy.impl.PhoneWindow$DecorView@b3d91800
D/InputEventConsistencyVerifier( 1025):   0: sent at 133812000000, KeyEvent { action=ACTION_UP, keyCode=KEYCODE_DPAD_LEFT, scanCode=0, metaState=0, flags=0x8, repeatCount=0, eventTime=133812, downTime=133812, deviceId=-1, source=0x101 }
D/InputEventConsistencyVerifier( 1025):   -- recent events --
D/InputEventConsistencyVerifier( 1025):   1: sent at 133513000000, (unhandled) KeyEvent { action=ACTION_UP, keyCode=KEYCODE_CALL, scanCode=0, metaState=0, flags=0x8, repeatCount=0, eventTime=133513, downTime=133513, deviceId=-1, source=0x101 }
D/InputEventConsistencyVerifier( 1025):   2: sent at 133234000000, (unhandled) KeyEvent { action=ACTION_DOWN, keyCode=KEYCODE_CALL, scanCode=0, metaState=0, flags=0x8, repeatCount=0, eventTime=133234, downTime=133234, deviceId=-1, source=0x101 }
D/InputEventConsistencyVerifier( 1025):   3: sent at 133223000000, (unhandled) MotionEvent { action=ACTION_UP, id[0]=0, x[0]=86.66667, y[0]=501.33334, toolType[0]=TOOL_TYPE_UNKNOWN, buttonState=0, metaState=0, flags=0x0, edgeFlags=0x0, pointerCount=1, historySize=0, eventTime=133223, downTime=133216, deviceId=0, source=0x1002 }
D/InputEventConsistencyVerifier( 1025):   4: sent at 133216000000, (unhandled) MotionEvent { action=ACTION_DOWN, id[0]=0, x[0]=87.333336, y[0]=502.6667, toolType[0]=TOOL_TYPE_UNKNOWN, buttonState=0, metaState=0, flags=0x0, edgeFlags=0x0, pointerCount=1, historySize=0, eventTime=133216, downTime=133216, deviceId=0, source=0x1002 }
D/InputEventConsistencyVerifier( 1025):   5: sent at 133121000000, (unhandled) KeyEvent { action=ACTION_UP, keyCode=KEYCODE_DPAD_UP, scanCode=0, metaState=0, flags=0x80000008, repeatCount=0, eventTime=133121, downTime=133121, deviceId=-1, source=0x101 }
I/Choreographer( 1025): Skipped 36 frames!  The application may be doing too much work on its main thread.
W/DroidBox( 1076): DroidBox: { "DexClassLoader": { "path": "/system/app/Music.apk" } }
E/WVMExtractor(   61): Failed to open libwvm.so
E/WVMExtractor(   61): Failed to open libwvm.so
E/WVMExtractor(   61): Failed to open libwvm.so
W/DroidBox( 1076): DroidBox: { "ServiceStart": { "name": "com.android.music.MediaPlaybackService" } }
W/DroidBox( 1076): DroidBox: { "ServiceStart": { "name": "com.android.music.MediaPlaybackService" } }
E/WVMExtractor(   61): Failed to open libwvm.so
I/AudioService(  231):   Remote Control   registerMediaButtonIntent() for PendingIntent{b400b380: PendingIntentRecord{b400b278 com.android.music broadcastIntent}}
E/WVMExtractor(   61): Failed to open libwvm.so
E/WVMExtractor(   61): Failed to open libwvm.so
E/WVMExtractor(   61): Failed to open libwvm.so
E/WVMExtractor(   61): Failed to open libwvm.so
E/WVMExtractor(   61): Failed to open libwvm.so
E/WVMExtractor(   61): Failed to open libwvm.so
E/WVMExtractor(   61): Failed to open libwvm.so
E/WVMExtractor(   61): Failed to open libwvm.so
E/WVMExtractor(   61): Failed to open libwvm.so
W/dalvikvm( 1076): DroidBox: { "FdAccess": { "path": "2f646174612f646174612f636f6d2e616e64726f69642e6d757369632f7368617265645f70726566732f4d757369632e786d6c", "id": "1653091221" } }
W/DroidBox( 1076): DroidBox: { "FileRW": { "operation": "write", "data": "3c3f786d6c2076657273696f6e3d27312e302720656e636f64696e673d277574662d3827207374616e64616c6f6e653d2779657327203f3e0a3c6d61703e0a3c737472696e67206e616d653d227175657565223e3c2f737472696e673e0a3c696e74206e", "id": "1653091221" } }
W/dalvikvm(  231): DroidBox: { "FdAccess": { "path": "2f70726f632f313037362f636d646c696e65", "id": "1245636211" } }
W/DroidBox(  231): DroidBox: { "FileRW": { "operation": "read", "data": "636f6d2e616e64726f69642e6d75736963000000000000000000000000000000000000000000000000000000000000000000000000000000000000000000000000000000000000000000000030626635343731613734363639373339393639392e61706b", "id": "1245636211" } }
W/dalvikvm(  231): DroidBox: { "FdAccess": { "path": "2f70726f632f313039312f636d646c696e65", "id": "1984768683" } }
W/DroidBox(  231): DroidBox: { "FileRW": { "operation": "read", "data": "636f6d2e636f726e657232332e616e64726f69642e756e6976657273616c616e64726f6f7400000000000000000000000000000000000000000000000000000000000000000000000000000030626635343731613734363639373339393639392e61706b", "id": "1984768683" } }
E/WVMExtractor(   61): Failed to open libwvm.so
E/WVMExtractor(   61): Failed to open libwvm.so
E/WVMExtractor(   61): Failed to open libwvm.so
I/InputDispatcher(  231): Application is not responding: AppWindowToken{b3e39ca0 token=Token{b4003bf0 ActivityRecord{b3e2dd50 com.corner23.android.universalandroot/.UniversalAndroot}}} - Window{b3f3aa00 com.corner23.android.universalandroot/com.corner23.android.universalandroot.UniversalAndroot paused=false}.  It has been 5008.9ms since event, 5004.4ms since wait started.  Reason: Waiting because the focused window has not finished processing the input events that were previously delivered to it.
I/WindowManager(  231): Input event dispatching timed out sending to com.corner23.android.universalandroot/com.corner23.android.universalandroot.UniversalAndroot
I/Process (  231): Sending signal. PID: 1025 SIG: 3
I/Process (  231): Sending signal. PID: 231 SIG: 3
I/Process (  231): Sending signal. PID: 432 SIG: 3
I/Process (  231): Sending signal. PID: 510 SIG: 3
W/dalvikvm(  231): DroidBox: { "FdAccess": { "path": "2f70726f632f312f636d646c696e65", "id": "928702219" } }
W/DroidBox(  231): DroidBox: { "FileRW": { "operation": "read", "data": "2f696e69740000000000000000000000000000000000000000000000000000000000000000000000000000000000000000000000000000000000000000000000000000000000000000000000000000000000000000000000000000000000000000000000", "id": "928702219" } }
W/dalvikvm(  231): DroidBox: { "FdAccess": { "path": "2f70726f632f322f636d646c696e65", "id": "96933727" } }
W/DroidBox(  231): DroidBox: { "FileRW": { "operation": "read", "data": "2f696e69740000000000000000000000000000000000000000000000000000000000000000000000000000000000000000000000000000000000000000000000000000000000000000000000000000000000000000000000000000000000000000000000", "id": "96933727" } }
W/dalvikvm(  231): DroidBox: { "FdAccess": { "path": "2f70726f632f332f636d646c696e65", "id": "1523441483" } }
W/DroidBox(  231): DroidBox: { "FileRW": { "operation": "read", "data": "2f696e69740000000000000000000000000000000000000000000000000000000000000000000000000000000000000000000000000000000000000000000000000000000000000000000000000000000000000000000000000000000000000000000000", "id": "1523441483" } }
W/dalvikvm(  231): DroidBox: { "FdAccess": { "path": "2f70726f632f342f636d646c696e65", "id": "360200133" } }
W/DroidBox(  231): DroidBox: { "FileRW": { "operation": "read", "data": "2f696e69740000000000000000000000000000000000000000000000000000000000000000000000000000000000000000000000000000000000000000000000000000000000000000000000000000000000000000000000000000000000000000000000", "id": "360200133" } }
W/dalvikvm(  231): DroidBox: { "FdAccess": { "path": "2f70726f632f352f636d646c696e65", "id": "741192146" } }
W/DroidBox(  231): DroidBox: { "FileRW": { "operation": "read", "data": "2f696e69740000000000000000000000000000000000000000000000000000000000000000000000000000000000000000000000000000000000000000000000000000000000000000000000000000000000000000000000000000000000000000000000", "id": "741192146" } }
W/dalvikvm(  231): DroidBox: { "FdAccess": { "path": "2f70726f632f362f636d646c696e65", "id": "1615042922" } }
W/DroidBox(  231): DroidBox: { "FileRW": { "operation": "read", "data": "2f696e69740000000000000000000000000000000000000000000000000000000000000000000000000000000000000000000000000000000000000000000000000000000000000000000000000000000000000000000000000000000000000000000000", "id": "1615042922" } }
W/dalvikvm(  231): DroidBox: { "FdAccess": { "path": "2f70726f632f372f636d646c696e65", "id": "347854795" } }
W/DroidBox(  231): DroidBox: { "FileRW": { "operation": "read", "data": "2f696e69740000000000000000000000000000000000000000000000000000000000000000000000000000000000000000000000000000000000000000000000000000000000000000000000000000000000000000000000000000000000000000000000", "id": "347854795" } }
W/dalvikvm(  231): DroidBox: { "FdAccess": { "path": "2f70726f632f382f636d646c696e65", "id": "1512415472" } }
W/DroidBox(  231): DroidBox: { "FileRW": { "operation": "read", "data": "2f696e69740000000000000000000000000000000000000000000000000000000000000000000000000000000000000000000000000000000000000000000000000000000000000000000000000000000000000000000000000000000000000000000000", "id": "1512415472" } }
W/dalvikvm(  231): DroidBox: { "FdAccess": { "path": "2f70726f632f392f636d646c696e65", "id": "421743015" } }
W/DroidBox(  231): DroidBox: { "FileRW": { "operation": "read", "data": "2f696e69740000000000000000000000000000000000000000000000000000000000000000000000000000000000000000000000000000000000000000000000000000000000000000000000000000000000000000000000000000000000000000000000", "id": "421743015" } }
W/dalvikvm(  231): DroidBox: { "FdAccess": { "path": "2f70726f632f31302f636d646c696e65", "id": "1658474396" } }
W/DroidBox(  231): DroidBox: { "FileRW": { "operation": "read", "data": "2f696e69740000000000000000000000000000000000000000000000000000000000000000000000000000000000000000000000000000000000000000000000000000000000000000000000000000000000000000000000000000000000000000000000", "id": "1658474396" } }
W/dalvikvm(  231): DroidBox: { "FdAccess": { "path": "2f70726f632f31312f636d646c696e65", "id": "1934646940" } }
W/DroidBox(  231): DroidBox: { "FileRW": { "operation": "read", "data": "2f696e69740000000000000000000000000000000000000000000000000000000000000000000000000000000000000000000000000000000000000000000000000000000000000000000000000000000000000000000000000000000000000000000000", "id": "1934646940" } }
W/dalvikvm(  231): DroidBox: { "FdAccess": { "path": "2f70726f632f31322f636d646c696e65", "id": "1904138958" } }
W/DroidBox(  231): DroidBox: { "FileRW": { "operation": "read", "data": "2f696e69740000000000000000000000000000000000000000000000000000000000000000000000000000000000000000000000000000000000000000000000000000000000000000000000000000000000000000000000000000000000000000000000", "id": "1904138958" } }
W/dalvikvm(  231): DroidBox: { "FdAccess": { "path": "2f70726f632f31332f636d646c696e65", "id": "496922983" } }
W/DroidBox(  231): DroidBox: { "FileRW": { "operation": "read", "data": "2f696e69740000000000000000000000000000000000000000000000000000000000000000000000000000000000000000000000000000000000000000000000000000000000000000000000000000000000000000000000000000000000000000000000", "id": "496922983" } }
W/dalvikvm(  231): DroidBox: { "FdAccess": { "path": "2f70726f632f31342f636d646c696e65", "id": "141730321" } }
W/DroidBox(  231): DroidBox: { "FileRW": { "operation": "read", "data": "2f696e69740000000000000000000000000000000000000000000000000000000000000000000000000000000000000000000000000000000000000000000000000000000000000000000000000000000000000000000000000000000000000000000000", "id": "141730321" } }
W/dalvikvm(  231): DroidBox: { "FdAccess": { "path": "2f70726f632f32352f636d646c696e65", "id": "353699664" } }
W/DroidBox(  231): DroidBox: { "FileRW": { "operation": "read", "data": "2f696e69740000000000000000000000000000000000000000000000000000000000000000000000000000000000000000000000000000000000000000000000000000000000000000000000000000000000000000000000000000000000000000000000", "id": "353699664" } }
W/dalvikvm(  231): DroidBox: { "FdAccess": { "path": "2f70726f632f32362f636d646c696e65", "id": "1171083424" } }
W/DroidBox(  231): DroidBox: { "FileRW": { "operation": "read", "data": "2f696e69740000000000000000000000000000000000000000000000000000000000000000000000000000000000000000000000000000000000000000000000000000000000000000000000000000000000000000000000000000000000000000000000", "id": "1171083424" } }
W/dalvikvm(  231): DroidBox: { "FdAccess": { "path": "2f70726f632f32372f636d646c696e65", "id": "1647441703" } }
W/DroidBox(  231): DroidBox: { "FileRW": { "operation": "read", "data": "2f696e69740000000000000000000000000000000000000000000000000000000000000000000000000000000000000000000000000000000000000000000000000000000000000000000000000000000000000000000000000000000000000000000000", "id": "1647441703" } }
W/dalvikvm(  231): DroidBox: { "FdAccess": { "path": "2f70726f632f32382f636d646c696e65", "id": "1846344897" } }
W/DroidBox(  231): DroidBox: { "FileRW": { "operation": "read", "data": "2f696e69740000000000000000000000000000000000000000000000000000000000000000000000000000000000000000000000000000000000000000000000000000000000000000000000000000000000000000000000000000000000000000000000", "id": "1846344897" } }
W/dalvikvm(  231): DroidBox: { "FdAccess": { "path": "2f70726f632f32392f636d646c696e65", "id": "114211549" } }
W/DroidBox(  231): DroidBox: { "FileRW": { "operation": "read", "data": "2f696e69740000000000000000000000000000000000000000000000000000000000000000000000000000000000000000000000000000000000000000000000000000000000000000000000000000000000000000000000000000000000000000000000", "id": "114211549" } }
W/dalvikvm(  231): DroidBox: { "FdAccess": { "path": "2f70726f632f33302f636d646c696e65", "id": "594229644" } }
W/DroidBox(  231): DroidBox: { "FileRW": { "operation": "read", "data": "2f696e69740000000000000000000000000000000000000000000000000000000000000000000000000000000000000000000000000000000000000000000000000000000000000000000000000000000000000000000000000000000000000000000000", "id": "594229644" } }
W/dalvikvm(  231): DroidBox: { "FdAccess": { "path": "2f70726f632f33312f636d646c696e65", "id": "574974264" } }
W/DroidBox(  231): DroidBox: { "FileRW": { "operation": "read", "data": "2f7362696e2f756576656e7464000000000000000000000000000000000000000000000000000000000000000000000000000000000000000000000000000000000000000000000000000000000000000000000000000000000000000000000000000000", "id": "574974264" } }
W/dalvikvm(  231): DroidBox: { "FdAccess": { "path": "2f70726f632f33332f636d646c696e65", "id": "1715753939" } }
W/DroidBox(  231): DroidBox: { "FileRW": { "operation": "read", "data": "2f7362696e2f756576656e7464000000000000000000000000000000000000000000000000000000000000000000000000000000000000000000000000000000000000000000000000000000000000000000000000000000000000000000000000000000", "id": "1715753939" } }
W/dalvikvm(  231): DroidBox: { "FdAccess": { "path": "2f70726f632f33342f636d646c696e65", "id": "1816053694" } }
W/DroidBox(  231): DroidBox: { "FileRW": { "operation": "read", "data": "2f7362696e2f756576656e7464000000000000000000000000000000000000000000000000000000000000000000000000000000000000000000000000000000000000000000000000000000000000000000000000000000000000000000000000000000", "id": "1816053694" } }
W/dalvikvm(  231): DroidBox: { "FdAccess": { "path": "2f70726f632f33382f636d646c696e65", "id": "2095562611" } }
W/DroidBox(  231): DroidBox: { "FileRW": { "operation": "read", "data": "2f7362696e2f756576656e7464000000000000000000000000000000000000000000000000000000000000000000000000000000000000000000000000000000000000000000000000000000000000000000000000000000000000000000000000000000", "id": "2095562611" } }
W/dalvikvm(  231): DroidBox: { "FdAccess": { "path": "2f70726f632f34302f636d646c696e65", "id": "1263658965" } }
W/DroidBox(  231): DroidBox: { "FileRW": { "operation": "read", "data": "2f7362696e2f756576656e7464000000000000000000000000000000000000000000000000000000000000000000000000000000000000000000000000000000000000000000000000000000000000000000000000000000000000000000000000000000", "id": "1263658965" } }
W/dalvikvm(  231): DroidBox: { "FdAccess": { "path": "2f70726f632f34312f636d646c696e65", "id": "1705188189" } }
W/DroidBox(  231): DroidBox: { "FileRW": { "operation": "read", "data": "2f7362696e2f756576656e7464000000000000000000000000000000000000000000000000000000000000000000000000000000000000000000000000000000000000000000000000000000000000000000000000000000000000000000000000000000", "id": "1705188189" } }
W/dalvikvm(  231): DroidBox: { "FdAccess": { "path": "2f70726f632f34342f636d646c696e65", "id": "743936477" } }
W/DroidBox(  231): DroidBox: { "FileRW": { "operation": "read", "data": "2f7362696e2f756576656e7464000000000000000000000000000000000000000000000000000000000000000000000000000000000000000000000000000000000000000000000000000000000000000000000000000000000000000000000000000000", "id": "743936477" } }
W/dalvikvm(  231): DroidBox: { "FdAccess": { "path": "2f70726f632f34362f636d646c696e65", "id": "1507623853" } }
W/DroidBox(  231): DroidBox: { "FileRW": { "operation": "read", "data": "2f7362696e2f756576656e7464000000000000000000000000000000000000000000000000000000000000000000000000000000000000000000000000000000000000000000000000000000000000000000000000000000000000000000000000000000", "id": "1507623853" } }
W/dalvikvm(  231): DroidBox: { "FdAccess": { "path": "2f70726f632f34372f636d646c696e65", "id": "301613679" } }
W/DroidBox(  231): DroidBox: { "FileRW": { "operation": "read", "data": "2f7362696e2f756576656e7464000000000000000000000000000000000000000000000000000000000000000000000000000000000000000000000000000000000000000000000000000000000000000000000000000000000000000000000000000000", "id": "301613679" } }
W/dalvikvm(  231): DroidBox: { "FdAccess": { "path": "2f70726f632f34382f636d646c696e65", "id": "316099970" } }
W/DroidBox(  231): DroidBox: { "FileRW": { "operation": "read", "data": "2f73797374656d2f62696e2f71656d75640000000000000000000000000000000000000000000000000000000000000000000000000000000000000000000000000000000000000000000000000000000000000000000000000000000000000000000000", "id": "316099970" } }
W/dalvikvm(  231): DroidBox: { "FdAccess": { "path": "2f70726f632f35322f636d646c696e65", "id": "475128541" } }
W/DroidBox(  231): DroidBox: { "FileRW": { "operation": "read", "data": "2f73797374656d2f62696e2f736572766963656d616e616765720000000000000000000000000000000000000000000000000000000000000000000000000000000000000000000000000000000000000000000000000000000000000000000000000000", "id": "475128541" } }
W/dalvikvm(  231): DroidBox: { "FdAccess": { "path": "2f70726f632f35332f636d646c696e65", "id": "1699088780" } }
W/DroidBox(  231): DroidBox: { "FileRW": { "operation": "read", "data": "2f73797374656d2f62696e2f766f6c640063656d616e616765720000000000000000000000000000000000000000000000000000000000000000000000000000000000000000000000000000000000000000000000000000000000000000000000000000", "id": "1699088780" } }
W/dalvikvm(  231): DroidBox: { "FdAccess": { "path": "2f70726f632f35352f636d646c696e65", "id": "400279955" } }
W/DroidBox(  231): DroidBox: { "FileRW": { "operation": "read", "data": "2f73797374656d2f62696e2f6e6574640063656d616e616765720000000000000000000000000000000000000000000000000000000000000000000000000000000000000000000000000000000000000000000000000000000000000000000000000000", "id": "400279955" } }
W/dalvikvm(  231): DroidBox: { "FdAccess": { "path": "2f70726f632f35362f636d646c696e65", "id": "1304643664" } }
W/DroidBox(  231): DroidBox: { "FileRW": { "operation": "read", "data": "2f73797374656d2f62696e2f64656275676765726400616765720000000000000000000000000000000000000000000000000000000000000000000000000000000000000000000000000000000000000000000000000000000000000000000000000000", "id": "1304643664" } }
W/dalvikvm(  231): DroidBox: { "FdAccess": { "path": "2f70726f632f35372f636d646c696e65", "id": "614607037" } }
W/DroidBox(  231): DroidBox: { "FileRW": { "operation": "read", "data": "2f73797374656d2f62696e2f72696c64006765726400616765720000000000000000000000000000000000000000000000000000000000000000000000000000000000000000000000000000000000000000000000000000000000000000000000000000", "id": "614607037" } }
W/dalvikvm(  231): DroidBox: { "FdAccess": { "path": "2f70726f632f35382f636d646c696e65", "id": "2089175808" } }
W/DroidBox(  231): DroidBox: { "FileRW": { "operation": "read", "data": "2f73797374656d2f62696e2f73757266616365666c696e6765720000000000000000000000000000000000000000000000000000000000000000000000000000000000000000000000000000000000000000000000000000000000000000000000000000", "id": "2089175808" } }
W/dalvikvm(  231): DroidBox: { "FdAccess": { "path": "2f70726f632f35392f636d646c696e65", "id": "958522742" } }
W/DroidBox(  231): DroidBox: { "FileRW": { "operation": "read", "data": "7a79676f7465002f62696e2f6170705f70726f63657373002d587a79676f7465002f73797374656d2f62696e002d2d7a79676f7465002d2d73746172742d73797374656d2d73657276657200000000000000000000000000000000000000000000000000", "id": "958522742" } }
W/dalvikvm(  231): DroidBox: { "FdAccess": { "path": "2f70726f632f36302f636d646c696e65", "id": "206359749" } }
W/DroidBox(  231): DroidBox: { "FileRW": { "operation": "read", "data": "2f73797374656d2f62696e2f64726d7365727665720073002d587a79676f7465002f73797374656d2f62696e002d2d7a79676f7465002d2d73746172742d73797374656d2d73657276657200000000000000000000000000000000000000000000000000", "id": "206359749" } }
W/dalvikvm(  231): DroidBox: { "FdAccess": { "path": "2f70726f632f36312f636d646c696e65", "id": "1721386835" } }
W/DroidBox(  231): DroidBox: { "FileRW": { "operation": "read", "data": "2f73797374656d2f62696e2f6d65646961736572766572002d587a79676f7465002f73797374656d2f62696e002d2d7a79676f7465002d2d73746172742d73797374656d2d73657276657200000000000000000000000000000000000000000000000000", "id": "1721386835" } }
W/dalvikvm(  231): DroidBox: { "FdAccess": { "path": "2f70726f632f36322f636d646c696e65", "id": "1209059574" } }
W/DroidBox(  231): DroidBox: { "FileRW": { "operation": "read", "data": "2f73797374656d2f62696e2f646275732d6461656d6f6e002d2d73797374656d002d2d6e6f666f726b00696e002d2d7a79676f7465002d2d73746172742d73797374656d2d73657276657200000000000000000000000000000000000000000000000000", "id": "1209059574" } }
W/dalvikvm(  231): DroidBox: { "FdAccess": { "path": "2f70726f632f36332f636d646c696e65", "id": "1810261810" } }
W/DroidBox(  231): DroidBox: { "FileRW": { "operation": "read", "data": "2f73797374656d2f62696e2f696e7374616c6c64006f6e002d2d73797374656d002d2d6e6f666f726b00696e002d2d7a79676f7465002d2d73746172742d73797374656d2d73657276657200000000000000000000000000000000000000000000000000", "id": "1810261810" } }
W/dalvikvm(  231): DroidBox: { "FdAccess": { "path": "2f70726f632f36342f636d646c696e65", "id": "1216830643" } }
W/DroidBox(  231): DroidBox: { "FileRW": { "operation": "read", "data": "2f73797374656d2f62696e2f6b657973746f7265002f646174612f6d6973632f6b657973746f72650000696e002d2d7a79676f7465002d2d73746172742d73797374656d2d73657276657200000000000000000000000000000000000000000000000000", "id": "1216830643" } }
W/dalvikvm(  231): DroidBox: { "FdAccess": { "path": "2f70726f632f36362f636d646c696e65", "id": "451612163" } }
W/DroidBox(  231): DroidBox: { "FileRW": { "operation": "read", "data": "2f73797374656d2f62696e2f73680073746f7265002f646174612f6d6973632f6b657973746f72650000696e002d2d7a79676f7465002d2d73746172742d73797374656d2d73657276657200000000000000000000000000000000000000000000000000", "id": "451612163" } }
W/dalvikvm(  231): DroidBox: { "FdAccess": { "path": "2f70726f632f36372f636d646c696e65", "id": "1856270939" } }
W/DroidBox(  231): DroidBox: { "FileRW": { "operation": "read", "data": "2f7362696e2f61646264002f73680073746f7265002f646174612f6d6973632f6b657973746f72650000696e002d2d7a79676f7465002d2d73746172742d73797374656d2d73657276657200000000000000000000000000000000000000000000000000", "id": "1856270939" } }
W/dalvikvm(  231): DroidBox: { "FdAccess": { "path": "2f70726f632f3232312f636d646c696e65", "id": "1862760383" } }
W/DroidBox(  231): DroidBox: { "FileRW": { "operation": "read", "data": "2f7362696e2f61646264002f73680073746f7265002f646174612f6d6973632f6b657973746f72650000696e002d2d7a79676f7465002d2d73746172742d73797374656d2d73657276657200000000000000000000000000000000000000000000000000", "id": "1862760383" } }
W/dalvikvm(  231): DroidBox: { "FdAccess": { "path": "2f70726f632f3233312f636d646c696e65", "id": "450432449" } }
W/DroidBox(  231): DroidBox: { "FileRW": { "operation": "read", "data": "73797374656d5f736572766572000000000000000000000000000000000000000000000000000000000000000000000000000000000000000000000000000000000000000000000000000000000000000000000000000000000000000000000000000000", "id": "450432449" } }
W/dalvikvm(  231): DroidBox: { "FdAccess": { "path": "2f70726f632f3433322f636d646c696e65", "id": "1903287622" } }
W/DroidBox(  231): DroidBox: { "FileRW": { "operation": "read", "data": "636f6d2e616e64726f69642e73797374656d75690000000000000000000000000000000000000000000000000000000000000000000000000000000000000000000000000000000000000000000000000000000000000000000000000000000000000000", "id": "1903287622" } }
W/dalvikvm(  231): DroidBox: { "FdAccess": { "path": "2f70726f632f3438392f636d646c696e65", "id": "920751064" } }
W/DroidBox(  231): DroidBox: { "FileRW": { "operation": "read", "data": "636f6d2e616e64726f69642e696e7075746d6574686f642e6c6174696e0000000000000000000000000000000000000000000000000000000000000000000000000000000000000000000000000000000000000000000000000000000000000000000000", "id": "920751064" } }
W/dalvikvm(  231): DroidBox: { "FdAccess": { "path": "2f70726f632f3531302f636d646c696e65", "id": "962249335" } }
W/DroidBox(  231): DroidBox: { "FileRW": { "operation": "read", "data": "636f6d2e616e64726f69642e70686f6e650000000000000000000000000000000000000000000000000000000000000000000000000000000000000000000000000000000000000000000000000000000000000000000000000000000000000000000000", "id": "962249335" } }
W/dalvikvm(  231): DroidBox: { "FdAccess": { "path": "2f70726f632f3531382f636d646c696e65", "id": "2019118918" } }
W/DroidBox(  231): DroidBox: { "FileRW": { "operation": "read", "data": "636f6d2e616e64726f69642e73657474696e67730000000000000000000000000000000000000000000000000000000000000000000000000000000000000000000000000000000000000000000000000000000000000000000000000000000000000000", "id": "2019118918" } }
W/dalvikvm(  231): DroidBox: { "FdAccess": { "path": "2f70726f632f3536302f636d646c696e65", "id": "528459366" } }
W/DroidBox(  231): DroidBox: { "FileRW": { "operation": "read", "data": "636f6d2e616e64726f69642e736d7370757368000000000000000000000000000000000000000000000000000000000000000000000000000000000000000000000000000000000000000000000000000000000000000000000000000000000000000000", "id": "528459366" } }
W/dalvikvm(  231): DroidBox: { "FdAccess": { "path": "2f70726f632f3538352f636d646c696e65", "id": "322985041" } }
W/DroidBox(  231): DroidBox: { "FileRW": { "operation": "read", "data": "616e64726f69642e70726f636573732e61636f726500000000000000000000000000000000000000000000000000000000000000000000000000000000000000000000000000000000000000000000000000000000000000000000000000000000000000", "id": "322985041" } }
W/dalvikvm(  231): DroidBox: { "FdAccess": { "path": "2f70726f632f3631342f636d646c696e65", "id": "721198478" } }
W/DroidBox(  231): DroidBox: { "FileRW": { "operation": "read", "data": "636f6d2e616e64726f69642e63616c656e6461720000000000000000000000000000000000000000000000000000000000000000000000000000000000000000000000000000000000000000000000000000000000000000000000000000000000000000", "id": "721198478" } }
D/UniversalAndroot( 1025): Trying to get mount point:/system/bin
W/BackupManagerService(  231): dataChanged but no participant pkg='com.android.providers.settings' uid=1001
W/dalvikvm(  231): DroidBox: { "FdAccess": { "path": "2f70726f632f3632362f636d646c696e65", "id": "2073336817" } }
W/DroidBox(  231): DroidBox: { "FileRW": { "operation": "read", "data": "636f6d2e616e64726f69642e6c61756e636865720000000000000000000000000000000000000000000000000000000000000000000000000000000000000000000000000000000000000000000000000000000000000000000000000000000000000000", "id": "2073336817" } }
W/dalvikvm(  231): DroidBox: { "FdAccess": { "path": "2f70726f632f3636352f636d646c696e65", "id": "1052129719" } }
W/DroidBox(  231): DroidBox: { "FileRW": { "operation": "read", "data": "636f6d2e616e64726f69642e6465736b636c6f636b00000000000000000000000000000000000000000000000000000000000000000000000000000000000000000000000000000000000000000000000000000000000000000000000000000000000000", "id": "1052129719" } }
W/dalvikvm(  231): DroidBox: { "FdAccess": { "path": "2f70726f632f3638372f636d646c696e65", "id": "1688255051" } }
W/DroidBox(  231): DroidBox: { "FileRW": { "operation": "read", "data": "636f6d2e616e64726f69642e70726f7669646572732e63616c656e64617200000000000000000000000000000000000000000000000000000000000000000000000000000000000000000000000000000000000000000000000000000000000000000000", "id": "1688255051" } }
W/dalvikvm(  231): DroidBox: { "FdAccess": { "path": "2f70726f632f3730332f636d646c696e65", "id": "826473000" } }
W/DroidBox(  231): DroidBox: { "FileRW": { "operation": "read", "data": "636f6d2e616e64726f69642e636f6e74616374730000000000000000000000000000000000000000000000000000000000000000000000000000000000000000000000000000000000000000000000000000000000000000000000000000000000000000", "id": "826473000" } }
W/dalvikvm(  231): DroidBox: { "FdAccess": { "path": "2f70726f632f3739342f636d646c696e65", "id": "1179450941" } }
W/DroidBox(  231): DroidBox: { "FileRW": { "operation": "read", "data": "616e64726f69642e70726f636573732e6d6564696100000000000000000000000000000000000000000000000000000000000000000000000000000000000000000000000000000000000000000000000000000000000000000000000000000000000000", "id": "1179450941" } }
W/dalvikvm(  231): DroidBox: { "FdAccess": { "path": "2f70726f632f3832362f636d646c696e65", "id": "1122740866" } }
W/DroidBox(  231): DroidBox: { "FileRW": { "operation": "read", "data": "636f6d2e616e64726f69642e646566636f6e7461696e657200000000000000000000000000000000000000000000000000000000000000000000000000000000000000000000000000000000000000000000000000000000000000000000000000000000", "id": "1122740866" } }
W/dalvikvm(  231): DroidBox: { "FdAccess": { "path": "2f70726f632f3835302f636d646c696e65", "id": "1835494237" } }
W/DroidBox(  231): DroidBox: { "FileRW": { "operation": "read", "data": "636f6d2e616e64726f69642e656d61696c0000000000000000000000000000000000000000000000000000000000000000000000000000000000000000000000000000000000000000000000000000000000000000000000000000000000000000000000", "id": "1835494237" } }
W/dalvikvm(  231): DroidBox: { "FdAccess": { "path": "2f70726f632f3836362f636d646c696e65", "id": "1920374100" } }
W/DroidBox(  231): DroidBox: { "FileRW": { "operation": "read", "data": "636f6d2e616e64726f69642e65786368616e67650000000000000000000000000000000000000000000000000000000000000000000000000000000000000000000000000000000000000000000000000000000000000000000000000000000000000000", "id": "1920374100" } }
W/dalvikvm(  231): DroidBox: { "FdAccess": { "path": "2f70726f632f3838322f636d646c696e65", "id": "1788294688" } }
W/dalvikvm( 1025): DroidBox: { "FdAccess": { "path": "706970653a5b333839395d", "id": "720524102" } }
W/DroidBox( 1025): DroidBox: { "FileRW": { "operation": "read", "data": "726f6f746673202f20726f6f7466732072772c72656c6174696d65203020300a746d706673202f64657620746d7066732072772c6e6f737569642c72656c6174696d652c6d6f64653d373535203020300a646576707473202f6465762f70747320646576", "id": "720524102" } }
W/DroidBox(  231): DroidBox: { "FileRW": { "operation": "read", "data": "636f6d2e616e64726f69642e67616c6c657279336400000000000000000000000000000000000000000000000000000000000000000000000000000000000000000000000000000000000000000000000000000000000000000000000000000000000000", "id": "1788294688" } }
W/dalvikvm(  231): DroidBox: { "FdAccess": { "path": "2f70726f632f3930322f636d646c696e65", "id": "1791072517" } }
W/DroidBox(  231): DroidBox: { "FileRW": { "operation": "read", "data": "636f6d2e616e64726f69642e6d6d7300000000000000000000000000000000000000000000000000000000000000000000000000000000000000000000000000000000000000000000000000000000000000000000000000000000000000000000000000", "id": "1791072517" } }
W/dalvikvm( 1025): DroidBox: { "FdAccess": { "path": "706970653a5b333839395d", "id": "2117837901" } }
W/dalvikvm(  231): DroidBox: { "FdAccess": { "path": "2f70726f632f3933302f636d646c696e65", "id": "495714371" } }
W/DroidBox(  231): DroidBox: { "FileRW": { "operation": "read", "data": "636f6d2e616e64726f69642e766f6963656469616c65720000000000000000000000000000000000000000000000000000000000000000000000000000000000000000000000000000000000000000000000000000000000000000000000000000000000", "id": "495714371" } }
W/dalvikvm(  231): DroidBox: { "FdAccess": { "path": "2f70726f632f3935312f636d646c696e65", "id": "2127467472" } }
W/DroidBox( 1025): DroidBox: { "FileRW": { "operation": "read", "data": "00000000000000000000000000000000000000000000000000000000000000000000000000000000000000000000000000000000000000000000000000000000000000000000000000000000000000000000000000000000000000000000000000000000", "id": "2117837901" } }
