D/InputEventConsistencyVerifier( 1028):   0: sent at 220786000000, MotionEvent { action=ACTION_DOWN, id[0]=0, x[0]=0.0, y[0]=0.0, toolType[0]=TOOL_TYPE_UNKNOWN, buttonState=0, metaState=0, flags=0x0, edgeFlags=0x0, pointerCount=1, historySize=0, eventTime=220786, downTime=220557, deviceId=0, source=0x10004 }
D/InputEventConsistencyVerifier( 1028):   -- recent events --
D/InputEventConsistencyVerifier( 1028):   1: sent at 220826000000, KeyEvent { action=ACTION_UP, keyCode=KEYCODE_DPAD_RIGHT, scanCode=0, metaState=0, flags=0x400, repeatCount=0, eventTime=220826, downTime=220826, deviceId=-1, source=0x101 }
D/InputEventConsistencyVerifier( 1028):   2: sent at 220826000000, KeyEvent { action=ACTION_DOWN, keyCode=KEYCODE_DPAD_RIGHT, scanCode=0, metaState=0, flags=0x400, repeatCount=0, eventTime=220826, downTime=220826, deviceId=-1, source=0x101 }
D/InputEventConsistencyVerifier( 1028):   3: sent at 220825000000, KeyEvent { action=ACTION_UP, keyCode=KEYCODE_DPAD_RIGHT, scanCode=0, metaState=0, flags=0x400, repeatCount=0, eventTime=220825, downTime=220825, deviceId=-1, source=0x101 }
D/InputEventConsistencyVerifier( 1028):   4: sent at 220825000000, KeyEvent { action=ACTION_DOWN, keyCode=KEYCODE_DPAD_RIGHT, scanCode=0, metaState=0, flags=0x400, repeatCount=0, eventTime=220825, downTime=220825, deviceId=-1, source=0x101 }
D/InputEventConsistencyVerifier( 1028):   5: sent at 220823000000, KeyEvent { action=ACTION_UP, keyCode=KEYCODE_DPAD_RIGHT, scanCode=0, metaState=0, flags=0x400, repeatCount=0, eventTime=220823, downTime=220823, deviceId=-1, source=0x101 }
D/MediaPlaybackService( 1081): No play queue
E/WVMExtractor(   61): Failed to open libwvm.so
E/WVMExtractor(   61): Failed to open libwvm.so
E/WVMExtractor(   61): Failed to open libwvm.so
I/ActivityManager(  231): START {act=android.intent.action.MAIN cat=[android.intent.category.LAUNCHER] flg=0x10200000 cmp=com.quipack.a.b4f63b882ef19c20001005fae/com.quipper.a.v5.single.activities.QuipperV5SingleStartActivity u=0} from pid 996
E/WVMExtractor(   61): Failed to open libwvm.so
I/Choreographer(  231): Skipped 31 frames!  The application may be doing too much work on its main thread.
I/Choreographer(  231): Skipped 35 frames!  The application may be doing too much work on its main thread.
D/InputEventConsistencyVerifier( 1028): TrackballEvent: Trackball is down but pressure is not greater than 0.
D/InputEventConsistencyVerifier( 1028):   in android.view.ViewRootImpl@b4527710
D/InputEventConsistencyVerifier( 1028):   0: sent at 224619000000, MotionEvent { action=ACTION_DOWN, id[0]=0, x[0]=0.0, y[0]=0.0, toolType[0]=TOOL_TYPE_UNKNOWN, buttonState=0, metaState=0, flags=0x0, edgeFlags=0x0, pointerCount=1, historySize=0, eventTime=224619, downTime=224541, deviceId=0, source=0x10004 }
D/InputEventConsistencyVerifier( 1028):   -- recent events --
D/InputEventConsistencyVerifier( 1028):   1: sent at 224717000000, KeyEvent { action=ACTION_UP, keyCode=KEYCODE_DPAD_UP, scanCode=0, metaState=0, flags=0x400, repeatCount=0, eventTime=224717, downTime=224717, deviceId=-1, source=0x101 }
D/InputEventConsistencyVerifier( 1028):   2: sent at 224717000000, KeyEvent { action=ACTION_DOWN, keyCode=KEYCODE_DPAD_UP, scanCode=0, metaState=0, flags=0x400, repeatCount=0, eventTime=224717, downTime=224717, deviceId=-1, source=0x101 }
D/InputEventConsistencyVerifier( 1028):   3: sent at 224715000000, KeyEvent { action=ACTION_UP, keyCode=KEYCODE_DPAD_UP, scanCode=0, metaState=0, flags=0x400, repeatCount=0, eventTime=224715, downTime=224715, deviceId=-1, source=0x101 }
D/InputEventConsistencyVerifier( 1028):   4: sent at 224715000000, KeyEvent { action=ACTION_DOWN, keyCode=KEYCODE_DPAD_UP, scanCode=0, metaState=0, flags=0x400, repeatCount=0, eventTime=224715, downTime=224715, deviceId=-1, source=0x101 }
D/InputEventConsistencyVerifier( 1028):   5: sent at 224715000000, KeyEvent { action=ACTION_UP, keyCode=KEYCODE_DPAD_UP, scanCode=0, metaState=0, flags=0x400, repeatCount=0, eventTime=224715, downTime=224715, deviceId=-1, source=0x101 }
I/ActivityManager(  231): START {act=android.intent.action.MAIN cat=[android.intent.category.LAUNCHER] flg=0x10200000 cmp=com.quipack.a.b4f63b882ef19c20001005fae/com.quipper.a.v5.single.activities.QuipperV5SingleStartActivity u=0} from pid 996
E/WVMExtractor(   61): Failed to open libwvm.so
E/WVMExtractor(   61): Failed to open libwvm.so
I/ActivityManager(  231): START {act=android.intent.action.MAIN cat=[android.intent.category.HOME] flg=0x10200000 cmp=com.android.launcher/com.android.launcher2.Launcher u=0} from pid 231
E/WVMExtractor(   61): Failed to open libwvm.so
I/ActivityManager(  231): START {act=android.intent.action.MAIN cat=[android.intent.category.HOME] flg=0x10200000 cmp=com.android.launcher/com.android.launcher2.Launcher u=0} from pid 231
E/WVMExtractor(   61): Failed to open libwvm.so
I/InputDispatcher(  231): Dropped event because of pending overdue app switch.
W/InputManager(  231): Input event injection from pid 996 failed.
D/InputEventConsistencyVerifier( 1028): KeyEvent: ACTION_UP but key was not down.
D/InputEventConsistencyVerifier( 1028):   in android.view.ViewRootImpl@b4527710
D/InputEventConsistencyVerifier( 1028):   0: sent at 227253000000, KeyEvent { action=ACTION_UP, keyCode=KEYCODE_DPAD_DOWN, scanCode=0, metaState=0, flags=0x8, repeatCount=0, eventTime=227253, downTime=227253, deviceId=-1, source=0x101 }
D/InputEventConsistencyVerifier( 1028):   -- recent events --
D/InputEventConsistencyVerifier( 1028):   1: sent at 227277000000, KeyEvent { action=ACTION_UP, keyCode=KEYCODE_DPAD_DOWN, scanCode=0, metaState=0, flags=0x400, repeatCount=0, eventTime=227277, downTime=227277, deviceId=-1, source=0x101 }
D/InputEventConsistencyVerifier( 1028):   2: sent at 227277000000, KeyEvent { action=ACTION_DOWN, keyCode=KEYCODE_DPAD_DOWN, scanCode=0, metaState=0, flags=0x400, repeatCount=0, eventTime=227277, downTime=227277, deviceId=-1, source=0x101 }
D/InputEventConsistencyVerifier( 1028):   3: sent at 227277000000, KeyEvent { action=ACTION_UP, keyCode=KEYCODE_DPAD_DOWN, scanCode=0, metaState=0, flags=0x400, repeatCount=0, eventTime=227277, downTime=227277, deviceId=-1, source=0x101 }
D/InputEventConsistencyVerifier( 1028):   4: sent at 227277000000, KeyEvent { action=ACTION_DOWN, keyCode=KEYCODE_DPAD_DOWN, scanCode=0, metaState=0, flags=0x400, repeatCount=0, eventTime=227277, downTime=227277, deviceId=-1, source=0x101 }
D/InputEventConsistencyVerifier( 1028):   5: sent at 227276000000, KeyEvent { action=ACTION_UP, keyCode=KEYCODE_DPAD_DOWN, scanCode=0, metaState=0, flags=0x400, repeatCount=0, eventTime=227276, downTime=227276, deviceId=-1, source=0x101 }
W/BackupManagerService(  231): dataChanged but no participant pkg='com.android.providers.settings' uid=10011
E/WVMExtractor(   61): Failed to open libwvm.so
D/InputEventConsistencyVerifier( 1028): TrackballEvent: Trackball is down but pressure is not greater than 0.
D/InputEventConsistencyVerifier( 1028):   in android.view.ViewRootImpl@b4527710
D/InputEventConsistencyVerifier( 1028):   0: sent at 228594000000, MotionEvent { action=ACTION_DOWN, id[0]=0, x[0]=0.0, y[0]=0.0, toolType[0]=TOOL_TYPE_UNKNOWN, buttonState=0, metaState=0, flags=0x0, edgeFlags=0x0, pointerCount=1, historySize=0, eventTime=228594, downTime=228394, deviceId=0, source=0x10004 }
D/InputEventConsistencyVerifier( 1028):   -- recent events --
D/InputEventConsistencyVerifier( 1028):   1: sent at 228605000000, KeyEvent { action=ACTION_UP, keyCode=KEYCODE_DPAD_UP, scanCode=0, metaState=0, flags=0x400, repeatCount=0, eventTime=228605, downTime=228605, deviceId=-1, source=0x101 }
D/InputEventConsistencyVerifier( 1028):   2: sent at 228605000000, KeyEvent { action=ACTION_DOWN, keyCode=KEYCODE_DPAD_UP, scanCode=0, metaState=0, flags=0x400, repeatCount=0, eventTime=228605, downTime=228605, deviceId=-1, source=0x101 }
D/InputEventConsistencyVerifier( 1028):   3: sent at 228604000000, KeyEvent { action=ACTION_UP, keyCode=KEYCODE_DPAD_UP, scanCode=0, metaState=0, flags=0x400, repeatCount=0, eventTime=228604, downTime=228604, deviceId=-1, source=0x101 }
D/InputEventConsistencyVerifier( 1028):   4: sent at 228604000000, KeyEvent { action=ACTION_DOWN, keyCode=KEYCODE_DPAD_UP, scanCode=0, metaState=0, flags=0x400, repeatCount=0, eventTime=228604, downTime=228604, deviceId=-1, source=0x101 }
D/InputEventConsistencyVerifier( 1028):   5: sent at 228603000000, KeyEvent { action=ACTION_UP, keyCode=KEYCODE_DPAD_UP, scanCode=0, metaState=0, flags=0x400, repeatCount=0, eventTime=228603, downTime=228603, deviceId=-1, source=0x101 }
I/ActivityManager(  231): START {act=android.intent.action.MAIN cat=[android.intent.category.LAUNCHER] flg=0x10200000 cmp=com.quipack.a.b4f63b882ef19c20001005fae/com.quipper.a.v5.single.activities.QuipperV5SingleStartActivity u=0} from pid 996
W/DroidBox( 1081): DroidBox: { "ServiceStart": { "name": "com.android.music.MediaPlaybackService" } }
W/DroidBox( 1081): DroidBox: { "ServiceStart": { "name": "com.android.music.MediaPlaybackService" } }
E/WVMExtractor(   61): Failed to open libwvm.so
E/MetadataRetrieverClient(   61): failed to extract an album art
E/WVMExtractor(   61): Failed to open libwvm.so
D/FlurryAgent( 1028): Event count incremented: type e log:GetMarketId getSpecificURL Unable to resolve host "my.quipper.com": No address associated with hostname
D/FlurryAgent( 1028): Device-info:
D/FlurryAgent( 1028):  OS:3.4.67-01422-gd3ffcc7-dirty(eng.mspreitz.20131102.190624)
D/FlurryAgent( 1028):  API: 16
D/FlurryAgent( 1028):  Dev: generic
D/FlurryAgent( 1028):  Model (Product): Full Android on Emulator
D/FlurryAgent( 1028): Logged event: type e log:GetMarketId getSpecificURL Unable to resolve host "my.quipper.com": No address associated with hostname
D/FlurryAgent( 1028): Device-info:
D/FlurryAgent( 1028):  OS:3.4.67-01422-gd3ffcc7-dirty(eng.mspreitz.20131102.190624)
D/FlurryAgent( 1028):  API: 16
D/FlurryAgent( 1028):  Dev: generic
D/FlurryAgent( 1028):  Model (Product): Full Android on Emulator
D/FlurryAgent( 1028): Event count incremented: type e log:SingleLanderActivity GetMarketSearchTermTask null
D/FlurryAgent( 1028): Device-info:
D/FlurryAgent( 1028):  OS:3.4.67-01422-gd3ffcc7-dirty(eng.mspreitz.20131102.190624)
D/FlurryAgent( 1028):  API: 16
D/FlurryAgent( 1028):  Dev: generic
D/FlurryAgent( 1028):  Model (Product): Full Android on Emulator (full)
D/FlurryAgent( 1028): Logged event: type e log:SingleLanderActivity GetMarketSearchTermTask null
D/FlurryAgent( 1028): Device-info:
D/FlurryAgent( 1028):  OS:3.4.67-01422-gd3ffcc7-dirty(eng.mspreitz.20131102.190624)
D/FlurryAgent( 1028):  API: 16
D/FlurryAgent( 1028):  Dev: generic
D/FlurryAgent( 1028):  Model (Product): Full Android on Emulator (full)
E/WVMExtractor(   61): Failed to open libwvm.so
D/FlurryAgent( 1028): Event count incremented: type e log:Register post - json:{"display_name":"f3538ab9-f6fe-4fd0-a34d-77b0b8cd2501","uid_in_platform":"f3538ab9-f6fe-4fd0-a34d-77b0b8cd2501","platform":"android","guest":true,"username":"f3538ab9-f6fe-4fd0-a34d-77b0b8cd2501","password":"guestandroid","
D/InputEventConsistencyVerifier( 1028): TrackballEvent: Trackball is down but pressure is not greater than 0.
D/InputEventConsistencyVerifier( 1028):   in android.view.ViewRootImpl@b4527710
D/InputEventConsistencyVerifier( 1028):   0: sent at 230513000000, MotionEvent { action=ACTION_DOWN, id[0]=0, x[0]=0.0, y[0]=0.0, toolType[0]=TOOL_TYPE_UNKNOWN, buttonState=0, metaState=0, flags=0x0, edgeFlags=0x0, pointerCount=1, historySize=0, eventTime=230513, downTime=230428, deviceId=0, source=0x10004 }
D/InputEventConsistencyVerifier( 1028):   -- recent events --
D/InputEventConsistencyVerifier( 1028):   1: sent at 230588000000, KeyEvent { action=ACTION_UP, keyCode=KEYCODE_DPAD_UP, scanCode=0, metaState=0, flags=0x400, repeatCount=0, eventTime=230588, downTime=230588, deviceId=-1, source=0x101 }
D/InputEventConsistencyVerifier( 1028):   2: sent at 230588000000, KeyEvent { action=ACTION_DOWN, keyCode=KEYCODE_DPAD_UP, scanCode=0, metaState=0, flags=0x400, repeatCount=0, eventTime=230588, downTime=230588, deviceId=-1, source=0x101 }
D/InputEventConsistencyVerifier( 1028):   3: sent at 230587000000, KeyEvent { action=ACTION_UP, keyCode=KEYCODE_DPAD_UP, scanCode=0, metaState=0, flags=0x400, repeatCount=0, eventTime=230587, downTime=230587, deviceId=-1, source=0x101 }
D/InputEventConsistencyVerifier( 1028):   4: sent at 230587000000, KeyEvent { action=ACTION_DOWN, keyCode=KEYCODE_DPAD_UP, scanCode=0, metaState=0, flags=0x400, repeatCount=0, eventTime=230587, downTime=230587, deviceId=-1, source=0x101 }
D/InputEventConsistencyVerifier( 1028):   5: sent at 230586000000, KeyEvent { action=ACTION_UP, keyCode=KEYCODE_DPAD_UP, scanCode=0, metaState=0, flags=0x400, repeatCount=0, eventTime=230586, downTime=230586, deviceId=-1, source=0x101 }
D/FlurryAgent( 1028): Logged event: type e log:Register post - json:{"display_name":"f3538ab9-f6fe-4fd0-a34d-77b0b8cd2501","uid_in_platform":"f3538ab9-f6fe-4fd0-a34d-77b0b8cd2501","platform":"android","guest":true,"username":"f3538ab9-f6fe-4fd0-a34d-77b0b8cd2501","password":"guestandroid","
D/FlurryAgent( 1028): Event count incremented: type e log:API checkSession Session recovery failed. user is null  password is null  APIResult error: Network error
D/FlurryAgent( 1028): Device-info:
D/FlurryAgent( 1028):  OS:3.4.67-01422-gd3ffcc7-dirty(eng.mspreitz.20131102.190624)
D/FlurryAgent( 1028):  API: 16
D/FlurryAgent( 1028):  Dev: generic
D/FlurryAgent( 1028):  Model (Product): Full Android on Emulato
D/FlurryAgent( 1028): Logged event: type e log:API checkSession Session recovery failed. user is null  password is null  APIResult error: Network error
D/FlurryAgent( 1028): Device-info:
D/FlurryAgent( 1028):  OS:3.4.67-01422-gd3ffcc7-dirty(eng.mspreitz.20131102.190624)
D/FlurryAgent( 1028):  API: 16
D/FlurryAgent( 1028):  Dev: generic
D/FlurryAgent( 1028):  Model (Product): Full Android on Emulato
D/FlurryAgent( 1028): Event count incremented: type e log:API post checkSession() failed - not logged in?
D/FlurryAgent( 1028): Device-info:
D/FlurryAgent( 1028):  OS:3.4.67-01422-gd3ffcc7-dirty(eng.mspreitz.20131102.190624)
D/FlurryAgent( 1028):  API: 16
D/FlurryAgent( 1028):  Dev: generic
D/FlurryAgent( 1028):  Model (Product): Full Android on Emulator (full)
D/FlurryAgent( 1028):  Package name:com.quipack.a.b4f63b882ef19c200010
D/FlurryAgent( 1028): Logged event: type e log:API post checkSession() failed - not logged in?
D/FlurryAgent( 1028): Device-info:
D/FlurryAgent( 1028):  OS:3.4.67-01422-gd3ffcc7-dirty(eng.mspreitz.20131102.190624)
D/FlurryAgent( 1028):  API: 16
D/FlurryAgent( 1028):  Dev: generic
D/FlurryAgent( 1028):  Model (Product): Full Android on Emulator (full)
D/FlurryAgent( 1028):  Package name:com.quipack.a.b4f63b882ef19c200010
E/WVMExtractor(   61): Failed to open libwvm.so
W/dalvikvm(  231): DroidBox: { "FdAccess": { "path": "2f70726f632f3233312f6e65742f78745f717461677569642f69666163655f737461745f616c6c", "id": "2038848437" } }
W/DroidBox(  231): DroidBox: { "FileRW": { "operation": "read", "data": "6574683020312030203020302030203235363137333620343636392038323034333120333537340a6c6f20312030203020302030203234323420333720323432342033370a00000000000000000000000000000000000000000000000000000000000000", "id": "2038848437" } }
W/dalvikvm(  231): DroidBox: { "FdAccess": { "path": "2f70726f632f3233312f6e65742f78745f717461677569642f69666163655f737461745f616c6c", "id": "34594597" } }
W/DroidBox(  231): DroidBox: { "FileRW": { "operation": "read", "data": "33370a342033370a33370a342033370a370a370a370a370a370a33370a342033370a3432342033370a342033370a323432342033370a370a370a370a370a370a342033370a00000000000000000000000000000000000000000000000000000000000000", "id": "34594597" } }
W/ThrottleService(  231): unable to find stats for iface rmnet0
E/ThrottleService(  231): Error reading data file
I/ActivityManager(  231): START {act=android.intent.action.MAIN cat=[android.intent.category.HOME] flg=0x10200000 cmp=com.android.launcher/com.android.launcher2.Launcher u=0} from pid 231
I/Choreographer( 1028): Skipped 70 frames!  The application may be doing too much work on its main thread.
E/WVMExtractor(   61): Failed to open libwvm.so
I/Choreographer( 1028): Skipped 76 frames!  The application may be doing too much work on its main thread.
E/WVMExtractor(   61): Failed to open libwvm.so
D/InputEventConsistencyVerifier( 1028): TrackballEvent: Trackball is down but pressure is not greater than 0.
D/InputEventConsistencyVerifier( 1028):   in android.view.ViewRootImpl@b3f857e0
D/InputEventConsistencyVerifier( 1028):   0: sent at 232624000000, MotionEvent { action=ACTION_DOWN, id[0]=0, x[0]=0.0, y[0]=0.0, toolType[0]=TOOL_TYPE_UNKNOWN, buttonState=0, metaState=0, flags=0x0, edgeFlags=0x0, pointerCount=1, historySize=0, eventTime=232624, downTime=232559, deviceId=0, source=0x10004 }
D/InputEventConsistencyVerifier( 1028):   -- recent events --
D/InputEventConsistencyVerifier( 1028):   1: sent at 233104000000, KeyEvent { action=ACTION_UP, keyCode=KEYCODE_DPAD_LEFT, scanCode=0, metaState=0, flags=0x400, repeatCount=0, eventTime=233104, downTime=233104, deviceId=-1, source=0x101 }
D/InputEventConsistencyVerifier( 1028):   2: sent at 233104000000, KeyEvent { action=ACTION_DOWN, keyCode=KEYCODE_DPAD_LEFT, scanCode=0, metaState=0, flags=0x400, repeatCount=0, eventTime=233104, downTime=233104, deviceId=-1, source=0x101 }
D/InputEventConsistencyVerifier( 1028):   3: sent at 233103000000, KeyEvent { action=ACTION_UP, keyCode=KEYCODE_DPAD_LEFT, scanCode=0, metaState=0, flags=0x400, repeatCount=0, eventTime=233103, downTime=233103, deviceId=-1, source=0x101 }
D/InputEventConsistencyVerifier( 1028):   4: sent at 233103000000, KeyEvent { action=ACTION_DOWN, keyCode=KEYCODE_DPAD_LEFT, scanCode=0, metaState=0, flags=0x400, repeatCount=0, eventTime=233103, downTime=233103, deviceId=-1, source=0x101 }
D/InputEventConsistencyVerifier( 1028):   5: sent at 233102000000, KeyEvent { action=ACTION_UP, keyCode=KEYCODE_DPAD_LEFT, scanCode=0, metaState=0, flags=0x400, repeatCount=0, eventTime=233102, downTime=233102, deviceId=-1, source=0x101 }
D/InputEventConsistencyVerifier( 1028): KeyEvent: ACTION_UP but key was not down.
D/InputEventConsistencyVerifier( 1028):   in com.android.internal.policy.impl.PhoneWindow$DecorView@b3f82240
D/InputEventConsistencyVerifier( 1028):   0: sent at 233381000000, KeyEvent { action=ACTION_UP, keyCode=KEYCODE_DPAD_LEFT, scanCode=0, metaState=0, flags=0x8, repeatCount=0, eventTime=233381, downTime=233381, deviceId=-1, source=0x101 }
D/InputEventConsistencyVerifier( 1028):   -- recent events --
D/InputEventConsistencyVerifier( 1028):   1: sent at 233346000000, (unhandled) KeyEvent { action=ACTION_UP, keyCode=KEYCODE_MENU, scanCode=0, metaState=0, flags=0x8, repeatCount=0, eventTime=233346, downTime=233346, deviceId=-1, source=0x101 }
D/InputEventConsistencyVerifier( 1028):   2: sent at 233334000000, (unhandled) KeyEvent { action=ACTION_DOWN, keyCode=KEYCODE_MENU, scanCode=0, metaState=0, flags=0x8, repeatCount=0, eventTime=233334, downTime=233334, deviceId=-1, source=0x101 }
D/InputEventConsistencyVerifier( 1028):   3: sent at 233327000000, (unhandled) MotionEvent { action=ACTION_UP, id[0]=0, x[0]=123.0, y[0]=158.0, toolType[0]=TOOL_TYPE_UNKNOWN, buttonState=0, metaState=0, flags=0x0, edgeFlags=0x0, pointerCount=1, historySize=0, eventTime=233327, downTime=233238, deviceId=0, source=0x1002 }
D/InputEventConsistencyVerifier( 1028):   4: sent at 233288000000, (unhandled) MotionEvent { action=ACTION_POINTER_UP(1), id[0]=0, x[0]=123.0, y[0]=166.0, toolType[0]=TOOL_TYPE_UNKNOWN, id[1]=1, x[1]=177.0, y[1]=61.0, toolType[1]=TOOL_TYPE_UNKNOWN, buttonState=0, metaState=0, flags=0x0, edgeFlags=0x0, pointerCount=2, historySize=0, eventTime=233288, downTime=233238, deviceId=0, source=0x1002 }
D/InputEventConsistencyVerifier( 1028):   5: sent at 233286000000, (unhandled) MotionEvent { action=ACTION_MOVE, id[0]=0, x[0]=118.0, y[0]=172.0, toolType[0]=TOOL_TYPE_UNKNOWN, id[1]=1, x[1]=177.0, y[1]=61.0, toolType[1]=TOOL_TYPE_UNKNOWN, buttonState=0, metaState=0, flags=0x0, edgeFlags=0x0, pointerCount=2, historySize=4, eventTime=233286, downTime=233238, deviceId=0, source=0x1002 }
I/Choreographer( 1028): Skipped 117 frames!  The application may be doing too much work on its main thread.
E/WVMExtractor(   61): Failed to open libwvm.so
D/InputEventConsistencyVerifier( 1028): KeyEvent: ACTION_UP but key was not down.
D/InputEventConsistencyVerifier( 1028):   in com.android.internal.policy.impl.PhoneWindow$DecorView@b3f82240
D/InputEventConsistencyVerifier( 1028):   0: sent at 233898000000, KeyEvent { action=ACTION_UP, keyCode=KEYCODE_DPAD_DOWN, scanCode=0, metaState=0, flags=0x8, repeatCount=0, eventTime=233898, downTime=233898, deviceId=-1, source=0x101 }
D/InputEventConsistencyVerifier( 1028):   -- recent events --
D/InputEventConsistencyVerifier( 1028):   1: sent at 233737000000, (unhandled) KeyEvent { action=ACTION_UP, keyCode=KEYCODE_CAPTIONS, scanCode=0, metaState=0, flags=0x8, repeatCount=0, eventTime=233737, downTime=233737, deviceId=-1, source=0x101 }
D/InputEventConsistencyVerifier( 1028):   2: sent at 233678000000, (unhandled) KeyEvent { action=ACTION_DOWN, keyCode=KEYCODE_CAPTIONS, scanCode=0, metaState=0, flags=0x8, repeatCount=0, eventTime=233678, downTime=233678, deviceId=-1, source=0x101 }
D/InputEventConsistencyVerifier( 1028):   3: sent at 233663000000, (unhandled) MotionEvent { action=ACTION_UP, id[0]=0, x[0]=239.0, y[0]=-120.0, toolType[0]=TOOL_TYPE_UNKNOWN, buttonState=0, metaState=0, flags=0x0, edgeFlags=0x0, pointerCount=1, historySize=0, eventTime=233663, downTime=233657, deviceId=0, source=0x1002 }
D/InputEventConsistencyVerifier( 1028):   4: sent at 233657000000, (unhandled) MotionEvent { action=ACTION_DOWN, id[0]=0, x[0]=239.0, y[0]=-119.0, toolType[0]=TOOL_TYPE_UNKNOWN, buttonState=0, metaState=0, flags=0x0, edgeFlags=0x0, pointerCount=1, historySize=0, eventTime=233657, downTime=233657, deviceId=0, source=0x1002 }
D/InputEventConsistencyVerifier( 1028):   5: sent at 233646000000, (unhandled) MotionEvent { action=ACTION_UP, id[0]=0, x[0]=345.0, y[0]=181.0, toolType[0]=TOOL_TYPE_UNKNOWN, buttonState=0, metaState=0, flags=0x0, edgeFlags=0x0, pointerCount=1, historySize=0, eventTime=233646, downTime=233640, deviceId=0, source=0x1002 }
I/Choreographer( 1028): Skipped 159 frames!  The application may be doing too much work on its main thread.
D/InputEventConsistencyVerifier( 1028): KeyEvent: ACTION_UP but key was not down.
D/InputEventConsistencyVerifier( 1028):   in com.android.internal.policy.impl.PhoneWindow$DecorView@b3f82240
D/InputEventConsistencyVerifier( 1028):   0: sent at 234872000000, KeyEvent { action=ACTION_UP, keyCode=KEYCODE_DPAD_RIGHT, scanCode=0, metaState=0, flags=0x8, repeatCount=0, eventTime=234872, downTime=234872, deviceId=-1, source=0x101 }
D/InputEventConsistencyVerifier( 1028):   -- recent events --
D/InputEventConsistencyVerifier( 1028):   1: sent at 234756000000, MotionEvent { action=ACTION_UP, id[0]=0, x[0]=48.0, y[0]=86.0, toolType[0]=TOOL_TYPE_UNKNOWN, buttonState=0, metaState=0, flags=0x0, edgeFlags=0x0, pointerCount=1, historySize=0, eventTime=234756, downTime=234739, deviceId=0, source=0x1002 }
D/InputEventConsistencyVerifier( 1028):   2: sent at 234739000000, MotionEvent { action=ACTION_DOWN, id[0]=0, x[0]=67.0, y[0]=83.0, toolType[0]=TOOL_TYPE_UNKNOWN, buttonState=0, metaState=0, flags=0x0, edgeFlags=0x0, pointerCount=1, historySize=0, eventTime=234739, downTime=234739, deviceId=0, source=0x1002 }
D/InputEventConsistencyVerifier( 1028):   3: sent at 234724000000, (unhandled) MotionEvent { action=ACTION_UP, id[0]=0, x[0]=33.0, y[0]=-16.0, toolType[0]=TOOL_TYPE_UNKNOWN, buttonState=0, metaState=0, flags=0x0, edgeFlags=0x0, pointerCount=1, historySize=0, eventTime=234724, downTime=234709, deviceId=0, source=0x1002 }
D/InputEventConsistencyVerifier( 1028):   4: sent at 234709000000, (unhandled) MotionEvent { action=ACTION_DOWN, id[0]=0, x[0]=32.0, y[0]=-18.0, toolType[0]=TOOL_TYPE_UNKNOWN, buttonState=0, metaState=0, flags=0x0, edgeFlags=0x0, pointerCount=1, historySize=0, eventTime=234709, downTime=234709, deviceId=0, source=0x1002 }
D/InputEventConsistencyVerifier( 1028):   5: sent at 234623000000, KeyEvent { action=ACTION_UP, keyCode=KEYCODE_DPAD_CENTER, scanCode=0, metaState=0, flags=0x8, repeatCount=0, eventTime=234623, downTime=234623, deviceId=-1, source=0x101 }
I/ActivityManager(  231): START {act=android.intent.action.MAIN cat=[android.intent.category.LAUNCHER] flg=0x10200000 cmp=com.quipack.a.b4f63b882ef19c20001005fae/com.quipper.a.v5.single.activities.QuipperV5SingleStartActivity u=0} from pid 996
E/WVMExtractor(   61): Failed to open libwvm.so
I/ActivityManager(  231): START {act=android.intent.action.CALL_BUTTON flg=0x10000000 cmp=com.android.contacts/.activities.DialtactsActivity u=0} from pid 1028
E/WVMExtractor(   61): Failed to open libwvm.so
I/Choreographer( 1028): Skipped 126 frames!  The application may be doing too much work on its main thread.
E/WVMExtractor(   61): Failed to open libwvm.so
D/InputEventConsistencyVerifier( 1028): KeyEvent: ACTION_UP but key was not down.
D/InputEventConsistencyVerifier( 1028):   in android.widget.RelativeLayout@b3eb1738
D/InputEventConsistencyVerifier( 1028):   0: sent at 236360000000, KeyEvent { action=ACTION_UP, keyCode=KEYCODE_DPAD_LEFT, scanCode=0, metaState=0, flags=0x8, repeatCount=0, eventTime=236360, downTime=236360, deviceId=-1, source=0x101 }
E/WVMExtractor(   61): Failed to open libwvm.so
I/Choreographer( 1028): Skipped 33 frames!  The application may be doing too much work on its main thread.
E/WVMExtractor(   61): Failed to open libwvm.so
I/Choreographer( 1028): Skipped 57 frames!  The application may be doing too much work on its main thread.
E/WVMExtractor(   61): Failed to open libwvm.so
E/WVMExtractor(   61): Failed to open libwvm.so
I/Choreographer( 1028): Skipped 106 frames!  The application may be doing too much work on its main thread.
E/WVMExtractor(   61): Failed to open libwvm.so
D/InputEventConsistencyVerifier( 1028): KeyEvent: ACTION_UP but key was not down.
D/InputEventConsistencyVerifier( 1028):   in android.widget.TabWidget@b3e62270
D/InputEventConsistencyVerifier( 1028):   0: sent at 238465000000, KeyEvent { action=ACTION_UP, keyCode=KEYCODE_NUMPAD_6, scanCode=0, metaState=0, flags=0x8, repeatCount=0, eventTime=238465, downTime=238465, deviceId=-1, source=0x101 }
D/InputEventConsistencyVerifier( 1028):   -- recent events --
D/InputEventConsistencyVerifier( 1028):   1: sent at 238009000000, (unhandled) KeyEvent { action=ACTION_DOWN, keyCode=KEYCODE_DPAD_RIGHT, scanCode=0, metaState=0, flags=0x8, repeatCount=0, eventTime=238009, downTime=238009, deviceId=-1, source=0x101 }
D/InputEventConsistencyVerifier( 1028):   2: sent at 237743000000, (unhandled) KeyEvent { action=ACTION_UP, keyCode=KEYCODE_DPAD_UP, scanCode=0, metaState=0, flags=0x8, repeatCount=0, eventTime=237743, downTime=237743, deviceId=-1, source=0x101 }
D/InputEventConsistencyVerifier( 1028):   3: sent at 237699000000, (unhandled) KeyEvent { action=ACTION_DOWN, keyCode=KEYCODE_DPAD_UP, scanCode=0, metaState=0, flags=0x8, repeatCount=0, eventTime=237699, downTime=237699, deviceId=-1, source=0x101 }
D/InputEventConsistencyVerifier( 1028):   4: sent at 236360000000, (unhandled) KeyEvent { action=ACTION_UP, keyCode=KEYCODE_DPAD_LEFT, scanCode=0, metaState=0, flags=0x8, repeatCount=0, eventTime=236360, downTime=236360, deviceId=-1, source=0x101 }
D/InputEventConsistencyVerifier( 1028):   5: sent at 236252000000, (unhandled) KeyEvent { action=ACTION_DOWN, keyCode=KEYCODE_DPAD_LEFT, scanCode=0, metaState=0, flags=0x8, repeatCount=0, eventTime=236252, downTime=236252, deviceId=-1, source=0x101 }
D/InputEventConsistencyVerifier( 1028): KeyEvent: ACTION_UP but key was not down.
D/InputEventConsistencyVerifier( 1028):   in android.widget.RelativeLayout@b3f199f0
D/InputEventConsistencyVerifier( 1028):   0: sent at 238465000000, KeyEvent { action=ACTION_UP, keyCode=KEYCODE_DPAD_RIGHT, scanCode=0, metaState=0, flags=0x8, repeatCount=0, eventTime=238465, downTime=238465, deviceId=-1, source=0x101 }
D/InputEventConsistencyVerifier( 1028):   -- recent events --
D/InputEventConsistencyVerifier( 1028):   1: sent at 238465000000, (unhandled) KeyEvent { action=ACTION_UP, keyCode=KEYCODE_NUMPAD_6, scanCode=0, metaState=0, flags=0x80000008, repeatCount=0, eventTime=238465, downTime=238465, deviceId=-1, source=0x101 }
D/InputEventConsistencyVerifier( 1028):   2: sent at 236252000000, (unhandled) KeyEvent { action=ACTION_DOWN, keyCode=KEYCODE_DPAD_LEFT, scanCode=0, metaState=0, flags=0x8, repeatCount=0, eventTime=236252, downTime=236252, deviceId=-1, source=0x101 }
D/InputEventConsistencyVerifier( 1028):   3: sent at 236189000000, (unhandled) KeyEvent { action=ACTION_UP, keyCode=KEYCODE_CALL, scanCode=0, metaState=0, flags=0x8, repeatCount=0, eventTime=236189, downTime=236189, deviceId=-1, source=0x101 }
D/InputEventConsistencyVerifier( 1028):   4: sent at 236083000000, (unhandled) KeyEvent { action=ACTION_DOWN, keyCode=KEYCODE_CALL, scanCode=0, metaState=0, flags=0x8, repeatCount=0, eventTime=236083, downTime=236083, deviceId=-1, source=0x101 }
D/InputEventConsistencyVerifier( 1028):   5: sent at 236000000000, (unhandled) KeyEvent { action=ACTION_UP, keyCode=KEYCODE_DPAD_DOWN, scanCode=0, metaState=0, flags=0x8, repeatCount=0, eventTime=236000, downTime=236000, deviceId=-1, source=0x101 }
E/WVMExtractor(   61): Failed to open libwvm.so
E/WVMExtractor(   61): Failed to open libwvm.so
E/WVMExtractor(   61): Failed to open libwvm.so
D/InputEventConsistencyVerifier( 1028): KeyEvent: ACTION_UP but key was not down.
D/InputEventConsistencyVerifier( 1028):   in android.widget.RelativeLayout@b3eb1738
D/InputEventConsistencyVerifier( 1028):   0: sent at 240080000000, KeyEvent { action=ACTION_UP, keyCode=KEYCODE_DPAD_LEFT, scanCode=0, metaState=0, flags=0x400, repeatCount=0, eventTime=240080, downTime=240080, deviceId=-1, source=0x101 }
D/InputEventConsistencyVerifier( 1028):   -- recent events --
D/InputEventConsistencyVerifier( 1028):   1: sent at 238009000000, (unhandled) KeyEvent { action=ACTION_DOWN, keyCode=KEYCODE_DPAD_RIGHT, scanCode=0, metaState=0, flags=0x8, repeatCount=0, eventTime=238009, downTime=238009, deviceId=-1, source=0x101 }
D/InputEventConsistencyVerifier( 1028):   2: sent at 237743000000, (unhandled) KeyEvent { action=ACTION_UP, keyCode=KEYCODE_DPAD_UP, scanCode=0, metaState=0, flags=0x8, repeatCount=0, eventTime=237743, downTime=237743, deviceId=-1, source=0x101 }
D/InputEventConsistencyVerifier( 1028):   3: sent at 237699000000, (unhandled) KeyEvent { action=ACTION_DOWN, keyCode=KEYCODE_DPAD_UP, scanCode=0, metaState=0, flags=0x8, repeatCount=0, eventTime=237699, downTime=237699, deviceId=-1, source=0x101 }
D/InputEventConsistencyVerifier( 1028):   4: sent at 236360000000, (unhandled) KeyEvent { action=ACTION_UP, keyCode=KEYCODE_DPAD_LEFT, scanCode=0, metaState=0, flags=0x80000008, repeatCount=0, eventTime=236360, downTime=236360, deviceId=-1, source=0x101 }
E/WVMExtractor(   61): Failed to open libwvm.so
I/Choreographer( 1028): Skipped 96 frames!  The application may be doing too much work on its main thread.
D/InputEventConsistencyVerifier( 1028): KeyEvent: ACTION_UP but key was not down.
D/InputEventConsistencyVerifier( 1028):   in android.widget.RelativeLayout@b3e626d8
D/InputEventConsistencyVerifier( 1028):   0: sent at 240081000000, KeyEvent { action=ACTION_UP, keyCode=KEYCODE_DPAD_LEFT, scanCode=0, metaState=0, flags=0x400, repeatCount=0, eventTime=240081, downTime=240081, deviceId=-1, source=0x101 }
E/WVMExtractor(   61): Failed to open libwvm.so
E/WVMExtractor(   61): Failed to open libwvm.so
I/Choreographer( 1028): Skipped 52 frames!  The application may be doing too much work on its main thread.
E/WVMExtractor(   61): Failed to open libwvm.so
E/WVMExtractor(   61): Failed to open libwvm.so
E/WVMExtractor(   61): Failed to open libwvm.so
D/InputEventConsistencyVerifier( 1028): KeyEvent: ACTION_UP but key was not down.
D/InputEventConsistencyVerifier( 1028):   in android.widget.TabWidget@b3e62270
D/InputEventConsistencyVerifier( 1028):   0: sent at 243067000000, KeyEvent { action=ACTION_UP, keyCode=KEYCODE_DPAD_UP, scanCode=0, metaState=0, flags=0x400, repeatCount=0, eventTime=243067, downTime=243067, deviceId=-1, source=0x101 }
D/InputEventConsistencyVerifier( 1028):   -- recent events --
D/InputEventConsistencyVerifier( 1028):   1: sent at 239785000000, KeyEvent { action=ACTION_DOWN, keyCode=KEYCODE_PERIOD, scanCode=0, metaState=0, flags=0x8, repeatCount=0, eventTime=239785, downTime=239785, deviceId=-1, source=0x101 }
D/InputEventConsistencyVerifier( 1028):   2: sent at 240091000000, (unhandled) KeyEvent { action=ACTION_UP, keyCode=KEYCODE_DPAD_LEFT, scanCode=0, metaState=0, flags=0x400, repeatCount=0, eventTime=240091, downTime=240091, deviceId=-1, source=0x101 }
D/InputEventConsistencyVerifier( 1028):   3: sent at 240091000000, (unhandled) KeyEvent { action=ACTION_DOWN, keyCode=KEYCODE_DPAD_LEFT, scanCode=0, metaState=0, flags=0x400, repeatCount=0, eventTime=240091, downTime=240091, deviceId=-1, source=0x101 }
D/InputEventConsistencyVerifier( 1028):   4: sent at 240082000000, (unhandled) KeyEvent { action=ACTION_UP, keyCode=KEYCODE_DPAD_LEFT, scanCode=0, metaState=0, flags=0x400, repeatCount=0, eventTime=240082, downTime=240082, deviceId=-1, source=0x101 }
D/InputEventConsistencyVerifier( 1028):   5: sent at 240082000000, (unhandled) KeyEvent { action=ACTION_DOWN, keyCode=KEYCODE_DPAD_LEFT, scanCode=0, metaState=0, flags=0x400, repeatCount=0, eventTime=240082, downTime=240082, deviceId=-1, source=0x101 }
E/WVMExtractor(   61): Failed to open libwvm.so
D/InputEventConsistencyVerifier( 1028): KeyEvent: ACTION_UP but key was not down.
D/InputEventConsistencyVerifier( 1028):   in android.widget.FrameLayout@b3f27760
D/InputEventConsistencyVerifier( 1028):   0: sent at 243094000000, KeyEvent { action=ACTION_UP, keyCode=KEYCODE_DPAD_DOWN, scanCode=0, metaState=0, flags=0x8, repeatCount=0, eventTime=243094, downTime=243094, deviceId=-1, source=0x101 }
D/InputEventConsistencyVerifier( 1028):   -- recent events --
D/InputEventConsistencyVerifier( 1028):   1: sent at 243067000000, (unhandled) KeyEvent { action=ACTION_DOWN, keyCode=KEYCODE_DPAD_UP, scanCode=0, metaState=0, flags=0x400, repeatCount=0, eventTime=243067, downTime=243067, deviceId=-1, source=0x101 }
D/InputEventConsistencyVerifier( 1028):   2: sent at 242300000000, (unhandled) MotionEvent { action=ACTION_MOVE, id[0]=0, x[0]=-1.0, y[0]=-1.0, toolType[0]=TOOL_TYPE_UNKNOWN, buttonState=0, metaState=0, flags=0x0, edgeFlags=0x0, pointerCount=1, historySize=7, eventTime=242300, downTime=-1, deviceId=0, source=0x10004 }
D/InputEventConsistencyVerifier( 1028):   3: sent at 242239000000, (unhandled) MotionEvent { action=ACTION_MOVE, id[0]=0, x[0]=-1.0, y[0]=-2.0, toolType[0]=TOOL_TYPE_UNKNOWN, buttonState=0, metaState=0, flags=0x0, edgeFlags=0x0, pointerCount=1, historySize=0, eventTime=242239, downTime=-1, deviceId=0, source=0x10004 }
D/InputEventConsistencyVerifier( 1028):   4: sent at 242273000000, (unhandled) KeyEvent { action=ACTION_UP, keyCode=KEYCODE_DPAD_LEFT, scanCode=0, metaState=0, flags=0x400, repeatCount=0, eventTime=242273, downTime=242273, deviceId=-1, source=0x101 }
D/InputEventConsistencyVerifier( 1028):   5: sent at 242273000000, (unhandled) KeyEvent { action=ACTION_DOWN, keyCode=KEYCODE_DPAD_LEFT, scanCode=0, metaState=0, flags=0x400, repeatCount=0, eventTime=242273, downTime=242273, deviceId=-1, source=0x101 }
D/InputEventConsistencyVerifier( 1028): KeyEvent: ACTION_UP but key was not down.
D/InputEventConsistencyVerifier( 1028):   in android.widget.TabWidget@b3e62270
D/InputEventConsistencyVerifier( 1028):   0: sent at 243703000000, KeyEvent { action=ACTION_UP, keyCode=KEYCODE_DPAD_UP, scanCode=0, metaState=0, flags=0x8, repeatCount=0, eventTime=243703, downTime=243703, deviceId=-1, source=0x101 }
D/InputEventConsistencyVerifier( 1028):   -- recent events --
D/InputEventConsistencyVerifier( 1028):   1: sent at 242303000000, (unhandled) KeyEvent { action=ACTION_DOWN, keyCode=KEYCODE_DPAD_DOWN, scanCode=0, metaState=0, flags=0x8, repeatCount=0, eventTime=242303, downTime=242303, deviceId=-1, source=0x101 }
D/InputEventConsistencyVerifier( 1028):   2: sent at 243072000000, (unhandled) KeyEvent { action=ACTION_MULTIPLE, keyCode=KEYCODE_DPAD_UP, scanCode=0, metaState=0, flags=0x400, repeatCount=2, eventTime=243072, downTime=243072, deviceId=-1, source=0x101 }
D/InputEventConsistencyVerifier( 1028):   3: sent at 243069000000, (unhandled) KeyEvent { action=ACTION_UP, keyCode=KEYCODE_DPAD_UP, scanCode=0, metaState=0, flags=0x400, repeatCount=0, eventTime=243069, downTime=243069, deviceId=-1, source=0x101 }
D/InputEventConsistencyVerifier( 1028):   4: sent at 243069000000, (unhandled) KeyEvent { action=ACTION_DOWN, keyCode=KEYCODE_DPAD_UP, scanCode=0, metaState=0, flags=0x400, repeatCount=0, eventTime=243069, downTime=243069, deviceId=-1, source=0x101 }
D/InputEventConsistencyVerifier( 1028):   5: sent at 243067000000, (unhandled) KeyEvent { action=ACTION_UP, keyCode=KEYCODE_DPAD_UP, scanCode=0, metaState=0, flags=0x80000400, repeatCount=0, eventTime=243067, downTime=243067, deviceId=-1, source=0x101 }
E/WVMExtractor(   61): Failed to open libwvm.so
E/WVMExtractor(   61): Failed to open libwvm.so
I/ActivityManager(  231): START {act=android.intent.action.MAIN cat=[android.intent.category.LAUNCHER] flg=0x10200000 cmp=com.quipack.a.b4f63b882ef19c20001005fae/com.quipper.a.v5.single.activities.QuipperV5SingleStartActivity u=0} from pid 996
I/Choreographer( 1028): Skipped 42 frames!  The application may be doing too much work on its main thread.
I/Choreographer( 1028): Skipped 118 frames!  The application may be doing too much work on its main thread.
E/WVMExtractor(   61): Failed to open libwvm.so
D/gralloc_goldfish(  491): Emulator without GPU emulation detected.
I/dalvikvm-heap(  491): Grow heap (frag case) to 10.138MB for 591376-byte allocation
I/InputDispatcher(  231): Window 'Window{b3e90d00 com.quipack.a.b4f63b882ef19c20001005fae/com.quipper.a.v5.single.activities.SingleLanderActivity paused=false}' spent 2395.5ms processing the last input event: KeyEvent(action=0, deviceId=-1, source=0x00000101)
I/InputAttributes(  491): InputType.TYPE_NULL is specified
D/InputEventConsistencyVerifier( 1028): KeyEvent: ACTION_UP but key was not down.
D/InputEventConsistencyVerifier( 1028):   in android.widget.ViewFlipper@b3e4a890
D/InputEventConsistencyVerifier( 1028):   0: sent at 247374000000, KeyEvent { action=ACTION_UP, keyCode=KEYCODE_DPAD_DOWN, scanCode=0, metaState=0, flags=0x8, repeatCount=0, eventTime=247374, downTime=247374, deviceId=-1, source=0x101 }
D/InputEventConsistencyVerifier( 1028):   -- recent events --
D/InputEventConsistencyVerifier( 1028):   1: sent at 244541000000, MotionEvent { action=ACTION_UP, id[0]=0, x[0]=296.0, y[0]=514.0, toolType[0]=TOOL_TYPE_UNKNOWN, buttonState=0, metaState=0, flags=0x0, edgeFlags=0x0, pointerCount=1, historySize=0, eventTime=244541, downTime=244362, deviceId=0, source=0x1002 }
D/InputEventConsistencyVerifier( 1028):   2: sent at 244537000000, MotionEvent { action=ACTION_POINTER_UP(1), id[0]=0, x[0]=292.0, y[0]=514.0, toolType[0]=TOOL_TYPE_UNKNOWN, id[1]=1, x[1]=248.0, y[1]=-278.0, toolType[1]=TOOL_TYPE_UNKNOWN, buttonState=0, metaState=0, flags=0x0, edgeFlags=0x0, pointerCount=2, historySize=0, eventTime=244537, downTime=244362, deviceId=0, source=0x1002 }
D/InputEventConsistencyVerifier( 1028):   3: sent at 244534000000, MotionEvent { action=ACTION_MOVE, id[0]=0, x[0]=289.0, y[0]=514.0, toolType[0]=TOOL_TYPE_UNKNOWN, id[1]=1, x[1]=256.0, y[1]=-268.0, toolType[1]=TOOL_TYPE_UNKNOWN, buttonState=0, metaState=0, flags=0x0, edgeFlags=0x0, pointerCount=2, historySize=1, eventTime=244534, downTime=244362, deviceId=0, source=0x1002 }
D/InputEventConsistencyVerifier( 1028):   4: sent at 244522996790, MotionEvent { action=ACTION_MOVE, id[0]=0, x[0]=287.21417, y[0]=514.0, toolType[0]=TOOL_TYPE_UNKNOWN, id[1]=1, x[1]=266.35748, y[1]=-258.4992, toolType[1]=TOOL_TYPE_UNKNOWN, buttonState=0, metaState=0, flags=0x0, edgeFlags=0x0, pointerCount=2, historySize=7, eventTime=244522, downTime=244362, deviceId=0, source=0x1002 }
D/InputEventConsistencyVerifier( 1028):   5: sent at 244411000000, MotionEvent { action=ACTION_POINTER_DOWN(1), id[0]=0, x[0]=274.0, y[0]=514.0, toolType[0]=TOOL_TYPE_UNKNOWN, id[1]=1, x[1]=318.0, y[1]=-218.0, toolType[1]=TOOL_TYPE_UNKNOWN, buttonState=0, metaState=0, flags=0x0, edgeFlags=0x0, pointerCount=2, historySize=0, eventTime=244411, downTime=244362, deviceId=0, source=0x1002 }
I/Choreographer(  491): Skipped 127 frames!  The application may be doing too much work on its main thread.
E/WVMExtractor(   61): Failed to open libwvm.so
I/Choreographer(  491): Skipped 111 frames!  The application may be doing too much work on its main thread.
E/WVMExtractor(   61): Failed to open libwvm.so
E/WVMExtractor(   61): Failed to open libwvm.so
I/Choreographer( 1028): Skipped 39 frames!  The application may be doing too much work on its main thread.
I/ActivityManager(  231): START {act=android.intent.action.MAIN cat=[android.intent.category.LAUNCHER] flg=0x10200000 cmp=com.quipack.a.b4f63b882ef19c20001005fae/com.quipper.a.v5.single.activities.QuipperV5SingleStartActivity u=0} from pid 996
I/Choreographer(  491): Skipped 211 frames!  The application may be doing too much work on its main thread.
I/Choreographer(  491): Skipped 78 frames!  The application may be doing too much work on its main thread.
V/PhoneStatusBar(  435): setLightsOn(true)
W/InputMethodManagerService(  231): Window already focused, ignoring focus gain of: com.android.internal.view.IInputMethodClient$Stub$Proxy@b3e2ce08 attribute=null
E/WVMExtractor(   61): Failed to open libwvm.so
D/InputEventConsistencyVerifier( 1028): KeyEvent: ACTION_UP but key was not down.
D/InputEventConsistencyVerifier( 1028):   in android.widget.ViewFlipper@b3e4a890
D/InputEventConsistencyVerifier( 1028):   0: sent at 251367000000, KeyEvent { action=ACTION_UP, keyCode=KEYCODE_DPAD_DOWN, scanCode=0, metaState=0, flags=0x400, repeatCount=0, eventTime=251367, downTime=251367, deviceId=-1, source=0x101 }
D/InputEventConsistencyVerifier( 1028):   -- recent events --
D/InputEventConsistencyVerifier( 1028):   1: sent at 247454000000, (unhandled) KeyEvent { action=ACTION_DOWN, keyCode=KEYCODE_DPAD_UP, scanCode=0, metaState=0, flags=0x8, repeatCount=0, eventTime=247454, downTime=247454, deviceId=-1, source=0x101 }
D/InputEventConsistencyVerifier( 1028):   2: sent at 247374000000, (unhandled) KeyEvent { action=ACTION_UP, keyCode=KEYCODE_DPAD_DOWN, scanCode=0, metaState=0, flags=0x80000008, repeatCount=0, eventTime=247374, downTime=247374, deviceId=-1, source=0x101 }
D/InputEventConsistencyVerifier( 1028):   3: sent at 244541000000, MotionEvent { action=ACTION_UP, id[0]=0, x[0]=296.0, y[0]=514.0, toolType[0]=TOOL_TYPE_UNKNOWN, buttonState=0, metaState=0, flags=0x0, edgeFlags=0x0, pointerCount=1, historySize=0, eventTime=244541, downTime=244362, deviceId=0, source=0x1002 }
D/InputEventConsistencyVerifier( 1028):   4: sent at 244537000000, MotionEvent { action=ACTION_POINTER_UP(1), id[0]=0, x[0]=292.0, y[0]=514.0, toolType[0]=TOOL_TYPE_UNKNOWN, id[1]=1, x[1]=248.0, y[1]=-278.0, toolType[1]=TOOL_TYPE_UNKNOWN, buttonState=0, metaState=0, flags=0x0, edgeFlags=0x0, pointerCount=2, historySize=0, eventTime=244537, downTime=244362, deviceId=0, source=0x1002 }
D/InputEventConsistencyVerifier( 1028):   5: sent at 244534000000, MotionEvent { action=ACTION_MOVE, id[0]=0, x[0]=289.0, y[0]=514.0, toolType[0]=TOOL_TYPE_UNKNOWN, id[1]=1, x[1]=256.0, y[1]=-268.0, toolType[1]=TOOL_TYPE_UNKNOWN, buttonState=0, metaState=0, flags=0x0, edgeFlags=0x0, pointerCount=2, historySize=1, eventTime=244534, downTime=244362, deviceId=0, source=0x1002 }
I/InputAttributes(  491): InputType.TYPE_NULL is specified
I/Choreographer(  491): Skipped 83 frames!  The application may be doing too much work on its main thread.
E/WVMExtractor(   61): Failed to open libwvm.so
I/Choreographer( 1028): Skipped 34 frames!  The application may be doing too much work on its main thread.
I/Choreographer( 1028): Skipped 33 frames!  The application may be doing too much work on its main thread.
E/WVMExtractor(   61): Failed to open libwvm.so
D/InputEventConsistencyVerifier( 1028): KeyEvent: ACTION_UP but key was not down.
D/InputEventConsistencyVerifier( 1028):   in android.widget.TabWidget@b3e62270
D/InputEventConsistencyVerifier( 1028):   0: sent at 252869000000, KeyEvent { action=ACTION_UP, keyCode=KEYCODE_DPAD_LEFT, scanCode=0, metaState=0, flags=0x400, repeatCount=0, eventTime=252869, downTime=252869, deviceId=-1, source=0x101 }
D/InputEventConsistencyVerifier( 1028):   -- recent events --
D/InputEventConsistencyVerifier( 1028):   1: sent at 244028000000, KeyEvent { action=ACTION_UP, keyCode=KEYCODE_DPAD_CENTER, scanCode=0, metaState=0, flags=0x8, repeatCount=0, eventTime=244028, downTime=244028, deviceId=-1, source=0x101 }
D/InputEventConsistencyVerifier( 1028):   2: sent at 243994000000, KeyEvent { action=ACTION_DOWN, keyCode=KEYCODE_DPAD_CENTER, scanCode=0, metaState=0, flags=0x8, repeatCount=0, eventTime=243994, downTime=243994, deviceId=-1, source=0x101 }
D/InputEventConsistencyVerifier( 1028):   3: sent at 243822000000, (unhandled) KeyEvent { action=ACTION_UP, keyCode=KEYCODE_DPAD_UP, scanCode=0, metaState=0, flags=0x8, repeatCount=0, eventTime=243822, downTime=243822, deviceId=-1, source=0x101 }
D/InputEventConsistencyVerifier( 1028):   4: sent at 243774000000, (unhandled) KeyEvent { action=ACTION_DOWN, keyCode=KEYCODE_DPAD_UP, scanCode=0, metaState=0, flags=0x8, repeatCount=0, eventTime=243774, downTime=243774, deviceId=-1, source=0x101 }
D/InputEventConsistencyVerifier( 1028):   5: sent at 243703000000, (unhandled) KeyEvent { action=ACTION_UP, keyCode=KEYCODE_DPAD_UP, scanCode=0, metaState=0, flags=0x80000008, repeatCount=0, eventTime=243703, downTime=243703, deviceId=-1, source=0x101 }
I/InputAttributes(  491): InputType.TYPE_NULL is specified
I/Choreographer(  491): Skipped 138 frames!  The application may be doing too much work on its main thread.
E/WVMExtractor(   61): Failed to open libwvm.so
E/WVMExtractor(   61): Failed to open libwvm.so
D/InputEventConsistencyVerifier( 1028): KeyEvent: ACTION_UP but key was not down.
D/InputEventConsistencyVerifier( 1028):   in android.widget.FrameLayout@b3f27760
D/InputEventConsistencyVerifier( 1028):   0: sent at 254145000000, KeyEvent { action=ACTION_UP, keyCode=KEYCODE_DPAD_DOWN, scanCode=0, metaState=0, flags=0x400, repeatCount=0, eventTime=254145, downTime=254145, deviceId=-1, source=0x101 }
D/InputEventConsistencyVerifier( 1028):   -- recent events --
D/InputEventConsistencyVerifier( 1028):   1: sent at 252869000000, (unhandled) KeyEvent { action=ACTION_DOWN, keyCode=KEYCODE_DPAD_LEFT, scanCode=0, metaState=0, flags=0x400, repeatCount=0, eventTime=252869, downTime=252869, deviceId=-1, source=0x101 }
D/InputEventConsistencyVerifier( 1028):   2: sent at 252753000000, (unhandled) MotionEvent { action=ACTION_MOVE, id[0]=0, x[0]=-4.0, y[0]=2.0, toolType[0]=TOOL_TYPE_UNKNOWN, buttonState=0, metaState=0, flags=0x0, edgeFlags=0x0, pointerCount=1, historySize=0, eventTime=252753, downTime=-1, deviceId=0, source=0x10004 }
D/InputEventConsistencyVerifier( 1028):   3: sent at 251402000000, (unhandled) KeyEvent { action=ACTION_UP, keyCode=KEYCODE_DPAD_UP, scanCode=0, metaState=0, flags=0x8, repeatCount=0, eventTime=251402, downTime=251402, deviceId=-1, source=0x101 }
D/InputEventConsistencyVerifier( 1028):   4: sent at 251313000000, KeyEvent { action=ACTION_DOWN, keyCode=KEYCODE_DPAD_UP, scanCode=0, metaState=0, flags=0x8, repeatCount=0, eventTime=251313, downTime=251313, deviceId=-1, source=0x101 }
D/InputEventConsistencyVerifier( 1028):   5: sent at 251369000000, (unhandled) KeyEvent { action=ACTION_UP, keyCode=KEYCODE_DPAD_DOWN, scanCode=0, metaState=0, flags=0x400, repeatCount=0, eventTime=251369, downTime=251369, deviceId=-1, source=0x101 }
I/Choreographer(  491): Skipped 91 frames!  The application may be doing too much work on its main thread.
I/InputAttributes(  491): InputType.TYPE_NULL is specified
D/InputEventConsistencyVerifier( 1028): KeyEvent: ACTION_UP but key was not down.
D/InputEventConsistencyVerifier( 1028):   in android.widget.ViewFlipper@b3e4a890
D/InputEventConsistencyVerifier( 1028):   0: sent at 254147000000, KeyEvent { action=ACTION_UP, keyCode=KEYCODE_DPAD_DOWN, scanCode=0, metaState=0, flags=0x400, repeatCount=0, eventTime=254147, downTime=254147, deviceId=-1, source=0x101 }
D/InputEventConsistencyVerifier( 1028):   -- recent events --
D/InputEventConsistencyVerifier( 1028):   1: sent at 252869000000, (unhandled) KeyEvent { action=ACTION_DOWN, keyCode=KEYCODE_DPAD_LEFT, scanCode=0, metaState=0, flags=0x400, repeatCount=0, eventTime=252869, downTime=252869, deviceId=-1, source=0x101 }
D/InputEventConsistencyVerifier( 1028):   2: sent at 252753000000, (unhandled) MotionEvent { action=ACTION_MOVE, id[0]=0, x[0]=-4.0, y[0]=2.0, toolType[0]=TOOL_TYPE_UNKNOWN, buttonState=0, metaState=0, flags=0x0, edgeFlags=0x0, pointerCount=1, historySize=0, eventTime=252753, downTime=-1, deviceId=0, source=0x10004 }
D/InputEventConsistencyVerifier( 1028):   3: sent at 251402000000, (unhandled) KeyEvent { action=ACTION_UP, keyCode=KEYCODE_DPAD_UP, scanCode=0, metaState=0, flags=0x8, repeatCount=0, eventTime=251402, downTime=251402, deviceId=-1, source=0x101 }
D/InputEventConsistencyVerifier( 1028):   4: sent at 251313000000, KeyEvent { action=ACTION_DOWN, keyCode=KEYCODE_DPAD_UP, scanCode=0, metaState=0, flags=0x8, repeatCount=0, eventTime=251313, downTime=251313, deviceId=-1, source=0x101 }
