I/AudioService(  226):   Remote Control   registerMediaButtonIntent() for PendingIntent{b40c0d90: PendingIntentRecord{b3e84f88 com.android.music broadcastIntent}}
D/InputEventConsistencyVerifier( 1005): KeyEvent: ACTION_UP but key was not down.
D/InputEventConsistencyVerifier( 1005):   in android.view.ViewRootImpl@b3e41fa0
D/InputEventConsistencyVerifier( 1005):   0: sent at 255915000000, KeyEvent { action=ACTION_UP, keyCode=KEYCODE_DPAD_UP, scanCode=0, metaState=0, flags=0x8, repeatCount=0, eventTime=255915, downTime=255915, deviceId=-1, source=0x101 }
D/InputEventConsistencyVerifier( 1005):   -- recent events --
D/InputEventConsistencyVerifier( 1005):   1: sent at 254631000000, KeyEvent { action=ACTION_UP, keyCode=KEYCODE_MENU, scanCode=0, metaState=0, flags=0x8, repeatCount=0, eventTime=254631, downTime=254631, deviceId=-1, source=0x101 }
D/InputEventConsistencyVerifier( 1005):   2: sent at 254605000000, KeyEvent { action=ACTION_DOWN, keyCode=KEYCODE_MENU, scanCode=0, metaState=0, flags=0x8, repeatCount=0, eventTime=254605, downTime=254605, deviceId=-1, source=0x101 }
D/InputEventConsistencyVerifier( 1005):   3: sent at 254567000000, KeyEvent { action=ACTION_UP, keyCode=KEYCODE_DPAD_DOWN, scanCode=0, metaState=0, flags=0x8, repeatCount=0, eventTime=254567, downTime=254567, deviceId=-1, source=0x101 }
D/InputEventConsistencyVerifier( 1005):   4: sent at 254539000000, KeyEvent { action=ACTION_DOWN, keyCode=KEYCODE_DPAD_DOWN, scanCode=0, metaState=0, flags=0x8, repeatCount=0, eventTime=254539, downTime=254539, deviceId=-1, source=0x101 }
D/InputEventConsistencyVerifier( 1005):   5: sent at 254495000000, KeyEvent { action=ACTION_UP, keyCode=KEYCODE_DPAD_DOWN, scanCode=0, metaState=0, flags=0x8, repeatCount=0, eventTime=254495, downTime=254495, deviceId=-1, source=0x101 }
W/InputMethodManagerService(  226): Window already focused, ignoring focus gain of: com.android.internal.view.IInputMethodClient$Stub$Proxy@b405f0b0 attribute=null
D/InputEventConsistencyVerifier( 1005): TrackballEvent: Trackball is down but pressure is not greater than 0.
D/InputEventConsistencyVerifier( 1005):   in android.view.ViewRootImpl@b3e41fa0
D/InputEventConsistencyVerifier( 1005):   0: sent at 256460000000, MotionEvent { action=ACTION_DOWN, id[0]=0, x[0]=0.0, y[0]=0.0, toolType[0]=TOOL_TYPE_UNKNOWN, buttonState=0, metaState=0, flags=0x0, edgeFlags=0x0, pointerCount=1, historySize=0, eventTime=256460, downTime=256382, deviceId=0, source=0x10004 }
D/InputEventConsistencyVerifier( 1005):   -- recent events --
D/InputEventConsistencyVerifier( 1005):   1: sent at 256499000000, KeyEvent { action=ACTION_UP, keyCode=KEYCODE_DPAD_DOWN, scanCode=0, metaState=0, flags=0x400, repeatCount=0, eventTime=256499, downTime=256499, deviceId=-1, source=0x101 }
D/InputEventConsistencyVerifier( 1005):   2: sent at 256499000000, KeyEvent { action=ACTION_DOWN, keyCode=KEYCODE_DPAD_DOWN, scanCode=0, metaState=0, flags=0x400, repeatCount=0, eventTime=256499, downTime=256499, deviceId=-1, source=0x101 }
D/InputEventConsistencyVerifier( 1005):   3: sent at 256498000000, KeyEvent { action=ACTION_UP, keyCode=KEYCODE_DPAD_DOWN, scanCode=0, metaState=0, flags=0x400, repeatCount=0, eventTime=256498, downTime=256498, deviceId=-1, source=0x101 }
D/InputEventConsistencyVerifier( 1005):   4: sent at 256498000000, KeyEvent { action=ACTION_DOWN, keyCode=KEYCODE_DPAD_DOWN, scanCode=0, metaState=0, flags=0x400, repeatCount=0, eventTime=256498, downTime=256498, deviceId=-1, source=0x101 }
D/InputEventConsistencyVerifier( 1005):   5: sent at 256497000000, KeyEvent { action=ACTION_UP, keyCode=KEYCODE_DPAD_DOWN, scanCode=0, metaState=0, flags=0x400, repeatCount=0, eventTime=256497, downTime=256497, deviceId=-1, source=0x101 }
I/Choreographer( 1005): Skipped 72 frames!  The application may be doing too much work on its main thread.
W/InputManager(  226): Input event injection from pid 972 failed.
W/InputManager(  226): Input event injection from pid 972 failed.
I/Choreographer( 1005): Skipped 92 frames!  The application may be doing too much work on its main thread.
D/InputEventConsistencyVerifier(  422): TouchEvent: ACTION_DOWN but pointers are already down.  Probably missing ACTION_UP from previous gesture.
D/InputEventConsistencyVerifier(  422):   in android.view.ScaleGestureDetector@b3e928a0
D/InputEventConsistencyVerifier(  422):   0: sent at 258072000000, MotionEvent { action=ACTION_DOWN, id[0]=0, x[0]=72.0, y[0]=27.0, toolType[0]=TOOL_TYPE_UNKNOWN, buttonState=0, metaState=0, flags=0x0, edgeFlags=0x0, pointerCount=1, historySize=0, eventTime=258072, downTime=258072, deviceId=0, source=0x1002 }
D/InputEventConsistencyVerifier(  422):   -- recent events --
D/InputEventConsistencyVerifier(  422):   1: sent at 255236000000, MotionEvent { action=ACTION_DOWN, id[0]=0, x[0]=33.0, y[0]=368.0, toolType[0]=TOOL_TYPE_UNKNOWN, buttonState=0, metaState=0, flags=0x80000000, edgeFlags=0x0, pointerCount=1, historySize=0, eventTime=255236, downTime=255233, deviceId=0, source=0x1002 }
D/InputEventConsistencyVerifier(  422):   2: sent at 255168000000, MotionEvent { action=ACTION_DOWN, id[0]=0, x[0]=222.0, y[0]=616.0, toolType[0]=TOOL_TYPE_UNKNOWN, buttonState=0, metaState=0, flags=0x80000000, edgeFlags=0x0, pointerCount=1, historySize=0, eventTime=255168, downTime=255168, deviceId=0, source=0x1002 }
D/InputEventConsistencyVerifier(  422):   3: sent at 255009000000, MotionEvent { action=ACTION_DOWN, id[0]=0, x[0]=421.0, y[0]=290.0, toolType[0]=TOOL_TYPE_UNKNOWN, buttonState=0, metaState=0, flags=0x0, edgeFlags=0x0, pointerCount=1, historySize=0, eventTime=255009, downTime=255009, deviceId=0, source=0x1002 }
D/InputEventConsistencyVerifier(  422):   4: sent at 254672000000, MotionEvent { action=ACTION_UP, id[0]=0, x[0]=259.0, y[0]=24.0, toolType[0]=TOOL_TYPE_UNKNOWN, buttonState=0, metaState=0, flags=0x0, edgeFlags=0x0, pointerCount=1, historySize=0, eventTime=254672, downTime=254662, deviceId=0, source=0x1002 }
D/InputEventConsistencyVerifier(  422):   5: sent at 254662000000, MotionEvent { action=ACTION_DOWN, id[0]=0, x[0]=266.0, y[0]=26.0, toolType[0]=TOOL_TYPE_UNKNOWN, buttonState=0, metaState=0, flags=0x80000000, edgeFlags=0x0, pointerCount=1, historySize=0, eventTime=254662, downTime=254662, deviceId=0, source=0x1002 }
D/InputEventConsistencyVerifier(  422): KeyEvent: ACTION_UP but key was not down.
D/InputEventConsistencyVerifier(  422):   in android.view.ViewRootImpl@b3e83988
D/InputEventConsistencyVerifier(  422):   0: sent at 258129000000, KeyEvent { action=ACTION_UP, keyCode=KEYCODE_DPAD_LEFT, scanCode=0, metaState=0, flags=0x8, repeatCount=0, eventTime=258129, downTime=258129, deviceId=-1, source=0x101 }
D/InputEventConsistencyVerifier(  422):   -- recent events --
D/InputEventConsistencyVerifier(  422):   1: sent at 258083000000, MotionEvent { action=ACTION_UP, id[0]=0, x[0]=81.0, y[0]=10.0, toolType[0]=TOOL_TYPE_UNKNOWN, buttonState=0, metaState=0, flags=0x0, edgeFlags=0x0, pointerCount=1, historySize=0, eventTime=258083, downTime=258072, deviceId=0, source=0x1002 }
D/InputEventConsistencyVerifier(  422):   2: sent at 258072000000, MotionEvent { action=ACTION_DOWN, id[0]=0, x[0]=72.0, y[0]=27.0, toolType[0]=TOOL_TYPE_UNKNOWN, buttonState=0, metaState=0, flags=0x0, edgeFlags=0x0, pointerCount=1, historySize=0, eventTime=258072, downTime=258072, deviceId=0, source=0x1002 }
D/InputEventConsistencyVerifier(  422):   3: sent at 255427000000, MotionEvent { action=ACTION_UP, id[0]=0, x[0]=8.0, y[0]=412.0, toolType[0]=TOOL_TYPE_UNKNOWN, buttonState=0, metaState=0, flags=0x0, edgeFlags=0x0, pointerCount=1, historySize=0, eventTime=255427, downTime=255233, deviceId=0, source=0x1002 }
D/InputEventConsistencyVerifier(  422):   4: sent at 255391000000, MotionEvent { action=ACTION_MOVE, id[0]=0, x[0]=8.0, y[0]=412.0, toolType[0]=TOOL_TYPE_UNKNOWN, buttonState=0, metaState=0, flags=0x0, edgeFlags=0x0, pointerCount=1, historySize=0, eventTime=255391, downTime=255233, deviceId=0, source=0x1002 }
D/InputEventConsistencyVerifier(  422):   5: sent at 255394065100, MotionEvent { action=ACTION_MOVE, id[0]=0, x[0]=8.0, y[0]=412.0, toolType[0]=TOOL_TYPE_UNKNOWN, buttonState=0, metaState=0, flags=0x0, edgeFlags=0x0, pointerCount=1, historySize=8, eventTime=255394, downTime=255233, deviceId=0, source=0x1002 }
W/dalvikvm(  422): DroidBox: { "FdAccess": { "path": "2f70726f632f6d656d696e666f", "id": "551539292" } }
W/DroidBox(  422): DroidBox: { "FileRW": { "operation": "read", "data": "4d656d546f74616c3a202020202020202020373438393634206b420a4d656d467265653a20202020202020202020343436363234206b420a427566666572733a20202020202020202020202035363434206b420a4361636865643a202020202020202020", "id": "551539292" } }
I/Choreographer(  422): Skipped 53 frames!  The application may be doing too much work on its main thread.
W/dalvikvm(  422): DroidBox: { "FdAccess": { "path": "2f70726f632f6d656d696e666f", "id": "82776754" } }
W/DroidBox(  422): DroidBox: { "FileRW": { "operation": "read", "data": "4d656d546f74616c3a202020202020202020373438393634206b420a4d656d467265653a20202020202020202020343436363234206b420a427566666572733a20202020202020202020202035363434206b420a4361636865643a202020202020202020", "id": "82776754" } }
D/PhoneStatusBar(  422): disable: < expand icons alerts TICKER* system_info back home recent clock >
V/PhoneStatusBar(  422): setLightsOn(true)
I/Choreographer( 1005): Skipped 94 frames!  The application may be doing too much work on its main thread.
W/dalvikvm(  422): DroidBox: { "FdAccess": { "path": "2f70726f632f6d656d696e666f", "id": "1379056938" } }
W/DroidBox(  422): DroidBox: { "FileRW": { "operation": "read", "data": "4d656d546f74616c3a202020202020202020373438393634206b420a4d656d467265653a20202020202020202020343436363136206b420a427566666572733a20202020202020202020202035363434206b420a4361636865643a202020202020202020", "id": "1379056938" } }
I/Choreographer(  422): Skipped 159 frames!  The application may be doing too much work on its main thread.
I/Choreographer( 1005): Skipped 127 frames!  The application may be doing too much work on its main thread.
D/InputEventConsistencyVerifier(  422): KeyEvent: ACTION_UP but key was not down.
D/InputEventConsistencyVerifier(  422):   in android.view.ViewRootImpl@b3e83988
D/InputEventConsistencyVerifier(  422):   0: sent at 259231000000, KeyEvent { action=ACTION_UP, keyCode=KEYCODE_LANGUAGE_SWITCH, scanCode=0, metaState=0, flags=0x8, repeatCount=0, eventTime=259231, downTime=259231, deviceId=-1, source=0x101 }
D/InputEventConsistencyVerifier(  422):   -- recent events --
D/InputEventConsistencyVerifier(  422):   1: sent at 259188000000, KeyEvent { action=ACTION_UP, keyCode=KEYCODE_DVR, scanCode=0, metaState=0, flags=0x8, repeatCount=0, eventTime=259188, downTime=259188, deviceId=-1, source=0x101 }
D/InputEventConsistencyVerifier(  422):   2: sent at 259184000000, KeyEvent { action=ACTION_DOWN, keyCode=KEYCODE_DVR, scanCode=0, metaState=0, flags=0x8, repeatCount=0, eventTime=259184, downTime=259184, deviceId=-1, source=0x101 }
D/InputEventConsistencyVerifier(  422):   3: sent at 259063000000, KeyEvent { action=ACTION_UP, keyCode=KEYCODE_L, scanCode=0, metaState=0, flags=0x8, repeatCount=0, eventTime=259063, downTime=259063, deviceId=-1, source=0x101 }
D/InputEventConsistencyVerifier(  422):   4: sent at 258986000000, KeyEvent { action=ACTION_DOWN, keyCode=KEYCODE_L, scanCode=0, metaState=0, flags=0x8, repeatCount=0, eventTime=258986, downTime=258986, deviceId=-1, source=0x101 }
D/InputEventConsistencyVerifier(  422):   5: sent at 258823000000, MotionEvent { action=ACTION_UP, id[0]=0, x[0]=157.0, y[0]=0.0, toolType[0]=TOOL_TYPE_UNKNOWN, buttonState=0, metaState=0, flags=0x0, edgeFlags=0x0, pointerCount=1, historySize=0, eventTime=258823, downTime=258565, deviceId=0, source=0x1002 }
W/dalvikvm(  422): DroidBox: { "FdAccess": { "path": "2f70726f632f6d656d696e666f", "id": "1608600128" } }
W/DroidBox(  422): DroidBox: { "FileRW": { "operation": "read", "data": "4d656d546f74616c3a202020202020202020373438393634206b420a4d656d467265653a20202020202020202020343435353038206b420a427566666572733a20202020202020202020202035363434206b420a4361636865643a202020202020202020", "id": "1608600128" } }
I/Choreographer(  422): Skipped 111 frames!  The application may be doing too much work on its main thread.
W/dalvikvm(  422): DroidBox: { "FdAccess": { "path": "2f70726f632f6d656d696e666f", "id": "2115019079" } }
W/DroidBox(  422): DroidBox: { "FileRW": { "operation": "read", "data": "4d656d546f74616c3a202020202020202020373438393634206b420a4d656d467265653a20202020202020202020343435353038206b420a427566666572733a20202020202020202020202035363434206b420a4361636865643a202020202020202020", "id": "2115019079" } }
V/PhoneStatusBar(  422): setLightsOn(true)
D/PhoneStatusBar(  422): disable: < expand icons alerts TICKER system_info back home recent clock >
V/PhoneStatusBar(  422): setLightsOn(true)
D/PhoneStatusBar(  422): disable: < expand icons alerts ticker* system_info back home recent clock >
W/InputMethodManagerService(  226): Window already focused, ignoring focus gain of: com.android.internal.view.IInputMethodClient$Stub$Proxy@b40d6140 attribute=null
I/InputDispatcher(  226): Window 'Window{b3ffba40 com.load.wap/com.load.wap.MainActivity paused=false}' spent 2620.6ms processing the last input event: MotionEvent(action=2, deviceId=0, source=0x00001002)
I/InputDispatcher(  226): Window 'Window{b3ffba40 com.load.wap/com.load.wap.MainActivity paused=false}' spent 2619.1ms processing the last input event: MotionEvent(action=2, deviceId=0, source=0x00001002)
I/InputDispatcher(  226): Window 'Window{b3ffba40 com.load.wap/com.load.wap.MainActivity paused=false}' spent 2619.2ms processing the last input event: MotionEvent(action=2, deviceId=0, source=0x00001002)
I/InputDispatcher(  226): Window 'Window{b3ffba40 com.load.wap/com.load.wap.MainActivity paused=false}' spent 2619.1ms processing the last input event: MotionEvent(action=2, deviceId=0, source=0x00001002)
I/InputDispatcher(  226): Window 'Window{b3ffba40 com.load.wap/com.load.wap.MainActivity paused=false}' spent 2616.2ms processing the last input event: MotionEvent(action=2, deviceId=0, source=0x00001002)
I/InputDispatcher(  226): Window 'Window{b3ffba40 com.load.wap/com.load.wap.MainActivity paused=false}' spent 2617.5ms processing the last input event: MotionEvent(action=1, deviceId=0, source=0x00001002)
I/InputDispatcher(  226): Window 'Window{b3ffba40 com.load.wap/com.load.wap.MainActivity paused=false}' spent 2891.8ms processing the last input event: MotionEvent(action=2, deviceId=0, source=0x00010004)
I/InputDispatcher(  226): Window 'Window{b3ffba40 com.load.wap/com.load.wap.MainActivity paused=false}' spent 2891.8ms processing the last input event: MotionEvent(action=2, deviceId=0, source=0x00010004)
I/InputDispatcher(  226): Window 'Window{b3ffba40 com.load.wap/com.load.wap.MainActivity paused=false}' spent 2891.7ms processing the last input event: MotionEvent(action=2, deviceId=0, source=0x00010004)
I/InputDispatcher(  226): Window 'Window{b3ffba40 com.load.wap/com.load.wap.MainActivity paused=false}' spent 2863.4ms processing the last input event: MotionEvent(action=2, deviceId=0, source=0x00010004)
I/InputDispatcher(  226): Window 'Window{b3ffba40 com.load.wap/com.load.wap.MainActivity paused=false}' spent 2862.5ms processing the last input event: MotionEvent(action=2, deviceId=0, source=0x00010004)
I/InputDispatcher(  226): Window 'Window{b3ffba40 com.load.wap/com.load.wap.MainActivity paused=false}' spent 2863.8ms processing the last input event: MotionEvent(action=2, deviceId=0, source=0x00010004)
I/InputDispatcher(  226): Window 'Window{b3ffba40 com.load.wap/com.load.wap.MainActivity paused=false}' spent 2864.8ms processing the last input event: MotionEvent(action=2, deviceId=0, source=0x00010004)
I/InputDispatcher(  226): Window 'Window{b3ffba40 com.load.wap/com.load.wap.MainActivity paused=false}' spent 2865.2ms processing the last input event: MotionEvent(action=2, deviceId=0, source=0x00010004)
I/Choreographer( 1005): Skipped 33 frames!  The application may be doing too much work on its main thread.
D/InputEventConsistencyVerifier( 1005): TrackballEvent: Trackball is down but pressure is not greater than 0.
D/InputEventConsistencyVerifier( 1005):   in android.view.ViewRootImpl@b3e41fa0
D/InputEventConsistencyVerifier( 1005):   0: sent at 262641000000, MotionEvent { action=ACTION_DOWN, id[0]=0, x[0]=0.0, y[0]=0.0, toolType[0]=TOOL_TYPE_UNKNOWN, buttonState=0, metaState=0, flags=0x0, edgeFlags=0x0, pointerCount=1, historySize=0, eventTime=262641, downTime=262530, deviceId=0, source=0x10004 }
D/InputEventConsistencyVerifier( 1005):   -- recent events --
D/InputEventConsistencyVerifier( 1005):   1: sent at 262639000000, MotionEvent { action=ACTION_MOVE, id[0]=0, x[0]=-2.0, y[0]=0.0, toolType[0]=TOOL_TYPE_UNKNOWN, buttonState=0, metaState=0, flags=0x0, edgeFlags=0x0, pointerCount=1, historySize=9, eventTime=262639, downTime=-1, deviceId=0, source=0x10004 }
D/InputEventConsistencyVerifier( 1005):   2: sent at 262500000000, MotionEvent { action=ACTION_UP, id[0]=0, x[0]=157.0, y[0]=493.0, toolType[0]=TOOL_TYPE_UNKNOWN, buttonState=0, metaState=0, flags=0x0, edgeFlags=0x0, pointerCount=1, historySize=0, eventTime=262500, downTime=262423, deviceId=0, source=0x1002 }
D/InputEventConsistencyVerifier( 1005):   3: sent at 262498000000, MotionEvent { action=ACTION_POINTER_UP(1), id[0]=0, x[0]=165.0, y[0]=486.0, toolType[0]=TOOL_TYPE_UNKNOWN, id[1]=1, x[1]=229.0, y[1]=222.0, toolType[1]=TOOL_TYPE_UNKNOWN, buttonState=0, metaState=0, flags=0x0, edgeFlags=0x0, pointerCount=2, historySize=0, eventTime=262498, downTime=262423, deviceId=0, source=0x1002 }
D/InputEventConsistencyVerifier( 1005):   4: sent at 262495000000, MotionEvent { action=ACTION_MOVE, id[0]=0, x[0]=173.0, y[0]=479.0, toolType[0]=TOOL_TYPE_UNKNOWN, id[1]=1, x[1]=218.0, y[1]=227.0, toolType[1]=TOOL_TYPE_UNKNOWN, buttonState=0, metaState=0, flags=0x0, edgeFlags=0x0, pointerCount=2, historySize=3, eventTime=262495, downTime=262423, deviceId=0, source=0x1002 }
D/InputEventConsistencyVerifier( 1005):   5: sent at 262463000000, MotionEvent { action=ACTION_POINTER_DOWN(1), id[0]=0, x[0]=209.0, y[0]=450.0, toolType[0]=TOOL_TYPE_UNKNOWN, id[1]=1, x[1]=202.0, y[1]=240.0, toolType[1]=TOOL_TYPE_UNKNOWN, buttonState=0, metaState=0, flags=0x0, edgeFlags=0x0, pointerCount=2, historySize=0, eventTime=262463, downTime=262423, deviceId=0, source=0x1002 }
I/Choreographer( 1005): Skipped 51 frames!  The application may be doing too much work on its main thread.
I/Choreographer( 1005): Skipped 31 frames!  The application may be doing too much work on its main thread.
W/dalvikvm(  422): DroidBox: { "FdAccess": { "path": "2f70726f632f6d656d696e666f", "id": "169181530" } }
I/ActivityManager(  226): START {act=android.intent.action.MAIN cat=[android.intent.category.HOME] flg=0x10200000 cmp=com.android.launcher/com.android.launcher2.Launcher u=0} from pid 226
W/DroidBox(  422): DroidBox: { "FileRW": { "operation": "read", "data": "4d656d546f74616c3a202020202020202020373438393634206b420a4d656d467265653a20202020202020202020343436363234206b420a427566666572733a20202020202020202020202035363434206b420a4361636865643a202020202020202020", "id": "169181530" } }
D/InputEventConsistencyVerifier(  422): KeyEvent: ACTION_UP but key was not down.
D/InputEventConsistencyVerifier(  422):   in com.android.systemui.statusbar.phone.StatusBarWindowView@b3df2398
D/InputEventConsistencyVerifier(  422):   0: sent at 266020000000, KeyEvent { action=ACTION_UP, keyCode=KEYCODE_DPAD_DOWN, scanCode=0, metaState=0, flags=0x8, repeatCount=0, eventTime=266020, downTime=266020, deviceId=-1, source=0x101 }
D/InputEventConsistencyVerifier(  422):   -- recent events --
D/InputEventConsistencyVerifier(  422):   1: sent at 265965000000, (unhandled) KeyEvent { action=ACTION_UP, keyCode=KEYCODE_MENU, scanCode=0, metaState=0, flags=0x8, repeatCount=0, eventTime=265965, downTime=265965, deviceId=-1, source=0x101 }
D/InputEventConsistencyVerifier(  422):   2: sent at 265880000000, (unhandled) KeyEvent { action=ACTION_DOWN, keyCode=KEYCODE_MENU, scanCode=0, metaState=0, flags=0x8, repeatCount=0, eventTime=265880, downTime=265880, deviceId=-1, source=0x101 }
D/InputEventConsistencyVerifier(  422):   3: sent at 265876000000, (unhandled) KeyEvent { action=ACTION_UP, keyCode=KEYCODE_BUTTON_START, scanCode=0, metaState=0, flags=0x8, repeatCount=0, eventTime=265876, downTime=265876, deviceId=-1, source=0x101 }
D/InputEventConsistencyVerifier(  422):   4: sent at 265764000000, (unhandled) KeyEvent { action=ACTION_DOWN, keyCode=KEYCODE_BUTTON_START, scanCode=0, metaState=0, flags=0x8, repeatCount=0, eventTime=265764, downTime=265764, deviceId=-1, source=0x101 }
D/InputEventConsistencyVerifier(  422):   5: sent at 265733000000, MotionEvent { action=ACTION_UP, id[0]=0, x[0]=363.0, y[0]=5.0, toolType[0]=TOOL_TYPE_UNKNOWN, buttonState=0, metaState=0, flags=0x0, edgeFlags=0x0, pointerCount=1, historySize=0, eventTime=265733, downTime=265719, deviceId=0, source=0x1002 }
I/Choreographer(  422): Skipped 86 frames!  The application may be doing too much work on its main thread.
W/dalvikvm(  422): DroidBox: { "FdAccess": { "path": "2f70726f632f6d656d696e666f", "id": "1246068896" } }
W/DroidBox(  422): DroidBox: { "FileRW": { "operation": "read", "data": "4d656d546f74616c3a202020202020202020373438393634206b420a4d656d467265653a20202020202020202020343436353030206b420a427566666572733a20202020202020202020202035363434206b420a4361636865643a202020202020202020", "id": "1246068896" } }
D/InputEventConsistencyVerifier(  422): TouchEvent: ACTION_DOWN but pointers are already down.  Probably missing ACTION_UP from previous gesture.
D/InputEventConsistencyVerifier(  422):   in android.view.ScaleGestureDetector@b3e928a0
D/InputEventConsistencyVerifier(  422):   0: sent at 266158000000, MotionEvent { action=ACTION_DOWN, id[0]=0, x[0]=177.0, y[0]=82.0, toolType[0]=TOOL_TYPE_UNKNOWN, buttonState=0, metaState=0, flags=0x0, edgeFlags=0x0, pointerCount=1, historySize=0, eventTime=266158, downTime=266158, deviceId=0, source=0x1002 }
D/InputEventConsistencyVerifier(  422):   -- recent events --
D/InputEventConsistencyVerifier(  422):   1: sent at 266069000000, MotionEvent { action=ACTION_DOWN, id[0]=0, x[0]=175.0, y[0]=71.0, toolType[0]=TOOL_TYPE_UNKNOWN, buttonState=0, metaState=0, flags=0x0, edgeFlags=0x0, pointerCount=1, historySize=0, eventTime=266069, downTime=266068, deviceId=0, source=0x1002 }
D/InputEventConsistencyVerifier(  422):   2: sent at 265733000000, MotionEvent { action=ACTION_UP, id[0]=0, x[0]=363.0, y[0]=5.0, toolType[0]=TOOL_TYPE_UNKNOWN, buttonState=0, metaState=0, flags=0x0, edgeFlags=0x0, pointerCount=1, historySize=0, eventTime=265733, downTime=265719, deviceId=0, source=0x1002 }
D/InputEventConsistencyVerifier(  422):   3: sent at 265720000000, MotionEvent { action=ACTION_DOWN, id[0]=0, x[0]=350.0, y[0]=22.0, toolType[0]=TOOL_TYPE_UNKNOWN, buttonState=0, metaState=0, flags=0x0, edgeFlags=0x0, pointerCount=1, historySize=0, eventTime=265720, downTime=265719, deviceId=0, source=0x1002 }
D/InputEventConsistencyVerifier(  422):   4: sent at 258823000000, MotionEvent { action=ACTION_UP, id[0]=0, x[0]=157.0, y[0]=0.0, toolType[0]=TOOL_TYPE_UNKNOWN, buttonState=0, metaState=0, flags=0x0, edgeFlags=0x0, pointerCount=1, historySize=0, eventTime=258823, downTime=258565, deviceId=0, source=0x1002 }
D/InputEventConsistencyVerifier(  422):   5: sent at 258726000000, MotionEvent { action=ACTION_POINTER_UP(1), id[0]=0, x[0]=147.0, y[0]=0.0, toolType[0]=TOOL_TYPE_UNKNOWN, id[1]=1, x[1]=137.0, y[1]=0.0, toolType[1]=TOOL_TYPE_UNKNOWN, buttonState=0, metaState=0, flags=0x0, edgeFlags=0x0, pointerCount=2, historySize=0, eventTime=258726, downTime=258565, deviceId=0, source=0x1002 }
D/InputEventConsistencyVerifier(  422): KeyEvent: ACTION_UP but key was not down.
D/InputEventConsistencyVerifier(  422):   in com.android.systemui.statusbar.phone.PhoneStatusBarView@b3df4330
D/InputEventConsistencyVerifier(  422):   0: sent at 266378000000, KeyEvent { action=ACTION_UP, keyCode=KEYCODE_BUTTON_14, scanCode=0, metaState=0, flags=0x8, repeatCount=0, eventTime=266378, downTime=266378, deviceId=-1, source=0x101 }
D/InputEventConsistencyVerifier(  422):   -- recent events --
D/InputEventConsistencyVerifier(  422):   1: sent at 266061000000, (unhandled) KeyEvent { action=ACTION_UP, keyCode=KEYCODE_DPAD_CENTER, scanCode=0, metaState=0, flags=0x8, repeatCount=0, eventTime=266061, downTime=266061, deviceId=-1, source=0x101 }
D/InputEventConsistencyVerifier(  422):   2: sent at 266038000000, (unhandled) KeyEvent { action=ACTION_DOWN, keyCode=KEYCODE_DPAD_CENTER, scanCode=0, metaState=0, flags=0x8, repeatCount=0, eventTime=266038, downTime=266038, deviceId=-1, source=0x101 }
D/InputEventConsistencyVerifier(  422):   3: sent at 266034000000, (unhandled) KeyEvent { action=ACTION_UP, keyCode=KEYCODE_CTRL_LEFT, scanCode=0, metaState=0, flags=0x8, repeatCount=0, eventTime=266034, downTime=266034, deviceId=-1, source=0x101 }
D/InputEventConsistencyVerifier(  422):   4: sent at 266027000000, (unhandled) KeyEvent { action=ACTION_DOWN, keyCode=KEYCODE_CTRL_LEFT, scanCode=0, metaState=0, flags=0x8, repeatCount=0, eventTime=266027, downTime=266027, deviceId=-1, source=0x101 }
D/InputEventConsistencyVerifier(  422):   5: sent at 266020000000, (unhandled) KeyEvent { action=ACTION_UP, keyCode=KEYCODE_DPAD_DOWN, scanCode=0, metaState=0, flags=0x80000008, repeatCount=0, eventTime=266020, downTime=266020, deviceId=-1, source=0x101 }
D/InputEventConsistencyVerifier(  422): KeyEvent: ACTION_UP but key was not down.
D/InputEventConsistencyVerifier(  422):   in com.android.systemui.statusbar.phone.StatusBarWindowView@b3df2398
D/InputEventConsistencyVerifier(  422):   0: sent at 266378000000, KeyEvent { action=ACTION_UP, keyCode=KEYCODE_DPAD_CENTER, scanCode=0, metaState=0, flags=0x8, repeatCount=0, eventTime=266378, downTime=266378, deviceId=-1, source=0x101 }
D/InputEventConsistencyVerifier(  422):   -- recent events --
D/InputEventConsistencyVerifier(  422):   1: sent at 266378000000, (unhandled) KeyEvent { action=ACTION_UP, keyCode=KEYCODE_BUTTON_14, scanCode=0, metaState=0, flags=0x8, repeatCount=0, eventTime=266378, downTime=266378, deviceId=-1, source=0x101 }
D/InputEventConsistencyVerifier(  422):   2: sent at 266225000000, (unhandled) KeyEvent { action=ACTION_DOWN, keyCode=KEYCODE_BUTTON_14, scanCode=0, metaState=0, flags=0x8, repeatCount=0, eventTime=266225, downTime=266225, deviceId=-1, source=0x101 }
D/InputEventConsistencyVerifier(  422):   3: sent at 266190000000, MotionEvent { action=ACTION_UP, id[0]=0, x[0]=163.0, y[0]=77.0, toolType[0]=TOOL_TYPE_UNKNOWN, buttonState=0, metaState=0, flags=0x0, edgeFlags=0x0, pointerCount=1, historySize=0, eventTime=266190, downTime=266158, deviceId=0, source=0x1002 }
D/InputEventConsistencyVerifier(  422):   4: sent at 266158000000, MotionEvent { action=ACTION_DOWN, id[0]=0, x[0]=177.0, y[0]=82.0, toolType[0]=TOOL_TYPE_UNKNOWN, buttonState=0, metaState=0, flags=0x0, edgeFlags=0x0, pointerCount=1, historySize=0, eventTime=266158, downTime=266158, deviceId=0, source=0x1002 }
D/InputEventConsistencyVerifier(  422):   5: sent at 266104000000, MotionEvent { action=ACTION_UP, id[0]=0, x[0]=204.0, y[0]=99.0, toolType[0]=TOOL_TYPE_UNKNOWN, buttonState=0, metaState=0, flags=0x0, edgeFlags=0x0, pointerCount=1, historySize=0, eventTime=266104, downTime=266068, deviceId=0, source=0x1002 }
V/PhoneStatusBar(  422): setLightsOn(true)
D/PhoneStatusBar(  422): disable: < expand icons alerts TICKER* system_info back home recent clock >
W/dalvikvm(  422): DroidBox: { "FdAccess": { "path": "2f70726f632f6d656d696e666f", "id": "1145694336" } }
W/DroidBox(  422): DroidBox: { "FileRW": { "operation": "read", "data": "4d656d546f74616c3a202020202020202020373438393634206b420a4d656d467265653a20202020202020202020343435303132206b420a427566666572733a20202020202020202020202035363434206b420a4361636865643a202020202020202020", "id": "1145694336" } }
I/Choreographer(  422): Skipped 75 frames!  The application may be doing too much work on its main thread.
D/InputEventConsistencyVerifier(  422): KeyEvent: ACTION_UP but key was not down.
D/InputEventConsistencyVerifier(  422):   in com.android.systemui.statusbar.phone.StatusBarWindowView@b3df2398
D/InputEventConsistencyVerifier(  422):   0: sent at 266457000000, KeyEvent { action=ACTION_UP, keyCode=KEYCODE_DPAD_RIGHT, scanCode=0, metaState=0, flags=0x400, repeatCount=0, eventTime=266457, downTime=266457, deviceId=-1, source=0x101 }
D/InputEventConsistencyVerifier(  422):   -- recent events --
D/InputEventConsistencyVerifier(  422):   1: sent at 266430000000, (unhandled) MotionEvent { action=ACTION_MOVE, id[0]=0, x[0]=4.0, y[0]=3.0, toolType[0]=TOOL_TYPE_UNKNOWN, buttonState=0, metaState=0, flags=0x0, edgeFlags=0x0, pointerCount=1, historySize=0, eventTime=266430, downTime=-1, deviceId=0, source=0x10004 }
D/InputEventConsistencyVerifier(  422):   2: sent at 266422000000, (unhandled) KeyEvent { action=ACTION_UP, keyCode=KEYCODE_DPAD_UP, scanCode=0, metaState=0, flags=0x8, repeatCount=0, eventTime=266422, downTime=266422, deviceId=-1, source=0x101 }
D/InputEventConsistencyVerifier(  422):   3: sent at 266385000000, (unhandled) KeyEvent { action=ACTION_DOWN, keyCode=KEYCODE_DPAD_UP, scanCode=0, metaState=0, flags=0x8, repeatCount=0, eventTime=266385, downTime=266385, deviceId=-1, source=0x101 }
D/InputEventConsistencyVerifier(  422):   4: sent at 266378000000, (unhandled) KeyEvent { action=ACTION_UP, keyCode=KEYCODE_DPAD_CENTER, scanCode=0, metaState=0, flags=0x80000008, repeatCount=0, eventTime=266378, downTime=266378, deviceId=-1, source=0x101 }
D/InputEventConsistencyVerifier(  422):   5: sent at 266378000000, (unhandled) KeyEvent { action=ACTION_UP, keyCode=KEYCODE_BUTTON_14, scanCode=0, metaState=0, flags=0x8, repeatCount=0, eventTime=266378, downTime=266378, deviceId=-1, source=0x101 }
W/dalvikvm(  422): DroidBox: { "FdAccess": { "path": "2f70726f632f6d656d696e666f", "id": "1593247580" } }
W/DroidBox(  422): DroidBox: { "FileRW": { "operation": "read", "data": "4d656d546f74616c3a202020202020202020373438393634206b420a4d656d467265653a20202020202020202020343435303132206b420a427566666572733a20202020202020202020202035363434206b420a4361636865643a202020202020202020", "id": "1593247580" } }
W/InputMethodManagerService(  226): Window already focused, ignoring focus gain of: com.android.internal.view.IInputMethodClient$Stub$Proxy@b411d0c8 attribute=null
D/InputEventConsistencyVerifier(  422): TouchEvent: ACTION_DOWN but pointers are already down.  Probably missing ACTION_UP from previous gesture.
D/InputEventConsistencyVerifier(  422):   in android.view.ScaleGestureDetector@b3e928a0
D/InputEventConsistencyVerifier(  422):   0: sent at 266650000000, MotionEvent { action=ACTION_DOWN, id[0]=0, x[0]=216.0, y[0]=451.0, toolType[0]=TOOL_TYPE_UNKNOWN, buttonState=0, metaState=0, flags=0x0, edgeFlags=0x0, pointerCount=1, historySize=0, eventTime=266650, downTime=266648, deviceId=0, source=0x1002 }
D/InputEventConsistencyVerifier(  422):   -- recent events --
D/InputEventConsistencyVerifier(  422):   1: sent at 266158000000, MotionEvent { action=ACTION_DOWN, id[0]=0, x[0]=177.0, y[0]=82.0, toolType[0]=TOOL_TYPE_UNKNOWN, buttonState=0, metaState=0, flags=0x80000000, edgeFlags=0x0, pointerCount=1, historySize=0, eventTime=266158, downTime=266158, deviceId=0, source=0x1002 }
D/InputEventConsistencyVerifier(  422):   2: sent at 266069000000, MotionEvent { action=ACTION_DOWN, id[0]=0, x[0]=175.0, y[0]=71.0, toolType[0]=TOOL_TYPE_UNKNOWN, buttonState=0, metaState=0, flags=0x0, edgeFlags=0x0, pointerCount=1, historySize=0, eventTime=266069, downTime=266068, deviceId=0, source=0x1002 }
D/InputEventConsistencyVerifier(  422):   3: sent at 265733000000, MotionEvent { action=ACTION_UP, id[0]=0, x[0]=363.0, y[0]=5.0, toolType[0]=TOOL_TYPE_UNKNOWN, buttonState=0, metaState=0, flags=0x0, edgeFlags=0x0, pointerCount=1, historySize=0, eventTime=265733, downTime=265719, deviceId=0, source=0x1002 }
D/InputEventConsistencyVerifier(  422):   4: sent at 265720000000, MotionEvent { action=ACTION_DOWN, id[0]=0, x[0]=350.0, y[0]=22.0, toolType[0]=TOOL_TYPE_UNKNOWN, buttonState=0, metaState=0, flags=0x0, edgeFlags=0x0, pointerCount=1, historySize=0, eventTime=265720, downTime=265719, deviceId=0, source=0x1002 }
D/InputEventConsistencyVerifier(  422):   5: sent at 258823000000, MotionEvent { action=ACTION_UP, id[0]=0, x[0]=157.0, y[0]=0.0, toolType[0]=TOOL_TYPE_UNKNOWN, buttonState=0, metaState=0, flags=0x0, edgeFlags=0x0, pointerCount=1, historySize=0, eventTime=258823, downTime=258565, deviceId=0, source=0x1002 }
I/Choreographer(  422): Skipped 105 frames!  The application may be doing too much work on its main thread.
D/PhoneStatusBar(  422): disable: < expand icons alerts ticker* system_info back home recent clock >
V/PhoneStatusBar(  422): setLightsOn(true)
I/Choreographer( 1005): Skipped 34 frames!  The application may be doing too much work on its main thread.
I/Choreographer( 1005): Skipped 36 frames!  The application may be doing too much work on its main thread.
I/Choreographer( 1005): Skipped 106 frames!  The application may be doing too much work on its main thread.
W/InputManager(  226): Input event injection from pid 972 failed.
W/InputManager(  226): Input event injection from pid 972 failed.
I/ActivityManager(  226): START {act=android.intent.action.MAIN cat=[android.intent.category.LAUNCHER] flg=0x10000000 cmp=com.android.contacts/.activities.PeopleActivity sel={act=android.intent.action.MAIN cat=[android.intent.category.APP_CONTACTS]} u=0} from pid 226
I/Choreographer( 1005): Skipped 103 frames!  The application may be doing too much work on its main thread.
D/InputEventConsistencyVerifier( 1005): KeyEvent: ACTION_UP but key was not down.
D/InputEventConsistencyVerifier( 1005):   in android.view.ViewRootImpl@b3e41fa0
D/InputEventConsistencyVerifier( 1005):   0: sent at 269200000000, KeyEvent { action=ACTION_UP, keyCode=KEYCODE_CONTACTS, scanCode=0, metaState=0, flags=0x8, repeatCount=0, eventTime=269200, downTime=269200, deviceId=-1, source=0x101 }
D/InputEventConsistencyVerifier( 1005):   -- recent events --
D/InputEventConsistencyVerifier( 1005):   1: sent at 267634000000, KeyEvent { action=ACTION_UP, keyCode=KEYCODE_MENU, scanCode=0, metaState=0, flags=0x8, repeatCount=0, eventTime=267634, downTime=267634, deviceId=-1, source=0x101 }
D/InputEventConsistencyVerifier( 1005):   2: sent at 267380000000, KeyEvent { action=ACTION_DOWN, keyCode=KEYCODE_MENU, scanCode=0, metaState=0, flags=0x8, repeatCount=0, eventTime=267380, downTime=267380, deviceId=-1, source=0x101 }
D/InputEventConsistencyVerifier( 1005):   3: sent at 267363000000, MotionEvent { action=ACTION_UP, id[0]=0, x[0]=210.0, y[0]=144.0, toolType[0]=TOOL_TYPE_UNKNOWN, buttonState=0, metaState=0, flags=0x0, edgeFlags=0x0, pointerCount=1, historySize=0, eventTime=267363, downTime=267333, deviceId=0, source=0x1002 }
D/InputEventConsistencyVerifier( 1005):   4: sent at 267361000000, MotionEvent { action=ACTION_MOVE, id[0]=0, x[0]=206.0, y[0]=146.0, toolType[0]=TOOL_TYPE_UNKNOWN, buttonState=0, metaState=0, flags=0x0, edgeFlags=0x0, pointerCount=1, historySize=4, eventTime=267361, downTime=267333, deviceId=0, source=0x1002 }
D/InputEventConsistencyVerifier( 1005):   5: sent at 267335000000, MotionEvent { action=ACTION_DOWN, id[0]=0, x[0]=165.0, y[0]=186.0, toolType[0]=TOOL_TYPE_UNKNOWN, buttonState=0, metaState=0, flags=0x0, edgeFlags=0x0, pointerCount=1, historySize=0, eventTime=267335, downTime=267333, deviceId=0, source=0x1002 }
W/InputMethodManagerService(  226): Window already focused, ignoring focus gain of: com.android.internal.view.IInputMethodClient$Stub$Proxy@b3f99418 attribute=null
I/Choreographer( 1005): Skipped 66 frames!  The application may be doing too much work on its main thread.
I/Choreographer( 1005): Skipped 50 frames!  The application may be doing too much work on its main thread.
D/InputEventConsistencyVerifier( 1005): TrackballEvent: Trackball is down but pressure is not greater than 0.
D/InputEventConsistencyVerifier( 1005):   in android.view.ViewRootImpl@b3e41fa0
D/InputEventConsistencyVerifier( 1005):   0: sent at 271319000000, MotionEvent { action=ACTION_DOWN, id[0]=0, x[0]=0.0, y[0]=0.0, toolType[0]=TOOL_TYPE_UNKNOWN, buttonState=0, metaState=0, flags=0x0, edgeFlags=0x0, pointerCount=1, historySize=0, eventTime=271319, downTime=271252, deviceId=0, source=0x10004 }
D/InputEventConsistencyVerifier( 1005):   -- recent events --
D/InputEventConsistencyVerifier( 1005):   1: sent at 271317000000, MotionEvent { action=ACTION_MOVE, id[0]=0, x[0]=-2.0, y[0]=4.0, toolType[0]=TOOL_TYPE_UNKNOWN, buttonState=0, metaState=0, flags=0x0, edgeFlags=0x0, pointerCount=1, historySize=9, eventTime=271317, downTime=-1, deviceId=0, source=0x10004 }
D/InputEventConsistencyVerifier( 1005):   2: sent at 271220000000, MotionEvent { action=ACTION_UP, id[0]=0, x[0]=59.0, y[0]=282.0, toolType[0]=TOOL_TYPE_UNKNOWN, buttonState=0, metaState=0, flags=0x0, edgeFlags=0x0, pointerCount=1, historySize=0, eventTime=271220, downTime=271215, deviceId=0, source=0x1002 }
D/InputEventConsistencyVerifier( 1005):   3: sent at 271215000000, MotionEvent { action=ACTION_DOWN, id[0]=0, x[0]=52.0, y[0]=281.0, toolType[0]=TOOL_TYPE_UNKNOWN, buttonState=0, metaState=0, flags=0x0, edgeFlags=0x0, pointerCount=1, historySize=0, eventTime=271215, downTime=271215, deviceId=0, source=0x1002 }
D/InputEventConsistencyVerifier( 1005):   4: sent at 271195000000, MotionEvent { action=ACTION_UP, id[0]=0, x[0]=165.0, y[0]=142.0, toolType[0]=TOOL_TYPE_UNKNOWN, buttonState=0, metaState=0, flags=0x0, edgeFlags=0x0, pointerCount=1, historySize=0, eventTime=271195, downTime=271187, deviceId=0, source=0x1002 }
D/InputEventConsistencyVerifier( 1005):   5: sent at 271187000000, MotionEvent { action=ACTION_DOWN, id[0]=0, x[0]=155.0, y[0]=143.0, toolType[0]=TOOL_TYPE_UNKNOWN, buttonState=0, metaState=0, flags=0x0, edgeFlags=0x0, pointerCount=1, historySize=0, eventTime=271187, downTime=271187, deviceId=0, source=0x1002 }
I/Choreographer( 1005): Skipped 47 frames!  The application may be doing too much work on its main thread.
I/Choreographer( 1005): Skipped 54 frames!  The application may be doing too much work on its main thread.
D/InputEventConsistencyVerifier( 1005): KeyEvent: ACTION_UP but key was not down.
D/InputEventConsistencyVerifier( 1005):   in android.view.ViewRootImpl@b3ecf540
D/InputEventConsistencyVerifier( 1005):   0: sent at 272839000000, KeyEvent { action=ACTION_UP, keyCode=KEYCODE_LANGUAGE_SWITCH, scanCode=0, metaState=0, flags=0x8, repeatCount=0, eventTime=272839, downTime=272839, deviceId=-1, source=0x101 }
D/InputEventConsistencyVerifier( 1005):   -- recent events --
D/InputEventConsistencyVerifier( 1005):   1: sent at 272825000000, MotionEvent { action=ACTION_UP, id[0]=0, x[0]=20.0, y[0]=-744.0, toolType[0]=TOOL_TYPE_UNKNOWN, buttonState=0, metaState=0, flags=0x0, edgeFlags=0x0, pointerCount=1, historySize=0, eventTime=272825, downTime=272807, deviceId=0, source=0x1002 }
D/InputEventConsistencyVerifier( 1005):   2: sent at 272808000000, MotionEvent { action=ACTION_DOWN, id[0]=0, x[0]=34.0, y[0]=-740.0, toolType[0]=TOOL_TYPE_UNKNOWN, buttonState=0, metaState=0, flags=0x0, edgeFlags=0x0, pointerCount=1, historySize=0, eventTime=272808, downTime=272807, deviceId=0, source=0x1002 }
D/InputEventConsistencyVerifier( 1005):   3: sent at 272794000000, KeyEvent { action=ACTION_UP, keyCode=KEYCODE_DPAD_CENTER, scanCode=0, metaState=0, flags=0x8, repeatCount=0, eventTime=272794, downTime=272794, deviceId=-1, source=0x101 }
D/InputEventConsistencyVerifier( 1005):   4: sent at 272682000000, KeyEvent { action=ACTION_DOWN, keyCode=KEYCODE_DPAD_CENTER, scanCode=0, metaState=0, flags=0x8, repeatCount=0, eventTime=272682, downTime=272682, deviceId=-1, source=0x101 }
D/InputEventConsistencyVerifier( 1005):   5: sent at 272659000000, KeyEvent { action=ACTION_UP, keyCode=KEYCODE_MENU, scanCode=0, metaState=0, flags=0x8, repeatCount=0, eventTime=272659, downTime=272659, deviceId=-1, source=0x101 }
I/Choreographer( 1005): Skipped 97 frames!  The application may be doing too much work on its main thread.
I/ActivityManager(  226): START {act=android.intent.action.MAIN cat=[android.intent.category.LAUNCHER] flg=0x10200000 cmp=com.load.wap/.MainActivity u=0} from pid 972
D/InputEventConsistencyVerifier( 1005): KeyEvent: ACTION_UP but key was not down.
D/InputEventConsistencyVerifier( 1005):   in android.view.ViewRootImpl@b3e41fa0
D/InputEventConsistencyVerifier( 1005):   0: sent at 273619000000, KeyEvent { action=ACTION_UP, keyCode=KEYCODE_DPAD_LEFT, scanCode=0, metaState=0, flags=0x8, repeatCount=0, eventTime=273619, downTime=273619, deviceId=-1, source=0x101 }
D/InputEventConsistencyVerifier( 1005):   -- recent events --
D/InputEventConsistencyVerifier( 1005):   1: sent at 272503000000, MotionEvent { action=ACTION_UP, id[0]=0, x[0]=60.0, y[0]=584.0, toolType[0]=TOOL_TYPE_UNKNOWN, buttonState=0, metaState=0, flags=0x0, edgeFlags=0x0, pointerCount=1, historySize=0, eventTime=272503, downTime=272496, deviceId=0, source=0x1002 }
D/InputEventConsistencyVerifier( 1005):   2: sent at 272497000000, MotionEvent { action=ACTION_DOWN, id[0]=0, x[0]=60.0, y[0]=593.0, toolType[0]=TOOL_TYPE_UNKNOWN, buttonState=0, metaState=0, flags=0x0, edgeFlags=0x0, pointerCount=1, historySize=0, eventTime=272497, downTime=272496, deviceId=0, source=0x1002 }
D/InputEventConsistencyVerifier( 1005):   3: sent at 271502000000, KeyEvent { action=ACTION_UP, keyCode=KEYCODE_MENU, scanCode=0, metaState=0, flags=0x8, repeatCount=0, eventTime=271502, downTime=271502, deviceId=-1, source=0x101 }
D/InputEventConsistencyVerifier( 1005):   4: sent at 271326000000, KeyEvent { action=ACTION_DOWN, keyCode=KEYCODE_MENU, scanCode=0, metaState=0, flags=0x8, repeatCount=0, eventTime=271326, downTime=271326, deviceId=-1, source=0x101 }
D/InputEventConsistencyVerifier( 1005):   5: sent at 271496000000, KeyEvent { action=ACTION_UP, keyCode=KEYCODE_DPAD_CENTER, scanCode=0, metaState=0, flags=0x400, repeatCount=0, eventTime=271496, downTime=271496, deviceId=-1, source=0x101 }
I/Choreographer( 1005): Skipped 81 frames!  The application may be doing too much work on its main thread.
W/InputMethodManagerService(  226): Window already focused, ignoring focus gain of: com.android.internal.view.IInputMethodClient$Stub$Proxy@b41eadc0 attribute=null
I/Choreographer( 1005): Skipped 34 frames!  The application may be doing too much work on its main thread.
I/Choreographer( 1005): Skipped 85 frames!  The application may be doing too much work on its main thread.
I/Choreographer( 1005): Skipped 42 frames!  The application may be doing too much work on its main thread.
D/InputEventConsistencyVerifier( 1005): KeyEvent: ACTION_DOWN but key is already down and this event is not a key repeat.
D/InputEventConsistencyVerifier( 1005):   in android.webkit.WebView@b3dc49c0
D/InputEventConsistencyVerifier( 1005):   0: sent at 274610000000, KeyEvent { action=ACTION_DOWN, keyCode=KEYCODE_DPAD_LEFT, scanCode=0, metaState=0, flags=0x400, repeatCount=0, eventTime=274610, downTime=274610, deviceId=-1, source=0x101 }
D/InputEventConsistencyVerifier( 1005):   -- recent events --
D/InputEventConsistencyVerifier( 1005):   1: sent at 274589000000, KeyEvent { action=ACTION_DOWN, keyCode=KEYCODE_DPAD_LEFT, scanCode=0, metaState=0, flags=0x400, repeatCount=0, eventTime=274589, downTime=274589, deviceId=-1, source=0x101 }
D/InputEventConsistencyVerifier( 1005):   2: sent at 274340000000, (unhandled) MotionEvent { action=ACTION_MOVE, id[0]=0, x[0]=-2.0, y[0]=1.0, toolType[0]=TOOL_TYPE_UNKNOWN, buttonState=0, metaState=0, flags=0x0, edgeFlags=0x0, pointerCount=1, historySize=9, eventTime=274340, downTime=-1, deviceId=0, source=0x10004 }
D/InputEventConsistencyVerifier( 1005):   3: sent at 274270000000, (unhandled) KeyEvent { action=ACTION_UP, keyCode=KEYCODE_MENU, scanCode=0, metaState=0, flags=0x8, repeatCount=0, eventTime=274270, downTime=274270, deviceId=-1, source=0x101 }
D/InputEventConsistencyVerifier( 1005):   4: sent at 274239000000, (unhandled) KeyEvent { action=ACTION_DOWN, keyCode=KEYCODE_MENU, scanCode=0, metaState=0, flags=0x8, repeatCount=0, eventTime=274239, downTime=274239, deviceId=-1, source=0x101 }
D/InputEventConsistencyVerifier( 1005):   5: sent at 274213000000, KeyEvent { action=ACTION_UP, keyCode=KEYCODE_BUTTON_11, scanCode=0, metaState=0, flags=0x8, repeatCount=0, eventTime=274213, downTime=274213, deviceId=-1, source=0x101 }
W/InputMethodManagerService(  226): Window already focused, ignoring focus gain of: com.android.internal.view.IInputMethodClient$Stub$Proxy@b41f2a00 attribute=null
D/InputEventConsistencyVerifier( 1005): TrackballEvent: Trackball is down but pressure is not greater than 0.
D/InputEventConsistencyVerifier( 1005):   in android.view.ViewRootImpl@b3e41fa0
D/InputEventConsistencyVerifier( 1005):   0: sent at 274342000000, MotionEvent { action=ACTION_DOWN, id[0]=0, x[0]=0.0, y[0]=0.0, toolType[0]=TOOL_TYPE_UNKNOWN, buttonState=0, metaState=0, flags=0x0, edgeFlags=0x0, pointerCount=1, historySize=0, eventTime=274342, downTime=274295, deviceId=0, source=0x10004 }
D/InputEventConsistencyVerifier( 1005):   -- recent events --
D/InputEventConsistencyVerifier( 1005):   1: sent at 274610000000, KeyEvent { action=ACTION_UP, keyCode=KEYCODE_DPAD_LEFT, scanCode=0, metaState=0, flags=0x400, repeatCount=0, eventTime=274610, downTime=274610, deviceId=-1, source=0x101 }
D/InputEventConsistencyVerifier( 1005):   2: sent at 274610000000, KeyEvent { action=ACTION_DOWN, keyCode=KEYCODE_DPAD_LEFT, scanCode=0, metaState=0, flags=0x400, repeatCount=0, eventTime=274610, downTime=274610, deviceId=-1, source=0x101 }
D/InputEventConsistencyVerifier( 1005):   3: sent at 274589000000, KeyEvent { action=ACTION_UP, keyCode=KEYCODE_DPAD_LEFT, scanCode=0, metaState=0, flags=0x400, repeatCount=0, eventTime=274589, downTime=274589, deviceId=-1, source=0x101 }
D/InputEventConsistencyVerifier( 1005):   4: sent at 274589000000, KeyEvent { action=ACTION_DOWN, keyCode=KEYCODE_DPAD_LEFT, scanCode=0, metaState=0, flags=0x400, repeatCount=0, eventTime=274589, downTime=274589, deviceId=-1, source=0x101 }
D/InputEventConsistencyVerifier( 1005):   5: sent at 274340000000, MotionEvent { action=ACTION_MOVE, id[0]=0, x[0]=-2.0, y[0]=1.0, toolType[0]=TOOL_TYPE_UNKNOWN, buttonState=0, metaState=0, flags=0x0, edgeFlags=0x0, pointerCount=1, historySize=9, eventTime=274340, downTime=-1, deviceId=0, source=0x10004 }
D/InputEventConsistencyVerifier( 1005): KeyEvent: ACTION_UP but key was not down.
D/InputEventConsistencyVerifier( 1005):   in android.view.ViewRootImpl@b3e41fa0
D/InputEventConsistencyVerifier( 1005):   0: sent at 275479000000, KeyEvent { action=ACTION_UP, keyCode=KEYCODE_DPAD_RIGHT, scanCode=0, metaState=0, flags=0x8, repeatCount=0, eventTime=275479, downTime=275479, deviceId=-1, source=0x101 }
D/InputEventConsistencyVerifier( 1005):   -- recent events --
D/InputEventConsistencyVerifier( 1005):   1: sent at 275810000000, KeyEvent { action=ACTION_UP, keyCode=KEYCODE_DPAD_CENTER, scanCode=0, metaState=0, flags=0x400, repeatCount=0, eventTime=275810, downTime=275810, deviceId=-1, source=0x101 }
D/InputEventConsistencyVerifier( 1005):   2: sent at 275806000000, KeyEvent { action=ACTION_DOWN, keyCode=KEYCODE_DPAD_CENTER, scanCode=0, metaState=0, flags=0x400, repeatCount=0, eventTime=275806, downTime=275806, deviceId=-1, source=0x101 }
D/InputEventConsistencyVerifier( 1005):   3: sent at 274344000000, MotionEvent { action=ACTION_UP, id[0]=0, x[0]=0.0, y[0]=0.0, toolType[0]=TOOL_TYPE_UNKNOWN, buttonState=0, metaState=0, flags=0x0, edgeFlags=0x0, pointerCount=1, historySize=0, eventTime=274344, downTime=274295, deviceId=0, source=0x10004 }
D/InputEventConsistencyVerifier( 1005):   4: sent at 274342000000, MotionEvent { action=ACTION_DOWN, id[0]=0, x[0]=0.0, y[0]=0.0, toolType[0]=TOOL_TYPE_UNKNOWN, buttonState=0, metaState=0, flags=0x80000000, edgeFlags=0x0, pointerCount=1, historySize=0, eventTime=274342, downTime=274295, deviceId=0, source=0x10004 }
D/InputEventConsistencyVerifier( 1005):   5: sent at 274610000000, KeyEvent { action=ACTION_UP, keyCode=KEYCODE_DPAD_LEFT, scanCode=0, metaState=0, flags=0x400, repeatCount=0, eventTime=274610, downTime=274610, deviceId=-1, source=0x101 }
I/Choreographer( 1005): Skipped 32 frames!  The application may be doing too much work on its main thread.
I/ActivityManager(  226): START {act=android.intent.action.MAIN cat=[android.intent.category.LAUNCHER] flg=0x10200000 cmp=com.load.wap/.MainActivity u=0} from pid 972
D/InputEventConsistencyVerifier( 1005): KeyEvent: ACTION_UP but key was not down.
D/InputEventConsistencyVerifier( 1005):   in android.view.ViewRootImpl@b3e41fa0
D/InputEventConsistencyVerifier( 1005):   0: sent at 278412000000, KeyEvent { action=ACTION_UP, keyCode=KEYCODE_MENU, scanCode=0, metaState=0, flags=0x8, repeatCount=0, eventTime=278412, downTime=278412, deviceId=-1, source=0x101 }
D/InputEventConsistencyVerifier( 1005):   -- recent events --
D/InputEventConsistencyVerifier( 1005):   1: sent at 278115000000, MotionEvent { action=ACTION_UP, id[0]=0, x[0]=1.0, y[0]=798.0, toolType[0]=TOOL_TYPE_UNKNOWN, buttonState=0, metaState=0, flags=0x0, edgeFlags=0x0, pointerCount=1, historySize=0, eventTime=278115, downTime=278098, deviceId=0, source=0x1002 }
D/InputEventConsistencyVerifier( 1005):   2: sent at 278098000000, MotionEvent { action=ACTION_DOWN, id[0]=0, x[0]=1.0, y[0]=794.0, toolType[0]=TOOL_TYPE_UNKNOWN, buttonState=0, metaState=0, flags=0x0, edgeFlags=0x0, pointerCount=1, historySize=0, eventTime=278098, downTime=278098, deviceId=0, source=0x1002 }
