D/InputEventConsistencyVerifier(  426):   3: sent at 133319000000, MotionEvent { action=ACTION_DOWN, id[0]=0, x[0]=132.0, y[0]=148.0, toolType[0]=TOOL_TYPE_UNKNOWN, buttonState=0, metaState=0, flags=0x0, edgeFlags=0x0, pointerCount=1, historySize=0, eventTime=133319, downTime=133318, deviceId=0, source=0x1002 }
D/InputEventConsistencyVerifier(  426):   4: sent at 133300000000, MotionEvent { action=ACTION_UP, id[0]=0, x[0]=218.0, y[0]=606.0, toolType[0]=TOOL_TYPE_UNKNOWN, buttonState=0, metaState=0, flags=0x0, edgeFlags=0x0, pointerCount=1, historySize=0, eventTime=133300, downTime=133294, deviceId=0, source=0x1002 }
D/InputEventConsistencyVerifier(  426):   5: sent at 133295000000, MotionEvent { action=ACTION_DOWN, id[0]=0, x[0]=208.0, y[0]=606.0, toolType[0]=TOOL_TYPE_UNKNOWN, buttonState=0, metaState=0, flags=0x0, edgeFlags=0x0, pointerCount=1, historySize=0, eventTime=133295, downTime=133294, deviceId=0, source=0x1002 }
I/ActivityManager(  227): START {act=android.intent.action.CALL_BUTTON flg=0x10000000 cmp=com.android.contacts/.activities.DialtactsActivity u=0} from pid 426
W/dalvikvm(  426): DroidBox: { "FdAccess": { "path": "2f70726f632f6d656d696e666f", "id": "1055214448" } }
W/DroidBox(  426): DroidBox: { "FileRW": { "operation": "read", "data": "4d656d546f74616c3a202020202020202020373438393634206b420a4d656d467265653a20202020202020202020343537383932206b420a427566666572733a20202020202020202020202035343238206b420a4361636865643a202020202020202020", "id": "1055214448" } }
D/InputEventConsistencyVerifier(  426): TouchEvent: ACTION_DOWN but pointers are already down.  Probably missing ACTION_UP from previous gesture.
D/InputEventConsistencyVerifier(  426):   in android.view.ScaleGestureDetector@b3e49fc0
D/InputEventConsistencyVerifier(  426):   0: sent at 133659000000, MotionEvent { action=ACTION_DOWN, id[0]=0, x[0]=214.0, y[0]=671.0, toolType[0]=TOOL_TYPE_UNKNOWN, buttonState=0, metaState=0, flags=0x0, edgeFlags=0x0, pointerCount=1, historySize=0, eventTime=133659, downTime=133657, deviceId=0, source=0x1002 }
D/InputEventConsistencyVerifier(  426):   -- recent events --
D/InputEventConsistencyVerifier(  426):   1: sent at 133627348000, MotionEvent { action=ACTION_MOVE, id[0]=0, x[0]=71.5718, y[0]=704.2238, toolType[0]=TOOL_TYPE_UNKNOWN, buttonState=0, metaState=0, flags=0x0, edgeFlags=0x0, pointerCount=1, historySize=1, eventTime=133627, downTime=133600, deviceId=0, source=0x1002 }
D/InputEventConsistencyVerifier(  426):   2: sent at 133600000000, MotionEvent { action=ACTION_DOWN, id[0]=0, x[0]=62.0, y[0]=722.0, toolType[0]=TOOL_TYPE_UNKNOWN, buttonState=0, metaState=0, flags=0x0, edgeFlags=0x0, pointerCount=1, historySize=0, eventTime=133600, downTime=133600, deviceId=0, source=0x1002 }
D/InputEventConsistencyVerifier(  426):   3: sent at 133345000000, MotionEvent { action=ACTION_UP, id[0]=0, x[0]=134.0, y[0]=130.0, toolType[0]=TOOL_TYPE_UNKNOWN, buttonState=0, metaState=0, flags=0x0, edgeFlags=0x0, pointerCount=1, historySize=0, eventTime=133345, downTime=133318, deviceId=0, source=0x1002 }
D/InputEventConsistencyVerifier(  426):   4: sent at 133319000000, MotionEvent { action=ACTION_DOWN, id[0]=0, x[0]=132.0, y[0]=148.0, toolType[0]=TOOL_TYPE_UNKNOWN, buttonState=0, metaState=0, flags=0x0, edgeFlags=0x0, pointerCount=1, historySize=0, eventTime=133319, downTime=133318, deviceId=0, source=0x1002 }
D/InputEventConsistencyVerifier(  426):   5: sent at 133300000000, MotionEvent { action=ACTION_UP, id[0]=0, x[0]=218.0, y[0]=606.0, toolType[0]=TOOL_TYPE_UNKNOWN, buttonState=0, metaState=0, flags=0x0, edgeFlags=0x0, pointerCount=1, historySize=0, eventTime=133300, downTime=133294, deviceId=0, source=0x1002 }
I/Choreographer(  426): Skipped 35 frames!  The application may be doing too much work on its main thread.
W/dalvikvm(  426): DroidBox: { "FdAccess": { "path": "2f70726f632f6d656d696e666f", "id": "446096613" } }
W/DroidBox(  426): DroidBox: { "FileRW": { "operation": "read", "data": "4d656d546f74616c3a202020202020202020373438393634206b420a4d656d467265653a20202020202020202020343537373638206b420a427566666572733a20202020202020202020202035343238206b420a4361636865643a202020202020202020", "id": "446096613" } }
W/dalvikvm(  426): DroidBox: { "FdAccess": { "path": "2f70726f632f6d656d696e666f", "id": "1710349959" } }
W/DroidBox(  426): DroidBox: { "FileRW": { "operation": "read", "data": "4d656d546f74616c3a202020202020202020373438393634206b420a4d656d467265653a20202020202020202020343537373638206b420a427566666572733a20202020202020202020202035343238206b420a4361636865643a202020202020202020", "id": "1710349959" } }
I/ActivityManager(  227): START {act=android.intent.action.CALL_BUTTON flg=0x10000000 cmp=com.android.contacts/.activities.DialtactsActivity u=0} from pid 426
I/Choreographer(  426): Skipped 36 frames!  The application may be doing too much work on its main thread.
D/InputEventConsistencyVerifier(  426): KeyEvent: ACTION_UP but key was not down.
D/InputEventConsistencyVerifier(  426):   in com.android.systemui.statusbar.phone.StatusBarWindowView@b3daa290
D/InputEventConsistencyVerifier(  426):   0: sent at 134031000000, KeyEvent { action=ACTION_UP, keyCode=KEYCODE_DPAD_LEFT, scanCode=0, metaState=0, flags=0x8, repeatCount=0, eventTime=134031, downTime=134031, deviceId=-1, source=0x101 }
D/InputEventConsistencyVerifier(  426):   -- recent events --
D/InputEventConsistencyVerifier(  426):   1: sent at 133952000000, (unhandled) KeyEvent { action=ACTION_UP, keyCode=KEYCODE_CALL, scanCode=0, metaState=0, flags=0x8, repeatCount=0, eventTime=133952, downTime=133952, deviceId=-1, source=0x101 }
D/InputEventConsistencyVerifier(  426):   2: sent at 133892000000, (unhandled) KeyEvent { action=ACTION_DOWN, keyCode=KEYCODE_CALL, scanCode=0, metaState=0, flags=0x8, repeatCount=0, eventTime=133892, downTime=133892, deviceId=-1, source=0x101 }
D/InputEventConsistencyVerifier(  426):   3: sent at 133881000000, MotionEvent { action=ACTION_UP, id[0]=0, x[0]=130.0, y[0]=752.0, toolType[0]=TOOL_TYPE_UNKNOWN, buttonState=0, metaState=0, flags=0x0, edgeFlags=0x0, pointerCount=1, historySize=0, eventTime=133881, downTime=133855, deviceId=0, source=0x1002 }
D/InputEventConsistencyVerifier(  426):   4: sent at 133855000000, MotionEvent { action=ACTION_DOWN, id[0]=0, x[0]=131.0, y[0]=754.0, toolType[0]=TOOL_TYPE_UNKNOWN, buttonState=0, metaState=0, flags=0x0, edgeFlags=0x0, pointerCount=1, historySize=0, eventTime=133855, downTime=133855, deviceId=0, source=0x1002 }
D/InputEventConsistencyVerifier(  426):   5: sent at 133818000000, (unhandled) KeyEvent { action=ACTION_UP, keyCode=KEYCODE_DPAD_UP, scanCode=0, metaState=0, flags=0x8, repeatCount=0, eventTime=133818, downTime=133818, deviceId=-1, source=0x101 }
D/InputEventConsistencyVerifier(  426): TouchEvent: ACTION_DOWN but pointers are already down.  Probably missing ACTION_UP from previous gesture.
D/InputEventConsistencyVerifier(  426):   in android.view.ScaleGestureDetector@b3e49fc0
D/InputEventConsistencyVerifier(  426):   0: sent at 134040000000, MotionEvent { action=ACTION_DOWN, id[0]=0, x[0]=364.0, y[0]=547.0, toolType[0]=TOOL_TYPE_UNKNOWN, buttonState=0, metaState=0, flags=0x0, edgeFlags=0x0, pointerCount=1, historySize=0, eventTime=134040, downTime=134040, deviceId=0, source=0x1002 }
D/InputEventConsistencyVerifier(  426):   -- recent events --
D/InputEventConsistencyVerifier(  426):   1: sent at 133855000000, MotionEvent { action=ACTION_DOWN, id[0]=0, x[0]=131.0, y[0]=754.0, toolType[0]=TOOL_TYPE_UNKNOWN, buttonState=0, metaState=0, flags=0x0, edgeFlags=0x0, pointerCount=1, historySize=0, eventTime=133855, downTime=133855, deviceId=0, source=0x1002 }
D/InputEventConsistencyVerifier(  426):   2: sent at 133699000000, MotionEvent { action=ACTION_UP, id[0]=0, x[0]=289.0, y[0]=676.0, toolType[0]=TOOL_TYPE_UNKNOWN, buttonState=0, metaState=0, flags=0x0, edgeFlags=0x0, pointerCount=1, historySize=0, eventTime=133699, downTime=133657, deviceId=0, source=0x1002 }
D/InputEventConsistencyVerifier(  426):   3: sent at 133696000000, MotionEvent { action=ACTION_MOVE, id[0]=0, x[0]=280.0, y[0]=675.0, toolType[0]=TOOL_TYPE_UNKNOWN, buttonState=0, metaState=0, flags=0x0, edgeFlags=0x0, pointerCount=1, historySize=4, eventTime=133696, downTime=133657, deviceId=0, source=0x1002 }
D/InputEventConsistencyVerifier(  426):   4: sent at 133659000000, MotionEvent { action=ACTION_DOWN, id[0]=0, x[0]=214.0, y[0]=671.0, toolType[0]=TOOL_TYPE_UNKNOWN, buttonState=0, metaState=0, flags=0x80000000, edgeFlags=0x0, pointerCount=1, historySize=0, eventTime=133659, downTime=133657, deviceId=0, source=0x1002 }
D/InputEventConsistencyVerifier(  426):   5: sent at 133627348000, MotionEvent { action=ACTION_MOVE, id[0]=0, x[0]=71.5718, y[0]=704.2238, toolType[0]=TOOL_TYPE_UNKNOWN, buttonState=0, metaState=0, flags=0x0, edgeFlags=0x0, pointerCount=1, historySize=1, eventTime=133627, downTime=133600, deviceId=0, source=0x1002 }
W/dalvikvm(  426): DroidBox: { "FdAccess": { "path": "2f70726f632f6d656d696e666f", "id": "325907864" } }
W/DroidBox(  426): DroidBox: { "FileRW": { "operation": "read", "data": "4d656d546f74616c3a202020202020202020373438393634206b420a4d656d467265653a20202020202020202020343537373638206b420a427566666572733a20202020202020202020202035343238206b420a4361636865643a202020202020202020", "id": "325907864" } }
W/dalvikvm(  426): DroidBox: { "FdAccess": { "path": "2f70726f632f6d656d696e666f", "id": "604869877" } }
W/DroidBox(  426): DroidBox: { "FileRW": { "operation": "read", "data": "4d656d546f74616c3a202020202020202020373438393634206b420a4d656d467265653a20202020202020202020343538313430206b420a427566666572733a20202020202020202020202035343238206b420a4361636865643a202020202020202020", "id": "604869877" } }
I/Choreographer(  426): Skipped 34 frames!  The application may be doing too much work on its main thread.
D/InputEventConsistencyVerifier(  426): KeyEvent: ACTION_UP but key was not down.
D/InputEventConsistencyVerifier(  426):   in com.android.systemui.statusbar.phone.StatusBarWindowView@b3daa290
D/InputEventConsistencyVerifier(  426):   0: sent at 134232000000, KeyEvent { action=ACTION_UP, keyCode=KEYCODE_DPAD_RIGHT, scanCode=0, metaState=0, flags=0x400, repeatCount=0, eventTime=134232, downTime=134232, deviceId=-1, source=0x101 }
D/InputEventConsistencyVerifier(  426):   -- recent events --
D/InputEventConsistencyVerifier(  426):   1: sent at 134163000000, (unhandled) MotionEvent { action=ACTION_MOVE, id[0]=0, x[0]=4.0, y[0]=2.0, toolType[0]=TOOL_TYPE_UNKNOWN, buttonState=0, metaState=0, flags=0x0, edgeFlags=0x0, pointerCount=1, historySize=9, eventTime=134163, downTime=-1, deviceId=0, source=0x10004 }
D/InputEventConsistencyVerifier(  426):   2: sent at 134057000000, MotionEvent { action=ACTION_UP, id[0]=0, x[0]=367.0, y[0]=548.0, toolType[0]=TOOL_TYPE_UNKNOWN, buttonState=0, metaState=0, flags=0x0, edgeFlags=0x0, pointerCount=1, historySize=0, eventTime=134057, downTime=134040, deviceId=0, source=0x1002 }
D/InputEventConsistencyVerifier(  426):   3: sent at 134040000000, MotionEvent { action=ACTION_DOWN, id[0]=0, x[0]=364.0, y[0]=547.0, toolType[0]=TOOL_TYPE_UNKNOWN, buttonState=0, metaState=0, flags=0x0, edgeFlags=0x0, pointerCount=1, historySize=0, eventTime=134040, downTime=134040, deviceId=0, source=0x1002 }
D/InputEventConsistencyVerifier(  426):   4: sent at 134031000000, (unhandled) KeyEvent { action=ACTION_UP, keyCode=KEYCODE_DPAD_LEFT, scanCode=0, metaState=0, flags=0x80000008, repeatCount=0, eventTime=134031, downTime=134031, deviceId=-1, source=0x101 }
D/InputEventConsistencyVerifier(  426):   5: sent at 133952000000, (unhandled) KeyEvent { action=ACTION_UP, keyCode=KEYCODE_CALL, scanCode=0, metaState=0, flags=0x8, repeatCount=0, eventTime=133952, downTime=133952, deviceId=-1, source=0x101 }
D/InputEventConsistencyVerifier(  426): KeyEvent: ACTION_UP but key was not down.
D/InputEventConsistencyVerifier(  426):   in android.widget.FrameLayout@b3d7f418
D/InputEventConsistencyVerifier(  426):   0: sent at 134237000000, KeyEvent { action=ACTION_UP, keyCode=KEYCODE_DPAD_DOWN, scanCode=0, metaState=0, flags=0x8, repeatCount=0, eventTime=134237, downTime=134237, deviceId=-1, source=0x101 }
D/InputEventConsistencyVerifier(  426):   -- recent events --
D/InputEventConsistencyVerifier(  426):   1: sent at 133699000000, MotionEvent { action=ACTION_UP, id[0]=0, x[0]=289.0, y[0]=676.0, toolType[0]=TOOL_TYPE_UNKNOWN, buttonState=0, metaState=0, flags=0x0, edgeFlags=0x0, pointerCount=1, historySize=0, eventTime=133699, downTime=133657, deviceId=0, source=0x1002 }
D/InputEventConsistencyVerifier(  426):   2: sent at 133696000000, MotionEvent { action=ACTION_MOVE, id[0]=0, x[0]=280.0, y[0]=675.0, toolType[0]=TOOL_TYPE_UNKNOWN, buttonState=0, metaState=0, flags=0x0, edgeFlags=0x0, pointerCount=1, historySize=4, eventTime=133696, downTime=133657, deviceId=0, source=0x1002 }
D/InputEventConsistencyVerifier(  426):   3: sent at 133659000000, MotionEvent { action=ACTION_DOWN, id[0]=0, x[0]=214.0, y[0]=671.0, toolType[0]=TOOL_TYPE_UNKNOWN, buttonState=0, metaState=0, flags=0x80000000, edgeFlags=0x0, pointerCount=1, historySize=0, eventTime=133659, downTime=133657, deviceId=0, source=0x1002 }
D/InputEventConsistencyVerifier(  426):   4: sent at 133626000000, MotionEvent { action=ACTION_UP, id[0]=0, x[0]=71.5718, y[0]=704.2238, toolType[0]=TOOL_TYPE_UNKNOWN, buttonState=0, metaState=0, flags=0x0, edgeFlags=0x0, pointerCount=1, historySize=0, eventTime=133626, downTime=133600, deviceId=0, source=0x1002 }
D/InputEventConsistencyVerifier(  426):   5: sent at 133627348000, MotionEvent { action=ACTION_MOVE, id[0]=0, x[0]=71.5718, y[0]=704.2238, toolType[0]=TOOL_TYPE_UNKNOWN, buttonState=0, metaState=0, flags=0x0, edgeFlags=0x0, pointerCount=1, historySize=1, eventTime=133627, downTime=133600, deviceId=0, source=0x1002 }
W/dalvikvm(  426): DroidBox: { "FdAccess": { "path": "2f70726f632f6d656d696e666f", "id": "201434656" } }
W/DroidBox(  426): DroidBox: { "FileRW": { "operation": "read", "data": "4d656d546f74616c3a202020202020202020373438393634206b420a4d656d467265653a20202020202020202020343538313430206b420a427566666572733a20202020202020202020202035343238206b420a4361636865643a202020202020202020", "id": "201434656" } }
D/InputEventConsistencyVerifier(  426): TouchEvent: ACTION_DOWN but pointers are already down.  Probably missing ACTION_UP from previous gesture.
D/InputEventConsistencyVerifier(  426):   in android.view.ScaleGestureDetector@b3e49fc0
D/InputEventConsistencyVerifier(  426):   0: sent at 134304000000, MotionEvent { action=ACTION_DOWN, id[0]=0, x[0]=335.0, y[0]=23.0, toolType[0]=TOOL_TYPE_UNKNOWN, buttonState=0, metaState=0, flags=0x0, edgeFlags=0x0, pointerCount=1, historySize=0, eventTime=134304, downTime=134302, deviceId=0, source=0x1002 }
D/InputEventConsistencyVerifier(  426):   -- recent events --
D/InputEventConsistencyVerifier(  426):   1: sent at 134040000000, MotionEvent { action=ACTION_DOWN, id[0]=0, x[0]=364.0, y[0]=547.0, toolType[0]=TOOL_TYPE_UNKNOWN, buttonState=0, metaState=0, flags=0x80000000, edgeFlags=0x0, pointerCount=1, historySize=0, eventTime=134040, downTime=134040, deviceId=0, source=0x1002 }
D/InputEventConsistencyVerifier(  426):   2: sent at 133855000000, MotionEvent { action=ACTION_DOWN, id[0]=0, x[0]=131.0, y[0]=754.0, toolType[0]=TOOL_TYPE_UNKNOWN, buttonState=0, metaState=0, flags=0x0, edgeFlags=0x0, pointerCount=1, historySize=0, eventTime=133855, downTime=133855, deviceId=0, source=0x1002 }
D/InputEventConsistencyVerifier(  426):   3: sent at 133699000000, MotionEvent { action=ACTION_UP, id[0]=0, x[0]=289.0, y[0]=676.0, toolType[0]=TOOL_TYPE_UNKNOWN, buttonState=0, metaState=0, flags=0x0, edgeFlags=0x0, pointerCount=1, historySize=0, eventTime=133699, downTime=133657, deviceId=0, source=0x1002 }
D/InputEventConsistencyVerifier(  426):   4: sent at 133696000000, MotionEvent { action=ACTION_MOVE, id[0]=0, x[0]=280.0, y[0]=675.0, toolType[0]=TOOL_TYPE_UNKNOWN, buttonState=0, metaState=0, flags=0x0, edgeFlags=0x0, pointerCount=1, historySize=4, eventTime=133696, downTime=133657, deviceId=0, source=0x1002 }
D/InputEventConsistencyVerifier(  426):   5: sent at 133659000000, MotionEvent { action=ACTION_DOWN, id[0]=0, x[0]=214.0, y[0]=671.0, toolType[0]=TOOL_TYPE_UNKNOWN, buttonState=0, metaState=0, flags=0x80000000, edgeFlags=0x0, pointerCount=1, historySize=0, eventTime=133659, downTime=133657, deviceId=0, source=0x1002 }
I/Choreographer(  426): Skipped 40 frames!  The application may be doing too much work on its main thread.
D/InputEventConsistencyVerifier(  426): KeyEvent: ACTION_UP but key was not down.
D/InputEventConsistencyVerifier(  426):   in com.android.systemui.statusbar.phone.StatusBarWindowView@b3daa290
D/InputEventConsistencyVerifier(  426):   0: sent at 134556000000, KeyEvent { action=ACTION_UP, keyCode=KEYCODE_DPAD_DOWN, scanCode=0, metaState=0, flags=0x400, repeatCount=0, eventTime=134556, downTime=134556, deviceId=-1, source=0x101 }
D/InputEventConsistencyVerifier(  426):   -- recent events --
D/InputEventConsistencyVerifier(  426):   1: sent at 134487000000, (unhandled) MotionEvent { action=ACTION_MOVE, id[0]=0, x[0]=0.0, y[0]=4.0, toolType[0]=TOOL_TYPE_UNKNOWN, buttonState=0, metaState=0, flags=0x0, edgeFlags=0x0, pointerCount=1, historySize=7, eventTime=134487, downTime=-1, deviceId=0, source=0x10004 }
D/InputEventConsistencyVerifier(  426):   2: sent at 134424000000, MotionEvent { action=ACTION_UP, id[0]=0, x[0]=277.0, y[0]=312.0, toolType[0]=TOOL_TYPE_UNKNOWN, buttonState=0, metaState=0, flags=0x0, edgeFlags=0x0, pointerCount=1, historySize=0, eventTime=134424, downTime=134407, deviceId=0, source=0x1002 }
D/InputEventConsistencyVerifier(  426):   3: sent at 134408000000, MotionEvent { action=ACTION_DOWN, id[0]=0, x[0]=280.0, y[0]=321.0, toolType[0]=TOOL_TYPE_UNKNOWN, buttonState=0, metaState=0, flags=0x0, edgeFlags=0x0, pointerCount=1, historySize=0, eventTime=134408, downTime=134407, deviceId=0, source=0x1002 }
D/InputEventConsistencyVerifier(  426):   4: sent at 134374000000, MotionEvent { action=ACTION_UP, id[0]=0, x[0]=376.0, y[0]=48.0, toolType[0]=TOOL_TYPE_UNKNOWN, buttonState=0, metaState=0, flags=0x0, edgeFlags=0x0, pointerCount=1, historySize=0, eventTime=134374, downTime=134302, deviceId=0, source=0x1002 }
D/InputEventConsistencyVerifier(  426):   5: sent at 134320000000, MotionEvent { action=ACTION_POINTER_UP(1), id[0]=0, x[0]=358.0, y[0]=39.0, toolType[0]=TOOL_TYPE_UNKNOWN, id[1]=1, x[1]=456.0, y[1]=43.0, toolType[1]=TOOL_TYPE_UNKNOWN, buttonState=0, metaState=0, flags=0x0, edgeFlags=0x0, pointerCount=2, historySize=0, eventTime=134320, downTime=134302, deviceId=0, source=0x1002 }
D/InputEventConsistencyVerifier(  426): KeyEvent: ACTION_UP but key was not down.
D/InputEventConsistencyVerifier(  426):   in android.widget.FrameLayout@b3d7f418
D/InputEventConsistencyVerifier(  426):   0: sent at 134557000000, KeyEvent { action=ACTION_UP, keyCode=KEYCODE_DPAD_DOWN, scanCode=0, metaState=0, flags=0x400, repeatCount=0, eventTime=134557, downTime=134557, deviceId=-1, source=0x101 }
D/InputEventConsistencyVerifier(  426):   -- recent events --
D/InputEventConsistencyVerifier(  426):   1: sent at 134286000000, (unhandled) KeyEvent { action=ACTION_UP, keyCode=KEYCODE_S, scanCode=0, metaState=0, flags=0x8, repeatCount=0, eventTime=134286, downTime=134286, deviceId=-1, source=0x101 }
D/InputEventConsistencyVerifier(  426):   2: sent at 134282000000, (unhandled) KeyEvent { action=ACTION_DOWN, keyCode=KEYCODE_S, scanCode=0, metaState=0, flags=0x8, repeatCount=0, eventTime=134282, downTime=134282, deviceId=-1, source=0x101 }
D/InputEventConsistencyVerifier(  426):   3: sent at 134274000000, (unhandled) KeyEvent { action=ACTION_UP, keyCode=KEYCODE_DPAD_LEFT, scanCode=0, metaState=0, flags=0x8, repeatCount=0, eventTime=134274, downTime=134274, deviceId=-1, source=0x101 }
D/InputEventConsistencyVerifier(  426):   4: sent at 134265000000, (unhandled) KeyEvent { action=ACTION_DOWN, keyCode=KEYCODE_DPAD_LEFT, scanCode=0, metaState=0, flags=0x8, repeatCount=0, eventTime=134265, downTime=134265, deviceId=-1, source=0x101 }
D/InputEventConsistencyVerifier(  426):   5: sent at 134237000000, (unhandled) KeyEvent { action=ACTION_UP, keyCode=KEYCODE_DPAD_DOWN, scanCode=0, metaState=0, flags=0x80000008, repeatCount=0, eventTime=134237, downTime=134237, deviceId=-1, source=0x101 }
D/InputEventConsistencyVerifier(  959): TrackballEvent: Trackball is down but pressure is not greater than 0.
D/InputEventConsistencyVerifier(  959):   in android.view.ViewRootImpl@b3e202f8
D/InputEventConsistencyVerifier(  959):   0: sent at 134515000000, MotionEvent { action=ACTION_DOWN, id[0]=0, x[0]=0.0, y[0]=0.0, toolType[0]=TOOL_TYPE_UNKNOWN, buttonState=0, metaState=0, flags=0x0, edgeFlags=0x0, pointerCount=1, historySize=0, eventTime=134515, downTime=134444, deviceId=0, source=0x10004 }
D/InputEventConsistencyVerifier(  959):   -- recent events --
D/InputEventConsistencyVerifier(  959):   1: sent at 134504000000, MotionEvent { action=ACTION_MOVE, id[0]=0, x[0]=-1.0, y[0]=-1.0, toolType[0]=TOOL_TYPE_UNKNOWN, buttonState=0, metaState=0, flags=0x0, edgeFlags=0x0, pointerCount=1, historySize=1, eventTime=134504, downTime=-1, deviceId=0, source=0x10004 }
D/InputEventConsistencyVerifier(  959):   2: sent at 128007000000, KeyEvent { action=ACTION_UP, keyCode=KEYCODE_DPAD_DOWN, scanCode=0, metaState=0, flags=0x400, repeatCount=0, eventTime=128007, downTime=128007, deviceId=-1, source=0x101 }
D/InputEventConsistencyVerifier(  959):   3: sent at 128007000000, KeyEvent { action=ACTION_DOWN, keyCode=KEYCODE_DPAD_DOWN, scanCode=0, metaState=0, flags=0x400, repeatCount=0, eventTime=128007, downTime=128007, deviceId=-1, source=0x101 }
D/InputEventConsistencyVerifier(  959):   4: sent at 128003000000, KeyEvent { action=ACTION_UP, keyCode=KEYCODE_DPAD_DOWN, scanCode=0, metaState=0, flags=0x400, repeatCount=0, eventTime=128003, downTime=128003, deviceId=-1, source=0x101 }
D/InputEventConsistencyVerifier(  959):   5: sent at 128003000000, KeyEvent { action=ACTION_DOWN, keyCode=KEYCODE_DPAD_DOWN, scanCode=0, metaState=0, flags=0x400, repeatCount=0, eventTime=128003, downTime=128003, deviceId=-1, source=0x101 }
D/PhoneStatusBar(  426): disable: < expand icons alerts ticker* system_info back home recent clock >
V/PhoneStatusBar(  426): setLightsOn(true)
I/Choreographer(  426): Skipped 49 frames!  The application may be doing too much work on its main thread.
I/Choreographer(  959): Skipped 75 frames!  The application may be doing too much work on its main thread.
D/InputEventConsistencyVerifier(  959): KeyEvent: ACTION_UP but key was not down.
D/InputEventConsistencyVerifier(  959):   in android.widget.Button@b3e1d7c8
D/InputEventConsistencyVerifier(  959):   0: sent at 134900000000, KeyEvent { action=ACTION_UP, keyCode=KEYCODE_DPAD_RIGHT, scanCode=0, metaState=0, flags=0x8, repeatCount=0, eventTime=134900, downTime=134900, deviceId=-1, source=0x101 }
I/ActivityManager(  227): START {act=android.intent.action.MAIN cat=[android.intent.category.HOME] flg=0x10200000 cmp=com.android.launcher/com.android.launcher2.Launcher u=0} from pid 227
D/InputEventConsistencyVerifier(  959): KeyEvent: ACTION_UP but key was not down.
D/InputEventConsistencyVerifier(  959):   in com.android.internal.policy.impl.PhoneWindow$DecorView@b3e3f270
D/InputEventConsistencyVerifier(  959):   0: sent at 135099000000, KeyEvent { action=ACTION_UP, keyCode=KEYCODE_DPAD_RIGHT, scanCode=0, metaState=0, flags=0x8, repeatCount=0, eventTime=135099, downTime=135099, deviceId=-1, source=0x101 }
D/InputEventConsistencyVerifier(  959):   -- recent events --
D/InputEventConsistencyVerifier(  959):   1: sent at 135022000000, (unhandled) KeyEvent { action=ACTION_UP, keyCode=KEYCODE_DPAD_DOWN, scanCode=0, metaState=0, flags=0x8, repeatCount=0, eventTime=135022, downTime=135022, deviceId=-1, source=0x101 }
D/InputEventConsistencyVerifier(  959):   2: sent at 135015000000, (unhandled) KeyEvent { action=ACTION_DOWN, keyCode=KEYCODE_DPAD_DOWN, scanCode=0, metaState=0, flags=0x8, repeatCount=0, eventTime=135015, downTime=135015, deviceId=-1, source=0x101 }
D/InputEventConsistencyVerifier(  959):   3: sent at 134963000000, (unhandled) KeyEvent { action=ACTION_UP, keyCode=KEYCODE_DPAD_UP, scanCode=0, metaState=0, flags=0x8, repeatCount=0, eventTime=134963, downTime=134963, deviceId=-1, source=0x101 }
D/InputEventConsistencyVerifier(  959):   4: sent at 134946000000, (unhandled) KeyEvent { action=ACTION_DOWN, keyCode=KEYCODE_DPAD_UP, scanCode=0, metaState=0, flags=0x8, repeatCount=0, eventTime=134946, downTime=134946, deviceId=-1, source=0x101 }
D/InputEventConsistencyVerifier(  959):   5: sent at 134936000000, (unhandled) KeyEvent { action=ACTION_UP, keyCode=KEYCODE_DPAD_UP, scanCode=0, metaState=0, flags=0x8, repeatCount=0, eventTime=134936, downTime=134936, deviceId=-1, source=0x101 }
D/es.cesar.quitesleep.dialogs.WarningDialog(  959): YES
I/ActivityManager(  227): Start proc com.android.music for broadcast com.android.music/.MediaButtonIntentReceiver: pid=1051 uid=10024 gids={3003, 1015, 1028}
E/WVMExtractor(   61): Failed to open libwvm.so
I/Choreographer(  959): Skipped 155 frames!  The application may be doing too much work on its main thread.
I/InputDispatcher(  227): Dropped event because of pending overdue app switch.
W/InputManager(  227): Input event injection from pid 904 failed.
I/ActivityManager(  227): START {act=android.intent.action.MAIN cat=[android.intent.category.LAUNCHER] flg=0x10200000 cmp=es.cesar.quitesleep/.activities.Main u=0} from pid 904
D/InputEventConsistencyVerifier(  959): KeyEvent: ACTION_UP but key was not down.
D/InputEventConsistencyVerifier(  959):   in android.view.ViewRootImpl@b3e202f8
D/InputEventConsistencyVerifier(  959):   0: sent at 135538000000, KeyEvent { action=ACTION_UP, keyCode=KEYCODE_VOLUME_DOWN, scanCode=0, metaState=0, flags=0x8, repeatCount=0, eventTime=135538, downTime=135538, deviceId=-1, source=0x101 }
D/InputEventConsistencyVerifier(  959):   -- recent events --
D/InputEventConsistencyVerifier(  959):   1: sent at 135532000000, KeyEvent { action=ACTION_UP, keyCode=KEYCODE_DPAD_LEFT, scanCode=0, metaState=0, flags=0x400, repeatCount=0, eventTime=135532, downTime=135532, deviceId=-1, source=0x101 }
D/InputEventConsistencyVerifier(  959):   2: sent at 135532000000, KeyEvent { action=ACTION_DOWN, keyCode=KEYCODE_DPAD_LEFT, scanCode=0, metaState=0, flags=0x400, repeatCount=0, eventTime=135532, downTime=135532, deviceId=-1, source=0x101 }
D/InputEventConsistencyVerifier(  959):   3: sent at 135532000000, KeyEvent { action=ACTION_UP, keyCode=KEYCODE_DPAD_LEFT, scanCode=0, metaState=0, flags=0x400, repeatCount=0, eventTime=135532, downTime=135532, deviceId=-1, source=0x101 }
D/InputEventConsistencyVerifier(  959):   4: sent at 135532000000, KeyEvent { action=ACTION_DOWN, keyCode=KEYCODE_DPAD_LEFT, scanCode=0, metaState=0, flags=0x400, repeatCount=0, eventTime=135532, downTime=135532, deviceId=-1, source=0x101 }
D/InputEventConsistencyVerifier(  959):   5: sent at 135528000000, KeyEvent { action=ACTION_UP, keyCode=KEYCODE_DPAD_LEFT, scanCode=0, metaState=0, flags=0x400, repeatCount=0, eventTime=135528, downTime=135528, deviceId=-1, source=0x101 }
D/ExchangeService(  852): Received deviceId from Email app: androidc1412937439
D/ExchangeService(  852): Reconciling accounts...
E/WVMExtractor(   61): Failed to open libwvm.so
D/InputEventConsistencyVerifier(  959): KeyEvent: ACTION_UP but key was not down.
D/InputEventConsistencyVerifier(  959):   in android.view.ViewRootImpl@b3edc860
D/InputEventConsistencyVerifier(  959):   0: sent at 136207000000, KeyEvent { action=ACTION_UP, keyCode=KEYCODE_SETTINGS, scanCode=0, metaState=0, flags=0x8, repeatCount=0, eventTime=136207, downTime=136207, deviceId=-1, source=0x101 }
D/InputEventConsistencyVerifier(  959):   -- recent events --
D/InputEventConsistencyVerifier(  959):   1: sent at 126100000000, KeyEvent { action=ACTION_UP, keyCode=KEYCODE_DPAD_UP, scanCode=0, metaState=0, flags=0x400, repeatCount=0, eventTime=126100, downTime=126100, deviceId=-1, source=0x101 }
D/InputEventConsistencyVerifier(  959):   2: sent at 126100000000, KeyEvent { action=ACTION_DOWN, keyCode=KEYCODE_DPAD_UP, scanCode=0, metaState=0, flags=0x400, repeatCount=0, eventTime=126100, downTime=126100, deviceId=-1, source=0x101 }
D/InputEventConsistencyVerifier(  959):   3: sent at 126099000000, KeyEvent { action=ACTION_UP, keyCode=KEYCODE_DPAD_UP, scanCode=0, metaState=0, flags=0x400, repeatCount=0, eventTime=126099, downTime=126099, deviceId=-1, source=0x101 }
D/InputEventConsistencyVerifier(  959):   4: sent at 126099000000, KeyEvent { action=ACTION_DOWN, keyCode=KEYCODE_DPAD_UP, scanCode=0, metaState=0, flags=0x400, repeatCount=0, eventTime=126099, downTime=126099, deviceId=-1, source=0x101 }
D/InputEventConsistencyVerifier(  959):   5: sent at 126097000000, KeyEvent { action=ACTION_UP, keyCode=KEYCODE_DPAD_UP, scanCode=0, metaState=0, flags=0x400, repeatCount=0, eventTime=126097, downTime=126097, deviceId=-1, source=0x101 }
D/es.cesar.quitesleep.dialogs.WarningDialog(  959): YES
D/es.cesar.quitesleep.dialogs.WarningDialog(  959): YES
E/Trace   ( 1051): error opening trace file: No such file or directory (2)
W/InputMethodManagerService(  227): Window already focused, ignoring focus gain of: com.android.internal.view.IInputMethodClient$Stub$Proxy@b3e2eeb0 attribute=null
I/Choreographer(  959): Skipped 59 frames!  The application may be doing too much work on its main thread.
W/DroidBox( 1051): DroidBox: { "DexClassLoader": { "path": "/system/app/Music.apk" } }
W/BackupManagerService(  227): dataChanged but no participant pkg='com.android.providers.settings' uid=10011
E/WVMExtractor(   61): Failed to open libwvm.so
E/MetadataRetrieverClient(   61): failed to extract an album art
W/DroidBox( 1051): DroidBox: { "ServiceStart": { "name": "com.android.music.MediaPlaybackService" } }
W/DroidBox( 1051): DroidBox: { "ServiceStart": { "name": "com.android.music.MediaPlaybackService" } }
E/WVMExtractor(   61): Failed to open libwvm.so
I/ActivityManager(  227): No longer want com.android.provision (pid 551): hidden #16
I/ActivityManager(  227): START {act=android.intent.action.CALL_BUTTON flg=0x10000000 cmp=com.android.contacts/.activities.DialtactsActivity u=0} from pid 959
E/WVMExtractor(   61): Failed to open libwvm.so
E/WVMExtractor(   61): Failed to open libwvm.so
D/InputEventConsistencyVerifier(  959): TrackballEvent: Trackball is down but pressure is not greater than 0.
D/InputEventConsistencyVerifier(  959):   in android.view.ViewRootImpl@b3edc860
D/InputEventConsistencyVerifier(  959):   0: sent at 138124000000, MotionEvent { action=ACTION_DOWN, id[0]=0, x[0]=0.0, y[0]=0.0, toolType[0]=TOOL_TYPE_UNKNOWN, buttonState=0, metaState=0, flags=0x0, edgeFlags=0x0, pointerCount=1, historySize=0, eventTime=138124, downTime=137998, deviceId=0, source=0x10004 }
D/InputEventConsistencyVerifier(  959):   -- recent events --
D/InputEventConsistencyVerifier(  959):   1: sent at 138092000000, KeyEvent { action=ACTION_UP, keyCode=KEYCODE_DPAD_LEFT, scanCode=0, metaState=0, flags=0x400, repeatCount=0, eventTime=138092, downTime=138092, deviceId=-1, source=0x101 }
D/InputEventConsistencyVerifier(  959):   2: sent at 138092000000, KeyEvent { action=ACTION_DOWN, keyCode=KEYCODE_DPAD_LEFT, scanCode=0, metaState=0, flags=0x400, repeatCount=0, eventTime=138092, downTime=138092, deviceId=-1, source=0x101 }
D/InputEventConsistencyVerifier(  959):   3: sent at 138092000000, KeyEvent { action=ACTION_UP, keyCode=KEYCODE_DPAD_LEFT, scanCode=0, metaState=0, flags=0x400, repeatCount=0, eventTime=138092, downTime=138092, deviceId=-1, source=0x101 }
D/InputEventConsistencyVerifier(  959):   4: sent at 138092000000, KeyEvent { action=ACTION_DOWN, keyCode=KEYCODE_DPAD_LEFT, scanCode=0, metaState=0, flags=0x400, repeatCount=0, eventTime=138092, downTime=138092, deviceId=-1, source=0x101 }
D/InputEventConsistencyVerifier(  959):   5: sent at 138090000000, KeyEvent { action=ACTION_UP, keyCode=KEYCODE_DPAD_LEFT, scanCode=0, metaState=0, flags=0x400, repeatCount=0, eventTime=138090, downTime=138090, deviceId=-1, source=0x101 }
I/AudioService(  227):   Remote Control   registerMediaButtonIntent() for PendingIntent{b41864b8: PendingIntentRecord{b4031188 com.android.music broadcastIntent}}
E/WVMExtractor(   61): Failed to open libwvm.so
E/WVMExtractor(   61): Failed to open libwvm.so
E/WVMExtractor(   61): Failed to open libwvm.so
W/dalvikvm(  227): DroidBox: { "FdAccess": { "path": "2f70726f632f313035312f636d646c696e65", "id": "1577853585" } }
W/DroidBox(  227): DroidBox: { "FileRW": { "operation": "read", "data": "636f6d2e616e64726f69642e6d75736963000000000000000000000000000000000000000000000000000000000000000000000000000000000000000000000000000000000000000000000000000000000000000000000000000064386363312e61706b", "id": "1577853585" } }
I/ActivityManager(  227): START {act=android.intent.action.MAIN cat=[android.intent.category.LAUNCHER] flg=0x10200000 cmp=es.cesar.quitesleep/.activities.Main u=0} from pid 904
E/WVMExtractor(   61): Failed to open libwvm.so
I/Choreographer(  959): Skipped 56 frames!  The application may be doing too much work on its main thread.
W/dalvikvm( 1051): DroidBox: { "FdAccess": { "path": "2f646174612f646174612f636f6d2e616e64726f69642e6d757369632f7368617265645f70726566732f4d757369632e786d6c", "id": "1042774374" } }
W/DroidBox( 1051): DroidBox: { "FileRW": { "operation": "write", "data": "3c3f786d6c2076657273696f6e3d27312e302720656e636f64696e673d277574662d3827207374616e64616c6f6e653d2779657327203f3e0a3c6d61703e0a3c737472696e67206e616d653d227175657565223e3c2f737472696e673e0a3c696e74206e", "id": "1042774374" } }
D/InputEventConsistencyVerifier(  959): KeyEvent: ACTION_UP but key was not down.
D/InputEventConsistencyVerifier(  959):   in com.android.internal.policy.impl.PhoneWindow$DecorView@b3e1b468
D/InputEventConsistencyVerifier(  959):   0: sent at 141309000000, KeyEvent { action=ACTION_UP, keyCode=KEYCODE_DPAD_RIGHT, scanCode=0, metaState=0, flags=0x8, repeatCount=0, eventTime=141309, downTime=141309, deviceId=-1, source=0x101 }
D/InputEventConsistencyVerifier(  959):   -- recent events --
D/InputEventConsistencyVerifier(  959):   1: sent at 141284000000, (unhandled) KeyEvent { action=ACTION_UP, keyCode=KEYCODE_F7, scanCode=0, metaState=0, flags=0x8, repeatCount=0, eventTime=141284, downTime=141284, deviceId=-1, source=0x101 }
D/InputEventConsistencyVerifier(  959):   2: sent at 141125000000, (unhandled) KeyEvent { action=ACTION_DOWN, keyCode=KEYCODE_F7, scanCode=0, metaState=0, flags=0x8, repeatCount=0, eventTime=141125, downTime=141125, deviceId=-1, source=0x101 }
D/InputEventConsistencyVerifier(  959):   3: sent at 141122000000, (unhandled) KeyEvent { action=ACTION_UP, keyCode=KEYCODE_DPAD_CENTER, scanCode=0, metaState=0, flags=0x8, repeatCount=0, eventTime=141122, downTime=141122, deviceId=-1, source=0x101 }
D/InputEventConsistencyVerifier(  959):   4: sent at 141069000000, KeyEvent { action=ACTION_DOWN, keyCode=KEYCODE_DPAD_CENTER, scanCode=0, metaState=0, flags=0x8, repeatCount=0, eventTime=141069, downTime=141069, deviceId=-1, source=0x101 }
D/InputEventConsistencyVerifier(  959):   5: sent at 140935000000, (unhandled) KeyEvent { action=ACTION_UP, keyCode=KEYCODE_DPAD_DOWN, scanCode=0, metaState=0, flags=0x8, repeatCount=0, eventTime=140935, downTime=140935, deviceId=-1, source=0x101 }
D/InputEventConsistencyVerifier(  959): KeyEvent: ACTION_DOWN but key is already down and this event is not a key repeat.
D/InputEventConsistencyVerifier(  959):   in com.android.internal.view.menu.IconMenuItemView@b3e3c718
D/InputEventConsistencyVerifier(  959):   0: sent at 141321000000, KeyEvent { action=ACTION_DOWN, keyCode=KEYCODE_DPAD_CENTER, scanCode=0, metaState=0, flags=0x8, repeatCount=0, eventTime=141321, downTime=141321, deviceId=-1, source=0x101 }
D/InputEventConsistencyVerifier(  959):   -- recent events --
D/InputEventConsistencyVerifier(  959):   1: sent at 141309000000, (unhandled) KeyEvent { action=ACTION_UP, keyCode=KEYCODE_DPAD_RIGHT, scanCode=0, metaState=0, flags=0x80000008, repeatCount=0, eventTime=141309, downTime=141309, deviceId=-1, source=0x101 }
D/InputEventConsistencyVerifier(  959):   2: sent at 141069000000, KeyEvent { action=ACTION_DOWN, keyCode=KEYCODE_DPAD_CENTER, scanCode=0, metaState=0, flags=0x8, repeatCount=0, eventTime=141069, downTime=141069, deviceId=-1, source=0x101 }
D/InputEventConsistencyVerifier(  959):   3: sent at 140935000000, (unhandled) KeyEvent { action=ACTION_UP, keyCode=KEYCODE_DPAD_DOWN, scanCode=0, metaState=0, flags=0x8, repeatCount=0, eventTime=140935, downTime=140935, deviceId=-1, source=0x101 }
D/InputEventConsistencyVerifier(  959):   4: sent at 140889000000, (unhandled) KeyEvent { action=ACTION_DOWN, keyCode=KEYCODE_DPAD_DOWN, scanCode=0, metaState=0, flags=0x8, repeatCount=0, eventTime=140889, downTime=140889, deviceId=-1, source=0x101 }
D/InputEventConsistencyVerifier(  959):   5: sent at 127274000000, (unhandled) KeyEvent { action=ACTION_UP, keyCode=KEYCODE_DPAD_RIGHT, scanCode=0, metaState=0, flags=0x28, repeatCount=0, eventTime=127274, downTime=126685, deviceId=-1, source=0x101 }
W/BackupManagerService(  227): dataChanged but no participant pkg='com.android.providers.settings' uid=1001
I/Choreographer(  959): Skipped 111 frames!  The application may be doing too much work on its main thread.
E/WVMExtractor(   61): Failed to open libwvm.so
I/Choreographer(  959): Skipped 135 frames!  The application may be doing too much work on its main thread.
D/InputEventConsistencyVerifier(  959): KeyEvent: ACTION_UP but key was not down.
D/InputEventConsistencyVerifier(  959):   in android.widget.Button@b3e1d7c8
D/InputEventConsistencyVerifier(  959):   0: sent at 142292000000, KeyEvent { action=ACTION_UP, keyCode=KEYCODE_DPAD_RIGHT, scanCode=0, metaState=0, flags=0x8, repeatCount=0, eventTime=142292, downTime=142292, deviceId=-1, source=0x101 }
D/InputEventConsistencyVerifier(  959):   -- recent events --
D/InputEventConsistencyVerifier(  959):   1: sent at 141916000000, MotionEvent { action=ACTION_UP, id[0]=0, x[0]=22.0, y[0]=-4.0, toolType[0]=TOOL_TYPE_UNKNOWN, buttonState=0, metaState=0, flags=0x0, edgeFlags=0x0, pointerCount=1, historySize=0, eventTime=141916, downTime=141883, deviceId=0, source=0x1002 }
D/InputEventConsistencyVerifier(  959):   2: sent at 141910000000, MotionEvent { action=ACTION_MOVE, id[0]=0, x[0]=22.0, y[0]=7.0, toolType[0]=TOOL_TYPE_UNKNOWN, buttonState=0, metaState=0, flags=0x0, edgeFlags=0x0, pointerCount=1, historySize=0, eventTime=141910, downTime=141883, deviceId=0, source=0x1002 }
D/InputEventConsistencyVerifier(  959):   3: sent at 141884000000, MotionEvent { action=ACTION_DOWN, id[0]=0, x[0]=23.0, y[0]=12.0, toolType[0]=TOOL_TYPE_UNKNOWN, buttonState=0, metaState=0, flags=0x0, edgeFlags=0x0, pointerCount=1, historySize=0, eventTime=141884, downTime=141883, deviceId=0, source=0x1002 }
D/InputEventConsistencyVerifier(  959):   4: sent at 135022000000, (unhandled) KeyEvent { action=ACTION_UP, keyCode=KEYCODE_DPAD_DOWN, scanCode=0, metaState=0, flags=0x8, repeatCount=0, eventTime=135022, downTime=135022, deviceId=-1, source=0x101 }
D/InputEventConsistencyVerifier(  959):   5: sent at 135015000000, (unhandled) KeyEvent { action=ACTION_DOWN, keyCode=KEYCODE_DPAD_DOWN, scanCode=0, metaState=0, flags=0x8, repeatCount=0, eventTime=135015, downTime=135015, deviceId=-1, source=0x101 }
D/es.cesar.quitesleep.dialogs.WarningDialog(  959): YES
I/Choreographer(  959): Skipped 46 frames!  The application may be doing too much work on its main thread.
D/es.cesar.quitesleep.dialogs.WarningDialog(  959): NO
W/InputMethodManagerService(  227): Window already focused, ignoring focus gain of: com.android.internal.view.IInputMethodClient$Stub$Proxy@b422a1e0 attribute=null
E/WVMExtractor(   61): Failed to open libwvm.so
I/ActivityManager(  227): START {act=android.intent.action.MAIN cat=[android.intent.category.HOME] flg=0x10200000 cmp=com.android.launcher/com.android.launcher2.Launcher u=0} from pid 227
E/WVMExtractor(   61): Failed to open libwvm.so
I/ActivityManager(  227): START {act=android.intent.action.MAIN cat=[android.intent.category.LAUNCHER] flg=0x10200000 cmp=es.cesar.quitesleep/.activities.Main u=0} from pid 904
E/WVMExtractor(   61): Failed to open libwvm.so
E/WVMExtractor(   61): Failed to open libwvm.so
E/WVMExtractor(   61): Failed to open libwvm.so
I/ActivityManager(  227): START {act=android.intent.action.MAIN cat=[android.intent.category.LAUNCHER] flg=0x10200000 cmp=es.cesar.quitesleep/.activities.Main u=0} from pid 904
E/WVMExtractor(   61): Failed to open libwvm.so
E/WVMExtractor(   61): Failed to open libwvm.so
W/DroidBox( 1051): DroidBox: { "ServiceStart": { "name": "com.android.music.MediaPlaybackService" } }
W/DroidBox( 1051): DroidBox: { "ServiceStart": { "name": "com.android.music.MediaPlaybackService" } }
E/WVMExtractor(   61): Failed to open libwvm.so
E/WVMExtractor(   61): Failed to open libwvm.so
E/WVMExtractor(   61): Failed to open libwvm.so
E/WVMExtractor(   61): Failed to open libwvm.so
E/WVMExtractor(   61): Failed to open libwvm.so
E/WVMExtractor(   61): Failed to open libwvm.so
I/ActivityManager(  227): START {act=android.intent.action.MAIN cat=[android.intent.category.HOME] flg=0x10200000 cmp=com.android.launcher/com.android.launcher2.Launcher u=0} from pid 227
E/WVMExtractor(   61): Failed to open libwvm.so
I/InputDispatcher(  227): Dropped event because of pending overdue app switch.
W/InputManager(  227): Input event injection from pid 904 failed.
D/InputEventConsistencyVerifier(  959): KeyEvent: ACTION_UP but key was not down.
D/InputEventConsistencyVerifier(  959):   in android.view.ViewRootImpl@b3edc860
D/InputEventConsistencyVerifier(  959):   0: sent at 148439000000, KeyEvent { action=ACTION_UP, keyCode=KEYCODE_DPAD_RIGHT, scanCode=0, metaState=0, flags=0x8, repeatCount=0, eventTime=148439, downTime=148439, deviceId=-1, source=0x101 }
D/InputEventConsistencyVerifier(  959):   -- recent events --
D/InputEventConsistencyVerifier(  959):   1: sent at 148346000000, KeyEvent { action=ACTION_UP, keyCode=KEYCODE_DPAD_UP, scanCode=0, metaState=0, flags=0x8, repeatCount=0, eventTime=148346, downTime=148346, deviceId=-1, source=0x101 }
D/InputEventConsistencyVerifier(  959):   2: sent at 148315000000, KeyEvent { action=ACTION_DOWN, keyCode=KEYCODE_DPAD_UP, scanCode=0, metaState=0, flags=0x8, repeatCount=0, eventTime=148315, downTime=148315, deviceId=-1, source=0x101 }
D/InputEventConsistencyVerifier(  959):   3: sent at 148309000000, MotionEvent { action=ACTION_UP, id[0]=0, x[0]=268.0, y[0]=507.0, toolType[0]=TOOL_TYPE_UNKNOWN, buttonState=0, metaState=0, flags=0x0, edgeFlags=0x0, pointerCount=1, historySize=0, eventTime=148309, downTime=148265, deviceId=0, source=0x1002 }
D/InputEventConsistencyVerifier(  959):   4: sent at 148265000000, MotionEvent { action=ACTION_DOWN, id[0]=0, x[0]=274.0, y[0]=502.0, toolType[0]=TOOL_TYPE_UNKNOWN, buttonState=0, metaState=0, flags=0x0, edgeFlags=0x0, pointerCount=1, historySize=0, eventTime=148265, downTime=148265, deviceId=0, source=0x1002 }
D/InputEventConsistencyVerifier(  959):   5: sent at 148200000000, KeyEvent { action=ACTION_UP, keyCode=KEYCODE_DPAD_LEFT, scanCode=0, metaState=0, flags=0x8, repeatCount=0, eventTime=148200, downTime=148200, deviceId=-1, source=0x101 }
E/WVMExtractor(   61): Failed to open libwvm.so
E/WVMExtractor(   61): Failed to open libwvm.so
E/WVMExtractor(   61): Failed to open libwvm.so
E/WVMExtractor(   61): Failed to open libwvm.so
I/Choreographer(  959): Skipped 55 frames!  The application may be doing too much work on its main thread.
D/InputEventConsistencyVerifier(  959): KeyEvent: ACTION_UP but key was not down.
D/InputEventConsistencyVerifier(  959):   in com.android.internal.view.menu.IconMenuItemView@b3e3c718
D/InputEventConsistencyVerifier(  959):   0: sent at 149773000000, KeyEvent { action=ACTION_UP, keyCode=KEYCODE_TV_POWER, scanCode=0, metaState=0, flags=0x8, repeatCount=0, eventTime=149773, downTime=149773, deviceId=-1, source=0x101 }
D/InputEventConsistencyVerifier(  959):   -- recent events --
D/InputEventConsistencyVerifier(  959):   1: sent at 141351000000, (unhandled) KeyEvent { action=ACTION_UP, keyCode=KEYCODE_DPAD_CENTER, scanCode=0, metaState=0, flags=0x8, repeatCount=0, eventTime=141351, downTime=141351, deviceId=-1, source=0x101 }
D/InputEventConsistencyVerifier(  959):   2: sent at 141321000000, KeyEvent { action=ACTION_DOWN, keyCode=KEYCODE_DPAD_CENTER, scanCode=0, metaState=0, flags=0x80000008, repeatCount=0, eventTime=141321, downTime=141321, deviceId=-1, source=0x101 }
D/InputEventConsistencyVerifier(  959):   3: sent at 141309000000, (unhandled) KeyEvent { action=ACTION_UP, keyCode=KEYCODE_DPAD_RIGHT, scanCode=0, metaState=0, flags=0x80000008, repeatCount=0, eventTime=141309, downTime=141309, deviceId=-1, source=0x101 }
D/InputEventConsistencyVerifier(  959):   4: sent at 141069000000, KeyEvent { action=ACTION_DOWN, keyCode=KEYCODE_DPAD_CENTER, scanCode=0, metaState=0, flags=0x8, repeatCount=0, eventTime=141069, downTime=141069, deviceId=-1, source=0x101 }
D/InputEventConsistencyVerifier(  959):   5: sent at 140935000000, (unhandled) KeyEvent { action=ACTION_UP, keyCode=KEYCODE_DPAD_DOWN, scanCode=0, metaState=0, flags=0x8, repeatCount=0, eventTime=140935, downTime=140935, deviceId=-1, source=0x101 }
E/WVMExtractor(   61): Failed to open libwvm.so
I/Choreographer(  959): Skipped 59 frames!  The application may be doing too much work on its main thread.
I/ActivityManager(  227): START {act=android.intent.action.MAIN cat=[android.intent.category.LAUNCHER] flg=0x10200000 cmp=es.cesar.quitesleep/.activities.Main u=0} from pid 904
I/ActivityManager(  227): START {act=android.intent.action.MAIN cat=[android.intent.category.LAUNCHER] flg=0x10200000 cmp=es.cesar.quitesleep/.activities.Main u=0} from pid 904
W/InputMethodManagerService(  227): Window already focused, ignoring focus gain of: com.android.internal.view.IInputMethodClient$Stub$Proxy@b41c8578 attribute=null
E/WVMExtractor(   61): Failed to open libwvm.so
E/WVMExtractor(   61): Failed to open libwvm.so
E/WVMExtractor(   61): Failed to open libwvm.so
E/WVMExtractor(   61): Failed to open libwvm.so
E/WVMExtractor(   61): Failed to open libwvm.so
E/WVMExtractor(   61): Failed to open libwvm.so
E/WVMExtractor(   61): Failed to open libwvm.so
E/WVMExtractor(   61): Failed to open libwvm.so
I/Choreographer(  959): Skipped 42 frames!  The application may be doing too much work on its main thread.
E/WVMExtractor(   61): Failed to open libwvm.so
I/Choreographer(  959): Skipped 40 frames!  The application may be doing too much work on its main thread.
I/Choreographer(  959): Skipped 84 frames!  The application may be doing too much work on its main thread.
W/InputMethodManagerService(  227): Window already focused, ignoring focus gain of: com.android.internal.view.IInputMethodClient$Stub$Proxy@b3f2f1a8 attribute=null
E/WVMExtractor(   61): Failed to open libwvm.so
D/InputEventConsistencyVerifier(  959): KeyEvent: ACTION_UP but key was not down.
D/InputEventConsistencyVerifier(  959):   in android.view.ViewRootImpl@b3edc860
D/InputEventConsistencyVerifier(  959):   0: sent at 153753000000, KeyEvent { action=ACTION_UP, keyCode=KEYCODE_DPAD_CENTER, scanCode=0, metaState=0, flags=0x8, repeatCount=0, eventTime=153753, downTime=153753, deviceId=-1, source=0x101 }
D/InputEventConsistencyVerifier(  959):   -- recent events --
D/InputEventConsistencyVerifier(  959):   1: sent at 152937000000, KeyEvent { action=ACTION_UP, keyCode=KEYCODE_DPAD_RIGHT, scanCode=0, metaState=0, flags=0x400, repeatCount=0, eventTime=152937, downTime=152937, deviceId=-1, source=0x101 }
D/InputEventConsistencyVerifier(  959):   2: sent at 152937000000, KeyEvent { action=ACTION_DOWN, keyCode=KEYCODE_DPAD_RIGHT, scanCode=0, metaState=0, flags=0x400, repeatCount=0, eventTime=152937, downTime=152937, deviceId=-1, source=0x101 }
D/InputEventConsistencyVerifier(  959):   3: sent at 152936000000, KeyEvent { action=ACTION_UP, keyCode=KEYCODE_DPAD_RIGHT, scanCode=0, metaState=0, flags=0x400, repeatCount=0, eventTime=152936, downTime=152936, deviceId=-1, source=0x101 }
D/InputEventConsistencyVerifier(  959):   4: sent at 152936000000, KeyEvent { action=ACTION_DOWN, keyCode=KEYCODE_DPAD_RIGHT, scanCode=0, metaState=0, flags=0x400, repeatCount=0, eventTime=152936, downTime=152936, deviceId=-1, source=0x101 }
D/InputEventConsistencyVerifier(  959):   5: sent at 152935000000, KeyEvent { action=ACTION_UP, keyCode=KEYCODE_DPAD_RIGHT, scanCode=0, metaState=0, flags=0x400, repeatCount=0, eventTime=152935, downTime=152935, deviceId=-1, source=0x101 }
E/WVMExtractor(   61): Failed to open libwvm.so
E/WVMExtractor(   61): Failed to open libwvm.so
E/WVMExtractor(   61): Failed to open libwvm.so
E/WVMExtractor(   61): Failed to open libwvm.so
E/WVMExtractor(   61): Failed to open libwvm.so
E/WVMExtractor(   61): Failed to open libwvm.so
W/DroidBox( 1051): DroidBox: { "ServiceStart": { "name": "com.android.music.MediaPlaybackService" } }
W/DroidBox( 1051): DroidBox: { "ServiceStart": { "name": "com.android.music.MediaPlaybackService" } }
E/WVMExtractor(   61): Failed to open libwvm.so
I/AudioService(  227):  AudioFocus  requestAudioFocus() from android.media.AudioManager@b3d8a198com.android.music.MediaPlaybackService$3@b3d889d0
I/AudioService(  227):   Remote Control   registerMediaButtonIntent() for PendingIntent{b3e27b58: PendingIntentRecord{b4031188 com.android.music broadcastIntent}}
E/WVMExtractor(   61): Failed to open libwvm.so
E/WVMExtractor(   61): Failed to open libwvm.so
E/WVMExtractor(   61): Failed to open libwvm.so
E/WVMExtractor(   61): Failed to open libwvm.so
I/ActivityManager(  227): START {act=android.intent.action.MAIN cat=[android.intent.category.HOME] flg=0x10200000 cmp=com.android.launcher/com.android.launcher2.Launcher u=0} from pid 227
E/WVMExtractor(   61): Failed to open libwvm.so
