D/InputEventConsistencyVerifier(  422):   4: sent at 217908000000, MotionEvent { action=ACTION_DOWN, id[0]=0, x[0]=316.0, y[0]=29.0, toolType[0]=TOOL_TYPE_UNKNOWN, buttonState=0, metaState=0, flags=0x80000000, edgeFlags=0x0, pointerCount=1, historySize=0, eventTime=217908, downTime=217907, deviceId=0, source=0x1002 }
D/InputEventConsistencyVerifier(  422):   5: sent at 208877000000, MotionEvent { action=ACTION_MOVE, id[0]=0, x[0]=404.0, y[0]=494.0, toolType[0]=TOOL_TYPE_UNKNOWN, buttonState=0, metaState=0, flags=0x0, edgeFlags=0x0, pointerCount=1, historySize=6, eventTime=208877, downTime=208820, deviceId=0, source=0x1002 }
V/PhoneStatusBar(  422): setLightsOn(true)
W/dalvikvm(  422): DroidBox: { "FdAccess": { "path": "2f70726f632f6d656d696e666f", "id": "365165317" } }
W/DroidBox(  422): DroidBox: { "FileRW": { "operation": "read", "data": "4d656d546f74616c3a202020202020202020373438393634206b420a4d656d467265653a20202020202020202020343435373732206b420a427566666572733a20202020202020202020202035343838206b420a4361636865643a202020202020202020", "id": "365165317" } }
I/Choreographer(  422): Skipped 57 frames!  The application may be doing too much work on its main thread.
D/InputEventConsistencyVerifier(  422): KeyEvent: ACTION_UP but key was not down.
D/InputEventConsistencyVerifier(  422):   in com.android.systemui.statusbar.phone.StatusBarWindowView@b3e02290
D/InputEventConsistencyVerifier(  422):   0: sent at 218519000000, KeyEvent { action=ACTION_UP, keyCode=KEYCODE_DPAD_UP, scanCode=0, metaState=0, flags=0x400, repeatCount=0, eventTime=218519, downTime=218519, deviceId=-1, source=0x101 }
D/InputEventConsistencyVerifier(  422):   -- recent events --
D/InputEventConsistencyVerifier(  422):   1: sent at 218483000000, (unhandled) MotionEvent { action=ACTION_MOVE, id[0]=0, x[0]=4.0, y[0]=-4.0, toolType[0]=TOOL_TYPE_UNKNOWN, buttonState=0, metaState=0, flags=0x0, edgeFlags=0x0, pointerCount=1, historySize=9, eventTime=218483, downTime=-1, deviceId=0, source=0x10004 }
D/InputEventConsistencyVerifier(  422):   2: sent at 218492000000, MotionEvent { action=ACTION_UP, id[0]=0, x[0]=196.0, y[0]=383.0, toolType[0]=TOOL_TYPE_UNKNOWN, buttonState=0, metaState=0, flags=0x0, edgeFlags=0x0, pointerCount=1, historySize=0, eventTime=218492, downTime=218487, deviceId=0, source=0x1002 }
D/InputEventConsistencyVerifier(  422):   3: sent at 218487000000, MotionEvent { action=ACTION_DOWN, id[0]=0, x[0]=188.0, y[0]=386.0, toolType[0]=TOOL_TYPE_UNKNOWN, buttonState=0, metaState=0, flags=0x0, edgeFlags=0x0, pointerCount=1, historySize=0, eventTime=218487, downTime=218487, deviceId=0, source=0x1002 }
D/InputEventConsistencyVerifier(  422):   4: sent at 218429000000, MotionEvent { action=ACTION_UP, id[0]=0, x[0]=453.0, y[0]=549.0, toolType[0]=TOOL_TYPE_UNKNOWN, buttonState=0, metaState=0, flags=0x0, edgeFlags=0x0, pointerCount=1, historySize=0, eventTime=218429, downTime=218423, deviceId=0, source=0x1002 }
D/InputEventConsistencyVerifier(  422):   5: sent at 218424000000, MotionEvent { action=ACTION_DOWN, id[0]=0, x[0]=459.0, y[0]=550.0, toolType[0]=TOOL_TYPE_UNKNOWN, buttonState=0, metaState=0, flags=0x0, edgeFlags=0x0, pointerCount=1, historySize=0, eventTime=218424, downTime=218423, deviceId=0, source=0x1002 }
W/dalvikvm(  422): DroidBox: { "FdAccess": { "path": "2f70726f632f6d656d696e666f", "id": "1978382943" } }
W/DroidBox(  422): DroidBox: { "FileRW": { "operation": "read", "data": "4d656d546f74616c3a202020202020202020373438393634206b420a4d656d467265653a20202020202020202020343435373634206b420a427566666572733a20202020202020202020202035343838206b420a4361636865643a202020202020202020", "id": "1978382943" } }
D/InputEventConsistencyVerifier(  422): KeyEvent: ACTION_UP but key was not down.
D/InputEventConsistencyVerifier(  422):   in android.widget.FrameLayout@b3e21de0
D/InputEventConsistencyVerifier(  422):   0: sent at 218523000000, KeyEvent { action=ACTION_UP, keyCode=KEYCODE_DPAD_DOWN, scanCode=0, metaState=0, flags=0x8, repeatCount=0, eventTime=218523, downTime=218523, deviceId=-1, source=0x101 }
D/InputEventConsistencyVerifier(  422):   -- recent events --
D/InputEventConsistencyVerifier(  422):   1: sent at 208879000000, MotionEvent { action=ACTION_UP, id[0]=0, x[0]=388.0, y[0]=505.0, toolType[0]=TOOL_TYPE_UNKNOWN, buttonState=0, metaState=0, flags=0x0, edgeFlags=0x0, pointerCount=1, historySize=0, eventTime=208879, downTime=208820, deviceId=0, source=0x1002 }
D/InputEventConsistencyVerifier(  422):   2: sent at 208877000000, MotionEvent { action=ACTION_MOVE, id[0]=0, x[0]=404.0, y[0]=494.0, toolType[0]=TOOL_TYPE_UNKNOWN, buttonState=0, metaState=0, flags=0x0, edgeFlags=0x0, pointerCount=1, historySize=6, eventTime=208877, downTime=208820, deviceId=0, source=0x1002 }
D/InputEventConsistencyVerifier(  422):   3: sent at 208855000000, MotionEvent { action=ACTION_DOWN, id[0]=0, x[0]=463.0, y[0]=438.0, toolType[0]=TOOL_TYPE_UNKNOWN, buttonState=0, metaState=0, flags=0x80000000, edgeFlags=0x0, pointerCount=1, historySize=0, eventTime=208855, downTime=208820, deviceId=0, source=0x1002 }
D/InputEventConsistencyVerifier(  422):   4: sent at 208574000000, MotionEvent { action=ACTION_UP, id[0]=0, x[0]=186.0, y[0]=703.0, toolType[0]=TOOL_TYPE_UNKNOWN, buttonState=0, metaState=0, flags=0x0, edgeFlags=0x0, pointerCount=1, historySize=0, eventTime=208574, downTime=208545, deviceId=0, source=0x1002 }
D/InputEventConsistencyVerifier(  422):   5: sent at 208571000000, MotionEvent { action=ACTION_MOVE, id[0]=0, x[0]=184.0, y[0]=695.0, toolType[0]=TOOL_TYPE_UNKNOWN, buttonState=0, metaState=0, flags=0x0, edgeFlags=0x0, pointerCount=1, historySize=7, eventTime=208571, downTime=208545, deviceId=0, source=0x1002 }
W/dalvikvm(  422): DroidBox: { "FdAccess": { "path": "2f70726f632f6d656d696e666f", "id": "1274388926" } }
W/DroidBox(  422): DroidBox: { "FileRW": { "operation": "read", "data": "4d656d546f74616c3a202020202020202020373438393634206b420a4d656d467265653a20202020202020202020343434323834206b420a427566666572733a20202020202020202020202035343838206b420a4361636865643a202020202020202020", "id": "1274388926" } }
D/InputEventConsistencyVerifier( 1015): KeyEvent: ACTION_UP but key was not down.
D/InputEventConsistencyVerifier( 1015):   in android.view.ViewRootImpl@b405ceb0
D/InputEventConsistencyVerifier( 1015):   0: sent at 218718000000, KeyEvent { action=ACTION_UP, keyCode=KEYCODE_DPAD_UP, scanCode=0, metaState=0, flags=0x8, repeatCount=0, eventTime=218718, downTime=218718, deviceId=-1, source=0x101 }
D/InputEventConsistencyVerifier( 1015):   -- recent events --
D/InputEventConsistencyVerifier( 1015):   1: sent at 217961000000, KeyEvent { action=ACTION_UP, keyCode=KEYCODE_MENU, scanCode=0, metaState=0, flags=0x8, repeatCount=0, eventTime=217961, downTime=217961, deviceId=-1, source=0x101 }
D/InputEventConsistencyVerifier( 1015):   2: sent at 217949000000, KeyEvent { action=ACTION_DOWN, keyCode=KEYCODE_MENU, scanCode=0, metaState=0, flags=0x8, repeatCount=0, eventTime=217949, downTime=217949, deviceId=-1, source=0x101 }
D/InputEventConsistencyVerifier( 1015):   3: sent at 217901000000, MotionEvent { action=ACTION_UP, id[0]=0, x[0]=55.0, y[0]=439.0, toolType[0]=TOOL_TYPE_UNKNOWN, buttonState=0, metaState=0, flags=0x0, edgeFlags=0x0, pointerCount=1, historySize=0, eventTime=217901, downTime=217877, deviceId=0, source=0x1002 }
D/InputEventConsistencyVerifier( 1015):   4: sent at 217877000000, MotionEvent { action=ACTION_DOWN, id[0]=0, x[0]=48.0, y[0]=430.0, toolType[0]=TOOL_TYPE_UNKNOWN, buttonState=0, metaState=0, flags=0x0, edgeFlags=0x0, pointerCount=1, historySize=0, eventTime=217877, downTime=217877, deviceId=0, source=0x1002 }
D/InputEventConsistencyVerifier( 1015):   5: sent at 217828000000, KeyEvent { action=ACTION_UP, keyCode=KEYCODE_MOVE_HOME, scanCode=0, metaState=0, flags=0x8, repeatCount=0, eventTime=217828, downTime=217828, deviceId=-1, source=0x101 }
D/InputEventConsistencyVerifier(  422): KeyEvent: ACTION_UP but key was not down.
D/InputEventConsistencyVerifier(  422):   in com.android.systemui.statusbar.phone.PhoneStatusBarView@b3e04228
D/InputEventConsistencyVerifier(  422):   0: sent at 218753000000, KeyEvent { action=ACTION_UP, keyCode=KEYCODE_DPAD_UP, scanCode=0, metaState=0, flags=0x28, repeatCount=0, eventTime=218753, downTime=218662, deviceId=-1, source=0x101 }
D/InputEventConsistencyVerifier(  422):   -- recent events --
D/InputEventConsistencyVerifier(  422):   1: sent at 218497000000, (unhandled) KeyEvent { action=ACTION_DOWN, keyCode=KEYCODE_DPAD_DOWN, scanCode=0, metaState=0, flags=0x8, repeatCount=0, eventTime=218497, downTime=218497, deviceId=-1, source=0x101 }
D/InputEventConsistencyVerifier(  422):   2: sent at 218520000000, (unhandled) KeyEvent { action=ACTION_UP, keyCode=KEYCODE_DPAD_UP, scanCode=0, metaState=0, flags=0x400, repeatCount=0, eventTime=218520, downTime=218520, deviceId=-1, source=0x101 }
D/InputEventConsistencyVerifier(  422):   3: sent at 218520000000, (unhandled) KeyEvent { action=ACTION_DOWN, keyCode=KEYCODE_DPAD_UP, scanCode=0, metaState=0, flags=0x400, repeatCount=0, eventTime=218520, downTime=218520, deviceId=-1, source=0x101 }
D/InputEventConsistencyVerifier(  422):   4: sent at 218520000000, (unhandled) KeyEvent { action=ACTION_UP, keyCode=KEYCODE_DPAD_UP, scanCode=0, metaState=0, flags=0x400, repeatCount=0, eventTime=218520, downTime=218520, deviceId=-1, source=0x101 }
D/InputEventConsistencyVerifier(  422):   5: sent at 218520000000, (unhandled) KeyEvent { action=ACTION_DOWN, keyCode=KEYCODE_DPAD_UP, scanCode=0, metaState=0, flags=0x400, repeatCount=0, eventTime=218520, downTime=218520, deviceId=-1, source=0x101 }
D/InputEventConsistencyVerifier(  422): TouchEvent: ACTION_DOWN but pointers are already down.  Probably missing ACTION_UP from previous gesture.
D/InputEventConsistencyVerifier(  422):   in android.view.ScaleGestureDetector@b3ea08f8
D/InputEventConsistencyVerifier(  422):   0: sent at 218758000000, MotionEvent { action=ACTION_DOWN, id[0]=0, x[0]=396.0, y[0]=22.0, toolType[0]=TOOL_TYPE_UNKNOWN, buttonState=0, metaState=0, flags=0x0, edgeFlags=0x0, pointerCount=1, historySize=0, eventTime=218758, downTime=218757, deviceId=0, source=0x1002 }
D/InputEventConsistencyVerifier(  422):   -- recent events --
D/InputEventConsistencyVerifier(  422):   1: sent at 218487000000, MotionEvent { action=ACTION_DOWN, id[0]=0, x[0]=188.0, y[0]=386.0, toolType[0]=TOOL_TYPE_UNKNOWN, buttonState=0, metaState=0, flags=0x80000000, edgeFlags=0x0, pointerCount=1, historySize=0, eventTime=218487, downTime=218487, deviceId=0, source=0x1002 }
D/InputEventConsistencyVerifier(  422):   2: sent at 218424000000, MotionEvent { action=ACTION_DOWN, id[0]=0, x[0]=459.0, y[0]=550.0, toolType[0]=TOOL_TYPE_UNKNOWN, buttonState=0, metaState=0, flags=0x80000000, edgeFlags=0x0, pointerCount=1, historySize=0, eventTime=218424, downTime=218423, deviceId=0, source=0x1002 }
D/InputEventConsistencyVerifier(  422):   3: sent at 218181000000, MotionEvent { action=ACTION_DOWN, id[0]=0, x[0]=343.0, y[0]=172.0, toolType[0]=TOOL_TYPE_UNKNOWN, buttonState=0, metaState=0, flags=0x0, edgeFlags=0x0, pointerCount=1, historySize=0, eventTime=218181, downTime=218179, deviceId=0, source=0x1002 }
D/InputEventConsistencyVerifier(  422):   4: sent at 217914000000, MotionEvent { action=ACTION_UP, id[0]=0, x[0]=320.0, y[0]=30.0, toolType[0]=TOOL_TYPE_UNKNOWN, buttonState=0, metaState=0, flags=0x0, edgeFlags=0x0, pointerCount=1, historySize=0, eventTime=217914, downTime=217907, deviceId=0, source=0x1002 }
D/InputEventConsistencyVerifier(  422):   5: sent at 217908000000, MotionEvent { action=ACTION_DOWN, id[0]=0, x[0]=316.0, y[0]=29.0, toolType[0]=TOOL_TYPE_UNKNOWN, buttonState=0, metaState=0, flags=0x80000000, edgeFlags=0x0, pointerCount=1, historySize=0, eventTime=217908, downTime=217907, deviceId=0, source=0x1002 }
I/Choreographer(  422): Skipped 44 frames!  The application may be doing too much work on its main thread.
W/InputMethodManagerService(  230): Window already focused, ignoring focus gain of: com.android.internal.view.IInputMethodClient$Stub$Proxy@b4097ab8 attribute=null
W/dalvikvm(  422): DroidBox: { "FdAccess": { "path": "2f70726f632f6d656d696e666f", "id": "1000531902" } }
W/DroidBox(  422): DroidBox: { "FileRW": { "operation": "read", "data": "4d656d546f74616c3a202020202020202020373438393634206b420a4d656d467265653a20202020202020202020343435323736206b420a427566666572733a20202020202020202020202035343838206b420a4361636865643a202020202020202020", "id": "1000531902" } }
I/Choreographer(  422): Skipped 30 frames!  The application may be doing too much work on its main thread.
W/dalvikvm(  422): DroidBox: { "FdAccess": { "path": "2f70726f632f6d656d696e666f", "id": "1788357079" } }
W/DroidBox(  422): DroidBox: { "FileRW": { "operation": "read", "data": "4d656d546f74616c3a202020202020202020373438393634206b420a4d656d467265653a20202020202020202020343435323736206b420a427566666572733a20202020202020202020202035343838206b420a4361636865643a202020202020202020", "id": "1788357079" } }
V/PhoneStatusBar(  422): setLightsOn(true)
I/Choreographer(  422): Skipped 31 frames!  The application may be doing too much work on its main thread.
D/PhoneStatusBar(  422): disable: < expand icons alerts TICKER system_info back home recent clock >
W/dalvikvm(  422): DroidBox: { "FdAccess": { "path": "2f70726f632f6d656d696e666f", "id": "1825206561" } }
W/DroidBox(  422): DroidBox: { "FileRW": { "operation": "read", "data": "4d656d546f74616c3a202020202020202020373438393634206b420a4d656d467265653a20202020202020202020343435323736206b420a427566666572733a20202020202020202020202035343838206b420a4361636865643a202020202020202020", "id": "1825206561" } }
D/InputEventConsistencyVerifier(  422): KeyEvent: ACTION_UP but key was not down.
D/InputEventConsistencyVerifier(  422):   in com.android.systemui.statusbar.phone.PhoneStatusBarView@b3e04228
D/InputEventConsistencyVerifier(  422):   0: sent at 219190000000, KeyEvent { action=ACTION_UP, keyCode=KEYCODE_NUMPAD_2, scanCode=0, metaState=0, flags=0x8, repeatCount=0, eventTime=219190, downTime=219190, deviceId=-1, source=0x101 }
D/InputEventConsistencyVerifier(  422):   -- recent events --
D/InputEventConsistencyVerifier(  422):   1: sent at 219082000000, (unhandled) KeyEvent { action=ACTION_UP, keyCode=KEYCODE_DPAD_UP, scanCode=0, metaState=0, flags=0x8, repeatCount=0, eventTime=219082, downTime=219082, deviceId=-1, source=0x101 }
D/InputEventConsistencyVerifier(  422):   2: sent at 219077000000, (unhandled) KeyEvent { action=ACTION_DOWN, keyCode=KEYCODE_DPAD_UP, scanCode=0, metaState=0, flags=0x8, repeatCount=0, eventTime=219077, downTime=219077, deviceId=-1, source=0x101 }
D/InputEventConsistencyVerifier(  422):   3: sent at 219072000000, (unhandled) KeyEvent { action=ACTION_UP, keyCode=KEYCODE_DPAD_UP, scanCode=0, metaState=0, flags=0x8, repeatCount=0, eventTime=219072, downTime=219072, deviceId=-1, source=0x101 }
D/InputEventConsistencyVerifier(  422):   4: sent at 219045000000, (unhandled) KeyEvent { action=ACTION_DOWN, keyCode=KEYCODE_DPAD_UP, scanCode=0, metaState=0, flags=0x8, repeatCount=0, eventTime=219045, downTime=219045, deviceId=-1, source=0x101 }
D/InputEventConsistencyVerifier(  422):   5: sent at 218995000000, (unhandled) KeyEvent { action=ACTION_UP, keyCode=KEYCODE_L, scanCode=0, metaState=0, flags=0x8, repeatCount=0, eventTime=218995, downTime=218995, deviceId=-1, source=0x101 }
D/InputEventConsistencyVerifier(  422): KeyEvent: ACTION_UP but key was not down.
D/InputEventConsistencyVerifier(  422):   in com.android.systemui.statusbar.phone.StatusBarWindowView@b3e02290
D/InputEventConsistencyVerifier(  422):   0: sent at 219190000000, KeyEvent { action=ACTION_UP, keyCode=KEYCODE_DPAD_DOWN, scanCode=0, metaState=0, flags=0x8, repeatCount=0, eventTime=219190, downTime=219190, deviceId=-1, source=0x101 }
D/InputEventConsistencyVerifier(  422):   -- recent events --
D/InputEventConsistencyVerifier(  422):   1: sent at 219190000000, (unhandled) KeyEvent { action=ACTION_UP, keyCode=KEYCODE_NUMPAD_2, scanCode=0, metaState=0, flags=0x8, repeatCount=0, eventTime=219190, downTime=219190, deviceId=-1, source=0x101 }
D/InputEventConsistencyVerifier(  422):   2: sent at 219149000000, (unhandled) KeyEvent { action=ACTION_DOWN, keyCode=KEYCODE_NUMPAD_2, scanCode=0, metaState=0, flags=0x8, repeatCount=0, eventTime=219149, downTime=219149, deviceId=-1, source=0x101 }
D/InputEventConsistencyVerifier(  422):   3: sent at 219144000000, MotionEvent { action=ACTION_UP, id[0]=0, x[0]=248.0, y[0]=706.0, toolType[0]=TOOL_TYPE_UNKNOWN, buttonState=0, metaState=0, flags=0x0, edgeFlags=0x0, pointerCount=1, historySize=0, eventTime=219144, downTime=219087, deviceId=0, source=0x1002 }
D/InputEventConsistencyVerifier(  422):   4: sent at 219142000000, MotionEvent { action=ACTION_MOVE, id[0]=0, x[0]=244.0, y[0]=704.0, toolType[0]=TOOL_TYPE_UNKNOWN, buttonState=0, metaState=0, flags=0x0, edgeFlags=0x0, pointerCount=1, historySize=7, eventTime=219142, downTime=219087, deviceId=0, source=0x1002 }
D/InputEventConsistencyVerifier(  422):   5: sent at 219098290580, MotionEvent { action=ACTION_MOVE, id[0]=0, x[0]=228.38176, y[0]=649.0, toolType[0]=TOOL_TYPE_UNKNOWN, buttonState=0, metaState=0, flags=0x0, edgeFlags=0x0, pointerCount=1, historySize=1, eventTime=219098, downTime=219087, deviceId=0, source=0x1002 }
D/InputEventConsistencyVerifier(  422): TouchEvent: ACTION_DOWN but pointers are already down.  Probably missing ACTION_UP from previous gesture.
D/InputEventConsistencyVerifier(  422):   in android.view.ScaleGestureDetector@b3ea08f8
D/InputEventConsistencyVerifier(  422):   0: sent at 219300000000, MotionEvent { action=ACTION_DOWN, id[0]=0, x[0]=87.0, y[0]=201.0, toolType[0]=TOOL_TYPE_UNKNOWN, buttonState=0, metaState=0, flags=0x0, edgeFlags=0x0, pointerCount=1, historySize=0, eventTime=219300, downTime=219289, deviceId=0, source=0x1002 }
D/InputEventConsistencyVerifier(  422):   -- recent events --
D/InputEventConsistencyVerifier(  422):   1: sent at 219090000000, MotionEvent { action=ACTION_DOWN, id[0]=0, x[0]=227.0, y[0]=649.0, toolType[0]=TOOL_TYPE_UNKNOWN, buttonState=0, metaState=0, flags=0x0, edgeFlags=0x0, pointerCount=1, historySize=0, eventTime=219090, downTime=219087, deviceId=0, source=0x1002 }
D/InputEventConsistencyVerifier(  422):   2: sent at 218766000000, MotionEvent { action=ACTION_UP, id[0]=0, x[0]=401.0, y[0]=37.0, toolType[0]=TOOL_TYPE_UNKNOWN, buttonState=0, metaState=0, flags=0x0, edgeFlags=0x0, pointerCount=1, historySize=0, eventTime=218766, downTime=218757, deviceId=0, source=0x1002 }
D/InputEventConsistencyVerifier(  422):   3: sent at 218758000000, MotionEvent { action=ACTION_DOWN, id[0]=0, x[0]=396.0, y[0]=22.0, toolType[0]=TOOL_TYPE_UNKNOWN, buttonState=0, metaState=0, flags=0x80000000, edgeFlags=0x0, pointerCount=1, historySize=0, eventTime=218758, downTime=218757, deviceId=0, source=0x1002 }
D/InputEventConsistencyVerifier(  422):   4: sent at 218487000000, MotionEvent { action=ACTION_DOWN, id[0]=0, x[0]=188.0, y[0]=386.0, toolType[0]=TOOL_TYPE_UNKNOWN, buttonState=0, metaState=0, flags=0x80000000, edgeFlags=0x0, pointerCount=1, historySize=0, eventTime=218487, downTime=218487, deviceId=0, source=0x1002 }
D/InputEventConsistencyVerifier(  422):   5: sent at 218424000000, MotionEvent { action=ACTION_DOWN, id[0]=0, x[0]=459.0, y[0]=550.0, toolType[0]=TOOL_TYPE_UNKNOWN, buttonState=0, metaState=0, flags=0x80000000, edgeFlags=0x0, pointerCount=1, historySize=0, eventTime=218424, downTime=218423, deviceId=0, source=0x1002 }
W/InputMethodManagerService(  230): Window already focused, ignoring focus gain of: com.android.internal.view.IInputMethodClient$Stub$Proxy@b4115b48 attribute=null
D/InputEventConsistencyVerifier(  422): KeyEvent: ACTION_UP but key was not down.
D/InputEventConsistencyVerifier(  422):   in com.android.systemui.statusbar.phone.StatusBarWindowView@b3e02290
D/InputEventConsistencyVerifier(  422):   0: sent at 219371000000, KeyEvent { action=ACTION_UP, keyCode=KEYCODE_DPAD_LEFT, scanCode=0, metaState=0, flags=0x400, repeatCount=0, eventTime=219371, downTime=219371, deviceId=-1, source=0x101 }
D/InputEventConsistencyVerifier(  422):   -- recent events --
D/InputEventConsistencyVerifier(  422):   1: sent at 219285000000, (unhandled) MotionEvent { action=ACTION_MOVE, id[0]=0, x[0]=-2.0, y[0]=1.0, toolType[0]=TOOL_TYPE_UNKNOWN, buttonState=0, metaState=0, flags=0x0, edgeFlags=0x0, pointerCount=1, historySize=7, eventTime=219285, downTime=-1, deviceId=0, source=0x10004 }
D/InputEventConsistencyVerifier(  422):   2: sent at 219305000000, MotionEvent { action=ACTION_UP, id[0]=0, x[0]=86.0, y[0]=202.0, toolType[0]=TOOL_TYPE_UNKNOWN, buttonState=0, metaState=0, flags=0x0, edgeFlags=0x0, pointerCount=1, historySize=0, eventTime=219305, downTime=219289, deviceId=0, source=0x1002 }
D/InputEventConsistencyVerifier(  422):   3: sent at 219300000000, MotionEvent { action=ACTION_DOWN, id[0]=0, x[0]=87.0, y[0]=201.0, toolType[0]=TOOL_TYPE_UNKNOWN, buttonState=0, metaState=0, flags=0x0, edgeFlags=0x0, pointerCount=1, historySize=0, eventTime=219300, downTime=219289, deviceId=0, source=0x1002 }
D/InputEventConsistencyVerifier(  422):   4: sent at 219275000000, (unhandled) KeyEvent { action=ACTION_UP, keyCode=KEYCODE_DPAD_UP, scanCode=0, metaState=0, flags=0x400, repeatCount=0, eventTime=219275, downTime=219275, deviceId=-1, source=0x101 }
D/InputEventConsistencyVerifier(  422):   5: sent at 219275000000, (unhandled) KeyEvent { action=ACTION_DOWN, keyCode=KEYCODE_DPAD_UP, scanCode=0, metaState=0, flags=0x400, repeatCount=0, eventTime=219275, downTime=219275, deviceId=-1, source=0x101 }
V/PhoneStatusBar(  422): setLightsOn(true)
D/PhoneStatusBar(  422): disable: < expand icons alerts ticker* system_info back home recent clock >
D/InputEventConsistencyVerifier(  422): TouchEvent: ACTION_DOWN but pointers are already down.  Probably missing ACTION_UP from previous gesture.
D/InputEventConsistencyVerifier(  422):   in android.view.ScaleGestureDetector@b3ea08f8
D/InputEventConsistencyVerifier(  422):   0: sent at 219835000000, MotionEvent { action=ACTION_DOWN, id[0]=0, x[0]=266.0, y[0]=26.0, toolType[0]=TOOL_TYPE_UNKNOWN, buttonState=0, metaState=0, flags=0x0, edgeFlags=0x0, pointerCount=1, historySize=0, eventTime=219835, downTime=219835, deviceId=0, source=0x1002 }
D/InputEventConsistencyVerifier(  422):   -- recent events --
D/InputEventConsistencyVerifier(  422):   1: sent at 219300000000, MotionEvent { action=ACTION_DOWN, id[0]=0, x[0]=87.0, y[0]=201.0, toolType[0]=TOOL_TYPE_UNKNOWN, buttonState=0, metaState=0, flags=0x80000000, edgeFlags=0x0, pointerCount=1, historySize=0, eventTime=219300, downTime=219289, deviceId=0, source=0x1002 }
D/InputEventConsistencyVerifier(  422):   2: sent at 219090000000, MotionEvent { action=ACTION_DOWN, id[0]=0, x[0]=227.0, y[0]=649.0, toolType[0]=TOOL_TYPE_UNKNOWN, buttonState=0, metaState=0, flags=0x0, edgeFlags=0x0, pointerCount=1, historySize=0, eventTime=219090, downTime=219087, deviceId=0, source=0x1002 }
D/InputEventConsistencyVerifier(  422):   3: sent at 218766000000, MotionEvent { action=ACTION_UP, id[0]=0, x[0]=401.0, y[0]=37.0, toolType[0]=TOOL_TYPE_UNKNOWN, buttonState=0, metaState=0, flags=0x0, edgeFlags=0x0, pointerCount=1, historySize=0, eventTime=218766, downTime=218757, deviceId=0, source=0x1002 }
D/InputEventConsistencyVerifier(  422):   4: sent at 218758000000, MotionEvent { action=ACTION_DOWN, id[0]=0, x[0]=396.0, y[0]=22.0, toolType[0]=TOOL_TYPE_UNKNOWN, buttonState=0, metaState=0, flags=0x80000000, edgeFlags=0x0, pointerCount=1, historySize=0, eventTime=218758, downTime=218757, deviceId=0, source=0x1002 }
D/InputEventConsistencyVerifier(  422):   5: sent at 218487000000, MotionEvent { action=ACTION_DOWN, id[0]=0, x[0]=188.0, y[0]=386.0, toolType[0]=TOOL_TYPE_UNKNOWN, buttonState=0, metaState=0, flags=0x80000000, edgeFlags=0x0, pointerCount=1, historySize=0, eventTime=218487, downTime=218487, deviceId=0, source=0x1002 }
W/dalvikvm(  422): DroidBox: { "FdAccess": { "path": "2f70726f632f6d656d696e666f", "id": "100815060" } }
W/DroidBox(  422): DroidBox: { "FileRW": { "operation": "read", "data": "4d656d546f74616c3a202020202020202020373438393634206b420a4d656d467265653a20202020202020202020343436353136206b420a427566666572733a20202020202020202020202035343838206b420a4361636865643a202020202020202020", "id": "100815060" } }
W/DroidBox( 1056): DroidBox: { "ServiceStart": { "name": "com.android.music.MediaPlaybackService" } }
W/DroidBox( 1056): DroidBox: { "ServiceStart": { "name": "com.android.music.MediaPlaybackService" } }
I/Choreographer(  422): Skipped 74 frames!  The application may be doing too much work on its main thread.
D/InputEventConsistencyVerifier(  422): KeyEvent: ACTION_UP but key was not down.
D/InputEventConsistencyVerifier(  422):   in com.android.systemui.statusbar.phone.StatusBarWindowView@b3e02290
D/InputEventConsistencyVerifier(  422):   0: sent at 220091000000, KeyEvent { action=ACTION_UP, keyCode=KEYCODE_DPAD_DOWN, scanCode=0, metaState=0, flags=0x8, repeatCount=0, eventTime=220091, downTime=220091, deviceId=-1, source=0x101 }
D/InputEventConsistencyVerifier(  422):   -- recent events --
D/InputEventConsistencyVerifier(  422):   1: sent at 219993000000, MotionEvent { action=ACTION_UP, id[0]=0, x[0]=421.0, y[0]=279.0, toolType[0]=TOOL_TYPE_UNKNOWN, buttonState=0, metaState=0, flags=0x0, edgeFlags=0x0, pointerCount=1, historySize=0, eventTime=219993, downTime=219988, deviceId=0, source=0x1002 }
D/InputEventConsistencyVerifier(  422):   2: sent at 219988000000, MotionEvent { action=ACTION_DOWN, id[0]=0, x[0]=421.0, y[0]=290.0, toolType[0]=TOOL_TYPE_UNKNOWN, buttonState=0, metaState=0, flags=0x0, edgeFlags=0x0, pointerCount=1, historySize=0, eventTime=219988, downTime=219988, deviceId=0, source=0x1002 }
D/InputEventConsistencyVerifier(  422):   3: sent at 219904000000, (unhandled) KeyEvent { action=ACTION_UP, keyCode=KEYCODE_MEDIA_PLAY_PAUSE, scanCode=0, metaState=0, flags=0x8, repeatCount=0, eventTime=219904, downTime=219904, deviceId=-1, source=0x101 }
D/InputEventConsistencyVerifier(  422):   4: sent at 219853000000, (unhandled) KeyEvent { action=ACTION_DOWN, keyCode=KEYCODE_MEDIA_PLAY_PAUSE, scanCode=0, metaState=0, flags=0x8, repeatCount=0, eventTime=219853, downTime=219853, deviceId=-1, source=0x101 }
D/InputEventConsistencyVerifier(  422):   5: sent at 219848000000, MotionEvent { action=ACTION_UP, id[0]=0, x[0]=259.0, y[0]=24.0, toolType[0]=TOOL_TYPE_UNKNOWN, buttonState=0, metaState=0, flags=0x0, edgeFlags=0x0, pointerCount=1, historySize=0, eventTime=219848, downTime=219835, deviceId=0, source=0x1002 }
I/AudioService(  230):  AudioFocus  requestAudioFocus() from android.media.AudioManager@b3de1d60com.android.music.MediaPlaybackService$3@b3de0598
W/dalvikvm(  422): DroidBox: { "FdAccess": { "path": "2f70726f632f6d656d696e666f", "id": "477026724" } }
W/DroidBox(  422): DroidBox: { "FileRW": { "operation": "read", "data": "4d656d546f74616c3a202020202020202020373438393634206b420a4d656d467265653a20202020202020202020343436353136206b420a427566666572733a20202020202020202020202035343838206b420a4361636865643a202020202020202020", "id": "477026724" } }
I/AudioService(  230):   Remote Control   registerMediaButtonIntent() for PendingIntent{b3dbaa28: PendingIntentRecord{b421fc30 com.android.music broadcastIntent}}
D/InputEventConsistencyVerifier(  422): TouchEvent: ACTION_DOWN but pointers are already down.  Probably missing ACTION_UP from previous gesture.
D/InputEventConsistencyVerifier(  422):   in android.view.ScaleGestureDetector@b3ea08f8
D/InputEventConsistencyVerifier(  422):   0: sent at 220483000000, MotionEvent { action=ACTION_DOWN, id[0]=0, x[0]=222.0, y[0]=616.0, toolType[0]=TOOL_TYPE_UNKNOWN, buttonState=0, metaState=0, flags=0x0, edgeFlags=0x0, pointerCount=1, historySize=0, eventTime=220483, downTime=220482, deviceId=0, source=0x1002 }
D/InputEventConsistencyVerifier(  422):   -- recent events --
D/InputEventConsistencyVerifier(  422):   1: sent at 219988000000, MotionEvent { action=ACTION_DOWN, id[0]=0, x[0]=421.0, y[0]=290.0, toolType[0]=TOOL_TYPE_UNKNOWN, buttonState=0, metaState=0, flags=0x0, edgeFlags=0x0, pointerCount=1, historySize=0, eventTime=219988, downTime=219988, deviceId=0, source=0x1002 }
D/InputEventConsistencyVerifier(  422):   2: sent at 219848000000, MotionEvent { action=ACTION_UP, id[0]=0, x[0]=259.0, y[0]=24.0, toolType[0]=TOOL_TYPE_UNKNOWN, buttonState=0, metaState=0, flags=0x0, edgeFlags=0x0, pointerCount=1, historySize=0, eventTime=219848, downTime=219835, deviceId=0, source=0x1002 }
D/InputEventConsistencyVerifier(  422):   3: sent at 219835000000, MotionEvent { action=ACTION_DOWN, id[0]=0, x[0]=266.0, y[0]=26.0, toolType[0]=TOOL_TYPE_UNKNOWN, buttonState=0, metaState=0, flags=0x80000000, edgeFlags=0x0, pointerCount=1, historySize=0, eventTime=219835, downTime=219835, deviceId=0, source=0x1002 }
D/InputEventConsistencyVerifier(  422):   4: sent at 219300000000, MotionEvent { action=ACTION_DOWN, id[0]=0, x[0]=87.0, y[0]=201.0, toolType[0]=TOOL_TYPE_UNKNOWN, buttonState=0, metaState=0, flags=0x80000000, edgeFlags=0x0, pointerCount=1, historySize=0, eventTime=219300, downTime=219289, deviceId=0, source=0x1002 }
D/InputEventConsistencyVerifier(  422):   5: sent at 219090000000, MotionEvent { action=ACTION_DOWN, id[0]=0, x[0]=227.0, y[0]=649.0, toolType[0]=TOOL_TYPE_UNKNOWN, buttonState=0, metaState=0, flags=0x0, edgeFlags=0x0, pointerCount=1, historySize=0, eventTime=219090, downTime=219087, deviceId=0, source=0x1002 }
D/PhoneStatusBar(  422): disable: < expand icons alerts TICKER* system_info back home recent clock >
V/PhoneStatusBar(  422): setLightsOn(true)
I/Choreographer(  422): Skipped 41 frames!  The application may be doing too much work on its main thread.
W/dalvikvm(  422): DroidBox: { "FdAccess": { "path": "2f70726f632f6d656d696e666f", "id": "1006775203" } }
W/DroidBox(  422): DroidBox: { "FileRW": { "operation": "read", "data": "4d656d546f74616c3a202020202020202020373438393634206b420a4d656d467265653a20202020202020202020343435313532206b420a427566666572733a20202020202020202020202035343838206b420a4361636865643a202020202020202020", "id": "1006775203" } }
D/InputEventConsistencyVerifier(  422): TouchEvent: ACTION_DOWN but pointers are already down.  Probably missing ACTION_UP from previous gesture.
D/InputEventConsistencyVerifier(  422):   in android.view.ScaleGestureDetector@b3ea08f8
D/InputEventConsistencyVerifier(  422):   0: sent at 220534000000, MotionEvent { action=ACTION_DOWN, id[0]=0, x[0]=33.0, y[0]=368.0, toolType[0]=TOOL_TYPE_UNKNOWN, buttonState=0, metaState=0, flags=0x0, edgeFlags=0x0, pointerCount=1, historySize=0, eventTime=220534, downTime=220532, deviceId=0, source=0x1002 }
D/InputEventConsistencyVerifier(  422):   -- recent events --
D/InputEventConsistencyVerifier(  422):   1: sent at 220483000000, MotionEvent { action=ACTION_DOWN, id[0]=0, x[0]=222.0, y[0]=616.0, toolType[0]=TOOL_TYPE_UNKNOWN, buttonState=0, metaState=0, flags=0x80000000, edgeFlags=0x0, pointerCount=1, historySize=0, eventTime=220483, downTime=220482, deviceId=0, source=0x1002 }
D/InputEventConsistencyVerifier(  422):   2: sent at 219988000000, MotionEvent { action=ACTION_DOWN, id[0]=0, x[0]=421.0, y[0]=290.0, toolType[0]=TOOL_TYPE_UNKNOWN, buttonState=0, metaState=0, flags=0x0, edgeFlags=0x0, pointerCount=1, historySize=0, eventTime=219988, downTime=219988, deviceId=0, source=0x1002 }
D/InputEventConsistencyVerifier(  422):   3: sent at 219848000000, MotionEvent { action=ACTION_UP, id[0]=0, x[0]=259.0, y[0]=24.0, toolType[0]=TOOL_TYPE_UNKNOWN, buttonState=0, metaState=0, flags=0x0, edgeFlags=0x0, pointerCount=1, historySize=0, eventTime=219848, downTime=219835, deviceId=0, source=0x1002 }
D/InputEventConsistencyVerifier(  422):   4: sent at 219835000000, MotionEvent { action=ACTION_DOWN, id[0]=0, x[0]=266.0, y[0]=26.0, toolType[0]=TOOL_TYPE_UNKNOWN, buttonState=0, metaState=0, flags=0x80000000, edgeFlags=0x0, pointerCount=1, historySize=0, eventTime=219835, downTime=219835, deviceId=0, source=0x1002 }
D/InputEventConsistencyVerifier(  422):   5: sent at 219300000000, MotionEvent { action=ACTION_DOWN, id[0]=0, x[0]=87.0, y[0]=201.0, toolType[0]=TOOL_TYPE_UNKNOWN, buttonState=0, metaState=0, flags=0x80000000, edgeFlags=0x0, pointerCount=1, historySize=0, eventTime=219300, downTime=219289, deviceId=0, source=0x1002 }
D/InputEventConsistencyVerifier(  422): TouchEvent: ACTION_DOWN but pointers are already down.  Probably missing ACTION_UP from previous gesture.
D/InputEventConsistencyVerifier(  422):   in android.view.ScaleGestureDetector@b3ea08f8
D/InputEventConsistencyVerifier(  422):   0: sent at 220714000000, MotionEvent { action=ACTION_DOWN, id[0]=0, x[0]=184.0, y[0]=333.0, toolType[0]=TOOL_TYPE_UNKNOWN, buttonState=0, metaState=0, flags=0x0, edgeFlags=0x0, pointerCount=1, historySize=0, eventTime=220714, downTime=220712, deviceId=0, source=0x1002 }
D/InputEventConsistencyVerifier(  422):   -- recent events --
D/InputEventConsistencyVerifier(  422):   1: sent at 220534000000, MotionEvent { action=ACTION_DOWN, id[0]=0, x[0]=33.0, y[0]=368.0, toolType[0]=TOOL_TYPE_UNKNOWN, buttonState=0, metaState=0, flags=0x80000000, edgeFlags=0x0, pointerCount=1, historySize=0, eventTime=220534, downTime=220532, deviceId=0, source=0x1002 }
D/InputEventConsistencyVerifier(  422):   2: sent at 220483000000, MotionEvent { action=ACTION_DOWN, id[0]=0, x[0]=222.0, y[0]=616.0, toolType[0]=TOOL_TYPE_UNKNOWN, buttonState=0, metaState=0, flags=0x80000000, edgeFlags=0x0, pointerCount=1, historySize=0, eventTime=220483, downTime=220482, deviceId=0, source=0x1002 }
D/InputEventConsistencyVerifier(  422):   3: sent at 219988000000, MotionEvent { action=ACTION_DOWN, id[0]=0, x[0]=421.0, y[0]=290.0, toolType[0]=TOOL_TYPE_UNKNOWN, buttonState=0, metaState=0, flags=0x0, edgeFlags=0x0, pointerCount=1, historySize=0, eventTime=219988, downTime=219988, deviceId=0, source=0x1002 }
D/InputEventConsistencyVerifier(  422):   4: sent at 219848000000, MotionEvent { action=ACTION_UP, id[0]=0, x[0]=259.0, y[0]=24.0, toolType[0]=TOOL_TYPE_UNKNOWN, buttonState=0, metaState=0, flags=0x0, edgeFlags=0x0, pointerCount=1, historySize=0, eventTime=219848, downTime=219835, deviceId=0, source=0x1002 }
D/InputEventConsistencyVerifier(  422):   5: sent at 219835000000, MotionEvent { action=ACTION_DOWN, id[0]=0, x[0]=266.0, y[0]=26.0, toolType[0]=TOOL_TYPE_UNKNOWN, buttonState=0, metaState=0, flags=0x80000000, edgeFlags=0x0, pointerCount=1, historySize=0, eventTime=219835, downTime=219835, deviceId=0, source=0x1002 }
D/InputEventConsistencyVerifier(  422): TouchEvent: ACTION_DOWN but pointers are already down.  Probably missing ACTION_UP from previous gesture.
D/InputEventConsistencyVerifier(  422):   in android.view.ScaleGestureDetector@b3ea08f8
D/InputEventConsistencyVerifier(  422):   0: sent at 220775000000, MotionEvent { action=ACTION_DOWN, id[0]=0, x[0]=137.0, y[0]=326.0, toolType[0]=TOOL_TYPE_UNKNOWN, buttonState=0, metaState=0, flags=0x0, edgeFlags=0x0, pointerCount=1, historySize=0, eventTime=220775, downTime=220774, deviceId=0, source=0x1002 }
D/InputEventConsistencyVerifier(  422):   -- recent events --
D/InputEventConsistencyVerifier(  422):   1: sent at 220714000000, MotionEvent { action=ACTION_DOWN, id[0]=0, x[0]=184.0, y[0]=333.0, toolType[0]=TOOL_TYPE_UNKNOWN, buttonState=0, metaState=0, flags=0x80000000, edgeFlags=0x0, pointerCount=1, historySize=0, eventTime=220714, downTime=220712, deviceId=0, source=0x1002 }
D/InputEventConsistencyVerifier(  422):   2: sent at 220534000000, MotionEvent { action=ACTION_DOWN, id[0]=0, x[0]=33.0, y[0]=368.0, toolType[0]=TOOL_TYPE_UNKNOWN, buttonState=0, metaState=0, flags=0x80000000, edgeFlags=0x0, pointerCount=1, historySize=0, eventTime=220534, downTime=220532, deviceId=0, source=0x1002 }
D/InputEventConsistencyVerifier(  422):   3: sent at 220483000000, MotionEvent { action=ACTION_DOWN, id[0]=0, x[0]=222.0, y[0]=616.0, toolType[0]=TOOL_TYPE_UNKNOWN, buttonState=0, metaState=0, flags=0x80000000, edgeFlags=0x0, pointerCount=1, historySize=0, eventTime=220483, downTime=220482, deviceId=0, source=0x1002 }
D/InputEventConsistencyVerifier(  422):   4: sent at 219988000000, MotionEvent { action=ACTION_DOWN, id[0]=0, x[0]=421.0, y[0]=290.0, toolType[0]=TOOL_TYPE_UNKNOWN, buttonState=0, metaState=0, flags=0x0, edgeFlags=0x0, pointerCount=1, historySize=0, eventTime=219988, downTime=219988, deviceId=0, source=0x1002 }
D/InputEventConsistencyVerifier(  422):   5: sent at 219848000000, MotionEvent { action=ACTION_UP, id[0]=0, x[0]=259.0, y[0]=24.0, toolType[0]=TOOL_TYPE_UNKNOWN, buttonState=0, metaState=0, flags=0x0, edgeFlags=0x0, pointerCount=1, historySize=0, eventTime=219848, downTime=219835, deviceId=0, source=0x1002 }
D/InputEventConsistencyVerifier(  422): KeyEvent: ACTION_UP but key was not down.
D/InputEventConsistencyVerifier(  422):   in com.android.systemui.statusbar.phone.StatusBarWindowView@b3e02290
D/InputEventConsistencyVerifier(  422):   0: sent at 220980000000, KeyEvent { action=ACTION_UP, keyCode=KEYCODE_DPAD_UP, scanCode=0, metaState=0, flags=0x8, repeatCount=0, eventTime=220980, downTime=220980, deviceId=-1, source=0x101 }
D/InputEventConsistencyVerifier(  422):   -- recent events --
D/InputEventConsistencyVerifier(  422):   1: sent at 220796000000, MotionEvent { action=ACTION_UP, id[0]=0, x[0]=128.0, y[0]=341.0, toolType[0]=TOOL_TYPE_UNKNOWN, buttonState=0, metaState=0, flags=0x0, edgeFlags=0x0, pointerCount=1, historySize=0, eventTime=220796, downTime=220774, deviceId=0, source=0x1002 }
D/InputEventConsistencyVerifier(  422):   2: sent at 220775000000, MotionEvent { action=ACTION_DOWN, id[0]=0, x[0]=137.0, y[0]=326.0, toolType[0]=TOOL_TYPE_UNKNOWN, buttonState=0, metaState=0, flags=0x0, edgeFlags=0x0, pointerCount=1, historySize=0, eventTime=220775, downTime=220774, deviceId=0, source=0x1002 }
D/InputEventConsistencyVerifier(  422):   3: sent at 220721000000, MotionEvent { action=ACTION_UP, id[0]=0, x[0]=209.0, y[0]=358.0, toolType[0]=TOOL_TYPE_UNKNOWN, buttonState=0, metaState=0, flags=0x0, edgeFlags=0x0, pointerCount=1, historySize=0, eventTime=220721, downTime=220712, deviceId=0, source=0x1002 }
D/InputEventConsistencyVerifier(  422):   4: sent at 220719000000, MotionEvent { action=ACTION_MOVE, id[0]=0, x[0]=194.0, y[0]=355.0, toolType[0]=TOOL_TYPE_UNKNOWN, buttonState=0, metaState=0, flags=0x0, edgeFlags=0x0, pointerCount=1, historySize=0, eventTime=220719, downTime=220712, deviceId=0, source=0x1002 }
D/InputEventConsistencyVerifier(  422):   5: sent at 220714000000, MotionEvent { action=ACTION_DOWN, id[0]=0, x[0]=184.0, y[0]=333.0, toolType[0]=TOOL_TYPE_UNKNOWN, buttonState=0, metaState=0, flags=0x0, edgeFlags=0x0, pointerCount=1, historySize=0, eventTime=220714, downTime=220712, deviceId=0, source=0x1002 }
I/Choreographer(  422): Skipped 91 frames!  The application may be doing too much work on its main thread.
D/InputEventConsistencyVerifier( 1015): KeyEvent: ACTION_UP but key was not down.
D/InputEventConsistencyVerifier( 1015):   in android.view.ViewRootImpl@b4053760
D/InputEventConsistencyVerifier( 1015):   0: sent at 221071000000, KeyEvent { action=ACTION_UP, keyCode=KEYCODE_DPAD_RIGHT, scanCode=0, metaState=0, flags=0x8, repeatCount=0, eventTime=221071, downTime=221071, deviceId=-1, source=0x101 }
V/PhoneStatusBar(  422): setLightsOn(true)
D/PhoneStatusBar(  422): disable: < expand icons alerts ticker* system_info back home recent clock >
D/InputEventConsistencyVerifier( 1015): TrackballEvent: Trackball is down but pressure is not greater than 0.
D/InputEventConsistencyVerifier( 1015):   in android.view.ViewRootImpl@b4053760
D/InputEventConsistencyVerifier( 1015):   0: sent at 221250000000, MotionEvent { action=ACTION_DOWN, id[0]=0, x[0]=0.0, y[0]=0.0, toolType[0]=TOOL_TYPE_UNKNOWN, buttonState=0, metaState=0, flags=0x0, edgeFlags=0x0, pointerCount=1, historySize=0, eventTime=221250, downTime=221100, deviceId=0, source=0x10004 }
D/InputEventConsistencyVerifier( 1015):   -- recent events --
D/InputEventConsistencyVerifier( 1015):   1: sent at 221266000000, KeyEvent { action=ACTION_UP, keyCode=KEYCODE_DPAD_DOWN, scanCode=0, metaState=0, flags=0x400, repeatCount=0, eventTime=221266, downTime=221266, deviceId=-1, source=0x101 }
D/InputEventConsistencyVerifier( 1015):   2: sent at 221266000000, KeyEvent { action=ACTION_DOWN, keyCode=KEYCODE_DPAD_DOWN, scanCode=0, metaState=0, flags=0x400, repeatCount=0, eventTime=221266, downTime=221266, deviceId=-1, source=0x101 }
D/InputEventConsistencyVerifier( 1015):   3: sent at 221265000000, KeyEvent { action=ACTION_UP, keyCode=KEYCODE_DPAD_DOWN, scanCode=0, metaState=0, flags=0x400, repeatCount=0, eventTime=221265, downTime=221265, deviceId=-1, source=0x101 }
D/InputEventConsistencyVerifier( 1015):   4: sent at 221265000000, KeyEvent { action=ACTION_DOWN, keyCode=KEYCODE_DPAD_DOWN, scanCode=0, metaState=0, flags=0x400, repeatCount=0, eventTime=221265, downTime=221265, deviceId=-1, source=0x101 }
D/InputEventConsistencyVerifier( 1015):   5: sent at 221264000000, KeyEvent { action=ACTION_UP, keyCode=KEYCODE_DPAD_DOWN, scanCode=0, metaState=0, flags=0x400, repeatCount=0, eventTime=221264, downTime=221264, deviceId=-1, source=0x101 }
W/InputMethodManagerService(  230): Window already focused, ignoring focus gain of: com.android.internal.view.IInputMethodClient$Stub$Proxy@b4072690 attribute=null
D/InputEventConsistencyVerifier( 1015): KeyEvent: ACTION_UP but key was not down.
D/InputEventConsistencyVerifier( 1015):   in android.view.ViewRootImpl@b405ceb0
D/InputEventConsistencyVerifier( 1015):   0: sent at 221329000000, KeyEvent { action=ACTION_UP, keyCode=KEYCODE_MENU, scanCode=0, metaState=0, flags=0x8, repeatCount=0, eventTime=221329, downTime=221329, deviceId=-1, source=0x101 }
D/InputEventConsistencyVerifier( 1015):   -- recent events --
D/InputEventConsistencyVerifier( 1015):   1: sent at 219792000000, KeyEvent { action=ACTION_UP, keyCode=KEYCODE_MENU, scanCode=0, metaState=0, flags=0x8, repeatCount=0, eventTime=219792, downTime=219792, deviceId=-1, source=0x101 }
D/InputEventConsistencyVerifier( 1015):   2: sent at 219776000000, KeyEvent { action=ACTION_DOWN, keyCode=KEYCODE_MENU, scanCode=0, metaState=0, flags=0x8, repeatCount=0, eventTime=219776, downTime=219776, deviceId=-1, source=0x101 }
D/InputEventConsistencyVerifier( 1015):   3: sent at 219772000000, KeyEvent { action=ACTION_UP, keyCode=KEYCODE_DPAD_DOWN, scanCode=0, metaState=0, flags=0x8, repeatCount=0, eventTime=219772, downTime=219772, deviceId=-1, source=0x101 }
D/InputEventConsistencyVerifier( 1015):   4: sent at 219735000000, KeyEvent { action=ACTION_DOWN, keyCode=KEYCODE_DPAD_DOWN, scanCode=0, metaState=0, flags=0x8, repeatCount=0, eventTime=219735, downTime=219735, deviceId=-1, source=0x101 }
D/InputEventConsistencyVerifier( 1015):   5: sent at 219716000000, KeyEvent { action=ACTION_UP, keyCode=KEYCODE_DPAD_DOWN, scanCode=0, metaState=0, flags=0x8, repeatCount=0, eventTime=219716, downTime=219716, deviceId=-1, source=0x101 }
I/Choreographer( 1015): Skipped 93 frames!  The application may be doing too much work on its main thread.
D/InputEventConsistencyVerifier(  422): TouchEvent: ACTION_DOWN but pointers are already down.  Probably missing ACTION_UP from previous gesture.
D/InputEventConsistencyVerifier(  422):   in android.view.ScaleGestureDetector@b3ea08f8
D/InputEventConsistencyVerifier(  422):   0: sent at 222255000000, MotionEvent { action=ACTION_DOWN, id[0]=0, x[0]=72.0, y[0]=27.0, toolType[0]=TOOL_TYPE_UNKNOWN, buttonState=0, metaState=0, flags=0x0, edgeFlags=0x0, pointerCount=1, historySize=0, eventTime=222255, downTime=222255, deviceId=0, source=0x1002 }
D/InputEventConsistencyVerifier(  422):   -- recent events --
D/InputEventConsistencyVerifier(  422):   1: sent at 220775000000, MotionEvent { action=ACTION_DOWN, id[0]=0, x[0]=137.0, y[0]=326.0, toolType[0]=TOOL_TYPE_UNKNOWN, buttonState=0, metaState=0, flags=0x80000000, edgeFlags=0x0, pointerCount=1, historySize=0, eventTime=220775, downTime=220774, deviceId=0, source=0x1002 }
D/InputEventConsistencyVerifier(  422):   2: sent at 220714000000, MotionEvent { action=ACTION_DOWN, id[0]=0, x[0]=184.0, y[0]=333.0, toolType[0]=TOOL_TYPE_UNKNOWN, buttonState=0, metaState=0, flags=0x80000000, edgeFlags=0x0, pointerCount=1, historySize=0, eventTime=220714, downTime=220712, deviceId=0, source=0x1002 }
D/InputEventConsistencyVerifier(  422):   3: sent at 220534000000, MotionEvent { action=ACTION_DOWN, id[0]=0, x[0]=33.0, y[0]=368.0, toolType[0]=TOOL_TYPE_UNKNOWN, buttonState=0, metaState=0, flags=0x80000000, edgeFlags=0x0, pointerCount=1, historySize=0, eventTime=220534, downTime=220532, deviceId=0, source=0x1002 }
D/InputEventConsistencyVerifier(  422):   4: sent at 220483000000, MotionEvent { action=ACTION_DOWN, id[0]=0, x[0]=222.0, y[0]=616.0, toolType[0]=TOOL_TYPE_UNKNOWN, buttonState=0, metaState=0, flags=0x80000000, edgeFlags=0x0, pointerCount=1, historySize=0, eventTime=220483, downTime=220482, deviceId=0, source=0x1002 }
D/InputEventConsistencyVerifier(  422):   5: sent at 219988000000, MotionEvent { action=ACTION_DOWN, id[0]=0, x[0]=421.0, y[0]=290.0, toolType[0]=TOOL_TYPE_UNKNOWN, buttonState=0, metaState=0, flags=0x0, edgeFlags=0x0, pointerCount=1, historySize=0, eventTime=219988, downTime=219988, deviceId=0, source=0x1002 }
D/InputEventConsistencyVerifier(  422): KeyEvent: ACTION_UP but key was not down.
D/InputEventConsistencyVerifier(  422):   in com.android.systemui.statusbar.phone.StatusBarWindowView@b3e02290
D/InputEventConsistencyVerifier(  422):   0: sent at 222332000000, KeyEvent { action=ACTION_UP, keyCode=KEYCODE_DPAD_LEFT, scanCode=0, metaState=0, flags=0x8, repeatCount=0, eventTime=222332, downTime=222332, deviceId=-1, source=0x101 }
D/InputEventConsistencyVerifier(  422):   -- recent events --
D/InputEventConsistencyVerifier(  422):   1: sent at 222291000000, MotionEvent { action=ACTION_UP, id[0]=0, x[0]=81.0, y[0]=10.0, toolType[0]=TOOL_TYPE_UNKNOWN, buttonState=0, metaState=0, flags=0x0, edgeFlags=0x0, pointerCount=1, historySize=0, eventTime=222291, downTime=222255, deviceId=0, source=0x1002 }
D/InputEventConsistencyVerifier(  422):   2: sent at 222255000000, MotionEvent { action=ACTION_DOWN, id[0]=0, x[0]=72.0, y[0]=27.0, toolType[0]=TOOL_TYPE_UNKNOWN, buttonState=0, metaState=0, flags=0x0, edgeFlags=0x0, pointerCount=1, historySize=0, eventTime=222255, downTime=222255, deviceId=0, source=0x1002 }
D/InputEventConsistencyVerifier(  422):   3: sent at 221084000000, (unhandled) KeyEvent { action=ACTION_UP, keyCode=KEYCODE_DPAD_RIGHT, scanCode=0, metaState=0, flags=0x28, repeatCount=0, eventTime=221084, downTime=221052, deviceId=-1, source=0x101 }
D/InputEventConsistencyVerifier(  422):   4: sent at 221052000000, (unhandled) KeyEvent { action=ACTION_DOWN, keyCode=KEYCODE_DPAD_RIGHT, scanCode=0, metaState=0, flags=0x8, repeatCount=0, eventTime=221052, downTime=221052, deviceId=-1, source=0x101 }
D/InputEventConsistencyVerifier(  422):   5: sent at 221044000000, (unhandled) KeyEvent { action=ACTION_UP, keyCode=KEYCODE_DPAD_LEFT, scanCode=0, metaState=0, flags=0x8, repeatCount=0, eventTime=221044, downTime=221044, deviceId=-1, source=0x101 }
W/dalvikvm(  422): DroidBox: { "FdAccess": { "path": "2f70726f632f6d656d696e666f", "id": "1892090595" } }
W/DroidBox(  422): DroidBox: { "FileRW": { "operation": "read", "data": "4d656d546f74616c3a202020202020202020373438393634206b420a4d656d467265653a20202020202020202020343434373936206b420a427566666572733a20202020202020202020202035343936206b420a4361636865643a202020202020202020", "id": "1892090595" } }
I/Choreographer(  422): Skipped 37 frames!  The application may be doing too much work on its main thread.
W/dalvikvm(  422): DroidBox: { "FdAccess": { "path": "2f70726f632f6d656d696e666f", "id": "1142171734" } }
W/DroidBox(  422): DroidBox: { "FileRW": { "operation": "read", "data": "4d656d546f74616c3a202020202020202020373438393634206b420a4d656d467265653a20202020202020202020343434373936206b420a427566666572733a20202020202020202020202035343936206b420a4361636865643a202020202020202020", "id": "1142171734" } }
D/PhoneStatusBar(  422): disable: < expand icons alerts TICKER* system_info back home recent clock >
D/InputEventConsistencyVerifier(  422): KeyEvent: ACTION_UP but key was not down.
D/InputEventConsistencyVerifier(  422):   in com.android.systemui.statusbar.phone.StatusBarWindowView@b3e02290
D/InputEventConsistencyVerifier(  422):   0: sent at 222709000000, KeyEvent { action=ACTION_UP, keyCode=KEYCODE_DPAD_LEFT, scanCode=0, metaState=0, flags=0x8, repeatCount=0, eventTime=222709, downTime=222709, deviceId=-1, source=0x101 }
D/InputEventConsistencyVerifier(  422):   -- recent events --
D/InputEventConsistencyVerifier(  422):   1: sent at 222487000000, MotionEvent { action=ACTION_UP, id[0]=0, x[0]=448.0, y[0]=620.0, toolType[0]=TOOL_TYPE_UNKNOWN, buttonState=0, metaState=0, flags=0x0, edgeFlags=0x0, pointerCount=1, historySize=0, eventTime=222487, downTime=222460, deviceId=0, source=0x1002 }
D/InputEventConsistencyVerifier(  422):   2: sent at 222461000000, MotionEvent { action=ACTION_DOWN, id[0]=0, x[0]=437.0, y[0]=615.0, toolType[0]=TOOL_TYPE_UNKNOWN, buttonState=0, metaState=0, flags=0x0, edgeFlags=0x0, pointerCount=1, historySize=0, eventTime=222461, downTime=222460, deviceId=0, source=0x1002 }
D/InputEventConsistencyVerifier(  422):   3: sent at 222454000000, (unhandled) KeyEvent { action=ACTION_UP, keyCode=KEYCODE_DPAD_CENTER, scanCode=0, metaState=0, flags=0x8, repeatCount=0, eventTime=222454, downTime=222454, deviceId=-1, source=0x101 }
D/InputEventConsistencyVerifier(  422):   4: sent at 222417000000, (unhandled) KeyEvent { action=ACTION_DOWN, keyCode=KEYCODE_DPAD_CENTER, scanCode=0, metaState=0, flags=0x8, repeatCount=0, eventTime=222417, downTime=222417, deviceId=-1, source=0x101 }
