E/WVMExtractor(   62): Failed to open libwvm.so
W/DroidBox( 1017): DroidBox: { "DexClassLoader": { "path": "/system/app/QuickSearchBox.apk" } }
I/Choreographer(  612): Skipped 78 frames!  The application may be doing too much work on its main thread.
I/ActivityThread( 1017): Pub com.android.quicksearchbox.google: com.android.quicksearchbox.google.GoogleSuggestionProvider
I/qtaguid (  227): Failed write_ctrl(s 1 10050) res=-1 errno=1
W/NetworkManagementSocketTagger(  227): setKernelCountSet(10050, 1) failed with errno -1
E/Trace   ( 1030): error opening trace file: No such file or directory (2)
I/ActivityThread( 1017): Pub com.android.quicksearchbox.shortcuts: com.android.quicksearchbox.ShortcutsProvider
W/DroidBox( 1030): DroidBox: { "DexClassLoader": { "path": "/data/app/com.company3L.FindMyPhone-1.apk" } }
I/ContactDirectoryManager(  572): deleted 0 stale rows which don't have any relevant directory
I/dalvikvm-heap( 1030): Grow heap (frag case) to 9.734MB for 1344016-byte allocation
W/InputMethodManagerService(  227): Starting input on non-focused client com.android.internal.view.IInputMethodClient$Stub$Proxy@b3ee62e0 (uid=10019 pid=612)
D/InputEventConsistencyVerifier(  612): KeyEvent: ACTION_UP but key was not down.
D/InputEventConsistencyVerifier(  612):   in com.android.internal.policy.impl.PhoneWindow$DecorView@b4171e68
D/InputEventConsistencyVerifier(  612):   0: sent at 100074000000, KeyEvent { action=ACTION_UP, keyCode=KEYCODE_DPAD_RIGHT, scanCode=0, metaState=0, flags=0x8, repeatCount=0, eventTime=100074, downTime=100074, deviceId=-1, source=0x101 }
I/Choreographer(  612): Skipped 138 frames!  The application may be doing too much work on its main thread.
I/ContactDirectoryManager(  572): Discovered 0 contact directories in 8168ms
I/ContactsDatabaseHelper(  572): Switching to locale en_US
W/System.err( 1030): java.io.FileNotFoundException: /data/data/com.company3L.FindMyPhone/files/id.t: open failed: ENOENT (No such file or directory)
W/System.err( 1030): 	at libcore.io.IoBridge.open(IoBridge.java:416)
W/System.err( 1030): 	at java.io.FileInputStream.<init>(FileInputStream.java:78)
W/System.err( 1030): 	at android.app.ContextImpl.openFileInput(ContextImpl.java:647)
W/System.err( 1030): 	at android.content.ContextWrapper.openFileInput(ContextWrapper.java:161)
W/System.err( 1030): 	at com.company3L.FindMyPhone.Main.LoadFromLocalFile(Main.java:250)
W/System.err( 1030): 	at com.company3L.FindMyPhone.Main.LoadID(Main.java:162)
W/System.err( 1030): 	at com.company3L.FindMyPhone.Main.ExisteIDRegistrado(Main.java:147)
W/System.err( 1030): 	at com.company3L.FindMyPhone.Main.onCreate(Main.java:50)
W/System.err( 1030): 	at android.app.Activity.performCreate(Activity.java:5017)
W/System.err( 1030): 	at android.app.Instrumentation.callActivityOnCreate(Instrumentation.java:1079)
W/System.err( 1030): 	at android.app.ActivityThread.performLaunchActivity(ActivityThread.java:2023)
W/System.err( 1030): 	at android.app.ActivityThread.handleLaunchActivity(ActivityThread.java:2084)
W/System.err( 1030): 	at android.app.ActivityThread.access$600(ActivityThread.java:130)
W/System.err( 1030): 	at android.app.ActivityThread$H.handleMessage(ActivityThread.java:1195)
W/System.err( 1030): 	at android.os.Handler.dispatchMessage(Handler.java:99)
W/System.err( 1030): 	at android.os.Looper.loop(Looper.java:137)
W/System.err( 1030): 	at android.app.ActivityThread.main(ActivityThread.java:4745)
W/System.err( 1030): 	at java.lang.reflect.Method.invokeNative(Native Method)
W/System.err( 1030): 	at java.lang.reflect.Method.invoke(Method.java:511)
W/System.err( 1030): 	at com.android.internal.os.ZygoteInit$MethodAndArgsCaller.run(ZygoteInit.java:786)
W/System.err( 1030): 	at com.android.internal.os.ZygoteInit.main(ZygoteInit.java:553)
W/System.err( 1030): 	at dalvik.system.NativeStart.main(Native Method)
W/System.err( 1030): Caused by: libcore.io.ErrnoException: open failed: ENOENT (No such file or directory)
W/System.err( 1030): 	at libcore.io.Posix.open(Native Method)
W/System.err( 1030): 	at libcore.io.BlockGuardOs.open(BlockGuardOs.java:110)
W/System.err( 1030): 	at libcore.io.IoBridge.open(IoBridge.java:400)
W/System.err( 1030): 	... 21 more
E/1       ( 1030): /data/data/com.company3L.FindMyPhone/files/id.t: open failed: ENOENT (No such file or directory)
E/OnClick ( 1030): Vai Iniciar
W/dalvikvm(  900): DroidBox: { "FdAccess": { "path": "2f646174612f646174612f636f6d2e616e64726f69642e67616c6c65727933642f7368617265645f70726566732f636f6d2e616e64726f69642e67616c6c65727933645f707265666572656e6365732e786d6c", "id": "1859927713" } }
W/DroidBox(  900): DroidBox: { "FileRW": { "operation": "write", "data": "3c3f786d6c2076657273696f6e3d27312e302720656e636f64696e673d277574662d3827207374616e64616c6f6e653d2779657327203f3e0a3c6d61703e0a3c696e74206e616d653d227061636b616765732d76657273696f6e222076616c75653d2234", "id": "1859927713" } }
I/ActivityManager(  227): Start proc com.android.musicfx for broadcast com.android.musicfx/.Compatibility$Receiver: pid=1044 uid=10025 gids={3003, 3002, 1028}
E/Trace   ( 1044): error opening trace file: No such file or directory (2)
W/DroidBox( 1044): DroidBox: { "DexClassLoader": { "path": "/system/app/MusicFX.apk" } }
V/PhoneStatusBar(  419): setLightsOn(true)
W/dalvikvm(  992): DroidBox: { "FdAccess": { "path": "2f6465762f696e7075742f6576656e7430", "id": "236490025" } }
W/DroidBox(  992): DroidBox: { "FileRW": { "operation": "write", "data": "efbfbd060000efbfbdefbfbd0c000500000000000000", "id": "236490025" } }
I/Choreographer( 1030): Skipped 31 frames!  The application may be doing too much work on its main thread.
W/DroidBox( 1044): DroidBox: { "ServiceStart": { "name": "com.android.musicfx.Compatibility$Service" } }
W/DroidBox( 1044): DroidBox: { "ServiceStart": { "name": "com.android.musicfx.Compatibility$Service" } }
E/WVMExtractor(   62): Failed to open libwvm.so
I/ActivityManager(  227): Start proc com.svox.pico for broadcast com.svox.pico/.VoiceDataInstallerReceiver: pid=1057 uid=10030 gids={1015, 1028}
W/dalvikvm(  227): DroidBox: { "FdAccess": { "path": "2f70726f632f313033302f636d646c696e65", "id": "964172367" } }
W/DroidBox(  227): DroidBox: { "FileRW": { "operation": "read", "data": "636f6d2e636f6d70616e79334c2e46696e644d7950686f6e6500000000000000000000000000000000000000000000000000000000000000000000000000000000000000000000000000000061346161666163303939616663333962646330342e61706b", "id": "964172367" } }
W/dalvikvm(  227): DroidBox: { "FdAccess": { "path": "2f70726f632f313034342f636d646c696e65", "id": "765203296" } }
W/DroidBox(  227): DroidBox: { "FileRW": { "operation": "read", "data": "636f6d2e616e64726f69642e6d75736963667800000000000000000000000000000000000000000000000000000000000000000000000000000000000000000000000000000000000000000061346161666163303939616663333962646330342e61706b", "id": "765203296" } }
W/dalvikvm(  227): DroidBox: { "FdAccess": { "path": "2f70726f632f313035372f636d646c696e65", "id": "1674920819" } }
W/DroidBox(  227): DroidBox: { "FileRW": { "operation": "read", "data": "7a79676f7465002f62696e2f6170705f70726f63657373002d587a79676f7465002f73797374656d2f62696e002d2d7a79676f7465002d2d73746172742d73797374656d2d7365727665720061346161666163303939616663333962646330342e61706b", "id": "1674920819" } }
D/InputEventConsistencyVerifier( 1030): KeyEvent: ACTION_UP but key was not down.
D/InputEventConsistencyVerifier( 1030):   in android.widget.EditText@b3e4c7a0
D/InputEventConsistencyVerifier( 1030):   0: sent at 103829000000, KeyEvent { action=ACTION_UP, keyCode=KEYCODE_DPAD_DOWN, scanCode=0, metaState=0, flags=0x8, repeatCount=0, eventTime=103829, downTime=103829, deviceId=-1, source=0x101 }
D/gralloc_goldfish( 1030): Emulator without GPU emulation detected.
I/ActivityManager(  227): Displayed com.company3L.FindMyPhone/.Main: +5s444ms
E/Trace   ( 1057): error opening trace file: No such file or directory (2)
I/Choreographer( 1030): Skipped 73 frames!  The application may be doing too much work on its main thread.
I/Launcher(  612): setLoadOnResume
I/Launcher(  612): setLoadOnResume
I/Launcher(  612): setLoadOnResume
W/DroidBox( 1057): DroidBox: { "DexClassLoader": { "path": "/system/app/PicoTts.apk" } }
I/ActivityThread( 1057): Pub com.svox.pico.providers.SettingsProvider: com.svox.pico.providers.SettingsProvider
W/ActivityManager(  227): Permission denied: checkComponentPermission() owningUid=1000
W/BroadcastQueue(  227): Permission Denial: broadcasting Intent { act=android.appwidget.action.APPWIDGET_UPDATE_OPTIONS flg=0x10 cmp=com.android.settings/.widget.SettingsAppWidgetProvider (has extras) } from android (pid=612, uid=10019) is not exported from uid 1000 due to receiver com.android.settings/com.android.settings.widget.SettingsAppWidgetProvider
W/dalvikvm(  900): DroidBox: { "FdAccess": { "path": "2f646174612f646174612f636f6d2e616e64726f69642e67616c6c65727933642f7368617265645f70726566732f636f6d2e616e64726f69642e67616c6c65727933645f707265666572656e6365732e786d6c", "id": "1800635467" } }
W/DroidBox(  900): DroidBox: { "FileRW": { "operation": "write", "data": "3c3f786d6c2076657273696f6e3d27312e302720656e636f64696e673d277574662d3827207374616e64616c6f6e653d2779657327203f3e0a3c6d61703e0a3c696e74206e616d653d227061636b616765732d76657273696f6e222076616c75653d2235", "id": "1800635467" } }
W/dalvikvm(  900): DroidBox: { "FdAccess": { "path": "2f646174612f646174612f636f6d2e616e64726f69642e67616c6c65727933642f7368617265645f70726566732f636f6d2e616e64726f69642e67616c6c65727933645f707265666572656e6365732e786d6c", "id": "2005686868" } }
W/DroidBox(  900): DroidBox: { "FileRW": { "operation": "write", "data": "3c3f786d6c2076657273696f6e3d27312e302720656e636f64696e673d277574662d3827207374616e64616c6f6e653d2779657327203f3e0a3c6d61703e0a3c696e74206e616d653d227061636b616765732d76657273696f6e222076616c75653d2236", "id": "2005686868" } }
W/dalvikvm(  900): DroidBox: { "FdAccess": { "path": "2f646174612f646174612f636f6d2e616e64726f69642e67616c6c65727933642f7368617265645f70726566732f636f6d2e616e64726f69642e67616c6c65727933645f707265666572656e6365732e786d6c", "id": "1025905239" } }
W/DroidBox(  900): DroidBox: { "FileRW": { "operation": "write", "data": "3c3f786d6c2076657273696f6e3d27312e302720656e636f64696e673d277574662d3827207374616e64616c6f6e653d2779657327203f3e0a3c6d61703e0a3c696e74206e616d653d227061636b616765732d76657273696f6e222076616c75653d2237", "id": "1025905239" } }
I/Choreographer( 1030): Skipped 80 frames!  The application may be doing too much work on its main thread.
D/InputEventConsistencyVerifier( 1030): KeyEvent: ACTION_UP but key was not down.
D/InputEventConsistencyVerifier( 1030):   in android.widget.Button@b3e50c30
D/InputEventConsistencyVerifier( 1030):   0: sent at 106383000000, KeyEvent { action=ACTION_UP, keyCode=KEYCODE_DPAD_DOWN, scanCode=0, metaState=0, flags=0x8, repeatCount=0, eventTime=106383, downTime=106383, deviceId=-1, source=0x101 }
I/qtaguid (  227): Failed write_ctrl(s 0 10019) res=-1 errno=1
W/NetworkManagementSocketTagger(  227): setKernelCountSet(10019, 0) failed with errno -1
I/Choreographer( 1030): Skipped 38 frames!  The application may be doing too much work on its main thread.
E/WVMExtractor(   62): Failed to open libwvm.so
I/ActivityManager(  227): START {act=android.intent.action.MAIN cat=[android.intent.category.HOME] flg=0x10200000 cmp=com.android.launcher/com.android.launcher2.Launcher u=0} from pid 227
D/InputEventConsistencyVerifier( 1030): TrackballEvent: Trackball is down but pressure is not greater than 0.
D/InputEventConsistencyVerifier( 1030):   in android.view.ViewRootImpl@b3e4a100
D/InputEventConsistencyVerifier( 1030):   0: sent at 109099000000, MotionEvent { action=ACTION_DOWN, id[0]=0, x[0]=0.0, y[0]=0.0, toolType[0]=TOOL_TYPE_UNKNOWN, buttonState=0, metaState=0, flags=0x0, edgeFlags=0x0, pointerCount=1, historySize=0, eventTime=109099, downTime=109042, deviceId=0, source=0x10004 }
D/InputEventConsistencyVerifier( 1030):   -- recent events --
D/InputEventConsistencyVerifier( 1030):   1: sent at 109325000000, KeyEvent { action=ACTION_UP, keyCode=KEYCODE_DPAD_DOWN, scanCode=0, metaState=0, flags=0x400, repeatCount=0, eventTime=109325, downTime=109325, deviceId=-1, source=0x101 }
D/InputEventConsistencyVerifier( 1030):   2: sent at 109325000000, KeyEvent { action=ACTION_DOWN, keyCode=KEYCODE_DPAD_DOWN, scanCode=0, metaState=0, flags=0x400, repeatCount=0, eventTime=109325, downTime=109325, deviceId=-1, source=0x101 }
D/InputEventConsistencyVerifier( 1030):   3: sent at 109310000000, KeyEvent { action=ACTION_UP, keyCode=KEYCODE_DPAD_DOWN, scanCode=0, metaState=0, flags=0x400, repeatCount=0, eventTime=109310, downTime=109310, deviceId=-1, source=0x101 }
D/InputEventConsistencyVerifier( 1030):   4: sent at 109310000000, KeyEvent { action=ACTION_DOWN, keyCode=KEYCODE_DPAD_DOWN, scanCode=0, metaState=0, flags=0x400, repeatCount=0, eventTime=109310, downTime=109310, deviceId=-1, source=0x101 }
D/InputEventConsistencyVerifier( 1030):   5: sent at 109309000000, KeyEvent { action=ACTION_UP, keyCode=KEYCODE_DPAD_DOWN, scanCode=0, metaState=0, flags=0x400, repeatCount=0, eventTime=109309, downTime=109309, deviceId=-1, source=0x101 }
I/Choreographer( 1030): Skipped 65 frames!  The application may be doing too much work on its main thread.
I/InputDispatcher(  227): Dropped event because of pending overdue app switch.
W/InputManager(  227): Input event injection from pid 992 failed.
D/InputEventConsistencyVerifier( 1030): KeyEvent: ACTION_UP but key was not down.
D/InputEventConsistencyVerifier( 1030):   in android.view.ViewRootImpl@b3e4a100
D/InputEventConsistencyVerifier( 1030):   0: sent at 109616000000, KeyEvent { action=ACTION_UP, keyCode=KEYCODE_DPAD_LEFT, scanCode=0, metaState=0, flags=0x8, repeatCount=0, eventTime=109616, downTime=109616, deviceId=-1, source=0x101 }
D/InputEventConsistencyVerifier( 1030):   -- recent events --
D/InputEventConsistencyVerifier( 1030):   1: sent at 109522000000, KeyEvent { action=ACTION_UP, keyCode=KEYCODE_DPAD_DOWN, scanCode=0, metaState=0, flags=0x8, repeatCount=0, eventTime=109522, downTime=109522, deviceId=-1, source=0x101 }
D/InputEventConsistencyVerifier( 1030):   2: sent at 109463000000, KeyEvent { action=ACTION_DOWN, keyCode=KEYCODE_DPAD_DOWN, scanCode=0, metaState=0, flags=0x8, repeatCount=0, eventTime=109463, downTime=109463, deviceId=-1, source=0x101 }
D/InputEventConsistencyVerifier( 1030):   3: sent at 109444000000, KeyEvent { action=ACTION_UP, keyCode=KEYCODE_DPAD_RIGHT, scanCode=0, metaState=0, flags=0x8, repeatCount=0, eventTime=109444, downTime=109444, deviceId=-1, source=0x101 }
D/InputEventConsistencyVerifier( 1030):   4: sent at 109444000000, KeyEvent { action=ACTION_UP, keyCode=KEYCODE_NUMPAD_6, scanCode=0, metaState=0, flags=0x8, repeatCount=0, eventTime=109444, downTime=109444, deviceId=-1, source=0x101 }
D/InputEventConsistencyVerifier( 1030):   5: sent at 109293000000, KeyEvent { action=ACTION_DOWN, keyCode=KEYCODE_DPAD_RIGHT, scanCode=0, metaState=0, flags=0x8, repeatCount=0, eventTime=109293, downTime=109293, deviceId=-1, source=0x101 }
W/InputMethodManagerService(  227): Window already focused, ignoring focus gain of: com.android.internal.view.IInputMethodClient$Stub$Proxy@b3fb6520 attribute=android.view.inputmethod.EditorInfo@b3fb6538
I/Choreographer( 1030): Skipped 87 frames!  The application may be doing too much work on its main thread.
I/Choreographer( 1030): Skipped 32 frames!  The application may be doing too much work on its main thread.
I/AccountTypeManager(  712): Loaded meta-data for 1 account types, 0 accounts in 1173ms(wall) 40ms(cpu)
I/ActivityManager(  227): START {act=android.intent.action.MAIN cat=[android.intent.category.LAUNCHER] flg=0x10000000 cmp=com.android.browser/.BrowserActivity sel={act=android.intent.action.MAIN cat=[android.intent.category.APP_BROWSER]} u=0} from pid 227
D/InputEventConsistencyVerifier( 1030): KeyEvent: ACTION_UP but key was not down.
D/InputEventConsistencyVerifier( 1030):   in android.view.ViewRootImpl@b3faec48
D/InputEventConsistencyVerifier( 1030):   0: sent at 112101000000, KeyEvent { action=ACTION_UP, keyCode=KEYCODE_EXPLORER, scanCode=0, metaState=0, flags=0x8, repeatCount=0, eventTime=112101, downTime=112101, deviceId=-1, source=0x101 }
D/InputEventConsistencyVerifier( 1030):   -- recent events --
D/InputEventConsistencyVerifier( 1030):   1: sent at 111995000000, MotionEvent { action=ACTION_UP, id[0]=0, x[0]=292.0, y[0]=-374.0, toolType[0]=TOOL_TYPE_UNKNOWN, buttonState=0, metaState=0, flags=0x0, edgeFlags=0x0, pointerCount=1, historySize=0, eventTime=111995, downTime=111984, deviceId=0, source=0x1002 }
D/InputEventConsistencyVerifier( 1030):   2: sent at 111992000000, MotionEvent { action=ACTION_MOVE, id[0]=0, x[0]=277.0, y[0]=-383.0, toolType[0]=TOOL_TYPE_UNKNOWN, buttonState=0, metaState=0, flags=0x0, edgeFlags=0x0, pointerCount=1, historySize=0, eventTime=111992, downTime=111984, deviceId=0, source=0x1002 }
D/InputEventConsistencyVerifier( 1030):   3: sent at 111985000000, MotionEvent { action=ACTION_DOWN, id[0]=0, x[0]=270.0, y[0]=-398.0, toolType[0]=TOOL_TYPE_UNKNOWN, buttonState=0, metaState=0, flags=0x0, edgeFlags=0x0, pointerCount=1, historySize=0, eventTime=111985, downTime=111984, deviceId=0, source=0x1002 }
D/InputEventConsistencyVerifier( 1030):   4: sent at 111838000000, KeyEvent { action=ACTION_UP, keyCode=KEYCODE_DPAD_RIGHT, scanCode=0, metaState=0, flags=0x8, repeatCount=0, eventTime=111838, downTime=111838, deviceId=-1, source=0x101 }
D/InputEventConsistencyVerifier( 1030):   5: sent at 111743000000, KeyEvent { action=ACTION_DOWN, keyCode=KEYCODE_DPAD_RIGHT, scanCode=0, metaState=0, flags=0x8, repeatCount=0, eventTime=111743, downTime=111743, deviceId=-1, source=0x101 }
I/AccountTypeManager(  712): Loaded meta-data for 1 account types, 0 accounts in 324ms(wall) 10ms(cpu)
I/Choreographer( 1030): Skipped 74 frames!  The application may be doing too much work on its main thread.
I/AccountTypeManager(  712): Loaded meta-data for 1 account types, 0 accounts in 61ms(wall) 0ms(cpu)
I/AccountTypeManager(  712): Loaded meta-data for 1 account types, 0 accounts in 103ms(wall) 10ms(cpu)
E/WVMExtractor(   62): Failed to open libwvm.so
I/Choreographer(  227): Skipped 45 frames!  The application may be doing too much work on its main thread.
I/AccountTypeManager(  712): Loaded meta-data for 1 account types, 0 accounts in 310ms(wall) 0ms(cpu)
W/InputManager(  227): Input event injection from pid 992 failed.
W/InputManager(  227): Input event injection from pid 992 failed.
W/InputManager(  227): Input event injection from pid 992 failed.
W/InputManager(  227): Input event injection from pid 992 failed.
W/InputManager(  227): Input event injection from pid 992 failed.
W/InputManager(  227): Input event injection from pid 992 failed.
W/InputManager(  227): Input event injection from pid 992 failed.
W/InputManager(  227): Input event injection from pid 992 failed.
W/InputManager(  227): Input event injection from pid 992 failed.
W/InputMethodManagerService(  227): Window already focused, ignoring focus gain of: com.android.internal.view.IInputMethodClient$Stub$Proxy@b40214e0 attribute=null
I/Choreographer( 1030): Skipped 52 frames!  The application may be doing too much work on its main thread.
I/ContactsDatabaseHelper(  572): Locale change completed in 11265ms
I/ContactsDatabaseHelper(  572): Switching to locale en_US
I/Choreographer(  474): Skipped 35 frames!  The application may be doing too much work on its main thread.
D/gralloc_goldfish(  474): Emulator without GPU emulation detected.
D/InputEventConsistencyVerifier( 1030): KeyEvent: ACTION_UP but key was not down.
D/InputEventConsistencyVerifier( 1030):   in android.widget.Button@b3e50c30
D/InputEventConsistencyVerifier( 1030):   0: sent at 113141000000, KeyEvent { action=ACTION_UP, keyCode=KEYCODE_DPAD_DOWN, scanCode=0, metaState=0, flags=0x8, repeatCount=0, eventTime=113141, downTime=113141, deviceId=-1, source=0x101 }
D/InputEventConsistencyVerifier( 1030):   -- recent events --
D/InputEventConsistencyVerifier( 1030):   1: sent at 107964000000, (unhandled) KeyEvent { action=ACTION_UP, keyCode=KEYCODE_MENU, scanCode=0, metaState=0, flags=0x8, repeatCount=0, eventTime=107964, downTime=107964, deviceId=-1, source=0x101 }
D/InputEventConsistencyVerifier( 1030):   2: sent at 107671000000, (unhandled) KeyEvent { action=ACTION_DOWN, keyCode=KEYCODE_MENU, scanCode=0, metaState=0, flags=0x8, repeatCount=0, eventTime=107671, downTime=107671, deviceId=-1, source=0x101 }
D/InputEventConsistencyVerifier( 1030):   3: sent at 107947000000, (unhandled) KeyEvent { action=ACTION_UP, keyCode=KEYCODE_DPAD_DOWN, scanCode=0, metaState=0, flags=0x400, repeatCount=0, eventTime=107947, downTime=107947, deviceId=-1, source=0x101 }
D/InputEventConsistencyVerifier( 1030):   4: sent at 107947000000, (unhandled) KeyEvent { action=ACTION_DOWN, keyCode=KEYCODE_DPAD_DOWN, scanCode=0, metaState=0, flags=0x400, repeatCount=0, eventTime=107947, downTime=107947, deviceId=-1, source=0x101 }
D/InputEventConsistencyVerifier( 1030):   5: sent at 107946000000, (unhandled) KeyEvent { action=ACTION_UP, keyCode=KEYCODE_DPAD_DOWN, scanCode=0, metaState=0, flags=0x400, repeatCount=0, eventTime=107946, downTime=107946, deviceId=-1, source=0x101 }
I/dalvikvm-heap(  474): Grow heap (frag case) to 10.147MB for 591376-byte allocation
I/Choreographer( 1030): Skipped 42 frames!  The application may be doing too much work on its main thread.
W/IInputConnectionWrapper( 1030): beginBatchEdit on inactive InputConnection
W/IInputConnectionWrapper( 1030): getTextBeforeCursor on inactive InputConnection
W/IInputConnectionWrapper( 1030): getTextAfterCursor on inactive InputConnection
I/InputAttributes(  474): InputType.TYPE_NULL is specified
W/IInputConnectionWrapper( 1030): setComposingText on inactive InputConnection
W/IInputConnectionWrapper( 1030): endBatchEdit on inactive InputConnection
E/WVMExtractor(   62): Failed to open libwvm.so
W/BackupManagerService(  227): dataChanged but no participant pkg='com.android.providers.settings' uid=10011
I/Choreographer(  474): Skipped 418 frames!  The application may be doing too much work on its main thread.
I/Choreographer(  474): Skipped 34 frames!  The application may be doing too much work on its main thread.
I/Choreographer( 1030): Skipped 40 frames!  The application may be doing too much work on its main thread.
I/Choreographer( 1030): Skipped 81 frames!  The application may be doing too much work on its main thread.
V/PhoneStatusBar(  419): setLightsOn(true)
W/InputMethodManagerService(  227): Window already focused, ignoring focus gain of: com.android.internal.view.IInputMethodClient$Stub$Proxy@b3f42e68 attribute=null
I/Choreographer(  474): Skipped 71 frames!  The application may be doing too much work on its main thread.
I/Choreographer( 1030): Skipped 39 frames!  The application may be doing too much work on its main thread.
I/Choreographer(  474): Skipped 30 frames!  The application may be doing too much work on its main thread.
I/Choreographer( 1030): Skipped 31 frames!  The application may be doing too much work on its main thread.
E/MetadataRetrieverClient(   62): failed to extract an album art
E/WVMExtractor(   62): Failed to open libwvm.so
I/Choreographer(  474): Skipped 117 frames!  The application may be doing too much work on its main thread.
I/InputAttributes(  474): InputType.TYPE_NULL is specified
D/InputEventConsistencyVerifier( 1030): KeyEvent: ACTION_UP but key was not down.
D/InputEventConsistencyVerifier( 1030):   in android.widget.Button@b3e50c30
D/InputEventConsistencyVerifier( 1030):   0: sent at 119879000000, KeyEvent { action=ACTION_UP, keyCode=KEYCODE_DPAD_DOWN, scanCode=0, metaState=0, flags=0x400, repeatCount=0, eventTime=119879, downTime=119879, deviceId=-1, source=0x101 }
D/InputEventConsistencyVerifier( 1030):   -- recent events --
D/InputEventConsistencyVerifier( 1030):   1: sent at 113141000000, (unhandled) KeyEvent { action=ACTION_UP, keyCode=KEYCODE_DPAD_DOWN, scanCode=0, metaState=0, flags=0x80000008, repeatCount=0, eventTime=113141, downTime=113141, deviceId=-1, source=0x101 }
D/InputEventConsistencyVerifier( 1030):   2: sent at 107964000000, (unhandled) KeyEvent { action=ACTION_UP, keyCode=KEYCODE_MENU, scanCode=0, metaState=0, flags=0x8, repeatCount=0, eventTime=107964, downTime=107964, deviceId=-1, source=0x101 }
D/InputEventConsistencyVerifier( 1030):   3: sent at 107671000000, (unhandled) KeyEvent { action=ACTION_DOWN, keyCode=KEYCODE_MENU, scanCode=0, metaState=0, flags=0x8, repeatCount=0, eventTime=107671, downTime=107671, deviceId=-1, source=0x101 }
D/InputEventConsistencyVerifier( 1030):   4: sent at 107947000000, (unhandled) KeyEvent { action=ACTION_UP, keyCode=KEYCODE_DPAD_DOWN, scanCode=0, metaState=0, flags=0x400, repeatCount=0, eventTime=107947, downTime=107947, deviceId=-1, source=0x101 }
D/InputEventConsistencyVerifier( 1030):   5: sent at 107947000000, (unhandled) KeyEvent { action=ACTION_DOWN, keyCode=KEYCODE_DPAD_DOWN, scanCode=0, metaState=0, flags=0x400, repeatCount=0, eventTime=107947, downTime=107947, deviceId=-1, source=0x101 }
I/Choreographer(  474): Skipped 152 frames!  The application may be doing too much work on its main thread.
I/Choreographer( 1030): Skipped 55 frames!  The application may be doing too much work on its main thread.
I/Choreographer(  474): Skipped 64 frames!  The application may be doing too much work on its main thread.
E/WVMExtractor(   62): Failed to open libwvm.so
W/dalvikvm(  992): DroidBox: { "FdAccess": { "path": "2f6465762f696e7075742f6576656e7430", "id": "1625719488" } }
W/DroidBox(  992): DroidBox: { "FileRW": { "operation": "write", "data": "7f060000efbfbd3901000500000001000000", "id": "1625719488" } }
I/Choreographer( 1030): Skipped 106 frames!  The application may be doing too much work on its main thread.
I/ActivityManager(  227): START {act=android.intent.action.MAIN cat=[android.intent.category.LAUNCHER] flg=0x10200000 cmp=com.company3L.FindMyPhone/.Main u=0} from pid 992
I/ContactsDatabaseHelper(  572): Locale change completed in 9716ms
W/dalvikvm(  572): DroidBox: { "FdAccess": { "path": "2f646174612f646174612f636f6d2e616e64726f69642e70726f7669646572732e636f6e74616374732f7368617265645f70726566732f636f6d2e616e64726f69642e70726f7669646572732e636f6e74616374735f707265666572656e6365732e786d6c", "id": "1893017772" } }
W/DroidBox(  572): DroidBox: { "FileRW": { "operation": "write", "data": "3c3f786d6c2076657273696f6e3d27312e302720656e636f64696e673d277574662d3827207374616e64616c6f6e653d2779657327203f3e0a3c6d61703e0a3c737472696e67206e616d653d226c6f63616c65223e656e5f55533c2f737472696e673e0a", "id": "1893017772" } }
I/ContactsProvider(  572): Upgrading aggregation algorithm
I/Choreographer( 1030): Skipped 263 frames!  The application may be doing too much work on its main thread.
I/Choreographer( 1030): Skipped 203 frames!  The application may be doing too much work on its main thread.
V/PhoneStatusBar(  419): setLightsOn(true)
I/ContactAggregator(  572): Marked all visible contacts for aggregation: 0 raw contacts, 1276 ms
I/ContactsProvider(  572): Aggregation algorithm upgraded for 0 raw contacts in 1305ms
I/Choreographer( 1030): Skipped 99 frames!  The application may be doing too much work on its main thread.
E/WVMExtractor(   62): Failed to open libwvm.so
W/InputMethodManagerService(  227): Window already focused, ignoring focus gain of: com.android.internal.view.IInputMethodClient$Stub$Proxy@b4106e58 attribute=android.view.inputmethod.EditorInfo@b4162ce0
I/Choreographer( 1030): Skipped 35 frames!  The application may be doing too much work on its main thread.
I/InputAttributes(  474): InputType.TYPE_NULL is specified
I/Choreographer(  474): Skipped 166 frames!  The application may be doing too much work on its main thread.
D/InputEventConsistencyVerifier( 1030): KeyEvent: ACTION_UP but key was not down.
D/InputEventConsistencyVerifier( 1030):   in com.android.internal.policy.impl.PhoneWindow$DecorView@b3e4e580
D/InputEventConsistencyVerifier( 1030):   0: sent at 124656000000, KeyEvent { action=ACTION_UP, keyCode=KEYCODE_DPAD_UP, scanCode=0, metaState=0, flags=0x400, repeatCount=0, eventTime=124656, downTime=124656, deviceId=-1, source=0x101 }
D/InputEventConsistencyVerifier( 1030):   -- recent events --
D/InputEventConsistencyVerifier( 1030):   1: sent at 124602000000, (unhandled) MotionEvent { action=ACTION_MOVE, id[0]=0, x[0]=1.0, y[0]=-3.0, toolType[0]=TOOL_TYPE_UNKNOWN, buttonState=0, metaState=0, flags=0x0, edgeFlags=0x0, pointerCount=1, historySize=7, eventTime=124602, downTime=-1, deviceId=0, source=0x10004 }
D/InputEventConsistencyVerifier( 1030):   2: sent at 122451000000, (unhandled) KeyEvent { action=ACTION_UP, keyCode=KEYCODE_H, scanCode=0, metaState=0, flags=0x0, repeatCount=0, eventTime=122451, downTime=122451, deviceId=-1, source=0x101 }
D/InputEventConsistencyVerifier( 1030):   3: sent at 122451000000, (unhandled) KeyEvent { action=ACTION_DOWN, keyCode=KEYCODE_H, scanCode=0, metaState=0, flags=0x0, repeatCount=0, eventTime=122451, downTime=122451, deviceId=-1, source=0x101 }
D/InputEventConsistencyVerifier( 1030):   4: sent at 121249000000, KeyEvent { action=ACTION_UP, keyCode=KEYCODE_ENTER, scanCode=0, metaState=0, flags=0x6, repeatCount=0, eventTime=121249, downTime=121249, deviceId=-1, source=0x0 }
D/InputEventConsistencyVerifier( 1030):   5: sent at 121249000000, KeyEvent { action=ACTION_DOWN, keyCode=KEYCODE_ENTER, scanCode=0, metaState=0, flags=0x6, repeatCount=0, eventTime=121249, downTime=121249, deviceId=-1, source=0x0 }
I/Choreographer(  474): Skipped 61 frames!  The application may be doing too much work on its main thread.
D/InputEventConsistencyVerifier( 1030): TrackballEvent: Trackball is down but pressure is not greater than 0.
D/InputEventConsistencyVerifier( 1030):   in android.view.ViewRootImpl@b3fc70c0
D/InputEventConsistencyVerifier( 1030):   0: sent at 124667000000, MotionEvent { action=ACTION_DOWN, id[0]=0, x[0]=0.0, y[0]=0.0, toolType[0]=TOOL_TYPE_UNKNOWN, buttonState=0, metaState=0, flags=0x0, edgeFlags=0x0, pointerCount=1, historySize=0, eventTime=124667, downTime=124533, deviceId=0, source=0x10004 }
D/InputEventConsistencyVerifier( 1030):   -- recent events --
D/InputEventConsistencyVerifier( 1030):   1: sent at 124665000000, MotionEvent { action=ACTION_MOVE, id[0]=0, x[0]=-2.0, y[0]=0.0, toolType[0]=TOOL_TYPE_UNKNOWN, buttonState=0, metaState=0, flags=0x0, edgeFlags=0x0, pointerCount=1, historySize=1, eventTime=124665, downTime=-1, deviceId=0, source=0x10004 }
D/InputEventConsistencyVerifier( 1030):   2: sent at 124658000000, KeyEvent { action=ACTION_UP, keyCode=KEYCODE_DPAD_UP, scanCode=0, metaState=0, flags=0x400, repeatCount=0, eventTime=124658, downTime=124658, deviceId=-1, source=0x101 }
D/InputEventConsistencyVerifier( 1030):   3: sent at 124658000000, KeyEvent { action=ACTION_DOWN, keyCode=KEYCODE_DPAD_UP, scanCode=0, metaState=0, flags=0x400, repeatCount=0, eventTime=124658, downTime=124658, deviceId=-1, source=0x101 }
D/InputEventConsistencyVerifier( 1030):   4: sent at 124657000000, KeyEvent { action=ACTION_UP, keyCode=KEYCODE_DPAD_UP, scanCode=0, metaState=0, flags=0x400, repeatCount=0, eventTime=124657, downTime=124657, deviceId=-1, source=0x101 }
D/InputEventConsistencyVerifier( 1030):   5: sent at 124657000000, KeyEvent { action=ACTION_DOWN, keyCode=KEYCODE_DPAD_UP, scanCode=0, metaState=0, flags=0x400, repeatCount=0, eventTime=124657, downTime=124657, deviceId=-1, source=0x101 }
I/ContactsFTS(  572): Rebuild contact search index in 1659ms, 0 contacts
E/WVMExtractor(   62): Failed to open libwvm.so
W/dalvikvm(  419): DroidBox: { "FdAccess": { "path": "2f70726f632f6d656d696e666f", "id": "2077463432" } }
W/DroidBox(  419): DroidBox: { "FileRW": { "operation": "read", "data": "4d656d546f74616c3a202020202020202020373438393634206b420a4d656d467265653a20202020202020202020343630363136206b420a427566666572733a20202020202020202020202035323336206b420a4361636865643a202020202020202020", "id": "2077463432" } }
I/Choreographer(  419): Skipped 35 frames!  The application may be doing too much work on its main thread.
W/dalvikvm(  419): DroidBox: { "FdAccess": { "path": "2f70726f632f6d656d696e666f", "id": "691220664" } }
W/DroidBox(  419): DroidBox: { "FileRW": { "operation": "read", "data": "4d656d546f74616c3a202020202020202020373438393634206b420a4d656d467265653a20202020202020202020343630363136206b420a427566666572733a20202020202020202020202035323336206b420a4361636865643a202020202020202020", "id": "691220664" } }
I/Choreographer( 1030): Skipped 37 frames!  The application may be doing too much work on its main thread.
W/dalvikvm(  419): DroidBox: { "FdAccess": { "path": "2f70726f632f6d656d696e666f", "id": "1618202318" } }
W/DroidBox(  419): DroidBox: { "FileRW": { "operation": "read", "data": "4d656d546f74616c3a202020202020202020373438393634206b420a4d656d467265653a20202020202020202020343539313238206b420a427566666572733a20202020202020202020202035323336206b420a4361636865643a202020202020202020", "id": "1618202318" } }
W/dalvikvm(  419): DroidBox: { "FdAccess": { "path": "2f70726f632f6d656d696e666f", "id": "1795603381" } }
W/DroidBox(  419): DroidBox: { "FileRW": { "operation": "read", "data": "4d656d546f74616c3a202020202020202020373438393634206b420a4d656d467265653a20202020202020202020343539313238206b420a427566666572733a20202020202020202020202035323336206b420a4361636865643a202020202020202020", "id": "1795603381" } }
I/Choreographer(  419): Skipped 85 frames!  The application may be doing too much work on its main thread.
D/InputEventConsistencyVerifier(  419): KeyEvent: ACTION_UP but key was not down.
D/InputEventConsistencyVerifier(  419):   in com.android.systemui.statusbar.phone.StatusBarWindowView@b3e87638
D/InputEventConsistencyVerifier(  419):   0: sent at 127649000000, KeyEvent { action=ACTION_UP, keyCode=KEYCODE_DPAD_LEFT, scanCode=0, metaState=0, flags=0x400, repeatCount=0, eventTime=127649, downTime=127649, deviceId=-1, source=0x101 }
D/InputEventConsistencyVerifier(  419):   -- recent events --
D/InputEventConsistencyVerifier(  419):   1: sent at 127460000000, (unhandled) MotionEvent { action=ACTION_MOVE, id[0]=0, x[0]=-4.0, y[0]=-2.0, toolType[0]=TOOL_TYPE_UNKNOWN, buttonState=0, metaState=0, flags=0x0, edgeFlags=0x0, pointerCount=1, historySize=9, eventTime=127460, downTime=-1, deviceId=0, source=0x10004 }
D/InputEventConsistencyVerifier(  419):   2: sent at 127469000000, MotionEvent { action=ACTION_UP, id[0]=0, x[0]=353.0, y[0]=440.0, toolType[0]=TOOL_TYPE_UNKNOWN, buttonState=0, metaState=0, flags=0x0, edgeFlags=0x0, pointerCount=1, historySize=0, eventTime=127469, downTime=127464, deviceId=0, source=0x1002 }
D/InputEventConsistencyVerifier(  419):   3: sent at 127464000000, MotionEvent { action=ACTION_DOWN, id[0]=0, x[0]=365.0, y[0]=455.0, toolType[0]=TOOL_TYPE_UNKNOWN, buttonState=0, metaState=0, flags=0x0, edgeFlags=0x0, pointerCount=1, historySize=0, eventTime=127464, downTime=127464, deviceId=0, source=0x1002 }
D/InputEventConsistencyVerifier(  419):   4: sent at 127371000000, MotionEvent { action=ACTION_UP, id[0]=0, x[0]=480.0, y[0]=74.0, toolType[0]=TOOL_TYPE_UNKNOWN, buttonState=0, metaState=0, flags=0x0, edgeFlags=0x0, pointerCount=1, historySize=0, eventTime=127371, downTime=127084, deviceId=0, source=0x1002 }
D/InputEventConsistencyVerifier(  419):   5: sent at 127296000000, MotionEvent { action=ACTION_MOVE, id[0]=0, x[0]=480.0, y[0]=67.0, toolType[0]=TOOL_TYPE_UNKNOWN, buttonState=0, metaState=0, flags=0x0, edgeFlags=0x0, pointerCount=1, historySize=0, eventTime=127296, downTime=127084, deviceId=0, source=0x1002 }
W/dalvikvm(  419): DroidBox: { "FdAccess": { "path": "2f70726f632f6d656d696e666f", "id": "1684920189" } }
D/PhoneStatusBar(  419): disable: < expand icons alerts TICKER* system_info back home recent clock >
W/DroidBox(  419): DroidBox: { "FileRW": { "operation": "read", "data": "4d656d546f74616c3a202020202020202020373438393634206b420a4d656d467265653a20202020202020202020343537363332206b420a427566666572733a20202020202020202020202035323336206b420a4361636865643a202020202020202020", "id": "1684920189" } }
D/InputEventConsistencyVerifier(  419): KeyEvent: ACTION_UP but key was not down.
D/InputEventConsistencyVerifier(  419):   in android.widget.FrameLayout@b3e576b8
D/InputEventConsistencyVerifier(  419):   0: sent at 127672000000, KeyEvent { action=ACTION_UP, keyCode=KEYCODE_DPAD_DOWN, scanCode=0, metaState=0, flags=0x8, repeatCount=0, eventTime=127672, downTime=127672, deviceId=-1, source=0x101 }
I/Choreographer(  419): Skipped 72 frames!  The application may be doing too much work on its main thread.
W/dalvikvm(  419): DroidBox: { "FdAccess": { "path": "2f70726f632f6d656d696e666f", "id": "905580776" } }
W/DroidBox(  419): DroidBox: { "FileRW": { "operation": "read", "data": "4d656d546f74616c3a202020202020202020373438393634206b420a4d656d467265653a20202020202020202020343536313434206b420a427566666572733a20202020202020202020202035323336206b420a4361636865643a202020202020202020", "id": "905580776" } }
I/Choreographer(  419): Skipped 50 frames!  The application may be doing too much work on its main thread.
W/dalvikvm(  419): DroidBox: { "FdAccess": { "path": "2f70726f632f6d656d696e666f", "id": "692860129" } }
W/DroidBox(  419): DroidBox: { "FileRW": { "operation": "read", "data": "4d656d546f74616c3a202020202020202020373438393634206b420a4d656d467265653a20202020202020202020343535383936206b420a427566666572733a20202020202020202020202035323336206b420a4361636865643a202020202020202020", "id": "692860129" } }
D/InputEventConsistencyVerifier(  419): TouchEvent: ACTION_DOWN but pointers are already down.  Probably missing ACTION_UP from previous gesture.
D/InputEventConsistencyVerifier(  419):   in android.view.ScaleGestureDetector@b3f272f8
D/InputEventConsistencyVerifier(  419):   0: sent at 128354000000, MotionEvent { action=ACTION_DOWN, id[0]=0, x[0]=252.0, y[0]=407.0, toolType[0]=TOOL_TYPE_UNKNOWN, buttonState=0, metaState=0, flags=0x0, edgeFlags=0x0, pointerCount=1, historySize=0, eventTime=128354, downTime=128354, deviceId=0, source=0x1002 }
D/InputEventConsistencyVerifier(  419):   -- recent events --
D/InputEventConsistencyVerifier(  419):   1: sent at 127464000000, MotionEvent { action=ACTION_DOWN, id[0]=0, x[0]=365.0, y[0]=455.0, toolType[0]=TOOL_TYPE_UNKNOWN, buttonState=0, metaState=0, flags=0x0, edgeFlags=0x0, pointerCount=1, historySize=0, eventTime=127464, downTime=127464, deviceId=0, source=0x1002 }
D/InputEventConsistencyVerifier(  419):   2: sent at 127371000000, MotionEvent { action=ACTION_UP, id[0]=0, x[0]=480.0, y[0]=74.0, toolType[0]=TOOL_TYPE_UNKNOWN, buttonState=0, metaState=0, flags=0x0, edgeFlags=0x0, pointerCount=1, historySize=0, eventTime=127371, downTime=127084, deviceId=0, source=0x1002 }
D/InputEventConsistencyVerifier(  419):   3: sent at 127296000000, MotionEvent { action=ACTION_MOVE, id[0]=0, x[0]=480.0, y[0]=67.0, toolType[0]=TOOL_TYPE_UNKNOWN, buttonState=0, metaState=0, flags=0x0, edgeFlags=0x0, pointerCount=1, historySize=0, eventTime=127296, downTime=127084, deviceId=0, source=0x1002 }
D/InputEventConsistencyVerifier(  419):   4: sent at 127295000000, MotionEvent { action=ACTION_MOVE, id[0]=0, x[0]=480.0, y[0]=57.5, toolType[0]=TOOL_TYPE_UNKNOWN, buttonState=0, metaState=0, flags=0x0, edgeFlags=0x0, pointerCount=1, historySize=5, eventTime=127295, downTime=127084, deviceId=0, source=0x1002 }
D/InputEventConsistencyVerifier(  419):   5: sent at 127086000000, MotionEvent { action=ACTION_DOWN, id[0]=0, x[0]=452.0, y[0]=11.0, toolType[0]=TOOL_TYPE_UNKNOWN, buttonState=0, metaState=0, flags=0x0, edgeFlags=0x0, pointerCount=1, historySize=0, eventTime=127086, downTime=127084, deviceId=0, source=0x1002 }
D/InputEventConsistencyVerifier(  419): KeyEvent: ACTION_UP but key was not down.
D/InputEventConsistencyVerifier(  419):   in com.android.systemui.statusbar.phone.StatusBarWindowView@b3e87638
D/InputEventConsistencyVerifier(  419):   0: sent at 128622000000, KeyEvent { action=ACTION_UP, keyCode=KEYCODE_DPAD_UP, scanCode=0, metaState=0, flags=0x8, repeatCount=0, eventTime=128622, downTime=128622, deviceId=-1, source=0x101 }
D/InputEventConsistencyVerifier(  419):   -- recent events --
D/InputEventConsistencyVerifier(  419):   1: sent at 128533000000, (unhandled) KeyEvent { action=ACTION_UP, keyCode=KEYCODE_CAMERA, scanCode=0, metaState=0, flags=0x8, repeatCount=0, eventTime=128533, downTime=128533, deviceId=-1, source=0x101 }
D/InputEventConsistencyVerifier(  419):   2: sent at 128367000000, (unhandled) KeyEvent { action=ACTION_DOWN, keyCode=KEYCODE_CAMERA, scanCode=0, metaState=0, flags=0x8, repeatCount=0, eventTime=128367, downTime=128367, deviceId=-1, source=0x101 }
D/InputEventConsistencyVerifier(  419):   3: sent at 128361000000, MotionEvent { action=ACTION_UP, id[0]=0, x[0]=249.0, y[0]=401.0, toolType[0]=TOOL_TYPE_UNKNOWN, buttonState=0, metaState=0, flags=0x0, edgeFlags=0x0, pointerCount=1, historySize=0, eventTime=128361, downTime=128354, deviceId=0, source=0x1002 }
D/InputEventConsistencyVerifier(  419):   4: sent at 128354000000, MotionEvent { action=ACTION_DOWN, id[0]=0, x[0]=252.0, y[0]=407.0, toolType[0]=TOOL_TYPE_UNKNOWN, buttonState=0, metaState=0, flags=0x0, edgeFlags=0x0, pointerCount=1, historySize=0, eventTime=128354, downTime=128354, deviceId=0, source=0x1002 }
D/InputEventConsistencyVerifier(  419):   5: sent at 128279000000, (unhandled) KeyEvent { action=ACTION_UP, keyCode=KEYCODE_DPAD_LEFT, scanCode=0, metaState=0, flags=0x8, repeatCount=0, eventTime=128279, downTime=128279, deviceId=-1, source=0x101 }
I/Choreographer(  419): Skipped 92 frames!  The application may be doing too much work on its main thread.
D/InputEventConsistencyVerifier(  419): KeyEvent: ACTION_UP but key was not down.
D/InputEventConsistencyVerifier(  419):   in com.android.systemui.statusbar.phone.StatusBarWindowView@b3e87638
D/InputEventConsistencyVerifier(  419):   0: sent at 128957000000, KeyEvent { action=ACTION_UP, keyCode=KEYCODE_DPAD_LEFT, scanCode=0, metaState=0, flags=0x400, repeatCount=0, eventTime=128957, downTime=128957, deviceId=-1, source=0x101 }
D/InputEventConsistencyVerifier(  419):   -- recent events --
D/InputEventConsistencyVerifier(  419):   1: sent at 128784000000, (unhandled) MotionEvent { action=ACTION_MOVE, id[0]=0, x[0]=-2.0, y[0]=0.0, toolType[0]=TOOL_TYPE_UNKNOWN, buttonState=0, metaState=0, flags=0x0, edgeFlags=0x0, pointerCount=1, historySize=9, eventTime=128784, downTime=-1, deviceId=0, source=0x10004 }
D/InputEventConsistencyVerifier(  419):   2: sent at 128667000000, MotionEvent { action=ACTION_UP, id[0]=0, x[0]=146.5, y[0]=720.0, toolType[0]=TOOL_TYPE_UNKNOWN, buttonState=0, metaState=0, flags=0x0, edgeFlags=0x0, pointerCount=1, historySize=0, eventTime=128667, downTime=128657, deviceId=0, source=0x1002 }
D/InputEventConsistencyVerifier(  419):   3: sent at 128666000000, MotionEvent { action=ACTION_MOVE, id[0]=0, x[0]=146.5, y[0]=720.0, toolType[0]=TOOL_TYPE_UNKNOWN, buttonState=0, metaState=0, flags=0x0, edgeFlags=0x0, pointerCount=1, historySize=2, eventTime=128666, downTime=128657, deviceId=0, source=0x1002 }
D/InputEventConsistencyVerifier(  419):   4: sent at 128658000000, MotionEvent { action=ACTION_DOWN, id[0]=0, x[0]=162.0, y[0]=700.0, toolType[0]=TOOL_TYPE_UNKNOWN, buttonState=0, metaState=0, flags=0x0, edgeFlags=0x0, pointerCount=1, historySize=0, eventTime=128658, downTime=128657, deviceId=0, source=0x1002 }
D/InputEventConsistencyVerifier(  419):   5: sent at 128651000000, (unhandled) KeyEvent { action=ACTION_UP, keyCode=KEYCODE_DPAD_CENTER, scanCode=0, metaState=0, flags=0x8, repeatCount=0, eventTime=128651, downTime=128651, deviceId=-1, source=0x101 }
D/InputEventConsistencyVerifier(  419): TouchEvent: ACTION_DOWN but pointers are already down.  Probably missing ACTION_UP from previous gesture.
D/InputEventConsistencyVerifier(  419):   in android.view.ScaleGestureDetector@b3f272f8
D/InputEventConsistencyVerifier(  419):   0: sent at 129029000000, MotionEvent { action=ACTION_DOWN, id[0]=0, x[0]=316.0, y[0]=446.0, toolType[0]=TOOL_TYPE_UNKNOWN, buttonState=0, metaState=0, flags=0x0, edgeFlags=0x0, pointerCount=1, historySize=0, eventTime=129029, downTime=129029, deviceId=0, source=0x1002 }
D/InputEventConsistencyVerifier(  419):   -- recent events --
D/InputEventConsistencyVerifier(  419):   1: sent at 128666000000, MotionEvent { action=ACTION_MOVE, id[0]=0, x[0]=146.5, y[0]=720.0, toolType[0]=TOOL_TYPE_UNKNOWN, buttonState=0, metaState=0, flags=0x0, edgeFlags=0x0, pointerCount=1, historySize=2, eventTime=128666, downTime=128657, deviceId=0, source=0x1002 }
D/InputEventConsistencyVerifier(  419):   2: sent at 128658000000, MotionEvent { action=ACTION_DOWN, id[0]=0, x[0]=162.0, y[0]=700.0, toolType[0]=TOOL_TYPE_UNKNOWN, buttonState=0, metaState=0, flags=0x0, edgeFlags=0x0, pointerCount=1, historySize=0, eventTime=128658, downTime=128657, deviceId=0, source=0x1002 }
D/InputEventConsistencyVerifier(  419):   3: sent at 128361000000, MotionEvent { action=ACTION_UP, id[0]=0, x[0]=249.0, y[0]=401.0, toolType[0]=TOOL_TYPE_UNKNOWN, buttonState=0, metaState=0, flags=0x0, edgeFlags=0x0, pointerCount=1, historySize=0, eventTime=128361, downTime=128354, deviceId=0, source=0x1002 }
D/InputEventConsistencyVerifier(  419):   4: sent at 128354000000, MotionEvent { action=ACTION_DOWN, id[0]=0, x[0]=252.0, y[0]=407.0, toolType[0]=TOOL_TYPE_UNKNOWN, buttonState=0, metaState=0, flags=0x80000000, edgeFlags=0x0, pointerCount=1, historySize=0, eventTime=128354, downTime=128354, deviceId=0, source=0x1002 }
D/InputEventConsistencyVerifier(  419):   5: sent at 127464000000, MotionEvent { action=ACTION_DOWN, id[0]=0, x[0]=365.0, y[0]=455.0, toolType[0]=TOOL_TYPE_UNKNOWN, buttonState=0, metaState=0, flags=0x0, edgeFlags=0x0, pointerCount=1, historySize=0, eventTime=127464, downTime=127464, deviceId=0, source=0x1002 }
I/Choreographer(  419): Skipped 49 frames!  The application may be doing too much work on its main thread.
D/InputEventConsistencyVerifier(  419): KeyEvent: ACTION_UP but key was not down.
D/InputEventConsistencyVerifier(  419):   in com.android.systemui.statusbar.phone.StatusBarWindowView@b3e87638
D/InputEventConsistencyVerifier(  419):   0: sent at 129323000000, KeyEvent { action=ACTION_UP, keyCode=KEYCODE_DPAD_LEFT, scanCode=0, metaState=0, flags=0x400, repeatCount=0, eventTime=129323, downTime=129323, deviceId=-1, source=0x101 }
D/InputEventConsistencyVerifier(  419):   -- recent events --
D/InputEventConsistencyVerifier(  419):   1: sent at 129291000000, (unhandled) MotionEvent { action=ACTION_MOVE, id[0]=0, x[0]=-3.0, y[0]=0.0, toolType[0]=TOOL_TYPE_UNKNOWN, buttonState=0, metaState=0, flags=0x0, edgeFlags=0x0, pointerCount=1, historySize=8, eventTime=129291, downTime=-1, deviceId=0, source=0x10004 }
D/InputEventConsistencyVerifier(  419):   2: sent at 129141000000, MotionEvent { action=ACTION_UP, id[0]=0, x[0]=102.0, y[0]=290.0, toolType[0]=TOOL_TYPE_UNKNOWN, buttonState=0, metaState=0, flags=0x0, edgeFlags=0x0, pointerCount=1, historySize=0, eventTime=129141, downTime=129060, deviceId=0, source=0x1002 }
D/InputEventConsistencyVerifier(  419):   3: sent at 129060000000, MotionEvent { action=ACTION_DOWN, id[0]=0, x[0]=94.0, y[0]=290.0, toolType[0]=TOOL_TYPE_UNKNOWN, buttonState=0, metaState=0, flags=0x0, edgeFlags=0x0, pointerCount=1, historySize=0, eventTime=129060, downTime=129060, deviceId=0, source=0x1002 }
D/InputEventConsistencyVerifier(  419):   4: sent at 129044000000, MotionEvent { action=ACTION_UP, id[0]=0, x[0]=330.0, y[0]=445.0, toolType[0]=TOOL_TYPE_UNKNOWN, buttonState=0, metaState=0, flags=0x0, edgeFlags=0x0, pointerCount=1, historySize=0, eventTime=129044, downTime=129029, deviceId=0, source=0x1002 }
D/InputEventConsistencyVerifier(  419):   5: sent at 129029000000, MotionEvent { action=ACTION_DOWN, id[0]=0, x[0]=316.0, y[0]=446.0, toolType[0]=TOOL_TYPE_UNKNOWN, buttonState=0, metaState=0, flags=0x0, edgeFlags=0x0, pointerCount=1, historySize=0, eventTime=129029, downTime=129029, deviceId=0, source=0x1002 }
D/InputEventConsistencyVerifier(  419): KeyEvent: ACTION_UP but key was not down.
D/InputEventConsistencyVerifier(  419):   in com.android.systemui.statusbar.phone.StatusBarWindowView@b3e87638
D/InputEventConsistencyVerifier(  419):   0: sent at 129438000000, KeyEvent { action=ACTION_UP, keyCode=KEYCODE_DPAD_UP, scanCode=0, metaState=0, flags=0x400, repeatCount=0, eventTime=129438, downTime=129438, deviceId=-1, source=0x101 }
D/InputEventConsistencyVerifier(  419):   -- recent events --
D/InputEventConsistencyVerifier(  419):   1: sent at 129316000000, (unhandled) MotionEvent { action=ACTION_MOVE, id[0]=0, x[0]=1.0, y[0]=-2.0, toolType[0]=TOOL_TYPE_UNKNOWN, buttonState=0, metaState=0, flags=0x0, edgeFlags=0x0, pointerCount=1, historySize=0, eventTime=129316, downTime=-1, deviceId=0, source=0x10004 }
D/InputEventConsistencyVerifier(  419):   2: sent at 129337000000, MotionEvent { action=ACTION_UP, id[0]=0, x[0]=259.0, y[0]=292.0, toolType[0]=TOOL_TYPE_UNKNOWN, buttonState=0, metaState=0, flags=0x0, edgeFlags=0x0, pointerCount=1, historySize=0, eventTime=129337, downTime=129331, deviceId=0, source=0x1002 }
D/InputEventConsistencyVerifier(  419):   3: sent at 129332000000, MotionEvent { action=ACTION_DOWN, id[0]=0, x[0]=262.0, y[0]=294.0, toolType[0]=TOOL_TYPE_UNKNOWN, buttonState=0, metaState=0, flags=0x0, edgeFlags=0x0, pointerCount=1, historySize=0, eventTime=129332, downTime=129331, deviceId=0, source=0x1002 }
D/InputEventConsistencyVerifier(  419):   4: sent at 129323000000, (unhandled) KeyEvent { action=ACTION_UP, keyCode=KEYCODE_DPAD_LEFT, scanCode=0, metaState=0, flags=0x400, repeatCount=0, eventTime=129323, downTime=129323, deviceId=-1, source=0x101 }
D/InputEventConsistencyVerifier(  419):   5: sent at 129323000000, (unhandled) KeyEvent { action=ACTION_DOWN, keyCode=KEYCODE_DPAD_LEFT, scanCode=0, metaState=0, flags=0x400, repeatCount=0, eventTime=129323, downTime=129323, deviceId=-1, source=0x101 }
