D/InputEventConsistencyVerifier(  625): KeyEvent: ACTION_UP but key was not down.
D/InputEventConsistencyVerifier(  625):   in com.android.internal.policy.impl.PhoneWindow$DecorView@b4091488
D/InputEventConsistencyVerifier(  625):   0: sent at 112432000000, KeyEvent { action=ACTION_UP, keyCode=KEYCODE_DPAD_RIGHT, scanCode=0, metaState=0, flags=0x8, repeatCount=0, eventTime=112432, downTime=112432, deviceId=-1, source=0x101 }
W/dalvikvm( 1016): DroidBox: { "FdAccess": { "path": "2f6465762f696e7075742f6576656e7430", "id": "1481624236" } }
W/DroidBox( 1016): DroidBox: { "FileRW": { "operation": "write", "data": "efbfbd060000efbfbdefbfbd0c000500000000000000", "id": "1481624236" } }
I/ActivityManager(  224): START {act=android.search.action.GLOBAL_SEARCH flg=0x10000000 cmp=com.android.quicksearchbox/.SearchActivity bnds=[5,43][475,103] (has extras) u=0} from pid 625
W/dalvikvm(  224): DroidBox: { "FdAccess": { "path": "2f70726f632f313030312f636d646c696e65", "id": "766379505" } }
W/DroidBox(  224): DroidBox: { "FileRW": { "operation": "read", "data": "636f6d2e616e64726f69642e6d757369636678000000000000000000000000000000000000000000000000000000000000000000000000000000000000000000000000000000000000000000702f30656665643830656533626438393238366134393563", "id": "766379505" } }
W/dalvikvm(  224): DroidBox: { "FdAccess": { "path": "2f70726f632f313031362f636d646c696e65", "id": "1899379019" } }
I/Choreographer(  625): Skipped 44 frames!  The application may be doing too much work on its main thread.
W/DroidBox(  224): DroidBox: { "FileRW": { "operation": "read", "data": "636f6d2e616e64726f69642e636f6d6d616e64732e6d6f6e6b657900000000000000000000000000000000000000000000000000000000000000000000000000000000000000000000000000000000000000000000000033626438393238366134393563", "id": "1899379019" } }
W/dalvikvm(  224): DroidBox: { "FdAccess": { "path": "2f70726f632f313032312f636d646c696e65", "id": "777379358" } }
W/DroidBox(  224): DroidBox: { "FileRW": { "operation": "read", "data": "6c6f676361740044726f6964426f783a570064616c76696b766d3a570041637469766974794d616e616765723a49000000000000000000000000000000000000000000000000000000000000000000000000000000000033626438393238366134393563", "id": "777379358" } }
W/dalvikvm(  224): DroidBox: { "FdAccess": { "path": "2f70726f632f313032332f636d646c696e65", "id": "1642878241" } }
W/DroidBox(  224): DroidBox: { "FileRW": { "operation": "read", "data": "2f73797374656d2f62696e2f7368002d63007368202e2f7364636172642f65786563757465537472616365496e2e736800000000000000000000000000000000000000000000000000000000000000000000000000000033626438393238366134393563", "id": "1642878241" } }
W/dalvikvm(  224): DroidBox: { "FdAccess": { "path": "2f70726f632f313032352f636d646c696e65", "id": "945385742" } }
W/DroidBox(  224): DroidBox: { "FileRW": { "operation": "read", "data": "7368002e2f7364636172642f65786563757465537472616365496e2e736800786563757465537472616365496e2e736800000000000000000000000000000000000000000000000000000000000000000000000000000033626438393238366134393563", "id": "945385742" } }
W/dalvikvm(  224): DroidBox: { "FdAccess": { "path": "2f70726f632f313032362f636d646c696e65", "id": "418574753" } }
W/DroidBox(  224): DroidBox: { "FileRW": { "operation": "read", "data": "737472616365002d70003539002d66002d747446002d6f002f7364636172642f306566656438306565336264383932383661343935633137656431336663316333643564396261386130633232666631623136633330313237656432333733632e61706b", "id": "418574753" } }
W/dalvikvm(  224): DroidBox: { "FdAccess": { "path": "2f70726f632f313033302f636d646c696e65", "id": "520280786" } }
W/DroidBox(  224): DroidBox: { "FileRW": { "operation": "read", "data": "636f6d2e73766f782e7069636f00000000000000000000000000000000000000000000000000000000000000000000000000000000000000000000000000000000000000000000000000000032666631623136633330313237656432333733632e61706b", "id": "520280786" } }
W/dalvikvm(  224): DroidBox: { "FdAccess": { "path": "2f70726f632f313035322f636d646c696e65", "id": "1613884051" } }
W/DroidBox(  224): DroidBox: { "FileRW": { "operation": "read", "data": "636f6d2e6465706f7369746d6f62690000000000000000000000000000000000000000000000000000000000000000000000000000000000000000000000000000000000000000000000000032666631623136633330313237656432333733632e61706b", "id": "1613884051" } }
I/Choreographer(  625): Skipped 37 frames!  The application may be doing too much work on its main thread.
I/qtaguid (  224): Failed write_ctrl(s 1 10050) res=-1 errno=1
W/NetworkManagementSocketTagger(  224): setKernelCountSet(10050, 1) failed with errno -1
E/Trace   ( 1052): error opening trace file: No such file or directory (2)
W/DroidBox( 1052): DroidBox: { "DexClassLoader": { "path": "/data/app/com.depositmobi-1.apk" } }
I/dalvikvm-heap(  625): Grow heap (frag case) to 15.224MB for 1463056-byte allocation
D/InputEventConsistencyVerifier(  625): KeyEvent: ACTION_UP but key was not down.
D/InputEventConsistencyVerifier(  625):   in com.android.launcher2.Cling@b40d6558
D/InputEventConsistencyVerifier(  625):   0: sent at 112947000000, KeyEvent { action=ACTION_UP, keyCode=KEYCODE_DPAD_DOWN, scanCode=0, metaState=0, flags=0x8, repeatCount=0, eventTime=112947, downTime=112947, deviceId=-1, source=0x101 }
W/InputMethodManagerService(  224): Starting input on non-focused client com.android.internal.view.IInputMethodClient$Stub$Proxy@b42a4d88 (uid=10019 pid=625)
E/WVMExtractor(   61): Failed to open libwvm.so
E/WVMExtractor(   61): Failed to open libwvm.so
I/Choreographer( 1052): Skipped 106 frames!  The application may be doing too much work on its main thread.
D/InputEventConsistencyVerifier( 1052): KeyEvent: ACTION_UP but key was not down.
D/InputEventConsistencyVerifier( 1052):   in com.android.internal.policy.impl.PhoneWindow$DecorView@b3d7d330
D/InputEventConsistencyVerifier( 1052):   0: sent at 115086000000, KeyEvent { action=ACTION_UP, keyCode=KEYCODE_DPAD_LEFT, scanCode=0, metaState=0, flags=0x400, repeatCount=0, eventTime=115086, downTime=115086, deviceId=-1, source=0x101 }
D/InputEventConsistencyVerifier( 1052):   -- recent events --
D/InputEventConsistencyVerifier( 1052):   1: sent at 114906000000, (unhandled) MotionEvent { action=ACTION_MOVE, id[0]=0, x[0]=-2.0, y[0]=1.0, toolType[0]=TOOL_TYPE_UNKNOWN, buttonState=0, metaState=0, flags=0x0, edgeFlags=0x0, pointerCount=1, historySize=9, eventTime=114906, downTime=-1, deviceId=0, source=0x10004 }
D/InputEventConsistencyVerifier( 1052):   2: sent at 114851000000, MotionEvent { action=ACTION_UP, id[0]=0, x[0]=432.0, y[0]=722.0, toolType[0]=TOOL_TYPE_UNKNOWN, buttonState=0, metaState=0, flags=0x1, edgeFlags=0x0, pointerCount=1, historySize=0, eventTime=114851, downTime=114845, deviceId=0, source=0x1002 }
D/InputEventConsistencyVerifier( 1052):   3: sent at 114845000000, MotionEvent { action=ACTION_DOWN, id[0]=0, x[0]=427.0, y[0]=724.0, toolType[0]=TOOL_TYPE_UNKNOWN, buttonState=0, metaState=0, flags=0x1, edgeFlags=0x0, pointerCount=1, historySize=0, eventTime=114845, downTime=114845, deviceId=0, source=0x1002 }
D/InputEventConsistencyVerifier( 1052):   4: sent at 114724000000, (unhandled) KeyEvent { action=ACTION_UP, keyCode=KEYCODE_MENU, scanCode=0, metaState=0, flags=0x8, repeatCount=0, eventTime=114724, downTime=114724, deviceId=-1, source=0x101 }
D/InputEventConsistencyVerifier( 1052):   5: sent at 113146000000, (unhandled) KeyEvent { action=ACTION_DOWN, keyCode=KEYCODE_MENU, scanCode=0, metaState=0, flags=0x8, repeatCount=0, eventTime=113146, downTime=113146, deviceId=-1, source=0x101 }
D/InputEventConsistencyVerifier( 1052): KeyEvent: ACTION_UP but key was not down.
D/InputEventConsistencyVerifier( 1052):   in android.widget.FrameLayout@b3d8eb60
D/InputEventConsistencyVerifier( 1052):   0: sent at 115107000000, KeyEvent { action=ACTION_UP, keyCode=KEYCODE_DPAD_DOWN, scanCode=0, metaState=0, flags=0x8, repeatCount=0, eventTime=115107, downTime=115107, deviceId=-1, source=0x101 }
D/InputEventConsistencyVerifier( 1052):   -- recent events --
D/InputEventConsistencyVerifier( 1052):   1: sent at 114851000000, MotionEvent { action=ACTION_UP, id[0]=0, x[0]=432.0, y[0]=612.0, toolType[0]=TOOL_TYPE_UNKNOWN, buttonState=0, metaState=0, flags=0x1, edgeFlags=0x0, pointerCount=1, historySize=0, eventTime=114851, downTime=114845, deviceId=0, source=0x1002 }
D/InputEventConsistencyVerifier( 1052):   2: sent at 114845000000, MotionEvent { action=ACTION_DOWN, id[0]=0, x[0]=427.0, y[0]=614.0, toolType[0]=TOOL_TYPE_UNKNOWN, buttonState=0, metaState=0, flags=0x1, edgeFlags=0x0, pointerCount=1, historySize=0, eventTime=114845, downTime=114845, deviceId=0, source=0x1002 }
D/gralloc_goldfish( 1052): Emulator without GPU emulation detected.
E/WVMExtractor(   61): Failed to open libwvm.so
I/ActivityManager(  224): Displayed com.depositmobi/.Main: +3s367ms
E/WVMExtractor(   61): Failed to open libwvm.so
D/InputEventConsistencyVerifier( 1052): KeyEvent: ACTION_UP but key was not down.
D/InputEventConsistencyVerifier( 1052):   in com.android.internal.policy.impl.PhoneWindow$DecorView@b3d7d330
D/InputEventConsistencyVerifier( 1052):   0: sent at 115993000000, KeyEvent { action=ACTION_UP, keyCode=KEYCODE_DPAD_DOWN, scanCode=0, metaState=0, flags=0x400, repeatCount=0, eventTime=115993, downTime=115993, deviceId=-1, source=0x101 }
D/InputEventConsistencyVerifier( 1052):   -- recent events --
D/InputEventConsistencyVerifier( 1052):   1: sent at 115801000000, (unhandled) MotionEvent { action=ACTION_MOVE, id[0]=0, x[0]=1.0, y[0]=3.0, toolType[0]=TOOL_TYPE_UNKNOWN, buttonState=0, metaState=0, flags=0x0, edgeFlags=0x0, pointerCount=1, historySize=9, eventTime=115801, downTime=-1, deviceId=0, source=0x10004 }
D/InputEventConsistencyVerifier( 1052):   2: sent at 115757000000, (unhandled) KeyEvent { action=ACTION_UP, keyCode=KEYCODE_DPAD_LEFT, scanCode=0, metaState=0, flags=0x8, repeatCount=0, eventTime=115757, downTime=115757, deviceId=-1, source=0x101 }
D/InputEventConsistencyVerifier( 1052):   3: sent at 115736000000, (unhandled) KeyEvent { action=ACTION_DOWN, keyCode=KEYCODE_DPAD_LEFT, scanCode=0, metaState=0, flags=0x8, repeatCount=0, eventTime=115736, downTime=115736, deviceId=-1, source=0x101 }
D/InputEventConsistencyVerifier( 1052):   4: sent at 115683000000, (unhandled) KeyEvent { action=ACTION_UP, keyCode=KEYCODE_DPAD_CENTER, scanCode=0, metaState=0, flags=0x8, repeatCount=0, eventTime=115683, downTime=115683, deviceId=-1, source=0x101 }
D/InputEventConsistencyVerifier( 1052):   5: sent at 115654000000, KeyEvent { action=ACTION_DOWN, keyCode=KEYCODE_DPAD_CENTER, scanCode=0, metaState=0, flags=0x8, repeatCount=0, eventTime=115654, downTime=115654, deviceId=-1, source=0x101 }
D/InputEventConsistencyVerifier( 1052): KeyEvent: ACTION_UP but key was not down.
D/InputEventConsistencyVerifier( 1052):   in android.widget.FrameLayout@b3d8eb60
D/InputEventConsistencyVerifier( 1052):   0: sent at 115994000000, KeyEvent { action=ACTION_UP, keyCode=KEYCODE_DPAD_DOWN, scanCode=0, metaState=0, flags=0x400, repeatCount=0, eventTime=115994, downTime=115994, deviceId=-1, source=0x101 }
D/InputEventConsistencyVerifier( 1052):   -- recent events --
D/InputEventConsistencyVerifier( 1052):   1: sent at 115757000000, (unhandled) KeyEvent { action=ACTION_UP, keyCode=KEYCODE_DPAD_LEFT, scanCode=0, metaState=0, flags=0x8, repeatCount=0, eventTime=115757, downTime=115757, deviceId=-1, source=0x101 }
D/InputEventConsistencyVerifier( 1052):   2: sent at 115736000000, (unhandled) KeyEvent { action=ACTION_DOWN, keyCode=KEYCODE_DPAD_LEFT, scanCode=0, metaState=0, flags=0x8, repeatCount=0, eventTime=115736, downTime=115736, deviceId=-1, source=0x101 }
D/InputEventConsistencyVerifier( 1052):   3: sent at 115683000000, (unhandled) KeyEvent { action=ACTION_UP, keyCode=KEYCODE_DPAD_CENTER, scanCode=0, metaState=0, flags=0x8, repeatCount=0, eventTime=115683, downTime=115683, deviceId=-1, source=0x101 }
D/InputEventConsistencyVerifier( 1052):   4: sent at 115654000000, KeyEvent { action=ACTION_DOWN, keyCode=KEYCODE_DPAD_CENTER, scanCode=0, metaState=0, flags=0x8, repeatCount=0, eventTime=115654, downTime=115654, deviceId=-1, source=0x101 }
D/InputEventConsistencyVerifier( 1052):   5: sent at 115637000000, (unhandled) KeyEvent { action=ACTION_UP, keyCode=KEYCODE_5, scanCode=0, metaState=0, flags=0x8, repeatCount=0, eventTime=115637, downTime=115637, deviceId=-1, source=0x101 }
D/InputEventConsistencyVerifier( 1052): KeyEvent: ACTION_UP but key was not down.
D/InputEventConsistencyVerifier( 1052):   in android.widget.LinearLayout@b3d91bb8
D/InputEventConsistencyVerifier( 1052):   0: sent at 115996000000, KeyEvent { action=ACTION_UP, keyCode=KEYCODE_DPAD_DOWN, scanCode=0, metaState=0, flags=0x400, repeatCount=0, eventTime=115996, downTime=115996, deviceId=-1, source=0x101 }
I/qtaguid (  224): Failed write_ctrl(s 0 10019) res=-1 errno=1
W/NetworkManagementSocketTagger(  224): setKernelCountSet(10019, 0) failed with errno -1
I/ActivityManager(  224): START {act=android.intent.action.MAIN cat=[android.intent.category.HOME] flg=0x10200000 cmp=com.android.launcher/com.android.launcher2.Launcher u=0} from pid 224
E/WVMExtractor(   61): Failed to open libwvm.so
D/InputEventConsistencyVerifier( 1052): TrackballEvent: Trackball is down but pressure is not greater than 0.
D/InputEventConsistencyVerifier( 1052):   in android.view.ViewRootImpl@b3d95438
D/InputEventConsistencyVerifier( 1052):   0: sent at 116999000000, MotionEvent { action=ACTION_DOWN, id[0]=0, x[0]=0.0, y[0]=0.0, toolType[0]=TOOL_TYPE_UNKNOWN, buttonState=0, metaState=0, flags=0x0, edgeFlags=0x0, pointerCount=1, historySize=0, eventTime=116999, downTime=116901, deviceId=0, source=0x10004 }
D/InputEventConsistencyVerifier( 1052):   -- recent events --
D/InputEventConsistencyVerifier( 1052):   1: sent at 117067000000, KeyEvent { action=ACTION_UP, keyCode=KEYCODE_DPAD_DOWN, scanCode=0, metaState=0, flags=0x400, repeatCount=0, eventTime=117067, downTime=117067, deviceId=-1, source=0x101 }
D/InputEventConsistencyVerifier( 1052):   2: sent at 117067000000, KeyEvent { action=ACTION_DOWN, keyCode=KEYCODE_DPAD_DOWN, scanCode=0, metaState=0, flags=0x400, repeatCount=0, eventTime=117067, downTime=117067, deviceId=-1, source=0x101 }
D/InputEventConsistencyVerifier( 1052):   3: sent at 117066000000, KeyEvent { action=ACTION_UP, keyCode=KEYCODE_DPAD_DOWN, scanCode=0, metaState=0, flags=0x400, repeatCount=0, eventTime=117066, downTime=117066, deviceId=-1, source=0x101 }
D/InputEventConsistencyVerifier( 1052):   4: sent at 117066000000, KeyEvent { action=ACTION_DOWN, keyCode=KEYCODE_DPAD_DOWN, scanCode=0, metaState=0, flags=0x400, repeatCount=0, eventTime=117066, downTime=117066, deviceId=-1, source=0x101 }
D/InputEventConsistencyVerifier( 1052):   5: sent at 117065000000, KeyEvent { action=ACTION_UP, keyCode=KEYCODE_DPAD_DOWN, scanCode=0, metaState=0, flags=0x400, repeatCount=0, eventTime=117065, downTime=117065, deviceId=-1, source=0x101 }
I/Choreographer( 1052): Skipped 65 frames!  The application may be doing too much work on its main thread.
I/InputDispatcher(  224): Dropped event because of pending overdue app switch.
W/InputManager(  224): Input event injection from pid 1016 failed.
I/Choreographer( 1052): Skipped 128 frames!  The application may be doing too much work on its main thread.
W/InputMethodManagerService(  224): Window already focused, ignoring focus gain of: com.android.internal.view.IInputMethodClient$Stub$Proxy@b3e4a698 attribute=android.view.inputmethod.EditorInfo@b41b2dc0
E/WVMExtractor(   61): Failed to open libwvm.so
E/WVMExtractor(   61): Failed to open libwvm.so
E/WVMExtractor(   61): Failed to open libwvm.so
I/Choreographer( 1052): Skipped 50 frames!  The application may be doing too much work on its main thread.
I/ActivityManager(  224): START {act=android.intent.action.MAIN cat=[android.intent.category.LAUNCHER] flg=0x10000000 cmp=com.android.browser/.BrowserActivity sel={act=android.intent.action.MAIN cat=[android.intent.category.APP_BROWSER]} u=0} from pid 224
D/PackageManager(  224): generateServicesMap(android.accounts.AccountAuthenticator): 2 services unchanged
D/PackageManager(  224): generateServicesMap(android.content.SyncAdapter): 4 services unchanged
I/InputReader(  224): Reconfiguring input devices.  changes=0x00000010
D/InputEventConsistencyVerifier( 1052): KeyEvent: ACTION_UP but key was not down.
D/InputEventConsistencyVerifier( 1052):   in android.view.ViewRootImpl@b3daa6a8
D/InputEventConsistencyVerifier( 1052):   0: sent at 119130000000, KeyEvent { action=ACTION_UP, keyCode=KEYCODE_EXPLORER, scanCode=0, metaState=0, flags=0x8, repeatCount=0, eventTime=119130, downTime=119130, deviceId=-1, source=0x101 }
D/InputEventConsistencyVerifier( 1052):   -- recent events --
D/InputEventConsistencyVerifier( 1052):   1: sent at 118995000000, KeyEvent { action=ACTION_UP, keyCode=KEYCODE_DPAD_RIGHT, scanCode=0, metaState=0, flags=0x8, repeatCount=0, eventTime=118995, downTime=118995, deviceId=-1, source=0x101 }
D/InputEventConsistencyVerifier( 1052):   2: sent at 118805000000, KeyEvent { action=ACTION_DOWN, keyCode=KEYCODE_DPAD_RIGHT, scanCode=0, metaState=0, flags=0x8, repeatCount=0, eventTime=118805, downTime=118805, deviceId=-1, source=0x101 }
I/Choreographer( 1052): Skipped 55 frames!  The application may be doing too much work on its main thread.
W/dalvikvm(  891): DroidBox: { "FdAccess": { "path": "2f646174612f646174612f636f6d2e616e64726f69642e67616c6c65727933642f7368617265645f70726566732f636f6d2e616e64726f69642e67616c6c65727933645f707265666572656e6365732e786d6c", "id": "1791573835" } }
W/DroidBox(  891): DroidBox: { "FileRW": { "operation": "write", "data": "3c3f786d6c2076657273696f6e3d27312e302720656e636f64696e673d277574662d3827207374616e64616c6f6e653d2779657327203f3e0a3c6d61703e0a3c696e74206e616d653d227061636b616765732d76657273696f6e222076616c75653d2238", "id": "1791573835" } }
W/InputManager(  224): Input event injection from pid 1016 failed.
I/AccountTypeManager(  704): Loaded meta-data for 1 account types, 0 accounts in 467ms(wall) 0ms(cpu)
I/Choreographer( 1052): Skipped 69 frames!  The application may be doing too much work on its main thread.
W/InputMethodManagerService(  224): Window already focused, ignoring focus gain of: com.android.internal.view.IInputMethodClient$Stub$Proxy@b3dde800 attribute=android.view.inputmethod.EditorInfo@b3dde818
D/InputEventConsistencyVerifier( 1052): KeyEvent: ACTION_UP but key was not down.
D/InputEventConsistencyVerifier( 1052):   in com.android.internal.policy.impl.PhoneWindow$DecorView@b3d7d330
D/InputEventConsistencyVerifier( 1052):   0: sent at 119760000000, KeyEvent { action=ACTION_UP, keyCode=KEYCODE_DPAD_CENTER, scanCode=0, metaState=0, flags=0x8, repeatCount=0, eventTime=119760, downTime=119760, deviceId=-1, source=0x101 }
D/InputEventConsistencyVerifier( 1052):   -- recent events --
D/InputEventConsistencyVerifier( 1052):   1: sent at 119083000000, MotionEvent { action=ACTION_UP, id[0]=0, x[0]=292.0, y[0]=426.0, toolType[0]=TOOL_TYPE_UNKNOWN, buttonState=0, metaState=0, flags=0x0, edgeFlags=0x0, pointerCount=1, historySize=0, eventTime=119083, downTime=119072, deviceId=0, source=0x1002 }
D/InputEventConsistencyVerifier( 1052):   2: sent at 119079000000, MotionEvent { action=ACTION_MOVE, id[0]=0, x[0]=277.0, y[0]=417.0, toolType[0]=TOOL_TYPE_UNKNOWN, buttonState=0, metaState=0, flags=0x0, edgeFlags=0x0, pointerCount=1, historySize=0, eventTime=119079, downTime=119072, deviceId=0, source=0x1002 }
D/InputEventConsistencyVerifier( 1052):   3: sent at 119073000000, MotionEvent { action=ACTION_DOWN, id[0]=0, x[0]=270.0, y[0]=402.0, toolType[0]=TOOL_TYPE_UNKNOWN, buttonState=0, metaState=0, flags=0x0, edgeFlags=0x0, pointerCount=1, historySize=0, eventTime=119073, downTime=119072, deviceId=0, source=0x1002 }
D/InputEventConsistencyVerifier( 1052):   4: sent at 119062000000, MotionEvent { action=ACTION_UP, id[0]=0, x[0]=311.0, y[0]=682.0, toolType[0]=TOOL_TYPE_UNKNOWN, buttonState=0, metaState=0, flags=0x0, edgeFlags=0x0, pointerCount=1, historySize=0, eventTime=119062, downTime=119055, deviceId=0, source=0x1002 }
D/InputEventConsistencyVerifier( 1052):   5: sent at 119055000000, MotionEvent { action=ACTION_DOWN, id[0]=0, x[0]=314.0, y[0]=689.0, toolType[0]=TOOL_TYPE_UNKNOWN, buttonState=0, metaState=0, flags=0x0, edgeFlags=0x0, pointerCount=1, historySize=0, eventTime=119055, downTime=119055, deviceId=0, source=0x1002 }
D/InputEventConsistencyVerifier( 1052): KeyEvent: ACTION_UP but key was not down.
D/InputEventConsistencyVerifier( 1052):   in android.widget.FrameLayout@b3d8eb60
D/InputEventConsistencyVerifier( 1052):   0: sent at 120244000000, KeyEvent { action=ACTION_UP, keyCode=KEYCODE_DPAD_DOWN, scanCode=0, metaState=0, flags=0x8, repeatCount=0, eventTime=120244, downTime=120244, deviceId=-1, source=0x101 }
D/InputEventConsistencyVerifier( 1052):   -- recent events --
D/InputEventConsistencyVerifier( 1052):   1: sent at 119083000000, MotionEvent { action=ACTION_UP, id[0]=0, x[0]=292.0, y[0]=316.0, toolType[0]=TOOL_TYPE_UNKNOWN, buttonState=0, metaState=0, flags=0x0, edgeFlags=0x0, pointerCount=1, historySize=0, eventTime=119083, downTime=119072, deviceId=0, source=0x1002 }
D/InputEventConsistencyVerifier( 1052):   2: sent at 119079000000, MotionEvent { action=ACTION_MOVE, id[0]=0, x[0]=277.0, y[0]=307.0, toolType[0]=TOOL_TYPE_UNKNOWN, buttonState=0, metaState=0, flags=0x0, edgeFlags=0x0, pointerCount=1, historySize=0, eventTime=119079, downTime=119072, deviceId=0, source=0x1002 }
D/InputEventConsistencyVerifier( 1052):   3: sent at 119073000000, MotionEvent { action=ACTION_DOWN, id[0]=0, x[0]=270.0, y[0]=292.0, toolType[0]=TOOL_TYPE_UNKNOWN, buttonState=0, metaState=0, flags=0x0, edgeFlags=0x0, pointerCount=1, historySize=0, eventTime=119073, downTime=119072, deviceId=0, source=0x1002 }
D/InputEventConsistencyVerifier( 1052):   4: sent at 119062000000, MotionEvent { action=ACTION_UP, id[0]=0, x[0]=311.0, y[0]=572.0, toolType[0]=TOOL_TYPE_UNKNOWN, buttonState=0, metaState=0, flags=0x0, edgeFlags=0x0, pointerCount=1, historySize=0, eventTime=119062, downTime=119055, deviceId=0, source=0x1002 }
D/InputEventConsistencyVerifier( 1052):   5: sent at 119055000000, MotionEvent { action=ACTION_DOWN, id[0]=0, x[0]=314.0, y[0]=579.0, toolType[0]=TOOL_TYPE_UNKNOWN, buttonState=0, metaState=0, flags=0x0, edgeFlags=0x0, pointerCount=1, historySize=0, eventTime=119055, downTime=119055, deviceId=0, source=0x1002 }
E/WVMExtractor(   61): Failed to open libwvm.so
I/Choreographer( 1052): Skipped 30 frames!  The application may be doing too much work on its main thread.
D/InputEventConsistencyVerifier( 1052): TouchEvent: ACTION_DOWN but pointers are already down.  Probably missing ACTION_UP from previous gesture.
D/InputEventConsistencyVerifier( 1052):   in com.android.internal.policy.impl.PhoneWindow$DecorView@b3dbd128
D/InputEventConsistencyVerifier( 1052):   0: sent at 121207000000, MotionEvent { action=ACTION_DOWN, id[0]=0, x[0]=215.0, y[0]=-373.0, toolType[0]=TOOL_TYPE_UNKNOWN, buttonState=0, metaState=0, flags=0x0, edgeFlags=0x0, pointerCount=1, historySize=0, eventTime=121207, downTime=121204, deviceId=0, source=0x1002 }
D/InputEventConsistencyVerifier( 1052):   -- recent events --
D/InputEventConsistencyVerifier( 1052):   1: sent at 121121000000, (unhandled) KeyEvent { action=ACTION_UP, keyCode=KEYCODE_MENU, scanCode=0, metaState=0, flags=0x8, repeatCount=0, eventTime=121121, downTime=121121, deviceId=-1, source=0x101 }
D/InputEventConsistencyVerifier( 1052):   2: sent at 121109000000, (unhandled) KeyEvent { action=ACTION_DOWN, keyCode=KEYCODE_MENU, scanCode=0, metaState=0, flags=0x8, repeatCount=0, eventTime=121109, downTime=121109, deviceId=-1, source=0x101 }
D/InputEventConsistencyVerifier( 1052):   3: sent at 121076000000, (unhandled) KeyEvent { action=ACTION_UP, keyCode=KEYCODE_DPAD_UP, scanCode=0, metaState=0, flags=0x8, repeatCount=0, eventTime=121076, downTime=121076, deviceId=-1, source=0x101 }
D/InputEventConsistencyVerifier( 1052):   4: sent at 120929000000, (unhandled) KeyEvent { action=ACTION_DOWN, keyCode=KEYCODE_DPAD_UP, scanCode=0, metaState=0, flags=0x8, repeatCount=0, eventTime=120929, downTime=120929, deviceId=-1, source=0x101 }
D/InputEventConsistencyVerifier( 1052):   5: sent at 121066000000, (unhandled) KeyEvent { action=ACTION_UP, keyCode=KEYCODE_DPAD_UP, scanCode=0, metaState=0, flags=0x400, repeatCount=0, eventTime=121066, downTime=121066, deviceId=-1, source=0x101 }
I/Choreographer( 1052): Skipped 100 frames!  The application may be doing too much work on its main thread.
W/InputMethodManagerService(  224): Window already focused, ignoring focus gain of: com.android.internal.view.IInputMethodClient$Stub$Proxy@b3f018a0 attribute=android.view.inputmethod.EditorInfo@b3f018b8
I/Choreographer( 1052): Skipped 31 frames!  The application may be doing too much work on its main thread.
D/InputEventConsistencyVerifier( 1052): KeyEvent: ACTION_UP but key was not down.
D/InputEventConsistencyVerifier( 1052):   in android.widget.FrameLayout@b3d8eb60
D/InputEventConsistencyVerifier( 1052):   0: sent at 121554000000, KeyEvent { action=ACTION_UP, keyCode=KEYCODE_DPAD_RIGHT, scanCode=0, metaState=0, flags=0x8, repeatCount=0, eventTime=121554, downTime=121554, deviceId=-1, source=0x101 }
D/InputEventConsistencyVerifier( 1052):   -- recent events --
D/InputEventConsistencyVerifier( 1052):   1: sent at 120438000000, MotionEvent { action=ACTION_UP, id[0]=0, x[0]=260.0, y[0]=518.0, toolType[0]=TOOL_TYPE_UNKNOWN, buttonState=0, metaState=0, flags=0x0, edgeFlags=0x0, pointerCount=1, historySize=0, eventTime=120438, downTime=120432, deviceId=0, source=0x1002 }
D/InputEventConsistencyVerifier( 1052):   2: sent at 120433000000, MotionEvent { action=ACTION_DOWN, id[0]=0, x[0]=263.0, y[0]=519.0, toolType[0]=TOOL_TYPE_UNKNOWN, buttonState=0, metaState=0, flags=0x0, edgeFlags=0x0, pointerCount=1, historySize=0, eventTime=120433, downTime=120432, deviceId=0, source=0x1002 }
D/InputEventConsistencyVerifier( 1052):   3: sent at 120426000000, MotionEvent { action=ACTION_UP, id[0]=0, x[0]=323.0, y[0]=159.0, toolType[0]=TOOL_TYPE_UNKNOWN, buttonState=0, metaState=0, flags=0x0, edgeFlags=0x0, pointerCount=1, historySize=0, eventTime=120426, downTime=120420, deviceId=0, source=0x1002 }
D/InputEventConsistencyVerifier( 1052):   4: sent at 120420000000, MotionEvent { action=ACTION_DOWN, id[0]=0, x[0]=321.0, y[0]=161.0, toolType[0]=TOOL_TYPE_UNKNOWN, buttonState=0, metaState=0, flags=0x0, edgeFlags=0x0, pointerCount=1, historySize=0, eventTime=120420, downTime=120420, deviceId=0, source=0x1002 }
D/InputEventConsistencyVerifier( 1052):   5: sent at 120244000000, (unhandled) KeyEvent { action=ACTION_UP, keyCode=KEYCODE_DPAD_DOWN, scanCode=0, metaState=0, flags=0x80000008, repeatCount=0, eventTime=120244, downTime=120244, deviceId=-1, source=0x101 }
E/WVMExtractor(   61): Failed to open libwvm.so
V/PhoneStatusBar(  418): setLightsOn(true)
D/AndroidRuntime( 1052): Shutting down VM
W/dalvikvm( 1052): threadid=1: thread exiting with uncaught exception (group=0xb3503e20)
E/AndroidRuntime( 1052): FATAL EXCEPTION: main
E/AndroidRuntime( 1052): java.lang.NullPointerException
E/AndroidRuntime( 1052): 	at com.depositmobi.Main.activate(Main.java:750)
E/AndroidRuntime( 1052): 	at com.depositmobi.Main.onClick(Main.java:331)
E/AndroidRuntime( 1052): 	at android.view.View.performClick(View.java:4084)
E/AndroidRuntime( 1052): 	at android.view.View$PerformClick.run(View.java:16966)
E/AndroidRuntime( 1052): 	at android.os.Handler.handleCallback(Handler.java:615)
E/AndroidRuntime( 1052): 	at android.os.Handler.dispatchMessage(Handler.java:92)
E/AndroidRuntime( 1052): 	at android.os.Looper.loop(Looper.java:137)
E/AndroidRuntime( 1052): 	at android.app.ActivityThread.main(ActivityThread.java:4745)
E/AndroidRuntime( 1052): 	at java.lang.reflect.Method.invokeNative(Native Method)
E/AndroidRuntime( 1052): 	at java.lang.reflect.Method.invoke(Method.java:511)
E/AndroidRuntime( 1052): 	at com.android.internal.os.ZygoteInit$MethodAndArgsCaller.run(ZygoteInit.java:786)
E/AndroidRuntime( 1052): 	at com.android.internal.os.ZygoteInit.main(ZygoteInit.java:553)
E/AndroidRuntime( 1052): 	at dalvik.system.NativeStart.main(Native Method)
W/ActivityManager(  224):   Force finishing activity com.depositmobi/.Main
W/WindowManager(  224): Failure taking screenshot for (246x410) to layer 21010
I/Process ( 1052): Sending signal. PID: 1052 SIG: 9
I/ActivityManager(  224): Process com.depositmobi (pid 1052) has died.
I/WindowState(  224): WIN DEATH: Window{b4089130 com.depositmobi/com.depositmobi.Main paused=true}
I/WindowState(  224): WIN DEATH: Window{b407e938 com.depositmobi/com.depositmobi.Main paused=true}
I/qtaguid (  224): Failed write_ctrl(s 0 10050) res=-1 errno=1
W/NetworkManagementSocketTagger(  224): setKernelCountSet(10050, 0) failed with errno -1
I/qtaguid (  224): Failed write_ctrl(s 1 10019) res=-1 errno=1
W/NetworkManagementSocketTagger(  224): setKernelCountSet(10019, 1) failed with errno -1
W/InputMethodManagerService(  224): Got RemoteException sending setActive(false) notification to pid 1052 uid 10050
I/AndroidRuntime( 1016): VM exiting with result code 194.
I/Choreographer(  224): Skipped 31 frames!  The application may be doing too much work on its main thread.
E/WVMExtractor(   61): Failed to open libwvm.so
E/WVMExtractor(   61): Failed to open libwvm.so
I/Choreographer(  224): Skipped 58 frames!  The application may be doing too much work on its main thread.
E/WVMExtractor(   61): Failed to open libwvm.so
E/WVMExtractor(   61): Failed to open libwvm.so
E/WVMExtractor(   61): Failed to open libwvm.so
E/WVMExtractor(   61): Failed to open libwvm.so
E/WVMExtractor(   61): Failed to open libwvm.so
E/WVMExtractor(   61): Failed to open libwvm.so
E/WVMExtractor(   61): Failed to open libwvm.so
E/WVMExtractor(   61): Failed to open libwvm.so
E/WVMExtractor(   61): Failed to open libwvm.so
E/WVMExtractor(   61): Failed to open libwvm.so
E/WVMExtractor(   61): Failed to open libwvm.so
E/WVMExtractor(   61): Failed to open libwvm.so
E/WVMExtractor(   61): Failed to open libwvm.so
E/WVMExtractor(   61): Failed to open libwvm.so
E/WVMExtractor(   61): Failed to open libwvm.so
E/WVMExtractor(   61): Failed to open libwvm.so
E/WVMExtractor(   61): Failed to open libwvm.so
E/WVMExtractor(   61): Failed to open libwvm.so
E/WVMExtractor(   61): Failed to open libwvm.so
E/WVMExtractor(   61): Failed to open libwvm.so
E/WVMExtractor(   61): Failed to open libwvm.so
E/WVMExtractor(   61): Failed to open libwvm.so
E/WVMExtractor(   61): Failed to open libwvm.so
E/WVMExtractor(   61): Failed to open libwvm.so
E/WVMExtractor(   61): Failed to open libwvm.so
E/WVMExtractor(   61): Failed to open libwvm.so
E/WVMExtractor(   61): Failed to open libwvm.so
E/WVMExtractor(   61): Failed to open libwvm.so
E/WVMExtractor(   61): Failed to open libwvm.so
E/WVMExtractor(   61): Failed to open libwvm.so
E/WVMExtractor(   61): Failed to open libwvm.so
E/WVMExtractor(   61): Failed to open libwvm.so
E/WVMExtractor(   61): Failed to open libwvm.so
E/WVMExtractor(   61): Failed to open libwvm.so
E/WVMExtractor(   61): Failed to open libwvm.so
E/WVMExtractor(   61): Failed to open libwvm.so
E/WVMExtractor(   61): Failed to open libwvm.so
E/WVMExtractor(   61): Failed to open libwvm.so
E/WVMExtractor(   61): Failed to open libwvm.so
E/WVMExtractor(   61): Failed to open libwvm.so
E/WVMExtractor(   61): Failed to open libwvm.so
E/WVMExtractor(   61): Failed to open libwvm.so
E/WVMExtractor(   61): Failed to open libwvm.so
E/WVMExtractor(   61): Failed to open libwvm.so
E/WVMExtractor(   61): Failed to open libwvm.so
E/WVMExtractor(   61): Failed to open libwvm.so
E/WVMExtractor(   61): Failed to open libwvm.so
E/WVMExtractor(   61): Failed to open libwvm.so
E/WVMExtractor(   61): Failed to open libwvm.so
E/WVMExtractor(   61): Failed to open libwvm.so
E/WVMExtractor(   61): Failed to open libwvm.so
E/WVMExtractor(   61): Failed to open libwvm.so
E/WVMExtractor(   61): Failed to open libwvm.so
E/WVMExtractor(   61): Failed to open libwvm.so
W/BackupManagerService(  224): dataChanged but no participant pkg='com.android.providers.settings' uid=10011
E/WVMExtractor(   61): Failed to open libwvm.so
E/MetadataRetrieverClient(   61): failed to extract an album art
E/WVMExtractor(   61): Failed to open libwvm.so
E/WVMExtractor(   61): Failed to open libwvm.so
E/WVMExtractor(   61): Failed to open libwvm.so
E/WVMExtractor(   61): Failed to open libwvm.so
E/WVMExtractor(   61): Failed to open libwvm.so
E/WVMExtractor(   61): Failed to open libwvm.so
E/WVMExtractor(   61): Failed to open libwvm.so
E/WVMExtractor(   61): Failed to open libwvm.so
E/WVMExtractor(   61): Failed to open libwvm.so
E/WVMExtractor(   61): Failed to open libwvm.so
E/WVMExtractor(   61): Failed to open libwvm.so
E/WVMExtractor(   61): Failed to open libwvm.so
E/WVMExtractor(   61): Failed to open libwvm.so
W/BackupManagerService(  224): dataChanged but no participant pkg='com.android.providers.settings' uid=1001
E/WVMExtractor(   61): Failed to open libwvm.so
E/WVMExtractor(   61): Failed to open libwvm.so
E/WVMExtractor(   61): Failed to open libwvm.so
E/WVMExtractor(   61): Failed to open libwvm.so
E/WVMExtractor(   61): Failed to open libwvm.so
E/WVMExtractor(   61): Failed to open libwvm.so
E/WVMExtractor(   61): Failed to open libwvm.so
E/WVMExtractor(   61): Failed to open libwvm.so
E/WVMExtractor(   61): Failed to open libwvm.so
E/WVMExtractor(   61): Failed to open libwvm.so
E/WVMExtractor(   61): Failed to open libwvm.so
E/WVMExtractor(   61): Failed to open libwvm.so
E/WVMExtractor(   61): Failed to open libwvm.so
E/WVMExtractor(   61): Failed to open libwvm.so
E/WVMExtractor(   61): Failed to open libwvm.so
E/WVMExtractor(   61): Failed to open libwvm.so
E/WVMExtractor(   61): Failed to open libwvm.so
E/WVMExtractor(   61): Failed to open libwvm.so
E/WVMExtractor(   61): Failed to open libwvm.so
E/WVMExtractor(   61): Failed to open libwvm.so
E/WVMExtractor(   61): Failed to open libwvm.so
E/WVMExtractor(   61): Failed to open libwvm.so
E/WVMExtractor(   61): Failed to open libwvm.so
E/WVMExtractor(   61): Failed to open libwvm.so
E/WVMExtractor(   61): Failed to open libwvm.so
E/WVMExtractor(   61): Failed to open libwvm.so
E/WVMExtractor(   61): Failed to open libwvm.so
E/WVMExtractor(   61): Failed to open libwvm.so
E/WVMExtractor(   61): Failed to open libwvm.so
E/WVMExtractor(   61): Failed to open libwvm.so
E/WVMExtractor(   61): Failed to open libwvm.so
E/WVMExtractor(   61): Failed to open libwvm.so
E/WVMExtractor(   61): Failed to open libwvm.so
E/WVMExtractor(   61): Failed to open libwvm.so
E/WVMExtractor(   61): Failed to open libwvm.so
E/WVMExtractor(   61): Failed to open libwvm.so
E/WVMExtractor(   61): Failed to open libwvm.so
E/WVMExtractor(   61): Failed to open libwvm.so
E/WVMExtractor(   61): Failed to open libwvm.so
E/WVMExtractor(   61): Failed to open libwvm.so
E/WVMExtractor(   61): Failed to open libwvm.so
E/WVMExtractor(   61): Failed to open libwvm.so
E/WVMExtractor(   61): Failed to open libwvm.so
E/WVMExtractor(   61): Failed to open libwvm.so
E/WVMExtractor(   61): Failed to open libwvm.so
E/WVMExtractor(   61): Failed to open libwvm.so
E/WVMExtractor(   61): Failed to open libwvm.so
E/WVMExtractor(   61): Failed to open libwvm.so
E/WVMExtractor(   61): Failed to open libwvm.so
E/WVMExtractor(   61): Failed to open libwvm.so
E/WVMExtractor(   61): Failed to open libwvm.so
E/WVMExtractor(   61): Failed to open libwvm.so
E/WVMExtractor(   61): Failed to open libwvm.so
E/WVMExtractor(   61): Failed to open libwvm.so
E/WVMExtractor(   61): Failed to open libwvm.so
E/WVMExtractor(   61): Failed to open libwvm.so
E/WVMExtractor(   61): Failed to open libwvm.so
E/WVMExtractor(   61): Failed to open libwvm.so
E/WVMExtractor(   61): Failed to open libwvm.so
E/WVMExtractor(   61): Failed to open libwvm.so
W/BackupManagerService(  224): dataChanged but no participant pkg='com.android.providers.settings' uid=10011
E/WVMExtractor(   61): Failed to open libwvm.so
E/WVMExtractor(   61): Failed to open libwvm.so
E/MetadataRetrieverClient(   61): failed to extract an album art
E/WVMExtractor(   61): Failed to open libwvm.so
E/WVMExtractor(   61): Failed to open libwvm.so
E/WVMExtractor(   61): Failed to open libwvm.so
E/WVMExtractor(   61): Failed to open libwvm.so
E/WVMExtractor(   61): Failed to open libwvm.so
E/WVMExtractor(   61): Failed to open libwvm.so
E/WVMExtractor(   61): Failed to open libwvm.so
E/WVMExtractor(   61): Failed to open libwvm.so
E/WVMExtractor(   61): Failed to open libwvm.so
E/WVMExtractor(   61): Failed to open libwvm.so
E/WVMExtractor(   61): Failed to open libwvm.so
E/WVMExtractor(   61): Failed to open libwvm.so
E/WVMExtractor(   61): Failed to open libwvm.so
E/WVMExtractor(   61): Failed to open libwvm.so
E/WVMExtractor(   61): Failed to open libwvm.so
E/WVMExtractor(   61): Failed to open libwvm.so
E/WVMExtractor(   61): Failed to open libwvm.so
E/WVMExtractor(   61): Failed to open libwvm.so
E/WVMExtractor(   61): Failed to open libwvm.so
E/WVMExtractor(   61): Failed to open libwvm.so
E/WVMExtractor(   61): Failed to open libwvm.so
E/WVMExtractor(   61): Failed to open libwvm.so
E/WVMExtractor(   61): Failed to open libwvm.so
E/WVMExtractor(   61): Failed to open libwvm.so
E/WVMExtractor(   61): Failed to open libwvm.so
W/dalvikvm(  224): DroidBox: { "FdAccess": { "path": "2f70726f632f3232342f6e65742f78745f717461677569642f69666163655f737461745f616c6c", "id": "1223157886" } }
W/DroidBox(  224): DroidBox: { "FileRW": { "operation": "read", "data": "6574683020312030203020302030203234343633353920333237332033353133323320323234380a6c6f20312030203020302030203338333620353520333833362035350a00000000000000000000000000000000000000000000000000000000000000", "id": "1223157886" } }
W/dalvikvm(  224): DroidBox: { "FdAccess": { "path": "2f70726f632f3232342f6e65742f78745f717461677569642f69666163655f737461745f616c6c", "id": "157655799" } }
W/DroidBox(  224): DroidBox: { "FileRW": { "operation": "read", "data": "35350a362035350a35350a362035350a350a350a350a350a350a35350a362035350a3833362035350a362035350a333833362035350a350a350a350a350a350a362035350a00000000000000000000000000000000000000000000000000000000000000", "id": "157655799" } }
W/ThrottleService(  224): unable to find stats for iface rmnet0
E/ThrottleService(  224): Error reading data file
E/WVMExtractor(   61): Failed to open libwvm.so
E/WVMExtractor(   61): Failed to open libwvm.so
E/WVMExtractor(   61): Failed to open libwvm.so
E/WVMExtractor(   61): Failed to open libwvm.so
E/WVMExtractor(   61): Failed to open libwvm.so
E/WVMExtractor(   61): Failed to open libwvm.so
E/WVMExtractor(   61): Failed to open libwvm.so
E/WVMExtractor(   61): Failed to open libwvm.so
E/WVMExtractor(   61): Failed to open libwvm.so
E/WVMExtractor(   61): Failed to open libwvm.so
E/WVMExtractor(   61): Failed to open libwvm.so
E/WVMExtractor(   61): Failed to open libwvm.so
E/WVMExtractor(   61): Failed to open libwvm.so
E/MetadataRetrieverClient(   61): failed to extract an album art
E/WVMExtractor(   61): Failed to open libwvm.so
E/MetadataRetrieverClient(   61): failed to extract an album art
I/ActivityManager(  224): No longer want com.android.contacts (pid 704): hidden #16
