D/InputEventConsistencyVerifier( 1000):   1: sent at 270689000000, MotionEvent { action=ACTION_MOVE, id[0]=0, x[0]=3.0, y[0]=1.0, toolType[0]=TOOL_TYPE_UNKNOWN, buttonState=0, metaState=0, flags=0x0, edgeFlags=0x0, pointerCount=1, historySize=8, eventTime=270689, downTime=-1, deviceId=0, source=0x10004 }
D/InputEventConsistencyVerifier( 1000):   2: sent at 270663000000, KeyEvent { action=ACTION_UP, keyCode=KEYCODE_DPAD_RIGHT, scanCode=0, metaState=0, flags=0x400, repeatCount=0, eventTime=270663, downTime=270663, deviceId=-1, source=0x101 }
D/InputEventConsistencyVerifier( 1000):   3: sent at 270663000000, KeyEvent { action=ACTION_DOWN, keyCode=KEYCODE_DPAD_RIGHT, scanCode=0, metaState=0, flags=0x400, repeatCount=0, eventTime=270663, downTime=270663, deviceId=-1, source=0x101 }
D/InputEventConsistencyVerifier( 1000):   4: sent at 270662000000, KeyEvent { action=ACTION_UP, keyCode=KEYCODE_DPAD_RIGHT, scanCode=0, metaState=0, flags=0x400, repeatCount=0, eventTime=270662, downTime=270662, deviceId=-1, source=0x101 }
D/InputEventConsistencyVerifier( 1000):   5: sent at 270662000000, KeyEvent { action=ACTION_DOWN, keyCode=KEYCODE_DPAD_RIGHT, scanCode=0, metaState=0, flags=0x400, repeatCount=0, eventTime=270662, downTime=270662, deviceId=-1, source=0x101 }
I/Choreographer( 1000): Skipped 59 frames!  The application may be doing too much work on its main thread.
I/ARMAssembler(   60): generated scanline__00000077:03515104_00009001_00000000 [131 ipp] (153 ins) at [0xb5d17a70:0xb5d17cd4] in 0 ns
D/InputEventConsistencyVerifier( 1000): KeyEvent: ACTION_UP but key was not down.
D/InputEventConsistencyVerifier( 1000):   in com.android.internal.policy.impl.PhoneWindow$DecorView@b407b528
D/InputEventConsistencyVerifier( 1000):   0: sent at 272391000000, KeyEvent { action=ACTION_UP, keyCode=KEYCODE_DPAD_UP, scanCode=0, metaState=0, flags=0x400, repeatCount=0, eventTime=272391, downTime=272391, deviceId=-1, source=0x101 }
D/InputEventConsistencyVerifier( 1000):   -- recent events --
D/InputEventConsistencyVerifier( 1000):   1: sent at 272209000000, (unhandled) MotionEvent { action=ACTION_MOVE, id[0]=0, x[0]=1.0, y[0]=-4.0, toolType[0]=TOOL_TYPE_UNKNOWN, buttonState=0, metaState=0, flags=0x0, edgeFlags=0x0, pointerCount=1, historySize=9, eventTime=272209, downTime=-1, deviceId=0, source=0x10004 }
D/InputEventConsistencyVerifier( 1000):   2: sent at 272138000000, (unhandled) KeyEvent { action=ACTION_UP, keyCode=KEYCODE_DPAD_UP, scanCode=0, metaState=0, flags=0x8, repeatCount=0, eventTime=272138, downTime=272138, deviceId=-1, source=0x101 }
D/InputEventConsistencyVerifier( 1000):   3: sent at 272131000000, (unhandled) KeyEvent { action=ACTION_DOWN, keyCode=KEYCODE_DPAD_UP, scanCode=0, metaState=0, flags=0x8, repeatCount=0, eventTime=272131, downTime=272131, deviceId=-1, source=0x101 }
D/InputEventConsistencyVerifier( 1000):   4: sent at 272074000000, (unhandled) KeyEvent { action=ACTION_UP, keyCode=KEYCODE_DPAD_LEFT, scanCode=0, metaState=0, flags=0x8, repeatCount=0, eventTime=272074, downTime=272074, deviceId=-1, source=0x101 }
D/InputEventConsistencyVerifier( 1000):   5: sent at 271912000000, (unhandled) KeyEvent { action=ACTION_DOWN, keyCode=KEYCODE_DPAD_LEFT, scanCode=0, metaState=0, flags=0x8, repeatCount=0, eventTime=271912, downTime=271912, deviceId=-1, source=0x101 }
D/InputEventConsistencyVerifier( 1000): KeyEvent: ACTION_UP but key was not down.
D/InputEventConsistencyVerifier( 1000):   in com.android.internal.policy.impl.PhoneWindow$DecorView@b407b528
D/InputEventConsistencyVerifier( 1000):   0: sent at 273202000000, KeyEvent { action=ACTION_UP, keyCode=KEYCODE_DPAD_CENTER, scanCode=0, metaState=0, flags=0x8, repeatCount=0, eventTime=273202, downTime=273202, deviceId=-1, source=0x101 }
D/InputEventConsistencyVerifier( 1000):   -- recent events --
D/InputEventConsistencyVerifier( 1000):   1: sent at 273170000000, (unhandled) MotionEvent { action=ACTION_UP, id[0]=0, x[0]=181.33334, y[0]=312.6667, toolType[0]=TOOL_TYPE_UNKNOWN, buttonState=0, metaState=0, flags=0x0, edgeFlags=0x0, pointerCount=1, historySize=0, eventTime=273170, downTime=273164, deviceId=0, source=0x1002 }
D/InputEventConsistencyVerifier( 1000):   2: sent at 273165000000, (unhandled) MotionEvent { action=ACTION_DOWN, id[0]=0, x[0]=178.66667, y[0]=319.33334, toolType[0]=TOOL_TYPE_UNKNOWN, buttonState=0, metaState=0, flags=0x0, edgeFlags=0x0, pointerCount=1, historySize=0, eventTime=273165, downTime=273164, deviceId=0, source=0x1002 }
D/InputEventConsistencyVerifier( 1000):   3: sent at 273147000000, (unhandled) MotionEvent { action=ACTION_UP, id[0]=0, x[0]=265.33334, y[0]=203.33334, toolType[0]=TOOL_TYPE_UNKNOWN, buttonState=0, metaState=0, flags=0x0, edgeFlags=0x0, pointerCount=1, historySize=0, eventTime=273147, downTime=273109, deviceId=0, source=0x1002 }
D/InputEventConsistencyVerifier( 1000):   4: sent at 273144000000, (unhandled) MotionEvent { action=ACTION_MOVE, id[0]=0, x[0]=260.6667, y[0]=201.33334, toolType[0]=TOOL_TYPE_UNKNOWN, buttonState=0, metaState=0, flags=0x0, edgeFlags=0x0, pointerCount=1, historySize=2, eventTime=273144, downTime=273109, deviceId=0, source=0x1002 }
D/InputEventConsistencyVerifier( 1000):   5: sent at 273111000000, (unhandled) MotionEvent { action=ACTION_DOWN, id[0]=0, x[0]=228.0, y[0]=198.66669, toolType[0]=TOOL_TYPE_UNKNOWN, buttonState=0, metaState=0, flags=0x0, edgeFlags=0x0, pointerCount=1, historySize=0, eventTime=273111, downTime=273109, deviceId=0, source=0x1002 }
D/InputEventConsistencyVerifier( 1000): KeyEvent: ACTION_UP but key was not down.
D/InputEventConsistencyVerifier( 1000):   in com.android.internal.policy.impl.PhoneWindow$DecorView@b407b528
D/InputEventConsistencyVerifier( 1000):   0: sent at 273676000000, KeyEvent { action=ACTION_UP, keyCode=KEYCODE_DPAD_CENTER, scanCode=0, metaState=0, flags=0x8, repeatCount=0, eventTime=273676, downTime=273676, deviceId=-1, source=0x101 }
D/InputEventConsistencyVerifier( 1000):   -- recent events --
D/InputEventConsistencyVerifier( 1000):   1: sent at 273630000000, (unhandled) MotionEvent { action=ACTION_UP, id[0]=0, x[0]=-16.666666, y[0]=345.33334, toolType[0]=TOOL_TYPE_UNKNOWN, buttonState=0, metaState=0, flags=0x0, edgeFlags=0x0, pointerCount=1, historySize=0, eventTime=273630, downTime=273618, deviceId=0, source=0x1002 }
D/InputEventConsistencyVerifier( 1000):   2: sent at 273626000000, (unhandled) MotionEvent { action=ACTION_MOVE, id[0]=0, x[0]=-8.666664, y[0]=359.33334, toolType[0]=TOOL_TYPE_UNKNOWN, buttonState=0, metaState=0, flags=0x0, edgeFlags=0x0, pointerCount=1, historySize=0, eventTime=273626, downTime=273618, deviceId=0, source=0x1002 }
D/InputEventConsistencyVerifier( 1000):   3: sent at 273619000000, (unhandled) MotionEvent { action=ACTION_DOWN, id[0]=0, x[0]=-1.3333321, y[0]=372.0, toolType[0]=TOOL_TYPE_UNKNOWN, buttonState=0, metaState=0, flags=0x0, edgeFlags=0x0, pointerCount=1, historySize=0, eventTime=273619, downTime=273618, deviceId=0, source=0x1002 }
D/InputEventConsistencyVerifier( 1000):   4: sent at 273591000000, (unhandled) KeyEvent { action=ACTION_UP, keyCode=KEYCODE_DPAD_RIGHT, scanCode=0, metaState=0, flags=0x8, repeatCount=0, eventTime=273591, downTime=273591, deviceId=-1, source=0x101 }
D/InputEventConsistencyVerifier( 1000):   5: sent at 273576000000, (unhandled) KeyEvent { action=ACTION_DOWN, keyCode=KEYCODE_DPAD_RIGHT, scanCode=0, metaState=0, flags=0x8, repeatCount=0, eventTime=273576, downTime=273576, deviceId=-1, source=0x101 }
D/CanvasInput( 1000): +++++++++++++++++++++++++++
W/InputEventReceiver( 1000): Attempted to finish an input event but the input event receiver has already been disposed.
W/InputEventReceiver( 1000): Attempted to finish an input event but the input event receiver has already been disposed.
W/InputEventReceiver( 1000): Attempted to finish an input event but the input event receiver has already been disposed.
I/ActivityManager(  224): START {act=android.intent.action.MAIN cat=[android.intent.category.LAUNCHER] flg=0x10200000 cmp=FiveChessSuper.Client.Deamon/.FiveChess u=0} from pid 982
I/Choreographer( 1000): Skipped 64 frames!  The application may be doing too much work on its main thread.
I/Choreographer( 1000): Skipped 33 frames!  The application may be doing too much work on its main thread.
D/InputEventConsistencyVerifier( 1000): TrackballEvent: Trackball is down but pressure is not greater than 0.
D/InputEventConsistencyVerifier( 1000):   in android.view.ViewRootImpl@b3e374e0
D/InputEventConsistencyVerifier( 1000):   0: sent at 278476000000, MotionEvent { action=ACTION_DOWN, id[0]=0, x[0]=0.0, y[0]=0.0, toolType[0]=TOOL_TYPE_UNKNOWN, buttonState=0, metaState=0, flags=0x0, edgeFlags=0x0, pointerCount=1, historySize=0, eventTime=278476, downTime=278419, deviceId=0, source=0x10004 }
D/InputEventConsistencyVerifier( 1000):   -- recent events --
D/InputEventConsistencyVerifier( 1000):   1: sent at 278507000000, KeyEvent { action=ACTION_UP, keyCode=KEYCODE_DPAD_UP, scanCode=0, metaState=0, flags=0x400, repeatCount=0, eventTime=278507, downTime=278507, deviceId=-1, source=0x101 }
D/InputEventConsistencyVerifier( 1000):   2: sent at 278507000000, KeyEvent { action=ACTION_DOWN, keyCode=KEYCODE_DPAD_UP, scanCode=0, metaState=0, flags=0x400, repeatCount=0, eventTime=278507, downTime=278507, deviceId=-1, source=0x101 }
D/InputEventConsistencyVerifier( 1000):   3: sent at 278506000000, KeyEvent { action=ACTION_UP, keyCode=KEYCODE_DPAD_UP, scanCode=0, metaState=0, flags=0x400, repeatCount=0, eventTime=278506, downTime=278506, deviceId=-1, source=0x101 }
D/InputEventConsistencyVerifier( 1000):   4: sent at 278506000000, KeyEvent { action=ACTION_DOWN, keyCode=KEYCODE_DPAD_UP, scanCode=0, metaState=0, flags=0x400, repeatCount=0, eventTime=278506, downTime=278506, deviceId=-1, source=0x101 }
D/InputEventConsistencyVerifier( 1000):   5: sent at 278505000000, KeyEvent { action=ACTION_UP, keyCode=KEYCODE_DPAD_UP, scanCode=0, metaState=0, flags=0x400, repeatCount=0, eventTime=278505, downTime=278505, deviceId=-1, source=0x101 }
I/ActivityManager(  224): START {act=android.intent.action.MAIN cat=[android.intent.category.LAUNCHER] flg=0x10200000 cmp=FiveChessSuper.Client.Deamon/.FiveChess u=0} from pid 982
I/ActivityManager(  224): START {act=android.intent.action.MAIN cat=[android.intent.category.HOME] flg=0x10200000 cmp=com.android.launcher/com.android.launcher2.Launcher u=0} from pid 224
I/InputDispatcher(  224): Dropped event because of pending overdue app switch.
W/InputManager(  224): Input event injection from pid 982 failed.
I/ActivityManager(  224): START {act=android.intent.action.MAIN cat=[android.intent.category.HOME] flg=0x10200000 cmp=com.android.launcher/com.android.launcher2.Launcher u=0} from pid 224
I/InputDispatcher(  224): Dropped event because of pending overdue app switch.
W/InputManager(  224): Input event injection from pid 982 failed.
D/InputEventConsistencyVerifier( 1000): KeyEvent: ACTION_UP but key was not down.
D/InputEventConsistencyVerifier( 1000):   in android.view.ViewRootImpl@b3e374e0
D/InputEventConsistencyVerifier( 1000):   0: sent at 283597000000, KeyEvent { action=ACTION_UP, keyCode=KEYCODE_MENU, scanCode=0, metaState=0, flags=0x8, repeatCount=0, eventTime=283597, downTime=283597, deviceId=-1, source=0x101 }
D/InputEventConsistencyVerifier( 1000):   -- recent events --
D/InputEventConsistencyVerifier( 1000):   1: sent at 283258000000, KeyEvent { action=ACTION_UP, keyCode=KEYCODE_DPAD_CENTER, scanCode=0, metaState=0, flags=0x8, repeatCount=0, eventTime=283258, downTime=283258, deviceId=-1, source=0x101 }
D/InputEventConsistencyVerifier( 1000):   2: sent at 283202000000, KeyEvent { action=ACTION_DOWN, keyCode=KEYCODE_DPAD_CENTER, scanCode=0, metaState=0, flags=0x8, repeatCount=0, eventTime=283202, downTime=283202, deviceId=-1, source=0x101 }
D/InputEventConsistencyVerifier( 1000):   3: sent at 283228000000, KeyEvent { action=ACTION_UP, keyCode=KEYCODE_DPAD_UP, scanCode=0, metaState=0, flags=0x400, repeatCount=0, eventTime=283228, downTime=283228, deviceId=-1, source=0x101 }
D/InputEventConsistencyVerifier( 1000):   4: sent at 283228000000, KeyEvent { action=ACTION_DOWN, keyCode=KEYCODE_DPAD_UP, scanCode=0, metaState=0, flags=0x400, repeatCount=0, eventTime=283228, downTime=283228, deviceId=-1, source=0x101 }
D/InputEventConsistencyVerifier( 1000):   5: sent at 283227000000, KeyEvent { action=ACTION_UP, keyCode=KEYCODE_DPAD_UP, scanCode=0, metaState=0, flags=0x400, repeatCount=0, eventTime=283227, downTime=283227, deviceId=-1, source=0x101 }
I/Choreographer(  224): Skipped 48 frames!  The application may be doing too much work on its main thread.
I/Choreographer( 1000): Skipped 34 frames!  The application may be doing too much work on its main thread.
W/DroidBox( 1073): DroidBox: { "ServiceStart": { "name": "com.android.music.MediaPlaybackService" } }
W/DroidBox( 1073): DroidBox: { "ServiceStart": { "name": "com.android.music.MediaPlaybackService" } }
D/InputEventConsistencyVerifier( 1000): TrackballEvent: Trackball is down but pressure is not greater than 0.
D/InputEventConsistencyVerifier( 1000):   in android.view.ViewRootImpl@b3e374e0
D/InputEventConsistencyVerifier( 1000):   0: sent at 286319000000, MotionEvent { action=ACTION_DOWN, id[0]=0, x[0]=0.0, y[0]=0.0, toolType[0]=TOOL_TYPE_UNKNOWN, buttonState=0, metaState=0, flags=0x0, edgeFlags=0x0, pointerCount=1, historySize=0, eventTime=286319, downTime=286230, deviceId=0, source=0x10004 }
D/InputEventConsistencyVerifier( 1000):   -- recent events --
D/InputEventConsistencyVerifier( 1000):   1: sent at 286358000000, KeyEvent { action=ACTION_UP, keyCode=KEYCODE_DPAD_UP, scanCode=0, metaState=0, flags=0x400, repeatCount=0, eventTime=286358, downTime=286358, deviceId=-1, source=0x101 }
D/InputEventConsistencyVerifier( 1000):   2: sent at 286358000000, KeyEvent { action=ACTION_DOWN, keyCode=KEYCODE_DPAD_UP, scanCode=0, metaState=0, flags=0x400, repeatCount=0, eventTime=286358, downTime=286358, deviceId=-1, source=0x101 }
D/InputEventConsistencyVerifier( 1000):   3: sent at 286357000000, KeyEvent { action=ACTION_UP, keyCode=KEYCODE_DPAD_UP, scanCode=0, metaState=0, flags=0x400, repeatCount=0, eventTime=286357, downTime=286357, deviceId=-1, source=0x101 }
D/InputEventConsistencyVerifier( 1000):   4: sent at 286357000000, KeyEvent { action=ACTION_DOWN, keyCode=KEYCODE_DPAD_UP, scanCode=0, metaState=0, flags=0x400, repeatCount=0, eventTime=286357, downTime=286357, deviceId=-1, source=0x101 }
D/InputEventConsistencyVerifier( 1000):   5: sent at 286356000000, KeyEvent { action=ACTION_UP, keyCode=KEYCODE_DPAD_UP, scanCode=0, metaState=0, flags=0x400, repeatCount=0, eventTime=286356, downTime=286356, deviceId=-1, source=0x101 }
I/ActivityManager(  224): START {act=android.intent.action.MAIN cat=[android.intent.category.LAUNCHER] flg=0x10200000 cmp=FiveChessSuper.Client.Deamon/.FiveChess u=0} from pid 982
D/InputEventConsistencyVerifier( 1000): TrackballEvent: Trackball is down but pressure is not greater than 0.
D/InputEventConsistencyVerifier( 1000):   in android.view.ViewRootImpl@b3e374e0
D/InputEventConsistencyVerifier( 1000):   0: sent at 289685000000, MotionEvent { action=ACTION_DOWN, id[0]=0, x[0]=0.0, y[0]=0.0, toolType[0]=TOOL_TYPE_UNKNOWN, buttonState=0, metaState=0, flags=0x0, edgeFlags=0x0, pointerCount=1, historySize=0, eventTime=289685, downTime=289634, deviceId=0, source=0x10004 }
D/InputEventConsistencyVerifier( 1000):   -- recent events --
D/InputEventConsistencyVerifier( 1000):   1: sent at 289730000000, KeyEvent { action=ACTION_UP, keyCode=KEYCODE_DPAD_UP, scanCode=0, metaState=0, flags=0x400, repeatCount=0, eventTime=289730, downTime=289730, deviceId=-1, source=0x101 }
D/InputEventConsistencyVerifier( 1000):   2: sent at 289730000000, KeyEvent { action=ACTION_DOWN, keyCode=KEYCODE_DPAD_UP, scanCode=0, metaState=0, flags=0x400, repeatCount=0, eventTime=289730, downTime=289730, deviceId=-1, source=0x101 }
D/InputEventConsistencyVerifier( 1000):   3: sent at 289729000000, KeyEvent { action=ACTION_UP, keyCode=KEYCODE_DPAD_UP, scanCode=0, metaState=0, flags=0x400, repeatCount=0, eventTime=289729, downTime=289729, deviceId=-1, source=0x101 }
D/InputEventConsistencyVerifier( 1000):   4: sent at 289729000000, KeyEvent { action=ACTION_DOWN, keyCode=KEYCODE_DPAD_UP, scanCode=0, metaState=0, flags=0x400, repeatCount=0, eventTime=289729, downTime=289729, deviceId=-1, source=0x101 }
D/InputEventConsistencyVerifier( 1000):   5: sent at 289728000000, KeyEvent { action=ACTION_UP, keyCode=KEYCODE_DPAD_UP, scanCode=0, metaState=0, flags=0x400, repeatCount=0, eventTime=289728, downTime=289728, deviceId=-1, source=0x101 }
I/ActivityManager(  224): START {act=android.intent.action.MAIN cat=[android.intent.category.HOME] flg=0x10200000 cmp=com.android.launcher/com.android.launcher2.Launcher u=0} from pid 224
I/InputDispatcher(  224): Dropped event because of pending overdue app switch.
W/InputManager(  224): Input event injection from pid 982 failed.
D/InputEventConsistencyVerifier( 1000): KeyEvent: ACTION_UP but key was not down.
D/InputEventConsistencyVerifier( 1000):   in android.view.ViewRootImpl@b3e374e0
D/InputEventConsistencyVerifier( 1000):   0: sent at 291768000000, KeyEvent { action=ACTION_UP, keyCode=KEYCODE_F12, scanCode=0, metaState=0, flags=0x8, repeatCount=0, eventTime=291768, downTime=291768, deviceId=-1, source=0x101 }
D/InputEventConsistencyVerifier( 1000):   -- recent events --
D/InputEventConsistencyVerifier( 1000):   1: sent at 291868000000, KeyEvent { action=ACTION_UP, keyCode=KEYCODE_DPAD_LEFT, scanCode=0, metaState=0, flags=0x400, repeatCount=0, eventTime=291868, downTime=291868, deviceId=-1, source=0x101 }
D/InputEventConsistencyVerifier( 1000):   2: sent at 291868000000, KeyEvent { action=ACTION_DOWN, keyCode=KEYCODE_DPAD_LEFT, scanCode=0, metaState=0, flags=0x400, repeatCount=0, eventTime=291868, downTime=291868, deviceId=-1, source=0x101 }
D/InputEventConsistencyVerifier( 1000):   3: sent at 291867000000, KeyEvent { action=ACTION_UP, keyCode=KEYCODE_DPAD_LEFT, scanCode=0, metaState=0, flags=0x400, repeatCount=0, eventTime=291867, downTime=291867, deviceId=-1, source=0x101 }
D/InputEventConsistencyVerifier( 1000):   4: sent at 291867000000, KeyEvent { action=ACTION_DOWN, keyCode=KEYCODE_DPAD_LEFT, scanCode=0, metaState=0, flags=0x400, repeatCount=0, eventTime=291867, downTime=291867, deviceId=-1, source=0x101 }
D/InputEventConsistencyVerifier( 1000):   5: sent at 291867000000, KeyEvent { action=ACTION_UP, keyCode=KEYCODE_DPAD_LEFT, scanCode=0, metaState=0, flags=0x400, repeatCount=0, eventTime=291867, downTime=291867, deviceId=-1, source=0x101 }
D/InputEventConsistencyVerifier( 1000): TrackballEvent: Trackball is down but pressure is not greater than 0.
D/InputEventConsistencyVerifier( 1000):   in android.view.ViewRootImpl@b3e374e0
D/InputEventConsistencyVerifier( 1000):   0: sent at 292336000000, MotionEvent { action=ACTION_DOWN, id[0]=0, x[0]=0.0, y[0]=0.0, toolType[0]=TOOL_TYPE_UNKNOWN, buttonState=0, metaState=0, flags=0x0, edgeFlags=0x0, pointerCount=1, historySize=0, eventTime=292336, downTime=292297, deviceId=0, source=0x10004 }
D/InputEventConsistencyVerifier( 1000):   -- recent events --
D/InputEventConsistencyVerifier( 1000):   1: sent at 292334000000, MotionEvent { action=ACTION_MOVE, id[0]=0, x[0]=-4.0, y[0]=1.0, toolType[0]=TOOL_TYPE_UNKNOWN, buttonState=0, metaState=0, flags=0x0, edgeFlags=0x0, pointerCount=1, historySize=9, eventTime=292334, downTime=-1, deviceId=0, source=0x10004 }
D/InputEventConsistencyVerifier( 1000):   2: sent at 292245000000, KeyEvent { action=ACTION_UP, keyCode=KEYCODE_DPAD_RIGHT, scanCode=0, metaState=0, flags=0x8, repeatCount=0, eventTime=292245, downTime=292245, deviceId=-1, source=0x101 }
D/InputEventConsistencyVerifier( 1000):   3: sent at 291898000000, KeyEvent { action=ACTION_DOWN, keyCode=KEYCODE_DPAD_RIGHT, scanCode=0, metaState=0, flags=0x8, repeatCount=0, eventTime=291898, downTime=291898, deviceId=-1, source=0x101 }
D/InputEventConsistencyVerifier( 1000):   4: sent at 291768000000, KeyEvent { action=ACTION_UP, keyCode=KEYCODE_F12, scanCode=0, metaState=0, flags=0x80000008, repeatCount=0, eventTime=291768, downTime=291768, deviceId=-1, source=0x101 }
D/InputEventConsistencyVerifier( 1000):   5: sent at 291868000000, KeyEvent { action=ACTION_UP, keyCode=KEYCODE_DPAD_LEFT, scanCode=0, metaState=0, flags=0x400, repeatCount=0, eventTime=291868, downTime=291868, deviceId=-1, source=0x101 }
I/ActivityManager(  224): START {act=android.intent.action.CALL_BUTTON flg=0x10000000 cmp=com.android.contacts/.activities.DialtactsActivity u=0} from pid 1000
I/ActivityManager(  224): START {act=android.intent.action.MAIN cat=[android.intent.category.LAUNCHER] flg=0x10200000 cmp=FiveChessSuper.Client.Deamon/.FiveChess u=0} from pid 982
I/ActivityManager(  224): START {act=android.intent.action.CALL_BUTTON flg=0x10000000 cmp=com.android.contacts/.activities.DialtactsActivity u=0} from pid 1000
I/ActivityManager(  224): START {act=android.intent.action.MAIN cat=[android.intent.category.LAUNCHER] flg=0x10200000 cmp=FiveChessSuper.Client.Deamon/.FiveChess u=0} from pid 982
I/Choreographer( 1000): Skipped 32 frames!  The application may be doing too much work on its main thread.
D/InputEventConsistencyVerifier( 1000): KeyEvent: ACTION_UP but key was not down.
D/InputEventConsistencyVerifier( 1000):   in com.android.internal.policy.impl.PhoneWindow$DecorView@b407b528
D/InputEventConsistencyVerifier( 1000):   0: sent at 298116000000, KeyEvent { action=ACTION_UP, keyCode=KEYCODE_DPAD_CENTER, scanCode=0, metaState=0, flags=0x8, repeatCount=0, eventTime=298116, downTime=298116, deviceId=-1, source=0x101 }
D/InputEventConsistencyVerifier( 1000):   -- recent events --
D/InputEventConsistencyVerifier( 1000):   1: sent at 298091000000, (unhandled) MotionEvent { action=ACTION_UP, id[0]=0, x[0]=116.0, y[0]=306.0, toolType[0]=TOOL_TYPE_UNKNOWN, buttonState=0, metaState=0, flags=0x0, edgeFlags=0x0, pointerCount=1, historySize=0, eventTime=298091, downTime=298085, deviceId=0, source=0x1002 }
D/InputEventConsistencyVerifier( 1000):   2: sent at 298086000000, (unhandled) MotionEvent { action=ACTION_DOWN, id[0]=0, x[0]=117.33334, y[0]=314.0, toolType[0]=TOOL_TYPE_UNKNOWN, buttonState=0, metaState=0, flags=0x0, edgeFlags=0x0, pointerCount=1, historySize=0, eventTime=298086, downTime=298085, deviceId=0, source=0x1002 }
D/InputEventConsistencyVerifier( 1000):   3: sent at 298077000000, (unhandled) KeyEvent { action=ACTION_UP, keyCode=KEYCODE_MENU, scanCode=0, metaState=0, flags=0x8, repeatCount=0, eventTime=298077, downTime=298077, deviceId=-1, source=0x101 }
D/InputEventConsistencyVerifier( 1000):   4: sent at 298061000000, (unhandled) KeyEvent { action=ACTION_DOWN, keyCode=KEYCODE_MENU, scanCode=0, metaState=0, flags=0x8, repeatCount=0, eventTime=298061, downTime=298061, deviceId=-1, source=0x101 }
D/InputEventConsistencyVerifier( 1000):   5: sent at 297864000000, (unhandled) KeyEvent { action=ACTION_UP, keyCode=KEYCODE_MENU, scanCode=0, metaState=0, flags=0x8, repeatCount=0, eventTime=297864, downTime=297864, deviceId=-1, source=0x101 }
I/Choreographer( 1000): Skipped 54 frames!  The application may be doing too much work on its main thread.
D/InputEventConsistencyVerifier( 1000): KeyEvent: ACTION_UP but key was not down.
D/InputEventConsistencyVerifier( 1000):   in com.android.internal.policy.impl.PhoneWindow$DecorView@b407b528
D/InputEventConsistencyVerifier( 1000):   0: sent at 298212000000, KeyEvent { action=ACTION_UP, keyCode=KEYCODE_DPAD_CENTER, scanCode=0, metaState=0, flags=0x8, repeatCount=0, eventTime=298212, downTime=298212, deviceId=-1, source=0x101 }
D/InputEventConsistencyVerifier( 1000):   -- recent events --
D/InputEventConsistencyVerifier( 1000):   1: sent at 298178000000, (unhandled) KeyEvent { action=ACTION_UP, keyCode=KEYCODE_DPAD_LEFT, scanCode=0, metaState=0, flags=0x8, repeatCount=0, eventTime=298178, downTime=298178, deviceId=-1, source=0x101 }
D/InputEventConsistencyVerifier( 1000):   2: sent at 298172000000, (unhandled) KeyEvent { action=ACTION_DOWN, keyCode=KEYCODE_DPAD_LEFT, scanCode=0, metaState=0, flags=0x8, repeatCount=0, eventTime=298172, downTime=298172, deviceId=-1, source=0x101 }
D/InputEventConsistencyVerifier( 1000):   3: sent at 298166000000, (unhandled) KeyEvent { action=ACTION_UP, keyCode=KEYCODE_DPAD_RIGHT, scanCode=0, metaState=0, flags=0x8, repeatCount=0, eventTime=298166, downTime=298166, deviceId=-1, source=0x101 }
D/InputEventConsistencyVerifier( 1000):   4: sent at 298156000000, (unhandled) KeyEvent { action=ACTION_DOWN, keyCode=KEYCODE_DPAD_RIGHT, scanCode=0, metaState=0, flags=0x8, repeatCount=0, eventTime=298156, downTime=298156, deviceId=-1, source=0x101 }
D/InputEventConsistencyVerifier( 1000):   5: sent at 298149000000, (unhandled) KeyEvent { action=ACTION_UP, keyCode=KEYCODE_DPAD_RIGHT, scanCode=0, metaState=0, flags=0x8, repeatCount=0, eventTime=298149, downTime=298149, deviceId=-1, source=0x101 }
I/ActivityManager(  224): START {act=android.intent.action.MAIN cat=[android.intent.category.LAUNCHER] flg=0x10200000 cmp=FiveChessSuper.Client.Deamon/.FiveChess u=0} from pid 982
D/CanvasInput( 1000): +++++++++++++++++++++++++++
W/InputEventReceiver( 1000): Attempted to finish an input event but the input event receiver has already been disposed.
I/ActivityManager(  224): START {act=android.intent.action.MAIN cat=[android.intent.category.LAUNCHER] flg=0x10200000 cmp=FiveChessSuper.Client.Deamon/.FiveChess u=0} from pid 982
I/Choreographer( 1000): Skipped 39 frames!  The application may be doing too much work on its main thread.
W/dalvikvm(  982): DroidBox: { "FdAccess": { "path": "2f6465762f696e7075742f6576656e7430", "id": "371065000" } }
W/DroidBox(  982): DroidBox: { "FileRW": { "operation": "write", "data": "7f060000efbfbd3901000500000001000000", "id": "371065000" } }
I/ActivityManager(  224): START {act=android.intent.action.MAIN cat=[android.intent.category.LAUNCHER] flg=0x10200000 cmp=FiveChessSuper.Client.Deamon/.FiveChess u=0} from pid 982
I/Choreographer( 1000): Skipped 122 frames!  The application may be doing too much work on its main thread.
I/ActivityManager(  224): START {act=android.intent.action.MAIN cat=[android.intent.category.LAUNCHER] flg=0x10000000 cmp=com.android.contacts/.activities.PeopleActivity sel={act=android.intent.action.MAIN cat=[android.intent.category.APP_CONTACTS]} u=0} from pid 224
D/InputEventConsistencyVerifier( 1000): KeyEvent: ACTION_UP but key was not down.
D/InputEventConsistencyVerifier( 1000):   in android.view.ViewRootImpl@b3e374e0
D/InputEventConsistencyVerifier( 1000):   0: sent at 312741000000, KeyEvent { action=ACTION_UP, keyCode=KEYCODE_CONTACTS, scanCode=0, metaState=0, flags=0x8, repeatCount=0, eventTime=312741, downTime=312741, deviceId=-1, source=0x101 }
D/InputEventConsistencyVerifier( 1000):   -- recent events --
D/InputEventConsistencyVerifier( 1000):   1: sent at 312750000000, KeyEvent { action=ACTION_UP, keyCode=KEYCODE_DPAD_UP, scanCode=0, metaState=0, flags=0x400, repeatCount=0, eventTime=312750, downTime=312750, deviceId=-1, source=0x101 }
D/InputEventConsistencyVerifier( 1000):   2: sent at 312750000000, KeyEvent { action=ACTION_DOWN, keyCode=KEYCODE_DPAD_UP, scanCode=0, metaState=0, flags=0x400, repeatCount=0, eventTime=312750, downTime=312750, deviceId=-1, source=0x101 }
D/InputEventConsistencyVerifier( 1000):   3: sent at 312748000000, KeyEvent { action=ACTION_UP, keyCode=KEYCODE_DPAD_UP, scanCode=0, metaState=0, flags=0x400, repeatCount=0, eventTime=312748, downTime=312748, deviceId=-1, source=0x101 }
D/InputEventConsistencyVerifier( 1000):   4: sent at 312748000000, KeyEvent { action=ACTION_DOWN, keyCode=KEYCODE_DPAD_UP, scanCode=0, metaState=0, flags=0x400, repeatCount=0, eventTime=312748, downTime=312748, deviceId=-1, source=0x101 }
D/InputEventConsistencyVerifier( 1000):   5: sent at 312744000000, KeyEvent { action=ACTION_UP, keyCode=KEYCODE_DPAD_UP, scanCode=0, metaState=0, flags=0x400, repeatCount=0, eventTime=312744, downTime=312744, deviceId=-1, source=0x101 }
W/DroidBox( 1073): DroidBox: { "ServiceStart": { "name": "com.android.music.MediaPlaybackService" } }
W/DroidBox( 1073): DroidBox: { "ServiceStart": { "name": "com.android.music.MediaPlaybackService" } }
I/Choreographer( 1000): Skipped 41 frames!  The application may be doing too much work on its main thread.
I/AudioService(  224):  AudioFocus  requestAudioFocus() from android.media.AudioManager@b3e44db8com.android.music.MediaPlaybackService$3@b3e435f0
I/AudioService(  224):   Remote Control   registerMediaButtonIntent() for PendingIntent{b404f980: PendingIntentRecord{b3f2d2a8 com.android.music broadcastIntent}}
I/Choreographer( 1000): Skipped 39 frames!  The application may be doing too much work on its main thread.
D/InputEventConsistencyVerifier( 1000): KeyEvent: ACTION_UP but key was not down.
D/InputEventConsistencyVerifier( 1000):   in com.android.internal.policy.impl.PhoneWindow$DecorView@b407b528
D/InputEventConsistencyVerifier( 1000):   0: sent at 319684000000, KeyEvent { action=ACTION_UP, keyCode=KEYCODE_DPAD_DOWN, scanCode=0, metaState=0, flags=0x8, repeatCount=0, eventTime=319684, downTime=319684, deviceId=-1, source=0x101 }
D/InputEventConsistencyVerifier( 1000):   -- recent events --
D/InputEventConsistencyVerifier( 1000):   1: sent at 319640000000, (unhandled) MotionEvent { action=ACTION_UP, id[0]=0, x[0]=168.66667, y[0]=92.0, toolType[0]=TOOL_TYPE_UNKNOWN, buttonState=0, metaState=0, flags=0x0, edgeFlags=0x0, pointerCount=1, historySize=0, eventTime=319640, downTime=319635, deviceId=0, source=0x1002 }
D/InputEventConsistencyVerifier( 1000):   2: sent at 319635000000, (unhandled) MotionEvent { action=ACTION_DOWN, id[0]=0, x[0]=171.33334, y[0]=106.66667, toolType[0]=TOOL_TYPE_UNKNOWN, buttonState=0, metaState=0, flags=0x0, edgeFlags=0x0, pointerCount=1, historySize=0, eventTime=319635, downTime=319635, deviceId=0, source=0x1002 }
D/InputEventConsistencyVerifier( 1000):   3: sent at 319615000000, (unhandled) KeyEvent { action=ACTION_UP, keyCode=KEYCODE_DPAD_RIGHT, scanCode=0, metaState=0, flags=0x8, repeatCount=0, eventTime=319615, downTime=319615, deviceId=-1, source=0x101 }
D/InputEventConsistencyVerifier( 1000):   4: sent at 319595000000, (unhandled) KeyEvent { action=ACTION_DOWN, keyCode=KEYCODE_DPAD_RIGHT, scanCode=0, metaState=0, flags=0x8, repeatCount=0, eventTime=319595, downTime=319595, deviceId=-1, source=0x101 }
D/InputEventConsistencyVerifier( 1000):   5: sent at 319567000000, (unhandled) KeyEvent { action=ACTION_UP, keyCode=KEYCODE_MENU, scanCode=0, metaState=0, flags=0x8, repeatCount=0, eventTime=319567, downTime=319567, deviceId=-1, source=0x101 }
D/InputEventConsistencyVerifier( 1000): KeyEvent: ACTION_UP but key was not down.
D/InputEventConsistencyVerifier( 1000):   in com.android.internal.policy.impl.PhoneWindow$DecorView@b407b528
D/InputEventConsistencyVerifier( 1000):   0: sent at 320228000000, KeyEvent { action=ACTION_UP, keyCode=KEYCODE_DPAD_RIGHT, scanCode=0, metaState=0, flags=0x8, repeatCount=0, eventTime=320228, downTime=320228, deviceId=-1, source=0x101 }
D/InputEventConsistencyVerifier( 1000):   -- recent events --
D/InputEventConsistencyVerifier( 1000):   1: sent at 320183000000, (unhandled) MotionEvent { action=ACTION_UP, id[0]=0, x[0]=176.66667, y[0]=314.0, toolType[0]=TOOL_TYPE_UNKNOWN, buttonState=0, metaState=0, flags=0x0, edgeFlags=0x0, pointerCount=1, historySize=0, eventTime=320183, downTime=320159, deviceId=0, source=0x1002 }
D/InputEventConsistencyVerifier( 1000):   2: sent at 320181000000, (unhandled) MotionEvent { action=ACTION_POINTER_UP(1), id[0]=0, x[0]=169.33334, y[0]=312.0, toolType[0]=TOOL_TYPE_UNKNOWN, id[1]=1, x[1]=217.33334, y[1]=201.33334, toolType[1]=TOOL_TYPE_UNKNOWN, buttonState=0, metaState=0, flags=0x0, edgeFlags=0x0, pointerCount=2, historySize=0, eventTime=320181, downTime=320159, deviceId=0, source=0x1002 }
D/InputEventConsistencyVerifier( 1000):   3: sent at 320179000000, (unhandled) MotionEvent { action=ACTION_MOVE, id[0]=0, x[0]=162.66667, y[0]=304.6667, toolType[0]=TOOL_TYPE_UNKNOWN, id[1]=1, x[1]=219.33334, y[1]=200.0, toolType[1]=TOOL_TYPE_UNKNOWN, buttonState=0, metaState=0, flags=0x0, edgeFlags=0x0, pointerCount=2, historySize=0, eventTime=320179, downTime=320159, deviceId=0, source=0x1002 }
D/InputEventConsistencyVerifier( 1000):   4: sent at 320177000000, (unhandled) MotionEvent { action=ACTION_POINTER_DOWN(1), id[0]=0, x[0]=156.0, y[0]=298.6667, toolType[0]=TOOL_TYPE_UNKNOWN, id[1]=1, x[1]=223.33334, y[1]=199.33334, toolType[1]=TOOL_TYPE_UNKNOWN, buttonState=0, metaState=0, flags=0x0, edgeFlags=0x0, pointerCount=2, historySize=0, eventTime=320177, downTime=320159, deviceId=0, source=0x1002 }
D/InputEventConsistencyVerifier( 1000):   5: sent at 320172000000, (unhandled) MotionEvent { action=ACTION_DOWN, id[0]=0, x[0]=152.0, y[0]=292.0, toolType[0]=TOOL_TYPE_UNKNOWN, buttonState=0, metaState=0, flags=0x0, edgeFlags=0x0, pointerCount=1, historySize=0, eventTime=320172, downTime=320159, deviceId=0, source=0x1002 }
D/CanvasInput( 1000): +++++++++++++++++++++++++++
D/InputEventConsistencyVerifier( 1000): KeyEvent: ACTION_UP but key was not down.
D/InputEventConsistencyVerifier( 1000):   in android.view.ViewRootImpl@b3e374e0
D/InputEventConsistencyVerifier( 1000):   0: sent at 320651000000, KeyEvent { action=ACTION_UP, keyCode=KEYCODE_DPAD_DOWN, scanCode=0, metaState=0, flags=0x8, repeatCount=0, eventTime=320651, downTime=320651, deviceId=-1, source=0x101 }
D/InputEventConsistencyVerifier( 1000):   -- recent events --
D/InputEventConsistencyVerifier( 1000):   1: sent at 318271000000, MotionEvent { action=ACTION_UP, id[0]=0, x[0]=27.0, y[0]=309.0, toolType[0]=TOOL_TYPE_UNKNOWN, buttonState=0, metaState=0, flags=0x0, edgeFlags=0x0, pointerCount=1, historySize=0, eventTime=318271, downTime=318237, deviceId=0, source=0x1002 }
D/InputEventConsistencyVerifier( 1000):   2: sent at 318238000000, MotionEvent { action=ACTION_DOWN, id[0]=0, x[0]=30.0, y[0]=312.0, toolType[0]=TOOL_TYPE_UNKNOWN, buttonState=0, metaState=0, flags=0x0, edgeFlags=0x0, pointerCount=1, historySize=0, eventTime=318238, downTime=318237, deviceId=0, source=0x1002 }
D/InputEventConsistencyVerifier( 1000):   3: sent at 318220000000, MotionEvent { action=ACTION_UP, id[0]=0, x[0]=388.0, y[0]=430.0, toolType[0]=TOOL_TYPE_UNKNOWN, buttonState=0, metaState=0, flags=0x0, edgeFlags=0x0, pointerCount=1, historySize=0, eventTime=318220, downTime=318173, deviceId=0, source=0x1002 }
D/InputEventConsistencyVerifier( 1000):   4: sent at 318218000000, MotionEvent { action=ACTION_MOVE, id[0]=0, x[0]=400.0, y[0]=431.0, toolType[0]=TOOL_TYPE_UNKNOWN, buttonState=0, metaState=0, flags=0x0, edgeFlags=0x0, pointerCount=1, historySize=7, eventTime=318218, downTime=318173, deviceId=0, source=0x1002 }
D/InputEventConsistencyVerifier( 1000):   5: sent at 318176000000, MotionEvent { action=ACTION_DOWN, id[0]=0, x[0]=441.0, y[0]=438.0, toolType[0]=TOOL_TYPE_UNKNOWN, buttonState=0, metaState=0, flags=0x0, edgeFlags=0x0, pointerCount=1, historySize=0, eventTime=318176, downTime=318173, deviceId=0, source=0x1002 }
I/ActivityManager(  224): START {act=android.intent.action.MAIN cat=[android.intent.category.LAUNCHER] flg=0x10200000 cmp=FiveChessSuper.Client.Deamon/.FiveChess u=0} from pid 982
I/ActivityManager(  224): START {act=android.intent.action.MAIN cat=[android.intent.category.HOME] flg=0x10200000 cmp=com.android.launcher/com.android.launcher2.Launcher u=0} from pid 224
W/dalvikvm(  982): DroidBox: { "FdAccess": { "path": "2f6465762f696e7075742f6576656e7430", "id": "824795830" } }
W/DroidBox(  982): DroidBox: { "FileRW": { "operation": "write", "data": "efbfbd060000efbfbdefbfbd0c000500000000000000", "id": "824795830" } }
W/dalvikvm(  982): DroidBox: { "FdAccess": { "path": "2f6465762f696e7075742f6576656e7430", "id": "1925953424" } }
W/DroidBox(  982): DroidBox: { "FileRW": { "operation": "write", "data": "7f060000efbfbd3901000500000001000000", "id": "1925953424" } }
I/InputDispatcher(  224): Dropped event because of pending overdue app switch.
W/InputManager(  224): Input event injection from pid 982 failed.
D/InputEventConsistencyVerifier( 1000): KeyEvent: ACTION_UP but key was not down.
D/InputEventConsistencyVerifier( 1000):   in android.view.ViewRootImpl@b3e374e0
D/InputEventConsistencyVerifier( 1000):   0: sent at 328046000000, KeyEvent { action=ACTION_UP, keyCode=KEYCODE_DPAD_CENTER, scanCode=0, metaState=0, flags=0x8, repeatCount=0, eventTime=328046, downTime=328046, deviceId=-1, source=0x101 }
D/InputEventConsistencyVerifier( 1000):   -- recent events --
D/InputEventConsistencyVerifier( 1000):   1: sent at 328002000000, KeyEvent { action=ACTION_UP, keyCode=KEYCODE_DPAD_UP, scanCode=0, metaState=0, flags=0x8, repeatCount=0, eventTime=328002, downTime=328002, deviceId=-1, source=0x101 }
D/InputEventConsistencyVerifier( 1000):   2: sent at 327982000000, KeyEvent { action=ACTION_DOWN, keyCode=KEYCODE_DPAD_UP, scanCode=0, metaState=0, flags=0x8, repeatCount=0, eventTime=327982, downTime=327982, deviceId=-1, source=0x101 }
D/InputEventConsistencyVerifier( 1000):   3: sent at 327885000000, KeyEvent { action=ACTION_UP, keyCode=KEYCODE_DPAD_LEFT, scanCode=0, metaState=0, flags=0x8, repeatCount=0, eventTime=327885, downTime=327885, deviceId=-1, source=0x101 }
D/InputEventConsistencyVerifier( 1000):   4: sent at 327859000000, KeyEvent { action=ACTION_DOWN, keyCode=KEYCODE_DPAD_LEFT, scanCode=0, metaState=0, flags=0x8, repeatCount=0, eventTime=327859, downTime=327859, deviceId=-1, source=0x101 }
D/InputEventConsistencyVerifier( 1000):   5: sent at 327779000000, KeyEvent { action=ACTION_UP, keyCode=KEYCODE_DPAD_UP, scanCode=0, metaState=0, flags=0x8, repeatCount=0, eventTime=327779, downTime=327779, deviceId=-1, source=0x101 }
I/ActivityManager(  224): START {act=android.intent.action.MAIN cat=[android.intent.category.LAUNCHER] flg=0x10200000 cmp=FiveChessSuper.Client.Deamon/.FiveChess u=0} from pid 982
I/ActivityManager(  224): START {act=android.intent.action.MAIN cat=[android.intent.category.LAUNCHER] flg=0x10200000 cmp=FiveChessSuper.Client.Deamon/.FiveChess u=0} from pid 982
W/dalvikvm(  982): DroidBox: { "FdAccess": { "path": "2f6465762f696e7075742f6576656e7430", "id": "384942111" } }
W/DroidBox(  982): DroidBox: { "FileRW": { "operation": "write", "data": "efbfbd060000efbfbdefbfbd0c000500000000000000", "id": "384942111" } }
I/ActivityManager(  224): START {act=android.intent.action.MAIN cat=[android.intent.category.HOME] flg=0x10200000 cmp=com.android.launcher/com.android.launcher2.Launcher u=0} from pid 224
W/dalvikvm( 1000): DroidBox: { "FdAccess": { "path": "2f646174612f646174612f46697665436865737353757065722e436c69656e742e4465616d6f6e2f7368617265645f70726566732f4d595f505245465f4669766543686573735f312e786d6c", "id": "582450887" } }
W/DroidBox( 1000): DroidBox: { "FileRW": { "operation": "write", "data": "3c3f786d6c2076657273696f6e3d27312e302720656e636f64696e673d277574662d3827207374616e64616c6f6e653d2779657327203f3e0a3c6d61703e0a3c737472696e67206e616d653d227573657277696e223e303c2f737472696e673e0a3c7374", "id": "582450887" } }
W/dalvikvm(  982): DroidBox: { "FdAccess": { "path": "2f6465762f696e7075742f6576656e7430", "id": "637696705" } }
W/DroidBox(  982): DroidBox: { "FileRW": { "operation": "write", "data": "7f060000efbfbd3901000500000001000000", "id": "637696705" } }
I/ActivityManager(  224): START {act=android.intent.action.MAIN cat=[android.intent.category.LAUNCHER] flg=0x10200000 cmp=FiveChessSuper.Client.Deamon/.FiveChess u=0} from pid 982
D/InputEventConsistencyVerifier( 1000): TrackballEvent: Trackball is down but pressure is not greater than 0.
D/InputEventConsistencyVerifier( 1000):   in android.view.ViewRootImpl@b3e374e0
D/InputEventConsistencyVerifier( 1000):   0: sent at 333577000000, MotionEvent { action=ACTION_DOWN, id[0]=0, x[0]=0.0, y[0]=0.0, toolType[0]=TOOL_TYPE_UNKNOWN, buttonState=0, metaState=0, flags=0x0, edgeFlags=0x0, pointerCount=1, historySize=0, eventTime=333577, downTime=333495, deviceId=0, source=0x10004 }
D/InputEventConsistencyVerifier( 1000):   -- recent events --
D/InputEventConsistencyVerifier( 1000):   1: sent at 333574000000, MotionEvent { action=ACTION_MOVE, id[0]=0, x[0]=4.0, y[0]=-4.0, toolType[0]=TOOL_TYPE_UNKNOWN, buttonState=0, metaState=0, flags=0x0, edgeFlags=0x0, pointerCount=1, historySize=9, eventTime=333574, downTime=-1, deviceId=0, source=0x10004 }
D/InputEventConsistencyVerifier( 1000):   2: sent at 333441000000, KeyEvent { action=ACTION_UP, keyCode=KEYCODE_NUMPAD_4, scanCode=0, metaState=0, flags=0x8, repeatCount=0, eventTime=333441, downTime=333441, deviceId=-1, source=0x101 }
D/InputEventConsistencyVerifier( 1000):   3: sent at 333394000000, KeyEvent { action=ACTION_DOWN, keyCode=KEYCODE_DPAD_LEFT, scanCode=0, metaState=0, flags=0x8, repeatCount=0, eventTime=333394, downTime=333394, deviceId=-1, source=0x101 }
D/InputEventConsistencyVerifier( 1000):   4: sent at 333394000000, KeyEvent { action=ACTION_DOWN, keyCode=KEYCODE_NUMPAD_4, scanCode=0, metaState=0, flags=0x8, repeatCount=0, eventTime=333394, downTime=333394, deviceId=-1, source=0x101 }
D/InputEventConsistencyVerifier( 1000):   5: sent at 333363000000, KeyEvent { action=ACTION_UP, keyCode=KEYCODE_DPAD_DOWN, scanCode=0, metaState=0, flags=0x8, repeatCount=0, eventTime=333363, downTime=333363, deviceId=-1, source=0x101 }
I/Choreographer( 1000): Skipped 42 frames!  The application may be doing too much work on its main thread.
D/InputEventConsistencyVerifier( 1000): KeyEvent: ACTION_UP but key was not down.
D/InputEventConsistencyVerifier( 1000):   in com.android.internal.policy.impl.PhoneWindow$DecorView@b407b528
D/InputEventConsistencyVerifier( 1000):   0: sent at 334740000000, KeyEvent { action=ACTION_UP, keyCode=KEYCODE_DPAD_RIGHT, scanCode=0, metaState=0, flags=0x8, repeatCount=0, eventTime=334740, downTime=334740, deviceId=-1, source=0x101 }
D/InputEventConsistencyVerifier( 1000):   -- recent events --
D/InputEventConsistencyVerifier( 1000):   1: sent at 334698000000, (unhandled) KeyEvent { action=ACTION_UP, keyCode=KEYCODE_DPAD_CENTER, scanCode=0, metaState=0, flags=0x8, repeatCount=0, eventTime=334698, downTime=334698, deviceId=-1, source=0x101 }
D/InputEventConsistencyVerifier( 1000):   2: sent at 334654000000, (unhandled) KeyEvent { action=ACTION_DOWN, keyCode=KEYCODE_DPAD_CENTER, scanCode=0, metaState=0, flags=0x8, repeatCount=0, eventTime=334654, downTime=334654, deviceId=-1, source=0x101 }
D/InputEventConsistencyVerifier( 1000):   3: sent at 334672000000, (unhandled) KeyEvent { action=ACTION_UP, keyCode=KEYCODE_DPAD_LEFT, scanCode=0, metaState=0, flags=0x400, repeatCount=0, eventTime=334672, downTime=334672, deviceId=-1, source=0x101 }
D/InputEventConsistencyVerifier( 1000):   4: sent at 334672000000, (unhandled) KeyEvent { action=ACTION_DOWN, keyCode=KEYCODE_DPAD_LEFT, scanCode=0, metaState=0, flags=0x400, repeatCount=0, eventTime=334672, downTime=334672, deviceId=-1, source=0x101 }
D/InputEventConsistencyVerifier( 1000):   5: sent at 334672000000, (unhandled) KeyEvent { action=ACTION_UP, keyCode=KEYCODE_DPAD_LEFT, scanCode=0, metaState=0, flags=0x400, repeatCount=0, eventTime=334672, downTime=334672, deviceId=-1, source=0x101 }
D/InputEventConsistencyVerifier( 1000): KeyEvent: ACTION_UP but key was not down.
D/InputEventConsistencyVerifier( 1000):   in com.android.internal.policy.impl.PhoneWindow$DecorView@b407b528
D/InputEventConsistencyVerifier( 1000):   0: sent at 334905000000, KeyEvent { action=ACTION_UP, keyCode=KEYCODE_DPAD_DOWN, scanCode=0, metaState=0, flags=0x400, repeatCount=0, eventTime=334905, downTime=334905, deviceId=-1, source=0x101 }
D/InputEventConsistencyVerifier( 1000):   -- recent events --
D/InputEventConsistencyVerifier( 1000):   1: sent at 334879000000, (unhandled) MotionEvent { action=ACTION_MOVE, id[0]=0, x[0]=0.0, y[0]=3.0, toolType[0]=TOOL_TYPE_UNKNOWN, buttonState=0, metaState=0, flags=0x0, edgeFlags=0x0, pointerCount=1, historySize=9, eventTime=334879, downTime=-1, deviceId=0, source=0x10004 }
D/InputEventConsistencyVerifier( 1000):   2: sent at 334740000000, (unhandled) KeyEvent { action=ACTION_UP, keyCode=KEYCODE_DPAD_RIGHT, scanCode=0, metaState=0, flags=0x80000008, repeatCount=0, eventTime=334740, downTime=334740, deviceId=-1, source=0x101 }
D/InputEventConsistencyVerifier( 1000):   3: sent at 334698000000, (unhandled) KeyEvent { action=ACTION_UP, keyCode=KEYCODE_DPAD_CENTER, scanCode=0, metaState=0, flags=0x8, repeatCount=0, eventTime=334698, downTime=334698, deviceId=-1, source=0x101 }
D/InputEventConsistencyVerifier( 1000):   4: sent at 334654000000, (unhandled) KeyEvent { action=ACTION_DOWN, keyCode=KEYCODE_DPAD_CENTER, scanCode=0, metaState=0, flags=0x8, repeatCount=0, eventTime=334654, downTime=334654, deviceId=-1, source=0x101 }
D/InputEventConsistencyVerifier( 1000):   5: sent at 334672000000, (unhandled) KeyEvent { action=ACTION_UP, keyCode=KEYCODE_DPAD_LEFT, scanCode=0, metaState=0, flags=0x400, repeatCount=0, eventTime=334672, downTime=334672, deviceId=-1, source=0x101 }
D/InputEventConsistencyVerifier( 1000): KeyEvent: ACTION_UP but key was not down.
D/InputEventConsistencyVerifier( 1000):   in com.android.internal.policy.impl.PhoneWindow$DecorView@b407b528
D/InputEventConsistencyVerifier( 1000):   0: sent at 335557000000, KeyEvent { action=ACTION_UP, keyCode=KEYCODE_DPAD_UP, scanCode=0, metaState=0, flags=0x400, repeatCount=0, eventTime=335557, downTime=335557, deviceId=-1, source=0x101 }
D/InputEventConsistencyVerifier( 1000):   -- recent events --
D/InputEventConsistencyVerifier( 1000):   1: sent at 335490000000, (unhandled) MotionEvent { action=ACTION_MOVE, id[0]=0, x[0]=1.0, y[0]=-2.0, toolType[0]=TOOL_TYPE_UNKNOWN, buttonState=0, metaState=0, flags=0x0, edgeFlags=0x0, pointerCount=1, historySize=9, eventTime=335490, downTime=-1, deviceId=0, source=0x10004 }
D/InputEventConsistencyVerifier( 1000):   2: sent at 335531000000, (unhandled) MotionEvent { action=ACTION_UP, id[0]=0, x[0]=-14.0, y[0]=156.0, toolType[0]=TOOL_TYPE_UNKNOWN, buttonState=0, metaState=0, flags=0x0, edgeFlags=0x0, pointerCount=1, historySize=0, eventTime=335531, downTime=335515, deviceId=0, source=0x1002 }
D/InputEventConsistencyVerifier( 1000):   3: sent at 335516000000, (unhandled) MotionEvent { action=ACTION_DOWN, id[0]=0, x[0]=-13.333332, y[0]=150.0, toolType[0]=TOOL_TYPE_UNKNOWN, buttonState=0, metaState=0, flags=0x0, edgeFlags=0x0, pointerCount=1, historySize=0, eventTime=335516, downTime=335515, deviceId=0, source=0x1002 }
D/InputEventConsistencyVerifier( 1000):   4: sent at 334919000000, (unhandled) KeyEvent { action=ACTION_UP, keyCode=KEYCODE_SYSRQ, scanCode=0, metaState=0, flags=0x8, repeatCount=0, eventTime=334919, downTime=334919, deviceId=-1, source=0x101 }
D/InputEventConsistencyVerifier( 1000):   5: sent at 334882000000, (unhandled) KeyEvent { action=ACTION_DOWN, keyCode=KEYCODE_SYSRQ, scanCode=0, metaState=0, flags=0x8, repeatCount=0, eventTime=334882, downTime=334882, deviceId=-1, source=0x101 }
D/InputEventConsistencyVerifier( 1000): TrackballEvent: Trackball is down but pressure is not greater than 0.
D/InputEventConsistencyVerifier( 1000):   in android.view.ViewRootImpl@b400f318
D/InputEventConsistencyVerifier( 1000):   0: sent at 336044000000, MotionEvent { action=ACTION_DOWN, id[0]=0, x[0]=0.0, y[0]=0.0, toolType[0]=TOOL_TYPE_UNKNOWN, buttonState=0, metaState=0, flags=0x0, edgeFlags=0x0, pointerCount=1, historySize=0, eventTime=336044, downTime=335977, deviceId=0, source=0x10004 }
D/InputEventConsistencyVerifier( 1000):   -- recent events --
D/InputEventConsistencyVerifier( 1000):   1: sent at 336042000000, MotionEvent { action=ACTION_MOVE, id[0]=0, x[0]=-4.0, y[0]=-5.0, toolType[0]=TOOL_TYPE_UNKNOWN, buttonState=0, metaState=0, flags=0x0, edgeFlags=0x0, pointerCount=1, historySize=12, eventTime=336042, downTime=-1, deviceId=0, source=0x10004 }
D/InputEventConsistencyVerifier( 1000):   2: sent at 335932000000, MotionEvent { action=ACTION_MOVE, id[0]=0, x[0]=2.0, y[0]=2.0, toolType[0]=TOOL_TYPE_UNKNOWN, buttonState=0, metaState=0, flags=0x0, edgeFlags=0x0, pointerCount=1, historySize=0, eventTime=335932, downTime=-1, deviceId=0, source=0x10004 }
D/InputEventConsistencyVerifier( 1000):   3: sent at 335967000000, MotionEvent { action=ACTION_UP, id[0]=0, x[0]=68.0, y[0]=514.0, toolType[0]=TOOL_TYPE_UNKNOWN, buttonState=0, metaState=0, flags=0x0, edgeFlags=0x0, pointerCount=1, historySize=0, eventTime=335967, downTime=335963, deviceId=0, source=0x1002 }
D/InputEventConsistencyVerifier( 1000):   4: sent at 335963000000, MotionEvent { action=ACTION_DOWN, id[0]=0, x[0]=75.0, y[0]=498.0, toolType[0]=TOOL_TYPE_UNKNOWN, buttonState=0, metaState=0, flags=0x0, edgeFlags=0x0, pointerCount=1, historySize=0, eventTime=335963, downTime=335963, deviceId=0, source=0x1002 }
D/InputEventConsistencyVerifier( 1000):   5: sent at 335955000000, KeyEvent { action=ACTION_UP, keyCode=KEYCODE_DPAD_UP, scanCode=0, metaState=0, flags=0x400, repeatCount=0, eventTime=335955, downTime=335955, deviceId=-1, source=0x101 }
D/InputEventConsistencyVerifier( 1000): KeyEvent: ACTION_UP but key was not down.
D/InputEventConsistencyVerifier( 1000):   in com.android.internal.policy.impl.PhoneWindow$DecorView@b407b528
D/InputEventConsistencyVerifier( 1000):   0: sent at 336124000000, KeyEvent { action=ACTION_UP, keyCode=KEYCODE_DPAD_DOWN, scanCode=0, metaState=0, flags=0x400, repeatCount=0, eventTime=336124, downTime=336124, deviceId=-1, source=0x101 }
D/InputEventConsistencyVerifier( 1000):   -- recent events --
D/InputEventConsistencyVerifier( 1000):   1: sent at 336046000000, (unhandled) MotionEvent { action=ACTION_UP, id[0]=0, x[0]=0.0, y[0]=0.0, toolType[0]=TOOL_TYPE_UNKNOWN, buttonState=0, metaState=0, flags=0x0, edgeFlags=0x0, pointerCount=1, historySize=0, eventTime=336046, downTime=335977, deviceId=0, source=0x10004 }
