D/InputEventConsistencyVerifier( 1008):   2: sent at 188913000000, MotionEvent { action=ACTION_DOWN, id[0]=0, x[0]=64.66667, y[0]=24.333344, toolType[0]=TOOL_TYPE_UNKNOWN, buttonState=0, metaState=0, flags=0x0, edgeFlags=0x0, pointerCount=1, historySize=0, eventTime=188913, downTime=188890, deviceId=0, source=0x1002 }
D/InputEventConsistencyVerifier( 1008):   3: sent at 170566000000, (unhandled) KeyEvent { action=ACTION_UP, keyCode=KEYCODE_ALT_LEFT, scanCode=0, metaState=0, flags=0x8, repeatCount=0, eventTime=170566, downTime=170566, deviceId=-1, source=0x101 }
D/InputEventConsistencyVerifier( 1008):   4: sent at 170514000000, (unhandled) KeyEvent { action=ACTION_DOWN, keyCode=KEYCODE_ALT_LEFT, scanCode=0, metaState=0, flags=0x8, repeatCount=0, eventTime=170514, downTime=170514, deviceId=-1, source=0x101 }
D/InputEventConsistencyVerifier( 1008):   5: sent at 170438000000, (unhandled) KeyEvent { action=ACTION_UP, keyCode=KEYCODE_MENU, scanCode=0, metaState=0, flags=0x8, repeatCount=0, eventTime=170438, downTime=170438, deviceId=-1, source=0x101 }
E/WVMExtractor(   61): Failed to open libwvm.so
I/Choreographer( 1008): Skipped 192 frames!  The application may be doing too much work on its main thread.
D/InputEventConsistencyVerifier( 1008): KeyEvent: ACTION_UP but key was not down.
D/InputEventConsistencyVerifier( 1008):   in com.android.internal.policy.impl.PhoneWindow$DecorView@b3e7c548
D/InputEventConsistencyVerifier( 1008):   0: sent at 208610000000, KeyEvent { action=ACTION_UP, keyCode=KEYCODE_DPAD_RIGHT, scanCode=0, metaState=0, flags=0x400, repeatCount=0, eventTime=208610, downTime=208610, deviceId=-1, source=0x101 }
D/InputEventConsistencyVerifier( 1008):   -- recent events --
D/InputEventConsistencyVerifier( 1008):   1: sent at 208228000000, (unhandled) MotionEvent { action=ACTION_MOVE, id[0]=0, x[0]=4.0, y[0]=-3.0, toolType[0]=TOOL_TYPE_UNKNOWN, buttonState=0, metaState=0, flags=0x0, edgeFlags=0x0, pointerCount=1, historySize=19, eventTime=208228, downTime=-1, deviceId=0, source=0x10004 }
D/InputEventConsistencyVerifier( 1008):   2: sent at 208001000000, MotionEvent { action=ACTION_UP, id[0]=0, x[0]=127.333336, y[0]=69.33334, toolType[0]=TOOL_TYPE_UNKNOWN, buttonState=0, metaState=0, flags=0x0, edgeFlags=0x0, pointerCount=1, historySize=0, eventTime=208001, downTime=207932, deviceId=0, source=0x1002 }
D/InputEventConsistencyVerifier( 1008):   3: sent at 207979000000, MotionEvent { action=ACTION_MOVE, id[0]=0, x[0]=126.0, y[0]=69.33334, toolType[0]=TOOL_TYPE_UNKNOWN, buttonState=0, metaState=0, flags=0x0, edgeFlags=0x0, pointerCount=1, historySize=3, eventTime=207979, downTime=207932, deviceId=0, source=0x1002 }
D/InputEventConsistencyVerifier( 1008):   4: sent at 207938000000, MotionEvent { action=ACTION_DOWN, id[0]=0, x[0]=118.0, y[0]=64.0, toolType[0]=TOOL_TYPE_UNKNOWN, buttonState=0, metaState=0, flags=0x0, edgeFlags=0x0, pointerCount=1, historySize=0, eventTime=207938, downTime=207932, deviceId=0, source=0x1002 }
D/InputEventConsistencyVerifier( 1008):   5: sent at 207536000000, KeyEvent { action=ACTION_UP, keyCode=KEYCODE_DPAD_CENTER, scanCode=0, metaState=0, flags=0x8, repeatCount=0, eventTime=207536, downTime=207536, deviceId=-1, source=0x101 }
D/InputEventConsistencyVerifier( 1008): KeyEvent: ACTION_UP but key was not down.
D/InputEventConsistencyVerifier( 1008):   in android.view.ViewRootImpl@b3e6a710
D/InputEventConsistencyVerifier( 1008):   0: sent at 208944000000, KeyEvent { action=ACTION_UP, keyCode=KEYCODE_NUMPAD_7, scanCode=0, metaState=0, flags=0x8, repeatCount=0, eventTime=208944, downTime=208944, deviceId=-1, source=0x101 }
D/InputEventConsistencyVerifier( 1008):   -- recent events --
D/InputEventConsistencyVerifier( 1008):   1: sent at 204686000000, KeyEvent { action=ACTION_UP, keyCode=KEYCODE_MENU, scanCode=0, metaState=0, flags=0x8, repeatCount=0, eventTime=204686, downTime=204686, deviceId=-1, source=0x101 }
D/InputEventConsistencyVerifier( 1008):   2: sent at 204648000000, KeyEvent { action=ACTION_DOWN, keyCode=KEYCODE_MENU, scanCode=0, metaState=0, flags=0x8, repeatCount=0, eventTime=204648, downTime=204648, deviceId=-1, source=0x101 }
D/InputEventConsistencyVerifier( 1008):   3: sent at 204166000000, KeyEvent { action=ACTION_UP, keyCode=KEYCODE_DPAD_CENTER, scanCode=0, metaState=0, flags=0x8, repeatCount=0, eventTime=204166, downTime=204166, deviceId=-1, source=0x101 }
D/InputEventConsistencyVerifier( 1008):   4: sent at 204061000000, KeyEvent { action=ACTION_DOWN, keyCode=KEYCODE_DPAD_CENTER, scanCode=0, metaState=0, flags=0x8, repeatCount=0, eventTime=204061, downTime=204061, deviceId=-1, source=0x101 }
D/InputEventConsistencyVerifier( 1008):   5: sent at 204132000000, KeyEvent { action=ACTION_UP, keyCode=KEYCODE_DPAD_LEFT, scanCode=0, metaState=0, flags=0x400, repeatCount=0, eventTime=204132, downTime=204132, deviceId=-1, source=0x101 }
W/InputMethodManagerService(  226): Window already focused, ignoring focus gain of: com.android.internal.view.IInputMethodClient$Stub$Proxy@b3eae7d0 attribute=null
E/WVMExtractor(   61): Failed to open libwvm.so
I/Choreographer( 1008): Skipped 32 frames!  The application may be doing too much work on its main thread.
E/WVMExtractor(   61): Failed to open libwvm.so
D/InputEventConsistencyVerifier( 1008): KeyEvent: ACTION_UP but key was not down.
D/InputEventConsistencyVerifier( 1008):   in com.android.internal.view.menu.IconMenuItemView@b3e24f28
D/InputEventConsistencyVerifier( 1008):   0: sent at 209724000000, KeyEvent { action=ACTION_UP, keyCode=KEYCODE_DPAD_RIGHT, scanCode=0, metaState=0, flags=0x8, repeatCount=0, eventTime=209724, downTime=209724, deviceId=-1, source=0x101 }
D/InputEventConsistencyVerifier( 1008):   -- recent events --
D/InputEventConsistencyVerifier( 1008):   1: sent at 200317000000, MotionEvent { action=ACTION_UP, id[0]=0, x[0]=121.33334, y[0]=19.333344, toolType[0]=TOOL_TYPE_UNKNOWN, buttonState=0, metaState=0, flags=0x0, edgeFlags=0x0, pointerCount=1, historySize=0, eventTime=200317, downTime=200249, deviceId=0, source=0x1002 }
D/InputEventConsistencyVerifier( 1008):   2: sent at 200289000000, MotionEvent { action=ACTION_MOVE, id[0]=0, x[0]=111.33334, y[0]=29.333344, toolType[0]=TOOL_TYPE_UNKNOWN, buttonState=0, metaState=0, flags=0x0, edgeFlags=0x0, pointerCount=1, historySize=3, eventTime=200289, downTime=200249, deviceId=0, source=0x1002 }
D/InputEventConsistencyVerifier( 1008):   3: sent at 200263000000, MotionEvent { action=ACTION_DOWN, id[0]=0, x[0]=76.66667, y[0]=60.666687, toolType[0]=TOOL_TYPE_UNKNOWN, buttonState=0, metaState=0, flags=0x0, edgeFlags=0x0, pointerCount=1, historySize=0, eventTime=200263, downTime=200249, deviceId=0, source=0x1002 }
D/InputEventConsistencyVerifier( 1008):   4: sent at 194801000000, MotionEvent { action=ACTION_UP, id[0]=0, x[0]=130.66669, y[0]=50.666687, toolType[0]=TOOL_TYPE_UNKNOWN, buttonState=0, metaState=0, flags=0x0, edgeFlags=0x0, pointerCount=1, historySize=0, eventTime=194801, downTime=194746, deviceId=0, source=0x1002 }
D/InputEventConsistencyVerifier( 1008):   5: sent at 194787000000, MotionEvent { action=ACTION_MOVE, id[0]=0, x[0]=136.0, y[0]=47.333344, toolType[0]=TOOL_TYPE_UNKNOWN, buttonState=0, metaState=0, flags=0x0, edgeFlags=0x0, pointerCount=1, historySize=3, eventTime=194787, downTime=194746, deviceId=0, source=0x1002 }
D/InputEventConsistencyVerifier( 1008): KeyEvent: ACTION_UP but key was not down.
D/InputEventConsistencyVerifier( 1008):   in com.android.internal.view.menu.IconMenuItemView@b3e19f18
D/InputEventConsistencyVerifier( 1008):   0: sent at 209759000000, KeyEvent { action=ACTION_UP, keyCode=KEYCODE_DPAD_DOWN, scanCode=0, metaState=0, flags=0x8, repeatCount=0, eventTime=209759, downTime=209759, deviceId=-1, source=0x101 }
D/InputEventConsistencyVerifier( 1008):   -- recent events --
D/InputEventConsistencyVerifier( 1008):   1: sent at 166741000000, (unhandled) KeyEvent { action=ACTION_DOWN, keyCode=KEYCODE_DPAD_LEFT, scanCode=0, metaState=0, flags=0x8, repeatCount=0, eventTime=166741, downTime=166741, deviceId=-1, source=0x101 }
D/InputEventConsistencyVerifier( 1008):   2: sent at 166591000000, (unhandled) KeyEvent { action=ACTION_UP, keyCode=KEYCODE_MEDIA_RECORD, scanCode=0, metaState=0, flags=0x8, repeatCount=0, eventTime=166591, downTime=166591, deviceId=-1, source=0x101 }
D/InputEventConsistencyVerifier( 1008):   3: sent at 166505000000, (unhandled) KeyEvent { action=ACTION_DOWN, keyCode=KEYCODE_MEDIA_RECORD, scanCode=0, metaState=0, flags=0x8, repeatCount=0, eventTime=166505, downTime=166505, deviceId=-1, source=0x101 }
D/InputEventConsistencyVerifier( 1008):   4: sent at 166546000000, (unhandled) KeyEvent { action=ACTION_UP, keyCode=KEYCODE_DPAD_DOWN, scanCode=0, metaState=0, flags=0x400, repeatCount=0, eventTime=166546, downTime=166546, deviceId=-1, source=0x101 }
D/InputEventConsistencyVerifier( 1008):   5: sent at 166546000000, (unhandled) KeyEvent { action=ACTION_DOWN, keyCode=KEYCODE_DPAD_DOWN, scanCode=0, metaState=0, flags=0x400, repeatCount=0, eventTime=166546, downTime=166546, deviceId=-1, source=0x101 }
E/WVMExtractor(   61): Failed to open libwvm.so
I/Choreographer( 1008): Skipped 74 frames!  The application may be doing too much work on its main thread.
D/InputEventConsistencyVerifier( 1008): KeyEvent: ACTION_UP but key was not down.
D/InputEventConsistencyVerifier( 1008):   in android.view.ViewRootImpl@b3e6a710
D/InputEventConsistencyVerifier( 1008):   0: sent at 210261000000, KeyEvent { action=ACTION_UP, keyCode=KEYCODE_DPAD_CENTER, scanCode=0, metaState=0, flags=0x8, repeatCount=0, eventTime=210261, downTime=210261, deviceId=-1, source=0x101 }
D/InputEventConsistencyVerifier( 1008):   -- recent events --
D/InputEventConsistencyVerifier( 1008):   1: sent at 209542000000, MotionEvent { action=ACTION_UP, id[0]=0, x[0]=93.0, y[0]=670.0, toolType[0]=TOOL_TYPE_UNKNOWN, buttonState=0, metaState=0, flags=0x0, edgeFlags=0x0, pointerCount=1, historySize=0, eventTime=209542, downTime=209511, deviceId=0, source=0x1002 }
D/InputEventConsistencyVerifier( 1008):   2: sent at 209518000000, MotionEvent { action=ACTION_DOWN, id[0]=0, x[0]=103.0, y[0]=682.0, toolType[0]=TOOL_TYPE_UNKNOWN, buttonState=0, metaState=0, flags=0x0, edgeFlags=0x0, pointerCount=1, historySize=0, eventTime=209518, downTime=209511, deviceId=0, source=0x1002 }
D/InputEventConsistencyVerifier( 1008):   3: sent at 209260000000, KeyEvent { action=ACTION_UP, keyCode=KEYCODE_MENU, scanCode=0, metaState=0, flags=0x8, repeatCount=0, eventTime=209260, downTime=209260, deviceId=-1, source=0x101 }
D/InputEventConsistencyVerifier( 1008):   4: sent at 209048000000, KeyEvent { action=ACTION_DOWN, keyCode=KEYCODE_MENU, scanCode=0, metaState=0, flags=0x8, repeatCount=0, eventTime=209048, downTime=209048, deviceId=-1, source=0x101 }
D/InputEventConsistencyVerifier( 1008):   5: sent at 208944000000, KeyEvent { action=ACTION_UP, keyCode=KEYCODE_NUMPAD_7, scanCode=0, metaState=0, flags=0x80000008, repeatCount=0, eventTime=208944, downTime=208944, deviceId=-1, source=0x101 }
I/Choreographer( 1008): Skipped 60 frames!  The application may be doing too much work on its main thread.
W/InputMethodManagerService(  226): Window already focused, ignoring focus gain of: com.android.internal.view.IInputMethodClient$Stub$Proxy@b3fc7ab0 attribute=android.view.inputmethod.EditorInfo@b4271d98
D/InputEventConsistencyVerifier( 1008): KeyEvent: ACTION_UP but key was not down.
D/InputEventConsistencyVerifier( 1008):   in com.android.internal.policy.impl.PhoneWindow$DecorView@b3e27268
D/InputEventConsistencyVerifier( 1008):   0: sent at 210709000000, KeyEvent { action=ACTION_UP, keyCode=KEYCODE_DPAD_UP, scanCode=0, metaState=0, flags=0x8, repeatCount=0, eventTime=210709, downTime=210709, deviceId=-1, source=0x101 }
D/InputEventConsistencyVerifier( 1008):   -- recent events --
D/InputEventConsistencyVerifier( 1008):   1: sent at 210571000000, (unhandled) KeyEvent { action=ACTION_UP, keyCode=KEYCODE_FORWARD_DEL, scanCode=0, metaState=0, flags=0x8, repeatCount=0, eventTime=210571, downTime=210571, deviceId=-1, source=0x101 }
D/InputEventConsistencyVerifier( 1008):   2: sent at 210571000000, (unhandled) KeyEvent { action=ACTION_UP, keyCode=KEYCODE_NUMPAD_DOT, scanCode=0, metaState=0, flags=0x8, repeatCount=0, eventTime=210571, downTime=210571, deviceId=-1, source=0x101 }
D/InputEventConsistencyVerifier( 1008):   3: sent at 210266000000, (unhandled) KeyEvent { action=ACTION_DOWN, keyCode=KEYCODE_FORWARD_DEL, scanCode=0, metaState=0, flags=0x8, repeatCount=0, eventTime=210266, downTime=210266, deviceId=-1, source=0x101 }
D/InputEventConsistencyVerifier( 1008):   4: sent at 210266000000, (unhandled) KeyEvent { action=ACTION_DOWN, keyCode=KEYCODE_NUMPAD_DOT, scanCode=0, metaState=0, flags=0x8, repeatCount=0, eventTime=210266, downTime=210266, deviceId=-1, source=0x101 }
D/InputEventConsistencyVerifier( 1008):   5: sent at 210261000000, (unhandled) KeyEvent { action=ACTION_UP, keyCode=KEYCODE_DPAD_CENTER, scanCode=0, metaState=0, flags=0x80000008, repeatCount=0, eventTime=210261, downTime=210261, deviceId=-1, source=0x101 }
E/WVMExtractor(   61): Failed to open libwvm.so
D/InputEventConsistencyVerifier( 1008): KeyEvent: ACTION_UP but key was not down.
D/InputEventConsistencyVerifier( 1008):   in com.android.internal.policy.impl.PhoneWindow$DecorView@b3e27268
D/InputEventConsistencyVerifier( 1008):   0: sent at 211028000000, KeyEvent { action=ACTION_UP, keyCode=KEYCODE_DPAD_UP, scanCode=0, metaState=0, flags=0x8, repeatCount=0, eventTime=211028, downTime=211028, deviceId=-1, source=0x101 }
D/InputEventConsistencyVerifier( 1008):   -- recent events --
D/InputEventConsistencyVerifier( 1008):   1: sent at 210908000000, (unhandled) MotionEvent { action=ACTION_MOVE, id[0]=0, x[0]=0.0, y[0]=-1.0, toolType[0]=TOOL_TYPE_UNKNOWN, buttonState=0, metaState=0, flags=0x0, edgeFlags=0x0, pointerCount=1, historySize=9, eventTime=210908, downTime=-1, deviceId=0, source=0x10004 }
D/InputEventConsistencyVerifier( 1008):   2: sent at 210792000000, (unhandled) MotionEvent { action=ACTION_UP, id[0]=0, x[0]=168.66667, y[0]=368.0, toolType[0]=TOOL_TYPE_UNKNOWN, buttonState=0, metaState=0, flags=0x0, edgeFlags=0x0, pointerCount=1, historySize=0, eventTime=210792, downTime=210782, deviceId=0, source=0x1002 }
D/InputEventConsistencyVerifier( 1008):   3: sent at 210784000000, (unhandled) MotionEvent { action=ACTION_DOWN, id[0]=0, x[0]=170.0, y[0]=368.6667, toolType[0]=TOOL_TYPE_UNKNOWN, buttonState=0, metaState=0, flags=0x0, edgeFlags=0x0, pointerCount=1, historySize=0, eventTime=210784, downTime=210782, deviceId=0, source=0x1002 }
D/InputEventConsistencyVerifier( 1008):   4: sent at 210709000000, (unhandled) KeyEvent { action=ACTION_UP, keyCode=KEYCODE_DPAD_UP, scanCode=0, metaState=0, flags=0x80000008, repeatCount=0, eventTime=210709, downTime=210709, deviceId=-1, source=0x101 }
D/InputEventConsistencyVerifier( 1008):   5: sent at 210571000000, (unhandled) KeyEvent { action=ACTION_UP, keyCode=KEYCODE_FORWARD_DEL, scanCode=0, metaState=0, flags=0x8, repeatCount=0, eventTime=210571, downTime=210571, deviceId=-1, source=0x101 }
E/WVMExtractor(   61): Failed to open libwvm.so
I/Choreographer( 1008): Skipped 87 frames!  The application may be doing too much work on its main thread.
E/WVMExtractor(   61): Failed to open libwvm.so
I/Choreographer( 1008): Skipped 51 frames!  The application may be doing too much work on its main thread.
E/WVMExtractor(   61): Failed to open libwvm.so
I/Choreographer( 1008): Skipped 155 frames!  The application may be doing too much work on its main thread.
D/InputEventConsistencyVerifier( 1008): KeyEvent: ACTION_UP but key was not down.
D/InputEventConsistencyVerifier( 1008):   in com.android.internal.policy.impl.PhoneWindow$DecorView@b3e7c548
D/InputEventConsistencyVerifier( 1008):   0: sent at 212681000000, KeyEvent { action=ACTION_UP, keyCode=KEYCODE_DPAD_CENTER, scanCode=0, metaState=0, flags=0x8, repeatCount=0, eventTime=212681, downTime=212681, deviceId=-1, source=0x101 }
D/InputEventConsistencyVerifier( 1008):   -- recent events --
D/InputEventConsistencyVerifier( 1008):   1: sent at 212614000000, MotionEvent { action=ACTION_UP, id[0]=0, x[0]=46.666668, y[0]=96.66669, toolType[0]=TOOL_TYPE_UNKNOWN, buttonState=0, metaState=0, flags=0x0, edgeFlags=0x0, pointerCount=1, historySize=0, eventTime=212614, downTime=212575, deviceId=0, source=0x1002 }
D/InputEventConsistencyVerifier( 1008):   2: sent at 212612000000, MotionEvent { action=ACTION_MOVE, id[0]=0, x[0]=48.0, y[0]=94.0, toolType[0]=TOOL_TYPE_UNKNOWN, buttonState=0, metaState=0, flags=0x0, edgeFlags=0x0, pointerCount=1, historySize=1, eventTime=212612, downTime=212575, deviceId=0, source=0x1002 }
D/InputEventConsistencyVerifier( 1008):   3: sent at 212577000000, MotionEvent { action=ACTION_DOWN, id[0]=0, x[0]=58.666668, y[0]=88.0, toolType[0]=TOOL_TYPE_UNKNOWN, buttonState=0, metaState=0, flags=0x0, edgeFlags=0x0, pointerCount=1, historySize=0, eventTime=212577, downTime=212575, deviceId=0, source=0x1002 }
D/InputEventConsistencyVerifier( 1008):   4: sent at 212633000000, KeyEvent { action=ACTION_UP, keyCode=KEYCODE_DPAD_CENTER, scanCode=0, metaState=0, flags=0x8, repeatCount=0, eventTime=212633, downTime=212633, deviceId=-1, source=0x101 }
D/InputEventConsistencyVerifier( 1008):   5: sent at 212622000000, KeyEvent { action=ACTION_DOWN, keyCode=KEYCODE_DPAD_CENTER, scanCode=0, metaState=0, flags=0x8, repeatCount=0, eventTime=212622, downTime=212622, deviceId=-1, source=0x101 }
E/WVMExtractor(   61): Failed to open libwvm.so
D/InputEventConsistencyVerifier( 1008): KeyEvent: ACTION_UP but key was not down.
D/InputEventConsistencyVerifier( 1008):   in com.android.internal.policy.impl.PhoneWindow$DecorView@b3e7c548
D/InputEventConsistencyVerifier( 1008):   0: sent at 213195000000, KeyEvent { action=ACTION_UP, keyCode=KEYCODE_DPAD_DOWN, scanCode=0, metaState=0, flags=0x8, repeatCount=0, eventTime=213195, downTime=213195, deviceId=-1, source=0x101 }
D/InputEventConsistencyVerifier( 1008):   -- recent events --
D/InputEventConsistencyVerifier( 1008):   1: sent at 212943000000, MotionEvent { action=ACTION_UP, id[0]=0, x[0]=18.0, y[0]=36.0, toolType[0]=TOOL_TYPE_UNKNOWN, buttonState=0, metaState=0, flags=0x0, edgeFlags=0x0, pointerCount=1, historySize=0, eventTime=212943, downTime=212932, deviceId=0, source=0x1002 }
D/InputEventConsistencyVerifier( 1008):   2: sent at 212934000000, MotionEvent { action=ACTION_DOWN, id[0]=0, x[0]=24.666668, y[0]=42.0, toolType[0]=TOOL_TYPE_UNKNOWN, buttonState=0, metaState=0, flags=0x0, edgeFlags=0x0, pointerCount=1, historySize=0, eventTime=212934, downTime=212932, deviceId=0, source=0x1002 }
D/InputEventConsistencyVerifier( 1008):   3: sent at 212681000000, (unhandled) KeyEvent { action=ACTION_UP, keyCode=KEYCODE_DPAD_CENTER, scanCode=0, metaState=0, flags=0x80000008, repeatCount=0, eventTime=212681, downTime=212681, deviceId=-1, source=0x101 }
D/InputEventConsistencyVerifier( 1008):   4: sent at 212614000000, MotionEvent { action=ACTION_UP, id[0]=0, x[0]=46.666668, y[0]=96.66669, toolType[0]=TOOL_TYPE_UNKNOWN, buttonState=0, metaState=0, flags=0x0, edgeFlags=0x0, pointerCount=1, historySize=0, eventTime=212614, downTime=212575, deviceId=0, source=0x1002 }
D/InputEventConsistencyVerifier( 1008):   5: sent at 212612000000, MotionEvent { action=ACTION_MOVE, id[0]=0, x[0]=48.0, y[0]=94.0, toolType[0]=TOOL_TYPE_UNKNOWN, buttonState=0, metaState=0, flags=0x0, edgeFlags=0x0, pointerCount=1, historySize=1, eventTime=212612, downTime=212575, deviceId=0, source=0x1002 }
I/Choreographer( 1008): Skipped 200 frames!  The application may be doing too much work on its main thread.
E/WVMExtractor(   61): Failed to open libwvm.so
E/WVMExtractor(   61): Failed to open libwvm.so
I/Choreographer( 1008): Skipped 67 frames!  The application may be doing too much work on its main thread.
I/ActivityManager(  226): START {act=android.intent.action.MAIN cat=[android.intent.category.LAUNCHER] flg=0x10200000 cmp=com.ps.blackwhite/.BlackWhite u=0} from pid 977
W/InputMethodManagerService(  226): Window already focused, ignoring focus gain of: com.android.internal.view.IInputMethodClient$Stub$Proxy@b40bc2c0 attribute=null
I/Choreographer( 1008): Skipped 40 frames!  The application may be doing too much work on its main thread.
E/WVMExtractor(   61): Failed to open libwvm.so
E/WVMExtractor(   61): Failed to open libwvm.so
D/InputEventConsistencyVerifier( 1008): KeyEvent: ACTION_UP but key was not down.
D/InputEventConsistencyVerifier( 1008):   in com.android.internal.policy.impl.PhoneWindow$DecorView@b3e27268
D/InputEventConsistencyVerifier( 1008):   0: sent at 214790000000, KeyEvent { action=ACTION_UP, keyCode=KEYCODE_DPAD_DOWN, scanCode=0, metaState=0, flags=0x400, repeatCount=0, eventTime=214790, downTime=214790, deviceId=-1, source=0x101 }
D/InputEventConsistencyVerifier( 1008):   -- recent events --
D/InputEventConsistencyVerifier( 1008):   1: sent at 214248000000, (unhandled) MotionEvent { action=ACTION_MOVE, id[0]=0, x[0]=0.0, y[0]=2.0, toolType[0]=TOOL_TYPE_UNKNOWN, buttonState=0, metaState=0, flags=0x0, edgeFlags=0x0, pointerCount=1, historySize=2, eventTime=214248, downTime=-1, deviceId=0, source=0x10004 }
D/InputEventConsistencyVerifier( 1008):   2: sent at 214351000000, (unhandled) MotionEvent { action=ACTION_UP, id[0]=0, x[0]=220.0, y[0]=170.66667, toolType[0]=TOOL_TYPE_UNKNOWN, buttonState=0, metaState=0, flags=0x0, edgeFlags=0x0, pointerCount=1, historySize=0, eventTime=214351, downTime=214334, deviceId=0, source=0x1002 }
D/InputEventConsistencyVerifier( 1008):   3: sent at 214334000000, (unhandled) MotionEvent { action=ACTION_DOWN, id[0]=0, x[0]=216.0, y[0]=173.33334, toolType[0]=TOOL_TYPE_UNKNOWN, buttonState=0, metaState=0, flags=0x0, edgeFlags=0x0, pointerCount=1, historySize=0, eventTime=214334, downTime=214334, deviceId=0, source=0x1002 }
D/InputEventConsistencyVerifier( 1008):   4: sent at 214256000000, (unhandled) KeyEvent { action=ACTION_UP, keyCode=KEYCODE_DPAD_UP, scanCode=0, metaState=0, flags=0x400, repeatCount=0, eventTime=214256, downTime=214256, deviceId=-1, source=0x101 }
D/InputEventConsistencyVerifier( 1008):   5: sent at 214256000000, (unhandled) KeyEvent { action=ACTION_DOWN, keyCode=KEYCODE_DPAD_UP, scanCode=0, metaState=0, flags=0x400, repeatCount=0, eventTime=214256, downTime=214256, deviceId=-1, source=0x101 }
E/WVMExtractor(   61): Failed to open libwvm.so
D/InputEventConsistencyVerifier( 1008): KeyEvent: ACTION_UP but key was not down.
D/InputEventConsistencyVerifier( 1008):   in com.android.internal.policy.impl.PhoneWindow$DecorView@b3e27268
D/InputEventConsistencyVerifier( 1008):   0: sent at 215309000000, KeyEvent { action=ACTION_UP, keyCode=KEYCODE_DPAD_DOWN, scanCode=0, metaState=0, flags=0x8, repeatCount=0, eventTime=215309, downTime=215309, deviceId=-1, source=0x101 }
D/InputEventConsistencyVerifier( 1008):   -- recent events --
D/InputEventConsistencyVerifier( 1008):   1: sent at 215254000000, (unhandled) MotionEvent { action=ACTION_UP, id[0]=0, x[0]=276.0, y[0]=460.6667, toolType[0]=TOOL_TYPE_UNKNOWN, buttonState=0, metaState=0, flags=0x0, edgeFlags=0x0, pointerCount=1, historySize=0, eventTime=215254, downTime=215190, deviceId=0, source=0x1002 }
D/InputEventConsistencyVerifier( 1008):   2: sent at 215240000000, (unhandled) MotionEvent { action=ACTION_MOVE, id[0]=0, x[0]=277.33334, y[0]=458.0, toolType[0]=TOOL_TYPE_UNKNOWN, buttonState=0, metaState=0, flags=0x0, edgeFlags=0x0, pointerCount=1, historySize=4, eventTime=215240, downTime=215190, deviceId=0, source=0x1002 }
D/InputEventConsistencyVerifier( 1008):   3: sent at 215215000000, (unhandled) MotionEvent { action=ACTION_DOWN, id[0]=0, x[0]=287.33334, y[0]=418.6667, toolType[0]=TOOL_TYPE_UNKNOWN, buttonState=0, metaState=0, flags=0x0, edgeFlags=0x0, pointerCount=1, historySize=0, eventTime=215215, downTime=215190, deviceId=0, source=0x1002 }
D/InputEventConsistencyVerifier( 1008):   4: sent at 214808000000, (unhandled) KeyEvent { action=ACTION_UP, keyCode=KEYCODE_DPAD_DOWN, scanCode=0, metaState=0, flags=0x8, repeatCount=0, eventTime=214808, downTime=214808, deviceId=-1, source=0x101 }
D/InputEventConsistencyVerifier( 1008):   5: sent at 214359000000, (unhandled) KeyEvent { action=ACTION_DOWN, keyCode=KEYCODE_DPAD_DOWN, scanCode=0, metaState=0, flags=0x8, repeatCount=0, eventTime=214359, downTime=214359, deviceId=-1, source=0x101 }
E/WVMExtractor(   61): Failed to open libwvm.so
E/WVMExtractor(   61): Failed to open libwvm.so
I/Choreographer( 1008): Skipped 96 frames!  The application may be doing too much work on its main thread.
E/WVMExtractor(   61): Failed to open libwvm.so
D/InputEventConsistencyVerifier( 1008): TrackballEvent: Trackball is down but pressure is not greater than 0.
D/InputEventConsistencyVerifier( 1008):   in android.view.ViewRootImpl@b3f07568
D/InputEventConsistencyVerifier( 1008):   0: sent at 216560000000, MotionEvent { action=ACTION_DOWN, id[0]=0, x[0]=0.0, y[0]=0.0, toolType[0]=TOOL_TYPE_UNKNOWN, buttonState=0, metaState=0, flags=0x0, edgeFlags=0x0, pointerCount=1, historySize=0, eventTime=216560, downTime=216471, deviceId=0, source=0x10004 }
D/InputEventConsistencyVerifier( 1008):   -- recent events --
D/InputEventConsistencyVerifier( 1008):   1: sent at 216599000000, KeyEvent { action=ACTION_UP, keyCode=KEYCODE_DPAD_UP, scanCode=0, metaState=0, flags=0x400, repeatCount=0, eventTime=216599, downTime=216599, deviceId=-1, source=0x101 }
D/InputEventConsistencyVerifier( 1008):   2: sent at 216599000000, KeyEvent { action=ACTION_DOWN, keyCode=KEYCODE_DPAD_UP, scanCode=0, metaState=0, flags=0x400, repeatCount=0, eventTime=216599, downTime=216599, deviceId=-1, source=0x101 }
D/InputEventConsistencyVerifier( 1008):   3: sent at 216599000000, KeyEvent { action=ACTION_UP, keyCode=KEYCODE_DPAD_UP, scanCode=0, metaState=0, flags=0x400, repeatCount=0, eventTime=216599, downTime=216599, deviceId=-1, source=0x101 }
D/InputEventConsistencyVerifier( 1008):   4: sent at 216599000000, KeyEvent { action=ACTION_DOWN, keyCode=KEYCODE_DPAD_UP, scanCode=0, metaState=0, flags=0x400, repeatCount=0, eventTime=216599, downTime=216599, deviceId=-1, source=0x101 }
D/InputEventConsistencyVerifier( 1008):   5: sent at 216598000000, KeyEvent { action=ACTION_UP, keyCode=KEYCODE_DPAD_UP, scanCode=0, metaState=0, flags=0x400, repeatCount=0, eventTime=216598, downTime=216598, deviceId=-1, source=0x101 }
E/WVMExtractor(   61): Failed to open libwvm.so
D/InputEventConsistencyVerifier( 1008): KeyEvent: ACTION_UP but key was not down.
D/InputEventConsistencyVerifier( 1008):   in android.view.ViewRootImpl@b3e6a710
D/InputEventConsistencyVerifier( 1008):   0: sent at 217183000000, KeyEvent { action=ACTION_UP, keyCode=KEYCODE_DPAD_LEFT, scanCode=0, metaState=0, flags=0x8, repeatCount=0, eventTime=217183, downTime=217183, deviceId=-1, source=0x101 }
D/InputEventConsistencyVerifier( 1008):   -- recent events --
D/InputEventConsistencyVerifier( 1008):   1: sent at 216073000000, MotionEvent { action=ACTION_UP, id[0]=0, x[0]=244.0, y[0]=498.0, toolType[0]=TOOL_TYPE_UNKNOWN, buttonState=0, metaState=0, flags=0x0, edgeFlags=0x0, pointerCount=1, historySize=0, eventTime=216073, downTime=216048, deviceId=0, source=0x1002 }
D/InputEventConsistencyVerifier( 1008):   2: sent at 216048000000, MotionEvent { action=ACTION_DOWN, id[0]=0, x[0]=244.0, y[0]=508.0, toolType[0]=TOOL_TYPE_UNKNOWN, buttonState=0, metaState=0, flags=0x0, edgeFlags=0x0, pointerCount=1, historySize=0, eventTime=216048, downTime=216048, deviceId=0, source=0x1002 }
D/InputEventConsistencyVerifier( 1008):   3: sent at 216025000000, MotionEvent { action=ACTION_UP, id[0]=0, x[0]=349.0, y[0]=687.0, toolType[0]=TOOL_TYPE_UNKNOWN, buttonState=0, metaState=0, flags=0x0, edgeFlags=0x0, pointerCount=1, historySize=0, eventTime=216025, downTime=215995, deviceId=0, source=0x1002 }
D/InputEventConsistencyVerifier( 1008):   4: sent at 215997000000, MotionEvent { action=ACTION_DOWN, id[0]=0, x[0]=344.0, y[0]=696.0, toolType[0]=TOOL_TYPE_UNKNOWN, buttonState=0, metaState=0, flags=0x0, edgeFlags=0x0, pointerCount=1, historySize=0, eventTime=215997, downTime=215995, deviceId=0, source=0x1002 }
D/InputEventConsistencyVerifier( 1008):   5: sent at 215911000000, KeyEvent { action=ACTION_UP, keyCode=KEYCODE_MENU, scanCode=0, metaState=0, flags=0x8, repeatCount=0, eventTime=215911, downTime=215911, deviceId=-1, source=0x101 }
I/Choreographer( 1008): Skipped 58 frames!  The application may be doing too much work on its main thread.
W/InputMethodManagerService(  226): Window already focused, ignoring focus gain of: com.android.internal.view.IInputMethodClient$Stub$Proxy@b40acc40 attribute=android.view.inputmethod.EditorInfo@b3f9dd30
D/InputEventConsistencyVerifier( 1008): KeyEvent: ACTION_UP but key was not down.
D/InputEventConsistencyVerifier( 1008):   in com.android.internal.policy.impl.PhoneWindow$DecorView@b3e27268
D/InputEventConsistencyVerifier( 1008):   0: sent at 217395000000, KeyEvent { action=ACTION_UP, keyCode=KEYCODE_DPAD_UP, scanCode=0, metaState=0, flags=0x8, repeatCount=0, eventTime=217395, downTime=217395, deviceId=-1, source=0x101 }
D/InputEventConsistencyVerifier( 1008):   -- recent events --
D/InputEventConsistencyVerifier( 1008):   1: sent at 217183000000, (unhandled) KeyEvent { action=ACTION_UP, keyCode=KEYCODE_DPAD_LEFT, scanCode=0, metaState=0, flags=0x80000008, repeatCount=0, eventTime=217183, downTime=217183, deviceId=-1, source=0x101 }
D/InputEventConsistencyVerifier( 1008):   2: sent at 216073000000, (unhandled) MotionEvent { action=ACTION_UP, id[0]=0, x[0]=162.66667, y[0]=332.0, toolType[0]=TOOL_TYPE_UNKNOWN, buttonState=0, metaState=0, flags=0x0, edgeFlags=0x0, pointerCount=1, historySize=0, eventTime=216073, downTime=216048, deviceId=0, source=0x1002 }
D/InputEventConsistencyVerifier( 1008):   3: sent at 216048000000, (unhandled) MotionEvent { action=ACTION_DOWN, id[0]=0, x[0]=162.66667, y[0]=338.6667, toolType[0]=TOOL_TYPE_UNKNOWN, buttonState=0, metaState=0, flags=0x0, edgeFlags=0x0, pointerCount=1, historySize=0, eventTime=216048, downTime=216048, deviceId=0, source=0x1002 }
D/InputEventConsistencyVerifier( 1008):   4: sent at 216025000000, (unhandled) MotionEvent { action=ACTION_UP, id[0]=0, x[0]=232.66667, y[0]=458.0, toolType[0]=TOOL_TYPE_UNKNOWN, buttonState=0, metaState=0, flags=0x0, edgeFlags=0x0, pointerCount=1, historySize=0, eventTime=216025, downTime=215995, deviceId=0, source=0x1002 }
D/InputEventConsistencyVerifier( 1008):   5: sent at 215997000000, (unhandled) MotionEvent { action=ACTION_DOWN, id[0]=0, x[0]=229.33334, y[0]=464.0, toolType[0]=TOOL_TYPE_UNKNOWN, buttonState=0, metaState=0, flags=0x0, edgeFlags=0x0, pointerCount=1, historySize=0, eventTime=215997, downTime=215995, deviceId=0, source=0x1002 }
E/WVMExtractor(   61): Failed to open libwvm.so
I/ActivityManager(  226): START {act=android.intent.action.MAIN cat=[android.intent.category.LAUNCHER] flg=0x10000000 cmp=com.android.contacts/.activities.PeopleActivity sel={act=android.intent.action.MAIN cat=[android.intent.category.APP_CONTACTS]} u=0} from pid 226
W/dalvikvm(  418): DroidBox: { "FdAccess": { "path": "2f70726f632f6d656d696e666f", "id": "1105995896" } }
W/DroidBox(  418): DroidBox: { "FileRW": { "operation": "read", "data": "4d656d546f74616c3a202020202020202020373438393634206b420a4d656d467265653a20202020202020202020343439303932206b420a427566666572733a20202020202020202020202035353634206b420a4361636865643a202020202020202020", "id": "1105995896" } }
D/InputEventConsistencyVerifier(  418): KeyEvent: ACTION_UP but key was not down.
D/InputEventConsistencyVerifier(  418):   in android.view.ViewRootImpl@b3eedcd0
D/InputEventConsistencyVerifier(  418):   0: sent at 217975000000, KeyEvent { action=ACTION_UP, keyCode=KEYCODE_CONTACTS, scanCode=0, metaState=0, flags=0x8, repeatCount=0, eventTime=217975, downTime=217975, deviceId=-1, source=0x101 }
D/InputEventConsistencyVerifier(  418):   -- recent events --
D/InputEventConsistencyVerifier(  418):   1: sent at 217895000000, MotionEvent { action=ACTION_UP, id[0]=0, x[0]=205.0, y[0]=131.0, toolType[0]=TOOL_TYPE_UNKNOWN, buttonState=0, metaState=0, flags=0x0, edgeFlags=0x0, pointerCount=1, historySize=0, eventTime=217895, downTime=217759, deviceId=0, source=0x1002 }
D/InputEventConsistencyVerifier(  418):   2: sent at 217868000000, MotionEvent { action=ACTION_MOVE, id[0]=0, x[0]=214.0, y[0]=114.0, toolType[0]=TOOL_TYPE_UNKNOWN, buttonState=0, metaState=0, flags=0x0, edgeFlags=0x0, pointerCount=1, historySize=7, eventTime=217868, downTime=217759, deviceId=0, source=0x1002 }
D/InputEventConsistencyVerifier(  418):   3: sent at 217780000000, MotionEvent { action=ACTION_DOWN, id[0]=0, x[0]=284.0, y[0]=30.0, toolType[0]=TOOL_TYPE_UNKNOWN, buttonState=0, metaState=0, flags=0x0, edgeFlags=0x0, pointerCount=1, historySize=0, eventTime=217780, downTime=217759, deviceId=0, source=0x1002 }
D/InputEventConsistencyVerifier(  418):   4: sent at 201889000000, KeyEvent { action=ACTION_UP, keyCode=KEYCODE_DPAD_RIGHT, scanCode=0, metaState=0, flags=0x8, repeatCount=0, eventTime=201889, downTime=201889, deviceId=-1, source=0x101 }
D/InputEventConsistencyVerifier(  418):   5: sent at 201882000000, KeyEvent { action=ACTION_DOWN, keyCode=KEYCODE_DPAD_RIGHT, scanCode=0, metaState=0, flags=0x8, repeatCount=0, eventTime=201882, downTime=201882, deviceId=-1, source=0x101 }
D/InputEventConsistencyVerifier(  418): KeyEvent: ACTION_UP but key was not down.
D/InputEventConsistencyVerifier(  418):   in com.android.systemui.statusbar.phone.StatusBarWindowView@b3e5c2e0
D/InputEventConsistencyVerifier(  418):   0: sent at 218017000000, KeyEvent { action=ACTION_UP, keyCode=KEYCODE_DPAD_RIGHT, scanCode=0, metaState=0, flags=0x8, repeatCount=0, eventTime=218017, downTime=218017, deviceId=-1, source=0x101 }
D/InputEventConsistencyVerifier(  418):   -- recent events --
D/InputEventConsistencyVerifier(  418):   1: sent at 217975000000, (unhandled) KeyEvent { action=ACTION_UP, keyCode=KEYCODE_CONTACTS, scanCode=0, metaState=0, flags=0x80000008, repeatCount=0, eventTime=217975, downTime=217975, deviceId=-1, source=0x101 }
D/InputEventConsistencyVerifier(  418):   2: sent at 217895000000, MotionEvent { action=ACTION_UP, id[0]=0, x[0]=205.0, y[0]=131.0, toolType[0]=TOOL_TYPE_UNKNOWN, buttonState=0, metaState=0, flags=0x0, edgeFlags=0x0, pointerCount=1, historySize=0, eventTime=217895, downTime=217759, deviceId=0, source=0x1002 }
D/InputEventConsistencyVerifier(  418):   3: sent at 217868000000, MotionEvent { action=ACTION_MOVE, id[0]=0, x[0]=214.0, y[0]=114.0, toolType[0]=TOOL_TYPE_UNKNOWN, buttonState=0, metaState=0, flags=0x0, edgeFlags=0x0, pointerCount=1, historySize=7, eventTime=217868, downTime=217759, deviceId=0, source=0x1002 }
D/InputEventConsistencyVerifier(  418):   4: sent at 217780000000, MotionEvent { action=ACTION_DOWN, id[0]=0, x[0]=284.0, y[0]=30.0, toolType[0]=TOOL_TYPE_UNKNOWN, buttonState=0, metaState=0, flags=0x0, edgeFlags=0x0, pointerCount=1, historySize=0, eventTime=217780, downTime=217759, deviceId=0, source=0x1002 }
D/InputEventConsistencyVerifier(  418):   5: sent at 201889000000, (unhandled) KeyEvent { action=ACTION_UP, keyCode=KEYCODE_DPAD_RIGHT, scanCode=0, metaState=0, flags=0x8, repeatCount=0, eventTime=201889, downTime=201889, deviceId=-1, source=0x101 }
W/dalvikvm(  418): DroidBox: { "FdAccess": { "path": "2f70726f632f6d656d696e666f", "id": "678052353" } }
W/DroidBox(  418): DroidBox: { "FileRW": { "operation": "read", "data": "4d656d546f74616c3a202020202020202020373438393634206b420a4d656d467265653a20202020202020202020343438393638206b420a427566666572733a20202020202020202020202035353634206b420a4361636865643a202020202020202020", "id": "678052353" } }
I/Choreographer(  418): Skipped 79 frames!  The application may be doing too much work on its main thread.
D/InputEventConsistencyVerifier(  418): KeyEvent: ACTION_UP but key was not down.
D/InputEventConsistencyVerifier(  418):   in android.widget.FrameLayout@b3e5b068
D/InputEventConsistencyVerifier(  418):   0: sent at 218122000000, KeyEvent { action=ACTION_UP, keyCode=KEYCODE_DPAD_DOWN, scanCode=0, metaState=0, flags=0x400, repeatCount=0, eventTime=218122, downTime=218122, deviceId=-1, source=0x101 }
D/InputEventConsistencyVerifier(  418):   -- recent events --
D/InputEventConsistencyVerifier(  418):   1: sent at 201812000000, MotionEvent { action=ACTION_UP, id[0]=0, x[0]=47.0, y[0]=68.0, toolType[0]=TOOL_TYPE_UNKNOWN, buttonState=0, metaState=0, flags=0x0, edgeFlags=0x0, pointerCount=1, historySize=0, eventTime=201812, downTime=201798, deviceId=0, source=0x1002 }
D/InputEventConsistencyVerifier(  418):   2: sent at 201798000000, MotionEvent { action=ACTION_DOWN, id[0]=0, x[0]=66.0, y[0]=52.0, toolType[0]=TOOL_TYPE_UNKNOWN, buttonState=0, metaState=0, flags=0x80000000, edgeFlags=0x0, pointerCount=1, historySize=0, eventTime=201798, downTime=201798, deviceId=0, source=0x1002 }
D/InputEventConsistencyVerifier(  418):   3: sent at 201758000000, (unhandled) KeyEvent { action=ACTION_UP, keyCode=KEYCODE_DPAD_DOWN, scanCode=0, metaState=0, flags=0x80000008, repeatCount=0, eventTime=201758, downTime=201758, deviceId=-1, source=0x101 }
D/InputEventConsistencyVerifier(  418):   4: sent at 201442000000, MotionEvent { action=ACTION_UP, id[0]=0, x[0]=224.0, y[0]=643.5, toolType[0]=TOOL_TYPE_UNKNOWN, buttonState=0, metaState=0, flags=0x0, edgeFlags=0x0, pointerCount=1, historySize=0, eventTime=201442, downTime=201340, deviceId=0, source=0x1002 }
D/InputEventConsistencyVerifier(  418):   5: sent at 201429500000, MotionEvent { action=ACTION_MOVE, id[0]=0, x[0]=224.0, y[0]=643.5, toolType[0]=TOOL_TYPE_UNKNOWN, buttonState=0, metaState=0, flags=0x0, edgeFlags=0x0, pointerCount=1, historySize=5, eventTime=201429, downTime=201340, deviceId=0, source=0x1002 }
V/PhoneStatusBar(  418): setLightsOn(true)
D/PhoneStatusBar(  418): disable: < expand icons alerts TICKER* system_info back home recent clock >
W/dalvikvm(  418): DroidBox: { "FdAccess": { "path": "2f70726f632f6d656d696e666f", "id": "563096419" } }
W/DroidBox(  418): DroidBox: { "FileRW": { "operation": "read", "data": "4d656d546f74616c3a202020202020202020373438393634206b420a4d656d467265653a20202020202020202020343438393638206b420a427566666572733a20202020202020202020202035353634206b420a4361636865643a202020202020202020", "id": "563096419" } }
I/Choreographer(  418): Skipped 47 frames!  The application may be doing too much work on its main thread.
W/dalvikvm(  418): DroidBox: { "FdAccess": { "path": "2f70726f632f6d656d696e666f", "id": "1856886785" } }
W/DroidBox(  418): DroidBox: { "FileRW": { "operation": "read", "data": "4d656d546f74616c3a202020202020202020373438393634206b420a4d656d467265653a20202020202020202020343437343830206b420a427566666572733a20202020202020202020202035353634206b420a4361636865643a202020202020202020", "id": "1856886785" } }
I/Choreographer(  418): Skipped 33 frames!  The application may be doing too much work on its main thread.
D/InputEventConsistencyVerifier(  418): KeyEvent: ACTION_UP but key was not down.
D/InputEventConsistencyVerifier(  418):   in android.widget.FrameLayout@b3e5b068
D/InputEventConsistencyVerifier(  418):   0: sent at 218696000000, KeyEvent { action=ACTION_UP, keyCode=KEYCODE_DPAD_DOWN, scanCode=0, metaState=0, flags=0x400, repeatCount=0, eventTime=218696, downTime=218696, deviceId=-1, source=0x101 }
D/InputEventConsistencyVerifier(  418):   -- recent events --
D/InputEventConsistencyVerifier(  418):   1: sent at 218616000000, MotionEvent { action=ACTION_UP, id[0]=0, x[0]=416.0, y[0]=572.0, toolType[0]=TOOL_TYPE_UNKNOWN, buttonState=0, metaState=0, flags=0x0, edgeFlags=0x0, pointerCount=1, historySize=0, eventTime=218616, downTime=218587, deviceId=0, source=0x1002 }
D/InputEventConsistencyVerifier(  418):   2: sent at 218587000000, MotionEvent { action=ACTION_DOWN, id[0]=0, x[0]=416.0, y[0]=572.0, toolType[0]=TOOL_TYPE_UNKNOWN, buttonState=0, metaState=0, flags=0x0, edgeFlags=0x0, pointerCount=1, historySize=0, eventTime=218587, downTime=218587, deviceId=0, source=0x1002 }
D/InputEventConsistencyVerifier(  418):   3: sent at 218122000000, (unhandled) KeyEvent { action=ACTION_UP, keyCode=KEYCODE_DPAD_DOWN, scanCode=0, metaState=0, flags=0x400, repeatCount=0, eventTime=218122, downTime=218122, deviceId=-1, source=0x101 }
D/InputEventConsistencyVerifier(  418):   4: sent at 218122000000, (unhandled) KeyEvent { action=ACTION_DOWN, keyCode=KEYCODE_DPAD_DOWN, scanCode=0, metaState=0, flags=0x400, repeatCount=0, eventTime=218122, downTime=218122, deviceId=-1, source=0x101 }
D/InputEventConsistencyVerifier(  418):   5: sent at 218122000000, (unhandled) KeyEvent { action=ACTION_UP, keyCode=KEYCODE_DPAD_DOWN, scanCode=0, metaState=0, flags=0x400, repeatCount=0, eventTime=218122, downTime=218122, deviceId=-1, source=0x101 }
W/dalvikvm(  418): DroidBox: { "FdAccess": { "path": "2f70726f632f6d656d696e666f", "id": "439443462" } }
W/DroidBox(  418): DroidBox: { "FileRW": { "operation": "read", "data": "4d656d546f74616c3a202020202020202020373438393634206b420a4d656d467265653a20202020202020202020343437323332206b420a427566666572733a20202020202020202020202035353634206b420a4361636865643a202020202020202020", "id": "439443462" } }
I/Choreographer(  418): Skipped 37 frames!  The application may be doing too much work on its main thread.
E/WVMExtractor(   61): Failed to open libwvm.so
D/InputEventConsistencyVerifier(  418): KeyEvent: ACTION_UP but key was not down.
D/InputEventConsistencyVerifier(  418):   in com.android.systemui.statusbar.phone.PhoneStatusBarView@b3e5e278
D/InputEventConsistencyVerifier(  418):   0: sent at 218933000000, KeyEvent { action=ACTION_UP, keyCode=KEYCODE_DPAD_UP, scanCode=0, metaState=0, flags=0x8, repeatCount=0, eventTime=218933, downTime=218933, deviceId=-1, source=0x101 }
D/InputEventConsistencyVerifier(  418):   -- recent events --
D/InputEventConsistencyVerifier(  418):   1: sent at 218696000000, (unhandled) KeyEvent { action=ACTION_DOWN, keyCode=KEYCODE_DPAD_DOWN, scanCode=0, metaState=0, flags=0x400, repeatCount=0, eventTime=218696, downTime=218696, deviceId=-1, source=0x101 }
D/InputEventConsistencyVerifier(  418):   2: sent at 218532000000, (unhandled) KeyEvent { action=ACTION_UP, keyCode=KEYCODE_DPAD_CENTER, scanCode=0, metaState=0, flags=0x8, repeatCount=0, eventTime=218532, downTime=218532, deviceId=-1, source=0x101 }
D/InputEventConsistencyVerifier(  418):   3: sent at 218499000000, (unhandled) KeyEvent { action=ACTION_DOWN, keyCode=KEYCODE_DPAD_CENTER, scanCode=0, metaState=0, flags=0x8, repeatCount=0, eventTime=218499, downTime=218499, deviceId=-1, source=0x101 }
D/InputEventConsistencyVerifier(  418):   4: sent at 218514000000, (unhandled) KeyEvent { action=ACTION_UP, keyCode=KEYCODE_DPAD_LEFT, scanCode=0, metaState=0, flags=0x400, repeatCount=0, eventTime=218514, downTime=218514, deviceId=-1, source=0x101 }
D/InputEventConsistencyVerifier(  418):   5: sent at 218514000000, (unhandled) KeyEvent { action=ACTION_DOWN, keyCode=KEYCODE_DPAD_LEFT, scanCode=0, metaState=0, flags=0x400, repeatCount=0, eventTime=218514, downTime=218514, deviceId=-1, source=0x101 }
D/InputEventConsistencyVerifier(  418): KeyEvent: ACTION_UP but key was not down.
D/InputEventConsistencyVerifier(  418):   in android.widget.FrameLayout@b3e5b068
D/InputEventConsistencyVerifier(  418):   0: sent at 219165000000, KeyEvent { action=ACTION_UP, keyCode=KEYCODE_DPAD_DOWN, scanCode=0, metaState=0, flags=0x8, repeatCount=0, eventTime=219165, downTime=219165, deviceId=-1, source=0x101 }
D/InputEventConsistencyVerifier(  418):   -- recent events --
D/InputEventConsistencyVerifier(  418):   1: sent at 218717000000, (unhandled) KeyEvent { action=ACTION_DOWN, keyCode=KEYCODE_DPAD_UP, scanCode=0, metaState=0, flags=0x8, repeatCount=0, eventTime=218717, downTime=218717, deviceId=-1, source=0x101 }
D/InputEventConsistencyVerifier(  418):   2: sent at 218924000000, (unhandled) KeyEvent { action=ACTION_UP, keyCode=KEYCODE_DPAD_RIGHT, scanCode=0, metaState=0, flags=0x400, repeatCount=0, eventTime=218924, downTime=218924, deviceId=-1, source=0x101 }
D/InputEventConsistencyVerifier(  418):   3: sent at 218924000000, (unhandled) KeyEvent { action=ACTION_DOWN, keyCode=KEYCODE_DPAD_RIGHT, scanCode=0, metaState=0, flags=0x400, repeatCount=0, eventTime=218924, downTime=218924, deviceId=-1, source=0x101 }
D/InputEventConsistencyVerifier(  418):   4: sent at 218924000000, (unhandled) KeyEvent { action=ACTION_UP, keyCode=KEYCODE_DPAD_RIGHT, scanCode=0, metaState=0, flags=0x400, repeatCount=0, eventTime=218924, downTime=218924, deviceId=-1, source=0x101 }
D/InputEventConsistencyVerifier(  418):   5: sent at 218924000000, (unhandled) KeyEvent { action=ACTION_DOWN, keyCode=KEYCODE_DPAD_RIGHT, scanCode=0, metaState=0, flags=0x400, repeatCount=0, eventTime=218924, downTime=218924, deviceId=-1, source=0x101 }
D/InputEventConsistencyVerifier(  418): KeyEvent: ACTION_UP but key was not down.
D/InputEventConsistencyVerifier(  418):   in com.android.systemui.statusbar.phone.StatusBarWindowView@b3e5c2e0
D/InputEventConsistencyVerifier(  418):   0: sent at 219423000000, KeyEvent { action=ACTION_UP, keyCode=KEYCODE_DPAD_DOWN, scanCode=0, metaState=0, flags=0x400, repeatCount=0, eventTime=219423, downTime=219423, deviceId=-1, source=0x101 }
D/InputEventConsistencyVerifier(  418):   -- recent events --
D/InputEventConsistencyVerifier(  418):   1: sent at 219379000000, (unhandled) MotionEvent { action=ACTION_MOVE, id[0]=0, x[0]=0.0, y[0]=3.0, toolType[0]=TOOL_TYPE_UNKNOWN, buttonState=0, metaState=0, flags=0x0, edgeFlags=0x0, pointerCount=1, historySize=3, eventTime=219379, downTime=-1, deviceId=0, source=0x10004 }
D/InputEventConsistencyVerifier(  418):   2: sent at 219297000000, MotionEvent { action=ACTION_UP, id[0]=0, x[0]=78.0, y[0]=4.0, toolType[0]=TOOL_TYPE_UNKNOWN, buttonState=0, metaState=0, flags=0x0, edgeFlags=0x0, pointerCount=1, historySize=0, eventTime=219297, downTime=219276, deviceId=0, source=0x1002 }
D/InputEventConsistencyVerifier(  418):   3: sent at 219277000000, MotionEvent { action=ACTION_DOWN, id[0]=0, x[0]=78.0, y[0]=8.0, toolType[0]=TOOL_TYPE_UNKNOWN, buttonState=0, metaState=0, flags=0x0, edgeFlags=0x0, pointerCount=1, historySize=0, eventTime=219277, downTime=219276, deviceId=0, source=0x1002 }
D/InputEventConsistencyVerifier(  418):   4: sent at 219213000000, (unhandled) KeyEvent { action=ACTION_UP, keyCode=KEYCODE_DPAD_DOWN, scanCode=0, metaState=0, flags=0x8, repeatCount=0, eventTime=219213, downTime=219213, deviceId=-1, source=0x101 }
D/InputEventConsistencyVerifier(  418):   5: sent at 219194000000, (unhandled) KeyEvent { action=ACTION_DOWN, keyCode=KEYCODE_DPAD_DOWN, scanCode=0, metaState=0, flags=0x8, repeatCount=0, eventTime=219194, downTime=219194, deviceId=-1, source=0x101 }
D/InputEventConsistencyVerifier(  418): KeyEvent: ACTION_UP but key was not down.
D/InputEventConsistencyVerifier(  418):   in android.widget.FrameLayout@b3e5b068
D/InputEventConsistencyVerifier(  418):   0: sent at 219423000000, KeyEvent { action=ACTION_UP, keyCode=KEYCODE_DPAD_DOWN, scanCode=0, metaState=0, flags=0x400, repeatCount=0, eventTime=219423, downTime=219423, deviceId=-1, source=0x101 }
D/InputEventConsistencyVerifier(  418):   -- recent events --
D/InputEventConsistencyVerifier(  418):   1: sent at 219297000000, MotionEvent { action=ACTION_UP, id[0]=0, x[0]=78.0, y[0]=4.0, toolType[0]=TOOL_TYPE_UNKNOWN, buttonState=0, metaState=0, flags=0x0, edgeFlags=0x0, pointerCount=1, historySize=0, eventTime=219297, downTime=219276, deviceId=0, source=0x1002 }
D/InputEventConsistencyVerifier(  418):   2: sent at 219277000000, MotionEvent { action=ACTION_DOWN, id[0]=0, x[0]=78.0, y[0]=8.0, toolType[0]=TOOL_TYPE_UNKNOWN, buttonState=0, metaState=0, flags=0x0, edgeFlags=0x0, pointerCount=1, historySize=0, eventTime=219277, downTime=219276, deviceId=0, source=0x1002 }
D/InputEventConsistencyVerifier(  418):   3: sent at 219213000000, (unhandled) KeyEvent { action=ACTION_UP, keyCode=KEYCODE_DPAD_DOWN, scanCode=0, metaState=0, flags=0x8, repeatCount=0, eventTime=219213, downTime=219213, deviceId=-1, source=0x101 }
D/InputEventConsistencyVerifier(  418):   4: sent at 219194000000, (unhandled) KeyEvent { action=ACTION_DOWN, keyCode=KEYCODE_DPAD_DOWN, scanCode=0, metaState=0, flags=0x8, repeatCount=0, eventTime=219194, downTime=219194, deviceId=-1, source=0x101 }
D/InputEventConsistencyVerifier(  418):   5: sent at 219165000000, (unhandled) KeyEvent { action=ACTION_UP, keyCode=KEYCODE_DPAD_DOWN, scanCode=0, metaState=0, flags=0x80000008, repeatCount=0, eventTime=219165, downTime=219165, deviceId=-1, source=0x101 }
D/InputEventConsistencyVerifier(  418): TrackballEvent: Trackball is down but pressure is not greater than 0.
D/InputEventConsistencyVerifier(  418):   in android.view.ViewRootImpl@b3eedcd0
D/InputEventConsistencyVerifier(  418):   0: sent at 219462000000, MotionEvent { action=ACTION_DOWN, id[0]=0, x[0]=0.0, y[0]=0.0, toolType[0]=TOOL_TYPE_UNKNOWN, buttonState=0, metaState=0, flags=0x0, edgeFlags=0x0, pointerCount=1, historySize=0, eventTime=219462, downTime=219338, deviceId=0, source=0x10004 }
D/InputEventConsistencyVerifier(  418):   -- recent events --
D/InputEventConsistencyVerifier(  418):   1: sent at 219478000000, KeyEvent { action=ACTION_UP, keyCode=KEYCODE_DPAD_RIGHT, scanCode=0, metaState=0, flags=0x400, repeatCount=0, eventTime=219478, downTime=219478, deviceId=-1, source=0x101 }
D/InputEventConsistencyVerifier(  418):   2: sent at 219478000000, KeyEvent { action=ACTION_DOWN, keyCode=KEYCODE_DPAD_RIGHT, scanCode=0, metaState=0, flags=0x400, repeatCount=0, eventTime=219478, downTime=219478, deviceId=-1, source=0x101 }
D/InputEventConsistencyVerifier(  418):   3: sent at 219478000000, KeyEvent { action=ACTION_UP, keyCode=KEYCODE_DPAD_RIGHT, scanCode=0, metaState=0, flags=0x400, repeatCount=0, eventTime=219478, downTime=219478, deviceId=-1, source=0x101 }
