D/InputEventConsistencyVerifier( 1051):   0: sent at 293928000000, KeyEvent { action=ACTION_UP, keyCode=KEYCODE_DPAD_CENTER, scanCode=0, metaState=0, flags=0x8, repeatCount=0, eventTime=293928, downTime=293928, deviceId=-1, source=0x101 }
D/InputEventConsistencyVerifier( 1051):   -- recent events --
D/InputEventConsistencyVerifier( 1051):   1: sent at 293745000000, (unhandled) MotionEvent { action=ACTION_UP, id[0]=0, x[0]=367.0, y[0]=228.0, toolType[0]=TOOL_TYPE_UNKNOWN, buttonState=0, metaState=0, flags=0x0, edgeFlags=0x0, pointerCount=1, historySize=0, eventTime=293745, downTime=293736, deviceId=0, source=0x1002 }
D/InputEventConsistencyVerifier( 1051):   2: sent at 293737000000, (unhandled) MotionEvent { action=ACTION_DOWN, id[0]=0, x[0]=386.0, y[0]=212.0, toolType[0]=TOOL_TYPE_UNKNOWN, buttonState=0, metaState=0, flags=0x0, edgeFlags=0x0, pointerCount=1, historySize=0, eventTime=293737, downTime=293736, deviceId=0, source=0x1002 }
D/InputEventConsistencyVerifier( 1051):   3: sent at 293733000000, (unhandled) KeyEvent { action=ACTION_UP, keyCode=KEYCODE_DPAD_DOWN, scanCode=0, metaState=0, flags=0x28, repeatCount=0, eventTime=293733, downTime=293503, deviceId=-1, source=0x101 }
D/InputEventConsistencyVerifier( 1051):   4: sent at 293503000000, (unhandled) KeyEvent { action=ACTION_DOWN, keyCode=KEYCODE_DPAD_DOWN, scanCode=0, metaState=0, flags=0x8, repeatCount=0, eventTime=293503, downTime=293503, deviceId=-1, source=0x101 }
D/InputEventConsistencyVerifier( 1051):   5: sent at 293457000000, (unhandled) MotionEvent { action=ACTION_MOVE, id[0]=0, x[0]=-1.0, y[0]=-1.0, toolType[0]=TOOL_TYPE_UNKNOWN, buttonState=0, metaState=0, flags=0x0, edgeFlags=0x0, pointerCount=1, historySize=9, eventTime=293457, downTime=-1, deviceId=0, source=0x10004 }
W/WiYun   ( 1051): Failed to get ad
W/WiYun   ( 1051): Failed to get ad
D/InputEventConsistencyVerifier( 1051): KeyEvent: ACTION_UP but key was not down.
D/InputEventConsistencyVerifier( 1051):   in com.android.internal.policy.impl.PhoneWindow$DecorView@b3d70ea8
D/InputEventConsistencyVerifier( 1051):   0: sent at 296825000000, KeyEvent { action=ACTION_UP, keyCode=KEYCODE_DPAD_CENTER, scanCode=0, metaState=0, flags=0x8, repeatCount=0, eventTime=296825, downTime=296825, deviceId=-1, source=0x101 }
D/InputEventConsistencyVerifier( 1051):   -- recent events --
D/InputEventConsistencyVerifier( 1051):   1: sent at 296679000000, (unhandled) MotionEvent { action=ACTION_UP, id[0]=0, x[0]=471.0, y[0]=318.0, toolType[0]=TOOL_TYPE_UNKNOWN, buttonState=0, metaState=0, flags=0x0, edgeFlags=0x0, pointerCount=1, historySize=0, eventTime=296679, downTime=296674, deviceId=0, source=0x1002 }
D/InputEventConsistencyVerifier( 1051):   2: sent at 296674000000, (unhandled) MotionEvent { action=ACTION_DOWN, id[0]=0, x[0]=464.0, y[0]=319.0, toolType[0]=TOOL_TYPE_UNKNOWN, buttonState=0, metaState=0, flags=0x0, edgeFlags=0x0, pointerCount=1, historySize=0, eventTime=296674, downTime=296674, deviceId=0, source=0x1002 }
D/InputEventConsistencyVerifier( 1051):   3: sent at 296656000000, (unhandled) MotionEvent { action=ACTION_UP, id[0]=0, x[0]=379.0, y[0]=342.0, toolType[0]=TOOL_TYPE_UNKNOWN, buttonState=0, metaState=0, flags=0x0, edgeFlags=0x0, pointerCount=1, historySize=0, eventTime=296656, downTime=296573, deviceId=0, source=0x1002 }
D/InputEventConsistencyVerifier( 1051):   4: sent at 296654000000, (unhandled) MotionEvent { action=ACTION_MOVE, id[0]=0, x[0]=379.0, y[0]=355.0, toolType[0]=TOOL_TYPE_UNKNOWN, buttonState=0, metaState=0, flags=0x0, edgeFlags=0x0, pointerCount=1, historySize=4, eventTime=296654, downTime=296573, deviceId=0, source=0x1002 }
D/InputEventConsistencyVerifier( 1051):   5: sent at 296575000000, (unhandled) MotionEvent { action=ACTION_DOWN, id[0]=0, x[0]=410.0, y[0]=394.0, toolType[0]=TOOL_TYPE_UNKNOWN, buttonState=0, metaState=0, flags=0x0, edgeFlags=0x0, pointerCount=1, historySize=0, eventTime=296575, downTime=296573, deviceId=0, source=0x1002 }
I/Choreographer( 1051): Skipped 37 frames!  The application may be doing too much work on its main thread.
I/ActivityManager(  228): START {act=android.intent.action.CALL_BUTTON flg=0x10000000 cmp=com.android.contacts/.activities.DialtactsActivity u=0} from pid 1051
I/Choreographer( 1051): Skipped 30 frames!  The application may be doing too much work on its main thread.
I/InputDispatcher(  228): Window 'Window{b40e9be0 mp.tvbrj.aolqgsvuhb/mp.andro.ATemplate.ATemplate paused=false}' spent 2002.1ms processing the last input event: KeyEvent(action=0, deviceId=-1, source=0x00000101)
I/Choreographer( 1051): Skipped 31 frames!  The application may be doing too much work on its main thread.
D/InputEventConsistencyVerifier( 1051): KeyEvent: ACTION_UP but key was not down.
D/InputEventConsistencyVerifier( 1051):   in com.android.internal.policy.impl.PhoneWindow$DecorView@b3d70ea8
D/InputEventConsistencyVerifier( 1051):   0: sent at 300004000000, KeyEvent { action=ACTION_UP, keyCode=KEYCODE_DPAD_LEFT, scanCode=0, metaState=0, flags=0x400, repeatCount=0, eventTime=300004, downTime=300004, deviceId=-1, source=0x101 }
D/InputEventConsistencyVerifier( 1051):   -- recent events --
D/InputEventConsistencyVerifier( 1051):   1: sent at 299985000000, (unhandled) MotionEvent { action=ACTION_MOVE, id[0]=0, x[0]=-4.0, y[0]=0.0, toolType[0]=TOOL_TYPE_UNKNOWN, buttonState=0, metaState=0, flags=0x0, edgeFlags=0x0, pointerCount=1, historySize=9, eventTime=299985, downTime=-1, deviceId=0, source=0x10004 }
D/InputEventConsistencyVerifier( 1051):   2: sent at 299810000000, (unhandled) MotionEvent { action=ACTION_UP, id[0]=0, x[0]=258.0, y[0]=247.0, toolType[0]=TOOL_TYPE_UNKNOWN, buttonState=0, metaState=0, flags=0x0, edgeFlags=0x0, pointerCount=1, historySize=0, eventTime=299810, downTime=299803, deviceId=0, source=0x1002 }
D/InputEventConsistencyVerifier( 1051):   3: sent at 299803000000, (unhandled) MotionEvent { action=ACTION_DOWN, id[0]=0, x[0]=259.0, y[0]=242.0, toolType[0]=TOOL_TYPE_UNKNOWN, buttonState=0, metaState=0, flags=0x0, edgeFlags=0x0, pointerCount=1, historySize=0, eventTime=299803, downTime=299803, deviceId=0, source=0x1002 }
D/InputEventConsistencyVerifier( 1051):   4: sent at 299754000000, (unhandled) MotionEvent { action=ACTION_UP, id[0]=0, x[0]=541.0, y[0]=450.0, toolType[0]=TOOL_TYPE_UNKNOWN, buttonState=0, metaState=0, flags=0x0, edgeFlags=0x0, pointerCount=1, historySize=0, eventTime=299754, downTime=299644, deviceId=0, source=0x1002 }
D/InputEventConsistencyVerifier( 1051):   5: sent at 299645000000, (unhandled) MotionEvent { action=ACTION_DOWN, id[0]=0, x[0]=542.0, y[0]=450.0, toolType[0]=TOOL_TYPE_UNKNOWN, buttonState=0, metaState=0, flags=0x0, edgeFlags=0x0, pointerCount=1, historySize=0, eventTime=299645, downTime=299644, deviceId=0, source=0x1002 }
D/InputEventConsistencyVerifier( 1051): TouchEvent: ACTION_DOWN but pointers are already down.  Probably missing ACTION_UP from previous gesture.
D/InputEventConsistencyVerifier( 1051):   in com.android.internal.policy.impl.PhoneWindow$DecorView@b40828f8
D/InputEventConsistencyVerifier( 1051):   0: sent at 302400000000, MotionEvent { action=ACTION_DOWN, id[0]=0, x[0]=189.0, y[0]=-120.0, toolType[0]=TOOL_TYPE_UNKNOWN, buttonState=0, metaState=0, flags=0x0, edgeFlags=0x0, pointerCount=1, historySize=0, eventTime=302400, downTime=302398, deviceId=0, source=0x1002 }
D/InputEventConsistencyVerifier( 1051):   -- recent events --
D/InputEventConsistencyVerifier( 1051):   1: sent at 302074000000, (unhandled) KeyEvent { action=ACTION_UP, keyCode=KEYCODE_DPAD_UP, scanCode=0, metaState=0, flags=0x8, repeatCount=0, eventTime=302074, downTime=302074, deviceId=-1, source=0x101 }
D/InputEventConsistencyVerifier( 1051):   2: sent at 302070000000, (unhandled) KeyEvent { action=ACTION_DOWN, keyCode=KEYCODE_DPAD_UP, scanCode=0, metaState=0, flags=0x8, repeatCount=0, eventTime=302070, downTime=302070, deviceId=-1, source=0x101 }
D/InputEventConsistencyVerifier( 1051):   3: sent at 302034000000, (unhandled) KeyEvent { action=ACTION_UP, keyCode=KEYCODE_N, scanCode=0, metaState=0, flags=0x8, repeatCount=0, eventTime=302034, downTime=302034, deviceId=-1, source=0x101 }
D/InputEventConsistencyVerifier( 1051):   4: sent at 301797000000, (unhandled) KeyEvent { action=ACTION_DOWN, keyCode=KEYCODE_N, scanCode=0, metaState=0, flags=0x8, repeatCount=0, eventTime=301797, downTime=301797, deviceId=-1, source=0x101 }
D/InputEventConsistencyVerifier( 1051):   5: sent at 302020000000, (unhandled) KeyEvent { action=ACTION_UP, keyCode=KEYCODE_DPAD_UP, scanCode=0, metaState=0, flags=0x400, repeatCount=0, eventTime=302020, downTime=302020, deviceId=-1, source=0x101 }
I/Choreographer( 1051): Skipped 36 frames!  The application may be doing too much work on its main thread.
W/InputMethodManagerService(  228): Window already focused, ignoring focus gain of: com.android.internal.view.IInputMethodClient$Stub$Proxy@b3edd5b8 attribute=null
W/DroidBox( 1093): DroidBox: { "ServiceStart": { "name": "com.android.music.MediaPlaybackService" } }
W/DroidBox( 1093): DroidBox: { "ServiceStart": { "name": "com.android.music.MediaPlaybackService" } }
I/Choreographer( 1051): Skipped 70 frames!  The application may be doing too much work on its main thread.
I/AudioService(  228):  AudioFocus  requestAudioFocus() from android.media.AudioManager@b3d9dd68com.android.music.MediaPlaybackService$3@b3d9bbe0
I/AudioService(  228):   Remote Control   registerMediaButtonIntent() for PendingIntent{b3e2d4d0: PendingIntentRecord{b40a5f28 com.android.music broadcastIntent}}
I/Choreographer( 1051): Skipped 34 frames!  The application may be doing too much work on its main thread.
I/Choreographer( 1051): Skipped 135 frames!  The application may be doing too much work on its main thread.
W/InputMethodManagerService(  228): Window already focused, ignoring focus gain of: com.android.internal.view.IInputMethodClient$Stub$Proxy@b3e2eab8 attribute=android.view.inputmethod.EditorInfo@b3e31468
D/InputEventConsistencyVerifier( 1051): KeyEvent: ACTION_UP but key was not down.
D/InputEventConsistencyVerifier( 1051):   in com.android.internal.policy.impl.PhoneWindow$DecorView@b3d70ea8
D/InputEventConsistencyVerifier( 1051):   0: sent at 305248000000, KeyEvent { action=ACTION_UP, keyCode=KEYCODE_DPAD_RIGHT, scanCode=0, metaState=0, flags=0x400, repeatCount=0, eventTime=305248, downTime=305248, deviceId=-1, source=0x101 }
D/InputEventConsistencyVerifier( 1051):   -- recent events --
D/InputEventConsistencyVerifier( 1051):   1: sent at 304994000000, (unhandled) MotionEvent { action=ACTION_MOVE, id[0]=0, x[0]=4.0, y[0]=-3.0, toolType[0]=TOOL_TYPE_UNKNOWN, buttonState=0, metaState=0, flags=0x0, edgeFlags=0x0, pointerCount=1, historySize=8, eventTime=304994, downTime=-1, deviceId=0, source=0x10004 }
D/InputEventConsistencyVerifier( 1051):   2: sent at 304012000000, (unhandled) MotionEvent { action=ACTION_UP, id[0]=0, x[0]=52.0, y[0]=438.0, toolType[0]=TOOL_TYPE_UNKNOWN, buttonState=0, metaState=0, flags=0x0, edgeFlags=0x0, pointerCount=1, historySize=0, eventTime=304012, downTime=303985, deviceId=0, source=0x1002 }
D/InputEventConsistencyVerifier( 1051):   3: sent at 303985000000, (unhandled) MotionEvent { action=ACTION_DOWN, id[0]=0, x[0]=44.0, y[0]=449.0, toolType[0]=TOOL_TYPE_UNKNOWN, buttonState=0, metaState=0, flags=0x0, edgeFlags=0x0, pointerCount=1, historySize=0, eventTime=303985, downTime=303985, deviceId=0, source=0x1002 }
D/InputEventConsistencyVerifier( 1051):   4: sent at 303564000000, (unhandled) KeyEvent { action=ACTION_UP, keyCode=KEYCODE_MENU, scanCode=0, metaState=0, flags=0x8, repeatCount=0, eventTime=303564, downTime=303564, deviceId=-1, source=0x101 }
D/InputEventConsistencyVerifier( 1051):   5: sent at 303264000000, (unhandled) KeyEvent { action=ACTION_DOWN, keyCode=KEYCODE_MENU, scanCode=0, metaState=0, flags=0x8, repeatCount=0, eventTime=303264, downTime=303264, deviceId=-1, source=0x101 }
I/Choreographer( 1051): Skipped 57 frames!  The application may be doing too much work on its main thread.
I/Choreographer( 1051): Skipped 36 frames!  The application may be doing too much work on its main thread.
D/InputEventConsistencyVerifier( 1051): KeyEvent: ACTION_UP but key was not down.
D/InputEventConsistencyVerifier( 1051):   in android.view.ViewRootImpl@b3df9d00
D/InputEventConsistencyVerifier( 1051):   0: sent at 310519000000, KeyEvent { action=ACTION_UP, keyCode=KEYCODE_DPAD_CENTER, scanCode=0, metaState=0, flags=0x8, repeatCount=0, eventTime=310519, downTime=310519, deviceId=-1, source=0x101 }
D/InputEventConsistencyVerifier( 1051):   -- recent events --
D/InputEventConsistencyVerifier( 1051):   1: sent at 309602000000, MotionEvent { action=ACTION_UP, id[0]=0, x[0]=733.0, y[0]=350.0, toolType[0]=TOOL_TYPE_UNKNOWN, buttonState=0, metaState=0, flags=0x0, edgeFlags=0x0, pointerCount=1, historySize=0, eventTime=309602, downTime=309575, deviceId=0, source=0x1002 }
D/InputEventConsistencyVerifier( 1051):   2: sent at 309575000000, MotionEvent { action=ACTION_DOWN, id[0]=0, x[0]=743.0, y[0]=362.0, toolType[0]=TOOL_TYPE_UNKNOWN, buttonState=0, metaState=0, flags=0x0, edgeFlags=0x0, pointerCount=1, historySize=0, eventTime=309575, downTime=309575, deviceId=0, source=0x1002 }
D/InputEventConsistencyVerifier( 1051):   3: sent at 309246000000, KeyEvent { action=ACTION_UP, keyCode=KEYCODE_MENU, scanCode=0, metaState=0, flags=0x8, repeatCount=0, eventTime=309246, downTime=309246, deviceId=-1, source=0x101 }
D/InputEventConsistencyVerifier( 1051):   4: sent at 309021000000, KeyEvent { action=ACTION_DOWN, keyCode=KEYCODE_MENU, scanCode=0, metaState=0, flags=0x8, repeatCount=0, eventTime=309021, downTime=309021, deviceId=-1, source=0x101 }
D/InputEventConsistencyVerifier( 1051):   5: sent at 307987000000, KeyEvent { action=ACTION_UP, keyCode=KEYCODE_MOVE_HOME, scanCode=0, metaState=0, flags=0x8, repeatCount=0, eventTime=307987, downTime=307987, deviceId=-1, source=0x101 }
W/InputMethodManagerService(  228): Window already focused, ignoring focus gain of: com.android.internal.view.IInputMethodClient$Stub$Proxy@b4036410 attribute=android.view.inputmethod.EditorInfo@b4036428
I/Choreographer( 1051): Skipped 30 frames!  The application may be doing too much work on its main thread.
D/InputEventConsistencyVerifier( 1051): KeyEvent: ACTION_UP but key was not down.
D/InputEventConsistencyVerifier( 1051):   in com.android.internal.policy.impl.PhoneWindow$DecorView@b3d70ea8
D/InputEventConsistencyVerifier( 1051):   0: sent at 311427000000, KeyEvent { action=ACTION_UP, keyCode=KEYCODE_DPAD_UP, scanCode=0, metaState=0, flags=0x8, repeatCount=0, eventTime=311427, downTime=311427, deviceId=-1, source=0x101 }
D/InputEventConsistencyVerifier( 1051):   -- recent events --
D/InputEventConsistencyVerifier( 1051):   1: sent at 310905000000, (unhandled) KeyEvent { action=ACTION_UP, keyCode=KEYCODE_FORWARD_DEL, scanCode=0, metaState=0, flags=0x8, repeatCount=0, eventTime=310905, downTime=310905, deviceId=-1, source=0x101 }
D/InputEventConsistencyVerifier( 1051):   2: sent at 310905000000, (unhandled) KeyEvent { action=ACTION_UP, keyCode=KEYCODE_NUMPAD_DOT, scanCode=0, metaState=0, flags=0x8, repeatCount=0, eventTime=310905, downTime=310905, deviceId=-1, source=0x101 }
D/InputEventConsistencyVerifier( 1051):   3: sent at 310619000000, (unhandled) KeyEvent { action=ACTION_DOWN, keyCode=KEYCODE_FORWARD_DEL, scanCode=0, metaState=0, flags=0x8, repeatCount=0, eventTime=310619, downTime=310619, deviceId=-1, source=0x101 }
D/InputEventConsistencyVerifier( 1051):   4: sent at 310619000000, (unhandled) KeyEvent { action=ACTION_DOWN, keyCode=KEYCODE_NUMPAD_DOT, scanCode=0, metaState=0, flags=0x8, repeatCount=0, eventTime=310619, downTime=310619, deviceId=-1, source=0x101 }
D/InputEventConsistencyVerifier( 1051):   5: sent at 310519000000, (unhandled) KeyEvent { action=ACTION_UP, keyCode=KEYCODE_DPAD_CENTER, scanCode=0, metaState=0, flags=0x80000008, repeatCount=0, eventTime=310519, downTime=310519, deviceId=-1, source=0x101 }
I/Choreographer( 1051): Skipped 32 frames!  The application may be doing too much work on its main thread.
D/InputEventConsistencyVerifier( 1051): KeyEvent: ACTION_UP but key was not down.
D/InputEventConsistencyVerifier( 1051):   in com.android.internal.policy.impl.PhoneWindow$DecorView@b3d70ea8
D/InputEventConsistencyVerifier( 1051):   0: sent at 311839000000, KeyEvent { action=ACTION_UP, keyCode=KEYCODE_DPAD_UP, scanCode=0, metaState=0, flags=0x8, repeatCount=0, eventTime=311839, downTime=311839, deviceId=-1, source=0x101 }
D/InputEventConsistencyVerifier( 1051):   -- recent events --
D/InputEventConsistencyVerifier( 1051):   1: sent at 311659000000, (unhandled) MotionEvent { action=ACTION_MOVE, id[0]=0, x[0]=0.0, y[0]=-1.0, toolType[0]=TOOL_TYPE_UNKNOWN, buttonState=0, metaState=0, flags=0x0, edgeFlags=0x0, pointerCount=1, historySize=9, eventTime=311659, downTime=-1, deviceId=0, source=0x10004 }
D/InputEventConsistencyVerifier( 1051):   2: sent at 311590000000, (unhandled) MotionEvent { action=ACTION_UP, id[0]=0, x[0]=733.0, y[0]=232.0, toolType[0]=TOOL_TYPE_UNKNOWN, buttonState=0, metaState=0, flags=0x0, edgeFlags=0x0, pointerCount=1, historySize=0, eventTime=311590, downTime=311583, deviceId=0, source=0x1002 }
D/InputEventConsistencyVerifier( 1051):   3: sent at 311584000000, (unhandled) MotionEvent { action=ACTION_DOWN, id[0]=0, x[0]=735.0, y[0]=233.0, toolType[0]=TOOL_TYPE_UNKNOWN, buttonState=0, metaState=0, flags=0x0, edgeFlags=0x0, pointerCount=1, historySize=0, eventTime=311584, downTime=311583, deviceId=0, source=0x1002 }
D/InputEventConsistencyVerifier( 1051):   4: sent at 311427000000, (unhandled) KeyEvent { action=ACTION_UP, keyCode=KEYCODE_DPAD_UP, scanCode=0, metaState=0, flags=0x80000008, repeatCount=0, eventTime=311427, downTime=311427, deviceId=-1, source=0x101 }
D/InputEventConsistencyVerifier( 1051):   5: sent at 310905000000, (unhandled) KeyEvent { action=ACTION_UP, keyCode=KEYCODE_FORWARD_DEL, scanCode=0, metaState=0, flags=0x8, repeatCount=0, eventTime=310905, downTime=310905, deviceId=-1, source=0x101 }
I/Choreographer( 1051): Skipped 84 frames!  The application may be doing too much work on its main thread.
I/Choreographer( 1051): Skipped 52 frames!  The application may be doing too much work on its main thread.
I/Choreographer( 1051): Skipped 42 frames!  The application may be doing too much work on its main thread.
I/Choreographer( 1051): Skipped 103 frames!  The application may be doing too much work on its main thread.
I/ActivityManager(  228): START {act=android.intent.action.MAIN cat=[android.intent.category.LAUNCHER] flg=0x10200000 cmp=mp.tvbrj.aolqgsvuhb/com.LskdJ.fjaRDRLafoqdgU u=0} from pid 992
W/InputManager(  228): Input event injection from pid 992 failed.
W/InputManager(  228): Input event injection from pid 992 failed.
W/InputManager(  228): Input event injection from pid 992 failed.
W/InputManager(  228): Input event injection from pid 992 failed.
W/InputManager(  228): Input event injection from pid 992 failed.
I/Choreographer( 1051): Skipped 148 frames!  The application may be doing too much work on its main thread.
W/InputMethodManagerService(  228): Window already focused, ignoring focus gain of: com.android.internal.view.IInputMethodClient$Stub$Proxy@b3fbf3d0 attribute=android.view.inputmethod.EditorInfo@b3fbf3e8
D/InputEventConsistencyVerifier( 1051): KeyEvent: ACTION_UP but key was not down.
D/InputEventConsistencyVerifier( 1051):   in com.android.internal.policy.impl.PhoneWindow$DecorView@b3d70ea8
D/InputEventConsistencyVerifier( 1051):   0: sent at 315055000000, KeyEvent { action=ACTION_UP, keyCode=KEYCODE_DPAD_DOWN, scanCode=0, metaState=0, flags=0x8, repeatCount=0, eventTime=315055, downTime=315055, deviceId=-1, source=0x101 }
D/InputEventConsistencyVerifier( 1051):   -- recent events --
D/InputEventConsistencyVerifier( 1051):   1: sent at 314068000000, (unhandled) MotionEvent { action=ACTION_UP, id[0]=0, x[0]=619.0, y[0]=0.0, toolType[0]=TOOL_TYPE_UNKNOWN, buttonState=0, metaState=0, flags=0x0, edgeFlags=0x0, pointerCount=1, historySize=0, eventTime=314068, downTime=313977, deviceId=0, source=0x1002 }
D/InputEventConsistencyVerifier( 1051):   2: sent at 314064000000, (unhandled) MotionEvent { action=ACTION_MOVE, id[0]=0, x[0]=625.0, y[0]=0.0, toolType[0]=TOOL_TYPE_UNKNOWN, buttonState=0, metaState=0, flags=0x0, edgeFlags=0x0, pointerCount=1, historySize=2, eventTime=314064, downTime=313977, deviceId=0, source=0x1002 }
D/InputEventConsistencyVerifier( 1051):   3: sent at 314027177790, (unhandled) MotionEvent { action=ACTION_MOVE, id[0]=0, x[0]=643.93866, y[0]=0.0, toolType[0]=TOOL_TYPE_UNKNOWN, buttonState=0, metaState=0, flags=0x0, edgeFlags=0x0, pointerCount=1, historySize=1, eventTime=314027, downTime=313977, deviceId=0, source=0x1002 }
D/InputEventConsistencyVerifier( 1051):   4: sent at 314001000000, (unhandled) MotionEvent { action=ACTION_DOWN, id[0]=0, x[0]=651.0, y[0]=4.0, toolType[0]=TOOL_TYPE_UNKNOWN, buttonState=0, metaState=0, flags=0x0, edgeFlags=0x0, pointerCount=1, historySize=0, eventTime=314001, downTime=313977, deviceId=0, source=0x1002 }
D/InputEventConsistencyVerifier( 1051):   5: sent at 312756000000, (unhandled) MotionEvent { action=ACTION_UP, id[0]=0, x[0]=743.0, y[0]=394.0, toolType[0]=TOOL_TYPE_UNKNOWN, buttonState=0, metaState=0, flags=0x0, edgeFlags=0x0, pointerCount=1, historySize=0, eventTime=312756, downTime=312749, deviceId=0, source=0x1002 }
D/InputEventConsistencyVerifier( 1051): TrackballEvent: Trackball is down but pressure is not greater than 0.
D/InputEventConsistencyVerifier( 1051):   in android.view.ViewRootImpl@b4b70058
D/InputEventConsistencyVerifier( 1051):   0: sent at 316561000000, MotionEvent { action=ACTION_DOWN, id[0]=0, x[0]=0.0, y[0]=0.0, toolType[0]=TOOL_TYPE_UNKNOWN, buttonState=0, metaState=0, flags=0x0, edgeFlags=0x0, pointerCount=1, historySize=0, eventTime=316561, downTime=316490, deviceId=0, source=0x10004 }
D/InputEventConsistencyVerifier( 1051):   -- recent events --
D/InputEventConsistencyVerifier( 1051):   1: sent at 316597000000, KeyEvent { action=ACTION_UP, keyCode=KEYCODE_DPAD_UP, scanCode=0, metaState=0, flags=0x400, repeatCount=0, eventTime=316597, downTime=316597, deviceId=-1, source=0x101 }
D/InputEventConsistencyVerifier( 1051):   2: sent at 316597000000, KeyEvent { action=ACTION_DOWN, keyCode=KEYCODE_DPAD_UP, scanCode=0, metaState=0, flags=0x400, repeatCount=0, eventTime=316597, downTime=316597, deviceId=-1, source=0x101 }
D/InputEventConsistencyVerifier( 1051):   3: sent at 316596000000, KeyEvent { action=ACTION_UP, keyCode=KEYCODE_DPAD_UP, scanCode=0, metaState=0, flags=0x400, repeatCount=0, eventTime=316596, downTime=316596, deviceId=-1, source=0x101 }
D/InputEventConsistencyVerifier( 1051):   4: sent at 316596000000, KeyEvent { action=ACTION_DOWN, keyCode=KEYCODE_DPAD_UP, scanCode=0, metaState=0, flags=0x400, repeatCount=0, eventTime=316596, downTime=316596, deviceId=-1, source=0x101 }
D/InputEventConsistencyVerifier( 1051):   5: sent at 316595000000, KeyEvent { action=ACTION_UP, keyCode=KEYCODE_DPAD_UP, scanCode=0, metaState=0, flags=0x400, repeatCount=0, eventTime=316595, downTime=316595, deviceId=-1, source=0x101 }
I/ActivityManager(  228): START {act=android.intent.action.MAIN cat=[android.intent.category.LAUNCHER] flg=0x10000000 cmp=com.android.contacts/.activities.PeopleActivity sel={act=android.intent.action.MAIN cat=[android.intent.category.APP_CONTACTS]} u=0} from pid 228
I/Choreographer( 1051): Skipped 37 frames!  The application may be doing too much work on its main thread.
W/InputMethodManagerService(  228): Window already focused, ignoring focus gain of: com.android.internal.view.IInputMethodClient$Stub$Proxy@b40ecdb8 attribute=android.view.inputmethod.EditorInfo@b3e2b608
D/InputEventConsistencyVerifier( 1051): KeyEvent: ACTION_UP but key was not down.
D/InputEventConsistencyVerifier( 1051):   in com.android.internal.policy.impl.PhoneWindow$DecorView@b3d70ea8
D/InputEventConsistencyVerifier( 1051):   0: sent at 317632000000, KeyEvent { action=ACTION_UP, keyCode=KEYCODE_DPAD_RIGHT, scanCode=0, metaState=0, flags=0x8, repeatCount=0, eventTime=317632, downTime=317632, deviceId=-1, source=0x101 }
D/InputEventConsistencyVerifier( 1051):   -- recent events --
D/InputEventConsistencyVerifier( 1051):   1: sent at 316318000000, (unhandled) MotionEvent { action=ACTION_UP, id[0]=0, x[0]=84.0, y[0]=178.0, toolType[0]=TOOL_TYPE_UNKNOWN, buttonState=0, metaState=0, flags=0x0, edgeFlags=0x0, pointerCount=1, historySize=0, eventTime=316318, downTime=316313, deviceId=0, source=0x1002 }
D/InputEventConsistencyVerifier( 1051):   2: sent at 316314000000, (unhandled) MotionEvent { action=ACTION_DOWN, id[0]=0, x[0]=84.0, y[0]=188.0, toolType[0]=TOOL_TYPE_UNKNOWN, buttonState=0, metaState=0, flags=0x0, edgeFlags=0x0, pointerCount=1, historySize=0, eventTime=316314, downTime=316313, deviceId=0, source=0x1002 }
D/InputEventConsistencyVerifier( 1051):   3: sent at 316305000000, (unhandled) MotionEvent { action=ACTION_UP, id[0]=0, x[0]=669.0, y[0]=47.0, toolType[0]=TOOL_TYPE_UNKNOWN, buttonState=0, metaState=0, flags=0x0, edgeFlags=0x0, pointerCount=1, historySize=0, eventTime=316305, downTime=316289, deviceId=0, source=0x1002 }
D/InputEventConsistencyVerifier( 1051):   4: sent at 316289000000, (unhandled) MotionEvent { action=ACTION_DOWN, id[0]=0, x[0]=664.0, y[0]=56.0, toolType[0]=TOOL_TYPE_UNKNOWN, buttonState=0, metaState=0, flags=0x0, edgeFlags=0x0, pointerCount=1, historySize=0, eventTime=316289, downTime=316289, deviceId=0, source=0x1002 }
D/InputEventConsistencyVerifier( 1051):   5: sent at 316100000000, (unhandled) KeyEvent { action=ACTION_UP, keyCode=KEYCODE_MENU, scanCode=0, metaState=0, flags=0x8, repeatCount=0, eventTime=316100, downTime=316100, deviceId=-1, source=0x101 }
I/InputDispatcher(  228): Window 'Window{b40e9be0 mp.tvbrj.aolqgsvuhb/mp.andro.ATemplate.ATemplate paused=false}' spent 2333.5ms processing the last input event: KeyEvent(action=0, deviceId=-1, source=0x00000101)
I/Choreographer( 1051): Skipped 31 frames!  The application may be doing too much work on its main thread.
D/InputEventConsistencyVerifier( 1051): KeyEvent: ACTION_UP but key was not down.
D/InputEventConsistencyVerifier( 1051):   in com.android.internal.policy.impl.PhoneWindow$DecorView@b3d70ea8
D/InputEventConsistencyVerifier( 1051):   0: sent at 321813000000, KeyEvent { action=ACTION_UP, keyCode=KEYCODE_DPAD_RIGHT, scanCode=0, metaState=0, flags=0x400, repeatCount=0, eventTime=321813, downTime=321813, deviceId=-1, source=0x101 }
D/InputEventConsistencyVerifier( 1051):   -- recent events --
D/InputEventConsistencyVerifier( 1051):   1: sent at 321777000000, (unhandled) MotionEvent { action=ACTION_MOVE, id[0]=0, x[0]=4.0, y[0]=0.0, toolType[0]=TOOL_TYPE_UNKNOWN, buttonState=0, metaState=0, flags=0x0, edgeFlags=0x0, pointerCount=1, historySize=5, eventTime=321777, downTime=-1, deviceId=0, source=0x10004 }
D/InputEventConsistencyVerifier( 1051):   2: sent at 321701000000, (unhandled) MotionEvent { action=ACTION_UP, id[0]=0, x[0]=736.0, y[0]=412.0, toolType[0]=TOOL_TYPE_UNKNOWN, buttonState=0, metaState=0, flags=0x0, edgeFlags=0x0, pointerCount=1, historySize=0, eventTime=321701, downTime=321577, deviceId=0, source=0x1002 }
D/InputEventConsistencyVerifier( 1051):   3: sent at 321578000000, (unhandled) MotionEvent { action=ACTION_DOWN, id[0]=0, x[0]=736.0, y[0]=412.0, toolType[0]=TOOL_TYPE_UNKNOWN, buttonState=0, metaState=0, flags=0x0, edgeFlags=0x0, pointerCount=1, historySize=0, eventTime=321578, downTime=321577, deviceId=0, source=0x1002 }
D/InputEventConsistencyVerifier( 1051):   4: sent at 319241000000, (unhandled) KeyEvent { action=ACTION_UP, keyCode=KEYCODE_DPAD_CENTER, scanCode=0, metaState=0, flags=0x8, repeatCount=0, eventTime=319241, downTime=319241, deviceId=-1, source=0x101 }
D/InputEventConsistencyVerifier( 1051):   5: sent at 318984000000, (unhandled) KeyEvent { action=ACTION_DOWN, keyCode=KEYCODE_DPAD_CENTER, scanCode=0, metaState=0, flags=0x8, repeatCount=0, eventTime=318984, downTime=318984, deviceId=-1, source=0x101 }
D/InputEventConsistencyVerifier( 1051): TrackballEvent: Trackball is down but pressure is not greater than 0.
D/InputEventConsistencyVerifier( 1051):   in android.view.ViewRootImpl@b3df9d00
D/InputEventConsistencyVerifier( 1051):   0: sent at 324861000000, MotionEvent { action=ACTION_DOWN, id[0]=0, x[0]=0.0, y[0]=0.0, toolType[0]=TOOL_TYPE_UNKNOWN, buttonState=0, metaState=0, flags=0x0, edgeFlags=0x0, pointerCount=1, historySize=0, eventTime=324861, downTime=324710, deviceId=0, source=0x10004 }
D/InputEventConsistencyVerifier( 1051):   -- recent events --
D/InputEventConsistencyVerifier( 1051):   1: sent at 324839000000, MotionEvent { action=ACTION_MOVE, id[0]=0, x[0]=3.0, y[0]=0.0, toolType[0]=TOOL_TYPE_UNKNOWN, buttonState=0, metaState=0, flags=0x0, edgeFlags=0x0, pointerCount=1, historySize=9, eventTime=324839, downTime=-1, deviceId=0, source=0x10004 }
D/InputEventConsistencyVerifier( 1051):   2: sent at 324700000000, MotionEvent { action=ACTION_UP, id[0]=0, x[0]=558.0, y[0]=4.0, toolType[0]=TOOL_TYPE_UNKNOWN, buttonState=0, metaState=0, flags=0x0, edgeFlags=0x0, pointerCount=1, historySize=0, eventTime=324700, downTime=324671, deviceId=0, source=0x1002 }
D/InputEventConsistencyVerifier( 1051):   3: sent at 324675000000, MotionEvent { action=ACTION_DOWN, id[0]=0, x[0]=558.0, y[0]=8.0, toolType[0]=TOOL_TYPE_UNKNOWN, buttonState=0, metaState=0, flags=0x0, edgeFlags=0x0, pointerCount=1, historySize=0, eventTime=324675, downTime=324671, deviceId=0, source=0x1002 }
D/InputEventConsistencyVerifier( 1051):   4: sent at 324523000000, KeyEvent { action=ACTION_UP, keyCode=KEYCODE_DPAD_DOWN, scanCode=0, metaState=0, flags=0x8, repeatCount=0, eventTime=324523, downTime=324523, deviceId=-1, source=0x101 }
D/InputEventConsistencyVerifier( 1051):   5: sent at 324372000000, KeyEvent { action=ACTION_DOWN, keyCode=KEYCODE_DPAD_DOWN, scanCode=0, metaState=0, flags=0x8, repeatCount=0, eventTime=324372, downTime=324372, deviceId=-1, source=0x101 }
D/InputEventConsistencyVerifier( 1051): KeyEvent: ACTION_UP but key was not down.
D/InputEventConsistencyVerifier( 1051):   in com.android.internal.policy.impl.PhoneWindow$DecorView@b3d70ea8
D/InputEventConsistencyVerifier( 1051):   0: sent at 325012000000, KeyEvent { action=ACTION_UP, keyCode=KEYCODE_DPAD_RIGHT, scanCode=0, metaState=0, flags=0x400, repeatCount=0, eventTime=325012, downTime=325012, deviceId=-1, source=0x101 }
D/InputEventConsistencyVerifier( 1051):   -- recent events --
D/InputEventConsistencyVerifier( 1051):   1: sent at 324864000000, (unhandled) MotionEvent { action=ACTION_UP, id[0]=0, x[0]=0.0, y[0]=0.0, toolType[0]=TOOL_TYPE_UNKNOWN, buttonState=0, metaState=0, flags=0x0, edgeFlags=0x0, pointerCount=1, historySize=0, eventTime=324864, downTime=324710, deviceId=0, source=0x10004 }
D/InputEventConsistencyVerifier( 1051):   2: sent at 324861000000, (unhandled) MotionEvent { action=ACTION_DOWN, id[0]=0, x[0]=0.0, y[0]=0.0, toolType[0]=TOOL_TYPE_UNKNOWN, buttonState=0, metaState=0, flags=0x80000000, edgeFlags=0x0, pointerCount=1, historySize=0, eventTime=324861, downTime=324710, deviceId=0, source=0x10004 }
D/InputEventConsistencyVerifier( 1051):   3: sent at 324839000000, (unhandled) MotionEvent { action=ACTION_MOVE, id[0]=0, x[0]=3.0, y[0]=0.0, toolType[0]=TOOL_TYPE_UNKNOWN, buttonState=0, metaState=0, flags=0x0, edgeFlags=0x0, pointerCount=1, historySize=9, eventTime=324839, downTime=-1, deviceId=0, source=0x10004 }
D/InputEventConsistencyVerifier( 1051):   4: sent at 324700000000, (unhandled) MotionEvent { action=ACTION_UP, id[0]=0, x[0]=558.0, y[0]=4.0, toolType[0]=TOOL_TYPE_UNKNOWN, buttonState=0, metaState=0, flags=0x0, edgeFlags=0x0, pointerCount=1, historySize=0, eventTime=324700, downTime=324671, deviceId=0, source=0x1002 }
D/InputEventConsistencyVerifier( 1051):   5: sent at 324675000000, (unhandled) MotionEvent { action=ACTION_DOWN, id[0]=0, x[0]=558.0, y[0]=8.0, toolType[0]=TOOL_TYPE_UNKNOWN, buttonState=0, metaState=0, flags=0x0, edgeFlags=0x0, pointerCount=1, historySize=0, eventTime=324675, downTime=324671, deviceId=0, source=0x1002 }
I/Choreographer( 1051): Skipped 52 frames!  The application may be doing too much work on its main thread.
D/InputEventConsistencyVerifier( 1051): KeyEvent: ACTION_UP but key was not down.
D/InputEventConsistencyVerifier( 1051):   in com.android.internal.policy.impl.PhoneWindow$DecorView@b3d70ea8
D/InputEventConsistencyVerifier( 1051):   0: sent at 330578000000, KeyEvent { action=ACTION_UP, keyCode=KEYCODE_DPAD_DOWN, scanCode=0, metaState=0, flags=0x8, repeatCount=0, eventTime=330578, downTime=330578, deviceId=-1, source=0x101 }
D/InputEventConsistencyVerifier( 1051):   -- recent events --
D/InputEventConsistencyVerifier( 1051):   1: sent at 330506000000, (unhandled) MotionEvent { action=ACTION_UP, id[0]=0, x[0]=411.0, y[0]=286.0, toolType[0]=TOOL_TYPE_UNKNOWN, buttonState=0, metaState=0, flags=0x0, edgeFlags=0x0, pointerCount=1, historySize=0, eventTime=330506, downTime=330448, deviceId=0, source=0x1002 }
D/InputEventConsistencyVerifier( 1051):   2: sent at 330504000000, (unhandled) MotionEvent { action=ACTION_MOVE, id[0]=0, x[0]=410.0, y[0]=288.0, toolType[0]=TOOL_TYPE_UNKNOWN, buttonState=0, metaState=0, flags=0x0, edgeFlags=0x0, pointerCount=1, historySize=6, eventTime=330504, downTime=330448, deviceId=0, source=0x1002 }
D/InputEventConsistencyVerifier( 1051):   3: sent at 330450000000, (unhandled) MotionEvent { action=ACTION_DOWN, id[0]=0, x[0]=342.0, y[0]=301.0, toolType[0]=TOOL_TYPE_UNKNOWN, buttonState=0, metaState=0, flags=0x0, edgeFlags=0x0, pointerCount=1, historySize=0, eventTime=330450, downTime=330448, deviceId=0, source=0x1002 }
D/InputEventConsistencyVerifier( 1051):   4: sent at 330440000000, (unhandled) MotionEvent { action=ACTION_UP, id[0]=0, x[0]=106.0, y[0]=454.0, toolType[0]=TOOL_TYPE_UNKNOWN, buttonState=0, metaState=0, flags=0x0, edgeFlags=0x0, pointerCount=1, historySize=0, eventTime=330440, downTime=330424, deviceId=0, source=0x1002 }
D/InputEventConsistencyVerifier( 1051):   5: sent at 330424000000, (unhandled) MotionEvent { action=ACTION_DOWN, id[0]=0, x[0]=103.0, y[0]=440.0, toolType[0]=TOOL_TYPE_UNKNOWN, buttonState=0, metaState=0, flags=0x0, edgeFlags=0x0, pointerCount=1, historySize=0, eventTime=330424, downTime=330424, deviceId=0, source=0x1002 }
I/Choreographer( 1051): Skipped 33 frames!  The application may be doing too much work on its main thread.
D/InputEventConsistencyVerifier( 1051): KeyEvent: ACTION_UP but key was not down.
D/InputEventConsistencyVerifier( 1051):   in com.android.internal.policy.impl.PhoneWindow$DecorView@b3d70ea8
D/InputEventConsistencyVerifier( 1051):   0: sent at 331758000000, KeyEvent { action=ACTION_UP, keyCode=KEYCODE_DPAD_UP, scanCode=0, metaState=0, flags=0x8, repeatCount=0, eventTime=331758, downTime=331758, deviceId=-1, source=0x101 }
D/InputEventConsistencyVerifier( 1051):   -- recent events --
D/InputEventConsistencyVerifier( 1051):   1: sent at 331600000000, (unhandled) MotionEvent { action=ACTION_UP, id[0]=0, x[0]=606.0, y[0]=366.0, toolType[0]=TOOL_TYPE_UNKNOWN, buttonState=0, metaState=0, flags=0x0, edgeFlags=0x0, pointerCount=1, historySize=0, eventTime=331600, downTime=331549, deviceId=0, source=0x1002 }
D/InputEventConsistencyVerifier( 1051):   2: sent at 331598000000, (unhandled) MotionEvent { action=ACTION_MOVE, id[0]=0, x[0]=603.0, y[0]=348.0, toolType[0]=TOOL_TYPE_UNKNOWN, buttonState=0, metaState=0, flags=0x0, edgeFlags=0x0, pointerCount=1, historySize=3, eventTime=331598, downTime=331549, deviceId=0, source=0x1002 }
D/InputEventConsistencyVerifier( 1051):   3: sent at 331577000000, (unhandled) MotionEvent { action=ACTION_MOVE, id[0]=0, x[0]=602.0, y[0]=287.0, toolType[0]=TOOL_TYPE_UNKNOWN, buttonState=0, metaState=0, flags=0x0, edgeFlags=0x0, pointerCount=1, historySize=3, eventTime=331577, downTime=331549, deviceId=0, source=0x1002 }
D/InputEventConsistencyVerifier( 1051):   4: sent at 331565000000, (unhandled) MotionEvent { action=ACTION_DOWN, id[0]=0, x[0]=599.0, y[0]=255.0, toolType[0]=TOOL_TYPE_UNKNOWN, buttonState=0, metaState=0, flags=0x0, edgeFlags=0x0, pointerCount=1, historySize=0, eventTime=331565, downTime=331549, deviceId=0, source=0x1002 }
D/InputEventConsistencyVerifier( 1051):   5: sent at 331407000000, (unhandled) KeyEvent { action=ACTION_UP, keyCode=KEYCODE_NUMPAD_SUBTRACT, scanCode=0, metaState=0, flags=0x8, repeatCount=0, eventTime=331407, downTime=331407, deviceId=-1, source=0x101 }
D/InputEventConsistencyVerifier( 1051): KeyEvent: ACTION_UP but key was not down.
D/InputEventConsistencyVerifier( 1051):   in com.android.internal.policy.impl.PhoneWindow$DecorView@b3d70ea8
D/InputEventConsistencyVerifier( 1051):   0: sent at 332111000000, KeyEvent { action=ACTION_UP, keyCode=KEYCODE_DPAD_CENTER, scanCode=0, metaState=0, flags=0x8, repeatCount=0, eventTime=332111, downTime=332111, deviceId=-1, source=0x101 }
D/InputEventConsistencyVerifier( 1051):   -- recent events --
D/InputEventConsistencyVerifier( 1051):   1: sent at 331974000000, (unhandled) MotionEvent { action=ACTION_UP, id[0]=0, x[0]=262.0, y[0]=283.0, toolType[0]=TOOL_TYPE_UNKNOWN, buttonState=0, metaState=0, flags=0x0, edgeFlags=0x0, pointerCount=1, historySize=0, eventTime=331974, downTime=331912, deviceId=0, source=0x1002 }
D/InputEventConsistencyVerifier( 1051):   2: sent at 331971000000, (unhandled) MotionEvent { action=ACTION_MOVE, id[0]=0, x[0]=269.0, y[0]=288.0, toolType[0]=TOOL_TYPE_UNKNOWN, buttonState=0, metaState=0, flags=0x0, edgeFlags=0x0, pointerCount=1, historySize=3, eventTime=331971, downTime=331912, deviceId=0, source=0x1002 }
D/InputEventConsistencyVerifier( 1051):   3: sent at 331914000000, (unhandled) MotionEvent { action=ACTION_DOWN, id[0]=0, x[0]=272.0, y[0]=315.0, toolType[0]=TOOL_TYPE_UNKNOWN, buttonState=0, metaState=0, flags=0x0, edgeFlags=0x0, pointerCount=1, historySize=0, eventTime=331914, downTime=331912, deviceId=0, source=0x1002 }
D/InputEventConsistencyVerifier( 1051):   4: sent at 331758000000, (unhandled) KeyEvent { action=ACTION_UP, keyCode=KEYCODE_DPAD_UP, scanCode=0, metaState=0, flags=0x80000008, repeatCount=0, eventTime=331758, downTime=331758, deviceId=-1, source=0x101 }
D/InputEventConsistencyVerifier( 1051):   5: sent at 331600000000, (unhandled) MotionEvent { action=ACTION_UP, id[0]=0, x[0]=606.0, y[0]=366.0, toolType[0]=TOOL_TYPE_UNKNOWN, buttonState=0, metaState=0, flags=0x0, edgeFlags=0x0, pointerCount=1, historySize=0, eventTime=331600, downTime=331549, deviceId=0, source=0x1002 }
D/InputEventConsistencyVerifier( 1051): KeyEvent: ACTION_UP but key was not down.
D/InputEventConsistencyVerifier( 1051):   in com.android.internal.policy.impl.PhoneWindow$DecorView@b3d70ea8
D/InputEventConsistencyVerifier( 1051):   0: sent at 332455000000, KeyEvent { action=ACTION_UP, keyCode=KEYCODE_DPAD_CENTER, scanCode=0, metaState=0, flags=0x8, repeatCount=0, eventTime=332455, downTime=332455, deviceId=-1, source=0x101 }
D/InputEventConsistencyVerifier( 1051):   -- recent events --
D/InputEventConsistencyVerifier( 1051):   1: sent at 332289000000, (unhandled) MotionEvent { action=ACTION_UP, id[0]=0, x[0]=346.0, y[0]=63.0, toolType[0]=TOOL_TYPE_UNKNOWN, buttonState=0, metaState=0, flags=0x0, edgeFlags=0x0, pointerCount=1, historySize=0, eventTime=332289, downTime=332234, deviceId=0, source=0x1002 }
D/InputEventConsistencyVerifier( 1051):   2: sent at 332284000000, (unhandled) MotionEvent { action=ACTION_MOVE, id[0]=0, x[0]=344.0, y[0]=55.0, toolType[0]=TOOL_TYPE_UNKNOWN, buttonState=0, metaState=0, flags=0x0, edgeFlags=0x0, pointerCount=1, historySize=5, eventTime=332284, downTime=332234, deviceId=0, source=0x1002 }
D/InputEventConsistencyVerifier( 1051):   3: sent at 332260000000, (unhandled) MotionEvent { action=ACTION_MOVE, id[0]=0, x[0]=292.0, y[0]=18.5, toolType[0]=TOOL_TYPE_UNKNOWN, buttonState=0, metaState=0, flags=0x0, edgeFlags=0x0, pointerCount=1, historySize=2, eventTime=332260, downTime=332234, deviceId=0, source=0x1002 }
D/InputEventConsistencyVerifier( 1051):   4: sent at 332237000000, (unhandled) MotionEvent { action=ACTION_DOWN, id[0]=0, x[0]=286.0, y[0]=3.0, toolType[0]=TOOL_TYPE_UNKNOWN, buttonState=0, metaState=0, flags=0x0, edgeFlags=0x0, pointerCount=1, historySize=0, eventTime=332237, downTime=332234, deviceId=0, source=0x1002 }
D/InputEventConsistencyVerifier( 1051):   5: sent at 332111000000, (unhandled) KeyEvent { action=ACTION_UP, keyCode=KEYCODE_DPAD_CENTER, scanCode=0, metaState=0, flags=0x80000008, repeatCount=0, eventTime=332111, downTime=332111, deviceId=-1, source=0x101 }
I/InputDispatcher(  228): Window 'Window{b40e9be0 mp.tvbrj.aolqgsvuhb/mp.andro.ATemplate.ATemplate paused=false}' spent 2306.2ms processing the last input event: KeyEvent(action=0, deviceId=-1, source=0x00000101)
I/ActivityManager(  228): START {act=android.intent.action.CALL_BUTTON flg=0x10000000 cmp=com.android.contacts/.activities.DialtactsActivity u=0} from pid 1051
D/InputEventConsistencyVerifier( 1051): KeyEvent: ACTION_UP but key was not down.
D/InputEventConsistencyVerifier( 1051):   in com.android.internal.policy.impl.PhoneWindow$DecorView@b3d70ea8
D/InputEventConsistencyVerifier( 1051):   0: sent at 335832000000, KeyEvent { action=ACTION_UP, keyCode=KEYCODE_DPAD_RIGHT, scanCode=0, metaState=0, flags=0x400, repeatCount=0, eventTime=335832, downTime=335832, deviceId=-1, source=0x101 }
D/InputEventConsistencyVerifier( 1051):   -- recent events --
D/InputEventConsistencyVerifier( 1051):   1: sent at 335647000000, (unhandled) MotionEvent { action=ACTION_MOVE, id[0]=0, x[0]=3.0, y[0]=-2.0, toolType[0]=TOOL_TYPE_UNKNOWN, buttonState=0, metaState=0, flags=0x0, edgeFlags=0x0, pointerCount=1, historySize=9, eventTime=335647, downTime=-1, deviceId=0, source=0x10004 }
D/InputEventConsistencyVerifier( 1051):   2: sent at 335534000000, (unhandled) KeyEvent { action=ACTION_UP, keyCode=KEYCODE_CALL, scanCode=0, metaState=0, flags=0x8, repeatCount=0, eventTime=335534, downTime=335534, deviceId=-1, source=0x101 }
D/InputEventConsistencyVerifier( 1051):   3: sent at 335484000000, (unhandled) KeyEvent { action=ACTION_DOWN, keyCode=KEYCODE_CALL, scanCode=0, metaState=0, flags=0x8, repeatCount=0, eventTime=335484, downTime=335484, deviceId=-1, source=0x101 }
D/InputEventConsistencyVerifier( 1051):   4: sent at 335469000000, (unhandled) MotionEvent { action=ACTION_UP, id[0]=0, x[0]=81.0, y[0]=176.5, toolType[0]=TOOL_TYPE_UNKNOWN, buttonState=0, metaState=0, flags=0x0, edgeFlags=0x0, pointerCount=1, historySize=0, eventTime=335469, downTime=335277, deviceId=0, source=0x1002 }
D/InputEventConsistencyVerifier( 1051):   5: sent at 335410500000, (unhandled) MotionEvent { action=ACTION_MOVE, id[0]=0, x[0]=81.0, y[0]=176.5, toolType[0]=TOOL_TYPE_UNKNOWN, buttonState=0, metaState=0, flags=0x0, edgeFlags=0x0, pointerCount=1, historySize=7, eventTime=335410, downTime=335277, deviceId=0, source=0x1002 }
I/Choreographer( 1051): Skipped 37 frames!  The application may be doing too much work on its main thread.
I/Choreographer( 1051): Skipped 300 frames!  The application may be doing too much work on its main thread.
I/Choreographer(  228): Skipped 49 frames!  The application may be doing too much work on its main thread.
D/InputEventConsistencyVerifier( 1051): KeyEvent: ACTION_UP but key was not down.
D/InputEventConsistencyVerifier( 1051):   in android.view.ViewRootImpl@b3df9d00
D/InputEventConsistencyVerifier( 1051):   0: sent at 339146000000, KeyEvent { action=ACTION_UP, keyCode=KEYCODE_MENU, scanCode=0, metaState=0, flags=0x8, repeatCount=0, eventTime=339146, downTime=339146, deviceId=-1, source=0x101 }
D/InputEventConsistencyVerifier( 1051):   -- recent events --
D/InputEventConsistencyVerifier( 1051):   1: sent at 335846000000, KeyEvent { action=ACTION_UP, keyCode=KEYCODE_MENU, scanCode=0, metaState=0, flags=0x8, repeatCount=0, eventTime=335846, downTime=335846, deviceId=-1, source=0x101 }
D/InputEventConsistencyVerifier( 1051):   2: sent at 335649000000, KeyEvent { action=ACTION_DOWN, keyCode=KEYCODE_MENU, scanCode=0, metaState=0, flags=0x8, repeatCount=0, eventTime=335649, downTime=335649, deviceId=-1, source=0x101 }
D/InputEventConsistencyVerifier( 1051):   3: sent at 335833000000, KeyEvent { action=ACTION_UP, keyCode=KEYCODE_DPAD_RIGHT, scanCode=0, metaState=0, flags=0x400, repeatCount=0, eventTime=335833, downTime=335833, deviceId=-1, source=0x101 }
D/InputEventConsistencyVerifier( 1051):   4: sent at 335833000000, KeyEvent { action=ACTION_DOWN, keyCode=KEYCODE_DPAD_RIGHT, scanCode=0, metaState=0, flags=0x400, repeatCount=0, eventTime=335833, downTime=335833, deviceId=-1, source=0x101 }
D/InputEventConsistencyVerifier( 1051):   5: sent at 335833000000, KeyEvent { action=ACTION_UP, keyCode=KEYCODE_DPAD_RIGHT, scanCode=0, metaState=0, flags=0x400, repeatCount=0, eventTime=335833, downTime=335833, deviceId=-1, source=0x101 }
I/Choreographer( 1051): Skipped 102 frames!  The application may be doing too much work on its main thread.
W/InputMethodManagerService(  228): Window already focused, ignoring focus gain of: com.android.internal.view.IInputMethodClient$Stub$Proxy@b4145248 attribute=null
D/InputEventConsistencyVerifier( 1051): KeyEvent: ACTION_UP but key was not down.
D/InputEventConsistencyVerifier( 1051):   in com.android.internal.policy.impl.PhoneWindow$DecorView@b3d70ea8
D/InputEventConsistencyVerifier( 1051):   0: sent at 339523000000, KeyEvent { action=ACTION_UP, keyCode=KEYCODE_DPAD_LEFT, scanCode=0, metaState=0, flags=0x8, repeatCount=0, eventTime=339523, downTime=339523, deviceId=-1, source=0x101 }
D/InputEventConsistencyVerifier( 1051):   -- recent events --
D/InputEventConsistencyVerifier( 1051):   1: sent at 339161000000, (unhandled) MotionEvent { action=ACTION_UP, id[0]=0, x[0]=434.0, y[0]=198.0, toolType[0]=TOOL_TYPE_UNKNOWN, buttonState=0, metaState=0, flags=0x0, edgeFlags=0x0, pointerCount=1, historySize=0, eventTime=339161, downTime=339154, deviceId=0, source=0x1002 }
D/InputEventConsistencyVerifier( 1051):   2: sent at 339154000000, (unhandled) MotionEvent { action=ACTION_DOWN, id[0]=0, x[0]=446.0, y[0]=204.0, toolType[0]=TOOL_TYPE_UNKNOWN, buttonState=0, metaState=0, flags=0x0, edgeFlags=0x0, pointerCount=1, historySize=0, eventTime=339154, downTime=339154, deviceId=0, source=0x1002 }
D/InputEventConsistencyVerifier( 1051):   3: sent at 339146000000, (unhandled) KeyEvent { action=ACTION_UP, keyCode=KEYCODE_MENU, scanCode=0, metaState=0, flags=0x80000008, repeatCount=0, eventTime=339146, downTime=339146, deviceId=-1, source=0x101 }
D/InputEventConsistencyVerifier( 1051):   4: sent at 335846000000, (unhandled) KeyEvent { action=ACTION_UP, keyCode=KEYCODE_MENU, scanCode=0, metaState=0, flags=0x8, repeatCount=0, eventTime=335846, downTime=335846, deviceId=-1, source=0x101 }
D/InputEventConsistencyVerifier( 1051):   5: sent at 335649000000, (unhandled) KeyEvent { action=ACTION_DOWN, keyCode=KEYCODE_MENU, scanCode=0, metaState=0, flags=0x8, repeatCount=0, eventTime=335649, downTime=335649, deviceId=-1, source=0x101 }
D/PhoneStatusBar(  419): disable: < EXPAND* icons alerts ticker system_info back home recent clock >
D/InputEventConsistencyVerifier(  228): KeyEvent: ACTION_UP but key was not down.
D/InputEventConsistencyVerifier(  228):   in android.view.ViewRootImpl@b41d1740
D/InputEventConsistencyVerifier(  228):   0: sent at 340219000000, KeyEvent { action=ACTION_UP, keyCode=KEYCODE_MENU, scanCode=0, metaState=0, flags=0x8, repeatCount=0, eventTime=340219, downTime=340219, deviceId=-1, source=0x101 }
I/Choreographer( 1051): Skipped 54 frames!  The application may be doing too much work on its main thread.
W/WindowManager(  228): Failure taking screenshot for (218x363) to layer 21020
D/PhoneStatusBar(  419): disable: < expand* icons alerts ticker system_info back home recent clock >
D/InputEventConsistencyVerifier(  228): KeyEvent: ACTION_UP but key was not down.
D/InputEventConsistencyVerifier(  228):   in com.android.internal.policy.impl.PhoneWindow$DecorView@b4051e30
D/InputEventConsistencyVerifier(  228):   0: sent at 340784000000, KeyEvent { action=ACTION_UP, keyCode=KEYCODE_DPAD_CENTER, scanCode=0, metaState=0, flags=0x8, repeatCount=0, eventTime=340784, downTime=340784, deviceId=-1, source=0x101 }
D/InputEventConsistencyVerifier(  228):   -- recent events --
D/InputEventConsistencyVerifier(  228):   1: sent at 340564000000, (unhandled) MotionEvent { action=ACTION_UP, id[0]=0, x[0]=644.0, y[0]=195.0, toolType[0]=TOOL_TYPE_UNKNOWN, buttonState=0, metaState=0, flags=0x0, edgeFlags=0x0, pointerCount=1, historySize=0, eventTime=340564, downTime=340551, deviceId=0, source=0x1002 }
D/InputEventConsistencyVerifier(  228):   2: sent at 340551000000, (unhandled) MotionEvent { action=ACTION_DOWN, id[0]=0, x[0]=645.0, y[0]=177.0, toolType[0]=TOOL_TYPE_UNKNOWN, buttonState=0, metaState=0, flags=0x0, edgeFlags=0x0, pointerCount=1, historySize=0, eventTime=340551, downTime=340551, deviceId=0, source=0x1002 }
D/InputEventConsistencyVerifier(  228):   3: sent at 340513000000, KeyEvent { action=ACTION_UP, keyCode=KEYCODE_DPAD_CENTER, scanCode=0, metaState=0, flags=0x8, repeatCount=0, eventTime=340513, downTime=340513, deviceId=-1, source=0x101 }
D/InputEventConsistencyVerifier(  228):   4: sent at 340513000000, (unhandled) KeyEvent { action=ACTION_UP, keyCode=KEYCODE_BUTTON_6, scanCode=0, metaState=0, flags=0x8, repeatCount=0, eventTime=340513, downTime=340513, deviceId=-1, source=0x101 }
D/InputEventConsistencyVerifier(  228):   5: sent at 340507000000, KeyEvent { action=ACTION_DOWN, keyCode=KEYCODE_DPAD_CENTER, scanCode=0, metaState=0, flags=0x8, repeatCount=0, eventTime=340507, downTime=340507, deviceId=-1, source=0x101 }
I/Choreographer(  228): Skipped 120 frames!  The application may be doing too much work on its main thread.
V/PhoneStatusBar(  419): setLightsOn(true)
D/InputEventConsistencyVerifier( 1051): KeyEvent: ACTION_UP but key was not down.
D/InputEventConsistencyVerifier( 1051):   in android.view.ViewRootImpl@b421a1b0
