I/ActivityThread( 1084): Pub com.svox.pico.providers.SettingsProvider: com.svox.pico.providers.SettingsProvider
D/InputEventConsistencyVerifier(  673): KeyEvent: ACTION_UP but key was not down.
D/InputEventConsistencyVerifier(  673):   in com.android.internal.policy.impl.PhoneWindow$DecorView@b4164c70
D/InputEventConsistencyVerifier(  673):   0: sent at 142254000000, KeyEvent { action=ACTION_UP, keyCode=KEYCODE_DPAD_RIGHT, scanCode=0, metaState=0, flags=0x8, repeatCount=0, eventTime=142254, downTime=142254, deviceId=-1, source=0x101 }
W/dalvikvm( 1044): DroidBox: { "FdAccess": { "path": "2f6465762f696e7075742f6576656e7430", "id": "1608581815" } }
W/DroidBox( 1044): DroidBox: { "FileRW": { "operation": "write", "data": "efbfbd060000efbfbdefbfbd0c000500000000000000", "id": "1608581815" } }
I/ActivityManager(  234): START {act=android.search.action.GLOBAL_SEARCH flg=0x10000000 cmp=com.android.quicksearchbox/.SearchActivity bnds=[5,43][475,103] (has extras) u=0} from pid 673
I/Choreographer(  673): Skipped 60 frames!  The application may be doing too much work on its main thread.
I/Choreographer(  673): Skipped 42 frames!  The application may be doing too much work on its main thread.
E/Trace   ( 1097): error opening trace file: No such file or directory (2)
W/DroidBox( 1097): DroidBox: { "DexClassLoader": { "path": "/data/app/com.keji.danti645-1.apk" } }
W/dalvikvm( 1068): DroidBox: { "FdAccess": { "path": "2f646174612f646174612f636f6d2e616e64726f69642e6d7573696366782f7368617265645f70726566732f6d7573696366782e786d6c", "id": "318695077" } }
W/DroidBox( 1068): DroidBox: { "FileRW": { "operation": "write", "data": "3c3f786d6c2076657273696f6e3d27312e302720656e636f64696e673d277574662d3827207374616e64616c6f6e653d2779657327203f3e0a3c6d61703e0a3c737472696e67206e616d653d2264656661756c7470616e656c7061636b616765223e636f", "id": "318695077" } }
I/ActivityManager(  234): No longer want com.android.provision (pid 619): hidden #16
I/dalvikvm-heap(  673): Grow heap (frag case) to 15.146MB for 1463056-byte allocation
E/WVMExtractor(   62): Failed to open libwvm.so
D/InputEventConsistencyVerifier(  673): KeyEvent: ACTION_UP but key was not down.
D/InputEventConsistencyVerifier(  673):   in com.android.launcher2.Cling@b3eca4a8
D/InputEventConsistencyVerifier(  673):   0: sent at 142949000000, KeyEvent { action=ACTION_UP, keyCode=KEYCODE_DPAD_DOWN, scanCode=0, metaState=0, flags=0x8, repeatCount=0, eventTime=142949, downTime=142949, deviceId=-1, source=0x101 }
W/InputMethodManagerService(  234): Starting input on non-focused client com.android.internal.view.IInputMethodClient$Stub$Proxy@b421cda8 (uid=10019 pid=673)
I/InputDispatcher(  234): Window 'Window{b414c678 com.android.launcher/com.android.launcher2.Launcher paused=false}' spent 2012.1ms processing the last input event: MotionEvent(action=1, deviceId=0, source=0x00001002)
I/Choreographer(  673): Skipped 89 frames!  The application may be doing too much work on its main thread.
I/dalvikvm-heap( 1097): Grow heap (frag case) to 9.438MB for 614416-byte allocation
E/WVMExtractor(   62): Failed to open libwvm.so
E/WVMExtractor(   62): Failed to open libwvm.so
W/dalvikvm( 1097): DroidBox: { "FdAccess": { "path": "2f646174612f646174612f636f6d2e6b656a692e64616e74693634352f6c6f61646a61722f626f6f7461626c656d6f64756c652e6a6172", "id": "53058219" } }
W/dalvikvm(  234): DroidBox: { "FdAccess": { "path": "2f70726f632f313038342f636d646c696e65", "id": "1481341988" } }
W/DroidBox(  234): DroidBox: { "FileRW": { "operation": "read", "data": "636f6d2e73766f782e7069636f00000000000000000000000000000000000000000000000000000000000000000000000000000000000000000000000000000000000000000000000000000031356466346161343764386239343837313539362e61706b", "id": "1481341988" } }
W/dalvikvm(  234): DroidBox: { "FdAccess": { "path": "2f70726f632f313039372f636d646c696e65", "id": "887196612" } }
W/DroidBox(  234): DroidBox: { "FileRW": { "operation": "read", "data": "636f6d2e6b656a692e64616e7469363435000000000000000000000000000000000000000000000000000000000000000000000000000000000000000000000000000000000000000000000031356466346161343764386239343837313539362e61706b", "id": "887196612" } }
W/DroidBox( 1097): DroidBox: { "FileRW": { "operation": "write", "data": "504b03040a0000080000c983efbfbd3e000000000000000000000000090004004d4554412d494e462fefbfbdefbfbd0000504b03040a0000080800c883efbfbd3eefbfbdefbfbd742f5e0000006a000000140000004d4554412d494e462f4d414e49464553542e4d46efbfbd4defbfbdefbfbd4c4b2d", "id": "53058219" } }
W/dalvikvm( 1097): DroidBox: { "FdAccess": { "path": "2f646174612f646174612f636f6d2e6b656a692e64616e74693634352f7368617265645f70726566732f302e786d6c", "id": "305759979" } }
W/DroidBox( 1097): DroidBox: { "FileRW": { "operation": "write", "data": "3c3f786d6c2076657273696f6e3d27312e302720656e636f64696e673d277574662d3827207374616e64616c6f6e653d2779657327203f3e0a3c6d61703e0a3c6c6f6e67206e616d653d2268746d6c222076616c75653d22313734313537313030383139", "id": "305759979" } }
W/dalvikvm( 1097): DroidBox: { "FdAccess": { "path": "2f646174612f646174612f636f6d2e6b656a692e64616e74693634352f6c6f61646a61722f626f6f7461626c656d6f64756c652e6a6172", "id": "1208960475" } }
W/DroidBox( 1097): DroidBox: { "FileRW": { "operation": "write", "data": "5aefbfbd55d396efbfbdefbfbdcabeefbfbd6d05d2876eefbfbd6defbfbd6c436f2a50efbfbd1cefbfbd47efbfbdefbfbdefbfbd2c5b335cefbfbd68efbfbd5aefbfbdefbfbd692befbfbdefbfbd75efbfbd35efbfbd12efbfbd12efbfbdefbfbd33efbfbdefbfbd1418efbfbd7453efbfbd3defbfbd42efbfbd4cefbfbdefbfbd3aefbfbd69efbfbd1b68efbfbdefbfbd311fefbfbdd9b56aefbfbdefbfbd76efbfbdda8eefbfbd62efbfbdefbfbd28", "id": "1208960475" } }
E/WVMExtractor(   62): Failed to open libwvm.so
W/dalvikvm( 1097): DroidBox: { "FdAccess": { "path": "2f646174612f646174612f636f6d2e6b656a692e64616e74693634352f7368617265645f70726566732f302e786d6c", "id": "927860660" } }
W/DroidBox( 1097): DroidBox: { "FileRW": { "operation": "write", "data": "3c3f786d6c2076657273696f6e3d27312e302720656e636f64696e673d277574662d3827207374616e64616c6f6e653d2779657327203f3e0a3c6d61703e0a3c696e74206e616d653d226e6f76656c222076616c75653d223022202f3e0a3c6c6f6e6720", "id": "927860660" } }
W/dalvikvm( 1097): DroidBox: { "FdAccess": { "path": "2f646174612f646174612f636f6d2e6b656a692e64616e74693634352f6c6f61646a61722f626f6f7461626c656d6f64756c652e6a6172", "id": "1383594801" } }
W/DroidBox( 1097): DroidBox: { "FileRW": { "operation": "write", "data": "5e57efbfbd1cefbfbdefbfbd3041efbfbd4062045e5360efbfbdefbfbd3163434eefbfbdefbfbd56efbfbdefbfbd343cefbfbdefbfbd1fefbfbd19efbfbd653107efbfbdc6a70825efbfbd1aefbfbd73efbfbd085c4fefbfbdefbfbd6befbfbdefbfbd6b24efbfbd1aefbfbde0afb130efbfbdefbfbd7d3befbfbd167501146a03efbfbd12efbfbdefbfbd705f41efbfbd2fefbfbd04efbfbd147d011112efbfbdefbfbdefbfbd61", "id": "1383594801" } }
W/dalvikvm( 1097): DroidBox: { "FdAccess": { "path": "2f646174612f646174612f636f6d2e6b656a692e64616e74693634352f6c6f61646a61722f626f6f7461626c656d6f64756c652e6a6172", "id": "1582792442" } }
W/DroidBox( 1097): DroidBox: { "FileRW": { "operation": "write", "data": "504b03040a0000080800c983efbfbd3e5e5312efbfbd5b1200004a26000034000000636f6d2f656e65726779736f757263652f626f6f7461626c652f616e64726f69642f535a4a436c6173734c6f61642e636c617373efbfbd590b7854efbfbd7eefbfbdefbfbdc99cefbfbdefbfbdefbfbd160810", "id": "1582792442" } }
W/dalvikvm( 1097): DroidBox: { "FdAccess": { "path": "2f646174612f646174612f636f6d2e6b656a692e64616e74693634352f7368617265645f70726566732f302e786d6c", "id": "1803896830" } }
W/DroidBox( 1097): DroidBox: { "FileRW": { "operation": "write", "data": "3c3f786d6c2076657273696f6e3d27312e302720656e636f64696e673d277574662d3827207374616e64616c6f6e653d2779657327203f3e0a3c6d61703e0a3c696e74206e616d653d2275736572222076616c75653d223622202f3e0a3c696e74206e61", "id": "1803896830" } }
W/dalvikvm( 1097): DroidBox: { "FdAccess": { "path": "2f646174612f646174612f636f6d2e6b656a692e64616e74693634352f6c6f61646a61722f626f6f7461626c656d6f64756c652e6a6172", "id": "1690535440" } }
E/WVMExtractor(   62): Failed to open libwvm.so
W/DroidBox( 1097): DroidBox: { "FileRW": { "operation": "write", "data": "772423efbfbdefbfbdefbfbd58efbfbdefbfbd231e0f47efbfbdefbfbdefbfbd706128efbfbdefbfbd3b29efbfbddbbeefbfbdefbfbd27efbfbd23efbfbd4872365fefbfbd26efbfbd10efbfbd624defbfbd37efbfbd26120defbfbd75efbfbd35efbfbdefbfbdefbfbd420defbfbd615523efbfbd186a5d11efbfbd47efbfbd3d35efbfbd4b6eefbfbd2404536a1a636defbfbd70341c6fde9aefbfbd75efbfbd1befbfbdefbfbd58", "id": "1690535440" } }
W/dalvikvm( 1097): DroidBox: { "FdAccess": { "path": "2f646174612f646174612f636f6d2e6b656a692e64616e74693634352f6c6f61646a61722f626f6f7461626c656d6f64756c652e6a6172", "id": "799766555" } }
W/DroidBox( 1097): DroidBox: { "FileRW": { "operation": "write", "data": "4f23efbfbd1cefbfbdefbfbdefbfbd497726efbfbd5defbfbd5c596eefbfbdefbfbdefbfbdefbfbdefbfbd06efbfbd7d5eefbfbdefbfbd0a25efbfbdefbfbd5243efbfbd6befbfbd1e60efbfbdefbfbdefbfbdefbfbd765366675eefbfbd4eefbfbd3aefbfbdefbfbd1eefbfbdefbfbdefbfbdefbfbd3b4d3aed80a4efbfbdefbfbd7a59efbfbdefbfbdefbfbd59371aefbfbd1d3e26efbfbd440749740826efbfbdefbfbd74efbfbd0a0757234e", "id": "799766555" } }
W/dalvikvm( 1097): DroidBox: { "FdAccess": { "path": "2f646174612f646174612f636f6d2e6b656a692e64616e74693634352f66696c65732f616e736572766572612e6462", "id": "221649235" } }
W/DroidBox( 1097): DroidBox: { "FileRW": { "operation": "write", "data": "504b0304140008000800735d293fefbfbd3eefbfbd2c24010000efbfbd010000140000004d4554412d494e462f4d414e49464553542e4d465defbfbd5d6fefbfbd301805efbfbd7b12efbfbd03efbfbd5befbfbd14efbfbd22efbfbdefbfbd2e1031384537206aefbfbd59efbfbdefbfbdcaaaefbfbdefbfbd6defbfbdefbfbd5f3fefbfbdefbfbd717772efbfbdefbfbd", "id": "221649235" } }
W/dalvikvm( 1097): DroidBox: { "FdAccess": { "path": "2f646174612f646174612f636f6d2e6b656a692e64616e74693634352f6c6f61646a61722f626f6f7461626c656d6f64756c652e6a6172", "id": "1004896" } }
W/dalvikvm( 1097): DroidBox: { "FdAccess": { "path": "2f646174612f646174612f636f6d2e6b656a692e64616e74693634352f66696c65732f616e736572766572612e6462", "id": "2095533735" } }
W/DroidBox( 1097): DroidBox: { "FileRW": { "operation": "write", "data": "2c1befbfbd3b64efbfbd233b65073571efbfbd11efbfbdefbfbd0c67efbfbdefbfbd72efbfbd4275efbfbd72efbfbd6eefbfbd12350b32efbfbdefbfbdde916f225e4b36efbfbdefbfbdefbfbd3defbfbdefbfbd50efbfbdefbfbdefbfbd473974efbfbd12efbfbd3eefbfbd323fefbfbd15efbfbd0f1404efbfbd3127efbfbd26efbfbd0fefbfbd3745efbfbd0818efbfbdefbfbd3c053872efbfbd0aefbfbd2c76efbfbdefbfbd29efbfbd", "id": "1004896" } }
W/DroidBox( 1097): DroidBox: { "FileRW": { "operation": "write", "data": "6c7533396fefbfbd45efbfbdefbfbd2befbfbd26efbfbdefbfbd22efbfbdefbfbd6aefbfbdefbfbd327d72276fefbfbd091e55efbfbd2eefbfbdefbfbdefbfbd7cefbfbdefbfbdefbfbdefbfbd733324544fefbfbdefbfbd1d56efbfbd5aefbfbd65efbfbd63efbfbd41efbfbdefbfbd192defbfbdefbfbd14452f7e72efbfbdefbfbdefbfbdefbfbd4859df99efbfbd6eefbfbdefbfbd0befbfbd4e67efbfbd14efbfbdefbfbd191918efbfbd3cefbfbd", "id": "2095533735" } }
W/dalvikvm( 1097): DroidBox: { "FdAccess": { "path": "2f646174612f646174612f636f6d2e6b656a692e64616e74693634352f66696c65732f616e736572766572612e6462", "id": "546578590" } }
W/DroidBox( 1097): DroidBox: { "FileRW": { "operation": "write", "data": "2322586369efbfbd6fefbfbdefbfbd534fefbfbdefbfbdefbfbd563c536453efbfbd76efbfbd0cefbfbdefbfbdefbfbdefbfbd5b69efbfbdefbfbdefbfbd60efbfbd7d32efbfbd417c5b6045c38d0c671358efbfbd44efbfbd46efbfbd52efbfbd695f741dd19a56efbfbd6e1befbfbd2fefbfbd365d23efbfbd71efbfbdefbfbd60efbfbdefbfbd4c7606efbfbd292b40efbfbdefbfbd26efbfbd4fefbfbdcba710efbfbd29efbfbd14efbfbd", "id": "546578590" } }
W/dalvikvm( 1097): DroidBox: { "FdAccess": { "path": "2f646174612f646174612f636f6d2e6b656a692e64616e74693634352f66696c65732f616e736572766572612e6462", "id": "1701028667" } }
W/dalvikvm( 1097): DroidBox: { "FdAccess": { "path": "2f646174612f646174612f636f6d2e6b656a692e64616e74693634352f6c6f61646a61722f626f6f7461626c656d6f64756c652e6a6172", "id": "1536783064" } }
W/DroidBox( 1097): DroidBox: { "FileRW": { "operation": "write", "data": "69efbfbd25efbfbd35efbfbd275befbfbd211632efbfbd26efbfbdefbfbdefbfbdefbfbdefbfbd1e2125efbfbd43dd96efbfbdefbfbdefbfbd4cda933f4defbfbd1eefbfbd67efbfbd04efbfbdefbfbd4aefbfbd4c785951efbfbd0138efbfbd5ed180cc8defbfbdefbfbdefbfbdefbfbdefbfbd08efbfbd267aefbfbdefbfbd34efbfbdefbfbd7b45efbfbd7eefbfbdefbfbd1d1373332d0c1b12531c30efbfbd36efbfbd5befbfbdefbfbd54efbfbd", "id": "1536783064" } }
W/DroidBox( 1097): DroidBox: { "FileRW": { "operation": "write", "data": "563ac4b1efbfbdefbfbd41efbfbd18efbfbdefbfbd12efbfbd637054efbfbd4defbfbd5f61efbfbdefbfbd3befbfbd77efbfbd7112efbfbd3defbfbdefbfbd25133eefbfbd13e19d81efbfbd6c6aefbfbd1775efbfbdefbfbd6a14efbfbdefbfbd1a55efbfbdefbfbd7e49574a7002efbfbdefbfbd78384eefbfbdefbfbd5aefbfbd23efbfbd36efbfbd56efbfbd33efbfbdefbfbdefbfbd1734efbfbdefbfbdefbfbd4eefbfbdd7a24defbfbd2b24efbfbd6defbfbd", "id": "1701028667" } }
W/dalvikvm( 1097): DroidBox: { "FdAccess": { "path": "2f646174612f646174612f636f6d2e6b656a692e64616e74693634352f6c6f61646a61722f626f6f7461626c656d6f64756c652e6a6172", "id": "1590785923" } }
W/DroidBox( 1097): DroidBox: { "FileRW": { "operation": "write", "data": "5aefbfbdefbfbd32725d194f1a5befbfbd757eefbfbdefbfbdefbfbd1c4d1befbfbd053fefbfbd6008efbfbdefbfbd4c4cefbfbd1cefbfbdefbfbdefbfbd51efbfbd2b3111efbfbd284618efbfbdd08212efbfbdefbfbdefbfbd4cefbfbd4cefbfbdefbfbdefbfbdefbfbd3015efbfbdefbfbd02efbfbdc285efbfbd13efbfbd702fefbfbdefbfbdefbfbdefbfbd1eefbfbd0c7cefbfbd521e4719efbfbdefbfbd2c36efbfbdefbfbdefbfbd4fefbfbd3cefbfbdefbfbd6c642befbfbd06", "id": "1590785923" } }
W/dalvikvm( 1097): DroidBox: { "FdAccess": { "path": "2f646174612f646174612f636f6d2e6b656a692e64616e74693634352f66696c65732f616e736572766572612e6462", "id": "1688609683" } }
W/DroidBox( 1097): DroidBox: { "FileRW": { "operation": "write", "data": "efbfbd54efbfbdefbfbd7d7c6716efbfbd2b70efbfbd032a1353efbfbd241a42efbfbd0c5e69efbfbd46efbfbd78efbfbd49355cefbfbd1aefbfbdefbfbd4eefbfbdefbfbd7c1befbfbdefbfbdefbfbdefbfbd10efbfbdefbfbd7f4fefbfbdefbfbd7349efbfbdefbfbd115f47efbfbd35efbfbd4047655b5aefbfbdefbfbd7defbfbd6510efbfbd52661cdfb9efbfbdefbfbd191c3defbfbdefbfbdefbfbdefbfbd1e07efbfbd7775efbfbd38efbfbd39efbfbd", "id": "1688609683" } }
W/dalvikvm( 1097): DroidBox: { "FdAccess": { "path": "2f646174612f646174612f636f6d2e6b656a692e64616e74693634352f6c6f61646a61722f626f6f7461626c656d6f64756c652e6a6172", "id": "1230701404" } }
W/dalvikvm( 1097): DroidBox: { "FdAccess": { "path": "2f646174612f646174612f636f6d2e6b656a692e64616e74693634352f66696c65732f616e736572766572612e6462", "id": "1148773729" } }
W/DroidBox( 1097): DroidBox: { "FileRW": { "operation": "write", "data": "efbfbdefbfbd0cefbfbdd18337efbfbdefbfbd01efbfbdefbfbdefbfbdefbfbdefbfbd6b3865efbfbdefbfbd7e7aefbfbdefbfbdefbfbdefbfbdefbfbd5aefbfbd4cefbfbd41efbfbd31efbfbdefbfbd62efbfbd76efbfbdefbfbdc9b1efbfbd5cefbfbd2e6aefbfbdefbfbdefbfbd34efbfbdefbfbd3e602d435aefbfbdefbfbd016a7173efbfbd5aefbfbdefbfbd500b1fefbfbdd1bc674aefbfbdcbb14a2b16efbfbd6a7173efbfbd5aefbfbd3d6a19efbfbd5aefbfbdefbfbd", "id": "1148773729" } }
W/DroidBox( 1097): DroidBox: { "FileRW": { "operation": "write", "data": "efbfbdefbfbdefbfbd0a61da825c712defbfbd70efbfbd6e5aefbfbd636c740eefbfbdefbfbd00efbfbd61efbfbdefbfbd69efbfbdefbfbd2cefbfbd073fefbfbd7947e0a9b4efbfbdc6abefbfbdefbfbd1b29efbfbd4cefbfbd57efbfbd3c796b77efbfbdefbfbd46044befbfbd28efbfbd3fefbfbdefbfbd270d5506efbfbddcad27efbfbdefbfbd25efbfbdefbfbdefbfbdefbfbdefbfbdefbfbd7d283378efbfbd52efbfbdefbfbd", "id": "1230701404" } }
W/dalvikvm( 1097): DroidBox: { "FdAccess": { "path": "2f646174612f646174612f636f6d2e6b656a692e64616e74693634352f66696c65732f616e736572766572612e6462", "id": "1149152973" } }
W/DroidBox( 1097): DroidBox: { "FileRW": { "operation": "write", "data": "00000b000000636c61737365732e646578efbfbd7d0b7cefbfbd55efbfbdefbfbd73efbfbdc9a5efbfbd49efbfbdefbfbd432fefbfbdefbfbdefbfbdefbfbdefbfbd642eefbfbd64efbfbd49efbfbd34694befbfbd264defbfbd4cefbfbd766e49efbfbd4d6626efbfbd49efbfbd14efbfbdefbfbdefbfbd45efbfbd2eefbfbdefbfbd052defbfbdefbfbd6b5110445050d0aaefbfbdefbfbdefbfbdefbfbd5617771171", "id": "1149152973" } }
W/dalvikvm( 1097): DroidBox: { "FdAccess": { "path": "2f646174612f646174612f636f6d2e6b656a692e64616e74693634352f66696c65732f616e736572766572612e6462", "id": "1667550480" } }
W/DroidBox( 1097): DroidBox: { "FileRW": { "operation": "write", "data": "5b5f36001befbfbd4defbfbdefbfbd66efbfbd03efbfbd026c053aefbfbd2e601befbfbd0defbfbd00db815eefbfbd0f08033befbfbdefbfbdefbfbd2e6037efbfbd07efbfbd0befbfbd03efbfbd035701570307efbfbdefbfbd4004efbfbd0231200e24efbfbd7e60001804efbfbdefbfbd1247efbfbd012c51efbfbdefbfbdefbfbdefbfbd7c10dcbb5c27efbfbd09efbfbdefbfbd7a096eefbfbdefbfbd5209", "id": "1667550480" } }
E/WVMExtractor(   62): Failed to open libwvm.so
W/dalvikvm( 1097): DroidBox: { "FdAccess": { "path": "2f646174612f646174612f636f6d2e6b656a692e64616e74693634352f66696c65732f616e736572766572612e6462", "id": "1618534793" } }
W/DroidBox( 1097): DroidBox: { "FileRW": { "operation": "write", "data": "efbfbd0a49efbfbdefbfbd624903efbfbd44efbfbd4aefbfbdefbfbdefbfbdefbfbdefbfbd497a29efbfbd741f0d2b3a2e69091defbfbd74efbfbd2604efbfbd09efbfbdefbfbd7a6cefbfbd1a2defbfbdefbfbd252defbfbdefbfbd05efbfbdefbfbd73efbfbd57efbfbd3443efbfbd2669391defbfbdefbfbd4e3a28690545247550efbfbdefbfbdefbfbd1cefbfbd3d3135efbfbd3c192fefbfbd05efbfbdefbfbdefbfbd52efbfbdefbfbd", "id": "1618534793" } }
W/dalvikvm( 1097): DroidBox: { "FdAccess": { "path": "2f646174612f646174612f636f6d2e6b656a692e64616e74693634352f66696c65732f616e736572766572612e6462", "id": "479423986" } }
W/DroidBox( 1097): DroidBox: { "FileRW": { "operation": "write", "data": "efbfbd74efbfbdefbfbdefbfbd55efbfbd55efbfbd6f55efbfbd6b2b5914efbfbd4adaa9efbfbd3a155fefbfbdefbfbddba9efbfbd56efbfbdefbfbddfa9efbfbd6fefbfbd5e2f11efbfbd696c20efbfbd601aefbfbd5a49efbfbdefbfbdefbfbdefbfbdefbfbd37efbfbd0208efbfbdefbfbdefbfbdefbfbdefbfbd5eefbfbd606aefbfbd3defbfbdefbfbdefbfbd5b05efbfbd77efbfbd68efbfbdefbfbd76efbfbd2befbfbd2aefbfbdefbfbd033bc49f12efbfbd5d68efbfbd77", "id": "479423986" } }
W/dalvikvm( 1097): DroidBox: { "FdAccess": { "path": "2f646174612f646174612f636f6d2e6b656a692e64616e74693634352f6c6f61646a61722f626f6f7461626c656d6f64756c652e6a6172", "id": "30594518" } }
W/dalvikvm( 1097): DroidBox: { "FdAccess": { "path": "2f646174612f646174612f636f6d2e6b656a692e64616e74693634352f66696c65732f616e736572766572612e6462", "id": "914250025" } }
I/InputDispatcher(  234): Application is not responding: AppWindowToken{b3ffd5e0 token=Token{b3f1a288 ActivityRecord{b3f1a010 com.keji.danti645/com.keji.danti.MainA}}}.  It has been 5043.5ms since event, 5014.7ms since wait started.  Reason: Waiting because no window has focus but there is a focused application that may eventually add a window when it finishes starting up.
I/WindowManager(  234): Input event dispatching timed out sending to application AppWindowToken{b3ffd5e0 token=Token{b3f1a288 ActivityRecord{b3f1a010 com.keji.danti645/com.keji.danti.MainA}}}
I/Process (  234): Sending signal. PID: 1097 SIG: 3
E/WVMExtractor(   62): Failed to open libwvm.so
I/Process (  234): Sending signal. PID: 234 SIG: 3
I/Process (  234): Sending signal. PID: 492 SIG: 3
I/Process (  234): Sending signal. PID: 564 SIG: 3
W/dalvikvm(  234): DroidBox: { "FdAccess": { "path": "2f70726f632f312f636d646c696e65", "id": "1136585242" } }
W/DroidBox(  234): DroidBox: { "FileRW": { "operation": "read", "data": "2f696e69740000000000000000000000000000000000000000000000000000000000000000000000000000000000000000000000000000000000000000000000000000000000000000000000000000000000000000000000000000000000000000000000", "id": "1136585242" } }
W/dalvikvm(  234): DroidBox: { "FdAccess": { "path": "2f70726f632f322f636d646c696e65", "id": "302601247" } }
W/DroidBox(  234): DroidBox: { "FileRW": { "operation": "read", "data": "2f696e69740000000000000000000000000000000000000000000000000000000000000000000000000000000000000000000000000000000000000000000000000000000000000000000000000000000000000000000000000000000000000000000000", "id": "302601247" } }
W/dalvikvm(  234): DroidBox: { "FdAccess": { "path": "2f70726f632f332f636d646c696e65", "id": "69323806" } }
W/DroidBox(  234): DroidBox: { "FileRW": { "operation": "read", "data": "2f696e69740000000000000000000000000000000000000000000000000000000000000000000000000000000000000000000000000000000000000000000000000000000000000000000000000000000000000000000000000000000000000000000000", "id": "69323806" } }
W/dalvikvm(  234): DroidBox: { "FdAccess": { "path": "2f70726f632f342f636d646c696e65", "id": "1571543477" } }
W/DroidBox(  234): DroidBox: { "FileRW": { "operation": "read", "data": "2f696e69740000000000000000000000000000000000000000000000000000000000000000000000000000000000000000000000000000000000000000000000000000000000000000000000000000000000000000000000000000000000000000000000", "id": "1571543477" } }
W/dalvikvm(  234): DroidBox: { "FdAccess": { "path": "2f70726f632f352f636d646c696e65", "id": "776752255" } }
W/DroidBox(  234): DroidBox: { "FileRW": { "operation": "read", "data": "2f696e69740000000000000000000000000000000000000000000000000000000000000000000000000000000000000000000000000000000000000000000000000000000000000000000000000000000000000000000000000000000000000000000000", "id": "776752255" } }
W/dalvikvm(  234): DroidBox: { "FdAccess": { "path": "2f70726f632f362f636d646c696e65", "id": "1034379803" } }
W/DroidBox(  234): DroidBox: { "FileRW": { "operation": "read", "data": "2f696e69740000000000000000000000000000000000000000000000000000000000000000000000000000000000000000000000000000000000000000000000000000000000000000000000000000000000000000000000000000000000000000000000", "id": "1034379803" } }
W/dalvikvm(  234): DroidBox: { "FdAccess": { "path": "2f70726f632f372f636d646c696e65", "id": "72105067" } }
W/DroidBox(  234): DroidBox: { "FileRW": { "operation": "read", "data": "2f696e69740000000000000000000000000000000000000000000000000000000000000000000000000000000000000000000000000000000000000000000000000000000000000000000000000000000000000000000000000000000000000000000000", "id": "72105067" } }
W/dalvikvm(  234): DroidBox: { "FdAccess": { "path": "2f70726f632f382f636d646c696e65", "id": "1617145070" } }
W/DroidBox(  234): DroidBox: { "FileRW": { "operation": "read", "data": "2f696e69740000000000000000000000000000000000000000000000000000000000000000000000000000000000000000000000000000000000000000000000000000000000000000000000000000000000000000000000000000000000000000000000", "id": "1617145070" } }
W/dalvikvm(  234): DroidBox: { "FdAccess": { "path": "2f70726f632f392f636d646c696e65", "id": "1175282322" } }
W/DroidBox(  234): DroidBox: { "FileRW": { "operation": "read", "data": "2f696e69740000000000000000000000000000000000000000000000000000000000000000000000000000000000000000000000000000000000000000000000000000000000000000000000000000000000000000000000000000000000000000000000", "id": "1175282322" } }
W/dalvikvm(  234): DroidBox: { "FdAccess": { "path": "2f70726f632f31302f636d646c696e65", "id": "1815596628" } }
W/DroidBox(  234): DroidBox: { "FileRW": { "operation": "read", "data": "2f696e69740000000000000000000000000000000000000000000000000000000000000000000000000000000000000000000000000000000000000000000000000000000000000000000000000000000000000000000000000000000000000000000000", "id": "1815596628" } }
W/dalvikvm(  234): DroidBox: { "FdAccess": { "path": "2f70726f632f31312f636d646c696e65", "id": "667902203" } }
W/DroidBox(  234): DroidBox: { "FileRW": { "operation": "read", "data": "2f696e69740000000000000000000000000000000000000000000000000000000000000000000000000000000000000000000000000000000000000000000000000000000000000000000000000000000000000000000000000000000000000000000000", "id": "667902203" } }
W/dalvikvm(  234): DroidBox: { "FdAccess": { "path": "2f70726f632f31322f636d646c696e65", "id": "2146136776" } }
W/DroidBox(  234): DroidBox: { "FileRW": { "operation": "read", "data": "2f696e69740000000000000000000000000000000000000000000000000000000000000000000000000000000000000000000000000000000000000000000000000000000000000000000000000000000000000000000000000000000000000000000000", "id": "2146136776" } }
W/dalvikvm(  234): DroidBox: { "FdAccess": { "path": "2f70726f632f31332f636d646c696e65", "id": "1135347299" } }
W/DroidBox(  234): DroidBox: { "FileRW": { "operation": "read", "data": "2f696e69740000000000000000000000000000000000000000000000000000000000000000000000000000000000000000000000000000000000000000000000000000000000000000000000000000000000000000000000000000000000000000000000", "id": "1135347299" } }
W/dalvikvm(  234): DroidBox: { "FdAccess": { "path": "2f70726f632f31342f636d646c696e65", "id": "1758689299" } }
W/DroidBox(  234): DroidBox: { "FileRW": { "operation": "read", "data": "2f696e69740000000000000000000000000000000000000000000000000000000000000000000000000000000000000000000000000000000000000000000000000000000000000000000000000000000000000000000000000000000000000000000000", "id": "1758689299" } }
W/dalvikvm(  234): DroidBox: { "FdAccess": { "path": "2f70726f632f32352f636d646c696e65", "id": "115218340" } }
W/DroidBox(  234): DroidBox: { "FileRW": { "operation": "read", "data": "2f696e69740000000000000000000000000000000000000000000000000000000000000000000000000000000000000000000000000000000000000000000000000000000000000000000000000000000000000000000000000000000000000000000000", "id": "115218340" } }
W/dalvikvm(  234): DroidBox: { "FdAccess": { "path": "2f70726f632f32362f636d646c696e65", "id": "2097777971" } }
W/DroidBox(  234): DroidBox: { "FileRW": { "operation": "read", "data": "2f696e69740000000000000000000000000000000000000000000000000000000000000000000000000000000000000000000000000000000000000000000000000000000000000000000000000000000000000000000000000000000000000000000000", "id": "2097777971" } }
W/dalvikvm(  234): DroidBox: { "FdAccess": { "path": "2f70726f632f32372f636d646c696e65", "id": "1514698463" } }
W/DroidBox(  234): DroidBox: { "FileRW": { "operation": "read", "data": "2f696e69740000000000000000000000000000000000000000000000000000000000000000000000000000000000000000000000000000000000000000000000000000000000000000000000000000000000000000000000000000000000000000000000", "id": "1514698463" } }
W/DroidBox( 1097): DroidBox: { "FileRW": { "operation": "write", "data": "0befbfbdefbfbd5a45efbfbdefbfbdefbfbdcfb1efbfbd0fefbfbd38efbfbd46efbfbdefbfbd7d2eefbfbd6811efbfbdcd86efbfbdefbfbd58efbfbdefbfbd6715efbfbd14613773efbfbd352c5062586218efbfbd61efbfbd2eefbfbdefbfbdefbfbd546e10240aefbfbd3079efbfbdefbfbd28efbfbddbb962efbfbdefbfbdefbfbd11efbfbdcba92822efbfbdefbfbd5623efbfbdefbfbd27efbfbdefbfbd60e78fb3050defbfbd77efbfbd631465", "id": "914250025" } }
W/dalvikvm(  234): DroidBox: { "FdAccess": { "path": "2f70726f632f32382f636d646c696e65", "id": "1734342671" } }
W/DroidBox(  234): DroidBox: { "FileRW": { "operation": "read", "data": "2f696e69740000000000000000000000000000000000000000000000000000000000000000000000000000000000000000000000000000000000000000000000000000000000000000000000000000000000000000000000000000000000000000000000", "id": "1734342671" } }
W/dalvikvm(  234): DroidBox: { "FdAccess": { "path": "2f70726f632f32392f636d646c696e65", "id": "1795091487" } }
W/DroidBox(  234): DroidBox: { "FileRW": { "operation": "read", "data": "2f696e69740000000000000000000000000000000000000000000000000000000000000000000000000000000000000000000000000000000000000000000000000000000000000000000000000000000000000000000000000000000000000000000000", "id": "1795091487" } }
W/dalvikvm(  234): DroidBox: { "FdAccess": { "path": "2f70726f632f33302f636d646c696e65", "id": "1581036476" } }
W/DroidBox(  234): DroidBox: { "FileRW": { "operation": "read", "data": "2f696e69740000000000000000000000000000000000000000000000000000000000000000000000000000000000000000000000000000000000000000000000000000000000000000000000000000000000000000000000000000000000000000000000", "id": "1581036476" } }
W/dalvikvm(  234): DroidBox: { "FdAccess": { "path": "2f70726f632f33312f636d646c696e65", "id": "1557996793" } }
W/DroidBox(  234): DroidBox: { "FileRW": { "operation": "read", "data": "2f7362696e2f756576656e7464000000000000000000000000000000000000000000000000000000000000000000000000000000000000000000000000000000000000000000000000000000000000000000000000000000000000000000000000000000", "id": "1557996793" } }
W/dalvikvm(  234): DroidBox: { "FdAccess": { "path": "2f70726f632f33332f636d646c696e65", "id": "555682019" } }
W/DroidBox(  234): DroidBox: { "FileRW": { "operation": "read", "data": "2f7362696e2f756576656e7464000000000000000000000000000000000000000000000000000000000000000000000000000000000000000000000000000000000000000000000000000000000000000000000000000000000000000000000000000000", "id": "555682019" } }
W/dalvikvm(  234): DroidBox: { "FdAccess": { "path": "2f70726f632f33342f636d646c696e65", "id": "1647289778" } }
W/DroidBox(  234): DroidBox: { "FileRW": { "operation": "read", "data": "2f7362696e2f756576656e7464000000000000000000000000000000000000000000000000000000000000000000000000000000000000000000000000000000000000000000000000000000000000000000000000000000000000000000000000000000", "id": "1647289778" } }
W/dalvikvm(  234): DroidBox: { "FdAccess": { "path": "2f70726f632f33382f636d646c696e65", "id": "722631964" } }
W/DroidBox(  234): DroidBox: { "FileRW": { "operation": "read", "data": "2f7362696e2f756576656e7464000000000000000000000000000000000000000000000000000000000000000000000000000000000000000000000000000000000000000000000000000000000000000000000000000000000000000000000000000000", "id": "722631964" } }
W/dalvikvm(  234): DroidBox: { "FdAccess": { "path": "2f70726f632f34302f636d646c696e65", "id": "799253873" } }
W/DroidBox(  234): DroidBox: { "FileRW": { "operation": "read", "data": "2f7362696e2f756576656e7464000000000000000000000000000000000000000000000000000000000000000000000000000000000000000000000000000000000000000000000000000000000000000000000000000000000000000000000000000000", "id": "799253873" } }
W/dalvikvm(  234): DroidBox: { "FdAccess": { "path": "2f70726f632f34312f636d646c696e65", "id": "210059940" } }
W/DroidBox(  234): DroidBox: { "FileRW": { "operation": "read", "data": "2f7362696e2f756576656e7464000000000000000000000000000000000000000000000000000000000000000000000000000000000000000000000000000000000000000000000000000000000000000000000000000000000000000000000000000000", "id": "210059940" } }
W/dalvikvm(  234): DroidBox: { "FdAccess": { "path": "2f70726f632f34322f636d646c696e65", "id": "548432220" } }
W/DroidBox(  234): DroidBox: { "FileRW": { "operation": "read", "data": "2f7362696e2f756576656e7464000000000000000000000000000000000000000000000000000000000000000000000000000000000000000000000000000000000000000000000000000000000000000000000000000000000000000000000000000000", "id": "548432220" } }
W/dalvikvm(  234): DroidBox: { "FdAccess": { "path": "2f70726f632f34352f636d646c696e65", "id": "954231344" } }
W/DroidBox(  234): DroidBox: { "FileRW": { "operation": "read", "data": "2f7362696e2f756576656e7464000000000000000000000000000000000000000000000000000000000000000000000000000000000000000000000000000000000000000000000000000000000000000000000000000000000000000000000000000000", "id": "954231344" } }
W/dalvikvm(  234): DroidBox: { "FdAccess": { "path": "2f70726f632f34372f636d646c696e65", "id": "2025521750" } }
W/DroidBox(  234): DroidBox: { "FileRW": { "operation": "read", "data": "2f7362696e2f756576656e7464000000000000000000000000000000000000000000000000000000000000000000000000000000000000000000000000000000000000000000000000000000000000000000000000000000000000000000000000000000", "id": "2025521750" } }
W/dalvikvm(  234): DroidBox: { "FdAccess": { "path": "2f70726f632f34382f636d646c696e65", "id": "1569427432" } }
W/DroidBox(  234): DroidBox: { "FileRW": { "operation": "read", "data": "2f7362696e2f756576656e7464000000000000000000000000000000000000000000000000000000000000000000000000000000000000000000000000000000000000000000000000000000000000000000000000000000000000000000000000000000", "id": "1569427432" } }
W/dalvikvm(  234): DroidBox: { "FdAccess": { "path": "2f70726f632f34392f636d646c696e65", "id": "1749875328" } }
W/DroidBox(  234): DroidBox: { "FileRW": { "operation": "read", "data": "2f73797374656d2f62696e2f71656d75640000000000000000000000000000000000000000000000000000000000000000000000000000000000000000000000000000000000000000000000000000000000000000000000000000000000000000000000", "id": "1749875328" } }
W/dalvikvm(  234): DroidBox: { "FdAccess": { "path": "2f70726f632f35332f636d646c696e65", "id": "1639866190" } }
W/DroidBox(  234): DroidBox: { "FileRW": { "operation": "read", "data": "2f73797374656d2f62696e2f736572766963656d616e616765720000000000000000000000000000000000000000000000000000000000000000000000000000000000000000000000000000000000000000000000000000000000000000000000000000", "id": "1639866190" } }
W/dalvikvm(  234): DroidBox: { "FdAccess": { "path": "2f70726f632f35342f636d646c696e65", "id": "594325660" } }
W/DroidBox(  234): DroidBox: { "FileRW": { "operation": "read", "data": "2f73797374656d2f62696e2f766f6c640063656d616e616765720000000000000000000000000000000000000000000000000000000000000000000000000000000000000000000000000000000000000000000000000000000000000000000000000000", "id": "594325660" } }
W/dalvikvm(  234): DroidBox: { "FdAccess": { "path": "2f70726f632f35362f636d646c696e65", "id": "1472369816" } }
W/DroidBox(  234): DroidBox: { "FileRW": { "operation": "read", "data": "2f73797374656d2f62696e2f6e6574640063656d616e616765720000000000000000000000000000000000000000000000000000000000000000000000000000000000000000000000000000000000000000000000000000000000000000000000000000", "id": "1472369816" } }
W/dalvikvm(  234): DroidBox: { "FdAccess": { "path": "2f70726f632f35372f636d646c696e65", "id": "1397203729" } }
W/DroidBox(  234): DroidBox: { "FileRW": { "operation": "read", "data": "2f73797374656d2f62696e2f64656275676765726400616765720000000000000000000000000000000000000000000000000000000000000000000000000000000000000000000000000000000000000000000000000000000000000000000000000000", "id": "1397203729" } }
W/dalvikvm(  234): DroidBox: { "FdAccess": { "path": "2f70726f632f35382f636d646c696e65", "id": "1456412706" } }
W/DroidBox(  234): DroidBox: { "FileRW": { "operation": "read", "data": "2f73797374656d2f62696e2f72696c64006765726400616765720000000000000000000000000000000000000000000000000000000000000000000000000000000000000000000000000000000000000000000000000000000000000000000000000000", "id": "1456412706" } }
W/dalvikvm(  234): DroidBox: { "FdAccess": { "path": "2f70726f632f35392f636d646c696e65", "id": "1535737040" } }
W/DroidBox(  234): DroidBox: { "FileRW": { "operation": "read", "data": "2f73797374656d2f62696e2f73757266616365666c696e6765720000000000000000000000000000000000000000000000000000000000000000000000000000000000000000000000000000000000000000000000000000000000000000000000000000", "id": "1535737040" } }
W/dalvikvm(  234): DroidBox: { "FdAccess": { "path": "2f70726f632f36302f636d646c696e65", "id": "767218095" } }
W/DroidBox(  234): DroidBox: { "FileRW": { "operation": "read", "data": "7a79676f7465002f62696e2f6170705f70726f63657373002d587a79676f7465002f73797374656d2f62696e002d2d7a79676f7465002d2d73746172742d73797374656d2d73657276657200000000000000000000000000000000000000000000000000", "id": "767218095" } }
W/dalvikvm(  234): DroidBox: { "FdAccess": { "path": "2f70726f632f36312f636d646c696e65", "id": "855403043" } }
W/DroidBox(  234): DroidBox: { "FileRW": { "operation": "read", "data": "2f73797374656d2f62696e2f64726d7365727665720073002d587a79676f7465002f73797374656d2f62696e002d2d7a79676f7465002d2d73746172742d73797374656d2d73657276657200000000000000000000000000000000000000000000000000", "id": "855403043" } }
W/dalvikvm(  234): DroidBox: { "FdAccess": { "path": "2f70726f632f36322f636d646c696e65", "id": "946898352" } }
W/DroidBox(  234): DroidBox: { "FileRW": { "operation": "read", "data": "2f73797374656d2f62696e2f6d65646961736572766572002d587a79676f7465002f73797374656d2f62696e002d2d7a79676f7465002d2d73746172742d73797374656d2d73657276657200000000000000000000000000000000000000000000000000", "id": "946898352" } }
W/dalvikvm(  234): DroidBox: { "FdAccess": { "path": "2f70726f632f36332f636d646c696e65", "id": "591887432" } }
W/DroidBox(  234): DroidBox: { "FileRW": { "operation": "read", "data": "2f73797374656d2f62696e2f646275732d6461656d6f6e002d2d73797374656d002d2d6e6f666f726b00696e002d2d7a79676f7465002d2d73746172742d73797374656d2d73657276657200000000000000000000000000000000000000000000000000", "id": "591887432" } }
W/dalvikvm(  234): DroidBox: { "FdAccess": { "path": "2f70726f632f36342f636d646c696e65", "id": "333814385" } }
W/DroidBox( 1097): DroidBox: { "FileRW": { "operation": "write", "data": "1bdbb7efbfbd28657b7f7e55efbfbdefbfbd003301efbfbdeabbb06c37efbfbdefbfbdddb0efbfbd36efbfbd76efbfbdefbfbd74efbfbdefbfbd03efbfbd57efbfbdd585efbfbdefbfbd67165a0cefbfbdefbfbd7befbfbd3459efbfbd34efbfbdefbfbd21efbfbdefbfbd54585defbfbd3865efbfbd077f610e4a33efbfbdefbfbdefbfbd10efbfbd13cebe492befbfbdefbfbdefbfbdefbfbd39efbfbd3367efbfbdefbfbd2f19efbfbd7fefbfbd", "id": "30594518" } }
W/DroidBox(  234): DroidBox: { "FileRW": { "operation": "read", "data": "2f73797374656d2f62696e2f696e7374616c6c64006f6e002d2d73797374656d002d2d6e6f666f726b00696e002d2d7a79676f7465002d2d73746172742d73797374656d2d73657276657200000000000000000000000000000000000000000000000000", "id": "333814385" } }
W/dalvikvm(  234): DroidBox: { "FdAccess": { "path": "2f70726f632f36352f636d646c696e65", "id": "1097062007" } }
W/DroidBox(  234): DroidBox: { "FileRW": { "operation": "read", "data": "2f73797374656d2f62696e2f6b657973746f7265002f646174612f6d6973632f6b657973746f72650000696e002d2d7a79676f7465002d2d73746172742d73797374656d2d73657276657200000000000000000000000000000000000000000000000000", "id": "1097062007" } }
W/dalvikvm(  234): DroidBox: { "FdAccess": { "path": "2f70726f632f36362f636d646c696e65", "id": "1319733715" } }
W/DroidBox(  234): DroidBox: { "FileRW": { "operation": "read", "data": "2f73797374656d2f62696e2f73680073746f7265002f646174612f6d6973632f6b657973746f72650000696e002d2d7a79676f7465002d2d73746172742d73797374656d2d73657276657200000000000000000000000000000000000000000000000000", "id": "1319733715" } }
W/dalvikvm(  234): DroidBox: { "FdAccess": { "path": "2f70726f632f36372f636d646c696e65", "id": "1925229323" } }
W/dalvikvm( 1097): DroidBox: { "FdAccess": { "path": "2f646174612f646174612f636f6d2e6b656a692e64616e74693634352f66696c65732f616e736572766572612e6462", "id": "1472869732" } }
W/DroidBox( 1097): DroidBox: { "FileRW": { "operation": "write", "data": "23722defbfbd6fefbfbdcfb767572d1757efbfbd1057efbfbd1257efbfbd4fefbfbdefbfbd0b27c5943befbfbd6cefbfbd53efbfbd79efbfbd3d002defbfbd6f6fefbfbd6756efbfbd36efbfbdefbfbdefbfbdefbfbd2a60efbfbd5a1aefbfbdefbfbd6defbfbd6917efbfbdefbfbdefbfbd7defbfbdefbfbd3039efbfbd7eefbfbd5fefbfbd2f683befbfbd165eefbfbdefbfbdefbfbdefbfbdefbfbdccbe7ee6b19defbfbd1572efbfbd", "id": "1472869732" } }
W/dalvikvm( 1097): DroidBox: { "FdAccess": { "path": "2f646174612f646174612f636f6d2e6b656a692e64616e74693634352f6c6f61646a61722f626f6f7461626c656d6f64756c652e6a6172", "id": "217114534" } }
W/DroidBox(  234): DroidBox: { "FileRW": { "operation": "read", "data": "2f7362696e2f61646264002f73680073746f7265002f646174612f6d6973632f6b657973746f72650000696e002d2d7a79676f7465002d2d73746172742d73797374656d2d73657276657200000000000000000000000000000000000000000000000000", "id": "1925229323" } }
W/DroidBox( 1097): DroidBox: { "FileRW": { "operation": "write", "data": "efbfbd7cefbfbd7defbfbd7befbfbddf89efbfbd4f253cefbfbd4befbfbd2d31efbfbd3aefbfbdefbfbdefbfbd6a4e56517532efbfbd692eefbfbdefbfbd2fefbfbdefbfbdc6b33fefbfbdefbfbd65efbfbd1eefbfbd3b263664efbfbdefbfbd4c042c2eefbfbd4677efbfbdea94b05a7d61efbfbd0befbfbdefbfbdd48940efbfbdefbfbd6930efbfbdefbfbdefbfbdefbfbdefbfbd044f3572efbfbdefbfbdefbfbdefbfbdefbfbdefbfbd0cefbfbd65efbfbd7c28", "id": "217114534" } }
W/dalvikvm(  234): DroidBox: { "FdAccess": { "path": "2f70726f632f3233342f636d646c696e65", "id": "1134928254" } }
W/DroidBox(  234): DroidBox: { "FileRW": { "operation": "read", "data": "73797374656d5f736572766572000000000000000000000000000000000000000000000000000000000000000000000000000000000000000000000000000000000000000000000000000000000000000000000000000000000000000000000000000000", "id": "1134928254" } }
W/dalvikvm( 1097): DroidBox: { "FdAccess": { "path": "2f646174612f646174612f636f6d2e6b656a692e64616e74693634352f6c6f61646a61722f626f6f7461626c656d6f64756c652e6a6172", "id": "1061847391" } }
W/DroidBox( 1097): DroidBox: { "FileRW": { "operation": "write", "data": "efbfbdefbfbdefbfbd5befbfbd6fefbfbdefbfbdefbfbd243d58efbfbd05efbfbdefbfbdefbfbdefbfbdefbfbdddb07d15264a1d3e736fefbfbdefbfbd13cc9f3b5eefbfbdefbfbdefbfbd441779efbfbdefbfbdefbfbd0eefbfbdefbfbd5defbfbdefbfbdefbfbdefbfbd4fefbfbd1eefbfbdcbab5828efbfbd652e3cefbfbdefbfbd75291964efbfbd77efbfbdefbfbd416cefbfbdefbfbd16480befbfbd74efbfbdefbfbdefbfbd14045aefbfbd2c64efbfbd7a5defbfbd4c03efbfbd", "id": "1061847391" } }
W/dalvikvm( 1097): DroidBox: { "FdAccess": { "path": "2f646174612f646174612f636f6d2e6b656a692e64616e74693634352f6c6f61646a61722f626f6f7461626c656d6f64756c652e6a6172", "id": "615411081" } }
W/DroidBox( 1097): DroidBox: { "FileRW": { "operation": "write", "data": "efbfbd1c05efbfbd55efbfbd5448efbfbdefbfbdefbfbd25efbfbd39efbfbd0defbfbdefbfbd46efbfbdefbfbd5b496b6aefbfbd5870efbfbdefbfbd174b5554efbfbd50efbfbd49efbfbd53d4aaefbfbdefbfbd15efbfbdefbfbd0aefbfbdefbfbdefbfbd4b1eefbfbdec899c313d683a252b6d0befbfbd744eefbfbdefbfbd79d497336c5b40111032efbfbdefbfbd144befbfbd0aefbfbd79efbfbdefbfbd31efbfbd20efbfbd3a6b", "id": "615411081" } }
W/dalvikvm( 1097): DroidBox: { "FdAccess": { "path": "2f646174612f646174612f636f6d2e6b656a692e64616e74693634352f6c6f61646a61722f626f6f7461626c656d6f64756c652e6a6172", "id": "792020052" } }
W/dalvikvm( 1097): DroidBox: { "FdAccess": { "path": "2f646174612f646174612f636f6d2e6b656a692e64616e74693634352f66696c65732f616e736572766572612e6462", "id": "1645893150" } }
W/DroidBox( 1097): DroidBox: { "FileRW": { "operation": "write", "data": "0346efbfbd483befbfbd39efbfbd61efbfbd6c4befbfbdefbfbd016f58efbfbd1fefbfbd4762cf98efbfbdefbfbd63efbfbd657eefbfbdefbfbdefbfbdc8b6efbfbd33efbfbdefbfbdefbfbd3fefbfbdefbfbd3aefbfbdefbfbd59efbfbdefbfbdefbfbd4c59efbfbd23efbfbd52d0b92873efbfbdefbfbd2aefbfbdefbfbd2befbfbdefbfbd63182774efbfbd1defbfbdefbfbd38efbfbd111defbfbdefbfbd511d19d083efbfbd1851efbfbdefbfbd3d7b1e43efbfbd", "id": "792020052" } }
W/DroidBox( 1097): DroidBox: { "FileRW": { "operation": "write", "data": "efbfbdefbfbd782971efbfbd16efbfbdefbfbd2e0befbfbdcba8efbfbdefbfbdefbfbd1cefbfbd64eaa0aeefbfbd4ccba9efbfbd6c35d598efbfbd60efbfbd6d132ecca11c6a71efbfbdefbfbd16efbfbd7cefbfbdefbfbd3b0defbfbdefbfbd543d11785717c6bdefbfbd1cefbfbdefbfbdefbfbdefbfbd2cefbfbdefbfbd18efbfbdefbfbd21efbfbdefbfbd084befbfbd63efbfbdefbfbdefbfbdefbfbd23efbfbd2defbfbd1e43efbfbd655befbfbd52efbfbd", "id": "1645893150" } }
W/dalvikvm( 1097): DroidBox: { "FdAccess": { "path": "2f646174612f646174612f636f6d2e6b656a692e64616e74693634352f6c6f61646a61722f626f6f7461626c656d6f64756c652e6a6172", "id": "1704504888" } }
W/dalvikvm( 1097): DroidBox: { "FdAccess": { "path": "2f646174612f646174612f636f6d2e6b656a692e64616e74693634352f66696c65732f616e736572766572612e6462", "id": "2135695366" } }
W/DroidBox( 1097): DroidBox: { "FileRW": { "operation": "write", "data": "15156532efbfbd22efbfbd5251513947efbfbd54efbfbd532a2befbfbd3a64efbfbdefbfbd7c0a56efbfbdefbfbddcab73471c5761efbfbd16efbfbdefbfbdc6b4efbfbdefbfbdc59c5f4aefbfbd251c2f237b19efbfbd3964efbfbd73441cefbfbd36efbfbdefbfbd78277a09efbfbd43efbfbd11efbfbd57efbfbd2b5defbfbd72efbfbd2e7867efbfbdefbfbd35efbfbd66efbfbdefbfbd451c3144", "id": "2135695366" } }
W/DroidBox( 1097): DroidBox: { "FileRW": { "operation": "write", "data": "613aefbfbd003e46efbfbd2b79733eefbfbdefbfbd08705d087d38442d451c3e1eefbfbd3913efbfbdefbfbdefbfbd5d3fefbfbd155d51efbfbdefbfbd5befbfbd0e75efbfbd22efbfbd3defbfbd0605efbfbdefbfbdefbfbdefbfbdefbfbdd1a6efbfbd0defbfbdefbfbd26396821efbfbd555c5b45efbfbd493b094a5d68403756632b7576506b1befbfbd6f27efbfbd1e1f71efbfbdefbfbd5470", "id": "1704504888" } }
W/dalvikvm( 1097): DroidBox: { "FdAccess": { "path": "2f646174612f646174612f636f6d2e6b656a692e64616e74693634352f6c6f61646a61722f626f6f7461626c656d6f64756c652e6a6172", "id": "2071608447" } }
W/DroidBox( 1097): DroidBox: { "FileRW": { "operation": "write", "data": "5aefbfbd4fefbfbd2c3a451f20efbfbdefbfbdefbfbd39efbfbdefbfbdefbfbd58efbfbd5a12efbfbd2defbfbdefbfbd502c34d781efbfbd2c0aefbfbd13efbfbd3869cab1efbfbdefbfbdcc9e02efbfbd28efbfbdefbfbd4defbfbdefbfbd6defbfbdefbfbd11eeb7936b1eefbfbdefbfbd216a3478efbfbd565befbfbdefbfbd461904454a692f1c3d7e38efbfbd7aefbfbdefbfbd1defbfbdefbfbd3befbfbd1befbfbdefbfbdefbfbd3fefbfbd4defbfbd", "id": "2071608447" } }
W/dalvikvm( 1097): DroidBox: { "FdAccess": { "path": "2f646174612f646174612f636f6d2e6b656a692e64616e74693634352f6c6f61646a61722f626f6f7461626c656d6f64756c652e6a6172", "id": "302263950" } }
W/DroidBox( 1097): DroidBox: { "FileRW": { "operation": "write", "data": "5735efbfbddca2efbfbdefbfbdefbfbd1aefbfbd6471efbfbd5c5fefbfbd4fefbfbd75efbfbd37efbfbdefbfbd74efbfbdefbfbdefbfbd26efbfbd205befbfbdefbfbd2ccfb5efbfbd1eefbfbd54536e5cefbfbd7eefbfbdefbfbd3befbfbdefbfbd35070defbfbd0eefbfbdefbfbdefbfbd5077efbfbdefbfbd6678efbfbd5fefbfbd60585f0eefbfbd61782a46295aefbfbd2defbfbd03efbfbd3054133a19efbfbdefbfbdefbfbd4e1637efbfbdefbfbdefbfbd14", "id": "302263950" } }
W/dalvikvm( 1097): DroidBox: { "FdAccess": { "path": "2f646174612f646174612f636f6d2e6b656a692e64616e74693634352f66696c65732f616e736572766572612e6462", "id": "731231447" } }
W/DroidBox( 1097): DroidBox: { "FileRW": { "operation": "write", "data": "efbfbdefbfbdefbfbd71efbfbd5cefbfbd39763362efbfbd2a163eefbfbd44efbfbdcfb712efbfbd33efbfbd6b100befbfbd58efbfbd422eca9f29efbfbdefbfbdefbfbddf88efbfbd7aefbfbdefbfbd0aefbfbdefbfbd1841efbfbd1befbfbd56efbfbd6576efbfbdefbfbdefbfbdefbfbdefbfbd6fc4b411efbfbdefbfbd474d2bc8b943efbfbd152befbfbd6fefbfbd4aefbfbd5befbfbd523c1befbfbdefbfbdefbfbdefbfbd14efbfbdcea32eefbfbd", "id": "731231447" } }
W/dalvikvm( 1097): DroidBox: { "FdAccess": { "path": "2f646174612f646174612f636f6d2e6b656a692e64616e74693634352f6c6f61646a61722f626f6f7461626c656d6f64756c652e6a6172", "id": "1911329476" } }
W/DroidBox( 1097): DroidBox: { "FileRW": { "operation": "write", "data": "40efbfbd55efbfbd0536660d533fefbfbd303fefbfbdefbfbd796defbfbdefbfbdefbfbdefbfbd56412b5defbfbd6c43ceabca80336b54040e640befbfbd7c5a37757befbfbd4eefbfbd5aefbfbd0b7a7adab21c69efbfbdefbfbdcca26d19efbfbdefbfbd63efbfbdefbfbdc39aefbfbd5fefbfbd5061efbfbdefbfbd1befbfbd3dcfb9efbfbd246fefbfbd35efbfbd4cefbfbd1164efbfbdefbfbdefbfbd53efbfbdefbfbd", "id": "1911329476" } }
W/dalvikvm( 1097): DroidBox: { "FdAccess": { "path": "2f646174612f646174612f636f6d2e6b656a692e64616e74693634352f66696c65732f616e736572766572612e6462", "id": "999504319" } }
W/DroidBox( 1097): DroidBox: { "FileRW": { "operation": "write", "data": "efbfbd2c4cefbfbd7fefbfbd7716efbfbd56efbfbdefbfbdefbfbdefbfbd401fefbfbdefbfbd07efbfbdefbfbd697161673cefbfbd5defbfbd32efbfbd17efbfbdefbfbd215eefbfbdefbfbdefbfbd21efbfbdefbfbdc59723365717efbfbd1cefbfbdefbfbdefbfbd0aefbfbdefbfbd29efbfbdefbfbd2b11efbfbdefbfbdefbfbd10efbfbdefbfbdefbfbd575cefbfbd7761efbfbd3defbfbdefbfbd3f4eefbfbdefbfbdefbfbd6fefbfbd77efbfbdefbfbdefbfbdefbfbd14efbfbd35efbfbd3d", "id": "999504319" } }
W/dalvikvm( 1097): DroidBox: { "FdAccess": { "path": "2f646174612f646174612f636f6d2e6b656a692e64616e74693634352f66696c65732f616e736572766572612e6462", "id": "757433337" } }
W/dalvikvm( 1097): DroidBox: { "FdAccess": { "path": "2f646174612f646174612f636f6d2e6b656a692e64616e74693634352f6c6f61646a61722f626f6f7461626c656d6f64756c652e6a6172", "id": "1339984336" } }
W/DroidBox( 1097): DroidBox: { "FileRW": { "operation": "write", "data": "3b6fefbfbd651f3eefbfbdefbfbd665fefbfbd67efbfbd02efbfbd1fefbfbd654b5036efbfbd5defbfbd256f5b76efbfbd39286f73efbfbdefbfbd6eefbfbdefbfbd685fefbfbdefbfbd27efbfbdefbfbd7defbfbd3c7b1d3e47efbfbdefbfbd3414efbfbd58efbfbd2b05efbfbd581f395fe5b39a7cefbfbdefbfbdefbfbd3cd594efbfbd3b3befbfbdefbfbdefbfbdefbfbd063defbfbd3f2a5eefbfbdd8b1efbfbdefbfbd73efbfbdefbfbdefbfbd", "id": "757433337" } }
W/DroidBox( 1097): DroidBox: { "FileRW": { "operation": "write", "data": "efbfbdefbfbd14efbfbd4cefbfbd72efbfbdefbfbd59efbfbd6f21efbfbd7b1e413cefbfbdefbfbdefbfbd4eefbfbd215719efbfbd2eefbfbd31efbfbd00efbfbdefbfbd2aefbfbd61efbfbdefbfbd5475efbfbdefbfbdefbfbd0fefbfbdefbfbd374507efbfbd5c7fefbfbd32024befbfbd4428efbfbdefbfbd3fefbfbdefbfbdefbfbdefbfbdefbfbd2344efbfbd5c0f1befbfbdefbfbd5eefbfbdefbfbdcd94efbfbd18463befbfbd5b78efbfbd273976efbfbdefbfbdefbfbd2040", "id": "1339984336" } }
W/dalvikvm( 1097): DroidBox: { "FdAccess": { "path": "2f646174612f646174612f636f6d2e6b656a692e64616e74693634352f66696c65732f616e736572766572612e6462", "id": "735149962" } }
W/DroidBox( 1097): DroidBox: { "FileRW": { "operation": "write", "data": "efbfbdefbfbdefbfbd1a6231efbfbd3fefbfbd140d261aefbfbd03efbfbd60efbfbd311eefbfbdefbfbd42efbfbd60efbfbdefbfbd186befbfbd6fefbfbd267cefbfbd602cefbfbdefbfbdefbfbd1befbfbdefbfbd465f2cefbfbd08efbfbd13efbfbd3710472b42efbfbdefbfbd68efbfbdefbfbdefbfbdefbfbd10efbfbdefbfbd47efbfbd0defbfbd064f3c180904efbfbdefbfbd442214efbfbd79efbfbdefbfbd01efbfbd37efbfbd6befbfbd3579efbfbd", "id": "735149962" } }
W/dalvikvm( 1097): DroidBox: { "FdAccess": { "path": "2f646174612f646174612f636f6d2e6b656a692e64616e74693634352f6c6f61646a61722f626f6f7461626c656d6f64756c652e6a6172", "id": "510880309" } }
W/DroidBox( 1097): DroidBox: { "FileRW": { "operation": "write", "data": "7defbfbdd7b723efbfbdefbfbd1b1c18efbfbd3fefbfbdefbfbdefbfbd16efbfbdefbfbd18656b6512efbfbd6c474befbfbd1e3a6a4c4fefbfbdefbfbd1d1ed1b3efbfbd68efbfbd6fefbfbdefbfbdefbfbd6fefbfbdefbfbd5e4317382bd2bf4e02cdb016efbfbd5befbfbdefbfbd5e04efbfbdefbfbdefbfbd07efbfbd3a78efbfbd1befbfbdefbfbd6fefbfbd10612b131e5defbfbdefbfbdefbfbdefbfbd37067b3befbfbdefbfbd3d3a1f", "id": "510880309" } }
W/dalvikvm( 1097): DroidBox: { "FdAccess": { "path": "2f646174612f646174612f636f6d2e6b656a692e64616e74693634352f66696c65732f616e736572766572612e6462", "id": "1405871892" } }
