D/InputEventConsistencyVerifier(  423):   5: sent at 120156000000, MotionEvent { action=ACTION_DOWN, id[0]=0, x[0]=77.0, y[0]=176.0, toolType[0]=TOOL_TYPE_UNKNOWN, buttonState=0, metaState=0, flags=0x80000000, edgeFlags=0x0, pointerCount=1, historySize=0, eventTime=120156, downTime=120153, deviceId=0, source=0x1002 }
I/Choreographer(  962): Skipped 45 frames!  The application may be doing too much work on its main thread.
D/InputEventConsistencyVerifier(  423): TouchEvent: ACTION_DOWN but pointers are already down.  Probably missing ACTION_UP from previous gesture.
D/InputEventConsistencyVerifier(  423):   in android.view.ScaleGestureDetector@b3f14e08
D/InputEventConsistencyVerifier(  423):   0: sent at 120556000000, MotionEvent { action=ACTION_DOWN, id[0]=0, x[0]=279.0, y[0]=172.0, toolType[0]=TOOL_TYPE_UNKNOWN, buttonState=0, metaState=0, flags=0x0, edgeFlags=0x0, pointerCount=1, historySize=0, eventTime=120556, downTime=120556, deviceId=0, source=0x1002 }
D/InputEventConsistencyVerifier(  423):   -- recent events --
D/InputEventConsistencyVerifier(  423):   1: sent at 120187313000, MotionEvent { action=ACTION_MOVE, id[0]=0, x[0]=80.61304, y[0]=155.52612, toolType[0]=TOOL_TYPE_UNKNOWN, id[1]=1, x[1]=380.0, y[1]=458.0, toolType[1]=TOOL_TYPE_UNKNOWN, buttonState=0, metaState=0, flags=0x0, edgeFlags=0x0, pointerCount=2, historySize=1, eventTime=120187, downTime=120153, deviceId=0, source=0x1002 }
D/InputEventConsistencyVerifier(  423):   2: sent at 120161000000, MotionEvent { action=ACTION_POINTER_DOWN(1), id[0]=0, x[0]=79.0, y[0]=171.0, toolType[0]=TOOL_TYPE_UNKNOWN, id[1]=1, x[1]=391.0, y[1]=472.0, toolType[1]=TOOL_TYPE_UNKNOWN, buttonState=0, metaState=0, flags=0x0, edgeFlags=0x0, pointerCount=2, historySize=0, eventTime=120161, downTime=120153, deviceId=0, source=0x1002 }
D/InputEventConsistencyVerifier(  423):   3: sent at 120156000000, MotionEvent { action=ACTION_DOWN, id[0]=0, x[0]=77.0, y[0]=176.0, toolType[0]=TOOL_TYPE_UNKNOWN, buttonState=0, metaState=0, flags=0x80000000, edgeFlags=0x0, pointerCount=1, historySize=0, eventTime=120156, downTime=120153, deviceId=0, source=0x1002 }
D/InputEventConsistencyVerifier(  423):   4: sent at 120079792720, MotionEvent { action=ACTION_MOVE, id[0]=0, x[0]=414.4943, y[0]=428.44873, toolType[0]=TOOL_TYPE_UNKNOWN, buttonState=0, metaState=0, flags=0x0, edgeFlags=0x0, pointerCount=1, historySize=2, eventTime=120079, downTime=120033, deviceId=0, source=0x1002 }
D/InputEventConsistencyVerifier(  423):   5: sent at 120035000000, MotionEvent { action=ACTION_DOWN, id[0]=0, x[0]=425.0, y[0]=464.0, toolType[0]=TOOL_TYPE_UNKNOWN, buttonState=0, metaState=0, flags=0x0, edgeFlags=0x0, pointerCount=1, historySize=0, eventTime=120035, downTime=120033, deviceId=0, source=0x1002 }
I/Choreographer(  423): Skipped 141 frames!  The application may be doing too much work on its main thread.
D/InputEventConsistencyVerifier(  423): KeyEvent: ACTION_UP but key was not down.
D/InputEventConsistencyVerifier(  423):   in com.android.systemui.statusbar.phone.StatusBarWindowView@b3e75248
D/InputEventConsistencyVerifier(  423):   0: sent at 121008000000, KeyEvent { action=ACTION_UP, keyCode=KEYCODE_DPAD_RIGHT, scanCode=0, metaState=0, flags=0x400, repeatCount=0, eventTime=121008, downTime=121008, deviceId=-1, source=0x101 }
D/InputEventConsistencyVerifier(  423):   -- recent events --
D/InputEventConsistencyVerifier(  423):   1: sent at 120944000000, (unhandled) MotionEvent { action=ACTION_MOVE, id[0]=0, x[0]=3.0, y[0]=1.0, toolType[0]=TOOL_TYPE_UNKNOWN, buttonState=0, metaState=0, flags=0x0, edgeFlags=0x0, pointerCount=1, historySize=9, eventTime=120944, downTime=-1, deviceId=0, source=0x10004 }
D/InputEventConsistencyVerifier(  423):   2: sent at 120756000000, MotionEvent { action=ACTION_UP, id[0]=0, x[0]=309.0, y[0]=674.0, toolType[0]=TOOL_TYPE_UNKNOWN, buttonState=0, metaState=0, flags=0x0, edgeFlags=0x0, pointerCount=1, historySize=0, eventTime=120756, downTime=120740, deviceId=0, source=0x1002 }
D/InputEventConsistencyVerifier(  423):   3: sent at 120750000000, MotionEvent { action=ACTION_MOVE, id[0]=0, x[0]=303.0, y[0]=678.0, toolType[0]=TOOL_TYPE_UNKNOWN, buttonState=0, metaState=0, flags=0x0, edgeFlags=0x0, pointerCount=1, historySize=0, eventTime=120750, downTime=120740, deviceId=0, source=0x1002 }
D/InputEventConsistencyVerifier(  423):   4: sent at 120743000000, MotionEvent { action=ACTION_DOWN, id[0]=0, x[0]=294.0, y[0]=682.0, toolType[0]=TOOL_TYPE_UNKNOWN, buttonState=0, metaState=0, flags=0x0, edgeFlags=0x0, pointerCount=1, historySize=0, eventTime=120743, downTime=120740, deviceId=0, source=0x1002 }
D/InputEventConsistencyVerifier(  423):   5: sent at 120633000000, MotionEvent { action=ACTION_UP, id[0]=0, x[0]=3.0, y[0]=709.0, toolType[0]=TOOL_TYPE_UNKNOWN, buttonState=0, metaState=0, flags=0x0, edgeFlags=0x0, pointerCount=1, historySize=0, eventTime=120633, downTime=120617, deviceId=0, source=0x1002 }
E/WVMExtractor(   62): Failed to open libwvm.so
D/InputEventConsistencyVerifier(  423): KeyEvent: ACTION_UP but key was not down.
D/InputEventConsistencyVerifier(  423):   in android.widget.FrameLayout@b3e94d98
D/InputEventConsistencyVerifier(  423):   0: sent at 121364000000, KeyEvent { action=ACTION_UP, keyCode=KEYCODE_DPAD_DOWN, scanCode=0, metaState=0, flags=0x8, repeatCount=0, eventTime=121364, downTime=121364, deviceId=-1, source=0x101 }
D/InputEventConsistencyVerifier(  423):   -- recent events --
D/InputEventConsistencyVerifier(  423):   1: sent at 120756000000, MotionEvent { action=ACTION_UP, id[0]=0, x[0]=309.0, y[0]=674.0, toolType[0]=TOOL_TYPE_UNKNOWN, buttonState=0, metaState=0, flags=0x0, edgeFlags=0x0, pointerCount=1, historySize=0, eventTime=120756, downTime=120740, deviceId=0, source=0x1002 }
D/InputEventConsistencyVerifier(  423):   2: sent at 120750000000, MotionEvent { action=ACTION_MOVE, id[0]=0, x[0]=303.0, y[0]=678.0, toolType[0]=TOOL_TYPE_UNKNOWN, buttonState=0, metaState=0, flags=0x0, edgeFlags=0x0, pointerCount=1, historySize=0, eventTime=120750, downTime=120740, deviceId=0, source=0x1002 }
D/InputEventConsistencyVerifier(  423):   3: sent at 120743000000, MotionEvent { action=ACTION_DOWN, id[0]=0, x[0]=294.0, y[0]=682.0, toolType[0]=TOOL_TYPE_UNKNOWN, buttonState=0, metaState=0, flags=0x0, edgeFlags=0x0, pointerCount=1, historySize=0, eventTime=120743, downTime=120740, deviceId=0, source=0x1002 }
D/InputEventConsistencyVerifier(  423):   4: sent at 120633000000, MotionEvent { action=ACTION_UP, id[0]=0, x[0]=3.0, y[0]=709.0, toolType[0]=TOOL_TYPE_UNKNOWN, buttonState=0, metaState=0, flags=0x0, edgeFlags=0x0, pointerCount=1, historySize=0, eventTime=120633, downTime=120617, deviceId=0, source=0x1002 }
D/InputEventConsistencyVerifier(  423):   5: sent at 120617000000, MotionEvent { action=ACTION_DOWN, id[0]=0, x[0]=0.0, y[0]=719.0, toolType[0]=TOOL_TYPE_UNKNOWN, buttonState=0, metaState=0, flags=0x0, edgeFlags=0x0, pointerCount=1, historySize=0, eventTime=120617, downTime=120617, deviceId=0, source=0x1002 }
D/InputEventConsistencyVerifier(  423): KeyEvent: ACTION_UP but key was not down.
D/InputEventConsistencyVerifier(  423):   in com.android.systemui.statusbar.phone.PhoneStatusBarView@b3e771e0
D/InputEventConsistencyVerifier(  423):   0: sent at 121400000000, KeyEvent { action=ACTION_UP, keyCode=KEYCODE_DPAD_UP, scanCode=0, metaState=0, flags=0x8, repeatCount=0, eventTime=121400, downTime=121400, deviceId=-1, source=0x101 }
D/InputEventConsistencyVerifier(  423):   -- recent events --
D/InputEventConsistencyVerifier(  423):   1: sent at 121320000000, (unhandled) KeyEvent { action=ACTION_DOWN, keyCode=KEYCODE_DPAD_DOWN, scanCode=0, metaState=0, flags=0x8, repeatCount=0, eventTime=121320, downTime=121320, deviceId=-1, source=0x101 }
D/InputEventConsistencyVerifier(  423):   2: sent at 121316000000, (unhandled) KeyEvent { action=ACTION_UP, keyCode=KEYCODE_KANA, scanCode=0, metaState=0, flags=0x8, repeatCount=0, eventTime=121316, downTime=121316, deviceId=-1, source=0x101 }
D/InputEventConsistencyVerifier(  423):   3: sent at 121296000000, (unhandled) KeyEvent { action=ACTION_DOWN, keyCode=KEYCODE_KANA, scanCode=0, metaState=0, flags=0x8, repeatCount=0, eventTime=121296, downTime=121296, deviceId=-1, source=0x101 }
D/InputEventConsistencyVerifier(  423):   4: sent at 121281000000, (unhandled) MotionEvent { action=ACTION_MOVE, id[0]=0, x[0]=1.0, y[0]=0.0, toolType[0]=TOOL_TYPE_UNKNOWN, buttonState=0, metaState=0, flags=0x0, edgeFlags=0x0, pointerCount=1, historySize=8, eventTime=121281, downTime=-1, deviceId=0, source=0x10004 }
D/InputEventConsistencyVerifier(  423):   5: sent at 121260000000, (unhandled) KeyEvent { action=ACTION_UP, keyCode=KEYCODE_DPAD_LEFT, scanCode=0, metaState=0, flags=0x400, repeatCount=0, eventTime=121260, downTime=121260, deviceId=-1, source=0x101 }
I/Choreographer(  962): Skipped 68 frames!  The application may be doing too much work on its main thread.
D/InputEventConsistencyVerifier(  423): KeyEvent: ACTION_UP but key was not down.
D/InputEventConsistencyVerifier(  423):   in com.android.systemui.statusbar.phone.StatusBarWindowView@b3e75248
D/InputEventConsistencyVerifier(  423):   0: sent at 121550000000, KeyEvent { action=ACTION_UP, keyCode=KEYCODE_DPAD_RIGHT, scanCode=0, metaState=0, flags=0x8, repeatCount=0, eventTime=121550, downTime=121550, deviceId=-1, source=0x101 }
D/InputEventConsistencyVerifier(  423):   -- recent events --
D/InputEventConsistencyVerifier(  423):   1: sent at 121475000000, MotionEvent { action=ACTION_UP, id[0]=0, x[0]=35.0, y[0]=3.0, toolType[0]=TOOL_TYPE_UNKNOWN, buttonState=0, metaState=0, flags=0x0, edgeFlags=0x0, pointerCount=1, historySize=0, eventTime=121475, downTime=121451, deviceId=0, source=0x1002 }
D/InputEventConsistencyVerifier(  423):   2: sent at 121452000000, MotionEvent { action=ACTION_DOWN, id[0]=0, x[0]=40.0, y[0]=6.0, toolType[0]=TOOL_TYPE_UNKNOWN, buttonState=0, metaState=0, flags=0x0, edgeFlags=0x0, pointerCount=1, historySize=0, eventTime=121452, downTime=121451, deviceId=0, source=0x1002 }
D/InputEventConsistencyVerifier(  423):   3: sent at 121400000000, (unhandled) KeyEvent { action=ACTION_UP, keyCode=KEYCODE_DPAD_UP, scanCode=0, metaState=0, flags=0x8, repeatCount=0, eventTime=121400, downTime=121400, deviceId=-1, source=0x101 }
D/InputEventConsistencyVerifier(  423):   4: sent at 121392000000, (unhandled) KeyEvent { action=ACTION_DOWN, keyCode=KEYCODE_DPAD_UP, scanCode=0, metaState=0, flags=0x8, repeatCount=0, eventTime=121392, downTime=121392, deviceId=-1, source=0x101 }
D/InputEventConsistencyVerifier(  423):   5: sent at 121387000000, (unhandled) KeyEvent { action=ACTION_UP, keyCode=KEYCODE_MENU, scanCode=0, metaState=0, flags=0x8, repeatCount=0, eventTime=121387, downTime=121387, deviceId=-1, source=0x101 }
I/Choreographer(  423): Skipped 91 frames!  The application may be doing too much work on its main thread.
D/InputEventConsistencyVerifier(  423): KeyEvent: ACTION_UP but key was not down.
D/InputEventConsistencyVerifier(  423):   in com.android.systemui.statusbar.phone.StatusBarWindowView@b3e75248
D/InputEventConsistencyVerifier(  423):   0: sent at 121993000000, KeyEvent { action=ACTION_UP, keyCode=KEYCODE_DPAD_DOWN, scanCode=0, metaState=0, flags=0x8, repeatCount=0, eventTime=121993, downTime=121993, deviceId=-1, source=0x101 }
D/InputEventConsistencyVerifier(  423):   -- recent events --
D/InputEventConsistencyVerifier(  423):   1: sent at 121880000000, MotionEvent { action=ACTION_UP, id[0]=0, x[0]=150.0, y[0]=268.0, toolType[0]=TOOL_TYPE_UNKNOWN, buttonState=0, metaState=0, flags=0x0, edgeFlags=0x0, pointerCount=1, historySize=0, eventTime=121880, downTime=121858, deviceId=0, source=0x1002 }
D/InputEventConsistencyVerifier(  423):   2: sent at 121879500000, MotionEvent { action=ACTION_MOVE, id[0]=0, x[0]=150.0, y[0]=268.0, toolType[0]=TOOL_TYPE_UNKNOWN, buttonState=0, metaState=0, flags=0x0, edgeFlags=0x0, pointerCount=1, historySize=3, eventTime=121879, downTime=121858, deviceId=0, source=0x1002 }
D/InputEventConsistencyVerifier(  423):   3: sent at 121859000000, MotionEvent { action=ACTION_DOWN, id[0]=0, x[0]=173.0, y[0]=252.0, toolType[0]=TOOL_TYPE_UNKNOWN, buttonState=0, metaState=0, flags=0x0, edgeFlags=0x0, pointerCount=1, historySize=0, eventTime=121859, downTime=121858, deviceId=0, source=0x1002 }
D/InputEventConsistencyVerifier(  423):   4: sent at 121851000000, (unhandled) KeyEvent { action=ACTION_UP, keyCode=KEYCODE_MENU, scanCode=0, metaState=0, flags=0x8, repeatCount=0, eventTime=121851, downTime=121851, deviceId=-1, source=0x101 }
D/InputEventConsistencyVerifier(  423):   5: sent at 121847000000, (unhandled) KeyEvent { action=ACTION_DOWN, keyCode=KEYCODE_MENU, scanCode=0, metaState=0, flags=0x8, repeatCount=0, eventTime=121847, downTime=121847, deviceId=-1, source=0x101 }
D/InputEventConsistencyVerifier(  423): TouchEvent: ACTION_DOWN but pointers are already down.  Probably missing ACTION_UP from previous gesture.
D/InputEventConsistencyVerifier(  423):   in android.view.ScaleGestureDetector@b3f14e08
D/InputEventConsistencyVerifier(  423):   0: sent at 122004000000, MotionEvent { action=ACTION_DOWN, id[0]=0, x[0]=363.0, y[0]=329.0, toolType[0]=TOOL_TYPE_UNKNOWN, buttonState=0, metaState=0, flags=0x0, edgeFlags=0x0, pointerCount=1, historySize=0, eventTime=122004, downTime=122004, deviceId=0, source=0x1002 }
D/InputEventConsistencyVerifier(  423):   -- recent events --
D/InputEventConsistencyVerifier(  423):   1: sent at 121879500000, MotionEvent { action=ACTION_MOVE, id[0]=0, x[0]=150.0, y[0]=268.0, toolType[0]=TOOL_TYPE_UNKNOWN, buttonState=0, metaState=0, flags=0x0, edgeFlags=0x0, pointerCount=1, historySize=3, eventTime=121879, downTime=121858, deviceId=0, source=0x1002 }
D/InputEventConsistencyVerifier(  423):   2: sent at 121859000000, MotionEvent { action=ACTION_DOWN, id[0]=0, x[0]=173.0, y[0]=252.0, toolType[0]=TOOL_TYPE_UNKNOWN, buttonState=0, metaState=0, flags=0x0, edgeFlags=0x0, pointerCount=1, historySize=0, eventTime=121859, downTime=121858, deviceId=0, source=0x1002 }
D/InputEventConsistencyVerifier(  423):   3: sent at 121475000000, MotionEvent { action=ACTION_UP, id[0]=0, x[0]=35.0, y[0]=3.0, toolType[0]=TOOL_TYPE_UNKNOWN, buttonState=0, metaState=0, flags=0x0, edgeFlags=0x0, pointerCount=1, historySize=0, eventTime=121475, downTime=121451, deviceId=0, source=0x1002 }
D/InputEventConsistencyVerifier(  423):   4: sent at 121452000000, MotionEvent { action=ACTION_DOWN, id[0]=0, x[0]=40.0, y[0]=6.0, toolType[0]=TOOL_TYPE_UNKNOWN, buttonState=0, metaState=0, flags=0x0, edgeFlags=0x0, pointerCount=1, historySize=0, eventTime=121452, downTime=121451, deviceId=0, source=0x1002 }
D/InputEventConsistencyVerifier(  423):   5: sent at 120756000000, MotionEvent { action=ACTION_UP, id[0]=0, x[0]=309.0, y[0]=674.0, toolType[0]=TOOL_TYPE_UNKNOWN, buttonState=0, metaState=0, flags=0x0, edgeFlags=0x0, pointerCount=1, historySize=0, eventTime=120756, downTime=120740, deviceId=0, source=0x1002 }
D/InputEventConsistencyVerifier(  423): KeyEvent: ACTION_UP but key was not down.
D/InputEventConsistencyVerifier(  423):   in com.android.systemui.statusbar.phone.StatusBarWindowView@b3e75248
D/InputEventConsistencyVerifier(  423):   0: sent at 122306000000, KeyEvent { action=ACTION_UP, keyCode=KEYCODE_DPAD_LEFT, scanCode=0, metaState=0, flags=0x8, repeatCount=0, eventTime=122306, downTime=122306, deviceId=-1, source=0x101 }
D/InputEventConsistencyVerifier(  423):   -- recent events --
D/InputEventConsistencyVerifier(  423):   1: sent at 122092000000, MotionEvent { action=ACTION_UP, id[0]=0, x[0]=20.0, y[0]=41.0, toolType[0]=TOOL_TYPE_UNKNOWN, buttonState=0, metaState=0, flags=0x0, edgeFlags=0x0, pointerCount=1, historySize=0, eventTime=122092, downTime=122066, deviceId=0, source=0x1002 }
D/InputEventConsistencyVerifier(  423):   2: sent at 122067000000, MotionEvent { action=ACTION_DOWN, id[0]=0, x[0]=29.0, y[0]=40.0, toolType[0]=TOOL_TYPE_UNKNOWN, buttonState=0, metaState=0, flags=0x0, edgeFlags=0x0, pointerCount=1, historySize=0, eventTime=122067, downTime=122066, deviceId=0, source=0x1002 }
D/InputEventConsistencyVerifier(  423):   3: sent at 122031000000, MotionEvent { action=ACTION_UP, id[0]=0, x[0]=467.0, y[0]=508.0, toolType[0]=TOOL_TYPE_UNKNOWN, buttonState=0, metaState=0, flags=0x0, edgeFlags=0x0, pointerCount=1, historySize=0, eventTime=122031, downTime=122025, deviceId=0, source=0x1002 }
D/InputEventConsistencyVerifier(  423):   4: sent at 122025000000, MotionEvent { action=ACTION_DOWN, id[0]=0, x[0]=455.0, y[0]=512.0, toolType[0]=TOOL_TYPE_UNKNOWN, buttonState=0, metaState=0, flags=0x0, edgeFlags=0x0, pointerCount=1, historySize=0, eventTime=122025, downTime=122025, deviceId=0, source=0x1002 }
D/InputEventConsistencyVerifier(  423):   5: sent at 122011000000, MotionEvent { action=ACTION_UP, id[0]=0, x[0]=362.0, y[0]=329.0, toolType[0]=TOOL_TYPE_UNKNOWN, buttonState=0, metaState=0, flags=0x0, edgeFlags=0x0, pointerCount=1, historySize=0, eventTime=122011, downTime=122004, deviceId=0, source=0x1002 }
I/Choreographer(  423): Skipped 89 frames!  The application may be doing too much work on its main thread.
D/InputEventConsistencyVerifier(  423): KeyEvent: ACTION_UP but key was not down.
D/InputEventConsistencyVerifier(  423):   in android.widget.FrameLayout@b3e94d98
D/InputEventConsistencyVerifier(  423):   0: sent at 122551000000, KeyEvent { action=ACTION_UP, keyCode=KEYCODE_DPAD_DOWN, scanCode=0, metaState=0, flags=0x8, repeatCount=0, eventTime=122551, downTime=122551, deviceId=-1, source=0x101 }
D/InputEventConsistencyVerifier(  423):   -- recent events --
D/InputEventConsistencyVerifier(  423):   1: sent at 122092000000, MotionEvent { action=ACTION_UP, id[0]=0, x[0]=20.0, y[0]=41.0, toolType[0]=TOOL_TYPE_UNKNOWN, buttonState=0, metaState=0, flags=0x0, edgeFlags=0x0, pointerCount=1, historySize=0, eventTime=122092, downTime=122066, deviceId=0, source=0x1002 }
D/InputEventConsistencyVerifier(  423):   2: sent at 122067000000, MotionEvent { action=ACTION_DOWN, id[0]=0, x[0]=29.0, y[0]=40.0, toolType[0]=TOOL_TYPE_UNKNOWN, buttonState=0, metaState=0, flags=0x0, edgeFlags=0x0, pointerCount=1, historySize=0, eventTime=122067, downTime=122066, deviceId=0, source=0x1002 }
D/InputEventConsistencyVerifier(  423):   3: sent at 122031000000, MotionEvent { action=ACTION_UP, id[0]=0, x[0]=467.0, y[0]=508.0, toolType[0]=TOOL_TYPE_UNKNOWN, buttonState=0, metaState=0, flags=0x0, edgeFlags=0x0, pointerCount=1, historySize=0, eventTime=122031, downTime=122025, deviceId=0, source=0x1002 }
D/InputEventConsistencyVerifier(  423):   4: sent at 122025000000, MotionEvent { action=ACTION_DOWN, id[0]=0, x[0]=455.0, y[0]=512.0, toolType[0]=TOOL_TYPE_UNKNOWN, buttonState=0, metaState=0, flags=0x0, edgeFlags=0x0, pointerCount=1, historySize=0, eventTime=122025, downTime=122025, deviceId=0, source=0x1002 }
D/InputEventConsistencyVerifier(  423):   5: sent at 122011000000, MotionEvent { action=ACTION_UP, id[0]=0, x[0]=362.0, y[0]=329.0, toolType[0]=TOOL_TYPE_UNKNOWN, buttonState=0, metaState=0, flags=0x0, edgeFlags=0x0, pointerCount=1, historySize=0, eventTime=122011, downTime=122004, deviceId=0, source=0x1002 }
D/InputEventConsistencyVerifier(  423): KeyEvent: ACTION_UP but key was not down.
D/InputEventConsistencyVerifier(  423):   in com.android.systemui.statusbar.phone.PhoneStatusBarView@b3e771e0
D/InputEventConsistencyVerifier(  423):   0: sent at 122763000000, KeyEvent { action=ACTION_UP, keyCode=KEYCODE_DPAD_UP, scanCode=0, metaState=0, flags=0x8, repeatCount=0, eventTime=122763, downTime=122763, deviceId=-1, source=0x101 }
D/InputEventConsistencyVerifier(  423):   -- recent events --
D/InputEventConsistencyVerifier(  423):   1: sent at 122546000000, (unhandled) KeyEvent { action=ACTION_DOWN, keyCode=KEYCODE_DPAD_DOWN, scanCode=0, metaState=0, flags=0x8, repeatCount=0, eventTime=122546, downTime=122546, deviceId=-1, source=0x101 }
D/InputEventConsistencyVerifier(  423):   2: sent at 122540000000, (unhandled) KeyEvent { action=ACTION_UP, keyCode=KEYCODE_DPAD_CENTER, scanCode=0, metaState=0, flags=0x8, repeatCount=0, eventTime=122540, downTime=122540, deviceId=-1, source=0x101 }
D/InputEventConsistencyVerifier(  423):   3: sent at 122535000000, (unhandled) KeyEvent { action=ACTION_DOWN, keyCode=KEYCODE_DPAD_CENTER, scanCode=0, metaState=0, flags=0x8, repeatCount=0, eventTime=122535, downTime=122535, deviceId=-1, source=0x101 }
D/InputEventConsistencyVerifier(  423):   4: sent at 122489000000, (unhandled) KeyEvent { action=ACTION_UP, keyCode=KEYCODE_MENU, scanCode=0, metaState=0, flags=0x8, repeatCount=0, eventTime=122489, downTime=122489, deviceId=-1, source=0x101 }
D/InputEventConsistencyVerifier(  423):   5: sent at 122473000000, (unhandled) KeyEvent { action=ACTION_DOWN, keyCode=KEYCODE_MENU, scanCode=0, metaState=0, flags=0x8, repeatCount=0, eventTime=122473, downTime=122473, deviceId=-1, source=0x101 }
I/Choreographer(  423): Skipped 46 frames!  The application may be doing too much work on its main thread.
D/InputEventConsistencyVerifier(  423): KeyEvent: ACTION_UP but key was not down.
D/InputEventConsistencyVerifier(  423):   in com.android.systemui.statusbar.phone.StatusBarWindowView@b3e75248
D/InputEventConsistencyVerifier(  423):   0: sent at 123150000000, KeyEvent { action=ACTION_UP, keyCode=KEYCODE_DPAD_RIGHT, scanCode=0, metaState=0, flags=0x8, repeatCount=0, eventTime=123150, downTime=123150, deviceId=-1, source=0x101 }
D/InputEventConsistencyVerifier(  423):   -- recent events --
D/InputEventConsistencyVerifier(  423):   1: sent at 123132000000, (unhandled) KeyEvent { action=ACTION_UP, keyCode=KEYCODE_MENU, scanCode=0, metaState=0, flags=0x8, repeatCount=0, eventTime=123132, downTime=123132, deviceId=-1, source=0x101 }
D/InputEventConsistencyVerifier(  423):   2: sent at 123031000000, (unhandled) KeyEvent { action=ACTION_DOWN, keyCode=KEYCODE_MENU, scanCode=0, metaState=0, flags=0x8, repeatCount=0, eventTime=123031, downTime=123031, deviceId=-1, source=0x101 }
D/InputEventConsistencyVerifier(  423):   3: sent at 123023000000, MotionEvent { action=ACTION_UP, id[0]=0, x[0]=61.0, y[0]=710.0, toolType[0]=TOOL_TYPE_UNKNOWN, buttonState=0, metaState=0, flags=0x0, edgeFlags=0x0, pointerCount=1, historySize=0, eventTime=123023, downTime=123000, deviceId=0, source=0x1002 }
D/InputEventConsistencyVerifier(  423):   4: sent at 123001000000, MotionEvent { action=ACTION_DOWN, id[0]=0, x[0]=48.0, y[0]=718.0, toolType[0]=TOOL_TYPE_UNKNOWN, buttonState=0, metaState=0, flags=0x0, edgeFlags=0x0, pointerCount=1, historySize=0, eventTime=123001, downTime=123000, deviceId=0, source=0x1002 }
D/InputEventConsistencyVerifier(  423):   5: sent at 122906000000, MotionEvent { action=ACTION_UP, id[0]=0, x[0]=49.0, y[0]=74.0, toolType[0]=TOOL_TYPE_UNKNOWN, buttonState=0, metaState=0, flags=0x0, edgeFlags=0x0, pointerCount=1, historySize=0, eventTime=122906, downTime=122886, deviceId=0, source=0x1002 }
I/Choreographer(  962): Skipped 48 frames!  The application may be doing too much work on its main thread.
D/InputEventConsistencyVerifier(  423): KeyEvent: ACTION_UP but key was not down.
D/InputEventConsistencyVerifier(  423):   in com.android.systemui.statusbar.phone.StatusBarWindowView@b3e75248
D/InputEventConsistencyVerifier(  423):   0: sent at 123435000000, KeyEvent { action=ACTION_UP, keyCode=KEYCODE_DPAD_DOWN, scanCode=0, metaState=0, flags=0x8, repeatCount=0, eventTime=123435, downTime=123435, deviceId=-1, source=0x101 }
D/InputEventConsistencyVerifier(  423):   -- recent events --
D/InputEventConsistencyVerifier(  423):   1: sent at 123321000000, MotionEvent { action=ACTION_UP, id[0]=0, x[0]=170.0, y[0]=703.0, toolType[0]=TOOL_TYPE_UNKNOWN, buttonState=0, metaState=0, flags=0x0, edgeFlags=0x0, pointerCount=1, historySize=0, eventTime=123321, downTime=123197, deviceId=0, source=0x1002 }
D/InputEventConsistencyVerifier(  423):   2: sent at 123241000000, MotionEvent { action=ACTION_MOVE, id[0]=0, x[0]=177.0, y[0]=704.0, toolType[0]=TOOL_TYPE_UNKNOWN, buttonState=0, metaState=0, flags=0x0, edgeFlags=0x0, pointerCount=1, historySize=4, eventTime=123241, downTime=123197, deviceId=0, source=0x1002 }
D/InputEventConsistencyVerifier(  423):   3: sent at 123217080890, MotionEvent { action=ACTION_MOVE, id[0]=0, x[0]=188.83403, y[0]=705.7085, toolType[0]=TOOL_TYPE_UNKNOWN, buttonState=0, metaState=0, flags=0x0, edgeFlags=0x0, pointerCount=1, historySize=1, eventTime=123217, downTime=123197, deviceId=0, source=0x1002 }
D/InputEventConsistencyVerifier(  423):   4: sent at 123199000000, MotionEvent { action=ACTION_DOWN, id[0]=0, x[0]=194.0, y[0]=707.0, toolType[0]=TOOL_TYPE_UNKNOWN, buttonState=0, metaState=0, flags=0x0, edgeFlags=0x0, pointerCount=1, historySize=0, eventTime=123199, downTime=123197, deviceId=0, source=0x1002 }
D/InputEventConsistencyVerifier(  423):   5: sent at 123182000000, (unhandled) KeyEvent { action=ACTION_UP, keyCode=KEYCODE_DPAD_CENTER, scanCode=0, metaState=0, flags=0x8, repeatCount=0, eventTime=123182, downTime=123182, deviceId=-1, source=0x101 }
I/Choreographer(  423): Skipped 39 frames!  The application may be doing too much work on its main thread.
D/InputEventConsistencyVerifier(  423): KeyEvent: ACTION_UP but key was not down.
D/InputEventConsistencyVerifier(  423):   in com.android.systemui.statusbar.phone.StatusBarWindowView@b3e75248
D/InputEventConsistencyVerifier(  423):   0: sent at 123678000000, KeyEvent { action=ACTION_UP, keyCode=KEYCODE_DPAD_RIGHT, scanCode=0, metaState=0, flags=0x400, repeatCount=0, eventTime=123678, downTime=123678, deviceId=-1, source=0x101 }
D/InputEventConsistencyVerifier(  423):   -- recent events --
D/InputEventConsistencyVerifier(  423):   1: sent at 123600000000, (unhandled) MotionEvent { action=ACTION_MOVE, id[0]=0, x[0]=3.0, y[0]=0.0, toolType[0]=TOOL_TYPE_UNKNOWN, buttonState=0, metaState=0, flags=0x0, edgeFlags=0x0, pointerCount=1, historySize=9, eventTime=123600, downTime=-1, deviceId=0, source=0x10004 }
D/InputEventConsistencyVerifier(  423):   2: sent at 123645000000, MotionEvent { action=ACTION_UP, id[0]=0, x[0]=134.0, y[0]=130.0, toolType[0]=TOOL_TYPE_UNKNOWN, buttonState=0, metaState=0, flags=0x0, edgeFlags=0x0, pointerCount=1, historySize=0, eventTime=123645, downTime=123629, deviceId=0, source=0x1002 }
D/InputEventConsistencyVerifier(  423):   3: sent at 123630000000, MotionEvent { action=ACTION_DOWN, id[0]=0, x[0]=132.0, y[0]=148.0, toolType[0]=TOOL_TYPE_UNKNOWN, buttonState=0, metaState=0, flags=0x0, edgeFlags=0x0, pointerCount=1, historySize=0, eventTime=123630, downTime=123629, deviceId=0, source=0x1002 }
D/InputEventConsistencyVerifier(  423):   4: sent at 123621000000, MotionEvent { action=ACTION_UP, id[0]=0, x[0]=218.0, y[0]=606.0, toolType[0]=TOOL_TYPE_UNKNOWN, buttonState=0, metaState=0, flags=0x0, edgeFlags=0x0, pointerCount=1, historySize=0, eventTime=123621, downTime=123606, deviceId=0, source=0x1002 }
D/InputEventConsistencyVerifier(  423):   5: sent at 123606000000, MotionEvent { action=ACTION_DOWN, id[0]=0, x[0]=208.0, y[0]=606.0, toolType[0]=TOOL_TYPE_UNKNOWN, buttonState=0, metaState=0, flags=0x0, edgeFlags=0x0, pointerCount=1, historySize=0, eventTime=123606, downTime=123606, deviceId=0, source=0x1002 }
I/ActivityManager(  228): START {act=android.intent.action.CALL_BUTTON flg=0x10000000 cmp=com.android.contacts/.activities.DialtactsActivity u=0} from pid 423
W/dalvikvm(  423): DroidBox: { "FdAccess": { "path": "2f70726f632f6d656d696e666f", "id": "464650872" } }
W/DroidBox(  423): DroidBox: { "FileRW": { "operation": "read", "data": "4d656d546f74616c3a202020202020202020373438393634206b420a4d656d467265653a20202020202020202020343436313038206b420a427566666572733a20202020202020202020202035333430206b420a4361636865643a202020202020202020", "id": "464650872" } }
I/Choreographer(  423): Skipped 48 frames!  The application may be doing too much work on its main thread.
I/ActivityManager(  228): Start proc com.android.music for broadcast com.android.music/.MediaButtonIntentReceiver: pid=1042 uid=10024 gids={3003, 1015, 1028}
W/dalvikvm(  423): DroidBox: { "FdAccess": { "path": "2f70726f632f6d656d696e666f", "id": "553995782" } }
W/DroidBox(  423): DroidBox: { "FileRW": { "operation": "read", "data": "4d656d546f74616c3a202020202020202020373438393634206b420a4d656d467265653a20202020202020202020343435353830206b420a427566666572733a20202020202020202020202035333430206b420a4361636865643a202020202020202020", "id": "553995782" } }
I/Choreographer(  962): Skipped 76 frames!  The application may be doing too much work on its main thread.
D/InputEventConsistencyVerifier(  423): TouchEvent: ACTION_DOWN but pointers are already down.  Probably missing ACTION_UP from previous gesture.
D/InputEventConsistencyVerifier(  423):   in android.view.ScaleGestureDetector@b3f14e08
D/InputEventConsistencyVerifier(  423):   0: sent at 124542000000, MotionEvent { action=ACTION_DOWN, id[0]=0, x[0]=214.0, y[0]=671.0, toolType[0]=TOOL_TYPE_UNKNOWN, buttonState=0, metaState=0, flags=0x0, edgeFlags=0x0, pointerCount=1, historySize=0, eventTime=124542, downTime=124528, deviceId=0, source=0x1002 }
D/InputEventConsistencyVerifier(  423):   -- recent events --
D/InputEventConsistencyVerifier(  423):   1: sent at 124472000000, MotionEvent { action=ACTION_MOVE, id[0]=0, x[0]=69.0, y[0]=709.0, toolType[0]=TOOL_TYPE_UNKNOWN, buttonState=0, metaState=0, flags=0x0, edgeFlags=0x0, pointerCount=1, historySize=0, eventTime=124472, downTime=124454, deviceId=0, source=0x1002 }
D/InputEventConsistencyVerifier(  423):   2: sent at 124455000000, MotionEvent { action=ACTION_DOWN, id[0]=0, x[0]=62.0, y[0]=722.0, toolType[0]=TOOL_TYPE_UNKNOWN, buttonState=0, metaState=0, flags=0x0, edgeFlags=0x0, pointerCount=1, historySize=0, eventTime=124455, downTime=124454, deviceId=0, source=0x1002 }
D/InputEventConsistencyVerifier(  423):   3: sent at 123645000000, MotionEvent { action=ACTION_UP, id[0]=0, x[0]=134.0, y[0]=130.0, toolType[0]=TOOL_TYPE_UNKNOWN, buttonState=0, metaState=0, flags=0x0, edgeFlags=0x0, pointerCount=1, historySize=0, eventTime=123645, downTime=123629, deviceId=0, source=0x1002 }
D/InputEventConsistencyVerifier(  423):   4: sent at 123630000000, MotionEvent { action=ACTION_DOWN, id[0]=0, x[0]=132.0, y[0]=148.0, toolType[0]=TOOL_TYPE_UNKNOWN, buttonState=0, metaState=0, flags=0x0, edgeFlags=0x0, pointerCount=1, historySize=0, eventTime=123630, downTime=123629, deviceId=0, source=0x1002 }
D/InputEventConsistencyVerifier(  423):   5: sent at 123621000000, MotionEvent { action=ACTION_UP, id[0]=0, x[0]=218.0, y[0]=606.0, toolType[0]=TOOL_TYPE_UNKNOWN, buttonState=0, metaState=0, flags=0x0, edgeFlags=0x0, pointerCount=1, historySize=0, eventTime=123621, downTime=123606, deviceId=0, source=0x1002 }
I/Choreographer(  423): Skipped 84 frames!  The application may be doing too much work on its main thread.
I/Choreographer(  423): Skipped 64 frames!  The application may be doing too much work on its main thread.
V/PhoneStatusBar(  423): setLightsOn(true)
D/PhoneStatusBar(  423): disable: < expand icons alerts ticker* system_info back home recent clock >
I/Choreographer(  962): Skipped 47 frames!  The application may be doing too much work on its main thread.
I/ActivityManager(  228): START {act=android.intent.action.CALL_BUTTON flg=0x10000000 cmp=com.android.contacts/.activities.DialtactsActivity u=0} from pid 962
E/WVMExtractor(   62): Failed to open libwvm.so
I/Choreographer(  962): Skipped 144 frames!  The application may be doing too much work on its main thread.
E/Trace   ( 1042): error opening trace file: No such file or directory (2)
E/WVMExtractor(   62): Failed to open libwvm.so
D/InputEventConsistencyVerifier(  423): TouchEvent: ACTION_DOWN but pointers are already down.  Probably missing ACTION_UP from previous gesture.
D/InputEventConsistencyVerifier(  423):   in android.view.ScaleGestureDetector@b3f14e08
D/InputEventConsistencyVerifier(  423):   0: sent at 126024000000, MotionEvent { action=ACTION_DOWN, id[0]=0, x[0]=335.0, y[0]=23.0, toolType[0]=TOOL_TYPE_UNKNOWN, buttonState=0, metaState=0, flags=0x0, edgeFlags=0x0, pointerCount=1, historySize=0, eventTime=126024, downTime=126000, deviceId=0, source=0x1002 }
D/InputEventConsistencyVerifier(  423):   -- recent events --
D/InputEventConsistencyVerifier(  423):   1: sent at 124542000000, MotionEvent { action=ACTION_DOWN, id[0]=0, x[0]=214.0, y[0]=671.0, toolType[0]=TOOL_TYPE_UNKNOWN, buttonState=0, metaState=0, flags=0x80000000, edgeFlags=0x0, pointerCount=1, historySize=0, eventTime=124542, downTime=124528, deviceId=0, source=0x1002 }
D/InputEventConsistencyVerifier(  423):   2: sent at 124472000000, MotionEvent { action=ACTION_MOVE, id[0]=0, x[0]=69.0, y[0]=709.0, toolType[0]=TOOL_TYPE_UNKNOWN, buttonState=0, metaState=0, flags=0x0, edgeFlags=0x0, pointerCount=1, historySize=0, eventTime=124472, downTime=124454, deviceId=0, source=0x1002 }
D/InputEventConsistencyVerifier(  423):   3: sent at 124455000000, MotionEvent { action=ACTION_DOWN, id[0]=0, x[0]=62.0, y[0]=722.0, toolType[0]=TOOL_TYPE_UNKNOWN, buttonState=0, metaState=0, flags=0x0, edgeFlags=0x0, pointerCount=1, historySize=0, eventTime=124455, downTime=124454, deviceId=0, source=0x1002 }
D/InputEventConsistencyVerifier(  423):   4: sent at 123645000000, MotionEvent { action=ACTION_UP, id[0]=0, x[0]=134.0, y[0]=130.0, toolType[0]=TOOL_TYPE_UNKNOWN, buttonState=0, metaState=0, flags=0x0, edgeFlags=0x0, pointerCount=1, historySize=0, eventTime=123645, downTime=123629, deviceId=0, source=0x1002 }
D/InputEventConsistencyVerifier(  423):   5: sent at 123630000000, MotionEvent { action=ACTION_DOWN, id[0]=0, x[0]=132.0, y[0]=148.0, toolType[0]=TOOL_TYPE_UNKNOWN, buttonState=0, metaState=0, flags=0x0, edgeFlags=0x0, pointerCount=1, historySize=0, eventTime=123630, downTime=123629, deviceId=0, source=0x1002 }
W/dalvikvm(  423): DroidBox: { "FdAccess": { "path": "2f70726f632f6d656d696e666f", "id": "1858594778" } }
W/DroidBox(  423): DroidBox: { "FileRW": { "operation": "read", "data": "4d656d546f74616c3a202020202020202020373438393634206b420a4d656d467265653a20202020202020202020343435333932206b420a427566666572733a20202020202020202020202035333434206b420a4361636865643a202020202020202020", "id": "1858594778" } }
I/Choreographer(  423): Skipped 32 frames!  The application may be doing too much work on its main thread.
I/Choreographer(  962): Skipped 41 frames!  The application may be doing too much work on its main thread.
W/DroidBox( 1042): DroidBox: { "DexClassLoader": { "path": "/system/app/Music.apk" } }
W/dalvikvm(  423): DroidBox: { "FdAccess": { "path": "2f70726f632f6d656d696e666f", "id": "1321514498" } }
W/DroidBox(  423): DroidBox: { "FileRW": { "operation": "read", "data": "4d656d546f74616c3a202020202020202020373438393634206b420a4d656d467265653a20202020202020202020343434383936206b420a427566666572733a20202020202020202020202035333438206b420a4361636865643a202020202020202020", "id": "1321514498" } }
I/Choreographer(  423): Skipped 70 frames!  The application may be doing too much work on its main thread.
D/InputEventConsistencyVerifier(  423): KeyEvent: ACTION_UP but key was not down.
D/InputEventConsistencyVerifier(  423):   in com.android.systemui.statusbar.phone.StatusBarWindowView@b3e75248
D/InputEventConsistencyVerifier(  423):   0: sent at 126509000000, KeyEvent { action=ACTION_UP, keyCode=KEYCODE_DPAD_UP, scanCode=0, metaState=0, flags=0x400, repeatCount=0, eventTime=126509, downTime=126509, deviceId=-1, source=0x101 }
D/InputEventConsistencyVerifier(  423):   -- recent events --
D/InputEventConsistencyVerifier(  423):   1: sent at 126430000000, (unhandled) MotionEvent { action=ACTION_MOVE, id[0]=0, x[0]=4.0, y[0]=-4.0, toolType[0]=TOOL_TYPE_UNKNOWN, buttonState=0, metaState=0, flags=0x0, edgeFlags=0x0, pointerCount=1, historySize=9, eventTime=126430, downTime=-1, deviceId=0, source=0x10004 }
D/InputEventConsistencyVerifier(  423):   2: sent at 126069000000, MotionEvent { action=ACTION_UP, id[0]=0, x[0]=376.0, y[0]=48.0, toolType[0]=TOOL_TYPE_UNKNOWN, buttonState=0, metaState=0, flags=0x0, edgeFlags=0x0, pointerCount=1, historySize=0, eventTime=126069, downTime=126000, deviceId=0, source=0x1002 }
D/InputEventConsistencyVerifier(  423):   3: sent at 126066000000, MotionEvent { action=ACTION_POINTER_UP(1), id[0]=0, x[0]=358.0, y[0]=39.0, toolType[0]=TOOL_TYPE_UNKNOWN, id[1]=1, x[1]=456.0, y[1]=43.0, toolType[1]=TOOL_TYPE_UNKNOWN, buttonState=0, metaState=0, flags=0x0, edgeFlags=0x0, pointerCount=2, historySize=0, eventTime=126066, downTime=126000, deviceId=0, source=0x1002 }
D/InputEventConsistencyVerifier(  423):   4: sent at 126063000000, MotionEvent { action=ACTION_MOVE, id[0]=0, x[0]=346.0, y[0]=38.0, toolType[0]=TOOL_TYPE_UNKNOWN, id[1]=1, x[1]=451.0, y[1]=45.0, toolType[1]=TOOL_TYPE_UNKNOWN, buttonState=0, metaState=0, flags=0x0, edgeFlags=0x0, pointerCount=2, historySize=0, eventTime=126063, downTime=126000, deviceId=0, source=0x1002 }
D/InputEventConsistencyVerifier(  423):   5: sent at 126054000000, MotionEvent { action=ACTION_POINTER_DOWN(1), id[0]=0, x[0]=344.0, y[0]=31.0, toolType[0]=TOOL_TYPE_UNKNOWN, id[1]=1, x[1]=437.0, y[1]=46.0, toolType[1]=TOOL_TYPE_UNKNOWN, buttonState=0, metaState=0, flags=0x0, edgeFlags=0x0, pointerCount=2, historySize=0, eventTime=126054, downTime=126000, deviceId=0, source=0x1002 }
D/InputEventConsistencyVerifier(  962): TrackballEvent: Trackball is down but pressure is not greater than 0.
D/InputEventConsistencyVerifier(  962):   in android.view.ViewRootImpl@b3e36e08
D/InputEventConsistencyVerifier(  962):   0: sent at 126324000000, MotionEvent { action=ACTION_DOWN, id[0]=0, x[0]=0.0, y[0]=0.0, toolType[0]=TOOL_TYPE_UNKNOWN, buttonState=0, metaState=0, flags=0x0, edgeFlags=0x0, pointerCount=1, historySize=0, eventTime=126324, downTime=126145, deviceId=0, source=0x10004 }
D/InputEventConsistencyVerifier(  962):   -- recent events --
D/InputEventConsistencyVerifier(  962):   1: sent at 126310000000, MotionEvent { action=ACTION_MOVE, id[0]=0, x[0]=-1.0, y[0]=-1.0, toolType[0]=TOOL_TYPE_UNKNOWN, buttonState=0, metaState=0, flags=0x0, edgeFlags=0x0, pointerCount=1, historySize=7, eventTime=126310, downTime=-1, deviceId=0, source=0x10004 }
D/InputEventConsistencyVerifier(  962):   2: sent at 126289000000, KeyEvent { action=ACTION_UP, keyCode=KEYCODE_DPAD_UP, scanCode=0, metaState=0, flags=0x400, repeatCount=0, eventTime=126289, downTime=126289, deviceId=-1, source=0x101 }
D/InputEventConsistencyVerifier(  962):   3: sent at 126289000000, KeyEvent { action=ACTION_DOWN, keyCode=KEYCODE_DPAD_UP, scanCode=0, metaState=0, flags=0x400, repeatCount=0, eventTime=126289, downTime=126289, deviceId=-1, source=0x101 }
D/InputEventConsistencyVerifier(  962):   4: sent at 126288000000, KeyEvent { action=ACTION_UP, keyCode=KEYCODE_DPAD_UP, scanCode=0, metaState=0, flags=0x400, repeatCount=0, eventTime=126288, downTime=126288, deviceId=-1, source=0x101 }
D/InputEventConsistencyVerifier(  962):   5: sent at 126288000000, KeyEvent { action=ACTION_DOWN, keyCode=KEYCODE_DPAD_UP, scanCode=0, metaState=0, flags=0x400, repeatCount=0, eventTime=126288, downTime=126288, deviceId=-1, source=0x101 }
D/InputEventConsistencyVerifier(  962): TrackballEvent: Invalid action ACTION_CANCEL for trackball event.
D/InputEventConsistencyVerifier(  962):   Trackball is down but pressure is not greater than 0.
D/InputEventConsistencyVerifier(  962):   in android.view.ViewRootImpl@b3e36e08
D/InputEventConsistencyVerifier(  962):   0: sent at 126340392112, MotionEvent { action=ACTION_CANCEL, id[0]=0, x[0]=0.0, y[0]=0.0, toolType[0]=TOOL_TYPE_UNKNOWN, buttonState=0, metaState=0, flags=0x0, edgeFlags=0x0, pointerCount=1, historySize=0, eventTime=126340, downTime=126145, deviceId=0, source=0x10004 }
D/InputEventConsistencyVerifier(  962):   -- recent events --
D/InputEventConsistencyVerifier(  962):   1: sent at 126600000000, KeyEvent { action=ACTION_DOWN, keyCode=KEYCODE_DPAD_CENTER, scanCode=0, metaState=0, flags=0x400, repeatCount=0, eventTime=126600, downTime=126600, deviceId=-1, source=0x101 }
D/InputEventConsistencyVerifier(  962):   2: sent at 126324000000, MotionEvent { action=ACTION_DOWN, id[0]=0, x[0]=0.0, y[0]=0.0, toolType[0]=TOOL_TYPE_UNKNOWN, buttonState=0, metaState=0, flags=0x80000000, edgeFlags=0x0, pointerCount=1, historySize=0, eventTime=126324, downTime=126145, deviceId=0, source=0x10004 }
D/InputEventConsistencyVerifier(  962):   3: sent at 126310000000, MotionEvent { action=ACTION_MOVE, id[0]=0, x[0]=-1.0, y[0]=-1.0, toolType[0]=TOOL_TYPE_UNKNOWN, buttonState=0, metaState=0, flags=0x0, edgeFlags=0x0, pointerCount=1, historySize=7, eventTime=126310, downTime=-1, deviceId=0, source=0x10004 }
D/InputEventConsistencyVerifier(  962):   4: sent at 126289000000, KeyEvent { action=ACTION_UP, keyCode=KEYCODE_DPAD_UP, scanCode=0, metaState=0, flags=0x400, repeatCount=0, eventTime=126289, downTime=126289, deviceId=-1, source=0x101 }
D/InputEventConsistencyVerifier(  962):   5: sent at 126289000000, KeyEvent { action=ACTION_DOWN, keyCode=KEYCODE_DPAD_UP, scanCode=0, metaState=0, flags=0x400, repeatCount=0, eventTime=126289, downTime=126289, deviceId=-1, source=0x101 }
W/dalvikvm(  423): DroidBox: { "FdAccess": { "path": "2f70726f632f6d656d696e666f", "id": "612161385" } }
W/DroidBox(  423): DroidBox: { "FileRW": { "operation": "read", "data": "4d656d546f74616c3a202020202020202020373438393634206b420a4d656d467265653a20202020202020202020343434373732206b420a427566666572733a20202020202020202020202035333438206b420a4361636865643a202020202020202020", "id": "612161385" } }
I/Choreographer(  962): Skipped 31 frames!  The application may be doing too much work on its main thread.
D/InputEventConsistencyVerifier(  423): KeyEvent: ACTION_UP but key was not down.
D/InputEventConsistencyVerifier(  423):   in android.widget.FrameLayout@b3e94d98
D/InputEventConsistencyVerifier(  423):   0: sent at 126717000000, KeyEvent { action=ACTION_UP, keyCode=KEYCODE_DPAD_DOWN, scanCode=0, metaState=0, flags=0x8, repeatCount=0, eventTime=126717, downTime=126717, deviceId=-1, source=0x101 }
D/InputEventConsistencyVerifier(  423):   -- recent events --
D/InputEventConsistencyVerifier(  423):   1: sent at 124474000000, MotionEvent { action=ACTION_UP, id[0]=0, x[0]=72.0, y[0]=701.0, toolType[0]=TOOL_TYPE_UNKNOWN, buttonState=0, metaState=0, flags=0x0, edgeFlags=0x0, pointerCount=1, historySize=0, eventTime=124474, downTime=124454, deviceId=0, source=0x1002 }
D/InputEventConsistencyVerifier(  423):   2: sent at 124472000000, MotionEvent { action=ACTION_MOVE, id[0]=0, x[0]=69.0, y[0]=709.0, toolType[0]=TOOL_TYPE_UNKNOWN, buttonState=0, metaState=0, flags=0x0, edgeFlags=0x0, pointerCount=1, historySize=0, eventTime=124472, downTime=124454, deviceId=0, source=0x1002 }
D/InputEventConsistencyVerifier(  423):   3: sent at 124455000000, MotionEvent { action=ACTION_DOWN, id[0]=0, x[0]=62.0, y[0]=722.0, toolType[0]=TOOL_TYPE_UNKNOWN, buttonState=0, metaState=0, flags=0x0, edgeFlags=0x0, pointerCount=1, historySize=0, eventTime=124455, downTime=124454, deviceId=0, source=0x1002 }
D/InputEventConsistencyVerifier(  423):   4: sent at 123645000000, MotionEvent { action=ACTION_UP, id[0]=0, x[0]=134.0, y[0]=130.0, toolType[0]=TOOL_TYPE_UNKNOWN, buttonState=0, metaState=0, flags=0x0, edgeFlags=0x0, pointerCount=1, historySize=0, eventTime=123645, downTime=123629, deviceId=0, source=0x1002 }
D/InputEventConsistencyVerifier(  423):   5: sent at 123630000000, MotionEvent { action=ACTION_DOWN, id[0]=0, x[0]=132.0, y[0]=148.0, toolType[0]=TOOL_TYPE_UNKNOWN, buttonState=0, metaState=0, flags=0x0, edgeFlags=0x0, pointerCount=1, historySize=0, eventTime=123630, downTime=123629, deviceId=0, source=0x1002 }
V/PhoneStatusBar(  423): setLightsOn(true)
I/Choreographer(  423): Skipped 62 frames!  The application may be doing too much work on its main thread.
D/PhoneStatusBar(  423): disable: < expand icons alerts TICKER* system_info back home recent clock >
W/dalvikvm(  423): DroidBox: { "FdAccess": { "path": "2f70726f632f6d656d696e666f", "id": "1371006339" } }
W/DroidBox(  423): DroidBox: { "FileRW": { "operation": "read", "data": "4d656d546f74616c3a202020202020202020373438393634206b420a4d656d467265653a20202020202020202020343434363438206b420a427566666572733a20202020202020202020202035333438206b420a4361636865643a202020202020202020", "id": "1371006339" } }
I/ActivityManager(  228): START {act=android.intent.action.MAIN cat=[android.intent.category.HOME] flg=0x10200000 cmp=com.android.launcher/com.android.launcher2.Launcher u=0} from pid 228
D/InputEventConsistencyVerifier(  423): KeyEvent: ACTION_UP but key was not down.
D/InputEventConsistencyVerifier(  423):   in com.android.systemui.statusbar.phone.StatusBarWindowView@b3e75248
D/InputEventConsistencyVerifier(  423):   0: sent at 126981000000, KeyEvent { action=ACTION_UP, keyCode=KEYCODE_DPAD_RIGHT, scanCode=0, metaState=0, flags=0x8, repeatCount=0, eventTime=126981, downTime=126981, deviceId=-1, source=0x101 }
D/InputEventConsistencyVerifier(  423):   -- recent events --
D/InputEventConsistencyVerifier(  423):   1: sent at 126717000000, (unhandled) KeyEvent { action=ACTION_UP, keyCode=KEYCODE_DPAD_DOWN, scanCode=0, metaState=0, flags=0x8, repeatCount=0, eventTime=126717, downTime=126717, deviceId=-1, source=0x101 }
D/InputEventConsistencyVerifier(  423):   2: sent at 126713000000, (unhandled) KeyEvent { action=ACTION_DOWN, keyCode=KEYCODE_DPAD_DOWN, scanCode=0, metaState=0, flags=0x8, repeatCount=0, eventTime=126713, downTime=126713, deviceId=-1, source=0x101 }
D/InputEventConsistencyVerifier(  423):   3: sent at 126668000000, (unhandled) KeyEvent { action=ACTION_UP, keyCode=KEYCODE_DPAD_UP, scanCode=0, metaState=0, flags=0x8, repeatCount=0, eventTime=126668, downTime=126668, deviceId=-1, source=0x101 }
D/InputEventConsistencyVerifier(  423):   4: sent at 126651000000, (unhandled) KeyEvent { action=ACTION_DOWN, keyCode=KEYCODE_DPAD_UP, scanCode=0, metaState=0, flags=0x8, repeatCount=0, eventTime=126651, downTime=126651, deviceId=-1, source=0x101 }
D/InputEventConsistencyVerifier(  423):   5: sent at 126579000000, (unhandled) KeyEvent { action=ACTION_UP, keyCode=KEYCODE_DPAD_UP, scanCode=0, metaState=0, flags=0x8, repeatCount=0, eventTime=126579, downTime=126579, deviceId=-1, source=0x101 }
I/Choreographer(  423): Skipped 87 frames!  The application may be doing too much work on its main thread.
I/Choreographer(  962): Skipped 34 frames!  The application may be doing too much work on its main thread.
W/DroidBox( 1042): DroidBox: { "ServiceStart": { "name": "com.android.music.MediaPlaybackService" } }
W/DroidBox( 1042): DroidBox: { "ServiceStart": { "name": "com.android.music.MediaPlaybackService" } }
I/InputDispatcher(  228): Dropped event because of pending overdue app switch.
W/InputManager(  228): Input event injection from pid 943 failed.
W/dalvikvm(  423): DroidBox: { "FdAccess": { "path": "2f70726f632f6d656d696e666f", "id": "534200258" } }
W/DroidBox(  423): DroidBox: { "FileRW": { "operation": "read", "data": "4d656d546f74616c3a202020202020202020373438393634206b420a4d656d467265653a20202020202020202020343432353438206b420a427566666572733a20202020202020202020202035333438206b420a4361636865643a202020202020202020", "id": "534200258" } }
I/Choreographer(  962): Skipped 36 frames!  The application may be doing too much work on its main thread.
I/Choreographer(  962): Skipped 48 frames!  The application may be doing too much work on its main thread.
I/Choreographer(  423): Skipped 118 frames!  The application may be doing too much work on its main thread.
I/ActivityManager(  228): START {act=android.intent.action.MAIN cat=[android.intent.category.LAUNCHER] flg=0x10200000 cmp=com.jx.theme.n398397726/com.jx.MainActivity u=0} from pid 943
D/InputEventConsistencyVerifier(  423): KeyEvent: ACTION_UP but key was not down.
D/InputEventConsistencyVerifier(  423):   in android.view.ViewRootImpl@b3f06bb8
D/InputEventConsistencyVerifier(  423):   0: sent at 127542000000, KeyEvent { action=ACTION_UP, keyCode=KEYCODE_VOLUME_DOWN, scanCode=0, metaState=0, flags=0x8, repeatCount=0, eventTime=127542, downTime=127542, deviceId=-1, source=0x101 }
D/InputEventConsistencyVerifier(  423):   -- recent events --
D/InputEventConsistencyVerifier(  423):   1: sent at 127929000000, KeyEvent { action=ACTION_UP, keyCode=KEYCODE_DPAD_LEFT, scanCode=0, metaState=0, flags=0x400, repeatCount=0, eventTime=127929, downTime=127929, deviceId=-1, source=0x101 }
D/InputEventConsistencyVerifier(  423):   2: sent at 127929000000, KeyEvent { action=ACTION_DOWN, keyCode=KEYCODE_DPAD_LEFT, scanCode=0, metaState=0, flags=0x400, repeatCount=0, eventTime=127929, downTime=127929, deviceId=-1, source=0x101 }
D/InputEventConsistencyVerifier(  423):   3: sent at 127928000000, KeyEvent { action=ACTION_UP, keyCode=KEYCODE_DPAD_LEFT, scanCode=0, metaState=0, flags=0x400, repeatCount=0, eventTime=127928, downTime=127928, deviceId=-1, source=0x101 }
D/InputEventConsistencyVerifier(  423):   4: sent at 127928000000, KeyEvent { action=ACTION_DOWN, keyCode=KEYCODE_DPAD_LEFT, scanCode=0, metaState=0, flags=0x400, repeatCount=0, eventTime=127928, downTime=127928, deviceId=-1, source=0x101 }
D/InputEventConsistencyVerifier(  423):   5: sent at 127928000000, KeyEvent { action=ACTION_UP, keyCode=KEYCODE_DPAD_LEFT, scanCode=0, metaState=0, flags=0x400, repeatCount=0, eventTime=127928, downTime=127928, deviceId=-1, source=0x101 }
W/dalvikvm(  423): DroidBox: { "FdAccess": { "path": "2f70726f632f6d656d696e666f", "id": "162895930" } }
W/DroidBox(  423): DroidBox: { "FileRW": { "operation": "read", "data": "4d656d546f74616c3a202020202020202020373438393634206b420a4d656d467265653a20202020202020202020343432343234206b420a427566666572733a20202020202020202020202035333438206b420a4361636865643a202020202020202020", "id": "162895930" } }
D/InputEventConsistencyVerifier(  423): KeyEvent: ACTION_UP but key was not down.
D/InputEventConsistencyVerifier(  423):   in android.widget.FrameLayout@b3e94d98
