I/Choreographer(  999): Skipped 30 frames!  The application may be doing too much work on its main thread.
E/WVMExtractor(   61): Failed to open libwvm.so
E/WVMExtractor(   61): Failed to open libwvm.so
E/WVMExtractor(   61): Failed to open libwvm.so
I/Choreographer(  999): Skipped 34 frames!  The application may be doing too much work on its main thread.
I/ActivityManager(  224): START {act=android.intent.action.MAIN cat=[android.intent.category.HOME] flg=0x10200000 cmp=com.android.launcher/com.android.launcher2.Launcher u=0} from pid 224
E/WVMExtractor(   61): Failed to open libwvm.so
D/InputEventConsistencyVerifier(  999): TrackballEvent: Trackball is down but pressure is not greater than 0.
D/InputEventConsistencyVerifier(  999):   in android.view.ViewRootImpl@b3e19c98
D/InputEventConsistencyVerifier(  999):   0: sent at 116267000000, MotionEvent { action=ACTION_DOWN, id[0]=0, x[0]=0.0, y[0]=0.0, toolType[0]=TOOL_TYPE_UNKNOWN, buttonState=0, metaState=0, flags=0x0, edgeFlags=0x0, pointerCount=1, historySize=0, eventTime=116267, downTime=116155, deviceId=0, source=0x10004 }
D/InputEventConsistencyVerifier(  999):   -- recent events --
D/InputEventConsistencyVerifier(  999):   1: sent at 116460000000, KeyEvent { action=ACTION_UP, keyCode=KEYCODE_DPAD_DOWN, scanCode=0, metaState=0, flags=0x400, repeatCount=0, eventTime=116460, downTime=116460, deviceId=-1, source=0x101 }
D/InputEventConsistencyVerifier(  999):   2: sent at 116460000000, KeyEvent { action=ACTION_DOWN, keyCode=KEYCODE_DPAD_DOWN, scanCode=0, metaState=0, flags=0x400, repeatCount=0, eventTime=116460, downTime=116460, deviceId=-1, source=0x101 }
D/InputEventConsistencyVerifier(  999):   3: sent at 116460000000, KeyEvent { action=ACTION_UP, keyCode=KEYCODE_DPAD_DOWN, scanCode=0, metaState=0, flags=0x400, repeatCount=0, eventTime=116460, downTime=116460, deviceId=-1, source=0x101 }
D/InputEventConsistencyVerifier(  999):   4: sent at 116460000000, KeyEvent { action=ACTION_DOWN, keyCode=KEYCODE_DPAD_DOWN, scanCode=0, metaState=0, flags=0x400, repeatCount=0, eventTime=116460, downTime=116460, deviceId=-1, source=0x101 }
D/InputEventConsistencyVerifier(  999):   5: sent at 116459000000, KeyEvent { action=ACTION_UP, keyCode=KEYCODE_DPAD_DOWN, scanCode=0, metaState=0, flags=0x400, repeatCount=0, eventTime=116459, downTime=116459, deviceId=-1, source=0x101 }
I/Choreographer(  999): Skipped 102 frames!  The application may be doing too much work on its main thread.
E/WVMExtractor(   61): Failed to open libwvm.so
I/        (  999): limit: 10
I/        (  999): (currenttime-getAlertTime)/1000 = 10
I/        (  999): 24 * 3600 = 86400
I/        (  999): : doTimerGetConfigList: 7200
I/        (  999): : doTimerGetAlertList: 120
I/        (  999): : doTimerGetSoftList: 300
I/        (  999): : 14400
I/Choreographer(  999): Skipped 110 frames!  The application may be doing too much work on its main thread.
W/InputMethodManagerService(  224): Window already focused, ignoring focus gain of: com.android.internal.view.IInputMethodClient$Stub$Proxy@b3e74550 attribute=null
I/Choreographer(  999): Skipped 76 frames!  The application may be doing too much work on its main thread.
E/WVMExtractor(   61): Failed to open libwvm.so
I/Choreographer(  999): Skipped 37 frames!  The application may be doing too much work on its main thread.
E/WVMExtractor(   61): Failed to open libwvm.so
E/WVMExtractor(   61): Failed to open libwvm.so
E/WVMExtractor(   61): Failed to open libwvm.so
E/WVMExtractor(   61): Failed to open libwvm.so
I/Choreographer(  999): Skipped 31 frames!  The application may be doing too much work on its main thread.
I/ActivityManager(  224): START {act=android.intent.action.MAIN cat=[android.intent.category.LAUNCHER] flg=0x10000000 cmp=com.android.browser/.BrowserActivity sel={act=android.intent.action.MAIN cat=[android.intent.category.APP_BROWSER]} u=0} from pid 224
D/InputEventConsistencyVerifier(  999): KeyEvent: ACTION_UP but key was not down.
D/InputEventConsistencyVerifier(  999):   in android.view.ViewRootImpl@b3f42c08
D/InputEventConsistencyVerifier(  999):   0: sent at 119298000000, KeyEvent { action=ACTION_UP, keyCode=KEYCODE_EXPLORER, scanCode=0, metaState=0, flags=0x8, repeatCount=0, eventTime=119298, downTime=119298, deviceId=-1, source=0x101 }
D/InputEventConsistencyVerifier(  999):   -- recent events --
D/InputEventConsistencyVerifier(  999):   1: sent at 119077000000, KeyEvent { action=ACTION_UP, keyCode=KEYCODE_DPAD_RIGHT, scanCode=0, metaState=0, flags=0x8, repeatCount=0, eventTime=119077, downTime=119077, deviceId=-1, source=0x101 }
D/InputEventConsistencyVerifier(  999):   2: sent at 118989000000, KeyEvent { action=ACTION_DOWN, keyCode=KEYCODE_DPAD_RIGHT, scanCode=0, metaState=0, flags=0x8, repeatCount=0, eventTime=118989, downTime=118989, deviceId=-1, source=0x101 }
E/WVMExtractor(   61): Failed to open libwvm.so
I/Choreographer(  999): Skipped 124 frames!  The application may be doing too much work on its main thread.
E/WVMExtractor(   61): Failed to open libwvm.so
I/Choreographer(  999): Skipped 95 frames!  The application may be doing too much work on its main thread.
E/WVMExtractor(   61): Failed to open libwvm.so
I/Choreographer(  999): Skipped 52 frames!  The application may be doing too much work on its main thread.
W/InputMethodManagerService(  224): Window already focused, ignoring focus gain of: com.android.internal.view.IInputMethodClient$Stub$Proxy@b400fb60 attribute=null
I/Choreographer(  999): Skipped 45 frames!  The application may be doing too much work on its main thread.
E/WVMExtractor(   61): Failed to open libwvm.so
I/Choreographer(  999): Skipped 59 frames!  The application may be doing too much work on its main thread.
I/Choreographer(  999): Skipped 76 frames!  The application may be doing too much work on its main thread.
W/InputManager(  224): Input event injection from pid 981 failed.
E/WVMExtractor(   61): Failed to open libwvm.so
W/InputMethodManagerService(  224): Window already focused, ignoring focus gain of: com.android.internal.view.IInputMethodClient$Stub$Proxy@b3f15ac0 attribute=null
E/WVMExtractor(   61): Failed to open libwvm.so
E/WVMExtractor(   61): Failed to open libwvm.so
E/WVMExtractor(   61): Failed to open libwvm.so
E/WVMExtractor(   61): Failed to open libwvm.so
E/WVMExtractor(   61): Failed to open libwvm.so
I/Choreographer(  999): Skipped 36 frames!  The application may be doing too much work on its main thread.
E/WVMExtractor(   61): Failed to open libwvm.so
E/WVMExtractor(   61): Failed to open libwvm.so
I/Choreographer(  999): Skipped 35 frames!  The application may be doing too much work on its main thread.
E/WVMExtractor(   61): Failed to open libwvm.so
E/WVMExtractor(   61): Failed to open libwvm.so
I/Choreographer(  999): Skipped 61 frames!  The application may be doing too much work on its main thread.
E/WVMExtractor(   61): Failed to open libwvm.so
I/Choreographer(  999): Skipped 40 frames!  The application may be doing too much work on its main thread.
E/WVMExtractor(   61): Failed to open libwvm.so
I/Choreographer(  999): Skipped 103 frames!  The application may be doing too much work on its main thread.
W/dalvikvm(  981): DroidBox: { "FdAccess": { "path": "2f6465762f696e7075742f6576656e7430", "id": "931758586" } }
W/DroidBox(  981): DroidBox: { "FileRW": { "operation": "write", "data": "7f060000efbfbd3901000500000001000000", "id": "931758586" } }
I/ActivityManager(  224): START {act=android.intent.action.MAIN cat=[android.intent.category.LAUNCHER] flg=0x10200000 cmp=qlg.dghjuegq.oqcuecrhs/owc.AqPqL.UAoSjbFFk21 u=0} from pid 981
I/Choreographer(  999): Skipped 129 frames!  The application may be doing too much work on its main thread.
D/ExchangeService(  819): Received deviceId from Email app: androidc1412937439
D/ExchangeService(  819): Reconciling accounts...
W/InputManager(  224): Input event injection from pid 981 failed.
I/Choreographer(  999): Skipped 88 frames!  The application may be doing too much work on its main thread.
E/WVMExtractor(   61): Failed to open libwvm.so
W/InputMethodManagerService(  224): Window already focused, ignoring focus gain of: com.android.internal.view.IInputMethodClient$Stub$Proxy@b40cdaf0 attribute=null
E/WVMExtractor(   61): Failed to open libwvm.so
I/Choreographer(  999): Skipped 112 frames!  The application may be doing too much work on its main thread.
I/ActivityManager(  224): No longer want com.android.provision (pid 551): hidden #16
E/WVMExtractor(   61): Failed to open libwvm.so
I/Choreographer(  999): Skipped 38 frames!  The application may be doing too much work on its main thread.
E/WVMExtractor(   61): Failed to open libwvm.so
I/        (  999): limit: 10
I/        (  999): (currenttime-getAlertTime)/1000 = 20
I/        (  999): 24 * 3600 = 86400
I/        (  999): : doTimerGetConfigList: 7200
I/        (  999): : doTimerGetAlertList: 120
I/        (  999): : doTimerGetSoftList: 300
I/        (  999): : 14400
D/InputEventConsistencyVerifier(  999): TrackballEvent: Trackball is down but pressure is not greater than 0.
D/InputEventConsistencyVerifier(  999):   in android.view.ViewRootImpl@b3e403f8
D/InputEventConsistencyVerifier(  999):   0: sent at 127016000000, MotionEvent { action=ACTION_DOWN, id[0]=0, x[0]=0.0, y[0]=0.0, toolType[0]=TOOL_TYPE_UNKNOWN, buttonState=0, metaState=0, flags=0x0, edgeFlags=0x0, pointerCount=1, historySize=0, eventTime=127016, downTime=126865, deviceId=0, source=0x10004 }
D/InputEventConsistencyVerifier(  999):   -- recent events --
D/InputEventConsistencyVerifier(  999):   1: sent at 127104000000, KeyEvent { action=ACTION_UP, keyCode=KEYCODE_DPAD_LEFT, scanCode=0, metaState=0, flags=0x400, repeatCount=0, eventTime=127104, downTime=127104, deviceId=-1, source=0x101 }
D/InputEventConsistencyVerifier(  999):   2: sent at 127104000000, KeyEvent { action=ACTION_DOWN, keyCode=KEYCODE_DPAD_LEFT, scanCode=0, metaState=0, flags=0x400, repeatCount=0, eventTime=127104, downTime=127104, deviceId=-1, source=0x101 }
D/InputEventConsistencyVerifier(  999):   3: sent at 127102000000, KeyEvent { action=ACTION_UP, keyCode=KEYCODE_DPAD_LEFT, scanCode=0, metaState=0, flags=0x400, repeatCount=0, eventTime=127102, downTime=127102, deviceId=-1, source=0x101 }
D/InputEventConsistencyVerifier(  999):   4: sent at 127102000000, KeyEvent { action=ACTION_DOWN, keyCode=KEYCODE_DPAD_LEFT, scanCode=0, metaState=0, flags=0x400, repeatCount=0, eventTime=127102, downTime=127102, deviceId=-1, source=0x101 }
D/InputEventConsistencyVerifier(  999):   5: sent at 127013000000, MotionEvent { action=ACTION_MOVE, id[0]=0, x[0]=-2.0, y[0]=0.0, toolType[0]=TOOL_TYPE_UNKNOWN, buttonState=0, metaState=0, flags=0x0, edgeFlags=0x0, pointerCount=1, historySize=19, eventTime=127013, downTime=-1, deviceId=0, source=0x10004 }
I/Choreographer(  999): Skipped 127 frames!  The application may be doing too much work on its main thread.
E/WVMExtractor(   61): Failed to open libwvm.so
W/dalvikvm(  414): DroidBox: { "FdAccess": { "path": "2f70726f632f6d656d696e666f", "id": "1512541732" } }
W/DroidBox(  414): DroidBox: { "FileRW": { "operation": "read", "data": "4d656d546f74616c3a202020202020202020373438393634206b420a4d656d467265653a20202020202020202020343531323936206b420a427566666572733a20202020202020202020202035363034206b420a4361636865643a202020202020202020", "id": "1512541732" } }
D/InputEventConsistencyVerifier(  999): TouchEvent: ACTION_DOWN but pointers are already down.  Probably missing ACTION_UP from previous gesture.
D/InputEventConsistencyVerifier(  999):   in com.android.internal.policy.impl.PhoneWindow$DecorView@b3dfbdb8
D/InputEventConsistencyVerifier(  999):   0: sent at 127361000000, MotionEvent { action=ACTION_DOWN, id[0]=0, x[0]=365.0, y[0]=-345.0, toolType[0]=TOOL_TYPE_UNKNOWN, buttonState=0, metaState=0, flags=0x0, edgeFlags=0x0, pointerCount=1, historySize=0, eventTime=127361, downTime=127360, deviceId=0, source=0x1002 }
D/InputEventConsistencyVerifier(  999):   -- recent events --
D/InputEventConsistencyVerifier(  999):   1: sent at 127341000000, (unhandled) KeyEvent { action=ACTION_UP, keyCode=KEYCODE_DPAD_UP, scanCode=0, metaState=0, flags=0x400, repeatCount=0, eventTime=127341, downTime=127341, deviceId=-1, source=0x101 }
D/InputEventConsistencyVerifier(  999):   2: sent at 127341000000, (unhandled) KeyEvent { action=ACTION_DOWN, keyCode=KEYCODE_DPAD_UP, scanCode=0, metaState=0, flags=0x400, repeatCount=0, eventTime=127341, downTime=127341, deviceId=-1, source=0x101 }
D/InputEventConsistencyVerifier(  999):   3: sent at 127340000000, (unhandled) KeyEvent { action=ACTION_UP, keyCode=KEYCODE_DPAD_UP, scanCode=0, metaState=0, flags=0x400, repeatCount=0, eventTime=127340, downTime=127340, deviceId=-1, source=0x101 }
D/InputEventConsistencyVerifier(  999):   4: sent at 127340000000, (unhandled) KeyEvent { action=ACTION_DOWN, keyCode=KEYCODE_DPAD_UP, scanCode=0, metaState=0, flags=0x400, repeatCount=0, eventTime=127340, downTime=127340, deviceId=-1, source=0x101 }
D/InputEventConsistencyVerifier(  999):   5: sent at 127310000000, (unhandled) KeyEvent { action=ACTION_UP, keyCode=KEYCODE_DPAD_UP, scanCode=0, metaState=0, flags=0x400, repeatCount=0, eventTime=127310, downTime=127310, deviceId=-1, source=0x101 }
W/dalvikvm(  414): DroidBox: { "FdAccess": { "path": "2f70726f632f6d656d696e666f", "id": "1627747552" } }
W/DroidBox(  414): DroidBox: { "FileRW": { "operation": "read", "data": "4d656d546f74616c3a202020202020202020373438393634206b420a4d656d467265653a20202020202020202020343531323936206b420a427566666572733a20202020202020202020202035363034206b420a4361636865643a202020202020202020", "id": "1627747552" } }
I/Choreographer(  414): Skipped 47 frames!  The application may be doing too much work on its main thread.
W/dalvikvm(  414): DroidBox: { "FdAccess": { "path": "2f70726f632f6d656d696e666f", "id": "498830383" } }
I/Choreographer(  999): Skipped 63 frames!  The application may be doing too much work on its main thread.
W/DroidBox(  414): DroidBox: { "FileRW": { "operation": "read", "data": "4d656d546f74616c3a202020202020202020373438393634206b420a4d656d467265653a20202020202020202020343439353630206b420a427566666572733a20202020202020202020202035363034206b420a4361636865643a202020202020202020", "id": "498830383" } }
D/InputEventConsistencyVerifier(  414): KeyEvent: ACTION_UP but key was not down.
D/InputEventConsistencyVerifier(  414):   in com.android.systemui.statusbar.phone.StatusBarWindowView@b3db51d8
D/InputEventConsistencyVerifier(  414):   0: sent at 127654000000, KeyEvent { action=ACTION_UP, keyCode=KEYCODE_DPAD_DOWN, scanCode=0, metaState=0, flags=0x8, repeatCount=0, eventTime=127654, downTime=127654, deviceId=-1, source=0x101 }
D/InputEventConsistencyVerifier(  414):   -- recent events --
D/InputEventConsistencyVerifier(  414):   1: sent at 127487000000, (unhandled) KeyEvent { action=ACTION_UP, keyCode=KEYCODE_MENU, scanCode=0, metaState=0, flags=0x8, repeatCount=0, eventTime=127487, downTime=127487, deviceId=-1, source=0x101 }
D/InputEventConsistencyVerifier(  414):   2: sent at 127385000000, (unhandled) KeyEvent { action=ACTION_DOWN, keyCode=KEYCODE_MENU, scanCode=0, metaState=0, flags=0x8, repeatCount=0, eventTime=127385, downTime=127385, deviceId=-1, source=0x101 }
D/InputEventConsistencyVerifier(  414):   3: sent at 127267000000, MotionEvent { action=ACTION_UP, id[0]=0, x[0]=480.0, y[0]=74.0, toolType[0]=TOOL_TYPE_UNKNOWN, buttonState=0, metaState=0, flags=0x0, edgeFlags=0x0, pointerCount=1, historySize=0, eventTime=127267, downTime=127233, deviceId=0, source=0x1002 }
D/InputEventConsistencyVerifier(  414):   4: sent at 127265000000, MotionEvent { action=ACTION_MOVE, id[0]=0, x[0]=480.0, y[0]=67.0, toolType[0]=TOOL_TYPE_UNKNOWN, buttonState=0, metaState=0, flags=0x0, edgeFlags=0x0, pointerCount=1, historySize=5, eventTime=127265, downTime=127233, deviceId=0, source=0x1002 }
D/InputEventConsistencyVerifier(  414):   5: sent at 127235000000, MotionEvent { action=ACTION_DOWN, id[0]=0, x[0]=452.0, y[0]=11.0, toolType[0]=TOOL_TYPE_UNKNOWN, buttonState=0, metaState=0, flags=0x0, edgeFlags=0x0, pointerCount=1, historySize=0, eventTime=127235, downTime=127233, deviceId=0, source=0x1002 }
I/Choreographer(  414): Skipped 87 frames!  The application may be doing too much work on its main thread.
W/dalvikvm(  414): DroidBox: { "FdAccess": { "path": "2f70726f632f6d656d696e666f", "id": "1048388354" } }
W/DroidBox(  414): DroidBox: { "FileRW": { "operation": "read", "data": "4d656d546f74616c3a202020202020202020373438393634206b420a4d656d467265653a20202020202020202020343439353630206b420a427566666572733a20202020202020202020202035363034206b420a4361636865643a202020202020202020", "id": "1048388354" } }
V/PhoneStatusBar(  414): setLightsOn(true)
I/Choreographer(  414): Skipped 40 frames!  The application may be doing too much work on its main thread.
D/PhoneStatusBar(  414): disable: < expand icons alerts TICKER* system_info back home recent clock >
W/dalvikvm(  414): DroidBox: { "FdAccess": { "path": "2f70726f632f6d656d696e666f", "id": "93314223" } }
W/DroidBox(  414): DroidBox: { "FileRW": { "operation": "read", "data": "4d656d546f74616c3a202020202020202020373438393634206b420a4d656d467265653a20202020202020202020343438303732206b420a427566666572733a20202020202020202020202035363034206b420a4361636865643a202020202020202020", "id": "93314223" } }
I/Choreographer(  999): Skipped 44 frames!  The application may be doing too much work on its main thread.
I/Choreographer(  999): Skipped 32 frames!  The application may be doing too much work on its main thread.
I/Choreographer(  414): Skipped 98 frames!  The application may be doing too much work on its main thread.
W/dalvikvm(  414): DroidBox: { "FdAccess": { "path": "2f70726f632f6d656d696e666f", "id": "1271647426" } }
W/DroidBox(  414): DroidBox: { "FileRW": { "operation": "read", "data": "4d656d546f74616c3a202020202020202020373438393634206b420a4d656d467265653a20202020202020202020343436353834206b420a427566666572733a20202020202020202020202035363034206b420a4361636865643a202020202020202020", "id": "1271647426" } }
I/Choreographer(  414): Skipped 33 frames!  The application may be doing too much work on its main thread.
D/InputEventConsistencyVerifier(  414): KeyEvent: ACTION_UP but key was not down.
D/InputEventConsistencyVerifier(  414):   in com.android.systemui.statusbar.phone.StatusBarWindowView@b3db51d8
D/InputEventConsistencyVerifier(  414):   0: sent at 128507000000, KeyEvent { action=ACTION_UP, keyCode=KEYCODE_DPAD_DOWN, scanCode=0, metaState=0, flags=0x8, repeatCount=0, eventTime=128507, downTime=128507, deviceId=-1, source=0x101 }
D/InputEventConsistencyVerifier(  414):   -- recent events --
D/InputEventConsistencyVerifier(  414):   1: sent at 127979000000, (unhandled) KeyEvent { action=ACTION_UP, keyCode=KEYCODE_VOLUME_UP, scanCode=0, metaState=0, flags=0x8, repeatCount=0, eventTime=127979, downTime=127979, deviceId=-1, source=0x101 }
D/InputEventConsistencyVerifier(  414):   2: sent at 127766000000, (unhandled) KeyEvent { action=ACTION_DOWN, keyCode=KEYCODE_VOLUME_UP, scanCode=0, metaState=0, flags=0x8, repeatCount=0, eventTime=127766, downTime=127766, deviceId=-1, source=0x101 }
D/InputEventConsistencyVerifier(  414):   3: sent at 127654000000, (unhandled) KeyEvent { action=ACTION_UP, keyCode=KEYCODE_DPAD_DOWN, scanCode=0, metaState=0, flags=0x80000008, repeatCount=0, eventTime=127654, downTime=127654, deviceId=-1, source=0x101 }
D/InputEventConsistencyVerifier(  414):   4: sent at 127487000000, (unhandled) KeyEvent { action=ACTION_UP, keyCode=KEYCODE_MENU, scanCode=0, metaState=0, flags=0x8, repeatCount=0, eventTime=127487, downTime=127487, deviceId=-1, source=0x101 }
D/InputEventConsistencyVerifier(  414):   5: sent at 127385000000, (unhandled) KeyEvent { action=ACTION_DOWN, keyCode=KEYCODE_MENU, scanCode=0, metaState=0, flags=0x8, repeatCount=0, eventTime=127385, downTime=127385, deviceId=-1, source=0x101 }
I/Choreographer(  414): Skipped 40 frames!  The application may be doing too much work on its main thread.
I/Choreographer(  999): Skipped 49 frames!  The application may be doing too much work on its main thread.
W/BackupManagerService(  224): dataChanged but no participant pkg='com.android.providers.settings' uid=1001
D/InputEventConsistencyVerifier(  414): KeyEvent: ACTION_UP but key was not down.
D/InputEventConsistencyVerifier(  414):   in com.android.systemui.statusbar.phone.StatusBarWindowView@b3db51d8
D/InputEventConsistencyVerifier(  414):   0: sent at 129336000000, KeyEvent { action=ACTION_UP, keyCode=KEYCODE_DPAD_UP, scanCode=0, metaState=0, flags=0x8, repeatCount=0, eventTime=129336, downTime=129336, deviceId=-1, source=0x101 }
D/InputEventConsistencyVerifier(  414):   -- recent events --
D/InputEventConsistencyVerifier(  414):   1: sent at 128977000000, (unhandled) KeyEvent { action=ACTION_UP, keyCode=KEYCODE_CAMERA, scanCode=0, metaState=0, flags=0x8, repeatCount=0, eventTime=128977, downTime=128977, deviceId=-1, source=0x101 }
D/InputEventConsistencyVerifier(  414):   2: sent at 128851000000, (unhandled) KeyEvent { action=ACTION_DOWN, keyCode=KEYCODE_CAMERA, scanCode=0, metaState=0, flags=0x8, repeatCount=0, eventTime=128851, downTime=128851, deviceId=-1, source=0x101 }
D/InputEventConsistencyVerifier(  414):   3: sent at 128844000000, MotionEvent { action=ACTION_UP, id[0]=0, x[0]=249.0, y[0]=401.0, toolType[0]=TOOL_TYPE_UNKNOWN, buttonState=0, metaState=0, flags=0x0, edgeFlags=0x0, pointerCount=1, historySize=0, eventTime=128844, downTime=128802, deviceId=0, source=0x1002 }
D/InputEventConsistencyVerifier(  414):   4: sent at 128803000000, MotionEvent { action=ACTION_DOWN, id[0]=0, x[0]=252.0, y[0]=407.0, toolType[0]=TOOL_TYPE_UNKNOWN, buttonState=0, metaState=0, flags=0x0, edgeFlags=0x0, pointerCount=1, historySize=0, eventTime=128803, downTime=128802, deviceId=0, source=0x1002 }
D/InputEventConsistencyVerifier(  414):   5: sent at 128697000000, (unhandled) KeyEvent { action=ACTION_UP, keyCode=KEYCODE_DPAD_LEFT, scanCode=0, metaState=0, flags=0x8, repeatCount=0, eventTime=128697, downTime=128697, deviceId=-1, source=0x101 }
I/Choreographer(  999): Skipped 60 frames!  The application may be doing too much work on its main thread.
I/Choreographer(  414): Skipped 36 frames!  The application may be doing too much work on its main thread.
D/InputEventConsistencyVerifier(  414): KeyEvent: ACTION_UP but key was not down.
D/InputEventConsistencyVerifier(  414):   in com.android.systemui.statusbar.phone.StatusBarWindowView@b3db51d8
D/InputEventConsistencyVerifier(  414):   0: sent at 129654000000, KeyEvent { action=ACTION_UP, keyCode=KEYCODE_DPAD_UP, scanCode=0, metaState=0, flags=0x400, repeatCount=0, eventTime=129654, downTime=129654, deviceId=-1, source=0x101 }
D/InputEventConsistencyVerifier(  414):   -- recent events --
D/InputEventConsistencyVerifier(  414):   1: sent at 129636000000, (unhandled) MotionEvent { action=ACTION_MOVE, id[0]=0, x[0]=-2.0, y[0]=-4.0, toolType[0]=TOOL_TYPE_UNKNOWN, buttonState=0, metaState=0, flags=0x0, edgeFlags=0x0, pointerCount=1, historySize=5, eventTime=129636, downTime=-1, deviceId=0, source=0x10004 }
D/InputEventConsistencyVerifier(  414):   2: sent at 129497000000, MotionEvent { action=ACTION_UP, id[0]=0, x[0]=140.0, y[0]=726.0, toolType[0]=TOOL_TYPE_UNKNOWN, buttonState=0, metaState=0, flags=0x0, edgeFlags=0x0, pointerCount=1, historySize=0, eventTime=129497, downTime=129484, deviceId=0, source=0x1002 }
D/InputEventConsistencyVerifier(  414):   3: sent at 129495000000, MotionEvent { action=ACTION_MOVE, id[0]=0, x[0]=147.0, y[0]=715.0, toolType[0]=TOOL_TYPE_UNKNOWN, buttonState=0, metaState=0, flags=0x0, edgeFlags=0x0, pointerCount=1, historySize=1, eventTime=129495, downTime=129484, deviceId=0, source=0x1002 }
D/InputEventConsistencyVerifier(  414):   4: sent at 129485000000, MotionEvent { action=ACTION_DOWN, id[0]=0, x[0]=162.0, y[0]=700.0, toolType[0]=TOOL_TYPE_UNKNOWN, buttonState=0, metaState=0, flags=0x0, edgeFlags=0x0, pointerCount=1, historySize=0, eventTime=129485, downTime=129484, deviceId=0, source=0x1002 }
D/InputEventConsistencyVerifier(  414):   5: sent at 129474000000, (unhandled) KeyEvent { action=ACTION_UP, keyCode=KEYCODE_DPAD_CENTER, scanCode=0, metaState=0, flags=0x8, repeatCount=0, eventTime=129474, downTime=129474, deviceId=-1, source=0x101 }
D/InputEventConsistencyVerifier(  414): KeyEvent: ACTION_UP but key was not down.
D/InputEventConsistencyVerifier(  414):   in android.widget.FrameLayout@b3dd4d28
D/InputEventConsistencyVerifier(  414):   0: sent at 129781000000, KeyEvent { action=ACTION_UP, keyCode=KEYCODE_DPAD_DOWN, scanCode=0, metaState=0, flags=0x400, repeatCount=0, eventTime=129781, downTime=129781, deviceId=-1, source=0x101 }
D/InputEventConsistencyVerifier(  414):   -- recent events --
D/InputEventConsistencyVerifier(  414):   1: sent at 129497000000, MotionEvent { action=ACTION_UP, id[0]=0, x[0]=140.0, y[0]=726.0, toolType[0]=TOOL_TYPE_UNKNOWN, buttonState=0, metaState=0, flags=0x0, edgeFlags=0x0, pointerCount=1, historySize=0, eventTime=129497, downTime=129484, deviceId=0, source=0x1002 }
D/InputEventConsistencyVerifier(  414):   2: sent at 129495000000, MotionEvent { action=ACTION_MOVE, id[0]=0, x[0]=147.0, y[0]=715.0, toolType[0]=TOOL_TYPE_UNKNOWN, buttonState=0, metaState=0, flags=0x0, edgeFlags=0x0, pointerCount=1, historySize=1, eventTime=129495, downTime=129484, deviceId=0, source=0x1002 }
D/InputEventConsistencyVerifier(  414):   3: sent at 129485000000, MotionEvent { action=ACTION_DOWN, id[0]=0, x[0]=162.0, y[0]=700.0, toolType[0]=TOOL_TYPE_UNKNOWN, buttonState=0, metaState=0, flags=0x0, edgeFlags=0x0, pointerCount=1, historySize=0, eventTime=129485, downTime=129484, deviceId=0, source=0x1002 }
D/InputEventConsistencyVerifier(  414):   4: sent at 128844000000, MotionEvent { action=ACTION_UP, id[0]=0, x[0]=249.0, y[0]=401.0, toolType[0]=TOOL_TYPE_UNKNOWN, buttonState=0, metaState=0, flags=0x0, edgeFlags=0x0, pointerCount=1, historySize=0, eventTime=128844, downTime=128802, deviceId=0, source=0x1002 }
D/InputEventConsistencyVerifier(  414):   5: sent at 128803000000, MotionEvent { action=ACTION_DOWN, id[0]=0, x[0]=252.0, y[0]=407.0, toolType[0]=TOOL_TYPE_UNKNOWN, buttonState=0, metaState=0, flags=0x0, edgeFlags=0x0, pointerCount=1, historySize=0, eventTime=128803, downTime=128802, deviceId=0, source=0x1002 }
D/InputEventConsistencyVerifier(  414): TouchEvent: ACTION_DOWN but pointers are already down.  Probably missing ACTION_UP from previous gesture.
D/InputEventConsistencyVerifier(  414):   in android.view.ScaleGestureDetector@b3e54c18
D/InputEventConsistencyVerifier(  414):   0: sent at 129937000000, MotionEvent { action=ACTION_DOWN, id[0]=0, x[0]=316.0, y[0]=446.0, toolType[0]=TOOL_TYPE_UNKNOWN, buttonState=0, metaState=0, flags=0x0, edgeFlags=0x0, pointerCount=1, historySize=0, eventTime=129937, downTime=129937, deviceId=0, source=0x1002 }
D/InputEventConsistencyVerifier(  414):   -- recent events --
D/InputEventConsistencyVerifier(  414):   1: sent at 129495000000, MotionEvent { action=ACTION_MOVE, id[0]=0, x[0]=147.0, y[0]=715.0, toolType[0]=TOOL_TYPE_UNKNOWN, buttonState=0, metaState=0, flags=0x0, edgeFlags=0x0, pointerCount=1, historySize=1, eventTime=129495, downTime=129484, deviceId=0, source=0x1002 }
D/InputEventConsistencyVerifier(  414):   2: sent at 129485000000, MotionEvent { action=ACTION_DOWN, id[0]=0, x[0]=162.0, y[0]=700.0, toolType[0]=TOOL_TYPE_UNKNOWN, buttonState=0, metaState=0, flags=0x0, edgeFlags=0x0, pointerCount=1, historySize=0, eventTime=129485, downTime=129484, deviceId=0, source=0x1002 }
D/InputEventConsistencyVerifier(  414):   3: sent at 128844000000, MotionEvent { action=ACTION_UP, id[0]=0, x[0]=249.0, y[0]=401.0, toolType[0]=TOOL_TYPE_UNKNOWN, buttonState=0, metaState=0, flags=0x0, edgeFlags=0x0, pointerCount=1, historySize=0, eventTime=128844, downTime=128802, deviceId=0, source=0x1002 }
D/InputEventConsistencyVerifier(  414):   4: sent at 128803000000, MotionEvent { action=ACTION_DOWN, id[0]=0, x[0]=252.0, y[0]=407.0, toolType[0]=TOOL_TYPE_UNKNOWN, buttonState=0, metaState=0, flags=0x0, edgeFlags=0x0, pointerCount=1, historySize=0, eventTime=128803, downTime=128802, deviceId=0, source=0x1002 }
D/InputEventConsistencyVerifier(  414):   5: sent at 127267000000, MotionEvent { action=ACTION_UP, id[0]=0, x[0]=480.0, y[0]=74.0, toolType[0]=TOOL_TYPE_UNKNOWN, buttonState=0, metaState=0, flags=0x0, edgeFlags=0x0, pointerCount=1, historySize=0, eventTime=127267, downTime=127233, deviceId=0, source=0x1002 }
I/Choreographer(  414): Skipped 45 frames!  The application may be doing too much work on its main thread.
D/InputEventConsistencyVerifier(  414): KeyEvent: ACTION_UP but key was not down.
D/InputEventConsistencyVerifier(  414):   in com.android.systemui.statusbar.phone.StatusBarWindowView@b3db51d8
D/InputEventConsistencyVerifier(  414):   0: sent at 130149000000, KeyEvent { action=ACTION_UP, keyCode=KEYCODE_DPAD_UP, scanCode=0, metaState=0, flags=0x400, repeatCount=0, eventTime=130149, downTime=130149, deviceId=-1, source=0x101 }
D/InputEventConsistencyVerifier(  414):   -- recent events --
D/InputEventConsistencyVerifier(  414):   1: sent at 130064000000, (unhandled) MotionEvent { action=ACTION_MOVE, id[0]=0, x[0]=1.0, y[0]=-2.0, toolType[0]=TOOL_TYPE_UNKNOWN, buttonState=0, metaState=0, flags=0x0, edgeFlags=0x0, pointerCount=1, historySize=9, eventTime=130064, downTime=-1, deviceId=0, source=0x10004 }
D/InputEventConsistencyVerifier(  414):   2: sent at 130110000000, MotionEvent { action=ACTION_UP, id[0]=0, x[0]=259.0, y[0]=292.0, toolType[0]=TOOL_TYPE_UNKNOWN, buttonState=0, metaState=0, flags=0x0, edgeFlags=0x0, pointerCount=1, historySize=0, eventTime=130110, downTime=130068, deviceId=0, source=0x1002 }
D/InputEventConsistencyVerifier(  414):   3: sent at 130069000000, MotionEvent { action=ACTION_DOWN, id[0]=0, x[0]=262.0, y[0]=294.0, toolType[0]=TOOL_TYPE_UNKNOWN, buttonState=0, metaState=0, flags=0x0, edgeFlags=0x0, pointerCount=1, historySize=0, eventTime=130069, downTime=130068, deviceId=0, source=0x1002 }
D/InputEventConsistencyVerifier(  414):   4: sent at 129970000000, MotionEvent { action=ACTION_UP, id[0]=0, x[0]=102.0, y[0]=290.0, toolType[0]=TOOL_TYPE_UNKNOWN, buttonState=0, metaState=0, flags=0x0, edgeFlags=0x0, pointerCount=1, historySize=0, eventTime=129970, downTime=129963, deviceId=0, source=0x1002 }
D/InputEventConsistencyVerifier(  414):   5: sent at 129964000000, MotionEvent { action=ACTION_DOWN, id[0]=0, x[0]=94.0, y[0]=290.0, toolType[0]=TOOL_TYPE_UNKNOWN, buttonState=0, metaState=0, flags=0x0, edgeFlags=0x0, pointerCount=1, historySize=0, eventTime=129964, downTime=129963, deviceId=0, source=0x1002 }
D/InputEventConsistencyVerifier(  414): KeyEvent: ACTION_UP but key was not down.
D/InputEventConsistencyVerifier(  414):   in android.widget.FrameLayout@b3dd4d28
D/InputEventConsistencyVerifier(  414):   0: sent at 130232000000, KeyEvent { action=ACTION_UP, keyCode=KEYCODE_DPAD_DOWN, scanCode=0, metaState=0, flags=0x8, repeatCount=0, eventTime=130232, downTime=130232, deviceId=-1, source=0x101 }
D/InputEventConsistencyVerifier(  414):   -- recent events --
D/InputEventConsistencyVerifier(  414):   1: sent at 130110000000, MotionEvent { action=ACTION_UP, id[0]=0, x[0]=259.0, y[0]=292.0, toolType[0]=TOOL_TYPE_UNKNOWN, buttonState=0, metaState=0, flags=0x0, edgeFlags=0x0, pointerCount=1, historySize=0, eventTime=130110, downTime=130068, deviceId=0, source=0x1002 }
D/InputEventConsistencyVerifier(  414):   2: sent at 130069000000, MotionEvent { action=ACTION_DOWN, id[0]=0, x[0]=262.0, y[0]=294.0, toolType[0]=TOOL_TYPE_UNKNOWN, buttonState=0, metaState=0, flags=0x0, edgeFlags=0x0, pointerCount=1, historySize=0, eventTime=130069, downTime=130068, deviceId=0, source=0x1002 }
D/InputEventConsistencyVerifier(  414):   3: sent at 129970000000, MotionEvent { action=ACTION_UP, id[0]=0, x[0]=102.0, y[0]=290.0, toolType[0]=TOOL_TYPE_UNKNOWN, buttonState=0, metaState=0, flags=0x0, edgeFlags=0x0, pointerCount=1, historySize=0, eventTime=129970, downTime=129963, deviceId=0, source=0x1002 }
D/InputEventConsistencyVerifier(  414):   4: sent at 129964000000, MotionEvent { action=ACTION_DOWN, id[0]=0, x[0]=94.0, y[0]=290.0, toolType[0]=TOOL_TYPE_UNKNOWN, buttonState=0, metaState=0, flags=0x0, edgeFlags=0x0, pointerCount=1, historySize=0, eventTime=129964, downTime=129963, deviceId=0, source=0x1002 }
D/InputEventConsistencyVerifier(  414):   5: sent at 129945000000, MotionEvent { action=ACTION_UP, id[0]=0, x[0]=330.0, y[0]=445.0, toolType[0]=TOOL_TYPE_UNKNOWN, buttonState=0, metaState=0, flags=0x0, edgeFlags=0x0, pointerCount=1, historySize=0, eventTime=129945, downTime=129937, deviceId=0, source=0x1002 }
D/InputEventConsistencyVerifier(  414): TouchEvent: ACTION_DOWN but pointers are already down.  Probably missing ACTION_UP from previous gesture.
D/InputEventConsistencyVerifier(  414):   in android.view.ScaleGestureDetector@b3e54c18
D/InputEventConsistencyVerifier(  414):   0: sent at 130466000000, MotionEvent { action=ACTION_DOWN, id[0]=0, x[0]=44.0, y[0]=625.0, toolType[0]=TOOL_TYPE_UNKNOWN, buttonState=0, metaState=0, flags=0x0, edgeFlags=0x0, pointerCount=1, historySize=0, eventTime=130466, downTime=130465, deviceId=0, source=0x1002 }
D/InputEventConsistencyVerifier(  414):   -- recent events --
D/InputEventConsistencyVerifier(  414):   1: sent at 130338500000, MotionEvent { action=ACTION_MOVE, id[0]=0, x[0]=185.5, y[0]=579.0, toolType[0]=TOOL_TYPE_UNKNOWN, buttonState=0, metaState=0, flags=0x0, edgeFlags=0x0, pointerCount=1, historySize=2, eventTime=130338, downTime=130318, deviceId=0, source=0x1002 }
D/InputEventConsistencyVerifier(  414):   2: sent at 130320000000, MotionEvent { action=ACTION_DOWN, id[0]=0, x[0]=188.0, y[0]=602.0, toolType[0]=TOOL_TYPE_UNKNOWN, buttonState=0, metaState=0, flags=0x0, edgeFlags=0x0, pointerCount=1, historySize=0, eventTime=130320, downTime=130318, deviceId=0, source=0x1002 }
D/InputEventConsistencyVerifier(  414):   3: sent at 130110000000, MotionEvent { action=ACTION_UP, id[0]=0, x[0]=259.0, y[0]=292.0, toolType[0]=TOOL_TYPE_UNKNOWN, buttonState=0, metaState=0, flags=0x0, edgeFlags=0x0, pointerCount=1, historySize=0, eventTime=130110, downTime=130068, deviceId=0, source=0x1002 }
D/InputEventConsistencyVerifier(  414):   4: sent at 130069000000, MotionEvent { action=ACTION_DOWN, id[0]=0, x[0]=262.0, y[0]=294.0, toolType[0]=TOOL_TYPE_UNKNOWN, buttonState=0, metaState=0, flags=0x0, edgeFlags=0x0, pointerCount=1, historySize=0, eventTime=130069, downTime=130068, deviceId=0, source=0x1002 }
D/InputEventConsistencyVerifier(  414):   5: sent at 129970000000, MotionEvent { action=ACTION_UP, id[0]=0, x[0]=102.0, y[0]=290.0, toolType[0]=TOOL_TYPE_UNKNOWN, buttonState=0, metaState=0, flags=0x0, edgeFlags=0x0, pointerCount=1, historySize=0, eventTime=129970, downTime=129963, deviceId=0, source=0x1002 }
I/ActivityManager(  224): START {act=android.intent.action.MAIN cat=[android.intent.category.LAUNCHER] flg=0x10200000 cmp=qlg.dghjuegq.oqcuecrhs/owc.AqPqL.UAoSjbFFk21 u=0} from pid 981
D/InputEventConsistencyVerifier(  414): TouchEvent: ACTION_DOWN but pointers are already down.  Probably missing ACTION_UP from previous gesture.
D/InputEventConsistencyVerifier(  414):   in android.view.ScaleGestureDetector@b3e54c18
D/InputEventConsistencyVerifier(  414):   0: sent at 130806000000, MotionEvent { action=ACTION_DOWN, id[0]=0, x[0]=77.0, y[0]=176.0, toolType[0]=TOOL_TYPE_UNKNOWN, buttonState=0, metaState=0, flags=0x0, edgeFlags=0x0, pointerCount=1, historySize=0, eventTime=130806, downTime=130804, deviceId=0, source=0x1002 }
D/InputEventConsistencyVerifier(  414):   -- recent events --
D/InputEventConsistencyVerifier(  414):   1: sent at 130785740600, MotionEvent { action=ACTION_MOVE, id[0]=0, x[0]=412.53134, y[0]=431.76566, toolType[0]=TOOL_TYPE_UNKNOWN, buttonState=0, metaState=0, flags=0x0, edgeFlags=0x0, pointerCount=1, historySize=2, eventTime=130785, downTime=130755, deviceId=0, source=0x1002 }
D/InputEventConsistencyVerifier(  414):   2: sent at 130757000000, MotionEvent { action=ACTION_DOWN, id[0]=0, x[0]=425.0, y[0]=464.0, toolType[0]=TOOL_TYPE_UNKNOWN, buttonState=0, metaState=0, flags=0x0, edgeFlags=0x0, pointerCount=1, historySize=0, eventTime=130757, downTime=130755, deviceId=0, source=0x1002 }
D/InputEventConsistencyVerifier(  414):   3: sent at 130717000000, MotionEvent { action=ACTION_UP, id[0]=0, x[0]=41.0, y[0]=696.0, toolType[0]=TOOL_TYPE_UNKNOWN, buttonState=0, metaState=0, flags=0x0, edgeFlags=0x0, pointerCount=1, historySize=0, eventTime=130717, downTime=130697, deviceId=0, source=0x1002 }
D/InputEventConsistencyVerifier(  414):   4: sent at 130698000000, MotionEvent { action=ACTION_DOWN, id[0]=0, x[0]=42.0, y[0]=693.0, toolType[0]=TOOL_TYPE_UNKNOWN, buttonState=0, metaState=0, flags=0x0, edgeFlags=0x0, pointerCount=1, historySize=0, eventTime=130698, downTime=130697, deviceId=0, source=0x1002 }
D/InputEventConsistencyVerifier(  414):   5: sent at 130481000000, MotionEvent { action=ACTION_UP, id[0]=0, x[0]=47.0, y[0]=601.0, toolType[0]=TOOL_TYPE_UNKNOWN, buttonState=0, metaState=0, flags=0x0, edgeFlags=0x0, pointerCount=1, historySize=0, eventTime=130481, downTime=130465, deviceId=0, source=0x1002 }
D/InputEventConsistencyVerifier(  414): KeyEvent: ACTION_UP but key was not down.
D/InputEventConsistencyVerifier(  414):   in com.android.systemui.statusbar.phone.StatusBarWindowView@b3db51d8
D/InputEventConsistencyVerifier(  414):   0: sent at 130889000000, KeyEvent { action=ACTION_UP, keyCode=KEYCODE_DPAD_DOWN, scanCode=0, metaState=0, flags=0x8, repeatCount=0, eventTime=130889, downTime=130889, deviceId=-1, source=0x101 }
D/InputEventConsistencyVerifier(  414):   -- recent events --
D/InputEventConsistencyVerifier(  414):   1: sent at 130828000000, MotionEvent { action=ACTION_UP, id[0]=0, x[0]=90.0, y[0]=143.0, toolType[0]=TOOL_TYPE_UNKNOWN, buttonState=0, metaState=0, flags=0x0, edgeFlags=0x0, pointerCount=1, historySize=0, eventTime=130828, downTime=130804, deviceId=0, source=0x1002 }
D/InputEventConsistencyVerifier(  414):   2: sent at 130825000000, MotionEvent { action=ACTION_POINTER_UP(1), id[0]=0, x[0]=86.0, y[0]=143.0, toolType[0]=TOOL_TYPE_UNKNOWN, id[1]=1, x[1]=373.0, y[1]=451.0, toolType[1]=TOOL_TYPE_UNKNOWN, buttonState=0, metaState=0, flags=0x0, edgeFlags=0x0, pointerCount=2, historySize=0, eventTime=130825, downTime=130804, deviceId=0, source=0x1002 }
D/InputEventConsistencyVerifier(  414):   3: sent at 130823000000, MotionEvent { action=ACTION_MOVE, id[0]=0, x[0]=80.0, y[0]=159.0, toolType[0]=TOOL_TYPE_UNKNOWN, id[1]=1, x[1]=380.0, y[1]=458.0, toolType[1]=TOOL_TYPE_UNKNOWN, buttonState=0, metaState=0, flags=0x0, edgeFlags=0x0, pointerCount=2, historySize=0, eventTime=130823, downTime=130804, deviceId=0, source=0x1002 }
D/InputEventConsistencyVerifier(  414):   4: sent at 130820000000, MotionEvent { action=ACTION_POINTER_DOWN(1), id[0]=0, x[0]=79.0, y[0]=171.0, toolType[0]=TOOL_TYPE_UNKNOWN, id[1]=1, x[1]=391.0, y[1]=472.0, toolType[1]=TOOL_TYPE_UNKNOWN, buttonState=0, metaState=0, flags=0x0, edgeFlags=0x0, pointerCount=2, historySize=0, eventTime=130820, downTime=130804, deviceId=0, source=0x1002 }
D/InputEventConsistencyVerifier(  414):   5: sent at 130806000000, MotionEvent { action=ACTION_DOWN, id[0]=0, x[0]=77.0, y[0]=176.0, toolType[0]=TOOL_TYPE_UNKNOWN, buttonState=0, metaState=0, flags=0x0, edgeFlags=0x0, pointerCount=1, historySize=0, eventTime=130806, downTime=130804, deviceId=0, source=0x1002 }
D/InputEventConsistencyVerifier(  414): KeyEvent: ACTION_UP but key was not down.
D/InputEventConsistencyVerifier(  414):   in android.widget.FrameLayout@b3dd4d28
D/InputEventConsistencyVerifier(  414):   0: sent at 130964000000, KeyEvent { action=ACTION_UP, keyCode=KEYCODE_DPAD_DOWN, scanCode=0, metaState=0, flags=0x400, repeatCount=0, eventTime=130964, downTime=130964, deviceId=-1, source=0x101 }
D/InputEventConsistencyVerifier(  414):   -- recent events --
D/InputEventConsistencyVerifier(  414):   1: sent at 130828000000, MotionEvent { action=ACTION_UP, id[0]=0, x[0]=90.0, y[0]=143.0, toolType[0]=TOOL_TYPE_UNKNOWN, buttonState=0, metaState=0, flags=0x0, edgeFlags=0x0, pointerCount=1, historySize=0, eventTime=130828, downTime=130804, deviceId=0, source=0x1002 }
D/InputEventConsistencyVerifier(  414):   2: sent at 130825000000, MotionEvent { action=ACTION_POINTER_UP(1), id[0]=0, x[0]=86.0, y[0]=143.0, toolType[0]=TOOL_TYPE_UNKNOWN, id[1]=1, x[1]=373.0, y[1]=451.0, toolType[1]=TOOL_TYPE_UNKNOWN, buttonState=0, metaState=0, flags=0x0, edgeFlags=0x0, pointerCount=2, historySize=0, eventTime=130825, downTime=130804, deviceId=0, source=0x1002 }
D/InputEventConsistencyVerifier(  414):   3: sent at 130823000000, MotionEvent { action=ACTION_MOVE, id[0]=0, x[0]=80.0, y[0]=159.0, toolType[0]=TOOL_TYPE_UNKNOWN, id[1]=1, x[1]=380.0, y[1]=458.0, toolType[1]=TOOL_TYPE_UNKNOWN, buttonState=0, metaState=0, flags=0x0, edgeFlags=0x0, pointerCount=2, historySize=0, eventTime=130823, downTime=130804, deviceId=0, source=0x1002 }
D/InputEventConsistencyVerifier(  414):   4: sent at 130820000000, MotionEvent { action=ACTION_POINTER_DOWN(1), id[0]=0, x[0]=79.0, y[0]=171.0, toolType[0]=TOOL_TYPE_UNKNOWN, id[1]=1, x[1]=391.0, y[1]=472.0, toolType[1]=TOOL_TYPE_UNKNOWN, buttonState=0, metaState=0, flags=0x0, edgeFlags=0x0, pointerCount=2, historySize=0, eventTime=130820, downTime=130804, deviceId=0, source=0x1002 }
D/InputEventConsistencyVerifier(  414):   5: sent at 130806000000, MotionEvent { action=ACTION_DOWN, id[0]=0, x[0]=77.0, y[0]=176.0, toolType[0]=TOOL_TYPE_UNKNOWN, buttonState=0, metaState=0, flags=0x80000000, edgeFlags=0x0, pointerCount=1, historySize=0, eventTime=130806, downTime=130804, deviceId=0, source=0x1002 }
I/Choreographer(  414): Skipped 37 frames!  The application may be doing too much work on its main thread.
D/InputEventConsistencyVerifier(  414): KeyEvent: ACTION_UP but key was not down.
D/InputEventConsistencyVerifier(  414):   in com.android.systemui.statusbar.phone.PhoneStatusBarView@b3db7170
D/InputEventConsistencyVerifier(  414):   0: sent at 131120000000, KeyEvent { action=ACTION_UP, keyCode=KEYCODE_DPAD_UP, scanCode=0, metaState=0, flags=0x400, repeatCount=0, eventTime=131120, downTime=131120, deviceId=-1, source=0x101 }
D/InputEventConsistencyVerifier(  414):   -- recent events --
D/InputEventConsistencyVerifier(  414):   1: sent at 130964000000, (unhandled) KeyEvent { action=ACTION_DOWN, keyCode=KEYCODE_DPAD_DOWN, scanCode=0, metaState=0, flags=0x400, repeatCount=0, eventTime=130964, downTime=130964, deviceId=-1, source=0x101 }
D/InputEventConsistencyVerifier(  414):   2: sent at 130948000000, (unhandled) MotionEvent { action=ACTION_MOVE, id[0]=0, x[0]=-3.0, y[0]=4.0, toolType[0]=TOOL_TYPE_UNKNOWN, buttonState=0, metaState=0, flags=0x0, edgeFlags=0x0, pointerCount=1, historySize=1, eventTime=130948, downTime=-1, deviceId=0, source=0x10004 }
D/InputEventConsistencyVerifier(  414):   3: sent at 130914000000, (unhandled) KeyEvent { action=ACTION_UP, keyCode=KEYCODE_DPAD_CENTER, scanCode=0, metaState=0, flags=0x8, repeatCount=0, eventTime=130914, downTime=130914, deviceId=-1, source=0x101 }
D/InputEventConsistencyVerifier(  414):   4: sent at 130898000000, (unhandled) KeyEvent { action=ACTION_DOWN, keyCode=KEYCODE_DPAD_CENTER, scanCode=0, metaState=0, flags=0x8, repeatCount=0, eventTime=130898, downTime=130898, deviceId=-1, source=0x101 }
D/InputEventConsistencyVerifier(  414):   5: sent at 130889000000, (unhandled) KeyEvent { action=ACTION_UP, keyCode=KEYCODE_DPAD_DOWN, scanCode=0, metaState=0, flags=0x80000008, repeatCount=0, eventTime=130889, downTime=130889, deviceId=-1, source=0x101 }
D/InputEventConsistencyVerifier(  414): KeyEvent: ACTION_UP but key was not down.
D/InputEventConsistencyVerifier(  414):   in android.widget.FrameLayout@b3dd4d28
D/InputEventConsistencyVerifier(  414):   0: sent at 131240000000, KeyEvent { action=ACTION_UP, keyCode=KEYCODE_DPAD_DOWN, scanCode=0, metaState=0, flags=0x400, repeatCount=0, eventTime=131240, downTime=131240, deviceId=-1, source=0x101 }
D/InputEventConsistencyVerifier(  414):   -- recent events --
D/InputEventConsistencyVerifier(  414):   1: sent at 131120000000, (unhandled) KeyEvent { action=ACTION_DOWN, keyCode=KEYCODE_DPAD_UP, scanCode=0, metaState=0, flags=0x400, repeatCount=0, eventTime=131120, downTime=131120, deviceId=-1, source=0x101 }
D/InputEventConsistencyVerifier(  414):   2: sent at 131007000000, (unhandled) MotionEvent { action=ACTION_MOVE, id[0]=0, x[0]=3.0, y[0]=-3.0, toolType[0]=TOOL_TYPE_UNKNOWN, buttonState=0, metaState=0, flags=0x0, edgeFlags=0x0, pointerCount=1, historySize=2, eventTime=131007, downTime=-1, deviceId=0, source=0x10004 }
D/InputEventConsistencyVerifier(  414):   3: sent at 130981000000, (unhandled) KeyEvent { action=ACTION_UP, keyCode=KEYCODE_DPAD_RIGHT, scanCode=0, metaState=0, flags=0x400, repeatCount=0, eventTime=130981, downTime=130981, deviceId=-1, source=0x101 }
D/InputEventConsistencyVerifier(  414):   4: sent at 130981000000, (unhandled) KeyEvent { action=ACTION_DOWN, keyCode=KEYCODE_DPAD_RIGHT, scanCode=0, metaState=0, flags=0x400, repeatCount=0, eventTime=130981, downTime=130981, deviceId=-1, source=0x101 }
D/InputEventConsistencyVerifier(  414):   5: sent at 130981000000, (unhandled) KeyEvent { action=ACTION_UP, keyCode=KEYCODE_DPAD_RIGHT, scanCode=0, metaState=0, flags=0x400, repeatCount=0, eventTime=130981, downTime=130981, deviceId=-1, source=0x101 }
I/Choreographer(  999): Skipped 35 frames!  The application may be doing too much work on its main thread.
D/InputEventConsistencyVerifier(  414): TouchEvent: ACTION_DOWN but pointers are already down.  Probably missing ACTION_UP from previous gesture.
D/InputEventConsistencyVerifier(  414):   in android.view.ScaleGestureDetector@b3e54c18
D/InputEventConsistencyVerifier(  414):   0: sent at 131381000000, MotionEvent { action=ACTION_DOWN, id[0]=0, x[0]=279.0, y[0]=172.0, toolType[0]=TOOL_TYPE_UNKNOWN, buttonState=0, metaState=0, flags=0x0, edgeFlags=0x0, pointerCount=1, historySize=0, eventTime=131381, downTime=131380, deviceId=0, source=0x1002 }
D/InputEventConsistencyVerifier(  414):   -- recent events --
D/InputEventConsistencyVerifier(  414):   1: sent at 130823000000, MotionEvent { action=ACTION_MOVE, id[0]=0, x[0]=80.0, y[0]=159.0, toolType[0]=TOOL_TYPE_UNKNOWN, id[1]=1, x[1]=380.0, y[1]=458.0, toolType[1]=TOOL_TYPE_UNKNOWN, buttonState=0, metaState=0, flags=0x0, edgeFlags=0x0, pointerCount=2, historySize=0, eventTime=130823, downTime=130804, deviceId=0, source=0x1002 }
D/InputEventConsistencyVerifier(  414):   2: sent at 130820000000, MotionEvent { action=ACTION_POINTER_DOWN(1), id[0]=0, x[0]=79.0, y[0]=171.0, toolType[0]=TOOL_TYPE_UNKNOWN, id[1]=1, x[1]=391.0, y[1]=472.0, toolType[1]=TOOL_TYPE_UNKNOWN, buttonState=0, metaState=0, flags=0x0, edgeFlags=0x0, pointerCount=2, historySize=0, eventTime=130820, downTime=130804, deviceId=0, source=0x1002 }
D/InputEventConsistencyVerifier(  414):   3: sent at 130806000000, MotionEvent { action=ACTION_DOWN, id[0]=0, x[0]=77.0, y[0]=176.0, toolType[0]=TOOL_TYPE_UNKNOWN, buttonState=0, metaState=0, flags=0x80000000, edgeFlags=0x0, pointerCount=1, historySize=0, eventTime=130806, downTime=130804, deviceId=0, source=0x1002 }
D/InputEventConsistencyVerifier(  414):   4: sent at 130785740600, MotionEvent { action=ACTION_MOVE, id[0]=0, x[0]=412.53134, y[0]=431.76566, toolType[0]=TOOL_TYPE_UNKNOWN, buttonState=0, metaState=0, flags=0x0, edgeFlags=0x0, pointerCount=1, historySize=2, eventTime=130785, downTime=130755, deviceId=0, source=0x1002 }
D/InputEventConsistencyVerifier(  414):   5: sent at 130757000000, MotionEvent { action=ACTION_DOWN, id[0]=0, x[0]=425.0, y[0]=464.0, toolType[0]=TOOL_TYPE_UNKNOWN, buttonState=0, metaState=0, flags=0x0, edgeFlags=0x0, pointerCount=1, historySize=0, eventTime=130757, downTime=130755, deviceId=0, source=0x1002 }
I/Choreographer(  414): Skipped 45 frames!  The application may be doing too much work on its main thread.
I/Choreographer(  999): Skipped 52 frames!  The application may be doing too much work on its main thread.
I/Choreographer(  999): Skipped 31 frames!  The application may be doing too much work on its main thread.
D/InputEventConsistencyVerifier(  414): KeyEvent: ACTION_UP but key was not down.
D/InputEventConsistencyVerifier(  414):   in android.widget.FrameLayout@b3dd4d28
D/InputEventConsistencyVerifier(  414):   0: sent at 131857000000, KeyEvent { action=ACTION_UP, keyCode=KEYCODE_DPAD_DOWN, scanCode=0, metaState=0, flags=0x400, repeatCount=0, eventTime=131857, downTime=131857, deviceId=-1, source=0x101 }
D/InputEventConsistencyVerifier(  414):   -- recent events --
D/InputEventConsistencyVerifier(  414):   1: sent at 131561000000, MotionEvent { action=ACTION_UP, id[0]=0, x[0]=309.0, y[0]=674.0, toolType[0]=TOOL_TYPE_UNKNOWN, buttonState=0, metaState=0, flags=0x0, edgeFlags=0x0, pointerCount=1, historySize=0, eventTime=131561, downTime=131528, deviceId=0, source=0x1002 }
D/InputEventConsistencyVerifier(  414):   2: sent at 131557000000, MotionEvent { action=ACTION_MOVE, id[0]=0, x[0]=303.0, y[0]=678.0, toolType[0]=TOOL_TYPE_UNKNOWN, buttonState=0, metaState=0, flags=0x0, edgeFlags=0x0, pointerCount=1, historySize=0, eventTime=131557, downTime=131528, deviceId=0, source=0x1002 }
D/InputEventConsistencyVerifier(  414):   3: sent at 131529000000, MotionEvent { action=ACTION_DOWN, id[0]=0, x[0]=294.0, y[0]=682.0, toolType[0]=TOOL_TYPE_UNKNOWN, buttonState=0, metaState=0, flags=0x0, edgeFlags=0x0, pointerCount=1, historySize=0, eventTime=131529, downTime=131528, deviceId=0, source=0x1002 }
D/InputEventConsistencyVerifier(  414):   4: sent at 131513000000, MotionEvent { action=ACTION_UP, id[0]=0, x[0]=3.0, y[0]=709.0, toolType[0]=TOOL_TYPE_UNKNOWN, buttonState=0, metaState=0, flags=0x0, edgeFlags=0x0, pointerCount=1, historySize=0, eventTime=131513, downTime=131486, deviceId=0, source=0x1002 }
