D/InputEventConsistencyVerifier(  424):   1: sent at 180010000000, MotionEvent { action=ACTION_UP, id[0]=0, x[0]=78.0, y[0]=4.0, toolType[0]=TOOL_TYPE_UNKNOWN, buttonState=0, metaState=0, flags=0x0, edgeFlags=0x0, pointerCount=1, historySize=0, eventTime=180010, downTime=180003, deviceId=0, source=0x1002 }
D/InputEventConsistencyVerifier(  424):   2: sent at 180003000000, MotionEvent { action=ACTION_DOWN, id[0]=0, x[0]=78.0, y[0]=8.0, toolType[0]=TOOL_TYPE_UNKNOWN, buttonState=0, metaState=0, flags=0x0, edgeFlags=0x0, pointerCount=1, historySize=0, eventTime=180003, downTime=180003, deviceId=0, source=0x1002 }
D/InputEventConsistencyVerifier(  424):   3: sent at 179938000000, (unhandled) KeyEvent { action=ACTION_UP, keyCode=KEYCODE_DPAD_DOWN, scanCode=0, metaState=0, flags=0x8, repeatCount=0, eventTime=179938, downTime=179938, deviceId=-1, source=0x101 }
D/InputEventConsistencyVerifier(  424):   4: sent at 179869000000, (unhandled) KeyEvent { action=ACTION_DOWN, keyCode=KEYCODE_DPAD_DOWN, scanCode=0, metaState=0, flags=0x8, repeatCount=0, eventTime=179869, downTime=179869, deviceId=-1, source=0x101 }
D/InputEventConsistencyVerifier(  424):   5: sent at 179735000000, (unhandled) KeyEvent { action=ACTION_UP, keyCode=KEYCODE_DPAD_DOWN, scanCode=0, metaState=0, flags=0x80000008, repeatCount=0, eventTime=179735, downTime=179735, deviceId=-1, source=0x101 }
D/InputEventConsistencyVerifier(  424): TrackballEvent: Trackball is down but pressure is not greater than 0.
D/InputEventConsistencyVerifier(  424):   in android.view.ViewRootImpl@b3e4dd28
D/InputEventConsistencyVerifier(  424):   0: sent at 180106000000, MotionEvent { action=ACTION_DOWN, id[0]=0, x[0]=0.0, y[0]=0.0, toolType[0]=TOOL_TYPE_UNKNOWN, buttonState=0, metaState=0, flags=0x0, edgeFlags=0x0, pointerCount=1, historySize=0, eventTime=180106, downTime=180027, deviceId=0, source=0x10004 }
D/InputEventConsistencyVerifier(  424):   -- recent events --
D/InputEventConsistencyVerifier(  424):   1: sent at 180263000000, KeyEvent { action=ACTION_UP, keyCode=KEYCODE_DPAD_RIGHT, scanCode=0, metaState=0, flags=0x400, repeatCount=0, eventTime=180263, downTime=180263, deviceId=-1, source=0x101 }
D/InputEventConsistencyVerifier(  424):   2: sent at 180263000000, KeyEvent { action=ACTION_DOWN, keyCode=KEYCODE_DPAD_RIGHT, scanCode=0, metaState=0, flags=0x400, repeatCount=0, eventTime=180263, downTime=180263, deviceId=-1, source=0x101 }
D/InputEventConsistencyVerifier(  424):   3: sent at 180263000000, KeyEvent { action=ACTION_UP, keyCode=KEYCODE_DPAD_RIGHT, scanCode=0, metaState=0, flags=0x400, repeatCount=0, eventTime=180263, downTime=180263, deviceId=-1, source=0x101 }
D/InputEventConsistencyVerifier(  424):   4: sent at 180263000000, KeyEvent { action=ACTION_DOWN, keyCode=KEYCODE_DPAD_RIGHT, scanCode=0, metaState=0, flags=0x400, repeatCount=0, eventTime=180263, downTime=180263, deviceId=-1, source=0x101 }
D/InputEventConsistencyVerifier(  424):   5: sent at 180263000000, KeyEvent { action=ACTION_UP, keyCode=KEYCODE_DPAD_RIGHT, scanCode=0, metaState=0, flags=0x400, repeatCount=0, eventTime=180263, downTime=180263, deviceId=-1, source=0x101 }
I/Choreographer( 1019): Skipped 31 frames!  The application may be doing too much work on its main thread.
E/WVMExtractor(   61): Failed to open libwvm.so
D/InputEventConsistencyVerifier(  424): KeyEvent: ACTION_UP but key was not down.
D/InputEventConsistencyVerifier(  424):   in com.android.systemui.statusbar.phone.PhoneStatusBarView@b3dbe1e0
D/InputEventConsistencyVerifier(  424):   0: sent at 180587000000, KeyEvent { action=ACTION_UP, keyCode=KEYCODE_DPAD_UP, scanCode=0, metaState=0, flags=0x400, repeatCount=0, eventTime=180587, downTime=180587, deviceId=-1, source=0x101 }
D/InputEventConsistencyVerifier(  424):   -- recent events --
D/InputEventConsistencyVerifier(  424):   1: sent at 180176000000, (unhandled) KeyEvent { action=ACTION_DOWN, keyCode=KEYCODE_DPAD_DOWN, scanCode=0, metaState=0, flags=0x400, repeatCount=0, eventTime=180176, downTime=180176, deviceId=-1, source=0x101 }
D/InputEventConsistencyVerifier(  424):   2: sent at 180060000000, (unhandled) KeyEvent { action=ACTION_UP, keyCode=KEYCODE_DPAD_DOWN, scanCode=0, metaState=0, flags=0x80000400, repeatCount=0, eventTime=180060, downTime=180060, deviceId=-1, source=0x101 }
D/InputEventConsistencyVerifier(  424):   3: sent at 179731000000, (unhandled) KeyEvent { action=ACTION_DOWN, keyCode=KEYCODE_DPAD_DOWN, scanCode=0, metaState=0, flags=0x8, repeatCount=0, eventTime=179731, downTime=179731, deviceId=-1, source=0x101 }
D/InputEventConsistencyVerifier(  424):   4: sent at 179683000000, (unhandled) KeyEvent { action=ACTION_UP, keyCode=KEYCODE_DPAD_UP, scanCode=0, metaState=0, flags=0x8, repeatCount=0, eventTime=179683, downTime=179683, deviceId=-1, source=0x101 }
D/InputEventConsistencyVerifier(  424):   5: sent at 179497000000, (unhandled) KeyEvent { action=ACTION_DOWN, keyCode=KEYCODE_DPAD_UP, scanCode=0, metaState=0, flags=0x8, repeatCount=0, eventTime=179497, downTime=179497, deviceId=-1, source=0x101 }
I/Choreographer( 1019): Skipped 31 frames!  The application may be doing too much work on its main thread.
I/Choreographer(  424): Skipped 71 frames!  The application may be doing too much work on its main thread.
D/InputEventConsistencyVerifier(  424): KeyEvent: ACTION_UP but key was not down.
D/InputEventConsistencyVerifier(  424):   in android.widget.FrameLayout@b3ddbd98
D/InputEventConsistencyVerifier(  424):   0: sent at 180985000000, KeyEvent { action=ACTION_UP, keyCode=KEYCODE_DPAD_DOWN, scanCode=0, metaState=0, flags=0x8, repeatCount=0, eventTime=180985, downTime=180985, deviceId=-1, source=0x101 }
D/InputEventConsistencyVerifier(  424):   -- recent events --
D/InputEventConsistencyVerifier(  424):   1: sent at 180587000000, (unhandled) KeyEvent { action=ACTION_DOWN, keyCode=KEYCODE_DPAD_UP, scanCode=0, metaState=0, flags=0x400, repeatCount=0, eventTime=180587, downTime=180587, deviceId=-1, source=0x101 }
D/InputEventConsistencyVerifier(  424):   2: sent at 180587000000, (unhandled) KeyEvent { action=ACTION_MULTIPLE, keyCode=KEYCODE_DPAD_UP, scanCode=0, metaState=0, flags=0x400, repeatCount=2, eventTime=180587, downTime=180587, deviceId=-1, source=0x101 }
D/InputEventConsistencyVerifier(  424):   3: sent at 180571000000, (unhandled) MotionEvent { action=ACTION_MOVE, id[0]=0, x[0]=4.0, y[0]=-5.0, toolType[0]=TOOL_TYPE_UNKNOWN, buttonState=0, metaState=0, flags=0x0, edgeFlags=0x0, pointerCount=1, historySize=0, eventTime=180571, downTime=-1, deviceId=0, source=0x10004 }
D/InputEventConsistencyVerifier(  424):   4: sent at 180540000000, (unhandled) KeyEvent { action=ACTION_UP, keyCode=KEYCODE_DPAD_RIGHT, scanCode=0, metaState=0, flags=0x8, repeatCount=0, eventTime=180540, downTime=180540, deviceId=-1, source=0x101 }
D/InputEventConsistencyVerifier(  424):   5: sent at 180535000000, (unhandled) KeyEvent { action=ACTION_DOWN, keyCode=KEYCODE_DPAD_RIGHT, scanCode=0, metaState=0, flags=0x8, repeatCount=0, eventTime=180535, downTime=180535, deviceId=-1, source=0x101 }
D/InputEventConsistencyVerifier(  424): KeyEvent: ACTION_UP but key was not down.
D/InputEventConsistencyVerifier(  424):   in com.android.systemui.statusbar.phone.StatusBarWindowView@b3dbc248
D/InputEventConsistencyVerifier(  424):   0: sent at 181428000000, KeyEvent { action=ACTION_UP, keyCode=KEYCODE_DPAD_DOWN, scanCode=0, metaState=0, flags=0x8, repeatCount=0, eventTime=181428, downTime=181428, deviceId=-1, source=0x101 }
D/InputEventConsistencyVerifier(  424):   -- recent events --
D/InputEventConsistencyVerifier(  424):   1: sent at 181414000000, MotionEvent { action=ACTION_UP, id[0]=0, x[0]=413.5, y[0]=288.0, toolType[0]=TOOL_TYPE_UNKNOWN, buttonState=0, metaState=0, flags=0x0, edgeFlags=0x0, pointerCount=1, historySize=0, eventTime=181414, downTime=181237, deviceId=0, source=0x1002 }
D/InputEventConsistencyVerifier(  424):   2: sent at 181408500000, MotionEvent { action=ACTION_MOVE, id[0]=0, x[0]=413.5, y[0]=288.0, toolType[0]=TOOL_TYPE_UNKNOWN, buttonState=0, metaState=0, flags=0x0, edgeFlags=0x0, pointerCount=1, historySize=1, eventTime=181408, downTime=181237, deviceId=0, source=0x1002 }
D/InputEventConsistencyVerifier(  424):   3: sent at 181404752420, MotionEvent { action=ACTION_MOVE, id[0]=0, x[0]=403.84732, y[0]=287.87897, toolType[0]=TOOL_TYPE_UNKNOWN, buttonState=0, metaState=0, flags=0x0, edgeFlags=0x0, pointerCount=1, historySize=1, eventTime=181404, downTime=181237, deviceId=0, source=0x1002 }
D/InputEventConsistencyVerifier(  424):   4: sent at 181341500000, MotionEvent { action=ACTION_MOVE, id[0]=0, x[0]=396.5, y[0]=288.0, toolType[0]=TOOL_TYPE_UNKNOWN, buttonState=0, metaState=0, flags=0x0, edgeFlags=0x0, pointerCount=1, historySize=1, eventTime=181341, downTime=181237, deviceId=0, source=0x1002 }
D/InputEventConsistencyVerifier(  424):   5: sent at 181335632240, MotionEvent { action=ACTION_MOVE, id[0]=0, x[0]=375.63223, y[0]=294.0, toolType[0]=TOOL_TYPE_UNKNOWN, buttonState=0, metaState=0, flags=0x0, edgeFlags=0x0, pointerCount=1, historySize=1, eventTime=181335, downTime=181237, deviceId=0, source=0x1002 }
D/InputEventConsistencyVerifier(  424): TouchEvent: ACTION_DOWN but pointers are already down.  Probably missing ACTION_UP from previous gesture.
D/InputEventConsistencyVerifier(  424):   in android.view.ScaleGestureDetector@b3e5ca78
D/InputEventConsistencyVerifier(  424):   0: sent at 181536000000, MotionEvent { action=ACTION_DOWN, id[0]=0, x[0]=299.0, y[0]=348.0, toolType[0]=TOOL_TYPE_UNKNOWN, buttonState=0, metaState=0, flags=0x0, edgeFlags=0x0, pointerCount=1, historySize=0, eventTime=181536, downTime=181535, deviceId=0, source=0x1002 }
D/InputEventConsistencyVerifier(  424):   -- recent events --
D/InputEventConsistencyVerifier(  424):   1: sent at 181341500000, MotionEvent { action=ACTION_MOVE, id[0]=0, x[0]=396.5, y[0]=288.0, toolType[0]=TOOL_TYPE_UNKNOWN, buttonState=0, metaState=0, flags=0x0, edgeFlags=0x0, pointerCount=1, historySize=1, eventTime=181341, downTime=181237, deviceId=0, source=0x1002 }
D/InputEventConsistencyVerifier(  424):   2: sent at 181335632240, MotionEvent { action=ACTION_MOVE, id[0]=0, x[0]=375.63223, y[0]=294.0, toolType[0]=TOOL_TYPE_UNKNOWN, buttonState=0, metaState=0, flags=0x0, edgeFlags=0x0, pointerCount=1, historySize=1, eventTime=181335, downTime=181237, deviceId=0, source=0x1002 }
D/InputEventConsistencyVerifier(  424):   3: sent at 181327952220, MotionEvent { action=ACTION_MOVE, id[0]=0, x[0]=368.714, y[0]=293.6191, toolType[0]=TOOL_TYPE_UNKNOWN, buttonState=0, metaState=0, flags=0x0, edgeFlags=0x0, pointerCount=1, historySize=1, eventTime=181327, downTime=181237, deviceId=0, source=0x1002 }
D/InputEventConsistencyVerifier(  424):   4: sent at 181323500000, MotionEvent { action=ACTION_MOVE, id[0]=0, x[0]=362.5, y[0]=295.5, toolType[0]=TOOL_TYPE_UNKNOWN, buttonState=0, metaState=0, flags=0x0, edgeFlags=0x0, pointerCount=1, historySize=2, eventTime=181323, downTime=181237, deviceId=0, source=0x1002 }
D/InputEventConsistencyVerifier(  424):   5: sent at 181240000000, MotionEvent { action=ACTION_DOWN, id[0]=0, x[0]=342.0, y[0]=301.0, toolType[0]=TOOL_TYPE_UNKNOWN, buttonState=0, metaState=0, flags=0x0, edgeFlags=0x0, pointerCount=1, historySize=0, eventTime=181240, downTime=181237, deviceId=0, source=0x1002 }
I/Choreographer( 1019): Skipped 36 frames!  The application may be doing too much work on its main thread.
I/Choreographer(  424): Skipped 64 frames!  The application may be doing too much work on its main thread.
D/InputEventConsistencyVerifier(  424): TouchEvent: ACTION_DOWN but pointers are already down.  Probably missing ACTION_UP from previous gesture.
D/InputEventConsistencyVerifier(  424):   in android.view.ScaleGestureDetector@b3e5ca78
D/InputEventConsistencyVerifier(  424):   0: sent at 181918000000, MotionEvent { action=ACTION_DOWN, id[0]=0, x[0]=439.0, y[0]=575.0, toolType[0]=TOOL_TYPE_UNKNOWN, buttonState=0, metaState=0, flags=0x0, edgeFlags=0x0, pointerCount=1, historySize=0, eventTime=181918, downTime=181915, deviceId=0, source=0x1002 }
D/InputEventConsistencyVerifier(  424):   -- recent events --
D/InputEventConsistencyVerifier(  424):   1: sent at 181670000000, MotionEvent { action=ACTION_MOVE, id[0]=0, x[0]=120.0, y[0]=584.0, toolType[0]=TOOL_TYPE_UNKNOWN, buttonState=0, metaState=0, flags=0x0, edgeFlags=0x0, pointerCount=1, historySize=3, eventTime=181670, downTime=181613, deviceId=0, source=0x1002 }
D/InputEventConsistencyVerifier(  424):   2: sent at 181615000000, MotionEvent { action=ACTION_DOWN, id[0]=0, x[0]=106.0, y[0]=567.0, toolType[0]=TOOL_TYPE_UNKNOWN, buttonState=0, metaState=0, flags=0x0, edgeFlags=0x0, pointerCount=1, historySize=0, eventTime=181615, downTime=181613, deviceId=0, source=0x1002 }
D/InputEventConsistencyVerifier(  424):   3: sent at 181561000000, MotionEvent { action=ACTION_UP, id[0]=0, x[0]=312.0, y[0]=341.0, toolType[0]=TOOL_TYPE_UNKNOWN, buttonState=0, metaState=0, flags=0x0, edgeFlags=0x0, pointerCount=1, historySize=0, eventTime=181561, downTime=181535, deviceId=0, source=0x1002 }
D/InputEventConsistencyVerifier(  424):   4: sent at 181536000000, MotionEvent { action=ACTION_DOWN, id[0]=0, x[0]=299.0, y[0]=348.0, toolType[0]=TOOL_TYPE_UNKNOWN, buttonState=0, metaState=0, flags=0x80000000, edgeFlags=0x0, pointerCount=1, historySize=0, eventTime=181536, downTime=181535, deviceId=0, source=0x1002 }
D/InputEventConsistencyVerifier(  424):   5: sent at 181341500000, MotionEvent { action=ACTION_MOVE, id[0]=0, x[0]=396.5, y[0]=288.0, toolType[0]=TOOL_TYPE_UNKNOWN, buttonState=0, metaState=0, flags=0x0, edgeFlags=0x0, pointerCount=1, historySize=1, eventTime=181341, downTime=181237, deviceId=0, source=0x1002 }
D/InputEventConsistencyVerifier(  424): KeyEvent: ACTION_UP but key was not down.
D/InputEventConsistencyVerifier(  424):   in com.android.systemui.statusbar.phone.StatusBarWindowView@b3dbc248
D/InputEventConsistencyVerifier(  424):   0: sent at 182093000000, KeyEvent { action=ACTION_UP, keyCode=KEYCODE_DPAD_UP, scanCode=0, metaState=0, flags=0x8, repeatCount=0, eventTime=182093, downTime=182093, deviceId=-1, source=0x101 }
D/InputEventConsistencyVerifier(  424):   -- recent events --
D/InputEventConsistencyVerifier(  424):   1: sent at 182040000000, MotionEvent { action=ACTION_UP, id[0]=0, x[0]=446.0, y[0]=686.0, toolType[0]=TOOL_TYPE_UNKNOWN, buttonState=0, metaState=0, flags=0x0, edgeFlags=0x0, pointerCount=1, historySize=0, eventTime=182040, downTime=181915, deviceId=0, source=0x1002 }
D/InputEventConsistencyVerifier(  424):   2: sent at 182037000000, MotionEvent { action=ACTION_MOVE, id[0]=0, x[0]=443.0, y[0]=668.0, toolType[0]=TOOL_TYPE_UNKNOWN, buttonState=0, metaState=0, flags=0x0, edgeFlags=0x0, pointerCount=1, historySize=0, eventTime=182037, downTime=181915, deviceId=0, source=0x1002 }
D/InputEventConsistencyVerifier(  424):   3: sent at 182007633990, MotionEvent { action=ACTION_MOVE, id[0]=0, x[0]=443.0, y[0]=649.2405, toolType[0]=TOOL_TYPE_UNKNOWN, buttonState=0, metaState=0, flags=0x0, edgeFlags=0x0, pointerCount=1, historySize=6, eventTime=182007, downTime=181915, deviceId=0, source=0x1002 }
D/InputEventConsistencyVerifier(  424):   4: sent at 181918000000, MotionEvent { action=ACTION_DOWN, id[0]=0, x[0]=439.0, y[0]=575.0, toolType[0]=TOOL_TYPE_UNKNOWN, buttonState=0, metaState=0, flags=0x0, edgeFlags=0x0, pointerCount=1, historySize=0, eventTime=181918, downTime=181915, deviceId=0, source=0x1002 }
D/InputEventConsistencyVerifier(  424):   5: sent at 181765000000, (unhandled) KeyEvent { action=ACTION_UP, keyCode=KEYCODE_NUMPAD_SUBTRACT, scanCode=0, metaState=0, flags=0x8, repeatCount=0, eventTime=181765, downTime=181765, deviceId=-1, source=0x101 }
I/Choreographer( 1019): Skipped 60 frames!  The application may be doing too much work on its main thread.
D/InputEventConsistencyVerifier(  424): TouchEvent: ACTION_DOWN but pointers are already down.  Probably missing ACTION_UP from previous gesture.
D/InputEventConsistencyVerifier(  424):   in android.view.ScaleGestureDetector@b3e5ca78
D/InputEventConsistencyVerifier(  424):   0: sent at 182118000000, MotionEvent { action=ACTION_DOWN, id[0]=0, x[0]=112.0, y[0]=795.0, toolType[0]=TOOL_TYPE_UNKNOWN, buttonState=0, metaState=0, flags=0x0, edgeFlags=0x0, pointerCount=1, historySize=0, eventTime=182118, downTime=182116, deviceId=0, source=0x1002 }
D/InputEventConsistencyVerifier(  424):   -- recent events --
D/InputEventConsistencyVerifier(  424):   1: sent at 182007633990, MotionEvent { action=ACTION_MOVE, id[0]=0, x[0]=443.0, y[0]=649.2405, toolType[0]=TOOL_TYPE_UNKNOWN, buttonState=0, metaState=0, flags=0x0, edgeFlags=0x0, pointerCount=1, historySize=6, eventTime=182007, downTime=181915, deviceId=0, source=0x1002 }
D/InputEventConsistencyVerifier(  424):   2: sent at 181918000000, MotionEvent { action=ACTION_DOWN, id[0]=0, x[0]=439.0, y[0]=575.0, toolType[0]=TOOL_TYPE_UNKNOWN, buttonState=0, metaState=0, flags=0x80000000, edgeFlags=0x0, pointerCount=1, historySize=0, eventTime=181918, downTime=181915, deviceId=0, source=0x1002 }
D/InputEventConsistencyVerifier(  424):   3: sent at 181670000000, MotionEvent { action=ACTION_MOVE, id[0]=0, x[0]=120.0, y[0]=584.0, toolType[0]=TOOL_TYPE_UNKNOWN, buttonState=0, metaState=0, flags=0x0, edgeFlags=0x0, pointerCount=1, historySize=3, eventTime=181670, downTime=181613, deviceId=0, source=0x1002 }
D/InputEventConsistencyVerifier(  424):   4: sent at 181615000000, MotionEvent { action=ACTION_DOWN, id[0]=0, x[0]=106.0, y[0]=567.0, toolType[0]=TOOL_TYPE_UNKNOWN, buttonState=0, metaState=0, flags=0x0, edgeFlags=0x0, pointerCount=1, historySize=0, eventTime=181615, downTime=181613, deviceId=0, source=0x1002 }
D/InputEventConsistencyVerifier(  424):   5: sent at 181561000000, MotionEvent { action=ACTION_UP, id[0]=0, x[0]=312.0, y[0]=341.0, toolType[0]=TOOL_TYPE_UNKNOWN, buttonState=0, metaState=0, flags=0x0, edgeFlags=0x0, pointerCount=1, historySize=0, eventTime=181561, downTime=181535, deviceId=0, source=0x1002 }
W/dalvikvm(  424): DroidBox: { "FdAccess": { "path": "2f70726f632f6d656d696e666f", "id": "210378009" } }
W/DroidBox(  424): DroidBox: { "FileRW": { "operation": "read", "data": "4d656d546f74616c3a202020202020202020373438393634206b420a4d656d467265653a20202020202020202020343438313136206b420a427566666572733a20202020202020202020202035343838206b420a4361636865643a202020202020202020", "id": "210378009" } }
D/InputEventConsistencyVerifier(  424): KeyEvent: ACTION_UP but key was not down.
D/InputEventConsistencyVerifier(  424):   in com.android.systemui.statusbar.phone.StatusBarWindowView@b3dbc248
D/InputEventConsistencyVerifier(  424):   0: sent at 182376000000, KeyEvent { action=ACTION_UP, keyCode=KEYCODE_DPAD_CENTER, scanCode=0, metaState=0, flags=0x8, repeatCount=0, eventTime=182376, downTime=182376, deviceId=-1, source=0x101 }
D/InputEventConsistencyVerifier(  424):   -- recent events --
D/InputEventConsistencyVerifier(  424):   1: sent at 182171000000, MotionEvent { action=ACTION_UP, id[0]=0, x[0]=102.0, y[0]=763.0, toolType[0]=TOOL_TYPE_UNKNOWN, buttonState=0, metaState=0, flags=0x0, edgeFlags=0x0, pointerCount=1, historySize=0, eventTime=182171, downTime=182116, deviceId=0, source=0x1002 }
D/InputEventConsistencyVerifier(  424):   2: sent at 182165000000, MotionEvent { action=ACTION_MOVE, id[0]=0, x[0]=109.0, y[0]=768.0, toolType[0]=TOOL_TYPE_UNKNOWN, buttonState=0, metaState=0, flags=0x0, edgeFlags=0x0, pointerCount=1, historySize=3, eventTime=182165, downTime=182116, deviceId=0, source=0x1002 }
D/InputEventConsistencyVerifier(  424):   3: sent at 182118000000, MotionEvent { action=ACTION_DOWN, id[0]=0, x[0]=112.0, y[0]=795.0, toolType[0]=TOOL_TYPE_UNKNOWN, buttonState=0, metaState=0, flags=0x0, edgeFlags=0x0, pointerCount=1, historySize=0, eventTime=182118, downTime=182116, deviceId=0, source=0x1002 }
D/InputEventConsistencyVerifier(  424):   4: sent at 182093000000, (unhandled) KeyEvent { action=ACTION_UP, keyCode=KEYCODE_DPAD_UP, scanCode=0, metaState=0, flags=0x80000008, repeatCount=0, eventTime=182093, downTime=182093, deviceId=-1, source=0x101 }
D/InputEventConsistencyVerifier(  424):   5: sent at 182040000000, MotionEvent { action=ACTION_UP, id[0]=0, x[0]=446.0, y[0]=686.0, toolType[0]=TOOL_TYPE_UNKNOWN, buttonState=0, metaState=0, flags=0x0, edgeFlags=0x0, pointerCount=1, historySize=0, eventTime=182040, downTime=181915, deviceId=0, source=0x1002 }
I/Choreographer(  424): Skipped 104 frames!  The application may be doing too much work on its main thread.
D/InputEventConsistencyVerifier(  424): KeyEvent: ACTION_UP but key was not down.
D/InputEventConsistencyVerifier(  424):   in com.android.systemui.statusbar.phone.StatusBarWindowView@b3dbc248
D/InputEventConsistencyVerifier(  424):   0: sent at 182648000000, KeyEvent { action=ACTION_UP, keyCode=KEYCODE_DPAD_CENTER, scanCode=0, metaState=0, flags=0x8, repeatCount=0, eventTime=182648, downTime=182648, deviceId=-1, source=0x101 }
D/InputEventConsistencyVerifier(  424):   -- recent events --
D/InputEventConsistencyVerifier(  424):   1: sent at 182608000000, MotionEvent { action=ACTION_UP, id[0]=0, x[0]=186.0, y[0]=703.0, toolType[0]=TOOL_TYPE_UNKNOWN, buttonState=0, metaState=0, flags=0x0, edgeFlags=0x0, pointerCount=1, historySize=0, eventTime=182608, downTime=182395, deviceId=0, source=0x1002 }
D/InputEventConsistencyVerifier(  424):   2: sent at 182605000000, MotionEvent { action=ACTION_MOVE, id[0]=0, x[0]=184.0, y[0]=695.0, toolType[0]=TOOL_TYPE_UNKNOWN, buttonState=0, metaState=0, flags=0x0, edgeFlags=0x0, pointerCount=1, historySize=1, eventTime=182605, downTime=182395, deviceId=0, source=0x1002 }
D/InputEventConsistencyVerifier(  424):   3: sent at 182531000000, MotionEvent { action=ACTION_MOVE, id[0]=0, x[0]=178.0, y[0]=677.0, toolType[0]=TOOL_TYPE_UNKNOWN, buttonState=0, metaState=0, flags=0x0, edgeFlags=0x0, pointerCount=1, historySize=6, eventTime=182531, downTime=182395, deviceId=0, source=0x1002 }
D/InputEventConsistencyVerifier(  424):   4: sent at 182398000000, MotionEvent { action=ACTION_DOWN, id[0]=0, x[0]=126.0, y[0]=643.0, toolType[0]=TOOL_TYPE_UNKNOWN, buttonState=0, metaState=0, flags=0x0, edgeFlags=0x0, pointerCount=1, historySize=0, eventTime=182398, downTime=182395, deviceId=0, source=0x1002 }
D/InputEventConsistencyVerifier(  424):   5: sent at 182376000000, (unhandled) KeyEvent { action=ACTION_UP, keyCode=KEYCODE_DPAD_CENTER, scanCode=0, metaState=0, flags=0x80000008, repeatCount=0, eventTime=182376, downTime=182376, deviceId=-1, source=0x101 }
W/dalvikvm(  424): DroidBox: { "FdAccess": { "path": "2f70726f632f6d656d696e666f", "id": "834050976" } }
W/DroidBox(  424): DroidBox: { "FileRW": { "operation": "read", "data": "4d656d546f74616c3a202020202020202020373438393634206b420a4d656d467265653a20202020202020202020343438313136206b420a427566666572733a20202020202020202020202035343838206b420a4361636865643a202020202020202020", "id": "834050976" } }
I/Choreographer( 1019): Skipped 42 frames!  The application may be doing too much work on its main thread.
I/Choreographer(  424): Skipped 60 frames!  The application may be doing too much work on its main thread.
W/dalvikvm(  424): DroidBox: { "FdAccess": { "path": "2f70726f632f6d656d696e666f", "id": "1561253232" } }
W/DroidBox(  424): DroidBox: { "FileRW": { "operation": "read", "data": "4d656d546f74616c3a202020202020202020373438393634206b420a4d656d467265653a20202020202020202020343438313136206b420a427566666572733a20202020202020202020202035343838206b420a4361636865643a202020202020202020", "id": "1561253232" } }
D/InputEventConsistencyVerifier(  424): TouchEvent: ACTION_DOWN but pointers are already down.  Probably missing ACTION_UP from previous gesture.
D/InputEventConsistencyVerifier(  424):   in android.view.ScaleGestureDetector@b3e5ca78
D/InputEventConsistencyVerifier(  424):   0: sent at 183206000000, MotionEvent { action=ACTION_DOWN, id[0]=0, x[0]=463.0, y[0]=438.0, toolType[0]=TOOL_TYPE_UNKNOWN, buttonState=0, metaState=0, flags=0x0, edgeFlags=0x0, pointerCount=1, historySize=0, eventTime=183206, downTime=183182, deviceId=0, source=0x1002 }
D/InputEventConsistencyVerifier(  424):   -- recent events --
D/InputEventConsistencyVerifier(  424):   1: sent at 182531000000, MotionEvent { action=ACTION_MOVE, id[0]=0, x[0]=178.0, y[0]=677.0, toolType[0]=TOOL_TYPE_UNKNOWN, buttonState=0, metaState=0, flags=0x0, edgeFlags=0x0, pointerCount=1, historySize=6, eventTime=182531, downTime=182395, deviceId=0, source=0x1002 }
D/InputEventConsistencyVerifier(  424):   2: sent at 182398000000, MotionEvent { action=ACTION_DOWN, id[0]=0, x[0]=126.0, y[0]=643.0, toolType[0]=TOOL_TYPE_UNKNOWN, buttonState=0, metaState=0, flags=0x0, edgeFlags=0x0, pointerCount=1, historySize=0, eventTime=182398, downTime=182395, deviceId=0, source=0x1002 }
D/InputEventConsistencyVerifier(  424):   3: sent at 182171000000, MotionEvent { action=ACTION_UP, id[0]=0, x[0]=102.0, y[0]=763.0, toolType[0]=TOOL_TYPE_UNKNOWN, buttonState=0, metaState=0, flags=0x0, edgeFlags=0x0, pointerCount=1, historySize=0, eventTime=182171, downTime=182116, deviceId=0, source=0x1002 }
D/InputEventConsistencyVerifier(  424):   4: sent at 182165000000, MotionEvent { action=ACTION_MOVE, id[0]=0, x[0]=109.0, y[0]=768.0, toolType[0]=TOOL_TYPE_UNKNOWN, buttonState=0, metaState=0, flags=0x0, edgeFlags=0x0, pointerCount=1, historySize=3, eventTime=182165, downTime=182116, deviceId=0, source=0x1002 }
D/InputEventConsistencyVerifier(  424):   5: sent at 182118000000, MotionEvent { action=ACTION_DOWN, id[0]=0, x[0]=112.0, y[0]=795.0, toolType[0]=TOOL_TYPE_UNKNOWN, buttonState=0, metaState=0, flags=0x80000000, edgeFlags=0x0, pointerCount=1, historySize=0, eventTime=182118, downTime=182116, deviceId=0, source=0x1002 }
I/ActivityManager(  228): START {act=android.intent.action.CALL_BUTTON flg=0x10000000 cmp=com.android.contacts/.activities.DialtactsActivity u=0} from pid 424
I/Choreographer(  424): Skipped 57 frames!  The application may be doing too much work on its main thread.
W/dalvikvm(  424): DroidBox: { "FdAccess": { "path": "2f70726f632f6d656d696e666f", "id": "1410799331" } }
W/DroidBox(  424): DroidBox: { "FileRW": { "operation": "read", "data": "4d656d546f74616c3a202020202020202020373438393634206b420a4d656d467265653a20202020202020202020343438313136206b420a427566666572733a20202020202020202020202035343838206b420a4361636865643a202020202020202020", "id": "1410799331" } }
W/dalvikvm(  424): DroidBox: { "FdAccess": { "path": "2f70726f632f6d656d696e666f", "id": "474854794" } }
W/DroidBox(  424): DroidBox: { "FileRW": { "operation": "read", "data": "4d656d546f74616c3a202020202020202020373438393634206b420a4d656d467265653a20202020202020202020343438313136206b420a427566666572733a20202020202020202020202035343838206b420a4361636865643a202020202020202020", "id": "474854794" } }
W/dalvikvm(  424): DroidBox: { "FdAccess": { "path": "2f70726f632f6d656d696e666f", "id": "1798473827" } }
W/DroidBox(  424): DroidBox: { "FileRW": { "operation": "read", "data": "4d656d546f74616c3a202020202020202020373438393634206b420a4d656d467265653a20202020202020202020343438313136206b420a427566666572733a20202020202020202020202035343838206b420a4361636865643a202020202020202020", "id": "1798473827" } }
D/InputEventConsistencyVerifier(  424): KeyEvent: ACTION_UP but key was not down.
D/InputEventConsistencyVerifier(  424):   in com.android.systemui.statusbar.phone.StatusBarWindowView@b3dbc248
D/InputEventConsistencyVerifier(  424):   0: sent at 183603000000, KeyEvent { action=ACTION_UP, keyCode=KEYCODE_DPAD_RIGHT, scanCode=0, metaState=0, flags=0x400, repeatCount=0, eventTime=183603, downTime=183603, deviceId=-1, source=0x101 }
D/InputEventConsistencyVerifier(  424):   -- recent events --
D/InputEventConsistencyVerifier(  424):   1: sent at 183581000000, (unhandled) MotionEvent { action=ACTION_MOVE, id[0]=0, x[0]=3.0, y[0]=-2.0, toolType[0]=TOOL_TYPE_UNKNOWN, buttonState=0, metaState=0, flags=0x0, edgeFlags=0x0, pointerCount=1, historySize=4, eventTime=183581, downTime=-1, deviceId=0, source=0x10004 }
D/InputEventConsistencyVerifier(  424):   2: sent at 183509000000, (unhandled) MotionEvent { action=ACTION_MOVE, id[0]=0, x[0]=-1.0, y[0]=0.0, toolType[0]=TOOL_TYPE_UNKNOWN, buttonState=0, metaState=0, flags=0x0, edgeFlags=0x0, pointerCount=1, historySize=4, eventTime=183509, downTime=-1, deviceId=0, source=0x10004 }
D/InputEventConsistencyVerifier(  424):   3: sent at 183358000000, (unhandled) KeyEvent { action=ACTION_UP, keyCode=KEYCODE_CALL, scanCode=0, metaState=0, flags=0x8, repeatCount=0, eventTime=183358, downTime=183358, deviceId=-1, source=0x101 }
D/InputEventConsistencyVerifier(  424):   4: sent at 183321000000, (unhandled) KeyEvent { action=ACTION_DOWN, keyCode=KEYCODE_CALL, scanCode=0, metaState=0, flags=0x8, repeatCount=0, eventTime=183321, downTime=183321, deviceId=-1, source=0x101 }
D/InputEventConsistencyVerifier(  424):   5: sent at 183300000000, MotionEvent { action=ACTION_UP, id[0]=0, x[0]=388.0, y[0]=505.0, toolType[0]=TOOL_TYPE_UNKNOWN, buttonState=0, metaState=0, flags=0x0, edgeFlags=0x0, pointerCount=1, historySize=0, eventTime=183300, downTime=183182, deviceId=0, source=0x1002 }
I/Choreographer( 1019): Skipped 115 frames!  The application may be doing too much work on its main thread.
D/InputEventConsistencyVerifier( 1019): KeyEvent: ACTION_UP but key was not down.
D/InputEventConsistencyVerifier( 1019):   in android.view.ViewRootImpl@b3d9db40
D/InputEventConsistencyVerifier( 1019):   0: sent at 183667000000, KeyEvent { action=ACTION_UP, keyCode=KEYCODE_DPAD_UP, scanCode=0, metaState=0, flags=0x8, repeatCount=0, eventTime=183667, downTime=183667, deviceId=-1, source=0x101 }
D/InputEventConsistencyVerifier( 1019):   -- recent events --
D/InputEventConsistencyVerifier( 1019):   1: sent at 178582000000, MotionEvent { action=ACTION_MOVE, id[0]=0, x[0]=-1.0, y[0]=-1.0, toolType[0]=TOOL_TYPE_UNKNOWN, buttonState=0, metaState=0, flags=0x0, edgeFlags=0x0, pointerCount=1, historySize=5, eventTime=178582, downTime=-1, deviceId=0, source=0x10004 }
D/InputEventConsistencyVerifier( 1019):   2: sent at 178649000000, KeyEvent { action=ACTION_UP, keyCode=KEYCODE_DPAD_DOWN, scanCode=0, metaState=0, flags=0x400, repeatCount=0, eventTime=178649, downTime=178649, deviceId=-1, source=0x101 }
D/InputEventConsistencyVerifier( 1019):   3: sent at 178649000000, KeyEvent { action=ACTION_DOWN, keyCode=KEYCODE_DPAD_DOWN, scanCode=0, metaState=0, flags=0x400, repeatCount=0, eventTime=178649, downTime=178649, deviceId=-1, source=0x101 }
D/InputEventConsistencyVerifier( 1019):   4: sent at 178648000000, KeyEvent { action=ACTION_UP, keyCode=KEYCODE_DPAD_DOWN, scanCode=0, metaState=0, flags=0x400, repeatCount=0, eventTime=178648, downTime=178648, deviceId=-1, source=0x101 }
D/InputEventConsistencyVerifier( 1019):   5: sent at 178648000000, KeyEvent { action=ACTION_DOWN, keyCode=KEYCODE_DPAD_DOWN, scanCode=0, metaState=0, flags=0x400, repeatCount=0, eventTime=178648, downTime=178648, deviceId=-1, source=0x101 }
I/Choreographer(  424): Skipped 95 frames!  The application may be doing too much work on its main thread.
V/PhoneStatusBar(  424): setLightsOn(true)
D/PhoneStatusBar(  424): disable: < expand icons alerts ticker* system_info back home recent clock >
I/Choreographer( 1019): Skipped 35 frames!  The application may be doing too much work on its main thread.
I/Choreographer( 1019): Skipped 46 frames!  The application may be doing too much work on its main thread.
E/WVMExtractor(   61): Failed to open libwvm.so
W/BackupManagerService(  228): dataChanged but no participant pkg='com.android.providers.settings' uid=10011
D/PhoneStatusBar(  424): disable: < EXPAND* icons alerts ticker system_info back home recent clock >
I/Choreographer( 1019): Skipped 64 frames!  The application may be doing too much work on its main thread.
D/InputEventConsistencyVerifier(  228): KeyEvent: ACTION_UP but key was not down.
D/InputEventConsistencyVerifier(  228):   in android.view.ViewRootImpl@b404a1d0
D/InputEventConsistencyVerifier(  228):   0: sent at 185177000000, KeyEvent { action=ACTION_UP, keyCode=KEYCODE_DPAD_DOWN, scanCode=0, metaState=0, flags=0x8, repeatCount=0, eventTime=185177, downTime=185177, deviceId=-1, source=0x101 }
I/Choreographer(  228): Skipped 34 frames!  The application may be doing too much work on its main thread.
I/Choreographer( 1019): Skipped 31 frames!  The application may be doing too much work on its main thread.
I/Choreographer(  228): Skipped 53 frames!  The application may be doing too much work on its main thread.
D/InputEventConsistencyVerifier(  228): KeyEvent: ACTION_UP but key was not down.
D/InputEventConsistencyVerifier(  228):   in com.android.internal.policy.impl.PhoneWindow$DecorView@b41a8188
D/InputEventConsistencyVerifier(  228):   0: sent at 186466000000, KeyEvent { action=ACTION_UP, keyCode=KEYCODE_DPAD_DOWN, scanCode=0, metaState=0, flags=0x400, repeatCount=0, eventTime=186466, downTime=186466, deviceId=-1, source=0x101 }
D/InputEventConsistencyVerifier(  228):   -- recent events --
D/InputEventConsistencyVerifier(  228):   1: sent at 186338000000, (unhandled) MotionEvent { action=ACTION_MOVE, id[0]=0, x[0]=-2.0, y[0]=2.0, toolType[0]=TOOL_TYPE_UNKNOWN, buttonState=0, metaState=0, flags=0x0, edgeFlags=0x0, pointerCount=1, historySize=9, eventTime=186338, downTime=-1, deviceId=0, source=0x10004 }
D/InputEventConsistencyVerifier(  228):   2: sent at 186191000000, (unhandled) KeyEvent { action=ACTION_UP, keyCode=KEYCODE_MENU, scanCode=0, metaState=0, flags=0x8, repeatCount=0, eventTime=186191, downTime=186191, deviceId=-1, source=0x101 }
D/InputEventConsistencyVerifier(  228):   3: sent at 186187000000, (unhandled) KeyEvent { action=ACTION_DOWN, keyCode=KEYCODE_MENU, scanCode=0, metaState=0, flags=0x8, repeatCount=0, eventTime=186187, downTime=186187, deviceId=-1, source=0x101 }
D/InputEventConsistencyVerifier(  228):   4: sent at 186181000000, (unhandled) KeyEvent { action=ACTION_UP, keyCode=KEYCODE_MENU, scanCode=0, metaState=0, flags=0x8, repeatCount=0, eventTime=186181, downTime=186181, deviceId=-1, source=0x101 }
D/InputEventConsistencyVerifier(  228):   5: sent at 186107000000, (unhandled) KeyEvent { action=ACTION_DOWN, keyCode=KEYCODE_MENU, scanCode=0, metaState=0, flags=0x8, repeatCount=0, eventTime=186107, downTime=186107, deviceId=-1, source=0x101 }
W/WindowManager(  228): Failure taking screenshot for (246x410) to layer 21010
D/PhoneStatusBar(  424): disable: < expand* icons alerts ticker system_info back home recent clock >
V/PhoneStatusBar(  424): setLightsOn(true)
D/InputEventConsistencyVerifier( 1019): KeyEvent: ACTION_UP but key was not down.
D/InputEventConsistencyVerifier( 1019):   in android.view.ViewRootImpl@b3d9db40
D/InputEventConsistencyVerifier( 1019):   0: sent at 186851000000, KeyEvent { action=ACTION_UP, keyCode=KEYCODE_DPAD_DOWN, scanCode=0, metaState=0, flags=0x8, repeatCount=0, eventTime=186851, downTime=186851, deviceId=-1, source=0x101 }
D/InputEventConsistencyVerifier( 1019):   -- recent events --
D/InputEventConsistencyVerifier( 1019):   1: sent at 185166000000, KeyEvent { action=ACTION_UP, keyCode=KEYCODE_DPAD_DOWN, scanCode=0, metaState=0, flags=0x28, repeatCount=0, eventTime=185166, downTime=185094, deviceId=-1, source=0x101 }
D/InputEventConsistencyVerifier( 1019):   2: sent at 185094000000, KeyEvent { action=ACTION_DOWN, keyCode=KEYCODE_DPAD_DOWN, scanCode=0, metaState=0, flags=0x8, repeatCount=0, eventTime=185094, downTime=185094, deviceId=-1, source=0x101 }
D/InputEventConsistencyVerifier( 1019):   3: sent at 185054000000, KeyEvent { action=ACTION_UP, keyCode=KEYCODE_DPAD_CENTER, scanCode=0, metaState=0, flags=0x8, repeatCount=0, eventTime=185054, downTime=185054, deviceId=-1, source=0x101 }
D/InputEventConsistencyVerifier( 1019):   4: sent at 185022000000, KeyEvent { action=ACTION_DOWN, keyCode=KEYCODE_DPAD_CENTER, scanCode=0, metaState=0, flags=0x8, repeatCount=0, eventTime=185022, downTime=185022, deviceId=-1, source=0x101 }
D/InputEventConsistencyVerifier( 1019):   5: sent at 185015000000, MotionEvent { action=ACTION_UP, id[0]=0, x[0]=66.0, y[0]=-96.0, toolType[0]=TOOL_TYPE_UNKNOWN, buttonState=0, metaState=0, flags=0x0, edgeFlags=0x0, pointerCount=1, historySize=0, eventTime=185015, downTime=184990, deviceId=0, source=0x1002 }
I/MainActivity(1.0.11.0429)( 1019): [MainActivity]onResume
I/MainActivity(1.0.11.0429)( 1019): [ADService:onResume]已安装资源ID：
I/MainActivity(1.0.11.0429)( 1019): [MainActivity:onResume]InstallComplete:false RepeateInstall:false IsUpdate：false
E/WVMExtractor(   61): Failed to open libwvm.so
D/InputEventConsistencyVerifier( 1019): TrackballEvent: Trackball is down but pressure is not greater than 0.
D/InputEventConsistencyVerifier( 1019):   in android.view.ViewRootImpl@b3d9db40
D/InputEventConsistencyVerifier( 1019):   0: sent at 187390000000, MotionEvent { action=ACTION_DOWN, id[0]=0, x[0]=0.0, y[0]=0.0, toolType[0]=TOOL_TYPE_UNKNOWN, buttonState=0, metaState=0, flags=0x0, edgeFlags=0x0, pointerCount=1, historySize=0, eventTime=187390, downTime=187260, deviceId=0, source=0x10004 }
D/InputEventConsistencyVerifier( 1019):   -- recent events --
D/InputEventConsistencyVerifier( 1019):   1: sent at 187551000000, KeyEvent { action=ACTION_UP, keyCode=KEYCODE_DPAD_LEFT, scanCode=0, metaState=0, flags=0x400, repeatCount=0, eventTime=187551, downTime=187551, deviceId=-1, source=0x101 }
D/InputEventConsistencyVerifier( 1019):   2: sent at 187551000000, KeyEvent { action=ACTION_DOWN, keyCode=KEYCODE_DPAD_LEFT, scanCode=0, metaState=0, flags=0x400, repeatCount=0, eventTime=187551, downTime=187551, deviceId=-1, source=0x101 }
D/InputEventConsistencyVerifier( 1019):   3: sent at 187550000000, KeyEvent { action=ACTION_UP, keyCode=KEYCODE_DPAD_LEFT, scanCode=0, metaState=0, flags=0x400, repeatCount=0, eventTime=187550, downTime=187550, deviceId=-1, source=0x101 }
D/InputEventConsistencyVerifier( 1019):   4: sent at 187550000000, KeyEvent { action=ACTION_DOWN, keyCode=KEYCODE_DPAD_LEFT, scanCode=0, metaState=0, flags=0x400, repeatCount=0, eventTime=187550, downTime=187550, deviceId=-1, source=0x101 }
D/InputEventConsistencyVerifier( 1019):   5: sent at 187532000000, KeyEvent { action=ACTION_UP, keyCode=KEYCODE_DPAD_LEFT, scanCode=0, metaState=0, flags=0x400, repeatCount=0, eventTime=187532, downTime=187532, deviceId=-1, source=0x101 }
I/Choreographer( 1019): Skipped 168 frames!  The application may be doing too much work on its main thread.
E/MetadataRetrieverClient(   61): failed to extract an album art
D/InputEventConsistencyVerifier( 1019): KeyEvent: ACTION_UP but key was not down.
D/InputEventConsistencyVerifier( 1019):   in com.android.internal.policy.impl.PhoneWindow$DecorView@b3e2b100
D/InputEventConsistencyVerifier( 1019):   0: sent at 187948000000, KeyEvent { action=ACTION_UP, keyCode=KEYCODE_DPAD_DOWN, scanCode=0, metaState=0, flags=0x8, repeatCount=0, eventTime=187948, downTime=187948, deviceId=-1, source=0x101 }
D/InputEventConsistencyVerifier( 1019):   -- recent events --
D/InputEventConsistencyVerifier( 1019):   1: sent at 187488000000, (unhandled) KeyEvent { action=ACTION_UP, keyCode=KEYCODE_0, scanCode=0, metaState=0, flags=0x8, repeatCount=0, eventTime=187488, downTime=187488, deviceId=-1, source=0x101 }
D/InputEventConsistencyVerifier( 1019):   2: sent at 187399000000, (unhandled) KeyEvent { action=ACTION_DOWN, keyCode=KEYCODE_0, scanCode=0, metaState=0, flags=0x8, repeatCount=0, eventTime=187399, downTime=187399, deviceId=-1, source=0x101 }
I/ARMAssembler(   58): generated scanline__00000077:03515104_00009001_00000000 [131 ipp] (153 ins) at [0xb5cde8d0:0xb5cdeb34] in 0 ns
I/Choreographer( 1019): Skipped 142 frames!  The application may be doing too much work on its main thread.
D/InputEventConsistencyVerifier( 1019): KeyEvent: ACTION_UP but key was not down.
D/InputEventConsistencyVerifier( 1019):   in com.android.internal.policy.impl.PhoneWindow$DecorView@b3e2b100
D/InputEventConsistencyVerifier( 1019):   0: sent at 188475000000, KeyEvent { action=ACTION_UP, keyCode=KEYCODE_DPAD_DOWN, scanCode=0, metaState=0, flags=0x400, repeatCount=0, eventTime=188475, downTime=188475, deviceId=-1, source=0x101 }
D/InputEventConsistencyVerifier( 1019):   -- recent events --
D/InputEventConsistencyVerifier( 1019):   1: sent at 188331000000, (unhandled) MotionEvent { action=ACTION_MOVE, id[0]=0, x[0]=1.0, y[0]=4.0, toolType[0]=TOOL_TYPE_UNKNOWN, buttonState=0, metaState=0, flags=0x0, edgeFlags=0x0, pointerCount=1, historySize=9, eventTime=188331, downTime=-1, deviceId=0, source=0x10004 }
D/InputEventConsistencyVerifier( 1019):   2: sent at 187948000000, (unhandled) KeyEvent { action=ACTION_UP, keyCode=KEYCODE_DPAD_DOWN, scanCode=0, metaState=0, flags=0x80000008, repeatCount=0, eventTime=187948, downTime=187948, deviceId=-1, source=0x101 }
D/InputEventConsistencyVerifier( 1019):   3: sent at 187488000000, (unhandled) KeyEvent { action=ACTION_UP, keyCode=KEYCODE_0, scanCode=0, metaState=0, flags=0x8, repeatCount=0, eventTime=187488, downTime=187488, deviceId=-1, source=0x101 }
D/InputEventConsistencyVerifier( 1019):   4: sent at 187399000000, (unhandled) KeyEvent { action=ACTION_DOWN, keyCode=KEYCODE_0, scanCode=0, metaState=0, flags=0x8, repeatCount=0, eventTime=187399, downTime=187399, deviceId=-1, source=0x101 }
D/InputEventConsistencyVerifier( 1019): KeyEvent: ACTION_UP but key was not down.
D/InputEventConsistencyVerifier( 1019):   in android.widget.Button@b3e51a20
D/InputEventConsistencyVerifier( 1019):   0: sent at 188519000000, KeyEvent { action=ACTION_UP, keyCode=KEYCODE_DPAD_RIGHT, scanCode=0, metaState=0, flags=0x8, repeatCount=0, eventTime=188519, downTime=188519, deviceId=-1, source=0x101 }
E/WVMExtractor(   61): Failed to open libwvm.so
E/WVMExtractor(   61): Failed to open libwvm.so
D/InputEventConsistencyVerifier( 1019): KeyEvent: ACTION_UP but key was not down.
D/InputEventConsistencyVerifier( 1019):   in com.android.internal.policy.impl.PhoneWindow$DecorView@b3e2b100
D/InputEventConsistencyVerifier( 1019):   0: sent at 189508000000, KeyEvent { action=ACTION_UP, keyCode=KEYCODE_DPAD_RIGHT, scanCode=0, metaState=0, flags=0x400, repeatCount=0, eventTime=189508, downTime=189508, deviceId=-1, source=0x101 }
D/InputEventConsistencyVerifier( 1019):   -- recent events --
D/InputEventConsistencyVerifier( 1019):   1: sent at 189300000000, (unhandled) MotionEvent { action=ACTION_MOVE, id[0]=0, x[0]=2.0, y[0]=-1.0, toolType[0]=TOOL_TYPE_UNKNOWN, buttonState=0, metaState=0, flags=0x0, edgeFlags=0x0, pointerCount=1, historySize=9, eventTime=189300, downTime=-1, deviceId=0, source=0x10004 }
D/InputEventConsistencyVerifier( 1019):   2: sent at 189250000000, MotionEvent { action=ACTION_UP, id[0]=0, x[0]=140.0, y[0]=264.0, toolType[0]=TOOL_TYPE_UNKNOWN, buttonState=0, metaState=0, flags=0x0, edgeFlags=0x0, pointerCount=1, historySize=0, eventTime=189250, downTime=189232, deviceId=0, source=0x1002 }
D/InputEventConsistencyVerifier( 1019):   3: sent at 189239000000, MotionEvent { action=ACTION_MOVE, id[0]=0, x[0]=140.0, y[0]=280.0, toolType[0]=TOOL_TYPE_UNKNOWN, buttonState=0, metaState=0, flags=0x0, edgeFlags=0x0, pointerCount=1, historySize=0, eventTime=189239, downTime=189232, deviceId=0, source=0x1002 }
D/InputEventConsistencyVerifier( 1019):   4: sent at 189233000000, MotionEvent { action=ACTION_DOWN, id[0]=0, x[0]=141.0, y[0]=287.0, toolType[0]=TOOL_TYPE_UNKNOWN, buttonState=0, metaState=0, flags=0x0, edgeFlags=0x0, pointerCount=1, historySize=0, eventTime=189233, downTime=189232, deviceId=0, source=0x1002 }
D/InputEventConsistencyVerifier( 1019):   5: sent at 189220000000, (unhandled) KeyEvent { action=ACTION_UP, keyCode=KEYCODE_DPAD_UP, scanCode=0, metaState=0, flags=0x8, repeatCount=0, eventTime=189220, downTime=189220, deviceId=-1, source=0x101 }
D/InputEventConsistencyVerifier( 1019): KeyEvent: ACTION_UP but key was not down.
D/InputEventConsistencyVerifier( 1019):   in android.widget.Button@b3e51a20
D/InputEventConsistencyVerifier( 1019):   0: sent at 189510000000, KeyEvent { action=ACTION_UP, keyCode=KEYCODE_DPAD_RIGHT, scanCode=0, metaState=0, flags=0x400, repeatCount=0, eventTime=189510, downTime=189510, deviceId=-1, source=0x101 }
D/InputEventConsistencyVerifier( 1019):   -- recent events --
D/InputEventConsistencyVerifier( 1019):   1: sent at 189220000000, (unhandled) KeyEvent { action=ACTION_UP, keyCode=KEYCODE_DPAD_UP, scanCode=0, metaState=0, flags=0x8, repeatCount=0, eventTime=189220, downTime=189220, deviceId=-1, source=0x101 }
D/InputEventConsistencyVerifier( 1019):   2: sent at 189183000000, (unhandled) KeyEvent { action=ACTION_DOWN, keyCode=KEYCODE_DPAD_UP, scanCode=0, metaState=0, flags=0x8, repeatCount=0, eventTime=189183, downTime=189183, deviceId=-1, source=0x101 }
D/InputEventConsistencyVerifier( 1019):   3: sent at 189095000000, KeyEvent { action=ACTION_UP, keyCode=KEYCODE_DPAD_CENTER, scanCode=0, metaState=0, flags=0x8, repeatCount=0, eventTime=189095, downTime=189095, deviceId=-1, source=0x101 }
D/InputEventConsistencyVerifier( 1019):   4: sent at 188750000000, KeyEvent { action=ACTION_DOWN, keyCode=KEYCODE_DPAD_CENTER, scanCode=0, metaState=0, flags=0x8, repeatCount=0, eventTime=188750, downTime=188750, deviceId=-1, source=0x101 }
D/InputEventConsistencyVerifier( 1019):   5: sent at 189081000000, (unhandled) KeyEvent { action=ACTION_UP, keyCode=KEYCODE_DPAD_DOWN, scanCode=0, metaState=0, flags=0x400, repeatCount=0, eventTime=189081, downTime=189081, deviceId=-1, source=0x101 }
D/InputEventConsistencyVerifier( 1019): TrackballEvent: Trackball is down but pressure is not greater than 0.
D/InputEventConsistencyVerifier( 1019):   in android.view.ViewRootImpl@b3e5a748
D/InputEventConsistencyVerifier( 1019):   0: sent at 189314000000, MotionEvent { action=ACTION_DOWN, id[0]=0, x[0]=0.0, y[0]=0.0, toolType[0]=TOOL_TYPE_UNKNOWN, buttonState=0, metaState=0, flags=0x0, edgeFlags=0x0, pointerCount=1, historySize=0, eventTime=189314, downTime=189259, deviceId=0, source=0x10004 }
D/InputEventConsistencyVerifier( 1019):   -- recent events --
D/InputEventConsistencyVerifier( 1019):   1: sent at 189510000000, KeyEvent { action=ACTION_UP, keyCode=KEYCODE_DPAD_RIGHT, scanCode=0, metaState=0, flags=0x400, repeatCount=0, eventTime=189510, downTime=189510, deviceId=-1, source=0x101 }
D/InputEventConsistencyVerifier( 1019):   2: sent at 189510000000, KeyEvent { action=ACTION_DOWN, keyCode=KEYCODE_DPAD_RIGHT, scanCode=0, metaState=0, flags=0x400, repeatCount=0, eventTime=189510, downTime=189510, deviceId=-1, source=0x101 }
D/InputEventConsistencyVerifier( 1019):   3: sent at 189508000000, KeyEvent { action=ACTION_UP, keyCode=KEYCODE_DPAD_RIGHT, scanCode=0, metaState=0, flags=0x400, repeatCount=0, eventTime=189508, downTime=189508, deviceId=-1, source=0x101 }
D/InputEventConsistencyVerifier( 1019):   4: sent at 189508000000, KeyEvent { action=ACTION_DOWN, keyCode=KEYCODE_DPAD_RIGHT, scanCode=0, metaState=0, flags=0x400, repeatCount=0, eventTime=189508, downTime=189508, deviceId=-1, source=0x101 }
D/InputEventConsistencyVerifier( 1019):   5: sent at 189300000000, MotionEvent { action=ACTION_MOVE, id[0]=0, x[0]=2.0, y[0]=-1.0, toolType[0]=TOOL_TYPE_UNKNOWN, buttonState=0, metaState=0, flags=0x0, edgeFlags=0x0, pointerCount=1, historySize=9, eventTime=189300, downTime=-1, deviceId=0, source=0x10004 }
D/InputEventConsistencyVerifier( 1019): KeyEvent: ACTION_UP but key was not down.
D/InputEventConsistencyVerifier( 1019):   in android.widget.Button@b3e4f960
D/InputEventConsistencyVerifier( 1019):   0: sent at 189691000000, KeyEvent { action=ACTION_UP, keyCode=KEYCODE_DPAD_LEFT, scanCode=0, metaState=0, flags=0x8, repeatCount=0, eventTime=189691, downTime=189691, deviceId=-1, source=0x101 }
D/InputEventConsistencyVerifier( 1019):   -- recent events --
D/InputEventConsistencyVerifier( 1019):   1: sent at 189510000000, (unhandled) KeyEvent { action=ACTION_DOWN, keyCode=KEYCODE_DPAD_RIGHT, scanCode=0, metaState=0, flags=0x400, repeatCount=0, eventTime=189510, downTime=189510, deviceId=-1, source=0x101 }
D/InputEventConsistencyVerifier( 1019):   2: sent at 189508000000, (unhandled) KeyEvent { action=ACTION_UP, keyCode=KEYCODE_DPAD_RIGHT, scanCode=0, metaState=0, flags=0x80000400, repeatCount=0, eventTime=189508, downTime=189508, deviceId=-1, source=0x101 }
D/InputEventConsistencyVerifier( 1019):   3: sent at 189250000000, MotionEvent { action=ACTION_UP, id[0]=0, x[0]=114.0, y[0]=2.0, toolType[0]=TOOL_TYPE_UNKNOWN, buttonState=0, metaState=0, flags=0x0, edgeFlags=0x0, pointerCount=1, historySize=0, eventTime=189250, downTime=189232, deviceId=0, source=0x1002 }
D/InputEventConsistencyVerifier( 1019):   4: sent at 189239000000, MotionEvent { action=ACTION_MOVE, id[0]=0, x[0]=114.0, y[0]=18.0, toolType[0]=TOOL_TYPE_UNKNOWN, buttonState=0, metaState=0, flags=0x0, edgeFlags=0x0, pointerCount=1, historySize=0, eventTime=189239, downTime=189232, deviceId=0, source=0x1002 }
D/InputEventConsistencyVerifier( 1019):   5: sent at 189233000000, MotionEvent { action=ACTION_DOWN, id[0]=0, x[0]=115.0, y[0]=25.0, toolType[0]=TOOL_TYPE_UNKNOWN, buttonState=0, metaState=0, flags=0x0, edgeFlags=0x0, pointerCount=1, historySize=0, eventTime=189233, downTime=189232, deviceId=0, source=0x1002 }
I/MainActivity(1.0.11.0429)( 1019): [MainActivity]取消安装
I/Choreographer( 1019): Skipped 104 frames!  The application may be doing too much work on its main thread.
I/MainActivity(1.0.11.0429)( 1019): [MainActivity]取消安装
E/WVMExtractor(   61): Failed to open libwvm.so
D/InputEventConsistencyVerifier( 1019): KeyEvent: ACTION_UP but key was not down.
D/InputEventConsistencyVerifier( 1019):   in android.view.ViewRootImpl@b3da1c50
D/InputEventConsistencyVerifier( 1019):   0: sent at 190135000000, KeyEvent { action=ACTION_UP, keyCode=KEYCODE_BUTTON_Y, scanCode=0, metaState=0, flags=0x8, repeatCount=0, eventTime=190135, downTime=190135, deviceId=-1, source=0x101 }
I/Choreographer( 1019): Skipped 58 frames!  The application may be doing too much work on its main thread.
