D/InputEventConsistencyVerifier( 1036):   5: sent at 166970000000, MotionEvent { action=ACTION_DOWN, id[0]=0, x[0]=156.0, y[0]=542.0, toolType[0]=TOOL_TYPE_UNKNOWN, buttonState=0, metaState=0, flags=0x0, edgeFlags=0x0, pointerCount=1, historySize=0, eventTime=166970, downTime=166968, deviceId=0, source=0x1002 }
E/MetadataRetrieverClient(   63): failed to extract an album art
W/DroidBox( 1098): DroidBox: { "ServiceStart": { "name": "com.android.music.MediaPlaybackService" } }
W/DroidBox( 1098): DroidBox: { "ServiceStart": { "name": "com.android.music.MediaPlaybackService" } }
I/AudioService(  223):  AudioFocus  requestAudioFocus() from android.media.AudioManager@b3dbc730com.android.music.MediaPlaybackService$3@b3dbaf68
I/Choreographer( 1036): Skipped 46 frames!  The application may be doing too much work on its main thread.
I/AudioService(  223):   Remote Control   registerMediaButtonIntent() for PendingIntent{b3f06dc0: PendingIntentRecord{b3f62c08 com.android.music broadcastIntent}}
I/Choreographer( 1036): Skipped 30 frames!  The application may be doing too much work on its main thread.
I/Choreographer( 1036): Skipped 31 frames!  The application may be doing too much work on its main thread.
E/WVMExtractor(   63): Failed to open libwvm.so
D/InputEventConsistencyVerifier( 1036): KeyEvent: ACTION_UP but key was not down.
D/InputEventConsistencyVerifier( 1036):   in com.android.internal.policy.impl.PhoneWindow$DecorView@b3df93c8
D/InputEventConsistencyVerifier( 1036):   0: sent at 167924000000, KeyEvent { action=ACTION_UP, keyCode=KEYCODE_DPAD_CENTER, scanCode=0, metaState=0, flags=0x8, repeatCount=0, eventTime=167924, downTime=167924, deviceId=-1, source=0x101 }
D/InputEventConsistencyVerifier( 1036):   -- recent events --
D/InputEventConsistencyVerifier( 1036):   1: sent at 167474000000, (unhandled) KeyEvent { action=ACTION_UP, keyCode=KEYCODE_MEDIA_PLAY, scanCode=0, metaState=0, flags=0x8, repeatCount=0, eventTime=167474, downTime=167474, deviceId=-1, source=0x101 }
D/InputEventConsistencyVerifier( 1036):   2: sent at 167357000000, (unhandled) KeyEvent { action=ACTION_DOWN, keyCode=KEYCODE_MEDIA_PLAY, scanCode=0, metaState=0, flags=0x8, repeatCount=0, eventTime=167357, downTime=167357, deviceId=-1, source=0x101 }
D/InputEventConsistencyVerifier( 1036):   3: sent at 167328000000, MotionEvent { action=ACTION_UP, id[0]=0, x[0]=436.0, y[0]=614.0, toolType[0]=TOOL_TYPE_UNKNOWN, buttonState=0, metaState=0, flags=0x0, edgeFlags=0x0, pointerCount=1, historySize=0, eventTime=167328, downTime=167300, deviceId=0, source=0x1002 }
D/InputEventConsistencyVerifier( 1036):   4: sent at 167300000000, MotionEvent { action=ACTION_DOWN, id[0]=0, x[0]=449.0, y[0]=614.0, toolType[0]=TOOL_TYPE_UNKNOWN, buttonState=0, metaState=0, flags=0x0, edgeFlags=0x0, pointerCount=1, historySize=0, eventTime=167300, downTime=167300, deviceId=0, source=0x1002 }
D/InputEventConsistencyVerifier( 1036):   5: sent at 167138000000, (unhandled) KeyEvent { action=ACTION_UP, keyCode=KEYCODE_DPAD_DOWN, scanCode=0, metaState=0, flags=0x80000008, repeatCount=0, eventTime=167138, downTime=167138, deviceId=-1, source=0x101 }
E/WVMExtractor(   63): Failed to open libwvm.so
I/Choreographer( 1036): Skipped 47 frames!  The application may be doing too much work on its main thread.
E/WVMExtractor(   63): Failed to open libwvm.so
E/WVMExtractor(   63): Failed to open libwvm.so
I/Choreographer( 1036): Skipped 77 frames!  The application may be doing too much work on its main thread.
E/WVMExtractor(   63): Failed to open libwvm.so
I/Choreographer( 1036): Skipped 88 frames!  The application may be doing too much work on its main thread.
E/WVMExtractor(   63): Failed to open libwvm.so
W/dalvikvm(  980): DroidBox: { "FdAccess": { "path": "2f6465762f696e7075742f6576656e7430", "id": "1088030974" } }
W/DroidBox(  980): DroidBox: { "FileRW": { "operation": "write", "data": "efbfbd060000efbfbdefbfbd0c000500000000000000", "id": "1088030974" } }
I/ActivityManager(  223): START {act=android.intent.action.MAIN cat=[android.intent.category.HOME] flg=0x10200000 cmp=com.android.launcher/com.android.launcher2.Launcher u=0} from pid 223
I/Choreographer( 1036): Skipped 198 frames!  The application may be doing too much work on its main thread.
W/InputMethodManagerService(  223): Window already focused, ignoring focus gain of: com.android.internal.view.IInputMethodClient$Stub$Proxy@b3f185a0 attribute=android.view.inputmethod.EditorInfo@b3f185b8
I/InputDispatcher(  223): Dropped event because of pending overdue app switch.
W/InputManager(  223): Input event injection from pid 980 failed.
E/WVMExtractor(   63): Failed to open libwvm.so
I/Choreographer( 1036): Skipped 59 frames!  The application may be doing too much work on its main thread.
E/WVMExtractor(   63): Failed to open libwvm.so
I/ActivityManager(  223): START {act=android.intent.action.MAIN cat=[android.intent.category.LAUNCHER] flg=0x10200000 cmp=com.alter.sms/.AlterSMSActivity u=0} from pid 980
E/WVMExtractor(   63): Failed to open libwvm.so
E/WVMExtractor(   63): Failed to open libwvm.so
D/InputEventConsistencyVerifier( 1036): KeyEvent: ACTION_UP but key was not down.
D/InputEventConsistencyVerifier( 1036):   in android.view.ViewRootImpl@b3de54a8
D/InputEventConsistencyVerifier( 1036):   0: sent at 170721000000, KeyEvent { action=ACTION_UP, keyCode=KEYCODE_DPAD_CENTER, scanCode=0, metaState=0, flags=0x8, repeatCount=0, eventTime=170721, downTime=170721, deviceId=-1, source=0x101 }
D/InputEventConsistencyVerifier( 1036):   -- recent events --
D/InputEventConsistencyVerifier( 1036):   1: sent at 171283000000, KeyEvent { action=ACTION_UP, keyCode=KEYCODE_DPAD_LEFT, scanCode=0, metaState=0, flags=0x400, repeatCount=0, eventTime=171283, downTime=171283, deviceId=-1, source=0x101 }
D/InputEventConsistencyVerifier( 1036):   2: sent at 171283000000, KeyEvent { action=ACTION_DOWN, keyCode=KEYCODE_DPAD_LEFT, scanCode=0, metaState=0, flags=0x400, repeatCount=0, eventTime=171283, downTime=171283, deviceId=-1, source=0x101 }
D/InputEventConsistencyVerifier( 1036):   3: sent at 171282000000, KeyEvent { action=ACTION_UP, keyCode=KEYCODE_DPAD_LEFT, scanCode=0, metaState=0, flags=0x400, repeatCount=0, eventTime=171282, downTime=171282, deviceId=-1, source=0x101 }
D/InputEventConsistencyVerifier( 1036):   4: sent at 171282000000, KeyEvent { action=ACTION_DOWN, keyCode=KEYCODE_DPAD_LEFT, scanCode=0, metaState=0, flags=0x400, repeatCount=0, eventTime=171282, downTime=171282, deviceId=-1, source=0x101 }
D/InputEventConsistencyVerifier( 1036):   5: sent at 171281000000, KeyEvent { action=ACTION_UP, keyCode=KEYCODE_DPAD_LEFT, scanCode=0, metaState=0, flags=0x400, repeatCount=0, eventTime=171281, downTime=171281, deviceId=-1, source=0x101 }
E/WVMExtractor(   63): Failed to open libwvm.so
D/InputEventConsistencyVerifier( 1036): KeyEvent: ACTION_UP but key was not down.
D/InputEventConsistencyVerifier( 1036):   in com.android.internal.policy.impl.PhoneWindow$DecorView@b3df93c8
D/InputEventConsistencyVerifier( 1036):   0: sent at 171966000000, KeyEvent { action=ACTION_UP, keyCode=KEYCODE_DPAD_RIGHT, scanCode=0, metaState=0, flags=0x8, repeatCount=0, eventTime=171966, downTime=171966, deviceId=-1, source=0x101 }
D/InputEventConsistencyVerifier( 1036):   -- recent events --
D/InputEventConsistencyVerifier( 1036):   1: sent at 171905000000, MotionEvent { action=ACTION_UP, id[0]=0, x[0]=415.0, y[0]=230.0, toolType[0]=TOOL_TYPE_UNKNOWN, buttonState=0, metaState=0, flags=0x0, edgeFlags=0x0, pointerCount=1, historySize=0, eventTime=171905, downTime=171896, deviceId=0, source=0x1002 }
D/InputEventConsistencyVerifier( 1036):   2: sent at 171896000000, MotionEvent { action=ACTION_DOWN, id[0]=0, x[0]=415.0, y[0]=245.0, toolType[0]=TOOL_TYPE_UNKNOWN, buttonState=0, metaState=0, flags=0x0, edgeFlags=0x0, pointerCount=1, historySize=0, eventTime=171896, downTime=171896, deviceId=0, source=0x1002 }
D/InputEventConsistencyVerifier( 1036):   3: sent at 171834000000, (unhandled) KeyEvent { action=ACTION_UP, keyCode=KEYCODE_DPAD_CENTER, scanCode=0, metaState=0, flags=0x8, repeatCount=0, eventTime=171834, downTime=171834, deviceId=-1, source=0x101 }
D/InputEventConsistencyVerifier( 1036):   4: sent at 171783000000, (unhandled) KeyEvent { action=ACTION_DOWN, keyCode=KEYCODE_DPAD_CENTER, scanCode=0, metaState=0, flags=0x8, repeatCount=0, eventTime=171783, downTime=171783, deviceId=-1, source=0x101 }
D/InputEventConsistencyVerifier( 1036):   5: sent at 171767000000, (unhandled) KeyEvent { action=ACTION_UP, keyCode=KEYCODE_DPAD_RIGHT, scanCode=0, metaState=0, flags=0x8, repeatCount=0, eventTime=171767, downTime=171767, deviceId=-1, source=0x101 }
E/WVMExtractor(   63): Failed to open libwvm.so
E/WVMExtractor(   63): Failed to open libwvm.so
E/WVMExtractor(   63): Failed to open libwvm.so
E/WVMExtractor(   63): Failed to open libwvm.so
E/WVMExtractor(   63): Failed to open libwvm.so
I/Choreographer( 1036): Skipped 119 frames!  The application may be doing too much work on its main thread.
E/WVMExtractor(   63): Failed to open libwvm.so
I/Choreographer( 1036): Skipped 47 frames!  The application may be doing too much work on its main thread.
D/InputEventConsistencyVerifier( 1036): TouchEvent: ACTION_DOWN but pointers are already down.  Probably missing ACTION_UP from previous gesture.
D/InputEventConsistencyVerifier( 1036):   in com.android.internal.policy.impl.PhoneWindow$DecorView@b3e308b8
D/InputEventConsistencyVerifier( 1036):   0: sent at 174967000000, MotionEvent { action=ACTION_DOWN, id[0]=0, x[0]=458.0, y[0]=-179.0, toolType[0]=TOOL_TYPE_UNKNOWN, buttonState=0, metaState=0, flags=0x0, edgeFlags=0x0, pointerCount=1, historySize=0, eventTime=174967, downTime=174967, deviceId=0, source=0x1002 }
D/InputEventConsistencyVerifier( 1036):   -- recent events --
D/InputEventConsistencyVerifier( 1036):   1: sent at 174885000000, (unhandled) KeyEvent { action=ACTION_UP, keyCode=KEYCODE_DPAD_DOWN, scanCode=0, metaState=0, flags=0x8, repeatCount=0, eventTime=174885, downTime=174885, deviceId=-1, source=0x101 }
D/InputEventConsistencyVerifier( 1036):   2: sent at 174742000000, (unhandled) KeyEvent { action=ACTION_DOWN, keyCode=KEYCODE_DPAD_DOWN, scanCode=0, metaState=0, flags=0x8, repeatCount=0, eventTime=174742, downTime=174742, deviceId=-1, source=0x101 }
D/InputEventConsistencyVerifier( 1036):   3: sent at 174700000000, (unhandled) KeyEvent { action=ACTION_UP, keyCode=KEYCODE_DPAD_RIGHT, scanCode=0, metaState=0, flags=0x8, repeatCount=0, eventTime=174700, downTime=174700, deviceId=-1, source=0x101 }
D/InputEventConsistencyVerifier( 1036):   4: sent at 174675000000, (unhandled) KeyEvent { action=ACTION_DOWN, keyCode=KEYCODE_DPAD_RIGHT, scanCode=0, metaState=0, flags=0x8, repeatCount=0, eventTime=174675, downTime=174675, deviceId=-1, source=0x101 }
D/InputEventConsistencyVerifier( 1036):   5: sent at 174623000000, (unhandled) KeyEvent { action=ACTION_UP, keyCode=KEYCODE_CALL, scanCode=0, metaState=0, flags=0x8, repeatCount=0, eventTime=174623, downTime=174623, deviceId=-1, source=0x101 }
E/WVMExtractor(   63): Failed to open libwvm.so
D/InputEventConsistencyVerifier( 1036): KeyEvent: ACTION_UP but key was not down.
D/InputEventConsistencyVerifier( 1036):   in com.android.internal.policy.impl.PhoneWindow$DecorView@b3df93c8
D/InputEventConsistencyVerifier( 1036):   0: sent at 174596000000, KeyEvent { action=ACTION_UP, keyCode=KEYCODE_DPAD_UP, scanCode=0, metaState=0, flags=0x400, repeatCount=0, eventTime=174596, downTime=174596, deviceId=-1, source=0x101 }
D/InputEventConsistencyVerifier( 1036):   -- recent events --
D/InputEventConsistencyVerifier( 1036):   1: sent at 174255000000, (unhandled) MotionEvent { action=ACTION_MOVE, id[0]=0, x[0]=2.0, y[0]=-3.0, toolType[0]=TOOL_TYPE_UNKNOWN, buttonState=0, metaState=0, flags=0x0, edgeFlags=0x0, pointerCount=1, historySize=9, eventTime=174255, downTime=-1, deviceId=0, source=0x10004 }
D/InputEventConsistencyVerifier( 1036):   2: sent at 174573000000, MotionEvent { action=ACTION_UP, id[0]=0, x[0]=104.0, y[0]=370.0, toolType[0]=TOOL_TYPE_UNKNOWN, buttonState=0, metaState=0, flags=0x0, edgeFlags=0x0, pointerCount=1, historySize=0, eventTime=174573, downTime=174566, deviceId=0, source=0x1002 }
D/InputEventConsistencyVerifier( 1036):   3: sent at 174566000000, MotionEvent { action=ACTION_DOWN, id[0]=0, x[0]=99.0, y[0]=386.0, toolType[0]=TOOL_TYPE_UNKNOWN, buttonState=0, metaState=0, flags=0x0, edgeFlags=0x0, pointerCount=1, historySize=0, eventTime=174566, downTime=174566, deviceId=0, source=0x1002 }
D/InputEventConsistencyVerifier( 1036):   4: sent at 174162000000, MotionEvent { action=ACTION_UP, id[0]=0, x[0]=189.0, y[0]=548.0, toolType[0]=TOOL_TYPE_UNKNOWN, buttonState=0, metaState=0, flags=0x0, edgeFlags=0x0, pointerCount=1, historySize=0, eventTime=174162, downTime=174129, deviceId=0, source=0x1002 }
D/InputEventConsistencyVerifier( 1036):   5: sent at 174129000000, MotionEvent { action=ACTION_DOWN, id[0]=0, x[0]=204.0, y[0]=556.0, toolType[0]=TOOL_TYPE_UNKNOWN, buttonState=0, metaState=0, flags=0x0, edgeFlags=0x0, pointerCount=1, historySize=0, eventTime=174129, downTime=174129, deviceId=0, source=0x1002 }
I/Choreographer( 1036): Skipped 62 frames!  The application may be doing too much work on its main thread.
W/InputMethodManagerService(  223): Window already focused, ignoring focus gain of: com.android.internal.view.IInputMethodClient$Stub$Proxy@b4086858 attribute=null
E/WVMExtractor(   63): Failed to open libwvm.so
D/InputEventConsistencyVerifier( 1036): KeyEvent: ACTION_UP but key was not down.
D/InputEventConsistencyVerifier( 1036):   in android.view.ViewRootImpl@b3de54a8
D/InputEventConsistencyVerifier( 1036):   0: sent at 175350000000, KeyEvent { action=ACTION_UP, keyCode=KEYCODE_BUTTON_4, scanCode=0, metaState=0, flags=0x8, repeatCount=0, eventTime=175350, downTime=175350, deviceId=-1, source=0x101 }
D/InputEventConsistencyVerifier( 1036):   -- recent events --
D/InputEventConsistencyVerifier( 1036):   1: sent at 174598000000, KeyEvent { action=ACTION_UP, keyCode=KEYCODE_DPAD_UP, scanCode=0, metaState=0, flags=0x400, repeatCount=0, eventTime=174598, downTime=174598, deviceId=-1, source=0x101 }
D/InputEventConsistencyVerifier( 1036):   2: sent at 174598000000, KeyEvent { action=ACTION_DOWN, keyCode=KEYCODE_DPAD_UP, scanCode=0, metaState=0, flags=0x400, repeatCount=0, eventTime=174598, downTime=174598, deviceId=-1, source=0x101 }
D/InputEventConsistencyVerifier( 1036):   3: sent at 174598000000, KeyEvent { action=ACTION_UP, keyCode=KEYCODE_DPAD_UP, scanCode=0, metaState=0, flags=0x400, repeatCount=0, eventTime=174598, downTime=174598, deviceId=-1, source=0x101 }
D/InputEventConsistencyVerifier( 1036):   4: sent at 174598000000, KeyEvent { action=ACTION_DOWN, keyCode=KEYCODE_DPAD_UP, scanCode=0, metaState=0, flags=0x400, repeatCount=0, eventTime=174598, downTime=174598, deviceId=-1, source=0x101 }
D/InputEventConsistencyVerifier( 1036):   5: sent at 174596000000, KeyEvent { action=ACTION_UP, keyCode=KEYCODE_DPAD_UP, scanCode=0, metaState=0, flags=0x400, repeatCount=0, eventTime=174596, downTime=174596, deviceId=-1, source=0x101 }
E/WVMExtractor(   63): Failed to open libwvm.so
E/WVMExtractor(   63): Failed to open libwvm.so
E/WVMExtractor(   63): Failed to open libwvm.so
E/WVMExtractor(   63): Failed to open libwvm.so
E/WVMExtractor(   63): Failed to open libwvm.so
E/WVMExtractor(   63): Failed to open libwvm.so
E/WVMExtractor(   63): Failed to open libwvm.so
E/WVMExtractor(   63): Failed to open libwvm.so
I/Choreographer( 1036): Skipped 34 frames!  The application may be doing too much work on its main thread.
W/dalvikvm(  419): DroidBox: { "FdAccess": { "path": "2f70726f632f6d656d696e666f", "id": "1741110042" } }
W/DroidBox(  419): DroidBox: { "FileRW": { "operation": "read", "data": "4d656d546f74616c3a202020202020202020373438393634206b420a4d656d467265653a20202020202020202020343536303336206b420a427566666572733a20202020202020202020202035353230206b420a4361636865643a202020202020202020", "id": "1741110042" } }
D/InputEventConsistencyVerifier(  419): KeyEvent: ACTION_UP but key was not down.
D/InputEventConsistencyVerifier(  419):   in com.android.systemui.statusbar.phone.StatusBarWindowView@b3ddd1d8
D/InputEventConsistencyVerifier(  419):   0: sent at 178646000000, KeyEvent { action=ACTION_UP, keyCode=KEYCODE_DPAD_DOWN, scanCode=0, metaState=0, flags=0x8, repeatCount=0, eventTime=178646, downTime=178646, deviceId=-1, source=0x101 }
D/InputEventConsistencyVerifier(  419):   -- recent events --
D/InputEventConsistencyVerifier(  419):   1: sent at 178536000000, MotionEvent { action=ACTION_UP, id[0]=0, x[0]=86.0, y[0]=5.0, toolType[0]=TOOL_TYPE_UNKNOWN, buttonState=0, metaState=0, flags=0x0, edgeFlags=0x0, pointerCount=1, historySize=0, eventTime=178536, downTime=178516, deviceId=0, source=0x1002 }
D/InputEventConsistencyVerifier(  419):   2: sent at 178517000000, MotionEvent { action=ACTION_DOWN, id[0]=0, x[0]=78.0, y[0]=13.0, toolType[0]=TOOL_TYPE_UNKNOWN, buttonState=0, metaState=0, flags=0x0, edgeFlags=0x0, pointerCount=1, historySize=0, eventTime=178517, downTime=178516, deviceId=0, source=0x1002 }
D/InputEventConsistencyVerifier(  419):   3: sent at 136452000000, (unhandled) KeyEvent { action=ACTION_UP, keyCode=KEYCODE_DPAD_DOWN, scanCode=0, metaState=0, flags=0x400, repeatCount=0, eventTime=136452, downTime=136452, deviceId=-1, source=0x101 }
D/InputEventConsistencyVerifier(  419):   4: sent at 136452000000, (unhandled) KeyEvent { action=ACTION_DOWN, keyCode=KEYCODE_DPAD_DOWN, scanCode=0, metaState=0, flags=0x400, repeatCount=0, eventTime=136452, downTime=136452, deviceId=-1, source=0x101 }
D/InputEventConsistencyVerifier(  419):   5: sent at 136452000000, (unhandled) KeyEvent { action=ACTION_UP, keyCode=KEYCODE_DPAD_DOWN, scanCode=0, metaState=0, flags=0x400, repeatCount=0, eventTime=136452, downTime=136452, deviceId=-1, source=0x101 }
D/InputEventConsistencyVerifier(  419): KeyEvent: ACTION_UP but key was not down.
D/InputEventConsistencyVerifier(  419):   in android.widget.FrameLayout@b3dfcd28
D/InputEventConsistencyVerifier(  419):   0: sent at 178739000000, KeyEvent { action=ACTION_UP, keyCode=KEYCODE_DPAD_DOWN, scanCode=0, metaState=0, flags=0x8, repeatCount=0, eventTime=178739, downTime=178739, deviceId=-1, source=0x101 }
D/InputEventConsistencyVerifier(  419):   -- recent events --
D/InputEventConsistencyVerifier(  419):   1: sent at 136452000000, (unhandled) KeyEvent { action=ACTION_UP, keyCode=KEYCODE_DPAD_DOWN, scanCode=0, metaState=0, flags=0x400, repeatCount=0, eventTime=136452, downTime=136452, deviceId=-1, source=0x101 }
D/InputEventConsistencyVerifier(  419):   2: sent at 136452000000, (unhandled) KeyEvent { action=ACTION_DOWN, keyCode=KEYCODE_DPAD_DOWN, scanCode=0, metaState=0, flags=0x400, repeatCount=0, eventTime=136452, downTime=136452, deviceId=-1, source=0x101 }
D/InputEventConsistencyVerifier(  419):   3: sent at 136452000000, (unhandled) KeyEvent { action=ACTION_UP, keyCode=KEYCODE_DPAD_DOWN, scanCode=0, metaState=0, flags=0x400, repeatCount=0, eventTime=136452, downTime=136452, deviceId=-1, source=0x101 }
D/InputEventConsistencyVerifier(  419):   4: sent at 136452000000, (unhandled) KeyEvent { action=ACTION_DOWN, keyCode=KEYCODE_DPAD_DOWN, scanCode=0, metaState=0, flags=0x400, repeatCount=0, eventTime=136452, downTime=136452, deviceId=-1, source=0x101 }
D/InputEventConsistencyVerifier(  419):   5: sent at 136452000000, (unhandled) KeyEvent { action=ACTION_UP, keyCode=KEYCODE_DPAD_DOWN, scanCode=0, metaState=0, flags=0x400, repeatCount=0, eventTime=136452, downTime=136452, deviceId=-1, source=0x101 }
V/PhoneStatusBar(  419): setLightsOn(true)
I/Choreographer(  419): Skipped 32 frames!  The application may be doing too much work on its main thread.
D/PhoneStatusBar(  419): disable: < expand icons alerts TICKER* system_info back home recent clock >
W/dalvikvm(  419): DroidBox: { "FdAccess": { "path": "2f70726f632f6d656d696e666f", "id": "2096763863" } }
W/DroidBox(  419): DroidBox: { "FileRW": { "operation": "read", "data": "4d656d546f74616c3a202020202020202020373438393634206b420a4d656d467265653a20202020202020202020343536303336206b420a427566666572733a20202020202020202020202035353230206b420a4361636865643a202020202020202020", "id": "2096763863" } }
D/InputEventConsistencyVerifier( 1036): KeyEvent: ACTION_UP but key was not down.
D/InputEventConsistencyVerifier( 1036):   in com.android.internal.policy.impl.PhoneWindow$DecorView@b3df93c8
D/InputEventConsistencyVerifier( 1036):   0: sent at 178500000000, KeyEvent { action=ACTION_UP, keyCode=KEYCODE_DPAD_DOWN, scanCode=0, metaState=0, flags=0x400, repeatCount=0, eventTime=178500, downTime=178500, deviceId=-1, source=0x101 }
D/InputEventConsistencyVerifier( 1036):   -- recent events --
D/InputEventConsistencyVerifier( 1036):   1: sent at 178368000000, (unhandled) MotionEvent { action=ACTION_MOVE, id[0]=0, x[0]=1.0, y[0]=2.0, toolType[0]=TOOL_TYPE_UNKNOWN, buttonState=0, metaState=0, flags=0x0, edgeFlags=0x0, pointerCount=1, historySize=9, eventTime=178368, downTime=-1, deviceId=0, source=0x10004 }
D/InputEventConsistencyVerifier( 1036):   2: sent at 178297000000, MotionEvent { action=ACTION_UP, id[0]=0, x[0]=289.0, y[0]=430.0, toolType[0]=TOOL_TYPE_UNKNOWN, buttonState=0, metaState=0, flags=0x0, edgeFlags=0x0, pointerCount=1, historySize=0, eventTime=178297, downTime=178288, deviceId=0, source=0x1002 }
D/InputEventConsistencyVerifier( 1036):   3: sent at 178294000000, MotionEvent { action=ACTION_MOVE, id[0]=0, x[0]=296.0, y[0]=419.0, toolType[0]=TOOL_TYPE_UNKNOWN, buttonState=0, metaState=0, flags=0x0, edgeFlags=0x0, pointerCount=1, historySize=0, eventTime=178294, downTime=178288, deviceId=0, source=0x1002 }
D/InputEventConsistencyVerifier( 1036):   4: sent at 178290000000, MotionEvent { action=ACTION_DOWN, id[0]=0, x[0]=298.0, y[0]=418.0, toolType[0]=TOOL_TYPE_UNKNOWN, buttonState=0, metaState=0, flags=0x0, edgeFlags=0x0, pointerCount=1, historySize=0, eventTime=178290, downTime=178288, deviceId=0, source=0x1002 }
D/InputEventConsistencyVerifier( 1036):   5: sent at 178269000000, MotionEvent { action=ACTION_UP, id[0]=0, x[0]=388.0, y[0]=614.0, toolType[0]=TOOL_TYPE_UNKNOWN, buttonState=0, metaState=0, flags=0x0, edgeFlags=0x0, pointerCount=1, historySize=0, eventTime=178269, downTime=178194, deviceId=0, source=0x1002 }
D/InputEventConsistencyVerifier(  419): KeyEvent: ACTION_UP but key was not down.
D/InputEventConsistencyVerifier(  419):   in com.android.systemui.statusbar.phone.StatusBarWindowView@b3ddd1d8
D/InputEventConsistencyVerifier(  419):   0: sent at 178783000000, KeyEvent { action=ACTION_UP, keyCode=KEYCODE_DPAD_DOWN, scanCode=0, metaState=0, flags=0x8, repeatCount=0, eventTime=178783, downTime=178783, deviceId=-1, source=0x101 }
D/InputEventConsistencyVerifier(  419):   -- recent events --
D/InputEventConsistencyVerifier(  419):   1: sent at 178762000000, (unhandled) KeyEvent { action=ACTION_UP, keyCode=KEYCODE_DPAD_RIGHT, scanCode=0, metaState=0, flags=0x8, repeatCount=0, eventTime=178762, downTime=178762, deviceId=-1, source=0x101 }
D/InputEventConsistencyVerifier(  419):   2: sent at 178755000000, (unhandled) KeyEvent { action=ACTION_DOWN, keyCode=KEYCODE_DPAD_RIGHT, scanCode=0, metaState=0, flags=0x8, repeatCount=0, eventTime=178755, downTime=178755, deviceId=-1, source=0x101 }
D/InputEventConsistencyVerifier(  419):   3: sent at 178739000000, (unhandled) KeyEvent { action=ACTION_UP, keyCode=KEYCODE_DPAD_DOWN, scanCode=0, metaState=0, flags=0x8, repeatCount=0, eventTime=178739, downTime=178739, deviceId=-1, source=0x101 }
D/InputEventConsistencyVerifier(  419):   4: sent at 178732000000, (unhandled) KeyEvent { action=ACTION_DOWN, keyCode=KEYCODE_DPAD_DOWN, scanCode=0, metaState=0, flags=0x8, repeatCount=0, eventTime=178732, downTime=178732, deviceId=-1, source=0x101 }
D/InputEventConsistencyVerifier(  419):   5: sent at 178727000000, (unhandled) KeyEvent { action=ACTION_UP, keyCode=KEYCODE_EISU, scanCode=0, metaState=0, flags=0x8, repeatCount=0, eventTime=178727, downTime=178727, deviceId=-1, source=0x101 }
I/Choreographer(  419): Skipped 68 frames!  The application may be doing too much work on its main thread.
V/PhoneStatusBar(  419): setLightsOn(true)
D/PhoneStatusBar(  419): disable: < expand icons alerts ticker* system_info back home recent clock >
E/WVMExtractor(   63): Failed to open libwvm.so
W/InputMethodManagerService(  223): Window already focused, ignoring focus gain of: com.android.internal.view.IInputMethodClient$Stub$Proxy@b3ee8580 attribute=android.view.inputmethod.EditorInfo@b424cdc0
I/Choreographer( 1036): Skipped 60 frames!  The application may be doing too much work on its main thread.
E/WVMExtractor(   63): Failed to open libwvm.so
I/Choreographer( 1036): Skipped 41 frames!  The application may be doing too much work on its main thread.
E/WVMExtractor(   63): Failed to open libwvm.so
I/Choreographer( 1036): Skipped 43 frames!  The application may be doing too much work on its main thread.
E/WVMExtractor(   63): Failed to open libwvm.so
E/WVMExtractor(   63): Failed to open libwvm.so
D/InputEventConsistencyVerifier( 1036): KeyEvent: ACTION_UP but key was not down.
D/InputEventConsistencyVerifier( 1036):   in com.android.internal.policy.impl.PhoneWindow$DecorView@b3df93c8
D/InputEventConsistencyVerifier( 1036):   0: sent at 180244000000, KeyEvent { action=ACTION_UP, keyCode=KEYCODE_DPAD_DOWN, scanCode=0, metaState=0, flags=0x400, repeatCount=0, eventTime=180244, downTime=180244, deviceId=-1, source=0x101 }
D/InputEventConsistencyVerifier( 1036):   -- recent events --
D/InputEventConsistencyVerifier( 1036):   1: sent at 180098000000, (unhandled) MotionEvent { action=ACTION_MOVE, id[0]=0, x[0]=2.0, y[0]=3.0, toolType[0]=TOOL_TYPE_UNKNOWN, buttonState=0, metaState=0, flags=0x0, edgeFlags=0x0, pointerCount=1, historySize=8, eventTime=180098, downTime=-1, deviceId=0, source=0x10004 }
D/InputEventConsistencyVerifier( 1036):   2: sent at 179993000000, (unhandled) MotionEvent { action=ACTION_MOVE, id[0]=0, x[0]=0.0, y[0]=0.0, toolType[0]=TOOL_TYPE_UNKNOWN, buttonState=0, metaState=0, flags=0x0, edgeFlags=0x0, pointerCount=1, historySize=0, eventTime=179993, downTime=-1, deviceId=0, source=0x10004 }
D/InputEventConsistencyVerifier( 1036):   3: sent at 179816000000, (unhandled) KeyEvent { action=ACTION_UP, keyCode=KEYCODE_VOLUME_DOWN, scanCode=0, metaState=0, flags=0x8, repeatCount=0, eventTime=179816, downTime=179816, deviceId=-1, source=0x101 }
D/InputEventConsistencyVerifier( 1036):   4: sent at 179647000000, (unhandled) KeyEvent { action=ACTION_DOWN, keyCode=KEYCODE_VOLUME_DOWN, scanCode=0, metaState=0, flags=0x8, repeatCount=0, eventTime=179647, downTime=179647, deviceId=-1, source=0x101 }
D/InputEventConsistencyVerifier( 1036):   5: sent at 179506000000, (unhandled) KeyEvent { action=ACTION_UP, keyCode=KEYCODE_AVR_POWER, scanCode=0, metaState=0, flags=0x8, repeatCount=0, eventTime=179506, downTime=179506, deviceId=-1, source=0x101 }
E/WVMExtractor(   63): Failed to open libwvm.so
I/Choreographer( 1036): Skipped 31 frames!  The application may be doing too much work on its main thread.
D/InputEventConsistencyVerifier( 1036): KeyEvent: ACTION_UP but key was not down.
D/InputEventConsistencyVerifier( 1036):   in android.widget.LinearLayout@b3e7b470
D/InputEventConsistencyVerifier( 1036):   0: sent at 180245000000, KeyEvent { action=ACTION_UP, keyCode=KEYCODE_DPAD_DOWN, scanCode=0, metaState=0, flags=0x400, repeatCount=0, eventTime=180245, downTime=180245, deviceId=-1, source=0x101 }
D/InputEventConsistencyVerifier( 1036):   -- recent events --
D/InputEventConsistencyVerifier( 1036):   1: sent at 153656000000, (unhandled) KeyEvent { action=ACTION_UP, keyCode=KEYCODE_MENU, scanCode=0, metaState=0, flags=0x8, repeatCount=0, eventTime=153656, downTime=153656, deviceId=-1, source=0x101 }
D/InputEventConsistencyVerifier( 1036):   2: sent at 153560000000, (unhandled) KeyEvent { action=ACTION_DOWN, keyCode=KEYCODE_MENU, scanCode=0, metaState=0, flags=0x8, repeatCount=0, eventTime=153560, downTime=153560, deviceId=-1, source=0x101 }
D/InputEventConsistencyVerifier( 1036):   3: sent at 153642000000, (unhandled) KeyEvent { action=ACTION_UP, keyCode=KEYCODE_DPAD_DOWN, scanCode=0, metaState=0, flags=0x400, repeatCount=0, eventTime=153642, downTime=153642, deviceId=-1, source=0x101 }
D/InputEventConsistencyVerifier( 1036):   4: sent at 153642000000, (unhandled) KeyEvent { action=ACTION_DOWN, keyCode=KEYCODE_DPAD_DOWN, scanCode=0, metaState=0, flags=0x400, repeatCount=0, eventTime=153642, downTime=153642, deviceId=-1, source=0x101 }
D/InputEventConsistencyVerifier( 1036):   5: sent at 153641000000, (unhandled) KeyEvent { action=ACTION_UP, keyCode=KEYCODE_DPAD_DOWN, scanCode=0, metaState=0, flags=0x80000400, repeatCount=0, eventTime=153641, downTime=153641, deviceId=-1, source=0x101 }
W/WindowManager(  223): Failure taking screenshot for (246x410) to layer 21015
E/WVMExtractor(   63): Failed to open libwvm.so
V/PhoneStatusBar(  419): setLightsOn(true)
D/InputEventConsistencyVerifier( 1036): KeyEvent: ACTION_UP but key was not down.
D/InputEventConsistencyVerifier( 1036):   in android.view.ViewRootImpl@b3e055f8
D/InputEventConsistencyVerifier( 1036):   0: sent at 181435000000, KeyEvent { action=ACTION_UP, keyCode=KEYCODE_BUTTON_8, scanCode=0, metaState=0, flags=0x8, repeatCount=0, eventTime=181435, downTime=181435, deviceId=-1, source=0x101 }
D/InputEventConsistencyVerifier( 1036):   -- recent events --
D/InputEventConsistencyVerifier( 1036):   1: sent at 142973000000, KeyEvent { action=ACTION_UP, keyCode=KEYCODE_DPAD_CENTER, scanCode=0, metaState=0, flags=0x8, repeatCount=0, eventTime=142973, downTime=142973, deviceId=-1, source=0x101 }
D/InputEventConsistencyVerifier( 1036):   2: sent at 142861000000, KeyEvent { action=ACTION_DOWN, keyCode=KEYCODE_DPAD_CENTER, scanCode=0, metaState=0, flags=0x8, repeatCount=0, eventTime=142861, downTime=142861, deviceId=-1, source=0x101 }
D/InputEventConsistencyVerifier( 1036):   3: sent at 142545000000, KeyEvent { action=ACTION_UP, keyCode=KEYCODE_DPAD_DOWN, scanCode=0, metaState=0, flags=0x8, repeatCount=0, eventTime=142545, downTime=142545, deviceId=-1, source=0x101 }
D/InputEventConsistencyVerifier( 1036):   4: sent at 142449000000, KeyEvent { action=ACTION_DOWN, keyCode=KEYCODE_DPAD_DOWN, scanCode=0, metaState=0, flags=0x8, repeatCount=0, eventTime=142449, downTime=142449, deviceId=-1, source=0x101 }
D/InputEventConsistencyVerifier( 1036):   5: sent at 142443000000, MotionEvent { action=ACTION_UP, id[0]=0, x[0]=1.0, y[0]=322.0, toolType[0]=TOOL_TYPE_UNKNOWN, buttonState=0, metaState=0, flags=0x0, edgeFlags=0x0, pointerCount=1, historySize=0, eventTime=142443, downTime=142289, deviceId=0, source=0x1002 }
I/Choreographer( 1036): Skipped 46 frames!  The application may be doing too much work on its main thread.
I/Choreographer( 1036): Skipped 49 frames!  The application may be doing too much work on its main thread.
E/WVMExtractor(   63): Failed to open libwvm.so
E/WVMExtractor(   63): Failed to open libwvm.so
E/WVMExtractor(   63): Failed to open libwvm.so
D/InputEventConsistencyVerifier( 1036): KeyEvent: ACTION_UP but key was not down.
D/InputEventConsistencyVerifier( 1036):   in android.widget.Button@b3dc8b08
D/InputEventConsistencyVerifier( 1036):   0: sent at 183267000000, KeyEvent { action=ACTION_UP, keyCode=KEYCODE_DPAD_RIGHT, scanCode=0, metaState=0, flags=0x8, repeatCount=0, eventTime=183267, downTime=183267, deviceId=-1, source=0x101 }
D/InputEventConsistencyVerifier( 1036):   -- recent events --
D/InputEventConsistencyVerifier( 1036):   1: sent at 139963000000, (unhandled) KeyEvent { action=ACTION_UP, keyCode=KEYCODE_DPAD_RIGHT, scanCode=0, metaState=0, flags=0x80000028, repeatCount=0, eventTime=139963, downTime=138124, deviceId=-1, source=0x101 }
D/InputEventConsistencyVerifier( 1036):   2: sent at 134562000000, (unhandled) KeyEvent { action=ACTION_DOWN, keyCode=KEYCODE_DPAD_LEFT, scanCode=0, metaState=0, flags=0x8, repeatCount=0, eventTime=134562, downTime=134562, deviceId=-1, source=0x101 }
D/InputEventConsistencyVerifier( 1036):   3: sent at 132947000000, (unhandled) KeyEvent { action=ACTION_UP, keyCode=KEYCODE_DPAD_DOWN, scanCode=0, metaState=0, flags=0x8, repeatCount=0, eventTime=132947, downTime=132947, deviceId=-1, source=0x101 }
D/InputEventConsistencyVerifier( 1036):   4: sent at 132211000000, (unhandled) KeyEvent { action=ACTION_DOWN, keyCode=KEYCODE_DPAD_DOWN, scanCode=0, metaState=0, flags=0x8, repeatCount=0, eventTime=132211, downTime=132211, deviceId=-1, source=0x101 }
D/InputEventConsistencyVerifier( 1036):   5: sent at 132900000000, (unhandled) KeyEvent { action=ACTION_UP, keyCode=KEYCODE_DPAD_RIGHT, scanCode=0, metaState=0, flags=0x400, repeatCount=0, eventTime=132900, downTime=132900, deviceId=-1, source=0x101 }
E/WVMExtractor(   63): Failed to open libwvm.so
E/WVMExtractor(   63): Failed to open libwvm.so
D/InputEventConsistencyVerifier( 1036): KeyEvent: ACTION_UP but key was not down.
D/InputEventConsistencyVerifier( 1036):   in com.android.internal.policy.impl.PhoneWindow$DecorView@b3da5100
D/InputEventConsistencyVerifier( 1036):   0: sent at 184452000000, KeyEvent { action=ACTION_UP, keyCode=KEYCODE_DPAD_LEFT, scanCode=0, metaState=0, flags=0x8, repeatCount=0, eventTime=184452, downTime=184452, deviceId=-1, source=0x101 }
D/InputEventConsistencyVerifier( 1036):   -- recent events --
D/InputEventConsistencyVerifier( 1036):   1: sent at 184362000000, (unhandled) MotionEvent { action=ACTION_UP, id[0]=0, x[0]=337.0, y[0]=239.0, toolType[0]=TOOL_TYPE_UNKNOWN, buttonState=0, metaState=0, flags=0x0, edgeFlags=0x0, pointerCount=1, historySize=0, eventTime=184362, downTime=184350, deviceId=0, source=0x1002 }
D/InputEventConsistencyVerifier( 1036):   2: sent at 184350000000, (unhandled) MotionEvent { action=ACTION_DOWN, id[0]=0, x[0]=343.0, y[0]=260.0, toolType[0]=TOOL_TYPE_UNKNOWN, buttonState=0, metaState=0, flags=0x0, edgeFlags=0x0, pointerCount=1, historySize=0, eventTime=184350, downTime=184350, deviceId=0, source=0x1002 }
D/InputEventConsistencyVerifier( 1036):   3: sent at 183883000000, (unhandled) KeyEvent { action=ACTION_UP, keyCode=KEYCODE_MEDIA_RECORD, scanCode=0, metaState=0, flags=0x8, repeatCount=0, eventTime=183883, downTime=183883, deviceId=-1, source=0x101 }
D/InputEventConsistencyVerifier( 1036):   4: sent at 183633000000, (unhandled) KeyEvent { action=ACTION_DOWN, keyCode=KEYCODE_MEDIA_RECORD, scanCode=0, metaState=0, flags=0x8, repeatCount=0, eventTime=183633, downTime=183633, deviceId=-1, source=0x101 }
D/InputEventConsistencyVerifier( 1036):   5: sent at 183839000000, (unhandled) KeyEvent { action=ACTION_UP, keyCode=KEYCODE_DPAD_DOWN, scanCode=0, metaState=0, flags=0x400, repeatCount=0, eventTime=183839, downTime=183839, deviceId=-1, source=0x101 }
E/WVMExtractor(   63): Failed to open libwvm.so
D/InputEventConsistencyVerifier( 1036): KeyEvent: ACTION_UP but key was not down.
D/InputEventConsistencyVerifier( 1036):   in com.android.internal.policy.impl.PhoneWindow$DecorView@b3da5100
D/InputEventConsistencyVerifier( 1036):   0: sent at 184857000000, KeyEvent { action=ACTION_UP, keyCode=KEYCODE_DPAD_LEFT, scanCode=0, metaState=0, flags=0x400, repeatCount=0, eventTime=184857, downTime=184857, deviceId=-1, source=0x101 }
D/InputEventConsistencyVerifier( 1036):   -- recent events --
D/InputEventConsistencyVerifier( 1036):   1: sent at 184740000000, (unhandled) MotionEvent { action=ACTION_MOVE, id[0]=0, x[0]=-4.0, y[0]=0.0, toolType[0]=TOOL_TYPE_UNKNOWN, buttonState=0, metaState=0, flags=0x0, edgeFlags=0x0, pointerCount=1, historySize=9, eventTime=184740, downTime=-1, deviceId=0, source=0x10004 }
D/InputEventConsistencyVerifier( 1036):   2: sent at 184655000000, (unhandled) MotionEvent { action=ACTION_UP, id[0]=0, x[0]=70.0, y[0]=541.0, toolType[0]=TOOL_TYPE_UNKNOWN, buttonState=0, metaState=0, flags=0x0, edgeFlags=0x0, pointerCount=1, historySize=0, eventTime=184655, downTime=184599, deviceId=0, source=0x1002 }
D/InputEventConsistencyVerifier( 1036):   3: sent at 184641000000, (unhandled) MotionEvent { action=ACTION_DOWN, id[0]=0, x[0]=89.0, y[0]=536.0, toolType[0]=TOOL_TYPE_UNKNOWN, buttonState=0, metaState=0, flags=0x0, edgeFlags=0x0, pointerCount=1, historySize=0, eventTime=184641, downTime=184599, deviceId=0, source=0x1002 }
D/InputEventConsistencyVerifier( 1036):   4: sent at 184452000000, (unhandled) KeyEvent { action=ACTION_UP, keyCode=KEYCODE_DPAD_LEFT, scanCode=0, metaState=0, flags=0x80000008, repeatCount=0, eventTime=184452, downTime=184452, deviceId=-1, source=0x101 }
D/InputEventConsistencyVerifier( 1036):   5: sent at 184362000000, (unhandled) MotionEvent { action=ACTION_UP, id[0]=0, x[0]=337.0, y[0]=239.0, toolType[0]=TOOL_TYPE_UNKNOWN, buttonState=0, metaState=0, flags=0x0, edgeFlags=0x0, pointerCount=1, historySize=0, eventTime=184362, downTime=184350, deviceId=0, source=0x1002 }
E/WVMExtractor(   63): Failed to open libwvm.so
E/WVMExtractor(   63): Failed to open libwvm.so
D/InputEventConsistencyVerifier( 1036): KeyEvent: ACTION_UP but key was not down.
D/InputEventConsistencyVerifier( 1036):   in com.android.internal.policy.impl.PhoneWindow$DecorView@b3da5100
D/InputEventConsistencyVerifier( 1036):   0: sent at 185535000000, KeyEvent { action=ACTION_UP, keyCode=KEYCODE_DPAD_CENTER, scanCode=0, metaState=0, flags=0x8, repeatCount=0, eventTime=185535, downTime=185535, deviceId=-1, source=0x101 }
D/InputEventConsistencyVerifier( 1036):   -- recent events --
D/InputEventConsistencyVerifier( 1036):   1: sent at 185460000000, (unhandled) MotionEvent { action=ACTION_UP, id[0]=0, x[0]=427.0, y[0]=270.0, toolType[0]=TOOL_TYPE_UNKNOWN, buttonState=0, metaState=0, flags=0x0, edgeFlags=0x0, pointerCount=1, historySize=0, eventTime=185460, downTime=185436, deviceId=0, source=0x1002 }
D/InputEventConsistencyVerifier( 1036):   2: sent at 185436000000, (unhandled) MotionEvent { action=ACTION_DOWN, id[0]=0, x[0]=423.0, y[0]=272.0, toolType[0]=TOOL_TYPE_UNKNOWN, buttonState=0, metaState=0, flags=0x0, edgeFlags=0x0, pointerCount=1, historySize=0, eventTime=185436, downTime=185436, deviceId=0, source=0x1002 }
D/InputEventConsistencyVerifier( 1036):   3: sent at 184899000000, (unhandled) KeyEvent { action=ACTION_UP, keyCode=KEYCODE_DPAD_UP, scanCode=0, metaState=0, flags=0x8, repeatCount=0, eventTime=184899, downTime=184899, deviceId=-1, source=0x101 }
D/InputEventConsistencyVerifier( 1036):   4: sent at 184742000000, (unhandled) KeyEvent { action=ACTION_DOWN, keyCode=KEYCODE_DPAD_UP, scanCode=0, metaState=0, flags=0x8, repeatCount=0, eventTime=184742, downTime=184742, deviceId=-1, source=0x101 }
D/InputEventConsistencyVerifier( 1036):   5: sent at 184860000000, (unhandled) KeyEvent { action=ACTION_UP, keyCode=KEYCODE_DPAD_LEFT, scanCode=0, metaState=0, flags=0x400, repeatCount=0, eventTime=184860, downTime=184860, deviceId=-1, source=0x101 }
D/InputEventConsistencyVerifier(  419): TouchEvent: ACTION_DOWN but pointers are already down.  Probably missing ACTION_UP from previous gesture.
D/InputEventConsistencyVerifier(  419):   in android.view.ScaleGestureDetector@b3e7d888
D/InputEventConsistencyVerifier(  419):   0: sent at 185725000000, MotionEvent { action=ACTION_DOWN, id[0]=0, x[0]=437.0, y[0]=19.0, toolType[0]=TOOL_TYPE_UNKNOWN, buttonState=0, metaState=0, flags=0x0, edgeFlags=0x0, pointerCount=1, historySize=0, eventTime=185725, downTime=185725, deviceId=0, source=0x1002 }
D/InputEventConsistencyVerifier(  419):   -- recent events --
D/InputEventConsistencyVerifier(  419):   1: sent at 179032000000, MotionEvent { action=ACTION_DOWN, id[0]=0, x[0]=9.0, y[0]=725.0, toolType[0]=TOOL_TYPE_UNKNOWN, buttonState=0, metaState=0, flags=0x0, edgeFlags=0x0, pointerCount=1, historySize=0, eventTime=179032, downTime=179032, deviceId=0, source=0x1002 }
D/InputEventConsistencyVerifier(  419):   2: sent at 178536000000, MotionEvent { action=ACTION_UP, id[0]=0, x[0]=86.0, y[0]=5.0, toolType[0]=TOOL_TYPE_UNKNOWN, buttonState=0, metaState=0, flags=0x0, edgeFlags=0x0, pointerCount=1, historySize=0, eventTime=178536, downTime=178516, deviceId=0, source=0x1002 }
D/InputEventConsistencyVerifier(  419):   3: sent at 178517000000, MotionEvent { action=ACTION_DOWN, id[0]=0, x[0]=78.0, y[0]=13.0, toolType[0]=TOOL_TYPE_UNKNOWN, buttonState=0, metaState=0, flags=0x0, edgeFlags=0x0, pointerCount=1, historySize=0, eventTime=178517, downTime=178516, deviceId=0, source=0x1002 }
D/InputEventConsistencyVerifier(  419):   4: sent at 135052000000, MotionEvent { action=ACTION_UP, id[0]=0, x[0]=376.0, y[0]=48.0, toolType[0]=TOOL_TYPE_UNKNOWN, buttonState=0, metaState=0, flags=0x0, edgeFlags=0x0, pointerCount=1, historySize=0, eventTime=135052, downTime=135012, deviceId=0, source=0x1002 }
D/InputEventConsistencyVerifier(  419):   5: sent at 135048000000, MotionEvent { action=ACTION_POINTER_UP(1), id[0]=0, x[0]=358.0, y[0]=39.0, toolType[0]=TOOL_TYPE_UNKNOWN, id[1]=1, x[1]=456.0, y[1]=43.0, toolType[1]=TOOL_TYPE_UNKNOWN, buttonState=0, metaState=0, flags=0x0, edgeFlags=0x0, pointerCount=2, historySize=0, eventTime=135048, downTime=135012, deviceId=0, source=0x1002 }
W/dalvikvm(  419): DroidBox: { "FdAccess": { "path": "2f70726f632f6d656d696e666f", "id": "1813695266" } }
W/DroidBox(  419): DroidBox: { "FileRW": { "operation": "read", "data": "4d656d546f74616c3a202020202020202020373438393634206b420a4d656d467265653a20202020202020202020343533313736206b420a427566666572733a20202020202020202020202035353238206b420a4361636865643a202020202020202020", "id": "1813695266" } }
I/Choreographer(  419): Skipped 36 frames!  The application may be doing too much work on its main thread.
D/InputEventConsistencyVerifier(  419): KeyEvent: ACTION_UP but key was not down.
D/InputEventConsistencyVerifier(  419):   in android.widget.FrameLayout@b3dfcd28
D/InputEventConsistencyVerifier(  419):   0: sent at 185938000000, KeyEvent { action=ACTION_UP, keyCode=KEYCODE_DPAD_DOWN, scanCode=0, metaState=0, flags=0x400, repeatCount=0, eventTime=185938, downTime=185938, deviceId=-1, source=0x101 }
D/InputEventConsistencyVerifier(  419):   -- recent events --
D/InputEventConsistencyVerifier(  419):   1: sent at 178762000000, (unhandled) KeyEvent { action=ACTION_UP, keyCode=KEYCODE_DPAD_RIGHT, scanCode=0, metaState=0, flags=0x8, repeatCount=0, eventTime=178762, downTime=178762, deviceId=-1, source=0x101 }
D/InputEventConsistencyVerifier(  419):   2: sent at 178755000000, (unhandled) KeyEvent { action=ACTION_DOWN, keyCode=KEYCODE_DPAD_RIGHT, scanCode=0, metaState=0, flags=0x8, repeatCount=0, eventTime=178755, downTime=178755, deviceId=-1, source=0x101 }
D/InputEventConsistencyVerifier(  419):   3: sent at 178739000000, (unhandled) KeyEvent { action=ACTION_UP, keyCode=KEYCODE_DPAD_DOWN, scanCode=0, metaState=0, flags=0x80000008, repeatCount=0, eventTime=178739, downTime=178739, deviceId=-1, source=0x101 }
D/InputEventConsistencyVerifier(  419):   4: sent at 136452000000, (unhandled) KeyEvent { action=ACTION_UP, keyCode=KEYCODE_DPAD_DOWN, scanCode=0, metaState=0, flags=0x400, repeatCount=0, eventTime=136452, downTime=136452, deviceId=-1, source=0x101 }
D/InputEventConsistencyVerifier(  419):   5: sent at 136452000000, (unhandled) KeyEvent { action=ACTION_DOWN, keyCode=KEYCODE_DPAD_DOWN, scanCode=0, metaState=0, flags=0x400, repeatCount=0, eventTime=136452, downTime=136452, deviceId=-1, source=0x101 }
D/PhoneStatusBar(  419): disable: < expand icons alerts TICKER* system_info back home recent clock >
V/PhoneStatusBar(  419): setLightsOn(true)
W/dalvikvm(  419): DroidBox: { "FdAccess": { "path": "2f70726f632f6d656d696e666f", "id": "1944235496" } }
W/DroidBox(  419): DroidBox: { "FileRW": { "operation": "read", "data": "4d656d546f74616c3a202020202020202020373438393634206b420a4d656d467265653a20202020202020202020343533313834206b420a427566666572733a20202020202020202020202035353238206b420a4361636865643a202020202020202020", "id": "1944235496" } }
D/InputEventConsistencyVerifier(  419): TouchEvent: ACTION_DOWN but pointers are already down.  Probably missing ACTION_UP from previous gesture.
D/InputEventConsistencyVerifier(  419):   in android.view.ScaleGestureDetector@b3e7d888
D/InputEventConsistencyVerifier(  419):   0: sent at 186274000000, MotionEvent { action=ACTION_DOWN, id[0]=0, x[0]=442.0, y[0]=618.0, toolType[0]=TOOL_TYPE_UNKNOWN, buttonState=0, metaState=0, flags=0x0, edgeFlags=0x0, pointerCount=1, historySize=0, eventTime=186274, downTime=186274, deviceId=0, source=0x1002 }
D/InputEventConsistencyVerifier(  419):   -- recent events --
D/InputEventConsistencyVerifier(  419):   1: sent at 186188000000, MotionEvent { action=ACTION_DOWN, id[0]=0, x[0]=402.0, y[0]=181.0, toolType[0]=TOOL_TYPE_UNKNOWN, buttonState=0, metaState=0, flags=0x0, edgeFlags=0x0, pointerCount=1, historySize=0, eventTime=186188, downTime=186188, deviceId=0, source=0x1002 }
D/InputEventConsistencyVerifier(  419):   2: sent at 185735000000, MotionEvent { action=ACTION_UP, id[0]=0, x[0]=436.0, y[0]=19.0, toolType[0]=TOOL_TYPE_UNKNOWN, buttonState=0, metaState=0, flags=0x0, edgeFlags=0x0, pointerCount=1, historySize=0, eventTime=185735, downTime=185725, deviceId=0, source=0x1002 }
D/InputEventConsistencyVerifier(  419):   3: sent at 185725000000, MotionEvent { action=ACTION_DOWN, id[0]=0, x[0]=437.0, y[0]=19.0, toolType[0]=TOOL_TYPE_UNKNOWN, buttonState=0, metaState=0, flags=0x80000000, edgeFlags=0x0, pointerCount=1, historySize=0, eventTime=185725, downTime=185725, deviceId=0, source=0x1002 }
D/InputEventConsistencyVerifier(  419):   4: sent at 179032000000, MotionEvent { action=ACTION_DOWN, id[0]=0, x[0]=9.0, y[0]=725.0, toolType[0]=TOOL_TYPE_UNKNOWN, buttonState=0, metaState=0, flags=0x0, edgeFlags=0x0, pointerCount=1, historySize=0, eventTime=179032, downTime=179032, deviceId=0, source=0x1002 }
D/InputEventConsistencyVerifier(  419):   5: sent at 178536000000, MotionEvent { action=ACTION_UP, id[0]=0, x[0]=86.0, y[0]=5.0, toolType[0]=TOOL_TYPE_UNKNOWN, buttonState=0, metaState=0, flags=0x0, edgeFlags=0x0, pointerCount=1, historySize=0, eventTime=178536, downTime=178516, deviceId=0, source=0x1002 }
I/Choreographer(  419): Skipped 111 frames!  The application may be doing too much work on its main thread.
I/ActivityManager(  223): START {act=android.intent.action.MAIN cat=[android.intent.category.LAUNCHER] flg=0x10000000 cmp=com.android.calendar/.AllInOneActivity sel={act=android.intent.action.MAIN cat=[android.intent.category.APP_CALENDAR]} u=0} from pid 223
D/InputEventConsistencyVerifier( 1036): KeyEvent: ACTION_UP but key was not down.
D/InputEventConsistencyVerifier( 1036):   in android.view.ViewRootImpl@b3e885f0
D/InputEventConsistencyVerifier( 1036):   0: sent at 186685000000, KeyEvent { action=ACTION_UP, keyCode=KEYCODE_CALENDAR, scanCode=0, metaState=0, flags=0x8, repeatCount=0, eventTime=186685, downTime=186685, deviceId=-1, source=0x101 }
I/Choreographer(  419): Skipped 45 frames!  The application may be doing too much work on its main thread.
V/PhoneStatusBar(  419): setLightsOn(true)
D/PhoneStatusBar(  419): disable: < expand icons alerts ticker* system_info back home recent clock >
E/WVMExtractor(   63): Failed to open libwvm.so
D/InputEventConsistencyVerifier( 1036): KeyEvent: ACTION_UP but key was not down.
D/InputEventConsistencyVerifier( 1036):   in android.view.ViewRootImpl@b3e055f8
D/InputEventConsistencyVerifier( 1036):   0: sent at 186920000000, KeyEvent { action=ACTION_UP, keyCode=KEYCODE_DPAD_UP, scanCode=0, metaState=0, flags=0x8, repeatCount=0, eventTime=186920, downTime=186920, deviceId=-1, source=0x101 }
D/InputEventConsistencyVerifier( 1036):   -- recent events --
D/InputEventConsistencyVerifier( 1036):   1: sent at 185648000000, KeyEvent { action=ACTION_UP, keyCode=KEYCODE_MENU, scanCode=0, metaState=0, flags=0x8, repeatCount=0, eventTime=185648, downTime=185648, deviceId=-1, source=0x101 }
D/InputEventConsistencyVerifier( 1036):   2: sent at 185568000000, KeyEvent { action=ACTION_DOWN, keyCode=KEYCODE_MENU, scanCode=0, metaState=0, flags=0x8, repeatCount=0, eventTime=185568, downTime=185568, deviceId=-1, source=0x101 }
D/InputEventConsistencyVerifier( 1036):   3: sent at 185535000000, KeyEvent { action=ACTION_UP, keyCode=KEYCODE_DPAD_CENTER, scanCode=0, metaState=0, flags=0x8, repeatCount=0, eventTime=185535, downTime=185535, deviceId=-1, source=0x101 }
D/InputEventConsistencyVerifier( 1036):   4: sent at 185488000000, KeyEvent { action=ACTION_DOWN, keyCode=KEYCODE_DPAD_CENTER, scanCode=0, metaState=0, flags=0x8, repeatCount=0, eventTime=185488, downTime=185488, deviceId=-1, source=0x101 }
D/InputEventConsistencyVerifier( 1036):   5: sent at 185460000000, MotionEvent { action=ACTION_UP, id[0]=0, x[0]=427.0, y[0]=270.0, toolType[0]=TOOL_TYPE_UNKNOWN, buttonState=0, metaState=0, flags=0x0, edgeFlags=0x0, pointerCount=1, historySize=0, eventTime=185460, downTime=185436, deviceId=0, source=0x1002 }
W/InputMethodManagerService(  223): Window already focused, ignoring focus gain of: com.android.internal.view.IInputMethodClient$Stub$Proxy@b4052098 attribute=android.view.inputmethod.EditorInfo@b3e701d8
I/Choreographer( 1036): Skipped 65 frames!  The application may be doing too much work on its main thread.
E/WVMExtractor(   63): Failed to open libwvm.so
E/WVMExtractor(   63): Failed to open libwvm.so
I/ActivityManager(  223): START {act=android.intent.action.MAIN cat=[android.intent.category.LAUNCHER] flg=0x10200000 cmp=com.alter.sms/.AlterSMSActivity u=0} from pid 980
E/WVMExtractor(   63): Failed to open libwvm.so
D/InputEventConsistencyVerifier( 1036): KeyEvent: ACTION_UP but key was not down.
D/InputEventConsistencyVerifier( 1036):   in com.android.internal.policy.impl.PhoneWindow$DecorView@b3da5100
D/InputEventConsistencyVerifier( 1036):   0: sent at 188213000000, KeyEvent { action=ACTION_UP, keyCode=KEYCODE_DPAD_DOWN, scanCode=0, metaState=0, flags=0x8, repeatCount=0, eventTime=188213, downTime=188213, deviceId=-1, source=0x101 }
D/InputEventConsistencyVerifier( 1036):   -- recent events --
