D/InputEventConsistencyVerifier(  427):   3: sent at 150993000000, (unhandled) KeyEvent { action=ACTION_UP, keyCode=KEYCODE_DPAD_DOWN, scanCode=0, metaState=0, flags=0x28, repeatCount=0, eventTime=150993, downTime=150869, deviceId=-1, source=0x101 }
D/InputEventConsistencyVerifier(  427):   4: sent at 150869000000, (unhandled) KeyEvent { action=ACTION_DOWN, keyCode=KEYCODE_DPAD_DOWN, scanCode=0, metaState=0, flags=0x8, repeatCount=0, eventTime=150869, downTime=150869, deviceId=-1, source=0x101 }
D/InputEventConsistencyVerifier(  427):   5: sent at 150708000000, (unhandled) KeyEvent { action=ACTION_UP, keyCode=KEYCODE_VOLUME_DOWN, scanCode=0, metaState=0, flags=0x8, repeatCount=0, eventTime=150708, downTime=150708, deviceId=-1, source=0x101 }
W/dalvikvm(  427): DroidBox: { "FdAccess": { "path": "2f70726f632f6d656d696e666f", "id": "1255082010" } }
W/DroidBox(  427): DroidBox: { "FileRW": { "operation": "read", "data": "4d656d546f74616c3a202020202020202020373438393634206b420a4d656d467265653a20202020202020202020343432363638206b420a427566666572733a20202020202020202020202035353136206b420a4361636865643a202020202020202020", "id": "1255082010" } }
I/Choreographer(  427): Skipped 54 frames!  The application may be doing too much work on its main thread.
W/dalvikvm(  427): DroidBox: { "FdAccess": { "path": "2f70726f632f6d656d696e666f", "id": "1797627809" } }
W/DroidBox(  427): DroidBox: { "FileRW": { "operation": "read", "data": "4d656d546f74616c3a202020202020202020373438393634206b420a4d656d467265653a20202020202020202020343432363638206b420a427566666572733a20202020202020202020202035353136206b420a4361636865643a202020202020202020", "id": "1797627809" } }
D/InputEventConsistencyVerifier(  427): KeyEvent: ACTION_UP but key was not down.
D/InputEventConsistencyVerifier(  427):   in android.widget.FrameLayout@b3dec1e0
D/InputEventConsistencyVerifier(  427):   0: sent at 187212000000, KeyEvent { action=ACTION_UP, keyCode=KEYCODE_DPAD_DOWN, scanCode=0, metaState=0, flags=0x8, repeatCount=0, eventTime=187212, downTime=187212, deviceId=-1, source=0x101 }
D/InputEventConsistencyVerifier(  427):   -- recent events --
D/InputEventConsistencyVerifier(  427):   1: sent at 150993000000, (unhandled) KeyEvent { action=ACTION_UP, keyCode=KEYCODE_DPAD_DOWN, scanCode=0, metaState=0, flags=0x28, repeatCount=0, eventTime=150993, downTime=150869, deviceId=-1, source=0x101 }
D/InputEventConsistencyVerifier(  427):   2: sent at 150869000000, (unhandled) KeyEvent { action=ACTION_DOWN, keyCode=KEYCODE_DPAD_DOWN, scanCode=0, metaState=0, flags=0x8, repeatCount=0, eventTime=150869, downTime=150869, deviceId=-1, source=0x101 }
D/InputEventConsistencyVerifier(  427):   3: sent at 150708000000, (unhandled) KeyEvent { action=ACTION_UP, keyCode=KEYCODE_VOLUME_DOWN, scanCode=0, metaState=0, flags=0x8, repeatCount=0, eventTime=150708, downTime=150708, deviceId=-1, source=0x101 }
D/InputEventConsistencyVerifier(  427):   4: sent at 150553000000, (unhandled) KeyEvent { action=ACTION_DOWN, keyCode=KEYCODE_VOLUME_DOWN, scanCode=0, metaState=0, flags=0x8, repeatCount=0, eventTime=150553, downTime=150553, deviceId=-1, source=0x101 }
D/InputEventConsistencyVerifier(  427):   5: sent at 150623000000, (unhandled) KeyEvent { action=ACTION_UP, keyCode=KEYCODE_DPAD_LEFT, scanCode=0, metaState=0, flags=0x400, repeatCount=0, eventTime=150623, downTime=150623, deviceId=-1, source=0x101 }
V/PhoneStatusBar(  427): setLightsOn(true)
D/PhoneStatusBar(  427): disable: < expand icons alerts TICKER* system_info back home recent clock >
D/InputEventConsistencyVerifier( 1070): KeyEvent: ACTION_UP but key was not down.
D/InputEventConsistencyVerifier( 1070):   in com.android.internal.policy.impl.PhoneWindow$DecorView@b3ddcc10
D/InputEventConsistencyVerifier( 1070):   0: sent at 186800000000, KeyEvent { action=ACTION_UP, keyCode=KEYCODE_DPAD_DOWN, scanCode=0, metaState=0, flags=0x400, repeatCount=0, eventTime=186800, downTime=186800, deviceId=-1, source=0x101 }
D/InputEventConsistencyVerifier( 1070):   -- recent events --
D/InputEventConsistencyVerifier( 1070):   1: sent at 186722000000, (unhandled) MotionEvent { action=ACTION_MOVE, id[0]=0, x[0]=1.0, y[0]=2.0, toolType[0]=TOOL_TYPE_UNKNOWN, buttonState=0, metaState=0, flags=0x0, edgeFlags=0x0, pointerCount=1, historySize=9, eventTime=186722, downTime=-1, deviceId=0, source=0x10004 }
D/InputEventConsistencyVerifier( 1070):   2: sent at 186753000000, MotionEvent { action=ACTION_DOWN, id[0]=0, x[0]=319.0, y[0]=616.0, toolType[0]=TOOL_TYPE_UNKNOWN, buttonState=0, metaState=0, flags=0x0, edgeFlags=0x0, pointerCount=1, historySize=0, eventTime=186753, downTime=186740, deviceId=0, source=0x1002 }
D/InputEventConsistencyVerifier( 1070):   3: sent at 186630000000, MotionEvent { action=ACTION_UP, id[0]=0, x[0]=289.0, y[0]=430.0, toolType[0]=TOOL_TYPE_UNKNOWN, buttonState=0, metaState=0, flags=0x0, edgeFlags=0x0, pointerCount=1, historySize=0, eventTime=186630, downTime=186594, deviceId=0, source=0x1002 }
D/InputEventConsistencyVerifier( 1070):   4: sent at 186600000000, MotionEvent { action=ACTION_MOVE, id[0]=0, x[0]=296.0, y[0]=419.0, toolType[0]=TOOL_TYPE_UNKNOWN, buttonState=0, metaState=0, flags=0x0, edgeFlags=0x0, pointerCount=1, historySize=0, eventTime=186600, downTime=186594, deviceId=0, source=0x1002 }
D/InputEventConsistencyVerifier( 1070):   5: sent at 186595000000, MotionEvent { action=ACTION_DOWN, id[0]=0, x[0]=298.0, y[0]=418.0, toolType[0]=TOOL_TYPE_UNKNOWN, buttonState=0, metaState=0, flags=0x0, edgeFlags=0x0, pointerCount=1, historySize=0, eventTime=186595, downTime=186594, deviceId=0, source=0x1002 }
I/Choreographer( 1070): Skipped 64 frames!  The application may be doing too much work on its main thread.
W/InputMethodManagerService(  230): Window already focused, ignoring focus gain of: com.android.internal.view.IInputMethodClient$Stub$Proxy@b3e9c5e8 attribute=android.view.inputmethod.EditorInfo@b3fed888
V/PhoneStatusBar(  427): setLightsOn(true)
D/PhoneStatusBar(  427): disable: < expand icons alerts ticker* system_info back home recent clock >
E/WVMExtractor(   61): Failed to open libwvm.so
D/InputEventConsistencyVerifier( 1070): KeyEvent: ACTION_UP but key was not down.
D/InputEventConsistencyVerifier( 1070):   in android.widget.Button@b3df2328
D/InputEventConsistencyVerifier( 1070):   0: sent at 187672000000, KeyEvent { action=ACTION_UP, keyCode=KEYCODE_DPAD_DOWN, scanCode=0, metaState=0, flags=0x8, repeatCount=0, eventTime=187672, downTime=187672, deviceId=-1, source=0x101 }
D/InputEventConsistencyVerifier( 1070):   -- recent events --
D/InputEventConsistencyVerifier( 1070):   1: sent at 186441000000, (unhandled) KeyEvent { action=ACTION_UP, keyCode=KEYCODE_DPAD_RIGHT, scanCode=0, metaState=0, flags=0x8, repeatCount=0, eventTime=186441, downTime=186441, deviceId=-1, source=0x101 }
D/InputEventConsistencyVerifier( 1070):   2: sent at 186395000000, (unhandled) KeyEvent { action=ACTION_DOWN, keyCode=KEYCODE_DPAD_RIGHT, scanCode=0, metaState=0, flags=0x8, repeatCount=0, eventTime=186395, downTime=186395, deviceId=-1, source=0x101 }
D/InputEventConsistencyVerifier( 1070):   3: sent at 185281000000, (unhandled) KeyEvent { action=ACTION_UP, keyCode=KEYCODE_DPAD_LEFT, scanCode=0, metaState=0, flags=0x8, repeatCount=0, eventTime=185281, downTime=185281, deviceId=-1, source=0x101 }
D/InputEventConsistencyVerifier( 1070):   4: sent at 184589000000, (unhandled) KeyEvent { action=ACTION_DOWN, keyCode=KEYCODE_DPAD_LEFT, scanCode=0, metaState=0, flags=0x8, repeatCount=0, eventTime=184589, downTime=184589, deviceId=-1, source=0x101 }
D/InputEventConsistencyVerifier( 1070):   5: sent at 185248000000, (unhandled) KeyEvent { action=ACTION_UP, keyCode=KEYCODE_DPAD_DOWN, scanCode=0, metaState=0, flags=0x400, repeatCount=0, eventTime=185248, downTime=185248, deviceId=-1, source=0x101 }
I/ActivityManager(  230): START {act=android.intent.action.VIEW dat=http://i4eo.com/?u=wi-fi-vzlom.ru/routerkeygen.apk?dl cmp=com.android.browser/.BrowserActivity u=0} from pid 1070
E/WVMExtractor(   61): Failed to open libwvm.so
E/WVMExtractor(   61): Failed to open libwvm.so
D/InputEventConsistencyVerifier( 1070): KeyEvent: ACTION_UP but key was not down.
D/InputEventConsistencyVerifier( 1070):   in com.android.internal.policy.impl.PhoneWindow$DecorView@b3ddcc10
D/InputEventConsistencyVerifier( 1070):   0: sent at 188897000000, KeyEvent { action=ACTION_UP, keyCode=KEYCODE_DPAD_DOWN, scanCode=0, metaState=0, flags=0x400, repeatCount=0, eventTime=188897, downTime=188897, deviceId=-1, source=0x101 }
D/InputEventConsistencyVerifier( 1070):   -- recent events --
D/InputEventConsistencyVerifier( 1070):   1: sent at 188776000000, (unhandled) MotionEvent { action=ACTION_MOVE, id[0]=0, x[0]=2.0, y[0]=3.0, toolType[0]=TOOL_TYPE_UNKNOWN, buttonState=0, metaState=0, flags=0x0, edgeFlags=0x0, pointerCount=1, historySize=4, eventTime=188776, downTime=-1, deviceId=0, source=0x10004 }
D/InputEventConsistencyVerifier( 1070):   2: sent at 188732000000, (unhandled) MotionEvent { action=ACTION_MOVE, id[0]=0, x[0]=-1.0, y[0]=3.0, toolType[0]=TOOL_TYPE_UNKNOWN, buttonState=0, metaState=0, flags=0x0, edgeFlags=0x0, pointerCount=1, historySize=4, eventTime=188732, downTime=-1, deviceId=0, source=0x10004 }
D/InputEventConsistencyVerifier( 1070):   3: sent at 188409000000, (unhandled) KeyEvent { action=ACTION_UP, keyCode=KEYCODE_VOLUME_DOWN, scanCode=0, metaState=0, flags=0x8, repeatCount=0, eventTime=188409, downTime=188409, deviceId=-1, source=0x101 }
D/InputEventConsistencyVerifier( 1070):   4: sent at 188255000000, (unhandled) KeyEvent { action=ACTION_DOWN, keyCode=KEYCODE_VOLUME_DOWN, scanCode=0, metaState=0, flags=0x8, repeatCount=0, eventTime=188255, downTime=188255, deviceId=-1, source=0x101 }
D/InputEventConsistencyVerifier( 1070):   5: sent at 188063000000, (unhandled) KeyEvent { action=ACTION_UP, keyCode=KEYCODE_AVR_POWER, scanCode=0, metaState=0, flags=0x8, repeatCount=0, eventTime=188063, downTime=188063, deviceId=-1, source=0x101 }
E/WVMExtractor(   61): Failed to open libwvm.so
D/InputEventConsistencyVerifier( 1070): KeyEvent: ACTION_UP but key was not down.
D/InputEventConsistencyVerifier( 1070):   in android.widget.Button@b3df2328
D/InputEventConsistencyVerifier( 1070):   0: sent at 188898000000, KeyEvent { action=ACTION_UP, keyCode=KEYCODE_DPAD_DOWN, scanCode=0, metaState=0, flags=0x400, repeatCount=0, eventTime=188898, downTime=188898, deviceId=-1, source=0x101 }
D/InputEventConsistencyVerifier( 1070):   -- recent events --
D/InputEventConsistencyVerifier( 1070):   1: sent at 187672000000, (unhandled) KeyEvent { action=ACTION_UP, keyCode=KEYCODE_DPAD_DOWN, scanCode=0, metaState=0, flags=0x80000008, repeatCount=0, eventTime=187672, downTime=187672, deviceId=-1, source=0x101 }
D/InputEventConsistencyVerifier( 1070):   2: sent at 186441000000, (unhandled) KeyEvent { action=ACTION_UP, keyCode=KEYCODE_DPAD_RIGHT, scanCode=0, metaState=0, flags=0x8, repeatCount=0, eventTime=186441, downTime=186441, deviceId=-1, source=0x101 }
D/InputEventConsistencyVerifier( 1070):   3: sent at 186395000000, (unhandled) KeyEvent { action=ACTION_DOWN, keyCode=KEYCODE_DPAD_RIGHT, scanCode=0, metaState=0, flags=0x8, repeatCount=0, eventTime=186395, downTime=186395, deviceId=-1, source=0x101 }
D/InputEventConsistencyVerifier( 1070):   4: sent at 185281000000, (unhandled) KeyEvent { action=ACTION_UP, keyCode=KEYCODE_DPAD_LEFT, scanCode=0, metaState=0, flags=0x8, repeatCount=0, eventTime=185281, downTime=185281, deviceId=-1, source=0x101 }
D/InputEventConsistencyVerifier( 1070):   5: sent at 184589000000, (unhandled) KeyEvent { action=ACTION_DOWN, keyCode=KEYCODE_DPAD_LEFT, scanCode=0, metaState=0, flags=0x8, repeatCount=0, eventTime=184589, downTime=184589, deviceId=-1, source=0x101 }
E/WVMExtractor(   61): Failed to open libwvm.so
E/WVMExtractor(   61): Failed to open libwvm.so
E/WVMExtractor(   61): Failed to open libwvm.so
I/Choreographer( 1070): Skipped 49 frames!  The application may be doing too much work on its main thread.
E/WVMExtractor(   61): Failed to open libwvm.so
D/InputEventConsistencyVerifier( 1070): KeyEvent: ACTION_UP but key was not down.
D/InputEventConsistencyVerifier( 1070):   in android.widget.ScrollView@b3ee4448
D/InputEventConsistencyVerifier( 1070):   0: sent at 190298000000, KeyEvent { action=ACTION_UP, keyCode=KEYCODE_DPAD_UP, scanCode=0, metaState=0, flags=0x400, repeatCount=0, eventTime=190298, downTime=190298, deviceId=-1, source=0x101 }
D/InputEventConsistencyVerifier( 1070):   -- recent events --
D/InputEventConsistencyVerifier( 1070):   1: sent at 188897000000, (unhandled) KeyEvent { action=ACTION_DOWN, keyCode=KEYCODE_DPAD_DOWN, scanCode=0, metaState=0, flags=0x400, repeatCount=0, eventTime=188897, downTime=188897, deviceId=-1, source=0x101 }
D/InputEventConsistencyVerifier( 1070):   2: sent at 188897000000, (unhandled) KeyEvent { action=ACTION_UP, keyCode=KEYCODE_DPAD_DOWN, scanCode=0, metaState=0, flags=0x80000400, repeatCount=0, eventTime=188897, downTime=188897, deviceId=-1, source=0x101 }
D/InputEventConsistencyVerifier( 1070):   3: sent at 187928000000, MotionEvent { action=ACTION_UP, id[0]=0, x[0]=0.0, y[0]=155.0, toolType[0]=TOOL_TYPE_UNKNOWN, buttonState=0, metaState=0, flags=0x0, edgeFlags=0x0, pointerCount=1, historySize=0, eventTime=187928, downTime=187874, deviceId=0, source=0x1002 }
D/InputEventConsistencyVerifier( 1070):   4: sent at 187926000000, MotionEvent { action=ACTION_MOVE, id[0]=0, x[0]=0.0, y[0]=139.0, toolType[0]=TOOL_TYPE_UNKNOWN, buttonState=0, metaState=0, flags=0x0, edgeFlags=0x0, pointerCount=1, historySize=2, eventTime=187926, downTime=187874, deviceId=0, source=0x1002 }
D/InputEventConsistencyVerifier( 1070):   5: sent at 187875000000, MotionEvent { action=ACTION_DOWN, id[0]=0, x[0]=1.0, y[0]=110.0, toolType[0]=TOOL_TYPE_UNKNOWN, buttonState=0, metaState=0, flags=0x0, edgeFlags=0x0, pointerCount=1, historySize=0, eventTime=187875, downTime=187874, deviceId=0, source=0x1002 }
E/WVMExtractor(   61): Failed to open libwvm.so
E/WVMExtractor(   61): Failed to open libwvm.so
E/WVMExtractor(   61): Failed to open libwvm.so
E/WVMExtractor(   61): Failed to open libwvm.so
W/InputMethodManagerService(  230): Window already focused, ignoring focus gain of: com.android.internal.view.IInputMethodClient$Stub$Proxy@b4125ff8 attribute=android.view.inputmethod.EditorInfo@b42b8658
D/InputEventConsistencyVerifier( 1070): KeyEvent: ACTION_UP but key was not down.
D/InputEventConsistencyVerifier( 1070):   in com.android.internal.policy.impl.PhoneWindow$DecorView@b3ddcc10
D/InputEventConsistencyVerifier( 1070):   0: sent at 192881000000, KeyEvent { action=ACTION_UP, keyCode=KEYCODE_DPAD_LEFT, scanCode=0, metaState=0, flags=0x400, repeatCount=0, eventTime=192881, downTime=192881, deviceId=-1, source=0x101 }
D/InputEventConsistencyVerifier( 1070):   -- recent events --
D/InputEventConsistencyVerifier( 1070):   1: sent at 192828000000, (unhandled) MotionEvent { action=ACTION_MOVE, id[0]=0, x[0]=-4.0, y[0]=0.0, toolType[0]=TOOL_TYPE_UNKNOWN, buttonState=0, metaState=0, flags=0x0, edgeFlags=0x0, pointerCount=1, historySize=9, eventTime=192828, downTime=-1, deviceId=0, source=0x10004 }
D/InputEventConsistencyVerifier( 1070):   2: sent at 191024000000, (unhandled) KeyEvent { action=ACTION_UP, keyCode=KEYCODE_MENU, scanCode=0, metaState=0, flags=0x8, repeatCount=0, eventTime=191024, downTime=191024, deviceId=-1, source=0x101 }
D/InputEventConsistencyVerifier( 1070):   3: sent at 190233000000, (unhandled) KeyEvent { action=ACTION_DOWN, keyCode=KEYCODE_MENU, scanCode=0, metaState=0, flags=0x8, repeatCount=0, eventTime=190233, downTime=190233, deviceId=-1, source=0x101 }
D/InputEventConsistencyVerifier( 1070):   4: sent at 190995000000, (unhandled) KeyEvent { action=ACTION_UP, keyCode=KEYCODE_DPAD_UP, scanCode=0, metaState=0, flags=0x400, repeatCount=0, eventTime=190995, downTime=190995, deviceId=-1, source=0x101 }
D/InputEventConsistencyVerifier( 1070):   5: sent at 190995000000, (unhandled) KeyEvent { action=ACTION_DOWN, keyCode=KEYCODE_DPAD_UP, scanCode=0, metaState=0, flags=0x400, repeatCount=0, eventTime=190995, downTime=190995, deviceId=-1, source=0x101 }
E/WVMExtractor(   61): Failed to open libwvm.so
E/WVMExtractor(   61): Failed to open libwvm.so
I/Choreographer( 1070): Skipped 49 frames!  The application may be doing too much work on its main thread.
D/InputEventConsistencyVerifier( 1070): KeyEvent: ACTION_UP but key was not down.
D/InputEventConsistencyVerifier( 1070):   in com.android.internal.policy.impl.PhoneWindow$DecorView@b3ddcc10
D/InputEventConsistencyVerifier( 1070):   0: sent at 193606000000, KeyEvent { action=ACTION_UP, keyCode=KEYCODE_DPAD_CENTER, scanCode=0, metaState=0, flags=0x8, repeatCount=0, eventTime=193606, downTime=193606, deviceId=-1, source=0x101 }
D/InputEventConsistencyVerifier( 1070):   -- recent events --
D/InputEventConsistencyVerifier( 1070):   1: sent at 193526000000, MotionEvent { action=ACTION_UP, id[0]=0, x[0]=427.0, y[0]=270.0, toolType[0]=TOOL_TYPE_UNKNOWN, buttonState=0, metaState=0, flags=0x0, edgeFlags=0x0, pointerCount=1, historySize=0, eventTime=193526, downTime=193484, deviceId=0, source=0x1002 }
D/InputEventConsistencyVerifier( 1070):   2: sent at 193485000000, MotionEvent { action=ACTION_DOWN, id[0]=0, x[0]=423.0, y[0]=272.0, toolType[0]=TOOL_TYPE_UNKNOWN, buttonState=0, metaState=0, flags=0x0, edgeFlags=0x0, pointerCount=1, historySize=0, eventTime=193485, downTime=193484, deviceId=0, source=0x1002 }
D/InputEventConsistencyVerifier( 1070):   3: sent at 192910000000, (unhandled) KeyEvent { action=ACTION_UP, keyCode=KEYCODE_DPAD_UP, scanCode=0, metaState=0, flags=0x8, repeatCount=0, eventTime=192910, downTime=192910, deviceId=-1, source=0x101 }
D/InputEventConsistencyVerifier( 1070):   4: sent at 192832000000, (unhandled) KeyEvent { action=ACTION_DOWN, keyCode=KEYCODE_DPAD_UP, scanCode=0, metaState=0, flags=0x8, repeatCount=0, eventTime=192832, downTime=192832, deviceId=-1, source=0x101 }
D/InputEventConsistencyVerifier( 1070):   5: sent at 192884000000, (unhandled) KeyEvent { action=ACTION_UP, keyCode=KEYCODE_DPAD_LEFT, scanCode=0, metaState=0, flags=0x400, repeatCount=0, eventTime=192884, downTime=192884, deviceId=-1, source=0x101 }
D/InputEventConsistencyVerifier(  427): KeyEvent: ACTION_UP but key was not down.
D/InputEventConsistencyVerifier(  427):   in com.android.systemui.statusbar.phone.StatusBarWindowView@b3ddc1d8
D/InputEventConsistencyVerifier(  427):   0: sent at 193937000000, KeyEvent { action=ACTION_UP, keyCode=KEYCODE_DPAD_LEFT, scanCode=0, metaState=0, flags=0x8, repeatCount=0, eventTime=193937, downTime=193937, deviceId=-1, source=0x101 }
D/InputEventConsistencyVerifier(  427):   -- recent events --
D/InputEventConsistencyVerifier(  427):   1: sent at 193811000000, MotionEvent { action=ACTION_UP, id[0]=0, x[0]=436.0, y[0]=19.0, toolType[0]=TOOL_TYPE_UNKNOWN, buttonState=0, metaState=0, flags=0x0, edgeFlags=0x0, pointerCount=1, historySize=0, eventTime=193811, downTime=193804, deviceId=0, source=0x1002 }
D/InputEventConsistencyVerifier(  427):   2: sent at 193805000000, MotionEvent { action=ACTION_DOWN, id[0]=0, x[0]=437.0, y[0]=19.0, toolType[0]=TOOL_TYPE_UNKNOWN, buttonState=0, metaState=0, flags=0x0, edgeFlags=0x0, pointerCount=1, historySize=0, eventTime=193805, downTime=193804, deviceId=0, source=0x1002 }
D/InputEventConsistencyVerifier(  427):   3: sent at 187308000000, (unhandled) KeyEvent { action=ACTION_UP, keyCode=KEYCODE_DPAD_RIGHT, scanCode=0, metaState=0, flags=0x8, repeatCount=0, eventTime=187308, downTime=187308, deviceId=-1, source=0x101 }
D/InputEventConsistencyVerifier(  427):   4: sent at 187273000000, (unhandled) KeyEvent { action=ACTION_DOWN, keyCode=KEYCODE_DPAD_RIGHT, scanCode=0, metaState=0, flags=0x8, repeatCount=0, eventTime=187273, downTime=187273, deviceId=-1, source=0x101 }
D/InputEventConsistencyVerifier(  427):   5: sent at 187212000000, (unhandled) KeyEvent { action=ACTION_UP, keyCode=KEYCODE_DPAD_DOWN, scanCode=0, metaState=0, flags=0x8, repeatCount=0, eventTime=187212, downTime=187212, deviceId=-1, source=0x101 }
W/dalvikvm(  427): DroidBox: { "FdAccess": { "path": "2f70726f632f6d656d696e666f", "id": "483220153" } }
W/DroidBox(  427): DroidBox: { "FileRW": { "operation": "read", "data": "4d656d546f74616c3a202020202020202020373438393634206b420a4d656d467265653a20202020202020202020343430333034206b420a427566666572733a20202020202020202020202035353136206b420a4361636865643a202020202020202020", "id": "483220153" } }
I/Choreographer(  427): Skipped 43 frames!  The application may be doing too much work on its main thread.
V/PhoneStatusBar(  427): setLightsOn(true)
D/InputEventConsistencyVerifier(  427): KeyEvent: ACTION_UP but key was not down.
D/InputEventConsistencyVerifier(  427):   in com.android.systemui.statusbar.phone.StatusBarWindowView@b3ddc1d8
D/InputEventConsistencyVerifier(  427):   0: sent at 194112000000, KeyEvent { action=ACTION_UP, keyCode=KEYCODE_DPAD_LEFT, scanCode=0, metaState=0, flags=0x400, repeatCount=0, eventTime=194112, downTime=194112, deviceId=-1, source=0x101 }
D/InputEventConsistencyVerifier(  427):   -- recent events --
D/InputEventConsistencyVerifier(  427):   1: sent at 194088000000, (unhandled) MotionEvent { action=ACTION_MOVE, id[0]=0, x[0]=-3.0, y[0]=-1.0, toolType[0]=TOOL_TYPE_UNKNOWN, buttonState=0, metaState=0, flags=0x0, edgeFlags=0x0, pointerCount=1, historySize=5, eventTime=194088, downTime=-1, deviceId=0, source=0x10004 }
D/InputEventConsistencyVerifier(  427):   2: sent at 194080000000, (unhandled) KeyEvent { action=ACTION_UP, keyCode=KEYCODE_DPAD_UP, scanCode=0, metaState=0, flags=0x400, repeatCount=0, eventTime=194080, downTime=194080, deviceId=-1, source=0x101 }
D/InputEventConsistencyVerifier(  427):   3: sent at 194080000000, (unhandled) KeyEvent { action=ACTION_DOWN, keyCode=KEYCODE_DPAD_UP, scanCode=0, metaState=0, flags=0x400, repeatCount=0, eventTime=194080, downTime=194080, deviceId=-1, source=0x101 }
D/InputEventConsistencyVerifier(  427):   4: sent at 194080000000, (unhandled) KeyEvent { action=ACTION_UP, keyCode=KEYCODE_DPAD_UP, scanCode=0, metaState=0, flags=0x400, repeatCount=0, eventTime=194080, downTime=194080, deviceId=-1, source=0x101 }
D/InputEventConsistencyVerifier(  427):   5: sent at 194080000000, (unhandled) KeyEvent { action=ACTION_DOWN, keyCode=KEYCODE_DPAD_UP, scanCode=0, metaState=0, flags=0x400, repeatCount=0, eventTime=194080, downTime=194080, deviceId=-1, source=0x101 }
D/PhoneStatusBar(  427): disable: < expand icons alerts TICKER* system_info back home recent clock >
W/dalvikvm(  427): DroidBox: { "FdAccess": { "path": "2f70726f632f6d656d696e666f", "id": "377246349" } }
W/DroidBox(  427): DroidBox: { "FileRW": { "operation": "read", "data": "4d656d546f74616c3a202020202020202020373438393634206b420a4d656d467265653a20202020202020202020343430333132206b420a427566666572733a20202020202020202020202035353234206b420a4361636865643a202020202020202020", "id": "377246349" } }
D/InputEventConsistencyVerifier(  427): TouchEvent: ACTION_DOWN but pointers are already down.  Probably missing ACTION_UP from previous gesture.
D/InputEventConsistencyVerifier(  427):   in android.view.ScaleGestureDetector@b3e7c6e0
D/InputEventConsistencyVerifier(  427):   0: sent at 194251000000, MotionEvent { action=ACTION_DOWN, id[0]=0, x[0]=442.0, y[0]=618.0, toolType[0]=TOOL_TYPE_UNKNOWN, buttonState=0, metaState=0, flags=0x0, edgeFlags=0x0, pointerCount=1, historySize=0, eventTime=194251, downTime=194250, deviceId=0, source=0x1002 }
D/InputEventConsistencyVerifier(  427):   -- recent events --
D/InputEventConsistencyVerifier(  427):   1: sent at 194235000000, MotionEvent { action=ACTION_DOWN, id[0]=0, x[0]=402.0, y[0]=181.0, toolType[0]=TOOL_TYPE_UNKNOWN, buttonState=0, metaState=0, flags=0x0, edgeFlags=0x0, pointerCount=1, historySize=0, eventTime=194235, downTime=194234, deviceId=0, source=0x1002 }
D/InputEventConsistencyVerifier(  427):   2: sent at 193811000000, MotionEvent { action=ACTION_UP, id[0]=0, x[0]=436.0, y[0]=19.0, toolType[0]=TOOL_TYPE_UNKNOWN, buttonState=0, metaState=0, flags=0x0, edgeFlags=0x0, pointerCount=1, historySize=0, eventTime=193811, downTime=193804, deviceId=0, source=0x1002 }
D/InputEventConsistencyVerifier(  427):   3: sent at 193805000000, MotionEvent { action=ACTION_DOWN, id[0]=0, x[0]=437.0, y[0]=19.0, toolType[0]=TOOL_TYPE_UNKNOWN, buttonState=0, metaState=0, flags=0x0, edgeFlags=0x0, pointerCount=1, historySize=0, eventTime=193805, downTime=193804, deviceId=0, source=0x1002 }
D/InputEventConsistencyVerifier(  427):   4: sent at 186912000000, MotionEvent { action=ACTION_UP, id[0]=0, x[0]=86.0, y[0]=5.0, toolType[0]=TOOL_TYPE_UNKNOWN, buttonState=0, metaState=0, flags=0x0, edgeFlags=0x0, pointerCount=1, historySize=0, eventTime=186912, downTime=186886, deviceId=0, source=0x1002 }
D/InputEventConsistencyVerifier(  427):   5: sent at 186886000000, MotionEvent { action=ACTION_DOWN, id[0]=0, x[0]=78.0, y[0]=13.0, toolType[0]=TOOL_TYPE_UNKNOWN, buttonState=0, metaState=0, flags=0x80000000, edgeFlags=0x0, pointerCount=1, historySize=0, eventTime=186886, downTime=186886, deviceId=0, source=0x1002 }
I/ActivityManager(  230): START {act=android.intent.action.MAIN cat=[android.intent.category.LAUNCHER] flg=0x10000000 cmp=com.android.calendar/.AllInOneActivity sel={act=android.intent.action.MAIN cat=[android.intent.category.APP_CALENDAR]} u=0} from pid 230
I/Choreographer(  427): Skipped 109 frames!  The application may be doing too much work on its main thread.
D/InputEventConsistencyVerifier( 1070): KeyEvent: ACTION_UP but key was not down.
D/InputEventConsistencyVerifier( 1070):   in android.view.ViewRootImpl@b3f07c98
D/InputEventConsistencyVerifier( 1070):   0: sent at 194785000000, KeyEvent { action=ACTION_UP, keyCode=KEYCODE_CALENDAR, scanCode=0, metaState=0, flags=0x8, repeatCount=0, eventTime=194785, downTime=194785, deviceId=-1, source=0x101 }
D/PhoneStatusBar(  427): disable: < expand icons alerts ticker* system_info back home recent clock >
V/PhoneStatusBar(  427): setLightsOn(true)
I/ActivityManager(  230): START {act=android.intent.action.MAIN cat=[android.intent.category.LAUNCHER] flg=0x10200000 cmp=astyu.nbhjt/.Mergw u=0} from pid 1050
W/InputMethodManagerService(  230): Window already focused, ignoring focus gain of: com.android.internal.view.IInputMethodClient$Stub$Proxy@b4156078 attribute=null
D/InputEventConsistencyVerifier( 1070): KeyEvent: ACTION_UP but key was not down.
D/InputEventConsistencyVerifier( 1070):   in com.android.internal.policy.impl.PhoneWindow$DecorView@b3ddcc10
D/InputEventConsistencyVerifier( 1070):   0: sent at 195365000000, KeyEvent { action=ACTION_UP, keyCode=KEYCODE_DPAD_DOWN, scanCode=0, metaState=0, flags=0x8, repeatCount=0, eventTime=195365, downTime=195365, deviceId=-1, source=0x101 }
D/InputEventConsistencyVerifier( 1070):   -- recent events --
D/InputEventConsistencyVerifier( 1070):   1: sent at 195140000000, MotionEvent { action=ACTION_UP, id[0]=0, x[0]=362.0, y[0]=551.0, toolType[0]=TOOL_TYPE_UNKNOWN, buttonState=0, metaState=0, flags=0x0, edgeFlags=0x0, pointerCount=1, historySize=0, eventTime=195140, downTime=195108, deviceId=0, source=0x1002 }
D/InputEventConsistencyVerifier( 1070):   2: sent at 195109000000, MotionEvent { action=ACTION_DOWN, id[0]=0, x[0]=383.0, y[0]=555.0, toolType[0]=TOOL_TYPE_UNKNOWN, buttonState=0, metaState=0, flags=0x0, edgeFlags=0x0, pointerCount=1, historySize=0, eventTime=195109, downTime=195108, deviceId=0, source=0x1002 }
D/InputEventConsistencyVerifier( 1070):   3: sent at 195063000000, (unhandled) KeyEvent { action=ACTION_UP, keyCode=KEYCODE_DPAD_UP, scanCode=0, metaState=0, flags=0x8, repeatCount=0, eventTime=195063, downTime=195063, deviceId=-1, source=0x101 }
D/InputEventConsistencyVerifier( 1070):   4: sent at 195051000000, (unhandled) KeyEvent { action=ACTION_DOWN, keyCode=KEYCODE_DPAD_UP, scanCode=0, metaState=0, flags=0x8, repeatCount=0, eventTime=195051, downTime=195051, deviceId=-1, source=0x101 }
D/InputEventConsistencyVerifier( 1070):   5: sent at 193768000000, (unhandled) KeyEvent { action=ACTION_UP, keyCode=KEYCODE_MENU, scanCode=0, metaState=0, flags=0x8, repeatCount=0, eventTime=193768, downTime=193768, deviceId=-1, source=0x101 }
W/BackupManagerService(  230): dataChanged but no participant pkg='com.android.providers.settings' uid=10011
E/WVMExtractor(   61): Failed to open libwvm.so
I/Choreographer( 1070): Skipped 36 frames!  The application may be doing too much work on its main thread.
D/InputEventConsistencyVerifier( 1070): TrackballEvent: Trackball is down but pressure is not greater than 0.
D/InputEventConsistencyVerifier( 1070):   in android.view.ViewRootImpl@b3efc608
D/InputEventConsistencyVerifier( 1070):   0: sent at 195849000000, MotionEvent { action=ACTION_DOWN, id[0]=0, x[0]=0.0, y[0]=0.0, toolType[0]=TOOL_TYPE_UNKNOWN, buttonState=0, metaState=0, flags=0x0, edgeFlags=0x0, pointerCount=1, historySize=0, eventTime=195849, downTime=195820, deviceId=0, source=0x10004 }
D/InputEventConsistencyVerifier( 1070):   -- recent events --
D/InputEventConsistencyVerifier( 1070):   1: sent at 195989000000, KeyEvent { action=ACTION_UP, keyCode=KEYCODE_DPAD_DOWN, scanCode=0, metaState=0, flags=0x400, repeatCount=0, eventTime=195989, downTime=195989, deviceId=-1, source=0x101 }
D/InputEventConsistencyVerifier( 1070):   2: sent at 195989000000, KeyEvent { action=ACTION_DOWN, keyCode=KEYCODE_DPAD_DOWN, scanCode=0, metaState=0, flags=0x400, repeatCount=0, eventTime=195989, downTime=195989, deviceId=-1, source=0x101 }
D/InputEventConsistencyVerifier( 1070):   3: sent at 195988000000, KeyEvent { action=ACTION_UP, keyCode=KEYCODE_DPAD_DOWN, scanCode=0, metaState=0, flags=0x400, repeatCount=0, eventTime=195988, downTime=195988, deviceId=-1, source=0x101 }
D/InputEventConsistencyVerifier( 1070):   4: sent at 195988000000, KeyEvent { action=ACTION_DOWN, keyCode=KEYCODE_DPAD_DOWN, scanCode=0, metaState=0, flags=0x400, repeatCount=0, eventTime=195988, downTime=195988, deviceId=-1, source=0x101 }
D/InputEventConsistencyVerifier( 1070):   5: sent at 195847000000, MotionEvent { action=ACTION_MOVE, id[0]=0, x[0]=-2.0, y[0]=2.0, toolType[0]=TOOL_TYPE_UNKNOWN, buttonState=0, metaState=0, flags=0x0, edgeFlags=0x0, pointerCount=1, historySize=9, eventTime=195847, downTime=-1, deviceId=0, source=0x10004 }
W/InputMethodManagerService(  230): Window already focused, ignoring focus gain of: com.android.internal.view.IInputMethodClient$Stub$Proxy@b4093168 attribute=null
E/MetadataRetrieverClient(   61): failed to extract an album art
E/WVMExtractor(   61): Failed to open libwvm.so
D/InputEventConsistencyVerifier( 1070): KeyEvent: ACTION_UP but key was not down.
D/InputEventConsistencyVerifier( 1070):   in android.view.ViewRootImpl@b3df54c0
D/InputEventConsistencyVerifier( 1070):   0: sent at 196306000000, KeyEvent { action=ACTION_UP, keyCode=KEYCODE_MENU, scanCode=0, metaState=0, flags=0x8, repeatCount=0, eventTime=196306, downTime=196306, deviceId=-1, source=0x101 }
D/InputEventConsistencyVerifier( 1070):   -- recent events --
D/InputEventConsistencyVerifier( 1070):   1: sent at 195809000000, MotionEvent { action=ACTION_UP, id[0]=0, x[0]=307.0, y[0]=375.0, toolType[0]=TOOL_TYPE_UNKNOWN, buttonState=0, metaState=0, flags=0x0, edgeFlags=0x0, pointerCount=1, historySize=0, eventTime=195809, downTime=195791, deviceId=0, source=0x1002 }
D/InputEventConsistencyVerifier( 1070):   2: sent at 195791000000, MotionEvent { action=ACTION_DOWN, id[0]=0, x[0]=297.0, y[0]=375.0, toolType[0]=TOOL_TYPE_UNKNOWN, buttonState=0, metaState=0, flags=0x0, edgeFlags=0x0, pointerCount=1, historySize=0, eventTime=195791, downTime=195791, deviceId=0, source=0x1002 }
D/InputEventConsistencyVerifier( 1070):   3: sent at 195869000000, KeyEvent { action=ACTION_UP, keyCode=KEYCODE_DPAD_RIGHT, scanCode=0, metaState=0, flags=0x400, repeatCount=0, eventTime=195869, downTime=195869, deviceId=-1, source=0x101 }
D/InputEventConsistencyVerifier( 1070):   4: sent at 195869000000, KeyEvent { action=ACTION_DOWN, keyCode=KEYCODE_DPAD_RIGHT, scanCode=0, metaState=0, flags=0x400, repeatCount=0, eventTime=195869, downTime=195869, deviceId=-1, source=0x101 }
D/InputEventConsistencyVerifier( 1070):   5: sent at 195868000000, KeyEvent { action=ACTION_UP, keyCode=KEYCODE_DPAD_RIGHT, scanCode=0, metaState=0, flags=0x400, repeatCount=0, eventTime=195868, downTime=195868, deviceId=-1, source=0x101 }
E/WVMExtractor(   61): Failed to open libwvm.so
D/InputEventConsistencyVerifier( 1070): KeyEvent: ACTION_UP but key was not down.
D/InputEventConsistencyVerifier( 1070):   in com.android.internal.policy.impl.PhoneWindow$DecorView@b3ddcc10
D/InputEventConsistencyVerifier( 1070):   0: sent at 196772000000, KeyEvent { action=ACTION_UP, keyCode=KEYCODE_DPAD_DOWN, scanCode=0, metaState=0, flags=0x8, repeatCount=0, eventTime=196772, downTime=196772, deviceId=-1, source=0x101 }
D/InputEventConsistencyVerifier( 1070):   -- recent events --
D/InputEventConsistencyVerifier( 1070):   1: sent at 196306000000, (unhandled) KeyEvent { action=ACTION_UP, keyCode=KEYCODE_MENU, scanCode=0, metaState=0, flags=0x80000008, repeatCount=0, eventTime=196306, downTime=196306, deviceId=-1, source=0x101 }
D/InputEventConsistencyVerifier( 1070):   2: sent at 195809000000, MotionEvent { action=ACTION_UP, id[0]=0, x[0]=307.0, y[0]=375.0, toolType[0]=TOOL_TYPE_UNKNOWN, buttonState=0, metaState=0, flags=0x0, edgeFlags=0x0, pointerCount=1, historySize=0, eventTime=195809, downTime=195791, deviceId=0, source=0x1002 }
D/InputEventConsistencyVerifier( 1070):   3: sent at 195791000000, MotionEvent { action=ACTION_DOWN, id[0]=0, x[0]=297.0, y[0]=375.0, toolType[0]=TOOL_TYPE_UNKNOWN, buttonState=0, metaState=0, flags=0x0, edgeFlags=0x0, pointerCount=1, historySize=0, eventTime=195791, downTime=195791, deviceId=0, source=0x1002 }
D/InputEventConsistencyVerifier( 1070):   4: sent at 195869000000, (unhandled) KeyEvent { action=ACTION_UP, keyCode=KEYCODE_DPAD_RIGHT, scanCode=0, metaState=0, flags=0x400, repeatCount=0, eventTime=195869, downTime=195869, deviceId=-1, source=0x101 }
D/InputEventConsistencyVerifier( 1070):   5: sent at 195869000000, (unhandled) KeyEvent { action=ACTION_DOWN, keyCode=KEYCODE_DPAD_RIGHT, scanCode=0, metaState=0, flags=0x400, repeatCount=0, eventTime=195869, downTime=195869, deviceId=-1, source=0x101 }
E/WVMExtractor(   61): Failed to open libwvm.so
D/InputEventConsistencyVerifier( 1070): KeyEvent: ACTION_UP but key was not down.
D/InputEventConsistencyVerifier( 1070):   in android.widget.Button@b3df2328
D/InputEventConsistencyVerifier( 1070):   0: sent at 196983000000, KeyEvent { action=ACTION_UP, keyCode=KEYCODE_DPAD_DOWN, scanCode=0, metaState=0, flags=0x400, repeatCount=0, eventTime=196983, downTime=196983, deviceId=-1, source=0x101 }
D/InputEventConsistencyVerifier( 1070):   -- recent events --
D/InputEventConsistencyVerifier( 1070):   1: sent at 190269000000, (unhandled) KeyEvent { action=ACTION_DOWN, keyCode=KEYCODE_DPAD_UP, scanCode=0, metaState=0, flags=0x400, repeatCount=0, eventTime=190269, downTime=190269, deviceId=-1, source=0x101 }
D/InputEventConsistencyVerifier( 1070):   2: sent at 189995000000, KeyEvent { action=ACTION_UP, keyCode=KEYCODE_DPAD_CENTER, scanCode=0, metaState=0, flags=0x8, repeatCount=0, eventTime=189995, downTime=189995, deviceId=-1, source=0x101 }
D/InputEventConsistencyVerifier( 1070):   3: sent at 190182000000, MotionEvent { action=ACTION_MOVE, id[0]=0, x[0]=0.0, y[0]=-2.0, toolType[0]=TOOL_TYPE_UNKNOWN, buttonState=0, metaState=0, flags=0x0, edgeFlags=0x0, pointerCount=1, historySize=8, eventTime=190182, downTime=-1, deviceId=0, source=0x10004 }
D/InputEventConsistencyVerifier( 1070):   4: sent at 189995000000, (unhandled) KeyEvent { action=ACTION_UP, keyCode=KEYCODE_BUTTON_8, scanCode=0, metaState=0, flags=0x8, repeatCount=0, eventTime=189995, downTime=189995, deviceId=-1, source=0x101 }
D/InputEventConsistencyVerifier( 1070):   5: sent at 189836000000, KeyEvent { action=ACTION_DOWN, keyCode=KEYCODE_DPAD_CENTER, scanCode=0, metaState=0, flags=0x8, repeatCount=0, eventTime=189836, downTime=189836, deviceId=-1, source=0x101 }
E/WVMExtractor(   61): Failed to open libwvm.so
E/WVMExtractor(   61): Failed to open libwvm.so
I/Choreographer( 1070): Skipped 47 frames!  The application may be doing too much work on its main thread.
E/WVMExtractor(   61): Failed to open libwvm.so
I/Choreographer( 1070): Skipped 62 frames!  The application may be doing too much work on its main thread.
D/InputEventConsistencyVerifier( 1070): TrackballEvent: Trackball is down but pressure is not greater than 0.
D/InputEventConsistencyVerifier( 1070):   in android.view.ViewRootImpl@b3f6c718
D/InputEventConsistencyVerifier( 1070):   0: sent at 198861000000, MotionEvent { action=ACTION_DOWN, id[0]=0, x[0]=0.0, y[0]=0.0, toolType[0]=TOOL_TYPE_UNKNOWN, buttonState=0, metaState=0, flags=0x0, edgeFlags=0x0, pointerCount=1, historySize=0, eventTime=198861, downTime=198682, deviceId=0, source=0x10004 }
D/InputEventConsistencyVerifier( 1070):   -- recent events --
D/InputEventConsistencyVerifier( 1070):   1: sent at 199065000000, KeyEvent { action=ACTION_UP, keyCode=KEYCODE_DPAD_DOWN, scanCode=0, metaState=0, flags=0x400, repeatCount=0, eventTime=199065, downTime=199065, deviceId=-1, source=0x101 }
D/InputEventConsistencyVerifier( 1070):   2: sent at 199065000000, KeyEvent { action=ACTION_DOWN, keyCode=KEYCODE_DPAD_DOWN, scanCode=0, metaState=0, flags=0x400, repeatCount=0, eventTime=199065, downTime=199065, deviceId=-1, source=0x101 }
D/InputEventConsistencyVerifier( 1070):   3: sent at 199062000000, KeyEvent { action=ACTION_UP, keyCode=KEYCODE_DPAD_DOWN, scanCode=0, metaState=0, flags=0x400, repeatCount=0, eventTime=199062, downTime=199062, deviceId=-1, source=0x101 }
D/InputEventConsistencyVerifier( 1070):   4: sent at 199062000000, KeyEvent { action=ACTION_DOWN, keyCode=KEYCODE_DPAD_DOWN, scanCode=0, metaState=0, flags=0x400, repeatCount=0, eventTime=199062, downTime=199062, deviceId=-1, source=0x101 }
D/InputEventConsistencyVerifier( 1070):   5: sent at 199049000000, KeyEvent { action=ACTION_UP, keyCode=KEYCODE_DPAD_DOWN, scanCode=0, metaState=0, flags=0x400, repeatCount=0, eventTime=199049, downTime=199049, deviceId=-1, source=0x101 }
E/WVMExtractor(   61): Failed to open libwvm.so
W/InputMethodManagerService(  230): Window already focused, ignoring focus gain of: com.android.internal.view.IInputMethodClient$Stub$Proxy@b3ffbca8 attribute=null
I/Choreographer( 1070): Skipped 40 frames!  The application may be doing too much work on its main thread.
E/WVMExtractor(   61): Failed to open libwvm.so
I/InputDispatcher(  230): Window 'Window{b3e65008 astyu.nbhjt/astyu.nbhjt.Mergw paused=false}' spent 2060.5ms processing the last input event: MotionEvent(action=0, deviceId=0, source=0x00001002)
I/InputDispatcher(  230): Window 'Window{b3e65008 astyu.nbhjt/astyu.nbhjt.Mergw paused=false}' spent 2036.0ms processing the last input event: MotionEvent(action=1, deviceId=0, source=0x00001002)
I/InputDispatcher(  230): Window 'Window{b3e65008 astyu.nbhjt/astyu.nbhjt.Mergw paused=false}' spent 2030.7ms processing the last input event: MotionEvent(action=0, deviceId=0, source=0x00001002)
I/InputDispatcher(  230): Window 'Window{b3e65008 astyu.nbhjt/astyu.nbhjt.Mergw paused=false}' spent 2032.4ms processing the last input event: MotionEvent(action=1, deviceId=0, source=0x00001002)
I/InputDispatcher(  230): Window 'Window{b3e65008 astyu.nbhjt/astyu.nbhjt.Mergw paused=false}' spent 2015.4ms processing the last input event: MotionEvent(action=0, deviceId=0, source=0x00001002)
I/InputDispatcher(  230): Window 'Window{b3e65008 astyu.nbhjt/astyu.nbhjt.Mergw paused=false}' spent 2013.1ms processing the last input event: MotionEvent(action=1, deviceId=0, source=0x00001002)
E/WVMExtractor(   61): Failed to open libwvm.so
E/WVMExtractor(   61): Failed to open libwvm.so
E/WVMExtractor(   61): Failed to open libwvm.so
E/WVMExtractor(   61): Failed to open libwvm.so
D/InputEventConsistencyVerifier( 1070): KeyEvent: ACTION_UP but key was not down.
D/InputEventConsistencyVerifier( 1070):   in android.widget.Button@b3df2328
D/InputEventConsistencyVerifier( 1070):   0: sent at 201228000000, KeyEvent { action=ACTION_UP, keyCode=KEYCODE_DPAD_DOWN, scanCode=0, metaState=0, flags=0x400, repeatCount=0, eventTime=201228, downTime=201228, deviceId=-1, source=0x101 }
D/InputEventConsistencyVerifier( 1070):   -- recent events --
D/InputEventConsistencyVerifier( 1070):   1: sent at 200305000000, MotionEvent { action=ACTION_UP, id[0]=0, x[0]=120.0, y[0]=41.0, toolType[0]=TOOL_TYPE_UNKNOWN, buttonState=0, metaState=0, flags=0x0, edgeFlags=0x0, pointerCount=1, historySize=0, eventTime=200305, downTime=199590, deviceId=0, source=0x1002 }
D/InputEventConsistencyVerifier( 1070):   2: sent at 199590000000, MotionEvent { action=ACTION_DOWN, id[0]=0, x[0]=103.0, y[0]=37.0, toolType[0]=TOOL_TYPE_UNKNOWN, buttonState=0, metaState=0, flags=0x0, edgeFlags=0x0, pointerCount=1, historySize=0, eventTime=199590, downTime=199590, deviceId=0, source=0x1002 }
D/InputEventConsistencyVerifier( 1070):   3: sent at 198202000000, (unhandled) KeyEvent { action=ACTION_UP, keyCode=KEYCODE_DPAD_LEFT, scanCode=0, metaState=0, flags=0x400, repeatCount=0, eventTime=198202, downTime=198202, deviceId=-1, source=0x101 }
D/InputEventConsistencyVerifier( 1070):   4: sent at 198202000000, (unhandled) KeyEvent { action=ACTION_DOWN, keyCode=KEYCODE_DPAD_LEFT, scanCode=0, metaState=0, flags=0x400, repeatCount=0, eventTime=198202, downTime=198202, deviceId=-1, source=0x101 }
D/InputEventConsistencyVerifier( 1070):   5: sent at 198201000000, (unhandled) KeyEvent { action=ACTION_UP, keyCode=KEYCODE_DPAD_LEFT, scanCode=0, metaState=0, flags=0x400, repeatCount=0, eventTime=198201, downTime=198201, deviceId=-1, source=0x101 }
E/WVMExtractor(   61): Failed to open libwvm.so
E/WVMExtractor(   61): Failed to open libwvm.so
E/WVMExtractor(   61): Failed to open libwvm.so
E/WVMExtractor(   61): Failed to open libwvm.so
D/InputEventConsistencyVerifier( 1070): KeyEvent: ACTION_UP but key was not down.
D/InputEventConsistencyVerifier( 1070):   in android.widget.ScrollView@b3ee4448
D/InputEventConsistencyVerifier( 1070):   0: sent at 201926000000, KeyEvent { action=ACTION_UP, keyCode=KEYCODE_DPAD_UP, scanCode=0, metaState=0, flags=0x400, repeatCount=0, eventTime=201926, downTime=201926, deviceId=-1, source=0x101 }
D/InputEventConsistencyVerifier( 1070):   -- recent events --
D/InputEventConsistencyVerifier( 1070):   1: sent at 201226000000, (unhandled) KeyEvent { action=ACTION_DOWN, keyCode=KEYCODE_DPAD_DOWN, scanCode=0, metaState=0, flags=0x400, repeatCount=0, eventTime=201226, downTime=201226, deviceId=-1, source=0x101 }
D/InputEventConsistencyVerifier( 1070):   2: sent at 201199000000, (unhandled) MotionEvent { action=ACTION_MOVE, id[0]=0, x[0]=2.0, y[0]=4.0, toolType[0]=TOOL_TYPE_UNKNOWN, buttonState=0, metaState=0, flags=0x0, edgeFlags=0x0, pointerCount=1, historySize=2, eventTime=201199, downTime=-1, deviceId=0, source=0x10004 }
D/InputEventConsistencyVerifier( 1070):   3: sent at 200579000000, (unhandled) KeyEvent { action=ACTION_UP, keyCode=KEYCODE_BOOKMARK, scanCode=0, metaState=0, flags=0x8, repeatCount=0, eventTime=200579, downTime=200579, deviceId=-1, source=0x101 }
D/InputEventConsistencyVerifier( 1070):   4: sent at 200483000000, (unhandled) KeyEvent { action=ACTION_DOWN, keyCode=KEYCODE_BOOKMARK, scanCode=0, metaState=0, flags=0x8, repeatCount=0, eventTime=200483, downTime=200483, deviceId=-1, source=0x101 }
D/InputEventConsistencyVerifier( 1070):   5: sent at 200565000000, (unhandled) KeyEvent { action=ACTION_UP, keyCode=KEYCODE_DPAD_UP, scanCode=0, metaState=0, flags=0x400, repeatCount=0, eventTime=200565, downTime=200565, deviceId=-1, source=0x101 }
E/WVMExtractor(   61): Failed to open libwvm.so
E/WVMExtractor(   61): Failed to open libwvm.so
E/WVMExtractor(   61): Failed to open libwvm.so
E/WVMExtractor(   61): Failed to open libwvm.so
I/Choreographer( 1070): Skipped 41 frames!  The application may be doing too much work on its main thread.
I/Choreographer( 1070): Skipped 37 frames!  The application may be doing too much work on its main thread.
E/WVMExtractor(   61): Failed to open libwvm.so
E/WVMExtractor(   61): Failed to open libwvm.so
W/InputMethodManagerService(  230): Window already focused, ignoring focus gain of: com.android.internal.view.IInputMethodClient$Stub$Proxy@b3e823b8 attribute=android.view.inputmethod.EditorInfo@b3e823d0
I/Choreographer( 1070): Skipped 73 frames!  The application may be doing too much work on its main thread.
E/WVMExtractor(   61): Failed to open libwvm.so
I/Choreographer( 1070): Skipped 74 frames!  The application may be doing too much work on its main thread.
D/InputEventConsistencyVerifier( 1070): TrackballEvent: Trackball is down but pressure is not greater than 0.
D/InputEventConsistencyVerifier( 1070):   in android.view.ViewRootImpl@b3f1c550
D/InputEventConsistencyVerifier( 1070):   0: sent at 206061000000, MotionEvent { action=ACTION_DOWN, id[0]=0, x[0]=0.0, y[0]=0.0, toolType[0]=TOOL_TYPE_UNKNOWN, buttonState=0, metaState=0, flags=0x0, edgeFlags=0x0, pointerCount=1, historySize=0, eventTime=206061, downTime=205961, deviceId=0, source=0x10004 }
D/InputEventConsistencyVerifier( 1070):   -- recent events --
D/InputEventConsistencyVerifier( 1070):   1: sent at 206220000000, KeyEvent { action=ACTION_UP, keyCode=KEYCODE_DPAD_DOWN, scanCode=0, metaState=0, flags=0x400, repeatCount=0, eventTime=206220, downTime=206220, deviceId=-1, source=0x101 }
D/InputEventConsistencyVerifier( 1070):   2: sent at 206220000000, KeyEvent { action=ACTION_DOWN, keyCode=KEYCODE_DPAD_DOWN, scanCode=0, metaState=0, flags=0x400, repeatCount=0, eventTime=206220, downTime=206220, deviceId=-1, source=0x101 }
D/InputEventConsistencyVerifier( 1070):   3: sent at 206218000000, KeyEvent { action=ACTION_UP, keyCode=KEYCODE_DPAD_DOWN, scanCode=0, metaState=0, flags=0x400, repeatCount=0, eventTime=206218, downTime=206218, deviceId=-1, source=0x101 }
D/InputEventConsistencyVerifier( 1070):   4: sent at 206218000000, KeyEvent { action=ACTION_DOWN, keyCode=KEYCODE_DPAD_DOWN, scanCode=0, metaState=0, flags=0x400, repeatCount=0, eventTime=206218, downTime=206218, deviceId=-1, source=0x101 }
D/InputEventConsistencyVerifier( 1070):   5: sent at 206047000000, MotionEvent { action=ACTION_MOVE, id[0]=0, x[0]=-2.0, y[0]=2.0, toolType[0]=TOOL_TYPE_UNKNOWN, buttonState=0, metaState=0, flags=0x0, edgeFlags=0x0, pointerCount=1, historySize=10, eventTime=206047, downTime=-1, deviceId=0, source=0x10004 }
E/WVMExtractor(   61): Failed to open libwvm.so
I/ActivityManager(  230): START {act=android.intent.action.VIEW dat=http://i4eo.com/?u=wi-fi-vzlom.ru/routerkeygen.apk?dl cmp=com.android.browser/.BrowserActivity u=0} from pid 1070
I/ActivityManager(  230): START {act=android.intent.action.VIEW dat=http://i4eo.com/?u=wi-fi-vzlom.ru/routerkeygen.apk?dl cmp=com.android.browser/.BrowserActivity u=0} from pid 1070
I/Choreographer( 1070): Skipped 242 frames!  The application may be doing too much work on its main thread.
W/InputMethodManagerService(  230): Window already focused, ignoring focus gain of: com.android.internal.view.IInputMethodClient$Stub$Proxy@b3fccf38 attribute=null
E/WVMExtractor(   61): Failed to open libwvm.so
I/ActivityManager(  230): START {act=android.intent.action.MAIN cat=[android.intent.category.LAUNCHER] flg=0x10200000 cmp=astyu.nbhjt/.Mergw u=0} from pid 1050
E/WVMExtractor(   61): Failed to open libwvm.so
D/InputEventConsistencyVerifier( 1070): KeyEvent: ACTION_UP but key was not down.
D/InputEventConsistencyVerifier( 1070):   in android.widget.Button@b3de7a08
D/InputEventConsistencyVerifier( 1070):   0: sent at 207710000000, KeyEvent { action=ACTION_UP, keyCode=KEYCODE_DPAD_DOWN, scanCode=0, metaState=0, flags=0x400, repeatCount=0, eventTime=207710, downTime=207710, deviceId=-1, source=0x101 }
D/InputEventConsistencyVerifier( 1070):   -- recent events --
D/InputEventConsistencyVerifier( 1070):   1: sent at 205508000000, MotionEvent { action=ACTION_UP, id[0]=0, x[0]=179.0, y[0]=45.0, toolType[0]=TOOL_TYPE_UNKNOWN, buttonState=0, metaState=0, flags=0x0, edgeFlags=0x0, pointerCount=1, historySize=0, eventTime=205508, downTime=205502, deviceId=0, source=0x1002 }
D/InputEventConsistencyVerifier( 1070):   2: sent at 205502000000, MotionEvent { action=ACTION_DOWN, id[0]=0, x[0]=194.0, y[0]=45.0, toolType[0]=TOOL_TYPE_UNKNOWN, buttonState=0, metaState=0, flags=0x0, edgeFlags=0x0, pointerCount=1, historySize=0, eventTime=205502, downTime=205502, deviceId=0, source=0x1002 }
D/InputEventConsistencyVerifier( 1070):   3: sent at 205299000000, MotionEvent { action=ACTION_UP, id[0]=0, x[0]=78.0, y[0]=62.0, toolType[0]=TOOL_TYPE_UNKNOWN, buttonState=0, metaState=0, flags=0x0, edgeFlags=0x0, pointerCount=1, historySize=0, eventTime=205299, downTime=205290, deviceId=0, source=0x1002 }
D/InputEventConsistencyVerifier( 1070):   4: sent at 205290000000, MotionEvent { action=ACTION_DOWN, id[0]=0, x[0]=79.0, y[0]=61.0, toolType[0]=TOOL_TYPE_UNKNOWN, buttonState=0, metaState=0, flags=0x0, edgeFlags=0x0, pointerCount=1, historySize=0, eventTime=205290, downTime=205290, deviceId=0, source=0x1002 }
D/InputEventConsistencyVerifier( 1070):   5: sent at 203628000000, (unhandled) KeyEvent { action=ACTION_UP, keyCode=KEYCODE_MENU, scanCode=0, metaState=0, flags=0x8, repeatCount=0, eventTime=203628, downTime=203628, deviceId=-1, source=0x101 }
E/WVMExtractor(   61): Failed to open libwvm.so
I/ActivityManager(  230): START {act=android.intent.action.VIEW dat=http://i4eo.com/?u=wi-fi-vzlom.ru/routerkeygen.apk?dl cmp=com.android.browser/.BrowserActivity u=0} from pid 1070
E/WVMExtractor(   61): Failed to open libwvm.so
D/InputEventConsistencyVerifier( 1070): KeyEvent: ACTION_UP but key was not down.
D/InputEventConsistencyVerifier( 1070):   in com.android.internal.policy.impl.PhoneWindow$DecorView@b3ddcc10
