D/InputEventConsistencyVerifier( 1070):   0: sent at 239820000000, KeyEvent { action=ACTION_UP, keyCode=KEYCODE_DPAD_LEFT, scanCode=0, metaState=0, flags=0x400, repeatCount=0, eventTime=239820, downTime=239820, deviceId=-1, source=0x101 }
D/InputEventConsistencyVerifier( 1070):   -- recent events --
D/InputEventConsistencyVerifier( 1070):   1: sent at 239777000000, (unhandled) MotionEvent { action=ACTION_MOVE, id[0]=0, x[0]=-4.0, y[0]=2.0, toolType[0]=TOOL_TYPE_UNKNOWN, buttonState=0, metaState=0, flags=0x0, edgeFlags=0x0, pointerCount=1, historySize=19, eventTime=239777, downTime=-1, deviceId=0, source=0x10004 }
D/InputEventConsistencyVerifier( 1070):   2: sent at 239716000000, MotionEvent { action=ACTION_UP, id[0]=0, x[0]=333.0, y[0]=738.0, toolType[0]=TOOL_TYPE_UNKNOWN, buttonState=0, metaState=0, flags=0x0, edgeFlags=0x0, pointerCount=1, historySize=0, eventTime=239716, downTime=239709, deviceId=0, source=0x1002 }
D/InputEventConsistencyVerifier( 1070):   3: sent at 239709000000, MotionEvent { action=ACTION_DOWN, id[0]=0, x[0]=344.0, y[0]=725.0, toolType[0]=TOOL_TYPE_UNKNOWN, buttonState=0, metaState=0, flags=0x0, edgeFlags=0x0, pointerCount=1, historySize=0, eventTime=239709, downTime=239709, deviceId=0, source=0x1002 }
D/InputEventConsistencyVerifier( 1070):   4: sent at 239701000000, MotionEvent { action=ACTION_UP, id[0]=0, x[0]=190.0, y[0]=430.0, toolType[0]=TOOL_TYPE_UNKNOWN, buttonState=0, metaState=0, flags=0x0, edgeFlags=0x0, pointerCount=1, historySize=0, eventTime=239701, downTime=239675, deviceId=0, source=0x1002 }
D/InputEventConsistencyVerifier( 1070):   5: sent at 239699000000, MotionEvent { action=ACTION_MOVE, id[0]=0, x[0]=175.0, y[0]=434.0, toolType[0]=TOOL_TYPE_UNKNOWN, buttonState=0, metaState=0, flags=0x0, edgeFlags=0x0, pointerCount=1, historySize=4, eventTime=239699, downTime=239675, deviceId=0, source=0x1002 }
D/InputEventConsistencyVerifier( 1070): TrackballEvent: Trackball is down but pressure is not greater than 0.
D/InputEventConsistencyVerifier( 1070):   in android.view.ViewRootImpl@b3df54c0
D/InputEventConsistencyVerifier( 1070):   0: sent at 239780000000, MotionEvent { action=ACTION_DOWN, id[0]=0, x[0]=0.0, y[0]=0.0, toolType[0]=TOOL_TYPE_UNKNOWN, buttonState=0, metaState=0, flags=0x0, edgeFlags=0x0, pointerCount=1, historySize=0, eventTime=239780, downTime=239742, deviceId=0, source=0x10004 }
D/InputEventConsistencyVerifier( 1070):   -- recent events --
D/InputEventConsistencyVerifier( 1070):   1: sent at 239823000000, KeyEvent { action=ACTION_UP, keyCode=KEYCODE_DPAD_LEFT, scanCode=0, metaState=0, flags=0x400, repeatCount=0, eventTime=239823, downTime=239823, deviceId=-1, source=0x101 }
D/InputEventConsistencyVerifier( 1070):   2: sent at 239823000000, KeyEvent { action=ACTION_DOWN, keyCode=KEYCODE_DPAD_LEFT, scanCode=0, metaState=0, flags=0x400, repeatCount=0, eventTime=239823, downTime=239823, deviceId=-1, source=0x101 }
D/InputEventConsistencyVerifier( 1070):   3: sent at 239822000000, KeyEvent { action=ACTION_UP, keyCode=KEYCODE_DPAD_LEFT, scanCode=0, metaState=0, flags=0x400, repeatCount=0, eventTime=239822, downTime=239822, deviceId=-1, source=0x101 }
D/InputEventConsistencyVerifier( 1070):   4: sent at 239822000000, KeyEvent { action=ACTION_DOWN, keyCode=KEYCODE_DPAD_LEFT, scanCode=0, metaState=0, flags=0x400, repeatCount=0, eventTime=239822, downTime=239822, deviceId=-1, source=0x101 }
D/InputEventConsistencyVerifier( 1070):   5: sent at 239821000000, KeyEvent { action=ACTION_UP, keyCode=KEYCODE_DPAD_LEFT, scanCode=0, metaState=0, flags=0x400, repeatCount=0, eventTime=239821, downTime=239821, deviceId=-1, source=0x101 }
D/InputEventConsistencyVerifier( 1070): KeyEvent: ACTION_UP but key was not down.
D/InputEventConsistencyVerifier( 1070):   in com.android.internal.policy.impl.PhoneWindow$DecorView@b3ddcc10
D/InputEventConsistencyVerifier( 1070):   0: sent at 240402000000, KeyEvent { action=ACTION_UP, keyCode=KEYCODE_DPAD_DOWN, scanCode=0, metaState=0, flags=0x8, repeatCount=0, eventTime=240402, downTime=240402, deviceId=-1, source=0x101 }
D/InputEventConsistencyVerifier( 1070):   -- recent events --
D/InputEventConsistencyVerifier( 1070):   1: sent at 240329000000, MotionEvent { action=ACTION_UP, id[0]=0, x[0]=225.0, y[0]=506.0, toolType[0]=TOOL_TYPE_UNKNOWN, buttonState=0, metaState=0, flags=0x0, edgeFlags=0x0, pointerCount=1, historySize=0, eventTime=240329, downTime=240274, deviceId=0, source=0x1002 }
D/InputEventConsistencyVerifier( 1070):   2: sent at 240327000000, MotionEvent { action=ACTION_MOVE, id[0]=0, x[0]=227.0, y[0]=523.0, toolType[0]=TOOL_TYPE_UNKNOWN, buttonState=0, metaState=0, flags=0x0, edgeFlags=0x0, pointerCount=1, historySize=7, eventTime=240327, downTime=240274, deviceId=0, source=0x1002 }
D/InputEventConsistencyVerifier( 1070):   3: sent at 240278000000, MotionEvent { action=ACTION_DOWN, id[0]=0, x[0]=236.0, y[0]=597.0, toolType[0]=TOOL_TYPE_UNKNOWN, buttonState=0, metaState=0, flags=0x0, edgeFlags=0x0, pointerCount=1, historySize=0, eventTime=240278, downTime=240274, deviceId=0, source=0x1002 }
D/InputEventConsistencyVerifier( 1070):   4: sent at 240268000000, MotionEvent { action=ACTION_UP, id[0]=0, x[0]=393.0, y[0]=384.0, toolType[0]=TOOL_TYPE_UNKNOWN, buttonState=0, metaState=0, flags=0x0, edgeFlags=0x0, pointerCount=1, historySize=0, eventTime=240268, downTime=240262, deviceId=0, source=0x1002 }
D/InputEventConsistencyVerifier( 1070):   5: sent at 240263000000, MotionEvent { action=ACTION_DOWN, id[0]=0, x[0]=399.0, y[0]=382.0, toolType[0]=TOOL_TYPE_UNKNOWN, buttonState=0, metaState=0, flags=0x0, edgeFlags=0x0, pointerCount=1, historySize=0, eventTime=240263, downTime=240262, deviceId=0, source=0x1002 }
D/InputEventConsistencyVerifier( 1070): KeyEvent: ACTION_UP but key was not down.
D/InputEventConsistencyVerifier( 1070):   in android.widget.Button@b3de7a08
D/InputEventConsistencyVerifier( 1070):   0: sent at 240583000000, KeyEvent { action=ACTION_UP, keyCode=KEYCODE_DPAD_DOWN, scanCode=0, metaState=0, flags=0x400, repeatCount=0, eventTime=240583, downTime=240583, deviceId=-1, source=0x101 }
D/InputEventConsistencyVerifier( 1070):   -- recent events --
D/InputEventConsistencyVerifier( 1070):   1: sent at 239716000000, MotionEvent { action=ACTION_UP, id[0]=0, x[0]=333.0, y[0]=82.0, toolType[0]=TOOL_TYPE_UNKNOWN, buttonState=0, metaState=0, flags=0x0, edgeFlags=0x0, pointerCount=1, historySize=0, eventTime=239716, downTime=239709, deviceId=0, source=0x1002 }
D/InputEventConsistencyVerifier( 1070):   2: sent at 239709000000, MotionEvent { action=ACTION_DOWN, id[0]=0, x[0]=344.0, y[0]=69.0, toolType[0]=TOOL_TYPE_UNKNOWN, buttonState=0, metaState=0, flags=0x0, edgeFlags=0x0, pointerCount=1, historySize=0, eventTime=239709, downTime=239709, deviceId=0, source=0x1002 }
D/InputEventConsistencyVerifier( 1070):   3: sent at 236546000000, MotionEvent { action=ACTION_UP, id[0]=0, x[0]=219.0, y[0]=38.0, toolType[0]=TOOL_TYPE_UNKNOWN, buttonState=0, metaState=0, flags=0x0, edgeFlags=0x0, pointerCount=1, historySize=0, eventTime=236546, downTime=236518, deviceId=0, source=0x1002 }
D/InputEventConsistencyVerifier( 1070):   4: sent at 236518000000, MotionEvent { action=ACTION_DOWN, id[0]=0, x[0]=217.0, y[0]=57.0, toolType[0]=TOOL_TYPE_UNKNOWN, buttonState=0, metaState=0, flags=0x0, edgeFlags=0x0, pointerCount=1, historySize=0, eventTime=236518, downTime=236518, deviceId=0, source=0x1002 }
D/InputEventConsistencyVerifier( 1070):   5: sent at 232503000000, MotionEvent { action=ACTION_UP, id[0]=0, x[0]=349.0, y[0]=31.0, toolType[0]=TOOL_TYPE_UNKNOWN, buttonState=0, metaState=0, flags=0x0, edgeFlags=0x0, pointerCount=1, historySize=0, eventTime=232503, downTime=232487, deviceId=0, source=0x1002 }
D/InputEventConsistencyVerifier( 1070): KeyEvent: ACTION_UP but key was not down.
D/InputEventConsistencyVerifier( 1070):   in android.widget.Button@b3df2328
D/InputEventConsistencyVerifier( 1070):   0: sent at 240585000000, KeyEvent { action=ACTION_UP, keyCode=KEYCODE_DPAD_DOWN, scanCode=0, metaState=0, flags=0x400, repeatCount=0, eventTime=240585, downTime=240585, deviceId=-1, source=0x101 }
D/InputEventConsistencyVerifier( 1070):   -- recent events --
D/InputEventConsistencyVerifier( 1070):   1: sent at 219860000000, (unhandled) KeyEvent { action=ACTION_DOWN, keyCode=KEYCODE_DPAD_UP, scanCode=0, metaState=0, flags=0x400, repeatCount=0, eventTime=219860, downTime=219860, deviceId=-1, source=0x101 }
D/InputEventConsistencyVerifier( 1070):   2: sent at 219841000000, MotionEvent { action=ACTION_MOVE, id[0]=0, x[0]=-4.0, y[0]=-4.0, toolType[0]=TOOL_TYPE_UNKNOWN, buttonState=0, metaState=0, flags=0x0, edgeFlags=0x0, pointerCount=1, historySize=9, eventTime=219841, downTime=-1, deviceId=0, source=0x10004 }
D/InputEventConsistencyVerifier( 1070):   3: sent at 219121000000, (unhandled) KeyEvent { action=ACTION_UP, keyCode=KEYCODE_DPAD_LEFT, scanCode=0, metaState=0, flags=0x8, repeatCount=0, eventTime=219121, downTime=219121, deviceId=-1, source=0x101 }
D/InputEventConsistencyVerifier( 1070):   4: sent at 218350000000, (unhandled) KeyEvent { action=ACTION_DOWN, keyCode=KEYCODE_DPAD_LEFT, scanCode=0, metaState=0, flags=0x8, repeatCount=0, eventTime=218350, downTime=218350, deviceId=-1, source=0x101 }
D/InputEventConsistencyVerifier( 1070):   5: sent at 219116000000, (unhandled) KeyEvent { action=ACTION_UP, keyCode=KEYCODE_DPAD_DOWN, scanCode=0, metaState=0, flags=0x400, repeatCount=0, eventTime=219116, downTime=219116, deviceId=-1, source=0x101 }
D/InputEventConsistencyVerifier( 1070): TrackballEvent: Trackball is down but pressure is not greater than 0.
D/InputEventConsistencyVerifier( 1070):   in android.view.ViewRootImpl@b3df54c0
D/InputEventConsistencyVerifier( 1070):   0: sent at 241775000000, MotionEvent { action=ACTION_DOWN, id[0]=0, x[0]=0.0, y[0]=0.0, toolType[0]=TOOL_TYPE_UNKNOWN, buttonState=0, metaState=0, flags=0x0, edgeFlags=0x0, pointerCount=1, historySize=0, eventTime=241775, downTime=241683, deviceId=0, source=0x10004 }
D/InputEventConsistencyVerifier( 1070):   -- recent events --
D/InputEventConsistencyVerifier( 1070):   1: sent at 241773000000, MotionEvent { action=ACTION_MOVE, id[0]=0, x[0]=2.0, y[0]=-1.0, toolType[0]=TOOL_TYPE_UNKNOWN, buttonState=0, metaState=0, flags=0x0, edgeFlags=0x0, pointerCount=1, historySize=8, eventTime=241773, downTime=-1, deviceId=0, source=0x10004 }
D/InputEventConsistencyVerifier( 1070):   2: sent at 241683000000, MotionEvent { action=ACTION_MOVE, id[0]=0, x[0]=2.0, y[0]=-4.0, toolType[0]=TOOL_TYPE_UNKNOWN, buttonState=0, metaState=0, flags=0x0, edgeFlags=0x0, pointerCount=1, historySize=0, eventTime=241683, downTime=-1, deviceId=0, source=0x10004 }
D/InputEventConsistencyVerifier( 1070):   3: sent at 241675000000, MotionEvent { action=ACTION_UP, id[0]=0, x[0]=140.0, y[0]=500.0, toolType[0]=TOOL_TYPE_UNKNOWN, buttonState=0, metaState=0, flags=0x0, edgeFlags=0x0, pointerCount=1, historySize=0, eventTime=241675, downTime=241655, deviceId=0, source=0x1002 }
D/InputEventConsistencyVerifier( 1070):   4: sent at 241672000000, MotionEvent { action=ACTION_MOVE, id[0]=0, x[0]=140.0, y[0]=516.0, toolType[0]=TOOL_TYPE_UNKNOWN, buttonState=0, metaState=0, flags=0x0, edgeFlags=0x0, pointerCount=1, historySize=0, eventTime=241672, downTime=241655, deviceId=0, source=0x1002 }
D/InputEventConsistencyVerifier( 1070):   5: sent at 241655000000, MotionEvent { action=ACTION_DOWN, id[0]=0, x[0]=141.0, y[0]=523.0, toolType[0]=TOOL_TYPE_UNKNOWN, buttonState=0, metaState=0, flags=0x0, edgeFlags=0x0, pointerCount=1, historySize=0, eventTime=241655, downTime=241655, deviceId=0, source=0x1002 }
D/InputEventConsistencyVerifier( 1070): KeyEvent: ACTION_UP but key was not down.
D/InputEventConsistencyVerifier( 1070):   in com.android.internal.policy.impl.PhoneWindow$DecorView@b3ddcc10
D/InputEventConsistencyVerifier( 1070):   0: sent at 241839000000, KeyEvent { action=ACTION_UP, keyCode=KEYCODE_DPAD_UP, scanCode=0, metaState=0, flags=0x400, repeatCount=0, eventTime=241839, downTime=241839, deviceId=-1, source=0x101 }
D/InputEventConsistencyVerifier( 1070):   -- recent events --
D/InputEventConsistencyVerifier( 1070):   1: sent at 241778000000, (unhandled) MotionEvent { action=ACTION_UP, id[0]=0, x[0]=0.0, y[0]=0.0, toolType[0]=TOOL_TYPE_UNKNOWN, buttonState=0, metaState=0, flags=0x0, edgeFlags=0x0, pointerCount=1, historySize=0, eventTime=241778, downTime=241683, deviceId=0, source=0x10004 }
D/InputEventConsistencyVerifier( 1070):   2: sent at 241775000000, (unhandled) MotionEvent { action=ACTION_DOWN, id[0]=0, x[0]=0.0, y[0]=0.0, toolType[0]=TOOL_TYPE_UNKNOWN, buttonState=0, metaState=0, flags=0x80000000, edgeFlags=0x0, pointerCount=1, historySize=0, eventTime=241775, downTime=241683, deviceId=0, source=0x10004 }
D/InputEventConsistencyVerifier( 1070):   3: sent at 241773000000, (unhandled) MotionEvent { action=ACTION_MOVE, id[0]=0, x[0]=2.0, y[0]=-1.0, toolType[0]=TOOL_TYPE_UNKNOWN, buttonState=0, metaState=0, flags=0x0, edgeFlags=0x0, pointerCount=1, historySize=8, eventTime=241773, downTime=-1, deviceId=0, source=0x10004 }
D/InputEventConsistencyVerifier( 1070):   4: sent at 241683000000, (unhandled) MotionEvent { action=ACTION_MOVE, id[0]=0, x[0]=2.0, y[0]=-4.0, toolType[0]=TOOL_TYPE_UNKNOWN, buttonState=0, metaState=0, flags=0x0, edgeFlags=0x0, pointerCount=1, historySize=0, eventTime=241683, downTime=-1, deviceId=0, source=0x10004 }
D/InputEventConsistencyVerifier( 1070):   5: sent at 241675000000, MotionEvent { action=ACTION_UP, id[0]=0, x[0]=140.0, y[0]=500.0, toolType[0]=TOOL_TYPE_UNKNOWN, buttonState=0, metaState=0, flags=0x0, edgeFlags=0x0, pointerCount=1, historySize=0, eventTime=241675, downTime=241655, deviceId=0, source=0x1002 }
D/InputEventConsistencyVerifier( 1070): KeyEvent: ACTION_UP but key was not down.
D/InputEventConsistencyVerifier( 1070):   in com.android.internal.policy.impl.PhoneWindow$DecorView@b3ddcc10
D/InputEventConsistencyVerifier( 1070):   0: sent at 242800000000, KeyEvent { action=ACTION_UP, keyCode=KEYCODE_DPAD_UP, scanCode=0, metaState=0, flags=0x8, repeatCount=0, eventTime=242800, downTime=242800, deviceId=-1, source=0x101 }
D/InputEventConsistencyVerifier( 1070):   -- recent events --
D/InputEventConsistencyVerifier( 1070):   1: sent at 242737000000, MotionEvent { action=ACTION_UP, id[0]=0, x[0]=480.0, y[0]=252.0, toolType[0]=TOOL_TYPE_UNKNOWN, buttonState=0, metaState=0, flags=0x0, edgeFlags=0x0, pointerCount=1, historySize=0, eventTime=242737, downTime=242660, deviceId=0, source=0x1002 }
D/InputEventConsistencyVerifier( 1070):   2: sent at 242734000000, MotionEvent { action=ACTION_MOVE, id[0]=0, x[0]=480.0, y[0]=251.0, toolType[0]=TOOL_TYPE_UNKNOWN, buttonState=0, metaState=0, flags=0x0, edgeFlags=0x0, pointerCount=1, historySize=8, eventTime=242734, downTime=242660, deviceId=0, source=0x1002 }
D/InputEventConsistencyVerifier( 1070):   3: sent at 242502000000, (unhandled) KeyEvent { action=ACTION_UP, keyCode=KEYCODE_DPAD_CENTER, scanCode=0, metaState=0, flags=0x8, repeatCount=0, eventTime=242502, downTime=242502, deviceId=-1, source=0x101 }
D/InputEventConsistencyVerifier( 1070):   4: sent at 242684000000, MotionEvent { action=ACTION_DOWN, id[0]=0, x[0]=436.0, y[0]=235.0, toolType[0]=TOOL_TYPE_UNKNOWN, buttonState=0, metaState=0, flags=0x0, edgeFlags=0x0, pointerCount=1, historySize=0, eventTime=242684, downTime=242660, deviceId=0, source=0x1002 }
D/InputEventConsistencyVerifier( 1070):   5: sent at 242654000000, MotionEvent { action=ACTION_UP, id[0]=0, x[0]=406.0, y[0]=450.0, toolType[0]=TOOL_TYPE_UNKNOWN, buttonState=0, metaState=0, flags=0x0, edgeFlags=0x0, pointerCount=1, historySize=0, eventTime=242654, downTime=242647, deviceId=0, source=0x1002 }
I/ActivityManager(  230): START {act=android.intent.action.MAIN cat=[android.intent.category.LAUNCHER] flg=0x10200000 cmp=astyu.nbhjt/.Mergw u=0} from pid 1050
I/ActivityManager(  230): START {act=android.intent.action.MAIN cat=[android.intent.category.LAUNCHER] flg=0x10200000 cmp=astyu.nbhjt/.Mergw u=0} from pid 1050
I/ActivityManager(  230): START {act=android.intent.action.MAIN cat=[android.intent.category.LAUNCHER] flg=0x10200000 cmp=astyu.nbhjt/.Mergw u=0} from pid 1050
D/InputEventConsistencyVerifier( 1070): TrackballEvent: Trackball is down but pressure is not greater than 0.
D/InputEventConsistencyVerifier( 1070):   in android.view.ViewRootImpl@b3f73e58
D/InputEventConsistencyVerifier( 1070):   0: sent at 243731000000, MotionEvent { action=ACTION_DOWN, id[0]=0, x[0]=0.0, y[0]=0.0, toolType[0]=TOOL_TYPE_UNKNOWN, buttonState=0, metaState=0, flags=0x0, edgeFlags=0x0, pointerCount=1, historySize=0, eventTime=243731, downTime=243693, deviceId=0, source=0x10004 }
D/InputEventConsistencyVerifier( 1070):   -- recent events --
D/InputEventConsistencyVerifier( 1070):   1: sent at 243836000000, KeyEvent { action=ACTION_UP, keyCode=KEYCODE_DPAD_DOWN, scanCode=0, metaState=0, flags=0x400, repeatCount=0, eventTime=243836, downTime=243836, deviceId=-1, source=0x101 }
D/InputEventConsistencyVerifier( 1070):   2: sent at 243836000000, KeyEvent { action=ACTION_DOWN, keyCode=KEYCODE_DPAD_DOWN, scanCode=0, metaState=0, flags=0x400, repeatCount=0, eventTime=243836, downTime=243836, deviceId=-1, source=0x101 }
D/InputEventConsistencyVerifier( 1070):   3: sent at 243836000000, KeyEvent { action=ACTION_UP, keyCode=KEYCODE_DPAD_DOWN, scanCode=0, metaState=0, flags=0x400, repeatCount=0, eventTime=243836, downTime=243836, deviceId=-1, source=0x101 }
D/InputEventConsistencyVerifier( 1070):   4: sent at 243836000000, KeyEvent { action=ACTION_DOWN, keyCode=KEYCODE_DPAD_DOWN, scanCode=0, metaState=0, flags=0x400, repeatCount=0, eventTime=243836, downTime=243836, deviceId=-1, source=0x101 }
D/InputEventConsistencyVerifier( 1070):   5: sent at 243834000000, KeyEvent { action=ACTION_UP, keyCode=KEYCODE_DPAD_DOWN, scanCode=0, metaState=0, flags=0x400, repeatCount=0, eventTime=243834, downTime=243834, deviceId=-1, source=0x101 }
I/Choreographer( 1070): Skipped 82 frames!  The application may be doing too much work on its main thread.
D/InputEventConsistencyVerifier( 1070): KeyEvent: ACTION_UP but key was not down.
D/InputEventConsistencyVerifier( 1070):   in android.view.ViewRootImpl@b3df54c0
D/InputEventConsistencyVerifier( 1070):   0: sent at 244324000000, KeyEvent { action=ACTION_UP, keyCode=KEYCODE_DPAD_UP, scanCode=0, metaState=0, flags=0x8, repeatCount=0, eventTime=244324, downTime=244324, deviceId=-1, source=0x101 }
D/InputEventConsistencyVerifier( 1070):   -- recent events --
D/InputEventConsistencyVerifier( 1070):   1: sent at 243101000000, MotionEvent { action=ACTION_UP, id[0]=0, x[0]=8.0, y[0]=578.0, toolType[0]=TOOL_TYPE_UNKNOWN, buttonState=0, metaState=0, flags=0x0, edgeFlags=0x0, pointerCount=1, historySize=0, eventTime=243101, downTime=243045, deviceId=0, source=0x1002 }
D/InputEventConsistencyVerifier( 1070):   2: sent at 243045000000, MotionEvent { action=ACTION_DOWN, id[0]=0, x[0]=15.0, y[0]=574.0, toolType[0]=TOOL_TYPE_UNKNOWN, buttonState=0, metaState=0, flags=0x0, edgeFlags=0x0, pointerCount=1, historySize=0, eventTime=243045, downTime=243045, deviceId=0, source=0x1002 }
D/InputEventConsistencyVerifier( 1070):   3: sent at 242923000000, KeyEvent { action=ACTION_UP, keyCode=KEYCODE_MENU, scanCode=0, metaState=0, flags=0x8, repeatCount=0, eventTime=242923, downTime=242923, deviceId=-1, source=0x101 }
D/InputEventConsistencyVerifier( 1070):   4: sent at 242861000000, KeyEvent { action=ACTION_DOWN, keyCode=KEYCODE_MENU, scanCode=0, metaState=0, flags=0x8, repeatCount=0, eventTime=242861, downTime=242861, deviceId=-1, source=0x101 }
D/InputEventConsistencyVerifier( 1070):   5: sent at 242800000000, KeyEvent { action=ACTION_UP, keyCode=KEYCODE_DPAD_UP, scanCode=0, metaState=0, flags=0x8, repeatCount=0, eventTime=242800, downTime=242800, deviceId=-1, source=0x101 }
I/Choreographer( 1070): Skipped 39 frames!  The application may be doing too much work on its main thread.
W/InputMethodManagerService(  230): Window already focused, ignoring focus gain of: com.android.internal.view.IInputMethodClient$Stub$Proxy@b40b1598 attribute=android.view.inputmethod.EditorInfo@b3fab378
I/Choreographer( 1070): Skipped 31 frames!  The application may be doing too much work on its main thread.
D/InputEventConsistencyVerifier( 1070): KeyEvent: ACTION_UP but key was not down.
D/InputEventConsistencyVerifier( 1070):   in com.android.internal.policy.impl.PhoneWindow$DecorView@b3ddcc10
D/InputEventConsistencyVerifier( 1070):   0: sent at 244496000000, KeyEvent { action=ACTION_UP, keyCode=KEYCODE_DPAD_UP, scanCode=0, metaState=0, flags=0x8, repeatCount=0, eventTime=244496, downTime=244496, deviceId=-1, source=0x101 }
D/InputEventConsistencyVerifier( 1070):   -- recent events --
D/InputEventConsistencyVerifier( 1070):   1: sent at 244324000000, (unhandled) KeyEvent { action=ACTION_UP, keyCode=KEYCODE_DPAD_UP, scanCode=0, metaState=0, flags=0x80000008, repeatCount=0, eventTime=244324, downTime=244324, deviceId=-1, source=0x101 }
D/InputEventConsistencyVerifier( 1070):   2: sent at 243101000000, MotionEvent { action=ACTION_UP, id[0]=0, x[0]=8.0, y[0]=578.0, toolType[0]=TOOL_TYPE_UNKNOWN, buttonState=0, metaState=0, flags=0x0, edgeFlags=0x0, pointerCount=1, historySize=0, eventTime=243101, downTime=243045, deviceId=0, source=0x1002 }
D/InputEventConsistencyVerifier( 1070):   3: sent at 243045000000, MotionEvent { action=ACTION_DOWN, id[0]=0, x[0]=15.0, y[0]=574.0, toolType[0]=TOOL_TYPE_UNKNOWN, buttonState=0, metaState=0, flags=0x0, edgeFlags=0x0, pointerCount=1, historySize=0, eventTime=243045, downTime=243045, deviceId=0, source=0x1002 }
D/InputEventConsistencyVerifier( 1070):   4: sent at 242923000000, (unhandled) KeyEvent { action=ACTION_UP, keyCode=KEYCODE_MENU, scanCode=0, metaState=0, flags=0x8, repeatCount=0, eventTime=242923, downTime=242923, deviceId=-1, source=0x101 }
D/InputEventConsistencyVerifier( 1070):   5: sent at 242861000000, (unhandled) KeyEvent { action=ACTION_DOWN, keyCode=KEYCODE_MENU, scanCode=0, metaState=0, flags=0x8, repeatCount=0, eventTime=242861, downTime=242861, deviceId=-1, source=0x101 }
I/Choreographer( 1070): Skipped 61 frames!  The application may be doing too much work on its main thread.
D/InputEventConsistencyVerifier( 1070): KeyEvent: ACTION_UP but key was not down.
D/InputEventConsistencyVerifier( 1070):   in com.android.internal.policy.impl.PhoneWindow$DecorView@b3ddcc10
D/InputEventConsistencyVerifier( 1070):   0: sent at 245430000000, KeyEvent { action=ACTION_UP, keyCode=KEYCODE_DPAD_UP, scanCode=0, metaState=0, flags=0x8, repeatCount=0, eventTime=245430, downTime=245430, deviceId=-1, source=0x101 }
D/InputEventConsistencyVerifier( 1070):   -- recent events --
D/InputEventConsistencyVerifier( 1070):   1: sent at 245260000000, MotionEvent { action=ACTION_UP, id[0]=0, x[0]=231.0, y[0]=783.0, toolType[0]=TOOL_TYPE_UNKNOWN, buttonState=0, metaState=0, flags=0x0, edgeFlags=0x0, pointerCount=1, historySize=0, eventTime=245260, downTime=245227, deviceId=0, source=0x1002 }
D/InputEventConsistencyVerifier( 1070):   2: sent at 245228000000, MotionEvent { action=ACTION_DOWN, id[0]=0, x[0]=232.0, y[0]=778.0, toolType[0]=TOOL_TYPE_UNKNOWN, buttonState=0, metaState=0, flags=0x0, edgeFlags=0x0, pointerCount=1, historySize=0, eventTime=245228, downTime=245227, deviceId=0, source=0x1002 }
D/InputEventConsistencyVerifier( 1070):   3: sent at 245080000000, (unhandled) KeyEvent { action=ACTION_UP, keyCode=KEYCODE_BOOKMARK, scanCode=0, metaState=0, flags=0x8, repeatCount=0, eventTime=245080, downTime=245080, deviceId=-1, source=0x101 }
D/InputEventConsistencyVerifier( 1070):   4: sent at 245000000000, (unhandled) KeyEvent { action=ACTION_DOWN, keyCode=KEYCODE_BOOKMARK, scanCode=0, metaState=0, flags=0x8, repeatCount=0, eventTime=245000, downTime=245000, deviceId=-1, source=0x101 }
D/InputEventConsistencyVerifier( 1070):   5: sent at 244813000000, (unhandled) KeyEvent { action=ACTION_UP, keyCode=KEYCODE_VOLUME_UP, scanCode=0, metaState=0, flags=0x8, repeatCount=0, eventTime=244813, downTime=244813, deviceId=-1, source=0x101 }
I/Choreographer( 1070): Skipped 61 frames!  The application may be doing too much work on its main thread.
I/ActivityManager(  230): START {act=android.intent.action.MAIN cat=[android.intent.category.LAUNCHER] flg=0x10000000 cmp=com.android.email/.activity.Welcome sel={act=android.intent.action.MAIN cat=[android.intent.category.APP_EMAIL]} u=0} from pid 230
D/InputEventConsistencyVerifier( 1070): KeyEvent: ACTION_UP but key was not down.
D/InputEventConsistencyVerifier( 1070):   in com.android.internal.policy.impl.PhoneWindow$DecorView@b3ddcc10
D/InputEventConsistencyVerifier( 1070):   0: sent at 246507000000, KeyEvent { action=ACTION_UP, keyCode=KEYCODE_DPAD_DOWN, scanCode=0, metaState=0, flags=0x8, repeatCount=0, eventTime=246507, downTime=246507, deviceId=-1, source=0x101 }
D/InputEventConsistencyVerifier( 1070):   -- recent events --
D/InputEventConsistencyVerifier( 1070):   1: sent at 246458000000, MotionEvent { action=ACTION_UP, id[0]=0, x[0]=77.0, y[0]=597.0, toolType[0]=TOOL_TYPE_UNKNOWN, buttonState=0, metaState=0, flags=0x0, edgeFlags=0x0, pointerCount=1, historySize=0, eventTime=246458, downTime=246382, deviceId=0, source=0x1002 }
D/InputEventConsistencyVerifier( 1070):   2: sent at 246454000000, MotionEvent { action=ACTION_MOVE, id[0]=0, x[0]=74.0, y[0]=595.0, toolType[0]=TOOL_TYPE_UNKNOWN, buttonState=0, metaState=0, flags=0x0, edgeFlags=0x0, pointerCount=1, historySize=2, eventTime=246454, downTime=246382, deviceId=0, source=0x1002 }
D/InputEventConsistencyVerifier( 1070):   3: sent at 246383000000, MotionEvent { action=ACTION_DOWN, id[0]=0, x[0]=67.0, y[0]=582.0, toolType[0]=TOOL_TYPE_UNKNOWN, buttonState=0, metaState=0, flags=0x0, edgeFlags=0x0, pointerCount=1, historySize=0, eventTime=246383, downTime=246382, deviceId=0, source=0x1002 }
D/InputEventConsistencyVerifier( 1070):   4: sent at 245889000000, (unhandled) KeyEvent { action=ACTION_UP, keyCode=KEYCODE_DPAD_DOWN, scanCode=0, metaState=0, flags=0x8, repeatCount=0, eventTime=245889, downTime=245889, deviceId=-1, source=0x101 }
D/InputEventConsistencyVerifier( 1070):   5: sent at 245832000000, (unhandled) KeyEvent { action=ACTION_DOWN, keyCode=KEYCODE_DPAD_DOWN, scanCode=0, metaState=0, flags=0x8, repeatCount=0, eventTime=245832, downTime=245832, deviceId=-1, source=0x101 }
D/InputEventConsistencyVerifier( 1070): KeyEvent: ACTION_UP but key was not down.
D/InputEventConsistencyVerifier( 1070):   in android.view.ViewRootImpl@b3df54c0
D/InputEventConsistencyVerifier( 1070):   0: sent at 246611000000, KeyEvent { action=ACTION_UP, keyCode=KEYCODE_ENVELOPE, scanCode=0, metaState=0, flags=0x8, repeatCount=0, eventTime=246611, downTime=246611, deviceId=-1, source=0x101 }
D/InputEventConsistencyVerifier( 1070):   -- recent events --
D/InputEventConsistencyVerifier( 1070):   1: sent at 246507000000, KeyEvent { action=ACTION_UP, keyCode=KEYCODE_DPAD_DOWN, scanCode=0, metaState=0, flags=0x8, repeatCount=0, eventTime=246507, downTime=246507, deviceId=-1, source=0x101 }
D/InputEventConsistencyVerifier( 1070):   2: sent at 246488000000, KeyEvent { action=ACTION_DOWN, keyCode=KEYCODE_DPAD_DOWN, scanCode=0, metaState=0, flags=0x8, repeatCount=0, eventTime=246488, downTime=246488, deviceId=-1, source=0x101 }
D/InputEventConsistencyVerifier( 1070):   3: sent at 246458000000, MotionEvent { action=ACTION_UP, id[0]=0, x[0]=77.0, y[0]=597.0, toolType[0]=TOOL_TYPE_UNKNOWN, buttonState=0, metaState=0, flags=0x0, edgeFlags=0x0, pointerCount=1, historySize=0, eventTime=246458, downTime=246382, deviceId=0, source=0x1002 }
D/InputEventConsistencyVerifier( 1070):   4: sent at 246454000000, MotionEvent { action=ACTION_MOVE, id[0]=0, x[0]=74.0, y[0]=595.0, toolType[0]=TOOL_TYPE_UNKNOWN, buttonState=0, metaState=0, flags=0x0, edgeFlags=0x0, pointerCount=1, historySize=2, eventTime=246454, downTime=246382, deviceId=0, source=0x1002 }
D/InputEventConsistencyVerifier( 1070):   5: sent at 246383000000, MotionEvent { action=ACTION_DOWN, id[0]=0, x[0]=67.0, y[0]=582.0, toolType[0]=TOOL_TYPE_UNKNOWN, buttonState=0, metaState=0, flags=0x0, edgeFlags=0x0, pointerCount=1, historySize=0, eventTime=246383, downTime=246382, deviceId=0, source=0x1002 }
D/InputEventConsistencyVerifier( 1070): KeyEvent: ACTION_UP but key was not down.
D/InputEventConsistencyVerifier( 1070):   in com.android.internal.policy.impl.PhoneWindow$DecorView@b3ddcc10
D/InputEventConsistencyVerifier( 1070):   0: sent at 246756000000, KeyEvent { action=ACTION_UP, keyCode=KEYCODE_DPAD_DOWN, scanCode=0, metaState=0, flags=0x8, repeatCount=0, eventTime=246756, downTime=246756, deviceId=-1, source=0x101 }
D/InputEventConsistencyVerifier( 1070):   -- recent events --
D/InputEventConsistencyVerifier( 1070):   1: sent at 246684000000, MotionEvent { action=ACTION_UP, id[0]=0, x[0]=318.0, y[0]=336.0, toolType[0]=TOOL_TYPE_UNKNOWN, buttonState=0, metaState=0, flags=0x0, edgeFlags=0x0, pointerCount=1, historySize=0, eventTime=246684, downTime=246677, deviceId=0, source=0x1002 }
D/InputEventConsistencyVerifier( 1070):   2: sent at 246677000000, MotionEvent { action=ACTION_DOWN, id[0]=0, x[0]=324.0, y[0]=335.0, toolType[0]=TOOL_TYPE_UNKNOWN, buttonState=0, metaState=0, flags=0x0, edgeFlags=0x0, pointerCount=1, historySize=0, eventTime=246677, downTime=246677, deviceId=0, source=0x1002 }
D/InputEventConsistencyVerifier( 1070):   3: sent at 246611000000, (unhandled) KeyEvent { action=ACTION_UP, keyCode=KEYCODE_ENVELOPE, scanCode=0, metaState=0, flags=0x80000008, repeatCount=0, eventTime=246611, downTime=246611, deviceId=-1, source=0x101 }
D/InputEventConsistencyVerifier( 1070):   4: sent at 246507000000, (unhandled) KeyEvent { action=ACTION_UP, keyCode=KEYCODE_DPAD_DOWN, scanCode=0, metaState=0, flags=0x80000008, repeatCount=0, eventTime=246507, downTime=246507, deviceId=-1, source=0x101 }
D/InputEventConsistencyVerifier( 1070):   5: sent at 246458000000, MotionEvent { action=ACTION_UP, id[0]=0, x[0]=77.0, y[0]=597.0, toolType[0]=TOOL_TYPE_UNKNOWN, buttonState=0, metaState=0, flags=0x0, edgeFlags=0x0, pointerCount=1, historySize=0, eventTime=246458, downTime=246382, deviceId=0, source=0x1002 }
D/InputEventConsistencyVerifier( 1070): KeyEvent: ACTION_UP but key was not down.
D/InputEventConsistencyVerifier( 1070):   in android.widget.Button@b3de7a08
D/InputEventConsistencyVerifier( 1070):   0: sent at 246866000000, KeyEvent { action=ACTION_UP, keyCode=KEYCODE_DPAD_DOWN, scanCode=0, metaState=0, flags=0x8, repeatCount=0, eventTime=246866, downTime=246866, deviceId=-1, source=0x101 }
D/InputEventConsistencyVerifier( 1070):   -- recent events --
D/InputEventConsistencyVerifier( 1070):   1: sent at 245889000000, (unhandled) KeyEvent { action=ACTION_UP, keyCode=KEYCODE_DPAD_DOWN, scanCode=0, metaState=0, flags=0x8, repeatCount=0, eventTime=245889, downTime=245889, deviceId=-1, source=0x101 }
D/InputEventConsistencyVerifier( 1070):   2: sent at 241580000000, (unhandled) KeyEvent { action=ACTION_UP, keyCode=KEYCODE_DPAD_UP, scanCode=0, metaState=0, flags=0x8, repeatCount=0, eventTime=241580, downTime=241580, deviceId=-1, source=0x101 }
D/InputEventConsistencyVerifier( 1070):   3: sent at 240585000000, (unhandled) KeyEvent { action=ACTION_DOWN, keyCode=KEYCODE_DPAD_DOWN, scanCode=0, metaState=0, flags=0x400, repeatCount=0, eventTime=240585, downTime=240585, deviceId=-1, source=0x101 }
D/InputEventConsistencyVerifier( 1070):   4: sent at 240583000000, (unhandled) KeyEvent { action=ACTION_UP, keyCode=KEYCODE_DPAD_DOWN, scanCode=0, metaState=0, flags=0x80000400, repeatCount=0, eventTime=240583, downTime=240583, deviceId=-1, source=0x101 }
D/InputEventConsistencyVerifier( 1070):   5: sent at 239716000000, MotionEvent { action=ACTION_UP, id[0]=0, x[0]=333.0, y[0]=82.0, toolType[0]=TOOL_TYPE_UNKNOWN, buttonState=0, metaState=0, flags=0x0, edgeFlags=0x0, pointerCount=1, historySize=0, eventTime=239716, downTime=239709, deviceId=0, source=0x1002 }
W/dalvikvm( 1050): DroidBox: { "FdAccess": { "path": "2f6465762f696e7075742f6576656e7430", "id": "110959875" } }
W/DroidBox( 1050): DroidBox: { "FileRW": { "operation": "write", "data": "efbfbd060000efbfbdefbfbd0c000500000000000000", "id": "110959875" } }
D/InputEventConsistencyVerifier(  427): TouchEvent: ACTION_DOWN but pointers are already down.  Probably missing ACTION_UP from previous gesture.
D/InputEventConsistencyVerifier(  427):   in android.view.ScaleGestureDetector@b3e7c6e0
D/InputEventConsistencyVerifier(  427):   0: sent at 247088000000, MotionEvent { action=ACTION_DOWN, id[0]=0, x[0]=316.0, y[0]=29.0, toolType[0]=TOOL_TYPE_UNKNOWN, buttonState=0, metaState=0, flags=0x0, edgeFlags=0x0, pointerCount=1, historySize=0, eventTime=247088, downTime=247087, deviceId=0, source=0x1002 }
D/InputEventConsistencyVerifier(  427):   -- recent events --
D/InputEventConsistencyVerifier(  427):   1: sent at 235799000000, MotionEvent { action=ACTION_DOWN, id[0]=0, x[0]=463.0, y[0]=438.0, toolType[0]=TOOL_TYPE_UNKNOWN, buttonState=0, metaState=0, flags=0x80000000, edgeFlags=0x0, pointerCount=1, historySize=0, eventTime=235799, downTime=235796, deviceId=0, source=0x1002 }
D/InputEventConsistencyVerifier(  427):   2: sent at 235534000000, MotionEvent { action=ACTION_MOVE, id[0]=0, x[0]=184.0, y[0]=695.0, toolType[0]=TOOL_TYPE_UNKNOWN, buttonState=0, metaState=0, flags=0x0, edgeFlags=0x0, pointerCount=1, historySize=7, eventTime=235534, downTime=235493, deviceId=0, source=0x1002 }
D/InputEventConsistencyVerifier(  427):   3: sent at 235496000000, MotionEvent { action=ACTION_DOWN, id[0]=0, x[0]=126.0, y[0]=643.0, toolType[0]=TOOL_TYPE_UNKNOWN, buttonState=0, metaState=0, flags=0x0, edgeFlags=0x0, pointerCount=1, historySize=0, eventTime=235496, downTime=235493, deviceId=0, source=0x1002 }
D/InputEventConsistencyVerifier(  427):   4: sent at 235331000000, MotionEvent { action=ACTION_UP, id[0]=0, x[0]=102.0, y[0]=763.0, toolType[0]=TOOL_TYPE_UNKNOWN, buttonState=0, metaState=0, flags=0x0, edgeFlags=0x0, pointerCount=1, historySize=0, eventTime=235331, downTime=235295, deviceId=0, source=0x1002 }
D/InputEventConsistencyVerifier(  427):   5: sent at 235325000000, MotionEvent { action=ACTION_MOVE, id[0]=0, x[0]=109.0, y[0]=768.0, toolType[0]=TOOL_TYPE_UNKNOWN, buttonState=0, metaState=0, flags=0x0, edgeFlags=0x0, pointerCount=1, historySize=3, eventTime=235325, downTime=235295, deviceId=0, source=0x1002 }
I/Choreographer( 1070): Skipped 38 frames!  The application may be doing too much work on its main thread.
I/ActivityManager(  230): START {act=android.intent.action.CALL_BUTTON flg=0x10000000 cmp=com.android.contacts/.activities.DialtactsActivity u=0} from pid 427
I/ActivityManager(  230): START {act=android.intent.action.CALL_BUTTON flg=0x10000000 cmp=com.android.contacts/.activities.DialtactsActivity u=0} from pid 427
W/dalvikvm(  427): DroidBox: { "FdAccess": { "path": "2f70726f632f6d656d696e666f", "id": "193326633" } }
W/DroidBox(  427): DroidBox: { "FileRW": { "operation": "read", "data": "4d656d546f74616c3a202020202020202020373438393634206b420a4d656d467265653a20202020202020202020343436313034206b420a427566666572733a20202020202020202020202035353634206b420a4361636865643a202020202020202020", "id": "193326633" } }
I/Choreographer(  427): Skipped 97 frames!  The application may be doing too much work on its main thread.
I/Choreographer( 1070): Skipped 60 frames!  The application may be doing too much work on its main thread.
D/InputEventConsistencyVerifier(  427): KeyEvent: ACTION_UP but key was not down.
D/InputEventConsistencyVerifier(  427):   in com.android.systemui.statusbar.phone.StatusBarWindowView@b3ddc1d8
D/InputEventConsistencyVerifier(  427):   0: sent at 247744000000, KeyEvent { action=ACTION_UP, keyCode=KEYCODE_DPAD_DOWN, scanCode=0, metaState=0, flags=0x8, repeatCount=0, eventTime=247744, downTime=247744, deviceId=-1, source=0x101 }
D/InputEventConsistencyVerifier(  427):   -- recent events --
D/InputEventConsistencyVerifier(  427):   1: sent at 247615000000, MotionEvent { action=ACTION_UP, id[0]=0, x[0]=368.0, y[0]=124.0, toolType[0]=TOOL_TYPE_UNKNOWN, buttonState=0, metaState=0, flags=0x0, edgeFlags=0x0, pointerCount=1, historySize=0, eventTime=247615, downTime=247558, deviceId=0, source=0x1002 }
D/InputEventConsistencyVerifier(  427):   2: sent at 247613000000, MotionEvent { action=ACTION_MOVE, id[0]=0, x[0]=359.0, y[0]=130.0, toolType[0]=TOOL_TYPE_UNKNOWN, buttonState=0, metaState=0, flags=0x0, edgeFlags=0x0, pointerCount=1, historySize=4, eventTime=247613, downTime=247558, deviceId=0, source=0x1002 }
D/InputEventConsistencyVerifier(  427):   3: sent at 247560000000, MotionEvent { action=ACTION_DOWN, id[0]=0, x[0]=343.0, y[0]=172.0, toolType[0]=TOOL_TYPE_UNKNOWN, buttonState=0, metaState=0, flags=0x0, edgeFlags=0x0, pointerCount=1, historySize=0, eventTime=247560, downTime=247558, deviceId=0, source=0x1002 }
D/InputEventConsistencyVerifier(  427):   4: sent at 247476000000, (unhandled) KeyEvent { action=ACTION_UP, keyCode=KEYCODE_CALL, scanCode=0, metaState=0, flags=0x8, repeatCount=0, eventTime=247476, downTime=247476, deviceId=-1, source=0x101 }
D/InputEventConsistencyVerifier(  427):   5: sent at 247346000000, (unhandled) KeyEvent { action=ACTION_DOWN, keyCode=KEYCODE_CALL, scanCode=0, metaState=0, flags=0x8, repeatCount=0, eventTime=247346, downTime=247346, deviceId=-1, source=0x101 }
D/InputEventConsistencyVerifier(  427): TouchEvent: ACTION_DOWN but pointers are already down.  Probably missing ACTION_UP from previous gesture.
D/InputEventConsistencyVerifier(  427):   in android.view.ScaleGestureDetector@b3e7c6e0
D/InputEventConsistencyVerifier(  427):   0: sent at 247767000000, MotionEvent { action=ACTION_DOWN, id[0]=0, x[0]=459.0, y[0]=550.0, toolType[0]=TOOL_TYPE_UNKNOWN, buttonState=0, metaState=0, flags=0x0, edgeFlags=0x0, pointerCount=1, historySize=0, eventTime=247767, downTime=247767, deviceId=0, source=0x1002 }
D/InputEventConsistencyVerifier(  427):   -- recent events --
D/InputEventConsistencyVerifier(  427):   1: sent at 247560000000, MotionEvent { action=ACTION_DOWN, id[0]=0, x[0]=343.0, y[0]=172.0, toolType[0]=TOOL_TYPE_UNKNOWN, buttonState=0, metaState=0, flags=0x0, edgeFlags=0x0, pointerCount=1, historySize=0, eventTime=247560, downTime=247558, deviceId=0, source=0x1002 }
D/InputEventConsistencyVerifier(  427):   2: sent at 247125000000, MotionEvent { action=ACTION_UP, id[0]=0, x[0]=320.0, y[0]=30.0, toolType[0]=TOOL_TYPE_UNKNOWN, buttonState=0, metaState=0, flags=0x0, edgeFlags=0x0, pointerCount=1, historySize=0, eventTime=247125, downTime=247087, deviceId=0, source=0x1002 }
D/InputEventConsistencyVerifier(  427):   3: sent at 247088000000, MotionEvent { action=ACTION_DOWN, id[0]=0, x[0]=316.0, y[0]=29.0, toolType[0]=TOOL_TYPE_UNKNOWN, buttonState=0, metaState=0, flags=0x80000000, edgeFlags=0x0, pointerCount=1, historySize=0, eventTime=247088, downTime=247087, deviceId=0, source=0x1002 }
D/InputEventConsistencyVerifier(  427):   4: sent at 235799000000, MotionEvent { action=ACTION_DOWN, id[0]=0, x[0]=463.0, y[0]=438.0, toolType[0]=TOOL_TYPE_UNKNOWN, buttonState=0, metaState=0, flags=0x80000000, edgeFlags=0x0, pointerCount=1, historySize=0, eventTime=235799, downTime=235796, deviceId=0, source=0x1002 }
D/InputEventConsistencyVerifier(  427):   5: sent at 235534000000, MotionEvent { action=ACTION_MOVE, id[0]=0, x[0]=184.0, y[0]=695.0, toolType[0]=TOOL_TYPE_UNKNOWN, buttonState=0, metaState=0, flags=0x0, edgeFlags=0x0, pointerCount=1, historySize=7, eventTime=235534, downTime=235493, deviceId=0, source=0x1002 }
V/PhoneStatusBar(  427): setLightsOn(true)
D/PhoneStatusBar(  427): disable: < expand icons alerts TICKER* system_info back home recent clock >
W/dalvikvm(  427): DroidBox: { "FdAccess": { "path": "2f70726f632f6d656d696e666f", "id": "11676266" } }
W/DroidBox(  427): DroidBox: { "FileRW": { "operation": "read", "data": "4d656d546f74616c3a202020202020202020373438393634206b420a4d656d467265653a20202020202020202020343434363136206b420a427566666572733a20202020202020202020202035353634206b420a4361636865643a202020202020202020", "id": "11676266" } }
I/Choreographer(  427): Skipped 76 frames!  The application may be doing too much work on its main thread.
I/Choreographer( 1070): Skipped 44 frames!  The application may be doing too much work on its main thread.
D/InputEventConsistencyVerifier(  427): KeyEvent: ACTION_UP but key was not down.
D/InputEventConsistencyVerifier(  427):   in com.android.systemui.statusbar.phone.StatusBarWindowView@b3ddc1d8
D/InputEventConsistencyVerifier(  427):   0: sent at 247877000000, KeyEvent { action=ACTION_UP, keyCode=KEYCODE_DPAD_UP, scanCode=0, metaState=0, flags=0x400, repeatCount=0, eventTime=247877, downTime=247877, deviceId=-1, source=0x101 }
D/InputEventConsistencyVerifier(  427):   -- recent events --
D/InputEventConsistencyVerifier(  427):   1: sent at 247841000000, (unhandled) MotionEvent { action=ACTION_MOVE, id[0]=0, x[0]=1.0, y[0]=-2.0, toolType[0]=TOOL_TYPE_UNKNOWN, buttonState=0, metaState=0, flags=0x0, edgeFlags=0x0, pointerCount=1, historySize=1, eventTime=247841, downTime=-1, deviceId=0, source=0x10004 }
D/InputEventConsistencyVerifier(  427):   2: sent at 247824000000, MotionEvent { action=ACTION_UP, id[0]=0, x[0]=453.0, y[0]=549.0, toolType[0]=TOOL_TYPE_UNKNOWN, buttonState=0, metaState=0, flags=0x0, edgeFlags=0x0, pointerCount=1, historySize=0, eventTime=247824, downTime=247767, deviceId=0, source=0x1002 }
D/InputEventConsistencyVerifier(  427):   3: sent at 247767000000, MotionEvent { action=ACTION_DOWN, id[0]=0, x[0]=459.0, y[0]=550.0, toolType[0]=TOOL_TYPE_UNKNOWN, buttonState=0, metaState=0, flags=0x0, edgeFlags=0x0, pointerCount=1, historySize=0, eventTime=247767, downTime=247767, deviceId=0, source=0x1002 }
D/InputEventConsistencyVerifier(  427):   4: sent at 247760000000, (unhandled) KeyEvent { action=ACTION_UP, keyCode=KEYCODE_MENU, scanCode=0, metaState=0, flags=0x8, repeatCount=0, eventTime=247760, downTime=247760, deviceId=-1, source=0x101 }
D/InputEventConsistencyVerifier(  427):   5: sent at 247751000000, (unhandled) KeyEvent { action=ACTION_DOWN, keyCode=KEYCODE_MENU, scanCode=0, metaState=0, flags=0x8, repeatCount=0, eventTime=247751, downTime=247751, deviceId=-1, source=0x101 }
D/InputEventConsistencyVerifier(  427): TouchEvent: ACTION_DOWN but pointers are already down.  Probably missing ACTION_UP from previous gesture.
D/InputEventConsistencyVerifier(  427):   in android.view.ScaleGestureDetector@b3e7c6e0
D/InputEventConsistencyVerifier(  427):   0: sent at 248039000000, MotionEvent { action=ACTION_DOWN, id[0]=0, x[0]=188.0, y[0]=386.0, toolType[0]=TOOL_TYPE_UNKNOWN, buttonState=0, metaState=0, flags=0x0, edgeFlags=0x0, pointerCount=1, historySize=0, eventTime=248039, downTime=248039, deviceId=0, source=0x1002 }
D/InputEventConsistencyVerifier(  427):   -- recent events --
D/InputEventConsistencyVerifier(  427):   1: sent at 247767000000, MotionEvent { action=ACTION_DOWN, id[0]=0, x[0]=459.0, y[0]=550.0, toolType[0]=TOOL_TYPE_UNKNOWN, buttonState=0, metaState=0, flags=0x80000000, edgeFlags=0x0, pointerCount=1, historySize=0, eventTime=247767, downTime=247767, deviceId=0, source=0x1002 }
D/InputEventConsistencyVerifier(  427):   2: sent at 247560000000, MotionEvent { action=ACTION_DOWN, id[0]=0, x[0]=343.0, y[0]=172.0, toolType[0]=TOOL_TYPE_UNKNOWN, buttonState=0, metaState=0, flags=0x0, edgeFlags=0x0, pointerCount=1, historySize=0, eventTime=247560, downTime=247558, deviceId=0, source=0x1002 }
D/InputEventConsistencyVerifier(  427):   3: sent at 247125000000, MotionEvent { action=ACTION_UP, id[0]=0, x[0]=320.0, y[0]=30.0, toolType[0]=TOOL_TYPE_UNKNOWN, buttonState=0, metaState=0, flags=0x0, edgeFlags=0x0, pointerCount=1, historySize=0, eventTime=247125, downTime=247087, deviceId=0, source=0x1002 }
D/InputEventConsistencyVerifier(  427):   4: sent at 247088000000, MotionEvent { action=ACTION_DOWN, id[0]=0, x[0]=316.0, y[0]=29.0, toolType[0]=TOOL_TYPE_UNKNOWN, buttonState=0, metaState=0, flags=0x80000000, edgeFlags=0x0, pointerCount=1, historySize=0, eventTime=247088, downTime=247087, deviceId=0, source=0x1002 }
D/InputEventConsistencyVerifier(  427):   5: sent at 235799000000, MotionEvent { action=ACTION_DOWN, id[0]=0, x[0]=463.0, y[0]=438.0, toolType[0]=TOOL_TYPE_UNKNOWN, buttonState=0, metaState=0, flags=0x80000000, edgeFlags=0x0, pointerCount=1, historySize=0, eventTime=235799, downTime=235796, deviceId=0, source=0x1002 }
W/dalvikvm(  427): DroidBox: { "FdAccess": { "path": "2f70726f632f6d656d696e666f", "id": "350229090" } }
W/DroidBox(  427): DroidBox: { "FileRW": { "operation": "read", "data": "4d656d546f74616c3a202020202020202020373438393634206b420a4d656d467265653a20202020202020202020343434363136206b420a427566666572733a20202020202020202020202035353634206b420a4361636865643a202020202020202020", "id": "350229090" } }
I/Choreographer(  427): Skipped 30 frames!  The application may be doing too much work on its main thread.
D/InputEventConsistencyVerifier(  427): KeyEvent: ACTION_UP but key was not down.
D/InputEventConsistencyVerifier(  427):   in com.android.systemui.statusbar.phone.StatusBarWindowView@b3ddc1d8
D/InputEventConsistencyVerifier(  427):   0: sent at 248256000000, KeyEvent { action=ACTION_UP, keyCode=KEYCODE_DPAD_UP, scanCode=0, metaState=0, flags=0x400, repeatCount=0, eventTime=248256, downTime=248256, deviceId=-1, source=0x101 }
D/InputEventConsistencyVerifier(  427):   -- recent events --
D/InputEventConsistencyVerifier(  427):   1: sent at 248006000000, (unhandled) MotionEvent { action=ACTION_MOVE, id[0]=0, x[0]=4.0, y[0]=-4.0, toolType[0]=TOOL_TYPE_UNKNOWN, buttonState=0, metaState=0, flags=0x0, edgeFlags=0x0, pointerCount=1, historySize=7, eventTime=248006, downTime=-1, deviceId=0, source=0x10004 }
D/InputEventConsistencyVerifier(  427):   2: sent at 248067000000, MotionEvent { action=ACTION_UP, id[0]=0, x[0]=196.0, y[0]=383.0, toolType[0]=TOOL_TYPE_UNKNOWN, buttonState=0, metaState=0, flags=0x0, edgeFlags=0x0, pointerCount=1, historySize=0, eventTime=248067, downTime=248039, deviceId=0, source=0x1002 }
D/InputEventConsistencyVerifier(  427):   3: sent at 248039000000, MotionEvent { action=ACTION_DOWN, id[0]=0, x[0]=188.0, y[0]=386.0, toolType[0]=TOOL_TYPE_UNKNOWN, buttonState=0, metaState=0, flags=0x0, edgeFlags=0x0, pointerCount=1, historySize=0, eventTime=248039, downTime=248039, deviceId=0, source=0x1002 }
D/InputEventConsistencyVerifier(  427):   4: sent at 247878000000, (unhandled) KeyEvent { action=ACTION_UP, keyCode=KEYCODE_DPAD_UP, scanCode=0, metaState=0, flags=0x400, repeatCount=0, eventTime=247878, downTime=247878, deviceId=-1, source=0x101 }
D/InputEventConsistencyVerifier(  427):   5: sent at 247878000000, (unhandled) KeyEvent { action=ACTION_DOWN, keyCode=KEYCODE_DPAD_UP, scanCode=0, metaState=0, flags=0x400, repeatCount=0, eventTime=247878, downTime=247878, deviceId=-1, source=0x101 }
D/InputEventConsistencyVerifier(  427): KeyEvent: ACTION_UP but key was not down.
D/InputEventConsistencyVerifier(  427):   in android.widget.FrameLayout@b3dec1e0
D/InputEventConsistencyVerifier(  427):   0: sent at 248293000000, KeyEvent { action=ACTION_UP, keyCode=KEYCODE_DPAD_DOWN, scanCode=0, metaState=0, flags=0x8, repeatCount=0, eventTime=248293, downTime=248293, deviceId=-1, source=0x101 }
D/InputEventConsistencyVerifier(  427):   -- recent events --
D/InputEventConsistencyVerifier(  427):   1: sent at 235536000000, MotionEvent { action=ACTION_UP, id[0]=0, x[0]=186.0, y[0]=703.0, toolType[0]=TOOL_TYPE_UNKNOWN, buttonState=0, metaState=0, flags=0x0, edgeFlags=0x0, pointerCount=1, historySize=0, eventTime=235536, downTime=235493, deviceId=0, source=0x1002 }
D/InputEventConsistencyVerifier(  427):   2: sent at 235534000000, MotionEvent { action=ACTION_MOVE, id[0]=0, x[0]=184.0, y[0]=695.0, toolType[0]=TOOL_TYPE_UNKNOWN, buttonState=0, metaState=0, flags=0x0, edgeFlags=0x0, pointerCount=1, historySize=7, eventTime=235534, downTime=235493, deviceId=0, source=0x1002 }
D/InputEventConsistencyVerifier(  427):   3: sent at 235496000000, MotionEvent { action=ACTION_DOWN, id[0]=0, x[0]=126.0, y[0]=643.0, toolType[0]=TOOL_TYPE_UNKNOWN, buttonState=0, metaState=0, flags=0x0, edgeFlags=0x0, pointerCount=1, historySize=0, eventTime=235496, downTime=235493, deviceId=0, source=0x1002 }
D/InputEventConsistencyVerifier(  427):   4: sent at 235331000000, MotionEvent { action=ACTION_UP, id[0]=0, x[0]=102.0, y[0]=763.0, toolType[0]=TOOL_TYPE_UNKNOWN, buttonState=0, metaState=0, flags=0x0, edgeFlags=0x0, pointerCount=1, historySize=0, eventTime=235331, downTime=235295, deviceId=0, source=0x1002 }
D/InputEventConsistencyVerifier(  427):   5: sent at 235325000000, MotionEvent { action=ACTION_MOVE, id[0]=0, x[0]=109.0, y[0]=768.0, toolType[0]=TOOL_TYPE_UNKNOWN, buttonState=0, metaState=0, flags=0x0, edgeFlags=0x0, pointerCount=1, historySize=3, eventTime=235325, downTime=235295, deviceId=0, source=0x1002 }
W/dalvikvm(  427): DroidBox: { "FdAccess": { "path": "2f70726f632f6d656d696e666f", "id": "1750881007" } }
W/DroidBox(  427): DroidBox: { "FileRW": { "operation": "read", "data": "4d656d546f74616c3a202020202020202020373438393634206b420a4d656d467265653a20202020202020202020343433353030206b420a427566666572733a20202020202020202020202035353634206b420a4361636865643a202020202020202020", "id": "1750881007" } }
D/InputEventConsistencyVerifier(  427): KeyEvent: ACTION_UP but key was not down.
D/InputEventConsistencyVerifier(  427):   in com.android.systemui.statusbar.phone.PhoneStatusBarView@b3dde170
D/InputEventConsistencyVerifier(  427):   0: sent at 248393000000, KeyEvent { action=ACTION_UP, keyCode=KEYCODE_DPAD_UP, scanCode=0, metaState=0, flags=0x8, repeatCount=0, eventTime=248393, downTime=248393, deviceId=-1, source=0x101 }
D/InputEventConsistencyVerifier(  427):   -- recent events --
D/InputEventConsistencyVerifier(  427):   1: sent at 248073000000, (unhandled) KeyEvent { action=ACTION_DOWN, keyCode=KEYCODE_DPAD_DOWN, scanCode=0, metaState=0, flags=0x8, repeatCount=0, eventTime=248073, downTime=248073, deviceId=-1, source=0x101 }
