D/InputEventConsistencyVerifier(  593): KeyEvent: ACTION_UP but key was not down.
D/InputEventConsistencyVerifier(  593):   in com.android.internal.policy.impl.PhoneWindow$DecorView@b4086a18
D/InputEventConsistencyVerifier(  593):   0: sent at 100622000000, KeyEvent { action=ACTION_UP, keyCode=KEYCODE_DPAD_RIGHT, scanCode=0, metaState=0, flags=0x8, repeatCount=0, eventTime=100622, downTime=100622, deviceId=-1, source=0x101 }
W/dalvikvm( 1023): DroidBox: { "FdAccess": { "path": "2f6465762f696e7075742f6576656e7430", "id": "1500089786" } }
W/DroidBox( 1023): DroidBox: { "FileRW": { "operation": "write", "data": "efbfbd060000efbfbdefbfbd0c000500000000000000", "id": "1500089786" } }
I/ActivityManager(  223): START {act=android.search.action.GLOBAL_SEARCH flg=0x10000000 cmp=com.android.quicksearchbox/.SearchActivity bnds=[5,43][475,103] (has extras) u=0} from pid 593
I/qtaguid (  223): Failed write_ctrl(s 1 10050) res=-1 errno=1
W/NetworkManagementSocketTagger(  223): setKernelCountSet(10050, 1) failed with errno -1
I/Choreographer(  593): Skipped 60 frames!  The application may be doing too much work on its main thread.
E/Trace   ( 1045): error opening trace file: No such file or directory (2)
I/Choreographer(  593): Skipped 80 frames!  The application may be doing too much work on its main thread.
W/DroidBox( 1045): DroidBox: { "DexClassLoader": { "path": "/data/app/org.expressme.love.ui-1.apk" } }
I/Choreographer(  593): Skipped 47 frames!  The application may be doing too much work on its main thread.
I/dalvikvm-heap( 1045): Grow heap (frag case) to 8.980MB for 551696-byte allocation
I/Choreographer(  593): Skipped 46 frames!  The application may be doing too much work on its main thread.
E/PackageReceiver( 1045): StartMainservice
W/DroidBox( 1045): DroidBox: { "ServiceStart": { "name": "j.SMSHider.MainService" } }
W/ActivityManager(  223): Unable to start service Intent { act=android.intent.action.MAIN cat=[android.intent.category.LAUNCHER] flg=0x10000000 cmp=j.SMSHider/.MainService }: not found
E/runRootCommand( 1045): runRootCommand:
I/Choreographer(  593): Skipped 106 frames!  The application may be doing too much work on its main thread.
W/dalvikvm(  573): DroidBox: { "FdAccess": { "path": "2f70726f632f6d656d696e666f", "id": "1363267055" } }
W/DroidBox(  573): DroidBox: { "FileRW": { "operation": "read", "data": "4d656d546f74616c3a202020202020202020373438393634206b420a4d656d467265653a20202020202020202020343634363634206b420a427566666572733a20202020202020202020202034393630206b420a4361636865643a202020202020202020", "id": "1363267055" } }
E/WVMExtractor(   61): Failed to open libwvm.so
W/dalvikvm(  473): DroidBox: { "FdAccess": { "path": "2f646174612f646174612f636f6d2e616e64726f69642e696e7075746d6574686f642e6c6174696e2f66696c65732f636f6e74616374732e656e5f55532e646963742e74656d70", "id": "1876600968" } }
W/DroidBox(  473): DroidBox: { "FileRW": { "operation": "write", "data": "78efbfbd010000", "id": "1876600968" } }
W/dalvikvm(  473): DroidBox: { "FdAccess": { "path": "2f646174612f646174612f636f6d2e616e64726f69642e696e7075746d6574686f642e6c6174696e2f66696c65732f636f6e74616374732e656e5f55532e646963742e74656d70", "id": "142070654" } }
W/DroidBox(  473): DroidBox: { "FileRW": { "operation": "write", "data": "00", "id": "142070654" } }
W/dalvikvm(  223): DroidBox: { "FdAccess": { "path": "2f70726f632f313034352f636d646c696e65", "id": "973101741" } }
W/DroidBox(  223): DroidBox: { "FileRW": { "operation": "read", "data": "6f72672e657870726573736d652e6c6f76652e75690000000000000000000000000000000000000000000000000000000000000000000000000000000000000000000000000000000000000039373835633536346663306136316631613138332e61706b", "id": "973101741" } }
W/dalvikvm(  223): DroidBox: { "FdAccess": { "path": "2f70726f632f313036312f636d646c696e65", "id": "1731132035" } }
W/DroidBox(  223): DroidBox: { "FileRW": { "operation": "read", "data": "6f72672e657870726573736d652e6c6f76652e75690000000000000000000000000000000000000000000000000000000000000000000000000000000000000000000000000000000000000039373835633536346663306136316631613138332e61706b", "id": "1731132035" } }
I/ContactDirectoryManager(  573): deleted 0 stale rows which don't have any relevant directory
I/ContactDirectoryManager(  573): Discovered 0 contact directories in 1288ms
I/ContactsDatabaseHelper(  573): Switching to locale en_US
E/WVMExtractor(   61): Failed to open libwvm.so
I/InputDispatcher(  223): Application is not responding: AppWindowToken{b3fc8b18 token=Token{b3ff6918 ActivityRecord{b3e6aad8 org.expressme.love.ui/.MainMenu}}}.  It has been 5153.6ms since event, 5006.1ms since wait started.  Reason: Waiting because no window has focus but there is a focused application that may eventually add a window when it finishes starting up.
I/WindowManager(  223): Input event dispatching timed out sending to application AppWindowToken{b3fc8b18 token=Token{b3ff6918 ActivityRecord{b3e6aad8 org.expressme.love.ui/.MainMenu}}}
I/Process (  223): Sending signal. PID: 1045 SIG: 3
I/Process (  223): Sending signal. PID: 223 SIG: 3
E/WVMExtractor(   61): Failed to open libwvm.so
I/Process (  223): Sending signal. PID: 420 SIG: 3
I/Process (  223): Sending signal. PID: 490 SIG: 3
W/dalvikvm(  223): DroidBox: { "FdAccess": { "path": "2f70726f632f312f636d646c696e65", "id": "774535405" } }
W/DroidBox(  223): DroidBox: { "FileRW": { "operation": "read", "data": "2f696e69740000000000000000000000000000000000000000000000000000000000000000000000000000000000000000000000000000000000000000000000000000000000000000000000000000000000000000000000000000000000000000000000", "id": "774535405" } }
W/dalvikvm(  223): DroidBox: { "FdAccess": { "path": "2f70726f632f322f636d646c696e65", "id": "899484413" } }
W/DroidBox(  223): DroidBox: { "FileRW": { "operation": "read", "data": "2f696e69740000000000000000000000000000000000000000000000000000000000000000000000000000000000000000000000000000000000000000000000000000000000000000000000000000000000000000000000000000000000000000000000", "id": "899484413" } }
W/dalvikvm(  223): DroidBox: { "FdAccess": { "path": "2f70726f632f332f636d646c696e65", "id": "2087951193" } }
W/DroidBox(  223): DroidBox: { "FileRW": { "operation": "read", "data": "2f696e69740000000000000000000000000000000000000000000000000000000000000000000000000000000000000000000000000000000000000000000000000000000000000000000000000000000000000000000000000000000000000000000000", "id": "2087951193" } }
W/dalvikvm(  223): DroidBox: { "FdAccess": { "path": "2f70726f632f342f636d646c696e65", "id": "1099197729" } }
W/DroidBox(  223): DroidBox: { "FileRW": { "operation": "read", "data": "2f696e69740000000000000000000000000000000000000000000000000000000000000000000000000000000000000000000000000000000000000000000000000000000000000000000000000000000000000000000000000000000000000000000000", "id": "1099197729" } }
W/dalvikvm(  223): DroidBox: { "FdAccess": { "path": "2f70726f632f352f636d646c696e65", "id": "2037693445" } }
W/DroidBox(  223): DroidBox: { "FileRW": { "operation": "read", "data": "2f696e69740000000000000000000000000000000000000000000000000000000000000000000000000000000000000000000000000000000000000000000000000000000000000000000000000000000000000000000000000000000000000000000000", "id": "2037693445" } }
W/dalvikvm(  223): DroidBox: { "FdAccess": { "path": "2f70726f632f362f636d646c696e65", "id": "61298296" } }
W/DroidBox(  223): DroidBox: { "FileRW": { "operation": "read", "data": "2f696e69740000000000000000000000000000000000000000000000000000000000000000000000000000000000000000000000000000000000000000000000000000000000000000000000000000000000000000000000000000000000000000000000", "id": "61298296" } }
W/dalvikvm(  223): DroidBox: { "FdAccess": { "path": "2f70726f632f372f636d646c696e65", "id": "1846539167" } }
W/DroidBox(  223): DroidBox: { "FileRW": { "operation": "read", "data": "2f696e69740000000000000000000000000000000000000000000000000000000000000000000000000000000000000000000000000000000000000000000000000000000000000000000000000000000000000000000000000000000000000000000000", "id": "1846539167" } }
W/dalvikvm(  223): DroidBox: { "FdAccess": { "path": "2f70726f632f382f636d646c696e65", "id": "190682654" } }
W/DroidBox(  223): DroidBox: { "FileRW": { "operation": "read", "data": "2f696e69740000000000000000000000000000000000000000000000000000000000000000000000000000000000000000000000000000000000000000000000000000000000000000000000000000000000000000000000000000000000000000000000", "id": "190682654" } }
W/dalvikvm(  223): DroidBox: { "FdAccess": { "path": "2f70726f632f392f636d646c696e65", "id": "891131683" } }
W/DroidBox(  223): DroidBox: { "FileRW": { "operation": "read", "data": "2f696e69740000000000000000000000000000000000000000000000000000000000000000000000000000000000000000000000000000000000000000000000000000000000000000000000000000000000000000000000000000000000000000000000", "id": "891131683" } }
W/dalvikvm(  223): DroidBox: { "FdAccess": { "path": "2f70726f632f31302f636d646c696e65", "id": "351041969" } }
W/DroidBox(  223): DroidBox: { "FileRW": { "operation": "read", "data": "2f696e69740000000000000000000000000000000000000000000000000000000000000000000000000000000000000000000000000000000000000000000000000000000000000000000000000000000000000000000000000000000000000000000000", "id": "351041969" } }
W/dalvikvm(  223): DroidBox: { "FdAccess": { "path": "2f70726f632f31312f636d646c696e65", "id": "716798448" } }
W/DroidBox(  223): DroidBox: { "FileRW": { "operation": "read", "data": "2f696e69740000000000000000000000000000000000000000000000000000000000000000000000000000000000000000000000000000000000000000000000000000000000000000000000000000000000000000000000000000000000000000000000", "id": "716798448" } }
W/dalvikvm(  223): DroidBox: { "FdAccess": { "path": "2f70726f632f31322f636d646c696e65", "id": "888631797" } }
W/DroidBox(  223): DroidBox: { "FileRW": { "operation": "read", "data": "2f696e69740000000000000000000000000000000000000000000000000000000000000000000000000000000000000000000000000000000000000000000000000000000000000000000000000000000000000000000000000000000000000000000000", "id": "888631797" } }
W/dalvikvm(  223): DroidBox: { "FdAccess": { "path": "2f70726f632f31332f636d646c696e65", "id": "109969294" } }
W/DroidBox(  223): DroidBox: { "FileRW": { "operation": "read", "data": "2f696e69740000000000000000000000000000000000000000000000000000000000000000000000000000000000000000000000000000000000000000000000000000000000000000000000000000000000000000000000000000000000000000000000", "id": "109969294" } }
W/dalvikvm(  223): DroidBox: { "FdAccess": { "path": "2f70726f632f31342f636d646c696e65", "id": "1670845211" } }
W/DroidBox(  223): DroidBox: { "FileRW": { "operation": "read", "data": "2f696e69740000000000000000000000000000000000000000000000000000000000000000000000000000000000000000000000000000000000000000000000000000000000000000000000000000000000000000000000000000000000000000000000", "id": "1670845211" } }
W/dalvikvm(  223): DroidBox: { "FdAccess": { "path": "2f70726f632f32352f636d646c696e65", "id": "1955527141" } }
W/DroidBox(  223): DroidBox: { "FileRW": { "operation": "read", "data": "2f696e69740000000000000000000000000000000000000000000000000000000000000000000000000000000000000000000000000000000000000000000000000000000000000000000000000000000000000000000000000000000000000000000000", "id": "1955527141" } }
W/dalvikvm(  223): DroidBox: { "FdAccess": { "path": "2f70726f632f32362f636d646c696e65", "id": "1495900495" } }
W/DroidBox(  223): DroidBox: { "FileRW": { "operation": "read", "data": "2f696e69740000000000000000000000000000000000000000000000000000000000000000000000000000000000000000000000000000000000000000000000000000000000000000000000000000000000000000000000000000000000000000000000", "id": "1495900495" } }
W/dalvikvm(  223): DroidBox: { "FdAccess": { "path": "2f70726f632f32372f636d646c696e65", "id": "319559178" } }
W/DroidBox(  223): DroidBox: { "FileRW": { "operation": "read", "data": "2f696e69740000000000000000000000000000000000000000000000000000000000000000000000000000000000000000000000000000000000000000000000000000000000000000000000000000000000000000000000000000000000000000000000", "id": "319559178" } }
W/dalvikvm(  223): DroidBox: { "FdAccess": { "path": "2f70726f632f32382f636d646c696e65", "id": "1226380198" } }
W/DroidBox(  223): DroidBox: { "FileRW": { "operation": "read", "data": "2f696e69740000000000000000000000000000000000000000000000000000000000000000000000000000000000000000000000000000000000000000000000000000000000000000000000000000000000000000000000000000000000000000000000", "id": "1226380198" } }
W/dalvikvm(  223): DroidBox: { "FdAccess": { "path": "2f70726f632f32392f636d646c696e65", "id": "584442468" } }
W/DroidBox(  223): DroidBox: { "FileRW": { "operation": "read", "data": "2f696e69740000000000000000000000000000000000000000000000000000000000000000000000000000000000000000000000000000000000000000000000000000000000000000000000000000000000000000000000000000000000000000000000", "id": "584442468" } }
W/dalvikvm(  223): DroidBox: { "FdAccess": { "path": "2f70726f632f33302f636d646c696e65", "id": "1326382507" } }
W/DroidBox(  223): DroidBox: { "FileRW": { "operation": "read", "data": "2f696e69740000000000000000000000000000000000000000000000000000000000000000000000000000000000000000000000000000000000000000000000000000000000000000000000000000000000000000000000000000000000000000000000", "id": "1326382507" } }
W/dalvikvm(  223): DroidBox: { "FdAccess": { "path": "2f70726f632f33312f636d646c696e65", "id": "1135623928" } }
W/DroidBox(  223): DroidBox: { "FileRW": { "operation": "read", "data": "2f7362696e2f756576656e7464000000000000000000000000000000000000000000000000000000000000000000000000000000000000000000000000000000000000000000000000000000000000000000000000000000000000000000000000000000", "id": "1135623928" } }
W/dalvikvm(  223): DroidBox: { "FdAccess": { "path": "2f70726f632f33332f636d646c696e65", "id": "1723008599" } }
W/DroidBox(  223): DroidBox: { "FileRW": { "operation": "read", "data": "2f7362696e2f756576656e7464000000000000000000000000000000000000000000000000000000000000000000000000000000000000000000000000000000000000000000000000000000000000000000000000000000000000000000000000000000", "id": "1723008599" } }
W/dalvikvm(  223): DroidBox: { "FdAccess": { "path": "2f70726f632f33342f636d646c696e65", "id": "2117944379" } }
W/DroidBox(  223): DroidBox: { "FileRW": { "operation": "read", "data": "2f7362696e2f756576656e7464000000000000000000000000000000000000000000000000000000000000000000000000000000000000000000000000000000000000000000000000000000000000000000000000000000000000000000000000000000", "id": "2117944379" } }
W/dalvikvm(  223): DroidBox: { "FdAccess": { "path": "2f70726f632f33382f636d646c696e65", "id": "1454576840" } }
W/DroidBox(  223): DroidBox: { "FileRW": { "operation": "read", "data": "2f7362696e2f756576656e7464000000000000000000000000000000000000000000000000000000000000000000000000000000000000000000000000000000000000000000000000000000000000000000000000000000000000000000000000000000", "id": "1454576840" } }
W/dalvikvm(  223): DroidBox: { "FdAccess": { "path": "2f70726f632f34302f636d646c696e65", "id": "1307337540" } }
W/DroidBox(  223): DroidBox: { "FileRW": { "operation": "read", "data": "2f7362696e2f756576656e7464000000000000000000000000000000000000000000000000000000000000000000000000000000000000000000000000000000000000000000000000000000000000000000000000000000000000000000000000000000", "id": "1307337540" } }
W/dalvikvm(  223): DroidBox: { "FdAccess": { "path": "2f70726f632f34312f636d646c696e65", "id": "521176191" } }
W/DroidBox(  223): DroidBox: { "FileRW": { "operation": "read", "data": "2f7362696e2f756576656e7464000000000000000000000000000000000000000000000000000000000000000000000000000000000000000000000000000000000000000000000000000000000000000000000000000000000000000000000000000000", "id": "521176191" } }
W/dalvikvm(  223): DroidBox: { "FdAccess": { "path": "2f70726f632f34342f636d646c696e65", "id": "1415136874" } }
W/DroidBox(  223): DroidBox: { "FileRW": { "operation": "read", "data": "2f7362696e2f756576656e7464000000000000000000000000000000000000000000000000000000000000000000000000000000000000000000000000000000000000000000000000000000000000000000000000000000000000000000000000000000", "id": "1415136874" } }
W/dalvikvm(  223): DroidBox: { "FdAccess": { "path": "2f70726f632f34362f636d646c696e65", "id": "2111624943" } }
W/DroidBox(  223): DroidBox: { "FileRW": { "operation": "read", "data": "2f7362696e2f756576656e7464000000000000000000000000000000000000000000000000000000000000000000000000000000000000000000000000000000000000000000000000000000000000000000000000000000000000000000000000000000", "id": "2111624943" } }
W/dalvikvm(  223): DroidBox: { "FdAccess": { "path": "2f70726f632f34372f636d646c696e65", "id": "1727298451" } }
W/DroidBox(  223): DroidBox: { "FileRW": { "operation": "read", "data": "2f7362696e2f756576656e7464000000000000000000000000000000000000000000000000000000000000000000000000000000000000000000000000000000000000000000000000000000000000000000000000000000000000000000000000000000", "id": "1727298451" } }
W/dalvikvm(  223): DroidBox: { "FdAccess": { "path": "2f70726f632f34382f636d646c696e65", "id": "839643279" } }
W/DroidBox(  223): DroidBox: { "FileRW": { "operation": "read", "data": "2f73797374656d2f62696e2f71656d75640000000000000000000000000000000000000000000000000000000000000000000000000000000000000000000000000000000000000000000000000000000000000000000000000000000000000000000000", "id": "839643279" } }
W/dalvikvm(  223): DroidBox: { "FdAccess": { "path": "2f70726f632f35322f636d646c696e65", "id": "788427948" } }
W/DroidBox(  223): DroidBox: { "FileRW": { "operation": "read", "data": "2f73797374656d2f62696e2f736572766963656d616e616765720000000000000000000000000000000000000000000000000000000000000000000000000000000000000000000000000000000000000000000000000000000000000000000000000000", "id": "788427948" } }
W/dalvikvm(  223): DroidBox: { "FdAccess": { "path": "2f70726f632f35332f636d646c696e65", "id": "480184436" } }
W/DroidBox(  223): DroidBox: { "FileRW": { "operation": "read", "data": "2f73797374656d2f62696e2f766f6c640063656d616e616765720000000000000000000000000000000000000000000000000000000000000000000000000000000000000000000000000000000000000000000000000000000000000000000000000000", "id": "480184436" } }
W/dalvikvm(  223): DroidBox: { "FdAccess": { "path": "2f70726f632f35352f636d646c696e65", "id": "1046968241" } }
W/DroidBox(  223): DroidBox: { "FileRW": { "operation": "read", "data": "2f73797374656d2f62696e2f6e6574640063656d616e616765720000000000000000000000000000000000000000000000000000000000000000000000000000000000000000000000000000000000000000000000000000000000000000000000000000", "id": "1046968241" } }
W/dalvikvm(  223): DroidBox: { "FdAccess": { "path": "2f70726f632f35362f636d646c696e65", "id": "843621350" } }
W/DroidBox(  223): DroidBox: { "FileRW": { "operation": "read", "data": "2f73797374656d2f62696e2f64656275676765726400616765720000000000000000000000000000000000000000000000000000000000000000000000000000000000000000000000000000000000000000000000000000000000000000000000000000", "id": "843621350" } }
W/dalvikvm(  223): DroidBox: { "FdAccess": { "path": "2f70726f632f35372f636d646c696e65", "id": "989411812" } }
W/DroidBox(  223): DroidBox: { "FileRW": { "operation": "read", "data": "2f73797374656d2f62696e2f72696c64006765726400616765720000000000000000000000000000000000000000000000000000000000000000000000000000000000000000000000000000000000000000000000000000000000000000000000000000", "id": "989411812" } }
W/dalvikvm(  223): DroidBox: { "FdAccess": { "path": "2f70726f632f35382f636d646c696e65", "id": "736121983" } }
W/DroidBox(  223): DroidBox: { "FileRW": { "operation": "read", "data": "2f73797374656d2f62696e2f73757266616365666c696e6765720000000000000000000000000000000000000000000000000000000000000000000000000000000000000000000000000000000000000000000000000000000000000000000000000000", "id": "736121983" } }
W/dalvikvm(  223): DroidBox: { "FdAccess": { "path": "2f70726f632f35392f636d646c696e65", "id": "884554815" } }
W/DroidBox(  223): DroidBox: { "FileRW": { "operation": "read", "data": "7a79676f7465002f62696e2f6170705f70726f63657373002d587a79676f7465002f73797374656d2f62696e002d2d7a79676f7465002d2d73746172742d73797374656d2d73657276657200000000000000000000000000000000000000000000000000", "id": "884554815" } }
W/dalvikvm(  223): DroidBox: { "FdAccess": { "path": "2f70726f632f36302f636d646c696e65", "id": "107757048" } }
W/DroidBox(  223): DroidBox: { "FileRW": { "operation": "read", "data": "2f73797374656d2f62696e2f64726d7365727665720073002d587a79676f7465002f73797374656d2f62696e002d2d7a79676f7465002d2d73746172742d73797374656d2d73657276657200000000000000000000000000000000000000000000000000", "id": "107757048" } }
W/dalvikvm(  223): DroidBox: { "FdAccess": { "path": "2f70726f632f36312f636d646c696e65", "id": "57583414" } }
W/DroidBox(  223): DroidBox: { "FileRW": { "operation": "read", "data": "2f73797374656d2f62696e2f6d65646961736572766572002d587a79676f7465002f73797374656d2f62696e002d2d7a79676f7465002d2d73746172742d73797374656d2d73657276657200000000000000000000000000000000000000000000000000", "id": "57583414" } }
W/dalvikvm(  223): DroidBox: { "FdAccess": { "path": "2f70726f632f36322f636d646c696e65", "id": "2120542349" } }
W/DroidBox(  223): DroidBox: { "FileRW": { "operation": "read", "data": "2f73797374656d2f62696e2f646275732d6461656d6f6e002d2d73797374656d002d2d6e6f666f726b00696e002d2d7a79676f7465002d2d73746172742d73797374656d2d73657276657200000000000000000000000000000000000000000000000000", "id": "2120542349" } }
W/dalvikvm(  223): DroidBox: { "FdAccess": { "path": "2f70726f632f36332f636d646c696e65", "id": "463263317" } }
W/DroidBox(  223): DroidBox: { "FileRW": { "operation": "read", "data": "2f73797374656d2f62696e2f696e7374616c6c64006f6e002d2d73797374656d002d2d6e6f666f726b00696e002d2d7a79676f7465002d2d73746172742d73797374656d2d73657276657200000000000000000000000000000000000000000000000000", "id": "463263317" } }
W/dalvikvm(  223): DroidBox: { "FdAccess": { "path": "2f70726f632f36342f636d646c696e65", "id": "1563443770" } }
W/DroidBox(  223): DroidBox: { "FileRW": { "operation": "read", "data": "2f73797374656d2f62696e2f6b657973746f7265002f646174612f6d6973632f6b657973746f72650000696e002d2d7a79676f7465002d2d73746172742d73797374656d2d73657276657200000000000000000000000000000000000000000000000000", "id": "1563443770" } }
W/dalvikvm(  223): DroidBox: { "FdAccess": { "path": "2f70726f632f36352f636d646c696e65", "id": "641880520" } }
W/DroidBox(  223): DroidBox: { "FileRW": { "operation": "read", "data": "2f73797374656d2f62696e2f73680073746f7265002f646174612f6d6973632f6b657973746f72650000696e002d2d7a79676f7465002d2d73746172742d73797374656d2d73657276657200000000000000000000000000000000000000000000000000", "id": "641880520" } }
W/dalvikvm(  223): DroidBox: { "FdAccess": { "path": "2f70726f632f36362f636d646c696e65", "id": "516611700" } }
W/DroidBox(  223): DroidBox: { "FileRW": { "operation": "read", "data": "2f7362696e2f61646264002f73680073746f7265002f646174612f6d6973632f6b657973746f72650000696e002d2d7a79676f7465002d2d73746172742d73797374656d2d73657276657200000000000000000000000000000000000000000000000000", "id": "516611700" } }
W/dalvikvm(  223): DroidBox: { "FdAccess": { "path": "2f70726f632f3232332f636d646c696e65", "id": "514345933" } }
W/DroidBox(  223): DroidBox: { "FileRW": { "operation": "read", "data": "73797374656d5f736572766572000000000000000000000000000000000000000000000000000000000000000000000000000000000000000000000000000000000000000000000000000000000000000000000000000000000000000000000000000000", "id": "514345933" } }
W/dalvikvm(  223): DroidBox: { "FdAccess": { "path": "2f70726f632f3236302f636d646c696e65", "id": "1760421190" } }
W/DroidBox(  223): DroidBox: { "FileRW": { "operation": "read", "data": "73797374656d5f736572766572000000000000000000000000000000000000000000000000000000000000000000000000000000000000000000000000000000000000000000000000000000000000000000000000000000000000000000000000000000", "id": "1760421190" } }
W/dalvikvm(  223): DroidBox: { "FdAccess": { "path": "2f70726f632f3432302f636d646c696e65", "id": "1515194517" } }
W/DroidBox(  223): DroidBox: { "FileRW": { "operation": "read", "data": "636f6d2e616e64726f69642e73797374656d75690000000000000000000000000000000000000000000000000000000000000000000000000000000000000000000000000000000000000000000000000000000000000000000000000000000000000000", "id": "1515194517" } }
W/dalvikvm(  223): DroidBox: { "FdAccess": { "path": "2f70726f632f3437332f636d646c696e65", "id": "704373512" } }
W/DroidBox(  223): DroidBox: { "FileRW": { "operation": "read", "data": "636f6d2e616e64726f69642e696e7075746d6574686f642e6c6174696e0000000000000000000000000000000000000000000000000000000000000000000000000000000000000000000000000000000000000000000000000000000000000000000000", "id": "704373512" } }
W/dalvikvm(  223): DroidBox: { "FdAccess": { "path": "2f70726f632f3439302f636d646c696e65", "id": "1438221152" } }
W/DroidBox(  223): DroidBox: { "FileRW": { "operation": "read", "data": "636f6d2e616e64726f69642e70686f6e650000000000000000000000000000000000000000000000000000000000000000000000000000000000000000000000000000000000000000000000000000000000000000000000000000000000000000000000", "id": "1438221152" } }
W/dalvikvm(  223): DroidBox: { "FdAccess": { "path": "2f70726f632f3439372f636d646c696e65", "id": "478408663" } }
W/DroidBox(  223): DroidBox: { "FileRW": { "operation": "read", "data": "636f6d2e616e64726f69642e73657474696e67730000000000000000000000000000000000000000000000000000000000000000000000000000000000000000000000000000000000000000000000000000000000000000000000000000000000000000", "id": "478408663" } }
W/dalvikvm(  223): DroidBox: { "FdAccess": { "path": "2f70726f632f3533382f636d646c696e65", "id": "942522828" } }
W/DroidBox(  223): DroidBox: { "FileRW": { "operation": "read", "data": "636f6d2e616e64726f69642e70726f766973696f6e00000000000000000000000000000000000000000000000000000000000000000000000000000000000000000000000000000000000000000000000000000000000000000000000000000000000000", "id": "942522828" } }
W/dalvikvm(  223): DroidBox: { "FdAccess": { "path": "2f70726f632f3536312f636d646c696e65", "id": "1680591771" } }
W/DroidBox(  223): DroidBox: { "FileRW": { "operation": "read", "data": "636f6d2e616e64726f69642e736d7370757368000000000000000000000000000000000000000000000000000000000000000000000000000000000000000000000000000000000000000000000000000000000000000000000000000000000000000000", "id": "1680591771" } }
W/dalvikvm(  223): DroidBox: { "FdAccess": { "path": "2f70726f632f3537332f636d646c696e65", "id": "1609285575" } }
W/DroidBox(  223): DroidBox: { "FileRW": { "operation": "read", "data": "616e64726f69642e70726f636573732e61636f726500000000000000000000000000000000000000000000000000000000000000000000000000000000000000000000000000000000000000000000000000000000000000000000000000000000000000", "id": "1609285575" } }
W/dalvikvm(  223): DroidBox: { "FdAccess": { "path": "2f70726f632f3539332f636d646c696e65", "id": "1459220253" } }
W/DroidBox(  223): DroidBox: { "FileRW": { "operation": "read", "data": "636f6d2e616e64726f69642e6c61756e636865720000000000000000000000000000000000000000000000000000000000000000000000000000000000000000000000000000000000000000000000000000000000000000000000000000000000000000", "id": "1459220253" } }
W/dalvikvm(  223): DroidBox: { "FdAccess": { "path": "2f70726f632f3631342f636d646c696e65", "id": "1736554655" } }
W/DroidBox(  223): DroidBox: { "FileRW": { "operation": "read", "data": "636f6d2e616e64726f69642e63616c656e6461720000000000000000000000000000000000000000000000000000000000000000000000000000000000000000000000000000000000000000000000000000000000000000000000000000000000000000", "id": "1736554655" } }
W/dalvikvm(  223): DroidBox: { "FdAccess": { "path": "2f70726f632f3635302f636d646c696e65", "id": "258764385" } }
W/DroidBox(  223): DroidBox: { "FileRW": { "operation": "read", "data": "636f6d2e616e64726f69642e6465736b636c6f636b00000000000000000000000000000000000000000000000000000000000000000000000000000000000000000000000000000000000000000000000000000000000000000000000000000000000000", "id": "258764385" } }
W/dalvikvm(  223): DroidBox: { "FdAccess": { "path": "2f70726f632f3636372f636d646c696e65", "id": "449056243" } }
W/DroidBox(  223): DroidBox: { "FileRW": { "operation": "read", "data": "636f6d2e616e64726f69642e70726f7669646572732e63616c656e64617200000000000000000000000000000000000000000000000000000000000000000000000000000000000000000000000000000000000000000000000000000000000000000000", "id": "449056243" } }
W/dalvikvm(  223): DroidBox: { "FdAccess": { "path": "2f70726f632f3638362f636d646c696e65", "id": "496841806" } }
W/DroidBox(  223): DroidBox: { "FileRW": { "operation": "read", "data": "636f6d2e616e64726f69642e636f6e74616374730000000000000000000000000000000000000000000000000000000000000000000000000000000000000000000000000000000000000000000000000000000000000000000000000000000000000000", "id": "496841806" } }
W/dalvikvm(  223): DroidBox: { "FdAccess": { "path": "2f70726f632f3737382f636d646c696e65", "id": "1758304113" } }
W/DroidBox(  223): DroidBox: { "FileRW": { "operation": "read", "data": "616e64726f69642e70726f636573732e6d6564696100000000000000000000000000000000000000000000000000000000000000000000000000000000000000000000000000000000000000000000000000000000000000000000000000000000000000", "id": "1758304113" } }
W/dalvikvm(  223): DroidBox: { "FdAccess": { "path": "2f70726f632f3834392f636d646c696e65", "id": "526124618" } }
W/DroidBox(  223): DroidBox: { "FileRW": { "operation": "read", "data": "636f6d2e616e64726f69642e656d61696c0000000000000000000000000000000000000000000000000000000000000000000000000000000000000000000000000000000000000000000000000000000000000000000000000000000000000000000000", "id": "526124618" } }
W/dalvikvm(  223): DroidBox: { "FdAccess": { "path": "2f70726f632f3836342f636d646c696e65", "id": "1308699186" } }
W/DroidBox(  223): DroidBox: { "FileRW": { "operation": "read", "data": "636f6d2e616e64726f69642e646566636f6e7461696e657200000000000000000000000000000000000000000000000000000000000000000000000000000000000000000000000000000000000000000000000000000000000000000000000000000000", "id": "1308699186" } }
W/dalvikvm(  223): DroidBox: { "FdAccess": { "path": "2f70726f632f3838312f636d646c696e65", "id": "1970063608" } }
W/DroidBox(  223): DroidBox: { "FileRW": { "operation": "read", "data": "636f6d2e616e64726f69642e65786368616e67650000000000000000000000000000000000000000000000000000000000000000000000000000000000000000000000000000000000000000000000000000000000000000000000000000000000000000", "id": "1970063608" } }
W/dalvikvm(  223): DroidBox: { "FdAccess": { "path": "2f70726f632f3839372f636d646c696e65", "id": "567267850" } }
W/DroidBox(  223): DroidBox: { "FileRW": { "operation": "read", "data": "636f6d2e616e64726f69642e67616c6c657279336400000000000000000000000000000000000000000000000000000000000000000000000000000000000000000000000000000000000000000000000000000000000000000000000000000000000000", "id": "567267850" } }
W/dalvikvm(  223): DroidBox: { "FdAccess": { "path": "2f70726f632f3931382f636d646c696e65", "id": "649691707" } }
W/DroidBox(  223): DroidBox: { "FileRW": { "operation": "read", "data": "636f6d2e616e64726f69642e6d6d7300000000000000000000000000000000000000000000000000000000000000000000000000000000000000000000000000000000000000000000000000000000000000000000000000000000000000000000000000", "id": "649691707" } }
W/dalvikvm(  223): DroidBox: { "FdAccess": { "path": "2f70726f632f3934342f636d646c696e65", "id": "1430113894" } }
W/DroidBox(  223): DroidBox: { "FileRW": { "operation": "read", "data": "636f6d2e616e64726f69642e766f6963656469616c65720000000000000000000000000000000000000000000000000000000000000000000000000000000000000000000000000000000000000000000000000000000000000000000000000000000000", "id": "1430113894" } }
W/dalvikvm(  223): DroidBox: { "FdAccess": { "path": "2f70726f632f3937312f636d646c696e65", "id": "999435644" } }
W/DroidBox(  223): DroidBox: { "FileRW": { "operation": "read", "data": "636f6d2e616e64726f69642e717569636b736561726368626f780000000000000000000000000000000000000000000000000000000000000000000000000000000000000000000000000000000000000000000000000000000000000000000000000000", "id": "999435644" } }
W/dalvikvm(  223): DroidBox: { "FdAccess": { "path": "2f70726f632f3939312f636d646c696e65", "id": "233914902" } }
W/DroidBox(  223): DroidBox: { "FileRW": { "operation": "read", "data": "636f6d2e616e64726f69642e6d757369636678000000000000000000000000000000000000000000000000000000000000000000000000000000000000000000000000000000000000000000000000000000000000000000000000000000000000000000", "id": "233914902" } }
W/dalvikvm(  223): DroidBox: { "FdAccess": { "path": "2f70726f632f313030342f636d646c696e65", "id": "1419016604" } }
W/DroidBox(  223): DroidBox: { "FileRW": { "operation": "read", "data": "636f6d2e73766f782e7069636f000000000000000000000000000000000000000000000000000000000000000000000000000000000000000000000000000000000000000000000000000000000000000000000000000000000000000000000000000000", "id": "1419016604" } }
W/dalvikvm(  223): DroidBox: { "FdAccess": { "path": "2f70726f632f313032332f636d646c696e65", "id": "1157325339" } }
W/DroidBox(  223): DroidBox: { "FileRW": { "operation": "read", "data": "636f6d2e616e64726f69642e636f6d6d616e64732e6d6f6e6b657900000000000000000000000000000000000000000000000000000000000000000000000000000000000000000000000000000000000000000000000000000000000000000000000000", "id": "1157325339" } }
W/dalvikvm(  223): DroidBox: { "FdAccess": { "path": "2f70726f632f313032342f636d646c696e65", "id": "1347344211" } }
W/DroidBox(  223): DroidBox: { "FileRW": { "operation": "read", "data": "6c6f676361740044726f6964426f783a570064616c76696b766d3a570041637469766974794d616e616765723a49000000000000000000000000000000000000000000000000000000000000000000000000000000000000000000000000000000000000", "id": "1347344211" } }
W/dalvikvm(  223): DroidBox: { "FdAccess": { "path": "2f70726f632f313032362f636d646c696e65", "id": "1365360413" } }
W/DroidBox(  223): DroidBox: { "FileRW": { "operation": "read", "data": "2f73797374656d2f62696e2f7368002d63007368202e2f7364636172642f65786563757465537472616365496e2e736800000000000000000000000000000000000000000000000000000000000000000000000000000000000000000000000000000000", "id": "1365360413" } }
W/dalvikvm(  223): DroidBox: { "FdAccess": { "path": "2f70726f632f313032382f636d646c696e65", "id": "1782172164" } }
W/DroidBox(  223): DroidBox: { "FileRW": { "operation": "read", "data": "7368002e2f7364636172642f65786563757465537472616365496e2e736800786563757465537472616365496e2e736800000000000000000000000000000000000000000000000000000000000000000000000000000000000000000000000000000000", "id": "1782172164" } }
W/dalvikvm(  223): DroidBox: { "FdAccess": { "path": "2f70726f632f313033302f636d646c696e65", "id": "2041952192" } }
W/DroidBox(  223): DroidBox: { "FileRW": { "operation": "read", "data": "737472616365002d70003539002d66002d747446002d6f002f7364636172642f316332396233303130613265353062636130633562623435393633613734643133356164646661323036653239373835633536346663306136316631613138332e61706b", "id": "2041952192" } }
W/dalvikvm(  223): DroidBox: { "FdAccess": { "path": "2f70726f632f313034352f636d646c696e65", "id": "1089616706" } }
W/DroidBox(  223): DroidBox: { "FileRW": { "operation": "read", "data": "6f72672e657870726573736d652e6c6f76652e75690000000000000000000000000000000000000000000000000000000000000000000000000000000000000000000000000000000000000039373835633536346663306136316631613138332e61706b", "id": "1089616706" } }
W/dalvikvm(  223): DroidBox: { "FdAccess": { "path": "2f70726f632f313036312f636d646c696e65", "id": "1827052275" } }
W/DroidBox(  223): DroidBox: { "FileRW": { "operation": "read", "data": "6f72672e657870726573736d652e6c6f76652e75690000000000000000000000000000000000000000000000000000000000000000000000000000000000000000000000000000000000000039373835633536346663306136316631613138332e61706b", "id": "1827052275" } }
W/ActivityManager(  223): Launch timeout has expired, giving up wake lock!
I/Process (  223): Sending signal. PID: 573 SIG: 3
I/Process (  223): Sending signal. PID: 778 SIG: 3
I/Process (  223): Sending signal. PID: 849 SIG: 3
E/runRootCommand( 1045): Exception:Error running exec(). Command: [su] Working Directory: null Environment: null
E/runRootCommand( 1045): Exception2:null
E/MainMenu( 1045): Reportresult:result:0
E/MyInformation( 1045): MyInformation:IMEI:357242043237511
W/DroidBox( 1045): DroidBox: { "CryptoUsage": { "operation": "keyalgo", "key": "49, 50, 51, 52, 53, 54, 55, 56", "algorithm": "DES" } }
W/DroidBox( 1045): DroidBox: { "CryptoUsage": { "operation": "encryption", "algorithm": "DES", "data": "357242043237511" } }
E/MyInformation( 1045): MyInformation:IMSI:310260000000000
W/DroidBox( 1045): DroidBox: { "CryptoUsage": { "operation": "keyalgo", "key": "49, 50, 51, 52, 53, 54, 55, 56", "algorithm": "DES" } }
W/DroidBox( 1045): DroidBox: { "CryptoUsage": { "operation": "encryption", "algorithm": "DES", "data": "310260000000000" } }
E/MyInformation( 1045): MyInformation:MODELID:Full Android on Emulator
W/DroidBox( 1045): DroidBox: { "CryptoUsage": { "operation": "keyalgo", "key": "49, 50, 51, 52, 53, 54, 55, 56", "algorithm": "DES" } }
W/DroidBox( 1045): DroidBox: { "CryptoUsage": { "operation": "encryption", "algorithm": "DES", "data": "Full Android on Emulator" } }
W/ActivityManager(  223): Activity idle timeout for ActivityRecord{b3e6aad8 org.expressme.love.ui/.MainMenu}
W/DroidBox( 1045): DroidBox: { "CryptoUsage": { "operation": "keyalgo", "key": "49, 50, 51, 52, 53, 54, 55, 56", "algorithm": "DES" } }
W/DroidBox( 1045): DroidBox: { "CryptoUsage": { "operation": "encryption", "algorithm": "DES", "data": "unknown" } }
I/Process (  223): Sending signal. PID: 686 SIG: 3
E/MetadataRetrieverClient(   61): failed to extract an album art
E/ActivityManager(  223): ANR in org.expressme.love.ui (org.expressme.love.ui/.MainMenu)
E/ActivityManager(  223): Reason: keyDispatchingTimedOut
E/ActivityManager(  223): Load: 10.95 / 3.17 / 1.1
E/ActivityManager(  223): CPU usage from 1359ms to -5060ms ago:
E/ActivityManager(  223):   35% 1030/strace: 13% user + 21% kernel
E/ActivityManager(  223):   24% 223/system_server: 19% user + 5.3% kernel / faults: 735 minor 1 major
E/ActivityManager(  223):   8.4% 573/android.process.acore: 6% user + 2.3% kernel / faults: 2135 minor
E/ActivityManager(  223):   4.8% 66/adbd: 0% user + 4.8% kernel / faults: 680 minor
E/ActivityManager(  223):   2.4% 490/com.android.phone: 1.7% user + 0.7% kernel / faults: 268 minor
E/ActivityManager(  223):   4.5% 1024/logcat: 1% user + 3.4% kernel
E/ActivityManager(  223):   4.2% 778/android.process.media: 2.6% user + 1.5% kernel / faults: 153 minor
E/ActivityManager(  223):   3.9% 1045/org.expressme.love.ui: 1.2% user + 2.6% kernel / faults: 682 minor 17 major
E/ActivityManager(  223):   3.1% 61/mediaserver: 0.3% user + 2.8% kernel / faults: 1 minor
E/ActivityManager(  223):   0.1% 260/kworker/0:2: 0% user + 0.1% kernel
E/ActivityManager(  223):   0.1% 849/com.android.email: 0.1% user + 0% kernel / faults: 54 minor
E/ActivityManager(  223):   0.2% 420/com.android.systemui: 0% user + 0.2% kernel / faults: 89 minor
E/ActivityManager(  223):   0.1% 686/com.android.contacts: 0% user + 0.1% kernel / faults: 156 minor
E/ActivityManager(  223):   0% 52/servicemanager: 0% user + 0% kernel
E/ActivityManager(  223):   0% 881/com.android.exchange: 0% user + 0% kernel / faults: 162 minor
E/ActivityManager(  223): 100% TOTAL: 48% user + 50% kernel + 0.1% softirq
E/ActivityManager(  223): CPU usage from 3849ms to 4419ms later:
E/ActivityManager(  223):   33% 1030/strace: 10% user + 23% kernel
E/ActivityManager(  223):   5.3% 573/android.process.acore: 2.3% user + 2.9% kernel / faults: 669 minor
E/ActivityManager(  223):     2.9% 632/ContactsProvide: 2.9% user + 0% kernel
E/ActivityManager(  223):     2.3% 609/ApplicationsPro: 0% user + 2.3% kernel
E/ActivityManager(  223):   13% 223/system_server: 5.1% user + 8.6% kernel
E/ActivityManager(  223):     8.6% 332/InputDispatcher: 1.7% user + 6.8% kernel
E/ActivityManager(  223):     1.7% 243/PackageManager: 1.7% user + 0% kernel
E/ActivityManager(  223):     1.7% 244/FileObserver: 1.7% user + 0% kernel
E/ActivityManager(  223):     1.7% 522/Binder_3: 1.7% user + 0% kernel
E/ActivityManager(  223):   3.3% 778/android.process.media: 1.3% user + 1.9% kernel / faults: 5 minor
E/ActivityManager(  223):     3.3% 926/MediaScannerSer: 1.3% user + 1.9% kernel
E/ActivityManager(  223):   1.7% 61/mediaserver: 0% user + 1.7% kernel
E/ActivityManager(  223):     1.7% 122/Binder_1: 0.4% user + 1.3% kernel
E/ActivityManager(  223):   2% 849/com.android.email: 2% user + 0% kernel / faults: 49 minor
E/ActivityManager(  223):     2% 853/GC: 2% user + 0% kernel
E/ActivityManager(  223):   5% 1045/org.expressme.love.ui: 3.3% user + 1.6% kernel / faults: 8 minor
E/ActivityManager(  223):     5% 1050/Signal Catcher: 0% user + 5% kernel
E/ActivityManager(  223):     1.6% 1056/Binder_2: 1.6% user + 0% kernel
E/ActivityManager(  223):   0.6% 686/com.android.contacts: 0% user + 0.6% kernel / faults: 3 minor
E/ActivityManager(  223):     0.6% 702/Binder_1: 0% user + 0.6% kernel
E/ActivityManager(  223): 100% TOTAL: 35% user + 64% kernel
I/InputDispatcher(  223): Dropped event because it is stale.
W/InputManager(  223): Input event injection from pid 1023 failed.
W/dalvikvm(  223): DroidBox: { "FdAccess": { "path": "2f646174612f616e722f7472616365732e747874", "id": "1459892491" } }
W/DroidBox(  223): DroidBox: { "FileRW": { "operation": "read", "data": "0a0a2d2d2d2d2d207069642032323320617420323032342d30392d30312031383a33343a3132202d2d2d2d2d0a436d64206c696e653a2073797374656d5f7365727665720a0a44414c56494b20544852454144533a0a286d7574657865733a20746c6c3d", "id": "1459892491" } }
W/DroidBox( 1045): DroidBox: { "CryptoUsage": { "operation": "keyalgo", "key": "49, 50, 51, 52, 53, 54, 55, 56", "algorithm": "DES" } }
W/DroidBox( 1045): DroidBox: { "CryptoUsage": { "operation": "encryption", "algorithm": "DES", "data": "unknown" } }
W/DroidBox( 1045): DroidBox: { "CryptoUsage": { "operation": "keyalgo", "key": "49, 50, 51, 52, 53, 54, 55, 56", "algorithm": "DES" } }
W/DroidBox( 1045): DroidBox: { "CryptoUsage": { "operation": "encryption", "algorithm": "DES", "data": "0" } }
W/DroidBox( 1045): DroidBox: { "CryptoUsage": { "operation": "keyalgo", "key": "49, 50, 51, 52, 53, 54, 55, 56", "algorithm": "DES" } }
W/DroidBox( 1045): DroidBox: { "CryptoUsage": { "operation": "encryption", "algorithm": "DES", "data": "sghuibbs" } }
W/DroidBox( 1045): DroidBox: { "CryptoUsage": { "operation": "keyalgo", "key": "49, 50, 51, 52, 53, 54, 55, 56", "algorithm": "DES" } }
W/DroidBox( 1045): DroidBox: { "CryptoUsage": { "operation": "encryption", "algorithm": "DES", "data": "samsung_normal" } }
E/MyInformation( 1045): MyInformation:SDKversion:16
W/DroidBox( 1045): DroidBox: { "CryptoUsage": { "operation": "keyalgo", "key": "49, 50, 51, 52, 53, 54, 55, 56", "algorithm": "DES" } }
W/DroidBox( 1045): DroidBox: { "CryptoUsage": { "operation": "encryption", "algorithm": "DES", "data": "16" } }
E/MyInformation( 1045): MyInformation:versionnumber:1.03
W/DroidBox( 1045): DroidBox: { "CryptoUsage": { "operation": "keyalgo", "key": "49, 50, 51, 52, 53, 54, 55, 56", "algorithm": "DES" } }
W/DroidBox( 1045): DroidBox: { "CryptoUsage": { "operation": "encryption", "algorithm": "DES", "data": "1.03" } }
E/ApnControl( 1045): isConnect:
I/dalvikvm-heap(  223): Grow heap (frag case) to 12.423MB for 174776-byte allocation
E/MainMenu( 1045): install failed
I/dalvikvm-heap(  223): Grow heap (frag case) to 12.714MB for 393236-byte allocation
E/LoadMainURLService( 1045): doInBackground:uri:http://svr.xmstsv.com/Notice/
E/ApnControl( 1045): 
E/ApnControl( 1045): Active:
E/ApnControl( 1045): ExtraInfo=epc.tmobile.com
E/ApnControl( 1045): SubtypeName=UMTS
E/ApnControl( 1045): TypeName=mobile
E/ApnControl( 1045): SetNetworkCMWAPAvailable
E/ApnControl( 1045): getDefaultAPN:
W/BackupManagerService(  223): dataChanged but no participant pkg='com.android.providers.settings' uid=10011
E/WVMExtractor(   61): Failed to open libwvm.so
V/PhoneStatusBar(  420): setLightsOn(true)
E/ApnControl( 1045): default Apn info:1_T-Mobile US_epc.tmobile.com_null_null
I/ContactsDatabaseHelper(  573): Locale change completed in 8620ms
I/ContactsDatabaseHelper(  573): Switching to locale en_US
I/Choreographer( 1045): Skipped 72 frames!  The application may be doing too much work on its main thread.
D/gralloc_goldfish( 1045): Emulator without GPU emulation detected.
E/WVMExtractor(   61): Failed to open libwvm.so
I/Choreographer( 1045): Skipped 34 frames!  The application may be doing too much work on its main thread.
I/ActivityManager(  223): Displayed org.expressme.love.ui/.MainMenu: +15s61ms
I/Choreographer(  223): Skipped 36 frames!  The application may be doing too much work on its main thread.
I/Choreographer(  593): Skipped 41 frames!  The application may be doing too much work on its main thread.
I/Choreographer( 1045): Skipped 39 frames!  The application may be doing too much work on its main thread.
I/qtaguid (  223): Failed write_ctrl(s 0 10019) res=-1 errno=1
W/NetworkManagementSocketTagger(  223): setKernelCountSet(10019, 0) failed with errno -1
E/SocketHttpRequester( 1045): ApachedoPost:Exception 2:Unable to resolve host "svr.xmstsv.com": No address associated with hostname
I/ContactsDatabaseHelper(  573): Locale change completed in 3430ms
I/ContactsProvider(  573): Upgrading aggregation algorithm
I/ContactAggregator(  573): Marked all visible contacts for aggregation: 0 raw contacts, 4 ms
W/dalvikvm(  573): DroidBox: { "FdAccess": { "path": "2f646174612f646174612f636f6d2e616e64726f69642e70726f7669646572732e636f6e74616374732f7368617265645f70726566732f636f6d2e616e64726f69642e70726f7669646572732e636f6e74616374735f707265666572656e6365732e786d6c", "id": "996730829" } }
W/DroidBox(  573): DroidBox: { "FileRW": { "operation": "write", "data": "3c3f786d6c2076657273696f6e3d27312e302720656e636f64696e673d277574662d3827207374616e64616c6f6e653d2779657327203f3e0a3c6d61703e0a3c737472696e67206e616d653d226c6f63616c65223e656e5f55533c2f737472696e673e0a", "id": "996730829" } }
I/ContactsProvider(  573): Aggregation algorithm upgraded for 0 raw contacts in 54ms
I/ContactsFTS(  573): Rebuild contact search index in 181ms, 0 contacts
I/ActivityManager(  223): No longer want com.android.provision (pid 538): hidden #16
E/WVMExtractor(   61): Failed to open libwvm.so
E/WVMExtractor(   61): Failed to open libwvm.so
E/WVMExtractor(   61): Failed to open libwvm.so
E/WVMExtractor(   61): Failed to open libwvm.so
E/WVMExtractor(   61): Failed to open libwvm.so
E/WVMExtractor(   61): Failed to open libwvm.so
E/WVMExtractor(   61): Failed to open libwvm.so
E/WVMExtractor(   61): Failed to open libwvm.so
W/dalvikvm(  223): DroidBox: { "FdAccess": { "path": "2f70726f632f313036372f636d646c696e65", "id": "201266653" } }
W/DroidBox(  223): DroidBox: { "FileRW": { "operation": "read", "data": "70726f6372616e6b0073736d652e6c6f76652e75690000000000000000000000000000000000000000000000000000000000000000000000000000000000000000000000000000000000000039373835633536346663306136316631613138332e61706b", "id": "201266653" } }
E/WVMExtractor(   61): Failed to open libwvm.so
E/WVMExtractor(   61): Failed to open libwvm.so
E/WVMExtractor(   61): Failed to open libwvm.so
E/WVMExtractor(   61): Failed to open libwvm.so
E/WVMExtractor(   61): Failed to open libwvm.so
E/WVMExtractor(   61): Failed to open libwvm.so
E/WVMExtractor(   61): Failed to open libwvm.so
E/WVMExtractor(   61): Failed to open libwvm.so
E/WVMExtractor(   61): Failed to open libwvm.so
E/WVMExtractor(   61): Failed to open libwvm.so
E/WVMExtractor(   61): Failed to open libwvm.so
E/WVMExtractor(   61): Failed to open libwvm.so
E/WVMExtractor(   61): Failed to open libwvm.so
E/WVMExtractor(   61): Failed to open libwvm.so
E/WVMExtractor(   61): Failed to open libwvm.so
E/WVMExtractor(   61): Failed to open libwvm.so
E/WVMExtractor(   61): Failed to open libwvm.so
E/WVMExtractor(   61): Failed to open libwvm.so
E/WVMExtractor(   61): Failed to open libwvm.so
E/WVMExtractor(   61): Failed to open libwvm.so
W/dalvikvm( 1023): DroidBox: { "FdAccess": { "path": "706970653a5b343931355d", "id": "1257403628" } }
W/DroidBox( 1023): DroidBox: { "FileRW": { "operation": "read", "data": "20205049442020202020205673732020202020205273732020202020205073732020202020205573732020636d646c696e650a202035393320202035393630384b20202035393530384b20202032363834344b20202032313731364b2020636f6d2e616e", "id": "1257403628" } }
E/WVMExtractor(   61): Failed to open libwvm.so
W/dalvikvm( 1023): DroidBox: { "FdAccess": { "path": "706970653a5b343931355d", "id": "1971487047" } }
W/DroidBox( 1023): DroidBox: { "FileRW": { "operation": "read", "data": "00000000000000000000000000000000000000000000000000000000000000000000000000000000000000000000000000000000000000000000000000000000000000000000000000000000000000000000000000000000000000000000000000000000", "id": "1971487047" } }
E/WVMExtractor(   61): Failed to open libwvm.so
E/WVMExtractor(   61): Failed to open libwvm.so
E/WVMExtractor(   61): Failed to open libwvm.so
E/WVMExtractor(   61): Failed to open libwvm.so
E/WVMExtractor(   61): Failed to open libwvm.so
E/WVMExtractor(   61): Failed to open libwvm.so
E/WVMExtractor(   61): Failed to open libwvm.so
E/WVMExtractor(   61): Failed to open libwvm.so
E/WVMExtractor(   61): Failed to open libwvm.so
E/WVMExtractor(   61): Failed to open libwvm.so
E/WVMExtractor(   61): Failed to open libwvm.so
E/WVMExtractor(   61): Failed to open libwvm.so
E/WVMExtractor(   61): Failed to open libwvm.so
E/WVMExtractor(   61): Failed to open libwvm.so
E/WVMExtractor(   61): Failed to open libwvm.so
E/WVMExtractor(   61): Failed to open libwvm.so
E/WVMExtractor(   61): Failed to open libwvm.so
E/WVMExtractor(   61): Failed to open libwvm.so
