W/dalvikvm(  946): DroidBox: { "FdAccess": { "path": "2f6465762f696e7075742f6576656e7430", "id": "1259168617" } }
W/InputManager(  231): Input event injection from pid 946 failed.
W/DroidBox(  946): DroidBox: { "FileRW": { "operation": "write", "data": "efbfbd060000efbfbdefbfbd0c000500000000000000", "id": "1259168617" } }
I/Choreographer(  981): Skipped 126 frames!  The application may be doing too much work on its main thread.
I/ActivityManager(  231): START {act=android.intent.action.MAIN cat=[android.intent.category.HOME] flg=0x10200000 cmp=com.android.launcher/com.android.launcher2.Launcher u=0} from pid 231
I/Choreographer(  981): Skipped 47 frames!  The application may be doing too much work on its main thread.
I/Choreographer(  480): Skipped 172 frames!  The application may be doing too much work on its main thread.
I/InputDispatcher(  231): Dropped event because of pending overdue app switch.
W/InputManager(  231): Input event injection from pid 946 failed.
I/ActivityManager(  231): START {act=android.intent.action.MAIN cat=[android.intent.category.LAUNCHER] flg=0x10200000 cmp=com.soft.android.appinstaller/.FirstActivity u=0} from pid 946
I/Choreographer(  480): Skipped 55 frames!  The application may be doing too much work on its main thread.
E/WVMExtractor(   62): Failed to open libwvm.so
V/PhoneStatusBar(  426): setLightsOn(true)
I/Choreographer(  981): Skipped 52 frames!  The application may be doing too much work on its main thread.
W/InputMethodManagerService(  231): Window already focused, ignoring focus gain of: com.android.internal.view.IInputMethodClient$Stub$Proxy@b42d4dd0 attribute=null
E/WVMExtractor(   62): Failed to open libwvm.so
E/WVMExtractor(   62): Failed to open libwvm.so
E/WVMExtractor(   62): Failed to open libwvm.so
I/InputAttributes(  480): InputType.TYPE_NULL is specified
D/InputEventConsistencyVerifier(  981): KeyEvent: ACTION_UP but key was not down.
D/InputEventConsistencyVerifier(  981):   in android.widget.LinearLayout@b3f32620
D/InputEventConsistencyVerifier(  981):   0: sent at 195025000000, KeyEvent { action=ACTION_UP, keyCode=KEYCODE_DPAD_RIGHT, scanCode=0, metaState=0, flags=0x8, repeatCount=0, eventTime=195025, downTime=195025, deviceId=-1, source=0x101 }
D/InputEventConsistencyVerifier(  981):   -- recent events --
D/InputEventConsistencyVerifier(  981):   1: sent at 190473000000, (unhandled) KeyEvent { action=ACTION_DOWN, keyCode=KEYCODE_DPAD_UP, scanCode=0, metaState=0, flags=0x8, repeatCount=0, eventTime=190473, downTime=190473, deviceId=-1, source=0x101 }
D/InputEventConsistencyVerifier(  981):   2: sent at 190378000000, KeyEvent { action=ACTION_UP, keyCode=KEYCODE_DPAD_CENTER, scanCode=0, metaState=0, flags=0x8, repeatCount=0, eventTime=190378, downTime=190378, deviceId=-1, source=0x101 }
D/InputEventConsistencyVerifier(  981):   3: sent at 190251000000, KeyEvent { action=ACTION_DOWN, keyCode=KEYCODE_DPAD_CENTER, scanCode=0, metaState=0, flags=0x8, repeatCount=0, eventTime=190251, downTime=190251, deviceId=-1, source=0x101 }
D/InputEventConsistencyVerifier(  981):   4: sent at 190042000000, (unhandled) KeyEvent { action=ACTION_UP, keyCode=KEYCODE_MEDIA_PLAY, scanCode=0, metaState=0, flags=0x8, repeatCount=0, eventTime=190042, downTime=190042, deviceId=-1, source=0x101 }
D/InputEventConsistencyVerifier(  981):   5: sent at 190039000000, (unhandled) KeyEvent { action=ACTION_UP, keyCode=KEYCODE_L, scanCode=0, metaState=0, flags=0x0, repeatCount=0, eventTime=190039, downTime=190039, deviceId=-1, source=0x101 }
I/Choreographer(  480): Skipped 73 frames!  The application may be doing too much work on its main thread.
E/WVMExtractor(   62): Failed to open libwvm.so
D/InputEventConsistencyVerifier(  981): KeyEvent: ACTION_UP but key was not down.
D/InputEventConsistencyVerifier(  981):   in android.widget.Button@b3ee6980
D/InputEventConsistencyVerifier(  981):   0: sent at 196507000000, KeyEvent { action=ACTION_UP, keyCode=KEYCODE_DPAD_LEFT, scanCode=0, metaState=0, flags=0x8, repeatCount=0, eventTime=196507, downTime=196507, deviceId=-1, source=0x101 }
D/InputEventConsistencyVerifier(  981):   -- recent events --
D/InputEventConsistencyVerifier(  981):   1: sent at 185138000000, MotionEvent { action=ACTION_UP, id[0]=0, x[0]=-6.0, y[0]=-7.0, toolType[0]=TOOL_TYPE_UNKNOWN, buttonState=0, metaState=0, flags=0x0, edgeFlags=0x0, pointerCount=1, historySize=0, eventTime=185138, downTime=185075, deviceId=0, source=0x1002 }
D/InputEventConsistencyVerifier(  981):   2: sent at 185136000000, MotionEvent { action=ACTION_MOVE, id[0]=0, x[0]=7.0, y[0]=3.0, toolType[0]=TOOL_TYPE_UNKNOWN, buttonState=0, metaState=0, flags=0x0, edgeFlags=0x0, pointerCount=1, historySize=7, eventTime=185136, downTime=185075, deviceId=0, source=0x1002 }
D/InputEventConsistencyVerifier(  981):   3: sent at 185078000000, MotionEvent { action=ACTION_DOWN, id[0]=0, x[0]=107.0, y[0]=64.0, toolType[0]=TOOL_TYPE_UNKNOWN, buttonState=0, metaState=0, flags=0x0, edgeFlags=0x0, pointerCount=1, historySize=0, eventTime=185078, downTime=185075, deviceId=0, source=0x1002 }
D/InputEventConsistencyVerifier(  981):   4: sent at 164969000000, KeyEvent { action=ACTION_UP, keyCode=KEYCODE_DPAD_CENTER, scanCode=0, metaState=0, flags=0x8, repeatCount=0, eventTime=164969, downTime=164969, deviceId=-1, source=0x101 }
D/InputEventConsistencyVerifier(  981):   5: sent at 164872000000, KeyEvent { action=ACTION_DOWN, keyCode=KEYCODE_DPAD_CENTER, scanCode=0, metaState=0, flags=0x8, repeatCount=0, eventTime=164872, downTime=164872, deviceId=-1, source=0x101 }
I/InputAttributes(  480): InputType.TYPE_NULL is specified
I/Choreographer(  480): Skipped 74 frames!  The application may be doing too much work on its main thread.
I/Choreographer(  480): Skipped 35 frames!  The application may be doing too much work on its main thread.
I/ActivityManager(  231): START {act=android.intent.action.CALL_BUTTON flg=0x10000000 cmp=com.android.contacts/.activities.DialtactsActivity u=0} from pid 981
E/WVMExtractor(   62): Failed to open libwvm.so
I/Choreographer(  981): Skipped 98 frames!  The application may be doing too much work on its main thread.
V/PhoneStatusBar(  426): setLightsOn(true)
I/Choreographer(  981): Skipped 61 frames!  The application may be doing too much work on its main thread.
W/InputMethodManagerService(  231): Window already focused, ignoring focus gain of: com.android.internal.view.IInputMethodClient$Stub$Proxy@b3ff06d8 attribute=null
W/InputManager(  231): Input event injection from pid 946 failed.
W/InputManager(  231): Input event injection from pid 946 failed.
W/InputManager(  231): Input event injection from pid 946 failed.
W/InputManager(  231): Input event injection from pid 946 failed.
W/InputManager(  231): Input event injection from pid 946 failed.
I/Choreographer(  981): Skipped 31 frames!  The application may be doing too much work on its main thread.
D/InputEventConsistencyVerifier(  426): KeyEvent: ACTION_UP but key was not down.
D/InputEventConsistencyVerifier(  426):   in com.android.systemui.statusbar.phone.StatusBarWindowView@b3dd61d8
D/InputEventConsistencyVerifier(  426):   0: sent at 198801000000, KeyEvent { action=ACTION_UP, keyCode=KEYCODE_DPAD_DOWN, scanCode=0, metaState=0, flags=0x8, repeatCount=0, eventTime=198801, downTime=198801, deviceId=-1, source=0x101 }
D/InputEventConsistencyVerifier(  426):   -- recent events --
D/InputEventConsistencyVerifier(  426):   1: sent at 198667000000, MotionEvent { action=ACTION_UP, id[0]=0, x[0]=86.0, y[0]=5.0, toolType[0]=TOOL_TYPE_UNKNOWN, buttonState=0, metaState=0, flags=0x0, edgeFlags=0x0, pointerCount=1, historySize=0, eventTime=198667, downTime=198623, deviceId=0, source=0x1002 }
D/InputEventConsistencyVerifier(  426):   2: sent at 198623000000, MotionEvent { action=ACTION_DOWN, id[0]=0, x[0]=78.0, y[0]=13.0, toolType[0]=TOOL_TYPE_UNKNOWN, buttonState=0, metaState=0, flags=0x0, edgeFlags=0x0, pointerCount=1, historySize=0, eventTime=198623, downTime=198623, deviceId=0, source=0x1002 }
D/InputEventConsistencyVerifier(  426):   3: sent at 145150000000, (unhandled) KeyEvent { action=ACTION_UP, keyCode=KEYCODE_DPAD_DOWN, scanCode=0, metaState=0, flags=0x8, repeatCount=0, eventTime=145150, downTime=145150, deviceId=-1, source=0x101 }
D/InputEventConsistencyVerifier(  426):   4: sent at 145028000000, (unhandled) KeyEvent { action=ACTION_DOWN, keyCode=KEYCODE_DPAD_DOWN, scanCode=0, metaState=0, flags=0x8, repeatCount=0, eventTime=145028, downTime=145028, deviceId=-1, source=0x101 }
D/InputEventConsistencyVerifier(  426):   5: sent at 145014000000, (unhandled) KeyEvent { action=ACTION_UP, keyCode=KEYCODE_VOLUME_DOWN, scanCode=0, metaState=0, flags=0x28, repeatCount=0, eventTime=145014, downTime=144719, deviceId=-1, source=0x101 }
D/InputEventConsistencyVerifier(  426): KeyEvent: ACTION_UP but key was not down.
D/InputEventConsistencyVerifier(  426):   in android.widget.FrameLayout@b3df5d28
D/InputEventConsistencyVerifier(  426):   0: sent at 199048000000, KeyEvent { action=ACTION_UP, keyCode=KEYCODE_DPAD_DOWN, scanCode=0, metaState=0, flags=0x8, repeatCount=0, eventTime=199048, downTime=199048, deviceId=-1, source=0x101 }
D/InputEventConsistencyVerifier(  426):   -- recent events --
D/InputEventConsistencyVerifier(  426):   1: sent at 145150000000, (unhandled) KeyEvent { action=ACTION_UP, keyCode=KEYCODE_DPAD_DOWN, scanCode=0, metaState=0, flags=0x80000008, repeatCount=0, eventTime=145150, downTime=145150, deviceId=-1, source=0x101 }
D/InputEventConsistencyVerifier(  426):   2: sent at 144638000000, (unhandled) KeyEvent { action=ACTION_UP, keyCode=KEYCODE_DPAD_RIGHT, scanCode=0, metaState=0, flags=0x8, repeatCount=0, eventTime=144638, downTime=144638, deviceId=-1, source=0x101 }
D/InputEventConsistencyVerifier(  426):   3: sent at 144590000000, (unhandled) KeyEvent { action=ACTION_DOWN, keyCode=KEYCODE_DPAD_RIGHT, scanCode=0, metaState=0, flags=0x8, repeatCount=0, eventTime=144590, downTime=144590, deviceId=-1, source=0x101 }
D/InputEventConsistencyVerifier(  426):   4: sent at 144480000000, (unhandled) KeyEvent { action=ACTION_UP, keyCode=KEYCODE_DPAD_DOWN, scanCode=0, metaState=0, flags=0x80000008, repeatCount=0, eventTime=144480, downTime=144480, deviceId=-1, source=0x101 }
D/InputEventConsistencyVerifier(  426):   5: sent at 137853000000, MotionEvent { action=ACTION_UP, id[0]=0, x[0]=289.0, y[0]=676.0, toolType[0]=TOOL_TYPE_UNKNOWN, buttonState=0, metaState=0, flags=0x0, edgeFlags=0x0, pointerCount=1, historySize=0, eventTime=137853, downTime=137483, deviceId=0, source=0x1002 }
W/dalvikvm(  426): DroidBox: { "FdAccess": { "path": "2f70726f632f6d656d696e666f", "id": "1816769191" } }
W/DroidBox(  426): DroidBox: { "FileRW": { "operation": "read", "data": "4d656d546f74616c3a202020202020202020373438393634206b420a4d656d467265653a20202020202020202020343433343038206b420a427566666572733a20202020202020202020202035343834206b420a4361636865643a202020202020202020", "id": "1816769191" } }
I/Choreographer(  426): Skipped 92 frames!  The application may be doing too much work on its main thread.
W/dalvikvm(  426): DroidBox: { "FdAccess": { "path": "2f70726f632f6d656d696e666f", "id": "1235665080" } }
W/DroidBox(  426): DroidBox: { "FileRW": { "operation": "read", "data": "4d656d546f74616c3a202020202020202020373438393634206b420a4d656d467265653a20202020202020202020343431393238206b420a427566666572733a20202020202020202020202035343834206b420a4361636865643a202020202020202020", "id": "1235665080" } }
D/PhoneStatusBar(  426): disable: < expand icons alerts TICKER* system_info back home recent clock >
D/InputEventConsistencyVerifier(  426): TouchEvent: ACTION_DOWN but pointers are already down.  Probably missing ACTION_UP from previous gesture.
D/InputEventConsistencyVerifier(  426):   in android.view.ScaleGestureDetector@b3e76a28
D/InputEventConsistencyVerifier(  426):   0: sent at 199310000000, MotionEvent { action=ACTION_DOWN, id[0]=0, x[0]=1.0, y[0]=186.0, toolType[0]=TOOL_TYPE_UNKNOWN, buttonState=0, metaState=0, flags=0x0, edgeFlags=0x0, pointerCount=1, historySize=0, eventTime=199310, downTime=199309, deviceId=0, source=0x1002 }
D/InputEventConsistencyVerifier(  426):   -- recent events --
D/InputEventConsistencyVerifier(  426):   1: sent at 199240000000, MotionEvent { action=ACTION_DOWN, id[0]=0, x[0]=9.0, y[0]=725.0, toolType[0]=TOOL_TYPE_UNKNOWN, buttonState=0, metaState=0, flags=0x0, edgeFlags=0x0, pointerCount=1, historySize=0, eventTime=199240, downTime=199240, deviceId=0, source=0x1002 }
D/InputEventConsistencyVerifier(  426):   2: sent at 198667000000, MotionEvent { action=ACTION_UP, id[0]=0, x[0]=86.0, y[0]=5.0, toolType[0]=TOOL_TYPE_UNKNOWN, buttonState=0, metaState=0, flags=0x0, edgeFlags=0x0, pointerCount=1, historySize=0, eventTime=198667, downTime=198623, deviceId=0, source=0x1002 }
D/InputEventConsistencyVerifier(  426):   3: sent at 198623000000, MotionEvent { action=ACTION_DOWN, id[0]=0, x[0]=78.0, y[0]=13.0, toolType[0]=TOOL_TYPE_UNKNOWN, buttonState=0, metaState=0, flags=0x0, edgeFlags=0x0, pointerCount=1, historySize=0, eventTime=198623, downTime=198623, deviceId=0, source=0x1002 }
D/InputEventConsistencyVerifier(  426):   4: sent at 144067000000, MotionEvent { action=ACTION_UP, id[0]=0, x[0]=376.0, y[0]=48.0, toolType[0]=TOOL_TYPE_UNKNOWN, buttonState=0, metaState=0, flags=0x0, edgeFlags=0x0, pointerCount=1, historySize=0, eventTime=144067, downTime=144044, deviceId=0, source=0x1002 }
D/InputEventConsistencyVerifier(  426):   5: sent at 144062000000, MotionEvent { action=ACTION_POINTER_UP(1), id[0]=0, x[0]=358.0, y[0]=39.0, toolType[0]=TOOL_TYPE_UNKNOWN, id[1]=1, x[1]=456.0, y[1]=43.0, toolType[1]=TOOL_TYPE_UNKNOWN, buttonState=0, metaState=0, flags=0x0, edgeFlags=0x0, pointerCount=2, historySize=0, eventTime=144062, downTime=144044, deviceId=0, source=0x1002 }
I/Choreographer(  426): Skipped 59 frames!  The application may be doing too much work on its main thread.
V/PhoneStatusBar(  426): setLightsOn(true)
D/PhoneStatusBar(  426): disable: < expand icons alerts ticker* system_info back home recent clock >
W/InputMethodManagerService(  231): Window already focused, ignoring focus gain of: com.android.internal.view.IInputMethodClient$Stub$Proxy@b41e2160 attribute=android.view.inputmethod.EditorInfo@b3fe2ac8
I/InputAttributes(  480): InputType.TYPE_NULL is specified
I/Choreographer(  981): Skipped 52 frames!  The application may be doing too much work on its main thread.
V/log     (  981): Next
I/ActivityManager(  231): START {act=android.intent.action.VIEW dat=http://dl.mobiicq.ru/get/5BqLe cmp=com.android.browser/.BrowserActivity u=0} from pid 981
E/WVMExtractor(   62): Failed to open libwvm.so
I/Choreographer(  981): Skipped 32 frames!  The application may be doing too much work on its main thread.
I/Choreographer(  480): Skipped 114 frames!  The application may be doing too much work on its main thread.
I/Choreographer(  480): Skipped 68 frames!  The application may be doing too much work on its main thread.
D/InputEventConsistencyVerifier(  981): KeyEvent: ACTION_UP but key was not down.
D/InputEventConsistencyVerifier(  981):   in com.android.internal.policy.impl.PhoneWindow$DecorView@b3dfee38
D/InputEventConsistencyVerifier(  981):   0: sent at 199525000000, KeyEvent { action=ACTION_UP, keyCode=KEYCODE_DPAD_DOWN, scanCode=0, metaState=0, flags=0x400, repeatCount=0, eventTime=199525, downTime=199525, deviceId=-1, source=0x101 }
D/InputEventConsistencyVerifier(  981):   -- recent events --
D/InputEventConsistencyVerifier(  981):   1: sent at 198851000000, (unhandled) KeyEvent { action=ACTION_UP, keyCode=KEYCODE_U, scanCode=0, metaState=0, flags=0x0, repeatCount=0, eventTime=198851, downTime=198851, deviceId=-1, source=0x101 }
D/InputEventConsistencyVerifier(  981):   2: sent at 198851000000, KeyEvent { action=ACTION_DOWN, keyCode=KEYCODE_U, scanCode=0, metaState=0, flags=0x0, repeatCount=0, eventTime=198851, downTime=198851, deviceId=-1, source=0x101 }
D/InputEventConsistencyVerifier(  981):   3: sent at 198547000000, (unhandled) MotionEvent { action=ACTION_MOVE, id[0]=0, x[0]=1.0, y[0]=2.0, toolType[0]=TOOL_TYPE_UNKNOWN, buttonState=0, metaState=0, flags=0x0, edgeFlags=0x0, pointerCount=1, historySize=9, eventTime=198547, downTime=-1, deviceId=0, source=0x10004 }
D/InputEventConsistencyVerifier(  981):   4: sent at 198459000000, MotionEvent { action=ACTION_UP, id[0]=0, x[0]=289.0, y[0]=430.0, toolType[0]=TOOL_TYPE_UNKNOWN, buttonState=0, metaState=0, flags=0x0, edgeFlags=0x0, pointerCount=1, historySize=0, eventTime=198459, downTime=198425, deviceId=0, source=0x1002 }
D/InputEventConsistencyVerifier(  981):   5: sent at 198457000000, MotionEvent { action=ACTION_MOVE, id[0]=0, x[0]=296.0, y[0]=419.0, toolType[0]=TOOL_TYPE_UNKNOWN, buttonState=0, metaState=0, flags=0x0, edgeFlags=0x0, pointerCount=1, historySize=0, eventTime=198457, downTime=198425, deviceId=0, source=0x1002 }
E/WVMExtractor(   62): Failed to open libwvm.so
E/WVMExtractor(   62): Failed to open libwvm.so
E/WVMExtractor(   62): Failed to open libwvm.so
E/WVMExtractor(   62): Failed to open libwvm.so
E/WVMExtractor(   62): Failed to open libwvm.so
I/InputAttributes(  480): InputType.TYPE_NULL is specified
D/InputEventConsistencyVerifier(  981): KeyEvent: ACTION_UP but key was not down.
D/InputEventConsistencyVerifier(  981):   in android.widget.LinearLayout@b3f32620
D/InputEventConsistencyVerifier(  981):   0: sent at 202622000000, KeyEvent { action=ACTION_UP, keyCode=KEYCODE_DPAD_RIGHT, scanCode=0, metaState=0, flags=0x400, repeatCount=0, eventTime=202622, downTime=202622, deviceId=-1, source=0x101 }
D/InputEventConsistencyVerifier(  981):   -- recent events --
D/InputEventConsistencyVerifier(  981):   1: sent at 198459000000, MotionEvent { action=ACTION_UP, id[0]=0, x[0]=289.0, y[0]=20.0, toolType[0]=TOOL_TYPE_UNKNOWN, buttonState=0, metaState=0, flags=0x0, edgeFlags=0x0, pointerCount=1, historySize=0, eventTime=198459, downTime=198425, deviceId=0, source=0x1002 }
D/InputEventConsistencyVerifier(  981):   2: sent at 198457000000, MotionEvent { action=ACTION_MOVE, id[0]=0, x[0]=296.0, y[0]=9.0, toolType[0]=TOOL_TYPE_UNKNOWN, buttonState=0, metaState=0, flags=0x0, edgeFlags=0x0, pointerCount=1, historySize=0, eventTime=198457, downTime=198425, deviceId=0, source=0x1002 }
D/InputEventConsistencyVerifier(  981):   3: sent at 198426000000, MotionEvent { action=ACTION_DOWN, id[0]=0, x[0]=298.0, y[0]=8.0, toolType[0]=TOOL_TYPE_UNKNOWN, buttonState=0, metaState=0, flags=0x0, edgeFlags=0x0, pointerCount=1, historySize=0, eventTime=198426, downTime=198425, deviceId=0, source=0x1002 }
D/InputEventConsistencyVerifier(  981):   4: sent at 197350000000, (unhandled) KeyEvent { action=ACTION_UP, keyCode=KEYCODE_T, scanCode=0, metaState=0, flags=0x0, repeatCount=0, eventTime=197350, downTime=197350, deviceId=-1, source=0x101 }
D/InputEventConsistencyVerifier(  981):   5: sent at 197350000000, (unhandled) KeyEvent { action=ACTION_DOWN, keyCode=KEYCODE_T, scanCode=0, metaState=0, flags=0x0, repeatCount=0, eventTime=197350, downTime=197350, deviceId=-1, source=0x101 }
I/Choreographer(  480): Skipped 71 frames!  The application may be doing too much work on its main thread.
E/WVMExtractor(   62): Failed to open libwvm.so
E/WVMExtractor(   62): Failed to open libwvm.so
D/InputEventConsistencyVerifier(  981): KeyEvent: ACTION_UP but key was not down.
D/InputEventConsistencyVerifier(  981):   in android.widget.TextView@b3f2bba0
D/InputEventConsistencyVerifier(  981):   0: sent at 203485000000, KeyEvent { action=ACTION_UP, keyCode=KEYCODE_DPAD_UP, scanCode=0, metaState=0, flags=0x400, repeatCount=0, eventTime=203485, downTime=203485, deviceId=-1, source=0x101 }
D/InputEventConsistencyVerifier(  981):   -- recent events --
D/InputEventConsistencyVerifier(  981):   1: sent at 202622000000, (unhandled) KeyEvent { action=ACTION_DOWN, keyCode=KEYCODE_DPAD_RIGHT, scanCode=0, metaState=0, flags=0x400, repeatCount=0, eventTime=202622, downTime=202622, deviceId=-1, source=0x101 }
D/InputEventConsistencyVerifier(  981):   2: sent at 202196000000, (unhandled) KeyEvent { action=ACTION_UP, keyCode=KEYCODE_DPAD_CENTER, scanCode=0, metaState=0, flags=0x8, repeatCount=0, eventTime=202196, downTime=202196, deviceId=-1, source=0x101 }
D/InputEventConsistencyVerifier(  981):   3: sent at 202480000000, MotionEvent { action=ACTION_MOVE, id[0]=0, x[0]=3.0, y[0]=-1.0, toolType[0]=TOOL_TYPE_UNKNOWN, buttonState=0, metaState=0, flags=0x0, edgeFlags=0x0, pointerCount=1, historySize=1, eventTime=202480, downTime=-1, deviceId=0, source=0x10004 }
D/InputEventConsistencyVerifier(  981):   4: sent at 202196000000, (unhandled) KeyEvent { action=ACTION_UP, keyCode=KEYCODE_BUTTON_8, scanCode=0, metaState=0, flags=0x8, repeatCount=0, eventTime=202196, downTime=202196, deviceId=-1, source=0x101 }
D/InputEventConsistencyVerifier(  981):   5: sent at 202127000000, KeyEvent { action=ACTION_DOWN, keyCode=KEYCODE_DPAD_CENTER, scanCode=0, metaState=0, flags=0x8, repeatCount=0, eventTime=202127, downTime=202127, deviceId=-1, source=0x101 }
I/Choreographer(  480): Skipped 172 frames!  The application may be doing too much work on its main thread.
E/WVMExtractor(   62): Failed to open libwvm.so
I/Choreographer(  981): Skipped 33 frames!  The application may be doing too much work on its main thread.
I/Choreographer(  981): Skipped 45 frames!  The application may be doing too much work on its main thread.
I/Choreographer(  981): Skipped 51 frames!  The application may be doing too much work on its main thread.
E/WVMExtractor(   62): Failed to open libwvm.so
V/PhoneStatusBar(  426): setLightsOn(true)
W/InputMethodManagerService(  231): Window already focused, ignoring focus gain of: com.android.internal.view.IInputMethodClient$Stub$Proxy@b4206230 attribute=android.view.inputmethod.EditorInfo@b3fc3140
I/InputAttributes(  480): InputType.TYPE_NULL is specified
I/Choreographer(  981): Skipped 69 frames!  The application may be doing too much work on its main thread.
I/Choreographer(  480): Skipped 131 frames!  The application may be doing too much work on its main thread.
D/InputEventConsistencyVerifier(  981): KeyEvent: ACTION_UP but key was not down.
D/InputEventConsistencyVerifier(  981):   in com.android.internal.policy.impl.PhoneWindow$DecorView@b3dfee38
D/InputEventConsistencyVerifier(  981):   0: sent at 206686000000, KeyEvent { action=ACTION_UP, keyCode=KEYCODE_DPAD_CENTER, scanCode=0, metaState=0, flags=0x8, repeatCount=0, eventTime=206686, downTime=206686, deviceId=-1, source=0x101 }
D/InputEventConsistencyVerifier(  981):   -- recent events --
D/InputEventConsistencyVerifier(  981):   1: sent at 206563000000, MotionEvent { action=ACTION_UP, id[0]=0, x[0]=427.0, y[0]=270.0, toolType[0]=TOOL_TYPE_UNKNOWN, buttonState=0, metaState=0, flags=0x0, edgeFlags=0x0, pointerCount=1, historySize=0, eventTime=206563, downTime=206547, deviceId=0, source=0x1002 }
D/InputEventConsistencyVerifier(  981):   2: sent at 206547000000, MotionEvent { action=ACTION_DOWN, id[0]=0, x[0]=423.0, y[0]=272.0, toolType[0]=TOOL_TYPE_UNKNOWN, buttonState=0, metaState=0, flags=0x0, edgeFlags=0x0, pointerCount=1, historySize=0, eventTime=206547, downTime=206547, deviceId=0, source=0x1002 }
D/InputEventConsistencyVerifier(  981):   3: sent at 203504000000, (unhandled) KeyEvent { action=ACTION_UP, keyCode=KEYCODE_MENU, scanCode=0, metaState=0, flags=0x8, repeatCount=0, eventTime=203504, downTime=203504, deviceId=-1, source=0x101 }
D/InputEventConsistencyVerifier(  981):   4: sent at 202541000000, (unhandled) KeyEvent { action=ACTION_DOWN, keyCode=KEYCODE_MENU, scanCode=0, metaState=0, flags=0x8, repeatCount=0, eventTime=202541, downTime=202541, deviceId=-1, source=0x101 }
D/InputEventConsistencyVerifier(  981):   5: sent at 203488000000, (unhandled) KeyEvent { action=ACTION_UP, keyCode=KEYCODE_DPAD_UP, scanCode=0, metaState=0, flags=0x400, repeatCount=0, eventTime=203488, downTime=203488, deviceId=-1, source=0x101 }
I/Choreographer(  480): Skipped 76 frames!  The application may be doing too much work on its main thread.
E/WVMExtractor(   62): Failed to open libwvm.so
D/InputEventConsistencyVerifier(  426): TouchEvent: ACTION_DOWN but pointers are already down.  Probably missing ACTION_UP from previous gesture.
D/InputEventConsistencyVerifier(  426):   in android.view.ScaleGestureDetector@b3e76a28
D/InputEventConsistencyVerifier(  426):   0: sent at 207906000000, MotionEvent { action=ACTION_DOWN, id[0]=0, x[0]=437.0, y[0]=19.0, toolType[0]=TOOL_TYPE_UNKNOWN, buttonState=0, metaState=0, flags=0x0, edgeFlags=0x0, pointerCount=1, historySize=0, eventTime=207906, downTime=207905, deviceId=0, source=0x1002 }
D/InputEventConsistencyVerifier(  426):   -- recent events --
D/InputEventConsistencyVerifier(  426):   1: sent at 199310000000, MotionEvent { action=ACTION_DOWN, id[0]=0, x[0]=1.0, y[0]=186.0, toolType[0]=TOOL_TYPE_UNKNOWN, buttonState=0, metaState=0, flags=0x80000000, edgeFlags=0x0, pointerCount=1, historySize=0, eventTime=199310, downTime=199309, deviceId=0, source=0x1002 }
D/InputEventConsistencyVerifier(  426):   2: sent at 199240000000, MotionEvent { action=ACTION_DOWN, id[0]=0, x[0]=9.0, y[0]=725.0, toolType[0]=TOOL_TYPE_UNKNOWN, buttonState=0, metaState=0, flags=0x0, edgeFlags=0x0, pointerCount=1, historySize=0, eventTime=199240, downTime=199240, deviceId=0, source=0x1002 }
D/InputEventConsistencyVerifier(  426):   3: sent at 198667000000, MotionEvent { action=ACTION_UP, id[0]=0, x[0]=86.0, y[0]=5.0, toolType[0]=TOOL_TYPE_UNKNOWN, buttonState=0, metaState=0, flags=0x0, edgeFlags=0x0, pointerCount=1, historySize=0, eventTime=198667, downTime=198623, deviceId=0, source=0x1002 }
D/InputEventConsistencyVerifier(  426):   4: sent at 198623000000, MotionEvent { action=ACTION_DOWN, id[0]=0, x[0]=78.0, y[0]=13.0, toolType[0]=TOOL_TYPE_UNKNOWN, buttonState=0, metaState=0, flags=0x0, edgeFlags=0x0, pointerCount=1, historySize=0, eventTime=198623, downTime=198623, deviceId=0, source=0x1002 }
D/InputEventConsistencyVerifier(  426):   5: sent at 144067000000, MotionEvent { action=ACTION_UP, id[0]=0, x[0]=376.0, y[0]=48.0, toolType[0]=TOOL_TYPE_UNKNOWN, buttonState=0, metaState=0, flags=0x0, edgeFlags=0x0, pointerCount=1, historySize=0, eventTime=144067, downTime=144044, deviceId=0, source=0x1002 }
I/Choreographer(  981): Skipped 34 frames!  The application may be doing too much work on its main thread.
D/InputEventConsistencyVerifier(  426): KeyEvent: ACTION_UP but key was not down.
D/InputEventConsistencyVerifier(  426):   in android.view.ViewRootImpl@b3e67cd8
D/InputEventConsistencyVerifier(  426):   0: sent at 208007000000, KeyEvent { action=ACTION_UP, keyCode=KEYCODE_DPAD_LEFT, scanCode=0, metaState=0, flags=0x8, repeatCount=0, eventTime=208007, downTime=208007, deviceId=-1, source=0x101 }
D/InputEventConsistencyVerifier(  426):   -- recent events --
D/InputEventConsistencyVerifier(  426):   1: sent at 207973000000, MotionEvent { action=ACTION_UP, id[0]=0, x[0]=436.0, y[0]=19.0, toolType[0]=TOOL_TYPE_UNKNOWN, buttonState=0, metaState=0, flags=0x0, edgeFlags=0x0, pointerCount=1, historySize=0, eventTime=207973, downTime=207905, deviceId=0, source=0x1002 }
D/InputEventConsistencyVerifier(  426):   2: sent at 207906000000, MotionEvent { action=ACTION_DOWN, id[0]=0, x[0]=437.0, y[0]=19.0, toolType[0]=TOOL_TYPE_UNKNOWN, buttonState=0, metaState=0, flags=0x0, edgeFlags=0x0, pointerCount=1, historySize=0, eventTime=207906, downTime=207905, deviceId=0, source=0x1002 }
D/InputEventConsistencyVerifier(  426):   3: sent at 199327000000, MotionEvent { action=ACTION_UP, id[0]=0, x[0]=0.0, y[0]=231.0, toolType[0]=TOOL_TYPE_UNKNOWN, buttonState=0, metaState=0, flags=0x0, edgeFlags=0x0, pointerCount=1, historySize=0, eventTime=199327, downTime=199309, deviceId=0, source=0x1002 }
D/InputEventConsistencyVerifier(  426):   4: sent at 199325000000, MotionEvent { action=ACTION_MOVE, id[0]=0, x[0]=0.0, y[0]=215.0, toolType[0]=TOOL_TYPE_UNKNOWN, buttonState=0, metaState=0, flags=0x0, edgeFlags=0x0, pointerCount=1, historySize=2, eventTime=199325, downTime=199309, deviceId=0, source=0x1002 }
D/InputEventConsistencyVerifier(  426):   5: sent at 199310000000, MotionEvent { action=ACTION_DOWN, id[0]=0, x[0]=1.0, y[0]=186.0, toolType[0]=TOOL_TYPE_UNKNOWN, buttonState=0, metaState=0, flags=0x0, edgeFlags=0x0, pointerCount=1, historySize=0, eventTime=199310, downTime=199309, deviceId=0, source=0x1002 }
W/dalvikvm(  426): DroidBox: { "FdAccess": { "path": "2f70726f632f6d656d696e666f", "id": "339656346" } }
W/DroidBox(  426): DroidBox: { "FileRW": { "operation": "read", "data": "4d656d546f74616c3a202020202020202020373438393634206b420a4d656d467265653a20202020202020202020343432353732206b420a427566666572733a20202020202020202020202035353038206b420a4361636865643a202020202020202020", "id": "339656346" } }
I/Choreographer(  426): Skipped 75 frames!  The application may be doing too much work on its main thread.
D/InputEventConsistencyVerifier(  426): TouchEvent: ACTION_DOWN but pointers are already down.  Probably missing ACTION_UP from previous gesture.
D/InputEventConsistencyVerifier(  426):   in android.view.ScaleGestureDetector@b3e76a28
D/InputEventConsistencyVerifier(  426):   0: sent at 208351000000, MotionEvent { action=ACTION_DOWN, id[0]=0, x[0]=442.0, y[0]=618.0, toolType[0]=TOOL_TYPE_UNKNOWN, buttonState=0, metaState=0, flags=0x0, edgeFlags=0x0, pointerCount=1, historySize=0, eventTime=208351, downTime=208351, deviceId=0, source=0x1002 }
D/InputEventConsistencyVerifier(  426):   -- recent events --
D/InputEventConsistencyVerifier(  426):   1: sent at 208332000000, MotionEvent { action=ACTION_DOWN, id[0]=0, x[0]=402.0, y[0]=181.0, toolType[0]=TOOL_TYPE_UNKNOWN, buttonState=0, metaState=0, flags=0x0, edgeFlags=0x0, pointerCount=1, historySize=0, eventTime=208332, downTime=208332, deviceId=0, source=0x1002 }
D/InputEventConsistencyVerifier(  426):   2: sent at 207973000000, MotionEvent { action=ACTION_UP, id[0]=0, x[0]=436.0, y[0]=19.0, toolType[0]=TOOL_TYPE_UNKNOWN, buttonState=0, metaState=0, flags=0x0, edgeFlags=0x0, pointerCount=1, historySize=0, eventTime=207973, downTime=207905, deviceId=0, source=0x1002 }
D/InputEventConsistencyVerifier(  426):   3: sent at 207906000000, MotionEvent { action=ACTION_DOWN, id[0]=0, x[0]=437.0, y[0]=19.0, toolType[0]=TOOL_TYPE_UNKNOWN, buttonState=0, metaState=0, flags=0x80000000, edgeFlags=0x0, pointerCount=1, historySize=0, eventTime=207906, downTime=207905, deviceId=0, source=0x1002 }
D/InputEventConsistencyVerifier(  426):   4: sent at 199310000000, MotionEvent { action=ACTION_DOWN, id[0]=0, x[0]=1.0, y[0]=186.0, toolType[0]=TOOL_TYPE_UNKNOWN, buttonState=0, metaState=0, flags=0x80000000, edgeFlags=0x0, pointerCount=1, historySize=0, eventTime=199310, downTime=199309, deviceId=0, source=0x1002 }
D/InputEventConsistencyVerifier(  426):   5: sent at 199240000000, MotionEvent { action=ACTION_DOWN, id[0]=0, x[0]=9.0, y[0]=725.0, toolType[0]=TOOL_TYPE_UNKNOWN, buttonState=0, metaState=0, flags=0x0, edgeFlags=0x0, pointerCount=1, historySize=0, eventTime=199240, downTime=199240, deviceId=0, source=0x1002 }
W/dalvikvm(  426): DroidBox: { "FdAccess": { "path": "2f70726f632f6d656d696e666f", "id": "1213657745" } }
W/DroidBox(  426): DroidBox: { "FileRW": { "operation": "read", "data": "4d656d546f74616c3a202020202020202020373438393634206b420a4d656d467265653a20202020202020202020343431303834206b420a427566666572733a20202020202020202020202035353038206b420a4361636865643a202020202020202020", "id": "1213657745" } }
D/PhoneStatusBar(  426): disable: < expand icons alerts TICKER* system_info back home recent clock >
I/ActivityManager(  231): START {act=android.intent.action.MAIN cat=[android.intent.category.LAUNCHER] flg=0x10000000 cmp=com.android.calendar/.AllInOneActivity sel={act=android.intent.action.MAIN cat=[android.intent.category.APP_CALENDAR]} u=0} from pid 231
D/InputEventConsistencyVerifier(  426): KeyEvent: ACTION_UP but key was not down.
D/InputEventConsistencyVerifier(  426):   in android.view.ViewRootImpl@b3e67cd8
D/InputEventConsistencyVerifier(  426):   0: sent at 208761000000, KeyEvent { action=ACTION_UP, keyCode=KEYCODE_CALENDAR, scanCode=0, metaState=0, flags=0x8, repeatCount=0, eventTime=208761, downTime=208761, deviceId=-1, source=0x101 }
D/InputEventConsistencyVerifier(  426):   -- recent events --
D/InputEventConsistencyVerifier(  426):   1: sent at 208450000000, KeyEvent { action=ACTION_UP, keyCode=KEYCODE_NUMPAD_MULTIPLY, scanCode=0, metaState=0, flags=0x8, repeatCount=0, eventTime=208450, downTime=208450, deviceId=-1, source=0x101 }
D/InputEventConsistencyVerifier(  426):   2: sent at 208365000000, KeyEvent { action=ACTION_DOWN, keyCode=KEYCODE_NUMPAD_MULTIPLY, scanCode=0, metaState=0, flags=0x8, repeatCount=0, eventTime=208365, downTime=208365, deviceId=-1, source=0x101 }
D/InputEventConsistencyVerifier(  426):   3: sent at 208358000000, MotionEvent { action=ACTION_UP, id[0]=0, x[0]=454.0, y[0]=618.0, toolType[0]=TOOL_TYPE_UNKNOWN, buttonState=0, metaState=0, flags=0x0, edgeFlags=0x0, pointerCount=1, historySize=0, eventTime=208358, downTime=208351, deviceId=0, source=0x1002 }
D/InputEventConsistencyVerifier(  426):   4: sent at 208351000000, MotionEvent { action=ACTION_DOWN, id[0]=0, x[0]=442.0, y[0]=618.0, toolType[0]=TOOL_TYPE_UNKNOWN, buttonState=0, metaState=0, flags=0x0, edgeFlags=0x0, pointerCount=1, historySize=0, eventTime=208351, downTime=208351, deviceId=0, source=0x1002 }
D/InputEventConsistencyVerifier(  426):   5: sent at 208337000000, MotionEvent { action=ACTION_UP, id[0]=0, x[0]=385.0, y[0]=166.0, toolType[0]=TOOL_TYPE_UNKNOWN, buttonState=0, metaState=0, flags=0x0, edgeFlags=0x0, pointerCount=1, historySize=0, eventTime=208337, downTime=208332, deviceId=0, source=0x1002 }
I/Choreographer(  426): Skipped 70 frames!  The application may be doing too much work on its main thread.
D/PhoneStatusBar(  426): disable: < expand icons alerts ticker* system_info back home recent clock >
V/PhoneStatusBar(  426): setLightsOn(true)
W/InputMethodManagerService(  231): Window already focused, ignoring focus gain of: com.android.internal.view.IInputMethodClient$Stub$Proxy@b400ef68 attribute=android.view.inputmethod.EditorInfo@b400ef80
I/InputAttributes(  480): InputType.TYPE_NULL is specified
I/Choreographer(  480): Skipped 101 frames!  The application may be doing too much work on its main thread.
E/WVMExtractor(   62): Failed to open libwvm.so
I/Choreographer(  480): Skipped 83 frames!  The application may be doing too much work on its main thread.
E/WVMExtractor(   62): Failed to open libwvm.so
I/ActivityManager(  231): START {act=android.intent.action.MAIN cat=[android.intent.category.LAUNCHER] flg=0x10200000 cmp=com.soft.android.appinstaller/.FirstActivity u=0} from pid 946
I/Choreographer(  480): Skipped 48 frames!  The application may be doing too much work on its main thread.
E/WVMExtractor(   62): Failed to open libwvm.so
I/Choreographer(  981): Skipped 31 frames!  The application may be doing too much work on its main thread.
E/WVMExtractor(   62): Failed to open libwvm.so
D/InputEventConsistencyVerifier(  981): TrackballEvent: Trackball is down but pressure is not greater than 0.
D/InputEventConsistencyVerifier(  981):   in android.view.ViewRootImpl@b3f43238
D/InputEventConsistencyVerifier(  981):   0: sent at 211826000000, MotionEvent { action=ACTION_DOWN, id[0]=0, x[0]=0.0, y[0]=0.0, toolType[0]=TOOL_TYPE_UNKNOWN, buttonState=0, metaState=0, flags=0x0, edgeFlags=0x0, pointerCount=1, historySize=0, eventTime=211826, downTime=211783, deviceId=0, source=0x10004 }
D/InputEventConsistencyVerifier(  981):   -- recent events --
D/InputEventConsistencyVerifier(  981):   1: sent at 212037000000, KeyEvent { action=ACTION_UP, keyCode=KEYCODE_DPAD_DOWN, scanCode=0, metaState=0, flags=0x400, repeatCount=0, eventTime=212037, downTime=212037, deviceId=-1, source=0x101 }
D/InputEventConsistencyVerifier(  981):   2: sent at 212037000000, KeyEvent { action=ACTION_DOWN, keyCode=KEYCODE_DPAD_DOWN, scanCode=0, metaState=0, flags=0x400, repeatCount=0, eventTime=212037, downTime=212037, deviceId=-1, source=0x101 }
D/InputEventConsistencyVerifier(  981):   3: sent at 212035000000, KeyEvent { action=ACTION_UP, keyCode=KEYCODE_DPAD_DOWN, scanCode=0, metaState=0, flags=0x400, repeatCount=0, eventTime=212035, downTime=212035, deviceId=-1, source=0x101 }
D/InputEventConsistencyVerifier(  981):   4: sent at 212035000000, KeyEvent { action=ACTION_DOWN, keyCode=KEYCODE_DPAD_DOWN, scanCode=0, metaState=0, flags=0x400, repeatCount=0, eventTime=212035, downTime=212035, deviceId=-1, source=0x101 }
D/InputEventConsistencyVerifier(  981):   5: sent at 211824000000, MotionEvent { action=ACTION_MOVE, id[0]=0, x[0]=-2.0, y[0]=2.0, toolType[0]=TOOL_TYPE_UNKNOWN, buttonState=0, metaState=0, flags=0x0, edgeFlags=0x0, pointerCount=1, historySize=9, eventTime=211824, downTime=-1, deviceId=0, source=0x10004 }
E/WVMExtractor(   62): Failed to open libwvm.so
I/Choreographer(  981): Skipped 73 frames!  The application may be doing too much work on its main thread.
E/WVMExtractor(   62): Failed to open libwvm.so
I/Choreographer(  981): Skipped 129 frames!  The application may be doing too much work on its main thread.
V/PhoneStatusBar(  426): setLightsOn(true)
I/Choreographer(  981): Skipped 62 frames!  The application may be doing too much work on its main thread.
E/WVMExtractor(   62): Failed to open libwvm.so
W/InputMethodManagerService(  231): Window already focused, ignoring focus gain of: com.android.internal.view.IInputMethodClient$Stub$Proxy@b3e555c8 attribute=null
E/WVMExtractor(   62): Failed to open libwvm.so
I/InputDispatcher(  231): Window 'Window{b41cbce0 com.soft.android.appinstaller/com.soft.android.appinstaller.FinishActivity paused=false}' spent 2218.7ms processing the last input event: MotionEvent(action=0, deviceId=0, source=0x00001002)
I/InputDispatcher(  231): Window 'Window{b41cbce0 com.soft.android.appinstaller/com.soft.android.appinstaller.FinishActivity paused=false}' spent 2215.1ms processing the last input event: MotionEvent(action=1, deviceId=0, source=0x00001002)
D/InputEventConsistencyVerifier(  981): KeyEvent: ACTION_UP but key was not down.
D/InputEventConsistencyVerifier(  981):   in android.view.ViewRootImpl@b3f2b648
D/InputEventConsistencyVerifier(  981):   0: sent at 213349000000, KeyEvent { action=ACTION_UP, keyCode=KEYCODE_L, scanCode=0, metaState=0, flags=0x8, repeatCount=0, eventTime=213349, downTime=213349, deviceId=-1, source=0x101 }
D/InputEventConsistencyVerifier(  981):   -- recent events --
D/InputEventConsistencyVerifier(  981):   1: sent at 211772000000, MotionEvent { action=ACTION_UP, id[0]=0, x[0]=307.0, y[0]=375.0, toolType[0]=TOOL_TYPE_UNKNOWN, buttonState=0, metaState=0, flags=0x0, edgeFlags=0x0, pointerCount=1, historySize=0, eventTime=211772, downTime=211737, deviceId=0, source=0x1002 }
D/InputEventConsistencyVerifier(  981):   2: sent at 211737000000, MotionEvent { action=ACTION_DOWN, id[0]=0, x[0]=297.0, y[0]=375.0, toolType[0]=TOOL_TYPE_UNKNOWN, buttonState=0, metaState=0, flags=0x0, edgeFlags=0x0, pointerCount=1, historySize=0, eventTime=211737, downTime=211737, deviceId=0, source=0x1002 }
D/InputEventConsistencyVerifier(  981):   3: sent at 211726000000, KeyEvent { action=ACTION_MULTIPLE, keyCode=KEYCODE_DPAD_UP, scanCode=0, metaState=0, flags=0x400, repeatCount=3, eventTime=211726, downTime=211726, deviceId=-1, source=0x101 }
D/InputEventConsistencyVerifier(  981):   4: sent at 211694000000, KeyEvent { action=ACTION_UP, keyCode=KEYCODE_DPAD_UP, scanCode=0, metaState=0, flags=0x400, repeatCount=0, eventTime=211694, downTime=211694, deviceId=-1, source=0x101 }
D/InputEventConsistencyVerifier(  981):   5: sent at 211694000000, KeyEvent { action=ACTION_DOWN, keyCode=KEYCODE_DPAD_UP, scanCode=0, metaState=0, flags=0x400, repeatCount=0, eventTime=211694, downTime=211694, deviceId=-1, source=0x101 }
V/log     (  981): Next
I/ActivityManager(  231): START {act=android.intent.action.VIEW dat=http://dl.mobiicq.ru/get/5BqLe cmp=com.android.browser/.BrowserActivity u=0} from pid 981
I/Choreographer(  981): Skipped 32 frames!  The application may be doing too much work on its main thread.
I/Choreographer(  480): Skipped 98 frames!  The application may be doing too much work on its main thread.
E/WVMExtractor(   62): Failed to open libwvm.so
I/Choreographer(  480): Skipped 53 frames!  The application may be doing too much work on its main thread.
D/InputEventConsistencyVerifier(  981): KeyEvent: ACTION_UP but key was not down.
D/InputEventConsistencyVerifier(  981):   in com.android.internal.policy.impl.PhoneWindow$DecorView@b3dfee38
D/InputEventConsistencyVerifier(  981):   0: sent at 214765000000, KeyEvent { action=ACTION_UP, keyCode=KEYCODE_DPAD_RIGHT, scanCode=0, metaState=0, flags=0x8, repeatCount=0, eventTime=214765, downTime=214765, deviceId=-1, source=0x101 }
D/InputEventConsistencyVerifier(  981):   -- recent events --
D/InputEventConsistencyVerifier(  981):   1: sent at 214665000000, MotionEvent { action=ACTION_UP, id[0]=0, x[0]=182.0, y[0]=304.0, toolType[0]=TOOL_TYPE_UNKNOWN, buttonState=0, metaState=0, flags=0x0, edgeFlags=0x0, pointerCount=1, historySize=0, eventTime=214665, downTime=214619, deviceId=0, source=0x1002 }
D/InputEventConsistencyVerifier(  981):   2: sent at 214620000000, MotionEvent { action=ACTION_DOWN, id[0]=0, x[0]=180.0, y[0]=309.0, toolType[0]=TOOL_TYPE_UNKNOWN, buttonState=0, metaState=0, flags=0x0, edgeFlags=0x0, pointerCount=1, historySize=0, eventTime=214620, downTime=214619, deviceId=0, source=0x1002 }
D/InputEventConsistencyVerifier(  981):   3: sent at 214346000000, (unhandled) KeyEvent { action=ACTION_UP, keyCode=KEYCODE_MANNER_MODE, scanCode=0, metaState=0, flags=0x8, repeatCount=0, eventTime=214346, downTime=214346, deviceId=-1, source=0x101 }
D/InputEventConsistencyVerifier(  981):   4: sent at 214299000000, (unhandled) KeyEvent { action=ACTION_DOWN, keyCode=KEYCODE_MANNER_MODE, scanCode=0, metaState=0, flags=0x8, repeatCount=0, eventTime=214299, downTime=214299, deviceId=-1, source=0x101 }
D/InputEventConsistencyVerifier(  981):   5: sent at 214293000000, MotionEvent { action=ACTION_UP, id[0]=0, x[0]=462.0, y[0]=229.0, toolType[0]=TOOL_TYPE_UNKNOWN, buttonState=0, metaState=0, flags=0x0, edgeFlags=0x0, pointerCount=1, historySize=0, eventTime=214293, downTime=214288, deviceId=0, source=0x1002 }
E/WVMExtractor(   62): Failed to open libwvm.so
E/WVMExtractor(   62): Failed to open libwvm.so
I/Choreographer(  480): Skipped 66 frames!  The application may be doing too much work on its main thread.
D/InputEventConsistencyVerifier(  981): KeyEvent: ACTION_UP but key was not down.
D/InputEventConsistencyVerifier(  981):   in android.widget.LinearLayout@b3f32620
D/InputEventConsistencyVerifier(  981):   0: sent at 215436000000, KeyEvent { action=ACTION_UP, keyCode=KEYCODE_DPAD_LEFT, scanCode=0, metaState=0, flags=0x400, repeatCount=0, eventTime=215436, downTime=215436, deviceId=-1, source=0x101 }
D/InputEventConsistencyVerifier(  981):   -- recent events --
D/InputEventConsistencyVerifier(  981):   1: sent at 211772000000, MotionEvent { action=ACTION_UP, id[0]=0, x[0]=307.0, y[0]=25.0, toolType[0]=TOOL_TYPE_UNKNOWN, buttonState=0, metaState=0, flags=0x0, edgeFlags=0x0, pointerCount=1, historySize=0, eventTime=211772, downTime=211737, deviceId=0, source=0x1002 }
D/InputEventConsistencyVerifier(  981):   2: sent at 211737000000, MotionEvent { action=ACTION_DOWN, id[0]=0, x[0]=297.0, y[0]=25.0, toolType[0]=TOOL_TYPE_UNKNOWN, buttonState=0, metaState=0, flags=0x0, edgeFlags=0x0, pointerCount=1, historySize=0, eventTime=211737, downTime=211737, deviceId=0, source=0x1002 }
D/InputEventConsistencyVerifier(  981):   3: sent at 203485000000, (unhandled) KeyEvent { action=ACTION_DOWN, keyCode=KEYCODE_DPAD_UP, scanCode=0, metaState=0, flags=0x400, repeatCount=0, eventTime=203485, downTime=203485, deviceId=-1, source=0x101 }
D/InputEventConsistencyVerifier(  981):   4: sent at 203484000000, (unhandled) KeyEvent { action=ACTION_MULTIPLE, keyCode=KEYCODE_DPAD_UP, scanCode=0, metaState=0, flags=0x400, repeatCount=2, eventTime=203484, downTime=203484, deviceId=-1, source=0x101 }
D/InputEventConsistencyVerifier(  981):   5: sent at 202531000000, (unhandled) MotionEvent { action=ACTION_MOVE, id[0]=0, x[0]=2.0, y[0]=-5.0, toolType[0]=TOOL_TYPE_UNKNOWN, buttonState=0, metaState=0, flags=0x0, edgeFlags=0x0, pointerCount=1, historySize=7, eventTime=202531, downTime=-1, deviceId=0, source=0x10004 }
I/InputAttributes(  480): InputType.TYPE_NULL is specified
I/Choreographer(  480): Skipped 102 frames!  The application may be doing too much work on its main thread.
E/WVMExtractor(   62): Failed to open libwvm.so
D/InputEventConsistencyVerifier(  981): TrackballEvent: Trackball is down but pressure is not greater than 0.
D/InputEventConsistencyVerifier(  981):   in android.view.ViewRootImpl@b3f2b648
D/InputEventConsistencyVerifier(  981):   0: sent at 215487000000, MotionEvent { action=ACTION_DOWN, id[0]=0, x[0]=0.0, y[0]=0.0, toolType[0]=TOOL_TYPE_UNKNOWN, buttonState=0, metaState=0, flags=0x0, edgeFlags=0x0, pointerCount=1, historySize=0, eventTime=215487, downTime=215322, deviceId=0, source=0x10004 }
D/InputEventConsistencyVerifier(  981):   -- recent events --
D/InputEventConsistencyVerifier(  981):   1: sent at 215485000000, MotionEvent { action=ACTION_MOVE, id[0]=0, x[0]=-2.0, y[0]=4.0, toolType[0]=TOOL_TYPE_UNKNOWN, buttonState=0, metaState=0, flags=0x0, edgeFlags=0x0, pointerCount=1, historySize=5, eventTime=215485, downTime=-1, deviceId=0, source=0x10004 }
D/InputEventConsistencyVerifier(  981):   2: sent at 215439000000, KeyEvent { action=ACTION_UP, keyCode=KEYCODE_DPAD_LEFT, scanCode=0, metaState=0, flags=0x400, repeatCount=0, eventTime=215439, downTime=215439, deviceId=-1, source=0x101 }
D/InputEventConsistencyVerifier(  981):   3: sent at 215439000000, KeyEvent { action=ACTION_DOWN, keyCode=KEYCODE_DPAD_LEFT, scanCode=0, metaState=0, flags=0x400, repeatCount=0, eventTime=215439, downTime=215439, deviceId=-1, source=0x101 }
D/InputEventConsistencyVerifier(  981):   4: sent at 215436000000, KeyEvent { action=ACTION_UP, keyCode=KEYCODE_DPAD_LEFT, scanCode=0, metaState=0, flags=0x400, repeatCount=0, eventTime=215436, downTime=215436, deviceId=-1, source=0x101 }
D/InputEventConsistencyVerifier(  981):   5: sent at 215436000000, KeyEvent { action=ACTION_DOWN, keyCode=KEYCODE_DPAD_LEFT, scanCode=0, metaState=0, flags=0x400, repeatCount=0, eventTime=215436, downTime=215436, deviceId=-1, source=0x101 }
E/WVMExtractor(   62): Failed to open libwvm.so
D/InputEventConsistencyVerifier(  981): KeyEvent: ACTION_UP but key was not down.
D/InputEventConsistencyVerifier(  981):   in com.android.internal.policy.impl.PhoneWindow$DecorView@b3dfee38
D/InputEventConsistencyVerifier(  981):   0: sent at 216950000000, KeyEvent { action=ACTION_UP, keyCode=KEYCODE_DPAD_DOWN, scanCode=0, metaState=0, flags=0x400, repeatCount=0, eventTime=216950, downTime=216950, deviceId=-1, source=0x101 }
D/InputEventConsistencyVerifier(  981):   -- recent events --
D/InputEventConsistencyVerifier(  981):   1: sent at 215515000000, MotionEvent { action=ACTION_UP, id[0]=0, x[0]=348.0, y[0]=254.0, toolType[0]=TOOL_TYPE_UNKNOWN, buttonState=0, metaState=0, flags=0x0, edgeFlags=0x0, pointerCount=1, historySize=0, eventTime=215515, downTime=215510, deviceId=0, source=0x1002 }
D/InputEventConsistencyVerifier(  981):   2: sent at 215510000000, MotionEvent { action=ACTION_DOWN, id[0]=0, x[0]=361.0, y[0]=253.0, toolType[0]=TOOL_TYPE_UNKNOWN, buttonState=0, metaState=0, flags=0x0, edgeFlags=0x0, pointerCount=1, historySize=0, eventTime=215510, downTime=215510, deviceId=0, source=0x1002 }
D/InputEventConsistencyVerifier(  981):   3: sent at 215490000000, (unhandled) MotionEvent { action=ACTION_UP, id[0]=0, x[0]=0.0, y[0]=0.0, toolType[0]=TOOL_TYPE_UNKNOWN, buttonState=0, metaState=0, flags=0x0, edgeFlags=0x0, pointerCount=1, historySize=0, eventTime=215490, downTime=215322, deviceId=0, source=0x10004 }
D/InputEventConsistencyVerifier(  981):   4: sent at 215487000000, (unhandled) MotionEvent { action=ACTION_DOWN, id[0]=0, x[0]=0.0, y[0]=0.0, toolType[0]=TOOL_TYPE_UNKNOWN, buttonState=0, metaState=0, flags=0x80000000, edgeFlags=0x0, pointerCount=1, historySize=0, eventTime=215487, downTime=215322, deviceId=0, source=0x10004 }
D/InputEventConsistencyVerifier(  981):   5: sent at 215485000000, (unhandled) MotionEvent { action=ACTION_MOVE, id[0]=0, x[0]=-2.0, y[0]=4.0, toolType[0]=TOOL_TYPE_UNKNOWN, buttonState=0, metaState=0, flags=0x0, edgeFlags=0x0, pointerCount=1, historySize=5, eventTime=215485, downTime=-1, deviceId=0, source=0x10004 }
I/Choreographer(  480): Skipped 148 frames!  The application may be doing too much work on its main thread.
E/WVMExtractor(   62): Failed to open libwvm.so
E/WVMExtractor(   62): Failed to open libwvm.so
E/WVMExtractor(   62): Failed to open libwvm.so
I/InputAttributes(  480): InputType.TYPE_NULL is specified
D/InputEventConsistencyVerifier(  981): KeyEvent: ACTION_UP but key was not down.
D/InputEventConsistencyVerifier(  981):   in android.widget.LinearLayout@b3f32620
D/InputEventConsistencyVerifier(  981):   0: sent at 217071000000, KeyEvent { action=ACTION_UP, keyCode=KEYCODE_DPAD_LEFT, scanCode=0, metaState=0, flags=0x8, repeatCount=0, eventTime=217071, downTime=217071, deviceId=-1, source=0x101 }
D/InputEventConsistencyVerifier(  981):   -- recent events --
D/InputEventConsistencyVerifier(  981):   1: sent at 215490000000, (unhandled) MotionEvent { action=ACTION_UP, id[0]=0, x[0]=0.0, y[0]=0.0, toolType[0]=TOOL_TYPE_UNKNOWN, buttonState=0, metaState=0, flags=0x0, edgeFlags=0x0, pointerCount=1, historySize=0, eventTime=215490, downTime=215322, deviceId=0, source=0x10004 }
