W/DroidBox(  922): DroidBox: { "FileRW": { "operation": "write", "data": "3c3f786d6c2076657273696f6e3d27312e302720656e636f64696e673d277574662d3827207374616e64616c6f6e653d2779657327203f3e0a3c6d61703e0a3c626f6f6c65616e206e616d653d22707265665f6b65795f6e6f74696679222076616c7565", "id": "859010347" } }
E/WVMExtractor(   61): Failed to open libwvm.so
I/Choreographer(  922): Skipped 69 frames!  The application may be doing too much work on its main thread.
W/DroidBox( 1084): DroidBox: { "ServiceStart": { "name": "com.android.music.MediaPlaybackService" } }
W/DroidBox( 1084): DroidBox: { "ServiceStart": { "name": "com.android.music.MediaPlaybackService" } }
I/AudioService(  227):  AudioFocus  requestAudioFocus() from android.media.AudioManager@b3e0c110com.android.music.MediaPlaybackService$3@b3e0a948
I/AudioService(  227):   Remote Control   registerMediaButtonIntent() for PendingIntent{b3f58ec8: PendingIntentRecord{b3e47be0 com.android.music broadcastIntent}}
E/WVMExtractor(   61): Failed to open libwvm.so
I/Choreographer(  922): Skipped 55 frames!  The application may be doing too much work on its main thread.
E/WVMExtractor(   61): Failed to open libwvm.so
E/WVMExtractor(   61): Failed to open libwvm.so
I/Choreographer(  922): Skipped 37 frames!  The application may be doing too much work on its main thread.
E/WVMExtractor(   61): Failed to open libwvm.so
E/WVMExtractor(   61): Failed to open libwvm.so
E/WVMExtractor(   61): Failed to open libwvm.so
I/Choreographer(  922): Skipped 117 frames!  The application may be doing too much work on its main thread.
W/dalvikvm(  894): DroidBox: { "FdAccess": { "path": "2f6465762f696e7075742f6576656e7430", "id": "908074977" } }
W/DroidBox(  894): DroidBox: { "FileRW": { "operation": "write", "data": "efbfbd060000efbfbdefbfbd0c000500000000000000", "id": "908074977" } }
E/WVMExtractor(   61): Failed to open libwvm.so
I/Choreographer(  922): Skipped 135 frames!  The application may be doing too much work on its main thread.
I/ActivityManager(  227): START {act=android.intent.action.MAIN cat=[android.intent.category.HOME] flg=0x10200000 cmp=com.android.launcher/com.android.launcher2.Launcher u=0} from pid 227
E/WVMExtractor(   61): Failed to open libwvm.so
I/ActivityManager(  227): START {act=android.intent.action.MAIN cat=[android.intent.category.LAUNCHER] flg=0x10200000 cmp=com.set.phone/.main u=0} from pid 894
I/InputDispatcher(  227): Dropped event because of pending overdue app switch.
W/InputManager(  227): Input event injection from pid 894 failed.
I/Choreographer(  922): Skipped 86 frames!  The application may be doing too much work on its main thread.
W/InputMethodManagerService(  227): Window already focused, ignoring focus gain of: com.android.internal.view.IInputMethodClient$Stub$Proxy@b3e57620 attribute=null
E/WVMExtractor(   61): Failed to open libwvm.so
E/WVMExtractor(   61): Failed to open libwvm.so
E/WVMExtractor(   61): Failed to open libwvm.so
E/WVMExtractor(   61): Failed to open libwvm.so
E/WVMExtractor(   61): Failed to open libwvm.so
E/WVMExtractor(   61): Failed to open libwvm.so
E/WVMExtractor(   61): Failed to open libwvm.so
I/Choreographer(  922): Skipped 77 frames!  The application may be doing too much work on its main thread.
E/WVMExtractor(   61): Failed to open libwvm.so
E/WVMExtractor(   61): Failed to open libwvm.so
I/Choreographer(  922): Skipped 65 frames!  The application may be doing too much work on its main thread.
W/dalvikvm(  922): DroidBox: { "FdAccess": { "path": "2f646174612f646174612f636f6d2e7365742e70686f6e652f7368617265645f70726566732f636f6d2e7365742e70686f6e655f707265666572656e6365732e786d6c", "id": "257283188" } }
W/DroidBox(  922): DroidBox: { "FileRW": { "operation": "write", "data": "3c3f786d6c2076657273696f6e3d27312e302720656e636f64696e673d277574662d3827207374616e64616c6f6e653d2779657327203f3e0a3c6d61703e0a3c626f6f6c65616e206e616d653d22707265665f6b65795f6e6f74696679222076616c7565", "id": "257283188" } }
E/WVMExtractor(   61): Failed to open libwvm.so
E/WVMExtractor(   61): Failed to open libwvm.so
E/WVMExtractor(   61): Failed to open libwvm.so
I/ActivityManager(  227): START {act=android.intent.action.CALL_BUTTON flg=0x10000000 cmp=com.android.contacts/.activities.DialtactsActivity u=0} from pid 922
E/WVMExtractor(   61): Failed to open libwvm.so
I/Choreographer(  922): Skipped 120 frames!  The application may be doing too much work on its main thread.
E/WVMExtractor(   61): Failed to open libwvm.so
I/Choreographer(  922): Skipped 38 frames!  The application may be doing too much work on its main thread.
W/InputMethodManagerService(  227): Window already focused, ignoring focus gain of: com.android.internal.view.IInputMethodClient$Stub$Proxy@b3e99858 attribute=null
E/WVMExtractor(   61): Failed to open libwvm.so
I/Choreographer(  922): Skipped 37 frames!  The application may be doing too much work on its main thread.
E/WVMExtractor(   61): Failed to open libwvm.so
W/dalvikvm(  417): DroidBox: { "FdAccess": { "path": "2f70726f632f6d656d696e666f", "id": "1366175319" } }
W/DroidBox(  417): DroidBox: { "FileRW": { "operation": "read", "data": "4d656d546f74616c3a202020202020202020373438393634206b420a4d656d467265653a20202020202020202020343433373932206b420a427566666572733a20202020202020202020202035373030206b420a4361636865643a202020202020202020", "id": "1366175319" } }
I/Choreographer(  922): Skipped 39 frames!  The application may be doing too much work on its main thread.
D/InputEventConsistencyVerifier(  417): KeyEvent: ACTION_UP but key was not down.
D/InputEventConsistencyVerifier(  417):   in com.android.systemui.statusbar.phone.StatusBarWindowView@b3e2c300
D/InputEventConsistencyVerifier(  417):   0: sent at 190913000000, KeyEvent { action=ACTION_UP, keyCode=KEYCODE_DPAD_DOWN, scanCode=0, metaState=0, flags=0x8, repeatCount=0, eventTime=190913, downTime=190913, deviceId=-1, source=0x101 }
D/InputEventConsistencyVerifier(  417):   -- recent events --
D/InputEventConsistencyVerifier(  417):   1: sent at 190766000000, MotionEvent { action=ACTION_UP, id[0]=0, x[0]=86.0, y[0]=5.0, toolType[0]=TOOL_TYPE_UNKNOWN, buttonState=0, metaState=0, flags=0x0, edgeFlags=0x0, pointerCount=1, historySize=0, eventTime=190766, downTime=190761, deviceId=0, source=0x1002 }
D/InputEventConsistencyVerifier(  417):   2: sent at 190761000000, MotionEvent { action=ACTION_DOWN, id[0]=0, x[0]=78.0, y[0]=13.0, toolType[0]=TOOL_TYPE_UNKNOWN, buttonState=0, metaState=0, flags=0x0, edgeFlags=0x0, pointerCount=1, historySize=0, eventTime=190761, downTime=190761, deviceId=0, source=0x1002 }
D/InputEventConsistencyVerifier(  417):   3: sent at 151669000000, (unhandled) KeyEvent { action=ACTION_UP, keyCode=KEYCODE_DPAD_CENTER, scanCode=0, metaState=0, flags=0x28, repeatCount=0, eventTime=151669, downTime=151480, deviceId=-1, source=0x101 }
D/InputEventConsistencyVerifier(  417):   4: sent at 151480000000, (unhandled) KeyEvent { action=ACTION_DOWN, keyCode=KEYCODE_DPAD_CENTER, scanCode=0, metaState=0, flags=0x8, repeatCount=0, eventTime=151480, downTime=151480, deviceId=-1, source=0x101 }
D/InputEventConsistencyVerifier(  417):   5: sent at 151475000000, (unhandled) KeyEvent { action=ACTION_UP, keyCode=KEYCODE_DPAD_DOWN, scanCode=0, metaState=0, flags=0x8, repeatCount=0, eventTime=151475, downTime=151475, deviceId=-1, source=0x101 }
W/dalvikvm(  417): DroidBox: { "FdAccess": { "path": "2f70726f632f6d656d696e666f", "id": "739077393" } }
W/DroidBox(  417): DroidBox: { "FileRW": { "operation": "read", "data": "4d656d546f74616c3a202020202020202020373438393634206b420a4d656d467265653a20202020202020202020343432313830206b420a427566666572733a20202020202020202020202035373030206b420a4361636865643a202020202020202020", "id": "739077393" } }
I/Choreographer(  417): Skipped 42 frames!  The application may be doing too much work on its main thread.
W/dalvikvm(  417): DroidBox: { "FdAccess": { "path": "2f70726f632f6d656d696e666f", "id": "1321866719" } }
W/DroidBox(  417): DroidBox: { "FileRW": { "operation": "read", "data": "4d656d546f74616c3a202020202020202020373438393634206b420a4d656d467265653a20202020202020202020343432313830206b420a427566666572733a20202020202020202020202035373030206b420a4361636865643a202020202020202020", "id": "1321866719" } }
D/InputEventConsistencyVerifier(  417): KeyEvent: ACTION_UP but key was not down.
D/InputEventConsistencyVerifier(  417):   in android.widget.FrameLayout@b3e3c308
D/InputEventConsistencyVerifier(  417):   0: sent at 191142000000, KeyEvent { action=ACTION_UP, keyCode=KEYCODE_DPAD_DOWN, scanCode=0, metaState=0, flags=0x8, repeatCount=0, eventTime=191142, downTime=191142, deviceId=-1, source=0x101 }
D/InputEventConsistencyVerifier(  417):   -- recent events --
D/InputEventConsistencyVerifier(  417):   1: sent at 151669000000, (unhandled) KeyEvent { action=ACTION_UP, keyCode=KEYCODE_DPAD_CENTER, scanCode=0, metaState=0, flags=0x28, repeatCount=0, eventTime=151669, downTime=151480, deviceId=-1, source=0x101 }
D/InputEventConsistencyVerifier(  417):   2: sent at 151480000000, (unhandled) KeyEvent { action=ACTION_DOWN, keyCode=KEYCODE_DPAD_CENTER, scanCode=0, metaState=0, flags=0x8, repeatCount=0, eventTime=151480, downTime=151480, deviceId=-1, source=0x101 }
D/InputEventConsistencyVerifier(  417):   3: sent at 151475000000, (unhandled) KeyEvent { action=ACTION_UP, keyCode=KEYCODE_DPAD_DOWN, scanCode=0, metaState=0, flags=0x8, repeatCount=0, eventTime=151475, downTime=151475, deviceId=-1, source=0x101 }
D/InputEventConsistencyVerifier(  417):   4: sent at 151471000000, (unhandled) KeyEvent { action=ACTION_DOWN, keyCode=KEYCODE_DPAD_DOWN, scanCode=0, metaState=0, flags=0x8, repeatCount=0, eventTime=151471, downTime=151471, deviceId=-1, source=0x101 }
D/InputEventConsistencyVerifier(  417):   5: sent at 151358000000, (unhandled) KeyEvent { action=ACTION_UP, keyCode=KEYCODE_DPAD_CENTER, scanCode=0, metaState=0, flags=0x8, repeatCount=0, eventTime=151358, downTime=151358, deviceId=-1, source=0x101 }
V/PhoneStatusBar(  417): setLightsOn(true)
D/PhoneStatusBar(  417): disable: < expand icons alerts TICKER* system_info back home recent clock >
I/Choreographer(  417): Skipped 37 frames!  The application may be doing too much work on its main thread.
D/InputEventConsistencyVerifier(  417): KeyEvent: ACTION_UP but key was not down.
D/InputEventConsistencyVerifier(  417):   in com.android.systemui.statusbar.phone.StatusBarWindowView@b3e2c300
D/InputEventConsistencyVerifier(  417):   0: sent at 191205000000, KeyEvent { action=ACTION_UP, keyCode=KEYCODE_DPAD_DOWN, scanCode=0, metaState=0, flags=0x8, repeatCount=0, eventTime=191205, downTime=191205, deviceId=-1, source=0x101 }
D/InputEventConsistencyVerifier(  417):   -- recent events --
D/InputEventConsistencyVerifier(  417):   1: sent at 191158000000, (unhandled) KeyEvent { action=ACTION_UP, keyCode=KEYCODE_DPAD_RIGHT, scanCode=0, metaState=0, flags=0x8, repeatCount=0, eventTime=191158, downTime=191158, deviceId=-1, source=0x101 }
D/InputEventConsistencyVerifier(  417):   2: sent at 191152000000, (unhandled) KeyEvent { action=ACTION_DOWN, keyCode=KEYCODE_DPAD_RIGHT, scanCode=0, metaState=0, flags=0x8, repeatCount=0, eventTime=191152, downTime=191152, deviceId=-1, source=0x101 }
D/InputEventConsistencyVerifier(  417):   3: sent at 191142000000, (unhandled) KeyEvent { action=ACTION_UP, keyCode=KEYCODE_DPAD_DOWN, scanCode=0, metaState=0, flags=0x8, repeatCount=0, eventTime=191142, downTime=191142, deviceId=-1, source=0x101 }
D/InputEventConsistencyVerifier(  417):   4: sent at 191106000000, (unhandled) KeyEvent { action=ACTION_DOWN, keyCode=KEYCODE_DPAD_DOWN, scanCode=0, metaState=0, flags=0x8, repeatCount=0, eventTime=191106, downTime=191106, deviceId=-1, source=0x101 }
D/InputEventConsistencyVerifier(  417):   5: sent at 191044000000, (unhandled) KeyEvent { action=ACTION_UP, keyCode=KEYCODE_EISU, scanCode=0, metaState=0, flags=0x8, repeatCount=0, eventTime=191044, downTime=191044, deviceId=-1, source=0x101 }
V/PhoneStatusBar(  417): setLightsOn(true)
D/PhoneStatusBar(  417): disable: < expand icons alerts ticker* system_info back home recent clock >
W/BackupManagerService(  227): dataChanged but no participant pkg='com.android.providers.settings' uid=10011
E/WVMExtractor(   61): Failed to open libwvm.so
W/dalvikvm(  922): DroidBox: { "FdAccess": { "path": "2f646174612f646174612f636f6d2e7365742e70686f6e652f7368617265645f70726566732f636f6d2e7365742e70686f6e655f707265666572656e6365732e786d6c", "id": "276392708" } }
W/DroidBox(  922): DroidBox: { "FileRW": { "operation": "write", "data": "3c3f786d6c2076657273696f6e3d27312e302720656e636f64696e673d277574662d3827207374616e64616c6f6e653d2779657327203f3e0a3c6d61703e0a3c626f6f6c65616e206e616d653d22707265665f6b65795f6e6f74696679222076616c7565", "id": "276392708" } }
E/WVMExtractor(   61): Failed to open libwvm.so
W/InputMethodManagerService(  227): Window already focused, ignoring focus gain of: com.android.internal.view.IInputMethodClient$Stub$Proxy@b40aace0 attribute=null
I/Choreographer(  922): Skipped 154 frames!  The application may be doing too much work on its main thread.
E/MetadataRetrieverClient(   61): failed to extract an album art
E/WVMExtractor(   61): Failed to open libwvm.so
I/Choreographer(  922): Skipped 33 frames!  The application may be doing too much work on its main thread.
E/WVMExtractor(   61): Failed to open libwvm.so
E/WVMExtractor(   61): Failed to open libwvm.so
E/WVMExtractor(   61): Failed to open libwvm.so
E/WVMExtractor(   61): Failed to open libwvm.so
E/WVMExtractor(   61): Failed to open libwvm.so
I/Choreographer(  922): Skipped 52 frames!  The application may be doing too much work on its main thread.
E/WVMExtractor(   61): Failed to open libwvm.so
D/InputEventConsistencyVerifier(  922): KeyEvent: ACTION_UP but key was not down.
D/InputEventConsistencyVerifier(  922):   in android.widget.FrameLayout@b3ebaf38
D/InputEventConsistencyVerifier(  922):   0: sent at 195400000000, KeyEvent { action=ACTION_UP, keyCode=KEYCODE_DPAD_RIGHT, scanCode=0, metaState=0, flags=0x8, repeatCount=0, eventTime=195400, downTime=195400, deviceId=-1, source=0x101 }
I/Choreographer(  922): Skipped 107 frames!  The application may be doing too much work on its main thread.
D/InputEventConsistencyVerifier(  922): KeyEvent: ACTION_UP but key was not down.
D/InputEventConsistencyVerifier(  922):   in android.widget.LinearLayout@b4167038
D/InputEventConsistencyVerifier(  922):   0: sent at 195908000000, KeyEvent { action=ACTION_UP, keyCode=KEYCODE_DPAD_DOWN, scanCode=0, metaState=0, flags=0x400, repeatCount=0, eventTime=195908, downTime=195908, deviceId=-1, source=0x101 }
E/WVMExtractor(   61): Failed to open libwvm.so
I/Choreographer(  922): Skipped 79 frames!  The application may be doing too much work on its main thread.
D/InputEventConsistencyVerifier(  922): KeyEvent: ACTION_UP but key was not down.
D/InputEventConsistencyVerifier(  922):   in com.android.internal.policy.impl.PhoneWindow$DecorView@b3eafc28
D/InputEventConsistencyVerifier(  922):   0: sent at 196970000000, KeyEvent { action=ACTION_UP, keyCode=KEYCODE_DPAD_LEFT, scanCode=0, metaState=0, flags=0x400, repeatCount=0, eventTime=196970, downTime=196970, deviceId=-1, source=0x101 }
D/InputEventConsistencyVerifier(  922):   -- recent events --
D/InputEventConsistencyVerifier(  922):   1: sent at 196846000000, (unhandled) MotionEvent { action=ACTION_MOVE, id[0]=0, x[0]=-4.0, y[0]=0.0, toolType[0]=TOOL_TYPE_UNKNOWN, buttonState=0, metaState=0, flags=0x0, edgeFlags=0x0, pointerCount=1, historySize=9, eventTime=196846, downTime=-1, deviceId=0, source=0x10004 }
D/InputEventConsistencyVerifier(  922):   2: sent at 196621000000, MotionEvent { action=ACTION_UP, id[0]=0, x[0]=70.0, y[0]=382.0, toolType[0]=TOOL_TYPE_UNKNOWN, buttonState=0, metaState=0, flags=0x0, edgeFlags=0x0, pointerCount=1, historySize=0, eventTime=196621, downTime=196612, deviceId=0, source=0x1002 }
D/InputEventConsistencyVerifier(  922):   3: sent at 196612000000, MotionEvent { action=ACTION_DOWN, id[0]=0, x[0]=89.0, y[0]=377.0, toolType[0]=TOOL_TYPE_UNKNOWN, buttonState=0, metaState=0, flags=0x0, edgeFlags=0x0, pointerCount=1, historySize=0, eventTime=196612, downTime=196612, deviceId=0, source=0x1002 }
D/InputEventConsistencyVerifier(  922):   4: sent at 196145000000, (unhandled) KeyEvent { action=ACTION_UP, keyCode=KEYCODE_DPAD_LEFT, scanCode=0, metaState=0, flags=0x8, repeatCount=0, eventTime=196145, downTime=196145, deviceId=-1, source=0x101 }
D/InputEventConsistencyVerifier(  922):   5: sent at 196142000000, (unhandled) KeyEvent { action=ACTION_DOWN, keyCode=KEYCODE_DPAD_LEFT, scanCode=0, metaState=0, flags=0x8, repeatCount=0, eventTime=196142, downTime=196142, deviceId=-1, source=0x101 }
D/InputEventConsistencyVerifier(  417): TouchEvent: ACTION_DOWN but pointers are already down.  Probably missing ACTION_UP from previous gesture.
D/InputEventConsistencyVerifier(  417):   in android.view.ScaleGestureDetector@b3eccb18
D/InputEventConsistencyVerifier(  417):   0: sent at 197630000000, MotionEvent { action=ACTION_DOWN, id[0]=0, x[0]=437.0, y[0]=19.0, toolType[0]=TOOL_TYPE_UNKNOWN, buttonState=0, metaState=0, flags=0x0, edgeFlags=0x0, pointerCount=1, historySize=0, eventTime=197630, downTime=197630, deviceId=0, source=0x1002 }
D/InputEventConsistencyVerifier(  417):   -- recent events --
D/InputEventConsistencyVerifier(  417):   1: sent at 191224000000, MotionEvent { action=ACTION_DOWN, id[0]=0, x[0]=9.0, y[0]=725.0, toolType[0]=TOOL_TYPE_UNKNOWN, buttonState=0, metaState=0, flags=0x0, edgeFlags=0x0, pointerCount=1, historySize=0, eventTime=191224, downTime=191223, deviceId=0, source=0x1002 }
D/InputEventConsistencyVerifier(  417):   2: sent at 190766000000, MotionEvent { action=ACTION_UP, id[0]=0, x[0]=86.0, y[0]=5.0, toolType[0]=TOOL_TYPE_UNKNOWN, buttonState=0, metaState=0, flags=0x0, edgeFlags=0x0, pointerCount=1, historySize=0, eventTime=190766, downTime=190761, deviceId=0, source=0x1002 }
D/InputEventConsistencyVerifier(  417):   3: sent at 190761000000, MotionEvent { action=ACTION_DOWN, id[0]=0, x[0]=78.0, y[0]=13.0, toolType[0]=TOOL_TYPE_UNKNOWN, buttonState=0, metaState=0, flags=0x0, edgeFlags=0x0, pointerCount=1, historySize=0, eventTime=190761, downTime=190761, deviceId=0, source=0x1002 }
D/InputEventConsistencyVerifier(  417):   4: sent at 149815000000, MotionEvent { action=ACTION_UP, id[0]=0, x[0]=376.0, y[0]=48.0, toolType[0]=TOOL_TYPE_UNKNOWN, buttonState=0, metaState=0, flags=0x0, edgeFlags=0x0, pointerCount=1, historySize=0, eventTime=149815, downTime=149776, deviceId=0, source=0x1002 }
D/InputEventConsistencyVerifier(  417):   5: sent at 149806000000, MotionEvent { action=ACTION_POINTER_UP(1), id[0]=0, x[0]=358.0, y[0]=39.0, toolType[0]=TOOL_TYPE_UNKNOWN, id[1]=1, x[1]=456.0, y[1]=43.0, toolType[1]=TOOL_TYPE_UNKNOWN, buttonState=0, metaState=0, flags=0x0, edgeFlags=0x0, pointerCount=2, historySize=0, eventTime=149806, downTime=149776, deviceId=0, source=0x1002 }
I/Choreographer(  922): Skipped 129 frames!  The application may be doing too much work on its main thread.
W/dalvikvm(  417): DroidBox: { "FdAccess": { "path": "2f70726f632f6d656d696e666f", "id": "1186461019" } }
W/DroidBox(  417): DroidBox: { "FileRW": { "operation": "read", "data": "4d656d546f74616c3a202020202020202020373438393634206b420a4d656d467265653a20202020202020202020343339353834206b420a427566666572733a20202020202020202020202035373136206b420a4361636865643a202020202020202020", "id": "1186461019" } }
I/Choreographer(  417): Skipped 107 frames!  The application may be doing too much work on its main thread.
W/dalvikvm(  417): DroidBox: { "FdAccess": { "path": "2f70726f632f6d656d696e666f", "id": "99414857" } }
W/DroidBox(  417): DroidBox: { "FileRW": { "operation": "read", "data": "4d656d546f74616c3a202020202020202020373438393634206b420a4d656d467265653a20202020202020202020343339353834206b420a427566666572733a20202020202020202020202035373136206b420a4361636865643a202020202020202020", "id": "99414857" } }
D/InputEventConsistencyVerifier(  417): TouchEvent: ACTION_DOWN but pointers are already down.  Probably missing ACTION_UP from previous gesture.
D/InputEventConsistencyVerifier(  417):   in android.view.ScaleGestureDetector@b3eccb18
D/InputEventConsistencyVerifier(  417):   0: sent at 198289000000, MotionEvent { action=ACTION_DOWN, id[0]=0, x[0]=442.0, y[0]=618.0, toolType[0]=TOOL_TYPE_UNKNOWN, buttonState=0, metaState=0, flags=0x0, edgeFlags=0x0, pointerCount=1, historySize=0, eventTime=198289, downTime=198289, deviceId=0, source=0x1002 }
D/InputEventConsistencyVerifier(  417):   -- recent events --
D/InputEventConsistencyVerifier(  417):   1: sent at 198264000000, MotionEvent { action=ACTION_DOWN, id[0]=0, x[0]=402.0, y[0]=181.0, toolType[0]=TOOL_TYPE_UNKNOWN, buttonState=0, metaState=0, flags=0x0, edgeFlags=0x0, pointerCount=1, historySize=0, eventTime=198264, downTime=198263, deviceId=0, source=0x1002 }
D/InputEventConsistencyVerifier(  417):   2: sent at 197660000000, MotionEvent { action=ACTION_UP, id[0]=0, x[0]=436.0, y[0]=19.0, toolType[0]=TOOL_TYPE_UNKNOWN, buttonState=0, metaState=0, flags=0x0, edgeFlags=0x0, pointerCount=1, historySize=0, eventTime=197660, downTime=197630, deviceId=0, source=0x1002 }
D/InputEventConsistencyVerifier(  417):   3: sent at 197630000000, MotionEvent { action=ACTION_DOWN, id[0]=0, x[0]=437.0, y[0]=19.0, toolType[0]=TOOL_TYPE_UNKNOWN, buttonState=0, metaState=0, flags=0x80000000, edgeFlags=0x0, pointerCount=1, historySize=0, eventTime=197630, downTime=197630, deviceId=0, source=0x1002 }
D/InputEventConsistencyVerifier(  417):   4: sent at 191224000000, MotionEvent { action=ACTION_DOWN, id[0]=0, x[0]=9.0, y[0]=725.0, toolType[0]=TOOL_TYPE_UNKNOWN, buttonState=0, metaState=0, flags=0x0, edgeFlags=0x0, pointerCount=1, historySize=0, eventTime=191224, downTime=191223, deviceId=0, source=0x1002 }
D/InputEventConsistencyVerifier(  417):   5: sent at 190766000000, MotionEvent { action=ACTION_UP, id[0]=0, x[0]=86.0, y[0]=5.0, toolType[0]=TOOL_TYPE_UNKNOWN, buttonState=0, metaState=0, flags=0x0, edgeFlags=0x0, pointerCount=1, historySize=0, eventTime=190766, downTime=190761, deviceId=0, source=0x1002 }
I/ActivityManager(  227): START {act=android.intent.action.MAIN cat=[android.intent.category.LAUNCHER] flg=0x10000000 cmp=com.android.calendar/.AllInOneActivity sel={act=android.intent.action.MAIN cat=[android.intent.category.APP_CALENDAR]} u=0} from pid 227
D/InputEventConsistencyVerifier(  417): KeyEvent: ACTION_UP but key was not down.
D/InputEventConsistencyVerifier(  417):   in android.view.ViewRootImpl@b3ebde38
D/InputEventConsistencyVerifier(  417):   0: sent at 198357000000, KeyEvent { action=ACTION_UP, keyCode=KEYCODE_CALENDAR, scanCode=0, metaState=0, flags=0x8, repeatCount=0, eventTime=198357, downTime=198357, deviceId=-1, source=0x101 }
D/InputEventConsistencyVerifier(  417):   -- recent events --
D/InputEventConsistencyVerifier(  417):   1: sent at 198326000000, KeyEvent { action=ACTION_UP, keyCode=KEYCODE_NUMPAD_MULTIPLY, scanCode=0, metaState=0, flags=0x8, repeatCount=0, eventTime=198326, downTime=198326, deviceId=-1, source=0x101 }
D/InputEventConsistencyVerifier(  417):   2: sent at 198301000000, KeyEvent { action=ACTION_DOWN, keyCode=KEYCODE_NUMPAD_MULTIPLY, scanCode=0, metaState=0, flags=0x8, repeatCount=0, eventTime=198301, downTime=198301, deviceId=-1, source=0x101 }
D/InputEventConsistencyVerifier(  417):   3: sent at 198295000000, MotionEvent { action=ACTION_UP, id[0]=0, x[0]=454.0, y[0]=618.0, toolType[0]=TOOL_TYPE_UNKNOWN, buttonState=0, metaState=0, flags=0x0, edgeFlags=0x0, pointerCount=1, historySize=0, eventTime=198295, downTime=198289, deviceId=0, source=0x1002 }
D/InputEventConsistencyVerifier(  417):   4: sent at 198289000000, MotionEvent { action=ACTION_DOWN, id[0]=0, x[0]=442.0, y[0]=618.0, toolType[0]=TOOL_TYPE_UNKNOWN, buttonState=0, metaState=0, flags=0x0, edgeFlags=0x0, pointerCount=1, historySize=0, eventTime=198289, downTime=198289, deviceId=0, source=0x1002 }
D/InputEventConsistencyVerifier(  417):   5: sent at 198270000000, MotionEvent { action=ACTION_UP, id[0]=0, x[0]=385.0, y[0]=166.0, toolType[0]=TOOL_TYPE_UNKNOWN, buttonState=0, metaState=0, flags=0x0, edgeFlags=0x0, pointerCount=1, historySize=0, eventTime=198270, downTime=198263, deviceId=0, source=0x1002 }
D/PhoneStatusBar(  417): disable: < expand icons alerts TICKER* system_info back home recent clock >
V/PhoneStatusBar(  417): setLightsOn(true)
I/Choreographer(  417): Skipped 50 frames!  The application may be doing too much work on its main thread.
D/InputEventConsistencyVerifier(  417): TouchEvent: ACTION_DOWN but pointers are already down.  Probably missing ACTION_UP from previous gesture.
D/InputEventConsistencyVerifier(  417):   in android.view.ScaleGestureDetector@b3eccb18
D/InputEventConsistencyVerifier(  417):   0: sent at 198393000000, MotionEvent { action=ACTION_DOWN, id[0]=0, x[0]=389.0, y[0]=212.0, toolType[0]=TOOL_TYPE_UNKNOWN, buttonState=0, metaState=0, flags=0x0, edgeFlags=0x0, pointerCount=1, historySize=0, eventTime=198393, downTime=198393, deviceId=0, source=0x1002 }
D/InputEventConsistencyVerifier(  417):   -- recent events --
D/InputEventConsistencyVerifier(  417):   1: sent at 198289000000, MotionEvent { action=ACTION_DOWN, id[0]=0, x[0]=442.0, y[0]=618.0, toolType[0]=TOOL_TYPE_UNKNOWN, buttonState=0, metaState=0, flags=0x80000000, edgeFlags=0x0, pointerCount=1, historySize=0, eventTime=198289, downTime=198289, deviceId=0, source=0x1002 }
D/InputEventConsistencyVerifier(  417):   2: sent at 198264000000, MotionEvent { action=ACTION_DOWN, id[0]=0, x[0]=402.0, y[0]=181.0, toolType[0]=TOOL_TYPE_UNKNOWN, buttonState=0, metaState=0, flags=0x0, edgeFlags=0x0, pointerCount=1, historySize=0, eventTime=198264, downTime=198263, deviceId=0, source=0x1002 }
D/InputEventConsistencyVerifier(  417):   3: sent at 197660000000, MotionEvent { action=ACTION_UP, id[0]=0, x[0]=436.0, y[0]=19.0, toolType[0]=TOOL_TYPE_UNKNOWN, buttonState=0, metaState=0, flags=0x0, edgeFlags=0x0, pointerCount=1, historySize=0, eventTime=197660, downTime=197630, deviceId=0, source=0x1002 }
D/InputEventConsistencyVerifier(  417):   4: sent at 197630000000, MotionEvent { action=ACTION_DOWN, id[0]=0, x[0]=437.0, y[0]=19.0, toolType[0]=TOOL_TYPE_UNKNOWN, buttonState=0, metaState=0, flags=0x80000000, edgeFlags=0x0, pointerCount=1, historySize=0, eventTime=197630, downTime=197630, deviceId=0, source=0x1002 }
D/InputEventConsistencyVerifier(  417):   5: sent at 191224000000, MotionEvent { action=ACTION_DOWN, id[0]=0, x[0]=9.0, y[0]=725.0, toolType[0]=TOOL_TYPE_UNKNOWN, buttonState=0, metaState=0, flags=0x0, edgeFlags=0x0, pointerCount=1, historySize=0, eventTime=191224, downTime=191223, deviceId=0, source=0x1002 }
W/dalvikvm(  417): DroidBox: { "FdAccess": { "path": "2f70726f632f6d656d696e666f", "id": "140565633" } }
W/DroidBox(  417): DroidBox: { "FileRW": { "operation": "read", "data": "4d656d546f74616c3a202020202020202020373438393634206b420a4d656d467265653a20202020202020202020343430333238206b420a427566666572733a20202020202020202020202035373136206b420a4361636865643a202020202020202020", "id": "140565633" } }
D/InputEventConsistencyVerifier(  417): KeyEvent: ACTION_UP but key was not down.
D/InputEventConsistencyVerifier(  417):   in com.android.systemui.statusbar.phone.StatusBarWindowView@b3e2c300
D/InputEventConsistencyVerifier(  417):   0: sent at 198511000000, KeyEvent { action=ACTION_UP, keyCode=KEYCODE_DPAD_UP, scanCode=0, metaState=0, flags=0x8, repeatCount=0, eventTime=198511, downTime=198511, deviceId=-1, source=0x101 }
D/InputEventConsistencyVerifier(  417):   -- recent events --
D/InputEventConsistencyVerifier(  417):   1: sent at 198400000000, MotionEvent { action=ACTION_UP, id[0]=0, x[0]=388.0, y[0]=202.0, toolType[0]=TOOL_TYPE_UNKNOWN, buttonState=0, metaState=0, flags=0x0, edgeFlags=0x0, pointerCount=1, historySize=0, eventTime=198400, downTime=198393, deviceId=0, source=0x1002 }
D/InputEventConsistencyVerifier(  417):   2: sent at 198373000000, (unhandled) KeyEvent { action=ACTION_UP, keyCode=KEYCODE_DPAD_CENTER, scanCode=0, metaState=0, flags=0x8, repeatCount=0, eventTime=198373, downTime=198373, deviceId=-1, source=0x101 }
D/InputEventConsistencyVerifier(  417):   3: sent at 198393000000, MotionEvent { action=ACTION_DOWN, id[0]=0, x[0]=389.0, y[0]=212.0, toolType[0]=TOOL_TYPE_UNKNOWN, buttonState=0, metaState=0, flags=0x0, edgeFlags=0x0, pointerCount=1, historySize=0, eventTime=198393, downTime=198393, deviceId=0, source=0x1002 }
D/InputEventConsistencyVerifier(  417):   4: sent at 198373000000, (unhandled) KeyEvent { action=ACTION_UP, keyCode=KEYCODE_BUTTON_3, scanCode=0, metaState=0, flags=0x8, repeatCount=0, eventTime=198373, downTime=198373, deviceId=-1, source=0x101 }
D/InputEventConsistencyVerifier(  417):   5: sent at 198362000000, (unhandled) KeyEvent { action=ACTION_DOWN, keyCode=KEYCODE_DPAD_CENTER, scanCode=0, metaState=0, flags=0x8, repeatCount=0, eventTime=198362, downTime=198362, deviceId=-1, source=0x101 }
D/InputEventConsistencyVerifier(  417): KeyEvent: ACTION_UP but key was not down.
D/InputEventConsistencyVerifier(  417):   in android.widget.FrameLayout@b3e3c308
D/InputEventConsistencyVerifier(  417):   0: sent at 198548000000, KeyEvent { action=ACTION_UP, keyCode=KEYCODE_DPAD_DOWN, scanCode=0, metaState=0, flags=0x8, repeatCount=0, eventTime=198548, downTime=198548, deviceId=-1, source=0x101 }
D/InputEventConsistencyVerifier(  417):   -- recent events --
D/InputEventConsistencyVerifier(  417):   1: sent at 191152000000, (unhandled) KeyEvent { action=ACTION_DOWN, keyCode=KEYCODE_DPAD_RIGHT, scanCode=0, metaState=0, flags=0x8, repeatCount=0, eventTime=191152, downTime=191152, deviceId=-1, source=0x101 }
D/InputEventConsistencyVerifier(  417):   2: sent at 191142000000, (unhandled) KeyEvent { action=ACTION_UP, keyCode=KEYCODE_DPAD_DOWN, scanCode=0, metaState=0, flags=0x80000008, repeatCount=0, eventTime=191142, downTime=191142, deviceId=-1, source=0x101 }
D/InputEventConsistencyVerifier(  417):   3: sent at 151669000000, (unhandled) KeyEvent { action=ACTION_UP, keyCode=KEYCODE_DPAD_CENTER, scanCode=0, metaState=0, flags=0x28, repeatCount=0, eventTime=151669, downTime=151480, deviceId=-1, source=0x101 }
D/InputEventConsistencyVerifier(  417):   4: sent at 151480000000, (unhandled) KeyEvent { action=ACTION_DOWN, keyCode=KEYCODE_DPAD_CENTER, scanCode=0, metaState=0, flags=0x8, repeatCount=0, eventTime=151480, downTime=151480, deviceId=-1, source=0x101 }
D/InputEventConsistencyVerifier(  417):   5: sent at 151475000000, (unhandled) KeyEvent { action=ACTION_UP, keyCode=KEYCODE_DPAD_DOWN, scanCode=0, metaState=0, flags=0x8, repeatCount=0, eventTime=151475, downTime=151475, deviceId=-1, source=0x101 }
D/InputEventConsistencyVerifier(  417): KeyEvent: ACTION_UP but key was not down.
D/InputEventConsistencyVerifier(  417):   in com.android.systemui.statusbar.phone.PhoneStatusBarView@b3e2e298
D/InputEventConsistencyVerifier(  417):   0: sent at 198572000000, KeyEvent { action=ACTION_UP, keyCode=KEYCODE_DPAD_UP, scanCode=0, metaState=0, flags=0x8, repeatCount=0, eventTime=198572, downTime=198572, deviceId=-1, source=0x101 }
D/InputEventConsistencyVerifier(  417):   -- recent events --
D/InputEventConsistencyVerifier(  417):   1: sent at 198543000000, (unhandled) KeyEvent { action=ACTION_DOWN, keyCode=KEYCODE_DPAD_DOWN, scanCode=0, metaState=0, flags=0x8, repeatCount=0, eventTime=198543, downTime=198543, deviceId=-1, source=0x101 }
D/InputEventConsistencyVerifier(  417):   2: sent at 198536000000, (unhandled) KeyEvent { action=ACTION_UP, keyCode=KEYCODE_K, scanCode=0, metaState=0, flags=0x8, repeatCount=0, eventTime=198536, downTime=198536, deviceId=-1, source=0x101 }
D/InputEventConsistencyVerifier(  417):   3: sent at 198518000000, (unhandled) KeyEvent { action=ACTION_DOWN, keyCode=KEYCODE_K, scanCode=0, metaState=0, flags=0x8, repeatCount=0, eventTime=198518, downTime=198518, deviceId=-1, source=0x101 }
D/InputEventConsistencyVerifier(  417):   4: sent at 198511000000, (unhandled) KeyEvent { action=ACTION_UP, keyCode=KEYCODE_DPAD_UP, scanCode=0, metaState=0, flags=0x80000008, repeatCount=0, eventTime=198511, downTime=198511, deviceId=-1, source=0x101 }
D/InputEventConsistencyVerifier(  417):   5: sent at 198373000000, (unhandled) KeyEvent { action=ACTION_UP, keyCode=KEYCODE_BUTTON_3, scanCode=0, metaState=0, flags=0x8, repeatCount=0, eventTime=198373, downTime=198373, deviceId=-1, source=0x101 }
I/Choreographer(  417): Skipped 38 frames!  The application may be doing too much work on its main thread.
I/ActivityManager(  227): START {act=android.intent.action.MAIN cat=[android.intent.category.LAUNCHER] flg=0x10200000 cmp=com.set.phone/.main u=0} from pid 894
D/InputEventConsistencyVerifier(  417): TouchEvent: ACTION_DOWN but pointers are already down.  Probably missing ACTION_UP from previous gesture.
D/InputEventConsistencyVerifier(  417):   in android.view.ScaleGestureDetector@b3eccb18
D/InputEventConsistencyVerifier(  417):   0: sent at 198588000000, MotionEvent { action=ACTION_DOWN, id[0]=0, x[0]=383.0, y[0]=555.0, toolType[0]=TOOL_TYPE_UNKNOWN, buttonState=0, metaState=0, flags=0x0, edgeFlags=0x0, pointerCount=1, historySize=0, eventTime=198588, downTime=198587, deviceId=0, source=0x1002 }
D/InputEventConsistencyVerifier(  417):   -- recent events --
D/InputEventConsistencyVerifier(  417):   1: sent at 198393000000, MotionEvent { action=ACTION_DOWN, id[0]=0, x[0]=389.0, y[0]=212.0, toolType[0]=TOOL_TYPE_UNKNOWN, buttonState=0, metaState=0, flags=0x80000000, edgeFlags=0x0, pointerCount=1, historySize=0, eventTime=198393, downTime=198393, deviceId=0, source=0x1002 }
D/InputEventConsistencyVerifier(  417):   2: sent at 198289000000, MotionEvent { action=ACTION_DOWN, id[0]=0, x[0]=442.0, y[0]=618.0, toolType[0]=TOOL_TYPE_UNKNOWN, buttonState=0, metaState=0, flags=0x80000000, edgeFlags=0x0, pointerCount=1, historySize=0, eventTime=198289, downTime=198289, deviceId=0, source=0x1002 }
D/InputEventConsistencyVerifier(  417):   3: sent at 198264000000, MotionEvent { action=ACTION_DOWN, id[0]=0, x[0]=402.0, y[0]=181.0, toolType[0]=TOOL_TYPE_UNKNOWN, buttonState=0, metaState=0, flags=0x0, edgeFlags=0x0, pointerCount=1, historySize=0, eventTime=198264, downTime=198263, deviceId=0, source=0x1002 }
D/InputEventConsistencyVerifier(  417):   4: sent at 197660000000, MotionEvent { action=ACTION_UP, id[0]=0, x[0]=436.0, y[0]=19.0, toolType[0]=TOOL_TYPE_UNKNOWN, buttonState=0, metaState=0, flags=0x0, edgeFlags=0x0, pointerCount=1, historySize=0, eventTime=197660, downTime=197630, deviceId=0, source=0x1002 }
D/InputEventConsistencyVerifier(  417):   5: sent at 197630000000, MotionEvent { action=ACTION_DOWN, id[0]=0, x[0]=437.0, y[0]=19.0, toolType[0]=TOOL_TYPE_UNKNOWN, buttonState=0, metaState=0, flags=0x80000000, edgeFlags=0x0, pointerCount=1, historySize=0, eventTime=197630, downTime=197630, deviceId=0, source=0x1002 }
V/PhoneStatusBar(  417): setLightsOn(true)
D/PhoneStatusBar(  417): disable: < expand icons alerts ticker* system_info back home recent clock >
W/InputMethodManagerService(  227): Window already focused, ignoring focus gain of: com.android.internal.view.IInputMethodClient$Stub$Proxy@b40ea590 attribute=null
I/Choreographer(  922): Skipped 39 frames!  The application may be doing too much work on its main thread.
E/WVMExtractor(   61): Failed to open libwvm.so
I/Choreographer(  922): Skipped 71 frames!  The application may be doing too much work on its main thread.
E/WVMExtractor(   61): Failed to open libwvm.so
E/WVMExtractor(   61): Failed to open libwvm.so
D/InputEventConsistencyVerifier(  922): TrackballEvent: Trackball is down but pressure is not greater than 0.
D/InputEventConsistencyVerifier(  922):   in android.view.ViewRootImpl@b4448518
D/InputEventConsistencyVerifier(  922):   0: sent at 199441000000, MotionEvent { action=ACTION_DOWN, id[0]=0, x[0]=0.0, y[0]=0.0, toolType[0]=TOOL_TYPE_UNKNOWN, buttonState=0, metaState=0, flags=0x0, edgeFlags=0x0, pointerCount=1, historySize=0, eventTime=199441, downTime=199358, deviceId=0, source=0x10004 }
D/InputEventConsistencyVerifier(  922):   -- recent events --
D/InputEventConsistencyVerifier(  922):   1: sent at 199568000000, KeyEvent { action=ACTION_UP, keyCode=KEYCODE_DPAD_DOWN, scanCode=0, metaState=0, flags=0x400, repeatCount=0, eventTime=199568, downTime=199568, deviceId=-1, source=0x101 }
D/InputEventConsistencyVerifier(  922):   2: sent at 199568000000, KeyEvent { action=ACTION_DOWN, keyCode=KEYCODE_DPAD_DOWN, scanCode=0, metaState=0, flags=0x400, repeatCount=0, eventTime=199568, downTime=199568, deviceId=-1, source=0x101 }
D/InputEventConsistencyVerifier(  922):   3: sent at 199566000000, KeyEvent { action=ACTION_UP, keyCode=KEYCODE_DPAD_DOWN, scanCode=0, metaState=0, flags=0x400, repeatCount=0, eventTime=199566, downTime=199566, deviceId=-1, source=0x101 }
D/InputEventConsistencyVerifier(  922):   4: sent at 199566000000, KeyEvent { action=ACTION_DOWN, keyCode=KEYCODE_DPAD_DOWN, scanCode=0, metaState=0, flags=0x400, repeatCount=0, eventTime=199566, downTime=199566, deviceId=-1, source=0x101 }
D/InputEventConsistencyVerifier(  922):   5: sent at 199438000000, MotionEvent { action=ACTION_MOVE, id[0]=0, x[0]=-2.0, y[0]=2.0, toolType[0]=TOOL_TYPE_UNKNOWN, buttonState=0, metaState=0, flags=0x0, edgeFlags=0x0, pointerCount=1, historySize=9, eventTime=199438, downTime=-1, deviceId=0, source=0x10004 }
I/Choreographer(  922): Skipped 129 frames!  The application may be doing too much work on its main thread.
W/dalvikvm(  922): DroidBox: { "FdAccess": { "path": "2f646174612f646174612f636f6d2e7365742e70686f6e652f7368617265645f70726566732f636f6d2e7365742e70686f6e655f707265666572656e6365732e786d6c", "id": "697589852" } }
W/DroidBox(  922): DroidBox: { "FileRW": { "operation": "write", "data": "3c3f786d6c2076657273696f6e3d27312e302720656e636f64696e673d277574662d3827207374616e64616c6f6e653d2779657327203f3e0a3c6d61703e0a3c626f6f6c65616e206e616d653d22707265665f6b65795f6e6f74696679222076616c7565", "id": "697589852" } }
E/WVMExtractor(   61): Failed to open libwvm.so
I/Choreographer(  922): Skipped 197 frames!  The application may be doing too much work on its main thread.
E/WVMExtractor(   61): Failed to open libwvm.so
E/WVMExtractor(   61): Failed to open libwvm.so
I/Choreographer(  922): Skipped 172 frames!  The application may be doing too much work on its main thread.
E/WVMExtractor(   61): Failed to open libwvm.so
W/InputMethodManagerService(  227): Window already focused, ignoring focus gain of: com.android.internal.view.IInputMethodClient$Stub$Proxy@b4101610 attribute=null
I/Choreographer(  922): Skipped 33 frames!  The application may be doing too much work on its main thread.
E/WVMExtractor(   61): Failed to open libwvm.so
E/WVMExtractor(   61): Failed to open libwvm.so
W/dalvikvm(  922): DroidBox: { "FdAccess": { "path": "2f646174612f646174612f636f6d2e7365742e70686f6e652f7368617265645f70726566732f636f6d2e7365742e70686f6e655f707265666572656e6365732e786d6c", "id": "666549777" } }
W/DroidBox(  922): DroidBox: { "FileRW": { "operation": "write", "data": "3c3f786d6c2076657273696f6e3d27312e302720656e636f64696e673d277574662d3827207374616e64616c6f6e653d2779657327203f3e0a3c6d61703e0a3c626f6f6c65616e206e616d653d22707265665f6b65795f6e6f74696679222076616c7565", "id": "666549777" } }
D/PhoneStatusBar(  417): addNotification score=0
E/WVMExtractor(   61): Failed to open libwvm.so
I/Choreographer(  922): Skipped 59 frames!  The application may be doing too much work on its main thread.
I/Choreographer(  417): Skipped 74 frames!  The application may be doing too much work on its main thread.
D/SizeAdaptiveLayout(  417): com.android.internal.widget.SizeAdaptiveLayout@b3eea2e0child view android.widget.FrameLayout@b4294cd0 measured out of bounds at 95px clamped to 96px
D/SizeAdaptiveLayout(  417): com.android.internal.widget.SizeAdaptiveLayout@b3eea2e0child view android.widget.FrameLayout@b4294cd0 measured out of bounds at 95px clamped to 96px
W/dalvikvm(  922): DroidBox: { "FdAccess": { "path": "2f646174612f646174612f636f6d2e7365742e70686f6e652f7368617265645f70726566732f636f6d2e7365742e70686f6e655f707265666572656e6365732e786d6c", "id": "778628072" } }
W/DroidBox(  922): DroidBox: { "FileRW": { "operation": "write", "data": "3c3f786d6c2076657273696f6e3d27312e302720656e636f64696e673d277574662d3827207374616e64616c6f6e653d2779657327203f3e0a3c6d61703e0a3c626f6f6c65616e206e616d653d22707265665f6b65795f6e6f74696679222076616c7565", "id": "778628072" } }
I/Choreographer(  922): Skipped 83 frames!  The application may be doing too much work on its main thread.
E/WVMExtractor(   61): Failed to open libwvm.so
I/Choreographer(  922): Skipped 59 frames!  The application may be doing too much work on its main thread.
E/WVMExtractor(   61): Failed to open libwvm.so
W/dalvikvm(  922): DroidBox: { "FdAccess": { "path": "2f646174612f646174612f636f6d2e7365742e70686f6e652f7368617265645f70726566732f636f6d2e7365742e70686f6e655f707265666572656e6365732e786d6c", "id": "208934583" } }
W/DroidBox(  922): DroidBox: { "FileRW": { "operation": "write", "data": "3c3f786d6c2076657273696f6e3d27312e302720656e636f64696e673d277574662d3827207374616e64616c6f6e653d2779657327203f3e0a3c6d61703e0a3c626f6f6c65616e206e616d653d22707265665f6b65795f6e6f74696679222076616c7565", "id": "208934583" } }
I/Choreographer(  922): Skipped 68 frames!  The application may be doing too much work on its main thread.
D/InputEventConsistencyVerifier(  922): TrackballEvent: Trackball is down but pressure is not greater than 0.
D/InputEventConsistencyVerifier(  922):   in android.view.ViewRootImpl@b41414f8
D/InputEventConsistencyVerifier(  922):   0: sent at 204089000000, MotionEvent { action=ACTION_DOWN, id[0]=0, x[0]=0.0, y[0]=0.0, toolType[0]=TOOL_TYPE_UNKNOWN, buttonState=0, metaState=0, flags=0x0, edgeFlags=0x0, pointerCount=1, historySize=0, eventTime=204089, downTime=204010, deviceId=0, source=0x10004 }
D/InputEventConsistencyVerifier(  922):   -- recent events --
D/InputEventConsistencyVerifier(  922):   1: sent at 204087000000, MotionEvent { action=ACTION_MOVE, id[0]=0, x[0]=-2.0, y[0]=4.0, toolType[0]=TOOL_TYPE_UNKNOWN, buttonState=0, metaState=0, flags=0x0, edgeFlags=0x0, pointerCount=1, historySize=9, eventTime=204087, downTime=-1, deviceId=0, source=0x10004 }
D/InputEventConsistencyVerifier(  922):   2: sent at 203837000000, KeyEvent { action=ACTION_UP, keyCode=KEYCODE_SCROLL_LOCK, scanCode=0, metaState=0, flags=0x8, repeatCount=0, eventTime=203837, downTime=203837, deviceId=-1, source=0x101 }
D/InputEventConsistencyVerifier(  922):   3: sent at 203720000000, KeyEvent { action=ACTION_DOWN, keyCode=KEYCODE_SCROLL_LOCK, scanCode=0, metaState=0, flags=0x8, repeatCount=0, eventTime=203720, downTime=203720, deviceId=-1, source=0x101 }
D/InputEventConsistencyVerifier(  922):   4: sent at 203715000000, MotionEvent { action=ACTION_UP, id[0]=0, x[0]=354.0, y[0]=468.0, toolType[0]=TOOL_TYPE_UNKNOWN, buttonState=0, metaState=0, flags=0x0, edgeFlags=0x0, pointerCount=1, historySize=0, eventTime=203715, downTime=203490, deviceId=0, source=0x1002 }
D/InputEventConsistencyVerifier(  922):   5: sent at 203712000000, MotionEvent { action=ACTION_MOVE, id[0]=0, x[0]=355.0, y[0]=465.0, toolType[0]=TOOL_TYPE_UNKNOWN, buttonState=0, metaState=0, flags=0x0, edgeFlags=0x0, pointerCount=1, historySize=2, eventTime=203712, downTime=203490, deviceId=0, source=0x1002 }
E/WVMExtractor(   61): Failed to open libwvm.so
W/dalvikvm(  922): DroidBox: { "FdAccess": { "path": "2f646174612f646174612f636f6d2e7365742e70686f6e652f7368617265645f70726566732f636f6d2e7365742e70686f6e655f707265666572656e6365732e786d6c", "id": "1726745145" } }
E/WVMExtractor(   61): Failed to open libwvm.so
I/Choreographer(  922): Skipped 83 frames!  The application may be doing too much work on its main thread.
W/DroidBox(  922): DroidBox: { "FileRW": { "operation": "write", "data": "3c3f786d6c2076657273696f6e3d27312e302720656e636f64696e673d277574662d3827207374616e64616c6f6e653d2779657327203f3e0a3c6d61703e0a3c626f6f6c65616e206e616d653d22707265665f6b65795f6e6f74696679222076616c7565", "id": "1726745145" } }
E/WVMExtractor(   61): Failed to open libwvm.so
E/WVMExtractor(   61): Failed to open libwvm.so
E/WVMExtractor(   61): Failed to open libwvm.so
E/WVMExtractor(   61): Failed to open libwvm.so
E/WVMExtractor(   61): Failed to open libwvm.so
D/InputEventConsistencyVerifier(  922): KeyEvent: ACTION_UP but key was not down.
D/InputEventConsistencyVerifier(  922):   in android.view.ViewRootImpl@b3f23180
D/InputEventConsistencyVerifier(  922):   0: sent at 204439000000, KeyEvent { action=ACTION_UP, keyCode=KEYCODE_DPAD_LEFT, scanCode=0, metaState=0, flags=0x8, repeatCount=0, eventTime=204439, downTime=204439, deviceId=-1, source=0x101 }
I/Choreographer(  922): Skipped 48 frames!  The application may be doing too much work on its main thread.
E/WVMExtractor(   61): Failed to open libwvm.so
E/WVMExtractor(   61): Failed to open libwvm.so
I/InputDispatcher(  227): Window 'Window{b40eb970 com.set.phone/com.mobile.taskkiller.Settings paused=false}' spent 3128.0ms processing the last input event: KeyEvent(action=0, deviceId=-1, source=0x00000101)
I/Choreographer(  922): Skipped 161 frames!  The application may be doing too much work on its main thread.
E/WVMExtractor(   61): Failed to open libwvm.so
I/Choreographer(  922): Skipped 123 frames!  The application may be doing too much work on its main thread.
E/WVMExtractor(   61): Failed to open libwvm.so
W/InputMethodManagerService(  227): Window already focused, ignoring focus gain of: com.android.internal.view.IInputMethodClient$Stub$Proxy@b3ec1dc0 attribute=null
E/WVMExtractor(   61): Failed to open libwvm.so
I/Choreographer(  922): Skipped 37 frames!  The application may be doing too much work on its main thread.
E/WVMExtractor(   61): Failed to open libwvm.so
E/WVMExtractor(   61): Failed to open libwvm.so
E/WVMExtractor(   61): Failed to open libwvm.so
I/Choreographer(  922): Skipped 82 frames!  The application may be doing too much work on its main thread.
E/WVMExtractor(   61): Failed to open libwvm.so
E/WVMExtractor(   61): Failed to open libwvm.so
I/Choreographer(  922): Skipped 57 frames!  The application may be doing too much work on its main thread.
I/Choreographer(  922): Skipped 113 frames!  The application may be doing too much work on its main thread.
I/Choreographer(  922): Skipped 99 frames!  The application may be doing too much work on its main thread.
D/InputEventConsistencyVerifier(  922): TrackballEvent: Trackball is down but pressure is not greater than 0.
D/InputEventConsistencyVerifier(  922):   in android.view.ViewRootImpl@b3e9d978
D/InputEventConsistencyVerifier(  922):   0: sent at 212268000000, MotionEvent { action=ACTION_DOWN, id[0]=0, x[0]=0.0, y[0]=0.0, toolType[0]=TOOL_TYPE_UNKNOWN, buttonState=0, metaState=0, flags=0x0, edgeFlags=0x0, pointerCount=1, historySize=0, eventTime=212268, downTime=212203, deviceId=0, source=0x10004 }
D/InputEventConsistencyVerifier(  922):   -- recent events --
D/InputEventConsistencyVerifier(  922):   1: sent at 212427000000, KeyEvent { action=ACTION_UP, keyCode=KEYCODE_DPAD_DOWN, scanCode=0, metaState=0, flags=0x400, repeatCount=0, eventTime=212427, downTime=212427, deviceId=-1, source=0x101 }
D/InputEventConsistencyVerifier(  922):   2: sent at 212427000000, KeyEvent { action=ACTION_DOWN, keyCode=KEYCODE_DPAD_DOWN, scanCode=0, metaState=0, flags=0x400, repeatCount=0, eventTime=212427, downTime=212427, deviceId=-1, source=0x101 }
D/InputEventConsistencyVerifier(  922):   3: sent at 212425000000, KeyEvent { action=ACTION_UP, keyCode=KEYCODE_DPAD_DOWN, scanCode=0, metaState=0, flags=0x400, repeatCount=0, eventTime=212425, downTime=212425, deviceId=-1, source=0x101 }
D/InputEventConsistencyVerifier(  922):   4: sent at 212425000000, KeyEvent { action=ACTION_DOWN, keyCode=KEYCODE_DPAD_DOWN, scanCode=0, metaState=0, flags=0x400, repeatCount=0, eventTime=212425, downTime=212425, deviceId=-1, source=0x101 }
D/InputEventConsistencyVerifier(  922):   5: sent at 212240000000, MotionEvent { action=ACTION_MOVE, id[0]=0, x[0]=-2.0, y[0]=2.0, toolType[0]=TOOL_TYPE_UNKNOWN, buttonState=0, metaState=0, flags=0x0, edgeFlags=0x0, pointerCount=1, historySize=17, eventTime=212240, downTime=-1, deviceId=0, source=0x10004 }
I/Choreographer(  922): Skipped 158 frames!  The application may be doing too much work on its main thread.
W/InputMethodManagerService(  227): Window already focused, ignoring focus gain of: com.android.internal.view.IInputMethodClient$Stub$Proxy@b3e8f028 attribute=null
I/Choreographer(  922): Skipped 37 frames!  The application may be doing too much work on its main thread.
I/Choreographer(  922): Skipped 32 frames!  The application may be doing too much work on its main thread.
I/ActivityManager(  227): START {act=android.intent.action.MAIN cat=[android.intent.category.LAUNCHER] flg=0x10200000 cmp=com.set.phone/.main u=0} from pid 894
I/Choreographer(  922): Skipped 73 frames!  The application may be doing too much work on its main thread.
W/InputMethodManagerService(  227): Window already focused, ignoring focus gain of: com.android.internal.view.IInputMethodClient$Stub$Proxy@b4323588 attribute=null
I/Choreographer(  922): Skipped 33 frames!  The application may be doing too much work on its main thread.
E/WVMExtractor(   61): Failed to open libwvm.so
E/MetadataRetrieverClient(   61): failed to extract an album art
E/WVMExtractor(   61): Failed to open libwvm.so
I/Choreographer(  922): Skipped 49 frames!  The application may be doing too much work on its main thread.
E/MetadataRetrieverClient(   61): failed to extract an album art
I/ActivityManager(  227): No longer want com.android.contacts (pid 719): hidden #16
D/InputEventConsistencyVerifier(  417): TouchEvent: ACTION_DOWN but pointers are already down.  Probably missing ACTION_UP from previous gesture.
D/InputEventConsistencyVerifier(  417):   in android.view.ScaleGestureDetector@b3eccb18
