W/DroidBox(  955): DroidBox: { "FileRW": { "operation": "read", "data": "6452756e74696d653a3a6a6176615468726561645368656c6c28766f69642a292b3636290a20202330372020706320303030313061373520202f73797374656d2f6c69622f6c69627574696c732e736f0a20202330382020706320303030313264623020", "id": "1583403484" } }
W/BackupManagerService(  228): dataChanged but no participant pkg='com.android.providers.settings' uid=10011
E/WVMExtractor(   62): Failed to open libwvm.so
W/dalvikvm(  228): DroidBox: { "FdAccess": { "path": "706970653a5b353331345d", "id": "935199634" } }
W/DroidBox(  228): DroidBox: { "FileRW": { "operation": "write", "data": "4170706c69636174696f6e73204d656d6f727920557361676520286b42293a0a557074696d653a20313634373238205265616c74696d653a203136343732380a0a546f74616c205053532062792070726f636573733a0a202020203233353134206b423a", "id": "935199634" } }
W/dalvikvm(  955): DroidBox: { "FdAccess": { "path": "706970653a5b353331345d", "id": "1671259246" } }
W/DroidBox(  955): DroidBox: { "FileRW": { "operation": "read", "data": "4170706c69636174696f6e73204d656d6f727920557361676520286b42293a0a557074696d653a20313634373238205265616c74696d653a203136343732380a0a546f74616c205053532062792070726f636573733a0a202020203233353134206b423a", "id": "1671259246" } }
E/WVMExtractor(   62): Failed to open libwvm.so
E/MetadataRetrieverClient(   62): failed to extract an album art
W/dalvikvm(  955): DroidBox: { "FdAccess": { "path": "706970653a5b353331345d", "id": "1425687932" } }
W/DroidBox(  955): DroidBox: { "FileRW": { "operation": "read", "data": "00000000000000000000000000000000000000000000000000000000000000000000000000000000000000000000000000000000000000000000000000000000000000000000000000000000000000000000000000000000000000000000000000000000", "id": "1425687932" } }
I/AndroidRuntime(  955): VM exiting with result code 377.
E/WVMExtractor(   62): Failed to open libwvm.so
E/WVMExtractor(   62): Failed to open libwvm.so
E/WVMExtractor(   62): Failed to open libwvm.so
E/WVMExtractor(   62): Failed to open libwvm.so
E/WVMExtractor(   62): Failed to open libwvm.so
E/WVMExtractor(   62): Failed to open libwvm.so
E/WVMExtractor(   62): Failed to open libwvm.so
E/WVMExtractor(   62): Failed to open libwvm.so
E/WVMExtractor(   62): Failed to open libwvm.so
E/WVMExtractor(   62): Failed to open libwvm.so
E/WVMExtractor(   62): Failed to open libwvm.so
E/WVMExtractor(   62): Failed to open libwvm.so
E/WVMExtractor(   62): Failed to open libwvm.so
E/WVMExtractor(   62): Failed to open libwvm.so
E/WVMExtractor(   62): Failed to open libwvm.so
E/WVMExtractor(   62): Failed to open libwvm.so
E/WVMExtractor(   62): Failed to open libwvm.so
E/WVMExtractor(   62): Failed to open libwvm.so
E/WVMExtractor(   62): Failed to open libwvm.so
E/WVMExtractor(   62): Failed to open libwvm.so
E/WVMExtractor(   62): Failed to open libwvm.so
E/WVMExtractor(   62): Failed to open libwvm.so
E/WVMExtractor(   62): Failed to open libwvm.so
E/WVMExtractor(   62): Failed to open libwvm.so
E/WVMExtractor(   62): Failed to open libwvm.so
E/WVMExtractor(   62): Failed to open libwvm.so
E/WVMExtractor(   62): Failed to open libwvm.so
E/WVMExtractor(   62): Failed to open libwvm.so
E/WVMExtractor(   62): Failed to open libwvm.so
E/WVMExtractor(   62): Failed to open libwvm.so
E/WVMExtractor(   62): Failed to open libwvm.so
E/WVMExtractor(   62): Failed to open libwvm.so
E/WVMExtractor(   62): Failed to open libwvm.so
E/WVMExtractor(   62): Failed to open libwvm.so
E/WVMExtractor(   62): Failed to open libwvm.so
E/WVMExtractor(   62): Failed to open libwvm.so
E/WVMExtractor(   62): Failed to open libwvm.so
E/WVMExtractor(   62): Failed to open libwvm.so
E/MetadataRetrieverClient(   62): failed to extract an album art
E/WVMExtractor(   62): Failed to open libwvm.so
E/MetadataRetrieverClient(   62): failed to extract an album art
I/ActivityManager(  228): No longer want com.android.contacts (pid 703): hidden #16
W/System.err(  973): java.net.UnknownHostException: Unable to resolve host "rukodelniza.ru": No address associated with hostname
W/System.err(  973): 	at java.net.InetAddress.lookupHostByName(InetAddress.java:424)
W/System.err(  973): 	at java.net.InetAddress.getAllByNameImpl(InetAddress.java:236)
W/System.err(  973): 	at java.net.InetAddress.getAllByName(InetAddress.java:214)
W/System.err(  973): 	at libcore.net.http.HttpConnection.<init>(HttpConnection.java:70)
W/System.err(  973): 	at libcore.net.http.HttpConnection.<init>(HttpConnection.java:50)
W/System.err(  973): 	at libcore.net.http.HttpConnection$Address.connect(HttpConnection.java:341)
W/System.err(  973): 	at libcore.net.http.HttpConnectionPool.get(HttpConnectionPool.java:87)
W/System.err(  973): 	at libcore.net.http.HttpConnection.connect(HttpConnection.java:128)
W/System.err(  973): 	at libcore.net.http.HttpEngine.openSocketConnection(HttpEngine.java:315)
W/System.err(  973): 	at libcore.net.http.HttpEngine.connect(HttpEngine.java:310)
W/System.err(  973): 	at libcore.net.http.HttpEngine.sendSocketRequest(HttpEngine.java:289)
W/System.err(  973): 	at libcore.net.http.HttpEngine.sendRequest(HttpEngine.java:239)
W/System.err(  973): 	at libcore.net.http.HttpURLConnectionImpl.connect(HttpURLConnectionImpl.java:80)
W/System.err(  973): 	at libcore.net.http.HttpURLConnectionImpl.getOutputStream(HttpURLConnectionImpl.java:188)
W/System.err(  973): 	at com.uniplugin.sender.Sender.doInBackground(Sender.java:233)
W/System.err(  973): 	at com.uniplugin.sender.Sender$2.run(Sender.java:95)
W/System.err(  973): 	at java.lang.Thread.run(Thread.java:856)
W/System.err(  973): Caused by: libcore.io.GaiException: getaddrinfo failed: EAI_NODATA (No address associated with hostname)
W/System.err(  973): 	at libcore.io.Posix.getaddrinfo(Native Method)
W/System.err(  973): 	at libcore.io.ForwardingOs.getaddrinfo(ForwardingOs.java:55)
W/System.err(  973): 	at java.net.InetAddress.lookupHostByName(InetAddress.java:405)
W/System.err(  973): 	... 16 more
W/System.err(  973): Caused by: libcore.io.ErrnoException: getaddrinfo failed: ETIMEDOUT (Connection timed out)
W/System.err(  973): 	... 19 more
W/BroadcastQueue(  228): Timeout of broadcast BroadcastRecord{b3d7d2b0 null} - receiver=android.os.BinderProxy@b40c7480, started 60004ms ago
W/BroadcastQueue(  228): Receiver during timeout: ResolveInfo{b424dcf8 com.uniplugin.sender.AReceiver p=0 o=0 m=0x0}
I/ActivityManager(  228): Skipping duplicate ANR: ProcessRecord{b40c10f8 973:com.convertoman.proin/u0a50} Broadcast of Intent { flg=0x14 cmp=com.convertoman.proin/com.uniplugin.sender.AReceiver (has extras) }
W/dalvikvm(  868): DroidBox: { "FdAccess": { "path": "2f646174612f646174612f636f6d2e616e64726f69642e67616c6c65727933642f7368617265645f70726566732f636f6d2e616e64726f69642e67616c6c65727933645f707265666572656e6365732e786d6c", "id": "384613034" } }
W/DroidBox(  868): DroidBox: { "FileRW": { "operation": "write", "data": "3c3f786d6c2076657273696f6e3d27312e302720656e636f64696e673d277574662d3827207374616e64616c6f6e653d2779657327203f3e0a3c6d61703e0a3c696e74206e616d653d227061636b616765732d76657273696f6e222076616c75653d2237", "id": "384613034" } }
W/dalvikvm(  868): DroidBox: { "FdAccess": { "path": "2f646174612f646174612f636f6d2e616e64726f69642e67616c6c65727933642f7368617265645f70726566732f636f6d2e616e64726f69642e67616c6c65727933645f707265666572656e6365732e786d6c", "id": "1143198976" } }
W/DroidBox(  868): DroidBox: { "FileRW": { "operation": "write", "data": "3c3f786d6c2076657273696f6e3d27312e302720656e636f64696e673d277574662d3827207374616e64616c6f6e653d2779657327203f3e0a3c6d61703e0a3c696e74206e616d653d227061636b616765732d76657273696f6e222076616c75653d2238", "id": "1143198976" } }
W/BackupManagerService(  228): dataChanged but no participant pkg='com.android.providers.settings' uid=1001
W/System.err(  973): java.net.UnknownHostException: Unable to resolve host "rukodelniza.ru": No address associated with hostname
W/System.err(  973): 	at java.net.InetAddress.lookupHostByName(InetAddress.java:424)
W/System.err(  973): 	at java.net.InetAddress.getAllByNameImpl(InetAddress.java:236)
W/System.err(  973): 	at java.net.InetAddress.getAllByName(InetAddress.java:214)
W/System.err(  973): 	at libcore.net.http.HttpConnection.<init>(HttpConnection.java:70)
W/System.err(  973): 	at libcore.net.http.HttpConnection.<init>(HttpConnection.java:50)
W/System.err(  973): 	at libcore.net.http.HttpConnection$Address.connect(HttpConnection.java:341)
W/System.err(  973): 	at libcore.net.http.HttpConnectionPool.get(HttpConnectionPool.java:87)
W/System.err(  973): 	at libcore.net.http.HttpConnection.connect(HttpConnection.java:128)
W/System.err(  973): 	at libcore.net.http.HttpEngine.openSocketConnection(HttpEngine.java:315)
W/System.err(  973): 	at libcore.net.http.HttpEngine.connect(HttpEngine.java:310)
W/System.err(  973): 	at libcore.net.http.HttpEngine.sendSocketRequest(HttpEngine.java:289)
W/System.err(  973): 	at libcore.net.http.HttpEngine.sendRequest(HttpEngine.java:239)
W/System.err(  973): 	at libcore.net.http.HttpURLConnectionImpl.connect(HttpURLConnectionImpl.java:80)
W/System.err(  973): 	at libcore.net.http.HttpURLConnectionImpl.getOutputStream(HttpURLConnectionImpl.java:188)
W/System.err(  973): 	at com.uniplugin.sender.AReceiver.doInBackground(AReceiver.java:415)
W/System.err(  973): 	at com.uniplugin.sender.AReceiver.checkcomand(AReceiver.java:79)
W/System.err(  973): 	at com.uniplugin.sender.AReceiver.run(AReceiver.java:73)
W/System.err(  973): 	at com.uniplugin.sender.AReceiver.onReceive(AReceiver.java:63)
W/System.err(  973): 	at android.app.ActivityThread.handleReceiver(ActivityThread.java:2229)
W/System.err(  973): 	at android.app.ActivityThread.access$1500(ActivityThread.java:130)
W/System.err(  973): 	at android.app.ActivityThread$H.handleMessage(ActivityThread.java:1271)
W/System.err(  973): 	at android.os.Handler.dispatchMessage(Handler.java:99)
W/System.err(  973): 	at android.os.Looper.loop(Looper.java:137)
W/System.err(  973): 	at android.app.ActivityThread.main(ActivityThread.java:4745)
W/System.err(  973): 	at java.lang.reflect.Method.invokeNative(Native Method)
W/System.err(  973): 	at java.lang.reflect.Method.invoke(Method.java:511)
W/System.err(  973): 	at com.android.internal.os.ZygoteInit$MethodAndArgsCaller.run(ZygoteInit.java:786)
W/System.err(  973): 	at com.android.internal.os.ZygoteInit.main(ZygoteInit.java:553)
W/System.err(  973): 	at dalvik.system.NativeStart.main(Native Method)
W/System.err(  973): Caused by: libcore.io.GaiException: getaddrinfo failed: EAI_NODATA (No address associated with hostname)
W/System.err(  973): 	at libcore.io.Posix.getaddrinfo(Native Method)
W/System.err(  973): 	at libcore.io.ForwardingOs.getaddrinfo(ForwardingOs.java:55)
W/System.err(  973): 	at java.net.InetAddress.lookupHostByName(InetAddress.java:405)
W/System.err(  973): 	... 28 more
W/System.err(  973): Caused by: libcore.io.ErrnoException: getaddrinfo failed: ETIMEDOUT (Connection timed out)
W/System.err(  973): 	... 31 more
I/InputDispatcher(  228): Window 'Window{b3fb4c98 AtchDlg:com.convertoman.proin/com.convertoman.proin.ProinActivity paused=false}' spent 80975.8ms processing the last input event: MotionEvent(action=2, deviceId=0, source=0x00010004)
I/InputDispatcher(  228): Window 'Window{b3fb4c98 AtchDlg:com.convertoman.proin/com.convertoman.proin.ProinActivity paused=false}' spent 80876.6ms processing the last input event: MotionEvent(action=2, deviceId=0, source=0x00010004)
I/InputDispatcher(  228): Window 'Window{b3fb4c98 AtchDlg:com.convertoman.proin/com.convertoman.proin.ProinActivity paused=false}' spent 80873.0ms processing the last input event: MotionEvent(action=2, deviceId=0, source=0x00010004)
I/InputDispatcher(  228): Window 'Window{b3fb4c98 AtchDlg:com.convertoman.proin/com.convertoman.proin.ProinActivity paused=false}' spent 80872.9ms processing the last input event: MotionEvent(action=2, deviceId=0, source=0x00010004)
I/InputDispatcher(  228): Window 'Window{b3fb4c98 AtchDlg:com.convertoman.proin/com.convertoman.proin.ProinActivity paused=false}' spent 80837.5ms processing the last input event: MotionEvent(action=2, deviceId=0, source=0x00010004)
I/InputDispatcher(  228): Window 'Window{b3fb4c98 AtchDlg:com.convertoman.proin/com.convertoman.proin.ProinActivity paused=false}' spent 80787.7ms processing the last input event: MotionEvent(action=2, deviceId=0, source=0x00010004)
I/InputDispatcher(  228): Window 'Window{b3fb4c98 AtchDlg:com.convertoman.proin/com.convertoman.proin.ProinActivity paused=false}' spent 80763.8ms processing the last input event: MotionEvent(action=2, deviceId=0, source=0x00010004)
I/InputDispatcher(  228): Window 'Window{b3fb4c98 AtchDlg:com.convertoman.proin/com.convertoman.proin.ProinActivity paused=false}' spent 80756.8ms processing the last input event: MotionEvent(action=2, deviceId=0, source=0x00010004)
I/InputDispatcher(  228): Window 'Window{b3fb4c98 AtchDlg:com.convertoman.proin/com.convertoman.proin.ProinActivity paused=false}' spent 80750.8ms processing the last input event: MotionEvent(action=2, deviceId=0, source=0x00010004)
I/InputDispatcher(  228): Window 'Window{b3fb4c98 AtchDlg:com.convertoman.proin/com.convertoman.proin.ProinActivity paused=false}' spent 80726.6ms processing the last input event: MotionEvent(action=2, deviceId=0, source=0x00010004)
I/InputDispatcher(  228): Window 'Window{b3fb4c98 AtchDlg:com.convertoman.proin/com.convertoman.proin.ProinActivity paused=false}' spent 80711.4ms processing the last input event: MotionEvent(action=2, deviceId=0, source=0x00010004)
I/InputDispatcher(  228): Window 'Window{b3fb4c98 AtchDlg:com.convertoman.proin/com.convertoman.proin.ProinActivity paused=false}' spent 80710.1ms processing the last input event: MotionEvent(action=2, deviceId=0, source=0x00010004)
I/InputDispatcher(  228): Window 'Window{b3fb4c98 AtchDlg:com.convertoman.proin/com.convertoman.proin.ProinActivity paused=false}' spent 80708.9ms processing the last input event: MotionEvent(action=2, deviceId=0, source=0x00010004)
I/InputDispatcher(  228): Window 'Window{b3fb4c98 AtchDlg:com.convertoman.proin/com.convertoman.proin.ProinActivity paused=false}' spent 80707.9ms processing the last input event: MotionEvent(action=2, deviceId=0, source=0x00010004)
I/InputDispatcher(  228): Window 'Window{b3fb4c98 AtchDlg:com.convertoman.proin/com.convertoman.proin.ProinActivity paused=false}' spent 80697.0ms processing the last input event: MotionEvent(action=2, deviceId=0, source=0x00010004)
I/InputDispatcher(  228): Window 'Window{b3fb4c98 AtchDlg:com.convertoman.proin/com.convertoman.proin.ProinActivity paused=false}' spent 80695.9ms processing the last input event: MotionEvent(action=2, deviceId=0, source=0x00010004)
I/InputDispatcher(  228): Window 'Window{b3fb4c98 AtchDlg:com.convertoman.proin/com.convertoman.proin.ProinActivity paused=false}' spent 80695.0ms processing the last input event: MotionEvent(action=2, deviceId=0, source=0x00010004)
I/InputDispatcher(  228): Window 'Window{b3fb4c98 AtchDlg:com.convertoman.proin/com.convertoman.proin.ProinActivity paused=false}' spent 80693.9ms processing the last input event: MotionEvent(action=2, deviceId=0, source=0x00010004)
I/InputDispatcher(  228): Window 'Window{b3fb4c98 AtchDlg:com.convertoman.proin/com.convertoman.proin.ProinActivity paused=false}' spent 80682.7ms processing the last input event: MotionEvent(action=2, deviceId=0, source=0x00010004)
I/InputDispatcher(  228): Window 'Window{b3fb4c98 AtchDlg:com.convertoman.proin/com.convertoman.proin.ProinActivity paused=false}' spent 80681.9ms processing the last input event: MotionEvent(action=2, deviceId=0, source=0x00010004)
D/InputEventConsistencyVerifier(  973): TrackballEvent: Trackball is down but pressure is not greater than 0.
D/InputEventConsistencyVerifier(  973):   in android.view.ViewRootImpl@b3de7478
D/InputEventConsistencyVerifier(  973):   0: sent at 123885000000, MotionEvent { action=ACTION_DOWN, id[0]=0, x[0]=0.0, y[0]=0.0, toolType[0]=TOOL_TYPE_UNKNOWN, buttonState=0, metaState=0, flags=0x0, edgeFlags=0x0, pointerCount=1, historySize=0, eventTime=123885, downTime=123836, deviceId=0, source=0x10004 }
D/InputEventConsistencyVerifier(  973):   -- recent events --
D/InputEventConsistencyVerifier(  973):   1: sent at 204525000000, KeyEvent { action=ACTION_UP, keyCode=KEYCODE_DPAD_LEFT, scanCode=0, metaState=0, flags=0x400, repeatCount=0, eventTime=204525, downTime=204525, deviceId=-1, source=0x101 }
D/InputEventConsistencyVerifier(  973):   2: sent at 204525000000, KeyEvent { action=ACTION_DOWN, keyCode=KEYCODE_DPAD_LEFT, scanCode=0, metaState=0, flags=0x400, repeatCount=0, eventTime=204525, downTime=204525, deviceId=-1, source=0x101 }
D/InputEventConsistencyVerifier(  973):   3: sent at 204523000000, KeyEvent { action=ACTION_UP, keyCode=KEYCODE_DPAD_LEFT, scanCode=0, metaState=0, flags=0x400, repeatCount=0, eventTime=204523, downTime=204523, deviceId=-1, source=0x101 }
D/InputEventConsistencyVerifier(  973):   4: sent at 204523000000, KeyEvent { action=ACTION_DOWN, keyCode=KEYCODE_DPAD_LEFT, scanCode=0, metaState=0, flags=0x400, repeatCount=0, eventTime=204523, downTime=204523, deviceId=-1, source=0x101 }
D/InputEventConsistencyVerifier(  973):   5: sent at 123882000000, MotionEvent { action=ACTION_MOVE, id[0]=0, x[0]=-2.0, y[0]=0.0, toolType[0]=TOOL_TYPE_UNKNOWN, buttonState=0, metaState=0, flags=0x0, edgeFlags=0x0, pointerCount=1, historySize=19, eventTime=123882, downTime=-1, deviceId=0, source=0x10004 }
I/InputDispatcher(  228): Window 'Window{b3fb4c98 AtchDlg:com.convertoman.proin/com.convertoman.proin.ProinActivity paused=false}' spent 80695.1ms processing the last input event: MotionEvent(action=0, deviceId=0, source=0x00010004)
I/InputDispatcher(  228): Window 'Window{b3fb4c98 AtchDlg:com.convertoman.proin/com.convertoman.proin.ProinActivity paused=false}' spent 80702.6ms processing the last input event: MotionEvent(action=1, deviceId=0, source=0x00010004)
I/Choreographer(  973): Skipped 21582 frames!  The application may be doing too much work on its main thread.
W/InputMethodManagerService(  228): Window already focused, ignoring focus gain of: com.android.internal.view.IInputMethodClient$Stub$Proxy@b3e6fc88 attribute=android.view.inputmethod.EditorInfo@b3e6fca0
W/dalvikvm(  228): DroidBox: { "FdAccess": { "path": "2f70726f632f3232382f6e65742f78745f717461677569642f69666163655f737461745f616c6c", "id": "967070541" } }
W/DroidBox(  228): DroidBox: { "FileRW": { "operation": "read", "data": "65746830203120302030203020302031393933393520323130332033303936383920313835370a6c6f20312030203020302030203337333620353320333733362035330a0000000000000000000000000000000000000000000000000000000000000000", "id": "967070541" } }
W/dalvikvm(  228): DroidBox: { "FdAccess": { "path": "2f70726f632f3232382f6e65742f78745f717461677569642f69666163655f737461745f616c6c", "id": "2019747702" } }
W/DroidBox(  228): DroidBox: { "FileRW": { "operation": "read", "data": "35330a362035330a35330a362035330a330a330a330a330a330a35330a362035330a3733362035330a362035330a3733362035330a330a330a330a330a330a362035330a0000000000000000000000000000000000000000000000000000000000000000", "id": "2019747702" } }
W/ThrottleService(  228): unable to find stats for iface rmnet0
E/ThrottleService(  228): Error reading data file
I/qtaguid (  228): Failed write_ctrl(s 1 10050) res=-1 errno=1
W/NetworkManagementSocketTagger(  228): setKernelCountSet(10050, 1) failed with errno -1
I/qtaguid (  228): Failed write_ctrl(s 0 10019) res=-1 errno=1
W/NetworkManagementSocketTagger(  228): setKernelCountSet(10019, 0) failed with errno -1
