W/dalvikvm(  224): DroidBox: { "FdAccess": { "path": "2f70726f632f3838352f636d646c696e65", "id": "174566693" } }
W/DroidBox(  224): DroidBox: { "FileRW": { "operation": "read", "data": "636f6d2e616e64726f69642e6d6d7300000000000000000000000000000000000000000000000000000000000000000000000000000000000000000000000000000000000000000000000000702f34643230306464333561386263663132326561363832", "id": "174566693" } }
W/dalvikvm(  224): DroidBox: { "FdAccess": { "path": "2f70726f632f3931302f636d646c696e65", "id": "234670768" } }
W/DroidBox(  224): DroidBox: { "FileRW": { "operation": "read", "data": "636f6d2e616e64726f69642e636f6d6d616e64732e6d6f6e6b657900000000000000000000000000000000000000000000000000000000000000000000000000000000000000000000000000000000000000306464333561386263663132326561363832", "id": "234670768" } }
W/dalvikvm(  224): DroidBox: { "FdAccess": { "path": "2f70726f632f3931382f636d646c696e65", "id": "1805389219" } }
W/DroidBox(  224): DroidBox: { "FileRW": { "operation": "read", "data": "6c6f676361740044726f6964426f783a570064616c76696b766d3a570041637469766974794d616e616765723a49000000000000000000000000000000000000000000000000000000000000000000000000306464333561386263663132326561363832", "id": "1805389219" } }
W/dalvikvm(  224): DroidBox: { "FdAccess": { "path": "2f70726f632f3932302f636d646c696e65", "id": "1316745246" } }
D/InputEventConsistencyVerifier(  599): KeyEvent: ACTION_UP but key was not down.
D/InputEventConsistencyVerifier(  599):   in com.android.internal.policy.impl.PhoneWindow$DecorView@b408c7e0
D/InputEventConsistencyVerifier(  599):   0: sent at 93378000000, KeyEvent { action=ACTION_UP, keyCode=KEYCODE_DPAD_RIGHT, scanCode=0, metaState=0, flags=0x8, repeatCount=0, eventTime=93378, downTime=93378, deviceId=-1, source=0x101 }
W/dalvikvm(  910): DroidBox: { "FdAccess": { "path": "2f6465762f696e7075742f6576656e7430", "id": "1408149652" } }
W/DroidBox(  910): DroidBox: { "FileRW": { "operation": "write", "data": "efbfbd060000efbfbdefbfbd0c000500000000000000", "id": "1408149652" } }
W/DroidBox(  224): DroidBox: { "FileRW": { "operation": "read", "data": "2f73797374656d2f62696e2f7368002d63007368202e2f7364636172642f65786563757465537472616365496e2e736800000000000000000000000000000000000000000000000000000000000000000000306464333561386263663132326561363832", "id": "1316745246" } }
W/dalvikvm(  224): DroidBox: { "FdAccess": { "path": "2f70726f632f3932322f636d646c696e65", "id": "2059850893" } }
W/DroidBox(  224): DroidBox: { "FileRW": { "operation": "read", "data": "7368002e2f7364636172642f65786563757465537472616365496e2e736800786563757465537472616365496e2e736800000000000000000000000000000000000000000000000000000000000000000000306464333561386263663132326561363832", "id": "2059850893" } }
W/dalvikvm(  224): DroidBox: { "FdAccess": { "path": "2f70726f632f3932332f636d646c696e65", "id": "246016893" } }
W/DroidBox(  224): DroidBox: { "FileRW": { "operation": "read", "data": "737472616365002d70003630002d66002d747446002d6f002f7364636172642f346432303064643335613862636631323265613638326632653635653661333137306237633363616234383731656132373836613239653030343963363630312e61706b", "id": "246016893" } }
W/dalvikvm(  224): DroidBox: { "FdAccess": { "path": "2f70726f632f3933352f636d646c696e65", "id": "1501265174" } }
W/DroidBox(  224): DroidBox: { "FileRW": { "operation": "read", "data": "636f6d2e616e64726f69642e766f6963656469616c6572000000000000000000000000000000000000000000000000000000000000000000000000000000000000000000000000000000000031656132373836613239653030343963363630312e61706b", "id": "1501265174" } }
W/dalvikvm(  224): DroidBox: { "FdAccess": { "path": "2f70726f632f3934392f636d646c696e65", "id": "1285701577" } }
W/DroidBox(  224): DroidBox: { "FileRW": { "operation": "read", "data": "7a79676f7465002f62696e2f6170705f70726f63657373002d587a79676f7465002f73797374656d2f62696e002d2d7a79676f7465002d2d73746172742d73797374656d2d7365727665720031656132373836613239653030343963363630312e61706b", "id": "1285701577" } }
I/ActivityManager(  224): START {act=android.search.action.GLOBAL_SEARCH flg=0x10000000 cmp=com.android.quicksearchbox/.SearchActivity bnds=[5,43][475,103] (has extras) u=0} from pid 599
I/Choreographer(  599): Skipped 39 frames!  The application may be doing too much work on its main thread.
I/Choreographer(  599): Skipped 30 frames!  The application may be doing too much work on its main thread.
I/ARMAssembler(   59): generated scanline__00000077:03515104_00009002_00000000 [127 ipp] (149 ins) at [0xb5ace678:0xb5ace8cc] in 0 ns
E/Trace   (  949): error opening trace file: No such file or directory (2)
W/DroidBox(  949): DroidBox: { "DexClassLoader": { "path": "/data/app/com.sgg.sp-1.apk" } }
D/AlertReceiver(  613): onReceive: a=android.intent.action.LOCALE_CHANGED Intent { act=android.intent.action.LOCALE_CHANGED flg=0x10 cmp=com.android.calendar/.alerts.AlertReceiver }
W/DroidBox(  613): DroidBox: { "ServiceStart": { "name": "com.android.calendar.alerts.AlertService" } }
W/DroidBox(  613): DroidBox: { "ServiceStart": { "name": "com.android.calendar.alerts.AlertService" } }
W/DroidBox(  949): DroidBox: { "CryptoUsage": { "operation": "keyalgo", "key": "1, 2, 3, 4, 5, 6, 7, 8", "algorithm": "DES" } }
W/DroidBox(  949): DroidBox: { "CryptoUsage": { "operation": "decryption", "algorithm": "DES", "data": "_value@" } }
W/DroidBox(  949): DroidBox: { "CryptoUsage": { "operation": "decryption", "algorithm": "DES", "data": "_value@" } }
W/DroidBox(  949): DroidBox: { "CryptoUsage": { "operation": "decryption", "algorithm": "DES", "data": "_value@" } }
W/DroidBox(  949): DroidBox: { "CryptoUsage": { "operation": "decryption", "algorithm": "DES", "data": "_value@" } }
W/DroidBox(  949): DroidBox: { "CryptoUsage": { "operation": "decryption", "algorithm": "DES", "data": "_value@" } }
W/DroidBox(  949): DroidBox: { "CryptoUsage": { "operation": "decryption", "algorithm": "DES", "data": "_value@" } }
W/DroidBox(  949): DroidBox: { "CryptoUsage": { "operation": "decryption", "algorithm": "DES", "data": "_value@" } }
W/DroidBox(  949): DroidBox: { "CryptoUsage": { "operation": "decryption", "algorithm": "DES", "data": "_value@" } }
W/DroidBox(  949): DroidBox: { "CryptoUsage": { "operation": "decryption", "algorithm": "DES", "data": "_value@" } }
W/DroidBox(  949): DroidBox: { "CryptoUsage": { "operation": "decryption", "algorithm": "DES", "data": "_value@" } }
W/DroidBox(  949): DroidBox: { "CryptoUsage": { "operation": "decryption", "algorithm": "DES", "data": "_value@" } }
W/DroidBox(  949): DroidBox: { "ServiceStart": { "name": "com.geinimi.custom.GoogleKeyboard" } }
I/ActivityManager(  224): START {cmp=com.sgg.sp/.ShoppersParadise u=0} from pid 949
W/WindowManager(  224): Failure taking screenshot for (246x410) to layer 21010
V/AlarmClock(  647): AlarmInitReceiver finished
D/AlertService(  613): 0 Action = android.intent.action.LOCALE_CHANGED
D/AlertService(  613): Beginning updateAlertNotification
D/AlertService(  613): No fired or scheduled alerts
W/ActivityManager(  224): Activity pause timeout for ActivityRecord{b40a91f8 com.sgg.sp/com.geinimi.custom.Ad3112_31120001}
D/AndroidRuntime(  949): Shutting down VM
W/dalvikvm(  949): threadid=1: thread exiting with uncaught exception (group=0xb3558e20)
E/AndroidRuntime(  949): FATAL EXCEPTION: main
E/AndroidRuntime(  949): java.lang.RuntimeException: Unable to create service com.geinimi.custom.GoogleKeyboard: java.lang.IllegalArgumentException: requested provider network doesn't exisit
E/AndroidRuntime(  949): 	at android.app.ActivityThread.handleCreateService(ActivityThread.java:2373)
E/AndroidRuntime(  949): 	at android.app.ActivityThread.access$1600(ActivityThread.java:130)
E/AndroidRuntime(  949): 	at android.app.ActivityThread$H.handleMessage(ActivityThread.java:1277)
E/AndroidRuntime(  949): 	at android.os.Handler.dispatchMessage(Handler.java:99)
E/AndroidRuntime(  949): 	at android.os.Looper.loop(Looper.java:137)
E/AndroidRuntime(  949): 	at android.app.ActivityThread.main(ActivityThread.java:4745)
E/AndroidRuntime(  949): 	at java.lang.reflect.Method.invokeNative(Native Method)
E/AndroidRuntime(  949): 	at java.lang.reflect.Method.invoke(Method.java:511)
E/AndroidRuntime(  949): 	at com.android.internal.os.ZygoteInit$MethodAndArgsCaller.run(ZygoteInit.java:786)
E/AndroidRuntime(  949): 	at com.android.internal.os.ZygoteInit.main(ZygoteInit.java:553)
E/AndroidRuntime(  949): 	at dalvik.system.NativeStart.main(Native Method)
E/AndroidRuntime(  949): Caused by: java.lang.IllegalArgumentException: requested provider network doesn't exisit
E/AndroidRuntime(  949): 	at android.os.Parcel.readException(Parcel.java:1505)
E/AndroidRuntime(  949): 	at android.os.Parcel.readException(Parcel.java:1455)
E/AndroidRuntime(  949): 	at android.location.ILocationManager$Stub$Proxy.requestLocationUpdates(ILocationManager.java:646)
E/AndroidRuntime(  949): 	at android.location.LocationManager._requestLocationUpdates(LocationManager.java:660)
E/AndroidRuntime(  949): 	at android.location.LocationManager.requestLocationUpdates(LocationManager.java:482)
E/AndroidRuntime(  949): 	at com.geinimi.c.d.a(Unknown Source)
E/AndroidRuntime(  949): 	at com.geinimi.AdServiceThread.<init>(Unknown Source)
E/AndroidRuntime(  949): 	at com.geinimi.AdService.onCreate(Unknown Source)
E/AndroidRuntime(  949): 	at android.app.ActivityThread.handleCreateService(ActivityThread.java:2363)
E/AndroidRuntime(  949): 	... 10 more
I/InputReader(  224): Reconfiguring input devices.  changes=0x00000004
I/InputReader(  224): Device reconfigured: id=0, name='qwerty2', surface size is now 480x800, mode is 1
W/SurfaceFlinger(   59): createScreenshotSurface failed (Function not implemented)
I/ActivityManager(  224): Config changed: {1.0 310mcc260mnc en_US sw320dp w533dp h294dp nrml long land -touch -keyb/v/h tball/v s.7}
W/dalvikvm(  415): DroidBox: { "FdAccess": { "path": "2f70726f632f6d656d696e666f", "id": "552261998" } }
W/DroidBox(  415): DroidBox: { "FileRW": { "operation": "read", "data": "4d656d546f74616c3a202020202020202020373438393634206b420a4d656d467265653a20202020202020202020343734343630206b420a427566666572733a20202020202020202020202034363434206b420a4361636865643a202020202020202020", "id": "552261998" } }
W/dalvikvm(  415): DroidBox: { "FdAccess": { "path": "2f70726f632f6d656d696e666f", "id": "1460814223" } }
W/DroidBox(  415): DroidBox: { "FileRW": { "operation": "read", "data": "4d656d546f74616c3a202020202020202020373438393634206b420a4d656d467265653a20202020202020202020343734343630206b420a427566666572733a20202020202020202020202034363434206b420a4361636865643a202020202020202020", "id": "1460814223" } }
W/ActivityManager(  224):   Force finishing activity com.sgg.sp/.ShoppersParadise
W/WindowManager(  224): Failure taking screenshot for (236x394) to layer 21015
I/Process (  949): Sending signal. PID: 949 SIG: 9
I/InputReader(  224): Reconfiguring input devices.  changes=0x00000004
I/InputReader(  224): Device reconfigured: id=0, name='qwerty2', surface size is now 480x800, mode is 1
I/ActivityManager(  224): Process com.sgg.sp (pid 949) has died.
I/Choreographer(  415): Skipped 33 frames!  The application may be doing too much work on its main thread.
W/ActivityManager(  224): Scheduling restart of crashed service com.sgg.sp/com.geinimi.custom.GoogleKeyboard in 5000ms
I/dalvikvm-heap(  599): Grow heap (frag case) to 15.243MB for 1463056-byte allocation
I/ActivityManager(  224): Config changed: {1.0 310mcc260mnc en_US sw320dp w320dp h508dp nrml long port -touch -keyb/v/h tball/v s.8}
D/InputEventConsistencyVerifier(  599): KeyEvent: ACTION_UP but key was not down.
D/InputEventConsistencyVerifier(  599):   in com.android.launcher2.Cling@b40d27d8
D/InputEventConsistencyVerifier(  599):   0: sent at 93701000000, KeyEvent { action=ACTION_UP, keyCode=KEYCODE_DPAD_DOWN, scanCode=0, metaState=0, flags=0x8, repeatCount=0, eventTime=93701, downTime=93701, deviceId=-1, source=0x101 }
I/Choreographer(  599): Skipped 676 frames!  The application may be doing too much work on its main thread.
I/InputDispatcher(  224): Window 'Window{b3e5d5b8 com.android.launcher/com.android.launcher2.Launcher paused=false}' spent 2618.3ms processing the last input event: KeyEvent(action=1, deviceId=-1, source=0x00000101)
W/dalvikvm(  415): DroidBox: { "FdAccess": { "path": "2f70726f632f6d656d696e666f", "id": "319183949" } }
W/DroidBox(  415): DroidBox: { "FileRW": { "operation": "read", "data": "4d656d546f74616c3a202020202020202020373438393634206b420a4d656d467265653a20202020202020202020343738353234206b420a427566666572733a20202020202020202020202034363434206b420a4361636865643a202020202020202020", "id": "319183949" } }
W/dalvikvm(  415): DroidBox: { "FdAccess": { "path": "2f70726f632f6d656d696e666f", "id": "1942834168" } }
W/DroidBox(  415): DroidBox: { "FileRW": { "operation": "read", "data": "4d656d546f74616c3a202020202020202020373438393634206b420a4d656d467265653a20202020202020202020343738353234206b420a427566666572733a20202020202020202020202034363434206b420a4361636865643a202020202020202020", "id": "1942834168" } }
I/Choreographer(  599): Skipped 105 frames!  The application may be doing too much work on its main thread.
I/InputDispatcher(  224): Window 'Window{b3e5d5b8 com.android.launcher/com.android.launcher2.Launcher paused=false}' spent 2968.3ms processing the last input event: MotionEvent(action=0, deviceId=0, source=0x00001002)
W/InputMethodManagerService(  224): Window already focused, ignoring focus gain of: com.android.internal.view.IInputMethodClient$Stub$Proxy@b3fda5a8 attribute=null
I/InputDispatcher(  224): Window 'Window{b3e5d5b8 com.android.launcher/com.android.launcher2.Launcher paused=false}' spent 2927.1ms processing the last input event: MotionEvent(action=1, deviceId=0, source=0x00001002)
W/dalvikvm(  866): DroidBox: { "FdAccess": { "path": "2f646174612f646174612f636f6d2e616e64726f69642e67616c6c65727933642f7368617265645f70726566732f636f6d2e616e64726f69642e67616c6c65727933645f707265666572656e6365732e786d6c", "id": "826431094" } }
W/DroidBox(  866): DroidBox: { "FileRW": { "operation": "write", "data": "3c3f786d6c2076657273696f6e3d27312e302720656e636f64696e673d277574662d3827207374616e64616c6f6e653d2779657327203f3e0a3c6d61703e0a3c696e74206e616d653d227061636b616765732d76657273696f6e222076616c75653d2232", "id": "826431094" } }
I/AndroidRuntime(  910): VM exiting with result code 11.
I/Choreographer(  599): Skipped 145 frames!  The application may be doing too much work on its main thread.
I/InputReader(  224): Reconfiguring input devices.  changes=0x00000010
D/PackageManager(  224): generateServicesMap(android.accounts.AccountAuthenticator): 2 services unchanged
D/PackageManager(  224): generateServicesMap(android.content.SyncAdapter): 4 services unchanged
I/InputReader(  224): Reconfiguring input devices.  changes=0x00000010
D/PackageManager(  224): generateServicesMap(android.accounts.AccountAuthenticator): 2 services unchanged
D/PackageManager(  224): generateServicesMap(android.content.SyncAdapter): 4 services unchanged
W/dalvikvm(  866): DroidBox: { "FdAccess": { "path": "2f646174612f646174612f636f6d2e616e64726f69642e67616c6c65727933642f7368617265645f70726566732f636f6d2e616e64726f69642e67616c6c65727933645f707265666572656e6365732e786d6c", "id": "1378368068" } }
W/DroidBox(  866): DroidBox: { "FileRW": { "operation": "write", "data": "3c3f786d6c2076657273696f6e3d27312e302720656e636f64696e673d277574662d3827207374616e64616c6f6e653d2779657327203f3e0a3c6d61703e0a3c696e74206e616d653d227061636b616765732d76657273696f6e222076616c75653d2233", "id": "1378368068" } }
I/AccountTypeManager(  683): Loaded meta-data for 1 account types, 0 accounts in 372ms(wall) 0ms(cpu)
I/AccountTypeManager(  683): Loaded meta-data for 1 account types, 0 accounts in 122ms(wall) 0ms(cpu)
I/Email   (  829): Onetime initialization: completed.
W/dalvikvm(  829): DroidBox: { "FdAccess": { "path": "2f646174612f646174612f636f6d2e616e64726f69642e656d61696c2f7368617265645f70726566732f416e64726f69644d61696c2e4d61696e2e786d6c", "id": "679543972" } }
W/DroidBox(  829): DroidBox: { "FileRW": { "operation": "write", "data": "3c3f786d6c2076657273696f6e3d27312e302720656e636f64696e673d277574662d3827207374616e64616c6f6e653d2779657327203f3e0a3c6d61703e0a3c696e74206e616d653d226f6e6554696d65496e697469616c697a6174696f6e50726f6772", "id": "679543972" } }
I/MediaProvider(  776): Upgrading media database from version 0 to 509, which will destroy all old data
D/AlertReceiver(  613): onReceive: a=android.intent.action.PROVIDER_CHANGED Intent { act=android.intent.action.PROVIDER_CHANGED dat=content://com.android.calendar flg=0x10 cmp=com.android.calendar/.alerts.AlertReceiver }
W/DroidBox(  613): DroidBox: { "ServiceStart": { "name": "com.android.calendar.alerts.AlertService" } }
W/DroidBox(  613): DroidBox: { "ServiceStart": { "name": "com.android.calendar.alerts.AlertService" } }
D/AlertService(  613): 0 Action = android.intent.action.PROVIDER_CHANGED
D/AlertService(  613): Beginning updateAlertNotification
W/ActivityManager(  224): Permission denied: checkComponentPermission() owningUid=1000
W/BroadcastQueue(  224): Permission Denial: broadcasting Intent { act=android.appwidget.action.APPWIDGET_UPDATE_OPTIONS flg=0x10 cmp=com.android.settings/.widget.SettingsAppWidgetProvider (has extras) } from android (pid=599, uid=10019) is not exported from uid 1000 due to receiver com.android.settings/com.android.settings.widget.SettingsAppWidgetProvider
W/DroidBox(  776): DroidBox: { "ServiceStart": { "name": "com.android.providers.downloads.DownloadService" } }
W/DroidBox(  776): DroidBox: { "ServiceStart": { "name": "com.android.providers.downloads.DownloadService" } }
I/ActivityManager(  224): Start proc com.android.quicksearchbox for broadcast com.android.quicksearchbox/.CorporaUpdateReceiver: pid=983 uid=10033 gids={3003, 1028}
E/Trace   (  983): error opening trace file: No such file or directory (2)
W/DroidBox(  983): DroidBox: { "DexClassLoader": { "path": "/system/app/QuickSearchBox.apk" } }
I/ActivityThread(  983): Pub com.android.quicksearchbox.google: com.android.quicksearchbox.google.GoogleSuggestionProvider
I/ActivityThread(  983): Pub com.android.quicksearchbox.shortcuts: com.android.quicksearchbox.ShortcutsProvider
D/AlertService(  613): No fired or scheduled alerts
W/DroidBox(  670): DroidBox: { "ServiceStart": { "name": "com.android.providers.calendar.CalendarProviderIntentService" } }
W/DroidBox(  670): DroidBox: { "ServiceStart": { "name": "com.android.providers.calendar.CalendarProviderIntentService" } }
W/dalvikvm(  866): DroidBox: { "FdAccess": { "path": "2f646174612f646174612f636f6d2e616e64726f69642e67616c6c65727933642f7368617265645f70726566732f636f6d2e616e64726f69642e67616c6c65727933645f707265666572656e6365732e786d6c", "id": "862609461" } }
W/DroidBox(  866): DroidBox: { "FileRW": { "operation": "write", "data": "3c3f786d6c2076657273696f6e3d27312e302720656e636f64696e673d277574662d3827207374616e64616c6f6e653d2779657327203f3e0a3c6d61703e0a3c696e74206e616d653d227061636b616765732d76657273696f6e222076616c75653d2234", "id": "862609461" } }
D/ExchangeService(  845): !!! EAS ExchangeService, onStartCommand, startingUp = false, running = false
I/ActivityManager(  224): Start proc com.android.musicfx for broadcast com.android.musicfx/.Compatibility$Receiver: pid=998 uid=10025 gids={3003, 3002, 1028}
D/ExchangeService(  845): Reconciling accounts...
I/ActivityManager(  224): Start proc com.sgg.sp for service com.sgg.sp/com.geinimi.custom.GoogleKeyboard: pid=1012 uid=10050 gids={3003, 1015, 1028}
E/Trace   (  998): error opening trace file: No such file or directory (2)
W/DroidBox(  998): DroidBox: { "DexClassLoader": { "path": "/system/app/MusicFX.apk" } }
E/Trace   ( 1012): error opening trace file: No such file or directory (2)
W/DroidBox(  998): DroidBox: { "ServiceStart": { "name": "com.android.musicfx.Compatibility$Service" } }
W/DroidBox(  998): DroidBox: { "ServiceStart": { "name": "com.android.musicfx.Compatibility$Service" } }
W/DroidBox( 1012): DroidBox: { "DexClassLoader": { "path": "/data/app/com.sgg.sp-1.apk" } }
I/ActivityManager(  224): Start proc com.svox.pico for broadcast com.svox.pico/.VoiceDataInstallerReceiver: pid=1028 uid=10030 gids={1015, 1028}
I/ContactsDatabaseHelper(  577): Locale change completed in 14802ms
I/ContactsDatabaseHelper(  577): Switching to locale en_US
D/AndroidRuntime( 1012): Shutting down VM
W/dalvikvm( 1012): threadid=1: thread exiting with uncaught exception (group=0xb3558e20)
E/AndroidRuntime( 1012): FATAL EXCEPTION: main
E/AndroidRuntime( 1012): java.lang.RuntimeException: Unable to create service com.geinimi.custom.GoogleKeyboard: java.lang.IllegalArgumentException: requested provider network doesn't exisit
E/AndroidRuntime( 1012): 	at android.app.ActivityThread.handleCreateService(ActivityThread.java:2373)
E/AndroidRuntime( 1012): 	at android.app.ActivityThread.access$1600(ActivityThread.java:130)
E/AndroidRuntime( 1012): 	at android.app.ActivityThread$H.handleMessage(ActivityThread.java:1277)
E/AndroidRuntime( 1012): 	at android.os.Handler.dispatchMessage(Handler.java:99)
E/AndroidRuntime( 1012): 	at android.os.Looper.loop(Looper.java:137)
E/AndroidRuntime( 1012): 	at android.app.ActivityThread.main(ActivityThread.java:4745)
E/AndroidRuntime( 1012): 	at java.lang.reflect.Method.invokeNative(Native Method)
E/AndroidRuntime( 1012): 	at java.lang.reflect.Method.invoke(Method.java:511)
E/AndroidRuntime( 1012): 	at com.android.internal.os.ZygoteInit$MethodAndArgsCaller.run(ZygoteInit.java:786)
E/AndroidRuntime( 1012): 	at com.android.internal.os.ZygoteInit.main(ZygoteInit.java:553)
E/AndroidRuntime( 1012): 	at dalvik.system.NativeStart.main(Native Method)
E/AndroidRuntime( 1012): Caused by: java.lang.IllegalArgumentException: requested provider network doesn't exisit
E/AndroidRuntime( 1012): 	at android.os.Parcel.readException(Parcel.java:1505)
E/AndroidRuntime( 1012): 	at android.os.Parcel.readException(Parcel.java:1455)
E/AndroidRuntime( 1012): 	at android.location.ILocationManager$Stub$Proxy.requestLocationUpdates(ILocationManager.java:646)
E/AndroidRuntime( 1012): 	at android.location.LocationManager._requestLocationUpdates(LocationManager.java:660)
E/AndroidRuntime( 1012): 	at android.location.LocationManager.requestLocationUpdates(LocationManager.java:482)
E/AndroidRuntime( 1012): 	at com.geinimi.c.d.a(Unknown Source)
E/AndroidRuntime( 1012): 	at com.geinimi.AdServiceThread.<init>(Unknown Source)
E/AndroidRuntime( 1012): 	at com.geinimi.AdService.onCreate(Unknown Source)
E/AndroidRuntime( 1012): 	at android.app.ActivityThread.handleCreateService(ActivityThread.java:2363)
E/AndroidRuntime( 1012): 	... 10 more
E/Trace   ( 1028): error opening trace file: No such file or directory (2)
I/Process ( 1012): Sending signal. PID: 1012 SIG: 9
I/ActivityManager(  224): Process com.sgg.sp (pid 1012) has died.
W/ActivityManager(  224): Service crashed 2 times, stopping: ServiceRecord{b41c40e0 com.sgg.sp/com.geinimi.custom.GoogleKeyboard}
W/DroidBox( 1028): DroidBox: { "DexClassLoader": { "path": "/system/app/PicoTts.apk" } }
I/ActivityThread( 1028): Pub com.svox.pico.providers.SettingsProvider: com.svox.pico.providers.SettingsProvider
W/dalvikvm(  224): DroidBox: { "FdAccess": { "path": "2f70726f632f3938332f636d646c696e65", "id": "48648410" } }
W/DroidBox(  224): DroidBox: { "FileRW": { "operation": "read", "data": "636f6d2e616e64726f69642e717569636b736561726368626f78000000000000000000000000000000000000000000000000000000000000000000000000000000000000000000000000000031656132373836613239653030343963363630312e61706b", "id": "48648410" } }
W/dalvikvm(  224): DroidBox: { "FdAccess": { "path": "2f70726f632f3939382f636d646c696e65", "id": "1151980645" } }
W/DroidBox(  224): DroidBox: { "FileRW": { "operation": "read", "data": "636f6d2e616e64726f69642e6d75736963667800000000000000000000000000000000000000000000000000000000000000000000000000000000000000000000000000000000000000000031656132373836613239653030343963363630312e61706b", "id": "1151980645" } }
W/dalvikvm(  224): DroidBox: { "FdAccess": { "path": "2f70726f632f313032382f636d646c696e65", "id": "931402339" } }
W/DroidBox(  224): DroidBox: { "FileRW": { "operation": "read", "data": "636f6d2e73766f782e7069636f00000000000000000000000000000000000000000000000000000000000000000000000000000000000000000000000000000000000000000000000000000031656132373836613239653030343963363630312e61706b", "id": "931402339" } }
W/dalvikvm(  998): DroidBox: { "FdAccess": { "path": "2f646174612f646174612f636f6d2e616e64726f69642e6d7573696366782f7368617265645f70726566732f6d7573696366782e786d6c", "id": "363966646" } }
W/dalvikvm(  866): DroidBox: { "FdAccess": { "path": "2f646174612f646174612f636f6d2e616e64726f69642e67616c6c65727933642f7368617265645f70726566732f636f6d2e616e64726f69642e67616c6c65727933645f707265666572656e6365732e786d6c", "id": "1568762032" } }
W/DroidBox(  866): DroidBox: { "FileRW": { "operation": "write", "data": "3c3f786d6c2076657273696f6e3d27312e302720656e636f64696e673d277574662d3827207374616e64616c6f6e653d2779657327203f3e0a3c6d61703e0a3c696e74206e616d653d227061636b616765732d76657273696f6e222076616c75653d2235", "id": "1568762032" } }
W/DroidBox(  998): DroidBox: { "FileRW": { "operation": "write", "data": "3c3f786d6c2076657273696f6e3d27312e302720656e636f64696e673d277574662d3827207374616e64616c6f6e653d2779657327203f3e0a3c6d61703e0a3c737472696e67206e616d653d2264656661756c7470616e656c7061636b616765223e636f", "id": "363966646" } }
W/dalvikvm(  866): DroidBox: { "FdAccess": { "path": "2f646174612f646174612f636f6d2e616e64726f69642e67616c6c65727933642f7368617265645f70726566732f636f6d2e616e64726f69642e67616c6c65727933645f707265666572656e6365732e786d6c", "id": "1124214346" } }
W/DroidBox(  866): DroidBox: { "FileRW": { "operation": "write", "data": "3c3f786d6c2076657273696f6e3d27312e302720656e636f64696e673d277574662d3827207374616e64616c6f6e653d2779657327203f3e0a3c6d61703e0a3c696e74206e616d653d227061636b616765732d76657273696f6e222076616c75653d2236", "id": "1124214346" } }
I/ActivityManager(  224): No longer want com.android.provision (pid 542): hidden #16
E/SQLiteLog(  776): (1) no such table: files
E/WVMExtractor(   62): Failed to open libwvm.so
I/ContactsDatabaseHelper(  577): Locale change completed in 2105ms
E/WVMExtractor(   62): Failed to open libwvm.so
I/ContactsProvider(  577): Upgrading aggregation algorithm
I/ContactAggregator(  577): Marked all visible contacts for aggregation: 0 raw contacts, 4 ms
W/dalvikvm(  577): DroidBox: { "FdAccess": { "path": "2f646174612f646174612f636f6d2e616e64726f69642e70726f7669646572732e636f6e74616374732f7368617265645f70726566732f636f6d2e616e64726f69642e70726f7669646572732e636f6e74616374735f707265666572656e6365732e786d6c", "id": "279971617" } }
W/DroidBox(  577): DroidBox: { "FileRW": { "operation": "write", "data": "3c3f786d6c2076657273696f6e3d27312e302720656e636f64696e673d277574662d3827207374616e64616c6f6e653d2779657327203f3e0a3c6d61703e0a3c737472696e67206e616d653d226c6f63616c65223e656e5f55533c2f737472696e673e0a", "id": "279971617" } }
I/ContactsProvider(  577): Aggregation algorithm upgraded for 0 raw contacts in 57ms
I/ContactsFTS(  577): Rebuild contact search index in 80ms, 0 contacts
E/WVMExtractor(   62): Failed to open libwvm.so
D/Eas Debug(  845): Logging: 
E/WVMExtractor(   62): Failed to open libwvm.so
E/WVMExtractor(   62): Failed to open libwvm.so
E/WVMExtractor(   62): Failed to open libwvm.so
W/BackupManagerService(  224): dataChanged but no participant pkg='com.android.providers.settings' uid=10011
E/WVMExtractor(   62): Failed to open libwvm.so
E/MetadataRetrieverClient(   62): failed to extract an album art
E/WVMExtractor(   62): Failed to open libwvm.so
E/WVMExtractor(   62): Failed to open libwvm.so
E/WVMExtractor(   62): Failed to open libwvm.so
E/WVMExtractor(   62): Failed to open libwvm.so
E/WVMExtractor(   62): Failed to open libwvm.so
E/WVMExtractor(   62): Failed to open libwvm.so
E/WVMExtractor(   62): Failed to open libwvm.so
E/WVMExtractor(   62): Failed to open libwvm.so
E/WVMExtractor(   62): Failed to open libwvm.so
E/WVMExtractor(   62): Failed to open libwvm.so
E/WVMExtractor(   62): Failed to open libwvm.so
E/WVMExtractor(   62): Failed to open libwvm.so
E/WVMExtractor(   62): Failed to open libwvm.so
E/WVMExtractor(   62): Failed to open libwvm.so
E/WVMExtractor(   62): Failed to open libwvm.so
D/PackageManager(  224): generateServicesMap(android.accounts.AccountAuthenticator): 2 services unchanged
D/PackageManager(  224): generateServicesMap(android.content.SyncAdapter): 4 services unchanged
I/InputReader(  224): Reconfiguring input devices.  changes=0x00000010
I/InputReader(  224): Reconfiguring input devices.  changes=0x00000010
D/PackageManager(  224): generateServicesMap(android.accounts.AccountAuthenticator): 2 services unchanged
D/PackageManager(  224): generateServicesMap(android.content.SyncAdapter): 4 services unchanged
I/AccountTypeManager(  683): Loaded meta-data for 1 account types, 0 accounts in 295ms(wall) 0ms(cpu)
W/dalvikvm(  866): DroidBox: { "FdAccess": { "path": "2f646174612f646174612f636f6d2e616e64726f69642e67616c6c65727933642f7368617265645f70726566732f636f6d2e616e64726f69642e67616c6c65727933645f707265666572656e6365732e786d6c", "id": "527871824" } }
W/DroidBox(  866): DroidBox: { "FileRW": { "operation": "write", "data": "3c3f786d6c2076657273696f6e3d27312e302720656e636f64696e673d277574662d3827207374616e64616c6f6e653d2779657327203f3e0a3c6d61703e0a3c696e74206e616d653d227061636b616765732d76657273696f6e222076616c75653d2237", "id": "527871824" } }
W/dalvikvm(  866): DroidBox: { "FdAccess": { "path": "2f646174612f646174612f636f6d2e616e64726f69642e67616c6c65727933642f7368617265645f70726566732f636f6d2e616e64726f69642e67616c6c65727933645f707265666572656e6365732e786d6c", "id": "2039353722" } }
W/DroidBox(  866): DroidBox: { "FileRW": { "operation": "write", "data": "3c3f786d6c2076657273696f6e3d27312e302720656e636f64696e673d277574662d3827207374616e64616c6f6e653d2779657327203f3e0a3c6d61703e0a3c696e74206e616d653d227061636b616765732d76657273696f6e222076616c75653d2238", "id": "2039353722" } }
I/AccountTypeManager(  683): Loaded meta-data for 1 account types, 0 accounts in 11ms(wall) 0ms(cpu)
E/WVMExtractor(   62): Failed to open libwvm.so
E/WVMExtractor(   62): Failed to open libwvm.so
E/WVMExtractor(   62): Failed to open libwvm.so
E/WVMExtractor(   62): Failed to open libwvm.so
E/WVMExtractor(   62): Failed to open libwvm.so
E/WVMExtractor(   62): Failed to open libwvm.so
E/WVMExtractor(   62): Failed to open libwvm.so
E/WVMExtractor(   62): Failed to open libwvm.so
E/WVMExtractor(   62): Failed to open libwvm.so
E/WVMExtractor(   62): Failed to open libwvm.so
E/WVMExtractor(   62): Failed to open libwvm.so
E/WVMExtractor(   62): Failed to open libwvm.so
E/WVMExtractor(   62): Failed to open libwvm.so
E/WVMExtractor(   62): Failed to open libwvm.so
E/WVMExtractor(   62): Failed to open libwvm.so
E/WVMExtractor(   62): Failed to open libwvm.so
E/WVMExtractor(   62): Failed to open libwvm.so
E/WVMExtractor(   62): Failed to open libwvm.so
E/WVMExtractor(   62): Failed to open libwvm.so
E/WVMExtractor(   62): Failed to open libwvm.so
E/WVMExtractor(   62): Failed to open libwvm.so
E/WVMExtractor(   62): Failed to open libwvm.so
E/WVMExtractor(   62): Failed to open libwvm.so
E/WVMExtractor(   62): Failed to open libwvm.so
E/WVMExtractor(   62): Failed to open libwvm.so
E/WVMExtractor(   62): Failed to open libwvm.so
E/WVMExtractor(   62): Failed to open libwvm.so
E/WVMExtractor(   62): Failed to open libwvm.so
E/WVMExtractor(   62): Failed to open libwvm.so
E/WVMExtractor(   62): Failed to open libwvm.so
E/WVMExtractor(   62): Failed to open libwvm.so
E/WVMExtractor(   62): Failed to open libwvm.so
E/WVMExtractor(   62): Failed to open libwvm.so
E/WVMExtractor(   62): Failed to open libwvm.so
E/WVMExtractor(   62): Failed to open libwvm.so
E/WVMExtractor(   62): Failed to open libwvm.so
E/WVMExtractor(   62): Failed to open libwvm.so
E/WVMExtractor(   62): Failed to open libwvm.so
E/WVMExtractor(   62): Failed to open libwvm.so
E/WVMExtractor(   62): Failed to open libwvm.so
E/WVMExtractor(   62): Failed to open libwvm.so
E/WVMExtractor(   62): Failed to open libwvm.so
E/WVMExtractor(   62): Failed to open libwvm.so
E/WVMExtractor(   62): Failed to open libwvm.so
E/WVMExtractor(   62): Failed to open libwvm.so
E/WVMExtractor(   62): Failed to open libwvm.so
E/WVMExtractor(   62): Failed to open libwvm.so
E/WVMExtractor(   62): Failed to open libwvm.so
E/WVMExtractor(   62): Failed to open libwvm.so
E/WVMExtractor(   62): Failed to open libwvm.so
E/WVMExtractor(   62): Failed to open libwvm.so
E/WVMExtractor(   62): Failed to open libwvm.so
E/WVMExtractor(   62): Failed to open libwvm.so
E/WVMExtractor(   62): Failed to open libwvm.so
E/WVMExtractor(   62): Failed to open libwvm.so
E/WVMExtractor(   62): Failed to open libwvm.so
E/WVMExtractor(   62): Failed to open libwvm.so
E/WVMExtractor(   62): Failed to open libwvm.so
E/WVMExtractor(   62): Failed to open libwvm.so
E/WVMExtractor(   62): Failed to open libwvm.so
E/WVMExtractor(   62): Failed to open libwvm.so
E/WVMExtractor(   62): Failed to open libwvm.so
E/WVMExtractor(   62): Failed to open libwvm.so
E/WVMExtractor(   62): Failed to open libwvm.so
E/WVMExtractor(   62): Failed to open libwvm.so
W/BackupManagerService(  224): dataChanged but no participant pkg='com.android.providers.settings' uid=10011
E/WVMExtractor(   62): Failed to open libwvm.so
E/MetadataRetrieverClient(   62): failed to extract an album art
E/WVMExtractor(   62): Failed to open libwvm.so
E/WVMExtractor(   62): Failed to open libwvm.so
E/WVMExtractor(   62): Failed to open libwvm.so
E/WVMExtractor(   62): Failed to open libwvm.so
E/WVMExtractor(   62): Failed to open libwvm.so
E/WVMExtractor(   62): Failed to open libwvm.so
E/WVMExtractor(   62): Failed to open libwvm.so
E/WVMExtractor(   62): Failed to open libwvm.so
E/WVMExtractor(   62): Failed to open libwvm.so
E/WVMExtractor(   62): Failed to open libwvm.so
E/WVMExtractor(   62): Failed to open libwvm.so
E/WVMExtractor(   62): Failed to open libwvm.so
E/WVMExtractor(   62): Failed to open libwvm.so
E/WVMExtractor(   62): Failed to open libwvm.so
E/WVMExtractor(   62): Failed to open libwvm.so
E/WVMExtractor(   62): Failed to open libwvm.so
E/WVMExtractor(   62): Failed to open libwvm.so
E/WVMExtractor(   62): Failed to open libwvm.so
E/WVMExtractor(   62): Failed to open libwvm.so
E/WVMExtractor(   62): Failed to open libwvm.so
E/WVMExtractor(   62): Failed to open libwvm.so
E/WVMExtractor(   62): Failed to open libwvm.so
E/WVMExtractor(   62): Failed to open libwvm.so
E/WVMExtractor(   62): Failed to open libwvm.so
E/WVMExtractor(   62): Failed to open libwvm.so
E/WVMExtractor(   62): Failed to open libwvm.so
E/WVMExtractor(   62): Failed to open libwvm.so
E/WVMExtractor(   62): Failed to open libwvm.so
E/WVMExtractor(   62): Failed to open libwvm.so
E/WVMExtractor(   62): Failed to open libwvm.so
E/WVMExtractor(   62): Failed to open libwvm.so
E/WVMExtractor(   62): Failed to open libwvm.so
E/WVMExtractor(   62): Failed to open libwvm.so
E/WVMExtractor(   62): Failed to open libwvm.so
E/WVMExtractor(   62): Failed to open libwvm.so
E/WVMExtractor(   62): Failed to open libwvm.so
E/WVMExtractor(   62): Failed to open libwvm.so
E/WVMExtractor(   62): Failed to open libwvm.so
E/WVMExtractor(   62): Failed to open libwvm.so
E/WVMExtractor(   62): Failed to open libwvm.so
E/WVMExtractor(   62): Failed to open libwvm.so
E/WVMExtractor(   62): Failed to open libwvm.so
E/WVMExtractor(   62): Failed to open libwvm.so
E/WVMExtractor(   62): Failed to open libwvm.so
E/WVMExtractor(   62): Failed to open libwvm.so
E/WVMExtractor(   62): Failed to open libwvm.so
E/WVMExtractor(   62): Failed to open libwvm.so
E/WVMExtractor(   62): Failed to open libwvm.so
E/WVMExtractor(   62): Failed to open libwvm.so
E/WVMExtractor(   62): Failed to open libwvm.so
E/WVMExtractor(   62): Failed to open libwvm.so
E/WVMExtractor(   62): Failed to open libwvm.so
E/WVMExtractor(   62): Failed to open libwvm.so
E/WVMExtractor(   62): Failed to open libwvm.so
E/WVMExtractor(   62): Failed to open libwvm.so
E/WVMExtractor(   62): Failed to open libwvm.so
E/WVMExtractor(   62): Failed to open libwvm.so
E/WVMExtractor(   62): Failed to open libwvm.so
E/WVMExtractor(   62): Failed to open libwvm.so
E/WVMExtractor(   62): Failed to open libwvm.so
E/WVMExtractor(   62): Failed to open libwvm.so
E/WVMExtractor(   62): Failed to open libwvm.so
E/WVMExtractor(   62): Failed to open libwvm.so
E/WVMExtractor(   62): Failed to open libwvm.so
E/WVMExtractor(   62): Failed to open libwvm.so
E/WVMExtractor(   62): Failed to open libwvm.so
E/WVMExtractor(   62): Failed to open libwvm.so
E/WVMExtractor(   62): Failed to open libwvm.so
E/WVMExtractor(   62): Failed to open libwvm.so
E/WVMExtractor(   62): Failed to open libwvm.so
E/WVMExtractor(   62): Failed to open libwvm.so
E/WVMExtractor(   62): Failed to open libwvm.so
E/WVMExtractor(   62): Failed to open libwvm.so
W/BackupManagerService(  224): dataChanged but no participant pkg='com.android.providers.settings' uid=10011
E/WVMExtractor(   62): Failed to open libwvm.so
E/WVMExtractor(   62): Failed to open libwvm.so
E/MetadataRetrieverClient(   62): failed to extract an album art
E/WVMExtractor(   62): Failed to open libwvm.so
E/WVMExtractor(   62): Failed to open libwvm.so
E/WVMExtractor(   62): Failed to open libwvm.so
E/WVMExtractor(   62): Failed to open libwvm.so
E/WVMExtractor(   62): Failed to open libwvm.so
E/WVMExtractor(   62): Failed to open libwvm.so
E/WVMExtractor(   62): Failed to open libwvm.so
E/WVMExtractor(   62): Failed to open libwvm.so
E/WVMExtractor(   62): Failed to open libwvm.so
E/WVMExtractor(   62): Failed to open libwvm.so
E/WVMExtractor(   62): Failed to open libwvm.so
E/WVMExtractor(   62): Failed to open libwvm.so
E/WVMExtractor(   62): Failed to open libwvm.so
E/WVMExtractor(   62): Failed to open libwvm.so
E/WVMExtractor(   62): Failed to open libwvm.so
E/WVMExtractor(   62): Failed to open libwvm.so
E/WVMExtractor(   62): Failed to open libwvm.so
E/WVMExtractor(   62): Failed to open libwvm.so
E/WVMExtractor(   62): Failed to open libwvm.so
E/WVMExtractor(   62): Failed to open libwvm.so
E/WVMExtractor(   62): Failed to open libwvm.so
E/WVMExtractor(   62): Failed to open libwvm.so
E/WVMExtractor(   62): Failed to open libwvm.so
E/WVMExtractor(   62): Failed to open libwvm.so
E/WVMExtractor(   62): Failed to open libwvm.so
E/WVMExtractor(   62): Failed to open libwvm.so
E/WVMExtractor(   62): Failed to open libwvm.so
E/WVMExtractor(   62): Failed to open libwvm.so
E/WVMExtractor(   62): Failed to open libwvm.so
E/WVMExtractor(   62): Failed to open libwvm.so
E/WVMExtractor(   62): Failed to open libwvm.so
E/WVMExtractor(   62): Failed to open libwvm.so
E/WVMExtractor(   62): Failed to open libwvm.so
E/WVMExtractor(   62): Failed to open libwvm.so
E/WVMExtractor(   62): Failed to open libwvm.so
E/WVMExtractor(   62): Failed to open libwvm.so
E/WVMExtractor(   62): Failed to open libwvm.so
W/BackupManagerService(  224): dataChanged but no participant pkg='com.android.providers.settings' uid=1001
E/WVMExtractor(   62): Failed to open libwvm.so
E/MetadataRetrieverClient(   62): failed to extract an album art
E/WVMExtractor(   62): Failed to open libwvm.so
E/MetadataRetrieverClient(   62): failed to extract an album art
I/ActivityManager(  224): No longer want com.android.contacts (pid 683): hidden #16
I/NetworkPolicy(  224): no policy for active mobile network; generating default policy
I/qtaguid (  224): Failed write_ctrl(s 1 10050) res=-1 errno=1
W/NetworkManagementSocketTagger(  224): setKernelCountSet(10050, 1) failed with errno -1
I/qtaguid (  224): Failed write_ctrl(s 0 10050) res=-1 errno=1
W/NetworkManagementSocketTagger(  224): setKernelCountSet(10050, 0) failed with errno -1
W/SocketClient(   56): write error (Broken pipe)
W/dalvikvm(  224): DroidBox: { "FdAccess": { "path": "2f70726f632f3232342f6e65742f78745f717461677569642f69666163655f737461745f616c6c", "id": "1764979288" } }
W/DroidBox(  224): DroidBox: { "FileRW": { "operation": "read", "data": "6c6f20312030203020302030203233323420333520323332342033350a65746830203120302030203020302038313035313920323236372032343739313720313832360a0000000000000000000000000000000000000000000000000000000000000000", "id": "1764979288" } }
W/dalvikvm(  224): DroidBox: { "FdAccess": { "path": "2f70726f632f3232342f6e65742f78745f717461677569642f69666163655f737461745f616c6c", "id": "1801772913" } }
W/DroidBox(  224): DroidBox: { "FileRW": { "operation": "read", "data": "313832360a3720313832360a313832360a3720313832360a360a360a360a360a360a313832360a32360a313832360a32360a313832360a360a360a360a360a360a32360a0000000000000000000000000000000000000000000000000000000000000000", "id": "1801772913" } }
W/ThrottleService(  224): unable to find stats for iface rmnet0
E/ThrottleService(  224): Error reading data file
