D/InputEventConsistencyVerifier(  449):   5: sent at 239717000000, MotionEvent { action=ACTION_UP, id[0]=0, x[0]=102.0, y[0]=763.0, toolType[0]=TOOL_TYPE_UNKNOWN, buttonState=0, metaState=0, flags=0x0, edgeFlags=0x0, pointerCount=1, historySize=0, eventTime=239717, downTime=239650, deviceId=0, source=0x1002 }
W/dalvikvm(  449): DroidBox: { "FdAccess": { "path": "2f70726f632f6d656d696e666f", "id": "1212465460" } }
W/DroidBox(  449): DroidBox: { "FileRW": { "operation": "read", "data": "4d656d546f74616c3a202020202020202020373438393634206b420a4d656d467265653a20202020202020202020343439333834206b420a427566666572733a20202020202020202020202035353838206b420a4361636865643a202020202020202020", "id": "1212465460" } }
I/Choreographer(  449): Skipped 41 frames!  The application may be doing too much work on its main thread.
D/InputEventConsistencyVerifier(  449): KeyEvent: ACTION_UP but key was not down.
D/InputEventConsistencyVerifier(  449):   in com.android.systemui.statusbar.phone.StatusBarWindowView@b3e47470
D/InputEventConsistencyVerifier(  449):   0: sent at 240790000000, KeyEvent { action=ACTION_UP, keyCode=KEYCODE_DPAD_DOWN, scanCode=0, metaState=0, flags=0x400, repeatCount=0, eventTime=240790, downTime=240790, deviceId=-1, source=0x101 }
D/InputEventConsistencyVerifier(  449):   -- recent events --
D/InputEventConsistencyVerifier(  449):   1: sent at 240711000000, (unhandled) MotionEvent { action=ACTION_MOVE, id[0]=0, x[0]=0.0, y[0]=4.0, toolType[0]=TOOL_TYPE_UNKNOWN, buttonState=0, metaState=0, flags=0x0, edgeFlags=0x0, pointerCount=1, historySize=8, eventTime=240711, downTime=-1, deviceId=0, source=0x10004 }
D/InputEventConsistencyVerifier(  449):   2: sent at 240770000000, MotionEvent { action=ACTION_UP, id[0]=0, x[0]=219.0, y[0]=694.0, toolType[0]=TOOL_TYPE_UNKNOWN, buttonState=0, metaState=0, flags=0x0, edgeFlags=0x0, pointerCount=1, historySize=0, eventTime=240770, downTime=240714, deviceId=0, source=0x1002 }
D/InputEventConsistencyVerifier(  449):   3: sent at 240715000000, MotionEvent { action=ACTION_DOWN, id[0]=0, x[0]=217.0, y[0]=713.0, toolType[0]=TOOL_TYPE_UNKNOWN, buttonState=0, metaState=0, flags=0x0, edgeFlags=0x0, pointerCount=1, historySize=0, eventTime=240715, downTime=240714, deviceId=0, source=0x1002 }
D/InputEventConsistencyVerifier(  449):   4: sent at 240492000000, (unhandled) KeyEvent { action=ACTION_UP, keyCode=KEYCODE_DPAD_DOWN, scanCode=0, metaState=0, flags=0x400, repeatCount=0, eventTime=240492, downTime=240492, deviceId=-1, source=0x101 }
D/InputEventConsistencyVerifier(  449):   5: sent at 240492000000, (unhandled) KeyEvent { action=ACTION_DOWN, keyCode=KEYCODE_DPAD_DOWN, scanCode=0, metaState=0, flags=0x400, repeatCount=0, eventTime=240492, downTime=240492, deviceId=-1, source=0x101 }
D/InputEventConsistencyVerifier(  449): KeyEvent: ACTION_UP but key was not down.
D/InputEventConsistencyVerifier(  449):   in android.widget.FrameLayout@b3e174f0
D/InputEventConsistencyVerifier(  449):   0: sent at 240790000000, KeyEvent { action=ACTION_UP, keyCode=KEYCODE_DPAD_DOWN, scanCode=0, metaState=0, flags=0x400, repeatCount=0, eventTime=240790, downTime=240790, deviceId=-1, source=0x101 }
D/InputEventConsistencyVerifier(  449):   -- recent events --
D/InputEventConsistencyVerifier(  449):   1: sent at 240492000000, (unhandled) KeyEvent { action=ACTION_UP, keyCode=KEYCODE_DPAD_DOWN, scanCode=0, metaState=0, flags=0x400, repeatCount=0, eventTime=240492, downTime=240492, deviceId=-1, source=0x101 }
D/InputEventConsistencyVerifier(  449):   2: sent at 240492000000, (unhandled) KeyEvent { action=ACTION_DOWN, keyCode=KEYCODE_DPAD_DOWN, scanCode=0, metaState=0, flags=0x400, repeatCount=0, eventTime=240492, downTime=240492, deviceId=-1, source=0x101 }
D/InputEventConsistencyVerifier(  449):   3: sent at 240491000000, (unhandled) KeyEvent { action=ACTION_UP, keyCode=KEYCODE_DPAD_DOWN, scanCode=0, metaState=0, flags=0x400, repeatCount=0, eventTime=240491, downTime=240491, deviceId=-1, source=0x101 }
D/InputEventConsistencyVerifier(  449):   4: sent at 240491000000, (unhandled) KeyEvent { action=ACTION_DOWN, keyCode=KEYCODE_DPAD_DOWN, scanCode=0, metaState=0, flags=0x400, repeatCount=0, eventTime=240491, downTime=240491, deviceId=-1, source=0x101 }
D/InputEventConsistencyVerifier(  449):   5: sent at 240491000000, (unhandled) KeyEvent { action=ACTION_UP, keyCode=KEYCODE_DPAD_DOWN, scanCode=0, metaState=0, flags=0x80000400, repeatCount=0, eventTime=240491, downTime=240491, deviceId=-1, source=0x101 }
W/dalvikvm(  449): DroidBox: { "FdAccess": { "path": "2f70726f632f6d656d696e666f", "id": "238201051" } }
W/DroidBox(  449): DroidBox: { "FileRW": { "operation": "read", "data": "4d656d546f74616c3a202020202020202020373438393634206b420a4d656d467265653a20202020202020202020343439333736206b420a427566666572733a20202020202020202020202035353838206b420a4361636865643a202020202020202020", "id": "238201051" } }
V/PhoneStatusBar(  449): setLightsOn(true)
D/PhoneStatusBar(  449): disable: < expand icons alerts ticker* system_info back home recent clock >
W/InputMethodManagerService(  227): Window already focused, ignoring focus gain of: com.android.internal.view.IInputMethodClient$Stub$Proxy@b4193d80 attribute=null
I/Choreographer( 1029): Skipped 68 frames!  The application may be doing too much work on its main thread.
I/Choreographer( 1029): Skipped 31 frames!  The application may be doing too much work on its main thread.
D/InputEventConsistencyVerifier( 1029): KeyEvent: ACTION_UP but key was not down.
D/InputEventConsistencyVerifier( 1029):   in com.android.internal.policy.impl.PhoneWindow$DecorView@b3ed8880
D/InputEventConsistencyVerifier( 1029):   0: sent at 241284000000, KeyEvent { action=ACTION_UP, keyCode=KEYCODE_DPAD_LEFT, scanCode=0, metaState=0, flags=0x400, repeatCount=0, eventTime=241284, downTime=241284, deviceId=-1, source=0x101 }
D/InputEventConsistencyVerifier( 1029):   -- recent events --
D/InputEventConsistencyVerifier( 1029):   1: sent at 241212000000, (unhandled) MotionEvent { action=ACTION_MOVE, id[0]=0, x[0]=-4.0, y[0]=3.0, toolType[0]=TOOL_TYPE_UNKNOWN, buttonState=0, metaState=0, flags=0x0, edgeFlags=0x0, pointerCount=1, historySize=17, eventTime=241212, downTime=-1, deviceId=0, source=0x10004 }
D/InputEventConsistencyVerifier( 1029):   2: sent at 241138000000, MotionEvent { action=ACTION_UP, id[0]=0, x[0]=141.0, y[0]=206.0, toolType[0]=TOOL_TYPE_UNKNOWN, buttonState=0, metaState=0, flags=0x0, edgeFlags=0x0, pointerCount=1, historySize=0, eventTime=241138, downTime=241133, deviceId=0, source=0x1002 }
D/InputEventConsistencyVerifier( 1029):   3: sent at 241133000000, MotionEvent { action=ACTION_DOWN, id[0]=0, x[0]=143.0, y[0]=207.0, toolType[0]=TOOL_TYPE_UNKNOWN, buttonState=0, metaState=0, flags=0x0, edgeFlags=0x0, pointerCount=1, historySize=0, eventTime=241133, downTime=241133, deviceId=0, source=0x1002 }
D/InputEventConsistencyVerifier( 1029):   4: sent at 241074000000, MotionEvent { action=ACTION_UP, id[0]=0, x[0]=76.0, y[0]=277.0, toolType[0]=TOOL_TYPE_UNKNOWN, buttonState=0, metaState=0, flags=0x0, edgeFlags=0x0, pointerCount=1, historySize=0, eventTime=241074, downTime=241030, deviceId=0, source=0x1002 }
D/InputEventConsistencyVerifier( 1029):   5: sent at 241030000000, MotionEvent { action=ACTION_DOWN, id[0]=0, x[0]=72.0, y[0]=276.0, toolType[0]=TOOL_TYPE_UNKNOWN, buttonState=0, metaState=0, flags=0x0, edgeFlags=0x0, pointerCount=1, historySize=0, eventTime=241030, downTime=241030, deviceId=0, source=0x1002 }
D/PhoneStatusBar(  449): disable: < EXPAND* icons alerts ticker system_info back home recent clock >
I/Choreographer( 1029): Skipped 73 frames!  The application may be doing too much work on its main thread.
D/InputEventConsistencyVerifier(  227): KeyEvent: ACTION_UP but key was not down.
D/InputEventConsistencyVerifier(  227):   in android.view.ViewRootImpl@b3f75248
D/InputEventConsistencyVerifier(  227):   0: sent at 242863000000, KeyEvent { action=ACTION_UP, keyCode=KEYCODE_BUTTON_6, scanCode=0, metaState=0, flags=0x8, repeatCount=0, eventTime=242863, downTime=242863, deviceId=-1, source=0x101 }
D/InputEventConsistencyVerifier(  227): KeyEvent: ACTION_UP but key was not down.
D/InputEventConsistencyVerifier(  227):   in com.android.internal.policy.impl.PhoneWindow$DecorView@b3f910e8
D/InputEventConsistencyVerifier(  227):   0: sent at 242955000000, KeyEvent { action=ACTION_UP, keyCode=KEYCODE_DPAD_CENTER, scanCode=0, metaState=0, flags=0x8, repeatCount=0, eventTime=242955, downTime=242955, deviceId=-1, source=0x101 }
D/InputEventConsistencyVerifier(  227):   -- recent events --
D/InputEventConsistencyVerifier(  227):   1: sent at 242863000000, (unhandled) KeyEvent { action=ACTION_UP, keyCode=KEYCODE_BUTTON_6, scanCode=0, metaState=0, flags=0x80000008, repeatCount=0, eventTime=242863, downTime=242863, deviceId=-1, source=0x101 }
D/InputEventConsistencyVerifier(  227): KeyEvent: ACTION_UP but key was not down.
D/InputEventConsistencyVerifier(  227):   in com.android.internal.policy.impl.PhoneWindow$DecorView@b3f910e8
D/InputEventConsistencyVerifier(  227):   0: sent at 243078000000, KeyEvent { action=ACTION_UP, keyCode=KEYCODE_DPAD_DOWN, scanCode=0, metaState=0, flags=0x8, repeatCount=0, eventTime=243078, downTime=243078, deviceId=-1, source=0x101 }
D/InputEventConsistencyVerifier(  227):   -- recent events --
D/InputEventConsistencyVerifier(  227):   1: sent at 243051000000, (unhandled) KeyEvent { action=ACTION_UP, keyCode=KEYCODE_DPAD_DOWN, scanCode=0, metaState=0, flags=0x8, repeatCount=0, eventTime=243051, downTime=243051, deviceId=-1, source=0x101 }
D/InputEventConsistencyVerifier(  227):   2: sent at 243045000000, (unhandled) KeyEvent { action=ACTION_DOWN, keyCode=KEYCODE_DPAD_DOWN, scanCode=0, metaState=0, flags=0x8, repeatCount=0, eventTime=243045, downTime=243045, deviceId=-1, source=0x101 }
D/InputEventConsistencyVerifier(  227):   3: sent at 242955000000, (unhandled) KeyEvent { action=ACTION_UP, keyCode=KEYCODE_DPAD_CENTER, scanCode=0, metaState=0, flags=0x80000008, repeatCount=0, eventTime=242955, downTime=242955, deviceId=-1, source=0x101 }
D/InputEventConsistencyVerifier(  227):   4: sent at 242863000000, (unhandled) KeyEvent { action=ACTION_UP, keyCode=KEYCODE_BUTTON_6, scanCode=0, metaState=0, flags=0x80000008, repeatCount=0, eventTime=242863, downTime=242863, deviceId=-1, source=0x101 }
D/InputEventConsistencyVerifier(  227): KeyEvent: ACTION_UP but key was not down.
D/InputEventConsistencyVerifier(  227):   in com.android.internal.policy.impl.PhoneWindow$DecorView@b3f910e8
D/InputEventConsistencyVerifier(  227):   0: sent at 243605000000, KeyEvent { action=ACTION_UP, keyCode=KEYCODE_DPAD_RIGHT, scanCode=0, metaState=0, flags=0x400, repeatCount=0, eventTime=243605, downTime=243605, deviceId=-1, source=0x101 }
D/InputEventConsistencyVerifier(  227):   -- recent events --
D/InputEventConsistencyVerifier(  227):   1: sent at 243597000000, (unhandled) MotionEvent { action=ACTION_MOVE, id[0]=0, x[0]=2.0, y[0]=1.0, toolType[0]=TOOL_TYPE_UNKNOWN, buttonState=0, metaState=0, flags=0x0, edgeFlags=0x0, pointerCount=1, historySize=3, eventTime=243597, downTime=-1, deviceId=0, source=0x10004 }
D/InputEventConsistencyVerifier(  227):   2: sent at 243575000000, (unhandled) MotionEvent { action=ACTION_UP, id[0]=0, x[0]=242.0, y[0]=762.0, toolType[0]=TOOL_TYPE_UNKNOWN, buttonState=0, metaState=0, flags=0x0, edgeFlags=0x0, pointerCount=1, historySize=0, eventTime=243575, downTime=243548, deviceId=0, source=0x1002 }
D/InputEventConsistencyVerifier(  227):   3: sent at 243573000000, (unhandled) MotionEvent { action=ACTION_MOVE, id[0]=0, x[0]=231.0, y[0]=762.0, toolType[0]=TOOL_TYPE_UNKNOWN, buttonState=0, metaState=0, flags=0x0, edgeFlags=0x0, pointerCount=1, historySize=6, eventTime=243573, downTime=243548, deviceId=0, source=0x1002 }
D/InputEventConsistencyVerifier(  227):   4: sent at 243551000000, (unhandled) MotionEvent { action=ACTION_DOWN, id[0]=0, x[0]=152.0, y[0]=681.0, toolType[0]=TOOL_TYPE_UNKNOWN, buttonState=0, metaState=0, flags=0x0, edgeFlags=0x0, pointerCount=1, historySize=0, eventTime=243551, downTime=243548, deviceId=0, source=0x1002 }
D/InputEventConsistencyVerifier(  227):   5: sent at 243537000000, (unhandled) KeyEvent { action=ACTION_UP, keyCode=KEYCODE_DPAD_RIGHT, scanCode=0, metaState=0, flags=0x8, repeatCount=0, eventTime=243537, downTime=243537, deviceId=-1, source=0x101 }
D/InputEventConsistencyVerifier(  227): KeyEvent: ACTION_UP but key was not down.
D/InputEventConsistencyVerifier(  227):   in com.android.internal.policy.impl.PhoneWindow$DecorView@b3f910e8
D/InputEventConsistencyVerifier(  227):   0: sent at 243842000000, KeyEvent { action=ACTION_UP, keyCode=KEYCODE_DPAD_DOWN, scanCode=0, metaState=0, flags=0x400, repeatCount=0, eventTime=243842, downTime=243842, deviceId=-1, source=0x101 }
D/InputEventConsistencyVerifier(  227):   -- recent events --
D/InputEventConsistencyVerifier(  227):   1: sent at 243833000000, (unhandled) MotionEvent { action=ACTION_MOVE, id[0]=0, x[0]=-2.0, y[0]=2.0, toolType[0]=TOOL_TYPE_UNKNOWN, buttonState=0, metaState=0, flags=0x0, edgeFlags=0x0, pointerCount=1, historySize=9, eventTime=243833, downTime=-1, deviceId=0, source=0x10004 }
D/InputEventConsistencyVerifier(  227):   2: sent at 243791000000, (unhandled) KeyEvent { action=ACTION_UP, keyCode=KEYCODE_MENU, scanCode=0, metaState=0, flags=0x8, repeatCount=0, eventTime=243791, downTime=243791, deviceId=-1, source=0x101 }
D/InputEventConsistencyVerifier(  227):   3: sent at 243788000000, (unhandled) KeyEvent { action=ACTION_DOWN, keyCode=KEYCODE_MENU, scanCode=0, metaState=0, flags=0x8, repeatCount=0, eventTime=243788, downTime=243788, deviceId=-1, source=0x101 }
D/InputEventConsistencyVerifier(  227):   4: sent at 243777000000, (unhandled) KeyEvent { action=ACTION_UP, keyCode=KEYCODE_MENU, scanCode=0, metaState=0, flags=0x8, repeatCount=0, eventTime=243777, downTime=243777, deviceId=-1, source=0x101 }
D/InputEventConsistencyVerifier(  227):   5: sent at 243768000000, (unhandled) KeyEvent { action=ACTION_DOWN, keyCode=KEYCODE_MENU, scanCode=0, metaState=0, flags=0x8, repeatCount=0, eventTime=243768, downTime=243768, deviceId=-1, source=0x101 }
W/WindowManager(  227): Failure taking screenshot for (246x410) to layer 21015
D/PhoneStatusBar(  449): disable: < expand* icons alerts ticker system_info back home recent clock >
V/PhoneStatusBar(  449): setLightsOn(true)
D/InputEventConsistencyVerifier( 1029): KeyEvent: ACTION_UP but key was not down.
D/InputEventConsistencyVerifier( 1029):   in android.view.ViewRootImpl@b3e60fc0
D/InputEventConsistencyVerifier( 1029):   0: sent at 243918000000, KeyEvent { action=ACTION_UP, keyCode=KEYCODE_DPAD_LEFT, scanCode=0, metaState=0, flags=0x8, repeatCount=0, eventTime=243918, downTime=243918, deviceId=-1, source=0x101 }
D/InputEventConsistencyVerifier( 1029):   -- recent events --
D/InputEventConsistencyVerifier( 1029):   1: sent at 242431000000, MotionEvent { action=ACTION_UP, id[0]=0, x[0]=114.0, y[0]=38.0, toolType[0]=TOOL_TYPE_UNKNOWN, buttonState=0, metaState=0, flags=0x0, edgeFlags=0x0, pointerCount=1, historySize=0, eventTime=242431, downTime=242369, deviceId=0, source=0x1002 }
D/InputEventConsistencyVerifier( 1029):   2: sent at 242369000000, MotionEvent { action=ACTION_DOWN, id[0]=0, x[0]=126.0, y[0]=44.0, toolType[0]=TOOL_TYPE_UNKNOWN, buttonState=0, metaState=0, flags=0x0, edgeFlags=0x0, pointerCount=1, historySize=0, eventTime=242369, downTime=242369, deviceId=0, source=0x1002 }
D/InputEventConsistencyVerifier( 1029):   3: sent at 241742000000, KeyEvent { action=ACTION_UP, keyCode=KEYCODE_MENU, scanCode=0, metaState=0, flags=0x8, repeatCount=0, eventTime=241742, downTime=241742, deviceId=-1, source=0x101 }
D/InputEventConsistencyVerifier( 1029):   4: sent at 241321000000, KeyEvent { action=ACTION_DOWN, keyCode=KEYCODE_MENU, scanCode=0, metaState=0, flags=0x8, repeatCount=0, eventTime=241321, downTime=241321, deviceId=-1, source=0x101 }
D/InputEventConsistencyVerifier( 1029):   5: sent at 241740000000, KeyEvent { action=ACTION_UP, keyCode=KEYCODE_DPAD_DOWN, scanCode=0, metaState=0, flags=0x400, repeatCount=0, eventTime=241740, downTime=241740, deviceId=-1, source=0x101 }
W/InputMethodManagerService(  227): Window already focused, ignoring focus gain of: com.android.internal.view.IInputMethodClient$Stub$Proxy@b41d3100 attribute=null
D/InputEventConsistencyVerifier( 1029): TrackballEvent: Trackball is down but pressure is not greater than 0.
D/InputEventConsistencyVerifier( 1029):   in android.view.ViewRootImpl@b3e60fc0
D/InputEventConsistencyVerifier( 1029):   0: sent at 244328000000, MotionEvent { action=ACTION_DOWN, id[0]=0, x[0]=0.0, y[0]=0.0, toolType[0]=TOOL_TYPE_UNKNOWN, buttonState=0, metaState=0, flags=0x0, edgeFlags=0x0, pointerCount=1, historySize=0, eventTime=244328, downTime=244285, deviceId=0, source=0x10004 }
D/InputEventConsistencyVerifier( 1029):   -- recent events --
D/InputEventConsistencyVerifier( 1029):   1: sent at 244326000000, MotionEvent { action=ACTION_MOVE, id[0]=0, x[0]=-4.0, y[0]=2.0, toolType[0]=TOOL_TYPE_UNKNOWN, buttonState=0, metaState=0, flags=0x0, edgeFlags=0x0, pointerCount=1, historySize=19, eventTime=244326, downTime=-1, deviceId=0, source=0x10004 }
D/InputEventConsistencyVerifier( 1029):   2: sent at 244266000000, MotionEvent { action=ACTION_UP, id[0]=0, x[0]=333.0, y[0]=738.0, toolType[0]=TOOL_TYPE_UNKNOWN, buttonState=0, metaState=0, flags=0x0, edgeFlags=0x0, pointerCount=1, historySize=0, eventTime=244266, downTime=244250, deviceId=0, source=0x1002 }
D/InputEventConsistencyVerifier( 1029):   3: sent at 244250000000, MotionEvent { action=ACTION_DOWN, id[0]=0, x[0]=344.0, y[0]=725.0, toolType[0]=TOOL_TYPE_UNKNOWN, buttonState=0, metaState=0, flags=0x0, edgeFlags=0x0, pointerCount=1, historySize=0, eventTime=244250, downTime=244250, deviceId=0, source=0x1002 }
D/InputEventConsistencyVerifier( 1029):   4: sent at 244242000000, MotionEvent { action=ACTION_UP, id[0]=0, x[0]=190.0, y[0]=430.0, toolType[0]=TOOL_TYPE_UNKNOWN, buttonState=0, metaState=0, flags=0x0, edgeFlags=0x0, pointerCount=1, historySize=0, eventTime=244242, downTime=244219, deviceId=0, source=0x1002 }
D/InputEventConsistencyVerifier( 1029):   5: sent at 244240000000, MotionEvent { action=ACTION_MOVE, id[0]=0, x[0]=175.0, y[0]=434.0, toolType[0]=TOOL_TYPE_UNKNOWN, buttonState=0, metaState=0, flags=0x0, edgeFlags=0x0, pointerCount=1, historySize=4, eventTime=244240, downTime=244219, deviceId=0, source=0x1002 }
I/Choreographer( 1029): Skipped 35 frames!  The application may be doing too much work on its main thread.
D/InputEventConsistencyVerifier( 1029): KeyEvent: ACTION_UP but key was not down.
D/InputEventConsistencyVerifier( 1029):   in com.android.internal.policy.impl.PhoneWindow$DecorView@b3ed8880
D/InputEventConsistencyVerifier( 1029):   0: sent at 244412000000, KeyEvent { action=ACTION_UP, keyCode=KEYCODE_DPAD_LEFT, scanCode=0, metaState=0, flags=0x400, repeatCount=0, eventTime=244412, downTime=244412, deviceId=-1, source=0x101 }
D/InputEventConsistencyVerifier( 1029):   -- recent events --
D/InputEventConsistencyVerifier( 1029):   1: sent at 244331000000, (unhandled) MotionEvent { action=ACTION_UP, id[0]=0, x[0]=0.0, y[0]=0.0, toolType[0]=TOOL_TYPE_UNKNOWN, buttonState=0, metaState=0, flags=0x0, edgeFlags=0x0, pointerCount=1, historySize=0, eventTime=244331, downTime=244285, deviceId=0, source=0x10004 }
D/InputEventConsistencyVerifier( 1029):   2: sent at 244328000000, (unhandled) MotionEvent { action=ACTION_DOWN, id[0]=0, x[0]=0.0, y[0]=0.0, toolType[0]=TOOL_TYPE_UNKNOWN, buttonState=0, metaState=0, flags=0x80000000, edgeFlags=0x0, pointerCount=1, historySize=0, eventTime=244328, downTime=244285, deviceId=0, source=0x10004 }
D/InputEventConsistencyVerifier( 1029):   3: sent at 244326000000, (unhandled) MotionEvent { action=ACTION_MOVE, id[0]=0, x[0]=-4.0, y[0]=2.0, toolType[0]=TOOL_TYPE_UNKNOWN, buttonState=0, metaState=0, flags=0x0, edgeFlags=0x0, pointerCount=1, historySize=19, eventTime=244326, downTime=-1, deviceId=0, source=0x10004 }
D/InputEventConsistencyVerifier( 1029):   4: sent at 244266000000, MotionEvent { action=ACTION_UP, id[0]=0, x[0]=333.0, y[0]=738.0, toolType[0]=TOOL_TYPE_UNKNOWN, buttonState=0, metaState=0, flags=0x0, edgeFlags=0x0, pointerCount=1, historySize=0, eventTime=244266, downTime=244250, deviceId=0, source=0x1002 }
D/InputEventConsistencyVerifier( 1029):   5: sent at 244250000000, MotionEvent { action=ACTION_DOWN, id[0]=0, x[0]=344.0, y[0]=725.0, toolType[0]=TOOL_TYPE_UNKNOWN, buttonState=0, metaState=0, flags=0x0, edgeFlags=0x0, pointerCount=1, historySize=0, eventTime=244250, downTime=244250, deviceId=0, source=0x1002 }
D/InputEventConsistencyVerifier( 1029): KeyEvent: ACTION_UP but key was not down.
D/InputEventConsistencyVerifier( 1029):   in com.android.internal.policy.impl.PhoneWindow$DecorView@b3ed8880
D/InputEventConsistencyVerifier( 1029):   0: sent at 245004000000, KeyEvent { action=ACTION_UP, keyCode=KEYCODE_DPAD_DOWN, scanCode=0, metaState=0, flags=0x8, repeatCount=0, eventTime=245004, downTime=245004, deviceId=-1, source=0x101 }
D/InputEventConsistencyVerifier( 1029):   -- recent events --
D/InputEventConsistencyVerifier( 1029):   1: sent at 244970000000, MotionEvent { action=ACTION_UP, id[0]=0, x[0]=225.0, y[0]=506.0, toolType[0]=TOOL_TYPE_UNKNOWN, buttonState=0, metaState=0, flags=0x0, edgeFlags=0x0, pointerCount=1, historySize=0, eventTime=244970, downTime=244899, deviceId=0, source=0x1002 }
D/InputEventConsistencyVerifier( 1029):   2: sent at 244968000000, MotionEvent { action=ACTION_MOVE, id[0]=0, x[0]=227.0, y[0]=523.0, toolType[0]=TOOL_TYPE_UNKNOWN, buttonState=0, metaState=0, flags=0x0, edgeFlags=0x0, pointerCount=1, historySize=7, eventTime=244968, downTime=244899, deviceId=0, source=0x1002 }
D/InputEventConsistencyVerifier( 1029):   3: sent at 244914000000, MotionEvent { action=ACTION_DOWN, id[0]=0, x[0]=236.0, y[0]=597.0, toolType[0]=TOOL_TYPE_UNKNOWN, buttonState=0, metaState=0, flags=0x0, edgeFlags=0x0, pointerCount=1, historySize=0, eventTime=244914, downTime=244899, deviceId=0, source=0x1002 }
D/InputEventConsistencyVerifier( 1029):   4: sent at 244892000000, MotionEvent { action=ACTION_UP, id[0]=0, x[0]=393.0, y[0]=384.0, toolType[0]=TOOL_TYPE_UNKNOWN, buttonState=0, metaState=0, flags=0x0, edgeFlags=0x0, pointerCount=1, historySize=0, eventTime=244892, downTime=244849, deviceId=0, source=0x1002 }
D/InputEventConsistencyVerifier( 1029):   5: sent at 244875000000, MotionEvent { action=ACTION_DOWN, id[0]=0, x[0]=399.0, y[0]=382.0, toolType[0]=TOOL_TYPE_UNKNOWN, buttonState=0, metaState=0, flags=0x0, edgeFlags=0x0, pointerCount=1, historySize=0, eventTime=244875, downTime=244849, deviceId=0, source=0x1002 }
D/InputEventConsistencyVerifier( 1029): TrackballEvent: Trackball is down but pressure is not greater than 0.
D/InputEventConsistencyVerifier( 1029):   in android.view.ViewRootImpl@b3e60fc0
D/InputEventConsistencyVerifier( 1029):   0: sent at 246480000000, MotionEvent { action=ACTION_DOWN, id[0]=0, x[0]=0.0, y[0]=0.0, toolType[0]=TOOL_TYPE_UNKNOWN, buttonState=0, metaState=0, flags=0x0, edgeFlags=0x0, pointerCount=1, historySize=0, eventTime=246480, downTime=246441, deviceId=0, source=0x10004 }
D/InputEventConsistencyVerifier( 1029):   -- recent events --
D/InputEventConsistencyVerifier( 1029):   1: sent at 246477000000, MotionEvent { action=ACTION_MOVE, id[0]=0, x[0]=2.0, y[0]=-1.0, toolType[0]=TOOL_TYPE_UNKNOWN, buttonState=0, metaState=0, flags=0x0, edgeFlags=0x0, pointerCount=1, historySize=9, eventTime=246477, downTime=-1, deviceId=0, source=0x10004 }
D/InputEventConsistencyVerifier( 1029):   2: sent at 246432000000, MotionEvent { action=ACTION_UP, id[0]=0, x[0]=140.0, y[0]=500.0, toolType[0]=TOOL_TYPE_UNKNOWN, buttonState=0, metaState=0, flags=0x0, edgeFlags=0x0, pointerCount=1, historySize=0, eventTime=246432, downTime=246422, deviceId=0, source=0x1002 }
D/InputEventConsistencyVerifier( 1029):   3: sent at 246428000000, MotionEvent { action=ACTION_MOVE, id[0]=0, x[0]=140.0, y[0]=516.0, toolType[0]=TOOL_TYPE_UNKNOWN, buttonState=0, metaState=0, flags=0x0, edgeFlags=0x0, pointerCount=1, historySize=0, eventTime=246428, downTime=246422, deviceId=0, source=0x1002 }
D/InputEventConsistencyVerifier( 1029):   4: sent at 246423000000, MotionEvent { action=ACTION_DOWN, id[0]=0, x[0]=141.0, y[0]=523.0, toolType[0]=TOOL_TYPE_UNKNOWN, buttonState=0, metaState=0, flags=0x0, edgeFlags=0x0, pointerCount=1, historySize=0, eventTime=246423, downTime=246422, deviceId=0, source=0x1002 }
D/InputEventConsistencyVerifier( 1029):   5: sent at 246397000000, KeyEvent { action=ACTION_UP, keyCode=KEYCODE_DPAD_UP, scanCode=0, metaState=0, flags=0x8, repeatCount=0, eventTime=246397, downTime=246397, deviceId=-1, source=0x101 }
D/InputEventConsistencyVerifier( 1029): KeyEvent: ACTION_UP but key was not down.
D/InputEventConsistencyVerifier( 1029):   in com.android.internal.policy.impl.PhoneWindow$DecorView@b3ed8880
D/InputEventConsistencyVerifier( 1029):   0: sent at 246570000000, KeyEvent { action=ACTION_UP, keyCode=KEYCODE_DPAD_RIGHT, scanCode=0, metaState=0, flags=0x400, repeatCount=0, eventTime=246570, downTime=246570, deviceId=-1, source=0x101 }
D/InputEventConsistencyVerifier( 1029):   -- recent events --
D/InputEventConsistencyVerifier( 1029):   1: sent at 246482000000, (unhandled) MotionEvent { action=ACTION_UP, id[0]=0, x[0]=0.0, y[0]=0.0, toolType[0]=TOOL_TYPE_UNKNOWN, buttonState=0, metaState=0, flags=0x0, edgeFlags=0x0, pointerCount=1, historySize=0, eventTime=246482, downTime=246441, deviceId=0, source=0x10004 }
D/InputEventConsistencyVerifier( 1029):   2: sent at 246480000000, (unhandled) MotionEvent { action=ACTION_DOWN, id[0]=0, x[0]=0.0, y[0]=0.0, toolType[0]=TOOL_TYPE_UNKNOWN, buttonState=0, metaState=0, flags=0x80000000, edgeFlags=0x0, pointerCount=1, historySize=0, eventTime=246480, downTime=246441, deviceId=0, source=0x10004 }
D/InputEventConsistencyVerifier( 1029):   3: sent at 246477000000, (unhandled) MotionEvent { action=ACTION_MOVE, id[0]=0, x[0]=2.0, y[0]=-1.0, toolType[0]=TOOL_TYPE_UNKNOWN, buttonState=0, metaState=0, flags=0x0, edgeFlags=0x0, pointerCount=1, historySize=9, eventTime=246477, downTime=-1, deviceId=0, source=0x10004 }
D/InputEventConsistencyVerifier( 1029):   4: sent at 246432000000, MotionEvent { action=ACTION_UP, id[0]=0, x[0]=140.0, y[0]=500.0, toolType[0]=TOOL_TYPE_UNKNOWN, buttonState=0, metaState=0, flags=0x0, edgeFlags=0x0, pointerCount=1, historySize=0, eventTime=246432, downTime=246422, deviceId=0, source=0x1002 }
D/InputEventConsistencyVerifier( 1029):   5: sent at 246428000000, MotionEvent { action=ACTION_MOVE, id[0]=0, x[0]=140.0, y[0]=516.0, toolType[0]=TOOL_TYPE_UNKNOWN, buttonState=0, metaState=0, flags=0x0, edgeFlags=0x0, pointerCount=1, historySize=0, eventTime=246428, downTime=246422, deviceId=0, source=0x1002 }
D/InputEventConsistencyVerifier( 1029): KeyEvent: ACTION_UP but key was not down.
D/InputEventConsistencyVerifier( 1029):   in com.android.internal.policy.impl.PhoneWindow$DecorView@b3ed8880
D/InputEventConsistencyVerifier( 1029):   0: sent at 247827000000, KeyEvent { action=ACTION_UP, keyCode=KEYCODE_DPAD_UP, scanCode=0, metaState=0, flags=0x8, repeatCount=0, eventTime=247827, downTime=247827, deviceId=-1, source=0x101 }
D/InputEventConsistencyVerifier( 1029):   -- recent events --
D/InputEventConsistencyVerifier( 1029):   1: sent at 247765000000, MotionEvent { action=ACTION_UP, id[0]=0, x[0]=480.0, y[0]=252.0, toolType[0]=TOOL_TYPE_UNKNOWN, buttonState=0, metaState=0, flags=0x0, edgeFlags=0x0, pointerCount=1, historySize=0, eventTime=247765, downTime=247709, deviceId=0, source=0x1002 }
D/InputEventConsistencyVerifier( 1029):   2: sent at 247763000000, MotionEvent { action=ACTION_MOVE, id[0]=0, x[0]=480.0, y[0]=251.0, toolType[0]=TOOL_TYPE_UNKNOWN, buttonState=0, metaState=0, flags=0x0, edgeFlags=0x0, pointerCount=1, historySize=8, eventTime=247763, downTime=247709, deviceId=0, source=0x1002 }
D/InputEventConsistencyVerifier( 1029):   3: sent at 247303000000, (unhandled) KeyEvent { action=ACTION_UP, keyCode=KEYCODE_DPAD_CENTER, scanCode=0, metaState=0, flags=0x8, repeatCount=0, eventTime=247303, downTime=247303, deviceId=-1, source=0x101 }
D/InputEventConsistencyVerifier( 1029):   4: sent at 247712000000, MotionEvent { action=ACTION_DOWN, id[0]=0, x[0]=436.0, y[0]=235.0, toolType[0]=TOOL_TYPE_UNKNOWN, buttonState=0, metaState=0, flags=0x0, edgeFlags=0x0, pointerCount=1, historySize=0, eventTime=247712, downTime=247709, deviceId=0, source=0x1002 }
D/InputEventConsistencyVerifier( 1029):   5: sent at 247700000000, MotionEvent { action=ACTION_UP, id[0]=0, x[0]=406.0, y[0]=450.0, toolType[0]=TOOL_TYPE_UNKNOWN, buttonState=0, metaState=0, flags=0x0, edgeFlags=0x0, pointerCount=1, historySize=0, eventTime=247700, downTime=247692, deviceId=0, source=0x1002 }
I/ActivityManager(  227): START {act=android.intent.action.MAIN cat=[android.intent.category.LAUNCHER] flg=0x10200000 cmp=com.software.application/.Main u=0} from pid 1010
I/ActivityManager(  227): START {act=android.intent.action.MAIN cat=[android.intent.category.LAUNCHER] flg=0x10200000 cmp=com.software.application/.Main u=0} from pid 1010
I/ActivityManager(  227): START {act=android.intent.action.MAIN cat=[android.intent.category.LAUNCHER] flg=0x10200000 cmp=com.software.application/.Main u=0} from pid 1010
D/InputEventConsistencyVerifier( 1029): TrackballEvent: Trackball is down but pressure is not greater than 0.
D/InputEventConsistencyVerifier( 1029):   in android.view.ViewRootImpl@b3e6ff10
D/InputEventConsistencyVerifier( 1029):   0: sent at 248529000000, MotionEvent { action=ACTION_DOWN, id[0]=0, x[0]=0.0, y[0]=0.0, toolType[0]=TOOL_TYPE_UNKNOWN, buttonState=0, metaState=0, flags=0x0, edgeFlags=0x0, pointerCount=1, historySize=0, eventTime=248529, downTime=248440, deviceId=0, source=0x10004 }
D/InputEventConsistencyVerifier( 1029):   -- recent events --
D/InputEventConsistencyVerifier( 1029):   1: sent at 248644000000, KeyEvent { action=ACTION_UP, keyCode=KEYCODE_DPAD_DOWN, scanCode=0, metaState=0, flags=0x400, repeatCount=0, eventTime=248644, downTime=248644, deviceId=-1, source=0x101 }
D/InputEventConsistencyVerifier( 1029):   2: sent at 248644000000, KeyEvent { action=ACTION_DOWN, keyCode=KEYCODE_DPAD_DOWN, scanCode=0, metaState=0, flags=0x400, repeatCount=0, eventTime=248644, downTime=248644, deviceId=-1, source=0x101 }
D/InputEventConsistencyVerifier( 1029):   3: sent at 248643000000, KeyEvent { action=ACTION_UP, keyCode=KEYCODE_DPAD_DOWN, scanCode=0, metaState=0, flags=0x400, repeatCount=0, eventTime=248643, downTime=248643, deviceId=-1, source=0x101 }
D/InputEventConsistencyVerifier( 1029):   4: sent at 248643000000, KeyEvent { action=ACTION_DOWN, keyCode=KEYCODE_DPAD_DOWN, scanCode=0, metaState=0, flags=0x400, repeatCount=0, eventTime=248643, downTime=248643, deviceId=-1, source=0x101 }
D/InputEventConsistencyVerifier( 1029):   5: sent at 248642000000, KeyEvent { action=ACTION_UP, keyCode=KEYCODE_DPAD_DOWN, scanCode=0, metaState=0, flags=0x400, repeatCount=0, eventTime=248642, downTime=248642, deviceId=-1, source=0x101 }
I/Choreographer( 1029): Skipped 127 frames!  The application may be doing too much work on its main thread.
D/InputEventConsistencyVerifier( 1029): KeyEvent: ACTION_UP but key was not down.
D/InputEventConsistencyVerifier( 1029):   in android.view.ViewRootImpl@b3e60fc0
D/InputEventConsistencyVerifier( 1029):   0: sent at 249020000000, KeyEvent { action=ACTION_UP, keyCode=KEYCODE_DPAD_UP, scanCode=0, metaState=0, flags=0x8, repeatCount=0, eventTime=249020, downTime=249020, deviceId=-1, source=0x101 }
D/InputEventConsistencyVerifier( 1029):   -- recent events --
D/InputEventConsistencyVerifier( 1029):   1: sent at 248092000000, MotionEvent { action=ACTION_UP, id[0]=0, x[0]=8.0, y[0]=578.0, toolType[0]=TOOL_TYPE_UNKNOWN, buttonState=0, metaState=0, flags=0x0, edgeFlags=0x0, pointerCount=1, historySize=0, eventTime=248092, downTime=248084, deviceId=0, source=0x1002 }
D/InputEventConsistencyVerifier( 1029):   2: sent at 248085000000, MotionEvent { action=ACTION_DOWN, id[0]=0, x[0]=15.0, y[0]=574.0, toolType[0]=TOOL_TYPE_UNKNOWN, buttonState=0, metaState=0, flags=0x0, edgeFlags=0x0, pointerCount=1, historySize=0, eventTime=248085, downTime=248084, deviceId=0, source=0x1002 }
D/InputEventConsistencyVerifier( 1029):   3: sent at 247993000000, KeyEvent { action=ACTION_UP, keyCode=KEYCODE_MENU, scanCode=0, metaState=0, flags=0x8, repeatCount=0, eventTime=247993, downTime=247993, deviceId=-1, source=0x101 }
D/InputEventConsistencyVerifier( 1029):   4: sent at 247925000000, KeyEvent { action=ACTION_DOWN, keyCode=KEYCODE_MENU, scanCode=0, metaState=0, flags=0x8, repeatCount=0, eventTime=247925, downTime=247925, deviceId=-1, source=0x101 }
D/InputEventConsistencyVerifier( 1029):   5: sent at 247827000000, KeyEvent { action=ACTION_UP, keyCode=KEYCODE_DPAD_UP, scanCode=0, metaState=0, flags=0x8, repeatCount=0, eventTime=247827, downTime=247827, deviceId=-1, source=0x101 }
W/InputMethodManagerService(  227): Window already focused, ignoring focus gain of: com.android.internal.view.IInputMethodClient$Stub$Proxy@b4061d48 attribute=null
D/InputEventConsistencyVerifier( 1029): KeyEvent: ACTION_UP but key was not down.
D/InputEventConsistencyVerifier( 1029):   in com.android.internal.policy.impl.PhoneWindow$DecorView@b3ed8880
D/InputEventConsistencyVerifier( 1029):   0: sent at 249542000000, KeyEvent { action=ACTION_UP, keyCode=KEYCODE_DPAD_RIGHT, scanCode=0, metaState=0, flags=0x400, repeatCount=0, eventTime=249542, downTime=249542, deviceId=-1, source=0x101 }
D/InputEventConsistencyVerifier( 1029):   -- recent events --
D/InputEventConsistencyVerifier( 1029):   1: sent at 249432000000, (unhandled) MotionEvent { action=ACTION_MOVE, id[0]=0, x[0]=3.0, y[0]=0.0, toolType[0]=TOOL_TYPE_UNKNOWN, buttonState=0, metaState=0, flags=0x0, edgeFlags=0x0, pointerCount=1, historySize=3, eventTime=249432, downTime=-1, deviceId=0, source=0x10004 }
D/InputEventConsistencyVerifier( 1029):   2: sent at 249494000000, MotionEvent { action=ACTION_UP, id[0]=0, x[0]=163.0, y[0]=431.0, toolType[0]=TOOL_TYPE_UNKNOWN, buttonState=0, metaState=0, flags=0x0, edgeFlags=0x0, pointerCount=1, historySize=0, eventTime=249494, downTime=249437, deviceId=0, source=0x1002 }
D/InputEventConsistencyVerifier( 1029):   3: sent at 249492000000, MotionEvent { action=ACTION_MOVE, id[0]=0, x[0]=177.0, y[0]=441.0, toolType[0]=TOOL_TYPE_UNKNOWN, buttonState=0, metaState=0, flags=0x0, edgeFlags=0x0, pointerCount=1, historySize=5, eventTime=249492, downTime=249437, deviceId=0, source=0x1002 }
D/InputEventConsistencyVerifier( 1029):   4: sent at 249439000000, MotionEvent { action=ACTION_DOWN, id[0]=0, x[0]=252.0, y[0]=534.0, toolType[0]=TOOL_TYPE_UNKNOWN, buttonState=0, metaState=0, flags=0x0, edgeFlags=0x0, pointerCount=1, historySize=0, eventTime=249439, downTime=249437, deviceId=0, source=0x1002 }
D/InputEventConsistencyVerifier( 1029):   5: sent at 249378000000, (unhandled) MotionEvent { action=ACTION_MOVE, id[0]=0, x[0]=-1.0, y[0]=-1.0, toolType[0]=TOOL_TYPE_UNKNOWN, buttonState=0, metaState=0, flags=0x0, edgeFlags=0x0, pointerCount=1, historySize=5, eventTime=249378, downTime=-1, deviceId=0, source=0x10004 }
W/WindowManager(  227): Failure taking screenshot for (246x410) to layer 21015
D/InputEventConsistencyVerifier( 1029): KeyEvent: ACTION_UP but key was not down.
D/InputEventConsistencyVerifier( 1029):   in com.android.internal.policy.impl.PhoneWindow$DecorView@b3ed8880
D/InputEventConsistencyVerifier( 1029):   0: sent at 250604000000, KeyEvent { action=ACTION_UP, keyCode=KEYCODE_DPAD_UP, scanCode=0, metaState=0, flags=0x8, repeatCount=0, eventTime=250604, downTime=250604, deviceId=-1, source=0x101 }
D/InputEventConsistencyVerifier( 1029):   -- recent events --
D/InputEventConsistencyVerifier( 1029):   1: sent at 250524000000, MotionEvent { action=ACTION_UP, id[0]=0, x[0]=231.0, y[0]=783.0, toolType[0]=TOOL_TYPE_UNKNOWN, buttonState=0, metaState=0, flags=0x0, edgeFlags=0x0, pointerCount=1, historySize=0, eventTime=250524, downTime=250511, deviceId=0, source=0x1002 }
D/InputEventConsistencyVerifier( 1029):   2: sent at 250512000000, MotionEvent { action=ACTION_DOWN, id[0]=0, x[0]=232.0, y[0]=778.0, toolType[0]=TOOL_TYPE_UNKNOWN, buttonState=0, metaState=0, flags=0x0, edgeFlags=0x0, pointerCount=1, historySize=0, eventTime=250512, downTime=250511, deviceId=0, source=0x1002 }
D/InputEventConsistencyVerifier( 1029):   3: sent at 250455000000, (unhandled) KeyEvent { action=ACTION_UP, keyCode=KEYCODE_BOOKMARK, scanCode=0, metaState=0, flags=0x8, repeatCount=0, eventTime=250455, downTime=250455, deviceId=-1, source=0x101 }
D/InputEventConsistencyVerifier( 1029):   4: sent at 250417000000, (unhandled) KeyEvent { action=ACTION_DOWN, keyCode=KEYCODE_BOOKMARK, scanCode=0, metaState=0, flags=0x8, repeatCount=0, eventTime=250417, downTime=250417, deviceId=-1, source=0x101 }
D/InputEventConsistencyVerifier( 1029):   5: sent at 250327000000, (unhandled) KeyEvent { action=ACTION_UP, keyCode=KEYCODE_VOLUME_UP, scanCode=0, metaState=0, flags=0x8, repeatCount=0, eventTime=250327, downTime=250327, deviceId=-1, source=0x101 }
I/Choreographer( 1029): Skipped 41 frames!  The application may be doing too much work on its main thread.
V/PhoneStatusBar(  449): setLightsOn(true)
D/InputEventConsistencyVerifier( 1029): KeyEvent: ACTION_UP but key was not down.
D/InputEventConsistencyVerifier( 1029):   in android.view.ViewRootImpl@b3e058a0
D/InputEventConsistencyVerifier( 1029):   0: sent at 251287000000, KeyEvent { action=ACTION_UP, keyCode=KEYCODE_DPAD_DOWN, scanCode=0, metaState=0, flags=0x8, repeatCount=0, eventTime=251287, downTime=251287, deviceId=-1, source=0x101 }
D/InputEventConsistencyVerifier( 1029):   -- recent events --
D/InputEventConsistencyVerifier( 1029):   1: sent at 216909000000, KeyEvent { action=ACTION_UP, keyCode=KEYCODE_DPAD_DOWN, scanCode=0, metaState=0, flags=0x28, repeatCount=0, eventTime=216909, downTime=216610, deviceId=-1, source=0x101 }
D/InputEventConsistencyVerifier( 1029):   2: sent at 216610000000, KeyEvent { action=ACTION_DOWN, keyCode=KEYCODE_DPAD_DOWN, scanCode=0, metaState=0, flags=0x8, repeatCount=0, eventTime=216610, downTime=216610, deviceId=-1, source=0x101 }
D/InputEventConsistencyVerifier( 1029):   3: sent at 215848000000, KeyEvent { action=ACTION_UP, keyCode=KEYCODE_DPAD_RIGHT, scanCode=0, metaState=0, flags=0x400, repeatCount=0, eventTime=215848, downTime=215848, deviceId=-1, source=0x101 }
D/InputEventConsistencyVerifier( 1029):   4: sent at 215848000000, KeyEvent { action=ACTION_DOWN, keyCode=KEYCODE_DPAD_RIGHT, scanCode=0, metaState=0, flags=0x400, repeatCount=0, eventTime=215848, downTime=215848, deviceId=-1, source=0x101 }
D/InputEventConsistencyVerifier( 1029):   5: sent at 215847000000, KeyEvent { action=ACTION_UP, keyCode=KEYCODE_DPAD_RIGHT, scanCode=0, metaState=0, flags=0x400, repeatCount=0, eventTime=215847, downTime=215847, deviceId=-1, source=0x101 }
I/Choreographer( 1029): Skipped 62 frames!  The application may be doing too much work on its main thread.
I/Choreographer( 1029): Skipped 153 frames!  The application may be doing too much work on its main thread.
I/Choreographer( 1029): Skipped 67 frames!  The application may be doing too much work on its main thread.
I/ActivityManager(  227): START {act=android.intent.action.MAIN cat=[android.intent.category.LAUNCHER] flg=0x10000000 cmp=com.android.email/.activity.Welcome sel={act=android.intent.action.MAIN cat=[android.intent.category.APP_EMAIL]} u=0} from pid 227
I/Choreographer( 1029): Skipped 39 frames!  The application may be doing too much work on its main thread.
D/InputEventConsistencyVerifier( 1029): KeyEvent: ACTION_UP but key was not down.
D/InputEventConsistencyVerifier( 1029):   in com.android.internal.policy.impl.PhoneWindow$DecorView@b3e0fef0
D/InputEventConsistencyVerifier( 1029):   0: sent at 252533000000, KeyEvent { action=ACTION_UP, keyCode=KEYCODE_DPAD_DOWN, scanCode=0, metaState=0, flags=0x8, repeatCount=0, eventTime=252533, downTime=252533, deviceId=-1, source=0x101 }
D/InputEventConsistencyVerifier( 1029):   -- recent events --
D/InputEventConsistencyVerifier( 1029):   1: sent at 251437000000, (unhandled) MotionEvent { action=ACTION_UP, id[0]=0, x[0]=77.0, y[0]=597.0, toolType[0]=TOOL_TYPE_UNKNOWN, buttonState=0, metaState=0, flags=0x0, edgeFlags=0x0, pointerCount=1, historySize=0, eventTime=251437, downTime=251363, deviceId=0, source=0x1002 }
D/InputEventConsistencyVerifier( 1029):   2: sent at 251435000000, (unhandled) MotionEvent { action=ACTION_MOVE, id[0]=0, x[0]=74.0, y[0]=595.0, toolType[0]=TOOL_TYPE_UNKNOWN, buttonState=0, metaState=0, flags=0x0, edgeFlags=0x0, pointerCount=1, historySize=2, eventTime=251435, downTime=251363, deviceId=0, source=0x1002 }
D/InputEventConsistencyVerifier( 1029):   3: sent at 251365000000, (unhandled) MotionEvent { action=ACTION_DOWN, id[0]=0, x[0]=67.0, y[0]=582.0, toolType[0]=TOOL_TYPE_UNKNOWN, buttonState=0, metaState=0, flags=0x0, edgeFlags=0x0, pointerCount=1, historySize=0, eventTime=251365, downTime=251363, deviceId=0, source=0x1002 }
D/InputEventConsistencyVerifier( 1029):   4: sent at 251287000000, (unhandled) KeyEvent { action=ACTION_UP, keyCode=KEYCODE_DPAD_DOWN, scanCode=0, metaState=0, flags=0x80000008, repeatCount=0, eventTime=251287, downTime=251287, deviceId=-1, source=0x101 }
D/InputEventConsistencyVerifier( 1029):   5: sent at 216909000000, (unhandled) KeyEvent { action=ACTION_UP, keyCode=KEYCODE_DPAD_DOWN, scanCode=0, metaState=0, flags=0x28, repeatCount=0, eventTime=216909, downTime=216610, deviceId=-1, source=0x101 }
D/InputEventConsistencyVerifier( 1029): KeyEvent: ACTION_UP but key was not down.
D/InputEventConsistencyVerifier( 1029):   in android.view.ViewRootImpl@b3e058a0
D/InputEventConsistencyVerifier( 1029):   0: sent at 252902000000, KeyEvent { action=ACTION_UP, keyCode=KEYCODE_ENVELOPE, scanCode=0, metaState=0, flags=0x8, repeatCount=0, eventTime=252902, downTime=252902, deviceId=-1, source=0x101 }
D/InputEventConsistencyVerifier( 1029):   -- recent events --
D/InputEventConsistencyVerifier( 1029):   1: sent at 252533000000, KeyEvent { action=ACTION_UP, keyCode=KEYCODE_DPAD_DOWN, scanCode=0, metaState=0, flags=0x8, repeatCount=0, eventTime=252533, downTime=252533, deviceId=-1, source=0x101 }
D/InputEventConsistencyVerifier( 1029):   2: sent at 251462000000, KeyEvent { action=ACTION_DOWN, keyCode=KEYCODE_DPAD_DOWN, scanCode=0, metaState=0, flags=0x8, repeatCount=0, eventTime=251462, downTime=251462, deviceId=-1, source=0x101 }
D/InputEventConsistencyVerifier( 1029):   3: sent at 251437000000, MotionEvent { action=ACTION_UP, id[0]=0, x[0]=77.0, y[0]=597.0, toolType[0]=TOOL_TYPE_UNKNOWN, buttonState=0, metaState=0, flags=0x0, edgeFlags=0x0, pointerCount=1, historySize=0, eventTime=251437, downTime=251363, deviceId=0, source=0x1002 }
D/InputEventConsistencyVerifier( 1029):   4: sent at 251435000000, MotionEvent { action=ACTION_MOVE, id[0]=0, x[0]=74.0, y[0]=595.0, toolType[0]=TOOL_TYPE_UNKNOWN, buttonState=0, metaState=0, flags=0x0, edgeFlags=0x0, pointerCount=1, historySize=2, eventTime=251435, downTime=251363, deviceId=0, source=0x1002 }
D/InputEventConsistencyVerifier( 1029):   5: sent at 251365000000, MotionEvent { action=ACTION_DOWN, id[0]=0, x[0]=67.0, y[0]=582.0, toolType[0]=TOOL_TYPE_UNKNOWN, buttonState=0, metaState=0, flags=0x0, edgeFlags=0x0, pointerCount=1, historySize=0, eventTime=251365, downTime=251363, deviceId=0, source=0x1002 }
D/InputEventConsistencyVerifier( 1029): KeyEvent: ACTION_UP but key was not down.
D/InputEventConsistencyVerifier( 1029):   in com.android.internal.policy.impl.PhoneWindow$DecorView@b3ed8880
D/InputEventConsistencyVerifier( 1029):   0: sent at 251106000000, KeyEvent { action=ACTION_UP, keyCode=KEYCODE_DPAD_UP, scanCode=0, metaState=0, flags=0x400, repeatCount=0, eventTime=251106, downTime=251106, deviceId=-1, source=0x101 }
D/InputEventConsistencyVerifier( 1029):   -- recent events --
D/InputEventConsistencyVerifier( 1029):   1: sent at 251104000000, (unhandled) KeyEvent { action=ACTION_UP, keyCode=KEYCODE_DPAD_UP, scanCode=0, metaState=0, flags=0x400, repeatCount=0, eventTime=251104, downTime=251104, deviceId=-1, source=0x101 }
D/InputEventConsistencyVerifier( 1029):   2: sent at 251104000000, KeyEvent { action=ACTION_DOWN, keyCode=KEYCODE_DPAD_UP, scanCode=0, metaState=0, flags=0x400, repeatCount=0, eventTime=251104, downTime=251104, deviceId=-1, source=0x101 }
D/InputEventConsistencyVerifier( 1029):   3: sent at 250923000000, (unhandled) MotionEvent { action=ACTION_MOVE, id[0]=0, x[0]=0.0, y[0]=-3.0, toolType[0]=TOOL_TYPE_UNKNOWN, buttonState=0, metaState=0, flags=0x0, edgeFlags=0x0, pointerCount=1, historySize=19, eventTime=250923, downTime=-1, deviceId=0, source=0x10004 }
D/InputEventConsistencyVerifier( 1029):   4: sent at 250604000000, (unhandled) KeyEvent { action=ACTION_UP, keyCode=KEYCODE_DPAD_UP, scanCode=0, metaState=0, flags=0x80000008, repeatCount=0, eventTime=250604, downTime=250604, deviceId=-1, source=0x101 }
D/InputEventConsistencyVerifier( 1029):   5: sent at 250524000000, MotionEvent { action=ACTION_UP, id[0]=0, x[0]=231.0, y[0]=783.0, toolType[0]=TOOL_TYPE_UNKNOWN, buttonState=0, metaState=0, flags=0x0, edgeFlags=0x0, pointerCount=1, historySize=0, eventTime=250524, downTime=250511, deviceId=0, source=0x1002 }
D/InputEventConsistencyVerifier( 1029): KeyEvent: ACTION_UP but key was not down.
D/InputEventConsistencyVerifier( 1029):   in com.android.internal.policy.impl.PhoneWindow$DecorView@b3e0fef0
D/InputEventConsistencyVerifier( 1029):   0: sent at 253188000000, KeyEvent { action=ACTION_UP, keyCode=KEYCODE_DPAD_DOWN, scanCode=0, metaState=0, flags=0x8, repeatCount=0, eventTime=253188, downTime=253188, deviceId=-1, source=0x101 }
D/InputEventConsistencyVerifier( 1029):   -- recent events --
D/InputEventConsistencyVerifier( 1029):   1: sent at 253065000000, MotionEvent { action=ACTION_UP, id[0]=0, x[0]=318.0, y[0]=336.0, toolType[0]=TOOL_TYPE_UNKNOWN, buttonState=0, metaState=0, flags=0x0, edgeFlags=0x0, pointerCount=1, historySize=0, eventTime=253065, downTime=253047, deviceId=0, source=0x1002 }
D/InputEventConsistencyVerifier( 1029):   2: sent at 253048000000, MotionEvent { action=ACTION_DOWN, id[0]=0, x[0]=324.0, y[0]=335.0, toolType[0]=TOOL_TYPE_UNKNOWN, buttonState=0, metaState=0, flags=0x0, edgeFlags=0x0, pointerCount=1, historySize=0, eventTime=253048, downTime=253047, deviceId=0, source=0x1002 }
D/InputEventConsistencyVerifier( 1029):   3: sent at 252902000000, (unhandled) KeyEvent { action=ACTION_UP, keyCode=KEYCODE_ENVELOPE, scanCode=0, metaState=0, flags=0x80000008, repeatCount=0, eventTime=252902, downTime=252902, deviceId=-1, source=0x101 }
D/InputEventConsistencyVerifier( 1029):   4: sent at 252533000000, (unhandled) KeyEvent { action=ACTION_UP, keyCode=KEYCODE_DPAD_DOWN, scanCode=0, metaState=0, flags=0x80000008, repeatCount=0, eventTime=252533, downTime=252533, deviceId=-1, source=0x101 }
D/InputEventConsistencyVerifier( 1029):   5: sent at 251437000000, (unhandled) MotionEvent { action=ACTION_UP, id[0]=0, x[0]=77.0, y[0]=597.0, toolType[0]=TOOL_TYPE_UNKNOWN, buttonState=0, metaState=0, flags=0x0, edgeFlags=0x0, pointerCount=1, historySize=0, eventTime=251437, downTime=251363, deviceId=0, source=0x1002 }
I/InputDispatcher(  227): Window 'Window{b414fe20 com.software.application/com.software.application.OffertActivity paused=false}' spent 2158.6ms processing the last input event: KeyEvent(action=0, deviceId=-1, source=0x00000101)
D/InputEventConsistencyVerifier(  449): TouchEvent: ACTION_DOWN but pointers are already down.  Probably missing ACTION_UP from previous gesture.
D/InputEventConsistencyVerifier(  449):   in android.view.ScaleGestureDetector@b3ee71e0
D/InputEventConsistencyVerifier(  449):   0: sent at 253450000000, MotionEvent { action=ACTION_DOWN, id[0]=0, x[0]=316.0, y[0]=29.0, toolType[0]=TOOL_TYPE_UNKNOWN, buttonState=0, metaState=0, flags=0x0, edgeFlags=0x0, pointerCount=1, historySize=0, eventTime=253450, downTime=253449, deviceId=0, source=0x1002 }
D/InputEventConsistencyVerifier(  449):   -- recent events --
D/InputEventConsistencyVerifier(  449):   1: sent at 240715000000, MotionEvent { action=ACTION_DOWN, id[0]=0, x[0]=217.0, y[0]=713.0, toolType[0]=TOOL_TYPE_UNKNOWN, buttonState=0, metaState=0, flags=0x80000000, edgeFlags=0x0, pointerCount=1, historySize=0, eventTime=240715, downTime=240714, deviceId=0, source=0x1002 }
D/InputEventConsistencyVerifier(  449):   2: sent at 240126000000, MotionEvent { action=ACTION_MOVE, id[0]=0, x[0]=436.5, y[0]=457.0, toolType[0]=TOOL_TYPE_UNKNOWN, buttonState=0, metaState=0, flags=0x0, edgeFlags=0x0, pointerCount=1, historySize=3, eventTime=240126, downTime=240101, deviceId=0, source=0x1002 }
D/InputEventConsistencyVerifier(  449):   3: sent at 240104000000, MotionEvent { action=ACTION_DOWN, id[0]=0, x[0]=463.0, y[0]=438.0, toolType[0]=TOOL_TYPE_UNKNOWN, buttonState=0, metaState=0, flags=0x80000000, edgeFlags=0x0, pointerCount=1, historySize=0, eventTime=240104, downTime=240101, deviceId=0, source=0x1002 }
D/InputEventConsistencyVerifier(  449):   4: sent at 239810000000, MotionEvent { action=ACTION_MOVE, id[0]=0, x[0]=184.0, y[0]=695.0, toolType[0]=TOOL_TYPE_UNKNOWN, buttonState=0, metaState=0, flags=0x0, edgeFlags=0x0, pointerCount=1, historySize=7, eventTime=239810, downTime=239786, deviceId=0, source=0x1002 }
D/InputEventConsistencyVerifier(  449):   5: sent at 239789000000, MotionEvent { action=ACTION_DOWN, id[0]=0, x[0]=126.0, y[0]=643.0, toolType[0]=TOOL_TYPE_UNKNOWN, buttonState=0, metaState=0, flags=0x0, edgeFlags=0x0, pointerCount=1, historySize=0, eventTime=239789, downTime=239786, deviceId=0, source=0x1002 }
W/dalvikvm( 1010): DroidBox: { "FdAccess": { "path": "2f6465762f696e7075742f6576656e7430", "id": "780289144" } }
W/DroidBox( 1010): DroidBox: { "FileRW": { "operation": "write", "data": "efbfbd060000efbfbdefbfbd0c000500000000000000", "id": "780289144" } }
