D/InputEventConsistencyVerifier(  416):   1: sent at 169912000000, MotionEvent { action=ACTION_DOWN, id[0]=0, x[0]=402.0, y[0]=181.0, toolType[0]=TOOL_TYPE_UNKNOWN, buttonState=0, metaState=0, flags=0x0, edgeFlags=0x0, pointerCount=1, historySize=0, eventTime=169912, downTime=169912, deviceId=0, source=0x1002 }
D/InputEventConsistencyVerifier(  416):   2: sent at 169386000000, MotionEvent { action=ACTION_UP, id[0]=0, x[0]=436.0, y[0]=19.0, toolType[0]=TOOL_TYPE_UNKNOWN, buttonState=0, metaState=0, flags=0x0, edgeFlags=0x0, pointerCount=1, historySize=0, eventTime=169386, downTime=169344, deviceId=0, source=0x1002 }
D/InputEventConsistencyVerifier(  416):   3: sent at 169344000000, MotionEvent { action=ACTION_DOWN, id[0]=0, x[0]=437.0, y[0]=19.0, toolType[0]=TOOL_TYPE_UNKNOWN, buttonState=0, metaState=0, flags=0x80000000, edgeFlags=0x0, pointerCount=1, historySize=0, eventTime=169344, downTime=169344, deviceId=0, source=0x1002 }
D/InputEventConsistencyVerifier(  416):   4: sent at 165341000000, MotionEvent { action=ACTION_DOWN, id[0]=0, x[0]=1.0, y[0]=186.0, toolType[0]=TOOL_TYPE_UNKNOWN, buttonState=0, metaState=0, flags=0x80000000, edgeFlags=0x0, pointerCount=1, historySize=0, eventTime=165341, downTime=165339, deviceId=0, source=0x1002 }
D/InputEventConsistencyVerifier(  416):   5: sent at 165318000000, MotionEvent { action=ACTION_DOWN, id[0]=0, x[0]=9.0, y[0]=725.0, toolType[0]=TOOL_TYPE_UNKNOWN, buttonState=0, metaState=0, flags=0x0, edgeFlags=0x0, pointerCount=1, historySize=0, eventTime=165318, downTime=165317, deviceId=0, source=0x1002 }
W/dalvikvm(  416): DroidBox: { "FdAccess": { "path": "2f70726f632f6d656d696e666f", "id": "1871387884" } }
W/DroidBox(  416): DroidBox: { "FileRW": { "operation": "read", "data": "4d656d546f74616c3a202020202020202020373438393634206b420a4d656d467265653a20202020202020202020343531383034206b420a427566666572733a20202020202020202020202035343230206b420a4361636865643a202020202020202020", "id": "1871387884" } }
V/PhoneStatusBar(  416): setLightsOn(true)
W/dalvikvm(  416): DroidBox: { "FdAccess": { "path": "2f70726f632f6d656d696e666f", "id": "1788029105" } }
W/DroidBox(  416): DroidBox: { "FileRW": { "operation": "read", "data": "4d656d546f74616c3a202020202020202020373438393634206b420a4d656d467265653a20202020202020202020343530333136206b420a427566666572733a20202020202020202020202035343230206b420a4361636865643a202020202020202020", "id": "1788029105" } }
I/ActivityManager(  221): START {act=android.intent.action.MAIN cat=[android.intent.category.LAUNCHER] flg=0x10000000 cmp=com.android.calendar/.AllInOneActivity sel={act=android.intent.action.MAIN cat=[android.intent.category.APP_CALENDAR]} u=0} from pid 221
D/InputEventConsistencyVerifier(  416): KeyEvent: ACTION_UP but key was not down.
D/InputEventConsistencyVerifier(  416):   in android.view.ViewRootImpl@b3ec1a48
D/InputEventConsistencyVerifier(  416):   0: sent at 170160000000, KeyEvent { action=ACTION_UP, keyCode=KEYCODE_CALENDAR, scanCode=0, metaState=0, flags=0x8, repeatCount=0, eventTime=170160, downTime=170160, deviceId=-1, source=0x101 }
D/InputEventConsistencyVerifier(  416):   -- recent events --
D/InputEventConsistencyVerifier(  416):   1: sent at 169993000000, KeyEvent { action=ACTION_UP, keyCode=KEYCODE_NUMPAD_MULTIPLY, scanCode=0, metaState=0, flags=0x8, repeatCount=0, eventTime=169993, downTime=169993, deviceId=-1, source=0x101 }
D/InputEventConsistencyVerifier(  416):   2: sent at 169962000000, KeyEvent { action=ACTION_DOWN, keyCode=KEYCODE_NUMPAD_MULTIPLY, scanCode=0, metaState=0, flags=0x8, repeatCount=0, eventTime=169962, downTime=169962, deviceId=-1, source=0x101 }
D/InputEventConsistencyVerifier(  416):   3: sent at 169956000000, MotionEvent { action=ACTION_UP, id[0]=0, x[0]=454.0, y[0]=618.0, toolType[0]=TOOL_TYPE_UNKNOWN, buttonState=0, metaState=0, flags=0x0, edgeFlags=0x0, pointerCount=1, historySize=0, eventTime=169956, downTime=169940, deviceId=0, source=0x1002 }
D/InputEventConsistencyVerifier(  416):   4: sent at 169941000000, MotionEvent { action=ACTION_DOWN, id[0]=0, x[0]=442.0, y[0]=618.0, toolType[0]=TOOL_TYPE_UNKNOWN, buttonState=0, metaState=0, flags=0x0, edgeFlags=0x0, pointerCount=1, historySize=0, eventTime=169941, downTime=169940, deviceId=0, source=0x1002 }
D/InputEventConsistencyVerifier(  416):   5: sent at 169918000000, MotionEvent { action=ACTION_UP, id[0]=0, x[0]=385.0, y[0]=166.0, toolType[0]=TOOL_TYPE_UNKNOWN, buttonState=0, metaState=0, flags=0x0, edgeFlags=0x0, pointerCount=1, historySize=0, eventTime=169918, downTime=169912, deviceId=0, source=0x1002 }
D/InputEventConsistencyVerifier(  416): TouchEvent: ACTION_DOWN but pointers are already down.  Probably missing ACTION_UP from previous gesture.
D/InputEventConsistencyVerifier(  416):   in android.view.ScaleGestureDetector@b3ecfe60
D/InputEventConsistencyVerifier(  416):   0: sent at 170212000000, MotionEvent { action=ACTION_DOWN, id[0]=0, x[0]=389.0, y[0]=212.0, toolType[0]=TOOL_TYPE_UNKNOWN, buttonState=0, metaState=0, flags=0x0, edgeFlags=0x0, pointerCount=1, historySize=0, eventTime=170212, downTime=170211, deviceId=0, source=0x1002 }
D/InputEventConsistencyVerifier(  416):   -- recent events --
D/InputEventConsistencyVerifier(  416):   1: sent at 169941000000, MotionEvent { action=ACTION_DOWN, id[0]=0, x[0]=442.0, y[0]=618.0, toolType[0]=TOOL_TYPE_UNKNOWN, buttonState=0, metaState=0, flags=0x80000000, edgeFlags=0x0, pointerCount=1, historySize=0, eventTime=169941, downTime=169940, deviceId=0, source=0x1002 }
D/InputEventConsistencyVerifier(  416):   2: sent at 169912000000, MotionEvent { action=ACTION_DOWN, id[0]=0, x[0]=402.0, y[0]=181.0, toolType[0]=TOOL_TYPE_UNKNOWN, buttonState=0, metaState=0, flags=0x0, edgeFlags=0x0, pointerCount=1, historySize=0, eventTime=169912, downTime=169912, deviceId=0, source=0x1002 }
D/InputEventConsistencyVerifier(  416):   3: sent at 169386000000, MotionEvent { action=ACTION_UP, id[0]=0, x[0]=436.0, y[0]=19.0, toolType[0]=TOOL_TYPE_UNKNOWN, buttonState=0, metaState=0, flags=0x0, edgeFlags=0x0, pointerCount=1, historySize=0, eventTime=169386, downTime=169344, deviceId=0, source=0x1002 }
D/InputEventConsistencyVerifier(  416):   4: sent at 169344000000, MotionEvent { action=ACTION_DOWN, id[0]=0, x[0]=437.0, y[0]=19.0, toolType[0]=TOOL_TYPE_UNKNOWN, buttonState=0, metaState=0, flags=0x80000000, edgeFlags=0x0, pointerCount=1, historySize=0, eventTime=169344, downTime=169344, deviceId=0, source=0x1002 }
D/InputEventConsistencyVerifier(  416):   5: sent at 165341000000, MotionEvent { action=ACTION_DOWN, id[0]=0, x[0]=1.0, y[0]=186.0, toolType[0]=TOOL_TYPE_UNKNOWN, buttonState=0, metaState=0, flags=0x80000000, edgeFlags=0x0, pointerCount=1, historySize=0, eventTime=165341, downTime=165339, deviceId=0, source=0x1002 }
D/InputEventConsistencyVerifier(  416): KeyEvent: ACTION_UP but key was not down.
D/InputEventConsistencyVerifier(  416):   in com.android.systemui.statusbar.phone.StatusBarWindowView@b3e30248
D/InputEventConsistencyVerifier(  416):   0: sent at 170288000000, KeyEvent { action=ACTION_UP, keyCode=KEYCODE_DPAD_UP, scanCode=0, metaState=0, flags=0x8, repeatCount=0, eventTime=170288, downTime=170288, deviceId=-1, source=0x101 }
D/InputEventConsistencyVerifier(  416):   -- recent events --
D/InputEventConsistencyVerifier(  416):   1: sent at 170205000000, (unhandled) KeyEvent { action=ACTION_UP, keyCode=KEYCODE_DPAD_CENTER, scanCode=0, metaState=0, flags=0x8, repeatCount=0, eventTime=170205, downTime=170205, deviceId=-1, source=0x101 }
D/InputEventConsistencyVerifier(  416):   2: sent at 170217000000, MotionEvent { action=ACTION_UP, id[0]=0, x[0]=388.0, y[0]=202.0, toolType[0]=TOOL_TYPE_UNKNOWN, buttonState=0, metaState=0, flags=0x0, edgeFlags=0x0, pointerCount=1, historySize=0, eventTime=170217, downTime=170211, deviceId=0, source=0x1002 }
D/InputEventConsistencyVerifier(  416):   3: sent at 170212000000, MotionEvent { action=ACTION_DOWN, id[0]=0, x[0]=389.0, y[0]=212.0, toolType[0]=TOOL_TYPE_UNKNOWN, buttonState=0, metaState=0, flags=0x0, edgeFlags=0x0, pointerCount=1, historySize=0, eventTime=170212, downTime=170211, deviceId=0, source=0x1002 }
D/InputEventConsistencyVerifier(  416):   4: sent at 170205000000, (unhandled) KeyEvent { action=ACTION_UP, keyCode=KEYCODE_BUTTON_3, scanCode=0, metaState=0, flags=0x8, repeatCount=0, eventTime=170205, downTime=170205, deviceId=-1, source=0x101 }
D/InputEventConsistencyVerifier(  416):   5: sent at 170164000000, (unhandled) KeyEvent { action=ACTION_DOWN, keyCode=KEYCODE_DPAD_CENTER, scanCode=0, metaState=0, flags=0x8, repeatCount=0, eventTime=170164, downTime=170164, deviceId=-1, source=0x101 }
I/Choreographer(  416): Skipped 63 frames!  The application may be doing too much work on its main thread.
W/InputManager(  221): Input event injection from pid 1040 failed.
I/ActivityManager(  221): START {act=android.intent.action.MAIN cat=[android.intent.category.LAUNCHER] flg=0x10200000 cmp=com.antonio.thermo2.activity/.AcCheck u=0} from pid 1040
W/InputMethodManagerService(  221): Window already focused, ignoring focus gain of: com.android.internal.view.IInputMethodClient$Stub$Proxy@b3f090b8 attribute=null
D/InputEventConsistencyVerifier(  416): KeyEvent: ACTION_UP but key was not down.
D/InputEventConsistencyVerifier(  416):   in android.widget.FrameLayout@b3e4fd98
D/InputEventConsistencyVerifier(  416):   0: sent at 170392000000, KeyEvent { action=ACTION_UP, keyCode=KEYCODE_DPAD_DOWN, scanCode=0, metaState=0, flags=0x8, repeatCount=0, eventTime=170392, downTime=170392, deviceId=-1, source=0x101 }
D/InputEventConsistencyVerifier(  416):   -- recent events --
D/InputEventConsistencyVerifier(  416):   1: sent at 165276000000, (unhandled) KeyEvent { action=ACTION_UP, keyCode=KEYCODE_DPAD_DOWN, scanCode=0, metaState=0, flags=0x8, repeatCount=0, eventTime=165276, downTime=165276, deviceId=-1, source=0x101 }
D/InputEventConsistencyVerifier(  416):   2: sent at 165272000000, (unhandled) KeyEvent { action=ACTION_DOWN, keyCode=KEYCODE_DPAD_DOWN, scanCode=0, metaState=0, flags=0x8, repeatCount=0, eventTime=165272, downTime=165272, deviceId=-1, source=0x101 }
D/InputEventConsistencyVerifier(  416):   3: sent at 165245000000, (unhandled) KeyEvent { action=ACTION_UP, keyCode=KEYCODE_DPAD_RIGHT, scanCode=0, metaState=0, flags=0x8, repeatCount=0, eventTime=165245, downTime=165245, deviceId=-1, source=0x101 }
D/InputEventConsistencyVerifier(  416):   4: sent at 165231000000, (unhandled) KeyEvent { action=ACTION_DOWN, keyCode=KEYCODE_DPAD_RIGHT, scanCode=0, metaState=0, flags=0x8, repeatCount=0, eventTime=165231, downTime=165231, deviceId=-1, source=0x101 }
D/InputEventConsistencyVerifier(  416):   5: sent at 165116000000, (unhandled) KeyEvent { action=ACTION_UP, keyCode=KEYCODE_DPAD_DOWN, scanCode=0, metaState=0, flags=0x80000008, repeatCount=0, eventTime=165116, downTime=165116, deviceId=-1, source=0x101 }
D/PhoneStatusBar(  416): disable: < expand icons alerts ticker* system_info back home recent clock >
V/PhoneStatusBar(  416): setLightsOn(true)
E/WVMExtractor(   61): Failed to open libwvm.so
D/InputEventConsistencyVerifier( 1058): TrackballEvent: Trackball is down but pressure is not greater than 0.
D/InputEventConsistencyVerifier( 1058):   in android.view.ViewRootImpl@b3e50a18
D/InputEventConsistencyVerifier( 1058):   0: sent at 171202000000, MotionEvent { action=ACTION_DOWN, id[0]=0, x[0]=0.0, y[0]=0.0, toolType[0]=TOOL_TYPE_UNKNOWN, buttonState=0, metaState=0, flags=0x0, edgeFlags=0x0, pointerCount=1, historySize=0, eventTime=171202, downTime=171163, deviceId=0, source=0x10004 }
D/InputEventConsistencyVerifier( 1058):   -- recent events --
D/InputEventConsistencyVerifier( 1058):   1: sent at 171381000000, KeyEvent { action=ACTION_UP, keyCode=KEYCODE_DPAD_DOWN, scanCode=0, metaState=0, flags=0x400, repeatCount=0, eventTime=171381, downTime=171381, deviceId=-1, source=0x101 }
D/InputEventConsistencyVerifier( 1058):   2: sent at 171381000000, KeyEvent { action=ACTION_DOWN, keyCode=KEYCODE_DPAD_DOWN, scanCode=0, metaState=0, flags=0x400, repeatCount=0, eventTime=171381, downTime=171381, deviceId=-1, source=0x101 }
D/InputEventConsistencyVerifier( 1058):   3: sent at 171377000000, KeyEvent { action=ACTION_UP, keyCode=KEYCODE_DPAD_DOWN, scanCode=0, metaState=0, flags=0x400, repeatCount=0, eventTime=171377, downTime=171377, deviceId=-1, source=0x101 }
D/InputEventConsistencyVerifier( 1058):   4: sent at 171377000000, KeyEvent { action=ACTION_DOWN, keyCode=KEYCODE_DPAD_DOWN, scanCode=0, metaState=0, flags=0x400, repeatCount=0, eventTime=171377, downTime=171377, deviceId=-1, source=0x101 }
D/InputEventConsistencyVerifier( 1058):   5: sent at 171198000000, MotionEvent { action=ACTION_MOVE, id[0]=0, x[0]=-2.0, y[0]=2.0, toolType[0]=TOOL_TYPE_UNKNOWN, buttonState=0, metaState=0, flags=0x0, edgeFlags=0x0, pointerCount=1, historySize=9, eventTime=171198, downTime=-1, deviceId=0, source=0x10004 }
I/Choreographer( 1058): Skipped 84 frames!  The application may be doing too much work on its main thread.
E/WVMExtractor(   61): Failed to open libwvm.so
I/Choreographer( 1058): Skipped 67 frames!  The application may be doing too much work on its main thread.
W/InputMethodManagerService(  221): Window already focused, ignoring focus gain of: com.android.internal.view.IInputMethodClient$Stub$Proxy@b3fb3f30 attribute=null
E/WVMExtractor(   61): Failed to open libwvm.so
D/InputEventConsistencyVerifier( 1058): KeyEvent: ACTION_UP but key was not down.
D/InputEventConsistencyVerifier( 1058):   in android.view.ViewRootImpl@b3e5d6f0
D/InputEventConsistencyVerifier( 1058):   0: sent at 171867000000, KeyEvent { action=ACTION_UP, keyCode=KEYCODE_MENU, scanCode=0, metaState=0, flags=0x8, repeatCount=0, eventTime=171867, downTime=171867, deviceId=-1, source=0x101 }
D/InputEventConsistencyVerifier( 1058):   -- recent events --
D/InputEventConsistencyVerifier( 1058):   1: sent at 171126000000, MotionEvent { action=ACTION_UP, id[0]=0, x[0]=307.0, y[0]=375.0, toolType[0]=TOOL_TYPE_UNKNOWN, buttonState=0, metaState=0, flags=0x0, edgeFlags=0x0, pointerCount=1, historySize=0, eventTime=171126, downTime=171112, deviceId=0, source=0x1002 }
D/InputEventConsistencyVerifier( 1058):   2: sent at 171113000000, MotionEvent { action=ACTION_DOWN, id[0]=0, x[0]=297.0, y[0]=375.0, toolType[0]=TOOL_TYPE_UNKNOWN, buttonState=0, metaState=0, flags=0x0, edgeFlags=0x0, pointerCount=1, historySize=0, eventTime=171113, downTime=171112, deviceId=0, source=0x1002 }
D/InputEventConsistencyVerifier( 1058):   3: sent at 171019000000, KeyEvent { action=ACTION_UP, keyCode=KEYCODE_DPAD_RIGHT, scanCode=0, metaState=0, flags=0x400, repeatCount=0, eventTime=171019, downTime=171019, deviceId=-1, source=0x101 }
D/InputEventConsistencyVerifier( 1058):   4: sent at 171019000000, KeyEvent { action=ACTION_DOWN, keyCode=KEYCODE_DPAD_RIGHT, scanCode=0, metaState=0, flags=0x400, repeatCount=0, eventTime=171019, downTime=171019, deviceId=-1, source=0x101 }
D/InputEventConsistencyVerifier( 1058):   5: sent at 171019000000, KeyEvent { action=ACTION_UP, keyCode=KEYCODE_DPAD_RIGHT, scanCode=0, metaState=0, flags=0x400, repeatCount=0, eventTime=171019, downTime=171019, deviceId=-1, source=0x101 }
E/WVMExtractor(   61): Failed to open libwvm.so
E/WVMExtractor(   61): Failed to open libwvm.so
I/Choreographer( 1058): Skipped 113 frames!  The application may be doing too much work on its main thread.
I/Choreographer( 1058): Skipped 40 frames!  The application may be doing too much work on its main thread.
E/WVMExtractor(   61): Failed to open libwvm.so
D/InputEventConsistencyVerifier( 1058): TouchEvent: ACTION_DOWN but pointers are already down.  Probably missing ACTION_UP from previous gesture.
D/InputEventConsistencyVerifier( 1058):   in com.android.internal.policy.impl.PhoneWindow$DecorView@b3e60790
D/InputEventConsistencyVerifier( 1058):   0: sent at 175882000000, MotionEvent { action=ACTION_DOWN, id[0]=0, x[0]=394.0, y[0]=-219.0, toolType[0]=TOOL_TYPE_UNKNOWN, buttonState=0, metaState=0, flags=0x0, edgeFlags=0x0, pointerCount=1, historySize=0, eventTime=175882, downTime=175882, deviceId=0, source=0x1002 }
D/InputEventConsistencyVerifier( 1058):   -- recent events --
D/InputEventConsistencyVerifier( 1058):   1: sent at 175792000000, (unhandled) KeyEvent { action=ACTION_UP, keyCode=KEYCODE_L, scanCode=0, metaState=0, flags=0x8, repeatCount=0, eventTime=175792, downTime=175792, deviceId=-1, source=0x101 }
D/InputEventConsistencyVerifier( 1058):   2: sent at 175523000000, (unhandled) KeyEvent { action=ACTION_DOWN, keyCode=KEYCODE_L, scanCode=0, metaState=0, flags=0x8, repeatCount=0, eventTime=175523, downTime=175523, deviceId=-1, source=0x101 }
D/InputEventConsistencyVerifier( 1058):   3: sent at 175786000000, (unhandled) KeyEvent { action=ACTION_UP, keyCode=KEYCODE_DPAD_LEFT, scanCode=0, metaState=0, flags=0x400, repeatCount=0, eventTime=175786, downTime=175786, deviceId=-1, source=0x101 }
D/InputEventConsistencyVerifier( 1058):   4: sent at 175786000000, (unhandled) KeyEvent { action=ACTION_DOWN, keyCode=KEYCODE_DPAD_LEFT, scanCode=0, metaState=0, flags=0x400, repeatCount=0, eventTime=175786, downTime=175786, deviceId=-1, source=0x101 }
D/InputEventConsistencyVerifier( 1058):   5: sent at 175785000000, (unhandled) KeyEvent { action=ACTION_UP, keyCode=KEYCODE_DPAD_LEFT, scanCode=0, metaState=0, flags=0x400, repeatCount=0, eventTime=175785, downTime=175785, deviceId=-1, source=0x101 }
E/WVMExtractor(   61): Failed to open libwvm.so
W/InputMethodManagerService(  221): Window already focused, ignoring focus gain of: com.android.internal.view.IInputMethodClient$Stub$Proxy@b3f998c0 attribute=null
E/WVMExtractor(   61): Failed to open libwvm.so
E/WVMExtractor(   61): Failed to open libwvm.so
I/Choreographer( 1058): Skipped 47 frames!  The application may be doing too much work on its main thread.
E/WVMExtractor(   61): Failed to open libwvm.so
D/InputEventConsistencyVerifier( 1058): TrackballEvent: Trackball is down but pressure is not greater than 0.
D/InputEventConsistencyVerifier( 1058):   in android.view.ViewRootImpl@b3e5d6f0
D/InputEventConsistencyVerifier( 1058):   0: sent at 177318000000, MotionEvent { action=ACTION_DOWN, id[0]=0, x[0]=0.0, y[0]=0.0, toolType[0]=TOOL_TYPE_UNKNOWN, buttonState=0, metaState=0, flags=0x0, edgeFlags=0x0, pointerCount=1, historySize=0, eventTime=177318, downTime=177265, deviceId=0, source=0x10004 }
D/InputEventConsistencyVerifier( 1058):   -- recent events --
D/InputEventConsistencyVerifier( 1058):   1: sent at 177395000000, KeyEvent { action=ACTION_UP, keyCode=KEYCODE_DPAD_DOWN, scanCode=0, metaState=0, flags=0x400, repeatCount=0, eventTime=177395, downTime=177395, deviceId=-1, source=0x101 }
D/InputEventConsistencyVerifier( 1058):   2: sent at 177395000000, KeyEvent { action=ACTION_DOWN, keyCode=KEYCODE_DPAD_DOWN, scanCode=0, metaState=0, flags=0x400, repeatCount=0, eventTime=177395, downTime=177395, deviceId=-1, source=0x101 }
D/InputEventConsistencyVerifier( 1058):   3: sent at 177394000000, KeyEvent { action=ACTION_UP, keyCode=KEYCODE_DPAD_DOWN, scanCode=0, metaState=0, flags=0x400, repeatCount=0, eventTime=177394, downTime=177394, deviceId=-1, source=0x101 }
D/InputEventConsistencyVerifier( 1058):   4: sent at 177394000000, KeyEvent { action=ACTION_DOWN, keyCode=KEYCODE_DPAD_DOWN, scanCode=0, metaState=0, flags=0x400, repeatCount=0, eventTime=177394, downTime=177394, deviceId=-1, source=0x101 }
D/InputEventConsistencyVerifier( 1058):   5: sent at 177394000000, KeyEvent { action=ACTION_UP, keyCode=KEYCODE_DPAD_DOWN, scanCode=0, metaState=0, flags=0x400, repeatCount=0, eventTime=177394, downTime=177394, deviceId=-1, source=0x101 }
E/WVMExtractor(   61): Failed to open libwvm.so
E/WVMExtractor(   61): Failed to open libwvm.so
E/WVMExtractor(   61): Failed to open libwvm.so
E/WVMExtractor(   61): Failed to open libwvm.so
E/WVMExtractor(   61): Failed to open libwvm.so
E/WVMExtractor(   61): Failed to open libwvm.so
E/WVMExtractor(   61): Failed to open libwvm.so
I/Choreographer( 1058): Skipped 41 frames!  The application may be doing too much work on its main thread.
E/WVMExtractor(   61): Failed to open libwvm.so
E/WVMExtractor(   61): Failed to open libwvm.so
I/Choreographer( 1058): Skipped 88 frames!  The application may be doing too much work on its main thread.
E/WVMExtractor(   61): Failed to open libwvm.so
D/InputEventConsistencyVerifier( 1058): KeyEvent: ACTION_UP but key was not down.
D/InputEventConsistencyVerifier( 1058):   in android.view.ViewRootImpl@b3e5d6f0
D/InputEventConsistencyVerifier( 1058):   0: sent at 181286000000, KeyEvent { action=ACTION_UP, keyCode=KEYCODE_MENU, scanCode=0, metaState=0, flags=0x8, repeatCount=0, eventTime=181286, downTime=181286, deviceId=-1, source=0x101 }
D/InputEventConsistencyVerifier( 1058):   -- recent events --
D/InputEventConsistencyVerifier( 1058):   1: sent at 180174000000, MotionEvent { action=ACTION_UP, id[0]=0, x[0]=209.0, y[0]=64.0, toolType[0]=TOOL_TYPE_UNKNOWN, buttonState=0, metaState=0, flags=0x0, edgeFlags=0x0, pointerCount=1, historySize=0, eventTime=180174, downTime=180162, deviceId=0, source=0x1002 }
D/InputEventConsistencyVerifier( 1058):   2: sent at 180171000000, MotionEvent { action=ACTION_MOVE, id[0]=0, x[0]=209.0, y[0]=71.0, toolType[0]=TOOL_TYPE_UNKNOWN, buttonState=0, metaState=0, flags=0x0, edgeFlags=0x0, pointerCount=1, historySize=1, eventTime=180171, downTime=180162, deviceId=0, source=0x1002 }
D/InputEventConsistencyVerifier( 1058):   3: sent at 180163000000, MotionEvent { action=ACTION_DOWN, id[0]=0, x[0]=212.0, y[0]=78.0, toolType[0]=TOOL_TYPE_UNKNOWN, buttonState=0, metaState=0, flags=0x0, edgeFlags=0x0, pointerCount=1, historySize=0, eventTime=180163, downTime=180162, deviceId=0, source=0x1002 }
D/InputEventConsistencyVerifier( 1058):   4: sent at 180142000000, MotionEvent { action=ACTION_UP, id[0]=0, x[0]=199.0, y[0]=642.0, toolType[0]=TOOL_TYPE_UNKNOWN, buttonState=0, metaState=0, flags=0x0, edgeFlags=0x0, pointerCount=1, historySize=0, eventTime=180142, downTime=180134, deviceId=0, source=0x1002 }
D/InputEventConsistencyVerifier( 1058):   5: sent at 180140000000, MotionEvent { action=ACTION_MOVE, id[0]=0, x[0]=199.0, y[0]=635.0, toolType[0]=TOOL_TYPE_UNKNOWN, buttonState=0, metaState=0, flags=0x0, edgeFlags=0x0, pointerCount=1, historySize=0, eventTime=180140, downTime=180134, deviceId=0, source=0x1002 }
W/InputMethodManagerService(  221): Window already focused, ignoring focus gain of: com.android.internal.view.IInputMethodClient$Stub$Proxy@b40a1538 attribute=null
E/WVMExtractor(   61): Failed to open libwvm.so
I/Choreographer( 1058): Skipped 108 frames!  The application may be doing too much work on its main thread.
E/WVMExtractor(   61): Failed to open libwvm.so
D/InputEventConsistencyVerifier( 1058): TrackballEvent: Trackball is down but pressure is not greater than 0.
D/InputEventConsistencyVerifier( 1058):   in android.view.ViewRootImpl@b3e9d680
D/InputEventConsistencyVerifier( 1058):   0: sent at 182744000000, MotionEvent { action=ACTION_DOWN, id[0]=0, x[0]=0.0, y[0]=0.0, toolType[0]=TOOL_TYPE_UNKNOWN, buttonState=0, metaState=0, flags=0x0, edgeFlags=0x0, pointerCount=1, historySize=0, eventTime=182744, downTime=182713, deviceId=0, source=0x10004 }
D/InputEventConsistencyVerifier( 1058):   -- recent events --
D/InputEventConsistencyVerifier( 1058):   1: sent at 182789000000, KeyEvent { action=ACTION_UP, keyCode=KEYCODE_DPAD_DOWN, scanCode=0, metaState=0, flags=0x400, repeatCount=0, eventTime=182789, downTime=182789, deviceId=-1, source=0x101 }
D/InputEventConsistencyVerifier( 1058):   2: sent at 182789000000, KeyEvent { action=ACTION_DOWN, keyCode=KEYCODE_DPAD_DOWN, scanCode=0, metaState=0, flags=0x400, repeatCount=0, eventTime=182789, downTime=182789, deviceId=-1, source=0x101 }
D/InputEventConsistencyVerifier( 1058):   3: sent at 182787000000, KeyEvent { action=ACTION_UP, keyCode=KEYCODE_DPAD_DOWN, scanCode=0, metaState=0, flags=0x400, repeatCount=0, eventTime=182787, downTime=182787, deviceId=-1, source=0x101 }
D/InputEventConsistencyVerifier( 1058):   4: sent at 182787000000, KeyEvent { action=ACTION_DOWN, keyCode=KEYCODE_DPAD_DOWN, scanCode=0, metaState=0, flags=0x400, repeatCount=0, eventTime=182787, downTime=182787, deviceId=-1, source=0x101 }
D/InputEventConsistencyVerifier( 1058):   5: sent at 182742000000, MotionEvent { action=ACTION_MOVE, id[0]=0, x[0]=-2.0, y[0]=2.0, toolType[0]=TOOL_TYPE_UNKNOWN, buttonState=0, metaState=0, flags=0x0, edgeFlags=0x0, pointerCount=1, historySize=19, eventTime=182742, downTime=-1, deviceId=0, source=0x10004 }
E/WVMExtractor(   61): Failed to open libwvm.so
I/ActivityManager(  221): START {act=android.intent.action.MAIN cat=[android.intent.category.LAUNCHER] flg=0x10200000 cmp=com.antonio.thermo2.activity/.AcCheck u=0} from pid 1040
I/Choreographer( 1058): Skipped 141 frames!  The application may be doing too much work on its main thread.
E/WVMExtractor(   61): Failed to open libwvm.so
W/InputMethodManagerService(  221): Window already focused, ignoring focus gain of: com.android.internal.view.IInputMethodClient$Stub$Proxy@b42398c8 attribute=null
I/Choreographer( 1058): Skipped 41 frames!  The application may be doing too much work on its main thread.
E/WVMExtractor(   61): Failed to open libwvm.so
E/WVMExtractor(   61): Failed to open libwvm.so
E/WVMExtractor(   61): Failed to open libwvm.so
E/MetadataRetrieverClient(   61): failed to extract an album art
W/BackupManagerService(  221): dataChanged but no participant pkg='com.android.providers.settings' uid=10011
E/WVMExtractor(   61): Failed to open libwvm.so
D/InputEventConsistencyVerifier(  416): TouchEvent: ACTION_DOWN but pointers are already down.  Probably missing ACTION_UP from previous gesture.
D/InputEventConsistencyVerifier(  416):   in android.view.ScaleGestureDetector@b3ecfe60
D/InputEventConsistencyVerifier(  416):   0: sent at 186522000000, MotionEvent { action=ACTION_DOWN, id[0]=0, x[0]=274.0, y[0]=2.0, toolType[0]=TOOL_TYPE_UNKNOWN, buttonState=0, metaState=0, flags=0x0, edgeFlags=0x0, pointerCount=1, historySize=0, eventTime=186522, downTime=186521, deviceId=0, source=0x1002 }
D/InputEventConsistencyVerifier(  416):   -- recent events --
D/InputEventConsistencyVerifier(  416):   1: sent at 170212000000, MotionEvent { action=ACTION_DOWN, id[0]=0, x[0]=389.0, y[0]=212.0, toolType[0]=TOOL_TYPE_UNKNOWN, buttonState=0, metaState=0, flags=0x80000000, edgeFlags=0x0, pointerCount=1, historySize=0, eventTime=170212, downTime=170211, deviceId=0, source=0x1002 }
D/InputEventConsistencyVerifier(  416):   2: sent at 169941000000, MotionEvent { action=ACTION_DOWN, id[0]=0, x[0]=442.0, y[0]=618.0, toolType[0]=TOOL_TYPE_UNKNOWN, buttonState=0, metaState=0, flags=0x80000000, edgeFlags=0x0, pointerCount=1, historySize=0, eventTime=169941, downTime=169940, deviceId=0, source=0x1002 }
D/InputEventConsistencyVerifier(  416):   3: sent at 169912000000, MotionEvent { action=ACTION_DOWN, id[0]=0, x[0]=402.0, y[0]=181.0, toolType[0]=TOOL_TYPE_UNKNOWN, buttonState=0, metaState=0, flags=0x0, edgeFlags=0x0, pointerCount=1, historySize=0, eventTime=169912, downTime=169912, deviceId=0, source=0x1002 }
D/InputEventConsistencyVerifier(  416):   4: sent at 169386000000, MotionEvent { action=ACTION_UP, id[0]=0, x[0]=436.0, y[0]=19.0, toolType[0]=TOOL_TYPE_UNKNOWN, buttonState=0, metaState=0, flags=0x0, edgeFlags=0x0, pointerCount=1, historySize=0, eventTime=169386, downTime=169344, deviceId=0, source=0x1002 }
D/InputEventConsistencyVerifier(  416):   5: sent at 169344000000, MotionEvent { action=ACTION_DOWN, id[0]=0, x[0]=437.0, y[0]=19.0, toolType[0]=TOOL_TYPE_UNKNOWN, buttonState=0, metaState=0, flags=0x80000000, edgeFlags=0x0, pointerCount=1, historySize=0, eventTime=169344, downTime=169344, deviceId=0, source=0x1002 }
W/dalvikvm(  416): DroidBox: { "FdAccess": { "path": "2f70726f632f6d656d696e666f", "id": "1949438465" } }
W/DroidBox(  416): DroidBox: { "FileRW": { "operation": "read", "data": "4d656d546f74616c3a202020202020202020373438393634206b420a4d656d467265653a20202020202020202020343531383034206b420a427566666572733a20202020202020202020202035343238206b420a4361636865643a202020202020202020", "id": "1949438465" } }
I/Choreographer( 1058): Skipped 34 frames!  The application may be doing too much work on its main thread.
I/Choreographer(  416): Skipped 33 frames!  The application may be doing too much work on its main thread.
D/InputEventConsistencyVerifier(  416): KeyEvent: ACTION_UP but key was not down.
D/InputEventConsistencyVerifier(  416):   in com.android.systemui.statusbar.phone.StatusBarWindowView@b3e30248
D/InputEventConsistencyVerifier(  416):   0: sent at 186752000000, KeyEvent { action=ACTION_UP, keyCode=KEYCODE_DPAD_CENTER, scanCode=0, metaState=0, flags=0x8, repeatCount=0, eventTime=186752, downTime=186752, deviceId=-1, source=0x101 }
D/InputEventConsistencyVerifier(  416):   -- recent events --
D/InputEventConsistencyVerifier(  416):   1: sent at 186735000000, MotionEvent { action=ACTION_UP, id[0]=0, x[0]=44.0, y[0]=234.0, toolType[0]=TOOL_TYPE_UNKNOWN, buttonState=0, metaState=0, flags=0x0, edgeFlags=0x0, pointerCount=1, historySize=0, eventTime=186735, downTime=186730, deviceId=0, source=0x1002 }
D/InputEventConsistencyVerifier(  416):   2: sent at 186730000000, MotionEvent { action=ACTION_DOWN, id[0]=0, x[0]=54.0, y[0]=233.0, toolType[0]=TOOL_TYPE_UNKNOWN, buttonState=0, metaState=0, flags=0x0, edgeFlags=0x0, pointerCount=1, historySize=0, eventTime=186730, downTime=186730, deviceId=0, source=0x1002 }
D/InputEventConsistencyVerifier(  416):   3: sent at 186723000000, MotionEvent { action=ACTION_UP, id[0]=0, x[0]=269.0, y[0]=6.0, toolType[0]=TOOL_TYPE_UNKNOWN, buttonState=0, metaState=0, flags=0x0, edgeFlags=0x0, pointerCount=1, historySize=0, eventTime=186723, downTime=186521, deviceId=0, source=0x1002 }
D/InputEventConsistencyVerifier(  416):   4: sent at 186522000000, MotionEvent { action=ACTION_DOWN, id[0]=0, x[0]=274.0, y[0]=2.0, toolType[0]=TOOL_TYPE_UNKNOWN, buttonState=0, metaState=0, flags=0x0, edgeFlags=0x0, pointerCount=1, historySize=0, eventTime=186522, downTime=186521, deviceId=0, source=0x1002 }
D/InputEventConsistencyVerifier(  416):   5: sent at 170392000000, (unhandled) KeyEvent { action=ACTION_UP, keyCode=KEYCODE_DPAD_DOWN, scanCode=0, metaState=0, flags=0x8, repeatCount=0, eventTime=170392, downTime=170392, deviceId=-1, source=0x101 }
E/WVMExtractor(   61): Failed to open libwvm.so
D/InputEventConsistencyVerifier(  416): TouchEvent: ACTION_DOWN but pointers are already down.  Probably missing ACTION_UP from previous gesture.
D/InputEventConsistencyVerifier(  416):   in android.view.ScaleGestureDetector@b3ecfe60
D/InputEventConsistencyVerifier(  416):   0: sent at 186768000000, MotionEvent { action=ACTION_DOWN, id[0]=0, x[0]=30.0, y[0]=630.0, toolType[0]=TOOL_TYPE_UNKNOWN, buttonState=0, metaState=0, flags=0x0, edgeFlags=0x0, pointerCount=1, historySize=0, eventTime=186768, downTime=186768, deviceId=0, source=0x1002 }
D/InputEventConsistencyVerifier(  416):   -- recent events --
D/InputEventConsistencyVerifier(  416):   1: sent at 186730000000, MotionEvent { action=ACTION_DOWN, id[0]=0, x[0]=54.0, y[0]=233.0, toolType[0]=TOOL_TYPE_UNKNOWN, buttonState=0, metaState=0, flags=0x0, edgeFlags=0x0, pointerCount=1, historySize=0, eventTime=186730, downTime=186730, deviceId=0, source=0x1002 }
D/InputEventConsistencyVerifier(  416):   2: sent at 186723000000, MotionEvent { action=ACTION_UP, id[0]=0, x[0]=269.0, y[0]=6.0, toolType[0]=TOOL_TYPE_UNKNOWN, buttonState=0, metaState=0, flags=0x0, edgeFlags=0x0, pointerCount=1, historySize=0, eventTime=186723, downTime=186521, deviceId=0, source=0x1002 }
D/InputEventConsistencyVerifier(  416):   3: sent at 186522000000, MotionEvent { action=ACTION_DOWN, id[0]=0, x[0]=274.0, y[0]=2.0, toolType[0]=TOOL_TYPE_UNKNOWN, buttonState=0, metaState=0, flags=0x80000000, edgeFlags=0x0, pointerCount=1, historySize=0, eventTime=186522, downTime=186521, deviceId=0, source=0x1002 }
D/InputEventConsistencyVerifier(  416):   4: sent at 170212000000, MotionEvent { action=ACTION_DOWN, id[0]=0, x[0]=389.0, y[0]=212.0, toolType[0]=TOOL_TYPE_UNKNOWN, buttonState=0, metaState=0, flags=0x80000000, edgeFlags=0x0, pointerCount=1, historySize=0, eventTime=170212, downTime=170211, deviceId=0, source=0x1002 }
D/InputEventConsistencyVerifier(  416):   5: sent at 169941000000, MotionEvent { action=ACTION_DOWN, id[0]=0, x[0]=442.0, y[0]=618.0, toolType[0]=TOOL_TYPE_UNKNOWN, buttonState=0, metaState=0, flags=0x80000000, edgeFlags=0x0, pointerCount=1, historySize=0, eventTime=169941, downTime=169940, deviceId=0, source=0x1002 }
D/InputEventConsistencyVerifier(  416): TouchEvent: ACTION_DOWN but pointers are already down.  Probably missing ACTION_UP from previous gesture.
D/InputEventConsistencyVerifier(  416):   in android.view.ScaleGestureDetector@b3ecfe60
D/InputEventConsistencyVerifier(  416):   0: sent at 186780000000, MotionEvent { action=ACTION_DOWN, id[0]=0, x[0]=42.0, y[0]=271.0, toolType[0]=TOOL_TYPE_UNKNOWN, buttonState=0, metaState=0, flags=0x0, edgeFlags=0x0, pointerCount=1, historySize=0, eventTime=186780, downTime=186780, deviceId=0, source=0x1002 }
D/InputEventConsistencyVerifier(  416):   -- recent events --
D/InputEventConsistencyVerifier(  416):   1: sent at 186768000000, MotionEvent { action=ACTION_DOWN, id[0]=0, x[0]=30.0, y[0]=630.0, toolType[0]=TOOL_TYPE_UNKNOWN, buttonState=0, metaState=0, flags=0x80000000, edgeFlags=0x0, pointerCount=1, historySize=0, eventTime=186768, downTime=186768, deviceId=0, source=0x1002 }
D/InputEventConsistencyVerifier(  416):   2: sent at 186730000000, MotionEvent { action=ACTION_DOWN, id[0]=0, x[0]=54.0, y[0]=233.0, toolType[0]=TOOL_TYPE_UNKNOWN, buttonState=0, metaState=0, flags=0x0, edgeFlags=0x0, pointerCount=1, historySize=0, eventTime=186730, downTime=186730, deviceId=0, source=0x1002 }
D/InputEventConsistencyVerifier(  416):   3: sent at 186723000000, MotionEvent { action=ACTION_UP, id[0]=0, x[0]=269.0, y[0]=6.0, toolType[0]=TOOL_TYPE_UNKNOWN, buttonState=0, metaState=0, flags=0x0, edgeFlags=0x0, pointerCount=1, historySize=0, eventTime=186723, downTime=186521, deviceId=0, source=0x1002 }
D/InputEventConsistencyVerifier(  416):   4: sent at 186522000000, MotionEvent { action=ACTION_DOWN, id[0]=0, x[0]=274.0, y[0]=2.0, toolType[0]=TOOL_TYPE_UNKNOWN, buttonState=0, metaState=0, flags=0x80000000, edgeFlags=0x0, pointerCount=1, historySize=0, eventTime=186522, downTime=186521, deviceId=0, source=0x1002 }
D/InputEventConsistencyVerifier(  416):   5: sent at 170212000000, MotionEvent { action=ACTION_DOWN, id[0]=0, x[0]=389.0, y[0]=212.0, toolType[0]=TOOL_TYPE_UNKNOWN, buttonState=0, metaState=0, flags=0x80000000, edgeFlags=0x0, pointerCount=1, historySize=0, eventTime=170212, downTime=170211, deviceId=0, source=0x1002 }
V/PhoneStatusBar(  416): setLightsOn(true)
I/Choreographer(  416): Skipped 37 frames!  The application may be doing too much work on its main thread.
D/PhoneStatusBar(  416): disable: < expand icons alerts TICKER* system_info back home recent clock >
D/InputEventConsistencyVerifier(  416): KeyEvent: ACTION_UP but key was not down.
D/InputEventConsistencyVerifier(  416):   in com.android.systemui.statusbar.phone.StatusBarWindowView@b3e30248
D/InputEventConsistencyVerifier(  416):   0: sent at 187264000000, KeyEvent { action=ACTION_UP, keyCode=KEYCODE_DPAD_UP, scanCode=0, metaState=0, flags=0x400, repeatCount=0, eventTime=187264, downTime=187264, deviceId=-1, source=0x101 }
D/InputEventConsistencyVerifier(  416):   -- recent events --
D/InputEventConsistencyVerifier(  416):   1: sent at 187161000000, (unhandled) MotionEvent { action=ACTION_MOVE, id[0]=0, x[0]=0.0, y[0]=-4.0, toolType[0]=TOOL_TYPE_UNKNOWN, buttonState=0, metaState=0, flags=0x0, edgeFlags=0x0, pointerCount=1, historySize=11, eventTime=187161, downTime=-1, deviceId=0, source=0x10004 }
D/InputEventConsistencyVerifier(  416):   2: sent at 187048000000, (unhandled) KeyEvent { action=ACTION_UP, keyCode=KEYCODE_MENU, scanCode=0, metaState=0, flags=0x8, repeatCount=0, eventTime=187048, downTime=187048, deviceId=-1, source=0x101 }
D/InputEventConsistencyVerifier(  416):   3: sent at 187009000000, (unhandled) KeyEvent { action=ACTION_DOWN, keyCode=KEYCODE_MENU, scanCode=0, metaState=0, flags=0x8, repeatCount=0, eventTime=187009, downTime=187009, deviceId=-1, source=0x101 }
D/InputEventConsistencyVerifier(  416):   4: sent at 186979000000, (unhandled) KeyEvent { action=ACTION_UP, keyCode=KEYCODE_MEDIA_PREVIOUS, scanCode=0, metaState=0, flags=0x8, repeatCount=0, eventTime=186979, downTime=186979, deviceId=-1, source=0x101 }
D/InputEventConsistencyVerifier(  416):   5: sent at 186864000000, (unhandled) KeyEvent { action=ACTION_DOWN, keyCode=KEYCODE_MEDIA_PREVIOUS, scanCode=0, metaState=0, flags=0x8, repeatCount=0, eventTime=186864, downTime=186864, deviceId=-1, source=0x101 }
W/dalvikvm(  416): DroidBox: { "FdAccess": { "path": "2f70726f632f6d656d696e666f", "id": "1591282643" } }
W/DroidBox(  416): DroidBox: { "FileRW": { "operation": "read", "data": "4d656d546f74616c3a202020202020202020373438393634206b420a4d656d467265653a20202020202020202020343530303638206b420a427566666572733a20202020202020202020202035343336206b420a4361636865643a202020202020202020", "id": "1591282643" } }
D/InputEventConsistencyVerifier(  416): KeyEvent: ACTION_UP but key was not down.
D/InputEventConsistencyVerifier(  416):   in android.widget.FrameLayout@b3e4fd98
D/InputEventConsistencyVerifier(  416):   0: sent at 187368000000, KeyEvent { action=ACTION_UP, keyCode=KEYCODE_DPAD_DOWN, scanCode=0, metaState=0, flags=0x400, repeatCount=0, eventTime=187368, downTime=187368, deviceId=-1, source=0x101 }
D/InputEventConsistencyVerifier(  416):   -- recent events --
D/InputEventConsistencyVerifier(  416):   1: sent at 170392000000, (unhandled) KeyEvent { action=ACTION_UP, keyCode=KEYCODE_DPAD_DOWN, scanCode=0, metaState=0, flags=0x80000008, repeatCount=0, eventTime=170392, downTime=170392, deviceId=-1, source=0x101 }
D/InputEventConsistencyVerifier(  416):   2: sent at 165276000000, (unhandled) KeyEvent { action=ACTION_UP, keyCode=KEYCODE_DPAD_DOWN, scanCode=0, metaState=0, flags=0x8, repeatCount=0, eventTime=165276, downTime=165276, deviceId=-1, source=0x101 }
D/InputEventConsistencyVerifier(  416):   3: sent at 165272000000, (unhandled) KeyEvent { action=ACTION_DOWN, keyCode=KEYCODE_DPAD_DOWN, scanCode=0, metaState=0, flags=0x8, repeatCount=0, eventTime=165272, downTime=165272, deviceId=-1, source=0x101 }
D/InputEventConsistencyVerifier(  416):   4: sent at 165245000000, (unhandled) KeyEvent { action=ACTION_UP, keyCode=KEYCODE_DPAD_RIGHT, scanCode=0, metaState=0, flags=0x8, repeatCount=0, eventTime=165245, downTime=165245, deviceId=-1, source=0x101 }
D/InputEventConsistencyVerifier(  416):   5: sent at 165231000000, (unhandled) KeyEvent { action=ACTION_DOWN, keyCode=KEYCODE_DPAD_RIGHT, scanCode=0, metaState=0, flags=0x8, repeatCount=0, eventTime=165231, downTime=165231, deviceId=-1, source=0x101 }
W/dalvikvm(  416): DroidBox: { "FdAccess": { "path": "2f70726f632f6d656d696e666f", "id": "832876365" } }
W/DroidBox(  416): DroidBox: { "FileRW": { "operation": "read", "data": "4d656d546f74616c3a202020202020202020373438393634206b420a4d656d467265653a20202020202020202020343438383238206b420a427566666572733a20202020202020202020202035343336206b420a4361636865643a202020202020202020", "id": "832876365" } }
D/InputEventConsistencyVerifier(  416): TouchEvent: ACTION_DOWN but pointers are already down.  Probably missing ACTION_UP from previous gesture.
D/InputEventConsistencyVerifier(  416):   in android.view.ScaleGestureDetector@b3ecfe60
D/InputEventConsistencyVerifier(  416):   0: sent at 187496000000, MotionEvent { action=ACTION_DOWN, id[0]=0, x[0]=409.0, y[0]=502.0, toolType[0]=TOOL_TYPE_UNKNOWN, buttonState=0, metaState=0, flags=0x0, edgeFlags=0x0, pointerCount=1, historySize=0, eventTime=187496, downTime=187493, deviceId=0, source=0x1002 }
D/InputEventConsistencyVerifier(  416):   -- recent events --
D/InputEventConsistencyVerifier(  416):   1: sent at 186780000000, MotionEvent { action=ACTION_DOWN, id[0]=0, x[0]=42.0, y[0]=271.0, toolType[0]=TOOL_TYPE_UNKNOWN, buttonState=0, metaState=0, flags=0x80000000, edgeFlags=0x0, pointerCount=1, historySize=0, eventTime=186780, downTime=186780, deviceId=0, source=0x1002 }
D/InputEventConsistencyVerifier(  416):   2: sent at 186768000000, MotionEvent { action=ACTION_DOWN, id[0]=0, x[0]=30.0, y[0]=630.0, toolType[0]=TOOL_TYPE_UNKNOWN, buttonState=0, metaState=0, flags=0x80000000, edgeFlags=0x0, pointerCount=1, historySize=0, eventTime=186768, downTime=186768, deviceId=0, source=0x1002 }
D/InputEventConsistencyVerifier(  416):   3: sent at 186730000000, MotionEvent { action=ACTION_DOWN, id[0]=0, x[0]=54.0, y[0]=233.0, toolType[0]=TOOL_TYPE_UNKNOWN, buttonState=0, metaState=0, flags=0x0, edgeFlags=0x0, pointerCount=1, historySize=0, eventTime=186730, downTime=186730, deviceId=0, source=0x1002 }
D/InputEventConsistencyVerifier(  416):   4: sent at 186723000000, MotionEvent { action=ACTION_UP, id[0]=0, x[0]=269.0, y[0]=6.0, toolType[0]=TOOL_TYPE_UNKNOWN, buttonState=0, metaState=0, flags=0x0, edgeFlags=0x0, pointerCount=1, historySize=0, eventTime=186723, downTime=186521, deviceId=0, source=0x1002 }
D/InputEventConsistencyVerifier(  416):   5: sent at 186522000000, MotionEvent { action=ACTION_DOWN, id[0]=0, x[0]=274.0, y[0]=2.0, toolType[0]=TOOL_TYPE_UNKNOWN, buttonState=0, metaState=0, flags=0x80000000, edgeFlags=0x0, pointerCount=1, historySize=0, eventTime=186522, downTime=186521, deviceId=0, source=0x1002 }
I/Choreographer(  416): Skipped 53 frames!  The application may be doing too much work on its main thread.
V/PhoneStatusBar(  416): setLightsOn(true)
D/PhoneStatusBar(  416): disable: < expand icons alerts ticker* system_info back home recent clock >
I/ActivityManager(  221): START {act=android.intent.action.CALL_BUTTON flg=0x10000000 cmp=com.android.contacts/.activities.DialtactsActivity u=0} from pid 1058
W/DroidBox( 1099): DroidBox: { "ServiceStart": { "name": "com.android.music.MediaPlaybackService" } }
W/DroidBox( 1099): DroidBox: { "ServiceStart": { "name": "com.android.music.MediaPlaybackService" } }
W/InputMethodManagerService(  221): Window already focused, ignoring focus gain of: com.android.internal.view.IInputMethodClient$Stub$Proxy@b41ec480 attribute=null
E/WVMExtractor(   61): Failed to open libwvm.so
E/WVMExtractor(   61): Failed to open libwvm.so
I/AudioService(  221):  AudioFocus  requestAudioFocus() from android.media.AudioManager@b3e0f6e0com.android.music.MediaPlaybackService$3@b3e0df18
E/WVMExtractor(   61): Failed to open libwvm.so
I/AudioService(  221):   Remote Control   registerMediaButtonIntent() for PendingIntent{b41f3220: PendingIntentRecord{b3f2b988 com.android.music broadcastIntent}}
E/WVMExtractor(   61): Failed to open libwvm.so
I/Choreographer( 1058): Skipped 44 frames!  The application may be doing too much work on its main thread.
I/Choreographer( 1058): Skipped 92 frames!  The application may be doing too much work on its main thread.
E/WVMExtractor(   61): Failed to open libwvm.so
D/InputEventConsistencyVerifier( 1058): TouchEvent: ACTION_DOWN but pointers are already down.  Probably missing ACTION_UP from previous gesture.
D/InputEventConsistencyVerifier( 1058):   in com.android.internal.policy.impl.PhoneWindow$DecorView@b3e60790
D/InputEventConsistencyVerifier( 1058):   0: sent at 190701000000, MotionEvent { action=ACTION_DOWN, id[0]=0, x[0]=118.0, y[0]=-419.0, toolType[0]=TOOL_TYPE_UNKNOWN, buttonState=0, metaState=0, flags=0x0, edgeFlags=0x0, pointerCount=1, historySize=0, eventTime=190701, downTime=190696, deviceId=0, source=0x1002 }
D/InputEventConsistencyVerifier( 1058):   -- recent events --
D/InputEventConsistencyVerifier( 1058):   1: sent at 190631000000, (unhandled) KeyEvent { action=ACTION_UP, keyCode=KEYCODE_MENU, scanCode=0, metaState=0, flags=0x8, repeatCount=0, eventTime=190631, downTime=190631, deviceId=-1, source=0x101 }
D/InputEventConsistencyVerifier( 1058):   2: sent at 190617000000, (unhandled) KeyEvent { action=ACTION_DOWN, keyCode=KEYCODE_MENU, scanCode=0, metaState=0, flags=0x8, repeatCount=0, eventTime=190617, downTime=190617, deviceId=-1, source=0x101 }
D/InputEventConsistencyVerifier( 1058):   3: sent at 190600000000, (unhandled) KeyEvent { action=ACTION_UP, keyCode=KEYCODE_DPAD_UP, scanCode=0, metaState=0, flags=0x8, repeatCount=0, eventTime=190600, downTime=190600, deviceId=-1, source=0x101 }
D/InputEventConsistencyVerifier( 1058):   4: sent at 190297000000, (unhandled) KeyEvent { action=ACTION_DOWN, keyCode=KEYCODE_DPAD_UP, scanCode=0, metaState=0, flags=0x8, repeatCount=0, eventTime=190297, downTime=190297, deviceId=-1, source=0x101 }
D/InputEventConsistencyVerifier( 1058):   5: sent at 190547000000, (unhandled) KeyEvent { action=ACTION_UP, keyCode=KEYCODE_DPAD_LEFT, scanCode=0, metaState=0, flags=0x400, repeatCount=0, eventTime=190547, downTime=190547, deviceId=-1, source=0x101 }
W/dalvikvm( 1040): DroidBox: { "FdAccess": { "path": "2f6465762f696e7075742f6576656e7430", "id": "1857278973" } }
W/DroidBox( 1040): DroidBox: { "FileRW": { "operation": "write", "data": "7f060000efbfbd3901000500000001000000", "id": "1857278973" } }
E/WVMExtractor(   61): Failed to open libwvm.so
D/InputEventConsistencyVerifier( 1058): KeyEvent: ACTION_UP but key was not down.
D/InputEventConsistencyVerifier( 1058):   in android.view.ViewRootImpl@b3e5d6f0
D/InputEventConsistencyVerifier( 1058):   0: sent at 191117000000, KeyEvent { action=ACTION_UP, keyCode=KEYCODE_DPAD_LEFT, scanCode=0, metaState=0, flags=0x8, repeatCount=0, eventTime=191117, downTime=191117, deviceId=-1, source=0x101 }
D/InputEventConsistencyVerifier( 1058):   -- recent events --
D/InputEventConsistencyVerifier( 1058):   1: sent at 189193000000, KeyEvent { action=ACTION_UP, keyCode=KEYCODE_MENU, scanCode=0, metaState=0, flags=0x8, repeatCount=0, eventTime=189193, downTime=189193, deviceId=-1, source=0x101 }
D/InputEventConsistencyVerifier( 1058):   2: sent at 188725000000, KeyEvent { action=ACTION_DOWN, keyCode=KEYCODE_MENU, scanCode=0, metaState=0, flags=0x8, repeatCount=0, eventTime=188725, downTime=188725, deviceId=-1, source=0x101 }
D/InputEventConsistencyVerifier( 1058):   3: sent at 189174000000, KeyEvent { action=ACTION_UP, keyCode=KEYCODE_DPAD_UP, scanCode=0, metaState=0, flags=0x400, repeatCount=0, eventTime=189174, downTime=189174, deviceId=-1, source=0x101 }
D/InputEventConsistencyVerifier( 1058):   4: sent at 189174000000, KeyEvent { action=ACTION_DOWN, keyCode=KEYCODE_DPAD_UP, scanCode=0, metaState=0, flags=0x400, repeatCount=0, eventTime=189174, downTime=189174, deviceId=-1, source=0x101 }
D/InputEventConsistencyVerifier( 1058):   5: sent at 189134000000, KeyEvent { action=ACTION_UP, keyCode=KEYCODE_DPAD_UP, scanCode=0, metaState=0, flags=0x400, repeatCount=0, eventTime=189134, downTime=189134, deviceId=-1, source=0x101 }
W/InputMethodManagerService(  221): Window already focused, ignoring focus gain of: com.android.internal.view.IInputMethodClient$Stub$Proxy@b4152ff8 attribute=null
E/WVMExtractor(   61): Failed to open libwvm.so
I/Choreographer( 1058): Skipped 59 frames!  The application may be doing too much work on its main thread.
W/InputManager(  221): Input event injection from pid 1040 failed.
W/InputMethodManagerService(  221): Window already focused, ignoring focus gain of: com.android.internal.view.IInputMethodClient$Stub$Proxy@b3f2d238 attribute=null
W/InputManager(  221): Input event injection from pid 1040 failed.
W/InputManager(  221): Input event injection from pid 1040 failed.
W/InputManager(  221): Input event injection from pid 1040 failed.
E/WVMExtractor(   61): Failed to open libwvm.so
E/WVMExtractor(   61): Failed to open libwvm.so
E/WVMExtractor(   61): Failed to open libwvm.so
E/WVMExtractor(   61): Failed to open libwvm.so
E/WVMExtractor(   61): Failed to open libwvm.so
E/WVMExtractor(   61): Failed to open libwvm.so
E/WVMExtractor(   61): Failed to open libwvm.so
E/WVMExtractor(   61): Failed to open libwvm.so
E/WVMExtractor(   61): Failed to open libwvm.so
E/WVMExtractor(   61): Failed to open libwvm.so
E/WVMExtractor(   61): Failed to open libwvm.so
E/WVMExtractor(   61): Failed to open libwvm.so
I/ActivityManager(  221): START {act=android.intent.action.MAIN cat=[android.intent.category.LAUNCHER] flg=0x10200000 cmp=com.antonio.thermo2.activity/.AcCheck u=0} from pid 1040
E/WVMExtractor(   61): Failed to open libwvm.so
E/WVMExtractor(   61): Failed to open libwvm.so
E/WVMExtractor(   61): Failed to open libwvm.so
D/InputEventConsistencyVerifier( 1058): TouchEvent: ACTION_DOWN but pointers are already down.  Probably missing ACTION_UP from previous gesture.
D/InputEventConsistencyVerifier( 1058):   in com.android.internal.policy.impl.PhoneWindow$DecorView@b3e60790
D/InputEventConsistencyVerifier( 1058):   0: sent at 196887000000, MotionEvent { action=ACTION_DOWN, id[0]=0, x[0]=360.0, y[0]=-694.0, toolType[0]=TOOL_TYPE_UNKNOWN, buttonState=0, metaState=0, flags=0x0, edgeFlags=0x0, pointerCount=1, historySize=0, eventTime=196887, downTime=196886, deviceId=0, source=0x1002 }
D/InputEventConsistencyVerifier( 1058):   -- recent events --
D/InputEventConsistencyVerifier( 1058):   1: sent at 196765000000, (unhandled) KeyEvent { action=ACTION_UP, keyCode=KEYCODE_DPAD_RIGHT, scanCode=0, metaState=0, flags=0x8, repeatCount=0, eventTime=196765, downTime=196765, deviceId=-1, source=0x101 }
D/InputEventConsistencyVerifier( 1058):   2: sent at 196762000000, (unhandled) KeyEvent { action=ACTION_DOWN, keyCode=KEYCODE_DPAD_RIGHT, scanCode=0, metaState=0, flags=0x8, repeatCount=0, eventTime=196762, downTime=196762, deviceId=-1, source=0x101 }
D/InputEventConsistencyVerifier( 1058):   3: sent at 196708000000, (unhandled) KeyEvent { action=ACTION_UP, keyCode=KEYCODE_DPAD_CENTER, scanCode=0, metaState=0, flags=0x8, repeatCount=0, eventTime=196708, downTime=196708, deviceId=-1, source=0x101 }
