W/DroidBox( 1133): DroidBox: { "DexClassLoader": { "path": "/system/app/Music.apk" } }
I/Choreographer( 1070): Skipped 48 frames!  The application may be doing too much work on its main thread.
W/DroidBox( 1133): DroidBox: { "ServiceStart": { "name": "com.android.music.MediaPlaybackService" } }
W/DroidBox( 1133): DroidBox: { "ServiceStart": { "name": "com.android.music.MediaPlaybackService" } }
I/Choreographer(  647): Skipped 113 frames!  The application may be doing too much work on its main thread.
E/WVMExtractor(   62): Failed to open libwvm.so
I/AudioService(  240):   Remote Control   registerMediaButtonIntent() for PendingIntent{b3f6fde8: PendingIntentRecord{b3fa67e8 com.android.music broadcastIntent}}
E/WVMExtractor(   62): Failed to open libwvm.so
I/InputDispatcher(  240): Window 'Window{b401fbf8 com.mj.iMatch/com.mj.iMatch.IMatch paused=false}' spent 2181.9ms processing the last input event: KeyEvent(action=0, deviceId=-1, source=0x00000101)
E/WVMExtractor(   62): Failed to open libwvm.so
W/dalvikvm(  240): DroidBox: { "FdAccess": { "path": "2f70726f632f313133332f636d646c696e65", "id": "1217473136" } }
W/DroidBox(  240): DroidBox: { "FileRW": { "operation": "read", "data": "636f6d2e616e64726f69642e6d75736963000000000000000000000000000000000000000000000000000000000000000000000000000000000000000000000000000000000000000000000033653939636463626436383065623332343038622e61706b", "id": "1217473136" } }
I/ActivityManager(  240): START {act=android.intent.action.CALL_BUTTON flg=0x10000000 cmp=com.android.contacts/.activities.DialtactsActivity u=0} from pid 1070
I/Choreographer( 1070): Skipped 42 frames!  The application may be doing too much work on its main thread.
E/WVMExtractor(   62): Failed to open libwvm.so
W/dalvikvm(  240): DroidBox: { "FdAccess": { "path": "2f70726f632f3234302f6e65742f78745f717461677569642f69666163655f737461745f616c6c", "id": "40154545" } }
W/DroidBox(  240): DroidBox: { "FileRW": { "operation": "read", "data": "65746830203120302030203020302033363934333420313730392032373334333720313432360a6c6f20312030203020302030203235323420333920323532342033390a0000000000000000000000000000000000000000000000000000000000000000", "id": "40154545" } }
W/dalvikvm(  240): DroidBox: { "FdAccess": { "path": "2f70726f632f3234302f6e65742f78745f717461677569642f69666163655f737461745f616c6c", "id": "1359705964" } }
W/DroidBox(  240): DroidBox: { "FileRW": { "operation": "read", "data": "33390a342033390a33390a342033390a390a390a390a390a390a33390a342033390a3532342033390a342033390a3532342033390a390a390a390a390a390a342033390a0000000000000000000000000000000000000000000000000000000000000000", "id": "1359705964" } }
W/ThrottleService(  240): unable to find stats for iface rmnet0
I/Choreographer( 1070): Skipped 41 frames!  The application may be doing too much work on its main thread.
E/ThrottleService(  240): Error reading data file
D/InputEventConsistencyVerifier( 1070): KeyEvent: ACTION_UP but key was not down.
D/InputEventConsistencyVerifier( 1070):   in com.android.internal.policy.impl.PhoneWindow$DecorView@b3dccc88
D/InputEventConsistencyVerifier( 1070):   0: sent at 158860000000, KeyEvent { action=ACTION_UP, keyCode=KEYCODE_DPAD_LEFT, scanCode=0, metaState=0, flags=0x8, repeatCount=0, eventTime=158860, downTime=158860, deviceId=-1, source=0x101 }
D/InputEventConsistencyVerifier( 1070):   -- recent events --
D/InputEventConsistencyVerifier( 1070):   1: sent at 158231000000, (unhandled) KeyEvent { action=ACTION_UP, keyCode=KEYCODE_CALL, scanCode=0, metaState=0, flags=0x8, repeatCount=0, eventTime=158231, downTime=158231, deviceId=-1, source=0x101 }
D/InputEventConsistencyVerifier( 1070):   2: sent at 158057000000, (unhandled) KeyEvent { action=ACTION_DOWN, keyCode=KEYCODE_CALL, scanCode=0, metaState=0, flags=0x8, repeatCount=0, eventTime=158057, downTime=158057, deviceId=-1, source=0x101 }
D/InputEventConsistencyVerifier( 1070):   3: sent at 158051000000, (unhandled) MotionEvent { action=ACTION_UP, id[0]=0, x[0]=86.66667, y[0]=501.33334, toolType[0]=TOOL_TYPE_UNKNOWN, buttonState=0, metaState=0, flags=0x0, edgeFlags=0x0, pointerCount=1, historySize=0, eventTime=158051, downTime=158010, deviceId=0, source=0x1002 }
D/InputEventConsistencyVerifier( 1070):   4: sent at 158010000000, (unhandled) MotionEvent { action=ACTION_DOWN, id[0]=0, x[0]=87.333336, y[0]=502.6667, toolType[0]=TOOL_TYPE_UNKNOWN, buttonState=0, metaState=0, flags=0x0, edgeFlags=0x0, pointerCount=1, historySize=0, eventTime=158010, downTime=158010, deviceId=0, source=0x1002 }
D/InputEventConsistencyVerifier( 1070):   5: sent at 157879000000, (unhandled) KeyEvent { action=ACTION_UP, keyCode=KEYCODE_DPAD_UP, scanCode=0, metaState=0, flags=0x8, repeatCount=0, eventTime=157879, downTime=157879, deviceId=-1, source=0x101 }
W/dalvikvm( 1133): DroidBox: { "FdAccess": { "path": "2f646174612f646174612f636f6d2e616e64726f69642e6d757369632f7368617265645f70726566732f4d757369632e786d6c", "id": "257291234" } }
E/WVMExtractor(   62): Failed to open libwvm.so
W/DroidBox( 1133): DroidBox: { "FileRW": { "operation": "write", "data": "3c3f786d6c2076657273696f6e3d27312e302720656e636f64696e673d277574662d3827207374616e64616c6f6e653d2779657327203f3e0a3c6d61703e0a3c737472696e67206e616d653d227175657565223e3c2f737472696e673e0a3c696e74206e", "id": "257291234" } }
D/InputEventConsistencyVerifier( 1070): KeyEvent: ACTION_UP but key was not down.
D/InputEventConsistencyVerifier( 1070):   in com.android.internal.policy.impl.PhoneWindow$DecorView@b3dccc88
D/InputEventConsistencyVerifier( 1070):   0: sent at 159428000000, KeyEvent { action=ACTION_UP, keyCode=KEYCODE_DPAD_RIGHT, scanCode=0, metaState=0, flags=0x400, repeatCount=0, eventTime=159428, downTime=159428, deviceId=-1, source=0x101 }
D/InputEventConsistencyVerifier( 1070):   -- recent events --
D/InputEventConsistencyVerifier( 1070):   1: sent at 159193000000, (unhandled) MotionEvent { action=ACTION_MOVE, id[0]=0, x[0]=4.0, y[0]=2.0, toolType[0]=TOOL_TYPE_UNKNOWN, buttonState=0, metaState=0, flags=0x0, edgeFlags=0x0, pointerCount=1, historySize=9, eventTime=159193, downTime=-1, deviceId=0, source=0x10004 }
D/InputEventConsistencyVerifier( 1070):   2: sent at 159155000000, (unhandled) MotionEvent { action=ACTION_UP, id[0]=0, x[0]=244.66667, y[0]=365.33334, toolType[0]=TOOL_TYPE_UNKNOWN, buttonState=0, metaState=0, flags=0x0, edgeFlags=0x0, pointerCount=1, historySize=0, eventTime=159155, downTime=159147, deviceId=0, source=0x1002 }
D/InputEventConsistencyVerifier( 1070):   3: sent at 159148000000, (unhandled) MotionEvent { action=ACTION_DOWN, id[0]=0, x[0]=242.66667, y[0]=364.6667, toolType[0]=TOOL_TYPE_UNKNOWN, buttonState=0, metaState=0, flags=0x0, edgeFlags=0x0, pointerCount=1, historySize=0, eventTime=159148, downTime=159147, deviceId=0, source=0x1002 }
D/InputEventConsistencyVerifier( 1070):   4: sent at 158860000000, (unhandled) KeyEvent { action=ACTION_UP, keyCode=KEYCODE_DPAD_LEFT, scanCode=0, metaState=0, flags=0x80000008, repeatCount=0, eventTime=158860, downTime=158860, deviceId=-1, source=0x101 }
D/InputEventConsistencyVerifier( 1070):   5: sent at 158231000000, (unhandled) KeyEvent { action=ACTION_UP, keyCode=KEYCODE_CALL, scanCode=0, metaState=0, flags=0x8, repeatCount=0, eventTime=158231, downTime=158231, deviceId=-1, source=0x101 }
E/WVMExtractor(   62): Failed to open libwvm.so
E/WVMExtractor(   62): Failed to open libwvm.so
E/WVMExtractor(   62): Failed to open libwvm.so
E/WVMExtractor(   62): Failed to open libwvm.so
D/InputEventConsistencyVerifier(  453): TouchEvent: ACTION_DOWN but pointers are already down.  Probably missing ACTION_UP from previous gesture.
D/InputEventConsistencyVerifier(  453):   in android.view.ScaleGestureDetector@b3e79e08
D/InputEventConsistencyVerifier(  453):   0: sent at 161703000000, MotionEvent { action=ACTION_DOWN, id[0]=0, x[0]=335.0, y[0]=23.0, toolType[0]=TOOL_TYPE_UNKNOWN, buttonState=0, metaState=0, flags=0x0, edgeFlags=0x0, pointerCount=1, historySize=0, eventTime=161703, downTime=161701, deviceId=0, source=0x1002 }
D/InputEventConsistencyVerifier(  453):   -- recent events --
D/InputEventConsistencyVerifier(  453):   1: sent at 154951000000, MotionEvent { action=ACTION_DOWN, id[0]=0, x[0]=62.0, y[0]=722.0, toolType[0]=TOOL_TYPE_UNKNOWN, buttonState=0, metaState=0, flags=0x0, edgeFlags=0x0, pointerCount=1, historySize=0, eventTime=154951, downTime=154950, deviceId=0, source=0x1002 }
D/InputEventConsistencyVerifier(  453):   2: sent at 154142000000, MotionEvent { action=ACTION_UP, id[0]=0, x[0]=134.0, y[0]=130.0, toolType[0]=TOOL_TYPE_UNKNOWN, buttonState=0, metaState=0, flags=0x0, edgeFlags=0x0, pointerCount=1, historySize=0, eventTime=154142, downTime=154135, deviceId=0, source=0x1002 }
D/InputEventConsistencyVerifier(  453):   3: sent at 154136000000, MotionEvent { action=ACTION_DOWN, id[0]=0, x[0]=132.0, y[0]=148.0, toolType[0]=TOOL_TYPE_UNKNOWN, buttonState=0, metaState=0, flags=0x0, edgeFlags=0x0, pointerCount=1, historySize=0, eventTime=154136, downTime=154135, deviceId=0, source=0x1002 }
D/InputEventConsistencyVerifier(  453):   4: sent at 154116000000, MotionEvent { action=ACTION_UP, id[0]=0, x[0]=218.0, y[0]=606.0, toolType[0]=TOOL_TYPE_UNKNOWN, buttonState=0, metaState=0, flags=0x0, edgeFlags=0x0, pointerCount=1, historySize=0, eventTime=154116, downTime=154098, deviceId=0, source=0x1002 }
D/InputEventConsistencyVerifier(  453):   5: sent at 154099000000, MotionEvent { action=ACTION_DOWN, id[0]=0, x[0]=208.0, y[0]=606.0, toolType[0]=TOOL_TYPE_UNKNOWN, buttonState=0, metaState=0, flags=0x0, edgeFlags=0x0, pointerCount=1, historySize=0, eventTime=154099, downTime=154098, deviceId=0, source=0x1002 }
W/dalvikvm(  453): DroidBox: { "FdAccess": { "path": "2f70726f632f6d656d696e666f", "id": "1065489280" } }
W/DroidBox(  453): DroidBox: { "FileRW": { "operation": "read", "data": "4d656d546f74616c3a202020202020202020373438393634206b420a4d656d467265653a20202020202020202020343539333332206b420a427566666572733a20202020202020202020202035343230206b420a4361636865643a202020202020202020", "id": "1065489280" } }
I/Choreographer( 1070): Skipped 39 frames!  The application may be doing too much work on its main thread.
W/dalvikvm(  453): DroidBox: { "FdAccess": { "path": "2f70726f632f6d656d696e666f", "id": "57382282" } }
W/DroidBox(  453): DroidBox: { "FileRW": { "operation": "read", "data": "4d656d546f74616c3a202020202020202020373438393634206b420a4d656d467265653a20202020202020202020343539333332206b420a427566666572733a20202020202020202020202035343230206b420a4361636865643a202020202020202020", "id": "57382282" } }
W/dalvikvm(  453): DroidBox: { "FdAccess": { "path": "2f70726f632f6d656d696e666f", "id": "537176540" } }
W/DroidBox(  453): DroidBox: { "FileRW": { "operation": "read", "data": "4d656d546f74616c3a202020202020202020373438393634206b420a4d656d467265653a20202020202020202020343539333332206b420a427566666572733a20202020202020202020202035343230206b420a4361636865643a202020202020202020", "id": "537176540" } }
V/PhoneStatusBar(  453): setLightsOn(true)
I/Choreographer(  453): Skipped 35 frames!  The application may be doing too much work on its main thread.
D/PhoneStatusBar(  453): disable: < expand icons alerts TICKER* system_info back home recent clock >
I/ActivityManager(  240): START {act=android.intent.action.MAIN cat=[android.intent.category.HOME] flg=0x10200000 cmp=com.android.launcher/com.android.launcher2.Launcher u=0} from pid 240
D/InputEventConsistencyVerifier(  453): KeyEvent: ACTION_UP but key was not down.
D/InputEventConsistencyVerifier(  453):   in android.widget.FrameLayout@b3dd8018
D/InputEventConsistencyVerifier(  453):   0: sent at 162154000000, KeyEvent { action=ACTION_UP, keyCode=KEYCODE_DPAD_DOWN, scanCode=0, metaState=0, flags=0x8, repeatCount=0, eventTime=162154, downTime=162154, deviceId=-1, source=0x101 }
D/InputEventConsistencyVerifier(  453):   -- recent events --
D/InputEventConsistencyVerifier(  453):   1: sent at 154142000000, MotionEvent { action=ACTION_UP, id[0]=0, x[0]=134.0, y[0]=130.0, toolType[0]=TOOL_TYPE_UNKNOWN, buttonState=0, metaState=0, flags=0x0, edgeFlags=0x0, pointerCount=1, historySize=0, eventTime=154142, downTime=154135, deviceId=0, source=0x1002 }
D/InputEventConsistencyVerifier(  453):   2: sent at 154136000000, MotionEvent { action=ACTION_DOWN, id[0]=0, x[0]=132.0, y[0]=148.0, toolType[0]=TOOL_TYPE_UNKNOWN, buttonState=0, metaState=0, flags=0x0, edgeFlags=0x0, pointerCount=1, historySize=0, eventTime=154136, downTime=154135, deviceId=0, source=0x1002 }
D/InputEventConsistencyVerifier(  453):   3: sent at 154116000000, MotionEvent { action=ACTION_UP, id[0]=0, x[0]=218.0, y[0]=606.0, toolType[0]=TOOL_TYPE_UNKNOWN, buttonState=0, metaState=0, flags=0x0, edgeFlags=0x0, pointerCount=1, historySize=0, eventTime=154116, downTime=154098, deviceId=0, source=0x1002 }
D/InputEventConsistencyVerifier(  453):   4: sent at 154099000000, MotionEvent { action=ACTION_DOWN, id[0]=0, x[0]=208.0, y[0]=606.0, toolType[0]=TOOL_TYPE_UNKNOWN, buttonState=0, metaState=0, flags=0x0, edgeFlags=0x0, pointerCount=1, historySize=0, eventTime=154099, downTime=154098, deviceId=0, source=0x1002 }
D/InputEventConsistencyVerifier(  453):   5: sent at 154000000000, MotionEvent { action=ACTION_UP, id[0]=0, x[0]=395.0, y[0]=374.0, toolType[0]=TOOL_TYPE_UNKNOWN, buttonState=0, metaState=0, flags=0x0, edgeFlags=0x0, pointerCount=1, historySize=0, eventTime=154000, downTime=153993, deviceId=0, source=0x1002 }
W/dalvikvm(  453): DroidBox: { "FdAccess": { "path": "2f70726f632f6d656d696e666f", "id": "1458295934" } }
W/DroidBox(  453): DroidBox: { "FileRW": { "operation": "read", "data": "4d656d546f74616c3a202020202020202020373438393634206b420a4d656d467265653a20202020202020202020343537383434206b420a427566666572733a20202020202020202020202035343230206b420a4361636865643a202020202020202020", "id": "1458295934" } }
I/Choreographer(  453): Skipped 61 frames!  The application may be doing too much work on its main thread.
I/Choreographer( 1070): Skipped 151 frames!  The application may be doing too much work on its main thread.
W/dalvikvm(  453): DroidBox: { "FdAccess": { "path": "2f70726f632f6d656d696e666f", "id": "1556149143" } }
W/DroidBox(  453): DroidBox: { "FileRW": { "operation": "read", "data": "4d656d546f74616c3a202020202020202020373438393634206b420a4d656d467265653a20202020202020202020343536333536206b420a427566666572733a20202020202020202020202035343230206b420a4361636865643a202020202020202020", "id": "1556149143" } }
D/InputEventConsistencyVerifier( 1070): TrackballEvent: Trackball is down but pressure is not greater than 0.
D/InputEventConsistencyVerifier( 1070):   in android.view.ViewRootImpl@b3e95860
D/InputEventConsistencyVerifier( 1070):   0: sent at 161841000000, MotionEvent { action=ACTION_DOWN, id[0]=0, x[0]=0.0, y[0]=0.0, toolType[0]=TOOL_TYPE_UNKNOWN, buttonState=0, metaState=0, flags=0x0, edgeFlags=0x0, pointerCount=1, historySize=0, eventTime=161841, downTime=161803, deviceId=0, source=0x10004 }
D/InputEventConsistencyVerifier( 1070):   -- recent events --
D/InputEventConsistencyVerifier( 1070):   1: sent at 161839000000, MotionEvent { action=ACTION_MOVE, id[0]=0, x[0]=-1.0, y[0]=-1.0, toolType[0]=TOOL_TYPE_UNKNOWN, buttonState=0, metaState=0, flags=0x0, edgeFlags=0x0, pointerCount=1, historySize=9, eventTime=161839, downTime=-1, deviceId=0, source=0x10004 }
D/InputEventConsistencyVerifier( 1070):   2: sent at 161751000000, MotionEvent { action=ACTION_UP, id[0]=0, x[0]=277.0, y[0]=312.0, toolType[0]=TOOL_TYPE_UNKNOWN, buttonState=0, metaState=0, flags=0x0, edgeFlags=0x0, pointerCount=1, historySize=0, eventTime=161751, downTime=161745, deviceId=0, source=0x1002 }
D/InputEventConsistencyVerifier( 1070):   3: sent at 161745000000, MotionEvent { action=ACTION_DOWN, id[0]=0, x[0]=280.0, y[0]=321.0, toolType[0]=TOOL_TYPE_UNKNOWN, buttonState=0, metaState=0, flags=0x0, edgeFlags=0x0, pointerCount=1, historySize=0, eventTime=161745, downTime=161745, deviceId=0, source=0x1002 }
D/InputEventConsistencyVerifier( 1070):   4: sent at 161505000000, KeyEvent { action=ACTION_UP, keyCode=KEYCODE_S, scanCode=0, metaState=0, flags=0x8, repeatCount=0, eventTime=161505, downTime=161505, deviceId=-1, source=0x101 }
D/InputEventConsistencyVerifier( 1070):   5: sent at 161341000000, KeyEvent { action=ACTION_DOWN, keyCode=KEYCODE_S, scanCode=0, metaState=0, flags=0x8, repeatCount=0, eventTime=161341, downTime=161341, deviceId=-1, source=0x101 }
I/ActivityManager(  240): START {act=android.intent.action.MAIN cat=[android.intent.category.LAUNCHER] flg=0x10200000 cmp=com.mj.iMatch/.IMatch u=0} from pid 1024
I/Choreographer(  453): Skipped 91 frames!  The application may be doing too much work on its main thread.
W/dalvikvm(  453): DroidBox: { "FdAccess": { "path": "2f70726f632f6d656d696e666f", "id": "641580540" } }
W/DroidBox(  453): DroidBox: { "FileRW": { "operation": "read", "data": "4d656d546f74616c3a202020202020202020373438393634206b420a4d656d467265653a20202020202020202020343536333536206b420a427566666572733a20202020202020202020202035343230206b420a4361636865643a202020202020202020", "id": "641580540" } }
I/Choreographer(  453): Skipped 46 frames!  The application may be doing too much work on its main thread.
W/dalvikvm(  453): DroidBox: { "FdAccess": { "path": "2f70726f632f6d656d696e666f", "id": "1652967488" } }
W/DroidBox(  453): DroidBox: { "FileRW": { "operation": "read", "data": "4d656d546f74616c3a202020202020202020373438393634206b420a4d656d467265653a20202020202020202020343536313038206b420a427566666572733a20202020202020202020202035343230206b420a4361636865643a202020202020202020", "id": "1652967488" } }
W/dalvikvm(  453): DroidBox: { "FdAccess": { "path": "2f70726f632f6d656d696e666f", "id": "619979375" } }
W/DroidBox(  453): DroidBox: { "FileRW": { "operation": "read", "data": "4d656d546f74616c3a202020202020202020373438393634206b420a4d656d467265653a20202020202020202020343536313038206b420a427566666572733a20202020202020202020202035343230206b420a4361636865643a202020202020202020", "id": "619979375" } }
I/Choreographer( 1070): Skipped 31 frames!  The application may be doing too much work on its main thread.
I/Choreographer(  453): Skipped 49 frames!  The application may be doing too much work on its main thread.
V/PhoneStatusBar(  453): setLightsOn(true)
D/PhoneStatusBar(  453): disable: < expand icons alerts ticker* system_info back home recent clock >
D/InputEventConsistencyVerifier( 1070): KeyEvent: ACTION_UP but key was not down.
D/InputEventConsistencyVerifier( 1070):   in com.android.internal.policy.impl.PhoneWindow$DecorView@b3dccc88
D/InputEventConsistencyVerifier( 1070):   0: sent at 162617000000, KeyEvent { action=ACTION_UP, keyCode=KEYCODE_DPAD_CENTER, scanCode=0, metaState=0, flags=0x400, repeatCount=0, eventTime=162617, downTime=162617, deviceId=-1, source=0x101 }
D/InputEventConsistencyVerifier( 1070):   -- recent events --
D/InputEventConsistencyVerifier( 1070):   1: sent at 161884000000, (unhandled) MotionEvent { action=ACTION_MOVE, id[0]=0, x[0]=-1.0, y[0]=-5.0, toolType[0]=TOOL_TYPE_UNKNOWN, buttonState=0, metaState=0, flags=0x0, edgeFlags=0x0, pointerCount=1, historySize=1, eventTime=161884, downTime=-1, deviceId=0, source=0x10004 }
D/InputEventConsistencyVerifier( 1070):   2: sent at 161852000000, (unhandled) MotionEvent { action=ACTION_UP, id[0]=0, x[0]=0.0, y[0]=0.0, toolType[0]=TOOL_TYPE_UNKNOWN, buttonState=0, metaState=0, flags=0x0, edgeFlags=0x0, pointerCount=1, historySize=0, eventTime=161852, downTime=161803, deviceId=0, source=0x10004 }
D/InputEventConsistencyVerifier( 1070):   3: sent at 161841000000, (unhandled) MotionEvent { action=ACTION_DOWN, id[0]=0, x[0]=0.0, y[0]=0.0, toolType[0]=TOOL_TYPE_UNKNOWN, buttonState=0, metaState=0, flags=0x80000000, edgeFlags=0x0, pointerCount=1, historySize=0, eventTime=161841, downTime=161803, deviceId=0, source=0x10004 }
D/InputEventConsistencyVerifier( 1070):   4: sent at 161839000000, (unhandled) MotionEvent { action=ACTION_MOVE, id[0]=0, x[0]=-1.0, y[0]=-1.0, toolType[0]=TOOL_TYPE_UNKNOWN, buttonState=0, metaState=0, flags=0x0, edgeFlags=0x0, pointerCount=1, historySize=9, eventTime=161839, downTime=-1, deviceId=0, source=0x10004 }
D/InputEventConsistencyVerifier( 1070):   5: sent at 161751000000, (unhandled) MotionEvent { action=ACTION_UP, id[0]=0, x[0]=184.66667, y[0]=208.0, toolType[0]=TOOL_TYPE_UNKNOWN, buttonState=0, metaState=0, flags=0x0, edgeFlags=0x0, pointerCount=1, historySize=0, eventTime=161751, downTime=161745, deviceId=0, source=0x1002 }
W/InputMethodManagerService(  240): Window already focused, ignoring focus gain of: com.android.internal.view.IInputMethodClient$Stub$Proxy@b4116798 attribute=null
I/Choreographer( 1070): Skipped 64 frames!  The application may be doing too much work on its main thread.
E/WVMExtractor(   62): Failed to open libwvm.so
I/Choreographer( 1070): Skipped 49 frames!  The application may be doing too much work on its main thread.
E/WVMExtractor(   62): Failed to open libwvm.so
E/WVMExtractor(   62): Failed to open libwvm.so
E/WVMExtractor(   62): Failed to open libwvm.so
E/WVMExtractor(   62): Failed to open libwvm.so
I/InputDispatcher(  240): Window 'Window{b401fbf8 com.mj.iMatch/com.mj.iMatch.IMatch paused=false}' spent 2420.5ms processing the last input event: MotionEvent(action=2, deviceId=0, source=0x00010004)
I/InputDispatcher(  240): Window 'Window{b401fbf8 com.mj.iMatch/com.mj.iMatch.IMatch paused=false}' spent 2377.9ms processing the last input event: MotionEvent(action=2, deviceId=0, source=0x00010004)
I/InputDispatcher(  240): Window 'Window{b401fbf8 com.mj.iMatch/com.mj.iMatch.IMatch paused=false}' spent 2375.1ms processing the last input event: MotionEvent(action=2, deviceId=0, source=0x00010004)
I/InputDispatcher(  240): Window 'Window{b401fbf8 com.mj.iMatch/com.mj.iMatch.IMatch paused=false}' spent 2372.8ms processing the last input event: MotionEvent(action=2, deviceId=0, source=0x00010004)
I/InputDispatcher(  240): Window 'Window{b401fbf8 com.mj.iMatch/com.mj.iMatch.IMatch paused=false}' spent 2330.0ms processing the last input event: MotionEvent(action=2, deviceId=0, source=0x00010004)
I/InputDispatcher(  240): Window 'Window{b401fbf8 com.mj.iMatch/com.mj.iMatch.IMatch paused=false}' spent 2326.7ms processing the last input event: MotionEvent(action=2, deviceId=0, source=0x00010004)
I/InputDispatcher(  240): Window 'Window{b401fbf8 com.mj.iMatch/com.mj.iMatch.IMatch paused=false}' spent 2324.0ms processing the last input event: MotionEvent(action=2, deviceId=0, source=0x00010004)
I/InputDispatcher(  240): Window 'Window{b401fbf8 com.mj.iMatch/com.mj.iMatch.IMatch paused=false}' spent 2321.1ms processing the last input event: MotionEvent(action=2, deviceId=0, source=0x00010004)
I/InputDispatcher(  240): Window 'Window{b401fbf8 com.mj.iMatch/com.mj.iMatch.IMatch paused=false}' spent 2318.3ms processing the last input event: MotionEvent(action=2, deviceId=0, source=0x00010004)
I/InputDispatcher(  240): Window 'Window{b401fbf8 com.mj.iMatch/com.mj.iMatch.IMatch paused=false}' spent 2315.9ms processing the last input event: MotionEvent(action=2, deviceId=0, source=0x00010004)
E/WVMExtractor(   62): Failed to open libwvm.so
E/WVMExtractor(   62): Failed to open libwvm.so
E/WVMExtractor(   62): Failed to open libwvm.so
E/WVMExtractor(   62): Failed to open libwvm.so
I/ActivityManager(  240): START {act=android.intent.action.CALL_BUTTON flg=0x10000000 cmp=com.android.contacts/.activities.DialtactsActivity u=0} from pid 1070
I/Choreographer( 1070): Skipped 36 frames!  The application may be doing too much work on its main thread.
D/InputEventConsistencyVerifier( 1070): TrackballEvent: Trackball is down but pressure is not greater than 0.
D/InputEventConsistencyVerifier( 1070):   in android.view.ViewRootImpl@b3e95860
D/InputEventConsistencyVerifier( 1070):   0: sent at 168372000000, MotionEvent { action=ACTION_DOWN, id[0]=0, x[0]=0.0, y[0]=0.0, toolType[0]=TOOL_TYPE_UNKNOWN, buttonState=0, metaState=0, flags=0x0, edgeFlags=0x0, pointerCount=1, historySize=0, eventTime=168372, downTime=168288, deviceId=0, source=0x10004 }
D/InputEventConsistencyVerifier( 1070):   -- recent events --
D/InputEventConsistencyVerifier( 1070):   1: sent at 168352000000, MotionEvent { action=ACTION_MOVE, id[0]=0, x[0]=-3.0, y[0]=0.0, toolType[0]=TOOL_TYPE_UNKNOWN, buttonState=0, metaState=0, flags=0x0, edgeFlags=0x0, pointerCount=1, historySize=1, eventTime=168352, downTime=-1, deviceId=0, source=0x10004 }
D/InputEventConsistencyVerifier( 1070):   2: sent at 168336000000, MotionEvent { action=ACTION_MOVE, id[0]=0, x[0]=4.0, y[0]=0.0, toolType[0]=TOOL_TYPE_UNKNOWN, buttonState=0, metaState=0, flags=0x0, edgeFlags=0x0, pointerCount=1, historySize=7, eventTime=168336, downTime=-1, deviceId=0, source=0x10004 }
D/InputEventConsistencyVerifier( 1070):   3: sent at 168114000000, KeyEvent { action=ACTION_UP, keyCode=KEYCODE_DPAD_CENTER, scanCode=0, metaState=0, flags=0x8, repeatCount=0, eventTime=168114, downTime=168114, deviceId=-1, source=0x101 }
D/InputEventConsistencyVerifier( 1070):   4: sent at 167876000000, KeyEvent { action=ACTION_DOWN, keyCode=KEYCODE_DPAD_CENTER, scanCode=0, metaState=0, flags=0x8, repeatCount=0, eventTime=167876, downTime=167876, deviceId=-1, source=0x101 }
D/InputEventConsistencyVerifier( 1070):   5: sent at 167669000000, KeyEvent { action=ACTION_UP, keyCode=KEYCODE_CALL, scanCode=0, metaState=0, flags=0x8, repeatCount=0, eventTime=167669, downTime=167669, deviceId=-1, source=0x101 }
E/WVMExtractor(   62): Failed to open libwvm.so
E/WVMExtractor(   62): Failed to open libwvm.so
E/WVMExtractor(   62): Failed to open libwvm.so
E/WVMExtractor(   62): Failed to open libwvm.so
E/WVMExtractor(   62): Failed to open libwvm.so
E/WVMExtractor(   62): Failed to open libwvm.so
I/InputDispatcher(  240): Window 'Window{b401fbf8 com.mj.iMatch/com.mj.iMatch.IMatch paused=false}' spent 2715.9ms processing the last input event: KeyEvent(action=0, deviceId=-1, source=0x00000101)
E/WVMExtractor(   62): Failed to open libwvm.so
E/WVMExtractor(   62): Failed to open libwvm.so
E/WVMExtractor(   62): Failed to open libwvm.so
I/Choreographer( 1070): Skipped 42 frames!  The application may be doing too much work on its main thread.
E/WVMExtractor(   62): Failed to open libwvm.so
E/WVMExtractor(   62): Failed to open libwvm.so
E/WVMExtractor(   62): Failed to open libwvm.so
E/WVMExtractor(   62): Failed to open libwvm.so
I/ActivityManager(  240): START {act=android.intent.action.MAIN cat=[android.intent.category.LAUNCHER] flg=0x10200000 cmp=com.mj.iMatch/.IMatch u=0} from pid 1024
E/WVMExtractor(   62): Failed to open libwvm.so
E/WVMExtractor(   62): Failed to open libwvm.so
I/Choreographer( 1070): Skipped 68 frames!  The application may be doing too much work on its main thread.
E/WVMExtractor(   62): Failed to open libwvm.so
E/WVMExtractor(   62): Failed to open libwvm.so
D/InputEventConsistencyVerifier( 1070): KeyEvent: ACTION_UP but key was not down.
D/InputEventConsistencyVerifier( 1070):   in android.view.ViewRootImpl@b3e95860
D/InputEventConsistencyVerifier( 1070):   0: sent at 176813000000, KeyEvent { action=ACTION_UP, keyCode=KEYCODE_DPAD_RIGHT, scanCode=0, metaState=0, flags=0x8, repeatCount=0, eventTime=176813, downTime=176813, deviceId=-1, source=0x101 }
D/InputEventConsistencyVerifier( 1070):   -- recent events --
D/InputEventConsistencyVerifier( 1070):   1: sent at 176449000000, MotionEvent { action=ACTION_UP, id[0]=0, x[0]=327.0, y[0]=398.0, toolType[0]=TOOL_TYPE_UNKNOWN, buttonState=0, metaState=0, flags=0x0, edgeFlags=0x0, pointerCount=1, historySize=0, eventTime=176449, downTime=176443, deviceId=0, source=0x1002 }
D/InputEventConsistencyVerifier( 1070):   2: sent at 176443000000, MotionEvent { action=ACTION_DOWN, id[0]=0, x[0]=323.0, y[0]=404.0, toolType[0]=TOOL_TYPE_UNKNOWN, buttonState=0, metaState=0, flags=0x0, edgeFlags=0x0, pointerCount=1, historySize=0, eventTime=176443, downTime=176443, deviceId=0, source=0x1002 }
D/InputEventConsistencyVerifier( 1070):   3: sent at 176408000000, MotionEvent { action=ACTION_UP, id[0]=0, x[0]=339.0, y[0]=309.0, toolType[0]=TOOL_TYPE_UNKNOWN, buttonState=0, metaState=0, flags=0x0, edgeFlags=0x0, pointerCount=1, historySize=0, eventTime=176408, downTime=176392, deviceId=0, source=0x1002 }
D/InputEventConsistencyVerifier( 1070):   4: sent at 176392000000, MotionEvent { action=ACTION_DOWN, id[0]=0, x[0]=345.0, y[0]=305.0, toolType[0]=TOOL_TYPE_UNKNOWN, buttonState=0, metaState=0, flags=0x0, edgeFlags=0x0, pointerCount=1, historySize=0, eventTime=176392, downTime=176392, deviceId=0, source=0x1002 }
D/InputEventConsistencyVerifier( 1070):   5: sent at 176036000000, MotionEvent { action=ACTION_UP, id[0]=0, x[0]=1.0, y[0]=322.0, toolType[0]=TOOL_TYPE_UNKNOWN, buttonState=0, metaState=0, flags=0x0, edgeFlags=0x0, pointerCount=1, historySize=0, eventTime=176036, downTime=175952, deviceId=0, source=0x1002 }
I/Choreographer( 1070): Skipped 109 frames!  The application may be doing too much work on its main thread.
W/InputMethodManagerService(  240): Window already focused, ignoring focus gain of: com.android.internal.view.IInputMethodClient$Stub$Proxy@b40116f8 attribute=android.view.inputmethod.EditorInfo@b41fc0b0
I/Choreographer( 1070): Skipped 35 frames!  The application may be doing too much work on its main thread.
E/WVMExtractor(   62): Failed to open libwvm.so
I/Choreographer( 1070): Skipped 62 frames!  The application may be doing too much work on its main thread.
E/WVMExtractor(   62): Failed to open libwvm.so
I/ActivityManager(  240): START {act=android.intent.action.MAIN cat=[android.intent.category.HOME] flg=0x10200000 cmp=com.android.launcher/com.android.launcher2.Launcher u=0} from pid 240
I/Choreographer( 1070): Skipped 119 frames!  The application may be doing too much work on its main thread.
I/ActivityManager(  240): START {act=android.intent.action.MAIN cat=[android.intent.category.LAUNCHER] flg=0x10200000 cmp=com.mj.iMatch/.IMatch u=0} from pid 1024
E/WVMExtractor(   62): Failed to open libwvm.so
I/InputDispatcher(  240): Dropped event because of pending overdue app switch.
W/InputManager(  240): Input event injection from pid 1024 failed.
W/InputMethodManagerService(  240): Window already focused, ignoring focus gain of: com.android.internal.view.IInputMethodClient$Stub$Proxy@b3faa980 attribute=null
I/Choreographer( 1070): Skipped 53 frames!  The application may be doing too much work on its main thread.
D/InputEventConsistencyVerifier( 1070): KeyEvent: ACTION_UP but key was not down.
D/InputEventConsistencyVerifier( 1070):   in com.android.internal.policy.impl.PhoneWindow$DecorView@b3dccc88
D/InputEventConsistencyVerifier( 1070):   0: sent at 177673000000, KeyEvent { action=ACTION_UP, keyCode=KEYCODE_DPAD_UP, scanCode=0, metaState=0, flags=0x400, repeatCount=0, eventTime=177673, downTime=177673, deviceId=-1, source=0x101 }
D/InputEventConsistencyVerifier( 1070):   -- recent events --
D/InputEventConsistencyVerifier( 1070):   1: sent at 177385000000, (unhandled) MotionEvent { action=ACTION_MOVE, id[0]=0, x[0]=-1.0, y[0]=0.0, toolType[0]=TOOL_TYPE_UNKNOWN, buttonState=0, metaState=0, flags=0x0, edgeFlags=0x0, pointerCount=1, historySize=7, eventTime=177385, downTime=-1, deviceId=0, source=0x10004 }
D/InputEventConsistencyVerifier( 1070):   2: sent at 177361000000, (unhandled) MotionEvent { action=ACTION_MOVE, id[0]=0, x[0]=2.0, y[0]=-3.0, toolType[0]=TOOL_TYPE_UNKNOWN, buttonState=0, metaState=0, flags=0x0, edgeFlags=0x0, pointerCount=1, historySize=1, eventTime=177361, downTime=-1, deviceId=0, source=0x10004 }
D/InputEventConsistencyVerifier( 1070):   3: sent at 177135000000, (unhandled) KeyEvent { action=ACTION_UP, keyCode=KEYCODE_MENU, scanCode=0, metaState=0, flags=0x8, repeatCount=0, eventTime=177135, downTime=177135, deviceId=-1, source=0x101 }
D/InputEventConsistencyVerifier( 1070):   4: sent at 176820000000, (unhandled) KeyEvent { action=ACTION_DOWN, keyCode=KEYCODE_MENU, scanCode=0, metaState=0, flags=0x8, repeatCount=0, eventTime=176820, downTime=176820, deviceId=-1, source=0x101 }
D/InputEventConsistencyVerifier( 1070):   5: sent at 176813000000, (unhandled) KeyEvent { action=ACTION_UP, keyCode=KEYCODE_DPAD_RIGHT, scanCode=0, metaState=0, flags=0x80000008, repeatCount=0, eventTime=176813, downTime=176813, deviceId=-1, source=0x101 }
E/WVMExtractor(   62): Failed to open libwvm.so
E/WVMExtractor(   62): Failed to open libwvm.so
E/WVMExtractor(   62): Failed to open libwvm.so
E/WVMExtractor(   62): Failed to open libwvm.so
E/WVMExtractor(   62): Failed to open libwvm.so
E/WVMExtractor(   62): Failed to open libwvm.so
E/WVMExtractor(   62): Failed to open libwvm.so
D/InputEventConsistencyVerifier( 1070): KeyEvent: ACTION_UP but key was not down.
D/InputEventConsistencyVerifier( 1070):   in android.view.ViewRootImpl@b3e95860
D/InputEventConsistencyVerifier( 1070):   0: sent at 178516000000, KeyEvent { action=ACTION_UP, keyCode=KEYCODE_DPAD_CENTER, scanCode=0, metaState=0, flags=0x8, repeatCount=0, eventTime=178516, downTime=178516, deviceId=-1, source=0x101 }
D/InputEventConsistencyVerifier( 1070):   -- recent events --
D/InputEventConsistencyVerifier( 1070):   1: sent at 179705000000, KeyEvent { action=ACTION_UP, keyCode=KEYCODE_DPAD_RIGHT, scanCode=0, metaState=0, flags=0x400, repeatCount=0, eventTime=179705, downTime=179705, deviceId=-1, source=0x101 }
D/InputEventConsistencyVerifier( 1070):   2: sent at 179705000000, KeyEvent { action=ACTION_DOWN, keyCode=KEYCODE_DPAD_RIGHT, scanCode=0, metaState=0, flags=0x400, repeatCount=0, eventTime=179705, downTime=179705, deviceId=-1, source=0x101 }
D/InputEventConsistencyVerifier( 1070):   3: sent at 179704000000, KeyEvent { action=ACTION_UP, keyCode=KEYCODE_DPAD_RIGHT, scanCode=0, metaState=0, flags=0x400, repeatCount=0, eventTime=179704, downTime=179704, deviceId=-1, source=0x101 }
D/InputEventConsistencyVerifier( 1070):   4: sent at 179704000000, KeyEvent { action=ACTION_DOWN, keyCode=KEYCODE_DPAD_RIGHT, scanCode=0, metaState=0, flags=0x400, repeatCount=0, eventTime=179704, downTime=179704, deviceId=-1, source=0x101 }
D/InputEventConsistencyVerifier( 1070):   5: sent at 179703000000, KeyEvent { action=ACTION_UP, keyCode=KEYCODE_DPAD_RIGHT, scanCode=0, metaState=0, flags=0x400, repeatCount=0, eventTime=179703, downTime=179703, deviceId=-1, source=0x101 }
E/WVMExtractor(   62): Failed to open libwvm.so
I/InputDispatcher(  240): Window 'Window{b401fbf8 com.mj.iMatch/com.mj.iMatch.IMatch paused=false}' spent 2159.7ms processing the last input event: KeyEvent(action=1, deviceId=-1, source=0x00000101)
I/ActivityManager(  240): START {act=android.intent.action.MAIN cat=[android.intent.category.LAUNCHER] flg=0x10200000 cmp=com.mj.iMatch/.IMatch u=0} from pid 1024
E/WVMExtractor(   62): Failed to open libwvm.so
E/WVMExtractor(   62): Failed to open libwvm.so
E/WVMExtractor(   62): Failed to open libwvm.so
E/WVMExtractor(   62): Failed to open libwvm.so
E/WVMExtractor(   62): Failed to open libwvm.so
E/WVMExtractor(   62): Failed to open libwvm.so
E/WVMExtractor(   62): Failed to open libwvm.so
E/WVMExtractor(   62): Failed to open libwvm.so
E/WVMExtractor(   62): Failed to open libwvm.so
I/InputDispatcher(  240): Window 'Window{b401fbf8 com.mj.iMatch/com.mj.iMatch.IMatch paused=false}' spent 2440.6ms processing the last input event: KeyEvent(action=0, deviceId=-1, source=0x00000101)
E/WVMExtractor(   62): Failed to open libwvm.so
I/Choreographer( 1070): Skipped 42 frames!  The application may be doing too much work on its main thread.
W/DroidBox( 1133): DroidBox: { "ServiceStart": { "name": "com.android.music.MediaPlaybackService" } }
W/DroidBox( 1133): DroidBox: { "ServiceStart": { "name": "com.android.music.MediaPlaybackService" } }
E/WVMExtractor(   62): Failed to open libwvm.so
I/Choreographer( 1070): Skipped 44 frames!  The application may be doing too much work on its main thread.
E/WVMExtractor(   62): Failed to open libwvm.so
E/WVMExtractor(   62): Failed to open libwvm.so
E/WVMExtractor(   62): Failed to open libwvm.so
I/Choreographer( 1070): Skipped 38 frames!  The application may be doing too much work on its main thread.
E/WVMExtractor(   62): Failed to open libwvm.so
D/InputEventConsistencyVerifier( 1070): KeyEvent: ACTION_UP but key was not down.
D/InputEventConsistencyVerifier( 1070):   in com.android.internal.policy.impl.PhoneWindow$DecorView@b3dccc88
D/InputEventConsistencyVerifier( 1070):   0: sent at 188420000000, KeyEvent { action=ACTION_UP, keyCode=KEYCODE_DPAD_RIGHT, scanCode=0, metaState=0, flags=0x8, repeatCount=0, eventTime=188420, downTime=188420, deviceId=-1, source=0x101 }
D/InputEventConsistencyVerifier( 1070):   -- recent events --
D/InputEventConsistencyVerifier( 1070):   1: sent at 188248000000, (unhandled) MotionEvent { action=ACTION_UP, id[0]=0, x[0]=252.0, y[0]=170.66667, toolType[0]=TOOL_TYPE_UNKNOWN, buttonState=0, metaState=0, flags=0x0, edgeFlags=0x0, pointerCount=1, historySize=0, eventTime=188248, downTime=188148, deviceId=0, source=0x1002 }
D/InputEventConsistencyVerifier( 1070):   2: sent at 188245000000, (unhandled) MotionEvent { action=ACTION_MOVE, id[0]=0, x[0]=264.6667, y[0]=184.66667, toolType[0]=TOOL_TYPE_UNKNOWN, buttonState=0, metaState=0, flags=0x0, edgeFlags=0x0, pointerCount=1, historySize=4, eventTime=188245, downTime=188148, deviceId=0, source=0x1002 }
D/InputEventConsistencyVerifier( 1070):   3: sent at 188190000000, (unhandled) MotionEvent { action=ACTION_MOVE, id[0]=0, x[0]=290.0, y[0]=227.0, toolType[0]=TOOL_TYPE_UNKNOWN, buttonState=0, metaState=0, flags=0x0, edgeFlags=0x0, pointerCount=1, historySize=2, eventTime=188190, downTime=188148, deviceId=0, source=0x1002 }
D/InputEventConsistencyVerifier( 1070):   4: sent at 188175000000, (unhandled) MotionEvent { action=ACTION_DOWN, id[0]=0, x[0]=306.0, y[0]=242.0, toolType[0]=TOOL_TYPE_UNKNOWN, buttonState=0, metaState=0, flags=0x0, edgeFlags=0x0, pointerCount=1, historySize=0, eventTime=188175, downTime=188148, deviceId=0, source=0x1002 }
D/InputEventConsistencyVerifier( 1070):   5: sent at 187983000000, (unhandled) KeyEvent { action=ACTION_UP, keyCode=KEYCODE_DPAD_CENTER, scanCode=0, metaState=0, flags=0x8, repeatCount=0, eventTime=187983, downTime=187983, deviceId=-1, source=0x101 }
I/Choreographer( 1070): Skipped 39 frames!  The application may be doing too much work on its main thread.
E/WVMExtractor(   62): Failed to open libwvm.so
D/InputEventConsistencyVerifier( 1070): KeyEvent: ACTION_UP but key was not down.
D/InputEventConsistencyVerifier( 1070):   in com.android.internal.policy.impl.PhoneWindow$DecorView@b3dccc88
D/InputEventConsistencyVerifier( 1070):   0: sent at 189145000000, KeyEvent { action=ACTION_UP, keyCode=KEYCODE_DPAD_UP, scanCode=0, metaState=0, flags=0x400, repeatCount=0, eventTime=189145, downTime=189145, deviceId=-1, source=0x101 }
D/InputEventConsistencyVerifier( 1070):   -- recent events --
D/InputEventConsistencyVerifier( 1070):   1: sent at 189056000000, (unhandled) MotionEvent { action=ACTION_MOVE, id[0]=0, x[0]=1.0, y[0]=-2.0, toolType[0]=TOOL_TYPE_UNKNOWN, buttonState=0, metaState=0, flags=0x0, edgeFlags=0x0, pointerCount=1, historySize=19, eventTime=189056, downTime=-1, deviceId=0, source=0x10004 }
D/InputEventConsistencyVerifier( 1070):   2: sent at 188853000000, (unhandled) MotionEvent { action=ACTION_UP, id[0]=0, x[0]=114.0, y[0]=460.6667, toolType[0]=TOOL_TYPE_UNKNOWN, buttonState=0, metaState=0, flags=0x0, edgeFlags=0x0, pointerCount=1, historySize=0, eventTime=188853, downTime=188817, deviceId=0, source=0x1002 }
D/InputEventConsistencyVerifier( 1070):   3: sent at 188829000000, (unhandled) MotionEvent { action=ACTION_MOVE, id[0]=0, x[0]=116.66667, y[0]=458.0, toolType[0]=TOOL_TYPE_UNKNOWN, buttonState=0, metaState=0, flags=0x0, edgeFlags=0x0, pointerCount=1, historySize=2, eventTime=188829, downTime=188817, deviceId=0, source=0x1002 }
D/InputEventConsistencyVerifier( 1070):   4: sent at 188818000000, (unhandled) MotionEvent { action=ACTION_DOWN, id[0]=0, x[0]=126.0, y[0]=454.0, toolType[0]=TOOL_TYPE_UNKNOWN, buttonState=0, metaState=0, flags=0x0, edgeFlags=0x0, pointerCount=1, historySize=0, eventTime=188818, downTime=188817, deviceId=0, source=0x1002 }
D/InputEventConsistencyVerifier( 1070):   5: sent at 188774000000, (unhandled) MotionEvent { action=ACTION_UP, id[0]=0, x[0]=156.0, y[0]=476.6667, toolType[0]=TOOL_TYPE_UNKNOWN, buttonState=0, metaState=0, flags=0x0, edgeFlags=0x0, pointerCount=1, historySize=0, eventTime=188774, downTime=188713, deviceId=0, source=0x1002 }
E/WVMExtractor(   62): Failed to open libwvm.so
I/ActivityManager(  240): START {act=android.intent.action.MAIN cat=[android.intent.category.HOME] flg=0x10200000 cmp=com.android.launcher/com.android.launcher2.Launcher u=0} from pid 240
I/InputDispatcher(  240): Dropped event because of pending overdue app switch.
W/InputManager(  240): Input event injection from pid 1024 failed.
E/WVMExtractor(   62): Failed to open libwvm.so
D/InputEventConsistencyVerifier( 1070): KeyEvent: ACTION_UP but key was not down.
D/InputEventConsistencyVerifier( 1070):   in com.android.internal.policy.impl.PhoneWindow$DecorView@b3dccc88
D/InputEventConsistencyVerifier( 1070):   0: sent at 190395000000, KeyEvent { action=ACTION_UP, keyCode=KEYCODE_DPAD_CENTER, scanCode=0, metaState=0, flags=0x8, repeatCount=0, eventTime=190395, downTime=190395, deviceId=-1, source=0x101 }
D/InputEventConsistencyVerifier( 1070):   -- recent events --
D/InputEventConsistencyVerifier( 1070):   1: sent at 190221000000, (unhandled) MotionEvent { action=ACTION_UP, id[0]=0, x[0]=86.66667, y[0]=470.6667, toolType[0]=TOOL_TYPE_UNKNOWN, buttonState=0, metaState=0, flags=0x0, edgeFlags=0x0, pointerCount=1, historySize=0, eventTime=190221, downTime=190207, deviceId=0, source=0x1002 }
D/InputEventConsistencyVerifier( 1070):   2: sent at 190207000000, (unhandled) MotionEvent { action=ACTION_DOWN, id[0]=0, x[0]=82.0, y[0]=470.0, toolType[0]=TOOL_TYPE_UNKNOWN, buttonState=0, metaState=0, flags=0x0, edgeFlags=0x0, pointerCount=1, historySize=0, eventTime=190207, downTime=190207, deviceId=0, source=0x1002 }
D/InputEventConsistencyVerifier( 1070):   3: sent at 190013000000, (unhandled) KeyEvent { action=ACTION_UP, keyCode=KEYCODE_DPAD_LEFT, scanCode=0, metaState=0, flags=0x8, repeatCount=0, eventTime=190013, downTime=190013, deviceId=-1, source=0x101 }
D/InputEventConsistencyVerifier( 1070):   4: sent at 189863000000, (unhandled) KeyEvent { action=ACTION_DOWN, keyCode=KEYCODE_DPAD_LEFT, scanCode=0, metaState=0, flags=0x8, repeatCount=0, eventTime=189863, downTime=189863, deviceId=-1, source=0x101 }
D/InputEventConsistencyVerifier( 1070):   5: sent at 189202000000, (unhandled) KeyEvent { action=ACTION_UP, keyCode=KEYCODE_DPAD_LEFT, scanCode=0, metaState=0, flags=0x8, repeatCount=0, eventTime=189202, downTime=189202, deviceId=-1, source=0x101 }
D/InputEventConsistencyVerifier( 1070): KeyEvent: ACTION_UP but key was not down.
D/InputEventConsistencyVerifier( 1070):   in android.view.ViewRootImpl@b3e95860
D/InputEventConsistencyVerifier( 1070):   0: sent at 190672000000, KeyEvent { action=ACTION_UP, keyCode=KEYCODE_DPAD_CENTER, scanCode=0, metaState=0, flags=0x8, repeatCount=0, eventTime=190672, downTime=190672, deviceId=-1, source=0x101 }
D/InputEventConsistencyVerifier( 1070):   -- recent events --
D/InputEventConsistencyVerifier( 1070):   1: sent at 190395000000, KeyEvent { action=ACTION_UP, keyCode=KEYCODE_DPAD_CENTER, scanCode=0, metaState=0, flags=0x8, repeatCount=0, eventTime=190395, downTime=190395, deviceId=-1, source=0x101 }
D/InputEventConsistencyVerifier( 1070):   2: sent at 190227000000, KeyEvent { action=ACTION_DOWN, keyCode=KEYCODE_DPAD_CENTER, scanCode=0, metaState=0, flags=0x8, repeatCount=0, eventTime=190227, downTime=190227, deviceId=-1, source=0x101 }
D/InputEventConsistencyVerifier( 1070):   3: sent at 190221000000, MotionEvent { action=ACTION_UP, id[0]=0, x[0]=130.0, y[0]=706.0, toolType[0]=TOOL_TYPE_UNKNOWN, buttonState=0, metaState=0, flags=0x0, edgeFlags=0x0, pointerCount=1, historySize=0, eventTime=190221, downTime=190207, deviceId=0, source=0x1002 }
D/InputEventConsistencyVerifier( 1070):   4: sent at 190207000000, MotionEvent { action=ACTION_DOWN, id[0]=0, x[0]=123.0, y[0]=705.0, toolType[0]=TOOL_TYPE_UNKNOWN, buttonState=0, metaState=0, flags=0x0, edgeFlags=0x0, pointerCount=1, historySize=0, eventTime=190207, downTime=190207, deviceId=0, source=0x1002 }
D/InputEventConsistencyVerifier( 1070):   5: sent at 190013000000, KeyEvent { action=ACTION_UP, keyCode=KEYCODE_DPAD_LEFT, scanCode=0, metaState=0, flags=0x8, repeatCount=0, eventTime=190013, downTime=190013, deviceId=-1, source=0x101 }
I/Choreographer( 1070): Skipped 36 frames!  The application may be doing too much work on its main thread.
E/WVMExtractor(   62): Failed to open libwvm.so
E/WVMExtractor(   62): Failed to open libwvm.so
D/InputEventConsistencyVerifier( 1070): KeyEvent: ACTION_UP but key was not down.
D/InputEventConsistencyVerifier( 1070):   in com.android.internal.policy.impl.PhoneWindow$DecorView@b3dccc88
D/InputEventConsistencyVerifier( 1070):   0: sent at 191399000000, KeyEvent { action=ACTION_UP, keyCode=KEYCODE_DPAD_UP, scanCode=0, metaState=0, flags=0x8, repeatCount=0, eventTime=191399, downTime=191399, deviceId=-1, source=0x101 }
D/InputEventConsistencyVerifier( 1070):   -- recent events --
D/InputEventConsistencyVerifier( 1070):   1: sent at 191218000000, (unhandled) MotionEvent { action=ACTION_UP, id[0]=0, x[0]=178.66667, y[0]=338.0, toolType[0]=TOOL_TYPE_UNKNOWN, buttonState=0, metaState=0, flags=0x0, edgeFlags=0x0, pointerCount=1, historySize=0, eventTime=191218, downTime=191188, deviceId=0, source=0x1002 }
D/InputEventConsistencyVerifier( 1070):   2: sent at 191188000000, (unhandled) MotionEvent { action=ACTION_DOWN, id[0]=0, x[0]=182.66667, y[0]=334.6667, toolType[0]=TOOL_TYPE_UNKNOWN, buttonState=0, metaState=0, flags=0x0, edgeFlags=0x0, pointerCount=1, historySize=0, eventTime=191188, downTime=191188, deviceId=0, source=0x1002 }
D/InputEventConsistencyVerifier( 1070):   3: sent at 190996000000, (unhandled) KeyEvent { action=ACTION_UP, keyCode=KEYCODE_DPAD_LEFT, scanCode=0, metaState=0, flags=0x8, repeatCount=0, eventTime=190996, downTime=190996, deviceId=-1, source=0x101 }
D/InputEventConsistencyVerifier( 1070):   4: sent at 190815000000, (unhandled) KeyEvent { action=ACTION_DOWN, keyCode=KEYCODE_DPAD_LEFT, scanCode=0, metaState=0, flags=0x8, repeatCount=0, eventTime=190815, downTime=190815, deviceId=-1, source=0x101 }
D/InputEventConsistencyVerifier( 1070):   5: sent at 190672000000, (unhandled) KeyEvent { action=ACTION_UP, keyCode=KEYCODE_DPAD_CENTER, scanCode=0, metaState=0, flags=0x80000008, repeatCount=0, eventTime=190672, downTime=190672, deviceId=-1, source=0x101 }
I/Choreographer( 1070): Skipped 33 frames!  The application may be doing too much work on its main thread.
W/BackupManagerService(  240): dataChanged but no participant pkg='com.android.providers.settings' uid=10011
E/WVMExtractor(   62): Failed to open libwvm.so
E/WVMExtractor(   62): Failed to open libwvm.so
E/MetadataRetrieverClient(   62): failed to extract an album art
E/WVMExtractor(   62): Failed to open libwvm.so
E/WVMExtractor(   62): Failed to open libwvm.so
I/Choreographer( 1070): Skipped 81 frames!  The application may be doing too much work on its main thread.
I/ActivityManager(  240): START {act=android.intent.action.MAIN cat=[android.intent.category.LAUNCHER] flg=0x10200000 cmp=com.mj.iMatch/.IMatch u=0} from pid 1024
I/ActivityManager(  240): START {act=android.intent.action.MAIN cat=[android.intent.category.LAUNCHER] flg=0x10200000 cmp=com.mj.iMatch/.IMatch u=0} from pid 1024
E/WVMExtractor(   62): Failed to open libwvm.so
I/Choreographer( 1070): Skipped 48 frames!  The application may be doing too much work on its main thread.
W/InputManager(  240): Input event injection from pid 1024 failed.
W/InputMethodManagerService(  240): Window already focused, ignoring focus gain of: com.android.internal.view.IInputMethodClient$Stub$Proxy@b3f9c770 attribute=android.view.inputmethod.EditorInfo@b3f9c788
E/WVMExtractor(   62): Failed to open libwvm.so
E/WVMExtractor(   62): Failed to open libwvm.so
E/WVMExtractor(   62): Failed to open libwvm.so
I/Choreographer( 1070): Skipped 44 frames!  The application may be doing too much work on its main thread.
E/WVMExtractor(   62): Failed to open libwvm.so
I/Choreographer( 1070): Skipped 52 frames!  The application may be doing too much work on its main thread.
E/WVMExtractor(   62): Failed to open libwvm.so
I/Choreographer( 1070): Skipped 37 frames!  The application may be doing too much work on its main thread.
I/Choreographer( 1070): Skipped 55 frames!  The application may be doing too much work on its main thread.
E/WVMExtractor(   62): Failed to open libwvm.so
W/InputMethodManagerService(  240): Window already focused, ignoring focus gain of: com.android.internal.view.IInputMethodClient$Stub$Proxy@b4018c80 attribute=null
E/WVMExtractor(   62): Failed to open libwvm.so
E/WVMExtractor(   62): Failed to open libwvm.so
E/WVMExtractor(   62): Failed to open libwvm.so
W/DroidBox( 1133): DroidBox: { "ServiceStart": { "name": "com.android.music.MediaPlaybackService" } }
W/DroidBox( 1133): DroidBox: { "ServiceStart": { "name": "com.android.music.MediaPlaybackService" } }
I/Choreographer( 1070): Skipped 30 frames!  The application may be doing too much work on its main thread.
I/AudioService(  240):  AudioFocus  requestAudioFocus() from android.media.AudioManager@b3db8818com.android.music.MediaPlaybackService$3@b3db7050
E/WVMExtractor(   62): Failed to open libwvm.so
I/Choreographer( 1070): Skipped 51 frames!  The application may be doing too much work on its main thread.
D/InputEventConsistencyVerifier( 1070): KeyEvent: ACTION_UP but key was not down.
D/InputEventConsistencyVerifier( 1070):   in com.android.internal.policy.impl.PhoneWindow$DecorView@b3dccc88
