D/InputEventConsistencyVerifier( 1058):   3: sent at 266073000000, (unhandled) MotionEvent { action=ACTION_UP, id[0]=0, x[0]=328.0, y[0]=185.0, toolType[0]=TOOL_TYPE_UNKNOWN, buttonState=0, metaState=0, flags=0x0, edgeFlags=0x0, pointerCount=1, historySize=0, eventTime=266073, downTime=266064, deviceId=0, source=0x1002 }
D/InputEventConsistencyVerifier( 1058):   4: sent at 266064000000, (unhandled) MotionEvent { action=ACTION_DOWN, id[0]=0, x[0]=344.0, y[0]=208.0, toolType[0]=TOOL_TYPE_UNKNOWN, buttonState=0, metaState=0, flags=0x0, edgeFlags=0x0, pointerCount=1, historySize=0, eventTime=266064, downTime=266064, deviceId=0, source=0x1002 }
D/InputEventConsistencyVerifier( 1058):   5: sent at 266055000000, (unhandled) MotionEvent { action=ACTION_UP, id[0]=0, x[0]=257.0, y[0]=377.0, toolType[0]=TOOL_TYPE_UNKNOWN, buttonState=0, metaState=0, flags=0x0, edgeFlags=0x0, pointerCount=1, historySize=0, eventTime=266055, downTime=266046, deviceId=0, source=0x1002 }
D/InputEventConsistencyVerifier( 1058): KeyEvent: ACTION_UP but key was not down.
D/InputEventConsistencyVerifier( 1058):   in com.android.internal.policy.impl.PhoneWindow$DecorView@b3fa44f0
D/InputEventConsistencyVerifier( 1058):   0: sent at 267599000000, KeyEvent { action=ACTION_UP, keyCode=KEYCODE_DPAD_UP, scanCode=0, metaState=0, flags=0x8, repeatCount=0, eventTime=267599, downTime=267599, deviceId=-1, source=0x101 }
D/InputEventConsistencyVerifier( 1058):   -- recent events --
D/InputEventConsistencyVerifier( 1058):   1: sent at 267513000000, (unhandled) MotionEvent { action=ACTION_UP, id[0]=0, x[0]=0.0, y[0]=618.0, toolType[0]=TOOL_TYPE_UNKNOWN, buttonState=0, metaState=0, flags=0x0, edgeFlags=0x0, pointerCount=1, historySize=0, eventTime=267513, downTime=267507, deviceId=0, source=0x1002 }
D/InputEventConsistencyVerifier( 1058):   2: sent at 267507000000, (unhandled) MotionEvent { action=ACTION_DOWN, id[0]=0, x[0]=1.0, y[0]=616.0, toolType[0]=TOOL_TYPE_UNKNOWN, buttonState=0, metaState=0, flags=0x0, edgeFlags=0x0, pointerCount=1, historySize=0, eventTime=267507, downTime=267507, deviceId=0, source=0x1002 }
D/InputEventConsistencyVerifier( 1058):   3: sent at 267481000000, (unhandled) KeyEvent { action=ACTION_UP, keyCode=KEYCODE_DPAD_RIGHT, scanCode=0, metaState=0, flags=0x80000008, repeatCount=0, eventTime=267481, downTime=267481, deviceId=-1, source=0x101 }
D/InputEventConsistencyVerifier( 1058):   4: sent at 267429000000, (unhandled) MotionEvent { action=ACTION_UP, id[0]=0, x[0]=387.0, y[0]=705.0, toolType[0]=TOOL_TYPE_UNKNOWN, buttonState=0, metaState=0, flags=0x0, edgeFlags=0x0, pointerCount=1, historySize=0, eventTime=267429, downTime=267154, deviceId=0, source=0x1002 }
D/InputEventConsistencyVerifier( 1058):   5: sent at 267154000000, (unhandled) MotionEvent { action=ACTION_DOWN, id[0]=0, x[0]=401.0, y[0]=691.0, toolType[0]=TOOL_TYPE_UNKNOWN, buttonState=0, metaState=0, flags=0x0, edgeFlags=0x0, pointerCount=1, historySize=0, eventTime=267154, downTime=267154, deviceId=0, source=0x1002 }
D/InputEventConsistencyVerifier( 1058): KeyEvent: ACTION_UP but key was not down.
D/InputEventConsistencyVerifier( 1058):   in com.android.internal.policy.impl.PhoneWindow$DecorView@b3fa44f0
D/InputEventConsistencyVerifier( 1058):   0: sent at 267858000000, KeyEvent { action=ACTION_UP, keyCode=KEYCODE_DPAD_DOWN, scanCode=0, metaState=0, flags=0x400, repeatCount=0, eventTime=267858, downTime=267858, deviceId=-1, source=0x101 }
D/InputEventConsistencyVerifier( 1058):   -- recent events --
D/InputEventConsistencyVerifier( 1058):   1: sent at 267823000000, (unhandled) MotionEvent { action=ACTION_MOVE, id[0]=0, x[0]=-1.0, y[0]=2.0, toolType[0]=TOOL_TYPE_UNKNOWN, buttonState=0, metaState=0, flags=0x0, edgeFlags=0x0, pointerCount=1, historySize=9, eventTime=267823, downTime=-1, deviceId=0, source=0x10004 }
D/InputEventConsistencyVerifier( 1058):   2: sent at 267751000000, (unhandled) MotionEvent { action=ACTION_UP, id[0]=0, x[0]=169.0, y[0]=236.0, toolType[0]=TOOL_TYPE_UNKNOWN, buttonState=0, metaState=0, flags=0x0, edgeFlags=0x0, pointerCount=1, historySize=0, eventTime=267751, downTime=267714, deviceId=0, source=0x1002 }
D/InputEventConsistencyVerifier( 1058):   3: sent at 267724000000, (unhandled) MotionEvent { action=ACTION_MOVE, id[0]=0, x[0]=177.0, y[0]=234.0, toolType[0]=TOOL_TYPE_UNKNOWN, buttonState=0, metaState=0, flags=0x0, edgeFlags=0x0, pointerCount=1, historySize=2, eventTime=267724, downTime=267714, deviceId=0, source=0x1002 }
D/InputEventConsistencyVerifier( 1058):   4: sent at 267715000000, (unhandled) MotionEvent { action=ACTION_DOWN, id[0]=0, x[0]=197.0, y[0]=223.0, toolType[0]=TOOL_TYPE_UNKNOWN, buttonState=0, metaState=0, flags=0x0, edgeFlags=0x0, pointerCount=1, historySize=0, eventTime=267715, downTime=267714, deviceId=0, source=0x1002 }
D/InputEventConsistencyVerifier( 1058):   5: sent at 267707000000, (unhandled) MotionEvent { action=ACTION_UP, id[0]=0, x[0]=176.0, y[0]=233.0, toolType[0]=TOOL_TYPE_UNKNOWN, buttonState=0, metaState=0, flags=0x0, edgeFlags=0x0, pointerCount=1, historySize=0, eventTime=267707, downTime=267659, deviceId=0, source=0x1002 }
D/InputEventConsistencyVerifier( 1058): KeyEvent: ACTION_UP but key was not down.
D/InputEventConsistencyVerifier( 1058):   in com.android.internal.policy.impl.PhoneWindow$DecorView@b3fa44f0
D/InputEventConsistencyVerifier( 1058):   0: sent at 268237000000, KeyEvent { action=ACTION_UP, keyCode=KEYCODE_DPAD_LEFT, scanCode=0, metaState=0, flags=0x8, repeatCount=0, eventTime=268237, downTime=268237, deviceId=-1, source=0x101 }
D/InputEventConsistencyVerifier( 1058):   -- recent events --
D/InputEventConsistencyVerifier( 1058):   1: sent at 268194000000, (unhandled) MotionEvent { action=ACTION_UP, id[0]=0, x[0]=205.0, y[0]=340.0, toolType[0]=TOOL_TYPE_UNKNOWN, buttonState=0, metaState=0, flags=0x0, edgeFlags=0x0, pointerCount=1, historySize=0, eventTime=268194, downTime=268189, deviceId=0, source=0x1002 }
D/InputEventConsistencyVerifier( 1058):   2: sent at 268189000000, (unhandled) MotionEvent { action=ACTION_DOWN, id[0]=0, x[0]=197.0, y[0]=324.0, toolType[0]=TOOL_TYPE_UNKNOWN, buttonState=0, metaState=0, flags=0x0, edgeFlags=0x0, pointerCount=1, historySize=0, eventTime=268189, downTime=268189, deviceId=0, source=0x1002 }
D/InputEventConsistencyVerifier( 1058):   3: sent at 268108000000, (unhandled) KeyEvent { action=ACTION_UP, keyCode=KEYCODE_DPAD_UP, scanCode=0, metaState=0, flags=0x8, repeatCount=0, eventTime=268108, downTime=268108, deviceId=-1, source=0x101 }
D/InputEventConsistencyVerifier( 1058):   4: sent at 268079000000, (unhandled) KeyEvent { action=ACTION_DOWN, keyCode=KEYCODE_DPAD_UP, scanCode=0, metaState=0, flags=0x8, repeatCount=0, eventTime=268079, downTime=268079, deviceId=-1, source=0x101 }
D/InputEventConsistencyVerifier( 1058):   5: sent at 268098000000, (unhandled) KeyEvent { action=ACTION_UP, keyCode=KEYCODE_DPAD_RIGHT, scanCode=0, metaState=0, flags=0x400, repeatCount=0, eventTime=268098, downTime=268098, deviceId=-1, source=0x101 }
D/InputEventConsistencyVerifier( 1058): KeyEvent: ACTION_UP but key was not down.
D/InputEventConsistencyVerifier( 1058):   in com.android.internal.policy.impl.PhoneWindow$DecorView@b3fa44f0
D/InputEventConsistencyVerifier( 1058):   0: sent at 268441000000, KeyEvent { action=ACTION_UP, keyCode=KEYCODE_DPAD_UP, scanCode=0, metaState=0, flags=0x8, repeatCount=0, eventTime=268441, downTime=268441, deviceId=-1, source=0x101 }
D/InputEventConsistencyVerifier( 1058):   -- recent events --
D/InputEventConsistencyVerifier( 1058):   1: sent at 268396000000, (unhandled) MotionEvent { action=ACTION_UP, id[0]=0, x[0]=144.0, y[0]=181.0, toolType[0]=TOOL_TYPE_UNKNOWN, buttonState=0, metaState=0, flags=0x0, edgeFlags=0x0, pointerCount=1, historySize=0, eventTime=268396, downTime=268368, deviceId=0, source=0x1002 }
D/InputEventConsistencyVerifier( 1058):   2: sent at 268392000000, (unhandled) MotionEvent { action=ACTION_POINTER_UP(1), id[0]=0, x[0]=138.0, y[0]=194.0, toolType[0]=TOOL_TYPE_UNKNOWN, id[1]=1, x[1]=192.0, y[1]=713.0, toolType[1]=TOOL_TYPE_UNKNOWN, buttonState=0, metaState=0, flags=0x0, edgeFlags=0x0, pointerCount=2, historySize=0, eventTime=268392, downTime=268368, deviceId=0, source=0x1002 }
D/InputEventConsistencyVerifier( 1058):   3: sent at 268389000000, (unhandled) MotionEvent { action=ACTION_MOVE, id[0]=0, x[0]=125.0, y[0]=196.0, toolType[0]=TOOL_TYPE_UNKNOWN, id[1]=1, x[1]=210.0, y[1]=709.0, toolType[1]=TOOL_TYPE_UNKNOWN, buttonState=0, metaState=0, flags=0x0, edgeFlags=0x0, pointerCount=2, historySize=1, eventTime=268389, downTime=268368, deviceId=0, source=0x1002 }
D/InputEventConsistencyVerifier( 1058):   4: sent at 268384000000, (unhandled) MotionEvent { action=ACTION_POINTER_DOWN(1), id[0]=0, x[0]=109.0, y[0]=218.0, toolType[0]=TOOL_TYPE_UNKNOWN, id[1]=1, x[1]=216.0, y[1]=695.0, toolType[1]=TOOL_TYPE_UNKNOWN, buttonState=0, metaState=0, flags=0x0, edgeFlags=0x0, pointerCount=2, historySize=0, eventTime=268384, downTime=268368, deviceId=0, source=0x1002 }
D/InputEventConsistencyVerifier( 1058):   5: sent at 268370000000, (unhandled) MotionEvent { action=ACTION_DOWN, id[0]=0, x[0]=95.0, y[0]=226.0, toolType[0]=TOOL_TYPE_UNKNOWN, buttonState=0, metaState=0, flags=0x0, edgeFlags=0x0, pointerCount=1, historySize=0, eventTime=268370, downTime=268368, deviceId=0, source=0x1002 }
I/ActivityManager(  229): START {act=android.intent.action.MAIN cat=[android.intent.category.HOME] flg=0x10200000 cmp=com.android.launcher/com.android.launcher2.Launcher u=0} from pid 229
W/InputMethodManagerService(  229): Window already focused, ignoring focus gain of: com.android.internal.view.IInputMethodClient$Stub$Proxy@b416bfa8 attribute=android.view.inputmethod.EditorInfo@b416bfc0
D/InputEventConsistencyVerifier( 1058): KeyEvent: ACTION_UP but key was not down.
D/InputEventConsistencyVerifier( 1058):   in com.android.internal.policy.impl.PhoneWindow$DecorView@b3fa44f0
D/InputEventConsistencyVerifier( 1058):   0: sent at 269541000000, KeyEvent { action=ACTION_UP, keyCode=KEYCODE_DPAD_UP, scanCode=0, metaState=0, flags=0x8, repeatCount=0, eventTime=269541, downTime=269541, deviceId=-1, source=0x101 }
D/InputEventConsistencyVerifier( 1058):   -- recent events --
D/InputEventConsistencyVerifier( 1058):   1: sent at 269384000000, (unhandled) KeyEvent { action=ACTION_UP, keyCode=KEYCODE_ZENKAKU_HANKAKU, scanCode=0, metaState=0, flags=0x8, repeatCount=0, eventTime=269384, downTime=269384, deviceId=-1, source=0x101 }
D/InputEventConsistencyVerifier( 1058):   2: sent at 269360000000, (unhandled) KeyEvent { action=ACTION_DOWN, keyCode=KEYCODE_ZENKAKU_HANKAKU, scanCode=0, metaState=0, flags=0x8, repeatCount=0, eventTime=269360, downTime=269360, deviceId=-1, source=0x101 }
D/InputEventConsistencyVerifier( 1058):   3: sent at 268942000000, (unhandled) MotionEvent { action=ACTION_UP, id[0]=0, x[0]=163.0, y[0]=77.0, toolType[0]=TOOL_TYPE_UNKNOWN, buttonState=0, metaState=0, flags=0x0, edgeFlags=0x0, pointerCount=1, historySize=0, eventTime=268942, downTime=268929, deviceId=0, source=0x1002 }
D/InputEventConsistencyVerifier( 1058):   4: sent at 268930000000, (unhandled) MotionEvent { action=ACTION_DOWN, id[0]=0, x[0]=177.0, y[0]=82.0, toolType[0]=TOOL_TYPE_UNKNOWN, buttonState=0, metaState=0, flags=0x0, edgeFlags=0x0, pointerCount=1, historySize=0, eventTime=268930, downTime=268929, deviceId=0, source=0x1002 }
D/InputEventConsistencyVerifier( 1058):   5: sent at 268903000000, (unhandled) MotionEvent { action=ACTION_UP, id[0]=0, x[0]=204.0, y[0]=99.0, toolType[0]=TOOL_TYPE_UNKNOWN, buttonState=0, metaState=0, flags=0x0, edgeFlags=0x0, pointerCount=1, historySize=0, eventTime=268903, downTime=268892, deviceId=0, source=0x1002 }
D/InputEventConsistencyVerifier( 1058): TouchEvent: ACTION_DOWN but pointers are already down.  Probably missing ACTION_UP from previous gesture.
D/InputEventConsistencyVerifier( 1058):   in com.android.internal.policy.impl.PhoneWindow$DecorView@b4611770
D/InputEventConsistencyVerifier( 1058):   0: sent at 270235000000, MotionEvent { action=ACTION_DOWN, id[0]=0, x[0]=425.0, y[0]=-1.0, toolType[0]=TOOL_TYPE_UNKNOWN, buttonState=0, metaState=0, flags=0x0, edgeFlags=0x0, pointerCount=1, historySize=0, eventTime=270235, downTime=270234, deviceId=0, source=0x1002 }
D/InputEventConsistencyVerifier( 1058):   -- recent events --
D/InputEventConsistencyVerifier( 1058):   1: sent at 270217000000, (unhandled) KeyEvent { action=ACTION_UP, keyCode=KEYCODE_DPAD_DOWN, scanCode=0, metaState=0, flags=0x8, repeatCount=0, eventTime=270217, downTime=270217, deviceId=-1, source=0x101 }
D/InputEventConsistencyVerifier( 1058):   2: sent at 270176000000, (unhandled) KeyEvent { action=ACTION_DOWN, keyCode=KEYCODE_DPAD_DOWN, scanCode=0, metaState=0, flags=0x8, repeatCount=0, eventTime=270176, downTime=270176, deviceId=-1, source=0x101 }
D/InputEventConsistencyVerifier( 1058):   3: sent at 270099000000, (unhandled) KeyEvent { action=ACTION_UP, keyCode=KEYCODE_FUNCTION, scanCode=0, metaState=0, flags=0x8, repeatCount=0, eventTime=270099, downTime=270099, deviceId=-1, source=0x101 }
D/InputEventConsistencyVerifier( 1058):   4: sent at 270007000000, (unhandled) KeyEvent { action=ACTION_DOWN, keyCode=KEYCODE_FUNCTION, scanCode=0, metaState=0, flags=0x8, repeatCount=0, eventTime=270007, downTime=270007, deviceId=-1, source=0x101 }
D/InputEventConsistencyVerifier( 1058):   5: sent at 270089000000, (unhandled) KeyEvent { action=ACTION_UP, keyCode=KEYCODE_DPAD_UP, scanCode=0, metaState=0, flags=0x400, repeatCount=0, eventTime=270089, downTime=270089, deviceId=-1, source=0x101 }
W/InputManager(  229): Input event injection from pid 1013 failed.
I/ActivityManager(  229): START {act=android.intent.action.MAIN cat=[android.intent.category.LAUNCHER] flg=0x10000000 cmp=com.android.contacts/.activities.PeopleActivity sel={act=android.intent.action.MAIN cat=[android.intent.category.APP_CONTACTS]} u=0} from pid 229
W/InputMethodManagerService(  229): Window already focused, ignoring focus gain of: com.android.internal.view.IInputMethodClient$Stub$Proxy@b3fe24d0 attribute=android.view.inputmethod.EditorInfo@b3fe24e8
D/InputEventConsistencyVerifier( 1058): KeyEvent: ACTION_UP but key was not down.
D/InputEventConsistencyVerifier( 1058):   in android.view.ViewRootImpl@b3ef1c70
D/InputEventConsistencyVerifier( 1058):   0: sent at 270819000000, KeyEvent { action=ACTION_UP, keyCode=KEYCODE_CONTACTS, scanCode=0, metaState=0, flags=0x8, repeatCount=0, eventTime=270819, downTime=270819, deviceId=-1, source=0x101 }
D/InputEventConsistencyVerifier( 1058):   -- recent events --
D/InputEventConsistencyVerifier( 1058):   1: sent at 270788000000, MotionEvent { action=ACTION_UP, id[0]=0, x[0]=167.0, y[0]=501.0, toolType[0]=TOOL_TYPE_UNKNOWN, buttonState=0, metaState=0, flags=0x0, edgeFlags=0x0, pointerCount=1, historySize=0, eventTime=270788, downTime=270718, deviceId=0, source=0x1002 }
D/InputEventConsistencyVerifier( 1058):   2: sent at 270786000000, MotionEvent { action=ACTION_POINTER_UP(1), id[0]=0, x[0]=164.0, y[0]=498.0, toolType[0]=TOOL_TYPE_UNKNOWN, id[1]=1, x[1]=41.0, y[1]=237.0, toolType[1]=TOOL_TYPE_UNKNOWN, buttonState=0, metaState=0, flags=0x0, edgeFlags=0x0, pointerCount=2, historySize=0, eventTime=270786, downTime=270718, deviceId=0, source=0x1002 }
D/InputEventConsistencyVerifier( 1058):   3: sent at 270783000000, MotionEvent { action=ACTION_MOVE, id[0]=0, x[0]=164.0, y[0]=496.0, toolType[0]=TOOL_TYPE_UNKNOWN, id[1]=1, x[1]=40.0, y[1]=237.0, toolType[1]=TOOL_TYPE_UNKNOWN, buttonState=0, metaState=0, flags=0x0, edgeFlags=0x0, pointerCount=2, historySize=4, eventTime=270783, downTime=270718, deviceId=0, source=0x1002 }
D/InputEventConsistencyVerifier( 1058):   4: sent at 270741000000, MotionEvent { action=ACTION_POINTER_DOWN(1), id[0]=0, x[0]=151.0, y[0]=480.0, toolType[0]=TOOL_TYPE_UNKNOWN, id[1]=1, x[1]=35.0, y[1]=235.0, toolType[1]=TOOL_TYPE_UNKNOWN, buttonState=0, metaState=0, flags=0x0, edgeFlags=0x0, pointerCount=2, historySize=0, eventTime=270741, downTime=270718, deviceId=0, source=0x1002 }
D/InputEventConsistencyVerifier( 1058):   5: sent at 270732000000, MotionEvent { action=ACTION_DOWN, id[0]=0, x[0]=149.0, y[0]=478.0, toolType[0]=TOOL_TYPE_UNKNOWN, buttonState=0, metaState=0, flags=0x0, edgeFlags=0x0, pointerCount=1, historySize=0, eventTime=270732, downTime=270718, deviceId=0, source=0x1002 }
D/InputEventConsistencyVerifier( 1058): KeyEvent: ACTION_UP but key was not down.
D/InputEventConsistencyVerifier( 1058):   in com.android.internal.policy.impl.PhoneWindow$DecorView@b3fa44f0
D/InputEventConsistencyVerifier( 1058):   0: sent at 271029000000, KeyEvent { action=ACTION_UP, keyCode=KEYCODE_DPAD_UP, scanCode=0, metaState=0, flags=0x8, repeatCount=0, eventTime=271029, downTime=271029, deviceId=-1, source=0x101 }
D/InputEventConsistencyVerifier( 1058):   -- recent events --
D/InputEventConsistencyVerifier( 1058):   1: sent at 270819000000, (unhandled) KeyEvent { action=ACTION_UP, keyCode=KEYCODE_CONTACTS, scanCode=0, metaState=0, flags=0x80000008, repeatCount=0, eventTime=270819, downTime=270819, deviceId=-1, source=0x101 }
D/InputEventConsistencyVerifier( 1058):   2: sent at 270788000000, (unhandled) MotionEvent { action=ACTION_UP, id[0]=0, x[0]=167.0, y[0]=501.0, toolType[0]=TOOL_TYPE_UNKNOWN, buttonState=0, metaState=0, flags=0x0, edgeFlags=0x0, pointerCount=1, historySize=0, eventTime=270788, downTime=270718, deviceId=0, source=0x1002 }
D/InputEventConsistencyVerifier( 1058):   3: sent at 270786000000, (unhandled) MotionEvent { action=ACTION_POINTER_UP(1), id[0]=0, x[0]=164.0, y[0]=498.0, toolType[0]=TOOL_TYPE_UNKNOWN, id[1]=1, x[1]=41.0, y[1]=237.0, toolType[1]=TOOL_TYPE_UNKNOWN, buttonState=0, metaState=0, flags=0x0, edgeFlags=0x0, pointerCount=2, historySize=0, eventTime=270786, downTime=270718, deviceId=0, source=0x1002 }
D/InputEventConsistencyVerifier( 1058):   4: sent at 270783000000, (unhandled) MotionEvent { action=ACTION_MOVE, id[0]=0, x[0]=164.0, y[0]=496.0, toolType[0]=TOOL_TYPE_UNKNOWN, id[1]=1, x[1]=40.0, y[1]=237.0, toolType[1]=TOOL_TYPE_UNKNOWN, buttonState=0, metaState=0, flags=0x0, edgeFlags=0x0, pointerCount=2, historySize=4, eventTime=270783, downTime=270718, deviceId=0, source=0x1002 }
D/InputEventConsistencyVerifier( 1058):   5: sent at 270741000000, (unhandled) MotionEvent { action=ACTION_POINTER_DOWN(1), id[0]=0, x[0]=151.0, y[0]=480.0, toolType[0]=TOOL_TYPE_UNKNOWN, id[1]=1, x[1]=35.0, y[1]=235.0, toolType[1]=TOOL_TYPE_UNKNOWN, buttonState=0, metaState=0, flags=0x0, edgeFlags=0x0, pointerCount=2, historySize=0, eventTime=270741, downTime=270718, deviceId=0, source=0x1002 }
I/Choreographer( 1058): Skipped 56 frames!  The application may be doing too much work on its main thread.
D/InputEventConsistencyVerifier( 1058): KeyEvent: ACTION_UP but key was not down.
D/InputEventConsistencyVerifier( 1058):   in com.android.internal.policy.impl.PhoneWindow$DecorView@b3fa44f0
D/InputEventConsistencyVerifier( 1058):   0: sent at 271313000000, KeyEvent { action=ACTION_UP, keyCode=KEYCODE_DPAD_RIGHT, scanCode=0, metaState=0, flags=0x400, repeatCount=0, eventTime=271313, downTime=271313, deviceId=-1, source=0x101 }
D/InputEventConsistencyVerifier( 1058):   -- recent events --
D/InputEventConsistencyVerifier( 1058):   1: sent at 271282000000, (unhandled) MotionEvent { action=ACTION_MOVE, id[0]=0, x[0]=310.0, y[0]=303.0, toolType[0]=TOOL_TYPE_UNKNOWN, id[1]=1, x[1]=360.0, y[1]=495.0, toolType[1]=TOOL_TYPE_UNKNOWN, buttonState=0, metaState=0, flags=0x0, edgeFlags=0x0, pointerCount=2, historySize=4, eventTime=271282, downTime=271233, deviceId=0, source=0x1002 }
D/InputEventConsistencyVerifier( 1058):   2: sent at 271242000000, (unhandled) MotionEvent { action=ACTION_POINTER_DOWN(1), id[0]=0, x[0]=306.0, y[0]=281.0, toolType[0]=TOOL_TYPE_UNKNOWN, id[1]=1, x[1]=329.0, y[1]=470.0, toolType[1]=TOOL_TYPE_UNKNOWN, buttonState=0, metaState=0, flags=0x0, edgeFlags=0x0, pointerCount=2, historySize=0, eventTime=271242, downTime=271233, deviceId=0, source=0x1002 }
D/InputEventConsistencyVerifier( 1058):   3: sent at 271237000000, (unhandled) MotionEvent { action=ACTION_DOWN, id[0]=0, x[0]=306.0, y[0]=280.0, toolType[0]=TOOL_TYPE_UNKNOWN, buttonState=0, metaState=0, flags=0x0, edgeFlags=0x0, pointerCount=1, historySize=0, eventTime=271237, downTime=271233, deviceId=0, source=0x1002 }
D/InputEventConsistencyVerifier( 1058):   4: sent at 271216000000, (unhandled) MotionEvent { action=ACTION_UP, id[0]=0, x[0]=157.0, y[0]=584.0, toolType[0]=TOOL_TYPE_UNKNOWN, buttonState=0, metaState=0, flags=0x0, edgeFlags=0x0, pointerCount=1, historySize=0, eventTime=271216, downTime=271190, deviceId=0, source=0x1002 }
D/InputEventConsistencyVerifier( 1058):   5: sent at 271190000000, (unhandled) MotionEvent { action=ACTION_DOWN, id[0]=0, x[0]=168.0, y[0]=562.0, toolType[0]=TOOL_TYPE_UNKNOWN, buttonState=0, metaState=0, flags=0x0, edgeFlags=0x0, pointerCount=1, historySize=0, eventTime=271190, downTime=271190, deviceId=0, source=0x1002 }
D/InputEventConsistencyVerifier( 1058): KeyEvent: ACTION_UP but key was not down.
D/InputEventConsistencyVerifier( 1058):   in com.android.internal.policy.impl.PhoneWindow$DecorView@b3fa44f0
D/InputEventConsistencyVerifier( 1058):   0: sent at 271637000000, KeyEvent { action=ACTION_UP, keyCode=KEYCODE_DPAD_LEFT, scanCode=0, metaState=0, flags=0x8, repeatCount=0, eventTime=271637, downTime=271637, deviceId=-1, source=0x101 }
D/InputEventConsistencyVerifier( 1058):   -- recent events --
D/InputEventConsistencyVerifier( 1058):   1: sent at 271579000000, (unhandled) MotionEvent { action=ACTION_UP, id[0]=0, x[0]=254.0, y[0]=520.0, toolType[0]=TOOL_TYPE_UNKNOWN, buttonState=0, metaState=0, flags=0x0, edgeFlags=0x0, pointerCount=1, historySize=0, eventTime=271579, downTime=271574, deviceId=0, source=0x1002 }
D/InputEventConsistencyVerifier( 1058):   2: sent at 271575000000, (unhandled) MotionEvent { action=ACTION_DOWN, id[0]=0, x[0]=255.0, y[0]=521.0, toolType[0]=TOOL_TYPE_UNKNOWN, buttonState=0, metaState=0, flags=0x0, edgeFlags=0x0, pointerCount=1, historySize=0, eventTime=271575, downTime=271574, deviceId=0, source=0x1002 }
D/InputEventConsistencyVerifier( 1058):   3: sent at 271568000000, (unhandled) MotionEvent { action=ACTION_UP, id[0]=0, x[0]=244.0, y[0]=616.0, toolType[0]=TOOL_TYPE_UNKNOWN, buttonState=0, metaState=0, flags=0x0, edgeFlags=0x0, pointerCount=1, historySize=0, eventTime=271568, downTime=271563, deviceId=0, source=0x1002 }
D/InputEventConsistencyVerifier( 1058):   4: sent at 271564000000, (unhandled) MotionEvent { action=ACTION_DOWN, id[0]=0, x[0]=235.0, y[0]=634.0, toolType[0]=TOOL_TYPE_UNKNOWN, buttonState=0, metaState=0, flags=0x0, edgeFlags=0x0, pointerCount=1, historySize=0, eventTime=271564, downTime=271563, deviceId=0, source=0x1002 }
D/InputEventConsistencyVerifier( 1058):   5: sent at 271544000000, (unhandled) KeyEvent { action=ACTION_UP, keyCode=KEYCODE_DPAD_CENTER, scanCode=0, metaState=0, flags=0x8, repeatCount=0, eventTime=271544, downTime=271544, deviceId=-1, source=0x101 }
D/InputEventConsistencyVerifier( 1058): KeyEvent: ACTION_UP but key was not down.
D/InputEventConsistencyVerifier( 1058):   in com.android.internal.policy.impl.PhoneWindow$DecorView@b3fa44f0
D/InputEventConsistencyVerifier( 1058):   0: sent at 272026000000, KeyEvent { action=ACTION_UP, keyCode=KEYCODE_DPAD_DOWN, scanCode=0, metaState=0, flags=0x400, repeatCount=0, eventTime=272026, downTime=272026, deviceId=-1, source=0x101 }
D/InputEventConsistencyVerifier( 1058):   -- recent events --
D/InputEventConsistencyVerifier( 1058):   1: sent at 272001000000, (unhandled) MotionEvent { action=ACTION_MOVE, id[0]=0, x[0]=-2.0, y[0]=4.0, toolType[0]=TOOL_TYPE_UNKNOWN, buttonState=0, metaState=0, flags=0x0, edgeFlags=0x0, pointerCount=1, historySize=9, eventTime=272001, downTime=-1, deviceId=0, source=0x10004 }
D/InputEventConsistencyVerifier( 1058):   2: sent at 271962000000, (unhandled) MotionEvent { action=ACTION_UP, id[0]=0, x[0]=59.0, y[0]=282.0, toolType[0]=TOOL_TYPE_UNKNOWN, buttonState=0, metaState=0, flags=0x0, edgeFlags=0x0, pointerCount=1, historySize=0, eventTime=271962, downTime=271956, deviceId=0, source=0x1002 }
D/InputEventConsistencyVerifier( 1058):   3: sent at 271956000000, (unhandled) MotionEvent { action=ACTION_DOWN, id[0]=0, x[0]=52.0, y[0]=281.0, toolType[0]=TOOL_TYPE_UNKNOWN, buttonState=0, metaState=0, flags=0x0, edgeFlags=0x0, pointerCount=1, historySize=0, eventTime=271956, downTime=271956, deviceId=0, source=0x1002 }
D/InputEventConsistencyVerifier( 1058):   4: sent at 271929000000, (unhandled) MotionEvent { action=ACTION_UP, id[0]=0, x[0]=165.0, y[0]=142.0, toolType[0]=TOOL_TYPE_UNKNOWN, buttonState=0, metaState=0, flags=0x0, edgeFlags=0x0, pointerCount=1, historySize=0, eventTime=271929, downTime=271922, deviceId=0, source=0x1002 }
D/InputEventConsistencyVerifier( 1058):   5: sent at 271922000000, (unhandled) MotionEvent { action=ACTION_DOWN, id[0]=0, x[0]=155.0, y[0]=143.0, toolType[0]=TOOL_TYPE_UNKNOWN, buttonState=0, metaState=0, flags=0x0, edgeFlags=0x0, pointerCount=1, historySize=0, eventTime=271922, downTime=271922, deviceId=0, source=0x1002 }
D/InputEventConsistencyVerifier( 1058): TrackballEvent: Trackball is down but pressure is not greater than 0.
D/InputEventConsistencyVerifier( 1058):   in android.view.ViewRootImpl@b3ef1c70
D/InputEventConsistencyVerifier( 1058):   0: sent at 272005000000, MotionEvent { action=ACTION_DOWN, id[0]=0, x[0]=0.0, y[0]=0.0, toolType[0]=TOOL_TYPE_UNKNOWN, buttonState=0, metaState=0, flags=0x0, edgeFlags=0x0, pointerCount=1, historySize=0, eventTime=272005, downTime=271968, deviceId=0, source=0x10004 }
D/InputEventConsistencyVerifier( 1058):   -- recent events --
D/InputEventConsistencyVerifier( 1058):   1: sent at 272029000000, KeyEvent { action=ACTION_UP, keyCode=KEYCODE_DPAD_DOWN, scanCode=0, metaState=0, flags=0x400, repeatCount=0, eventTime=272029, downTime=272029, deviceId=-1, source=0x101 }
D/InputEventConsistencyVerifier( 1058):   2: sent at 272029000000, KeyEvent { action=ACTION_DOWN, keyCode=KEYCODE_DPAD_DOWN, scanCode=0, metaState=0, flags=0x400, repeatCount=0, eventTime=272029, downTime=272029, deviceId=-1, source=0x101 }
D/InputEventConsistencyVerifier( 1058):   3: sent at 272028000000, KeyEvent { action=ACTION_UP, keyCode=KEYCODE_DPAD_DOWN, scanCode=0, metaState=0, flags=0x400, repeatCount=0, eventTime=272028, downTime=272028, deviceId=-1, source=0x101 }
D/InputEventConsistencyVerifier( 1058):   4: sent at 272028000000, KeyEvent { action=ACTION_DOWN, keyCode=KEYCODE_DPAD_DOWN, scanCode=0, metaState=0, flags=0x400, repeatCount=0, eventTime=272028, downTime=272028, deviceId=-1, source=0x101 }
D/InputEventConsistencyVerifier( 1058):   5: sent at 272027000000, KeyEvent { action=ACTION_UP, keyCode=KEYCODE_DPAD_DOWN, scanCode=0, metaState=0, flags=0x400, repeatCount=0, eventTime=272027, downTime=272027, deviceId=-1, source=0x101 }
D/InputEventConsistencyVerifier( 1058): TouchEvent: ACTION_DOWN but pointers are already down.  Probably missing ACTION_UP from previous gesture.
D/InputEventConsistencyVerifier( 1058):   in com.android.internal.policy.impl.PhoneWindow$DecorView@b4611770
D/InputEventConsistencyVerifier( 1058):   0: sent at 272644000000, MotionEvent { action=ACTION_DOWN, id[0]=0, x[0]=34.0, y[0]=-740.0, toolType[0]=TOOL_TYPE_UNKNOWN, buttonState=0, metaState=0, flags=0x0, edgeFlags=0x0, pointerCount=1, historySize=0, eventTime=272644, downTime=272644, deviceId=0, source=0x1002 }
D/InputEventConsistencyVerifier( 1058):   -- recent events --
D/InputEventConsistencyVerifier( 1058):   1: sent at 272635000000, (unhandled) KeyEvent { action=ACTION_UP, keyCode=KEYCODE_DPAD_CENTER, scanCode=0, metaState=0, flags=0x8, repeatCount=0, eventTime=272635, downTime=272635, deviceId=-1, source=0x101 }
D/InputEventConsistencyVerifier( 1058):   2: sent at 272617000000, (unhandled) KeyEvent { action=ACTION_DOWN, keyCode=KEYCODE_DPAD_CENTER, scanCode=0, metaState=0, flags=0x8, repeatCount=0, eventTime=272617, downTime=272617, deviceId=-1, source=0x101 }
D/InputEventConsistencyVerifier( 1058):   3: sent at 272611000000, (unhandled) KeyEvent { action=ACTION_UP, keyCode=KEYCODE_MENU, scanCode=0, metaState=0, flags=0x8, repeatCount=0, eventTime=272611, downTime=272611, deviceId=-1, source=0x101 }
D/InputEventConsistencyVerifier( 1058):   4: sent at 272601000000, (unhandled) KeyEvent { action=ACTION_DOWN, keyCode=KEYCODE_MENU, scanCode=0, metaState=0, flags=0x8, repeatCount=0, eventTime=272601, downTime=272601, deviceId=-1, source=0x101 }
D/InputEventConsistencyVerifier( 1058):   5: sent at 272577000000, (unhandled) MotionEvent { action=ACTION_MOVE, id[0]=0, x[0]=-1.0, y[0]=0.0, toolType[0]=TOOL_TYPE_UNKNOWN, buttonState=0, metaState=0, flags=0x0, edgeFlags=0x0, pointerCount=1, historySize=9, eventTime=272577, downTime=-1, deviceId=0, source=0x10004 }
D/InputEventConsistencyVerifier( 1058): KeyEvent: ACTION_UP but key was not down.
D/InputEventConsistencyVerifier( 1058):   in android.view.ViewRootImpl@b3ebdb90
D/InputEventConsistencyVerifier( 1058):   0: sent at 272670000000, KeyEvent { action=ACTION_UP, keyCode=KEYCODE_LANGUAGE_SWITCH, scanCode=0, metaState=0, flags=0x8, repeatCount=0, eventTime=272670, downTime=272670, deviceId=-1, source=0x101 }
D/InputEventConsistencyVerifier( 1058):   -- recent events --
D/InputEventConsistencyVerifier( 1058):   1: sent at 272661000000, MotionEvent { action=ACTION_UP, id[0]=0, x[0]=20.0, y[0]=-744.0, toolType[0]=TOOL_TYPE_UNKNOWN, buttonState=0, metaState=0, flags=0x0, edgeFlags=0x0, pointerCount=1, historySize=0, eventTime=272661, downTime=272644, deviceId=0, source=0x1002 }
D/InputEventConsistencyVerifier( 1058):   2: sent at 272644000000, MotionEvent { action=ACTION_DOWN, id[0]=0, x[0]=34.0, y[0]=-740.0, toolType[0]=TOOL_TYPE_UNKNOWN, buttonState=0, metaState=0, flags=0x0, edgeFlags=0x0, pointerCount=1, historySize=0, eventTime=272644, downTime=272644, deviceId=0, source=0x1002 }
D/InputEventConsistencyVerifier( 1058):   3: sent at 272635000000, KeyEvent { action=ACTION_UP, keyCode=KEYCODE_DPAD_CENTER, scanCode=0, metaState=0, flags=0x8, repeatCount=0, eventTime=272635, downTime=272635, deviceId=-1, source=0x101 }
D/InputEventConsistencyVerifier( 1058):   4: sent at 272617000000, KeyEvent { action=ACTION_DOWN, keyCode=KEYCODE_DPAD_CENTER, scanCode=0, metaState=0, flags=0x8, repeatCount=0, eventTime=272617, downTime=272617, deviceId=-1, source=0x101 }
D/InputEventConsistencyVerifier( 1058):   5: sent at 272611000000, KeyEvent { action=ACTION_UP, keyCode=KEYCODE_MENU, scanCode=0, metaState=0, flags=0x8, repeatCount=0, eventTime=272611, downTime=272611, deviceId=-1, source=0x101 }
W/WindowManager(  229): Failure taking screenshot for (246x410) to layer 21020
I/Choreographer( 1058): Skipped 91 frames!  The application may be doing too much work on its main thread.
V/PhoneStatusBar(  417): setLightsOn(true)
I/ActivityManager(  229): START {act=android.intent.action.MAIN cat=[android.intent.category.LAUNCHER] flg=0x10200000 cmp=com.gp.lights/.ALuces u=0} from pid 1013
D/InputEventConsistencyVerifier( 1058): KeyEvent: ACTION_UP but key was not down.
D/InputEventConsistencyVerifier( 1058):   in android.view.ViewRootImpl@b3e2d8f0
D/InputEventConsistencyVerifier( 1058):   0: sent at 273183000000, KeyEvent { action=ACTION_UP, keyCode=KEYCODE_DPAD_RIGHT, scanCode=0, metaState=0, flags=0x8, repeatCount=0, eventTime=273183, downTime=273183, deviceId=-1, source=0x101 }
D/InputEventConsistencyVerifier( 1058):   -- recent events --
D/InputEventConsistencyVerifier( 1058):   1: sent at 259051000000, MotionEvent { action=ACTION_UP, id[0]=0, x[0]=318.0, y[0]=336.0, toolType[0]=TOOL_TYPE_UNKNOWN, buttonState=0, metaState=0, flags=0x0, edgeFlags=0x0, pointerCount=1, historySize=0, eventTime=259051, downTime=259045, deviceId=0, source=0x1002 }
D/InputEventConsistencyVerifier( 1058):   2: sent at 259045000000, MotionEvent { action=ACTION_DOWN, id[0]=0, x[0]=324.0, y[0]=335.0, toolType[0]=TOOL_TYPE_UNKNOWN, buttonState=0, metaState=0, flags=0x0, edgeFlags=0x0, pointerCount=1, historySize=0, eventTime=259045, downTime=259045, deviceId=0, source=0x1002 }
D/InputEventConsistencyVerifier( 1058):   3: sent at 258864000000, KeyEvent { action=ACTION_UP, keyCode=KEYCODE_ENVELOPE, scanCode=0, metaState=0, flags=0x80000008, repeatCount=0, eventTime=258864, downTime=258864, deviceId=-1, source=0x101 }
D/InputEventConsistencyVerifier( 1058):   4: sent at 258667000000, KeyEvent { action=ACTION_UP, keyCode=KEYCODE_DPAD_DOWN, scanCode=0, metaState=0, flags=0x8, repeatCount=0, eventTime=258667, downTime=258667, deviceId=-1, source=0x101 }
D/InputEventConsistencyVerifier( 1058):   5: sent at 258518000000, KeyEvent { action=ACTION_DOWN, keyCode=KEYCODE_DPAD_DOWN, scanCode=0, metaState=0, flags=0x8, repeatCount=0, eventTime=258518, downTime=258518, deviceId=-1, source=0x101 }
I/Choreographer( 1058): Skipped 43 frames!  The application may be doing too much work on its main thread.
D/InputEventConsistencyVerifier( 1058): KeyEvent: ACTION_UP but key was not down.
D/InputEventConsistencyVerifier( 1058):   in com.android.internal.policy.impl.PhoneWindow$DecorView@b3e52110
D/InputEventConsistencyVerifier( 1058):   0: sent at 273823000000, KeyEvent { action=ACTION_UP, keyCode=KEYCODE_DPAD_RIGHT, scanCode=0, metaState=0, flags=0x8, repeatCount=0, eventTime=273823, downTime=273823, deviceId=-1, source=0x101 }
D/InputEventConsistencyVerifier( 1058):   -- recent events --
D/InputEventConsistencyVerifier( 1058):   1: sent at 273183000000, (unhandled) KeyEvent { action=ACTION_UP, keyCode=KEYCODE_DPAD_RIGHT, scanCode=0, metaState=0, flags=0x80000008, repeatCount=0, eventTime=273183, downTime=273183, deviceId=-1, source=0x101 }
D/InputEventConsistencyVerifier( 1058):   2: sent at 259051000000, MotionEvent { action=ACTION_UP, id[0]=0, x[0]=318.0, y[0]=336.0, toolType[0]=TOOL_TYPE_UNKNOWN, buttonState=0, metaState=0, flags=0x0, edgeFlags=0x0, pointerCount=1, historySize=0, eventTime=259051, downTime=259045, deviceId=0, source=0x1002 }
D/InputEventConsistencyVerifier( 1058):   3: sent at 259045000000, MotionEvent { action=ACTION_DOWN, id[0]=0, x[0]=324.0, y[0]=335.0, toolType[0]=TOOL_TYPE_UNKNOWN, buttonState=0, metaState=0, flags=0x0, edgeFlags=0x0, pointerCount=1, historySize=0, eventTime=259045, downTime=259045, deviceId=0, source=0x1002 }
D/InputEventConsistencyVerifier( 1058):   4: sent at 258864000000, (unhandled) KeyEvent { action=ACTION_UP, keyCode=KEYCODE_ENVELOPE, scanCode=0, metaState=0, flags=0x80000008, repeatCount=0, eventTime=258864, downTime=258864, deviceId=-1, source=0x101 }
D/InputEventConsistencyVerifier( 1058):   5: sent at 258667000000, (unhandled) KeyEvent { action=ACTION_UP, keyCode=KEYCODE_DPAD_DOWN, scanCode=0, metaState=0, flags=0x80000008, repeatCount=0, eventTime=258667, downTime=258667, deviceId=-1, source=0x101 }
I/Choreographer( 1058): Skipped 30 frames!  The application may be doing too much work on its main thread.
D/InputEventConsistencyVerifier( 1058): TrackballEvent: Trackball is down but pressure is not greater than 0.
D/InputEventConsistencyVerifier( 1058):   in android.view.ViewRootImpl@b3e2d8f0
D/InputEventConsistencyVerifier( 1058):   0: sent at 274952000000, MotionEvent { action=ACTION_DOWN, id[0]=0, x[0]=0.0, y[0]=0.0, toolType[0]=TOOL_TYPE_UNKNOWN, buttonState=0, metaState=0, flags=0x0, edgeFlags=0x0, pointerCount=1, historySize=0, eventTime=274952, downTime=274900, deviceId=0, source=0x10004 }
D/InputEventConsistencyVerifier( 1058):   -- recent events --
D/InputEventConsistencyVerifier( 1058):   1: sent at 274950000000, MotionEvent { action=ACTION_MOVE, id[0]=0, x[0]=-2.0, y[0]=1.0, toolType[0]=TOOL_TYPE_UNKNOWN, buttonState=0, metaState=0, flags=0x0, edgeFlags=0x0, pointerCount=1, historySize=9, eventTime=274950, downTime=-1, deviceId=0, source=0x10004 }
D/InputEventConsistencyVerifier( 1058):   2: sent at 274878000000, KeyEvent { action=ACTION_UP, keyCode=KEYCODE_MENU, scanCode=0, metaState=0, flags=0x8, repeatCount=0, eventTime=274878, downTime=274878, deviceId=-1, source=0x101 }
D/InputEventConsistencyVerifier( 1058):   3: sent at 274844000000, KeyEvent { action=ACTION_DOWN, keyCode=KEYCODE_MENU, scanCode=0, metaState=0, flags=0x8, repeatCount=0, eventTime=274844, downTime=274844, deviceId=-1, source=0x101 }
D/InputEventConsistencyVerifier( 1058):   4: sent at 274804000000, KeyEvent { action=ACTION_UP, keyCode=KEYCODE_DPAD_CENTER, scanCode=0, metaState=0, flags=0x8, repeatCount=0, eventTime=274804, downTime=274804, deviceId=-1, source=0x101 }
D/InputEventConsistencyVerifier( 1058):   5: sent at 274804000000, KeyEvent { action=ACTION_UP, keyCode=KEYCODE_BUTTON_11, scanCode=0, metaState=0, flags=0x8, repeatCount=0, eventTime=274804, downTime=274804, deviceId=-1, source=0x101 }
I/Choreographer( 1058): Skipped 30 frames!  The application may be doing too much work on its main thread.
W/InputMethodManagerService(  229): Window already focused, ignoring focus gain of: com.android.internal.view.IInputMethodClient$Stub$Proxy@b3ec2f88 attribute=null
D/InputEventConsistencyVerifier( 1058): KeyEvent: ACTION_UP but key was not down.
D/InputEventConsistencyVerifier( 1058):   in com.android.internal.policy.impl.PhoneWindow$DecorView@b3e52110
D/InputEventConsistencyVerifier( 1058):   0: sent at 276024000000, KeyEvent { action=ACTION_UP, keyCode=KEYCODE_DPAD_CENTER, scanCode=0, metaState=0, flags=0x8, repeatCount=0, eventTime=276024, downTime=276024, deviceId=-1, source=0x101 }
D/InputEventConsistencyVerifier( 1058):   -- recent events --
D/InputEventConsistencyVerifier( 1058):   1: sent at 275771000000, (unhandled) KeyEvent { action=ACTION_UP, keyCode=KEYCODE_VOLUME_UP, scanCode=0, metaState=0, flags=0x8, repeatCount=0, eventTime=275771, downTime=275771, deviceId=-1, source=0x101 }
D/InputEventConsistencyVerifier( 1058):   2: sent at 275652000000, (unhandled) KeyEvent { action=ACTION_DOWN, keyCode=KEYCODE_VOLUME_UP, scanCode=0, metaState=0, flags=0x8, repeatCount=0, eventTime=275652, downTime=275652, deviceId=-1, source=0x101 }
D/InputEventConsistencyVerifier( 1058):   3: sent at 275630000000, (unhandled) MotionEvent { action=ACTION_UP, id[0]=0, x[0]=73.0, y[0]=485.0, toolType[0]=TOOL_TYPE_UNKNOWN, buttonState=0, metaState=0, flags=0x0, edgeFlags=0x0, pointerCount=1, historySize=0, eventTime=275630, downTime=275561, deviceId=0, source=0x1002 }
D/InputEventConsistencyVerifier( 1058):   4: sent at 275627000000, (unhandled) MotionEvent { action=ACTION_MOVE, id[0]=0, x[0]=76.0, y[0]=471.0, toolType[0]=TOOL_TYPE_UNKNOWN, buttonState=0, metaState=0, flags=0x0, edgeFlags=0x0, pointerCount=1, historySize=0, eventTime=275627, downTime=275561, deviceId=0, source=0x1002 }
D/InputEventConsistencyVerifier( 1058):   5: sent at 275562000000, (unhandled) MotionEvent { action=ACTION_DOWN, id[0]=0, x[0]=82.0, y[0]=458.0, toolType[0]=TOOL_TYPE_UNKNOWN, buttonState=0, metaState=0, flags=0x0, edgeFlags=0x0, pointerCount=1, historySize=0, eventTime=275562, downTime=275561, deviceId=0, source=0x1002 }
I/Choreographer( 1058): Skipped 47 frames!  The application may be doing too much work on its main thread.
D/InputEventConsistencyVerifier( 1058): KeyEvent: ACTION_UP but key was not down.
D/InputEventConsistencyVerifier( 1058):   in com.android.internal.policy.impl.PhoneWindow$DecorView@b3e52110
D/InputEventConsistencyVerifier( 1058):   0: sent at 276413000000, KeyEvent { action=ACTION_UP, keyCode=KEYCODE_DPAD_CENTER, scanCode=0, metaState=0, flags=0x8, repeatCount=0, eventTime=276413, downTime=276413, deviceId=-1, source=0x101 }
D/InputEventConsistencyVerifier( 1058):   -- recent events --
D/InputEventConsistencyVerifier( 1058):   1: sent at 276298000000, (unhandled) MotionEvent { action=ACTION_UP, id[0]=0, x[0]=388.0, y[0]=730.0, toolType[0]=TOOL_TYPE_UNKNOWN, buttonState=0, metaState=0, flags=0x0, edgeFlags=0x0, pointerCount=1, historySize=0, eventTime=276298, downTime=276178, deviceId=0, source=0x1002 }
D/InputEventConsistencyVerifier( 1058):   2: sent at 276295000000, (unhandled) MotionEvent { action=ACTION_MOVE, id[0]=0, x[0]=395.0, y[0]=719.0, toolType[0]=TOOL_TYPE_UNKNOWN, buttonState=0, metaState=0, flags=0x0, edgeFlags=0x0, pointerCount=1, historySize=0, eventTime=276295, downTime=276178, deviceId=0, source=0x1002 }
D/InputEventConsistencyVerifier( 1058):   3: sent at 276210500000, (unhandled) MotionEvent { action=ACTION_MOVE, id[0]=0, x[0]=404.0, y[0]=717.0, toolType[0]=TOOL_TYPE_UNKNOWN, buttonState=0, metaState=0, flags=0x0, edgeFlags=0x0, pointerCount=1, historySize=4, eventTime=276210, downTime=276178, deviceId=0, source=0x1002 }
D/InputEventConsistencyVerifier( 1058):   4: sent at 276180000000, (unhandled) MotionEvent { action=ACTION_DOWN, id[0]=0, x[0]=429.0, y[0]=695.0, toolType[0]=TOOL_TYPE_UNKNOWN, buttonState=0, metaState=0, flags=0x0, edgeFlags=0x0, pointerCount=1, historySize=0, eventTime=276180, downTime=276178, deviceId=0, source=0x1002 }
D/InputEventConsistencyVerifier( 1058):   5: sent at 276149000000, (unhandled) KeyEvent { action=ACTION_UP, keyCode=KEYCODE_NUMPAD_EQUALS, scanCode=0, metaState=0, flags=0x8, repeatCount=0, eventTime=276149, downTime=276149, deviceId=-1, source=0x101 }
I/ActivityManager(  229): START {act=android.intent.action.MAIN cat=[android.intent.category.LAUNCHER] flg=0x10200000 cmp=com.gp.lights/.ALuces u=0} from pid 1013
I/Choreographer( 1058): Skipped 54 frames!  The application may be doing too much work on its main thread.
I/Choreographer( 1058): Skipped 39 frames!  The application may be doing too much work on its main thread.
W/InputMethodManagerService(  229): Window already focused, ignoring focus gain of: com.android.internal.view.IInputMethodClient$Stub$Proxy@b3ed26a0 attribute=android.view.inputmethod.EditorInfo@b3ed26b8
D/InputEventConsistencyVerifier( 1058): KeyEvent: ACTION_UP but key was not down.
D/InputEventConsistencyVerifier( 1058):   in android.view.ViewRootImpl@b3e2d8f0
D/InputEventConsistencyVerifier( 1058):   0: sent at 277573000000, KeyEvent { action=ACTION_UP, keyCode=KEYCODE_MENU, scanCode=0, metaState=0, flags=0x8, repeatCount=0, eventTime=277573, downTime=277573, deviceId=-1, source=0x101 }
D/InputEventConsistencyVerifier( 1058):   -- recent events --
D/InputEventConsistencyVerifier( 1058):   1: sent at 276983000000, MotionEvent { action=ACTION_MOVE, id[0]=0, x[0]=1.0, y[0]=0.0, toolType[0]=TOOL_TYPE_UNKNOWN, buttonState=0, metaState=0, flags=0x0, edgeFlags=0x0, pointerCount=1, historySize=9, eventTime=276983, downTime=-1, deviceId=0, source=0x10004 }
D/InputEventConsistencyVerifier( 1058):   2: sent at 277214000000, MotionEvent { action=ACTION_UP, id[0]=0, x[0]=1.0, y[0]=798.0, toolType[0]=TOOL_TYPE_UNKNOWN, buttonState=0, metaState=0, flags=0x0, edgeFlags=0x0, pointerCount=1, historySize=0, eventTime=277214, downTime=277204, deviceId=0, source=0x1002 }
D/InputEventConsistencyVerifier( 1058):   3: sent at 277204000000, MotionEvent { action=ACTION_DOWN, id[0]=0, x[0]=1.0, y[0]=794.0, toolType[0]=TOOL_TYPE_UNKNOWN, buttonState=0, metaState=0, flags=0x0, edgeFlags=0x0, pointerCount=1, historySize=0, eventTime=277204, downTime=277204, deviceId=0, source=0x1002 }
D/InputEventConsistencyVerifier( 1058):   4: sent at 277076000000, MotionEvent { action=ACTION_UP, id[0]=0, x[0]=190.0, y[0]=689.0, toolType[0]=TOOL_TYPE_UNKNOWN, buttonState=0, metaState=0, flags=0x0, edgeFlags=0x0, pointerCount=1, historySize=0, eventTime=277076, downTime=277061, deviceId=0, source=0x1002 }
D/InputEventConsistencyVerifier( 1058):   5: sent at 277061000000, MotionEvent { action=ACTION_DOWN, id[0]=0, x[0]=201.0, y[0]=692.0, toolType[0]=TOOL_TYPE_UNKNOWN, buttonState=0, metaState=0, flags=0x0, edgeFlags=0x0, pointerCount=1, historySize=0, eventTime=277061, downTime=277061, deviceId=0, source=0x1002 }
W/DroidBox( 1107): DroidBox: { "ServiceStart": { "name": "com.android.music.MediaPlaybackService" } }
W/DroidBox( 1107): DroidBox: { "ServiceStart": { "name": "com.android.music.MediaPlaybackService" } }
I/Choreographer( 1058): Skipped 67 frames!  The application may be doing too much work on its main thread.
I/AudioService(  229):  AudioFocus  requestAudioFocus() from android.media.AudioManager@b3e54e20com.android.music.MediaPlaybackService$3@b3e53658
I/AudioService(  229):   Remote Control   registerMediaButtonIntent() for PendingIntent{b4174928: PendingIntentRecord{b40969f0 com.android.music broadcastIntent}}
I/ActivityManager(  229): START {act=android.intent.action.MAIN cat=[android.intent.category.LAUNCHER] flg=0x10200000 cmp=com.gp.lights/.ALuces u=0} from pid 1013
I/Choreographer( 1058): Skipped 59 frames!  The application may be doing too much work on its main thread.
W/InputMethodManagerService(  229): Window already focused, ignoring focus gain of: com.android.internal.view.IInputMethodClient$Stub$Proxy@b3fc25b0 attribute=null
D/InputEventConsistencyVerifier( 1058): KeyEvent: ACTION_UP but key was not down.
D/InputEventConsistencyVerifier( 1058):   in com.android.internal.policy.impl.PhoneWindow$DecorView@b3e52110
D/InputEventConsistencyVerifier( 1058):   0: sent at 278817000000, KeyEvent { action=ACTION_UP, keyCode=KEYCODE_DPAD_RIGHT, scanCode=0, metaState=0, flags=0x400, repeatCount=0, eventTime=278817, downTime=278817, deviceId=-1, source=0x101 }
D/InputEventConsistencyVerifier( 1058):   -- recent events --
D/InputEventConsistencyVerifier( 1058):   1: sent at 278803000000, (unhandled) MotionEvent { action=ACTION_MOVE, id[0]=0, x[0]=4.0, y[0]=-2.0, toolType[0]=TOOL_TYPE_UNKNOWN, buttonState=0, metaState=0, flags=0x0, edgeFlags=0x0, pointerCount=1, historySize=15, eventTime=278803, downTime=-1, deviceId=0, source=0x10004 }
D/InputEventConsistencyVerifier( 1058):   2: sent at 278466000000, (unhandled) KeyEvent { action=ACTION_UP, keyCode=KEYCODE_SCROLL_LOCK, scanCode=0, metaState=0, flags=0x8, repeatCount=0, eventTime=278466, downTime=278466, deviceId=-1, source=0x101 }
D/InputEventConsistencyVerifier( 1058):   3: sent at 278461000000, (unhandled) KeyEvent { action=ACTION_DOWN, keyCode=KEYCODE_SCROLL_LOCK, scanCode=0, metaState=0, flags=0x8, repeatCount=0, eventTime=278461, downTime=278461, deviceId=-1, source=0x101 }
D/InputEventConsistencyVerifier( 1058):   4: sent at 277967000000, (unhandled) MotionEvent { action=ACTION_UP, id[0]=0, x[0]=389.0, y[0]=622.0, toolType[0]=TOOL_TYPE_UNKNOWN, buttonState=0, metaState=0, flags=0x0, edgeFlags=0x0, pointerCount=1, historySize=0, eventTime=277967, downTime=277933, deviceId=0, source=0x1002 }
D/InputEventConsistencyVerifier( 1058):   5: sent at 277933000000, (unhandled) MotionEvent { action=ACTION_DOWN, id[0]=0, x[0]=388.0, y[0]=618.0, toolType[0]=TOOL_TYPE_UNKNOWN, buttonState=0, metaState=0, flags=0x0, edgeFlags=0x0, pointerCount=1, historySize=0, eventTime=277933, downTime=277933, deviceId=0, source=0x1002 }
I/ActivityManager(  229): START {cmp=com.gp.lights/.AScores u=0} from pid 1058
W/WindowManager(  229): Failure taking screenshot for (246x410) to layer 21010
D/com.gp.lights.AScores( 1058): PROBANDO ANCHO CALCULADO, DEBE SER 48.0 ?? = 20 
D/com.gp.lights.AScores( 1058): PROBANDO ANCHO CALCULADO, DEBE SER 48 ?? = 20 
V/PhoneStatusBar(  417): setLightsOn(true)
D/InputEventConsistencyVerifier( 1058): KeyEvent: ACTION_UP but key was not down.
D/InputEventConsistencyVerifier( 1058):   in com.android.internal.policy.impl.PhoneWindow$DecorView@b46d7cf8
D/InputEventConsistencyVerifier( 1058):   0: sent at 279658000000, KeyEvent { action=ACTION_UP, keyCode=KEYCODE_DPAD_UP, scanCode=0, metaState=0, flags=0x8, repeatCount=0, eventTime=279658, downTime=279658, deviceId=-1, source=0x101 }
I/Choreographer( 1058): Skipped 42 frames!  The application may be doing too much work on its main thread.
I/ActivityManager(  229): START {act=android.intent.action.MAIN cat=[android.intent.category.LAUNCHER] flg=0x10000000 cmp=com.android.contacts/.activities.PeopleActivity sel={act=android.intent.action.MAIN cat=[android.intent.category.APP_CONTACTS]} u=0} from pid 229
I/ActivityManager(  229): Displayed com.gp.lights/.AScores: +605ms
D/InputEventConsistencyVerifier( 1058): KeyEvent: ACTION_UP but key was not down.
D/InputEventConsistencyVerifier( 1058):   in android.view.ViewRootImpl@b3f21c48
D/InputEventConsistencyVerifier( 1058):   0: sent at 279753000000, KeyEvent { action=ACTION_UP, keyCode=KEYCODE_CONTACTS, scanCode=0, metaState=0, flags=0x8, repeatCount=0, eventTime=279753, downTime=279753, deviceId=-1, source=0x101 }
D/InputEventConsistencyVerifier( 1058):   -- recent events --
D/InputEventConsistencyVerifier( 1058):   1: sent at 279658000000, KeyEvent { action=ACTION_UP, keyCode=KEYCODE_DPAD_UP, scanCode=0, metaState=0, flags=0x8, repeatCount=0, eventTime=279658, downTime=279658, deviceId=-1, source=0x101 }
D/InputEventConsistencyVerifier( 1058):   2: sent at 279209000000, KeyEvent { action=ACTION_DOWN, keyCode=KEYCODE_DPAD_UP, scanCode=0, metaState=0, flags=0x8, repeatCount=0, eventTime=279209, downTime=279209, deviceId=-1, source=0x101 }
D/InputEventConsistencyVerifier( 1058): TrackballEvent: Trackball is down but pressure is not greater than 0.
D/InputEventConsistencyVerifier( 1058):   in android.view.ViewRootImpl@b3f21c48
D/InputEventConsistencyVerifier( 1058):   0: sent at 279807000000, MotionEvent { action=ACTION_DOWN, id[0]=0, x[0]=0.0, y[0]=0.0, toolType[0]=TOOL_TYPE_UNKNOWN, buttonState=0, metaState=0, flags=0x0, edgeFlags=0x0, pointerCount=1, historySize=0, eventTime=279807, downTime=279759, deviceId=0, source=0x10004 }
D/InputEventConsistencyVerifier( 1058):   -- recent events --
D/InputEventConsistencyVerifier( 1058):   1: sent at 280002000000, KeyEvent { action=ACTION_UP, keyCode=KEYCODE_DPAD_RIGHT, scanCode=0, metaState=0, flags=0x400, repeatCount=0, eventTime=280002, downTime=280002, deviceId=-1, source=0x101 }
D/InputEventConsistencyVerifier( 1058):   2: sent at 280002000000, KeyEvent { action=ACTION_DOWN, keyCode=KEYCODE_DPAD_RIGHT, scanCode=0, metaState=0, flags=0x400, repeatCount=0, eventTime=280002, downTime=280002, deviceId=-1, source=0x101 }
