D/InputEventConsistencyVerifier(  420):   4: sent at 116176000000, (unhandled) KeyEvent { action=ACTION_DOWN, keyCode=KEYCODE_DPAD_RIGHT, scanCode=0, metaState=0, flags=0x400, repeatCount=0, eventTime=116176, downTime=116176, deviceId=-1, source=0x101 }
D/InputEventConsistencyVerifier(  420):   5: sent at 116176000000, (unhandled) KeyEvent { action=ACTION_UP, keyCode=KEYCODE_DPAD_RIGHT, scanCode=0, metaState=0, flags=0x400, repeatCount=0, eventTime=116176, downTime=116176, deviceId=-1, source=0x101 }
D/InputEventConsistencyVerifier(  420): KeyEvent: ACTION_UP but key was not down.
D/InputEventConsistencyVerifier(  420):   in android.widget.FrameLayout@b3e2f088
D/InputEventConsistencyVerifier(  420):   0: sent at 116864000000, KeyEvent { action=ACTION_UP, keyCode=KEYCODE_DPAD_DOWN, scanCode=0, metaState=0, flags=0x8, repeatCount=0, eventTime=116864, downTime=116864, deviceId=-1, source=0x101 }
D/InputEventConsistencyVerifier(  420):   -- recent events --
D/InputEventConsistencyVerifier(  420):   1: sent at 116738000000, (unhandled) KeyEvent { action=ACTION_DOWN, keyCode=KEYCODE_DPAD_UP, scanCode=0, metaState=0, flags=0x400, repeatCount=0, eventTime=116738, downTime=116738, deviceId=-1, source=0x101 }
D/InputEventConsistencyVerifier(  420):   2: sent at 116718000000, (unhandled) MotionEvent { action=ACTION_MOVE, id[0]=0, x[0]=3.0, y[0]=-3.0, toolType[0]=TOOL_TYPE_UNKNOWN, buttonState=0, metaState=0, flags=0x0, edgeFlags=0x0, pointerCount=1, historySize=1, eventTime=116718, downTime=-1, deviceId=0, source=0x10004 }
D/InputEventConsistencyVerifier(  420):   3: sent at 116723000000, (unhandled) KeyEvent { action=ACTION_UP, keyCode=KEYCODE_DPAD_LEFT, scanCode=0, metaState=0, flags=0x400, repeatCount=0, eventTime=116723, downTime=116723, deviceId=-1, source=0x101 }
D/InputEventConsistencyVerifier(  420):   4: sent at 116723000000, (unhandled) KeyEvent { action=ACTION_DOWN, keyCode=KEYCODE_DPAD_LEFT, scanCode=0, metaState=0, flags=0x400, repeatCount=0, eventTime=116723, downTime=116723, deviceId=-1, source=0x101 }
D/InputEventConsistencyVerifier(  420):   5: sent at 116723000000, (unhandled) KeyEvent { action=ACTION_UP, keyCode=KEYCODE_DPAD_LEFT, scanCode=0, metaState=0, flags=0x400, repeatCount=0, eventTime=116723, downTime=116723, deviceId=-1, source=0x101 }
D/InputEventConsistencyVerifier(  420): KeyEvent: ACTION_UP but key was not down.
D/InputEventConsistencyVerifier(  420):   in com.android.systemui.statusbar.phone.PhoneStatusBarView@b3e32298
D/InputEventConsistencyVerifier(  420):   0: sent at 117088000000, KeyEvent { action=ACTION_UP, keyCode=KEYCODE_DPAD_UP, scanCode=0, metaState=0, flags=0x8, repeatCount=0, eventTime=117088, downTime=117088, deviceId=-1, source=0x101 }
D/InputEventConsistencyVerifier(  420):   -- recent events --
D/InputEventConsistencyVerifier(  420):   1: sent at 116860000000, (unhandled) KeyEvent { action=ACTION_DOWN, keyCode=KEYCODE_DPAD_DOWN, scanCode=0, metaState=0, flags=0x8, repeatCount=0, eventTime=116860, downTime=116860, deviceId=-1, source=0x101 }
D/InputEventConsistencyVerifier(  420):   2: sent at 116844000000, (unhandled) KeyEvent { action=ACTION_UP, keyCode=KEYCODE_KANA, scanCode=0, metaState=0, flags=0x8, repeatCount=0, eventTime=116844, downTime=116844, deviceId=-1, source=0x101 }
D/InputEventConsistencyVerifier(  420):   3: sent at 116757000000, (unhandled) KeyEvent { action=ACTION_DOWN, keyCode=KEYCODE_KANA, scanCode=0, metaState=0, flags=0x8, repeatCount=0, eventTime=116757, downTime=116757, deviceId=-1, source=0x101 }
D/InputEventConsistencyVerifier(  420):   4: sent at 116754000000, (unhandled) MotionEvent { action=ACTION_MOVE, id[0]=0, x[0]=1.0, y[0]=0.0, toolType[0]=TOOL_TYPE_UNKNOWN, buttonState=0, metaState=0, flags=0x0, edgeFlags=0x0, pointerCount=1, historySize=4, eventTime=116754, downTime=-1, deviceId=0, source=0x10004 }
D/InputEventConsistencyVerifier(  420):   5: sent at 116767000000, (unhandled) KeyEvent { action=ACTION_UP, keyCode=KEYCODE_DPAD_LEFT, scanCode=0, metaState=0, flags=0x400, repeatCount=0, eventTime=116767, downTime=116767, deviceId=-1, source=0x101 }
D/InputEventConsistencyVerifier(  420): KeyEvent: ACTION_UP but key was not down.
D/InputEventConsistencyVerifier(  420):   in com.android.systemui.statusbar.phone.StatusBarWindowView@b3e30300
D/InputEventConsistencyVerifier(  420):   0: sent at 117299000000, KeyEvent { action=ACTION_UP, keyCode=KEYCODE_DPAD_RIGHT, scanCode=0, metaState=0, flags=0x8, repeatCount=0, eventTime=117299, downTime=117299, deviceId=-1, source=0x101 }
D/InputEventConsistencyVerifier(  420):   -- recent events --
D/InputEventConsistencyVerifier(  420):   1: sent at 117144000000, MotionEvent { action=ACTION_UP, id[0]=0, x[0]=35.0, y[0]=3.0, toolType[0]=TOOL_TYPE_UNKNOWN, buttonState=0, metaState=0, flags=0x0, edgeFlags=0x0, pointerCount=1, historySize=0, eventTime=117144, downTime=117134, deviceId=0, source=0x1002 }
D/InputEventConsistencyVerifier(  420):   2: sent at 117135000000, MotionEvent { action=ACTION_DOWN, id[0]=0, x[0]=40.0, y[0]=6.0, toolType[0]=TOOL_TYPE_UNKNOWN, buttonState=0, metaState=0, flags=0x0, edgeFlags=0x0, pointerCount=1, historySize=0, eventTime=117135, downTime=117134, deviceId=0, source=0x1002 }
D/InputEventConsistencyVerifier(  420):   3: sent at 117088000000, (unhandled) KeyEvent { action=ACTION_UP, keyCode=KEYCODE_DPAD_UP, scanCode=0, metaState=0, flags=0x8, repeatCount=0, eventTime=117088, downTime=117088, deviceId=-1, source=0x101 }
D/InputEventConsistencyVerifier(  420):   4: sent at 116945000000, (unhandled) KeyEvent { action=ACTION_DOWN, keyCode=KEYCODE_DPAD_UP, scanCode=0, metaState=0, flags=0x8, repeatCount=0, eventTime=116945, downTime=116945, deviceId=-1, source=0x101 }
D/InputEventConsistencyVerifier(  420):   5: sent at 116899000000, (unhandled) KeyEvent { action=ACTION_UP, keyCode=KEYCODE_MENU, scanCode=0, metaState=0, flags=0x8, repeatCount=0, eventTime=116899, downTime=116899, deviceId=-1, source=0x101 }
I/Choreographer( 1007): Skipped 55 frames!  The application may be doing too much work on its main thread.
D/InputEventConsistencyVerifier(  420): KeyEvent: ACTION_UP but key was not down.
D/InputEventConsistencyVerifier(  420):   in com.android.systemui.statusbar.phone.StatusBarWindowView@b3e30300
D/InputEventConsistencyVerifier(  420):   0: sent at 117522000000, KeyEvent { action=ACTION_UP, keyCode=KEYCODE_DPAD_DOWN, scanCode=0, metaState=0, flags=0x8, repeatCount=0, eventTime=117522, downTime=117522, deviceId=-1, source=0x101 }
D/InputEventConsistencyVerifier(  420):   -- recent events --
D/InputEventConsistencyVerifier(  420):   1: sent at 117437000000, MotionEvent { action=ACTION_UP, id[0]=0, x[0]=150.0, y[0]=268.0, toolType[0]=TOOL_TYPE_UNKNOWN, buttonState=0, metaState=0, flags=0x0, edgeFlags=0x0, pointerCount=1, historySize=0, eventTime=117437, downTime=117409, deviceId=0, source=0x1002 }
D/InputEventConsistencyVerifier(  420):   2: sent at 117435500000, MotionEvent { action=ACTION_MOVE, id[0]=0, x[0]=150.0, y[0]=268.0, toolType[0]=TOOL_TYPE_UNKNOWN, buttonState=0, metaState=0, flags=0x0, edgeFlags=0x0, pointerCount=1, historySize=3, eventTime=117435, downTime=117409, deviceId=0, source=0x1002 }
D/InputEventConsistencyVerifier(  420):   3: sent at 117420000000, MotionEvent { action=ACTION_DOWN, id[0]=0, x[0]=173.0, y[0]=252.0, toolType[0]=TOOL_TYPE_UNKNOWN, buttonState=0, metaState=0, flags=0x0, edgeFlags=0x0, pointerCount=1, historySize=0, eventTime=117420, downTime=117409, deviceId=0, source=0x1002 }
D/InputEventConsistencyVerifier(  420):   4: sent at 117396000000, (unhandled) KeyEvent { action=ACTION_UP, keyCode=KEYCODE_MENU, scanCode=0, metaState=0, flags=0x8, repeatCount=0, eventTime=117396, downTime=117396, deviceId=-1, source=0x101 }
D/InputEventConsistencyVerifier(  420):   5: sent at 117392000000, (unhandled) KeyEvent { action=ACTION_DOWN, keyCode=KEYCODE_MENU, scanCode=0, metaState=0, flags=0x8, repeatCount=0, eventTime=117392, downTime=117392, deviceId=-1, source=0x101 }
D/InputEventConsistencyVerifier(  420): TouchEvent: ACTION_DOWN but pointers are already down.  Probably missing ACTION_UP from previous gesture.
D/InputEventConsistencyVerifier(  420):   in android.view.ScaleGestureDetector@b3ecfe58
D/InputEventConsistencyVerifier(  420):   0: sent at 117537000000, MotionEvent { action=ACTION_DOWN, id[0]=0, x[0]=363.0, y[0]=329.0, toolType[0]=TOOL_TYPE_UNKNOWN, buttonState=0, metaState=0, flags=0x0, edgeFlags=0x0, pointerCount=1, historySize=0, eventTime=117537, downTime=117537, deviceId=0, source=0x1002 }
D/InputEventConsistencyVerifier(  420):   -- recent events --
D/InputEventConsistencyVerifier(  420):   1: sent at 117435500000, MotionEvent { action=ACTION_MOVE, id[0]=0, x[0]=150.0, y[0]=268.0, toolType[0]=TOOL_TYPE_UNKNOWN, buttonState=0, metaState=0, flags=0x0, edgeFlags=0x0, pointerCount=1, historySize=3, eventTime=117435, downTime=117409, deviceId=0, source=0x1002 }
D/InputEventConsistencyVerifier(  420):   2: sent at 117420000000, MotionEvent { action=ACTION_DOWN, id[0]=0, x[0]=173.0, y[0]=252.0, toolType[0]=TOOL_TYPE_UNKNOWN, buttonState=0, metaState=0, flags=0x0, edgeFlags=0x0, pointerCount=1, historySize=0, eventTime=117420, downTime=117409, deviceId=0, source=0x1002 }
D/InputEventConsistencyVerifier(  420):   3: sent at 117144000000, MotionEvent { action=ACTION_UP, id[0]=0, x[0]=35.0, y[0]=3.0, toolType[0]=TOOL_TYPE_UNKNOWN, buttonState=0, metaState=0, flags=0x0, edgeFlags=0x0, pointerCount=1, historySize=0, eventTime=117144, downTime=117134, deviceId=0, source=0x1002 }
D/InputEventConsistencyVerifier(  420):   4: sent at 117135000000, MotionEvent { action=ACTION_DOWN, id[0]=0, x[0]=40.0, y[0]=6.0, toolType[0]=TOOL_TYPE_UNKNOWN, buttonState=0, metaState=0, flags=0x0, edgeFlags=0x0, pointerCount=1, historySize=0, eventTime=117135, downTime=117134, deviceId=0, source=0x1002 }
D/InputEventConsistencyVerifier(  420):   5: sent at 115989000000, MotionEvent { action=ACTION_UP, id[0]=0, x[0]=306.51105, y[0]=676.4395, toolType[0]=TOOL_TYPE_UNKNOWN, buttonState=0, metaState=0, flags=0x0, edgeFlags=0x0, pointerCount=1, historySize=0, eventTime=115989, downTime=115968, deviceId=0, source=0x1002 }
D/InputEventConsistencyVerifier(  420): KeyEvent: ACTION_UP but key was not down.
D/InputEventConsistencyVerifier(  420):   in com.android.systemui.statusbar.phone.StatusBarWindowView@b3e30300
D/InputEventConsistencyVerifier(  420):   0: sent at 117821000000, KeyEvent { action=ACTION_UP, keyCode=KEYCODE_DPAD_LEFT, scanCode=0, metaState=0, flags=0x8, repeatCount=0, eventTime=117821, downTime=117821, deviceId=-1, source=0x101 }
D/InputEventConsistencyVerifier(  420):   -- recent events --
D/InputEventConsistencyVerifier(  420):   1: sent at 117799000000, MotionEvent { action=ACTION_UP, id[0]=0, x[0]=20.0, y[0]=41.0, toolType[0]=TOOL_TYPE_UNKNOWN, buttonState=0, metaState=0, flags=0x0, edgeFlags=0x0, pointerCount=1, historySize=0, eventTime=117799, downTime=117793, deviceId=0, source=0x1002 }
D/InputEventConsistencyVerifier(  420):   2: sent at 117793000000, MotionEvent { action=ACTION_DOWN, id[0]=0, x[0]=29.0, y[0]=40.0, toolType[0]=TOOL_TYPE_UNKNOWN, buttonState=0, metaState=0, flags=0x0, edgeFlags=0x0, pointerCount=1, historySize=0, eventTime=117793, downTime=117793, deviceId=0, source=0x1002 }
D/InputEventConsistencyVerifier(  420):   3: sent at 117685000000, MotionEvent { action=ACTION_UP, id[0]=0, x[0]=467.0, y[0]=508.0, toolType[0]=TOOL_TYPE_UNKNOWN, buttonState=0, metaState=0, flags=0x0, edgeFlags=0x0, pointerCount=1, historySize=0, eventTime=117685, downTime=117668, deviceId=0, source=0x1002 }
D/InputEventConsistencyVerifier(  420):   4: sent at 117668000000, MotionEvent { action=ACTION_DOWN, id[0]=0, x[0]=455.0, y[0]=512.0, toolType[0]=TOOL_TYPE_UNKNOWN, buttonState=0, metaState=0, flags=0x0, edgeFlags=0x0, pointerCount=1, historySize=0, eventTime=117668, downTime=117668, deviceId=0, source=0x1002 }
D/InputEventConsistencyVerifier(  420):   5: sent at 117643000000, MotionEvent { action=ACTION_UP, id[0]=0, x[0]=362.0, y[0]=329.0, toolType[0]=TOOL_TYPE_UNKNOWN, buttonState=0, metaState=0, flags=0x0, edgeFlags=0x0, pointerCount=1, historySize=0, eventTime=117643, downTime=117537, deviceId=0, source=0x1002 }
D/InputEventConsistencyVerifier(  420): KeyEvent: ACTION_UP but key was not down.
D/InputEventConsistencyVerifier(  420):   in android.widget.FrameLayout@b3e2f088
D/InputEventConsistencyVerifier(  420):   0: sent at 118195000000, KeyEvent { action=ACTION_UP, keyCode=KEYCODE_DPAD_DOWN, scanCode=0, metaState=0, flags=0x8, repeatCount=0, eventTime=118195, downTime=118195, deviceId=-1, source=0x101 }
D/InputEventConsistencyVerifier(  420):   -- recent events --
D/InputEventConsistencyVerifier(  420):   1: sent at 117799000000, MotionEvent { action=ACTION_UP, id[0]=0, x[0]=20.0, y[0]=41.0, toolType[0]=TOOL_TYPE_UNKNOWN, buttonState=0, metaState=0, flags=0x0, edgeFlags=0x0, pointerCount=1, historySize=0, eventTime=117799, downTime=117793, deviceId=0, source=0x1002 }
D/InputEventConsistencyVerifier(  420):   2: sent at 117793000000, MotionEvent { action=ACTION_DOWN, id[0]=0, x[0]=29.0, y[0]=40.0, toolType[0]=TOOL_TYPE_UNKNOWN, buttonState=0, metaState=0, flags=0x0, edgeFlags=0x0, pointerCount=1, historySize=0, eventTime=117793, downTime=117793, deviceId=0, source=0x1002 }
D/InputEventConsistencyVerifier(  420):   3: sent at 117685000000, MotionEvent { action=ACTION_UP, id[0]=0, x[0]=467.0, y[0]=508.0, toolType[0]=TOOL_TYPE_UNKNOWN, buttonState=0, metaState=0, flags=0x0, edgeFlags=0x0, pointerCount=1, historySize=0, eventTime=117685, downTime=117668, deviceId=0, source=0x1002 }
D/InputEventConsistencyVerifier(  420):   4: sent at 117668000000, MotionEvent { action=ACTION_DOWN, id[0]=0, x[0]=455.0, y[0]=512.0, toolType[0]=TOOL_TYPE_UNKNOWN, buttonState=0, metaState=0, flags=0x0, edgeFlags=0x0, pointerCount=1, historySize=0, eventTime=117668, downTime=117668, deviceId=0, source=0x1002 }
D/InputEventConsistencyVerifier(  420):   5: sent at 117643000000, MotionEvent { action=ACTION_UP, id[0]=0, x[0]=362.0, y[0]=329.0, toolType[0]=TOOL_TYPE_UNKNOWN, buttonState=0, metaState=0, flags=0x0, edgeFlags=0x0, pointerCount=1, historySize=0, eventTime=117643, downTime=117537, deviceId=0, source=0x1002 }
D/InputEventConsistencyVerifier(  420): KeyEvent: ACTION_UP but key was not down.
D/InputEventConsistencyVerifier(  420):   in com.android.systemui.statusbar.phone.PhoneStatusBarView@b3e32298
D/InputEventConsistencyVerifier(  420):   0: sent at 118443000000, KeyEvent { action=ACTION_UP, keyCode=KEYCODE_DPAD_UP, scanCode=0, metaState=0, flags=0x8, repeatCount=0, eventTime=118443, downTime=118443, deviceId=-1, source=0x101 }
D/InputEventConsistencyVerifier(  420):   -- recent events --
D/InputEventConsistencyVerifier(  420):   1: sent at 118188000000, (unhandled) KeyEvent { action=ACTION_DOWN, keyCode=KEYCODE_DPAD_DOWN, scanCode=0, metaState=0, flags=0x8, repeatCount=0, eventTime=118188, downTime=118188, deviceId=-1, source=0x101 }
D/InputEventConsistencyVerifier(  420):   2: sent at 118184000000, (unhandled) KeyEvent { action=ACTION_UP, keyCode=KEYCODE_DPAD_CENTER, scanCode=0, metaState=0, flags=0x8, repeatCount=0, eventTime=118184, downTime=118184, deviceId=-1, source=0x101 }
D/InputEventConsistencyVerifier(  420):   3: sent at 118179000000, (unhandled) KeyEvent { action=ACTION_DOWN, keyCode=KEYCODE_DPAD_CENTER, scanCode=0, metaState=0, flags=0x8, repeatCount=0, eventTime=118179, downTime=118179, deviceId=-1, source=0x101 }
D/InputEventConsistencyVerifier(  420):   4: sent at 118151000000, (unhandled) KeyEvent { action=ACTION_UP, keyCode=KEYCODE_MENU, scanCode=0, metaState=0, flags=0x8, repeatCount=0, eventTime=118151, downTime=118151, deviceId=-1, source=0x101 }
D/InputEventConsistencyVerifier(  420):   5: sent at 118068000000, (unhandled) KeyEvent { action=ACTION_DOWN, keyCode=KEYCODE_MENU, scanCode=0, metaState=0, flags=0x8, repeatCount=0, eventTime=118068, downTime=118068, deviceId=-1, source=0x101 }
I/Choreographer( 1007): Skipped 40 frames!  The application may be doing too much work on its main thread.
D/InputEventConsistencyVerifier(  420): KeyEvent: ACTION_UP but key was not down.
D/InputEventConsistencyVerifier(  420):   in com.android.systemui.statusbar.phone.StatusBarWindowView@b3e30300
D/InputEventConsistencyVerifier(  420):   0: sent at 118716000000, KeyEvent { action=ACTION_UP, keyCode=KEYCODE_DPAD_RIGHT, scanCode=0, metaState=0, flags=0x8, repeatCount=0, eventTime=118716, downTime=118716, deviceId=-1, source=0x101 }
D/InputEventConsistencyVerifier(  420):   -- recent events --
D/InputEventConsistencyVerifier(  420):   1: sent at 118675000000, (unhandled) KeyEvent { action=ACTION_UP, keyCode=KEYCODE_MENU, scanCode=0, metaState=0, flags=0x8, repeatCount=0, eventTime=118675, downTime=118675, deviceId=-1, source=0x101 }
D/InputEventConsistencyVerifier(  420):   2: sent at 118509000000, (unhandled) KeyEvent { action=ACTION_DOWN, keyCode=KEYCODE_MENU, scanCode=0, metaState=0, flags=0x8, repeatCount=0, eventTime=118509, downTime=118509, deviceId=-1, source=0x101 }
D/InputEventConsistencyVerifier(  420):   3: sent at 118503000000, MotionEvent { action=ACTION_UP, id[0]=0, x[0]=61.0, y[0]=710.0, toolType[0]=TOOL_TYPE_UNKNOWN, buttonState=0, metaState=0, flags=0x0, edgeFlags=0x0, pointerCount=1, historySize=0, eventTime=118503, downTime=118489, deviceId=0, source=0x1002 }
D/InputEventConsistencyVerifier(  420):   4: sent at 118490000000, MotionEvent { action=ACTION_DOWN, id[0]=0, x[0]=48.0, y[0]=718.0, toolType[0]=TOOL_TYPE_UNKNOWN, buttonState=0, metaState=0, flags=0x0, edgeFlags=0x0, pointerCount=1, historySize=0, eventTime=118490, downTime=118489, deviceId=0, source=0x1002 }
D/InputEventConsistencyVerifier(  420):   5: sent at 118482000000, MotionEvent { action=ACTION_UP, id[0]=0, x[0]=49.0, y[0]=74.0, toolType[0]=TOOL_TYPE_UNKNOWN, buttonState=0, metaState=0, flags=0x0, edgeFlags=0x0, pointerCount=1, historySize=0, eventTime=118482, downTime=118475, deviceId=0, source=0x1002 }
D/InputEventConsistencyVerifier(  420): KeyEvent: ACTION_UP but key was not down.
D/InputEventConsistencyVerifier(  420):   in com.android.systemui.statusbar.phone.StatusBarWindowView@b3e30300
D/InputEventConsistencyVerifier(  420):   0: sent at 119014000000, KeyEvent { action=ACTION_UP, keyCode=KEYCODE_DPAD_DOWN, scanCode=0, metaState=0, flags=0x8, repeatCount=0, eventTime=119014, downTime=119014, deviceId=-1, source=0x101 }
D/InputEventConsistencyVerifier(  420):   -- recent events --
D/InputEventConsistencyVerifier(  420):   1: sent at 118941000000, MotionEvent { action=ACTION_UP, id[0]=0, x[0]=170.0, y[0]=703.0, toolType[0]=TOOL_TYPE_UNKNOWN, buttonState=0, metaState=0, flags=0x0, edgeFlags=0x0, pointerCount=1, historySize=0, eventTime=118941, downTime=118824, deviceId=0, source=0x1002 }
D/InputEventConsistencyVerifier(  420):   2: sent at 118938000000, MotionEvent { action=ACTION_MOVE, id[0]=0, x[0]=177.0, y[0]=704.0, toolType[0]=TOOL_TYPE_UNKNOWN, buttonState=0, metaState=0, flags=0x0, edgeFlags=0x0, pointerCount=1, historySize=5, eventTime=118938, downTime=118824, deviceId=0, source=0x1002 }
D/InputEventConsistencyVerifier(  420):   3: sent at 118826000000, MotionEvent { action=ACTION_DOWN, id[0]=0, x[0]=194.0, y[0]=707.0, toolType[0]=TOOL_TYPE_UNKNOWN, buttonState=0, metaState=0, flags=0x0, edgeFlags=0x0, pointerCount=1, historySize=0, eventTime=118826, downTime=118824, deviceId=0, source=0x1002 }
D/InputEventConsistencyVerifier(  420):   4: sent at 118770000000, (unhandled) KeyEvent { action=ACTION_UP, keyCode=KEYCODE_DPAD_CENTER, scanCode=0, metaState=0, flags=0x8, repeatCount=0, eventTime=118770, downTime=118770, deviceId=-1, source=0x101 }
D/InputEventConsistencyVerifier(  420):   5: sent at 118762000000, (unhandled) KeyEvent { action=ACTION_DOWN, keyCode=KEYCODE_DPAD_CENTER, scanCode=0, metaState=0, flags=0x8, repeatCount=0, eventTime=118762, downTime=118762, deviceId=-1, source=0x101 }
I/Choreographer( 1007): Skipped 47 frames!  The application may be doing too much work on its main thread.
I/Choreographer(  420): Skipped 42 frames!  The application may be doing too much work on its main thread.
D/InputEventConsistencyVerifier(  420): KeyEvent: ACTION_UP but key was not down.
D/InputEventConsistencyVerifier(  420):   in com.android.systemui.statusbar.phone.StatusBarWindowView@b3e30300
D/InputEventConsistencyVerifier(  420):   0: sent at 119256000000, KeyEvent { action=ACTION_UP, keyCode=KEYCODE_DPAD_RIGHT, scanCode=0, metaState=0, flags=0x400, repeatCount=0, eventTime=119256, downTime=119256, deviceId=-1, source=0x101 }
D/InputEventConsistencyVerifier(  420):   -- recent events --
D/InputEventConsistencyVerifier(  420):   1: sent at 119125000000, (unhandled) MotionEvent { action=ACTION_MOVE, id[0]=0, x[0]=3.0, y[0]=0.0, toolType[0]=TOOL_TYPE_UNKNOWN, buttonState=0, metaState=0, flags=0x0, edgeFlags=0x0, pointerCount=1, historySize=9, eventTime=119125, downTime=-1, deviceId=0, source=0x10004 }
D/InputEventConsistencyVerifier(  420):   2: sent at 119163000000, MotionEvent { action=ACTION_UP, id[0]=0, x[0]=134.0, y[0]=130.0, toolType[0]=TOOL_TYPE_UNKNOWN, buttonState=0, metaState=0, flags=0x0, edgeFlags=0x0, pointerCount=1, historySize=0, eventTime=119163, downTime=119154, deviceId=0, source=0x1002 }
D/InputEventConsistencyVerifier(  420):   3: sent at 119155000000, MotionEvent { action=ACTION_DOWN, id[0]=0, x[0]=132.0, y[0]=148.0, toolType[0]=TOOL_TYPE_UNKNOWN, buttonState=0, metaState=0, flags=0x0, edgeFlags=0x0, pointerCount=1, historySize=0, eventTime=119155, downTime=119154, deviceId=0, source=0x1002 }
D/InputEventConsistencyVerifier(  420):   4: sent at 119146000000, MotionEvent { action=ACTION_UP, id[0]=0, x[0]=218.0, y[0]=606.0, toolType[0]=TOOL_TYPE_UNKNOWN, buttonState=0, metaState=0, flags=0x0, edgeFlags=0x0, pointerCount=1, historySize=0, eventTime=119146, downTime=119130, deviceId=0, source=0x1002 }
D/InputEventConsistencyVerifier(  420):   5: sent at 119140000000, MotionEvent { action=ACTION_DOWN, id[0]=0, x[0]=208.0, y[0]=606.0, toolType[0]=TOOL_TYPE_UNKNOWN, buttonState=0, metaState=0, flags=0x0, edgeFlags=0x0, pointerCount=1, historySize=0, eventTime=119140, downTime=119130, deviceId=0, source=0x1002 }
I/ActivityManager(  224): START {act=android.intent.action.CALL_BUTTON flg=0x10000000 cmp=com.android.contacts/.activities.DialtactsActivity u=0} from pid 420
W/dalvikvm(  420): DroidBox: { "FdAccess": { "path": "2f70726f632f6d656d696e666f", "id": "1138124479" } }
W/DroidBox(  420): DroidBox: { "FileRW": { "operation": "read", "data": "4d656d546f74616c3a202020202020202020373438393634206b420a4d656d467265653a20202020202020202020343637343332206b420a427566666572733a20202020202020202020202035303736206b420a4361636865643a202020202020202020", "id": "1138124479" } }
I/Choreographer( 1007): Skipped 33 frames!  The application may be doing too much work on its main thread.
I/ActivityManager(  224): Start proc com.android.music for broadcast com.android.music/.MediaButtonIntentReceiver: pid=1045 uid=10024 gids={3003, 1015, 1028}
I/Choreographer( 1007): Skipped 36 frames!  The application may be doing too much work on its main thread.
I/Choreographer(  420): Skipped 74 frames!  The application may be doing too much work on its main thread.
W/dalvikvm(  420): DroidBox: { "FdAccess": { "path": "2f70726f632f6d656d696e666f", "id": "256767299" } }
W/DroidBox(  420): DroidBox: { "FileRW": { "operation": "read", "data": "4d656d546f74616c3a202020202020202020373438393634206b420a4d656d467265653a20202020202020202020343637303238206b420a427566666572733a20202020202020202020202035303736206b420a4361636865643a202020202020202020", "id": "256767299" } }
I/Choreographer( 1007): Skipped 32 frames!  The application may be doing too much work on its main thread.
I/Choreographer(  420): Skipped 67 frames!  The application may be doing too much work on its main thread.
V/PhoneStatusBar(  420): setLightsOn(true)
D/PhoneStatusBar(  420): disable: < expand icons alerts ticker* system_info back home recent clock >
I/Choreographer( 1007): Skipped 84 frames!  The application may be doing too much work on its main thread.
I/ActivityManager(  224): START {act=android.intent.action.CALL_BUTTON flg=0x10000000 cmp=com.android.contacts/.activities.DialtactsActivity u=0} from pid 1007
I/Choreographer( 1007): Skipped 108 frames!  The application may be doing too much work on its main thread.
E/Trace   ( 1045): error opening trace file: No such file or directory (2)
I/Choreographer( 1007): Skipped 64 frames!  The application may be doing too much work on its main thread.
W/DroidBox( 1045): DroidBox: { "DexClassLoader": { "path": "/system/app/Music.apk" } }
D/InputEventConsistencyVerifier(  420): TouchEvent: ACTION_DOWN but pointers are already down.  Probably missing ACTION_UP from previous gesture.
D/InputEventConsistencyVerifier(  420):   in android.view.ScaleGestureDetector@b3ecfe58
D/InputEventConsistencyVerifier(  420):   0: sent at 121566000000, MotionEvent { action=ACTION_DOWN, id[0]=0, x[0]=335.0, y[0]=23.0, toolType[0]=TOOL_TYPE_UNKNOWN, buttonState=0, metaState=0, flags=0x0, edgeFlags=0x0, pointerCount=1, historySize=0, eventTime=121566, downTime=121564, deviceId=0, source=0x1002 }
D/InputEventConsistencyVerifier(  420):   -- recent events --
D/InputEventConsistencyVerifier(  420):   1: sent at 120178000000, MotionEvent { action=ACTION_DOWN, id[0]=0, x[0]=62.0, y[0]=722.0, toolType[0]=TOOL_TYPE_UNKNOWN, buttonState=0, metaState=0, flags=0x0, edgeFlags=0x0, pointerCount=1, historySize=0, eventTime=120178, downTime=120177, deviceId=0, source=0x1002 }
D/InputEventConsistencyVerifier(  420):   2: sent at 119163000000, MotionEvent { action=ACTION_UP, id[0]=0, x[0]=134.0, y[0]=130.0, toolType[0]=TOOL_TYPE_UNKNOWN, buttonState=0, metaState=0, flags=0x0, edgeFlags=0x0, pointerCount=1, historySize=0, eventTime=119163, downTime=119154, deviceId=0, source=0x1002 }
D/InputEventConsistencyVerifier(  420):   3: sent at 119155000000, MotionEvent { action=ACTION_DOWN, id[0]=0, x[0]=132.0, y[0]=148.0, toolType[0]=TOOL_TYPE_UNKNOWN, buttonState=0, metaState=0, flags=0x0, edgeFlags=0x0, pointerCount=1, historySize=0, eventTime=119155, downTime=119154, deviceId=0, source=0x1002 }
D/InputEventConsistencyVerifier(  420):   4: sent at 119146000000, MotionEvent { action=ACTION_UP, id[0]=0, x[0]=218.0, y[0]=606.0, toolType[0]=TOOL_TYPE_UNKNOWN, buttonState=0, metaState=0, flags=0x0, edgeFlags=0x0, pointerCount=1, historySize=0, eventTime=119146, downTime=119130, deviceId=0, source=0x1002 }
D/InputEventConsistencyVerifier(  420):   5: sent at 119140000000, MotionEvent { action=ACTION_DOWN, id[0]=0, x[0]=208.0, y[0]=606.0, toolType[0]=TOOL_TYPE_UNKNOWN, buttonState=0, metaState=0, flags=0x0, edgeFlags=0x0, pointerCount=1, historySize=0, eventTime=119140, downTime=119130, deviceId=0, source=0x1002 }
W/dalvikvm(  420): DroidBox: { "FdAccess": { "path": "2f70726f632f6d656d696e666f", "id": "270933822" } }
W/DroidBox(  420): DroidBox: { "FileRW": { "operation": "read", "data": "4d656d546f74616c3a202020202020202020373438393634206b420a4d656d467265653a20202020202020202020343635363038206b420a427566666572733a20202020202020202020202035303834206b420a4361636865643a202020202020202020", "id": "270933822" } }
W/dalvikvm(  420): DroidBox: { "FdAccess": { "path": "2f70726f632f6d656d696e666f", "id": "1216754550" } }
W/DroidBox(  420): DroidBox: { "FileRW": { "operation": "read", "data": "4d656d546f74616c3a202020202020202020373438393634206b420a4d656d467265653a20202020202020202020343635343834206b420a427566666572733a20202020202020202020202035303834206b420a4361636865643a202020202020202020", "id": "1216754550" } }
I/Choreographer(  420): Skipped 57 frames!  The application may be doing too much work on its main thread.
W/DroidBox( 1045): DroidBox: { "ServiceStart": { "name": "com.android.music.MediaPlaybackService" } }
W/DroidBox( 1045): DroidBox: { "ServiceStart": { "name": "com.android.music.MediaPlaybackService" } }
D/InputEventConsistencyVerifier(  420): KeyEvent: ACTION_UP but key was not down.
D/InputEventConsistencyVerifier(  420):   in com.android.systemui.statusbar.phone.StatusBarWindowView@b3e30300
D/InputEventConsistencyVerifier(  420):   0: sent at 121968000000, KeyEvent { action=ACTION_UP, keyCode=KEYCODE_DPAD_UP, scanCode=0, metaState=0, flags=0x400, repeatCount=0, eventTime=121968, downTime=121968, deviceId=-1, source=0x101 }
D/InputEventConsistencyVerifier(  420):   -- recent events --
D/InputEventConsistencyVerifier(  420):   1: sent at 121856000000, (unhandled) MotionEvent { action=ACTION_MOVE, id[0]=0, x[0]=4.0, y[0]=-4.0, toolType[0]=TOOL_TYPE_UNKNOWN, buttonState=0, metaState=0, flags=0x0, edgeFlags=0x0, pointerCount=1, historySize=9, eventTime=121856, downTime=-1, deviceId=0, source=0x10004 }
D/InputEventConsistencyVerifier(  420):   2: sent at 121593000000, MotionEvent { action=ACTION_UP, id[0]=0, x[0]=376.0, y[0]=48.0, toolType[0]=TOOL_TYPE_UNKNOWN, buttonState=0, metaState=0, flags=0x0, edgeFlags=0x0, pointerCount=1, historySize=0, eventTime=121593, downTime=121564, deviceId=0, source=0x1002 }
D/InputEventConsistencyVerifier(  420):   3: sent at 121589000000, MotionEvent { action=ACTION_POINTER_UP(1), id[0]=0, x[0]=358.0, y[0]=39.0, toolType[0]=TOOL_TYPE_UNKNOWN, id[1]=1, x[1]=456.0, y[1]=43.0, toolType[1]=TOOL_TYPE_UNKNOWN, buttonState=0, metaState=0, flags=0x0, edgeFlags=0x0, pointerCount=2, historySize=0, eventTime=121589, downTime=121564, deviceId=0, source=0x1002 }
D/InputEventConsistencyVerifier(  420):   4: sent at 121585000000, MotionEvent { action=ACTION_MOVE, id[0]=0, x[0]=346.0, y[0]=38.0, toolType[0]=TOOL_TYPE_UNKNOWN, id[1]=1, x[1]=451.0, y[1]=45.0, toolType[1]=TOOL_TYPE_UNKNOWN, buttonState=0, metaState=0, flags=0x0, edgeFlags=0x0, pointerCount=2, historySize=0, eventTime=121585, downTime=121564, deviceId=0, source=0x1002 }
D/InputEventConsistencyVerifier(  420):   5: sent at 121581000000, MotionEvent { action=ACTION_POINTER_DOWN(1), id[0]=0, x[0]=344.0, y[0]=31.0, toolType[0]=TOOL_TYPE_UNKNOWN, id[1]=1, x[1]=437.0, y[1]=46.0, toolType[1]=TOOL_TYPE_UNKNOWN, buttonState=0, metaState=0, flags=0x0, edgeFlags=0x0, pointerCount=2, historySize=0, eventTime=121581, downTime=121564, deviceId=0, source=0x1002 }
D/InputEventConsistencyVerifier( 1007): TrackballEvent: Trackball is down but pressure is not greater than 0.
D/InputEventConsistencyVerifier( 1007):   in android.view.ViewRootImpl@b3e14200
D/InputEventConsistencyVerifier( 1007):   0: sent at 121713000000, MotionEvent { action=ACTION_DOWN, id[0]=0, x[0]=0.0, y[0]=0.0, toolType[0]=TOOL_TYPE_UNKNOWN, buttonState=0, metaState=0, flags=0x0, edgeFlags=0x0, pointerCount=1, historySize=0, eventTime=121713, downTime=121653, deviceId=0, source=0x10004 }
D/InputEventConsistencyVerifier( 1007):   -- recent events --
D/InputEventConsistencyVerifier( 1007):   1: sent at 121689000000, MotionEvent { action=ACTION_MOVE, id[0]=0, x[0]=-1.0, y[0]=-1.0, toolType[0]=TOOL_TYPE_UNKNOWN, buttonState=0, metaState=0, flags=0x0, edgeFlags=0x0, pointerCount=1, historySize=9, eventTime=121689, downTime=-1, deviceId=0, source=0x10004 }
D/InputEventConsistencyVerifier( 1007):   2: sent at 121620000000, MotionEvent { action=ACTION_UP, id[0]=0, x[0]=179.0, y[0]=21.0, toolType[0]=TOOL_TYPE_UNKNOWN, buttonState=0, metaState=0, flags=0x0, edgeFlags=0x0, pointerCount=1, historySize=0, eventTime=121620, downTime=121611, deviceId=0, source=0x1002 }
D/InputEventConsistencyVerifier( 1007):   3: sent at 121612000000, MotionEvent { action=ACTION_DOWN, id[0]=0, x[0]=182.0, y[0]=30.0, toolType[0]=TOOL_TYPE_UNKNOWN, buttonState=0, metaState=0, flags=0x0, edgeFlags=0x0, pointerCount=1, historySize=0, eventTime=121612, downTime=121611, deviceId=0, source=0x1002 }
D/InputEventConsistencyVerifier( 1007):   4: sent at 121498000000, KeyEvent { action=ACTION_UP, keyCode=KEYCODE_S, scanCode=0, metaState=0, flags=0x8, repeatCount=0, eventTime=121498, downTime=121498, deviceId=-1, source=0x101 }
D/InputEventConsistencyVerifier( 1007):   5: sent at 121480000000, KeyEvent { action=ACTION_DOWN, keyCode=KEYCODE_S, scanCode=0, metaState=0, flags=0x8, repeatCount=0, eventTime=121480, downTime=121480, deviceId=-1, source=0x101 }
D/InputEventConsistencyVerifier( 1007): TrackballEvent: Invalid action ACTION_CANCEL for trackball event.
D/InputEventConsistencyVerifier( 1007):   Trackball is down but pressure is not greater than 0.
D/InputEventConsistencyVerifier( 1007):   in android.view.ViewRootImpl@b3e14200
D/InputEventConsistencyVerifier( 1007):   0: sent at 121769988773, MotionEvent { action=ACTION_CANCEL, id[0]=0, x[0]=0.0, y[0]=0.0, toolType[0]=TOOL_TYPE_UNKNOWN, buttonState=0, metaState=0, flags=0x0, edgeFlags=0x0, pointerCount=1, historySize=0, eventTime=121769, downTime=121653, deviceId=0, source=0x10004 }
D/InputEventConsistencyVerifier( 1007):   -- recent events --
D/InputEventConsistencyVerifier( 1007):   1: sent at 122052000000, KeyEvent { action=ACTION_DOWN, keyCode=KEYCODE_DPAD_CENTER, scanCode=0, metaState=0, flags=0x400, repeatCount=0, eventTime=122052, downTime=122052, deviceId=-1, source=0x101 }
D/InputEventConsistencyVerifier( 1007):   2: sent at 121713000000, MotionEvent { action=ACTION_DOWN, id[0]=0, x[0]=0.0, y[0]=0.0, toolType[0]=TOOL_TYPE_UNKNOWN, buttonState=0, metaState=0, flags=0x80000000, edgeFlags=0x0, pointerCount=1, historySize=0, eventTime=121713, downTime=121653, deviceId=0, source=0x10004 }
D/InputEventConsistencyVerifier( 1007):   3: sent at 121689000000, MotionEvent { action=ACTION_MOVE, id[0]=0, x[0]=-1.0, y[0]=-1.0, toolType[0]=TOOL_TYPE_UNKNOWN, buttonState=0, metaState=0, flags=0x0, edgeFlags=0x0, pointerCount=1, historySize=9, eventTime=121689, downTime=-1, deviceId=0, source=0x10004 }
D/InputEventConsistencyVerifier( 1007):   4: sent at 121620000000, MotionEvent { action=ACTION_UP, id[0]=0, x[0]=179.0, y[0]=21.0, toolType[0]=TOOL_TYPE_UNKNOWN, buttonState=0, metaState=0, flags=0x0, edgeFlags=0x0, pointerCount=1, historySize=0, eventTime=121620, downTime=121611, deviceId=0, source=0x1002 }
D/InputEventConsistencyVerifier( 1007):   5: sent at 121612000000, MotionEvent { action=ACTION_DOWN, id[0]=0, x[0]=182.0, y[0]=30.0, toolType[0]=TOOL_TYPE_UNKNOWN, buttonState=0, metaState=0, flags=0x0, edgeFlags=0x0, pointerCount=1, historySize=0, eventTime=121612, downTime=121611, deviceId=0, source=0x1002 }
I/Choreographer( 1007): Skipped 141 frames!  The application may be doing too much work on its main thread.
W/dalvikvm(  420): DroidBox: { "FdAccess": { "path": "2f70726f632f6d656d696e666f", "id": "576792305" } }
W/DroidBox(  420): DroidBox: { "FileRW": { "operation": "read", "data": "4d656d546f74616c3a202020202020202020373438393634206b420a4d656d467265653a20202020202020202020343634393838206b420a427566666572733a20202020202020202020202035303834206b420a4361636865643a202020202020202020", "id": "576792305" } }
D/PhoneStatusBar(  420): disable: < expand icons alerts TICKER* system_info back home recent clock >
V/PhoneStatusBar(  420): setLightsOn(true)
I/Choreographer(  420): Skipped 91 frames!  The application may be doing too much work on its main thread.
W/dalvikvm(  420): DroidBox: { "FdAccess": { "path": "2f70726f632f6d656d696e666f", "id": "489585585" } }
W/DroidBox(  420): DroidBox: { "FileRW": { "operation": "read", "data": "4d656d546f74616c3a202020202020202020373438393634206b420a4d656d467265653a20202020202020202020343632323630206b420a427566666572733a20202020202020202020202035303834206b420a4361636865643a202020202020202020", "id": "489585585" } }
I/ActivityManager(  224): START {act=android.intent.action.MAIN cat=[android.intent.category.HOME] flg=0x10200000 cmp=com.android.launcher/com.android.launcher2.Launcher u=0} from pid 224
D/InputEventConsistencyVerifier(  420): KeyEvent: ACTION_UP but key was not down.
D/InputEventConsistencyVerifier(  420):   in com.android.systemui.statusbar.phone.StatusBarWindowView@b3e30300
D/InputEventConsistencyVerifier(  420):   0: sent at 122658000000, KeyEvent { action=ACTION_UP, keyCode=KEYCODE_DPAD_DOWN, scanCode=0, metaState=0, flags=0x8, repeatCount=0, eventTime=122658, downTime=122658, deviceId=-1, source=0x101 }
D/InputEventConsistencyVerifier(  420):   -- recent events --
D/InputEventConsistencyVerifier(  420):   1: sent at 122469000000, (unhandled) KeyEvent { action=ACTION_UP, keyCode=KEYCODE_DPAD_UP, scanCode=0, metaState=0, flags=0x8, repeatCount=0, eventTime=122469, downTime=122469, deviceId=-1, source=0x101 }
D/InputEventConsistencyVerifier(  420):   2: sent at 122103000000, (unhandled) KeyEvent { action=ACTION_DOWN, keyCode=KEYCODE_DPAD_UP, scanCode=0, metaState=0, flags=0x8, repeatCount=0, eventTime=122103, downTime=122103, deviceId=-1, source=0x101 }
D/InputEventConsistencyVerifier(  420):   3: sent at 122077000000, (unhandled) KeyEvent { action=ACTION_UP, keyCode=KEYCODE_DPAD_UP, scanCode=0, metaState=0, flags=0x8, repeatCount=0, eventTime=122077, downTime=122077, deviceId=-1, source=0x101 }
D/InputEventConsistencyVerifier(  420):   4: sent at 122073000000, (unhandled) KeyEvent { action=ACTION_DOWN, keyCode=KEYCODE_DPAD_UP, scanCode=0, metaState=0, flags=0x8, repeatCount=0, eventTime=122073, downTime=122073, deviceId=-1, source=0x101 }
D/InputEventConsistencyVerifier(  420):   5: sent at 122041000000, (unhandled) KeyEvent { action=ACTION_UP, keyCode=KEYCODE_DPAD_RIGHT, scanCode=0, metaState=0, flags=0x8, repeatCount=0, eventTime=122041, downTime=122041, deviceId=-1, source=0x101 }
W/dalvikvm(  420): DroidBox: { "FdAccess": { "path": "2f70726f632f6d656d696e666f", "id": "248526995" } }
W/DroidBox(  420): DroidBox: { "FileRW": { "operation": "read", "data": "4d656d546f74616c3a202020202020202020373438393634206b420a4d656d467265653a20202020202020202020343630373732206b420a427566666572733a20202020202020202020202035303834206b420a4361636865643a202020202020202020", "id": "248526995" } }
I/Choreographer( 1007): Skipped 30 frames!  The application may be doing too much work on its main thread.
I/Choreographer(  420): Skipped 52 frames!  The application may be doing too much work on its main thread.
W/dalvikvm(  420): DroidBox: { "FdAccess": { "path": "2f70726f632f6d656d696e666f", "id": "65438488" } }
W/DroidBox(  420): DroidBox: { "FileRW": { "operation": "read", "data": "4d656d546f74616c3a202020202020202020373438393634206b420a4d656d467265653a20202020202020202020343630363438206b420a427566666572733a20202020202020202020202035303834206b420a4361636865643a202020202020202020", "id": "65438488" } }
I/ActivityManager(  224): START {act=android.intent.action.MAIN cat=[android.intent.category.LAUNCHER] flg=0x10200000 cmp=com.jx.theme.n1814263770/com.jx.MainActivity u=0} from pid 976
I/Choreographer( 1007): Skipped 35 frames!  The application may be doing too much work on its main thread.
D/InputEventConsistencyVerifier( 1007): KeyEvent: ACTION_UP but key was not down.
D/InputEventConsistencyVerifier( 1007):   in android.view.ViewRootImpl@b3e14200
D/InputEventConsistencyVerifier( 1007):   0: sent at 123302000000, KeyEvent { action=ACTION_UP, keyCode=KEYCODE_DPAD_DOWN, scanCode=0, metaState=0, flags=0x8, repeatCount=0, eventTime=123302, downTime=123302, deviceId=-1, source=0x101 }
D/InputEventConsistencyVerifier( 1007):   -- recent events --
D/InputEventConsistencyVerifier( 1007):   1: sent at 121769988773, MotionEvent { action=ACTION_CANCEL, id[0]=0, x[0]=0.0, y[0]=0.0, toolType[0]=TOOL_TYPE_UNKNOWN, buttonState=0, metaState=0, flags=0x80000000, edgeFlags=0x0, pointerCount=1, historySize=0, eventTime=121769, downTime=121653, deviceId=0, source=0x10004 }
D/InputEventConsistencyVerifier( 1007):   2: sent at 122052000000, KeyEvent { action=ACTION_DOWN, keyCode=KEYCODE_DPAD_CENTER, scanCode=0, metaState=0, flags=0x400, repeatCount=0, eventTime=122052, downTime=122052, deviceId=-1, source=0x101 }
D/InputEventConsistencyVerifier( 1007):   3: sent at 121713000000, MotionEvent { action=ACTION_DOWN, id[0]=0, x[0]=0.0, y[0]=0.0, toolType[0]=TOOL_TYPE_UNKNOWN, buttonState=0, metaState=0, flags=0x80000000, edgeFlags=0x0, pointerCount=1, historySize=0, eventTime=121713, downTime=121653, deviceId=0, source=0x10004 }
D/InputEventConsistencyVerifier( 1007):   4: sent at 121689000000, MotionEvent { action=ACTION_MOVE, id[0]=0, x[0]=-1.0, y[0]=-1.0, toolType[0]=TOOL_TYPE_UNKNOWN, buttonState=0, metaState=0, flags=0x0, edgeFlags=0x0, pointerCount=1, historySize=9, eventTime=121689, downTime=-1, deviceId=0, source=0x10004 }
D/InputEventConsistencyVerifier( 1007):   5: sent at 121620000000, MotionEvent { action=ACTION_UP, id[0]=0, x[0]=179.0, y[0]=21.0, toolType[0]=TOOL_TYPE_UNKNOWN, buttonState=0, metaState=0, flags=0x0, edgeFlags=0x0, pointerCount=1, historySize=0, eventTime=121620, downTime=121611, deviceId=0, source=0x1002 }
D/InputEventConsistencyVerifier( 1007): KeyEvent: ACTION_DOWN but key is already down and this event is not a key repeat.
D/InputEventConsistencyVerifier( 1007):   in android.view.ViewRootImpl@b3e14200
D/InputEventConsistencyVerifier( 1007):   0: sent at 123464000000, KeyEvent { action=ACTION_DOWN, keyCode=KEYCODE_DPAD_CENTER, scanCode=0, metaState=0, flags=0x8, repeatCount=0, eventTime=123464, downTime=123464, deviceId=-1, source=0x101 }
D/InputEventConsistencyVerifier( 1007):   -- recent events --
D/InputEventConsistencyVerifier( 1007):   1: sent at 123302000000, KeyEvent { action=ACTION_UP, keyCode=KEYCODE_DPAD_DOWN, scanCode=0, metaState=0, flags=0x80000008, repeatCount=0, eventTime=123302, downTime=123302, deviceId=-1, source=0x101 }
D/InputEventConsistencyVerifier( 1007):   2: sent at 121769988773, MotionEvent { action=ACTION_CANCEL, id[0]=0, x[0]=0.0, y[0]=0.0, toolType[0]=TOOL_TYPE_UNKNOWN, buttonState=0, metaState=0, flags=0x80000000, edgeFlags=0x0, pointerCount=1, historySize=0, eventTime=121769, downTime=121653, deviceId=0, source=0x10004 }
D/InputEventConsistencyVerifier( 1007):   3: sent at 122052000000, KeyEvent { action=ACTION_DOWN, keyCode=KEYCODE_DPAD_CENTER, scanCode=0, metaState=0, flags=0x400, repeatCount=0, eventTime=122052, downTime=122052, deviceId=-1, source=0x101 }
D/InputEventConsistencyVerifier( 1007):   4: sent at 121713000000, MotionEvent { action=ACTION_DOWN, id[0]=0, x[0]=0.0, y[0]=0.0, toolType[0]=TOOL_TYPE_UNKNOWN, buttonState=0, metaState=0, flags=0x80000000, edgeFlags=0x0, pointerCount=1, historySize=0, eventTime=121713, downTime=121653, deviceId=0, source=0x10004 }
D/InputEventConsistencyVerifier( 1007):   5: sent at 121689000000, MotionEvent { action=ACTION_MOVE, id[0]=0, x[0]=-1.0, y[0]=-1.0, toolType[0]=TOOL_TYPE_UNKNOWN, buttonState=0, metaState=0, flags=0x0, edgeFlags=0x0, pointerCount=1, historySize=9, eventTime=121689, downTime=-1, deviceId=0, source=0x10004 }
D/InputEventConsistencyVerifier(  420): KeyEvent: ACTION_UP but key was not down.
D/InputEventConsistencyVerifier(  420):   in android.widget.FrameLayout@b3e2f088
D/InputEventConsistencyVerifier(  420):   0: sent at 123462000000, KeyEvent { action=ACTION_UP, keyCode=KEYCODE_DPAD_DOWN, scanCode=0, metaState=0, flags=0x28, repeatCount=0, eventTime=123462, downTime=123296, deviceId=-1, source=0x101 }
D/InputEventConsistencyVerifier(  420):   -- recent events --
D/InputEventConsistencyVerifier(  420):   1: sent at 119163000000, MotionEvent { action=ACTION_UP, id[0]=0, x[0]=134.0, y[0]=130.0, toolType[0]=TOOL_TYPE_UNKNOWN, buttonState=0, metaState=0, flags=0x0, edgeFlags=0x0, pointerCount=1, historySize=0, eventTime=119163, downTime=119154, deviceId=0, source=0x1002 }
D/InputEventConsistencyVerifier(  420):   2: sent at 119155000000, MotionEvent { action=ACTION_DOWN, id[0]=0, x[0]=132.0, y[0]=148.0, toolType[0]=TOOL_TYPE_UNKNOWN, buttonState=0, metaState=0, flags=0x0, edgeFlags=0x0, pointerCount=1, historySize=0, eventTime=119155, downTime=119154, deviceId=0, source=0x1002 }
D/InputEventConsistencyVerifier(  420):   3: sent at 119146000000, MotionEvent { action=ACTION_UP, id[0]=0, x[0]=218.0, y[0]=606.0, toolType[0]=TOOL_TYPE_UNKNOWN, buttonState=0, metaState=0, flags=0x0, edgeFlags=0x0, pointerCount=1, historySize=0, eventTime=119146, downTime=119130, deviceId=0, source=0x1002 }
D/InputEventConsistencyVerifier(  420):   4: sent at 119140000000, MotionEvent { action=ACTION_DOWN, id[0]=0, x[0]=208.0, y[0]=606.0, toolType[0]=TOOL_TYPE_UNKNOWN, buttonState=0, metaState=0, flags=0x0, edgeFlags=0x0, pointerCount=1, historySize=0, eventTime=119140, downTime=119130, deviceId=0, source=0x1002 }
D/InputEventConsistencyVerifier(  420):   5: sent at 119071000000, MotionEvent { action=ACTION_UP, id[0]=0, x[0]=395.0, y[0]=374.0, toolType[0]=TOOL_TYPE_UNKNOWN, buttonState=0, metaState=0, flags=0x0, edgeFlags=0x0, pointerCount=1, historySize=0, eventTime=119071, downTime=119050, deviceId=0, source=0x1002 }
I/Choreographer(  224): Skipped 108 frames!  The application may be doing too much work on its main thread.
I/Choreographer( 1007): Skipped 45 frames!  The application may be doing too much work on its main thread.
I/Choreographer(  420): Skipped 100 frames!  The application may be doing too much work on its main thread.
D/PhoneStatusBar(  420): disable: < expand icons alerts ticker* system_info back home recent clock >
V/PhoneStatusBar(  420): setLightsOn(true)
D/InputEventConsistencyVerifier( 1007): TrackballEvent: Trackball is down but pressure is not greater than 0.
D/InputEventConsistencyVerifier( 1007):   in android.view.ViewRootImpl@b3e14200
D/InputEventConsistencyVerifier( 1007):   0: sent at 123976000000, MotionEvent { action=ACTION_MOVE, id[0]=0, x[0]=-2.0, y[0]=3.0, toolType[0]=TOOL_TYPE_UNKNOWN, buttonState=0, metaState=0, flags=0x0, edgeFlags=0x0, pointerCount=1, historySize=9, eventTime=123976, downTime=-1, deviceId=0, source=0x10004 }
D/InputEventConsistencyVerifier( 1007):   -- recent events --
D/InputEventConsistencyVerifier( 1007):   1: sent at 123885000000, KeyEvent { action=ACTION_UP, keyCode=KEYCODE_SETTINGS, scanCode=0, metaState=0, flags=0x8, repeatCount=0, eventTime=123885, downTime=123885, deviceId=-1, source=0x101 }
D/InputEventConsistencyVerifier( 1007):   2: sent at 123827000000, KeyEvent { action=ACTION_DOWN, keyCode=KEYCODE_SETTINGS, scanCode=0, metaState=0, flags=0x8, repeatCount=0, eventTime=123827, downTime=123827, deviceId=-1, source=0x101 }
D/InputEventConsistencyVerifier( 1007):   3: sent at 123796000000, KeyEvent { action=ACTION_UP, keyCode=KEYCODE_DPAD_CENTER, scanCode=0, metaState=0, flags=0x8, repeatCount=0, eventTime=123796, downTime=123796, deviceId=-1, source=0x101 }
D/InputEventConsistencyVerifier( 1007):   4: sent at 123786000000, KeyEvent { action=ACTION_DOWN, keyCode=KEYCODE_DPAD_CENTER, scanCode=0, metaState=0, flags=0x8, repeatCount=0, eventTime=123786, downTime=123786, deviceId=-1, source=0x101 }
D/InputEventConsistencyVerifier( 1007):   5: sent at 123695000000, KeyEvent { action=ACTION_UP, keyCode=KEYCODE_DPAD_DOWN, scanCode=0, metaState=0, flags=0x8, repeatCount=0, eventTime=123695, downTime=123695, deviceId=-1, source=0x101 }
E/WVMExtractor(   63): Failed to open libwvm.so
I/ActivityManager(  224): START {act=android.intent.action.CALL_BUTTON flg=0x10000000 cmp=com.android.contacts/.activities.DialtactsActivity u=0} from pid 1007
I/AudioService(  224):   Remote Control   registerMediaButtonIntent() for PendingIntent{b3ff66c0: PendingIntentRecord{b3ff5ef8 com.android.music broadcastIntent}}
I/Choreographer( 1007): Skipped 68 frames!  The application may be doing too much work on its main thread.
D/InputEventConsistencyVerifier( 1007): TrackballEvent: Trackball is down but pressure is not greater than 0.
D/InputEventConsistencyVerifier( 1007):   in android.view.ViewRootImpl@b3e14200
D/InputEventConsistencyVerifier( 1007):   0: sent at 124389000000, MotionEvent { action=ACTION_MOVE, id[0]=0, x[0]=4.0, y[0]=0.0, toolType[0]=TOOL_TYPE_UNKNOWN, buttonState=0, metaState=0, flags=0x0, edgeFlags=0x0, pointerCount=1, historySize=7, eventTime=124389, downTime=-1, deviceId=0, source=0x10004 }
D/InputEventConsistencyVerifier( 1007):   -- recent events --
D/InputEventConsistencyVerifier( 1007):   1: sent at 124312000000, KeyEvent { action=ACTION_UP, keyCode=KEYCODE_DPAD_CENTER, scanCode=0, metaState=0, flags=0x8, repeatCount=0, eventTime=124312, downTime=124312, deviceId=-1, source=0x101 }
D/InputEventConsistencyVerifier( 1007):   2: sent at 124194000000, KeyEvent { action=ACTION_DOWN, keyCode=KEYCODE_DPAD_CENTER, scanCode=0, metaState=0, flags=0x8, repeatCount=0, eventTime=124194, downTime=124194, deviceId=-1, source=0x101 }
D/InputEventConsistencyVerifier( 1007):   3: sent at 124135000000, KeyEvent { action=ACTION_UP, keyCode=KEYCODE_CALL, scanCode=0, metaState=0, flags=0x8, repeatCount=0, eventTime=124135, downTime=124135, deviceId=-1, source=0x101 }
D/InputEventConsistencyVerifier( 1007):   4: sent at 124117000000, KeyEvent { action=ACTION_DOWN, keyCode=KEYCODE_CALL, scanCode=0, metaState=0, flags=0x8, repeatCount=0, eventTime=124117, downTime=124117, deviceId=-1, source=0x101 }
D/InputEventConsistencyVerifier( 1007):   5: sent at 124103000000, KeyEvent { action=ACTION_UP, keyCode=KEYCODE_STB_POWER, scanCode=0, metaState=0, flags=0x8, repeatCount=0, eventTime=124103, downTime=124103, deviceId=-1, source=0x101 }
D/InputEventConsistencyVerifier( 1007): TrackballEvent: Trackball is down but pressure is not greater than 0.
D/InputEventConsistencyVerifier( 1007):   in android.view.ViewRootImpl@b3e14200
D/InputEventConsistencyVerifier( 1007):   0: sent at 124405000000, MotionEvent { action=ACTION_MOVE, id[0]=0, x[0]=-3.0, y[0]=0.0, toolType[0]=TOOL_TYPE_UNKNOWN, buttonState=0, metaState=0, flags=0x0, edgeFlags=0x0, pointerCount=1, historySize=1, eventTime=124405, downTime=-1, deviceId=0, source=0x10004 }
D/InputEventConsistencyVerifier( 1007):   -- recent events --
D/InputEventConsistencyVerifier( 1007):   1: sent at 124448000000, KeyEvent { action=ACTION_UP, keyCode=KEYCODE_DPAD_RIGHT, scanCode=0, metaState=0, flags=0x400, repeatCount=0, eventTime=124448, downTime=124448, deviceId=-1, source=0x101 }
