D/InputEventConsistencyVerifier(  426):   2: sent at 199057000000, KeyEvent { action=ACTION_DOWN, keyCode=KEYCODE_DPAD_RIGHT, scanCode=0, metaState=0, flags=0x400, repeatCount=0, eventTime=199057, downTime=199057, deviceId=-1, source=0x101 }
D/InputEventConsistencyVerifier(  426):   3: sent at 199057000000, KeyEvent { action=ACTION_UP, keyCode=KEYCODE_DPAD_RIGHT, scanCode=0, metaState=0, flags=0x400, repeatCount=0, eventTime=199057, downTime=199057, deviceId=-1, source=0x101 }
D/InputEventConsistencyVerifier(  426):   4: sent at 199057000000, KeyEvent { action=ACTION_DOWN, keyCode=KEYCODE_DPAD_RIGHT, scanCode=0, metaState=0, flags=0x400, repeatCount=0, eventTime=199057, downTime=199057, deviceId=-1, source=0x101 }
D/InputEventConsistencyVerifier(  426):   5: sent at 199057000000, KeyEvent { action=ACTION_UP, keyCode=KEYCODE_DPAD_RIGHT, scanCode=0, metaState=0, flags=0x400, repeatCount=0, eventTime=199057, downTime=199057, deviceId=-1, source=0x101 }
E/WVMExtractor(   62): Failed to open libwvm.so
D/InputEventConsistencyVerifier(  426): KeyEvent: ACTION_UP but key was not down.
D/InputEventConsistencyVerifier(  426):   in com.android.systemui.statusbar.phone.StatusBarWindowView@b3e64248
D/InputEventConsistencyVerifier(  426):   0: sent at 199671000000, KeyEvent { action=ACTION_UP, keyCode=KEYCODE_DPAD_DOWN, scanCode=0, metaState=0, flags=0x8, repeatCount=0, eventTime=199671, downTime=199671, deviceId=-1, source=0x101 }
D/InputEventConsistencyVerifier(  426):   -- recent events --
D/InputEventConsistencyVerifier(  426):   1: sent at 199638000000, MotionEvent { action=ACTION_UP, id[0]=0, x[0]=411.0, y[0]=286.0, toolType[0]=TOOL_TYPE_UNKNOWN, buttonState=0, metaState=0, flags=0x0, edgeFlags=0x0, pointerCount=1, historySize=0, eventTime=199638, downTime=199566, deviceId=0, source=0x1002 }
D/InputEventConsistencyVerifier(  426):   2: sent at 199635000000, MotionEvent { action=ACTION_MOVE, id[0]=0, x[0]=410.0, y[0]=288.0, toolType[0]=TOOL_TYPE_UNKNOWN, buttonState=0, metaState=0, flags=0x0, edgeFlags=0x0, pointerCount=1, historySize=1, eventTime=199635, downTime=199566, deviceId=0, source=0x1002 }
D/InputEventConsistencyVerifier(  426):   3: sent at 199600500000, MotionEvent { action=ACTION_MOVE, id[0]=0, x[0]=396.5, y[0]=288.0, toolType[0]=TOOL_TYPE_UNKNOWN, buttonState=0, metaState=0, flags=0x0, edgeFlags=0x0, pointerCount=1, historySize=1, eventTime=199600, downTime=199566, deviceId=0, source=0x1002 }
D/InputEventConsistencyVerifier(  426):   4: sent at 199598719800, MotionEvent { action=ACTION_MOVE, id[0]=0, x[0]=387.599, y[0]=290.3736, toolType[0]=TOOL_TYPE_UNKNOWN, buttonState=0, metaState=0, flags=0x0, edgeFlags=0x0, pointerCount=1, historySize=4, eventTime=199598, downTime=199566, deviceId=0, source=0x1002 }
D/InputEventConsistencyVerifier(  426):   5: sent at 199569000000, MotionEvent { action=ACTION_DOWN, id[0]=0, x[0]=342.0, y[0]=301.0, toolType[0]=TOOL_TYPE_UNKNOWN, buttonState=0, metaState=0, flags=0x0, edgeFlags=0x0, pointerCount=1, historySize=0, eventTime=199569, downTime=199566, deviceId=0, source=0x1002 }
D/InputEventConsistencyVerifier(  426): TouchEvent: ACTION_DOWN but pointers are already down.  Probably missing ACTION_UP from previous gesture.
D/InputEventConsistencyVerifier(  426):   in android.view.ScaleGestureDetector@b3f03c88
D/InputEventConsistencyVerifier(  426):   0: sent at 199736000000, MotionEvent { action=ACTION_DOWN, id[0]=0, x[0]=299.0, y[0]=348.0, toolType[0]=TOOL_TYPE_UNKNOWN, buttonState=0, metaState=0, flags=0x0, edgeFlags=0x0, pointerCount=1, historySize=0, eventTime=199736, downTime=199735, deviceId=0, source=0x1002 }
D/InputEventConsistencyVerifier(  426):   -- recent events --
D/InputEventConsistencyVerifier(  426):   1: sent at 199600500000, MotionEvent { action=ACTION_MOVE, id[0]=0, x[0]=396.5, y[0]=288.0, toolType[0]=TOOL_TYPE_UNKNOWN, buttonState=0, metaState=0, flags=0x0, edgeFlags=0x0, pointerCount=1, historySize=1, eventTime=199600, downTime=199566, deviceId=0, source=0x1002 }
D/InputEventConsistencyVerifier(  426):   2: sent at 199598719800, MotionEvent { action=ACTION_MOVE, id[0]=0, x[0]=387.599, y[0]=290.3736, toolType[0]=TOOL_TYPE_UNKNOWN, buttonState=0, metaState=0, flags=0x0, edgeFlags=0x0, pointerCount=1, historySize=4, eventTime=199598, downTime=199566, deviceId=0, source=0x1002 }
D/InputEventConsistencyVerifier(  426):   3: sent at 199569000000, MotionEvent { action=ACTION_DOWN, id[0]=0, x[0]=342.0, y[0]=301.0, toolType[0]=TOOL_TYPE_UNKNOWN, buttonState=0, metaState=0, flags=0x0, edgeFlags=0x0, pointerCount=1, historySize=0, eventTime=199569, downTime=199566, deviceId=0, source=0x1002 }
D/InputEventConsistencyVerifier(  426):   4: sent at 199508000000, MotionEvent { action=ACTION_UP, id[0]=0, x[0]=106.0, y[0]=294.0, toolType[0]=TOOL_TYPE_UNKNOWN, buttonState=0, metaState=0, flags=0x0, edgeFlags=0x0, pointerCount=1, historySize=0, eventTime=199508, downTime=199502, deviceId=0, source=0x1002 }
D/InputEventConsistencyVerifier(  426):   5: sent at 199503000000, MotionEvent { action=ACTION_DOWN, id[0]=0, x[0]=103.0, y[0]=280.0, toolType[0]=TOOL_TYPE_UNKNOWN, buttonState=0, metaState=0, flags=0x0, edgeFlags=0x0, pointerCount=1, historySize=0, eventTime=199503, downTime=199502, deviceId=0, source=0x1002 }
D/InputEventConsistencyVerifier(  426): TouchEvent: ACTION_DOWN but pointers are already down.  Probably missing ACTION_UP from previous gesture.
D/InputEventConsistencyVerifier(  426):   in android.view.ScaleGestureDetector@b3f03c88
D/InputEventConsistencyVerifier(  426):   0: sent at 199945000000, MotionEvent { action=ACTION_DOWN, id[0]=0, x[0]=439.0, y[0]=575.0, toolType[0]=TOOL_TYPE_UNKNOWN, buttonState=0, metaState=0, flags=0x0, edgeFlags=0x0, pointerCount=1, historySize=0, eventTime=199945, downTime=199943, deviceId=0, source=0x1002 }
D/InputEventConsistencyVerifier(  426):   -- recent events --
D/InputEventConsistencyVerifier(  426):   1: sent at 199790000000, MotionEvent { action=ACTION_MOVE, id[0]=0, x[0]=120.0, y[0]=584.0, toolType[0]=TOOL_TYPE_UNKNOWN, buttonState=0, metaState=0, flags=0x0, edgeFlags=0x0, pointerCount=1, historySize=3, eventTime=199790, downTime=199763, deviceId=0, source=0x1002 }
D/InputEventConsistencyVerifier(  426):   2: sent at 199764000000, MotionEvent { action=ACTION_DOWN, id[0]=0, x[0]=106.0, y[0]=567.0, toolType[0]=TOOL_TYPE_UNKNOWN, buttonState=0, metaState=0, flags=0x0, edgeFlags=0x0, pointerCount=1, historySize=0, eventTime=199764, downTime=199763, deviceId=0, source=0x1002 }
D/InputEventConsistencyVerifier(  426):   3: sent at 199741000000, MotionEvent { action=ACTION_UP, id[0]=0, x[0]=312.0, y[0]=341.0, toolType[0]=TOOL_TYPE_UNKNOWN, buttonState=0, metaState=0, flags=0x0, edgeFlags=0x0, pointerCount=1, historySize=0, eventTime=199741, downTime=199735, deviceId=0, source=0x1002 }
D/InputEventConsistencyVerifier(  426):   4: sent at 199736000000, MotionEvent { action=ACTION_DOWN, id[0]=0, x[0]=299.0, y[0]=348.0, toolType[0]=TOOL_TYPE_UNKNOWN, buttonState=0, metaState=0, flags=0x80000000, edgeFlags=0x0, pointerCount=1, historySize=0, eventTime=199736, downTime=199735, deviceId=0, source=0x1002 }
D/InputEventConsistencyVerifier(  426):   5: sent at 199600500000, MotionEvent { action=ACTION_MOVE, id[0]=0, x[0]=396.5, y[0]=288.0, toolType[0]=TOOL_TYPE_UNKNOWN, buttonState=0, metaState=0, flags=0x0, edgeFlags=0x0, pointerCount=1, historySize=1, eventTime=199600, downTime=199566, deviceId=0, source=0x1002 }
I/Choreographer(  426): Skipped 61 frames!  The application may be doing too much work on its main thread.
D/InputEventConsistencyVerifier(  426): KeyEvent: ACTION_UP but key was not down.
D/InputEventConsistencyVerifier(  426):   in com.android.systemui.statusbar.phone.StatusBarWindowView@b3e64248
D/InputEventConsistencyVerifier(  426):   0: sent at 200044000000, KeyEvent { action=ACTION_UP, keyCode=KEYCODE_DPAD_UP, scanCode=0, metaState=0, flags=0x8, repeatCount=0, eventTime=200044, downTime=200044, deviceId=-1, source=0x101 }
D/InputEventConsistencyVerifier(  426):   -- recent events --
D/InputEventConsistencyVerifier(  426):   1: sent at 199969000000, MotionEvent { action=ACTION_UP, id[0]=0, x[0]=446.0, y[0]=686.0, toolType[0]=TOOL_TYPE_UNKNOWN, buttonState=0, metaState=0, flags=0x0, edgeFlags=0x0, pointerCount=1, historySize=0, eventTime=199969, downTime=199943, deviceId=0, source=0x1002 }
D/InputEventConsistencyVerifier(  426):   2: sent at 199967000000, MotionEvent { action=ACTION_MOVE, id[0]=0, x[0]=443.0, y[0]=668.0, toolType[0]=TOOL_TYPE_UNKNOWN, buttonState=0, metaState=0, flags=0x0, edgeFlags=0x0, pointerCount=1, historySize=6, eventTime=199967, downTime=199943, deviceId=0, source=0x1002 }
D/InputEventConsistencyVerifier(  426):   3: sent at 199945000000, MotionEvent { action=ACTION_DOWN, id[0]=0, x[0]=439.0, y[0]=575.0, toolType[0]=TOOL_TYPE_UNKNOWN, buttonState=0, metaState=0, flags=0x0, edgeFlags=0x0, pointerCount=1, historySize=0, eventTime=199945, downTime=199943, deviceId=0, source=0x1002 }
D/InputEventConsistencyVerifier(  426):   4: sent at 199814000000, (unhandled) KeyEvent { action=ACTION_UP, keyCode=KEYCODE_NUMPAD_SUBTRACT, scanCode=0, metaState=0, flags=0x8, repeatCount=0, eventTime=199814, downTime=199814, deviceId=-1, source=0x101 }
D/InputEventConsistencyVerifier(  426):   5: sent at 199809000000, (unhandled) KeyEvent { action=ACTION_DOWN, keyCode=KEYCODE_NUMPAD_SUBTRACT, scanCode=0, metaState=0, flags=0x8, repeatCount=0, eventTime=199809, downTime=199809, deviceId=-1, source=0x101 }
D/InputEventConsistencyVerifier(  426): TouchEvent: ACTION_DOWN but pointers are already down.  Probably missing ACTION_UP from previous gesture.
D/InputEventConsistencyVerifier(  426):   in android.view.ScaleGestureDetector@b3f03c88
D/InputEventConsistencyVerifier(  426):   0: sent at 200057000000, MotionEvent { action=ACTION_DOWN, id[0]=0, x[0]=112.0, y[0]=795.0, toolType[0]=TOOL_TYPE_UNKNOWN, buttonState=0, metaState=0, flags=0x0, edgeFlags=0x0, pointerCount=1, historySize=0, eventTime=200057, downTime=200055, deviceId=0, source=0x1002 }
D/InputEventConsistencyVerifier(  426):   -- recent events --
D/InputEventConsistencyVerifier(  426):   1: sent at 199967000000, MotionEvent { action=ACTION_MOVE, id[0]=0, x[0]=443.0, y[0]=668.0, toolType[0]=TOOL_TYPE_UNKNOWN, buttonState=0, metaState=0, flags=0x0, edgeFlags=0x0, pointerCount=1, historySize=6, eventTime=199967, downTime=199943, deviceId=0, source=0x1002 }
D/InputEventConsistencyVerifier(  426):   2: sent at 199945000000, MotionEvent { action=ACTION_DOWN, id[0]=0, x[0]=439.0, y[0]=575.0, toolType[0]=TOOL_TYPE_UNKNOWN, buttonState=0, metaState=0, flags=0x80000000, edgeFlags=0x0, pointerCount=1, historySize=0, eventTime=199945, downTime=199943, deviceId=0, source=0x1002 }
D/InputEventConsistencyVerifier(  426):   3: sent at 199790000000, MotionEvent { action=ACTION_MOVE, id[0]=0, x[0]=120.0, y[0]=584.0, toolType[0]=TOOL_TYPE_UNKNOWN, buttonState=0, metaState=0, flags=0x0, edgeFlags=0x0, pointerCount=1, historySize=3, eventTime=199790, downTime=199763, deviceId=0, source=0x1002 }
D/InputEventConsistencyVerifier(  426):   4: sent at 199764000000, MotionEvent { action=ACTION_DOWN, id[0]=0, x[0]=106.0, y[0]=567.0, toolType[0]=TOOL_TYPE_UNKNOWN, buttonState=0, metaState=0, flags=0x0, edgeFlags=0x0, pointerCount=1, historySize=0, eventTime=199764, downTime=199763, deviceId=0, source=0x1002 }
D/InputEventConsistencyVerifier(  426):   5: sent at 199741000000, MotionEvent { action=ACTION_UP, id[0]=0, x[0]=312.0, y[0]=341.0, toolType[0]=TOOL_TYPE_UNKNOWN, buttonState=0, metaState=0, flags=0x0, edgeFlags=0x0, pointerCount=1, historySize=0, eventTime=199741, downTime=199735, deviceId=0, source=0x1002 }
W/dalvikvm(  426): DroidBox: { "FdAccess": { "path": "2f70726f632f6d656d696e666f", "id": "123282584" } }
W/DroidBox(  426): DroidBox: { "FileRW": { "operation": "read", "data": "4d656d546f74616c3a202020202020202020373438393634206b420a4d656d467265653a20202020202020202020343533393932206b420a427566666572733a20202020202020202020202035353238206b420a4361636865643a202020202020202020", "id": "123282584" } }
D/InputEventConsistencyVerifier(  426): KeyEvent: ACTION_UP but key was not down.
D/InputEventConsistencyVerifier(  426):   in com.android.systemui.statusbar.phone.StatusBarWindowView@b3e64248
D/InputEventConsistencyVerifier(  426):   0: sent at 200198000000, KeyEvent { action=ACTION_UP, keyCode=KEYCODE_DPAD_CENTER, scanCode=0, metaState=0, flags=0x8, repeatCount=0, eventTime=200198, downTime=200198, deviceId=-1, source=0x101 }
D/InputEventConsistencyVerifier(  426):   -- recent events --
D/InputEventConsistencyVerifier(  426):   1: sent at 200108000000, MotionEvent { action=ACTION_UP, id[0]=0, x[0]=102.0, y[0]=763.0, toolType[0]=TOOL_TYPE_UNKNOWN, buttonState=0, metaState=0, flags=0x0, edgeFlags=0x0, pointerCount=1, historySize=0, eventTime=200108, downTime=200055, deviceId=0, source=0x1002 }
D/InputEventConsistencyVerifier(  426):   2: sent at 200104000000, MotionEvent { action=ACTION_MOVE, id[0]=0, x[0]=109.0, y[0]=768.0, toolType[0]=TOOL_TYPE_UNKNOWN, buttonState=0, metaState=0, flags=0x0, edgeFlags=0x0, pointerCount=1, historySize=3, eventTime=200104, downTime=200055, deviceId=0, source=0x1002 }
D/InputEventConsistencyVerifier(  426):   3: sent at 200057000000, MotionEvent { action=ACTION_DOWN, id[0]=0, x[0]=112.0, y[0]=795.0, toolType[0]=TOOL_TYPE_UNKNOWN, buttonState=0, metaState=0, flags=0x0, edgeFlags=0x0, pointerCount=1, historySize=0, eventTime=200057, downTime=200055, deviceId=0, source=0x1002 }
D/InputEventConsistencyVerifier(  426):   4: sent at 200044000000, (unhandled) KeyEvent { action=ACTION_UP, keyCode=KEYCODE_DPAD_UP, scanCode=0, metaState=0, flags=0x80000008, repeatCount=0, eventTime=200044, downTime=200044, deviceId=-1, source=0x101 }
D/InputEventConsistencyVerifier(  426):   5: sent at 199969000000, MotionEvent { action=ACTION_UP, id[0]=0, x[0]=446.0, y[0]=686.0, toolType[0]=TOOL_TYPE_UNKNOWN, buttonState=0, metaState=0, flags=0x0, edgeFlags=0x0, pointerCount=1, historySize=0, eventTime=199969, downTime=199943, deviceId=0, source=0x1002 }
W/dalvikvm(  426): DroidBox: { "FdAccess": { "path": "2f70726f632f6d656d696e666f", "id": "1934115632" } }
W/DroidBox(  426): DroidBox: { "FileRW": { "operation": "read", "data": "4d656d546f74616c3a202020202020202020373438393634206b420a4d656d467265653a20202020202020202020343533393932206b420a427566666572733a20202020202020202020202035353238206b420a4361636865643a202020202020202020", "id": "1934115632" } }
D/InputEventConsistencyVerifier(  426): KeyEvent: ACTION_UP but key was not down.
D/InputEventConsistencyVerifier(  426):   in com.android.systemui.statusbar.phone.StatusBarWindowView@b3e64248
D/InputEventConsistencyVerifier(  426):   0: sent at 200329000000, KeyEvent { action=ACTION_UP, keyCode=KEYCODE_DPAD_CENTER, scanCode=0, metaState=0, flags=0x8, repeatCount=0, eventTime=200329, downTime=200329, deviceId=-1, source=0x101 }
D/InputEventConsistencyVerifier(  426):   -- recent events --
D/InputEventConsistencyVerifier(  426):   1: sent at 200253000000, MotionEvent { action=ACTION_UP, id[0]=0, x[0]=186.0, y[0]=703.0, toolType[0]=TOOL_TYPE_UNKNOWN, buttonState=0, metaState=0, flags=0x0, edgeFlags=0x0, pointerCount=1, historySize=0, eventTime=200253, downTime=200214, deviceId=0, source=0x1002 }
D/InputEventConsistencyVerifier(  426):   2: sent at 200251000000, MotionEvent { action=ACTION_MOVE, id[0]=0, x[0]=184.0, y[0]=695.0, toolType[0]=TOOL_TYPE_UNKNOWN, buttonState=0, metaState=0, flags=0x0, edgeFlags=0x0, pointerCount=1, historySize=7, eventTime=200251, downTime=200214, deviceId=0, source=0x1002 }
D/InputEventConsistencyVerifier(  426):   3: sent at 200217000000, MotionEvent { action=ACTION_DOWN, id[0]=0, x[0]=126.0, y[0]=643.0, toolType[0]=TOOL_TYPE_UNKNOWN, buttonState=0, metaState=0, flags=0x0, edgeFlags=0x0, pointerCount=1, historySize=0, eventTime=200217, downTime=200214, deviceId=0, source=0x1002 }
D/InputEventConsistencyVerifier(  426):   4: sent at 200198000000, (unhandled) KeyEvent { action=ACTION_UP, keyCode=KEYCODE_DPAD_CENTER, scanCode=0, metaState=0, flags=0x80000008, repeatCount=0, eventTime=200198, downTime=200198, deviceId=-1, source=0x101 }
D/InputEventConsistencyVerifier(  426):   5: sent at 200108000000, MotionEvent { action=ACTION_UP, id[0]=0, x[0]=102.0, y[0]=763.0, toolType[0]=TOOL_TYPE_UNKNOWN, buttonState=0, metaState=0, flags=0x0, edgeFlags=0x0, pointerCount=1, historySize=0, eventTime=200108, downTime=200055, deviceId=0, source=0x1002 }
W/dalvikvm(  426): DroidBox: { "FdAccess": { "path": "2f70726f632f6d656d696e666f", "id": "693468615" } }
W/DroidBox(  426): DroidBox: { "FileRW": { "operation": "read", "data": "4d656d546f74616c3a202020202020202020373438393634206b420a4d656d467265653a20202020202020202020343533393932206b420a427566666572733a20202020202020202020202035353238206b420a4361636865643a202020202020202020", "id": "693468615" } }
W/dalvikvm(  426): DroidBox: { "FdAccess": { "path": "2f70726f632f6d656d696e666f", "id": "946006850" } }
W/DroidBox(  426): DroidBox: { "FileRW": { "operation": "read", "data": "4d656d546f74616c3a202020202020202020373438393634206b420a4d656d467265653a20202020202020202020343533393932206b420a427566666572733a20202020202020202020202035353238206b420a4361636865643a202020202020202020", "id": "946006850" } }
I/Choreographer(  426): Skipped 33 frames!  The application may be doing too much work on its main thread.
D/InputEventConsistencyVerifier(  426): TouchEvent: ACTION_DOWN but pointers are already down.  Probably missing ACTION_UP from previous gesture.
D/InputEventConsistencyVerifier(  426):   in android.view.ScaleGestureDetector@b3f03c88
D/InputEventConsistencyVerifier(  426):   0: sent at 200650000000, MotionEvent { action=ACTION_DOWN, id[0]=0, x[0]=463.0, y[0]=438.0, toolType[0]=TOOL_TYPE_UNKNOWN, buttonState=0, metaState=0, flags=0x0, edgeFlags=0x0, pointerCount=1, historySize=0, eventTime=200650, downTime=200648, deviceId=0, source=0x1002 }
D/InputEventConsistencyVerifier(  426):   -- recent events --
D/InputEventConsistencyVerifier(  426):   1: sent at 200251000000, MotionEvent { action=ACTION_MOVE, id[0]=0, x[0]=184.0, y[0]=695.0, toolType[0]=TOOL_TYPE_UNKNOWN, buttonState=0, metaState=0, flags=0x0, edgeFlags=0x0, pointerCount=1, historySize=7, eventTime=200251, downTime=200214, deviceId=0, source=0x1002 }
D/InputEventConsistencyVerifier(  426):   2: sent at 200217000000, MotionEvent { action=ACTION_DOWN, id[0]=0, x[0]=126.0, y[0]=643.0, toolType[0]=TOOL_TYPE_UNKNOWN, buttonState=0, metaState=0, flags=0x0, edgeFlags=0x0, pointerCount=1, historySize=0, eventTime=200217, downTime=200214, deviceId=0, source=0x1002 }
D/InputEventConsistencyVerifier(  426):   3: sent at 200108000000, MotionEvent { action=ACTION_UP, id[0]=0, x[0]=102.0, y[0]=763.0, toolType[0]=TOOL_TYPE_UNKNOWN, buttonState=0, metaState=0, flags=0x0, edgeFlags=0x0, pointerCount=1, historySize=0, eventTime=200108, downTime=200055, deviceId=0, source=0x1002 }
D/InputEventConsistencyVerifier(  426):   4: sent at 200104000000, MotionEvent { action=ACTION_MOVE, id[0]=0, x[0]=109.0, y[0]=768.0, toolType[0]=TOOL_TYPE_UNKNOWN, buttonState=0, metaState=0, flags=0x0, edgeFlags=0x0, pointerCount=1, historySize=3, eventTime=200104, downTime=200055, deviceId=0, source=0x1002 }
D/InputEventConsistencyVerifier(  426):   5: sent at 200057000000, MotionEvent { action=ACTION_DOWN, id[0]=0, x[0]=112.0, y[0]=795.0, toolType[0]=TOOL_TYPE_UNKNOWN, buttonState=0, metaState=0, flags=0x80000000, edgeFlags=0x0, pointerCount=1, historySize=0, eventTime=200057, downTime=200055, deviceId=0, source=0x1002 }
W/dalvikvm(  426): DroidBox: { "FdAccess": { "path": "2f70726f632f6d656d696e666f", "id": "1414034577" } }
W/DroidBox(  426): DroidBox: { "FileRW": { "operation": "read", "data": "4d656d546f74616c3a202020202020202020373438393634206b420a4d656d467265653a20202020202020202020343533393932206b420a427566666572733a20202020202020202020202035353238206b420a4361636865643a202020202020202020", "id": "1414034577" } }
I/ActivityManager(  227): START {act=android.intent.action.CALL_BUTTON flg=0x10000000 cmp=com.android.contacts/.activities.DialtactsActivity u=0} from pid 426
I/Choreographer(  426): Skipped 54 frames!  The application may be doing too much work on its main thread.
D/InputEventConsistencyVerifier(  426): KeyEvent: ACTION_UP but key was not down.
D/InputEventConsistencyVerifier(  426):   in com.android.systemui.statusbar.phone.StatusBarWindowView@b3e64248
D/InputEventConsistencyVerifier(  426):   0: sent at 200873000000, KeyEvent { action=ACTION_UP, keyCode=KEYCODE_DPAD_DOWN, scanCode=0, metaState=0, flags=0x400, repeatCount=0, eventTime=200873, downTime=200873, deviceId=-1, source=0x101 }
D/InputEventConsistencyVerifier(  426):   -- recent events --
D/InputEventConsistencyVerifier(  426):   1: sent at 200861000000, (unhandled) MotionEvent { action=ACTION_MOVE, id[0]=0, x[0]=3.0, y[0]=4.0, toolType[0]=TOOL_TYPE_UNKNOWN, buttonState=0, metaState=0, flags=0x0, edgeFlags=0x0, pointerCount=1, historySize=5, eventTime=200861, downTime=-1, deviceId=0, source=0x10004 }
D/InputEventConsistencyVerifier(  426):   2: sent at 200773000000, (unhandled) KeyEvent { action=ACTION_UP, keyCode=KEYCODE_CALL, scanCode=0, metaState=0, flags=0x8, repeatCount=0, eventTime=200773, downTime=200773, deviceId=-1, source=0x101 }
D/InputEventConsistencyVerifier(  426):   3: sent at 200733000000, (unhandled) KeyEvent { action=ACTION_DOWN, keyCode=KEYCODE_CALL, scanCode=0, metaState=0, flags=0x8, repeatCount=0, eventTime=200733, downTime=200733, deviceId=-1, source=0x101 }
D/InputEventConsistencyVerifier(  426):   4: sent at 200716000000, MotionEvent { action=ACTION_UP, id[0]=0, x[0]=388.0, y[0]=505.0, toolType[0]=TOOL_TYPE_UNKNOWN, buttonState=0, metaState=0, flags=0x0, edgeFlags=0x0, pointerCount=1, historySize=0, eventTime=200716, downTime=200648, deviceId=0, source=0x1002 }
D/InputEventConsistencyVerifier(  426):   5: sent at 200714000000, MotionEvent { action=ACTION_MOVE, id[0]=0, x[0]=404.0, y[0]=494.0, toolType[0]=TOOL_TYPE_UNKNOWN, buttonState=0, metaState=0, flags=0x0, edgeFlags=0x0, pointerCount=1, historySize=6, eventTime=200714, downTime=200648, deviceId=0, source=0x1002 }
D/InputEventConsistencyVerifier(  426): KeyEvent: ACTION_UP but key was not down.
D/InputEventConsistencyVerifier(  426):   in android.widget.FrameLayout@b3e83d98
D/InputEventConsistencyVerifier(  426):   0: sent at 200873000000, KeyEvent { action=ACTION_UP, keyCode=KEYCODE_DPAD_DOWN, scanCode=0, metaState=0, flags=0x400, repeatCount=0, eventTime=200873, downTime=200873, deviceId=-1, source=0x101 }
D/InputEventConsistencyVerifier(  426):   -- recent events --
D/InputEventConsistencyVerifier(  426):   1: sent at 200716000000, MotionEvent { action=ACTION_UP, id[0]=0, x[0]=388.0, y[0]=505.0, toolType[0]=TOOL_TYPE_UNKNOWN, buttonState=0, metaState=0, flags=0x0, edgeFlags=0x0, pointerCount=1, historySize=0, eventTime=200716, downTime=200648, deviceId=0, source=0x1002 }
D/InputEventConsistencyVerifier(  426):   2: sent at 200714000000, MotionEvent { action=ACTION_MOVE, id[0]=0, x[0]=404.0, y[0]=494.0, toolType[0]=TOOL_TYPE_UNKNOWN, buttonState=0, metaState=0, flags=0x0, edgeFlags=0x0, pointerCount=1, historySize=6, eventTime=200714, downTime=200648, deviceId=0, source=0x1002 }
D/InputEventConsistencyVerifier(  426):   3: sent at 200650000000, MotionEvent { action=ACTION_DOWN, id[0]=0, x[0]=463.0, y[0]=438.0, toolType[0]=TOOL_TYPE_UNKNOWN, buttonState=0, metaState=0, flags=0x80000000, edgeFlags=0x0, pointerCount=1, historySize=0, eventTime=200650, downTime=200648, deviceId=0, source=0x1002 }
D/InputEventConsistencyVerifier(  426):   4: sent at 200253000000, MotionEvent { action=ACTION_UP, id[0]=0, x[0]=186.0, y[0]=703.0, toolType[0]=TOOL_TYPE_UNKNOWN, buttonState=0, metaState=0, flags=0x0, edgeFlags=0x0, pointerCount=1, historySize=0, eventTime=200253, downTime=200214, deviceId=0, source=0x1002 }
D/InputEventConsistencyVerifier(  426):   5: sent at 200251000000, MotionEvent { action=ACTION_MOVE, id[0]=0, x[0]=184.0, y[0]=695.0, toolType[0]=TOOL_TYPE_UNKNOWN, buttonState=0, metaState=0, flags=0x0, edgeFlags=0x0, pointerCount=1, historySize=7, eventTime=200251, downTime=200214, deviceId=0, source=0x1002 }
W/dalvikvm(  426): DroidBox: { "FdAccess": { "path": "2f70726f632f6d656d696e666f", "id": "886685368" } }
W/DroidBox(  426): DroidBox: { "FileRW": { "operation": "read", "data": "4d656d546f74616c3a202020202020202020373438393634206b420a4d656d467265653a20202020202020202020343533393932206b420a427566666572733a20202020202020202020202035353238206b420a4361636865643a202020202020202020", "id": "886685368" } }
W/dalvikvm(  426): DroidBox: { "FdAccess": { "path": "2f70726f632f6d656d696e666f", "id": "1203648289" } }
W/DroidBox(  426): DroidBox: { "FileRW": { "operation": "read", "data": "4d656d546f74616c3a202020202020202020373438393634206b420a4d656d467265653a20202020202020202020343533393932206b420a427566666572733a20202020202020202020202035353238206b420a4361636865643a202020202020202020", "id": "1203648289" } }
I/Choreographer(  426): Skipped 56 frames!  The application may be doing too much work on its main thread.
D/InputEventConsistencyVerifier(  426): KeyEvent: ACTION_UP but key was not down.
D/InputEventConsistencyVerifier(  426):   in com.android.systemui.statusbar.phone.PhoneStatusBarView@b3e661e0
D/InputEventConsistencyVerifier(  426):   0: sent at 201176000000, KeyEvent { action=ACTION_UP, keyCode=KEYCODE_DPAD_UP, scanCode=0, metaState=0, flags=0x8, repeatCount=0, eventTime=201176, downTime=201176, deviceId=-1, source=0x101 }
D/InputEventConsistencyVerifier(  426):   -- recent events --
D/InputEventConsistencyVerifier(  426):   1: sent at 200873000000, (unhandled) KeyEvent { action=ACTION_DOWN, keyCode=KEYCODE_DPAD_DOWN, scanCode=0, metaState=0, flags=0x400, repeatCount=0, eventTime=200873, downTime=200873, deviceId=-1, source=0x101 }
D/InputEventConsistencyVerifier(  426):   2: sent at 200873000000, (unhandled) KeyEvent { action=ACTION_UP, keyCode=KEYCODE_DPAD_DOWN, scanCode=0, metaState=0, flags=0x80000400, repeatCount=0, eventTime=200873, downTime=200873, deviceId=-1, source=0x101 }
D/InputEventConsistencyVerifier(  426):   3: sent at 200611000000, (unhandled) KeyEvent { action=ACTION_UP, keyCode=KEYCODE_DPAD_RIGHT, scanCode=0, metaState=0, flags=0x8, repeatCount=0, eventTime=200611, downTime=200611, deviceId=-1, source=0x101 }
D/InputEventConsistencyVerifier(  426):   4: sent at 200552000000, (unhandled) KeyEvent { action=ACTION_DOWN, keyCode=KEYCODE_DPAD_RIGHT, scanCode=0, metaState=0, flags=0x8, repeatCount=0, eventTime=200552, downTime=200552, deviceId=-1, source=0x101 }
D/InputEventConsistencyVerifier(  426):   5: sent at 200606000000, (unhandled) KeyEvent { action=ACTION_UP, keyCode=KEYCODE_DPAD_UP, scanCode=0, metaState=0, flags=0x400, repeatCount=0, eventTime=200606, downTime=200606, deviceId=-1, source=0x101 }
D/InputEventConsistencyVerifier(  426): TouchEvent: ACTION_DOWN but pointers are already down.  Probably missing ACTION_UP from previous gesture.
D/InputEventConsistencyVerifier(  426):   in android.view.ScaleGestureDetector@b3f03c88
D/InputEventConsistencyVerifier(  426):   0: sent at 201221000000, MotionEvent { action=ACTION_DOWN, id[0]=0, x[0]=217.0, y[0]=713.0, toolType[0]=TOOL_TYPE_UNKNOWN, buttonState=0, metaState=0, flags=0x0, edgeFlags=0x0, pointerCount=1, historySize=0, eventTime=201221, downTime=201221, deviceId=0, source=0x1002 }
D/InputEventConsistencyVerifier(  426):   -- recent events --
D/InputEventConsistencyVerifier(  426):   1: sent at 200714000000, MotionEvent { action=ACTION_MOVE, id[0]=0, x[0]=404.0, y[0]=494.0, toolType[0]=TOOL_TYPE_UNKNOWN, buttonState=0, metaState=0, flags=0x0, edgeFlags=0x0, pointerCount=1, historySize=6, eventTime=200714, downTime=200648, deviceId=0, source=0x1002 }
D/InputEventConsistencyVerifier(  426):   2: sent at 200650000000, MotionEvent { action=ACTION_DOWN, id[0]=0, x[0]=463.0, y[0]=438.0, toolType[0]=TOOL_TYPE_UNKNOWN, buttonState=0, metaState=0, flags=0x80000000, edgeFlags=0x0, pointerCount=1, historySize=0, eventTime=200650, downTime=200648, deviceId=0, source=0x1002 }
D/InputEventConsistencyVerifier(  426):   3: sent at 200251000000, MotionEvent { action=ACTION_MOVE, id[0]=0, x[0]=184.0, y[0]=695.0, toolType[0]=TOOL_TYPE_UNKNOWN, buttonState=0, metaState=0, flags=0x0, edgeFlags=0x0, pointerCount=1, historySize=7, eventTime=200251, downTime=200214, deviceId=0, source=0x1002 }
D/InputEventConsistencyVerifier(  426):   4: sent at 200217000000, MotionEvent { action=ACTION_DOWN, id[0]=0, x[0]=126.0, y[0]=643.0, toolType[0]=TOOL_TYPE_UNKNOWN, buttonState=0, metaState=0, flags=0x0, edgeFlags=0x0, pointerCount=1, historySize=0, eventTime=200217, downTime=200214, deviceId=0, source=0x1002 }
D/InputEventConsistencyVerifier(  426):   5: sent at 200108000000, MotionEvent { action=ACTION_UP, id[0]=0, x[0]=102.0, y[0]=763.0, toolType[0]=TOOL_TYPE_UNKNOWN, buttonState=0, metaState=0, flags=0x0, edgeFlags=0x0, pointerCount=1, historySize=0, eventTime=200108, downTime=200055, deviceId=0, source=0x1002 }
W/dalvikvm(  426): DroidBox: { "FdAccess": { "path": "2f70726f632f6d656d696e666f", "id": "964399589" } }
W/DroidBox(  426): DroidBox: { "FileRW": { "operation": "read", "data": "4d656d546f74616c3a202020202020202020373438393634206b420a4d656d467265653a20202020202020202020343533393932206b420a427566666572733a20202020202020202020202035353238206b420a4361636865643a202020202020202020", "id": "964399589" } }
D/InputEventConsistencyVerifier(  426): KeyEvent: ACTION_UP but key was not down.
D/InputEventConsistencyVerifier(  426):   in android.widget.FrameLayout@b3e83d98
D/InputEventConsistencyVerifier(  426):   0: sent at 201296000000, KeyEvent { action=ACTION_UP, keyCode=KEYCODE_DPAD_DOWN, scanCode=0, metaState=0, flags=0x400, repeatCount=0, eventTime=201296, downTime=201296, deviceId=-1, source=0x101 }
D/InputEventConsistencyVerifier(  426):   -- recent events --
D/InputEventConsistencyVerifier(  426):   1: sent at 201172000000, (unhandled) KeyEvent { action=ACTION_DOWN, keyCode=KEYCODE_DPAD_UP, scanCode=0, metaState=0, flags=0x8, repeatCount=0, eventTime=201172, downTime=201172, deviceId=-1, source=0x101 }
D/InputEventConsistencyVerifier(  426):   2: sent at 201163000000, (unhandled) KeyEvent { action=ACTION_UP, keyCode=KEYCODE_MENU, scanCode=0, metaState=0, flags=0x8, repeatCount=0, eventTime=201163, downTime=201163, deviceId=-1, source=0x101 }
D/InputEventConsistencyVerifier(  426):   3: sent at 201030000000, (unhandled) KeyEvent { action=ACTION_DOWN, keyCode=KEYCODE_MENU, scanCode=0, metaState=0, flags=0x8, repeatCount=0, eventTime=201030, downTime=201030, deviceId=-1, source=0x101 }
D/InputEventConsistencyVerifier(  426):   4: sent at 201161000000, (unhandled) KeyEvent { action=ACTION_UP, keyCode=KEYCODE_DPAD_RIGHT, scanCode=0, metaState=0, flags=0x400, repeatCount=0, eventTime=201161, downTime=201161, deviceId=-1, source=0x101 }
D/InputEventConsistencyVerifier(  426):   5: sent at 201161000000, (unhandled) KeyEvent { action=ACTION_DOWN, keyCode=KEYCODE_DPAD_RIGHT, scanCode=0, metaState=0, flags=0x400, repeatCount=0, eventTime=201161, downTime=201161, deviceId=-1, source=0x101 }
W/InputMethodManagerService(  227): Window already focused, ignoring focus gain of: com.android.internal.view.IInputMethodClient$Stub$Proxy@b41a9768 attribute=null
D/InputEventConsistencyVerifier(  426): TouchEvent: ACTION_DOWN but pointers are already down.  Probably missing ACTION_UP from previous gesture.
D/InputEventConsistencyVerifier(  426):   in android.view.ScaleGestureDetector@b3f03c88
D/InputEventConsistencyVerifier(  426):   0: sent at 201369000000, MotionEvent { action=ACTION_DOWN, id[0]=0, x[0]=402.0, y[0]=632.0, toolType[0]=TOOL_TYPE_UNKNOWN, buttonState=0, metaState=0, flags=0x0, edgeFlags=0x0, pointerCount=1, historySize=0, eventTime=201369, downTime=201367, deviceId=0, source=0x1002 }
D/InputEventConsistencyVerifier(  426):   -- recent events --
D/InputEventConsistencyVerifier(  426):   1: sent at 201221000000, MotionEvent { action=ACTION_DOWN, id[0]=0, x[0]=217.0, y[0]=713.0, toolType[0]=TOOL_TYPE_UNKNOWN, buttonState=0, metaState=0, flags=0x80000000, edgeFlags=0x0, pointerCount=1, historySize=0, eventTime=201221, downTime=201221, deviceId=0, source=0x1002 }
D/InputEventConsistencyVerifier(  426):   2: sent at 200714000000, MotionEvent { action=ACTION_MOVE, id[0]=0, x[0]=404.0, y[0]=494.0, toolType[0]=TOOL_TYPE_UNKNOWN, buttonState=0, metaState=0, flags=0x0, edgeFlags=0x0, pointerCount=1, historySize=6, eventTime=200714, downTime=200648, deviceId=0, source=0x1002 }
D/InputEventConsistencyVerifier(  426):   3: sent at 200650000000, MotionEvent { action=ACTION_DOWN, id[0]=0, x[0]=463.0, y[0]=438.0, toolType[0]=TOOL_TYPE_UNKNOWN, buttonState=0, metaState=0, flags=0x80000000, edgeFlags=0x0, pointerCount=1, historySize=0, eventTime=200650, downTime=200648, deviceId=0, source=0x1002 }
D/InputEventConsistencyVerifier(  426):   4: sent at 200251000000, MotionEvent { action=ACTION_MOVE, id[0]=0, x[0]=184.0, y[0]=695.0, toolType[0]=TOOL_TYPE_UNKNOWN, buttonState=0, metaState=0, flags=0x0, edgeFlags=0x0, pointerCount=1, historySize=7, eventTime=200251, downTime=200214, deviceId=0, source=0x1002 }
D/InputEventConsistencyVerifier(  426):   5: sent at 200217000000, MotionEvent { action=ACTION_DOWN, id[0]=0, x[0]=126.0, y[0]=643.0, toolType[0]=TOOL_TYPE_UNKNOWN, buttonState=0, metaState=0, flags=0x0, edgeFlags=0x0, pointerCount=1, historySize=0, eventTime=200217, downTime=200214, deviceId=0, source=0x1002 }
D/InputEventConsistencyVerifier(  426): TouchEvent: ACTION_DOWN but pointers are already down.  Probably missing ACTION_UP from previous gesture.
D/InputEventConsistencyVerifier(  426):   in android.view.ScaleGestureDetector@b3f03c88
D/InputEventConsistencyVerifier(  426):   0: sent at 201413000000, MotionEvent { action=ACTION_DOWN, id[0]=0, x[0]=72.0, y[0]=276.0, toolType[0]=TOOL_TYPE_UNKNOWN, buttonState=0, metaState=0, flags=0x0, edgeFlags=0x0, pointerCount=1, historySize=0, eventTime=201413, downTime=201412, deviceId=0, source=0x1002 }
D/InputEventConsistencyVerifier(  426):   -- recent events --
D/InputEventConsistencyVerifier(  426):   1: sent at 201369000000, MotionEvent { action=ACTION_DOWN, id[0]=0, x[0]=402.0, y[0]=632.0, toolType[0]=TOOL_TYPE_UNKNOWN, buttonState=0, metaState=0, flags=0x80000000, edgeFlags=0x0, pointerCount=1, historySize=0, eventTime=201369, downTime=201367, deviceId=0, source=0x1002 }
D/InputEventConsistencyVerifier(  426):   2: sent at 201221000000, MotionEvent { action=ACTION_DOWN, id[0]=0, x[0]=217.0, y[0]=713.0, toolType[0]=TOOL_TYPE_UNKNOWN, buttonState=0, metaState=0, flags=0x80000000, edgeFlags=0x0, pointerCount=1, historySize=0, eventTime=201221, downTime=201221, deviceId=0, source=0x1002 }
D/InputEventConsistencyVerifier(  426):   3: sent at 200714000000, MotionEvent { action=ACTION_MOVE, id[0]=0, x[0]=404.0, y[0]=494.0, toolType[0]=TOOL_TYPE_UNKNOWN, buttonState=0, metaState=0, flags=0x0, edgeFlags=0x0, pointerCount=1, historySize=6, eventTime=200714, downTime=200648, deviceId=0, source=0x1002 }
D/InputEventConsistencyVerifier(  426):   4: sent at 200650000000, MotionEvent { action=ACTION_DOWN, id[0]=0, x[0]=463.0, y[0]=438.0, toolType[0]=TOOL_TYPE_UNKNOWN, buttonState=0, metaState=0, flags=0x80000000, edgeFlags=0x0, pointerCount=1, historySize=0, eventTime=200650, downTime=200648, deviceId=0, source=0x1002 }
D/InputEventConsistencyVerifier(  426):   5: sent at 200251000000, MotionEvent { action=ACTION_MOVE, id[0]=0, x[0]=184.0, y[0]=695.0, toolType[0]=TOOL_TYPE_UNKNOWN, buttonState=0, metaState=0, flags=0x0, edgeFlags=0x0, pointerCount=1, historySize=7, eventTime=200251, downTime=200214, deviceId=0, source=0x1002 }
I/Choreographer(  426): Skipped 60 frames!  The application may be doing too much work on its main thread.
V/PhoneStatusBar(  426): setLightsOn(true)
E/WVMExtractor(   62): Failed to open libwvm.so
E/WVMExtractor(   62): Failed to open libwvm.so
D/PhoneStatusBar(  426): disable: < expand icons alerts ticker* system_info back home recent clock >
W/BackupManagerService(  227): dataChanged but no participant pkg='com.android.providers.settings' uid=10011
I/Choreographer( 1059): Skipped 44 frames!  The application may be doing too much work on its main thread.
I/Choreographer( 1059): Skipped 30 frames!  The application may be doing too much work on its main thread.
E/MetadataRetrieverClient(   62): failed to extract an album art
E/WVMExtractor(   62): Failed to open libwvm.so
E/WVMExtractor(   62): Failed to open libwvm.so
I/Choreographer( 1059): Skipped 60 frames!  The application may be doing too much work on its main thread.
D/PhoneStatusBar(  426): disable: < EXPAND* icons alerts ticker system_info back home recent clock >
D/InputEventConsistencyVerifier(  227): KeyEvent: ACTION_UP but key was not down.
D/InputEventConsistencyVerifier(  227):   in android.view.ViewRootImpl@b40d0670
D/InputEventConsistencyVerifier(  227):   0: sent at 203268000000, KeyEvent { action=ACTION_UP, keyCode=KEYCODE_BUTTON_6, scanCode=0, metaState=0, flags=0x8, repeatCount=0, eventTime=203268, downTime=203268, deviceId=-1, source=0x101 }
W/WindowManager(  227): Failure taking screenshot for (246x410) to layer 21015
I/Choreographer( 1059): Skipped 73 frames!  The application may be doing too much work on its main thread.
I/Choreographer(  227): Skipped 73 frames!  The application may be doing too much work on its main thread.
D/PhoneStatusBar(  426): disable: < expand* icons alerts ticker system_info back home recent clock >
W/ActivityManager(  227): Activity pause timeout for ActivityRecord{b4114128 tp5x.WGt12/.Y6Cg03N}
V/PhoneStatusBar(  426): setLightsOn(true)
D/InputEventConsistencyVerifier( 1059): KeyEvent: ACTION_UP but key was not down.
D/InputEventConsistencyVerifier( 1059):   in android.view.ViewRootImpl@b3e7a450
D/InputEventConsistencyVerifier( 1059):   0: sent at 204047000000, KeyEvent { action=ACTION_UP, keyCode=KEYCODE_MENU, scanCode=0, metaState=0, flags=0x8, repeatCount=0, eventTime=204047, downTime=204047, deviceId=-1, source=0x101 }
D/InputEventConsistencyVerifier( 1059):   -- recent events --
D/InputEventConsistencyVerifier( 1059):   1: sent at 202725000000, MotionEvent { action=ACTION_UP, id[0]=0, x[0]=114.0, y[0]=38.0, toolType[0]=TOOL_TYPE_UNKNOWN, buttonState=0, metaState=0, flags=0x0, edgeFlags=0x0, pointerCount=1, historySize=0, eventTime=202725, downTime=202708, deviceId=0, source=0x1002 }
D/InputEventConsistencyVerifier( 1059):   2: sent at 202709000000, MotionEvent { action=ACTION_DOWN, id[0]=0, x[0]=126.0, y[0]=44.0, toolType[0]=TOOL_TYPE_UNKNOWN, buttonState=0, metaState=0, flags=0x0, edgeFlags=0x0, pointerCount=1, historySize=0, eventTime=202709, downTime=202708, deviceId=0, source=0x1002 }
D/InputEventConsistencyVerifier( 1059):   3: sent at 202267000000, KeyEvent { action=ACTION_UP, keyCode=KEYCODE_MENU, scanCode=0, metaState=0, flags=0x8, repeatCount=0, eventTime=202267, downTime=202267, deviceId=-1, source=0x101 }
D/InputEventConsistencyVerifier( 1059):   4: sent at 201923000000, KeyEvent { action=ACTION_DOWN, keyCode=KEYCODE_MENU, scanCode=0, metaState=0, flags=0x8, repeatCount=0, eventTime=201923, downTime=201923, deviceId=-1, source=0x101 }
D/InputEventConsistencyVerifier( 1059):   5: sent at 202249000000, KeyEvent { action=ACTION_UP, keyCode=KEYCODE_DPAD_DOWN, scanCode=0, metaState=0, flags=0x400, repeatCount=0, eventTime=202249, downTime=202249, deviceId=-1, source=0x101 }
W/InputMethodManagerService(  227): Window already focused, ignoring focus gain of: com.android.internal.view.IInputMethodClient$Stub$Proxy@b3f70638 attribute=null
E/WVMExtractor(   62): Failed to open libwvm.so
I/Choreographer( 1059): Skipped 36 frames!  The application may be doing too much work on its main thread.
I/Choreographer( 1059): Skipped 74 frames!  The application may be doing too much work on its main thread.
E/WVMExtractor(   62): Failed to open libwvm.so
W/InputManager(  227): Input event injection from pid 1037 failed.
I/Choreographer( 1059): Skipped 35 frames!  The application may be doing too much work on its main thread.
W/InputManager(  227): Input event injection from pid 1037 failed.
W/InputManager(  227): Input event injection from pid 1037 failed.
W/InputMethodManagerService(  227): Window already focused, ignoring focus gain of: com.android.internal.view.IInputMethodClient$Stub$Proxy@b402d9c0 attribute=null
E/WVMExtractor(   62): Failed to open libwvm.so
D/InputEventConsistencyVerifier( 1059): TrackballEvent: Trackball is down but pressure is not greater than 0.
D/InputEventConsistencyVerifier( 1059):   in android.view.ViewRootImpl@b3e7a450
D/InputEventConsistencyVerifier( 1059):   0: sent at 205767000000, MotionEvent { action=ACTION_DOWN, id[0]=0, x[0]=0.0, y[0]=0.0, toolType[0]=TOOL_TYPE_UNKNOWN, buttonState=0, metaState=0, flags=0x0, edgeFlags=0x0, pointerCount=1, historySize=0, eventTime=205767, downTime=205632, deviceId=0, source=0x10004 }
D/InputEventConsistencyVerifier( 1059):   -- recent events --
D/InputEventConsistencyVerifier( 1059):   1: sent at 205761000000, MotionEvent { action=ACTION_MOVE, id[0]=0, x[0]=-4.0, y[0]=2.0, toolType[0]=TOOL_TYPE_UNKNOWN, buttonState=0, metaState=0, flags=0x0, edgeFlags=0x0, pointerCount=1, historySize=3, eventTime=205761, downTime=-1, deviceId=0, source=0x10004 }
D/InputEventConsistencyVerifier( 1059):   2: sent at 205693000000, KeyEvent { action=ACTION_UP, keyCode=KEYCODE_DPAD_LEFT, scanCode=0, metaState=0, flags=0x400, repeatCount=0, eventTime=205693, downTime=205693, deviceId=-1, source=0x101 }
D/InputEventConsistencyVerifier( 1059):   3: sent at 205693000000, KeyEvent { action=ACTION_DOWN, keyCode=KEYCODE_DPAD_LEFT, scanCode=0, metaState=0, flags=0x400, repeatCount=0, eventTime=205693, downTime=205693, deviceId=-1, source=0x101 }
D/InputEventConsistencyVerifier( 1059):   4: sent at 205693000000, KeyEvent { action=ACTION_UP, keyCode=KEYCODE_DPAD_LEFT, scanCode=0, metaState=0, flags=0x400, repeatCount=0, eventTime=205693, downTime=205693, deviceId=-1, source=0x101 }
D/InputEventConsistencyVerifier( 1059):   5: sent at 205693000000, KeyEvent { action=ACTION_DOWN, keyCode=KEYCODE_DPAD_LEFT, scanCode=0, metaState=0, flags=0x400, repeatCount=0, eventTime=205693, downTime=205693, deviceId=-1, source=0x101 }
E/WVMExtractor(   62): Failed to open libwvm.so
E/WVMExtractor(   62): Failed to open libwvm.so
E/WVMExtractor(   62): Failed to open libwvm.so
E/WVMExtractor(   62): Failed to open libwvm.so
E/WVMExtractor(   62): Failed to open libwvm.so
I/Choreographer( 1059): Skipped 39 frames!  The application may be doing too much work on its main thread.
E/WVMExtractor(   62): Failed to open libwvm.so
E/WVMExtractor(   62): Failed to open libwvm.so
E/WVMExtractor(   62): Failed to open libwvm.so
E/WVMExtractor(   62): Failed to open libwvm.so
E/WVMExtractor(   62): Failed to open libwvm.so
I/Choreographer( 1059): Skipped 57 frames!  The application may be doing too much work on its main thread.
E/WVMExtractor(   62): Failed to open libwvm.so
D/InputEventConsistencyVerifier( 1059): TrackballEvent: Trackball is down but pressure is not greater than 0.
D/InputEventConsistencyVerifier( 1059):   in android.view.ViewRootImpl@b3e7a450
D/InputEventConsistencyVerifier( 1059):   0: sent at 208982000000, MotionEvent { action=ACTION_DOWN, id[0]=0, x[0]=0.0, y[0]=0.0, toolType[0]=TOOL_TYPE_UNKNOWN, buttonState=0, metaState=0, flags=0x0, edgeFlags=0x0, pointerCount=1, historySize=0, eventTime=208982, downTime=208813, deviceId=0, source=0x10004 }
D/InputEventConsistencyVerifier( 1059):   -- recent events --
D/InputEventConsistencyVerifier( 1059):   1: sent at 209102000000, KeyEvent { action=ACTION_UP, keyCode=KEYCODE_DPAD_RIGHT, scanCode=0, metaState=0, flags=0x400, repeatCount=0, eventTime=209102, downTime=209102, deviceId=-1, source=0x101 }
D/InputEventConsistencyVerifier( 1059):   2: sent at 209102000000, KeyEvent { action=ACTION_DOWN, keyCode=KEYCODE_DPAD_RIGHT, scanCode=0, metaState=0, flags=0x400, repeatCount=0, eventTime=209102, downTime=209102, deviceId=-1, source=0x101 }
D/InputEventConsistencyVerifier( 1059):   3: sent at 209100000000, KeyEvent { action=ACTION_UP, keyCode=KEYCODE_DPAD_RIGHT, scanCode=0, metaState=0, flags=0x400, repeatCount=0, eventTime=209100, downTime=209100, deviceId=-1, source=0x101 }
D/InputEventConsistencyVerifier( 1059):   4: sent at 209100000000, KeyEvent { action=ACTION_DOWN, keyCode=KEYCODE_DPAD_RIGHT, scanCode=0, metaState=0, flags=0x400, repeatCount=0, eventTime=209100, downTime=209100, deviceId=-1, source=0x101 }
D/InputEventConsistencyVerifier( 1059):   5: sent at 208980000000, MotionEvent { action=ACTION_MOVE, id[0]=0, x[0]=2.0, y[0]=-1.0, toolType[0]=TOOL_TYPE_UNKNOWN, buttonState=0, metaState=0, flags=0x0, edgeFlags=0x0, pointerCount=1, historySize=9, eventTime=208980, downTime=-1, deviceId=0, source=0x10004 }
E/WVMExtractor(   62): Failed to open libwvm.so
E/WVMExtractor(   62): Failed to open libwvm.so
E/WVMExtractor(   62): Failed to open libwvm.so
E/WVMExtractor(   62): Failed to open libwvm.so
E/WVMExtractor(   62): Failed to open libwvm.so
I/ActivityManager(  227): START {act=android.intent.action.MAIN cat=[android.intent.category.LAUNCHER] flg=0x10200000 cmp=tp5x.WGt12/.Y6Cg03N u=0} from pid 1037
I/ActivityManager(  227): START {act=android.intent.action.MAIN cat=[android.intent.category.LAUNCHER] flg=0x10200000 cmp=tp5x.WGt12/.Y6Cg03N u=0} from pid 1037
E/WVMExtractor(   62): Failed to open libwvm.so
E/WVMExtractor(   62): Failed to open libwvm.so
E/WVMExtractor(   62): Failed to open libwvm.so
I/Choreographer(  227): Skipped 49 frames!  The application may be doing too much work on its main thread.
D/InputEventConsistencyVerifier( 1059): TrackballEvent: Trackball is down but pressure is not greater than 0.
D/InputEventConsistencyVerifier( 1059):   in android.view.ViewRootImpl@b3e7c688
D/InputEventConsistencyVerifier( 1059):   0: sent at 212174000000, MotionEvent { action=ACTION_DOWN, id[0]=0, x[0]=0.0, y[0]=0.0, toolType[0]=TOOL_TYPE_UNKNOWN, buttonState=0, metaState=0, flags=0x0, edgeFlags=0x0, pointerCount=1, historySize=0, eventTime=212174, downTime=212092, deviceId=0, source=0x10004 }
D/InputEventConsistencyVerifier( 1059):   -- recent events --
D/InputEventConsistencyVerifier( 1059):   1: sent at 212211000000, KeyEvent { action=ACTION_UP, keyCode=KEYCODE_DPAD_DOWN, scanCode=0, metaState=0, flags=0x400, repeatCount=0, eventTime=212211, downTime=212211, deviceId=-1, source=0x101 }
D/InputEventConsistencyVerifier( 1059):   2: sent at 212211000000, KeyEvent { action=ACTION_DOWN, keyCode=KEYCODE_DPAD_DOWN, scanCode=0, metaState=0, flags=0x400, repeatCount=0, eventTime=212211, downTime=212211, deviceId=-1, source=0x101 }
D/InputEventConsistencyVerifier( 1059):   3: sent at 212210000000, KeyEvent { action=ACTION_UP, keyCode=KEYCODE_DPAD_DOWN, scanCode=0, metaState=0, flags=0x400, repeatCount=0, eventTime=212210, downTime=212210, deviceId=-1, source=0x101 }
D/InputEventConsistencyVerifier( 1059):   4: sent at 212210000000, KeyEvent { action=ACTION_DOWN, keyCode=KEYCODE_DPAD_DOWN, scanCode=0, metaState=0, flags=0x400, repeatCount=0, eventTime=212210, downTime=212210, deviceId=-1, source=0x101 }
D/InputEventConsistencyVerifier( 1059):   5: sent at 212210000000, KeyEvent { action=ACTION_UP, keyCode=KEYCODE_DPAD_DOWN, scanCode=0, metaState=0, flags=0x400, repeatCount=0, eventTime=212210, downTime=212210, deviceId=-1, source=0x101 }
I/ActivityManager(  227): START {act=android.intent.action.MAIN cat=[android.intent.category.LAUNCHER] flg=0x10200000 cmp=tp5x.WGt12/.Y6Cg03N u=0} from pid 1037
E/WVMExtractor(   62): Failed to open libwvm.so
D/InputEventConsistencyVerifier( 1059): TouchEvent: ACTION_DOWN but pointers are already down.  Probably missing ACTION_UP from previous gesture.
D/InputEventConsistencyVerifier( 1059):   in com.android.internal.policy.impl.PhoneWindow$DecorView@b3e4b508
D/InputEventConsistencyVerifier( 1059):   0: sent at 212350000000, MotionEvent { action=ACTION_DOWN, id[0]=0, x[0]=195.0, y[0]=-592.0, toolType[0]=TOOL_TYPE_UNKNOWN, buttonState=0, metaState=0, flags=0x0, edgeFlags=0x0, pointerCount=1, historySize=0, eventTime=212350, downTime=212347, deviceId=0, source=0x1002 }
D/InputEventConsistencyVerifier( 1059):   -- recent events --
D/InputEventConsistencyVerifier( 1059):   1: sent at 212236000000, (unhandled) KeyEvent { action=ACTION_UP, keyCode=KEYCODE_DPAD_CENTER, scanCode=0, metaState=0, flags=0x400, repeatCount=0, eventTime=212236, downTime=212236, deviceId=-1, source=0x101 }
D/InputEventConsistencyVerifier( 1059):   2: sent at 212176000000, (unhandled) MotionEvent { action=ACTION_UP, id[0]=0, x[0]=0.0, y[0]=0.0, toolType[0]=TOOL_TYPE_UNKNOWN, buttonState=0, metaState=0, flags=0x0, edgeFlags=0x0, pointerCount=1, historySize=0, eventTime=212176, downTime=212092, deviceId=0, source=0x10004 }
D/InputEventConsistencyVerifier( 1059):   3: sent at 212231000000, (unhandled) KeyEvent { action=ACTION_DOWN, keyCode=KEYCODE_DPAD_CENTER, scanCode=0, metaState=0, flags=0x400, repeatCount=0, eventTime=212231, downTime=212231, deviceId=-1, source=0x101 }
D/InputEventConsistencyVerifier( 1059):   4: sent at 212174000000, (unhandled) MotionEvent { action=ACTION_DOWN, id[0]=0, x[0]=0.0, y[0]=0.0, toolType[0]=TOOL_TYPE_UNKNOWN, buttonState=0, metaState=0, flags=0x80000000, edgeFlags=0x0, pointerCount=1, historySize=0, eventTime=212174, downTime=212092, deviceId=0, source=0x10004 }
D/InputEventConsistencyVerifier( 1059):   5: sent at 212211000000, (unhandled) KeyEvent { action=ACTION_UP, keyCode=KEYCODE_DPAD_DOWN, scanCode=0, metaState=0, flags=0x400, repeatCount=0, eventTime=212211, downTime=212211, deviceId=-1, source=0x101 }
W/InputMethodManagerService(  227): Window already focused, ignoring focus gain of: com.android.internal.view.IInputMethodClient$Stub$Proxy@b3f52390 attribute=null
W/InputManager(  227): Input event injection from pid 1037 failed.
E/WVMExtractor(   62): Failed to open libwvm.so
E/WVMExtractor(   62): Failed to open libwvm.so
