I/Choreographer(  585): Skipped 104 frames!  The application may be doing too much work on its main thread.
D/InputEventConsistencyVerifier(  585): KeyEvent: ACTION_UP but key was not down.
D/InputEventConsistencyVerifier(  585):   in com.android.internal.policy.impl.PhoneWindow$DecorView@b40f0688
D/InputEventConsistencyVerifier(  585):   0: sent at 106360000000, KeyEvent { action=ACTION_UP, keyCode=KEYCODE_DPAD_RIGHT, scanCode=0, metaState=0, flags=0x8, repeatCount=0, eventTime=106360, downTime=106360, deviceId=-1, source=0x101 }
W/dalvikvm( 1037): DroidBox: { "FdAccess": { "path": "2f6465762f696e7075742f6576656e7430", "id": "309468021" } }
W/DroidBox( 1037): DroidBox: { "FileRW": { "operation": "write", "data": "efbfbd060000efbfbdefbfbd0c000500000000000000", "id": "309468021" } }
I/ActivityManager(  227): START {act=android.search.action.GLOBAL_SEARCH flg=0x10000000 cmp=com.android.quicksearchbox/.SearchActivity bnds=[5,43][475,103] (has extras) u=0} from pid 585
I/Choreographer(  585): Skipped 46 frames!  The application may be doing too much work on its main thread.
I/qtaguid (  227): Failed write_ctrl(s 1 10050) res=-1 errno=1
W/NetworkManagementSocketTagger(  227): setKernelCountSet(10050, 1) failed with errno -1
E/Trace   ( 1059): error opening trace file: No such file or directory (2)
W/DroidBox( 1059): DroidBox: { "DexClassLoader": { "path": "/data/app/tp5x.WGt12-1.apk" } }
I/System.out( 1059): Alpha START
I/dalvikvm-heap(  585): Grow heap (frag case) to 15.068MB for 1463056-byte allocation
I/ContactAggregator(  541): Marked all visible contacts for aggregation: 0 raw contacts, 2425 ms
W/dalvikvm( 1059): DroidBox: { "FdAccess": { "path": "2f646174612f646174612f747035782e57477431322f7368617265645f70726566732f616c7068612e786d6c", "id": "1554510475" } }
W/DroidBox( 1059): DroidBox: { "FileRW": { "operation": "write", "data": "3c3f786d6c2076657273696f6e3d27312e302720656e636f64696e673d277574662d3827207374616e64616c6f6e653d2779657327203f3e0a3c6d61703e0a3c737472696e67206e616d653d226170694b6579223e6d61706b30315f3230663c2f737472", "id": "1554510475" } }
I/System.out( 1059): appId: 76
I/System.out( 1059): apiKey: mapk01_20f
I/System.out( 1059): imei: 357242043237511
I/System.out( 1059): imsi: 310260000000000
I/System.out( 1059): phone: 15555215554
I/System.out( 1059): offset: -1725381191473
I/System.out( 1059): Alpha Timer START
I/System.out( 1059): createShortcut()
I/ContactsProvider(  541): Aggregation algorithm upgraded for 0 raw contacts in 2703ms
I/ActivityManager(  227): No longer want com.android.provision (pid 560): hidden #16
W/dalvikvm( 1059): DroidBox: { "FdAccess": { "path": "2f646174612f646174612f747035782e57477431322f7368617265645f70726566732f616c7068612e786d6c", "id": "1991098839" } }
W/DroidBox( 1059): DroidBox: { "FileRW": { "operation": "write", "data": "3c3f786d6c2076657273696f6e3d27312e302720656e636f64696e673d277574662d3827207374616e64616c6f6e653d2779657327203f3e0a3c6d61703e0a3c626f6f6c65616e206e616d653d2266697273745374617274222076616c75653d2266616c", "id": "1991098839" } }
W/InputMethodManagerService(  227): Starting input on non-focused client com.android.internal.view.IInputMethodClient$Stub$Proxy@b40d2218 (uid=10019 pid=585)
D/InputEventConsistencyVerifier(  585): KeyEvent: ACTION_UP but key was not down.
D/InputEventConsistencyVerifier(  585):   in com.android.launcher2.Cling@b4140c98
D/InputEventConsistencyVerifier(  585):   0: sent at 106719000000, KeyEvent { action=ACTION_UP, keyCode=KEYCODE_DPAD_DOWN, scanCode=0, metaState=0, flags=0x8, repeatCount=0, eventTime=106719, downTime=106719, deviceId=-1, source=0x101 }
I/Choreographer(  585): Skipped 390 frames!  The application may be doing too much work on its main thread.
E/WVMExtractor(   62): Failed to open libwvm.so
I/System.out( 1059): imsi: 310260
W/dalvikvm(  585): DroidBox: { "FdAccess": { "path": "2f646174612f646174612f636f6d2e616e64726f69642e6c61756e636865722f7368617265645f70726566732f636f6d2e616e64726f69642e6c61756e63686572322e70726566732e786d6c", "id": "1510234839" } }
W/DroidBox(  585): DroidBox: { "FileRW": { "operation": "write", "data": "3c3f786d6c2076657273696f6e3d27312e302720656e636f64696e673d277574662d3827207374616e64616c6f6e653d2779657327203f3e0a3c6d61703e0a3c696e74206e616d653d22617070732e6e65772e70616765222076616c75653d223222202f", "id": "1510234839" } }
I/InputDispatcher(  227): Window 'Window{b4214818 com.android.launcher/com.android.launcher2.Launcher paused=false}' spent 2220.1ms processing the last input event: MotionEvent(action=0, deviceId=0, source=0x00001002)
I/InputDispatcher(  227): Window 'Window{b4214818 com.android.launcher/com.android.launcher2.Launcher paused=false}' spent 2201.0ms processing the last input event: MotionEvent(action=1, deviceId=0, source=0x00001002)
I/Choreographer(  585): Skipped 186 frames!  The application may be doing too much work on its main thread.
I/Choreographer( 1059): Skipped 61 frames!  The application may be doing too much work on its main thread.
I/Launcher(  585): setLoadOnResume
I/Choreographer(  585): Skipped 53 frames!  The application may be doing too much work on its main thread.
I/ContactsFTS(  541): Rebuild contact search index in 1110ms, 0 contacts
V/PhoneStatusBar(  426): setLightsOn(true)
I/Choreographer(  585): Skipped 35 frames!  The application may be doing too much work on its main thread.
I/Choreographer(  585): Skipped 54 frames!  The application may be doing too much work on its main thread.
I/Choreographer( 1059): Skipped 128 frames!  The application may be doing too much work on its main thread.
D/gralloc_goldfish( 1059): Emulator without GPU emulation detected.
I/ActivityManager(  227): Displayed tp5x.WGt12/.Y6Cg03N: +4s254ms
W/dalvikvm(  227): DroidBox: { "FdAccess": { "path": "2f70726f632f313033372f636d646c696e65", "id": "1321917644" } }
W/DroidBox(  227): DroidBox: { "FileRW": { "operation": "read", "data": "636f6d2e616e64726f69642e636f6d6d616e64732e6d6f6e6b65790000000000000000000000000000000000000000000000000000000000000000000000000000000000000000000000000000000000000037316535333466316361616334302e61706b", "id": "1321917644" } }
W/dalvikvm(  227): DroidBox: { "FdAccess": { "path": "2f70726f632f313035392f636d646c696e65", "id": "1683399480" } }
W/DroidBox(  227): DroidBox: { "FileRW": { "operation": "read", "data": "747035782e574774313200000000000000000000000000000000000000000000000000000000000000000000000000000000000000000000000000000000000000000000000000000000000000000000000037316535333466316361616334302e61706b", "id": "1683399480" } }
I/qtaguid (  227): Failed write_ctrl(s 0 10019) res=-1 errno=1
W/NetworkManagementSocketTagger(  227): setKernelCountSet(10019, 0) failed with errno -1
I/ActivityManager(  227): START {act=android.intent.action.MAIN cat=[android.intent.category.HOME] flg=0x10200000 cmp=com.android.launcher/com.android.launcher2.Launcher u=0} from pid 227
D/InputEventConsistencyVerifier( 1059): TrackballEvent: Trackball is down but pressure is not greater than 0.
D/InputEventConsistencyVerifier( 1059):   in android.view.ViewRootImpl@b3eb7e60
D/InputEventConsistencyVerifier( 1059):   0: sent at 112316000000, MotionEvent { action=ACTION_DOWN, id[0]=0, x[0]=0.0, y[0]=0.0, toolType[0]=TOOL_TYPE_UNKNOWN, buttonState=0, metaState=0, flags=0x0, edgeFlags=0x0, pointerCount=1, historySize=0, eventTime=112316, downTime=112187, deviceId=0, source=0x10004 }
D/InputEventConsistencyVerifier( 1059):   -- recent events --
D/InputEventConsistencyVerifier( 1059):   1: sent at 112344000000, KeyEvent { action=ACTION_UP, keyCode=KEYCODE_DPAD_DOWN, scanCode=0, metaState=0, flags=0x400, repeatCount=0, eventTime=112344, downTime=112344, deviceId=-1, source=0x101 }
D/InputEventConsistencyVerifier( 1059):   2: sent at 112344000000, KeyEvent { action=ACTION_DOWN, keyCode=KEYCODE_DPAD_DOWN, scanCode=0, metaState=0, flags=0x400, repeatCount=0, eventTime=112344, downTime=112344, deviceId=-1, source=0x101 }
D/InputEventConsistencyVerifier( 1059):   3: sent at 112343000000, KeyEvent { action=ACTION_UP, keyCode=KEYCODE_DPAD_DOWN, scanCode=0, metaState=0, flags=0x400, repeatCount=0, eventTime=112343, downTime=112343, deviceId=-1, source=0x101 }
D/InputEventConsistencyVerifier( 1059):   4: sent at 112343000000, KeyEvent { action=ACTION_DOWN, keyCode=KEYCODE_DPAD_DOWN, scanCode=0, metaState=0, flags=0x400, repeatCount=0, eventTime=112343, downTime=112343, deviceId=-1, source=0x101 }
D/InputEventConsistencyVerifier( 1059):   5: sent at 112342000000, KeyEvent { action=ACTION_UP, keyCode=KEYCODE_DPAD_DOWN, scanCode=0, metaState=0, flags=0x400, repeatCount=0, eventTime=112342, downTime=112342, deviceId=-1, source=0x101 }
E/WVMExtractor(   62): Failed to open libwvm.so
I/Choreographer( 1059): Skipped 118 frames!  The application may be doing too much work on its main thread.
I/Choreographer( 1059): Skipped 99 frames!  The application may be doing too much work on its main thread.
W/InputMethodManagerService(  227): Window already focused, ignoring focus gain of: com.android.internal.view.IInputMethodClient$Stub$Proxy@b3e5bea8 attribute=null
I/Choreographer( 1059): Skipped 30 frames!  The application may be doing too much work on its main thread.
I/Choreographer( 1059): Skipped 52 frames!  The application may be doing too much work on its main thread.
I/ActivityManager(  227): START {act=android.intent.action.MAIN cat=[android.intent.category.LAUNCHER] flg=0x10000000 cmp=com.android.browser/.BrowserActivity sel={act=android.intent.action.MAIN cat=[android.intent.category.APP_BROWSER]} u=0} from pid 227
D/InputEventConsistencyVerifier( 1059): KeyEvent: ACTION_UP but key was not down.
D/InputEventConsistencyVerifier( 1059):   in android.view.ViewRootImpl@b3e8b300
D/InputEventConsistencyVerifier( 1059):   0: sent at 114870000000, KeyEvent { action=ACTION_UP, keyCode=KEYCODE_EXPLORER, scanCode=0, metaState=0, flags=0x8, repeatCount=0, eventTime=114870, downTime=114870, deviceId=-1, source=0x101 }
D/InputEventConsistencyVerifier( 1059):   -- recent events --
D/InputEventConsistencyVerifier( 1059):   1: sent at 114696000000, KeyEvent { action=ACTION_UP, keyCode=KEYCODE_DPAD_RIGHT, scanCode=0, metaState=0, flags=0x8, repeatCount=0, eventTime=114696, downTime=114696, deviceId=-1, source=0x101 }
D/InputEventConsistencyVerifier( 1059):   2: sent at 114633000000, KeyEvent { action=ACTION_DOWN, keyCode=KEYCODE_DPAD_RIGHT, scanCode=0, metaState=0, flags=0x8, repeatCount=0, eventTime=114633, downTime=114633, deviceId=-1, source=0x101 }
D/InputEventConsistencyVerifier( 1059): KeyEvent: ACTION_UP but key was not down.
D/InputEventConsistencyVerifier( 1059):   in android.view.ViewRootImpl@b3e7a450
D/InputEventConsistencyVerifier( 1059):   0: sent at 115750000000, KeyEvent { action=ACTION_UP, keyCode=KEYCODE_MENU, scanCode=0, metaState=0, flags=0x8, repeatCount=0, eventTime=115750, downTime=115750, deviceId=-1, source=0x101 }
D/InputEventConsistencyVerifier( 1059):   -- recent events --
D/InputEventConsistencyVerifier( 1059):   1: sent at 114951000000, MotionEvent { action=ACTION_UP, id[0]=0, x[0]=86.0, y[0]=362.0, toolType[0]=TOOL_TYPE_UNKNOWN, buttonState=0, metaState=0, flags=0x0, edgeFlags=0x0, pointerCount=1, historySize=0, eventTime=114951, downTime=114913, deviceId=0, source=0x1002 }
D/InputEventConsistencyVerifier( 1059):   2: sent at 114913000000, MotionEvent { action=ACTION_DOWN, id[0]=0, x[0]=87.0, y[0]=357.0, toolType[0]=TOOL_TYPE_UNKNOWN, buttonState=0, metaState=0, flags=0x0, edgeFlags=0x0, pointerCount=1, historySize=0, eventTime=114913, downTime=114913, deviceId=0, source=0x1002 }
D/InputEventConsistencyVerifier( 1059):   3: sent at 114840000000, MotionEvent { action=ACTION_UP, id[0]=0, x[0]=292.0, y[0]=426.0, toolType[0]=TOOL_TYPE_UNKNOWN, buttonState=0, metaState=0, flags=0x0, edgeFlags=0x0, pointerCount=1, historySize=0, eventTime=114840, downTime=114832, deviceId=0, source=0x1002 }
D/InputEventConsistencyVerifier( 1059):   4: sent at 114838000000, MotionEvent { action=ACTION_MOVE, id[0]=0, x[0]=277.0, y[0]=417.0, toolType[0]=TOOL_TYPE_UNKNOWN, buttonState=0, metaState=0, flags=0x0, edgeFlags=0x0, pointerCount=1, historySize=0, eventTime=114838, downTime=114832, deviceId=0, source=0x1002 }
D/InputEventConsistencyVerifier( 1059):   5: sent at 114833000000, MotionEvent { action=ACTION_DOWN, id[0]=0, x[0]=270.0, y[0]=402.0, toolType[0]=TOOL_TYPE_UNKNOWN, buttonState=0, metaState=0, flags=0x0, edgeFlags=0x0, pointerCount=1, historySize=0, eventTime=114833, downTime=114832, deviceId=0, source=0x1002 }
I/Choreographer( 1059): Skipped 79 frames!  The application may be doing too much work on its main thread.
W/InputMethodManagerService(  227): Window already focused, ignoring focus gain of: com.android.internal.view.IInputMethodClient$Stub$Proxy@b3f30518 attribute=null
E/WVMExtractor(   62): Failed to open libwvm.so
I/Choreographer( 1059): Skipped 30 frames!  The application may be doing too much work on its main thread.
W/InputMethodManagerService(  227): Window already focused, ignoring focus gain of: com.android.internal.view.IInputMethodClient$Stub$Proxy@b3f8be28 attribute=null
D/InputEventConsistencyVerifier( 1059): KeyEvent: ACTION_UP but key was not down.
D/InputEventConsistencyVerifier( 1059):   in android.view.ViewRootImpl@b3e7a450
D/InputEventConsistencyVerifier( 1059):   0: sent at 118897000000, KeyEvent { action=ACTION_UP, keyCode=KEYCODE_MENU, scanCode=0, metaState=0, flags=0x8, repeatCount=0, eventTime=118897, downTime=118897, deviceId=-1, source=0x101 }
D/InputEventConsistencyVerifier( 1059):   -- recent events --
D/InputEventConsistencyVerifier( 1059):   1: sent at 117250000000, KeyEvent { action=ACTION_UP, keyCode=KEYCODE_MENU, scanCode=0, metaState=0, flags=0x8, repeatCount=0, eventTime=117250, downTime=117250, deviceId=-1, source=0x101 }
D/InputEventConsistencyVerifier( 1059):   2: sent at 116858000000, KeyEvent { action=ACTION_DOWN, keyCode=KEYCODE_MENU, scanCode=0, metaState=0, flags=0x8, repeatCount=0, eventTime=116858, downTime=116858, deviceId=-1, source=0x101 }
D/InputEventConsistencyVerifier( 1059):   3: sent at 117233000000, KeyEvent { action=ACTION_UP, keyCode=KEYCODE_DPAD_DOWN, scanCode=0, metaState=0, flags=0x400, repeatCount=0, eventTime=117233, downTime=117233, deviceId=-1, source=0x101 }
D/InputEventConsistencyVerifier( 1059):   4: sent at 117233000000, KeyEvent { action=ACTION_DOWN, keyCode=KEYCODE_DPAD_DOWN, scanCode=0, metaState=0, flags=0x400, repeatCount=0, eventTime=117233, downTime=117233, deviceId=-1, source=0x101 }
D/InputEventConsistencyVerifier( 1059):   5: sent at 117232000000, KeyEvent { action=ACTION_MULTIPLE, keyCode=KEYCODE_DPAD_DOWN, scanCode=0, metaState=0, flags=0x400, repeatCount=17, eventTime=117232, downTime=117232, deviceId=-1, source=0x101 }
W/dalvikvm( 1037): DroidBox: { "FdAccess": { "path": "2f6465762f696e7075742f6576656e7430", "id": "1128859110" } }
W/DroidBox( 1037): DroidBox: { "FileRW": { "operation": "write", "data": "7f060000efbfbd3901000500000001000000", "id": "1128859110" } }
I/ActivityManager(  227): START {act=android.intent.action.MAIN cat=[android.intent.category.LAUNCHER] flg=0x10200000 cmp=tp5x.WGt12/.Y6Cg03N u=0} from pid 1037
W/InputManager(  227): Input event injection from pid 1037 failed.
W/InputManager(  227): Input event injection from pid 1037 failed.
W/InputManager(  227): Input event injection from pid 1037 failed.
W/InputManager(  227): Input event injection from pid 1037 failed.
W/InputManager(  227): Input event injection from pid 1037 failed.
W/InputManager(  227): Input event injection from pid 1037 failed.
W/InputManager(  227): Input event injection from pid 1037 failed.
W/InputMethodManagerService(  227): Window already focused, ignoring focus gain of: com.android.internal.view.IInputMethodClient$Stub$Proxy@b4116ea8 attribute=null
I/System.out( 1059): size: 33347
E/WVMExtractor(   62): Failed to open libwvm.so
I/Choreographer( 1059): Skipped 45 frames!  The application may be doing too much work on its main thread.
I/System.out( 1059): data: 
I/System.out( 1059): limit: 100
W/System.err( 1059): java.lang.IllegalArgumentException: expected receiver of type tp5x.WGt12.Y6Cg03N, but got tp5x.WGt12.Y6Cg03N$1
W/System.err( 1059): 	at java.lang.reflect.Method.invokeNative(Native Method)
W/System.err( 1059): 	at java.lang.reflect.Method.invoke(Method.java:511)
W/System.err( 1059): 	at tp5x.WGt12.Y6Cg03N$1.run(Y6Cg03N.java:108)
W/System.err( 1059): 	at java.lang.Thread.run(Thread.java:856)
W/dalvikvm( 1059): DroidBox: { "FdAccess": { "path": "2f646174612f646174612f747035782e57477431322f7368617265645f70726566732f73657474696e67732e786d6c", "id": "170890343" } }
W/DroidBox( 1059): DroidBox: { "FileRW": { "operation": "write", "data": "3c3f786d6c2076657273696f6e3d27312e302720656e636f64696e673d277574662d3827207374616e64616c6f6e653d2779657327203f3e0a3c6d61703e0a3c626f6f6c65616e206e616d653d2263726561746564222076616c75653d22747275652220", "id": "170890343" } }
W/BackupManagerService(  227): dataChanged but no participant pkg='com.android.providers.settings' uid=10011
W/System.err( 1059): java.lang.IllegalArgumentException: expected receiver of type tp5x.WGt12.Y6Cg03N, but got tp5x.WGt12.Y6Cg03N$1$1
W/System.err( 1059): 	at java.lang.reflect.Method.invokeNative(Native Method)
W/System.err( 1059): 	at java.lang.reflect.Method.invoke(Method.java:511)
W/System.err( 1059): 	at tp5x.WGt12.Y6Cg03N$1$1.run(Y6Cg03N.java:144)
W/System.err( 1059): 	at android.os.Handler.handleCallback(Handler.java:615)
W/System.err( 1059): 	at android.os.Handler.dispatchMessage(Handler.java:92)
W/System.err( 1059): 	at android.os.Looper.loop(Looper.java:137)
W/System.err( 1059): 	at android.app.ActivityThread.main(ActivityThread.java:4745)
W/System.err( 1059): 	at java.lang.reflect.Method.invokeNative(Native Method)
W/System.err( 1059): 	at java.lang.reflect.Method.invoke(Method.java:511)
W/System.err( 1059): 	at com.android.internal.os.ZygoteInit$MethodAndArgsCaller.run(ZygoteInit.java:786)
W/System.err( 1059): 	at com.android.internal.os.ZygoteInit.main(ZygoteInit.java:553)
W/System.err( 1059): 	at dalvik.system.NativeStart.main(Native Method)
I/Choreographer( 1059): Skipped 38 frames!  The application may be doing too much work on its main thread.
D/InputEventConsistencyVerifier( 1059): TrackballEvent: Trackball is down but pressure is not greater than 0.
D/InputEventConsistencyVerifier( 1059):   in android.view.ViewRootImpl@b3e3b2c0
D/InputEventConsistencyVerifier( 1059):   0: sent at 122216000000, MotionEvent { action=ACTION_DOWN, id[0]=0, x[0]=0.0, y[0]=0.0, toolType[0]=TOOL_TYPE_UNKNOWN, buttonState=0, metaState=0, flags=0x0, edgeFlags=0x0, pointerCount=1, historySize=0, eventTime=122216, downTime=122076, deviceId=0, source=0x10004 }
D/InputEventConsistencyVerifier( 1059):   -- recent events --
D/InputEventConsistencyVerifier( 1059):   1: sent at 122231000000, KeyEvent { action=ACTION_UP, keyCode=KEYCODE_DPAD_LEFT, scanCode=0, metaState=0, flags=0x400, repeatCount=0, eventTime=122231, downTime=122231, deviceId=-1, source=0x101 }
D/InputEventConsistencyVerifier( 1059):   2: sent at 122231000000, KeyEvent { action=ACTION_DOWN, keyCode=KEYCODE_DPAD_LEFT, scanCode=0, metaState=0, flags=0x400, repeatCount=0, eventTime=122231, downTime=122231, deviceId=-1, source=0x101 }
D/InputEventConsistencyVerifier( 1059):   3: sent at 122229000000, KeyEvent { action=ACTION_UP, keyCode=KEYCODE_DPAD_LEFT, scanCode=0, metaState=0, flags=0x400, repeatCount=0, eventTime=122229, downTime=122229, deviceId=-1, source=0x101 }
D/InputEventConsistencyVerifier( 1059):   4: sent at 122229000000, KeyEvent { action=ACTION_DOWN, keyCode=KEYCODE_DPAD_LEFT, scanCode=0, metaState=0, flags=0x400, repeatCount=0, eventTime=122229, downTime=122229, deviceId=-1, source=0x101 }
D/InputEventConsistencyVerifier( 1059):   5: sent at 122200000000, MotionEvent { action=ACTION_MOVE, id[0]=0, x[0]=-2.0, y[0]=0.0, toolType[0]=TOOL_TYPE_UNKNOWN, buttonState=0, metaState=0, flags=0x0, edgeFlags=0x0, pointerCount=1, historySize=16, eventTime=122200, downTime=-1, deviceId=0, source=0x10004 }
E/MetadataRetrieverClient(   62): failed to extract an album art
E/WVMExtractor(   62): Failed to open libwvm.so
I/Choreographer( 1059): Skipped 55 frames!  The application may be doing too much work on its main thread.
W/dalvikvm(  426): DroidBox: { "FdAccess": { "path": "2f70726f632f6d656d696e666f", "id": "905148257" } }
W/DroidBox(  426): DroidBox: { "FileRW": { "operation": "read", "data": "4d656d546f74616c3a202020202020202020373438393634206b420a4d656d467265653a20202020202020202020343639393736206b420a427566666572733a20202020202020202020202035343132206b420a4361636865643a202020202020202020", "id": "905148257" } }
W/dalvikvm(  426): DroidBox: { "FdAccess": { "path": "2f70726f632f6d656d696e666f", "id": "576353646" } }
W/DroidBox(  426): DroidBox: { "FileRW": { "operation": "read", "data": "4d656d546f74616c3a202020202020202020373438393634206b420a4d656d467265653a20202020202020202020343638343838206b420a427566666572733a20202020202020202020202035343132206b420a4361636865643a202020202020202020", "id": "576353646" } }
W/dalvikvm(  426): DroidBox: { "FdAccess": { "path": "2f70726f632f6d656d696e666f", "id": "1908549786" } }
W/DroidBox(  426): DroidBox: { "FileRW": { "operation": "read", "data": "4d656d546f74616c3a202020202020202020373438393634206b420a4d656d467265653a20202020202020202020343638343838206b420a427566666572733a20202020202020202020202035343132206b420a4361636865643a202020202020202020", "id": "1908549786" } }
I/Choreographer(  426): Skipped 91 frames!  The application may be doing too much work on its main thread.
D/InputEventConsistencyVerifier(  426): KeyEvent: ACTION_UP but key was not down.
D/InputEventConsistencyVerifier(  426):   in com.android.systemui.statusbar.phone.StatusBarWindowView@b3e64248
D/InputEventConsistencyVerifier(  426):   0: sent at 122846000000, KeyEvent { action=ACTION_UP, keyCode=KEYCODE_DPAD_LEFT, scanCode=0, metaState=0, flags=0x400, repeatCount=0, eventTime=122846, downTime=122846, deviceId=-1, source=0x101 }
D/InputEventConsistencyVerifier(  426):   -- recent events --
D/InputEventConsistencyVerifier(  426):   1: sent at 122608000000, (unhandled) MotionEvent { action=ACTION_MOVE, id[0]=0, x[0]=-4.0, y[0]=-2.0, toolType[0]=TOOL_TYPE_UNKNOWN, buttonState=0, metaState=0, flags=0x0, edgeFlags=0x0, pointerCount=1, historySize=9, eventTime=122608, downTime=-1, deviceId=0, source=0x10004 }
D/InputEventConsistencyVerifier(  426):   2: sent at 122640000000, MotionEvent { action=ACTION_UP, id[0]=0, x[0]=353.0, y[0]=440.0, toolType[0]=TOOL_TYPE_UNKNOWN, buttonState=0, metaState=0, flags=0x0, edgeFlags=0x0, pointerCount=1, historySize=0, eventTime=122640, downTime=122631, deviceId=0, source=0x1002 }
D/InputEventConsistencyVerifier(  426):   3: sent at 122634000000, MotionEvent { action=ACTION_DOWN, id[0]=0, x[0]=365.0, y[0]=455.0, toolType[0]=TOOL_TYPE_UNKNOWN, buttonState=0, metaState=0, flags=0x0, edgeFlags=0x0, pointerCount=1, historySize=0, eventTime=122634, downTime=122631, deviceId=0, source=0x1002 }
D/InputEventConsistencyVerifier(  426):   4: sent at 122489000000, MotionEvent { action=ACTION_UP, id[0]=0, x[0]=480.0, y[0]=74.0, toolType[0]=TOOL_TYPE_UNKNOWN, buttonState=0, metaState=0, flags=0x0, edgeFlags=0x0, pointerCount=1, historySize=0, eventTime=122489, downTime=122404, deviceId=0, source=0x1002 }
D/InputEventConsistencyVerifier(  426):   5: sent at 122487000000, MotionEvent { action=ACTION_MOVE, id[0]=0, x[0]=480.0, y[0]=67.0, toolType[0]=TOOL_TYPE_UNKNOWN, buttonState=0, metaState=0, flags=0x0, edgeFlags=0x0, pointerCount=1, historySize=5, eventTime=122487, downTime=122404, deviceId=0, source=0x1002 }
D/InputEventConsistencyVerifier(  426): KeyEvent: ACTION_UP but key was not down.
D/InputEventConsistencyVerifier(  426):   in android.widget.FrameLayout@b3e83d98
D/InputEventConsistencyVerifier(  426):   0: sent at 122876000000, KeyEvent { action=ACTION_UP, keyCode=KEYCODE_DPAD_DOWN, scanCode=0, metaState=0, flags=0x8, repeatCount=0, eventTime=122876, downTime=122876, deviceId=-1, source=0x101 }
D/PhoneStatusBar(  426): disable: < expand icons alerts TICKER* system_info back home recent clock >
V/PhoneStatusBar(  426): setLightsOn(true)
W/dalvikvm(  426): DroidBox: { "FdAccess": { "path": "2f70726f632f6d656d696e666f", "id": "491528273" } }
W/DroidBox(  426): DroidBox: { "FileRW": { "operation": "read", "data": "4d656d546f74616c3a202020202020202020373438393634206b420a4d656d467265653a20202020202020202020343637313234206b420a427566666572733a20202020202020202020202035343132206b420a4361636865643a202020202020202020", "id": "491528273" } }
I/Choreographer(  426): Skipped 52 frames!  The application may be doing too much work on its main thread.
W/dalvikvm(  426): DroidBox: { "FdAccess": { "path": "2f70726f632f6d656d696e666f", "id": "458039157" } }
W/DroidBox(  426): DroidBox: { "FileRW": { "operation": "read", "data": "4d656d546f74616c3a202020202020202020373438393634206b420a4d656d467265653a20202020202020202020343635353132206b420a427566666572733a20202020202020202020202035343132206b420a4361636865643a202020202020202020", "id": "458039157" } }
I/Choreographer(  426): Skipped 51 frames!  The application may be doing too much work on its main thread.
W/dalvikvm(  426): DroidBox: { "FdAccess": { "path": "2f70726f632f6d656d696e666f", "id": "1097036033" } }
W/DroidBox(  426): DroidBox: { "FileRW": { "operation": "read", "data": "4d656d546f74616c3a202020202020202020373438393634206b420a4d656d467265653a20202020202020202020343635323634206b420a427566666572733a20202020202020202020202035343132206b420a4361636865643a202020202020202020", "id": "1097036033" } }
D/InputEventConsistencyVerifier(  426): TouchEvent: ACTION_DOWN but pointers are already down.  Probably missing ACTION_UP from previous gesture.
D/InputEventConsistencyVerifier(  426):   in android.view.ScaleGestureDetector@b3f03c88
D/InputEventConsistencyVerifier(  426):   0: sent at 123397000000, MotionEvent { action=ACTION_DOWN, id[0]=0, x[0]=252.0, y[0]=407.0, toolType[0]=TOOL_TYPE_UNKNOWN, buttonState=0, metaState=0, flags=0x0, edgeFlags=0x0, pointerCount=1, historySize=0, eventTime=123397, downTime=123396, deviceId=0, source=0x1002 }
D/InputEventConsistencyVerifier(  426):   -- recent events --
D/InputEventConsistencyVerifier(  426):   1: sent at 122634000000, MotionEvent { action=ACTION_DOWN, id[0]=0, x[0]=365.0, y[0]=455.0, toolType[0]=TOOL_TYPE_UNKNOWN, buttonState=0, metaState=0, flags=0x0, edgeFlags=0x0, pointerCount=1, historySize=0, eventTime=122634, downTime=122631, deviceId=0, source=0x1002 }
D/InputEventConsistencyVerifier(  426):   2: sent at 122489000000, MotionEvent { action=ACTION_UP, id[0]=0, x[0]=480.0, y[0]=74.0, toolType[0]=TOOL_TYPE_UNKNOWN, buttonState=0, metaState=0, flags=0x0, edgeFlags=0x0, pointerCount=1, historySize=0, eventTime=122489, downTime=122404, deviceId=0, source=0x1002 }
D/InputEventConsistencyVerifier(  426):   3: sent at 122487000000, MotionEvent { action=ACTION_MOVE, id[0]=0, x[0]=480.0, y[0]=67.0, toolType[0]=TOOL_TYPE_UNKNOWN, buttonState=0, metaState=0, flags=0x0, edgeFlags=0x0, pointerCount=1, historySize=5, eventTime=122487, downTime=122404, deviceId=0, source=0x1002 }
D/InputEventConsistencyVerifier(  426):   4: sent at 122406000000, MotionEvent { action=ACTION_DOWN, id[0]=0, x[0]=452.0, y[0]=11.0, toolType[0]=TOOL_TYPE_UNKNOWN, buttonState=0, metaState=0, flags=0x0, edgeFlags=0x0, pointerCount=1, historySize=0, eventTime=122406, downTime=122404, deviceId=0, source=0x1002 }
W/dalvikvm(  426): DroidBox: { "FdAccess": { "path": "2f70726f632f6d656d696e666f", "id": "2103087685" } }
W/DroidBox(  426): DroidBox: { "FileRW": { "operation": "read", "data": "4d656d546f74616c3a202020202020202020373438393634206b420a4d656d467265653a20202020202020202020343635313430206b420a427566666572733a20202020202020202020202035343132206b420a4361636865643a202020202020202020", "id": "2103087685" } }
D/InputEventConsistencyVerifier(  426): KeyEvent: ACTION_UP but key was not down.
D/InputEventConsistencyVerifier(  426):   in com.android.systemui.statusbar.phone.StatusBarWindowView@b3e64248
D/InputEventConsistencyVerifier(  426):   0: sent at 123633000000, KeyEvent { action=ACTION_UP, keyCode=KEYCODE_DPAD_UP, scanCode=0, metaState=0, flags=0x8, repeatCount=0, eventTime=123633, downTime=123633, deviceId=-1, source=0x101 }
D/InputEventConsistencyVerifier(  426):   -- recent events --
D/InputEventConsistencyVerifier(  426):   1: sent at 123563000000, (unhandled) KeyEvent { action=ACTION_UP, keyCode=KEYCODE_CAMERA, scanCode=0, metaState=0, flags=0x8, repeatCount=0, eventTime=123563, downTime=123563, deviceId=-1, source=0x101 }
D/InputEventConsistencyVerifier(  426):   2: sent at 123435000000, (unhandled) KeyEvent { action=ACTION_DOWN, keyCode=KEYCODE_CAMERA, scanCode=0, metaState=0, flags=0x8, repeatCount=0, eventTime=123435, downTime=123435, deviceId=-1, source=0x101 }
D/InputEventConsistencyVerifier(  426):   3: sent at 123427000000, MotionEvent { action=ACTION_UP, id[0]=0, x[0]=249.0, y[0]=401.0, toolType[0]=TOOL_TYPE_UNKNOWN, buttonState=0, metaState=0, flags=0x0, edgeFlags=0x0, pointerCount=1, historySize=0, eventTime=123427, downTime=123396, deviceId=0, source=0x1002 }
D/InputEventConsistencyVerifier(  426):   4: sent at 123397000000, MotionEvent { action=ACTION_DOWN, id[0]=0, x[0]=252.0, y[0]=407.0, toolType[0]=TOOL_TYPE_UNKNOWN, buttonState=0, metaState=0, flags=0x0, edgeFlags=0x0, pointerCount=1, historySize=0, eventTime=123397, downTime=123396, deviceId=0, source=0x1002 }
D/InputEventConsistencyVerifier(  426):   5: sent at 123386000000, (unhandled) KeyEvent { action=ACTION_UP, keyCode=KEYCODE_DPAD_LEFT, scanCode=0, metaState=0, flags=0x8, repeatCount=0, eventTime=123386, downTime=123386, deviceId=-1, source=0x101 }
I/Choreographer(  426): Skipped 40 frames!  The application may be doing too much work on its main thread.
D/InputEventConsistencyVerifier(  426): KeyEvent: ACTION_UP but key was not down.
D/InputEventConsistencyVerifier(  426):   in com.android.systemui.statusbar.phone.StatusBarWindowView@b3e64248
D/InputEventConsistencyVerifier(  426):   0: sent at 123816000000, KeyEvent { action=ACTION_UP, keyCode=KEYCODE_DPAD_UP, scanCode=0, metaState=0, flags=0x400, repeatCount=0, eventTime=123816, downTime=123816, deviceId=-1, source=0x101 }
D/InputEventConsistencyVerifier(  426):   -- recent events --
D/InputEventConsistencyVerifier(  426):   1: sent at 123775000000, (unhandled) MotionEvent { action=ACTION_MOVE, id[0]=0, x[0]=0.0, y[0]=-2.0, toolType[0]=TOOL_TYPE_UNKNOWN, buttonState=0, metaState=0, flags=0x0, edgeFlags=0x0, pointerCount=1, historySize=0, eventTime=123775, downTime=-1, deviceId=0, source=0x10004 }
D/InputEventConsistencyVerifier(  426):   2: sent at 123706000000, MotionEvent { action=ACTION_UP, id[0]=0, x[0]=146.5, y[0]=720.0, toolType[0]=TOOL_TYPE_UNKNOWN, buttonState=0, metaState=0, flags=0x0, edgeFlags=0x0, pointerCount=1, historySize=0, eventTime=123706, downTime=123653, deviceId=0, source=0x1002 }
D/InputEventConsistencyVerifier(  426):   3: sent at 123706000000, MotionEvent { action=ACTION_MOVE, id[0]=0, x[0]=146.5, y[0]=720.0, toolType[0]=TOOL_TYPE_UNKNOWN, buttonState=0, metaState=0, flags=0x0, edgeFlags=0x0, pointerCount=1, historySize=2, eventTime=123706, downTime=123653, deviceId=0, source=0x1002 }
D/InputEventConsistencyVerifier(  426):   4: sent at 123654000000, MotionEvent { action=ACTION_DOWN, id[0]=0, x[0]=162.0, y[0]=700.0, toolType[0]=TOOL_TYPE_UNKNOWN, buttonState=0, metaState=0, flags=0x0, edgeFlags=0x0, pointerCount=1, historySize=0, eventTime=123654, downTime=123653, deviceId=0, source=0x1002 }
D/InputEventConsistencyVerifier(  426):   5: sent at 123647000000, (unhandled) KeyEvent { action=ACTION_UP, keyCode=KEYCODE_DPAD_CENTER, scanCode=0, metaState=0, flags=0x8, repeatCount=0, eventTime=123647, downTime=123647, deviceId=-1, source=0x101 }
D/InputEventConsistencyVerifier(  426): KeyEvent: ACTION_UP but key was not down.
D/InputEventConsistencyVerifier(  426):   in android.widget.FrameLayout@b3e83d98
D/InputEventConsistencyVerifier(  426):   0: sent at 123917000000, KeyEvent { action=ACTION_UP, keyCode=KEYCODE_DPAD_DOWN, scanCode=0, metaState=0, flags=0x400, repeatCount=0, eventTime=123917, downTime=123917, deviceId=-1, source=0x101 }
D/InputEventConsistencyVerifier(  426):   -- recent events --
D/InputEventConsistencyVerifier(  426):   1: sent at 123706000000, MotionEvent { action=ACTION_UP, id[0]=0, x[0]=146.5, y[0]=720.0, toolType[0]=TOOL_TYPE_UNKNOWN, buttonState=0, metaState=0, flags=0x0, edgeFlags=0x0, pointerCount=1, historySize=0, eventTime=123706, downTime=123653, deviceId=0, source=0x1002 }
D/InputEventConsistencyVerifier(  426):   2: sent at 123706000000, MotionEvent { action=ACTION_MOVE, id[0]=0, x[0]=146.5, y[0]=720.0, toolType[0]=TOOL_TYPE_UNKNOWN, buttonState=0, metaState=0, flags=0x0, edgeFlags=0x0, pointerCount=1, historySize=2, eventTime=123706, downTime=123653, deviceId=0, source=0x1002 }
D/InputEventConsistencyVerifier(  426):   3: sent at 123654000000, MotionEvent { action=ACTION_DOWN, id[0]=0, x[0]=162.0, y[0]=700.0, toolType[0]=TOOL_TYPE_UNKNOWN, buttonState=0, metaState=0, flags=0x0, edgeFlags=0x0, pointerCount=1, historySize=0, eventTime=123654, downTime=123653, deviceId=0, source=0x1002 }
D/InputEventConsistencyVerifier(  426):   4: sent at 123427000000, MotionEvent { action=ACTION_UP, id[0]=0, x[0]=249.0, y[0]=401.0, toolType[0]=TOOL_TYPE_UNKNOWN, buttonState=0, metaState=0, flags=0x0, edgeFlags=0x0, pointerCount=1, historySize=0, eventTime=123427, downTime=123396, deviceId=0, source=0x1002 }
D/InputEventConsistencyVerifier(  426):   5: sent at 123397000000, MotionEvent { action=ACTION_DOWN, id[0]=0, x[0]=252.0, y[0]=407.0, toolType[0]=TOOL_TYPE_UNKNOWN, buttonState=0, metaState=0, flags=0x80000000, edgeFlags=0x0, pointerCount=1, historySize=0, eventTime=123397, downTime=123396, deviceId=0, source=0x1002 }
D/InputEventConsistencyVerifier(  426): TouchEvent: ACTION_DOWN but pointers are already down.  Probably missing ACTION_UP from previous gesture.
D/InputEventConsistencyVerifier(  426):   in android.view.ScaleGestureDetector@b3f03c88
D/InputEventConsistencyVerifier(  426):   0: sent at 124148000000, MotionEvent { action=ACTION_DOWN, id[0]=0, x[0]=316.0, y[0]=446.0, toolType[0]=TOOL_TYPE_UNKNOWN, buttonState=0, metaState=0, flags=0x0, edgeFlags=0x0, pointerCount=1, historySize=0, eventTime=124148, downTime=124147, deviceId=0, source=0x1002 }
D/InputEventConsistencyVerifier(  426):   -- recent events --
D/InputEventConsistencyVerifier(  426):   1: sent at 123706000000, MotionEvent { action=ACTION_MOVE, id[0]=0, x[0]=146.5, y[0]=720.0, toolType[0]=TOOL_TYPE_UNKNOWN, buttonState=0, metaState=0, flags=0x0, edgeFlags=0x0, pointerCount=1, historySize=2, eventTime=123706, downTime=123653, deviceId=0, source=0x1002 }
D/InputEventConsistencyVerifier(  426):   2: sent at 123654000000, MotionEvent { action=ACTION_DOWN, id[0]=0, x[0]=162.0, y[0]=700.0, toolType[0]=TOOL_TYPE_UNKNOWN, buttonState=0, metaState=0, flags=0x0, edgeFlags=0x0, pointerCount=1, historySize=0, eventTime=123654, downTime=123653, deviceId=0, source=0x1002 }
D/InputEventConsistencyVerifier(  426):   3: sent at 123427000000, MotionEvent { action=ACTION_UP, id[0]=0, x[0]=249.0, y[0]=401.0, toolType[0]=TOOL_TYPE_UNKNOWN, buttonState=0, metaState=0, flags=0x0, edgeFlags=0x0, pointerCount=1, historySize=0, eventTime=123427, downTime=123396, deviceId=0, source=0x1002 }
D/InputEventConsistencyVerifier(  426):   4: sent at 123397000000, MotionEvent { action=ACTION_DOWN, id[0]=0, x[0]=252.0, y[0]=407.0, toolType[0]=TOOL_TYPE_UNKNOWN, buttonState=0, metaState=0, flags=0x80000000, edgeFlags=0x0, pointerCount=1, historySize=0, eventTime=123397, downTime=123396, deviceId=0, source=0x1002 }
D/InputEventConsistencyVerifier(  426):   5: sent at 122634000000, MotionEvent { action=ACTION_DOWN, id[0]=0, x[0]=365.0, y[0]=455.0, toolType[0]=TOOL_TYPE_UNKNOWN, buttonState=0, metaState=0, flags=0x0, edgeFlags=0x0, pointerCount=1, historySize=0, eventTime=122634, downTime=122631, deviceId=0, source=0x1002 }
D/InputEventConsistencyVerifier(  426): KeyEvent: ACTION_UP but key was not down.
D/InputEventConsistencyVerifier(  426):   in com.android.systemui.statusbar.phone.StatusBarWindowView@b3e64248
D/InputEventConsistencyVerifier(  426):   0: sent at 124339000000, KeyEvent { action=ACTION_UP, keyCode=KEYCODE_DPAD_UP, scanCode=0, metaState=0, flags=0x400, repeatCount=0, eventTime=124339, downTime=124339, deviceId=-1, source=0x101 }
D/InputEventConsistencyVerifier(  426):   -- recent events --
D/InputEventConsistencyVerifier(  426):   1: sent at 124306000000, (unhandled) MotionEvent { action=ACTION_MOVE, id[0]=0, x[0]=1.0, y[0]=-2.0, toolType[0]=TOOL_TYPE_UNKNOWN, buttonState=0, metaState=0, flags=0x0, edgeFlags=0x0, pointerCount=1, historySize=9, eventTime=124306, downTime=-1, deviceId=0, source=0x10004 }
D/InputEventConsistencyVerifier(  426):   2: sent at 124311000000, MotionEvent { action=ACTION_DOWN, id[0]=0, x[0]=262.0, y[0]=294.0, toolType[0]=TOOL_TYPE_UNKNOWN, buttonState=0, metaState=0, flags=0x0, edgeFlags=0x0, pointerCount=1, historySize=0, eventTime=124311, downTime=124311, deviceId=0, source=0x1002 }
D/InputEventConsistencyVerifier(  426):   3: sent at 124178000000, MotionEvent { action=ACTION_UP, id[0]=0, x[0]=102.0, y[0]=290.0, toolType[0]=TOOL_TYPE_UNKNOWN, buttonState=0, metaState=0, flags=0x0, edgeFlags=0x0, pointerCount=1, historySize=0, eventTime=124178, downTime=124171, deviceId=0, source=0x1002 }
D/InputEventConsistencyVerifier(  426):   4: sent at 124172000000, MotionEvent { action=ACTION_DOWN, id[0]=0, x[0]=94.0, y[0]=290.0, toolType[0]=TOOL_TYPE_UNKNOWN, buttonState=0, metaState=0, flags=0x0, edgeFlags=0x0, pointerCount=1, historySize=0, eventTime=124172, downTime=124171, deviceId=0, source=0x1002 }
D/InputEventConsistencyVerifier(  426):   5: sent at 124164000000, MotionEvent { action=ACTION_UP, id[0]=0, x[0]=330.0, y[0]=445.0, toolType[0]=TOOL_TYPE_UNKNOWN, buttonState=0, metaState=0, flags=0x0, edgeFlags=0x0, pointerCount=1, historySize=0, eventTime=124164, downTime=124147, deviceId=0, source=0x1002 }
D/InputEventConsistencyVerifier(  426): KeyEvent: ACTION_UP but key was not down.
D/InputEventConsistencyVerifier(  426):   in android.widget.FrameLayout@b3e83d98
D/InputEventConsistencyVerifier(  426):   0: sent at 124437000000, KeyEvent { action=ACTION_UP, keyCode=KEYCODE_DPAD_DOWN, scanCode=0, metaState=0, flags=0x8, repeatCount=0, eventTime=124437, downTime=124437, deviceId=-1, source=0x101 }
D/InputEventConsistencyVerifier(  426):   -- recent events --
D/InputEventConsistencyVerifier(  426):   1: sent at 124316000000, MotionEvent { action=ACTION_UP, id[0]=0, x[0]=259.0, y[0]=292.0, toolType[0]=TOOL_TYPE_UNKNOWN, buttonState=0, metaState=0, flags=0x0, edgeFlags=0x0, pointerCount=1, historySize=0, eventTime=124316, downTime=124311, deviceId=0, source=0x1002 }
D/InputEventConsistencyVerifier(  426):   2: sent at 124311000000, MotionEvent { action=ACTION_DOWN, id[0]=0, x[0]=262.0, y[0]=294.0, toolType[0]=TOOL_TYPE_UNKNOWN, buttonState=0, metaState=0, flags=0x0, edgeFlags=0x0, pointerCount=1, historySize=0, eventTime=124311, downTime=124311, deviceId=0, source=0x1002 }
D/InputEventConsistencyVerifier(  426):   3: sent at 124178000000, MotionEvent { action=ACTION_UP, id[0]=0, x[0]=102.0, y[0]=290.0, toolType[0]=TOOL_TYPE_UNKNOWN, buttonState=0, metaState=0, flags=0x0, edgeFlags=0x0, pointerCount=1, historySize=0, eventTime=124178, downTime=124171, deviceId=0, source=0x1002 }
D/InputEventConsistencyVerifier(  426):   4: sent at 124172000000, MotionEvent { action=ACTION_DOWN, id[0]=0, x[0]=94.0, y[0]=290.0, toolType[0]=TOOL_TYPE_UNKNOWN, buttonState=0, metaState=0, flags=0x0, edgeFlags=0x0, pointerCount=1, historySize=0, eventTime=124172, downTime=124171, deviceId=0, source=0x1002 }
D/InputEventConsistencyVerifier(  426):   5: sent at 124164000000, MotionEvent { action=ACTION_UP, id[0]=0, x[0]=330.0, y[0]=445.0, toolType[0]=TOOL_TYPE_UNKNOWN, buttonState=0, metaState=0, flags=0x0, edgeFlags=0x0, pointerCount=1, historySize=0, eventTime=124164, downTime=124147, deviceId=0, source=0x1002 }
I/Choreographer(  426): Skipped 31 frames!  The application may be doing too much work on its main thread.
I/ActivityManager(  227): START {act=android.intent.action.MAIN cat=[android.intent.category.LAUNCHER] flg=0x10200000 cmp=tp5x.WGt12/.Y6Cg03N u=0} from pid 1037
D/InputEventConsistencyVerifier(  426): TouchEvent: ACTION_DOWN but pointers are already down.  Probably missing ACTION_UP from previous gesture.
D/InputEventConsistencyVerifier(  426):   in android.view.ScaleGestureDetector@b3f03c88
D/InputEventConsistencyVerifier(  426):   0: sent at 124508000000, MotionEvent { action=ACTION_DOWN, id[0]=0, x[0]=44.0, y[0]=625.0, toolType[0]=TOOL_TYPE_UNKNOWN, buttonState=0, metaState=0, flags=0x0, edgeFlags=0x0, pointerCount=1, historySize=0, eventTime=124508, downTime=124507, deviceId=0, source=0x1002 }
D/InputEventConsistencyVerifier(  426):   -- recent events --
D/InputEventConsistencyVerifier(  426):   1: sent at 124488000000, MotionEvent { action=ACTION_MOVE, id[0]=0, x[0]=184.0, y[0]=566.0, toolType[0]=TOOL_TYPE_UNKNOWN, buttonState=0, metaState=0, flags=0x0, edgeFlags=0x0, pointerCount=1, historySize=3, eventTime=124488, downTime=124462, deviceId=0, source=0x1002 }
D/InputEventConsistencyVerifier(  426):   2: sent at 124464000000, MotionEvent { action=ACTION_DOWN, id[0]=0, x[0]=188.0, y[0]=602.0, toolType[0]=TOOL_TYPE_UNKNOWN, buttonState=0, metaState=0, flags=0x0, edgeFlags=0x0, pointerCount=1, historySize=0, eventTime=124464, downTime=124462, deviceId=0, source=0x1002 }
D/InputEventConsistencyVerifier(  426):   3: sent at 124316000000, MotionEvent { action=ACTION_UP, id[0]=0, x[0]=259.0, y[0]=292.0, toolType[0]=TOOL_TYPE_UNKNOWN, buttonState=0, metaState=0, flags=0x0, edgeFlags=0x0, pointerCount=1, historySize=0, eventTime=124316, downTime=124311, deviceId=0, source=0x1002 }
D/InputEventConsistencyVerifier(  426):   4: sent at 124311000000, MotionEvent { action=ACTION_DOWN, id[0]=0, x[0]=262.0, y[0]=294.0, toolType[0]=TOOL_TYPE_UNKNOWN, buttonState=0, metaState=0, flags=0x0, edgeFlags=0x0, pointerCount=1, historySize=0, eventTime=124311, downTime=124311, deviceId=0, source=0x1002 }
D/InputEventConsistencyVerifier(  426):   5: sent at 124178000000, MotionEvent { action=ACTION_UP, id[0]=0, x[0]=102.0, y[0]=290.0, toolType[0]=TOOL_TYPE_UNKNOWN, buttonState=0, metaState=0, flags=0x0, edgeFlags=0x0, pointerCount=1, historySize=0, eventTime=124178, downTime=124171, deviceId=0, source=0x1002 }
D/InputEventConsistencyVerifier(  426): TouchEvent: ACTION_DOWN but pointers are already down.  Probably missing ACTION_UP from previous gesture.
D/InputEventConsistencyVerifier(  426):   in android.view.ScaleGestureDetector@b3f03c88
D/InputEventConsistencyVerifier(  426):   0: sent at 124678000000, MotionEvent { action=ACTION_DOWN, id[0]=0, x[0]=77.0, y[0]=176.0, toolType[0]=TOOL_TYPE_UNKNOWN, buttonState=0, metaState=0, flags=0x0, edgeFlags=0x0, pointerCount=1, historySize=0, eventTime=124678, downTime=124676, deviceId=0, source=0x1002 }
D/InputEventConsistencyVerifier(  426):   -- recent events --
D/InputEventConsistencyVerifier(  426):   1: sent at 124665000000, MotionEvent { action=ACTION_MOVE, id[0]=0, x[0]=386.0, y[0]=422.0, toolType[0]=TOOL_TYPE_UNKNOWN, buttonState=0, metaState=0, flags=0x0, edgeFlags=0x0, pointerCount=1, historySize=3, eventTime=124665, downTime=124642, deviceId=0, source=0x1002 }
D/InputEventConsistencyVerifier(  426):   2: sent at 124644000000, MotionEvent { action=ACTION_DOWN, id[0]=0, x[0]=425.0, y[0]=464.0, toolType[0]=TOOL_TYPE_UNKNOWN, buttonState=0, metaState=0, flags=0x0, edgeFlags=0x0, pointerCount=1, historySize=0, eventTime=124644, downTime=124642, deviceId=0, source=0x1002 }
D/InputEventConsistencyVerifier(  426):   3: sent at 124635000000, MotionEvent { action=ACTION_UP, id[0]=0, x[0]=41.0, y[0]=696.0, toolType[0]=TOOL_TYPE_UNKNOWN, buttonState=0, metaState=0, flags=0x0, edgeFlags=0x0, pointerCount=1, historySize=0, eventTime=124635, downTime=124622, deviceId=0, source=0x1002 }
D/InputEventConsistencyVerifier(  426):   4: sent at 124622000000, MotionEvent { action=ACTION_DOWN, id[0]=0, x[0]=42.0, y[0]=693.0, toolType[0]=TOOL_TYPE_UNKNOWN, buttonState=0, metaState=0, flags=0x0, edgeFlags=0x0, pointerCount=1, historySize=0, eventTime=124622, downTime=124622, deviceId=0, source=0x1002 }
D/InputEventConsistencyVerifier(  426):   5: sent at 124530000000, MotionEvent { action=ACTION_UP, id[0]=0, x[0]=47.0, y[0]=601.0, toolType[0]=TOOL_TYPE_UNKNOWN, buttonState=0, metaState=0, flags=0x0, edgeFlags=0x0, pointerCount=1, historySize=0, eventTime=124530, downTime=124507, deviceId=0, source=0x1002 }
D/InputEventConsistencyVerifier(  426): KeyEvent: ACTION_UP but key was not down.
D/InputEventConsistencyVerifier(  426):   in com.android.systemui.statusbar.phone.StatusBarWindowView@b3e64248
D/InputEventConsistencyVerifier(  426):   0: sent at 124766000000, KeyEvent { action=ACTION_UP, keyCode=KEYCODE_DPAD_DOWN, scanCode=0, metaState=0, flags=0x8, repeatCount=0, eventTime=124766, downTime=124766, deviceId=-1, source=0x101 }
D/InputEventConsistencyVerifier(  426):   -- recent events --
D/InputEventConsistencyVerifier(  426):   1: sent at 124723000000, MotionEvent { action=ACTION_UP, id[0]=0, x[0]=90.0, y[0]=143.0, toolType[0]=TOOL_TYPE_UNKNOWN, buttonState=0, metaState=0, flags=0x0, edgeFlags=0x0, pointerCount=1, historySize=0, eventTime=124723, downTime=124676, deviceId=0, source=0x1002 }
D/InputEventConsistencyVerifier(  426):   2: sent at 124721000000, MotionEvent { action=ACTION_POINTER_UP(1), id[0]=0, x[0]=86.0, y[0]=143.0, toolType[0]=TOOL_TYPE_UNKNOWN, id[1]=1, x[1]=373.0, y[1]=451.0, toolType[1]=TOOL_TYPE_UNKNOWN, buttonState=0, metaState=0, flags=0x0, edgeFlags=0x0, pointerCount=2, historySize=0, eventTime=124721, downTime=124676, deviceId=0, source=0x1002 }
D/InputEventConsistencyVerifier(  426):   3: sent at 124699000000, MotionEvent { action=ACTION_MOVE, id[0]=0, x[0]=80.0, y[0]=159.0, toolType[0]=TOOL_TYPE_UNKNOWN, id[1]=1, x[1]=380.0, y[1]=458.0, toolType[1]=TOOL_TYPE_UNKNOWN, buttonState=0, metaState=0, flags=0x0, edgeFlags=0x0, pointerCount=2, historySize=0, eventTime=124699, downTime=124676, deviceId=0, source=0x1002 }
D/InputEventConsistencyVerifier(  426):   4: sent at 124695000000, MotionEvent { action=ACTION_POINTER_DOWN(1), id[0]=0, x[0]=79.0, y[0]=171.0, toolType[0]=TOOL_TYPE_UNKNOWN, id[1]=1, x[1]=391.0, y[1]=472.0, toolType[1]=TOOL_TYPE_UNKNOWN, buttonState=0, metaState=0, flags=0x0, edgeFlags=0x0, pointerCount=2, historySize=0, eventTime=124695, downTime=124676, deviceId=0, source=0x1002 }
D/InputEventConsistencyVerifier(  426):   5: sent at 124678000000, MotionEvent { action=ACTION_DOWN, id[0]=0, x[0]=77.0, y[0]=176.0, toolType[0]=TOOL_TYPE_UNKNOWN, buttonState=0, metaState=0, flags=0x0, edgeFlags=0x0, pointerCount=1, historySize=0, eventTime=124678, downTime=124676, deviceId=0, source=0x1002 }
D/InputEventConsistencyVerifier(  426): KeyEvent: ACTION_UP but key was not down.
D/InputEventConsistencyVerifier(  426):   in android.widget.FrameLayout@b3e83d98
D/InputEventConsistencyVerifier(  426):   0: sent at 124887000000, KeyEvent { action=ACTION_UP, keyCode=KEYCODE_DPAD_DOWN, scanCode=0, metaState=0, flags=0x400, repeatCount=0, eventTime=124887, downTime=124887, deviceId=-1, source=0x101 }
D/InputEventConsistencyVerifier(  426):   -- recent events --
D/InputEventConsistencyVerifier(  426):   1: sent at 124723000000, MotionEvent { action=ACTION_UP, id[0]=0, x[0]=90.0, y[0]=143.0, toolType[0]=TOOL_TYPE_UNKNOWN, buttonState=0, metaState=0, flags=0x0, edgeFlags=0x0, pointerCount=1, historySize=0, eventTime=124723, downTime=124676, deviceId=0, source=0x1002 }
D/InputEventConsistencyVerifier(  426):   2: sent at 124721000000, MotionEvent { action=ACTION_POINTER_UP(1), id[0]=0, x[0]=86.0, y[0]=143.0, toolType[0]=TOOL_TYPE_UNKNOWN, id[1]=1, x[1]=373.0, y[1]=451.0, toolType[1]=TOOL_TYPE_UNKNOWN, buttonState=0, metaState=0, flags=0x0, edgeFlags=0x0, pointerCount=2, historySize=0, eventTime=124721, downTime=124676, deviceId=0, source=0x1002 }
D/InputEventConsistencyVerifier(  426):   3: sent at 124699000000, MotionEvent { action=ACTION_MOVE, id[0]=0, x[0]=80.0, y[0]=159.0, toolType[0]=TOOL_TYPE_UNKNOWN, id[1]=1, x[1]=380.0, y[1]=458.0, toolType[1]=TOOL_TYPE_UNKNOWN, buttonState=0, metaState=0, flags=0x0, edgeFlags=0x0, pointerCount=2, historySize=0, eventTime=124699, downTime=124676, deviceId=0, source=0x1002 }
D/InputEventConsistencyVerifier(  426):   4: sent at 124695000000, MotionEvent { action=ACTION_POINTER_DOWN(1), id[0]=0, x[0]=79.0, y[0]=171.0, toolType[0]=TOOL_TYPE_UNKNOWN, id[1]=1, x[1]=391.0, y[1]=472.0, toolType[1]=TOOL_TYPE_UNKNOWN, buttonState=0, metaState=0, flags=0x0, edgeFlags=0x0, pointerCount=2, historySize=0, eventTime=124695, downTime=124676, deviceId=0, source=0x1002 }
D/InputEventConsistencyVerifier(  426):   5: sent at 124678000000, MotionEvent { action=ACTION_DOWN, id[0]=0, x[0]=77.0, y[0]=176.0, toolType[0]=TOOL_TYPE_UNKNOWN, buttonState=0, metaState=0, flags=0x80000000, edgeFlags=0x0, pointerCount=1, historySize=0, eventTime=124678, downTime=124676, deviceId=0, source=0x1002 }
D/InputEventConsistencyVerifier(  426): TouchEvent: ACTION_DOWN but pointers are already down.  Probably missing ACTION_UP from previous gesture.
D/InputEventConsistencyVerifier(  426):   in android.view.ScaleGestureDetector@b3f03c88
D/InputEventConsistencyVerifier(  426):   0: sent at 124964000000, MotionEvent { action=ACTION_DOWN, id[0]=0, x[0]=279.0, y[0]=172.0, toolType[0]=TOOL_TYPE_UNKNOWN, buttonState=0, metaState=0, flags=0x0, edgeFlags=0x0, pointerCount=1, historySize=0, eventTime=124964, downTime=124963, deviceId=0, source=0x1002 }
D/InputEventConsistencyVerifier(  426):   -- recent events --
