I/Choreographer(  966): Skipped 124 frames!  The application may be doing too much work on its main thread.
I/Choreographer(  966): Skipped 47 frames!  The application may be doing too much work on its main thread.
W/InputMethodManagerService(  228): Window already focused, ignoring focus gain of: com.android.internal.view.IInputMethodClient$Stub$Proxy@b41bd8e0 attribute=null
E/webcoreglue(  966): Should not happen: no rect-based-test nodes found
E/webcoreglue(  966): Should not happen: no rect-based-test nodes found
E/webcoreglue(  966): Should not happen: no rect-based-test nodes found
E/webcoreglue(  966): Should not happen: no rect-based-test nodes found
E/webcoreglue(  966): Should not happen: no rect-based-test nodes found
I/Choreographer(  966): Skipped 120 frames!  The application may be doing too much work on its main thread.
E/webcoreglue(  966): Should not happen: no rect-based-test nodes found
E/webcoreglue(  966): Should not happen: no rect-based-test nodes found
I/ActivityManager(  228): START {act=android.intent.action.MAIN cat=[android.intent.category.LAUNCHER] flg=0x10200000 cmp=com.wWiFiHacker12/.MainNavigationActivity u=0} from pid 948
W/ActivityManager(  228): Unable to start service Intent { act=com.google.android.c2dm.intent.REGISTER (has extras) }: not found
I/Choreographer(  966): Skipped 39 frames!  The application may be doing too much work on its main thread.
I/ActivityManager(  228): START {act=android.intent.action.CHOOSER flg=0x1 cmp=android/com.android.internal.app.ChooserActivity (has clip) (has extras) u=0} from pid 966
I/Choreographer(  966): Skipped 35 frames!  The application may be doing too much work on its main thread.
E/webcoreglue(  966): Should not happen: no rect-based-test nodes found
E/webcoreglue(  966): Should not happen: no rect-based-test nodes found
E/webcoreglue(  966): Should not happen: no rect-based-test nodes found
I/Choreographer(  966): Skipped 78 frames!  The application may be doing too much work on its main thread.
W/InputMethodManagerService(  228): Window already focused, ignoring focus gain of: com.android.internal.view.IInputMethodClient$Stub$Proxy@b430e150 attribute=null
E/webcoreglue(  966): Should not happen: no rect-based-test nodes found
E/webcoreglue(  966): Should not happen: no rect-based-test nodes found
D/InputEventConsistencyVerifier(  966): KeyEvent: ACTION_UP but key was not down.
D/InputEventConsistencyVerifier(  966):   in com.android.internal.policy.impl.PhoneWindow$DecorView@b3ee2ed8
D/InputEventConsistencyVerifier(  966):   0: sent at 235287000000, KeyEvent { action=ACTION_UP, keyCode=KEYCODE_DPAD_DOWN, scanCode=0, metaState=0, flags=0x8, repeatCount=0, eventTime=235287, downTime=235287, deviceId=-1, source=0x101 }
D/InputEventConsistencyVerifier(  966):   -- recent events --
D/InputEventConsistencyVerifier(  966):   1: sent at 235091000000, (unhandled) KeyEvent { action=ACTION_UP, keyCode=KEYCODE_L, scanCode=0, metaState=0, flags=0x8, repeatCount=0, eventTime=235091, downTime=235091, deviceId=-1, source=0x101 }
D/InputEventConsistencyVerifier(  966):   2: sent at 234978000000, (unhandled) KeyEvent { action=ACTION_DOWN, keyCode=KEYCODE_L, scanCode=0, metaState=0, flags=0x8, repeatCount=0, eventTime=234978, downTime=234978, deviceId=-1, source=0x101 }
D/InputEventConsistencyVerifier(  966):   3: sent at 234361000000, (unhandled) KeyEvent { action=ACTION_UP, keyCode=KEYCODE_DPAD_RIGHT, scanCode=0, metaState=0, flags=0x8, repeatCount=0, eventTime=234361, downTime=234361, deviceId=-1, source=0x101 }
D/InputEventConsistencyVerifier(  966):   4: sent at 234311000000, (unhandled) KeyEvent { action=ACTION_DOWN, keyCode=KEYCODE_DPAD_RIGHT, scanCode=0, metaState=0, flags=0x8, repeatCount=0, eventTime=234311, downTime=234311, deviceId=-1, source=0x101 }
D/InputEventConsistencyVerifier(  966):   5: sent at 234275000000, KeyEvent { action=ACTION_UP, keyCode=KEYCODE_DPAD_CENTER, scanCode=0, metaState=0, flags=0x8, repeatCount=0, eventTime=234275, downTime=234275, deviceId=-1, source=0x101 }
D/InputEventConsistencyVerifier(  966): KeyEvent: ACTION_UP but key was not down.
D/InputEventConsistencyVerifier(  966):   in com.android.internal.policy.impl.PhoneWindow$DecorView@b3ee2ed8
D/InputEventConsistencyVerifier(  966):   0: sent at 235572000000, KeyEvent { action=ACTION_UP, keyCode=KEYCODE_DPAD_LEFT, scanCode=0, metaState=0, flags=0x8, repeatCount=0, eventTime=235572, downTime=235572, deviceId=-1, source=0x101 }
D/InputEventConsistencyVerifier(  966):   -- recent events --
D/InputEventConsistencyVerifier(  966):   1: sent at 235287000000, (unhandled) KeyEvent { action=ACTION_UP, keyCode=KEYCODE_DPAD_DOWN, scanCode=0, metaState=0, flags=0x80000008, repeatCount=0, eventTime=235287, downTime=235287, deviceId=-1, source=0x101 }
D/InputEventConsistencyVerifier(  966):   2: sent at 235091000000, (unhandled) KeyEvent { action=ACTION_UP, keyCode=KEYCODE_L, scanCode=0, metaState=0, flags=0x8, repeatCount=0, eventTime=235091, downTime=235091, deviceId=-1, source=0x101 }
D/InputEventConsistencyVerifier(  966):   3: sent at 234978000000, (unhandled) KeyEvent { action=ACTION_DOWN, keyCode=KEYCODE_L, scanCode=0, metaState=0, flags=0x8, repeatCount=0, eventTime=234978, downTime=234978, deviceId=-1, source=0x101 }
D/InputEventConsistencyVerifier(  966):   4: sent at 234361000000, (unhandled) KeyEvent { action=ACTION_UP, keyCode=KEYCODE_DPAD_RIGHT, scanCode=0, metaState=0, flags=0x8, repeatCount=0, eventTime=234361, downTime=234361, deviceId=-1, source=0x101 }
D/InputEventConsistencyVerifier(  966):   5: sent at 234311000000, (unhandled) KeyEvent { action=ACTION_DOWN, keyCode=KEYCODE_DPAD_RIGHT, scanCode=0, metaState=0, flags=0x8, repeatCount=0, eventTime=234311, downTime=234311, deviceId=-1, source=0x101 }
I/Choreographer(  966): Skipped 62 frames!  The application may be doing too much work on its main thread.
I/Choreographer(  966): Skipped 53 frames!  The application may be doing too much work on its main thread.
I/ActivityManager(  228): START {act=android.intent.action.CHOOSER flg=0x1 cmp=android/com.android.internal.app.ChooserActivity (has clip) (has extras) u=0} from pid 966
D/InputEventConsistencyVerifier(  966): KeyEvent: ACTION_UP but key was not down.
D/InputEventConsistencyVerifier(  966):   in android.view.ViewRootImpl@b3ee1d60
D/InputEventConsistencyVerifier(  966):   0: sent at 236371000000, KeyEvent { action=ACTION_UP, keyCode=KEYCODE_DPAD_UP, scanCode=0, metaState=0, flags=0x8, repeatCount=0, eventTime=236371, downTime=236371, deviceId=-1, source=0x101 }
D/InputEventConsistencyVerifier(  966):   -- recent events --
D/InputEventConsistencyVerifier(  966):   1: sent at 235264000000, MotionEvent { action=ACTION_UP, id[0]=0, x[0]=94.0, y[0]=225.0, toolType[0]=TOOL_TYPE_UNKNOWN, buttonState=0, metaState=0, flags=0x0, edgeFlags=0x0, pointerCount=1, historySize=0, eventTime=235264, downTime=235207, deviceId=0, source=0x1002 }
D/InputEventConsistencyVerifier(  966):   2: sent at 235262000000, MotionEvent { action=ACTION_POINTER_UP(1), id[0]=0, x[0]=96.0, y[0]=229.0, toolType[0]=TOOL_TYPE_UNKNOWN, id[1]=1, x[1]=318.0, y[1]=724.0, toolType[1]=TOOL_TYPE_UNKNOWN, buttonState=0, metaState=0, flags=0x0, edgeFlags=0x0, pointerCount=2, historySize=0, eventTime=235262, downTime=235207, deviceId=0, source=0x1002 }
D/InputEventConsistencyVerifier(  966):   3: sent at 235259000000, MotionEvent { action=ACTION_MOVE, id[0]=0, x[0]=99.0, y[0]=231.0, toolType[0]=TOOL_TYPE_UNKNOWN, id[1]=1, x[1]=317.0, y[1]=733.0, toolType[1]=TOOL_TYPE_UNKNOWN, buttonState=0, metaState=0, flags=0x0, edgeFlags=0x0, pointerCount=2, historySize=3, eventTime=235259, downTime=235207, deviceId=0, source=0x1002 }
D/InputEventConsistencyVerifier(  966):   4: sent at 235248000000, MotionEvent { action=ACTION_POINTER_DOWN(1), id[0]=0, x[0]=116.0, y[0]=244.0, toolType[0]=TOOL_TYPE_UNKNOWN, id[1]=1, x[1]=312.0, y[1]=780.0, toolType[1]=TOOL_TYPE_UNKNOWN, buttonState=0, metaState=0, flags=0x0, edgeFlags=0x0, pointerCount=2, historySize=0, eventTime=235248, downTime=235207, deviceId=0, source=0x1002 }
D/InputEventConsistencyVerifier(  966):   5: sent at 235224000000, MotionEvent { action=ACTION_DOWN, id[0]=0, x[0]=118.0, y[0]=246.0, toolType[0]=TOOL_TYPE_UNKNOWN, buttonState=0, metaState=0, flags=0x0, edgeFlags=0x0, pointerCount=1, historySize=0, eventTime=235224, downTime=235207, deviceId=0, source=0x1002 }
I/Choreographer(  966): Skipped 61 frames!  The application may be doing too much work on its main thread.
W/InputMethodManagerService(  228): Window already focused, ignoring focus gain of: com.android.internal.view.IInputMethodClient$Stub$Proxy@b40c10f0 attribute=null
E/webcoreglue(  966): Should not happen: no rect-based-test nodes found
E/webcoreglue(  966): Should not happen: no rect-based-test nodes found
E/webcoreglue(  966): Should not happen: no rect-based-test nodes found
I/Choreographer(  966): Skipped 36 frames!  The application may be doing too much work on its main thread.
I/ActivityManager(  228): START {act=android.intent.action.MAIN cat=[android.intent.category.HOME] flg=0x10200000 cmp=com.android.launcher/com.android.launcher2.Launcher u=0} from pid 228
E/webcoreglue(  966): Should not happen: no rect-based-test nodes found
I/Choreographer(  966): Skipped 40 frames!  The application may be doing too much work on its main thread.
I/ActivityManager(  228): START {act=android.intent.action.MAIN cat=[android.intent.category.LAUNCHER] flg=0x10200000 cmp=com.wWiFiHacker12/.MainNavigationActivity u=0} from pid 948
I/InputDispatcher(  228): Dropped event because of pending overdue app switch.
W/InputManager(  228): Input event injection from pid 948 failed.
W/ActivityManager(  228): Unable to start service Intent { act=com.google.android.c2dm.intent.REGISTER (has extras) }: not found
I/Choreographer(  966): Skipped 40 frames!  The application may be doing too much work on its main thread.
D/InputEventConsistencyVerifier(  966): KeyEvent: ACTION_UP but key was not down.
D/InputEventConsistencyVerifier(  966):   in android.view.ViewRootImpl@b3ee1d60
D/InputEventConsistencyVerifier(  966):   0: sent at 238667000000, KeyEvent { action=ACTION_UP, keyCode=KEYCODE_DPAD_DOWN, scanCode=0, metaState=0, flags=0x8, repeatCount=0, eventTime=238667, downTime=238667, deviceId=-1, source=0x101 }
D/InputEventConsistencyVerifier(  966):   -- recent events --
D/InputEventConsistencyVerifier(  966):   1: sent at 238519000000, MotionEvent { action=ACTION_MOVE, id[0]=0, x[0]=-1.0, y[0]=-1.0, toolType[0]=TOOL_TYPE_UNKNOWN, buttonState=0, metaState=0, flags=0x0, edgeFlags=0x0, pointerCount=1, historySize=0, eventTime=238519, downTime=-1, deviceId=0, source=0x10004 }
D/InputEventConsistencyVerifier(  966):   2: sent at 238555000000, KeyEvent { action=ACTION_UP, keyCode=KEYCODE_DPAD_UP, scanCode=0, metaState=0, flags=0x400, repeatCount=0, eventTime=238555, downTime=238555, deviceId=-1, source=0x101 }
D/InputEventConsistencyVerifier(  966):   3: sent at 238555000000, KeyEvent { action=ACTION_DOWN, keyCode=KEYCODE_DPAD_UP, scanCode=0, metaState=0, flags=0x400, repeatCount=0, eventTime=238555, downTime=238555, deviceId=-1, source=0x101 }
D/InputEventConsistencyVerifier(  966):   4: sent at 238554000000, KeyEvent { action=ACTION_UP, keyCode=KEYCODE_DPAD_UP, scanCode=0, metaState=0, flags=0x400, repeatCount=0, eventTime=238554, downTime=238554, deviceId=-1, source=0x101 }
D/InputEventConsistencyVerifier(  966):   5: sent at 238554000000, KeyEvent { action=ACTION_DOWN, keyCode=KEYCODE_DPAD_UP, scanCode=0, metaState=0, flags=0x400, repeatCount=0, eventTime=238554, downTime=238554, deviceId=-1, source=0x101 }
E/webcoreglue(  966): Should not happen: no rect-based-test nodes found
I/qtaguid (  228): Failed write_ctrl(s 1 10050) res=-1 errno=1
W/NetworkManagementSocketTagger(  228): setKernelCountSet(10050, 1) failed with errno -1
I/qtaguid (  228): Failed write_ctrl(s 0 10019) res=-1 errno=1
W/NetworkManagementSocketTagger(  228): setKernelCountSet(10019, 0) failed with errno -1
E/webcoreglue(  966): Should not happen: no rect-based-test nodes found
I/Choreographer(  966): Skipped 39 frames!  The application may be doing too much work on its main thread.
I/ActivityManager(  228): START {act=android.intent.action.CALL_BUTTON flg=0x10000000 cmp=com.android.contacts/.activities.DialtactsActivity u=0} from pid 966
E/webcoreglue(  966): Should not happen: no rect-based-test nodes found
E/webcoreglue(  966): Should not happen: no rect-based-test nodes found
I/Choreographer(  966): Skipped 42 frames!  The application may be doing too much work on its main thread.
D/InputEventConsistencyVerifier(  966): KeyEvent: ACTION_UP but key was not down.
D/InputEventConsistencyVerifier(  966):   in com.android.internal.policy.impl.PhoneWindow$DecorView@b3ee2ed8
D/InputEventConsistencyVerifier(  966):   0: sent at 242206000000, KeyEvent { action=ACTION_UP, keyCode=KEYCODE_DPAD_RIGHT, scanCode=0, metaState=0, flags=0x400, repeatCount=0, eventTime=242206, downTime=242206, deviceId=-1, source=0x101 }
D/InputEventConsistencyVerifier(  966):   -- recent events --
D/InputEventConsistencyVerifier(  966):   1: sent at 241942000000, (unhandled) MotionEvent { action=ACTION_MOVE, id[0]=0, x[0]=2.0, y[0]=0.0, toolType[0]=TOOL_TYPE_UNKNOWN, buttonState=0, metaState=0, flags=0x0, edgeFlags=0x0, pointerCount=1, historySize=9, eventTime=241942, downTime=-1, deviceId=0, source=0x10004 }
D/InputEventConsistencyVerifier(  966):   2: sent at 242121000000, (unhandled) MotionEvent { action=ACTION_UP, id[0]=0, x[0]=223.0, y[0]=-351.0, toolType[0]=TOOL_TYPE_UNKNOWN, buttonState=0, metaState=0, flags=0x0, edgeFlags=0x0, pointerCount=1, historySize=0, eventTime=242121, downTime=241967, deviceId=0, source=0x1002 }
D/InputEventConsistencyVerifier(  966):   3: sent at 242115000000, (unhandled) MotionEvent { action=ACTION_MOVE, id[0]=0, x[0]=216.0, y[0]=-348.0, toolType[0]=TOOL_TYPE_UNKNOWN, buttonState=0, metaState=0, flags=0x0, edgeFlags=0x0, pointerCount=1, historySize=4, eventTime=242115, downTime=241967, deviceId=0, source=0x1002 }
D/InputEventConsistencyVerifier(  966):   4: sent at 241993000000, MotionEvent { action=ACTION_DOWN, id[0]=0, x[0]=189.0, y[0]=-323.0, toolType[0]=TOOL_TYPE_UNKNOWN, buttonState=0, metaState=0, flags=0x0, edgeFlags=0x0, pointerCount=1, historySize=0, eventTime=241993, downTime=241967, deviceId=0, source=0x1002 }
D/InputEventConsistencyVerifier(  966):   5: sent at 241862000000, (unhandled) KeyEvent { action=ACTION_UP, keyCode=KEYCODE_DPAD_UP, scanCode=0, metaState=0, flags=0x8, repeatCount=0, eventTime=241862, downTime=241862, deviceId=-1, source=0x101 }
E/webcoreglue(  966): Should not happen: no rect-based-test nodes found
W/InputMethodManagerService(  228): Window already focused, ignoring focus gain of: com.android.internal.view.IInputMethodClient$Stub$Proxy@b4162c30 attribute=null
I/Choreographer(  966): Skipped 33 frames!  The application may be doing too much work on its main thread.
I/ActivityManager(  228): START {act=android.intent.action.CHOOSER flg=0x1 cmp=android/com.android.internal.app.ChooserActivity (has clip) (has extras) u=0} from pid 966
E/webcoreglue(  966): Should not happen: no rect-based-test nodes found
I/Choreographer(  966): Skipped 45 frames!  The application may be doing too much work on its main thread.
D/InputEventConsistencyVerifier(  966): KeyEvent: ACTION_UP but key was not down.
D/InputEventConsistencyVerifier(  966):   in android.view.ViewRootImpl@b3ee1d60
D/InputEventConsistencyVerifier(  966):   0: sent at 243590000000, KeyEvent { action=ACTION_UP, keyCode=KEYCODE_DPAD_UP, scanCode=0, metaState=0, flags=0x8, repeatCount=0, eventTime=243590, downTime=243590, deviceId=-1, source=0x101 }
D/InputEventConsistencyVerifier(  966):   -- recent events --
D/InputEventConsistencyVerifier(  966):   1: sent at 243314000000, MotionEvent { action=ACTION_UP, id[0]=0, x[0]=191.0, y[0]=686.0, toolType[0]=TOOL_TYPE_UNKNOWN, buttonState=0, metaState=0, flags=0x0, edgeFlags=0x0, pointerCount=1, historySize=0, eventTime=243314, downTime=243278, deviceId=0, source=0x1002 }
D/InputEventConsistencyVerifier(  966):   2: sent at 243311000000, MotionEvent { action=ACTION_MOVE, id[0]=0, x[0]=189.0, y[0]=686.0, toolType[0]=TOOL_TYPE_UNKNOWN, buttonState=0, metaState=0, flags=0x0, edgeFlags=0x0, pointerCount=1, historySize=3, eventTime=243311, downTime=243278, deviceId=0, source=0x1002 }
D/InputEventConsistencyVerifier(  966):   3: sent at 243291000000, MotionEvent { action=ACTION_DOWN, id[0]=0, x[0]=177.0, y[0]=678.0, toolType[0]=TOOL_TYPE_UNKNOWN, buttonState=0, metaState=0, flags=0x0, edgeFlags=0x0, pointerCount=1, historySize=0, eventTime=243291, downTime=243278, deviceId=0, source=0x1002 }
D/InputEventConsistencyVerifier(  966):   4: sent at 242639000000, KeyEvent { action=ACTION_UP, keyCode=KEYCODE_MENU, scanCode=0, metaState=0, flags=0x8, repeatCount=0, eventTime=242639, downTime=242639, deviceId=-1, source=0x101 }
D/InputEventConsistencyVerifier(  966):   5: sent at 242510000000, KeyEvent { action=ACTION_DOWN, keyCode=KEYCODE_MENU, scanCode=0, metaState=0, flags=0x8, repeatCount=0, eventTime=242510, downTime=242510, deviceId=-1, source=0x101 }
W/InputMethodManagerService(  228): Window already focused, ignoring focus gain of: com.android.internal.view.IInputMethodClient$Stub$Proxy@b3f56da0 attribute=null
I/Choreographer(  966): Skipped 34 frames!  The application may be doing too much work on its main thread.
D/InputEventConsistencyVerifier(  966): KeyEvent: ACTION_UP but key was not down.
D/InputEventConsistencyVerifier(  966):   in com.android.internal.view.menu.IconMenuItemView@b3dd2838
D/InputEventConsistencyVerifier(  966):   0: sent at 244544000000, KeyEvent { action=ACTION_UP, keyCode=KEYCODE_DPAD_RIGHT, scanCode=0, metaState=0, flags=0x8, repeatCount=0, eventTime=244544, downTime=244544, deviceId=-1, source=0x101 }
D/InputEventConsistencyVerifier(  966):   -- recent events --
D/InputEventConsistencyVerifier(  966):   1: sent at 224179000000, KeyEvent { action=ACTION_UP, keyCode=KEYCODE_DPAD_CENTER, scanCode=0, metaState=0, flags=0x8, repeatCount=0, eventTime=224179, downTime=224179, deviceId=-1, source=0x101 }
D/InputEventConsistencyVerifier(  966):   2: sent at 224176000000, KeyEvent { action=ACTION_DOWN, keyCode=KEYCODE_DPAD_CENTER, scanCode=0, metaState=0, flags=0x8, repeatCount=0, eventTime=224176, downTime=224176, deviceId=-1, source=0x101 }
D/InputEventConsistencyVerifier(  966):   3: sent at 163647000000, KeyEvent { action=ACTION_UP, keyCode=KEYCODE_DPAD_CENTER, scanCode=0, metaState=0, flags=0x8, repeatCount=0, eventTime=163647, downTime=163647, deviceId=-1, source=0x101 }
D/InputEventConsistencyVerifier(  966):   4: sent at 163612000000, KeyEvent { action=ACTION_DOWN, keyCode=KEYCODE_DPAD_CENTER, scanCode=0, metaState=0, flags=0x8, repeatCount=0, eventTime=163612, downTime=163612, deviceId=-1, source=0x101 }
D/InputEventConsistencyVerifier(  966):   5: sent at 163578000000, (unhandled) KeyEvent { action=ACTION_UP, keyCode=KEYCODE_DPAD_RIGHT, scanCode=0, metaState=0, flags=0x80000008, repeatCount=0, eventTime=163578, downTime=163578, deviceId=-1, source=0x101 }
E/webcoreglue(  966): Should not happen: no rect-based-test nodes found
I/Choreographer(  966): Skipped 97 frames!  The application may be doing too much work on its main thread.
I/Choreographer(  966): Skipped 80 frames!  The application may be doing too much work on its main thread.
W/InputMethodManagerService(  228): Window already focused, ignoring focus gain of: com.android.internal.view.IInputMethodClient$Stub$Proxy@b3e059c0 attribute=null
E/webcoreglue(  966): Should not happen: no rect-based-test nodes found
E/webcoreglue(  966): Should not happen: no rect-based-test nodes found
I/Choreographer(  966): Skipped 38 frames!  The application may be doing too much work on its main thread.
E/webcoreglue(  966): Should not happen: no rect-based-test nodes found
I/Choreographer(  966): Skipped 40 frames!  The application may be doing too much work on its main thread.
I/ActivityManager(  228): START {act=android.intent.action.CHOOSER flg=0x1 cmp=android/com.android.internal.app.ChooserActivity (has clip) (has extras) u=0} from pid 966
I/ActivityManager(  228): START {act=android.intent.action.CHOOSER flg=0x1 cmp=android/com.android.internal.app.ChooserActivity (has clip) (has extras) u=0} from pid 966
E/webcoreglue(  966): Should not happen: no rect-based-test nodes found
I/Choreographer(  966): Skipped 236 frames!  The application may be doing too much work on its main thread.
D/InputEventConsistencyVerifier(  966): KeyEvent: ACTION_UP but key was not down.
D/InputEventConsistencyVerifier(  966):   in com.android.internal.view.menu.IconMenuItemView@b3dcc660
D/InputEventConsistencyVerifier(  966):   0: sent at 248327000000, KeyEvent { action=ACTION_UP, keyCode=KEYCODE_BUTTON_5, scanCode=0, metaState=0, flags=0x8, repeatCount=0, eventTime=248327, downTime=248327, deviceId=-1, source=0x101 }
D/InputEventConsistencyVerifier(  966):   -- recent events --
D/InputEventConsistencyVerifier(  966):   1: sent at 247723000000, MotionEvent { action=ACTION_UP, id[0]=0, x[0]=67.0, y[0]=26.0, toolType[0]=TOOL_TYPE_UNKNOWN, buttonState=0, metaState=0, flags=0x0, edgeFlags=0x0, pointerCount=1, historySize=0, eventTime=247723, downTime=247690, deviceId=0, source=0x1002 }
D/InputEventConsistencyVerifier(  966):   2: sent at 247719000000, MotionEvent { action=ACTION_MOVE, id[0]=0, x[0]=69.0, y[0]=22.0, toolType[0]=TOOL_TYPE_UNKNOWN, buttonState=0, metaState=0, flags=0x0, edgeFlags=0x0, pointerCount=1, historySize=1, eventTime=247719, downTime=247690, deviceId=0, source=0x1002 }
D/InputEventConsistencyVerifier(  966):   3: sent at 247698000000, MotionEvent { action=ACTION_DOWN, id[0]=0, x[0]=85.0, y[0]=13.0, toolType[0]=TOOL_TYPE_UNKNOWN, buttonState=0, metaState=0, flags=0x0, edgeFlags=0x0, pointerCount=1, historySize=0, eventTime=247698, downTime=247690, deviceId=0, source=0x1002 }
D/InputEventConsistencyVerifier(  966):   4: sent at 247483000000, KeyEvent { action=ACTION_UP, keyCode=KEYCODE_DPAD_CENTER, scanCode=0, metaState=0, flags=0x8, repeatCount=0, eventTime=247483, downTime=247483, deviceId=-1, source=0x101 }
D/InputEventConsistencyVerifier(  966):   5: sent at 247332000000, KeyEvent { action=ACTION_DOWN, keyCode=KEYCODE_DPAD_CENTER, scanCode=0, metaState=0, flags=0x8, repeatCount=0, eventTime=247332, downTime=247332, deviceId=-1, source=0x101 }
D/InputEventConsistencyVerifier(  966): KeyEvent: ACTION_UP but key was not down.
D/InputEventConsistencyVerifier(  966):   in com.android.internal.policy.impl.PhoneWindow$DecorView@b3ee2ed8
D/InputEventConsistencyVerifier(  966):   0: sent at 248327000000, KeyEvent { action=ACTION_UP, keyCode=KEYCODE_DPAD_CENTER, scanCode=0, metaState=0, flags=0x8, repeatCount=0, eventTime=248327, downTime=248327, deviceId=-1, source=0x101 }
D/InputEventConsistencyVerifier(  966):   -- recent events --
D/InputEventConsistencyVerifier(  966):   1: sent at 248327000000, (unhandled) KeyEvent { action=ACTION_UP, keyCode=KEYCODE_BUTTON_5, scanCode=0, metaState=0, flags=0x8, repeatCount=0, eventTime=248327, downTime=248327, deviceId=-1, source=0x101 }
D/InputEventConsistencyVerifier(  966):   2: sent at 248296000000, (unhandled) KeyEvent { action=ACTION_DOWN, keyCode=KEYCODE_BUTTON_5, scanCode=0, metaState=0, flags=0x8, repeatCount=0, eventTime=248296, downTime=248296, deviceId=-1, source=0x101 }
D/InputEventConsistencyVerifier(  966):   3: sent at 248280000000, (unhandled) KeyEvent { action=ACTION_UP, keyCode=KEYCODE_MENU, scanCode=0, metaState=0, flags=0x8, repeatCount=0, eventTime=248280, downTime=248280, deviceId=-1, source=0x101 }
D/InputEventConsistencyVerifier(  966):   4: sent at 248274000000, (unhandled) KeyEvent { action=ACTION_DOWN, keyCode=KEYCODE_MENU, scanCode=0, metaState=0, flags=0x8, repeatCount=0, eventTime=248274, downTime=248274, deviceId=-1, source=0x101 }
D/InputEventConsistencyVerifier(  966):   5: sent at 248265000000, (unhandled) KeyEvent { action=ACTION_UP, keyCode=KEYCODE_DPAD_CENTER, scanCode=0, metaState=0, flags=0x8, repeatCount=0, eventTime=248265, downTime=248265, deviceId=-1, source=0x101 }
D/InputEventConsistencyVerifier(  966): KeyEvent: ACTION_UP but key was not down.
D/InputEventConsistencyVerifier(  966):   in com.android.internal.policy.impl.PhoneWindow$DecorView@b3ee2ed8
D/InputEventConsistencyVerifier(  966):   0: sent at 248860000000, KeyEvent { action=ACTION_UP, keyCode=KEYCODE_DPAD_DOWN, scanCode=0, metaState=0, flags=0x8, repeatCount=0, eventTime=248860, downTime=248860, deviceId=-1, source=0x101 }
D/InputEventConsistencyVerifier(  966):   -- recent events --
D/InputEventConsistencyVerifier(  966):   1: sent at 248820000000, (unhandled) MotionEvent { action=ACTION_UP, id[0]=0, x[0]=299.0, y[0]=-392.0, toolType[0]=TOOL_TYPE_UNKNOWN, buttonState=0, metaState=0, flags=0x0, edgeFlags=0x0, pointerCount=1, historySize=0, eventTime=248820, downTime=248758, deviceId=0, source=0x1002 }
D/InputEventConsistencyVerifier(  966):   2: sent at 248817000000, (unhandled) MotionEvent { action=ACTION_MOVE, id[0]=0, x[0]=305.0, y[0]=-384.0, toolType[0]=TOOL_TYPE_UNKNOWN, buttonState=0, metaState=0, flags=0x0, edgeFlags=0x0, pointerCount=1, historySize=3, eventTime=248817, downTime=248758, deviceId=0, source=0x1002 }
D/InputEventConsistencyVerifier(  966):   3: sent at 248772000000, MotionEvent { action=ACTION_DOWN, id[0]=0, x[0]=331.0, y[0]=-359.0, toolType[0]=TOOL_TYPE_UNKNOWN, buttonState=0, metaState=0, flags=0x0, edgeFlags=0x0, pointerCount=1, historySize=0, eventTime=248772, downTime=248758, deviceId=0, source=0x1002 }
D/InputEventConsistencyVerifier(  966):   4: sent at 248327000000, (unhandled) KeyEvent { action=ACTION_UP, keyCode=KEYCODE_DPAD_CENTER, scanCode=0, metaState=0, flags=0x80000008, repeatCount=0, eventTime=248327, downTime=248327, deviceId=-1, source=0x101 }
D/InputEventConsistencyVerifier(  966):   5: sent at 248327000000, (unhandled) KeyEvent { action=ACTION_UP, keyCode=KEYCODE_BUTTON_5, scanCode=0, metaState=0, flags=0x8, repeatCount=0, eventTime=248327, downTime=248327, deviceId=-1, source=0x101 }
I/Choreographer(  966): Skipped 162 frames!  The application may be doing too much work on its main thread.
I/ActivityManager(  228): START {act=android.intent.action.MAIN cat=[android.intent.category.LAUNCHER] flg=0x10200000 cmp=com.wWiFiHacker12/.MainNavigationActivity u=0} from pid 948
I/Choreographer(  966): Skipped 116 frames!  The application may be doing too much work on its main thread.
E/webcoreglue(  966): Should not happen: no rect-based-test nodes found
W/InputMethodManagerService(  228): Window already focused, ignoring focus gain of: com.android.internal.view.IInputMethodClient$Stub$Proxy@b4312220 attribute=null
W/ActivityManager(  228): Unable to start service Intent { act=com.google.android.c2dm.intent.REGISTER (has extras) }: not found
I/Choreographer(  966): Skipped 53 frames!  The application may be doing too much work on its main thread.
E/webcoreglue(  966): Should not happen: no rect-based-test nodes found
D/InputEventConsistencyVerifier(  966): TrackballEvent: Trackball is down but pressure is not greater than 0.
D/InputEventConsistencyVerifier(  966):   in android.view.ViewRootImpl@b3dd4220
D/InputEventConsistencyVerifier(  966):   0: sent at 250662000000, MotionEvent { action=ACTION_DOWN, id[0]=0, x[0]=0.0, y[0]=0.0, toolType[0]=TOOL_TYPE_UNKNOWN, buttonState=0, metaState=0, flags=0x0, edgeFlags=0x0, pointerCount=1, historySize=0, eventTime=250662, downTime=250575, deviceId=0, source=0x10004 }
D/InputEventConsistencyVerifier(  966):   -- recent events --
D/InputEventConsistencyVerifier(  966):   1: sent at 250769000000, KeyEvent { action=ACTION_UP, keyCode=KEYCODE_DPAD_UP, scanCode=0, metaState=0, flags=0x400, repeatCount=0, eventTime=250769, downTime=250769, deviceId=-1, source=0x101 }
D/InputEventConsistencyVerifier(  966):   2: sent at 250769000000, KeyEvent { action=ACTION_DOWN, keyCode=KEYCODE_DPAD_UP, scanCode=0, metaState=0, flags=0x400, repeatCount=0, eventTime=250769, downTime=250769, deviceId=-1, source=0x101 }
D/InputEventConsistencyVerifier(  966):   3: sent at 250768000000, KeyEvent { action=ACTION_UP, keyCode=KEYCODE_DPAD_UP, scanCode=0, metaState=0, flags=0x400, repeatCount=0, eventTime=250768, downTime=250768, deviceId=-1, source=0x101 }
D/InputEventConsistencyVerifier(  966):   4: sent at 250768000000, KeyEvent { action=ACTION_DOWN, keyCode=KEYCODE_DPAD_UP, scanCode=0, metaState=0, flags=0x400, repeatCount=0, eventTime=250768, downTime=250768, deviceId=-1, source=0x101 }
D/InputEventConsistencyVerifier(  966):   5: sent at 250767000000, KeyEvent { action=ACTION_UP, keyCode=KEYCODE_DPAD_UP, scanCode=0, metaState=0, flags=0x400, repeatCount=0, eventTime=250767, downTime=250767, deviceId=-1, source=0x101 }
I/ActivityManager(  228): START {act=android.intent.action.CHOOSER flg=0x1 cmp=android/com.android.internal.app.ChooserActivity (has clip) (has extras) u=0} from pid 966
E/webcoreglue(  966): Should not happen: no rect-based-test nodes found
I/Choreographer(  966): Skipped 94 frames!  The application may be doing too much work on its main thread.
I/ActivityManager(  228): START {act=android.intent.action.CHOOSER flg=0x1 cmp=android/com.android.internal.app.ChooserActivity (has clip) (has extras) u=0} from pid 966
I/ActivityManager(  228): START {act=android.intent.action.MAIN cat=[android.intent.category.LAUNCHER] flg=0x10000000 cmp=com.android.contacts/.activities.PeopleActivity sel={act=android.intent.action.MAIN cat=[android.intent.category.APP_CONTACTS]} u=0} from pid 228
I/Choreographer(  966): Skipped 127 frames!  The application may be doing too much work on its main thread.
E/webcoreglue(  966): Should not happen: no rect-based-test nodes found
W/InputMethodManagerService(  228): Window already focused, ignoring focus gain of: com.android.internal.view.IInputMethodClient$Stub$Proxy@b3fc59f8 attribute=null
I/Choreographer(  966): Skipped 30 frames!  The application may be doing too much work on its main thread.
E/webcoreglue(  966): Should not happen: no rect-based-test nodes found
I/Choreographer(  966): Skipped 31 frames!  The application may be doing too much work on its main thread.
D/InputEventConsistencyVerifier(  966): TrackballEvent: Trackball is down but pressure is not greater than 0.
D/InputEventConsistencyVerifier(  966):   in android.view.ViewRootImpl@b3ee1d60
D/InputEventConsistencyVerifier(  966):   0: sent at 254361000000, MotionEvent { action=ACTION_DOWN, id[0]=0, x[0]=0.0, y[0]=0.0, toolType[0]=TOOL_TYPE_UNKNOWN, buttonState=0, metaState=0, flags=0x0, edgeFlags=0x0, pointerCount=1, historySize=0, eventTime=254361, downTime=254284, deviceId=0, source=0x10004 }
D/InputEventConsistencyVerifier(  966):   -- recent events --
D/InputEventConsistencyVerifier(  966):   1: sent at 254426000000, KeyEvent { action=ACTION_UP, keyCode=KEYCODE_DPAD_RIGHT, scanCode=0, metaState=0, flags=0x400, repeatCount=0, eventTime=254426, downTime=254426, deviceId=-1, source=0x101 }
D/InputEventConsistencyVerifier(  966):   2: sent at 254426000000, KeyEvent { action=ACTION_DOWN, keyCode=KEYCODE_DPAD_RIGHT, scanCode=0, metaState=0, flags=0x400, repeatCount=0, eventTime=254426, downTime=254426, deviceId=-1, source=0x101 }
D/InputEventConsistencyVerifier(  966):   3: sent at 254425000000, KeyEvent { action=ACTION_UP, keyCode=KEYCODE_DPAD_RIGHT, scanCode=0, metaState=0, flags=0x400, repeatCount=0, eventTime=254425, downTime=254425, deviceId=-1, source=0x101 }
D/InputEventConsistencyVerifier(  966):   4: sent at 254425000000, KeyEvent { action=ACTION_DOWN, keyCode=KEYCODE_DPAD_RIGHT, scanCode=0, metaState=0, flags=0x400, repeatCount=0, eventTime=254425, downTime=254425, deviceId=-1, source=0x101 }
D/InputEventConsistencyVerifier(  966):   5: sent at 254424000000, KeyEvent { action=ACTION_UP, keyCode=KEYCODE_DPAD_RIGHT, scanCode=0, metaState=0, flags=0x400, repeatCount=0, eventTime=254424, downTime=254424, deviceId=-1, source=0x101 }
E/webcoreglue(  966): Should not happen: no rect-based-test nodes found
E/webcoreglue(  966): Should not happen: no rect-based-test nodes found
E/webcoreglue(  966): Should not happen: no rect-based-test nodes found
E/webcoreglue(  966): Should not happen: no rect-based-test nodes found
E/webcoreglue(  966): Should not happen: no rect-based-test nodes found
I/Choreographer(  966): Skipped 50 frames!  The application may be doing too much work on its main thread.
I/Choreographer(  966): Skipped 40 frames!  The application may be doing too much work on its main thread.
E/webcoreglue(  966): Should not happen: no rect-based-test nodes found
I/Choreographer(  966): Skipped 31 frames!  The application may be doing too much work on its main thread.
E/webcoreglue(  966): Should not happen: no rect-based-test nodes found
I/Choreographer(  966): Skipped 36 frames!  The application may be doing too much work on its main thread.
E/webcoreglue(  966): Should not happen: no rect-based-test nodes found
E/webcoreglue(  966): Should not happen: no rect-based-test nodes found
I/Choreographer(  966): Skipped 36 frames!  The application may be doing too much work on its main thread.
I/ActivityManager(  228): START {act=android.intent.action.CALL_BUTTON flg=0x10000000 cmp=com.android.contacts/.activities.DialtactsActivity u=0} from pid 966
I/Choreographer(  966): Skipped 47 frames!  The application may be doing too much work on its main thread.
I/Choreographer(  966): Skipped 192 frames!  The application may be doing too much work on its main thread.
D/InputEventConsistencyVerifier(  966): KeyEvent: ACTION_UP but key was not down.
D/InputEventConsistencyVerifier(  966):   in com.android.internal.policy.impl.PhoneWindow$DecorView@b3ee2ed8
D/InputEventConsistencyVerifier(  966):   0: sent at 260479000000, KeyEvent { action=ACTION_UP, keyCode=KEYCODE_DPAD_DOWN, scanCode=0, metaState=0, flags=0x400, repeatCount=0, eventTime=260479, downTime=260479, deviceId=-1, source=0x101 }
D/InputEventConsistencyVerifier(  966):   -- recent events --
D/InputEventConsistencyVerifier(  966):   1: sent at 260048000000, (unhandled) MotionEvent { action=ACTION_MOVE, id[0]=0, x[0]=-2.0, y[0]=4.0, toolType[0]=TOOL_TYPE_UNKNOWN, buttonState=0, metaState=0, flags=0x0, edgeFlags=0x0, pointerCount=1, historySize=19, eventTime=260048, downTime=-1, deviceId=0, source=0x10004 }
D/InputEventConsistencyVerifier(  966):   2: sent at 259901000000, (unhandled) MotionEvent { action=ACTION_UP, id[0]=0, x[0]=141.0, y[0]=-477.0, toolType[0]=TOOL_TYPE_UNKNOWN, buttonState=0, metaState=0, flags=0x0, edgeFlags=0x0, pointerCount=1, historySize=0, eventTime=259901, downTime=259892, deviceId=0, source=0x1002 }
D/InputEventConsistencyVerifier(  966):   3: sent at 259894000000, MotionEvent { action=ACTION_DOWN, id[0]=0, x[0]=143.0, y[0]=-476.0, toolType[0]=TOOL_TYPE_UNKNOWN, buttonState=0, metaState=0, flags=0x0, edgeFlags=0x0, pointerCount=1, historySize=0, eventTime=259894, downTime=259892, deviceId=0, source=0x1002 }
D/InputEventConsistencyVerifier(  966):   4: sent at 259788000000, (unhandled) MotionEvent { action=ACTION_UP, id[0]=0, x[0]=76.0, y[0]=-406.0, toolType[0]=TOOL_TYPE_UNKNOWN, buttonState=0, metaState=0, flags=0x0, edgeFlags=0x0, pointerCount=1, historySize=0, eventTime=259788, downTime=259780, deviceId=0, source=0x1002 }
D/InputEventConsistencyVerifier(  966):   5: sent at 259782000000, MotionEvent { action=ACTION_DOWN, id[0]=0, x[0]=72.0, y[0]=-407.0, toolType[0]=TOOL_TYPE_UNKNOWN, buttonState=0, metaState=0, flags=0x0, edgeFlags=0x0, pointerCount=1, historySize=0, eventTime=259782, downTime=259780, deviceId=0, source=0x1002 }
D/InputEventConsistencyVerifier(  966): KeyEvent: ACTION_UP but key was not down.
D/InputEventConsistencyVerifier(  966):   in com.android.internal.policy.impl.PhoneWindow$DecorView@b3db8ed8
D/InputEventConsistencyVerifier(  966):   0: sent at 261246000000, KeyEvent { action=ACTION_UP, keyCode=KEYCODE_DPAD_UP, scanCode=0, metaState=0, flags=0x8, repeatCount=0, eventTime=261246, downTime=261246, deviceId=-1, source=0x101 }
D/InputEventConsistencyVerifier(  966):   -- recent events --
D/InputEventConsistencyVerifier(  966):   1: sent at 261133000000, (unhandled) KeyEvent { action=ACTION_UP, keyCode=KEYCODE_MENU, scanCode=0, metaState=0, flags=0x8, repeatCount=0, eventTime=261133, downTime=261133, deviceId=-1, source=0x101 }
D/InputEventConsistencyVerifier(  966):   2: sent at 261111000000, (unhandled) KeyEvent { action=ACTION_DOWN, keyCode=KEYCODE_MENU, scanCode=0, metaState=0, flags=0x8, repeatCount=0, eventTime=261111, downTime=261111, deviceId=-1, source=0x101 }
D/InputEventConsistencyVerifier(  966):   3: sent at 261073000000, (unhandled) KeyEvent { action=ACTION_UP, keyCode=KEYCODE_MENU, scanCode=0, metaState=0, flags=0x8, repeatCount=0, eventTime=261073, downTime=261073, deviceId=-1, source=0x101 }
D/InputEventConsistencyVerifier(  966):   4: sent at 260742000000, (unhandled) KeyEvent { action=ACTION_DOWN, keyCode=KEYCODE_MENU, scanCode=0, metaState=0, flags=0x8, repeatCount=0, eventTime=260742, downTime=260742, deviceId=-1, source=0x101 }
D/InputEventConsistencyVerifier(  966):   5: sent at 260567000000, (unhandled) KeyEvent { action=ACTION_UP, keyCode=KEYCODE_DPAD_LEFT, scanCode=0, metaState=0, flags=0x8, repeatCount=0, eventTime=260567, downTime=260567, deviceId=-1, source=0x101 }
I/ActivityManager(  228): START {act=android.intent.action.VIEW dat=http://www.appsgeyser.com cmp=com.android.browser/.BrowserActivity (has extras) u=0} from pid 966
I/ActivityManager(  228): START {act=android.intent.action.VIEW dat=http://www.appsgeyser.com cmp=com.android.browser/.BrowserActivity u=0} from pid 966
D/PhoneStatusBar(  425): disable: < EXPAND* icons alerts ticker system_info back home recent clock >
I/Choreographer(  966): Skipped 153 frames!  The application may be doing too much work on its main thread.
D/InputEventConsistencyVerifier(  228): KeyEvent: ACTION_UP but key was not down.
D/InputEventConsistencyVerifier(  228):   in android.widget.FrameLayout@b3e706d0
D/InputEventConsistencyVerifier(  228):   0: sent at 261678000000, KeyEvent { action=ACTION_UP, keyCode=KEYCODE_DPAD_DOWN, scanCode=0, metaState=0, flags=0x8, repeatCount=0, eventTime=261678, downTime=261678, deviceId=-1, source=0x101 }
D/InputEventConsistencyVerifier(  966): KeyEvent: ACTION_UP but key was not down.
D/InputEventConsistencyVerifier(  966):   in com.android.internal.policy.impl.PhoneWindow$DecorView@b3db8ed8
D/InputEventConsistencyVerifier(  966):   0: sent at 261550000000, KeyEvent { action=ACTION_UP, keyCode=KEYCODE_DPAD_CENTER, scanCode=0, metaState=0, flags=0x8, repeatCount=0, eventTime=261550, downTime=261550, deviceId=-1, source=0x101 }
D/InputEventConsistencyVerifier(  966):   -- recent events --
D/InputEventConsistencyVerifier(  966):   1: sent at 261290000000, (unhandled) KeyEvent { action=ACTION_UP, keyCode=KEYCODE_DPAD_CENTER, scanCode=0, metaState=0, flags=0x8, repeatCount=0, eventTime=261290, downTime=261290, deviceId=-1, source=0x101 }
D/InputEventConsistencyVerifier(  966):   2: sent at 261415000000, MotionEvent { action=ACTION_UP, id[0]=0, x[0]=164.0, y[0]=71.0, toolType[0]=TOOL_TYPE_UNKNOWN, buttonState=0, metaState=0, flags=0x0, edgeFlags=0x0, pointerCount=1, historySize=0, eventTime=261415, downTime=261397, deviceId=0, source=0x1002 }
D/InputEventConsistencyVerifier(  966):   3: sent at 261398000000, MotionEvent { action=ACTION_DOWN, id[0]=0, x[0]=165.0, y[0]=53.0, toolType[0]=TOOL_TYPE_UNKNOWN, buttonState=0, metaState=0, flags=0x0, edgeFlags=0x0, pointerCount=1, historySize=0, eventTime=261398, downTime=261397, deviceId=0, source=0x1002 }
D/InputEventConsistencyVerifier(  966):   4: sent at 261290000000, (unhandled) KeyEvent { action=ACTION_UP, keyCode=KEYCODE_BUTTON_6, scanCode=0, metaState=0, flags=0x8, repeatCount=0, eventTime=261290, downTime=261290, deviceId=-1, source=0x101 }
D/InputEventConsistencyVerifier(  966):   5: sent at 261270000000, KeyEvent { action=ACTION_DOWN, keyCode=KEYCODE_DPAD_CENTER, scanCode=0, metaState=0, flags=0x8, repeatCount=0, eventTime=261270, downTime=261270, deviceId=-1, source=0x101 }
I/Choreographer(  966): Skipped 74 frames!  The application may be doing too much work on its main thread.
D/InputEventConsistencyVerifier(  228): KeyEvent: ACTION_UP but key was not down.
D/InputEventConsistencyVerifier(  228):   in com.android.internal.policy.impl.PhoneWindow$DecorView@b3ee2fe8
D/InputEventConsistencyVerifier(  228):   0: sent at 262721000000, KeyEvent { action=ACTION_UP, keyCode=KEYCODE_DPAD_RIGHT, scanCode=0, metaState=0, flags=0x400, repeatCount=0, eventTime=262721, downTime=262721, deviceId=-1, source=0x101 }
D/InputEventConsistencyVerifier(  228):   -- recent events --
D/InputEventConsistencyVerifier(  228):   1: sent at 262615000000, (unhandled) MotionEvent { action=ACTION_MOVE, id[0]=0, x[0]=3.0, y[0]=1.0, toolType[0]=TOOL_TYPE_UNKNOWN, buttonState=0, metaState=0, flags=0x0, edgeFlags=0x0, pointerCount=1, historySize=0, eventTime=262615, downTime=-1, deviceId=0, source=0x10004 }
D/InputEventConsistencyVerifier(  228):   2: sent at 262581000000, (unhandled) MotionEvent { action=ACTION_UP, id[0]=0, x[0]=242.0, y[0]=800.0, toolType[0]=TOOL_TYPE_UNKNOWN, buttonState=0, metaState=0, flags=0x0, edgeFlags=0x0, pointerCount=1, historySize=0, eventTime=262581, downTime=262417, deviceId=0, source=0x1002 }
D/InputEventConsistencyVerifier(  228):   3: sent at 262558000000, (unhandled) MotionEvent { action=ACTION_MOVE, id[0]=0, x[0]=231.0, y[0]=800.0, toolType[0]=TOOL_TYPE_UNKNOWN, buttonState=0, metaState=0, flags=0x0, edgeFlags=0x0, pointerCount=1, historySize=2, eventTime=262558, downTime=262417, deviceId=0, source=0x1002 }
D/InputEventConsistencyVerifier(  228):   4: sent at 262450000000, (unhandled) MotionEvent { action=ACTION_MOVE, id[0]=0, x[0]=208.0, y[0]=779.0, toolType[0]=TOOL_TYPE_UNKNOWN, buttonState=0, metaState=0, flags=0x0, edgeFlags=0x0, pointerCount=1, historySize=4, eventTime=262450, downTime=262417, deviceId=0, source=0x1002 }
D/InputEventConsistencyVerifier(  228):   5: sent at 262433000000, (unhandled) MotionEvent { action=ACTION_DOWN, id[0]=0, x[0]=152.0, y[0]=719.0, toolType[0]=TOOL_TYPE_UNKNOWN, buttonState=0, metaState=0, flags=0x0, edgeFlags=0x0, pointerCount=1, historySize=0, eventTime=262433, downTime=262417, deviceId=0, source=0x1002 }
I/Choreographer(  228): Skipped 44 frames!  The application may be doing too much work on its main thread.
W/WindowManager(  228): Failure taking screenshot for (246x410) to layer 21010
D/PhoneStatusBar(  425): disable: < expand* icons alerts ticker system_info back home recent clock >
V/PhoneStatusBar(  425): setLightsOn(true)
D/InputEventConsistencyVerifier(  966): KeyEvent: ACTION_UP but key was not down.
D/InputEventConsistencyVerifier(  966):   in android.view.ViewRootImpl@b3f88268
D/InputEventConsistencyVerifier(  966):   0: sent at 263395000000, KeyEvent { action=ACTION_UP, keyCode=KEYCODE_DPAD_DOWN, scanCode=0, metaState=0, flags=0x8, repeatCount=0, eventTime=263395, downTime=263395, deviceId=-1, source=0x101 }
D/InputEventConsistencyVerifier(  966):   -- recent events --
D/InputEventConsistencyVerifier(  966):   1: sent at 261550000000, KeyEvent { action=ACTION_UP, keyCode=KEYCODE_DPAD_CENTER, scanCode=0, metaState=0, flags=0x8, repeatCount=0, eventTime=261550, downTime=261550, deviceId=-1, source=0x101 }
D/InputEventConsistencyVerifier(  966):   2: sent at 261445000000, KeyEvent { action=ACTION_DOWN, keyCode=KEYCODE_DPAD_CENTER, scanCode=0, metaState=0, flags=0x8, repeatCount=0, eventTime=261445, downTime=261445, deviceId=-1, source=0x101 }
D/InputEventConsistencyVerifier(  966):   3: sent at 261290000000, KeyEvent { action=ACTION_UP, keyCode=KEYCODE_DPAD_CENTER, scanCode=0, metaState=0, flags=0x8, repeatCount=0, eventTime=261290, downTime=261290, deviceId=-1, source=0x101 }
D/InputEventConsistencyVerifier(  966):   4: sent at 261415000000, MotionEvent { action=ACTION_UP, id[0]=0, x[0]=164.0, y[0]=71.0, toolType[0]=TOOL_TYPE_UNKNOWN, buttonState=0, metaState=0, flags=0x0, edgeFlags=0x0, pointerCount=1, historySize=0, eventTime=261415, downTime=261397, deviceId=0, source=0x1002 }
D/InputEventConsistencyVerifier(  966):   5: sent at 261398000000, MotionEvent { action=ACTION_DOWN, id[0]=0, x[0]=165.0, y[0]=53.0, toolType[0]=TOOL_TYPE_UNKNOWN, buttonState=0, metaState=0, flags=0x0, edgeFlags=0x0, pointerCount=1, historySize=0, eventTime=261398, downTime=261397, deviceId=0, source=0x1002 }
W/ActivityManager(  228): Unable to start service Intent { act=com.google.android.c2dm.intent.REGISTER (has extras) }: not found
W/InputMethodManagerService(  228): Window already focused, ignoring focus gain of: com.android.internal.view.IInputMethodClient$Stub$Proxy@b3f214f8 attribute=android.view.inputmethod.EditorInfo@b3f2d0d8
I/ActivityManager(  228): START {act=android.intent.action.VIEW dat=http://www.appsgeyser.com cmp=com.android.browser/.BrowserActivity u=0} from pid 966
D/InputEventConsistencyVerifier(  966): KeyEvent: ACTION_UP but key was not down.
D/InputEventConsistencyVerifier(  966):   in com.android.internal.policy.impl.PhoneWindow$DecorView@b3db8ed8
D/InputEventConsistencyVerifier(  966):   0: sent at 264350000000, KeyEvent { action=ACTION_UP, keyCode=KEYCODE_DPAD_UP, scanCode=0, metaState=0, flags=0x400, repeatCount=0, eventTime=264350, downTime=264350, deviceId=-1, source=0x101 }
D/InputEventConsistencyVerifier(  966):   -- recent events --
D/InputEventConsistencyVerifier(  966):   1: sent at 264254000000, (unhandled) MotionEvent { action=ACTION_MOVE, id[0]=0, x[0]=0.0, y[0]=-4.0, toolType[0]=TOOL_TYPE_UNKNOWN, buttonState=0, metaState=0, flags=0x0, edgeFlags=0x0, pointerCount=1, historySize=9, eventTime=264254, downTime=-1, deviceId=0, source=0x10004 }
D/InputEventConsistencyVerifier(  966):   2: sent at 264319000000, (unhandled) MotionEvent { action=ACTION_DOWN, id[0]=0, x[0]=344.0, y[0]=601.0, toolType[0]=TOOL_TYPE_UNKNOWN, buttonState=0, metaState=0, flags=0x0, edgeFlags=0x0, pointerCount=1, historySize=0, eventTime=264319, downTime=264319, deviceId=0, source=0x1002 }
D/InputEventConsistencyVerifier(  966):   3: sent at 264296000000, (unhandled) MotionEvent { action=ACTION_UP, id[0]=0, x[0]=190.0, y[0]=306.0, toolType[0]=TOOL_TYPE_UNKNOWN, buttonState=0, metaState=0, flags=0x0, edgeFlags=0x0, pointerCount=1, historySize=0, eventTime=264296, downTime=264261, deviceId=0, source=0x1002 }
D/InputEventConsistencyVerifier(  966):   4: sent at 264292000000, (unhandled) MotionEvent { action=ACTION_MOVE, id[0]=0, x[0]=175.0, y[0]=310.0, toolType[0]=TOOL_TYPE_UNKNOWN, buttonState=0, metaState=0, flags=0x0, edgeFlags=0x0, pointerCount=1, historySize=4, eventTime=264292, downTime=264261, deviceId=0, source=0x1002 }
D/InputEventConsistencyVerifier(  966):   5: sent at 264266000000, (unhandled) MotionEvent { action=ACTION_DOWN, id[0]=0, x[0]=124.0, y[0]=342.0, toolType[0]=TOOL_TYPE_UNKNOWN, buttonState=0, metaState=0, flags=0x0, edgeFlags=0x0, pointerCount=1, historySize=0, eventTime=264266, downTime=264261, deviceId=0, source=0x1002 }
D/InputEventConsistencyVerifier(  966): TrackballEvent: Trackball is down but pressure is not greater than 0.
D/InputEventConsistencyVerifier(  966):   in android.view.ViewRootImpl@b3f88268
D/InputEventConsistencyVerifier(  966):   0: sent at 264420000000, MotionEvent { action=ACTION_DOWN, id[0]=0, x[0]=0.0, y[0]=0.0, toolType[0]=TOOL_TYPE_UNKNOWN, buttonState=0, metaState=0, flags=0x0, edgeFlags=0x0, pointerCount=1, historySize=0, eventTime=264420, downTime=264364, deviceId=0, source=0x10004 }
D/InputEventConsistencyVerifier(  966):   -- recent events --
D/InputEventConsistencyVerifier(  966):   1: sent at 264417000000, MotionEvent { action=ACTION_MOVE, id[0]=0, x[0]=-4.0, y[0]=2.0, toolType[0]=TOOL_TYPE_UNKNOWN, buttonState=0, metaState=0, flags=0x0, edgeFlags=0x0, pointerCount=1, historySize=9, eventTime=264417, downTime=-1, deviceId=0, source=0x10004 }
D/InputEventConsistencyVerifier(  966):   2: sent at 264336000000, MotionEvent { action=ACTION_UP, id[0]=0, x[0]=333.0, y[0]=614.0, toolType[0]=TOOL_TYPE_UNKNOWN, buttonState=0, metaState=0, flags=0x0, edgeFlags=0x0, pointerCount=1, historySize=0, eventTime=264336, downTime=264319, deviceId=0, source=0x1002 }
D/InputEventConsistencyVerifier(  966):   3: sent at 264353000000, KeyEvent { action=ACTION_UP, keyCode=KEYCODE_DPAD_UP, scanCode=0, metaState=0, flags=0x400, repeatCount=0, eventTime=264353, downTime=264353, deviceId=-1, source=0x101 }
D/InputEventConsistencyVerifier(  966):   4: sent at 264353000000, KeyEvent { action=ACTION_DOWN, keyCode=KEYCODE_DPAD_UP, scanCode=0, metaState=0, flags=0x400, repeatCount=0, eventTime=264353, downTime=264353, deviceId=-1, source=0x101 }
D/InputEventConsistencyVerifier(  966):   5: sent at 264352000000, KeyEvent { action=ACTION_UP, keyCode=KEYCODE_DPAD_UP, scanCode=0, metaState=0, flags=0x400, repeatCount=0, eventTime=264352, downTime=264352, deviceId=-1, source=0x101 }
D/InputEventConsistencyVerifier(  966): KeyEvent: ACTION_DOWN but key is already down and this event is not a key repeat.
D/InputEventConsistencyVerifier(  966):   in android.widget.FrameLayout@b3dbc5f0
D/InputEventConsistencyVerifier(  966):   0: sent at 264768000000, KeyEvent { action=ACTION_DOWN, keyCode=KEYCODE_DPAD_CENTER, scanCode=0, metaState=0, flags=0x400, repeatCount=0, eventTime=264768, downTime=264768, deviceId=-1, source=0x101 }
D/InputEventConsistencyVerifier(  966):   -- recent events --
D/InputEventConsistencyVerifier(  966):   1: sent at 264751000000, (unhandled) KeyEvent { action=ACTION_UP, keyCode=KEYCODE_DPAD_LEFT, scanCode=0, metaState=0, flags=0x400, repeatCount=0, eventTime=264751, downTime=264751, deviceId=-1, source=0x101 }
D/InputEventConsistencyVerifier(  966):   2: sent at 264751000000, (unhandled) KeyEvent { action=ACTION_DOWN, keyCode=KEYCODE_DPAD_LEFT, scanCode=0, metaState=0, flags=0x400, repeatCount=0, eventTime=264751, downTime=264751, deviceId=-1, source=0x101 }
