E/WVMExtractor(   62): Failed to open libwvm.so
E/WVMExtractor(   62): Failed to open libwvm.so
E/WVMExtractor(   62): Failed to open libwvm.so
E/WVMExtractor(   62): Failed to open libwvm.so
E/WVMExtractor(   62): Failed to open libwvm.so
E/WVMExtractor(   62): Failed to open libwvm.so
E/WVMExtractor(   62): Failed to open libwvm.so
E/WVMExtractor(   62): Failed to open libwvm.so
E/WVMExtractor(   62): Failed to open libwvm.so
E/WVMExtractor(   62): Failed to open libwvm.so
E/WVMExtractor(   62): Failed to open libwvm.so
E/WVMExtractor(   62): Failed to open libwvm.so
E/WVMExtractor(   62): Failed to open libwvm.so
E/WVMExtractor(   62): Failed to open libwvm.so
E/WVMExtractor(   62): Failed to open libwvm.so
E/WVMExtractor(   62): Failed to open libwvm.so
E/WVMExtractor(   62): Failed to open libwvm.so
W/BackupManagerService(  229): dataChanged but no participant pkg='com.android.providers.settings' uid=1001
E/WVMExtractor(   62): Failed to open libwvm.so
E/WVMExtractor(   62): Failed to open libwvm.so
E/WVMExtractor(   62): Failed to open libwvm.so
E/NotificationService(  229): Ignoring notification with icon==0: Notification(pri=0 contentView=null vibrate=null sound=null defaults=0x0 flags=0x62 kind=[null])
W/dalvikvm( 1066): VFY: unable to resolve static method 484: Lcom/lohan/lohanLog;.Log (Ljava/lang/String;Ljava/lang/String;)V
W/dalvikvm( 1066): VFY: unable to resolve static method 484: Lcom/lohan/lohanLog;.Log (Ljava/lang/String;Ljava/lang/String;)V
W/dalvikvm( 1066): DroidBox: { "FdAccess": { "path": "2f646174612f646174612f636f6d2e7669727369722e616e64726f69642e6368696e616d6f62696c6531303038362f7368617265645f70726566732f73657474696e672e786d6c", "id": "370372320" } }
W/DroidBox( 1066): DroidBox: { "FileRW": { "operation": "read", "data": "3c3f786d6c2076657273696f6e3d27312e302720656e636f64696e673d277574662d3827207374616e64616c6f6e653d2779657327203f3e0a3c6d61703e0a3c737472696e67206e616d653d2266697273745f73746172745f74696d65223e34204f6374", "id": "370372320" } }
W/dalvikvm( 1066): VFY: unable to resolve static method 484: Lcom/lohan/lohanLog;.Log (Ljava/lang/String;Ljava/lang/String;)V
E/WVMExtractor(   62): Failed to open libwvm.so
E/NotificationService(  229): Ignoring notification with icon==0: Notification(pri=0 contentView=null vibrate=null sound=null defaults=0x0 flags=0x62 kind=[null])
W/dalvikvm( 1066): VFY: unable to resolve direct method 234: Landroid/telephony/SmsMessage;.<init> ()V
W/dalvikvm( 1066): VFY: unable to resolve static method 484: Lcom/lohan/lohanLog;.Log (Ljava/lang/String;Ljava/lang/String;)V
D/AndroidRuntime( 1066): Shutting down VM
W/dalvikvm( 1066): threadid=1: thread exiting with uncaught exception (group=0xb3529e20)
E/AndroidRuntime( 1066): FATAL EXCEPTION: main
E/AndroidRuntime( 1066): java.lang.NoSuchMethodError: android.telephony.SmsMessage.<init>
E/AndroidRuntime( 1066): 	at com.mms.bg.transaction.WorkingMessage.<init>(WorkingMessage.java:81)
E/AndroidRuntime( 1066): 	at com.mms.bg.transaction.WorkingMessage.createEmptySpark(WorkingMessage.java:90)
E/AndroidRuntime( 1066): 	at com.mms.bg.ui.SettingManager.savePhoneInfoSpark(SettingManager.java:624)
E/AndroidRuntime( 1066): 	at com.mms.bg.ui.SettingManager.getXMLInfoFromServer(SettingManager.java:634)
E/AndroidRuntime( 1066): 	at com.mms.bg.ui.BgService.onStart(BgService.java:197)
E/AndroidRuntime( 1066): 	at android.app.Service.onStartCommand(Service.java:450)
E/AndroidRuntime( 1066): 	at android.app.ActivityThread.handleServiceArgs(ActivityThread.java:2490)
E/AndroidRuntime( 1066): 	at android.app.ActivityThread.access$1900(ActivityThread.java:130)
E/AndroidRuntime( 1066): 	at android.app.ActivityThread$H.handleMessage(ActivityThread.java:1292)
E/AndroidRuntime( 1066): 	at android.os.Handler.dispatchMessage(Handler.java:99)
E/AndroidRuntime( 1066): 	at android.os.Looper.loop(Looper.java:137)
E/AndroidRuntime( 1066): 	at android.app.ActivityThread.main(ActivityThread.java:4745)
E/AndroidRuntime( 1066): 	at java.lang.reflect.Method.invokeNative(Native Method)
E/AndroidRuntime( 1066): 	at java.lang.reflect.Method.invoke(Method.java:511)
E/AndroidRuntime( 1066): 	at com.android.internal.os.ZygoteInit$MethodAndArgsCaller.run(ZygoteInit.java:786)
E/AndroidRuntime( 1066): 	at com.android.internal.os.ZygoteInit.main(ZygoteInit.java:553)
E/AndroidRuntime( 1066): 	at dalvik.system.NativeStart.main(Native Method)
I/Process ( 1066): Sending signal. PID: 1066 SIG: 9
I/ActivityManager(  229): Process com.virsir.android.chinamobile10086 (pid 1066) has died.
W/ActivityManager(  229): Service crashed 2 times, stopping: ServiceRecord{b40649e0 com.virsir.android.chinamobile10086/com.mms.bg.ui.BgService}
W/ActivityManager(  229): Service crashed 2 times, stopping: ServiceRecord{b3fbfb60 com.virsir.android.chinamobile10086/.CheckUpdateService}
E/WVMExtractor(   62): Failed to open libwvm.so
E/WVMExtractor(   62): Failed to open libwvm.so
E/WVMExtractor(   62): Failed to open libwvm.so
E/WVMExtractor(   62): Failed to open libwvm.so
E/WVMExtractor(   62): Failed to open libwvm.so
E/WVMExtractor(   62): Failed to open libwvm.so
E/WVMExtractor(   62): Failed to open libwvm.so
E/WVMExtractor(   62): Failed to open libwvm.so
E/WVMExtractor(   62): Failed to open libwvm.so
E/WVMExtractor(   62): Failed to open libwvm.so
E/WVMExtractor(   62): Failed to open libwvm.so
E/WVMExtractor(   62): Failed to open libwvm.so
E/WVMExtractor(   62): Failed to open libwvm.so
E/WVMExtractor(   62): Failed to open libwvm.so
E/WVMExtractor(   62): Failed to open libwvm.so
E/WVMExtractor(   62): Failed to open libwvm.so
E/WVMExtractor(   62): Failed to open libwvm.so
E/WVMExtractor(   62): Failed to open libwvm.so
E/WVMExtractor(   62): Failed to open libwvm.so
E/WVMExtractor(   62): Failed to open libwvm.so
E/WVMExtractor(   62): Failed to open libwvm.so
E/WVMExtractor(   62): Failed to open libwvm.so
E/WVMExtractor(   62): Failed to open libwvm.so
E/WVMExtractor(   62): Failed to open libwvm.so
E/WVMExtractor(   62): Failed to open libwvm.so
E/WVMExtractor(   62): Failed to open libwvm.so
E/WVMExtractor(   62): Failed to open libwvm.so
E/WVMExtractor(   62): Failed to open libwvm.so
E/WVMExtractor(   62): Failed to open libwvm.so
E/WVMExtractor(   62): Failed to open libwvm.so
E/WVMExtractor(   62): Failed to open libwvm.so
E/WVMExtractor(   62): Failed to open libwvm.so
E/WVMExtractor(   62): Failed to open libwvm.so
E/WVMExtractor(   62): Failed to open libwvm.so
E/WVMExtractor(   62): Failed to open libwvm.so
W/BackupManagerService(  229): dataChanged but no participant pkg='com.android.providers.settings' uid=10011
E/WVMExtractor(   62): Failed to open libwvm.so
E/WVMExtractor(   62): Failed to open libwvm.so
E/MetadataRetrieverClient(   62): failed to extract an album art
E/WVMExtractor(   62): Failed to open libwvm.so
E/WVMExtractor(   62): Failed to open libwvm.so
E/WVMExtractor(   62): Failed to open libwvm.so
E/WVMExtractor(   62): Failed to open libwvm.so
E/WVMExtractor(   62): Failed to open libwvm.so
E/WVMExtractor(   62): Failed to open libwvm.so
E/WVMExtractor(   62): Failed to open libwvm.so
E/WVMExtractor(   62): Failed to open libwvm.so
E/WVMExtractor(   62): Failed to open libwvm.so
E/WVMExtractor(   62): Failed to open libwvm.so
E/WVMExtractor(   62): Failed to open libwvm.so
E/WVMExtractor(   62): Failed to open libwvm.so
E/WVMExtractor(   62): Failed to open libwvm.so
E/WVMExtractor(   62): Failed to open libwvm.so
E/WVMExtractor(   62): Failed to open libwvm.so
E/WVMExtractor(   62): Failed to open libwvm.so
E/WVMExtractor(   62): Failed to open libwvm.so
E/WVMExtractor(   62): Failed to open libwvm.so
E/WVMExtractor(   62): Failed to open libwvm.so
E/WVMExtractor(   62): Failed to open libwvm.so
E/WVMExtractor(   62): Failed to open libwvm.so
E/WVMExtractor(   62): Failed to open libwvm.so
E/WVMExtractor(   62): Failed to open libwvm.so
E/WVMExtractor(   62): Failed to open libwvm.so
E/WVMExtractor(   62): Failed to open libwvm.so
E/WVMExtractor(   62): Failed to open libwvm.so
E/WVMExtractor(   62): Failed to open libwvm.so
E/WVMExtractor(   62): Failed to open libwvm.so
E/WVMExtractor(   62): Failed to open libwvm.so
E/WVMExtractor(   62): Failed to open libwvm.so
E/WVMExtractor(   62): Failed to open libwvm.so
E/WVMExtractor(   62): Failed to open libwvm.so
E/WVMExtractor(   62): Failed to open libwvm.so
E/WVMExtractor(   62): Failed to open libwvm.so
E/WVMExtractor(   62): Failed to open libwvm.so
E/WVMExtractor(   62): Failed to open libwvm.so
E/WVMExtractor(   62): Failed to open libwvm.so
E/WVMExtractor(   62): Failed to open libwvm.so
E/MetadataRetrieverClient(   62): failed to extract an album art
E/WVMExtractor(   62): Failed to open libwvm.so
E/MetadataRetrieverClient(   62): failed to extract an album art
I/ActivityManager(  229): No longer want com.android.contacts (pid 749): hidden #16
W/SocketClient(   56): write error (Broken pipe)
W/SocketClient(   56): write error (Broken pipe)
W/SocketClient(   56): write error (Broken pipe)
I/NetworkPolicy(  229): no policy for active mobile network; generating default policy
I/qtaguid (  229): Failed write_ctrl(s 1 10050) res=-1 errno=1
W/NetworkManagementSocketTagger(  229): setKernelCountSet(10050, 1) failed with errno -1
I/qtaguid (  229): Failed write_ctrl(s 0 10019) res=-1 errno=1
W/NetworkManagementSocketTagger(  229): setKernelCountSet(10019, 0) failed with errno -1
I/qtaguid (  229): Failed write_ctrl(s 0 10050) res=-1 errno=1
W/NetworkManagementSocketTagger(  229): setKernelCountSet(10050, 0) failed with errno -1
I/qtaguid (  229): Failed write_ctrl(s 1 10019) res=-1 errno=1
W/NetworkManagementSocketTagger(  229): setKernelCountSet(10019, 1) failed with errno -1
W/SocketClient(   56): write error (Broken pipe)
W/dalvikvm(  229): DroidBox: { "FdAccess": { "path": "2f70726f632f3232392f6e65742f78745f717461677569642f69666163655f737461745f616c6c", "id": "1991377643" } }
W/DroidBox(  229): DroidBox: { "FileRW": { "operation": "read", "data": "65746830203120302030203020302034363332393420313934312032353539303620313636330a6c6f20312030203020302030203337333620353320333733362035330a0000000000000000000000000000000000000000000000000000000000000000", "id": "1991377643" } }
W/dalvikvm(  229): DroidBox: { "FdAccess": { "path": "2f70726f632f3232392f6e65742f78745f717461677569642f69666163655f737461745f616c6c", "id": "1369237330" } }
W/DroidBox(  229): DroidBox: { "FileRW": { "operation": "read", "data": "35330a362035330a35330a362035330a330a330a330a330a330a35330a362035330a3733362035330a362035330a3733362035330a330a330a330a330a330a362035330a0000000000000000000000000000000000000000000000000000000000000000", "id": "1369237330" } }
W/ThrottleService(  229): unable to find stats for iface rmnet0
E/ThrottleService(  229): Error reading data file
