D/InputEventConsistencyVerifier( 1021): KeyEvent: ACTION_UP but key was not down.
D/InputEventConsistencyVerifier( 1021):   in com.android.internal.policy.impl.PhoneWindow$DecorView@b3e51ab8
D/InputEventConsistencyVerifier( 1021):   0: sent at 138762000000, KeyEvent { action=ACTION_UP, keyCode=KEYCODE_DPAD_LEFT, scanCode=0, metaState=0, flags=0x8, repeatCount=0, eventTime=138762, downTime=138762, deviceId=-1, source=0x101 }
D/InputEventConsistencyVerifier( 1021):   -- recent events --
D/InputEventConsistencyVerifier( 1021):   1: sent at 138321000000, (unhandled) KeyEvent { action=ACTION_UP, keyCode=KEYCODE_CALL, scanCode=0, metaState=0, flags=0x8, repeatCount=0, eventTime=138321, downTime=138321, deviceId=-1, source=0x101 }
D/InputEventConsistencyVerifier( 1021):   2: sent at 138259000000, (unhandled) KeyEvent { action=ACTION_DOWN, keyCode=KEYCODE_CALL, scanCode=0, metaState=0, flags=0x8, repeatCount=0, eventTime=138259, downTime=138259, deviceId=-1, source=0x101 }
D/InputEventConsistencyVerifier( 1021):   3: sent at 138251000000, MotionEvent { action=ACTION_UP, id[0]=0, x[0]=130.0, y[0]=752.0, toolType[0]=TOOL_TYPE_UNKNOWN, buttonState=0, metaState=0, flags=0x0, edgeFlags=0x0, pointerCount=1, historySize=0, eventTime=138251, downTime=138216, deviceId=0, source=0x1002 }
D/InputEventConsistencyVerifier( 1021):   4: sent at 138217000000, MotionEvent { action=ACTION_DOWN, id[0]=0, x[0]=131.0, y[0]=754.0, toolType[0]=TOOL_TYPE_UNKNOWN, buttonState=0, metaState=0, flags=0x0, edgeFlags=0x0, pointerCount=1, historySize=0, eventTime=138217, downTime=138216, deviceId=0, source=0x1002 }
D/InputEventConsistencyVerifier( 1021):   5: sent at 138160000000, (unhandled) KeyEvent { action=ACTION_UP, keyCode=KEYCODE_DPAD_UP, scanCode=0, metaState=0, flags=0x8, repeatCount=0, eventTime=138160, downTime=138160, deviceId=-1, source=0x101 }
I/AudioService(  231):   Remote Control   registerMediaButtonIntent() for PendingIntent{b4369a80: PendingIntentRecord{b43698f8 com.android.music broadcastIntent}}
W/AudioCache(   61): Battery track warning: refCount is already 0
W/TimedEventQueue(   61): Event 2 was not found in the queue, already cancelled?
I/Choreographer( 1021): Skipped 55 frames!  The application may be doing too much work on its main thread.
D/InputEventConsistencyVerifier( 1021): KeyEvent: ACTION_UP but key was not down.
D/InputEventConsistencyVerifier( 1021):   in com.android.internal.policy.impl.PhoneWindow$DecorView@b3e51ab8
D/InputEventConsistencyVerifier( 1021):   0: sent at 139215000000, KeyEvent { action=ACTION_UP, keyCode=KEYCODE_DPAD_RIGHT, scanCode=0, metaState=0, flags=0x400, repeatCount=0, eventTime=139215, downTime=139215, deviceId=-1, source=0x101 }
D/InputEventConsistencyVerifier( 1021):   -- recent events --
D/InputEventConsistencyVerifier( 1021):   1: sent at 138995000000, (unhandled) MotionEvent { action=ACTION_MOVE, id[0]=0, x[0]=4.0, y[0]=2.0, toolType[0]=TOOL_TYPE_UNKNOWN, buttonState=0, metaState=0, flags=0x0, edgeFlags=0x0, pointerCount=1, historySize=9, eventTime=138995, downTime=-1, deviceId=0, source=0x10004 }
D/InputEventConsistencyVerifier( 1021):   2: sent at 138922000000, MotionEvent { action=ACTION_UP, id[0]=0, x[0]=367.0, y[0]=548.0, toolType[0]=TOOL_TYPE_UNKNOWN, buttonState=0, metaState=0, flags=0x0, edgeFlags=0x0, pointerCount=1, historySize=0, eventTime=138922, downTime=138840, deviceId=0, source=0x1002 }
D/InputEventConsistencyVerifier( 1021):   3: sent at 138841000000, MotionEvent { action=ACTION_DOWN, id[0]=0, x[0]=364.0, y[0]=547.0, toolType[0]=TOOL_TYPE_UNKNOWN, buttonState=0, metaState=0, flags=0x0, edgeFlags=0x0, pointerCount=1, historySize=0, eventTime=138841, downTime=138840, deviceId=0, source=0x1002 }
D/InputEventConsistencyVerifier( 1021):   4: sent at 138762000000, (unhandled) KeyEvent { action=ACTION_UP, keyCode=KEYCODE_DPAD_LEFT, scanCode=0, metaState=0, flags=0x80000008, repeatCount=0, eventTime=138762, downTime=138762, deviceId=-1, source=0x101 }
D/InputEventConsistencyVerifier( 1021):   5: sent at 138321000000, (unhandled) KeyEvent { action=ACTION_UP, keyCode=KEYCODE_CALL, scanCode=0, metaState=0, flags=0x8, repeatCount=0, eventTime=138321, downTime=138321, deviceId=-1, source=0x101 }
E/WVMExtractor(   61): Failed to open libwvm.so
E/WVMExtractor(   61): Failed to open libwvm.so
D/AudioSink(   61): bufferCount (4) is too small and increased to 12
E/WVMExtractor(   61): Failed to open libwvm.so
E/WVMExtractor(   61): Failed to open libwvm.so
W/AudioCache(   61): Battery track warning: refCount is already 0
W/TimedEventQueue(   61): Event 2 was not found in the queue, already cancelled?
D/InputEventConsistencyVerifier( 1021): TrackballEvent: Trackball is down but pressure is not greater than 0.
D/InputEventConsistencyVerifier( 1021):   in android.view.ViewRootImpl@b3e54070
D/InputEventConsistencyVerifier( 1021):   0: sent at 140294000000, MotionEvent { action=ACTION_DOWN, id[0]=0, x[0]=0.0, y[0]=0.0, toolType[0]=TOOL_TYPE_UNKNOWN, buttonState=0, metaState=0, flags=0x0, edgeFlags=0x0, pointerCount=1, historySize=0, eventTime=140294, downTime=140204, deviceId=0, source=0x10004 }
D/InputEventConsistencyVerifier( 1021):   -- recent events --
D/InputEventConsistencyVerifier( 1021):   1: sent at 140278000000, MotionEvent { action=ACTION_MOVE, id[0]=0, x[0]=-1.0, y[0]=-1.0, toolType[0]=TOOL_TYPE_UNKNOWN, buttonState=0, metaState=0, flags=0x0, edgeFlags=0x0, pointerCount=1, historySize=9, eventTime=140278, downTime=-1, deviceId=0, source=0x10004 }
D/InputEventConsistencyVerifier( 1021):   2: sent at 140195000000, MotionEvent { action=ACTION_UP, id[0]=0, x[0]=277.0, y[0]=312.0, toolType[0]=TOOL_TYPE_UNKNOWN, buttonState=0, metaState=0, flags=0x0, edgeFlags=0x0, pointerCount=1, historySize=0, eventTime=140195, downTime=140168, deviceId=0, source=0x1002 }
D/InputEventConsistencyVerifier( 1021):   3: sent at 140169000000, MotionEvent { action=ACTION_DOWN, id[0]=0, x[0]=280.0, y[0]=321.0, toolType[0]=TOOL_TYPE_UNKNOWN, buttonState=0, metaState=0, flags=0x0, edgeFlags=0x0, pointerCount=1, historySize=0, eventTime=140169, downTime=140168, deviceId=0, source=0x1002 }
D/InputEventConsistencyVerifier( 1021):   4: sent at 140137000000, MotionEvent { action=ACTION_UP, id[0]=0, x[0]=376.0, y[0]=48.0, toolType[0]=TOOL_TYPE_UNKNOWN, buttonState=0, metaState=0, flags=0x0, edgeFlags=0x0, pointerCount=1, historySize=0, eventTime=140137, downTime=140101, deviceId=0, source=0x1002 }
D/InputEventConsistencyVerifier( 1021):   5: sent at 140135000000, MotionEvent { action=ACTION_POINTER_UP(1), id[0]=0, x[0]=358.0, y[0]=39.0, toolType[0]=TOOL_TYPE_UNKNOWN, id[1]=1, x[1]=456.0, y[1]=43.0, toolType[1]=TOOL_TYPE_UNKNOWN, buttonState=0, metaState=0, flags=0x0, edgeFlags=0x0, pointerCount=2, historySize=0, eventTime=140135, downTime=140101, deviceId=0, source=0x1002 }
E/WVMExtractor(   61): Failed to open libwvm.so
I/Choreographer( 1021): Skipped 100 frames!  The application may be doing too much work on its main thread.
D/InputEventConsistencyVerifier( 1021): TrackballEvent: ACTION_UP but trackball is not down.
D/InputEventConsistencyVerifier( 1021):   in android.widget.LinearLayout@b3e531d8
D/InputEventConsistencyVerifier( 1021):   0: sent at 140298000000, MotionEvent { action=ACTION_UP, id[0]=0, x[0]=0.0, y[0]=0.0, toolType[0]=TOOL_TYPE_UNKNOWN, buttonState=0, metaState=0, flags=0x0, edgeFlags=0x0, pointerCount=1, historySize=0, eventTime=140298, downTime=140204, deviceId=0, source=0x10004 }
D/InputEventConsistencyVerifier( 1021):   -- recent events --
D/InputEventConsistencyVerifier( 1021):   1: sent at 140195000000, MotionEvent { action=ACTION_UP, id[0]=0, x[0]=277.0, y[0]=312.0, toolType[0]=TOOL_TYPE_UNKNOWN, buttonState=0, metaState=0, flags=0x0, edgeFlags=0x0, pointerCount=1, historySize=0, eventTime=140195, downTime=140168, deviceId=0, source=0x1002 }
D/InputEventConsistencyVerifier( 1021):   2: sent at 140169000000, MotionEvent { action=ACTION_DOWN, id[0]=0, x[0]=280.0, y[0]=321.0, toolType[0]=TOOL_TYPE_UNKNOWN, buttonState=0, metaState=0, flags=0x0, edgeFlags=0x0, pointerCount=1, historySize=0, eventTime=140169, downTime=140168, deviceId=0, source=0x1002 }
D/InputEventConsistencyVerifier( 1021):   3: sent at 140103000000, (unhandled) MotionEvent { action=ACTION_DOWN, id[0]=0, x[0]=335.0, y[0]=23.0, toolType[0]=TOOL_TYPE_UNKNOWN, buttonState=0, metaState=0, flags=0x0, edgeFlags=0x0, pointerCount=1, historySize=0, eventTime=140103, downTime=140101, deviceId=0, source=0x1002 }
D/InputEventConsistencyVerifier( 1021):   4: sent at 140022000000, (unhandled) KeyEvent { action=ACTION_UP, keyCode=KEYCODE_S, scanCode=0, metaState=0, flags=0x8, repeatCount=0, eventTime=140022, downTime=140022, deviceId=-1, source=0x101 }
D/InputEventConsistencyVerifier( 1021):   5: sent at 139977000000, (unhandled) KeyEvent { action=ACTION_DOWN, keyCode=KEYCODE_S, scanCode=0, metaState=0, flags=0x8, repeatCount=0, eventTime=139977, downTime=139977, deviceId=-1, source=0x101 }
D/AudioSink(   61): bufferCount (4) is too small and increased to 12
D/InputEventConsistencyVerifier( 1021): KeyEvent: ACTION_UP but key was not down.
D/InputEventConsistencyVerifier( 1021):   in com.android.internal.policy.impl.PhoneWindow$DecorView@b3e51ab8
D/InputEventConsistencyVerifier( 1021):   0: sent at 140624000000, KeyEvent { action=ACTION_UP, keyCode=KEYCODE_DPAD_CENTER, scanCode=0, metaState=0, flags=0x400, repeatCount=0, eventTime=140624, downTime=140624, deviceId=-1, source=0x101 }
D/InputEventConsistencyVerifier( 1021):   -- recent events --
D/InputEventConsistencyVerifier( 1021):   1: sent at 140406000000, (unhandled) MotionEvent { action=ACTION_MOVE, id[0]=0, x[0]=4.0, y[0]=-4.0, toolType[0]=TOOL_TYPE_UNKNOWN, buttonState=0, metaState=0, flags=0x0, edgeFlags=0x0, pointerCount=1, historySize=9, eventTime=140406, downTime=-1, deviceId=0, source=0x10004 }
D/InputEventConsistencyVerifier( 1021):   2: sent at 140298000000, (unhandled) MotionEvent { action=ACTION_UP, id[0]=0, x[0]=0.0, y[0]=0.0, toolType[0]=TOOL_TYPE_UNKNOWN, buttonState=0, metaState=0, flags=0x0, edgeFlags=0x0, pointerCount=1, historySize=0, eventTime=140298, downTime=140204, deviceId=0, source=0x10004 }
D/InputEventConsistencyVerifier( 1021):   3: sent at 140294000000, (unhandled) MotionEvent { action=ACTION_DOWN, id[0]=0, x[0]=0.0, y[0]=0.0, toolType[0]=TOOL_TYPE_UNKNOWN, buttonState=0, metaState=0, flags=0x80000000, edgeFlags=0x0, pointerCount=1, historySize=0, eventTime=140294, downTime=140204, deviceId=0, source=0x10004 }
D/InputEventConsistencyVerifier( 1021):   4: sent at 140278000000, (unhandled) MotionEvent { action=ACTION_MOVE, id[0]=0, x[0]=-1.0, y[0]=-1.0, toolType[0]=TOOL_TYPE_UNKNOWN, buttonState=0, metaState=0, flags=0x0, edgeFlags=0x0, pointerCount=1, historySize=9, eventTime=140278, downTime=-1, deviceId=0, source=0x10004 }
D/InputEventConsistencyVerifier( 1021):   5: sent at 140195000000, MotionEvent { action=ACTION_UP, id[0]=0, x[0]=277.0, y[0]=312.0, toolType[0]=TOOL_TYPE_UNKNOWN, buttonState=0, metaState=0, flags=0x0, edgeFlags=0x0, pointerCount=1, historySize=0, eventTime=140195, downTime=140168, deviceId=0, source=0x1002 }
E/WVMExtractor(   61): Failed to open libwvm.so
W/dalvikvm( 1126): DroidBox: { "FdAccess": { "path": "2f646174612f646174612f636f6d2e616e64726f69642e6d757369632f7368617265645f70726566732f4d757369632e786d6c", "id": "140700577" } }
W/DroidBox( 1126): DroidBox: { "FileRW": { "operation": "write", "data": "3c3f786d6c2076657273696f6e3d27312e302720656e636f64696e673d277574662d3827207374616e64616c6f6e653d2779657327203f3e0a3c6d61703e0a3c737472696e67206e616d653d227175657565223e3c2f737472696e673e0a3c696e74206e", "id": "140700577" } }
E/WVMExtractor(   61): Failed to open libwvm.so
I/ActivityManager(  231): START {act=android.intent.action.MAIN cat=[android.intent.category.HOME] flg=0x10200000 cmp=com.android.launcher/com.android.launcher2.Launcher u=0} from pid 231
E/WVMExtractor(   61): Failed to open libwvm.so
W/BackupManagerService(  231): dataChanged but no participant pkg='com.android.providers.settings' uid=1001
I/InputDispatcher(  231): Dropped event because of pending overdue app switch.
W/InputManager(  231): Input event injection from pid 1003 failed.
I/ActivityManager(  231): START {act=android.intent.action.MAIN cat=[android.intent.category.LAUNCHER] flg=0x10200000 cmp=com.typ3studios.easybutton/.EasyButton u=0} from pid 1003
E/WVMExtractor(   61): Failed to open libwvm.so
E/WVMExtractor(   61): Failed to open libwvm.so
I/ActivityManager(  231): START {act=android.intent.action.CALL_BUTTON flg=0x10000000 cmp=com.android.contacts/.activities.DialtactsActivity u=0} from pid 1021
E/WVMExtractor(   61): Failed to open libwvm.so
D/InputEventConsistencyVerifier( 1021): TrackballEvent: Trackball is down but pressure is not greater than 0.
D/InputEventConsistencyVerifier( 1021):   in android.view.ViewRootImpl@b3e54070
D/InputEventConsistencyVerifier( 1021):   0: sent at 143530000000, MotionEvent { action=ACTION_DOWN, id[0]=0, x[0]=0.0, y[0]=0.0, toolType[0]=TOOL_TYPE_UNKNOWN, buttonState=0, metaState=0, flags=0x0, edgeFlags=0x0, pointerCount=1, historySize=0, eventTime=143530, downTime=143478, deviceId=0, source=0x10004 }
D/InputEventConsistencyVerifier( 1021):   -- recent events --
D/InputEventConsistencyVerifier( 1021):   1: sent at 143550000000, KeyEvent { action=ACTION_UP, keyCode=KEYCODE_DPAD_LEFT, scanCode=0, metaState=0, flags=0x400, repeatCount=0, eventTime=143550, downTime=143550, deviceId=-1, source=0x101 }
D/InputEventConsistencyVerifier( 1021):   2: sent at 143550000000, KeyEvent { action=ACTION_DOWN, keyCode=KEYCODE_DPAD_LEFT, scanCode=0, metaState=0, flags=0x400, repeatCount=0, eventTime=143550, downTime=143550, deviceId=-1, source=0x101 }
D/InputEventConsistencyVerifier( 1021):   3: sent at 143549000000, KeyEvent { action=ACTION_UP, keyCode=KEYCODE_DPAD_LEFT, scanCode=0, metaState=0, flags=0x400, repeatCount=0, eventTime=143549, downTime=143549, deviceId=-1, source=0x101 }
D/InputEventConsistencyVerifier( 1021):   4: sent at 143549000000, KeyEvent { action=ACTION_DOWN, keyCode=KEYCODE_DPAD_LEFT, scanCode=0, metaState=0, flags=0x400, repeatCount=0, eventTime=143549, downTime=143549, deviceId=-1, source=0x101 }
D/InputEventConsistencyVerifier( 1021):   5: sent at 143540000000, KeyEvent { action=ACTION_UP, keyCode=KEYCODE_DPAD_LEFT, scanCode=0, metaState=0, flags=0x400, repeatCount=0, eventTime=143540, downTime=143540, deviceId=-1, source=0x101 }
E/WVMExtractor(   61): Failed to open libwvm.so
E/WVMExtractor(   61): Failed to open libwvm.so
E/WVMExtractor(   61): Failed to open libwvm.so
E/WVMExtractor(   61): Failed to open libwvm.so
E/WVMExtractor(   61): Failed to open libwvm.so
E/WVMExtractor(   61): Failed to open libwvm.so
I/ActivityManager(  231): START {act=android.intent.action.MAIN cat=[android.intent.category.LAUNCHER] flg=0x10200000 cmp=com.typ3studios.easybutton/.EasyButton u=0} from pid 1003
W/dalvikvm(  231): DroidBox: { "FdAccess": { "path": "2f70726f632f313132362f636d646c696e65", "id": "1156372769" } }
W/DroidBox(  231): DroidBox: { "FileRW": { "operation": "read", "data": "636f6d2e616e64726f69642e6d75736963000000000000000000000000000000000000000000000000000000000000000000000000000000000000000000000000000000000000000000000034383630346566643364633130663037363061662e61706b", "id": "1156372769" } }
I/Choreographer( 1021): Skipped 76 frames!  The application may be doing too much work on its main thread.
I/Choreographer(  231): Skipped 33 frames!  The application may be doing too much work on its main thread.
E/WVMExtractor(   61): Failed to open libwvm.so
D/AudioSink(   61): bufferCount (4) is too small and increased to 12
I/Choreographer( 1021): Skipped 60 frames!  The application may be doing too much work on its main thread.
E/WVMExtractor(   61): Failed to open libwvm.so
I/Choreographer( 1021): Skipped 39 frames!  The application may be doing too much work on its main thread.
W/InputMethodManagerService(  231): Window already focused, ignoring focus gain of: com.android.internal.view.IInputMethodClient$Stub$Proxy@b3fcf8c0 attribute=android.view.inputmethod.EditorInfo@b4171758
D/InputEventConsistencyVerifier( 1021): KeyEvent: ACTION_UP but key was not down.
D/InputEventConsistencyVerifier( 1021):   in com.android.internal.policy.impl.PhoneWindow$DecorView@b3e51ab8
D/InputEventConsistencyVerifier( 1021):   0: sent at 146823000000, KeyEvent { action=ACTION_UP, keyCode=KEYCODE_DPAD_RIGHT, scanCode=0, metaState=0, flags=0x8, repeatCount=0, eventTime=146823, downTime=146823, deviceId=-1, source=0x101 }
D/InputEventConsistencyVerifier( 1021):   -- recent events --
D/InputEventConsistencyVerifier( 1021):   1: sent at 146758000000, (unhandled) MotionEvent { action=ACTION_MOVE, id[0]=0, x[0]=-1.0, y[0]=0.0, toolType[0]=TOOL_TYPE_UNKNOWN, buttonState=0, metaState=0, flags=0x0, edgeFlags=0x0, pointerCount=1, historySize=0, eventTime=146758, downTime=-1, deviceId=0, source=0x10004 }
D/InputEventConsistencyVerifier( 1021):   2: sent at 146720000000, (unhandled) MotionEvent { action=ACTION_MOVE, id[0]=0, x[0]=1.0, y[0]=0.0, toolType[0]=TOOL_TYPE_UNKNOWN, buttonState=0, metaState=0, flags=0x0, edgeFlags=0x0, pointerCount=1, historySize=3, eventTime=146720, downTime=-1, deviceId=0, source=0x10004 }
D/InputEventConsistencyVerifier( 1021):   3: sent at 145484000000, MotionEvent { action=ACTION_UP, id[0]=0, x[0]=1.0, y[0]=322.0, toolType[0]=TOOL_TYPE_UNKNOWN, buttonState=0, metaState=0, flags=0x0, edgeFlags=0x0, pointerCount=1, historySize=0, eventTime=145484, downTime=145354, deviceId=0, source=0x1002 }
D/InputEventConsistencyVerifier( 1021):   4: sent at 145482000000, MotionEvent { action=ACTION_MOVE, id[0]=0, x[0]=1.0, y[0]=320.0, toolType[0]=TOOL_TYPE_UNKNOWN, buttonState=0, metaState=0, flags=0x0, edgeFlags=0x0, pointerCount=1, historySize=4, eventTime=145482, downTime=145354, deviceId=0, source=0x1002 }
D/InputEventConsistencyVerifier( 1021):   5: sent at 145355000000, MotionEvent { action=ACTION_DOWN, id[0]=0, x[0]=5.0, y[0]=294.0, toolType[0]=TOOL_TYPE_UNKNOWN, buttonState=0, metaState=0, flags=0x0, edgeFlags=0x0, pointerCount=1, historySize=0, eventTime=145355, downTime=145354, deviceId=0, source=0x1002 }
E/WVMExtractor(   61): Failed to open libwvm.so
E/WVMExtractor(   61): Failed to open libwvm.so
I/ActivityManager(  231): START {act=android.intent.action.MAIN cat=[android.intent.category.HOME] flg=0x10200000 cmp=com.android.launcher/com.android.launcher2.Launcher u=0} from pid 231
E/WVMExtractor(   61): Failed to open libwvm.so
I/ActivityManager(  231): START {act=android.intent.action.MAIN cat=[android.intent.category.LAUNCHER] flg=0x10200000 cmp=com.typ3studios.easybutton/.EasyButton u=0} from pid 1003
W/InputMethodManagerService(  231): Window already focused, ignoring focus gain of: com.android.internal.view.IInputMethodClient$Stub$Proxy@b404c7f0 attribute=null
I/Choreographer( 1021): Skipped 85 frames!  The application may be doing too much work on its main thread.
E/WVMExtractor(   61): Failed to open libwvm.so
D/AudioSink(   61): bufferCount (4) is too small and increased to 12
W/AudioCache(   61): Battery track warning: refCount is already 0
W/MediaPlayer( 1021): mediaplayer went away with unhandled events
W/MediaPlayer( 1021): mediaplayer went away with unhandled events
E/WVMExtractor(   61): Failed to open libwvm.so
E/WVMExtractor(   61): Failed to open libwvm.so
D/AudioSink(   61): bufferCount (4) is too small and increased to 12
I/ActivityManager(  231): START {act=android.intent.action.MAIN cat=[android.intent.category.LAUNCHER] flg=0x10200000 cmp=com.typ3studios.easybutton/.EasyButton u=0} from pid 1003
E/WVMExtractor(   61): Failed to open libwvm.so
E/WVMExtractor(   61): Failed to open libwvm.so
W/DroidBox( 1126): DroidBox: { "ServiceStart": { "name": "com.android.music.MediaPlaybackService" } }
E/WVMExtractor(   61): Failed to open libwvm.so
W/DroidBox( 1126): DroidBox: { "ServiceStart": { "name": "com.android.music.MediaPlaybackService" } }
W/MediaPlayer( 1021): mediaplayer went away with unhandled events
I/Choreographer( 1021): Skipped 38 frames!  The application may be doing too much work on its main thread.
E/WVMExtractor(   61): Failed to open libwvm.so
D/AudioSink(   61): bufferCount (4) is too small and increased to 12
E/WVMExtractor(   61): Failed to open libwvm.so
I/Choreographer( 1021): Skipped 36 frames!  The application may be doing too much work on its main thread.
W/AudioCache(   61): Battery track warning: refCount is already 0
I/Choreographer( 1021): Skipped 55 frames!  The application may be doing too much work on its main thread.
E/WVMExtractor(   61): Failed to open libwvm.so
D/InputEventConsistencyVerifier( 1021): KeyEvent: ACTION_UP but key was not down.
D/InputEventConsistencyVerifier( 1021):   in com.android.internal.policy.impl.PhoneWindow$DecorView@b3e51ab8
D/InputEventConsistencyVerifier( 1021):   0: sent at 150653000000, KeyEvent { action=ACTION_UP, keyCode=KEYCODE_DPAD_RIGHT, scanCode=0, metaState=0, flags=0x8, repeatCount=0, eventTime=150653, downTime=150653, deviceId=-1, source=0x101 }
D/InputEventConsistencyVerifier( 1021):   -- recent events --
D/InputEventConsistencyVerifier( 1021):   1: sent at 150524000000, MotionEvent { action=ACTION_UP, id[0]=0, x[0]=378.0, y[0]=256.0, toolType[0]=TOOL_TYPE_UNKNOWN, buttonState=0, metaState=0, flags=0x0, edgeFlags=0x0, pointerCount=1, historySize=0, eventTime=150524, downTime=150453, deviceId=0, source=0x1002 }
D/InputEventConsistencyVerifier( 1021):   2: sent at 150509000000, MotionEvent { action=ACTION_MOVE, id[0]=0, x[0]=397.0, y[0]=277.0, toolType[0]=TOOL_TYPE_UNKNOWN, buttonState=0, metaState=0, flags=0x0, edgeFlags=0x0, pointerCount=1, historySize=6, eventTime=150509, downTime=150453, deviceId=0, source=0x1002 }
D/InputEventConsistencyVerifier( 1021):   3: sent at 150456000000, MotionEvent { action=ACTION_DOWN, id[0]=0, x[0]=459.0, y[0]=363.0, toolType[0]=TOOL_TYPE_UNKNOWN, buttonState=0, metaState=0, flags=0x0, edgeFlags=0x0, pointerCount=1, historySize=0, eventTime=150456, downTime=150453, deviceId=0, source=0x1002 }
D/InputEventConsistencyVerifier( 1021):   4: sent at 150384000000, (unhandled) KeyEvent { action=ACTION_UP, keyCode=KEYCODE_DPAD_CENTER, scanCode=0, metaState=0, flags=0x8, repeatCount=0, eventTime=150384, downTime=150384, deviceId=-1, source=0x101 }
D/InputEventConsistencyVerifier( 1021):   5: sent at 150343000000, KeyEvent { action=ACTION_DOWN, keyCode=KEYCODE_DPAD_CENTER, scanCode=0, metaState=0, flags=0x8, repeatCount=0, eventTime=150343, downTime=150343, deviceId=-1, source=0x101 }
E/WVMExtractor(   61): Failed to open libwvm.so
D/AudioSink(   61): bufferCount (4) is too small and increased to 12
E/WVMExtractor(   61): Failed to open libwvm.so
W/AudioCache(   61): Battery track warning: refCount is already 0
I/Choreographer( 1021): Skipped 87 frames!  The application may be doing too much work on its main thread.
W/MediaPlayer( 1021): mediaplayer went away with unhandled events
W/MediaPlayer( 1021): mediaplayer went away with unhandled events
E/WVMExtractor(   61): Failed to open libwvm.so
D/AudioSink(   61): bufferCount (4) is too small and increased to 12
W/AudioCache(   61): Battery track warning: refCount is already 0
D/InputEventConsistencyVerifier( 1021): KeyEvent: ACTION_UP but key was not down.
D/InputEventConsistencyVerifier( 1021):   in com.android.internal.policy.impl.PhoneWindow$DecorView@b3e51ab8
D/InputEventConsistencyVerifier( 1021):   0: sent at 151216000000, KeyEvent { action=ACTION_UP, keyCode=KEYCODE_DPAD_UP, scanCode=0, metaState=0, flags=0x400, repeatCount=0, eventTime=151216, downTime=151216, deviceId=-1, source=0x101 }
D/InputEventConsistencyVerifier( 1021):   -- recent events --
D/InputEventConsistencyVerifier( 1021):   1: sent at 151063000000, (unhandled) MotionEvent { action=ACTION_MOVE, id[0]=0, x[0]=1.0, y[0]=-2.0, toolType[0]=TOOL_TYPE_UNKNOWN, buttonState=0, metaState=0, flags=0x0, edgeFlags=0x0, pointerCount=1, historySize=19, eventTime=151063, downTime=-1, deviceId=0, source=0x10004 }
D/InputEventConsistencyVerifier( 1021):   2: sent at 150928000000, MotionEvent { action=ACTION_UP, id[0]=0, x[0]=171.0, y[0]=691.0, toolType[0]=TOOL_TYPE_UNKNOWN, buttonState=0, metaState=0, flags=0x0, edgeFlags=0x0, pointerCount=1, historySize=0, eventTime=150928, downTime=150908, deviceId=0, source=0x1002 }
D/InputEventConsistencyVerifier( 1021):   3: sent at 150920000000, MotionEvent { action=ACTION_MOVE, id[0]=0, x[0]=175.0, y[0]=687.0, toolType[0]=TOOL_TYPE_UNKNOWN, buttonState=0, metaState=0, flags=0x0, edgeFlags=0x0, pointerCount=1, historySize=2, eventTime=150920, downTime=150908, deviceId=0, source=0x1002 }
D/InputEventConsistencyVerifier( 1021):   4: sent at 150909000000, MotionEvent { action=ACTION_DOWN, id[0]=0, x[0]=189.0, y[0]=681.0, toolType[0]=TOOL_TYPE_UNKNOWN, buttonState=0, metaState=0, flags=0x0, edgeFlags=0x0, pointerCount=1, historySize=0, eventTime=150909, downTime=150908, deviceId=0, source=0x1002 }
D/InputEventConsistencyVerifier( 1021):   5: sent at 150897000000, MotionEvent { action=ACTION_UP, id[0]=0, x[0]=234.0, y[0]=715.0, toolType[0]=TOOL_TYPE_UNKNOWN, buttonState=0, metaState=0, flags=0x0, edgeFlags=0x0, pointerCount=1, historySize=0, eventTime=150897, downTime=150862, deviceId=0, source=0x1002 }
W/MediaPlayer( 1021): mediaplayer went away with unhandled events
W/MediaPlayer( 1021): mediaplayer went away with unhandled events
E/WVMExtractor(   61): Failed to open libwvm.so
D/AudioSink(   61): bufferCount (4) is too small and increased to 12
I/ActivityManager(  231): START {act=android.intent.action.MAIN cat=[android.intent.category.HOME] flg=0x10200000 cmp=com.android.launcher/com.android.launcher2.Launcher u=0} from pid 231
E/WVMExtractor(   61): Failed to open libwvm.so
W/AudioCache(   61): Battery track warning: refCount is already 0
E/WVMExtractor(   61): Failed to open libwvm.so
D/AudioSink(   61): bufferCount (4) is too small and increased to 12
I/InputDispatcher(  231): Dropped event because of pending overdue app switch.
W/InputManager(  231): Input event injection from pid 1003 failed.
D/InputEventConsistencyVerifier( 1021): KeyEvent: ACTION_UP but key was not down.
D/InputEventConsistencyVerifier( 1021):   in com.android.internal.policy.impl.PhoneWindow$DecorView@b3e51ab8
D/InputEventConsistencyVerifier( 1021):   0: sent at 152210000000, KeyEvent { action=ACTION_UP, keyCode=KEYCODE_DPAD_CENTER, scanCode=0, metaState=0, flags=0x8, repeatCount=0, eventTime=152210, downTime=152210, deviceId=-1, source=0x101 }
D/InputEventConsistencyVerifier( 1021):   -- recent events --
D/InputEventConsistencyVerifier( 1021):   1: sent at 152141000000, MotionEvent { action=ACTION_UP, id[0]=0, x[0]=130.0, y[0]=706.0, toolType[0]=TOOL_TYPE_UNKNOWN, buttonState=0, metaState=0, flags=0x0, edgeFlags=0x0, pointerCount=1, historySize=0, eventTime=152141, downTime=152134, deviceId=0, source=0x1002 }
D/InputEventConsistencyVerifier( 1021):   2: sent at 152134000000, MotionEvent { action=ACTION_DOWN, id[0]=0, x[0]=123.0, y[0]=705.0, toolType[0]=TOOL_TYPE_UNKNOWN, buttonState=0, metaState=0, flags=0x0, edgeFlags=0x0, pointerCount=1, historySize=0, eventTime=152134, downTime=152134, deviceId=0, source=0x1002 }
D/InputEventConsistencyVerifier( 1021):   3: sent at 152009000000, (unhandled) KeyEvent { action=ACTION_UP, keyCode=KEYCODE_DPAD_LEFT, scanCode=0, metaState=0, flags=0x8, repeatCount=0, eventTime=152009, downTime=152009, deviceId=-1, source=0x101 }
D/InputEventConsistencyVerifier( 1021):   4: sent at 151911000000, (unhandled) KeyEvent { action=ACTION_DOWN, keyCode=KEYCODE_DPAD_LEFT, scanCode=0, metaState=0, flags=0x8, repeatCount=0, eventTime=151911, downTime=151911, deviceId=-1, source=0x101 }
D/InputEventConsistencyVerifier( 1021):   5: sent at 151344000000, (unhandled) KeyEvent { action=ACTION_UP, keyCode=KEYCODE_DPAD_LEFT, scanCode=0, metaState=0, flags=0x8, repeatCount=0, eventTime=151344, downTime=151344, deviceId=-1, source=0x101 }
D/InputEventConsistencyVerifier( 1021): KeyEvent: ACTION_UP but key was not down.
D/InputEventConsistencyVerifier( 1021):   in android.view.ViewRootImpl@b3e54070
D/InputEventConsistencyVerifier( 1021):   0: sent at 152561000000, KeyEvent { action=ACTION_UP, keyCode=KEYCODE_DPAD_CENTER, scanCode=0, metaState=0, flags=0x8, repeatCount=0, eventTime=152561, downTime=152561, deviceId=-1, source=0x101 }
D/InputEventConsistencyVerifier( 1021):   -- recent events --
D/InputEventConsistencyVerifier( 1021):   1: sent at 152210000000, KeyEvent { action=ACTION_UP, keyCode=KEYCODE_DPAD_CENTER, scanCode=0, metaState=0, flags=0x8, repeatCount=0, eventTime=152210, downTime=152210, deviceId=-1, source=0x101 }
D/InputEventConsistencyVerifier( 1021):   2: sent at 152148000000, KeyEvent { action=ACTION_DOWN, keyCode=KEYCODE_DPAD_CENTER, scanCode=0, metaState=0, flags=0x8, repeatCount=0, eventTime=152148, downTime=152148, deviceId=-1, source=0x101 }
D/InputEventConsistencyVerifier( 1021):   3: sent at 152141000000, MotionEvent { action=ACTION_UP, id[0]=0, x[0]=130.0, y[0]=706.0, toolType[0]=TOOL_TYPE_UNKNOWN, buttonState=0, metaState=0, flags=0x0, edgeFlags=0x0, pointerCount=1, historySize=0, eventTime=152141, downTime=152134, deviceId=0, source=0x1002 }
D/InputEventConsistencyVerifier( 1021):   4: sent at 152134000000, MotionEvent { action=ACTION_DOWN, id[0]=0, x[0]=123.0, y[0]=705.0, toolType[0]=TOOL_TYPE_UNKNOWN, buttonState=0, metaState=0, flags=0x0, edgeFlags=0x0, pointerCount=1, historySize=0, eventTime=152134, downTime=152134, deviceId=0, source=0x1002 }
D/InputEventConsistencyVerifier( 1021):   5: sent at 152009000000, KeyEvent { action=ACTION_UP, keyCode=KEYCODE_DPAD_LEFT, scanCode=0, metaState=0, flags=0x8, repeatCount=0, eventTime=152009, downTime=152009, deviceId=-1, source=0x101 }
E/WVMExtractor(   61): Failed to open libwvm.so
W/AudioCache(   61): Battery track warning: refCount is already 0
E/WVMExtractor(   61): Failed to open libwvm.so
D/AudioSink(   61): bufferCount (4) is too small and increased to 12
D/InputEventConsistencyVerifier( 1021): KeyEvent: ACTION_UP but key was not down.
D/InputEventConsistencyVerifier( 1021):   in com.android.internal.policy.impl.PhoneWindow$DecorView@b3e51ab8
D/InputEventConsistencyVerifier( 1021):   0: sent at 152843000000, KeyEvent { action=ACTION_UP, keyCode=KEYCODE_DPAD_UP, scanCode=0, metaState=0, flags=0x8, repeatCount=0, eventTime=152843, downTime=152843, deviceId=-1, source=0x101 }
D/InputEventConsistencyVerifier( 1021):   -- recent events --
D/InputEventConsistencyVerifier( 1021):   1: sent at 152742000000, MotionEvent { action=ACTION_UP, id[0]=0, x[0]=268.0, y[0]=507.0, toolType[0]=TOOL_TYPE_UNKNOWN, buttonState=0, metaState=0, flags=0x0, edgeFlags=0x0, pointerCount=1, historySize=0, eventTime=152742, downTime=152732, deviceId=0, source=0x1002 }
D/InputEventConsistencyVerifier( 1021):   2: sent at 152733000000, MotionEvent { action=ACTION_DOWN, id[0]=0, x[0]=274.0, y[0]=502.0, toolType[0]=TOOL_TYPE_UNKNOWN, buttonState=0, metaState=0, flags=0x0, edgeFlags=0x0, pointerCount=1, historySize=0, eventTime=152733, downTime=152732, deviceId=0, source=0x1002 }
D/InputEventConsistencyVerifier( 1021):   3: sent at 152657000000, (unhandled) KeyEvent { action=ACTION_UP, keyCode=KEYCODE_DPAD_LEFT, scanCode=0, metaState=0, flags=0x8, repeatCount=0, eventTime=152657, downTime=152657, deviceId=-1, source=0x101 }
D/InputEventConsistencyVerifier( 1021):   4: sent at 152623000000, (unhandled) KeyEvent { action=ACTION_DOWN, keyCode=KEYCODE_DPAD_LEFT, scanCode=0, metaState=0, flags=0x8, repeatCount=0, eventTime=152623, downTime=152623, deviceId=-1, source=0x101 }
D/InputEventConsistencyVerifier( 1021):   5: sent at 152561000000, (unhandled) KeyEvent { action=ACTION_UP, keyCode=KEYCODE_DPAD_CENTER, scanCode=0, metaState=0, flags=0x80000008, repeatCount=0, eventTime=152561, downTime=152561, deviceId=-1, source=0x101 }
E/WVMExtractor(   61): Failed to open libwvm.so
E/WVMExtractor(   61): Failed to open libwvm.so
E/WVMExtractor(   61): Failed to open libwvm.so
W/InputMethodManagerService(  231): Window already focused, ignoring focus gain of: com.android.internal.view.IInputMethodClient$Stub$Proxy@b4144888 attribute=android.view.inputmethod.EditorInfo@b41448a0
E/WVMExtractor(   61): Failed to open libwvm.so
D/InputEventConsistencyVerifier( 1021): KeyEvent: ACTION_UP but key was not down.
D/InputEventConsistencyVerifier( 1021):   in com.android.internal.policy.impl.PhoneWindow$DecorView@b3e51ab8
D/InputEventConsistencyVerifier( 1021):   0: sent at 154388000000, KeyEvent { action=ACTION_UP, keyCode=KEYCODE_DPAD_DOWN, scanCode=0, metaState=0, flags=0x8, repeatCount=0, eventTime=154388, downTime=154388, deviceId=-1, source=0x101 }
D/InputEventConsistencyVerifier( 1021):   -- recent events --
D/InputEventConsistencyVerifier( 1021):   1: sent at 153420000000, (unhandled) KeyEvent { action=ACTION_UP, keyCode=KEYCODE_MENU, scanCode=0, metaState=0, flags=0x8, repeatCount=0, eventTime=153420, downTime=153420, deviceId=-1, source=0x101 }
D/InputEventConsistencyVerifier( 1021):   2: sent at 153361000000, (unhandled) KeyEvent { action=ACTION_DOWN, keyCode=KEYCODE_MENU, scanCode=0, metaState=0, flags=0x8, repeatCount=0, eventTime=153361, downTime=153361, deviceId=-1, source=0x101 }
D/InputEventConsistencyVerifier( 1021):   3: sent at 153396000000, (unhandled) KeyEvent { action=ACTION_UP, keyCode=KEYCODE_DPAD_DOWN, scanCode=0, metaState=0, flags=0x400, repeatCount=0, eventTime=153396, downTime=153396, deviceId=-1, source=0x101 }
D/InputEventConsistencyVerifier( 1021):   4: sent at 153396000000, (unhandled) KeyEvent { action=ACTION_DOWN, keyCode=KEYCODE_DPAD_DOWN, scanCode=0, metaState=0, flags=0x400, repeatCount=0, eventTime=153396, downTime=153396, deviceId=-1, source=0x101 }
D/InputEventConsistencyVerifier( 1021):   5: sent at 153396000000, (unhandled) KeyEvent { action=ACTION_UP, keyCode=KEYCODE_DPAD_DOWN, scanCode=0, metaState=0, flags=0x400, repeatCount=0, eventTime=153396, downTime=153396, deviceId=-1, source=0x101 }
I/ActivityManager(  231): START {act=android.intent.action.MAIN cat=[android.intent.category.LAUNCHER] flg=0x10200000 cmp=com.typ3studios.easybutton/.EasyButton u=0} from pid 1003
I/ActivityManager(  231): START {act=android.intent.action.MAIN cat=[android.intent.category.LAUNCHER] flg=0x10200000 cmp=com.typ3studios.easybutton/.EasyButton u=0} from pid 1003
E/WVMExtractor(   61): Failed to open libwvm.so
E/WVMExtractor(   61): Failed to open libwvm.so
E/WVMExtractor(   61): Failed to open libwvm.so
W/BackupManagerService(  231): dataChanged but no participant pkg='com.android.providers.settings' uid=10011
I/Choreographer( 1021): Skipped 39 frames!  The application may be doing too much work on its main thread.
E/WVMExtractor(   61): Failed to open libwvm.so
E/WVMExtractor(   61): Failed to open libwvm.so
E/WVMExtractor(   61): Failed to open libwvm.so
D/AudioSink(   61): bufferCount (4) is too small and increased to 12
W/AudioCache(   61): Battery track warning: refCount is already 0
E/WVMExtractor(   61): Failed to open libwvm.so
D/AudioSink(   61): bufferCount (4) is too small and increased to 12
E/MetadataRetrieverClient(   61): failed to extract an album art
E/WVMExtractor(   61): Failed to open libwvm.so
D/InputEventConsistencyVerifier( 1021): TouchEvent: ACTION_DOWN but pointers are already down.  Probably missing ACTION_UP from previous gesture.
D/InputEventConsistencyVerifier( 1021):   in com.android.internal.policy.impl.PhoneWindow$DecorView@b3e3e2d8
D/InputEventConsistencyVerifier( 1021):   0: sent at 157330000000, MotionEvent { action=ACTION_DOWN, id[0]=0, x[0]=425.0, y[0]=-282.0, toolType[0]=TOOL_TYPE_UNKNOWN, buttonState=0, metaState=0, flags=0x0, edgeFlags=0x0, pointerCount=1, historySize=0, eventTime=157330, downTime=157329, deviceId=0, source=0x1002 }
D/InputEventConsistencyVerifier( 1021):   -- recent events --
D/InputEventConsistencyVerifier( 1021):   1: sent at 157266000000, (unhandled) KeyEvent { action=ACTION_UP, keyCode=KEYCODE_DPAD_LEFT, scanCode=0, metaState=0, flags=0x8, repeatCount=0, eventTime=157266, downTime=157266, deviceId=-1, source=0x101 }
D/InputEventConsistencyVerifier( 1021):   2: sent at 157247000000, (unhandled) KeyEvent { action=ACTION_DOWN, keyCode=KEYCODE_DPAD_LEFT, scanCode=0, metaState=0, flags=0x8, repeatCount=0, eventTime=157247, downTime=157247, deviceId=-1, source=0x101 }
D/InputEventConsistencyVerifier( 1021):   3: sent at 157239000000, (unhandled) KeyEvent { action=ACTION_UP, keyCode=KEYCODE_NUMPAD_COMMA, scanCode=0, metaState=0, flags=0x8, repeatCount=0, eventTime=157239, downTime=157239, deviceId=-1, source=0x101 }
D/InputEventConsistencyVerifier( 1021):   4: sent at 157196000000, (unhandled) KeyEvent { action=ACTION_DOWN, keyCode=KEYCODE_NUMPAD_COMMA, scanCode=0, metaState=0, flags=0x8, repeatCount=0, eventTime=157196, downTime=157196, deviceId=-1, source=0x101 }
D/InputEventConsistencyVerifier( 1021):   5: sent at 157184000000, (unhandled) KeyEvent { action=ACTION_UP, keyCode=KEYCODE_DPAD_UP, scanCode=0, metaState=0, flags=0x8, repeatCount=0, eventTime=157184, downTime=157184, deviceId=-1, source=0x101 }
I/Choreographer( 1021): Skipped 58 frames!  The application may be doing too much work on its main thread.
W/InputMethodManagerService(  231): Window already focused, ignoring focus gain of: com.android.internal.view.IInputMethodClient$Stub$Proxy@b407f1b8 attribute=null
D/InputEventConsistencyVerifier( 1021): KeyEvent: ACTION_UP but key was not down.
D/InputEventConsistencyVerifier( 1021):   in android.view.ViewRootImpl@b3e54070
D/InputEventConsistencyVerifier( 1021):   0: sent at 157765000000, KeyEvent { action=ACTION_UP, keyCode=KEYCODE_DPAD_CENTER, scanCode=0, metaState=0, flags=0x8, repeatCount=0, eventTime=157765, downTime=157765, deviceId=-1, source=0x101 }
D/InputEventConsistencyVerifier( 1021):   -- recent events --
D/InputEventConsistencyVerifier( 1021):   1: sent at 156175000000, KeyEvent { action=ACTION_UP, keyCode=KEYCODE_MENU, scanCode=0, metaState=0, flags=0x8, repeatCount=0, eventTime=156175, downTime=156175, deviceId=-1, source=0x101 }
D/InputEventConsistencyVerifier( 1021):   2: sent at 156102000000, KeyEvent { action=ACTION_DOWN, keyCode=KEYCODE_MENU, scanCode=0, metaState=0, flags=0x8, repeatCount=0, eventTime=156102, downTime=156102, deviceId=-1, source=0x101 }
D/InputEventConsistencyVerifier( 1021):   3: sent at 156160000000, KeyEvent { action=ACTION_UP, keyCode=KEYCODE_DPAD_UP, scanCode=0, metaState=0, flags=0x400, repeatCount=0, eventTime=156160, downTime=156160, deviceId=-1, source=0x101 }
D/InputEventConsistencyVerifier( 1021):   4: sent at 156160000000, KeyEvent { action=ACTION_DOWN, keyCode=KEYCODE_DPAD_UP, scanCode=0, metaState=0, flags=0x400, repeatCount=0, eventTime=156160, downTime=156160, deviceId=-1, source=0x101 }
D/InputEventConsistencyVerifier( 1021):   5: sent at 156159000000, KeyEvent { action=ACTION_UP, keyCode=KEYCODE_DPAD_UP, scanCode=0, metaState=0, flags=0x400, repeatCount=0, eventTime=156159, downTime=156159, deviceId=-1, source=0x101 }
E/WVMExtractor(   61): Failed to open libwvm.so
E/WVMExtractor(   61): Failed to open libwvm.so
E/WVMExtractor(   61): Failed to open libwvm.so
D/AudioSink(   61): bufferCount (4) is too small and increased to 12
D/InputEventConsistencyVerifier( 1021): KeyEvent: ACTION_UP but key was not down.
D/InputEventConsistencyVerifier( 1021):   in com.android.internal.policy.impl.PhoneWindow$DecorView@b3e51ab8
D/InputEventConsistencyVerifier( 1021):   0: sent at 158563000000, KeyEvent { action=ACTION_UP, keyCode=KEYCODE_DPAD_DOWN, scanCode=0, metaState=0, flags=0x400, repeatCount=0, eventTime=158563, downTime=158563, deviceId=-1, source=0x101 }
D/InputEventConsistencyVerifier( 1021):   -- recent events --
D/InputEventConsistencyVerifier( 1021):   1: sent at 158066000000, (unhandled) MotionEvent { action=ACTION_MOVE, id[0]=0, x[0]=2.0, y[0]=3.0, toolType[0]=TOOL_TYPE_UNKNOWN, buttonState=0, metaState=0, flags=0x0, edgeFlags=0x0, pointerCount=1, historySize=1, eventTime=158066, downTime=-1, deviceId=0, source=0x10004 }
D/InputEventConsistencyVerifier( 1021):   2: sent at 158110000000, MotionEvent { action=ACTION_UP, id[0]=0, x[0]=63.0, y[0]=330.0, toolType[0]=TOOL_TYPE_UNKNOWN, buttonState=0, metaState=0, flags=0x0, edgeFlags=0x0, pointerCount=1, historySize=0, eventTime=158110, downTime=158092, deviceId=0, source=0x1002 }
D/InputEventConsistencyVerifier( 1021):   3: sent at 158093000000, MotionEvent { action=ACTION_DOWN, id[0]=0, x[0]=67.0, y[0]=327.0, toolType[0]=TOOL_TYPE_UNKNOWN, buttonState=0, metaState=0, flags=0x0, edgeFlags=0x0, pointerCount=1, historySize=0, eventTime=158093, downTime=158092, deviceId=0, source=0x1002 }
D/InputEventConsistencyVerifier( 1021):   4: sent at 158080000000, (unhandled) KeyEvent { action=ACTION_UP, keyCode=KEYCODE_DPAD_UP, scanCode=0, metaState=0, flags=0x400, repeatCount=0, eventTime=158080, downTime=158080, deviceId=-1, source=0x101 }
D/InputEventConsistencyVerifier( 1021):   5: sent at 158080000000, (unhandled) KeyEvent { action=ACTION_DOWN, keyCode=KEYCODE_DPAD_UP, scanCode=0, metaState=0, flags=0x400, repeatCount=0, eventTime=158080, downTime=158080, deviceId=-1, source=0x101 }
E/WVMExtractor(   61): Failed to open libwvm.so
E/WVMExtractor(   61): Failed to open libwvm.so
E/WVMExtractor(   61): Failed to open libwvm.so
E/WVMExtractor(   61): Failed to open libwvm.so
E/WVMExtractor(   61): Failed to open libwvm.so
E/WVMExtractor(   61): Failed to open libwvm.so
I/NetworkPolicy(  231): no policy for active mobile network; generating default policy
W/DroidBox( 1126): DroidBox: { "ServiceStart": { "name": "com.android.music.MediaPlaybackService" } }
D/AudioSink(   61): bufferCount (4) is too small and increased to 12
W/DroidBox( 1126): DroidBox: { "ServiceStart": { "name": "com.android.music.MediaPlaybackService" } }
E/WVMExtractor(   61): Failed to open libwvm.so
W/ProcessStats(  231): Skipping unknown process pid 1201
I/Choreographer( 1021): Skipped 42 frames!  The application may be doing too much work on its main thread.
D/InputEventConsistencyVerifier( 1021): KeyEvent: ACTION_UP but key was not down.
D/InputEventConsistencyVerifier( 1021):   in com.android.internal.policy.impl.PhoneWindow$DecorView@b3e51ab8
D/InputEventConsistencyVerifier( 1021):   0: sent at 160846000000, KeyEvent { action=ACTION_UP, keyCode=KEYCODE_DPAD_CENTER, scanCode=0, metaState=0, flags=0x8, repeatCount=0, eventTime=160846, downTime=160846, deviceId=-1, source=0x101 }
D/InputEventConsistencyVerifier( 1021):   -- recent events --
D/InputEventConsistencyVerifier( 1021):   1: sent at 160658000000, (unhandled) KeyEvent { action=ACTION_UP, keyCode=KEYCODE_META_RIGHT, scanCode=0, metaState=0, flags=0x8, repeatCount=0, eventTime=160658, downTime=160658, deviceId=-1, source=0x101 }
D/InputEventConsistencyVerifier( 1021):   2: sent at 160523000000, (unhandled) KeyEvent { action=ACTION_DOWN, keyCode=KEYCODE_META_RIGHT, scanCode=0, metaState=0, flags=0x8, repeatCount=0, eventTime=160523, downTime=160523, deviceId=-1, source=0x101 }
D/InputEventConsistencyVerifier( 1021):   3: sent at 160374000000, (unhandled) KeyEvent { action=ACTION_UP, keyCode=KEYCODE_MEDIA_PREVIOUS, scanCode=0, metaState=0, flags=0x8, repeatCount=0, eventTime=160374, downTime=160374, deviceId=-1, source=0x101 }
D/InputEventConsistencyVerifier( 1021):   4: sent at 160317000000, (unhandled) KeyEvent { action=ACTION_DOWN, keyCode=KEYCODE_MEDIA_PREVIOUS, scanCode=0, metaState=0, flags=0x8, repeatCount=0, eventTime=160317, downTime=160317, deviceId=-1, source=0x101 }
D/InputEventConsistencyVerifier( 1021):   5: sent at 160288000000, MotionEvent { action=ACTION_UP, id[0]=0, x[0]=0.0, y[0]=351.0, toolType[0]=TOOL_TYPE_UNKNOWN, buttonState=0, metaState=0, flags=0x0, edgeFlags=0x0, pointerCount=1, historySize=0, eventTime=160288, downTime=160207, deviceId=0, source=0x1002 }
W/AudioCache(   61): Battery track warning: refCount is already 0
W/TimedEventQueue(   61): Event 2 was not found in the queue, already cancelled?
I/Choreographer( 1021): Skipped 66 frames!  The application may be doing too much work on its main thread.
I/AudioService(  231):  AudioFocus  requestAudioFocus() from android.media.AudioManager@b3e66680com.android.music.MediaPlaybackService$3@b3e64eb8
E/WVMExtractor(   61): Failed to open libwvm.so
D/AudioSink(   61): bufferCount (4) is too small and increased to 12
I/AudioService(  231):   Remote Control   registerMediaButtonIntent() for PendingIntent{b4134dd0: PendingIntentRecord{b43698f8 com.android.music broadcastIntent}}
E/WVMExtractor(   61): Failed to open libwvm.so
E/NetdConnector(  231): NDC Command {11 bandwidth setiquota eth0 9223372036854775807} took too long (1558ms)
D/InputEventConsistencyVerifier( 1021): KeyEvent: ACTION_UP but key was not down.
D/InputEventConsistencyVerifier( 1021):   in com.android.internal.policy.impl.PhoneWindow$DecorView@b3e51ab8
D/InputEventConsistencyVerifier( 1021):   0: sent at 161873000000, KeyEvent { action=ACTION_UP, keyCode=KEYCODE_DPAD_CENTER, scanCode=0, metaState=0, flags=0x8, repeatCount=0, eventTime=161873, downTime=161873, deviceId=-1, source=0x101 }
D/InputEventConsistencyVerifier( 1021):   -- recent events --
D/InputEventConsistencyVerifier( 1021):   1: sent at 161442000000, (unhandled) KeyEvent { action=ACTION_UP, keyCode=KEYCODE_MEDIA_RECORD, scanCode=0, metaState=0, flags=0x8, repeatCount=0, eventTime=161442, downTime=161442, deviceId=-1, source=0x101 }
D/InputEventConsistencyVerifier( 1021):   2: sent at 161054000000, (unhandled) KeyEvent { action=ACTION_DOWN, keyCode=KEYCODE_MEDIA_RECORD, scanCode=0, metaState=0, flags=0x8, repeatCount=0, eventTime=161054, downTime=161054, deviceId=-1, source=0x101 }
D/InputEventConsistencyVerifier( 1021):   3: sent at 161030000000, MotionEvent { action=ACTION_UP, id[0]=0, x[0]=27.0, y[0]=399.0, toolType[0]=TOOL_TYPE_UNKNOWN, buttonState=0, metaState=0, flags=0x0, edgeFlags=0x0, pointerCount=1, historySize=0, eventTime=161030, downTime=160954, deviceId=0, source=0x1002 }
D/InputEventConsistencyVerifier( 1021):   4: sent at 161028000000, MotionEvent { action=ACTION_MOVE, id[0]=0, x[0]=27.0, y[0]=406.0, toolType[0]=TOOL_TYPE_UNKNOWN, buttonState=0, metaState=0, flags=0x0, edgeFlags=0x0, pointerCount=1, historySize=6, eventTime=161028, downTime=160954, deviceId=0, source=0x1002 }
D/InputEventConsistencyVerifier( 1021):   5: sent at 160964379190, MotionEvent { action=ACTION_MOVE, id[0]=0, x[0]=24.0, y[0]=436.7156, toolType[0]=TOOL_TYPE_UNKNOWN, buttonState=0, metaState=0, flags=0x0, edgeFlags=0x0, pointerCount=1, historySize=1, eventTime=160964, downTime=160954, deviceId=0, source=0x1002 }
E/WVMExtractor(   61): Failed to open libwvm.so
E/NetdConnector(  231): NDC Command {12 bandwidth removeiquota eth0} took too long (555ms)
E/WVMExtractor(   61): Failed to open libwvm.so
I/ActivityManager(  231): START {act=android.intent.action.MAIN cat=[android.intent.category.HOME] flg=0x10200000 cmp=com.android.launcher/com.android.launcher2.Launcher u=0} from pid 231
I/InputDispatcher(  231): Dropped event because of pending overdue app switch.
W/InputManager(  231): Input event injection from pid 1003 failed.
E/WVMExtractor(   61): Failed to open libwvm.so
E/NetdConnector(  231): NDC Command {13 bandwidth setiquota eth0 9223372036854775807} took too long (1378ms)
D/InputEventConsistencyVerifier( 1021): KeyEvent: ACTION_UP but key was not down.
D/InputEventConsistencyVerifier( 1021):   in android.view.ViewRootImpl@b3e54070
D/InputEventConsistencyVerifier( 1021):   0: sent at 164118000000, KeyEvent { action=ACTION_UP, keyCode=KEYCODE_DPAD_RIGHT, scanCode=0, metaState=0, flags=0x8, repeatCount=0, eventTime=164118, downTime=164118, deviceId=-1, source=0x101 }
D/InputEventConsistencyVerifier( 1021):   -- recent events --
D/InputEventConsistencyVerifier( 1021):   1: sent at 163549000000, MotionEvent { action=ACTION_UP, id[0]=0, x[0]=473.0, y[0]=405.0, toolType[0]=TOOL_TYPE_UNKNOWN, buttonState=0, metaState=0, flags=0x0, edgeFlags=0x0, pointerCount=1, historySize=0, eventTime=163549, downTime=163488, deviceId=0, source=0x1002 }
D/InputEventConsistencyVerifier( 1021):   2: sent at 163544000000, MotionEvent { action=ACTION_MOVE, id[0]=0, x[0]=472.0, y[0]=398.0, toolType[0]=TOOL_TYPE_UNKNOWN, buttonState=0, metaState=0, flags=0x0, edgeFlags=0x0, pointerCount=1, historySize=2, eventTime=163544, downTime=163488, deviceId=0, source=0x1002 }
D/InputEventConsistencyVerifier( 1021):   3: sent at 163489000000, MotionEvent { action=ACTION_DOWN, id[0]=0, x[0]=460.0, y[0]=390.0, toolType[0]=TOOL_TYPE_UNKNOWN, buttonState=0, metaState=0, flags=0x0, edgeFlags=0x0, pointerCount=1, historySize=0, eventTime=163489, downTime=163488, deviceId=0, source=0x1002 }
D/InputEventConsistencyVerifier( 1021):   4: sent at 163455000000, KeyEvent { action=ACTION_UP, keyCode=KEYCODE_DPAD_RIGHT, scanCode=0, metaState=0, flags=0x400, repeatCount=0, eventTime=163455, downTime=163455, deviceId=-1, source=0x101 }
D/InputEventConsistencyVerifier( 1021):   5: sent at 163455000000, KeyEvent { action=ACTION_DOWN, keyCode=KEYCODE_DPAD_RIGHT, scanCode=0, metaState=0, flags=0x400, repeatCount=0, eventTime=163455, downTime=163455, deviceId=-1, source=0x101 }
I/Choreographer( 1021): Skipped 37 frames!  The application may be doing too much work on its main thread.
E/WVMExtractor(   61): Failed to open libwvm.so
E/WVMExtractor(   61): Failed to open libwvm.so
D/AudioSink(   61): bufferCount (4) is too small and increased to 12
W/AudioCache(   61): Battery track warning: refCount is already 0
W/MediaPlayer( 1021): mediaplayer went away with unhandled events
I/Choreographer( 1021): Skipped 46 frames!  The application may be doing too much work on its main thread.
E/WVMExtractor(   61): Failed to open libwvm.so
W/MediaPlayer( 1021): mediaplayer went away with unhandled events
D/AudioSink(   61): bufferCount (4) is too small and increased to 12
W/AudioCache(   61): Battery track warning: refCount is already 0
W/MediaPlayer( 1021): mediaplayer went away with unhandled events
