D/InputEventConsistencyVerifier(  429):   in android.widget.FrameLayout@b3dedfd0
D/InputEventConsistencyVerifier(  429):   0: sent at 336492000000, KeyEvent { action=ACTION_UP, keyCode=KEYCODE_DPAD_DOWN, scanCode=0, metaState=0, flags=0x8, repeatCount=0, eventTime=336492, downTime=336492, deviceId=-1, source=0x101 }
D/InputEventConsistencyVerifier(  429):   -- recent events --
D/InputEventConsistencyVerifier(  429):   1: sent at 330350000000, (unhandled) KeyEvent { action=ACTION_DOWN, keyCode=KEYCODE_DPAD_CENTER, scanCode=0, metaState=0, flags=0x8, repeatCount=0, eventTime=330350, downTime=330350, deviceId=-1, source=0x101 }
D/InputEventConsistencyVerifier(  429):   2: sent at 330394000000, (unhandled) KeyEvent { action=ACTION_UP, keyCode=KEYCODE_BUTTON_Y, scanCode=0, metaState=0, flags=0x28, repeatCount=0, eventTime=330394, downTime=330350, deviceId=-1, source=0x101 }
D/InputEventConsistencyVerifier(  429):   3: sent at 330350000000, (unhandled) KeyEvent { action=ACTION_DOWN, keyCode=KEYCODE_BUTTON_Y, scanCode=0, metaState=0, flags=0x8, repeatCount=0, eventTime=330350, downTime=330350, deviceId=-1, source=0x101 }
D/InputEventConsistencyVerifier(  429):   4: sent at 330332000000, (unhandled) KeyEvent { action=ACTION_UP, keyCode=KEYCODE_DPAD_DOWN, scanCode=0, metaState=0, flags=0x80000008, repeatCount=0, eventTime=330332, downTime=330332, deviceId=-1, source=0x101 }
D/InputEventConsistencyVerifier(  429):   5: sent at 278546000000, (unhandled) KeyEvent { action=ACTION_UP, keyCode=KEYCODE_DPAD_DOWN, scanCode=0, metaState=0, flags=0x80000008, repeatCount=0, eventTime=278546, downTime=278546, deviceId=-1, source=0x101 }
D/InputEventConsistencyVerifier(  429): KeyEvent: ACTION_DOWN but key is already down and this event is not a key repeat.
D/InputEventConsistencyVerifier(  429):   in android.view.ViewRootImpl@b3e80c98
D/InputEventConsistencyVerifier(  429):   0: sent at 336523000000, KeyEvent { action=ACTION_DOWN, keyCode=KEYCODE_DPAD_CENTER, scanCode=0, metaState=0, flags=0x8, repeatCount=0, eventTime=336523, downTime=336523, deviceId=-1, source=0x101 }
D/InputEventConsistencyVerifier(  429):   -- recent events --
D/InputEventConsistencyVerifier(  429):   1: sent at 336492000000, KeyEvent { action=ACTION_UP, keyCode=KEYCODE_DPAD_DOWN, scanCode=0, metaState=0, flags=0x8, repeatCount=0, eventTime=336492, downTime=336492, deviceId=-1, source=0x101 }
D/InputEventConsistencyVerifier(  429):   2: sent at 336470000000, KeyEvent { action=ACTION_DOWN, keyCode=KEYCODE_DPAD_DOWN, scanCode=0, metaState=0, flags=0x8, repeatCount=0, eventTime=336470, downTime=336470, deviceId=-1, source=0x101 }
D/InputEventConsistencyVerifier(  429):   3: sent at 336424000000, KeyEvent { action=ACTION_UP, keyCode=KEYCODE_MENU, scanCode=0, metaState=0, flags=0x8, repeatCount=0, eventTime=336424, downTime=336424, deviceId=-1, source=0x101 }
D/InputEventConsistencyVerifier(  429):   4: sent at 336421000000, KeyEvent { action=ACTION_DOWN, keyCode=KEYCODE_MENU, scanCode=0, metaState=0, flags=0x8, repeatCount=0, eventTime=336421, downTime=336421, deviceId=-1, source=0x101 }
D/InputEventConsistencyVerifier(  429):   5: sent at 336378000000, KeyEvent { action=ACTION_UP, keyCode=KEYCODE_MENU, scanCode=0, metaState=0, flags=0x8, repeatCount=0, eventTime=336378, downTime=336378, deviceId=-1, source=0x101 }
D/PhoneStatusBar(  429): disable: < expand icons alerts TICKER* system_info back home recent clock >
V/PhoneStatusBar(  429): setLightsOn(true)
I/Choreographer(  429): Skipped 39 frames!  The application may be doing too much work on its main thread.
W/dalvikvm(  429): DroidBox: { "FdAccess": { "path": "2f70726f632f6d656d696e666f", "id": "879845471" } }
W/DroidBox(  429): DroidBox: { "FileRW": { "operation": "read", "data": "4d656d546f74616c3a202020202020202020373438393634206b420a4d656d467265653a20202020202020202020343436353430206b420a427566666572733a20202020202020202020202035353834206b420a4361636865643a202020202020202020", "id": "879845471" } }
W/dalvikvm(  949): DroidBox: { "FdAccess": { "path": "2f6465762f696e7075742f6576656e7430", "id": "162758887" } }
W/DroidBox(  949): DroidBox: { "FileRW": { "operation": "write", "data": "efbfbd060000efbfbdefbfbd0c000500000000000000", "id": "162758887" } }
D/InputEventConsistencyVerifier(  429): TouchEvent: ACTION_DOWN but pointers are already down.  Probably missing ACTION_UP from previous gesture.
D/InputEventConsistencyVerifier(  429):   in android.view.ScaleGestureDetector@b3e8ee78
D/InputEventConsistencyVerifier(  429):   0: sent at 336614000000, MotionEvent { action=ACTION_DOWN, id[0]=0, x[0]=296.0, y[0]=472.0, toolType[0]=TOOL_TYPE_UNKNOWN, buttonState=0, metaState=0, flags=0x0, edgeFlags=0x0, pointerCount=1, historySize=0, eventTime=336614, downTime=336599, deviceId=0, source=0x1002 }
D/InputEventConsistencyVerifier(  429):   -- recent events --
D/InputEventConsistencyVerifier(  429):   1: sent at 336271000000, MotionEvent { action=ACTION_DOWN, id[0]=0, x[0]=200.0, y[0]=72.0, toolType[0]=TOOL_TYPE_UNKNOWN, buttonState=0, metaState=0, flags=0x80000000, edgeFlags=0x0, pointerCount=1, historySize=0, eventTime=336271, downTime=336271, deviceId=0, source=0x1002 }
D/InputEventConsistencyVerifier(  429):   2: sent at 336246000000, MotionEvent { action=ACTION_DOWN, id[0]=0, x[0]=285.0, y[0]=233.0, toolType[0]=TOOL_TYPE_UNKNOWN, buttonState=0, metaState=0, flags=0x80000000, edgeFlags=0x0, pointerCount=1, historySize=0, eventTime=336246, downTime=336245, deviceId=0, source=0x1002 }
D/InputEventConsistencyVerifier(  429):   3: sent at 336084000000, MotionEvent { action=ACTION_DOWN, id[0]=0, x[0]=193.0, y[0]=60.0, toolType[0]=TOOL_TYPE_UNKNOWN, buttonState=0, metaState=0, flags=0x0, edgeFlags=0x0, pointerCount=1, historySize=0, eventTime=336084, downTime=336058, deviceId=0, source=0x1002 }
D/InputEventConsistencyVerifier(  429):   4: sent at 335946000000, MotionEvent { action=ACTION_UP, id[0]=0, x[0]=269.0, y[0]=29.0, toolType[0]=TOOL_TYPE_UNKNOWN, buttonState=0, metaState=0, flags=0x0, edgeFlags=0x0, pointerCount=1, historySize=0, eventTime=335946, downTime=335919, deviceId=0, source=0x1002 }
D/InputEventConsistencyVerifier(  429):   5: sent at 335919000000, MotionEvent { action=ACTION_DOWN, id[0]=0, x[0]=276.0, y[0]=24.0, toolType[0]=TOOL_TYPE_UNKNOWN, buttonState=0, metaState=0, flags=0x80000000, edgeFlags=0x0, pointerCount=1, historySize=0, eventTime=335919, downTime=335919, deviceId=0, source=0x1002 }
I/Choreographer(  429): Skipped 39 frames!  The application may be doing too much work on its main thread.
W/InputMethodManagerService(  226): Window already focused, ignoring focus gain of: com.android.internal.view.IInputMethodClient$Stub$Proxy@b41d4660 attribute=null
D/InputEventConsistencyVerifier(  429): KeyEvent: ACTION_UP but key was not down.
D/InputEventConsistencyVerifier(  429):   in com.android.systemui.statusbar.phone.PhoneStatusBarView@b3df11e0
D/InputEventConsistencyVerifier(  429):   0: sent at 336744000000, KeyEvent { action=ACTION_UP, keyCode=KEYCODE_BUTTON_X, scanCode=0, metaState=0, flags=0x8, repeatCount=0, eventTime=336744, downTime=336744, deviceId=-1, source=0x101 }
D/InputEventConsistencyVerifier(  429):   -- recent events --
D/InputEventConsistencyVerifier(  429):   1: sent at 336470000000, (unhandled) KeyEvent { action=ACTION_DOWN, keyCode=KEYCODE_DPAD_DOWN, scanCode=0, metaState=0, flags=0x8, repeatCount=0, eventTime=336470, downTime=336470, deviceId=-1, source=0x101 }
D/InputEventConsistencyVerifier(  429):   2: sent at 336424000000, (unhandled) KeyEvent { action=ACTION_UP, keyCode=KEYCODE_MENU, scanCode=0, metaState=0, flags=0x8, repeatCount=0, eventTime=336424, downTime=336424, deviceId=-1, source=0x101 }
D/InputEventConsistencyVerifier(  429):   3: sent at 336421000000, (unhandled) KeyEvent { action=ACTION_DOWN, keyCode=KEYCODE_MENU, scanCode=0, metaState=0, flags=0x8, repeatCount=0, eventTime=336421, downTime=336421, deviceId=-1, source=0x101 }
D/InputEventConsistencyVerifier(  429):   4: sent at 336378000000, (unhandled) KeyEvent { action=ACTION_UP, keyCode=KEYCODE_MENU, scanCode=0, metaState=0, flags=0x8, repeatCount=0, eventTime=336378, downTime=336378, deviceId=-1, source=0x101 }
D/InputEventConsistencyVerifier(  429):   5: sent at 336359000000, (unhandled) KeyEvent { action=ACTION_DOWN, keyCode=KEYCODE_MENU, scanCode=0, metaState=0, flags=0x8, repeatCount=0, eventTime=336359, downTime=336359, deviceId=-1, source=0x101 }
D/InputEventConsistencyVerifier(  429): KeyEvent: ACTION_UP but key was not down.
D/InputEventConsistencyVerifier(  429):   in com.android.systemui.statusbar.phone.StatusBarWindowView@b3def248
D/InputEventConsistencyVerifier(  429):   0: sent at 336744000000, KeyEvent { action=ACTION_UP, keyCode=KEYCODE_DPAD_CENTER, scanCode=0, metaState=0, flags=0x8, repeatCount=0, eventTime=336744, downTime=336744, deviceId=-1, source=0x101 }
D/InputEventConsistencyVerifier(  429):   -- recent events --
D/InputEventConsistencyVerifier(  429):   1: sent at 336744000000, (unhandled) KeyEvent { action=ACTION_UP, keyCode=KEYCODE_BUTTON_X, scanCode=0, metaState=0, flags=0x8, repeatCount=0, eventTime=336744, downTime=336744, deviceId=-1, source=0x101 }
D/InputEventConsistencyVerifier(  429):   2: sent at 336704000000, (unhandled) KeyEvent { action=ACTION_DOWN, keyCode=KEYCODE_BUTTON_X, scanCode=0, metaState=0, flags=0x8, repeatCount=0, eventTime=336704, downTime=336704, deviceId=-1, source=0x101 }
D/InputEventConsistencyVerifier(  429):   3: sent at 336671000000, MotionEvent { action=ACTION_UP, id[0]=0, x[0]=400.0, y[0]=390.0, toolType[0]=TOOL_TYPE_UNKNOWN, buttonState=0, metaState=0, flags=0x0, edgeFlags=0x0, pointerCount=1, historySize=0, eventTime=336671, downTime=336599, deviceId=0, source=0x1002 }
D/InputEventConsistencyVerifier(  429):   4: sent at 336661000000, MotionEvent { action=ACTION_MOVE, id[0]=0, x[0]=381.0, y[0]=396.0, toolType[0]=TOOL_TYPE_UNKNOWN, buttonState=0, metaState=0, flags=0x0, edgeFlags=0x0, pointerCount=1, historySize=6, eventTime=336661, downTime=336599, deviceId=0, source=0x1002 }
D/InputEventConsistencyVerifier(  429):   5: sent at 336614000000, MotionEvent { action=ACTION_DOWN, id[0]=0, x[0]=296.0, y[0]=472.0, toolType[0]=TOOL_TYPE_UNKNOWN, buttonState=0, metaState=0, flags=0x0, edgeFlags=0x0, pointerCount=1, historySize=0, eventTime=336614, downTime=336599, deviceId=0, source=0x1002 }
D/PhoneStatusBar(  429): disable: < expand icons alerts ticker* system_info back home recent clock >
V/PhoneStatusBar(  429): setLightsOn(true)
I/Choreographer(  967): Skipped 37 frames!  The application may be doing too much work on its main thread.
I/ActivityManager(  226): START {act=android.intent.action.MAIN cat=[android.intent.category.HOME] flg=0x10200000 cmp=com.android.launcher/com.android.launcher2.Launcher u=0} from pid 226
I/Choreographer(  967): Skipped 30 frames!  The application may be doing too much work on its main thread.
W/dalvikvm(  949): DroidBox: { "FdAccess": { "path": "2f6465762f696e7075742f6576656e7430", "id": "313083143" } }
W/DroidBox(  949): DroidBox: { "FileRW": { "operation": "write", "data": "7f060000efbfbd3901000500000001000000", "id": "313083143" } }
D/InputEventConsistencyVerifier(  967): TrackballEvent: Trackball is down but pressure is not greater than 0.
D/InputEventConsistencyVerifier(  967):   in android.view.ViewRootImpl@b3dfd540
D/InputEventConsistencyVerifier(  967):   0: sent at 338540000000, MotionEvent { action=ACTION_DOWN, id[0]=0, x[0]=0.0, y[0]=0.0, toolType[0]=TOOL_TYPE_UNKNOWN, buttonState=0, metaState=0, flags=0x0, edgeFlags=0x0, pointerCount=1, historySize=0, eventTime=338540, downTime=338488, deviceId=0, source=0x10004 }
D/InputEventConsistencyVerifier(  967):   -- recent events --
D/InputEventConsistencyVerifier(  967):   1: sent at 338580000000, KeyEvent { action=ACTION_UP, keyCode=KEYCODE_DPAD_UP, scanCode=0, metaState=0, flags=0x400, repeatCount=0, eventTime=338580, downTime=338580, deviceId=-1, source=0x101 }
D/InputEventConsistencyVerifier(  967):   2: sent at 338580000000, KeyEvent { action=ACTION_DOWN, keyCode=KEYCODE_DPAD_UP, scanCode=0, metaState=0, flags=0x400, repeatCount=0, eventTime=338580, downTime=338580, deviceId=-1, source=0x101 }
D/InputEventConsistencyVerifier(  967):   3: sent at 338579000000, KeyEvent { action=ACTION_UP, keyCode=KEYCODE_DPAD_UP, scanCode=0, metaState=0, flags=0x400, repeatCount=0, eventTime=338579, downTime=338579, deviceId=-1, source=0x101 }
D/InputEventConsistencyVerifier(  967):   4: sent at 338579000000, KeyEvent { action=ACTION_DOWN, keyCode=KEYCODE_DPAD_UP, scanCode=0, metaState=0, flags=0x400, repeatCount=0, eventTime=338579, downTime=338579, deviceId=-1, source=0x101 }
D/InputEventConsistencyVerifier(  967):   5: sent at 338579000000, KeyEvent { action=ACTION_UP, keyCode=KEYCODE_DPAD_UP, scanCode=0, metaState=0, flags=0x400, repeatCount=0, eventTime=338579, downTime=338579, deviceId=-1, source=0x101 }
I/Choreographer(  967): Skipped 60 frames!  The application may be doing too much work on its main thread.
I/ActivityManager(  226): START {act=android.intent.action.MAIN cat=[android.intent.category.LAUNCHER] flg=0x10200000 cmp=com.android.security/.MainActivity u=0} from pid 949
D/InputEventConsistencyVerifier(  429): TouchEvent: ACTION_DOWN but pointers are already down.  Probably missing ACTION_UP from previous gesture.
D/InputEventConsistencyVerifier(  429):   in android.view.ScaleGestureDetector@b3e8ee78
D/InputEventConsistencyVerifier(  429):   0: sent at 338713000000, MotionEvent { action=ACTION_DOWN, id[0]=0, x[0]=357.0, y[0]=10.0, toolType[0]=TOOL_TYPE_UNKNOWN, buttonState=0, metaState=0, flags=0x0, edgeFlags=0x0, pointerCount=1, historySize=0, eventTime=338713, downTime=338710, deviceId=0, source=0x1002 }
D/InputEventConsistencyVerifier(  429):   -- recent events --
D/InputEventConsistencyVerifier(  429):   1: sent at 336614000000, MotionEvent { action=ACTION_DOWN, id[0]=0, x[0]=296.0, y[0]=472.0, toolType[0]=TOOL_TYPE_UNKNOWN, buttonState=0, metaState=0, flags=0x80000000, edgeFlags=0x0, pointerCount=1, historySize=0, eventTime=336614, downTime=336599, deviceId=0, source=0x1002 }
D/InputEventConsistencyVerifier(  429):   2: sent at 336271000000, MotionEvent { action=ACTION_DOWN, id[0]=0, x[0]=200.0, y[0]=72.0, toolType[0]=TOOL_TYPE_UNKNOWN, buttonState=0, metaState=0, flags=0x80000000, edgeFlags=0x0, pointerCount=1, historySize=0, eventTime=336271, downTime=336271, deviceId=0, source=0x1002 }
D/InputEventConsistencyVerifier(  429):   3: sent at 336246000000, MotionEvent { action=ACTION_DOWN, id[0]=0, x[0]=285.0, y[0]=233.0, toolType[0]=TOOL_TYPE_UNKNOWN, buttonState=0, metaState=0, flags=0x80000000, edgeFlags=0x0, pointerCount=1, historySize=0, eventTime=336246, downTime=336245, deviceId=0, source=0x1002 }
D/InputEventConsistencyVerifier(  429):   4: sent at 336084000000, MotionEvent { action=ACTION_DOWN, id[0]=0, x[0]=193.0, y[0]=60.0, toolType[0]=TOOL_TYPE_UNKNOWN, buttonState=0, metaState=0, flags=0x0, edgeFlags=0x0, pointerCount=1, historySize=0, eventTime=336084, downTime=336058, deviceId=0, source=0x1002 }
D/InputEventConsistencyVerifier(  429):   5: sent at 335946000000, MotionEvent { action=ACTION_UP, id[0]=0, x[0]=269.0, y[0]=29.0, toolType[0]=TOOL_TYPE_UNKNOWN, buttonState=0, metaState=0, flags=0x0, edgeFlags=0x0, pointerCount=1, historySize=0, eventTime=335946, downTime=335919, deviceId=0, source=0x1002 }
W/dalvikvm(  429): DroidBox: { "FdAccess": { "path": "2f70726f632f6d656d696e666f", "id": "1115462885" } }
W/DroidBox(  429): DroidBox: { "FileRW": { "operation": "read", "data": "4d656d546f74616c3a202020202020202020373438393634206b420a4d656d467265653a20202020202020202020343436313638206b420a427566666572733a20202020202020202020202035353834206b420a4361636865643a202020202020202020", "id": "1115462885" } }
W/dalvikvm(  429): DroidBox: { "FdAccess": { "path": "2f70726f632f6d656d696e666f", "id": "2110508831" } }
W/DroidBox(  429): DroidBox: { "FileRW": { "operation": "read", "data": "4d656d546f74616c3a202020202020202020373438393634206b420a4d656d467265653a20202020202020202020343436313638206b420a427566666572733a20202020202020202020202035353834206b420a4361636865643a202020202020202020", "id": "2110508831" } }
I/Choreographer(  226): Skipped 40 frames!  The application may be doing too much work on its main thread.
D/InputEventConsistencyVerifier(  429): KeyEvent: ACTION_UP but key was not down.
D/InputEventConsistencyVerifier(  429):   in android.view.ViewRootImpl@b3e80c98
D/InputEventConsistencyVerifier(  429):   0: sent at 338999000000, KeyEvent { action=ACTION_UP, keyCode=KEYCODE_MENU, scanCode=0, metaState=0, flags=0x8, repeatCount=0, eventTime=338999, downTime=338999, deviceId=-1, source=0x101 }
D/InputEventConsistencyVerifier(  429):   -- recent events --
D/InputEventConsistencyVerifier(  429):   1: sent at 338972000000, MotionEvent { action=ACTION_UP, id[0]=0, x[0]=240.0, y[0]=0.0, toolType[0]=TOOL_TYPE_UNKNOWN, buttonState=0, metaState=0, flags=0x0, edgeFlags=0x0, pointerCount=1, historySize=0, eventTime=338972, downTime=338710, deviceId=0, source=0x1002 }
D/InputEventConsistencyVerifier(  429):   2: sent at 338959000000, MotionEvent { action=ACTION_MOVE, id[0]=0, x[0]=254.0, y[0]=0.0, toolType[0]=TOOL_TYPE_UNKNOWN, buttonState=0, metaState=0, flags=0x0, edgeFlags=0x0, pointerCount=1, historySize=4, eventTime=338959, downTime=338710, deviceId=0, source=0x1002 }
D/InputEventConsistencyVerifier(  429):   3: sent at 338756842190, MotionEvent { action=ACTION_MOVE, id[0]=0, x[0]=315.9873, y[0]=0.0, toolType[0]=TOOL_TYPE_UNKNOWN, buttonState=0, metaState=0, flags=0x0, edgeFlags=0x0, pointerCount=1, historySize=1, eventTime=338756, downTime=338710, deviceId=0, source=0x1002 }
D/InputEventConsistencyVerifier(  429):   4: sent at 338737000000, MotionEvent { action=ACTION_MOVE, id[0]=0, x[0]=333.0, y[0]=-5.0, toolType[0]=TOOL_TYPE_UNKNOWN, buttonState=0, metaState=0, flags=0x0, edgeFlags=0x0, pointerCount=1, historySize=1, eventTime=338737, downTime=338710, deviceId=0, source=0x1002 }
D/InputEventConsistencyVerifier(  429):   5: sent at 338713000000, MotionEvent { action=ACTION_DOWN, id[0]=0, x[0]=357.0, y[0]=10.0, toolType[0]=TOOL_TYPE_UNKNOWN, buttonState=0, metaState=0, flags=0x0, edgeFlags=0x0, pointerCount=1, historySize=0, eventTime=338713, downTime=338710, deviceId=0, source=0x1002 }
W/dalvikvm(  429): DroidBox: { "FdAccess": { "path": "2f70726f632f6d656d696e666f", "id": "1377400042" } }
W/DroidBox(  429): DroidBox: { "FileRW": { "operation": "read", "data": "4d656d546f74616c3a202020202020202020373438393634206b420a4d656d467265653a20202020202020202020343436313638206b420a427566666572733a20202020202020202020202035353834206b420a4361636865643a202020202020202020", "id": "1377400042" } }
D/InputEventConsistencyVerifier(  429): KeyEvent: ACTION_UP but key was not down.
D/InputEventConsistencyVerifier(  429):   in com.android.systemui.statusbar.phone.StatusBarWindowView@b3def248
D/InputEventConsistencyVerifier(  429):   0: sent at 339256000000, KeyEvent { action=ACTION_UP, keyCode=KEYCODE_DPAD_LEFT, scanCode=0, metaState=0, flags=0x8, repeatCount=0, eventTime=339256, downTime=339256, deviceId=-1, source=0x101 }
D/InputEventConsistencyVerifier(  429):   -- recent events --
D/InputEventConsistencyVerifier(  429):   1: sent at 339204000000, MotionEvent { action=ACTION_UP, id[0]=0, x[0]=240.0, y[0]=778.0, toolType[0]=TOOL_TYPE_UNKNOWN, buttonState=0, metaState=0, flags=0x0, edgeFlags=0x0, pointerCount=1, historySize=0, eventTime=339204, downTime=339196, deviceId=0, source=0x1002 }
D/InputEventConsistencyVerifier(  429):   2: sent at 339197000000, MotionEvent { action=ACTION_DOWN, id[0]=0, x[0]=240.0, y[0]=771.0, toolType[0]=TOOL_TYPE_UNKNOWN, buttonState=0, metaState=0, flags=0x0, edgeFlags=0x0, pointerCount=1, historySize=0, eventTime=339197, downTime=339196, deviceId=0, source=0x1002 }
D/InputEventConsistencyVerifier(  429):   3: sent at 338999000000, (unhandled) KeyEvent { action=ACTION_UP, keyCode=KEYCODE_MENU, scanCode=0, metaState=0, flags=0x80000008, repeatCount=0, eventTime=338999, downTime=338999, deviceId=-1, source=0x101 }
D/InputEventConsistencyVerifier(  429):   4: sent at 338972000000, MotionEvent { action=ACTION_UP, id[0]=0, x[0]=240.0, y[0]=0.0, toolType[0]=TOOL_TYPE_UNKNOWN, buttonState=0, metaState=0, flags=0x0, edgeFlags=0x0, pointerCount=1, historySize=0, eventTime=338972, downTime=338710, deviceId=0, source=0x1002 }
D/InputEventConsistencyVerifier(  429):   5: sent at 338959000000, MotionEvent { action=ACTION_MOVE, id[0]=0, x[0]=254.0, y[0]=0.0, toolType[0]=TOOL_TYPE_UNKNOWN, buttonState=0, metaState=0, flags=0x0, edgeFlags=0x0, pointerCount=1, historySize=4, eventTime=338959, downTime=338710, deviceId=0, source=0x1002 }
I/Choreographer(  429): Skipped 99 frames!  The application may be doing too much work on its main thread.
W/dalvikvm(  429): DroidBox: { "FdAccess": { "path": "2f70726f632f6d656d696e666f", "id": "741029376" } }
W/DroidBox(  429): DroidBox: { "FileRW": { "operation": "read", "data": "4d656d546f74616c3a202020202020202020373438393634206b420a4d656d467265653a20202020202020202020343436313638206b420a427566666572733a20202020202020202020202035353834206b420a4361636865643a202020202020202020", "id": "741029376" } }
D/PhoneStatusBar(  429): disable: < expand icons alerts TICKER* system_info back home recent clock >
V/PhoneStatusBar(  429): setLightsOn(true)
D/InputEventConsistencyVerifier(  429): KeyEvent: ACTION_UP but key was not down.
D/InputEventConsistencyVerifier(  429):   in com.android.systemui.statusbar.phone.StatusBarWindowView@b3def248
D/InputEventConsistencyVerifier(  429):   0: sent at 339401000000, KeyEvent { action=ACTION_UP, keyCode=KEYCODE_DPAD_RIGHT, scanCode=0, metaState=0, flags=0x400, repeatCount=0, eventTime=339401, downTime=339401, deviceId=-1, source=0x101 }
D/InputEventConsistencyVerifier(  429):   -- recent events --
D/InputEventConsistencyVerifier(  429):   1: sent at 339336000000, (unhandled) MotionEvent { action=ACTION_MOVE, id[0]=0, x[0]=2.0, y[0]=1.0, toolType[0]=TOOL_TYPE_UNKNOWN, buttonState=0, metaState=0, flags=0x0, edgeFlags=0x0, pointerCount=1, historySize=6, eventTime=339336, downTime=-1, deviceId=0, source=0x10004 }
D/InputEventConsistencyVerifier(  429):   2: sent at 339256000000, (unhandled) KeyEvent { action=ACTION_UP, keyCode=KEYCODE_DPAD_LEFT, scanCode=0, metaState=0, flags=0x80000008, repeatCount=0, eventTime=339256, downTime=339256, deviceId=-1, source=0x101 }
D/InputEventConsistencyVerifier(  429):   3: sent at 339204000000, MotionEvent { action=ACTION_UP, id[0]=0, x[0]=240.0, y[0]=778.0, toolType[0]=TOOL_TYPE_UNKNOWN, buttonState=0, metaState=0, flags=0x0, edgeFlags=0x0, pointerCount=1, historySize=0, eventTime=339204, downTime=339196, deviceId=0, source=0x1002 }
D/InputEventConsistencyVerifier(  429):   4: sent at 339197000000, MotionEvent { action=ACTION_DOWN, id[0]=0, x[0]=240.0, y[0]=771.0, toolType[0]=TOOL_TYPE_UNKNOWN, buttonState=0, metaState=0, flags=0x0, edgeFlags=0x0, pointerCount=1, historySize=0, eventTime=339197, downTime=339196, deviceId=0, source=0x1002 }
D/InputEventConsistencyVerifier(  429):   5: sent at 338999000000, (unhandled) KeyEvent { action=ACTION_UP, keyCode=KEYCODE_MENU, scanCode=0, metaState=0, flags=0x80000008, repeatCount=0, eventTime=338999, downTime=338999, deviceId=-1, source=0x101 }
W/dalvikvm(  429): DroidBox: { "FdAccess": { "path": "2f70726f632f6d656d696e666f", "id": "2052314908" } }
W/DroidBox(  429): DroidBox: { "FileRW": { "operation": "read", "data": "4d656d546f74616c3a202020202020202020373438393634206b420a4d656d467265653a20202020202020202020343436313638206b420a427566666572733a20202020202020202020202035353834206b420a4361636865643a202020202020202020", "id": "2052314908" } }
I/Choreographer(  429): Skipped 47 frames!  The application may be doing too much work on its main thread.
I/Choreographer(  429): Skipped 32 frames!  The application may be doing too much work on its main thread.
V/PhoneStatusBar(  429): setLightsOn(true)
D/PhoneStatusBar(  429): disable: < expand icons alerts ticker* system_info back home recent clock >
I/Choreographer(  967): Skipped 66 frames!  The application may be doing too much work on its main thread.
D/InputEventConsistencyVerifier(  967): TrackballEvent: Trackball is down but pressure is not greater than 0.
D/InputEventConsistencyVerifier(  967):   in android.view.ViewRootImpl@b3e083d0
D/InputEventConsistencyVerifier(  967):   0: sent at 340664000000, MotionEvent { action=ACTION_DOWN, id[0]=0, x[0]=0.0, y[0]=0.0, toolType[0]=TOOL_TYPE_UNKNOWN, buttonState=0, metaState=0, flags=0x0, edgeFlags=0x0, pointerCount=1, historySize=0, eventTime=340664, downTime=340602, deviceId=0, source=0x10004 }
D/InputEventConsistencyVerifier(  967):   -- recent events --
D/InputEventConsistencyVerifier(  967):   1: sent at 340803000000, KeyEvent { action=ACTION_UP, keyCode=KEYCODE_DPAD_UP, scanCode=0, metaState=0, flags=0x400, repeatCount=0, eventTime=340803, downTime=340803, deviceId=-1, source=0x101 }
D/InputEventConsistencyVerifier(  967):   2: sent at 340803000000, KeyEvent { action=ACTION_DOWN, keyCode=KEYCODE_DPAD_UP, scanCode=0, metaState=0, flags=0x400, repeatCount=0, eventTime=340803, downTime=340803, deviceId=-1, source=0x101 }
D/InputEventConsistencyVerifier(  967):   3: sent at 340802000000, KeyEvent { action=ACTION_UP, keyCode=KEYCODE_DPAD_UP, scanCode=0, metaState=0, flags=0x400, repeatCount=0, eventTime=340802, downTime=340802, deviceId=-1, source=0x101 }
D/InputEventConsistencyVerifier(  967):   4: sent at 340802000000, KeyEvent { action=ACTION_DOWN, keyCode=KEYCODE_DPAD_UP, scanCode=0, metaState=0, flags=0x400, repeatCount=0, eventTime=340802, downTime=340802, deviceId=-1, source=0x101 }
D/InputEventConsistencyVerifier(  967):   5: sent at 340801000000, KeyEvent { action=ACTION_UP, keyCode=KEYCODE_DPAD_UP, scanCode=0, metaState=0, flags=0x400, repeatCount=0, eventTime=340801, downTime=340801, deviceId=-1, source=0x101 }
I/Choreographer(  967): Skipped 48 frames!  The application may be doing too much work on its main thread.
W/InputMethodManagerService(  226): Window already focused, ignoring focus gain of: com.android.internal.view.IInputMethodClient$Stub$Proxy@b3eab418 attribute=null
I/Choreographer(  967): Skipped 88 frames!  The application may be doing too much work on its main thread.
I/Choreographer(  967): Skipped 95 frames!  The application may be doing too much work on its main thread.
W/InputMethodManagerService(  226): Window already focused, ignoring focus gain of: com.android.internal.view.IInputMethodClient$Stub$Proxy@b4033510 attribute=null
I/ActivityManager(  226): START {act=android.intent.action.MAIN cat=[android.intent.category.LAUNCHER] flg=0x10200000 cmp=com.android.security/.MainActivity u=0} from pid 949
D/InputEventConsistencyVerifier(  967): TrackballEvent: Trackball is down but pressure is not greater than 0.
D/InputEventConsistencyVerifier(  967):   in android.view.ViewRootImpl@b3de5c88
D/InputEventConsistencyVerifier(  967):   0: sent at 343749000000, MotionEvent { action=ACTION_DOWN, id[0]=0, x[0]=0.0, y[0]=0.0, toolType[0]=TOOL_TYPE_UNKNOWN, buttonState=0, metaState=0, flags=0x0, edgeFlags=0x0, pointerCount=1, historySize=0, eventTime=343749, downTime=343607, deviceId=0, source=0x10004 }
D/InputEventConsistencyVerifier(  967):   -- recent events --
D/InputEventConsistencyVerifier(  967):   1: sent at 343805000000, KeyEvent { action=ACTION_UP, keyCode=KEYCODE_DPAD_DOWN, scanCode=0, metaState=0, flags=0x400, repeatCount=0, eventTime=343805, downTime=343805, deviceId=-1, source=0x101 }
D/InputEventConsistencyVerifier(  967):   2: sent at 343805000000, KeyEvent { action=ACTION_DOWN, keyCode=KEYCODE_DPAD_DOWN, scanCode=0, metaState=0, flags=0x400, repeatCount=0, eventTime=343805, downTime=343805, deviceId=-1, source=0x101 }
D/InputEventConsistencyVerifier(  967):   3: sent at 343803000000, KeyEvent { action=ACTION_UP, keyCode=KEYCODE_DPAD_DOWN, scanCode=0, metaState=0, flags=0x400, repeatCount=0, eventTime=343803, downTime=343803, deviceId=-1, source=0x101 }
D/InputEventConsistencyVerifier(  967):   4: sent at 343803000000, KeyEvent { action=ACTION_DOWN, keyCode=KEYCODE_DPAD_DOWN, scanCode=0, metaState=0, flags=0x400, repeatCount=0, eventTime=343803, downTime=343803, deviceId=-1, source=0x101 }
D/InputEventConsistencyVerifier(  967):   5: sent at 343746000000, MotionEvent { action=ACTION_MOVE, id[0]=0, x[0]=2.0, y[0]=2.0, toolType[0]=TOOL_TYPE_UNKNOWN, buttonState=0, metaState=0, flags=0x0, edgeFlags=0x0, pointerCount=1, historySize=9, eventTime=343746, downTime=-1, deviceId=0, source=0x10004 }
I/Choreographer(  967): Skipped 83 frames!  The application may be doing too much work on its main thread.
I/ActivityManager(  226): START {act=android.intent.action.CALL_BUTTON flg=0x10000000 cmp=com.android.contacts/.activities.DialtactsActivity u=0} from pid 967
I/ActivityManager(  226): START {act=android.intent.action.MAIN cat=[android.intent.category.LAUNCHER] flg=0x10200000 cmp=com.android.security/.MainActivity u=0} from pid 949
W/InputMethodManagerService(  226): Window already focused, ignoring focus gain of: com.android.internal.view.IInputMethodClient$Stub$Proxy@b3ec9390 attribute=null
I/Choreographer(  967): Skipped 32 frames!  The application may be doing too much work on its main thread.
I/ActivityManager(  226): START {act=android.intent.action.MAIN cat=[android.intent.category.LAUNCHER] flg=0x10200000 cmp=com.android.security/.MainActivity u=0} from pid 949
I/ActivityManager(  226): START {act=android.intent.action.MAIN cat=[android.intent.category.LAUNCHER] flg=0x10200000 cmp=com.android.security/.MainActivity u=0} from pid 949
W/dalvikvm(  949): DroidBox: { "FdAccess": { "path": "2f6465762f696e7075742f6576656e7430", "id": "765986497" } }
W/DroidBox(  949): DroidBox: { "FileRW": { "operation": "write", "data": "efbfbd060000efbfbdefbfbd0c000500000000000000", "id": "765986497" } }
W/dalvikvm(  949): DroidBox: { "FdAccess": { "path": "2f6465762f696e7075742f6576656e7430", "id": "174333490" } }
W/DroidBox(  949): DroidBox: { "FileRW": { "operation": "write", "data": "7f060000efbfbd3901000500000001000000", "id": "174333490" } }
I/Choreographer(  967): Skipped 112 frames!  The application may be doing too much work on its main thread.
W/InputManager(  226): Input event injection from pid 949 failed.
W/InputMethodManagerService(  226): Window already focused, ignoring focus gain of: com.android.internal.view.IInputMethodClient$Stub$Proxy@b4026110 attribute=null
W/dalvikvm(  949): DroidBox: { "FdAccess": { "path": "2f6465762f696e7075742f6576656e7430", "id": "1909655850" } }
W/DroidBox(  949): DroidBox: { "FileRW": { "operation": "write", "data": "efbfbd060000efbfbdefbfbd0c000500000000000000", "id": "1909655850" } }
W/InputMethodManagerService(  226): Window already focused, ignoring focus gain of: com.android.internal.view.IInputMethodClient$Stub$Proxy@b413a0c8 attribute=null
I/Choreographer(  967): Skipped 32 frames!  The application may be doing too much work on its main thread.
I/Choreographer(  967): Skipped 36 frames!  The application may be doing too much work on its main thread.
I/Choreographer(  967): Skipped 126 frames!  The application may be doing too much work on its main thread.
I/ActivityManager(  226): START {act=android.intent.action.MAIN cat=[android.intent.category.HOME] flg=0x10200000 cmp=com.android.launcher/com.android.launcher2.Launcher u=0} from pid 226
W/InputManager(  226): Input event injection from pid 949 failed.
W/InputManager(  226): Input event injection from pid 949 failed.
W/InputManager(  226): Input event injection from pid 949 failed.
I/InputDispatcher(  226): Dropped event because of pending overdue app switch.
W/InputManager(  226): Input event injection from pid 949 failed.
W/InputMethodManagerService(  226): Window already focused, ignoring focus gain of: com.android.internal.view.IInputMethodClient$Stub$Proxy@b4188660 attribute=null
I/ActivityManager(  226): START {act=android.intent.action.MAIN cat=[android.intent.category.LAUNCHER] flg=0x10200000 cmp=com.android.security/.MainActivity u=0} from pid 949
I/ActivityManager(  226): START {act=android.intent.action.MAIN cat=[android.intent.category.HOME] flg=0x10200000 cmp=com.android.launcher/com.android.launcher2.Launcher u=0} from pid 226
I/InputDispatcher(  226): Dropped event because of pending overdue app switch.
W/InputManager(  226): Input event injection from pid 949 failed.
I/Choreographer(  967): Skipped 51 frames!  The application may be doing too much work on its main thread.
W/InputMethodManagerService(  226): Window already focused, ignoring focus gain of: com.android.internal.view.IInputMethodClient$Stub$Proxy@b416b2a0 attribute=null
I/Choreographer(  967): Skipped 38 frames!  The application may be doing too much work on its main thread.
I/ActivityManager(  226): START {act=android.intent.action.MAIN cat=[android.intent.category.LAUNCHER] flg=0x10000000 cmp=com.android.email/.activity.Welcome sel={act=android.intent.action.MAIN cat=[android.intent.category.APP_EMAIL]} u=0} from pid 226
W/InputMethodManagerService(  226): Window already focused, ignoring focus gain of: com.android.internal.view.IInputMethodClient$Stub$Proxy@b41e0cc8 attribute=null
I/Choreographer(  967): Skipped 32 frames!  The application may be doing too much work on its main thread.
D/InputEventConsistencyVerifier(  967): TrackballEvent: Trackball is down but pressure is not greater than 0.
D/InputEventConsistencyVerifier(  967):   in android.view.ViewRootImpl@b3dafc40
D/InputEventConsistencyVerifier(  967):   0: sent at 356386000000, MotionEvent { action=ACTION_DOWN, id[0]=0, x[0]=0.0, y[0]=0.0, toolType[0]=TOOL_TYPE_UNKNOWN, buttonState=0, metaState=0, flags=0x0, edgeFlags=0x0, pointerCount=1, historySize=0, eventTime=356386, downTime=356265, deviceId=0, source=0x10004 }
D/InputEventConsistencyVerifier(  967):   -- recent events --
D/InputEventConsistencyVerifier(  967):   1: sent at 356406000000, KeyEvent { action=ACTION_UP, keyCode=KEYCODE_DPAD_DOWN, scanCode=0, metaState=0, flags=0x400, repeatCount=0, eventTime=356406, downTime=356406, deviceId=-1, source=0x101 }
D/InputEventConsistencyVerifier(  967):   2: sent at 356406000000, KeyEvent { action=ACTION_DOWN, keyCode=KEYCODE_DPAD_DOWN, scanCode=0, metaState=0, flags=0x400, repeatCount=0, eventTime=356406, downTime=356406, deviceId=-1, source=0x101 }
D/InputEventConsistencyVerifier(  967):   3: sent at 356404000000, KeyEvent { action=ACTION_UP, keyCode=KEYCODE_DPAD_DOWN, scanCode=0, metaState=0, flags=0x400, repeatCount=0, eventTime=356404, downTime=356404, deviceId=-1, source=0x101 }
D/InputEventConsistencyVerifier(  967):   4: sent at 356404000000, KeyEvent { action=ACTION_DOWN, keyCode=KEYCODE_DPAD_DOWN, scanCode=0, metaState=0, flags=0x400, repeatCount=0, eventTime=356404, downTime=356404, deviceId=-1, source=0x101 }
D/InputEventConsistencyVerifier(  967):   5: sent at 356327000000, MotionEvent { action=ACTION_MOVE, id[0]=0, x[0]=0.0, y[0]=2.0, toolType[0]=TOOL_TYPE_UNKNOWN, buttonState=0, metaState=0, flags=0x0, edgeFlags=0x0, pointerCount=1, historySize=9, eventTime=356327, downTime=-1, deviceId=0, source=0x10004 }
I/Choreographer(  967): Skipped 57 frames!  The application may be doing too much work on its main thread.
W/InputMethodManagerService(  226): Window already focused, ignoring focus gain of: com.android.internal.view.IInputMethodClient$Stub$Proxy@b417c600 attribute=null
D/InputEventConsistencyVerifier(  429): TouchEvent: ACTION_DOWN but pointers are already down.  Probably missing ACTION_UP from previous gesture.
D/InputEventConsistencyVerifier(  429):   in android.view.ScaleGestureDetector@b3e8ee78
D/InputEventConsistencyVerifier(  429):   0: sent at 357626000000, MotionEvent { action=ACTION_DOWN, id[0]=0, x[0]=27.0, y[0]=31.0, toolType[0]=TOOL_TYPE_UNKNOWN, buttonState=0, metaState=0, flags=0x0, edgeFlags=0x0, pointerCount=1, historySize=0, eventTime=357626, downTime=357624, deviceId=0, source=0x1002 }
D/InputEventConsistencyVerifier(  429):   -- recent events --
D/InputEventConsistencyVerifier(  429):   1: sent at 339197000000, MotionEvent { action=ACTION_DOWN, id[0]=0, x[0]=240.0, y[0]=771.0, toolType[0]=TOOL_TYPE_UNKNOWN, buttonState=0, metaState=0, flags=0x0, edgeFlags=0x0, pointerCount=1, historySize=0, eventTime=339197, downTime=339196, deviceId=0, source=0x1002 }
D/InputEventConsistencyVerifier(  429):   2: sent at 338972000000, MotionEvent { action=ACTION_UP, id[0]=0, x[0]=240.0, y[0]=0.0, toolType[0]=TOOL_TYPE_UNKNOWN, buttonState=0, metaState=0, flags=0x0, edgeFlags=0x0, pointerCount=1, historySize=0, eventTime=338972, downTime=338710, deviceId=0, source=0x1002 }
D/InputEventConsistencyVerifier(  429):   3: sent at 338959000000, MotionEvent { action=ACTION_MOVE, id[0]=0, x[0]=254.0, y[0]=0.0, toolType[0]=TOOL_TYPE_UNKNOWN, buttonState=0, metaState=0, flags=0x0, edgeFlags=0x0, pointerCount=1, historySize=4, eventTime=338959, downTime=338710, deviceId=0, source=0x1002 }
D/InputEventConsistencyVerifier(  429):   4: sent at 338756842190, MotionEvent { action=ACTION_MOVE, id[0]=0, x[0]=315.9873, y[0]=0.0, toolType[0]=TOOL_TYPE_UNKNOWN, buttonState=0, metaState=0, flags=0x0, edgeFlags=0x0, pointerCount=1, historySize=1, eventTime=338756, downTime=338710, deviceId=0, source=0x1002 }
D/InputEventConsistencyVerifier(  429):   5: sent at 338737000000, MotionEvent { action=ACTION_MOVE, id[0]=0, x[0]=333.0, y[0]=-5.0, toolType[0]=TOOL_TYPE_UNKNOWN, buttonState=0, metaState=0, flags=0x0, edgeFlags=0x0, pointerCount=1, historySize=1, eventTime=338737, downTime=338710, deviceId=0, source=0x1002 }
W/dalvikvm(  429): DroidBox: { "FdAccess": { "path": "2f70726f632f6d656d696e666f", "id": "1189864913" } }
W/DroidBox(  429): DroidBox: { "FileRW": { "operation": "read", "data": "4d656d546f74616c3a202020202020202020373438393634206b420a4d656d467265653a20202020202020202020343438363536206b420a427566666572733a20202020202020202020202035353932206b420a4361636865643a202020202020202020", "id": "1189864913" } }
W/dalvikvm(  949): DroidBox: { "FdAccess": { "path": "2f6465762f696e7075742f6576656e7430", "id": "1289979130" } }
W/DroidBox(  949): DroidBox: { "FileRW": { "operation": "write", "data": "7f060000efbfbd3901000500000001000000", "id": "1289979130" } }
I/Choreographer(  967): Skipped 44 frames!  The application may be doing too much work on its main thread.
I/Choreographer(  967): Skipped 85 frames!  The application may be doing too much work on its main thread.
W/dalvikvm(  429): DroidBox: { "FdAccess": { "path": "2f70726f632f6d656d696e666f", "id": "1301286920" } }
W/DroidBox(  429): DroidBox: { "FileRW": { "operation": "read", "data": "4d656d546f74616c3a202020202020202020373438393634206b420a4d656d467265653a20202020202020202020343437323638206b420a427566666572733a20202020202020202020202035353932206b420a4361636865643a202020202020202020", "id": "1301286920" } }
I/Choreographer(  429): Skipped 192 frames!  The application may be doing too much work on its main thread.
D/InputEventConsistencyVerifier(  429): KeyEvent: ACTION_UP but key was not down.
D/InputEventConsistencyVerifier(  429):   in com.android.systemui.statusbar.phone.StatusBarWindowView@b3def248
D/InputEventConsistencyVerifier(  429):   0: sent at 358477000000, KeyEvent { action=ACTION_UP, keyCode=KEYCODE_DPAD_UP, scanCode=0, metaState=0, flags=0x400, repeatCount=0, eventTime=358477, downTime=358477, deviceId=-1, source=0x101 }
D/InputEventConsistencyVerifier(  429):   -- recent events --
D/InputEventConsistencyVerifier(  429):   1: sent at 358418000000, (unhandled) MotionEvent { action=ACTION_MOVE, id[0]=0, x[0]=0.0, y[0]=-2.0, toolType[0]=TOOL_TYPE_UNKNOWN, buttonState=0, metaState=0, flags=0x0, edgeFlags=0x0, pointerCount=1, historySize=8, eventTime=358418, downTime=-1, deviceId=0, source=0x10004 }
D/InputEventConsistencyVerifier(  429):   2: sent at 357819000000, (unhandled) KeyEvent { action=ACTION_UP, keyCode=KEYCODE_F10, scanCode=0, metaState=0, flags=0x8, repeatCount=0, eventTime=357819, downTime=357819, deviceId=-1, source=0x101 }
D/InputEventConsistencyVerifier(  429):   3: sent at 357741000000, (unhandled) KeyEvent { action=ACTION_DOWN, keyCode=KEYCODE_F10, scanCode=0, metaState=0, flags=0x8, repeatCount=0, eventTime=357741, downTime=357741, deviceId=-1, source=0x101 }
D/InputEventConsistencyVerifier(  429):   4: sent at 357666000000, MotionEvent { action=ACTION_UP, id[0]=0, x[0]=3.0, y[0]=0.0, toolType[0]=TOOL_TYPE_UNKNOWN, buttonState=0, metaState=0, flags=0x0, edgeFlags=0x0, pointerCount=1, historySize=0, eventTime=357666, downTime=357624, deviceId=0, source=0x1002 }
D/InputEventConsistencyVerifier(  429):   5: sent at 357663000000, MotionEvent { action=ACTION_MOVE, id[0]=0, x[0]=5.0, y[0]=0.0, toolType[0]=TOOL_TYPE_UNKNOWN, buttonState=0, metaState=0, flags=0x0, edgeFlags=0x0, pointerCount=1, historySize=4, eventTime=357663, downTime=357624, deviceId=0, source=0x1002 }
W/dalvikvm(  429): DroidBox: { "FdAccess": { "path": "2f70726f632f6d656d696e666f", "id": "1585632691" } }
W/DroidBox(  429): DroidBox: { "FileRW": { "operation": "read", "data": "4d656d546f74616c3a202020202020202020373438393634206b420a4d656d467265653a20202020202020202020343437323638206b420a427566666572733a20202020202020202020202035353932206b420a4361636865643a202020202020202020", "id": "1585632691" } }
D/PhoneStatusBar(  429): disable: < expand icons alerts TICKER* system_info back home recent clock >
V/PhoneStatusBar(  429): setLightsOn(true)
D/InputEventConsistencyVerifier(  429): KeyEvent: ACTION_UP but key was not down.
D/InputEventConsistencyVerifier(  429):   in com.android.systemui.statusbar.phone.StatusBarWindowView@b3def248
D/InputEventConsistencyVerifier(  429):   0: sent at 358604000000, KeyEvent { action=ACTION_UP, keyCode=KEYCODE_DPAD_LEFT, scanCode=0, metaState=0, flags=0x400, repeatCount=0, eventTime=358604, downTime=358604, deviceId=-1, source=0x101 }
D/InputEventConsistencyVerifier(  429):   -- recent events --
D/InputEventConsistencyVerifier(  429):   1: sent at 358514000000, (unhandled) MotionEvent { action=ACTION_MOVE, id[0]=0, x[0]=-3.0, y[0]=2.0, toolType[0]=TOOL_TYPE_UNKNOWN, buttonState=0, metaState=0, flags=0x0, edgeFlags=0x0, pointerCount=1, historySize=0, eventTime=358514, downTime=-1, deviceId=0, source=0x10004 }
D/InputEventConsistencyVerifier(  429):   2: sent at 358477000000, (unhandled) KeyEvent { action=ACTION_UP, keyCode=KEYCODE_DPAD_UP, scanCode=0, metaState=0, flags=0x400, repeatCount=0, eventTime=358477, downTime=358477, deviceId=-1, source=0x101 }
D/InputEventConsistencyVerifier(  429):   3: sent at 358477000000, (unhandled) KeyEvent { action=ACTION_DOWN, keyCode=KEYCODE_DPAD_UP, scanCode=0, metaState=0, flags=0x400, repeatCount=0, eventTime=358477, downTime=358477, deviceId=-1, source=0x101 }
D/InputEventConsistencyVerifier(  429):   4: sent at 358477000000, (unhandled) KeyEvent { action=ACTION_UP, keyCode=KEYCODE_DPAD_UP, scanCode=0, metaState=0, flags=0x80000400, repeatCount=0, eventTime=358477, downTime=358477, deviceId=-1, source=0x101 }
D/InputEventConsistencyVerifier(  429):   5: sent at 358418000000, (unhandled) MotionEvent { action=ACTION_MOVE, id[0]=0, x[0]=0.0, y[0]=-2.0, toolType[0]=TOOL_TYPE_UNKNOWN, buttonState=0, metaState=0, flags=0x0, edgeFlags=0x0, pointerCount=1, historySize=8, eventTime=358418, downTime=-1, deviceId=0, source=0x10004 }
D/InputEventConsistencyVerifier(  429): KeyEvent: ACTION_UP but key was not down.
D/InputEventConsistencyVerifier(  429):   in android.widget.FrameLayout@b3dedfd0
D/InputEventConsistencyVerifier(  429):   0: sent at 358605000000, KeyEvent { action=ACTION_UP, keyCode=KEYCODE_DPAD_DOWN, scanCode=0, metaState=0, flags=0x8, repeatCount=0, eventTime=358605, downTime=358605, deviceId=-1, source=0x101 }
D/InputEventConsistencyVerifier(  429):   -- recent events --
D/InputEventConsistencyVerifier(  429):   1: sent at 336523000000, (unhandled) KeyEvent { action=ACTION_DOWN, keyCode=KEYCODE_DPAD_CENTER, scanCode=0, metaState=0, flags=0x80000008, repeatCount=0, eventTime=336523, downTime=336523, deviceId=-1, source=0x101 }
D/InputEventConsistencyVerifier(  429):   2: sent at 336492000000, (unhandled) KeyEvent { action=ACTION_UP, keyCode=KEYCODE_DPAD_DOWN, scanCode=0, metaState=0, flags=0x80000008, repeatCount=0, eventTime=336492, downTime=336492, deviceId=-1, source=0x101 }
D/InputEventConsistencyVerifier(  429):   3: sent at 330350000000, (unhandled) KeyEvent { action=ACTION_DOWN, keyCode=KEYCODE_DPAD_CENTER, scanCode=0, metaState=0, flags=0x8, repeatCount=0, eventTime=330350, downTime=330350, deviceId=-1, source=0x101 }
D/InputEventConsistencyVerifier(  429):   4: sent at 330394000000, (unhandled) KeyEvent { action=ACTION_UP, keyCode=KEYCODE_BUTTON_Y, scanCode=0, metaState=0, flags=0x28, repeatCount=0, eventTime=330394, downTime=330350, deviceId=-1, source=0x101 }
D/InputEventConsistencyVerifier(  429):   5: sent at 330350000000, (unhandled) KeyEvent { action=ACTION_DOWN, keyCode=KEYCODE_BUTTON_Y, scanCode=0, metaState=0, flags=0x8, repeatCount=0, eventTime=330350, downTime=330350, deviceId=-1, source=0x101 }
D/PhoneStatusBar(  429): disable: < expand icons alerts ticker* system_info back home recent clock >
D/InputEventConsistencyVerifier(  429): TouchEvent: ACTION_DOWN but pointers are already down.  Probably missing ACTION_UP from previous gesture.
D/InputEventConsistencyVerifier(  429):   in android.view.ScaleGestureDetector@b3e8ee78
D/InputEventConsistencyVerifier(  429):   0: sent at 358831000000, MotionEvent { action=ACTION_DOWN, id[0]=0, x[0]=350.0, y[0]=16.0, toolType[0]=TOOL_TYPE_UNKNOWN, buttonState=0, metaState=0, flags=0x0, edgeFlags=0x0, pointerCount=1, historySize=0, eventTime=358831, downTime=358828, deviceId=0, source=0x1002 }
D/InputEventConsistencyVerifier(  429):   -- recent events --
D/InputEventConsistencyVerifier(  429):   1: sent at 358685000000, MotionEvent { action=ACTION_DOWN, id[0]=0, x[0]=91.0, y[0]=747.0, toolType[0]=TOOL_TYPE_UNKNOWN, buttonState=0, metaState=0, flags=0x0, edgeFlags=0x0, pointerCount=1, historySize=0, eventTime=358685, downTime=358681, deviceId=0, source=0x1002 }
D/InputEventConsistencyVerifier(  429):   2: sent at 357666000000, MotionEvent { action=ACTION_UP, id[0]=0, x[0]=3.0, y[0]=0.0, toolType[0]=TOOL_TYPE_UNKNOWN, buttonState=0, metaState=0, flags=0x0, edgeFlags=0x0, pointerCount=1, historySize=0, eventTime=357666, downTime=357624, deviceId=0, source=0x1002 }
D/InputEventConsistencyVerifier(  429):   3: sent at 357663000000, MotionEvent { action=ACTION_MOVE, id[0]=0, x[0]=5.0, y[0]=0.0, toolType[0]=TOOL_TYPE_UNKNOWN, buttonState=0, metaState=0, flags=0x0, edgeFlags=0x0, pointerCount=1, historySize=4, eventTime=357663, downTime=357624, deviceId=0, source=0x1002 }
D/InputEventConsistencyVerifier(  429):   4: sent at 357626000000, MotionEvent { action=ACTION_DOWN, id[0]=0, x[0]=27.0, y[0]=31.0, toolType[0]=TOOL_TYPE_UNKNOWN, buttonState=0, metaState=0, flags=0x80000000, edgeFlags=0x0, pointerCount=1, historySize=0, eventTime=357626, downTime=357624, deviceId=0, source=0x1002 }
D/InputEventConsistencyVerifier(  429):   5: sent at 339197000000, MotionEvent { action=ACTION_DOWN, id[0]=0, x[0]=240.0, y[0]=771.0, toolType[0]=TOOL_TYPE_UNKNOWN, buttonState=0, metaState=0, flags=0x0, edgeFlags=0x0, pointerCount=1, historySize=0, eventTime=339197, downTime=339196, deviceId=0, source=0x1002 }
W/dalvikvm(  429): DroidBox: { "FdAccess": { "path": "2f70726f632f6d656d696e666f", "id": "1650160822" } }
W/DroidBox(  429): DroidBox: { "FileRW": { "operation": "read", "data": "4d656d546f74616c3a202020202020202020373438393634206b420a4d656d467265653a20202020202020202020343435373830206b420a427566666572733a20202020202020202020202035353932206b420a4361636865643a202020202020202020", "id": "1650160822" } }
V/PhoneStatusBar(  429): setLightsOn(true)
I/Choreographer(  429): Skipped 31 frames!  The application may be doing too much work on its main thread.
I/Choreographer(  429): Skipped 59 frames!  The application may be doing too much work on its main thread.
V/PhoneStatusBar(  429): setLightsOn(true