D/InputEventConsistencyVerifier( 1020):   0: sent at 237037000000, KeyEvent { action=ACTION_UP, keyCode=KEYCODE_DPAD_UP, scanCode=0, metaState=0, flags=0x8, repeatCount=0, eventTime=237037, downTime=237037, deviceId=-1, source=0x101 }
D/InputEventConsistencyVerifier( 1020):   -- recent events --
D/InputEventConsistencyVerifier( 1020):   1: sent at 236948000000, MotionEvent { action=ACTION_UP, id[0]=0, x[0]=231.0, y[0]=783.0, toolType[0]=TOOL_TYPE_UNKNOWN, buttonState=0, metaState=0, flags=0x0, edgeFlags=0x0, pointerCount=1, historySize=0, eventTime=236948, downTime=236847, deviceId=0, source=0x1002 }
D/InputEventConsistencyVerifier( 1020):   2: sent at 236847000000, MotionEvent { action=ACTION_DOWN, id[0]=0, x[0]=232.0, y[0]=778.0, toolType[0]=TOOL_TYPE_UNKNOWN, buttonState=0, metaState=0, flags=0x0, edgeFlags=0x0, pointerCount=1, historySize=0, eventTime=236847, downTime=236847, deviceId=0, source=0x1002 }
D/InputEventConsistencyVerifier( 1020):   3: sent at 236721000000, (unhandled) KeyEvent { action=ACTION_UP, keyCode=KEYCODE_BOOKMARK, scanCode=0, metaState=0, flags=0x8, repeatCount=0, eventTime=236721, downTime=236721, deviceId=-1, source=0x101 }
D/InputEventConsistencyVerifier( 1020):   4: sent at 236608000000, (unhandled) KeyEvent { action=ACTION_DOWN, keyCode=KEYCODE_BOOKMARK, scanCode=0, metaState=0, flags=0x8, repeatCount=0, eventTime=236608, downTime=236608, deviceId=-1, source=0x101 }
D/InputEventConsistencyVerifier( 1020):   5: sent at 236513000000, (unhandled) KeyEvent { action=ACTION_UP, keyCode=KEYCODE_VOLUME_UP, scanCode=0, metaState=0, flags=0x8, repeatCount=0, eventTime=236513, downTime=236513, deviceId=-1, source=0x101 }
I/Choreographer( 1020): Skipped 31 frames!  The application may be doing too much work on its main thread.
I/ActivityManager(  230): START {act=android.intent.action.MAIN cat=[android.intent.category.LAUNCHER] flg=0x10000000 cmp=com.android.email/.activity.Welcome sel={act=android.intent.action.MAIN cat=[android.intent.category.APP_EMAIL]} u=0} from pid 230
D/InputEventConsistencyVerifier( 1020): KeyEvent: ACTION_UP but key was not down.
D/InputEventConsistencyVerifier( 1020):   in com.android.internal.policy.impl.PhoneWindow$DecorView@b3e7f470
D/InputEventConsistencyVerifier( 1020):   0: sent at 238578000000, KeyEvent { action=ACTION_UP, keyCode=KEYCODE_DPAD_DOWN, scanCode=0, metaState=0, flags=0x8, repeatCount=0, eventTime=238578, downTime=238578, deviceId=-1, source=0x101 }
D/InputEventConsistencyVerifier( 1020):   -- recent events --
D/InputEventConsistencyVerifier( 1020):   1: sent at 238509000000, MotionEvent { action=ACTION_UP, id[0]=0, x[0]=77.0, y[0]=597.0, toolType[0]=TOOL_TYPE_UNKNOWN, buttonState=0, metaState=0, flags=0x0, edgeFlags=0x0, pointerCount=1, historySize=0, eventTime=238509, downTime=238375, deviceId=0, source=0x1002 }
D/InputEventConsistencyVerifier( 1020):   2: sent at 238507000000, MotionEvent { action=ACTION_MOVE, id[0]=0, x[0]=74.0, y[0]=595.0, toolType[0]=TOOL_TYPE_UNKNOWN, buttonState=0, metaState=0, flags=0x0, edgeFlags=0x0, pointerCount=1, historySize=2, eventTime=238507, downTime=238375, deviceId=0, source=0x1002 }
D/InputEventConsistencyVerifier( 1020):   3: sent at 238377000000, MotionEvent { action=ACTION_DOWN, id[0]=0, x[0]=67.0, y[0]=582.0, toolType[0]=TOOL_TYPE_UNKNOWN, buttonState=0, metaState=0, flags=0x0, edgeFlags=0x0, pointerCount=1, historySize=0, eventTime=238377, downTime=238375, deviceId=0, source=0x1002 }
D/InputEventConsistencyVerifier( 1020):   4: sent at 237733000000, (unhandled) KeyEvent { action=ACTION_UP, keyCode=KEYCODE_DPAD_DOWN, scanCode=0, metaState=0, flags=0x8, repeatCount=0, eventTime=237733, downTime=237733, deviceId=-1, source=0x101 }
D/InputEventConsistencyVerifier( 1020):   5: sent at 237636000000, (unhandled) KeyEvent { action=ACTION_DOWN, keyCode=KEYCODE_DPAD_DOWN, scanCode=0, metaState=0, flags=0x8, repeatCount=0, eventTime=237636, downTime=237636, deviceId=-1, source=0x101 }
D/InputEventConsistencyVerifier( 1020): KeyEvent: ACTION_UP but key was not down.
D/InputEventConsistencyVerifier( 1020):   in android.view.ViewRootImpl@b3e7c4a0
D/InputEventConsistencyVerifier( 1020):   0: sent at 238694000000, KeyEvent { action=ACTION_UP, keyCode=KEYCODE_ENVELOPE, scanCode=0, metaState=0, flags=0x8, repeatCount=0, eventTime=238694, downTime=238694, deviceId=-1, source=0x101 }
D/InputEventConsistencyVerifier( 1020):   -- recent events --
D/InputEventConsistencyVerifier( 1020):   1: sent at 238578000000, KeyEvent { action=ACTION_UP, keyCode=KEYCODE_DPAD_DOWN, scanCode=0, metaState=0, flags=0x8, repeatCount=0, eventTime=238578, downTime=238578, deviceId=-1, source=0x101 }
D/InputEventConsistencyVerifier( 1020):   2: sent at 238524000000, KeyEvent { action=ACTION_DOWN, keyCode=KEYCODE_DPAD_DOWN, scanCode=0, metaState=0, flags=0x8, repeatCount=0, eventTime=238524, downTime=238524, deviceId=-1, source=0x101 }
D/InputEventConsistencyVerifier( 1020):   3: sent at 238509000000, MotionEvent { action=ACTION_UP, id[0]=0, x[0]=77.0, y[0]=597.0, toolType[0]=TOOL_TYPE_UNKNOWN, buttonState=0, metaState=0, flags=0x0, edgeFlags=0x0, pointerCount=1, historySize=0, eventTime=238509, downTime=238375, deviceId=0, source=0x1002 }
D/InputEventConsistencyVerifier( 1020):   4: sent at 238507000000, MotionEvent { action=ACTION_MOVE, id[0]=0, x[0]=74.0, y[0]=595.0, toolType[0]=TOOL_TYPE_UNKNOWN, buttonState=0, metaState=0, flags=0x0, edgeFlags=0x0, pointerCount=1, historySize=2, eventTime=238507, downTime=238375, deviceId=0, source=0x1002 }
D/InputEventConsistencyVerifier( 1020):   5: sent at 238377000000, MotionEvent { action=ACTION_DOWN, id[0]=0, x[0]=67.0, y[0]=582.0, toolType[0]=TOOL_TYPE_UNKNOWN, buttonState=0, metaState=0, flags=0x0, edgeFlags=0x0, pointerCount=1, historySize=0, eventTime=238377, downTime=238375, deviceId=0, source=0x1002 }
E/WVMExtractor(   62): Failed to open libwvm.so
D/InputEventConsistencyVerifier( 1020): KeyEvent: ACTION_UP but key was not down.
D/InputEventConsistencyVerifier( 1020):   in com.android.internal.policy.impl.PhoneWindow$DecorView@b3e7f470
D/InputEventConsistencyVerifier( 1020):   0: sent at 238916000000, KeyEvent { action=ACTION_UP, keyCode=KEYCODE_DPAD_DOWN, scanCode=0, metaState=0, flags=0x8, repeatCount=0, eventTime=238916, downTime=238916, deviceId=-1, source=0x101 }
D/InputEventConsistencyVerifier( 1020):   -- recent events --
D/InputEventConsistencyVerifier( 1020):   1: sent at 238814000000, MotionEvent { action=ACTION_UP, id[0]=0, x[0]=318.0, y[0]=336.0, toolType[0]=TOOL_TYPE_UNKNOWN, buttonState=0, metaState=0, flags=0x0, edgeFlags=0x0, pointerCount=1, historySize=0, eventTime=238814, downTime=238807, deviceId=0, source=0x1002 }
D/InputEventConsistencyVerifier( 1020):   2: sent at 238808000000, MotionEvent { action=ACTION_DOWN, id[0]=0, x[0]=324.0, y[0]=335.0, toolType[0]=TOOL_TYPE_UNKNOWN, buttonState=0, metaState=0, flags=0x0, edgeFlags=0x0, pointerCount=1, historySize=0, eventTime=238808, downTime=238807, deviceId=0, source=0x1002 }
D/InputEventConsistencyVerifier( 1020):   3: sent at 238694000000, (unhandled) KeyEvent { action=ACTION_UP, keyCode=KEYCODE_ENVELOPE, scanCode=0, metaState=0, flags=0x80000008, repeatCount=0, eventTime=238694, downTime=238694, deviceId=-1, source=0x101 }
D/InputEventConsistencyVerifier( 1020):   4: sent at 238578000000, (unhandled) KeyEvent { action=ACTION_UP, keyCode=KEYCODE_DPAD_DOWN, scanCode=0, metaState=0, flags=0x80000008, repeatCount=0, eventTime=238578, downTime=238578, deviceId=-1, source=0x101 }
D/InputEventConsistencyVerifier( 1020):   5: sent at 238509000000, MotionEvent { action=ACTION_UP, id[0]=0, x[0]=77.0, y[0]=597.0, toolType[0]=TOOL_TYPE_UNKNOWN, buttonState=0, metaState=0, flags=0x0, edgeFlags=0x0, pointerCount=1, historySize=0, eventTime=238509, downTime=238375, deviceId=0, source=0x1002 }
E/MetadataRetrieverClient(   62): failed to extract an album art
D/InputEventConsistencyVerifier( 1020): KeyEvent: ACTION_UP but key was not down.
D/InputEventConsistencyVerifier( 1020):   in android.widget.Button@b3ec17d8
D/InputEventConsistencyVerifier( 1020):   0: sent at 239117000000, KeyEvent { action=ACTION_UP, keyCode=KEYCODE_DPAD_DOWN, scanCode=0, metaState=0, flags=0x8, repeatCount=0, eventTime=239117, downTime=239117, deviceId=-1, source=0x101 }
D/InputEventConsistencyVerifier( 1020):   -- recent events --
D/InputEventConsistencyVerifier( 1020):   1: sent at 237733000000, (unhandled) KeyEvent { action=ACTION_UP, keyCode=KEYCODE_DPAD_DOWN, scanCode=0, metaState=0, flags=0x8, repeatCount=0, eventTime=237733, downTime=237733, deviceId=-1, source=0x101 }
D/InputEventConsistencyVerifier( 1020):   2: sent at 230812000000, (unhandled) KeyEvent { action=ACTION_UP, keyCode=KEYCODE_DPAD_UP, scanCode=0, metaState=0, flags=0x8, repeatCount=0, eventTime=230812, downTime=230812, deviceId=-1, source=0x101 }
D/InputEventConsistencyVerifier( 1020):   3: sent at 228958000000, (unhandled) KeyEvent { action=ACTION_DOWN, keyCode=KEYCODE_DPAD_DOWN, scanCode=0, metaState=0, flags=0x400, repeatCount=0, eventTime=228958, downTime=228958, deviceId=-1, source=0x101 }
D/InputEventConsistencyVerifier( 1020):   4: sent at 228957000000, (unhandled) KeyEvent { action=ACTION_UP, keyCode=KEYCODE_DPAD_DOWN, scanCode=0, metaState=0, flags=0x400, repeatCount=0, eventTime=228957, downTime=228957, deviceId=-1, source=0x101 }
D/InputEventConsistencyVerifier( 1020):   5: sent at 227249000000, MotionEvent { action=ACTION_UP, id[0]=0, x[0]=333.0, y[0]=82.0, toolType[0]=TOOL_TYPE_UNKNOWN, buttonState=0, metaState=0, flags=0x0, edgeFlags=0x0, pointerCount=1, historySize=0, eventTime=227249, downTime=227243, deviceId=0, source=0x1002 }
E/WVMExtractor(   62): Failed to open libwvm.so
W/dalvikvm(  978): DroidBox: { "FdAccess": { "path": "2f6465762f696e7075742f6576656e7430", "id": "1019257246" } }
W/DroidBox(  978): DroidBox: { "FileRW": { "operation": "write", "data": "efbfbd060000efbfbdefbfbd0c000500000000000000", "id": "1019257246" } }
D/InputEventConsistencyVerifier(  428): TouchEvent: ACTION_DOWN but pointers are already down.  Probably missing ACTION_UP from previous gesture.
D/InputEventConsistencyVerifier(  428):   in android.view.ScaleGestureDetector@b3f21f18
D/InputEventConsistencyVerifier(  428):   0: sent at 239410000000, MotionEvent { action=ACTION_DOWN, id[0]=0, x[0]=316.0, y[0]=29.0, toolType[0]=TOOL_TYPE_UNKNOWN, buttonState=0, metaState=0, flags=0x0, edgeFlags=0x0, pointerCount=1, historySize=0, eventTime=239410, downTime=239410, deviceId=0, source=0x1002 }
D/InputEventConsistencyVerifier(  428):   -- recent events --
D/InputEventConsistencyVerifier(  428):   1: sent at 223358000000, MotionEvent { action=ACTION_DOWN, id[0]=0, x[0]=72.0, y[0]=276.0, toolType[0]=TOOL_TYPE_UNKNOWN, buttonState=0, metaState=0, flags=0x80000000, edgeFlags=0x0, pointerCount=1, historySize=0, eventTime=223358, downTime=223358, deviceId=0, source=0x1002 }
D/InputEventConsistencyVerifier(  428):   2: sent at 223295000000, MotionEvent { action=ACTION_DOWN, id[0]=0, x[0]=402.0, y[0]=632.0, toolType[0]=TOOL_TYPE_UNKNOWN, buttonState=0, metaState=0, flags=0x80000000, edgeFlags=0x0, pointerCount=1, historySize=0, eventTime=223295, downTime=223294, deviceId=0, source=0x1002 }
D/InputEventConsistencyVerifier(  428):   3: sent at 223120000000, MotionEvent { action=ACTION_DOWN, id[0]=0, x[0]=217.0, y[0]=713.0, toolType[0]=TOOL_TYPE_UNKNOWN, buttonState=0, metaState=0, flags=0x80000000, edgeFlags=0x0, pointerCount=1, historySize=0, eventTime=223120, downTime=223120, deviceId=0, source=0x1002 }
D/InputEventConsistencyVerifier(  428):   4: sent at 222567000000, MotionEvent { action=ACTION_MOVE, id[0]=0, x[0]=404.0, y[0]=494.0, toolType[0]=TOOL_TYPE_UNKNOWN, buttonState=0, metaState=0, flags=0x0, edgeFlags=0x0, pointerCount=1, historySize=6, eventTime=222567, downTime=222509, deviceId=0, source=0x1002 }
D/InputEventConsistencyVerifier(  428):   5: sent at 222511000000, MotionEvent { action=ACTION_DOWN, id[0]=0, x[0]=463.0, y[0]=438.0, toolType[0]=TOOL_TYPE_UNKNOWN, buttonState=0, metaState=0, flags=0x80000000, edgeFlags=0x0, pointerCount=1, historySize=0, eventTime=222511, downTime=222509, deviceId=0, source=0x1002 }
I/ActivityManager(  230): START {act=android.intent.action.CALL_BUTTON flg=0x10000000 cmp=com.android.contacts/.activities.DialtactsActivity u=0} from pid 428
W/dalvikvm(  428): DroidBox: { "FdAccess": { "path": "2f70726f632f6d656d696e666f", "id": "326400970" } }
W/DroidBox(  428): DroidBox: { "FileRW": { "operation": "read", "data": "4d656d546f74616c3a202020202020202020373438393634206b420a4d656d467265653a20202020202020202020343534383532206b420a427566666572733a20202020202020202020202035343932206b420a4361636865643a202020202020202020", "id": "326400970" } }
I/Choreographer(  428): Skipped 86 frames!  The application may be doing too much work on its main thread.
W/dalvikvm(  428): DroidBox: { "FdAccess": { "path": "2f70726f632f6d656d696e666f", "id": "774350506" } }
W/DroidBox(  428): DroidBox: { "FileRW": { "operation": "read", "data": "4d656d546f74616c3a202020202020202020373438393634206b420a4d656d467265653a20202020202020202020343534383532206b420a427566666572733a20202020202020202020202035343932206b420a4361636865643a202020202020202020", "id": "774350506" } }
I/ActivityManager(  230): START {act=android.intent.action.CALL_BUTTON flg=0x10000000 cmp=com.android.contacts/.activities.DialtactsActivity u=0} from pid 428
V/PhoneStatusBar(  428): setLightsOn(true)
W/dalvikvm(  428): DroidBox: { "FdAccess": { "path": "2f70726f632f6d656d696e666f", "id": "1809419259" } }
D/PhoneStatusBar(  428): disable: < expand icons alerts TICKER* system_info back home recent clock >
W/DroidBox(  428): DroidBox: { "FileRW": { "operation": "read", "data": "4d656d546f74616c3a202020202020202020373438393634206b420a4d656d467265653a20202020202020202020343533343838206b420a427566666572733a20202020202020202020202035343932206b420a4361636865643a202020202020202020", "id": "1809419259" } }
I/Choreographer(  428): Skipped 37 frames!  The application may be doing too much work on its main thread.
W/dalvikvm(  428): DroidBox: { "FdAccess": { "path": "2f70726f632f6d656d696e666f", "id": "386169027" } }
W/DroidBox(  428): DroidBox: { "FileRW": { "operation": "read", "data": "4d656d546f74616c3a202020202020202020373438393634206b420a4d656d467265653a20202020202020202020343533343838206b420a427566666572733a20202020202020202020202035343932206b420a4361636865643a202020202020202020", "id": "386169027" } }
D/InputEventConsistencyVerifier(  428): KeyEvent: ACTION_UP but key was not down.
D/InputEventConsistencyVerifier(  428):   in com.android.systemui.statusbar.phone.StatusBarWindowView@b3e82290
D/InputEventConsistencyVerifier(  428):   0: sent at 240054000000, KeyEvent { action=ACTION_UP, keyCode=KEYCODE_DPAD_DOWN, scanCode=0, metaState=0, flags=0x8, repeatCount=0, eventTime=240054, downTime=240054, deviceId=-1, source=0x101 }
D/InputEventConsistencyVerifier(  428):   -- recent events --
D/InputEventConsistencyVerifier(  428):   1: sent at 239976000000, MotionEvent { action=ACTION_UP, id[0]=0, x[0]=359.43243, y[0]=128.91891, toolType[0]=TOOL_TYPE_UNKNOWN, buttonState=0, metaState=0, flags=0x0, edgeFlags=0x0, pointerCount=1, historySize=0, eventTime=239976, downTime=239871, deviceId=0, source=0x1002 }
D/InputEventConsistencyVerifier(  428):   2: sent at 239982000000, MotionEvent { action=ACTION_MOVE, id[0]=0, x[0]=359.43243, y[0]=128.91891, toolType[0]=TOOL_TYPE_UNKNOWN, buttonState=0, metaState=0, flags=0x0, edgeFlags=0x0, pointerCount=1, historySize=5, eventTime=239982, downTime=239871, deviceId=0, source=0x1002 }
D/InputEventConsistencyVerifier(  428):   3: sent at 239873000000, MotionEvent { action=ACTION_DOWN, id[0]=0, x[0]=343.0, y[0]=172.0, toolType[0]=TOOL_TYPE_UNKNOWN, buttonState=0, metaState=0, flags=0x0, edgeFlags=0x0, pointerCount=1, historySize=0, eventTime=239873, downTime=239871, deviceId=0, source=0x1002 }
D/InputEventConsistencyVerifier(  428):   4: sent at 239853000000, (unhandled) KeyEvent { action=ACTION_UP, keyCode=KEYCODE_CALL, scanCode=0, metaState=0, flags=0x8, repeatCount=0, eventTime=239853, downTime=239853, deviceId=-1, source=0x101 }
D/InputEventConsistencyVerifier(  428):   5: sent at 239688000000, (unhandled) KeyEvent { action=ACTION_DOWN, keyCode=KEYCODE_CALL, scanCode=0, metaState=0, flags=0x8, repeatCount=0, eventTime=239688, downTime=239688, deviceId=-1, source=0x101 }
W/dalvikvm(  428): DroidBox: { "FdAccess": { "path": "2f70726f632f6d656d696e666f", "id": "95445233" } }
W/DroidBox(  428): DroidBox: { "FileRW": { "operation": "read", "data": "4d656d546f74616c3a202020202020202020373438393634206b420a4d656d467265653a20202020202020202020343532303030206b420a427566666572733a20202020202020202020202035343932206b420a4361636865643a202020202020202020", "id": "95445233" } }
W/dalvikvm(  428): DroidBox: { "FdAccess": { "path": "2f70726f632f6d656d696e666f", "id": "876111051" } }
W/DroidBox(  428): DroidBox: { "FileRW": { "operation": "read", "data": "4d656d546f74616c3a202020202020202020373438393634206b420a4d656d467265653a20202020202020202020343532303030206b420a427566666572733a20202020202020202020202035343932206b420a4361636865643a202020202020202020", "id": "876111051" } }
D/InputEventConsistencyVerifier(  428): TouchEvent: ACTION_DOWN but pointers are already down.  Probably missing ACTION_UP from previous gesture.
D/InputEventConsistencyVerifier(  428):   in android.view.ScaleGestureDetector@b3f21f18
D/InputEventConsistencyVerifier(  428):   0: sent at 240119000000, MotionEvent { action=ACTION_DOWN, id[0]=0, x[0]=459.0, y[0]=550.0, toolType[0]=TOOL_TYPE_UNKNOWN, buttonState=0, metaState=0, flags=0x0, edgeFlags=0x0, pointerCount=1, historySize=0, eventTime=240119, downTime=240119, deviceId=0, source=0x1002 }
D/InputEventConsistencyVerifier(  428):   -- recent events --
D/InputEventConsistencyVerifier(  428):   1: sent at 239873000000, MotionEvent { action=ACTION_DOWN, id[0]=0, x[0]=343.0, y[0]=172.0, toolType[0]=TOOL_TYPE_UNKNOWN, buttonState=0, metaState=0, flags=0x0, edgeFlags=0x0, pointerCount=1, historySize=0, eventTime=239873, downTime=239871, deviceId=0, source=0x1002 }
D/InputEventConsistencyVerifier(  428):   2: sent at 239423000000, MotionEvent { action=ACTION_UP, id[0]=0, x[0]=320.0, y[0]=30.0, toolType[0]=TOOL_TYPE_UNKNOWN, buttonState=0, metaState=0, flags=0x0, edgeFlags=0x0, pointerCount=1, historySize=0, eventTime=239423, downTime=239410, deviceId=0, source=0x1002 }
D/InputEventConsistencyVerifier(  428):   3: sent at 239410000000, MotionEvent { action=ACTION_DOWN, id[0]=0, x[0]=316.0, y[0]=29.0, toolType[0]=TOOL_TYPE_UNKNOWN, buttonState=0, metaState=0, flags=0x80000000, edgeFlags=0x0, pointerCount=1, historySize=0, eventTime=239410, downTime=239410, deviceId=0, source=0x1002 }
D/InputEventConsistencyVerifier(  428):   4: sent at 223358000000, MotionEvent { action=ACTION_DOWN, id[0]=0, x[0]=72.0, y[0]=276.0, toolType[0]=TOOL_TYPE_UNKNOWN, buttonState=0, metaState=0, flags=0x80000000, edgeFlags=0x0, pointerCount=1, historySize=0, eventTime=223358, downTime=223358, deviceId=0, source=0x1002 }
D/InputEventConsistencyVerifier(  428):   5: sent at 223295000000, MotionEvent { action=ACTION_DOWN, id[0]=0, x[0]=402.0, y[0]=632.0, toolType[0]=TOOL_TYPE_UNKNOWN, buttonState=0, metaState=0, flags=0x80000000, edgeFlags=0x0, pointerCount=1, historySize=0, eventTime=223295, downTime=223294, deviceId=0, source=0x1002 }
D/InputEventConsistencyVerifier(  428): KeyEvent: ACTION_UP but key was not down.
D/InputEventConsistencyVerifier(  428):   in com.android.systemui.statusbar.phone.StatusBarWindowView@b3e82290
D/InputEventConsistencyVerifier(  428):   0: sent at 240222000000, KeyEvent { action=ACTION_UP, keyCode=KEYCODE_DPAD_RIGHT, scanCode=0, metaState=0, flags=0x400, repeatCount=0, eventTime=240222, downTime=240222, deviceId=-1, source=0x101 }
D/InputEventConsistencyVerifier(  428):   -- recent events --
D/InputEventConsistencyVerifier(  428):   1: sent at 240199000000, (unhandled) MotionEvent { action=ACTION_MOVE, id[0]=0, x[0]=3.0, y[0]=-1.0, toolType[0]=TOOL_TYPE_UNKNOWN, buttonState=0, metaState=0, flags=0x0, edgeFlags=0x0, pointerCount=1, historySize=5, eventTime=240199, downTime=-1, deviceId=0, source=0x10004 }
D/InputEventConsistencyVerifier(  428):   2: sent at 240147000000, MotionEvent { action=ACTION_UP, id[0]=0, x[0]=453.0, y[0]=549.0, toolType[0]=TOOL_TYPE_UNKNOWN, buttonState=0, metaState=0, flags=0x0, edgeFlags=0x0, pointerCount=1, historySize=0, eventTime=240147, downTime=240119, deviceId=0, source=0x1002 }
D/InputEventConsistencyVerifier(  428):   3: sent at 240119000000, MotionEvent { action=ACTION_DOWN, id[0]=0, x[0]=459.0, y[0]=550.0, toolType[0]=TOOL_TYPE_UNKNOWN, buttonState=0, metaState=0, flags=0x0, edgeFlags=0x0, pointerCount=1, historySize=0, eventTime=240119, downTime=240119, deviceId=0, source=0x1002 }
D/InputEventConsistencyVerifier(  428):   4: sent at 240114000000, (unhandled) KeyEvent { action=ACTION_UP, keyCode=KEYCODE_MENU, scanCode=0, metaState=0, flags=0x8, repeatCount=0, eventTime=240114, downTime=240114, deviceId=-1, source=0x101 }
D/InputEventConsistencyVerifier(  428):   5: sent at 240085000000, (unhandled) KeyEvent { action=ACTION_DOWN, keyCode=KEYCODE_MENU, scanCode=0, metaState=0, flags=0x8, repeatCount=0, eventTime=240085, downTime=240085, deviceId=-1, source=0x101 }
W/InputMethodManagerService(  230): Window already focused, ignoring focus gain of: com.android.internal.view.IInputMethodClient$Stub$Proxy@b3ee4138 attribute=android.view.inputmethod.EditorInfo@b3f08620
D/InputEventConsistencyVerifier(  428): TouchEvent: ACTION_DOWN but pointers are already down.  Probably missing ACTION_UP from previous gesture.
D/InputEventConsistencyVerifier(  428):   in android.view.ScaleGestureDetector@b3f21f18
D/InputEventConsistencyVerifier(  428):   0: sent at 240258000000, MotionEvent { action=ACTION_DOWN, id[0]=0, x[0]=188.0, y[0]=386.0, toolType[0]=TOOL_TYPE_UNKNOWN, buttonState=0, metaState=0, flags=0x0, edgeFlags=0x0, pointerCount=1, historySize=0, eventTime=240258, downTime=240257, deviceId=0, source=0x1002 }
D/InputEventConsistencyVerifier(  428):   -- recent events --
D/InputEventConsistencyVerifier(  428):   1: sent at 240119000000, MotionEvent { action=ACTION_DOWN, id[0]=0, x[0]=459.0, y[0]=550.0, toolType[0]=TOOL_TYPE_UNKNOWN, buttonState=0, metaState=0, flags=0x80000000, edgeFlags=0x0, pointerCount=1, historySize=0, eventTime=240119, downTime=240119, deviceId=0, source=0x1002 }
D/InputEventConsistencyVerifier(  428):   2: sent at 239873000000, MotionEvent { action=ACTION_DOWN, id[0]=0, x[0]=343.0, y[0]=172.0, toolType[0]=TOOL_TYPE_UNKNOWN, buttonState=0, metaState=0, flags=0x0, edgeFlags=0x0, pointerCount=1, historySize=0, eventTime=239873, downTime=239871, deviceId=0, source=0x1002 }
D/InputEventConsistencyVerifier(  428):   3: sent at 239423000000, MotionEvent { action=ACTION_UP, id[0]=0, x[0]=320.0, y[0]=30.0, toolType[0]=TOOL_TYPE_UNKNOWN, buttonState=0, metaState=0, flags=0x0, edgeFlags=0x0, pointerCount=1, historySize=0, eventTime=239423, downTime=239410, deviceId=0, source=0x1002 }
D/InputEventConsistencyVerifier(  428):   4: sent at 239410000000, MotionEvent { action=ACTION_DOWN, id[0]=0, x[0]=316.0, y[0]=29.0, toolType[0]=TOOL_TYPE_UNKNOWN, buttonState=0, metaState=0, flags=0x80000000, edgeFlags=0x0, pointerCount=1, historySize=0, eventTime=239410, downTime=239410, deviceId=0, source=0x1002 }
D/InputEventConsistencyVerifier(  428):   5: sent at 223358000000, MotionEvent { action=ACTION_DOWN, id[0]=0, x[0]=72.0, y[0]=276.0, toolType[0]=TOOL_TYPE_UNKNOWN, buttonState=0, metaState=0, flags=0x80000000, edgeFlags=0x0, pointerCount=1, historySize=0, eventTime=223358, downTime=223358, deviceId=0, source=0x1002 }
I/Choreographer(  428): Skipped 37 frames!  The application may be doing too much work on its main thread.
V/PhoneStatusBar(  428): setLightsOn(true)
D/PhoneStatusBar(  428): disable: < expand icons alerts ticker* system_info back home recent clock >
D/InputEventConsistencyVerifier( 1020): KeyEvent: ACTION_UP but key was not down.
D/InputEventConsistencyVerifier( 1020):   in android.widget.Button@b3ec17d8
D/InputEventConsistencyVerifier( 1020):   0: sent at 240334000000, KeyEvent { action=ACTION_UP, keyCode=KEYCODE_DPAD_DOWN, scanCode=0, metaState=0, flags=0x8, repeatCount=0, eventTime=240334, downTime=240334, deviceId=-1, source=0x101 }
D/InputEventConsistencyVerifier( 1020):   -- recent events --
D/InputEventConsistencyVerifier( 1020):   1: sent at 239305000000, (unhandled) KeyEvent { action=ACTION_UP, keyCode=KEYCODE_MOVE_HOME, scanCode=0, metaState=0, flags=0x8, repeatCount=0, eventTime=239305, downTime=239305, deviceId=-1, source=0x101 }
D/InputEventConsistencyVerifier( 1020):   2: sent at 239184000000, (unhandled) KeyEvent { action=ACTION_DOWN, keyCode=KEYCODE_MOVE_HOME, scanCode=0, metaState=0, flags=0x8, repeatCount=0, eventTime=239184, downTime=239184, deviceId=-1, source=0x101 }
D/InputEventConsistencyVerifier( 1020):   3: sent at 239117000000, (unhandled) KeyEvent { action=ACTION_UP, keyCode=KEYCODE_DPAD_DOWN, scanCode=0, metaState=0, flags=0x80000008, repeatCount=0, eventTime=239117, downTime=239117, deviceId=-1, source=0x101 }
D/InputEventConsistencyVerifier( 1020):   4: sent at 237733000000, (unhandled) KeyEvent { action=ACTION_UP, keyCode=KEYCODE_DPAD_DOWN, scanCode=0, metaState=0, flags=0x8, repeatCount=0, eventTime=237733, downTime=237733, deviceId=-1, source=0x101 }
D/InputEventConsistencyVerifier( 1020):   5: sent at 230812000000, (unhandled) KeyEvent { action=ACTION_UP, keyCode=KEYCODE_DPAD_UP, scanCode=0, metaState=0, flags=0x8, repeatCount=0, eventTime=230812, downTime=230812, deviceId=-1, source=0x101 }
I/ActivityManager(  230): START {act=android.intent.action.VIEW dat=http://ozzi1.net/?u=appsandroid.ru/download/article/289/com.hybrid.stopwatch.apk?dl cmp=com.android.browser/.BrowserActivity u=0} from pid 1020
E/MetadataRetrieverClient(   62): failed to extract an album art
I/Choreographer( 1020): Skipped 32 frames!  The application may be doing too much work on its main thread.
D/InputEventConsistencyVerifier(  428): TouchEvent: ACTION_DOWN but pointers are already down.  Probably missing ACTION_UP from previous gesture.
D/InputEventConsistencyVerifier(  428):   in android.view.ScaleGestureDetector@b3f21f18
D/InputEventConsistencyVerifier(  428):   0: sent at 240981000000, MotionEvent { action=ACTION_DOWN, id[0]=0, x[0]=396.0, y[0]=22.0, toolType[0]=TOOL_TYPE_UNKNOWN, buttonState=0, metaState=0, flags=0x0, edgeFlags=0x0, pointerCount=1, historySize=0, eventTime=240981, downTime=240981, deviceId=0, source=0x1002 }
D/InputEventConsistencyVerifier(  428):   -- recent events --
D/InputEventConsistencyVerifier(  428):   1: sent at 240258000000, MotionEvent { action=ACTION_DOWN, id[0]=0, x[0]=188.0, y[0]=386.0, toolType[0]=TOOL_TYPE_UNKNOWN, buttonState=0, metaState=0, flags=0x80000000, edgeFlags=0x0, pointerCount=1, historySize=0, eventTime=240258, downTime=240257, deviceId=0, source=0x1002 }
D/InputEventConsistencyVerifier(  428):   2: sent at 240119000000, MotionEvent { action=ACTION_DOWN, id[0]=0, x[0]=459.0, y[0]=550.0, toolType[0]=TOOL_TYPE_UNKNOWN, buttonState=0, metaState=0, flags=0x80000000, edgeFlags=0x0, pointerCount=1, historySize=0, eventTime=240119, downTime=240119, deviceId=0, source=0x1002 }
D/InputEventConsistencyVerifier(  428):   3: sent at 239873000000, MotionEvent { action=ACTION_DOWN, id[0]=0, x[0]=343.0, y[0]=172.0, toolType[0]=TOOL_TYPE_UNKNOWN, buttonState=0, metaState=0, flags=0x0, edgeFlags=0x0, pointerCount=1, historySize=0, eventTime=239873, downTime=239871, deviceId=0, source=0x1002 }
D/InputEventConsistencyVerifier(  428):   4: sent at 239423000000, MotionEvent { action=ACTION_UP, id[0]=0, x[0]=320.0, y[0]=30.0, toolType[0]=TOOL_TYPE_UNKNOWN, buttonState=0, metaState=0, flags=0x0, edgeFlags=0x0, pointerCount=1, historySize=0, eventTime=239423, downTime=239410, deviceId=0, source=0x1002 }
D/InputEventConsistencyVerifier(  428):   5: sent at 239410000000, MotionEvent { action=ACTION_DOWN, id[0]=0, x[0]=316.0, y[0]=29.0, toolType[0]=TOOL_TYPE_UNKNOWN, buttonState=0, metaState=0, flags=0x80000000, edgeFlags=0x0, pointerCount=1, historySize=0, eventTime=239410, downTime=239410, deviceId=0, source=0x1002 }
D/InputEventConsistencyVerifier( 1020): KeyEvent: ACTION_UP but key was not down.
D/InputEventConsistencyVerifier( 1020):   in android.widget.ScrollView@b3ebfbe0
D/InputEventConsistencyVerifier( 1020):   0: sent at 240907000000, KeyEvent { action=ACTION_UP, keyCode=KEYCODE_DPAD_UP, scanCode=0, metaState=0, flags=0x8, repeatCount=0, eventTime=240907, downTime=240907, deviceId=-1, source=0x101 }
D/InputEventConsistencyVerifier( 1020):   -- recent events --
D/InputEventConsistencyVerifier( 1020):   1: sent at 240281000000, (unhandled) KeyEvent { action=ACTION_DOWN, keyCode=KEYCODE_DPAD_DOWN, scanCode=0, metaState=0, flags=0x8, repeatCount=0, eventTime=240281, downTime=240281, deviceId=-1, source=0x101 }
D/InputEventConsistencyVerifier( 1020):   2: sent at 239402000000, MotionEvent { action=ACTION_UP, id[0]=0, x[0]=55.0, y[0]=363.0, toolType[0]=TOOL_TYPE_UNKNOWN, buttonState=0, metaState=0, flags=0x0, edgeFlags=0x0, pointerCount=1, historySize=0, eventTime=239402, downTime=239367, deviceId=0, source=0x1002 }
D/InputEventConsistencyVerifier( 1020):   3: sent at 239367000000, MotionEvent { action=ACTION_DOWN, id[0]=0, x[0]=48.0, y[0]=354.0, toolType[0]=TOOL_TYPE_UNKNOWN, buttonState=0, metaState=0, flags=0x0, edgeFlags=0x0, pointerCount=1, historySize=0, eventTime=239367, downTime=239367, deviceId=0, source=0x1002 }
D/InputEventConsistencyVerifier( 1020):   4: sent at 239021000000, (unhandled) KeyEvent { action=ACTION_DOWN, keyCode=KEYCODE_DPAD_DOWN, scanCode=0, metaState=0, flags=0x8, repeatCount=0, eventTime=239021, downTime=239021, deviceId=-1, source=0x101 }
D/InputEventConsistencyVerifier( 1020):   5: sent at 238916000000, (unhandled) KeyEvent { action=ACTION_UP, keyCode=KEYCODE_DPAD_DOWN, scanCode=0, metaState=0, flags=0x80000008, repeatCount=0, eventTime=238916, downTime=238916, deviceId=-1, source=0x101 }
W/dalvikvm(  428): DroidBox: { "FdAccess": { "path": "2f70726f632f6d656d696e666f", "id": "1275809433" } }
W/DroidBox(  428): DroidBox: { "FileRW": { "operation": "read", "data": "4d656d546f74616c3a202020202020202020373438393634206b420a4d656d467265653a20202020202020202020343534333536206b420a427566666572733a20202020202020202020202035353038206b420a4361636865643a202020202020202020", "id": "1275809433" } }
W/dalvikvm(  428): DroidBox: { "FdAccess": { "path": "2f70726f632f6d656d696e666f", "id": "137434586" } }
W/DroidBox(  428): DroidBox: { "FileRW": { "operation": "read", "data": "4d656d546f74616c3a202020202020202020373438393634206b420a4d656d467265653a20202020202020202020343534333536206b420a427566666572733a20202020202020202020202035353038206b420a4361636865643a202020202020202020", "id": "137434586" } }
V/PhoneStatusBar(  428): setLightsOn(true)
I/Choreographer(  428): Skipped 48 frames!  The application may be doing too much work on its main thread.
D/PhoneStatusBar(  428): disable: < expand icons alerts TICKER* system_info back home recent clock >
W/dalvikvm(  428): DroidBox: { "FdAccess": { "path": "2f70726f632f6d656d696e666f", "id": "655970803" } }
W/DroidBox(  428): DroidBox: { "FileRW": { "operation": "read", "data": "4d656d546f74616c3a202020202020202020373438393634206b420a4d656d467265653a20202020202020202020343532393932206b420a427566666572733a20202020202020202020202035353038206b420a4361636865643a202020202020202020", "id": "655970803" } }
D/InputEventConsistencyVerifier(  428): KeyEvent: ACTION_UP but key was not down.
D/InputEventConsistencyVerifier(  428):   in com.android.systemui.statusbar.phone.PhoneStatusBarView@b3e84228
D/InputEventConsistencyVerifier(  428):   0: sent at 241389000000, KeyEvent { action=ACTION_UP, keyCode=KEYCODE_NUMPAD_2, scanCode=0, metaState=0, flags=0x8, repeatCount=0, eventTime=241389, downTime=241389, deviceId=-1, source=0x101 }
D/InputEventConsistencyVerifier(  428):   -- recent events --
D/InputEventConsistencyVerifier(  428):   1: sent at 241168000000, (unhandled) KeyEvent { action=ACTION_UP, keyCode=KEYCODE_DPAD_UP, scanCode=0, metaState=0, flags=0x8, repeatCount=0, eventTime=241168, downTime=241168, deviceId=-1, source=0x101 }
D/InputEventConsistencyVerifier(  428):   2: sent at 241139000000, (unhandled) KeyEvent { action=ACTION_DOWN, keyCode=KEYCODE_DPAD_UP, scanCode=0, metaState=0, flags=0x8, repeatCount=0, eventTime=241139, downTime=241139, deviceId=-1, source=0x101 }
D/InputEventConsistencyVerifier(  428):   3: sent at 241135000000, (unhandled) KeyEvent { action=ACTION_UP, keyCode=KEYCODE_DPAD_UP, scanCode=0, metaState=0, flags=0x8, repeatCount=0, eventTime=241135, downTime=241135, deviceId=-1, source=0x101 }
D/InputEventConsistencyVerifier(  428):   4: sent at 241130000000, (unhandled) KeyEvent { action=ACTION_DOWN, keyCode=KEYCODE_DPAD_UP, scanCode=0, metaState=0, flags=0x8, repeatCount=0, eventTime=241130, downTime=241130, deviceId=-1, source=0x101 }
D/InputEventConsistencyVerifier(  428):   5: sent at 241122000000, (unhandled) KeyEvent { action=ACTION_UP, keyCode=KEYCODE_L, scanCode=0, metaState=0, flags=0x8, repeatCount=0, eventTime=241122, downTime=241122, deviceId=-1, source=0x101 }
D/InputEventConsistencyVerifier(  428): KeyEvent: ACTION_UP but key was not down.
D/InputEventConsistencyVerifier(  428):   in com.android.systemui.statusbar.phone.StatusBarWindowView@b3e82290
D/InputEventConsistencyVerifier(  428):   0: sent at 241389000000, KeyEvent { action=ACTION_UP, keyCode=KEYCODE_DPAD_DOWN, scanCode=0, metaState=0, flags=0x8, repeatCount=0, eventTime=241389, downTime=241389, deviceId=-1, source=0x101 }
D/InputEventConsistencyVerifier(  428):   -- recent events --
D/InputEventConsistencyVerifier(  428):   1: sent at 241389000000, (unhandled) KeyEvent { action=ACTION_UP, keyCode=KEYCODE_NUMPAD_2, scanCode=0, metaState=0, flags=0x8, repeatCount=0, eventTime=241389, downTime=241389, deviceId=-1, source=0x101 }
D/InputEventConsistencyVerifier(  428):   2: sent at 241384000000, (unhandled) KeyEvent { action=ACTION_DOWN, keyCode=KEYCODE_NUMPAD_2, scanCode=0, metaState=0, flags=0x8, repeatCount=0, eventTime=241384, downTime=241384, deviceId=-1, source=0x101 }
D/InputEventConsistencyVerifier(  428):   3: sent at 241376000000, MotionEvent { action=ACTION_UP, id[0]=0, x[0]=248.0, y[0]=706.0, toolType[0]=TOOL_TYPE_UNKNOWN, buttonState=0, metaState=0, flags=0x0, edgeFlags=0x0, pointerCount=1, historySize=0, eventTime=241376, downTime=241297, deviceId=0, source=0x1002 }
D/InputEventConsistencyVerifier(  428):   4: sent at 241374000000, MotionEvent { action=ACTION_MOVE, id[0]=0, x[0]=244.0, y[0]=704.0, toolType[0]=TOOL_TYPE_UNKNOWN, buttonState=0, metaState=0, flags=0x0, edgeFlags=0x0, pointerCount=1, historySize=4, eventTime=241374, downTime=241297, deviceId=0, source=0x1002 }
D/InputEventConsistencyVerifier(  428):   5: sent at 241338000000, MotionEvent { action=ACTION_MOVE, id[0]=0, x[0]=235.5, y[0]=677.0, toolType[0]=TOOL_TYPE_UNKNOWN, buttonState=0, metaState=0, flags=0x0, edgeFlags=0x0, pointerCount=1, historySize=4, eventTime=241338, downTime=241297, deviceId=0, source=0x1002 }
W/InputMethodManagerService(  230): Window already focused, ignoring focus gain of: com.android.internal.view.IInputMethodClient$Stub$Proxy@b3eb45d8 attribute=null
D/InputEventConsistencyVerifier(  428): TouchEvent: ACTION_DOWN but pointers are already down.  Probably missing ACTION_UP from previous gesture.
D/InputEventConsistencyVerifier(  428):   in android.view.ScaleGestureDetector@b3f21f18
D/InputEventConsistencyVerifier(  428):   0: sent at 241540000000, MotionEvent { action=ACTION_DOWN, id[0]=0, x[0]=87.0, y[0]=201.0, toolType[0]=TOOL_TYPE_UNKNOWN, buttonState=0, metaState=0, flags=0x0, edgeFlags=0x0, pointerCount=1, historySize=0, eventTime=241540, downTime=241532, deviceId=0, source=0x1002 }
D/InputEventConsistencyVerifier(  428):   -- recent events --
D/InputEventConsistencyVerifier(  428):   1: sent at 241311000000, MotionEvent { action=ACTION_DOWN, id[0]=0, x[0]=227.0, y[0]=649.0, toolType[0]=TOOL_TYPE_UNKNOWN, buttonState=0, metaState=0, flags=0x0, edgeFlags=0x0, pointerCount=1, historySize=0, eventTime=241311, downTime=241297, deviceId=0, source=0x1002 }
D/InputEventConsistencyVerifier(  428):   2: sent at 240988000000, MotionEvent { action=ACTION_UP, id[0]=0, x[0]=401.0, y[0]=37.0, toolType[0]=TOOL_TYPE_UNKNOWN, buttonState=0, metaState=0, flags=0x0, edgeFlags=0x0, pointerCount=1, historySize=0, eventTime=240988, downTime=240981, deviceId=0, source=0x1002 }
D/InputEventConsistencyVerifier(  428):   3: sent at 240981000000, MotionEvent { action=ACTION_DOWN, id[0]=0, x[0]=396.0, y[0]=22.0, toolType[0]=TOOL_TYPE_UNKNOWN, buttonState=0, metaState=0, flags=0x80000000, edgeFlags=0x0, pointerCount=1, historySize=0, eventTime=240981, downTime=240981, deviceId=0, source=0x1002 }
D/InputEventConsistencyVerifier(  428):   4: sent at 240258000000, MotionEvent { action=ACTION_DOWN, id[0]=0, x[0]=188.0, y[0]=386.0, toolType[0]=TOOL_TYPE_UNKNOWN, buttonState=0, metaState=0, flags=0x80000000, edgeFlags=0x0, pointerCount=1, historySize=0, eventTime=240258, downTime=240257, deviceId=0, source=0x1002 }
D/InputEventConsistencyVerifier(  428):   5: sent at 240119000000, MotionEvent { action=ACTION_DOWN, id[0]=0, x[0]=459.0, y[0]=550.0, toolType[0]=TOOL_TYPE_UNKNOWN, buttonState=0, metaState=0, flags=0x80000000, edgeFlags=0x0, pointerCount=1, historySize=0, eventTime=240119, downTime=240119, deviceId=0, source=0x1002 }
D/PhoneStatusBar(  428): disable: < expand icons alerts ticker* system_info back home recent clock >
V/PhoneStatusBar(  428): setLightsOn(true)
D/InputEventConsistencyVerifier(  428): KeyEvent: ACTION_UP but key was not down.
D/InputEventConsistencyVerifier(  428):   in com.android.systemui.statusbar.phone.StatusBarWindowView@b3e82290
D/InputEventConsistencyVerifier(  428):   0: sent at 241747000000, KeyEvent { action=ACTION_UP, keyCode=KEYCODE_DPAD_LEFT, scanCode=0, metaState=0, flags=0x400, repeatCount=0, eventTime=241747, downTime=241747, deviceId=-1, source=0x101 }
D/InputEventConsistencyVerifier(  428):   -- recent events --
D/InputEventConsistencyVerifier(  428):   1: sent at 241528000000, (unhandled) MotionEvent { action=ACTION_MOVE, id[0]=0, x[0]=-2.0, y[0]=1.0, toolType[0]=TOOL_TYPE_UNKNOWN, buttonState=0, metaState=0, flags=0x0, edgeFlags=0x0, pointerCount=1, historySize=9, eventTime=241528, downTime=-1, deviceId=0, source=0x10004 }
D/InputEventConsistencyVerifier(  428):   2: sent at 241546000000, MotionEvent { action=ACTION_UP, id[0]=0, x[0]=86.0, y[0]=202.0, toolType[0]=TOOL_TYPE_UNKNOWN, buttonState=0, metaState=0, flags=0x0, edgeFlags=0x0, pointerCount=1, historySize=0, eventTime=241546, downTime=241532, deviceId=0, source=0x1002 }
D/InputEventConsistencyVerifier(  428):   3: sent at 241540000000, MotionEvent { action=ACTION_DOWN, id[0]=0, x[0]=87.0, y[0]=201.0, toolType[0]=TOOL_TYPE_UNKNOWN, buttonState=0, metaState=0, flags=0x0, edgeFlags=0x0, pointerCount=1, historySize=0, eventTime=241540, downTime=241532, deviceId=0, source=0x1002 }
D/InputEventConsistencyVerifier(  428):   4: sent at 241489000000, (unhandled) KeyEvent { action=ACTION_UP, keyCode=KEYCODE_DPAD_CENTER, scanCode=0, metaState=0, flags=0x8, repeatCount=0, eventTime=241489, downTime=241489, deviceId=-1, source=0x101 }
D/InputEventConsistencyVerifier(  428):   5: sent at 241437000000, (unhandled) KeyEvent { action=ACTION_DOWN, keyCode=KEYCODE_DPAD_CENTER, scanCode=0, metaState=0, flags=0x8, repeatCount=0, eventTime=241437, downTime=241437, deviceId=-1, source=0x101 }
I/ActivityManager(  230): No longer want com.android.contacts (pid 698): hidden #16
D/InputEventConsistencyVerifier( 1020): KeyEvent: ACTION_UP but key was not down.
D/InputEventConsistencyVerifier( 1020):   in com.android.internal.policy.impl.PhoneWindow$DecorView@b3e7f470
D/InputEventConsistencyVerifier( 1020):   0: sent at 242034000000, KeyEvent { action=ACTION_UP, keyCode=KEYCODE_DPAD_DOWN, scanCode=0, metaState=0, flags=0x8, repeatCount=0, eventTime=242034, downTime=242034, deviceId=-1, source=0x101 }
D/InputEventConsistencyVerifier( 1020):   -- recent events --
D/InputEventConsistencyVerifier( 1020):   1: sent at 241972000000, MotionEvent { action=ACTION_UP, id[0]=0, x[0]=35.0, y[0]=489.0, toolType[0]=TOOL_TYPE_UNKNOWN, buttonState=0, metaState=0, flags=0x0, edgeFlags=0x0, pointerCount=1, historySize=0, eventTime=241972, downTime=241884, deviceId=0, source=0x1002 }
D/InputEventConsistencyVerifier( 1020):   2: sent at 241969000000, MotionEvent { action=ACTION_POINTER_UP(1), id[0]=0, x[0]=49.0, y[0]=484.0, toolType[0]=TOOL_TYPE_UNKNOWN, id[1]=1, x[1]=411.0, y[1]=169.0, toolType[1]=TOOL_TYPE_UNKNOWN, buttonState=0, metaState=0, flags=0x0, edgeFlags=0x0, pointerCount=2, historySize=0, eventTime=241969, downTime=241884, deviceId=0, source=0x1002 }
D/InputEventConsistencyVerifier( 1020):   3: sent at 241967000000, MotionEvent { action=ACTION_MOVE, id[0]=0, x[0]=53.0, y[0]=478.0, toolType[0]=TOOL_TYPE_UNKNOWN, id[1]=1, x[1]=410.0, y[1]=170.0, toolType[1]=TOOL_TYPE_UNKNOWN, buttonState=0, metaState=0, flags=0x0, edgeFlags=0x0, pointerCount=2, historySize=7, eventTime=241967, downTime=241884, deviceId=0, source=0x1002 }
D/InputEventConsistencyVerifier( 1020):   4: sent at 241926000000, MotionEvent { action=ACTION_POINTER_DOWN(1), id[0]=0, x[0]=127.0, y[0]=445.0, toolType[0]=TOOL_TYPE_UNKNOWN, id[1]=1, x[1]=365.0, y[1]=199.0, toolType[1]=TOOL_TYPE_UNKNOWN, buttonState=0, metaState=0, flags=0x0, edgeFlags=0x0, pointerCount=2, historySize=0, eventTime=241926, downTime=241884, deviceId=0, source=0x1002 }
D/InputEventConsistencyVerifier( 1020):   5: sent at 241890000000, MotionEvent { action=ACTION_DOWN, id[0]=0, x[0]=131.0, y[0]=443.0, toolType[0]=TOOL_TYPE_UNKNOWN, buttonState=0, metaState=0, flags=0x0, edgeFlags=0x0, pointerCount=1, historySize=0, eventTime=241890, downTime=241884, deviceId=0, source=0x1002 }
D/InputEventConsistencyVerifier( 1020): KeyEvent: ACTION_UP but key was not down.
D/InputEventConsistencyVerifier( 1020):   in android.widget.Button@b3ec17d8
D/InputEventConsistencyVerifier( 1020):   0: sent at 242252000000, KeyEvent { action=ACTION_UP, keyCode=KEYCODE_DPAD_DOWN, scanCode=0, metaState=0, flags=0x8, repeatCount=0, eventTime=242252, downTime=242252, deviceId=-1, source=0x101 }
D/InputEventConsistencyVerifier( 1020):   -- recent events --
D/InputEventConsistencyVerifier( 1020):   1: sent at 240898000000, (unhandled) KeyEvent { action=ACTION_DOWN, keyCode=KEYCODE_DPAD_UP, scanCode=0, metaState=0, flags=0x8, repeatCount=0, eventTime=240898, downTime=240898, deviceId=-1, source=0x101 }
D/InputEventConsistencyVerifier( 1020):   2: sent at 240768000000, (unhandled) KeyEvent { action=ACTION_UP, keyCode=KEYCODE_DPAD_RIGHT, scanCode=0, metaState=0, flags=0x8, repeatCount=0, eventTime=240768, downTime=240768, deviceId=-1, source=0x101 }
D/InputEventConsistencyVerifier( 1020):   3: sent at 240634000000, (unhandled) KeyEvent { action=ACTION_DOWN, keyCode=KEYCODE_DPAD_RIGHT, scanCode=0, metaState=0, flags=0x8, repeatCount=0, eventTime=240634, downTime=240634, deviceId=-1, source=0x101 }
D/InputEventConsistencyVerifier( 1020):   4: sent at 240579000000, KeyEvent { action=ACTION_UP, keyCode=KEYCODE_DPAD_CENTER, scanCode=0, metaState=0, flags=0x8, repeatCount=0, eventTime=240579, downTime=240579, deviceId=-1, source=0x101 }
D/InputEventConsistencyVerifier( 1020):   5: sent at 240462000000, KeyEvent { action=ACTION_DOWN, keyCode=KEYCODE_DPAD_CENTER, scanCode=0, metaState=0, flags=0x8, repeatCount=0, eventTime=240462, downTime=240462, deviceId=-1, source=0x101 }
D/InputEventConsistencyVerifier( 1020): KeyEvent: ACTION_UP but key was not down.
D/InputEventConsistencyVerifier( 1020):   in android.widget.Button@b3ec30d0
D/InputEventConsistencyVerifier( 1020):   0: sent at 242366000000, KeyEvent { action=ACTION_UP, keyCode=KEYCODE_DPAD_DOWN, scanCode=0, metaState=0, flags=0x8, repeatCount=0, eventTime=242366, downTime=242366, deviceId=-1, source=0x101 }
D/InputEventConsistencyVerifier( 1020):   -- recent events --
D/InputEventConsistencyVerifier( 1020):   1: sent at 236948000000, MotionEvent { action=ACTION_UP, id[0]=0, x[0]=231.0, y[0]=55.0, toolType[0]=TOOL_TYPE_UNKNOWN, buttonState=0, metaState=0, flags=0x0, edgeFlags=0x0, pointerCount=1, historySize=0, eventTime=236948, downTime=236847, deviceId=0, source=0x1002 }
D/InputEventConsistencyVerifier( 1020):   2: sent at 236847000000, MotionEvent { action=ACTION_DOWN, id[0]=0, x[0]=232.0, y[0]=50.0, toolType[0]=TOOL_TYPE_UNKNOWN, buttonState=0, metaState=0, flags=0x0, edgeFlags=0x0, pointerCount=1, historySize=0, eventTime=236847, downTime=236847, deviceId=0, source=0x1002 }
D/InputEventConsistencyVerifier( 1020):   3: sent at 230689000000, (unhandled) KeyEvent { action=ACTION_DOWN, keyCode=KEYCODE_DPAD_UP, scanCode=0, metaState=0, flags=0x8, repeatCount=0, eventTime=230689, downTime=230689, deviceId=-1, source=0x101 }
D/InputEventConsistencyVerifier( 1020):   4: sent at 230502000000, KeyEvent { action=ACTION_UP, keyCode=KEYCODE_DPAD_CENTER, scanCode=0, metaState=0, flags=0x8, repeatCount=0, eventTime=230502, downTime=230502, deviceId=-1, source=0x101 }
D/InputEventConsistencyVerifier( 1020):   5: sent at 230142000000, KeyEvent { action=ACTION_DOWN, keyCode=KEYCODE_DPAD_CENTER, scanCode=0, metaState=0, flags=0x8, repeatCount=0, eventTime=230142, downTime=230142, deviceId=-1, source=0x101 }
D/InputEventConsistencyVerifier(  428): TouchEvent: ACTION_DOWN but pointers are already down.  Probably missing ACTION_UP from previous gesture.
D/InputEventConsistencyVerifier(  428):   in android.view.ScaleGestureDetector@b3f21f18
D/InputEventConsistencyVerifier(  428):   0: sent at 242518000000, MotionEvent { action=ACTION_DOWN, id[0]=0, x[0]=266.0, y[0]=26.0, toolType[0]=TOOL_TYPE_UNKNOWN, buttonState=0, metaState=0, flags=0x0, edgeFlags=0x0, pointerCount=1, historySize=0, eventTime=242518, downTime=242518, deviceId=0, source=0x1002 }
D/InputEventConsistencyVerifier(  428):   -- recent events --
D/InputEventConsistencyVerifier(  428):   1: sent at 241540000000, MotionEvent { action=ACTION_DOWN, id[0]=0, x[0]=87.0, y[0]=201.0, toolType[0]=TOOL_TYPE_UNKNOWN, buttonState=0, metaState=0, flags=0x80000000, edgeFlags=0x0, pointerCount=1, historySize=0, eventTime=241540, downTime=241532, deviceId=0, source=0x1002 }
D/InputEventConsistencyVerifier(  428):   2: sent at 241311000000, MotionEvent { action=ACTION_DOWN, id[0]=0, x[0]=227.0, y[0]=649.0, toolType[0]=TOOL_TYPE_UNKNOWN, buttonState=0, metaState=0, flags=0x0, edgeFlags=0x0, pointerCount=1, historySize=0, eventTime=241311, downTime=241297, deviceId=0, source=0x1002 }
D/InputEventConsistencyVerifier(  428):   3: sent at 240988000000, MotionEvent { action=ACTION_UP, id[0]=0, x[0]=401.0, y[0]=37.0, toolType[0]=TOOL_TYPE_UNKNOWN, buttonState=0, metaState=0, flags=0x0, edgeFlags=0x0, pointerCount=1, historySize=0, eventTime=240988, downTime=240981, deviceId=0, source=0x1002 }
D/InputEventConsistencyVerifier(  428):   4: sent at 240981000000, MotionEvent { action=ACTION_DOWN, id[0]=0, x[0]=396.0, y[0]=22.0, toolType[0]=TOOL_TYPE_UNKNOWN, buttonState=0, metaState=0, flags=0x80000000, edgeFlags=0x0, pointerCount=1, historySize=0, eventTime=240981, downTime=240981, deviceId=0, source=0x1002 }
D/InputEventConsistencyVerifier(  428):   5: sent at 240258000000, MotionEvent { action=ACTION_DOWN, id[0]=0, x[0]=188.0, y[0]=386.0, toolType[0]=TOOL_TYPE_UNKNOWN, buttonState=0, metaState=0, flags=0x80000000, edgeFlags=0x0, pointerCount=1, historySize=0, eventTime=240258, downTime=240257, deviceId=0, source=0x1002 }
W/dalvikvm(  428): DroidBox: { "FdAccess": { "path": "2f70726f632f6d656d696e666f", "id": "610202647" } }
W/DroidBox(  428): DroidBox: { "FileRW": { "operation": "read", "data": "4d656d546f74616c3a202020202020202020373438393634206b420a4d656d467265653a20202020202020202020343538333132206b420a427566666572733a20202020202020202020202035353038206b420a4361636865643a202020202020202020", "id": "610202647" } }
W/DroidBox( 1085): DroidBox: { "ServiceStart": { "name": "com.android.music.MediaPlaybackService" } }
W/DroidBox( 1085): DroidBox: { "ServiceStart": { "name": "com.android.music.MediaPlaybackService" } }
D/InputEventConsistencyVerifier(  428): KeyEvent: ACTION_UP but key was not down.
D/InputEventConsistencyVerifier(  428):   in com.android.systemui.statusbar.phone.StatusBarWindowView@b3e82290
D/InputEventConsistencyVerifier(  428):   0: sent at 2