D/InputEventConsistencyVerifier(  973):   3: sent at 317217000000, MotionEvent { action=ACTION_DOWN, id[0]=0, x[0]=331.0, y[0]=324.0, toolType[0]=TOOL_TYPE_UNKNOWN, buttonState=0, metaState=0, flags=0x0, edgeFlags=0x0, pointerCount=1, historySize=0, eventTime=317217, downTime=317215, deviceId=0, source=0x1002 }
D/InputEventConsistencyVerifier(  973):   4: sent at 317102000000, KeyEvent { action=ACTION_UP, keyCode=KEYCODE_MENU, scanCode=0, metaState=0, flags=0x8, repeatCount=0, eventTime=317102, downTime=317102, deviceId=-1, source=0x101 }
D/InputEventConsistencyVerifier(  973):   5: sent at 317023000000, KeyEvent { action=ACTION_DOWN, keyCode=KEYCODE_MENU, scanCode=0, metaState=0, flags=0x8, repeatCount=0, eventTime=317023, downTime=317023, deviceId=-1, source=0x101 }
I/Choreographer(  973): Skipped 66 frames!  The application may be doing too much work on its main thread.
W/InputMethodManagerService(  230): Window already focused, ignoring focus gain of: com.android.internal.view.IInputMethodClient$Stub$Proxy@b3e779e0 attribute=null
I/Choreographer(  491): Skipped 56 frames!  The application may be doing too much work on its main thread.
D/InputEventConsistencyVerifier(  973): TrackballEvent: Trackball is down but pressure is not greater than 0.
D/InputEventConsistencyVerifier(  973):   in android.view.ViewRootImpl@b444cc58
D/InputEventConsistencyVerifier(  973):   0: sent at 319311000000, MotionEvent { action=ACTION_DOWN, id[0]=0, x[0]=0.0, y[0]=0.0, toolType[0]=TOOL_TYPE_UNKNOWN, buttonState=0, metaState=0, flags=0x0, edgeFlags=0x0, pointerCount=1, historySize=0, eventTime=319311, downTime=319204, deviceId=0, source=0x10004 }
D/InputEventConsistencyVerifier(  973):   -- recent events --
D/InputEventConsistencyVerifier(  973):   1: sent at 319347000000, KeyEvent { action=ACTION_UP, keyCode=KEYCODE_DPAD_UP, scanCode=0, metaState=0, flags=0x400, repeatCount=0, eventTime=319347, downTime=319347, deviceId=-1, source=0x101 }
D/InputEventConsistencyVerifier(  973):   2: sent at 319347000000, KeyEvent { action=ACTION_DOWN, keyCode=KEYCODE_DPAD_UP, scanCode=0, metaState=0, flags=0x400, repeatCount=0, eventTime=319347, downTime=319347, deviceId=-1, source=0x101 }
D/InputEventConsistencyVerifier(  973):   3: sent at 319346000000, KeyEvent { action=ACTION_UP, keyCode=KEYCODE_DPAD_UP, scanCode=0, metaState=0, flags=0x400, repeatCount=0, eventTime=319346, downTime=319346, deviceId=-1, source=0x101 }
D/InputEventConsistencyVerifier(  973):   4: sent at 319346000000, KeyEvent { action=ACTION_DOWN, keyCode=KEYCODE_DPAD_UP, scanCode=0, metaState=0, flags=0x400, repeatCount=0, eventTime=319346, downTime=319346, deviceId=-1, source=0x101 }
D/InputEventConsistencyVerifier(  973):   5: sent at 319344000000, KeyEvent { action=ACTION_UP, keyCode=KEYCODE_DPAD_UP, scanCode=0, metaState=0, flags=0x400, repeatCount=0, eventTime=319344, downTime=319344, deviceId=-1, source=0x101 }
I/Choreographer(  973): Skipped 45 frames!  The application may be doing too much work on its main thread.
I/Choreographer(  973): Skipped 33 frames!  The application may be doing too much work on its main thread.
I/ActivityManager(  230): START {act=android.intent.action.MAIN cat=[android.intent.category.LAUNCHER] flg=0x10000000 cmp=com.android.contacts/.activities.PeopleActivity sel={act=android.intent.action.MAIN cat=[android.intent.category.APP_CONTACTS]} u=0} from pid 230
W/dalvikvm(  435): DroidBox: { "FdAccess": { "path": "2f70726f632f6d656d696e666f", "id": "2117236492" } }
W/DroidBox(  435): DroidBox: { "FileRW": { "operation": "read", "data": "4d656d546f74616c3a202020202020202020373438393634206b420a4d656d467265653a20202020202020202020343232383336206b420a427566666572733a20202020202020202020202036303332206b420a4361636865643a202020202020202020", "id": "2117236492" } }
W/dalvikvm(  435): DroidBox: { "FdAccess": { "path": "2f70726f632f6d656d696e666f", "id": "1766886652" } }
W/DroidBox(  435): DroidBox: { "FileRW": { "operation": "read", "data": "4d656d546f74616c3a202020202020202020373438393634206b420a4d656d467265653a20202020202020202020343232383336206b420a427566666572733a20202020202020202020202036303332206b420a4361636865643a202020202020202020", "id": "1766886652" } }
D/InputEventConsistencyVerifier(  973): KeyEvent: ACTION_UP but key was not down.
D/InputEventConsistencyVerifier(  973):   in android.view.ViewRootImpl@b444cc58
D/InputEventConsistencyVerifier(  973):   0: sent at 320158000000, KeyEvent { action=ACTION_UP, keyCode=KEYCODE_CONTACTS, scanCode=0, metaState=0, flags=0x8, repeatCount=0, eventTime=320158, downTime=320158, deviceId=-1, source=0x101 }
D/InputEventConsistencyVerifier(  973):   -- recent events --
D/InputEventConsistencyVerifier(  973):   1: sent at 320103000000, KeyEvent { action=ACTION_UP, keyCode=KEYCODE_DPAD_DOWN, scanCode=0, metaState=0, flags=0x400, repeatCount=0, eventTime=320103, downTime=320103, deviceId=-1, source=0x101 }
D/InputEventConsistencyVerifier(  973):   2: sent at 320103000000, KeyEvent { action=ACTION_DOWN, keyCode=KEYCODE_DPAD_DOWN, scanCode=0, metaState=0, flags=0x400, repeatCount=0, eventTime=320103, downTime=320103, deviceId=-1, source=0x101 }
D/InputEventConsistencyVerifier(  973):   3: sent at 320096000000, KeyEvent { action=ACTION_UP, keyCode=KEYCODE_DPAD_DOWN, scanCode=0, metaState=0, flags=0x400, repeatCount=0, eventTime=320096, downTime=320096, deviceId=-1, source=0x101 }
D/InputEventConsistencyVerifier(  973):   4: sent at 320096000000, KeyEvent { action=ACTION_DOWN, keyCode=KEYCODE_DPAD_DOWN, scanCode=0, metaState=0, flags=0x400, repeatCount=0, eventTime=320096, downTime=320096, deviceId=-1, source=0x101 }
D/InputEventConsistencyVerifier(  973):   5: sent at 320017000000, MotionEvent { action=ACTION_MOVE, id[0]=0, x[0]=2.0, y[0]=2.0, toolType[0]=TOOL_TYPE_UNKNOWN, buttonState=0, metaState=0, flags=0x0, edgeFlags=0x0, pointerCount=1, historySize=9, eventTime=320017, downTime=-1, deviceId=0, source=0x10004 }
W/dalvikvm(  435): DroidBox: { "FdAccess": { "path": "2f70726f632f6d656d696e666f", "id": "308382574" } }
W/DroidBox(  435): DroidBox: { "FileRW": { "operation": "read", "data": "4d656d546f74616c3a202020202020202020373438393634206b420a4d656d467265653a20202020202020202020343231333438206b420a427566666572733a20202020202020202020202036303332206b420a4361636865643a202020202020202020", "id": "308382574" } }
I/Choreographer(  435): Skipped 79 frames!  The application may be doing too much work on its main thread.
W/dalvikvm(  435): DroidBox: { "FdAccess": { "path": "2f70726f632f6d656d696e666f", "id": "352905603" } }
W/DroidBox(  435): DroidBox: { "FileRW": { "operation": "read", "data": "4d656d546f74616c3a202020202020202020373438393634206b420a4d656d467265653a20202020202020202020343231333438206b420a427566666572733a20202020202020202020202036303332206b420a4361636865643a202020202020202020", "id": "352905603" } }
I/Choreographer(  973): Skipped 37 frames!  The application may be doing too much work on its main thread.
I/Choreographer(  435): Skipped 44 frames!  The application may be doing too much work on its main thread.
W/dalvikvm(  435): DroidBox: { "FdAccess": { "path": "2f70726f632f6d656d696e666f", "id": "1064072129" } }
D/PhoneStatusBar(  435): disable: < expand icons alerts TICKER* system_info back home recent clock >
I/Choreographer(  491): Skipped 443 frames!  The application may be doing too much work on its main thread.
W/DroidBox(  435): DroidBox: { "FileRW": { "operation": "read", "data": "4d656d546f74616c3a202020202020202020373438393634206b420a4d656d467265653a20202020202020202020343139383630206b420a427566666572733a20202020202020202020202036303332206b420a4361636865643a202020202020202020", "id": "1064072129" } }
I/Choreographer(  491): Skipped 55 frames!  The application may be doing too much work on its main thread.
I/Choreographer(  435): Skipped 83 frames!  The application may be doing too much work on its main thread.
W/dalvikvm(  435): DroidBox: { "FdAccess": { "path": "2f70726f632f6d656d696e666f", "id": "799871695" } }
W/DroidBox(  435): DroidBox: { "FileRW": { "operation": "read", "data": "4d656d546f74616c3a202020202020202020373438393634206b420a4d656d467265653a20202020202020202020343138333732206b420a427566666572733a20202020202020202020202036303332206b420a4361636865643a202020202020202020", "id": "799871695" } }
I/Choreographer(  435): Skipped 64 frames!  The application may be doing too much work on its main thread.
D/InputEventConsistencyVerifier(  435): KeyEvent: ACTION_UP but key was not down.
D/InputEventConsistencyVerifier(  435):   in com.android.systemui.statusbar.phone.StatusBarWindowView@b3e09338
D/InputEventConsistencyVerifier(  435):   0: sent at 321472000000, KeyEvent { action=ACTION_UP, keyCode=KEYCODE_DPAD_RIGHT, scanCode=0, metaState=0, flags=0x400, repeatCount=0, eventTime=321472, downTime=321472, deviceId=-1, source=0x101 }
D/InputEventConsistencyVerifier(  435):   -- recent events --
D/InputEventConsistencyVerifier(  435):   1: sent at 321450000000, (unhandled) MotionEvent { action=ACTION_MOVE, id[0]=0, x[0]=4.0, y[0]=2.0, toolType[0]=TOOL_TYPE_UNKNOWN, buttonState=0, metaState=0, flags=0x0, edgeFlags=0x0, pointerCount=1, historySize=9, eventTime=321450, downTime=-1, deviceId=0, source=0x10004 }
D/InputEventConsistencyVerifier(  435):   2: sent at 321274000000, MotionEvent { action=ACTION_UP, id[0]=0, x[0]=416.0, y[0]=572.0, toolType[0]=TOOL_TYPE_UNKNOWN, buttonState=0, metaState=0, flags=0x0, edgeFlags=0x0, pointerCount=1, historySize=0, eventTime=321274, downTime=321242, deviceId=0, source=0x1002 }
D/InputEventConsistencyVerifier(  435):   3: sent at 321242000000, MotionEvent { action=ACTION_DOWN, id[0]=0, x[0]=416.0, y[0]=572.0, toolType[0]=TOOL_TYPE_UNKNOWN, buttonState=0, metaState=0, flags=0x0, edgeFlags=0x0, pointerCount=1, historySize=0, eventTime=321242, downTime=321242, deviceId=0, source=0x1002 }
D/InputEventConsistencyVerifier(  435):   4: sent at 321215000000, (unhandled) KeyEvent { action=ACTION_UP, keyCode=KEYCODE_DPAD_CENTER, scanCode=0, metaState=0, flags=0x8, repeatCount=0, eventTime=321215, downTime=321215, deviceId=-1, source=0x101 }
D/InputEventConsistencyVerifier(  435):   5: sent at 320847000000, (unhandled) KeyEvent { action=ACTION_DOWN, keyCode=KEYCODE_DPAD_CENTER, scanCode=0, metaState=0, flags=0x8, repeatCount=0, eventTime=320847, downTime=320847, deviceId=-1, source=0x101 }
D/InputEventConsistencyVerifier(  435): KeyEvent: ACTION_UP but key was not down.
D/InputEventConsistencyVerifier(  435):   in android.widget.FrameLayout@b3e28e88
D/InputEventConsistencyVerifier(  435):   0: sent at 321603000000, KeyEvent { action=ACTION_UP, keyCode=KEYCODE_DPAD_DOWN, scanCode=0, metaState=0, flags=0x8, repeatCount=0, eventTime=321603, downTime=321603, deviceId=-1, source=0x101 }
D/InputEventConsistencyVerifier(  435):   -- recent events --
D/InputEventConsistencyVerifier(  435):   1: sent at 321274000000, MotionEvent { action=ACTION_UP, id[0]=0, x[0]=416.0, y[0]=572.0, toolType[0]=TOOL_TYPE_UNKNOWN, buttonState=0, metaState=0, flags=0x0, edgeFlags=0x0, pointerCount=1, historySize=0, eventTime=321274, downTime=321242, deviceId=0, source=0x1002 }
D/InputEventConsistencyVerifier(  435):   2: sent at 321242000000, MotionEvent { action=ACTION_DOWN, id[0]=0, x[0]=416.0, y[0]=572.0, toolType[0]=TOOL_TYPE_UNKNOWN, buttonState=0, metaState=0, flags=0x0, edgeFlags=0x0, pointerCount=1, historySize=0, eventTime=321242, downTime=321242, deviceId=0, source=0x1002 }
D/InputEventConsistencyVerifier(  435):   3: sent at 298709000000, MotionEvent { action=ACTION_UP, id[0]=0, x[0]=47.0, y[0]=68.0, toolType[0]=TOOL_TYPE_UNKNOWN, buttonState=0, metaState=0, flags=0x0, edgeFlags=0x0, pointerCount=1, historySize=0, eventTime=298709, downTime=298702, deviceId=0, source=0x1002 }
D/InputEventConsistencyVerifier(  435):   4: sent at 298703000000, MotionEvent { action=ACTION_DOWN, id[0]=0, x[0]=66.0, y[0]=52.0, toolType[0]=TOOL_TYPE_UNKNOWN, buttonState=0, metaState=0, flags=0x80000000, edgeFlags=0x0, pointerCount=1, historySize=0, eventTime=298703, downTime=298702, deviceId=0, source=0x1002 }
D/InputEventConsistencyVerifier(  435):   5: sent at 298655000000, (unhandled) KeyEvent { action=ACTION_UP, keyCode=KEYCODE_DPAD_DOWN, scanCode=0, metaState=0, flags=0x80000008, repeatCount=0, eventTime=298655, downTime=298655, deviceId=-1, source=0x101 }
I/Choreographer(  435): Skipped 36 frames!  The application may be doing too much work on its main thread.
D/InputEventConsistencyVerifier(  435): KeyEvent: ACTION_UP but key was not down.
D/InputEventConsistencyVerifier(  435):   in com.android.systemui.statusbar.phone.StatusBarWindowView@b3e09338
D/InputEventConsistencyVerifier(  435):   0: sent at 321898000000, KeyEvent { action=ACTION_UP, keyCode=KEYCODE_DPAD_UP, scanCode=0, metaState=0, flags=0x400, repeatCount=0, eventTime=321898, downTime=321898, deviceId=-1, source=0x101 }
D/InputEventConsistencyVerifier(  435):   -- recent events --
D/InputEventConsistencyVerifier(  435):   1: sent at 321891000000, (unhandled) MotionEvent { action=ACTION_MOVE, id[0]=0, x[0]=-1.0, y[0]=-4.0, toolType[0]=TOOL_TYPE_UNKNOWN, buttonState=0, metaState=0, flags=0x0, edgeFlags=0x0, pointerCount=1, historySize=7, eventTime=321891, downTime=-1, deviceId=0, source=0x10004 }
D/InputEventConsistencyVerifier(  435):   2: sent at 321751000000, MotionEvent { action=ACTION_UP, id[0]=0, x[0]=78.0, y[0]=4.0, toolType[0]=TOOL_TYPE_UNKNOWN, buttonState=0, metaState=0, flags=0x0, edgeFlags=0x0, pointerCount=1, historySize=0, eventTime=321751, downTime=321744, deviceId=0, source=0x1002 }
D/InputEventConsistencyVerifier(  435):   3: sent at 321744000000, MotionEvent { action=ACTION_DOWN, id[0]=0, x[0]=78.0, y[0]=8.0, toolType[0]=TOOL_TYPE_UNKNOWN, buttonState=0, metaState=0, flags=0x0, edgeFlags=0x0, pointerCount=1, historySize=0, eventTime=321744, downTime=321744, deviceId=0, source=0x1002 }
D/InputEventConsistencyVerifier(  435):   4: sent at 321691000000, (unhandled) KeyEvent { action=ACTION_UP, keyCode=KEYCODE_DPAD_DOWN, scanCode=0, metaState=0, flags=0x8, repeatCount=0, eventTime=321691, downTime=321691, deviceId=-1, source=0x101 }
D/InputEventConsistencyVerifier(  435):   5: sent at 321652000000, (unhandled) KeyEvent { action=ACTION_DOWN, keyCode=KEYCODE_DPAD_DOWN, scanCode=0, metaState=0, flags=0x8, repeatCount=0, eventTime=321652, downTime=321652, deviceId=-1, source=0x101 }
D/InputEventConsistencyVerifier(  435): TrackballEvent: Trackball is down but pressure is not greater than 0.
D/InputEventConsistencyVerifier(  435):   in android.view.ViewRootImpl@b3e9ad58
D/InputEventConsistencyVerifier(  435):   0: sent at 321912000000, MotionEvent { action=ACTION_DOWN, id[0]=0, x[0]=0.0, y[0]=0.0, toolType[0]=TOOL_TYPE_UNKNOWN, buttonState=0, metaState=0, flags=0x0, edgeFlags=0x0, pointerCount=1, historySize=0, eventTime=321912, downTime=321775, deviceId=0, source=0x10004 }
D/InputEventConsistencyVerifier(  435):   -- recent events --
D/InputEventConsistencyVerifier(  435):   1: sent at 321924000000, KeyEvent { action=ACTION_UP, keyCode=KEYCODE_DPAD_RIGHT, scanCode=0, metaState=0, flags=0x400, repeatCount=0, eventTime=321924, downTime=321924, deviceId=-1, source=0x101 }
D/InputEventConsistencyVerifier(  435):   2: sent at 321924000000, KeyEvent { action=ACTION_DOWN, keyCode=KEYCODE_DPAD_RIGHT, scanCode=0, metaState=0, flags=0x400, repeatCount=0, eventTime=321924, downTime=321924, deviceId=-1, source=0x101 }
D/InputEventConsistencyVerifier(  435):   3: sent at 321924000000, KeyEvent { action=ACTION_UP, keyCode=KEYCODE_DPAD_RIGHT, scanCode=0, metaState=0, flags=0x400, repeatCount=0, eventTime=321924, downTime=321924, deviceId=-1, source=0x101 }
D/InputEventConsistencyVerifier(  435):   4: sent at 321924000000, KeyEvent { action=ACTION_DOWN, keyCode=KEYCODE_DPAD_RIGHT, scanCode=0, metaState=0, flags=0x400, repeatCount=0, eventTime=321924, downTime=321924, deviceId=-1, source=0x101 }
D/InputEventConsistencyVerifier(  435):   5: sent at 321924000000, KeyEvent { action=ACTION_UP, keyCode=KEYCODE_DPAD_RIGHT, scanCode=0, metaState=0, flags=0x400, repeatCount=0, eventTime=321924, downTime=321924, deviceId=-1, source=0x101 }
D/InputEventConsistencyVerifier(  435): KeyEvent: ACTION_UP but key was not down.
D/InputEventConsistencyVerifier(  435):   in android.widget.FrameLayout@b3e28e88
D/InputEventConsistencyVerifier(  435):   0: sent at 322073000000, KeyEvent { action=ACTION_UP, keyCode=KEYCODE_DPAD_DOWN, scanCode=0, metaState=0, flags=0x400, repeatCount=0, eventTime=322073, downTime=322073, deviceId=-1, source=0x101 }
D/InputEventConsistencyVerifier(  435):   -- recent events --
D/InputEventConsistencyVerifier(  435):   1: sent at 321751000000, MotionEvent { action=ACTION_UP, id[0]=0, x[0]=78.0, y[0]=4.0, toolType[0]=TOOL_TYPE_UNKNOWN, buttonState=0, metaState=0, flags=0x0, edgeFlags=0x0, pointerCount=1, historySize=0, eventTime=321751, downTime=321744, deviceId=0, source=0x1002 }
D/InputEventConsistencyVerifier(  435):   2: sent at 321744000000, MotionEvent { action=ACTION_DOWN, id[0]=0, x[0]=78.0, y[0]=8.0, toolType[0]=TOOL_TYPE_UNKNOWN, buttonState=0, metaState=0, flags=0x0, edgeFlags=0x0, pointerCount=1, historySize=0, eventTime=321744, downTime=321744, deviceId=0, source=0x1002 }
D/InputEventConsistencyVerifier(  435):   3: sent at 321691000000, (unhandled) KeyEvent { action=ACTION_UP, keyCode=KEYCODE_DPAD_DOWN, scanCode=0, metaState=0, flags=0x8, repeatCount=0, eventTime=321691, downTime=321691, deviceId=-1, source=0x101 }
D/InputEventConsistencyVerifier(  435):   4: sent at 321652000000, (unhandled) KeyEvent { action=ACTION_DOWN, keyCode=KEYCODE_DPAD_DOWN, scanCode=0, metaState=0, flags=0x8, repeatCount=0, eventTime=321652, downTime=321652, deviceId=-1, source=0x101 }
D/InputEventConsistencyVerifier(  435):   5: sent at 321603000000, (unhandled) KeyEvent { action=ACTION_UP, keyCode=KEYCODE_DPAD_DOWN, scanCode=0, metaState=0, flags=0x80000008, repeatCount=0, eventTime=321603, downTime=321603, deviceId=-1, source=0x101 }
D/InputEventConsistencyVerifier(  435): KeyEvent: ACTION_UP but key was not down.
D/InputEventConsistencyVerifier(  435):   in com.android.systemui.statusbar.phone.PhoneStatusBarView@b3e0b2d0
D/InputEventConsistencyVerifier(  435):   0: sent at 322302000000, KeyEvent { action=ACTION_UP, keyCode=KEYCODE_DPAD_UP, scanCode=0, metaState=0, flags=0x400, repeatCount=0, eventTime=322302, downTime=322302, deviceId=-1, source=0x101 }
D/InputEventConsistencyVerifier(  435):   -- recent events --
D/InputEventConsistencyVerifier(  435):   1: sent at 322073000000, (unhandled) KeyEvent { action=ACTION_DOWN, keyCode=KEYCODE_DPAD_DOWN, scanCode=0, metaState=0, flags=0x400, repeatCount=0, eventTime=322073, downTime=322073, deviceId=-1, source=0x101 }
D/InputEventConsistencyVerifier(  435):   2: sent at 322050000000, (unhandled) MotionEvent { action=ACTION_MOVE, id[0]=0, x[0]=-2.0, y[0]=4.0, toolType[0]=TOOL_TYPE_UNKNOWN, buttonState=0, metaState=0, flags=0x0, edgeFlags=0x0, pointerCount=1, historySize=0, eventTime=322050, downTime=-1, deviceId=0, source=0x10004 }
D/InputEventConsistencyVerifier(  435):   3: sent at 322056000000, (unhandled) KeyEvent { action=ACTION_UP, keyCode=KEYCODE_DPAD_UP, scanCode=0, metaState=0, flags=0x400, repeatCount=0, eventTime=322056, downTime=322056, deviceId=-1, source=0x101 }
D/InputEventConsistencyVerifier(  435):   4: sent at 322056000000, (unhandled) KeyEvent { action=ACTION_DOWN, keyCode=KEYCODE_DPAD_UP, scanCode=0, metaState=0, flags=0x400, repeatCount=0, eventTime=322056, downTime=322056, deviceId=-1, source=0x101 }
D/InputEventConsistencyVerifier(  435):   5: sent at 322056000000, (unhandled) KeyEvent { action=ACTION_UP, keyCode=KEYCODE_DPAD_UP, scanCode=0, metaState=0, flags=0x400, repeatCount=0, eventTime=322056, downTime=322056, deviceId=-1, source=0x101 }
D/InputEventConsistencyVerifier(  435): KeyEvent: ACTION_UP but key was not down.
D/InputEventConsistencyVerifier(  435):   in android.widget.FrameLayout@b3e28e88
D/InputEventConsistencyVerifier(  435):   0: sent at 322428000000, KeyEvent { action=ACTION_UP, keyCode=KEYCODE_DPAD_DOWN, scanCode=0, metaState=0, flags=0x8, repeatCount=0, eventTime=322428, downTime=322428, deviceId=-1, source=0x101 }
D/InputEventConsistencyVerifier(  435):   -- recent events --
D/InputEventConsistencyVerifier(  435):   1: sent at 322302000000, (unhandled) KeyEvent { action=ACTION_DOWN, keyCode=KEYCODE_DPAD_UP, scanCode=0, metaState=0, flags=0x400, repeatCount=0, eventTime=322302, downTime=322302, deviceId=-1, source=0x101 }
D/InputEventConsistencyVerifier(  435):   2: sent at 322290000000, (unhandled) MotionEvent { action=ACTION_MOVE, id[0]=0, x[0]=-2.0, y[0]=-2.0, toolType[0]=TOOL_TYPE_UNKNOWN, buttonState=0, metaState=0, flags=0x0, edgeFlags=0x0, pointerCount=1, historySize=0, eventTime=322290, downTime=-1, deviceId=0, source=0x10004 }
D/InputEventConsistencyVerifier(  435):   3: sent at 322281000000, (unhandled) KeyEvent { action=ACTION_UP, keyCode=KEYCODE_DPAD_RIGHT, scanCode=0, metaState=0, flags=0x400, repeatCount=0, eventTime=322281, downTime=322281, deviceId=-1, source=0x101 }
D/InputEventConsistencyVerifier(  435):   4: sent at 322281000000, (unhandled) KeyEvent { action=ACTION_DOWN, keyCode=KEYCODE_DPAD_RIGHT, scanCode=0, metaState=0, flags=0x400, repeatCount=0, eventTime=322281, downTime=322281, deviceId=-1, source=0x101 }
D/InputEventConsistencyVerifier(  435):   5: sent at 322281000000, (unhandled) KeyEvent { action=ACTION_UP, keyCode=KEYCODE_DPAD_RIGHT, scanCode=0, metaState=0, flags=0x400, repeatCount=0, eventTime=322281, downTime=322281, deviceId=-1, source=0x101 }
D/InputEventConsistencyVerifier(  435): KeyEvent: ACTION_UP but key was not down.
D/InputEventConsistencyVerifier(  435):   in com.android.systemui.statusbar.phone.StatusBarWindowView@b3e09338
D/InputEventConsistencyVerifier(  435):   0: sent at 322611000000, KeyEvent { action=ACTION_UP, keyCode=KEYCODE_DPAD_DOWN, scanCode=0, metaState=0, flags=0x8, repeatCount=0, eventTime=322611, downTime=322611, deviceId=-1, source=0x101 }
D/InputEventConsistencyVerifier(  435):   -- recent events --
D/InputEventConsistencyVerifier(  435):   1: sent at 322595000000, MotionEvent { action=ACTION_UP, id[0]=0, x[0]=411.0, y[0]=286.0, toolType[0]=TOOL_TYPE_UNKNOWN, buttonState=0, metaState=0, flags=0x0, edgeFlags=0x0, pointerCount=1, historySize=0, eventTime=322595, downTime=322513, deviceId=0, source=0x1002 }
D/InputEventConsistencyVerifier(  435):   2: sent at 322593000000, MotionEvent { action=ACTION_MOVE, id[0]=0, x[0]=410.0, y[0]=288.0, toolType[0]=TOOL_TYPE_UNKNOWN, buttonState=0, metaState=0, flags=0x0, edgeFlags=0x0, pointerCount=1, historySize=6, eventTime=322593, downTime=322513, deviceId=0, source=0x1002 }
D/InputEventConsistencyVerifier(  435):   3: sent at 322516000000, MotionEvent { action=ACTION_DOWN, id[0]=0, x[0]=342.0, y[0]=301.0, toolType[0]=TOOL_TYPE_UNKNOWN, buttonState=0, metaState=0, flags=0x0, edgeFlags=0x0, pointerCount=1, historySize=0, eventTime=322516, downTime=322513, deviceId=0, source=0x1002 }
D/InputEventConsistencyVerifier(  435):   4: sent at 322499000000, MotionEvent { action=ACTION_UP, id[0]=0, x[0]=106.0, y[0]=294.0, toolType[0]=TOOL_TYPE_UNKNOWN, buttonState=0, metaState=0, flags=0x0, edgeFlags=0x0, pointerCount=1, historySize=0, eventTime=322499, downTime=322492, deviceId=0, source=0x1002 }
D/InputEventConsistencyVerifier(  435):   5: sent at 322493000000, MotionEvent { action=ACTION_DOWN, id[0]=0, x[0]=103.0, y[0]=280.0, toolType[0]=TOOL_TYPE_UNKNOWN, buttonState=0, metaState=0, flags=0x0, edgeFlags=0x0, pointerCount=1, historySize=0, eventTime=322493, downTime=322492, deviceId=0, source=0x1002 }
I/Choreographer(  435): Skipped 56 frames!  The application may be doing too much work on its main thread.
D/InputEventConsistencyVerifier(  435): TouchEvent: ACTION_DOWN but pointers are already down.  Probably missing ACTION_UP from previous gesture.
D/InputEventConsistencyVerifier(  435):   in android.view.ScaleGestureDetector@b3ea9a38
D/InputEventConsistencyVerifier(  435):   0: sent at 322648000000, MotionEvent { action=ACTION_DOWN, id[0]=0, x[0]=299.0, y[0]=348.0, toolType[0]=TOOL_TYPE_UNKNOWN, buttonState=0, metaState=0, flags=0x0, edgeFlags=0x0, pointerCount=1, historySize=0, eventTime=322648, downTime=322647, deviceId=0, source=0x1002 }
D/InputEventConsistencyVerifier(  435):   -- recent events --
D/InputEventConsistencyVerifier(  435):   1: sent at 322593000000, MotionEvent { action=ACTION_MOVE, id[0]=0, x[0]=410.0, y[0]=288.0, toolType[0]=TOOL_TYPE_UNKNOWN, buttonState=0, metaState=0, flags=0x0, edgeFlags=0x0, pointerCount=1, historySize=6, eventTime=322593, downTime=322513, deviceId=0, source=0x1002 }
D/InputEventConsistencyVerifier(  435):   2: sent at 322516000000, MotionEvent { action=ACTION_DOWN, id[0]=0, x[0]=342.0, y[0]=301.0, toolType[0]=TOOL_TYPE_UNKNOWN, buttonState=0, metaState=0, flags=0x0, edgeFlags=0x0, pointerCount=1, historySize=0, eventTime=322516, downTime=322513, deviceId=0, source=0x1002 }
D/InputEventConsistencyVerifier(  435):   3: sent at 322499000000, MotionEvent { action=ACTION_UP, id[0]=0, x[0]=106.0, y[0]=294.0, toolType[0]=TOOL_TYPE_UNKNOWN, buttonState=0, metaState=0, flags=0x0, edgeFlags=0x0, pointerCount=1, historySize=0, eventTime=322499, downTime=322492, deviceId=0, source=0x1002 }
D/InputEventConsistencyVerifier(  435):   4: sent at 322493000000, MotionEvent { action=ACTION_DOWN, id[0]=0, x[0]=103.0, y[0]=280.0, toolType[0]=TOOL_TYPE_UNKNOWN, buttonState=0, metaState=0, flags=0x0, edgeFlags=0x0, pointerCount=1, historySize=0, eventTime=322493, downTime=322492, deviceId=0, source=0x1002 }
D/InputEventConsistencyVerifier(  435):   5: sent at 322477000000, MotionEvent { action=ACTION_UP, id[0]=0, x[0]=387.0, y[0]=435.0, toolType[0]=TOOL_TYPE_UNKNOWN, buttonState=0, metaState=0, flags=0x0, edgeFlags=0x0, pointerCount=1, historySize=0, eventTime=322477, downTime=322451, deviceId=0, source=0x1002 }
D/InputEventConsistencyVerifier(  435): TouchEvent: ACTION_DOWN but pointers are already down.  Probably missing ACTION_UP from previous gesture.
D/InputEventConsistencyVerifier(  435):   in android.view.ScaleGestureDetector@b3ea9a38
D/InputEventConsistencyVerifier(  435):   0: sent at 322796000000, MotionEvent { action=ACTION_DOWN, id[0]=0, x[0]=439.0, y[0]=575.0, toolType[0]=TOOL_TYPE_UNKNOWN, buttonState=0, metaState=0, flags=0x0, edgeFlags=0x0, pointerCount=1, historySize=0, eventTime=322796, downTime=322793, deviceId=0, source=0x1002 }
D/InputEventConsistencyVerifier(  435):   -- recent events --
D/InputEventConsistencyVerifier(  435):   1: sent at 322698000000, MotionEvent { action=ACTION_MOVE, id[0]=0, x[0]=120.0, y[0]=584.0, toolType[0]=TOOL_TYPE_UNKNOWN, buttonState=0, metaState=0, flags=0x0, edgeFlags=0x0, pointerCount=1, historySize=3, eventTime=322698, downTime=322674, deviceId=0, source=0x1002 }
D/InputEventConsistencyVerifier(  435):   2: sent at 322676000000, MotionEvent { action=ACTION_DOWN, id[0]=0, x[0]=106.0, y[0]=567.0, toolType[0]=TOOL_TYPE_UNKNOWN, buttonState=0, metaState=0, flags=0x0, edgeFlags=0x0, pointerCount=1, historySize=0, eventTime=322676, downTime=322674, deviceId=0, source=0x1002 }
D/InputEventConsistencyVerifier(  435):   3: sent at 322666000000, MotionEvent { action=ACTION_UP, id[0]=0, x[0]=312.0, y[0]=341.0, toolType[0]=TOOL_TYPE_UNKNOWN, buttonState=0, metaState=0, flags=0x0, edgeFlags=0x0, pointerCount=1, historySize=0, eventTime=322666, downTime=322647, deviceId=0, source=0x1002 }
D/InputEventConsistencyVerifier(  435):   4: sent at 322648000000, MotionEvent { action=ACTION_DOWN, id[0]=0, x[0]=299.0, y[0]=348.0, toolType[0]=TOOL_TYPE_UNKNOWN, buttonState=0, metaState=0, flags=0x80000000, edgeFlags=0x0, pointerCount=1, historySize=0, eventTime=322648, downTime=322647, deviceId=0, source=0x1002 }
D/InputEventConsistencyVerifier(  435):   5: sent at 322593000000, MotionEvent { action=ACTION_MOVE, id[0]=0, x[0]=410.0, y[0]=288.0, toolType[0]=TOOL_TYPE_UNKNOWN, buttonState=0, metaState=0, flags=0x0, edgeFlags=0x0, pointerCount=1, historySize=6, eventTime=322593, downTime=322513, deviceId=0, source=0x1002 }
D/InputEventConsistencyVerifier(  435): KeyEvent: ACTION_UP but key was not down.
D/InputEventConsistencyVerifier(  435):   in com.android.systemui.statusbar.phone.StatusBarWindowView@b3e09338
D/InputEventConsistencyVerifier(  435):   0: sent at 322947000000, KeyEvent { action=ACTION_UP, keyCode=KEYCODE_DPAD_UP, scanCode=0, metaState=0, flags=0x8, repeatCount=0, eventTime=322947, downTime=322947, deviceId=-1, source=0x101 }
D/InputEventConsistencyVerifier(  435):   -- recent events --
D/InputEventConsistencyVerifier(  435):   1: sent at 322896000000, MotionEvent { action=ACTION_UP, id[0]=0, x[0]=446.0, y[0]=686.0, toolType[0]=TOOL_TYPE_UNKNOWN, buttonState=0, metaState=0, flags=0x0, edgeFlags=0x0, pointerCount=1, historySize=0, eventTime=322896, downTime=322793, deviceId=0, source=0x1002 }
D/InputEventConsistencyVerifier(  435):   2: sent at 322893000000, MotionEvent { action=ACTION_MOVE, id[0]=0, x[0]=443.0, y[0]=668.0, toolType[0]=TOOL_TYPE_UNKNOWN, buttonState=0, metaState=0, flags=0x0, edgeFlags=0x0, pointerCount=1, historySize=3, eventTime=322893, downTime=322793, deviceId=0, source=0x1002 }
D/InputEventConsistencyVerifier(  435):   3: sent at 322845500000, MotionEvent { action=ACTION_MOVE, id[0]=0, x[0]=442.0, y[0]=607.0, toolType[0]=TOOL_TYPE_UNKNOWN, buttonState=0, metaState=0, flags=0x0, edgeFlags=0x0, pointerCount=1, historySize=3, eventTime=322845, downTime=322793, deviceId=0, source=0x1002 }
D/InputEventConsistencyVerifier(  435):   4: sent at 322796000000, MotionEvent { action=ACTION_DOWN, id[0]=0, x[0]=439.0, y[0]=575.0, toolType[0]=TOOL_TYPE_UNKNOWN, buttonState=0, metaState=0, flags=0x0, edgeFlags=0x0, pointerCount=1, historySize=0, eventTime=322796, downTime=322793, deviceId=0, source=0x1002 }
D/InputEventConsistencyVerifier(  435):   5: sent at 322765000000, (unhandled) KeyEvent { action=ACTION_UP, keyCode=KEYCODE_NUMPAD_SUBTRACT, scanCode=0, metaState=0, flags=0x8, repeatCount=0, eventTime=322765, downTime=322765, deviceId=-1, source=0x101 }
D/InputEventConsistencyVerifier(  435): TouchEvent: ACTION_DOWN but pointers are already down.  Probably missing ACTION_UP from previous gesture.
D/InputEventConsistencyVerifier(  435):   in android.view.ScaleGestureDetector@b3ea9a38
D/InputEventConsistencyVerifier(  435):   0: sent at 322977000000, MotionEvent { action=ACTION_DOWN, id[0]=0, x[0]=112.0, y[0]=795.0, toolType[0]=TOOL_TYPE_UNKNOWN, buttonState=0, metaState=0, flags=0x0, edgeFlags=0x0, pointerCount=1, historySize=0, eventTime=322977, downTime=322971, deviceId=0, source=0x1002 }
D/InputEventConsistencyVerifier(  435):   -- recent events --
D/InputEventConsistencyVerifier(  435):   1: sent at 322845500000, MotionEvent { action=ACTION_MOVE, id[0]=0, x[0]=442.0, y[0]=607.0, toolType[0]=TOOL_TYPE_UNKNOWN, buttonState=0, metaState=0, flags=0x0, edgeFlags=0x0, pointerCount=1, historySize=3, eventTime=322845, downTime=322793, deviceId=0, source=0x1002 }
D/InputEventConsistencyVerifier(  435):   2: sent at 322796000000, MotionEvent { action=ACTION_DOWN, id[0]=0, x[0]=439.0, y[0]=575.0, toolType[0]=TOOL_TYPE_UNKNOWN, buttonState=0, metaState=0, flags=0x80000000, edgeFlags=0x0, pointerCount=1, historySize=0, eventTime=322796, downTime=322793, deviceId=0, source=0x1002 }
D/InputEventConsistencyVerifier(  435):   3: sent at 322698000000, MotionEvent { action=ACTION_MOVE, id[0]=0, x[0]=120.0, y[0]=584.0, toolType[0]=TOOL_TYPE_UNKNOWN, buttonState=0, metaState=0, flags=0x0, edgeFlags=0x0, pointerCount=1, historySize=3, eventTime=322698, downTime=322674, deviceId=0, source=0x1002 }
D/InputEventConsistencyVerifier(  435):   4: sent at 322676000000, MotionEvent { action=ACTION_DOWN, id[0]=0, x[0]=106.0, y[0]=567.0, toolType[0]=TOOL_TYPE_UNKNOWN, buttonState=0, metaState=0, flags=0x0, edgeFlags=0x0, pointerCount=1, historySize=0, eventTime=322676, downTime=322674, deviceId=0, source=0x1002 }
D/InputEventConsistencyVerifier(  435):   5: sent at 322666000000, MotionEvent { action=ACTION_UP, id[0]=0, x[0]=312.0, y[0]=341.0, toolType[0]=TOOL_TYPE_UNKNOWN, buttonState=0, metaState=0, flags=0x0, edgeFlags=0x0, pointerCount=1, historySize=0, eventTime=322666, downTime=322647, deviceId=0, source=0x1002 }
W/dalvikvm(  435): DroidBox: { "FdAccess": { "path": "2f70726f632f6d656d696e666f", "id": "2036050681" } }
W/DroidBox(  435): DroidBox: { "FileRW": { "operation": "read", "data": "4d656d546f74616c3a202020202020202020373438393634206b420a4d656d467265653a20202020202020202020343138333732206b420a427566666572733a20202020202020202020202036303332206b420a4361636865643a202020202020202020", "id": "2036050681" } }
D/InputEventConsistencyVerifier(  435): KeyEvent: ACTION_UP but key was not down.
D/InputEventConsistencyVerifier(  435):   in com.android.systemui.statusbar.phone.StatusBarWindowView@b3e09338
D/InputEventConsistencyVerifier(  435):   0: sent at 323067000000, KeyEvent { action=ACTION_UP, keyCode=KEYCODE_DPAD_CENTER, scanCode=0, metaState=0, flags=0x8, repeatCount=0, eventTime=323067, downTime=323067, deviceId=-1, source=0x101 }
D/InputEventConsistencyVerifier(  435):   -- recent events --
D/InputEventConsistencyVerifier(  435):   1: sent at 323025000000, MotionEvent { action=ACTION_UP, id[0]=0, x[0]=102.0, y[0]=763.0, toolType[0]=TOOL_TYPE_UNKNOWN, buttonState=0, metaState=0, flags=0x0, edgeFlags=0x0, pointerCount=1, historySize=0, eventTime=323025, downTime=322971, deviceId=0, source=0x1002 }
D/InputEventConsistencyVerifier(  435):   2: sent at 323022000000, MotionEvent { action=ACTION_MOVE, id[0]=0, x[0]=109.0, y[0]=768.0, toolType[0]=TOOL_TYPE_UNKNOWN, buttonState=0, metaState=0, flags=0x0, edgeFlags=0x0, pointerCount=1, historySize=3, eventTime=323022, downTime=322971, deviceId=0, source=0x1002 }
D/InputEventConsistencyVerifier(  435):   3: sent at 322977000000, MotionEvent { action=ACTION_DOWN, id[0]=0, x[0]=112.0, y[0]=795.0, toolType[0]=TOOL_TYPE_UNKNOWN, buttonState=0, metaState=0, flags=0x0, edgeFlags=0x0, pointerCount=1, historySize=0, eventTime=322977, downTime=322971, deviceId=0, source=0x1002 }
D/InputEventConsistencyVerifier(  435):   4: sent at 322947000000, (unhandled) KeyEvent { action=ACTION_UP, keyCode=KEYCODE_DPAD_UP, scanCode=0, metaState=0, flags=0x80000008, repeatCount=0, eventTime=322947, downTime=322947, deviceId=-1, source=0x101 }
D/InputEventConsistencyVerifier(  435):   5: sent at 322896000000, MotionEvent { action=ACTION_UP, id[0]=0, x[0]=446.0, y[0]=686.0, toolType[0]=TOOL_TYPE_UNKNOWN, buttonState=0, metaState=0, flags=0x0, edgeFlags=0x0, pointerCount=1, historySize=0, eventTime=322896, downTime=322793, deviceId=0, source=0x1002 }
W/dalvikvm(  435): DroidBox: { "FdAccess": { "path": "2f70726f632f6d656d696e666f", "id": "786963888" } }
W/DroidBox(  435): DroidBox: { "FileRW": { "operation": "read", "data": "4d656d546f74616c3a202020202020202020373438393634206b420a4d656d467265653a20202020202020202020343138333732206b420a427566666572733a20202020202020202020202036303332206b420a4361636865643a202020202020202020", "id": "786963888" } }
D/InputEventConsistencyVerifier(  435): KeyEvent: ACTION_UP but key was not down.
D/InputEventConsistencyVerifier(  435):   in com.android.systemui.statusbar.phone.StatusBarWindowView@b3e09338
D/InputEventConsistencyVerifier(  435):   0: sent at 323209000000, KeyEvent { action=ACTION_UP, keyCode=KEYCODE_DPAD_CENTER, scanCode=0, metaState=0, flags=0x8, repeatCount=0, eventTime=323209, downTime=323209, deviceId=-1, source=0x101 }
D/InputEventConsistencyVerifier(  435):   -- recent events --
D/InputEventConsistencyVerifier(  435):   1: sent at 323144000000, MotionEvent { action=ACTION_UP, id[0]=0, x[0]=186.0, y[0]=703.0, toolType[0]=TOOL_TYPE_UNKNOWN, buttonState=0, metaState=0, flags=0x0, edgeFlags=0x0, pointerCount=1, historySize=0, eventTime=323144, downTime=323082, deviceId=0, source=0x1002 }
D/InputEventConsistencyVerifier(  435):   2: sent at 323142000000, MotionEvent { action=ACTION_MOVE, id[0]=0, x[0]=184.0, y[0]=695.0, toolType[0]=TOOL_TYPE_UNKNOWN, buttonState=0, metaState=0, flags=0x0, edgeFlags=0x0, pointerCount=1, historySize=7, eventTime=323142, downTime=323082, deviceId=0, source=0x1002 }
D/InputEventConsistencyVerifier(  435):   3: sent at 323085000000, MotionEvent { action=ACTION_DOWN, id[0]=0, x[0]=126.0, y[0]=643.0, toolType[0]=TOOL_TYPE_UNKNOWN, buttonState=0, metaState=0, flags=0x0, edgeFlags=0x0, pointerCount=1, historySize=0, eventTime=323085, downTime=323082, deviceId=0, source=0x1002 }
D/InputEventConsistencyVerifier(  435):   4: sent at 323067000000, (unhandled) KeyEvent { action=ACTION_UP, keyCode=KEYCODE_DPAD_CENTER, scanCode=0, metaState=0, flags=0x80000008, repeatCount=0, eventTime=323067, downTime=323067, deviceId=-1, source=0x101 }
D/InputEventConsistencyVerifier(  435):   5: sent at 323025000000, MotionEvent { action=ACTION_UP, id[0]=0, x[0]=102.0, y[0]=763.0, toolType[0]=TOOL_TYPE_UNKNOWN, buttonState=0, metaState=0, flags=0x0, edgeFlags=0x0, pointerCount=1, historySize=0, eventTime=323025, downTime=322971, deviceId=0, source=0x1002 }
I/Choreographer(  435): Skipped 38 frames!  The application may be doing too much work on its main thread.
D/InputEventConsistencyVerifier(  435): KeyEvent: ACTION_UP but key was not down.
D/InputEventConsistencyVerifier(  435):   in android.widget.FrameLayout@b3e28e88
D/InputEventConsistencyVerifier(  435):   0: sent at 323373000000, KeyEvent { action=ACTION_UP, keyCode=KEYCODE_DPAD_DOWN, scanCode=0, metaState=0, flags=0x400, repeatCount=0, eventTime=323373, downTime=323373, deviceId=-1, source=0x101 }
D/InputEventConsistencyVerifier(  435):   -- recent events --
D/InputEventConsistencyVerifier(  435):   1: sent at 323144000000, MotionEvent { action=ACTION_UP, id[0]=0, x[0]=186.0, y[0]=703.0, toolType[0]=TOOL_TYPE_UNKNOWN, buttonState=0, metaState=0, flags=0x0, edgeFlags=0x0, pointerCount=1, historySize=0, eventTime=323144, downTime=323082, deviceId=0, source=0x1002 }
D/InputEventConsistencyVerifier(  435):   2: sent at 323142000000, MotionEvent { action=ACTION_MOVE, id[0]=0, x[0]=184.0, y[0]=695.0, toolType[0]=TOOL_TYPE_UNKNOWN, buttonState=0, metaState=0, flags=0x0, edgeFlags=0x0, pointerCount=1, historySize=7, eventTime=323142, downTime=323082, deviceId=0, source=0x1002 }
D/InputEventConsistencyVerifier(  435):   3: sent at 323085000000, MotionEvent { action=ACTION_DOWN, id[0]=0, x[0]=126.0, y[0]=643.0, toolType[0]=TOOL_TYPE_UNKNOWN, buttonState=0, metaState=0, flags=0x0, edgeFlags=0x0, pointerCount=1, historySize=0, eventTime=323085, downTime=323082, deviceId=0, source=0x1002 }
D/InputEventConsistencyVerifier(  435):   4: sent at 323025000000, MotionEvent { action=ACTION_UP, id[0]=0, x[0]=102.0, y[0]=763.0, toolType[0]=TOOL_TYPE_UNKNOWN, buttonState=0, metaState=0, flags=0x0, edgeFlags=0x0, pointerCount=1, historySize=0, eventTime=323025, downTime=322971, deviceId=0, source=0x1002 }
D/InputEventConsistencyVerifier(  435):   5: sent at 323022000000, MotionEvent { action=ACTION_MOVE, id[0]=0, x[0]=109.0, y[0]=768.0, toolType[0]=TOOL_TYPE_UNKNOWN, buttonState=0, metaState=0, flags=0x0, edgeFlags=0x0, pointerCount=1, historySize=3, eventTime=323022, downTime=322971, deviceId=0, source=0x1002 }
W/dalvikvm(  435): DroidBox: { "FdAccess": { "path": "2f70726f632f6d656d696e666f", "id": "1905636992" } }
W/DroidBox(  435): DroidBox: { "FileRW": { "operation": "read", "data": "4d656d546f74616c3a202020202020202020373438393634206b420a4d656d467265653a20202020202020202020343138333634206b420a427566666572733a20202020202020202020202036303332206b420a4361636865643a202020202020202020", "id": "1905636992" } }
D/InputEventConsistencyVerifier(  435): KeyEvent: ACTION_UP but key was not down.
D/InputEventConsistencyVerifier(  435):   in com.android.systemui.statusbar.phone.PhoneStatusBarView@b3e0b2d0
D/InputEventConsistencyVerifier(  435):   0: sent at 323469000000, KeyEvent { action=ACTION_UP, keyCode=KEYCODE_DPAD_UP, scanCode=0, metaState=0, flags=0x400, repeatCount=0, eventTime=323469, downTime=323469, deviceId=-1, source=0x101 }
D/InputEventConsistencyVerifier(  435):   -- recent events --
D/InputEventConsistencyVerifier(  435):   1: sent at 323373000000, (unhandled) KeyEvent { action=ACTION_DOWN, keyCode=KEYCODE_DPAD_DOWN, scanCode=0, metaState=0, flags=0x400, repeatCount=0, eventTime=323373, downTime=323373, deviceId=-1, source=0x101 }
D/InputEventConsistencyVerifier(  435):   2: sent at 323356000000, (unhandled) MotionEvent { action=ACTION_MOVE, id[0]=0, x[0]=2.0, y[0]=2.0, toolType[0]=TOOL_TYPE_UNKNOWN, buttonState=0, metaState=0, flags=0x0, edgeFlags=0x0, pointerCount=1, historySize=14, eventTime=323356, downTime=-1, deviceId=0, source=0x10004 }
D/InputEventConsistencyVerifier(  435):   3: sent at 323209000000, (unhandled) KeyEvent { action=ACTION_UP, keyCode=KEYCODE_DPAD_CENTER, scanCode=0, metaState=0, flags=0x80000008, repeatCount=0, eventTime=323209, downTime=323209, deviceId=-1, source=0x101 }
D/InputEventConsistencyVerifier(  435):   4: sent at 323067000000, (unhandled) KeyEvent { action=ACTION_UP, keyCode=KEYCODE_DPAD_CENTER, scanCode=0, metaState=0, flags=0x80000008, repeatCount=0, eventTime=323067, downTime=323067, deviceId=-1, source=0x101 }
D/InputEventConsistencyVerifier(  435):   5: sent at 322947000000, (unhandled) KeyEvent { action=ACTION_UP, keyCode=KEYCODE_DPAD_UP, scanCode=0, metaState=0, flags=0x80000008, repeatCount=0, eventTime=322947, downTime=322947, deviceId=-1, source=0x101 }
W/dalvikvm(  435): DroidBox: { "FdAccess": { "path": "2f70726f632f6d656d696e666f", "id": "1565300528" } }
W/DroidBox(  435): DroidBox: { "FileRW": { "operation": "read", "data": "4d656d546f74616c3a202020202020202020373438393634206b420a4d656d467265653a20202020202020202020343138333634206b420a427566666572733a20202020202020202020202036303332206b420a4361636865643a202020202020202020", "id": "1565300528" } }
D/InputEventConsistencyVerifier(  435): TouchEvent: ACTION_DOWN but pointers are already down.  Probably missing ACTION_UP from previous gesture.
D/InputEventConsistencyVerifier(  435):   in android.view.ScaleGestureDetector@b3ea9a38
D/InputEventConsistencyVerifier(  435):   0: sent at 323541000000, MotionEvent { action=ACTION_DOWN, id[0]=0, x[0]=463.0, y[0]=438.0, toolType[0]=TOOL_TYPE_UNKNOWN, buttonState=0, metaState=0, flags=0x0, edgeFlags=0x0, pointerCount=1, historySize=0, eventTime=323541, downTime=323538, deviceId=0, source=0x1002 }
D/InputEventConsistencyVerifier(  435):   -- recent events --
D/InputEventConsistencyVerifier(  435):   1: sent at 323142000000, MotionEvent { action=ACTION_MOVE, id[0]=0, x[0]=184.0, y[0]=695.0, toolType[0]=TOOL_TYPE_UNKNOWN, buttonState=0, metaState=0, flags=0x0, edgeFlags=0x0, pointerCount=1, historySize=7, eventTime=323142, downTime=323082, deviceId=0, source=0x1002 }
D/InputEventConsistencyVerifier(  435):   2: sent at 323085000000, MotionEvent { action=ACTION_DOWN, id[0]=0, x[0]=126.0, y[0]=643.0, toolType[0]=TOOL_TYPE_UNKNOWN, buttonState=0, metaState=0, flags=0x0, edgeFlags=0x0, pointerCount=1, historySize=0, eventTime=323085, downTime=323082, deviceId=0, source=0x1002 }
D/InputEventConsistencyVerifier(  435):   3: sent at 323025000000, MotionEvent { action=ACTION_UP, id[0]=0, x[0]=102.0, y[0]=763.0, toolType[0]=TOOL_TYPE_UNKNOWN, buttonState=0, metaState=0, flags=0x0, edgeFlags=0x0, pointerCount=1, historySize=0, eventTime=323025, downTime=322971, deviceId=0, source=0x1002 }
D/InputEventConsistencyVerifier(  435):   4: sent at 323022000000, MotionEvent { action=ACTION_MOVE, id[0]=0, x[0]=109.0, y[0]=768.0, toolType[0]=TOOL_TYPE_UNKNOWN, buttonState=0, metaState=0, flags=0x0, edgeFlags=0x0, pointerCount=1, historySize=3, eventTime=323022, downTime=322971, deviceId=0, source=0x1002 }
D/InputEventConsistencyVerifier(  435):   5: sent at 322977000000, MotionEvent { action=ACTION_DOWN, id[0]=0, x[0]=112.0, y[0]=795.0, toolType[0]=TOOL_TYPE_UNKNOWN, buttonState=0, metaState=0, flags=0x80000000, edgeFlags=0x0, pointerCount=1, historySize=0, eventTime=322977, downTime=322971, deviceId=0, source=0x1002 }
I/Choreographer(  435): Skipped 42 frames!  The application may be doing too much work on its main thread.
W/dalvikvm(  435): DroidBox: { "FdAccess": { "path": "2f70726f632f6d656d696e666f", "id": "576747047" } }
W/DroidBox(  435): DroidBox: { "FileRW": { "operation": "read", "data": "4d656d546f74616c3a202020202020202020373438393634206b420a4d656d467265653a20202020202020202020343138323430206b420a427566666572733a20202020202020202020202036303332206b420a4361636865643a202020202020202020", "id": "576747047" } }
I/ActivityManager(  230): START {act=android.intent.action.CALL_BUTTON flg=0x10000000 cmp=com.android.contacts/.activities.DialtactsActivity u=0} from pid 435
I/Choreographer(  435): Skipped 37 frames!  The application may be doing too much work on its main thread.
D/InputEventConsistencyVerifier(  435): KeyEvent: ACTION_UP but key was not down.
D/InputEventConsistencyVerifier(  435):   in com.android.systemui.statusbar.phone.StatusBarWindowView@b3e09338
D/InputEventConsistencyVerifier(  435):   0: sent at 323846000000, KeyEvent { action=ACTION_UP, keyCode=KEYCODE_DPAD_RIGHT, scanCode=0, metaState=0, flags=0x400, repeatCount=0, eventTime=323846, downTime=323846, deviceId=-1, source=0x101 }
D/InputEventConsistencyVerifier(  435):   -- recent events --
D/InputEventConsistencyVerifier(  435):   1: sent at 323780000000, (unhandled) MotionEvent { action=ACTION_MOVE, id[0]=0, x[0]=3.0, y[0]=-2.0, toolType[0]=TOOL_TYPE_UNKNOWN, buttonState=0, metaState=0, flags=0x0, edgeFlags=0x0, pointerCount=1, historySize=9, eventTime=323780, downTime=-1, deviceId=0, source=0x10004 }
D/InputEventConsistencyVerifier(  435):   2: sent at 323669000000, (unhandled) KeyEvent { action=ACTION_UP, keyCode=KEYCODE_CALL, scanCode=0, metaState=0, flags=0x8, repeatCount=0, eventTime=323669, downTime=323669, deviceId=-1, source=0x101 }
D/InputEventConsistencyVerifier(  435):   3: sent at 323606000000, (unhandled) KeyEvent { action=ACTION_DOWN, keyCode=KEYCODE_CALL, scanCode=0, metaState=0, flags=0x8, repeatCount=0, eventTime=323606, downTime=323606, deviceId=-1, source=0x101 }
D/InputEventConsistencyVerifier(  435):   4: sent at 323586000000, MotionEvent { action=ACTION_UP, id[0]=0, x[0]=388.0, y[0]=505.0, toolType[0]=TOOL_TYPE_UNKNOWN, buttonState=0, metaState=0, flags=0x0, edgeFlags=0x0, pointerCount=1, historySize=0, eventTime=323586, downTime=323538, deviceId=0, source=0x1002 }
D/InputEventConsistencyVerifier(  435):   5: sent at 323583000000, MotionEvent { action=ACTION_MOVE, id[0]=0, x[0]=404.0, y[0]=494.0, toolType[0]=TOOL_TYPE_UNKNOWN, buttonState=0, metaState=0, flags=0x0, edgeFlags=0x0, pointerCount=1, historySize=6, eventTime=323583, downTime=323538, deviceId=0, source=0x1002 }
W/dalvikvm(  435): DroidBox: { "FdAccess": { "path": "2f70726f632f6d656d696e666f", "id": "1124061589" } }
W/DroidBox(  435): DroidBox: { "FileRW": { "operation": "read", "data": "4d656d546f74616c3a202020202020202020373438393634206b420a4d656d467265653a20202020202020202020343138313136206b420a427566666572733a20202020202020202020202036303332206b420a4361636865643a202020202020202020", "id": "1124061589" } }
D/InputEventConsistencyVerifier(  435): TouchEvent: ACTION_DOWN but pointers are already down.  Probably missing ACTION_UP from previous gesture.
D/InputEventConsistencyVerifier(  435):   in android.view.ScaleGestureDetector@b3ea9a38
D/InputEventConsistencyVerifier(  435):   0: sent at 323989000000, MotionEvent { action=ACTION_DOWN, id[0]=0, x[0]=217.0, y[0]=713.0, toolType[0]=TOOL_TYPE_UNKNOWN, buttonState=0, metaState=0, flags=0x0, edgeFlags=0x0, pointerCount=1, historySize=0, eventTime=323989, downTime=323988, deviceId=0, source=0x1002 }
D/InputEventConsistencyVerifier(  435):   -- recent events --
D/InputEventConsistencyVerifier(  435):   1: sent at 323583000000, MotionEvent { action=ACTION_MOVE, id[0]=0, x[0]=404.0, y[0]=494.0, toolType[0]=TOOL_TYPE_UNKNOWN, buttonState=0, metaState=0, flags=0x0, edgeFlags=0x0, pointerCount=1, historySize=6, eventTime=323583, downTime=323538, deviceId=0, source=0x1002 }
D/InputEventConsistencyVerifier(  435):   2: sent at 323541000000, MotionEvent { action=ACTION_DOWN, id[0]=0, x[0]=463.0, y[0]=438.0, toolType[0]=TOOL_TYPE_UNKNOWN, buttonState=0, metaState=0, flags=0x80000000, edgeFlags=0x0, pointerCount=1, historySize=0, eventTime=323541, downTime=323538, deviceId=0, source=0x1002 }
D/InputEventConsistencyVerifier(  435):   3: sent at 323142000000, MotionEvent { action=ACTION_MOVE, id[0]=0, x[0]=184.0, y[0]=695.0, toolType[0]=TOOL_TYPE_UNKNOWN, buttonState=0, metaState=0, flags=0x0, edgeFlags=0x0, pointerCount=1, historySize=7, eventTime=323142, downTime=323082, deviceId=0, source=0x1002 }
D/InputEventConsistencyVerifier(  435):   4: sent at 323085000000, MotionEvent { action=ACTION_DOWN, id[0]=0, x[0]=126.0, y[0]=643.0, toolType[0]=TOOL_TYPE_UNKNOWN, buttonState=0, metaState=0, flags=0x0, edgeFlags=0x0, pointerCount=1, historySize=0, eventTime=323085, downTime=323082, deviceId=0, source=0x1002 }
D/InputEventConsistencyVerifier(  435):   5: sent at 323025000000, MotionEvent { action=ACTION_UP, id[0]=0, x[0]=102.0, y[0]=763.0, toolType[0]=TOOL_TYPE_UNKNOWN, buttonState=0, metaState=0, flags=0x0, edgeFlags=0x0, pointerCount=1, historySize=0, eventTime=323025, downTime=322971, deviceId=0, source=0x1002 }
W/dalvikvm(  435): DroidBox: { "FdAccess": { "path": "2f70726f632f6d656d696e666f", "id": "525859262" } }
W/DroidBox(  435): DroidBox: { "FileRW": { "operation": "read", "data": "4d656d546f74616c3a202020202020202020373438393634206b420a4d656d467265653a20202020202020202020343137393932206b420a427566666572733a20202020202020202020202036303332206b420a4361636865643a202020202020202020", "id": "525859262" } }
I/Choreographer(  435): Skipped 83 frames!  The application may be doing too much work on its main thread.
D/InputEventConsistencyVerifier(  435): KeyEvent: ACTION_UP but key was not down.
D/InputEventConsistencyVerifier(  435):   in com.android.systemui.statusbar.phone.StatusBarWindowView@b3e09338
