W/DroidBox(  435): DroidBox: { "FileRW": { "operation": "read", "data": "4d656d546f74616c3a202020202020202020373438393634206b420a4d656d467265653a20202020202020202020343231353936206b420a427566666572733a20202020202020202020202036303234206b420a4361636865643a202020202020202020", "id": "627689876" } }
I/Choreographer(  435): Skipped 132 frames!  The application may be doing too much work on its main thread.
W/dalvikvm(  435): DroidBox: { "FdAccess": { "path": "2f70726f632f6d656d696e666f", "id": "527266701" } }
W/DroidBox(  435): DroidBox: { "FileRW": { "operation": "read", "data": "4d656d546f74616c3a202020202020202020373438393634206b420a4d656d467265653a20202020202020202020343231343732206b420a427566666572733a20202020202020202020202036303234206b420a4361636865643a202020202020202020", "id": "527266701" } }
W/dalvikvm(  435): DroidBox: { "FdAccess": { "path": "2f70726f632f6d656d696e666f", "id": "1386217577" } }
D/PhoneStatusBar(  435): disable: < expand icons alerts TICKER* system_info back home recent clock >
W/DroidBox(  435): DroidBox: { "FileRW": { "operation": "read", "data": "4d656d546f74616c3a202020202020202020373438393634206b420a4d656d467265653a20202020202020202020343231343732206b420a427566666572733a20202020202020202020202036303234206b420a4361636865643a202020202020202020", "id": "1386217577" } }
I/Choreographer(  435): Skipped 58 frames!  The application may be doing too much work on its main thread.
W/dalvikvm(  435): DroidBox: { "FdAccess": { "path": "2f70726f632f6d656d696e666f", "id": "1383467889" } }
W/DroidBox(  435): DroidBox: { "FileRW": { "operation": "read", "data": "4d656d546f74616c3a202020202020202020373438393634206b420a4d656d467265653a20202020202020202020343139393834206b420a427566666572733a20202020202020202020202036303234206b420a4361636865643a202020202020202020", "id": "1383467889" } }
D/InputEventConsistencyVerifier(  435): KeyEvent: ACTION_UP but key was not down.
D/InputEventConsistencyVerifier(  435):   in com.android.systemui.statusbar.phone.StatusBarWindowView@b3e09338
D/InputEventConsistencyVerifier(  435):   0: sent at 297850000000, KeyEvent { action=ACTION_UP, keyCode=KEYCODE_DPAD_CENTER, scanCode=0, metaState=0, flags=0x8, repeatCount=0, eventTime=297850, downTime=297850, deviceId=-1, source=0x101 }
D/InputEventConsistencyVerifier(  435):   -- recent events --
D/InputEventConsistencyVerifier(  435):   1: sent at 297805000000, MotionEvent { action=ACTION_UP, id[0]=0, x[0]=183.0, y[0]=528.0, toolType[0]=TOOL_TYPE_UNKNOWN, buttonState=0, metaState=0, flags=0x0, edgeFlags=0x0, pointerCount=1, historySize=0, eventTime=297805, downTime=297616, deviceId=0, source=0x1002 }
D/InputEventConsistencyVerifier(  435):   2: sent at 297801000000, MotionEvent { action=ACTION_MOVE, id[0]=0, x[0]=177.0, y[0]=523.0, toolType[0]=TOOL_TYPE_UNKNOWN, buttonState=0, metaState=0, flags=0x0, edgeFlags=0x0, pointerCount=1, historySize=8, eventTime=297801, downTime=297616, deviceId=0, source=0x1002 }
D/InputEventConsistencyVerifier(  435):   3: sent at 297620000000, MotionEvent { action=ACTION_DOWN, id[0]=0, x[0]=126.0, y[0]=474.0, toolType[0]=TOOL_TYPE_UNKNOWN, buttonState=0, metaState=0, flags=0x0, edgeFlags=0x0, pointerCount=1, historySize=0, eventTime=297620, downTime=297616, deviceId=0, source=0x1002 }
D/InputEventConsistencyVerifier(  435):   4: sent at 297582000000, (unhandled) KeyEvent { action=ACTION_UP, keyCode=KEYCODE_DPAD_RIGHT, scanCode=0, metaState=0, flags=0x8, repeatCount=0, eventTime=297582, downTime=297582, deviceId=-1, source=0x101 }
D/InputEventConsistencyVerifier(  435):   5: sent at 297562000000, (unhandled) KeyEvent { action=ACTION_DOWN, keyCode=KEYCODE_DPAD_RIGHT, scanCode=0, metaState=0, flags=0x8, repeatCount=0, eventTime=297562, downTime=297562, deviceId=-1, source=0x101 }
D/InputEventConsistencyVerifier(  435): TouchEvent: ACTION_DOWN but pointers are already down.  Probably missing ACTION_UP from previous gesture.
D/InputEventConsistencyVerifier(  435):   in android.view.ScaleGestureDetector@b3ea9a38
D/InputEventConsistencyVerifier(  435):   0: sent at 297884000000, MotionEvent { action=ACTION_DOWN, id[0]=0, x[0]=329.0, y[0]=380.0, toolType[0]=TOOL_TYPE_UNKNOWN, buttonState=0, metaState=0, flags=0x0, edgeFlags=0x0, pointerCount=1, historySize=0, eventTime=297884, downTime=297884, deviceId=0, source=0x1002 }
D/InputEventConsistencyVerifier(  435):   -- recent events --
D/InputEventConsistencyVerifier(  435):   1: sent at 297620000000, MotionEvent { action=ACTION_DOWN, id[0]=0, x[0]=126.0, y[0]=474.0, toolType[0]=TOOL_TYPE_UNKNOWN, buttonState=0, metaState=0, flags=0x0, edgeFlags=0x0, pointerCount=1, historySize=0, eventTime=297620, downTime=297616, deviceId=0, source=0x1002 }
D/InputEventConsistencyVerifier(  435):   2: sent at 296963000000, MotionEvent { action=ACTION_UP, id[0]=0, x[0]=302.0, y[0]=0.0, toolType[0]=TOOL_TYPE_UNKNOWN, buttonState=0, metaState=0, flags=0x0, edgeFlags=0x0, pointerCount=1, historySize=0, eventTime=296963, downTime=296880, deviceId=0, source=0x1002 }
D/InputEventConsistencyVerifier(  435):   3: sent at 296957000000, MotionEvent { action=ACTION_MOVE, id[0]=0, x[0]=308.0, y[0]=0.0, toolType[0]=TOOL_TYPE_UNKNOWN, buttonState=0, metaState=0, flags=0x0, edgeFlags=0x0, pointerCount=1, historySize=4, eventTime=296957, downTime=296880, deviceId=0, source=0x1002 }
D/InputEventConsistencyVerifier(  435):   4: sent at 296893000000, MotionEvent { action=ACTION_DOWN, id[0]=0, x[0]=374.0, y[0]=20.0, toolType[0]=TOOL_TYPE_UNKNOWN, buttonState=0, metaState=0, flags=0x80000000, edgeFlags=0x0, pointerCount=1, historySize=0, eventTime=296893, downTime=296880, deviceId=0, source=0x1002 }
D/InputEventConsistencyVerifier(  435):   5: sent at 277741000000, MotionEvent { action=ACTION_DOWN, id[0]=0, x[0]=409.0, y[0]=502.0, toolType[0]=TOOL_TYPE_UNKNOWN, buttonState=0, metaState=0, flags=0x80000000, edgeFlags=0x0, pointerCount=1, historySize=0, eventTime=277741, downTime=277739, deviceId=0, source=0x1002 }
D/InputEventConsistencyVerifier(  435): KeyEvent: ACTION_UP but key was not down.
D/InputEventConsistencyVerifier(  435):   in com.android.systemui.statusbar.phone.StatusBarWindowView@b3e09338
D/InputEventConsistencyVerifier(  435):   0: sent at 297980000000, KeyEvent { action=ACTION_UP, keyCode=KEYCODE_DPAD_UP, scanCode=0, metaState=0, flags=0x8, repeatCount=0, eventTime=297980, downTime=297980, deviceId=-1, source=0x101 }
D/InputEventConsistencyVerifier(  435):   -- recent events --
D/InputEventConsistencyVerifier(  435):   1: sent at 297894000000, MotionEvent { action=ACTION_UP, id[0]=0, x[0]=324.0, y[0]=372.0, toolType[0]=TOOL_TYPE_UNKNOWN, buttonState=0, metaState=0, flags=0x0, edgeFlags=0x0, pointerCount=1, historySize=0, eventTime=297894, downTime=297884, deviceId=0, source=0x1002 }
D/InputEventConsistencyVerifier(  435):   2: sent at 297884000000, MotionEvent { action=ACTION_DOWN, id[0]=0, x[0]=329.0, y[0]=380.0, toolType[0]=TOOL_TYPE_UNKNOWN, buttonState=0, metaState=0, flags=0x0, edgeFlags=0x0, pointerCount=1, historySize=0, eventTime=297884, downTime=297884, deviceId=0, source=0x1002 }
D/InputEventConsistencyVerifier(  435):   3: sent at 297850000000, (unhandled) KeyEvent { action=ACTION_UP, keyCode=KEYCODE_DPAD_CENTER, scanCode=0, metaState=0, flags=0x80000008, repeatCount=0, eventTime=297850, downTime=297850, deviceId=-1, source=0x101 }
D/InputEventConsistencyVerifier(  435):   4: sent at 297805000000, MotionEvent { action=ACTION_UP, id[0]=0, x[0]=183.0, y[0]=528.0, toolType[0]=TOOL_TYPE_UNKNOWN, buttonState=0, metaState=0, flags=0x0, edgeFlags=0x0, pointerCount=1, historySize=0, eventTime=297805, downTime=297616, deviceId=0, source=0x1002 }
D/InputEventConsistencyVerifier(  435):   5: sent at 297801000000, MotionEvent { action=ACTION_MOVE, id[0]=0, x[0]=177.0, y[0]=523.0, toolType[0]=TOOL_TYPE_UNKNOWN, buttonState=0, metaState=0, flags=0x0, edgeFlags=0x0, pointerCount=1, historySize=8, eventTime=297801, downTime=297616, deviceId=0, source=0x1002 }
I/Choreographer(  435): Skipped 34 frames!  The application may be doing too much work on its main thread.
W/dalvikvm(  435): DroidBox: { "FdAccess": { "path": "2f70726f632f6d656d696e666f", "id": "52692082" } }
W/DroidBox(  435): DroidBox: { "FileRW": { "operation": "read", "data": "4d656d546f74616c3a202020202020202020373438393634206b420a4d656d467265653a20202020202020202020343139393834206b420a427566666572733a20202020202020202020202036303234206b420a4361636865643a202020202020202020", "id": "52692082" } }
D/InputEventConsistencyVerifier(  435): TouchEvent: ACTION_DOWN but pointers are already down.  Probably missing ACTION_UP from previous gesture.
D/InputEventConsistencyVerifier(  435):   in android.view.ScaleGestureDetector@b3ea9a38
D/InputEventConsistencyVerifier(  435):   0: sent at 298073000000, MotionEvent { action=ACTION_DOWN, id[0]=0, x[0]=436.0, y[0]=252.0, toolType[0]=TOOL_TYPE_UNKNOWN, buttonState=0, metaState=0, flags=0x0, edgeFlags=0x0, pointerCount=1, historySize=0, eventTime=298073, downTime=298071, deviceId=0, source=0x1002 }
D/InputEventConsistencyVerifier(  435):   -- recent events --
D/InputEventConsistencyVerifier(  435):   1: sent at 297884000000, MotionEvent { action=ACTION_DOWN, id[0]=0, x[0]=329.0, y[0]=380.0, toolType[0]=TOOL_TYPE_UNKNOWN, buttonState=0, metaState=0, flags=0x80000000, edgeFlags=0x0, pointerCount=1, historySize=0, eventTime=297884, downTime=297884, deviceId=0, source=0x1002 }
D/InputEventConsistencyVerifier(  435):   2: sent at 297620000000, MotionEvent { action=ACTION_DOWN, id[0]=0, x[0]=126.0, y[0]=474.0, toolType[0]=TOOL_TYPE_UNKNOWN, buttonState=0, metaState=0, flags=0x0, edgeFlags=0x0, pointerCount=1, historySize=0, eventTime=297620, downTime=297616, deviceId=0, source=0x1002 }
D/InputEventConsistencyVerifier(  435):   3: sent at 296963000000, MotionEvent { action=ACTION_UP, id[0]=0, x[0]=302.0, y[0]=0.0, toolType[0]=TOOL_TYPE_UNKNOWN, buttonState=0, metaState=0, flags=0x0, edgeFlags=0x0, pointerCount=1, historySize=0, eventTime=296963, downTime=296880, deviceId=0, source=0x1002 }
D/InputEventConsistencyVerifier(  435):   4: sent at 296957000000, MotionEvent { action=ACTION_MOVE, id[0]=0, x[0]=308.0, y[0]=0.0, toolType[0]=TOOL_TYPE_UNKNOWN, buttonState=0, metaState=0, flags=0x0, edgeFlags=0x0, pointerCount=1, historySize=4, eventTime=296957, downTime=296880, deviceId=0, source=0x1002 }
D/InputEventConsistencyVerifier(  435):   5: sent at 296893000000, MotionEvent { action=ACTION_DOWN, id[0]=0, x[0]=374.0, y[0]=20.0, toolType[0]=TOOL_TYPE_UNKNOWN, buttonState=0, metaState=0, flags=0x80000000, edgeFlags=0x0, pointerCount=1, historySize=0, eventTime=296893, downTime=296880, deviceId=0, source=0x1002 }
I/Choreographer(  435): Skipped 38 frames!  The application may be doing too much work on its main thread.
D/InputEventConsistencyVerifier(  435): KeyEvent: ACTION_UP but key was not down.
D/InputEventConsistencyVerifier(  435):   in com.android.systemui.statusbar.phone.StatusBarWindowView@b3e09338
D/InputEventConsistencyVerifier(  435):   0: sent at 298170000000, KeyEvent { action=ACTION_UP, keyCode=KEYCODE_DPAD_UP, scanCode=0, metaState=0, flags=0x400, repeatCount=0, eventTime=298170, downTime=298170, deviceId=-1, source=0x101 }
D/InputEventConsistencyVerifier(  435):   -- recent events --
D/InputEventConsistencyVerifier(  435):   1: sent at 298055000000, (unhandled) MotionEvent { action=ACTION_MOVE, id[0]=0, x[0]=0.0, y[0]=-3.0, toolType[0]=TOOL_TYPE_UNKNOWN, buttonState=0, metaState=0, flags=0x0, edgeFlags=0x0, pointerCount=1, historySize=9, eventTime=298055, downTime=-1, deviceId=0, source=0x10004 }
D/InputEventConsistencyVerifier(  435):   2: sent at 298106000000, MotionEvent { action=ACTION_UP, id[0]=0, x[0]=419.0, y[0]=226.0, toolType[0]=TOOL_TYPE_UNKNOWN, buttonState=0, metaState=0, flags=0x0, edgeFlags=0x0, pointerCount=1, historySize=0, eventTime=298106, downTime=298071, deviceId=0, source=0x1002 }
D/InputEventConsistencyVerifier(  435):   3: sent at 298101000000, MotionEvent { action=ACTION_MOVE, id[0]=0, x[0]=426.0, y[0]=237.0, toolType[0]=TOOL_TYPE_UNKNOWN, buttonState=0, metaState=0, flags=0x0, edgeFlags=0x0, pointerCount=1, historySize=1, eventTime=298101, downTime=298071, deviceId=0, source=0x1002 }
D/InputEventConsistencyVerifier(  435):   4: sent at 298073000000, MotionEvent { action=ACTION_DOWN, id[0]=0, x[0]=436.0, y[0]=252.0, toolType[0]=TOOL_TYPE_UNKNOWN, buttonState=0, metaState=0, flags=0x0, edgeFlags=0x0, pointerCount=1, historySize=0, eventTime=298073, downTime=298071, deviceId=0, source=0x1002 }
D/InputEventConsistencyVerifier(  435):   5: sent at 297980000000, (unhandled) KeyEvent { action=ACTION_UP, keyCode=KEYCODE_DPAD_UP, scanCode=0, metaState=0, flags=0x80000008, repeatCount=0, eventTime=297980, downTime=297980, deviceId=-1, source=0x101 }
W/dalvikvm(  435): DroidBox: { "FdAccess": { "path": "2f70726f632f6d656d696e666f", "id": "776985561" } }
W/DroidBox(  435): DroidBox: { "FileRW": { "operation": "read", "data": "4d656d546f74616c3a202020202020202020373438393634206b420a4d656d467265653a20202020202020202020343139383630206b420a427566666572733a20202020202020202020202036303332206b420a4361636865643a202020202020202020", "id": "776985561" } }
I/ActivityManager(  230): START {act=android.intent.action.MAIN cat=[android.intent.category.HOME] flg=0x10200000 cmp=com.android.launcher/com.android.launcher2.Launcher u=0} from pid 230
D/InputEventConsistencyVerifier(  435): TouchEvent: ACTION_DOWN but pointers are already down.  Probably missing ACTION_UP from previous gesture.
D/InputEventConsistencyVerifier(  435):   in android.view.ScaleGestureDetector@b3ea9a38
D/InputEventConsistencyVerifier(  435):   0: sent at 298200000000, MotionEvent { action=ACTION_DOWN, id[0]=0, x[0]=242.0, y[0]=668.0, toolType[0]=TOOL_TYPE_UNKNOWN, buttonState=0, metaState=0, flags=0x0, edgeFlags=0x0, pointerCount=1, historySize=0, eventTime=298200, downTime=298197, deviceId=0, source=0x1002 }
D/InputEventConsistencyVerifier(  435):   -- recent events --
D/InputEventConsistencyVerifier(  435):   1: sent at 298101000000, MotionEvent { action=ACTION_MOVE, id[0]=0, x[0]=426.0, y[0]=237.0, toolType[0]=TOOL_TYPE_UNKNOWN, buttonState=0, metaState=0, flags=0x0, edgeFlags=0x0, pointerCount=1, historySize=1, eventTime=298101, downTime=298071, deviceId=0, source=0x1002 }
D/InputEventConsistencyVerifier(  435):   2: sent at 298073000000, MotionEvent { action=ACTION_DOWN, id[0]=0, x[0]=436.0, y[0]=252.0, toolType[0]=TOOL_TYPE_UNKNOWN, buttonState=0, metaState=0, flags=0x80000000, edgeFlags=0x0, pointerCount=1, historySize=0, eventTime=298073, downTime=298071, deviceId=0, source=0x1002 }
D/InputEventConsistencyVerifier(  435):   3: sent at 297884000000, MotionEvent { action=ACTION_DOWN, id[0]=0, x[0]=329.0, y[0]=380.0, toolType[0]=TOOL_TYPE_UNKNOWN, buttonState=0, metaState=0, flags=0x80000000, edgeFlags=0x0, pointerCount=1, historySize=0, eventTime=297884, downTime=297884, deviceId=0, source=0x1002 }
D/InputEventConsistencyVerifier(  435):   4: sent at 297620000000, MotionEvent { action=ACTION_DOWN, id[0]=0, x[0]=126.0, y[0]=474.0, toolType[0]=TOOL_TYPE_UNKNOWN, buttonState=0, metaState=0, flags=0x0, edgeFlags=0x0, pointerCount=1, historySize=0, eventTime=297620, downTime=297616, deviceId=0, source=0x1002 }
D/InputEventConsistencyVerifier(  435):   5: sent at 296963000000, MotionEvent { action=ACTION_UP, id[0]=0, x[0]=302.0, y[0]=0.0, toolType[0]=TOOL_TYPE_UNKNOWN, buttonState=0, metaState=0, flags=0x0, edgeFlags=0x0, pointerCount=1, historySize=0, eventTime=296963, downTime=296880, deviceId=0, source=0x1002 }
D/InputEventConsistencyVerifier(  435): KeyEvent: ACTION_UP but key was not down.
D/InputEventConsistencyVerifier(  435):   in com.android.systemui.statusbar.phone.StatusBarWindowView@b3e09338
D/InputEventConsistencyVerifier(  435):   0: sent at 298424000000, KeyEvent { action=ACTION_UP, keyCode=KEYCODE_DPAD_LEFT, scanCode=0, metaState=0, flags=0x8, repeatCount=0, eventTime=298424, downTime=298424, deviceId=-1, source=0x101 }
D/InputEventConsistencyVerifier(  435):   -- recent events --
D/InputEventConsistencyVerifier(  435):   1: sent at 298243000000, MotionEvent { action=ACTION_UP, id[0]=0, x[0]=219.0, y[0]=638.0, toolType[0]=TOOL_TYPE_UNKNOWN, buttonState=0, metaState=0, flags=0x0, edgeFlags=0x0, pointerCount=1, historySize=0, eventTime=298243, downTime=298197, deviceId=0, source=0x1002 }
D/InputEventConsistencyVerifier(  435):   2: sent at 298239000000, MotionEvent { action=ACTION_MOVE, id[0]=0, x[0]=225.0, y[0]=644.0, toolType[0]=TOOL_TYPE_UNKNOWN, buttonState=0, metaState=0, flags=0x0, edgeFlags=0x0, pointerCount=1, historySize=6, eventTime=298239, downTime=298197, deviceId=0, source=0x1002 }
D/InputEventConsistencyVerifier(  435):   3: sent at 298200000000, MotionEvent { action=ACTION_DOWN, id[0]=0, x[0]=242.0, y[0]=668.0, toolType[0]=TOOL_TYPE_UNKNOWN, buttonState=0, metaState=0, flags=0x0, edgeFlags=0x0, pointerCount=1, historySize=0, eventTime=298200, downTime=298197, deviceId=0, source=0x1002 }
D/InputEventConsistencyVerifier(  435):   4: sent at 298177000000, (unhandled) KeyEvent { action=ACTION_UP, keyCode=KEYCODE_3D_MODE, scanCode=0, metaState=0, flags=0x8, repeatCount=0, eventTime=298177, downTime=298177, deviceId=-1, source=0x101 }
D/InputEventConsistencyVerifier(  435):   5: sent at 298126000000, (unhandled) KeyEvent { action=ACTION_DOWN, keyCode=KEYCODE_3D_MODE, scanCode=0, metaState=0, flags=0x8, repeatCount=0, eventTime=298126, downTime=298126, deviceId=-1, source=0x101 }
I/Choreographer(  435): Skipped 58 frames!  The application may be doing too much work on its main thread.
W/dalvikvm(  435): DroidBox: { "FdAccess": { "path": "2f70726f632f6d656d696e666f", "id": "1250715438" } }
W/DroidBox(  435): DroidBox: { "FileRW": { "operation": "read", "data": "4d656d546f74616c3a202020202020202020373438393634206b420a4d656d467265653a20202020202020202020343139383630206b420a427566666572733a20202020202020202020202036303332206b420a4361636865643a202020202020202020", "id": "1250715438" } }
I/ActivityManager(  230): START {act=android.intent.action.MAIN cat=[android.intent.category.LAUNCHER] flg=0x10200000 cmp=com.extend.battery/.Splash u=0} from pid 928
D/InputEventConsistencyVerifier(  435): KeyEvent: ACTION_UP but key was not down.
D/InputEventConsistencyVerifier(  435):   in android.widget.FrameLayout@b3e28e88
D/InputEventConsistencyVerifier(  435):   0: sent at 298655000000, KeyEvent { action=ACTION_UP, keyCode=KEYCODE_DPAD_DOWN, scanCode=0, metaState=0, flags=0x8, repeatCount=0, eventTime=298655, downTime=298655, deviceId=-1, source=0x101 }
D/InputEventConsistencyVerifier(  435):   -- recent events --
D/InputEventConsistencyVerifier(  435):   1: sent at 298243000000, MotionEvent { action=ACTION_UP, id[0]=0, x[0]=219.0, y[0]=638.0, toolType[0]=TOOL_TYPE_UNKNOWN, buttonState=0, metaState=0, flags=0x0, edgeFlags=0x0, pointerCount=1, historySize=0, eventTime=298243, downTime=298197, deviceId=0, source=0x1002 }
D/InputEventConsistencyVerifier(  435):   2: sent at 298239000000, MotionEvent { action=ACTION_MOVE, id[0]=0, x[0]=225.0, y[0]=644.0, toolType[0]=TOOL_TYPE_UNKNOWN, buttonState=0, metaState=0, flags=0x0, edgeFlags=0x0, pointerCount=1, historySize=6, eventTime=298239, downTime=298197, deviceId=0, source=0x1002 }
D/InputEventConsistencyVerifier(  435):   3: sent at 298200000000, MotionEvent { action=ACTION_DOWN, id[0]=0, x[0]=242.0, y[0]=668.0, toolType[0]=TOOL_TYPE_UNKNOWN, buttonState=0, metaState=0, flags=0x80000000, edgeFlags=0x0, pointerCount=1, historySize=0, eventTime=298200, downTime=298197, deviceId=0, source=0x1002 }
D/InputEventConsistencyVerifier(  435):   4: sent at 298106000000, MotionEvent { action=ACTION_UP, id[0]=0, x[0]=419.0, y[0]=226.0, toolType[0]=TOOL_TYPE_UNKNOWN, buttonState=0, metaState=0, flags=0x0, edgeFlags=0x0, pointerCount=1, historySize=0, eventTime=298106, downTime=298071, deviceId=0, source=0x1002 }
D/InputEventConsistencyVerifier(  435):   5: sent at 298101000000, MotionEvent { action=ACTION_MOVE, id[0]=0, x[0]=426.0, y[0]=237.0, toolType[0]=TOOL_TYPE_UNKNOWN, buttonState=0, metaState=0, flags=0x0, edgeFlags=0x0, pointerCount=1, historySize=1, eventTime=298101, downTime=298071, deviceId=0, source=0x1002 }
W/dalvikvm(  435): DroidBox: { "FdAccess": { "path": "2f70726f632f6d656d696e666f", "id": "772157290" } }
W/DroidBox(  435): DroidBox: { "FileRW": { "operation": "read", "data": "4d656d546f74616c3a202020202020202020373438393634206b420a4d656d467265653a20202020202020202020343139383630206b420a427566666572733a20202020202020202020202036303332206b420a4361636865643a202020202020202020", "id": "772157290" } }
I/InputDispatcher(  230): Dropped event because of pending overdue app switch.
W/InputManager(  230): Input event injection from pid 928 failed.
D/InputEventConsistencyVerifier(  435): TouchEvent: ACTION_DOWN but pointers are already down.  Probably missing ACTION_UP from previous gesture.
D/InputEventConsistencyVerifier(  435):   in android.view.ScaleGestureDetector@b3ea9a38
D/InputEventConsistencyVerifier(  435):   0: sent at 298703000000, MotionEvent { action=ACTION_DOWN, id[0]=0, x[0]=66.0, y[0]=52.0, toolType[0]=TOOL_TYPE_UNKNOWN, buttonState=0, metaState=0, flags=0x0, edgeFlags=0x0, pointerCount=1, historySize=0, eventTime=298703, downTime=298702, deviceId=0, source=0x1002 }
D/InputEventConsistencyVerifier(  435):   -- recent events --
D/InputEventConsistencyVerifier(  435):   1: sent at 298239000000, MotionEvent { action=ACTION_MOVE, id[0]=0, x[0]=225.0, y[0]=644.0, toolType[0]=TOOL_TYPE_UNKNOWN, buttonState=0, metaState=0, flags=0x0, edgeFlags=0x0, pointerCount=1, historySize=6, eventTime=298239, downTime=298197, deviceId=0, source=0x1002 }
D/InputEventConsistencyVerifier(  435):   2: sent at 298200000000, MotionEvent { action=ACTION_DOWN, id[0]=0, x[0]=242.0, y[0]=668.0, toolType[0]=TOOL_TYPE_UNKNOWN, buttonState=0, metaState=0, flags=0x80000000, edgeFlags=0x0, pointerCount=1, historySize=0, eventTime=298200, downTime=298197, deviceId=0, source=0x1002 }
D/InputEventConsistencyVerifier(  435):   3: sent at 298101000000, MotionEvent { action=ACTION_MOVE, id[0]=0, x[0]=426.0, y[0]=237.0, toolType[0]=TOOL_TYPE_UNKNOWN, buttonState=0, metaState=0, flags=0x0, edgeFlags=0x0, pointerCount=1, historySize=1, eventTime=298101, downTime=298071, deviceId=0, source=0x1002 }
D/InputEventConsistencyVerifier(  435):   4: sent at 298073000000, MotionEvent { action=ACTION_DOWN, id[0]=0, x[0]=436.0, y[0]=252.0, toolType[0]=TOOL_TYPE_UNKNOWN, buttonState=0, metaState=0, flags=0x80000000, edgeFlags=0x0, pointerCount=1, historySize=0, eventTime=298073, downTime=298071, deviceId=0, source=0x1002 }
D/InputEventConsistencyVerifier(  435):   5: sent at 297884000000, MotionEvent { action=ACTION_DOWN, id[0]=0, x[0]=329.0, y[0]=380.0, toolType[0]=TOOL_TYPE_UNKNOWN, buttonState=0, metaState=0, flags=0x80000000, edgeFlags=0x0, pointerCount=1, historySize=0, eventTime=297884, downTime=297884, deviceId=0, source=0x1002 }
D/InputEventConsistencyVerifier(  435): KeyEvent: ACTION_UP but key was not down.
D/InputEventConsistencyVerifier(  435):   in android.view.ViewRootImpl@b3e9ad58
D/InputEventConsistencyVerifier(  435):   0: sent at 298781000000, KeyEvent { action=ACTION_UP, keyCode=KEYCODE_DPAD_CENTER, scanCode=0, metaState=0, flags=0x8, repeatCount=0, eventTime=298781, downTime=298781, deviceId=-1, source=0x101 }
D/InputEventConsistencyVerifier(  435):   -- recent events --
D/InputEventConsistencyVerifier(  435):   1: sent at 298709000000, MotionEvent { action=ACTION_UP, id[0]=0, x[0]=47.0, y[0]=68.0, toolType[0]=TOOL_TYPE_UNKNOWN, buttonState=0, metaState=0, flags=0x0, edgeFlags=0x0, pointerCount=1, historySize=0, eventTime=298709, downTime=298702, deviceId=0, source=0x1002 }
D/InputEventConsistencyVerifier(  435):   2: sent at 298703000000, MotionEvent { action=ACTION_DOWN, id[0]=0, x[0]=66.0, y[0]=52.0, toolType[0]=TOOL_TYPE_UNKNOWN, buttonState=0, metaState=0, flags=0x0, edgeFlags=0x0, pointerCount=1, historySize=0, eventTime=298703, downTime=298702, deviceId=0, source=0x1002 }
D/InputEventConsistencyVerifier(  435):   3: sent at 298655000000, KeyEvent { action=ACTION_UP, keyCode=KEYCODE_DPAD_DOWN, scanCode=0, metaState=0, flags=0x8, repeatCount=0, eventTime=298655, downTime=298655, deviceId=-1, source=0x101 }
D/InputEventConsistencyVerifier(  435):   4: sent at 298615000000, KeyEvent { action=ACTION_DOWN, keyCode=KEYCODE_DPAD_DOWN, scanCode=0, metaState=0, flags=0x8, repeatCount=0, eventTime=298615, downTime=298615, deviceId=-1, source=0x101 }
D/InputEventConsistencyVerifier(  435):   5: sent at 298652000000, KeyEvent { action=ACTION_UP, keyCode=KEYCODE_DPAD_UP, scanCode=0, metaState=0, flags=0x400, repeatCount=0, eventTime=298652, downTime=298652, deviceId=-1, source=0x101 }
I/Choreographer(  435): Skipped 43 frames!  The application may be doing too much work on its main thread.
W/dalvikvm(  435): DroidBox: { "FdAccess": { "path": "2f70726f632f6d656d696e666f", "id": "789757450" } }
W/DroidBox(  435): DroidBox: { "FileRW": { "operation": "read", "data": "4d656d546f74616c3a202020202020202020373438393634206b420a4d656d467265653a20202020202020202020343139373336206b420a427566666572733a20202020202020202020202036303332206b420a4361636865643a202020202020202020", "id": "789757450" } }
D/InputEventConsistencyVerifier(  435): KeyEvent: ACTION_UP but key was not down.
D/InputEventConsistencyVerifier(  435):   in com.android.systemui.statusbar.phone.StatusBarWindowView@b3e09338
D/InputEventConsistencyVerifier(  435):   0: sent at 298829000000, KeyEvent { action=ACTION_UP, keyCode=KEYCODE_DPAD_RIGHT, scanCode=0, metaState=0, flags=0x8, repeatCount=0, eventTime=298829, downTime=298829, deviceId=-1, source=0x101 }
D/InputEventConsistencyVerifier(  435):   -- recent events --
D/InputEventConsistencyVerifier(  435):   1: sent at 298781000000, (unhandled) KeyEvent { action=ACTION_UP, keyCode=KEYCODE_DPAD_CENTER, scanCode=0, metaState=0, flags=0x80000008, repeatCount=0, eventTime=298781, downTime=298781, deviceId=-1, source=0x101 }
D/InputEventConsistencyVerifier(  435):   2: sent at 298709000000, MotionEvent { action=ACTION_UP, id[0]=0, x[0]=47.0, y[0]=68.0, toolType[0]=TOOL_TYPE_UNKNOWN, buttonState=0, metaState=0, flags=0x0, edgeFlags=0x0, pointerCount=1, historySize=0, eventTime=298709, downTime=298702, deviceId=0, source=0x1002 }
D/InputEventConsistencyVerifier(  435):   3: sent at 298703000000, MotionEvent { action=ACTION_DOWN, id[0]=0, x[0]=66.0, y[0]=52.0, toolType[0]=TOOL_TYPE_UNKNOWN, buttonState=0, metaState=0, flags=0x0, edgeFlags=0x0, pointerCount=1, historySize=0, eventTime=298703, downTime=298702, deviceId=0, source=0x1002 }
D/InputEventConsistencyVerifier(  435):   4: sent at 298655000000, (unhandled) KeyEvent { action=ACTION_UP, keyCode=KEYCODE_DPAD_DOWN, scanCode=0, metaState=0, flags=0x8, repeatCount=0, eventTime=298655, downTime=298655, deviceId=-1, source=0x101 }
D/InputEventConsistencyVerifier(  435):   5: sent at 298615000000, (unhandled) KeyEvent { action=ACTION_DOWN, keyCode=KEYCODE_DPAD_DOWN, scanCode=0, metaState=0, flags=0x8, repeatCount=0, eventTime=298615, downTime=298615, deviceId=-1, source=0x101 }
V/PhoneStatusBar(  435): setLightsOn(true)
D/PhoneStatusBar(  435): disable: < expand icons alerts ticker* system_info back home recent clock >
W/InputMethodManagerService(  230): Window already focused, ignoring focus gain of: com.android.internal.view.IInputMethodClient$Stub$Proxy@b4273e60 attribute=null
D/InputEventConsistencyVerifier(  973): KeyEvent: ACTION_UP but key was not down.
D/InputEventConsistencyVerifier(  973):   in com.android.internal.policy.impl.PhoneWindow$DecorView@b42fb2c8
D/InputEventConsistencyVerifier(  973):   0: sent at 299606000000, KeyEvent { action=ACTION_UP, keyCode=KEYCODE_DPAD_CENTER, scanCode=0, metaState=0, flags=0x8, repeatCount=0, eventTime=299606, downTime=299606, deviceId=-1, source=0x101 }
D/InputEventConsistencyVerifier(  973):   -- recent events --
D/InputEventConsistencyVerifier(  973):   1: sent at 299531000000, (unhandled) MotionEvent { action=ACTION_UP, id[0]=0, x[0]=311.0, y[0]=447.0, toolType[0]=TOOL_TYPE_UNKNOWN, buttonState=0, metaState=0, flags=0x0, edgeFlags=0x0, pointerCount=1, historySize=0, eventTime=299531, downTime=299464, deviceId=0, source=0x1002 }
D/InputEventConsistencyVerifier(  973):   2: sent at 299464000000, (unhandled) MotionEvent { action=ACTION_DOWN, id[0]=0, x[0]=304.0, y[0]=448.0, toolType[0]=TOOL_TYPE_UNKNOWN, buttonState=0, metaState=0, flags=0x0, edgeFlags=0x0, pointerCount=1, historySize=0, eventTime=299464, downTime=299464, deviceId=0, source=0x1002 }
D/InputEventConsistencyVerifier(  973):   3: sent at 299314000000, (unhandled) KeyEvent { action=ACTION_UP, keyCode=KEYCODE_DPAD_RIGHT, scanCode=0, metaState=0, flags=0x8, repeatCount=0, eventTime=299314, downTime=299314, deviceId=-1, source=0x101 }
D/InputEventConsistencyVerifier(  973):   4: sent at 299291000000, KeyEvent { action=ACTION_DOWN, keyCode=KEYCODE_DPAD_RIGHT, scanCode=0, metaState=0, flags=0x8, repeatCount=0, eventTime=299291, downTime=299291, deviceId=-1, source=0x101 }
D/InputEventConsistencyVerifier(  973):   5: sent at 299246000000, (unhandled) KeyEvent { action=ACTION_UP, keyCode=KEYCODE_DPAD_LEFT, scanCode=0, metaState=0, flags=0x8, repeatCount=0, eventTime=299246, downTime=299246, deviceId=-1, source=0x101 }
I/ActivityManager(  230): START {act=android.intent.action.CALL_BUTTON flg=0x10000000 cmp=com.android.contacts/.activities.DialtactsActivity u=0} from pid 973
I/Choreographer(  973): Skipped 127 frames!  The application may be doing too much work on its main thread.
I/Choreographer(  973): Skipped 51 frames!  The application may be doing too much work on its main thread.
I/Choreographer(  491): Skipped 341 frames!  The application may be doing too much work on its main thread.
I/Choreographer(  973): Skipped 42 frames!  The application may be doing too much work on its main thread.
I/InputAttributes(  491): InputType.TYPE_NULL is specified
D/InputEventConsistencyVerifier(  973): KeyEvent: ACTION_UP but key was not down.
D/InputEventConsistencyVerifier(  973):   in android.widget.LinearLayout@b42b4638
D/InputEventConsistencyVerifier(  973):   0: sent at 301368000000, KeyEvent { action=ACTION_UP, keyCode=KEYCODE_DPAD_UP, scanCode=0, metaState=0, flags=0x400, repeatCount=0, eventTime=301368, downTime=301368, deviceId=-1, source=0x101 }
D/InputEventConsistencyVerifier(  973):   -- recent events --
D/InputEventConsistencyVerifier(  973):   1: sent at 300592000000, (unhandled) KeyEvent { action=ACTION_UP, keyCode=KEYCODE_NUMPAD_MULTIPLY, scanCode=0, metaState=0, flags=0x8, repeatCount=0, eventTime=300592, downTime=300592, deviceId=-1, source=0x101 }
D/InputEventConsistencyVerifier(  973):   2: sent at 300507000000, (unhandled) KeyEvent { action=ACTION_DOWN, keyCode=KEYCODE_NUMPAD_MULTIPLY, scanCode=0, metaState=0, flags=0x8, repeatCount=0, eventTime=300507, downTime=300507, deviceId=-1, source=0x101 }
D/InputEventConsistencyVerifier(  973):   3: sent at 300577000000, (unhandled) KeyEvent { action=ACTION_UP, keyCode=KEYCODE_DPAD_RIGHT, scanCode=0, metaState=0, flags=0x400, repeatCount=0, eventTime=300577, downTime=300577, deviceId=-1, source=0x101 }
D/InputEventConsistencyVerifier(  973):   4: sent at 300577000000, KeyEvent { action=ACTION_DOWN, keyCode=KEYCODE_DPAD_RIGHT, scanCode=0, metaState=0, flags=0x400, repeatCount=0, eventTime=300577, downTime=300577, deviceId=-1, source=0x101 }
D/InputEventConsistencyVerifier(  973):   5: sent at 300577000000, (unhandled) KeyEvent { action=ACTION_UP, keyCode=KEYCODE_DPAD_RIGHT, scanCode=0, metaState=0, flags=0x400, repeatCount=0, eventTime=300577, downTime=300577, deviceId=-1, source=0x101 }
I/Choreographer(  491): Skipped 90 frames!  The application may be doing too much work on its main thread.
I/InputDispatcher(  230): Window 'Window{b3eaedc8 com.extend.battery/com.extend.battery.RatingActivity paused=false}' spent 2720.1ms processing the last input event: MotionEvent(action=2, deviceId=0, source=0x00010004)
I/InputDispatcher(  230): Window 'Window{b3eaedc8 com.extend.battery/com.extend.battery.RatingActivity paused=false}' spent 2717.6ms processing the last input event: MotionEvent(action=2, deviceId=0, source=0x00010004)
I/InputDispatcher(  230): Window 'Window{b3eaedc8 com.extend.battery/com.extend.battery.RatingActivity paused=false}' spent 2706.9ms processing the last input event: MotionEvent(action=2, deviceId=0, source=0x00010004)
I/InputDispatcher(  230): Window 'Window{b3eaedc8 com.extend.battery/com.extend.battery.RatingActivity paused=false}' spent 2707.6ms processing the last input event: MotionEvent(action=2, deviceId=0, source=0x00010004)
I/Choreographer(  973): Skipped 37 frames!  The application may be doing too much work on its main thread.
I/Choreographer(  973): Skipped 63 frames!  The application may be doing too much work on its main thread.
V/PhoneStatusBar(  435): setLightsOn(true)
W/InputMethodManagerService(  230): Window already focused, ignoring focus gain of: com.android.internal.view.IInputMethodClient$Stub$Proxy@b3fd9da0 attribute=android.view.inputmethod.EditorInfo@b3fd9db8
I/InputAttributes(  491): InputType.TYPE_NULL is specified
I/Choreographer(  973): Skipped 50 frames!  The application may be doing too much work on its main thread.
I/Choreographer(  491): Skipped 126 frames!  The application may be doing too much work on its main thread.
I/InputAttributes(  491): InputType.TYPE_NULL is specified
D/InputEventConsistencyVerifier(  973): KeyEvent: ACTION_UP but key was not down.
D/InputEventConsistencyVerifier(  973):   in com.android.internal.policy.impl.PhoneWindow$DecorView@b42fb2c8
D/InputEventConsistencyVerifier(  973):   0: sent at 305386000000, KeyEvent { action=ACTION_UP, keyCode=KEYCODE_DPAD_UP, scanCode=0, metaState=0, flags=0x8, repeatCount=0, eventTime=305386, downTime=305386, deviceId=-1, source=0x101 }
D/InputEventConsistencyVerifier(  973):   -- recent events --
D/InputEventConsistencyVerifier(  973):   1: sent at 304277000000, (unhandled) KeyEvent { action=ACTION_UP, keyCode=KEYCODE_MENU, scanCode=0, metaState=0, flags=0x8, repeatCount=0, eventTime=304277, downTime=304277, deviceId=-1, source=0x101 }
D/InputEventConsistencyVerifier(  973):   2: sent at 304253000000, (unhandled) KeyEvent { action=ACTION_DOWN, keyCode=KEYCODE_MENU, scanCode=0, metaState=0, flags=0x8, repeatCount=0, eventTime=304253, downTime=304253, deviceId=-1, source=0x101 }
D/InputEventConsistencyVerifier(  973):   3: sent at 303805000000, (unhandled) KeyEvent { action=ACTION_UP, keyCode=KEYCODE_DPAD_CENTER, scanCode=0, metaState=0, flags=0x8, repeatCount=0, eventTime=303805, downTime=303805, deviceId=-1, source=0x101 }
D/InputEventConsistencyVerifier(  973):   4: sent at 301096000000, (unhandled) KeyEvent { action=ACTION_DOWN, keyCode=KEYCODE_DPAD_CENTER, scanCode=0, metaState=0, flags=0x8, repeatCount=0, eventTime=301096, downTime=301096, deviceId=-1, source=0x101 }
D/InputEventConsistencyVerifier(  973):   5: sent at 303792000000, (unhandled) KeyEvent { action=ACTION_UP, keyCode=KEYCODE_DPAD_LEFT, scanCode=0, metaState=0, flags=0x400, repeatCount=0, eventTime=303792, downTime=303792, deviceId=-1, source=0x101 }
I/Choreographer(  491): Skipped 75 frames!  The application may be doing too much work on its main thread.
W/DroidBox( 1103): DroidBox: { "ServiceStart": { "name": "com.android.music.MediaPlaybackService" } }
W/DroidBox( 1103): DroidBox: { "ServiceStart": { "name": "com.android.music.MediaPlaybackService" } }
I/AudioService(  230):  AudioFocus  requestAudioFocus() from android.media.AudioManager@b3de86b0com.android.music.MediaPlaybackService$3@b3de6ee8
I/AudioService(  230):   Remote Control   registerMediaButtonIntent() for PendingIntent{b3fe71b0: PendingIntentRecord{b41fa850 com.android.music broadcastIntent}}
I/Choreographer(  973): Skipped 37 frames!  The application may be doing too much work on its main thread.
V/PhoneStatusBar(  435): setLightsOn(true)
D/InputEventConsistencyVerifier(  973): KeyEvent: ACTION_UP but key was not down.
D/InputEventConsistencyVerifier(  973):   in android.view.ViewRootImpl@b4287e78
D/InputEventConsistencyVerifier(  973):   0: sent at 308045000000, KeyEvent { action=ACTION_UP, keyCode=KEYCODE_DPAD_UP, scanCode=0, metaState=0, flags=0x8, repeatCount=0, eventTime=308045, downTime=308045, deviceId=-1, source=0x101 }
D/InputEventConsistencyVerifier(  973):   -- recent events --
D/InputEventConsistencyVerifier(  973):   1: sent at 307184000000, MotionEvent { action=ACTION_UP, id[0]=0, x[0]=212.0, y[0]=278.0, toolType[0]=TOOL_TYPE_UNKNOWN, buttonState=0, metaState=0, flags=0x0, edgeFlags=0x0, pointerCount=1, historySize=0, eventTime=307184, downTime=307160, deviceId=0, source=0x1002 }
D/InputEventConsistencyVerifier(  973):   2: sent at 307161000000, MotionEvent { action=ACTION_DOWN, id[0]=0, x[0]=204.0, y[0]=289.0, toolType[0]=TOOL_TYPE_UNKNOWN, buttonState=0, metaState=0, flags=0x0, edgeFlags=0x0, pointerCount=1, historySize=0, eventTime=307161, downTime=307160, deviceId=0, source=0x1002 }
D/InputEventConsistencyVerifier(  973):   3: sent at 306945000000, KeyEvent { action=ACTION_UP, keyCode=KEYCODE_MENU, scanCode=0, metaState=0, flags=0x8, repeatCount=0, eventTime=306945, downTime=306945, deviceId=-1, source=0x101 }
D/InputEventConsistencyVerifier(  973):   4: sent at 306688000000, KeyEvent { action=ACTION_DOWN, keyCode=KEYCODE_MENU, scanCode=0, metaState=0, flags=0x8, repeatCount=0, eventTime=306688, downTime=306688, deviceId=-1, source=0x101 }
D/InputEventConsistencyVerifier(  973):   5: sent at 306618000000, KeyEvent { action=ACTION_UP, keyCode=KEYCODE_MEDIA_PLAY, scanCode=0, metaState=0, flags=0x8, repeatCount=0, eventTime=306618, downTime=306618, deviceId=-1, source=0x101 }
I/Choreographer(  973): Skipped 178 frames!  The application may be doing too much work on its main thread.
W/InputMethodManagerService(  230): Window already focused, ignoring focus gain of: com.android.internal.view.IInputMethodClient$Stub$Proxy@b419c548 attribute=android.view.inputmethod.EditorInfo@b419c560
I/InputAttributes(  491): InputType.TYPE_NULL is specified
I/Choreographer(  491): Skipped 156 frames!  The application may be doing too much work on its main thread.
I/InputAttributes(  491): InputType.TYPE_NULL is specified
D/InputEventConsistencyVerifier(  973): KeyEvent: ACTION_UP but key was not down.
D/InputEventConsistencyVerifier(  973):   in com.android.internal.policy.impl.PhoneWindow$DecorView@b42fb2c8
D/InputEventConsistencyVerifier(  973):   0: sent at 308358000000, KeyEvent { action=ACTION_UP, keyCode=KEYCODE_DPAD_RIGHT, scanCode=0, metaState=0, flags=0x400, repeatCount=0, eventTime=308358, downTime=308358, deviceId=-1, source=0x101 }
D/InputEventConsistencyVerifier(  973):   -- recent events --
D/InputEventConsistencyVerifier(  973):   1: sent at 308153000000, (unhandled) MotionEvent { action=ACTION_MOVE, id[0]=0, x[0]=3.0, y[0]=0.0, toolType[0]=TOOL_TYPE_UNKNOWN, buttonState=0, metaState=0, flags=0x0, edgeFlags=0x0, pointerCount=1, historySize=9, eventTime=308153, downTime=-1, deviceId=0, source=0x10004 }
D/InputEventConsistencyVerifier(  973):   2: sent at 308045000000, (unhandled) KeyEvent { action=ACTION_UP, keyCode=KEYCODE_DPAD_UP, scanCode=0, metaState=0, flags=0x80000008, repeatCount=0, eventTime=308045, downTime=308045, deviceId=-1, source=0x101 }
D/InputEventConsistencyVerifier(  973):   3: sent at 307184000000, (unhandled) MotionEvent { action=ACTION_UP, id[0]=0, x[0]=212.0, y[0]=407.0, toolType[0]=TOOL_TYPE_UNKNOWN, buttonState=0, metaState=0, flags=0x0, edgeFlags=0x0, pointerCount=1, historySize=0, eventTime=307184, downTime=307160, deviceId=0, source=0x1002 }
D/InputEventConsistencyVerifier(  973):   4: sent at 307161000000, (unhandled) MotionEvent { action=ACTION_DOWN, id[0]=0, x[0]=204.0, y[0]=418.0, toolType[0]=TOOL_TYPE_UNKNOWN, buttonState=0, metaState=0, flags=0x0, edgeFlags=0x0, pointerCount=1, historySize=0, eventTime=307161, downTime=307160, deviceId=0, source=0x1002 }
D/InputEventConsistencyVerifier(  973):   5: sent at 306945000000, (unhandled) KeyEvent { action=ACTION_UP, keyCode=KEYCODE_MENU, scanCode=0, metaState=0, flags=0x8, repeatCount=0, eventTime=306945, downTime=306945, deviceId=-1, source=0x101 }
I/Choreographer(  491): Skipped 76 frames!  The application may be doing too much work on its main thread.
I/Choreographer(  491): Skipped 41 frames!  The application may be doing too much work on its main thread.
I/Choreographer(  973): Skipped 39 frames!  The application may be doing too much work on its main thread.
V/PhoneStatusBar(  435): setLightsOn(true)
I/Choreographer(  973): Skipped 38 frames!  The application may be doing too much work on its main thread.
W/InputMethodManagerService(  230): Window already focused, ignoring focus gain of: com.android.internal.view.IInputMethodClient$Stub$Proxy@b43137b8 attribute=android.view.inputmethod.EditorInfo@b3f6cd18
I/InputAttributes(  491): InputType.TYPE_NULL is specified
I/Choreographer(  973): Skipped 34 frames!  The application may be doing too much work on its main thread.
I/Choreographer(  491): Skipped 101 frames!  The application may be doing too much work on its main thread.
I/Choreographer(  491): Skipped 30 frames!  The application may be doing too much work on its main thread.
I/InputAttributes(  491): InputType.TYPE_NULL is specified
D/InputEventConsistencyVerifier(  973): KeyEvent: ACTION_UP but key was not down.
D/InputEventConsistencyVerifier(  973):   in com.android.internal.policy.impl.PhoneWindow$DecorView@b42fb2c8
D/InputEventConsistencyVerifier(  973):   0: sent at 312029000000, KeyEvent { action=ACTION_UP, keyCode=KEYCODE_DPAD_UP, scanCode=0, metaState=0, flags=0x8, repeatCount=0, eventTime=312029, downTime=312029, deviceId=-1, source=0x101 }
D/InputEventConsistencyVerifier(  973):   -- recent events --
D/InputEventConsistencyVerifier(  973):   1: sent at 311067000000, (unhandled) KeyEvent { action=ACTION_UP, keyCode=KEYCODE_FORWARD_DEL, scanCode=0, metaState=0, flags=0x8, repeatCount=0, eventTime=311067, downTime=311067, deviceId=-1, source=0x101 }
D/InputEventConsistencyVerifier(  973):   2: sent at 311067000000, (unhandled) KeyEvent { action=ACTION_UP, keyCode=KEYCODE_NUMPAD_DOT, scanCode=0, metaState=0, flags=0x8, repeatCount=0, eventTime=311067, downTime=311067, deviceId=-1, source=0x101 }
D/InputEventConsistencyVerifier(  973):   3: sent at 311061000000, (unhandled) KeyEvent { action=ACTION_DOWN, keyCode=KEYCODE_FORWARD_DEL, scanCode=0, metaState=0, flags=0x8, repeatCount=0, eventTime=311061, downTime=311061, deviceId=-1, source=0x101 }
D/InputEventConsistencyVerifier(  973):   4: sent at 311061000000, (unhandled) KeyEvent { action=ACTION_DOWN, keyCode=KEYCODE_NUMPAD_DOT, scanCode=0, metaState=0, flags=0x8, repeatCount=0, eventTime=311061, downTime=311061, deviceId=-1, source=0x101 }
D/InputEventConsistencyVerifier(  973):   5: sent at 310460000000, (unhandled) KeyEvent { action=ACTION_UP, keyCode=KEYCODE_Z, scanCode=0, metaState=0, flags=0x0, repeatCount=0, eventTime=310460, downTime=310460, deviceId=-1, source=0x101 }
I/Choreographer(  973): Skipped 64 frames!  The application may be doing too much work on its main thread.
I/Choreographer(  491): Skipped 91 frames!  The application may be doing too much work on its main thread.
I/Choreographer(  973): Skipped 57 frames!  The application may be doing too much work on its main thread.
V/PhoneStatusBar(  435): setLightsOn(true)
W/InputManager(  230): Input event injection from pid 928 failed.
W/InputManager(  230): Input event injection from pid 928 failed.
I/Choreographer(  973): Skipped 78 frames!  The application may be doing too much work on its main thread.
W/InputMethodManagerService(  230): Window already focused, ignoring focus gain of: com.android.internal.view.IInputMethodClient$Stub$Proxy@b3e5c7e8 attribute=android.view.inputmethod.EditorInfo@b41e8300
I/InputAttributes(  491): InputType.TYPE_NULL is specified
I/Choreographer(  973): Skipped 67 frames!  The application may be doing too much work on its main thread.
I/Choreographer(  491): Skipped 126 frames!  The application may be doing too much work on its main thread.
D/InputEventConsistencyVerifier(  973): KeyEvent: ACTION_UP but key was not down.
D/InputEventConsistencyVerifier(  973):   in com.android.internal.policy.impl.PhoneWindow$DecorView@b42fb2c8
D/InputEventConsistencyVerifier(  973):   0: sent at 314383000000, KeyEvent { action=ACTION_UP, keyCode=KEYCODE_DPAD_CENTER, scanCode=0, metaState=0, flags=0x8, repeatCount=0, eventTime=314383, downTime=314383, deviceId=-1, source=0x101 }
D/InputEventConsistencyVerifier(  973):   -- recent events --
D/InputEventConsistencyVerifier(  973):   1: sent at 313556000000, (unhandled) MotionEvent { action=ACTION_UP, id[0]=0, x[0]=423.0, y[0]=203.0, toolType[0]=TOOL_TYPE_UNKNOWN, buttonState=0, metaState=0, flags=0x0, edgeFlags=0x0, pointerCount=1, historySize=0, eventTime=313556, downTime=313526, deviceId=0, source=0x1002 }
D/InputEventConsistencyVerifier(  973):   2: sent at 313527000000, (unhandled) MotionEvent { action=ACTION_DOWN, id[0]=0, x[0]=423.0, y[0]=205.0, toolType[0]=TOOL_TYPE_UNKNOWN, buttonState=0, metaState=0, flags=0x0, edgeFlags=0x0, pointerCount=1, historySize=0, eventTime=313527, downTime=313526, deviceId=0, source=0x1002 }
D/InputEventConsistencyVerifier(  973):   3: sent at 313332000000, (unhandled) MotionEvent { action=ACTION_UP, id[0]=0, x[0]=350.0, y[0]=448.0, toolType[0]=TOOL_TYPE_UNKNOWN, buttonState=0, metaState=0, flags=0x0, edgeFlags=0x0, pointerCount=1, historySize=0, eventTime=313332, downTime=313324, deviceId=0, source=0x1002 }
D/InputEventConsistencyVerifier(  973):   4: sent at 313324000000, (unhandled) MotionEvent { action=ACTION_DOWN, id[0]=0, x[0]=346.0, y[0]=454.0, toolType[0]=TOOL_TYPE_UNKNOWN, buttonState=0, metaState=0, flags=0x0, edgeFlags=0x0, pointerCount=1, historySize=0, eventTime=313324, downTime=313324, deviceId=0, source=0x1002 }
D/InputEventConsistencyVerifier(  973):   5: sent at 313289000000, (unhandled) KeyEvent { action=ACTION_UP, keyCode=KEYCODE_MENU, scanCode=0, metaState=0, flags=0x8, repeatCount=0, eventTime=313289, downTime=313289, deviceId=-1, source=0x101 }
I/InputAttributes(  491): InputType.TYPE_NULL is specified
I/Choreographer(  491): Skipped 71 frames!  The application may be doing too much work on its main thread.
D/InputEventConsistencyVerifier(  973): KeyEvent: ACTION_UP but key was not down.
D/InputEventConsistencyVerifier(  973):   in android.widget.LinearLayout@b42a7e08
D/InputEventConsistencyVerifier(  973):   0: sent at 316195000000, KeyEvent { action=ACTION_UP, keyCode=KEYCODE_DPAD_DOWN, scanCode=0, metaState=0, flags=0x8, repeatCount=0, eventTime=316195, downTime=316195, deviceId=-1, source=0x101 }
D/InputEventConsistencyVerifier(  973):   -- recent events --
D/InputEventConsistencyVerifier(  973):   1: sent at 313324000000, (unhandled) MotionEvent { action=ACTION_DOWN, id[0]=0, x[0]=328.0, y[0]=41.0, toolType[0]=TOOL_TYPE_UNKNOWN, buttonState=0, metaState=0, flags=0x0, edgeFlags=0x0, pointerCount=1, historySize=0, eventTime=313324, downTime=313324, deviceId=0, source=0x1002 }
D/InputEventConsistencyVerifier(  973):   2: sent at 307161000000, (unhandled) MotionEvent { action=ACTION_DOWN, id[0]=0, x[0]=186.0, y[0]=5.0, toolType[0]=TOOL_TYPE_UNKNOWN, buttonState=0, metaState=0, flags=0x0, edgeFlags=0x0, pointerCount=1, historySize=0, eventTime=307161, downTime=307160, deviceId=0, source=0x1002 }
D/InputEventConsistencyVerifier(  973):   3: sent at 301368000000, (unhandled) KeyEvent { action=ACTION_DOWN, keyCode=KEYCODE_DPAD_UP, scanCode=0, metaState=0, flags=0x400, repeatCount=0, eventTime=301368, downTime=301368, deviceId=-1, source=0x101 }
D/InputEventConsistencyVerifier(  973):   4: sent at 301045000000, (unhandled) MotionEvent { action=ACTION_MOVE, id[0]=0, x[0]=2.0, y[0]=-2.0, toolType[0]=TOOL_TYPE_UNKNOWN, buttonState=0, metaState=0, flags=0x0, edgeFlags=0x0, pointerCount=1, historySize=5, eventTime=301045, downTime=-1, deviceId=0, source=0x10004 }
D/InputEventConsistencyVerifier(  973):   5: sent at 301002000000, MotionEvent { action=ACTION_UP, id[0]=0, x[0]=240.0, y[0]=123.0, toolType[0]=TOOL_TYPE_UNKNOWN, buttonState=0, metaState=0, flags=0x0, edgeFlags=0x0, pointerCount=1, historySize=0, eventTime=301002, downTime=300985, deviceId=0, source=0x1002 }
I/Choreographer(  491): Skipped 77 frames!  The application may be doing too much work on its main thread.
I/Choreographer(  973): Skipped 42 frames!  The application may be doing too much work on its main thread.
I/ActivityManager(  230): START {act=android.intent.action.MAIN cat=[android.intent.category.LAUNCHER] flg=0x10200000 cmp=com.extend.battery/.Splash u=0} from pid 928
V/PhoneStatusBar(  435): setLightsOn(true)
D/InputEventConsistencyVerifier(  973): KeyEvent: ACTION_UP but key was not down.
D/InputEventConsistencyVerifier(  973):   in android.view.ViewRootImpl@b4287e78
D/InputEventConsistencyVerifier(  973):   0: sent at 318021000000, KeyEvent { action=ACTION_UP, keyCode=KEYCODE_DPAD_DOWN, scanCode=0, metaState=0, flags=0x8, repeatCount=0, eventTime=318021, downTime=318021, deviceId=-1, source=0x101 }
D/InputEventConsistencyVerifier(  973):   -- recent events --
D/InputEventConsistencyVerifier(  973):   1: sent at 317252000000, MotionEvent { action=ACTION_UP, id[0]=0, x[0]=299.0, y[0]=291.0, toolType[0]=TOOL_TYPE_UNKNOWN, buttonState=0, metaState=0, flags=0x0, edgeFlags=0x0, pointerCount=1, historySize=0, eventTime=317252, downTime=317215, deviceId=0, source=0x1002 }
D/InputEventConsistencyVerifier(  973):   2: sent at 317240000000, MotionEvent { action=ACTION_MOVE, id[0]=0, x[0]=305.0, y[0]=299.0, toolType[0]=TOOL_TYPE_UNKNOWN, buttonState=0, metaState=0, flags=0x0, edgeFlags=0x0, pointerCount=1, historySize=3, eventTime=317240, downTime=317215, deviceId=0, source=0x1002 }
