D/InputEventConsistencyVerifier(  599): KeyEvent: ACTION_UP but key was not down.
D/InputEventConsistencyVerifier(  599):   in com.android.internal.policy.impl.PhoneWindow$DecorView@b409b8d8
D/InputEventConsistencyVerifier(  599):   0: sent at 97352000000, KeyEvent { action=ACTION_UP, keyCode=KEYCODE_DPAD_RIGHT, scanCode=0, metaState=0, flags=0x8, repeatCount=0, eventTime=97352, downTime=97352, deviceId=-1, source=0x101 }
W/dalvikvm(  946): DroidBox: { "FdAccess": { "path": "2f6465762f696e7075742f6576656e7430", "id": "652750629" } }
W/DroidBox(  946): DroidBox: { "FileRW": { "operation": "write", "data": "efbfbd060000efbfbdefbfbd0c000500000000000000", "id": "652750629" } }
I/ActivityManager(  229): START {act=android.search.action.GLOBAL_SEARCH flg=0x10000000 cmp=com.android.quicksearchbox/.SearchActivity bnds=[5,43][475,103] (has extras) u=0} from pid 599
I/Choreographer(  599): Skipped 39 frames!  The application may be doing too much work on its main thread.
I/Choreographer(  599): Skipped 30 frames!  The application may be doing too much work on its main thread.
I/dalvikvm-heap(  599): Grow heap (frag case) to 15.066MB for 1463056-byte allocation
E/Trace   (  964): error opening trace file: No such file or directory (2)
I/ARMAssembler(   58): generated scanline__00000077:03010104_00008002_00000000 [ 89 ipp] (110 ins) at [0xb5dcc710:0xb5dcc8c8] in 0 ns
W/DroidBox(  964): DroidBox: { "DexClassLoader": { "path": "/data/app/g.calculator.instax-1.apk" } }
D/InputEventConsistencyVerifier(  599): KeyEvent: ACTION_UP but key was not down.
D/InputEventConsistencyVerifier(  599):   in com.android.launcher2.Cling@b40ea598
D/InputEventConsistencyVerifier(  599):   0: sent at 97611000000, KeyEvent { action=ACTION_UP, keyCode=KEYCODE_DPAD_DOWN, scanCode=0, metaState=0, flags=0x8, repeatCount=0, eventTime=97611, downTime=97611, deviceId=-1, source=0x101 }
I/Choreographer(  599): Skipped 214 frames!  The application may be doing too much work on its main thread.
W/InputMethodManagerService(  229): Starting input on non-focused client com.android.internal.view.IInputMethodClient$Stub$Proxy@b3ec64b8 (uid=10019 pid=599)
E/WVMExtractor(   61): Failed to open libwvm.so
W/dalvikvm(  543): DroidBox: { "FdAccess": { "path": "2f70726f632f6d656d696e666f", "id": "105326404" } }
W/DroidBox(  543): DroidBox: { "FileRW": { "operation": "read", "data": "4d656d546f74616c3a202020202020202020373438393634206b420a4d656d467265653a20202020202020202020343738383430206b420a427566666572733a20202020202020202020202034373438206b420a4361636865643a202020202020202020", "id": "105326404" } }
W/dalvikvm(  480): DroidBox: { "FdAccess": { "path": "2f646174612f646174612f636f6d2e616e64726f69642e696e7075746d6574686f642e6c6174696e2f66696c65732f636f6e74616374732e656e5f55532e646963742e74656d70", "id": "448170583" } }
W/DroidBox(  480): DroidBox: { "FileRW": { "operation": "write", "data": "78efbfbd010000", "id": "448170583" } }
W/dalvikvm(  480): DroidBox: { "FdAccess": { "path": "2f646174612f646174612f636f6d2e616e64726f69642e696e7075746d6574686f642e6c6174696e2f66696c65732f636f6e74616374732e656e5f55532e646963742e74656d70", "id": "1316501993" } }
W/DroidBox(  480): DroidBox: { "FileRW": { "operation": "write", "data": "00", "id": "1316501993" } }
I/ContactDirectoryManager(  543): deleted 0 stale rows which don't have any relevant directory
I/ContactDirectoryManager(  543): Discovered 0 contact directories in 1528ms
I/ContactsDatabaseHelper(  543): Switching to locale en_US
I/Ads     (  964): To get test ads on this device, call adRequest.addTestDevice("29236A7D23D8C2ABE630218FBDB08FC4");
I/Ads     (  964): adRequestUrlHtml: <html><head><script src="http://www.gstatic.com/afma/sdk-core-v40.js"></script><script>AFMA_buildAdURL({"preqs":0,"u_sd":1.5,"slotname":"a14e38299d45a54","u_w":320,"msid":"g.calculator.instax","cap":"m,a","js":"afma-sdk-a-v4.1.1","isu":"29236A7D23D8C2ABE630218FBDB08FC4","format":"320x50_mb","net":"ed","app_name":"6.android.g.calculator.instax","hl":"en","u_h":533,"u_audio":1});</script></head><body></body></html>
W/dalvikvm(  964): DroidBox: { "FdAccess": { "path": "2f646174612f646174612f672e63616c63756c61746f722e696e737461782f7368617265645f70726566732f50757368466c61672e786d6c", "id": "1587475120" } }
W/DroidBox(  964): DroidBox: { "FileRW": { "operation": "write", "data": "3c3f786d6c2076657273696f6e3d27312e302720656e636f64696e673d277574662d3827207374616e64616c6f6e653d2779657327203f3e0a3c6d61703e0a3c737472696e67206e616d653d22707573685f666c6167223e747275653c2f737472696e67", "id": "1587475120" } }
E/WVMExtractor(   61): Failed to open libwvm.so
D/WAPS_SDK(  964): WapsId is setted by manifest, the value is: 36e5fa1294e8453a755279fe0687831a
W/BackupManagerService(  229): dataChanged but no participant pkg='com.android.providers.settings' uid=10011
D/WAPS_SDK(  964): The net is: epc.tmobile.com
W/dalvikvm(  229): DroidBox: { "FdAccess": { "path": "2f70726f632f3934362f636d646c696e65", "id": "2130685591" } }
W/DroidBox(  229): DroidBox: { "FileRW": { "operation": "read", "data": "636f6d2e616e64726f69642e636f6d6d616e64732e6d6f6e6b657900000000000000000000000000000000000000000000000000000000000000000000000000000000000000000000000000000000000000000000000000000000343962313836333537", "id": "2130685591" } }
W/dalvikvm(  229): DroidBox: { "FdAccess": { "path": "2f70726f632f3934382f636d646c696e65", "id": "185528405" } }
W/DroidBox(  229): DroidBox: { "FileRW": { "operation": "read", "data": "6c6f676361740044726f6964426f783a570064616c76696b766d3a570041637469766974794d616e616765723a49000000000000000000000000000000000000000000000000000000000000000000000000000000000000000000343962313836333537", "id": "185528405" } }
W/dalvikvm(  229): DroidBox: { "FdAccess": { "path": "2f70726f632f3935302f636d646c696e65", "id": "372621655" } }
W/DroidBox(  229): DroidBox: { "FileRW": { "operation": "read", "data": "2f73797374656d2f62696e2f7368002d63007368202e2f7364636172642f65786563757465537472616365496e2e736800000000000000000000000000000000000000000000000000000000000000000000000000000000000000343962313836333537", "id": "372621655" } }
W/dalvikvm(  229): DroidBox: { "FdAccess": { "path": "2f70726f632f3935322f636d646c696e65", "id": "384154228" } }
W/DroidBox(  229): DroidBox: { "FileRW": { "operation": "read", "data": "7368002e2f7364636172642f65786563757465537472616365496e2e736800786563757465537472616365496e2e736800000000000000000000000000000000000000000000000000000000000000000000000000000000000000343962313836333537", "id": "384154228" } }
W/dalvikvm(  229): DroidBox: { "FdAccess": { "path": "2f70726f632f3935332f636d646c696e65", "id": "1521500486" } }
W/DroidBox(  229): DroidBox: { "FileRW": { "operation": "read", "data": "737472616365002d70003539002d66002d747446002d6f002f7364636172642f313266623139323561346565663439623138363335373335333265396464653763646634316436643232306332383232316562656439613863366232396538612e61706b", "id": "1521500486" } }
W/dalvikvm(  229): DroidBox: { "FdAccess": { "path": "2f70726f632f3936342f636d646c696e65", "id": "2001525467" } }
W/DroidBox(  229): DroidBox: { "FileRW": { "operation": "read", "data": "672e63616c63756c61746f722e696e7374617800000000000000000000000000000000000000000000000000000000000000000000000000000000000000000000000000000000000000000032383232316562656439613863366232396538612e61706b", "id": "2001525467" } }
W/dalvikvm(  964): DroidBox: { "FdAccess": { "path": "2f646174612f646174612f672e63616c63756c61746f722e696e737461782f7368617265645f70726566732f507573685f53657474696e67732e786d6c", "id": "252981906" } }
W/DroidBox(  964): DroidBox: { "FileRW": { "operation": "write", "data": "3c3f786d6c2076657273696f6e3d27312e302720656e636f64696e673d277574662d3827207374616e64616c6f6e653d2779657327203f3e0a3c6d61703e0a3c696e74206e616d653d22707573685f69636f6e222076616c75653d223231333038333735", "id": "252981906" } }
E/WVMExtractor(   61): Failed to open libwvm.so
I/InputDispatcher(  229): Application is not responding: AppWindowToken{b41c1780 token=Token{b4269b10 ActivityRecord{b4269898 g.calculator.instax/.InstaxCalculatorTab}}}.  It has been 5085.8ms since event, 5010.6ms since wait started.  Reason: Waiting because no window has focus but there is a focused application that may eventually add a window when it finishes starting up.
I/WindowManager(  229): Input event dispatching timed out sending to application AppWindowToken{b41c1780 token=Token{b4269b10 ActivityRecord{b4269898 g.calculator.instax/.InstaxCalculatorTab}}}
W/dalvikvm(  964): DroidBox: { "FdAccess": { "path": "2f70726f632f6d656d696e666f", "id": "284202267" } }
W/DroidBox(  964): DroidBox: { "FileRW": { "operation": "read", "data": "4d656d546f74616c3a202020202020202020373438393634206b420a4d656d467265653a20202020202020202020343732333336206b420a427566666572733a20202020202020202020202034393038206b420a4361636865643a202020202020202020", "id": "284202267" } }
W/dalvikvm(  964): DroidBox: { "FdAccess": { "path": "2f70726f632f6d656d696e666f", "id": "1583729658" } }
W/DroidBox(  964): DroidBox: { "FileRW": { "operation": "read", "data": "4d656d546f74616c3a202020202020202020373438393634206b420a4d656d467265653a20202020202020202020343732333336206b420a427566666572733a20202020202020202020202034393136206b420a4361636865643a202020202020202020", "id": "1583729658" } }
I/Process (  229): Sending signal. PID: 964 SIG: 3
E/MetadataRetrieverClient(   61): failed to extract an album art
I/Process (  229): Sending signal. PID: 229 SIG: 3
I/Process (  229): Sending signal. PID: 426 SIG: 3
I/Process (  229): Sending signal. PID: 497 SIG: 3
W/dalvikvm(  229): DroidBox: { "FdAccess": { "path": "2f70726f632f312f636d646c696e65", "id": "1170196414" } }
W/DroidBox(  229): DroidBox: { "FileRW": { "operation": "read", "data": "2f696e69740000000000000000000000000000000000000000000000000000000000000000000000000000000000000000000000000000000000000000000000000000000000000000000000000000000000000000000000000000000000000000000000", "id": "1170196414" } }
W/dalvikvm(  229): DroidBox: { "FdAccess": { "path": "2f70726f632f322f636d646c696e65", "id": "689009559" } }
W/DroidBox(  229): DroidBox: { "FileRW": { "operation": "read", "data": "2f696e69740000000000000000000000000000000000000000000000000000000000000000000000000000000000000000000000000000000000000000000000000000000000000000000000000000000000000000000000000000000000000000000000", "id": "689009559" } }
W/dalvikvm(  229): DroidBox: { "FdAccess": { "path": "2f70726f632f332f636d646c696e65", "id": "1005781582" } }
W/DroidBox(  229): DroidBox: { "FileRW": { "operation": "read", "data": "2f696e69740000000000000000000000000000000000000000000000000000000000000000000000000000000000000000000000000000000000000000000000000000000000000000000000000000000000000000000000000000000000000000000000", "id": "1005781582" } }
W/dalvikvm(  229): DroidBox: { "FdAccess": { "path": "2f70726f632f342f636d646c696e65", "id": "2075796015" } }
W/DroidBox(  229): DroidBox: { "FileRW": { "operation": "read", "data": "2f696e69740000000000000000000000000000000000000000000000000000000000000000000000000000000000000000000000000000000000000000000000000000000000000000000000000000000000000000000000000000000000000000000000", "id": "2075796015" } }
W/dalvikvm(  229): DroidBox: { "FdAccess": { "path": "2f70726f632f352f636d646c696e65", "id": "417708659" } }
W/DroidBox(  229): DroidBox: { "FileRW": { "operation": "read", "data": "2f696e69740000000000000000000000000000000000000000000000000000000000000000000000000000000000000000000000000000000000000000000000000000000000000000000000000000000000000000000000000000000000000000000000", "id": "417708659" } }
W/dalvikvm(  229): DroidBox: { "FdAccess": { "path": "2f70726f632f362f636d646c696e65", "id": "274390120" } }
W/DroidBox(  229): DroidBox: { "FileRW": { "operation": "read", "data": "2f696e69740000000000000000000000000000000000000000000000000000000000000000000000000000000000000000000000000000000000000000000000000000000000000000000000000000000000000000000000000000000000000000000000", "id": "274390120" } }
W/dalvikvm(  229): DroidBox: { "FdAccess": { "path": "2f70726f632f372f636d646c696e65", "id": "1187295490" } }
W/DroidBox(  229): DroidBox: { "FileRW": { "operation": "read", "data": "2f696e69740000000000000000000000000000000000000000000000000000000000000000000000000000000000000000000000000000000000000000000000000000000000000000000000000000000000000000000000000000000000000000000000", "id": "1187295490" } }
W/dalvikvm(  229): DroidBox: { "FdAccess": { "path": "2f70726f632f382f636d646c696e65", "id": "1918149155" } }
W/DroidBox(  229): DroidBox: { "FileRW": { "operation": "read", "data": "2f696e69740000000000000000000000000000000000000000000000000000000000000000000000000000000000000000000000000000000000000000000000000000000000000000000000000000000000000000000000000000000000000000000000", "id": "1918149155" } }
W/dalvikvm(  229): DroidBox: { "FdAccess": { "path": "2f70726f632f392f636d646c696e65", "id": "496867970" } }
W/DroidBox(  229): DroidBox: { "FileRW": { "operation": "read", "data": "2f696e69740000000000000000000000000000000000000000000000000000000000000000000000000000000000000000000000000000000000000000000000000000000000000000000000000000000000000000000000000000000000000000000000", "id": "496867970" } }
W/dalvikvm(  229): DroidBox: { "FdAccess": { "path": "2f70726f632f31302f636d646c696e65", "id": "447785980" } }
W/DroidBox(  229): DroidBox: { "FileRW": { "operation": "read", "data": "2f696e69740000000000000000000000000000000000000000000000000000000000000000000000000000000000000000000000000000000000000000000000000000000000000000000000000000000000000000000000000000000000000000000000", "id": "447785980" } }
W/dalvikvm(  229): DroidBox: { "FdAccess": { "path": "2f70726f632f31312f636d646c696e65", "id": "1411167064" } }
W/DroidBox(  229): DroidBox: { "FileRW": { "operation": "read", "data": "2f696e69740000000000000000000000000000000000000000000000000000000000000000000000000000000000000000000000000000000000000000000000000000000000000000000000000000000000000000000000000000000000000000000000", "id": "1411167064" } }
W/dalvikvm(  229): DroidBox: { "FdAccess": { "path": "2f70726f632f31322f636d646c696e65", "id": "602060461" } }
W/DroidBox(  229): DroidBox: { "FileRW": { "operation": "read", "data": "2f696e69740000000000000000000000000000000000000000000000000000000000000000000000000000000000000000000000000000000000000000000000000000000000000000000000000000000000000000000000000000000000000000000000", "id": "602060461" } }
W/dalvikvm(  229): DroidBox: { "FdAccess": { "path": "2f70726f632f31332f636d646c696e65", "id": "1684825723" } }
W/DroidBox(  229): DroidBox: { "FileRW": { "operation": "read", "data": "2f696e69740000000000000000000000000000000000000000000000000000000000000000000000000000000000000000000000000000000000000000000000000000000000000000000000000000000000000000000000000000000000000000000000", "id": "1684825723" } }
W/dalvikvm(  229): DroidBox: { "FdAccess": { "path": "2f70726f632f31342f636d646c696e65", "id": "140273824" } }
W/DroidBox(  229): DroidBox: { "FileRW": { "operation": "read", "data": "2f696e69740000000000000000000000000000000000000000000000000000000000000000000000000000000000000000000000000000000000000000000000000000000000000000000000000000000000000000000000000000000000000000000000", "id": "140273824" } }
W/dalvikvm(  229): DroidBox: { "FdAccess": { "path": "2f70726f632f32352f636d646c696e65", "id": "741343997" } }
W/DroidBox(  229): DroidBox: { "FileRW": { "operation": "read", "data": "2f696e69740000000000000000000000000000000000000000000000000000000000000000000000000000000000000000000000000000000000000000000000000000000000000000000000000000000000000000000000000000000000000000000000", "id": "741343997" } }
W/dalvikvm(  229): DroidBox: { "FdAccess": { "path": "2f70726f632f32362f636d646c696e65", "id": "183127592" } }
W/DroidBox(  229): DroidBox: { "FileRW": { "operation": "read", "data": "2f696e69740000000000000000000000000000000000000000000000000000000000000000000000000000000000000000000000000000000000000000000000000000000000000000000000000000000000000000000000000000000000000000000000", "id": "183127592" } }
W/dalvikvm(  229): DroidBox: { "FdAccess": { "path": "2f70726f632f32372f636d646c696e65", "id": "2117927175" } }
W/DroidBox(  229): DroidBox: { "FileRW": { "operation": "read", "data": "2f696e69740000000000000000000000000000000000000000000000000000000000000000000000000000000000000000000000000000000000000000000000000000000000000000000000000000000000000000000000000000000000000000000000", "id": "2117927175" } }
W/dalvikvm(  229): DroidBox: { "FdAccess": { "path": "2f70726f632f32382f636d646c696e65", "id": "130377139" } }
W/DroidBox(  229): DroidBox: { "FileRW": { "operation": "read", "data": "2f696e69740000000000000000000000000000000000000000000000000000000000000000000000000000000000000000000000000000000000000000000000000000000000000000000000000000000000000000000000000000000000000000000000", "id": "130377139" } }
W/dalvikvm(  229): DroidBox: { "FdAccess": { "path": "2f70726f632f32392f636d646c696e65", "id": "248629052" } }
W/DroidBox(  229): DroidBox: { "FileRW": { "operation": "read", "data": "2f696e69740000000000000000000000000000000000000000000000000000000000000000000000000000000000000000000000000000000000000000000000000000000000000000000000000000000000000000000000000000000000000000000000", "id": "248629052" } }
W/dalvikvm(  229): DroidBox: { "FdAccess": { "path": "2f70726f632f33302f636d646c696e65", "id": "510741747" } }
W/DroidBox(  229): DroidBox: { "FileRW": { "operation": "read", "data": "2f696e69740000000000000000000000000000000000000000000000000000000000000000000000000000000000000000000000000000000000000000000000000000000000000000000000000000000000000000000000000000000000000000000000", "id": "510741747" } }
W/dalvikvm(  229): DroidBox: { "FdAccess": { "path": "2f70726f632f33312f636d646c696e65", "id": "2036189261" } }
W/DroidBox(  229): DroidBox: { "FileRW": { "operation": "read", "data": "2f7362696e2f756576656e7464000000000000000000000000000000000000000000000000000000000000000000000000000000000000000000000000000000000000000000000000000000000000000000000000000000000000000000000000000000", "id": "2036189261" } }
W/dalvikvm(  229): DroidBox: { "FdAccess": { "path": "2f70726f632f33332f636d646c696e65", "id": "678620306" } }
W/DroidBox(  229): DroidBox: { "FileRW": { "operation": "read", "data": "2f7362696e2f756576656e7464000000000000000000000000000000000000000000000000000000000000000000000000000000000000000000000000000000000000000000000000000000000000000000000000000000000000000000000000000000", "id": "678620306" } }
W/dalvikvm(  229): DroidBox: { "FdAccess": { "path": "2f70726f632f33342f636d646c696e65", "id": "1604793551" } }
W/DroidBox(  229): DroidBox: { "FileRW": { "operation": "read", "data": "2f7362696e2f756576656e7464000000000000000000000000000000000000000000000000000000000000000000000000000000000000000000000000000000000000000000000000000000000000000000000000000000000000000000000000000000", "id": "1604793551" } }
W/dalvikvm(  229): DroidBox: { "FdAccess": { "path": "2f70726f632f33382f636d646c696e65", "id": "342284490" } }
W/DroidBox(  229): DroidBox: { "FileRW": { "operation": "read", "data": "2f7362696e2f756576656e7464000000000000000000000000000000000000000000000000000000000000000000000000000000000000000000000000000000000000000000000000000000000000000000000000000000000000000000000000000000", "id": "342284490" } }
W/dalvikvm(  229): DroidBox: { "FdAccess": { "path": "2f70726f632f34302f636d646c696e65", "id": "325776142" } }
W/DroidBox(  229): DroidBox: { "FileRW": { "operation": "read", "data": "2f7362696e2f756576656e7464000000000000000000000000000000000000000000000000000000000000000000000000000000000000000000000000000000000000000000000000000000000000000000000000000000000000000000000000000000", "id": "325776142" } }
W/dalvikvm(  229): DroidBox: { "FdAccess": { "path": "2f70726f632f34312f636d646c696e65", "id": "1876504755" } }
W/DroidBox(  229): DroidBox: { "FileRW": { "operation": "read", "data": "2f7362696e2f756576656e7464000000000000000000000000000000000000000000000000000000000000000000000000000000000000000000000000000000000000000000000000000000000000000000000000000000000000000000000000000000", "id": "1876504755" } }
W/dalvikvm(  229): DroidBox: { "FdAccess": { "path": "2f70726f632f34342f636d646c696e65", "id": "1127067959" } }
W/DroidBox(  229): DroidBox: { "FileRW": { "operation": "read", "data": "2f7362696e2f756576656e7464000000000000000000000000000000000000000000000000000000000000000000000000000000000000000000000000000000000000000000000000000000000000000000000000000000000000000000000000000000", "id": "1127067959" } }
W/dalvikvm(  229): DroidBox: { "FdAccess": { "path": "2f70726f632f34362f636d646c696e65", "id": "819114314" } }
W/DroidBox(  229): DroidBox: { "FileRW": { "operation": "read", "data": "2f7362696e2f756576656e7464000000000000000000000000000000000000000000000000000000000000000000000000000000000000000000000000000000000000000000000000000000000000000000000000000000000000000000000000000000", "id": "819114314" } }
W/dalvikvm(  229): DroidBox: { "FdAccess": { "path": "2f70726f632f34372f636d646c696e65", "id": "2120697523" } }
W/DroidBox(  229): DroidBox: { "FileRW": { "operation": "read", "data": "2f7362696e2f756576656e7464000000000000000000000000000000000000000000000000000000000000000000000000000000000000000000000000000000000000000000000000000000000000000000000000000000000000000000000000000000", "id": "2120697523" } }
W/dalvikvm(  229): DroidBox: { "FdAccess": { "path": "2f70726f632f34382f636d646c696e65", "id": "956835557" } }
W/DroidBox(  229): DroidBox: { "FileRW": { "operation": "read", "data": "2f73797374656d2f62696e2f71656d75640000000000000000000000000000000000000000000000000000000000000000000000000000000000000000000000000000000000000000000000000000000000000000000000000000000000000000000000", "id": "956835557" } }
W/dalvikvm(  229): DroidBox: { "FdAccess": { "path": "2f70726f632f35322f636d646c696e65", "id": "115303095" } }
W/DroidBox(  229): DroidBox: { "FileRW": { "operation": "read", "data": "2f73797374656d2f62696e2f736572766963656d616e616765720000000000000000000000000000000000000000000000000000000000000000000000000000000000000000000000000000000000000000000000000000000000000000000000000000", "id": "115303095" } }
W/dalvikvm(  229): DroidBox: { "FdAccess": { "path": "2f70726f632f35332f636d646c696e65", "id": "387628777" } }
W/DroidBox(  229): DroidBox: { "FileRW": { "operation": "read", "data": "2f73797374656d2f62696e2f766f6c640063656d616e616765720000000000000000000000000000000000000000000000000000000000000000000000000000000000000000000000000000000000000000000000000000000000000000000000000000", "id": "387628777" } }
W/dalvikvm(  229): DroidBox: { "FdAccess": { "path": "2f70726f632f35352f636d646c696e65", "id": "1060476730" } }
W/DroidBox(  229): DroidBox: { "FileRW": { "operation": "read", "data": "2f73797374656d2f62696e2f6e6574640063656d616e616765720000000000000000000000000000000000000000000000000000000000000000000000000000000000000000000000000000000000000000000000000000000000000000000000000000", "id": "1060476730" } }
W/dalvikvm(  229): DroidBox: { "FdAccess": { "path": "2f70726f632f35362f636d646c696e65", "id": "202246151" } }
W/DroidBox(  229): DroidBox: { "FileRW": { "operation": "read", "data": "2f73797374656d2f62696e2f64656275676765726400616765720000000000000000000000000000000000000000000000000000000000000000000000000000000000000000000000000000000000000000000000000000000000000000000000000000", "id": "202246151" } }
W/dalvikvm(  229): DroidBox: { "FdAccess": { "path": "2f70726f632f35372f636d646c696e65", "id": "273825191" } }
W/DroidBox(  229): DroidBox: { "FileRW": { "operation": "read", "data": "2f73797374656d2f62696e2f72696c64006765726400616765720000000000000000000000000000000000000000000000000000000000000000000000000000000000000000000000000000000000000000000000000000000000000000000000000000", "id": "273825191" } }
W/dalvikvm(  229): DroidBox: { "FdAccess": { "path": "2f70726f632f35382f636d646c696e65", "id": "439956863" } }
W/DroidBox(  229): DroidBox: { "FileRW": { "operation": "read", "data": "2f73797374656d2f62696e2f73757266616365666c696e6765720000000000000000000000000000000000000000000000000000000000000000000000000000000000000000000000000000000000000000000000000000000000000000000000000000", "id": "439956863" } }
W/dalvikvm(  229): DroidBox: { "FdAccess": { "path": "2f70726f632f35392f636d646c696e65", "id": "1803817790" } }
W/DroidBox(  229): DroidBox: { "FileRW": { "operation": "read", "data": "7a79676f7465002f62696e2f6170705f70726f63657373002d587a79676f7465002f73797374656d2f62696e002d2d7a79676f7465002d2d73746172742d73797374656d2d73657276657200000000000000000000000000000000000000000000000000", "id": "1803817790" } }
W/dalvikvm(  229): DroidBox: { "FdAccess": { "path": "2f70726f632f36302f636d646c696e65", "id": "827205981" } }
W/DroidBox(  229): DroidBox: { "FileRW": { "operation": "read", "data": "2f73797374656d2f62696e2f64726d7365727665720073002d587a79676f7465002f73797374656d2f62696e002d2d7a79676f7465002d2d73746172742d73797374656d2d73657276657200000000000000000000000000000000000000000000000000", "id": "827205981" } }
W/dalvikvm(  229): DroidBox: { "FdAccess": { "path": "2f70726f632f36312f636d646c696e65", "id": "943715326" } }
W/DroidBox(  229): DroidBox: { "FileRW": { "operation": "read", "data": "2f73797374656d2f62696e2f6d65646961736572766572002d587a79676f7465002f73797374656d2f62696e002d2d7a79676f7465002d2d73746172742d73797374656d2d73657276657200000000000000000000000000000000000000000000000000", "id": "943715326" } }
W/dalvikvm(  229): DroidBox: { "FdAccess": { "path": "2f70726f632f36322f636d646c696e65", "id": "1815460803" } }
W/DroidBox(  229): DroidBox: { "FileRW": { "operation": "read", "data": "2f73797374656d2f62696e2f646275732d6461656d6f6e002d2d73797374656d002d2d6e6f666f726b00696e002d2d7a79676f7465002d2d73746172742d73797374656d2d73657276657200000000000000000000000000000000000000000000000000", "id": "1815460803" } }
W/dalvikvm(  229): DroidBox: { "FdAccess": { "path": "2f70726f632f36332f636d646c696e65", "id": "1388698475" } }
W/DroidBox(  229): DroidBox: { "FileRW": { "operation": "read", "data": "2f73797374656d2f62696e2f696e7374616c6c64006f6e002d2d73797374656d002d2d6e6f666f726b00696e002d2d7a79676f7465002d2d73746172742d73797374656d2d73657276657200000000000000000000000000000000000000000000000000", "id": "1388698475" } }
W/dalvikvm(  229): DroidBox: { "FdAccess": { "path": "2f70726f632f36342f636d646c696e65", "id": "1828457162" } }
W/DroidBox(  229): DroidBox: { "FileRW": { "operation": "read", "data": "2f73797374656d2f62696e2f6b657973746f7265002f646174612f6d6973632f6b657973746f72650000696e002d2d7a79676f7465002d2d73746172742d73797374656d2d73657276657200000000000000000000000000000000000000000000000000", "id": "1828457162" } }
W/dalvikvm(  229): DroidBox: { "FdAccess": { "path": "2f70726f632f36362f636d646c696e65", "id": "1341473923" } }
W/DroidBox(  229): DroidBox: { "FileRW": { "operation": "read", "data": "2f73797374656d2f62696e2f73680073746f7265002f646174612f6d6973632f6b657973746f72650000696e002d2d7a79676f7465002d2d73746172742d73797374656d2d73657276657200000000000000000000000000000000000000000000000000", "id": "1341473923" } }
W/dalvikvm(  229): DroidBox: { "FdAccess": { "path": "2f70726f632f36372f636d646c696e65", "id": "1405634046" } }
W/DroidBox(  229): DroidBox: { "FileRW": { "operation": "read", "data": "2f7362696e2f61646264002f73680073746f7265002f646174612f6d6973632f6b657973746f72650000696e002d2d7a79676f7465002d2d73746172742d73797374656d2d73657276657200000000000000000000000000000000000000000000000000", "id": "1405634046" } }
W/dalvikvm(  229): DroidBox: { "FdAccess": { "path": "2f70726f632f3232392f636d646c696e65", "id": "91613542" } }
W/DroidBox(  229): DroidBox: { "FileRW": { "operation": "read", "data": "73797374656d5f736572766572000000000000000000000000000000000000000000000000000000000000000000000000000000000000000000000000000000000000000000000000000000000000000000000000000000000000000000000000000000", "id": "91613542" } }
W/dalvikvm(  229): DroidBox: { "FdAccess": { "path": "2f70726f632f3432362f636d646c696e65", "id": "698697435" } }
W/DroidBox(  229): DroidBox: { "FileRW": { "operation": "read", "data": "636f6d2e616e64726f69642e73797374656d75690000000000000000000000000000000000000000000000000000000000000000000000000000000000000000000000000000000000000000000000000000000000000000000000000000000000000000", "id": "698697435" } }
W/dalvikvm(  229): DroidBox: { "FdAccess": { "path": "2f70726f632f3438302f636d646c696e65", "id": "1589511665" } }
W/DroidBox(  229): DroidBox: { "FileRW": { "operation": "read", "data": "636f6d2e616e64726f69642e696e7075746d6574686f642e6c6174696e0000000000000000000000000000000000000000000000000000000000000000000000000000000000000000000000000000000000000000000000000000000000000000000000", "id": "1589511665" } }
W/dalvikvm(  229): DroidBox: { "FdAccess": { "path": "2f70726f632f3439372f636d646c696e65", "id": "390002733" } }
W/DroidBox(  229): DroidBox: { "FileRW": { "operation": "read", "data": "636f6d2e616e64726f69642e70686f6e650000000000000000000000000000000000000000000000000000000000000000000000000000000000000000000000000000000000000000000000000000000000000000000000000000000000000000000000", "id": "390002733" } }
W/dalvikvm(  229): DroidBox: { "FdAccess": { "path": "2f70726f632f3531372f636d646c696e65", "id": "338512295" } }
W/DroidBox(  229): DroidBox: { "FileRW": { "operation": "read", "data": "636f6d2e616e64726f69642e73657474696e67730000000000000000000000000000000000000000000000000000000000000000000000000000000000000000000000000000000000000000000000000000000000000000000000000000000000000000", "id": "338512295" } }
W/dalvikvm(  229): DroidBox: { "FdAccess": { "path": "2f70726f632f3534332f636d646c696e65", "id": "397079069" } }
W/DroidBox(  229): DroidBox: { "FileRW": { "operation": "read", "data": "616e64726f69642e70726f636573732e61636f726500000000000000000000000000000000000000000000000000000000000000000000000000000000000000000000000000000000000000000000000000000000000000000000000000000000000000", "id": "397079069" } }
W/dalvikvm(  229): DroidBox: { "FdAccess": { "path": "2f70726f632f3536372f636d646c696e65", "id": "1580434162" } }
W/DroidBox(  229): DroidBox: { "FileRW": { "operation": "read", "data": "636f6d2e616e64726f69642e70726f766973696f6e00000000000000000000000000000000000000000000000000000000000000000000000000000000000000000000000000000000000000000000000000000000000000000000000000000000000000", "id": "1580434162" } }
W/dalvikvm(  229): DroidBox: { "FdAccess": { "path": "2f70726f632f3538322f636d646c696e65", "id": "1517090866" } }
W/DroidBox(  229): DroidBox: { "FileRW": { "operation": "read", "data": "636f6d2e616e64726f69642e736d7370757368000000000000000000000000000000000000000000000000000000000000000000000000000000000000000000000000000000000000000000000000000000000000000000000000000000000000000000", "id": "1517090866" } }
W/dalvikvm(  229): DroidBox: { "FdAccess": { "path": "2f70726f632f3539392f636d646c696e65", "id": "1239126814" } }
W/DroidBox(  229): DroidBox: { "FileRW": { "operation": "read", "data": "636f6d2e616e64726f69642e6c61756e636865720000000000000000000000000000000000000000000000000000000000000000000000000000000000000000000000000000000000000000000000000000000000000000000000000000000000000000", "id": "1239126814" } }
W/dalvikvm(  229): DroidBox: { "FdAccess": { "path": "2f70726f632f3631392f636d646c696e65", "id": "1254572799" } }
W/DroidBox(  229): DroidBox: { "FileRW": { "operation": "read", "data": "636f6d2e616e64726f69642e63616c656e6461720000000000000000000000000000000000000000000000000000000000000000000000000000000000000000000000000000000000000000000000000000000000000000000000000000000000000000", "id": "1254572799" } }
W/dalvikvm(  229): DroidBox: { "FdAccess": { "path": "2f70726f632f3635312f636d646c696e65", "id": "535509051" } }
W/DroidBox(  229): DroidBox: { "FileRW": { "operation": "read", "data": "636f6d2e616e64726f69642e6465736b636c6f636b00000000000000000000000000000000000000000000000000000000000000000000000000000000000000000000000000000000000000000000000000000000000000000000000000000000000000", "id": "535509051" } }
W/dalvikvm(  229): DroidBox: { "FdAccess": { "path": "2f70726f632f3637352f636d646c696e65", "id": "372123867" } }
W/DroidBox(  229): DroidBox: { "FileRW": { "operation": "read", "data": "636f6d2e616e64726f69642e70726f7669646572732e63616c656e64617200000000000000000000000000000000000000000000000000000000000000000000000000000000000000000000000000000000000000000000000000000000000000000000", "id": "372123867" } }
W/dalvikvm(  229): DroidBox: { "FdAccess": { "path": "2f70726f632f3730312f636d646c696e65", "id": "537726567" } }
W/DroidBox(  229): DroidBox: { "FileRW": { "operation": "read", "data": "636f6d2e616e64726f69642e636f6e74616374730000000000000000000000000000000000000000000000000000000000000000000000000000000000000000000000000000000000000000000000000000000000000000000000000000000000000000", "id": "537726567" } }
W/dalvikvm(  964): DroidBox: { "FdAccess": { "path": "2f70726f632f6d656d696e666f", "id": "1973315626" } }
W/DroidBox(  964): DroidBox: { "FileRW": { "operation": "read", "data": "4d656d546f74616c3a202020202020202020373438393634206b420a4d656d467265653a20202020202020202020343731303936206b420a427566666572733a20202020202020202020202034393532206b420a4361636865643a202020202020202020", "id": "1973315626" } }
W/dalvikvm(  229): DroidBox: { "FdAccess": { "path": "2f70726f632f3736342f636d646c696e65", "id": "475808151" } }
W/DroidBox(  229): DroidBox: { "FileRW": { "operation": "read", "data": "616e64726f69642e70726f636573732e6d6564696100000000000000000000000000000000000000000000000000000000000000000000000000000000000000000000000000000000000000000000000000000000000000000000000000000000000000", "id": "475808151" } }
W/dalvikvm(  229): DroidBox: { "FdAccess": { "path": "2f70726f632f3830372f636d646c696e65", "id": "814538602" } }
W/DroidBox(  229): DroidBox: { "FileRW": { "operation": "read", "data": "636f6d2e616e64726f69642e656d61696c0000000000000000000000000000000000000000000000000000000000000000000000000000000000000000000000000000000000000000000000000000000000000000000000000000000000000000000000", "id": "814538602" } }
W/dalvikvm(  229): DroidBox: { "FdAccess": { "path": "2f70726f632f3833302f636d646c696e65", "id": "71907410" } }
W/DroidBox(  229): DroidBox: { "FileRW": { "operation": "read", "data": "636f6d2e616e64726f69642e65786368616e67650000000000000000000000000000000000000000000000000000000000000000000000000000000000000000000000000000000000000000000000000000000000000000000000000000000000000000", "id": "71907410" } }
I/Choreographer(  964): Skipped 676 frames!  The application may be doing too much work on its main thread.
W/dalvikvm(  229): DroidBox: { "FdAccess": { "path": "2f70726f632f3835332f636d646c696e65", "id": "1581043789" } }
W/DroidBox(  229): DroidBox: { "FileRW": { "operation": "read", "data": "636f6d2e616e64726f69642e67616c6c657279336400000000000000000000000000000000000000000000000000000000000000000000000000000000000000000000000000000000000000000000000000000000000000000000000000000000000000", "id": "1581043789" } }
W/dalvikvm(  229): DroidBox: { "FdAccess": { "path": "2f70726f632f3836362f636d646c696e65", "id": "1185023607" } }
W/DroidBox(  229): DroidBox: { "FileRW": { "operation": "read", "data": "636f6d2e616e64726f69642e646566636f6e7461696e657200000000000000000000000000000000000000000000000000000000000000000000000000000000000000000000000000000000000000000000000000000000000000000000000000000000", "id": "1185023607" } }
W/dalvikvm(  229): DroidBox: { "FdAccess": { "path": "2f70726f632f3838382f636d646c696e65", "id": "1738751132" } }
W/DroidBox(  229): DroidBox: { "FileRW": { "operation": "read", "data": "636f6d2e616e64726f69642e6d6d7300000000000000000000000000000000000000000000000000000000000000000000000000000000000000000000000000000000000000000000000000000000000000000000000000000000000000000000000000", "id": "1738751132" } }
W/dalvikvm(  229): DroidBox: { "FdAccess": { "path": "2f70726f632f3930312f636d646c696e65", "id": "1436763445" } }
W/DroidBox(  229): DroidBox: { "FileRW": { "operation": "read", "data": "636f6d2e616e64726f69642e6d6d7300000000000000000000000000000000000000000000000000000000000000000000000000000000000000000000000000000000000000000000000000000000000000000000000000000000000000000000000000", "id": "1436763445" } }
W/dalvikvm(  229): DroidBox: { "FdAccess": { "path": "2f70726f632f3931382f636d646c696e65", "id": "1155342079" } }
W/DroidBox(  229): DroidBox: { "FileRW": { "operation": "read", "data": "636f6d2e616e64726f69642e766f6963656469616c65720000000000000000000000000000000000000000000000000000000000000000000000000000000000000000000000000000000000000000000000000000000000000000000000000000000000", "id": "1155342079" } }
W/dalvikvm(  229): DroidBox: { "FdAccess": { "path": "2f70726f632f3934362f636d646c696e65", "id": "1203193982" } }
W/DroidBox(  229): DroidBox: { "FileRW": { "operation": "read", "data": "636f6d2e616e64726f69642e636f6d6d616e64732e6d6f6e6b657900000000000000000000000000000000000000000000000000000000000000000000000000000000000000000000000000000000000000000000000000000000000000000000000000", "id": "1203193982" } }
W/dalvikvm(  229): DroidBox: { "FdAccess": { "path": "2f70726f632f3934382f636d646c696e65", "id": "1829844232" } }
W/DroidBox(  229): DroidBox: { "FileRW": { "operation": "read", "data": "6c6f676361740044726f6964426f783a570064616c76696b766d3a570041637469766974794d616e616765723a49000000000000000000000000000000000000000000000000000000000000000000000000000000000000000000000000000000000000", "id": "1829844232" } }
W/dalvikvm(  229): DroidBox: { "FdAccess": { "path": "2f70726f632f3935302f636d646c696e65", "id": "569554748" } }
W/DroidBox(  229): DroidBox: { "FileRW": { "operation": "read", "data": "2f73797374656d2f62696e2f7368002d63007368202e2f7364636172642f65786563757465537472616365496e2e736800000000000000000000000000000000000000000000000000000000000000000000000000000000000000000000000000000000", "id": "569554748" } }
W/dalvikvm(  229): DroidBox: { "FdAccess": { "path": "2f70726f632f3935322f636d646c696e65", "id": "942021122" } }
W/DroidBox(  229): DroidBox: { "FileRW": { "operation": "read", "data": "7368002e2f7364636172642f65786563757465537472616365496e2e736800786563757465537472616365496e2e736800000000000000000000000000000000000000000000000000000000000000000000000000000000000000000000000000000000", "id": "942021122" } }
W/dalvikvm(  229): DroidBox: { "FdAccess": { "path": "2f70726f632f3935332f636d646c696e65", "id": "818264949" } }
W/DroidBox(  229): DroidBox: { "FileRW": { "operation": "read", "data": "737472616365002d70003539002d66002d747446002d6f002f7364636172642f313266623139323561346565663439623138363335373335333265396464653763646634316436643232306332383232316562656439613863366232396538612e61706b", "id": "818264949" } }
W/dalvikvm(  229): DroidBox: { "FdAccess": { "path": "2f70726f632f3936342f636d646c696e65", "id": "89635467" } }
W/DroidBox(  229): DroidBox: { "FileRW": { "operation": "read", "data": "672e63616c63756c61746f722e696e7374617800000000000000000000000000000000000000000000000000000000000000000000000000000000000000000000000000000000000000000032383232316562656439613863366232396538612e61706b", "id": "89635467" } }
I/ContactsDatabaseHelper(  543): Locale change completed in 5729ms
I/ContactsDatabaseHelper(  543): Switching to locale en_US
V/PhoneStatusBar(  426): setLightsOn(true)
I/Choreographer(  964): Skipped 254 frames!  The application may be doing too much work on its main thread.
E/WVMExtractor(   61): Failed to open libwvm.so
D/gralloc_goldfish(  964): Emulator without GPU emulation detected.
I/Process (  229): Sending signal. PID: 543 SIG: 3
W/ActivityManager(  229): Launch timeout has expired, giving up wake lock!
I/ActivityManager(  229): Displayed g.calculator.instax/.InstaxCalculatorTab: +10s172ms
E/ActivityManager(  229): ANR in g.calculator.instax (g.calculator.instax/.InstaxCalculatorTab)
E/ActivityManager(  229): Reason: keyDispatchingTimedOut
E/ActivityManager(  229): Load: 13.91 / 3.81 / 1.3
E/ActivityManager(  229): CPU usage from 1018ms to -4151ms ago:
E/ActivityManager(  229):   30% 229/system_server: 26% user + 4.6% kernel / faults: 653 minor 2 major
E/ActivityManager(  229):   24% 953/strace: 8.6% user + 16% kernel
E/ActivityManager(  229):   15% 964/g.calculator.instax: 10% user + 4.2% kernel / faults: 1892 minor 22 major
E/ActivityManager(  229):   7.4% 67/adbd: 0% user + 7.4% kernel / faults: 646 minor
E/ActivityManager(  229):   6.8% 543/android.process.acore: 6.2% user + 0.5% kernel / faults: 37 minor
E/ActivityManager(  229):   5.7% 948/logcat: 1.5% user + 4.1% kernel
E/ActivityManager(  229):   4.3% 61/mediaserver: 0.1% user + 4.1% kernel / faults: 1 minor
E/ActivityManager(  229):   1.9% 25/mtdblock0: 0% user + 1.9% kernel
E/ActivityManager(  229):   1.1% 426/com.android.systemui: 0.3% user + 0.7% kernel / faults: 88 minor
E/ActivityManager(  229):   0.7% 497/com.android.phone: 0.5% user + 0.1% kernel / faults: 152 minor
E/ActivityManager(  229):   0.5% 26/mtdblock1: 0% user + 0.5% kernel
E/ActivityManager(  229):   0.5% 764/android.process.media: 0.3% user + 0.1% kernel / faults: 22 minor
E/ActivityManager(  229):   0.3% 55/netd: 0% user + 0.3% kernel / faults: 14 minor
E/ActivityManager(  229): 100% TOTAL: 56% user + 43% kernel
E/ActivityManager(  229): CPU usage from 3271ms to 3831ms later:
E/ActivityManager(  229):   28% 964/g.calculator.instax: 23% user + 5% kernel / faults: 220 minor 1 major
E/ActivityManager(  229):     16% 981/WebViewCoreThre: 16% user + 0% kernel
E/ActivityManager(  229):     5% 964/lculator.instax: 3.3% user + 1.6% kernel
E/ActivityManager(  229):     5% 978/Binder_2: 1.6% user + 3.3% kernel
E/ActivityManager(  229):     1.6% 986/SignalSender: 1.6% user + 0% kernel
E/ActivityManager(  229):   16% 953/strace: 6.7% user + 10% kernel
E/ActivityManager(  229):   4.5% 543/android.process.acore: 4.5% user + 0% kernel / faults: 5 minor
E/ActivityManager(  229):     4.5% 624/ContactsProvide: 4.5% user + 0% kernel
E/ActivityManager(  229):   10% 61/mediaserver: 1.7% user + 8.7% kernel
E/ActivityManager(  229):     10% 61/mediaserver: 3.5% user + 7% kernel
E/ActivityManager(  229):   8.7% 229/system_server: 7% user + 1.7% kernel
E/ActivityManager(  229):     7% 340/InputDispatcher: 5.2% user + 1.7% kernel
E/ActivityManager(  229):     1.7% 800/Binder_D: 1.7% user + 0% kernel
E/ActivityManager(  229):   5.2% 67/adbd: 0% user + 5.2% kernel / faults: 26 minor
E/ActivityManager(  229):     5.2% 221/adbd: 0% user + 5.2% kernel
E/ActivityManager(  229):   3.5% 25/mtdblock0: 0% user + 3.5% kernel
E/ActivityManager(  229):   0.8% 55/netd: 0% user + 0.8% kernel / faults: 8 minor
E/ActivityManager(  229):     0.4% 801/netd: 0.4% user + 0% kernel
E/ActivityManager(  229):    +0% 999/netd: 0% user + 0% kernel
E/ActivityManager(  229):   3.3% 948/logcat: 1.6% user + 1.6% kernel
E/ActivityManager(  229): 100% TOTAL: 58% user + 41% kernel
W/dalvikvm(  229): DroidBox: { "FdAccess": { "path": "2f646174612f616e722f7472616365732e747874", "id": "1530923133" } }
W/DroidBox(  229): DroidBox: { "FileRW": { "operation": "read", "data": "0a0a2d2d2d2d2d207069642032323920617420323032352d30322d32382031353a30323a3131202d2d2d2d2d0a436d64206c696e653a2073797374656d5f7365727665720a0a44414c56494b20544852454144533a0a286d7574657865733a20746c6c3d", "id": "1530923133" } }
I/dalvikvm-heap(  229): Grow heap (frag case) to 12.400MB for 174776-byte allocation
W/ActivityManager(  229): Activity idle timeout for ActivityRecord{b4269898 g.calculator.instax/.InstaxCalculatorTab}
I/dalvikvm-heap(  229): Grow heap (frag case) to 12.689MB for 393236-byte allocation
I/Choreographer(  964): Skipped 354 frames!  The application may be doing too much work on its main thread.
I/InputDispatcher(  229): Window 'Window{b3e49788 g.calculator.instax/g.calculator.instax.InstaxCalculatorTab paused=false}' spent 2534.5ms processing the last input event: KeyEvent(action=0, deviceId=-1, source=0x00000101)
I/Choreographer(  964): Skipped 108 frames!  The application may be doing too much work on its main thread.
I/AccountTypeManager(  701): Loaded meta-data for 1 account types, 0 accounts in 195ms(wall) 20ms(cpu)
I/AccountTypeManager(  701): Loaded meta-data for 1 account types, 0 accounts in 11ms(wall) 0ms(cpu)
I/AccountTypeManager(  701): Loaded meta-data for 1 account types, 0 accounts in 9ms(wall) 0ms(cpu)
I/AccountTypeManager(  701): Loaded meta-data for 1 account types, 0 accounts in 83ms(wall) 10ms(cpu)
E/WVMExtractor(   61): Failed to open libwvm.so
W/dalvikvm(  619): DroidBox: { "FdAccess": { "path": "2f646174612f646174612f636f6d2e616e64726f69642e63616c656e6461722f7368617265645f70726566732f636f6d2e616e64726f69642e63616c656e6461725f707265666572656e6365732e786d6c", "id": "471207508" } }
W/DroidBox(  619): DroidBox: { "FileRW": { "operation": "write", "data": "3c3f786d6c2076657273696f6e3d27312e302720656e636f64696e673d277574662d3827207374616e64616c6f6e653d2779657327203f3e0a3c6d61703e0a3c626f6f6c65616e206e616d653d22707265666572656e6365735f686f6d655f747a5f656e", "id": "471207508" } }
I/Email   (  807): Onetime initialization: completed.
D/ExchangeService(  830): !!! EAS ExchangeService, onStartCommand, startingUp = false, running = false
W/dalvikvm(  807): DroidBox: { "FdAccess": { "path": "2f646174612f646174612f636f6d2e616e64726f69642e656d61696c2f7368617265645f70726566732f416e64726f69644d61696c2e4d61696e2e786d6c", "id": "1802433622" } }
W/DroidBox(  807): DroidBox: { "FileRW": { "operation": "write", "data": "3c3f786d6c2076657273696f6e3d27312e302720656e636f64696e673d277574662d3827207374616e64616c6f6e653d2779657327203f3e0a3c6d61703e0a3c696e74206e616d653d226f6e6554696d65496e697469616c697a6174696f6e50726f6772", "id": "1802433622" } }
W/dalvikvm(  619): DroidBox: { "FdAccess": { "path": "2f646174612f646174612f636f6d2e616e64726f69642e63616c656e6461722f7368617265645f70726566732f636f6d2e616e64726f69642e63616c656e6461725f707265666572656e6365732e786d6c", "id": "160369744" } }
W/DroidBox(  619): DroidBox: { "FileRW": { "operation": "write", "data": "3c3f786d6c2076657273696f6e3d27312e302720656e636f64696e673d277574662d3827207374616e64616c6f6e653d2779657327203f3e0a3c6d61703e0a3c737472696e67206e616d653d22707265666572656e6365735f7765656b5f73746172745f", "id": "160369744" } }
W/dalvikvm(  853): DroidBox: { "FdAccess": { "path": "2f646174612f646174612f636f6d2e616e64726f69642e67616c6c65727933642f7368617265645f70726566732f636f6d2e616e64726f69642e67616c6c65727933645f707265666572656e6365732e786d6c", "id": "1747697079" } }
W/DroidBox(  853): DroidBox: { "FileRW": { "operation": "write", "data": "3c3f786d6c2076657273696f6e3d27312e302720656e636f64696e673d277574662d3827207374616e64616c6f6e653d2779657327203f3e0a3c6d61703e0a3c696e74206e616d653d227061636b616765732d76657273696f6e222076616c75653d2232", "id": "1747697079" } }
W/dalvikvm(  853): DroidBox: { "FdAccess": { "path": "2f646174612f646174612f636f6d2e616e64726f69642e67616c6c65727933642f7368617265645f70726566732f636f6d2e616e64726f69642e67616c6c65727933645f707265666572656e6365732e786d6c", "id": "868052438" } }
W/DroidBox(  853): DroidBox: { "FileRW": { "operation": "write", "data": "3c3f786d6c2076657273696f6e3d27312e302720656e636f64696e673d277574662d3827207374616e64616c6f6e653d2779657327203f3e0a3c6d61703e0a3c696e74206e616d653d227061636b616765732d76657273696f6e222076616c75653d2233", "id": "868052438" } }
D/ExchangeService(  830): Reconciling accounts...
W/DroidBox(  675): DroidBox: { "ServiceStart": { "name": "com.android.providers.calendar.CalendarProviderIntentService" } }
W/DroidBox(  675): DroidBox: { "ServiceStart": { "name": "com.android.providers.calendar.CalendarProviderIntentService" } }
W/DroidBox(  764): DroidBox: { "ServiceStart": { "name": "com.android.providers.downloads.DownloadService" } }
W/DroidBox(  764): DroidBox: { "ServiceStart": { "name": "com.android.providers.downloads.DownloadService" } }
W/ActivityManager(  229): Permission denied: checkComponentPermission() owningUid=1000
W/BroadcastQueue(  229): Permission Denial: broadcasting Intent { act=android.appwidget.action.APPWIDGET_UPDATE_OPTIONS flg=0x10 cmp=com.android.settings/.widget.SettingsAppWidgetProvider (has extras) } from android (pid=599, uid=10019) is not exported from uid 1000 due to receiver com.android.settings/com.android.settings.widget.SettingsAppWidgetProvider
I/ActivityManager(  229): Start proc com.android.quicksearchbox for broadcast com.android.quicksearchbox/.CorporaUpdateReceiver: pid=1024 uid=10033 gids={3003, 1028}
E/WVMExtractor(   61): Failed to open libwvm.so
E/Trace   ( 1024): error opening trace file: No such file or directory (2)
W/DroidBox( 1024): DroidBox: { "DexClassLoader": { "path": "/system/app/QuickSearchBox.apk" } }
E/WVMExtractor(   61): Failed to open libwvm.so
I/ActivityThread( 1024): Pub com.android.quicksearchbox.google: com.android.quicksearchbox.google.GoogleSuggestionProvider
I/ActivityThread( 1024): Pub com.android.quicksearchbox.shortcuts: com.android.quicksearchbox.ShortcutsProvider
D/AlertReceiver(  619): onReceive: a=android.intent.action.PROVIDER_CHANGED Intent { act=android.intent.action.PROVIDER_CHANGED dat=content://com.android.calendar flg=0x10 cmp=com.android.calendar/.alerts.AlertReceiver }
W/DroidBox(  619): DroidBox: { "ServiceStart": { "name": "com.android.calendar.alerts.AlertService" } }
W/DroidBox(  619): DroidBox: { "ServiceStart": { "name": "com.android.calendar.alerts.AlertService" } }
D/AlertService(  619): 0 Action = android.intent.action.PROVIDER_CHANGED
D/AlertService(  619): Beginning updateAlertNotification
W/dalvikvm(  853): DroidBox: { "FdAccess": { "path": "2f646174612f646174612f636f6d2e616e64726f69642e67616c6c65727933642f7368617265645f70726566732f636f6d2e616e64726f69642e67616c6c65727933645f707265666572656e6365732e786d6c", "id": "1673381586" } }
