D/InputEventConsistencyVerifier(  430):   5: sent at 202911000000, MotionEvent { action=ACTION_DOWN, id[0]=0, x[0]=90.0, y[0]=714.0, toolType[0]=TOOL_TYPE_UNKNOWN, buttonState=0, metaState=0, flags=0x0, edgeFlags=0x0, pointerCount=1, historySize=0, eventTime=202911, downTime=202909, deviceId=0, source=0x1002 }
W/dalvikvm(  430): DroidBox: { "FdAccess": { "path": "2f70726f632f6d656d696e666f", "id": "1581701864" } }
W/DroidBox(  430): DroidBox: { "FileRW": { "operation": "read", "data": "4d656d546f74616c3a202020202020202020373438393634206b420a4d656d467265653a20202020202020202020343538373038206b420a427566666572733a20202020202020202020202035343634206b420a4361636865643a202020202020202020", "id": "1581701864" } }
I/ActivityManager(  229): START {act=android.intent.action.CALL_BUTTON flg=0x10000000 cmp=com.android.contacts/.activities.DialtactsActivity u=0} from pid 430
V/PhoneStatusBar(  430): setLightsOn(true)
D/PhoneStatusBar(  430): disable: < expand icons alerts ticker* system_info back home recent clock >
W/InputMethodManagerService(  229): Window already focused, ignoring focus gain of: com.android.internal.view.IInputMethodClient$Stub$Proxy@b3feb860 attribute=null
D/InputEventConsistencyVerifier( 1013): KeyEvent: ACTION_UP but key was not down.
D/InputEventConsistencyVerifier( 1013):   in com.android.internal.policy.impl.PhoneWindow$DecorView@b3e33770
D/InputEventConsistencyVerifier( 1013):   0: sent at 203483000000, KeyEvent { action=ACTION_UP, keyCode=KEYCODE_DPAD_LEFT, scanCode=0, metaState=0, flags=0x400, repeatCount=0, eventTime=203483, downTime=203483, deviceId=-1, source=0x101 }
D/InputEventConsistencyVerifier( 1013):   -- recent events --
D/InputEventConsistencyVerifier( 1013):   1: sent at 203405000000, (unhandled) MotionEvent { action=ACTION_MOVE, id[0]=0, x[0]=-4.0, y[0]=0.0, toolType[0]=TOOL_TYPE_UNKNOWN, buttonState=0, metaState=0, flags=0x0, edgeFlags=0x0, pointerCount=1, historySize=9, eventTime=203405, downTime=-1, deviceId=0, source=0x10004 }
D/InputEventConsistencyVerifier( 1013):   2: sent at 203368000000, MotionEvent { action=ACTION_UP, id[0]=0, x[0]=172.0, y[0]=271.33334, toolType[0]=TOOL_TYPE_UNKNOWN, buttonState=0, metaState=0, flags=0x0, edgeFlags=0x0, pointerCount=1, historySize=0, eventTime=203368, downTime=203345, deviceId=0, source=0x1002 }
D/InputEventConsistencyVerifier( 1013):   3: sent at 203345000000, MotionEvent { action=ACTION_DOWN, id[0]=0, x[0]=172.66667, y[0]=268.0, toolType[0]=TOOL_TYPE_UNKNOWN, buttonState=0, metaState=0, flags=0x0, edgeFlags=0x0, pointerCount=1, historySize=0, eventTime=203345, downTime=203345, deviceId=0, source=0x1002 }
D/InputEventConsistencyVerifier( 1013):   4: sent at 203339000000, MotionEvent { action=ACTION_UP, id[0]=0, x[0]=40.666668, y[0]=300.0, toolType[0]=TOOL_TYPE_UNKNOWN, buttonState=0, metaState=0, flags=0x0, edgeFlags=0x0, pointerCount=1, historySize=0, eventTime=203339, downTime=203334, deviceId=0, source=0x1002 }
D/InputEventConsistencyVerifier( 1013):   5: sent at 203334000000, MotionEvent { action=ACTION_DOWN, id[0]=0, x[0]=41.333336, y[0]=300.0, toolType[0]=TOOL_TYPE_UNKNOWN, buttonState=0, metaState=0, flags=0x0, edgeFlags=0x0, pointerCount=1, historySize=0, eventTime=203334, downTime=203334, deviceId=0, source=0x1002 }
I/Choreographer( 1013): Skipped 32 frames!  The application may be doing too much work on its main thread.
W/DroidBox( 1064): DroidBox: { "ServiceStart": { "name": "com.android.music.MediaPlaybackService" } }
W/DroidBox( 1064): DroidBox: { "ServiceStart": { "name": "com.android.music.MediaPlaybackService" } }
I/AudioService(  229):  AudioFocus  requestAudioFocus() from android.media.AudioManager@b3e458d8com.android.music.MediaPlaybackService$3@b3e44110
I/AudioService(  229):   Remote Control   registerMediaButtonIntent() for PendingIntent{b4251728: PendingIntentRecord{b427fcc0 com.android.music broadcastIntent}}
I/Choreographer(  229): Skipped 38 frames!  The application may be doing too much work on its main thread.
I/Choreographer( 1013): Skipped 134 frames!  The application may be doing too much work on its main thread.
I/Choreographer( 1013): Skipped 81 frames!  The application may be doing too much work on its main thread.
D/InputEventConsistencyVerifier( 1013): KeyEvent: ACTION_UP but key was not down.
D/InputEventConsistencyVerifier( 1013):   in android.view.ViewRootImpl@b3e82170
D/InputEventConsistencyVerifier( 1013):   0: sent at 205369000000, KeyEvent { action=ACTION_UP, keyCode=KEYCODE_DPAD_UP, scanCode=0, metaState=0, flags=0x8, repeatCount=0, eventTime=205369, downTime=205369, deviceId=-1, source=0x101 }
D/InputEventConsistencyVerifier( 1013):   -- recent events --
D/InputEventConsistencyVerifier( 1013):   1: sent at 203780000000, KeyEvent { action=ACTION_UP, keyCode=KEYCODE_MENU, scanCode=0, metaState=0, flags=0x8, repeatCount=0, eventTime=203780, downTime=203780, deviceId=-1, source=0x101 }
D/InputEventConsistencyVerifier( 1013):   2: sent at 203761000000, KeyEvent { action=ACTION_DOWN, keyCode=KEYCODE_MENU, scanCode=0, metaState=0, flags=0x8, repeatCount=0, eventTime=203761, downTime=203761, deviceId=-1, source=0x101 }
D/InputEventConsistencyVerifier( 1013):   3: sent at 203498000000, KeyEvent { action=ACTION_UP, keyCode=KEYCODE_DPAD_CENTER, scanCode=0, metaState=0, flags=0x8, repeatCount=0, eventTime=203498, downTime=203498, deviceId=-1, source=0x101 }
D/InputEventConsistencyVerifier( 1013):   4: sent at 203408000000, KeyEvent { action=ACTION_DOWN, keyCode=KEYCODE_DPAD_CENTER, scanCode=0, metaState=0, flags=0x8, repeatCount=0, eventTime=203408, downTime=203408, deviceId=-1, source=0x101 }
D/InputEventConsistencyVerifier( 1013):   5: sent at 203486000000, KeyEvent { action=ACTION_UP, keyCode=KEYCODE_DPAD_LEFT, scanCode=0, metaState=0, flags=0x400, repeatCount=0, eventTime=203486, downTime=203486, deviceId=-1, source=0x101 }
W/InputMethodManagerService(  229): Window already focused, ignoring focus gain of: com.android.internal.view.IInputMethodClient$Stub$Proxy@b4226c78 attribute=null
I/Choreographer( 1013): Skipped 42 frames!  The application may be doing too much work on its main thread.
W/InputMethodManagerService(  229): Window already focused, ignoring focus gain of: com.android.internal.view.IInputMethodClient$Stub$Proxy@b405ef48 attribute=android.view.inputmethod.EditorInfo@b40a11c8
I/Choreographer( 1013): Skipped 34 frames!  The application may be doing too much work on its main thread.
I/Choreographer( 1013): Skipped 39 frames!  The application may be doing too much work on its main thread.
D/InputEventConsistencyVerifier( 1013): KeyEvent: ACTION_UP but key was not down.
D/InputEventConsistencyVerifier( 1013):   in com.android.internal.policy.impl.PhoneWindow$DecorView@b3e33770
D/InputEventConsistencyVerifier( 1013):   0: sent at 207687000000, KeyEvent { action=ACTION_UP, keyCode=KEYCODE_DPAD_LEFT, scanCode=0, metaState=0, flags=0x400, repeatCount=0, eventTime=207687, downTime=207687, deviceId=-1, source=0x101 }
D/InputEventConsistencyVerifier( 1013):   -- recent events --
D/InputEventConsistencyVerifier( 1013):   1: sent at 207669000000, (unhandled) MotionEvent { action=ACTION_MOVE, id[0]=0, x[0]=-3.0, y[0]=-1.0, toolType[0]=TOOL_TYPE_UNKNOWN, buttonState=0, metaState=0, flags=0x0, edgeFlags=0x0, pointerCount=1, historySize=3, eventTime=207669, downTime=-1, deviceId=0, source=0x10004 }
D/InputEventConsistencyVerifier( 1013):   2: sent at 207548000000, MotionEvent { action=ACTION_UP, id[0]=0, x[0]=168.66667, y[0]=368.0, toolType[0]=TOOL_TYPE_UNKNOWN, buttonState=0, metaState=0, flags=0x0, edgeFlags=0x0, pointerCount=1, historySize=0, eventTime=207548, downTime=207542, deviceId=0, source=0x1002 }
D/InputEventConsistencyVerifier( 1013):   3: sent at 207542000000, MotionEvent { action=ACTION_DOWN, id[0]=0, x[0]=170.0, y[0]=368.6667, toolType[0]=TOOL_TYPE_UNKNOWN, buttonState=0, metaState=0, flags=0x0, edgeFlags=0x0, pointerCount=1, historySize=0, eventTime=207542, downTime=207542, deviceId=0, source=0x1002 }
D/InputEventConsistencyVerifier( 1013):   4: sent at 207521000000, (unhandled) KeyEvent { action=ACTION_UP, keyCode=KEYCODE_DPAD_UP, scanCode=0, metaState=0, flags=0x8, repeatCount=0, eventTime=207521, downTime=207521, deviceId=-1, source=0x101 }
D/InputEventConsistencyVerifier( 1013):   5: sent at 207489000000, (unhandled) KeyEvent { action=ACTION_DOWN, keyCode=KEYCODE_DPAD_UP, scanCode=0, metaState=0, flags=0x8, repeatCount=0, eventTime=207489, downTime=207489, deviceId=-1, source=0x101 }
D/InputEventConsistencyVerifier( 1013): KeyEvent: ACTION_UP but key was not down.
D/InputEventConsistencyVerifier( 1013):   in android.view.ViewRootImpl@b3e82170
D/InputEventConsistencyVerifier( 1013):   0: sent at 208630000000, KeyEvent { action=ACTION_UP, keyCode=KEYCODE_DPAD_CENTER, scanCode=0, metaState=0, flags=0x8, repeatCount=0, eventTime=208630, downTime=208630, deviceId=-1, source=0x101 }
D/InputEventConsistencyVerifier( 1013):   -- recent events --
D/InputEventConsistencyVerifier( 1013):   1: sent at 208274000000, MotionEvent { action=ACTION_UP, id[0]=0, x[0]=423.0, y[0]=74.0, toolType[0]=TOOL_TYPE_UNKNOWN, buttonState=0, metaState=0, flags=0x0, edgeFlags=0x0, pointerCount=1, historySize=0, eventTime=208274, downTime=208268, deviceId=0, source=0x1002 }
D/InputEventConsistencyVerifier( 1013):   2: sent at 208269000000, MotionEvent { action=ACTION_DOWN, id[0]=0, x[0]=423.0, y[0]=76.0, toolType[0]=TOOL_TYPE_UNKNOWN, buttonState=0, metaState=0, flags=0x0, edgeFlags=0x0, pointerCount=1, historySize=0, eventTime=208269, downTime=208268, deviceId=0, source=0x1002 }
D/InputEventConsistencyVerifier( 1013):   3: sent at 208102000000, MotionEvent { action=ACTION_UP, id[0]=0, x[0]=350.0, y[0]=319.0, toolType[0]=TOOL_TYPE_UNKNOWN, buttonState=0, metaState=0, flags=0x0, edgeFlags=0x0, pointerCount=1, historySize=0, eventTime=208102, downTime=208096, deviceId=0, source=0x1002 }
D/InputEventConsistencyVerifier( 1013):   4: sent at 208096000000, MotionEvent { action=ACTION_DOWN, id[0]=0, x[0]=346.0, y[0]=325.0, toolType[0]=TOOL_TYPE_UNKNOWN, buttonState=0, metaState=0, flags=0x0, edgeFlags=0x0, pointerCount=1, historySize=0, eventTime=208096, downTime=208096, deviceId=0, source=0x1002 }
D/InputEventConsistencyVerifier( 1013):   5: sent at 208074000000, KeyEvent { action=ACTION_UP, keyCode=KEYCODE_MENU, scanCode=0, metaState=0, flags=0x8, repeatCount=0, eventTime=208074, downTime=208074, deviceId=-1, source=0x101 }
I/Choreographer( 1013): Skipped 47 frames!  The application may be doing too much work on its main thread.
W/InputMethodManagerService(  229): Window already focused, ignoring focus gain of: com.android.internal.view.IInputMethodClient$Stub$Proxy@b418ea58 attribute=android.view.inputmethod.EditorInfo@b4168e40
D/InputEventConsistencyVerifier( 1013): KeyEvent: ACTION_UP but key was not down.
D/InputEventConsistencyVerifier( 1013):   in com.android.internal.policy.impl.PhoneWindow$DecorView@b3e33770
D/InputEventConsistencyVerifier( 1013):   0: sent at 208799000000, KeyEvent { action=ACTION_UP, keyCode=KEYCODE_DPAD_CENTER, scanCode=0, metaState=0, flags=0x8, repeatCount=0, eventTime=208799, downTime=208799, deviceId=-1, source=0x101 }
D/InputEventConsistencyVerifier( 1013):   -- recent events --
D/InputEventConsistencyVerifier( 1013):   1: sent at 208630000000, (unhandled) KeyEvent { action=ACTION_UP, keyCode=KEYCODE_DPAD_CENTER, scanCode=0, metaState=0, flags=0x80000008, repeatCount=0, eventTime=208630, downTime=208630, deviceId=-1, source=0x101 }
D/InputEventConsistencyVerifier( 1013):   2: sent at 208274000000, MotionEvent { action=ACTION_UP, id[0]=0, x[0]=282.0, y[0]=49.333336, toolType[0]=TOOL_TYPE_UNKNOWN, buttonState=0, metaState=0, flags=0x0, edgeFlags=0x0, pointerCount=1, historySize=0, eventTime=208274, downTime=208268, deviceId=0, source=0x1002 }
D/InputEventConsistencyVerifier( 1013):   3: sent at 208269000000, MotionEvent { action=ACTION_DOWN, id[0]=0, x[0]=282.0, y[0]=50.666668, toolType[0]=TOOL_TYPE_UNKNOWN, buttonState=0, metaState=0, flags=0x0, edgeFlags=0x0, pointerCount=1, historySize=0, eventTime=208269, downTime=208268, deviceId=0, source=0x1002 }
D/InputEventConsistencyVerifier( 1013):   4: sent at 208102000000, MotionEvent { action=ACTION_UP, id[0]=0, x[0]=233.33334, y[0]=212.66667, toolType[0]=TOOL_TYPE_UNKNOWN, buttonState=0, metaState=0, flags=0x0, edgeFlags=0x0, pointerCount=1, historySize=0, eventTime=208102, downTime=208096, deviceId=0, source=0x1002 }
D/InputEventConsistencyVerifier( 1013):   5: sent at 208096000000, MotionEvent { action=ACTION_DOWN, id[0]=0, x[0]=230.66667, y[0]=216.66667, toolType[0]=TOOL_TYPE_UNKNOWN, buttonState=0, metaState=0, flags=0x0, edgeFlags=0x0, pointerCount=1, historySize=0, eventTime=208096, downTime=208096, deviceId=0, source=0x1002 }
D/InputEventConsistencyVerifier( 1013): KeyEvent: ACTION_UP but key was not down.
D/InputEventConsistencyVerifier( 1013):   in com.android.internal.policy.impl.PhoneWindow$DecorView@b3e33770
D/InputEventConsistencyVerifier( 1013):   0: sent at 209084000000, KeyEvent { action=ACTION_UP, keyCode=KEYCODE_DPAD_DOWN, scanCode=0, metaState=0, flags=0x8, repeatCount=0, eventTime=209084, downTime=209084, deviceId=-1, source=0x101 }
D/InputEventConsistencyVerifier( 1013):   -- recent events --
D/InputEventConsistencyVerifier( 1013):   1: sent at 208940000000, MotionEvent { action=ACTION_UP, id[0]=0, x[0]=18.0, y[0]=424.0, toolType[0]=TOOL_TYPE_UNKNOWN, buttonState=0, metaState=0, flags=0x0, edgeFlags=0x0, pointerCount=1, historySize=0, eventTime=208940, downTime=208934, deviceId=0, source=0x1002 }
D/InputEventConsistencyVerifier( 1013):   2: sent at 208935000000, MotionEvent { action=ACTION_DOWN, id[0]=0, x[0]=24.666668, y[0]=430.0, toolType[0]=TOOL_TYPE_UNKNOWN, buttonState=0, metaState=0, flags=0x0, edgeFlags=0x0, pointerCount=1, historySize=0, eventTime=208935, downTime=208934, deviceId=0, source=0x1002 }
D/InputEventConsistencyVerifier( 1013):   3: sent at 208799000000, (unhandled) KeyEvent { action=ACTION_UP, keyCode=KEYCODE_DPAD_CENTER, scanCode=0, metaState=0, flags=0x80000008, repeatCount=0, eventTime=208799, downTime=208799, deviceId=-1, source=0x101 }
D/InputEventConsistencyVerifier( 1013):   4: sent at 208630000000, (unhandled) KeyEvent { action=ACTION_UP, keyCode=KEYCODE_DPAD_CENTER, scanCode=0, metaState=0, flags=0x80000008, repeatCount=0, eventTime=208630, downTime=208630, deviceId=-1, source=0x101 }
D/InputEventConsistencyVerifier( 1013):   5: sent at 208274000000, MotionEvent { action=ACTION_UP, id[0]=0, x[0]=282.0, y[0]=49.333336, toolType[0]=TOOL_TYPE_UNKNOWN, buttonState=0, metaState=0, flags=0x0, edgeFlags=0x0, pointerCount=1, historySize=0, eventTime=208274, downTime=208268, deviceId=0, source=0x1002 }
I/Choreographer( 1013): Skipped 43 frames!  The application may be doing too much work on its main thread.
I/Choreographer(  229): Skipped 42 frames!  The application may be doing too much work on its main thread.
I/ActivityManager(  229): START {act=android.intent.action.MAIN cat=[android.intent.category.LAUNCHER] flg=0x10200000 cmp=com.android/.MainActivity u=0} from pid 955
I/Choreographer( 1013): Skipped 60 frames!  The application may be doing too much work on its main thread.
W/InputMethodManagerService(  229): Window already focused, ignoring focus gain of: com.android.internal.view.IInputMethodClient$Stub$Proxy@b40759e8 attribute=android.view.inputmethod.EditorInfo@b4075a00
I/Choreographer(  229): Skipped 43 frames!  The application may be doing too much work on its main thread.
D/InputEventConsistencyVerifier( 1013): KeyEvent: ACTION_UP but key was not down.
D/InputEventConsistencyVerifier( 1013):   in com.android.internal.policy.impl.PhoneWindow$DecorView@b3e33770
D/InputEventConsistencyVerifier( 1013):   0: sent at 210242000000, KeyEvent { action=ACTION_UP, keyCode=KEYCODE_DPAD_UP, scanCode=0, metaState=0, flags=0x8, repeatCount=0, eventTime=210242, downTime=210242, deviceId=-1, source=0x101 }
D/InputEventConsistencyVerifier( 1013):   -- recent events --
D/InputEventConsistencyVerifier( 1013):   1: sent at 209560000000, MotionEvent { action=ACTION_UP, id[0]=0, x[0]=60.666668, y[0]=96.0, toolType[0]=TOOL_TYPE_UNKNOWN, buttonState=0, metaState=0, flags=0x0, edgeFlags=0x0, pointerCount=1, historySize=0, eventTime=209560, downTime=209554, deviceId=0, source=0x1002 }
D/InputEventConsistencyVerifier( 1013):   2: sent at 209554000000, MotionEvent { action=ACTION_DOWN, id[0]=0, x[0]=55.333336, y[0]=102.66667, toolType[0]=TOOL_TYPE_UNKNOWN, buttonState=0, metaState=0, flags=0x0, edgeFlags=0x0, pointerCount=1, historySize=0, eventTime=209554, downTime=209554, deviceId=0, source=0x1002 }
D/InputEventConsistencyVerifier( 1013):   3: sent at 209451000000, MotionEvent { action=ACTION_UP, id[0]=0, x[0]=279.33334, y[0]=95.333336, toolType[0]=TOOL_TYPE_UNKNOWN, buttonState=0, metaState=0, flags=0x0, edgeFlags=0x0, pointerCount=1, historySize=0, eventTime=209451, downTime=209445, deviceId=0, source=0x1002 }
D/InputEventConsistencyVerifier( 1013):   4: sent at 209446000000, MotionEvent { action=ACTION_DOWN, id[0]=0, x[0]=279.33334, y[0]=99.333336, toolType[0]=TOOL_TYPE_UNKNOWN, buttonState=0, metaState=0, flags=0x0, edgeFlags=0x0, pointerCount=1, historySize=0, eventTime=209446, downTime=209445, deviceId=0, source=0x1002 }
D/InputEventConsistencyVerifier( 1013):   5: sent at 209396000000, MotionEvent { action=ACTION_UP, id[0]=0, x[0]=199.33334, y[0]=194.0, toolType[0]=TOOL_TYPE_UNKNOWN, buttonState=0, metaState=0, flags=0x0, edgeFlags=0x0, pointerCount=1, historySize=0, eventTime=209396, downTime=209380, deviceId=0, source=0x1002 }
I/Choreographer( 1013): Skipped 65 frames!  The application may be doing too much work on its main thread.
I/Choreographer(  229): Skipped 38 frames!  The application may be doing too much work on its main thread.
I/Choreographer( 1013): Skipped 53 frames!  The application may be doing too much work on its main thread.
D/InputEventConsistencyVerifier( 1013): TrackballEvent: Trackball is down but pressure is not greater than 0.
D/InputEventConsistencyVerifier( 1013):   in android.view.ViewRootImpl@b3e82170
D/InputEventConsistencyVerifier( 1013):   0: sent at 210388000000, MotionEvent { action=ACTION_DOWN, id[0]=0, x[0]=0.0, y[0]=0.0, toolType[0]=TOOL_TYPE_UNKNOWN, buttonState=0, metaState=0, flags=0x0, edgeFlags=0x0, pointerCount=1, historySize=0, eventTime=210388, downTime=210264, deviceId=0, source=0x10004 }
D/InputEventConsistencyVerifier( 1013):   -- recent events --
D/InputEventConsistencyVerifier( 1013):   1: sent at 210414000000, KeyEvent { action=ACTION_UP, keyCode=KEYCODE_DPAD_UP, scanCode=0, metaState=0, flags=0x400, repeatCount=0, eventTime=210414, downTime=210414, deviceId=-1, source=0x101 }
D/InputEventConsistencyVerifier( 1013):   2: sent at 210414000000, KeyEvent { action=ACTION_DOWN, keyCode=KEYCODE_DPAD_UP, scanCode=0, metaState=0, flags=0x400, repeatCount=0, eventTime=210414, downTime=210414, deviceId=-1, source=0x101 }
D/InputEventConsistencyVerifier( 1013):   3: sent at 210414000000, KeyEvent { action=ACTION_UP, keyCode=KEYCODE_DPAD_UP, scanCode=0, metaState=0, flags=0x400, repeatCount=0, eventTime=210414, downTime=210414, deviceId=-1, source=0x101 }
D/InputEventConsistencyVerifier( 1013):   4: sent at 210414000000, KeyEvent { action=ACTION_DOWN, keyCode=KEYCODE_DPAD_UP, scanCode=0, metaState=0, flags=0x400, repeatCount=0, eventTime=210414, downTime=210414, deviceId=-1, source=0x101 }
D/InputEventConsistencyVerifier( 1013):   5: sent at 210413000000, KeyEvent { action=ACTION_UP, keyCode=KEYCODE_DPAD_UP, scanCode=0, metaState=0, flags=0x400, repeatCount=0, eventTime=210413, downTime=210413, deviceId=-1, source=0x101 }
D/InputEventConsistencyVerifier(  430): TouchEvent: ACTION_DOWN but pointers are already down.  Probably missing ACTION_UP from previous gesture.
D/InputEventConsistencyVerifier(  430):   in android.view.ScaleGestureDetector@b3f06d28
D/InputEventConsistencyVerifier(  430):   0: sent at 211362000000, MotionEvent { action=ACTION_DOWN, id[0]=0, x[0]=284.0, y[0]=30.0, toolType[0]=TOOL_TYPE_UNKNOWN, buttonState=0, metaState=0, flags=0x0, edgeFlags=0x0, pointerCount=1, historySize=0, eventTime=211362, downTime=211360, deviceId=0, source=0x1002 }
D/InputEventConsistencyVerifier(  430):   -- recent events --
D/InputEventConsistencyVerifier(  430):   1: sent at 203021000000, MotionEvent { action=ACTION_DOWN, id[0]=0, x[0]=304.0, y[0]=319.0, toolType[0]=TOOL_TYPE_UNKNOWN, buttonState=0, metaState=0, flags=0x80000000, edgeFlags=0x0, pointerCount=1, historySize=0, eventTime=203021, downTime=202934, deviceId=0, source=0x1002 }
D/InputEventConsistencyVerifier(  430):   2: sent at 202925000000, MotionEvent { action=ACTION_MOVE, id[0]=0, x[0]=59.0, y[0]=675.0, toolType[0]=TOOL_TYPE_UNKNOWN, buttonState=0, metaState=0, flags=0x0, edgeFlags=0x0, pointerCount=1, historySize=4, eventTime=202925, downTime=202909, deviceId=0, source=0x1002 }
D/InputEventConsistencyVerifier(  430):   3: sent at 202911000000, MotionEvent { action=ACTION_DOWN, id[0]=0, x[0]=90.0, y[0]=714.0, toolType[0]=TOOL_TYPE_UNKNOWN, buttonState=0, metaState=0, flags=0x0, edgeFlags=0x0, pointerCount=1, historySize=0, eventTime=202911, downTime=202909, deviceId=0, source=0x1002 }
D/InputEventConsistencyVerifier(  430):   4: sent at 202746000000, MotionEvent { action=ACTION_UP, id[0]=0, x[0]=47.0, y[0]=68.0, toolType[0]=TOOL_TYPE_UNKNOWN, buttonState=0, metaState=0, flags=0x0, edgeFlags=0x0, pointerCount=1, historySize=0, eventTime=202746, downTime=202741, deviceId=0, source=0x1002 }
D/InputEventConsistencyVerifier(  430):   5: sent at 202741000000, MotionEvent { action=ACTION_DOWN, id[0]=0, x[0]=66.0, y[0]=52.0, toolType[0]=TOOL_TYPE_UNKNOWN, buttonState=0, metaState=0, flags=0x80000000, edgeFlags=0x0, pointerCount=1, historySize=0, eventTime=202741, downTime=202741, deviceId=0, source=0x1002 }
W/dalvikvm(  430): DroidBox: { "FdAccess": { "path": "2f70726f632f6d656d696e666f", "id": "872855381" } }
W/DroidBox(  430): DroidBox: { "FileRW": { "operation": "read", "data": "4d656d546f74616c3a202020202020202020373438393634206b420a4d656d467265653a20202020202020202020343630393634206b420a427566666572733a20202020202020202020202035343634206b420a4361636865643a202020202020202020", "id": "872855381" } }
I/ActivityManager(  229): START {act=android.intent.action.MAIN cat=[android.intent.category.LAUNCHER] flg=0x10000000 cmp=com.android.contacts/.activities.PeopleActivity sel={act=android.intent.action.MAIN cat=[android.intent.category.APP_CONTACTS]} u=0} from pid 229
D/InputEventConsistencyVerifier(  430): KeyEvent: ACTION_UP but key was not down.
D/InputEventConsistencyVerifier(  430):   in com.android.systemui.statusbar.phone.StatusBarWindowView@b3e66248
D/InputEventConsistencyVerifier(  430):   0: sent at 211591000000, KeyEvent { action=ACTION_UP, keyCode=KEYCODE_DPAD_RIGHT, scanCode=0, metaState=0, flags=0x8, repeatCount=0, eventTime=211591, downTime=211591, deviceId=-1, source=0x101 }
D/InputEventConsistencyVerifier(  430):   -- recent events --
D/InputEventConsistencyVerifier(  430):   1: sent at 211404000000, MotionEvent { action=ACTION_UP, id[0]=0, x[0]=205.0, y[0]=131.0, toolType[0]=TOOL_TYPE_UNKNOWN, buttonState=0, metaState=0, flags=0x0, edgeFlags=0x0, pointerCount=1, historySize=0, eventTime=211404, downTime=211360, deviceId=0, source=0x1002 }
D/InputEventConsistencyVerifier(  430):   2: sent at 211401000000, MotionEvent { action=ACTION_MOVE, id[0]=0, x[0]=214.0, y[0]=114.0, toolType[0]=TOOL_TYPE_UNKNOWN, buttonState=0, metaState=0, flags=0x0, edgeFlags=0x0, pointerCount=1, historySize=7, eventTime=211401, downTime=211360, deviceId=0, source=0x1002 }
D/InputEventConsistencyVerifier(  430):   3: sent at 211362000000, MotionEvent { action=ACTION_DOWN, id[0]=0, x[0]=284.0, y[0]=30.0, toolType[0]=TOOL_TYPE_UNKNOWN, buttonState=0, metaState=0, flags=0x0, edgeFlags=0x0, pointerCount=1, historySize=0, eventTime=211362, downTime=211360, deviceId=0, source=0x1002 }
D/InputEventConsistencyVerifier(  430):   4: sent at 203259000000, (unhandled) KeyEvent { action=ACTION_UP, keyCode=KEYCODE_DPAD_RIGHT, scanCode=0, metaState=0, flags=0x400, repeatCount=0, eventTime=203259, downTime=203259, deviceId=-1, source=0x101 }
D/InputEventConsistencyVerifier(  430):   5: sent at 203259000000, (unhandled) KeyEvent { action=ACTION_DOWN, keyCode=KEYCODE_DPAD_RIGHT, scanCode=0, metaState=0, flags=0x400, repeatCount=0, eventTime=203259, downTime=203259, deviceId=-1, source=0x101 }
W/dalvikvm(  430): DroidBox: { "FdAccess": { "path": "2f70726f632f6d656d696e666f", "id": "374270249" } }
W/DroidBox(  430): DroidBox: { "FileRW": { "operation": "read", "data": "4d656d546f74616c3a202020202020202020373438393634206b420a4d656d467265653a20202020202020202020343630393536206b420a427566666572733a20202020202020202020202035343634206b420a4361636865643a202020202020202020", "id": "374270249" } }
I/Choreographer(  430): Skipped 69 frames!  The application may be doing too much work on its main thread.
W/dalvikvm(  430): DroidBox: { "FdAccess": { "path": "2f70726f632f6d656d696e666f", "id": "694576575" } }
W/DroidBox(  430): DroidBox: { "FileRW": { "operation": "read", "data": "4d656d546f74616c3a202020202020202020373438393634206b420a4d656d467265653a20202020202020202020343630393634206b420a427566666572733a20202020202020202020202035343634206b420a4361636865643a202020202020202020", "id": "694576575" } }
D/PhoneStatusBar(  430): disable: < expand icons alerts TICKER* system_info back home recent clock >
V/PhoneStatusBar(  430): setLightsOn(true)
W/dalvikvm(  430): DroidBox: { "FdAccess": { "path": "2f70726f632f6d656d696e666f", "id": "962717340" } }
D/InputEventConsistencyVerifier( 1013): KeyEvent: ACTION_UP but key was not down.
D/InputEventConsistencyVerifier( 1013):   in android.widget.LinearLayout@b3e4f7e8
D/InputEventConsistencyVerifier( 1013):   0: sent at 211540000000, KeyEvent { action=ACTION_UP, keyCode=KEYCODE_DPAD_DOWN, scanCode=0, metaState=0, flags=0x400, repeatCount=0, eventTime=211540, downTime=211540, deviceId=-1, source=0x101 }
D/InputEventConsistencyVerifier( 1013):   -- recent events --
D/InputEventConsistencyVerifier( 1013):   1: sent at 197345000000, (unhandled) KeyEvent { action=ACTION_UP, keyCode=KEYCODE_MENU, scanCode=0, metaState=0, flags=0x8, repeatCount=0, eventTime=197345, downTime=197345, deviceId=-1, source=0x101 }
D/InputEventConsistencyVerifier( 1013):   2: sent at 197253000000, (unhandled) KeyEvent { action=ACTION_DOWN, keyCode=KEYCODE_MENU, scanCode=0, metaState=0, flags=0x8, repeatCount=0, eventTime=197253, downTime=197253, deviceId=-1, source=0x101 }
D/InputEventConsistencyVerifier( 1013):   3: sent at 197201000000, (unhandled) KeyEvent { action=ACTION_UP, keyCode=KEYCODE_DPAD_DOWN, scanCode=0, metaState=0, flags=0x80000008, repeatCount=0, eventTime=197201, downTime=197201, deviceId=-1, source=0x101 }
D/InputEventConsistencyVerifier( 1013):   4: sent at 195751000000, (unhandled) KeyEvent { action=ACTION_UP, keyCode=KEYCODE_DPAD_DOWN, scanCode=0, metaState=0, flags=0x400, repeatCount=0, eventTime=195751, downTime=195751, deviceId=-1, source=0x101 }
D/InputEventConsistencyVerifier( 1013):   5: sent at 195751000000, (unhandled) KeyEvent { action=ACTION_DOWN, keyCode=KEYCODE_DPAD_DOWN, scanCode=0, metaState=0, flags=0x400, repeatCount=0, eventTime=195751, downTime=195751, deviceId=-1, source=0x101 }
D/InputEventConsistencyVerifier( 1013): KeyEvent: ACTION_UP but key was not down.
D/InputEventConsistencyVerifier( 1013):   in android.view.ViewRootImpl@b3e82170
D/InputEventConsistencyVerifier( 1013):   0: sent at 211443000000, KeyEvent { action=ACTION_UP, keyCode=KEYCODE_CONTACTS, scanCode=0, metaState=0, flags=0x8, repeatCount=0, eventTime=211443, downTime=211443, deviceId=-1, source=0x101 }
D/InputEventConsistencyVerifier( 1013):   -- recent events --
D/InputEventConsistencyVerifier( 1013):   1: sent at 211542000000, KeyEvent { action=ACTION_UP, keyCode=KEYCODE_DPAD_DOWN, scanCode=0, metaState=0, flags=0x400, repeatCount=0, eventTime=211542, downTime=211542, deviceId=-1, source=0x101 }
D/InputEventConsistencyVerifier( 1013):   2: sent at 211542000000, KeyEvent { action=ACTION_DOWN, keyCode=KEYCODE_DPAD_DOWN, scanCode=0, metaState=0, flags=0x400, repeatCount=0, eventTime=211542, downTime=211542, deviceId=-1, source=0x101 }
D/InputEventConsistencyVerifier( 1013):   3: sent at 211540000000, KeyEvent { action=ACTION_UP, keyCode=KEYCODE_DPAD_DOWN, scanCode=0, metaState=0, flags=0x400, repeatCount=0, eventTime=211540, downTime=211540, deviceId=-1, source=0x101 }
D/InputEventConsistencyVerifier( 1013):   4: sent at 211540000000, KeyEvent { action=ACTION_DOWN, keyCode=KEYCODE_DPAD_DOWN, scanCode=0, metaState=0, flags=0x400, repeatCount=0, eventTime=211540, downTime=211540, deviceId=-1, source=0x101 }
D/InputEventConsistencyVerifier( 1013):   5: sent at 211355000000, MotionEvent { action=ACTION_MOVE, id[0]=0, x[0]=2.0, y[0]=2.0, toolType[0]=TOOL_TYPE_UNKNOWN, buttonState=0, metaState=0, flags=0x0, edgeFlags=0x0, pointerCount=1, historySize=7, eventTime=211355, downTime=-1, deviceId=0, source=0x10004 }
W/DroidBox(  430): DroidBox: { "FileRW": { "operation": "read", "data": "4d656d546f74616c3a202020202020202020373438393634206b420a4d656d467265653a20202020202020202020343539363030206b420a427566666572733a20202020202020202020202035343634206b420a4361636865643a202020202020202020", "id": "962717340" } }
W/dalvikvm(  430): DroidBox: { "FdAccess": { "path": "2f70726f632f6d656d696e666f", "id": "1393012959" } }
W/DroidBox(  430): DroidBox: { "FileRW": { "operation": "read", "data": "4d656d546f74616c3a202020202020202020373438393634206b420a4d656d467265653a20202020202020202020343538313132206b420a427566666572733a20202020202020202020202035343634206b420a4361636865643a202020202020202020", "id": "1393012959" } }
D/InputEventConsistencyVerifier(  430): KeyEvent: ACTION_UP but key was not down.
D/InputEventConsistencyVerifier(  430):   in com.android.systemui.statusbar.phone.StatusBarWindowView@b3e66248
D/InputEventConsistencyVerifier(  430):   0: sent at 212463000000, KeyEvent { action=ACTION_UP, keyCode=KEYCODE_DPAD_RIGHT, scanCode=0, metaState=0, flags=0x400, repeatCount=0, eventTime=212463, downTime=212463, deviceId=-1, source=0x101 }
D/InputEventConsistencyVerifier(  430):   -- recent events --
D/InputEventConsistencyVerifier(  430):   1: sent at 212427000000, (unhandled) MotionEvent { action=ACTION_MOVE, id[0]=0, x[0]=4.0, y[0]=2.0, toolType[0]=TOOL_TYPE_UNKNOWN, buttonState=0, metaState=0, flags=0x0, edgeFlags=0x0, pointerCount=1, historySize=9, eventTime=212427, downTime=-1, deviceId=0, source=0x10004 }
D/InputEventConsistencyVerifier(  430):   2: sent at 212396000000, MotionEvent { action=ACTION_UP, id[0]=0, x[0]=416.0, y[0]=572.0, toolType[0]=TOOL_TYPE_UNKNOWN, buttonState=0, metaState=0, flags=0x0, edgeFlags=0x0, pointerCount=1, historySize=0, eventTime=212396, downTime=212390, deviceId=0, source=0x1002 }
D/InputEventConsistencyVerifier(  430):   3: sent at 212390000000, MotionEvent { action=ACTION_DOWN, id[0]=0, x[0]=416.0, y[0]=572.0, toolType[0]=TOOL_TYPE_UNKNOWN, buttonState=0, metaState=0, flags=0x0, edgeFlags=0x0, pointerCount=1, historySize=0, eventTime=212390, downTime=212390, deviceId=0, source=0x1002 }
D/InputEventConsistencyVerifier(  430):   4: sent at 212385000000, (unhandled) KeyEvent { action=ACTION_UP, keyCode=KEYCODE_DPAD_CENTER, scanCode=0, metaState=0, flags=0x8, repeatCount=0, eventTime=212385, downTime=212385, deviceId=-1, source=0x101 }
D/InputEventConsistencyVerifier(  430):   5: sent at 212334000000, (unhandled) KeyEvent { action=ACTION_DOWN, keyCode=KEYCODE_DPAD_CENTER, scanCode=0, metaState=0, flags=0x8, repeatCount=0, eventTime=212334, downTime=212334, deviceId=-1, source=0x101 }
D/InputEventConsistencyVerifier(  430): KeyEvent: ACTION_UP but key was not down.
D/InputEventConsistencyVerifier(  430):   in android.widget.FrameLayout@b3e28188
D/InputEventConsistencyVerifier(  430):   0: sent at 212549000000, KeyEvent { action=ACTION_UP, keyCode=KEYCODE_DPAD_DOWN, scanCode=0, metaState=0, flags=0x8, repeatCount=0, eventTime=212549, downTime=212549, deviceId=-1, source=0x101 }
D/InputEventConsistencyVerifier(  430):   -- recent events --
D/InputEventConsistencyVerifier(  430):   1: sent at 212396000000, MotionEvent { action=ACTION_UP, id[0]=0, x[0]=416.0, y[0]=572.0, toolType[0]=TOOL_TYPE_UNKNOWN, buttonState=0, metaState=0, flags=0x0, edgeFlags=0x0, pointerCount=1, historySize=0, eventTime=212396, downTime=212390, deviceId=0, source=0x1002 }
D/InputEventConsistencyVerifier(  430):   2: sent at 212390000000, MotionEvent { action=ACTION_DOWN, id[0]=0, x[0]=416.0, y[0]=572.0, toolType[0]=TOOL_TYPE_UNKNOWN, buttonState=0, metaState=0, flags=0x0, edgeFlags=0x0, pointerCount=1, historySize=0, eventTime=212390, downTime=212390, deviceId=0, source=0x1002 }
D/InputEventConsistencyVerifier(  430):   3: sent at 202927000000, MotionEvent { action=ACTION_UP, id[0]=0, x[0]=59.0, y[0]=662.0, toolType[0]=TOOL_TYPE_UNKNOWN, buttonState=0, metaState=0, flags=0x0, edgeFlags=0x0, pointerCount=1, historySize=0, eventTime=202927, downTime=202909, deviceId=0, source=0x1002 }
D/InputEventConsistencyVerifier(  430):   4: sent at 202925000000, MotionEvent { action=ACTION_MOVE, id[0]=0, x[0]=59.0, y[0]=675.0, toolType[0]=TOOL_TYPE_UNKNOWN, buttonState=0, metaState=0, flags=0x0, edgeFlags=0x0, pointerCount=1, historySize=4, eventTime=202925, downTime=202909, deviceId=0, source=0x1002 }
D/InputEventConsistencyVerifier(  430):   5: sent at 202911000000, MotionEvent { action=ACTION_DOWN, id[0]=0, x[0]=90.0, y[0]=714.0, toolType[0]=TOOL_TYPE_UNKNOWN, buttonState=0, metaState=0, flags=0x0, edgeFlags=0x0, pointerCount=1, historySize=0, eventTime=202911, downTime=202909, deviceId=0, source=0x1002 }
D/InputEventConsistencyVerifier(  430): TrackballEvent: Trackball is down but pressure is not greater than 0.
D/InputEventConsistencyVerifier(  430):   in android.view.ViewRootImpl@b3ef8910
D/InputEventConsistencyVerifier(  430):   0: sent at 212646000000, MotionEvent { action=ACTION_DOWN, id[0]=0, x[0]=0.0, y[0]=0.0, toolType[0]=TOOL_TYPE_UNKNOWN, buttonState=0, metaState=0, flags=0x0, edgeFlags=0x0, pointerCount=1, historySize=0, eventTime=212646, downTime=212614, deviceId=0, source=0x10004 }
D/InputEventConsistencyVerifier(  430):   -- recent events --
D/InputEventConsistencyVerifier(  430):   1: sent at 212663000000, KeyEvent { action=ACTION_UP, keyCode=KEYCODE_DPAD_RIGHT, scanCode=0, metaState=0, flags=0x400, repeatCount=0, eventTime=212663, downTime=212663, deviceId=-1, source=0x101 }
D/InputEventConsistencyVerifier(  430):   2: sent at 212663000000, KeyEvent { action=ACTION_DOWN, keyCode=KEYCODE_DPAD_RIGHT, scanCode=0, metaState=0, flags=0x400, repeatCount=0, eventTime=212663, downTime=212663, deviceId=-1, source=0x101 }
D/InputEventConsistencyVerifier(  430):   3: sent at 212663000000, KeyEvent { action=ACTION_UP, keyCode=KEYCODE_DPAD_RIGHT, scanCode=0, metaState=0, flags=0x400, repeatCount=0, eventTime=212663, downTime=212663, deviceId=-1, source=0x101 }
D/InputEventConsistencyVerifier(  430):   4: sent at 212663000000, KeyEvent { action=ACTION_DOWN, keyCode=KEYCODE_DPAD_RIGHT, scanCode=0, metaState=0, flags=0x400, repeatCount=0, eventTime=212663, downTime=212663, deviceId=-1, source=0x101 }
D/InputEventConsistencyVerifier(  430):   5: sent at 212662000000, KeyEvent { action=ACTION_MULTIPLE, keyCode=KEYCODE_DPAD_RIGHT, scanCode=0, metaState=0, flags=0x400, repeatCount=26, eventTime=212662, downTime=212662, deviceId=-1, source=0x101 }
I/Choreographer(  430): Skipped 36 frames!  The application may be doing too much work on its main thread.
D/InputEventConsistencyVerifier(  430): KeyEvent: ACTION_UP but key was not down.
D/InputEventConsistencyVerifier(  430):   in android.widget.FrameLayout@b3e28188
D/InputEventConsistencyVerifier(  430):   0: sent at 212805000000, KeyEvent { action=ACTION_UP, keyCode=KEYCODE_DPAD_DOWN, scanCode=0, metaState=0, flags=0x400, repeatCount=0, eventTime=212805, downTime=212805, deviceId=-1, source=0x101 }
D/InputEventConsistencyVerifier(  430):   -- recent events --
D/InputEventConsistencyVerifier(  430):   1: sent at 212606000000, MotionEvent { action=ACTION_UP, id[0]=0, x[0]=78.0, y[0]=4.0, toolType[0]=TOOL_TYPE_UNKNOWN, buttonState=0, metaState=0, flags=0x0, edgeFlags=0x0, pointerCount=1, historySize=0, eventTime=212606, downTime=212601, deviceId=0, source=0x1002 }
D/InputEventConsistencyVerifier(  430):   2: sent at 212601000000, MotionEvent { action=ACTION_DOWN, id[0]=0, x[0]=78.0, y[0]=8.0, toolType[0]=TOOL_TYPE_UNKNOWN, buttonState=0, metaState=0, flags=0x0, edgeFlags=0x0, pointerCount=1, historySize=0, eventTime=212601, downTime=212601, deviceId=0, source=0x1002 }
D/InputEventConsistencyVerifier(  430):   3: sent at 212595000000, (unhandled) KeyEvent { action=ACTION_UP, keyCode=KEYCODE_DPAD_DOWN, scanCode=0, metaState=0, flags=0x8, repeatCount=0, eventTime=212595, downTime=212595, deviceId=-1, source=0x101 }
D/InputEventConsistencyVerifier(  430):   4: sent at 212586000000, (unhandled) KeyEvent { action=ACTION_DOWN, keyCode=KEYCODE_DPAD_DOWN, scanCode=0, metaState=0, flags=0x8, repeatCount=0, eventTime=212586, downTime=212586, deviceId=-1, source=0x101 }
D/InputEventConsistencyVerifier(  430):   5: sent at 212549000000, (unhandled) KeyEvent { action=ACTION_UP, keyCode=KEYCODE_DPAD_DOWN, scanCode=0, metaState=0, flags=0x80000008, repeatCount=0, eventTime=212549, downTime=212549, deviceId=-1, source=0x101 }
I/Choreographer(  430): Skipped 33 frames!  The application may be doing too much work on its main thread.
D/InputEventConsistencyVerifier(  430): KeyEvent: ACTION_UP but key was not down.
D/InputEventConsistencyVerifier(  430):   in com.android.systemui.statusbar.phone.StatusBarWindowView@b3e66248
D/InputEventConsistencyVerifier(  430):   0: sent at 213129000000, KeyEvent { action=ACTION_UP, keyCode=KEYCODE_DPAD_DOWN, scanCode=0, metaState=0, flags=0x8, repeatCount=0, eventTime=213129, downTime=213129, deviceId=-1, source=0x101 }
D/InputEventConsistencyVerifier(  430):   -- recent events --
D/InputEventConsistencyVerifier(  430):   1: sent at 213111000000, MotionEvent { action=ACTION_UP, id[0]=0, x[0]=411.0, y[0]=286.0, toolType[0]=TOOL_TYPE_UNKNOWN, buttonState=0, metaState=0, flags=0x0, edgeFlags=0x0, pointerCount=1, historySize=0, eventTime=213111, downTime=213036, deviceId=0, source=0x1002 }
D/InputEventConsistencyVerifier(  430):   2: sent at 213108000000, MotionEvent { action=ACTION_MOVE, id[0]=0, x[0]=410.0, y[0]=288.0, toolType[0]=TOOL_TYPE_UNKNOWN, buttonState=0, metaState=0, flags=0x0, edgeFlags=0x0, pointerCount=1, historySize=6, eventTime=213108, downTime=213036, deviceId=0, source=0x1002 }
D/InputEventConsistencyVerifier(  430):   3: sent at 213039000000, MotionEvent { action=ACTION_DOWN, id[0]=0, x[0]=342.0, y[0]=301.0, toolType[0]=TOOL_TYPE_UNKNOWN, buttonState=0, metaState=0, flags=0x0, edgeFlags=0x0, pointerCount=1, historySize=0, eventTime=213039, downTime=213036, deviceId=0, source=0x1002 }
D/InputEventConsistencyVerifier(  430):   4: sent at 213027000000, MotionEvent { action=ACTION_UP, id[0]=0, x[0]=106.0, y[0]=294.0, toolType[0]=TOOL_TYPE_UNKNOWN, buttonState=0, metaState=0, flags=0x0, edgeFlags=0x0, pointerCount=1, historySize=0, eventTime=213027, downTime=213020, deviceId=0, source=0x1002 }
D/InputEventConsistencyVerifier(  430):   5: sent at 213021000000, MotionEvent { action=ACTION_DOWN, id[0]=0, x[0]=103.0, y[0]=280.0, toolType[0]=TOOL_TYPE_UNKNOWN, buttonState=0, metaState=0, flags=0x0, edgeFlags=0x0, pointerCount=1, historySize=0, eventTime=213021, downTime=213020, deviceId=0, source=0x1002 }
D/InputEventConsistencyVerifier(  430): TouchEvent: ACTION_DOWN but pointers are already down.  Probably missing ACTION_UP from previous gesture.
D/InputEventConsistencyVerifier(  430):   in android.view.ScaleGestureDetector@b3f06d28
D/InputEventConsistencyVerifier(  430):   0: sent at 213211000000, MotionEvent { action=ACTION_DOWN, id[0]=0, x[0]=299.0, y[0]=348.0, toolType[0]=TOOL_TYPE_UNKNOWN, buttonState=0, metaState=0, flags=0x0, edgeFlags=0x0, pointerCount=1, historySize=0, eventTime=213211, downTime=213210, deviceId=0, source=0x1002 }
D/InputEventConsistencyVerifier(  430):   -- recent events --
D/InputEventConsistencyVerifier(  430):   1: sent at 213108000000, MotionEvent { action=ACTION_MOVE, id[0]=0, x[0]=410.0, y[0]=288.0, toolType[0]=TOOL_TYPE_UNKNOWN, buttonState=0, metaState=0, flags=0x0, edgeFlags=0x0, pointerCount=1, historySize=6, eventTime=213108, downTime=213036, deviceId=0, source=0x1002 }
D/InputEventConsistencyVerifier(  430):   2: sent at 213039000000, MotionEvent { action=ACTION_DOWN, id[0]=0, x[0]=342.0, y[0]=301.0, toolType[0]=TOOL_TYPE_UNKNOWN, buttonState=0, metaState=0, flags=0x0, edgeFlags=0x0, pointerCount=1, historySize=0, eventTime=213039, downTime=213036, deviceId=0, source=0x1002 }
D/InputEventConsistencyVerifier(  430):   3: sent at 213027000000, MotionEvent { action=ACTION_UP, id[0]=0, x[0]=106.0, y[0]=294.0, toolType[0]=TOOL_TYPE_UNKNOWN, buttonState=0, metaState=0, flags=0x0, edgeFlags=0x0, pointerCount=1, historySize=0, eventTime=213027, downTime=213020, deviceId=0, source=0x1002 }
D/InputEventConsistencyVerifier(  430):   4: sent at 213021000000, MotionEvent { action=ACTION_DOWN, id[0]=0, x[0]=103.0, y[0]=280.0, toolType[0]=TOOL_TYPE_UNKNOWN, buttonState=0, metaState=0, flags=0x0, edgeFlags=0x0, pointerCount=1, historySize=0, eventTime=213021, downTime=213020, deviceId=0, source=0x1002 }
D/InputEventConsistencyVerifier(  430):   5: sent at 213008000000, MotionEvent { action=ACTION_UP, id[0]=0, x[0]=387.0, y[0]=435.0, toolType[0]=TOOL_TYPE_UNKNOWN, buttonState=0, metaState=0, flags=0x0, edgeFlags=0x0, pointerCount=1, historySize=0, eventTime=213008, downTime=213002, deviceId=0, source=0x1002 }
D/InputEventConsistencyVerifier(  430): TouchEvent: ACTION_DOWN but pointers are already down.  Probably missing ACTION_UP from previous gesture.
D/InputEventConsistencyVerifier(  430):   in android.view.ScaleGestureDetector@b3f06d28
D/InputEventConsistencyVerifier(  430):   0: sent at 213295000000, MotionEvent { action=ACTION_DOWN, id[0]=0, x[0]=439.0, y[0]=575.0, toolType[0]=TOOL_TYPE_UNKNOWN, buttonState=0, metaState=0, flags=0x0, edgeFlags=0x0, pointerCount=1, historySize=0, eventTime=213295, downTime=213292, deviceId=0, source=0x1002 }
D/InputEventConsistencyVerifier(  430):   -- recent events --
D/InputEventConsistencyVerifier(  430):   1: sent at 213253000000, MotionEvent { action=ACTION_MOVE, id[0]=0, x[0]=120.0, y[0]=584.0, toolType[0]=TOOL_TYPE_UNKNOWN, buttonState=0, metaState=0, flags=0x0, edgeFlags=0x0, pointerCount=1, historySize=3, eventTime=213253, downTime=213237, deviceId=0, source=0x1002 }
D/InputEventConsistencyVerifier(  430):   2: sent at 213239000000, MotionEvent { action=ACTION_DOWN, id[0]=0, x[0]=106.0, y[0]=567.0, toolType[0]=TOOL_TYPE_UNKNOWN, buttonState=0, metaState=0, flags=0x0, edgeFlags=0x0, pointerCount=1, historySize=0, eventTime=213239, downTime=213237, deviceId=0, source=0x1002 }
D/InputEventConsistencyVerifier(  430):   3: sent at 213227000000, MotionEvent { action=ACTION_UP, id[0]=0, x[0]=312.0, y[0]=341.0, toolType[0]=TOOL_TYPE_UNKNOWN, buttonState=0, metaState=0, flags=0x0, edgeFlags=0x0, pointerCount=1, historySize=0, eventTime=213227, downTime=213210, deviceId=0, source=0x1002 }
D/InputEventConsistencyVerifier(  430):   4: sent at 213211000000, MotionEvent { action=ACTION_DOWN, id[0]=0, x[0]=299.0, y[0]=348.0, toolType[0]=TOOL_TYPE_UNKNOWN, buttonState=0, metaState=0, flags=0x80000000, edgeFlags=0x0, pointerCount=1, historySize=0, eventTime=213211, downTime=213210, deviceId=0, source=0x1002 }
D/InputEventConsistencyVerifier(  430):   5: sent at 213108000000, MotionEvent { action=ACTION_MOVE, id[0]=0, x[0]=410.0, y[0]=288.0, toolType[0]=TOOL_TYPE_UNKNOWN, buttonState=0, metaState=0, flags=0x0, edgeFlags=0x0, pointerCount=1, historySize=6, eventTime=213108, downTime=213036, deviceId=0, source=0x1002 }
D/InputEventConsistencyVerifier(  430): KeyEvent: ACTION_UP but key was not down.
D/InputEventConsistencyVerifier(  430):   in com.android.systemui.statusbar.phone.StatusBarWindowView@b3e66248
D/InputEventConsistencyVerifier(  430):   0: sent at 213368000000, KeyEvent { action=ACTION_UP, keyCode=KEYCODE_DPAD_UP, scanCode=0, metaState=0, flags=0x8, repeatCount=0, eventTime=213368, downTime=213368, deviceId=-1, source=0x101 }
D/InputEventConsistencyVerifier(  430):   -- recent events --
D/InputEventConsistencyVerifier(  430):   1: sent at 213343000000, MotionEvent { action=ACTION_UP, id[0]=0, x[0]=446.0, y[0]=686.0, toolType[0]=TOOL_TYPE_UNKNOWN, buttonState=0, metaState=0, flags=0x0, edgeFlags=0x0, pointerCount=1, historySize=0, eventTime=213343, downTime=213292, deviceId=0, source=0x1002 }
D/InputEventConsistencyVerifier(  430):   2: sent at 213341000000, MotionEvent { action=ACTION_MOVE, id[0]=0, x[0]=443.0, y[0]=668.0, toolType[0]=TOOL_TYPE_UNKNOWN, buttonState=0, metaState=0, flags=0x0, edgeFlags=0x0, pointerCount=1, historySize=6, eventTime=213341, downTime=213292, deviceId=0, source=0x1002 }
D/InputEventConsistencyVerifier(  430):   3: sent at 213295000000, MotionEvent { action=ACTION_DOWN, id[0]=0, x[0]=439.0, y[0]=575.0, toolType[0]=TOOL_TYPE_UNKNOWN, buttonState=0, metaState=0, flags=0x0, edgeFlags=0x0, pointerCount=1, historySize=0, eventTime=213295, downTime=213292, deviceId=0, source=0x1002 }
D/InputEventConsistencyVerifier(  430):   4: sent at 213273000000, (unhandled) KeyEvent { action=ACTION_UP, keyCode=KEYCODE_NUMPAD_SUBTRACT, scanCode=0, metaState=0, flags=0x8, repeatCount=0, eventTime=213273, downTime=213273, deviceId=-1, source=0x101 }
D/InputEventConsistencyVerifier(  430):   5: sent at 213264000000, (unhandled) KeyEvent { action=ACTION_DOWN, keyCode=KEYCODE_NUMPAD_SUBTRACT, scanCode=0, metaState=0, flags=0x8, repeatCount=0, eventTime=213264, downTime=213264, deviceId=-1, source=0x101 }
D/InputEventConsistencyVerifier(  430): TouchEvent: ACTION_DOWN but pointers are already down.  Probably missing ACTION_UP from previous gesture.
D/InputEventConsistencyVerifier(  430):   in android.view.ScaleGestureDetector@b3f06d28
D/InputEventConsistencyVerifier(  430):   0: sent at 213376000000, MotionEvent { action=ACTION_DOWN, id[0]=0, x[0]=112.0, y[0]=795.0, toolType[0]=TOOL_TYPE_UNKNOWN, buttonState=0, metaState=0, flags=0x0, edgeFlags=0x0, pointerCount=1, historySize=0, eventTime=213376, downTime=213374, deviceId=0, source=0x1002 }
D/InputEventConsistencyVerifier(  430):   -- recent events --
D/InputEventConsistencyVerifier(  430):   1: sent at 213341000000, MotionEvent { action=ACTION_MOVE, id[0]=0, x[0]=443.0, y[0]=668.0, toolType[0]=TOOL_TYPE_UNKNOWN, buttonState=0, metaState=0, flags=0x0, edgeFlags=0x0, pointerCount=1, historySize=6, eventTime=213341, downTime=213292, deviceId=0, source=0x1002 }
D/InputEventConsistencyVerifier(  430):   2: sent at 213295000000, MotionEvent { action=ACTION_DOWN, id[0]=0, x[0]=439.0, y[0]=575.0, toolType[0]=TOOL_TYPE_UNKNOWN, buttonState=0, metaState=0, flags=0x80000000, edgeFlags=0x0, pointerCount=1, historySize=0, eventTime=213295, downTime=213292, deviceId=0, source=0x1002 }
D/InputEventConsistencyVerifier(  430):   3: sent at 213253000000, MotionEvent { action=ACTION_MOVE, id[0]=0, x[0]=120.0, y[0]=584.0, toolType[0]=TOOL_TYPE_UNKNOWN, buttonState=0, metaState=0, flags=0x0, edgeFlags=0x0, pointerCount=1, historySize=3, eventTime=213253, downTime=213237, deviceId=0, source=0x1002 }
D/InputEventConsistencyVerifier(  430):   4: sent at 213239000000, MotionEvent { action=ACTION_DOWN, id[0]=0, x[0]=106.0, y[0]=567.0, toolType[0]=TOOL_TYPE_UNKNOWN, buttonState=0, metaState=0, flags=0x0, edgeFlags=0x0, pointerCount=1, historySize=0, eventTime=213239, downTime=213237, deviceId=0, source=0x1002 }
D/InputEventConsistencyVerifier(  430):   5: sent at 213227000000, MotionEvent { action=ACTION_UP, id[0]=0, x[0]=312.0, y[0]=341.0, toolType[0]=TOOL_TYPE_UNKNOWN, buttonState=0, metaState=0, flags=0x0, edgeFlags=0x0, pointerCount=1, historySize=0, eventTime=213227, downTime=213210, deviceId=0, source=0x1002 }
W/dalvikvm(  430): DroidBox: { "FdAccess": { "path": "2f70726f632f6d656d696e666f", "id": "508032773" } }
W/DroidBox(  430): DroidBox: { "FileRW": { "operation": "read", "data": "4d656d546f74616c3a202020202020202020373438393634206b420a4d656d467265653a20202020202020202020343537393838206b420a427566666572733a20202020202020202020202035343634206b420a4361636865643a202020202020202020", "id": "508032773" } }
I/Choreographer(  430): Skipped 33 frames!  The application may be doing too much work on its main thread.
D/InputEventConsistencyVerifier(  430): KeyEvent: ACTION_UP but key was not down.
D/InputEventConsistencyVerifier(  430):   in com.android.systemui.statusbar.phone.StatusBarWindowView@b3e66248
D/InputEventConsistencyVerifier(  430):   0: sent at 213447000000, KeyEvent { action=ACTION_UP, keyCode=KEYCODE_DPAD_CENTER, scanCode=0, metaState=0, flags=0x8, repeatCount=0, eventTime=213447, downTime=213447, deviceId=-1, source=0x101 }
D/InputEventConsistencyVerifier(  430):   -- recent events --
D/InputEventConsistencyVerifier(  430):   1: sent at 213427000000, MotionEvent { action=ACTION_UP, id[0]=0, x[0]=102.0, y[0]=763.0, toolType[0]=TOOL_TYPE_UNKNOWN, buttonState=0, metaState=0, flags=0x0, edgeFlags=0x0, pointerCount=1, historySize=0, eventTime=213427, downTime=213374, deviceId=0, source=0x1002 }
D/InputEventConsistencyVerifier(  430):   2: sent at 213424000000, MotionEvent { action=ACTION_MOVE, id[0]=0, x[0]=109.0, y[0]=768.0, toolType[0]=TOOL_TYPE_UNKNOWN, buttonState=0, metaState=0, flags=0x0, edgeFlags=0x0, pointerCount=1, historySize=3, eventTime=213424, downTime=213374, deviceId=0, source=0x1002 }
D/InputEventConsistencyVerifier(  430):   3: sent at 213376000000, MotionEvent { action=ACTION_DOWN, id[0]=0, x[0]=112.0, y[0]=795.0, toolType[0]=TOOL_TYPE_UNKNOWN, buttonState=0, metaState=0, flags=0x0, edgeFlags=0x0, pointerCount=1, historySize=0, eventTime=213376, downTime=213374, deviceId=0, source=0x1002 }
