D/InputEventConsistencyVerifier( 1025):   4: sent at 286071000000, KeyEvent { action=ACTION_DOWN, keyCode=KEYCODE_DPAD_DOWN, scanCode=0, metaState=0, flags=0x400, repeatCount=0, eventTime=286071, downTime=286071, deviceId=-1, source=0x101 }
D/InputEventConsistencyVerifier( 1025):   5: sent at 286070000000, KeyEvent { action=ACTION_UP, keyCode=KEYCODE_DPAD_DOWN, scanCode=0, metaState=0, flags=0x400, repeatCount=0, eventTime=286070, downTime=286070, deviceId=-1, source=0x101 }
D/InputEventConsistencyVerifier( 1025): KeyEvent: ACTION_UP but key was not down.
D/InputEventConsistencyVerifier( 1025):   in android.view.ViewRootImpl@b3dadb48
D/InputEventConsistencyVerifier( 1025):   0: sent at 286247000000, KeyEvent { action=ACTION_UP, keyCode=KEYCODE_MENU, scanCode=0, metaState=0, flags=0x8, repeatCount=0, eventTime=286247, downTime=286247, deviceId=-1, source=0x101 }
I/Choreographer( 1025): Skipped 30 frames!  The application may be doing too much work on its main thread.
I/Choreographer( 1025): Skipped 44 frames!  The application may be doing too much work on its main thread.
D/InputEventConsistencyVerifier( 1025): KeyEvent: ACTION_UP but key was not down.
D/InputEventConsistencyVerifier( 1025):   in android.view.ViewRootImpl@b3dadb48
D/InputEventConsistencyVerifier( 1025):   0: sent at 286803000000, KeyEvent { action=ACTION_UP, keyCode=KEYCODE_LANGUAGE_SWITCH, scanCode=0, metaState=0, flags=0x8, repeatCount=0, eventTime=286803, downTime=286803, deviceId=-1, source=0x101 }
D/InputEventConsistencyVerifier( 1025):   -- recent events --
D/InputEventConsistencyVerifier( 1025):   1: sent at 286791000000, MotionEvent { action=ACTION_UP, id[0]=0, x[0]=20.0, y[0]=-53.0, toolType[0]=TOOL_TYPE_UNKNOWN, buttonState=0, metaState=0, flags=0x0, edgeFlags=0x0, pointerCount=1, historySize=0, eventTime=286791, downTime=286759, deviceId=0, source=0x1002 }
D/InputEventConsistencyVerifier( 1025):   2: sent at 286759000000, MotionEvent { action=ACTION_DOWN, id[0]=0, x[0]=34.0, y[0]=-49.0, toolType[0]=TOOL_TYPE_UNKNOWN, buttonState=0, metaState=0, flags=0x0, edgeFlags=0x0, pointerCount=1, historySize=0, eventTime=286759, downTime=286759, deviceId=0, source=0x1002 }
D/InputEventConsistencyVerifier( 1025):   3: sent at 286747000000, KeyEvent { action=ACTION_UP, keyCode=KEYCODE_DPAD_CENTER, scanCode=0, metaState=0, flags=0x8, repeatCount=0, eventTime=286747, downTime=286747, deviceId=-1, source=0x101 }
D/InputEventConsistencyVerifier( 1025):   4: sent at 286741000000, KeyEvent { action=ACTION_DOWN, keyCode=KEYCODE_DPAD_CENTER, scanCode=0, metaState=0, flags=0x8, repeatCount=0, eventTime=286741, downTime=286741, deviceId=-1, source=0x101 }
D/InputEventConsistencyVerifier( 1025):   5: sent at 286734000000, KeyEvent { action=ACTION_UP, keyCode=KEYCODE_MENU, scanCode=0, metaState=0, flags=0x8, repeatCount=0, eventTime=286734, downTime=286734, deviceId=-1, source=0x101 }
D/InputEventConsistencyVerifier( 1025): KeyEvent: ACTION_UP but key was not down.
D/InputEventConsistencyVerifier( 1025):   in com.android.internal.policy.impl.PhoneWindow$DecorView@b3fed528
D/InputEventConsistencyVerifier( 1025):   0: sent at 287247000000, KeyEvent { action=ACTION_UP, keyCode=KEYCODE_DPAD_DOWN, scanCode=0, metaState=0, flags=0x8, repeatCount=0, eventTime=287247, downTime=287247, deviceId=-1, source=0x101 }
D/InputEventConsistencyVerifier( 1025):   -- recent events --
D/InputEventConsistencyVerifier( 1025):   1: sent at 286803000000, (unhandled) KeyEvent { action=ACTION_UP, keyCode=KEYCODE_LANGUAGE_SWITCH, scanCode=0, metaState=0, flags=0x80000008, repeatCount=0, eventTime=286803, downTime=286803, deviceId=-1, source=0x101 }
D/InputEventConsistencyVerifier( 1025):   2: sent at 286791000000, (unhandled) MotionEvent { action=ACTION_UP, id[0]=0, x[0]=13.333334, y[0]=-35.333336, toolType[0]=TOOL_TYPE_UNKNOWN, buttonState=0, metaState=0, flags=0x0, edgeFlags=0x0, pointerCount=1, historySize=0, eventTime=286791, downTime=286759, deviceId=0, source=0x1002 }
D/InputEventConsistencyVerifier( 1025):   3: sent at 286759000000, (unhandled) MotionEvent { action=ACTION_DOWN, id[0]=0, x[0]=22.666668, y[0]=-32.66667, toolType[0]=TOOL_TYPE_UNKNOWN, buttonState=0, metaState=0, flags=0x0, edgeFlags=0x0, pointerCount=1, historySize=0, eventTime=286759, downTime=286759, deviceId=0, source=0x1002 }
D/InputEventConsistencyVerifier( 1025):   4: sent at 286747000000, (unhandled) KeyEvent { action=ACTION_UP, keyCode=KEYCODE_DPAD_CENTER, scanCode=0, metaState=0, flags=0x8, repeatCount=0, eventTime=286747, downTime=286747, deviceId=-1, source=0x101 }
D/InputEventConsistencyVerifier( 1025):   5: sent at 286741000000, KeyEvent { action=ACTION_DOWN, keyCode=KEYCODE_DPAD_CENTER, scanCode=0, metaState=0, flags=0x8, repeatCount=0, eventTime=286741, downTime=286741, deviceId=-1, source=0x101 }
D/InputEventConsistencyVerifier( 1025): KeyEvent: ACTION_UP but key was not down.
D/InputEventConsistencyVerifier( 1025):   in com.android.internal.policy.impl.PhoneWindow$DecorView@b3fed528
D/InputEventConsistencyVerifier( 1025):   0: sent at 287373000000, KeyEvent { action=ACTION_UP, keyCode=KEYCODE_DPAD_LEFT, scanCode=0, metaState=0, flags=0x8, repeatCount=0, eventTime=287373, downTime=287373, deviceId=-1, source=0x101 }
D/InputEventConsistencyVerifier( 1025):   -- recent events --
D/InputEventConsistencyVerifier( 1025):   1: sent at 287349000000, (unhandled) MotionEvent { action=ACTION_UP, id[0]=0, x[0]=110.66667, y[0]=460.0, toolType[0]=TOOL_TYPE_UNKNOWN, buttonState=0, metaState=0, flags=0x0, edgeFlags=0x0, pointerCount=1, historySize=0, eventTime=287349, downTime=287342, deviceId=0, source=0x1002 }
D/InputEventConsistencyVerifier( 1025):   2: sent at 287342000000, (unhandled) MotionEvent { action=ACTION_DOWN, id[0]=0, x[0]=115.333336, y[0]=460.0, toolType[0]=TOOL_TYPE_UNKNOWN, buttonState=0, metaState=0, flags=0x0, edgeFlags=0x0, pointerCount=1, historySize=0, eventTime=287342, downTime=287342, deviceId=0, source=0x1002 }
D/InputEventConsistencyVerifier( 1025):   3: sent at 287332000000, (unhandled) MotionEvent { action=ACTION_UP, id[0]=0, x[0]=231.33334, y[0]=-36.66667, toolType[0]=TOOL_TYPE_UNKNOWN, buttonState=0, metaState=0, flags=0x0, edgeFlags=0x0, pointerCount=1, historySize=0, eventTime=287332, downTime=287325, deviceId=0, source=0x1002 }
D/InputEventConsistencyVerifier( 1025):   4: sent at 287325000000, (unhandled) MotionEvent { action=ACTION_DOWN, id[0]=0, x[0]=228.66667, y[0]=-41.333336, toolType[0]=TOOL_TYPE_UNKNOWN, buttonState=0, metaState=0, flags=0x0, edgeFlags=0x0, pointerCount=1, historySize=0, eventTime=287325, downTime=287325, deviceId=0, source=0x1002 }
D/InputEventConsistencyVerifier( 1025):   5: sent at 287315000000, (unhandled) KeyEvent { action=ACTION_UP, keyCode=KEYCODE_DVR, scanCode=0, metaState=0, flags=0x8, repeatCount=0, eventTime=287315, downTime=287315, deviceId=-1, source=0x101 }
D/InputEventConsistencyVerifier( 1025): KeyEvent: ACTION_UP but key was not down.
D/InputEventConsistencyVerifier( 1025):   in android.widget.LinearLayout@b40a6230
D/InputEventConsistencyVerifier( 1025):   0: sent at 287399000000, KeyEvent { action=ACTION_UP, keyCode=KEYCODE_DPAD_RIGHT, scanCode=0, metaState=0, flags=0x8, repeatCount=0, eventTime=287399, downTime=287399, deviceId=-1, source=0x101 }
I/Choreographer( 1025): Skipped 192 frames!  The application may be doing too much work on its main thread.
W/InputMethodManagerService(  223): Window already focused, ignoring focus gain of: com.android.internal.view.IInputMethodClient$Stub$Proxy@b3ef0478 attribute=null
I/ActivityManager(  223): START {act=android.intent.action.MAIN cat=[android.intent.category.LAUNCHER] flg=0x10200000 cmp=igun.rqmv/com.wjcTU.MGJTAQksastN u=0} from pid 1006
W/WindowManager(  223): Failure taking screenshot for (246x410) to layer 21015
I/Choreographer(  223): Skipped 35 frames!  The application may be doing too much work on its main thread.
I/Choreographer( 1025): Skipped 76 frames!  The application may be doing too much work on its main thread.
I/ActivityManager(  223): START {cmp=igun.rqmv/.SchottGunn u=0} from pid 1025
W/WindowManager(  223): Failure taking screenshot for (246x410) to layer 22020
I/Choreographer( 1025): Skipped 61 frames!  The application may be doing too much work on its main thread.
I/Choreographer( 1025): Skipped 36 frames!  The application may be doing too much work on its main thread.
W/InputMethodManagerService(  223): Window already focused, ignoring focus gain of: com.android.internal.view.IInputMethodClient$Stub$Proxy@b3e587e8 attribute=null
I/Choreographer( 1025): Skipped 46 frames!  The application may be doing too much work on its main thread.
W/AdMobSDK( 1025): Ignoring requestFreshAd() because we are requesting an ad right now already.
W/AdMobSDK( 1025): Ignoring requestFreshAd() because we are requesting an ad right now already.
D/InputEventConsistencyVerifier( 1025): KeyEvent: ACTION_UP but key was not down.
D/InputEventConsistencyVerifier( 1025):   in android.view.ViewRootImpl@b40184a0
D/InputEventConsistencyVerifier( 1025):   0: sent at 290711000000, KeyEvent { action=ACTION_UP, keyCode=KEYCODE_MENU, scanCode=0, metaState=0, flags=0x8, repeatCount=0, eventTime=290711, downTime=290711, deviceId=-1, source=0x101 }
D/InputEventConsistencyVerifier( 1025): TrackballEvent: Trackball is down but pressure is not greater than 0.
D/InputEventConsistencyVerifier( 1025):   in android.view.ViewRootImpl@b40184a0
D/InputEventConsistencyVerifier( 1025):   0: sent at 290869000000, MotionEvent { action=ACTION_DOWN, id[0]=0, x[0]=0.0, y[0]=0.0, toolType[0]=TOOL_TYPE_UNKNOWN, buttonState=0, metaState=0, flags=0x0, edgeFlags=0x0, pointerCount=1, historySize=0, eventTime=290869, downTime=290834, deviceId=0, source=0x10004 }
D/InputEventConsistencyVerifier( 1025):   -- recent events --
D/InputEventConsistencyVerifier( 1025):   1: sent at 290916000000, KeyEvent { action=ACTION_UP, keyCode=KEYCODE_DPAD_LEFT, scanCode=0, metaState=0, flags=0x400, repeatCount=0, eventTime=290916, downTime=290916, deviceId=-1, source=0x101 }
D/InputEventConsistencyVerifier( 1025):   2: sent at 290916000000, KeyEvent { action=ACTION_DOWN, keyCode=KEYCODE_DPAD_LEFT, scanCode=0, metaState=0, flags=0x400, repeatCount=0, eventTime=290916, downTime=290916, deviceId=-1, source=0x101 }
D/InputEventConsistencyVerifier( 1025):   3: sent at 290915000000, KeyEvent { action=ACTION_UP, keyCode=KEYCODE_DPAD_LEFT, scanCode=0, metaState=0, flags=0x400, repeatCount=0, eventTime=290915, downTime=290915, deviceId=-1, source=0x101 }
D/InputEventConsistencyVerifier( 1025):   4: sent at 290915000000, KeyEvent { action=ACTION_DOWN, keyCode=KEYCODE_DPAD_LEFT, scanCode=0, metaState=0, flags=0x400, repeatCount=0, eventTime=290915, downTime=290915, deviceId=-1, source=0x101 }
D/InputEventConsistencyVerifier( 1025):   5: sent at 290867000000, MotionEvent { action=ACTION_MOVE, id[0]=0, x[0]=-2.0, y[0]=1.0, toolType[0]=TOOL_TYPE_UNKNOWN, buttonState=0, metaState=0, flags=0x0, edgeFlags=0x0, pointerCount=1, historySize=9, eventTime=290867, downTime=-1, deviceId=0, source=0x10004 }
I/Choreographer( 1025): Skipped 47 frames!  The application may be doing too much work on its main thread.
D/InputEventConsistencyVerifier( 1025): KeyEvent: ACTION_UP but key was not down.
D/InputEventConsistencyVerifier( 1025):   in android.widget.CheckBox@b4066ab0
D/InputEventConsistencyVerifier( 1025):   0: sent at 291137000000, KeyEvent { action=ACTION_UP, keyCode=KEYCODE_DPAD_DOWN, scanCode=0, metaState=0, flags=0x400, repeatCount=0, eventTime=291137, downTime=291137, deviceId=-1, source=0x101 }
D/InputEventConsistencyVerifier( 1025): KeyEvent: ACTION_UP but key was not down.
D/InputEventConsistencyVerifier( 1025):   in android.widget.CheckBox@b3fda630
D/InputEventConsistencyVerifier( 1025):   0: sent at 291139000000, KeyEvent { action=ACTION_UP, keyCode=KEYCODE_DPAD_DOWN, scanCode=0, metaState=0, flags=0x400, repeatCount=0, eventTime=291139, downTime=291139, deviceId=-1, source=0x101 }
D/InputEventConsistencyVerifier( 1025): KeyEvent: ACTION_UP but key was not down.
D/InputEventConsistencyVerifier( 1025):   in android.widget.SeekBar@b3fc9048
D/InputEventConsistencyVerifier( 1025):   0: sent at 291140000000, KeyEvent { action=ACTION_UP, keyCode=KEYCODE_DPAD_DOWN, scanCode=0, metaState=0, flags=0x400, repeatCount=0, eventTime=291140, downTime=291140, deviceId=-1, source=0x101 }
D/InputEventConsistencyVerifier( 1025): KeyEvent: ACTION_UP but key was not down.
D/InputEventConsistencyVerifier( 1025):   in android.widget.CheckBox@b3fda630
D/InputEventConsistencyVerifier( 1025):   0: sent at 291351000000, KeyEvent { action=ACTION_UP, keyCode=KEYCODE_DPAD_UP, scanCode=0, metaState=0, flags=0x8, repeatCount=0, eventTime=291351, downTime=291351, deviceId=-1, source=0x101 }
D/InputEventConsistencyVerifier( 1025):   -- recent events --
D/InputEventConsistencyVerifier( 1025):   1: sent at 291140000000, (unhandled) KeyEvent { action=ACTION_DOWN, keyCode=KEYCODE_DPAD_DOWN, scanCode=0, metaState=0, flags=0x400, repeatCount=0, eventTime=291140, downTime=291140, deviceId=-1, source=0x101 }
D/InputEventConsistencyVerifier( 1025):   2: sent at 291139000000, (unhandled) KeyEvent { action=ACTION_UP, keyCode=KEYCODE_DPAD_DOWN, scanCode=0, metaState=0, flags=0x80000400, repeatCount=0, eventTime=291139, downTime=291139, deviceId=-1, source=0x101 }
D/InputEventConsistencyVerifier( 1025): KeyEvent: ACTION_UP but key was not down.
D/InputEventConsistencyVerifier( 1025):   in com.android.internal.policy.impl.PhoneWindow$DecorView@b3ff2180
D/InputEventConsistencyVerifier( 1025):   0: sent at 291674000000, KeyEvent { action=ACTION_UP, keyCode=KEYCODE_DPAD_RIGHT, scanCode=0, metaState=0, flags=0x8, repeatCount=0, eventTime=291674, downTime=291674, deviceId=-1, source=0x101 }
D/InputEventConsistencyVerifier( 1025):   -- recent events --
D/InputEventConsistencyVerifier( 1025):   1: sent at 291462000000, (unhandled) MotionEvent { action=ACTION_UP, id[0]=0, x[0]=210.66667, y[0]=262.6667, toolType[0]=TOOL_TYPE_UNKNOWN, buttonState=0, metaState=0, flags=0x0, edgeFlags=0x0, pointerCount=1, historySize=0, eventTime=291462, downTime=291397, deviceId=0, source=0x1002 }
D/InputEventConsistencyVerifier( 1025):   2: sent at 291459000000, (unhandled) MotionEvent { action=ACTION_MOVE, id[0]=0, x[0]=217.33334, y[0]=263.3333, toolType[0]=TOOL_TYPE_UNKNOWN, buttonState=0, metaState=0, flags=0x0, edgeFlags=0x0, pointerCount=1, historySize=6, eventTime=291459, downTime=291397, deviceId=0, source=0x1002 }
D/InputEventConsistencyVerifier( 1025):   3: sent at 291403000000, (unhandled) MotionEvent { action=ACTION_DOWN, id[0]=0, x[0]=266.0, y[0]=292.6667, toolType[0]=TOOL_TYPE_UNKNOWN, buttonState=0, metaState=0, flags=0x0, edgeFlags=0x0, pointerCount=1, historySize=0, eventTime=291403, downTime=291397, deviceId=0, source=0x1002 }
D/InputEventConsistencyVerifier( 1025):   4: sent at 291351000000, (unhandled) KeyEvent { action=ACTION_UP, keyCode=KEYCODE_DPAD_UP, scanCode=0, metaState=0, flags=0x8, repeatCount=0, eventTime=291351, downTime=291351, deviceId=-1, source=0x101 }
D/InputEventConsistencyVerifier( 1025):   5: sent at 291266000000, (unhandled) KeyEvent { action=ACTION_DOWN, keyCode=KEYCODE_DPAD_UP, scanCode=0, metaState=0, flags=0x8, repeatCount=0, eventTime=291266, downTime=291266, deviceId=-1, source=0x101 }
I/Choreographer( 1025): Skipped 107 frames!  The application may be doing too much work on its main thread.
D/InputEventConsistencyVerifier( 1025): KeyEvent: ACTION_UP but key was not down.
D/InputEventConsistencyVerifier( 1025):   in com.android.internal.policy.impl.PhoneWindow$DecorView@b3ff2180
D/InputEventConsistencyVerifier( 1025):   0: sent at 292000000000, KeyEvent { action=ACTION_UP, keyCode=KEYCODE_DPAD_CENTER, scanCode=0, metaState=0, flags=0x8, repeatCount=0, eventTime=292000, downTime=292000, deviceId=-1, source=0x101 }
D/InputEventConsistencyVerifier( 1025):   -- recent events --
D/InputEventConsistencyVerifier( 1025):   1: sent at 291938000000, (unhandled) KeyEvent { action=ACTION_UP, keyCode=KEYCODE_VOLUME_UP, scanCode=0, metaState=0, flags=0x8, repeatCount=0, eventTime=291938, downTime=291938, deviceId=-1, source=0x101 }
D/InputEventConsistencyVerifier( 1025):   2: sent at 291801000000, (unhandled) KeyEvent { action=ACTION_DOWN, keyCode=KEYCODE_VOLUME_UP, scanCode=0, metaState=0, flags=0x8, repeatCount=0, eventTime=291801, downTime=291801, deviceId=-1, source=0x101 }
D/InputEventConsistencyVerifier( 1025):   3: sent at 291793000000, MotionEvent { action=ACTION_UP, id[0]=0, x[0]=48.666668, y[0]=250.66667, toolType[0]=TOOL_TYPE_UNKNOWN, buttonState=0, metaState=0, flags=0x0, edgeFlags=0x0, pointerCount=1, historySize=0, eventTime=291793, downTime=291727, deviceId=0, source=0x1002 }
D/InputEventConsistencyVerifier( 1025):   4: sent at 291791000000, MotionEvent { action=ACTION_MOVE, id[0]=0, x[0]=50.666668, y[0]=241.33333, toolType[0]=TOOL_TYPE_UNKNOWN, buttonState=0, metaState=0, flags=0x0, edgeFlags=0x0, pointerCount=1, historySize=0, eventTime=291791, downTime=291727, deviceId=0, source=0x1002 }
D/InputEventConsistencyVerifier( 1025):   5: sent at 291729000000, MotionEvent { action=ACTION_DOWN, id[0]=0, x[0]=54.666668, y[0]=232.66667, toolType[0]=TOOL_TYPE_UNKNOWN, buttonState=0, metaState=0, flags=0x0, edgeFlags=0x0, pointerCount=1, historySize=0, eventTime=291729, downTime=291727, deviceId=0, source=0x1002 }
D/InputEventConsistencyVerifier( 1025): KeyEvent: ACTION_UP but key was not down.
D/InputEventConsistencyVerifier( 1025):   in com.android.internal.policy.impl.PhoneWindow$DecorView@b3ff2180
D/InputEventConsistencyVerifier( 1025):   0: sent at 292493000000, KeyEvent { action=ACTION_UP, keyCode=KEYCODE_DPAD_CENTER, scanCode=0, metaState=0, flags=0x8, repeatCount=0, eventTime=292493, downTime=292493, deviceId=-1, source=0x101 }
D/InputEventConsistencyVerifier( 1025):   -- recent events --
D/InputEventConsistencyVerifier( 1025):   1: sent at 292243000000, (unhandled) MotionEvent { action=ACTION_UP, id[0]=0, x[0]=258.6667, y[0]=414.0, toolType[0]=TOOL_TYPE_UNKNOWN, buttonState=0, metaState=0, flags=0x0, edgeFlags=0x0, pointerCount=1, historySize=0, eventTime=292243, downTime=292155, deviceId=0, source=0x1002 }
D/InputEventConsistencyVerifier( 1025):   2: sent at 292241000000, (unhandled) MotionEvent { action=ACTION_MOVE, id[0]=0, x[0]=263.33334, y[0]=406.6667, toolType[0]=TOOL_TYPE_UNKNOWN, buttonState=0, metaState=0, flags=0x0, edgeFlags=0x0, pointerCount=1, historySize=4, eventTime=292241, downTime=292155, deviceId=0, source=0x1002 }
D/InputEventConsistencyVerifier( 1025):   3: sent at 292160000000, (unhandled) MotionEvent { action=ACTION_DOWN, id[0]=0, x[0]=286.0, y[0]=390.6667, toolType[0]=TOOL_TYPE_UNKNOWN, buttonState=0, metaState=0, flags=0x0, edgeFlags=0x0, pointerCount=1, historySize=0, eventTime=292160, downTime=292155, deviceId=0, source=0x1002 }
D/InputEventConsistencyVerifier( 1025):   4: sent at 292114000000, (unhandled) KeyEvent { action=ACTION_UP, keyCode=KEYCODE_NUMPAD_EQUALS, scanCode=0, metaState=0, flags=0x8, repeatCount=0, eventTime=292114, downTime=292114, deviceId=-1, source=0x101 }
D/InputEventConsistencyVerifier( 1025):   5: sent at 292015000000, (unhandled) KeyEvent { action=ACTION_DOWN, keyCode=KEYCODE_NUMPAD_EQUALS, scanCode=0, metaState=0, flags=0x8, repeatCount=0, eventTime=292015, downTime=292015, deviceId=-1, source=0x101 }
I/Choreographer( 1025): Skipped 213 frames!  The application may be doing too much work on its main thread.
I/ActivityManager(  223): START {act=android.intent.action.MAIN cat=[android.intent.category.LAUNCHER] flg=0x10200000 cmp=igun.rqmv/com.wjcTU.MGJTAQksastN u=0} from pid 1006
W/WindowManager(  223): Failure taking screenshot for (246x410) to layer 21015
W/InputMethodManagerService(  223): Focus gain on non-focused client com.android.internal.view.IInputMethodClient$Stub$Proxy@b3f7c0c0 (uid=10050 pid=1025)
I/Choreographer( 1025): Skipped 84 frames!  The application may be doing too much work on its main thread.
I/Choreographer(  223): Skipped 32 frames!  The application may be doing too much work on its main thread.
I/ActivityManager(  223): START {cmp=igun.rqmv/.SchottGunn u=0} from pid 1025
W/WindowManager(  223): Failure taking screenshot for (246x410) to layer 22015
I/Choreographer( 1025): Skipped 39 frames!  The application may be doing too much work on its main thread.
I/Choreographer( 1025): Skipped 31 frames!  The application may be doing too much work on its main thread.
I/ActivityManager(  223): START {cmp=igun.rqmv/.SchottGunn u=0} from pid 1025
W/ActivityManager(  223): startActivity called from non-Activity context; forcing Intent.FLAG_ACTIVITY_NEW_TASK for: Intent { cmp=igun.rqmv/.SchottGunn }
W/InputMethodManagerService(  223): Window already focused, ignoring focus gain of: com.android.internal.view.IInputMethodClient$Stub$Proxy@b4112998 attribute=null
I/Choreographer( 1025): Skipped 58 frames!  The application may be doing too much work on its main thread.
I/Choreographer( 1025): Skipped 141 frames!  The application may be doing too much work on its main thread.
W/AdMobSDK( 1025): Ignoring requestFreshAd() because we are requesting an ad right now already.
W/AdMobSDK( 1025): Ignoring requestFreshAd() because we are requesting an ad right now already.
W/AdMobSDK( 1025): Ignoring requestFreshAd() because we are requesting an ad right now already.
W/AdMobSDK( 1025): Ignoring requestFreshAd() because we are requesting an ad right now already.
D/InputEventConsistencyVerifier( 1025): KeyEvent: ACTION_UP but key was not down.
D/InputEventConsistencyVerifier( 1025):   in android.view.ViewRootImpl@b3fec508
D/InputEventConsistencyVerifier( 1025):   0: sent at 296577000000, KeyEvent { action=ACTION_UP, keyCode=KEYCODE_MENU, scanCode=0, metaState=0, flags=0x8, repeatCount=0, eventTime=296577, downTime=296577, deviceId=-1, source=0x101 }
I/Choreographer( 1025): Skipped 54 frames!  The application may be doing too much work on its main thread.
I/Choreographer( 1025): Skipped 63 frames!  The application may be doing too much work on its main thread.
W/DroidBox( 1068): DroidBox: { "ServiceStart": { "name": "com.android.music.MediaPlaybackService" } }
W/DroidBox( 1068): DroidBox: { "ServiceStart": { "name": "com.android.music.MediaPlaybackService" } }
I/AudioService(  223):  AudioFocus  requestAudioFocus() from android.media.AudioManager@b3dcb570com.android.music.MediaPlaybackService$3@b3dc9da8
I/AudioService(  223):   Remote Control   registerMediaButtonIntent() for PendingIntent{b41f7c78: PendingIntentRecord{b40dd200 com.android.music broadcastIntent}}
D/InputEventConsistencyVerifier( 1025): KeyEvent: ACTION_UP but key was not down.
D/InputEventConsistencyVerifier( 1025):   in com.android.internal.policy.impl.PhoneWindow$DecorView@b40ad1b0
D/InputEventConsistencyVerifier( 1025):   0: sent at 298020000000, KeyEvent { action=ACTION_UP, keyCode=KEYCODE_DPAD_UP, scanCode=0, metaState=0, flags=0x8, repeatCount=0, eventTime=298020, downTime=298020, deviceId=-1, source=0x101 }
D/InputEventConsistencyVerifier( 1025):   -- recent events --
D/InputEventConsistencyVerifier( 1025):   1: sent at 297518000000, (unhandled) MotionEvent { action=ACTION_UP, id[0]=0, x[0]=256.0, y[0]=32.0, toolType[0]=TOOL_TYPE_UNKNOWN, buttonState=0, metaState=0, flags=0x0, edgeFlags=0x0, pointerCount=1, historySize=0, eventTime=297518, downTime=297422, deviceId=0, source=0x1002 }
D/InputEventConsistencyVerifier( 1025):   2: sent at 297486000000, (unhandled) MotionEvent { action=ACTION_DOWN, id[0]=0, x[0]=255.33334, y[0]=32.0, toolType[0]=TOOL_TYPE_UNKNOWN, buttonState=0, metaState=0, flags=0x0, edgeFlags=0x0, pointerCount=1, historySize=0, eventTime=297486, downTime=297422, deviceId=0, source=0x1002 }
D/InputEventConsistencyVerifier( 1025):   3: sent at 297412000000, (unhandled) MotionEvent { action=ACTION_UP, id[0]=0, x[0]=161.33334, y[0]=5.3333282, toolType[0]=TOOL_TYPE_UNKNOWN, buttonState=0, metaState=0, flags=0x0, edgeFlags=0x0, pointerCount=1, historySize=0, eventTime=297412, downTime=297336, deviceId=0, source=0x1002 }
D/InputEventConsistencyVerifier( 1025):   4: sent at 297410000000, (unhandled) MotionEvent { action=ACTION_MOVE, id[0]=0, x[0]=159.33334, y[0]=0.6666641, toolType[0]=TOOL_TYPE_UNKNOWN, buttonState=0, metaState=0, flags=0x0, edgeFlags=0x0, pointerCount=1, historySize=4, eventTime=297410, downTime=297336, deviceId=0, source=0x1002 }
D/InputEventConsistencyVerifier( 1025):   5: sent at 297340000000, (unhandled) MotionEvent { action=ACTION_DOWN, id[0]=0, x[0]=151.33334, y[0]=-22.000004, toolType[0]=TOOL_TYPE_UNKNOWN, buttonState=0, metaState=0, flags=0x0, edgeFlags=0x0, pointerCount=1, historySize=0, eventTime=297340, downTime=297336, deviceId=0, source=0x1002 }
I/ActivityManager(  223): START {act=android.intent.action.MAIN cat=[android.intent.category.LAUNCHER] flg=0x10200000 cmp=igun.rqmv/com.wjcTU.MGJTAQksastN u=0} from pid 1006
W/WindowManager(  223): Failure taking screenshot for (246x410) to layer 21015
I/Choreographer( 1025): Skipped 34 frames!  The application may be doing too much work on its main thread.
W/InputMethodManagerService(  223): Window already focused, ignoring focus gain of: com.android.internal.view.IInputMethodClient$Stub$Proxy@b3f4eb10 attribute=null
I/Choreographer(  223): Skipped 39 frames!  The application may be doing too much work on its main thread.
I/ActivityManager(  223): START {cmp=igun.rqmv/.SchottGunn u=0} from pid 1025
I/Choreographer(  223): Skipped 44 frames!  The application may be doing too much work on its main thread.
W/ActivityManager(  223): startActivity called from non-Activity context; forcing Intent.FLAG_ACTIVITY_NEW_TASK for: Intent { cmp=igun.rqmv/.SchottGunn }
W/WindowManager(  223): Failure taking screenshot for (246x410) to layer 22020
I/ActivityManager(  223): START {cmp=igun.rqmv/.SchottGunn u=0} from pid 1025
I/Choreographer( 1025): Skipped 69 frames!  The application may be doing too much work on its main thread.
I/Choreographer( 1025): Skipped 81 frames!  The application may be doing too much work on its main thread.
I/ActivityManager(  223): Displayed igun.rqmv/com.wjcTU.MGJTAQksastN: +1s524ms (total +11s996ms)
W/InputMethodManagerService(  223): Window already focused, ignoring focus gain of: com.android.internal.view.IInputMethodClient$Stub$Proxy@b40b03d0 attribute=null
W/AdMobSDK( 1025): Ignoring requestFreshAd() because we are requesting an ad right now already.
W/AdMobSDK( 1025): Ignoring requestFreshAd() because we are requesting an ad right now already.
W/AdMobSDK( 1025): Ignoring requestFreshAd() because we are requesting an ad right now already.
W/AdMobSDK( 1025): Ignoring requestFreshAd() because we are requesting an ad right now already.
I/ActivityManager(  223): START {act=android.intent.action.MAIN cat=[android.intent.category.LAUNCHER] flg=0x10000000 cmp=com.android.contacts/.activities.PeopleActivity sel={act=android.intent.action.MAIN cat=[android.intent.category.APP_CONTACTS]} u=0} from pid 223
D/InputEventConsistencyVerifier( 1025): KeyEvent: ACTION_UP but key was not down.
D/InputEventConsistencyVerifier( 1025):   in android.view.ViewRootImpl@b3e1d8f0
D/InputEventConsistencyVerifier( 1025):   0: sent at 301564000000, KeyEvent { action=ACTION_UP, keyCode=KEYCODE_CONTACTS, scanCode=0, metaState=0, flags=0x8, repeatCount=0, eventTime=301564, downTime=301564, deviceId=-1, source=0x101 }
D/InputEventConsistencyVerifier( 1025):   -- recent events --
D/InputEventConsistencyVerifier( 1025):   1: sent at 301516000000, KeyEvent { action=ACTION_UP, keyCode=KEYCODE_DPAD_UP, scanCode=0, metaState=0, flags=0x8, repeatCount=0, eventTime=301516, downTime=301516, deviceId=-1, source=0x101 }
D/InputEventConsistencyVerifier( 1025):   2: sent at 301492000000, KeyEvent { action=ACTION_DOWN, keyCode=KEYCODE_DPAD_UP, scanCode=0, metaState=0, flags=0x8, repeatCount=0, eventTime=301492, downTime=301492, deviceId=-1, source=0x101 }
D/InputEventConsistencyVerifier( 1025):   3: sent at 301485000000, MotionEvent { action=ACTION_UP, id[0]=0, x[0]=184.0, y[0]=263.0, toolType[0]=TOOL_TYPE_UNKNOWN, buttonState=0, metaState=0, flags=0x0, edgeFlags=0x0, pointerCount=1, historySize=0, eventTime=301485, downTime=301426, deviceId=0, source=0x1002 }
D/InputEventConsistencyVerifier( 1025):   4: sent at 301482000000, MotionEvent { action=ACTION_MOVE, id[0]=0, x[0]=193.0, y[0]=263.0, toolType[0]=TOOL_TYPE_UNKNOWN, buttonState=0, metaState=0, flags=0x0, edgeFlags=0x0, pointerCount=1, historySize=5, eventTime=301482, downTime=301426, deviceId=0, source=0x1002 }
D/InputEventConsistencyVerifier( 1025):   5: sent at 301456000000, MotionEvent { action=ACTION_DOWN, id[0]=0, x[0]=241.0, y[0]=244.0, toolType[0]=TOOL_TYPE_UNKNOWN, buttonState=0, metaState=0, flags=0x0, edgeFlags=0x0, pointerCount=1, historySize=0, eventTime=301456, downTime=301426, deviceId=0, source=0x1002 }
D/InputEventConsistencyVerifier( 1025): TrackballEvent: Trackball is down but pressure is not greater than 0.
D/InputEventConsistencyVerifier( 1025):   in android.view.ViewRootImpl@b3e1d8f0
D/InputEventConsistencyVerifier( 1025):   0: sent at 301637000000, MotionEvent { action=ACTION_DOWN, id[0]=0, x[0]=0.0, y[0]=0.0, toolType[0]=TOOL_TYPE_UNKNOWN, buttonState=0, metaState=0, flags=0x0, edgeFlags=0x0, pointerCount=1, historySize=0, eventTime=301637, downTime=301593, deviceId=0, source=0x10004 }
D/InputEventConsistencyVerifier( 1025):   -- recent events --
D/InputEventConsistencyVerifier( 1025):   1: sent at 301635000000, MotionEvent { action=ACTION_MOVE, id[0]=0, x[0]=4.0, y[0]=0.0, toolType[0]=TOOL_TYPE_UNKNOWN, buttonState=0, metaState=0, flags=0x0, edgeFlags=0x0, pointerCount=1, historySize=9, eventTime=301635, downTime=-1, deviceId=0, source=0x10004 }
D/InputEventConsistencyVerifier( 1025):   2: sent at 301564000000, KeyEvent { action=ACTION_UP, keyCode=KEYCODE_CONTACTS, scanCode=0, metaState=0, flags=0x80000008, repeatCount=0, eventTime=301564, downTime=301564, deviceId=-1, source=0x101 }
D/InputEventConsistencyVerifier( 1025):   3: sent at 301516000000, KeyEvent { action=ACTION_UP, keyCode=KEYCODE_DPAD_UP, scanCode=0, metaState=0, flags=0x8, repeatCount=0, eventTime=301516, downTime=301516, deviceId=-1, source=0x101 }
D/InputEventConsistencyVerifier( 1025):   4: sent at 301492000000, KeyEvent { action=ACTION_DOWN, keyCode=KEYCODE_DPAD_UP, scanCode=0, metaState=0, flags=0x8, repeatCount=0, eventTime=301492, downTime=301492, deviceId=-1, source=0x101 }
D/InputEventConsistencyVerifier( 1025):   5: sent at 301485000000, MotionEvent { action=ACTION_UP, id[0]=0, x[0]=184.0, y[0]=263.0, toolType[0]=TOOL_TYPE_UNKNOWN, buttonState=0, metaState=0, flags=0x0, edgeFlags=0x0, pointerCount=1, historySize=0, eventTime=301485, downTime=301426, deviceId=0, source=0x1002 }
D/InputEventConsistencyVerifier( 1025): KeyEvent: ACTION_UP but key was not down.
D/InputEventConsistencyVerifier( 1025):   in android.view.ViewRootImpl@b3ff4368
D/InputEventConsistencyVerifier( 1025):   0: sent at 303006000000, KeyEvent { action=ACTION_UP, keyCode=KEYCODE_MENU, scanCode=0, metaState=0, flags=0x8, repeatCount=0, eventTime=303006, downTime=303006, deviceId=-1, source=0x101 }
D/InputEventConsistencyVerifier( 1025): KeyEvent: ACTION_UP but key was not down.
D/InputEventConsistencyVerifier( 1025):   in com.android.internal.policy.impl.PhoneWindow$DecorView@b4027388
D/InputEventConsistencyVerifier( 1025):   0: sent at 303252000000, KeyEvent { action=ACTION_UP, keyCode=KEYCODE_DPAD_CENTER, scanCode=0, metaState=0, flags=0x8, repeatCount=0, eventTime=303252, downTime=303252, deviceId=-1, source=0x101 }
D/InputEventConsistencyVerifier( 1025):   -- recent events --
D/InputEventConsistencyVerifier( 1025):   1: sent at 303186000000, (unhandled) KeyEvent { action=ACTION_UP, keyCode=KEYCODE_INSERT, scanCode=0, metaState=0, flags=0x8, repeatCount=0, eventTime=303186, downTime=303186, deviceId=-1, source=0x101 }
D/InputEventConsistencyVerifier( 1025):   2: sent at 303186000000, (unhandled) KeyEvent { action=ACTION_UP, keyCode=KEYCODE_NUMPAD_0, scanCode=0, metaState=0, flags=0x8, repeatCount=0, eventTime=303186, downTime=303186, deviceId=-1, source=0x101 }
D/InputEventConsistencyVerifier( 1025):   3: sent at 303181000000, (unhandled) KeyEvent { action=ACTION_DOWN, keyCode=KEYCODE_INSERT, scanCode=0, metaState=0, flags=0x8, repeatCount=0, eventTime=303181, downTime=303181, deviceId=-1, source=0x101 }
D/InputEventConsistencyVerifier( 1025):   4: sent at 303181000000, (unhandled) KeyEvent { action=ACTION_DOWN, keyCode=KEYCODE_NUMPAD_0, scanCode=0, metaState=0, flags=0x8, repeatCount=0, eventTime=303181, downTime=303181, deviceId=-1, source=0x101 }
D/InputEventConsistencyVerifier( 1025):   5: sent at 303175000000, (unhandled) KeyEvent { action=ACTION_UP, keyCode=KEYCODE_DPAD_UP, scanCode=0, metaState=0, flags=0x8, repeatCount=0, eventTime=303175, downTime=303175, deviceId=-1, source=0x101 }
I/Choreographer( 1025): Skipped 34 frames!  The application may be doing too much work on its main thread.
D/InputEventConsistencyVerifier( 1025): KeyEvent: ACTION_UP but key was not down.
D/InputEventConsistencyVerifier( 1025):   in com.android.internal.policy.impl.PhoneWindow$DecorView@b4027388
D/InputEventConsistencyVerifier( 1025):   0: sent at 303646000000, KeyEvent { action=ACTION_UP, keyCode=KEYCODE_DPAD_LEFT, scanCode=0, metaState=0, flags=0x8, repeatCount=0, eventTime=303646, downTime=303646, deviceId=-1, source=0x101 }
D/InputEventConsistencyVerifier( 1025):   -- recent events --
D/InputEventConsistencyVerifier( 1025):   1: sent at 303499000000, (unhandled) MotionEvent { action=ACTION_UP, id[0]=0, x[0]=253.33334, y[0]=19.333328, toolType[0]=TOOL_TYPE_UNKNOWN, buttonState=0, metaState=0, flags=0x0, edgeFlags=0x0, pointerCount=1, historySize=0, eventTime=303499, downTime=303492, deviceId=0, source=0x1002 }
D/InputEventConsistencyVerifier( 1025):   2: sent at 303492000000, (unhandled) MotionEvent { action=ACTION_DOWN, id[0]=0, x[0]=254.0, y[0]=24.0, toolType[0]=TOOL_TYPE_UNKNOWN, buttonState=0, metaState=0, flags=0x0, edgeFlags=0x0, pointerCount=1, historySize=0, eventTime=303492, downTime=303492, deviceId=0, source=0x1002 }
D/InputEventConsistencyVerifier( 1025):   3: sent at 303472000000, (unhandled) KeyEvent { action=ACTION_UP, keyCode=KEYCODE_NUMPAD_COMMA, scanCode=0, metaState=0, flags=0x8, repeatCount=0, eventTime=303472, downTime=303472, deviceId=-1, source=0x101 }
D/InputEventConsistencyVerifier( 1025):   4: sent at 303389000000, (unhandled) KeyEvent { action=ACTION_DOWN, keyCode=KEYCODE_NUMPAD_COMMA, scanCode=0, metaState=0, flags=0x8, repeatCount=0, eventTime=303389, downTime=303389, deviceId=-1, source=0x101 }
D/InputEventConsistencyVerifier( 1025):   5: sent at 303381000000, (unhandled) MotionEvent { action=ACTION_UP, id[0]=0, x[0]=260.0, y[0]=58.66667, toolType[0]=TOOL_TYPE_UNKNOWN, buttonState=0, metaState=0, flags=0x0, edgeFlags=0x0, pointerCount=1, historySize=0, eventTime=303381, downTime=303330, deviceId=0, source=0x1002 }
D/InputEventConsistencyVerifier( 1025): KeyEvent: ACTION_UP but key was not down.
D/InputEventConsistencyVerifier( 1025):   in android.widget.CheckBox@b405ca40
D/InputEventConsistencyVerifier( 1025):   0: sent at 304108000000, KeyEvent { action=ACTION_UP, keyCode=KEYCODE_DPAD_DOWN, scanCode=0, metaState=0, flags=0x400, repeatCount=0, eventTime=304108, downTime=304108, deviceId=-1, source=0x101 }
D/InputEventConsistencyVerifier( 1025): KeyEvent: ACTION_UP but key was not down.
D/InputEventConsistencyVerifier( 1025):   in android.widget.CheckBox@b3ff7bd8
D/InputEventConsistencyVerifier( 1025):   0: sent at 304109000000, KeyEvent { action=ACTION_UP, keyCode=KEYCODE_DPAD_DOWN, scanCode=0, metaState=0, flags=0x400, repeatCount=0, eventTime=304109, downTime=304109, deviceId=-1, source=0x101 }
D/InputEventConsistencyVerifier( 1025): KeyEvent: ACTION_UP but key was not down.
D/InputEventConsistencyVerifier( 1025):   in android.widget.SeekBar@b4048978
D/InputEventConsistencyVerifier( 1025):   0: sent at 304120000000, KeyEvent { action=ACTION_UP, keyCode=KEYCODE_DPAD_DOWN, scanCode=0, metaState=0, flags=0x8, repeatCount=0, eventTime=304120, downTime=304120, deviceId=-1, source=0x101 }
D/InputEventConsistencyVerifier( 1025): KeyEvent: ACTION_UP but key was not down.
D/InputEventConsistencyVerifier( 1025):   in android.widget.LinearLayout@b408eb50
D/InputEventConsistencyVerifier( 1025):   0: sent at 304203000000, KeyEvent { action=ACTION_UP, keyCode=KEYCODE_DPAD_DOWN, scanCode=0, metaState=0, flags=0x8, repeatCount=0, eventTime=304203, downTime=304203, deviceId=-1, source=0x101 }
I/Choreographer( 1025): Skipped 73 frames!  The application may be doing too much work on its main thread.
I/Choreographer( 1025): Skipped 67 frames!  The application may be doing too much work on its main thread.
D/InputEventConsistencyVerifier( 1025): KeyEvent: ACTION_UP but key was not down.
D/InputEventConsistencyVerifier( 1025):   in com.android.internal.policy.impl.PhoneWindow$DecorView@b4027388
D/InputEventConsistencyVerifier( 1025):   0: sent at 304713000000, KeyEvent { action=ACTION_UP, keyCode=KEYCODE_DPAD_DOWN, scanCode=0, metaState=0, flags=0x400, repeatCount=0, eventTime=304713, downTime=304713, deviceId=-1, source=0x101 }
D/InputEventConsistencyVerifier( 1025):   -- recent events --
D/InputEventConsistencyVerifier( 1025):   1: sent at 304621000000, (unhandled) MotionEvent { action=ACTION_MOVE, id[0]=0, x[0]=3.0, y[0]=4.0, toolType[0]=TOOL_TYPE_UNKNOWN, buttonState=0, metaState=0, flags=0x0, edgeFlags=0x0, pointerCount=1, historySize=9, eventTime=304621, downTime=-1, deviceId=0, source=0x10004 }
D/InputEventConsistencyVerifier( 1025):   2: sent at 304695000000, (unhandled) MotionEvent { action=ACTION_MOVE, id[0]=0, x[0]=105.55556, y[0]=-42.222225, toolType[0]=TOOL_TYPE_UNKNOWN, buttonState=0, metaState=0, flags=0x0, edgeFlags=0x0, pointerCount=1, historySize=6, eventTime=304695, downTime=304631, deviceId=0, source=0x1002 }
D/InputEventConsistencyVerifier( 1025):   3: sent at 304644000000, (unhandled) MotionEvent { action=ACTION_DOWN, id[0]=0, x[0]=89.333336, y[0]=-40.000004, toolType[0]=TOOL_TYPE_UNKNOWN, buttonState=0, metaState=0, flags=0x0, edgeFlags=0x0, pointerCount=1, historySize=0, eventTime=304644, downTime=304631, deviceId=0, source=0x1002 }
D/InputEventConsistencyVerifier( 1025):   4: sent at 304501000000, (unhandled) MotionEvent { action=ACTION_UP, id[0]=0, x[0]=245.33334, y[0]=174.66667, toolType[0]=TOOL_TYPE_UNKNOWN, buttonState=0, metaState=0, flags=0x0, edgeFlags=0x0, pointerCount=1, historySize=0, eventTime=304501, downTime=304494, deviceId=0, source=0x1002 }
D/InputEventConsistencyVerifier( 1025):   5: sent at 304494000000, (unhandled) MotionEvent { action=ACTION_DOWN, id[0]=0, x[0]=247.33334, y[0]=162.66667, toolType[0]=TOOL_TYPE_UNKNOWN, buttonState=0, metaState=0, flags=0x0, edgeFlags=0x0, pointerCount=1, historySize=0, eventTime=304494, downTime=304494, deviceId=0, source=0x1002 }
W/DroidBox( 1068): DroidBox: { "ServiceStart": { "name": "com.android.music.MediaPlaybackService" } }
W/DroidBox( 1068): DroidBox: { "ServiceStart": { "name": "com.android.music.MediaPlaybackService" } }
D/InputEventConsistencyVerifier( 1025): KeyEvent: ACTION_UP but key was not down.
D/InputEventConsistencyVerifier( 1025):   in com.android.internal.policy.impl.PhoneWindow$DecorView@b4027388
D/InputEventConsistencyVerifier( 1025):   0: sent at 305012000000, KeyEvent { action=ACTION_UP, keyCode=KEYCODE_DPAD_DOWN, scanCode=0, metaState=0, flags=0x8, repeatCount=0, eventTime=305012, downTime=305012, deviceId=-1, source=0x101 }
D/InputEventConsistencyVerifier( 1025):   -- recent events --
D/InputEventConsistencyVerifier( 1025):   1: sent at 304934000000, (unhandled) MotionEvent { action=ACTION_UP, id[0]=0, x[0]=318.0, y[0]=-0.66667175, toolType[0]=TOOL_TYPE_UNKNOWN, buttonState=0, metaState=0, flags=0x0, edgeFlags=0x0, pointerCount=1, historySize=0, eventTime=304934, downTime=304923, deviceId=0, source=0x1002 }
D/InputEventConsistencyVerifier( 1025):   2: sent at 304924000000, (unhandled) MotionEvent { action=ACTION_DOWN, id[0]=0, x[0]=318.6667, y[0]=9.333328, toolType[0]=TOOL_TYPE_UNKNOWN, buttonState=0, metaState=0, flags=0x0, edgeFlags=0x0, pointerCount=1, historySize=0, eventTime=304924, downTime=304923, deviceId=0, source=0x1002 }
D/InputEventConsistencyVerifier( 1025):   3: sent at 304902000000, (unhandled) MotionEvent { action=ACTION_UP, id[0]=0, x[0]=11.333334, y[0]=212.00002, toolType[0]=TOOL_TYPE_UNKNOWN, buttonState=0, metaState=0, flags=0x0, edgeFlags=0x0, pointerCount=1, historySize=0, eventTime=304902, downTime=304894, deviceId=0, source=0x1002 }
D/InputEventConsistencyVerifier( 1025):   4: sent at 304894000000, (unhandled) MotionEvent { action=ACTION_DOWN, id[0]=0, x[0]=11.333334, y[0]=212.00002, toolType[0]=TOOL_TYPE_UNKNOWN, buttonState=0, metaState=0, flags=0x0, edgeFlags=0x0, pointerCount=1, historySize=0, eventTime=304894, downTime=304894, deviceId=0, source=0x1002 }
D/InputEventConsistencyVerifier( 1025):   5: sent at 304815000000, (unhandled) KeyEvent { action=ACTION_UP, keyCode=KEYCODE_MEDIA_PAUSE, scanCode=0, metaState=0, flags=0x8, repeatCount=0, eventTime=304815, downTime=304815, deviceId=-1, source=0x101 }
D/InputEventConsistencyVerifier( 1025): KeyEvent: ACTION_UP but key was not down.
D/InputEventConsistencyVerifier( 1025):   in android.widget.LinearLayout@b408eb50
D/InputEventConsistencyVerifier( 1025):   0: sent at 305069000000, KeyEvent { action=ACTION_UP, keyCode=KEYCODE_DPAD_RIGHT, scanCode=0, metaState=0, flags=0x8, repeatCount=0, eventTime=305069, downTime=305069, deviceId=-1, source=0x101 }
D/InputEventConsistencyVerifier( 1025):   -- recent events --
D/InputEventConsistencyVerifier( 1025):   1: sent at 304203000000, (unhandled) KeyEvent { action=ACTION_UP, keyCode=KEYCODE_DPAD_DOWN, scanCode=0, metaState=0, flags=0x80000008, repeatCount=0, eventTime=304203, downTime=304203, deviceId=-1, source=0x101 }
D/InputEventConsistencyVerifier( 1025): KeyEvent: ACTION_UP but key was not down.
D/InputEventConsistencyVerifier( 1025):   in android.view.ViewRootImpl@b3e1d8f0
D/InputEventConsistencyVerifier( 1025):   0: sent at 305568000000, KeyEvent { action=ACTION_UP, keyCode=KEYCODE_DPAD_LEFT, scanCode=0, metaState=0, flags=0x8, repeatCount=0, eventTime=305568, downTime=305568, deviceId=-1, source=0x101 }
D/InputEventConsistencyVerifier( 1025):   -- recent events --
D/InputEventConsistencyVerifier( 1025):   1: sent at 303221000000, MotionEvent { action=ACTION_UP, id[0]=0, x[0]=107.0, y[0]=165.0, toolType[0]=TOOL_TYPE_UNKNOWN, buttonState=0, metaState=0, flags=0x0, edgeFlags=0x0, pointerCount=1, historySize=0, eventTime=303221, downTime=303199, deviceId=0, source=0x1002 }
D/InputEventConsistencyVerifier( 1025):   2: sent at 303199000000, MotionEvent { action=ACTION_DOWN, id[0]=0, x[0]=98.0, y[0]=172.0, toolType[0]=TOOL_TYPE_UNKNOWN, buttonState=0, metaState=0, flags=0x0, edgeFlags=0x0, pointerCount=1, historySize=0, eventTime=303199, downTime=303199, deviceId=0, source=0x1002 }
D/InputEventConsistencyVerifier( 1025):   3: sent at 303119000000, KeyEvent { action=ACTION_UP, keyCode=KEYCODE_MENU, scanCode=0, metaState=0, flags=0x28, repeatCount=0, eventTime=303119, downTime=302862, deviceId=-1, source=0x101 }
D/InputEventConsistencyVerifier( 1025):   4: sent at 302862000000, KeyEvent { action=ACTION_DOWN, keyCode=KEYCODE_MENU, scanCode=0, metaState=0, flags=0x8, repeatCount=0, eventTime=302862, downTime=302862, deviceId=-1, source=0x101 }
D/InputEventConsistencyVerifier( 1025):   5: sent at 302854000000, MotionEvent { action=ACTION_UP, id[0]=0, x[0]=394.0, y[0]=224.0, toolType[0]=TOOL_TYPE_UNKNOWN, buttonState=0, metaState=0, flags=0x0, edgeFlags=0x0, pointerCount=1, historySize=0, eventTime=302854, downTime=302844, deviceId=0, source=0x1002 }
I/Choreographer( 1025): Skipped 135 frames!  The application may be doing too much work on its main thread.
W/InputMethodManagerService(  223): Window already focused, ignoring focus gain of: com.android.internal.view.IInputMethodClient$Stub$Proxy@b3f8f020 attribute=null
I/ActivityManager(  223): START {act=android.intent.action.MAIN cat=[android.intent.category.LAUNCHER] flg=0x10200000 cmp=igun.rqmv/com.wjcTU.MGJTAQksastN u=0} from pid 1006
W/WindowManager(  223): Failure taking screenshot for (246x410) to layer 21010
I/Choreographer( 1025): Skipped 42 frames!  The application may be doing too much work on its main thread.
I/ActivityManager(  223): START {cmp=igun.rqmv/.SchottGunn u=0} from pid 1025
W/WindowManager(  223): Failure taking screenshot for (246x410) to layer 22015
I/Choreographer( 1025): Skipped 54 frames!  The application may be doing too much work on its main thread.
I/Choreographer( 1025): Skipped 38 frames!  The application may be doing too much work on its main thread.
W/InputMethodManagerService(  223): Window already focused, ignoring focus gain of: com.android.internal.view.IInputMethodClient$Stub$Proxy@b3e463a8 attribute=null
D/InputEventConsistencyVerifier( 1025): KeyEvent: ACTION_UP but key was not down.
D/InputEventConsistencyVerifier( 1025):   in android.view.ViewRootImpl@b410f690
D/InputEventConsistencyVerifier( 1025):   0: sent at 307866000000, KeyEvent { action=ACTION_UP, keyCode=KEYCODE_MENU, scanCode=0, metaState=0, flags=0x8, repeatCount=0, eventTime=307866, downTime=307866, deviceId=-1, source=0x101 }
I/Choreographer( 1025): Skipped 70 frames!  The application may be doing too much work on its main thread.
W/AdMobSDK( 1025): Ignoring requestFreshAd() because we are requesting an ad right now already.
W/AdMobSDK( 1025): Ignoring requestFreshAd() because we are requesting an ad right now already.
D/InputEventConsistencyVerifier( 1025): KeyEvent: ACTION_UP but key was not down.
D/InputEventConsistencyVerifier( 1025):   in com.android.internal.policy.impl.PhoneWindow$DecorView@b3fef720
D/InputEventConsistencyVerifier( 1025):   0: sent at 308885000000, KeyEvent { action=ACTION_UP, keyCode=KEYCODE_DPAD_UP, scanCode=0, metaState=0, flags=0x8, repeatCount=0, eventTime=308885, downTime=308885, deviceId=-1, source=0x101 }
D/InputEventConsistencyVerifier( 1025):   -- recent events --
D/InputEventConsistencyVerifier( 1025):   1: sent at 308792000000, (unhandled) KeyEvent { action=ACTION_UP, keyCode=KEYCODE_MENU, scanCode=0, metaState=0, flags=0x8, repeatCount=0, eventTime=308792, downTime=308792, deviceId=-1, source=0x101 }
D/InputEventConsistencyVerifier( 1025):   2: sent at 308749000000, (unhandled) KeyEvent { action=ACTION_DOWN, keyCode=KEYCODE_MENU, scanCode=0, metaState=0, flags=0x8, repeatCount=0, eventTime=308749, downTime=308749, deviceId=-1, source=0x101 }
D/InputEventConsistencyVerifier( 1025):   3: sent at 307866000000, (unhandled) KeyEvent { action=ACTION_UP, keyCode=KEYCODE_MENU, scanCode=0, metaState=0, flags=0x80000008, repeatCount=0, eventTime=307866, downTime=307866, deviceId=-1, source=0x101 }
I/Choreographer( 1025): Skipped 51 frames!  The application may be doing too much work on its main thread.
D/InputEventConsistencyVerifier( 1025): KeyEvent: ACTION_UP but key was not down.
D/InputEventConsistencyVerifier( 1025):   in android.view.ViewRootImpl@b3e1d8f0
D/InputEventConsistencyVerifier( 1025):   0: sent at 309438000000, KeyEvent { action=ACTION_UP, keyCode=KEYCODE_MEDIA_NEXT, scanCode=0, metaState=0, flags=0x8, repeatCount=0, eventTime=309438, downTime=309438, deviceId=-1, source=0x101 }
D/InputEventConsistencyVerifier( 1025):   -- recent events --
D/InputEventConsistencyVerifier( 1025):   1: sent at 308809000000, MotionEvent { action=ACTION_UP, id[0]=0, x[0]=290.0, y[0]=109.0, toolType[0]=TOOL_TYPE_UNKNOWN, buttonState=0, metaState=0, flags=0x0, edgeFlags=0x0, pointerCount=1, historySize=0, eventTime=308809, downTime=308800, deviceId=0, source=0x1002 }
D/InputEventConsistencyVerifier( 1025):   2: sent at 308802000000, MotionEvent { action=ACTION_DOWN, id[0]=0, x[0]=298.0, y[0]=102.0, toolType[0]=TOOL_TYPE_UNKNOWN, buttonState=0, metaState=0, flags=0x0, edgeFlags=0x0, pointerCount=1, historySize=0, eventTime=308802, downTime=308800, deviceId=0, source=0x1002 }
D/InputEventConsistencyVerifier( 1025):   3: sent at 308744000000, KeyEvent { action=ACTION_UP, keyCode=KEYCODE_MENU, scanCode=0, metaState=0, flags=0x28, repeatCount=0, eventTime=308744, downTime=306633, deviceId=-1, source=0x101 }
D/InputEventConsistencyVerifier( 1025):   4: sent at 306633000000, KeyEvent { action=ACTION_DOWN, 