D/InputEventConsistencyVerifier( 1241):   4: sent at 223256000000, (unhandled) KeyEvent { action=ACTION_DOWN, keyCode=KEYCODE_MENU, scanCode=0, metaState=0, flags=0x8, repeatCount=0, eventTime=223256, downTime=223256, deviceId=-1, source=0x101 }
D/InputEventConsistencyVerifier( 1241):   5: sent at 223215000000, (unhandled) KeyEvent { action=ACTION_UP, keyCode=KEYCODE_DPAD_LEFT, scanCode=0, metaState=0, flags=0x8, repeatCount=0, eventTime=223215, downTime=223215, deviceId=-1, source=0x101 }
D/InputEventConsistencyVerifier( 1241): KeyEvent: ACTION_UP but key was not down.
D/InputEventConsistencyVerifier( 1241):   in android.view.ViewRootImpl@b4150688
D/InputEventConsistencyVerifier( 1241):   0: sent at 231837000000, KeyEvent { action=ACTION_UP, keyCode=KEYCODE_BACK, scanCode=0, metaState=0, flags=0x8, repeatCount=0, eventTime=231837, downTime=231837, deviceId=-1, source=0x101 }
D/InputEventConsistencyVerifier( 1241): KeyEvent: ACTION_UP but key was not down.
D/InputEventConsistencyVerifier( 1241):   in android.widget.FrameLayout@b41731f0
D/InputEventConsistencyVerifier( 1241):   0: sent at 232066000000, KeyEvent { action=ACTION_UP, keyCode=KEYCODE_DPAD_LEFT, scanCode=0, metaState=0, flags=0x8, repeatCount=0, eventTime=232066, downTime=232066, deviceId=-1, source=0x101 }
I/Choreographer( 1241): Skipped 58 frames!  The application may be doing too much work on its main thread.
I/Choreographer( 1241): Skipped 79 frames!  The application may be doing too much work on its main thread.
I/AndroidRuntime( 1241): VM exiting with result code 0, cleanup skipped.
I/WindowState(  224): WIN DEATH: Window{b4150a20 com.test.www/com.test.www.firstpage paused=false}
I/ActivityManager(  224): Process com.test.www (pid 1241) has died.
I/qtaguid (  224): Failed write_ctrl(s 0 10050) res=-1 errno=1
W/ActivityManager(  224): Force removing ActivityRecord{b3ed1aa0 com.test.www/.firstpage}: app died, no saved state
W/InputManager(  224): Input event injection from pid 1038 failed.
I/InputDispatcher(  224): Dropping event because there is no touched window.
W/InputManager(  224): Input event injection from pid 1038 failed.
W/NetworkManagementSocketTagger(  224): setKernelCountSet(10050, 0) failed with errno -1
W/InputManager(  224): Input event injection from pid 1038 failed.
I/InputDispatcher(  224): Dropping event because there is no focused window or focused application.
W/InputManager(  224): Input event injection from pid 1038 failed.
I/qtaguid (  224): Failed write_ctrl(s 1 10019) res=-1 errno=1
W/NetworkManagementSocketTagger(  224): setKernelCountSet(10019, 1) failed with errno -1
D/InputEventConsistencyVerifier(  664): KeyEvent: ACTION_UP but key was not down.
D/InputEventConsistencyVerifier(  664):   in android.view.ViewRootImpl@b3dde0f0
D/InputEventConsistencyVerifier(  664):   0: sent at 233348000000, KeyEvent { action=ACTION_UP, keyCode=KEYCODE_MEDIA_PREVIOUS, scanCode=0, metaState=0, flags=0x8, repeatCount=0, eventTime=233348, downTime=233348, deviceId=-1, source=0x101 }
D/InputEventConsistencyVerifier(  664):   -- recent events --
D/InputEventConsistencyVerifier(  664):   1: sent at 193783000000, KeyEvent { action=ACTION_UP, keyCode=KEYCODE_DPAD_RIGHT, scanCode=0, metaState=0, flags=0x28, repeatCount=0, eventTime=193783, downTime=193625, deviceId=-1, source=0x101 }
D/InputEventConsistencyVerifier(  664):   2: sent at 193625000000, KeyEvent { action=ACTION_DOWN, keyCode=KEYCODE_DPAD_RIGHT, scanCode=0, metaState=0, flags=0x8, repeatCount=0, eventTime=193625, downTime=193625, deviceId=-1, source=0x101 }
D/InputEventConsistencyVerifier(  664):   3: sent at 193697000000, KeyEvent { action=ACTION_UP, keyCode=KEYCODE_DPAD_UP, scanCode=0, metaState=0, flags=0x400, repeatCount=0, eventTime=193697, downTime=193697, deviceId=-1, source=0x101 }
D/InputEventConsistencyVerifier(  664):   4: sent at 193697000000, KeyEvent { action=ACTION_DOWN, keyCode=KEYCODE_DPAD_UP, scanCode=0, metaState=0, flags=0x400, repeatCount=0, eventTime=193697, downTime=193697, deviceId=-1, source=0x101 }
D/InputEventConsistencyVerifier(  664):   5: sent at 193697000000, KeyEvent { action=ACTION_UP, keyCode=KEYCODE_DPAD_UP, scanCode=0, metaState=0, flags=0x400, repeatCount=0, eventTime=193697, downTime=193697, deviceId=-1, source=0x101 }
W/InputMethodManagerService(  224): Got RemoteException sending setActive(false) notification to pid 1241 uid 10050
I/Choreographer(  664): Skipped 43 frames!  The application may be doing too much work on its main thread.
I/Choreographer(  664): Skipped 57 frames!  The application may be doing too much work on its main thread.
I/ActivityManager(  224): START {act=android.settings.SETTINGS flg=0x10200000 cmp=com.android.settings/.Settings u=0} from pid 664
I/Choreographer(  664): Skipped 41 frames!  The application may be doing too much work on its main thread.
I/ActivityManager(  224): START {act=android.intent.action.CALL_BUTTON flg=0x10000000 cmp=com.android.contacts/.activities.DialtactsActivity u=0} from pid 664
I/Choreographer(  664): Skipped 82 frames!  The application may be doing too much work on its main thread.
W/InputMethodManagerService(  224): Window already focused, ignoring focus gain of: com.android.internal.view.IInputMethodClient$Stub$Proxy@b3e93748 attribute=android.view.inputmethod.EditorInfo@b3e93760
I/Choreographer(  664): Skipped 44 frames!  The application may be doing too much work on its main thread.
D/InputEventConsistencyVerifier(  664): KeyEvent: ACTION_UP but key was not down.
D/InputEventConsistencyVerifier(  664):   in com.android.internal.policy.impl.PhoneWindow$DecorView@b410eb08
D/InputEventConsistencyVerifier(  664):   0: sent at 233894000000, KeyEvent { action=ACTION_UP, keyCode=KEYCODE_DPAD_RIGHT, scanCode=0, metaState=0, flags=0x400, repeatCount=0, eventTime=233894, downTime=233894, deviceId=-1, source=0x101 }
D/InputEventConsistencyVerifier(  664):   -- recent events --
D/InputEventConsistencyVerifier(  664):   1: sent at 233894000000, (unhandled) KeyEvent { action=ACTION_UP, keyCode=KEYCODE_DPAD_RIGHT, scanCode=0, metaState=0, flags=0x400, repeatCount=0, eventTime=233894, downTime=233894, deviceId=-1, source=0x101 }
D/InputEventConsistencyVerifier(  664):   2: sent at 233894000000, (unhandled) KeyEvent { action=ACTION_DOWN, keyCode=KEYCODE_DPAD_RIGHT, scanCode=0, metaState=0, flags=0x400, repeatCount=0, eventTime=233894, downTime=233894, deviceId=-1, source=0x101 }
D/InputEventConsistencyVerifier(  664):   3: sent at 233865000000, (unhandled) MotionEvent { action=ACTION_MOVE, id[0]=0, x[0]=3.0, y[0]=-3.0, toolType[0]=TOOL_TYPE_UNKNOWN, buttonState=0, metaState=0, flags=0x0, edgeFlags=0x0, pointerCount=1, historySize=2, eventTime=233865, downTime=-1, deviceId=0, source=0x10004 }
D/InputEventConsistencyVerifier(  664):   4: sent at 233847000000, (unhandled) MotionEvent { action=ACTION_MOVE, id[0]=0, x[0]=3.0, y[0]=-2.0, toolType[0]=TOOL_TYPE_UNKNOWN, buttonState=0, metaState=0, flags=0x0, edgeFlags=0x0, pointerCount=1, historySize=7, eventTime=233847, downTime=-1, deviceId=0, source=0x10004 }
D/InputEventConsistencyVerifier(  664):   5: sent at 233655000000, (unhandled) KeyEvent { action=ACTION_UP, keyCode=KEYCODE_MENU, scanCode=0, metaState=0, flags=0x8, repeatCount=0, eventTime=233655, downTime=233655, deviceId=-1, source=0x101 }
D/InputEventConsistencyVerifier(  664): KeyEvent: ACTION_UP but key was not down.
D/InputEventConsistencyVerifier(  664):   in com.android.launcher2.Hotseat@b412a2a8
D/InputEventConsistencyVerifier(  664):   0: sent at 233894000000, KeyEvent { action=ACTION_UP, keyCode=KEYCODE_DPAD_RIGHT, scanCode=0, metaState=0, flags=0x400, repeatCount=0, eventTime=233894, downTime=233894, deviceId=-1, source=0x101 }
D/InputEventConsistencyVerifier(  664):   -- recent events --
D/InputEventConsistencyVerifier(  664):   1: sent at 233894000000, (unhandled) KeyEvent { action=ACTION_UP, keyCode=KEYCODE_DPAD_RIGHT, scanCode=0, metaState=0, flags=0x400, repeatCount=0, eventTime=233894, downTime=233894, deviceId=-1, source=0x101 }
D/InputEventConsistencyVerifier(  664):   2: sent at 233894000000, (unhandled) KeyEvent { action=ACTION_DOWN, keyCode=KEYCODE_DPAD_RIGHT, scanCode=0, metaState=0, flags=0x400, repeatCount=0, eventTime=233894, downTime=233894, deviceId=-1, source=0x101 }
D/InputEventConsistencyVerifier(  664):   3: sent at 233865000000, (unhandled) MotionEvent { action=ACTION_MOVE, id[0]=0, x[0]=3.0, y[0]=-3.0, toolType[0]=TOOL_TYPE_UNKNOWN, buttonState=0, metaState=0, flags=0x0, edgeFlags=0x0, pointerCount=1, historySize=2, eventTime=233865, downTime=-1, deviceId=0, source=0x10004 }
D/InputEventConsistencyVerifier(  664):   4: sent at 233847000000, (unhandled) MotionEvent { action=ACTION_MOVE, id[0]=0, x[0]=3.0, y[0]=-2.0, toolType[0]=TOOL_TYPE_UNKNOWN, buttonState=0, metaState=0, flags=0x0, edgeFlags=0x0, pointerCount=1, historySize=7, eventTime=233847, downTime=-1, deviceId=0, source=0x10004 }
D/InputEventConsistencyVerifier(  664):   5: sent at 233655000000, (unhandled) KeyEvent { action=ACTION_UP, keyCode=KEYCODE_MENU, scanCode=0, metaState=0, flags=0x8, repeatCount=0, eventTime=233655, downTime=233655, deviceId=-1, source=0x101 }
D/InputEventConsistencyVerifier(  664): KeyEvent: ACTION_UP but key was not down.
D/InputEventConsistencyVerifier(  664):   in com.android.launcher2.SearchDropTargetBar@b4131308
D/InputEventConsistencyVerifier(  664):   0: sent at 233897000000, KeyEvent { action=ACTION_UP, keyCode=KEYCODE_DPAD_UP, scanCode=0, metaState=0, flags=0x400, repeatCount=0, eventTime=233897, downTime=233897, deviceId=-1, source=0x101 }
D/InputEventConsistencyVerifier(  664):   -- recent events --
D/InputEventConsistencyVerifier(  664):   1: sent at 233894000000, (unhandled) KeyEvent { action=ACTION_DOWN, keyCode=KEYCODE_DPAD_RIGHT, scanCode=0, metaState=0, flags=0x400, repeatCount=0, eventTime=233894, downTime=233894, deviceId=-1, source=0x101 }
D/InputEventConsistencyVerifier(  664):   2: sent at 233894000000, (unhandled) KeyEvent { action=ACTION_UP, keyCode=KEYCODE_DPAD_RIGHT, scanCode=0, metaState=0, flags=0x80000400, repeatCount=0, eventTime=233894, downTime=233894, deviceId=-1, source=0x101 }
D/InputEventConsistencyVerifier(  664):   3: sent at 193625000000, (unhandled) KeyEvent { action=ACTION_DOWN, keyCode=KEYCODE_DPAD_RIGHT, scanCode=0, metaState=0, flags=0x8, repeatCount=0, eventTime=193625, downTime=193625, deviceId=-1, source=0x101 }
D/InputEventConsistencyVerifier(  664):   4: sent at 193697000000, (unhandled) KeyEvent { action=ACTION_UP, keyCode=KEYCODE_DPAD_UP, scanCode=0, metaState=0, flags=0x400, repeatCount=0, eventTime=193697, downTime=193697, deviceId=-1, source=0x101 }
D/InputEventConsistencyVerifier(  664):   5: sent at 193697000000, (unhandled) KeyEvent { action=ACTION_DOWN, keyCode=KEYCODE_DPAD_UP, scanCode=0, metaState=0, flags=0x400, repeatCount=0, eventTime=193697, downTime=193697, deviceId=-1, source=0x101 }
D/InputEventConsistencyVerifier(  664): KeyEvent: ACTION_UP but key was not down.
D/InputEventConsistencyVerifier(  664):   in com.android.internal.policy.impl.PhoneWindow$DecorView@b410eb08
D/InputEventConsistencyVerifier(  664):   0: sent at 235833000000, KeyEvent { action=ACTION_UP, keyCode=KEYCODE_DPAD_LEFT, scanCode=0, metaState=0, flags=0x400, repeatCount=0, eventTime=235833, downTime=235833, deviceId=-1, source=0x101 }
D/InputEventConsistencyVerifier(  664):   -- recent events --
D/InputEventConsistencyVerifier(  664):   1: sent at 235798000000, (unhandled) MotionEvent { action=ACTION_MOVE, id[0]=0, x[0]=-3.0, y[0]=2.0, toolType[0]=TOOL_TYPE_UNKNOWN, buttonState=0, metaState=0, flags=0x0, edgeFlags=0x0, pointerCount=1, historySize=5, eventTime=235798, downTime=-1, deviceId=0, source=0x10004 }
D/InputEventConsistencyVerifier(  664):   2: sent at 235732000000, (unhandled) KeyEvent { action=ACTION_UP, keyCode=KEYCODE_CHANNEL_DOWN, scanCode=0, metaState=0, flags=0x8, repeatCount=0, eventTime=235732, downTime=235732, deviceId=-1, source=0x101 }
D/InputEventConsistencyVerifier(  664):   3: sent at 235723000000, (unhandled) KeyEvent { action=ACTION_DOWN, keyCode=KEYCODE_CHANNEL_DOWN, scanCode=0, metaState=0, flags=0x8, repeatCount=0, eventTime=235723, downTime=235723, deviceId=-1, source=0x101 }
D/InputEventConsistencyVerifier(  664):   4: sent at 235644000000, (unhandled) KeyEvent { action=ACTION_UP, keyCode=KEYCODE_MEDIA_FAST_FORWARD, scanCode=0, metaState=0, flags=0x8, repeatCount=0, eventTime=235644, downTime=235644, deviceId=-1, source=0x101 }
D/InputEventConsistencyVerifier(  664):   5: sent at 234855000000, (unhandled) KeyEvent { action=ACTION_DOWN, keyCode=KEYCODE_MEDIA_FAST_FORWARD, scanCode=0, metaState=0, flags=0x8, repeatCount=0, eventTime=234855, downTime=234855, deviceId=-1, source=0x101 }
D/InputEventConsistencyVerifier(  664): KeyEvent: ACTION_UP but key was not down.
D/InputEventConsistencyVerifier(  664):   in com.android.launcher2.Hotseat@b412a2a8
D/InputEventConsistencyVerifier(  664):   0: sent at 235833000000, KeyEvent { action=ACTION_UP, keyCode=KEYCODE_DPAD_LEFT, scanCode=0, metaState=0, flags=0x400, repeatCount=0, eventTime=235833, downTime=235833, deviceId=-1, source=0x101 }
D/InputEventConsistencyVerifier(  664):   -- recent events --
D/InputEventConsistencyVerifier(  664):   1: sent at 234835000000, MotionEvent { action=ACTION_UP, id[0]=0, x[0]=0.0, y[0]=69.0, toolType[0]=TOOL_TYPE_UNKNOWN, buttonState=0, metaState=0, flags=0x0, edgeFlags=0x0, pointerCount=1, historySize=0, eventTime=234835, downTime=234725, deviceId=0, source=0x1002 }
D/InputEventConsistencyVerifier(  664):   2: sent at 234825000000, MotionEvent { action=ACTION_MOVE, id[0]=0, x[0]=1.0, y[0]=66.0, toolType[0]=TOOL_TYPE_UNKNOWN, buttonState=0, metaState=0, flags=0x0, edgeFlags=0x0, pointerCount=1, historySize=8, eventTime=234825, downTime=234725, deviceId=0, source=0x1002 }
D/InputEventConsistencyVerifier(  664):   3: sent at 234729000000, MotionEvent { action=ACTION_DOWN, id[0]=0, x[0]=100.0, y[0]=42.0, toolType[0]=TOOL_TYPE_UNKNOWN, buttonState=0, metaState=0, flags=0x0, edgeFlags=0x0, pointerCount=1, historySize=0, eventTime=234729, downTime=234725, deviceId=0, source=0x1002 }
D/InputEventConsistencyVerifier(  664):   4: sent at 233897000000, (unhandled) KeyEvent { action=ACTION_DOWN, keyCode=KEYCODE_DPAD_UP, scanCode=0, metaState=0, flags=0x400, repeatCount=0, eventTime=233897, downTime=233897, deviceId=-1, source=0x101 }
D/InputEventConsistencyVerifier(  664):   5: sent at 233894000000, (unhandled) KeyEvent { action=ACTION_UP, keyCode=KEYCODE_DPAD_RIGHT, scanCode=0, metaState=0, flags=0x80000400, repeatCount=0, eventTime=233894, downTime=233894, deviceId=-1, source=0x101 }
D/InputEventConsistencyVerifier(  664): KeyEvent: ACTION_UP but key was not down.
D/InputEventConsistencyVerifier(  664):   in com.android.launcher2.Workspace@b41131a0
D/InputEventConsistencyVerifier(  664):   0: sent at 235833000000, KeyEvent { action=ACTION_UP, keyCode=KEYCODE_DPAD_LEFT, scanCode=0, metaState=0, flags=0x400, repeatCount=0, eventTime=235833, downTime=235833, deviceId=-1, source=0x101 }
D/InputEventConsistencyVerifier(  664):   -- recent events --
D/InputEventConsistencyVerifier(  664):   1: sent at 234849000000, MotionEvent { action=ACTION_UP, id[0]=0, x[0]=366.0, y[0]=261.0, toolType[0]=TOOL_TYPE_UNKNOWN, buttonState=0, metaState=0, flags=0x0, edgeFlags=0x0, pointerCount=1, historySize=0, eventTime=234849, downTime=234844, deviceId=0, source=0x1002 }
D/InputEventConsistencyVerifier(  664):   2: sent at 234844000000, MotionEvent { action=ACTION_DOWN, id[0]=0, x[0]=360.0, y[0]=264.0, toolType[0]=TOOL_TYPE_UNKNOWN, buttonState=0, metaState=0, flags=0x0, edgeFlags=0x0, pointerCount=1, historySize=0, eventTime=234844, downTime=234844, deviceId=0, source=0x1002 }
D/InputEventConsistencyVerifier(  664):   3: sent at 193697000000, (unhandled) KeyEvent { action=ACTION_DOWN, keyCode=KEYCODE_DPAD_UP, scanCode=0, metaState=0, flags=0x400, repeatCount=0, eventTime=193697, downTime=193697, deviceId=-1, source=0x101 }
D/InputEventConsistencyVerifier(  664):   4: sent at 193697000000, (unhandled) KeyEvent { action=ACTION_UP, keyCode=KEYCODE_DPAD_UP, scanCode=0, metaState=0, flags=0x400, repeatCount=0, eventTime=193697, downTime=193697, deviceId=-1, source=0x101 }
D/InputEventConsistencyVerifier(  664):   5: sent at 193227000000, MotionEvent { action=ACTION_UP, id[0]=0, x[0]=415.0, y[0]=192.0, toolType[0]=TOOL_TYPE_UNKNOWN, buttonState=0, metaState=0, flags=0x0, edgeFlags=0x0, pointerCount=1, historySize=0, eventTime=193227, downTime=193210, deviceId=0, source=0x1002 }
D/InputEventConsistencyVerifier(  664): KeyEvent: ACTION_UP but key was not down.
D/InputEventConsistencyVerifier(  664):   in com.android.internal.policy.impl.PhoneWindow$DecorView@b410eb08
D/InputEventConsistencyVerifier(  664):   0: sent at 236183000000, KeyEvent { action=ACTION_UP, keyCode=KEYCODE_DPAD_RIGHT, scanCode=0, metaState=0, flags=0x400, repeatCount=0, eventTime=236183, downTime=236183, deviceId=-1, source=0x101 }
D/InputEventConsistencyVerifier(  664):   -- recent events --
D/InputEventConsistencyVerifier(  664):   1: sent at 236071000000, (unhandled) MotionEvent { action=ACTION_MOVE, id[0]=0, x[0]=-2.0, y[0]=-3.0, toolType[0]=TOOL_TYPE_UNKNOWN, buttonState=0, metaState=0, flags=0x0, edgeFlags=0x0, pointerCount=1, historySize=9, eventTime=236071, downTime=-1, deviceId=0, source=0x10004 }
D/InputEventConsistencyVerifier(  664):   2: sent at 236087000000, MotionEvent { action=ACTION_UP, id[0]=0, x[0]=196.0, y[0]=282.0, toolType[0]=TOOL_TYPE_UNKNOWN, buttonState=0, metaState=0, flags=0x0, edgeFlags=0x0, pointerCount=1, historySize=0, eventTime=236087, downTime=236077, deviceId=0, source=0x1002 }
D/InputEventConsistencyVerifier(  664):   3: sent at 236083000000, MotionEvent { action=ACTION_MOVE, id[0]=0, x[0]=179.0, y[0]=283.0, toolType[0]=TOOL_TYPE_UNKNOWN, buttonState=0, metaState=0, flags=0x0, edgeFlags=0x0, pointerCount=1, historySize=0, eventTime=236083, downTime=236077, deviceId=0, source=0x1002 }
D/InputEventConsistencyVerifier(  664):   4: sent at 236077000000, MotionEvent { action=ACTION_DOWN, id[0]=0, x[0]=174.0, y[0]=284.0, toolType[0]=TOOL_TYPE_UNKNOWN, buttonState=0, metaState=0, flags=0x0, edgeFlags=0x0, pointerCount=1, historySize=0, eventTime=236077, downTime=236077, deviceId=0, source=0x1002 }
D/InputEventConsistencyVerifier(  664):   5: sent at 235925000000, MotionEvent { action=ACTION_UP, id[0]=0, x[0]=371.0, y[0]=403.0, toolType[0]=TOOL_TYPE_UNKNOWN, buttonState=0, metaState=0, flags=0x0, edgeFlags=0x0, pointerCount=1, historySize=0, eventTime=235925, downTime=235914, deviceId=0, source=0x1002 }
D/InputEventConsistencyVerifier(  664): KeyEvent: ACTION_UP but key was not down.
D/InputEventConsistencyVerifier(  664):   in com.android.launcher2.Hotseat@b412a2a8
D/InputEventConsistencyVerifier(  664):   0: sent at 236183000000, KeyEvent { action=ACTION_UP, keyCode=KEYCODE_DPAD_RIGHT, scanCode=0, metaState=0, flags=0x400, repeatCount=0, eventTime=236183, downTime=236183, deviceId=-1, source=0x101 }
D/InputEventConsistencyVerifier(  664):   -- recent events --
D/InputEventConsistencyVerifier(  664):   1: sent at 235833000000, (unhandled) KeyEvent { action=ACTION_DOWN, keyCode=KEYCODE_DPAD_LEFT, scanCode=0, metaState=0, flags=0x400, repeatCount=0, eventTime=235833, downTime=235833, deviceId=-1, source=0x101 }
D/InputEventConsistencyVerifier(  664):   2: sent at 235833000000, (unhandled) KeyEvent { action=ACTION_UP, keyCode=KEYCODE_DPAD_LEFT, scanCode=0, metaState=0, flags=0x80000400, repeatCount=0, eventTime=235833, downTime=235833, deviceId=-1, source=0x101 }
D/InputEventConsistencyVerifier(  664):   3: sent at 234835000000, MotionEvent { action=ACTION_UP, id[0]=0, x[0]=0.0, y[0]=69.0, toolType[0]=TOOL_TYPE_UNKNOWN, buttonState=0, metaState=0, flags=0x0, edgeFlags=0x0, pointerCount=1, historySize=0, eventTime=234835, downTime=234725, deviceId=0, source=0x1002 }
D/InputEventConsistencyVerifier(  664):   4: sent at 234825000000, MotionEvent { action=ACTION_MOVE, id[0]=0, x[0]=1.0, y[0]=66.0, toolType[0]=TOOL_TYPE_UNKNOWN, buttonState=0, metaState=0, flags=0x0, edgeFlags=0x0, pointerCount=1, historySize=8, eventTime=234825, downTime=234725, deviceId=0, source=0x1002 }
D/InputEventConsistencyVerifier(  664):   5: sent at 234729000000, MotionEvent { action=ACTION_DOWN, id[0]=0, x[0]=100.0, y[0]=42.0, toolType[0]=TOOL_TYPE_UNKNOWN, buttonState=0, metaState=0, flags=0x0, edgeFlags=0x0, pointerCount=1, historySize=0, eventTime=234729, downTime=234725, deviceId=0, source=0x1002 }
D/InputEventConsistencyVerifier(  664): KeyEvent: ACTION_UP but key was not down.
D/InputEventConsistencyVerifier(  664):   in com.android.launcher2.SearchDropTargetBar@b4131308
D/InputEventConsistencyVerifier(  664):   0: sent at 236207000000, KeyEvent { action=ACTION_UP, keyCode=KEYCODE_DPAD_UP, scanCode=0, metaState=0, flags=0x400, repeatCount=0, eventTime=236207, downTime=236207, deviceId=-1, source=0x101 }
D/InputEventConsistencyVerifier(  664):   -- recent events --
D/InputEventConsistencyVerifier(  664):   1: sent at 236183000000, (unhandled) KeyEvent { action=ACTION_DOWN, keyCode=KEYCODE_DPAD_RIGHT, scanCode=0, metaState=0, flags=0x400, repeatCount=0, eventTime=236183, downTime=236183, deviceId=-1, source=0x101 }
D/InputEventConsistencyVerifier(  664):   2: sent at 236183000000, (unhandled) KeyEvent { action=ACTION_UP, keyCode=KEYCODE_DPAD_RIGHT, scanCode=0, metaState=0, flags=0x80000400, repeatCount=0, eventTime=236183, downTime=236183, deviceId=-1, source=0x101 }
D/InputEventConsistencyVerifier(  664):   3: sent at 235833000000, (unhandled) KeyEvent { action=ACTION_DOWN, keyCode=KEYCODE_DPAD_LEFT, scanCode=0, metaState=0, flags=0x400, repeatCount=0, eventTime=235833, downTime=235833, deviceId=-1, source=0x101 }
D/InputEventConsistencyVerifier(  664):   4: sent at 235833000000, (unhandled) KeyEvent { action=ACTION_UP, keyCode=KEYCODE_DPAD_LEFT, scanCode=0, metaState=0, flags=0x80000400, repeatCount=0, eventTime=235833, downTime=235833, deviceId=-1, source=0x101 }
D/InputEventConsistencyVerifier(  664):   5: sent at 233897000000, (unhandled) KeyEvent { action=ACTION_UP, keyCode=KEYCODE_DPAD_UP, scanCode=0, metaState=0, flags=0x400, repeatCount=0, eventTime=233897, downTime=233897, deviceId=-1, source=0x101 }
I/Choreographer(  664): Skipped 34 frames!  The application may be doing too much work on its main thread.
I/Choreographer(  664): Skipped 55 frames!  The application may be doing too much work on its main thread.
W/dalvikvm( 1038): DroidBox: { "FdAccess": { "path": "2f6465762f696e7075742f6576656e7430", "id": "498265943" } }
W/DroidBox( 1038): DroidBox: { "FileRW": { "operation": "write", "data": "7f060000efbfbd3901000500000001000000", "id": "498265943" } }
W/InputMethodManagerService(  224): Window already focused, ignoring focus gain of: com.android.internal.view.IInputMethodClient$Stub$Proxy@b40bf8f0 attribute=android.view.inputmethod.EditorInfo@b40bf908
D/InputEventConsistencyVerifier(  664): KeyEvent: ACTION_UP but key was not down.
D/InputEventConsistencyVerifier(  664):   in com.android.internal.policy.impl.PhoneWindow$DecorView@b410eb08
D/InputEventConsistencyVerifier(  664):   0: sent at 237790000000, KeyEvent { action=ACTION_UP, keyCode=KEYCODE_DPAD_CENTER, scanCode=0, metaState=0, flags=0x8, repeatCount=0, eventTime=237790, downTime=237790, deviceId=-1, source=0x101 }
D/InputEventConsistencyVerifier(  664):   -- recent events --
D/InputEventConsistencyVerifier(  664):   1: sent at 236213000000, (unhandled) KeyEvent { action=ACTION_UP, keyCode=KEYCODE_MENU, scanCode=0, metaState=0, flags=0x8, repeatCount=0, eventTime=236213, downTime=236213, deviceId=-1, source=0x101 }
D/InputEventConsistencyVerifier(  664):   2: sent at 236115000000, (unhandled) KeyEvent { action=ACTION_DOWN, keyCode=KEYCODE_MENU, scanCode=0, metaState=0, flags=0x8, repeatCount=0, eventTime=236115, downTime=236115, deviceId=-1, source=0x101 }
D/InputEventConsistencyVerifier(  664):   3: sent at 236207000000, (unhandled) KeyEvent { action=ACTION_UP, keyCode=KEYCODE_DPAD_UP, scanCode=0, metaState=0, flags=0x400, repeatCount=0, eventTime=236207, downTime=236207, deviceId=-1, source=0x101 }
D/InputEventConsistencyVerifier(  664):   4: sent at 236207000000, (unhandled) KeyEvent { action=ACTION_DOWN, keyCode=KEYCODE_DPAD_UP, scanCode=0, metaState=0, flags=0x400, repeatCount=0, eventTime=236207, downTime=236207, deviceId=-1, source=0x101 }
D/InputEventConsistencyVerifier(  664):   5: sent at 236207000000, (unhandled) KeyEvent { action=ACTION_UP, keyCode=KEYCODE_DPAD_UP, scanCode=0, metaState=0, flags=0x400, repeatCount=0, eventTime=236207, downTime=236207, deviceId=-1, source=0x101 }
D/InputEventConsistencyVerifier(  664): KeyEvent: ACTION_UP but key was not down.
D/InputEventConsistencyVerifier(  664):   in com.android.launcher2.Hotseat@b412a2a8
D/InputEventConsistencyVerifier(  664):   0: sent at 237875000000, KeyEvent { action=ACTION_UP, keyCode=KEYCODE_DPAD_DOWN, scanCode=0, metaState=0, flags=0x8, repeatCount=0, eventTime=237875, downTime=237875, deviceId=-1, source=0x101 }
D/InputEventConsistencyVerifier(  664):   -- recent events --
D/InputEventConsistencyVerifier(  664):   1: sent at 236207000000, (unhandled) KeyEvent { action=ACTION_DOWN, keyCode=KEYCODE_DPAD_UP, scanCode=0, metaState=0, flags=0x400, repeatCount=0, eventTime=236207, downTime=236207, deviceId=-1, source=0x101 }
D/InputEventConsistencyVerifier(  664):   2: sent at 236184000000, (unhandled) KeyEvent { action=ACTION_UP, keyCode=KEYCODE_DPAD_RIGHT, scanCode=0, metaState=0, flags=0x400, repeatCount=0, eventTime=236184, downTime=236184, deviceId=-1, source=0x101 }
D/InputEventConsistencyVerifier(  664):   3: sent at 236184000000, (unhandled) KeyEvent { action=ACTION_DOWN, keyCode=KEYCODE_DPAD_RIGHT, scanCode=0, metaState=0, flags=0x400, repeatCount=0, eventTime=236184, downTime=236184, deviceId=-1, source=0x101 }
D/InputEventConsistencyVerifier(  664):   4: sent at 236184000000, (unhandled) KeyEvent { action=ACTION_UP, keyCode=KEYCODE_DPAD_RIGHT, scanCode=0, metaState=0, flags=0x400, repeatCount=0, eventTime=236184, downTime=236184, deviceId=-1, source=0x101 }
D/InputEventConsistencyVerifier(  664):   5: sent at 236184000000, (unhandled) KeyEvent { action=ACTION_DOWN, keyCode=KEYCODE_DPAD_RIGHT, scanCode=0, metaState=0, flags=0x400, repeatCount=0, eventTime=236184, downTime=236184, deviceId=-1, source=0x101 }
I/Choreographer(  664): Skipped 33 frames!  The application may be doing too much work on its main thread.
W/InputMethodManagerService(  224): Window already focused, ignoring focus gain of: com.android.internal.view.IInputMethodClient$Stub$Proxy@b4039650 attribute=android.view.inputmethod.EditorInfo@b4039668
W/InputManager(  224): Input event injection from pid 1038 failed.
W/InputManager(  224): Input event injection from pid 1038 failed.
W/InputManager(  224): Input event injection from pid 1038 failed.
W/InputManager(  224): Input event injection from pid 1038 failed.
W/InputManager(  224): Input event injection from pid 1038 failed.
W/InputManager(  224): Input event injection from pid 1038 failed.
W/InputManager(  224): Input event injection from pid 1038 failed.
W/InputManager(  224): Input event injection from pid 1038 failed.
I/Choreographer(  664): Skipped 36 frames!  The application may be doing too much work on its main thread.
D/InputEventConsistencyVerifier(  664): KeyEvent: ACTION_UP but key was not down.
D/InputEventConsistencyVerifier(  664):   in com.android.internal.policy.impl.PhoneWindow$DecorView@b410eb08
D/InputEventConsistencyVerifier(  664):   0: sent at 239213000000, KeyEvent { action=ACTION_UP, keyCode=KEYCODE_DPAD_RIGHT, scanCode=0, metaState=0, flags=0x400, repeatCount=0, eventTime=239213, downTime=239213, deviceId=-1, source=0x101 }
D/InputEventConsistencyVerifier(  664):   -- recent events --
D/InputEventConsistencyVerifier(  664):   1: sent at 239174000000, (unhandled) MotionEvent { action=ACTION_MOVE, id[0]=0, x[0]=4.0, y[0]=2.0, toolType[0]=TOOL_TYPE_UNKNOWN, buttonState=0, metaState=0, flags=0x0, edgeFlags=0x0, pointerCount=1, historySize=9, eventTime=239174, downTime=-1, deviceId=0, source=0x10004 }
D/InputEventConsistencyVerifier(  664):   2: sent at 239089000000, MotionEvent { action=ACTION_UP, id[0]=0, x[0]=66.0, y[0]=186.0, toolType[0]=TOOL_TYPE_UNKNOWN, buttonState=0, metaState=0, flags=0x0, edgeFlags=0x0, pointerCount=1, historySize=0, eventTime=239089, downTime=239082, deviceId=0, source=0x1002 }
D/InputEventConsistencyVerifier(  664):   3: sent at 239083000000, MotionEvent { action=ACTION_DOWN, id[0]=0, x[0]=80.0, y[0]=184.0, toolType[0]=TOOL_TYPE_UNKNOWN, buttonState=0, metaState=0, flags=0x0, edgeFlags=0x0, pointerCount=1, historySize=0, eventTime=239083, downTime=239082, deviceId=0, source=0x1002 }
D/InputEventConsistencyVerifier(  664):   4: sent at 239057000000, MotionEvent { action=ACTION_UP, id[0]=0, x[0]=366.0, y[0]=534.0, toolType[0]=TOOL_TYPE_UNKNOWN, buttonState=0, metaState=0, flags=0x0, edgeFlags=0x0, pointerCount=1, historySize=0, eventTime=239057, downTime=239051, deviceId=0, source=0x1002 }
D/InputEventConsistencyVerifier(  664):   5: sent at 239052000000, MotionEvent { action=ACTION_DOWN, id[0]=0, x[0]=368.0, y[0]=536.0, toolType[0]=TOOL_TYPE_UNKNOWN, buttonState=0, metaState=0, flags=0x0, edgeFlags=0x0, pointerCount=1, historySize=0, eventTime=239052, downTime=239051, deviceId=0, source=0x1002 }
D/InputEventConsistencyVerifier(  664): KeyEvent: ACTION_UP but key was not down.
D/InputEventConsistencyVerifier(  664):   in com.android.launcher2.Hotseat@b412a2a8
D/InputEventConsistencyVerifier(  664):   0: sent at 239213000000, KeyEvent { action=ACTION_UP, keyCode=KEYCODE_DPAD_RIGHT, scanCode=0, metaState=0, flags=0x400, repeatCount=0, eventTime=239213, downTime=239213, deviceId=-1, source=0x101 }
D/InputEventConsistencyVerifier(  664):   -- recent events --
D/InputEventConsistencyVerifier(  664):   1: sent at 238044000000, (unhandled) KeyEvent { action=ACTION_UP, keyCode=KEYCODE_MENU, scanCode=0, metaState=0, flags=0x8, repeatCount=0, eventTime=238044, downTime=238044, deviceId=-1, source=0x101 }
D/InputEventConsistencyVerifier(  664):   2: sent at 237985000000, (unhandled) KeyEvent { action=ACTION_DOWN, keyCode=KEYCODE_MENU, scanCode=0, metaState=0, flags=0x8, repeatCount=0, eventTime=237985, downTime=237985, deviceId=-1, source=0x101 }
D/InputEventConsistencyVerifier(  664):   3: sent at 237875000000, (unhandled) KeyEvent { action=ACTION_UP, keyCode=KEYCODE_DPAD_DOWN, scanCode=0, metaState=0, flags=0x80000008, repeatCount=0, eventTime=237875, downTime=237875, deviceId=-1, source=0x101 }
D/InputEventConsistencyVerifier(  664):   4: sent at 236207000000, (unhandled) KeyEvent { action=ACTION_DOWN, keyCode=KEYCODE_DPAD_UP, scanCode=0, metaState=0, flags=0x400, repeatCount=0, eventTime=236207, downTime=236207, deviceId=-1, source=0x101 }
D/InputEventConsistencyVerifier(  664):   5: sent at 236184000000, (unhandled) KeyEvent { action=ACTION_UP, keyCode=KEYCODE_DPAD_RIGHT, scanCode=0, metaState=0, flags=0x400, repeatCount=0, eventTime=236184, downTime=236184, deviceId=-1, source=0x101 }
D/InputEventConsistencyVerifier(  664): KeyEvent: ACTION_UP but key was not down.
D/InputEventConsistencyVerifier(  664):   in com.android.launcher2.BubbleTextView@b410fb50
D/InputEventConsistencyVerifier(  664):   0: sent at 239217000000, KeyEvent { action=ACTION_UP, keyCode=KEYCODE_DPAD_LEFT, scanCode=0, metaState=0, flags=0x8, repeatCount=0, eventTime=239217, downTime=239217, deviceId=-1, source=0x101 }
D/InputEventConsistencyVerifier(  664):   -- recent events --
D/InputEventConsistencyVerifier(  664):   1: sent at 156010000000, (unhandled) KeyEvent { action=ACTION_UP, keyCode=KEYCODE_S, scanCode=0, metaState=0, flags=0x8, repeatCount=0, eventTime=156010, downTime=156010, deviceId=-1, source=0x101 }
D/InputEventConsistencyVerifier(  664):   2: sent at 155855000000, (unhandled) KeyEvent { action=ACTION_DOWN, keyCode=KEYCODE_S, scanCode=0, metaState=0, flags=0x8, repeatCount=0, eventTime=155855, downTime=155855, deviceId=-1, source=0x101 }
D/InputEventConsistencyVerifier(  664):   3: sent at 155720000000, (unhandled) KeyEvent { action=ACTION_UP, keyCode=KEYCODE_DPAD_LEFT, scanCode=0, metaState=0, flags=0x80000008, repeatCount=0, eventTime=155720, downTime=155720, deviceId=-1, source=0x101 }
D/InputEventConsistencyVerifier(  664): KeyEvent: ACTION_UP but key was not down.
D/InputEventConsistencyVerifier(  664):   in com.android.launcher2.BubbleTextView@b3ddf500
D/InputEventConsistencyVerifier(  664):   0: sent at 239590000000, KeyEvent { action=ACTION_UP, keyCode=KEYCODE_DPAD_RIGHT, scanCode=0, metaState=0, flags=0x400, repeatCount=0, eventTime=239590, downTime=239590, deviceId=-1, source=0x101 }
D/InputEventConsistencyVerifier(  664):   -- recent events --
D/InputEventConsistencyVerifier(  664):   1: sent at 239176000000, (unhandled) KeyEvent { action=ACTION_DOWN, keyCode=KEYCODE_DPAD_LEFT, scanCode=0, metaState=0, flags=0x8, repeatCount=0, eventTime=239176, downTime=239176, deviceId=-1, source=0x101 }
D/InputEventConsistencyVerifier(  664):   2: sent at 239213000000, (unhandled) KeyEvent { action=ACTION_UP, keyCode=KEYCODE_DPAD_RIGHT, scanCode=0, metaState=0, flags=0x400, repeatCount=0, eventTime=239213, downTime=239213, deviceId=-1, source=0x101 }
D/InputEventConsistencyVerifier(  664):   3: sent at 239213000000, (unhandled) KeyEvent { action=ACTION_DOWN, keyCode=KEYCODE_DPAD_RIGHT, scanCode=0, metaState=0, flags=0x400, repeatCount=0, eventTime=239213, downTime=239213, deviceId=-1, source=0x101 }
D/InputEventConsistencyVerifier(  664):   4: sent at 239213000000, (unhandled) KeyEvent { action=ACTION_UP, keyCode=KEYCODE_DPAD_RIGHT, scanCode=0, metaState=0, flags=0x400, repeatCount=0, eventTime=239213, downTime=239213, deviceId=-1, source=0x101 }
D/InputEventConsistencyVerifier(  664):   5: sent at 239213000000, (unhandled) KeyEvent { action=ACTION_DOWN, keyCode=KEYCODE_DPAD_RIGHT, scanCode=0, metaState=0, flags=0x400, repeatCount=0, eventTime=239213, downTime=239213, deviceId=-1, source=0x101 }
D/InputEventConsistencyVerifier(  664): KeyEvent: ACTION_UP but key was not down.
D/InputEventConsistencyVerifier(  664):   in com.android.launcher2.BubbleTextView@b410fb50
D/InputEventConsistencyVerifier(  664):   0: sent at 239596000000, KeyEvent { action=ACTION_UP, keyCode=KEYCODE_DPAD_LEFT, scanCode=0, metaState=0, flags=0x8, repeatCount=0, eventTime=239596, downTime=239596, deviceId=-1, source=0x101 }
D/InputEventConsistencyVerifier(  664):   -- recent events --
D/InputEventConsistencyVerifier(  664):   1: sent at 239590000000, (unhandled) KeyEvent { action=ACTION_DOWN, keyCode=KEYCODE_DPAD_RIGHT, scanCode=0, metaState=0, flags=0x400, repeatCount=0, eventTime=239590, downTime=239590, deviceId=-1, source=0x101 }
D/InputEventConsistencyVerifier(  664):   2: sent at 239564000000, MotionEvent { action=ACTION_MOVE, id[0]=0, x[0]=2.0, y[0]=4.0, toolType[0]=TOOL_TYPE_UNKNOWN, buttonState=0, metaState=0, flags=0x0, edgeFlags=0x0, pointerCount=1, historySize=5, eventTime=239564, downTime=-1, deviceId=0, source=0x10004 }
D/InputEventConsistencyVerifier(  664):   3: sent at 239505000000, MotionEvent { action=ACTION_MOVE, id[0]=0, x[0]=4.0, y[0]=-2.0, toolType[0]=TOOL_TYPE_UNKNOWN, buttonState=0, metaState=0, flags=0x0, edgeFlags=0x0, pointerCount=1, historySize=3, eventTime=239505, downTime=-1, deviceId=0, source=0x10004 }
D/InputEventConsistencyVerifier(  664):   4: sent at 239217000000, (unhandled) KeyEvent { action=ACTION_UP, keyCode=KEYCODE_DPAD_LEFT, scanCode=0, metaState=0, flags=0x80000008, repeatCount=0, eventTime=239217, downTime=239217, deviceId=-1, source=0x101 }
D/InputEventConsistencyVerifier(  664):   5: sent at 156010000000, (unhandled) KeyEvent { action=ACTION_UP, keyCode=KEYCODE_S, scanCode=0, metaState=0, flags=0x8, repeatCount=0, eventTime=156010, downTime=156010, deviceId=-1, source=0x101 }
D/InputEventConsistencyVerifier(  664): KeyEvent: ACTION_UP but key was not down.
D/InputEventConsistencyVerifier(  664):   in com.android.launcher2.SearchDropTargetBar@b4131308
D/InputEventConsistencyVerifier(  664):   0: sent at 239829000000, KeyEvent { action=ACTION_UP, keyCode=KEYCODE_DPAD_UP, scanCode=0, metaState=0, flags=0x400, repeatCount=0, eventTime=239829, downTime=239829, deviceId=-1, source=0x101 }
D/InputEventConsistencyVerifier(  664):   -- recent events --
D/InputEventConsistencyVerifier(  664):   1: sent at 239213000000, (unhandled) KeyEvent { action=ACTION_DOWN, keyCode=KEYCODE_DPAD_RIGHT, scanCode=0, metaState=0, flags=0x400, repeatCount=0, eventTime=239213, downTime=239213, deviceId=-1, source=0x101 }
D/InputEventConsistencyVerifier(  664):   2: sent at 239213000000, (unhandled) KeyEvent { action=ACTION_UP, keyCode=KEYCODE_DPAD_RIGHT, scanCode=0, metaState=0, flags=0x80000400, repeatCount=0, eventTime=239213, downTime=239213, deviceId=-1, source=0x101 }
D/InputEventConsistencyVerifier(  664):   3: sent at 237871000000, (unhandled) KeyEvent { action=ACTION_DOWN, keyCode=KEYCODE_DPAD_DOWN, scanCode=0, metaState=0, flags=0x8, repeatCount=0, eventTime=237871, downTime=237871, deviceId=-1, source=0x101 }
D/InputEventConsistencyVerifier(  664):   4: sent at 237790000000, (unhandled) KeyEvent { action=ACTION_UP, keyCode=KEYCODE_DPAD_CENTER, scanCode=0, metaState=0, flags=0x80000008, repeatCount=0, eventTime=237790, downTime=237790, deviceId=-1, source=0x101 }
D/InputEventConsistencyVerifier(  664):   5: sent at 236213000000, (unhandled) KeyEvent { action=ACTION_UP, keyCode=KEYCODE_MENU, scanCode=0, metaState=0, flags=0x8, repeatCount=0, eventTime=236213, downTime=236213, deviceId=-1, source=0x101 }
D/InputEventConsistencyVerifier(  664): KeyEvent: ACTION_UP but key was not down.
D/InputEventConsistencyVerifier(  664):   in com.android.launcher2.Workspace@b41131a0
D/InputEventConsistencyVerifier(  664):   0: sent at 240070000000, KeyEvent { action=ACTION_UP, keyCode=KEYCODE_DPAD_LEFT, scanCode=0, metaState=0, flags=0x8, repeatCount=0, eventTime=240070, downTime=240070, deviceId=-1, source=0x101 }
D/InputEventConsistencyVerifier(  664):   -- recent events --
D/InputEventConsistencyVerifier(  664):   1: sent at 239089000000, MotionEvent { action=ACTION_UP, id[0]=0, x[0]=66.0, y[0]=148.0, toolType[0]=TOOL_TYPE_UNKNOWN, buttonState=0, metaState=0, flags=0x0, edgeFlags=0x0, pointerCount=1, historySize=0, eventTime=239089, downTime=239082, deviceId=0, source=0x1002 }
D/InputEventConsistencyVerifier(  664):   2: sent at 239083000000, MotionEvent { action=ACTION_DOWN, id[0]=0, x[0]=80.0, y[0]=146.0, toolType[0]=TOOL_TYPE_UNKNOWN, buttonState=0, metaState=0, flags=0x0, edgeFlags=0x0, pointerCount=1, historySize=0, eventTime=239083, downTime=239082, deviceId=0, source=0x1002 }
D/InputEventConsistencyVerifier(  664):   3: sent at 239057000000, MotionEvent { action=ACTION_UP, id[0]=0, x[0]=366.0, y[0]=496.0, toolType[0]=TOOL_TYPE_UNKNOWN, buttonState=0, metaState=0, flags=0x0, edgeFlags=0x0, pointerCount=1, historySize=0, eventTime=239057, downTime=239051, deviceId=0, source=0x1002 }
D/InputEventConsistencyVerifier(  664):   4: sent at 239052000000, MotionEvent { action=ACTION_DOWN, id[0]=0, x[0]=368.0, y[0]=498.0, toolType[0]=TOOL_TYPE_UNKNOWN, buttonState=0, metaState=0, flags=0x0, edgeFlags=0x0, pointerCount=1, historySize=0, eventTime=239052, downTime=239051, deviceId=0, source=0x1002 }
D/InputEventConsistencyVerifier(  664):   5: sent at 239033000000, MotionEvent { action=ACTION_UP, id[0]=0, x[0]=436.0, y[0]=638.0, toolType[0]=TOOL_TYPE_UNKNOWN, buttonState=0, metaState=0, flags=0x0, edgeFlags=0x0, pointerCount=1, historySize=0, eventTime=239033, downTime=238990, deviceId=0, source=0x1002 }
I/ActivityManager(  224): START {act=android.intent.action.MAIN cat=[android.intent.category.LAUNCHER] flg=0x10200000 cmp=com.test.www/.splash u=0} from pid 1038
W/WindowManager(  224): Failure taking screenshot for (246x410) to layer 21005
D/InputEventConsistencyVerifier(  664): KeyEvent: ACTION_UP but key was not down.
D/InputEventConsistencyVerifier(  664):   in com.android.internal.policy.impl.PhoneWindow$DecorView@b410eb08
D/InputEventConsistencyVerifier(  664):   0: sent at 240482000000, KeyEvent { action=ACTION_UP, keyCode=KEYCODE_DPAD_CENTER, scanCode=0, metaState=0, flags=0x8, repeatCount=0, eventTime=240482, downTime=240482, deviceId=-1, source=0x101 }
D/InputEventConsistencyVerifier(  664):   -- recent events --
D/InputEventConsistencyVerifier(  664):   1: sent at 240401000000, MotionEvent { action=ACTION_UP, id[0]=0, x[0]=368.0, y[0]=112.0, toolType[0]=TOOL_TYPE_UNKNOWN, buttonState=0, metaState=0, flags=0x0, edgeFlags=0x0, pointerCount=1, historySize=0, eventTime=240401, downTime=240339, deviceId=0, source=0x1002 }
D/InputEventConsistencyVerifier(  664):   2: sent at 240397000000, MotionEvent { action=ACTION_MOVE, id[0]=0, x[0]=369.0, y[0]=110.0, toolType[0]=TOOL_TYPE_UNKNOWN, buttonState=0, metaState=0, flags=0x0, edgeFlags=0x0, pointerCount=1, historySize=4, eventTime=240397, downTime=240339, deviceId=0, source=0x1002 }
D/InputEventConsistencyVerifier(  664):   3: sent at 240352000000, MotionEvent { action=ACTION_DOWN, id[0]=0, x[0]=372.0, y[0]=87.0, toolType[0]=TOOL_TYPE_UNKNOWN, buttonState=0, metaState=0, flags=0x0, edgeFlags=0x0, pointerCount=1, historySize=0, eventTime=240352, downTime=240339, deviceId=0, source=0x1002 }
D/InputEventConsistencyVerifier(  664):   4: sent at 240280000000, (unhandled) KeyEvent { action=ACTION_UP, keyCode=KEYCODE_SCROLL_LOCK, scanCode=0, metaState=0, flags=0x8, repeatCount=0, eventTime=240280, downTime=240280, deviceId=-1, source=0x101 }
D/InputEventConsistencyVerifier(  664):   5: sent at 240241000000, (unhandled) KeyEvent { action=ACTION_DOWN, keyCode=KEYCODE_SCROLL_LOCK, scanCode=0, metaState=0, flags=0x8, repeatCount=0, eventTime=240241, downTime=240241, deviceId=-1, source=0x101 }
I/Choreographer(  664): Skipped 99 frames!  The application may be doing too much work on its main thread.
I/ActivityManager(  224): Start proc com.test.www for activity com.test.www/.splash: pid=1346 uid=10050 gids={3003, 1015, 1028}
I/qtaguid (  224): Failed write_ctrl(s 1 10050) res=-1 errno=1
W/NetworkManagementSocketTagger(  224): setKernelCountSet(10050, 1) failed with errno -1
E/Trace   ( 1346): error opening trace file: No such file or directory (2)
I/Choreographer(  664): Skipped 137 frames!  The application may be doing too much work on its main thread.
W/DroidBox( 1346): DroidBox: { "DexClassLoader": { "path": "/data/app/com.test.www-1.apk" } }
W/InputMethodManagerService(  224): Starting input on non-focused client com.android.internal.view.IInputMethodClient$Stub$Proxy@b3de40d8 (uid=10019 pid=664)
D/InputEventConsistencyVerifier(  664): KeyEvent: ACTION_UP but key was not down.
D/InputEventConsistencyVerifier(  664):   in com.android.launcher2.Hotseat@b412a2a8
D/InputEventConsistencyVerifier(  664):   0: sent at 241064000000, KeyEvent { action=ACTION_UP, keyCode=KEYCODE_DPAD_LEFT, scanCode=0, metaState=0, flags=0x400, repeatCount=0, eventTime=241064, downTime=241064, deviceId=-1, source=0x101 }
D/InputEventConsistencyVerifier(  664):   -- recent events --
D/InputEventConsistencyVerifier(  664):   1: sent at 239829000000, (unhandled) KeyEvent { action=ACTION_DOWN, keyCode=KEYCODE_DPAD_UP, scanCode=0, metaState=0, flags=0x400, repeatCount=0, eventTime=239829, downTime=239829, deviceId=-1, source=0x101 }
D/InputEventConsistencyVerifier(  664):   2: sent at 239828000000, (unhandled) KeyEvent { action=ACTION_MULTIPLE, keyCode=KEYCODE_DPAD_UP, scanCode=0, metaState=0, flags=0x400, repeatCount=2, eventTime=239828, downTime=239828, deviceId=-1, source=0x101 }
D/InputEventConsistencyVerifier(  664):   3: sent at 239801000000, (unhandled) MotionEvent { action=ACTION_MOVE, id[0]=0, x[0]=3.0, y[0]=-5.0, toolType[0]=TOOL_TYPE_UNKNOWN, buttonState=0, metaState=0, flags=0x0, edgeFlags=0x0, pointerCount=1, historySize=2, eventTime=239801, downTime=-1, deviceId=0, source=0x10004 }
D/InputEventConsistencyVerifier(  664):   4: sent at 239596000000, (unhandled) KeyEvent { action=ACTION_UP, keyCode=KEYCODE_DPAD_LEFT, scanCode=0, metaState=0, flags=0x8, repeatCount=0, eventTime=239596, downTime=239596, deviceId=-1, source=0x101 }
D/InputEventConsistencyVerifier(  664):   5: sent at 239566000000, (unhandled) KeyEvent { action=ACTION_DOWN, keyCode=KEYCODE_DPAD_LEFT, scanCode=0, metaState=0, flags=0x8, repeatCount=0, eventTime=239566, downTime=239566, deviceId=-1, source=0x101 }
I/Choreographer(  664): Skipped 33 frames!  The application may be doing too much work on its main thread.
I/dalvikvm-heap( 1346): Grow heap (frag case) to 9.920MB for 1536016-byte allocation
I/dalvikvm-heap( 1346): Grow heap (frag case) to 10.569MB for 682256-byte allocation
V/PhoneStatusBar(  419): setLightsOn(true)
I/Choreographer( 1346): Skipped 44 frames!  The application may be doing too much work on its main thread.
D/gralloc_goldfish( 1346): Emulator without GPU emulation detected.
I/ActivityManager(  224): Displayed com.test.www/.splash: +2s297ms
I/ActivityManager(  224): START {cmp=com.test.www/.firstpage u=0} from pid 1346
W/ActivityManager(  224): Activity is launching as a new task, so cancelling activity result.
W/WindowManager(  224): Failure taking screenshot for (246x410) to layer 21010
I/Choreographer( 1346): Skipped 39 frames!  The application may be doing too much work on its main thread.
I/dalvikvm-heap( 1346): Grow heap (frag case) to 10.647MB for 1536016-byte allocation
I/dalvikvm-heap( 1346): Grow heap (frag case) to 11.296MB for 682256-byte allocation
E/WVMExtractor(   60): Failed to open libwvm.so
V/PhoneStatusBar(  419): setLightsOn(true)
E/WVMExtractor(   60): Failed to open libwvm.so
I/ActivityManager(  224): Displayed com.test.www/.firstpage: +1s77ms
I/Choreographer( 1346): Skipped 79 frames!  The application may be doing too much work on its main thread.
D/InputEventConsistencyVerifier( 1346): KeyEvent: ACTION_UP but key was not down.
D/InputEventConsistencyVerifier( 1346):   in com.android.internal.policy.impl.PhoneWindow$DecorView@b3de3858
D/InputEventConsistencyVerifier( 1346):   0: sent at 244439000000, KeyEvent { action=ACTION_UP, keyCode=KEYCODE_DPAD_DOWN, scanCode=0, metaState=0, flags=0x400, repeatCount=0, eventTime=244439, downTime=244439, deviceId=-1, source=0x101 }
D/InputEventConsistencyVerifier( 1346):   -- recent events --
D/InputEventConsistencyVerifier( 1346):   1: sent at 243693000000, (unhandled) MotionEvent { action=ACTION_MOVE, id[0]=0, x[0]=2.0, y[0]=3.0, toolType[0]=TOOL_TYPE_UNKNOWN, buttonState=0, metaState=0, flags=0x0, edgeFlags=0x0, pointerCount=1, historySize=0, eventTime=243693, downTime=-1, deviceId=0, source=0x10004 }
D/InputEventConsistencyVerifier( 1346): KeyEvent: ACTION_UP but key was not down.
D/InputEventConsistencyVerifier( 1346):   in android.widget.ImageButton@b3e00018
D/InputEventConsistencyVerifier( 1346):   0: sent at 244440000000, KeyEvent { action=ACTION_UP, keyCode=KEYCODE_DPAD_DOWN, scanCode=0, metaState=0, flags=0x400, repeatCount=0, eventTime=244440, downTime=244440, deviceId=-1, source=0x101 }
D/InputEventConsistencyVerifier( 1346): KeyEvent: ACTION_UP but key was not down.
D/InputEventConsistencyVerifier( 1346):   in android.widget.ImageButton@b3e00370
D/InputEventConsistencyVerifier( 1346):   0: sent at 244441000000, KeyEvent { action=ACTION_UP, keyCode=KEYCODE_DPAD_DOWN, scanCode=0, metaState=0, flags=0x400, repeatCount=0, eventTime=244441, downTime=244441, deviceId=-1, source=0x101 }
W/dalvikvm(  224): DroidBox: { "FdAccess": { "path": "2f70726f632f313334362f636d646c696e65", "id": "1912934199" } }
W/DroidBox(  224): DroidBox: { "FileRW": { "operation": "read", "data": "636f6d2e746573742e7777770000000000000000000000000000000000000000000000000000000000000000000000000000000000000000000000000000000000000000000000000000000033323131336231353661393633323930643931372e61706b", "id": "1912934199" } }
I/qtaguid (  224): Failed write_ctrl(s 0 10019) res=-1 errno=1
W/NetworkManagementSocketTagger(  224): setKernelCountSet(10019, 0) failed with errno -1
D/InputEventConsistencyVerifier( 1346): KeyEvent: ACTION_UP but key was not down.
D/InputEventConsistencyVerifier( 1346):   in android.widget.ImageButton@b3e00960
D/InputEventConsistencyVerifier( 1346):   0: sent at 245598000000, KeyEvent { action=ACTION_UP, keyCode=KEYCODE_DPAD_DOWN, scanCode=0, metaState=0, flags=0x400, repeatCount=0, eventTime=245598, downTime=245598, deviceId=-1, source=0x101 }
D/InputEventConsistencyVerifier( 1346): KeyEvent: ACTION_UP but key was not down.
D/InputEventConsistencyVerifier( 1346):   in android.widget.ImageButton@b3e00cb8
D/InputEventConsistencyVerifier( 1346):   0: sent at 245599000000, KeyEvent { action=ACTION_UP, keyCode=KEYCODE_DPAD_DOWN, scanCode=0, metaState=0, flags=0x400, repeatCount=0, eventTime=245599, downTime=245599, deviceId=-1, source=0x101 }
I/Choreographer( 1346): Skipped 88 frames!  The application may be doing too much work on its main thread.
I/Choreographer( 1346): Skipped 110 frames!  The application may be doing too much work on its main thread.
D/InputEventConsistencyVerifier( 1346): KeyEvent: ACTION_UP but key was not down.
D/InputEventConsistencyVerifier( 1346):   in com.android.internal.policy.impl.PhoneWindow$DecorView@b4132cf0
D/InputEventConsistencyVerifier( 1346):   0: sent at 247348000000, KeyEvent { action=ACTION_UP, keyCode=KEYCODE_DPAD_LEFT, scanCode=0, metaState=0, flags=0x400, repeatCount=0, eventTime=247348, downTime=247348, deviceId=-1, source=0x101 }
D/InputEventConsistencyVerifier( 1346):   -- recent events --
D/InputEventConsistencyVerifier( 1346):   1: sent at 246892000000, (unhandled) MotionEvent { action=ACTION_MOVE, id[0]=0, x[0]=-4.0, y[0]=-2.0, toolType[0]=TOOL_TYPE_UNKNOWN, buttonState=0, metaState=0, flags=0x0, edgeFlags=0x0, pointerCount=1, historySize=9, eventTime=246892, downTime=-1, deviceId=0, source=0x10004 }
