I/Choreographer( 1041): Skipped 51 frames!  The application may be doing too much work on its main thread.
W/dalvikvm(  418): DroidBox: { "FdAccess": { "path": "2f70726f632f6d656d696e666f", "id": "636785574" } }
W/DroidBox(  418): DroidBox: { "FileRW": { "operation": "read", "data": "4d656d546f74616c3a202020202020202020373438393634206b420a4d656d467265653a20202020202020202020343531323132206b420a427566666572733a20202020202020202020202035333638206b420a4361636865643a202020202020202020", "id": "636785574" } }
W/dalvikvm(  418): DroidBox: { "FdAccess": { "path": "2f70726f632f6d656d696e666f", "id": "1927349374" } }
W/DroidBox(  418): DroidBox: { "FileRW": { "operation": "read", "data": "4d656d546f74616c3a202020202020202020373438393634206b420a4d656d467265653a20202020202020202020343439373234206b420a427566666572733a20202020202020202020202035333638206b420a4361636865643a202020202020202020", "id": "1927349374" } }
I/Choreographer(  418): Skipped 55 frames!  The application may be doing too much work on its main thread.
V/PhoneStatusBar(  418): setLightsOn(true)
I/Choreographer(  418): Skipped 62 frames!  The application may be doing too much work on its main thread.
D/PhoneStatusBar(  418): disable: < expand icons alerts TICKER* system_info back home recent clock >
D/InputEventConsistencyVerifier(  418): KeyEvent: ACTION_UP but key was not down.
D/InputEventConsistencyVerifier(  418):   in android.widget.FrameLayout@b3e36e98
D/InputEventConsistencyVerifier(  418):   0: sent at 131603000000, KeyEvent { action=ACTION_UP, keyCode=KEYCODE_DPAD_DOWN, scanCode=0, metaState=0, flags=0x8, repeatCount=0, eventTime=131603, downTime=131603, deviceId=-1, source=0x101 }
W/dalvikvm(  418): DroidBox: { "FdAccess": { "path": "2f70726f632f6d656d696e666f", "id": "19163142" } }
W/DroidBox(  418): DroidBox: { "FileRW": { "operation": "read", "data": "4d656d546f74616c3a202020202020202020373438393634206b420a4d656d467265653a20202020202020202020343438313034206b420a427566666572733a20202020202020202020202035333638206b420a4361636865643a202020202020202020", "id": "19163142" } }
I/Choreographer( 1041): Skipped 38 frames!  The application may be doing too much work on its main thread.
E/WVMExtractor(   62): Failed to open libwvm.so
I/Choreographer(  418): Skipped 30 frames!  The application may be doing too much work on its main thread.
W/dalvikvm(  418): DroidBox: { "FdAccess": { "path": "2f70726f632f6d656d696e666f", "id": "726051755" } }
W/DroidBox(  418): DroidBox: { "FileRW": { "operation": "read", "data": "4d656d546f74616c3a202020202020202020373438393634206b420a4d656d467265653a20202020202020202020343436353030206b420a427566666572733a20202020202020202020202035333638206b420a4361636865643a202020202020202020", "id": "726051755" } }
W/dalvikvm(  418): DroidBox: { "FdAccess": { "path": "2f70726f632f6d656d696e666f", "id": "920480434" } }
W/DroidBox(  418): DroidBox: { "FileRW": { "operation": "read", "data": "4d656d546f74616c3a202020202020202020373438393634206b420a4d656d467265653a20202020202020202020343436323532206b420a427566666572733a20202020202020202020202035333834206b420a4361636865643a202020202020202020", "id": "920480434" } }
D/InputEventConsistencyVerifier(  418): TouchEvent: ACTION_DOWN but pointers are already down.  Probably missing ACTION_UP from previous gesture.
D/InputEventConsistencyVerifier(  418):   in android.view.ScaleGestureDetector@b3eb6bc8
D/InputEventConsistencyVerifier(  418):   0: sent at 132428000000, MotionEvent { action=ACTION_DOWN, id[0]=0, x[0]=252.0, y[0]=407.0, toolType[0]=TOOL_TYPE_UNKNOWN, buttonState=0, metaState=0, flags=0x0, edgeFlags=0x0, pointerCount=1, historySize=0, eventTime=132428, downTime=132428, deviceId=0, source=0x1002 }
D/InputEventConsistencyVerifier(  418):   -- recent events --
D/InputEventConsistencyVerifier(  418):   1: sent at 131405000000, MotionEvent { action=ACTION_DOWN, id[0]=0, x[0]=365.0, y[0]=455.0, toolType[0]=TOOL_TYPE_UNKNOWN, buttonState=0, metaState=0, flags=0x0, edgeFlags=0x0, pointerCount=1, historySize=0, eventTime=131405, downTime=131405, deviceId=0, source=0x1002 }
D/InputEventConsistencyVerifier(  418):   2: sent at 131293000000, MotionEvent { action=ACTION_UP, id[0]=0, x[0]=480.0, y[0]=74.0, toolType[0]=TOOL_TYPE_UNKNOWN, buttonState=0, metaState=0, flags=0x0, edgeFlags=0x0, pointerCount=1, historySize=0, eventTime=131293, downTime=130983, deviceId=0, source=0x1002 }
D/InputEventConsistencyVerifier(  418):   3: sent at 131291000000, MotionEvent { action=ACTION_MOVE, id[0]=0, x[0]=480.0, y[0]=67.0, toolType[0]=TOOL_TYPE_UNKNOWN, buttonState=0, metaState=0, flags=0x0, edgeFlags=0x0, pointerCount=1, historySize=1, eventTime=131291, downTime=130983, deviceId=0, source=0x1002 }
D/InputEventConsistencyVerifier(  418):   4: sent at 131208500000, MotionEvent { action=ACTION_MOVE, id[0]=0, x[0]=480.0, y[0]=44.5, toolType[0]=TOOL_TYPE_UNKNOWN, buttonState=0, metaState=0, flags=0x0, edgeFlags=0x0, pointerCount=1, historySize=4, eventTime=131208, downTime=130983, deviceId=0, source=0x1002 }
D/InputEventConsistencyVerifier(  418):   5: sent at 130985000000, MotionEvent { action=ACTION_DOWN, id[0]=0, x[0]=452.0, y[0]=11.0, toolType[0]=TOOL_TYPE_UNKNOWN, buttonState=0, metaState=0, flags=0x0, edgeFlags=0x0, pointerCount=1, historySize=0, eventTime=130985, downTime=130983, deviceId=0, source=0x1002 }
I/Choreographer(  418): Skipped 32 frames!  The application may be doing too much work on its main thread.
I/Choreographer( 1041): Skipped 91 frames!  The application may be doing too much work on its main thread.
D/InputEventConsistencyVerifier(  418): KeyEvent: ACTION_UP but key was not down.
D/InputEventConsistencyVerifier(  418):   in com.android.systemui.statusbar.phone.StatusBarWindowView@b3e17348
D/InputEventConsistencyVerifier(  418):   0: sent at 132590000000, KeyEvent { action=ACTION_UP, keyCode=KEYCODE_DPAD_UP, scanCode=0, metaState=0, flags=0x8, repeatCount=0, eventTime=132590, downTime=132590, deviceId=-1, source=0x101 }
D/InputEventConsistencyVerifier(  418):   -- recent events --
D/InputEventConsistencyVerifier(  418):   1: sent at 132516000000, (unhandled) KeyEvent { action=ACTION_UP, keyCode=KEYCODE_CAMERA, scanCode=0, metaState=0, flags=0x8, repeatCount=0, eventTime=132516, downTime=132516, deviceId=-1, source=0x101 }
D/InputEventConsistencyVerifier(  418):   2: sent at 132487000000, (unhandled) KeyEvent { action=ACTION_DOWN, keyCode=KEYCODE_CAMERA, scanCode=0, metaState=0, flags=0x8, repeatCount=0, eventTime=132487, downTime=132487, deviceId=-1, source=0x101 }
D/InputEventConsistencyVerifier(  418):   3: sent at 132448000000, MotionEvent { action=ACTION_UP, id[0]=0, x[0]=249.0, y[0]=401.0, toolType[0]=TOOL_TYPE_UNKNOWN, buttonState=0, metaState=0, flags=0x0, edgeFlags=0x0, pointerCount=1, historySize=0, eventTime=132448, downTime=132428, deviceId=0, source=0x1002 }
D/InputEventConsistencyVerifier(  418):   4: sent at 132428000000, MotionEvent { action=ACTION_DOWN, id[0]=0, x[0]=252.0, y[0]=407.0, toolType[0]=TOOL_TYPE_UNKNOWN, buttonState=0, metaState=0, flags=0x0, edgeFlags=0x0, pointerCount=1, historySize=0, eventTime=132428, downTime=132428, deviceId=0, source=0x1002 }
D/InputEventConsistencyVerifier(  418):   5: sent at 132341000000, (unhandled) KeyEvent { action=ACTION_UP, keyCode=KEYCODE_DPAD_LEFT, scanCode=0, metaState=0, flags=0x8, repeatCount=0, eventTime=132341, downTime=132341, deviceId=-1, source=0x101 }
D/InputEventConsistencyVerifier(  418): KeyEvent: ACTION_UP but key was not down.
D/InputEventConsistencyVerifier(  418):   in com.android.systemui.statusbar.phone.StatusBarWindowView@b3e17348
D/InputEventConsistencyVerifier(  418):   0: sent at 133106000000, KeyEvent { action=ACTION_UP, keyCode=KEYCODE_DPAD_LEFT, scanCode=0, metaState=0, flags=0x400, repeatCount=0, eventTime=133106, downTime=133106, deviceId=-1, source=0x101 }
D/InputEventConsistencyVerifier(  418):   -- recent events --
D/InputEventConsistencyVerifier(  418):   1: sent at 132956000000, (unhandled) MotionEvent { action=ACTION_MOVE, id[0]=0, x[0]=-2.0, y[0]=0.0, toolType[0]=TOOL_TYPE_UNKNOWN, buttonState=0, metaState=0, flags=0x0, edgeFlags=0x0, pointerCount=1, historySize=9, eventTime=132956, downTime=-1, deviceId=0, source=0x10004 }
D/InputEventConsistencyVerifier(  418):   2: sent at 132783000000, MotionEvent { action=ACTION_UP, id[0]=0, x[0]=140.0, y[0]=726.0, toolType[0]=TOOL_TYPE_UNKNOWN, buttonState=0, metaState=0, flags=0x0, edgeFlags=0x0, pointerCount=1, historySize=0, eventTime=132783, downTime=132741, deviceId=0, source=0x1002 }
D/InputEventConsistencyVerifier(  418):   3: sent at 132762000000, MotionEvent { action=ACTION_MOVE, id[0]=0, x[0]=147.0, y[0]=715.0, toolType[0]=TOOL_TYPE_UNKNOWN, buttonState=0, metaState=0, flags=0x0, edgeFlags=0x0, pointerCount=1, historySize=1, eventTime=132762, downTime=132741, deviceId=0, source=0x1002 }
D/InputEventConsistencyVerifier(  418):   4: sent at 132751000000, MotionEvent { action=ACTION_DOWN, id[0]=0, x[0]=162.0, y[0]=700.0, toolType[0]=TOOL_TYPE_UNKNOWN, buttonState=0, metaState=0, flags=0x0, edgeFlags=0x0, pointerCount=1, historySize=0, eventTime=132751, downTime=132741, deviceId=0, source=0x1002 }
D/InputEventConsistencyVerifier(  418):   5: sent at 132735000000, (unhandled) KeyEvent { action=ACTION_UP, keyCode=KEYCODE_DPAD_CENTER, scanCode=0, metaState=0, flags=0x8, repeatCount=0, eventTime=132735, downTime=132735, deviceId=-1, source=0x101 }
I/Choreographer( 1041): Skipped 44 frames!  The application may be doing too much work on its main thread.
D/InputEventConsistencyVerifier(  418): TouchEvent: ACTION_DOWN but pointers are already down.  Probably missing ACTION_UP from previous gesture.
D/InputEventConsistencyVerifier(  418):   in android.view.ScaleGestureDetector@b3eb6bc8
D/InputEventConsistencyVerifier(  418):   0: sent at 133216000000, MotionEvent { action=ACTION_DOWN, id[0]=0, x[0]=316.0, y[0]=446.0, toolType[0]=TOOL_TYPE_UNKNOWN, buttonState=0, metaState=0, flags=0x0, edgeFlags=0x0, pointerCount=1, historySize=0, eventTime=133216, downTime=133215, deviceId=0, source=0x1002 }
D/InputEventConsistencyVerifier(  418):   -- recent events --
D/InputEventConsistencyVerifier(  418):   1: sent at 132762000000, MotionEvent { action=ACTION_MOVE, id[0]=0, x[0]=147.0, y[0]=715.0, toolType[0]=TOOL_TYPE_UNKNOWN, buttonState=0, metaState=0, flags=0x0, edgeFlags=0x0, pointerCount=1, historySize=1, eventTime=132762, downTime=132741, deviceId=0, source=0x1002 }
D/InputEventConsistencyVerifier(  418):   2: sent at 132751000000, MotionEvent { action=ACTION_DOWN, id[0]=0, x[0]=162.0, y[0]=700.0, toolType[0]=TOOL_TYPE_UNKNOWN, buttonState=0, metaState=0, flags=0x0, edgeFlags=0x0, pointerCount=1, historySize=0, eventTime=132751, downTime=132741, deviceId=0, source=0x1002 }
D/InputEventConsistencyVerifier(  418):   3: sent at 132448000000, MotionEvent { action=ACTION_UP, id[0]=0, x[0]=249.0, y[0]=401.0, toolType[0]=TOOL_TYPE_UNKNOWN, buttonState=0, metaState=0, flags=0x0, edgeFlags=0x0, pointerCount=1, historySize=0, eventTime=132448, downTime=132428, deviceId=0, source=0x1002 }
D/InputEventConsistencyVerifier(  418):   4: sent at 132428000000, MotionEvent { action=ACTION_DOWN, id[0]=0, x[0]=252.0, y[0]=407.0, toolType[0]=TOOL_TYPE_UNKNOWN, buttonState=0, metaState=0, flags=0x80000000, edgeFlags=0x0, pointerCount=1, historySize=0, eventTime=132428, downTime=132428, deviceId=0, source=0x1002 }
D/InputEventConsistencyVerifier(  418):   5: sent at 131405000000, MotionEvent { action=ACTION_DOWN, id[0]=0, x[0]=365.0, y[0]=455.0, toolType[0]=TOOL_TYPE_UNKNOWN, buttonState=0, metaState=0, flags=0x0, edgeFlags=0x0, pointerCount=1, historySize=0, eventTime=131405, downTime=131405, deviceId=0, source=0x1002 }
I/Choreographer(  418): Skipped 96 frames!  The application may be doing too much work on its main thread.
D/InputEventConsistencyVerifier(  418): KeyEvent: ACTION_UP but key was not down.
D/InputEventConsistencyVerifier(  418):   in com.android.systemui.statusbar.phone.StatusBarWindowView@b3e17348
D/InputEventConsistencyVerifier(  418):   0: sent at 133478000000, KeyEvent { action=ACTION_UP, keyCode=KEYCODE_DPAD_UP, scanCode=0, metaState=0, flags=0x400, repeatCount=0, eventTime=133478, downTime=133478, deviceId=-1, source=0x101 }
D/InputEventConsistencyVerifier(  418):   -- recent events --
D/InputEventConsistencyVerifier(  418):   1: sent at 133368000000, (unhandled) MotionEvent { action=ACTION_MOVE, id[0]=0, x[0]=1.0, y[0]=-2.0, toolType[0]=TOOL_TYPE_UNKNOWN, buttonState=0, metaState=0, flags=0x0, edgeFlags=0x0, pointerCount=1, historySize=9, eventTime=133368, downTime=-1, deviceId=0, source=0x10004 }
D/InputEventConsistencyVerifier(  418):   2: sent at 133439000000, MotionEvent { action=ACTION_DOWN, id[0]=0, x[0]=262.0, y[0]=294.0, toolType[0]=TOOL_TYPE_UNKNOWN, buttonState=0, metaState=0, flags=0x0, edgeFlags=0x0, pointerCount=1, historySize=0, eventTime=133439, downTime=133439, deviceId=0, source=0x1002 }
D/InputEventConsistencyVerifier(  418):   3: sent at 133254000000, MotionEvent { action=ACTION_UP, id[0]=0, x[0]=102.0, y[0]=290.0, toolType[0]=TOOL_TYPE_UNKNOWN, buttonState=0, metaState=0, flags=0x0, edgeFlags=0x0, pointerCount=1, historySize=0, eventTime=133254, downTime=133237, deviceId=0, source=0x1002 }
D/InputEventConsistencyVerifier(  418):   4: sent at 133238000000, MotionEvent { action=ACTION_DOWN, id[0]=0, x[0]=94.0, y[0]=290.0, toolType[0]=TOOL_TYPE_UNKNOWN, buttonState=0, metaState=0, flags=0x0, edgeFlags=0x0, pointerCount=1, historySize=0, eventTime=133238, downTime=133237, deviceId=0, source=0x1002 }
D/InputEventConsistencyVerifier(  418):   5: sent at 133221000000, MotionEvent { action=ACTION_UP, id[0]=0, x[0]=330.0, y[0]=445.0, toolType[0]=TOOL_TYPE_UNKNOWN, buttonState=0, metaState=0, flags=0x0, edgeFlags=0x0, pointerCount=1, historySize=0, eventTime=133221, downTime=133215, deviceId=0, source=0x1002 }
I/Choreographer( 1041): Skipped 31 frames!  The application may be doing too much work on its main thread.
I/ActivityManager(  226): START {act=android.intent.action.MAIN cat=[android.intent.category.LAUNCHER] flg=0x10200000 cmp=com.alan.weather/.WeatherForecast u=0} from pid 1023
D/InputEventConsistencyVerifier(  418): KeyEvent: ACTION_UP but key was not down.
D/InputEventConsistencyVerifier(  418):   in android.widget.FrameLayout@b3e36e98
D/InputEventConsistencyVerifier(  418):   0: sent at 133577000000, KeyEvent { action=ACTION_UP, keyCode=KEYCODE_DPAD_DOWN, scanCode=0, metaState=0, flags=0x8, repeatCount=0, eventTime=133577, downTime=133577, deviceId=-1, source=0x101 }
D/InputEventConsistencyVerifier(  418):   -- recent events --
D/InputEventConsistencyVerifier(  418):   1: sent at 133450000000, MotionEvent { action=ACTION_UP, id[0]=0, x[0]=259.0, y[0]=292.0, toolType[0]=TOOL_TYPE_UNKNOWN, buttonState=0, metaState=0, flags=0x0, edgeFlags=0x0, pointerCount=1, historySize=0, eventTime=133450, downTime=133439, deviceId=0, source=0x1002 }
D/InputEventConsistencyVerifier(  418):   2: sent at 133439000000, MotionEvent { action=ACTION_DOWN, id[0]=0, x[0]=262.0, y[0]=294.0, toolType[0]=TOOL_TYPE_UNKNOWN, buttonState=0, metaState=0, flags=0x0, edgeFlags=0x0, pointerCount=1, historySize=0, eventTime=133439, downTime=133439, deviceId=0, source=0x1002 }
D/InputEventConsistencyVerifier(  418):   3: sent at 133254000000, MotionEvent { action=ACTION_UP, id[0]=0, x[0]=102.0, y[0]=290.0, toolType[0]=TOOL_TYPE_UNKNOWN, buttonState=0, metaState=0, flags=0x0, edgeFlags=0x0, pointerCount=1, historySize=0, eventTime=133254, downTime=133237, deviceId=0, source=0x1002 }
D/InputEventConsistencyVerifier(  418):   4: sent at 133238000000, MotionEvent { action=ACTION_DOWN, id[0]=0, x[0]=94.0, y[0]=290.0, toolType[0]=TOOL_TYPE_UNKNOWN, buttonState=0, metaState=0, flags=0x0, edgeFlags=0x0, pointerCount=1, historySize=0, eventTime=133238, downTime=133237, deviceId=0, source=0x1002 }
D/InputEventConsistencyVerifier(  418):   5: sent at 133221000000, MotionEvent { action=ACTION_UP, id[0]=0, x[0]=330.0, y[0]=445.0, toolType[0]=TOOL_TYPE_UNKNOWN, buttonState=0, metaState=0, flags=0x0, edgeFlags=0x0, pointerCount=1, historySize=0, eventTime=133221, downTime=133215, deviceId=0, source=0x1002 }
I/Choreographer( 1041): Skipped 42 frames!  The application may be doing too much work on its main thread.
D/InputEventConsistencyVerifier(  418): TouchEvent: ACTION_DOWN but pointers are already down.  Probably missing ACTION_UP from previous gesture.
D/InputEventConsistencyVerifier(  418):   in android.view.ScaleGestureDetector@b3eb6bc8
D/InputEventConsistencyVerifier(  418):   0: sent at 133662000000, MotionEvent { action=ACTION_DOWN, id[0]=0, x[0]=44.0, y[0]=625.0, toolType[0]=TOOL_TYPE_UNKNOWN, buttonState=0, metaState=0, flags=0x0, edgeFlags=0x0, pointerCount=1, historySize=0, eventTime=133662, downTime=133661, deviceId=0, source=0x1002 }
D/InputEventConsistencyVerifier(  418):   -- recent events --
D/InputEventConsistencyVerifier(  418):   1: sent at 133653000000, MotionEvent { action=ACTION_MOVE, id[0]=0, x[0]=184.0, y[0]=566.0, toolType[0]=TOOL_TYPE_UNKNOWN, buttonState=0, metaState=0, flags=0x0, edgeFlags=0x0, pointerCount=1, historySize=3, eventTime=133653, downTime=133612, deviceId=0, source=0x1002 }
D/InputEventConsistencyVerifier(  418):   2: sent at 133614000000, MotionEvent { action=ACTION_DOWN, id[0]=0, x[0]=188.0, y[0]=602.0, toolType[0]=TOOL_TYPE_UNKNOWN, buttonState=0, metaState=0, flags=0x0, edgeFlags=0x0, pointerCount=1, historySize=0, eventTime=133614, downTime=133612, deviceId=0, source=0x1002 }
D/InputEventConsistencyVerifier(  418):   3: sent at 133450000000, MotionEvent { action=ACTION_UP, id[0]=0, x[0]=259.0, y[0]=292.0, toolType[0]=TOOL_TYPE_UNKNOWN, buttonState=0, metaState=0, flags=0x0, edgeFlags=0x0, pointerCount=1, historySize=0, eventTime=133450, downTime=133439, deviceId=0, source=0x1002 }
D/InputEventConsistencyVerifier(  418):   4: sent at 133439000000, MotionEvent { action=ACTION_DOWN, id[0]=0, x[0]=262.0, y[0]=294.0, toolType[0]=TOOL_TYPE_UNKNOWN, buttonState=0, metaState=0, flags=0x0, edgeFlags=0x0, pointerCount=1, historySize=0, eventTime=133439, downTime=133439, deviceId=0, source=0x1002 }
D/InputEventConsistencyVerifier(  418):   5: sent at 133254000000, MotionEvent { action=ACTION_UP, id[0]=0, x[0]=102.0, y[0]=290.0, toolType[0]=TOOL_TYPE_UNKNOWN, buttonState=0, metaState=0, flags=0x0, edgeFlags=0x0, pointerCount=1, historySize=0, eventTime=133254, downTime=133237, deviceId=0, source=0x1002 }
I/Choreographer(  418): Skipped 34 frames!  The application may be doing too much work on its main thread.
D/InputEventConsistencyVerifier(  418): TouchEvent: ACTION_DOWN but pointers are already down.  Probably missing ACTION_UP from previous gesture.
D/InputEventConsistencyVerifier(  418):   in android.view.ScaleGestureDetector@b3eb6bc8
D/InputEventConsistencyVerifier(  418):   0: sent at 134057000000, MotionEvent { action=ACTION_DOWN, id[0]=0, x[0]=77.0, y[0]=176.0, toolType[0]=TOOL_TYPE_UNKNOWN, buttonState=0, metaState=0, flags=0x0, edgeFlags=0x0, pointerCount=1, historySize=0, eventTime=134057, downTime=134029, deviceId=0, source=0x1002 }
D/InputEventConsistencyVerifier(  418):   -- recent events --
D/InputEventConsistencyVerifier(  418):   1: sent at 134008000000, MotionEvent { action=ACTION_MOVE, id[0]=0, x[0]=386.0, y[0]=422.0, toolType[0]=TOOL_TYPE_UNKNOWN, buttonState=0, metaState=0, flags=0x0, edgeFlags=0x0, pointerCount=1, historySize=3, eventTime=134008, downTime=133888, deviceId=0, source=0x1002 }
D/InputEventConsistencyVerifier(  418):   2: sent at 133890000000, MotionEvent { action=ACTION_DOWN, id[0]=0, x[0]=425.0, y[0]=464.0, toolType[0]=TOOL_TYPE_UNKNOWN, buttonState=0, metaState=0, flags=0x0, edgeFlags=0x0, pointerCount=1, historySize=0, eventTime=133890, downTime=133888, deviceId=0, source=0x1002 }
D/InputEventConsistencyVerifier(  418):   3: sent at 133861000000, MotionEvent { action=ACTION_UP, id[0]=0, x[0]=41.0, y[0]=696.0, toolType[0]=TOOL_TYPE_UNKNOWN, buttonState=0, metaState=0, flags=0x0, edgeFlags=0x0, pointerCount=1, historySize=0, eventTime=133861, downTime=133856, deviceId=0, source=0x1002 }
D/InputEventConsistencyVerifier(  418):   4: sent at 133856000000, MotionEvent { action=ACTION_DOWN, id[0]=0, x[0]=42.0, y[0]=693.0, toolType[0]=TOOL_TYPE_UNKNOWN, buttonState=0, metaState=0, flags=0x0, edgeFlags=0x0, pointerCount=1, historySize=0, eventTime=133856, downTime=133856, deviceId=0, source=0x1002 }
D/InputEventConsistencyVerifier(  418):   5: sent at 133666000000, MotionEvent { action=ACTION_UP, id[0]=0, x[0]=47.0, y[0]=601.0, toolType[0]=TOOL_TYPE_UNKNOWN, buttonState=0, metaState=0, flags=0x0, edgeFlags=0x0, pointerCount=1, historySize=0, eventTime=133666, downTime=133661, deviceId=0, source=0x1002 }
D/InputEventConsistencyVerifier(  418): KeyEvent: ACTION_UP but key was not down.
D/InputEventConsistencyVerifier(  418):   in com.android.systemui.statusbar.phone.StatusBarWindowView@b3e17348
D/InputEventConsistencyVerifier(  418):   0: sent at 134172000000, KeyEvent { action=ACTION_UP, keyCode=KEYCODE_DPAD_DOWN, scanCode=0, metaState=0, flags=0x8, repeatCount=0, eventTime=134172, downTime=134172, deviceId=-1, source=0x101 }
D/InputEventConsistencyVerifier(  418):   -- recent events --
D/InputEventConsistencyVerifier(  418):   1: sent at 134080000000, MotionEvent { action=ACTION_UP, id[0]=0, x[0]=90.0, y[0]=143.0, toolType[0]=TOOL_TYPE_UNKNOWN, buttonState=0, metaState=0, flags=0x0, edgeFlags=0x0, pointerCount=1, historySize=0, eventTime=134080, downTime=134029, deviceId=0, source=0x1002 }
D/InputEventConsistencyVerifier(  418):   2: sent at 134074000000, MotionEvent { action=ACTION_POINTER_UP(1), id[0]=0, x[0]=86.0, y[0]=143.0, toolType[0]=TOOL_TYPE_UNKNOWN, id[1]=1, x[1]=373.0, y[1]=451.0, toolType[1]=TOOL_TYPE_UNKNOWN, buttonState=0, metaState=0, flags=0x0, edgeFlags=0x0, pointerCount=2, historySize=0, eventTime=134074, downTime=134029, deviceId=0, source=0x1002 }
D/InputEventConsistencyVerifier(  418):   3: sent at 134072000000, MotionEvent { action=ACTION_MOVE, id[0]=0, x[0]=80.0, y[0]=159.0, toolType[0]=TOOL_TYPE_UNKNOWN, id[1]=1, x[1]=380.0, y[1]=458.0, toolType[1]=TOOL_TYPE_UNKNOWN, buttonState=0, metaState=0, flags=0x0, edgeFlags=0x0, pointerCount=2, historySize=0, eventTime=134072, downTime=134029, deviceId=0, source=0x1002 }
D/InputEventConsistencyVerifier(  418):   4: sent at 134066000000, MotionEvent { action=ACTION_POINTER_DOWN(1), id[0]=0, x[0]=79.0, y[0]=171.0, toolType[0]=TOOL_TYPE_UNKNOWN, id[1]=1, x[1]=391.0, y[1]=472.0, toolType[1]=TOOL_TYPE_UNKNOWN, buttonState=0, metaState=0, flags=0x0, edgeFlags=0x0, pointerCount=2, historySize=0, eventTime=134066, downTime=134029, deviceId=0, source=0x1002 }
D/InputEventConsistencyVerifier(  418):   5: sent at 134057000000, MotionEvent { action=ACTION_DOWN, id[0]=0, x[0]=77.0, y[0]=176.0, toolType[0]=TOOL_TYPE_UNKNOWN, buttonState=0, metaState=0, flags=0x0, edgeFlags=0x0, pointerCount=1, historySize=0, eventTime=134057, downTime=134029, deviceId=0, source=0x1002 }
D/InputEventConsistencyVerifier(  418): KeyEvent: ACTION_UP but key was not down.
D/InputEventConsistencyVerifier(  418):   in android.widget.FrameLayout@b3e36e98
D/InputEventConsistencyVerifier(  418):   0: sent at 134309000000, KeyEvent { action=ACTION_UP, keyCode=KEYCODE_DPAD_DOWN, scanCode=0, metaState=0, flags=0x400, repeatCount=0, eventTime=134309, downTime=134309, deviceId=-1, source=0x101 }
D/InputEventConsistencyVerifier(  418):   -- recent events --
D/InputEventConsistencyVerifier(  418):   1: sent at 134080000000, MotionEvent { action=ACTION_UP, id[0]=0, x[0]=90.0, y[0]=143.0, toolType[0]=TOOL_TYPE_UNKNOWN, buttonState=0, metaState=0, flags=0x0, edgeFlags=0x0, pointerCount=1, historySize=0, eventTime=134080, downTime=134029, deviceId=0, source=0x1002 }
D/InputEventConsistencyVerifier(  418):   2: sent at 134074000000, MotionEvent { action=ACTION_POINTER_UP(1), id[0]=0, x[0]=86.0, y[0]=143.0, toolType[0]=TOOL_TYPE_UNKNOWN, id[1]=1, x[1]=373.0, y[1]=451.0, toolType[1]=TOOL_TYPE_UNKNOWN, buttonState=0, metaState=0, flags=0x0, edgeFlags=0x0, pointerCount=2, historySize=0, eventTime=134074, downTime=134029, deviceId=0, source=0x1002 }
D/InputEventConsistencyVerifier(  418):   3: sent at 134072000000, MotionEvent { action=ACTION_MOVE, id[0]=0, x[0]=80.0, y[0]=159.0, toolType[0]=TOOL_TYPE_UNKNOWN, id[1]=1, x[1]=380.0, y[1]=458.0, toolType[1]=TOOL_TYPE_UNKNOWN, buttonState=0, metaState=0, flags=0x0, edgeFlags=0x0, pointerCount=2, historySize=0, eventTime=134072, downTime=134029, deviceId=0, source=0x1002 }
D/InputEventConsistencyVerifier(  418):   4: sent at 134066000000, MotionEvent { action=ACTION_POINTER_DOWN(1), id[0]=0, x[0]=79.0, y[0]=171.0, toolType[0]=TOOL_TYPE_UNKNOWN, id[1]=1, x[1]=391.0, y[1]=472.0, toolType[1]=TOOL_TYPE_UNKNOWN, buttonState=0, metaState=0, flags=0x0, edgeFlags=0x0, pointerCount=2, historySize=0, eventTime=134066, downTime=134029, deviceId=0, source=0x1002 }
D/InputEventConsistencyVerifier(  418):   5: sent at 134057000000, MotionEvent { action=ACTION_DOWN, id[0]=0, x[0]=77.0, y[0]=176.0, toolType[0]=TOOL_TYPE_UNKNOWN, buttonState=0, metaState=0, flags=0x80000000, edgeFlags=0x0, pointerCount=1, historySize=0, eventTime=134057, downTime=134029, deviceId=0, source=0x1002 }
I/Choreographer(  418): Skipped 68 frames!  The application may be doing too much work on its main thread.
D/InputEventConsistencyVerifier(  418): TouchEvent: ACTION_DOWN but pointers are already down.  Probably missing ACTION_UP from previous gesture.
D/InputEventConsistencyVerifier(  418):   in android.view.ScaleGestureDetector@b3eb6bc8
D/InputEventConsistencyVerifier(  418):   0: sent at 134694000000, MotionEvent { action=ACTION_DOWN, id[0]=0, x[0]=279.0, y[0]=172.0, toolType[0]=TOOL_TYPE_UNKNOWN, buttonState=0, metaState=0, flags=0x0, edgeFlags=0x0, pointerCount=1, historySize=0, eventTime=134694, downTime=134693, deviceId=0, source=0x1002 }
D/InputEventConsistencyVerifier(  418):   -- recent events --
D/InputEventConsistencyVerifier(  418):   1: sent at 134072000000, MotionEvent { action=ACTION_MOVE, id[0]=0, x[0]=80.0, y[0]=159.0, toolType[0]=TOOL_TYPE_UNKNOWN, id[1]=1, x[1]=380.0, y[1]=458.0, toolType[1]=TOOL_TYPE_UNKNOWN, buttonState=0, metaState=0, flags=0x0, edgeFlags=0x0, pointerCount=2, historySize=0, eventTime=134072, downTime=134029, deviceId=0, source=0x1002 }
D/InputEventConsistencyVerifier(  418):   2: sent at 134066000000, MotionEvent { action=ACTION_POINTER_DOWN(1), id[0]=0, x[0]=79.0, y[0]=171.0, toolType[0]=TOOL_TYPE_UNKNOWN, id[1]=1, x[1]=391.0, y[1]=472.0, toolType[1]=TOOL_TYPE_UNKNOWN, buttonState=0, metaState=0, flags=0x0, edgeFlags=0x0, pointerCount=2, historySize=0, eventTime=134066, downTime=134029, deviceId=0, source=0x1002 }
D/InputEventConsistencyVerifier(  418):   3: sent at 134057000000, MotionEvent { action=ACTION_DOWN, id[0]=0, x[0]=77.0, y[0]=176.0, toolType[0]=TOOL_TYPE_UNKNOWN, buttonState=0, metaState=0, flags=0x80000000, edgeFlags=0x0, pointerCount=1, historySize=0, eventTime=134057, downTime=134029, deviceId=0, source=0x1002 }
D/InputEventConsistencyVerifier(  418):   4: sent at 134008000000, MotionEvent { action=ACTION_MOVE, id[0]=0, x[0]=386.0, y[0]=422.0, toolType[0]=TOOL_TYPE_UNKNOWN, buttonState=0, metaState=0, flags=0x0, edgeFlags=0x0, pointerCount=1, historySize=3, eventTime=134008, downTime=133888, deviceId=0, source=0x1002 }
D/InputEventConsistencyVerifier(  418):   5: sent at 133890000000, MotionEvent { action=ACTION_DOWN, id[0]=0, x[0]=425.0, y[0]=464.0, toolType[0]=TOOL_TYPE_UNKNOWN, buttonState=0, metaState=0, flags=0x0, edgeFlags=0x0, pointerCount=1, historySize=0, eventTime=133890, downTime=133888, deviceId=0, source=0x1002 }
I/Choreographer(  418): Skipped 41 frames!  The application may be doing too much work on its main thread.
I/Choreographer( 1041): Skipped 34 frames!  The application may be doing too much work on its main thread.
D/InputEventConsistencyVerifier(  418): KeyEvent: ACTION_UP but key was not down.
D/InputEventConsistencyVerifier(  418):   in android.widget.FrameLayout@b3e36e98
D/InputEventConsistencyVerifier(  418):   0: sent at 135160000000, KeyEvent { action=ACTION_UP, keyCode=KEYCODE_DPAD_DOWN, scanCode=0, metaState=0, flags=0x400, repeatCount=0, eventTime=135160, downTime=135160, deviceId=-1, source=0x101 }
D/InputEventConsistencyVerifier(  418):   -- recent events --
D/InputEventConsistencyVerifier(  418):   1: sent at 134898000000, MotionEvent { action=ACTION_UP, id[0]=0, x[0]=309.0, y[0]=674.0, toolType[0]=TOOL_TYPE_UNKNOWN, buttonState=0, metaState=0, flags=0x0, edgeFlags=0x0, pointerCount=1, historySize=0, eventTime=134898, downTime=134845, deviceId=0, source=0x1002 }
D/InputEventConsistencyVerifier(  418):   2: sent at 134895000000, MotionEvent { action=ACTION_MOVE, id[0]=0, x[0]=303.0, y[0]=678.0, toolType[0]=TOOL_TYPE_UNKNOWN, buttonState=0, metaState=0, flags=0x0, edgeFlags=0x0, pointerCount=1, historySize=0, eventTime=134895, downTime=134845, deviceId=0, source=0x1002 }
D/InputEventConsistencyVerifier(  418):   3: sent at 134846000000, MotionEvent { action=ACTION_DOWN, id[0]=0, x[0]=294.0, y[0]=682.0, toolType[0]=TOOL_TYPE_UNKNOWN, buttonState=0, metaState=0, flags=0x0, edgeFlags=0x0, pointerCount=1, historySize=0, eventTime=134846, downTime=134845, deviceId=0, source=0x1002 }
D/InputEventConsistencyVerifier(  418):   4: sent at 134763000000, MotionEvent { action=ACTION_UP, id[0]=0, x[0]=3.0, y[0]=709.0, toolType[0]=TOOL_TYPE_UNKNOWN, buttonState=0, metaState=0, flags=0x0, edgeFlags=0x0, pointerCount=1, historySize=0, eventTime=134763, downTime=134732, deviceId=0, source=0x1002 }
D/InputEventConsistencyVerifier(  418):   5: sent at 134732000000, MotionEvent { action=ACTION_DOWN, id[0]=0, x[0]=0.0, y[0]=719.0, toolType[0]=TOOL_TYPE_UNKNOWN, buttonState=0, metaState=0, flags=0x0, edgeFlags=0x0, pointerCount=1, historySize=0, eventTime=134732, downTime=134732, deviceId=0, source=0x1002 }
I/Choreographer( 1041): Skipped 41 frames!  The application may be doing too much work on its main thread.
D/InputEventConsistencyVerifier(  418): KeyEvent: ACTION_UP but key was not down.
D/InputEventConsistencyVerifier(  418):   in com.android.systemui.statusbar.phone.PhoneStatusBarView@b3e192e0
D/InputEventConsistencyVerifier(  418):   0: sent at 135487000000, KeyEvent { action=ACTION_UP, keyCode=KEYCODE_DPAD_UP, scanCode=0, metaState=0, flags=0x8, repeatCount=0, eventTime=135487, downTime=135487, deviceId=-1, source=0x101 }
D/InputEventConsistencyVerifier(  418):   -- recent events --
D/InputEventConsistencyVerifier(  418):   1: sent at 135160000000, (unhandled) KeyEvent { action=ACTION_DOWN, keyCode=KEYCODE_DPAD_DOWN, scanCode=0, metaState=0, flags=0x400, repeatCount=0, eventTime=135160, downTime=135160, deviceId=-1, source=0x101 }
D/InputEventConsistencyVerifier(  418):   2: sent at 135160000000, (unhandled) KeyEvent { action=ACTION_MULTIPLE, keyCode=KEYCODE_DPAD_DOWN, scanCode=0, metaState=0, flags=0x400, repeatCount=2, eventTime=135160, downTime=135160, deviceId=-1, source=0x101 }
D/InputEventConsistencyVerifier(  418):   3: sent at 135150000000, (unhandled) MotionEvent { action=ACTION_MOVE, id[0]=0, x[0]=4.0, y[0]=4.0, toolType[0]=TOOL_TYPE_UNKNOWN, buttonState=0, metaState=0, flags=0x0, edgeFlags=0x0, pointerCount=1, historySize=7, eventTime=135150, downTime=-1, deviceId=0, source=0x10004 }
D/InputEventConsistencyVerifier(  418):   4: sent at 135065000000, (unhandled) KeyEvent { action=ACTION_UP, keyCode=KEYCODE_MINUS, scanCode=0, metaState=0, flags=0x8, repeatCount=0, eventTime=135065, downTime=135065, deviceId=-1, source=0x101 }
D/InputEventConsistencyVerifier(  418):   5: sent at 135024000000, (unhandled) KeyEvent { action=ACTION_DOWN, keyCode=KEYCODE_MINUS, scanCode=0, metaState=0, flags=0x8, repeatCount=0, eventTime=135024, downTime=135024, deviceId=-1, source=0x101 }
D/InputEventConsistencyVerifier(  418): KeyEvent: ACTION_UP but key was not down.
D/InputEventConsistencyVerifier(  418):   in com.android.systemui.statusbar.phone.StatusBarWindowView@b3e17348
D/InputEventConsistencyVerifier(  418):   0: sent at 135669000000, KeyEvent { action=ACTION_UP, keyCode=KEYCODE_DPAD_RIGHT, scanCode=0, metaState=0, flags=0x8, repeatCount=0, eventTime=135669, downTime=135669, deviceId=-1, source=0x101 }
D/InputEventConsistencyVerifier(  418):   -- recent events --
D/InputEventConsistencyVerifier(  418):   1: sent at 135608000000, MotionEvent { action=ACTION_UP, id[0]=0, x[0]=35.0, y[0]=3.0, toolType[0]=TOOL_TYPE_UNKNOWN, buttonState=0, metaState=0, flags=0x0, edgeFlags=0x0, pointerCount=1, historySize=0, eventTime=135608, downTime=135602, deviceId=0, source=0x1002 }
D/InputEventConsistencyVerifier(  418):   2: sent at 135603000000, MotionEvent { action=ACTION_DOWN, id[0]=0, x[0]=40.0, y[0]=6.0, toolType[0]=TOOL_TYPE_UNKNOWN, buttonState=0, metaState=0, flags=0x0, edgeFlags=0x0, pointerCount=1, historySize=0, eventTime=135603, downTime=135602, deviceId=0, source=0x1002 }
D/InputEventConsistencyVerifier(  418):   3: sent at 135487000000, (unhandled) KeyEvent { action=ACTION_UP, keyCode=KEYCODE_DPAD_UP, scanCode=0, metaState=0, flags=0x8, repeatCount=0, eventTime=135487, downTime=135487, deviceId=-1, source=0x101 }
D/InputEventConsistencyVerifier(  418):   4: sent at 135470000000, (unhandled) KeyEvent { action=ACTION_DOWN, keyCode=KEYCODE_DPAD_UP, scanCode=0, metaState=0, flags=0x8, repeatCount=0, eventTime=135470, downTime=135470, deviceId=-1, source=0x101 }
D/InputEventConsistencyVerifier(  418):   5: sent at 135465000000, (unhandled) KeyEvent { action=ACTION_UP, keyCode=KEYCODE_MENU, scanCode=0, metaState=0, flags=0x8, repeatCount=0, eventTime=135465, downTime=135465, deviceId=-1, source=0x101 }
D/InputEventConsistencyVerifier(  418): KeyEvent: ACTION_UP but key was not down.
D/InputEventConsistencyVerifier(  418):   in com.android.systemui.statusbar.phone.StatusBarWindowView@b3e17348
D/InputEventConsistencyVerifier(  418):   0: sent at 136039000000, KeyEvent { action=ACTION_UP, keyCode=KEYCODE_DPAD_DOWN, scanCode=0, metaState=0, flags=0x8, repeatCount=0, eventTime=136039, downTime=136039, deviceId=-1, source=0x101 }
D/InputEventConsistencyVerifier(  418):   -- recent events --
D/InputEventConsistencyVerifier(  418):   1: sent at 135947000000, MotionEvent { action=ACTION_UP, id[0]=0, x[0]=149.0, y[0]=281.0, toolType[0]=TOOL_TYPE_UNKNOWN, buttonState=0, metaState=0, flags=0x0, edgeFlags=0x0, pointerCount=1, historySize=0, eventTime=135947, downTime=135924, deviceId=0, source=0x1002 }
D/InputEventConsistencyVerifier(  418):   2: sent at 135945000000, MotionEvent { action=ACTION_MOVE, id[0]=0, x[0]=155.0, y[0]=268.0, toolType[0]=TOOL_TYPE_UNKNOWN, buttonState=0, metaState=0, flags=0x0, edgeFlags=0x0, pointerCount=1, historySize=0, eventTime=135945, downTime=135924, deviceId=0, source=0x1002 }
D/InputEventConsistencyVerifier(  418):   3: sent at 135942874030, MotionEvent { action=ACTION_MOVE, id[0]=0, x[0]=160.31493, y[0]=268.0, toolType[0]=TOOL_TYPE_UNKNOWN, buttonState=0, metaState=0, flags=0x0, edgeFlags=0x0, pointerCount=1, historySize=2, eventTime=135942, downTime=135924, deviceId=0, source=0x1002 }
D/InputEventConsistencyVerifier(  418):   4: sent at 135926000000, MotionEvent { action=ACTION_DOWN, id[0]=0, x[0]=173.0, y[0]=252.0, toolType[0]=TOOL_TYPE_UNKNOWN, buttonState=0, metaState=0, flags=0x0, edgeFlags=0x0, pointerCount=1, historySize=0, eventTime=135926, downTime=135924, deviceId=0, source=0x1002 }
D/InputEventConsistencyVerifier(  418):   5: sent at 135907000000, (unhandled) KeyEvent { action=ACTION_UP, keyCode=KEYCODE_MENU, scanCode=0, metaState=0, flags=0x8, repeatCount=0, eventTime=135907, downTime=135907, deviceId=-1, source=0x101 }
D/InputEventConsistencyVerifier(  418): TouchEvent: ACTION_DOWN but pointers are already down.  Probably missing ACTION_UP from previous gesture.
D/InputEventConsistencyVerifier(  418):   in android.view.ScaleGestureDetector@b3eb6bc8
D/InputEventConsistencyVerifier(  418):   0: sent at 136057000000, MotionEvent { action=ACTION_DOWN, id[0]=0, x[0]=363.0, y[0]=329.0, toolType[0]=TOOL_TYPE_UNKNOWN, buttonState=0, metaState=0, flags=0x0, edgeFlags=0x0, pointerCount=1, historySize=0, eventTime=136057, downTime=136057, deviceId=0, source=0x1002 }
D/InputEventConsistencyVerifier(  418):   -- recent events --
D/InputEventConsistencyVerifier(  418):   1: sent at 135942874030, MotionEvent { action=ACTION_MOVE, id[0]=0, x[0]=160.31493, y[0]=268.0, toolType[0]=TOOL_TYPE_UNKNOWN, buttonState=0, metaState=0, flags=0x0, edgeFlags=0x0, pointerCount=1, historySize=2, eventTime=135942, downTime=135924, deviceId=0, source=0x1002 }
D/InputEventConsistencyVerifier(  418):   2: sent at 135926000000, MotionEvent { action=ACTION_DOWN, id[0]=0, x[0]=173.0, y[0]=252.0, toolType[0]=TOOL_TYPE_UNKNOWN, buttonState=0, metaState=0, flags=0x0, edgeFlags=0x0, pointerCount=1, historySize=0, eventTime=135926, downTime=135924, deviceId=0, source=0x1002 }
D/InputEventConsistencyVerifier(  418):   3: sent at 135608000000, MotionEvent { action=ACTION_UP, id[0]=0, x[0]=35.0, y[0]=3.0, toolType[0]=TOOL_TYPE_UNKNOWN, buttonState=0, metaState=0, flags=0x0, edgeFlags=0x0, pointerCount=1, historySize=0, eventTime=135608, downTime=135602, deviceId=0, source=0x1002 }
D/InputEventConsistencyVerifier(  418):   4: sent at 135603000000, MotionEvent { action=ACTION_DOWN, id[0]=0, x[0]=40.0, y[0]=6.0, toolType[0]=TOOL_TYPE_UNKNOWN, buttonState=0, metaState=0, flags=0x0, edgeFlags=0x0, pointerCount=1, historySize=0, eventTime=135603, downTime=135602, deviceId=0, source=0x1002 }
D/InputEventConsistencyVerifier(  418):   5: sent at 134898000000, MotionEvent { action=ACTION_UP, id[0]=0, x[0]=309.0, y[0]=674.0, toolType[0]=TOOL_TYPE_UNKNOWN, buttonState=0, metaState=0, flags=0x0, edgeFlags=0x0, pointerCount=1, historySize=0, eventTime=134898, downTime=134845, deviceId=0, source=0x1002 }
I/Choreographer(  418): Skipped 78 frames!  The application may be doing too much work on its main thread.
D/InputEventConsistencyVerifier(  418): KeyEvent: ACTION_UP but key was not down.
D/InputEventConsistencyVerifier(  418):   in com.android.systemui.statusbar.phone.StatusBarWindowView@b3e17348
D/InputEventConsistencyVerifier(  418):   0: sent at 136242000000, KeyEvent { action=ACTION_UP, keyCode=KEYCODE_DPAD_LEFT, scanCode=0, metaState=0, flags=0x8, repeatCount=0, eventTime=136242, downTime=136242, deviceId=-1, source=0x101 }
D/InputEventConsistencyVerifier(  418):   -- recent events --
D/InputEventConsistencyVerifier(  418):   1: sent at 136140000000, MotionEvent { action=ACTION_UP, id[0]=0, x[0]=20.0, y[0]=41.0, toolType[0]=TOOL_TYPE_UNKNOWN, buttonState=0, metaState=0, flags=0x0, edgeFlags=0x0, pointerCount=1, historySize=0, eventTime=136140, downTime=136123, deviceId=0, source=0x1002 }
D/InputEventConsistencyVerifier(  418):   2: sent at 136123000000, MotionEvent { action=ACTION_DOWN, id[0]=0, x[0]=29.0, y[0]=40.0, toolType[0]=TOOL_TYPE_UNKNOWN, buttonState=0, metaState=0, flags=0x0, edgeFlags=0x0, pointerCount=1, historySize=0, eventTime=136123, downTime=136123, deviceId=0, source=0x1002 }
D/InputEventConsistencyVerifier(  418):   3: sent at 136074000000, MotionEvent { action=ACTION_UP, id[0]=0, x[0]=467.0, y[0]=508.0, toolType[0]=TOOL_TYPE_UNKNOWN, buttonState=0, metaState=0, flags=0x0, edgeFlags=0x0, pointerCount=1, historySize=0, eventTime=136074, downTime=136069, deviceId=0, source=0x1002 }
D/InputEventConsistencyVerifier(  418):   4: sent at 136069000000, MotionEvent { action=ACTION_DOWN, id[0]=0, x[0]=455.0, y[0]=512.0, toolType[0]=TOOL_TYPE_UNKNOWN, buttonState=0, metaState=0, flags=0x0, edgeFlags=0x0, pointerCount=1, historySize=0, eventTime=136069, downTime=136069, deviceId=0, source=0x1002 }
D/InputEventConsistencyVerifier(  418):   5: sent at 136062000000, MotionEvent { action=ACTION_UP, id[0]=0, x[0]=362.0, y[0]=329.0, toolType[0]=TOOL_TYPE_UNKNOWN, buttonState=0, metaState=0, flags=0x0, edgeFlags=0x0, pointerCount=1, historySize=0, eventTime=136062, downTime=136057, deviceId=0, source=0x1002 }
W/BackupManagerService(  226): dataChanged but no participant pkg='com.android.providers.settings' uid=1001
D/InputEventConsistencyVerifier(  418): KeyEvent: ACTION_UP but key was not down.
D/InputEventConsistencyVerifier(  418):   in android.widget.FrameLayout@b3e36e98
D/InputEventConsistencyVerifier(  418):   0: sent at 136750000000, KeyEvent { action=ACTION_UP, keyCode=KEYCODE_DPAD_DOWN, scanCode=0, metaState=0, flags=0x8, repeatCount=0, eventTime=136750, downTime=136750, deviceId=-1, source=0x101 }
D/InputEventConsistencyVerifier(  418):   -- recent events --
D/InputEventConsistencyVerifier(  418):   1: sent at 136140000000, MotionEvent { action=ACTION_UP, id[0]=0, x[0]=20.0, y[0]=41.0, toolType[0]=TOOL_TYPE_UNKNOWN, buttonState=0, metaState=0, flags=0x0, edgeFlags=0x0, pointerCount=1, historySize=0, eventTime=136140, downTime=136123, deviceId=0, source=0x1002 }
D/InputEventConsistencyVerifier(  418):   2: sent at 136123000000, MotionEvent { action=ACTION_DOWN, id[0]=0, x[0]=29.0, y[0]=40.0, toolType[0]=TOOL_TYPE_UNKNOWN, buttonState=0, metaState=0, flags=0x0, edgeFlags=0x0, pointerCount=1, historySize=0, eventTime=136123, downTime=136123, deviceId=0, source=0x1002 }
D/InputEventConsistencyVerifier(  418):   3: sent at 136074000000, MotionEvent { action=ACTION_UP, id[0]=0, x[0]=467.0, y[0]=508.0, toolType[0]=TOOL_TYPE_UNKNOWN, buttonState=0, metaState=0, flags=0x0, edgeFlags=0x0, pointerCount=1, historySize=0, eventTime=136074, downTime=136069, deviceId=0, source=0x1002 }
D/InputEventConsistencyVerifier(  418):   4: sent at 136069000000, MotionEvent { action=ACTION_DOWN, id[0]=0, x[0]=455.0, y[0]=512.0, toolType[0]=TOOL_TYPE_UNKNOWN, buttonState=0, metaState=0, flags=0x0, edgeFlags=0x0, pointerCount=1, historySize=0, eventTime=136069, downTime=136069, deviceId=0, source=0x1002 }
D/InputEventConsistencyVerifier(  418):   5: sent at 136062000000, MotionEvent { action=ACTION_UP, id[0]=0, x[0]=362.0, y[0]=329.0, toolType[0]=TOOL_TYPE_UNKNOWN, buttonState=0, metaState=0, flags=0x0, edgeFlags=0x0, pointerCount=1, historySize=0, eventTime=136062, downTime=136057, deviceId=0, source=0x1002 }
I/Choreographer(  418): Skipped 30 frames!  The application may be doing too much work on its main thread.
D/InputEventConsistencyVerifier(  418): KeyEvent: ACTION_UP but key was not down.
D/InputEventConsistencyVerifier(  418):   in com.android.systemui.statusbar.phone.PhoneStatusBarView@b3e192e0
D/InputEventConsistencyVerifier(  418):   0: sent at 136895000000, KeyEvent { action=ACTION_UP, keyCode=KEYCODE_DPAD_UP, scanCode=0, metaState=0, flags=0x8, repeatCount=0, eventTime=136895, downTime=136895, deviceId=-1, source=0x101 }
D/InputEventConsistencyVerifier(  418):   -- recent events --
D/InputEventConsistencyVerifier(  418):   1: sent at 136747000000, (unhandled) KeyEvent { action=ACTION_DOWN, keyCode=KEYCODE_DPAD_DOWN, scanCode=0, metaState=0, flags=0x8, repeatCount=0, eventTime=136747, downTime=136747, deviceId=-1, source=0x101 }
D/InputEventConsistencyVerifier(  418):   2: sent at 136742000000, (unhandled) KeyEvent { action=ACTION_UP, keyCode=KEYCODE_DPAD_CENTER, scanCode=0, metaState=0, flags=0x8, repeatCount=0, eventTime=136742, downTime=136742, deviceId=-1, source=0x101 }
D/InputEventConsistencyVerifier(  418):   3: sent at 136738000000, (unhandled) KeyEvent { action=ACTION_DOWN, keyCode=KEYCODE_DPAD_CENTER, scanCode=0, metaState=0, flags=0x8, repeatCount=0, eventTime=136738, downTime=136738, deviceId=-1, source=0x101 }
D/InputEventConsistencyVerifier(  418):   4: sent at 136618000000, (unhandled) KeyEvent { action=ACTION_UP, keyCode=KEYCODE_MENU, scanCode=0, metaState=0, flags=0x8, repeatCount=0, eventTime=136618, downTime=136618, deviceId=-1, source=0x101 }
D/InputEventConsistencyVerifier(  418):   5: sent at 136511000000, (unhandled) KeyEvent { action=ACTION_DOWN, keyCode=KEYCODE_MENU, scanCode=0, metaState=0, flags=0x8, repeatCount=0, eventTime=136511, downTime=136511, deviceId=-1, source=0x101 }
I/Choreographer( 1041): Skipped 45 frames!  The application may be doing too much work on its main thread.
D/InputEventConsistencyVerifier(  418): KeyEvent: ACTION_UP but key was not down.
D/InputEventConsistencyVerifier(  418):   in com.android.systemui.statusbar.phone.StatusBarWindowView@b3e17348
D/InputEventConsistencyVerifier(  418):   0: sent at 137206000000, KeyEvent { action=ACTION_UP, keyCode=KEYCODE_DPAD_RIGHT, scanCode=0, metaState=0, flags=0x8, repeatCount=0, eventTime=137206, downTime=137206, deviceId=-1, source=0x101 }
D/InputEventConsistencyVerifier(  418):   -- recent events --
D/InputEventConsistencyVerifier(  418):   1: sent at 137161000000, (unhandled) KeyEvent { action=ACTION_UP, keyCode=KEYCODE_MENU, scanCode=0, metaState=0, flags=0x8, repeatCount=0, eventTime=137161, downTime=137161, deviceId=-1, source=0x101 }
D/InputEventConsistencyVerifier(  418):   2: sent at 137088000000, (unhandled) KeyEvent { action=ACTION_DOWN, keyCode=KEYCODE_MENU, scanCode=0, metaState=0, flags=0x8, repeatCount=0, eventTime=137088, downTime=137088, deviceId=-1, source=0x101 }
D/InputEventConsistencyVerifier(  418):   3: sent at 137083000000, MotionEvent { action=ACTION_UP, id[0]=0, x[0]=61.0, y[0]=710.0, toolType[0]=TOOL_TYPE_UNKNOWN, buttonState=0, metaState=0, flags=0x0, edgeFlags=0x0, pointerCount=1, historySize=0, eventTime=137083, downTime=137036, deviceId=0, source=0x1002 }
D/InputEventConsistencyVerifier(  418):   4: sent at 137037000000, MotionEvent { action=ACTION_DOWN, id[0]=0, x[0]=48.0, y[0]=718.0, toolType[0]=TOOL_TYPE_UNKNOWN, buttonState=0, metaState=0, flags=0x0, edgeFlags=0x0, pointerCount=1, historySize=0, eventTime=137037, downTime=137036, deviceId=0, source=0x1002 }
D/InputEventConsistencyVerifier(  418):   5: sent at 137008000000, MotionEvent { action=ACTION_UP, id[0]=0, x[0]=49.0, y[0]=74.0, toolType[0]=TOOL_TYPE_UNKNOWN, buttonState=0, metaState=0, flags=0x0, edgeFlags=0x0, pointerCount=1, historySize=0, eventTime=137008, downTime=136990, deviceId=0, source=0x1002 }
D/InputEventConsistencyVerifier(  418): KeyEvent: ACTION_UP but key was not down.
D/InputEventConsistencyVerifier(  418):   in com.android.systemui.statusbar.phone.StatusBarWindowView@b3e17348
D/InputEventConsistencyVerifier(  418):   0: sent at 137381000000, KeyEvent { action=ACTION_UP, keyCode=KEYCODE_DPAD_DOWN, scanCode=0, metaState=0, flags=0x8, repeatCount=0, eventTime=137381, downTime=137381, deviceId=-1, source=0x101 }
D/InputEventConsistencyVerifier(  418):   -- recent events --
D/InputEventConsistencyVerifier(  418):   1: sent at 137359000000, MotionEvent { action=ACTION_UP, id[0]=0, x[0]=176.5, y[0]=704.0, toolType[0]=TOOL_TYPE_UNKNOWN, buttonState=0, metaState=0, flags=0x0, edgeFlags=0x0, pointerCount=1, historySize=0, eventTime=137359, downTime=137326, deviceId=0, source=0x1002 }
D/InputEventConsistencyVerifier(  418):   2: sent at 137357000000, MotionEvent { action=ACTION_MOVE, id[0]=0, x[0]=176.5, y[0]=704.0, toolType[0]=TOOL_TYPE_UNKNOWN, buttonState=0, metaState=0, flags=0x0, edgeFlags=0x0, pointerCount=1, historySize=6, eventTime=137357, downTime=137326, deviceId=0, source=0x1002 }
D/InputEventConsistencyVerifier(  418):   3: sent at 137328000000, MotionEvent { action=ACTION_DOWN, id[0]=0, x[0]=194.0, y[0]=707.0, toolType[0]=TOOL_TYPE_UNKNOWN, buttonState=0, metaState=0, flags=0x0, edgeFlags=0x0, pointerCount=1, historySize=0, eventTime=137328, downTime=137326, deviceId=0, source=0x1002 }
D/InputEventConsistencyVerifier(  418):   4: sent at 137253000000, (unhandled) KeyEvent { action=ACTION_UP, keyCode=KEYCODE_DPAD_CENTER, scanCode=0, metaState=0, flags=0x8, repeatCount=0, eventTime=137253, downTime=137253, deviceId=-1, source=0x101 }
D/InputEventConsistencyVerifier(  418):   5: sent at 137249000000, (unhandled) KeyEvent { action=ACTION_DOWN, keyCode=KEYCODE_DPAD_CENTER, scanCode=0, metaState=0, flags=0x8, repeatCount=0, eventTime=137249, downTime=137249, deviceId=-1, source=0x101 }
I/Choreographer( 1041): Skipped 38 frames!  The application may be doing too much work on its main thread.
D/InputEventConsistencyVerifier(  418): KeyEvent: ACTION_UP but key was not down.
D/InputEventConsistencyVerifier(  418):   in com.android.systemui.statusbar.phone.StatusBarWindowView@b3e17348
D/InputEventConsistencyVerifier(  418):   0: sent at 137878000000, KeyEvent { action=ACTION_UP, keyCode=KEYCODE_DPAD_RIGHT, scanCode=0, metaState=0, flags=0x400, repeatCount=0, eventTime=137878, downTime=137878, deviceId=-1, source=0x101 }
D/InputEventConsistencyVerifier(  418):   -- recent events --
D/InputEventConsistencyVerifier(  418):   1: sent at 137582000000, (unhandled) MotionEvent { action=ACTION_MOVE, id[0]=0, x[0]=3.0, y[0]=0.0, toolType[0]=TOOL_TYPE_UNKNOWN, buttonState=0, metaState=0, flags=0x0, edgeFlags=0x0, pointerCount=1, historySize=9, eventTime=137582, downTime=-1, deviceId=0, source=0x10004 }
D/InputEventConsistencyVerifier(  418):   2: sent at 137715000000, MotionEvent { action=ACTION_UP, id[0]=0, x[0]=134.0, y[0]=130.0, toolType[0]=TOOL_TYPE_UNKNOWN, buttonState=0, metaState=0, flags=0x0, edgeFlags=0x0, pointerCount=1, historySize=0, eventTime=137715, downTime=137677, deviceId=0, source=0x1002 }
D/InputEventConsistencyVerifier(  418):   3: sent at 137678000000, MotionEvent { action=ACTION_DOWN, id[0]=0, x[0]=132.0, y[0]=148.0, toolType[0]=TOOL_TYPE_UNKNOWN, buttonState=0, metaState=0, flags=0x0, edgeFlags=0x0, pointerCount=1, historySize=0, eventTime=137678, downTime=137677, deviceId=0, source=0x1002 }
D/InputEventConsistencyVerifier(  418):   4: sent at 137670000000, MotionEvent { action=ACTION_UP, id[0]=0, x[0]=218.0, y[0]=606.0, toolType[0]=TOOL_TYPE_UNKNOWN, buttonState=0, metaState=0, flags=0x0, edgeFlags=0x0, pointerCount=1, historySize=0, eventTime=137670, downTime=137587, deviceId=0, source=0x1002 }
