D/InputEventConsistencyVerifier(  423):   1: sent at 215155000000, MotionEvent { action=ACTION_MOVE, id[0]=0, x[0]=225.0, y[0]=644.0, toolType[0]=TOOL_TYPE_UNKNOWN, buttonState=0, metaState=0, flags=0x0, edgeFlags=0x0, pointerCount=1, historySize=6, eventTime=215155, downTime=215049, deviceId=0, source=0x1002 }
D/InputEventConsistencyVerifier(  423):   2: sent at 215077000000, MotionEvent { action=ACTION_DOWN, id[0]=0, x[0]=242.0, y[0]=668.0, toolType[0]=TOOL_TYPE_UNKNOWN, buttonState=0, metaState=0, flags=0x80000000, edgeFlags=0x0, pointerCount=1, historySize=0, eventTime=215077, downTime=215049, deviceId=0, source=0x1002 }
D/InputEventConsistencyVerifier(  423):   3: sent at 214820000000, MotionEvent { action=ACTION_MOVE, id[0]=0, x[0]=426.0, y[0]=237.0, toolType[0]=TOOL_TYPE_UNKNOWN, buttonState=0, metaState=0, flags=0x0, edgeFlags=0x0, pointerCount=1, historySize=1, eventTime=214820, downTime=214756, deviceId=0, source=0x1002 }
D/InputEventConsistencyVerifier(  423):   4: sent at 214757000000, MotionEvent { action=ACTION_DOWN, id[0]=0, x[0]=436.0, y[0]=252.0, toolType[0]=TOOL_TYPE_UNKNOWN, buttonState=0, metaState=0, flags=0x0, edgeFlags=0x0, pointerCount=1, historySize=0, eventTime=214757, downTime=214756, deviceId=0, source=0x1002 }
D/InputEventConsistencyVerifier(  423):   5: sent at 214531000000, MotionEvent { action=ACTION_UP, id[0]=0, x[0]=324.0, y[0]=372.0, toolType[0]=TOOL_TYPE_UNKNOWN, buttonState=0, metaState=0, flags=0x0, edgeFlags=0x0, pointerCount=1, historySize=0, eventTime=214531, downTime=214495, deviceId=0, source=0x1002 }
I/Choreographer(  423): Skipped 32 frames!  The application may be doing too much work on its main thread.
V/PhoneStatusBar(  423): setLightsOn(true)
D/PhoneStatusBar(  423): disable: < expand icons alerts ticker* system_info back home recent clock >
W/InputMethodManagerService(  220): Window already focused, ignoring focus gain of: com.android.internal.view.IInputMethodClient$Stub$Proxy@b40c6050 attribute=android.view.inputmethod.EditorInfo@b40c6068
D/InputEventConsistencyVerifier(  968): KeyEvent: ACTION_UP but key was not down.
D/InputEventConsistencyVerifier(  968):   in com.android.internal.policy.impl.PhoneWindow$DecorView@b3df8038
D/InputEventConsistencyVerifier(  968):   0: sent at 214587000000, KeyEvent { action=ACTION_UP, keyCode=KEYCODE_DPAD_LEFT, scanCode=0, metaState=0, flags=0x400, repeatCount=0, eventTime=214587, downTime=214587, deviceId=-1, source=0x101 }
D/InputEventConsistencyVerifier(  968):   -- recent events --
D/InputEventConsistencyVerifier(  968):   1: sent at 214586000000, (unhandled) KeyEvent { action=ACTION_UP, keyCode=KEYCODE_DPAD_LEFT, scanCode=0, metaState=0, flags=0x400, repeatCount=0, eventTime=214586, downTime=214586, deviceId=-1, source=0x101 }
D/InputEventConsistencyVerifier(  968):   2: sent at 214586000000, (unhandled) KeyEvent { action=ACTION_DOWN, keyCode=KEYCODE_DPAD_LEFT, scanCode=0, metaState=0, flags=0x400, repeatCount=0, eventTime=214586, downTime=214586, deviceId=-1, source=0x101 }
D/InputEventConsistencyVerifier(  968):   3: sent at 213836000000, (unhandled) MotionEvent { action=ACTION_MOVE, id[0]=0, x[0]=-5.0, y[0]=1.0, toolType[0]=TOOL_TYPE_UNKNOWN, buttonState=0, metaState=0, flags=0x0, edgeFlags=0x0, pointerCount=1, historySize=9, eventTime=213836, downTime=-1, deviceId=0, source=0x10004 }
D/InputEventConsistencyVerifier(  968):   4: sent at 213856000000, (unhandled) MotionEvent { action=ACTION_UP, id[0]=0, x[0]=281.33334, y[0]=419.33334, toolType[0]=TOOL_TYPE_UNKNOWN, buttonState=0, metaState=0, flags=0x0, edgeFlags=0x0, pointerCount=1, historySize=0, eventTime=213856, downTime=213840, deviceId=0, source=0x1002 }
D/InputEventConsistencyVerifier(  968):   5: sent at 213853000000, (unhandled) MotionEvent { action=ACTION_MOVE, id[0]=0, x[0]=271.33334, y[0]=429.33334, toolType[0]=TOOL_TYPE_UNKNOWN, buttonState=0, metaState=0, flags=0x0, edgeFlags=0x0, pointerCount=1, historySize=3, eventTime=213853, downTime=213840, deviceId=0, source=0x1002 }
I/Choreographer(  968): Skipped 40 frames!  The application may be doing too much work on its main thread.
I/Choreographer(  968): Skipped 70 frames!  The application may be doing too much work on its main thread.
W/InputMethodManagerService(  220): Window already focused, ignoring focus gain of: com.android.internal.view.IInputMethodClient$Stub$Proxy@b3f8c3f0 attribute=null
I/Choreographer(  968): Skipped 40 frames!  The application may be doing too much work on its main thread.
I/Choreographer(  968): Skipped 46 frames!  The application may be doing too much work on its main thread.
W/InputManager(  220): Input event injection from pid 921 failed.
W/InputManager(  220): Input event injection from pid 921 failed.
W/InputManager(  220): Input event injection from pid 921 failed.
I/Choreographer(  968): Skipped 108 frames!  The application may be doing too much work on its main thread.
W/InputMethodManagerService(  220): Window already focused, ignoring focus gain of: com.android.internal.view.IInputMethodClient$Stub$Proxy@b4013b18 attribute=null
I/Choreographer(  220): Skipped 46 frames!  The application may be doing too much work on its main thread.
I/Choreographer(  968): Skipped 58 frames!  The application may be doing too much work on its main thread.
W/DroidBox( 1114): DroidBox: { "ServiceStart": { "name": "com.android.music.MediaPlaybackService" } }
W/DroidBox( 1114): DroidBox: { "ServiceStart": { "name": "com.android.music.MediaPlaybackService" } }
I/AudioService(  220):  AudioFocus  requestAudioFocus() from android.media.AudioManager@b3e0a598com.android.music.MediaPlaybackService$3@b3e08dd0
I/AudioService(  220):   Remote Control   registerMediaButtonIntent() for PendingIntent{b3ea97d0: PendingIntentRecord{b40d0f70 com.android.music broadcastIntent}}
I/Choreographer(  968): Skipped 117 frames!  The application may be doing too much work on its main thread.
W/InputMethodManagerService(  220): Window already focused, ignoring focus gain of: com.android.internal.view.IInputMethodClient$Stub$Proxy@b3f2dec8 attribute=android.view.inputmethod.EditorInfo@b410ad60
I/Choreographer(  968): Skipped 38 frames!  The application may be doing too much work on its main thread.
D/InputEventConsistencyVerifier(  968): KeyEvent: ACTION_UP but key was not down.
D/InputEventConsistencyVerifier(  968):   in com.android.internal.policy.impl.PhoneWindow$DecorView@b3df8038
D/InputEventConsistencyVerifier(  968):   0: sent at 220264000000, KeyEvent { action=ACTION_UP, keyCode=KEYCODE_DPAD_DOWN, scanCode=0, metaState=0, flags=0x400, repeatCount=0, eventTime=220264, downTime=220264, deviceId=-1, source=0x101 }
D/InputEventConsistencyVerifier(  968):   -- recent events --
D/InputEventConsistencyVerifier(  968):   1: sent at 220186000000, (unhandled) MotionEvent { action=ACTION_MOVE, id[0]=0, x[0]=-1.0, y[0]=4.0, toolType[0]=TOOL_TYPE_UNKNOWN, buttonState=0, metaState=0, flags=0x0, edgeFlags=0x0, pointerCount=1, historySize=9, eventTime=220186, downTime=-1, deviceId=0, source=0x10004 }
D/InputEventConsistencyVerifier(  968):   2: sent at 220082000000, (unhandled) MotionEvent { action=ACTION_UP, id[0]=0, x[0]=127.333336, y[0]=457.33334, toolType[0]=TOOL_TYPE_UNKNOWN, buttonState=0, metaState=0, flags=0x0, edgeFlags=0x0, pointerCount=1, historySize=0, eventTime=220082, downTime=219992, deviceId=0, source=0x1002 }
D/InputEventConsistencyVerifier(  968):   3: sent at 220076000000, (unhandled) MotionEvent { action=ACTION_MOVE, id[0]=0, x[0]=126.0, y[0]=457.33334, toolType[0]=TOOL_TYPE_UNKNOWN, buttonState=0, metaState=0, flags=0x0, edgeFlags=0x0, pointerCount=1, historySize=3, eventTime=220076, downTime=219992, deviceId=0, source=0x1002 }
D/InputEventConsistencyVerifier(  968):   4: sent at 219994000000, (unhandled) MotionEvent { action=ACTION_DOWN, id[0]=0, x[0]=118.0, y[0]=452.0, toolType[0]=TOOL_TYPE_UNKNOWN, buttonState=0, metaState=0, flags=0x0, edgeFlags=0x0, pointerCount=1, historySize=0, eventTime=219994, downTime=219992, deviceId=0, source=0x1002 }
D/InputEventConsistencyVerifier(  968):   5: sent at 219147000000, (unhandled) MotionEvent { action=ACTION_UP, id[0]=0, x[0]=141.33334, y[0]=185.33334, toolType[0]=TOOL_TYPE_UNKNOWN, buttonState=0, metaState=0, flags=0x0, edgeFlags=0x0, pointerCount=1, historySize=0, eventTime=219147, downTime=219141, deviceId=0, source=0x1002 }
I/Choreographer(  220): Skipped 61 frames!  The application may be doing too much work on its main thread.
I/Choreographer(  968): Skipped 79 frames!  The application may be doing too much work on its main thread.
I/Choreographer(  968): Skipped 62 frames!  The application may be doing too much work on its main thread.
W/InputMethodManagerService(  220): Window already focused, ignoring focus gain of: com.android.internal.view.IInputMethodClient$Stub$Proxy@b3f2f830 attribute=android.view.inputmethod.EditorInfo@b3f2f848
I/Choreographer(  968): Skipped 76 frames!  The application may be doing too much work on its main thread.
D/InputEventConsistencyVerifier(  968): KeyEvent: ACTION_UP but key was not down.
D/InputEventConsistencyVerifier(  968):   in com.android.internal.policy.impl.PhoneWindow$DecorView@b3df8038
D/InputEventConsistencyVerifier(  968):   0: sent at 222243000000, KeyEvent { action=ACTION_UP, keyCode=KEYCODE_DPAD_UP, scanCode=0, metaState=0, flags=0x8, repeatCount=0, eventTime=222243, downTime=222243, deviceId=-1, source=0x101 }
D/InputEventConsistencyVerifier(  968):   -- recent events --
D/InputEventConsistencyVerifier(  968):   1: sent at 222145000000, (unhandled) MotionEvent { action=ACTION_MOVE, id[0]=0, x[0]=0.0, y[0]=-1.0, toolType[0]=TOOL_TYPE_UNKNOWN, buttonState=0, metaState=0, flags=0x0, edgeFlags=0x0, pointerCount=1, historySize=9, eventTime=222145, downTime=-1, deviceId=0, source=0x10004 }
D/InputEventConsistencyVerifier(  968):   2: sent at 221352000000, (unhandled) MotionEvent { action=ACTION_UP, id[0]=0, x[0]=62.0, y[0]=446.6667, toolType[0]=TOOL_TYPE_UNKNOWN, buttonState=0, metaState=0, flags=0x0, edgeFlags=0x0, pointerCount=1, historySize=0, eventTime=221352, downTime=221347, deviceId=0, source=0x1002 }
D/InputEventConsistencyVerifier(  968):   3: sent at 221347000000, (unhandled) MotionEvent { action=ACTION_DOWN, id[0]=0, x[0]=68.66667, y[0]=454.6667, toolType[0]=TOOL_TYPE_UNKNOWN, buttonState=0, metaState=0, flags=0x0, edgeFlags=0x0, pointerCount=1, historySize=0, eventTime=221347, downTime=221347, deviceId=0, source=0x1002 }
D/InputEventConsistencyVerifier(  968):   4: sent at 221230000000, (unhandled) KeyEvent { action=ACTION_UP, keyCode=KEYCODE_MENU, scanCode=0, metaState=0, flags=0x8, repeatCount=0, eventTime=221230, downTime=221230, deviceId=-1, source=0x101 }
D/InputEventConsistencyVerifier(  968):   5: sent at 221192000000, (unhandled) KeyEvent { action=ACTION_DOWN, keyCode=KEYCODE_MENU, scanCode=0, metaState=0, flags=0x8, repeatCount=0, eventTime=221192, downTime=221192, deviceId=-1, source=0x101 }
I/Choreographer(  968): Skipped 36 frames!  The application may be doing too much work on its main thread.
I/Choreographer(  968): Skipped 52 frames!  The application may be doing too much work on its main thread.
I/Choreographer(  220): Skipped 49 frames!  The application may be doing too much work on its main thread.
I/Choreographer(  968): Skipped 75 frames!  The application may be doing too much work on its main thread.
I/ActivityManager(  220): START {act=android.intent.action.MAIN cat=[android.intent.category.LAUNCHER] flg=0x10200000 cmp=pushme.android/.Pushme u=0} from pid 921
W/InputMethodManagerService(  220): Window already focused, ignoring focus gain of: com.android.internal.view.IInputMethodClient$Stub$Proxy@b40ece30 attribute=null
I/Choreographer(  968): Skipped 47 frames!  The application may be doing too much work on its main thread.
D/InputEventConsistencyVerifier(  968): KeyEvent: ACTION_UP but key was not down.
D/InputEventConsistencyVerifier(  968):   in com.android.internal.policy.impl.PhoneWindow$DecorView@b3df8038
D/InputEventConsistencyVerifier(  968):   0: sent at 224374000000, KeyEvent { action=ACTION_UP, keyCode=KEYCODE_DPAD_DOWN, scanCode=0, metaState=0, flags=0x8, repeatCount=0, eventTime=224374, downTime=224374, deviceId=-1, source=0x101 }
D/InputEventConsistencyVerifier(  968):   -- recent events --
D/InputEventConsistencyVerifier(  968):   1: sent at 224332000000, (unhandled) MotionEvent { action=ACTION_UP, id[0]=0, x[0]=276.0, y[0]=460.6667, toolType[0]=TOOL_TYPE_UNKNOWN, buttonState=0, metaState=0, flags=0x0, edgeFlags=0x0, pointerCount=1, historySize=0, eventTime=224332, downTime=224276, deviceId=0, source=0x1002 }
D/InputEventConsistencyVerifier(  968):   2: sent at 224318000000, (unhandled) MotionEvent { action=ACTION_MOVE, id[0]=0, x[0]=277.33334, y[0]=458.0, toolType[0]=TOOL_TYPE_UNKNOWN, buttonState=0, metaState=0, flags=0x0, edgeFlags=0x0, pointerCount=1, historySize=4, eventTime=224318, downTime=224276, deviceId=0, source=0x1002 }
D/InputEventConsistencyVerifier(  968):   3: sent at 224303000000, (unhandled) MotionEvent { action=ACTION_DOWN, id[0]=0, x[0]=287.33334, y[0]=418.6667, toolType[0]=TOOL_TYPE_UNKNOWN, buttonState=0, metaState=0, flags=0x0, edgeFlags=0x0, pointerCount=1, historySize=0, eventTime=224303, downTime=224276, deviceId=0, source=0x1002 }
D/InputEventConsistencyVerifier(  968):   4: sent at 224128000000, (unhandled) KeyEvent { action=ACTION_UP, keyCode=KEYCODE_DPAD_DOWN, scanCode=0, metaState=0, flags=0x8, repeatCount=0, eventTime=224128, downTime=224128, deviceId=-1, source=0x101 }
D/InputEventConsistencyVerifier(  968):   5: sent at 223983000000, (unhandled) KeyEvent { action=ACTION_DOWN, keyCode=KEYCODE_DPAD_DOWN, scanCode=0, metaState=0, flags=0x8, repeatCount=0, eventTime=223983, downTime=223983, deviceId=-1, source=0x101 }
D/InputEventConsistencyVerifier(  968): TrackballEvent: Trackball is down but pressure is not greater than 0.
D/InputEventConsistencyVerifier(  968):   in android.view.ViewRootImpl@b3e33528
D/InputEventConsistencyVerifier(  968):   0: sent at 224900000000, MotionEvent { action=ACTION_DOWN, id[0]=0, x[0]=0.0, y[0]=0.0, toolType[0]=TOOL_TYPE_UNKNOWN, buttonState=0, metaState=0, flags=0x0, edgeFlags=0x0, pointerCount=1, historySize=0, eventTime=224900, downTime=224809, deviceId=0, source=0x10004 }
D/InputEventConsistencyVerifier(  968):   -- recent events --
D/InputEventConsistencyVerifier(  968):   1: sent at 224980000000, KeyEvent { action=ACTION_UP, keyCode=KEYCODE_DPAD_UP, scanCode=0, metaState=0, flags=0x400, repeatCount=0, eventTime=224980, downTime=224980, deviceId=-1, source=0x101 }
D/InputEventConsistencyVerifier(  968):   2: sent at 224980000000, KeyEvent { action=ACTION_DOWN, keyCode=KEYCODE_DPAD_UP, scanCode=0, metaState=0, flags=0x400, repeatCount=0, eventTime=224980, downTime=224980, deviceId=-1, source=0x101 }
D/InputEventConsistencyVerifier(  968):   3: sent at 224979000000, KeyEvent { action=ACTION_UP, keyCode=KEYCODE_DPAD_UP, scanCode=0, metaState=0, flags=0x400, repeatCount=0, eventTime=224979, downTime=224979, deviceId=-1, source=0x101 }
D/InputEventConsistencyVerifier(  968):   4: sent at 224979000000, KeyEvent { action=ACTION_DOWN, keyCode=KEYCODE_DPAD_UP, scanCode=0, metaState=0, flags=0x400, repeatCount=0, eventTime=224979, downTime=224979, deviceId=-1, source=0x101 }
D/InputEventConsistencyVerifier(  968):   5: sent at 224979000000, KeyEvent { action=ACTION_UP, keyCode=KEYCODE_DPAD_UP, scanCode=0, metaState=0, flags=0x400, repeatCount=0, eventTime=224979, downTime=224979, deviceId=-1, source=0x101 }
I/Choreographer(  968): Skipped 46 frames!  The application may be doing too much work on its main thread.
D/InputEventConsistencyVerifier(  423): TouchEvent: ACTION_DOWN but pointers are already down.  Probably missing ACTION_UP from previous gesture.
D/InputEventConsistencyVerifier(  423):   in android.view.ScaleGestureDetector@b3ecbc30
D/InputEventConsistencyVerifier(  423):   0: sent at 225521000000, MotionEvent { action=ACTION_DOWN, id[0]=0, x[0]=284.0, y[0]=30.0, toolType[0]=TOOL_TYPE_UNKNOWN, buttonState=0, metaState=0, flags=0x0, edgeFlags=0x0, pointerCount=1, historySize=0, eventTime=225521, downTime=225508, deviceId=0, source=0x1002 }
D/InputEventConsistencyVerifier(  423):   -- recent events --
D/InputEventConsistencyVerifier(  423):   1: sent at 215772000000, MotionEvent { action=ACTION_DOWN, id[0]=0, x[0]=66.0, y[0]=52.0, toolType[0]=TOOL_TYPE_UNKNOWN, buttonState=0, metaState=0, flags=0x80000000, edgeFlags=0x0, pointerCount=1, historySize=0, eventTime=215772, downTime=215772, deviceId=0, source=0x1002 }
D/InputEventConsistencyVerifier(  423):   2: sent at 215155000000, MotionEvent { action=ACTION_MOVE, id[0]=0, x[0]=225.0, y[0]=644.0, toolType[0]=TOOL_TYPE_UNKNOWN, buttonState=0, metaState=0, flags=0x0, edgeFlags=0x0, pointerCount=1, historySize=6, eventTime=215155, downTime=215049, deviceId=0, source=0x1002 }
D/InputEventConsistencyVerifier(  423):   3: sent at 215077000000, MotionEvent { action=ACTION_DOWN, id[0]=0, x[0]=242.0, y[0]=668.0, toolType[0]=TOOL_TYPE_UNKNOWN, buttonState=0, metaState=0, flags=0x80000000, edgeFlags=0x0, pointerCount=1, historySize=0, eventTime=215077, downTime=215049, deviceId=0, source=0x1002 }
D/InputEventConsistencyVerifier(  423):   4: sent at 214820000000, MotionEvent { action=ACTION_MOVE, id[0]=0, x[0]=426.0, y[0]=237.0, toolType[0]=TOOL_TYPE_UNKNOWN, buttonState=0, metaState=0, flags=0x0, edgeFlags=0x0, pointerCount=1, historySize=1, eventTime=214820, downTime=214756, deviceId=0, source=0x1002 }
D/InputEventConsistencyVerifier(  423):   5: sent at 214757000000, MotionEvent { action=ACTION_DOWN, id[0]=0, x[0]=436.0, y[0]=252.0, toolType[0]=TOOL_TYPE_UNKNOWN, buttonState=0, metaState=0, flags=0x0, edgeFlags=0x0, pointerCount=1, historySize=0, eventTime=214757, downTime=214756, deviceId=0, source=0x1002 }
W/dalvikvm(  423): DroidBox: { "FdAccess": { "path": "2f70726f632f6d656d696e666f", "id": "2037645388" } }
W/DroidBox(  423): DroidBox: { "FileRW": { "operation": "read", "data": "4d656d546f74616c3a202020202020202020373438393634206b420a4d656d467265653a20202020202020202020343437313034206b420a427566666572733a20202020202020202020202035353430206b420a4361636865643a202020202020202020", "id": "2037645388" } }
I/ActivityManager(  220): START {act=android.intent.action.MAIN cat=[android.intent.category.LAUNCHER] flg=0x10000000 cmp=com.android.contacts/.activities.PeopleActivity sel={act=android.intent.action.MAIN cat=[android.intent.category.APP_CONTACTS]} u=0} from pid 220
W/dalvikvm(  423): DroidBox: { "FdAccess": { "path": "2f70726f632f6d656d696e666f", "id": "1912165083" } }
W/DroidBox(  423): DroidBox: { "FileRW": { "operation": "read", "data": "4d656d546f74616c3a202020202020202020373438393634206b420a4d656d467265653a20202020202020202020343437313034206b420a427566666572733a20202020202020202020202035353430206b420a4361636865643a202020202020202020", "id": "1912165083" } }
D/InputEventConsistencyVerifier(  968): KeyEvent: ACTION_UP but key was not down.
D/InputEventConsistencyVerifier(  968):   in android.view.ViewRootImpl@b3e33528
D/InputEventConsistencyVerifier(  968):   0: sent at 225633000000, KeyEvent { action=ACTION_UP, keyCode=KEYCODE_CONTACTS, scanCode=0, metaState=0, flags=0x8, repeatCount=0, eventTime=225633, downTime=225633, deviceId=-1, source=0x101 }
D/InputEventConsistencyVerifier(  968):   -- recent events --
D/InputEventConsistencyVerifier(  968):   1: sent at 225700000000, KeyEvent { action=ACTION_UP, keyCode=KEYCODE_DPAD_DOWN, scanCode=0, metaState=0, flags=0x400, repeatCount=0, eventTime=225700, downTime=225700, deviceId=-1, source=0x101 }
D/InputEventConsistencyVerifier(  968):   2: sent at 225700000000, KeyEvent { action=ACTION_DOWN, keyCode=KEYCODE_DPAD_DOWN, scanCode=0, metaState=0, flags=0x400, repeatCount=0, eventTime=225700, downTime=225700, deviceId=-1, source=0x101 }
D/InputEventConsistencyVerifier(  968):   3: sent at 225698000000, KeyEvent { action=ACTION_UP, keyCode=KEYCODE_DPAD_DOWN, scanCode=0, metaState=0, flags=0x400, repeatCount=0, eventTime=225698, downTime=225698, deviceId=-1, source=0x101 }
D/InputEventConsistencyVerifier(  968):   4: sent at 225698000000, KeyEvent { action=ACTION_DOWN, keyCode=KEYCODE_DPAD_DOWN, scanCode=0, metaState=0, flags=0x400, repeatCount=0, eventTime=225698, downTime=225698, deviceId=-1, source=0x101 }
D/InputEventConsistencyVerifier(  968):   5: sent at 225504000000, MotionEvent { action=ACTION_MOVE, id[0]=0, x[0]=2.0, y[0]=2.0, toolType[0]=TOOL_TYPE_UNKNOWN, buttonState=0, metaState=0, flags=0x0, edgeFlags=0x0, pointerCount=1, historySize=4, eventTime=225504, downTime=-1, deviceId=0, source=0x10004 }
W/dalvikvm(  423): DroidBox: { "FdAccess": { "path": "2f70726f632f6d656d696e666f", "id": "3842296" } }
W/DroidBox(  423): DroidBox: { "FileRW": { "operation": "read", "data": "4d656d546f74616c3a202020202020202020373438393634206b420a4d656d467265653a20202020202020202020343435383634206b420a427566666572733a20202020202020202020202035353430206b420a4361636865643a202020202020202020", "id": "3842296" } }
I/Choreographer(  423): Skipped 55 frames!  The application may be doing too much work on its main thread.
W/dalvikvm(  423): DroidBox: { "FdAccess": { "path": "2f70726f632f6d656d696e666f", "id": "1359692818" } }
W/DroidBox(  423): DroidBox: { "FileRW": { "operation": "read", "data": "4d656d546f74616c3a202020202020202020373438393634206b420a4d656d467265653a20202020202020202020343435383634206b420a427566666572733a20202020202020202020202035353430206b420a4361636865643a202020202020202020", "id": "1359692818" } }
D/PhoneStatusBar(  423): disable: < expand icons alerts TICKER* system_info back home recent clock >
V/PhoneStatusBar(  423): setLightsOn(true)
W/dalvikvm(  423): DroidBox: { "FdAccess": { "path": "2f70726f632f6d656d696e666f", "id": "1986366805" } }
W/DroidBox(  423): DroidBox: { "FileRW": { "operation": "read", "data": "4d656d546f74616c3a202020202020202020373438393634206b420a4d656d467265653a20202020202020202020343434353030206b420a427566666572733a20202020202020202020202035353430206b420a4361636865643a202020202020202020", "id": "1986366805" } }
W/dalvikvm(  423): DroidBox: { "FdAccess": { "path": "2f70726f632f6d656d696e666f", "id": "2110969915" } }
W/DroidBox(  423): DroidBox: { "FileRW": { "operation": "read", "data": "4d656d546f74616c3a202020202020202020373438393634206b420a4d656d467265653a20202020202020202020343432383838206b420a427566666572733a20202020202020202020202035353430206b420a4361636865643a202020202020202020", "id": "2110969915" } }
W/dalvikvm(  423): DroidBox: { "FdAccess": { "path": "2f70726f632f6d656d696e666f", "id": "1713794127" } }
W/DroidBox(  423): DroidBox: { "FileRW": { "operation": "read", "data": "4d656d546f74616c3a202020202020202020373438393634206b420a4d656d467265653a20202020202020202020343432383838206b420a427566666572733a20202020202020202020202035353430206b420a4361636865643a202020202020202020", "id": "1713794127" } }
D/InputEventConsistencyVerifier(  423): KeyEvent: ACTION_UP but key was not down.
D/InputEventConsistencyVerifier(  423):   in android.widget.FrameLayout@b3e2a0d0
D/InputEventConsistencyVerifier(  423):   0: sent at 226336000000, KeyEvent { action=ACTION_UP, keyCode=KEYCODE_DPAD_DOWN, scanCode=0, metaState=0, flags=0x400, repeatCount=0, eventTime=226336, downTime=226336, deviceId=-1, source=0x101 }
D/InputEventConsistencyVerifier(  423):   -- recent events --
D/InputEventConsistencyVerifier(  423):   1: sent at 215690000000, (unhandled) KeyEvent { action=ACTION_UP, keyCode=KEYCODE_DPAD_DOWN, scanCode=0, metaState=0, flags=0x80000008, repeatCount=0, eventTime=215690, downTime=215690, deviceId=-1, source=0x101 }
D/InputEventConsistencyVerifier(  423):   2: sent at 215158000000, MotionEvent { action=ACTION_UP, id[0]=0, x[0]=219.0, y[0]=638.0, toolType[0]=TOOL_TYPE_UNKNOWN, buttonState=0, metaState=0, flags=0x0, edgeFlags=0x0, pointerCount=1, historySize=0, eventTime=215158, downTime=215049, deviceId=0, source=0x1002 }
D/InputEventConsistencyVerifier(  423):   3: sent at 215155000000, MotionEvent { action=ACTION_MOVE, id[0]=0, x[0]=225.0, y[0]=644.0, toolType[0]=TOOL_TYPE_UNKNOWN, buttonState=0, metaState=0, flags=0x0, edgeFlags=0x0, pointerCount=1, historySize=6, eventTime=215155, downTime=215049, deviceId=0, source=0x1002 }
D/InputEventConsistencyVerifier(  423):   4: sent at 215077000000, MotionEvent { action=ACTION_DOWN, id[0]=0, x[0]=242.0, y[0]=668.0, toolType[0]=TOOL_TYPE_UNKNOWN, buttonState=0, metaState=0, flags=0x80000000, edgeFlags=0x0, pointerCount=1, historySize=0, eventTime=215077, downTime=215049, deviceId=0, source=0x1002 }
D/InputEventConsistencyVerifier(  423):   5: sent at 214822000000, MotionEvent { action=ACTION_UP, id[0]=0, x[0]=419.0, y[0]=226.0, toolType[0]=TOOL_TYPE_UNKNOWN, buttonState=0, metaState=0, flags=0x0, edgeFlags=0x0, pointerCount=1, historySize=0, eventTime=214822, downTime=214756, deviceId=0, source=0x1002 }
W/dalvikvm(  423): DroidBox: { "FdAccess": { "path": "2f70726f632f6d656d696e666f", "id": "861635511" } }
W/DroidBox(  423): DroidBox: { "FileRW": { "operation": "read", "data": "4d656d546f74616c3a202020202020202020373438393634206b420a4d656d467265653a20202020202020202020343432383838206b420a427566666572733a20202020202020202020202035353430206b420a4361636865643a202020202020202020", "id": "861635511" } }
D/InputEventConsistencyVerifier(  423): KeyEvent: ACTION_UP but key was not down.
D/InputEventConsistencyVerifier(  423):   in com.android.systemui.statusbar.phone.StatusBarWindowView@b3e2b348
D/InputEventConsistencyVerifier(  423):   0: sent at 226576000000, KeyEvent { action=ACTION_UP, keyCode=KEYCODE_DPAD_RIGHT, scanCode=0, metaState=0, flags=0x400, repeatCount=0, eventTime=226576, downTime=226576, deviceId=-1, source=0x101 }
D/InputEventConsistencyVerifier(  423):   -- recent events --
D/InputEventConsistencyVerifier(  423):   1: sent at 226566000000, (unhandled) MotionEvent { action=ACTION_MOVE, id[0]=0, x[0]=4.0, y[0]=2.0, toolType[0]=TOOL_TYPE_UNKNOWN, buttonState=0, metaState=0, flags=0x0, edgeFlags=0x0, pointerCount=1, historySize=9, eventTime=226566, downTime=-1, deviceId=0, source=0x10004 }
D/InputEventConsistencyVerifier(  423):   2: sent at 226484000000, MotionEvent { action=ACTION_UP, id[0]=0, x[0]=416.0, y[0]=572.0, toolType[0]=TOOL_TYPE_UNKNOWN, buttonState=0, metaState=0, flags=0x0, edgeFlags=0x0, pointerCount=1, historySize=0, eventTime=226484, downTime=226474, deviceId=0, source=0x1002 }
D/InputEventConsistencyVerifier(  423):   3: sent at 226474000000, MotionEvent { action=ACTION_DOWN, id[0]=0, x[0]=416.0, y[0]=572.0, toolType[0]=TOOL_TYPE_UNKNOWN, buttonState=0, metaState=0, flags=0x0, edgeFlags=0x0, pointerCount=1, historySize=0, eventTime=226474, downTime=226474, deviceId=0, source=0x1002 }
D/InputEventConsistencyVerifier(  423):   4: sent at 226462000000, (unhandled) KeyEvent { action=ACTION_UP, keyCode=KEYCODE_DPAD_CENTER, scanCode=0, metaState=0, flags=0x8, repeatCount=0, eventTime=226462, downTime=226462, deviceId=-1, source=0x101 }
D/InputEventConsistencyVerifier(  423):   5: sent at 226394000000, (unhandled) KeyEvent { action=ACTION_DOWN, keyCode=KEYCODE_DPAD_CENTER, scanCode=0, metaState=0, flags=0x8, repeatCount=0, eventTime=226394, downTime=226394, deviceId=-1, source=0x101 }
D/InputEventConsistencyVerifier(  423): KeyEvent: ACTION_UP but key was not down.
D/InputEventConsistencyVerifier(  423):   in android.widget.FrameLayout@b3e2a0d0
D/InputEventConsistencyVerifier(  423):   0: sent at 226613000000, KeyEvent { action=ACTION_UP, keyCode=KEYCODE_DPAD_DOWN, scanCode=0, metaState=0, flags=0x8, repeatCount=0, eventTime=226613, downTime=226613, deviceId=-1, source=0x101 }
D/InputEventConsistencyVerifier(  423):   -- recent events --
D/InputEventConsistencyVerifier(  423):   1: sent at 226484000000, MotionEvent { action=ACTION_UP, id[0]=0, x[0]=416.0, y[0]=572.0, toolType[0]=TOOL_TYPE_UNKNOWN, buttonState=0, metaState=0, flags=0x0, edgeFlags=0x0, pointerCount=1, historySize=0, eventTime=226484, downTime=226474, deviceId=0, source=0x1002 }
D/InputEventConsistencyVerifier(  423):   2: sent at 226474000000, MotionEvent { action=ACTION_DOWN, id[0]=0, x[0]=416.0, y[0]=572.0, toolType[0]=TOOL_TYPE_UNKNOWN, buttonState=0, metaState=0, flags=0x0, edgeFlags=0x0, pointerCount=1, historySize=0, eventTime=226474, downTime=226474, deviceId=0, source=0x1002 }
D/InputEventConsistencyVerifier(  423):   3: sent at 226462000000, (unhandled) KeyEvent { action=ACTION_UP, keyCode=KEYCODE_DPAD_CENTER, scanCode=0, metaState=0, flags=0x8, repeatCount=0, eventTime=226462, downTime=226462, deviceId=-1, source=0x101 }
D/InputEventConsistencyVerifier(  423):   4: sent at 226394000000, (unhandled) KeyEvent { action=ACTION_DOWN, keyCode=KEYCODE_DPAD_CENTER, scanCode=0, metaState=0, flags=0x8, repeatCount=0, eventTime=226394, downTime=226394, deviceId=-1, source=0x101 }
D/InputEventConsistencyVerifier(  423):   5: sent at 226460000000, (unhandled) KeyEvent { action=ACTION_UP, keyCode=KEYCODE_DPAD_LEFT, scanCode=0, metaState=0, flags=0x400, repeatCount=0, eventTime=226460, downTime=226460, deviceId=-1, source=0x101 }
D/InputEventConsistencyVerifier(  423): KeyEvent: ACTION_UP but key was not down.
D/InputEventConsistencyVerifier(  423):   in com.android.systemui.statusbar.phone.StatusBarWindowView@b3e2b348
D/InputEventConsistencyVerifier(  423):   0: sent at 226745000000, KeyEvent { action=ACTION_UP, keyCode=KEYCODE_DPAD_DOWN, scanCode=0, metaState=0, flags=0x400, repeatCount=0, eventTime=226745, downTime=226745, deviceId=-1, source=0x101 }
D/InputEventConsistencyVerifier(  423):   -- recent events --
D/InputEventConsistencyVerifier(  423):   1: sent at 226733000000, (unhandled) MotionEvent { action=ACTION_MOVE, id[0]=0, x[0]=0.0, y[0]=3.0, toolType[0]=TOOL_TYPE_UNKNOWN, buttonState=0, metaState=0, flags=0x0, edgeFlags=0x0, pointerCount=1, historySize=3, eventTime=226733, downTime=-1, deviceId=0, source=0x10004 }
D/InputEventConsistencyVerifier(  423):   2: sent at 226702000000, MotionEvent { action=ACTION_UP, id[0]=0, x[0]=78.0, y[0]=4.0, toolType[0]=TOOL_TYPE_UNKNOWN, buttonState=0, metaState=0, flags=0x0, edgeFlags=0x0, pointerCount=1, historySize=0, eventTime=226702, downTime=226685, deviceId=0, source=0x1002 }
D/InputEventConsistencyVerifier(  423):   3: sent at 226686000000, MotionEvent { action=ACTION_DOWN, id[0]=0, x[0]=78.0, y[0]=8.0, toolType[0]=TOOL_TYPE_UNKNOWN, buttonState=0, metaState=0, flags=0x0, edgeFlags=0x0, pointerCount=1, historySize=0, eventTime=226686, downTime=226685, deviceId=0, source=0x1002 }
D/InputEventConsistencyVerifier(  423):   4: sent at 226679000000, (unhandled) KeyEvent { action=ACTION_UP, keyCode=KEYCODE_DPAD_DOWN, scanCode=0, metaState=0, flags=0x8, repeatCount=0, eventTime=226679, downTime=226679, deviceId=-1, source=0x101 }
D/InputEventConsistencyVerifier(  423):   5: sent at 226618000000, (unhandled) KeyEvent { action=ACTION_DOWN, keyCode=KEYCODE_DPAD_DOWN, scanCode=0, metaState=0, flags=0x8, repeatCount=0, eventTime=226618, downTime=226618, deviceId=-1, source=0x101 }
D/InputEventConsistencyVerifier(  423): KeyEvent: ACTION_UP but key was not down.
D/InputEventConsistencyVerifier(  423):   in android.widget.FrameLayout@b3e2a0d0
D/InputEventConsistencyVerifier(  423):   0: sent at 226745000000, KeyEvent { action=ACTION_UP, keyCode=KEYCODE_DPAD_DOWN, scanCode=0, metaState=0, flags=0x400, repeatCount=0, eventTime=226745, downTime=226745, deviceId=-1, source=0x101 }
D/InputEventConsistencyVerifier(  423):   -- recent events --
D/InputEventConsistencyVerifier(  423):   1: sent at 226702000000, MotionEvent { action=ACTION_UP, id[0]=0, x[0]=78.0, y[0]=4.0, toolType[0]=TOOL_TYPE_UNKNOWN, buttonState=0, metaState=0, flags=0x0, edgeFlags=0x0, pointerCount=1, historySize=0, eventTime=226702, downTime=226685, deviceId=0, source=0x1002 }
D/InputEventConsistencyVerifier(  423):   2: sent at 226686000000, MotionEvent { action=ACTION_DOWN, id[0]=0, x[0]=78.0, y[0]=8.0, toolType[0]=TOOL_TYPE_UNKNOWN, buttonState=0, metaState=0, flags=0x0, edgeFlags=0x0, pointerCount=1, historySize=0, eventTime=226686, downTime=226685, deviceId=0, source=0x1002 }
D/InputEventConsistencyVerifier(  423):   3: sent at 226679000000, (unhandled) KeyEvent { action=ACTION_UP, keyCode=KEYCODE_DPAD_DOWN, scanCode=0, metaState=0, flags=0x8, repeatCount=0, eventTime=226679, downTime=226679, deviceId=-1, source=0x101 }
D/InputEventConsistencyVerifier(  423):   4: sent at 226618000000, (unhandled) KeyEvent { action=ACTION_DOWN, keyCode=KEYCODE_DPAD_DOWN, scanCode=0, metaState=0, flags=0x8, repeatCount=0, eventTime=226618, downTime=226618, deviceId=-1, source=0x101 }
D/InputEventConsistencyVerifier(  423):   5: sent at 226613000000, (unhandled) KeyEvent { action=ACTION_UP, keyCode=KEYCODE_DPAD_DOWN, scanCode=0, metaState=0, flags=0x80000008, repeatCount=0, eventTime=226613, downTime=226613, deviceId=-1, source=0x101 }
D/InputEventConsistencyVerifier(  423): KeyEvent: ACTION_UP but key was not down.
D/InputEventConsistencyVerifier(  423):   in com.android.systemui.statusbar.phone.PhoneStatusBarView@b3e2d2e0
D/InputEventConsistencyVerifier(  423):   0: sent at 226805000000, KeyEvent { action=ACTION_UP, keyCode=KEYCODE_DPAD_UP, scanCode=0, metaState=0, flags=0x400, repeatCount=0, eventTime=226805, downTime=226805, deviceId=-1, source=0x101 }
D/InputEventConsistencyVerifier(  423):   -- recent events --
D/InputEventConsistencyVerifier(  423):   1: sent at 226745000000, (unhandled) KeyEvent { action=ACTION_DOWN, keyCode=KEYCODE_DPAD_DOWN, scanCode=0, metaState=0, flags=0x400, repeatCount=0, eventTime=226745, downTime=226745, deviceId=-1, source=0x101 }
D/InputEventConsistencyVerifier(  423):   2: sent at 226745000000, (unhandled) KeyEvent { action=ACTION_UP, keyCode=KEYCODE_DPAD_DOWN, scanCode=0, metaState=0, flags=0x80000400, repeatCount=0, eventTime=226745, downTime=226745, deviceId=-1, source=0x101 }
D/InputEventConsistencyVerifier(  423):   3: sent at 226594000000, (unhandled) KeyEvent { action=ACTION_DOWN, keyCode=KEYCODE_DPAD_DOWN, scanCode=0, metaState=0, flags=0x8, repeatCount=0, eventTime=226594, downTime=226594, deviceId=-1, source=0x101 }
D/InputEventConsistencyVerifier(  423):   4: sent at 226585000000, (unhandled) KeyEvent { action=ACTION_UP, keyCode=KEYCODE_DPAD_UP, scanCode=0, metaState=0, flags=0x8, repeatCount=0, eventTime=226585, downTime=226585, deviceId=-1, source=0x101 }
D/InputEventConsistencyVerifier(  423):   5: sent at 226569000000, (unhandled) KeyEvent { action=ACTION_DOWN, keyCode=KEYCODE_DPAD_UP, scanCode=0, metaState=0, flags=0x8, repeatCount=0, eventTime=226569, downTime=226569, deviceId=-1, source=0x101 }
D/InputEventConsistencyVerifier(  423): TrackballEvent: Trackball is down but pressure is not greater than 0.
D/InputEventConsistencyVerifier(  423):   in android.view.ViewRootImpl@b3ebccc0
D/InputEventConsistencyVerifier(  423):   0: sent at 226828000000, MotionEvent { action=ACTION_DOWN, id[0]=0, x[0]=0.0, y[0]=0.0, toolType[0]=TOOL_TYPE_UNKNOWN, buttonState=0, metaState=0, flags=0x0, edgeFlags=0x0, pointerCount=1, historySize=0, eventTime=226828, downTime=226712, deviceId=0, source=0x10004 }
D/InputEventConsistencyVerifier(  423):   -- recent events --
D/InputEventConsistencyVerifier(  423):   1: sent at 226878000000, KeyEvent { action=ACTION_UP, keyCode=KEYCODE_DPAD_RIGHT, scanCode=0, metaState=0, flags=0x400, repeatCount=0, eventTime=226878, downTime=226878, deviceId=-1, source=0x101 }
D/InputEventConsistencyVerifier(  423):   2: sent at 226878000000, KeyEvent { action=ACTION_DOWN, keyCode=KEYCODE_DPAD_RIGHT, scanCode=0, metaState=0, flags=0x400, repeatCount=0, eventTime=226878, downTime=226878, deviceId=-1, source=0x101 }
D/InputEventConsistencyVerifier(  423):   3: sent at 226878000000, KeyEvent { action=ACTION_UP, keyCode=KEYCODE_DPAD_RIGHT, scanCode=0, metaState=0, flags=0x400, repeatCount=0, eventTime=226878, downTime=226878, deviceId=-1, source=0x101 }
D/InputEventConsistencyVerifier(  423):   4: sent at 226878000000, KeyEvent { action=ACTION_DOWN, keyCode=KEYCODE_DPAD_RIGHT, scanCode=0, metaState=0, flags=0x400, repeatCount=0, eventTime=226878, downTime=226878, deviceId=-1, source=0x101 }
D/InputEventConsistencyVerifier(  423):   5: sent at 226878000000, KeyEvent { action=ACTION_UP, keyCode=KEYCODE_DPAD_RIGHT, scanCode=0, metaState=0, flags=0x400, repeatCount=0, eventTime=226878, downTime=226878, deviceId=-1, source=0x101 }
I/Choreographer(  423): Skipped 30 frames!  The application may be doing too much work on its main thread.
D/InputEventConsistencyVerifier(  423): KeyEvent: ACTION_UP but key was not down.
D/InputEventConsistencyVerifier(  423):   in android.widget.FrameLayout@b3e2a0d0
D/InputEventConsistencyVerifier(  423):   0: sent at 227003000000, KeyEvent { action=ACTION_UP, keyCode=KEYCODE_DPAD_DOWN, scanCode=0, metaState=0, flags=0x400, repeatCount=0, eventTime=227003, downTime=227003, deviceId=-1, source=0x101 }
D/InputEventConsistencyVerifier(  423):   -- recent events --
D/InputEventConsistencyVerifier(  423):   1: sent at 226805000000, (unhandled) KeyEvent { action=ACTION_DOWN, keyCode=KEYCODE_DPAD_UP, scanCode=0, metaState=0, flags=0x400, repeatCount=0, eventTime=226805, downTime=226805, deviceId=-1, source=0x101 }
D/InputEventConsistencyVerifier(  423):   2: sent at 226758000000, (unhandled) MotionEvent { action=ACTION_MOVE, id[0]=0, x[0]=-1.0, y[0]=-4.0, toolType[0]=TOOL_TYPE_UNKNOWN, buttonState=0, metaState=0, flags=0x0, edgeFlags=0x0, pointerCount=1, historySize=3, eventTime=226758, downTime=-1, deviceId=0, source=0x10004 }
D/InputEventConsistencyVerifier(  423):   3: sent at 226746000000, (unhandled) KeyEvent { action=ACTION_UP, keyCode=KEYCODE_DPAD_DOWN, scanCode=0, metaState=0, flags=0x400, repeatCount=0, eventTime=226746, downTime=226746, deviceId=-1, source=0x101 }
D/InputEventConsistencyVerifier(  423):   4: sent at 226746000000, (unhandled) KeyEvent { action=ACTION_DOWN, keyCode=KEYCODE_DPAD_DOWN, scanCode=0, metaState=0, flags=0x400, repeatCount=0, eventTime=226746, downTime=226746, deviceId=-1, source=0x101 }
D/InputEventConsistencyVerifier(  423):   5: sent at 226745000000, (unhandled) KeyEvent { action=ACTION_UP, keyCode=KEYCODE_DPAD_DOWN, scanCode=0, metaState=0, flags=0x80000400, repeatCount=0, eventTime=226745, downTime=226745, deviceId=-1, source=0x101 }
I/Choreographer(  423): Skipped 33 frames!  The application may be doing too much work on its main thread.
D/InputEventConsistencyVerifier(  423): KeyEvent: ACTION_UP but key was not down.
D/InputEventConsistencyVerifier(  423):   in com.android.systemui.statusbar.phone.StatusBarWindowView@b3e2b348
D/InputEventConsistencyVerifier(  423):   0: sent at 227425000000, KeyEvent { action=ACTION_UP, keyCode=KEYCODE_DPAD_DOWN, scanCode=0, metaState=0, flags=0x8, repeatCount=0, eventTime=227425, downTime=227425, deviceId=-1, source=0x101 }
D/InputEventConsistencyVerifier(  423):   -- recent events --
D/InputEventConsistencyVerifier(  423):   1: sent at 227376000000, MotionEvent { action=ACTION_UP, id[0]=0, x[0]=411.79245, y[0]=288.0, toolType[0]=TOOL_TYPE_UNKNOWN, buttonState=0, metaState=0, flags=0x0, edgeFlags=0x0, pointerCount=1, historySize=0, eventTime=227376, downTime=227350, deviceId=0, source=0x1002 }
D/InputEventConsistencyVerifier(  423):   2: sent at 227373512130, MotionEvent { action=ACTION_MOVE, id[0]=0, x[0]=411.79245, y[0]=288.0, toolType[0]=TOOL_TYPE_UNKNOWN, buttonState=0, metaState=0, flags=0x0, edgeFlags=0x0, pointerCount=1, historySize=7, eventTime=227373, downTime=227350, deviceId=0, source=0x1002 }
D/InputEventConsistencyVerifier(  423):   3: sent at 227353000000, MotionEvent { action=ACTION_DOWN, id[0]=0, x[0]=342.0, y[0]=301.0, toolType[0]=TOOL_TYPE_UNKNOWN, buttonState=0, metaState=0, flags=0x0, edgeFlags=0x0, pointerCount=1, historySize=0, eventTime=227353, downTime=227350, deviceId=0, source=0x1002 }
D/InputEventConsistencyVerifier(  423):   4: sent at 227342000000, MotionEvent { action=ACTION_UP, id[0]=0, x[0]=106.0, y[0]=294.0, toolType[0]=TOOL_TYPE_UNKNOWN, buttonState=0, metaState=0, flags=0x0, edgeFlags=0x0, pointerCount=1, historySize=0, eventTime=227342, downTime=227334, deviceId=0, source=0x1002 }
D/InputEventConsistencyVerifier(  423):   5: sent at 227335000000, MotionEvent { action=ACTION_DOWN, id[0]=0, x[0]=103.0, y[0]=280.0, toolType[0]=TOOL_TYPE_UNKNOWN, buttonState=0, metaState=0, flags=0x0, edgeFlags=0x0, pointerCount=1, historySize=0, eventTime=227335, downTime=227334, deviceId=0, source=0x1002 }
D/InputEventConsistencyVerifier(  423): TouchEvent: ACTION_DOWN but pointers are already down.  Probably missing ACTION_UP from previous gesture.
D/InputEventConsistencyVerifier(  423):   in android.view.ScaleGestureDetector@b3ecbc30
D/InputEventConsistencyVerifier(  423):   0: sent at 227703000000, MotionEvent { action=ACTION_DOWN, id[0]=0, x[0]=299.0, y[0]=348.0, toolType[0]=TOOL_TYPE_UNKNOWN, buttonState=0, metaState=0, flags=0x0, edgeFlags=0x0, pointerCount=1, historySize=0, eventTime=227703, downTime=227702, deviceId=0, source=0x1002 }
D/InputEventConsistencyVerifier(  423):   -- recent events --
D/InputEventConsistencyVerifier(  423):   1: sent at 227373512130, MotionEvent { action=ACTION_MOVE, id[0]=0, x[0]=411.79245, y[0]=288.0, toolType[0]=TOOL_TYPE_UNKNOWN, buttonState=0, metaState=0, flags=0x0, edgeFlags=0x0, pointerCount=1, historySize=7, eventTime=227373, downTime=227350, deviceId=0, source=0x1002 }
D/InputEventConsistencyVerifier(  423):   2: sent at 227353000000, MotionEvent { action=ACTION_DOWN, id[0]=0, x[0]=342.0, y[0]=301.0, toolType[0]=TOOL_TYPE_UNKNOWN, buttonState=0, metaState=0, flags=0x0, edgeFlags=0x0, pointerCount=1, historySize=0, eventTime=227353, downTime=227350, deviceId=0, source=0x1002 }
D/InputEventConsistencyVerifier(  423):   3: sent at 227342000000, MotionEvent { action=ACTION_UP, id[0]=0, x[0]=106.0, y[0]=294.0, toolType[0]=TOOL_TYPE_UNKNOWN, buttonState=0, metaState=0, flags=0x0, edgeFlags=0x0, pointerCount=1, historySize=0, eventTime=227342, downTime=227334, deviceId=0, source=0x1002 }
D/InputEventConsistencyVerifier(  423):   4: sent at 227335000000, MotionEvent { action=ACTION_DOWN, id[0]=0, x[0]=103.0, y[0]=280.0, toolType[0]=TOOL_TYPE_UNKNOWN, buttonState=0, metaState=0, flags=0x0, edgeFlags=0x0, pointerCount=1, historySize=0, eventTime=227335, downTime=227334, deviceId=0, source=0x1002 }
D/InputEventConsistencyVerifier(  423):   5: sent at 227326000000, MotionEvent { action=ACTION_UP, id[0]=0, x[0]=387.0, y[0]=435.0, toolType[0]=TOOL_TYPE_UNKNOWN, buttonState=0, metaState=0, flags=0x0, edgeFlags=0x0, pointerCount=1, historySize=0, eventTime=227326, downTime=227316, deviceId=0, source=0x1002 }
D/InputEventConsistencyVerifier(  423): TouchEvent: ACTION_DOWN but pointers are already down.  Probably missing ACTION_UP from previous gesture.
D/InputEventConsistencyVerifier(  423):   in android.view.ScaleGestureDetector@b3ecbc30
D/InputEventConsistencyVerifier(  423):   0: sent at 227865000000, MotionEvent { action=ACTION_DOWN, id[0]=0, x[0]=439.0, y[0]=575.0, toolType[0]=TOOL_TYPE_UNKNOWN, buttonState=0, metaState=0, flags=0x0, edgeFlags=0x0, pointerCount=1, historySize=0, eventTime=227865, downTime=227853, deviceId=0, source=0x1002 }
D/InputEventConsistencyVerifier(  423):   -- recent events --
D/InputEventConsistencyVerifier(  423):   1: sent at 227775000000, MotionEvent { action=ACTION_MOVE, id[0]=0, x[0]=120.0, y[0]=584.0, toolType[0]=TOOL_TYPE_UNKNOWN, buttonState=0, metaState=0, flags=0x0, edgeFlags=0x0, pointerCount=1, historySize=3, eventTime=227775, downTime=227739, deviceId=0, source=0x1002 }
D/InputEventConsistencyVerifier(  423):   2: sent at 227763000000, MotionEvent { action=ACTION_DOWN, id[0]=0, x[0]=106.0, y[0]=567.0, toolType[0]=TOOL_TYPE_UNKNOWN, buttonState=0, metaState=0, flags=0x0, edgeFlags=0x0, pointerCount=1, historySize=0, eventTime=227763, downTime=227739, deviceId=0, source=0x1002 }
D/InputEventConsistencyVerifier(  423):   3: sent at 227709000000, MotionEvent { action=ACTION_UP, id[0]=0, x[0]=312.0, y[0]=341.0, toolType[0]=TOOL_TYPE_UNKNOWN, buttonState=0, metaState=0, flags=0x0, edgeFlags=0x0, pointerCount=1, historySize=0, eventTime=227709, downTime=227702, deviceId=0, source=0x1002 }
D/InputEventConsistencyVerifier(  423):   4: sent at 227703000000, MotionEvent { action=ACTION_DOWN, id[0]=0, x[0]=299.0, y[0]=348.0, toolType[0]=TOOL_TYPE_UNKNOWN, buttonState=0, metaState=0, flags=0x80000000, edgeFlags=0x0, pointerCount=1, historySize=0, eventTime=227703, downTime=227702, deviceId=0, source=0x1002 }
D/InputEventConsistencyVerifier(  423):   5: sent at 227373512130, MotionEvent { action=ACTION_MOVE, id[0]=0, x[0]=411.79245, y[0]=288.0, toolType[0]=TOOL_TYPE_UNKNOWN, buttonState=0, metaState=0, flags=0x0, edgeFlags=0x0, pointerCount=1, historySize=7, eventTime=227373, downTime=227350, deviceId=0, source=0x1002 }
D/InputEventConsistencyVerifier(  423): KeyEvent: ACTION_UP but key was not down.
D/InputEventConsistencyVerifier(  423):   in com.android.systemui.statusbar.phone.StatusBarWindowView@b3e2b348
D/InputEventConsistencyVerifier(  423):   0: sent at 228086000000, KeyEvent { action=ACTION_UP, keyCode=KEYCODE_DPAD_UP, scanCode=0, metaState=0, flags=0x8, repeatCount=0, eventTime=228086, downTime=228086, deviceId=-1, source=0x101 }
D/InputEventConsistencyVerifier(  423):   -- recent events --
D/InputEventConsistencyVerifier(  423):   1: sent at 228022000000, MotionEvent { action=ACTION_UP, id[0]=0, x[0]=446.0, y[0]=686.0, toolType[0]=TOOL_TYPE_UNKNOWN, buttonState=0, metaState=0, flags=0x0, edgeFlags=0x0, pointerCount=1, historySize=0, eventTime=228022, downTime=227853, deviceId=0, source=0x1002 }
D/InputEventConsistencyVerifier(  423):   2: sent at 228018000000, MotionEvent { action=ACTION_MOVE, id[0]=0, x[0]=443.0, y[0]=668.0, toolType[0]=TOOL_TYPE_UNKNOWN, buttonState=0, metaState=0, flags=0x0, edgeFlags=0x0, pointerCount=1, historySize=5, eventTime=228018, downTime=227853, deviceId=0, source=0x1002 }
D/InputEventConsistencyVerifier(  423):   3: sent at 227927000000, MotionEvent { action=ACTION_MOVE, id[0]=0, x[0]=439.0, y[0]=577.2963, toolType[0]=TOOL_TYPE_UNKNOWN, buttonState=0, metaState=0, flags=0x0, edgeFlags=0x0, pointerCount=1, historySize=1, eventTime=227927, downTime=227853, deviceId=0, source=0x1002 }
D/InputEventConsistencyVerifier(  423):   4: sent at 227865000000, MotionEvent { action=ACTION_DOWN, id[0]=0, x[0]=439.0, y[0]=575.0, toolType[0]=TOOL_TYPE_UNKNOWN, buttonState=0, metaState=0, flags=0x0, edgeFlags=0x0, pointerCount=1, historySize=0, eventTime=227865, downTime=227853, deviceId=0, source=0x1002 }
D/InputEventConsistencyVerifier(  423):   5: sent at 227843000000, (unhandled) KeyEvent { action=ACTION_UP, keyCode=KEYCODE_NUMPAD_SUBTRACT, scanCode=0, metaState=0, flags=0x8, repeatCount=0, eventTime=227843, downTime=227843, deviceId=-1, source=0x101 }
D/InputEventConsistencyVerifier(  423): TouchEvent: ACTION_DOWN but pointers are already down.  Probably missing ACTION_UP from previous gesture.
D/InputEventConsistencyVerifier(  423):   in android.view.ScaleGestureDetector@b3ecbc30
D/InputEventConsistencyVerifier(  423):   0: sent at 228132000000, MotionEvent { action=ACTION_DOWN, id[0]=0, x[0]=112.0, y[0]=795.0, toolType[0]=TOOL_TYPE_UNKNOWN, buttonState=0, metaState=0, flags=0x0, edgeFlags=0x0, pointerCount=1, historySize=0, eventTime=228132, downTime=228130, deviceId=0, source=0x1002 }
D/InputEventConsistencyVerifier(  423):   -- recent events --
D/InputEventConsistencyVerifier(  423):   1: sent at 228018000000, MotionEvent { action=ACTION_MOVE, id[0]=0, x[0]=443.0, y[0]=668.0, toolType[0]=TOOL_TYPE_UNKNOWN, buttonState=0, metaState=0, flags=0x0, edgeFlags=0x0, pointerCount=1, historySize=5, eventTime=228018, downTime=227853, deviceId=0, source=0x1002 }
D/InputEventConsistencyVerifier(  423):   2: sent at 227927000000, MotionEvent { action=ACTION_MOVE, id[0]=0, x[0]=439.0, y[0]=577.2963, toolType[0]=TOOL_TYPE_UNKNOWN, buttonState=0, metaState=0, flags=0x0, edgeFlags=0x0, pointerCount=1, historySize=1, eventTime=227927, downTime=227853, deviceId=0, source=0x1002 }
D/InputEventConsistencyVerifier(  423):   3: sent at 227865000000, MotionEvent { action=ACTION_DOWN, id[0]=0, x[0]=439.0, y[0]=575.0, toolType[0]=TOOL_TYPE_UNKNOWN, buttonState=0, metaState=0, flags=0x80000000, edgeFlags=0x0, pointerCount=1, historySize=0, eventTime=227865, downTime=227853, deviceId=0, source=0x1002 }
D/InputEventConsistencyVerifier(  423):   4: sent at 227775000000, MotionEvent { action=ACTION_MOVE, id[0]=0, x[0]=120.0, y[0]=584.0, toolType[0]=TOOL_TYPE_UNKNOWN, buttonState=0, metaState=0, flags=0x0, edgeFlags=0x0, pointerCount=1, historySize=3, eventTime=227775, downTime=227739, deviceId=0, source=0x1002 }
D/InputEventConsistencyVerifier(  423):   5: sent at 227763000000, MotionEvent { action=ACTION_DOWN, id[0]=0, x[0]=106.0, y[0]=567.0, toolType[0]=TOOL_TYPE_UNKNOWN, buttonState=0, metaState=0, flags=0x0, edgeFlags=0x0, pointerCount=1, historySize=0, eventTime=227763, downTime=227739, deviceId=0, source=0x1002 }
W/dalvikvm(  423): DroidBox: { "FdAccess": { "path": "2f70726f632f6d656d696e666f", "id": "2005161457" } }
W/DroidBox(  423): DroidBox: { "FileRW": { "operation": "read", "data": "4d656d546f74616c3a202020202020202020373438393634206b420a4d656d467265653a20202020202020202020343432333932206b420a427566666572733a20202020202020202020202035353430206b420a4361636865643a202020202020202020", "id": "2005161457" } }
D/InputEventConsistencyVerifier(  423): KeyEvent: ACTION_UP but key was not down.
D/InputEventConsistencyVerifier(  423):   in com.android.systemui.statusbar.phone.StatusBarWindowView@b3e2b348
D/InputEventConsistencyVerifier(  423):   0: sent at 228272000000, KeyEvent { action=ACTION_UP, keyCode=KEYCODE_DPAD_CENTER, scanCode=0, metaState=0, flags=0x8, repeatCount=0, eventTime=228272, downTime=228272, deviceId=-1, source=0x101 }
D/InputEventConsistencyVerifier(  423):   -- recent events --
