D/InputEventConsistencyVerifier(  419):   3: sent at 134658000000, MotionEvent { action=ACTION_UP, id[0]=0, x[0]=61.0, y[0]=710.0, toolType[0]=TOOL_TYPE_UNKNOWN, buttonState=0, metaState=0, flags=0x0, edgeFlags=0x0, pointerCount=1, historySize=0, eventTime=134658, downTime=134653, deviceId=0, source=0x1002 }
D/InputEventConsistencyVerifier(  419):   4: sent at 134653000000, MotionEvent { action=ACTION_DOWN, id[0]=0, x[0]=48.0, y[0]=718.0, toolType[0]=TOOL_TYPE_UNKNOWN, buttonState=0, metaState=0, flags=0x0, edgeFlags=0x0, pointerCount=1, historySize=0, eventTime=134653, downTime=134653, deviceId=0, source=0x1002 }
D/InputEventConsistencyVerifier(  419):   5: sent at 134643000000, MotionEvent { action=ACTION_UP, id[0]=0, x[0]=49.0, y[0]=74.0, toolType[0]=TOOL_TYPE_UNKNOWN, buttonState=0, metaState=0, flags=0x0, edgeFlags=0x0, pointerCount=1, historySize=0, eventTime=134643, downTime=134632, deviceId=0, source=0x1002 }
D/InputEventConsistencyVerifier(  419): KeyEvent: ACTION_UP but key was not down.
D/InputEventConsistencyVerifier(  419):   in com.android.systemui.statusbar.phone.StatusBarWindowView@b3db51d8
D/InputEventConsistencyVerifier(  419):   0: sent at 134952000000, KeyEvent { action=ACTION_UP, keyCode=KEYCODE_DPAD_DOWN, scanCode=0, metaState=0, flags=0x8, repeatCount=0, eventTime=134952, downTime=134952, deviceId=-1, source=0x101 }
D/InputEventConsistencyVerifier(  419):   -- recent events --
D/InputEventConsistencyVerifier(  419):   1: sent at 134895000000, MotionEvent { action=ACTION_UP, id[0]=0, x[0]=170.0, y[0]=703.0, toolType[0]=TOOL_TYPE_UNKNOWN, buttonState=0, metaState=0, flags=0x0, edgeFlags=0x0, pointerCount=1, historySize=0, eventTime=134895, downTime=134837, deviceId=0, source=0x1002 }
D/InputEventConsistencyVerifier(  419):   2: sent at 134892000000, MotionEvent { action=ACTION_MOVE, id[0]=0, x[0]=177.0, y[0]=704.0, toolType[0]=TOOL_TYPE_UNKNOWN, buttonState=0, metaState=0, flags=0x0, edgeFlags=0x0, pointerCount=1, historySize=5, eventTime=134892, downTime=134837, deviceId=0, source=0x1002 }
D/InputEventConsistencyVerifier(  419):   3: sent at 134840000000, MotionEvent { action=ACTION_DOWN, id[0]=0, x[0]=194.0, y[0]=707.0, toolType[0]=TOOL_TYPE_UNKNOWN, buttonState=0, metaState=0, flags=0x0, edgeFlags=0x0, pointerCount=1, historySize=0, eventTime=134840, downTime=134837, deviceId=0, source=0x1002 }
D/InputEventConsistencyVerifier(  419):   4: sent at 134831000000, (unhandled) KeyEvent { action=ACTION_UP, keyCode=KEYCODE_DPAD_CENTER, scanCode=0, metaState=0, flags=0x8, repeatCount=0, eventTime=134831, downTime=134831, deviceId=-1, source=0x101 }
D/InputEventConsistencyVerifier(  419):   5: sent at 134798000000, (unhandled) KeyEvent { action=ACTION_DOWN, keyCode=KEYCODE_DPAD_CENTER, scanCode=0, metaState=0, flags=0x8, repeatCount=0, eventTime=134798, downTime=134798, deviceId=-1, source=0x101 }
D/InputEventConsistencyVerifier(  419): KeyEvent: ACTION_UP but key was not down.
D/InputEventConsistencyVerifier(  419):   in com.android.systemui.statusbar.phone.StatusBarWindowView@b3db51d8
D/InputEventConsistencyVerifier(  419):   0: sent at 135146000000, KeyEvent { action=ACTION_UP, keyCode=KEYCODE_DPAD_RIGHT, scanCode=0, metaState=0, flags=0x400, repeatCount=0, eventTime=135146, downTime=135146, deviceId=-1, source=0x101 }
D/InputEventConsistencyVerifier(  419):   -- recent events --
D/InputEventConsistencyVerifier(  419):   1: sent at 135102000000, (unhandled) MotionEvent { action=ACTION_MOVE, id[0]=0, x[0]=3.0, y[0]=0.0, toolType[0]=TOOL_TYPE_UNKNOWN, buttonState=0, metaState=0, flags=0x0, edgeFlags=0x0, pointerCount=1, historySize=9, eventTime=135102, downTime=-1, deviceId=0, source=0x10004 }
D/InputEventConsistencyVerifier(  419):   2: sent at 135009000000, MotionEvent { action=ACTION_UP, id[0]=0, x[0]=395.0, y[0]=374.0, toolType[0]=TOOL_TYPE_UNKNOWN, buttonState=0, metaState=0, flags=0x0, edgeFlags=0x0, pointerCount=1, historySize=0, eventTime=135009, downTime=134960, deviceId=0, source=0x1002 }
D/InputEventConsistencyVerifier(  419):   3: sent at 134987000000, MotionEvent { action=ACTION_DOWN, id[0]=0, x[0]=395.0, y[0]=374.0, toolType[0]=TOOL_TYPE_UNKNOWN, buttonState=0, metaState=0, flags=0x0, edgeFlags=0x0, pointerCount=1, historySize=0, eventTime=134987, downTime=134960, deviceId=0, source=0x1002 }
D/InputEventConsistencyVerifier(  419):   4: sent at 134952000000, (unhandled) KeyEvent { action=ACTION_UP, keyCode=KEYCODE_DPAD_DOWN, scanCode=0, metaState=0, flags=0x80000008, repeatCount=0, eventTime=134952, downTime=134952, deviceId=-1, source=0x101 }
D/InputEventConsistencyVerifier(  419):   5: sent at 134895000000, MotionEvent { action=ACTION_UP, id[0]=0, x[0]=170.0, y[0]=703.0, toolType[0]=TOOL_TYPE_UNKNOWN, buttonState=0, metaState=0, flags=0x0, edgeFlags=0x0, pointerCount=1, historySize=0, eventTime=134895, downTime=134837, deviceId=0, source=0x1002 }
D/InputEventConsistencyVerifier(  419): KeyEvent: ACTION_UP but key was not down.
D/InputEventConsistencyVerifier(  419):   in com.android.systemui.statusbar.phone.StatusBarWindowView@b3db51d8
D/InputEventConsistencyVerifier(  419):   0: sent at 135222000000, KeyEvent { action=ACTION_UP, keyCode=KEYCODE_DPAD_LEFT, scanCode=0, metaState=0, flags=0x8, repeatCount=0, eventTime=135222, downTime=135222, deviceId=-1, source=0x101 }
D/InputEventConsistencyVerifier(  419):   -- recent events --
D/InputEventConsistencyVerifier(  419):   1: sent at 135188000000, MotionEvent { action=ACTION_UP, id[0]=0, x[0]=134.0, y[0]=130.0, toolType[0]=TOOL_TYPE_UNKNOWN, buttonState=0, metaState=0, flags=0x0, edgeFlags=0x0, pointerCount=1, historySize=0, eventTime=135188, downTime=135181, deviceId=0, source=0x1002 }
D/InputEventConsistencyVerifier(  419):   2: sent at 135181000000, MotionEvent { action=ACTION_DOWN, id[0]=0, x[0]=132.0, y[0]=148.0, toolType[0]=TOOL_TYPE_UNKNOWN, buttonState=0, metaState=0, flags=0x0, edgeFlags=0x0, pointerCount=1, historySize=0, eventTime=135181, downTime=135181, deviceId=0, source=0x1002 }
D/InputEventConsistencyVerifier(  419):   3: sent at 135149000000, MotionEvent { action=ACTION_UP, id[0]=0, x[0]=218.0, y[0]=606.0, toolType[0]=TOOL_TYPE_UNKNOWN, buttonState=0, metaState=0, flags=0x0, edgeFlags=0x0, pointerCount=1, historySize=0, eventTime=135149, downTime=135106, deviceId=0, source=0x1002 }
D/InputEventConsistencyVerifier(  419):   4: sent at 135107000000, MotionEvent { action=ACTION_DOWN, id[0]=0, x[0]=208.0, y[0]=606.0, toolType[0]=TOOL_TYPE_UNKNOWN, buttonState=0, metaState=0, flags=0x0, edgeFlags=0x0, pointerCount=1, historySize=0, eventTime=135107, downTime=135106, deviceId=0, source=0x1002 }
D/InputEventConsistencyVerifier(  419):   5: sent at 135147000000, (unhandled) KeyEvent { action=ACTION_UP, keyCode=KEYCODE_DPAD_RIGHT, scanCode=0, metaState=0, flags=0x400, repeatCount=0, eventTime=135147, downTime=135147, deviceId=-1, source=0x101 }
I/Choreographer(  419): Skipped 31 frames!  The application may be doing too much work on its main thread.
I/ActivityManager(  225): START {act=android.intent.action.CALL_BUTTON flg=0x10000000 cmp=com.android.contacts/.activities.DialtactsActivity u=0} from pid 419
W/dalvikvm(  419): DroidBox: { "FdAccess": { "path": "2f70726f632f6d656d696e666f", "id": "712645441" } }
W/DroidBox(  419): DroidBox: { "FileRW": { "operation": "read", "data": "4d656d546f74616c3a202020202020202020373438393634206b420a4d656d467265653a20202020202020202020343531373238206b420a427566666572733a20202020202020202020202035333136206b420a4361636865643a202020202020202020", "id": "712645441" } }
I/Choreographer(  419): Skipped 49 frames!  The application may be doing too much work on its main thread.
I/ActivityManager(  225): Start proc com.android.music for broadcast com.android.music/.MediaButtonIntentReceiver: pid=1099 uid=10024 gids={3003, 1015, 1028}
W/dalvikvm(  419): DroidBox: { "FdAccess": { "path": "2f70726f632f6d656d696e666f", "id": "1919801099" } }
W/DroidBox(  419): DroidBox: { "FileRW": { "operation": "read", "data": "4d656d546f74616c3a202020202020202020373438393634206b420a4d656d467265653a20202020202020202020343531303630206b420a427566666572733a20202020202020202020202035333136206b420a4361636865643a202020202020202020", "id": "1919801099" } }
D/InputEventConsistencyVerifier(  419): TouchEvent: ACTION_DOWN but pointers are already down.  Probably missing ACTION_UP from previous gesture.
D/InputEventConsistencyVerifier(  419):   in android.view.ScaleGestureDetector@b3e55a18
D/InputEventConsistencyVerifier(  419):   0: sent at 135795000000, MotionEvent { action=ACTION_DOWN, id[0]=0, x[0]=214.0, y[0]=671.0, toolType[0]=TOOL_TYPE_UNKNOWN, buttonState=0, metaState=0, flags=0x0, edgeFlags=0x0, pointerCount=1, historySize=0, eventTime=135795, downTime=135793, deviceId=0, source=0x1002 }
D/InputEventConsistencyVerifier(  419):   -- recent events --
D/InputEventConsistencyVerifier(  419):   1: sent at 135628000000, MotionEvent { action=ACTION_DOWN, id[0]=0, x[0]=62.0, y[0]=722.0, toolType[0]=TOOL_TYPE_UNKNOWN, buttonState=0, metaState=0, flags=0x0, edgeFlags=0x0, pointerCount=1, historySize=0, eventTime=135628, downTime=135627, deviceId=0, source=0x1002 }
D/InputEventConsistencyVerifier(  419):   2: sent at 135188000000, MotionEvent { action=ACTION_UP, id[0]=0, x[0]=134.0, y[0]=130.0, toolType[0]=TOOL_TYPE_UNKNOWN, buttonState=0, metaState=0, flags=0x0, edgeFlags=0x0, pointerCount=1, historySize=0, eventTime=135188, downTime=135181, deviceId=0, source=0x1002 }
D/InputEventConsistencyVerifier(  419):   3: sent at 135181000000, MotionEvent { action=ACTION_DOWN, id[0]=0, x[0]=132.0, y[0]=148.0, toolType[0]=TOOL_TYPE_UNKNOWN, buttonState=0, metaState=0, flags=0x0, edgeFlags=0x0, pointerCount=1, historySize=0, eventTime=135181, downTime=135181, deviceId=0, source=0x1002 }
D/InputEventConsistencyVerifier(  419):   4: sent at 135149000000, MotionEvent { action=ACTION_UP, id[0]=0, x[0]=218.0, y[0]=606.0, toolType[0]=TOOL_TYPE_UNKNOWN, buttonState=0, metaState=0, flags=0x0, edgeFlags=0x0, pointerCount=1, historySize=0, eventTime=135149, downTime=135106, deviceId=0, source=0x1002 }
D/InputEventConsistencyVerifier(  419):   5: sent at 135107000000, MotionEvent { action=ACTION_DOWN, id[0]=0, x[0]=208.0, y[0]=606.0, toolType[0]=TOOL_TYPE_UNKNOWN, buttonState=0, metaState=0, flags=0x0, edgeFlags=0x0, pointerCount=1, historySize=0, eventTime=135107, downTime=135106, deviceId=0, source=0x1002 }
W/dalvikvm(  419): DroidBox: { "FdAccess": { "path": "2f70726f632f6d656d696e666f", "id": "1066336347" } }
W/DroidBox(  419): DroidBox: { "FileRW": { "operation": "read", "data": "4d656d546f74616c3a202020202020202020373438393634206b420a4d656d467265653a20202020202020202020343531303638206b420a427566666572733a20202020202020202020202035333136206b420a4361636865643a202020202020202020", "id": "1066336347" } }
W/InputMethodManagerService(  225): Window already focused, ignoring focus gain of: com.android.internal.view.IInputMethodClient$Stub$Proxy@b3f09340 attribute=android.view.inputmethod.EditorInfo@b3e8a230
I/Choreographer(  419): Skipped 46 frames!  The application may be doing too much work on its main thread.
V/PhoneStatusBar(  419): setLightsOn(true)
D/PhoneStatusBar(  419): disable: < expand icons alerts ticker* system_info back home recent clock >
I/InputAttributes(  475): InputType.TYPE_NULL is specified
E/Trace   ( 1099): error opening trace file: No such file or directory (2)
W/DroidBox( 1099): DroidBox: { "DexClassLoader": { "path": "/system/app/Music.apk" } }
I/Choreographer(  475): Skipped 239 frames!  The application may be doing too much work on its main thread.
W/DroidBox( 1099): DroidBox: { "ServiceStart": { "name": "com.android.music.MediaPlaybackService" } }
W/DroidBox( 1099): DroidBox: { "ServiceStart": { "name": "com.android.music.MediaPlaybackService" } }
I/Choreographer( 1047): Skipped 88 frames!  The application may be doing too much work on its main thread.
E/WVMExtractor(   64): Failed to open libwvm.so
I/AudioService(  225):   Remote Control   registerMediaButtonIntent() for PendingIntent{b41a9e68: PendingIntentRecord{b41c5e30 com.android.music broadcastIntent}}
I/Choreographer(  475): Skipped 177 frames!  The application may be doing too much work on its main thread.
I/Choreographer(  475): Skipped 134 frames!  The application may be doing too much work on its main thread.
E/WVMExtractor(   64): Failed to open libwvm.so
I/ActivityManager(  225): START {act=android.intent.action.CALL_BUTTON flg=0x10000000 cmp=com.android.contacts/.activities.DialtactsActivity u=0} from pid 1047
I/Choreographer(  475): Skipped 54 frames!  The application may be doing too much work on its main thread.
I/Choreographer(  475): Skipped 48 frames!  The application may be doing too much work on its main thread.
I/Choreographer( 1047): Skipped 41 frames!  The application may be doing too much work on its main thread.
D/InputEventConsistencyVerifier( 1047): KeyEvent: ACTION_UP but key was not down.
D/InputEventConsistencyVerifier( 1047):   in android.widget.LinearLayout@b3d8e590
D/InputEventConsistencyVerifier( 1047):   0: sent at 140464000000, KeyEvent { action=ACTION_UP, keyCode=KEYCODE_DPAD_RIGHT, scanCode=0, metaState=0, flags=0x400, repeatCount=0, eventTime=140464, downTime=140464, deviceId=-1, source=0x101 }
D/InputEventConsistencyVerifier( 1047):   -- recent events --
D/InputEventConsistencyVerifier( 1047):   1: sent at 125951000000, (unhandled) MotionEvent { action=ACTION_DOWN, id[0]=0, x[0]=112.0, y[0]=42.0, toolType[0]=TOOL_TYPE_UNKNOWN, buttonState=0, metaState=0, flags=0x0, edgeFlags=0x0, pointerCount=1, historySize=0, eventTime=125951, downTime=125946, deviceId=0, source=0x1002 }
D/InputEventConsistencyVerifier( 1047):   2: sent at 125823000000, (unhandled) MotionEvent { action=ACTION_DOWN, id[0]=0, x[0]=165.0, y[0]=28.0, toolType[0]=TOOL_TYPE_UNKNOWN, buttonState=0, metaState=0, flags=0x0, edgeFlags=0x0, pointerCount=1, historySize=0, eventTime=125823, downTime=125798, deviceId=0, source=0x1002 }
D/InputEventConsistencyVerifier( 1047):   3: sent at 111537000000, MotionEvent { action=ACTION_UP, id[0]=0, x[0]=478.0, y[0]=73.0, toolType[0]=TOOL_TYPE_UNKNOWN, buttonState=0, metaState=0, flags=0x0, edgeFlags=0x0, pointerCount=1, historySize=0, eventTime=111537, downTime=111364, deviceId=0, source=0x1002 }
D/InputEventConsistencyVerifier( 1047):   4: sent at 111533000000, MotionEvent { action=ACTION_MOVE, id[0]=0, x[0]=475.0, y[0]=66.0, toolType[0]=TOOL_TYPE_UNKNOWN, buttonState=0, metaState=0, flags=0x0, edgeFlags=0x0, pointerCount=1, historySize=4, eventTime=111533, downTime=111364, deviceId=0, source=0x1002 }
D/InputEventConsistencyVerifier( 1047):   5: sent at 111380000000, MotionEvent { action=ACTION_MOVE, id[0]=0, x[0]=465.5, y[0]=38.5, toolType[0]=TOOL_TYPE_UNKNOWN, buttonState=0, metaState=0, flags=0x0, edgeFlags=0x0, pointerCount=1, historySize=3, eventTime=111380, downTime=111364, deviceId=0, source=0x1002 }
I/InputAttributes(  475): InputType.TYPE_NULL is specified
I/Choreographer(  475): Skipped 115 frames!  The application may be doing too much work on its main thread.
D/InputEventConsistencyVerifier(  419): TouchEvent: ACTION_DOWN but pointers are already down.  Probably missing ACTION_UP from previous gesture.
D/InputEventConsistencyVerifier(  419):   in android.view.ScaleGestureDetector@b3e55a18
D/InputEventConsistencyVerifier(  419):   0: sent at 142096000000, MotionEvent { action=ACTION_DOWN, id[0]=0, x[0]=335.0, y[0]=23.0, toolType[0]=TOOL_TYPE_UNKNOWN, buttonState=0, metaState=0, flags=0x0, edgeFlags=0x0, pointerCount=1, historySize=0, eventTime=142096, downTime=142093, deviceId=0, source=0x1002 }
D/InputEventConsistencyVerifier(  419):   -- recent events --
D/InputEventConsistencyVerifier(  419):   1: sent at 135795000000, MotionEvent { action=ACTION_DOWN, id[0]=0, x[0]=214.0, y[0]=671.0, toolType[0]=TOOL_TYPE_UNKNOWN, buttonState=0, metaState=0, flags=0x80000000, edgeFlags=0x0, pointerCount=1, historySize=0, eventTime=135795, downTime=135793, deviceId=0, source=0x1002 }
D/InputEventConsistencyVerifier(  419):   2: sent at 135628000000, MotionEvent { action=ACTION_DOWN, id[0]=0, x[0]=62.0, y[0]=722.0, toolType[0]=TOOL_TYPE_UNKNOWN, buttonState=0, metaState=0, flags=0x0, edgeFlags=0x0, pointerCount=1, historySize=0, eventTime=135628, downTime=135627, deviceId=0, source=0x1002 }
D/InputEventConsistencyVerifier(  419):   3: sent at 135188000000, MotionEvent { action=ACTION_UP, id[0]=0, x[0]=134.0, y[0]=130.0, toolType[0]=TOOL_TYPE_UNKNOWN, buttonState=0, metaState=0, flags=0x0, edgeFlags=0x0, pointerCount=1, historySize=0, eventTime=135188, downTime=135181, deviceId=0, source=0x1002 }
D/InputEventConsistencyVerifier(  419):   4: sent at 135181000000, MotionEvent { action=ACTION_DOWN, id[0]=0, x[0]=132.0, y[0]=148.0, toolType[0]=TOOL_TYPE_UNKNOWN, buttonState=0, metaState=0, flags=0x0, edgeFlags=0x0, pointerCount=1, historySize=0, eventTime=135181, downTime=135181, deviceId=0, source=0x1002 }
D/InputEventConsistencyVerifier(  419):   5: sent at 135149000000, MotionEvent { action=ACTION_UP, id[0]=0, x[0]=218.0, y[0]=606.0, toolType[0]=TOOL_TYPE_UNKNOWN, buttonState=0, metaState=0, flags=0x0, edgeFlags=0x0, pointerCount=1, historySize=0, eventTime=135149, downTime=135106, deviceId=0, source=0x1002 }
W/dalvikvm(  419): DroidBox: { "FdAccess": { "path": "2f70726f632f6d656d696e666f", "id": "1304633658" } }
W/DroidBox(  419): DroidBox: { "FileRW": { "operation": "read", "data": "4d656d546f74616c3a202020202020202020373438393634206b420a4d656d467265653a20202020202020202020343530373830206b420a427566666572733a20202020202020202020202035333932206b420a4361636865643a202020202020202020", "id": "1304633658" } }
D/InputEventConsistencyVerifier(  419): TrackballEvent: Trackball is down but pressure is not greater than 0.
D/InputEventConsistencyVerifier(  419):   in android.view.ViewRootImpl@b3e46cc8
D/InputEventConsistencyVerifier(  419):   0: sent at 142289000000, MotionEvent { action=ACTION_DOWN, id[0]=0, x[0]=0.0, y[0]=0.0, toolType[0]=TOOL_TYPE_UNKNOWN, buttonState=0, metaState=0, flags=0x0, edgeFlags=0x0, pointerCount=1, historySize=0, eventTime=142289, downTime=142237, deviceId=0, source=0x10004 }
D/InputEventConsistencyVerifier(  419):   -- recent events --
D/InputEventConsistencyVerifier(  419):   1: sent at 142287000000, MotionEvent { action=ACTION_MOVE, id[0]=0, x[0]=-1.0, y[0]=-1.0, toolType[0]=TOOL_TYPE_UNKNOWN, buttonState=0, metaState=0, flags=0x0, edgeFlags=0x0, pointerCount=1, historySize=9, eventTime=142287, downTime=-1, deviceId=0, source=0x10004 }
D/InputEventConsistencyVerifier(  419):   2: sent at 142124000000, MotionEvent { action=ACTION_UP, id[0]=0, x[0]=376.0, y[0]=48.0, toolType[0]=TOOL_TYPE_UNKNOWN, buttonState=0, metaState=0, flags=0x0, edgeFlags=0x0, pointerCount=1, historySize=0, eventTime=142124, downTime=142093, deviceId=0, source=0x1002 }
D/InputEventConsistencyVerifier(  419):   3: sent at 142122000000, MotionEvent { action=ACTION_POINTER_UP(1), id[0]=0, x[0]=358.0, y[0]=39.0, toolType[0]=TOOL_TYPE_UNKNOWN, id[1]=1, x[1]=456.0, y[1]=43.0, toolType[1]=TOOL_TYPE_UNKNOWN, buttonState=0, metaState=0, flags=0x0, edgeFlags=0x0, pointerCount=2, historySize=0, eventTime=142122, downTime=142093, deviceId=0, source=0x1002 }
D/InputEventConsistencyVerifier(  419):   4: sent at 142118000000, MotionEvent { action=ACTION_MOVE, id[0]=0, x[0]=346.0, y[0]=38.0, toolType[0]=TOOL_TYPE_UNKNOWN, id[1]=1, x[1]=451.0, y[1]=45.0, toolType[1]=TOOL_TYPE_UNKNOWN, buttonState=0, metaState=0, flags=0x0, edgeFlags=0x0, pointerCount=2, historySize=0, eventTime=142118, downTime=142093, deviceId=0, source=0x1002 }
D/InputEventConsistencyVerifier(  419):   5: sent at 142112000000, MotionEvent { action=ACTION_POINTER_DOWN(1), id[0]=0, x[0]=344.0, y[0]=31.0, toolType[0]=TOOL_TYPE_UNKNOWN, id[1]=1, x[1]=437.0, y[1]=46.0, toolType[1]=TOOL_TYPE_UNKNOWN, buttonState=0, metaState=0, flags=0x0, edgeFlags=0x0, pointerCount=2, historySize=0, eventTime=142112, downTime=142093, deviceId=0, source=0x1002 }
D/InputEventConsistencyVerifier(  419): TrackballEvent: ACTION_UP but trackball is not down.
D/InputEventConsistencyVerifier(  419):   in com.android.systemui.statusbar.phone.PhoneStatusBarView@b3db7170
D/InputEventConsistencyVerifier(  419):   0: sent at 142291000000, MotionEvent { action=ACTION_UP, id[0]=0, x[0]=0.0, y[0]=0.0, toolType[0]=TOOL_TYPE_UNKNOWN, buttonState=0, metaState=0, flags=0x0, edgeFlags=0x0, pointerCount=1, historySize=0, eventTime=142291, downTime=142237, deviceId=0, source=0x10004 }
D/InputEventConsistencyVerifier(  419):   -- recent events --
D/InputEventConsistencyVerifier(  419):   1: sent at 142124000000, MotionEvent { action=ACTION_UP, id[0]=0, x[0]=376.0, y[0]=48.0, toolType[0]=TOOL_TYPE_UNKNOWN, buttonState=0, metaState=0, flags=0x0, edgeFlags=0x0, pointerCount=1, historySize=0, eventTime=142124, downTime=142093, deviceId=0, source=0x1002 }
D/InputEventConsistencyVerifier(  419):   2: sent at 142122000000, MotionEvent { action=ACTION_POINTER_UP(1), id[0]=0, x[0]=358.0, y[0]=39.0, toolType[0]=TOOL_TYPE_UNKNOWN, id[1]=1, x[1]=456.0, y[1]=43.0, toolType[1]=TOOL_TYPE_UNKNOWN, buttonState=0, metaState=0, flags=0x0, edgeFlags=0x0, pointerCount=2, historySize=0, eventTime=142122, downTime=142093, deviceId=0, source=0x1002 }
D/InputEventConsistencyVerifier(  419):   3: sent at 142118000000, MotionEvent { action=ACTION_MOVE, id[0]=0, x[0]=346.0, y[0]=38.0, toolType[0]=TOOL_TYPE_UNKNOWN, id[1]=1, x[1]=451.0, y[1]=45.0, toolType[1]=TOOL_TYPE_UNKNOWN, buttonState=0, metaState=0, flags=0x0, edgeFlags=0x0, pointerCount=2, historySize=0, eventTime=142118, downTime=142093, deviceId=0, source=0x1002 }
D/InputEventConsistencyVerifier(  419):   4: sent at 142112000000, MotionEvent { action=ACTION_POINTER_DOWN(1), id[0]=0, x[0]=344.0, y[0]=31.0, toolType[0]=TOOL_TYPE_UNKNOWN, id[1]=1, x[1]=437.0, y[1]=46.0, toolType[1]=TOOL_TYPE_UNKNOWN, buttonState=0, metaState=0, flags=0x0, edgeFlags=0x0, pointerCount=2, historySize=0, eventTime=142112, downTime=142093, deviceId=0, source=0x1002 }
D/InputEventConsistencyVerifier(  419):   5: sent at 142096000000, MotionEvent { action=ACTION_DOWN, id[0]=0, x[0]=335.0, y[0]=23.0, toolType[0]=TOOL_TYPE_UNKNOWN, buttonState=0, metaState=0, flags=0x80000000, edgeFlags=0x0, pointerCount=1, historySize=0, eventTime=142096, downTime=142093, deviceId=0, source=0x1002 }
D/InputEventConsistencyVerifier(  419): KeyEvent: ACTION_UP but key was not down.
D/InputEventConsistencyVerifier(  419):   in com.android.systemui.statusbar.phone.StatusBarWindowView@b3db51d8
D/InputEventConsistencyVerifier(  419):   0: sent at 142513000000, KeyEvent { action=ACTION_UP, keyCode=KEYCODE_DPAD_CENTER, scanCode=0, metaState=0, flags=0x400, repeatCount=0, eventTime=142513, downTime=142513, deviceId=-1, source=0x101 }
D/InputEventConsistencyVerifier(  419):   -- recent events --
D/InputEventConsistencyVerifier(  419):   1: sent at 142291000000, (unhandled) MotionEvent { action=ACTION_UP, id[0]=0, x[0]=0.0, y[0]=0.0, toolType[0]=TOOL_TYPE_UNKNOWN, buttonState=0, metaState=0, flags=0x0, edgeFlags=0x0, pointerCount=1, historySize=0, eventTime=142291, downTime=142237, deviceId=0, source=0x10004 }
D/InputEventConsistencyVerifier(  419):   2: sent at 142289000000, (unhandled) MotionEvent { action=ACTION_DOWN, id[0]=0, x[0]=0.0, y[0]=0.0, toolType[0]=TOOL_TYPE_UNKNOWN, buttonState=0, metaState=0, flags=0x80000000, edgeFlags=0x0, pointerCount=1, historySize=0, eventTime=142289, downTime=142237, deviceId=0, source=0x10004 }
D/InputEventConsistencyVerifier(  419):   3: sent at 142287000000, (unhandled) MotionEvent { action=ACTION_MOVE, id[0]=0, x[0]=-1.0, y[0]=-1.0, toolType[0]=TOOL_TYPE_UNKNOWN, buttonState=0, metaState=0, flags=0x0, edgeFlags=0x0, pointerCount=1, historySize=9, eventTime=142287, downTime=-1, deviceId=0, source=0x10004 }
D/InputEventConsistencyVerifier(  419):   4: sent at 142124000000, MotionEvent { action=ACTION_UP, id[0]=0, x[0]=376.0, y[0]=48.0, toolType[0]=TOOL_TYPE_UNKNOWN, buttonState=0, metaState=0, flags=0x0, edgeFlags=0x0, pointerCount=1, historySize=0, eventTime=142124, downTime=142093, deviceId=0, source=0x1002 }
D/InputEventConsistencyVerifier(  419):   5: sent at 142122000000, MotionEvent { action=ACTION_POINTER_UP(1), id[0]=0, x[0]=358.0, y[0]=39.0, toolType[0]=TOOL_TYPE_UNKNOWN, id[1]=1, x[1]=456.0, y[1]=43.0, toolType[1]=TOOL_TYPE_UNKNOWN, buttonState=0, metaState=0, flags=0x0, edgeFlags=0x0, pointerCount=2, historySize=0, eventTime=142122, downTime=142093, deviceId=0, source=0x1002 }
W/dalvikvm(  419): DroidBox: { "FdAccess": { "path": "2f70726f632f6d656d696e666f", "id": "1740210502" } }
W/DroidBox(  419): DroidBox: { "FileRW": { "operation": "read", "data": "4d656d546f74616c3a202020202020202020373438393634206b420a4d656d467265653a20202020202020202020343530373830206b420a427566666572733a20202020202020202020202035333932206b420a4361636865643a202020202020202020", "id": "1740210502" } }
I/Choreographer(  419): Skipped 91 frames!  The application may be doing too much work on its main thread.
D/InputEventConsistencyVerifier(  419): KeyEvent: ACTION_UP but key was not down.
D/InputEventConsistencyVerifier(  419):   in android.widget.FrameLayout@b3db3f60
D/InputEventConsistencyVerifier(  419):   0: sent at 142630000000, KeyEvent { action=ACTION_UP, keyCode=KEYCODE_DPAD_DOWN, scanCode=0, metaState=0, flags=0x8, repeatCount=0, eventTime=142630, downTime=142630, deviceId=-1, source=0x101 }
D/InputEventConsistencyVerifier(  419):   -- recent events --
D/InputEventConsistencyVerifier(  419):   1: sent at 135188000000, MotionEvent { action=ACTION_UP, id[0]=0, x[0]=134.0, y[0]=130.0, toolType[0]=TOOL_TYPE_UNKNOWN, buttonState=0, metaState=0, flags=0x0, edgeFlags=0x0, pointerCount=1, historySize=0, eventTime=135188, downTime=135181, deviceId=0, source=0x1002 }
D/InputEventConsistencyVerifier(  419):   2: sent at 135181000000, MotionEvent { action=ACTION_DOWN, id[0]=0, x[0]=132.0, y[0]=148.0, toolType[0]=TOOL_TYPE_UNKNOWN, buttonState=0, metaState=0, flags=0x0, edgeFlags=0x0, pointerCount=1, historySize=0, eventTime=135181, downTime=135181, deviceId=0, source=0x1002 }
D/InputEventConsistencyVerifier(  419):   3: sent at 135149000000, MotionEvent { action=ACTION_UP, id[0]=0, x[0]=218.0, y[0]=606.0, toolType[0]=TOOL_TYPE_UNKNOWN, buttonState=0, metaState=0, flags=0x0, edgeFlags=0x0, pointerCount=1, historySize=0, eventTime=135149, downTime=135106, deviceId=0, source=0x1002 }
D/InputEventConsistencyVerifier(  419):   4: sent at 135107000000, MotionEvent { action=ACTION_DOWN, id[0]=0, x[0]=208.0, y[0]=606.0, toolType[0]=TOOL_TYPE_UNKNOWN, buttonState=0, metaState=0, flags=0x0, edgeFlags=0x0, pointerCount=1, historySize=0, eventTime=135107, downTime=135106, deviceId=0, source=0x1002 }
D/InputEventConsistencyVerifier(  419):   5: sent at 135009000000, MotionEvent { action=ACTION_UP, id[0]=0, x[0]=395.0, y[0]=374.0, toolType[0]=TOOL_TYPE_UNKNOWN, buttonState=0, metaState=0, flags=0x0, edgeFlags=0x0, pointerCount=1, historySize=0, eventTime=135009, downTime=134960, deviceId=0, source=0x1002 }
W/dalvikvm(  419): DroidBox: { "FdAccess": { "path": "2f70726f632f6d656d696e666f", "id": "881306065" } }
I/ActivityManager(  225): START {act=android.intent.action.MAIN cat=[android.intent.category.HOME] flg=0x10200000 cmp=com.android.launcher/com.android.launcher2.Launcher u=0} from pid 225
W/DroidBox(  419): DroidBox: { "FileRW": { "operation": "read", "data": "4d656d546f74616c3a202020202020202020373438393634206b420a4d656d467265653a20202020202020202020343530373830206b420a427566666572733a20202020202020202020202035333932206b420a4361636865643a202020202020202020", "id": "881306065" } }
W/dalvikvm(  419): DroidBox: { "FdAccess": { "path": "2f70726f632f6d656d696e666f", "id": "1520187178" } }
D/PhoneStatusBar(  419): disable: < expand icons alerts TICKER* system_info back home recent clock >
W/DroidBox(  419): DroidBox: { "FileRW": { "operation": "read", "data": "4d656d546f74616c3a202020202020202020373438393634206b420a4d656d467265653a20202020202020202020343530373830206b420a427566666572733a20202020202020202020202035333932206b420a4361636865643a202020202020202020", "id": "1520187178" } }
W/dalvikvm(  225): DroidBox: { "FdAccess": { "path": "2f70726f632f313039392f636d646c696e65", "id": "1282867408" } }
W/DroidBox(  225): DroidBox: { "FileRW": { "operation": "read", "data": "636f6d2e616e64726f69642e6d75736963000000000000000000000000000000000000000000000000000000000000000000000000000000000000000000000000000000000000000000000030656536613431333535393331356432396633352e61706b", "id": "1282867408" } }
D/InputEventConsistencyVerifier(  419): KeyEvent: ACTION_UP but key was not down.
D/InputEventConsistencyVerifier(  419):   in com.android.systemui.statusbar.phone.StatusBarWindowView@b3db51d8
D/InputEventConsistencyVerifier(  419):   0: sent at 142920000000, KeyEvent { action=ACTION_UP, keyCode=KEYCODE_DPAD_LEFT, scanCode=0, metaState=0, flags=0x400, repeatCount=0, eventTime=142920, downTime=142920, deviceId=-1, source=0x101 }
D/InputEventConsistencyVerifier(  419):   -- recent events --
D/InputEventConsistencyVerifier(  419):   1: sent at 142889000000, (unhandled) MotionEvent { action=ACTION_MOVE, id[0]=0, x[0]=-3.0, y[0]=-2.0, toolType[0]=TOOL_TYPE_UNKNOWN, buttonState=0, metaState=0, flags=0x0, edgeFlags=0x0, pointerCount=1, historySize=6, eventTime=142889, downTime=-1, deviceId=0, source=0x10004 }
D/InputEventConsistencyVerifier(  419):   2: sent at 142734000000, (unhandled) KeyEvent { action=ACTION_UP, keyCode=KEYCODE_DPAD_RIGHT, scanCode=0, metaState=0, flags=0x8, repeatCount=0, eventTime=142734, downTime=142734, deviceId=-1, source=0x101 }
D/InputEventConsistencyVerifier(  419):   3: sent at 142730000000, (unhandled) KeyEvent { action=ACTION_DOWN, keyCode=KEYCODE_DPAD_RIGHT, scanCode=0, metaState=0, flags=0x8, repeatCount=0, eventTime=142730, downTime=142730, deviceId=-1, source=0x101 }
D/InputEventConsistencyVerifier(  419):   4: sent at 142630000000, (unhandled) KeyEvent { action=ACTION_UP, keyCode=KEYCODE_DPAD_DOWN, scanCode=0, metaState=0, flags=0x8, repeatCount=0, eventTime=142630, downTime=142630, deviceId=-1, source=0x101 }
D/InputEventConsistencyVerifier(  419):   5: sent at 142626000000, (unhandled) KeyEvent { action=ACTION_DOWN, keyCode=KEYCODE_DPAD_DOWN, scanCode=0, metaState=0, flags=0x8, repeatCount=0, eventTime=142626, downTime=142626, deviceId=-1, source=0x101 }
W/dalvikvm(  419): DroidBox: { "FdAccess": { "path": "2f70726f632f6d656d696e666f", "id": "597448635" } }
W/DroidBox(  419): DroidBox: { "FileRW": { "operation": "read", "data": "4d656d546f74616c3a202020202020202020373438393634206b420a4d656d467265653a20202020202020202020343439363634206b420a427566666572733a20202020202020202020202035333932206b420a4361636865643a202020202020202020", "id": "597448635" } }
W/dalvikvm(  419): DroidBox: { "FdAccess": { "path": "2f70726f632f6d656d696e666f", "id": "1337174077" } }
W/DroidBox(  419): DroidBox: { "FileRW": { "operation": "read", "data": "4d656d546f74616c3a202020202020202020373438393634206b420a4d656d467265653a20202020202020202020343439363634206b420a427566666572733a20202020202020202020202035343030206b420a4361636865643a202020202020202020", "id": "1337174077" } }
W/dalvikvm(  419): DroidBox: { "FdAccess": { "path": "2f70726f632f6d656d696e666f", "id": "1182037182" } }
W/DroidBox(  419): DroidBox: { "FileRW": { "operation": "read", "data": "4d656d546f74616c3a202020202020202020373438393634206b420a4d656d467265653a20202020202020202020343439363634206b420a427566666572733a20202020202020202020202035343030206b420a4361636865643a202020202020202020", "id": "1182037182" } }
I/InputDispatcher(  225): Dropped event because of pending overdue app switch.
W/InputManager(  225): Input event injection from pid 1029 failed.
I/ActivityManager(  225): START {act=android.intent.action.MAIN cat=[android.intent.category.LAUNCHER] flg=0x10200000 cmp=com.soft.android.appinstaller/.FirstActivity u=0} from pid 1029
I/Choreographer(  419): Skipped 48 frames!  The application may be doing too much work on its main thread.
W/dalvikvm(  419): DroidBox: { "FdAccess": { "path": "2f70726f632f6d656d696e666f", "id": "1755275492" } }
W/DroidBox(  419): DroidBox: { "FileRW": { "operation": "read", "data": "4d656d546f74616c3a202020202020202020373438393634206b420a4d656d467265653a20202020202020202020343439363634206b420a427566666572733a20202020202020202020202035343030206b420a4361636865643a202020202020202020", "id": "1755275492" } }
W/dalvikvm(  419): DroidBox: { "FdAccess": { "path": "2f70726f632f6d656d696e666f", "id": "271529596" } }
W/DroidBox(  419): DroidBox: { "FileRW": { "operation": "read", "data": "4d656d546f74616c3a202020202020202020373438393634206b420a4d656d467265653a20202020202020202020343439353430206b420a427566666572733a20202020202020202020202035343030206b420a4361636865643a202020202020202020", "id": "271529596" } }
D/InputEventConsistencyVerifier(  419): KeyEvent: ACTION_UP but key was not down.
D/InputEventConsistencyVerifier(  419):   in android.widget.FrameLayout@b3db3f60
D/InputEventConsistencyVerifier(  419):   0: sent at 143369000000, KeyEvent { action=ACTION_UP, keyCode=KEYCODE_DPAD_DOWN, scanCode=0, metaState=0, flags=0x8, repeatCount=0, eventTime=143369, downTime=143369, deviceId=-1, source=0x101 }
D/InputEventConsistencyVerifier(  419):   -- recent events --
D/InputEventConsistencyVerifier(  419):   1: sent at 142734000000, (unhandled) KeyEvent { action=ACTION_UP, keyCode=KEYCODE_DPAD_RIGHT, scanCode=0, metaState=0, flags=0x8, repeatCount=0, eventTime=142734, downTime=142734, deviceId=-1, source=0x101 }
D/InputEventConsistencyVerifier(  419):   2: sent at 142730000000, (unhandled) KeyEvent { action=ACTION_DOWN, keyCode=KEYCODE_DPAD_RIGHT, scanCode=0, metaState=0, flags=0x8, repeatCount=0, eventTime=142730, downTime=142730, deviceId=-1, source=0x101 }
D/InputEventConsistencyVerifier(  419):   3: sent at 142630000000, (unhandled) KeyEvent { action=ACTION_UP, keyCode=KEYCODE_DPAD_DOWN, scanCode=0, metaState=0, flags=0x80000008, repeatCount=0, eventTime=142630, downTime=142630, deviceId=-1, source=0x101 }
D/InputEventConsistencyVerifier(  419):   4: sent at 135188000000, MotionEvent { action=ACTION_UP, id[0]=0, x[0]=134.0, y[0]=130.0, toolType[0]=TOOL_TYPE_UNKNOWN, buttonState=0, metaState=0, flags=0x0, edgeFlags=0x0, pointerCount=1, historySize=0, eventTime=135188, downTime=135181, deviceId=0, source=0x1002 }
D/InputEventConsistencyVerifier(  419):   5: sent at 135181000000, MotionEvent { action=ACTION_DOWN, id[0]=0, x[0]=132.0, y[0]=148.0, toolType[0]=TOOL_TYPE_UNKNOWN, buttonState=0, metaState=0, flags=0x0, edgeFlags=0x0, pointerCount=1, historySize=0, eventTime=135181, downTime=135181, deviceId=0, source=0x1002 }
I/Choreographer(  419): Skipped 58 frames!  The application may be doing too much work on its main thread.
W/InputMethodManagerService(  225): Window already focused, ignoring focus gain of: com.android.internal.view.IInputMethodClient$Stub$Proxy@b3f83078 attribute=android.view.inputmethod.EditorInfo@b41714c8
D/PhoneStatusBar(  419): disable: < expand icons alerts ticker* system_info back home recent clock >
V/PhoneStatusBar(  419): setLightsOn(true)
I/Choreographer(  475): Skipped 258 frames!  The application may be doing too much work on its main thread.
E/WVMExtractor(   64): Failed to open libwvm.so
W/dalvikvm( 1099): DroidBox: { "FdAccess": { "path": "2f646174612f646174612f636f6d2e616e64726f69642e6d757369632f7368617265645f70726566732f4d757369632e786d6c", "id": "982989746" } }
W/DroidBox( 1099): DroidBox: { "FileRW": { "operation": "write", "data": "3c3f786d6c2076657273696f6e3d27312e302720656e636f64696e673d277574662d3827207374616e64616c6f6e653d2779657327203f3e0a3c6d61703e0a3c737472696e67206e616d653d227175657565223e3c2f737472696e673e0a3c696e74206e", "id": "982989746" } }
I/Choreographer( 1047): Skipped 36 frames!  The application may be doing too much work on its main thread.
W/dalvikvm(  225): DroidBox: { "FdAccess": { "path": "2f70726f632f3232352f6e65742f78745f717461677569642f69666163655f737461745f616c6c", "id": "303239533" } }
W/DroidBox(  225): DroidBox: { "FileRW": { "operation": "read", "data": "65746830203120302030203020302031383230313720313435302032383739323120313235350a6c6f20312030203020302030203337333620353320333733362035330a0000000000000000000000000000000000000000000000000000000000000000", "id": "303239533" } }
W/dalvikvm(  225): DroidBox: { "FdAccess": { "path": "2f70726f632f3232352f6e65742f78745f717461677569642f69666163655f737461745f616c6c", "id": "1413280264" } }
W/DroidBox(  225): DroidBox: { "FileRW": { "operation": "read", "data": "35330a362035330a35330a362035330a330a330a330a330a330a35330a362035330a3733362035330a362035330a3733362035330a330a330a330a330a330a362035330a0000000000000000000000000000000000000000000000000000000000000000", "id": "1413280264" } }
W/ThrottleService(  225): unable to find stats for iface rmnet0
E/ThrottleService(  225): Error reading data file
E/WVMExtractor(   64): Failed to open libwvm.so
I/ActivityManager(  225): START {act=android.intent.action.CALL_BUTTON flg=0x10000000 cmp=com.android.contacts/.activities.DialtactsActivity u=0} from pid 1047
D/InputEventConsistencyVerifier( 1047): TrackballEvent: Trackball is down but pressure is not greater than 0.
D/InputEventConsistencyVerifier( 1047):   in android.view.ViewRootImpl@b3ea7fa8
D/InputEventConsistencyVerifier( 1047):   0: sent at 147022000000, MotionEvent { action=ACTION_DOWN, id[0]=0, x[0]=0.0, y[0]=0.0, toolType[0]=TOOL_TYPE_UNKNOWN, buttonState=0, metaState=0, flags=0x0, edgeFlags=0x0, pointerCount=1, historySize=0, eventTime=147022, downTime=146879, deviceId=0, source=0x10004 }
D/InputEventConsistencyVerifier( 1047):   -- recent events --
D/InputEventConsistencyVerifier( 1047):   1: sent at 147013000000, MotionEvent { action=ACTION_MOVE, id[0]=0, x[0]=-3.0, y[0]=0.0, toolType[0]=TOOL_TYPE_UNKNOWN, buttonState=0, metaState=0, flags=0x0, edgeFlags=0x0, pointerCount=1, historySize=8, eventTime=147013, downTime=-1, deviceId=0, source=0x10004 }
D/InputEventConsistencyVerifier( 1047):   2: sent at 146983000000, KeyEvent { action=ACTION_UP, keyCode=KEYCODE_DPAD_LEFT, scanCode=0, metaState=0, flags=0x400, repeatCount=0, eventTime=146983, downTime=146983, deviceId=-1, source=0x101 }
D/InputEventConsistencyVerifier( 1047):   3: sent at 146983000000, KeyEvent { action=ACTION_DOWN, keyCode=KEYCODE_DPAD_LEFT, scanCode=0, metaState=0, flags=0x400, repeatCount=0, eventTime=146983, downTime=146983, deviceId=-1, source=0x101 }
D/InputEventConsistencyVerifier( 1047):   4: sent at 146983000000, KeyEvent { action=ACTION_UP, keyCode=KEYCODE_DPAD_LEFT, scanCode=0, metaState=0, flags=0x400, repeatCount=0, eventTime=146983, downTime=146983, deviceId=-1, source=0x101 }
D/InputEventConsistencyVerifier( 1047):   5: sent at 146983000000, KeyEvent { action=ACTION_DOWN, keyCode=KEYCODE_DPAD_LEFT, scanCode=0, metaState=0, flags=0x400, repeatCount=0, eventTime=146983, downTime=146983, deviceId=-1, source=0x101 }
W/dalvikvm(  994): DroidBox: { "FdAccess": { "path": "2f646174612f646174612f636f6d2e616e64726f69642e6d7573696366782f7368617265645f70726566732f6d7573696366782e786d6c", "id": "1557773618" } }
W/DroidBox(  994): DroidBox: { "FileRW": { "operation": "write", "data": "3c3f786d6c2076657273696f6e3d27312e302720656e636f64696e673d277574662d3827207374616e64616c6f6e653d2779657327203f3e0a3c6d61703e0a3c737472696e67206e616d653d2264656661756c7470616e656c7061636b616765223e636f", "id": "1557773618" } }
I/ActivityManager(  225): No longer want com.android.provision (pid 562): hidden #16
E/WVMExtractor(   64): Failed to open libwvm.so
E/WVMExtractor(   64): Failed to open libwvm.so
I/InputAttributes(  475): InputType.TYPE_NULL is specified
D/InputEventConsistencyVerifier( 1047): KeyEvent: ACTION_UP but key was not down.
D/InputEventConsistencyVerifier( 1047):   in android.widget.LinearLayout@b3d8e590
D/InputEventConsistencyVerifier( 1047):   0: sent at 148766000000, KeyEvent { action=ACTION_UP, keyCode=KEYCODE_DPAD_RIGHT, scanCode=0, metaState=0, flags=0x8, repeatCount=0, eventTime=148766, downTime=148766, deviceId=-1, source=0x101 }
D/InputEventConsistencyVerifier( 1047):   -- recent events --
D/InputEventConsistencyVerifier( 1047):   1: sent at 142011000000, (unhandled) KeyEvent { action=ACTION_UP, keyCode=KEYCODE_S, scanCode=0, metaState=0, flags=0x8, repeatCount=0, eventTime=142011, downTime=142011, deviceId=-1, source=0x101 }
D/InputEventConsistencyVerifier( 1047):   2: sent at 141971000000, (unhandled) KeyEvent { action=ACTION_DOWN, keyCode=KEYCODE_S, scanCode=0, metaState=0, flags=0x8, repeatCount=0, eventTime=141971, downTime=141971, deviceId=-1, source=0x101 }
D/InputEventConsistencyVerifier( 1047):   3: sent at 141946000000, (unhandled) KeyEvent { action=ACTION_UP, keyCode=KEYCODE_DPAD_LEFT, scanCode=0, metaState=0, flags=0x8, repeatCount=0, eventTime=141946, downTime=141946, deviceId=-1, source=0x101 }
D/InputEventConsistencyVerifier( 1047):   4: sent at 141908000000, (unhandled) KeyEvent { action=ACTION_DOWN, keyCode=KEYCODE_DPAD_LEFT, scanCode=0, metaState=0, flags=0x8, repeatCount=0, eventTime=141908, downTime=141908, deviceId=-1, source=0x101 }
D/InputEventConsistencyVerifier( 1047):   5: sent at 140478000000, (unhandled) KeyEvent { action=ACTION_UP, keyCode=KEYCODE_DPAD_DOWN, scanCode=0, metaState=0, flags=0x8, repeatCount=0, eventTime=140478, downTime=140478, deviceId=-1, source=0x101 }
I/Choreographer(  475): Skipped 105 frames!  The application may be doing too much work on its main thread.
E/WVMExtractor(   64): Failed to open libwvm.so
E/WVMExtractor(   64): Failed to open libwvm.so
I/ActivityManager(  225): START {act=android.intent.action.MAIN cat=[android.intent.category.LAUNCHER] flg=0x10200000 cmp=com.soft.android.appinstaller/.FirstActivity u=0} from pid 1029
I/ActivityManager(  225): START {cmp=com.soft.android.appinstaller/.FinishActivity u=0} from pid 1047
W/WindowManager(  225): Failure taking screenshot for (246x410) to layer 21015
I/Choreographer( 1047): Skipped 33 frames!  The application may be doing too much work on its main thread.
I/Choreographer( 1047): Skipped 31 frames!  The application may be doing too much work on its main thread.
E/WVMExtractor(   64): Failed to open libwvm.so
V/PhoneStatusBar(  419): setLightsOn(true)
E/WVMExtractor(   64): Failed to open libwvm.so
D/InputEventConsistencyVerifier( 1047): KeyEvent: ACTION_UP but key was not down.
D/InputEventConsistencyVerifier( 1047):   in com.android.internal.policy.impl.PhoneWindow$DecorView@b3f28130
D/InputEventConsistencyVerifier( 1047):   0: sent at 152131000000, KeyEvent { action=ACTION_UP, keyCode=KEYCODE_DPAD_DOWN, scanCode=0, metaState=0, flags=0x8, repeatCount=0, eventTime=152131, downTime=152131, deviceId=-1, source=0x101 }
D/InputEventConsistencyVerifier( 1047):   -- recent events --
D/InputEventConsistencyVerifier( 1047):   1: sent at 152061000000, MotionEvent { action=ACTION_UP, id[0]=0, x[0]=1.0, y[0]=322.0, toolType[0]=TOOL_TYPE_UNKNOWN, buttonState=0, metaState=0, flags=0x0, edgeFlags=0x0, pointerCount=1, historySize=0, eventTime=152061, downTime=152026, deviceId=0, source=0x1002 }
D/InputEventConsistencyVerifier( 1047):   2: sent at 152059000000, MotionEvent { action=ACTION_MOVE, id[0]=0, x[0]=1.0, y[0]=320.0, toolType[0]=TOOL_TYPE_UNKNOWN, buttonState=0, metaState=0, flags=0x0, edgeFlags=0x0, pointerCount=1, historySize=4, eventTime=152059, downTime=152026, deviceId=0, source=0x1002 }
D/InputEventConsistencyVerifier( 1047):   3: sent at 152032000000, MotionEvent { action=ACTION_DOWN, id[0]=0, x[0]=5.0, y[0]=294.0, toolType[0]=TOOL_TYPE_UNKNOWN, buttonState=0, metaState=0, flags=0x0, edgeFlags=0x0, pointerCount=1, historySize=0, eventTime=152032, downTime=152026, deviceId=0, source=0x1002 }
D/InputEventConsistencyVerifier( 1047):   4: sent at 151983000000, (unhandled) KeyEvent { action=ACTION_UP, keyCode=KEYCODE_MENU, scanCode=0, metaState=0, flags=0x8, repeatCount=0, eventTime=151983, downTime=151983, deviceId=-1, source=0x101 }
D/InputEventConsistencyVerifier( 1047):   5: sent at 150823000000, (unhandled) KeyEvent { action=ACTION_DOWN, keyCode=KEYCODE_MENU, scanCode=0, metaState=0, flags=0x8, repeatCount=0, eventTime=150823, downTime=150823, deviceId=-1, source=0x101 }
D/InputEventConsistencyVerifier( 1047): KeyEvent: ACTION_UP but key was not down.
D/InputEventConsistencyVerifier( 1047):   in android.widget.LinearLayout@b3f33a00
D/InputEventConsistencyVerifier( 1047):   0: sent at 152312000000, KeyEvent { action=ACTION_UP, keyCode=KEYCODE_DPAD_RIGHT, scanCode=0, metaState=0, flags=0x8, repeatCount=0, eventTime=152312, downTime=152312, deviceId=-1, source=0x101 }
V/log     ( 1047): Next
I/ActivityManager(  225): START {act=android.intent.action.VIEW dat=http://dl.mobiicq.ru/get/5BqWc cmp=com.android.browser/.BrowserActivity u=0} from pid 1047
E/WVMExtractor(   64): Failed to open libwvm.so
I/Choreographer( 1047): Skipped 335 frames!  The application may be doing too much work on its main thread.
I/Choreographer( 1047): Skipped 159 frames!  The application may be doing too much work on its main thread.
E/WVMExtractor(   64): Failed to open libwvm.so
I/ActivityManager(  225): Displayed com.soft.android.appinstaller/.FinishActivity: +2s448ms
I/Choreographer( 1047): Skipped 65 frames!  The application may be doing too much work on its main thread.
V/PhoneStatusBar(  419): setLightsOn(true)
D/InputEventConsistencyVerifier( 1047): KeyEvent: ACTION_UP but key was not down.
D/InputEventConsistencyVerifier( 1047):   in android.view.ViewRootImpl@b3ef2dd0
D/InputEventConsistencyVerifier( 1047):   0: sent at 154665000000, KeyEvent { action=ACTION_UP, keyCode=KEYCODE_MENU, scanCode=0, metaState=0, flags=0x8, repeatCount=0, eventTime=154665, downTime=154665, deviceId=-1, source=0x101 }
D/InputEventConsistencyVerifier( 1047):   -- recent events --
D/InputEventConsistencyVerifier( 1047):   1: sent at 152737000000, MotionEvent { action=ACTION_UP, id[0]=0, x[0]=263.0, y[0]=480.0, toolType[0]=TOOL_TYPE_UNKNOWN, buttonState=0, metaState=0, flags=0x0, edgeFlags=0x0, pointerCount=1, historySize=0, eventTime=152737, downTime=152729, deviceId=0, source=0x1002 }
D/InputEventConsistencyVerifier( 1047):   2: sent at 152735000000, MotionEvent { action=ACTION_MOVE, id[0]=0, x[0]=263.0, y[0]=491.0, toolType[0]=TOOL_TYPE_UNKNOWN, buttonState=0, metaState=0, flags=0x0, edgeFlags=0x0, pointerCount=1, historySize=0, eventTime=152735, downTime=152729, deviceId=0, source=0x1002 }
D/InputEventConsistencyVerifier( 1047):   3: sent at 152730000000, MotionEvent { action=ACTION_DOWN, id[0]=0, x[0]=264.0, y[0]=496.0, toolType[0]=TOOL_TYPE_UNKNOWN, buttonState=0, metaState=0, flags=0x0, edgeFlags=0x0, pointerCount=1, historySize=0, eventTime=152730, downTime=152729, deviceId=0, source=0x1002 }
D/InputEventConsistencyVerifier( 1047):   4: sent at 152566000000, MotionEvent { action=ACTION_UP, id[0]=0, x[0]=327.0, y[0]=398.0, toolType[0]=TOOL_TYPE_UNKNOWN, buttonState=0, metaState=0, flags=0x0, edgeFlags=0x0, pointerCount=1, historySize=0, eventTime=152566, downTime=152559, deviceId=0, source=0x1002 }
D/InputEventConsistencyVerifier( 1047):   5: sent at 152559000000, MotionEvent { action=ACTION_DOWN, id[0]=0, x[0]=323.0, y[0]=404.0, toolType[0]=TOOL_TYPE_UNKNOWN, buttonState=0, metaState=0, flags=0x0, edgeFlags=0x0, pointerCount=1, historySize=0, eventTime=152559, downTime=152559, deviceId=0, source=0x1002 }
W/InputMethodManagerService(  225): Window already focused, ignoring focus gain of: com.android.internal.view.IInputMethodClient$Stub$Proxy@b41b3d20 attribute=android.view.inputmethod.EditorInfo@b4251b60
I/Choreographer(  475): Skipped 502 frames!  The application may be doing too much work on its main thread.
I/InputAttributes(  475): InputType.TYPE_NULL is specified
I/Choreographer(  475): Skipped 69 frames!  The application may be doing too much work on its main thread.
I/Choreographer(  475): Skipped 68 frames!  The application may be doing too much work on its main thread.
E/WVMExtractor(   64): Failed to open libwvm.so
I/ActivityManager(  225): START {act=android.intent.action.MAIN cat=[android.intent.category.HOME] flg=0x10200000 cmp=com.android.launcher/com.android.launcher2.Launcher u=0} from pid 225
I/Choreographer( 1047): Skipped 41 frames!  The application may be doing too much work on its main thread.
I/InputAttributes(  475): InputType.TYPE_NULL is specified
D/InputEventConsistencyVerifier( 1047): KeyEvent: ACTION_UP but key was not down.
D/InputEventConsistencyVerifier( 1047):   in android.widget.LinearLayout@b3f33a00
D/InputEventConsistencyVerifier( 1047):   0: sent at 156206000000, KeyEvent { action=ACTION_UP, keyCode=KEYCODE_DPAD_RIGHT, scanCode=0, metaState=0, flags=0x8, repeatCount=0, eventTime=156206, downTime=156206, deviceId=-1, source=0x101 }
D/InputEventConsistencyVerifier( 1047):   -- recent events --
D/InputEventConsistencyVerifier( 1047):   1: sent at 152453000000, (unhandled) KeyEvent { action=ACTION_UP, keyCode=KEYCODE_MENU, scanCode=0, metaState=0, flags=0x8, repeatCount=0, eventTime=152453, downTime=152453, deviceId=-1, source=0x101 }
D/InputEventConsistencyVerifier( 1047):   2: sent at 152368000000, (unhandled) KeyEvent { action=ACTION_DOWN, keyCode=KEYCODE_MENU, scanCode=0, metaState=0, flags=0x8, repeatCount=0, eventTime=152368, downTime=152368, deviceId=-1, source=0x101 }
D/InputEventConsistencyVerifier( 1047):   3: sent at 152362000000, KeyEvent { action=ACTION_UP, keyCode=KEYCODE_DPAD_CENTER, scanCode=0, metaState=0, flags=0x8, repeatCount=0, eventTime=152362, downTime=152362, deviceId=-1, source=0x101 }
D/InputEventConsistencyVerifier( 1047):   4: sent at 152354000000, KeyEvent { action=ACTION_DOWN, keyCode=KEYCODE_DPAD_CENTER, scanCode=0, metaState=0, flags=0x8, repeatCount=0, eventTime=152354, downTime=152354, deviceId=-1, source=0x101 }
D/InputEventConsistencyVerifier( 1047):   5: sent at 152312000000, (unhandled) KeyEvent { action=ACTION_UP, keyCode=KEYCODE_DPAD_RIGHT, scanCode=0, metaState=0, flags=0x80000008, repeatCount=0, eventTime=152312, downTime=152312, deviceId=-1, source=0x101 }
