D/InputEventConsistencyVerifier(  450):   in android.view.ScaleGestureDetector@b3e9fc28
D/InputEventConsistencyVerifier(  450):   0: sent at 367911000000, MotionEvent { action=ACTION_DOWN, id[0]=0, x[0]=465.0, y[0]=650.0, toolType[0]=TOOL_TYPE_UNKNOWN, buttonState=0, metaState=0, flags=0x0, edgeFlags=0x0, pointerCount=1, historySize=0, eventTime=367911, downTime=367911, deviceId=0, source=0x1002 }
D/InputEventConsistencyVerifier(  450):   -- recent events --
D/InputEventConsistencyVerifier(  450):   1: sent at 367893000000, MotionEvent { action=ACTION_DOWN, id[0]=0, x[0]=117.0, y[0]=439.0, toolType[0]=TOOL_TYPE_UNKNOWN, buttonState=0, metaState=0, flags=0x80000000, edgeFlags=0x0, pointerCount=1, historySize=0, eventTime=367893, downTime=367892, deviceId=0, source=0x1002 }
D/InputEventConsistencyVerifier(  450):   2: sent at 367830000000, MotionEvent { action=ACTION_DOWN, id[0]=0, x[0]=298.0, y[0]=102.0, toolType[0]=TOOL_TYPE_UNKNOWN, buttonState=0, metaState=0, flags=0x80000000, edgeFlags=0x0, pointerCount=1, historySize=0, eventTime=367830, downTime=367829, deviceId=0, source=0x1002 }
D/InputEventConsistencyVerifier(  450):   3: sent at 367655000000, MotionEvent { action=ACTION_DOWN, id[0]=0, x[0]=168.0, y[0]=491.0, toolType[0]=TOOL_TYPE_UNKNOWN, buttonState=0, metaState=0, flags=0x80000000, edgeFlags=0x0, pointerCount=1, historySize=0, eventTime=367655, downTime=367655, deviceId=0, source=0x1002 }
D/InputEventConsistencyVerifier(  450):   4: sent at 367638000000, MotionEvent { action=ACTION_DOWN, id[0]=0, x[0]=245.0, y[0]=88.0, toolType[0]=TOOL_TYPE_UNKNOWN, buttonState=0, metaState=0, flags=0x0, edgeFlags=0x0, pointerCount=1, historySize=0, eventTime=367638, downTime=367638, deviceId=0, source=0x1002 }
D/InputEventConsistencyVerifier(  450):   5: sent at 366977000000, MotionEvent { action=ACTION_UP, id[0]=0, x[0]=25.0, y[0]=2.0, toolType[0]=TOOL_TYPE_UNKNOWN, buttonState=0, metaState=0, flags=0x0, edgeFlags=0x0, pointerCount=1, historySize=0, eventTime=366977, downTime=366964, deviceId=0, source=0x1002 }
V/PhoneStatusBar(  450): setLightsOn(true)
I/Choreographer(  450): Skipped 69 frames!  The application may be doing too much work on its main thread.
D/InputEventConsistencyVerifier(  450): TouchEvent: ACTION_DOWN but pointers are already down.  Probably missing ACTION_UP from previous gesture.
D/InputEventConsistencyVerifier(  450):   in android.view.ScaleGestureDetector@b3e9fc28
D/InputEventConsistencyVerifier(  450):   0: sent at 368034000000, MotionEvent { action=ACTION_DOWN, id[0]=0, x[0]=314.0, y[0]=10.0, toolType[0]=TOOL_TYPE_UNKNOWN, buttonState=0, metaState=0, flags=0x0, edgeFlags=0x0, pointerCount=1, historySize=0, eventTime=368034, downTime=368034, deviceId=0, source=0x1002 }
D/InputEventConsistencyVerifier(  450):   -- recent events --
D/InputEventConsistencyVerifier(  450):   1: sent at 367911000000, MotionEvent { action=ACTION_DOWN, id[0]=0, x[0]=465.0, y[0]=650.0, toolType[0]=TOOL_TYPE_UNKNOWN, buttonState=0, metaState=0, flags=0x80000000, edgeFlags=0x0, pointerCount=1, historySize=0, eventTime=367911, downTime=367911, deviceId=0, source=0x1002 }
D/InputEventConsistencyVerifier(  450):   2: sent at 367893000000, MotionEvent { action=ACTION_DOWN, id[0]=0, x[0]=117.0, y[0]=439.0, toolType[0]=TOOL_TYPE_UNKNOWN, buttonState=0, metaState=0, flags=0x80000000, edgeFlags=0x0, pointerCount=1, historySize=0, eventTime=367893, downTime=367892, deviceId=0, source=0x1002 }
D/InputEventConsistencyVerifier(  450):   3: sent at 367830000000, MotionEvent { action=ACTION_DOWN, id[0]=0, x[0]=298.0, y[0]=102.0, toolType[0]=TOOL_TYPE_UNKNOWN, buttonState=0, metaState=0, flags=0x80000000, edgeFlags=0x0, pointerCount=1, historySize=0, eventTime=367830, downTime=367829, deviceId=0, source=0x1002 }
D/InputEventConsistencyVerifier(  450):   4: sent at 367655000000, MotionEvent { action=ACTION_DOWN, id[0]=0, x[0]=168.0, y[0]=491.0, toolType[0]=TOOL_TYPE_UNKNOWN, buttonState=0, metaState=0, flags=0x80000000, edgeFlags=0x0, pointerCount=1, historySize=0, eventTime=367655, downTime=367655, deviceId=0, source=0x1002 }
D/InputEventConsistencyVerifier(  450):   5: sent at 367638000000, MotionEvent { action=ACTION_DOWN, id[0]=0, x[0]=245.0, y[0]=88.0, toolType[0]=TOOL_TYPE_UNKNOWN, buttonState=0, metaState=0, flags=0x0, edgeFlags=0x0, pointerCount=1, historySize=0, eventTime=367638, downTime=367638, deviceId=0, source=0x1002 }
D/PhoneStatusBar(  450): disable: < expand icons alerts ticker* system_info back home recent clock >
W/InputMethodManagerService(  239): Window already focused, ignoring focus gain of: com.android.internal.view.IInputMethodClient$Stub$Proxy@b41702f8 attribute=null
D/InputEventConsistencyVerifier(  450): KeyEvent: ACTION_UP but key was not down.
D/InputEventConsistencyVerifier(  450):   in com.android.systemui.statusbar.phone.StatusBarWindowView@b3dff348
D/InputEventConsistencyVerifier(  450):   0: sent at 368152000000, KeyEvent { action=ACTION_UP, keyCode=KEYCODE_DPAD_LEFT, scanCode=0, metaState=0, flags=0x400, repeatCount=0, eventTime=368152, downTime=368152, deviceId=-1, source=0x101 }
D/InputEventConsistencyVerifier(  450):   -- recent events --
D/InputEventConsistencyVerifier(  450):   1: sent at 368016000000, (unhandled) MotionEvent { action=ACTION_MOVE, id[0]=0, x[0]=-3.0, y[0]=0.0, toolType[0]=TOOL_TYPE_UNKNOWN, buttonState=0, metaState=0, flags=0x0, edgeFlags=0x0, pointerCount=1, historySize=9, eventTime=368016, downTime=-1, deviceId=0, source=0x10004 }
D/InputEventConsistencyVerifier(  450):   2: sent at 368047000000, MotionEvent { action=ACTION_UP, id[0]=0, x[0]=313.0, y[0]=8.0, toolType[0]=TOOL_TYPE_UNKNOWN, buttonState=0, metaState=0, flags=0x0, edgeFlags=0x0, pointerCount=1, historySize=0, eventTime=368047, downTime=368034, deviceId=0, source=0x1002 }
D/InputEventConsistencyVerifier(  450):   3: sent at 368034000000, MotionEvent { action=ACTION_DOWN, id[0]=0, x[0]=314.0, y[0]=10.0, toolType[0]=TOOL_TYPE_UNKNOWN, buttonState=0, metaState=0, flags=0x0, edgeFlags=0x0, pointerCount=1, historySize=0, eventTime=368034, downTime=368034, deviceId=0, source=0x1002 }
D/InputEventConsistencyVerifier(  450):   4: sent at 367935000000, MotionEvent { action=ACTION_UP, id[0]=0, x[0]=464.0, y[0]=634.0, toolType[0]=TOOL_TYPE_UNKNOWN, buttonState=0, metaState=0, flags=0x0, edgeFlags=0x0, pointerCount=1, historySize=0, eventTime=367935, downTime=367911, deviceId=0, source=0x1002 }
D/InputEventConsistencyVerifier(  450):   5: sent at 367911000000, MotionEvent { action=ACTION_DOWN, id[0]=0, x[0]=465.0, y[0]=650.0, toolType[0]=TOOL_TYPE_UNKNOWN, buttonState=0, metaState=0, flags=0x0, edgeFlags=0x0, pointerCount=1, historySize=0, eventTime=367911, downTime=367911, deviceId=0, source=0x1002 }
W/DroidBox( 1197): DroidBox: { "ServiceStart": { "name": "com.android.music.MediaPlaybackService" } }
W/DroidBox( 1197): DroidBox: { "ServiceStart": { "name": "com.android.music.MediaPlaybackService" } }
D/MediaPlaybackService( 1197): No play queue
D/InputEventConsistencyVerifier(  450): KeyEvent: ACTION_UP but key was not down.
D/InputEventConsistencyVerifier(  450):   in com.android.systemui.statusbar.phone.StatusBarWindowView@b3dff348
D/InputEventConsistencyVerifier(  450):   0: sent at 368458000000, KeyEvent { action=ACTION_UP, keyCode=KEYCODE_DPAD_CENTER, scanCode=0, metaState=0, flags=0x8, repeatCount=0, eventTime=368458, downTime=368458, deviceId=-1, source=0x101 }
D/InputEventConsistencyVerifier(  450):   -- recent events --
D/InputEventConsistencyVerifier(  450):   1: sent at 368152000000, (unhandled) KeyEvent { action=ACTION_UP, keyCode=KEYCODE_DPAD_LEFT, scanCode=0, metaState=0, flags=0x400, repeatCount=0, eventTime=368152, downTime=368152, deviceId=-1, source=0x101 }
D/InputEventConsistencyVerifier(  450):   2: sent at 368152000000, (unhandled) KeyEvent { action=ACTION_DOWN, keyCode=KEYCODE_DPAD_LEFT, scanCode=0, metaState=0, flags=0x400, repeatCount=0, eventTime=368152, downTime=368152, deviceId=-1, source=0x101 }
D/InputEventConsistencyVerifier(  450):   3: sent at 368152000000, (unhandled) KeyEvent { action=ACTION_UP, keyCode=KEYCODE_DPAD_LEFT, scanCode=0, metaState=0, flags=0x400, repeatCount=0, eventTime=368152, downTime=368152, deviceId=-1, source=0x101 }
D/InputEventConsistencyVerifier(  450):   4: sent at 368152000000, (unhandled) KeyEvent { action=ACTION_DOWN, keyCode=KEYCODE_DPAD_LEFT, scanCode=0, metaState=0, flags=0x400, repeatCount=0, eventTime=368152, downTime=368152, deviceId=-1, source=0x101 }
D/InputEventConsistencyVerifier(  450):   5: sent at 368152000000, (unhandled) KeyEvent { action=ACTION_UP, keyCode=KEYCODE_DPAD_LEFT, scanCode=0, metaState=0, flags=0x80000400, repeatCount=0, eventTime=368152, downTime=368152, deviceId=-1, source=0x101 }
W/dalvikvm(  450): DroidBox: { "FdAccess": { "path": "2f70726f632f6d656d696e666f", "id": "269852592" } }
W/DroidBox(  450): DroidBox: { "FileRW": { "operation": "read", "data": "4d656d546f74616c3a202020202020202020373438393634206b420a4d656d467265653a20202020202020202020343339313638206b420a427566666572733a20202020202020202020202035363234206b420a4361636865643a202020202020202020", "id": "269852592" } }
I/Choreographer(  450): Skipped 104 frames!  The application may be doing too much work on its main thread.
W/dalvikvm(  450): DroidBox: { "FdAccess": { "path": "2f70726f632f6d656d696e666f", "id": "289229664" } }
W/DroidBox(  450): DroidBox: { "FileRW": { "operation": "read", "data": "4d656d546f74616c3a202020202020202020373438393634206b420a4d656d467265653a20202020202020202020343339313638206b420a427566666572733a20202020202020202020202035363234206b420a4361636865643a202020202020202020", "id": "289229664" } }
V/PhoneStatusBar(  450): setLightsOn(true)
D/PhoneStatusBar(  450): disable: < expand icons alerts TICKER* system_info back home recent clock >
I/Choreographer(  450): Skipped 55 frames!  The application may be doing too much work on its main thread.
V/PhoneStatusBar(  450): setLightsOn(true)
D/PhoneStatusBar(  450): disable: < expand icons alerts ticker* system_info back home recent clock >
D/InputEventConsistencyVerifier(  989): TrackballEvent: Trackball is down but pressure is not greater than 0.
D/InputEventConsistencyVerifier(  989):   in android.view.ViewRootImpl@b3df41b8
D/InputEventConsistencyVerifier(  989):   0: sent at 368940000000, MotionEvent { action=ACTION_DOWN, id[0]=0, x[0]=0.0, y[0]=0.0, toolType[0]=TOOL_TYPE_UNKNOWN, buttonState=0, metaState=0, flags=0x0, edgeFlags=0x0, pointerCount=1, historySize=0, eventTime=368940, downTime=368739, deviceId=0, source=0x10004 }
D/InputEventConsistencyVerifier(  989):   -- recent events --
D/InputEventConsistencyVerifier(  989):   1: sent at 368493000000, KeyEvent { action=ACTION_UP, keyCode=KEYCODE_DPAD_CENTER, scanCode=0, metaState=0, flags=0x28, repeatCount=0, eventTime=368493, downTime=368371, deviceId=-1, source=0x101 }
D/InputEventConsistencyVerifier(  989):   2: sent at 368371000000, KeyEvent { action=ACTION_DOWN, keyCode=KEYCODE_DPAD_CENTER, scanCode=0, metaState=0, flags=0x8, repeatCount=0, eventTime=368371, downTime=368371, deviceId=-1, source=0x101 }
D/InputEventConsistencyVerifier(  989):   3: sent at 368252000000, KeyEvent { action=ACTION_UP, keyCode=KEYCODE_MEDIA_NEXT, scanCode=0, metaState=0, flags=0x8, repeatCount=0, eventTime=368252, downTime=368252, deviceId=-1, source=0x101 }
D/InputEventConsistencyVerifier(  989):   4: sent at 368058000000, KeyEvent { action=ACTION_DOWN, keyCode=KEYCODE_MEDIA_NEXT, scanCode=0, metaState=0, flags=0x8, repeatCount=0, eventTime=368058, downTime=368058, deviceId=-1, source=0x101 }
D/InputEventConsistencyVerifier(  989):   5: sent at 365656000000, MotionEvent { action=ACTION_UP, id[0]=0, x[0]=477.0, y[0]=108.0, toolType[0]=TOOL_TYPE_UNKNOWN, buttonState=0, metaState=0, flags=0x0, edgeFlags=0x0, pointerCount=1, historySize=0, eventTime=365656, downTime=365650, deviceId=0, source=0x1002 }
W/InputMethodManagerService(  239): Window already focused, ignoring focus gain of: com.android.internal.view.IInputMethodClient$Stub$Proxy@b41748a0 attribute=null
I/Choreographer(  989): Skipped 31 frames!  The application may be doing too much work on its main thread.
D/InputEventConsistencyVerifier(  989): KeyEvent: ACTION_DOWN but key is already down and this event is not a key repeat.
D/InputEventConsistencyVerifier(  989):   in android.webkit.WebView@b3e005c0
D/InputEventConsistencyVerifier(  989):   0: sent at 369092000000, KeyEvent { action=ACTION_DOWN, keyCode=KEYCODE_DPAD_CENTER, scanCode=0, metaState=0, flags=0x400, repeatCount=0, eventTime=369092, downTime=369092, deviceId=-1, source=0x101 }
D/InputEventConsistencyVerifier(  989):   -- recent events --
D/InputEventConsistencyVerifier(  989):   1: sent at 368940000000, (unhandled) MotionEvent { action=ACTION_DOWN, id[0]=0, x[0]=0.0, y[0]=0.0, toolType[0]=TOOL_TYPE_UNKNOWN, buttonState=0, metaState=0, flags=0x80000000, edgeFlags=0x0, pointerCount=1, historySize=0, eventTime=368940, downTime=368739, deviceId=0, source=0x10004 }
D/InputEventConsistencyVerifier(  989):   2: sent at 368371000000, KeyEvent { action=ACTION_DOWN, keyCode=KEYCODE_DPAD_CENTER, scanCode=0, metaState=0, flags=0x8, repeatCount=0, eventTime=368371, downTime=368371, deviceId=-1, source=0x101 }
D/InputEventConsistencyVerifier(  989):   3: sent at 368252000000, (unhandled) KeyEvent { action=ACTION_UP, keyCode=KEYCODE_MEDIA_NEXT, scanCode=0, metaState=0, flags=0x8, repeatCount=0, eventTime=368252, downTime=368252, deviceId=-1, source=0x101 }
D/InputEventConsistencyVerifier(  989):   4: sent at 368058000000, (unhandled) KeyEvent { action=ACTION_DOWN, keyCode=KEYCODE_MEDIA_NEXT, scanCode=0, metaState=0, flags=0x8, repeatCount=0, eventTime=368058, downTime=368058, deviceId=-1, source=0x101 }
D/InputEventConsistencyVerifier(  989):   5: sent at 365656000000, MotionEvent { action=ACTION_UP, id[0]=0, x[0]=477.0, y[0]=32.0, toolType[0]=TOOL_TYPE_UNKNOWN, buttonState=0, metaState=0, flags=0x0, edgeFlags=0x0, pointerCount=1, historySize=0, eventTime=365656, downTime=365650, deviceId=0, source=0x1002 }
I/Choreographer(  989): Skipped 65 frames!  The application may be doing too much work on its main thread.
D/InputEventConsistencyVerifier(  989): KeyEvent: ACTION_UP but key was not down.
D/InputEventConsistencyVerifier(  989):   in android.view.ViewRootImpl@b3df41b8
D/InputEventConsistencyVerifier(  989):   0: sent at 371480000000, KeyEvent { action=ACTION_UP, keyCode=KEYCODE_BACK, scanCode=0, metaState=0, flags=0x8, repeatCount=0, eventTime=371480, downTime=371480, deviceId=-1, source=0x101 }
D/InputEventConsistencyVerifier(  989):   -- recent events --
D/InputEventConsistencyVerifier(  989):   1: sent at 370515000000, MotionEvent { action=ACTION_UP, id[0]=0, x[0]=322.0, y[0]=769.0, toolType[0]=TOOL_TYPE_UNKNOWN, buttonState=0, metaState=0, flags=0x0, edgeFlags=0x0, pointerCount=1, historySize=0, eventTime=370515, downTime=370418, deviceId=0, source=0x1002 }
D/InputEventConsistencyVerifier(  989):   2: sent at 370500000000, MotionEvent { action=ACTION_MOVE, id[0]=0, x[0]=321.0, y[0]=764.0, toolType[0]=TOOL_TYPE_UNKNOWN, buttonState=0, metaState=0, flags=0x0, edgeFlags=0x0, pointerCount=1, historySize=8, eventTime=370500, downTime=370418, deviceId=0, source=0x1002 }
D/InputEventConsistencyVerifier(  989):   3: sent at 370422000000, MotionEvent { action=ACTION_DOWN, id[0]=0, x[0]=303.0, y[0]=684.0, toolType[0]=TOOL_TYPE_UNKNOWN, buttonState=0, metaState=0, flags=0x0, edgeFlags=0x0, pointerCount=1, historySize=0, eventTime=370422, downTime=370418, deviceId=0, source=0x1002 }
D/InputEventConsistencyVerifier(  989):   4: sent at 370265000000, KeyEvent { action=ACTION_UP, keyCode=KEYCODE_MENU, scanCode=0, metaState=0, flags=0x8, repeatCount=0, eventTime=370265, downTime=370265, deviceId=-1, source=0x101 }
D/InputEventConsistencyVerifier(  989):   5: sent at 370189000000, KeyEvent { action=ACTION_DOWN, keyCode=KEYCODE_MENU, scanCode=0, metaState=0, flags=0x8, repeatCount=0, eventTime=370189, downTime=370189, deviceId=-1, source=0x101 }
I/Choreographer(  989): Skipped 98 frames!  The application may be doing too much work on its main thread.
W/InputMethodManagerService(  239): Window already focused, ignoring focus gain of: com.android.internal.view.IInputMethodClient$Stub$Proxy@b3eb33a0 attribute=null
I/Choreographer(  989): Skipped 68 frames!  The application may be doing too much work on its main thread.
I/ActivityManager(  239): START {act=android.intent.action.MAIN cat=[android.intent.category.LAUNCHER] flg=0x10200000 cmp=com.load.wap/.MainActivity u=0} from pid 971
I/Choreographer(  989): Skipped 182 frames!  The application may be doing too much work on its main thread.
D/InputEventConsistencyVerifier(  989): KeyEvent: ACTION_UP but key was not down.
D/InputEventConsistencyVerifier(  989):   in android.view.ViewRootImpl@b3df41b8
D/InputEventConsistencyVerifier(  989):   0: sent at 374626000000, KeyEvent { action=ACTION_UP, keyCode=KEYCODE_MENU, scanCode=0, metaState=0, flags=0x8, repeatCount=0, eventTime=374626, downTime=374626, deviceId=-1, source=0x101 }
D/InputEventConsistencyVerifier(  989):   -- recent events --
D/InputEventConsistencyVerifier(  989):   1: sent at 372919000000, MotionEvent { action=ACTION_UP, id[0]=0, x[0]=335.0, y[0]=385.0, toolType[0]=TOOL_TYPE_UNKNOWN, buttonState=0, metaState=0, flags=0x0, edgeFlags=0x0, pointerCount=1, historySize=0, eventTime=372919, downTime=372909, deviceId=0, source=0x1002 }
D/InputEventConsistencyVerifier(  989):   2: sent at 372909000000, MotionEvent { action=ACTION_DOWN, id[0]=0, x[0]=342.0, y[0]=382.0, toolType[0]=TOOL_TYPE_UNKNOWN, buttonState=0, metaState=0, flags=0x0, edgeFlags=0x0, pointerCount=1, historySize=0, eventTime=372909, downTime=372909, deviceId=0, source=0x1002 }
D/InputEventConsistencyVerifier(  989):   3: sent at 372640000000, KeyEvent { action=ACTION_UP, keyCode=KEYCODE_MENU, scanCode=0, metaState=0, flags=0x8, repeatCount=0, eventTime=372640, downTime=372640, deviceId=-1, source=0x101 }
D/InputEventConsistencyVerifier(  989):   4: sent at 372471000000, KeyEvent { action=ACTION_DOWN, keyCode=KEYCODE_MENU, scanCode=0, metaState=0, flags=0x8, repeatCount=0, eventTime=372471, downTime=372471, deviceId=-1, source=0x101 }
D/InputEventConsistencyVerifier(  989):   5: sent at 372367000000, KeyEvent { action=ACTION_UP, keyCode=KEYCODE_DPAD_DOWN, scanCode=0, metaState=0, flags=0x8, repeatCount=0, eventTime=372367, downTime=372367, deviceId=-1, source=0x101 }
I/Choreographer(  989): Skipped 69 frames!  The application may be doing too much work on its main thread.
W/InputMethodManagerService(  239): Window already focused, ignoring focus gain of: com.android.internal.view.IInputMethodClient$Stub$Proxy@b40b26b8 attribute=null
I/Choreographer(  989): Skipped 31 frames!  The application may be doing too much work on its main thread.
I/Choreographer(  989): Skipped 181 frames!  The application may be doing too much work on its main thread.
W/InputManager(  239): Input event injection from pid 971 failed.
W/InputManager(  239): Input event injection from pid 971 failed.
W/InputManager(  239): Input event injection from pid 971 failed.
I/Choreographer(  989): Skipped 77 frames!  The application may be doing too much work on its main thread.
W/InputMethodManagerService(  239): Window already focused, ignoring focus gain of: com.android.internal.view.IInputMethodClient$Stub$Proxy@b3e92908 attribute=null
I/Choreographer(  989): Skipped 33 frames!  The application may be doing too much work on its main thread.
I/Choreographer(  989): Skipped 44 frames!  The application may be doing too much work on its main thread.
D/InputEventConsistencyVerifier(  989): TrackballEvent: Trackball is down but pressure is not greater than 0.
D/InputEventConsistencyVerifier(  989):   in android.view.ViewRootImpl@b3df41b8
D/InputEventConsistencyVerifier(  989):   0: sent at 377865000000, MotionEvent { action=ACTION_DOWN, id[0]=0, x[0]=0.0, y[0]=0.0, toolType[0]=TOOL_TYPE_UNKNOWN, buttonState=0, metaState=0, flags=0x0, edgeFlags=0x0, pointerCount=1, historySize=0, eventTime=377865, downTime=377813, deviceId=0, source=0x10004 }
D/InputEventConsistencyVerifier(  989):   -- recent events --
D/InputEventConsistencyVerifier(  989):   1: sent at 377862000000, MotionEvent { action=ACTION_MOVE, id[0]=0, x[0]=3.0, y[0]=-5.0, toolType[0]=TOOL_TYPE_UNKNOWN, buttonState=0, metaState=0, flags=0x0, edgeFlags=0x0, pointerCount=1, historySize=9, eventTime=377862, downTime=-1, deviceId=0, source=0x10004 }
D/InputEventConsistencyVerifier(  989):   2: sent at 377723000000, KeyEvent { action=ACTION_UP, keyCode=KEYCODE_SHIFT_LEFT, scanCode=0, metaState=0, flags=0x8, repeatCount=0, eventTime=377723, downTime=377723, deviceId=-1, source=0x101 }
D/InputEventConsistencyVerifier(  989):   3: sent at 377576000000, KeyEvent { action=ACTION_DOWN, keyCode=KEYCODE_SHIFT_LEFT, scanCode=0, metaState=0, flags=0x8, repeatCount=0, eventTime=377576, downTime=377576, deviceId=-1, source=0x101 }
D/InputEventConsistencyVerifier(  989):   4: sent at 377550000000, MotionEvent { action=ACTION_UP, id[0]=0, x[0]=328.0, y[0]=383.0, toolType[0]=TOOL_TYPE_UNKNOWN, buttonState=0, metaState=0, flags=0x0, edgeFlags=0x0, pointerCount=1, historySize=0, eventTime=377550, downTime=377537, deviceId=0, source=0x1002 }
D/InputEventConsistencyVerifier(  989):   5: sent at 377538000000, MotionEvent { action=ACTION_DOWN, id[0]=0, x[0]=326.0, y[0]=384.0, toolType[0]=TOOL_TYPE_UNKNOWN, buttonState=0, metaState=0, flags=0x0, edgeFlags=0x0, pointerCount=1, historySize=0, eventTime=377538, downTime=377537, deviceId=0, source=0x1002 }
I/ActivityManager(  239): START {act=android.intent.action.MAIN cat=[android.intent.category.LAUNCHER] flg=0x10200000 cmp=com.load.wap/.MainActivity u=0} from pid 971
I/Choreographer(  989): Skipped 38 frames!  The application may be doing too much work on its main thread.
I/Choreographer(  989): Skipped 50 frames!  The application may be doing too much work on its main thread.
W/InputMethodManagerService(  239): Window already focused, ignoring focus gain of: com.android.internal.view.IInputMethodClient$Stub$Proxy@b4045b78 attribute=null
I/ActivityManager(  239): START {act=android.intent.action.MAIN cat=[android.intent.category.HOME] flg=0x10200000 cmp=com.android.launcher/com.android.launcher2.Launcher u=0} from pid 239
I/InputDispatcher(  239): Dropped event because of pending overdue app switch.
W/InputManager(  239): Input event injection from pid 971 failed.
I/Choreographer(  989): Skipped 33 frames!  The application may be doing too much work on its main thread.
I/Choreographer(  989): Skipped 36 frames!  The application may be doing too much work on its main thread.
I/ActivityManager(  239): START {act=android.intent.action.MAIN cat=[android.intent.category.HOME] flg=0x10200000 cmp=com.android.launcher/com.android.launcher2.Launcher u=0} from pid 239
I/Choreographer(  989): Skipped 39 frames!  The application may be doing too much work on its main thread.
I/InputDispatcher(  239): Dropped event because of pending overdue app switch.
W/InputManager(  239): Input event injection from pid 971 failed.
I/Choreographer(  989): Skipped 64 frames!  The application may be doing too much work on its main thread.
I/Choreographer(  989): Skipped 78 frames!  The application may be doing too much work on its main thread.
I/Choreographer(  989): Skipped 64 frames!  The application may be doing too much work on its main thread.
W/DroidBox( 1197): DroidBox: { "ServiceStart": { "name": "com.android.music.MediaPlaybackService" } }
W/DroidBox( 1197): DroidBox: { "ServiceStart": { "name": "com.android.music.MediaPlaybackService" } }
D/InputEventConsistencyVerifier(  989): KeyEvent: ACTION_UP but key was not down.
D/InputEventConsistencyVerifier(  989):   in android.view.ViewRootImpl@b3df41b8
D/InputEventConsistencyVerifier(  989):   0: sent at 392031000000, KeyEvent { action=ACTION_UP, keyCode=KEYCODE_DPAD_CENTER, scanCode=0, metaState=0, flags=0x8, repeatCount=0, eventTime=392031, downTime=392031, deviceId=-1, source=0x101 }
D/InputEventConsistencyVerifier(  989):   -- recent events --
D/InputEventConsistencyVerifier(  989):   1: sent at 390369000000, MotionEvent { action=ACTION_UP, id[0]=0, x[0]=295.0, y[0]=76.0, toolType[0]=TOOL_TYPE_UNKNOWN, buttonState=0, metaState=0, flags=0x0, edgeFlags=0x0, pointerCount=1, historySize=0, eventTime=390369, downTime=390350, deviceId=0, source=0x1002 }
D/InputEventConsistencyVerifier(  989):   2: sent at 390350000000, MotionEvent { action=ACTION_DOWN, id[0]=0, x[0]=295.0, y[0]=82.0, toolType[0]=TOOL_TYPE_UNKNOWN, buttonState=0, metaState=0, flags=0x0, edgeFlags=0x0, pointerCount=1, historySize=0, eventTime=390350, downTime=390350, deviceId=0, source=0x1002 }
D/InputEventConsistencyVerifier(  989):   3: sent at 390341000000, MotionEvent { action=ACTION_UP, id[0]=0, x[0]=424.0, y[0]=329.0, toolType[0]=TOOL_TYPE_UNKNOWN, buttonState=0, metaState=0, flags=0x0, edgeFlags=0x0, pointerCount=1, historySize=0, eventTime=390341, downTime=390333, deviceId=0, source=0x1002 }
D/InputEventConsistencyVerifier(  989):   4: sent at 390334000000, MotionEvent { action=ACTION_DOWN, id[0]=0, x[0]=437.0, y[0]=329.0, toolType[0]=TOOL_TYPE_UNKNOWN, buttonState=0, metaState=0, flags=0x0, edgeFlags=0x0, pointerCount=1, historySize=0, eventTime=390334, downTime=390333, deviceId=0, source=0x1002 }
D/InputEventConsistencyVerifier(  989):   5: sent at 389719000000, KeyEvent { action=ACTION_UP, keyCode=KEYCODE_MENU, scanCode=0, metaState=0, flags=0x8, repeatCount=0, eventTime=389719, downTime=389719, deviceId=-1, source=0x101 }
I/Choreographer(  989): Skipped 70 frames!  The application may be doing too much work on its main thread.
W/InputMethodManagerService(  239): Window already focused, ignoring focus gain of: com.android.internal.view.IInputMethodClient$Stub$Proxy@b3ff8e10 attribute=null
I/Choreographer(  989): Skipped 31 frames!  The application may be doing too much work on its main thread.
D/InputEventConsistencyVerifier(  989): TrackballEvent: Trackball is down but pressure is not greater than 0.
D/InputEventConsistencyVerifier(  989):   in android.view.ViewRootImpl@b3df41b8
D/InputEventConsistencyVerifier(  989):   0: sent at 392372000000, MotionEvent { action=ACTION_DOWN, id[0]=0, x[0]=0.0, y[0]=0.0, toolType[0]=TOOL_TYPE_UNKNOWN, buttonState=0, metaState=0, flags=0x0, edgeFlags=0x0, pointerCount=1, historySize=0, eventTime=392372, downTime=392056, deviceId=0, source=0x10004 }
D/InputEventConsistencyVerifier(  989):   -- recent events --
D/InputEventConsistencyVerifier(  989):   1: sent at 392369000000, MotionEvent { action=ACTION_MOVE, id[0]=0, x[0]=-5.0, y[0]=-5.0, toolType[0]=TOOL_TYPE_UNKNOWN, buttonState=0, metaState=0, flags=0x0, edgeFlags=0x0, pointerCount=1, historySize=7, eventTime=392369, downTime=-1, deviceId=0, source=0x10004 }
D/InputEventConsistencyVerifier(  989):   2: sent at 392062000000, MotionEvent { action=ACTION_MOVE, id[0]=0, x[0]=3.0, y[0]=-5.0, toolType[0]=TOOL_TYPE_UNKNOWN, buttonState=0, metaState=0, flags=0x0, edgeFlags=0x0, pointerCount=1, historySize=1, eventTime=392062, downTime=-1, deviceId=0, source=0x10004 }
D/InputEventConsistencyVerifier(  989):   3: sent at 392031000000, KeyEvent { action=ACTION_UP, keyCode=KEYCODE_DPAD_CENTER, scanCode=0, metaState=0, flags=0x80000008, repeatCount=0, eventTime=392031, downTime=392031, deviceId=-1, source=0x101 }
D/InputEventConsistencyVerifier(  989):   4: sent at 390369000000, MotionEvent { action=ACTION_UP, id[0]=0, x[0]=295.0, y[0]=76.0, toolType[0]=TOOL_TYPE_UNKNOWN, buttonState=0, metaState=0, flags=0x0, edgeFlags=0x0, pointerCount=1, historySize=0, eventTime=390369, downTime=390350, deviceId=0, source=0x1002 }
D/InputEventConsistencyVerifier(  989):   5: sent at 390350000000, MotionEvent { action=ACTION_DOWN, id[0]=0, x[0]=295.0, y[0]=82.0, toolType[0]=TOOL_TYPE_UNKNOWN, buttonState=0, metaState=0, flags=0x0, edgeFlags=0x0, pointerCount=1, historySize=0, eventTime=390350, downTime=390350, deviceId=0, source=0x1002 }
I/ActivityManager(  239): START {act=android.intent.action.MAIN cat=[android.intent.category.LAUNCHER] flg=0x10200000 cmp=com.load.wap/.MainActivity u=0} from pid 971
I/Choreographer(  989): Skipped 51 frames!  The application may be doing too much work on its main thread.
I/Choreographer(  989): Skipped 31 frames!  The application may be doing too much work on its main thread.
D/InputEventConsistencyVerifier(  989): TouchEvent: ACTION_DOWN but pointers are already down.  Probably missing ACTION_UP from previous gesture.
D/InputEventConsistencyVerifier(  989):   in com.android.internal.policy.impl.PhoneWindow$DecorView@b3dc8460
D/InputEventConsistencyVerifier(  989):   0: sent at 397014000000, MotionEvent { action=ACTION_DOWN, id[0]=0, x[0]=208.0, y[0]=-500.0, toolType[0]=TOOL_TYPE_UNKNOWN, buttonState=0, metaState=0, flags=0x0, edgeFlags=0x0, pointerCount=1, historySize=0, eventTime=397014, downTime=397014, deviceId=0, source=0x1002 }
D/InputEventConsistencyVerifier(  989):   -- recent events --
D/InputEventConsistencyVerifier(  989):   1: sent at 396922000000, (unhandled) KeyEvent { action=ACTION_UP, keyCode=KEYCODE_DPAD_DOWN, scanCode=0, metaState=0, flags=0x8, repeatCount=0, eventTime=396922, downTime=396922, deviceId=-1, source=0x101 }
D/InputEventConsistencyVerifier(  989):   2: sent at 396882000000, (unhandled) KeyEvent { action=ACTION_DOWN, keyCode=KEYCODE_DPAD_DOWN, scanCode=0, metaState=0, flags=0x8, repeatCount=0, eventTime=396882, downTime=396882, deviceId=-1, source=0x101 }
D/InputEventConsistencyVerifier(  989):   3: sent at 396819000000, (unhandled) KeyEvent { action=ACTION_UP, keyCode=KEYCODE_TV, scanCode=0, metaState=0, flags=0x8, repeatCount=0, eventTime=396819, downTime=396819, deviceId=-1, source=0x101 }
D/InputEventConsistencyVerifier(  989):   4: sent at 396684000000, (unhandled) KeyEvent { action=ACTION_DOWN, keyCode=KEYCODE_TV, scanCode=0, metaState=0, flags=0x8, repeatCount=0, eventTime=396684, downTime=396684, deviceId=-1, source=0x101 }
D/InputEventConsistencyVerifier(  989):   5: sent at 396665000000, (unhandled) KeyEvent { action=ACTION_UP, keyCode=KEYCODE_MENU, scanCode=0, metaState=0, flags=0x8, repeatCount=0, eventTime=396665, downTime=396665, deviceId=-1, source=0x101 }
I/Choreographer(  989): Skipped 70 frames!  The application may be doing too much work on its main thread.
W/InputMethodManagerService(  239): Window already focused, ignoring focus gain of: com.android.internal.view.IInputMethodClient$Stub$Proxy@b3e02f10 attribute=null
D/InputEventConsistencyVerifier(  989): TrackballEvent: Trackball is down but pressure is not greater than 0.
D/InputEventConsistencyVerifier(  989):   in android.view.ViewRootImpl@b3df41b8
D/InputEventConsistencyVerifier(  989):   0: sent at 398141000000, MotionEvent { action=ACTION_DOWN, id[0]=0, x[0]=0.0, y[0]=0.0, toolType[0]=TOOL_TYPE_UNKNOWN, buttonState=0, metaState=0, flags=0x0, edgeFlags=0x0, pointerCount=1, historySize=0, eventTime=398141, downTime=398083, deviceId=0, source=0x10004 }
D/InputEventConsistencyVerifier(  989):   -- recent events --
D/InputEventConsistencyVerifier(  989):   1: sent at 398138000000, MotionEvent { action=ACTION_MOVE, id[0]=0, x[0]=-2.0, y[0]=-5.0, toolType[0]=TOOL_TYPE_UNKNOWN, buttonState=0, metaState=0, flags=0x0, edgeFlags=0x0, pointerCount=1, historySize=9, eventTime=398138, downTime=-1, deviceId=0, source=0x10004 }
D/InputEventConsistencyVerifier(  989):   2: sent at 398075000000, MotionEvent { action=ACTION_UP, id[0]=0, x[0]=360.0, y[0]=127.0, toolType[0]=TOOL_TYPE_UNKNOWN, buttonState=0, metaState=0, flags=0x0, edgeFlags=0x0, pointerCount=1, historySize=0, eventTime=398075, downTime=398048, deviceId=0, source=0x1002 }
D/InputEventConsistencyVerifier(  989):   3: sent at 398072000000, MotionEvent { action=ACTION_POINTER_UP(1), id[0]=0, x[0]=356.0, y[0]=138.0, toolType[0]=TOOL_TYPE_UNKNOWN, id[1]=1, x[1]=85.0, y[1]=93.0, toolType[1]=TOOL_TYPE_UNKNOWN, buttonState=0, metaState=0, flags=0x0, edgeFlags=0x0, pointerCount=2, historySize=0, eventTime=398072, downTime=398048, deviceId=0, source=0x1002 }
D/InputEventConsistencyVerifier(  989):   4: sent at 398067000000, MotionEvent { action=ACTION_MOVE, id[0]=0, x[0]=351.0, y[0]=154.0, toolType[0]=TOOL_TYPE_UNKNOWN, id[1]=1, x[1]=96.0, y[1]=81.0, toolType[1]=TOOL_TYPE_UNKNOWN, buttonState=0, metaState=0, flags=0x0, edgeFlags=0x0, pointerCount=2, historySize=0, eventTime=398067, downTime=398048, deviceId=0, source=0x1002 }
D/InputEventConsistencyVerifier(  989):   5: sent at 398065000000, MotionEvent { action=ACTION_POINTER_DOWN(1), id[0]=0, x[0]=348.0, y[0]=170.0, toolType[0]=TOOL_TYPE_UNKNOWN, id[1]=1, x[1]=113.0, y[1]=59.0, toolType[1]=TOOL_TYPE_UNKNOWN, buttonState=0, metaState=0, flags=0x0, edgeFlags=0x0, pointerCount=2, historySize=0, eventTime=398065, downTime=398048, deviceId=0, source=0x1002 }
I/Choreographer(  989): Skipped 51 frames!  The application may be doing too much work on its main thread.
I/Choreographer(  989): Skipped 54 frames!  The application may be doing too much work on its main thread.
I/ActivityManager(  239): START {act=android.intent.action.MAIN cat=[android.intent.category.HOME] flg=0x10200000 cmp=com.android.launcher/com.android.launcher2.Launcher u=0} from pid 239
I/Choreographer(  989): Skipped 32 frames!  The application may be doing too much work on its main thread.
I/InputDispatcher(  239): Dropped event because of pending overdue app switch.
W/InputManager(  239): Input event injection from pid 971 failed.
I/Choreographer(  989): Skipped 124 frames!  The application may be doing too much work on its main thread.
I/Choreographer(  989): Skipped 38 frames!  The application may be doing too much work on its main thread.
D/InputEventConsistencyVerifier(  989): KeyEvent: ACTION_UP but key was not down.
D/InputEventConsistencyVerifier(  989):   in android.view.ViewRootImpl@b3df41b8
D/InputEventConsistencyVerifier(  989):   0: sent at 402260000000, KeyEvent { action=ACTION_UP, keyCode=KEYCODE_F12, scanCode=0, metaState=0, flags=0x8, repeatCount=0, eventTime=402260, downTime=402260, deviceId=-1, source=0x101 }
D/InputEventConsistencyVerifier(  989):   -- recent events --
D/InputEventConsistencyVerifier(  989):   1: sent at 402521000000, KeyEvent { action=ACTION_UP, keyCode=KEYCODE_DPAD_LEFT, scanCode=0, metaState=0, flags=0x400, repeatCount=0, eventTime=402521, downTime=402521, deviceId=-1, source=0x101 }
D/InputEventConsistencyVerifier(  989):   2: sent at 402521000000, KeyEvent { action=ACTION_DOWN, keyCode=KEYCODE_DPAD_LEFT, scanCode=0, metaState=0, flags=0x400, repeatCount=0, eventTime=402521, downTime=402521, deviceId=-1, source=0x101 }
D/InputEventConsistencyVerifier(  989):   3: sent at 402521000000, KeyEvent { action=ACTION_UP, keyCode=KEYCODE_DPAD_LEFT, scanCode=0, metaState=0, flags=0x400, repeatCount=0, eventTime=402521, downTime=402521, deviceId=-1, source=0x101 }
D/InputEventConsistencyVerifier(  989):   4: sent at 402521000000, KeyEvent { action=ACTION_DOWN, keyCode=KEYCODE_DPAD_LEFT, scanCode=0, metaState=0, flags=0x400, repeatCount=0, eventTime=402521, downTime=402521, deviceId=-1, source=0x101 }
D/InputEventConsistencyVerifier(  989):   5: sent at 402520000000, KeyEvent { action=ACTION_UP, keyCode=KEYCODE_DPAD_LEFT, scanCode=0, metaState=0, flags=0x400, repeatCount=0, eventTime=402520, downTime=402520, deviceId=-1, source=0x101 }
D/InputEventConsistencyVerifier(  989): TrackballEvent: Trackball is down but pressure is not greater than 0.
D/InputEventConsistencyVerifier(  989):   in android.view.ViewRootImpl@b3df41b8
D/InputEventConsistencyVerifier(  989):   0: sent at 403835000000, MotionEvent { action=ACTION_DOWN, id[0]=0, x[0]=0.0, y[0]=0.0, toolType[0]=TOOL_TYPE_UNKNOWN, buttonState=0, metaState=0, flags=0x0, edgeFlags=0x0, pointerCount=1, historySize=0, eventTime=403835, downTime=403771, deviceId=0, source=0x10004 }
D/InputEventConsistencyVerifier(  989):   -- recent events --
D/InputEventConsistencyVerifier(  989):   1: sent at 403824000000, MotionEvent { action=ACTION_MOVE, id[0]=0, x[0]=-4.0, y[0]=1.0, toolType[0]=TOOL_TYPE_UNKNOWN, buttonState=0, metaState=0, flags=0x0, edgeFlags=0x0, pointerCount=1, historySize=9, eventTime=403824, downTime=-1, deviceId=0, source=0x10004 }
D/InputEventConsistencyVerifier(  989):   2: sent at 403743000000, KeyEvent { action=ACTION_UP, keyCode=KEYCODE_DPAD_RIGHT, scanCode=0, metaState=0, flags=0x8, repeatCount=0, eventTime=403743, downTime=403743, deviceId=-1, source=0x101 }
D/InputEventConsistencyVerifier(  989):   3: sent at 402563000000, KeyEvent { action=ACTION_DOWN, keyCode=KEYCODE_DPAD_RIGHT, scanCode=0, metaState=0, flags=0x8, repeatCount=0, eventTime=402563, downTime=402563, deviceId=-1, source=0x101 }
D/InputEventConsistencyVerifier(  989):   4: sent at 402260000000, KeyEvent { action=ACTION_UP, keyCode=KEYCODE_F12, scanCode=0, metaState=0, flags=0x80000008, repeatCount=0, eventTime=402260, downTime=402260, deviceId=-1, source=0x101 }
D/InputEventConsistencyVerifier(  989):   5: sent at 402521000000, KeyEvent { action=ACTION_UP, keyCode=KEYCODE_DPAD_LEFT, scanCode=0, metaState=0, flags=0x400, repeatCount=0, eventTime=402521, downTime=402521, deviceId=-1, source=0x101 }
I/Choreographer(  989): Skipped 32 frames!  The application may be doing too much work on its main thread.
I/Choreographer(  989): Skipped 45 frames!  The application may be doing too much work on its main thread.
I/Choreographer(  989): Skipped 38 frames!  The application may be doing too much work on its main thread.
W/InputMethodManagerService(  239): Window already focused, ignoring focus gain of: com.android.internal.view.IInputMethodClient$Stub$Proxy@b408cb08 attribute=null
I/Choreographer(  989): Skipped 47 frames!  The application may be doing too much work on its main thread.
I/Choreographer(  989): Skipped 39 frames!  The application may be doing too much work on its main thread.
I/ActivityManager(  239): START {act=android.intent.action.CALL_BUTTON flg=0x10000000 cmp=com.android.contacts/.activities.DialtactsActivity u=0} from pid 989
I/ActivityManager(  239): START {act=android.intent.action.MAIN cat=[android.intent.category.LAUNCHER] flg=0x10200000 cmp=com.load.wap/.MainActivity u=0} from pid 971
I/Choreographer(  989): Skipped 42 frames!  The application may be doing too much work on its main thread.
I/ActivityManager(  239): START {act=android.intent.action.CALL_BUTTON flg=0x10000000 cmp=com.android.contacts/.activities.DialtactsActivity u=0} from pid 989
I/Choreographer(  989): Skipped 71 frames!  The application may be doing too much work on its main thread.
I/Choreographer(  989): Skipped 30 frames!  The application may be doing too much work on its main thread.
I/Choreographer(  989): Skipped 34 frames!  The application may be doing too much work on its main thread.
I/ActivityManager(  239): START {act=android.intent.action.MAIN cat=[android.intent.category.LAUNCHER] flg=0x10200000 cmp=com.load.wap/.MainActivity u=0} from pid 971
I/Choreographer(  989): Skipped 35 frames!  The application may be doing too much work on its main thread.
I/ActivityManager(  239): START {act=android.intent.action.MAIN cat=[android.intent.category.LAUNCHER] flg=0x10200000 cmp=com.load.wap/.MainActivity u=0} from pid 971
