D/InputEventConsistencyVerifier(  469):   in android.widget.FrameLayout@b3e64fd0
D/InputEventConsistencyVerifier(  469):   0: sent at 145374000000, KeyEvent { action=ACTION_UP, keyCode=KEYCODE_DPAD_DOWN, scanCode=0, metaState=0, flags=0x400, repeatCount=0, eventTime=145374, downTime=145374, deviceId=-1, source=0x101 }
D/InputEventConsistencyVerifier(  469):   -- recent events --
D/InputEventConsistencyVerifier(  469):   1: sent at 145314000000, MotionEvent { action=ACTION_UP, id[0]=0, x[0]=140.0, y[0]=726.0, toolType[0]=TOOL_TYPE_UNKNOWN, buttonState=0, metaState=0, flags=0x0, edgeFlags=0x0, pointerCount=1, historySize=0, eventTime=145314, downTime=145301, deviceId=0, source=0x1002 }
D/InputEventConsistencyVerifier(  469):   2: sent at 145311000000, MotionEvent { action=ACTION_MOVE, id[0]=0, x[0]=147.0, y[0]=715.0, toolType[0]=TOOL_TYPE_UNKNOWN, buttonState=0, metaState=0, flags=0x0, edgeFlags=0x0, pointerCount=1, historySize=1, eventTime=145311, downTime=145301, deviceId=0, source=0x1002 }
D/InputEventConsistencyVerifier(  469):   3: sent at 145303000000, MotionEvent { action=ACTION_DOWN, id[0]=0, x[0]=162.0, y[0]=700.0, toolType[0]=TOOL_TYPE_UNKNOWN, buttonState=0, metaState=0, flags=0x0, edgeFlags=0x0, pointerCount=1, historySize=0, eventTime=145303, downTime=145301, deviceId=0, source=0x1002 }
D/InputEventConsistencyVerifier(  469):   4: sent at 144610000000, MotionEvent { action=ACTION_UP, id[0]=0, x[0]=249.0, y[0]=401.0, toolType[0]=TOOL_TYPE_UNKNOWN, buttonState=0, metaState=0, flags=0x0, edgeFlags=0x0, pointerCount=1, historySize=0, eventTime=144610, downTime=144590, deviceId=0, source=0x1002 }
D/InputEventConsistencyVerifier(  469):   5: sent at 144602000000, MotionEvent { action=ACTION_DOWN, id[0]=0, x[0]=252.0, y[0]=407.0, toolType[0]=TOOL_TYPE_UNKNOWN, buttonState=0, metaState=0, flags=0x80000000, edgeFlags=0x0, pointerCount=1, historySize=0, eventTime=144602, downTime=144590, deviceId=0, source=0x1002 }
I/Choreographer( 1059): Skipped 33 frames!  The application may be doing too much work on its main thread.
I/Choreographer(  469): Skipped 43 frames!  The application may be doing too much work on its main thread.
D/InputEventConsistencyVerifier(  469): TouchEvent: ACTION_DOWN but pointers are already down.  Probably missing ACTION_UP from previous gesture.
D/InputEventConsistencyVerifier(  469):   in android.view.ScaleGestureDetector@b3f06938
D/InputEventConsistencyVerifier(  469):   0: sent at 145627000000, MotionEvent { action=ACTION_DOWN, id[0]=0, x[0]=316.0, y[0]=446.0, toolType[0]=TOOL_TYPE_UNKNOWN, buttonState=0, metaState=0, flags=0x0, edgeFlags=0x0, pointerCount=1, historySize=0, eventTime=145627, downTime=145627, deviceId=0, source=0x1002 }
D/InputEventConsistencyVerifier(  469):   -- recent events --
D/InputEventConsistencyVerifier(  469):   1: sent at 145311000000, MotionEvent { action=ACTION_MOVE, id[0]=0, x[0]=147.0, y[0]=715.0, toolType[0]=TOOL_TYPE_UNKNOWN, buttonState=0, metaState=0, flags=0x0, edgeFlags=0x0, pointerCount=1, historySize=1, eventTime=145311, downTime=145301, deviceId=0, source=0x1002 }
D/InputEventConsistencyVerifier(  469):   2: sent at 145303000000, MotionEvent { action=ACTION_DOWN, id[0]=0, x[0]=162.0, y[0]=700.0, toolType[0]=TOOL_TYPE_UNKNOWN, buttonState=0, metaState=0, flags=0x0, edgeFlags=0x0, pointerCount=1, historySize=0, eventTime=145303, downTime=145301, deviceId=0, source=0x1002 }
D/InputEventConsistencyVerifier(  469):   3: sent at 144610000000, MotionEvent { action=ACTION_UP, id[0]=0, x[0]=249.0, y[0]=401.0, toolType[0]=TOOL_TYPE_UNKNOWN, buttonState=0, metaState=0, flags=0x0, edgeFlags=0x0, pointerCount=1, historySize=0, eventTime=144610, downTime=144590, deviceId=0, source=0x1002 }
D/InputEventConsistencyVerifier(  469):   4: sent at 144602000000, MotionEvent { action=ACTION_DOWN, id[0]=0, x[0]=252.0, y[0]=407.0, toolType[0]=TOOL_TYPE_UNKNOWN, buttonState=0, metaState=0, flags=0x80000000, edgeFlags=0x0, pointerCount=1, historySize=0, eventTime=144602, downTime=144590, deviceId=0, source=0x1002 }
D/InputEventConsistencyVerifier(  469):   5: sent at 143119000000, MotionEvent { action=ACTION_DOWN, id[0]=0, x[0]=365.0, y[0]=455.0, toolType[0]=TOOL_TYPE_UNKNOWN, buttonState=0, metaState=0, flags=0x0, edgeFlags=0x0, pointerCount=1, historySize=0, eventTime=143119, downTime=143119, deviceId=0, source=0x1002 }
I/Choreographer( 1059): Skipped 30 frames!  The application may be doing too much work on its main thread.
I/Choreographer(  469): Skipped 42 frames!  The application may be doing too much work on its main thread.
D/InputEventConsistencyVerifier(  469): KeyEvent: ACTION_UP but key was not down.
D/InputEventConsistencyVerifier(  469):   in com.android.systemui.statusbar.phone.StatusBarWindowView@b3e66248
D/InputEventConsistencyVerifier(  469):   0: sent at 145850000000, KeyEvent { action=ACTION_UP, keyCode=KEYCODE_DPAD_UP, scanCode=0, metaState=0, flags=0x400, repeatCount=0, eventTime=145850, downTime=145850, deviceId=-1, source=0x101 }
D/InputEventConsistencyVerifier(  469):   -- recent events --
D/InputEventConsistencyVerifier(  469):   1: sent at 145804000000, (unhandled) MotionEvent { action=ACTION_MOVE, id[0]=0, x[0]=1.0, y[0]=-2.0, toolType[0]=TOOL_TYPE_UNKNOWN, buttonState=0, metaState=0, flags=0x0, edgeFlags=0x0, pointerCount=1, historySize=9, eventTime=145804, downTime=-1, deviceId=0, source=0x10004 }
D/InputEventConsistencyVerifier(  469):   2: sent at 145825000000, MotionEvent { action=ACTION_UP, id[0]=0, x[0]=259.0, y[0]=292.0, toolType[0]=TOOL_TYPE_UNKNOWN, buttonState=0, metaState=0, flags=0x0, edgeFlags=0x0, pointerCount=1, historySize=0, eventTime=145825, downTime=145809, deviceId=0, source=0x1002 }
D/InputEventConsistencyVerifier(  469):   3: sent at 145809000000, MotionEvent { action=ACTION_DOWN, id[0]=0, x[0]=262.0, y[0]=294.0, toolType[0]=TOOL_TYPE_UNKNOWN, buttonState=0, metaState=0, flags=0x0, edgeFlags=0x0, pointerCount=1, historySize=0, eventTime=145809, downTime=145809, deviceId=0, source=0x1002 }
D/InputEventConsistencyVerifier(  469):   4: sent at 145684000000, MotionEvent { action=ACTION_UP, id[0]=0, x[0]=102.0, y[0]=290.0, toolType[0]=TOOL_TYPE_UNKNOWN, buttonState=0, metaState=0, flags=0x0, edgeFlags=0x0, pointerCount=1, historySize=0, eventTime=145684, downTime=145669, deviceId=0, source=0x1002 }
D/InputEventConsistencyVerifier(  469):   5: sent at 145669000000, MotionEvent { action=ACTION_DOWN, id[0]=0, x[0]=94.0, y[0]=290.0, toolType[0]=TOOL_TYPE_UNKNOWN, buttonState=0, metaState=0, flags=0x0, edgeFlags=0x0, pointerCount=1, historySize=0, eventTime=145669, downTime=145669, deviceId=0, source=0x1002 }
D/InputEventConsistencyVerifier(  469): KeyEvent: ACTION_UP but key was not down.
D/InputEventConsistencyVerifier(  469):   in android.widget.FrameLayout@b3e64fd0
D/InputEventConsistencyVerifier(  469):   0: sent at 145970000000, KeyEvent { action=ACTION_UP, keyCode=KEYCODE_DPAD_DOWN, scanCode=0, metaState=0, flags=0x8, repeatCount=0, eventTime=145970, downTime=145970, deviceId=-1, source=0x101 }
D/InputEventConsistencyVerifier(  469):   -- recent events --
D/InputEventConsistencyVerifier(  469):   1: sent at 145825000000, MotionEvent { action=ACTION_UP, id[0]=0, x[0]=259.0, y[0]=292.0, toolType[0]=TOOL_TYPE_UNKNOWN, buttonState=0, metaState=0, flags=0x0, edgeFlags=0x0, pointerCount=1, historySize=0, eventTime=145825, downTime=145809, deviceId=0, source=0x1002 }
D/InputEventConsistencyVerifier(  469):   2: sent at 145809000000, MotionEvent { action=ACTION_DOWN, id[0]=0, x[0]=262.0, y[0]=294.0, toolType[0]=TOOL_TYPE_UNKNOWN, buttonState=0, metaState=0, flags=0x0, edgeFlags=0x0, pointerCount=1, historySize=0, eventTime=145809, downTime=145809, deviceId=0, source=0x1002 }
D/InputEventConsistencyVerifier(  469):   3: sent at 145684000000, MotionEvent { action=ACTION_UP, id[0]=0, x[0]=102.0, y[0]=290.0, toolType[0]=TOOL_TYPE_UNKNOWN, buttonState=0, metaState=0, flags=0x0, edgeFlags=0x0, pointerCount=1, historySize=0, eventTime=145684, downTime=145669, deviceId=0, source=0x1002 }
D/InputEventConsistencyVerifier(  469):   4: sent at 145669000000, MotionEvent { action=ACTION_DOWN, id[0]=0, x[0]=94.0, y[0]=290.0, toolType[0]=TOOL_TYPE_UNKNOWN, buttonState=0, metaState=0, flags=0x0, edgeFlags=0x0, pointerCount=1, historySize=0, eventTime=145669, downTime=145669, deviceId=0, source=0x1002 }
D/InputEventConsistencyVerifier(  469):   5: sent at 145645000000, MotionEvent { action=ACTION_UP, id[0]=0, x[0]=330.0, y[0]=445.0, toolType[0]=TOOL_TYPE_UNKNOWN, buttonState=0, metaState=0, flags=0x0, edgeFlags=0x0, pointerCount=1, historySize=0, eventTime=145645, downTime=145627, deviceId=0, source=0x1002 }
I/ActivityManager(  228): START {act=android.intent.action.MAIN cat=[android.intent.category.LAUNCHER] flg=0x10200000 cmp=com.spinXbackup.backupApp/.MainActivity u=0} from pid 1040
D/InputEventConsistencyVerifier(  469): TouchEvent: ACTION_DOWN but pointers are already down.  Probably missing ACTION_UP from previous gesture.
D/InputEventConsistencyVerifier(  469):   in android.view.ScaleGestureDetector@b3f06938
D/InputEventConsistencyVerifier(  469):   0: sent at 146215000000, MotionEvent { action=ACTION_DOWN, id[0]=0, x[0]=44.0, y[0]=625.0, toolType[0]=TOOL_TYPE_UNKNOWN, buttonState=0, metaState=0, flags=0x0, edgeFlags=0x0, pointerCount=1, historySize=0, eventTime=146215, downTime=146214, deviceId=0, source=0x1002 }
D/InputEventConsistencyVerifier(  469):   -- recent events --
D/InputEventConsistencyVerifier(  469):   1: sent at 146143000000, MotionEvent { action=ACTION_MOVE, id[0]=0, x[0]=184.0, y[0]=566.0, toolType[0]=TOOL_TYPE_UNKNOWN, buttonState=0, metaState=0, flags=0x0, edgeFlags=0x0, pointerCount=1, historySize=3, eventTime=146143, downTime=146103, deviceId=0, source=0x1002 }
D/InputEventConsistencyVerifier(  469):   2: sent at 146105000000, MotionEvent { action=ACTION_DOWN, id[0]=0, x[0]=188.0, y[0]=602.0, toolType[0]=TOOL_TYPE_UNKNOWN, buttonState=0, metaState=0, flags=0x0, edgeFlags=0x0, pointerCount=1, historySize=0, eventTime=146105, downTime=146103, deviceId=0, source=0x1002 }
D/InputEventConsistencyVerifier(  469):   3: sent at 145825000000, MotionEvent { action=ACTION_UP, id[0]=0, x[0]=259.0, y[0]=292.0, toolType[0]=TOOL_TYPE_UNKNOWN, buttonState=0, metaState=0, flags=0x0, edgeFlags=0x0, pointerCount=1, historySize=0, eventTime=145825, downTime=145809, deviceId=0, source=0x1002 }
D/InputEventConsistencyVerifier(  469):   4: sent at 145809000000, MotionEvent { action=ACTION_DOWN, id[0]=0, x[0]=262.0, y[0]=294.0, toolType[0]=TOOL_TYPE_UNKNOWN, buttonState=0, metaState=0, flags=0x0, edgeFlags=0x0, pointerCount=1, historySize=0, eventTime=145809, downTime=145809, deviceId=0, source=0x1002 }
D/InputEventConsistencyVerifier(  469):   5: sent at 145684000000, MotionEvent { action=ACTION_UP, id[0]=0, x[0]=102.0, y[0]=290.0, toolType[0]=TOOL_TYPE_UNKNOWN, buttonState=0, metaState=0, flags=0x0, edgeFlags=0x0, pointerCount=1, historySize=0, eventTime=145684, downTime=145669, deviceId=0, source=0x1002 }
I/Choreographer( 1059): Skipped 31 frames!  The application may be doing too much work on its main thread.
D/InputEventConsistencyVerifier(  469): TouchEvent: ACTION_DOWN but pointers are already down.  Probably missing ACTION_UP from previous gesture.
D/InputEventConsistencyVerifier(  469):   in android.view.ScaleGestureDetector@b3f06938
D/InputEventConsistencyVerifier(  469):   0: sent at 146562000000, MotionEvent { action=ACTION_DOWN, id[0]=0, x[0]=77.0, y[0]=176.0, toolType[0]=TOOL_TYPE_UNKNOWN, buttonState=0, metaState=0, flags=0x0, edgeFlags=0x0, pointerCount=1, historySize=0, eventTime=146562, downTime=146548, deviceId=0, source=0x1002 }
D/InputEventConsistencyVerifier(  469):   -- recent events --
D/InputEventConsistencyVerifier(  469):   1: sent at 146392500000, MotionEvent { action=ACTION_MOVE, id[0]=0, x[0]=413.0, y[0]=444.5, toolType[0]=TOOL_TYPE_UNKNOWN, buttonState=0, metaState=0, flags=0x0, edgeFlags=0x0, pointerCount=1, historySize=1, eventTime=146392, downTime=146380, deviceId=0, source=0x1002 }
D/InputEventConsistencyVerifier(  469):   2: sent at 146382000000, MotionEvent { action=ACTION_DOWN, id[0]=0, x[0]=425.0, y[0]=464.0, toolType[0]=TOOL_TYPE_UNKNOWN, buttonState=0, metaState=0, flags=0x0, edgeFlags=0x0, pointerCount=1, historySize=0, eventTime=146382, downTime=146380, deviceId=0, source=0x1002 }
D/InputEventConsistencyVerifier(  469):   3: sent at 146363000000, MotionEvent { action=ACTION_UP, id[0]=0, x[0]=41.0, y[0]=696.0, toolType[0]=TOOL_TYPE_UNKNOWN, buttonState=0, metaState=0, flags=0x0, edgeFlags=0x0, pointerCount=1, historySize=0, eventTime=146363, downTime=146346, deviceId=0, source=0x1002 }
D/InputEventConsistencyVerifier(  469):   4: sent at 146346000000, MotionEvent { action=ACTION_DOWN, id[0]=0, x[0]=42.0, y[0]=693.0, toolType[0]=TOOL_TYPE_UNKNOWN, buttonState=0, metaState=0, flags=0x0, edgeFlags=0x0, pointerCount=1, historySize=0, eventTime=146346, downTime=146346, deviceId=0, source=0x1002 }
D/InputEventConsistencyVerifier(  469):   5: sent at 146230000000, MotionEvent { action=ACTION_UP, id[0]=0, x[0]=47.0, y[0]=601.0, toolType[0]=TOOL_TYPE_UNKNOWN, buttonState=0, metaState=0, flags=0x0, edgeFlags=0x0, pointerCount=1, historySize=0, eventTime=146230, downTime=146214, deviceId=0, source=0x1002 }
D/InputEventConsistencyVerifier(  469): KeyEvent: ACTION_UP but key was not down.
D/InputEventConsistencyVerifier(  469):   in com.android.systemui.statusbar.phone.StatusBarWindowView@b3e66248
D/InputEventConsistencyVerifier(  469):   0: sent at 146687000000, KeyEvent { action=ACTION_UP, keyCode=KEYCODE_DPAD_DOWN, scanCode=0, metaState=0, flags=0x8, repeatCount=0, eventTime=146687, downTime=146687, deviceId=-1, source=0x101 }
D/InputEventConsistencyVerifier(  469):   -- recent events --
D/InputEventConsistencyVerifier(  469):   1: sent at 146594000000, MotionEvent { action=ACTION_UP, id[0]=0, x[0]=90.0, y[0]=143.0, toolType[0]=TOOL_TYPE_UNKNOWN, buttonState=0, metaState=0, flags=0x0, edgeFlags=0x0, pointerCount=1, historySize=0, eventTime=146594, downTime=146548, deviceId=0, source=0x1002 }
D/InputEventConsistencyVerifier(  469):   2: sent at 146580000000, MotionEvent { action=ACTION_POINTER_UP(1), id[0]=0, x[0]=86.0, y[0]=143.0, toolType[0]=TOOL_TYPE_UNKNOWN, id[1]=1, x[1]=373.0, y[1]=451.0, toolType[1]=TOOL_TYPE_UNKNOWN, buttonState=0, metaState=0, flags=0x0, edgeFlags=0x0, pointerCount=2, historySize=0, eventTime=146580, downTime=146548, deviceId=0, source=0x1002 }
D/InputEventConsistencyVerifier(  469):   3: sent at 146576000000, MotionEvent { action=ACTION_MOVE, id[0]=0, x[0]=80.0, y[0]=159.0, toolType[0]=TOOL_TYPE_UNKNOWN, id[1]=1, x[1]=380.0, y[1]=458.0, toolType[1]=TOOL_TYPE_UNKNOWN, buttonState=0, metaState=0, flags=0x0, edgeFlags=0x0, pointerCount=2, historySize=0, eventTime=146576, downTime=146548, deviceId=0, source=0x1002 }
D/InputEventConsistencyVerifier(  469):   4: sent at 146572000000, MotionEvent { action=ACTION_POINTER_DOWN(1), id[0]=0, x[0]=79.0, y[0]=171.0, toolType[0]=TOOL_TYPE_UNKNOWN, id[1]=1, x[1]=391.0, y[1]=472.0, toolType[1]=TOOL_TYPE_UNKNOWN, buttonState=0, metaState=0, flags=0x0, edgeFlags=0x0, pointerCount=2, historySize=0, eventTime=146572, downTime=146548, deviceId=0, source=0x1002 }
D/InputEventConsistencyVerifier(  469):   5: sent at 146562000000, MotionEvent { action=ACTION_DOWN, id[0]=0, x[0]=77.0, y[0]=176.0, toolType[0]=TOOL_TYPE_UNKNOWN, buttonState=0, metaState=0, flags=0x0, edgeFlags=0x0, pointerCount=1, historySize=0, eventTime=146562, downTime=146548, deviceId=0, source=0x1002 }
D/InputEventConsistencyVerifier(  469): KeyEvent: ACTION_UP but key was not down.
D/InputEventConsistencyVerifier(  469):   in android.widget.FrameLayout@b3e64fd0
D/InputEventConsistencyVerifier(  469):   0: sent at 146816000000, KeyEvent { action=ACTION_UP, keyCode=KEYCODE_DPAD_DOWN, scanCode=0, metaState=0, flags=0x400, repeatCount=0, eventTime=146816, downTime=146816, deviceId=-1, source=0x101 }
D/InputEventConsistencyVerifier(  469):   -- recent events --
D/InputEventConsistencyVerifier(  469):   1: sent at 146594000000, MotionEvent { action=ACTION_UP, id[0]=0, x[0]=90.0, y[0]=143.0, toolType[0]=TOOL_TYPE_UNKNOWN, buttonState=0, metaState=0, flags=0x0, edgeFlags=0x0, pointerCount=1, historySize=0, eventTime=146594, downTime=146548, deviceId=0, source=0x1002 }
D/InputEventConsistencyVerifier(  469):   2: sent at 146580000000, MotionEvent { action=ACTION_POINTER_UP(1), id[0]=0, x[0]=86.0, y[0]=143.0, toolType[0]=TOOL_TYPE_UNKNOWN, id[1]=1, x[1]=373.0, y[1]=451.0, toolType[1]=TOOL_TYPE_UNKNOWN, buttonState=0, metaState=0, flags=0x0, edgeFlags=0x0, pointerCount=2, historySize=0, eventTime=146580, downTime=146548, deviceId=0, source=0x1002 }
D/InputEventConsistencyVerifier(  469):   3: sent at 146576000000, MotionEvent { action=ACTION_MOVE, id[0]=0, x[0]=80.0, y[0]=159.0, toolType[0]=TOOL_TYPE_UNKNOWN, id[1]=1, x[1]=380.0, y[1]=458.0, toolType[1]=TOOL_TYPE_UNKNOWN, buttonState=0, metaState=0, flags=0x0, edgeFlags=0x0, pointerCount=2, historySize=0, eventTime=146576, downTime=146548, deviceId=0, source=0x1002 }
D/InputEventConsistencyVerifier(  469):   4: sent at 146572000000, MotionEvent { action=ACTION_POINTER_DOWN(1), id[0]=0, x[0]=79.0, y[0]=171.0, toolType[0]=TOOL_TYPE_UNKNOWN, id[1]=1, x[1]=391.0, y[1]=472.0, toolType[1]=TOOL_TYPE_UNKNOWN, buttonState=0, metaState=0, flags=0x0, edgeFlags=0x0, pointerCount=2, historySize=0, eventTime=146572, downTime=146548, deviceId=0, source=0x1002 }
D/InputEventConsistencyVerifier(  469):   5: sent at 146562000000, MotionEvent { action=ACTION_DOWN, id[0]=0, x[0]=77.0, y[0]=176.0, toolType[0]=TOOL_TYPE_UNKNOWN, buttonState=0, metaState=0, flags=0x80000000, edgeFlags=0x0, pointerCount=1, historySize=0, eventTime=146562, downTime=146548, deviceId=0, source=0x1002 }
I/Choreographer( 1059): Skipped 39 frames!  The application may be doing too much work on its main thread.
I/Choreographer(  469): Skipped 65 frames!  The application may be doing too much work on its main thread.
D/InputEventConsistencyVerifier(  469): TouchEvent: ACTION_DOWN but pointers are already down.  Probably missing ACTION_UP from previous gesture.
D/InputEventConsistencyVerifier(  469):   in android.view.ScaleGestureDetector@b3f06938
D/InputEventConsistencyVerifier(  469):   0: sent at 147091000000, MotionEvent { action=ACTION_DOWN, id[0]=0, x[0]=279.0, y[0]=172.0, toolType[0]=TOOL_TYPE_UNKNOWN, buttonState=0, metaState=0, flags=0x0, edgeFlags=0x0, pointerCount=1, historySize=0, eventTime=147091, downTime=147072, deviceId=0, source=0x1002 }
D/InputEventConsistencyVerifier(  469):   -- recent events --
D/InputEventConsistencyVerifier(  469):   1: sent at 146576000000, MotionEvent { action=ACTION_MOVE, id[0]=0, x[0]=80.0, y[0]=159.0, toolType[0]=TOOL_TYPE_UNKNOWN, id[1]=1, x[1]=380.0, y[1]=458.0, toolType[1]=TOOL_TYPE_UNKNOWN, buttonState=0, metaState=0, flags=0x0, edgeFlags=0x0, pointerCount=2, historySize=0, eventTime=146576, downTime=146548, deviceId=0, source=0x1002 }
D/InputEventConsistencyVerifier(  469):   2: sent at 146572000000, MotionEvent { action=ACTION_POINTER_DOWN(1), id[0]=0, x[0]=79.0, y[0]=171.0, toolType[0]=TOOL_TYPE_UNKNOWN, id[1]=1, x[1]=391.0, y[1]=472.0, toolType[1]=TOOL_TYPE_UNKNOWN, buttonState=0, metaState=0, flags=0x0, edgeFlags=0x0, pointerCount=2, historySize=0, eventTime=146572, downTime=146548, deviceId=0, source=0x1002 }
D/InputEventConsistencyVerifier(  469):   3: sent at 146562000000, MotionEvent { action=ACTION_DOWN, id[0]=0, x[0]=77.0, y[0]=176.0, toolType[0]=TOOL_TYPE_UNKNOWN, buttonState=0, metaState=0, flags=0x80000000, edgeFlags=0x0, pointerCount=1, historySize=0, eventTime=146562, downTime=146548, deviceId=0, source=0x1002 }
D/InputEventConsistencyVerifier(  469):   4: sent at 146392500000, MotionEvent { action=ACTION_MOVE, id[0]=0, x[0]=413.0, y[0]=444.5, toolType[0]=TOOL_TYPE_UNKNOWN, buttonState=0, metaState=0, flags=0x0, edgeFlags=0x0, pointerCount=1, historySize=1, eventTime=146392, downTime=146380, deviceId=0, source=0x1002 }
D/InputEventConsistencyVerifier(  469):   5: sent at 146382000000, MotionEvent { action=ACTION_DOWN, id[0]=0, x[0]=425.0, y[0]=464.0, toolType[0]=TOOL_TYPE_UNKNOWN, buttonState=0, metaState=0, flags=0x0, edgeFlags=0x0, pointerCount=1, historySize=0, eventTime=146382, downTime=146380, deviceId=0, source=0x1002 }
D/InputEventConsistencyVerifier(  469): KeyEvent: ACTION_UP but key was not down.
D/InputEventConsistencyVerifier(  469):   in com.android.systemui.statusbar.phone.StatusBarWindowView@b3e66248
D/InputEventConsistencyVerifier(  469):   0: sent at 147290000000, KeyEvent { action=ACTION_UP, keyCode=KEYCODE_DPAD_UP, scanCode=0, metaState=0, flags=0x400, repeatCount=0, eventTime=147290, downTime=147290, deviceId=-1, source=0x101 }
D/InputEventConsistencyVerifier(  469):   -- recent events --
D/InputEventConsistencyVerifier(  469):   1: sent at 147274000000, (unhandled) MotionEvent { action=ACTION_MOVE, id[0]=0, x[0]=0.0, y[0]=-3.0, toolType[0]=TOOL_TYPE_UNKNOWN, buttonState=0, metaState=0, flags=0x0, edgeFlags=0x0, pointerCount=1, historySize=1, eventTime=147274, downTime=-1, deviceId=0, source=0x10004 }
D/InputEventConsistencyVerifier(  469):   2: sent at 147248000000, MotionEvent { action=ACTION_UP, id[0]=0, x[0]=304.35638, y[0]=677.39716, toolType[0]=TOOL_TYPE_UNKNOWN, buttonState=0, metaState=0, flags=0x0, edgeFlags=0x0, pointerCount=1, historySize=0, eventTime=147248, downTime=147226, deviceId=0, source=0x1002 }
D/InputEventConsistencyVerifier(  469):   3: sent at 147247863470, MotionEvent { action=ACTION_MOVE, id[0]=0, x[0]=304.35638, y[0]=677.39716, toolType[0]=TOOL_TYPE_UNKNOWN, buttonState=0, metaState=0, flags=0x0, edgeFlags=0x0, pointerCount=1, historySize=1, eventTime=147247, downTime=147226, deviceId=0, source=0x1002 }
D/InputEventConsistencyVerifier(  469):   4: sent at 147226000000, MotionEvent { action=ACTION_DOWN, id[0]=0, x[0]=294.0, y[0]=682.0, toolType[0]=TOOL_TYPE_UNKNOWN, buttonState=0, metaState=0, flags=0x0, edgeFlags=0x0, pointerCount=1, historySize=0, eventTime=147226, downTime=147226, deviceId=0, source=0x1002 }
D/InputEventConsistencyVerifier(  469):   5: sent at 147216000000, MotionEvent { action=ACTION_UP, id[0]=0, x[0]=3.0, y[0]=709.0, toolType[0]=TOOL_TYPE_UNKNOWN, buttonState=0, metaState=0, flags=0x0, edgeFlags=0x0, pointerCount=1, historySize=0, eventTime=147216, downTime=147197, deviceId=0, source=0x1002 }
I/Choreographer( 1059): Skipped 40 frames!  The application may be doing too much work on its main thread.
I/Choreographer(  469): Skipped 30 frames!  The application may be doing too much work on its main thread.
D/InputEventConsistencyVerifier(  469): KeyEvent: ACTION_UP but key was not down.
D/InputEventConsistencyVerifier(  469):   in android.widget.FrameLayout@b3e64fd0
D/InputEventConsistencyVerifier(  469):   0: sent at 147408000000, KeyEvent { action=ACTION_UP, keyCode=KEYCODE_DPAD_DOWN, scanCode=0, metaState=0, flags=0x400, repeatCount=0, eventTime=147408, downTime=147408, deviceId=-1, source=0x101 }
D/InputEventConsistencyVerifier(  469):   -- recent events --
D/InputEventConsistencyVerifier(  469):   1: sent at 147248000000, MotionEvent { action=ACTION_UP, id[0]=0, x[0]=304.35638, y[0]=677.39716, toolType[0]=TOOL_TYPE_UNKNOWN, buttonState=0, metaState=0, flags=0x0, edgeFlags=0x0, pointerCount=1, historySize=0, eventTime=147248, downTime=147226, deviceId=0, source=0x1002 }
D/InputEventConsistencyVerifier(  469):   2: sent at 147247863470, MotionEvent { action=ACTION_MOVE, id[0]=0, x[0]=304.35638, y[0]=677.39716, toolType[0]=TOOL_TYPE_UNKNOWN, buttonState=0, metaState=0, flags=0x0, edgeFlags=0x0, pointerCount=1, historySize=1, eventTime=147247, downTime=147226, deviceId=0, source=0x1002 }
D/InputEventConsistencyVerifier(  469):   3: sent at 147226000000, MotionEvent { action=ACTION_DOWN, id[0]=0, x[0]=294.0, y[0]=682.0, toolType[0]=TOOL_TYPE_UNKNOWN, buttonState=0, metaState=0, flags=0x0, edgeFlags=0x0, pointerCount=1, historySize=0, eventTime=147226, downTime=147226, deviceId=0, source=0x1002 }
D/InputEventConsistencyVerifier(  469):   4: sent at 147216000000, MotionEvent { action=ACTION_UP, id[0]=0, x[0]=3.0, y[0]=709.0, toolType[0]=TOOL_TYPE_UNKNOWN, buttonState=0, metaState=0, flags=0x0, edgeFlags=0x0, pointerCount=1, historySize=0, eventTime=147216, downTime=147197, deviceId=0, source=0x1002 }
D/InputEventConsistencyVerifier(  469):   5: sent at 147197000000, MotionEvent { action=ACTION_DOWN, id[0]=0, x[0]=0.0, y[0]=719.0, toolType[0]=TOOL_TYPE_UNKNOWN, buttonState=0, metaState=0, flags=0x0, edgeFlags=0x0, pointerCount=1, historySize=0, eventTime=147197, downTime=147197, deviceId=0, source=0x1002 }
I/Choreographer(  469): Skipped 72 frames!  The application may be doing too much work on its main thread.
D/InputEventConsistencyVerifier(  469): KeyEvent: ACTION_UP but key was not down.
D/InputEventConsistencyVerifier(  469):   in com.android.systemui.statusbar.phone.PhoneStatusBarView@b3e681e0
D/InputEventConsistencyVerifier(  469):   0: sent at 147785000000, KeyEvent { action=ACTION_UP, keyCode=KEYCODE_DPAD_UP, scanCode=0, metaState=0, flags=0x400, repeatCount=0, eventTime=147785, downTime=147785, deviceId=-1, source=0x101 }
D/InputEventConsistencyVerifier(  469):   -- recent events --
D/InputEventConsistencyVerifier(  469):   1: sent at 147408000000, (unhandled) KeyEvent { action=ACTION_DOWN, keyCode=KEYCODE_DPAD_DOWN, scanCode=0, metaState=0, flags=0x400, repeatCount=0, eventTime=147408, downTime=147408, deviceId=-1, source=0x101 }
D/InputEventConsistencyVerifier(  469):   2: sent at 147291000000, (unhandled) MotionEvent { action=ACTION_MOVE, id[0]=0, x[0]=2.0, y[0]=3.0, toolType[0]=TOOL_TYPE_UNKNOWN, buttonState=0, metaState=0, flags=0x0, edgeFlags=0x0, pointerCount=1, historySize=2, eventTime=147291, downTime=-1, deviceId=0, source=0x10004 }
D/InputEventConsistencyVerifier(  469):   3: sent at 147290000000, (unhandled) KeyEvent { action=ACTION_UP, keyCode=KEYCODE_DPAD_UP, scanCode=0, metaState=0, flags=0x400, repeatCount=0, eventTime=147290, downTime=147290, deviceId=-1, source=0x101 }
D/InputEventConsistencyVerifier(  469):   4: sent at 147290000000, (unhandled) KeyEvent { action=ACTION_DOWN, keyCode=KEYCODE_DPAD_UP, scanCode=0, metaState=0, flags=0x400, repeatCount=0, eventTime=147290, downTime=147290, deviceId=-1, source=0x101 }
D/InputEventConsistencyVerifier(  469):   5: sent at 147290000000, (unhandled) KeyEvent { action=ACTION_UP, keyCode=KEYCODE_DPAD_UP, scanCode=0, metaState=0, flags=0x400, repeatCount=0, eventTime=147290, downTime=147290, deviceId=-1, source=0x101 }
I/Choreographer( 1059): Skipped 38 frames!  The application may be doing too much work on its main thread.
I/Choreographer(  469): Skipped 55 frames!  The application may be doing too much work on its main thread.
I/Choreographer( 1059): Skipped 30 frames!  The application may be doing too much work on its main thread.
D/InputEventConsistencyVerifier(  469): KeyEvent: ACTION_UP but key was not down.
D/InputEventConsistencyVerifier(  469):   in android.widget.FrameLayout@b3e64fd0
D/InputEventConsistencyVerifier(  469):   0: sent at 148293000000, KeyEvent { action=ACTION_UP, keyCode=KEYCODE_DPAD_DOWN, scanCode=0, metaState=0, flags=0x8, repeatCount=0, eventTime=148293, downTime=148293, deviceId=-1, source=0x101 }
D/InputEventConsistencyVerifier(  469):   -- recent events --
D/InputEventConsistencyVerifier(  469):   1: sent at 147785000000, (unhandled) KeyEvent { action=ACTION_DOWN, keyCode=KEYCODE_DPAD_UP, scanCode=0, metaState=0, flags=0x400, repeatCount=0, eventTime=147785, downTime=147785, deviceId=-1, source=0x101 }
D/InputEventConsistencyVerifier(  469):   2: sent at 147785000000, (unhandled) KeyEvent { action=ACTION_MULTIPLE, keyCode=KEYCODE_DPAD_UP, scanCode=0, metaState=0, flags=0x400, repeatCount=2, eventTime=147785, downTime=147785, deviceId=-1, source=0x101 }
D/InputEventConsistencyVerifier(  469):   3: sent at 147777000000, (unhandled) MotionEvent { action=ACTION_MOVE, id[0]=0, x[0]=2.0, y[0]=-4.0, toolType[0]=TOOL_TYPE_UNKNOWN, buttonState=0, metaState=0, flags=0x0, edgeFlags=0x0, pointerCount=1, historySize=1, eventTime=147777, downTime=-1, deviceId=0, source=0x10004 }
D/InputEventConsistencyVerifier(  469):   4: sent at 147727000000, (unhandled) KeyEvent { action=ACTION_UP, keyCode=KEYCODE_MINUS, scanCode=0, metaState=0, flags=0x8, repeatCount=0, eventTime=147727, downTime=147727, deviceId=-1, source=0x101 }
D/InputEventConsistencyVerifier(  469):   5: sent at 147485000000, (unhandled) KeyEvent { action=ACTION_DOWN, keyCode=KEYCODE_MINUS, scanCode=0, metaState=0, flags=0x8, repeatCount=0, eventTime=147485, downTime=147485, deviceId=-1, source=0x101 }
D/InputEventConsistencyVerifier(  469): KeyEvent: ACTION_UP but key was not down.
D/InputEventConsistencyVerifier(  469):   in com.android.systemui.statusbar.phone.PhoneStatusBarView@b3e681e0
D/InputEventConsistencyVerifier(  469):   0: sent at 148437000000, KeyEvent { action=ACTION_UP, keyCode=KEYCODE_DPAD_UP, scanCode=0, metaState=0, flags=0x8, repeatCount=0, eventTime=148437, downTime=148437, deviceId=-1, source=0x101 }
D/InputEventConsistencyVerifier(  469):   -- recent events --
D/InputEventConsistencyVerifier(  469):   1: sent at 148195000000, (unhandled) KeyEvent { action=ACTION_DOWN, keyCode=KEYCODE_DPAD_DOWN, scanCode=0, metaState=0, flags=0x8, repeatCount=0, eventTime=148195, downTime=148195, deviceId=-1, source=0x101 }
D/InputEventConsistencyVerifier(  469):   2: sent at 148189000000, (unhandled) KeyEvent { action=ACTION_UP, keyCode=KEYCODE_KANA, scanCode=0, metaState=0, flags=0x8, repeatCount=0, eventTime=148189, downTime=148189, deviceId=-1, source=0x101 }
D/InputEventConsistencyVerifier(  469):   3: sent at 148139000000, (unhandled) KeyEvent { action=ACTION_DOWN, keyCode=KEYCODE_KANA, scanCode=0, metaState=0, flags=0x8, repeatCount=0, eventTime=148139, downTime=148139, deviceId=-1, source=0x101 }
D/InputEventConsistencyVerifier(  469):   4: sent at 148187000000, (unhandled) KeyEvent { action=ACTION_UP, keyCode=KEYCODE_DPAD_RIGHT, scanCode=0, metaState=0, flags=0x400, repeatCount=0, eventTime=148187, downTime=148187, deviceId=-1, source=0x101 }
D/InputEventConsistencyVerifier(  469):   5: sent at 148187000000, (unhandled) KeyEvent { action=ACTION_DOWN, keyCode=KEYCODE_DPAD_RIGHT, scanCode=0, metaState=0, flags=0x400, repeatCount=0, eventTime=148187, downTime=148187, deviceId=-1, source=0x101 }
I/Choreographer(  469): Skipped 104 frames!  The application may be doing too much work on its main thread.
D/InputEventConsistencyVerifier(  469): KeyEvent: ACTION_UP but key was not down.
D/InputEventConsistencyVerifier(  469):   in com.android.systemui.statusbar.phone.StatusBarWindowView@b3e66248
D/InputEventConsistencyVerifier(  469):   0: sent at 148770000000, KeyEvent { action=ACTION_UP, keyCode=KEYCODE_DPAD_RIGHT, scanCode=0, metaState=0, flags=0x8, repeatCount=0, eventTime=148770, downTime=148770, deviceId=-1, source=0x101 }
D/InputEventConsistencyVerifier(  469):   -- recent events --
D/InputEventConsistencyVerifier(  469):   1: sent at 148673000000, MotionEvent { action=ACTION_UP, id[0]=0, x[0]=35.0, y[0]=3.0, toolType[0]=TOOL_TYPE_UNKNOWN, buttonState=0, metaState=0, flags=0x0, edgeFlags=0x0, pointerCount=1, historySize=0, eventTime=148673, downTime=148639, deviceId=0, source=0x1002 }
D/InputEventConsistencyVerifier(  469):   2: sent at 148639000000, MotionEvent { action=ACTION_DOWN, id[0]=0, x[0]=40.0, y[0]=6.0, toolType[0]=TOOL_TYPE_UNKNOWN, buttonState=0, metaState=0, flags=0x0, edgeFlags=0x0, pointerCount=1, historySize=0, eventTime=148639, downTime=148639, deviceId=0, source=0x1002 }
D/InputEventConsistencyVerifier(  469):   3: sent at 148437000000, (unhandled) KeyEvent { action=ACTION_UP, keyCode=KEYCODE_DPAD_UP, scanCode=0, metaState=0, flags=0x8, repeatCount=0, eventTime=148437, downTime=148437, deviceId=-1, source=0x101 }
D/InputEventConsistencyVerifier(  469):   4: sent at 148432000000, (unhandled) KeyEvent { action=ACTION_DOWN, keyCode=KEYCODE_DPAD_UP, scanCode=0, metaState=0, flags=0x8, repeatCount=0, eventTime=148432, downTime=148432, deviceId=-1, source=0x101 }
D/InputEventConsistencyVerifier(  469):   5: sent at 148427000000, (unhandled) KeyEvent { action=ACTION_UP, keyCode=KEYCODE_MENU, scanCode=0, metaState=0, flags=0x8, repeatCount=0, eventTime=148427, downTime=148427, deviceId=-1, source=0x101 }
D/InputEventConsistencyVerifier(  469): KeyEvent: ACTION_UP but key was not down.
D/InputEventConsistencyVerifier(  469):   in com.android.systemui.statusbar.phone.StatusBarWindowView@b3e66248
D/InputEventConsistencyVerifier(  469):   0: sent at 149081000000, KeyEvent { action=ACTION_UP, keyCode=KEYCODE_DPAD_DOWN, scanCode=0, metaState=0, flags=0x8, repeatCount=0, eventTime=149081, downTime=149081, deviceId=-1, source=0x101 }
D/InputEventConsistencyVerifier(  469):   -- recent events --
D/InputEventConsistencyVerifier(  469):   1: sent at 149057000000, MotionEvent { action=ACTION_UP, id[0]=0, x[0]=150.0, y[0]=268.0, toolType[0]=TOOL_TYPE_UNKNOWN, buttonState=0, metaState=0, flags=0x0, edgeFlags=0x0, pointerCount=1, historySize=0, eventTime=149057, downTime=149012, deviceId=0, source=0x1002 }
D/InputEventConsistencyVerifier(  469):   2: sent at 149033500000, MotionEvent { action=ACTION_MOVE, id[0]=0, x[0]=150.0, y[0]=268.0, toolType[0]=TOOL_TYPE_UNKNOWN, buttonState=0, metaState=0, flags=0x0, edgeFlags=0x0, pointerCount=1, historySize=1, eventTime=149033, downTime=149012, deviceId=0, source=0x1002 }
D/InputEventConsistencyVerifier(  469):   3: sent at 149028000000, MotionEvent { action=ACTION_MOVE, id[0]=0, x[0]=164.0, y[0]=272.5, toolType[0]=TOOL_TYPE_UNKNOWN, buttonState=0, metaState=0, flags=0x0, edgeFlags=0x0, pointerCount=1, historySize=1, eventTime=149028, downTime=149012, deviceId=0, source=0x1002 }
D/InputEventConsistencyVerifier(  469):   4: sent at 149025788100, MotionEvent { action=ACTION_MOVE, id[0]=0, x[0]=165.10596, y[0]=267.52322, toolType[0]=TOOL_TYPE_UNKNOWN, buttonState=0, metaState=0, flags=0x0, edgeFlags=0x0, pointerCount=1, historySize=1, eventTime=149025, downTime=149012, deviceId=0, source=0x1002 }
D/InputEventConsistencyVerifier(  469):   5: sent at 149014000000, MotionEvent { action=ACTION_DOWN, id[0]=0, x[0]=173.0, y[0]=252.0, toolType[0]=TOOL_TYPE_UNKNOWN, buttonState=0, metaState=0, flags=0x0, edgeFlags=0x0, pointerCount=1, historySize=0, eventTime=149014, downTime=149012, deviceId=0, source=0x1002 }
E/WVMExtractor(   61): Failed to open libwvm.so
I/Choreographer( 1059): Skipped 52 frames!  The application may be doing too much work on its main thread.
D/InputEventConsistencyVerifier(  469): TouchEvent: ACTION_DOWN but pointers are already down.  Probably missing ACTION_UP from previous gesture.
D/InputEventConsistencyVerifier(  469):   in android.view.ScaleGestureDetector@b3f06938
D/InputEventConsistencyVerifier(  469):   0: sent at 149102000000, MotionEvent { action=ACTION_DOWN, id[0]=0, x[0]=363.0, y[0]=329.0, toolType[0]=TOOL_TYPE_UNKNOWN, buttonState=0, metaState=0, flags=0x0, edgeFlags=0x0, pointerCount=1, historySize=0, eventTime=149102, downTime=149101, deviceId=0, source=0x1002 }
D/InputEventConsistencyVerifier(  469):   -- recent events --
D/InputEventConsistencyVerifier(  469):   1: sent at 149025788100, MotionEvent { action=ACTION_MOVE, id[0]=0, x[0]=165.10596, y[0]=267.52322, toolType[0]=TOOL_TYPE_UNKNOWN, buttonState=0, metaState=0, flags=0x0, edgeFlags=0x0, pointerCount=1, historySize=1, eventTime=149025, downTime=149012, deviceId=0, source=0x1002 }
D/InputEventConsistencyVerifier(  469):   2: sent at 149014000000, MotionEvent { action=ACTION_DOWN, id[0]=0, x[0]=173.0, y[0]=252.0, toolType[0]=TOOL_TYPE_UNKNOWN, buttonState=0, metaState=0, flags=0x0, edgeFlags=0x0, pointerCount=1, historySize=0, eventTime=149014, downTime=149012, deviceId=0, source=0x1002 }
D/InputEventConsistencyVerifier(  469):   3: sent at 148673000000, MotionEvent { action=ACTION_UP, id[0]=0, x[0]=35.0, y[0]=3.0, toolType[0]=TOOL_TYPE_UNKNOWN, buttonState=0, metaState=0, flags=0x0, edgeFlags=0x0, pointerCount=1, historySize=0, eventTime=148673, downTime=148639, deviceId=0, source=0x1002 }
D/InputEventConsistencyVerifier(  469):   4: sent at 148639000000, MotionEvent { action=ACTION_DOWN, id[0]=0, x[0]=40.0, y[0]=6.0, toolType[0]=TOOL_TYPE_UNKNOWN, buttonState=0, metaState=0, flags=0x0, edgeFlags=0x0, pointerCount=1, historySize=0, eventTime=148639, downTime=148639, deviceId=0, source=0x1002 }
D/InputEventConsistencyVerifier(  469):   5: sent at 147248000000, MotionEvent { action=ACTION_UP, id[0]=0, x[0]=304.35638, y[0]=677.39716, toolType[0]=TOOL_TYPE_UNKNOWN, buttonState=0, metaState=0, flags=0x0, edgeFlags=0x0, pointerCount=1, historySize=0, eventTime=147248, downTime=147226, deviceId=0, source=0x1002 }
I/Choreographer(  469): Skipped 61 frames!  The application may be doing too much work on its main thread.
D/InputEventConsistencyVerifier(  469): KeyEvent: ACTION_UP but key was not down.
D/InputEventConsistencyVerifier(  469):   in com.android.systemui.statusbar.phone.StatusBarWindowView@b3e66248
D/InputEventConsistencyVerifier(  469):   0: sent at 149320000000, KeyEvent { action=ACTION_UP, keyCode=KEYCODE_DPAD_LEFT, scanCode=0, metaState=0, flags=0x8, repeatCount=0, eventTime=149320, downTime=149320, deviceId=-1, source=0x101 }
D/InputEventConsistencyVerifier(  469):   -- recent events --
D/InputEventConsistencyVerifier(  469):   1: sent at 149152000000, MotionEvent { action=ACTION_UP, id[0]=0, x[0]=20.0, y[0]=41.0, toolType[0]=TOOL_TYPE_UNKNOWN, buttonState=0, metaState=0, flags=0x0, edgeFlags=0x0, pointerCount=1, historySize=0, eventTime=149152, downTime=149146, deviceId=0, source=0x1002 }
D/InputEventConsistencyVerifier(  469):   2: sent at 149147000000, MotionEvent { action=ACTION_DOWN, id[0]=0, x[0]=29.0, y[0]=40.0, toolType[0]=TOOL_TYPE_UNKNOWN, buttonState=0, metaState=0, flags=0x0, edgeFlags=0x0, pointerCount=1, historySize=0, eventTime=149147, downTime=149146, deviceId=0, source=0x1002 }
D/InputEventConsistencyVerifier(  469):   3: sent at 149129000000, MotionEvent { action=ACTION_UP, id[0]=0, x[0]=467.0, y[0]=508.0, toolType[0]=TOOL_TYPE_UNKNOWN, buttonState=0, metaState=0, flags=0x0, edgeFlags=0x0, pointerCount=1, historySize=0, eventTime=149129, downTime=149123, deviceId=0, source=0x1002 }
D/InputEventConsistencyVerifier(  469):   4: sent at 149123000000, MotionEvent { action=ACTION_DOWN, id[0]=0, x[0]=455.0, y[0]=512.0, toolType[0]=TOOL_TYPE_UNKNOWN, buttonState=0, metaState=0, flags=0x0, edgeFlags=0x0, pointerCount=1, historySize=0, eventTime=149123, downTime=149123, deviceId=0, source=0x1002 }
D/InputEventConsistencyVerifier(  469):   5: sent at 149113000000, MotionEvent { action=ACTION_UP, id[0]=0, x[0]=362.0, y[0]=329.0, toolType[0]=TOOL_TYPE_UNKNOWN, buttonState=0, metaState=0, flags=0x0, edgeFlags=0x0, pointerCount=1, historySize=0, eventTime=149113, downTime=149101, deviceId=0, source=0x1002 }
D/InputEventConsistencyVerifier(  469): KeyEvent: ACTION_UP but key was not down.
D/InputEventConsistencyVerifier(  469):   in android.widget.FrameLayout@b3e64fd0
D/InputEventConsistencyVerifier(  469):   0: sent at 149547000000, KeyEvent { action=ACTION_UP, keyCode=KEYCODE_DPAD_DOWN, scanCode=0, metaState=0, flags=0x400, repeatCount=0, eventTime=149547, downTime=149547, deviceId=-1, source=0x101 }
D/InputEventConsistencyVerifier(  469):   -- recent events --
D/InputEventConsistencyVerifier(  469):   1: sent at 149152000000, MotionEvent { action=ACTION_UP, id[0]=0, x[0]=20.0, y[0]=41.0, toolType[0]=TOOL_TYPE_UNKNOWN, buttonState=0, metaState=0, flags=0x0, edgeFlags=0x0, pointerCount=1, historySize=0, eventTime=149152, downTime=149146, deviceId=0, source=0x1002 }
D/InputEventConsistencyVerifier(  469):   2: sent at 149147000000, MotionEvent { action=ACTION_DOWN, id[0]=0, x[0]=29.0, y[0]=40.0, toolType[0]=TOOL_TYPE_UNKNOWN, buttonState=0, metaState=0, flags=0x0, edgeFlags=0x0, pointerCount=1, historySize=0, eventTime=149147, downTime=149146, deviceId=0, source=0x1002 }
D/InputEventConsistencyVerifier(  469):   3: sent at 149129000000, MotionEvent { action=ACTION_UP, id[0]=0, x[0]=467.0, y[0]=508.0, toolType[0]=TOOL_TYPE_UNKNOWN, buttonState=0, metaState=0, flags=0x0, edgeFlags=0x0, pointerCount=1, historySize=0, eventTime=149129, downTime=149123, deviceId=0, source=0x1002 }
D/InputEventConsistencyVerifier(  469):   4: sent at 149123000000, MotionEvent { action=ACTION_DOWN, id[0]=0, x[0]=455.0, y[0]=512.0, toolType[0]=TOOL_TYPE_UNKNOWN, buttonState=0, metaState=0, flags=0x0, edgeFlags=0x0, pointerCount=1, historySize=0, eventTime=149123, downTime=149123, deviceId=0, source=0x1002 }
D/InputEventConsistencyVerifier(  469):   5: sent at 149113000000, MotionEvent { action=ACTION_UP, id[0]=0, x[0]=362.0, y[0]=329.0, toolType[0]=TOOL_TYPE_UNKNOWN, buttonState=0, metaState=0, flags=0x0, edgeFlags=0x0, pointerCount=1, historySize=0, eventTime=149113, downTime=149101, deviceId=0, source=0x1002 }
I/Choreographer( 1059): Skipped 36 frames!  The application may be doing too much work on its main thread.
D/InputEventConsistencyVerifier(  469): KeyEvent: ACTION_UP but key was not down.
D/InputEventConsistencyVerifier(  469):   in com.android.systemui.statusbar.phone.PhoneStatusBarView@b3e681e0
D/InputEventConsistencyVerifier(  469):   0: sent at 149826000000, KeyEvent { action=ACTION_UP, keyCode=KEYCODE_DPAD_UP, scanCode=0, metaState=0, flags=0x8, repeatCount=0, eventTime=149826, downTime=149826, deviceId=-1, source=0x101 }
D/InputEventConsistencyVerifier(  469):   -- recent events --
D/InputEventConsistencyVerifier(  469):   1: sent at 149547000000, (unhandled) KeyEvent { action=ACTION_DOWN, keyCode=KEYCODE_DPAD_DOWN, scanCode=0, metaState=0, flags=0x400, repeatCount=0, eventTime=149547, downTime=149547, deviceId=-1, source=0x101 }
D/InputEventConsistencyVerifier(  469):   2: sent at 149532000000, (unhandled) MotionEvent { action=ACTION_MOVE, id[0]=0, x[0]=2.0, y[0]=3.0, toolType[0]=TOOL_TYPE_UNKNOWN, buttonState=0, metaState=0, flags=0x0, edgeFlags=0x0, pointerCount=1, historySize=8, eventTime=149532, downTime=-1, deviceId=0, source=0x10004 }
D/InputEventConsistencyVerifier(  469):   3: sent at 149431000000, (unhandled) KeyEvent { action=ACTION_UP, keyCode=KEYCODE_DPAD_RIGHT, scanCode=0, metaState=0, flags=0x8, repeatCount=0, eventTime=149431, downTime=149431, deviceId=-1, source=0x101 }
D/InputEventConsistencyVerifier(  469):   4: sent at 149351000000, (unhandled) KeyEvent { action=ACTION_DOWN, keyCode=KEYCODE_DPAD_RIGHT, scanCode=0, metaState=0, flags=0x8, repeatCount=0, eventTime=149351, downTime=149351, deviceId=-1, source=0x101 }
D/InputEventConsistencyVerifier(  469):   5: sent at 149320000000, (unhandled) KeyEvent { action=ACTION_UP, keyCode=KEYCODE_DPAD_LEFT, scanCode=0, metaState=0, flags=0x80000008, repeatCount=0, eventTime=149320, downTime=149320, deviceId=-1, source=0x101 }
D/InputEventConsistencyVerifier(  469): KeyEvent: ACTION_UP but key was not down.
D/InputEventConsistencyVerifier(  469):   in com.android.systemui.statusbar.phone.StatusBarWindowView@b3e66248
D/InputEventConsistencyVerifier(  469):   0: sent at 150160000000, KeyEvent { action=ACTION_UP, keyCode=KEYCODE_DPAD_RIGHT, scanCode=0, metaState=0, flags=0x8, repeatCount=0, eventTime=150160, downTime=150160, deviceId=-1, source=0x101 }
D/InputEventConsistencyVerifier(  469):   -- recent events --
D/InputEventConsistencyVerifier(  469):   1: sent at 150151000000, (unhandled) KeyEvent { action=ACTION_UP, keyCode=KEYCODE_MENU, scanCode=0, metaState=0, flags=0x8, repeatCount=0, eventTime=150151, downTime=150151, deviceId=-1, source=0x101 }
D/InputEventConsistencyVerifier(  469):   2: sent at 149920000000, (unhandled) KeyEvent { action=ACTION_DOWN, keyCode=KEYCODE_MENU, scanCode=0, metaState=0, flags=0x8, repeatCount=0, eventTime=149920, downTime=149920, deviceId=-1, source=0x101 }
D/InputEventConsistencyVerifier(  469):   3: sent at 149905000000, MotionEvent { action=ACTION_UP, id[0]=0, x[0]=61.0, y[0]=710.0, toolType[0]=TOOL_TYPE_UNKNOWN, buttonState=0, metaState=0, flags=0x0, edgeFlags=0x0, pointerCount=1, historySize=0, eventTime=149905, downTime=149891, deviceId=0, source=0x1002 }
D/InputEventConsistencyVerifier(  469):   4: sent at 149892000000, MotionEvent { action=ACTION_DOWN, id[0]=0, x[0]=48.0, y[0]=718.0, toolType[0]=TOOL_TYPE_UNKNOWN, buttonState=0, metaState=0, flags=0x0, edgeFlags=0x0, pointerCount=1, historySize=0, eventTime=149892, downTime=149891, deviceId=0, source=0x1002 }
D/InputEventConsistencyVerifier(  469):   5: sent at 149883000000, MotionEvent { action=ACTION_UP, id[0]=0, x[0]=49.0, y[0]=74.0, toolType[0]=TOOL_TYPE_UNKNOWN, buttonState=0, metaState=0, flags=0x0, edgeFlags=0x0, pointerCount=1, historySize=0, eventTime=149883, downTime=149869, deviceId=0, source=0x1002 }
D/InputEventConsistencyVerifier(  469): KeyEvent: ACTION_UP but key was not down.
D/InputEventConsistencyVerifier(  469):   in com.android.systemui.statusbar.phone.StatusBarWindowView@b3e66248
D/InputEventConsistencyVerifier(  469):   0: sent at 150469000000, KeyEvent { action=ACTION_UP, keyCode=KEYCODE_DPAD_DOWN, scanCode=0, metaState=0, flags=0x8, repeatCount=0, eventTime=150469, downTime=150469, deviceId=-1, source=0x101 }
D/InputEventConsistencyVerifier(  469):   -- recent events --
D/InputEventConsistencyVerifier(  469):   1: sent at 150402000000, MotionEvent { action=ACTION_UP, id[0]=0, x[0]=170.0, y[0]=703.0, toolType[0]=TOOL_TYPE_UNKNOWN, buttonState=0, metaState=0, flags=0x0, edgeFlags=0x0, pointerCount=1, historySize=0, eventTime=150402, downTime=150325, deviceId=0, source=0x1002 }
D/InputEventConsistencyVerifier(  469):   2: sent at 150367000000, MotionEvent { action=ACTION_MOVE, id[0]=0, x[0]=177.0, y[0]=704.0, toolType[0]=TOOL_TYPE_UNKNOWN, buttonState=0, metaState=0, flags=0x0, edgeFlags=0x0, pointerCount=1, historySize=2, eventTime=150367, downTime=150325, deviceId=0, source=0x1002 }
D/InputEventConsistencyVerifier(  469):   3: sent at 150354431560, MotionEvent { action=ACTION_MOVE, id[0]=0, x[0]=186.0, y[0]=704.85614, toolType[0]=TOOL_TYPE_UNKNOWN, buttonState=0, metaState=0, flags=0x0, edgeFlags=0x0, pointerCount=1, historySize=3, eventTime=150354, downTime=150325, deviceId=0, source=0x1002 }
D/InputEventConsistencyVerifier(  469):   4: sent at 150327000000, MotionEvent { action=ACTION_DOWN, id[0]=0, x[0]=194.0, y[0]=707.0, toolType[0]=TOOL_TYPE_UNKNOWN, buttonState=0, metaState=0, flags=0x0, edgeFlags=0x0, pointerCount=1, historySize=0, eventTime=150327, downTime=150325, deviceId=0, source=0x1002 }
D/InputEventConsistencyVerifier(  469):   5: sent at 150279000000, (unhandled) KeyEvent { action=ACTION_UP, keyCode=KEYCODE_DPAD_CENTER, scanCode=0, metaState=0, flags=0x8, repeatCount=0, eventTime=150279, downTime=150279, deviceId=-1, source=0x101 }
I/Choreographer( 1059): Skipped 36 frames!  The application may be doing too much work on its main thread.
D/InputEventConsistencyVerifier(  469): KeyEvent: ACTION_UP but key was not down.
D/InputEventConsistencyVerifier(  469):   in com.android.systemui.statusbar.phone.StatusBarWindowView@b3e66248
D/InputEventConsistencyVerifier(  469):   0: sent at 150681000000, KeyEvent { action=ACTION_UP, keyCode=KEYCODE_DPAD_RIGHT, scanCode=0, metaState=0, flags=0x400, repeatCount=0, eventTime=150681, downTime=150681, deviceId=-1, source=0x101 }
D/InputEventConsistencyVerifier(  469):   -- recent events --
D/InputEventConsistencyVerifier(  469):   1: sent at 150618000000, (unhandled) MotionEvent { action=ACTION_MOVE, id[0]=0, x[0]=3.0, y[0]=0.0, toolType[0]=TOOL_TYPE_UNKNOWN, buttonState=0, metaState=0, flags=0x0, edgeFlags=0x0, pointerCount=1, historySize=9, eventTime=150618, downTime=-1, deviceId=0, source=0x10004 }
D/InputEventConsistencyVerifier(  469):   2: sent at 150520000000, MotionEvent { action=ACTION_UP, id[0]=0, x[0]=395.0, y[0]=374.0, toolType[0]=TOOL_TYPE_UNKNOWN, buttonState=0, metaState=0, flags=0x0, edgeFlags=0x0, pointerCount=1, historySize=0, eventTime=150520, downTime=150504, deviceId=0, source=0x1002 }
D/InputEventConsistencyVerifier(  469):   3: sent at 150505000000, MotionEvent { action=ACTION_DOWN, id[0]=0, x[0]=395.0, y[0]=374.0, toolType[0]=TOOL_TYPE_UNKNOWN, buttonState=0, metaState=0, flags=0x0, edgeFlags=0x0, pointerCount=1, historySize=0, eventTime=150505, downTime=150504, deviceId=0, source=0x1002 }
D/InputEventConsistencyVerifier(  469):   4: sent at 150469000000, (unhandled) KeyEvent { action=ACTION_UP, keyCode=KEYCODE_DPAD_DOWN, scanCode=0, metaState=0, flags=0x80000008, repeatCount=0, eventTime=150469, downTime=150469, deviceId=-1, source=0x101 }
D/InputEventConsistencyVerifier(  469):   5: sent at 150402000000, MotionEvent { action=ACTION_UP, id[0]=0, x[0]=170.0, y[0]=703.0, toolType[0]=TOOL_TYPE_UNKNOWN, buttonState=0, metaState=0, flags=0x0, edgeFlags=0x0, pointerCount=1, historySize=0, eventTime=150402, downTime=150325, deviceId=0, source=0x1002 }
D/InputEventConsistencyVerifier(  469): KeyEvent: ACTION_UP but key was not down.
D/InputEventConsistencyVerifier(  469):   in com.android.systemui.statusbar.phone.StatusBarWindowView@b3e66248
D/InputEventConsistencyVerifier(  469):   0: sent at 150798000000, KeyEvent { action=ACTION_UP, keyCode=KEYCODE_DPAD_LEFT, scanCode=0, metaState=0, flags=0x8, repeatCount=0, eventTime=150798, downTime=150798, deviceId=-1, source=0x101 }
D/InputEventConsistencyVerifier(  469):   -- recent events --
D/InputEventConsistencyVerifier(  469):   1: sent at 150783000000, MotionEvent { action=ACTION_UP, id[0]=0, x[0]=134.0, y[0]=130.0, toolType[0]=TOOL_TYPE_UNKNOWN, buttonState=0, metaState=0, flags=0x0, edgeFlags=0x0, pointerCount=1, historySize=0, eventTime=150783, downTime=150763, deviceId=0, source=0x1002 }
D/InputEventConsistencyVerifier(  469):   2: sent at 150763000000, MotionEvent { action=ACTION_DOWN, id[0]=0, x[0]=132.0, y[0]=148.0, toolType[0]=TOOL_TYPE_UNKNOWN, buttonState=0, metaState=0, flags=0x0, edgeFlags=0x0, pointerCount=1, historySize=0, eventTime=150763, downTime=150763, deviceId=0, source=0x1002 }
