D/InputEventConsistencyVerifier(  413):   5: sent at 154436000000, MotionEvent { action=ACTION_DOWN, id[0]=0, x[0]=442.0, y[0]=618.0, toolType[0]=TOOL_TYPE_UNKNOWN, buttonState=0, metaState=0, flags=0x80000000, edgeFlags=0x0, pointerCount=1, historySize=0, eventTime=154436, downTime=154410, deviceId=0, source=0x1002 }
I/ActivityManager(  222): START {act=android.intent.action.CALL_BUTTON flg=0x10000000 cmp=com.android.contacts/.activities.DialtactsActivity u=0} from pid 413
I/Choreographer(  413): Skipped 64 frames!  The application may be doing too much work on its main thread.
D/InputEventConsistencyVerifier( 1015): KeyEvent: ACTION_UP but key was not down.
D/InputEventConsistencyVerifier( 1015):   in android.view.ViewRootImpl@b403acf8
D/InputEventConsistencyVerifier( 1015):   0: sent at 170236000000, KeyEvent { action=ACTION_UP, keyCode=KEYCODE_BUTTON_C, scanCode=0, metaState=0, flags=0x8, repeatCount=0, eventTime=170236, downTime=170236, deviceId=-1, source=0x101 }
D/InputEventConsistencyVerifier( 1015):   -- recent events --
D/InputEventConsistencyVerifier( 1015):   1: sent at 169270000000, MotionEvent { action=ACTION_UP, id[0]=0, x[0]=44.0, y[0]=234.0, toolType[0]=TOOL_TYPE_UNKNOWN, buttonState=0, metaState=0, flags=0x0, edgeFlags=0x0, pointerCount=1, historySize=0, eventTime=169270, downTime=169253, deviceId=0, source=0x1002 }
D/InputEventConsistencyVerifier( 1015):   2: sent at 169254000000, MotionEvent { action=ACTION_DOWN, id[0]=0, x[0]=54.0, y[0]=233.0, toolType[0]=TOOL_TYPE_UNKNOWN, buttonState=0, metaState=0, flags=0x0, edgeFlags=0x0, pointerCount=1, historySize=0, eventTime=169254, downTime=169253, deviceId=0, source=0x1002 }
D/InputEventConsistencyVerifier( 1015):   3: sent at 169198000000, KeyEvent { action=ACTION_UP, keyCode=KEYCODE_MENU, scanCode=0, metaState=0, flags=0x8, repeatCount=0, eventTime=169198, downTime=169198, deviceId=-1, source=0x101 }
D/InputEventConsistencyVerifier( 1015):   4: sent at 169150000000, KeyEvent { action=ACTION_DOWN, keyCode=KEYCODE_MENU, scanCode=0, metaState=0, flags=0x8, repeatCount=0, eventTime=169150, downTime=169150, deviceId=-1, source=0x101 }
D/InputEventConsistencyVerifier( 1015):   5: sent at 169114000000, KeyEvent { action=ACTION_UP, keyCode=KEYCODE_DPAD_LEFT, scanCode=0, metaState=0, flags=0x8, repeatCount=0, eventTime=169114, downTime=169114, deviceId=-1, source=0x101 }
W/InputMethodManagerService(  222): Window already focused, ignoring focus gain of: com.android.internal.view.IInputMethodClient$Stub$Proxy@b41f0150 attribute=null
I/Choreographer(  413): Skipped 50 frames!  The application may be doing too much work on its main thread.
D/PhoneStatusBar(  413): disable: < expand icons alerts ticker* system_info back home recent clock >
V/PhoneStatusBar(  413): setLightsOn(true)
W/DroidBox( 1067): DroidBox: { "ServiceStart": { "name": "com.android.music.MediaPlaybackService" } }
E/WVMExtractor(   61): Failed to open libwvm.so
W/DroidBox( 1067): DroidBox: { "ServiceStart": { "name": "com.android.music.MediaPlaybackService" } }
E/WVMExtractor(   61): Failed to open libwvm.so
I/Choreographer( 1015): Skipped 33 frames!  The application may be doing too much work on its main thread.
I/AudioService(  222):  AudioFocus  requestAudioFocus() from android.media.AudioManager@b3e5d530com.android.music.MediaPlaybackService$3@b3e5bd68
E/WVMExtractor(   61): Failed to open libwvm.so
I/AudioService(  222):   Remote Control   registerMediaButtonIntent() for PendingIntent{b3faf318: PendingIntentRecord{b407beb8 com.android.music broadcastIntent}}
E/WVMExtractor(   61): Failed to open libwvm.so
E/WVMExtractor(   61): Failed to open libwvm.so
E/WVMExtractor(   61): Failed to open libwvm.so
I/Choreographer( 1015): Skipped 57 frames!  The application may be doing too much work on its main thread.
W/dalvikvm(  985): DroidBox: { "FdAccess": { "path": "2f6465762f696e7075742f6576656e7430", "id": "952320853" } }
W/DroidBox(  985): DroidBox: { "FileRW": { "operation": "write", "data": "7f060000efbfbd3901000500000001000000", "id": "952320853" } }
W/InputManager(  222): Input event injection from pid 985 failed.
E/WVMExtractor(   61): Failed to open libwvm.so
I/Choreographer( 1015): Skipped 115 frames!  The application may be doing too much work on its main thread.
W/InputMethodManagerService(  222): Window already focused, ignoring focus gain of: com.android.internal.view.IInputMethodClient$Stub$Proxy@b403fec8 attribute=null
E/WVMExtractor(   61): Failed to open libwvm.so
E/WVMExtractor(   61): Failed to open libwvm.so
E/WVMExtractor(   61): Failed to open libwvm.so
E/WVMExtractor(   61): Failed to open libwvm.so
E/WVMExtractor(   61): Failed to open libwvm.so
E/WVMExtractor(   61): Failed to open libwvm.so
E/WVMExtractor(   61): Failed to open libwvm.so
E/WVMExtractor(   61): Failed to open libwvm.so
E/WVMExtractor(   61): Failed to open libwvm.so
E/WVMExtractor(   61): Failed to open libwvm.so
E/WVMExtractor(   61): Failed to open libwvm.so
I/ActivityManager(  222): START {act=android.intent.action.MAIN cat=[android.intent.category.LAUNCHER] flg=0x10200000 cmp=com.gone60/.gone60 u=0} from pid 985
E/WVMExtractor(   61): Failed to open libwvm.so
E/WVMExtractor(   61): Failed to open libwvm.so
E/WVMExtractor(   61): Failed to open libwvm.so
E/WVMExtractor(   61): Failed to open libwvm.so
E/WVMExtractor(   61): Failed to open libwvm.so
E/WVMExtractor(   61): Failed to open libwvm.so
I/Choreographer( 1015): Skipped 45 frames!  The application may be doing too much work on its main thread.
E/WVMExtractor(   61): Failed to open libwvm.so
E/WVMExtractor(   61): Failed to open libwvm.so
I/Choreographer( 1015): Skipped 119 frames!  The application may be doing too much work on its main thread.
E/WVMExtractor(   61): Failed to open libwvm.so
D/InputEventConsistencyVerifier(  413): TouchEvent: ACTION_DOWN but pointers are already down.  Probably missing ACTION_UP from previous gesture.
D/InputEventConsistencyVerifier(  413):   in android.view.ScaleGestureDetector@b3f1d0b8
D/InputEventConsistencyVerifier(  413):   0: sent at 181065000000, MotionEvent { action=ACTION_DOWN, id[0]=0, x[0]=374.0, y[0]=20.0, toolType[0]=TOOL_TYPE_UNKNOWN, buttonState=0, metaState=0, flags=0x0, edgeFlags=0x0, pointerCount=1, historySize=0, eventTime=181065, downTime=181063, deviceId=0, source=0x1002 }
D/InputEventConsistencyVerifier(  413):   -- recent events --
D/InputEventConsistencyVerifier(  413):   1: sent at 170078000000, MotionEvent { action=ACTION_DOWN, id[0]=0, x[0]=409.0, y[0]=502.0, toolType[0]=TOOL_TYPE_UNKNOWN, buttonState=0, metaState=0, flags=0x80000000, edgeFlags=0x0, pointerCount=1, historySize=0, eventTime=170078, downTime=170049, deviceId=0, source=0x1002 }
D/InputEventConsistencyVerifier(  413):   2: sent at 169500000000, MotionEvent { action=ACTION_DOWN, id[0]=0, x[0]=42.0, y[0]=271.0, toolType[0]=TOOL_TYPE_UNKNOWN, buttonState=0, metaState=0, flags=0x80000000, edgeFlags=0x0, pointerCount=1, historySize=0, eventTime=169500, downTime=169500, deviceId=0, source=0x1002 }
D/InputEventConsistencyVerifier(  413):   3: sent at 169476000000, MotionEvent { action=ACTION_DOWN, id[0]=0, x[0]=30.0, y[0]=630.0, toolType[0]=TOOL_TYPE_UNKNOWN, buttonState=0, metaState=0, flags=0x0, edgeFlags=0x0, pointerCount=1, historySize=0, eventTime=169476, downTime=169476, deviceId=0, source=0x1002 }
D/InputEventConsistencyVerifier(  413):   4: sent at 169241000000, MotionEvent { action=ACTION_UP, id[0]=0, x[0]=269.0, y[0]=6.0, toolType[0]=TOOL_TYPE_UNKNOWN, buttonState=0, metaState=0, flags=0x0, edgeFlags=0x0, pointerCount=1, historySize=0, eventTime=169241, downTime=169218, deviceId=0, source=0x1002 }
D/InputEventConsistencyVerifier(  413):   5: sent at 169219000000, MotionEvent { action=ACTION_DOWN, id[0]=0, x[0]=274.0, y[0]=2.0, toolType[0]=TOOL_TYPE_UNKNOWN, buttonState=0, metaState=0, flags=0x80000000, edgeFlags=0x0, pointerCount=1, historySize=0, eventTime=169219, downTime=169218, deviceId=0, source=0x1002 }
I/Choreographer( 1015): Skipped 58 frames!  The application may be doing too much work on its main thread.
W/dalvikvm(  413): DroidBox: { "FdAccess": { "path": "2f70726f632f6d656d696e666f", "id": "1578600140" } }
W/DroidBox(  413): DroidBox: { "FileRW": { "operation": "read", "data": "4d656d546f74616c3a202020202020202020373438393634206b420a4d656d467265653a20202020202020202020343532333830206b420a427566666572733a20202020202020202020202035353230206b420a4361636865643a202020202020202020", "id": "1578600140" } }
I/Choreographer(  413): Skipped 52 frames!  The application may be doing too much work on its main thread.
D/InputEventConsistencyVerifier(  413): KeyEvent: ACTION_UP but key was not down.
D/InputEventConsistencyVerifier(  413):   in com.android.systemui.statusbar.phone.StatusBarWindowView@b3e7d348
D/InputEventConsistencyVerifier(  413):   0: sent at 181310000000, KeyEvent { action=ACTION_UP, keyCode=KEYCODE_DPAD_UP, scanCode=0, metaState=0, flags=0x8, repeatCount=0, eventTime=181310, downTime=181310, deviceId=-1, source=0x101 }
D/InputEventConsistencyVerifier(  413):   -- recent events --
D/InputEventConsistencyVerifier(  413):   1: sent at 181185000000, MotionEvent { action=ACTION_UP, id[0]=0, x[0]=302.0, y[0]=0.0, toolType[0]=TOOL_TYPE_UNKNOWN, buttonState=0, metaState=0, flags=0x0, edgeFlags=0x0, pointerCount=1, historySize=0, eventTime=181185, downTime=181063, deviceId=0, source=0x1002 }
D/InputEventConsistencyVerifier(  413):   2: sent at 181182000000, MotionEvent { action=ACTION_MOVE, id[0]=0, x[0]=308.0, y[0]=0.0, toolType[0]=TOOL_TYPE_UNKNOWN, buttonState=0, metaState=0, flags=0x0, edgeFlags=0x0, pointerCount=1, historySize=4, eventTime=181182, downTime=181063, deviceId=0, source=0x1002 }
D/InputEventConsistencyVerifier(  413):   3: sent at 181065000000, MotionEvent { action=ACTION_DOWN, id[0]=0, x[0]=374.0, y[0]=20.0, toolType[0]=TOOL_TYPE_UNKNOWN, buttonState=0, metaState=0, flags=0x0, edgeFlags=0x0, pointerCount=1, historySize=0, eventTime=181065, downTime=181063, deviceId=0, source=0x1002 }
D/InputEventConsistencyVerifier(  413):   4: sent at 170284000000, (unhandled) KeyEvent { action=ACTION_UP, keyCode=KEYCODE_BUTTON_C, scanCode=0, metaState=0, flags=0x28, repeatCount=0, eventTime=170284, downTime=170187, deviceId=-1, source=0x101 }
D/InputEventConsistencyVerifier(  413):   5: sent at 170187000000, (unhandled) KeyEvent { action=ACTION_DOWN, keyCode=KEYCODE_BUTTON_C, scanCode=0, metaState=0, flags=0x8, repeatCount=0, eventTime=170187, downTime=170187, deviceId=-1, source=0x101 }
W/dalvikvm(  413): DroidBox: { "FdAccess": { "path": "2f70726f632f6d656d696e666f", "id": "933439306" } }
W/DroidBox(  413): DroidBox: { "FileRW": { "operation": "read", "data": "4d656d546f74616c3a202020202020202020373438393634206b420a4d656d467265653a20202020202020202020343532333830206b420a427566666572733a20202020202020202020202035353230206b420a4361636865643a202020202020202020", "id": "933439306" } }
D/InputEventConsistencyVerifier(  413): KeyEvent: ACTION_UP but key was not down.
D/InputEventConsistencyVerifier(  413):   in com.android.systemui.statusbar.phone.StatusBarWindowView@b3e7d348
D/InputEventConsistencyVerifier(  413):   0: sent at 181744000000, KeyEvent { action=ACTION_UP, keyCode=KEYCODE_DPAD_CENTER, scanCode=0, metaState=0, flags=0x8, repeatCount=0, eventTime=181744, downTime=181744, deviceId=-1, source=0x101 }
D/InputEventConsistencyVerifier(  413):   -- recent events --
D/InputEventConsistencyVerifier(  413):   1: sent at 181557000000, MotionEvent { action=ACTION_UP, id[0]=0, x[0]=183.0, y[0]=528.0, toolType[0]=TOOL_TYPE_UNKNOWN, buttonState=0, metaState=0, flags=0x0, edgeFlags=0x0, pointerCount=1, historySize=0, eventTime=181557, downTime=181468, deviceId=0, source=0x1002 }
D/InputEventConsistencyVerifier(  413):   2: sent at 181549000000, MotionEvent { action=ACTION_MOVE, id[0]=0, x[0]=177.0, y[0]=523.0, toolType[0]=TOOL_TYPE_UNKNOWN, buttonState=0, metaState=0, flags=0x0, edgeFlags=0x0, pointerCount=1, historySize=8, eventTime=181549, downTime=181468, deviceId=0, source=0x1002 }
D/InputEventConsistencyVerifier(  413):   3: sent at 181483000000, MotionEvent { action=ACTION_DOWN, id[0]=0, x[0]=126.0, y[0]=474.0, toolType[0]=TOOL_TYPE_UNKNOWN, buttonState=0, metaState=0, flags=0x0, edgeFlags=0x0, pointerCount=1, historySize=0, eventTime=181483, downTime=181468, deviceId=0, source=0x1002 }
D/InputEventConsistencyVerifier(  413):   4: sent at 181461000000, (unhandled) KeyEvent { action=ACTION_UP, keyCode=KEYCODE_DPAD_RIGHT, scanCode=0, metaState=0, flags=0x8, repeatCount=0, eventTime=181461, downTime=181461, deviceId=-1, source=0x101 }
D/InputEventConsistencyVerifier(  413):   5: sent at 181447000000, (unhandled) KeyEvent { action=ACTION_DOWN, keyCode=KEYCODE_DPAD_RIGHT, scanCode=0, metaState=0, flags=0x8, repeatCount=0, eventTime=181447, downTime=181447, deviceId=-1, source=0x101 }
I/Choreographer(  413): Skipped 126 frames!  The application may be doing too much work on its main thread.
W/dalvikvm(  413): DroidBox: { "FdAccess": { "path": "2f70726f632f6d656d696e666f", "id": "1705802681" } }
W/DroidBox(  413): DroidBox: { "FileRW": { "operation": "read", "data": "4d656d546f74616c3a202020202020202020373438393634206b420a4d656d467265653a20202020202020202020343532323634206b420a427566666572733a20202020202020202020202035353230206b420a4361636865643a202020202020202020", "id": "1705802681" } }
D/PhoneStatusBar(  413): disable: < expand icons alerts TICKER* system_info back home recent clock >
D/InputEventConsistencyVerifier(  413): TouchEvent: ACTION_DOWN but pointers are already down.  Probably missing ACTION_UP from previous gesture.
D/InputEventConsistencyVerifier(  413):   in android.view.ScaleGestureDetector@b3f1d0b8
D/InputEventConsistencyVerifier(  413):   0: sent at 181833000000, MotionEvent { action=ACTION_DOWN, id[0]=0, x[0]=329.0, y[0]=380.0, toolType[0]=TOOL_TYPE_UNKNOWN, buttonState=0, metaState=0, flags=0x0, edgeFlags=0x0, pointerCount=1, historySize=0, eventTime=181833, downTime=181833, deviceId=0, source=0x1002 }
D/InputEventConsistencyVerifier(  413):   -- recent events --
D/InputEventConsistencyVerifier(  413):   1: sent at 181483000000, MotionEvent { action=ACTION_DOWN, id[0]=0, x[0]=126.0, y[0]=474.0, toolType[0]=TOOL_TYPE_UNKNOWN, buttonState=0, metaState=0, flags=0x0, edgeFlags=0x0, pointerCount=1, historySize=0, eventTime=181483, downTime=181468, deviceId=0, source=0x1002 }
D/InputEventConsistencyVerifier(  413):   2: sent at 181185000000, MotionEvent { action=ACTION_UP, id[0]=0, x[0]=302.0, y[0]=0.0, toolType[0]=TOOL_TYPE_UNKNOWN, buttonState=0, metaState=0, flags=0x0, edgeFlags=0x0, pointerCount=1, historySize=0, eventTime=181185, downTime=181063, deviceId=0, source=0x1002 }
D/InputEventConsistencyVerifier(  413):   3: sent at 181182000000, MotionEvent { action=ACTION_MOVE, id[0]=0, x[0]=308.0, y[0]=0.0, toolType[0]=TOOL_TYPE_UNKNOWN, buttonState=0, metaState=0, flags=0x0, edgeFlags=0x0, pointerCount=1, historySize=4, eventTime=181182, downTime=181063, deviceId=0, source=0x1002 }
D/InputEventConsistencyVerifier(  413):   4: sent at 181065000000, MotionEvent { action=ACTION_DOWN, id[0]=0, x[0]=374.0, y[0]=20.0, toolType[0]=TOOL_TYPE_UNKNOWN, buttonState=0, metaState=0, flags=0x80000000, edgeFlags=0x0, pointerCount=1, historySize=0, eventTime=181065, downTime=181063, deviceId=0, source=0x1002 }
D/InputEventConsistencyVerifier(  413):   5: sent at 170078000000, MotionEvent { action=ACTION_DOWN, id[0]=0, x[0]=409.0, y[0]=502.0, toolType[0]=TOOL_TYPE_UNKNOWN, buttonState=0, metaState=0, flags=0x80000000, edgeFlags=0x0, pointerCount=1, historySize=0, eventTime=170078, downTime=170049, deviceId=0, source=0x1002 }
D/InputEventConsistencyVerifier(  413): KeyEvent: ACTION_UP but key was not down.
D/InputEventConsistencyVerifier(  413):   in com.android.systemui.statusbar.phone.StatusBarWindowView@b3e7d348
D/InputEventConsistencyVerifier(  413):   0: sent at 181882000000, KeyEvent { action=ACTION_UP, keyCode=KEYCODE_DPAD_UP, scanCode=0, metaState=0, flags=0x8, repeatCount=0, eventTime=181882, downTime=181882, deviceId=-1, source=0x101 }
D/InputEventConsistencyVerifier(  413):   -- recent events --
D/InputEventConsistencyVerifier(  413):   1: sent at 181840000000, MotionEvent { action=ACTION_UP, id[0]=0, x[0]=324.0, y[0]=372.0, toolType[0]=TOOL_TYPE_UNKNOWN, buttonState=0, metaState=0, flags=0x0, edgeFlags=0x0, pointerCount=1, historySize=0, eventTime=181840, downTime=181833, deviceId=0, source=0x1002 }
D/InputEventConsistencyVerifier(  413):   2: sent at 181833000000, MotionEvent { action=ACTION_DOWN, id[0]=0, x[0]=329.0, y[0]=380.0, toolType[0]=TOOL_TYPE_UNKNOWN, buttonState=0, metaState=0, flags=0x0, edgeFlags=0x0, pointerCount=1, historySize=0, eventTime=181833, downTime=181833, deviceId=0, source=0x1002 }
D/InputEventConsistencyVerifier(  413):   3: sent at 181744000000, (unhandled) KeyEvent { action=ACTION_UP, keyCode=KEYCODE_DPAD_CENTER, scanCode=0, metaState=0, flags=0x80000008, repeatCount=0, eventTime=181744, downTime=181744, deviceId=-1, source=0x101 }
D/InputEventConsistencyVerifier(  413):   4: sent at 181557000000, MotionEvent { action=ACTION_UP, id[0]=0, x[0]=183.0, y[0]=528.0, toolType[0]=TOOL_TYPE_UNKNOWN, buttonState=0, metaState=0, flags=0x0, edgeFlags=0x0, pointerCount=1, historySize=0, eventTime=181557, downTime=181468, deviceId=0, source=0x1002 }
D/InputEventConsistencyVerifier(  413):   5: sent at 181549000000, MotionEvent { action=ACTION_MOVE, id[0]=0, x[0]=177.0, y[0]=523.0, toolType[0]=TOOL_TYPE_UNKNOWN, buttonState=0, metaState=0, flags=0x0, edgeFlags=0x0, pointerCount=1, historySize=8, eventTime=181549, downTime=181468, deviceId=0, source=0x1002 }
V/PhoneStatusBar(  413): setLightsOn(true)
I/Choreographer(  413): Skipped 32 frames!  The application may be doing too much work on its main thread.
D/PhoneStatusBar(  413): disable: < expand icons alerts ticker* system_info back home recent clock >
V/PhoneStatusBar(  413): setLightsOn(true)
W/InputMethodManagerService(  222): Window already focused, ignoring focus gain of: com.android.internal.view.IInputMethodClient$Stub$Proxy@b4204250 attribute=null
I/ActivityManager(  222): START {act=android.intent.action.MAIN cat=[android.intent.category.HOME] flg=0x10200000 cmp=com.android.launcher/com.android.launcher2.Launcher u=0} from pid 222
I/ActivityManager(  222): START {act=android.intent.action.MAIN cat=[android.intent.category.LAUNCHER] flg=0x10200000 cmp=com.gone60/.gone60 u=0} from pid 985
I/InputDispatcher(  222): Dropped event because of pending overdue app switch.
W/InputManager(  222): Input event injection from pid 985 failed.
E/WVMExtractor(   61): Failed to open libwvm.so
I/ActivityManager(  222): START {act=android.intent.action.CALL_BUTTON flg=0x10000000 cmp=com.android.contacts/.activities.DialtactsActivity u=0} from pid 1015
W/BackupManagerService(  222): dataChanged but no participant pkg='com.android.providers.settings' uid=10011
I/Choreographer( 1015): Skipped 39 frames!  The application may be doing too much work on its main thread.
E/WVMExtractor(   61): Failed to open libwvm.so
E/WVMExtractor(   61): Failed to open libwvm.so
E/MetadataRetrieverClient(   61): failed to extract an album art
E/WVMExtractor(   61): Failed to open libwvm.so
E/WVMExtractor(   61): Failed to open libwvm.so
E/WVMExtractor(   61): Failed to open libwvm.so
I/Choreographer( 1015): Skipped 44 frames!  The application may be doing too much work on its main thread.
W/InputMethodManagerService(  222): Window already focused, ignoring focus gain of: com.android.internal.view.IInputMethodClient$Stub$Proxy@b3eb9630 attribute=null
W/DroidBox( 1067): DroidBox: { "ServiceStart": { "name": "com.android.music.MediaPlaybackService" } }
W/DroidBox( 1067): DroidBox: { "ServiceStart": { "name": "com.android.music.MediaPlaybackService" } }
I/Choreographer( 1015): Skipped 32 frames!  The application may be doing too much work on its main thread.
E/WVMExtractor(   61): Failed to open libwvm.so
I/AudioService(  222):  AudioFocus  requestAudioFocus() from android.media.AudioManager@b3e5d530com.android.music.MediaPlaybackService$3@b3e5bd68
I/Choreographer( 1015): Skipped 63 frames!  The application may be doing too much work on its main thread.
W/InputMethodManagerService(  222): Window already focused, ignoring focus gain of: com.android.internal.view.IInputMethodClient$Stub$Proxy@b42084d8 attribute=null
I/Choreographer( 1015): Skipped 31 frames!  The application may be doing too much work on its main thread.
I/AudioService(  222):   Remote Control   registerMediaButtonIntent() for PendingIntent{b4208628: PendingIntentRecord{b407beb8 com.android.music broadcastIntent}}
E/WVMExtractor(   61): Failed to open libwvm.so
E/WVMExtractor(   61): Failed to open libwvm.so
E/WVMExtractor(   61): Failed to open libwvm.so
E/WVMExtractor(   61): Failed to open libwvm.so
I/Choreographer( 1015): Skipped 36 frames!  The application may be doing too much work on its main thread.
W/InputMethodManagerService(  222): Window already focused, ignoring focus gain of: com.android.internal.view.IInputMethodClient$Stub$Proxy@b4212ee0 attribute=null
E/WVMExtractor(   61): Failed to open libwvm.so
I/Choreographer( 1015): Skipped 42 frames!  The application may be doing too much work on its main thread.
E/WVMExtractor(   61): Failed to open libwvm.so
E/WVMExtractor(   61): Failed to open libwvm.so
E/WVMExtractor(   61): Failed to open libwvm.so
E/WVMExtractor(   61): Failed to open libwvm.so
E/WVMExtractor(   61): Failed to open libwvm.so
D/InputEventConsistencyVerifier( 1015): TouchEvent: ACTION_DOWN but pointers are already down.  Probably missing ACTION_UP from previous gesture.
D/InputEventConsistencyVerifier( 1015):   in com.android.internal.policy.impl.PhoneWindow$DecorView@b404ade8
D/InputEventConsistencyVerifier( 1015):   0: sent at 191724000000, MotionEvent { action=ACTION_DOWN, id[0]=0, x[0]=423.0, y[0]=-724.0, toolType[0]=TOOL_TYPE_UNKNOWN, buttonState=0, metaState=0, flags=0x0, edgeFlags=0x0, pointerCount=1, historySize=0, eventTime=191724, downTime=191710, deviceId=0, source=0x1002 }
D/InputEventConsistencyVerifier( 1015):   -- recent events --
D/InputEventConsistencyVerifier( 1015):   1: sent at 191517000000, (unhandled) KeyEvent { action=ACTION_UP, keyCode=KEYCODE_DPAD_UP, scanCode=0, metaState=0, flags=0x8, repeatCount=0, eventTime=191517, downTime=191517, deviceId=-1, source=0x101 }
D/InputEventConsistencyVerifier( 1015):   2: sent at 191478000000, (unhandled) KeyEvent { action=ACTION_DOWN, keyCode=KEYCODE_DPAD_UP, scanCode=0, metaState=0, flags=0x8, repeatCount=0, eventTime=191478, downTime=191478, deviceId=-1, source=0x101 }
D/InputEventConsistencyVerifier( 1015):   3: sent at 189447000000, MotionEvent { action=ACTION_DOWN, id[0]=0, x[0]=156.0, y[0]=-642.0, toolType[0]=TOOL_TYPE_UNKNOWN, buttonState=0, metaState=0, flags=0x0, edgeFlags=0x0, pointerCount=1, historySize=0, eventTime=189447, downTime=189444, deviceId=0, source=0x1002 }
D/InputEventConsistencyVerifier( 1015):   4: sent at 189422000000, (unhandled) MotionEvent { action=ACTION_UP, id[0]=0, x[0]=18.0, y[0]=-560.0, toolType[0]=TOOL_TYPE_UNKNOWN, buttonState=0, metaState=0, flags=0x0, edgeFlags=0x0, pointerCount=1, historySize=0, eventTime=189422, downTime=189380, deviceId=0, source=0x1002 }
D/InputEventConsistencyVerifier( 1015):   5: sent at 189381000000, MotionEvent { action=ACTION_DOWN, id[0]=0, x[0]=6.0, y[0]=-554.0, toolType[0]=TOOL_TYPE_UNKNOWN, buttonState=0, metaState=0, flags=0x0, edgeFlags=0x0, pointerCount=1, historySize=0, eventTime=189381, downTime=189380, deviceId=0, source=0x1002 }
I/Choreographer( 1015): Skipped 36 frames!  The application may be doing too much work on its main thread.
I/Choreographer( 1015): Skipped 33 frames!  The application may be doing too much work on its main thread.
W/InputMethodManagerService(  222): Window already focused, ignoring focus gain of: com.android.internal.view.IInputMethodClient$Stub$Proxy@b3f7d618 attribute=null
D/InputEventConsistencyVerifier( 1015): KeyEvent: ACTION_UP but key was not down.
D/InputEventConsistencyVerifier( 1015):   in android.view.ViewRootImpl@b403acf8
D/InputEventConsistencyVerifier( 1015):   0: sent at 192719000000, KeyEvent { action=ACTION_UP, keyCode=KEYCODE_BUTTON_5, scanCode=0, metaState=0, flags=0x8, repeatCount=0, eventTime=192719, downTime=192719, deviceId=-1, source=0x101 }
D/InputEventConsistencyVerifier( 1015):   -- recent events --
D/InputEventConsistencyVerifier( 1015):   1: sent at 191457000000, MotionEvent { action=ACTION_UP, id[0]=0, x[0]=350.0, y[0]=319.0, toolType[0]=TOOL_TYPE_UNKNOWN, buttonState=0, metaState=0, flags=0x0, edgeFlags=0x0, pointerCount=1, historySize=0, eventTime=191457, downTime=191437, deviceId=0, source=0x1002 }
D/InputEventConsistencyVerifier( 1015):   2: sent at 191438000000, MotionEvent { action=ACTION_DOWN, id[0]=0, x[0]=346.0, y[0]=325.0, toolType[0]=TOOL_TYPE_UNKNOWN, buttonState=0, metaState=0, flags=0x0, edgeFlags=0x0, pointerCount=1, historySize=0, eventTime=191438, downTime=191437, deviceId=0, source=0x1002 }
D/InputEventConsistencyVerifier( 1015):   3: sent at 191381000000, KeyEvent { action=ACTION_UP, keyCode=KEYCODE_MENU, scanCode=0, metaState=0, flags=0x8, repeatCount=0, eventTime=191381, downTime=191381, deviceId=-1, source=0x101 }
D/InputEventConsistencyVerifier( 1015):   4: sent at 191356000000, KeyEvent { action=ACTION_DOWN, keyCode=KEYCODE_MENU, scanCode=0, metaState=0, flags=0x8, repeatCount=0, eventTime=191356, downTime=191356, deviceId=-1, source=0x101 }
D/InputEventConsistencyVerifier( 1015):   5: sent at 191354000000, MotionEvent { action=ACTION_MOVE, id[0]=0, x[0]=1.0, y[0]=0.0, toolType[0]=TOOL_TYPE_UNKNOWN, buttonState=0, metaState=0, flags=0x0, edgeFlags=0x0, pointerCount=1, historySize=9, eventTime=191354, downTime=-1, deviceId=0, source=0x10004 }
E/WVMExtractor(   61): Failed to open libwvm.so
E/WVMExtractor(   61): Failed to open libwvm.so
E/WVMExtractor(   61): Failed to open libwvm.so
I/ActivityManager(  222): START {act=android.intent.action.MAIN cat=[android.intent.category.LAUNCHER] flg=0x10200000 cmp=com.gone60/.gone60 u=0} from pid 985
E/WVMExtractor(   61): Failed to open libwvm.so
E/WVMExtractor(   61): Failed to open libwvm.so
E/WVMExtractor(   61): Failed to open libwvm.so
D/InputEventConsistencyVerifier( 1015): TrackballEvent: Trackball is down but pressure is not greater than 0.
D/InputEventConsistencyVerifier( 1015):   in android.view.ViewRootImpl@b40805e8
D/InputEventConsistencyVerifier( 1015):   0: sent at 194939000000, MotionEvent { action=ACTION_DOWN, id[0]=0, x[0]=0.0, y[0]=0.0, toolType[0]=TOOL_TYPE_UNKNOWN, buttonState=0, metaState=0, flags=0x0, edgeFlags=0x0, pointerCount=1, historySize=0, eventTime=194939, downTime=194893, deviceId=0, source=0x10004 }
D/InputEventConsistencyVerifier( 1015):   -- recent events --
D/InputEventConsistencyVerifier( 1015):   1: sent at 195065000000, KeyEvent { action=ACTION_UP, keyCode=KEYCODE_DPAD_UP, scanCode=0, metaState=0, flags=0x400, repeatCount=0, eventTime=195065, downTime=195065, deviceId=-1, source=0x101 }
D/InputEventConsistencyVerifier( 1015):   2: sent at 195065000000, KeyEvent { action=ACTION_DOWN, keyCode=KEYCODE_DPAD_UP, scanCode=0, metaState=0, flags=0x400, repeatCount=0, eventTime=195065, downTime=195065, deviceId=-1, source=0x101 }
D/InputEventConsistencyVerifier( 1015):   3: sent at 195064000000, KeyEvent { action=ACTION_UP, keyCode=KEYCODE_DPAD_UP, scanCode=0, metaState=0, flags=0x400, repeatCount=0, eventTime=195064, downTime=195064, deviceId=-1, source=0x101 }
D/InputEventConsistencyVerifier( 1015):   4: sent at 195064000000, KeyEvent { action=ACTION_DOWN, keyCode=KEYCODE_DPAD_UP, scanCode=0, metaState=0, flags=0x400, repeatCount=0, eventTime=195064, downTime=195064, deviceId=-1, source=0x101 }
D/InputEventConsistencyVerifier( 1015):   5: sent at 195064000000, KeyEvent { action=ACTION_UP, keyCode=KEYCODE_DPAD_UP, scanCode=0, metaState=0, flags=0x400, repeatCount=0, eventTime=195064, downTime=195064, deviceId=-1, source=0x101 }
E/WVMExtractor(   61): Failed to open libwvm.so
I/Choreographer( 1015): Skipped 51 frames!  The application may be doing too much work on its main thread.
I/ActivityManager(  222): START {act=android.intent.action.MAIN cat=[android.intent.category.LAUNCHER] flg=0x10000000 cmp=com.android.contacts/.activities.PeopleActivity sel={act=android.intent.action.MAIN cat=[android.intent.category.APP_CONTACTS]} u=0} from pid 222
D/InputEventConsistencyVerifier( 1015): KeyEvent: ACTION_UP but key was not down.
D/InputEventConsistencyVerifier( 1015):   in android.view.ViewRootImpl@b40805e8
D/InputEventConsistencyVerifier( 1015):   0: sent at 195725000000, KeyEvent { action=ACTION_UP, keyCode=KEYCODE_CONTACTS, scanCode=0, metaState=0, flags=0x8, repeatCount=0, eventTime=195725, downTime=195725, deviceId=-1, source=0x101 }
D/InputEventConsistencyVerifier( 1015):   -- recent events --
D/InputEventConsistencyVerifier( 1015):   1: sent at 195678000000, KeyEvent { action=ACTION_UP, keyCode=KEYCODE_DPAD_DOWN, scanCode=0, metaState=0, flags=0x400, repeatCount=0, eventTime=195678, downTime=195678, deviceId=-1, source=0x101 }
D/InputEventConsistencyVerifier( 1015):   2: sent at 195678000000, KeyEvent { action=ACTION_DOWN, keyCode=KEYCODE_DPAD_DOWN, scanCode=0, metaState=0, flags=0x400, repeatCount=0, eventTime=195678, downTime=195678, deviceId=-1, source=0x101 }
D/InputEventConsistencyVerifier( 1015):   3: sent at 195677000000, KeyEvent { action=ACTION_UP, keyCode=KEYCODE_DPAD_DOWN, scanCode=0, metaState=0, flags=0x400, repeatCount=0, eventTime=195677, downTime=195677, deviceId=-1, source=0x101 }
D/InputEventConsistencyVerifier( 1015):   4: sent at 195677000000, KeyEvent { action=ACTION_DOWN, keyCode=KEYCODE_DPAD_DOWN, scanCode=0, metaState=0, flags=0x400, repeatCount=0, eventTime=195677, downTime=195677, deviceId=-1, source=0x101 }
D/InputEventConsistencyVerifier( 1015):   5: sent at 195597000000, MotionEvent { action=ACTION_MOVE, id[0]=0, x[0]=2.0, y[0]=2.0, toolType[0]=TOOL_TYPE_UNKNOWN, buttonState=0, metaState=0, flags=0x0, edgeFlags=0x0, pointerCount=1, historySize=9, eventTime=195597, downTime=-1, deviceId=0, source=0x10004 }
D/InputEventConsistencyVerifier(  413): TouchEvent: ACTION_DOWN but pointers are already down.  Probably missing ACTION_UP from previous gesture.
D/InputEventConsistencyVerifier(  413):   in android.view.ScaleGestureDetector@b3f1d0b8
D/InputEventConsistencyVerifier(  413):   0: sent at 195608000000, MotionEvent { action=ACTION_DOWN, id[0]=0, x[0]=284.0, y[0]=30.0, toolType[0]=TOOL_TYPE_UNKNOWN, buttonState=0, metaState=0, flags=0x0, edgeFlags=0x0, pointerCount=1, historySize=0, eventTime=195608, downTime=195605, deviceId=0, source=0x1002 }
D/InputEventConsistencyVerifier(  413):   -- recent events --
D/InputEventConsistencyVerifier(  413):   1: sent at 181833000000, MotionEvent { action=ACTION_DOWN, id[0]=0, x[0]=329.0, y[0]=380.0, toolType[0]=TOOL_TYPE_UNKNOWN, buttonState=0, metaState=0, flags=0x80000000, edgeFlags=0x0, pointerCount=1, historySize=0, eventTime=181833, downTime=181833, deviceId=0, source=0x1002 }
D/InputEventConsistencyVerifier(  413):   2: sent at 181483000000, MotionEvent { action=ACTION_DOWN, id[0]=0, x[0]=126.0, y[0]=474.0, toolType[0]=TOOL_TYPE_UNKNOWN, buttonState=0, metaState=0, flags=0x0, edgeFlags=0x0, pointerCount=1, historySize=0, eventTime=181483, downTime=181468, deviceId=0, source=0x1002 }
D/InputEventConsistencyVerifier(  413):   3: sent at 181185000000, MotionEvent { action=ACTION_UP, id[0]=0, x[0]=302.0, y[0]=0.0, toolType[0]=TOOL_TYPE_UNKNOWN, buttonState=0, metaState=0, flags=0x0, edgeFlags=0x0, pointerCount=1, historySize=0, eventTime=181185, downTime=181063, deviceId=0, source=0x1002 }
D/InputEventConsistencyVerifier(  413):   4: sent at 181182000000, MotionEvent { action=ACTION_MOVE, id[0]=0, x[0]=308.0, y[0]=0.0, toolType[0]=TOOL_TYPE_UNKNOWN, buttonState=0, metaState=0, flags=0x0, edgeFlags=0x0, pointerCount=1, historySize=4, eventTime=181182, downTime=181063, deviceId=0, source=0x1002 }
D/InputEventConsistencyVerifier(  413):   5: sent at 181065000000, MotionEvent { action=ACTION_DOWN, id[0]=0, x[0]=374.0, y[0]=20.0, toolType[0]=TOOL_TYPE_UNKNOWN, buttonState=0, metaState=0, flags=0x80000000, edgeFlags=0x0, pointerCount=1, historySize=0, eventTime=181065, downTime=181063, deviceId=0, source=0x1002 }
W/dalvikvm(  413): DroidBox: { "FdAccess": { "path": "2f70726f632f6d656d696e666f", "id": "1116036818" } }
W/DroidBox(  413): DroidBox: { "FileRW": { "operation": "read", "data": "4d656d546f74616c3a202020202020202020373438393634206b420a4d656d467265653a20202020202020202020343530343132206b420a427566666572733a20202020202020202020202035353238206b420a4361636865643a202020202020202020", "id": "1116036818" } }
W/dalvikvm(  413): DroidBox: { "FdAccess": { "path": "2f70726f632f6d656d696e666f", "id": "1054800802" } }
W/DroidBox(  413): DroidBox: { "FileRW": { "operation": "read", "data": "4d656d546f74616c3a202020202020202020373438393634206b420a4d656d467265653a20202020202020202020343530343132206b420a427566666572733a20202020202020202020202035353238206b420a4361636865643a202020202020202020", "id": "1054800802" } }
D/PhoneStatusBar(  413): disable: < expand icons alerts TICKER* system_info back home recent clock >
V/PhoneStatusBar(  413): setLightsOn(true)
I/Choreographer(  413): Skipped 46 frames!  The application may be doing too much work on its main thread.
W/dalvikvm(  413): DroidBox: { "FdAccess": { "path": "2f70726f632f6d656d696e666f", "id": "21503805" } }
W/DroidBox(  413): DroidBox: { "FileRW": { "operation": "read", "data": "4d656d546f74616c3a202020202020202020373438393634206b420a4d656d467265653a20202020202020202020343530313634206b420a427566666572733a20202020202020202020202035353238206b420a4361636865643a202020202020202020", "id": "21503805" } }
D/InputEventConsistencyVerifier(  413): KeyEvent: ACTION_UP but key was not down.
D/InputEventConsistencyVerifier(  413):   in com.android.systemui.statusbar.phone.StatusBarWindowView@b3e7d348
D/InputEventConsistencyVerifier(  413):   0: sent at 196224000000, KeyEvent { action=ACTION_UP, keyCode=KEYCODE_DPAD_DOWN, scanCode=0, metaState=0, flags=0x400, repeatCount=0, eventTime=196224, downTime=196224, deviceId=-1, source=0x101 }
D/InputEventConsistencyVerifier(  413):   -- recent events --
D/InputEventConsistencyVerifier(  413):   1: sent at 196210000000, (unhandled) MotionEvent { action=ACTION_MOVE, id[0]=0, x[0]=1.0, y[0]=4.0, toolType[0]=TOOL_TYPE_UNKNOWN, buttonState=0, metaState=0, flags=0x0, edgeFlags=0x0, pointerCount=1, historySize=6, eventTime=196210, downTime=-1, deviceId=0, source=0x10004 }
D/InputEventConsistencyVerifier(  413):   2: sent at 196085000000, (unhandled) KeyEvent { action=ACTION_UP, keyCode=KEYCODE_DPAD_CENTER, scanCode=0, metaState=0, flags=0x8, repeatCount=0, eventTime=196085, downTime=196085, deviceId=-1, source=0x101 }
D/InputEventConsistencyVerifier(  413):   3: sent at 196074000000, (unhandled) KeyEvent { action=ACTION_DOWN, keyCode=KEYCODE_DPAD_CENTER, scanCode=0, metaState=0, flags=0x8, repeatCount=0, eventTime=196074, downTime=196074, deviceId=-1, source=0x101 }
D/InputEventConsistencyVerifier(  413):   4: sent at 196049000000, (unhandled) KeyEvent { action=ACTION_UP, keyCode=KEYCODE_H, scanCode=0, metaState=0, flags=0x8, repeatCount=0, eventTime=196049, downTime=196049, deviceId=-1, source=0x101 }
D/InputEventConsistencyVerifier(  413):   5: sent at 196007000000, (unhandled) KeyEvent { action=ACTION_DOWN, keyCode=KEYCODE_H, scanCode=0, metaState=0, flags=0x8, repeatCount=0, eventTime=196007, downTime=196007, deviceId=-1, source=0x101 }
D/InputEventConsistencyVerifier(  413): KeyEvent: ACTION_UP but key was not down.
D/InputEventConsistencyVerifier(  413):   in android.widget.FrameLayout@b3e4d3c8
D/InputEventConsistencyVerifier(  413):   0: sent at 196225000000, KeyEvent { action=ACTION_UP, keyCode=KEYCODE_DPAD_DOWN, scanCode=0, metaState=0, flags=0x400, repeatCount=0, eventTime=196225, downTime=196225, deviceId=-1, source=0x101 }
D/InputEventConsistencyVerifier(  413):   -- recent events --
D/InputEventConsistencyVerifier(  413):   1: sent at 170011000000, (unhandled) KeyEvent { action=ACTION_UP, keyCode=KEYCODE_DPAD_CENTER, scanCode=0, metaState=0, flags=0x8, repeatCount=0, eventTime=170011, downTime=170011, deviceId=-1, source=0x101 }
D/InputEventConsistencyVerifier(  413):   2: sent at 169937000000, (unhandled) KeyEvent { action=ACTION_DOWN, keyCode=KEYCODE_DPAD_CENTER, scanCode=0, metaState=0, flags=0x8, repeatCount=0, eventTime=169937, downTime=169937, deviceId=-1, source=0x101 }
D/InputEventConsistencyVerifier(  413):   3: sent at 169979000000, (unhandled) KeyEvent { action=ACTION_UP, keyCode=KEYCODE_DPAD_DOWN, scanCode=0, metaState=0, flags=0x400, repeatCount=0, eventTime=169979, downTime=169979, deviceId=-1, source=0x101 }
D/InputEventConsistencyVerifier(  413):   4: sent at 169979000000, (unhandled) KeyEvent { action=ACTION_DOWN, keyCode=KEYCODE_DPAD_DOWN, scanCode=0, metaState=0, flags=0x400, repeatCount=0, eventTime=169979, downTime=169979, deviceId=-1, source=0x101 }
D/InputEventConsistencyVerifier(  413):   5: sent at 169979000000, (unhandled) KeyEvent { action=ACTION_UP, keyCode=KEYCODE_DPAD_DOWN, scanCode=0, metaState=0, flags=0x400, repeatCount=0, eventTime=169979, downTime=169979, deviceId=-1, source=0x101 }
W/dalvikvm(  413): DroidBox: { "FdAccess": { "path": "2f70726f632f6d656d696e666f", "id": "2086364580" } }
W/DroidBox(  413): DroidBox: { "FileRW": { "operation": "read", "data": "4d656d546f74616c3a202020202020202020373438393634206b420a4d656d467265653a20202020202020202020343530313536206b420a427566666572733a20202020202020202020202035353238206b420a4361636865643a202020202020202020", "id": "2086364580" } }
D/InputEventConsistencyVerifier(  413): KeyEvent: ACTION_UP but key was not down.
D/InputEventConsistencyVerifier(  413):   in com.android.systemui.statusbar.phone.StatusBarWindowView@b3e7d348
D/InputEventConsistencyVerifier(  413):   0: sent at 196436000000, KeyEvent { action=ACTION_UP, keyCode=KEYCODE_DPAD_RIGHT, scanCode=0, metaState=0, flags=0x400, repeatCount=0, eventTime=196436, downTime=196436, deviceId=-1, source=0x101 }
D/InputEventConsistencyVerifier(  413):   -- recent events --
D/InputEventConsistencyVerifier(  413):   1: sent at 196423000000, (unhandled) MotionEvent { action=ACTION_MOVE, id[0]=0, x[0]=4.0, y[0]=-3.0, toolType[0]=TOOL_TYPE_UNKNOWN, buttonState=0, metaState=0, flags=0x0, edgeFlags=0x0, pointerCount=1, historySize=2, eventTime=196423, downTime=-1, deviceId=0, source=0x10004 }
D/InputEventConsistencyVerifier(  413):   2: sent at 196385000000, MotionEvent { action=ACTION_UP, id[0]=0, x[0]=416.0, y[0]=572.0, toolType[0]=TOOL_TYPE_UNKNOWN, buttonState=0, metaState=0, flags=0x0, edgeFlags=0x0, pointerCount=1, historySize=0, eventTime=196385, downTime=196376, deviceId=0, source=0x1002 }
D/InputEventConsistencyVerifier(  413):   3: sent at 196376000000, MotionEvent { action=ACTION_DOWN, id[0]=0, x[0]=416.0, y[0]=572.0, toolType[0]=TOOL_TYPE_UNKNOWN, buttonState=0, metaState=0, flags=0x0, edgeFlags=0x0, pointerCount=1, historySize=0, eventTime=196376, downTime=196376, deviceId=0, source=0x1002 }
D/InputEventConsistencyVerifier(  413):   4: sent at 196329000000, (unhandled) KeyEvent { action=ACTION_UP, keyCode=KEYCODE_DPAD_CENTER, scanCode=0, metaState=0, flags=0x8, repeatCount=0, eventTime=196329, downTime=196329, deviceId=-1, source=0x101 }
D/InputEventConsistencyVerifier(  413):   5: sent at 196243000000, (unhandled) KeyEvent { action=ACTION_DOWN, keyCode=KEYCODE_DPAD_CENTER, scanCode=0, metaState=0, flags=0x8, repeatCount=0, eventTime=196243, downTime=196243, deviceId=-1, source=0x101 }
I/Choreographer(  413): Skipped 32 frames!  The application may be doing too much work on its main thread.
D/InputEventConsistencyVerifier(  413): KeyEvent: ACTION_UP but key was not down.
D/InputEventConsistencyVerifier(  413):   in android.widget.FrameLayout@b3e4d3c8
D/InputEventConsistencyVerifier(  413):   0: sent at 196674000000, KeyEvent { action=ACTION_UP, keyCode=KEYCODE_DPAD_DOWN, scanCode=0, metaState=0, flags=0x8, repeatCount=0, eventTime=196674, downTime=196674, deviceId=-1, source=0x101 }
D/InputEventConsistencyVerifier(  413):   -- recent events --
D/InputEventConsistencyVerifier(  413):   1: sent at 196385000000, MotionEvent { action=ACTION_UP, id[0]=0, x[0]=416.0, y[0]=572.0, toolType[0]=TOOL_TYPE_UNKNOWN, buttonState=0, metaState=0, flags=0x0, edgeFlags=0x0, pointerCount=1, historySize=0, eventTime=196385, downTime=196376, deviceId=0, source=0x1002 }
D/InputEventConsistencyVerifier(  413):   2: sent at 196376000000, MotionEvent { action=ACTION_DOWN, id[0]=0, x[0]=416.0, y[0]=572.0, toolType[0]=TOOL_TYPE_UNKNOWN, buttonState=0, metaState=0, flags=0x0, edgeFlags=0x0, pointerCount=1, historySize=0, eventTime=196376, downTime=196376, deviceId=0, source=0x1002 }
D/InputEventConsistencyVerifier(  413):   3: sent at 196329000000, (unhandled) KeyEvent { action=ACTION_UP, keyCode=KEYCODE_DPAD_CENTER, scanCode=0, metaState=0, flags=0x8, repeatCount=0, eventTime=196329, downTime=196329, deviceId=-1, source=0x101 }
D/InputEventConsistencyVerifier(  413):   4: sent at 196243000000, (unhandled) KeyEvent { action=ACTION_DOWN, keyCode=KEYCODE_DPAD_CENTER, scanCode=0, metaState=0, flags=0x8, repeatCount=0, eventTime=196243, downTime=196243, deviceId=-1, source=0x101 }
D/InputEventConsistencyVerifier(  413):   5: sent at 196327000000, (unhandled) KeyEvent { action=ACTION_UP, keyCode=KEYCODE_DPAD_LEFT, scanCode=0, metaState=0, flags=0x400, repeatCount=0, eventTime=196327, downTime=196327, deviceId=-1, source=0x101 }
D/InputEventConsistencyVerifier(  413): KeyEvent: ACTION_UP but key was not down.
D/InputEventConsistencyVerifier(  413):   in com.android.systemui.statusbar.phone.StatusBarWindowView@b3e7d348
D/InputEventConsistencyVerifier(  413):   0: sent at 196849000000, KeyEvent { action=ACTION_UP, keyCode=KEYCODE_DPAD_RIGHT, scanCode=0, metaState=0, flags=0x400, repeatCount=0, eventTime=196849, downTime=196849, deviceId=-1, source=0x101 }
D/InputEventConsistencyVerifier(  413):   -- recent events --
D/InputEventConsistencyVerifier(  413):   1: sent at 196824000000, (unhandled) MotionEvent { action=ACTION_MOVE, id[0]=0, x[0]=3.0, y[0]=0.0, toolType[0]=TOOL_TYPE_UNKNOWN, buttonState=0, metaState=0, flags=0x0, edgeFlags=0x0, pointerCount=1, historySize=9, eventTime=196824, downTime=-1, deviceId=0, source=0x10004 }
D/InputEventConsistencyVerifier(  413):   2: sent at 196739000000, MotionEvent { action=ACTION_UP, id[0]=0, x[0]=78.0, y[0]=4.0, toolType[0]=TOOL_TYPE_UNKNOWN, buttonState=0, metaState=0, flags=0x0, edgeFlags=0x0, pointerCount=1, historySize=0, eventTime=196739, downTime=196733, deviceId=0, source=0x1002 }
D/InputEventConsistencyVerifier(  413):   3: sent at 196734000000, MotionEvent { action=ACTION_DOWN, id[0]=0, x[0]=78.0, y[0]=8.0, toolType[0]=TOOL_TYPE_UNKNOWN, buttonState=0, metaState=0, flags=0x0, edgeFlags=0x0, pointerCount=1, historySize=0, eventTime=196734, downTime=196733, deviceId=0, source=0x1002 }
D/InputEventConsistencyVerifier(  413):   4: sent at 196725000000, (unhandled) KeyEvent { action=ACTION_UP, keyCode=KEYCODE_DPAD_DOWN, scanCode=0, metaState=0, flags=0x8, repeatCount=0, eventTime=196725, downTime=196725, deviceId=-1, source=0x101 }
D/InputEventConsistencyVerifier(  413):   5: sent at 196677000000, (unhandled) KeyEvent { action=ACTION_DOWN, keyCode=KEYCODE_DPAD_DOWN, scanCode=0, metaState=0, flags=0x8, repeatCount=0, eventTime=196677, downTime=196677, deviceId=-1, source=0x101 }
D/InputEventConsistencyVerifier(  413): TrackballEvent: Trackball is down but pressure is not greater than 0.
D/InputEventConsistencyVerifier(  413):   in android.view.ViewRootImpl@b3f0ee10
D/InputEventConsistencyVerifier(  413):   0: sent at 196826000000, MotionEvent { action=ACTION_DOWN, id[0]=0, x[0]=0.0, y[0]=0.0, toolType[0]=TOOL_TYPE_UNKNOWN, buttonState=0, metaState=0, flags=0x0, edgeFlags=0x0, pointerCount=1, historySize=0, eventTime=196826, downTime=196774, deviceId=0, source=0x10004 }
D/InputEventConsistencyVerifier(  413):   -- recent events --
D/InputEventConsistencyVerifier(  413):   1: sent at 196849000000, KeyEvent { action=ACTION_UP, keyCode=KEYCODE_DPAD_RIGHT, scanCode=0, metaState=0, flags=0x400, repeatCount=0, eventTime=196849, downTime=196849, deviceId=-1, source=0x101 }
D/InputEventConsistencyVerifier(  413):   2: sent at 196849000000, KeyEvent { action=ACTION_DOWN, keyCode=KEYCODE_DPAD_RIGHT, scanCode=0, metaState=0, flags=0x400, repeatCount=0, eventTime=196849, downTime=196849, deviceId=-1, source=0x101 }
D/InputEventConsistencyVerifier(  413):   3: sent at 196849000000, KeyEvent { action=ACTION_UP, keyCode=KEYCODE_DPAD_RIGHT, scanCode=0, metaState=0, flags=0x400, repeatCount=0, eventTime=196849, downTime=196849, deviceId=-1, source=0x101 }
D/InputEventConsistencyVerifier(  413):   4: sent at 196849000000, KeyEvent { action=ACTION_DOWN, keyCode=KEYCODE_DPAD_RIGHT, scanCode=0, metaState=0, flags=0x400, repeatCount=0, eventTime=196849, downTime=196849, deviceId=-1, source=0x101 }
D/InputEventConsistencyVerifier(  413):   5: sent at 196849000000, KeyEvent { action=ACTION_UP, keyCode=KEYCODE_DPAD_RIGHT, scanCode=0, metaState=0, flags=0x400, repeatCount=0, eventTime=196849, downTime=196849, deviceId=-1, source=0x101 }
D/InputEventConsistencyVerifier(  413): KeyEvent: ACTION_UP but key was not down.
D/InputEventConsistencyVerifier(  413):   in android.widget.FrameLayout@b3e4d3c8
D/InputEventConsistencyVerifier(  413):   0: sent at 196994000000, KeyEvent { action=ACTION_UP, keyCode=KEYCODE_DPAD_DOWN, scanCode=0, metaState=0, flags=0x400, repeatCount=0, eventTime=196994, downTime=196994, deviceId=-1, source=0x101 }
D/InputEventConsistencyVerifier(  413):   -- recent events --
D/InputEventConsistencyVerifier(  413):   1: sent at 196739000000, MotionEvent { action=ACTION_UP, id[0]=0, x[0]=78.0, y[0]=4.0, toolType[0]=TOOL_TYPE_UNKNOWN, buttonState=0, metaState=0, flags=0x0, edgeFlags=0x0, pointerCount=1, historySize=0, eventTime=196739, downTime=196733, deviceId=0, source=0x1002 }
D/InputEventConsistencyVerifier(  413):   2: sent at 196734000000, MotionEvent { action=ACTION_DOWN, id[0]=0, x[0]=78.0, y[0]=8.0, toolType[0]=TOOL_TYPE_UNKNOWN, buttonState=0, metaState=0, flags=0x0, edgeFlags=0x0, pointerCount=1, historySize=0, eventTime=196734, downTime=196733, deviceId=0, source=0x1002 }
D/InputEventConsistencyVerifier(  413):   3: sent at 196725000000, (unhandled) KeyEvent { action=ACTION_UP, keyCode=KEYCODE_DPAD_DOWN, scanCode=0, metaState=0, flags=0x8, repeatCount=0, eventTime=196725, downTime=196725, deviceId=-1, source=0x101 }
D/InputEventConsistencyVerifier(  413):   4: sent at 196677000000, (unhandled) KeyEvent { action=ACTION_DOWN, keyCode=KEYCODE_DPAD_DOWN, scanCode=0, metaState=0, flags=0x8, repeatCount=0, eventTime=196677, downTime=196677, deviceId=-1, source=0x101 }
D/InputEventConsistencyVerifier(  413):   5: sent at 196674000000, (unhandled) KeyEvent { action=ACTION_UP, keyCode=KEYCODE_DPAD_DOWN, scanCode=0, metaState=0, flags=0x80000008, repeatCount=0, eventTime=196674, downTime=196674, deviceId=-1, source=0x101 }
D/InputEventConsistencyVerifier(  413): KeyEvent: ACTION_UP but key was not down.
D/InputEventConsistencyVerifier(  413):   in com.android.systemui.statusbar.phone.PhoneStatusBarView@b3e7f2e0
D/InputEventConsistencyVerifier(  413):   0: sent at 197214000000, KeyEvent { action=ACTION_UP, keyCode=KEYCODE_DPAD_UP, scanCode=0, metaState=0, flags=0x400, repeatCount=0, eventTime=197214, downTime=197214, deviceId=-1, source=0x101 }
D/InputEventConsistencyVerifier(  413):   -- recent events --
D/InputEventConsistencyVerifier(  413):   1: sent at 196994000000, (unhandled) KeyEvent { action=ACTION_DOWN, keyCode=KEYCODE_DPAD_DOWN, scanCode=0, metaState=0, flags=0x400, repeatCount=0, eventTime=196994, downTime=196994, deviceId=-1, source=0x101 }
D/InputEventConsistencyVerifier(  413):   2: sent at 196984000000, (unhandled) MotionEvent { action=ACTION_MOVE, id[0]=0, x[0]=-2.0, y[0]=4.0, toolType[0]=TOOL_TYPE_UNKNOWN, buttonState=0, metaState=0, flags=0x0, edgeFlags=0x0, pointerCount=1, historySize=0, eventTime=196984, downTime=-1, deviceId=0, source=0x10004 }
D/InputEventConsistencyVerifier(  413):   3: sent at 196988000000, (unhandled) KeyEvent { action=ACTION_UP, keyCode=KEYCODE_DPAD_UP, scanCode=0, metaState=0, flags=0x400, repeatCount=0, eventTime=196988, downTime=196988, deviceId=-1, source=0x101 }
D/InputEventConsistencyVerifier(  413):   4: sent at 196988000000, (unhandled) KeyEvent { action=ACTION_DOWN, keyCode=KEYCODE_DPAD_UP, scanCode=0, metaState=0, flags=0x400, repeatCount=0, eventTime=196988, downTime=196988, deviceId=-1, source=0x101 }
D/InputEventConsistencyVerifier(  413):   5: sent at 196988000000, (unhandled) KeyEvent { action=ACTION_UP, keyCode=KEYCODE_DPAD_UP, scanCode=0, metaState=0, flags=0x400, repeatCount=0, eventTime=196988, downTime=196988, deviceId=-1, source=0x101 }
D/InputEventConsistencyVerifier(  413): KeyEvent: ACTION_UP but key was not down.
D/InputEventConsistencyVerifier(  413):   in android.widget.FrameLayout@b3e4d3c8
D/InputEventConsistencyVerifier(  413):   0: sent at 197360000000, KeyEvent { action=ACTION_UP, keyCode=KEYCODE_DPAD_DOWN, scanCode=0, metaState=0, flags=0x400, repeatCount=0, eventTime=197360, downTime=197360, deviceId=-1, source=0x101 }
D/InputEventConsistencyVerifier(  413):   -- recent events --
D/InputEventConsistencyVerifier(  413):   1: sent at 197214000000, (unhandled) KeyEvent { action=ACTION_DOWN, keyCode=KEYCODE_DPAD_UP, scanCode=0, metaState=0, flags=0x400, repeatCount=0, eventTime=197214, downTime=197214, deviceId=-1, source=0x101 }
D/InputEventConsistencyVerifier(  413):   2: sent at 197205000000, (unhandled) MotionEvent { action=ACTION_MOVE, id[0]=0, x[0]=-2.0, y[0]=-2.0, toolType[0]=TOOL_TYPE_UNKNOWN, buttonState=0, metaState=0, flags=0x0, edgeFlags=0x0, pointerCount=1, historySize=1, eventTime=197205, downTime=-1, deviceId=0, source=0x10004 }
