D/InputEventConsistencyVerifier(  596): KeyEvent: ACTION_UP but key was not down.
D/InputEventConsistencyVerifier(  596):   in com.android.internal.policy.impl.PhoneWindow$DecorView@b4111f50
D/InputEventConsistencyVerifier(  596):   0: sent at 101508000000, KeyEvent { action=ACTION_UP, keyCode=KEYCODE_DPAD_RIGHT, scanCode=0, metaState=0, flags=0x8, repeatCount=0, eventTime=101508, downTime=101508, deviceId=-1, source=0x101 }
W/dalvikvm(  989): DroidBox: { "FdAccess": { "path": "2f6465762f696e7075742f6576656e7430", "id": "1190316754" } }
W/DroidBox(  989): DroidBox: { "FileRW": { "operation": "write", "data": "efbfbd060000efbfbdefbfbd0c000500000000000000", "id": "1190316754" } }
I/ActivityManager(  228): START {act=android.search.action.GLOBAL_SEARCH flg=0x10000000 cmp=com.android.quicksearchbox/.SearchActivity bnds=[5,43][475,103] (has extras) u=0} from pid 596
E/Trace   ( 1007): error opening trace file: No such file or directory (2)
I/ARMAssembler(   60): generated scanline__00000077:03515104_00009002_00000000 [127 ipp] (149 ins) at [0xb5a1e5c8:0xb5a1e81c] in 0 ns
I/Choreographer(  596): Skipped 110 frames!  The application may be doing too much work on its main thread.
W/DroidBox( 1007): DroidBox: { "DexClassLoader": { "path": "/data/app/com.extend.battery-1.apk" } }
I/dalvikvm-heap(  596): Grow heap (frag case) to 15.118MB for 1463056-byte allocation
W/InputMethodManagerService(  228): Starting input on non-focused client com.android.internal.view.IInputMethodClient$Stub$Proxy@b4173c50 (uid=10019 pid=596)
D/InputEventConsistencyVerifier(  596): KeyEvent: ACTION_UP but key was not down.
D/InputEventConsistencyVerifier(  596):   in com.android.launcher2.Cling@b4164fa0
D/InputEventConsistencyVerifier(  596):   0: sent at 101907000000, KeyEvent { action=ACTION_UP, keyCode=KEYCODE_DPAD_DOWN, scanCode=0, metaState=0, flags=0x8, repeatCount=0, eventTime=101907, downTime=101907, deviceId=-1, source=0x101 }
I/dalvikvm-heap( 1007): Grow heap (frag case) to 9.955MB for 1536016-byte allocation
I/BugSenseHandler( 1007): Registering default exceptions handler
D/BugSenseHandler( 1007): Looking for exceptions in: /data/data/com.extend.battery/files
E/WVMExtractor(   63): Failed to open libwvm.so
D/BugSenseHandler( 1007): Found 0 stacktrace(s)
V/PhoneStatusBar(  418): setLightsOn(true)
E/WVMExtractor(   63): Failed to open libwvm.so
I/Choreographer( 1007): Skipped 88 frames!  The application may be doing too much work on its main thread.
D/gralloc_goldfish( 1007): Emulator without GPU emulation detected.
I/ActivityManager(  228): Displayed com.extend.battery/.Splash: +2s887ms
E/WVMExtractor(   63): Failed to open libwvm.so
E/WVMExtractor(   63): Failed to open libwvm.so
D/Splash  ( 1007): !!!device_id=BF11F0DC3BA6CD2E2BD57109900C8928
W/dalvikvm( 1007): DroidBox: { "FdAccess": { "path": "2f646174612f646174612f636f6d2e657874656e642e626174746572792f7368617265645f70726566732f6c6f63616c79746963732e786d6c", "id": "105712689" } }
W/DroidBox( 1007): DroidBox: { "DataLeak": { "sink": "File", "operation": "write", "tag": "0x400", "data": "3c3f786d6c2076657273696f6e3d27312e302720656e636f64696e673d277574662d3827207374616e64616c6f6e653d2779657327203f3e0a3c6d61703e0a3c737472696e67206e616d653d226465766963655f6964223e424631314630444333424136", "id": "105712689" } }
W/dalvikvm( 1007): DroidBox: { "FdAccess": { "path": "2f646174612f646174612f636f6d2e657874656e642e626174746572792f7368617265645f70726566732f696e7374616c6c2e786d6c", "id": "1378266932" } }
W/DroidBox( 1007): DroidBox: { "FileRW": { "operation": "write", "data": "3c3f786d6c2076657273696f6e3d27312e302720656e636f64696e673d277574662d3827207374616e64616c6f6e653d2779657327203f3e0a3c6d61703e0a3c626f6f6c65616e206e616d653d226669727374222076616c75653d2266616c736522202f", "id": "1378266932" } }
E/WVMExtractor(   63): Failed to open libwvm.so
E/WVMExtractor(   63): Failed to open libwvm.so
E/WVMExtractor(   63): Failed to open libwvm.so
W/dalvikvm(  228): DroidBox: { "FdAccess": { "path": "2f70726f632f3935372f636d646c696e65", "id": "331290033" } }
W/DroidBox(  228): DroidBox: { "FileRW": { "operation": "read", "data": "636f6d2e616e64726f69642e6d757369636678000000000000000000000000000000000000000000000000000000000000000000000000000000000000000000000000000000000000000000702f33646633623932343331616130363836303839306637", "id": "331290033" } }
W/dalvikvm(  228): DroidBox: { "FdAccess": { "path": "2f70726f632f3937302f636d646c696e65", "id": "361363548" } }
W/DroidBox(  228): DroidBox: { "FileRW": { "operation": "read", "data": "636f6d2e73766f782e7069636f000000000000000000000000000000000000000000000000000000000000000000000000000000000000000000000000000000000000000000000000000000702f33646633623932343331616130363836303839306637", "id": "361363548" } }
W/dalvikvm(  228): DroidBox: { "FdAccess": { "path": "2f70726f632f3938392f636d646c696e65", "id": "317547976" } }
W/DroidBox(  228): DroidBox: { "FileRW": { "operation": "read", "data": "636f6d2e616e64726f69642e636f6d6d616e64732e6d6f6e6b657900000000000000000000000000000000000000000000000000000000000000000000000000000000000000000000000000000000000000000000000000000030363836303839306637", "id": "317547976" } }
W/dalvikvm(  228): DroidBox: { "FdAccess": { "path": "2f70726f632f3939312f636d646c696e65", "id": "216752874" } }
W/DroidBox(  228): DroidBox: { "FileRW": { "operation": "read", "data": "6c6f676361740044726f6964426f783a570064616c76696b766d3a570041637469766974794d616e616765723a49000000000000000000000000000000000000000000000000000000000000000000000000000000000000000030363836303839306637", "id": "216752874" } }
W/dalvikvm(  228): DroidBox: { "FdAccess": { "path": "2f70726f632f3939332f636d646c696e65", "id": "1937671518" } }
W/DroidBox(  228): DroidBox: { "FileRW": { "operation": "read", "data": "2f73797374656d2f62696e2f7368002d63007368202e2f7364636172642f65786563757465537472616365496e2e736800000000000000000000000000000000000000000000000000000000000000000000000000000000000030363836303839306637", "id": "1937671518" } }
W/dalvikvm(  228): DroidBox: { "FdAccess": { "path": "2f70726f632f3939352f636d646c696e65", "id": "13850158" } }
W/DroidBox(  228): DroidBox: { "FileRW": { "operation": "read", "data": "7368002e2f7364636172642f65786563757465537472616365496e2e736800786563757465537472616365496e2e736800000000000000000000000000000000000000000000000000000000000000000000000000000000000030363836303839306637", "id": "13850158" } }
W/dalvikvm(  228): DroidBox: { "FdAccess": { "path": "2f70726f632f3939362f636d646c696e65", "id": "1608070312" } }
W/DroidBox(  228): DroidBox: { "FileRW": { "operation": "read", "data": "737472616365002d70003631002d66002d747446002d6f002f7364636172642f336466336239323433316161303638363038393066373836306266663939346339363833346563643333313666626466336431336465373530636130386564302e61706b", "id": "1608070312" } }
W/dalvikvm(  228): DroidBox: { "FdAccess": { "path": "2f70726f632f313030372f636d646c696e65", "id": "455500749" } }
W/DroidBox(  228): DroidBox: { "FileRW": { "operation": "read", "data": "636f6d2e657874656e642e626174746572790000000000000000000000000000000000000000000000000000000000000000000000000000000000000000000000000000000000000000000066626466336431336465373530636130386564302e61706b", "id": "455500749" } }
I/ActivityManager(  228): START {act=android.intent.action.MAIN cat=[android.intent.category.HOME] flg=0x10200000 cmp=com.android.launcher/com.android.launcher2.Launcher u=0} from pid 228
D/PackageManager(  228): generateServicesMap(android.accounts.AccountAuthenticator): 2 services unchanged
I/InputReader(  228): Reconfiguring input devices.  changes=0x00000010
D/InputEventConsistencyVerifier( 1007): TrackballEvent: Trackball is down but pressure is not greater than 0.
D/InputEventConsistencyVerifier( 1007):   in android.view.ViewRootImpl@b40023e8
D/InputEventConsistencyVerifier( 1007):   0: sent at 106557000000, MotionEvent { action=ACTION_DOWN, id[0]=0, x[0]=0.0, y[0]=0.0, toolType[0]=TOOL_TYPE_UNKNOWN, buttonState=0, metaState=0, flags=0x0, edgeFlags=0x0, pointerCount=1, historySize=0, eventTime=106557, downTime=106401, deviceId=0, source=0x10004 }
D/InputEventConsistencyVerifier( 1007):   -- recent events --
D/InputEventConsistencyVerifier( 1007):   1: sent at 106798000000, KeyEvent { action=ACTION_UP, keyCode=KEYCODE_DPAD_DOWN, scanCode=0, metaState=0, flags=0x400, repeatCount=0, eventTime=106798, downTime=106798, deviceId=-1, source=0x101 }
D/InputEventConsistencyVerifier( 1007):   2: sent at 106798000000, KeyEvent { action=ACTION_DOWN, keyCode=KEYCODE_DPAD_DOWN, scanCode=0, metaState=0, flags=0x400, repeatCount=0, eventTime=106798, downTime=106798, deviceId=-1, source=0x101 }
D/InputEventConsistencyVerifier( 1007):   3: sent at 106797000000, KeyEvent { action=ACTION_UP, keyCode=KEYCODE_DPAD_DOWN, scanCode=0, metaState=0, flags=0x400, repeatCount=0, eventTime=106797, downTime=106797, deviceId=-1, source=0x101 }
D/InputEventConsistencyVerifier( 1007):   4: sent at 106797000000, KeyEvent { action=ACTION_DOWN, keyCode=KEYCODE_DPAD_DOWN, scanCode=0, metaState=0, flags=0x400, repeatCount=0, eventTime=106797, downTime=106797, deviceId=-1, source=0x101 }
D/InputEventConsistencyVerifier( 1007):   5: sent at 106795000000, KeyEvent { action=ACTION_UP, keyCode=KEYCODE_DPAD_DOWN, scanCode=0, metaState=0, flags=0x400, repeatCount=0, eventTime=106795, downTime=106795, deviceId=-1, source=0x101 }
D/PackageManager(  228): generateServicesMap(android.content.SyncAdapter): 4 services unchanged
I/ActivityManager(  228): START {cmp=com.extend.battery/.TabHandler u=0} from pid 1007
I/InputDispatcher(  228): Dropped event because of pending overdue app switch.
W/InputManager(  228): Input event injection from pid 989 failed.
I/Choreographer( 1007): Skipped 82 frames!  The application may be doing too much work on its main thread.
W/WindowManager(  228): Failure taking screenshot for (246x410) to layer 21015
W/InputManager(  228): Input event injection from pid 989 failed.
W/InputManager(  228): Input event injection from pid 989 failed.
W/InputManager(  228): Input event injection from pid 989 failed.
W/InputManager(  228): Input event injection from pid 989 failed.
W/InputManager(  228): Input event injection from pid 989 failed.
W/InputManager(  228): Input event injection from pid 989 failed.
W/InputManager(  228): Input event injection from pid 989 failed.
I/Choreographer( 1007): Skipped 118 frames!  The application may be doing too much work on its main thread.
W/dalvikvm(  861): DroidBox: { "FdAccess": { "path": "2f646174612f646174612f636f6d2e616e64726f69642e67616c6c65727933642f7368617265645f70726566732f636f6d2e616e64726f69642e67616c6c65727933645f707265666572656e6365732e786d6c", "id": "1579906576" } }
W/DroidBox(  861): DroidBox: { "FileRW": { "operation": "write", "data": "3c3f786d6c2076657273696f6e3d27312e302720656e636f64696e673d277574662d3827207374616e64616c6f6e653d2779657327203f3e0a3c6d61703e0a3c696e74206e616d653d227061636b616765732d76657273696f6e222076616c75653d2238", "id": "1579906576" } }
W/InputMethodManagerService(  228): Focus gain on non-focused client com.android.internal.view.IInputMethodClient$Stub$Proxy@b4195080 (uid=10050 pid=1007)
I/AccountTypeManager(  738): Loaded meta-data for 1 account types, 0 accounts in 287ms(wall) 10ms(cpu)
W/DroidBox( 1007): DroidBox: { "ServiceStart": { "name": "com.extend.battery.BatteryService" } }
E/WVMExtractor(   63): Failed to open libwvm.so
E/WVMExtractor(   63): Failed to open libwvm.so
E/WVMExtractor(   63): Failed to open libwvm.so
E/WVMExtractor(   63): Failed to open libwvm.so
E/MP3Extractor(   63): Unable to resync. Signalling end of stream.
V/PhoneStatusBar(  418): setLightsOn(true)
E/WVMExtractor(   63): Failed to open libwvm.so
D/BoosterActivity( 1007): sd_card_total 93620*4096=383467520
D/BoosterActivity( 1007): phone_storage_total 516052*4096=2113748992
D/BoosterActivity( 1007): phone_storage_used 45477888
D/BoosterActivity( 1007): phone_storage_free 2068271104
D/BoosterActivity( 1007): sd_card_used 409600
D/BoosterActivity( 1007): sd_card_free 383053824
E/WVMExtractor(   63): Failed to open libwvm.so
E/WVMExtractor(   63): Failed to open libwvm.so
E/WVMExtractor(   63): Failed to open libwvm.so
I/Choreographer( 1007): Skipped 460 frames!  The application may be doing too much work on its main thread.
E/WVMExtractor(   63): Failed to open libwvm.so
E/WVMExtractor(   63): Failed to open libwvm.so
W/dalvikvm(  228): DroidBox: { "FdAccess": { "path": "2f70726f632f313034372f636d646c696e65", "id": "1083989989" } }
W/DroidBox(  228): DroidBox: { "FileRW": { "operation": "read", "data": "636f6d2e657874656e642e626174746572790000000000000000000000000000000000000000000000000000000000000000000000000000000000000000000000000000000000000000000066626466336431336465373530636130386564302e61706b", "id": "1083989989" } }
E/WVMExtractor(   63): Failed to open libwvm.so
I/Choreographer( 1007): Skipped 212 frames!  The application may be doing too much work on its main thread.
E/WVMExtractor(   63): Failed to open libwvm.so
I/ActivityManager(  228): Displayed com.extend.battery/.TabHandler: +5s825ms
I/ARMAssembler(   60): generated scanline__00000077:03515104_00009001_00000000 [131 ipp] (153 ins) at [0xb5a1e820:0xb5a1ea84] in 0 ns
I/ActivityManager(  228): START {act=android.intent.action.MAIN cat=[android.intent.category.LAUNCHER] flg=0x10000000 cmp=com.android.browser/.BrowserActivity sel={act=android.intent.action.MAIN cat=[android.intent.category.APP_BROWSER]} u=0} from pid 228
I/Choreographer( 1007): Skipped 69 frames!  The application may be doing too much work on its main thread.
D/InputEventConsistencyVerifier( 1007): KeyEvent: ACTION_UP but key was not down.
D/InputEventConsistencyVerifier( 1007):   in android.widget.FrameLayout@b4020070
D/InputEventConsistencyVerifier( 1007):   0: sent at 113889000000, KeyEvent { action=ACTION_UP, keyCode=KEYCODE_DPAD_DOWN, scanCode=0, metaState=0, flags=0x400, repeatCount=0, eventTime=113889, downTime=113889, deviceId=-1, source=0x101 }
E/WVMExtractor(   63): Failed to open libwvm.so
E/WVMExtractor(   63): Failed to open libwvm.so
W/dalvikvm( 1007): DroidBox: { "FdAccess": { "path": "2f6465762f7572616e646f6d", "id": "1298378231" } }
W/DroidBox( 1007): DroidBox: { "FileRW": { "operation": "read", "data": "020e6cefbfbd253c1aefbfbd486a38efbfbdefbfbd0bda821a0006", "id": "1298378231" } }
E/WVMExtractor(   63): Failed to open libwvm.so
W/dalvikvm( 1007): DroidBox: { "FdAccess": { "path": "2f646174612f646174612f636f6d2e657874656e642e626174746572792f7368617265645f70726566732f53494e474c45544f4e532e786d6c", "id": "931683816" } }
E/WVMExtractor(   63): Failed to open libwvm.so
W/DroidBox( 1007): DroidBox: { "FileRW": { "operation": "write", "data": "3c3f786d6c2076657273696f6e3d27312e302720656e636f64696e673d277574662d3827207374616e64616c6f6e653d2779657327203f3e0a3c6d61703e0a3c626f6f6c65616e206e616d653d22437265646974436172644469616c6f67222076616c75", "id": "931683816" } }
E/WVMExtractor(   63): Failed to open libwvm.so
E/WVMExtractor(   63): Failed to open libwvm.so
E/WVMExtractor(   63): Failed to open libwvm.so
E/WVMExtractor(   63): Failed to open libwvm.so
E/WVMExtractor(   63): Failed to open libwvm.so
E/WVMExtractor(   63): Failed to open libwvm.so
I/Choreographer( 1007): Skipped 776 frames!  The application may be doing too much work on its main thread.
I/InputDispatcher(  228): Window 'Window{b40ec9b8 com.extend.battery/com.extend.battery.TabHandler paused=false}' spent 3200.7ms processing the last input event: MotionEvent(action=2, deviceId=0, source=0x00010004)
W/ActivityManager(  228): Launch timeout has expired, giving up wake lock!
D/InputEventConsistencyVerifier( 1007): KeyEvent: ACTION_UP but key was not down.
D/InputEventConsistencyVerifier( 1007):   in android.widget.LinearLayout@b4285908
D/InputEventConsistencyVerifier( 1007):   0: sent at 117478000000, KeyEvent { action=ACTION_UP, keyCode=KEYCODE_DPAD_DOWN, scanCode=0, metaState=0, flags=0x8, repeatCount=0, eventTime=117478, downTime=117478, deviceId=-1, source=0x101 }
W/ActivityManager(  228): Activity idle timeout for ActivityRecord{b3e29670 com.extend.battery/.TabHandler}
I/Choreographer( 1007): Skipped 115 frames!  The application may be doing too much work on its main thread.
E/WVMExtractor(   63): Failed to open libwvm.so
D/InputEventConsistencyVerifier( 1007): KeyEvent: ACTION_UP but key was not down.
D/InputEventConsistencyVerifier( 1007):   in android.widget.LinearLayout@b42b7330
D/InputEventConsistencyVerifier( 1007):   0: sent at 117775000000, KeyEvent { action=ACTION_UP, keyCode=KEYCODE_DPAD_UP, scanCode=0, metaState=0, flags=0x400, repeatCount=0, eventTime=117775, downTime=117775, deviceId=-1, source=0x101 }
D/InputEventConsistencyVerifier( 1007):   -- recent events --
D/InputEventConsistencyVerifier( 1007):   1: sent at 117470000000, (unhandled) KeyEvent { action=ACTION_DOWN, keyCode=KEYCODE_DPAD_DOWN, scanCode=0, metaState=0, flags=0x8, repeatCount=0, eventTime=117470, downTime=117470, deviceId=-1, source=0x101 }
D/InputEventConsistencyVerifier( 1007):   2: sent at 117224000000, (unhandled) KeyEvent { action=ACTION_UP, keyCode=KEYCODE_DPAD_CENTER, scanCode=0, metaState=0, flags=0x8, repeatCount=0, eventTime=117224, downTime=117224, deviceId=-1, source=0x101 }
D/InputEventConsistencyVerifier( 1007):   3: sent at 117221000000, KeyEvent { action=ACTION_DOWN, keyCode=KEYCODE_DPAD_CENTER, scanCode=0, metaState=0, flags=0x8, repeatCount=0, eventTime=117221, downTime=117221, deviceId=-1, source=0x101 }
E/WVMExtractor(   63): Failed to open libwvm.so
V/Localytics( 1007): Opening new session
E/WVMExtractor(   63): Failed to open libwvm.so
E/WVMExtractor(   63): Failed to open libwvm.so
E/WVMExtractor(   63): Failed to open libwvm.so
E/WVMExtractor(   63): Failed to open libwvm.so
I/InputDispatcher(  228): Window 'Window{b40ec9b8 com.extend.battery/com.extend.battery.TabHandler paused=false}' spent 2841.3ms processing the last input event: MotionEvent(action=0, deviceId=0, source=0x00001002)
I/InputDispatcher(  228): Window 'Window{b40ec9b8 com.extend.battery/com.extend.battery.TabHandler paused=false}' spent 2853.0ms processing the last input event: MotionEvent(action=2, deviceId=0, source=0x00001002)
I/InputDispatcher(  228): Window 'Window{b40ec9b8 com.extend.battery/com.extend.battery.TabHandler paused=false}' spent 2852.9ms processing the last input event: MotionEvent(action=2, deviceId=0, source=0x00001002)
I/InputDispatcher(  228): Window 'Window{b40ec9b8 com.extend.battery/com.extend.battery.TabHandler paused=false}' spent 2854.1ms processing the last input event: MotionEvent(action=2, deviceId=0, source=0x00001002)
I/InputDispatcher(  228): Window 'Window{b40ec9b8 com.extend.battery/com.extend.battery.TabHandler paused=false}' spent 2855.4ms processing the last input event: MotionEvent(action=2, deviceId=0, source=0x00001002)
I/InputDispatcher(  228): Window 'Window{b40ec9b8 com.extend.battery/com.extend.battery.TabHandler paused=false}' spent 2856.4ms processing the last input event: MotionEvent(action=2, deviceId=0, source=0x00001002)
I/InputDispatcher(  228): Window 'Window{b40ec9b8 com.extend.battery/com.extend.battery.TabHandler paused=false}' spent 2855.8ms processing the last input event: MotionEvent(action=2, deviceId=0, source=0x00001002)
I/InputDispatcher(  228): Window 'Window{b40ec9b8 com.extend.battery/com.extend.battery.TabHandler paused=false}' spent 2856.8ms processing the last input event: MotionEvent(action=2, deviceId=0, source=0x00001002)
I/InputDispatcher(  228): Window 'Window{b40ec9b8 com.extend.battery/com.extend.battery.TabHandler paused=false}' spent 2856.6ms processing the last input event: MotionEvent(action=2, deviceId=0, source=0x00001002)
I/InputDispatcher(  228): Window 'Window{b40ec9b8 com.extend.battery/com.extend.battery.TabHandler paused=false}' spent 2854.1ms processing the last input event: MotionEvent(action=1, deviceId=0, source=0x00001002)
I/InputDispatcher(  228): Window 'Window{b41680b0 com.extend.battery/com.extend.battery.BoosterActivity paused=false}' spent 2292.8ms processing the last input event: KeyEvent(action=0, deviceId=-1, source=0x00000101)
E/WVMExtractor(   63): Failed to open libwvm.so
D/gralloc_goldfish(  471): Emulator without GPU emulation detected.
I/dalvikvm-heap(  471): Grow heap (frag case) to 10.120MB for 591376-byte allocation
I/Choreographer(  471): Skipped 46 frames!  The application may be doing too much work on its main thread.
E/WVMExtractor(   63): Failed to open libwvm.so
I/Choreographer( 1007): Skipped 42 frames!  The application may be doing too much work on its main thread.
D/InputEventConsistencyVerifier( 1007): KeyEvent: ACTION_UP but key was not down.
D/InputEventConsistencyVerifier( 1007):   in android.widget.LinearLayout@b4285908
D/InputEventConsistencyVerifier( 1007):   0: sent at 123271000000, KeyEvent { action=ACTION_UP, keyCode=KEYCODE_DPAD_DOWN, scanCode=0, metaState=0, flags=0x8, repeatCount=0, eventTime=123271, downTime=123271, deviceId=-1, source=0x101 }
D/InputEventConsistencyVerifier( 1007):   -- recent events --
D/InputEventConsistencyVerifier( 1007):   1: sent at 117775000000, (unhandled) KeyEvent { action=ACTION_DOWN, keyCode=KEYCODE_DPAD_UP, scanCode=0, metaState=0, flags=0x400, repeatCount=0, eventTime=117775, downTime=117775, deviceId=-1, source=0x101 }
D/InputEventConsistencyVerifier( 1007):   2: sent at 117680000000, (unhandled) MotionEvent { action=ACTION_MOVE, id[0]=0, x[0]=3.0, y[0]=-4.0, toolType[0]=TOOL_TYPE_UNKNOWN, buttonState=0, metaState=0, flags=0x0, edgeFlags=0x0, pointerCount=1, historySize=9, eventTime=117680, downTime=-1, deviceId=0, source=0x10004 }
D/InputEventConsistencyVerifier( 1007):   3: sent at 117608000000, (unhandled) KeyEvent { action=ACTION_UP, keyCode=KEYCODE_MENU, scanCode=0, metaState=0, flags=0x8, repeatCount=0, eventTime=117608, downTime=117608, deviceId=-1, source=0x101 }
D/InputEventConsistencyVerifier( 1007):   4: sent at 117570000000, (unhandled) KeyEvent { action=ACTION_DOWN, keyCode=KEYCODE_MENU, scanCode=0, metaState=0, flags=0x8, repeatCount=0, eventTime=117570, downTime=117570, deviceId=-1, source=0x101 }
D/InputEventConsistencyVerifier( 1007):   5: sent at 117478000000, (unhandled) KeyEvent { action=ACTION_UP, keyCode=KEYCODE_DPAD_DOWN, scanCode=0, metaState=0, flags=0x80000008, repeatCount=0, eventTime=117478, downTime=117478, deviceId=-1, source=0x101 }
I/Choreographer(  471): Skipped 192 frames!  The application may be doing too much work on its main thread.
D/InputEventConsistencyVerifier( 1007): KeyEvent: ACTION_UP but key was not down.
D/InputEventConsistencyVerifier( 1007):   in android.view.ViewRootImpl@b439ed00
D/InputEventConsistencyVerifier( 1007):   0: sent at 123755000000, KeyEvent { action=ACTION_UP, keyCode=KEYCODE_MENU, scanCode=0, metaState=0, flags=0x8, repeatCount=0, eventTime=123755, downTime=123755, deviceId=-1, source=0x101 }
E/WVMExtractor(   63): Failed to open libwvm.so
I/Choreographer(  471): Skipped 43 frames!  The application may be doing too much work on its main thread.
E/WVMExtractor(   63): Failed to open libwvm.so
E/WVMExtractor(   63): Failed to open libwvm.so
I/Choreographer( 1007): Skipped 315 frames!  The application may be doing too much work on its main thread.
E/WVMExtractor(   63): Failed to open libwvm.so
I/Choreographer(  228): Skipped 31 frames!  The application may be doing too much work on its main thread.
W/dalvikvm(  989): DroidBox: { "FdAccess": { "path": "2f6465762f696e7075742f6576656e7430", "id": "1667769830" } }
W/DroidBox(  989): DroidBox: { "FileRW": { "operation": "write", "data": "7f060000efbfbd3901000500000001000000", "id": "1667769830" } }
I/ActivityManager(  228): START {act=android.intent.action.MAIN cat=[android.intent.category.LAUNCHER] flg=0x10200000 cmp=com.extend.battery/.Splash u=0} from pid 989
I/InputAttributes(  471): InputType.TYPE_NULL is specified
I/Choreographer( 1007): Skipped 115 frames!  The application may be doing too much work on its main thread.
E/InputEventReceiver( 1007): Exception dispatching input event.
E/MessageQueue-JNI( 1007): Exception in MessageQueue callback: handleReceiveCallback
E/MessageQueue-JNI( 1007): java.lang.NullPointerException
E/MessageQueue-JNI( 1007): 	at android.widget.Spinner$DialogPopup.dismiss(Spinner.java:828)
E/MessageQueue-JNI( 1007): 	at android.widget.Spinner$DialogPopup.onClick(Spinner.java:862)
E/MessageQueue-JNI( 1007): 	at com.android.internal.app.AlertController$AlertParams$3.onItemClick(AlertController.java:924)
E/MessageQueue-JNI( 1007): 	at android.widget.AdapterView.performItemClick(AdapterView.java:298)
E/MessageQueue-JNI( 1007): 	at android.widget.AbsListView.performItemClick(AbsListView.java:1086)
E/MessageQueue-JNI( 1007): 	at android.widget.AbsListView.onKeyUp(AbsListView.java:2996)
E/MessageQueue-JNI( 1007): 	at android.widget.ListView.commonKey(ListView.java:2196)
E/MessageQueue-JNI( 1007): 	at android.widget.ListView.onKeyUp(ListView.java:2051)
E/MessageQueue-JNI( 1007): 	at android.view.KeyEvent.dispatch(KeyEvent.java:2633)
E/MessageQueue-JNI( 1007): 	at android.view.View.dispatchKeyEvent(View.java:7086)
E/MessageQueue-JNI( 1007): 	at android.view.ViewGroup.dispatchKeyEvent(ViewGroup.java:1354)
E/MessageQueue-JNI( 1007): 	at android.widget.ListView.dispatchKeyEvent(ListView.java:2026)
E/MessageQueue-JNI( 1007): 	at android.view.ViewGroup.dispatchKeyEvent(ViewGroup.java:1358)
E/MessageQueue-JNI( 1007): 	at android.view.ViewGroup.dispatchKeyEvent(ViewGroup.java:1358)
E/MessageQueue-JNI( 1007): 	at android.view.ViewGroup.dispatchKeyEvent(ViewGroup.java:1358)
E/MessageQueue-JNI( 1007): 	at android.view.ViewGroup.dispatchKeyEvent(ViewGroup.java:1358)
E/MessageQueue-JNI( 1007): 	at android.view.ViewGroup.dispatchKeyEvent(ViewGroup.java:1358)
E/MessageQueue-JNI( 1007): 	at com.android.internal.policy.impl.PhoneWindow$DecorView.superDispatchKeyEvent(PhoneWindow.java:1892)
E/MessageQueue-JNI( 1007): 	at com.android.internal.policy.impl.PhoneWindow.superDispatchKeyEvent(PhoneWindow.java:1369)
E/MessageQueue-JNI( 1007): 	at android.app.Dialog.dispatchKeyEvent(Dialog.java:702)
E/MessageQueue-JNI( 1007): 	at com.android.internal.policy.impl.PhoneWindow$DecorView.dispatchKeyEvent(PhoneWindow.java:1819)
E/MessageQueue-JNI( 1007): 	at android.view.ViewRootImpl.deliverKeyEventPostIme(ViewRootImpl.java:3575)
E/MessageQueue-JNI( 1007): 	at android.view.ViewRootImpl.deliverKeyEvent(ViewRootImpl.java:3531)
E/MessageQueue-JNI( 1007): 	at android.view.ViewRootImpl.deliverInputEvent(ViewRootImpl.java:3113)
E/MessageQueue-JNI( 1007): 	at android.view.ViewRootImpl.doProcessInputEvents(ViewRootImpl.java:4153)
E/MessageQueue-JNI( 1007): 	at android.view.ViewRootImpl.enqueueInputEvent(ViewRootImpl.java:4132)
E/MessageQueue-JNI( 1007): 	at android.view.ViewRootImpl$WindowInputEventReceiver.onInputEvent(ViewRootImpl.java:4224)
E/MessageQueue-JNI( 1007): 	at android.view.InputEventReceiver.dispatchInputEvent(InputEventReceiver.java:171)
E/MessageQueue-JNI( 1007): 	at android.os.MessageQueue.nativePollOnce(Native Method)
E/MessageQueue-JNI( 1007): 	at android.os.MessageQueue.next(MessageQueue.java:125)
E/MessageQueue-JNI( 1007): 	at android.os.Looper.loop(Looper.java:124)
E/MessageQueue-JNI( 1007): 	at android.app.ActivityThread.main(ActivityThread.java:4745)
E/MessageQueue-JNI( 1007): 	at java.lang.reflect.Method.invokeNative(Native Method)
E/MessageQueue-JNI( 1007): 	at java.lang.reflect.Method.invoke(Method.java:511)
E/MessageQueue-JNI( 1007): 	at com.android.internal.os.ZygoteInit$MethodAndArgsCaller.run(ZygoteInit.java:786)
E/MessageQueue-JNI( 1007): 	at com.android.internal.os.ZygoteInit.main(ZygoteInit.java:553)
E/MessageQueue-JNI( 1007): 	at dalvik.system.NativeStart.main(Native Method)
D/AndroidRuntime( 1007): Shutting down VM
W/dalvikvm( 1007): threadid=1: thread exiting with uncaught exception (group=0xb35d7e20)
I/Choreographer(  471): Skipped 315 frames!  The application may be doing too much work on its main thread.
D/BugSenseHandler( 1007): Transmitting stack trace: java.lang.NullPointerException
D/BugSenseHandler( 1007): 	at android.widget.Spinner$DialogPopup.dismiss(Spinner.java:828)
D/BugSenseHandler( 1007): 	at android.widget.Spinner$DialogPopup.onClick(Spinner.java:862)
D/BugSenseHandler( 1007): 	at com.android.internal.app.AlertController$AlertParams$3.onItemClick(AlertController.java:924)
D/BugSenseHandler( 1007): 	at android.widget.AdapterView.performItemClick(AdapterView.java:298)
D/BugSenseHandler( 1007): 	at android.widget.AbsListView.performItemClick(AbsListView.java:1086)
D/BugSenseHandler( 1007): 	at android.widget.AbsListView.onKeyUp(AbsListView.java:2996)
D/BugSenseHandler( 1007): 	at android.widget.ListView.commonKey(ListView.java:2196)
D/BugSenseHandler( 1007): 	at android.widget.ListView.onKeyUp(ListView.java:2051)
D/BugSenseHandler( 1007): 	at android.view.KeyEvent.dispatch(KeyEvent.java:2633)
D/BugSenseHandler( 1007): 	at android.view.View.dispatchKeyEvent(View.java:7086)
D/BugSenseHandler( 1007): 	at android.view.ViewGroup.dispatchKeyEvent(ViewGroup.java:1354)
D/BugSenseHandler( 1007): 	at android.widget.ListView.dispatchKeyEvent(ListView.java:2026)
D/BugSenseHandler( 1007): 	at android.view.ViewGroup.dispatchKeyEvent(ViewGroup.java:1358)
D/BugSenseHandler( 1007): 	at android.view.ViewGroup.dispatchKeyEvent(ViewGroup.java:1358)
D/BugSenseHandler( 1007): 	at android.view.ViewGroup.dispatchKeyEvent(ViewGroup.java:1358)
D/BugSenseHandler( 1007): 	at android.view.ViewGroup.dispatchKeyEvent(ViewGroup.java:1358)
D/BugSenseHandler( 1007): 	at android.view.ViewGroup.dispatchKeyEvent(ViewGroup.java:1358)
D/BugSenseHandler( 1007): 	at com.android.internal.policy.impl.PhoneWindow$DecorView.superDispatchKeyEvent(PhoneWindow.java:1892)
D/BugSenseHandler( 1007): 	at com.android.internal.policy.impl.PhoneWindow.superDispatchKeyEvent(PhoneWindow.java:1369)
D/BugSenseHandler( 1007): 	at android.app.Dialog.dispatchKeyEvent(Dialog.java:702)
D/BugSenseHandler( 1007): 	at com.android.internal.policy.impl.PhoneWindow$DecorView.dispatchKeyEvent(PhoneWindow.java:1819)
D/BugSenseHandler( 1007): 	at android.view.ViewRootImpl.deliverKeyEventPostIme(ViewRootImpl.java:3575)
D/BugSenseHandler( 1007): 	at android.view.ViewRootImpl.deliverKeyEvent(ViewRootImpl.java:3531)
D/BugSenseHandler( 1007): 	at android.view.ViewRootImpl.deliverInputEvent(ViewRootImpl.java:3113)
D/BugSenseHandler( 1007): 	at android.view.ViewRootImpl.doProcessInputEvents(ViewRootImpl.java:4153)
D/BugSenseHandler( 1007): 	at android.view.ViewRootImpl.enqueueInputEvent(ViewRootImpl.java:4132)
D/BugSenseHandler( 1007): 	at android.view.ViewRootImpl$WindowInputEventReceiver.onInputEvent(ViewRootImpl.java:4224)
D/BugSenseHandler( 1007): 	at android.view.InputEventReceiver.dispatchInputEvent(InputEventReceiver.java:171)
D/BugSenseHandler( 1007): 	at android.os.MessageQueue.nativePollOnce(Native Method)
D/BugSenseHandler( 1007): 	at android.os.MessageQueue.next(MessageQueue.java:125)
D/BugSenseHandler( 1007): 	at android.os.Looper.loop(Looper.java:124)
D/BugSenseHandler( 1007): 	at android.app.ActivityThread.main(ActivityThread.java:4745)
D/BugSenseHandler( 1007): 	at java.lang.reflect.Method.invokeNative(Native Method)
D/BugSenseHandler( 1007): 	at java.lang.reflect.Method.invoke(Method.java:511)
D/BugSenseHandler( 1007): 	at com.android.internal.os.ZygoteInit$MethodAndArgsCaller.run(ZygoteInit.java:786)
D/BugSenseHandler( 1007): 	at com.android.internal.os.ZygoteInit.main(ZygoteInit.java:553)
D/BugSenseHandler( 1007): 	at dalvik.system.NativeStart.main(Native Method)
E/WVMExtractor(   63): Failed to open libwvm.so
I/BugSenseHandler( 1007): 4.1.1
E/WVMExtractor(   63): Failed to open libwvm.so
D/BugSenseHandler( 1007): Ready to send report
E/WVMExtractor(   63): Failed to open libwvm.so
E/WVMExtractor(   63): Failed to open libwvm.so
E/WVMExtractor(   63): Failed to open libwvm.so
E/WVMExtractor(   63): Failed to open libwvm.so
E/WVMExtractor(   63): Failed to open libwvm.so
D/BugSenseHandler( 1007): java.lang.NullPointerException
D/BugSenseHandler( 1007): 	at android.widget.Spinner$DialogPopup.dismiss(Spinner.java:828)
D/BugSenseHandler( 1007): 	at android.widget.Spinner$DialogPopup.onClick(Spinner.java:862)
D/BugSenseHandler( 1007): 	at com.android.internal.app.AlertController$AlertParams$3.onItemClick(AlertController.java:924)
D/BugSenseHandler( 1007): 	at android.widget.AdapterView.performItemClick(AdapterView.java:298)
D/BugSenseHandler( 1007): 	at android.widget.AbsListView.performItemClick(AbsListView.java:1086)
D/BugSenseHandler( 1007): 	at android.widget.AbsListView.onKeyUp(AbsListView.java:2996)
D/BugSenseHandler( 1007): 	at android.widget.ListView.commonKey(ListView.java:2196)
D/BugSenseHandler( 1007): 	at android.widget.ListView.onKeyUp(ListView.java:2051)
D/BugSenseHandler( 1007): 	at android.view.KeyEvent.dispatch(KeyEvent.java:2633)
D/BugSenseHandler( 1007): 	at android.view.View.dispatchKeyEvent(View.java:7086)
D/BugSenseHandler( 1007): 	at android.view.ViewGroup.dispatchKeyEvent(ViewGroup.java:1354)
D/BugSenseHandler( 1007): 	at android.widget.ListView.dispatchKeyEvent(ListView.java:2026)
D/BugSenseHandler( 1007): 	at android.view.ViewGroup.dispatchKeyEvent(ViewGroup.java:1358)
D/BugSenseHandler( 1007): 	at android.view.ViewGroup.dispatchKeyEvent(ViewGroup.java:1358)
D/BugSenseHandler( 1007): 	at android.view.ViewGroup.dispatchKeyEvent(ViewGroup.java:1358)
D/BugSenseHandler( 1007): 	at android.view.ViewGroup.dispatchKeyEvent(ViewGroup.java:1358)
D/BugSenseHandler( 1007): 	at android.view.ViewGroup.dispatchKeyEvent(ViewGroup.java:1358)
D/BugSenseHandler( 1007): 	at com.android.internal.policy.impl.PhoneWindow$DecorView.superDispatchKeyEvent(PhoneWindow.java:1892)
D/BugSenseHandler( 1007): 	at com.android.internal.policy.impl.PhoneWindow.superDispatchKeyEvent(PhoneWindow.java:1369)
D/BugSenseHandler( 1007): 	at android.app.Dialog.dispatchKeyEvent(Dialog.java:702)
D/BugSenseHandler( 1007): 	at com.android.internal.policy.impl.PhoneWindow$DecorView.dispatchKeyEvent(PhoneWindow.java:1819)
D/BugSenseHandler( 1007): 	at android.view.ViewRootImpl.deliverKeyEventPostIme(ViewRootImpl.java:3575)
D/BugSenseHandler( 1007): 	at android.view.ViewRootImpl.deliverKeyEvent(ViewRootImpl.java:3531)
D/BugSenseHandler( 1007): 	at android.view.ViewRootImpl.deliverInputEvent(ViewRootImpl.java:3113)
D/BugSenseHandler( 1007): 	at android.view.ViewRootImpl.doProcessInputEvents(ViewRootImpl.java:4153)
D/BugSenseHandler( 1007): 	at android.view.ViewRootImpl.enqueueInputEvent(ViewRootImpl.java:4132)
D/BugSenseHandler( 1007): 	at android.view.ViewRootImpl$WindowInputEventReceiver.onInputEvent(ViewRootImpl.java:4224)
D/BugSenseHandler( 1007): 	at android.view.InputEventReceiver.dispatchInputEvent(InputEventReceiver.java:171)
D/BugSenseHandler( 1007): 	at android.os.MessageQueue.nativePollOnce(Native Method)
D/BugSenseHandler( 1007): 	at android.os.MessageQueue.next(MessageQueue.java:125)
D/BugSenseHandler( 1007): 	at android.os.Looper.loop(Looper.java:124)
D/BugSenseHandler( 1007): 	at android.app.ActivityThread.main(ActivityThread.java:4745)
D/BugSenseHandler( 1007): 	at java.lang.reflect.Method.invokeNative(Native Method)
D/BugSenseHandler( 1007): 	at java.lang.reflect.Method.invoke(Method.java:511)
D/BugSenseHandler( 1007): 	at com.android.internal.os.ZygoteInit$MethodAndArgsCaller.run(ZygoteInit.java:786)
D/BugSenseHandler( 1007): 	at com.android.internal.os.ZygoteInit.main(ZygoteInit.java:553)
D/BugSenseHandler( 1007): 	at dalvik.system.NativeStart.main(Native Method)
E/AndroidRuntime( 1007): FATAL EXCEPTION: main
E/AndroidRuntime( 1007): java.lang.NullPointerException
E/AndroidRuntime( 1007): 	at android.widget.Spinner$DialogPopup.dismiss(Spinner.java:828)
E/AndroidRuntime( 1007): 	at android.widget.Spinner$DialogPopup.onClick(Spinner.java:862)
E/AndroidRuntime( 1007): 	at com.android.internal.app.AlertController$AlertParams$3.onItemClick(AlertController.java:924)
E/AndroidRuntime( 1007): 	at android.widget.AdapterView.performItemClick(AdapterView.java:298)
E/AndroidRuntime( 1007): 	at android.widget.AbsListView.performItemClick(AbsListView.java:1086)
E/AndroidRuntime( 1007): 	at android.widget.AbsListView.onKeyUp(AbsListView.java:2996)
E/AndroidRuntime( 1007): 	at android.widget.ListView.commonKey(ListView.java:2196)
E/AndroidRuntime( 1007): 	at android.widget.ListView.onKeyUp(ListView.java:2051)
E/AndroidRuntime( 1007): 	at android.view.KeyEvent.dispatch(KeyEvent.java:2633)
E/AndroidRuntime( 1007): 	at android.view.View.dispatchKeyEvent(View.java:7086)
E/AndroidRuntime( 1007): 	at android.view.ViewGroup.dispatchKeyEvent(ViewGroup.java:1354)
E/AndroidRuntime( 1007): 	at android.widget.ListView.dispatchKeyEvent(ListView.java:2026)
E/AndroidRuntime( 1007): 	at android.view.ViewGroup.dispatchKeyEvent(ViewGroup.java:1358)
E/AndroidRuntime( 1007): 	at android.view.ViewGroup.dispatchKeyEvent(ViewGroup.java:1358)
E/AndroidRuntime( 1007): 	at android.view.ViewGroup.dispatchKeyEvent(ViewGroup.java:1358)
E/AndroidRuntime( 1007): 	at android.view.ViewGroup.dispatchKeyEvent(ViewGroup.java:1358)
E/AndroidRuntime( 1007): 	at android.view.ViewGroup.dispatchKeyEvent(ViewGroup.java:1358)
E/AndroidRuntime( 1007): 	at com.android.internal.policy.impl.PhoneWindow$DecorView.superDispatchKeyEvent(PhoneWindow.java:1892)
E/AndroidRuntime( 1007): 	at com.android.internal.policy.impl.PhoneWindow.superDispatchKeyEvent(PhoneWindow.java:1369)
E/AndroidRuntime( 1007): 	at android.app.Dialog.dispatchKeyEvent(Dialog.java:702)
E/AndroidRuntime( 1007): 	at com.android.internal.policy.impl.PhoneWindow$DecorView.dispatchKeyEvent(PhoneWindow.java:1819)
E/AndroidRuntime( 1007): 	at android.view.ViewRootImpl.deliverKeyEventPostIme(ViewRootImpl.java:3575)
E/AndroidRuntime( 1007): 	at android.view.ViewRootImpl.deliverKeyEvent(ViewRootImpl.java:3531)
E/AndroidRuntime( 1007): 	at android.view.ViewRootImpl.deliverInputEvent(ViewRootImpl.java:3113)
E/AndroidRuntime( 1007): 	at android.view.ViewRootImpl.doProcessInputEvents(ViewRootImpl.java:4153)
E/AndroidRuntime( 1007): 	at android.view.ViewRootImpl.enqueueInputEvent(ViewRootImpl.java:4132)
E/AndroidRuntime( 1007): 	at android.view.ViewRootImpl$WindowInputEventReceiver.onInputEvent(ViewRootImpl.java:4224)
E/AndroidRuntime( 1007): 	at android.view.InputEventReceiver.dispatchInputEvent(InputEventReceiver.java:171)
E/AndroidRuntime( 1007): 	at android.os.MessageQueue.nativePollOnce(Native Method)
E/AndroidRuntime( 1007): 	at android.os.MessageQueue.next(MessageQueue.java:125)
E/AndroidRuntime( 1007): 	at android.os.Looper.loop(Looper.java:124)
E/AndroidRuntime( 1007): 	at android.app.ActivityThread.main(ActivityThread.java:4745)
E/AndroidRuntime( 1007): 	at java.lang.reflect.Method.invokeNative(Native Method)
E/AndroidRuntime( 1007): 	at java.lang.reflect.Method.invoke(Method.java:511)
E/AndroidRuntime( 1007): 	at com.android.internal.os.ZygoteInit$MethodAndArgsCaller.run(ZygoteInit.java:786)
E/AndroidRuntime( 1007): 	at com.android.internal.os.ZygoteInit.main(ZygoteInit.java:553)
E/AndroidRuntime( 1007): 	at dalvik.system.NativeStart.main(Native Method)
W/ActivityManager(  228):   Force finishing activity com.extend.battery/.TabHandler
I/Process ( 1007): Sending signal. PID: 1007 SIG: 9
W/WindowManager(  228): Failure taking screenshot for (246x410) to layer 21030
I/WindowState(  228): WIN DEATH: Window{b4108190 com.extend.battery/com.extend.battery.Splash paused=false}
I/ActivityManager(  228): Process com.extend.battery (pid 1007) has died.
W/ActivityManager(  228): Scheduling restart of crashed service com.extend.battery/.BatteryService in 5000ms
I/WindowState(  228): WIN DEATH: Window{b41680b0 com.extend.battery/com.extend.battery.BoosterActivity paused=true}
I/WindowState(  228): WIN DEATH: Window{b40ec9b8 com.extend.battery/com.extend.battery.TabHandler paused=true}
I/WindowState(  228): WIN DEATH: Window{b4115b28 com.extend.battery/com.extend.battery.BoosterActivity paused=true}
I/Choreographer(  228): Skipped 38 frames!  The application may be doing too much work on its main thread.
I/ActivityManager(  228): Start proc com.extend.battery for activity com.extend.battery/.Splash: pid=1074 uid=10050 gids={3002, 3001, 1015, 3003, 1028}
E/WVMExtractor(   63): Failed to open libwvm.so
E/Trace   ( 1074): error opening trace file: No such file or directory (2)
W/DroidBox( 1074): DroidBox: { "DexClassLoader": { "path": "/data/app/com.extend.battery-1.apk" } }
E/WVMExtractor(   63): Failed to open libwvm.so
I/dalvikvm-heap( 1074): Grow heap (frag case) to 9.956MB for 1536016-byte allocation
E/WVMExtractor(   63): Failed to open libwvm.so
I/BugSenseHandler( 1074): Registering default exceptions handler
D/BugSenseHandler( 1074): Looking for exceptions in: /data/data/com.extend.battery/files
D/BugSenseHandler( 1074): Found 0 stacktrace(s)
V/PhoneStatusBar(  418): setLightsOn(true)
D/InputEventConsistencyVerifier( 1074): KeyEvent: ACTION_UP but key was not down.
D/InputEventConsistencyVerifier( 1074):   in android.view.ViewRootImpl@b3e3c130
D/InputEventConsistencyVerifier( 1074):   0: sent at 127703000000, KeyEvent { action=ACTION_UP, keyCode=KEYCODE_DPAD_UP, scanCode=0, metaState=0, flags=0x8, repeatCount=0, eventTime=127703, downTime=127703, deviceId=-1, source=0x101 }
W/InputMethodManagerService(  228): Got RemoteException sending setActive(false) notification to pid 1007 uid 10050
I/Choreographer( 1074): Skipped 31 frames!  The application may be doing too much work on its main thread.
I/AndroidRuntime(  989): VM exiting with result code 316.
D/gralloc_goldfish( 1074): Emulator without GPU emulation detected.
I/ActivityManager(  228): Displayed com.extend.battery/.Splash: +2s963ms
E/WVMExtractor(   63): Failed to open libwvm.so
E/WVMExtractor(   63): Failed to open libwvm.so
W/dalvikvm( 1074): DroidBox: { "FdAccess": { "path": "2f646174612f646174612f636f6d2e657874656e642e626174746572792f7368617265645f70726566732f6c6f63616c79746963732e786d6c", "id": "1305112724" } }
W/DroidBox( 1074): DroidBox: { "DataLeak": { "sink": "File", "operation": "read", "tag": "0x400", "data": "3c3f786d6c2076657273696f6e3d27312e302720656e636f64696e673d277574662d3827207374616e64616c6f6e653d2779657327203f3e0a3c6d61703e0a3c737472696e67206e616d653d226465766963655f6964223e424631314630444333424136", "id": "1305112724" } }
D/Splash  ( 1074): !!!device_id=BF11F0DC3BA6CD2E2BD57109900C8928
W/dalvikvm( 1074): DroidBox: { "FdAccess": { "path": "2f646174612f646174612f636f6d2e657874656e642e626174746572792f7368617265645f70726566732f696e7374616c6c2e786d6c", "id": "811638743" } }
E/WVMExtractor(   63): Failed to open libwvm.so
W/DroidBox( 1074): DroidBox: { "FileRW": { "operation": "read", "data": "3c3f786d6c2076657273696f6e3d27312e302720656e636f64696e673d277574662d3827207374616e64616c6f6e653d2779657327203f3e0a3c6d61703e0a3c626f6f6c65616e206e616d653d226669727374222076616c75653d2266616c736522202f", "id": "811638743" } }
W/dalvikvm( 1074): DroidBox: { "FdAccess": { "path": "2f646174612f646174612f636f6d2e657874656e642e626174746572792f7368617265645f70726566732f696e7374616c6c2e786d6c", "id": "224251667" } }
W/DroidBox( 1074): DroidBox: { "FileRW": { "operation": "write", "data": "3c3f786d6c2076657273696f6e3d27312e302720656e636f64696e673d277574662d3827207374616e64616c6f6e653d2779657327203f3e0a3c6d6170202f3e0a", "id": "224251667" } }
W/dalvikvm( 1074): DroidBox: { "FdAccess": { "path": "2f646174612f646174612f636f6d2e657874656e642e626174746572792f7368617265645f70726566732f696e7374616c6c2e786d6c", "id": "929140183" } }
W/DroidBox( 1074): DroidBox: { "FileRW": { "operation": "write", "data": "3c3f786d6c2076657273696f6e3d27312e302720656e636f64696e673d277574662d3827207374616e64616c6f6e653d2779657327203f3e0a3c6d61703e0a3c6c6f6e67206e616d653d226669727374222076616c75653d223137323737313537383234", "id": "929140183" } }
W/WindowManager(  228): Failure taking screenshot for (246x410) to layer 21010
I/ActivityManager(  228): START {cmp=com.extend.battery/.TabHandler u=0} from pid 1074
E/WVMExtractor(   63): Failed to open libwvm.so
W/DroidBox( 1074): DroidBox: { "ServiceStart": { "name": "com.extend.battery.BatteryService" } }
W/BackupManagerService(  228): dataChanged but no participant pkg='com.android.providers.settings' uid=1001
E/WVMExtractor(   63): Failed to open libwvm.so
E/WVMExtractor(   63): Failed to open libwvm.so
W/dalvikvm(  228): DroidBox: { "FdAccess": { "path": "2f70726f632f313037342f636d646c696e65", "id": "178660575" } }
W/DroidBox(  228): DroidBox: { "FileRW": { "operation": "read", "data": "636f6d2e657874656e642e626174746572790000000000000000000000000000000000000000000000000000000000000000000000000000000000000000000000000000000000000000000066626466336431336465373530636130386564302e61706b", "id": "178660575" } }
I/dalvikvm-heap( 1074): Grow heap (frag case) to 10.523MB for 391016-byte allocation
E/WVMExtractor(   63): Failed to open libwvm.so
E/WVMExtractor(   63): Failed to open libwvm.so
E/WVMExtractor(   63): Failed to open libwvm.so
E/WVMExtractor(   63): Failed to open libwvm.so
E/MP3Extractor(   63): Unable to resync. Signalling end of stream.
V/PhoneStatusBar(  418): setLightsOn(true)
E/WVMExtractor(   63): Failed to open libwvm.so
E/WVMExtractor(   63): Failed to open libwvm.so
E/WVMExtractor(   63): Failed to open libwvm.so
D/BoosterActivity( 1074): sd_card_total 93620*4096=383467520
E/WVMExtractor(   63): Failed to open libwvm.so
D/BoosterActivity( 1074): phone_storage_total 516052*4096=2113748992
I/Choreographer( 1074): Skipped 365 frames!  The application may be doing too much work on its main thread.
D/BoosterActivity( 1074): phone_storage_used 45641728
D/BoosterActivity( 1074): phone_storage_free 2068107264
D/BoosterActivity( 1074): sd_card_used 1581056
D/BoosterActivity( 1074): sd_card_free 381886464
E/WVMExtractor(   63): Failed to open libwvm.so
I/Choreographer( 1074): Skipped 151 frames!  The application may be doing too much work on its main thread.
E/WVMExtractor(   63): Failed to open libwvm.so
I/ActivityManager(  228): Displayed com.extend.battery/.TabHandler: +4s403ms
I/Choreographer( 1074): Skipped 41 frames!  The application may be doing too much work on its main thread.
I/Choreographer( 1074): Skipped 35 frames!  The application may be doing too much work on its main thread.
I/Choreographer( 1074): Skipped 30 frames!  The application may be doing too much work on its main thread.
E/WVMExtractor(   63): Failed to open libwvm.so
E/WVMExtractor(   63): Failed to open libwvm.so
E/WVMExtractor(   63): Failed to open libwvm.so
E/WVMExtractor(   63): Failed to open libwvm.so
E/WVMExtractor(   63): Failed to open libwvm.so
E/WVMExtractor(   63): Failed to open libwvm.so
W/BackupManagerService(  228): dataChanged but no participant pkg='com.android.providers.settings' uid=10011
E/WVMExtractor(   63): Failed to open libwvm.so
E/WVMExtractor(   63): Failed to open libwvm.so
E/MetadataRetrieverClient(   63): failed to extract an album art
E/WVMExtractor(   63): Failed to open libwvm.so
E/WVMExtractor(   63): Failed to open libwvm.so
E/WVMExtractor(   63): Failed to open libwvm.so
E/WVMExtractor(   63): Failed to open libwvm.so
E/WVMExtractor(   63): Failed to open libwvm.so
E/WVMExtractor(   63): Failed to open libwvm.so
E/WVMExtractor(   63): Failed to open libwvm.so
E/WVMExtractor(   63): Failed to open libwvm.so
E/WVMExtractor(   63): Failed to open libwvm.so
E/WVMExtractor(   63): Failed to open libwvm.so
E/WVMExtractor(   63): Failed to open libwvm.so
W/dalvikvm(  228): DroidBox: { "FdAccess": { "path": "2f70726f632f313130362f636d646c696e65", "id": "721174985" } }
W/DroidBox(  228): DroidBox: { "FileRW": { "operation": "read", "data": "636f6d2e657874656e642e626174746572790000000000000000000000000000000000000000000000000000000000000000000000000000000000000000000000000000000000000000000066626466336431336465373530636130386564302e61706b", "id": "721174985" } }
E/WVMExtractor(   63): Failed to open libwvm.so
E/WVMExtractor(   63): Failed to open libwvm.so
E/WVMExtractor(   63): Failed to open libwvm.so
E/WVMExtractor(   63): Failed to open libwvm.so
E/WVMExtractor(   63): Failed to open libwvm.so
E/WVMExtractor(   63): Failed to open libwvm.so
E/WVMExtractor(   63): Failed to open libwvm.so
E/WVMExtractor(   63): Failed to open libwvm.so
E/WVMExtractor(   63): Failed to open libwvm.so
E/WVMExtractor(   63): Failed to open libwvm.so
E/WVMExtractor(   63): Failed to open libwvm.so
E/WVMExtractor(   63): Failed to open libwvm.so
E/WVMExtractor(   63): Failed to open libwvm.so
E/WVMExtractor(   63): Failed to open libwvm.so
W/dalvikvm( 1074): DroidBox: { "FdAccess": { "path": "706970653a5b343030375d", "id": "93444477" } }
E/WVMExtractor(   63): Failed to open libwvm.so
W/DroidBox( 1074): DroidBox: { "FileRW": { "operation": "read", "data": "5553455220202020205049442020205050494420205653495a4520205253532020202020574348414e2020202050432020202020202020204e414d450a726f6f742020202020203120202020203020202020203334342020202032303820202066666666", "id": "93444477" } }
W/dalvikvm( 1074): DroidBox: { "FdAccess": { "path": "706970653a5b343030375d", "id": "124448809" } }
W/DroidBox( 1074): DroidBox: { "FileRW": { "operation": "read", "data": "2020373930202020363120202020313638313438203330313936206666666666666666203030303030303030205320636f6d2e616e64726f69642e646566636f6e7461696e65720a75305f61313120202020383036202020363120202020313734323736", "id": "124448809" } }
E/WVMExtractor(   63): Failed to open libwvm.so
W/dalvikvm( 1074): DroidBox: { "FdAccess": { "path": "706970653a5b343030375d", "id": "1253323132" } }
W/DroidBox( 1074): DroidBox: { "FileRW": { "operation": "read", "data": "00000000000000000000000000000000000000000000000000000000000000000000000000000000000000000000000000000000000000000000000000000000000000000000000000000000000000000000000000000000000000000000000000000000", "id": "1253323132" } }
E/WVMExtractor(   63): Failed to open libwvm.so
E/WVMExtractor(   63): Failed to open libwvm.so
E/WVMExtractor(   63): Failed to open libwvm.so
E/WVMExtractor(   63): Failed to open libwvm.so
E/WVMExtractor(   63): Failed to open libwvm.so
