D/InputEventConsistencyVerifier(  427):   3: sent at 194623000000, MotionEvent { action=ACTION_UP, id[0]=0, x[0]=269.0, y[0]=6.0, toolType[0]=TOOL_TYPE_UNKNOWN, buttonState=0, metaState=0, flags=0x0, edgeFlags=0x0, pointerCount=1, historySize=0, eventTime=194623, downTime=194616, deviceId=0, source=0x1002 }
D/InputEventConsistencyVerifier(  427):   4: sent at 194617000000, MotionEvent { action=ACTION_DOWN, id[0]=0, x[0]=274.0, y[0]=2.0, toolType[0]=TOOL_TYPE_UNKNOWN, buttonState=0, metaState=0, flags=0x80000000, edgeFlags=0x0, pointerCount=1, historySize=0, eventTime=194617, downTime=194616, deviceId=0, source=0x1002 }
D/InputEventConsistencyVerifier(  427):   5: sent at 176804000000, MotionEvent { action=ACTION_DOWN, id[0]=0, x[0]=442.0, y[0]=618.0, toolType[0]=TOOL_TYPE_UNKNOWN, buttonState=0, metaState=0, flags=0x80000000, edgeFlags=0x0, pointerCount=1, historySize=0, eventTime=176804, downTime=176804, deviceId=0, source=0x1002 }
I/Choreographer(  427): Skipped 60 frames!  The application may be doing too much work on its main thread.
V/PhoneStatusBar(  427): setLightsOn(true)
D/PhoneStatusBar(  427): disable: < expand icons alerts ticker* system_info back home recent clock >
I/ActivityManager(  230): START {act=android.intent.action.CALL_BUTTON flg=0x10000000 cmp=com.android.contacts/.activities.DialtactsActivity u=0} from pid 1017
W/InputMethodManagerService(  230): Window already focused, ignoring focus gain of: com.android.internal.view.IInputMethodClient$Stub$Proxy@b40a15d8 attribute=android.view.inputmethod.EditorInfo@b40a15f0
W/DroidBox( 1080): DroidBox: { "ServiceStart": { "name": "com.android.music.MediaPlaybackService" } }
W/DroidBox( 1080): DroidBox: { "ServiceStart": { "name": "com.android.music.MediaPlaybackService" } }
E/WVMExtractor(   62): Failed to open libwvm.so
I/AudioService(  230):  AudioFocus  requestAudioFocus() from android.media.AudioManager@b3e6cd08com.android.music.MediaPlaybackService$3@b3e6b3d0
E/WVMExtractor(   62): Failed to open libwvm.so
I/Choreographer( 1017): Skipped 42 frames!  The application may be doing too much work on its main thread.
I/AudioService(  230):   Remote Control   registerMediaButtonIntent() for PendingIntent{b4116980: PendingIntentRecord{b408c258 com.android.music broadcastIntent}}
D/InputEventConsistencyVerifier( 1017): KeyEvent: ACTION_UP but key was not down.
D/InputEventConsistencyVerifier( 1017):   in com.android.internal.policy.impl.PhoneWindow$DecorView@b3e587d0
D/InputEventConsistencyVerifier( 1017):   0: sent at 196583000000, KeyEvent { action=ACTION_UP, keyCode=KEYCODE_DPAD_RIGHT, scanCode=0, metaState=0, flags=0x400, repeatCount=0, eventTime=196583, downTime=196583, deviceId=-1, source=0x101 }
D/InputEventConsistencyVerifier( 1017):   -- recent events --
D/InputEventConsistencyVerifier( 1017):   1: sent at 196446000000, (unhandled) MotionEvent { action=ACTION_MOVE, id[0]=0, x[0]=4.0, y[0]=-3.0, toolType[0]=TOOL_TYPE_UNKNOWN, buttonState=0, metaState=0, flags=0x0, edgeFlags=0x0, pointerCount=1, historySize=9, eventTime=196446, downTime=-1, deviceId=0, source=0x10004 }
D/InputEventConsistencyVerifier( 1017):   2: sent at 196565000000, (unhandled) MotionEvent { action=ACTION_UP, id[0]=0, x[0]=270.6667, y[0]=224.0, toolType[0]=TOOL_TYPE_UNKNOWN, buttonState=0, metaState=0, flags=0x0, edgeFlags=0x0, pointerCount=1, historySize=0, eventTime=196565, downTime=196493, deviceId=0, source=0x1002 }
D/InputEventConsistencyVerifier( 1017):   3: sent at 196558000000, (unhandled) MotionEvent { action=ACTION_DOWN, id[0]=0, x[0]=269.33334, y[0]=224.66667, toolType[0]=TOOL_TYPE_UNKNOWN, buttonState=0, metaState=0, flags=0x0, edgeFlags=0x0, pointerCount=1, historySize=0, eventTime=196558, downTime=196493, deviceId=0, source=0x1002 }
D/InputEventConsistencyVerifier( 1017):   4: sent at 196309000000, (unhandled) KeyEvent { action=ACTION_UP, keyCode=KEYCODE_CHANNEL_DOWN, scanCode=0, metaState=0, flags=0x8, repeatCount=0, eventTime=196309, downTime=196309, deviceId=-1, source=0x101 }
D/InputEventConsistencyVerifier( 1017):   5: sent at 196171000000, (unhandled) KeyEvent { action=ACTION_DOWN, keyCode=KEYCODE_CHANNEL_DOWN, scanCode=0, metaState=0, flags=0x8, repeatCount=0, eventTime=196171, downTime=196171, deviceId=-1, source=0x101 }
E/WVMExtractor(   62): Failed to open libwvm.so
D/InputEventConsistencyVerifier( 1017): KeyEvent: ACTION_UP but key was not down.
D/InputEventConsistencyVerifier( 1017):   in com.ps.llk.GameView@b3e7aeb0
D/InputEventConsistencyVerifier( 1017):   0: sent at 196585000000, KeyEvent { action=ACTION_UP, keyCode=KEYCODE_DPAD_RIGHT, scanCode=0, metaState=0, flags=0x400, repeatCount=0, eventTime=196585, downTime=196585, deviceId=-1, source=0x101 }
D/InputEventConsistencyVerifier( 1017):   -- recent events --
D/InputEventConsistencyVerifier( 1017):   1: sent at 196558000000, (unhandled) MotionEvent { action=ACTION_DOWN, id[0]=0, x[0]=269.33334, y[0]=174.66667, toolType[0]=TOOL_TYPE_UNKNOWN, buttonState=0, metaState=0, flags=0x0, edgeFlags=0x0, pointerCount=1, historySize=0, eventTime=196558, downTime=196493, deviceId=0, source=0x1002 }
D/InputEventConsistencyVerifier( 1017):   2: sent at 196020000000, (unhandled) MotionEvent { action=ACTION_DOWN, id[0]=0, x[0]=240.0, y[0]=151.33334, toolType[0]=TOOL_TYPE_UNKNOWN, buttonState=0, metaState=0, flags=0x0, edgeFlags=0x0, pointerCount=1, historySize=0, eventTime=196020, downTime=196020, deviceId=0, source=0x1002 }
D/InputEventConsistencyVerifier( 1017):   3: sent at 194639000000, (unhandled) MotionEvent { action=ACTION_DOWN, id[0]=0, x[0]=36.0, y[0]=105.33334, toolType[0]=TOOL_TYPE_UNKNOWN, buttonState=0, metaState=0, flags=0x0, edgeFlags=0x0, pointerCount=1, historySize=0, eventTime=194639, downTime=194638, deviceId=0, source=0x1002 }
D/InputEventConsistencyVerifier( 1017):   4: sent at 194526000000, (unhandled) KeyEvent { action=ACTION_UP, keyCode=KEYCODE_MENU, scanCode=0, metaState=0, flags=0x8, repeatCount=0, eventTime=194526, downTime=194526, deviceId=-1, source=0x101 }
D/InputEventConsistencyVerifier( 1017):   5: sent at 194492000000, (unhandled) KeyEvent { action=ACTION_DOWN, keyCode=KEYCODE_MENU, scanCode=0, metaState=0, flags=0x8, repeatCount=0, eventTime=194492, downTime=194492, deviceId=-1, source=0x101 }
E/WVMExtractor(   62): Failed to open libwvm.so
I/Choreographer( 1017): Skipped 56 frames!  The application may be doing too much work on its main thread.
E/WVMExtractor(   62): Failed to open libwvm.so
D/InputEventConsistencyVerifier( 1017): KeyEvent: ACTION_UP but key was not down.
D/InputEventConsistencyVerifier( 1017):   in com.android.internal.policy.impl.PhoneWindow$DecorView@b3e587d0
D/InputEventConsistencyVerifier( 1017):   0: sent at 197646000000, KeyEvent { action=ACTION_UP, keyCode=KEYCODE_DPAD_UP, scanCode=0, metaState=0, flags=0x400, repeatCount=0, eventTime=197646, downTime=197646, deviceId=-1, source=0x101 }
D/InputEventConsistencyVerifier( 1017):   -- recent events --
D/InputEventConsistencyVerifier( 1017):   1: sent at 196770000000, (unhandled) MotionEvent { action=ACTION_MOVE, id[0]=0, x[0]=-2.0, y[0]=-3.0, toolType[0]=TOOL_TYPE_UNKNOWN, buttonState=0, metaState=0, flags=0x0, edgeFlags=0x0, pointerCount=1, historySize=9, eventTime=196770, downTime=-1, deviceId=0, source=0x10004 }
D/InputEventConsistencyVerifier( 1017):   2: sent at 196831000000, (unhandled) MotionEvent { action=ACTION_UP, id[0]=0, x[0]=130.66667, y[0]=188.0, toolType[0]=TOOL_TYPE_UNKNOWN, buttonState=0, metaState=0, flags=0x0, edgeFlags=0x0, pointerCount=1, historySize=0, eventTime=196831, downTime=196787, deviceId=0, source=0x1002 }
D/InputEventConsistencyVerifier( 1017):   3: sent at 196795000000, (unhandled) MotionEvent { action=ACTION_MOVE, id[0]=0, x[0]=119.333336, y[0]=188.66667, toolType[0]=TOOL_TYPE_UNKNOWN, buttonState=0, metaState=0, flags=0x0, edgeFlags=0x0, pointerCount=1, historySize=0, eventTime=196795, downTime=196787, deviceId=0, source=0x1002 }
D/InputEventConsistencyVerifier( 1017):   4: sent at 196788000000, (unhandled) MotionEvent { action=ACTION_DOWN, id[0]=0, x[0]=116.0, y[0]=189.33334, toolType[0]=TOOL_TYPE_UNKNOWN, buttonState=0, metaState=0, flags=0x0, edgeFlags=0x0, pointerCount=1, historySize=0, eventTime=196788, downTime=196787, deviceId=0, source=0x1002 }
D/InputEventConsistencyVerifier( 1017):   5: sent at 196593000000, (unhandled) MotionEvent { action=ACTION_UP, id[0]=0, x[0]=247.33334, y[0]=268.6667, toolType[0]=TOOL_TYPE_UNKNOWN, buttonState=0, metaState=0, flags=0x0, edgeFlags=0x0, pointerCount=1, historySize=0, eventTime=196593, downTime=196588, deviceId=0, source=0x1002 }
E/WVMExtractor(   62): Failed to open libwvm.so
E/WVMExtractor(   62): Failed to open libwvm.so
E/WVMExtractor(   62): Failed to open libwvm.so
I/Choreographer( 1017): Skipped 35 frames!  The application may be doing too much work on its main thread.
E/WVMExtractor(   62): Failed to open libwvm.so
D/InputEventConsistencyVerifier( 1017): TouchEvent: ACTION_DOWN but pointers are already down.  Probably missing ACTION_UP from previous gesture.
D/InputEventConsistencyVerifier( 1017):   in com.android.internal.policy.impl.PhoneWindow$DecorView@b3e8ca20
D/InputEventConsistencyVerifier( 1017):   0: sent at 199417000000, MotionEvent { action=ACTION_DOWN, id[0]=0, x[0]=78.66667, y[0]=-279.33337, toolType[0]=TOOL_TYPE_UNKNOWN, buttonState=0, metaState=0, flags=0x0, edgeFlags=0x0, pointerCount=1, historySize=0, eventTime=199417, downTime=199367, deviceId=0, source=0x1002 }
D/InputEventConsistencyVerifier( 1017):   -- recent events --
D/InputEventConsistencyVerifier( 1017):   1: sent at 199354000000, (unhandled) KeyEvent { action=ACTION_UP, keyCode=KEYCODE_MENU, scanCode=0, metaState=0, flags=0x8, repeatCount=0, eventTime=199354, downTime=199354, deviceId=-1, source=0x101 }
D/InputEventConsistencyVerifier( 1017):   2: sent at 199201000000, (unhandled) KeyEvent { action=ACTION_DOWN, keyCode=KEYCODE_MENU, scanCode=0, metaState=0, flags=0x8, repeatCount=0, eventTime=199201, downTime=199201, deviceId=-1, source=0x101 }
D/InputEventConsistencyVerifier( 1017):   3: sent at 199185000000, (unhandled) KeyEvent { action=ACTION_UP, keyCode=KEYCODE_DPAD_UP, scanCode=0, metaState=0, flags=0x8, repeatCount=0, eventTime=199185, downTime=199185, deviceId=-1, source=0x101 }
D/InputEventConsistencyVerifier( 1017):   4: sent at 198966000000, (unhandled) KeyEvent { action=ACTION_DOWN, keyCode=KEYCODE_DPAD_UP, scanCode=0, metaState=0, flags=0x8, repeatCount=0, eventTime=198966, downTime=198966, deviceId=-1, source=0x101 }
D/InputEventConsistencyVerifier( 1017):   5: sent at 199157000000, (unhandled) KeyEvent { action=ACTION_UP, keyCode=KEYCODE_DPAD_LEFT, scanCode=0, metaState=0, flags=0x400, repeatCount=0, eventTime=199157, downTime=199157, deviceId=-1, source=0x101 }
I/Choreographer( 1017): Skipped 71 frames!  The application may be doing too much work on its main thread.
W/InputMethodManagerService(  230): Window already focused, ignoring focus gain of: com.android.internal.view.IInputMethodClient$Stub$Proxy@b3ef88c0 attribute=android.view.inputmethod.EditorInfo@b3ef88d8
E/WVMExtractor(   62): Failed to open libwvm.so
W/dalvikvm(  999): DroidBox: { "FdAccess": { "path": "2f6465762f696e7075742f6576656e7430", "id": "1154287675" } }
W/DroidBox(  999): DroidBox: { "FileRW": { "operation": "write", "data": "7f060000efbfbd3901000500000001000000", "id": "1154287675" } }
E/WVMExtractor(   62): Failed to open libwvm.so
D/InputEventConsistencyVerifier( 1017): KeyEvent: ACTION_UP but key was not down.
D/InputEventConsistencyVerifier( 1017):   in com.android.internal.policy.impl.PhoneWindow$DecorView@b3e587d0
D/InputEventConsistencyVerifier( 1017):   0: sent at 200127000000, KeyEvent { action=ACTION_UP, keyCode=KEYCODE_DPAD_LEFT, scanCode=0, metaState=0, flags=0x8, repeatCount=0, eventTime=200127, downTime=200127, deviceId=-1, source=0x101 }
D/InputEventConsistencyVerifier( 1017):   -- recent events --
D/InputEventConsistencyVerifier( 1017):   1: sent at 200012000000, (unhandled) KeyEvent { action=ACTION_UP, keyCode=KEYCODE_DVR, scanCode=0, metaState=0, flags=0x8, repeatCount=0, eventTime=200012, downTime=200012, deviceId=-1, source=0x101 }
D/InputEventConsistencyVerifier( 1017):   2: sent at 199910000000, (unhandled) KeyEvent { action=ACTION_DOWN, keyCode=KEYCODE_DVR, scanCode=0, metaState=0, flags=0x8, repeatCount=0, eventTime=199910, downTime=199910, deviceId=-1, source=0x101 }
D/InputEventConsistencyVerifier( 1017):   3: sent at 199634000000, (unhandled) KeyEvent { action=ACTION_UP, keyCode=KEYCODE_CAPTIONS, scanCode=0, metaState=0, flags=0x8, repeatCount=0, eventTime=199634, downTime=199634, deviceId=-1, source=0x101 }
D/InputEventConsistencyVerifier( 1017):   4: sent at 199631000000, (unhandled) KeyEvent { action=ACTION_DOWN, keyCode=KEYCODE_CAPTIONS, scanCode=0, metaState=0, flags=0x8, repeatCount=0, eventTime=199631, downTime=199631, deviceId=-1, source=0x101 }
D/InputEventConsistencyVerifier( 1017):   5: sent at 197705000000, (unhandled) KeyEvent { action=ACTION_UP, keyCode=KEYCODE_MENU, scanCode=0, metaState=0, flags=0x8, repeatCount=0, eventTime=197705, downTime=197705, deviceId=-1, source=0x101 }
E/WVMExtractor(   62): Failed to open libwvm.so
D/InputEventConsistencyVerifier( 1017): KeyEvent: ACTION_UP but key was not down.
D/InputEventConsistencyVerifier( 1017):   in com.ps.llk.GameView@b3e7aeb0
D/InputEventConsistencyVerifier( 1017):   0: sent at 200523000000, KeyEvent { action=ACTION_UP, keyCode=KEYCODE_DPAD_DOWN, scanCode=0, metaState=0, flags=0x8, repeatCount=0, eventTime=200523, downTime=200523, deviceId=-1, source=0x101 }
D/InputEventConsistencyVerifier( 1017):   -- recent events --
D/InputEventConsistencyVerifier( 1017):   1: sent at 196788000000, (unhandled) MotionEvent { action=ACTION_DOWN, id[0]=0, x[0]=116.0, y[0]=139.33334, toolType[0]=TOOL_TYPE_UNKNOWN, buttonState=0, metaState=0, flags=0x0, edgeFlags=0x0, pointerCount=1, historySize=0, eventTime=196788, downTime=196787, deviceId=0, source=0x1002 }
D/InputEventConsistencyVerifier( 1017):   2: sent at 196588000000, (unhandled) MotionEvent { action=ACTION_DOWN, id[0]=0, x[0]=244.0, y[0]=221.33334, toolType[0]=TOOL_TYPE_UNKNOWN, buttonState=0, metaState=0, flags=0x0, edgeFlags=0x0, pointerCount=1, historySize=0, eventTime=196588, downTime=196588, deviceId=0, source=0x1002 }
D/InputEventConsistencyVerifier( 1017):   3: sent at 196642000000, (unhandled) KeyEvent { action=ACTION_UP, keyCode=KEYCODE_DPAD_RIGHT, scanCode=0, metaState=0, flags=0x400, repeatCount=0, eventTime=196642, downTime=196642, deviceId=-1, source=0x101 }
D/InputEventConsistencyVerifier( 1017):   4: sent at 196642000000, (unhandled) KeyEvent { action=ACTION_DOWN, keyCode=KEYCODE_DPAD_RIGHT, scanCode=0, metaState=0, flags=0x400, repeatCount=0, eventTime=196642, downTime=196642, deviceId=-1, source=0x101 }
D/InputEventConsistencyVerifier( 1017):   5: sent at 196585000000, (unhandled) KeyEvent { action=ACTION_UP, keyCode=KEYCODE_DPAD_RIGHT, scanCode=0, metaState=0, flags=0x400, repeatCount=0, eventTime=196585, downTime=196585, deviceId=-1, source=0x101 }
I/Choreographer( 1017): Skipped 82 frames!  The application may be doing too much work on its main thread.
E/WVMExtractor(   62): Failed to open libwvm.so
W/InputManager(  230): Input event injection from pid 999 failed.
W/InputManager(  230): Input event injection from pid 999 failed.
W/InputManager(  230): Input event injection from pid 999 failed.
W/InputManager(  230): Input event injection from pid 999 failed.
W/InputManager(  230): Input event injection from pid 999 failed.
W/InputManager(  230): Input event injection from pid 999 failed.
W/InputManager(  230): Input event injection from pid 999 failed.
W/InputManager(  230): Input event injection from pid 999 failed.
W/InputManager(  230): Input event injection from pid 999 failed.
I/Choreographer( 1017): Skipped 68 frames!  The application may be doing too much work on its main thread.
W/InputMethodManagerService(  230): Window already focused, ignoring focus gain of: com.android.internal.view.IInputMethodClient$Stub$Proxy@b410f638 attribute=android.view.inputmethod.EditorInfo@b4398dc8
E/WVMExtractor(   62): Failed to open libwvm.so
D/InputEventConsistencyVerifier( 1017): KeyEvent: ACTION_UP but key was not down.
D/InputEventConsistencyVerifier( 1017):   in com.android.internal.policy.impl.PhoneWindow$DecorView@b3e587d0
D/InputEventConsistencyVerifier( 1017):   0: sent at 202447000000, KeyEvent { action=ACTION_UP, keyCode=KEYCODE_DPAD_RIGHT, scanCode=0, metaState=0, flags=0x400, repeatCount=0, eventTime=202447, downTime=202447, deviceId=-1, source=0x101 }
D/InputEventConsistencyVerifier( 1017):   -- recent events --
D/InputEventConsistencyVerifier( 1017):   1: sent at 202389000000, (unhandled) MotionEvent { action=ACTION_MOVE, id[0]=0, x[0]=4.0, y[0]=2.0, toolType[0]=TOOL_TYPE_UNKNOWN, buttonState=0, metaState=0, flags=0x0, edgeFlags=0x0, pointerCount=1, historySize=9, eventTime=202389, downTime=-1, deviceId=0, source=0x10004 }
D/InputEventConsistencyVerifier( 1017):   2: sent at 202321000000, (unhandled) MotionEvent { action=ACTION_UP, id[0]=0, x[0]=44.0, y[0]=124.0, toolType[0]=TOOL_TYPE_UNKNOWN, buttonState=0, metaState=0, flags=0x0, edgeFlags=0x0, pointerCount=1, historySize=0, eventTime=202321, downTime=202269, deviceId=0, source=0x1002 }
D/InputEventConsistencyVerifier( 1017):   3: sent at 202269000000, (unhandled) MotionEvent { action=ACTION_DOWN, id[0]=0, x[0]=53.333336, y[0]=122.66667, toolType[0]=TOOL_TYPE_UNKNOWN, buttonState=0, metaState=0, flags=0x0, edgeFlags=0x0, pointerCount=1, historySize=0, eventTime=202269, downTime=202269, deviceId=0, source=0x1002 }
D/InputEventConsistencyVerifier( 1017):   4: sent at 202257000000, (unhandled) MotionEvent { action=ACTION_UP, id[0]=0, x[0]=244.0, y[0]=356.0, toolType[0]=TOOL_TYPE_UNKNOWN, buttonState=0, metaState=0, flags=0x0, edgeFlags=0x0, pointerCount=1, historySize=0, eventTime=202257, downTime=202250, deviceId=0, source=0x1002 }
D/InputEventConsistencyVerifier( 1017):   5: sent at 202250000000, (unhandled) MotionEvent { action=ACTION_DOWN, id[0]=0, x[0]=245.33334, y[0]=357.33334, toolType[0]=TOOL_TYPE_UNKNOWN, buttonState=0, metaState=0, flags=0x0, edgeFlags=0x0, pointerCount=1, historySize=0, eventTime=202250, downTime=202250, deviceId=0, source=0x1002 }
E/WVMExtractor(   62): Failed to open libwvm.so
D/InputEventConsistencyVerifier( 1017): KeyEvent: ACTION_UP but key was not down.
D/InputEventConsistencyVerifier( 1017):   in com.ps.llk.GameView@b3e7aeb0
D/InputEventConsistencyVerifier( 1017):   0: sent at 202481000000, KeyEvent { action=ACTION_UP, keyCode=KEYCODE_DPAD_RIGHT, scanCode=0, metaState=0, flags=0x400, repeatCount=0, eventTime=202481, downTime=202481, deviceId=-1, source=0x101 }
D/InputEventConsistencyVerifier( 1017):   -- recent events --
D/InputEventConsistencyVerifier( 1017):   1: sent at 202269000000, (unhandled) MotionEvent { action=ACTION_DOWN, id[0]=0, x[0]=53.333336, y[0]=72.66667, toolType[0]=TOOL_TYPE_UNKNOWN, buttonState=0, metaState=0, flags=0x0, edgeFlags=0x0, pointerCount=1, historySize=0, eventTime=202269, downTime=202269, deviceId=0, source=0x1002 }
D/InputEventConsistencyVerifier( 1017):   2: sent at 202250000000, (unhandled) MotionEvent { action=ACTION_DOWN, id[0]=0, x[0]=245.33334, y[0]=307.33334, toolType[0]=TOOL_TYPE_UNKNOWN, buttonState=0, metaState=0, flags=0x0, edgeFlags=0x0, pointerCount=1, historySize=0, eventTime=202250, downTime=202250, deviceId=0, source=0x1002 }
D/InputEventConsistencyVerifier( 1017):   3: sent at 202189000000, (unhandled) MotionEvent { action=ACTION_DOWN, id[0]=0, x[0]=308.6667, y[0]=391.33334, toolType[0]=TOOL_TYPE_UNKNOWN, buttonState=0, metaState=0, flags=0x0, edgeFlags=0x0, pointerCount=1, historySize=0, eventTime=202189, downTime=202187, deviceId=0, source=0x1002 }
D/InputEventConsistencyVerifier( 1017):   4: sent at 201963000000, (unhandled) MotionEvent { action=ACTION_DOWN, id[0]=0, x[0]=305.33334, y[0]=38.66667, toolType[0]=TOOL_TYPE_UNKNOWN, buttonState=0, metaState=0, flags=0x0, edgeFlags=0x0, pointerCount=1, historySize=0, eventTime=201963, downTime=201958, deviceId=0, source=0x1002 }
D/InputEventConsistencyVerifier( 1017):   5: sent at 200983000000, (unhandled) MotionEvent { action=ACTION_DOWN, id[0]=0, x[0]=222.0, y[0]=358.6667, toolType[0]=TOOL_TYPE_UNKNOWN, buttonState=0, metaState=0, flags=0x0, edgeFlags=0x0, pointerCount=1, historySize=0, eventTime=200983, downTime=200964, deviceId=0, source=0x1002 }
E/WVMExtractor(   62): Failed to open libwvm.so
E/WVMExtractor(   62): Failed to open libwvm.so
E/WVMExtractor(   62): Failed to open libwvm.so
E/WVMExtractor(   62): Failed to open libwvm.so
I/ActivityManager(  230): START {act=android.intent.action.MAIN cat=[android.intent.category.LAUNCHER] flg=0x10200000 cmp=com.ps.llk/.MainActivity u=0} from pid 999
D/InputEventConsistencyVerifier( 1017): KeyEvent: ACTION_UP but key was not down.
D/InputEventConsistencyVerifier( 1017):   in com.android.internal.policy.impl.PhoneWindow$DecorView@b3e587d0
D/InputEventConsistencyVerifier( 1017):   0: sent at 204908000000, KeyEvent { action=ACTION_UP, keyCode=KEYCODE_DPAD_CENTER, scanCode=0, metaState=0, flags=0x8, repeatCount=0, eventTime=204908, downTime=204908, deviceId=-1, source=0x101 }
D/InputEventConsistencyVerifier( 1017):   -- recent events --
D/InputEventConsistencyVerifier( 1017):   1: sent at 204806000000, (unhandled) MotionEvent { action=ACTION_UP, id[0]=0, x[0]=245.33334, y[0]=74.66667, toolType[0]=TOOL_TYPE_UNKNOWN, buttonState=0, metaState=0, flags=0x0, edgeFlags=0x0, pointerCount=1, historySize=0, eventTime=204806, downTime=204753, deviceId=0, source=0x1002 }
D/InputEventConsistencyVerifier( 1017):   2: sent at 204803000000, (unhandled) MotionEvent { action=ACTION_MOVE, id[0]=0, x[0]=246.0, y[0]=73.333336, toolType[0]=TOOL_TYPE_UNKNOWN, buttonState=0, metaState=0, flags=0x0, edgeFlags=0x0, pointerCount=1, historySize=4, eventTime=204803, downTime=204753, deviceId=0, source=0x1002 }
D/InputEventConsistencyVerifier( 1017):   3: sent at 204755000000, (unhandled) MotionEvent { action=ACTION_DOWN, id[0]=0, x[0]=248.0, y[0]=58.0, toolType[0]=TOOL_TYPE_UNKNOWN, buttonState=0, metaState=0, flags=0x0, edgeFlags=0x0, pointerCount=1, historySize=0, eventTime=204755, downTime=204753, deviceId=0, source=0x1002 }
D/InputEventConsistencyVerifier( 1017):   4: sent at 204653000000, (unhandled) KeyEvent { action=ACTION_UP, keyCode=KEYCODE_SCROLL_LOCK, scanCode=0, metaState=0, flags=0x8, repeatCount=0, eventTime=204653, downTime=204653, deviceId=-1, source=0x101 }
D/InputEventConsistencyVerifier( 1017):   5: sent at 204619000000, (unhandled) KeyEvent { action=ACTION_DOWN, keyCode=KEYCODE_SCROLL_LOCK, scanCode=0, metaState=0, flags=0x8, repeatCount=0, eventTime=204619, downTime=204619, deviceId=-1, source=0x101 }
D/InputEventConsistencyVerifier( 1017): TouchEvent: ACTION_DOWN but pointers are already down.  Probably missing ACTION_UP from previous gesture.
D/InputEventConsistencyVerifier( 1017):   in com.android.internal.policy.impl.PhoneWindow$DecorView@b3e8ca20
D/InputEventConsistencyVerifier( 1017):   0: sent at 205676000000, MotionEvent { action=ACTION_DOWN, id[0]=0, x[0]=240.0, y[0]=-462.6667, toolType[0]=TOOL_TYPE_UNKNOWN, buttonState=0, metaState=0, flags=0x0, edgeFlags=0x0, pointerCount=1, historySize=0, eventTime=205676, downTime=205675, deviceId=0, source=0x1002 }
D/InputEventConsistencyVerifier( 1017):   -- recent events --
D/InputEventConsistencyVerifier( 1017):   1: sent at 205562000000, (unhandled) KeyEvent { action=ACTION_UP, keyCode=KEYCODE_DPAD_RIGHT, scanCode=0, metaState=0, flags=0x8, repeatCount=0, eventTime=205562, downTime=205562, deviceId=-1, source=0x101 }
D/InputEventConsistencyVerifier( 1017):   2: sent at 205557000000, (unhandled) KeyEvent { action=ACTION_DOWN, keyCode=KEYCODE_DPAD_RIGHT, scanCode=0, metaState=0, flags=0x8, repeatCount=0, eventTime=205557, downTime=205557, deviceId=-1, source=0x101 }
D/InputEventConsistencyVerifier( 1017):   3: sent at 205512000000, (unhandled) KeyEvent { action=ACTION_UP, keyCode=KEYCODE_DPAD_CENTER, scanCode=0, metaState=0, flags=0x8, repeatCount=0, eventTime=205512, downTime=205512, deviceId=-1, source=0x101 }
D/InputEventConsistencyVerifier( 1017):   4: sent at 205416000000, (unhandled) KeyEvent { action=ACTION_DOWN, keyCode=KEYCODE_DPAD_CENTER, scanCode=0, metaState=0, flags=0x8, repeatCount=0, eventTime=205416, downTime=205416, deviceId=-1, source=0x101 }
D/InputEventConsistencyVerifier( 1017):   5: sent at 201576000000, MotionEvent { action=ACTION_DOWN, id[0]=0, x[0]=69.333336, y[0]=-274.6667, toolType[0]=TOOL_TYPE_UNKNOWN, buttonState=0, metaState=0, flags=0x0, edgeFlags=0x0, pointerCount=1, historySize=0, eventTime=201576, downTime=201573, deviceId=0, source=0x1002 }
I/Choreographer( 1017): Skipped 30 frames!  The application may be doing too much work on its main thread.
D/InputEventConsistencyVerifier( 1017): KeyEvent: ACTION_UP but key was not down.
D/InputEventConsistencyVerifier( 1017):   in android.view.ViewRootImpl@b3e7e6c0
D/InputEventConsistencyVerifier( 1017):   0: sent at 206014000000, KeyEvent { action=ACTION_UP, keyCode=KEYCODE_MENU, scanCode=0, metaState=0, flags=0x8, repeatCount=0, eventTime=206014, downTime=206014, deviceId=-1, source=0x101 }
D/InputEventConsistencyVerifier( 1017):   -- recent events --
D/InputEventConsistencyVerifier( 1017):   1: sent at 205187000000, KeyEvent { action=ACTION_UP, keyCode=KEYCODE_MENU, scanCode=0, metaState=0, flags=0x8, repeatCount=0, eventTime=205187, downTime=205187, deviceId=-1, source=0x101 }
D/InputEventConsistencyVerifier( 1017):   2: sent at 205110000000, KeyEvent { action=ACTION_DOWN, keyCode=KEYCODE_MENU, scanCode=0, metaState=0, flags=0x8, repeatCount=0, eventTime=205110, downTime=205110, deviceId=-1, source=0x101 }
D/InputEventConsistencyVerifier( 1017):   3: sent at 205138000000, KeyEvent { action=ACTION_UP, keyCode=KEYCODE_DPAD_LEFT, scanCode=0, metaState=0, flags=0x400, repeatCount=0, eventTime=205138, downTime=205138, deviceId=-1, source=0x101 }
D/InputEventConsistencyVerifier( 1017):   4: sent at 205138000000, KeyEvent { action=ACTION_DOWN, keyCode=KEYCODE_DPAD_LEFT, scanCode=0, metaState=0, flags=0x400, repeatCount=0, eventTime=205138, downTime=205138, deviceId=-1, source=0x101 }
D/InputEventConsistencyVerifier( 1017):   5: sent at 205137000000, KeyEvent { action=ACTION_UP, keyCode=KEYCODE_DPAD_LEFT, scanCode=0, metaState=0, flags=0x400, repeatCount=0, eventTime=205137, downTime=205137, deviceId=-1, source=0x101 }
I/Choreographer( 1017): Skipped 65 frames!  The application may be doing too much work on its main thread.
W/InputMethodManagerService(  230): Window already focused, ignoring focus gain of: com.android.internal.view.IInputMethodClient$Stub$Proxy@b3ea7628 attribute=null
I/Choreographer( 1017): Skipped 67 frames!  The application may be doing too much work on its main thread.
D/InputEventConsistencyVerifier(  427): TouchEvent: ACTION_DOWN but pointers are already down.  Probably missing ACTION_UP from previous gesture.
D/InputEventConsistencyVerifier(  427):   in android.view.ScaleGestureDetector@b3f2d4f8
D/InputEventConsistencyVerifier(  427):   0: sent at 207353000000, MotionEvent { action=ACTION_DOWN, id[0]=0, x[0]=374.0, y[0]=20.0, toolType[0]=TOOL_TYPE_UNKNOWN, buttonState=0, metaState=0, flags=0x0, edgeFlags=0x0, pointerCount=1, historySize=0, eventTime=207353, downTime=207351, deviceId=0, source=0x1002 }
D/InputEventConsistencyVerifier(  427):   -- recent events --
D/InputEventConsistencyVerifier(  427):   1: sent at 195555000000, MotionEvent { action=ACTION_DOWN, id[0]=0, x[0]=409.0, y[0]=502.0, toolType[0]=TOOL_TYPE_UNKNOWN, buttonState=0, metaState=0, flags=0x80000000, edgeFlags=0x0, pointerCount=1, historySize=0, eventTime=195555, downTime=195552, deviceId=0, source=0x1002 }
D/InputEventConsistencyVerifier(  427):   2: sent at 194803000000, MotionEvent { action=ACTION_DOWN, id[0]=0, x[0]=42.0, y[0]=271.0, toolType[0]=TOOL_TYPE_UNKNOWN, buttonState=0, metaState=0, flags=0x80000000, edgeFlags=0x0, pointerCount=1, historySize=0, eventTime=194803, downTime=194802, deviceId=0, source=0x1002 }
D/InputEventConsistencyVerifier(  427):   3: sent at 194791000000, MotionEvent { action=ACTION_DOWN, id[0]=0, x[0]=30.0, y[0]=630.0, toolType[0]=TOOL_TYPE_UNKNOWN, buttonState=0, metaState=0, flags=0x0, edgeFlags=0x0, pointerCount=1, historySize=0, eventTime=194791, downTime=194791, deviceId=0, source=0x1002 }
D/InputEventConsistencyVerifier(  427):   4: sent at 194623000000, MotionEvent { action=ACTION_UP, id[0]=0, x[0]=269.0, y[0]=6.0, toolType[0]=TOOL_TYPE_UNKNOWN, buttonState=0, metaState=0, flags=0x0, edgeFlags=0x0, pointerCount=1, historySize=0, eventTime=194623, downTime=194616, deviceId=0, source=0x1002 }
D/InputEventConsistencyVerifier(  427):   5: sent at 194617000000, MotionEvent { action=ACTION_DOWN, id[0]=0, x[0]=274.0, y[0]=2.0, toolType[0]=TOOL_TYPE_UNKNOWN, buttonState=0, metaState=0, flags=0x80000000, edgeFlags=0x0, pointerCount=1, historySize=0, eventTime=194617, downTime=194616, deviceId=0, source=0x1002 }
W/dalvikvm(  427): DroidBox: { "FdAccess": { "path": "2f70726f632f6d656d696e666f", "id": "1994167304" } }
W/DroidBox(  427): DroidBox: { "FileRW": { "operation": "read", "data": "4d656d546f74616c3a202020202020202020373438393634206b420a4d656d467265653a20202020202020202020343435313038206b420a427566666572733a20202020202020202020202035363136206b420a4361636865643a202020202020202020", "id": "1994167304" } }
W/dalvikvm(  427): DroidBox: { "FdAccess": { "path": "2f70726f632f6d656d696e666f", "id": "244376491" } }
I/Choreographer( 1017): Skipped 99 frames!  The application may be doing too much work on its main thread.
W/DroidBox(  427): DroidBox: { "FileRW": { "operation": "read", "data": "4d656d546f74616c3a202020202020202020373438393634206b420a4d656d467265653a20202020202020202020343435313038206b420a427566666572733a20202020202020202020202035363136206b420a4361636865643a202020202020202020", "id": "244376491" } }
D/InputEventConsistencyVerifier(  427): KeyEvent: ACTION_UP but key was not down.
D/InputEventConsistencyVerifier(  427):   in com.android.systemui.statusbar.phone.StatusBarWindowView@b3e8d300
D/InputEventConsistencyVerifier(  427):   0: sent at 207513000000, KeyEvent { action=ACTION_UP, keyCode=KEYCODE_DPAD_UP, scanCode=0, metaState=0, flags=0x8, repeatCount=0, eventTime=207513, downTime=207513, deviceId=-1, source=0x101 }
D/InputEventConsistencyVerifier(  427):   -- recent events --
D/InputEventConsistencyVerifier(  427):   1: sent at 207406000000, MotionEvent { action=ACTION_UP, id[0]=0, x[0]=302.0, y[0]=0.0, toolType[0]=TOOL_TYPE_UNKNOWN, buttonState=0, metaState=0, flags=0x0, edgeFlags=0x0, pointerCount=1, historySize=0, eventTime=207406, downTime=207351, deviceId=0, source=0x1002 }
D/InputEventConsistencyVerifier(  427):   2: sent at 207402000000, MotionEvent { action=ACTION_MOVE, id[0]=0, x[0]=308.0, y[0]=0.0, toolType[0]=TOOL_TYPE_UNKNOWN, buttonState=0, metaState=0, flags=0x0, edgeFlags=0x0, pointerCount=1, historySize=0, eventTime=207402, downTime=207351, deviceId=0, source=0x1002 }
D/InputEventConsistencyVerifier(  427):   3: sent at 207390000000, MotionEvent { action=ACTION_MOVE, id[0]=0, x[0]=310.0, y[0]=0.0, toolType[0]=TOOL_TYPE_UNKNOWN, buttonState=0, metaState=0, flags=0x0, edgeFlags=0x0, pointerCount=1, historySize=4, eventTime=207390, downTime=207351, deviceId=0, source=0x1002 }
D/InputEventConsistencyVerifier(  427):   4: sent at 207353000000, MotionEvent { action=ACTION_DOWN, id[0]=0, x[0]=374.0, y[0]=20.0, toolType[0]=TOOL_TYPE_UNKNOWN, buttonState=0, metaState=0, flags=0x0, edgeFlags=0x0, pointerCount=1, historySize=0, eventTime=207353, downTime=207351, deviceId=0, source=0x1002 }
D/InputEventConsistencyVerifier(  427):   5: sent at 195649000000, MotionEvent { action=ACTION_UP, id[0]=0, x[0]=480.0, y[0]=584.0, toolType[0]=TOOL_TYPE_UNKNOWN, buttonState=0, metaState=0, flags=0x0, edgeFlags=0x0, pointerCount=1, historySize=0, eventTime=195649, downTime=195552, deviceId=0, source=0x1002 }
I/Choreographer(  427): Skipped 63 frames!  The application may be doing too much work on its main thread.
W/dalvikvm(  427): DroidBox: { "FdAccess": { "path": "2f70726f632f6d656d696e666f", "id": "9885747" } }
W/DroidBox(  427): DroidBox: { "FileRW": { "operation": "read", "data": "4d656d546f74616c3a202020202020202020373438393634206b420a4d656d467265653a20202020202020202020343435313038206b420a427566666572733a20202020202020202020202035363136206b420a4361636865643a202020202020202020", "id": "9885747" } }
D/PhoneStatusBar(  427): disable: < expand icons alerts TICKER* system_info back home recent clock >
V/PhoneStatusBar(  427): setLightsOn(true)
W/dalvikvm(  427): DroidBox: { "FdAccess": { "path": "2f70726f632f6d656d696e666f", "id": "1702885650" } }
W/DroidBox(  427): DroidBox: { "FileRW": { "operation": "read", "data": "4d656d546f74616c3a202020202020202020373438393634206b420a4d656d467265653a20202020202020202020343435313038206b420a427566666572733a20202020202020202020202035363136206b420a4361636865643a202020202020202020", "id": "1702885650" } }
D/InputEventConsistencyVerifier(  427): KeyEvent: ACTION_UP but key was not down.
D/InputEventConsistencyVerifier(  427):   in com.android.systemui.statusbar.phone.StatusBarWindowView@b3e8d300
D/InputEventConsistencyVerifier(  427):   0: sent at 207985000000, KeyEvent { action=ACTION_UP, keyCode=KEYCODE_DPAD_CENTER, scanCode=0, metaState=0, flags=0x8, repeatCount=0, eventTime=207985, downTime=207985, deviceId=-1, source=0x101 }
D/InputEventConsistencyVerifier(  427):   -- recent events --
D/InputEventConsistencyVerifier(  427):   1: sent at 207906000000, MotionEvent { action=ACTION_UP, id[0]=0, x[0]=183.0, y[0]=528.0, toolType[0]=TOOL_TYPE_UNKNOWN, buttonState=0, metaState=0, flags=0x0, edgeFlags=0x0, pointerCount=1, historySize=0, eventTime=207906, downTime=207767, deviceId=0, source=0x1002 }
D/InputEventConsistencyVerifier(  427):   2: sent at 207886000000, MotionEvent { action=ACTION_MOVE, id[0]=0, x[0]=177.0, y[0]=523.0, toolType[0]=TOOL_TYPE_UNKNOWN, buttonState=0, metaState=0, flags=0x0, edgeFlags=0x0, pointerCount=1, historySize=5, eventTime=207886, downTime=207767, deviceId=0, source=0x1002 }
D/InputEventConsistencyVerifier(  427):   3: sent at 207804821170, MotionEvent { action=ACTION_MOVE, id[0]=0, x[0]=148.82117, y[0]=493.6983, toolType[0]=TOOL_TYPE_UNKNOWN, buttonState=0, metaState=0, flags=0x0, edgeFlags=0x0, pointerCount=1, historySize=3, eventTime=207804, downTime=207767, deviceId=0, source=0x1002 }
D/InputEventConsistencyVerifier(  427):   4: sent at 207770000000, MotionEvent { action=ACTION_DOWN, id[0]=0, x[0]=126.0, y[0]=474.0, toolType[0]=TOOL_TYPE_UNKNOWN, buttonState=0, metaState=0, flags=0x0, edgeFlags=0x0, pointerCount=1, historySize=0, eventTime=207770, downTime=207767, deviceId=0, source=0x1002 }
D/InputEventConsistencyVerifier(  427):   5: sent at 207751000000, (unhandled) KeyEvent { action=ACTION_UP, keyCode=KEYCODE_DPAD_RIGHT, scanCode=0, metaState=0, flags=0x8, repeatCount=0, eventTime=207751, downTime=207751, deviceId=-1, source=0x101 }
D/InputEventConsistencyVerifier(  427): TouchEvent: ACTION_DOWN but pointers are already down.  Probably missing ACTION_UP from previous gesture.
D/InputEventConsistencyVerifier(  427):   in android.view.ScaleGestureDetector@b3f2d4f8
D/InputEventConsistencyVerifier(  427):   0: sent at 207993000000, MotionEvent { action=ACTION_DOWN, id[0]=0, x[0]=329.0, y[0]=380.0, toolType[0]=TOOL_TYPE_UNKNOWN, buttonState=0, metaState=0, flags=0x0, edgeFlags=0x0, pointerCount=1, historySize=0, eventTime=207993, downTime=207993, deviceId=0, source=0x1002 }
D/InputEventConsistencyVerifier(  427):   -- recent events --
D/InputEventConsistencyVerifier(  427):   1: sent at 207770000000, MotionEvent { action=ACTION_DOWN, id[0]=0, x[0]=126.0, y[0]=474.0, toolType[0]=TOOL_TYPE_UNKNOWN, buttonState=0, metaState=0, flags=0x0, edgeFlags=0x0, pointerCount=1, historySize=0, eventTime=207770, downTime=207767, deviceId=0, source=0x1002 }
D/InputEventConsistencyVerifier(  427):   2: sent at 207406000000, MotionEvent { action=ACTION_UP, id[0]=0, x[0]=302.0, y[0]=0.0, toolType[0]=TOOL_TYPE_UNKNOWN, buttonState=0, metaState=0, flags=0x0, edgeFlags=0x0, pointerCount=1, historySize=0, eventTime=207406, downTime=207351, deviceId=0, source=0x1002 }
D/InputEventConsistencyVerifier(  427):   3: sent at 207402000000, MotionEvent { action=ACTION_MOVE, id[0]=0, x[0]=308.0, y[0]=0.0, toolType[0]=TOOL_TYPE_UNKNOWN, buttonState=0, metaState=0, flags=0x0, edgeFlags=0x0, pointerCount=1, historySize=0, eventTime=207402, downTime=207351, deviceId=0, source=0x1002 }
D/InputEventConsistencyVerifier(  427):   4: sent at 207390000000, MotionEvent { action=ACTION_MOVE, id[0]=0, x[0]=310.0, y[0]=0.0, toolType[0]=TOOL_TYPE_UNKNOWN, buttonState=0, metaState=0, flags=0x0, edgeFlags=0x0, pointerCount=1, historySize=4, eventTime=207390, downTime=207351, deviceId=0, source=0x1002 }
D/InputEventConsistencyVerifier(  427):   5: sent at 207353000000, MotionEvent { action=ACTION_DOWN, id[0]=0, x[0]=374.0, y[0]=20.0, toolType[0]=TOOL_TYPE_UNKNOWN, buttonState=0, metaState=0, flags=0x80000000, edgeFlags=0x0, pointerCount=1, historySize=0, eventTime=207353, downTime=207351, deviceId=0, source=0x1002 }
I/Choreographer(  427): Skipped 60 frames!  The application may be doing too much work on its main thread.
W/dalvikvm(  427): DroidBox: { "FdAccess": { "path": "2f70726f632f6d656d696e666f", "id": "1669383880" } }
W/DroidBox(  427): DroidBox: { "FileRW": { "operation": "read", "data": "4d656d546f74616c3a202020202020202020373438393634206b420a4d656d467265653a20202020202020202020343433393932206b420a427566666572733a20202020202020202020202035363136206b420a4361636865643a202020202020202020", "id": "1669383880" } }
D/InputEventConsistencyVerifier(  427): KeyEvent: ACTION_UP but key was not down.
D/InputEventConsistencyVerifier(  427):   in com.android.systemui.statusbar.phone.StatusBarWindowView@b3e8d300
D/InputEventConsistencyVerifier(  427):   0: sent at 208059000000, KeyEvent { action=ACTION_UP, keyCode=KEYCODE_DPAD_UP, scanCode=0, metaState=0, flags=0x8, repeatCount=0, eventTime=208059, downTime=208059, deviceId=-1, source=0x101 }
D/InputEventConsistencyVerifier(  427):   -- recent events --
D/InputEventConsistencyVerifier(  427):   1: sent at 208029000000, MotionEvent { action=ACTION_UP, id[0]=0, x[0]=324.0, y[0]=372.0, toolType[0]=TOOL_TYPE_UNKNOWN, buttonState=0, metaState=0, flags=0x0, edgeFlags=0x0, pointerCount=1, historySize=0, eventTime=208029, downTime=207993, deviceId=0, source=0x1002 }
D/InputEventConsistencyVerifier(  427):   2: sent at 207993000000, MotionEvent { action=ACTION_DOWN, id[0]=0, x[0]=329.0, y[0]=380.0, toolType[0]=TOOL_TYPE_UNKNOWN, buttonState=0, metaState=0, flags=0x0, edgeFlags=0x0, pointerCount=1, historySize=0, eventTime=207993, downTime=207993, deviceId=0, source=0x1002 }
D/InputEventConsistencyVerifier(  427):   3: sent at 207985000000, (unhandled) KeyEvent { action=ACTION_UP, keyCode=KEYCODE_DPAD_CENTER, scanCode=0, metaState=0, flags=0x80000008, repeatCount=0, eventTime=207985, downTime=207985, deviceId=-1, source=0x101 }
D/InputEventConsistencyVerifier(  427):   4: sent at 207906000000, MotionEvent { action=ACTION_UP, id[0]=0, x[0]=183.0, y[0]=528.0, toolType[0]=TOOL_TYPE_UNKNOWN, buttonState=0, metaState=0, flags=0x0, edgeFlags=0x0, pointerCount=1, historySize=0, eventTime=207906, downTime=207767, deviceId=0, source=0x1002 }
D/InputEventConsistencyVerifier(  427):   5: sent at 207886000000, MotionEvent { action=ACTION_MOVE, id[0]=0, x[0]=177.0, y[0]=523.0, toolType[0]=TOOL_TYPE_UNKNOWN, buttonState=0, metaState=0, flags=0x0, edgeFlags=0x0, pointerCount=1, historySize=5, eventTime=207886, downTime=207767, deviceId=0, source=0x1002 }
D/InputEventConsistencyVerifier(  427): TouchEvent: ACTION_DOWN but pointers are already down.  Probably missing ACTION_UP from previous gesture.
D/InputEventConsistencyVerifier(  427):   in android.view.ScaleGestureDetector@b3f2d4f8
D/InputEventConsistencyVerifier(  427):   0: sent at 208143000000, MotionEvent { action=ACTION_DOWN, id[0]=0, x[0]=436.0, y[0]=252.0, toolType[0]=TOOL_TYPE_UNKNOWN, buttonState=0, metaState=0, flags=0x0, edgeFlags=0x0, pointerCount=1, historySize=0, eventTime=208143, downTime=208142, deviceId=0, source=0x1002 }
D/InputEventConsistencyVerifier(  427):   -- recent events --
D/InputEventConsistencyVerifier(  427):   1: sent at 207993000000, MotionEvent { action=ACTION_DOWN, id[0]=0, x[0]=329.0, y[0]=380.0, toolType[0]=TOOL_TYPE_UNKNOWN, buttonState=0, metaState=0, flags=0x80000000, edgeFlags=0x0, pointerCount=1, historySize=0, eventTime=207993, downTime=207993, deviceId=0, source=0x1002 }
D/InputEventConsistencyVerifier(  427):   2: sent at 207770000000, MotionEvent { action=ACTION_DOWN, id[0]=0, x[0]=126.0, y[0]=474.0, toolType[0]=TOOL_TYPE_UNKNOWN, buttonState=0, metaState=0, flags=0x0, edgeFlags=0x0, pointerCount=1, historySize=0, eventTime=207770, downTime=207767, deviceId=0, source=0x1002 }
D/InputEventConsistencyVerifier(  427):   3: sent at 207406000000, MotionEvent { action=ACTION_UP, id[0]=0, x[0]=302.0, y[0]=0.0, toolType[0]=TOOL_TYPE_UNKNOWN, buttonState=0, metaState=0, flags=0x0, edgeFlags=0x0, pointerCount=1, historySize=0, eventTime=207406, downTime=207351, deviceId=0, source=0x1002 }
D/InputEventConsistencyVerifier(  427):   4: sent at 207402000000, MotionEvent { action=ACTION_MOVE, id[0]=0, x[0]=308.0, y[0]=0.0, toolType[0]=TOOL_TYPE_UNKNOWN, buttonState=0, metaState=0, flags=0x0, edgeFlags=0x0, pointerCount=1, historySize=0, eventTime=207402, downTime=207351, deviceId=0, source=0x1002 }
D/InputEventConsistencyVerifier(  427):   5: sent at 207390000000, MotionEvent { action=ACTION_MOVE, id[0]=0, x[0]=310.0, y[0]=0.0, toolType[0]=TOOL_TYPE_UNKNOWN, buttonState=0, metaState=0, flags=0x0, edgeFlags=0x0, pointerCount=1, historySize=4, eventTime=207390, downTime=207351, deviceId=0, source=0x1002 }
I/Choreographer(  427): Skipped 42 frames!  The application may be doing too much work on its main thread.
D/InputEventConsistencyVerifier(  427): KeyEvent: ACTION_UP but key was not down.
D/InputEventConsistencyVerifier(  427):   in com.android.systemui.statusbar.phone.StatusBarWindowView@b3e8d300
D/InputEventConsistencyVerifier(  427):   0: sent at 208242000000, KeyEvent { action=ACTION_UP, keyCode=KEYCODE_DPAD_UP, scanCode=0, metaState=0, flags=0x400, repeatCount=0, eventTime=208242, downTime=208242, deviceId=-1, source=0x101 }
D/InputEventConsistencyVerifier(  427):   -- recent events --
D/InputEventConsistencyVerifier(  427):   1: sent at 208137000000, (unhandled) MotionEvent { action=ACTION_MOVE, id[0]=0, x[0]=0.0, y[0]=-3.0, toolType[0]=TOOL_TYPE_UNKNOWN, buttonState=0, metaState=0, flags=0x0, edgeFlags=0x0, pointerCount=1, historySize=9, eventTime=208137, downTime=-1, deviceId=0, source=0x10004 }
D/InputEventConsistencyVerifier(  427):   2: sent at 208174000000, MotionEvent { action=ACTION_UP, id[0]=0, x[0]=419.0, y[0]=226.0, toolType[0]=TOOL_TYPE_UNKNOWN, buttonState=0, metaState=0, flags=0x0, edgeFlags=0x0, pointerCount=1, historySize=0, eventTime=208174, downTime=208142, deviceId=0, source=0x1002 }
D/InputEventConsistencyVerifier(  427):   3: sent at 208159000000, MotionEvent { action=ACTION_MOVE, id[0]=0, x[0]=426.0, y[0]=237.0, toolType[0]=TOOL_TYPE_UNKNOWN, buttonState=0, metaState=0, flags=0x0, edgeFlags=0x0, pointerCount=1, historySize=1, eventTime=208159, downTime=208142, deviceId=0, source=0x1002 }
D/InputEventConsistencyVerifier(  427):   4: sent at 208143000000, MotionEvent { action=ACTION_DOWN, id[0]=0, x[0]=436.0, y[0]=252.0, toolType[0]=TOOL_TYPE_UNKNOWN, buttonState=0, metaState=0, flags=0x0, edgeFlags=0x0, pointerCount=1, historySize=0, eventTime=208143, downTime=208142, deviceId=0, source=0x1002 }
D/InputEventConsistencyVerifier(  427):   5: sent at 208059000000, (unhandled) KeyEvent { action=ACTION_UP, keyCode=KEYCODE_DPAD_UP, scanCode=0, metaState=0, flags=0x80000008, repeatCount=0, eventTime=208059, downTime=208059, deviceId=-1, source=0x101 }
W/dalvikvm(  427): DroidBox: { "FdAccess": { "path": "2f70726f632f6d656d696e666f", "id": "195461078" } }
W/DroidBox(  427): DroidBox: { "FileRW": { "operation": "read", "data": "4d656d546f74616c3a202020202020202020373438393634206b420a4d656d467265653a20202020202020202020343433373434206b420a427566666572733a20202020202020202020202035363136206b420a4361636865643a202020202020202020", "id": "195461078" } }
I/ActivityManager(  230): START {act=android.intent.action.MAIN cat=[android.intent.category.HOME] flg=0x10200000 cmp=com.android.launcher/com.android.launcher2.Launcher u=0} from pid 230
D/InputEventConsistencyVerifier(  427): KeyEvent: ACTION_UP but key was not down.
D/InputEventConsistencyVerifier(  427):   in com.android.systemui.statusbar.phone.StatusBarWindowView@b3e8d300
D/InputEventConsistencyVerifier(  427):   0: sent at 208472000000, KeyEvent { action=ACTION_UP, keyCode=KEYCODE_DPAD_LEFT, scanCode=0, metaState=0, flags=0x8, repeatCount=0, eventTime=208472, downTime=208472, deviceId=-1, source=0x101 }
D/InputEventConsistencyVerifier(  427):   -- recent events --
D/InputEventConsistencyVerifier(  427):   1: sent at 208331000000, MotionEvent { action=ACTION_UP, id[0]=0, x[0]=219.0, y[0]=638.0, toolType[0]=TOOL_TYPE_UNKNOWN, buttonState=0, metaState=0, flags=0x0, edgeFlags=0x0, pointerCount=1, historySize=0, eventTime=208331, downTime=208277, deviceId=0, source=0x1002 }
D/InputEventConsistencyVerifier(  427):   2: sent at 208328000000, MotionEvent { action=ACTION_MOVE, id[0]=0, x[0]=225.0, y[0]=644.0, toolType[0]=TOOL_TYPE_UNKNOWN, buttonState=0, metaState=0, flags=0x0, edgeFlags=0x0, pointerCount=1, historySize=6, eventTime=208328, downTime=208277, deviceId=0, source=0x1002 }
D/InputEventConsistencyVerifier(  427):   3: sent at 208280000000, MotionEvent { action=ACTION_DOWN, id[0]=0, x[0]=242.0, y[0]=668.0, toolType[0]=TOOL_TYPE_UNKNOWN, buttonState=0, metaState=0, flags=0x0, edgeFlags=0x0, pointerCount=1, historySize=0, eventTime=208280, downTime=208277, deviceId=0, source=0x1002 }
D/InputEventConsistencyVerifier(  427):   4: sent at 208247000000, (unhandled) KeyEvent { action=ACTION_UP, keyCode=KEYCODE_3D_MODE, scanCode=0, metaState=0, flags=0x8, repeatCount=0, eventTime=208247, downTime=208247, deviceId=-1, source=0x101 }
D/InputEventConsistencyVerifier(  427):   5: sent at 208199000000, (unhandled) KeyEvent { action=ACTION_DOWN, keyCode=KEYCODE_3D_MODE, scanCode=0, metaState=0, flags=0x8, repeatCount=0, eventTime=208199, downTime=208199, deviceId=-1, source=0x101 }
I/Choreographer(  427): Skipped 38 frames!  The application may be doing too much work on its main thread.
W/dalvikvm(  427): DroidBox: { "FdAccess": { "path": "2f70726f632f6d656d696e666f", "id": "817406275" } }
W/DroidBox(  427): DroidBox: { "FileRW": { "operation": "read", "data": "4d656d546f74616c3a202020202020202020373438393634206b420a4d656d467265653a20202020202020202020343433373434206b420a427566666572733a20202020202020202020202035363136206b420a4361636865643a202020202020202020", "id": "817406275" } }
I/ActivityManager(  230): START {act=android.intent.action.MAIN cat=[android.intent.category.LAUNCHER] flg=0x10200000 cmp=com.ps.llk/.MainActivity u=0} from pid 999
W/dalvikvm(  427): DroidBox: { "FdAccess": { "path": "2f70726f632f6d656d696e666f", "id": "1240950113" } }
W/DroidBox(  427): DroidBox: { "FileRW": { "operation": "read", "data": "4d656d546f74616c3a202020202020202020373438393634206b420a4d656d467265653a20202020202020202020343433373434206b420a427566666572733a20202020202020202020202035363136206b420a4361636865643a202020202020202020", "id": "1240950113" } }
I/Choreographer(  427): Skipped 41 frames!  The application may be doing too much work on its main thread.
D/InputEventConsistencyVerifier(  427): KeyEvent: ACTION_UP but key was not down.
D/InputEventConsistencyVerifier(  427):   in android.widget.FrameLayout@b3eace50
D/InputEventConsistencyVerifier(  427):   0: sent at 208723000000, KeyEvent { action=ACTION_UP, keyCode=KEYCODE_DPAD_DOWN, scanCode=0, metaState=0, flags=0x8, repeatCount=0, eventTime=208723, downTime=208723, deviceId=-1, source=0x101 }
D/InputEventConsistencyVerifier(  427):   -- recent events --
D/InputEventConsistencyVerifier(  427):   1: sent at 208174000000, MotionEvent { action=ACTION_UP, id[0]=0, x[0]=419.0, y[0]=226.0, toolType[0]=TOOL_TYPE_UNKNOWN, buttonState=0, metaState=0, flags=0x0, edgeFlags=0x0, pointerCount=1, historySize=0, eventTime=208174, downTime=208142, deviceId=0, source=0x1002 }
D/InputEventConsistencyVerifier(  427):   2: sent at 208159000000, MotionEvent { action=ACTION_MOVE, id[0]=0, x[0]=426.0, y[0]=237.0, toolType[0]=TOOL_TYPE_UNKNOWN, buttonState=0, metaState=0, flags=0x0, edgeFlags=0x0, pointerCount=1, historySize=1, eventTime=208159, downTime=208142, deviceId=0, source=0x1002 }
D/InputEventConsistencyVerifier(  427):   3: sent at 208143000000, MotionEvent { action=ACTION_DOWN, id[0]=0, x[0]=436.0, y[0]=252.0, toolType[0]=TOOL_TYPE_UNKNOWN, buttonState=0, metaState=0, flags=0x80000000, edgeFlags=0x0, pointerCount=1, historySize=0, eventTime=208143, downTime=208142, deviceId=0, source=0x1002 }
D/InputEventConsistencyVerifier(  427):   4: sent at 195520000000, (unhandled) KeyEvent { action=ACTION_UP, keyCode=KEYCODE_DPAD_CENTER, scanCode=0, metaState=0, flags=0x8, repeatCount=0, eventTime=195520, downTime=195520, deviceId=-1, source=0x101 }
D/InputEventConsistencyVerifier(  427):   5: sent at 195351000000, (unhandled) KeyEvent { action=ACTION_DOWN, keyCode=KEYCODE_DPAD_CENTER, scanCode=0, metaState=0, flags=0x8, repeatCount=0, eventTime=195351, downTime=195351, deviceId=-1, source=0x101 }
W/dalvikvm(  427): DroidBox: { "FdAccess": { "path": "2f70726f632f6d656d696e666f", "id": "1740712577" } }
