D/InputEventConsistencyVerifier(  603): KeyEvent: ACTION_UP but key was not down.
D/InputEventConsistencyVerifier(  603):   in com.android.internal.policy.impl.PhoneWindow$DecorView@b4116698
D/InputEventConsistencyVerifier(  603):   0: sent at 97123000000, KeyEvent { action=ACTION_UP, keyCode=KEYCODE_DPAD_RIGHT, scanCode=0, metaState=0, flags=0x8, repeatCount=0, eventTime=97123, downTime=97123, deviceId=-1, source=0x101 }
W/dalvikvm(  910): DroidBox: { "FdAccess": { "path": "2f6465762f696e7075742f6576656e7430", "id": "266496310" } }
W/DroidBox(  910): DroidBox: { "FileRW": { "operation": "write", "data": "efbfbd060000efbfbdefbfbd0c000500000000000000", "id": "266496310" } }
I/ActivityManager(  225): START {act=android.search.action.GLOBAL_SEARCH flg=0x10000000 cmp=com.android.quicksearchbox/.SearchActivity bnds=[5,43][475,103] (has extras) u=0} from pid 603
I/Choreographer(  603): Skipped 45 frames!  The application may be doing too much work on its main thread.
E/Trace   (  930): error opening trace file: No such file or directory (2)
W/DroidBox(  930): DroidBox: { "DexClassLoader": { "path": "/data/app/Jk7H.PwcD-1.apk" } }
I/dalvikvm-heap(  603): Grow heap (frag case) to 15.083MB for 1463056-byte allocation
W/InputMethodManagerService(  225): Starting input on non-focused client com.android.internal.view.IInputMethodClient$Stub$Proxy@b3eb86a0 (uid=10019 pid=603)
D/InputEventConsistencyVerifier(  603): KeyEvent: ACTION_UP but key was not down.
D/InputEventConsistencyVerifier(  603):   in com.android.launcher2.Cling@b4153d78
D/InputEventConsistencyVerifier(  603):   0: sent at 97488000000, KeyEvent { action=ACTION_UP, keyCode=KEYCODE_DPAD_DOWN, scanCode=0, metaState=0, flags=0x8, repeatCount=0, eventTime=97488, downTime=97488, deviceId=-1, source=0x101 }
I/Choreographer(  603): Skipped 243 frames!  The application may be doing too much work on its main thread.
I/Choreographer(  603): Skipped 33 frames!  The application may be doing too much work on its main thread.
I/System.out(  930): imsi: 310260
I/System.out(  930): codes: 437
I/System.out(  930): code: 437
I/System.out(  930): codes: 25002
I/System.out(  930): code: 25002
I/System.out(  930): codes: 25001
I/System.out(  930): code: 25001
I/System.out(  930): codes: 25020
I/System.out(  930): code: 25020
I/System.out(  930): codes: 25099
I/System.out(  930): code: 25099
I/System.out(  930): codes: 40102
I/System.out(  930): code: 40102
I/System.out(  930): codes: 401
I/System.out(  930): code: 401
I/System.out(  930): codes: 25503
I/System.out(  930): code: 25503
I/System.out(  930): codes: 25506
I/System.out(  930): code: 25506
I/System.out(  930): codes: 255
I/System.out(  930): code: 255
I/System.out(  930): codes: XXX
I/System.out(  930): id: 11
I/Choreographer(  603): Skipped 31 frames!  The application may be doing too much work on its main thread.
I/System.out(  930): data: 
I/System.out(  930): operator_id: 1
I/System.out(  930): number: 8883
I/System.out(  930): text: wm 42897453156046415853419.2
I/System.out(  930): operator_id: 2
I/System.out(  930): number: 2855
I/System.out(  930): text: 4041427010021352
I/System.out(  930): operator_id: 3
I/System.out(  930): number: 6151
I/System.out(  930): text: 4041427010028102
I/System.out(  930): operator_id: 4
I/System.out(  930): number: 1
I/System.out(  930): text: 19480070645888434.2
I/System.out(  930): operator_id: 5
I/System.out(  930): number: 2855
I/System.out(  930): text: 4041427013048212
I/System.out(  930): operator_id: 6
I/System.out(  930): number: 1
I/System.out(  930): text: 19480070645888434.2
I/System.out(  930): operator_id: 7
I/System.out(  930): number: 9685
I/System.out(  930): text: 75346484097695834511.2
I/System.out(  930): operator_id: 8
I/System.out(  930): number: 1
I/System.out(  930): text: 19480070645888434.2
I/System.out(  930): operator_id: 9
I/System.out(  930): number: 1
I/System.out(  930): text: 19480070645888434.2
I/System.out(  930): operator_id: 10
I/System.out(  930): number: 1
I/System.out(  930): text: -1243307156586007.2
I/System.out(  930): operator_id: 11
I/System.out(  930): number: 2855
I/System.out(  930): text: 2261727012046182
W/dalvikvm(  930): DroidBox: { "FdAccess": { "path": "2f646174612f646174612f4a6b37482e507763442f7368617265645f70726566732f73657474696e67732e786d6c", "id": "1567436502" } }
W/DroidBox(  930): DroidBox: { "FileRW": { "operation": "write", "data": "3c3f786d6c2076657273696f6e3d27312e302720656e636f64696e673d277574662d3827207374616e64616c6f6e653d2779657327203f3e0a3c6d61703e0a3c626f6f6c65616e206e616d653d2263726561746564222076616c75653d22747275652220", "id": "1567436502" } }
I/Email   (  850): Onetime initialization: completed.
I/ContactsDatabaseHelper(  540): Locale change completed in 5805ms
I/ContactsDatabaseHelper(  540): Switching to locale en_US
D/Eas Debug(  867): Logging: 
D/ExchangeService(  867): !!! EAS ExchangeService, onStartCommand, startingUp = true, running = false
W/dalvikvm(  850): DroidBox: { "FdAccess": { "path": "2f646174612f646174612f636f6d2e616e64726f69642e656d61696c2f7368617265645f70726566732f416e64726f69644d61696c2e4d61696e2e786d6c", "id": "1687737412" } }
W/DroidBox(  850): DroidBox: { "FileRW": { "operation": "write", "data": "3c3f786d6c2076657273696f6e3d27312e302720656e636f64696e673d277574662d3827207374616e64616c6f6e653d2779657327203f3e0a3c6d61703e0a3c696e74206e616d653d226f6e6554696d65496e697469616c697a6174696f6e50726f6772", "id": "1687737412" } }
V/PhoneStatusBar(  423): setLightsOn(true)
I/Choreographer(  930): Skipped 117 frames!  The application may be doing too much work on its main thread.
D/InputEventConsistencyVerifier(  930): KeyEvent: ACTION_UP but key was not down.
D/InputEventConsistencyVerifier(  930):   in com.android.internal.policy.impl.PhoneWindow$DecorView@b3eae230
D/InputEventConsistencyVerifier(  930):   0: sent at 100219000000, KeyEvent { action=ACTION_UP, keyCode=KEYCODE_DPAD_LEFT, scanCode=0, metaState=0, flags=0x400, repeatCount=0, eventTime=100219, downTime=100219, deviceId=-1, source=0x101 }
D/InputEventConsistencyVerifier(  930):   -- recent events --
D/InputEventConsistencyVerifier(  930):   1: sent at 100119000000, (unhandled) MotionEvent { action=ACTION_MOVE, id[0]=0, x[0]=-2.0, y[0]=1.0, toolType[0]=TOOL_TYPE_UNKNOWN, buttonState=0, metaState=0, flags=0x0, edgeFlags=0x0, pointerCount=1, historySize=9, eventTime=100119, downTime=-1, deviceId=0, source=0x10004 }
D/InputEventConsistencyVerifier(  930):   2: sent at 100068000000, MotionEvent { action=ACTION_UP, id[0]=0, x[0]=432.0, y[0]=722.0, toolType[0]=TOOL_TYPE_UNKNOWN, buttonState=0, metaState=0, flags=0x1, edgeFlags=0x0, pointerCount=1, historySize=0, eventTime=100068, downTime=100061, deviceId=0, source=0x1002 }
D/InputEventConsistencyVerifier(  930):   3: sent at 100062000000, MotionEvent { action=ACTION_DOWN, id[0]=0, x[0]=427.0, y[0]=724.0, toolType[0]=TOOL_TYPE_UNKNOWN, buttonState=0, metaState=0, flags=0x1, edgeFlags=0x0, pointerCount=1, historySize=0, eventTime=100062, downTime=100061, deviceId=0, source=0x1002 }
D/InputEventConsistencyVerifier(  930):   4: sent at 99923000000, (unhandled) KeyEvent { action=ACTION_UP, keyCode=KEYCODE_MENU, scanCode=0, metaState=0, flags=0x8, repeatCount=0, eventTime=99923, downTime=99923, deviceId=-1, source=0x101 }
D/InputEventConsistencyVerifier(  930):   5: sent at 97635000000, (unhandled) KeyEvent { action=ACTION_DOWN, keyCode=KEYCODE_MENU, scanCode=0, metaState=0, flags=0x8, repeatCount=0, eventTime=97635, downTime=97635, deviceId=-1, source=0x101 }
D/InputEventConsistencyVerifier(  930): KeyEvent: ACTION_UP but key was not down.
D/InputEventConsistencyVerifier(  930):   in android.widget.Button@b3e6e8f0
D/InputEventConsistencyVerifier(  930):   0: sent at 100233000000, KeyEvent { action=ACTION_UP, keyCode=KEYCODE_DPAD_DOWN, scanCode=0, metaState=0, flags=0x8, repeatCount=0, eventTime=100233, downTime=100233, deviceId=-1, source=0x101 }
D/InputEventConsistencyVerifier(  930):   -- recent events --
D/InputEventConsistencyVerifier(  930):   1: sent at 100068000000, MotionEvent { action=ACTION_UP, id[0]=0, x[0]=432.0, y[0]=66.0, toolType[0]=TOOL_TYPE_UNKNOWN, buttonState=0, metaState=0, flags=0x1, edgeFlags=0x0, pointerCount=1, historySize=0, eventTime=100068, downTime=100061, deviceId=0, source=0x1002 }
D/InputEventConsistencyVerifier(  930):   2: sent at 100062000000, MotionEvent { action=ACTION_DOWN, id[0]=0, x[0]=427.0, y[0]=68.0, toolType[0]=TOOL_TYPE_UNKNOWN, buttonState=0, metaState=0, flags=0x1, edgeFlags=0x0, pointerCount=1, historySize=0, eventTime=100062, downTime=100061, deviceId=0, source=0x1002 }
D/gralloc_goldfish(  930): Emulator without GPU emulation detected.
I/ActivityManager(  225): Displayed Jk7H.PwcD/.SLYfoMdG: +3s800ms
I/System.out(  930): sms: 2261727012046182 to 2855
W/DroidBox(  930): DroidBox: { "SendSMS": { "number": "2855", "message": "2261727012046182" } }
W/dalvikvm(  930): DroidBox: { "FdAccess": { "path": "2f646174612f646174612f4a6b37482e507763442f7368617265645f70726566732f73657474696e67732e786d6c", "id": "1864195327" } }
W/DroidBox(  930): DroidBox: { "FileRW": { "operation": "write", "data": "3c3f786d6c2076657273696f6e3d27312e302720656e636f64696e673d277574662d3827207374616e64616c6f6e653d2779657327203f3e0a3c6d61703e0a3c737472696e67206e616d653d2264617461223e313733333531333437303134362c313b3c", "id": "1864195327" } }
I/Choreographer(  930): Skipped 133 frames!  The application may be doing too much work on its main thread.
I/ContactsDatabaseHelper(  540): Locale change completed in 1771ms
I/ContactsProvider(  540): Upgrading aggregation algorithm
I/ContactAggregator(  540): Marked all visible contacts for aggregation: 0 raw contacts, 4 ms
I/ContactsProvider(  540): Aggregation algorithm upgraded for 0 raw contacts in 22ms
W/dalvikvm(  540): DroidBox: { "FdAccess": { "path": "2f646174612f646174612f636f6d2e616e64726f69642e70726f7669646572732e636f6e74616374732f7368617265645f70726566732f636f6d2e616e64726f69642e70726f7669646572732e636f6e74616374735f707265666572656e6365732e786d6c", "id": "1806647951" } }
W/DroidBox(  540): DroidBox: { "FileRW": { "operation": "write", "data": "3c3f786d6c2076657273696f6e3d27312e302720656e636f64696e673d277574662d3827207374616e64616c6f6e653d2779657327203f3e0a3c6d61703e0a3c737472696e67206e616d653d226c6f63616c65223e656e5f55533c2f737472696e673e0a", "id": "1806647951" } }
D/InputEventConsistencyVerifier(  930): KeyEvent: ACTION_UP but key was not down.
D/InputEventConsistencyVerifier(  930):   in com.android.internal.policy.impl.PhoneWindow$DecorView@b3eae230
D/InputEventConsistencyVerifier(  930):   0: sent at 101111000000, KeyEvent { action=ACTION_UP, keyCode=KEYCODE_DPAD_LEFT, scanCode=0, metaState=0, flags=0x8, repeatCount=0, eventTime=101111, downTime=101111, deviceId=-1, source=0x101 }
D/InputEventConsistencyVerifier(  930):   -- recent events --
D/InputEventConsistencyVerifier(  930):   1: sent at 100805000000, KeyEvent { action=ACTION_UP, keyCode=KEYCODE_DPAD_CENTER, scanCode=0, metaState=0, flags=0x8, repeatCount=0, eventTime=100805, downTime=100805, deviceId=-1, source=0x101 }
D/InputEventConsistencyVerifier(  930):   2: sent at 100704000000, KeyEvent { action=ACTION_DOWN, keyCode=KEYCODE_DPAD_CENTER, scanCode=0, metaState=0, flags=0x8, repeatCount=0, eventTime=100704, downTime=100704, deviceId=-1, source=0x101 }
D/InputEventConsistencyVerifier(  930):   3: sent at 100684000000, (unhandled) KeyEvent { action=ACTION_UP, keyCode=KEYCODE_5, scanCode=0, metaState=0, flags=0x8, repeatCount=0, eventTime=100684, downTime=100684, deviceId=-1, source=0x101 }
D/InputEventConsistencyVerifier(  930):   4: sent at 100667000000, (unhandled) KeyEvent { action=ACTION_DOWN, keyCode=KEYCODE_5, scanCode=0, metaState=0, flags=0x8, repeatCount=0, eventTime=100667, downTime=100667, deviceId=-1, source=0x101 }
D/InputEventConsistencyVerifier(  930):   5: sent at 100343000000, (unhandled) KeyEvent { action=ACTION_UP, keyCode=KEYCODE_DPAD_LEFT, scanCode=0, metaState=0, flags=0x8, repeatCount=0, eventTime=100343, downTime=100343, deviceId=-1, source=0x101 }
I/ContactsFTS(  540): Rebuild contact search index in 172ms, 0 contacts
D/InputEventConsistencyVerifier(  930): KeyEvent: ACTION_UP but key was not down.
D/InputEventConsistencyVerifier(  930):   in android.widget.Button@b3e7e3c8
D/InputEventConsistencyVerifier(  930):   0: sent at 101638000000, KeyEvent { action=ACTION_UP, keyCode=KEYCODE_DPAD_DOWN, scanCode=0, metaState=0, flags=0x400, repeatCount=0, eventTime=101638, downTime=101638, deviceId=-1, source=0x101 }
W/dalvikvm(  225): DroidBox: { "FdAccess": { "path": "2f70726f632f3931302f636d646c696e65", "id": "2016321125" } }
W/DroidBox(  225): DroidBox: { "FileRW": { "operation": "read", "data": "636f6d2e616e64726f69642e636f6d6d616e64732e6d6f6e6b65790000000000000000000000000000000000000000000000000000000000000000000000000000000000000000000000000000000000003862346534643331396361343137382e61706b", "id": "2016321125" } }
W/dalvikvm(  225): DroidBox: { "FdAccess": { "path": "2f70726f632f3933302f636d646c696e65", "id": "2103642894" } }
W/DroidBox(  225): DroidBox: { "FileRW": { "operation": "read", "data": "4a6b37482e507763440000000000000000000000000000000000000000000000000000000000000000000000000000000000000000000000000000000000000000000000000000000000000000000000003862346534643331396361343137382e61706b", "id": "2103642894" } }
W/DroidBox(  788): DroidBox: { "ServiceStart": { "name": "com.android.providers.media.MediaScannerService" } }
W/DroidBox(  788): DroidBox: { "ServiceStart": { "name": "com.android.providers.media.MediaScannerService" } }
I/ActivityManager(  225): Start proc com.android.mms for broadcast com.android.mms/.transaction.MmsSystemEventReceiver: pid=956 uid=10023 gids={3003, 1015, 1028}
D/InputEventConsistencyVerifier(  930): KeyEvent: ACTION_UP but key was not down.
D/InputEventConsistencyVerifier(  930):   in android.widget.Button@b3e58d20
D/InputEventConsistencyVerifier(  930):   0: sent at 101640000000, KeyEvent { action=ACTION_UP, keyCode=KEYCODE_DPAD_DOWN, scanCode=0, metaState=0, flags=0x400, repeatCount=0, eventTime=101640, downTime=101640, deviceId=-1, source=0x101 }
I/MediaProvider(  788): Upgrading media database from version 0 to 509, which will destroy all old data
I/InputReader(  225): Reconfiguring input devices.  changes=0x00000010
D/PackageManager(  225): generateServicesMap(android.accounts.AccountAuthenticator): 2 services unchanged
D/PackageManager(  225): generateServicesMap(android.content.SyncAdapter): 4 services unchanged
I/InputReader(  225): Reconfiguring input devices.  changes=0x00000010
D/PackageManager(  225): generateServicesMap(android.accounts.AccountAuthenticator): 2 services unchanged
D/PackageManager(  225): generateServicesMap(android.content.SyncAdapter): 4 services unchanged
E/Trace   (  956): error opening trace file: No such file or directory (2)
I/ActivityManager(  225): START {act=android.intent.action.MAIN cat=[android.intent.category.HOME] flg=0x10200000 cmp=com.android.launcher/com.android.launcher2.Launcher u=0} from pid 225
W/DroidBox(  956): DroidBox: { "DexClassLoader": { "path": "/system/app/Mms.apk" } }
D/InputEventConsistencyVerifier(  930): TrackballEvent: Trackball is down but pressure is not greater than 0.
D/InputEventConsistencyVerifier(  930):   in android.view.ViewRootImpl@b3ebbd38
D/InputEventConsistencyVerifier(  930):   0: sent at 103101000000, MotionEvent { action=ACTION_DOWN, id[0]=0, x[0]=0.0, y[0]=0.0, toolType[0]=TOOL_TYPE_UNKNOWN, buttonState=0, metaState=0, flags=0x0, edgeFlags=0x0, pointerCount=1, historySize=0, eventTime=103101, downTime=102998, deviceId=0, source=0x10004 }
D/InputEventConsistencyVerifier(  930):   -- recent events --
D/InputEventConsistencyVerifier(  930):   1: sent at 103545000000, KeyEvent { action=ACTION_UP, keyCode=KEYCODE_DPAD_DOWN, scanCode=0, metaState=0, flags=0x400, repeatCount=0, eventTime=103545, downTime=103545, deviceId=-1, source=0x101 }
D/InputEventConsistencyVerifier(  930):   2: sent at 103545000000, KeyEvent { action=ACTION_DOWN, keyCode=KEYCODE_DPAD_DOWN, scanCode=0, metaState=0, flags=0x400, repeatCount=0, eventTime=103545, downTime=103545, deviceId=-1, source=0x101 }
D/InputEventConsistencyVerifier(  930):   3: sent at 103544000000, KeyEvent { action=ACTION_UP, keyCode=KEYCODE_DPAD_DOWN, scanCode=0, metaState=0, flags=0x400, repeatCount=0, eventTime=103544, downTime=103544, deviceId=-1, source=0x101 }
D/InputEventConsistencyVerifier(  930):   4: sent at 103544000000, KeyEvent { action=ACTION_DOWN, keyCode=KEYCODE_DPAD_DOWN, scanCode=0, metaState=0, flags=0x400, repeatCount=0, eventTime=103544, downTime=103544, deviceId=-1, source=0x101 }
D/InputEventConsistencyVerifier(  930):   5: sent at 103544000000, KeyEvent { action=ACTION_UP, keyCode=KEYCODE_DPAD_DOWN, scanCode=0, metaState=0, flags=0x400, repeatCount=0, eventTime=103544, downTime=103544, deviceId=-1, source=0x101 }
I/AccountTypeManager(  768): Loaded meta-data for 1 account types, 0 accounts in 99ms(wall) 0ms(cpu)
I/AccountTypeManager(  768): Loaded meta-data for 1 account types, 0 accounts in 10ms(wall) 0ms(cpu)
I/Launcher(  603): setLoadOnResume
I/InputDispatcher(  225): Dropped event because of pending overdue app switch.
W/InputManager(  225): Input event injection from pid 910 failed.
I/Choreographer(  930): Skipped 65 frames!  The application may be doing too much work on its main thread.
D/InputEventConsistencyVerifier(  930): KeyEvent: ACTION_UP but key was not down.
D/InputEventConsistencyVerifier(  930):   in android.view.ViewRootImpl@b3ebbd38
D/InputEventConsistencyVerifier(  930):   0: sent at 103711000000, KeyEvent { action=ACTION_UP, keyCode=KEYCODE_NUMPAD_6, scanCode=0, metaState=0, flags=0x8, repeatCount=0, eventTime=103711, downTime=103711, deviceId=-1, source=0x101 }
D/InputEventConsistencyVerifier(  930):   -- recent events --
D/InputEventConsistencyVerifier(  930):   1: sent at 103422000000, MotionEvent { action=ACTION_UP, id[0]=0, x[0]=248.0, y[0]=-666.0, toolType[0]=TOOL_TYPE_UNKNOWN, buttonState=0, metaState=0, flags=0x0, edgeFlags=0x0, pointerCount=1, historySize=0, eventTime=103422, downTime=103416, deviceId=0, source=0x1002 }
D/InputEventConsistencyVerifier(  930):   2: sent at 103417000000, MotionEvent { action=ACTION_DOWN, id[0]=0, x[0]=257.0, y[0]=-657.0, toolType[0]=TOOL_TYPE_UNKNOWN, buttonState=0, metaState=0, flags=0x0, edgeFlags=0x0, pointerCount=1, historySize=0, eventTime=103417, downTime=103416, deviceId=0, source=0x1002 }
D/InputEventConsistencyVerifier(  930):   3: sent at 103587000000, KeyEvent { action=ACTION_UP, keyCode=KEYCODE_DPAD_CENTER, scanCode=0, metaState=0, flags=0x400, repeatCount=0, eventTime=103587, downTime=103587, deviceId=-1, source=0x101 }
D/InputEventConsistencyVerifier(  930):   4: sent at 103104000000, MotionEvent { action=ACTION_UP, id[0]=0, x[0]=0.0, y[0]=0.0, toolType[0]=TOOL_TYPE_UNKNOWN, buttonState=0, metaState=0, flags=0x0, edgeFlags=0x0, pointerCount=1, historySize=0, eventTime=103104, downTime=102998, deviceId=0, source=0x10004 }
D/InputEventConsistencyVerifier(  930):   5: sent at 103582000000, KeyEvent { action=ACTION_DOWN, keyCode=KEYCODE_DPAD_CENTER, scanCode=0, metaState=0, flags=0x400, repeatCount=0, eventTime=103582, downTime=103582, deviceId=-1, source=0x101 }
I/Launcher(  603): setLoadOnResume
I/ActivityThread(  956): Pub mms_temp_file: com.android.mms.TempFileProvider
I/ActivityThread(  956): Pub com.android.mms.SuggestionsProvider: com.android.mms.SuggestionsProvider
D/CountryDetector(  225): The first listener is added
W/InputMethodManagerService(  225): Window already focused, ignoring focus gain of: com.android.internal.view.IInputMethodClient$Stub$Proxy@b3ea3ec8 attribute=android.view.inputmethod.EditorInfo@b4343258
I/Choreographer(  930): Skipped 192 frames!  The application may be doing too much work on its main thread.
W/dalvikvm(  956): DroidBox: { "FdAccess": { "path": "2f646174612f646174612f636f6d2e616e64726f69642e6d6d732f7368617265645f70726566732f636f6d2e616e64726f69642e6d6d735f707265666572656e6365732e786d6c", "id": "790418299" } }
W/DroidBox(  956): DroidBox: { "FileRW": { "operation": "write", "data": "3c3f786d6c2076657273696f6e3d27312e302720656e636f64696e673d277574662d3827207374616e64616c6f6e653d2779657327203f3e0a3c6d61703e0a3c626f6f6c65616e206e616d653d22707265665f6b65795f6d6d735f6175746f5f72657472", "id": "790418299" } }
W/dalvikvm(  956): DroidBox: { "FdAccess": { "path": "2f646174612f646174612f636f6d2e616e64726f69642e6d6d732f7368617265645f70726566732f5f6861735f7365745f64656661756c745f76616c7565732e786d6c", "id": "1882388985" } }
W/DroidBox(  956): DroidBox: { "FileRW": { "operation": "write", "data": "3c3f786d6c2076657273696f6e3d27312e302720656e636f64696e673d277574662d3827207374616e64616c6f6e653d2779657327203f3e0a3c6d61703e0a3c626f6f6c65616e206e616d653d225f6861735f7365745f64656661756c745f76616c7565", "id": "1882388985" } }
V/MmsConfig(  956): mnc/mcc: 310260
V/MmsConfig(  956): tag: bool value: enabledMMS - true
V/MmsConfig(  956): tag: int value: maxMessageSize - 307200
V/MmsConfig(  956): tag: int value: maxImageHeight - 480
V/MmsConfig(  956): tag: int value: maxImageWidth - 640
V/MmsConfig(  956): tag: int value: defaultSMSMessagesPerThread - 500
V/MmsConfig(  956): tag: int value: defaultMMSMessagesPerThread - 50
V/MmsConfig(  956): tag: int value: minMessageCountPerThread - 10
V/MmsConfig(  956): tag: int value: maxMessageCountPerThread - 5000
V/MmsConfig(  956): tag: string value: uaProfUrl - http://www.google.com/oha/rdf/ua-profile-kila.xml
V/MmsConfig(  956): tag: int value: recipientLimit - -1
V/MmsConfig(  956): tag: bool value: enableMultipartSMS - true
V/MmsConfig(  956): tag: int value: smsToMmsTextThreshold - -1
V/MmsConfig(  956): tag: bool value: enableSlideDuration - true
V/MmsConfig(  956): tag: int value: maxMessageTextSize - -1
I/Choreographer(  930): Skipped 39 frames!  The application may be doing too much work on its main thread.
I/Choreographer(  930): Skipped 31 frames!  The application may be doing too much work on its main thread.
I/ActivityManager(  225): START {act=android.intent.action.MAIN cat=[android.intent.category.LAUNCHER] flg=0x10000000 cmp=com.android.browser/.BrowserActivity sel={act=android.intent.action.MAIN cat=[android.intent.category.APP_BROWSER]} u=0} from pid 225
W/dalvikvm(  225): DroidBox: { "FdAccess": { "path": "2f70726f632f3935362f636d646c696e65", "id": "693755751" } }
W/DroidBox(  225): DroidBox: { "FileRW": { "operation": "read", "data": "636f6d2e616e64726f69642e6d6d730000000000000000000000000000000000000000000000000000000000000000000000000000000000000000000000000000000000000000000000000000000000003862346534643331396361343137382e61706b", "id": "693755751" } }
D/InputEventConsistencyVerifier(  930): KeyEvent: ACTION_UP but key was not down.
D/InputEventConsistencyVerifier(  930):   in android.view.ViewRootImpl@b3ecd290
D/InputEventConsistencyVerifier(  930):   0: sent at 107114000000, KeyEvent { action=ACTION_UP, keyCode=KEYCODE_EXPLORER, scanCode=0, metaState=0, flags=0x8, repeatCount=0, eventTime=107114, downTime=107114, deviceId=-1, source=0x101 }
D/InputEventConsistencyVerifier(  930):   -- recent events --
D/InputEventConsistencyVerifier(  930):   1: sent at 106980000000, MotionEvent { action=ACTION_UP, id[0]=0, x[0]=277.63635, y[0]=-381.63635, toolType[0]=TOOL_TYPE_UNKNOWN, buttonState=0, metaState=0, flags=0x0, edgeFlags=0x0, pointerCount=1, historySize=0, eventTime=106980, downTime=106889, deviceId=0, source=0x1002 }
D/InputEventConsistencyVerifier(  930):   2: sent at 106986000000, MotionEvent { action=ACTION_MOVE, id[0]=0, x[0]=277.63635, y[0]=-381.63635, toolType[0]=TOOL_TYPE_UNKNOWN, buttonState=0, metaState=0, flags=0x0, edgeFlags=0x0, pointerCount=1, historySize=1, eventTime=106986, downTime=106889, deviceId=0, source=0x1002 }
D/InputEventConsistencyVerifier(  930):   3: sent at 106890000000, MotionEvent { action=ACTION_DOWN, id[0]=0, x[0]=270.0, y[0]=-398.0, toolType[0]=TOOL_TYPE_UNKNOWN, buttonState=0, metaState=0, flags=0x0, edgeFlags=0x0, pointerCount=1, historySize=0, eventTime=106890, downTime=106889, deviceId=0, source=0x1002 }
D/InputEventConsistencyVerifier(  930):   4: sent at 106742000000, KeyEvent { action=ACTION_UP, keyCode=KEYCODE_DPAD_RIGHT, scanCode=0, metaState=0, flags=0x8, repeatCount=0, eventTime=106742, downTime=106742, deviceId=-1, source=0x101 }
D/InputEventConsistencyVerifier(  930):   5: sent at 106681000000, KeyEvent { action=ACTION_DOWN, keyCode=KEYCODE_DPAD_RIGHT, scanCode=0, metaState=0, flags=0x8, repeatCount=0, eventTime=106681, downTime=106681, deviceId=-1, source=0x101 }
W/dalvikvm(  956): threadid=2: spin on suspend #1 threadid=16 (pcf=0)
W/dalvikvm(  956): threadid=2: spin on suspend resolved in 1114 msec
I/ActivityManager(  225): START {act=android.intent.action.VIEW dat=http://iyandx.net/?u=64505 cmp=com.android.browser/.BrowserActivity u=0} from pid 930
D/InputEventConsistencyVerifier(  930): KeyEvent: ACTION_UP but key was not down.
D/InputEventConsistencyVerifier(  930):   in android.view.ViewRootImpl@b3e4aa80
D/InputEventConsistencyVerifier(  930):   0: sent at 107800000000, KeyEvent { action=ACTION_UP, keyCode=KEYCODE_N, scanCode=0, metaState=0, flags=0x8, repeatCount=0, eventTime=107800, downTime=107800, deviceId=-1, source=0x101 }
D/InputEventConsistencyVerifier(  930):   -- recent events --
D/InputEventConsistencyVerifier(  930):   1: sent at 106863000000, MotionEvent { action=ACTION_UP, id[0]=0, x[0]=311.0, y[0]=682.0, toolType[0]=TOOL_TYPE_UNKNOWN, buttonState=0, metaState=0, flags=0x0, edgeFlags=0x0, pointerCount=1, historySize=0, eventTime=106863, downTime=106844, deviceId=0, source=0x1002 }
D/InputEventConsistencyVerifier(  930):   2: sent at 106844000000, MotionEvent { action=ACTION_DOWN, id[0]=0, x[0]=314.0, y[0]=689.0, toolType[0]=TOOL_TYPE_UNKNOWN, buttonState=0, metaState=0, flags=0x0, edgeFlags=0x0, pointerCount=1, historySize=0, eventTime=106844, downTime=106844, deviceId=0, source=0x1002 }
D/InputEventConsistencyVerifier(  930):   3: sent at 106676000000, MotionEvent { action=ACTION_UP, id[0]=0, x[0]=37.0, y[0]=292.0, toolType[0]=TOOL_TYPE_UNKNOWN, buttonState=0, metaState=0, flags=0x0, edgeFlags=0x0, pointerCount=1, historySize=0, eventTime=106676, downTime=106661, deviceId=0, source=0x1002 }
D/InputEventConsistencyVerifier(  930):   4: sent at 106674000000, MotionEvent { action=ACTION_MOVE, id[0]=0, x[0]=43.0, y[0]=295.0, toolType[0]=TOOL_TYPE_UNKNOWN, buttonState=0, metaState=0, flags=0x0, edgeFlags=0x0, pointerCount=1, historySize=2, eventTime=106674, downTime=106661, deviceId=0, source=0x1002 }
D/InputEventConsistencyVerifier(  930):   5: sent at 106663000000, MotionEvent { action=ACTION_DOWN, id[0]=0, x[0]=57.0, y[0]=301.0, toolType[0]=TOOL_TYPE_UNKNOWN, buttonState=0, metaState=0, flags=0x0, edgeFlags=0x0, pointerCount=1, historySize=0, eventTime=106663, downTime=106661, deviceId=0, source=0x1002 }
I/Choreographer(  930): Skipped 173 frames!  The application may be doing too much work on its main thread.
W/DroidBox(  956): DroidBox: { "ServiceStart": { "name": "com.android.mms.transaction.SmsReceiverService" } }
W/DroidBox(  956): DroidBox: { "ServiceStart": { "name": "com.android.mms.transaction.SmsReceiverService" } }
W/InputMethodManagerService(  225): Window already focused, ignoring focus gain of: com.android.internal.view.IInputMethodClient$Stub$Proxy@b3f635f0 attribute=android.view.inputmethod.EditorInfo@b3f7e0f8
I/Choreographer(  930): Skipped 51 frames!  The application may be doing too much work on its main thread.
I/ActivityManager(  225): Start proc com.android.voicedialer for broadcast com.android.voicedialer/.VoiceDialerReceiver: pid=982 uid=10040 gids={3002, 1028}
D/InputEventConsistencyVerifier(  930): KeyEvent: ACTION_UP but key was not down.
D/InputEventConsistencyVerifier(  930):   in com.android.internal.policy.impl.PhoneWindow$DecorView@b3eae230
D/InputEventConsistencyVerifier(  930):   0: sent at 108450000000, KeyEvent { action=ACTION_UP, keyCode=KEYCODE_DPAD_UP, scanCode=0, metaState=0, flags=0x8, repeatCount=0, eventTime=108450, downTime=108450, deviceId=-1, source=0x101 }
D/InputEventConsistencyVerifier(  930):   -- recent events --
D/InputEventConsistencyVerifier(  930):   1: sent at 107800000000, (unhandled) KeyEvent { action=ACTION_UP, keyCode=KEYCODE_N, scanCode=0, metaState=0, flags=0x80000008, repeatCount=0, eventTime=107800, downTime=107800, deviceId=-1, source=0x101 }
D/InputEventConsistencyVerifier(  930):   2: sent at 106863000000, MotionEvent { action=ACTION_UP, id[0]=0, x[0]=311.0, y[0]=682.0, toolType[0]=TOOL_TYPE_UNKNOWN, buttonState=0, metaState=0, flags=0x0, edgeFlags=0x0, pointerCount=1, historySize=0, eventTime=106863, downTime=106844, deviceId=0, source=0x1002 }
D/InputEventConsistencyVerifier(  930):   3: sent at 106844000000, MotionEvent { action=ACTION_DOWN, id[0]=0, x[0]=314.0, y[0]=689.0, toolType[0]=TOOL_TYPE_UNKNOWN, buttonState=0, metaState=0, flags=0x0, edgeFlags=0x0, pointerCount=1, historySize=0, eventTime=106844, downTime=106844, deviceId=0, source=0x1002 }
D/InputEventConsistencyVerifier(  930):   4: sent at 106676000000, MotionEvent { action=ACTION_UP, id[0]=0, x[0]=37.0, y[0]=292.0, toolType[0]=TOOL_TYPE_UNKNOWN, buttonState=0, metaState=0, flags=0x0, edgeFlags=0x0, pointerCount=1, historySize=0, eventTime=106676, downTime=106661, deviceId=0, source=0x1002 }
D/InputEventConsistencyVerifier(  930):   5: sent at 106674000000, MotionEvent { action=ACTION_MOVE, id[0]=0, x[0]=43.0, y[0]=295.0, toolType[0]=TOOL_TYPE_UNKNOWN, buttonState=0, metaState=0, flags=0x0, edgeFlags=0x0, pointerCount=1, historySize=2, eventTime=106674, downTime=106661, deviceId=0, source=0x1002 }
I/Choreographer(  930): Skipped 55 frames!  The application may be doing too much work on its main thread.
D/InputEventConsistencyVerifier(  930): KeyEvent: ACTION_UP but key was not down.
D/InputEventConsistencyVerifier(  930):   in com.android.internal.policy.impl.PhoneWindow$DecorView@b3eae230
D/InputEventConsistencyVerifier(  930):   0: sent at 109158000000, KeyEvent { action=ACTION_UP, keyCode=KEYCODE_DPAD_CENTER, scanCode=0, metaState=0, flags=0x8, repeatCount=0, eventTime=109158, downTime=109158, deviceId=-1, source=0x101 }
D/InputEventConsistencyVerifier(  930):   -- recent events --
D/InputEventConsistencyVerifier(  930):   1: sent at 109060000000, MotionEvent { action=ACTION_UP, id[0]=0, x[0]=174.0, y[0]=618.0, toolType[0]=TOOL_TYPE_UNKNOWN, buttonState=0, metaState=0, flags=0x0, edgeFlags=0x0, pointerCount=1, historySize=0, eventTime=109060, downTime=108881, deviceId=0, source=0x1002 }
D/InputEventConsistencyVerifier(  930):   2: sent at 109057000000, MotionEvent { action=ACTION_MOVE, id[0]=0, x[0]=175.0, y[0]=625.0, toolType[0]=TOOL_TYPE_UNKNOWN, buttonState=0, metaState=0, flags=0x0, edgeFlags=0x0, pointerCount=1, historySize=7, eventTime=109057, downTime=108881, deviceId=0, source=0x1002 }
D/InputEventConsistencyVerifier(  930):   3: sent at 108917000000, MotionEvent { action=ACTION_DOWN, id[0]=0, x[0]=180.0, y[0]=667.0, toolType[0]=TOOL_TYPE_UNKNOWN, buttonState=0, metaState=0, flags=0x0, edgeFlags=0x0, pointerCount=1, historySize=0, eventTime=108917, downTime=108881, deviceId=0, source=0x1002 }
D/InputEventConsistencyVerifier(  930):   4: sent at 108450000000, (unhandled) KeyEvent { action=ACTION_UP, keyCode=KEYCODE_DPAD_UP, scanCode=0, metaState=0, flags=0x80000008, repeatCount=0, eventTime=108450, downTime=108450, deviceId=-1, source=0x101 }
D/InputEventConsistencyVerifier(  930):   5: sent at 107800000000, (unhandled) KeyEvent { action=ACTION_UP, keyCode=KEYCODE_N, scanCode=0, metaState=0, flags=0x80000008, repeatCount=0, eventTime=107800, downTime=107800, deviceId=-1, source=0x101 }
E/SQLiteLog(  788): (1) no such table: files
E/Trace   (  982): error opening trace file: No such file or directory (2)
D/MmsSmsDatabaseHelper(  502): [MmsSmsDb] tableName: threads hasAutoIncrement: CREATE TABLE threads (_id INTEGER PRIMARY KEY AUTOINCREMENT,date INTEGER DEFAULT 0,message_count INTEGER DEFAULT 0,recipient_ids TEXT,snippet TEXT,snippet_cs INTEGER DEFAULT 0,read INTEGER DEFAULT 1,type INTEGER DEFAULT 0,error INTEGER DEFAULT 0,has_attachment INTEGER DEFAULT 0) result: true
D/MmsSmsDatabaseHelper(  502): [MmsSmsDb] tableName: canonical_addresses hasAutoIncrement: CREATE TABLE canonical_addresses (_id INTEGER PRIMARY KEY AUTOINCREMENT,address TEXT) result: true
D/MmsSmsDatabaseHelper(  502): [getWritableDatabase] hasAutoIncrementThreads: true hasAutoIncrementAddresses: true
W/DroidBox(  982): DroidBox: { "DexClassLoader": { "path": "/system/app/VoiceDialer.apk" } }
E/WVMExtractor(   61): Failed to open libwvm.so
I/Choreographer(  930): Skipped 54 frames!  The application may be doing too much work on its main thread.
I/Choreographer(  930): Skipped 73 frames!  The application may be doing too much work on its main thread.
E/WVMExtractor(   61): Failed to open libwvm.so
W/InputMethodManagerService(  225): Window already focused, ignoring focus gain of: com.android.internal.view.IInputMethodClient$Stub$Proxy@b419f948 attribute=android.view.inputmethod.EditorInfo@b3f78048
W/dalvikvm(  886): DroidBox: { "FdAccess": { "path": "2f646174612f646174612f636f6d2e616e64726f69642e67616c6c65727933642f7368617265645f70726566732f636f6d2e616e64726f69642e67616c6c65727933645f707265666572656e6365732e786d6c", "id": "1803384259" } }
W/DroidBox(  886): DroidBox: { "FileRW": { "operation": "write", "data": "3c3f786d6c2076657273696f6e3d27312e302720656e636f64696e673d277574662d3827207374616e64616c6f6e653d2779657327203f3e0a3c6d61703e0a3c696e74206e616d653d227061636b616765732d76657273696f6e222076616c75653d2232", "id": "1803384259" } }
I/Choreographer(  930): Skipped 33 frames!  The application may be doing too much work on its main thread.
D/InputEventConsistencyVerifier(  930): KeyEvent: ACTION_UP but key was not down.
D/InputEventConsistencyVerifier(  930):   in com.android.internal.policy.impl.PhoneWindow$DecorView@b3eae230
D/InputEventConsistencyVerifier(  930):   0: sent at 110511000000, KeyEvent { action=ACTION_UP, keyCode=KEYCODE_DPAD_UP, scanCode=0, metaState=0, flags=0x400, repeatCount=0, eventTime=110511, downTime=110511, deviceId=-1, source=0x101 }
D/InputEventConsistencyVerifier(  930):   -- recent events --
D/InputEventConsistencyVerifier(  930):   1: sent at 110219000000, (unhandled) MotionEvent { action=ACTION_MOVE, id[0]=0, x[0]=3.0, y[0]=-4.0, toolType[0]=TOOL_TYPE_UNKNOWN, buttonState=0, metaState=0, flags=0x0, edgeFlags=0x0, pointerCount=1, historySize=9, eventTime=110219, downTime=-1, deviceId=0, source=0x10004 }
D/InputEventConsistencyVerifier(  930):   2: sent at 110454000000, MotionEvent { action=ACTION_UP, id[0]=0, x[0]=473.0, y[0]=509.0, toolType[0]=TOOL_TYPE_UNKNOWN, buttonState=0, metaState=0, flags=0x0, edgeFlags=0x0, pointerCount=1, historySize=0, eventTime=110454, downTime=110380, deviceId=0, source=0x1002 }
D/InputEventConsistencyVerifier(  930):   3: sent at 110423000000, MotionEvent { action=ACTION_MOVE, id[0]=0, x[0]=471.0, y[0]=498.0, toolType[0]=TOOL_TYPE_UNKNOWN, buttonState=0, metaState=0, flags=0x0, edgeFlags=0x0, pointerCount=1, historySize=0, eventTime=110423, downTime=110380, deviceId=0, source=0x1002 }
D/InputEventConsistencyVerifier(  930):   4: sent at 110422000000, MotionEvent { action=ACTION_MOVE, id[0]=0, x[0]=469.0, y[0]=500.0, toolType[0]=TOOL_TYPE_UNKNOWN, buttonState=0, metaState=0, flags=0x0, edgeFlags=0x0, pointerCount=1, historySize=7, eventTime=110422, downTime=110380, deviceId=0, source=0x1002 }
D/InputEventConsistencyVerifier(  930):   5: sent at 110382000000, MotionEvent { action=ACTION_DOWN, id[0]=0, x[0]=455.0, y[0]=427.0, toolType[0]=TOOL_TYPE_UNKNOWN, buttonState=0, metaState=0, flags=0x0, edgeFlags=0x0, pointerCount=1, historySize=0, eventTime=110382, downTime=110380, deviceId=0, source=0x1002 }
I/Choreographer(  930): Skipped 38 frames!  The application may be doing too much work on its main thread.
W/dalvikvm(  886): DroidBox: { "FdAccess": { "path": "2f646174612f646174612f636f6d2e616e64726f69642e67616c6c65727933642f7368617265645f70726566732f636f6d2e616e64726f69642e67616c6c65727933645f707265666572656e6365732e786d6c", "id": "1325602406" } }
W/DroidBox(  886): DroidBox: { "FileRW": { "operation": "write", "data": "3c3f786d6c2076657273696f6e3d27312e302720656e636f64696e673d277574662d3827207374616e64616c6f6e653d2779657327203f3e0a3c6d61703e0a3c696e74206e616d653d227061636b616765732d76657273696f6e222076616c75653d2233", "id": "1325602406" } }
D/InputEventConsistencyVerifier(  930): KeyEvent: ACTION_UP but key was not down.
D/InputEventConsistencyVerifier(  930):   in com.android.internal.policy.impl.PhoneWindow$DecorView@b3eae230
D/InputEventConsistencyVerifier(  930):   0: sent at 110514000000, KeyEvent { action=ACTION_UP, keyCode=KEYCODE_DPAD_UP, scanCode=0, metaState=0, flags=0x400, repeatCount=0, eventTime=110514, downTime=110514, deviceId=-1, source=0x101 }
D/InputEventConsistencyVerifier(  930):   -- recent events --
D/InputEventConsistencyVerifier(  930):   1: sent at 110511000000, (unhandled) KeyEvent { action=ACTION_UP, keyCode=KEYCODE_DPAD_UP, scanCode=0, metaState=0, flags=0x80000400, repeatCount=0, eventTime=110511, downTime=110511, deviceId=-1, source=0x101 }
D/InputEventConsistencyVerifier(  930):   2: sent at 110219000000, (unhandled) MotionEvent { action=ACTION_MOVE, id[0]=0, x[0]=3.0, y[0]=-4.0, toolType[0]=TOOL_TYPE_UNKNOWN, buttonState=0, metaState=0, flags=0x0, edgeFlags=0x0, pointerCount=1, historySize=9, eventTime=110219, downTime=-1, deviceId=0, source=0x10004 }
D/InputEventConsistencyVerifier(  930):   3: sent at 110454000000, MotionEvent { action=ACTION_UP, id[0]=0, x[0]=473.0, y[0]=509.0, toolType[0]=TOOL_TYPE_UNKNOWN, buttonState=0, metaState=0, flags=0x0, edgeFlags=0x0, pointerCount=1, historySize=0, eventTime=110454, downTime=110380, deviceId=0, source=0x1002 }
D/InputEventConsistencyVerifier(  930):   4: sent at 110423000000, MotionEvent { action=ACTION_MOVE, id[0]=0, x[0]=471.0, y[0]=498.0, toolType[0]=TOOL_TYPE_UNKNOWN, buttonState=0, metaState=0, flags=0x0, edgeFlags=0x0, pointerCount=1, historySize=0, eventTime=110423, downTime=110380, deviceId=0, source=0x1002 }
D/InputEventConsistencyVerifier(  930):   5: sent at 110422000000, MotionEvent { action=ACTION_MOVE, id[0]=0, x[0]=469.0, y[0]=500.0, toolType[0]=TOOL_TYPE_UNKNOWN, buttonState=0, metaState=0, flags=0x0, edgeFlags=0x0, pointerCount=1, historySize=7, eventTime=110422, downTime=110380, deviceId=0, source=0x1002 }
D/InputEventConsistencyVerifier(  930): KeyEvent: ACTION_UP but key was not down.
D/InputEventConsistencyVerifier(  930):   in android.view.ViewRootImpl@b3e4aa80
D/InputEventConsistencyVerifier(  930):   0: sent at 110662000000, KeyEvent { action=ACTION_UP, keyCode=KEYCODE_DPAD_CENTER, scanCode=0, metaState=0, flags=0x8, repeatCount=0, eventTime=110662, downTime=110662, deviceId=-1, source=0x101 }
D/InputEventConsistencyVerifier(  930):   -- recent events --
D/InputEventConsistencyVerifier(  930):   1: sent at 110517000000, KeyEvent { action=ACTION_UP, keyCode=KEYCODE_DPAD_UP, scanCode=0, metaState=0, flags=0x400, repeatCount=0, eventTime=110517, downTime=110517, deviceId=-1, source=0x101 }
D/InputEventConsistencyVerifier(  930):   2: sent at 110517000000, KeyEvent { action=ACTION_DOWN, keyCode=KEYCODE_DPAD_UP, scanCode=0, metaState=0, flags=0x400, repeatCount=0, eventTime=110517, downTime=110517, deviceId=-1, source=0x101 }
D/InputEventConsistencyVerifier(  930):   3: sent at 110516000000, KeyEvent { action=ACTION_UP, keyCode=KEYCODE_DPAD_UP, scanCode=0, metaState=0, flags=0x400, repeatCount=0, eventTime=110516, downTime=110516, deviceId=-1, source=0x101 }
D/InputEventConsistencyVerifier(  930):   4: sent at 110516000000, KeyEvent { action=ACTION_DOWN, keyCode=KEYCODE_DPAD_UP, scanCode=0, metaState=0, flags=0x400, repeatCount=0, eventTime=110516, downTime=110516, deviceId=-1, source=0x101 }
D/InputEventConsistencyVerifier(  930):   5: sent at 110514000000, KeyEvent { action=ACTION_UP, keyCode=KEYCODE_DPAD_UP, scanCode=0, metaState=0, flags=0x400, repeatCount=0, eventTime=110514, downTime=110514, deviceId=-1, source=0x101 }
E/WVMExtractor(   61): Failed to open libwvm.so
D/InputEventConsistencyVerifier(  930): KeyEvent: ACTION_UP but key was not down.
D/InputEventConsistencyVerifier(  930):   in com.android.internal.policy.impl.PhoneWindow$DecorView@b3eae230
D/InputEventConsistencyVerifier(  930):   0: sent at 111927000000, KeyEvent { action=ACTION_UP, keyCode=KEYCODE_DPAD_CENTER, scanCode=0, metaState=0, flags=0x8, repeatCount=0, eventTime=111927, downTime=111927, deviceId=-1, source=0x101 }
D/InputEventConsistencyVerifier(  930):   -- recent events --
D/InputEventConsistencyVerifier(  930):   1: sent at 111821000000, MotionEvent { action=ACTION_UP, id[0]=0, x[0]=227.0, y[0]=719.0, toolType[0]=TOOL_TYPE_UNKNOWN, buttonState=0, metaState=0, flags=0x0, edgeFlags=0x0, pointerCount=1, historySize=0, eventTime=111821, downTime=111813, deviceId=0, source=0x1002 }
D/InputEventConsistencyVerifier(  930):   2: sent at 111813000000, MotionEvent { action=ACTION_DOWN, id[0]=0, x[0]=220.0, y[0]=734.0, toolType[0]=TOOL_TYPE_UNKNOWN, buttonState=0, metaState=0, flags=0x0, edgeFlags=0x0, pointerCount=1, historySize=0, eventTime=111813, downTime=111813, deviceId=0, source=0x1002 }
D/InputEventConsistencyVerifier(  930):   3: sent at 111772000000, (unhandled) KeyEvent { action=ACTION_UP, keyCode=KEYCODE_DPAD_RIGHT, scanCode=0, metaState=0, flags=0x8, repeatCount=0, eventTime=111772, downTime=111772, deviceId=-1, source=0x101 }
D/InputEventConsistencyVerifier(  930):   4: sent at 110696000000, (unhandled) KeyEvent { action=ACTION_DOWN, keyCode=KEYCODE_DPAD_RIGHT, scanCode=0, metaState=0, flags=0x8, repeatCount=0, eventTime=110696, downTime=110696, deviceId=-1, source=0x101 }
D/InputEventConsistencyVerifier(  930):   5: sent at 110662000000, (unhandled) KeyEvent { action=ACTION_UP, keyCode=KEYCODE_DPAD_CENTER, scanCode=0, metaState=0, flags=0x80000008, repeatCount=0, eventTime=110662, downTime=110662, deviceId=-1, source=0x101 }
W/DroidBox(  788): DroidBox: { "ServiceStart": { "name": "com.android.providers.downloads.DownloadService" } }
W/DroidBox(  788): DroidBox: { "ServiceStart": { "name": "com.android.providers.downloads.DownloadService" } }
W/ActivityManager(  225): Permission denied: checkComponentPermission() owningUid=1000
W/BroadcastQueue(  225): Permission Denial: broadcasting Intent { act=android.appwidget.action.APPWIDGET_UPDATE_OPTIONS flg=0x10 cmp=com.android.settings/.widget.SettingsAppWidgetProvider (has extras) } from android (pid=603, uid=10019) is not exported from uid 1000 due to receiver com.android.settings/com.android.settings.widget.SettingsAppWidgetProvider
D/AlertReceiver(  618): onReceive: a=android.intent.action.PROVIDER_CHANGED Intent { act=android.intent.action.PROVIDER_CHANGED dat=content://com.android.calendar flg=0x10 cmp=com.android.calendar/.alerts.AlertReceiver }
W/DroidBox(  618): DroidBox: { "ServiceStart": { "name": "com.android.calendar.alerts.AlertService" } }
W/DroidBox(  618): DroidBox: { "ServiceStart": { "name": "com.android.calendar.alerts.AlertService" } }
D/AlertService(  618): 0 Action = android.intent.action.PROVIDER_CHANGED
D/AlertService(  618): Beginning updateAlertNotification
D/InputEventConsistencyVerifier(  930): KeyEvent: ACTION_UP but key was not down.
D/InputEventConsistencyVerifier(  930):   in android.widget.Button@b3e7e3c8
D/InputEventConsistencyVerifier(  930):   0: sent at 112360000000, KeyEvent { action=ACTION_UP, keyCode=KEYCODE_DPAD_DOWN, scanCode=0, metaState=0, flags=0x8, repeatCount=0, eventTime=112360, downTime=112360, deviceId=-1, source=0x101 }
D/InputEventConsistencyVerifier(  930):   -- recent events --
D/InputEventConsistencyVerifier(  930):   1: sent at 109583000000, (unhandled) KeyEvent { action=ACTION_UP, keyCode=KEYCODE_DPAD_DOWN, scanCode=0, metaState=0, flags=0x8, repeatCount=0, eventTime=109583, downTime=109583, deviceId=-1, source=0x101 }
D/InputEventConsistencyVerifier(  930):   2: sent at 109060000000, MotionEvent { action=ACTION_UP, id[0]=0, x[0]=174.0, y[0]=-38.0, toolType[0]=TOOL_TYPE_UNKNOWN, buttonState=0, metaState=0, flags=0x0, edgeFlags=0x0, pointerCount=1, historySize=0, eventTime=109060, downTime=108881, deviceId=0, source=0x1002 }
D/InputEventConsistencyVerifier(  930):   3: sent at 109057000000, MotionEvent { action=ACTION_MOVE, id[0]=0, x[0]=175.0, y[0]=-31.0, toolType[0]=TOOL_TYPE_UNKNOWN, buttonState=0, metaState=0, flags=0x0, edgeFlags=0x0, pointerCount=1, historySize=7, eventTime=109057, downTime=108881, deviceId=0, source=0x1002 }
D/InputEventConsistencyVerifier(  930):   4: sent at 108917000000, MotionEvent { action=ACTION_DOWN, id[0]=0, x[0]=180.0, y[0]=11.0, toolType[0]=TOOL_TYPE_UNKNOWN, buttonState=0, metaState=0, flags=0x0, edgeFlags=0x0, pointerCount=1, historySize=0, eventTime=108917, downTime=108881, deviceId=0, source=0x1002 }
D/InputEventConsistencyVerifier(  930):   5: sent at 106863000000, MotionEvent { action=ACTION_UP, id[0]=0, x[0]=311.0, y[0]=26.0, toolType[0]=TOOL_TYPE_UNKNOWN, buttonState=0, metaState=0, flags=0x0, edgeFlags=0x0, pointerCount=1, historySize=0, eventTime=106863, downTime=106844, deviceId=0, source=0x1002 }
W/dalvikvm(  886): DroidBox: { "FdAccess": { "path": "2f646174612f646174612f636f6d2e616e64726f69642e67616c6c65727933642f7368617265645f70726566732f636f6d2e616e64726f69642e67616c6c65727933645f707265666572656e6365732e786d6c", "id": "779793417" } }
W/DroidBox(  886): DroidBox: { "FileRW": { "operation": "write", "data": "3c3f786d6c2076657273696f6e3d27312e302720656e636f64696e673d277574662d3827207374616e64616c6f6e653d2779657327203f3e0a3c6d61703e0a3c696e74206e616d653d227061636b616765732d76657273696f6e222076616c75653d2234", "id": "779793417" } }
D/InputEventConsistencyVerifier(  930): KeyEvent: ACTION_UP but key was not down.
D/InputEventConsistencyVerifier(  930):   in com.android.internal.policy.impl.PhoneWindow$DecorView@b3eae230
D/InputEventConsistencyVerifier(  930):   0: sent at 112780000000, KeyEvent { action=ACTION_UP, keyCode=KEYCODE_DPAD_LEFT, scanCode=0, metaState=0, flags=0x400, repeatCount=0, eventTime=112780, downTime=112780, deviceId=-1, source=0x101 }
D/InputEventConsistencyVerifier(  930):   -- recent events --
D/InputEventConsistencyVerifier(  930):   1: sent at 112739000000, (unhandled) MotionEvent { action=ACTION_MOVE, id[0]=0, x[0]=-4.0, y[0]=0.0, toolType[0]=TOOL_TYPE_UNKNOWN, buttonState=0, metaState=0, flags=0x0, edgeFlags=0x0, pointerCount=1, historySize=2, eventTime=112739, downTime=-1, deviceId=0, source=0x10004 }
D/InputEventConsistencyVerifier(  930):   2: sent at 112675000000, MotionEvent { action=ACTION_UP, id[0]=0, x[0]=0.0, y[0]=366.0, toolType[0]=TOOL_TYPE_UNKNOWN, buttonState=0, metaState=0, flags=0x0, edgeFlags=0x0, pointerCount=1, historySize=0, eventTime=112675, downTime=112559, deviceId=0, source=0x1002 }
D/InputEventConsistencyVerifier(  930):   3: sent at 112660500000, MotionEvent { action=ACTION_MOVE, id[0]=0, x[0]=0.0, y[0]=366.0, toolType[0]=TOOL_TYPE_UNKNOWN, buttonState=0, metaState=0, flags=0x0, edgeFlags=0x0, pointerCount=1, historySize=4, eventTime=112660, downTime=112559, deviceId=0, source=0x1002 }
D/InputEventConsistencyVerifier(  930):   4: sent at 112560000000, MotionEvent { action=ACTION_DOWN, id[0]=0, x[0]=17.0, y[0]=377.0, toolType[0]=TOOL_TYPE_UNKNOWN, buttonState=0, metaState=0, flags=0x0, edgeFlags=0x0, pointerCount=1, historySize=0, eventTime=112560, downTime=112559, deviceId=0, source=0x1002 }
D/InputEventConsistencyVerifier(  930):   5: sent at 112551000000, MotionEvent { action=ACTION_UP, id[0]=0, x[0]=59.0, y[0]=492.0, toolType[0]=TOOL_TYPE_UNKNOWN, buttonState=0, metaState=0, flags=0x0, edgeFlags=0x0, pointerCount=1, historySize=0, eventTime=112551, downTime=112544, deviceId=0, source=0x1002 }
W/dalvikvm(  225): DroidBox: { "FdAccess": { "path": "2f70726f632f3938322f636d646c696e65", "id": "730131830" } }
I/ActivityManager(  225): Start proc com.android.musicfx for broadcast com.android.musicfx/.Compatibility$Receiver: pid=1009 uid=10025 gids={3003, 3002, 1028}
W/DroidBox(  225): DroidBox: { "FileRW": { "operation": "read", "data": "636f6d2e616e64726f69642e766f6963656469616c6572000000000000000000000000000000000000000000000000000000000000000000000000000000000000000000000000000000000000000000003862346534643331396361343137382e61706b", "id": "730131830" } }
W/dalvikvm(  225): DroidBox: { "FdAccess": { "path": "2f70726f632f313030392f636d646c696e65", "id": "777503563" } }
W/DroidBox(  225): DroidBox: { "FileRW": { "operation": "read", "data": "7a79676f7465002f62696e2f6170705f70726f63657373002d587a79676f7465002f73797374656d2f62696e002d2d7a79676f7465002d2d73746172742d73797374656d2d7365727665720000000000003862346534643331396361343137382e61706b", "id": "777503563" } }
D/AlertService(  618): No fired or scheduled alerts
E/WVMExtractor(   61): Failed to open libwvm.so
D/InputEventConsistencyVerifier(  930): KeyEvent: ACTION_UP but key was not down.
D/InputEventConsistencyVerifier(  930):   in android.widget.Button@b3e7e3c8
D/InputEventConsistencyVerifier(  930):   0: sent at 113833000000, KeyEvent { action=ACTION_UP, keyCode=KEYCODE_DPAD_DOWN, scanCode=0, metaState=0, flags=0x400, repeatCount=0, eventTime=113833, downTime=113833, deviceId=-1, source=0x101 }
D/InputEventConsistencyVerifier(  930):   -- recent events --
D/InputEventConsistencyVerifier(  930):   1: sent at 112360000000, (unhandled) KeyEvent { action=ACTION_UP, keyCode=KEYCODE_DPAD_DOWN, scanCode=0, metaState=0, flags=0x80000008, repeatCount=0, eventTime=112360, downTime=112360, deviceId=-1, source=0x101 }
D/InputEventConsistencyVerifier(  930):   2: sent at 109583000000, (unhandled) KeyEvent { action=ACTION_UP, keyCode=KEYCODE_DPAD_DOWN, scanCode=0, metaState=0, flags=0x8, repeatCount=0, eventTime=109583, downTime=109583, deviceId=-1, source=0x101 }
