W/InputMethodManagerService(  232): Window already focused, ignoring focus gain of: com.android.internal.view.IInputMethodClient$Stub$Proxy@b4028930 attribute=null
E/WVMExtractor(   61): Failed to open libwvm.so
D/InputEventConsistencyVerifier( 1018): KeyEvent: ACTION_UP but key was not down.
D/InputEventConsistencyVerifier( 1018):   in android.widget.LinearLayout@b3dd27e8
D/InputEventConsistencyVerifier( 1018):   0: sent at 183996000000, KeyEvent { action=ACTION_UP, keyCode=KEYCODE_DPAD_DOWN, scanCode=0, metaState=0, flags=0x400, repeatCount=0, eventTime=183996, downTime=183996, deviceId=-1, source=0x101 }
D/InputEventConsistencyVerifier( 1018):   -- recent events --
D/InputEventConsistencyVerifier( 1018):   1: sent at 183668000000, MotionEvent { action=ACTION_UP, id[0]=0, x[0]=42.0, y[0]=170.0, toolType[0]=TOOL_TYPE_UNKNOWN, buttonState=0, metaState=0, flags=0x0, edgeFlags=0x0, pointerCount=1, historySize=0, eventTime=183668, downTime=183655, deviceId=0, source=0x1002 }
D/InputEventConsistencyVerifier( 1018):   2: sent at 183656000000, MotionEvent { action=ACTION_DOWN, id[0]=0, x[0]=44.666668, y[0]=168.0, toolType[0]=TOOL_TYPE_UNKNOWN, buttonState=0, metaState=0, flags=0x0, edgeFlags=0x0, pointerCount=1, historySize=0, eventTime=183656, downTime=183655, deviceId=0, source=0x1002 }
D/InputEventConsistencyVerifier( 1018):   3: sent at 180362000000, MotionEvent { action=ACTION_UP, id[0]=0, x[0]=34.666668, y[0]=7.333336, toolType[0]=TOOL_TYPE_UNKNOWN, buttonState=0, metaState=0, flags=0x0, edgeFlags=0x0, pointerCount=1, historySize=0, eventTime=180362, downTime=180341, deviceId=0, source=0x1002 }
D/InputEventConsistencyVerifier( 1018):   4: sent at 180342000000, MotionEvent { action=ACTION_DOWN, id[0]=0, x[0]=34.0, y[0]=3.3333359, toolType[0]=TOOL_TYPE_UNKNOWN, buttonState=0, metaState=0, flags=0x0, edgeFlags=0x0, pointerCount=1, historySize=0, eventTime=180342, downTime=180341, deviceId=0, source=0x1002 }
D/InputEventConsistencyVerifier( 1018):   5: sent at 180323000000, MotionEvent { action=ACTION_UP, id[0]=0, x[0]=274.6667, y[0]=61.333336, toolType[0]=TOOL_TYPE_UNKNOWN, buttonState=0, metaState=0, flags=0x0, edgeFlags=0x0, pointerCount=1, historySize=0, eventTime=180323, downTime=180315, deviceId=0, source=0x1002 }
D/InputEventConsistencyVerifier( 1018): KeyEvent: ACTION_UP but key was not down.
D/InputEventConsistencyVerifier( 1018):   in com.evilsunflower.picturepuzzle.PicView@b3ddf010
D/InputEventConsistencyVerifier( 1018):   0: sent at 183998000000, KeyEvent { action=ACTION_UP, keyCode=KEYCODE_DPAD_DOWN, scanCode=0, metaState=0, flags=0x400, repeatCount=0, eventTime=183998, downTime=183998, deviceId=-1, source=0x101 }
D/InputEventConsistencyVerifier( 1018):   -- recent events --
D/InputEventConsistencyVerifier( 1018):   1: sent at 183668000000, MotionEvent { action=ACTION_UP, id[0]=0, x[0]=42.0, y[0]=122.0, toolType[0]=TOOL_TYPE_UNKNOWN, buttonState=0, metaState=0, flags=0x0, edgeFlags=0x0, pointerCount=1, historySize=0, eventTime=183668, downTime=183655, deviceId=0, source=0x1002 }
D/InputEventConsistencyVerifier( 1018):   2: sent at 183656000000, MotionEvent { action=ACTION_DOWN, id[0]=0, x[0]=44.666668, y[0]=120.0, toolType[0]=TOOL_TYPE_UNKNOWN, buttonState=0, metaState=0, flags=0x0, edgeFlags=0x0, pointerCount=1, historySize=0, eventTime=183656, downTime=183655, deviceId=0, source=0x1002 }
D/InputEventConsistencyVerifier( 1018):   3: sent at 180323000000, MotionEvent { action=ACTION_UP, id[0]=0, x[0]=274.6667, y[0]=13.333336, toolType[0]=TOOL_TYPE_UNKNOWN, buttonState=0, metaState=0, flags=0x0, edgeFlags=0x0, pointerCount=1, historySize=0, eventTime=180323, downTime=180315, deviceId=0, source=0x1002 }
D/InputEventConsistencyVerifier( 1018):   4: sent at 180315000000, MotionEvent { action=ACTION_DOWN, id[0]=0, x[0]=269.33334, y[0]=26.0, toolType[0]=TOOL_TYPE_UNKNOWN, buttonState=0, metaState=0, flags=0x0, edgeFlags=0x0, pointerCount=1, historySize=0, eventTime=180315, downTime=180315, deviceId=0, source=0x1002 }
D/InputEventConsistencyVerifier( 1018):   5: sent at 179027000000, (unhandled) KeyEvent { action=ACTION_DOWN, keyCode=KEYCODE_DPAD_UP, scanCode=0, metaState=0, flags=0x8, repeatCount=0, eventTime=179027, downTime=179027, deviceId=-1, source=0x101 }
E/WVMExtractor(   61): Failed to open libwvm.so
E/WVMExtractor(   61): Failed to open libwvm.so
E/WVMExtractor(   61): Failed to open libwvm.so
W/PicView:onTouchEvent:( 1018): touchStartX=75,touchStartY=183
E/WVMExtractor(   61): Failed to open libwvm.so
W/PicView:onTouchEvent:( 1018): touchCurrentX=8,touchCurrentY=142
E/WVMExtractor(   61): Failed to open libwvm.so
I/Choreographer( 1018): Skipped 72 frames!  The application may be doing too much work on its main thread.
E/WVMExtractor(   61): Failed to open libwvm.so
W/DroidBox( 1125): DroidBox: { "ServiceStart": { "name": "com.android.music.MediaPlaybackService" } }
W/DroidBox( 1125): DroidBox: { "ServiceStart": { "name": "com.android.music.MediaPlaybackService" } }
D/InputEventConsistencyVerifier( 1018): KeyEvent: ACTION_UP but key was not down.
D/InputEventConsistencyVerifier( 1018):   in com.android.internal.policy.impl.PhoneWindow$DecorView@b3dbff00
D/InputEventConsistencyVerifier( 1018):   0: sent at 185970000000, KeyEvent { action=ACTION_UP, keyCode=KEYCODE_DPAD_CENTER, scanCode=0, metaState=0, flags=0x8, repeatCount=0, eventTime=185970, downTime=185970, deviceId=-1, source=0x101 }
D/InputEventConsistencyVerifier( 1018):   -- recent events --
D/InputEventConsistencyVerifier( 1018):   1: sent at 185887000000, (unhandled) KeyEvent { action=ACTION_UP, keyCode=KEYCODE_META_RIGHT, scanCode=0, metaState=0, flags=0x8, repeatCount=0, eventTime=185887, downTime=185887, deviceId=-1, source=0x101 }
D/InputEventConsistencyVerifier( 1018):   2: sent at 185814000000, (unhandled) KeyEvent { action=ACTION_DOWN, keyCode=KEYCODE_META_RIGHT, scanCode=0, metaState=0, flags=0x8, repeatCount=0, eventTime=185814, downTime=185814, deviceId=-1, source=0x101 }
D/InputEventConsistencyVerifier( 1018):   3: sent at 185679000000, (unhandled) KeyEvent { action=ACTION_UP, keyCode=KEYCODE_MEDIA_PREVIOUS, scanCode=0, metaState=0, flags=0x8, repeatCount=0, eventTime=185679, downTime=185679, deviceId=-1, source=0x101 }
D/InputEventConsistencyVerifier( 1018):   4: sent at 185392000000, (unhandled) KeyEvent { action=ACTION_DOWN, keyCode=KEYCODE_MEDIA_PREVIOUS, scanCode=0, metaState=0, flags=0x8, repeatCount=0, eventTime=185392, downTime=185392, deviceId=-1, source=0x101 }
D/InputEventConsistencyVerifier( 1018):   5: sent at 185369000000, MotionEvent { action=ACTION_UP, id[0]=0, x[0]=0.0, y[0]=234.0, toolType[0]=TOOL_TYPE_UNKNOWN, buttonState=0, metaState=0, flags=0x0, edgeFlags=0x0, pointerCount=1, historySize=0, eventTime=185369, downTime=185284, deviceId=0, source=0x1002 }
W/PicView:onTouchEvent:( 1018): touchStartX=16,touchStartY=196
I/AudioService(  232):  AudioFocus  requestAudioFocus() from android.media.AudioManager@b3dd4e90com.android.music.MediaPlaybackService$3@b3dd3238
W/PicView:onTouchEvent:( 1018): touchCurrentX=18,touchCurrentY=172
I/AudioService(  232):   Remote Control   registerMediaButtonIntent() for PendingIntent{b3eb65c8: PendingIntentRecord{b41b5858 com.android.music broadcastIntent}}
E/WVMExtractor(   61): Failed to open libwvm.so
D/InputEventConsistencyVerifier( 1018): KeyEvent: ACTION_UP but key was not down.
D/InputEventConsistencyVerifier( 1018):   in com.android.internal.policy.impl.PhoneWindow$DecorView@b3dbff00
D/InputEventConsistencyVerifier( 1018):   0: sent at 186650000000, KeyEvent { action=ACTION_UP, keyCode=KEYCODE_DPAD_CENTER, scanCode=0, metaState=0, flags=0x8, repeatCount=0, eventTime=186650, downTime=186650, deviceId=-1, source=0x101 }
D/InputEventConsistencyVerifier( 1018):   -- recent events --
D/InputEventConsistencyVerifier( 1018):   1: sent at 186527000000, (unhandled) KeyEvent { action=ACTION_UP, keyCode=KEYCODE_MEDIA_RECORD, scanCode=0, metaState=0, flags=0x8, repeatCount=0, eventTime=186527, downTime=186527, deviceId=-1, source=0x101 }
D/InputEventConsistencyVerifier( 1018):   2: sent at 186190000000, (unhandled) KeyEvent { action=ACTION_DOWN, keyCode=KEYCODE_MEDIA_RECORD, scanCode=0, metaState=0, flags=0x8, repeatCount=0, eventTime=186190, downTime=186190, deviceId=-1, source=0x101 }
D/InputEventConsistencyVerifier( 1018):   3: sent at 186170000000, MotionEvent { action=ACTION_UP, id[0]=0, x[0]=18.0, y[0]=266.0, toolType[0]=TOOL_TYPE_UNKNOWN, buttonState=0, metaState=0, flags=0x0, edgeFlags=0x0, pointerCount=1, historySize=0, eventTime=186170, downTime=186092, deviceId=0, source=0x1002 }
D/InputEventConsistencyVerifier( 1018):   4: sent at 186167000000, MotionEvent { action=ACTION_MOVE, id[0]=0, x[0]=18.0, y[0]=270.6667, toolType[0]=TOOL_TYPE_UNKNOWN, buttonState=0, metaState=0, flags=0x0, edgeFlags=0x0, pointerCount=1, historySize=7, eventTime=186167, downTime=186092, deviceId=0, source=0x1002 }
D/InputEventConsistencyVerifier( 1018):   5: sent at 186095000000, MotionEvent { action=ACTION_DOWN, id[0]=0, x[0]=16.0, y[0]=294.0, toolType[0]=TOOL_TYPE_UNKNOWN, buttonState=0, metaState=0, flags=0x0, edgeFlags=0x0, pointerCount=1, historySize=0, eventTime=186095, downTime=186092, deviceId=0, source=0x1002 }
E/WVMExtractor(   61): Failed to open libwvm.so
E/WVMExtractor(   61): Failed to open libwvm.so
I/ActivityManager(  232): START {act=android.intent.action.MAIN cat=[android.intent.category.HOME] flg=0x10200000 cmp=com.android.launcher/com.android.launcher2.Launcher u=0} from pid 232
W/PicView:onTouchEvent:( 1018): touchStartX=306,touchStartY=162
W/PicView:onTouchEvent:( 1018): touchCurrentX=314,touchCurrentY=167
E/WVMExtractor(   61): Failed to open libwvm.so
E/WVMExtractor(   61): Failed to open libwvm.so
I/InputDispatcher(  232): Dropped event because of pending overdue app switch.
W/InputManager(  232): Input event injection from pid 1000 failed.
D/InputEventConsistencyVerifier( 1018): KeyEvent: ACTION_UP but key was not down.
D/InputEventConsistencyVerifier( 1018):   in com.android.internal.policy.impl.PhoneWindow$DecorView@b3dbff00
D/InputEventConsistencyVerifier( 1018):   0: sent at 188075000000, KeyEvent { action=ACTION_UP, keyCode=KEYCODE_DPAD_RIGHT, scanCode=0, metaState=0, flags=0x400, repeatCount=0, eventTime=188075, downTime=188075, deviceId=-1, source=0x101 }
D/InputEventConsistencyVerifier( 1018):   -- recent events --
D/InputEventConsistencyVerifier( 1018):   1: sent at 187569000000, (unhandled) MotionEvent { action=ACTION_MOVE, id[0]=0, x[0]=4.0, y[0]=-3.0, toolType[0]=TOOL_TYPE_UNKNOWN, buttonState=0, metaState=0, flags=0x0, edgeFlags=0x0, pointerCount=1, historySize=5, eventTime=187569, downTime=-1, deviceId=0, source=0x10004 }
D/InputEventConsistencyVerifier( 1018):   2: sent at 187611000000, MotionEvent { action=ACTION_UP, id[0]=0, x[0]=315.33334, y[0]=270.0, toolType[0]=TOOL_TYPE_UNKNOWN, buttonState=0, metaState=0, flags=0x0, edgeFlags=0x0, pointerCount=1, historySize=0, eventTime=187611, downTime=187594, deviceId=0, source=0x1002 }
D/InputEventConsistencyVerifier( 1018):   3: sent at 187608000000, MotionEvent { action=ACTION_MOVE, id[0]=0, x[0]=314.6667, y[0]=265.33334, toolType[0]=TOOL_TYPE_UNKNOWN, buttonState=0, metaState=0, flags=0x0, edgeFlags=0x0, pointerCount=1, historySize=2, eventTime=187608, downTime=187594, deviceId=0, source=0x1002 }
D/InputEventConsistencyVerifier( 1018):   4: sent at 187595000000, MotionEvent { action=ACTION_DOWN, id[0]=0, x[0]=306.6667, y[0]=260.0, toolType[0]=TOOL_TYPE_UNKNOWN, buttonState=0, metaState=0, flags=0x0, edgeFlags=0x0, pointerCount=1, historySize=0, eventTime=187595, downTime=187594, deviceId=0, source=0x1002 }
D/InputEventConsistencyVerifier( 1018):   5: sent at 187554000000, (unhandled) KeyEvent { action=ACTION_UP, keyCode=KEYCODE_DPAD_UP, scanCode=0, metaState=0, flags=0x400, repeatCount=0, eventTime=187554, downTime=187554, deviceId=-1, source=0x101 }
E/WVMExtractor(   61): Failed to open libwvm.so
D/InputEventConsistencyVerifier( 1018): KeyEvent: ACTION_UP but key was not down.
D/InputEventConsistencyVerifier( 1018):   in android.widget.LinearLayout@b3dd27e8
D/InputEventConsistencyVerifier( 1018):   0: sent at 188076000000, KeyEvent { action=ACTION_UP, keyCode=KEYCODE_DPAD_RIGHT, scanCode=0, metaState=0, flags=0x400, repeatCount=0, eventTime=188076, downTime=188076, deviceId=-1, source=0x101 }
D/InputEventConsistencyVerifier( 1018):   -- recent events --
D/InputEventConsistencyVerifier( 1018):   1: sent at 187611000000, MotionEvent { action=ACTION_UP, id[0]=0, x[0]=315.33334, y[0]=220.0, toolType[0]=TOOL_TYPE_UNKNOWN, buttonState=0, metaState=0, flags=0x0, edgeFlags=0x0, pointerCount=1, historySize=0, eventTime=187611, downTime=187594, deviceId=0, source=0x1002 }
D/InputEventConsistencyVerifier( 1018):   2: sent at 187608000000, MotionEvent { action=ACTION_MOVE, id[0]=0, x[0]=314.6667, y[0]=215.33334, toolType[0]=TOOL_TYPE_UNKNOWN, buttonState=0, metaState=0, flags=0x0, edgeFlags=0x0, pointerCount=1, historySize=2, eventTime=187608, downTime=187594, deviceId=0, source=0x1002 }
D/InputEventConsistencyVerifier( 1018):   3: sent at 187595000000, MotionEvent { action=ACTION_DOWN, id[0]=0, x[0]=306.6667, y[0]=210.0, toolType[0]=TOOL_TYPE_UNKNOWN, buttonState=0, metaState=0, flags=0x0, edgeFlags=0x0, pointerCount=1, historySize=0, eventTime=187595, downTime=187594, deviceId=0, source=0x1002 }
D/InputEventConsistencyVerifier( 1018):   4: sent at 186170000000, MotionEvent { action=ACTION_UP, id[0]=0, x[0]=18.0, y[0]=216.0, toolType[0]=TOOL_TYPE_UNKNOWN, buttonState=0, metaState=0, flags=0x0, edgeFlags=0x0, pointerCount=1, historySize=0, eventTime=186170, downTime=186092, deviceId=0, source=0x1002 }
D/InputEventConsistencyVerifier( 1018):   5: sent at 186167000000, MotionEvent { action=ACTION_MOVE, id[0]=0, x[0]=18.0, y[0]=220.66669, toolType[0]=TOOL_TYPE_UNKNOWN, buttonState=0, metaState=0, flags=0x0, edgeFlags=0x0, pointerCount=1, historySize=7, eventTime=186167, downTime=186092, deviceId=0, source=0x1002 }
W/PicView:onTouchEvent:( 1018): touchStartX=104,touchStartY=263
E/WVMExtractor(   61): Failed to open libwvm.so
W/PicView:onTouchEvent:( 1018): touchCurrentX=114,touchCurrentY=270
I/Choreographer( 1018): Skipped 38 frames!  The application may be doing too much work on its main thread.
W/PicView:onTouchEvent:( 1018): touchCurrentX=122,touchCurrentY=272
W/PicView:onTouchEvent:( 1018): touchCurrentX=123,touchCurrentY=273
E/WVMExtractor(   61): Failed to open libwvm.so
W/PicView:onTouchEvent:( 1018): touchStartX=203,touchStartY=241
E/WVMExtractor(   61): Failed to open libwvm.so
D/InputEventConsistencyVerifier( 1018): KeyEvent: ACTION_UP but key was not down.
D/InputEventConsistencyVerifier( 1018):   in com.android.internal.policy.impl.PhoneWindow$DecorView@b3dbff00
D/InputEventConsistencyVerifier( 1018):   0: sent at 189281000000, KeyEvent { action=ACTION_UP, keyCode=KEYCODE_DPAD_DOWN, scanCode=0, metaState=0, flags=0x8, repeatCount=0, eventTime=189281, downTime=189281, deviceId=-1, source=0x101 }
D/InputEventConsistencyVerifier( 1018):   -- recent events --
D/InputEventConsistencyVerifier( 1018):   1: sent at 189067000000, MotionEvent { action=ACTION_UP, id[0]=0, x[0]=206.0, y[0]=348.0, toolType[0]=TOOL_TYPE_UNKNOWN, buttonState=0, metaState=0, flags=0x0, edgeFlags=0x0, pointerCount=1, historySize=0, eventTime=189067, downTime=189048, deviceId=0, source=0x1002 }
D/InputEventConsistencyVerifier( 1018):   2: sent at 189048000000, MotionEvent { action=ACTION_DOWN, id[0]=0, x[0]=203.33334, y[0]=339.33334, toolType[0]=TOOL_TYPE_UNKNOWN, buttonState=0, metaState=0, flags=0x0, edgeFlags=0x0, pointerCount=1, historySize=0, eventTime=189048, downTime=189048, deviceId=0, source=0x1002 }
D/InputEventConsistencyVerifier( 1018):   3: sent at 189033000000, MotionEvent { action=ACTION_UP, id[0]=0, x[0]=123.376816, y[0]=371.35507, toolType[0]=TOOL_TYPE_UNKNOWN, buttonState=0, metaState=0, flags=0x0, edgeFlags=0x0, pointerCount=1, historySize=0, eventTime=189033, downTime=188163, deviceId=0, source=0x1002 }
D/InputEventConsistencyVerifier( 1018):   4: sent at 188952000000, MotionEvent { action=ACTION_MOVE, id[0]=0, x[0]=123.376816, y[0]=371.35507, toolType[0]=TOOL_TYPE_UNKNOWN, buttonState=0, metaState=0, flags=0x0, edgeFlags=0x0, pointerCount=1, historySize=1, eventTime=188952, downTime=188163, deviceId=0, source=0x1002 }
D/InputEventConsistencyVerifier( 1018):   5: sent at 188216000000, MotionEvent { action=ACTION_MOVE, id[0]=0, x[0]=122.296295, y[0]=370.22223, toolType[0]=TOOL_TYPE_UNKNOWN, buttonState=0, metaState=0, flags=0x0, edgeFlags=0x0, pointerCount=1, historySize=1, eventTime=188216, downTime=188163, deviceId=0, source=0x1002 }
W/PicView:onTouchEvent:( 1018): touchStartX=299,touchStartY=311
E/WVMExtractor(   61): Failed to open libwvm.so
W/DroidBox( 1125): DroidBox: { "ServiceStart": { "name": "com.android.music.MediaPlaybackService" } }
W/DroidBox( 1125): DroidBox: { "ServiceStart": { "name": "com.android.music.MediaPlaybackService" } }
I/AudioService(  232):  AudioFocus  requestAudioFocus() from android.media.AudioManager@b3dd4e90com.android.music.MediaPlaybackService$3@b3dd3238
E/WVMExtractor(   61): Failed to open libwvm.so
D/InputEventConsistencyVerifier( 1018): KeyEvent: ACTION_UP but key was not down.
D/InputEventConsistencyVerifier( 1018):   in com.android.internal.policy.impl.PhoneWindow$DecorView@b3dbff00
D/InputEventConsistencyVerifier( 1018):   0: sent at 189966000000, KeyEvent { action=ACTION_UP, keyCode=KEYCODE_DPAD_CENTER, scanCode=0, metaState=0, flags=0x8, repeatCount=0, eventTime=189966, downTime=189966, deviceId=-1, source=0x101 }
D/InputEventConsistencyVerifier( 1018):   -- recent events --
D/InputEventConsistencyVerifier( 1018):   1: sent at 189737000000, (unhandled) KeyEvent { action=ACTION_UP, keyCode=KEYCODE_MEDIA_PLAY, scanCode=0, metaState=0, flags=0x8, repeatCount=0, eventTime=189737, downTime=189737, deviceId=-1, source=0x101 }
D/InputEventConsistencyVerifier( 1018):   2: sent at 189492000000, (unhandled) KeyEvent { action=ACTION_DOWN, keyCode=KEYCODE_MEDIA_PLAY, scanCode=0, metaState=0, flags=0x8, repeatCount=0, eventTime=189492, downTime=189492, deviceId=-1, source=0x101 }
D/InputEventConsistencyVerifier( 1018):   3: sent at 189428000000, MotionEvent { action=ACTION_UP, id[0]=0, x[0]=290.6667, y[0]=409.33334, toolType[0]=TOOL_TYPE_UNKNOWN, buttonState=0, metaState=0, flags=0x0, edgeFlags=0x0, pointerCount=1, historySize=0, eventTime=189428, downTime=189399, deviceId=0, source=0x1002 }
D/InputEventConsistencyVerifier( 1018):   4: sent at 189400000000, MotionEvent { action=ACTION_DOWN, id[0]=0, x[0]=299.33334, y[0]=409.33334, toolType[0]=TOOL_TYPE_UNKNOWN, buttonState=0, metaState=0, flags=0x0, edgeFlags=0x0, pointerCount=1, historySize=0, eventTime=189400, downTime=189399, deviceId=0, source=0x1002 }
D/InputEventConsistencyVerifier( 1018):   5: sent at 189281000000, (unhandled) KeyEvent { action=ACTION_UP, keyCode=KEYCODE_DPAD_DOWN, scanCode=0, metaState=0, flags=0x80000008, repeatCount=0, eventTime=189281, downTime=189281, deviceId=-1, source=0x101 }
W/PicView:onTouchEvent:( 1018): touchStartX=262,touchStartY=359
I/AudioService(  232):   Remote Control   registerMediaButtonIntent() for PendingIntent{b3e8b460: PendingIntentRecord{b41b5858 com.android.music broadcastIntent}}
W/PicView:onTouchEvent:( 1018): touchCurrentX=280,touchCurrentY=380
E/WVMExtractor(   61): Failed to open libwvm.so
I/Choreographer( 1018): Skipped 42 frames!  The application may be doing too much work on its main thread.
D/InputEventConsistencyVerifier( 1018): KeyEvent: ACTION_UP but key was not down.
D/InputEventConsistencyVerifier( 1018):   in com.android.internal.policy.impl.PhoneWindow$DecorView@b40b7bd0
D/InputEventConsistencyVerifier( 1018):   0: sent at 190940000000, KeyEvent { action=ACTION_UP, keyCode=KEYCODE_DPAD_UP, scanCode=0, metaState=0, flags=0x8, repeatCount=0, eventTime=190940, downTime=190940, deviceId=-1, source=0x101 }
D/InputEventConsistencyVerifier( 1018):   -- recent events --
D/InputEventConsistencyVerifier( 1018):   1: sent at 190764000000, (unhandled) KeyEvent { action=ACTION_UP, keyCode=KEYCODE_DPAD_LEFT, scanCode=0, metaState=0, flags=0x8, repeatCount=0, eventTime=190764, downTime=190764, deviceId=-1, source=0x101 }
D/InputEventConsistencyVerifier( 1018):   2: sent at 190750000000, (unhandled) KeyEvent { action=ACTION_DOWN, keyCode=KEYCODE_DPAD_LEFT, scanCode=0, metaState=0, flags=0x8, repeatCount=0, eventTime=190750, downTime=190750, deviceId=-1, source=0x101 }
D/InputEventConsistencyVerifier( 1018):   3: sent at 190700000000, (unhandled) KeyEvent { action=ACTION_UP, keyCode=KEYCODE_NUM_LOCK, scanCode=0, metaState=0, flags=0x8, repeatCount=0, eventTime=190700, downTime=190700, deviceId=-1, source=0x101 }
D/InputEventConsistencyVerifier( 1018):   4: sent at 190608000000, (unhandled) KeyEvent { action=ACTION_DOWN, keyCode=KEYCODE_NUM_LOCK, scanCode=0, metaState=0, flags=0x8, repeatCount=0, eventTime=190608, downTime=190608, deviceId=-1, source=0x101 }
D/InputEventConsistencyVerifier( 1018):   5: sent at 183504000000, KeyEvent { action=ACTION_DOWN, keyCode=KEYCODE_DPAD_CENTER, scanCode=0, metaState=0, flags=0x8, repeatCount=0, eventTime=183504, downTime=183504, deviceId=-1, source=0x101 }
W/dalvikvm(  232): DroidBox: { "FdAccess": { "path": "2f70726f632f3233322f6e65742f78745f717461677569642f69666163655f737461745f616c6c", "id": "1842827952" } }
W/DroidBox(  232): DroidBox: { "FileRW": { "operation": "read", "data": "6574683020312030203020302030203239343637373920343536342036323332303420333331330a6c6f20312030203020302030203234323420333720323432342033370a00000000000000000000000000000000000000000000000000000000000000", "id": "1842827952" } }
W/dalvikvm(  232): DroidBox: { "FdAccess": { "path": "2f70726f632f3233322f6e65742f78745f717461677569642f69666163655f737461745f616c6c", "id": "1961135909" } }
W/DroidBox(  232): DroidBox: { "FileRW": { "operation": "read", "data": "33370a342033370a33370a342033370a370a370a370a370a370a33370a342033370a3432342033370a342033370a323432342033370a370a370a370a370a370a342033370a00000000000000000000000000000000000000000000000000000000000000", "id": "1961135909" } }
W/ThrottleService(  232): unable to find stats for iface rmnet0
E/ThrottleService(  232): Error reading data file
D/InputEventConsistencyVerifier( 1018): KeyEvent: ACTION_UP but key was not down.
D/InputEventConsistencyVerifier( 1018):   in com.android.internal.policy.impl.PhoneWindow$DecorView@b40b7bd0
D/InputEventConsistencyVerifier( 1018):   0: sent at 191260000000, KeyEvent { action=ACTION_UP, keyCode=KEYCODE_DPAD_LEFT, scanCode=0, metaState=0, flags=0x8, repeatCount=0, eventTime=191260, downTime=191260, deviceId=-1, source=0x101 }
D/InputEventConsistencyVerifier( 1018):   -- recent events --
D/InputEventConsistencyVerifier( 1018):   1: sent at 191109000000, (unhandled) MotionEvent { action=ACTION_UP, id[0]=0, x[0]=56.666668, y[0]=-129.33334, toolType[0]=TOOL_TYPE_UNKNOWN, buttonState=0, metaState=0, flags=0x0, edgeFlags=0x0, pointerCount=1, historySize=0, eventTime=191109, downTime=191029, deviceId=0, source=0x1002 }
D/InputEventConsistencyVerifier( 1018):   2: sent at 191106000000, (unhandled) MotionEvent { action=ACTION_POINTER_UP(1), id[0]=0, x[0]=61.333336, y[0]=-129.33334, toolType[0]=TOOL_TYPE_UNKNOWN, id[1]=1, x[1]=219.33334, y[1]=-278.0, toolType[1]=TOOL_TYPE_UNKNOWN, buttonState=0, metaState=0, flags=0x0, edgeFlags=0x0, pointerCount=2, historySize=0, eventTime=191106, downTime=191029, deviceId=0, source=0x1002 }
D/InputEventConsistencyVerifier( 1018):   3: sent at 191103000000, (unhandled) MotionEvent { action=ACTION_MOVE, id[0]=0, x[0]=62.0, y[0]=-129.33334, toolType[0]=TOOL_TYPE_UNKNOWN, id[1]=1, x[1]=207.33334, y[1]=-285.33334, toolType[1]=TOOL_TYPE_UNKNOWN, buttonState=0, metaState=0, flags=0x0, edgeFlags=0x0, pointerCount=2, historySize=6, eventTime=191103, downTime=191029, deviceId=0, source=0x1002 }
D/InputEventConsistencyVerifier( 1018):   4: sent at 191039000000, (unhandled) MotionEvent { action=ACTION_POINTER_DOWN(1), id[0]=0, x[0]=112.0, y[0]=-129.33334, toolType[0]=TOOL_TYPE_UNKNOWN, id[1]=1, x[1]=154.0, y[1]=-324.6667, toolType[1]=TOOL_TYPE_UNKNOWN, buttonState=0, metaState=0, flags=0x0, edgeFlags=0x0, pointerCount=2, historySize=0, eventTime=191039, downTime=191029, deviceId=0, source=0x1002 }
D/InputEventConsistencyVerifier( 1018):   5: sent at 191034000000, MotionEvent { action=ACTION_DOWN, id[0]=0, x[0]=118.0, y[0]=-129.33334, toolType[0]=TOOL_TYPE_UNKNOWN, buttonState=0, metaState=0, flags=0x0, edgeFlags=0x0, pointerCount=1, historySize=0, eventTime=191034, downTime=191029, deviceId=0, source=0x1002 }
E/WVMExtractor(   61): Failed to open libwvm.so
W/PicView:onTouchEvent:( 1018): touchStartX=43,touchStartY=69
D/InputEventConsistencyVerifier( 1018): KeyEvent: ACTION_DOWN but key is already down and this event is not a key repeat.
D/InputEventConsistencyVerifier( 1018):   in com.android.internal.policy.impl.PhoneWindow$DecorView@b40b7bd0
D/InputEventConsistencyVerifier( 1018):   0: sent at 191322000000, KeyEvent { action=ACTION_DOWN, keyCode=KEYCODE_DPAD_CENTER, scanCode=0, metaState=0, flags=0x8, repeatCount=0, eventTime=191322, downTime=191322, deviceId=-1, source=0x101 }
D/InputEventConsistencyVerifier( 1018):   -- recent events --
D/InputEventConsistencyVerifier( 1018):   1: sent at 191305000000, (unhandled) KeyEvent { action=ACTION_UP, keyCode=KEYCODE_MENU, scanCode=0, metaState=0, flags=0x8, repeatCount=0, eventTime=191305, downTime=191305, deviceId=-1, source=0x101 }
D/InputEventConsistencyVerifier( 1018):   2: sent at 191276000000, (unhandled) KeyEvent { action=ACTION_DOWN, keyCode=KEYCODE_MENU, scanCode=0, metaState=0, flags=0x8, repeatCount=0, eventTime=191276, downTime=191276, deviceId=-1, source=0x101 }
D/InputEventConsistencyVerifier( 1018):   3: sent at 191260000000, (unhandled) KeyEvent { action=ACTION_UP, keyCode=KEYCODE_DPAD_LEFT, scanCode=0, metaState=0, flags=0x80000008, repeatCount=0, eventTime=191260, downTime=191260, deviceId=-1, source=0x101 }
D/InputEventConsistencyVerifier( 1018):   4: sent at 191109000000, (unhandled) MotionEvent { action=ACTION_UP, id[0]=0, x[0]=56.666668, y[0]=-129.33334, toolType[0]=TOOL_TYPE_UNKNOWN, buttonState=0, metaState=0, flags=0x0, edgeFlags=0x0, pointerCount=1, historySize=0, eventTime=191109, downTime=191029, deviceId=0, source=0x1002 }
D/InputEventConsistencyVerifier( 1018):   5: sent at 191106000000, (unhandled) MotionEvent { action=ACTION_POINTER_UP(1), id[0]=0, x[0]=61.333336, y[0]=-129.33334, toolType[0]=TOOL_TYPE_UNKNOWN, id[1]=1, x[1]=219.33334, y[1]=-278.0, toolType[1]=TOOL_TYPE_UNKNOWN, buttonState=0, metaState=0, flags=0x0, edgeFlags=0x0, pointerCount=2, historySize=0, eventTime=191106, downTime=191029, deviceId=0, source=0x1002 }
I/Choreographer( 1018): Skipped 173 frames!  The application may be doing too much work on its main thread.
E/WVMExtractor(   61): Failed to open libwvm.so
W/dalvikvm( 1000): DroidBox: { "FdAccess": { "path": "2f6465762f696e7075742f6576656e7430", "id": "533234972" } }
W/DroidBox( 1000): DroidBox: { "FileRW": { "operation": "write", "data": "efbfbd060000efbfbdefbfbd0c000500000000000000", "id": "533234972" } }
I/Choreographer( 1018): Skipped 98 frames!  The application may be doing too much work on its main thread.
D/InputEventConsistencyVerifier( 1018): KeyEvent: ACTION_DOWN but key is already down and this event is not a key repeat.
D/InputEventConsistencyVerifier( 1018):   in com.android.internal.view.menu.IconMenuItemView@b40bd328
D/InputEventConsistencyVerifier( 1018):   0: sent at 192359000000, KeyEvent { action=ACTION_DOWN, keyCode=KEYCODE_DPAD_CENTER, scanCode=0, metaState=0, flags=0x8, repeatCount=0, eventTime=192359, downTime=192359, deviceId=-1, source=0x101 }
D/InputEventConsistencyVerifier( 1018):   -- recent events --
D/InputEventConsistencyVerifier( 1018):   1: sent at 192354000000, (unhandled) KeyEvent { action=ACTION_UP, keyCode=KEYCODE_NUMPAD_DIVIDE, scanCode=0, metaState=0, flags=0x8, repeatCount=0, eventTime=192354, downTime=192354, deviceId=-1, source=0x101 }
D/InputEventConsistencyVerifier( 1018):   2: sent at 191867000000, (unhandled) KeyEvent { action=ACTION_DOWN, keyCode=KEYCODE_NUMPAD_DIVIDE, scanCode=0, metaState=0, flags=0x8, repeatCount=0, eventTime=191867, downTime=191867, deviceId=-1, source=0x101 }
D/InputEventConsistencyVerifier( 1018):   3: sent at 191809000000, MotionEvent { action=ACTION_MOVE, id[0]=0, x[0]=1.0, y[0]=1.0, toolType[0]=TOOL_TYPE_UNKNOWN, buttonState=0, metaState=0, flags=0x0, edgeFlags=0x0, pointerCount=1, historySize=18, eventTime=191809, downTime=-1, deviceId=0, source=0x10004 }
D/InputEventConsistencyVerifier( 1018):   4: sent at 191305000000, (unhandled) KeyEvent { action=ACTION_UP, keyCode=KEYCODE_MENU, scanCode=0, metaState=0, flags=0x8, repeatCount=0, eventTime=191305, downTime=191305, deviceId=-1, source=0x101 }
D/InputEventConsistencyVerifier( 1018):   5: sent at 191276000000, (unhandled) KeyEvent { action=ACTION_DOWN, keyCode=KEYCODE_MENU, scanCode=0, metaState=0, flags=0x8, repeatCount=0, eventTime=191276, downTime=191276, deviceId=-1, source=0x101 }
I/ActivityManager(  232): START {act=android.intent.action.MAIN cat=[android.intent.category.HOME] flg=0x10200000 cmp=com.android.launcher/com.android.launcher2.Launcher u=0} from pid 232
E/WVMExtractor(   61): Failed to open libwvm.so
I/dalvikvm-heap( 1018): Grow heap (frag case) to 11.562MB for 1536016-byte allocation
I/InputDispatcher(  232): Dropped event because of pending overdue app switch.
W/InputManager(  232): Input event injection from pid 1000 failed.
W/Level:newLevel:( 1018): unitWidth=106,unitHeight=177,StartX=1,StartY=-48
I/ActivityManager(  232): START {act=android.intent.action.MAIN cat=[android.intent.category.LAUNCHER] flg=0x10200000 cmp=com.evilsunflower.picturepuzzle/.picpuzzle u=0} from pid 1000
I/Choreographer( 1018): Skipped 306 frames!  The application may be doing too much work on its main thread.
W/InputMethodManagerService(  232): Window already focused, ignoring focus gain of: com.android.internal.view.IInputMethodClient$Stub$Proxy@b3e873a0 attribute=null
D/InputEventConsistencyVerifier( 1018): KeyEvent: ACTION_UP but key was not down.
D/InputEventConsistencyVerifier( 1018):   in android.widget.LinearLayout@b3dd27e8
D/InputEventConsistencyVerifier( 1018):   0: sent at 193704000000, KeyEvent { action=ACTION_UP, keyCode=KEYCODE_DPAD_RIGHT, scanCode=0, metaState=0, flags=0x8, repeatCount=0, eventTime=193704, downTime=193704, deviceId=-1, source=0x101 }
D/InputEventConsistencyVerifier( 1018):   -- recent events --
D/InputEventConsistencyVerifier( 1018):   1: sent at 190927000000, MotionEvent { action=ACTION_UP, id[0]=0, x[0]=135.33334, y[0]=50.66667, toolType[0]=TOOL_TYPE_UNKNOWN, buttonState=0, metaState=0, flags=0x0, edgeFlags=0x0, pointerCount=1, historySize=0, eventTime=190927, downTime=190916, deviceId=0, source=0x1002 }
D/InputEventConsistencyVerifier( 1018):   2: sent at 190916000000, MotionEvent { action=ACTION_DOWN, id[0]=0, x[0]=126.66667, y[0]=42.0, toolType[0]=TOOL_TYPE_UNKNOWN, buttonState=0, metaState=0, flags=0x0, edgeFlags=0x0, pointerCount=1, historySize=0, eventTime=190916, downTime=190916, deviceId=0, source=0x1002 }
D/InputEventConsistencyVerifier( 1018):   3: sent at 190850000000, MotionEvent { action=ACTION_UP, id[0]=0, x[0]=43.333336, y[0]=115.33334, toolType[0]=TOOL_TYPE_UNKNOWN, buttonState=0, metaState=0, flags=0x0, edgeFlags=0x0, pointerCount=1, historySize=0, eventTime=190850, downTime=190825, deviceId=0, source=0x1002 }
D/InputEventConsistencyVerifier( 1018):   4: sent at 190826000000, MotionEvent { action=ACTION_DOWN, id[0]=0, x[0]=43.333336, y[0]=117.33334, toolType[0]=TOOL_TYPE_UNKNOWN, buttonState=0, metaState=0, flags=0x0, edgeFlags=0x0, pointerCount=1, historySize=0, eventTime=190826, downTime=190825, deviceId=0, source=0x1002 }
D/InputEventConsistencyVerifier( 1018):   5: sent at 190387000000, MotionEvent { action=ACTION_UP, id[0]=0, x[0]=286.6667, y[0]=428.0, toolType[0]=TOOL_TYPE_UNKNOWN, buttonState=0, metaState=0, flags=0x0, edgeFlags=0x0, pointerCount=1, historySize=0, eventTime=190387, downTime=190294, deviceId=0, source=0x1002 }
W/PicView:onTouchEvent:( 1018): touchStartX=276,touchStartY=65
E/WVMExtractor(   61): Failed to open libwvm.so
I/Choreographer( 1018): Skipped 38 frames!  The application may be doing too much work on its main thread.
I/Choreographer( 1018): Skipped 30 frames!  The application may be doing too much work on its main thread.
D/InputEventConsistencyVerifier( 1018): KeyEvent: ACTION_UP but key was not down.
D/InputEventConsistencyVerifier( 1018):   in com.android.internal.policy.impl.PhoneWindow$DecorView@b3dbff00
D/InputEventConsistencyVerifier( 1018):   0: sent at 194541000000, KeyEvent { action=ACTION_UP, keyCode=KEYCODE_DPAD_RIGHT, scanCode=0, metaState=0, flags=0x8, repeatCount=0, eventTime=194541, downTime=194541, deviceId=-1, source=0x101 }
D/InputEventConsistencyVerifier( 1018):   -- recent events --
D/InputEventConsistencyVerifier( 1018):   1: sent at 194304000000, MotionEvent { action=ACTION_UP, id[0]=0, x[0]=276.6667, y[0]=153.33334, toolType[0]=TOOL_TYPE_UNKNOWN, buttonState=0, metaState=0, flags=0x0, edgeFlags=0x0, pointerCount=1, historySize=0, eventTime=194304, downTime=194295, deviceId=0, source=0x1002 }
D/InputEventConsistencyVerifier( 1018):   2: sent at 194296000000, MotionEvent { action=ACTION_DOWN, id[0]=0, x[0]=276.6667, y[0]=163.33334, toolType[0]=TOOL_TYPE_UNKNOWN, buttonState=0, metaState=0, flags=0x0, edgeFlags=0x0, pointerCount=1, historySize=0, eventTime=194296, downTime=194295, deviceId=0, source=0x1002 }
D/InputEventConsistencyVerifier( 1018):   3: sent at 194249000000, (unhandled) KeyEvent { action=ACTION_UP, keyCode=KEYCODE_DPAD_CENTER, scanCode=0, metaState=0, flags=0x8, repeatCount=0, eventTime=194249, downTime=194249, deviceId=-1, source=0x101 }
D/InputEventConsistencyVerifier( 1018):   4: sent at 194003000000, KeyEvent { action=ACTION_DOWN, keyCode=KEYCODE_DPAD_CENTER, scanCode=0, metaState=0, flags=0x8, repeatCount=0, eventTime=194003, downTime=194003, deviceId=-1, source=0x101 }
D/InputEventConsistencyVerifier( 1018):   5: sent at 193704000000, (unhandled) KeyEvent { action=ACTION_UP, keyCode=KEYCODE_DPAD_RIGHT, scanCode=0, metaState=0, flags=0x8, repeatCount=0, eventTime=193704, downTime=193704, deviceId=-1, source=0x101 }
E/WVMExtractor(   61): Failed to open libwvm.so
D/InputEventConsistencyVerifier( 1018): KeyEvent: ACTION_UP but key was not down.
D/InputEventConsistencyVerifier( 1018):   in android.widget.LinearLayout@b3dd27e8
D/InputEventConsistencyVerifier( 1018):   0: sent at 194879000000, KeyEvent { action=ACTION_UP, keyCode=KEYCODE_DPAD_DOWN, scanCode=0, metaState=0, flags=0x400, repeatCount=0, eventTime=194879, downTime=194879, deviceId=-1, source=0x101 }
D/InputEventConsistencyVerifier( 1018):   -- recent events --
D/InputEventConsistencyVerifier( 1018):   1: sent at 194304000000, MotionEvent { action=ACTION_UP, id[0]=0, x[0]=276.6667, y[0]=103.33334, toolType[0]=TOOL_TYPE_UNKNOWN, buttonState=0, metaState=0, flags=0x0, edgeFlags=0x0, pointerCount=1, historySize=0, eventTime=194304, downTime=194295, deviceId=0, source=0x1002 }
D/InputEventConsistencyVerifier( 1018):   2: sent at 194296000000, MotionEvent { action=ACTION_DOWN, id[0]=0, x[0]=276.6667, y[0]=113.33334, toolType[0]=TOOL_TYPE_UNKNOWN, buttonState=0, metaState=0, flags=0x0, edgeFlags=0x0, pointerCount=1, historySize=0, eventTime=194296, downTime=194295, deviceId=0, source=0x1002 }
D/InputEventConsistencyVerifier( 1018):   3: sent at 194249000000, (unhandled) KeyEvent { action=ACTION_UP, keyCode=KEYCODE_DPAD_CENTER, scanCode=0, metaState=0, flags=0x8, repeatCount=0, eventTime=194249, downTime=194249, deviceId=-1, source=0x101 }
D/InputEventConsistencyVerifier( 1018):   4: sent at 194003000000, KeyEvent { action=ACTION_DOWN, keyCode=KEYCODE_DPAD_CENTER, scanCode=0, metaState=0, flags=0x8, repeatCount=0, eventTime=194003, downTime=194003, deviceId=-1, source=0x101 }
D/InputEventConsistencyVerifier( 1018):   5: sent at 193704000000, (unhandled) KeyEvent { action=ACTION_UP, keyCode=KEYCODE_DPAD_RIGHT, scanCode=0, metaState=0, flags=0x80000008, repeatCount=0, eventTime=193704, downTime=193704, deviceId=-1, source=0x101 }
E/WVMExtractor(   61): Failed to open libwvm.so
D/InputEventConsistencyVerifier( 1018): KeyEvent: ACTION_UP but key was not down.
D/InputEventConsistencyVerifier( 1018):   in com.evilsunflower.picturepuzzle.PicView@b3ddf010
D/InputEventConsistencyVerifier( 1018):   0: sent at 194892000000, KeyEvent { action=ACTION_UP, keyCode=KEYCODE_DPAD_DOWN, scanCode=0, metaState=0, flags=0x400, repeatCount=0, eventTime=194892, downTime=194892, deviceId=-1, source=0x101 }
D/InputEventConsistencyVerifier( 1018):   -- recent events --
D/InputEventConsistencyVerifier( 1018):   1: sent at 194304000000, MotionEvent { action=ACTION_UP, id[0]=0, x[0]=276.6667, y[0]=55.333344, toolType[0]=TOOL_TYPE_UNKNOWN, buttonState=0, metaState=0, flags=0x0, edgeFlags=0x0, pointerCount=1, historySize=0, eventTime=194304, downTime=194295, deviceId=0, source=0x1002 }
D/InputEventConsistencyVerifier( 1018):   2: sent at 194296000000, MotionEvent { action=ACTION_DOWN, id[0]=0, x[0]=276.6667, y[0]=65.33334, toolType[0]=TOOL_TYPE_UNKNOWN, buttonState=0, metaState=0, flags=0x0, edgeFlags=0x0, pointerCount=1, historySize=0, eventTime=194296, downTime=194295, deviceId=0, source=0x1002 }
D/InputEventConsistencyVerifier( 1018):   3: sent at 190850000000, MotionEvent { action=ACTION_UP, id[0]=0, x[0]=43.333336, y[0]=67.33334, toolType[0]=TOOL_TYPE_UNKNOWN, buttonState=0, metaState=0, flags=0x0, edgeFlags=0x0, pointerCount=1, historySize=0, eventTime=190850, downTime=190825, deviceId=0, source=0x1002 }
D/InputEventConsistencyVerifier( 1018):   4: sent at 190826000000, MotionEvent { action=ACTION_DOWN, id[0]=0, x[0]=43.333336, y[0]=69.33334, toolType[0]=TOOL_TYPE_UNKNOWN, buttonState=0, metaState=0, flags=0x0, edgeFlags=0x0, pointerCount=1, historySize=0, eventTime=190826, downTime=190825, deviceId=0, source=0x1002 }
D/InputEventConsistencyVerifier( 1018):   5: sent at 190387000000, MotionEvent { action=ACTION_UP, id[0]=0, x[0]=286.6667, y[0]=380.0, toolType[0]=TOOL_TYPE_UNKNOWN, buttonState=0, metaState=0, flags=0x0, edgeFlags=0x0, pointerCount=1, historySize=0, eventTime=190387, downTime=190294, deviceId=0, source=0x1002 }
E/WVMExtractor(   61): Failed to open libwvm.so
D/InputEventConsistencyVerifier( 1018): KeyEvent: ACTION_UP but key was not down.
D/InputEventConsistencyVerifier( 1018):   in com.admob.android.ads.AdView@b3dd2e58
D/InputEventConsistencyVerifier( 1018):   0: sent at 194898000000, KeyEvent { action=ACTION_UP, keyCode=KEYCODE_DPAD_UP, scanCode=0, metaState=0, flags=0x400, repeatCount=0, eventTime=194898, downTime=194898, deviceId=-1, source=0x101 }
D/InputEventConsistencyVerifier( 1018):   -- recent events --
D/InputEventConsistencyVerifier( 1018):   1: sent at 194892000000, (unhandled) KeyEvent { action=ACTION_DOWN, keyCode=KEYCODE_DPAD_DOWN, scanCode=0, metaState=0, flags=0x400, repeatCount=0, eventTime=194892, downTime=194892, deviceId=-1, source=0x101 }
D/InputEventConsistencyVerifier( 1018):   2: sent at 194879000000, (unhandled) KeyEvent { action=ACTION_UP, keyCode=KEYCODE_DPAD_DOWN, scanCode=0, metaState=0, flags=0x80000400, repeatCount=0, eventTime=194879, downTime=194879, deviceId=-1, source=0x101 }
D/InputEventConsistencyVerifier( 1018):   3: sent at 194249000000, (unhandled) KeyEvent { action=ACTION_UP, keyCode=KEYCODE_DPAD_CENTER, scanCode=0, metaState=0, flags=0x8, repeatCount=0, eventTime=194249, downTime=194249, deviceId=-1, source=0x101 }
D/InputEventConsistencyVerifier( 1018):   4: sent at 194003000000, KeyEvent { action=ACTION_DOWN, keyCode=KEYCODE_DPAD_CENTER, scanCode=0, metaState=0, flags=0x8, repeatCount=0, eventTime=194003, downTime=194003, deviceId=-1, source=0x101 }
D/InputEventConsistencyVerifier( 1018):   5: sent at 193704000000, (unhandled) KeyEvent { action=ACTION_UP, keyCode=KEYCODE_DPAD_RIGHT, scanCode=0, metaState=0, flags=0x80000008, repeatCount=0, eventTime=193704, downTime=193704, deviceId=-1, source=0x101 }
E/WVMExtractor(   61): Failed to open libwvm.so
E/WVMExtractor(   61): Failed to open libwvm.so
W/PicView:onTouchEvent:( 1018): touchStartX=136,touchStartY=272
E/WVMExtractor(   61): Failed to open libwvm.so
I/Choreographer( 1018): Skipped 89 frames!  The application may be doing too much work on its main thread.
I/dalvikvm-heap( 1018): Grow heap (frag case) to 11.556MB for 1536016-byte allocation
E/WVMExtractor(   61): Failed to open libwvm.so
W/Level:newLevel:( 1018): unitWidth=106,unitHeight=177,StartX=1,StartY=-48
W/PicView:onTouchEvent:( 1018): touchStartX=66,touchStartY=159
E/WVMExtractor(   61): Failed to open libwvm.so
I/ActivityManager(  232): START {act=android.intent.action.CALL_BUTTON flg=0x10000000 cmp=com.android.contacts/.activities.DialtactsActivity u=0} from pid 1018
D/InputEventConsistencyVerifier( 1018): KeyEvent: ACTION_UP but key was not down.
D/InputEventConsistencyVerifier( 1018):   in com.android.internal.policy.impl.PhoneWindow$DecorView@b40b7bd0
D/InputEventConsistencyVerifier( 1018):   0: sent at 198267000000, KeyEvent { action=ACTION_UP, keyCode=KEYCODE_DPAD_RIGHT, scanCode=0, metaState=0, flags=0x8, repeatCount=0, eventTime=198267, downTime=198267, deviceId=-1, source=0x101 }
D/InputEventConsistencyVerifier( 1018):   -- recent events --
D/InputEventConsistencyVerifier( 1018):   1: sent at 198160000000, (unhandled) KeyEvent { action=ACTION_UP, keyCode=KEYCODE_CALL, scanCode=0, metaState=0, flags=0x8, repeatCount=0, eventTime=198160, downTime=198160, deviceId=-1, source=0x101 }
D/InputEventConsistencyVerifier( 1018):   2: sent at 197802000000, (unhandled) KeyEvent { action=ACTION_DOWN, keyCode=KEYCODE_CALL, scanCode=0, metaState=0, flags=0x8, repeatCount=0, eventTime=197802, downTime=197802, deviceId=-1, source=0x101 }
D/InputEventConsistencyVerifier( 1018):   3: sent at 197757000000, (unhandled) KeyEvent { action=ACTION_UP, keyCode=KEYCODE_DPAD_CENTER, scanCode=0, metaState=0, flags=0x8, repeatCount=0, eventTime=197757, downTime=197757, deviceId=-1, source=0x101 }
D/InputEventConsistencyVerifier( 1018):   4: sent at 197173000000, KeyEvent { action=ACTION_DOWN, keyCode=KEYCODE_DPAD_CENTER, scanCode=0, metaState=0, flags=0x8, repeatCount=0, eventTime=197173, downTime=197173, deviceId=-1, source=0x101 }
D/InputEventConsistencyVerifier( 1018):   5: sent at 196982000000, KeyEvent { action=ACTION_UP, keyCode=KEYCODE_ENTER, scanCode=0, metaState=0, flags=0x8, repeatCount=0, eventTime=196982, downTime=196982, deviceId=-1, source=0x101 }
W/InputManager(  232): Input event injection from pid 1000 failed.
E/WVMExtractor(   61): Failed to open libwvm.so
I/Choreographer( 1018): Skipped 167 frames!  The application may be doing too much work on its main thread.
W/InputMethodManagerService(  232): Window already focused, ignoring focus gain of: com.android.internal.view.IInputMethodClient$Stub$Proxy@b4147bc8 attribute=android.view.inputmethod.EditorInfo@b4147be0
E/WVMExtractor(   61): Failed to open libwvm.so
E/WVMExtractor(   61): Failed to open libwvm.so
D/InputEventConsistencyVerifier( 1018): KeyEvent: ACTION_UP but key was not down.
D/InputEventConsistencyVerifier( 1018):   in android.widget.LinearLayout@b3dd27e8
D/InputEventConsistencyVerifier( 1018):   0: sent at 199102000000, KeyEvent { action=ACTION_UP, keyCode=KEYCODE_DPAD_DOWN, scanCode=0, metaState=0, flags=0x400, repeatCount=0, eventTime=199102, downTime=199102, deviceId=-1, source=0x101 }
D/InputEventConsistencyVerifier( 1018):   -- recent events --
D/InputEventConsistencyVerifier( 1018):   1: sent at 197794000000, MotionEvent { action=ACTION_UP, id[0]=0, x[0]=69.333336, y[0]=196.66667, toolType[0]=TOOL_TYPE_UNKNOWN, buttonState=0, metaState=0, flags=0x0, edgeFlags=0x0, pointerCount=1, historySize=0, eventTime=197794, downTime=197776, deviceId=0, source=0x1002 }
D/InputEventConsistencyVerifier( 1018):   2: sent at 197776000000, MotionEvent { action=ACTION_DOWN, id[0]=0, x[0]=66.0, y[0]=207.33334, toolType[0]=TOOL_TYPE_UNKNOWN, buttonState=0, metaState=0, flags=0x0, edgeFlags=0x0, pointerCount=1, historySize=0, eventTime=197776, downTime=197776, deviceId=0, source=0x1002 }
D/InputEventConsistencyVerifier( 1018):   3: sent at 196632000000, MotionEvent { action=ACTION_UP, id[0]=0, x[0]=126.0, y[0]=315.33334, toolType[0]=TOOL_TYPE_UNKNOWN, buttonState=0, metaState=0, flags=0x0, edgeFlags=0x0, pointerCount=1, historySize=0, eventTime=196632, downTime=196464, deviceId=0, source=0x1002 }
D/InputEventConsistencyVerifier( 1018):   4: sent at 196464000000, MotionEvent { action=ACTION_DOWN, id[0]=0, x[0]=136.0, y[0]=320.6667, toolType[0]=TOOL_TYPE_UNKNOWN, buttonState=0, metaState=0, flags=0x0, edgeFlags=0x0, pointerCount=1, historySize=0, eventTime=196464, downTime=196464, deviceId=0, source=0x1002 }
D/InputEventConsistencyVerifier( 1018):   5: sent at 196386000000, (unhandled) KeyEvent { action=ACTION_UP, keyCode=KEYCODE_MENU, scanCode=0, metaState=0, flags=0x8, repeatCount=0, eventTime=196386, downTime=196386, deviceId=-1, source=0x101 }
E/WVMExtractor(   61): Failed to open libwvm.so
D/InputEventConsistencyVerifier( 1018): KeyEvent: ACTION_UP but key was not down.
D/InputEventConsistencyVerifier( 1018):   in com.evilsunflower.picturepuzzle.PicView@b3ddf010
D/InputEventConsistencyVerifier( 1018):   0: sent at 199104000000, KeyEvent { action=ACTION_UP, keyCode=KEYCODE_DPAD_DOWN, scanCode=0, metaState=0, flags=0x400, repeatCount=0, eventTime=199104, downTime=199104, deviceId=-1, source=0x101 }
D/InputEventConsistencyVerifier( 1018):   -- recent events --
D/InputEventConsistencyVerifier( 1018):   1: sent at 197794000000, MotionEvent { action=ACTION_UP, id[0]=0, x[0]=69.333336, y[0]=148.66667, toolType[0]=TOOL_TYPE_UNKNOWN, buttonState=0, metaState=0, flags=0x0, edgeFlags=0x0, pointerCount=1, historySize=0, eventTime=197794, downTime=197776, deviceId=0, source=0x1002 }
D/InputEventConsistencyVerifier( 1018):   2: sent at 197776000000, MotionEvent { action=ACTION_DOWN, id[0]=0, x[0]=66.0, y[0]=159.33334, toolType[0]=TOOL_TYPE_UNKNOWN, buttonState=0, metaState=0, flags=0x0, edgeFlags=0x0, pointerCount=1, historySize=0, eventTime=197776, downTime=197776, deviceId=0, source=0x1002 }
D/InputEventConsistencyVerifier( 1018):   3: sent at 196632000000, MotionEvent { action=ACTION_UP, id[0]=0, x[0]=126.0, y[0]=267.33334, toolType[0]=TOOL_TYPE_UNKNOWN, buttonState=0, metaState=0, flags=0x0, edgeFlags=0x0, pointerCount=1, historySize=0, eventTime=196632, downTime=196464, deviceId=0, source=0x1002 }
D/InputEventConsistencyVerifier( 1018):   4: sent at 196464000000, MotionEvent { action=ACTION_DOWN, id[0]=0, x[0]=136.0, y[0]=272.6667, toolType[0]=TOOL_TYPE_UNKNOWN, buttonState=0, metaState=0, flags=0x0, edgeFlags=0x0, pointerCount=1, historySize=0, eventTime=196464, downTime=196464, deviceId=0, source=0x1002 }
D/InputEventConsistencyVerifier( 1018):   5: sent at 194898000000, (unhandled) KeyEvent { action=ACTION_DOWN, keyCode=KEYCODE_DPAD_UP, scanCode=0, metaState=0, flags=0x400, repeatCount=0, eventTime=194898, downTime=194898, deviceId=-1, source=0x101 }
E/WVMExtractor(   61): Failed to open libwvm.so
W/PicView:onTouchEvent:( 1018): touchStartX=227,touchStartY=315
W/PicView:onTouchEvent:( 1018): touchCurrentX=254,touchCurrentY=312
E/WVMExtractor(   61): Failed to open libwvm.so
W/PicView:onTouchEvent:( 1018): touchStartX=198,touchStartY=180
W/dalvikvm(  431): DroidBox: { "FdAccess": { "path": "2f70726f632f6d656d696e666f", "id": "609685769" } }
W/DroidBox(  431): DroidBox: { "FileRW": { "operation": "read", "data": "4d656d546f74616c3a202020202020202020373438393634206b420a4d656d467265653a20202020202020202020343331353434206b420a427566666572733a20202020202020202020202035353536206b420a4361636865643a202020202020202020", "id": "609685769" } }
W/PicView:onTouchEvent:( 1018): touchCurrentX=197,touchCurrentY=181
W/dalvikvm(  431): DroidBox: { "FdAccess": { "path": "2f70726f632f6d656d696e666f", "id": "390349749" } }
W/DroidBox(  431): DroidBox: { "FileRW": { "operation": "read", "data": "4d656d546f74616c3a202020202020202020373438393634206b420a4d656d467265653a20202020202020202020343331353434206b420a427566666572733a20202020202020202020202035353536206b420a4361636865643a202020202020202020", "id": "390349749" } }
W/PicView:onTouchEvent:( 1018): touchStartX=212,touchStartY=312
D/InputEventConsistencyVerifier(  431): KeyEvent: ACTION_UP but key was not down.
D/InputEventConsistencyVerifier(  431):   in com.android.systemui.statusbar.phone.StatusBarWindowView@b3df5348
D/InputEventConsistencyVerifier(  431):   0: sent at 200359000000, KeyEvent { action=ACTION_UP, keyCode=KEYCODE_DPAD_DOWN, scanCode=0, metaState=0, flags=0x8, repeatCount=0, eventTime=200359, downTime=200359, deviceId=-1, source=0x101 }
D/InputEventConsistencyVerifier(  431):   -- recent events --
D/InputEventConsistencyVerifier(  431):   1: sent at 200270000000, MotionEvent { action=ACTION_UP, id[0]=0, x[0]=86.0, y[0]=5.0, toolType[0]=TOOL_TYPE_UNKNOWN, buttonState=0, metaState=0, flags=0x0, edgeFlags=0x0, pointerCount=1, historySize=0, eventTime=200270, downTime=200264, deviceId=0, source=0x1002 }
D/InputEventConsistencyVerifier(  431):   2: sent at 200264000000, MotionEvent { action=ACTION_DOWN, id[0]=0, x[0]=78.0, y[0]=13.0, toolType[0]=TOOL_TYPE_UNKNOWN, buttonState=0, metaState=0, flags=0x0, edgeFlags=0x0, pointerCount=1, historySize=0, eventTime=200264, downTime=200264, deviceId=0, source=0x1002 }
D/InputEventConsistencyVerifier(  431):   3: sent at 160584000000, (unhandled) KeyEvent { action=ACTION_UP, keyCode=KEYCODE_DPAD_CENTER, scanCode=0, metaState=0, flags=0x8, repeatCount=0, eventTime=160584, downTime=160584, deviceId=-1, source=0x101 }
